 :: Extracting meta information
$ 5000  `git ls-remote --heads --tags 'https://github.com/hejin1026/telnet'  2>&1`
>>> [repo] 1 branches, 0 tags
 :: Writing meta to "/home/pete/wefwefwef/docs/other/6352961533/meta.txt"
 :: Processing https://github.com/hejin1026/telnet	{rev,branch,"master","9ff099871756203eafea56d345f83de7b2e07ea9",undefined,[],[]}
 :: Fetching repo code
$ cd "/home/pete/wefwefwef/docs/other/6352961533/telnet-branch-master/telnet"
$ infinity  `curl --fail --silent --show-error --location --output 'master.zip' 'https://github.com/hejin1026/telnet/archive/master.zip'  2>&1`
$ cd "/home/pete/wefwefwef/docs/erldocs_other.git"
$ cd "/home/pete/wefwefwef/docs/other/6352961533/telnet-branch-master/telnet"
$ 5000  `find -P . -type l -delete  2>&1`
$ cd "/home/pete/wefwefwef/docs/erldocs_other.git"
$ cd "/home/pete/wefwefwef/docs/other/6352961533/telnet-branch-master/telnet"
$ 5000  `find 'telnet-master' -mindepth 1 -maxdepth 1 -exec mv -t . -- {} +  2>&1`
$ cd "/home/pete/wefwefwef/docs/erldocs_other.git"
 :: Getting dependencies
$ cd "/home/pete/wefwefwef/docs/other/6352961533/telnet-branch-master/telnet"
$ 5000  `ls -1 deps/  2>&1`
$ cd "/home/pete/wefwefwef/docs/erldocs_other.git"
>>> [rebar] deps = []
 :: Generating erldocs into /home/pete/wefwefwef/docs/other/6352961533/repo/master
Building telnet
Generating Type Specs - "/home/pete/wefwefwef/docs/other/6352961533/telnet-branch-master/telnet/src/telnet.erl"
/home/pete/wefwefwef/docs/other/6352961533/telnet-branch-master/telnet/src/telnet.erl: at line 17: can't find include lib "elog/include/elog.hrl"
EDoc could not process file '/home/pete/wefwefwef/docs/other/6352961533/telnet-branch-master/telnet/src/telnet.erl'
Error generating type specs for "/home/pete/wefwefwef/docs/other/6352961533/telnet-branch-master/telnet/src/telnet.erl"
Generating Type Specs - "/home/pete/wefwefwef/docs/other/6352961533/telnet-branch-master/telnet/src/telnet_client.erl"
/home/pete/wefwefwef/docs/other/6352961533/telnet-branch-master/telnet/src/telnet_client.erl: at line 38: can't find include lib "elog/include/elog.hrl"
EDoc could not process file '/home/pete/wefwefwef/docs/other/6352961533/telnet-branch-master/telnet/src/telnet_client.erl'
Error generating type specs for "/home/pete/wefwefwef/docs/other/6352961533/telnet-branch-master/telnet/src/telnet_client.erl"
Generating Type Specs - "/home/pete/wefwefwef/docs/other/6352961533/telnet-branch-master/telnet/src/telnet_mod.erl"
EDoc could not process file '/home/pete/wefwefwef/docs/other/6352961533/telnet-branch-master/telnet/src/telnet_mod.erl'
Error generating type specs for "/home/pete/wefwefwef/docs/other/6352961533/telnet-branch-master/telnet/src/telnet_mod.erl"
Generating XML for application telnet "/home/pete/wefwefwef/docs/other/6352961533/telnet-branch-master/telnet" -> "/home/pete/wefwefwef/docs/other/6352961533/repo/master/.xml/telnet"
/home/pete/wefwefwef/docs/other/6352961533/telnet-branch-master/telnet/src/plugins/sw_telnet.erl: at line 9: can't find include lib "elog/include/elog.hrl"
edoc: skipping source file '/home/pete/wefwefwef/docs/other/6352961533/telnet-branch-master/telnet/src/plugins/sw_telnet.erl': {'EXIT',
                                                                                                                          error}.
/home/pete/wefwefwef/docs/other/6352961533/telnet-branch-master/telnet/src/plugins/unix_telnet.erl, function get_prompt_regexp/0: at line 15: error in XML parser: {system_limit,[{ets,new,[rules,[set|...]],[]},
                                    {xmerl_scan,initial_state,2,[{...}|...]},
                                    {xmerl_scan,int_string,4,[...]},
                                    {xmerl_scan,string,2,...},
                                    {edoc_wiki,parse_xml_1,...},
                                    {edoc_wiki,...},
                                    {...}|...]}.
edoc: skipping source file '/home/pete/wefwefwef/docs/other/6352961533/telnet-branch-master/telnet/src/plugins/unix_telnet.erl': {'EXIT',
                                                                                                                            error}.
/home/pete/wefwefwef/docs/other/6352961533/telnet-branch-master/telnet/src/plugins/olt_huawei_telnet.erl: at line 11: can't find include lib "elog/include/elog.hrl"
edoc: skipping source file '/home/pete/wefwefwef/docs/other/6352961533/telnet-branch-master/telnet/src/plugins/olt_huawei_telnet.erl': {'EXIT',
                                                                                                                                  error}.
/home/pete/wefwefwef/docs/other/6352961533/telnet-branch-master/telnet/src/plugins/ac_telnet.erl, function get_prompt_regexp/0: at line 14: error in XML parser: {system_limit,[{ets,new,[rules,[set|...]],[]},
                                    {xmerl_scan,initial_state,2,[{...}|...]},
                                    {xmerl_scan,int_string,4,[...]},
                                    {xmerl_scan,string,2,...},
                                    {edoc_wiki,parse_xml_1,...},
                                    {edoc_wiki,...},
                                    {...}|...]}.
edoc: skipping source file '/home/pete/wefwefwef/docs/other/6352961533/telnet-branch-master/telnet/src/plugins/ac_telnet.erl': {'EXIT',
                                                                                                                          error}.
/home/pete/wefwefwef/docs/other/6352961533/telnet-branch-master/telnet/src/plugins/olt_zte_telnet.erl: at line 11: can't find include lib "elog/include/elog.hrl"
edoc: skipping source file '/home/pete/wefwefwef/docs/other/6352961533/telnet-branch-master/telnet/src/plugins/olt_zte_telnet.erl': {'EXIT',
                                                                                                                               error}.
/home/pete/wefwefwef/docs/other/6352961533/telnet-branch-master/telnet/src/plugins/autelan_telnet.erl, function get_prompt_regexp/0: at line 22: error in XML parser: {system_limit,[{ets,new,[rules,[set|...]],[]},
                                    {xmerl_scan,initial_state,2,[{...}|...]},
                                    {xmerl_scan,int_string,4,[...]},
                                    {xmerl_scan,string,2,...},
                                    {edoc_wiki,parse_xml_1,...},
                                    {edoc_wiki,...},
                                    {...}|...]}.
edoc: skipping source file '/home/pete/wefwefwef/docs/other/6352961533/telnet-branch-master/telnet/src/plugins/autelan_telnet.erl': {'EXIT',
                                                                                                                               error}.
/home/pete/wefwefwef/docs/other/6352961533/telnet-branch-master/telnet/src/telnet_client.erl: at line 38: can't find include lib "elog/include/elog.hrl"
edoc: skipping source file '/home/pete/wefwefwef/docs/other/6352961533/telnet-branch-master/telnet/src/telnet_client.erl': {'EXIT',
                                                                                                                      error}.
/home/pete/wefwefwef/docs/other/6352961533/telnet-branch-master/telnet/src/telnet.erl: at line 17: can't find include lib "elog/include/elog.hrl"
edoc: skipping source file '/home/pete/wefwefwef/docs/other/6352961533/telnet-branch-master/telnet/src/telnet.erl': {'EXIT',
                                                                                                               error}.
edoc: skipping source file '/home/pete/wefwefwef/docs/other/6352961533/telnet-branch-master/telnet/src/telnet_mod.erl': {'EXIT',
                                                                                                                   {system_limit,
                                                                                                                    [{ets,
                                                                                                                      new,
                                                                                                                      [etypes,
                                                                                                                       [ordered_set]],
                                                                                                                      []},
                                                                                                                     {edoc_specs,
                                                                                                                      add_data,
                                                                                                                      4,
                                                                                                                      [{file,
                                                                                                                        "edoc_specs.erl"},
                                                                                                                       {line,
                                                                                                                        109}]},
                                                                                                                     {edoc_extract,
                                                                                                                      source1,
                                                                                                                      5,
                                                                                                                      [{file,
                                                                                                                        [...]},
                                                                                                                       {line,...}]},
                                                                                                                     {edoc_doclet,
                                                                                                                      source,
                                                                                                                      9,
                                                                                                                      [{file,...},
                                                                                                                       {...}]},
                                                                                                                     {lists,
                                                                                                                      foldl,
                                                                                                                      3,
                                                                                                                      [{...}|...]},
                                                                                                                     {edoc_doclet,
                                                                                                                      sources,
                                                                                                                      5,
                                                                                                                      [...]},
                                                                                                                     {edoc_doclet,
                                                                                                                      gen,
                                                                                                                      6,...},
                                                                                                                     {edoc_lib,
                                                                                                                      run_plugin,...}]}}.
edoc: error in doclet 'edoc_doclet': {'EXIT',error}.
Error generating telnet XMLs. Using fallback ...
Generating XML telnet - telnet "/home/pete/wefwefwef/docs/other/6352961533/telnet-branch-master/telnet/src/telnet.erl" -> "/home/pete/wefwefwef/docs/other/6352961533/repo/master/.xml/telnet/telnet.xml"
/home/pete/wefwefwef/docs/other/6352961533/telnet-branch-master/telnet/src/telnet.erl: at line 17: can't find include lib "elog/include/elog.hrl"
Error generating XML ("/home/pete/wefwefwef/docs/other/6352961533/telnet-branch-master/telnet/src/telnet.erl"): {'EXIT',
                                                                                                                 error}
Generating XML telnet - telnet_client "/home/pete/wefwefwef/docs/other/6352961533/telnet-branch-master/telnet/src/telnet_client.erl" -> "/home/pete/wefwefwef/docs/other/6352961533/repo/master/.xml/telnet/telnet_client.xml"
/home/pete/wefwefwef/docs/other/6352961533/telnet-branch-master/telnet/src/telnet_client.erl: at line 38: can't find include lib "elog/include/elog.hrl"
Error generating XML ("/home/pete/wefwefwef/docs/other/6352961533/telnet-branch-master/telnet/src/telnet_client.erl"): {'EXIT',
                                                                                                                        error}
Generating XML telnet - telnet_mod "/home/pete/wefwefwef/docs/other/6352961533/telnet-branch-master/telnet/src/telnet_mod.erl" -> "/home/pete/wefwefwef/docs/other/6352961533/repo/master/.xml/telnet/telnet_mod.xml"
Error generating XML ("/home/pete/wefwefwef/docs/other/6352961533/telnet-branch-master/telnet/src/telnet_mod.erl"): {'EXIT',
                                                                                                                     {system_limit,
                                                                                                                      [{ets,
                                                                                                                        new,
                                                                                                                        [etypes,
                                                                                                                         [ordered_set]],
                                                                                                                        []},
                                                                                                                       {edoc_specs,
                                                                                                                        add_data,
                                                                                                                        4,
                                                                                                                        [{file,
                                                                                                                          "edoc_specs.erl"},
                                                                                                                         {line,
                                                                                                                          109}]},
                                                                                                                       {edoc_extract,
                                                                                                                        source1,
                                                                                                                        5,
                                                                                                                        [{file,
                                                                                                                          "edoc_extract.erl"},
                                                                                                                         {line,
                                                                                                                          130}]},
                                                                                                                       {edoc,
                                                                                                                        read,
                                                                                                                        2,
                                                                                                                        [{file,
                                                                                                                          "edoc.erl"},
                                                                                                                         {line,
                                                                                                                          538}]},
                                                                                                                       {edoc,
                                                                                                                        file,
                                                                                                                        2,
                                                                                                                        [{file,
                                                                                                                          "edoc.erl"},
                                                                                                                         {line,
                                                                                                                          116}]},
                                                                                                                       {erldocs_core,
                                                                                                                        '-gen_docsrc/4-fun-1-',
                                                                                                                        5,
                                                                                                                        [{file,
                                                                                                                          "src/erldocs_core.erl"},
                                                                                                                         {line,
                                                                                                                          204}]},
                                                                                                                       {lists,
                                                                                                                        foldl,
                                                                                                                        3,
                                                                                                                        [{file,
                                                                                                                          "lists.erl"},
                                                                                                                         {line,
                                                                                                                          1261}]},
                                                                                                                       {erldocs_core,
                                                                                                                        tmp_cd,
                                                                                                                        2,
                                                                                                                        [{file,
                                                                                                                          "src/erldocs_core.erl"},
                                                                                                                         {line,
                                                                                                                          227}]}]}}
No documentation was generated!
Woot, finished in 0 Minutes 0 Seconds
 :: Discovering other repos
$ 5000  `rm -r '/home/pete/wefwefwef/docs/other/6352961533/telnet-branch-master'  2>&1`
 :: Finishing up
$ 5000  `rm -r '/home/pete/wefwefwef/docs/other/6352961533/telnet'  2>&1`
$ 5000  `rm -r '/home/pete/wefwefwef/docs/other/6352961533/repo/master'  2>&1`
