 :: Extracting meta information
$ 5000  `git ls-remote --heads --tags 'https://github.com/romanshestakov/erlhdf5'  2>&1`
>>> [repo] 1 branches, 0 tags
 :: Writing meta to "/home/pete/wefwefwef/docs/other/7805914034/meta.txt"
 :: Processing https://github.com/romanshestakov/erlhdf5	{rev,branch,"master","b509ffcd32dfa4d0babe52ca78015cbfe76e4af7",undefined,[],[]}
 :: Fetching repo code
$ cd "/home/pete/wefwefwef/docs/other/7805914034/erlhdf5-branch-master/erlhdf5"
$ infinity  `curl --fail --silent --show-error --location --output 'master.zip' 'https://github.com/romanshestakov/erlhdf5/archive/master.zip'  2>&1`
$ cd "/home/pete/wefwefwef/docs/erldocs_other.git"
$ cd "/home/pete/wefwefwef/docs/other/7805914034/erlhdf5-branch-master/erlhdf5"
$ 5000  `find -P . -type l -delete  2>&1`
$ cd "/home/pete/wefwefwef/docs/erldocs_other.git"
$ cd "/home/pete/wefwefwef/docs/other/7805914034/erlhdf5-branch-master/erlhdf5"
$ 5000  `find 'erlhdf5-master' -mindepth 1 -maxdepth 1 -exec mv -t . -- {} +  2>&1`
$ cd "/home/pete/wefwefwef/docs/erldocs_other.git"
 :: Getting dependencies
$ cd "/home/pete/wefwefwef/docs/other/7805914034/erlhdf5-branch-master/erlhdf5"
$ 5000  `ls -1 deps/  2>&1`
$ cd "/home/pete/wefwefwef/docs/erldocs_other.git"
>>> [rebar] deps = []
 :: Generating erldocs into /home/pete/wefwefwef/docs/other/7805914034/repo/master
Building erlhdf5
Generating Type Specs - "/home/pete/wefwefwef/docs/other/7805914034/erlhdf5-branch-master/erlhdf5/src/erlhdf5.erl"
Generating XML for application erlhdf5 "/home/pete/wefwefwef/docs/other/7805914034/erlhdf5-branch-master/erlhdf5" -> "/home/pete/wefwefwef/docs/other/7805914034/repo/master/.xml/erlhdf5"
Generated erlhdf5 XMLs: ["/home/pete/wefwefwef/docs/other/7805914034/repo/master/.xml/erlhdf5/erlhdf5.xml"]
Generating HTML - erlhdf5 "/home/pete/wefwefwef/docs/other/7805914034/repo/master/.xml/erlhdf5/erlhdf5.xml"
Reading XML for "/home/pete/wefwefwef/docs/other/7805914034/repo/master/.xml/erlhdf5/erlhdf5.xml"
Reading XML for "/home/pete/wefwefwef/docs/other/7805914034/repo/master/.xml/specs_erlhdf5.xml"
Creating index.html ...
Creating erldocs_index.js ...
Woot, finished in 0 Minutes 0 Seconds
 :: Discovering other repos
$ 5000  `rm -r '/home/pete/wefwefwef/docs/other/7805914034/erlhdf5-branch-master'  2>&1`
 :: Finishing up
$ 5000  `rm -r '/home/pete/wefwefwef/docs/other/7805914034/erlhdf5'  2>&1`
