 :: Extracting meta information
$ 5000  `git ls-remote --heads --tags 'https://github.com/hashnuke/stylish'  2>&1`
>>> [repo] 3 branches, 2 tags
 :: Writing meta to "/home/pete/wefwefwef/docs/other/689365613/meta.txt"
 :: Processing https://github.com/hashnuke/stylish	{rev,tag,"v0.1.2","2f330b7b4422bf97931187231e80c053d47c53d2"}
 :: Fetching repo code
$ cd "/home/pete/wefwefwef/docs/other/689365613/stylish-tag-v0.1.2/stylish"
$ infinity  `curl --fail --silent --show-error --location --output 'v0.1.2.zip' 'https://github.com/hashnuke/stylish/archive/v0.1.2.zip'  2>&1`
$ cd "/home/pete/wefwefwef/docs/erldocs_other.git"
$ cd "/home/pete/wefwefwef/docs/other/689365613/stylish-tag-v0.1.2/stylish"
$ 5000  `find -P . -type l -delete  2>&1`
$ cd "/home/pete/wefwefwef/docs/erldocs_other.git"
$ cd "/home/pete/wefwefwef/docs/other/689365613/stylish-tag-v0.1.2/stylish"
$ 5000  `find 'stylish-0.1.2' -mindepth 1 -maxdepth 1 -exec mv -t . -- {} +  2>&1`
$ cd "/home/pete/wefwefwef/docs/erldocs_other.git"
 :: Getting dependencies
$ cd "/home/pete/wefwefwef/docs/other/689365613/stylish-tag-v0.1.2/stylish"
$ infinity  `rebar --config '/home/pete/wefwefwef/docs/other/689365613/stylish-tag-v0.1.2/rebar_deps' get-deps  2>&1`
$ cd "/home/pete/wefwefwef/docs/erldocs_other.git"
$ cd "/home/pete/wefwefwef/docs/other/689365613/stylish-tag-v0.1.2/stylish"
$ 5000  `find -P . -type l -delete  2>&1`
$ cd "/home/pete/wefwefwef/docs/erldocs_other.git"
$ cd "/home/pete/wefwefwef/docs/other/689365613/stylish-tag-v0.1.2/stylish"
$ 5000  `ls -1 deps/  2>&1`
$ cd "/home/pete/wefwefwef/docs/erldocs_other.git"
>>> [rebar] deps = ["exec"]
$ cd "/home/pete/wefwefwef/docs/other/689365613/stylish-tag-v0.1.2/stylish"
$ infinity  `git submodule update --init --recursive  2>&1`
$ cd "/home/pete/wefwefwef/docs/erldocs_other.git"
 :: Generating erldocs into /home/pete/wefwefwef/docs/other/689365613/repo/v0.1.2
Building stylish
Generating Type Specs - "/home/pete/wefwefwef/docs/other/689365613/stylish-tag-v0.1.2/stylish/src/stylish.erl"
Generating Type Specs - "/home/pete/wefwefwef/docs/other/689365613/stylish-tag-v0.1.2/stylish/src/stylish_sup.erl"
Generating XML for application stylish "/home/pete/wefwefwef/docs/other/689365613/stylish-tag-v0.1.2/stylish" -> "/home/pete/wefwefwef/docs/other/689365613/repo/v0.1.2/.xml/stylish"
Generated stylish XMLs: ["/home/pete/wefwefwef/docs/other/689365613/repo/v0.1.2/.xml/stylish/stylish_sup.xml",
                         "/home/pete/wefwefwef/docs/other/689365613/repo/v0.1.2/.xml/stylish/stylish.xml"]
Generating HTML - stylish "/home/pete/wefwefwef/docs/other/689365613/repo/v0.1.2/.xml/stylish/stylish.xml"
Reading XML for "/home/pete/wefwefwef/docs/other/689365613/repo/v0.1.2/.xml/stylish/stylish.xml"
Reading XML for "/home/pete/wefwefwef/docs/other/689365613/repo/v0.1.2/.xml/specs_stylish.xml"
Generating HTML - stylish_sup "/home/pete/wefwefwef/docs/other/689365613/repo/v0.1.2/.xml/stylish/stylish_sup.xml"
Reading XML for "/home/pete/wefwefwef/docs/other/689365613/repo/v0.1.2/.xml/stylish/stylish_sup.xml"
Reading XML for "/home/pete/wefwefwef/docs/other/689365613/repo/v0.1.2/.xml/specs_stylish_sup.xml"
Creating index.html ...
Creating erldocs_index.js ...
Woot, finished in 0 Minutes 0 Seconds
 :: Discovering other repos
$ 5000  `rm -r '/home/pete/wefwefwef/docs/other/689365613/stylish-tag-v0.1.2'  2>&1`
 :: Processing https://github.com/hashnuke/stylish	{rev,tag,"v0.2.0","f502b81a7ef778c674129a5af94dceff204db620"}
 :: Fetching repo code
$ cd "/home/pete/wefwefwef/docs/other/689365613/stylish-tag-v0.2.0/stylish"
$ infinity  `curl --fail --silent --show-error --location --output 'v0.2.0.zip' 'https://github.com/hashnuke/stylish/archive/v0.2.0.zip'  2>&1`
$ cd "/home/pete/wefwefwef/docs/erldocs_other.git"
$ cd "/home/pete/wefwefwef/docs/other/689365613/stylish-tag-v0.2.0/stylish"
$ 5000  `find -P . -type l -delete  2>&1`
$ cd "/home/pete/wefwefwef/docs/erldocs_other.git"
$ cd "/home/pete/wefwefwef/docs/other/689365613/stylish-tag-v0.2.0/stylish"
$ 5000  `find 'stylish-0.2.0' -mindepth 1 -maxdepth 1 -exec mv -t . -- {} +  2>&1`
$ cd "/home/pete/wefwefwef/docs/erldocs_other.git"
 :: Getting dependencies
$ cd "/home/pete/wefwefwef/docs/other/689365613/stylish-tag-v0.2.0/stylish"
$ infinity  `rebar --config '/home/pete/wefwefwef/docs/other/689365613/stylish-tag-v0.2.0/rebar_deps' get-deps  2>&1`
$ cd "/home/pete/wefwefwef/docs/erldocs_other.git"
$ cd "/home/pete/wefwefwef/docs/other/689365613/stylish-tag-v0.2.0/stylish"
$ 5000  `find -P . -type l -delete  2>&1`
$ cd "/home/pete/wefwefwef/docs/erldocs_other.git"
$ cd "/home/pete/wefwefwef/docs/other/689365613/stylish-tag-v0.2.0/stylish"
$ 5000  `ls -1 deps/  2>&1`
$ cd "/home/pete/wefwefwef/docs/erldocs_other.git"
>>> [rebar] deps = ["exec"]
$ cd "/home/pete/wefwefwef/docs/other/689365613/stylish-tag-v0.2.0/stylish"
$ infinity  `git submodule update --init --recursive  2>&1`
$ cd "/home/pete/wefwefwef/docs/erldocs_other.git"
 :: Generating erldocs into /home/pete/wefwefwef/docs/other/689365613/repo/v0.2.0
Building stylish
Generating Type Specs - "/home/pete/wefwefwef/docs/other/689365613/stylish-tag-v0.2.0/stylish/src/stylish.erl"
Generating Type Specs - "/home/pete/wefwefwef/docs/other/689365613/stylish-tag-v0.2.0/stylish/src/stylish_sup.erl"
Generating XML for application stylish "/home/pete/wefwefwef/docs/other/689365613/stylish-tag-v0.2.0/stylish" -> "/home/pete/wefwefwef/docs/other/689365613/repo/v0.2.0/.xml/stylish"
Generated stylish XMLs: ["/home/pete/wefwefwef/docs/other/689365613/repo/v0.2.0/.xml/stylish/stylish_sup.xml",
                         "/home/pete/wefwefwef/docs/other/689365613/repo/v0.2.0/.xml/stylish/stylish.xml"]
Generating HTML - stylish "/home/pete/wefwefwef/docs/other/689365613/repo/v0.2.0/.xml/stylish/stylish.xml"
Reading XML for "/home/pete/wefwefwef/docs/other/689365613/repo/v0.2.0/.xml/stylish/stylish.xml"
Reading XML for "/home/pete/wefwefwef/docs/other/689365613/repo/v0.2.0/.xml/specs_stylish.xml"
Generating HTML - stylish_sup "/home/pete/wefwefwef/docs/other/689365613/repo/v0.2.0/.xml/stylish/stylish_sup.xml"
Reading XML for "/home/pete/wefwefwef/docs/other/689365613/repo/v0.2.0/.xml/stylish/stylish_sup.xml"
Reading XML for "/home/pete/wefwefwef/docs/other/689365613/repo/v0.2.0/.xml/specs_stylish_sup.xml"
Creating index.html ...
Creating erldocs_index.js ...
Woot, finished in 0 Minutes 0 Seconds
 :: Discovering other repos
$ 5000  `rm -r '/home/pete/wefwefwef/docs/other/689365613/stylish-tag-v0.2.0'  2>&1`
 :: Processing https://github.com/hashnuke/stylish	{rev,branch,"command_options","672298ad8ec9b4680a180cf3997da41cd5f7398e"}
 :: Fetching repo code
$ cd "/home/pete/wefwefwef/docs/other/689365613/stylish-branch-command_options/stylish"
$ infinity  `curl --fail --silent --show-error --location --output 'command_options.zip' 'https://github.com/hashnuke/stylish/archive/command_options.zip'  2>&1`
$ cd "/home/pete/wefwefwef/docs/erldocs_other.git"
$ cd "/home/pete/wefwefwef/docs/other/689365613/stylish-branch-command_options/stylish"
$ 5000  `find -P . -type l -delete  2>&1`
$ cd "/home/pete/wefwefwef/docs/erldocs_other.git"
$ cd "/home/pete/wefwefwef/docs/other/689365613/stylish-branch-command_options/stylish"
$ 5000  `find 'stylish-command_options' -mindepth 1 -maxdepth 1 -exec mv -t . -- {} +  2>&1`
$ cd "/home/pete/wefwefwef/docs/erldocs_other.git"
 :: Getting dependencies
$ cd "/home/pete/wefwefwef/docs/other/689365613/stylish-branch-command_options/stylish"
$ 5000  `ls -1 deps/  2>&1`
$ cd "/home/pete/wefwefwef/docs/erldocs_other.git"
>>> [rebar] deps = []
$ cd "/home/pete/wefwefwef/docs/other/689365613/stylish-branch-command_options/stylish"
$ infinity  `git submodule update --init --recursive  2>&1`
$ cd "/home/pete/wefwefwef/docs/erldocs_other.git"
 :: Generating erldocs into /home/pete/wefwefwef/docs/other/689365613/repo/command_options
Building stylish
Generating Type Specs - "/home/pete/wefwefwef/docs/other/689365613/stylish-branch-command_options/stylish/src/stylish.erl"
Generating Type Specs - "/home/pete/wefwefwef/docs/other/689365613/stylish-branch-command_options/stylish/src/stylish_sup.erl"
Generating XML for application stylish "/home/pete/wefwefwef/docs/other/689365613/stylish-branch-command_options/stylish" -> "/home/pete/wefwefwef/docs/other/689365613/repo/command_options/.xml/stylish"
Generated stylish XMLs: ["/home/pete/wefwefwef/docs/other/689365613/repo/command_options/.xml/stylish/stylish_sup.xml",
                         "/home/pete/wefwefwef/docs/other/689365613/repo/command_options/.xml/stylish/stylish.xml"]
Generating HTML - stylish "/home/pete/wefwefwef/docs/other/689365613/repo/command_options/.xml/stylish/stylish.xml"
Reading XML for "/home/pete/wefwefwef/docs/other/689365613/repo/command_options/.xml/stylish/stylish.xml"
Reading XML for "/home/pete/wefwefwef/docs/other/689365613/repo/command_options/.xml/specs_stylish.xml"
Generating HTML - stylish_sup "/home/pete/wefwefwef/docs/other/689365613/repo/command_options/.xml/stylish/stylish_sup.xml"
Reading XML for "/home/pete/wefwefwef/docs/other/689365613/repo/command_options/.xml/stylish/stylish_sup.xml"
Reading XML for "/home/pete/wefwefwef/docs/other/689365613/repo/command_options/.xml/specs_stylish_sup.xml"
Creating index.html ...
Creating erldocs_index.js ...
Woot, finished in 0 Minutes 0 Seconds
 :: Discovering other repos
$ 5000  `rm -r '/home/pete/wefwefwef/docs/other/689365613/stylish-branch-command_options'  2>&1`
 :: Processing https://github.com/hashnuke/stylish	{rev,branch,"improving_port","bab04bf661b84113c8ddd512a2d2274c83315af7"}
 :: Fetching repo code
$ cd "/home/pete/wefwefwef/docs/other/689365613/stylish-branch-improving_port/stylish"
$ infinity  `curl --fail --silent --show-error --location --output 'improving_port.zip' 'https://github.com/hashnuke/stylish/archive/improving_port.zip'  2>&1`
$ cd "/home/pete/wefwefwef/docs/erldocs_other.git"
$ cd "/home/pete/wefwefwef/docs/other/689365613/stylish-branch-improving_port/stylish"
$ 5000  `find -P . -type l -delete  2>&1`
$ cd "/home/pete/wefwefwef/docs/erldocs_other.git"
$ cd "/home/pete/wefwefwef/docs/other/689365613/stylish-branch-improving_port/stylish"
$ 5000  `find 'stylish-improving_port' -mindepth 1 -maxdepth 1 -exec mv -t . -- {} +  2>&1`
$ cd "/home/pete/wefwefwef/docs/erldocs_other.git"
 :: Getting dependencies
$ cd "/home/pete/wefwefwef/docs/other/689365613/stylish-branch-improving_port/stylish"
$ 5000  `ls -1 deps/  2>&1`
$ cd "/home/pete/wefwefwef/docs/erldocs_other.git"
>>> [rebar] deps = []
 :: Generating erldocs into /home/pete/wefwefwef/docs/other/689365613/repo/improving_port
Building stylish
Generating Type Specs - "/home/pete/wefwefwef/docs/other/689365613/stylish-branch-improving_port/stylish/src/complex1.erl"
Generating Type Specs - "/home/pete/wefwefwef/docs/other/689365613/stylish-branch-improving_port/stylish/src/stylish_app.erl"
Generating Type Specs - "/home/pete/wefwefwef/docs/other/689365613/stylish-branch-improving_port/stylish/src/stylish_sup.erl"
Generating XML for application stylish "/home/pete/wefwefwef/docs/other/689365613/stylish-branch-improving_port/stylish" -> "/home/pete/wefwefwef/docs/other/689365613/repo/improving_port/.xml/stylish"
Generated stylish XMLs: ["/home/pete/wefwefwef/docs/other/689365613/repo/improving_port/.xml/stylish/stylish_app.xml",
                         "/home/pete/wefwefwef/docs/other/689365613/repo/improving_port/.xml/stylish/stylish_sup.xml",
                         "/home/pete/wefwefwef/docs/other/689365613/repo/improving_port/.xml/stylish/complex1.xml"]
Generating HTML - complex1 "/home/pete/wefwefwef/docs/other/689365613/repo/improving_port/.xml/stylish/complex1.xml"
Reading XML for "/home/pete/wefwefwef/docs/other/689365613/repo/improving_port/.xml/stylish/complex1.xml"
Reading XML for "/home/pete/wefwefwef/docs/other/689365613/repo/improving_port/.xml/specs_complex1.xml"
Generating HTML - stylish_sup "/home/pete/wefwefwef/docs/other/689365613/repo/improving_port/.xml/stylish/stylish_sup.xml"
Reading XML for "/home/pete/wefwefwef/docs/other/689365613/repo/improving_port/.xml/stylish/stylish_sup.xml"
Reading XML for "/home/pete/wefwefwef/docs/other/689365613/repo/improving_port/.xml/specs_stylish_sup.xml"
Generating HTML - stylish_app "/home/pete/wefwefwef/docs/other/689365613/repo/improving_port/.xml/stylish/stylish_app.xml"
Reading XML for "/home/pete/wefwefwef/docs/other/689365613/repo/improving_port/.xml/stylish/stylish_app.xml"
Reading XML for "/home/pete/wefwefwef/docs/other/689365613/repo/improving_port/.xml/specs_stylish_app.xml"
Creating index.html ...
Creating erldocs_index.js ...
Woot, finished in 0 Minutes 0 Seconds
 :: Discovering other repos
$ 5000  `rm -r '/home/pete/wefwefwef/docs/other/689365613/stylish-branch-improving_port'  2>&1`
 :: Processing https://github.com/hashnuke/stylish	{rev,branch,"master","f502b81a7ef778c674129a5af94dceff204db620"}
 :: Fetching repo code
$ cd "/home/pete/wefwefwef/docs/other/689365613/stylish-branch-master/stylish"
$ infinity  `curl --fail --silent --show-error --location --output 'master.zip' 'https://github.com/hashnuke/stylish/archive/master.zip'  2>&1`
$ cd "/home/pete/wefwefwef/docs/erldocs_other.git"
$ cd "/home/pete/wefwefwef/docs/other/689365613/stylish-branch-master/stylish"
$ 5000  `find -P . -type l -delete  2>&1`
$ cd "/home/pete/wefwefwef/docs/erldocs_other.git"
$ cd "/home/pete/wefwefwef/docs/other/689365613/stylish-branch-master/stylish"
$ 5000  `find 'stylish-master' -mindepth 1 -maxdepth 1 -exec mv -t . -- {} +  2>&1`
$ cd "/home/pete/wefwefwef/docs/erldocs_other.git"
 :: Getting dependencies
$ cd "/home/pete/wefwefwef/docs/other/689365613/stylish-branch-master/stylish"
$ infinity  `rebar --config '/home/pete/wefwefwef/docs/other/689365613/stylish-branch-master/rebar_deps' get-deps  2>&1`
$ cd "/home/pete/wefwefwef/docs/erldocs_other.git"
$ cd "/home/pete/wefwefwef/docs/other/689365613/stylish-branch-master/stylish"
$ 5000  `find -P . -type l -delete  2>&1`
$ cd "/home/pete/wefwefwef/docs/erldocs_other.git"
$ cd "/home/pete/wefwefwef/docs/other/689365613/stylish-branch-master/stylish"
$ 5000  `ls -1 deps/  2>&1`
$ cd "/home/pete/wefwefwef/docs/erldocs_other.git"
>>> [rebar] deps = ["exec"]
$ cd "/home/pete/wefwefwef/docs/other/689365613/stylish-branch-master/stylish"
$ infinity  `git submodule update --init --recursive  2>&1`
$ cd "/home/pete/wefwefwef/docs/erldocs_other.git"
 :: Generating erldocs into /home/pete/wefwefwef/docs/other/689365613/repo/master
Building stylish
Generating Type Specs - "/home/pete/wefwefwef/docs/other/689365613/stylish-branch-master/stylish/src/stylish.erl"
Generating Type Specs - "/home/pete/wefwefwef/docs/other/689365613/stylish-branch-master/stylish/src/stylish_sup.erl"
Generating XML for application stylish "/home/pete/wefwefwef/docs/other/689365613/stylish-branch-master/stylish" -> "/home/pete/wefwefwef/docs/other/689365613/repo/master/.xml/stylish"
Generated stylish XMLs: ["/home/pete/wefwefwef/docs/other/689365613/repo/master/.xml/stylish/stylish_sup.xml",
                         "/home/pete/wefwefwef/docs/other/689365613/repo/master/.xml/stylish/stylish.xml"]
Generating HTML - stylish "/home/pete/wefwefwef/docs/other/689365613/repo/master/.xml/stylish/stylish.xml"
Reading XML for "/home/pete/wefwefwef/docs/other/689365613/repo/master/.xml/stylish/stylish.xml"
Reading XML for "/home/pete/wefwefwef/docs/other/689365613/repo/master/.xml/specs_stylish.xml"
Generating HTML - stylish_sup "/home/pete/wefwefwef/docs/other/689365613/repo/master/.xml/stylish/stylish_sup.xml"
Reading XML for "/home/pete/wefwefwef/docs/other/689365613/repo/master/.xml/stylish/stylish_sup.xml"
Reading XML for "/home/pete/wefwefwef/docs/other/689365613/repo/master/.xml/specs_stylish_sup.xml"
Creating index.html ...
Creating erldocs_index.js ...
Woot, finished in 0 Minutes 0 Seconds
 :: Discovering other repos
$ 5000  `rm -r '/home/pete/wefwefwef/docs/other/689365613/stylish-branch-master'  2>&1`
 :: Erldocs finishing up
$ 5000  `rm -r '/home/pete/wefwefwef/docs/other/689365613/stylish'  2>&1`
