 :: Extracting meta information
$ infinity  `git ls-remote --heads --tags 'https://github.com/basho/poolboy'  2>&1`
>>> [repo] 8 branches, 13 tags
 :: Writing meta to "/home/pete/wefwefwef/docs/other/410c467cc1e38393a7404fb48e4daff0/meta.txt"
 :: Processing https://github.com/basho/poolboy	{rev,branch,"merge_pb_1_3","61941977b04b15a2aaeea0e88ee4ae35337f148a",undefined,[],[]}
 :: Fetching repo code
$ cd '/home/pete/wefwefwef/docs/other/410c467cc1e38393a7404fb48e4daff0/poolboy-branch-merge_pb_1_3'
$ infinity  `curl --fail --silent --show-error --location --output repo.tar.gz 'https://codeload.github.com/basho/poolboy/legacy.tar.gz/merge_pb_1_3'  2>&1`
$ cd '/home/pete/wefwefwef/docs/erldocs_other.git'
$ cd '/home/pete/wefwefwef/docs/other/410c467cc1e38393a7404fb48e4daff0/poolboy-branch-merge_pb_1_3/basho-poolboy-6194197'
$ 5000  `find -P . -type l -delete  2>&1`
$ cd '/home/pete/wefwefwef/docs/erldocs_other.git'
$ 5000  `mv '/home/pete/wefwefwef/docs/other/410c467cc1e38393a7404fb48e4daff0/poolboy-branch-merge_pb_1_3/basho-poolboy-6194197' '/home/pete/wefwefwef/docs/other/410c467cc1e38393a7404fb48e4daff0/poolboy-branch-merge_pb_1_3/poolboy'  2>&1`
 :: Getting dependencies
$ cd '/home/pete/wefwefwef/docs/other/410c467cc1e38393a7404fb48e4daff0/poolboy-branch-merge_pb_1_3/poolboy'
$ 5000  `ls -1 deps/  2>&1`
$ cd '/home/pete/wefwefwef/docs/erldocs_other.git'
>>> [rebar] deps = []
 :: Generating erldocs into /home/pete/wefwefwef/docs/other/410c467cc1e38393a7404fb48e4daff0/repo/merge_pb_1_3
Building poolboy
Generating Type Specs - "/home/pete/wefwefwef/docs/other/410c467cc1e38393a7404fb48e4daff0/poolboy-branch-merge_pb_1_3/poolboy/src/poolboy.erl"
Generating Type Specs - "/home/pete/wefwefwef/docs/other/410c467cc1e38393a7404fb48e4daff0/poolboy-branch-merge_pb_1_3/poolboy/src/poolboy_sup.erl"
Generating Type Specs - "/home/pete/wefwefwef/docs/other/410c467cc1e38393a7404fb48e4daff0/poolboy-branch-merge_pb_1_3/poolboy/src/poolboy_worker.erl"
Generating XML for application poolboy "/home/pete/wefwefwef/docs/other/410c467cc1e38393a7404fb48e4daff0/poolboy-branch-merge_pb_1_3/poolboy" -> "/home/pete/wefwefwef/docs/other/410c467cc1e38393a7404fb48e4daff0/repo/merge_pb_1_3/.xml/poolboy"
Generated poolboy XMLs: ["/home/pete/wefwefwef/docs/other/410c467cc1e38393a7404fb48e4daff0/repo/merge_pb_1_3/.xml/poolboy/poolboy_sup.xml",
                         "/home/pete/wefwefwef/docs/other/410c467cc1e38393a7404fb48e4daff0/repo/merge_pb_1_3/.xml/poolboy/poolboy.xml",
                         "/home/pete/wefwefwef/docs/other/410c467cc1e38393a7404fb48e4daff0/repo/merge_pb_1_3/.xml/poolboy/poolboy_worker.xml"]
Generating HTML - poolboy_worker "/home/pete/wefwefwef/docs/other/410c467cc1e38393a7404fb48e4daff0/repo/merge_pb_1_3/.xml/poolboy/poolboy_worker.xml"
Reading XML for "/home/pete/wefwefwef/docs/other/410c467cc1e38393a7404fb48e4daff0/repo/merge_pb_1_3/.xml/poolboy/poolboy_worker.xml"
Reading XML for "/home/pete/wefwefwef/docs/other/410c467cc1e38393a7404fb48e4daff0/repo/merge_pb_1_3/.xml/specs_poolboy_worker.xml"
Generating HTML - poolboy "/home/pete/wefwefwef/docs/other/410c467cc1e38393a7404fb48e4daff0/repo/merge_pb_1_3/.xml/poolboy/poolboy.xml"
Reading XML for "/home/pete/wefwefwef/docs/other/410c467cc1e38393a7404fb48e4daff0/repo/merge_pb_1_3/.xml/poolboy/poolboy.xml"
Reading XML for "/home/pete/wefwefwef/docs/other/410c467cc1e38393a7404fb48e4daff0/repo/merge_pb_1_3/.xml/specs_poolboy.xml"
Generating HTML - poolboy_sup "/home/pete/wefwefwef/docs/other/410c467cc1e38393a7404fb48e4daff0/repo/merge_pb_1_3/.xml/poolboy/poolboy_sup.xml"
Reading XML for "/home/pete/wefwefwef/docs/other/410c467cc1e38393a7404fb48e4daff0/repo/merge_pb_1_3/.xml/poolboy/poolboy_sup.xml"
Reading XML for "/home/pete/wefwefwef/docs/other/410c467cc1e38393a7404fb48e4daff0/repo/merge_pb_1_3/.xml/specs_poolboy_sup.xml"
Creating index.html ...
Creating erldocs_index.js ...
Woot, finished in 0 Minutes 0 Seconds
 :: Discovering other repos
$ 5000  `rm -r '/home/pete/wefwefwef/docs/other/410c467cc1e38393a7404fb48e4daff0/poolboy-branch-merge_pb_1_3'  2>&1`
 :: Processing https://github.com/basho/poolboy	{rev,branch,"master","82511c5e9949f10a5520c37b00c225445ba9a701",undefined,[],[]}
 :: Fetching repo code
$ cd '/home/pete/wefwefwef/docs/other/410c467cc1e38393a7404fb48e4daff0/poolboy-branch-master'
$ infinity  `curl --fail --silent --show-error --location --output repo.tar.gz 'https://codeload.github.com/basho/poolboy/legacy.tar.gz/master'  2>&1`
$ cd '/home/pete/wefwefwef/docs/erldocs_other.git'
$ cd '/home/pete/wefwefwef/docs/other/410c467cc1e38393a7404fb48e4daff0/poolboy-branch-master/basho-poolboy-82511c5'
$ 5000  `find -P . -type l -delete  2>&1`
$ cd '/home/pete/wefwefwef/docs/erldocs_other.git'
$ 5000  `mv '/home/pete/wefwefwef/docs/other/410c467cc1e38393a7404fb48e4daff0/poolboy-branch-master/basho-poolboy-82511c5' '/home/pete/wefwefwef/docs/other/410c467cc1e38393a7404fb48e4daff0/poolboy-branch-master/poolboy'  2>&1`
 :: Getting dependencies
$ cd '/home/pete/wefwefwef/docs/other/410c467cc1e38393a7404fb48e4daff0/poolboy-branch-master/poolboy'
$ 5000  `ls -1 deps/  2>&1`
$ cd '/home/pete/wefwefwef/docs/erldocs_other.git'
>>> [rebar] deps = []
 :: Generating erldocs into /home/pete/wefwefwef/docs/other/410c467cc1e38393a7404fb48e4daff0/repo/master
Building poolboy
Generating Type Specs - "/home/pete/wefwefwef/docs/other/410c467cc1e38393a7404fb48e4daff0/poolboy-branch-master/poolboy/src/poolboy.erl"
Generating Type Specs - "/home/pete/wefwefwef/docs/other/410c467cc1e38393a7404fb48e4daff0/poolboy-branch-master/poolboy/src/poolboy_sup.erl"
Generating Type Specs - "/home/pete/wefwefwef/docs/other/410c467cc1e38393a7404fb48e4daff0/poolboy-branch-master/poolboy/src/poolboy_worker.erl"
Generating XML for application poolboy "/home/pete/wefwefwef/docs/other/410c467cc1e38393a7404fb48e4daff0/poolboy-branch-master/poolboy" -> "/home/pete/wefwefwef/docs/other/410c467cc1e38393a7404fb48e4daff0/repo/master/.xml/poolboy"
Generated poolboy XMLs: ["/home/pete/wefwefwef/docs/other/410c467cc1e38393a7404fb48e4daff0/repo/master/.xml/poolboy/poolboy_sup.xml",
                         "/home/pete/wefwefwef/docs/other/410c467cc1e38393a7404fb48e4daff0/repo/master/.xml/poolboy/poolboy.xml",
                         "/home/pete/wefwefwef/docs/other/410c467cc1e38393a7404fb48e4daff0/repo/master/.xml/poolboy/poolboy_worker.xml"]
Generating HTML - poolboy_worker "/home/pete/wefwefwef/docs/other/410c467cc1e38393a7404fb48e4daff0/repo/master/.xml/poolboy/poolboy_worker.xml"
Reading XML for "/home/pete/wefwefwef/docs/other/410c467cc1e38393a7404fb48e4daff0/repo/master/.xml/poolboy/poolboy_worker.xml"
Reading XML for "/home/pete/wefwefwef/docs/other/410c467cc1e38393a7404fb48e4daff0/repo/master/.xml/specs_poolboy_worker.xml"
Generating HTML - poolboy "/home/pete/wefwefwef/docs/other/410c467cc1e38393a7404fb48e4daff0/repo/master/.xml/poolboy/poolboy.xml"
Reading XML for "/home/pete/wefwefwef/docs/other/410c467cc1e38393a7404fb48e4daff0/repo/master/.xml/poolboy/poolboy.xml"
Reading XML for "/home/pete/wefwefwef/docs/other/410c467cc1e38393a7404fb48e4daff0/repo/master/.xml/specs_poolboy.xml"
Generating HTML - poolboy_sup "/home/pete/wefwefwef/docs/other/410c467cc1e38393a7404fb48e4daff0/repo/master/.xml/poolboy/poolboy_sup.xml"
Reading XML for "/home/pete/wefwefwef/docs/other/410c467cc1e38393a7404fb48e4daff0/repo/master/.xml/poolboy/poolboy_sup.xml"
Reading XML for "/home/pete/wefwefwef/docs/other/410c467cc1e38393a7404fb48e4daff0/repo/master/.xml/specs_poolboy_sup.xml"
Creating index.html ...
Creating erldocs_index.js ...
Woot, finished in 0 Minutes 0 Seconds
 :: Discovering other repos
$ 5000  `rm -r '/home/pete/wefwefwef/docs/other/410c467cc1e38393a7404fb48e4daff0/poolboy-branch-master'  2>&1`
 :: Processing https://github.com/basho/poolboy	{rev,branch,"feature/otp-17","8bb45fbc715c5f493642a1cc572ec7017d0d5fa3",undefined,[],[]}
 :: Fetching repo code
$ cd '/home/pete/wefwefwef/docs/other/410c467cc1e38393a7404fb48e4daff0/poolboy-branch-feature_otp-17'
$ infinity  `curl --fail --silent --show-error --location --output repo.tar.gz 'https://codeload.github.com/basho/poolboy/legacy.tar.gz/feature/otp-17'  2>&1`
$ cd '/home/pete/wefwefwef/docs/erldocs_other.git'
$ cd '/home/pete/wefwefwef/docs/other/410c467cc1e38393a7404fb48e4daff0/poolboy-branch-feature_otp-17/basho-poolboy-8bb45fb'
$ 5000  `find -P . -type l -delete  2>&1`
$ cd '/home/pete/wefwefwef/docs/erldocs_other.git'
$ 5000  `mv '/home/pete/wefwefwef/docs/other/410c467cc1e38393a7404fb48e4daff0/poolboy-branch-feature_otp-17/basho-poolboy-8bb45fb' '/home/pete/wefwefwef/docs/other/410c467cc1e38393a7404fb48e4daff0/poolboy-branch-feature_otp-17/poolboy'  2>&1`
 :: Getting dependencies
$ cd '/home/pete/wefwefwef/docs/other/410c467cc1e38393a7404fb48e4daff0/poolboy-branch-feature_otp-17/poolboy'
$ 5000  `ls -1 deps/  2>&1`
$ cd '/home/pete/wefwefwef/docs/erldocs_other.git'
>>> [rebar] deps = []
 :: Generating erldocs into /home/pete/wefwefwef/docs/other/410c467cc1e38393a7404fb48e4daff0/repo/feature/otp-17
Building poolboy
Generating Type Specs - "/home/pete/wefwefwef/docs/other/410c467cc1e38393a7404fb48e4daff0/poolboy-branch-feature_otp-17/poolboy/src/poolboy.erl"
Generating Type Specs - "/home/pete/wefwefwef/docs/other/410c467cc1e38393a7404fb48e4daff0/poolboy-branch-feature_otp-17/poolboy/src/poolboy_sup.erl"
Generating Type Specs - "/home/pete/wefwefwef/docs/other/410c467cc1e38393a7404fb48e4daff0/poolboy-branch-feature_otp-17/poolboy/src/poolboy_worker.erl"
Generating XML for application poolboy "/home/pete/wefwefwef/docs/other/410c467cc1e38393a7404fb48e4daff0/poolboy-branch-feature_otp-17/poolboy" -> "/home/pete/wefwefwef/docs/other/410c467cc1e38393a7404fb48e4daff0/repo/feature/otp-17/.xml/poolboy"
Generated poolboy XMLs: ["/home/pete/wefwefwef/docs/other/410c467cc1e38393a7404fb48e4daff0/repo/feature/otp-17/.xml/poolboy/poolboy_sup.xml",
                         "/home/pete/wefwefwef/docs/other/410c467cc1e38393a7404fb48e4daff0/repo/feature/otp-17/.xml/poolboy/poolboy.xml",
                         "/home/pete/wefwefwef/docs/other/410c467cc1e38393a7404fb48e4daff0/repo/feature/otp-17/.xml/poolboy/poolboy_worker.xml"]
Generating HTML - poolboy_worker "/home/pete/wefwefwef/docs/other/410c467cc1e38393a7404fb48e4daff0/repo/feature/otp-17/.xml/poolboy/poolboy_worker.xml"
Reading XML for "/home/pete/wefwefwef/docs/other/410c467cc1e38393a7404fb48e4daff0/repo/feature/otp-17/.xml/poolboy/poolboy_worker.xml"
Reading XML for "/home/pete/wefwefwef/docs/other/410c467cc1e38393a7404fb48e4daff0/repo/feature/otp-17/.xml/specs_poolboy_worker.xml"
Generating HTML - poolboy "/home/pete/wefwefwef/docs/other/410c467cc1e38393a7404fb48e4daff0/repo/feature/otp-17/.xml/poolboy/poolboy.xml"
Reading XML for "/home/pete/wefwefwef/docs/other/410c467cc1e38393a7404fb48e4daff0/repo/feature/otp-17/.xml/poolboy/poolboy.xml"
Reading XML for "/home/pete/wefwefwef/docs/other/410c467cc1e38393a7404fb48e4daff0/repo/feature/otp-17/.xml/specs_poolboy.xml"
Generating HTML - poolboy_sup "/home/pete/wefwefwef/docs/other/410c467cc1e38393a7404fb48e4daff0/repo/feature/otp-17/.xml/poolboy/poolboy_sup.xml"
Reading XML for "/home/pete/wefwefwef/docs/other/410c467cc1e38393a7404fb48e4daff0/repo/feature/otp-17/.xml/poolboy/poolboy_sup.xml"
Reading XML for "/home/pete/wefwefwef/docs/other/410c467cc1e38393a7404fb48e4daff0/repo/feature/otp-17/.xml/specs_poolboy_sup.xml"
Creating index.html ...
Creating erldocs_index.js ...
Woot, finished in 0 Minutes 0 Seconds
 :: Discovering other repos
$ 5000  `rm -r '/home/pete/wefwefwef/docs/other/410c467cc1e38393a7404fb48e4daff0/poolboy-branch-feature_otp-17'  2>&1`
 :: Processing https://github.com/basho/poolboy	{rev,branch,"develop","8bb45fbc715c5f493642a1cc572ec7017d0d5fa3",undefined,[],[]}
 :: Fetching repo code
$ cd '/home/pete/wefwefwef/docs/other/410c467cc1e38393a7404fb48e4daff0/poolboy-branch-develop'
$ infinity  `curl --fail --silent --show-error --location --output repo.tar.gz 'https://codeload.github.com/basho/poolboy/legacy.tar.gz/develop'  2>&1`
$ cd '/home/pete/wefwefwef/docs/erldocs_other.git'
$ cd '/home/pete/wefwefwef/docs/other/410c467cc1e38393a7404fb48e4daff0/poolboy-branch-develop/basho-poolboy-8bb45fb'
$ 5000  `find -P . -type l -delete  2>&1`
$ cd '/home/pete/wefwefwef/docs/erldocs_other.git'
$ 5000  `mv '/home/pete/wefwefwef/docs/other/410c467cc1e38393a7404fb48e4daff0/poolboy-branch-develop/basho-poolboy-8bb45fb' '/home/pete/wefwefwef/docs/other/410c467cc1e38393a7404fb48e4daff0/poolboy-branch-develop/poolboy'  2>&1`
 :: Getting dependencies
$ cd '/home/pete/wefwefwef/docs/other/410c467cc1e38393a7404fb48e4daff0/poolboy-branch-develop/poolboy'
$ 5000  `ls -1 deps/  2>&1`
$ cd '/home/pete/wefwefwef/docs/erldocs_other.git'
>>> [rebar] deps = []
 :: Generating erldocs into /home/pete/wefwefwef/docs/other/410c467cc1e38393a7404fb48e4daff0/repo/develop
Building poolboy
Generating Type Specs - "/home/pete/wefwefwef/docs/other/410c467cc1e38393a7404fb48e4daff0/poolboy-branch-develop/poolboy/src/poolboy.erl"
Generating Type Specs - "/home/pete/wefwefwef/docs/other/410c467cc1e38393a7404fb48e4daff0/poolboy-branch-develop/poolboy/src/poolboy_sup.erl"
Generating Type Specs - "/home/pete/wefwefwef/docs/other/410c467cc1e38393a7404fb48e4daff0/poolboy-branch-develop/poolboy/src/poolboy_worker.erl"
Generating XML for application poolboy "/home/pete/wefwefwef/docs/other/410c467cc1e38393a7404fb48e4daff0/poolboy-branch-develop/poolboy" -> "/home/pete/wefwefwef/docs/other/410c467cc1e38393a7404fb48e4daff0/repo/develop/.xml/poolboy"
Generated poolboy XMLs: ["/home/pete/wefwefwef/docs/other/410c467cc1e38393a7404fb48e4daff0/repo/develop/.xml/poolboy/poolboy_sup.xml",
                         "/home/pete/wefwefwef/docs/other/410c467cc1e38393a7404fb48e4daff0/repo/develop/.xml/poolboy/poolboy.xml",
                         "/home/pete/wefwefwef/docs/other/410c467cc1e38393a7404fb48e4daff0/repo/develop/.xml/poolboy/poolboy_worker.xml"]
Generating HTML - poolboy_worker "/home/pete/wefwefwef/docs/other/410c467cc1e38393a7404fb48e4daff0/repo/develop/.xml/poolboy/poolboy_worker.xml"
Reading XML for "/home/pete/wefwefwef/docs/other/410c467cc1e38393a7404fb48e4daff0/repo/develop/.xml/poolboy/poolboy_worker.xml"
Reading XML for "/home/pete/wefwefwef/docs/other/410c467cc1e38393a7404fb48e4daff0/repo/develop/.xml/specs_poolboy_worker.xml"
Generating HTML - poolboy "/home/pete/wefwefwef/docs/other/410c467cc1e38393a7404fb48e4daff0/repo/develop/.xml/poolboy/poolboy.xml"
Reading XML for "/home/pete/wefwefwef/docs/other/410c467cc1e38393a7404fb48e4daff0/repo/develop/.xml/poolboy/poolboy.xml"
Reading XML for "/home/pete/wefwefwef/docs/other/410c467cc1e38393a7404fb48e4daff0/repo/develop/.xml/specs_poolboy.xml"
Generating HTML - poolboy_sup "/home/pete/wefwefwef/docs/other/410c467cc1e38393a7404fb48e4daff0/repo/develop/.xml/poolboy/poolboy_sup.xml"
Reading XML for "/home/pete/wefwefwef/docs/other/410c467cc1e38393a7404fb48e4daff0/repo/develop/.xml/poolboy/poolboy_sup.xml"
Reading XML for "/home/pete/wefwefwef/docs/other/410c467cc1e38393a7404fb48e4daff0/repo/develop/.xml/specs_poolboy_sup.xml"
Creating index.html ...
Creating erldocs_index.js ...
Woot, finished in 0 Minutes 0 Seconds
 :: Discovering other repos
$ 5000  `rm -r '/home/pete/wefwefwef/docs/other/410c467cc1e38393a7404fb48e4daff0/poolboy-branch-develop'  2>&1`
 :: Processing https://github.com/basho/poolboy	{rev,branch,"bz1188-worker-pool-cleanup","17ee86c03f8b0d4d0e93ddc40a2b6d39b29b09e8",undefined,[],[]}
 :: Fetching repo code
$ cd '/home/pete/wefwefwef/docs/other/410c467cc1e38393a7404fb48e4daff0/poolboy-branch-bz1188-worker-pool-cleanup'
$ infinity  `curl --fail --silent --show-error --location --output repo.tar.gz 'https://codeload.github.com/basho/poolboy/legacy.tar.gz/bz1188-worker-pool-cleanup'  2>&1`
$ cd '/home/pete/wefwefwef/docs/erldocs_other.git'
$ cd '/home/pete/wefwefwef/docs/other/410c467cc1e38393a7404fb48e4daff0/poolboy-branch-bz1188-worker-pool-cleanup/basho-poolboy-17ee86c'
$ 5000  `find -P . -type l -delete  2>&1`
$ cd '/home/pete/wefwefwef/docs/erldocs_other.git'
$ 5000  `mv '/home/pete/wefwefwef/docs/other/410c467cc1e38393a7404fb48e4daff0/poolboy-branch-bz1188-worker-pool-cleanup/basho-poolboy-17ee86c' '/home/pete/wefwefwef/docs/other/410c467cc1e38393a7404fb48e4daff0/poolboy-branch-bz1188-worker-pool-cleanup/poolboy'  2>&1`
 :: Getting dependencies
$ cd '/home/pete/wefwefwef/docs/other/410c467cc1e38393a7404fb48e4daff0/poolboy-branch-bz1188-worker-pool-cleanup/poolboy'
$ 5000  `ls -1 deps/  2>&1`
$ cd '/home/pete/wefwefwef/docs/erldocs_other.git'
>>> [rebar] deps = []
 :: Generating erldocs into /home/pete/wefwefwef/docs/other/410c467cc1e38393a7404fb48e4daff0/repo/bz1188-worker-pool-cleanup
Building poolboy
Generating Type Specs - "/home/pete/wefwefwef/docs/other/410c467cc1e38393a7404fb48e4daff0/poolboy-branch-bz1188-worker-pool-cleanup/poolboy/src/poolboy.erl"
Generating Type Specs - "/home/pete/wefwefwef/docs/other/410c467cc1e38393a7404fb48e4daff0/poolboy-branch-bz1188-worker-pool-cleanup/poolboy/src/poolboy_sup.erl"
Generating XML for application poolboy "/home/pete/wefwefwef/docs/other/410c467cc1e38393a7404fb48e4daff0/poolboy-branch-bz1188-worker-pool-cleanup/poolboy" -> "/home/pete/wefwefwef/docs/other/410c467cc1e38393a7404fb48e4daff0/repo/bz1188-worker-pool-cleanup/.xml/poolboy"
Generated poolboy XMLs: ["/home/pete/wefwefwef/docs/other/410c467cc1e38393a7404fb48e4daff0/repo/bz1188-worker-pool-cleanup/.xml/poolboy/poolboy_sup.xml",
                         "/home/pete/wefwefwef/docs/other/410c467cc1e38393a7404fb48e4daff0/repo/bz1188-worker-pool-cleanup/.xml/poolboy/poolboy.xml"]
Generating HTML - poolboy "/home/pete/wefwefwef/docs/other/410c467cc1e38393a7404fb48e4daff0/repo/bz1188-worker-pool-cleanup/.xml/poolboy/poolboy.xml"
Reading XML for "/home/pete/wefwefwef/docs/other/410c467cc1e38393a7404fb48e4daff0/repo/bz1188-worker-pool-cleanup/.xml/poolboy/poolboy.xml"
Reading XML for "/home/pete/wefwefwef/docs/other/410c467cc1e38393a7404fb48e4daff0/repo/bz1188-worker-pool-cleanup/.xml/specs_poolboy.xml"
Generating HTML - poolboy_sup "/home/pete/wefwefwef/docs/other/410c467cc1e38393a7404fb48e4daff0/repo/bz1188-worker-pool-cleanup/.xml/poolboy/poolboy_sup.xml"
Reading XML for "/home/pete/wefwefwef/docs/other/410c467cc1e38393a7404fb48e4daff0/repo/bz1188-worker-pool-cleanup/.xml/poolboy/poolboy_sup.xml"
Reading XML for "/home/pete/wefwefwef/docs/other/410c467cc1e38393a7404fb48e4daff0/repo/bz1188-worker-pool-cleanup/.xml/specs_poolboy_sup.xml"
Creating index.html ...
Creating erldocs_index.js ...
Woot, finished in 0 Minutes 0 Seconds
 :: Discovering other repos
$ 5000  `rm -r '/home/pete/wefwefwef/docs/other/410c467cc1e38393a7404fb48e4daff0/poolboy-branch-bz1188-worker-pool-cleanup'  2>&1`
 :: Processing https://github.com/basho/poolboy	{rev,branch,"adt-quickcheck","fce0d9f5619cd851425de0fbf08730b52d372ce6",undefined,[],[]}
 :: Fetching repo code
$ cd '/home/pete/wefwefwef/docs/other/410c467cc1e38393a7404fb48e4daff0/poolboy-branch-adt-quickcheck'
$ infinity  `curl --fail --silent --show-error --location --output repo.tar.gz 'https://codeload.github.com/basho/poolboy/legacy.tar.gz/adt-quickcheck'  2>&1`
$ cd '/home/pete/wefwefwef/docs/erldocs_other.git'
$ cd '/home/pete/wefwefwef/docs/other/410c467cc1e38393a7404fb48e4daff0/poolboy-branch-adt-quickcheck/basho-poolboy-fce0d9f'
$ 5000  `find -P . -type l -delete  2>&1`
$ cd '/home/pete/wefwefwef/docs/erldocs_other.git'
$ 5000  `mv '/home/pete/wefwefwef/docs/other/410c467cc1e38393a7404fb48e4daff0/poolboy-branch-adt-quickcheck/basho-poolboy-fce0d9f' '/home/pete/wefwefwef/docs/other/410c467cc1e38393a7404fb48e4daff0/poolboy-branch-adt-quickcheck/poolboy'  2>&1`
 :: Getting dependencies
$ cd '/home/pete/wefwefwef/docs/other/410c467cc1e38393a7404fb48e4daff0/poolboy-branch-adt-quickcheck/poolboy'
$ 5000  `ls -1 deps/  2>&1`
$ cd '/home/pete/wefwefwef/docs/erldocs_other.git'
>>> [rebar] deps = []
 :: Generating erldocs into /home/pete/wefwefwef/docs/other/410c467cc1e38393a7404fb48e4daff0/repo/adt-quickcheck
Building poolboy
Generating Type Specs - "/home/pete/wefwefwef/docs/other/410c467cc1e38393a7404fb48e4daff0/poolboy-branch-adt-quickcheck/poolboy/src/poolboy.erl"
Generating Type Specs - "/home/pete/wefwefwef/docs/other/410c467cc1e38393a7404fb48e4daff0/poolboy-branch-adt-quickcheck/poolboy/src/poolboy_sup.erl"
Generating XML for application poolboy "/home/pete/wefwefwef/docs/other/410c467cc1e38393a7404fb48e4daff0/poolboy-branch-adt-quickcheck/poolboy" -> "/home/pete/wefwefwef/docs/other/410c467cc1e38393a7404fb48e4daff0/repo/adt-quickcheck/.xml/poolboy"
Generated poolboy XMLs: ["/home/pete/wefwefwef/docs/other/410c467cc1e38393a7404fb48e4daff0/repo/adt-quickcheck/.xml/poolboy/poolboy_sup.xml",
                         "/home/pete/wefwefwef/docs/other/410c467cc1e38393a7404fb48e4daff0/repo/adt-quickcheck/.xml/poolboy/poolboy.xml"]
Generating HTML - poolboy "/home/pete/wefwefwef/docs/other/410c467cc1e38393a7404fb48e4daff0/repo/adt-quickcheck/.xml/poolboy/poolboy.xml"
Reading XML for "/home/pete/wefwefwef/docs/other/410c467cc1e38393a7404fb48e4daff0/repo/adt-quickcheck/.xml/poolboy/poolboy.xml"
Reading XML for "/home/pete/wefwefwef/docs/other/410c467cc1e38393a7404fb48e4daff0/repo/adt-quickcheck/.xml/specs_poolboy.xml"
Generating HTML - poolboy_sup "/home/pete/wefwefwef/docs/other/410c467cc1e38393a7404fb48e4daff0/repo/adt-quickcheck/.xml/poolboy/poolboy_sup.xml"
Reading XML for "/home/pete/wefwefwef/docs/other/410c467cc1e38393a7404fb48e4daff0/repo/adt-quickcheck/.xml/poolboy/poolboy_sup.xml"
Reading XML for "/home/pete/wefwefwef/docs/other/410c467cc1e38393a7404fb48e4daff0/repo/adt-quickcheck/.xml/specs_poolboy_sup.xml"
Creating index.html ...
Creating erldocs_index.js ...
Woot, finished in 0 Minutes 0 Seconds
 :: Discovering other repos
$ 5000  `rm -r '/home/pete/wefwefwef/docs/other/410c467cc1e38393a7404fb48e4daff0/poolboy-branch-adt-quickcheck'  2>&1`
 :: Processing https://github.com/basho/poolboy	{rev,branch,"adt-more-quickcheck-fixes","0d9dbeeeba46691b1e54da4f4c7bb1a4720107d5",undefined,[],[]}
 :: Fetching repo code
$ cd '/home/pete/wefwefwef/docs/other/410c467cc1e38393a7404fb48e4daff0/poolboy-branch-adt-more-quickcheck-fixes'
$ infinity  `curl --fail --silent --show-error --location --output repo.tar.gz 'https://codeload.github.com/basho/poolboy/legacy.tar.gz/adt-more-quickcheck-fixes'  2>&1`
$ cd '/home/pete/wefwefwef/docs/erldocs_other.git'
$ cd '/home/pete/wefwefwef/docs/other/410c467cc1e38393a7404fb48e4daff0/poolboy-branch-adt-more-quickcheck-fixes/basho-poolboy-0d9dbee'
$ 5000  `find -P . -type l -delete  2>&1`
$ cd '/home/pete/wefwefwef/docs/erldocs_other.git'
$ 5000  `mv '/home/pete/wefwefwef/docs/other/410c467cc1e38393a7404fb48e4daff0/poolboy-branch-adt-more-quickcheck-fixes/basho-poolboy-0d9dbee' '/home/pete/wefwefwef/docs/other/410c467cc1e38393a7404fb48e4daff0/poolboy-branch-adt-more-quickcheck-fixes/poolboy'  2>&1`
 :: Getting dependencies
$ cd '/home/pete/wefwefwef/docs/other/410c467cc1e38393a7404fb48e4daff0/poolboy-branch-adt-more-quickcheck-fixes/poolboy'
$ 5000  `ls -1 deps/  2>&1`
$ cd '/home/pete/wefwefwef/docs/erldocs_other.git'
>>> [rebar] deps = []
 :: Generating erldocs into /home/pete/wefwefwef/docs/other/410c467cc1e38393a7404fb48e4daff0/repo/adt-more-quickcheck-fixes
Building poolboy
Generating Type Specs - "/home/pete/wefwefwef/docs/other/410c467cc1e38393a7404fb48e4daff0/poolboy-branch-adt-more-quickcheck-fixes/poolboy/src/poolboy.erl"
Generating Type Specs - "/home/pete/wefwefwef/docs/other/410c467cc1e38393a7404fb48e4daff0/poolboy-branch-adt-more-quickcheck-fixes/poolboy/src/poolboy_sup.erl"
Generating XML for application poolboy "/home/pete/wefwefwef/docs/other/410c467cc1e38393a7404fb48e4daff0/poolboy-branch-adt-more-quickcheck-fixes/poolboy" -> "/home/pete/wefwefwef/docs/other/410c467cc1e38393a7404fb48e4daff0/repo/adt-more-quickcheck-fixes/.xml/poolboy"
Generated poolboy XMLs: ["/home/pete/wefwefwef/docs/other/410c467cc1e38393a7404fb48e4daff0/repo/adt-more-quickcheck-fixes/.xml/poolboy/poolboy_sup.xml",
                         "/home/pete/wefwefwef/docs/other/410c467cc1e38393a7404fb48e4daff0/repo/adt-more-quickcheck-fixes/.xml/poolboy/poolboy.xml"]
Generating HTML - poolboy "/home/pete/wefwefwef/docs/other/410c467cc1e38393a7404fb48e4daff0/repo/adt-more-quickcheck-fixes/.xml/poolboy/poolboy.xml"
Reading XML for "/home/pete/wefwefwef/docs/other/410c467cc1e38393a7404fb48e4daff0/repo/adt-more-quickcheck-fixes/.xml/poolboy/poolboy.xml"
Reading XML for "/home/pete/wefwefwef/docs/other/410c467cc1e38393a7404fb48e4daff0/repo/adt-more-quickcheck-fixes/.xml/specs_poolboy.xml"
Generating HTML - poolboy_sup "/home/pete/wefwefwef/docs/other/410c467cc1e38393a7404fb48e4daff0/repo/adt-more-quickcheck-fixes/.xml/poolboy/poolboy_sup.xml"
Reading XML for "/home/pete/wefwefwef/docs/other/410c467cc1e38393a7404fb48e4daff0/repo/adt-more-quickcheck-fixes/.xml/poolboy/poolboy_sup.xml"
Reading XML for "/home/pete/wefwefwef/docs/other/410c467cc1e38393a7404fb48e4daff0/repo/adt-more-quickcheck-fixes/.xml/specs_poolboy_sup.xml"
Creating index.html ...
Creating erldocs_index.js ...
Woot, finished in 0 Minutes 0 Seconds
 :: Discovering other repos
$ 5000  `rm -r '/home/pete/wefwefwef/docs/other/410c467cc1e38393a7404fb48e4daff0/poolboy-branch-adt-more-quickcheck-fixes'  2>&1`
 :: Processing https://github.com/basho/poolboy	{rev,branch,"adt-add-tests","2f712e4f71c90814fafbaa71c477a52e2a82a34f",undefined,[],[]}
 :: Fetching repo code
$ cd '/home/pete/wefwefwef/docs/other/410c467cc1e38393a7404fb48e4daff0/poolboy-branch-adt-add-tests'
$ infinity  `curl --fail --silent --show-error --location --output repo.tar.gz 'https://codeload.github.com/basho/poolboy/legacy.tar.gz/adt-add-tests'  2>&1`
$ cd '/home/pete/wefwefwef/docs/erldocs_other.git'
$ cd '/home/pete/wefwefwef/docs/other/410c467cc1e38393a7404fb48e4daff0/poolboy-branch-adt-add-tests/basho-poolboy-2f712e4'
$ 5000  `find -P . -type l -delete  2>&1`
$ cd '/home/pete/wefwefwef/docs/erldocs_other.git'
$ 5000  `mv '/home/pete/wefwefwef/docs/other/410c467cc1e38393a7404fb48e4daff0/poolboy-branch-adt-add-tests/basho-poolboy-2f712e4' '/home/pete/wefwefwef/docs/other/410c467cc1e38393a7404fb48e4daff0/poolboy-branch-adt-add-tests/poolboy'  2>&1`
 :: Getting dependencies
$ cd '/home/pete/wefwefwef/docs/other/410c467cc1e38393a7404fb48e4daff0/poolboy-branch-adt-add-tests/poolboy'
$ 5000  `ls -1 deps/  2>&1`
$ cd '/home/pete/wefwefwef/docs/erldocs_other.git'
>>> [rebar] deps = []
 :: Generating erldocs into /home/pete/wefwefwef/docs/other/410c467cc1e38393a7404fb48e4daff0/repo/adt-add-tests
Building poolboy
Generating Type Specs - "/home/pete/wefwefwef/docs/other/410c467cc1e38393a7404fb48e4daff0/poolboy-branch-adt-add-tests/poolboy/src/poolboy.erl"
Generating Type Specs - "/home/pete/wefwefwef/docs/other/410c467cc1e38393a7404fb48e4daff0/poolboy-branch-adt-add-tests/poolboy/src/poolboy_sup.erl"
Generating XML for application poolboy "/home/pete/wefwefwef/docs/other/410c467cc1e38393a7404fb48e4daff0/poolboy-branch-adt-add-tests/poolboy" -> "/home/pete/wefwefwef/docs/other/410c467cc1e38393a7404fb48e4daff0/repo/adt-add-tests/.xml/poolboy"
Generated poolboy XMLs: ["/home/pete/wefwefwef/docs/other/410c467cc1e38393a7404fb48e4daff0/repo/adt-add-tests/.xml/poolboy/poolboy_sup.xml",
                         "/home/pete/wefwefwef/docs/other/410c467cc1e38393a7404fb48e4daff0/repo/adt-add-tests/.xml/poolboy/poolboy.xml"]
Generating HTML - poolboy "/home/pete/wefwefwef/docs/other/410c467cc1e38393a7404fb48e4daff0/repo/adt-add-tests/.xml/poolboy/poolboy.xml"
Reading XML for "/home/pete/wefwefwef/docs/other/410c467cc1e38393a7404fb48e4daff0/repo/adt-add-tests/.xml/poolboy/poolboy.xml"
Reading XML for "/home/pete/wefwefwef/docs/other/410c467cc1e38393a7404fb48e4daff0/repo/adt-add-tests/.xml/specs_poolboy.xml"
Generating HTML - poolboy_sup "/home/pete/wefwefwef/docs/other/410c467cc1e38393a7404fb48e4daff0/repo/adt-add-tests/.xml/poolboy/poolboy_sup.xml"
Reading XML for "/home/pete/wefwefwef/docs/other/410c467cc1e38393a7404fb48e4daff0/repo/adt-add-tests/.xml/poolboy/poolboy_sup.xml"
Reading XML for "/home/pete/wefwefwef/docs/other/410c467cc1e38393a7404fb48e4daff0/repo/adt-add-tests/.xml/specs_poolboy_sup.xml"
Creating index.html ...
Creating erldocs_index.js ...
Woot, finished in 0 Minutes 0 Seconds
 :: Discovering other repos
$ 5000  `rm -r '/home/pete/wefwefwef/docs/other/410c467cc1e38393a7404fb48e4daff0/poolboy-branch-adt-add-tests'  2>&1`
 :: Processing https://github.com/basho/poolboy	{rev,tag,"0.8.1","69c8ef1c652e35a50b4500041403411d7016cad6",undefined,[],[]}
 :: Fetching repo code
$ cd '/home/pete/wefwefwef/docs/other/410c467cc1e38393a7404fb48e4daff0/poolboy-tag-0.8.1'
$ infinity  `curl --fail --silent --show-error --location --output repo.tar.gz 'https://codeload.github.com/basho/poolboy/legacy.tar.gz/0.8.1'  2>&1`
$ cd '/home/pete/wefwefwef/docs/erldocs_other.git'
$ cd '/home/pete/wefwefwef/docs/other/410c467cc1e38393a7404fb48e4daff0/poolboy-tag-0.8.1/basho-poolboy-69c8ef1'
$ 5000  `find -P . -type l -delete  2>&1`
$ cd '/home/pete/wefwefwef/docs/erldocs_other.git'
$ 5000  `mv '/home/pete/wefwefwef/docs/other/410c467cc1e38393a7404fb48e4daff0/poolboy-tag-0.8.1/basho-poolboy-69c8ef1' '/home/pete/wefwefwef/docs/other/410c467cc1e38393a7404fb48e4daff0/poolboy-tag-0.8.1/poolboy'  2>&1`
 :: Getting dependencies
$ cd '/home/pete/wefwefwef/docs/other/410c467cc1e38393a7404fb48e4daff0/poolboy-tag-0.8.1/poolboy'
$ 5000  `ls -1 deps/  2>&1`
$ cd '/home/pete/wefwefwef/docs/erldocs_other.git'
>>> [rebar] deps = []
 :: Generating erldocs into /home/pete/wefwefwef/docs/other/410c467cc1e38393a7404fb48e4daff0/repo/0.8.1
Building poolboy
Generating Type Specs - "/home/pete/wefwefwef/docs/other/410c467cc1e38393a7404fb48e4daff0/poolboy-tag-0.8.1/poolboy/src/poolboy.erl"
Generating Type Specs - "/home/pete/wefwefwef/docs/other/410c467cc1e38393a7404fb48e4daff0/poolboy-tag-0.8.1/poolboy/src/poolboy_sup.erl"
Generating Type Specs - "/home/pete/wefwefwef/docs/other/410c467cc1e38393a7404fb48e4daff0/poolboy-tag-0.8.1/poolboy/src/poolboy_worker.erl"
Generating XML for application poolboy "/home/pete/wefwefwef/docs/other/410c467cc1e38393a7404fb48e4daff0/poolboy-tag-0.8.1/poolboy" -> "/home/pete/wefwefwef/docs/other/410c467cc1e38393a7404fb48e4daff0/repo/0.8.1/.xml/poolboy"
Generated poolboy XMLs: ["/home/pete/wefwefwef/docs/other/410c467cc1e38393a7404fb48e4daff0/repo/0.8.1/.xml/poolboy/poolboy_sup.xml",
                         "/home/pete/wefwefwef/docs/other/410c467cc1e38393a7404fb48e4daff0/repo/0.8.1/.xml/poolboy/poolboy.xml",
                         "/home/pete/wefwefwef/docs/other/410c467cc1e38393a7404fb48e4daff0/repo/0.8.1/.xml/poolboy/poolboy_worker.xml"]
Generating HTML - poolboy_worker "/home/pete/wefwefwef/docs/other/410c467cc1e38393a7404fb48e4daff0/repo/0.8.1/.xml/poolboy/poolboy_worker.xml"
Reading XML for "/home/pete/wefwefwef/docs/other/410c467cc1e38393a7404fb48e4daff0/repo/0.8.1/.xml/poolboy/poolboy_worker.xml"
Reading XML for "/home/pete/wefwefwef/docs/other/410c467cc1e38393a7404fb48e4daff0/repo/0.8.1/.xml/specs_poolboy_worker.xml"
Generating HTML - poolboy "/home/pete/wefwefwef/docs/other/410c467cc1e38393a7404fb48e4daff0/repo/0.8.1/.xml/poolboy/poolboy.xml"
Reading XML for "/home/pete/wefwefwef/docs/other/410c467cc1e38393a7404fb48e4daff0/repo/0.8.1/.xml/poolboy/poolboy.xml"
Reading XML for "/home/pete/wefwefwef/docs/other/410c467cc1e38393a7404fb48e4daff0/repo/0.8.1/.xml/specs_poolboy.xml"
Generating HTML - poolboy_sup "/home/pete/wefwefwef/docs/other/410c467cc1e38393a7404fb48e4daff0/repo/0.8.1/.xml/poolboy/poolboy_sup.xml"
Reading XML for "/home/pete/wefwefwef/docs/other/410c467cc1e38393a7404fb48e4daff0/repo/0.8.1/.xml/poolboy/poolboy_sup.xml"
Reading XML for "/home/pete/wefwefwef/docs/other/410c467cc1e38393a7404fb48e4daff0/repo/0.8.1/.xml/specs_poolboy_sup.xml"
Creating index.html ...
Creating erldocs_index.js ...
Woot, finished in 0 Minutes 0 Seconds
 :: Discovering other repos
$ 5000  `rm -r '/home/pete/wefwefwef/docs/other/410c467cc1e38393a7404fb48e4daff0/poolboy-tag-0.8.1'  2>&1`
 :: Processing https://github.com/basho/poolboy	{rev,tag,"0.7.0","6aab8b8af73f003518697de781a6f2573e060f66",undefined,[],[]}
 :: Fetching repo code
$ cd '/home/pete/wefwefwef/docs/other/410c467cc1e38393a7404fb48e4daff0/poolboy-tag-0.7.0'
$ infinity  `curl --fail --silent --show-error --location --output repo.tar.gz 'https://codeload.github.com/basho/poolboy/legacy.tar.gz/0.7.0'  2>&1`
$ cd '/home/pete/wefwefwef/docs/erldocs_other.git'
$ cd '/home/pete/wefwefwef/docs/other/410c467cc1e38393a7404fb48e4daff0/poolboy-tag-0.7.0/basho-poolboy-6aab8b8'
$ 5000  `find -P . -type l -delete  2>&1`
$ cd '/home/pete/wefwefwef/docs/erldocs_other.git'
$ 5000  `mv '/home/pete/wefwefwef/docs/other/410c467cc1e38393a7404fb48e4daff0/poolboy-tag-0.7.0/basho-poolboy-6aab8b8' '/home/pete/wefwefwef/docs/other/410c467cc1e38393a7404fb48e4daff0/poolboy-tag-0.7.0/poolboy'  2>&1`
 :: Getting dependencies
$ cd '/home/pete/wefwefwef/docs/other/410c467cc1e38393a7404fb48e4daff0/poolboy-tag-0.7.0/poolboy'
$ 5000  `ls -1 deps/  2>&1`
$ cd '/home/pete/wefwefwef/docs/erldocs_other.git'
>>> [rebar] deps = []
 :: Generating erldocs into /home/pete/wefwefwef/docs/other/410c467cc1e38393a7404fb48e4daff0/repo/0.7.0
Building poolboy
Generating Type Specs - "/home/pete/wefwefwef/docs/other/410c467cc1e38393a7404fb48e4daff0/poolboy-tag-0.7.0/poolboy/src/poolboy.erl"
Generating Type Specs - "/home/pete/wefwefwef/docs/other/410c467cc1e38393a7404fb48e4daff0/poolboy-tag-0.7.0/poolboy/src/poolboy_sup.erl"
Generating Type Specs - "/home/pete/wefwefwef/docs/other/410c467cc1e38393a7404fb48e4daff0/poolboy-tag-0.7.0/poolboy/src/poolboy_worker.erl"
Generating XML for application poolboy "/home/pete/wefwefwef/docs/other/410c467cc1e38393a7404fb48e4daff0/poolboy-tag-0.7.0/poolboy" -> "/home/pete/wefwefwef/docs/other/410c467cc1e38393a7404fb48e4daff0/repo/0.7.0/.xml/poolboy"
Generated poolboy XMLs: ["/home/pete/wefwefwef/docs/other/410c467cc1e38393a7404fb48e4daff0/repo/0.7.0/.xml/poolboy/poolboy_sup.xml",
                         "/home/pete/wefwefwef/docs/other/410c467cc1e38393a7404fb48e4daff0/repo/0.7.0/.xml/poolboy/poolboy.xml",
                         "/home/pete/wefwefwef/docs/other/410c467cc1e38393a7404fb48e4daff0/repo/0.7.0/.xml/poolboy/poolboy_worker.xml"]
Generating HTML - poolboy_worker "/home/pete/wefwefwef/docs/other/410c467cc1e38393a7404fb48e4daff0/repo/0.7.0/.xml/poolboy/poolboy_worker.xml"
Reading XML for "/home/pete/wefwefwef/docs/other/410c467cc1e38393a7404fb48e4daff0/repo/0.7.0/.xml/poolboy/poolboy_worker.xml"
Reading XML for "/home/pete/wefwefwef/docs/other/410c467cc1e38393a7404fb48e4daff0/repo/0.7.0/.xml/specs_poolboy_worker.xml"
Generating HTML - poolboy "/home/pete/wefwefwef/docs/other/410c467cc1e38393a7404fb48e4daff0/repo/0.7.0/.xml/poolboy/poolboy.xml"
Reading XML for "/home/pete/wefwefwef/docs/other/410c467cc1e38393a7404fb48e4daff0/repo/0.7.0/.xml/poolboy/poolboy.xml"
Reading XML for "/home/pete/wefwefwef/docs/other/410c467cc1e38393a7404fb48e4daff0/repo/0.7.0/.xml/specs_poolboy.xml"
Generating HTML - poolboy_sup "/home/pete/wefwefwef/docs/other/410c467cc1e38393a7404fb48e4daff0/repo/0.7.0/.xml/poolboy/poolboy_sup.xml"
Reading XML for "/home/pete/wefwefwef/docs/other/410c467cc1e38393a7404fb48e4daff0/repo/0.7.0/.xml/poolboy/poolboy_sup.xml"
Reading XML for "/home/pete/wefwefwef/docs/other/410c467cc1e38393a7404fb48e4daff0/repo/0.7.0/.xml/specs_poolboy_sup.xml"
Creating index.html ...
Creating erldocs_index.js ...
Woot, finished in 0 Minutes 0 Seconds
 :: Discovering other repos
$ 5000  `rm -r '/home/pete/wefwefwef/docs/other/410c467cc1e38393a7404fb48e4daff0/poolboy-tag-0.7.0'  2>&1`
 :: Processing https://github.com/basho/poolboy	{rev,tag,"0.2","36d4d0fe97987ad0269ed9095b3e1c8bd839ecaf",undefined,[],[]}
 :: Fetching repo code
$ cd '/home/pete/wefwefwef/docs/other/410c467cc1e38393a7404fb48e4daff0/poolboy-tag-0.2'
$ infinity  `curl --fail --silent --show-error --location --output repo.tar.gz 'https://codeload.github.com/basho/poolboy/legacy.tar.gz/0.2'  2>&1`
$ cd '/home/pete/wefwefwef/docs/erldocs_other.git'
$ cd '/home/pete/wefwefwef/docs/other/410c467cc1e38393a7404fb48e4daff0/poolboy-tag-0.2/basho-poolboy-36d4d0f'
$ 5000  `find -P . -type l -delete  2>&1`
$ cd '/home/pete/wefwefwef/docs/erldocs_other.git'
$ 5000  `mv '/home/pete/wefwefwef/docs/other/410c467cc1e38393a7404fb48e4daff0/poolboy-tag-0.2/basho-poolboy-36d4d0f' '/home/pete/wefwefwef/docs/other/410c467cc1e38393a7404fb48e4daff0/poolboy-tag-0.2/poolboy'  2>&1`
 :: Getting dependencies
 :: Generating erldocs into /home/pete/wefwefwef/docs/other/410c467cc1e38393a7404fb48e4daff0/repo/0.2
Building poolboy
Generating Type Specs - "/home/pete/wefwefwef/docs/other/410c467cc1e38393a7404fb48e4daff0/poolboy-tag-0.2/poolboy/src/poolboy.erl"
Generating Type Specs - "/home/pete/wefwefwef/docs/other/410c467cc1e38393a7404fb48e4daff0/poolboy-tag-0.2/poolboy/src/poolboy_sup.erl"
Generating XML for application poolboy "/home/pete/wefwefwef/docs/other/410c467cc1e38393a7404fb48e4daff0/poolboy-tag-0.2/poolboy" -> "/home/pete/wefwefwef/docs/other/410c467cc1e38393a7404fb48e4daff0/repo/0.2/.xml/poolboy"
Generated poolboy XMLs: ["/home/pete/wefwefwef/docs/other/410c467cc1e38393a7404fb48e4daff0/repo/0.2/.xml/poolboy/poolboy_sup.xml",
                         "/home/pete/wefwefwef/docs/other/410c467cc1e38393a7404fb48e4daff0/repo/0.2/.xml/poolboy/poolboy.xml"]
Generating HTML - poolboy "/home/pete/wefwefwef/docs/other/410c467cc1e38393a7404fb48e4daff0/repo/0.2/.xml/poolboy/poolboy.xml"
Reading XML for "/home/pete/wefwefwef/docs/other/410c467cc1e38393a7404fb48e4daff0/repo/0.2/.xml/poolboy/poolboy.xml"
Reading XML for "/home/pete/wefwefwef/docs/other/410c467cc1e38393a7404fb48e4daff0/repo/0.2/.xml/specs_poolboy.xml"
Generating HTML - poolboy_sup "/home/pete/wefwefwef/docs/other/410c467cc1e38393a7404fb48e4daff0/repo/0.2/.xml/poolboy/poolboy_sup.xml"
Reading XML for "/home/pete/wefwefwef/docs/other/410c467cc1e38393a7404fb48e4daff0/repo/0.2/.xml/poolboy/poolboy_sup.xml"
Reading XML for "/home/pete/wefwefwef/docs/other/410c467cc1e38393a7404fb48e4daff0/repo/0.2/.xml/specs_poolboy_sup.xml"
Creating index.html ...
Creating erldocs_index.js ...
Woot, finished in 0 Minutes 0 Seconds
 :: Discovering other repos
$ 5000  `rm -r '/home/pete/wefwefwef/docs/other/410c467cc1e38393a7404fb48e4daff0/poolboy-tag-0.2'  2>&1`
 :: Processing https://github.com/basho/poolboy	{rev,tag,"0.1","477a9cd96f51d4d13db40a644004aba9f221741f",undefined,[],[]}
 :: Fetching repo code
$ cd '/home/pete/wefwefwef/docs/other/410c467cc1e38393a7404fb48e4daff0/poolboy-tag-0.1'
$ infinity  `curl --fail --silent --show-error --location --output repo.tar.gz 'https://codeload.github.com/basho/poolboy/legacy.tar.gz/0.1'  2>&1`
$ cd '/home/pete/wefwefwef/docs/erldocs_other.git'
$ cd '/home/pete/wefwefwef/docs/other/410c467cc1e38393a7404fb48e4daff0/poolboy-tag-0.1/basho-poolboy-477a9cd'
$ 5000  `find -P . -type l -delete  2>&1`
$ cd '/home/pete/wefwefwef/docs/erldocs_other.git'
$ 5000  `mv '/home/pete/wefwefwef/docs/other/410c467cc1e38393a7404fb48e4daff0/poolboy-tag-0.1/basho-poolboy-477a9cd' '/home/pete/wefwefwef/docs/other/410c467cc1e38393a7404fb48e4daff0/poolboy-tag-0.1/poolboy'  2>&1`
 :: Getting dependencies
 :: Generating erldocs into /home/pete/wefwefwef/docs/other/410c467cc1e38393a7404fb48e4daff0/repo/0.1
Building poolboy
Generating Type Specs - "/home/pete/wefwefwef/docs/other/410c467cc1e38393a7404fb48e4daff0/poolboy-tag-0.1/poolboy/src/poolboy.erl"
Generating Type Specs - "/home/pete/wefwefwef/docs/other/410c467cc1e38393a7404fb48e4daff0/poolboy-tag-0.1/poolboy/src/poolboy_sup.erl"
Generating XML for application poolboy "/home/pete/wefwefwef/docs/other/410c467cc1e38393a7404fb48e4daff0/poolboy-tag-0.1/poolboy" -> "/home/pete/wefwefwef/docs/other/410c467cc1e38393a7404fb48e4daff0/repo/0.1/.xml/poolboy"
Generated poolboy XMLs: ["/home/pete/wefwefwef/docs/other/410c467cc1e38393a7404fb48e4daff0/repo/0.1/.xml/poolboy/poolboy_sup.xml",
                         "/home/pete/wefwefwef/docs/other/410c467cc1e38393a7404fb48e4daff0/repo/0.1/.xml/poolboy/poolboy.xml"]
Generating HTML - poolboy "/home/pete/wefwefwef/docs/other/410c467cc1e38393a7404fb48e4daff0/repo/0.1/.xml/poolboy/poolboy.xml"
Reading XML for "/home/pete/wefwefwef/docs/other/410c467cc1e38393a7404fb48e4daff0/repo/0.1/.xml/poolboy/poolboy.xml"
Reading XML for "/home/pete/wefwefwef/docs/other/410c467cc1e38393a7404fb48e4daff0/repo/0.1/.xml/specs_poolboy.xml"
Generating HTML - poolboy_sup "/home/pete/wefwefwef/docs/other/410c467cc1e38393a7404fb48e4daff0/repo/0.1/.xml/poolboy/poolboy_sup.xml"
Reading XML for "/home/pete/wefwefwef/docs/other/410c467cc1e38393a7404fb48e4daff0/repo/0.1/.xml/poolboy/poolboy_sup.xml"
Reading XML for "/home/pete/wefwefwef/docs/other/410c467cc1e38393a7404fb48e4daff0/repo/0.1/.xml/specs_poolboy_sup.xml"
Creating index.html ...
Creating erldocs_index.js ...
Woot, finished in 0 Minutes 0 Seconds
 :: Discovering other repos
$ 5000  `rm -r '/home/pete/wefwefwef/docs/other/410c467cc1e38393a7404fb48e4daff0/poolboy-tag-0.1'  2>&1`
 :: Processing https://github.com/basho/poolboy	{rev,tag,"0.8.1p3","8bb45fbc715c5f493642a1cc572ec7017d0d5fa3",undefined,[],[]}
 :: Fetching repo code
$ cd '/home/pete/wefwefwef/docs/other/410c467cc1e38393a7404fb48e4daff0/poolboy-tag-0.8.1p3'
$ infinity  `curl --fail --silent --show-error --location --output repo.tar.gz 'https://codeload.github.com/basho/poolboy/legacy.tar.gz/0.8.1p3'  2>&1`
$ cd '/home/pete/wefwefwef/docs/erldocs_other.git'
$ cd '/home/pete/wefwefwef/docs/other/410c467cc1e38393a7404fb48e4daff0/poolboy-tag-0.8.1p3/basho-poolboy-f3f84a4'
$ 5000  `find -P . -type l -delete  2>&1`
$ cd '/home/pete/wefwefwef/docs/erldocs_other.git'
$ 5000  `mv '/home/pete/wefwefwef/docs/other/410c467cc1e38393a7404fb48e4daff0/poolboy-tag-0.8.1p3/basho-poolboy-f3f84a4' '/home/pete/wefwefwef/docs/other/410c467cc1e38393a7404fb48e4daff0/poolboy-tag-0.8.1p3/poolboy'  2>&1`
 :: Getting dependencies
$ cd '/home/pete/wefwefwef/docs/other/410c467cc1e38393a7404fb48e4daff0/poolboy-tag-0.8.1p3/poolboy'
$ 5000  `ls -1 deps/  2>&1`
$ cd '/home/pete/wefwefwef/docs/erldocs_other.git'
>>> [rebar] deps = []
 :: Generating erldocs into /home/pete/wefwefwef/docs/other/410c467cc1e38393a7404fb48e4daff0/repo/0.8.1p3
Building poolboy
Generating Type Specs - "/home/pete/wefwefwef/docs/other/410c467cc1e38393a7404fb48e4daff0/poolboy-tag-0.8.1p3/poolboy/src/poolboy.erl"
Generating Type Specs - "/home/pete/wefwefwef/docs/other/410c467cc1e38393a7404fb48e4daff0/poolboy-tag-0.8.1p3/poolboy/src/poolboy_sup.erl"
Generating Type Specs - "/home/pete/wefwefwef/docs/other/410c467cc1e38393a7404fb48e4daff0/poolboy-tag-0.8.1p3/poolboy/src/poolboy_worker.erl"
Generating XML for application poolboy "/home/pete/wefwefwef/docs/other/410c467cc1e38393a7404fb48e4daff0/poolboy-tag-0.8.1p3/poolboy" -> "/home/pete/wefwefwef/docs/other/410c467cc1e38393a7404fb48e4daff0/repo/0.8.1p3/.xml/poolboy"
Generated poolboy XMLs: ["/home/pete/wefwefwef/docs/other/410c467cc1e38393a7404fb48e4daff0/repo/0.8.1p3/.xml/poolboy/poolboy_sup.xml",
                         "/home/pete/wefwefwef/docs/other/410c467cc1e38393a7404fb48e4daff0/repo/0.8.1p3/.xml/poolboy/poolboy.xml",
                         "/home/pete/wefwefwef/docs/other/410c467cc1e38393a7404fb48e4daff0/repo/0.8.1p3/.xml/poolboy/poolboy_worker.xml"]
Generating HTML - poolboy_worker "/home/pete/wefwefwef/docs/other/410c467cc1e38393a7404fb48e4daff0/repo/0.8.1p3/.xml/poolboy/poolboy_worker.xml"
Reading XML for "/home/pete/wefwefwef/docs/other/410c467cc1e38393a7404fb48e4daff0/repo/0.8.1p3/.xml/poolboy/poolboy_worker.xml"
Reading XML for "/home/pete/wefwefwef/docs/other/410c467cc1e38393a7404fb48e4daff0/repo/0.8.1p3/.xml/specs_poolboy_worker.xml"
Generating HTML - poolboy "/home/pete/wefwefwef/docs/other/410c467cc1e38393a7404fb48e4daff0/repo/0.8.1p3/.xml/poolboy/poolboy.xml"
Reading XML for "/home/pete/wefwefwef/docs/other/410c467cc1e38393a7404fb48e4daff0/repo/0.8.1p3/.xml/poolboy/poolboy.xml"
Reading XML for "/home/pete/wefwefwef/docs/other/410c467cc1e38393a7404fb48e4daff0/repo/0.8.1p3/.xml/specs_poolboy.xml"
Generating HTML - poolboy_sup "/home/pete/wefwefwef/docs/other/410c467cc1e38393a7404fb48e4daff0/repo/0.8.1p3/.xml/poolboy/poolboy_sup.xml"
Reading XML for "/home/pete/wefwefwef/docs/other/410c467cc1e38393a7404fb48e4daff0/repo/0.8.1p3/.xml/poolboy/poolboy_sup.xml"
Reading XML for "/home/pete/wefwefwef/docs/other/410c467cc1e38393a7404fb48e4daff0/repo/0.8.1p3/.xml/specs_poolboy_sup.xml"
Creating index.html ...
Creating erldocs_index.js ...
Woot, finished in 0 Minutes 0 Seconds
 :: Discovering other repos
$ 5000  `rm -r '/home/pete/wefwefwef/docs/other/410c467cc1e38393a7404fb48e4daff0/poolboy-tag-0.8.1p3'  2>&1`
 :: Processing https://github.com/basho/poolboy	{rev,tag,"0.8.1p2","84d836ab49da618d1e3fb3947207bf9b7fcea335",undefined,[],[]}
 :: Fetching repo code
$ cd '/home/pete/wefwefwef/docs/other/410c467cc1e38393a7404fb48e4daff0/poolboy-tag-0.8.1p2'
$ infinity  `curl --fail --silent --show-error --location --output repo.tar.gz 'https://codeload.github.com/basho/poolboy/legacy.tar.gz/0.8.1p2'  2>&1`
$ cd '/home/pete/wefwefwef/docs/erldocs_other.git'
$ cd '/home/pete/wefwefwef/docs/other/410c467cc1e38393a7404fb48e4daff0/poolboy-tag-0.8.1p2/basho-poolboy-a5b4c33'
$ 5000  `find -P . -type l -delete  2>&1`
$ cd '/home/pete/wefwefwef/docs/erldocs_other.git'
$ 5000  `mv '/home/pete/wefwefwef/docs/other/410c467cc1e38393a7404fb48e4daff0/poolboy-tag-0.8.1p2/basho-poolboy-a5b4c33' '/home/pete/wefwefwef/docs/other/410c467cc1e38393a7404fb48e4daff0/poolboy-tag-0.8.1p2/poolboy'  2>&1`
 :: Getting dependencies
$ cd '/home/pete/wefwefwef/docs/other/410c467cc1e38393a7404fb48e4daff0/poolboy-tag-0.8.1p2/poolboy'
$ 5000  `ls -1 deps/  2>&1`
$ cd '/home/pete/wefwefwef/docs/erldocs_other.git'
>>> [rebar] deps = []
 :: Generating erldocs into /home/pete/wefwefwef/docs/other/410c467cc1e38393a7404fb48e4daff0/repo/0.8.1p2
Building poolboy
Generating Type Specs - "/home/pete/wefwefwef/docs/other/410c467cc1e38393a7404fb48e4daff0/poolboy-tag-0.8.1p2/poolboy/src/poolboy.erl"
Generating Type Specs - "/home/pete/wefwefwef/docs/other/410c467cc1e38393a7404fb48e4daff0/poolboy-tag-0.8.1p2/poolboy/src/poolboy_sup.erl"
Generating Type Specs - "/home/pete/wefwefwef/docs/other/410c467cc1e38393a7404fb48e4daff0/poolboy-tag-0.8.1p2/poolboy/src/poolboy_worker.erl"
Generating XML for application poolboy "/home/pete/wefwefwef/docs/other/410c467cc1e38393a7404fb48e4daff0/poolboy-tag-0.8.1p2/poolboy" -> "/home/pete/wefwefwef/docs/other/410c467cc1e38393a7404fb48e4daff0/repo/0.8.1p2/.xml/poolboy"
Generated poolboy XMLs: ["/home/pete/wefwefwef/docs/other/410c467cc1e38393a7404fb48e4daff0/repo/0.8.1p2/.xml/poolboy/poolboy_sup.xml",
                         "/home/pete/wefwefwef/docs/other/410c467cc1e38393a7404fb48e4daff0/repo/0.8.1p2/.xml/poolboy/poolboy.xml",
                         "/home/pete/wefwefwef/docs/other/410c467cc1e38393a7404fb48e4daff0/repo/0.8.1p2/.xml/poolboy/poolboy_worker.xml"]
Generating HTML - poolboy_worker "/home/pete/wefwefwef/docs/other/410c467cc1e38393a7404fb48e4daff0/repo/0.8.1p2/.xml/poolboy/poolboy_worker.xml"
Reading XML for "/home/pete/wefwefwef/docs/other/410c467cc1e38393a7404fb48e4daff0/repo/0.8.1p2/.xml/poolboy/poolboy_worker.xml"
Reading XML for "/home/pete/wefwefwef/docs/other/410c467cc1e38393a7404fb48e4daff0/repo/0.8.1p2/.xml/specs_poolboy_worker.xml"
Generating HTML - poolboy "/home/pete/wefwefwef/docs/other/410c467cc1e38393a7404fb48e4daff0/repo/0.8.1p2/.xml/poolboy/poolboy.xml"
Reading XML for "/home/pete/wefwefwef/docs/other/410c467cc1e38393a7404fb48e4daff0/repo/0.8.1p2/.xml/poolboy/poolboy.xml"
Reading XML for "/home/pete/wefwefwef/docs/other/410c467cc1e38393a7404fb48e4daff0/repo/0.8.1p2/.xml/specs_poolboy.xml"
Generating HTML - poolboy_sup "/home/pete/wefwefwef/docs/other/410c467cc1e38393a7404fb48e4daff0/repo/0.8.1p2/.xml/poolboy/poolboy_sup.xml"
Reading XML for "/home/pete/wefwefwef/docs/other/410c467cc1e38393a7404fb48e4daff0/repo/0.8.1p2/.xml/poolboy/poolboy_sup.xml"
Reading XML for "/home/pete/wefwefwef/docs/other/410c467cc1e38393a7404fb48e4daff0/repo/0.8.1p2/.xml/specs_poolboy_sup.xml"
Creating index.html ...
Creating erldocs_index.js ...
Woot, finished in 0 Minutes 0 Seconds
 :: Discovering other repos
$ 5000  `rm -r '/home/pete/wefwefwef/docs/other/410c467cc1e38393a7404fb48e4daff0/poolboy-tag-0.8.1p2'  2>&1`
 :: Processing https://github.com/basho/poolboy	{rev,tag,"0.8.1p1","82511c5e9949f10a5520c37b00c225445ba9a701",undefined,[],[]}
 :: Fetching repo code
$ cd '/home/pete/wefwefwef/docs/other/410c467cc1e38393a7404fb48e4daff0/poolboy-tag-0.8.1p1'
$ infinity  `curl --fail --silent --show-error --location --output repo.tar.gz 'https://codeload.github.com/basho/poolboy/legacy.tar.gz/0.8.1p1'  2>&1`
$ cd '/home/pete/wefwefwef/docs/erldocs_other.git'
$ cd '/home/pete/wefwefwef/docs/other/410c467cc1e38393a7404fb48e4daff0/poolboy-tag-0.8.1p1/basho-poolboy-f7d65b4'
$ 5000  `find -P . -type l -delete  2>&1`
$ cd '/home/pete/wefwefwef/docs/erldocs_other.git'
$ 5000  `mv '/home/pete/wefwefwef/docs/other/410c467cc1e38393a7404fb48e4daff0/poolboy-tag-0.8.1p1/basho-poolboy-f7d65b4' '/home/pete/wefwefwef/docs/other/410c467cc1e38393a7404fb48e4daff0/poolboy-tag-0.8.1p1/poolboy'  2>&1`
 :: Getting dependencies
$ cd '/home/pete/wefwefwef/docs/other/410c467cc1e38393a7404fb48e4daff0/poolboy-tag-0.8.1p1/poolboy'
$ 5000  `ls -1 deps/  2>&1`
$ cd '/home/pete/wefwefwef/docs/erldocs_other.git'
>>> [rebar] deps = []
 :: Generating erldocs into /home/pete/wefwefwef/docs/other/410c467cc1e38393a7404fb48e4daff0/repo/0.8.1p1
Building poolboy
Generating Type Specs - "/home/pete/wefwefwef/docs/other/410c467cc1e38393a7404fb48e4daff0/poolboy-tag-0.8.1p1/poolboy/src/poolboy.erl"
Generating Type Specs - "/home/pete/wefwefwef/docs/other/410c467cc1e38393a7404fb48e4daff0/poolboy-tag-0.8.1p1/poolboy/src/poolboy_sup.erl"
Generating Type Specs - "/home/pete/wefwefwef/docs/other/410c467cc1e38393a7404fb48e4daff0/poolboy-tag-0.8.1p1/poolboy/src/poolboy_worker.erl"
Generating XML for application poolboy "/home/pete/wefwefwef/docs/other/410c467cc1e38393a7404fb48e4daff0/poolboy-tag-0.8.1p1/poolboy" -> "/home/pete/wefwefwef/docs/other/410c467cc1e38393a7404fb48e4daff0/repo/0.8.1p1/.xml/poolboy"
Generated poolboy XMLs: ["/home/pete/wefwefwef/docs/other/410c467cc1e38393a7404fb48e4daff0/repo/0.8.1p1/.xml/poolboy/poolboy_sup.xml",
                         "/home/pete/wefwefwef/docs/other/410c467cc1e38393a7404fb48e4daff0/repo/0.8.1p1/.xml/poolboy/poolboy.xml",
                         "/home/pete/wefwefwef/docs/other/410c467cc1e38393a7404fb48e4daff0/repo/0.8.1p1/.xml/poolboy/poolboy_worker.xml"]
Generating HTML - poolboy_worker "/home/pete/wefwefwef/docs/other/410c467cc1e38393a7404fb48e4daff0/repo/0.8.1p1/.xml/poolboy/poolboy_worker.xml"
Reading XML for "/home/pete/wefwefwef/docs/other/410c467cc1e38393a7404fb48e4daff0/repo/0.8.1p1/.xml/poolboy/poolboy_worker.xml"
Reading XML for "/home/pete/wefwefwef/docs/other/410c467cc1e38393a7404fb48e4daff0/repo/0.8.1p1/.xml/specs_poolboy_worker.xml"
Generating HTML - poolboy "/home/pete/wefwefwef/docs/other/410c467cc1e38393a7404fb48e4daff0/repo/0.8.1p1/.xml/poolboy/poolboy.xml"
Reading XML for "/home/pete/wefwefwef/docs/other/410c467cc1e38393a7404fb48e4daff0/repo/0.8.1p1/.xml/poolboy/poolboy.xml"
Reading XML for "/home/pete/wefwefwef/docs/other/410c467cc1e38393a7404fb48e4daff0/repo/0.8.1p1/.xml/specs_poolboy.xml"
Generating HTML - poolboy_sup "/home/pete/wefwefwef/docs/other/410c467cc1e38393a7404fb48e4daff0/repo/0.8.1p1/.xml/poolboy/poolboy_sup.xml"
Reading XML for "/home/pete/wefwefwef/docs/other/410c467cc1e38393a7404fb48e4daff0/repo/0.8.1p1/.xml/poolboy/poolboy_sup.xml"
Reading XML for "/home/pete/wefwefwef/docs/other/410c467cc1e38393a7404fb48e4daff0/repo/0.8.1p1/.xml/specs_poolboy_sup.xml"
Creating index.html ...
Creating erldocs_index.js ...
Woot, finished in 0 Minutes 0 Seconds
 :: Discovering other repos
$ 5000  `rm -r '/home/pete/wefwefwef/docs/other/410c467cc1e38393a7404fb48e4daff0/poolboy-tag-0.8.1p1'  2>&1`
 :: Processing https://github.com/basho/poolboy	{rev,tag,"0.6.1","855802e0cc23c880246b2ab2e3acab187af04174",undefined,[],[]}
 :: Fetching repo code
$ cd '/home/pete/wefwefwef/docs/other/410c467cc1e38393a7404fb48e4daff0/poolboy-tag-0.6.1'
$ infinity  `curl --fail --silent --show-error --location --output repo.tar.gz 'https://codeload.github.com/basho/poolboy/legacy.tar.gz/0.6.1'  2>&1`
$ cd '/home/pete/wefwefwef/docs/erldocs_other.git'
$ cd '/home/pete/wefwefwef/docs/other/410c467cc1e38393a7404fb48e4daff0/poolboy-tag-0.6.1/basho-poolboy-3e989a9'
$ 5000  `find -P . -type l -delete  2>&1`
$ cd '/home/pete/wefwefwef/docs/erldocs_other.git'
$ 5000  `mv '/home/pete/wefwefwef/docs/other/410c467cc1e38393a7404fb48e4daff0/poolboy-tag-0.6.1/basho-poolboy-3e989a9' '/home/pete/wefwefwef/docs/other/410c467cc1e38393a7404fb48e4daff0/poolboy-tag-0.6.1/poolboy'  2>&1`
 :: Getting dependencies
$ cd '/home/pete/wefwefwef/docs/other/410c467cc1e38393a7404fb48e4daff0/poolboy-tag-0.6.1/poolboy'
$ 5000  `ls -1 deps/  2>&1`
$ cd '/home/pete/wefwefwef/docs/erldocs_other.git'
>>> [rebar] deps = []
 :: Generating erldocs into /home/pete/wefwefwef/docs/other/410c467cc1e38393a7404fb48e4daff0/repo/0.6.1
Building poolboy
Generating Type Specs - "/home/pete/wefwefwef/docs/other/410c467cc1e38393a7404fb48e4daff0/poolboy-tag-0.6.1/poolboy/src/poolboy.erl"
Generating Type Specs - "/home/pete/wefwefwef/docs/other/410c467cc1e38393a7404fb48e4daff0/poolboy-tag-0.6.1/poolboy/src/poolboy_sup.erl"
Generating XML for application poolboy "/home/pete/wefwefwef/docs/other/410c467cc1e38393a7404fb48e4daff0/poolboy-tag-0.6.1/poolboy" -> "/home/pete/wefwefwef/docs/other/410c467cc1e38393a7404fb48e4daff0/repo/0.6.1/.xml/poolboy"
Generated poolboy XMLs: ["/home/pete/wefwefwef/docs/other/410c467cc1e38393a7404fb48e4daff0/repo/0.6.1/.xml/poolboy/poolboy_sup.xml",
                         "/home/pete/wefwefwef/docs/other/410c467cc1e38393a7404fb48e4daff0/repo/0.6.1/.xml/poolboy/poolboy.xml"]
Generating HTML - poolboy "/home/pete/wefwefwef/docs/other/410c467cc1e38393a7404fb48e4daff0/repo/0.6.1/.xml/poolboy/poolboy.xml"
Reading XML for "/home/pete/wefwefwef/docs/other/410c467cc1e38393a7404fb48e4daff0/repo/0.6.1/.xml/poolboy/poolboy.xml"
Reading XML for "/home/pete/wefwefwef/docs/other/410c467cc1e38393a7404fb48e4daff0/repo/0.6.1/.xml/specs_poolboy.xml"
Generating HTML - poolboy_sup "/home/pete/wefwefwef/docs/other/410c467cc1e38393a7404fb48e4daff0/repo/0.6.1/.xml/poolboy/poolboy_sup.xml"
Reading XML for "/home/pete/wefwefwef/docs/other/410c467cc1e38393a7404fb48e4daff0/repo/0.6.1/.xml/poolboy/poolboy_sup.xml"
Reading XML for "/home/pete/wefwefwef/docs/other/410c467cc1e38393a7404fb48e4daff0/repo/0.6.1/.xml/specs_poolboy_sup.xml"
Creating index.html ...
Creating erldocs_index.js ...
Woot, finished in 0 Minutes 0 Seconds
 :: Discovering other repos
$ 5000  `rm -r '/home/pete/wefwefwef/docs/other/410c467cc1e38393a7404fb48e4daff0/poolboy-tag-0.6.1'  2>&1`
 :: Processing https://github.com/basho/poolboy	{rev,tag,"0.6","e89a71b57688cf28b4099039abb62cc795560536",undefined,[],[]}
 :: Fetching repo code
$ cd '/home/pete/wefwefwef/docs/other/410c467cc1e38393a7404fb48e4daff0/poolboy-tag-0.6'
$ infinity  `curl --fail --silent --show-error --location --output repo.tar.gz 'https://codeload.github.com/basho/poolboy/legacy.tar.gz/0.6'  2>&1`
$ cd '/home/pete/wefwefwef/docs/erldocs_other.git'
$ cd '/home/pete/wefwefwef/docs/other/410c467cc1e38393a7404fb48e4daff0/poolboy-tag-0.6/basho-poolboy-d69b3bb'
$ 5000  `find -P . -type l -delete  2>&1`
$ cd '/home/pete/wefwefwef/docs/erldocs_other.git'
$ 5000  `mv '/home/pete/wefwefwef/docs/other/410c467cc1e38393a7404fb48e4daff0/poolboy-tag-0.6/basho-poolboy-d69b3bb' '/home/pete/wefwefwef/docs/other/410c467cc1e38393a7404fb48e4daff0/poolboy-tag-0.6/poolboy'  2>&1`
 :: Getting dependencies
$ cd '/home/pete/wefwefwef/docs/other/410c467cc1e38393a7404fb48e4daff0/poolboy-tag-0.6/poolboy'
$ 5000  `ls -1 deps/  2>&1`
$ cd '/home/pete/wefwefwef/docs/erldocs_other.git'
>>> [rebar] deps = []
 :: Generating erldocs into /home/pete/wefwefwef/docs/other/410c467cc1e38393a7404fb48e4daff0/repo/0.6
Building poolboy
Generating Type Specs - "/home/pete/wefwefwef/docs/other/410c467cc1e38393a7404fb48e4daff0/poolboy-tag-0.6/poolboy/src/poolboy.erl"
Generating Type Specs - "/home/pete/wefwefwef/docs/other/410c467cc1e38393a7404fb48e4daff0/poolboy-tag-0.6/poolboy/src/poolboy_sup.erl"
Generating XML for application poolboy "/home/pete/wefwefwef/docs/other/410c467cc1e38393a7404fb48e4daff0/poolboy-tag-0.6/poolboy" -> "/home/pete/wefwefwef/docs/other/410c467cc1e38393a7404fb48e4daff0/repo/0.6/.xml/poolboy"
Generated poolboy XMLs: ["/home/pete/wefwefwef/docs/other/410c467cc1e38393a7404fb48e4daff0/repo/0.6/.xml/poolboy/poolboy_sup.xml",
                         "/home/pete/wefwefwef/docs/other/410c467cc1e38393a7404fb48e4daff0/repo/0.6/.xml/poolboy/poolboy.xml"]
Generating HTML - poolboy "/home/pete/wefwefwef/docs/other/410c467cc1e38393a7404fb48e4daff0/repo/0.6/.xml/poolboy/poolboy.xml"
Reading XML for "/home/pete/wefwefwef/docs/other/410c467cc1e38393a7404fb48e4daff0/repo/0.6/.xml/poolboy/poolboy.xml"
Reading XML for "/home/pete/wefwefwef/docs/other/410c467cc1e38393a7404fb48e4daff0/repo/0.6/.xml/specs_poolboy.xml"
Generating HTML - poolboy_sup "/home/pete/wefwefwef/docs/other/410c467cc1e38393a7404fb48e4daff0/repo/0.6/.xml/poolboy/poolboy_sup.xml"
Reading XML for "/home/pete/wefwefwef/docs/other/410c467cc1e38393a7404fb48e4daff0/repo/0.6/.xml/poolboy/poolboy_sup.xml"
Reading XML for "/home/pete/wefwefwef/docs/other/410c467cc1e38393a7404fb48e4daff0/repo/0.6/.xml/specs_poolboy_sup.xml"
Creating index.html ...
Creating erldocs_index.js ...
Woot, finished in 0 Minutes 0 Seconds
 :: Discovering other repos
$ 5000  `rm -r '/home/pete/wefwefwef/docs/other/410c467cc1e38393a7404fb48e4daff0/poolboy-tag-0.6'  2>&1`
 :: Processing https://github.com/basho/poolboy	{rev,tag,"0.5","e6aeeff113e097be7ab183f9ce1cd31dd1a61425",undefined,[],[]}
 :: Fetching repo code
$ cd '/home/pete/wefwefwef/docs/other/410c467cc1e38393a7404fb48e4daff0/poolboy-tag-0.5'
$ infinity  `curl --fail --silent --show-error --location --output repo.tar.gz 'https://codeload.github.com/basho/poolboy/legacy.tar.gz/0.5'  2>&1`
$ cd '/home/pete/wefwefwef/docs/erldocs_other.git'
$ cd '/home/pete/wefwefwef/docs/other/410c467cc1e38393a7404fb48e4daff0/poolboy-tag-0.5/basho-poolboy-a6ee624'
$ 5000  `find -P . -type l -delete  2>&1`
$ cd '/home/pete/wefwefwef/docs/erldocs_other.git'
$ 5000  `mv '/home/pete/wefwefwef/docs/other/410c467cc1e38393a7404fb48e4daff0/poolboy-tag-0.5/basho-poolboy-a6ee624' '/home/pete/wefwefwef/docs/other/410c467cc1e38393a7404fb48e4daff0/poolboy-tag-0.5/poolboy'  2>&1`
 :: Getting dependencies
$ cd '/home/pete/wefwefwef/docs/other/410c467cc1e38393a7404fb48e4daff0/poolboy-tag-0.5/poolboy'
$ 5000  `ls -1 deps/  2>&1`
$ cd '/home/pete/wefwefwef/docs/erldocs_other.git'
>>> [rebar] deps = []
 :: Generating erldocs into /home/pete/wefwefwef/docs/other/410c467cc1e38393a7404fb48e4daff0/repo/0.5
Building poolboy
Generating Type Specs - "/home/pete/wefwefwef/docs/other/410c467cc1e38393a7404fb48e4daff0/poolboy-tag-0.5/poolboy/src/poolboy.erl"
Generating Type Specs - "/home/pete/wefwefwef/docs/other/410c467cc1e38393a7404fb48e4daff0/poolboy-tag-0.5/poolboy/src/poolboy_sup.erl"
Generating XML for application poolboy "/home/pete/wefwefwef/docs/other/410c467cc1e38393a7404fb48e4daff0/poolboy-tag-0.5/poolboy" -> "/home/pete/wefwefwef/docs/other/410c467cc1e38393a7404fb48e4daff0/repo/0.5/.xml/poolboy"
Generated poolboy XMLs: ["/home/pete/wefwefwef/docs/other/410c467cc1e38393a7404fb48e4daff0/repo/0.5/.xml/poolboy/poolboy_sup.xml",
                         "/home/pete/wefwefwef/docs/other/410c467cc1e38393a7404fb48e4daff0/repo/0.5/.xml/poolboy/poolboy.xml"]
Generating HTML - poolboy "/home/pete/wefwefwef/docs/other/410c467cc1e38393a7404fb48e4daff0/repo/0.5/.xml/poolboy/poolboy.xml"
Reading XML for "/home/pete/wefwefwef/docs/other/410c467cc1e38393a7404fb48e4daff0/repo/0.5/.xml/poolboy/poolboy.xml"
Reading XML for "/home/pete/wefwefwef/docs/other/410c467cc1e38393a7404fb48e4daff0/repo/0.5/.xml/specs_poolboy.xml"
Generating HTML - poolboy_sup "/home/pete/wefwefwef/docs/other/410c467cc1e38393a7404fb48e4daff0/repo/0.5/.xml/poolboy/poolboy_sup.xml"
Reading XML for "/home/pete/wefwefwef/docs/other/410c467cc1e38393a7404fb48e4daff0/repo/0.5/.xml/poolboy/poolboy_sup.xml"
Reading XML for "/home/pete/wefwefwef/docs/other/410c467cc1e38393a7404fb48e4daff0/repo/0.5/.xml/specs_poolboy_sup.xml"
Creating index.html ...
Creating erldocs_index.js ...
Woot, finished in 0 Minutes 0 Seconds
 :: Discovering other repos
$ 5000  `rm -r '/home/pete/wefwefwef/docs/other/410c467cc1e38393a7404fb48e4daff0/poolboy-tag-0.5'  2>&1`
 :: Processing https://github.com/basho/poolboy	{rev,tag,"0.4","280c223f569c9d15ac358964e6895c2d1b27328d",undefined,[],[]}
 :: Fetching repo code
$ cd '/home/pete/wefwefwef/docs/other/410c467cc1e38393a7404fb48e4daff0/poolboy-tag-0.4'
$ infinity  `curl --fail --silent --show-error --location --output repo.tar.gz 'https://codeload.github.com/basho/poolboy/legacy.tar.gz/0.4'  2>&1`
$ cd '/home/pete/wefwefwef/docs/erldocs_other.git'
$ cd '/home/pete/wefwefwef/docs/other/410c467cc1e38393a7404fb48e4daff0/poolboy-tag-0.4/basho-poolboy-0dc9563'
$ 5000  `find -P . -type l -delete  2>&1`
$ cd '/home/pete/wefwefwef/docs/erldocs_other.git'
$ 5000  `mv '/home/pete/wefwefwef/docs/other/410c467cc1e38393a7404fb48e4daff0/poolboy-tag-0.4/basho-poolboy-0dc9563' '/home/pete/wefwefwef/docs/other/410c467cc1e38393a7404fb48e4daff0/poolboy-tag-0.4/poolboy'  2>&1`
 :: Getting dependencies
$ cd '/home/pete/wefwefwef/docs/other/410c467cc1e38393a7404fb48e4daff0/poolboy-tag-0.4/poolboy'
$ 5000  `ls -1 deps/  2>&1`
$ cd '/home/pete/wefwefwef/docs/erldocs_other.git'
>>> [rebar] deps = []
 :: Generating erldocs into /home/pete/wefwefwef/docs/other/410c467cc1e38393a7404fb48e4daff0/repo/0.4
Building poolboy
Generating Type Specs - "/home/pete/wefwefwef/docs/other/410c467cc1e38393a7404fb48e4daff0/poolboy-tag-0.4/poolboy/src/poolboy.erl"
Generating Type Specs - "/home/pete/wefwefwef/docs/other/410c467cc1e38393a7404fb48e4daff0/poolboy-tag-0.4/poolboy/src/poolboy_sup.erl"
Generating XML for application poolboy "/home/pete/wefwefwef/docs/other/410c467cc1e38393a7404fb48e4daff0/poolboy-tag-0.4/poolboy" -> "/home/pete/wefwefwef/docs/other/410c467cc1e38393a7404fb48e4daff0/repo/0.4/.xml/poolboy"
Generated poolboy XMLs: ["/home/pete/wefwefwef/docs/other/410c467cc1e38393a7404fb48e4daff0/repo/0.4/.xml/poolboy/poolboy_sup.xml",
                         "/home/pete/wefwefwef/docs/other/410c467cc1e38393a7404fb48e4daff0/repo/0.4/.xml/poolboy/poolboy.xml"]
Generating HTML - poolboy "/home/pete/wefwefwef/docs/other/410c467cc1e38393a7404fb48e4daff0/repo/0.4/.xml/poolboy/poolboy.xml"
Reading XML for "/home/pete/wefwefwef/docs/other/410c467cc1e38393a7404fb48e4daff0/repo/0.4/.xml/poolboy/poolboy.xml"
Reading XML for "/home/pete/wefwefwef/docs/other/410c467cc1e38393a7404fb48e4daff0/repo/0.4/.xml/specs_poolboy.xml"
Generating HTML - poolboy_sup "/home/pete/wefwefwef/docs/other/410c467cc1e38393a7404fb48e4daff0/repo/0.4/.xml/poolboy/poolboy_sup.xml"
Reading XML for "/home/pete/wefwefwef/docs/other/410c467cc1e38393a7404fb48e4daff0/repo/0.4/.xml/poolboy/poolboy_sup.xml"
Reading XML for "/home/pete/wefwefwef/docs/other/410c467cc1e38393a7404fb48e4daff0/repo/0.4/.xml/specs_poolboy_sup.xml"
Creating index.html ...
Creating erldocs_index.js ...
Woot, finished in 0 Minutes 0 Seconds
 :: Discovering other repos
$ 5000  `rm -r '/home/pete/wefwefwef/docs/other/410c467cc1e38393a7404fb48e4daff0/poolboy-tag-0.4'  2>&1`
 :: Processing https://github.com/basho/poolboy	{rev,tag,"0.3.1","211a8fa806a0647f688e9cb7728b0dfbe7a50360",undefined,[],[]}
 :: Fetching repo code
$ cd '/home/pete/wefwefwef/docs/other/410c467cc1e38393a7404fb48e4daff0/poolboy-tag-0.3.1'
$ infinity  `curl --fail --silent --show-error --location --output repo.tar.gz 'https://codeload.github.com/basho/poolboy/legacy.tar.gz/0.3.1'  2>&1`
$ cd '/home/pete/wefwefwef/docs/erldocs_other.git'
$ cd '/home/pete/wefwefwef/docs/other/410c467cc1e38393a7404fb48e4daff0/poolboy-tag-0.3.1/basho-poolboy-6ded00b'
$ 5000  `find -P . -type l -delete  2>&1`
$ cd '/home/pete/wefwefwef/docs/erldocs_other.git'
$ 5000  `mv '/home/pete/wefwefwef/docs/other/410c467cc1e38393a7404fb48e4daff0/poolboy-tag-0.3.1/basho-poolboy-6ded00b' '/home/pete/wefwefwef/docs/other/410c467cc1e38393a7404fb48e4daff0/poolboy-tag-0.3.1/poolboy'  2>&1`
 :: Getting dependencies
$ cd '/home/pete/wefwefwef/docs/other/410c467cc1e38393a7404fb48e4daff0/poolboy-tag-0.3.1/poolboy'
$ 5000  `ls -1 deps/  2>&1`
$ cd '/home/pete/wefwefwef/docs/erldocs_other.git'
>>> [rebar] deps = []
 :: Generating erldocs into /home/pete/wefwefwef/docs/other/410c467cc1e38393a7404fb48e4daff0/repo/0.3.1
Building poolboy
Generating Type Specs - "/home/pete/wefwefwef/docs/other/410c467cc1e38393a7404fb48e4daff0/poolboy-tag-0.3.1/poolboy/src/poolboy.erl"
Generating Type Specs - "/home/pete/wefwefwef/docs/other/410c467cc1e38393a7404fb48e4daff0/poolboy-tag-0.3.1/poolboy/src/poolboy_sup.erl"
Generating XML for application poolboy "/home/pete/wefwefwef/docs/other/410c467cc1e38393a7404fb48e4daff0/poolboy-tag-0.3.1/poolboy" -> "/home/pete/wefwefwef/docs/other/410c467cc1e38393a7404fb48e4daff0/repo/0.3.1/.xml/poolboy"
Generated poolboy XMLs: ["/home/pete/wefwefwef/docs/other/410c467cc1e38393a7404fb48e4daff0/repo/0.3.1/.xml/poolboy/poolboy_sup.xml",
                         "/home/pete/wefwefwef/docs/other/410c467cc1e38393a7404fb48e4daff0/repo/0.3.1/.xml/poolboy/poolboy.xml"]
Generating HTML - poolboy "/home/pete/wefwefwef/docs/other/410c467cc1e38393a7404fb48e4daff0/repo/0.3.1/.xml/poolboy/poolboy.xml"
Reading XML for "/home/pete/wefwefwef/docs/other/410c467cc1e38393a7404fb48e4daff0/repo/0.3.1/.xml/poolboy/poolboy.xml"
Reading XML for "/home/pete/wefwefwef/docs/other/410c467cc1e38393a7404fb48e4daff0/repo/0.3.1/.xml/specs_poolboy.xml"
Generating HTML - poolboy_sup "/home/pete/wefwefwef/docs/other/410c467cc1e38393a7404fb48e4daff0/repo/0.3.1/.xml/poolboy/poolboy_sup.xml"
Reading XML for "/home/pete/wefwefwef/docs/other/410c467cc1e38393a7404fb48e4daff0/repo/0.3.1/.xml/poolboy/poolboy_sup.xml"
Reading XML for "/home/pete/wefwefwef/docs/other/410c467cc1e38393a7404fb48e4daff0/repo/0.3.1/.xml/specs_poolboy_sup.xml"
Creating index.html ...
Creating erldocs_index.js ...
Woot, finished in 0 Minutes 0 Seconds
 :: Discovering other repos
$ 5000  `rm -r '/home/pete/wefwefwef/docs/other/410c467cc1e38393a7404fb48e4daff0/poolboy-tag-0.3.1'  2>&1`
 :: Processing https://github.com/basho/poolboy	{rev,tag,"0.3","0deace6ab4055f6a8ef4684ae0cb162640eb3b52",undefined,[],[]}
 :: Fetching repo code
$ cd '/home/pete/wefwefwef/docs/other/410c467cc1e38393a7404fb48e4daff0/poolboy-tag-0.3'
$ infinity  `curl --fail --silent --show-error --location --output repo.tar.gz 'https://codeload.github.com/basho/poolboy/legacy.tar.gz/0.3'  2>&1`
$ cd '/home/pete/wefwefwef/docs/erldocs_other.git'
$ cd '/home/pete/wefwefwef/docs/other/410c467cc1e38393a7404fb48e4daff0/poolboy-tag-0.3/basho-poolboy-6a2b642'
$ 5000  `find -P . -type l -delete  2>&1`
$ cd '/home/pete/wefwefwef/docs/erldocs_other.git'
$ 5000  `mv '/home/pete/wefwefwef/docs/other/410c467cc1e38393a7404fb48e4daff0/poolboy-tag-0.3/basho-poolboy-6a2b642' '/home/pete/wefwefwef/docs/other/410c467cc1e38393a7404fb48e4daff0/poolboy-tag-0.3/poolboy'  2>&1`
 :: Getting dependencies
$ cd '/home/pete/wefwefwef/docs/other/410c467cc1e38393a7404fb48e4daff0/poolboy-tag-0.3/poolboy'
$ 5000  `ls -1 deps/  2>&1`
$ cd '/home/pete/wefwefwef/docs/erldocs_other.git'
>>> [rebar] deps = []
 :: Generating erldocs into /home/pete/wefwefwef/docs/other/410c467cc1e38393a7404fb48e4daff0/repo/0.3
Building poolboy
Generating Type Specs - "/home/pete/wefwefwef/docs/other/410c467cc1e38393a7404fb48e4daff0/poolboy-tag-0.3/poolboy/src/poolboy.erl"
Generating Type Specs - "/home/pete/wefwefwef/docs/other/410c467cc1e38393a7404fb48e4daff0/poolboy-tag-0.3/poolboy/src/poolboy_sup.erl"
Generating XML for application poolboy "/home/pete/wefwefwef/docs/other/410c467cc1e38393a7404fb48e4daff0/poolboy-tag-0.3/poolboy" -> "/home/pete/wefwefwef/docs/other/410c467cc1e38393a7404fb48e4daff0/repo/0.3/.xml/poolboy"
Generated poolboy XMLs: ["/home/pete/wefwefwef/docs/other/410c467cc1e38393a7404fb48e4daff0/repo/0.3/.xml/poolboy/poolboy_sup.xml",
                         "/home/pete/wefwefwef/docs/other/410c467cc1e38393a7404fb48e4daff0/repo/0.3/.xml/poolboy/poolboy.xml"]
Generating HTML - poolboy "/home/pete/wefwefwef/docs/other/410c467cc1e38393a7404fb48e4daff0/repo/0.3/.xml/poolboy/poolboy.xml"
Reading XML for "/home/pete/wefwefwef/docs/other/410c467cc1e38393a7404fb48e4daff0/repo/0.3/.xml/poolboy/poolboy.xml"
Reading XML for "/home/pete/wefwefwef/docs/other/410c467cc1e38393a7404fb48e4daff0/repo/0.3/.xml/specs_poolboy.xml"
Generating HTML - poolboy_sup "/home/pete/wefwefwef/docs/other/410c467cc1e38393a7404fb48e4daff0/repo/0.3/.xml/poolboy/poolboy_sup.xml"
Reading XML for "/home/pete/wefwefwef/docs/other/410c467cc1e38393a7404fb48e4daff0/repo/0.3/.xml/poolboy/poolboy_sup.xml"
Reading XML for "/home/pete/wefwefwef/docs/other/410c467cc1e38393a7404fb48e4daff0/repo/0.3/.xml/specs_poolboy_sup.xml"
Creating index.html ...
Creating erldocs_index.js ...
Woot, finished in 0 Minutes 0 Seconds
 :: Discovering other repos
$ 5000  `rm -r '/home/pete/wefwefwef/docs/other/410c467cc1e38393a7404fb48e4daff0/poolboy-tag-0.3'  2>&1`
 :: Finishing up
$ 5000  `rm -r '/home/pete/wefwefwef/docs/other/410c467cc1e38393a7404fb48e4daff0/poolboy'  2>&1`
