 :: Extracting meta information
$ 5000  `git ls-remote --heads --tags 'https://github.com/stolen/dysdav'  2>&1`
>>> [repo] 1 branches, 0 tags
 :: Writing meta to "/home/pete/wefwefwef/docs/other/5160952901/meta.txt"
 :: Processing https://github.com/stolen/dysdav	{rev,branch,"master","17f4f82bec344b275b8481aa921d172276b811df",undefined,[],[]}
 :: Fetching repo code
$ cd "/home/pete/wefwefwef/docs/other/5160952901/dysdav-branch-master/dysdav"
$ infinity  `curl --fail --silent --show-error --location --output 'master.zip' 'https://github.com/stolen/dysdav/archive/master.zip'  2>&1`
$ cd "/home/pete/wefwefwef/docs/erldocs_other.git"
$ cd "/home/pete/wefwefwef/docs/other/5160952901/dysdav-branch-master/dysdav"
$ 5000  `find -P . -type l -delete  2>&1`
$ cd "/home/pete/wefwefwef/docs/erldocs_other.git"
$ cd "/home/pete/wefwefwef/docs/other/5160952901/dysdav-branch-master/dysdav"
$ 5000  `find 'dysdav-master' -mindepth 1 -maxdepth 1 -exec mv -t . -- {} +  2>&1`
$ cd "/home/pete/wefwefwef/docs/erldocs_other.git"
 :: Getting dependencies
$ cd "/home/pete/wefwefwef/docs/other/5160952901/dysdav-branch-master/dysdav"
$ 5000  `ls -1 deps/  2>&1`
$ cd "/home/pete/wefwefwef/docs/erldocs_other.git"
>>> [rebar] deps = []
 :: Generating erldocs into /home/pete/wefwefwef/docs/other/5160952901/repo/master
Building dysdav
Generating Type Specs - "/home/pete/wefwefwef/docs/other/5160952901/dysdav-branch-master/dysdav/src/dys_inode.erl"
Generating Type Specs - "/home/pete/wefwefwef/docs/other/5160952901/dysdav-branch-master/dysdav/src/dys_inode_srv.erl"
Generating Type Specs - "/home/pete/wefwefwef/docs/other/5160952901/dysdav-branch-master/dysdav/src/dys_inode_sup.erl"
Generating Type Specs - "/home/pete/wefwefwef/docs/other/5160952901/dysdav-branch-master/dysdav/src/dys_reg.erl"
Generating Type Specs - "/home/pete/wefwefwef/docs/other/5160952901/dysdav-branch-master/dysdav/src/dys_storage_mongo.erl"
Generating Type Specs - "/home/pete/wefwefwef/docs/other/5160952901/dysdav-branch-master/dysdav/src/dys_time.erl"
Generating Type Specs - "/home/pete/wefwefwef/docs/other/5160952901/dysdav-branch-master/dysdav/src/dysdav.erl"
Generating XML for application dysdav "/home/pete/wefwefwef/docs/other/5160952901/dysdav-branch-master/dysdav" -> "/home/pete/wefwefwef/docs/other/5160952901/repo/master/.xml/dysdav"
2990- fatal: {invalid_name,"<\"path"}
/home/pete/wefwefwef/docs/other/5160952901/dysdav-branch-master/dysdav/src/dys_inode_srv.erl, function add_child/3: at line 27: error in XML parser: {fatal,{{invalid_name,"<\"path"},
                             {file,file_name_unknown},
                             {line,27},
                             {col,10}}}.
edoc: skipping source file '/home/pete/wefwefwef/docs/other/5160952901/dysdav-branch-master/dysdav/src/dys_inode_srv.erl': {'EXIT',
                                                                                                                      error}.
edoc: error in doclet 'edoc_doclet': {'EXIT',error}.
Error generating dysdav XMLs. Using fallback ...
Generating XML dysdav - dys_inode "/home/pete/wefwefwef/docs/other/5160952901/dysdav-branch-master/dysdav/src/dys_inode.erl" -> "/home/pete/wefwefwef/docs/other/5160952901/repo/master/.xml/dysdav/dys_inode.xml"
Generating XML dysdav - dys_inode_srv "/home/pete/wefwefwef/docs/other/5160952901/dysdav-branch-master/dysdav/src/dys_inode_srv.erl" -> "/home/pete/wefwefwef/docs/other/5160952901/repo/master/.xml/dysdav/dys_inode_srv.xml"
2990- fatal: {invalid_name,"<\"path"}
/home/pete/wefwefwef/docs/other/5160952901/dysdav-branch-master/dysdav/src/dys_inode_srv.erl, function add_child/3: at line 27: error in XML parser: {fatal,{{invalid_name,"<\"path"},
                             {file,file_name_unknown},
                             {line,27},
                             {col,10}}}.
Error generating XML ("/home/pete/wefwefwef/docs/other/5160952901/dysdav-branch-master/dysdav/src/dys_inode_srv.erl"): {'EXIT',
                                                                                                                        error}
Generating XML dysdav - dys_inode_sup "/home/pete/wefwefwef/docs/other/5160952901/dysdav-branch-master/dysdav/src/dys_inode_sup.erl" -> "/home/pete/wefwefwef/docs/other/5160952901/repo/master/.xml/dysdav/dys_inode_sup.xml"
Generating XML dysdav - dys_reg "/home/pete/wefwefwef/docs/other/5160952901/dysdav-branch-master/dysdav/src/dys_reg.erl" -> "/home/pete/wefwefwef/docs/other/5160952901/repo/master/.xml/dysdav/dys_reg.xml"
Generating XML dysdav - dys_storage_mongo "/home/pete/wefwefwef/docs/other/5160952901/dysdav-branch-master/dysdav/src/dys_storage_mongo.erl" -> "/home/pete/wefwefwef/docs/other/5160952901/repo/master/.xml/dysdav/dys_storage_mongo.xml"
Generating XML dysdav - dys_time "/home/pete/wefwefwef/docs/other/5160952901/dysdav-branch-master/dysdav/src/dys_time.erl" -> "/home/pete/wefwefwef/docs/other/5160952901/repo/master/.xml/dysdav/dys_time.xml"
Generating XML dysdav - dysdav "/home/pete/wefwefwef/docs/other/5160952901/dysdav-branch-master/dysdav/src/dysdav.erl" -> "/home/pete/wefwefwef/docs/other/5160952901/repo/master/.xml/dysdav/dysdav.xml"
Generating HTML - dysdav "/home/pete/wefwefwef/docs/other/5160952901/repo/master/.xml/dysdav/dysdav.xml"
Generating HTML - dys_time "/home/pete/wefwefwef/docs/other/5160952901/repo/master/.xml/dysdav/dys_time.xml"
Generating HTML - dys_storage_mongo "/home/pete/wefwefwef/docs/other/5160952901/repo/master/.xml/dysdav/dys_storage_mongo.xml"
Generating HTML - dys_inode "/home/pete/wefwefwef/docs/other/5160952901/repo/master/.xml/dysdav/dys_inode.xml"
Reading XML for "/home/pete/wefwefwef/docs/other/5160952901/repo/master/.xml/dysdav/dysdav.xml"
Reading XML for "/home/pete/wefwefwef/docs/other/5160952901/repo/master/.xml/dysdav/dys_time.xml"
Reading XML for "/home/pete/wefwefwef/docs/other/5160952901/repo/master/.xml/dysdav/dys_storage_mongo.xml"
Reading XML for "/home/pete/wefwefwef/docs/other/5160952901/repo/master/.xml/dysdav/dys_inode.xml"
Reading XML for "/home/pete/wefwefwef/docs/other/5160952901/repo/master/.xml/specs_dysdav.xml"
Reading XML for "/home/pete/wefwefwef/docs/other/5160952901/repo/master/.xml/specs_dys_time.xml"
Reading XML for "/home/pete/wefwefwef/docs/other/5160952901/repo/master/.xml/specs_dys_storage_mongo.xml"
Reading XML for "/home/pete/wefwefwef/docs/other/5160952901/repo/master/.xml/specs_dys_inode.xml"
Generating HTML - dys_inode_sup "/home/pete/wefwefwef/docs/other/5160952901/repo/master/.xml/dysdav/dys_inode_sup.xml"
Reading XML for "/home/pete/wefwefwef/docs/other/5160952901/repo/master/.xml/dysdav/dys_inode_sup.xml"
Reading XML for "/home/pete/wefwefwef/docs/other/5160952901/repo/master/.xml/specs_dys_inode_sup.xml"
Generating HTML - dys_reg "/home/pete/wefwefwef/docs/other/5160952901/repo/master/.xml/dysdav/dys_reg.xml"
Reading XML for "/home/pete/wefwefwef/docs/other/5160952901/repo/master/.xml/dysdav/dys_reg.xml"
Reading XML for "/home/pete/wefwefwef/docs/other/5160952901/repo/master/.xml/specs_dys_reg.xml"
Creating index.html ...
Creating erldocs_index.js ...
Woot, finished in 0 Minutes 0 Seconds
 :: Discovering other repos
$ 5000  `rm -r '/home/pete/wefwefwef/docs/other/5160952901/dysdav-branch-master'  2>&1`
 :: Finishing up
$ 5000  `rm -r '/home/pete/wefwefwef/docs/other/5160952901/dysdav'  2>&1`
