 :: Extracting meta information
$ infinity  `git ls-remote --heads --tags 'https://github.com/spasennyi4ert/fix-fast-protocol'  2>&1`
>>> [repo] 1 branches, 0 tags
 :: Writing meta to "/home/pete/wefwefwef/docs/other/23a7b15ce12bc82d224f144bba41300c779b761c/meta.txt"
 :: Processing https://github.com/spasennyi4ert/fix-fast-protocol	{rev,branch,"master","f14f733823ad4be60b72279fde1081c5e11a2050",undefined,[],[]}
 :: Fetching repo code
$ cd '/home/pete/wefwefwef/docs/other/23a7b15ce12bc82d224f144bba41300c779b761c/fix-fast-protocol-branch-master'
$ infinity  `curl --fail --silent --show-error --location --output repo.tar.gz 'https://codeload.github.com/spasennyi4ert/fix-fast-protocol/legacy.tar.gz/master'  2>&1`
$ cd '/home/pete/wefwefwef/docs/erldocs_other.git'
$ cd '/home/pete/wefwefwef/docs/other/23a7b15ce12bc82d224f144bba41300c779b761c/fix-fast-protocol-branch-master/Spasennyi4ert-FIX-FAST-protocol-f14f733'
$ 5000  `find -P . -type l -delete  2>&1`
$ cd '/home/pete/wefwefwef/docs/erldocs_other.git'
$ 5000  `mv '/home/pete/wefwefwef/docs/other/23a7b15ce12bc82d224f144bba41300c779b761c/fix-fast-protocol-branch-master/Spasennyi4ert-FIX-FAST-protocol-f14f733' '/home/pete/wefwefwef/docs/other/23a7b15ce12bc82d224f144bba41300c779b761c/fix-fast-protocol-branch-master/fix-fast-protocol'  2>&1`
 :: Getting dependencies
$ cd '/home/pete/wefwefwef/docs/other/23a7b15ce12bc82d224f144bba41300c779b761c/fix-fast-protocol-branch-master/fix-fast-protocol'
$ 5000  `ls -1 deps/  2>&1`
$ cd '/home/pete/wefwefwef/docs/erldocs_other.git'
>>> [rebar] deps = []
 :: Generating erldocs into /home/pete/wefwefwef/docs/other/23a7b15ce12bc82d224f144bba41300c779b761c/repo/master
Building fix-fast-protocol
Generating Type Specs - "/home/pete/wefwefwef/docs/other/23a7b15ce12bc82d224f144bba41300c779b761c/fix-fast-protocol-branch-master/fix-fast-protocol/src/fast.erl"
/home/pete/wefwefwef/docs/other/23a7b15ce12bc82d224f144bba41300c779b761c/fix-fast-protocol-branch-master/fix-fast-protocol/src/fast.erl: at line 4: can't find include file "../include/business.hrl"
EDoc could not process file '/home/pete/wefwefwef/docs/other/23a7b15ce12bc82d224f144bba41300c779b761c/fix-fast-protocol-branch-master/fix-fast-protocol/src/fast.erl'
Error generating type specs for "/home/pete/wefwefwef/docs/other/23a7b15ce12bc82d224f144bba41300c779b761c/fix-fast-protocol-branch-master/fix-fast-protocol/src/fast.erl"
Generating Type Specs - "/home/pete/wefwefwef/docs/other/23a7b15ce12bc82d224f144bba41300c779b761c/fix-fast-protocol-branch-master/fix-fast-protocol/src/fast_app.erl"
Generating Type Specs - "/home/pete/wefwefwef/docs/other/23a7b15ce12bc82d224f144bba41300c779b761c/fix-fast-protocol-branch-master/fix-fast-protocol/src/fast_exec_conn.erl"
/home/pete/wefwefwef/docs/other/23a7b15ce12bc82d224f144bba41300c779b761c/fix-fast-protocol-branch-master/fix-fast-protocol/src/fast_exec_conn.erl: at line 6: can't find include file "../include/admin.hrl"
EDoc could not process file '/home/pete/wefwefwef/docs/other/23a7b15ce12bc82d224f144bba41300c779b761c/fix-fast-protocol-branch-master/fix-fast-protocol/src/fast_exec_conn.erl'
Error generating type specs for "/home/pete/wefwefwef/docs/other/23a7b15ce12bc82d224f144bba41300c779b761c/fix-fast-protocol-branch-master/fix-fast-protocol/src/fast_exec_conn.erl"
Generating Type Specs - "/home/pete/wefwefwef/docs/other/23a7b15ce12bc82d224f144bba41300c779b761c/fix-fast-protocol-branch-master/fix-fast-protocol/src/fast_fsm.erl"
Generating Type Specs - "/home/pete/wefwefwef/docs/other/23a7b15ce12bc82d224f144bba41300c779b761c/fix-fast-protocol-branch-master/fix-fast-protocol/src/fast_group.erl"
/home/pete/wefwefwef/docs/other/23a7b15ce12bc82d224f144bba41300c779b761c/fix-fast-protocol-branch-master/fix-fast-protocol/src/fast_group.erl: at line 5: can't find include file "../include/business.hrl"
EDoc could not process file '/home/pete/wefwefwef/docs/other/23a7b15ce12bc82d224f144bba41300c779b761c/fix-fast-protocol-branch-master/fix-fast-protocol/src/fast_group.erl'
Error generating type specs for "/home/pete/wefwefwef/docs/other/23a7b15ce12bc82d224f144bba41300c779b761c/fix-fast-protocol-branch-master/fix-fast-protocol/src/fast_group.erl"
Generating Type Specs - "/home/pete/wefwefwef/docs/other/23a7b15ce12bc82d224f144bba41300c779b761c/fix-fast-protocol-branch-master/fix-fast-protocol/src/fast_in.erl"
Generating Type Specs - "/home/pete/wefwefwef/docs/other/23a7b15ce12bc82d224f144bba41300c779b761c/fix-fast-protocol-branch-master/fix-fast-protocol/src/fast_msg_sender.erl"
Generating Type Specs - "/home/pete/wefwefwef/docs/other/23a7b15ce12bc82d224f144bba41300c779b761c/fix-fast-protocol-branch-master/fix-fast-protocol/src/fast_server.erl"
Generating Type Specs - "/home/pete/wefwefwef/docs/other/23a7b15ce12bc82d224f144bba41300c779b761c/fix-fast-protocol-branch-master/fix-fast-protocol/src/fast_server_decode.erl"
Generating Type Specs - "/home/pete/wefwefwef/docs/other/23a7b15ce12bc82d224f144bba41300c779b761c/fix-fast-protocol-branch-master/fix-fast-protocol/src/fast_sup.erl"
Generating Type Specs - "/home/pete/wefwefwef/docs/other/23a7b15ce12bc82d224f144bba41300c779b761c/fix-fast-protocol-branch-master/fix-fast-protocol/src/fast_supersup.erl"
Generating Type Specs - "/home/pete/wefwefwef/docs/other/23a7b15ce12bc82d224f144bba41300c779b761c/fix-fast-protocol-branch-master/fix-fast-protocol/src/fast_task_server.erl"
Generating Type Specs - "/home/pete/wefwefwef/docs/other/23a7b15ce12bc82d224f144bba41300c779b761c/fix-fast-protocol-branch-master/fix-fast-protocol/src/fast_task_sup.erl"
Generating Type Specs - "/home/pete/wefwefwef/docs/other/23a7b15ce12bc82d224f144bba41300c779b761c/fix-fast-protocol-branch-master/fix-fast-protocol/src/ftrc.erl"
Generating XML for application fix-fast-protocol "/home/pete/wefwefwef/docs/other/23a7b15ce12bc82d224f144bba41300c779b761c/fix-fast-protocol-branch-master/fix-fast-protocol" -> "/home/pete/wefwefwef/docs/other/23a7b15ce12bc82d224f144bba41300c779b761c/repo/master/.xml/fix-fast-protocol"
/home/pete/wefwefwef/docs/other/23a7b15ce12bc82d224f144bba41300c779b761c/fix-fast-protocol-branch-master/fix-fast-protocol/src/fast_exec_conn.erl: at line 6: can't find include file "../include/admin.hrl"
edoc: skipping source file '/home/pete/wefwefwef/docs/other/23a7b15ce12bc82d224f144bba41300c779b761c/fix-fast-protocol-branch-master/fix-fast-protocol/src/fast_exec_conn.erl': {'EXIT',
                                                                                                                                                                           error}.
/home/pete/wefwefwef/docs/other/23a7b15ce12bc82d224f144bba41300c779b761c/fix-fast-protocol-branch-master/fix-fast-protocol/src/fast_group.erl: at line 5: can't find include file "../include/business.hrl"
edoc: skipping source file '/home/pete/wefwefwef/docs/other/23a7b15ce12bc82d224f144bba41300c779b761c/fix-fast-protocol-branch-master/fix-fast-protocol/src/fast_group.erl': {'EXIT',
                                                                                                                                                                       error}.
/home/pete/wefwefwef/docs/other/23a7b15ce12bc82d224f144bba41300c779b761c/fix-fast-protocol-branch-master/fix-fast-protocol/src/fast.erl: at line 4: can't find include file "../include/business.hrl"
edoc: skipping source file '/home/pete/wefwefwef/docs/other/23a7b15ce12bc82d224f144bba41300c779b761c/fix-fast-protocol-branch-master/fix-fast-protocol/src/fast.erl': {'EXIT',
                                                                                                                                                                 error}.
edoc: error in doclet 'edoc_doclet': {'EXIT',error}.
Error generating fix-fast-protocol XMLs. Using fallback ...
Generating XML fix-fast-protocol - fast "/home/pete/wefwefwef/docs/other/23a7b15ce12bc82d224f144bba41300c779b761c/fix-fast-protocol-branch-master/fix-fast-protocol/src/fast.erl" -> "/home/pete/wefwefwef/docs/other/23a7b15ce12bc82d224f144bba41300c779b761c/repo/master/.xml/fix-fast-protocol/fast.xml"
/home/pete/wefwefwef/docs/other/23a7b15ce12bc82d224f144bba41300c779b761c/fix-fast-protocol-branch-master/fix-fast-protocol/src/fast.erl: at line 4: can't find include file "../include/business.hrl"
Error generating XML ("/home/pete/wefwefwef/docs/other/23a7b15ce12bc82d224f144bba41300c779b761c/fix-fast-protocol-branch-master/fix-fast-protocol/src/fast.erl"): {'EXIT',
                                                                                                                                                                   error}
Generating XML fix-fast-protocol - fast_app "/home/pete/wefwefwef/docs/other/23a7b15ce12bc82d224f144bba41300c779b761c/fix-fast-protocol-branch-master/fix-fast-protocol/src/fast_app.erl" -> "/home/pete/wefwefwef/docs/other/23a7b15ce12bc82d224f144bba41300c779b761c/repo/master/.xml/fix-fast-protocol/fast_app.xml"
Generating XML fix-fast-protocol - fast_exec_conn "/home/pete/wefwefwef/docs/other/23a7b15ce12bc82d224f144bba41300c779b761c/fix-fast-protocol-branch-master/fix-fast-protocol/src/fast_exec_conn.erl" -> "/home/pete/wefwefwef/docs/other/23a7b15ce12bc82d224f144bba41300c779b761c/repo/master/.xml/fix-fast-protocol/fast_exec_conn.xml"
/home/pete/wefwefwef/docs/other/23a7b15ce12bc82d224f144bba41300c779b761c/fix-fast-protocol-branch-master/fix-fast-protocol/src/fast_exec_conn.erl: at line 6: can't find include file "../include/admin.hrl"
Error generating XML ("/home/pete/wefwefwef/docs/other/23a7b15ce12bc82d224f144bba41300c779b761c/fix-fast-protocol-branch-master/fix-fast-protocol/src/fast_exec_conn.erl"): {'EXIT',
                                                                                                                                                                             error}
Generating XML fix-fast-protocol - fast_fsm "/home/pete/wefwefwef/docs/other/23a7b15ce12bc82d224f144bba41300c779b761c/fix-fast-protocol-branch-master/fix-fast-protocol/src/fast_fsm.erl" -> "/home/pete/wefwefwef/docs/other/23a7b15ce12bc82d224f144bba41300c779b761c/repo/master/.xml/fix-fast-protocol/fast_fsm.xml"
Generating XML fix-fast-protocol - fast_group "/home/pete/wefwefwef/docs/other/23a7b15ce12bc82d224f144bba41300c779b761c/fix-fast-protocol-branch-master/fix-fast-protocol/src/fast_group.erl" -> "/home/pete/wefwefwef/docs/other/23a7b15ce12bc82d224f144bba41300c779b761c/repo/master/.xml/fix-fast-protocol/fast_group.xml"
/home/pete/wefwefwef/docs/other/23a7b15ce12bc82d224f144bba41300c779b761c/fix-fast-protocol-branch-master/fix-fast-protocol/src/fast_group.erl: at line 5: can't find include file "../include/business.hrl"
Error generating XML ("/home/pete/wefwefwef/docs/other/23a7b15ce12bc82d224f144bba41300c779b761c/fix-fast-protocol-branch-master/fix-fast-protocol/src/fast_group.erl"): {'EXIT',
                                                                                                                                                                         error}
Generating XML fix-fast-protocol - fast_in "/home/pete/wefwefwef/docs/other/23a7b15ce12bc82d224f144bba41300c779b761c/fix-fast-protocol-branch-master/fix-fast-protocol/src/fast_in.erl" -> "/home/pete/wefwefwef/docs/other/23a7b15ce12bc82d224f144bba41300c779b761c/repo/master/.xml/fix-fast-protocol/fast_in.xml"
Generating XML fix-fast-protocol - fast_msg_sender "/home/pete/wefwefwef/docs/other/23a7b15ce12bc82d224f144bba41300c779b761c/fix-fast-protocol-branch-master/fix-fast-protocol/src/fast_msg_sender.erl" -> "/home/pete/wefwefwef/docs/other/23a7b15ce12bc82d224f144bba41300c779b761c/repo/master/.xml/fix-fast-protocol/fast_msg_sender.xml"
Generating XML fix-fast-protocol - fast_server "/home/pete/wefwefwef/docs/other/23a7b15ce12bc82d224f144bba41300c779b761c/fix-fast-protocol-branch-master/fix-fast-protocol/src/fast_server.erl" -> "/home/pete/wefwefwef/docs/other/23a7b15ce12bc82d224f144bba41300c779b761c/repo/master/.xml/fix-fast-protocol/fast_server.xml"
Generating XML fix-fast-protocol - fast_server_decode "/home/pete/wefwefwef/docs/other/23a7b15ce12bc82d224f144bba41300c779b761c/fix-fast-protocol-branch-master/fix-fast-protocol/src/fast_server_decode.erl" -> "/home/pete/wefwefwef/docs/other/23a7b15ce12bc82d224f144bba41300c779b761c/repo/master/.xml/fix-fast-protocol/fast_server_decode.xml"
Generating XML fix-fast-protocol - fast_sup "/home/pete/wefwefwef/docs/other/23a7b15ce12bc82d224f144bba41300c779b761c/fix-fast-protocol-branch-master/fix-fast-protocol/src/fast_sup.erl" -> "/home/pete/wefwefwef/docs/other/23a7b15ce12bc82d224f144bba41300c779b761c/repo/master/.xml/fix-fast-protocol/fast_sup.xml"
Generating XML fix-fast-protocol - fast_supersup "/home/pete/wefwefwef/docs/other/23a7b15ce12bc82d224f144bba41300c779b761c/fix-fast-protocol-branch-master/fix-fast-protocol/src/fast_supersup.erl" -> "/home/pete/wefwefwef/docs/other/23a7b15ce12bc82d224f144bba41300c779b761c/repo/master/.xml/fix-fast-protocol/fast_supersup.xml"
Generating XML fix-fast-protocol - fast_task_server "/home/pete/wefwefwef/docs/other/23a7b15ce12bc82d224f144bba41300c779b761c/fix-fast-protocol-branch-master/fix-fast-protocol/src/fast_task_server.erl" -> "/home/pete/wefwefwef/docs/other/23a7b15ce12bc82d224f144bba41300c779b761c/repo/master/.xml/fix-fast-protocol/fast_task_server.xml"
Generating XML fix-fast-protocol - fast_task_sup "/home/pete/wefwefwef/docs/other/23a7b15ce12bc82d224f144bba41300c779b761c/fix-fast-protocol-branch-master/fix-fast-protocol/src/fast_task_sup.erl" -> "/home/pete/wefwefwef/docs/other/23a7b15ce12bc82d224f144bba41300c779b761c/repo/master/.xml/fix-fast-protocol/fast_task_sup.xml"
Generating XML fix-fast-protocol - ftrc "/home/pete/wefwefwef/docs/other/23a7b15ce12bc82d224f144bba41300c779b761c/fix-fast-protocol-branch-master/fix-fast-protocol/src/ftrc.erl" -> "/home/pete/wefwefwef/docs/other/23a7b15ce12bc82d224f144bba41300c779b761c/repo/master/.xml/fix-fast-protocol/ftrc.xml"
Generating HTML - fast_task_sup "/home/pete/wefwefwef/docs/other/23a7b15ce12bc82d224f144bba41300c779b761c/repo/master/.xml/fix-fast-protocol/fast_task_sup.xml"
Generating HTML - fast_supersup "/home/pete/wefwefwef/docs/other/23a7b15ce12bc82d224f144bba41300c779b761c/repo/master/.xml/fix-fast-protocol/fast_supersup.xml"
Generating HTML - fast_server_decode "/home/pete/wefwefwef/docs/other/23a7b15ce12bc82d224f144bba41300c779b761c/repo/master/.xml/fix-fast-protocol/fast_server_decode.xml"
Generating HTML - fast_app "/home/pete/wefwefwef/docs/other/23a7b15ce12bc82d224f144bba41300c779b761c/repo/master/.xml/fix-fast-protocol/fast_app.xml"
Reading XML for "/home/pete/wefwefwef/docs/other/23a7b15ce12bc82d224f144bba41300c779b761c/repo/master/.xml/fix-fast-protocol/fast_task_sup.xml"
Reading XML for "/home/pete/wefwefwef/docs/other/23a7b15ce12bc82d224f144bba41300c779b761c/repo/master/.xml/fix-fast-protocol/fast_supersup.xml"
Reading XML for "/home/pete/wefwefwef/docs/other/23a7b15ce12bc82d224f144bba41300c779b761c/repo/master/.xml/fix-fast-protocol/fast_server_decode.xml"
Reading XML for "/home/pete/wefwefwef/docs/other/23a7b15ce12bc82d224f144bba41300c779b761c/repo/master/.xml/fix-fast-protocol/fast_app.xml"
Reading XML for "/home/pete/wefwefwef/docs/other/23a7b15ce12bc82d224f144bba41300c779b761c/repo/master/.xml/specs_fast_server_decode.xml"
Reading XML for "/home/pete/wefwefwef/docs/other/23a7b15ce12bc82d224f144bba41300c779b761c/repo/master/.xml/specs_fast_task_sup.xml"
Generating HTML - fast_sup "/home/pete/wefwefwef/docs/other/23a7b15ce12bc82d224f144bba41300c779b761c/repo/master/.xml/fix-fast-protocol/fast_sup.xml"
Reading XML for "/home/pete/wefwefwef/docs/other/23a7b15ce12bc82d224f144bba41300c779b761c/repo/master/.xml/fix-fast-protocol/fast_sup.xml"
Generating HTML - ftrc "/home/pete/wefwefwef/docs/other/23a7b15ce12bc82d224f144bba41300c779b761c/repo/master/.xml/fix-fast-protocol/ftrc.xml"
Reading XML for "/home/pete/wefwefwef/docs/other/23a7b15ce12bc82d224f144bba41300c779b761c/repo/master/.xml/specs_fast_app.xml"
Reading XML for "/home/pete/wefwefwef/docs/other/23a7b15ce12bc82d224f144bba41300c779b761c/repo/master/.xml/fix-fast-protocol/ftrc.xml"
Reading XML for "/home/pete/wefwefwef/docs/other/23a7b15ce12bc82d224f144bba41300c779b761c/repo/master/.xml/specs_fast_supersup.xml"
Generating HTML - fast_fsm "/home/pete/wefwefwef/docs/other/23a7b15ce12bc82d224f144bba41300c779b761c/repo/master/.xml/fix-fast-protocol/fast_fsm.xml"
Reading XML for "/home/pete/wefwefwef/docs/other/23a7b15ce12bc82d224f144bba41300c779b761c/repo/master/.xml/fix-fast-protocol/fast_fsm.xml"
Generating HTML - fast_task_server "/home/pete/wefwefwef/docs/other/23a7b15ce12bc82d224f144bba41300c779b761c/repo/master/.xml/fix-fast-protocol/fast_task_server.xml"
Reading XML for "/home/pete/wefwefwef/docs/other/23a7b15ce12bc82d224f144bba41300c779b761c/repo/master/.xml/fix-fast-protocol/fast_task_server.xml"
Reading XML for "/home/pete/wefwefwef/docs/other/23a7b15ce12bc82d224f144bba41300c779b761c/repo/master/.xml/specs_fast_sup.xml"
Reading XML for "/home/pete/wefwefwef/docs/other/23a7b15ce12bc82d224f144bba41300c779b761c/repo/master/.xml/specs_ftrc.xml"
Reading XML for "/home/pete/wefwefwef/docs/other/23a7b15ce12bc82d224f144bba41300c779b761c/repo/master/.xml/specs_fast_task_server.xml"
Reading XML for "/home/pete/wefwefwef/docs/other/23a7b15ce12bc82d224f144bba41300c779b761c/repo/master/.xml/specs_fast_fsm.xml"
Generating HTML - fast_in "/home/pete/wefwefwef/docs/other/23a7b15ce12bc82d224f144bba41300c779b761c/repo/master/.xml/fix-fast-protocol/fast_in.xml"
Reading XML for "/home/pete/wefwefwef/docs/other/23a7b15ce12bc82d224f144bba41300c779b761c/repo/master/.xml/fix-fast-protocol/fast_in.xml"
Reading XML for "/home/pete/wefwefwef/docs/other/23a7b15ce12bc82d224f144bba41300c779b761c/repo/master/.xml/specs_fast_in.xml"
Generating HTML - fast_msg_sender "/home/pete/wefwefwef/docs/other/23a7b15ce12bc82d224f144bba41300c779b761c/repo/master/.xml/fix-fast-protocol/fast_msg_sender.xml"
Reading XML for "/home/pete/wefwefwef/docs/other/23a7b15ce12bc82d224f144bba41300c779b761c/repo/master/.xml/fix-fast-protocol/fast_msg_sender.xml"
Reading XML for "/home/pete/wefwefwef/docs/other/23a7b15ce12bc82d224f144bba41300c779b761c/repo/master/.xml/specs_fast_msg_sender.xml"
Generating HTML - fast_server "/home/pete/wefwefwef/docs/other/23a7b15ce12bc82d224f144bba41300c779b761c/repo/master/.xml/fix-fast-protocol/fast_server.xml"
Reading XML for "/home/pete/wefwefwef/docs/other/23a7b15ce12bc82d224f144bba41300c779b761c/repo/master/.xml/fix-fast-protocol/fast_server.xml"
Reading XML for "/home/pete/wefwefwef/docs/other/23a7b15ce12bc82d224f144bba41300c779b761c/repo/master/.xml/specs_fast_server.xml"
Creating index.html ...
Creating erldocs_index.js ...
Woot, finished in 0 Minutes 1 Seconds
 :: Discovering other repos
$ 5000  `rm -r '/home/pete/wefwefwef/docs/other/23a7b15ce12bc82d224f144bba41300c779b761c/fix-fast-protocol-branch-master'  2>&1`
 :: Finishing up
$ 5000  `rm -r '/home/pete/wefwefwef/docs/other/23a7b15ce12bc82d224f144bba41300c779b761c/fix-fast-protocol'  2>&1`
