 :: Extracting meta information
$ 5000  `git ls-remote --heads --tags 'https://github.com/fogfish/hyperion'  2>&1`
>>> [repo] 1 branches, 0 tags
 :: Writing meta to "/home/pete/wefwefwef/docs/other/4569061663/meta.txt"
 :: Processing https://github.com/fogfish/hyperion	{rev,branch,"master","77e8b1b12f598368cc27f22586b4adc333ed2ca5"}
 :: Fetching repo code
$ cd "/home/pete/wefwefwef/docs/other/4569061663/hyperion-branch-master/hyperion"
$ infinity  `curl --fail --silent --show-error --location --output 'master.zip' 'https://github.com/fogfish/hyperion/archive/master.zip'  2>&1`
$ cd "/home/pete/wefwefwef/docs/erldocs_other.git"
$ cd "/home/pete/wefwefwef/docs/other/4569061663/hyperion-branch-master/hyperion"
$ 5000  `find -P . -type l -delete  2>&1`
$ cd "/home/pete/wefwefwef/docs/erldocs_other.git"
$ cd "/home/pete/wefwefwef/docs/other/4569061663/hyperion-branch-master/hyperion"
$ 5000  `find 'hyperion-master' -mindepth 1 -maxdepth 1 -exec mv -t . -- {} +  2>&1`
$ cd "/home/pete/wefwefwef/docs/erldocs_other.git"
 :: Getting dependencies
$ cd "/home/pete/wefwefwef/docs/other/4569061663/hyperion-branch-master/hyperion"
$ 5000  `ls -1 deps/  2>&1`
$ cd "/home/pete/wefwefwef/docs/erldocs_other.git"
>>> [rebar] deps = []
 :: Generating erldocs into /home/pete/wefwefwef/docs/other/4569061663/repo/master
Building hyperion
Generating Type Specs - "/home/pete/wefwefwef/docs/other/4569061663/hyperion-branch-master/hyperion/apps/hyperion/src/hyperion.erl"
Generating Type Specs - "/home/pete/wefwefwef/docs/other/4569061663/hyperion-branch-master/hyperion/apps/hyperion/src/hyperion_app.erl"
Generating Type Specs - "/home/pete/wefwefwef/docs/other/4569061663/hyperion-branch-master/hyperion/apps/hyperion/src/hyperion_sup.erl"
Generating XML for application hyperion "/home/pete/wefwefwef/docs/other/4569061663/hyperion-branch-master/hyperion/apps/hyperion" -> "/home/pete/wefwefwef/docs/other/4569061663/repo/master/.xml/hyperion"
/home/pete/wefwefwef/docs/other/4569061663/hyperion-branch-master/hyperion/apps/hyperion/src/hyperion.erl, in module header: at line 17: warning: tag @description not recognized.
/home/pete/wefwefwef/docs/other/4569061663/hyperion-branch-master/hyperion/apps/hyperion/src/hyperion_app.erl, in module header: at line 17: warning: tag @description not recognized.
/home/pete/wefwefwef/docs/other/4569061663/hyperion-branch-master/hyperion/apps/hyperion/src/hyperion_sup.erl, in module header: at line 17: warning: tag @description not recognized.
Generated hyperion XMLs: ["/home/pete/wefwefwef/docs/other/4569061663/repo/master/.xml/hyperion/hyperion_app.xml",
                          "/home/pete/wefwefwef/docs/other/4569061663/repo/master/.xml/hyperion/hyperion.xml",
                          "/home/pete/wefwefwef/docs/other/4569061663/repo/master/.xml/hyperion/hyperion_sup.xml"]
Generating HTML - hyperion_sup "/home/pete/wefwefwef/docs/other/4569061663/repo/master/.xml/hyperion/hyperion_sup.xml"
Reading XML for "/home/pete/wefwefwef/docs/other/4569061663/repo/master/.xml/hyperion/hyperion_sup.xml"
Reading XML for "/home/pete/wefwefwef/docs/other/4569061663/repo/master/.xml/specs_hyperion_sup.xml"
Generating HTML - hyperion "/home/pete/wefwefwef/docs/other/4569061663/repo/master/.xml/hyperion/hyperion.xml"
Reading XML for "/home/pete/wefwefwef/docs/other/4569061663/repo/master/.xml/hyperion/hyperion.xml"
Reading XML for "/home/pete/wefwefwef/docs/other/4569061663/repo/master/.xml/specs_hyperion.xml"
Generating HTML - hyperion_app "/home/pete/wefwefwef/docs/other/4569061663/repo/master/.xml/hyperion/hyperion_app.xml"
Reading XML for "/home/pete/wefwefwef/docs/other/4569061663/repo/master/.xml/hyperion/hyperion_app.xml"
Reading XML for "/home/pete/wefwefwef/docs/other/4569061663/repo/master/.xml/specs_hyperion_app.xml"
Building hyperion
Generating XML for application hyperion "/home/pete/wefwefwef/docs/other/4569061663/hyperion-branch-master/hyperion" -> "/home/pete/wefwefwef/docs/other/4569061663/repo/master/.xml/hyperion"
/home/pete/wefwefwef/docs/other/4569061663/hyperion-branch-master/hyperion/rel/relscript.erl, in module header: at line 1: warning: tag @description not recognized.
/home/pete/wefwefwef/docs/other/4569061663/hyperion-branch-master/hyperion/apps/hyperion/src/hyperion.erl, in module header: at line 17: warning: tag @description not recognized.
/home/pete/wefwefwef/docs/other/4569061663/hyperion-branch-master/hyperion/apps/hyperion/src/hyperion_app.erl, in module header: at line 17: warning: tag @description not recognized.
/home/pete/wefwefwef/docs/other/4569061663/hyperion-branch-master/hyperion/apps/hyperion/src/hyperion_sup.erl, in module header: at line 17: warning: tag @description not recognized.
Generated hyperion XMLs: ["/home/pete/wefwefwef/docs/other/4569061663/repo/master/.xml/hyperion/relscript.xml",
                          "/home/pete/wefwefwef/docs/other/4569061663/repo/master/.xml/hyperion/hyperion_app.xml",
                          "/home/pete/wefwefwef/docs/other/4569061663/repo/master/.xml/hyperion/hyperion.xml",
                          "/home/pete/wefwefwef/docs/other/4569061663/repo/master/.xml/hyperion/hyperion_sup.xml"]
Generating HTML - relscript "/home/pete/wefwefwef/docs/other/4569061663/repo/master/.xml/hyperion/relscript.xml"
Generating HTML - hyperion_app "/home/pete/wefwefwef/docs/other/4569061663/repo/master/.xml/hyperion/hyperion_app.xml"
Generating HTML - hyperion "/home/pete/wefwefwef/docs/other/4569061663/repo/master/.xml/hyperion/hyperion.xml"
Generating HTML - hyperion_sup "/home/pete/wefwefwef/docs/other/4569061663/repo/master/.xml/hyperion/hyperion_sup.xml"
Reading XML for "/home/pete/wefwefwef/docs/other/4569061663/repo/master/.xml/hyperion/relscript.xml"
Reading XML for "/home/pete/wefwefwef/docs/other/4569061663/repo/master/.xml/hyperion/hyperion_app.xml"
Reading XML for "/home/pete/wefwefwef/docs/other/4569061663/repo/master/.xml/hyperion/hyperion.xml"
Reading XML for "/home/pete/wefwefwef/docs/other/4569061663/repo/master/.xml/hyperion/hyperion_sup.xml"
Reading XML for "/home/pete/wefwefwef/docs/other/4569061663/repo/master/.xml/specs_hyperion_app.xml"
Reading XML for "/home/pete/wefwefwef/docs/other/4569061663/repo/master/.xml/specs_hyperion.xml"
Reading XML for "/home/pete/wefwefwef/docs/other/4569061663/repo/master/.xml/specs_hyperion_sup.xml"
Creating index.html ...
Creating erldocs_index.js ...
Woot, finished in 0 Minutes 0 Seconds
 :: Discovering other repos
$ 5000  `rm -r '/home/pete/wefwefwef/docs/other/4569061663/hyperion-branch-master'  2>&1`
 :: Erldocs finishing up
$ 5000  `rm -r '/home/pete/wefwefwef/docs/other/4569061663/hyperion'  2>&1`
