 :: Extracting meta information
$ infinity  `git ls-remote --heads --tags 'https://github.com/fogfish/hyperion'  2>&1`
>>> [repo] 1 branches, 1 tags
 :: Writing meta to "/home/pete/wefwefwef/docs/other/37770e80954e01293719ce1dc1494d9c49094813/meta.txt"
 :: Skipping tag "0.2.0"
 :: Processing https://github.com/fogfish/hyperion	{rev,branch,"master","2e6972150f90a1e7f16422f12b49d31923f729d8",undefined,[],[]}
 :: Fetching repo code
$ cd '/home/pete/wefwefwef/docs/other/37770e80954e01293719ce1dc1494d9c49094813/hyperion-branch-master'
$ infinity  `curl --fail --silent --show-error --location --output repo.tar.gz 'https://codeload.github.com/fogfish/hyperion/tar.gz/master'  2>&1`
$ cd '/home/pete/wefwefwef/docs/erldocs_other.git'
$ cd '/home/pete/wefwefwef/docs/other/37770e80954e01293719ce1dc1494d9c49094813/hyperion-branch-master/hyperion-master'
$ 5000  `find -P . -type l -delete  2>&1`
$ cd '/home/pete/wefwefwef/docs/erldocs_other.git'
$ 5000  `mv '/home/pete/wefwefwef/docs/other/37770e80954e01293719ce1dc1494d9c49094813/hyperion-branch-master/hyperion-master' '/home/pete/wefwefwef/docs/other/37770e80954e01293719ce1dc1494d9c49094813/hyperion-branch-master/hyperion'  2>&1`
 :: Getting dependencies
$ cd '/home/pete/wefwefwef/docs/other/37770e80954e01293719ce1dc1494d9c49094813/hyperion-branch-master/hyperion'
$ 5000  `ls -1 deps/  2>&1`
$ cd '/home/pete/wefwefwef/docs/erldocs_other.git'
>>> [rebar] deps = []
 :: Generating erldocs into /home/pete/wefwefwef/docs/other/37770e80954e01293719ce1dc1494d9c49094813/repo/master
Building hyperion
Generating Type Specs - "/home/pete/wefwefwef/docs/other/37770e80954e01293719ce1dc1494d9c49094813/hyperion-branch-master/hyperion/apps/hyperion/src/hyperion.erl"
Generating Type Specs - "/home/pete/wefwefwef/docs/other/37770e80954e01293719ce1dc1494d9c49094813/hyperion-branch-master/hyperion/apps/hyperion/src/hyperion_app.erl"
Generating Type Specs - "/home/pete/wefwefwef/docs/other/37770e80954e01293719ce1dc1494d9c49094813/hyperion-branch-master/hyperion/apps/hyperion/src/hyperion_sup.erl"
Generating XML for application hyperion "/home/pete/wefwefwef/docs/other/37770e80954e01293719ce1dc1494d9c49094813/hyperion-branch-master/hyperion/apps/hyperion" -> "/home/pete/wefwefwef/docs/other/37770e80954e01293719ce1dc1494d9c49094813/repo/master/.xml/hyperion"
/home/pete/wefwefwef/docs/other/37770e80954e01293719ce1dc1494d9c49094813/hyperion-branch-master/hyperion/apps/hyperion/src/hyperion.erl, in module header: at line 17: warning: tag @description not recognized.
/home/pete/wefwefwef/docs/other/37770e80954e01293719ce1dc1494d9c49094813/hyperion-branch-master/hyperion/apps/hyperion/src/hyperion_app.erl, in module header: at line 17: warning: tag @description not recognized.
/home/pete/wefwefwef/docs/other/37770e80954e01293719ce1dc1494d9c49094813/hyperion-branch-master/hyperion/apps/hyperion/src/hyperion_sup.erl, in module header: at line 17: warning: tag @description not recognized.
Generated hyperion XMLs: ["/home/pete/wefwefwef/docs/other/37770e80954e01293719ce1dc1494d9c49094813/repo/master/.xml/hyperion/hyperion_app.xml",
                          "/home/pete/wefwefwef/docs/other/37770e80954e01293719ce1dc1494d9c49094813/repo/master/.xml/hyperion/hyperion.xml",
                          "/home/pete/wefwefwef/docs/other/37770e80954e01293719ce1dc1494d9c49094813/repo/master/.xml/hyperion/hyperion_sup.xml"]
Generating HTML - hyperion_sup "/home/pete/wefwefwef/docs/other/37770e80954e01293719ce1dc1494d9c49094813/repo/master/.xml/hyperion/hyperion_sup.xml"
Reading XML for "/home/pete/wefwefwef/docs/other/37770e80954e01293719ce1dc1494d9c49094813/repo/master/.xml/hyperion/hyperion_sup.xml"
Reading XML for "/home/pete/wefwefwef/docs/other/37770e80954e01293719ce1dc1494d9c49094813/repo/master/.xml/specs_hyperion_sup.xml"
Generating HTML - hyperion "/home/pete/wefwefwef/docs/other/37770e80954e01293719ce1dc1494d9c49094813/repo/master/.xml/hyperion/hyperion.xml"
Reading XML for "/home/pete/wefwefwef/docs/other/37770e80954e01293719ce1dc1494d9c49094813/repo/master/.xml/hyperion/hyperion.xml"
Reading XML for "/home/pete/wefwefwef/docs/other/37770e80954e01293719ce1dc1494d9c49094813/repo/master/.xml/specs_hyperion.xml"
Generating HTML - hyperion_app "/home/pete/wefwefwef/docs/other/37770e80954e01293719ce1dc1494d9c49094813/repo/master/.xml/hyperion/hyperion_app.xml"
Reading XML for "/home/pete/wefwefwef/docs/other/37770e80954e01293719ce1dc1494d9c49094813/repo/master/.xml/hyperion/hyperion_app.xml"
Reading XML for "/home/pete/wefwefwef/docs/other/37770e80954e01293719ce1dc1494d9c49094813/repo/master/.xml/specs_hyperion_app.xml"
Building hyperion
Generating XML for application hyperion "/home/pete/wefwefwef/docs/other/37770e80954e01293719ce1dc1494d9c49094813/hyperion-branch-master/hyperion" -> "/home/pete/wefwefwef/docs/other/37770e80954e01293719ce1dc1494d9c49094813/repo/master/.xml/hyperion"
/home/pete/wefwefwef/docs/other/37770e80954e01293719ce1dc1494d9c49094813/hyperion-branch-master/hyperion/rel/relscript.erl, in module header: at line 1: warning: tag @description not recognized.
/home/pete/wefwefwef/docs/other/37770e80954e01293719ce1dc1494d9c49094813/hyperion-branch-master/hyperion/apps/hyperion/src/hyperion.erl, in module header: at line 17: warning: tag @description not recognized.
/home/pete/wefwefwef/docs/other/37770e80954e01293719ce1dc1494d9c49094813/hyperion-branch-master/hyperion/apps/hyperion/src/hyperion_app.erl, in module header: at line 17: warning: tag @description not recognized.
/home/pete/wefwefwef/docs/other/37770e80954e01293719ce1dc1494d9c49094813/hyperion-branch-master/hyperion/apps/hyperion/src/hyperion_sup.erl, in module header: at line 17: warning: tag @description not recognized.
Generated hyperion XMLs: ["/home/pete/wefwefwef/docs/other/37770e80954e01293719ce1dc1494d9c49094813/repo/master/.xml/hyperion/relscript.xml",
                          "/home/pete/wefwefwef/docs/other/37770e80954e01293719ce1dc1494d9c49094813/repo/master/.xml/hyperion/hyperion_app.xml",
                          "/home/pete/wefwefwef/docs/other/37770e80954e01293719ce1dc1494d9c49094813/repo/master/.xml/hyperion/hyperion.xml",
                          "/home/pete/wefwefwef/docs/other/37770e80954e01293719ce1dc1494d9c49094813/repo/master/.xml/hyperion/hyperion_sup.xml"]
Generating HTML - relscript "/home/pete/wefwefwef/docs/other/37770e80954e01293719ce1dc1494d9c49094813/repo/master/.xml/hyperion/relscript.xml"
Generating HTML - hyperion_app "/home/pete/wefwefwef/docs/other/37770e80954e01293719ce1dc1494d9c49094813/repo/master/.xml/hyperion/hyperion_app.xml"
Generating HTML - hyperion "/home/pete/wefwefwef/docs/other/37770e80954e01293719ce1dc1494d9c49094813/repo/master/.xml/hyperion/hyperion.xml"
Generating HTML - hyperion_sup "/home/pete/wefwefwef/docs/other/37770e80954e01293719ce1dc1494d9c49094813/repo/master/.xml/hyperion/hyperion_sup.xml"
Reading XML for "/home/pete/wefwefwef/docs/other/37770e80954e01293719ce1dc1494d9c49094813/repo/master/.xml/hyperion/relscript.xml"
Reading XML for "/home/pete/wefwefwef/docs/other/37770e80954e01293719ce1dc1494d9c49094813/repo/master/.xml/hyperion/hyperion_app.xml"
Reading XML for "/home/pete/wefwefwef/docs/other/37770e80954e01293719ce1dc1494d9c49094813/repo/master/.xml/hyperion/hyperion.xml"
Reading XML for "/home/pete/wefwefwef/docs/other/37770e80954e01293719ce1dc1494d9c49094813/repo/master/.xml/hyperion/hyperion_sup.xml"
Reading XML for "/home/pete/wefwefwef/docs/other/37770e80954e01293719ce1dc1494d9c49094813/repo/master/.xml/specs_hyperion.xml"
Reading XML for "/home/pete/wefwefwef/docs/other/37770e80954e01293719ce1dc1494d9c49094813/repo/master/.xml/specs_hyperion_app.xml"
Reading XML for "/home/pete/wefwefwef/docs/other/37770e80954e01293719ce1dc1494d9c49094813/repo/master/.xml/specs_hyperion_sup.xml"
Creating index.html ...
Creating erldocs_index.js ...
Woot, finished in 0 Minutes 0 Seconds
 :: Discovering other repos
$ 5000  `rm -r '/home/pete/wefwefwef/docs/other/37770e80954e01293719ce1dc1494d9c49094813/hyperion-branch-master'  2>&1`
 :: Finishing up
$ 5000  `rm -r '/home/pete/wefwefwef/docs/other/37770e80954e01293719ce1dc1494d9c49094813/hyperion'  2>&1`
