 :: Extracting meta information
$ cd '.'
$ infinity  `git ls-remote --heads --tags https://github.com/k2informatics/imem`
>>> [repo] 2 branches, 23 tags
 :: Writing meta to "/home/pete/wefwefwef/docs/other/22134621e2dadec3cdb37c6c9f6f0c16dcc5977d/meta.txt"
 :: Skipping tag "1.3.2"
 :: Skipping tag "1.3.3"
 :: Skipping tag "1.3.4"
 :: Skipping tag "1.3.5"
 :: Skipping tag "1.3.6"
 :: Skipping tag "1.3.7"
 :: Skipping tag "1.3.8"
 :: Skipping tag "1.2.8"
 :: Skipping tag "1.2.9"
 :: Skipping tag "1.3.0"
 :: Skipping tag "1.3.1"
 :: Skipping tag "imem-1.0.0"
 :: Skipping tag "imem-1.1.0"
 :: Skipping tag "imem-1.1.1"
 :: Skipping tag "imem-1.1.2"
 :: Skipping tag "imem-1.2.0"
 :: Skipping tag "imem-1.2.1"
 :: Skipping tag "imem-1.2.2"
 :: Skipping tag "imem-1.2.3"
 :: Skipping tag "imem-1.2.4"
 :: Skipping tag "imem-1.2.5"
 :: Skipping tag "imem-1.2.6"
 :: Skipping tag "imem-1.2.7"
 :: Skipping branch "master"
 :: Processing https://github.com/k2informatics/imem	{rev,branch,"extending_preview","6efa577688a339df267e37e01e15cc10cbdaaf0f",undefined,[],[]}
 :: Fetching repo code
$ cd '/home/pete/wefwefwef/docs/other/22134621e2dadec3cdb37c6c9f6f0c16dcc5977d/imem-branch-extending_preview'
$ infinity  `curl --fail --silent --show-error --location --output repo.tar.gz https://codeload.github.com/k2informatics/imem/tar.gz/extending_preview`
 :: Error running eo_core:
	[{eo_scm,fetch,2,[{file,"src/eo_scm.erl"},{line,81}]},
         {eo_core,do,7,[{file,"src/eo_core.erl"},{line,107}]},
         {eo_core,'-main_/1-lc$^0/1-0-',8,
             [{file,"src/eo_core.erl"},{line,85}]},
         {eo_core,main_,1,[{file,"src/eo_core.erl"},{line,85}]},
         {eo_core,main,1,[{file,"src/eo_core.erl"},{line,56}]},
         {eo_core,gen,1,[{file,"src/eo_core.erl"},{line,36}]},
         {gen_escript__escript__1446__722273__168068,seq_gen,4,
             [{file,"./gen.escript"},{line,53}]},
         {escript,run,2,[{file,"escript.erl"},{line,752}]}]
{error,{case_clause,["/home/pete/wefwefwef/docs/other/22134621e2dadec3cdb37c6c9f6f0c16dcc5977d/imem-branch-extending_preview/imem",
                     "/home/pete/wefwefwef/docs/other/22134621e2dadec3cdb37c6c9f6f0c16dcc5977d/imem-branch-extending_preview/imem-extending_preview"]}}
 :: Finishing up
$ cd '.'
$ 5000  `rm -r /home/pete/wefwefwef/docs/other/22134621e2dadec3cdb37c6c9f6f0c16dcc5977d/imem`
