 :: Extracting meta information
$ infinity  `git ls-remote --heads --tags 'https://github.com/tprado/ircd'  2>&1`
>>> [repo] 3 branches, 0 tags
WTF {ok,{{"HTTP/1.1",200,"OK"},
         [{"cache-control","max-age=300"},
          {"connection","keep-alive"},
          {"date","Mon, 12 Oct 2015 00:06:17 GMT"},
          {"via","1.1 varnish"},
          {"accept-ranges","bytes"},
          {"etag","\"0e9275df5a952f2b7b05cea4bedc0b08462040d5\""},
          {"vary","Authorization,Accept-Encoding"},
          {"content-length","360"},
          {"content-type","text/plain; charset=utf-8"},
          {"expires","Mon, 12 Oct 2015 00:11:17 GMT"},
          {"content-security-policy","default-src 'none'"},
          {"x-xss-protection","1; mode=block"},
          {"x-frame-options","deny"},
          {"x-content-type-options","nosniff"},
          {"strict-transport-security","max-age=31536000"},
          {"x-served-by","cache-fra1239-FRA"},
          {"x-cache","MISS"},
          {"x-cache-hits","0"},
          {"access-control-allow-origin","*"},
          {"source-age","0"}],
         "{name,\"ircd\"}.\n{target_path,\"github.com/tprado/ircd\"}.\n{url,\"https://github.com/tprado/ircd\"}.\n{vsn_format,2}.\n{vsn_pass,1}.\n{time_begin,{{2015,9,22},{12,58,37}}}.\n{method,git}.\n{count_tags,0}.\n{count_branches,1}.\n{revisions,[{rev,branch,\"master\",\"c46881312452623a969c83a0ece0fbfae45db916\",\n                 true,[],[]}]}.\n{time_end,{{2015,9,22},{12,58,39}}}.\n"}}
 :: Writing meta to "/home/pete/wefwefwef/docs/other/cc8e217d1d5e5972172bdfaca8fc454bb845ffe2/meta.txt"
 :: Processing https://github.com/tprado/ircd	{rev,branch,"user-registration-no-pass","f8249cf734e9bf4248d46f1ba996a695ec3acf29",undefined,[],[]}
 :: Fetching repo code
$ cd '/home/pete/wefwefwef/docs/other/cc8e217d1d5e5972172bdfaca8fc454bb845ffe2/ircd-branch-user-registration-no-pass'
$ infinity  `curl --fail --silent --show-error --location --output repo.tar.gz 'https://codeload.github.com/tprado/ircd/tar.gz/user-registration-no-pass'  2>&1`
$ cd '/home/pete/wefwefwef/docs/erldocs_other.git'
$ cd '/home/pete/wefwefwef/docs/other/cc8e217d1d5e5972172bdfaca8fc454bb845ffe2/ircd-branch-user-registration-no-pass/ircd-user-registration-no-pass'
$ 5000  `find -P . -type l -delete  2>&1`
$ cd '/home/pete/wefwefwef/docs/erldocs_other.git'
$ 5000  `mv '/home/pete/wefwefwef/docs/other/cc8e217d1d5e5972172bdfaca8fc454bb845ffe2/ircd-branch-user-registration-no-pass/ircd-user-registration-no-pass' '/home/pete/wefwefwef/docs/other/cc8e217d1d5e5972172bdfaca8fc454bb845ffe2/ircd-branch-user-registration-no-pass/ircd'  2>&1`
 :: Getting dependencies
$ cd '/home/pete/wefwefwef/docs/other/cc8e217d1d5e5972172bdfaca8fc454bb845ffe2/ircd-branch-user-registration-no-pass/ircd'
$ 5000  `ls -1 deps/  2>&1`
$ cd '/home/pete/wefwefwef/docs/erldocs_other.git'
>>> [rebar] deps = []
 :: Generating erldocs into /home/pete/wefwefwef/docs/other/cc8e217d1d5e5972172bdfaca8fc454bb845ffe2/repo/user-registration-no-pass
Building ircd
Generating Type Specs - "/home/pete/wefwefwef/docs/other/cc8e217d1d5e5972172bdfaca8fc454bb845ffe2/ircd-branch-user-registration-no-pass/ircd/src/ircd.erl"
Generating Type Specs - "/home/pete/wefwefwef/docs/other/cc8e217d1d5e5972172bdfaca8fc454bb845ffe2/ircd-branch-user-registration-no-pass/ircd/src/ircd_client.erl"
Generating Type Specs - "/home/pete/wefwefwef/docs/other/cc8e217d1d5e5972172bdfaca8fc454bb845ffe2/ircd-branch-user-registration-no-pass/ircd/src/ircd_client_sup.erl"
Generating Type Specs - "/home/pete/wefwefwef/docs/other/cc8e217d1d5e5972172bdfaca8fc454bb845ffe2/ircd-branch-user-registration-no-pass/ircd/src/ircd_listener.erl"
Generating Type Specs - "/home/pete/wefwefwef/docs/other/cc8e217d1d5e5972172bdfaca8fc454bb845ffe2/ircd-branch-user-registration-no-pass/ircd/src/ircd_msg.erl"
Generating XML for application ircd "/home/pete/wefwefwef/docs/other/cc8e217d1d5e5972172bdfaca8fc454bb845ffe2/ircd-branch-user-registration-no-pass/ircd" -> "/home/pete/wefwefwef/docs/other/cc8e217d1d5e5972172bdfaca8fc454bb845ffe2/repo/user-registration-no-pass/.xml/ircd"
/home/pete/wefwefwef/docs/other/cc8e217d1d5e5972172bdfaca8fc454bb845ffe2/ircd-branch-user-registration-no-pass/ircd/src/ircd_client.erl, function start_link/1: at line 26: @spec arity does not match.
edoc: skipping source file '/home/pete/wefwefwef/docs/other/cc8e217d1d5e5972172bdfaca8fc454bb845ffe2/ircd-branch-user-registration-no-pass/ircd/src/ircd_client.erl': {'EXIT',
                                                                                                                                                                 error}.
edoc: error in doclet 'edoc_doclet': {'EXIT',error}.
Error generating ircd XMLs. Using fallback ...
Generating XML ircd - ircd "/home/pete/wefwefwef/docs/other/cc8e217d1d5e5972172bdfaca8fc454bb845ffe2/ircd-branch-user-registration-no-pass/ircd/src/ircd.erl" -> "/home/pete/wefwefwef/docs/other/cc8e217d1d5e5972172bdfaca8fc454bb845ffe2/repo/user-registration-no-pass/.xml/ircd/ircd.xml"
Generating XML ircd - ircd_client "/home/pete/wefwefwef/docs/other/cc8e217d1d5e5972172bdfaca8fc454bb845ffe2/ircd-branch-user-registration-no-pass/ircd/src/ircd_client.erl" -> "/home/pete/wefwefwef/docs/other/cc8e217d1d5e5972172bdfaca8fc454bb845ffe2/repo/user-registration-no-pass/.xml/ircd/ircd_client.xml"
/home/pete/wefwefwef/docs/other/cc8e217d1d5e5972172bdfaca8fc454bb845ffe2/ircd-branch-user-registration-no-pass/ircd/src/ircd_client.erl, function start_link/1: at line 26: @spec arity does not match.
Error generating XML ("/home/pete/wefwefwef/docs/other/cc8e217d1d5e5972172bdfaca8fc454bb845ffe2/ircd-branch-user-registration-no-pass/ircd/src/ircd_client.erl"): {'EXIT',
                                                                                                                                                                   error}
Generating XML ircd - ircd_client_sup "/home/pete/wefwefwef/docs/other/cc8e217d1d5e5972172bdfaca8fc454bb845ffe2/ircd-branch-user-registration-no-pass/ircd/src/ircd_client_sup.erl" -> "/home/pete/wefwefwef/docs/other/cc8e217d1d5e5972172bdfaca8fc454bb845ffe2/repo/user-registration-no-pass/.xml/ircd/ircd_client_sup.xml"
Generating XML ircd - ircd_listener "/home/pete/wefwefwef/docs/other/cc8e217d1d5e5972172bdfaca8fc454bb845ffe2/ircd-branch-user-registration-no-pass/ircd/src/ircd_listener.erl" -> "/home/pete/wefwefwef/docs/other/cc8e217d1d5e5972172bdfaca8fc454bb845ffe2/repo/user-registration-no-pass/.xml/ircd/ircd_listener.xml"
Generating XML ircd - ircd_msg "/home/pete/wefwefwef/docs/other/cc8e217d1d5e5972172bdfaca8fc454bb845ffe2/ircd-branch-user-registration-no-pass/ircd/src/ircd_msg.erl" -> "/home/pete/wefwefwef/docs/other/cc8e217d1d5e5972172bdfaca8fc454bb845ffe2/repo/user-registration-no-pass/.xml/ircd/ircd_msg.xml"
Generating HTML - ircd_msg "/home/pete/wefwefwef/docs/other/cc8e217d1d5e5972172bdfaca8fc454bb845ffe2/repo/user-registration-no-pass/.xml/ircd/ircd_msg.xml"
Generating HTML - ircd_listener "/home/pete/wefwefwef/docs/other/cc8e217d1d5e5972172bdfaca8fc454bb845ffe2/repo/user-registration-no-pass/.xml/ircd/ircd_listener.xml"
Generating HTML - ircd_client_sup "/home/pete/wefwefwef/docs/other/cc8e217d1d5e5972172bdfaca8fc454bb845ffe2/repo/user-registration-no-pass/.xml/ircd/ircd_client_sup.xml"
Generating HTML - ircd "/home/pete/wefwefwef/docs/other/cc8e217d1d5e5972172bdfaca8fc454bb845ffe2/repo/user-registration-no-pass/.xml/ircd/ircd.xml"
Reading XML for "/home/pete/wefwefwef/docs/other/cc8e217d1d5e5972172bdfaca8fc454bb845ffe2/repo/user-registration-no-pass/.xml/ircd/ircd_msg.xml"
Reading XML for "/home/pete/wefwefwef/docs/other/cc8e217d1d5e5972172bdfaca8fc454bb845ffe2/repo/user-registration-no-pass/.xml/ircd/ircd_listener.xml"
Reading XML for "/home/pete/wefwefwef/docs/other/cc8e217d1d5e5972172bdfaca8fc454bb845ffe2/repo/user-registration-no-pass/.xml/ircd/ircd_client_sup.xml"
Reading XML for "/home/pete/wefwefwef/docs/other/cc8e217d1d5e5972172bdfaca8fc454bb845ffe2/repo/user-registration-no-pass/.xml/ircd/ircd.xml"
Reading XML for "/home/pete/wefwefwef/docs/other/cc8e217d1d5e5972172bdfaca8fc454bb845ffe2/repo/user-registration-no-pass/.xml/specs_ircd_msg.xml"
Reading XML for "/home/pete/wefwefwef/docs/other/cc8e217d1d5e5972172bdfaca8fc454bb845ffe2/repo/user-registration-no-pass/.xml/specs_ircd_listener.xml"
Reading XML for "/home/pete/wefwefwef/docs/other/cc8e217d1d5e5972172bdfaca8fc454bb845ffe2/repo/user-registration-no-pass/.xml/specs_ircd_client_sup.xml"
Reading XML for "/home/pete/wefwefwef/docs/other/cc8e217d1d5e5972172bdfaca8fc454bb845ffe2/repo/user-registration-no-pass/.xml/specs_ircd.xml"
Creating index.html ...
Creating erldocs_index.js ...
Woot, finished in 0 Minutes 0 Seconds
 :: Discovering other repos
$ 5000  `rm -r '/home/pete/wefwefwef/docs/other/cc8e217d1d5e5972172bdfaca8fc454bb845ffe2/ircd-branch-user-registration-no-pass'  2>&1`
 :: Processing https://github.com/tprado/ircd	{rev,branch,"rebar3","0fc362090312646b99645b880823711a4938d926",undefined,[],[]}
 :: Fetching repo code
$ cd '/home/pete/wefwefwef/docs/other/cc8e217d1d5e5972172bdfaca8fc454bb845ffe2/ircd-branch-rebar3'
$ infinity  `curl --fail --silent --show-error --location --output repo.tar.gz 'https://codeload.github.com/tprado/ircd/tar.gz/rebar3'  2>&1`
$ cd '/home/pete/wefwefwef/docs/erldocs_other.git'
$ cd '/home/pete/wefwefwef/docs/other/cc8e217d1d5e5972172bdfaca8fc454bb845ffe2/ircd-branch-rebar3/ircd-rebar3'
$ 5000  `find -P . -type l -delete  2>&1`
$ cd '/home/pete/wefwefwef/docs/erldocs_other.git'
$ 5000  `mv '/home/pete/wefwefwef/docs/other/cc8e217d1d5e5972172bdfaca8fc454bb845ffe2/ircd-branch-rebar3/ircd-rebar3' '/home/pete/wefwefwef/docs/other/cc8e217d1d5e5972172bdfaca8fc454bb845ffe2/ircd-branch-rebar3/ircd'  2>&1`
 :: Getting dependencies
$ cd '/home/pete/wefwefwef/docs/other/cc8e217d1d5e5972172bdfaca8fc454bb845ffe2/ircd-branch-rebar3/ircd'
$ 5000  `ls -1 deps/  2>&1`
$ cd '/home/pete/wefwefwef/docs/erldocs_other.git'
>>> [rebar] deps = []
 :: Generating erldocs into /home/pete/wefwefwef/docs/other/cc8e217d1d5e5972172bdfaca8fc454bb845ffe2/repo/rebar3
Building ircd
Generating Type Specs - "/home/pete/wefwefwef/docs/other/cc8e217d1d5e5972172bdfaca8fc454bb845ffe2/ircd-branch-rebar3/ircd/src/ircd.erl"
Generating Type Specs - "/home/pete/wefwefwef/docs/other/cc8e217d1d5e5972172bdfaca8fc454bb845ffe2/ircd-branch-rebar3/ircd/src/ircd_client.erl"
Generating Type Specs - "/home/pete/wefwefwef/docs/other/cc8e217d1d5e5972172bdfaca8fc454bb845ffe2/ircd-branch-rebar3/ircd/src/ircd_client_sup.erl"
Generating Type Specs - "/home/pete/wefwefwef/docs/other/cc8e217d1d5e5972172bdfaca8fc454bb845ffe2/ircd-branch-rebar3/ircd/src/ircd_listener.erl"
Generating XML for application ircd "/home/pete/wefwefwef/docs/other/cc8e217d1d5e5972172bdfaca8fc454bb845ffe2/ircd-branch-rebar3/ircd" -> "/home/pete/wefwefwef/docs/other/cc8e217d1d5e5972172bdfaca8fc454bb845ffe2/repo/rebar3/.xml/ircd"
/home/pete/wefwefwef/docs/other/cc8e217d1d5e5972172bdfaca8fc454bb845ffe2/ircd-branch-rebar3/ircd/src/ircd_client.erl, function start_link/1: at line 26: @spec arity does not match.
edoc: skipping source file '/home/pete/wefwefwef/docs/other/cc8e217d1d5e5972172bdfaca8fc454bb845ffe2/ircd-branch-rebar3/ircd/src/ircd_client.erl': {'EXIT',
                                                                                                                                              error}.
edoc: error in doclet 'edoc_doclet': {'EXIT',error}.
Error generating ircd XMLs. Using fallback ...
Generating XML ircd - ircd "/home/pete/wefwefwef/docs/other/cc8e217d1d5e5972172bdfaca8fc454bb845ffe2/ircd-branch-rebar3/ircd/src/ircd.erl" -> "/home/pete/wefwefwef/docs/other/cc8e217d1d5e5972172bdfaca8fc454bb845ffe2/repo/rebar3/.xml/ircd/ircd.xml"
Generating XML ircd - ircd_client "/home/pete/wefwefwef/docs/other/cc8e217d1d5e5972172bdfaca8fc454bb845ffe2/ircd-branch-rebar3/ircd/src/ircd_client.erl" -> "/home/pete/wefwefwef/docs/other/cc8e217d1d5e5972172bdfaca8fc454bb845ffe2/repo/rebar3/.xml/ircd/ircd_client.xml"
/home/pete/wefwefwef/docs/other/cc8e217d1d5e5972172bdfaca8fc454bb845ffe2/ircd-branch-rebar3/ircd/src/ircd_client.erl, function start_link/1: at line 26: @spec arity does not match.
Error generating XML ("/home/pete/wefwefwef/docs/other/cc8e217d1d5e5972172bdfaca8fc454bb845ffe2/ircd-branch-rebar3/ircd/src/ircd_client.erl"): {'EXIT',
                                                                                                                                                error}
Generating XML ircd - ircd_client_sup "/home/pete/wefwefwef/docs/other/cc8e217d1d5e5972172bdfaca8fc454bb845ffe2/ircd-branch-rebar3/ircd/src/ircd_client_sup.erl" -> "/home/pete/wefwefwef/docs/other/cc8e217d1d5e5972172bdfaca8fc454bb845ffe2/repo/rebar3/.xml/ircd/ircd_client_sup.xml"
Generating XML ircd - ircd_listener "/home/pete/wefwefwef/docs/other/cc8e217d1d5e5972172bdfaca8fc454bb845ffe2/ircd-branch-rebar3/ircd/src/ircd_listener.erl" -> "/home/pete/wefwefwef/docs/other/cc8e217d1d5e5972172bdfaca8fc454bb845ffe2/repo/rebar3/.xml/ircd/ircd_listener.xml"
Generating HTML - ircd "/home/pete/wefwefwef/docs/other/cc8e217d1d5e5972172bdfaca8fc454bb845ffe2/repo/rebar3/.xml/ircd/ircd.xml"
Reading XML for "/home/pete/wefwefwef/docs/other/cc8e217d1d5e5972172bdfaca8fc454bb845ffe2/repo/rebar3/.xml/ircd/ircd.xml"
Reading XML for "/home/pete/wefwefwef/docs/other/cc8e217d1d5e5972172bdfaca8fc454bb845ffe2/repo/rebar3/.xml/specs_ircd.xml"
Generating HTML - ircd_client_sup "/home/pete/wefwefwef/docs/other/cc8e217d1d5e5972172bdfaca8fc454bb845ffe2/repo/rebar3/.xml/ircd/ircd_client_sup.xml"
Reading XML for "/home/pete/wefwefwef/docs/other/cc8e217d1d5e5972172bdfaca8fc454bb845ffe2/repo/rebar3/.xml/ircd/ircd_client_sup.xml"
Reading XML for "/home/pete/wefwefwef/docs/other/cc8e217d1d5e5972172bdfaca8fc454bb845ffe2/repo/rebar3/.xml/specs_ircd_client_sup.xml"
Generating HTML - ircd_listener "/home/pete/wefwefwef/docs/other/cc8e217d1d5e5972172bdfaca8fc454bb845ffe2/repo/rebar3/.xml/ircd/ircd_listener.xml"
Reading XML for "/home/pete/wefwefwef/docs/other/cc8e217d1d5e5972172bdfaca8fc454bb845ffe2/repo/rebar3/.xml/ircd/ircd_listener.xml"
Reading XML for "/home/pete/wefwefwef/docs/other/cc8e217d1d5e5972172bdfaca8fc454bb845ffe2/repo/rebar3/.xml/specs_ircd_listener.xml"
Creating index.html ...
Creating erldocs_index.js ...
Woot, finished in 0 Minutes 0 Seconds
 :: Discovering other repos
$ 5000  `rm -r '/home/pete/wefwefwef/docs/other/cc8e217d1d5e5972172bdfaca8fc454bb845ffe2/ircd-branch-rebar3'  2>&1`
 :: Processing https://github.com/tprado/ircd	{rev,branch,"master","2386a7528e304f822e31e92b9c43be01610a0c26",undefined,[],[]}
 :: Fetching repo code
$ cd '/home/pete/wefwefwef/docs/other/cc8e217d1d5e5972172bdfaca8fc454bb845ffe2/ircd-branch-master'
$ infinity  `curl --fail --silent --show-error --location --output repo.tar.gz 'https://codeload.github.com/tprado/ircd/tar.gz/master'  2>&1`
$ cd '/home/pete/wefwefwef/docs/erldocs_other.git'
$ cd '/home/pete/wefwefwef/docs/other/cc8e217d1d5e5972172bdfaca8fc454bb845ffe2/ircd-branch-master/ircd-master'
$ 5000  `find -P . -type l -delete  2>&1`
$ cd '/home/pete/wefwefwef/docs/erldocs_other.git'
$ 5000  `mv '/home/pete/wefwefwef/docs/other/cc8e217d1d5e5972172bdfaca8fc454bb845ffe2/ircd-branch-master/ircd-master' '/home/pete/wefwefwef/docs/other/cc8e217d1d5e5972172bdfaca8fc454bb845ffe2/ircd-branch-master/ircd'  2>&1`
 :: Getting dependencies
$ cd '/home/pete/wefwefwef/docs/other/cc8e217d1d5e5972172bdfaca8fc454bb845ffe2/ircd-branch-master/ircd'
$ 5000  `ls -1 deps/  2>&1`
$ cd '/home/pete/wefwefwef/docs/erldocs_other.git'
>>> [rebar] deps = []
 :: Generating erldocs into /home/pete/wefwefwef/docs/other/cc8e217d1d5e5972172bdfaca8fc454bb845ffe2/repo/master
Building ircd
Generating Type Specs - "/home/pete/wefwefwef/docs/other/cc8e217d1d5e5972172bdfaca8fc454bb845ffe2/ircd-branch-master/ircd/src/ircd.erl"
Generating Type Specs - "/home/pete/wefwefwef/docs/other/cc8e217d1d5e5972172bdfaca8fc454bb845ffe2/ircd-branch-master/ircd/src/ircd_client.erl"
Generating Type Specs - "/home/pete/wefwefwef/docs/other/cc8e217d1d5e5972172bdfaca8fc454bb845ffe2/ircd-branch-master/ircd/src/ircd_client_sup.erl"
Generating Type Specs - "/home/pete/wefwefwef/docs/other/cc8e217d1d5e5972172bdfaca8fc454bb845ffe2/ircd-branch-master/ircd/src/ircd_listener.erl"
Generating XML for application ircd "/home/pete/wefwefwef/docs/other/cc8e217d1d5e5972172bdfaca8fc454bb845ffe2/ircd-branch-master/ircd" -> "/home/pete/wefwefwef/docs/other/cc8e217d1d5e5972172bdfaca8fc454bb845ffe2/repo/master/.xml/ircd"
/home/pete/wefwefwef/docs/other/cc8e217d1d5e5972172bdfaca8fc454bb845ffe2/ircd-branch-master/ircd/src/ircd_client.erl, function start_link/1: at line 26: @spec arity does not match.
edoc: skipping source file '/home/pete/wefwefwef/docs/other/cc8e217d1d5e5972172bdfaca8fc454bb845ffe2/ircd-branch-master/ircd/src/ircd_client.erl': {'EXIT',
                                                                                                                                              error}.
edoc: error in doclet 'edoc_doclet': {'EXIT',error}.
Error generating ircd XMLs. Using fallback ...
Generating XML ircd - ircd "/home/pete/wefwefwef/docs/other/cc8e217d1d5e5972172bdfaca8fc454bb845ffe2/ircd-branch-master/ircd/src/ircd.erl" -> "/home/pete/wefwefwef/docs/other/cc8e217d1d5e5972172bdfaca8fc454bb845ffe2/repo/master/.xml/ircd/ircd.xml"
Generating XML ircd - ircd_client "/home/pete/wefwefwef/docs/other/cc8e217d1d5e5972172bdfaca8fc454bb845ffe2/ircd-branch-master/ircd/src/ircd_client.erl" -> "/home/pete/wefwefwef/docs/other/cc8e217d1d5e5972172bdfaca8fc454bb845ffe2/repo/master/.xml/ircd/ircd_client.xml"
/home/pete/wefwefwef/docs/other/cc8e217d1d5e5972172bdfaca8fc454bb845ffe2/ircd-branch-master/ircd/src/ircd_client.erl, function start_link/1: at line 26: @spec arity does not match.
Error generating XML ("/home/pete/wefwefwef/docs/other/cc8e217d1d5e5972172bdfaca8fc454bb845ffe2/ircd-branch-master/ircd/src/ircd_client.erl"): {'EXIT',
                                                                                                                                                error}
Generating XML ircd - ircd_client_sup "/home/pete/wefwefwef/docs/other/cc8e217d1d5e5972172bdfaca8fc454bb845ffe2/ircd-branch-master/ircd/src/ircd_client_sup.erl" -> "/home/pete/wefwefwef/docs/other/cc8e217d1d5e5972172bdfaca8fc454bb845ffe2/repo/master/.xml/ircd/ircd_client_sup.xml"
Generating XML ircd - ircd_listener "/home/pete/wefwefwef/docs/other/cc8e217d1d5e5972172bdfaca8fc454bb845ffe2/ircd-branch-master/ircd/src/ircd_listener.erl" -> "/home/pete/wefwefwef/docs/other/cc8e217d1d5e5972172bdfaca8fc454bb845ffe2/repo/master/.xml/ircd/ircd_listener.xml"
Generating HTML - ircd "/home/pete/wefwefwef/docs/other/cc8e217d1d5e5972172bdfaca8fc454bb845ffe2/repo/master/.xml/ircd/ircd.xml"
Reading XML for "/home/pete/wefwefwef/docs/other/cc8e217d1d5e5972172bdfaca8fc454bb845ffe2/repo/master/.xml/ircd/ircd.xml"
Reading XML for "/home/pete/wefwefwef/docs/other/cc8e217d1d5e5972172bdfaca8fc454bb845ffe2/repo/master/.xml/specs_ircd.xml"
Generating HTML - ircd_client_sup "/home/pete/wefwefwef/docs/other/cc8e217d1d5e5972172bdfaca8fc454bb845ffe2/repo/master/.xml/ircd/ircd_client_sup.xml"
Reading XML for "/home/pete/wefwefwef/docs/other/cc8e217d1d5e5972172bdfaca8fc454bb845ffe2/repo/master/.xml/ircd/ircd_client_sup.xml"
Reading XML for "/home/pete/wefwefwef/docs/other/cc8e217d1d5e5972172bdfaca8fc454bb845ffe2/repo/master/.xml/specs_ircd_client_sup.xml"
Generating HTML - ircd_listener "/home/pete/wefwefwef/docs/other/cc8e217d1d5e5972172bdfaca8fc454bb845ffe2/repo/master/.xml/ircd/ircd_listener.xml"
Reading XML for "/home/pete/wefwefwef/docs/other/cc8e217d1d5e5972172bdfaca8fc454bb845ffe2/repo/master/.xml/ircd/ircd_listener.xml"
Reading XML for "/home/pete/wefwefwef/docs/other/cc8e217d1d5e5972172bdfaca8fc454bb845ffe2/repo/master/.xml/specs_ircd_listener.xml"
Creating index.html ...
Creating erldocs_index.js ...
Woot, finished in 0 Minutes 0 Seconds
 :: Discovering other repos
$ 5000  `rm -r '/home/pete/wefwefwef/docs/other/cc8e217d1d5e5972172bdfaca8fc454bb845ffe2/ircd-branch-master'  2>&1`
 :: Finishing up
$ 5000  `rm -r '/home/pete/wefwefwef/docs/other/cc8e217d1d5e5972172bdfaca8fc454bb845ffe2/ircd'  2>&1`
