 :: Extracting meta information
$ infinity  `git ls-remote --heads --tags 'https://github.com/tprado/ircd'  2>&1`
>>> [repo] 3 branches, 0 tags
 :: Writing meta to "/home/pete/wefwefwef/docs/other/cc8e217d1d5e5972172bdfaca8fc454bb845ffe2/meta.txt"
 :: Skipping branch "master"
 :: Skipping branch "rebar3"
 :: Processing https://github.com/tprado/ircd	{rev,branch,"user-registration-no-pass","1a9b77f5d2edd4ff0c6503831a12e364457ed4c2",undefined,[],[]}
 :: Fetching repo code
$ cd '/home/pete/wefwefwef/docs/other/cc8e217d1d5e5972172bdfaca8fc454bb845ffe2/ircd-branch-user-registration-no-pass'
$ infinity  `curl --fail --silent --show-error --location --output repo.tar.gz 'https://codeload.github.com/tprado/ircd/tar.gz/user-registration-no-pass'  2>&1`
$ cd '/home/pete/wefwefwef/docs/erldocs_other.git'
$ cd '/home/pete/wefwefwef/docs/other/cc8e217d1d5e5972172bdfaca8fc454bb845ffe2/ircd-branch-user-registration-no-pass/ircd-user-registration-no-pass'
$ 5000  `find -P . -type l -delete  2>&1`
$ cd '/home/pete/wefwefwef/docs/erldocs_other.git'
$ 5000  `mv '/home/pete/wefwefwef/docs/other/cc8e217d1d5e5972172bdfaca8fc454bb845ffe2/ircd-branch-user-registration-no-pass/ircd-user-registration-no-pass' '/home/pete/wefwefwef/docs/other/cc8e217d1d5e5972172bdfaca8fc454bb845ffe2/ircd-branch-user-registration-no-pass/ircd'  2>&1`
 :: Getting dependencies
$ cd '/home/pete/wefwefwef/docs/other/cc8e217d1d5e5972172bdfaca8fc454bb845ffe2/ircd-branch-user-registration-no-pass/ircd'
$ 5000  `ls -1 deps/  2>&1`
$ cd '/home/pete/wefwefwef/docs/erldocs_other.git'
>>> [rebar] deps = []
 :: Generating erldocs into /home/pete/wefwefwef/docs/other/cc8e217d1d5e5972172bdfaca8fc454bb845ffe2/repo/user-registration-no-pass
Building ircd
Generating Type Specs - "/home/pete/wefwefwef/docs/other/cc8e217d1d5e5972172bdfaca8fc454bb845ffe2/ircd-branch-user-registration-no-pass/ircd/src/ircd.erl"
Generating Type Specs - "/home/pete/wefwefwef/docs/other/cc8e217d1d5e5972172bdfaca8fc454bb845ffe2/ircd-branch-user-registration-no-pass/ircd/src/ircd_client.erl"
Generating Type Specs - "/home/pete/wefwefwef/docs/other/cc8e217d1d5e5972172bdfaca8fc454bb845ffe2/ircd-branch-user-registration-no-pass/ircd/src/ircd_client_sup.erl"
Generating Type Specs - "/home/pete/wefwefwef/docs/other/cc8e217d1d5e5972172bdfaca8fc454bb845ffe2/ircd-branch-user-registration-no-pass/ircd/src/ircd_listener.erl"
Generating Type Specs - "/home/pete/wefwefwef/docs/other/cc8e217d1d5e5972172bdfaca8fc454bb845ffe2/ircd-branch-user-registration-no-pass/ircd/src/ircd_msg.erl"
Generating Type Specs - "/home/pete/wefwefwef/docs/other/cc8e217d1d5e5972172bdfaca8fc454bb845ffe2/ircd-branch-user-registration-no-pass/ircd/src/ircd_user_registry.erl"
Generating XML for application ircd "/home/pete/wefwefwef/docs/other/cc8e217d1d5e5972172bdfaca8fc454bb845ffe2/ircd-branch-user-registration-no-pass/ircd" -> "/home/pete/wefwefwef/docs/other/cc8e217d1d5e5972172bdfaca8fc454bb845ffe2/repo/user-registration-no-pass/.xml/ircd"
/home/pete/wefwefwef/docs/other/cc8e217d1d5e5972172bdfaca8fc454bb845ffe2/ircd-branch-user-registration-no-pass/ircd/src/ircd_client.erl, function start_link/1: at line 26: @spec arity does not match.
edoc: skipping source file '/home/pete/wefwefwef/docs/other/cc8e217d1d5e5972172bdfaca8fc454bb845ffe2/ircd-branch-user-registration-no-pass/ircd/src/ircd_client.erl': {'EXIT',
                                                                                                                                                                 error}.
edoc: error in doclet 'edoc_doclet': {'EXIT',error}.
Error generating ircd XMLs. Using fallback ...
Generating XML ircd - ircd "/home/pete/wefwefwef/docs/other/cc8e217d1d5e5972172bdfaca8fc454bb845ffe2/ircd-branch-user-registration-no-pass/ircd/src/ircd.erl" -> "/home/pete/wefwefwef/docs/other/cc8e217d1d5e5972172bdfaca8fc454bb845ffe2/repo/user-registration-no-pass/.xml/ircd/ircd.xml"
Generating XML ircd - ircd_client "/home/pete/wefwefwef/docs/other/cc8e217d1d5e5972172bdfaca8fc454bb845ffe2/ircd-branch-user-registration-no-pass/ircd/src/ircd_client.erl" -> "/home/pete/wefwefwef/docs/other/cc8e217d1d5e5972172bdfaca8fc454bb845ffe2/repo/user-registration-no-pass/.xml/ircd/ircd_client.xml"
/home/pete/wefwefwef/docs/other/cc8e217d1d5e5972172bdfaca8fc454bb845ffe2/ircd-branch-user-registration-no-pass/ircd/src/ircd_client.erl, function start_link/1: at line 26: @spec arity does not match.
Error generating XML ("/home/pete/wefwefwef/docs/other/cc8e217d1d5e5972172bdfaca8fc454bb845ffe2/ircd-branch-user-registration-no-pass/ircd/src/ircd_client.erl"): {'EXIT',
                                                                                                                                                                   error}
Generating XML ircd - ircd_client_sup "/home/pete/wefwefwef/docs/other/cc8e217d1d5e5972172bdfaca8fc454bb845ffe2/ircd-branch-user-registration-no-pass/ircd/src/ircd_client_sup.erl" -> "/home/pete/wefwefwef/docs/other/cc8e217d1d5e5972172bdfaca8fc454bb845ffe2/repo/user-registration-no-pass/.xml/ircd/ircd_client_sup.xml"
Generating XML ircd - ircd_listener "/home/pete/wefwefwef/docs/other/cc8e217d1d5e5972172bdfaca8fc454bb845ffe2/ircd-branch-user-registration-no-pass/ircd/src/ircd_listener.erl" -> "/home/pete/wefwefwef/docs/other/cc8e217d1d5e5972172bdfaca8fc454bb845ffe2/repo/user-registration-no-pass/.xml/ircd/ircd_listener.xml"
Generating XML ircd - ircd_msg "/home/pete/wefwefwef/docs/other/cc8e217d1d5e5972172bdfaca8fc454bb845ffe2/ircd-branch-user-registration-no-pass/ircd/src/ircd_msg.erl" -> "/home/pete/wefwefwef/docs/other/cc8e217d1d5e5972172bdfaca8fc454bb845ffe2/repo/user-registration-no-pass/.xml/ircd/ircd_msg.xml"
Generating XML ircd - ircd_user_registry "/home/pete/wefwefwef/docs/other/cc8e217d1d5e5972172bdfaca8fc454bb845ffe2/ircd-branch-user-registration-no-pass/ircd/src/ircd_user_registry.erl" -> "/home/pete/wefwefwef/docs/other/cc8e217d1d5e5972172bdfaca8fc454bb845ffe2/repo/user-registration-no-pass/.xml/ircd/ircd_user_registry.xml"
Generating HTML - ircd_user_registry "/home/pete/wefwefwef/docs/other/cc8e217d1d5e5972172bdfaca8fc454bb845ffe2/repo/user-registration-no-pass/.xml/ircd/ircd_user_registry.xml"
Generating HTML - ircd_msg "/home/pete/wefwefwef/docs/other/cc8e217d1d5e5972172bdfaca8fc454bb845ffe2/repo/user-registration-no-pass/.xml/ircd/ircd_msg.xml"
Generating HTML - ircd_listener "/home/pete/wefwefwef/docs/other/cc8e217d1d5e5972172bdfaca8fc454bb845ffe2/repo/user-registration-no-pass/.xml/ircd/ircd_listener.xml"
Generating HTML - ircd "/home/pete/wefwefwef/docs/other/cc8e217d1d5e5972172bdfaca8fc454bb845ffe2/repo/user-registration-no-pass/.xml/ircd/ircd.xml"
Reading XML for "/home/pete/wefwefwef/docs/other/cc8e217d1d5e5972172bdfaca8fc454bb845ffe2/repo/user-registration-no-pass/.xml/ircd/ircd_user_registry.xml"
Reading XML for "/home/pete/wefwefwef/docs/other/cc8e217d1d5e5972172bdfaca8fc454bb845ffe2/repo/user-registration-no-pass/.xml/ircd/ircd_msg.xml"
Reading XML for "/home/pete/wefwefwef/docs/other/cc8e217d1d5e5972172bdfaca8fc454bb845ffe2/repo/user-registration-no-pass/.xml/ircd/ircd_listener.xml"
Reading XML for "/home/pete/wefwefwef/docs/other/cc8e217d1d5e5972172bdfaca8fc454bb845ffe2/repo/user-registration-no-pass/.xml/ircd/ircd.xml"
Reading XML for "/home/pete/wefwefwef/docs/other/cc8e217d1d5e5972172bdfaca8fc454bb845ffe2/repo/user-registration-no-pass/.xml/specs_ircd_user_registry.xml"
Reading XML for "/home/pete/wefwefwef/docs/other/cc8e217d1d5e5972172bdfaca8fc454bb845ffe2/repo/user-registration-no-pass/.xml/specs_ircd_msg.xml"
Reading XML for "/home/pete/wefwefwef/docs/other/cc8e217d1d5e5972172bdfaca8fc454bb845ffe2/repo/user-registration-no-pass/.xml/specs_ircd_listener.xml"
Reading XML for "/home/pete/wefwefwef/docs/other/cc8e217d1d5e5972172bdfaca8fc454bb845ffe2/repo/user-registration-no-pass/.xml/specs_ircd.xml"
Generating HTML - ircd_client_sup "/home/pete/wefwefwef/docs/other/cc8e217d1d5e5972172bdfaca8fc454bb845ffe2/repo/user-registration-no-pass/.xml/ircd/ircd_client_sup.xml"
Reading XML for "/home/pete/wefwefwef/docs/other/cc8e217d1d5e5972172bdfaca8fc454bb845ffe2/repo/user-registration-no-pass/.xml/ircd/ircd_client_sup.xml"
Reading XML for "/home/pete/wefwefwef/docs/other/cc8e217d1d5e5972172bdfaca8fc454bb845ffe2/repo/user-registration-no-pass/.xml/specs_ircd_client_sup.xml"
Creating index.html ...
Creating erldocs_index.js ...
Woot, finished in 0 Minutes 1 Seconds
 :: Discovering other repos
$ 5000  `rm -r '/home/pete/wefwefwef/docs/other/cc8e217d1d5e5972172bdfaca8fc454bb845ffe2/ircd-branch-user-registration-no-pass'  2>&1`
 :: Finishing up
$ 5000  `rm -r '/home/pete/wefwefwef/docs/other/cc8e217d1d5e5972172bdfaca8fc454bb845ffe2/ircd'  2>&1`
