 :: Extracting meta information
$ 5000  `git ls-remote --heads --tags 'https://github.com/akaspin/roller'  2>&1`
>>> [repo] 4 branches, 0 tags
 :: Writing meta to "/home/pete/wefwefwef/docs/other/554380244/meta.txt"
 :: Processing https://github.com/akaspin/roller	{rev,branch,"err_mod","77561d0c68f82c0174ed3382c692dbb19df0361b",undefined,[],[]}
 :: Fetching repo code
$ cd "/home/pete/wefwefwef/docs/other/554380244/roller-branch-err_mod/roller"
$ infinity  `curl --fail --silent --show-error --location --output 'err_mod.zip' 'https://github.com/akaspin/roller/archive/err_mod.zip'  2>&1`
$ cd "/home/pete/wefwefwef/docs/erldocs_other.git"
$ cd "/home/pete/wefwefwef/docs/other/554380244/roller-branch-err_mod/roller"
$ 5000  `find -P . -type l -delete  2>&1`
$ cd "/home/pete/wefwefwef/docs/erldocs_other.git"
$ cd "/home/pete/wefwefwef/docs/other/554380244/roller-branch-err_mod/roller"
$ 5000  `find 'roller-err_mod' -mindepth 1 -maxdepth 1 -exec mv -t . -- {} +  2>&1`
$ cd "/home/pete/wefwefwef/docs/erldocs_other.git"
 :: Getting dependencies
$ cd "/home/pete/wefwefwef/docs/other/554380244/roller-branch-err_mod/roller"
$ 5000  `ls -1 deps/  2>&1`
$ cd "/home/pete/wefwefwef/docs/erldocs_other.git"
>>> [rebar] deps = []
 :: Generating erldocs into /home/pete/wefwefwef/docs/other/554380244/repo/err_mod
Building roller
Generating Type Specs - "/home/pete/wefwefwef/docs/other/554380244/roller-branch-err_mod/roller/src/roller.erl"
Generating Type Specs - "/home/pete/wefwefwef/docs/other/554380244/roller-branch-err_mod/roller/src/roller_op.erl"
Generating XML for application roller "/home/pete/wefwefwef/docs/other/554380244/roller-branch-err_mod/roller" -> "/home/pete/wefwefwef/docs/other/554380244/repo/err_mod/.xml/roller"
Generated roller XMLs: ["/home/pete/wefwefwef/docs/other/554380244/repo/err_mod/.xml/roller/roller_op.xml",
                        "/home/pete/wefwefwef/docs/other/554380244/repo/err_mod/.xml/roller/roller.xml"]
Generating HTML - roller "/home/pete/wefwefwef/docs/other/554380244/repo/err_mod/.xml/roller/roller.xml"
Reading XML for "/home/pete/wefwefwef/docs/other/554380244/repo/err_mod/.xml/roller/roller.xml"
Reading XML for "/home/pete/wefwefwef/docs/other/554380244/repo/err_mod/.xml/specs_roller.xml"
Generating HTML - roller_op "/home/pete/wefwefwef/docs/other/554380244/repo/err_mod/.xml/roller/roller_op.xml"
Reading XML for "/home/pete/wefwefwef/docs/other/554380244/repo/err_mod/.xml/roller/roller_op.xml"
Reading XML for "/home/pete/wefwefwef/docs/other/554380244/repo/err_mod/.xml/specs_roller_op.xml"
Creating index.html ...
Creating erldocs_index.js ...
Woot, finished in 0 Minutes 0 Seconds
 :: Discovering other repos
$ 5000  `rm -r '/home/pete/wefwefwef/docs/other/554380244/roller-branch-err_mod'  2>&1`
 :: Processing https://github.com/akaspin/roller	{rev,branch,"generic","e923aaa57569004c7c8e29968fe112d9c9c62973",undefined,[],[]}
 :: Fetching repo code
$ cd "/home/pete/wefwefwef/docs/other/554380244/roller-branch-generic/roller"
$ infinity  `curl --fail --silent --show-error --location --output 'generic.zip' 'https://github.com/akaspin/roller/archive/generic.zip'  2>&1`
$ cd "/home/pete/wefwefwef/docs/erldocs_other.git"
$ cd "/home/pete/wefwefwef/docs/other/554380244/roller-branch-generic/roller"
$ 5000  `find -P . -type l -delete  2>&1`
$ cd "/home/pete/wefwefwef/docs/erldocs_other.git"
$ cd "/home/pete/wefwefwef/docs/other/554380244/roller-branch-generic/roller"
$ 5000  `find 'roller-generic' -mindepth 1 -maxdepth 1 -exec mv -t . -- {} +  2>&1`
$ cd "/home/pete/wefwefwef/docs/erldocs_other.git"
 :: Getting dependencies
$ cd "/home/pete/wefwefwef/docs/other/554380244/roller-branch-generic/roller"
$ 5000  `ls -1 deps/  2>&1`
$ cd "/home/pete/wefwefwef/docs/erldocs_other.git"
>>> [rebar] deps = []
 :: Generating erldocs into /home/pete/wefwefwef/docs/other/554380244/repo/generic
Building roller
Generating Type Specs - "/home/pete/wefwefwef/docs/other/554380244/roller-branch-generic/roller/src/roller.erl"
Generating Type Specs - "/home/pete/wefwefwef/docs/other/554380244/roller-branch-generic/roller/src/roller_op.erl"
Generating XML for application roller "/home/pete/wefwefwef/docs/other/554380244/roller-branch-generic/roller" -> "/home/pete/wefwefwef/docs/other/554380244/repo/generic/.xml/roller"
Generated roller XMLs: ["/home/pete/wefwefwef/docs/other/554380244/repo/generic/.xml/roller/roller_op.xml",
                        "/home/pete/wefwefwef/docs/other/554380244/repo/generic/.xml/roller/roller.xml"]
Generating HTML - roller "/home/pete/wefwefwef/docs/other/554380244/repo/generic/.xml/roller/roller.xml"
Reading XML for "/home/pete/wefwefwef/docs/other/554380244/repo/generic/.xml/roller/roller.xml"
Reading XML for "/home/pete/wefwefwef/docs/other/554380244/repo/generic/.xml/specs_roller.xml"
Generating HTML - roller_op "/home/pete/wefwefwef/docs/other/554380244/repo/generic/.xml/roller/roller_op.xml"
Reading XML for "/home/pete/wefwefwef/docs/other/554380244/repo/generic/.xml/roller/roller_op.xml"
Reading XML for "/home/pete/wefwefwef/docs/other/554380244/repo/generic/.xml/specs_roller_op.xml"
Creating index.html ...
Creating erldocs_index.js ...
Woot, finished in 0 Minutes 0 Seconds
 :: Discovering other repos
$ 5000  `rm -r '/home/pete/wefwefwef/docs/other/554380244/roller-branch-generic'  2>&1`
 :: Processing https://github.com/akaspin/roller	{rev,branch,"master","9b9d3479cf3cdc8eb658666550dfefbaea9eda7e",undefined,[],[]}
 :: Fetching repo code
$ cd "/home/pete/wefwefwef/docs/other/554380244/roller-branch-master/roller"
$ infinity  `curl --fail --silent --show-error --location --output 'master.zip' 'https://github.com/akaspin/roller/archive/master.zip'  2>&1`
$ cd "/home/pete/wefwefwef/docs/erldocs_other.git"
$ cd "/home/pete/wefwefwef/docs/other/554380244/roller-branch-master/roller"
$ 5000  `find -P . -type l -delete  2>&1`
$ cd "/home/pete/wefwefwef/docs/erldocs_other.git"
$ cd "/home/pete/wefwefwef/docs/other/554380244/roller-branch-master/roller"
$ 5000  `find 'roller-master' -mindepth 1 -maxdepth 1 -exec mv -t . -- {} +  2>&1`
$ cd "/home/pete/wefwefwef/docs/erldocs_other.git"
 :: Getting dependencies
$ cd "/home/pete/wefwefwef/docs/other/554380244/roller-branch-master/roller"
$ 5000  `ls -1 deps/  2>&1`
$ cd "/home/pete/wefwefwef/docs/erldocs_other.git"
>>> [rebar] deps = []
 :: Generating erldocs into /home/pete/wefwefwef/docs/other/554380244/repo/master
Building roller
Generating Type Specs - "/home/pete/wefwefwef/docs/other/554380244/roller-branch-master/roller/src/roller.erl"
Generating Type Specs - "/home/pete/wefwefwef/docs/other/554380244/roller-branch-master/roller/src/roller_op.erl"
Generating XML for application roller "/home/pete/wefwefwef/docs/other/554380244/roller-branch-master/roller" -> "/home/pete/wefwefwef/docs/other/554380244/repo/master/.xml/roller"
Generated roller XMLs: ["/home/pete/wefwefwef/docs/other/554380244/repo/master/.xml/roller/roller_op.xml",
                        "/home/pete/wefwefwef/docs/other/554380244/repo/master/.xml/roller/roller.xml"]
Generating HTML - roller "/home/pete/wefwefwef/docs/other/554380244/repo/master/.xml/roller/roller.xml"
Reading XML for "/home/pete/wefwefwef/docs/other/554380244/repo/master/.xml/roller/roller.xml"
Reading XML for "/home/pete/wefwefwef/docs/other/554380244/repo/master/.xml/specs_roller.xml"
Generating HTML - roller_op "/home/pete/wefwefwef/docs/other/554380244/repo/master/.xml/roller/roller_op.xml"
Reading XML for "/home/pete/wefwefwef/docs/other/554380244/repo/master/.xml/roller/roller_op.xml"
Reading XML for "/home/pete/wefwefwef/docs/other/554380244/repo/master/.xml/specs_roller_op.xml"
Creating index.html ...
Creating erldocs_index.js ...
Woot, finished in 0 Minutes 0 Seconds
 :: Discovering other repos
$ 5000  `rm -r '/home/pete/wefwefwef/docs/other/554380244/roller-branch-master'  2>&1`
 :: Processing https://github.com/akaspin/roller	{rev,branch,"simplify","5138073a090fde79b2c6c9a1eb60b10712082133",undefined,[],[]}
 :: Fetching repo code
$ cd "/home/pete/wefwefwef/docs/other/554380244/roller-branch-simplify/roller"
$ infinity  `curl --fail --silent --show-error --location --output 'simplify.zip' 'https://github.com/akaspin/roller/archive/simplify.zip'  2>&1`
$ cd "/home/pete/wefwefwef/docs/erldocs_other.git"
$ cd "/home/pete/wefwefwef/docs/other/554380244/roller-branch-simplify/roller"
$ 5000  `find -P . -type l -delete  2>&1`
$ cd "/home/pete/wefwefwef/docs/erldocs_other.git"
$ cd "/home/pete/wefwefwef/docs/other/554380244/roller-branch-simplify/roller"
$ 5000  `find 'roller-simplify' -mindepth 1 -maxdepth 1 -exec mv -t . -- {} +  2>&1`
$ cd "/home/pete/wefwefwef/docs/erldocs_other.git"
 :: Getting dependencies
$ cd "/home/pete/wefwefwef/docs/other/554380244/roller-branch-simplify/roller"
$ 5000  `ls -1 deps/  2>&1`
$ cd "/home/pete/wefwefwef/docs/erldocs_other.git"
>>> [rebar] deps = []
 :: Generating erldocs into /home/pete/wefwefwef/docs/other/554380244/repo/simplify
Building roller
Generating Type Specs - "/home/pete/wefwefwef/docs/other/554380244/roller-branch-simplify/roller/src/roller.erl"
Generating Type Specs - "/home/pete/wefwefwef/docs/other/554380244/roller-branch-simplify/roller/src/roller_op.erl"
Generating XML for application roller "/home/pete/wefwefwef/docs/other/554380244/roller-branch-simplify/roller" -> "/home/pete/wefwefwef/docs/other/554380244/repo/simplify/.xml/roller"
Generated roller XMLs: ["/home/pete/wefwefwef/docs/other/554380244/repo/simplify/.xml/roller/roller_op.xml",
                        "/home/pete/wefwefwef/docs/other/554380244/repo/simplify/.xml/roller/roller.xml"]
Generating HTML - roller "/home/pete/wefwefwef/docs/other/554380244/repo/simplify/.xml/roller/roller.xml"
Reading XML for "/home/pete/wefwefwef/docs/other/554380244/repo/simplify/.xml/roller/roller.xml"
Reading XML for "/home/pete/wefwefwef/docs/other/554380244/repo/simplify/.xml/specs_roller.xml"
Generating HTML - roller_op "/home/pete/wefwefwef/docs/other/554380244/repo/simplify/.xml/roller/roller_op.xml"
Reading XML for "/home/pete/wefwefwef/docs/other/554380244/repo/simplify/.xml/roller/roller_op.xml"
Reading XML for "/home/pete/wefwefwef/docs/other/554380244/repo/simplify/.xml/specs_roller_op.xml"
Creating index.html ...
Creating erldocs_index.js ...
Woot, finished in 0 Minutes 0 Seconds
 :: Discovering other repos
$ 5000  `rm -r '/home/pete/wefwefwef/docs/other/554380244/roller-branch-simplify'  2>&1`
 :: Finishing up
$ 5000  `rm -r '/home/pete/wefwefwef/docs/other/554380244/roller'  2>&1`
