 :: Extracting meta information
$ 5000  `git ls-remote --heads --tags 'https://github.com/hiroeorz/hipe_test'  2>&1`
>>> [repo] 1 branches, 0 tags
 :: Writing meta to "/home/pete/wefwefwef/docs/other/5891107512/meta.txt"
 :: Processing https://github.com/hiroeorz/hipe_test	{rev,branch,"master","29ebb3327d891e5cb0a41dc80a5bcb58d78156cd"}
 :: Fetching repo code
$ cd "/home/pete/wefwefwef/docs/other/5891107512/hipe_test-branch-master/hipe_test"
$ infinity  `curl --fail --silent --show-error --location --output 'master.zip' 'https://github.com/hiroeorz/hipe_test/archive/master.zip'  2>&1`
$ cd "/home/pete/wefwefwef/docs/erldocs_other.git"
$ cd "/home/pete/wefwefwef/docs/other/5891107512/hipe_test-branch-master/hipe_test"
$ 5000  `find -P . -type l -delete  2>&1`
$ cd "/home/pete/wefwefwef/docs/erldocs_other.git"
$ cd "/home/pete/wefwefwef/docs/other/5891107512/hipe_test-branch-master/hipe_test"
$ 5000  `find 'hipe_test-master' -mindepth 1 -maxdepth 1 -exec mv -t . -- {} +  2>&1`
$ cd "/home/pete/wefwefwef/docs/erldocs_other.git"
 :: Getting dependencies
$ cd "/home/pete/wefwefwef/docs/other/5891107512/hipe_test-branch-master/hipe_test"
$ 5000  `ls -1 deps/  2>&1`
$ cd "/home/pete/wefwefwef/docs/erldocs_other.git"
>>> [rebar] deps = []
 :: Generating erldocs into /home/pete/wefwefwef/docs/other/5891107512/repo/master
Building hipe_test
Generating Type Specs - "/home/pete/wefwefwef/docs/other/5891107512/hipe_test-branch-master/hipe_test/src/hipe_test.erl"
Generating Type Specs - "/home/pete/wefwefwef/docs/other/5891107512/hipe_test-branch-master/hipe_test/src/hipe_test_app.erl"
Generating Type Specs - "/home/pete/wefwefwef/docs/other/5891107512/hipe_test-branch-master/hipe_test/src/hipe_test_sup.erl"
Generating XML for application hipe_test "/home/pete/wefwefwef/docs/other/5891107512/hipe_test-branch-master/hipe_test" -> "/home/pete/wefwefwef/docs/other/5891107512/repo/master/.xml/hipe_test"
Generated hipe_test XMLs: ["/home/pete/wefwefwef/docs/other/5891107512/repo/master/.xml/hipe_test/hipe_test_app.xml",
                           "/home/pete/wefwefwef/docs/other/5891107512/repo/master/.xml/hipe_test/hipe_test.xml",
                           "/home/pete/wefwefwef/docs/other/5891107512/repo/master/.xml/hipe_test/hipe_test_sup.xml"]
Generating HTML - hipe_test_sup "/home/pete/wefwefwef/docs/other/5891107512/repo/master/.xml/hipe_test/hipe_test_sup.xml"
Reading XML for "/home/pete/wefwefwef/docs/other/5891107512/repo/master/.xml/hipe_test/hipe_test_sup.xml"
Reading XML for "/home/pete/wefwefwef/docs/other/5891107512/repo/master/.xml/specs_hipe_test_sup.xml"
Generating HTML - hipe_test "/home/pete/wefwefwef/docs/other/5891107512/repo/master/.xml/hipe_test/hipe_test.xml"
Reading XML for "/home/pete/wefwefwef/docs/other/5891107512/repo/master/.xml/hipe_test/hipe_test.xml"
Reading XML for "/home/pete/wefwefwef/docs/other/5891107512/repo/master/.xml/specs_hipe_test.xml"
Generating HTML - hipe_test_app "/home/pete/wefwefwef/docs/other/5891107512/repo/master/.xml/hipe_test/hipe_test_app.xml"
Reading XML for "/home/pete/wefwefwef/docs/other/5891107512/repo/master/.xml/hipe_test/hipe_test_app.xml"
Reading XML for "/home/pete/wefwefwef/docs/other/5891107512/repo/master/.xml/specs_hipe_test_app.xml"
Creating index.html ...
Creating erldocs_index.js ...
Woot, finished in 0 Minutes 0 Seconds
 :: Discovering other repos
$ 5000  `rm -r '/home/pete/wefwefwef/docs/other/5891107512/hipe_test-branch-master'  2>&1`
 :: Erldocs finishing up
$ 5000  `rm -r '/home/pete/wefwefwef/docs/other/5891107512/hipe_test'  2>&1`
