 :: Extracting meta information
$ cd '.'
$ infinity  `git ls-remote --heads --tags https://github.com/lafka/redq`
>>> [repo] 2 branches, 6 tags
 :: Writing meta to "/home/pete/wefwefwef/docs/other/3ebd064db932e4ea994290537035bc5a93c59cba/meta.txt"
 :: Skipping tag "0.1.0"
 :: Skipping tag "0.1.1"
 :: Skipping tag "0.1.2"
 :: Skipping tag "0.2.0-RC1"
 :: Skipping tag "0.2.1"
 :: Skipping tag "0.2.2"
 :: Skipping branch "0.2.x"
 :: Processing https://github.com/lafka/redq	{rev,branch,"master","c0f87092fddf5b38a7e0d4ed0dd866c72817448a",undefined,[],[]}
 :: Fetching repo code
$ cd '/home/pete/wefwefwef/docs/other/3ebd064db932e4ea994290537035bc5a93c59cba/redq-branch-master'
$ infinity  `curl --fail --silent --show-error --location --output repo.tar.gz https://codeload.github.com/lafka/redq/tar.gz/master`
$ cd '/home/pete/wefwefwef/docs/other/3ebd064db932e4ea994290537035bc5a93c59cba/redq-branch-master/redq-master'
$ 5000  `find -P . -type l -delete`
$ cd '.'
$ 5000  `mv /home/pete/wefwefwef/docs/other/3ebd064db932e4ea994290537035bc5a93c59cba/redq-branch-master/redq-master /home/pete/wefwefwef/docs/other/3ebd064db932e4ea994290537035bc5a93c59cba/redq-branch-master/redq`
 :: Getting dependencies
 :: Error running eo_core:
	[{eo_core,sh,
                  ["/home/pete/wefwefwef/docs/other/3ebd064db932e4ea994290537035bc5a93c59cba/redq-branch-master/redq",
                   ["rebar","--config",
                    "/home/pete/wefwefwef/docs/other/3ebd064db932e4ea994290537035bc5a93c59cba/redq-branch-master/rebar_deps",
                    "get-deps"],
                   infinity],
                  []},
         {eo_util,get_deps,2,[{file,"src/eo_util.erl"},{line,123}]},
         {eo_util,rebar_get_deps,1,[{file,"src/eo_util.erl"},{line,88}]},
         {eo_core,get_deps,1,[{file,"src/eo_core.erl"},{line,339}]},
         {eo_core,do,7,[{file,"src/eo_core.erl"},{line,110}]},
         {eo_core,'-main_/1-lc$^0/1-0-',8,
                  [{file,"src/eo_core.erl"},{line,85}]},
         {eo_core,main_,1,[{file,"src/eo_core.erl"},{line,85}]},
         {eo_core,main,1,[{file,"src/eo_core.erl"},{line,56}]}]
{error,undef}
 :: Finishing up
$ cd '.'
$ 5000  `rm -r /home/pete/wefwefwef/docs/other/3ebd064db932e4ea994290537035bc5a93c59cba/redq`
