 :: Extracting meta information
$ 5000  `git ls-remote --heads --tags 'https://github.com/fr0stbyte/dns_proxy'  2>&1`
>>> [repo] 1 branches, 0 tags
 :: Writing meta to "/home/pete/wefwefwef/docs/other/245563494/meta.txt"
 :: Processing https://github.com/fr0stbyte/dns_proxy	{rev,branch,"master","590e50c61664fe66c81f21de98273c31cc36438d"}
 :: Fetching repo code
$ cd "/home/pete/wefwefwef/docs/other/245563494/dns_proxy-branch-master/dns_proxy"
$ infinity  `curl --fail --silent --show-error --location --output 'master.zip' 'https://github.com/fr0stbyte/dns_proxy/archive/master.zip'  2>&1`
$ cd "/home/pete/wefwefwef/docs/erldocs_other.git"
$ cd "/home/pete/wefwefwef/docs/other/245563494/dns_proxy-branch-master/dns_proxy"
$ 5000  `find -P . -type l -delete  2>&1`
$ cd "/home/pete/wefwefwef/docs/erldocs_other.git"
$ cd "/home/pete/wefwefwef/docs/other/245563494/dns_proxy-branch-master/dns_proxy"
$ 5000  `find 'dns_proxy-master' -mindepth 1 -maxdepth 1 -exec mv -t . -- {} +  2>&1`
$ cd "/home/pete/wefwefwef/docs/erldocs_other.git"
 :: Getting dependencies
$ cd "/home/pete/wefwefwef/docs/other/245563494/dns_proxy-branch-master/dns_proxy"
$ 5000  `ls -1 deps/  2>&1`
$ cd "/home/pete/wefwefwef/docs/erldocs_other.git"
>>> [rebar] deps = []
 :: Generating erldocs into /home/pete/wefwefwef/docs/other/245563494/repo/master
Building dns_proxy
Generating Type Specs - "/home/pete/wefwefwef/docs/other/245563494/dns_proxy-branch-master/dns_proxy/apps/dns_proxy/src/dns_mnesia_srv.erl"
Generating Type Specs - "/home/pete/wefwefwef/docs/other/245563494/dns_proxy-branch-master/dns_proxy/apps/dns_proxy/src/dns_mnesia_sup.erl"
Generating Type Specs - "/home/pete/wefwefwef/docs/other/245563494/dns_proxy-branch-master/dns_proxy/apps/dns_proxy/src/dns_proxy_app.erl"
Generating Type Specs - "/home/pete/wefwefwef/docs/other/245563494/dns_proxy-branch-master/dns_proxy/apps/dns_proxy/src/dns_proxy_sup.erl"
Generating Type Specs - "/home/pete/wefwefwef/docs/other/245563494/dns_proxy-branch-master/dns_proxy/apps/dns_proxy/src/dns_udp_srv.erl"
Generating Type Specs - "/home/pete/wefwefwef/docs/other/245563494/dns_proxy-branch-master/dns_proxy/apps/dns_proxy/src/dns_udp_sup.erl"
Generating Type Specs - "/home/pete/wefwefwef/docs/other/245563494/dns_proxy-branch-master/dns_proxy/apps/dns_proxy/src/dns_utils.erl"
Generating Type Specs - "/home/pete/wefwefwef/docs/other/245563494/dns_proxy-branch-master/dns_proxy/apps/dns_proxy/src/dns_worker_srv.erl"
Generating Type Specs - "/home/pete/wefwefwef/docs/other/245563494/dns_proxy-branch-master/dns_proxy/apps/dns_proxy/src/dns_worker_sup.erl"
Generating XML for application dns_proxy "/home/pete/wefwefwef/docs/other/245563494/dns_proxy-branch-master/dns_proxy/apps/dns_proxy" -> "/home/pete/wefwefwef/docs/other/245563494/repo/master/.xml/dns_proxy"
Generated dns_proxy XMLs: ["/home/pete/wefwefwef/docs/other/245563494/repo/master/.xml/dns_proxy/dns_utils.xml",
                           "/home/pete/wefwefwef/docs/other/245563494/repo/master/.xml/dns_proxy/dns_proxy_app.xml",
                           "/home/pete/wefwefwef/docs/other/245563494/repo/master/.xml/dns_proxy/dns_proxy_sup.xml",
                           "/home/pete/wefwefwef/docs/other/245563494/repo/master/.xml/dns_proxy/dns_udp_srv.xml",
                           "/home/pete/wefwefwef/docs/other/245563494/repo/master/.xml/dns_proxy/dns_worker_sup.xml",
                           "/home/pete/wefwefwef/docs/other/245563494/repo/master/.xml/dns_proxy/dns_worker_srv.xml",
                           "/home/pete/wefwefwef/docs/other/245563494/repo/master/.xml/dns_proxy/dns_udp_sup.xml",
                           "/home/pete/wefwefwef/docs/other/245563494/repo/master/.xml/dns_proxy/dns_mnesia_sup.xml",
                           "/home/pete/wefwefwef/docs/other/245563494/repo/master/.xml/dns_proxy/dns_mnesia_srv.xml"]
Generating HTML - dns_proxy_app "/home/pete/wefwefwef/docs/other/245563494/repo/master/.xml/dns_proxy/dns_proxy_app.xml"
Generating HTML - dns_udp_srv "/home/pete/wefwefwef/docs/other/245563494/repo/master/.xml/dns_proxy/dns_udp_srv.xml"
Generating HTML - dns_worker_srv "/home/pete/wefwefwef/docs/other/245563494/repo/master/.xml/dns_proxy/dns_worker_srv.xml"
Generating HTML - dns_mnesia_srv "/home/pete/wefwefwef/docs/other/245563494/repo/master/.xml/dns_proxy/dns_mnesia_srv.xml"
Reading XML for "/home/pete/wefwefwef/docs/other/245563494/repo/master/.xml/dns_proxy/dns_proxy_app.xml"
Reading XML for "/home/pete/wefwefwef/docs/other/245563494/repo/master/.xml/dns_proxy/dns_udp_srv.xml"
Reading XML for "/home/pete/wefwefwef/docs/other/245563494/repo/master/.xml/dns_proxy/dns_worker_srv.xml"
Reading XML for "/home/pete/wefwefwef/docs/other/245563494/repo/master/.xml/dns_proxy/dns_mnesia_srv.xml"
Reading XML for "/home/pete/wefwefwef/docs/other/245563494/repo/master/.xml/specs_dns_worker_srv.xml"
Reading XML for "/home/pete/wefwefwef/docs/other/245563494/repo/master/.xml/specs_dns_proxy_app.xml"
Generating HTML - dns_utils "/home/pete/wefwefwef/docs/other/245563494/repo/master/.xml/dns_proxy/dns_utils.xml"
Reading XML for "/home/pete/wefwefwef/docs/other/245563494/repo/master/.xml/specs_dns_udp_srv.xml"
Reading XML for "/home/pete/wefwefwef/docs/other/245563494/repo/master/.xml/dns_proxy/dns_utils.xml"
Reading XML for "/home/pete/wefwefwef/docs/other/245563494/repo/master/.xml/specs_dns_mnesia_srv.xml"
Generating HTML - dns_worker_sup "/home/pete/wefwefwef/docs/other/245563494/repo/master/.xml/dns_proxy/dns_worker_sup.xml"
Reading XML for "/home/pete/wefwefwef/docs/other/245563494/repo/master/.xml/dns_proxy/dns_worker_sup.xml"
Generating HTML - dns_proxy_sup "/home/pete/wefwefwef/docs/other/245563494/repo/master/.xml/dns_proxy/dns_proxy_sup.xml"
Reading XML for "/home/pete/wefwefwef/docs/other/245563494/repo/master/.xml/dns_proxy/dns_proxy_sup.xml"
Generating HTML - dns_mnesia_sup "/home/pete/wefwefwef/docs/other/245563494/repo/master/.xml/dns_proxy/dns_mnesia_sup.xml"
Reading XML for "/home/pete/wefwefwef/docs/other/245563494/repo/master/.xml/dns_proxy/dns_mnesia_sup.xml"
Reading XML for "/home/pete/wefwefwef/docs/other/245563494/repo/master/.xml/specs_dns_worker_sup.xml"
Reading XML for "/home/pete/wefwefwef/docs/other/245563494/repo/master/.xml/specs_dns_utils.xml"
Reading XML for "/home/pete/wefwefwef/docs/other/245563494/repo/master/.xml/specs_dns_proxy_sup.xml"
Reading XML for "/home/pete/wefwefwef/docs/other/245563494/repo/master/.xml/specs_dns_mnesia_sup.xml"
Generating HTML - dns_udp_sup "/home/pete/wefwefwef/docs/other/245563494/repo/master/.xml/dns_proxy/dns_udp_sup.xml"
Reading XML for "/home/pete/wefwefwef/docs/other/245563494/repo/master/.xml/dns_proxy/dns_udp_sup.xml"
Reading XML for "/home/pete/wefwefwef/docs/other/245563494/repo/master/.xml/specs_dns_udp_sup.xml"
Building dns_proxy
Generating XML for application dns_proxy "/home/pete/wefwefwef/docs/other/245563494/dns_proxy-branch-master/dns_proxy" -> "/home/pete/wefwefwef/docs/other/245563494/repo/master/.xml/dns_proxy"
/home/pete/wefwefwef/docs/other/245563494/dns_proxy-branch-master/dns_proxy/apps/dns_proxy/src/dns_proxy_app.erl: at line 21: can't find include lib "include/dns.hrl"
edoc: skipping source file '/home/pete/wefwefwef/docs/other/245563494/dns_proxy-branch-master/dns_proxy/apps/dns_proxy/src/dns_proxy_app.erl': {'EXIT',
                                                                                                                                          error}.
/home/pete/wefwefwef/docs/other/245563494/dns_proxy-branch-master/dns_proxy/apps/dns_proxy/src/dns_mnesia_srv.erl: at line 27: can't find include lib "include/dns.hrl"
edoc: skipping source file '/home/pete/wefwefwef/docs/other/245563494/dns_proxy-branch-master/dns_proxy/apps/dns_proxy/src/dns_mnesia_srv.erl': {'EXIT',
                                                                                                                                           error}.
/home/pete/wefwefwef/docs/other/245563494/dns_proxy-branch-master/dns_proxy/apps/dns_proxy/src/dns_worker_srv.erl: at line 22: can't find include lib "include/dns.hrl"
edoc: skipping source file '/home/pete/wefwefwef/docs/other/245563494/dns_proxy-branch-master/dns_proxy/apps/dns_proxy/src/dns_worker_srv.erl': {'EXIT',
                                                                                                                                           error}.
/home/pete/wefwefwef/docs/other/245563494/dns_proxy-branch-master/dns_proxy/apps/dns_proxy/src/dns_udp_srv.erl: at line 21: can't find include lib "include/dns.hrl"
edoc: skipping source file '/home/pete/wefwefwef/docs/other/245563494/dns_proxy-branch-master/dns_proxy/apps/dns_proxy/src/dns_udp_srv.erl': {'EXIT',
                                                                                                                                        error}.
/home/pete/wefwefwef/docs/other/245563494/dns_proxy-branch-master/dns_proxy/apps/dns_proxy/src/dns_udp_sup.erl: at line 21: can't find include lib "include/dns.hrl"
edoc: skipping source file '/home/pete/wefwefwef/docs/other/245563494/dns_proxy-branch-master/dns_proxy/apps/dns_proxy/src/dns_udp_sup.erl': {'EXIT',
                                                                                                                                        error}.
edoc: error in doclet 'edoc_doclet': {'EXIT',error}.
Error generating dns_proxy XMLs. Using fallback ...
Creating index.html ...
Creating erldocs_index.js ...
Woot, finished in 0 Minutes 1 Seconds
 :: Discovering other repos
$ 5000  `rm -r '/home/pete/wefwefwef/docs/other/245563494/dns_proxy-branch-master'  2>&1`
 :: Erldocs finishing up
$ 5000  `rm -r '/home/pete/wefwefwef/docs/other/245563494/dns_proxy'  2>&1`
