 :: Extracting meta information
$ 5000  `git ls-remote --heads --tags 'https://github.com/strikead/ekdtree'  2>&1`
>>> [repo] 2 branches, 4 tags
 :: Writing meta to "/home/pete/wefwefwef/docs/other/9161959432/meta.txt"
 :: Processing https://github.com/strikead/ekdtree	{rev,tag,"0.1.1","e922dd0edd6dd7d20bc6418ff66c169a10e0081e",undefined,[],[]}
 :: Fetching repo code
$ cd "/home/pete/wefwefwef/docs/other/9161959432/ekdtree-tag-0.1.1/ekdtree"
$ infinity  `curl --fail --silent --show-error --location --output '0.1.1.zip' 'https://github.com/strikead/ekdtree/archive/0.1.1.zip'  2>&1`
$ cd "/home/pete/wefwefwef/docs/erldocs_other.git"
$ cd "/home/pete/wefwefwef/docs/other/9161959432/ekdtree-tag-0.1.1/ekdtree"
$ 5000  `find -P . -type l -delete  2>&1`
$ cd "/home/pete/wefwefwef/docs/erldocs_other.git"
$ cd "/home/pete/wefwefwef/docs/other/9161959432/ekdtree-tag-0.1.1/ekdtree"
$ 5000  `find 'ekdtree-0.1.1' -mindepth 1 -maxdepth 1 -exec mv -t . -- {} +  2>&1`
$ cd "/home/pete/wefwefwef/docs/erldocs_other.git"
 :: Getting dependencies
$ cd "/home/pete/wefwefwef/docs/other/9161959432/ekdtree-tag-0.1.1/ekdtree"
$ 5000  `ls -1 deps/  2>&1`
$ cd "/home/pete/wefwefwef/docs/erldocs_other.git"
>>> [rebar] deps = []
 :: Generating erldocs into /home/pete/wefwefwef/docs/other/9161959432/repo/0.1.1
Building ekdtree
Generating Type Specs - "/home/pete/wefwefwef/docs/other/9161959432/ekdtree-tag-0.1.1/ekdtree/src/ekdtree.erl"
Generating XML for application ekdtree "/home/pete/wefwefwef/docs/other/9161959432/ekdtree-tag-0.1.1/ekdtree" -> "/home/pete/wefwefwef/docs/other/9161959432/repo/0.1.1/.xml/ekdtree"
Generated ekdtree XMLs: ["/home/pete/wefwefwef/docs/other/9161959432/repo/0.1.1/.xml/ekdtree/ekdtree.xml"]
Generating HTML - ekdtree "/home/pete/wefwefwef/docs/other/9161959432/repo/0.1.1/.xml/ekdtree/ekdtree.xml"
Reading XML for "/home/pete/wefwefwef/docs/other/9161959432/repo/0.1.1/.xml/ekdtree/ekdtree.xml"
Reading XML for "/home/pete/wefwefwef/docs/other/9161959432/repo/0.1.1/.xml/specs_ekdtree.xml"
Creating index.html ...
Creating erldocs_index.js ...
Woot, finished in 0 Minutes 0 Seconds
 :: Discovering other repos
$ 5000  `rm -r '/home/pete/wefwefwef/docs/other/9161959432/ekdtree-tag-0.1.1'  2>&1`
 :: Processing https://github.com/strikead/ekdtree	{rev,tag,"0.1.3","4587a56daa2da7fe47ed1f014f22bddb365da93a",undefined,[],[]}
 :: Fetching repo code
$ cd "/home/pete/wefwefwef/docs/other/9161959432/ekdtree-tag-0.1.3/ekdtree"
$ infinity  `curl --fail --silent --show-error --location --output '0.1.3.zip' 'https://github.com/strikead/ekdtree/archive/0.1.3.zip'  2>&1`
$ cd "/home/pete/wefwefwef/docs/erldocs_other.git"
$ cd "/home/pete/wefwefwef/docs/other/9161959432/ekdtree-tag-0.1.3/ekdtree"
$ 5000  `find -P . -type l -delete  2>&1`
$ cd "/home/pete/wefwefwef/docs/erldocs_other.git"
$ cd "/home/pete/wefwefwef/docs/other/9161959432/ekdtree-tag-0.1.3/ekdtree"
$ 5000  `find 'ekdtree-0.1.3' -mindepth 1 -maxdepth 1 -exec mv -t . -- {} +  2>&1`
$ cd "/home/pete/wefwefwef/docs/erldocs_other.git"
 :: Getting dependencies
$ cd "/home/pete/wefwefwef/docs/other/9161959432/ekdtree-tag-0.1.3/ekdtree"
$ 5000  `ls -1 deps/  2>&1`
$ cd "/home/pete/wefwefwef/docs/erldocs_other.git"
>>> [rebar] deps = []
 :: Generating erldocs into /home/pete/wefwefwef/docs/other/9161959432/repo/0.1.3
Building ekdtree
Generating Type Specs - "/home/pete/wefwefwef/docs/other/9161959432/ekdtree-tag-0.1.3/ekdtree/src/ekdtree.erl"
Generating XML for application ekdtree "/home/pete/wefwefwef/docs/other/9161959432/ekdtree-tag-0.1.3/ekdtree" -> "/home/pete/wefwefwef/docs/other/9161959432/repo/0.1.3/.xml/ekdtree"
Generated ekdtree XMLs: ["/home/pete/wefwefwef/docs/other/9161959432/repo/0.1.3/.xml/ekdtree/ekdtree.xml"]
Generating HTML - ekdtree "/home/pete/wefwefwef/docs/other/9161959432/repo/0.1.3/.xml/ekdtree/ekdtree.xml"
Reading XML for "/home/pete/wefwefwef/docs/other/9161959432/repo/0.1.3/.xml/ekdtree/ekdtree.xml"
Reading XML for "/home/pete/wefwefwef/docs/other/9161959432/repo/0.1.3/.xml/specs_ekdtree.xml"
Creating index.html ...
Creating erldocs_index.js ...
Woot, finished in 0 Minutes 0 Seconds
 :: Discovering other repos
$ 5000  `rm -r '/home/pete/wefwefwef/docs/other/9161959432/ekdtree-tag-0.1.3'  2>&1`
 :: Processing https://github.com/strikead/ekdtree	{rev,tag,"0.2.0","3c8e8641f2a4fe3d045cac9a9781f03f6e606256",undefined,[],[]}
 :: Fetching repo code
$ cd "/home/pete/wefwefwef/docs/other/9161959432/ekdtree-tag-0.2.0/ekdtree"
$ infinity  `curl --fail --silent --show-error --location --output '0.2.0.zip' 'https://github.com/strikead/ekdtree/archive/0.2.0.zip'  2>&1`
$ cd "/home/pete/wefwefwef/docs/erldocs_other.git"
$ cd "/home/pete/wefwefwef/docs/other/9161959432/ekdtree-tag-0.2.0/ekdtree"
$ 5000  `find -P . -type l -delete  2>&1`
$ cd "/home/pete/wefwefwef/docs/erldocs_other.git"
$ cd "/home/pete/wefwefwef/docs/other/9161959432/ekdtree-tag-0.2.0/ekdtree"
$ 5000  `find 'ekdtree-0.2.0' -mindepth 1 -maxdepth 1 -exec mv -t . -- {} +  2>&1`
$ cd "/home/pete/wefwefwef/docs/erldocs_other.git"
 :: Getting dependencies
$ cd "/home/pete/wefwefwef/docs/other/9161959432/ekdtree-tag-0.2.0/ekdtree"
$ 5000  `ls -1 deps/  2>&1`
$ cd "/home/pete/wefwefwef/docs/erldocs_other.git"
>>> [rebar] deps = []
 :: Generating erldocs into /home/pete/wefwefwef/docs/other/9161959432/repo/0.2.0
Building ekdtree
Generating Type Specs - "/home/pete/wefwefwef/docs/other/9161959432/ekdtree-tag-0.2.0/ekdtree/src/ekdtree.erl"
Generating XML for application ekdtree "/home/pete/wefwefwef/docs/other/9161959432/ekdtree-tag-0.2.0/ekdtree" -> "/home/pete/wefwefwef/docs/other/9161959432/repo/0.2.0/.xml/ekdtree"
Generated ekdtree XMLs: ["/home/pete/wefwefwef/docs/other/9161959432/repo/0.2.0/.xml/ekdtree/ekdtree.xml"]
Generating HTML - ekdtree "/home/pete/wefwefwef/docs/other/9161959432/repo/0.2.0/.xml/ekdtree/ekdtree.xml"
Reading XML for "/home/pete/wefwefwef/docs/other/9161959432/repo/0.2.0/.xml/ekdtree/ekdtree.xml"
Reading XML for "/home/pete/wefwefwef/docs/other/9161959432/repo/0.2.0/.xml/specs_ekdtree.xml"
Creating index.html ...
Creating erldocs_index.js ...
Woot, finished in 0 Minutes 0 Seconds
 :: Discovering other repos
$ 5000  `rm -r '/home/pete/wefwefwef/docs/other/9161959432/ekdtree-tag-0.2.0'  2>&1`
 :: Processing https://github.com/strikead/ekdtree	{rev,tag,"0.2.1","c14520df89b90645f73c5d82b3ede8bbd60a5ab1",undefined,[],[]}
 :: Fetching repo code
$ cd "/home/pete/wefwefwef/docs/other/9161959432/ekdtree-tag-0.2.1/ekdtree"
$ infinity  `curl --fail --silent --show-error --location --output '0.2.1.zip' 'https://github.com/strikead/ekdtree/archive/0.2.1.zip'  2>&1`
$ cd "/home/pete/wefwefwef/docs/erldocs_other.git"
$ cd "/home/pete/wefwefwef/docs/other/9161959432/ekdtree-tag-0.2.1/ekdtree"
$ 5000  `find -P . -type l -delete  2>&1`
$ cd "/home/pete/wefwefwef/docs/erldocs_other.git"
$ cd "/home/pete/wefwefwef/docs/other/9161959432/ekdtree-tag-0.2.1/ekdtree"
$ 5000  `find 'ekdtree-0.2.1' -mindepth 1 -maxdepth 1 -exec mv -t . -- {} +  2>&1`
$ cd "/home/pete/wefwefwef/docs/erldocs_other.git"
 :: Getting dependencies
 :: Generating erldocs into /home/pete/wefwefwef/docs/other/9161959432/repo/0.2.1
Building ekdtree
Generating Type Specs - "/home/pete/wefwefwef/docs/other/9161959432/ekdtree-tag-0.2.1/ekdtree/src/ekdtree.erl"
Generating XML for application ekdtree "/home/pete/wefwefwef/docs/other/9161959432/ekdtree-tag-0.2.1/ekdtree" -> "/home/pete/wefwefwef/docs/other/9161959432/repo/0.2.1/.xml/ekdtree"
Generated ekdtree XMLs: ["/home/pete/wefwefwef/docs/other/9161959432/repo/0.2.1/.xml/ekdtree/ekdtree.xml"]
Generating HTML - ekdtree "/home/pete/wefwefwef/docs/other/9161959432/repo/0.2.1/.xml/ekdtree/ekdtree.xml"
Reading XML for "/home/pete/wefwefwef/docs/other/9161959432/repo/0.2.1/.xml/ekdtree/ekdtree.xml"
Reading XML for "/home/pete/wefwefwef/docs/other/9161959432/repo/0.2.1/.xml/specs_ekdtree.xml"
Creating index.html ...
Creating erldocs_index.js ...
Woot, finished in 0 Minutes 0 Seconds
 :: Discovering other repos
$ 5000  `rm -r '/home/pete/wefwefwef/docs/other/9161959432/ekdtree-tag-0.2.1'  2>&1`
 :: Processing https://github.com/strikead/ekdtree	{rev,branch,"develop","ca5feab81d72edc4365feb10c5ad12cebae9baaa",undefined,[],[]}
 :: Fetching repo code
$ cd "/home/pete/wefwefwef/docs/other/9161959432/ekdtree-branch-develop/ekdtree"
$ infinity  `curl --fail --silent --show-error --location --output 'develop.zip' 'https://github.com/strikead/ekdtree/archive/develop.zip'  2>&1`
$ cd "/home/pete/wefwefwef/docs/erldocs_other.git"
$ cd "/home/pete/wefwefwef/docs/other/9161959432/ekdtree-branch-develop/ekdtree"
$ 5000  `find -P . -type l -delete  2>&1`
$ cd "/home/pete/wefwefwef/docs/erldocs_other.git"
$ cd "/home/pete/wefwefwef/docs/other/9161959432/ekdtree-branch-develop/ekdtree"
$ 5000  `find 'ekdtree-develop' -mindepth 1 -maxdepth 1 -exec mv -t . -- {} +  2>&1`
$ cd "/home/pete/wefwefwef/docs/erldocs_other.git"
 :: Getting dependencies
$ cd "/home/pete/wefwefwef/docs/other/9161959432/ekdtree-branch-develop/ekdtree"
$ 5000  `ls -1 deps/  2>&1`
$ cd "/home/pete/wefwefwef/docs/erldocs_other.git"
>>> [rebar] deps = []
 :: Generating erldocs into /home/pete/wefwefwef/docs/other/9161959432/repo/develop
Building ekdtree
Generating Type Specs - "/home/pete/wefwefwef/docs/other/9161959432/ekdtree-branch-develop/ekdtree/src/ekdtree.erl"
Generating XML for application ekdtree "/home/pete/wefwefwef/docs/other/9161959432/ekdtree-branch-develop/ekdtree" -> "/home/pete/wefwefwef/docs/other/9161959432/repo/develop/.xml/ekdtree"
Generated ekdtree XMLs: ["/home/pete/wefwefwef/docs/other/9161959432/repo/develop/.xml/ekdtree/ekdtree.xml"]
Generating HTML - ekdtree "/home/pete/wefwefwef/docs/other/9161959432/repo/develop/.xml/ekdtree/ekdtree.xml"
Reading XML for "/home/pete/wefwefwef/docs/other/9161959432/repo/develop/.xml/ekdtree/ekdtree.xml"
Reading XML for "/home/pete/wefwefwef/docs/other/9161959432/repo/develop/.xml/specs_ekdtree.xml"
Creating index.html ...
Creating erldocs_index.js ...
Woot, finished in 0 Minutes 0 Seconds
 :: Discovering other repos
$ 5000  `rm -r '/home/pete/wefwefwef/docs/other/9161959432/ekdtree-branch-develop'  2>&1`
 :: Processing https://github.com/strikead/ekdtree	{rev,branch,"master","c14520df89b90645f73c5d82b3ede8bbd60a5ab1",undefined,[],[]}
 :: Fetching repo code
$ cd "/home/pete/wefwefwef/docs/other/9161959432/ekdtree-branch-master/ekdtree"
$ infinity  `curl --fail --silent --show-error --location --output 'master.zip' 'https://github.com/strikead/ekdtree/archive/master.zip'  2>&1`
$ cd "/home/pete/wefwefwef/docs/erldocs_other.git"
$ cd "/home/pete/wefwefwef/docs/other/9161959432/ekdtree-branch-master/ekdtree"
$ 5000  `find -P . -type l -delete  2>&1`
$ cd "/home/pete/wefwefwef/docs/erldocs_other.git"
$ cd "/home/pete/wefwefwef/docs/other/9161959432/ekdtree-branch-master/ekdtree"
$ 5000  `find 'ekdtree-master' -mindepth 1 -maxdepth 1 -exec mv -t . -- {} +  2>&1`
$ cd "/home/pete/wefwefwef/docs/erldocs_other.git"
 :: Getting dependencies
 :: Generating erldocs into /home/pete/wefwefwef/docs/other/9161959432/repo/master
Building ekdtree
Generating Type Specs - "/home/pete/wefwefwef/docs/other/9161959432/ekdtree-branch-master/ekdtree/src/ekdtree.erl"
Generating XML for application ekdtree "/home/pete/wefwefwef/docs/other/9161959432/ekdtree-branch-master/ekdtree" -> "/home/pete/wefwefwef/docs/other/9161959432/repo/master/.xml/ekdtree"
Generated ekdtree XMLs: ["/home/pete/wefwefwef/docs/other/9161959432/repo/master/.xml/ekdtree/ekdtree.xml"]
Generating HTML - ekdtree "/home/pete/wefwefwef/docs/other/9161959432/repo/master/.xml/ekdtree/ekdtree.xml"
Reading XML for "/home/pete/wefwefwef/docs/other/9161959432/repo/master/.xml/ekdtree/ekdtree.xml"
Reading XML for "/home/pete/wefwefwef/docs/other/9161959432/repo/master/.xml/specs_ekdtree.xml"
Creating index.html ...
Creating erldocs_index.js ...
Woot, finished in 0 Minutes 0 Seconds
 :: Discovering other repos
$ 5000  `rm -r '/home/pete/wefwefwef/docs/other/9161959432/ekdtree-branch-master'  2>&1`
 :: Finishing up
$ 5000  `rm -r '/home/pete/wefwefwef/docs/other/9161959432/ekdtree'  2>&1`
