 :: Extracting meta information
$ 5000  `git ls-remote --heads --tags 'https://github.com/comtihon/erotik'  2>&1`
>>> [repo] 2 branches, 0 tags
 :: Writing meta to "/home/pete/wefwefwef/docs/other/7437446688/meta.txt"
 :: Processing https://github.com/comtihon/erotik	{rev,branch,"develop","ada92406dd0bc69818e99248fd3d563149f363b8"}
 :: Fetching repo code
$ cd "/home/pete/wefwefwef/docs/other/7437446688/erotik-branch-develop/erotik"
$ infinity  `curl --fail --silent --show-error --location --output 'develop.zip' 'https://github.com/comtihon/erotik/archive/develop.zip'  2>&1`
$ cd "/home/pete/wefwefwef/docs/erldocs_other.git"
$ cd "/home/pete/wefwefwef/docs/other/7437446688/erotik-branch-develop/erotik"
$ 5000  `find -P . -type l -delete  2>&1`
$ cd "/home/pete/wefwefwef/docs/erldocs_other.git"
$ cd "/home/pete/wefwefwef/docs/other/7437446688/erotik-branch-develop/erotik"
$ 5000  `find 'erotik-develop' -mindepth 1 -maxdepth 1 -exec mv -t . -- {} +  2>&1`
$ cd "/home/pete/wefwefwef/docs/erldocs_other.git"
 :: Getting dependencies
$ cd "/home/pete/wefwefwef/docs/other/7437446688/erotik-branch-develop/erotik"
$ 5000  `ls -1 deps/  2>&1`
$ cd "/home/pete/wefwefwef/docs/erldocs_other.git"
>>> [rebar] deps = []
 :: Generating erldocs into /home/pete/wefwefwef/docs/other/7437446688/repo/develop
Building erotik
Generating XML for application erotik "/home/pete/wefwefwef/docs/other/7437446688/erotik-branch-develop/erotik" -> "/home/pete/wefwefwef/docs/other/7437446688/repo/develop/.xml/erotik"
Generated erotik XMLs: ["/home/pete/wefwefwef/docs/other/7437446688/repo/develop/.xml/erotik/erotik_app.xml",
                        "/home/pete/wefwefwef/docs/other/7437446688/repo/develop/.xml/erotik/me_logic.xml",
                        "/home/pete/wefwefwef/docs/other/7437446688/repo/develop/.xml/erotik/me_ssh.xml",
                        "/home/pete/wefwefwef/docs/other/7437446688/repo/develop/.xml/erotik/me_routers_sup.xml",
                        "/home/pete/wefwefwef/docs/other/7437446688/repo/develop/.xml/erotik/me_connector.xml",
                        "/home/pete/wefwefwef/docs/other/7437446688/repo/develop/.xml/erotik/erotik.xml",
                        "/home/pete/wefwefwef/docs/other/7437446688/repo/develop/.xml/erotik/me_core.xml",
                        "/home/pete/wefwefwef/docs/other/7437446688/repo/develop/.xml/erotik/me_api.xml"]
Generating HTML - me_logic "/home/pete/wefwefwef/docs/other/7437446688/repo/develop/.xml/erotik/me_logic.xml"
Generating HTML - me_routers_sup "/home/pete/wefwefwef/docs/other/7437446688/repo/develop/.xml/erotik/me_routers_sup.xml"
Generating HTML - erotik "/home/pete/wefwefwef/docs/other/7437446688/repo/develop/.xml/erotik/erotik.xml"
Generating HTML - me_api "/home/pete/wefwefwef/docs/other/7437446688/repo/develop/.xml/erotik/me_api.xml"
Reading XML for "/home/pete/wefwefwef/docs/other/7437446688/repo/develop/.xml/erotik/me_logic.xml"
Reading XML for "/home/pete/wefwefwef/docs/other/7437446688/repo/develop/.xml/erotik/me_routers_sup.xml"
Reading XML for "/home/pete/wefwefwef/docs/other/7437446688/repo/develop/.xml/erotik/erotik.xml"
Reading XML for "/home/pete/wefwefwef/docs/other/7437446688/repo/develop/.xml/erotik/me_api.xml"
Generating HTML - me_ssh "/home/pete/wefwefwef/docs/other/7437446688/repo/develop/.xml/erotik/me_ssh.xml"
Reading XML for "/home/pete/wefwefwef/docs/other/7437446688/repo/develop/.xml/erotik/me_ssh.xml"
Generating HTML - me_connector "/home/pete/wefwefwef/docs/other/7437446688/repo/develop/.xml/erotik/me_connector.xml"
Reading XML for "/home/pete/wefwefwef/docs/other/7437446688/repo/develop/.xml/erotik/me_connector.xml"
Generating HTML - erotik_app "/home/pete/wefwefwef/docs/other/7437446688/repo/develop/.xml/erotik/erotik_app.xml"
Reading XML for "/home/pete/wefwefwef/docs/other/7437446688/repo/develop/.xml/erotik/erotik_app.xml"
Generating HTML - me_core "/home/pete/wefwefwef/docs/other/7437446688/repo/develop/.xml/erotik/me_core.xml"
Reading XML for "/home/pete/wefwefwef/docs/other/7437446688/repo/develop/.xml/erotik/me_core.xml"
Creating index.html ...
Creating erldocs_index.js ...
Woot, finished in 0 Minutes 0 Seconds
 :: Discovering other repos
$ 5000  `rm -r '/home/pete/wefwefwef/docs/other/7437446688/erotik-branch-develop'  2>&1`
 :: Processing https://github.com/comtihon/erotik	{rev,branch,"master","dd12728680d88f1a2ea40e02b739afab3a71709a"}
 :: Fetching repo code
$ cd "/home/pete/wefwefwef/docs/other/7437446688/erotik-branch-master/erotik"
$ infinity  `curl --fail --silent --show-error --location --output 'master.zip' 'https://github.com/comtihon/erotik/archive/master.zip'  2>&1`
$ cd "/home/pete/wefwefwef/docs/erldocs_other.git"
$ cd "/home/pete/wefwefwef/docs/other/7437446688/erotik-branch-master/erotik"
$ 5000  `find -P . -type l -delete  2>&1`
$ cd "/home/pete/wefwefwef/docs/erldocs_other.git"
$ cd "/home/pete/wefwefwef/docs/other/7437446688/erotik-branch-master/erotik"
$ 5000  `find 'erotik-master' -mindepth 1 -maxdepth 1 -exec mv -t . -- {} +  2>&1`
$ cd "/home/pete/wefwefwef/docs/erldocs_other.git"
 :: Getting dependencies
$ cd "/home/pete/wefwefwef/docs/other/7437446688/erotik-branch-master/erotik"
$ 5000  `ls -1 deps/  2>&1`
$ cd "/home/pete/wefwefwef/docs/erldocs_other.git"
>>> [rebar] deps = []
 :: Generating erldocs into /home/pete/wefwefwef/docs/other/7437446688/repo/master
Building erotik
Generating XML for application erotik "/home/pete/wefwefwef/docs/other/7437446688/erotik-branch-master/erotik" -> "/home/pete/wefwefwef/docs/other/7437446688/repo/master/.xml/erotik"
Generated erotik XMLs: ["/home/pete/wefwefwef/docs/other/7437446688/repo/master/.xml/erotik/erotik_app.xml",
                        "/home/pete/wefwefwef/docs/other/7437446688/repo/master/.xml/erotik/me_logic.xml",
                        "/home/pete/wefwefwef/docs/other/7437446688/repo/master/.xml/erotik/me_ssh.xml",
                        "/home/pete/wefwefwef/docs/other/7437446688/repo/master/.xml/erotik/me_routers_sup.xml",
                        "/home/pete/wefwefwef/docs/other/7437446688/repo/master/.xml/erotik/me_connector.xml",
                        "/home/pete/wefwefwef/docs/other/7437446688/repo/master/.xml/erotik/erotik.xml",
                        "/home/pete/wefwefwef/docs/other/7437446688/repo/master/.xml/erotik/me_core.xml",
                        "/home/pete/wefwefwef/docs/other/7437446688/repo/master/.xml/erotik/me_api.xml"]
Generating HTML - me_logic "/home/pete/wefwefwef/docs/other/7437446688/repo/master/.xml/erotik/me_logic.xml"
Generating HTML - me_routers_sup "/home/pete/wefwefwef/docs/other/7437446688/repo/master/.xml/erotik/me_routers_sup.xml"
Generating HTML - erotik "/home/pete/wefwefwef/docs/other/7437446688/repo/master/.xml/erotik/erotik.xml"
Generating HTML - me_api "/home/pete/wefwefwef/docs/other/7437446688/repo/master/.xml/erotik/me_api.xml"
Reading XML for "/home/pete/wefwefwef/docs/other/7437446688/repo/master/.xml/erotik/me_logic.xml"
Reading XML for "/home/pete/wefwefwef/docs/other/7437446688/repo/master/.xml/erotik/me_routers_sup.xml"
Reading XML for "/home/pete/wefwefwef/docs/other/7437446688/repo/master/.xml/erotik/erotik.xml"
Reading XML for "/home/pete/wefwefwef/docs/other/7437446688/repo/master/.xml/erotik/me_api.xml"
Generating HTML - me_ssh "/home/pete/wefwefwef/docs/other/7437446688/repo/master/.xml/erotik/me_ssh.xml"
Reading XML for "/home/pete/wefwefwef/docs/other/7437446688/repo/master/.xml/erotik/me_ssh.xml"
Generating HTML - me_connector "/home/pete/wefwefwef/docs/other/7437446688/repo/master/.xml/erotik/me_connector.xml"
Reading XML for "/home/pete/wefwefwef/docs/other/7437446688/repo/master/.xml/erotik/me_connector.xml"
Generating HTML - erotik_app "/home/pete/wefwefwef/docs/other/7437446688/repo/master/.xml/erotik/erotik_app.xml"
Reading XML for "/home/pete/wefwefwef/docs/other/7437446688/repo/master/.xml/erotik/erotik_app.xml"
Generating HTML - me_core "/home/pete/wefwefwef/docs/other/7437446688/repo/master/.xml/erotik/me_core.xml"
Reading XML for "/home/pete/wefwefwef/docs/other/7437446688/repo/master/.xml/erotik/me_core.xml"
Creating index.html ...
Creating erldocs_index.js ...
Woot, finished in 0 Minutes 0 Seconds
 :: Discovering other repos
$ 5000  `rm -r '/home/pete/wefwefwef/docs/other/7437446688/erotik-branch-master'  2>&1`
 :: Erldocs finishing up
$ 5000  `rm -r '/home/pete/wefwefwef/docs/other/7437446688/erotik'  2>&1`
