 :: Extracting meta information
$ 5000  `git ls-remote --heads --tags 'https://github.com/cbishopvelti/echat'  2>&1`
>>> [repo] 1 branches, 0 tags
 :: Writing meta to "/home/pete/wefwefwef/docs/other/2559041384/meta.txt"
 :: Processing https://github.com/cbishopvelti/echat	{rev,branch,"master","409e0bdfd24f4a691f01482a446ff143d2f10acc",undefined,[],[]}
 :: Fetching repo code
$ cd "/home/pete/wefwefwef/docs/other/2559041384/echat-branch-master/echat"
$ infinity  `curl --fail --silent --show-error --location --output 'master.zip' 'https://github.com/cbishopvelti/echat/archive/master.zip'  2>&1`
$ cd "/home/pete/wefwefwef/docs/erldocs_other.git"
$ cd "/home/pete/wefwefwef/docs/other/2559041384/echat-branch-master/echat"
$ 5000  `find -P . -type l -delete  2>&1`
$ cd "/home/pete/wefwefwef/docs/erldocs_other.git"
$ cd "/home/pete/wefwefwef/docs/other/2559041384/echat-branch-master/echat"
$ 5000  `find 'echat-master' -mindepth 1 -maxdepth 1 -exec mv -t . -- {} +  2>&1`
$ cd "/home/pete/wefwefwef/docs/erldocs_other.git"
 :: Getting dependencies
$ cd "/home/pete/wefwefwef/docs/other/2559041384/echat-branch-master/echat"
$ 5000  `ls -1 deps/  2>&1`
$ cd "/home/pete/wefwefwef/docs/erldocs_other.git"
>>> [rebar] deps = []
 :: Generating erldocs into /home/pete/wefwefwef/docs/other/2559041384/repo/master
Building echat
Generating Type Specs - "/home/pete/wefwefwef/docs/other/2559041384/echat-branch-master/echat/src/mochijson2.erl"
Generating Type Specs - "/home/pete/wefwefwef/docs/other/2559041384/echat-branch-master/echat/src/room_srv.erl"
Generating Type Specs - "/home/pete/wefwefwef/docs/other/2559041384/echat-branch-master/echat/src/room_sup.erl"
Generating Type Specs - "/home/pete/wefwefwef/docs/other/2559041384/echat-branch-master/echat/src/sarg_app.erl"
Generating Type Specs - "/home/pete/wefwefwef/docs/other/2559041384/echat-branch-master/echat/src/sarg_srv.erl"
Generating Type Specs - "/home/pete/wefwefwef/docs/other/2559041384/echat-branch-master/echat/src/sarg_sup.erl"
Generating Type Specs - "/home/pete/wefwefwef/docs/other/2559041384/echat-branch-master/echat/src/sarg_websocket_cb.erl"
Generating Type Specs - "/home/pete/wefwefwef/docs/other/2559041384/echat-branch-master/echat/src/websocket.erl"
Generating Type Specs - "/home/pete/wefwefwef/docs/other/2559041384/echat-branch-master/echat/src/websocket_evt.erl"
Generating Type Specs - "/home/pete/wefwefwef/docs/other/2559041384/echat-branch-master/echat/src/websocket_srv.erl"
Generating Type Specs - "/home/pete/wefwefwef/docs/other/2559041384/echat-branch-master/echat/src/websocket_sup.erl"
Generating XML for application echat "/home/pete/wefwefwef/docs/other/2559041384/echat-branch-master/echat" -> "/home/pete/wefwefwef/docs/other/2559041384/repo/master/.xml/echat"
/home/pete/wefwefwef/docs/other/2559041384/echat-branch-master/echat/src/mochijson2.erl, function encoder/1: at line 35: warning: redefining built-in type 'iolist'.
/home/pete/wefwefwef/docs/other/2559041384/echat-branch-master/echat/src/mochijson2.erl, function encoder/1: at line 36: warning: redefining built-in type 'iodata'.
Generated echat XMLs: ["/home/pete/wefwefwef/docs/other/2559041384/repo/master/.xml/echat/room_sup.xml",
                       "/home/pete/wefwefwef/docs/other/2559041384/repo/master/.xml/echat/websocket.xml",
                       "/home/pete/wefwefwef/docs/other/2559041384/repo/master/.xml/echat/websocket_sup.xml",
                       "/home/pete/wefwefwef/docs/other/2559041384/repo/master/.xml/echat/sarg_sup.xml",
                       "/home/pete/wefwefwef/docs/other/2559041384/repo/master/.xml/echat/mochijson2.xml",
                       "/home/pete/wefwefwef/docs/other/2559041384/repo/master/.xml/echat/room_srv.xml",
                       "/home/pete/wefwefwef/docs/other/2559041384/repo/master/.xml/echat/websocket_srv.xml",
                       "/home/pete/wefwefwef/docs/other/2559041384/repo/master/.xml/echat/sarg_srv.xml",
                       "/home/pete/wefwefwef/docs/other/2559041384/repo/master/.xml/echat/sarg_app.xml",
                       "/home/pete/wefwefwef/docs/other/2559041384/repo/master/.xml/echat/sarg_websocket_cb.xml",
                       "/home/pete/wefwefwef/docs/other/2559041384/repo/master/.xml/echat/websocket_evt.xml"]
Generating HTML - websocket "/home/pete/wefwefwef/docs/other/2559041384/repo/master/.xml/echat/websocket.xml"
Generating HTML - sarg_sup "/home/pete/wefwefwef/docs/other/2559041384/repo/master/.xml/echat/sarg_sup.xml"
Generating HTML - room_srv "/home/pete/wefwefwef/docs/other/2559041384/repo/master/.xml/echat/room_srv.xml"
Generating HTML - websocket_evt "/home/pete/wefwefwef/docs/other/2559041384/repo/master/.xml/echat/websocket_evt.xml"
Reading XML for "/home/pete/wefwefwef/docs/other/2559041384/repo/master/.xml/echat/websocket.xml"
Reading XML for "/home/pete/wefwefwef/docs/other/2559041384/repo/master/.xml/echat/sarg_sup.xml"
Reading XML for "/home/pete/wefwefwef/docs/other/2559041384/repo/master/.xml/echat/room_srv.xml"
Reading XML for "/home/pete/wefwefwef/docs/other/2559041384/repo/master/.xml/echat/websocket_evt.xml"
Reading XML for "/home/pete/wefwefwef/docs/other/2559041384/repo/master/.xml/specs_sarg_sup.xml"
Reading XML for "/home/pete/wefwefwef/docs/other/2559041384/repo/master/.xml/specs_websocket.xml"
Generating HTML - websocket_sup "/home/pete/wefwefwef/docs/other/2559041384/repo/master/.xml/echat/websocket_sup.xml"
Reading XML for "/home/pete/wefwefwef/docs/other/2559041384/repo/master/.xml/echat/websocket_sup.xml"
Generating HTML - room_sup "/home/pete/wefwefwef/docs/other/2559041384/repo/master/.xml/echat/room_sup.xml"
Reading XML for "/home/pete/wefwefwef/docs/other/2559041384/repo/master/.xml/echat/room_sup.xml"
Reading XML for "/home/pete/wefwefwef/docs/other/2559041384/repo/master/.xml/specs_room_srv.xml"
Reading XML for "/home/pete/wefwefwef/docs/other/2559041384/repo/master/.xml/specs_websocket_evt.xml"
Generating HTML - mochijson2 "/home/pete/wefwefwef/docs/other/2559041384/repo/master/.xml/echat/mochijson2.xml"
Reading XML for "/home/pete/wefwefwef/docs/other/2559041384/repo/master/.xml/echat/mochijson2.xml"
Generating HTML - sarg_websocket_cb "/home/pete/wefwefwef/docs/other/2559041384/repo/master/.xml/echat/sarg_websocket_cb.xml"
Reading XML for "/home/pete/wefwefwef/docs/other/2559041384/repo/master/.xml/echat/sarg_websocket_cb.xml"
Reading XML for "/home/pete/wefwefwef/docs/other/2559041384/repo/master/.xml/specs_websocket_sup.xml"
Reading XML for "/home/pete/wefwefwef/docs/other/2559041384/repo/master/.xml/specs_room_sup.xml"
Reading XML for "/home/pete/wefwefwef/docs/other/2559041384/repo/master/.xml/specs_sarg_websocket_cb.xml"
Reading XML for "/home/pete/wefwefwef/docs/other/2559041384/repo/master/.xml/specs_mochijson2.xml"
Generating HTML - sarg_app "/home/pete/wefwefwef/docs/other/2559041384/repo/master/.xml/echat/sarg_app.xml"
Reading XML for "/home/pete/wefwefwef/docs/other/2559041384/repo/master/.xml/echat/sarg_app.xml"
Reading XML for "/home/pete/wefwefwef/docs/other/2559041384/repo/master/.xml/specs_sarg_app.xml"
Generating HTML - sarg_srv "/home/pete/wefwefwef/docs/other/2559041384/repo/master/.xml/echat/sarg_srv.xml"
Reading XML for "/home/pete/wefwefwef/docs/other/2559041384/repo/master/.xml/echat/sarg_srv.xml"
Reading XML for "/home/pete/wefwefwef/docs/other/2559041384/repo/master/.xml/specs_sarg_srv.xml"
Generating HTML - websocket_srv "/home/pete/wefwefwef/docs/other/2559041384/repo/master/.xml/echat/websocket_srv.xml"
Reading XML for "/home/pete/wefwefwef/docs/other/2559041384/repo/master/.xml/echat/websocket_srv.xml"
Reading XML for "/home/pete/wefwefwef/docs/other/2559041384/repo/master/.xml/specs_websocket_srv.xml"
Creating index.html ...
Creating erldocs_index.js ...
Woot, finished in 0 Minutes 1 Seconds
 :: Discovering other repos
$ 5000  `rm -r '/home/pete/wefwefwef/docs/other/2559041384/echat-branch-master'  2>&1`
 :: Finishing up
$ 5000  `rm -r '/home/pete/wefwefwef/docs/other/2559041384/echat'  2>&1`
