 :: Extracting meta information
$ 5000  `git ls-remote --heads --tags 'https://github.com/stonecypher/twilierl'  2>&1`
>>> [repo] 1 branches, 0 tags
 :: Writing meta to "/home/pete/wefwefwef/docs/other/7021305755/meta.txt"
 :: Processing https://github.com/stonecypher/twilierl	{rev,branch,"master","ad51f271838f6e4d79e5cbafc3199b582db4e509"}
 :: Fetching repo code
$ cd "/home/pete/wefwefwef/docs/other/7021305755/twilierl-branch-master/twilierl"
$ infinity  `curl --fail --silent --show-error --location --output 'master.zip' 'https://github.com/stonecypher/twilierl/archive/master.zip'  2>&1`
$ cd "/home/pete/wefwefwef/docs/erldocs_other.git"
$ cd "/home/pete/wefwefwef/docs/other/7021305755/twilierl-branch-master/twilierl"
$ 5000  `find -P . -type l -delete  2>&1`
$ cd "/home/pete/wefwefwef/docs/erldocs_other.git"
$ cd "/home/pete/wefwefwef/docs/other/7021305755/twilierl-branch-master/twilierl"
$ 5000  `find 'twilierl-master' -mindepth 1 -maxdepth 1 -exec mv -t . -- {} +  2>&1`
$ cd "/home/pete/wefwefwef/docs/erldocs_other.git"
 :: Getting dependencies
$ cd "/home/pete/wefwefwef/docs/other/7021305755/twilierl-branch-master/twilierl"
$ 5000  `ls -1 deps/  2>&1`
$ cd "/home/pete/wefwefwef/docs/erldocs_other.git"
>>> [rebar] deps = []
 :: Generating erldocs into /home/pete/wefwefwef/docs/other/7021305755/repo/master
Building twilierl
Generating Type Specs - "/home/pete/wefwefwef/docs/other/7021305755/twilierl-branch-master/twilierl/src/twilierl.erl"
/home/pete/wefwefwef/docs/other/7021305755/twilierl-branch-master/twilierl/src/twilierl.erl: at line 76: syntax error before: '-'
EDoc could not process file '/home/pete/wefwefwef/docs/other/7021305755/twilierl-branch-master/twilierl/src/twilierl.erl'
Error generating type specs for "/home/pete/wefwefwef/docs/other/7021305755/twilierl-branch-master/twilierl/src/twilierl.erl"
Generating Type Specs - "/home/pete/wefwefwef/docs/other/7021305755/twilierl-branch-master/twilierl/src/twilierl_app.erl"
EDoc could not process file '/home/pete/wefwefwef/docs/other/7021305755/twilierl-branch-master/twilierl/src/twilierl_app.erl'
Error generating type specs for "/home/pete/wefwefwef/docs/other/7021305755/twilierl-branch-master/twilierl/src/twilierl_app.erl"
Generating Type Specs - "/home/pete/wefwefwef/docs/other/7021305755/twilierl-branch-master/twilierl/src/twilierl_sup.erl"
EDoc could not process file '/home/pete/wefwefwef/docs/other/7021305755/twilierl-branch-master/twilierl/src/twilierl_sup.erl'
Error generating type specs for "/home/pete/wefwefwef/docs/other/7021305755/twilierl-branch-master/twilierl/src/twilierl_sup.erl"
Generating XML for application twilierl "/home/pete/wefwefwef/docs/other/7021305755/twilierl-branch-master/twilierl" -> "/home/pete/wefwefwef/docs/other/7021305755/repo/master/.xml/twilierl"
edoc: skipping source file '/home/pete/wefwefwef/docs/other/7021305755/twilierl-branch-master/twilierl/src/twilierl_app.erl': {'EXIT',
                                                                                                                         {system_limit,
                                                                                                                          [{ets,
                                                                                                                            new,
                                                                                                                            [etypes,
                                                                                                                             [ordered_set]],
                                                                                                                            []},
                                                                                                                           {edoc_specs,
                                                                                                                            add_data,
                                                                                                                            4,
                                                                                                                            [{file,
                                                                                                                              "edoc_specs.erl"},
                                                                                                                             {line,
                                                                                                                              109}]},
                                                                                                                           {edoc_extract,
                                                                                                                            source1,
                                                                                                                            5,
                                                                                                                            [{file,
                                                                                                                              [...]},
                                                                                                                             {line,...}]},
                                                                                                                           {edoc_doclet,
                                                                                                                            source,
                                                                                                                            9,
                                                                                                                            [{file,...},
                                                                                                                             {...}]},
                                                                                                                           {lists,
                                                                                                                            foldl,
                                                                                                                            3,
                                                                                                                            [{...}|...]},
                                                                                                                           {edoc_doclet,
                                                                                                                            sources,
                                                                                                                            5,
                                                                                                                            [...]},
                                                                                                                           {edoc_doclet,
                                                                                                                            gen,
                                                                                                                            6,...},
                                                                                                                           {edoc_lib,
                                                                                                                            run_plugin,...}]}}.
edoc: skipping source file '/home/pete/wefwefwef/docs/other/7021305755/twilierl-branch-master/twilierl/src/twilierl_sup.erl': {'EXIT',
                                                                                                                         {system_limit,
                                                                                                                          [{ets,
                                                                                                                            new,
                                                                                                                            [etypes,
                                                                                                                             [ordered_set]],
                                                                                                                            []},
                                                                                                                           {edoc_specs,
                                                                                                                            add_data,
                                                                                                                            4,
                                                                                                                            [{file,
                                                                                                                              "edoc_specs.erl"},
                                                                                                                             {line,
                                                                                                                              109}]},
                                                                                                                           {edoc_extract,
                                                                                                                            source1,
                                                                                                                            5,
                                                                                                                            [{file,
                                                                                                                              [...]},
                                                                                                                             {line,...}]},
                                                                                                                           {edoc_doclet,
                                                                                                                            source,
                                                                                                                            9,
                                                                                                                            [{file,...},
                                                                                                                             {...}]},
                                                                                                                           {lists,
                                                                                                                            foldl,
                                                                                                                            3,
                                                                                                                            [{...}|...]},
                                                                                                                           {edoc_doclet,
                                                                                                                            sources,
                                                                                                                            5,
                                                                                                                            [...]},
                                                                                                                           {edoc_doclet,
                                                                                                                            gen,
                                                                                                                            6,...},
                                                                                                                           {edoc_lib,
                                                                                                                            run_plugin,...}]}}.
/home/pete/wefwefwef/docs/other/7021305755/twilierl-branch-master/twilierl/src/twilierl.erl: at line 76: syntax error before: '-'
edoc: skipping source file '/home/pete/wefwefwef/docs/other/7021305755/twilierl-branch-master/twilierl/src/twilierl.erl': {'EXIT',
                                                                                                                     error}.
edoc: error in doclet 'edoc_doclet': {'EXIT',error}.
Error generating twilierl XMLs. Using fallback ...
Generating XML twilierl - twilierl "/home/pete/wefwefwef/docs/other/7021305755/twilierl-branch-master/twilierl/src/twilierl.erl" -> "/home/pete/wefwefwef/docs/other/7021305755/repo/master/.xml/twilierl/twilierl.xml"
/home/pete/wefwefwef/docs/other/7021305755/twilierl-branch-master/twilierl/src/twilierl.erl: at line 76: syntax error before: '-'
Error generating XML ("/home/pete/wefwefwef/docs/other/7021305755/twilierl-branch-master/twilierl/src/twilierl.erl"): {'EXIT',
                                                                                                                       error}
Generating XML twilierl - twilierl_app "/home/pete/wefwefwef/docs/other/7021305755/twilierl-branch-master/twilierl/src/twilierl_app.erl" -> "/home/pete/wefwefwef/docs/other/7021305755/repo/master/.xml/twilierl/twilierl_app.xml"
Error generating XML ("/home/pete/wefwefwef/docs/other/7021305755/twilierl-branch-master/twilierl/src/twilierl_app.erl"): {'EXIT',
                                                                                                                           {system_limit,
                                                                                                                            [{ets,
                                                                                                                              new,
                                                                                                                              [etypes,
                                                                                                                               [ordered_set]],
                                                                                                                              []},
                                                                                                                             {edoc_specs,
                                                                                                                              add_data,
                                                                                                                              4,
                                                                                                                              [{file,
                                                                                                                                "edoc_specs.erl"},
                                                                                                                               {line,
                                                                                                                                109}]},
                                                                                                                             {edoc_extract,
                                                                                                                              source1,
                                                                                                                              5,
                                                                                                                              [{file,
                                                                                                                                "edoc_extract.erl"},
                                                                                                                               {line,
                                                                                                                                130}]},
                                                                                                                             {edoc,
                                                                                                                              read,
                                                                                                                              2,
                                                                                                                              [{file,
                                                                                                                                "edoc.erl"},
                                                                                                                               {line,
                                                                                                                                538}]},
                                                                                                                             {edoc,
                                                                                                                              file,
                                                                                                                              2,
                                                                                                                              [{file,
                                                                                                                                "edoc.erl"},
                                                                                                                               {line,
                                                                                                                                116}]},
                                                                                                                             {erldocs_core,
                                                                                                                              '-gen_docsrc/4-fun-1-',
                                                                                                                              5,
                                                                                                                              [{file,
                                                                                                                                "src/erldocs_core.erl"},
                                                                                                                               {line,
                                                                                                                                201}]},
                                                                                                                             {lists,
                                                                                                                              foldl,
                                                                                                                              3,
                                                                                                                              [{file,
                                                                                                                                "lists.erl"},
                                                                                                                               {line,
                                                                                                                                1261}]},
                                                                                                                             {erldocs_core,
                                                                                                                              tmp_cd,
                                                                                                                              2,
                                                                                                                              [{file,
                                                                                                                                "src/erldocs_core.erl"},
                                                                                                                               {line,
                                                                                                                                224}]}]}}
Generating XML twilierl - twilierl_sup "/home/pete/wefwefwef/docs/other/7021305755/twilierl-branch-master/twilierl/src/twilierl_sup.erl" -> "/home/pete/wefwefwef/docs/other/7021305755/repo/master/.xml/twilierl/twilierl_sup.xml"
Error generating XML ("/home/pete/wefwefwef/docs/other/7021305755/twilierl-branch-master/twilierl/src/twilierl_sup.erl"): {'EXIT',
                                                                                                                           {system_limit,
                                                                                                                            [{ets,
                                                                                                                              new,
                                                                                                                              [etypes,
                                                                                                                               [ordered_set]],
                                                                                                                              []},
                                                                                                                             {edoc_specs,
                                                                                                                              add_data,
                                                                                                                              4,
                                                                                                                              [{file,
                                                                                                                                "edoc_specs.erl"},
                                                                                                                               {line,
                                                                                                                                109}]},
                                                                                                                             {edoc_extract,
                                                                                                                              source1,
                                                                                                                              5,
                                                                                                                              [{file,
                                                                                                                                "edoc_extract.erl"},
                                                                                                                               {line,
                                                                                                                                130}]},
                                                                                                                             {edoc,
                                                                                                                              read,
                                                                                                                              2,
                                                                                                                              [{file,
                                                                                                                                "edoc.erl"},
                                                                                                                               {line,
                                                                                                                                538}]},
                                                                                                                             {edoc,
                                                                                                                              file,
                                                                                                                              2,
                                                                                                                              [{file,
                                                                                                                                "edoc.erl"},
                                                                                                                               {line,
                                                                                                                                116}]},
                                                                                                                             {erldocs_core,
                                                                                                                              '-gen_docsrc/4-fun-1-',
                                                                                                                              5,
                                                                                                                              [{file,
                                                                                                                                "src/erldocs_core.erl"},
                                                                                                                               {line,
                                                                                                                                201}]},
                                                                                                                             {lists,
                                                                                                                              foldl,
                                                                                                                              3,
                                                                                                                              [{file,
                                                                                                                                "lists.erl"},
                                                                                                                               {line,
                                                                                                                                1261}]},
                                                                                                                             {erldocs_core,
                                                                                                                              tmp_cd,
                                                                                                                              2,
                                                                                                                              [{file,
                                                                                                                                "src/erldocs_core.erl"},
                                                                                                                               {line,
                                                                                                                                224}]}]}}
No documentation was generated!
Woot, finished in 0 Minutes 0 Seconds
 :: Discovering other repos
$ 5000  `rm -r '/home/pete/wefwefwef/docs/other/7021305755/twilierl-branch-master'  2>&1`
 :: Erldocs finishing up
$ 5000  `rm -r '/home/pete/wefwefwef/docs/other/7021305755/twilierl'  2>&1`
$ 5000  `rm -r '/home/pete/wefwefwef/docs/other/7021305755/repo/master'  2>&1`
