 :: Extracting meta information
$ infinity  `git ls-remote --heads --tags 'https://github.com/emedia-project/unicodecodepoints'  2>&1`
>>> [repo] 1 branches, 0 tags
 :: Writing meta to "/home/pete/wefwefwef/docs/other/2d1234c372813156b093ad7e1cd5e0e2/meta.txt"
 :: Processing https://github.com/emedia-project/unicodecodepoints	{rev,branch,"master","0b5a9bcc44e342bd1320571427ed334ee2f40dd5",undefined,[],[]}
 :: Fetching repo code
$ cd '/home/pete/wefwefwef/docs/other/2d1234c372813156b093ad7e1cd5e0e2/unicodecodepoints-branch-master'
$ infinity  `curl --fail --silent --show-error --location --output repo.tar.gz 'https://codeload.github.com/emedia-project/unicodecodepoints/legacy.tar.gz/master'  2>&1`
$ cd '/home/pete/wefwefwef/docs/erldocs_other.git'
$ cd '/home/pete/wefwefwef/docs/other/2d1234c372813156b093ad7e1cd5e0e2/unicodecodepoints-branch-master/emedia-project-UnicodeCodePoints-0b5a9bc'
$ 5000  `find -P . -type l -delete  2>&1`
$ cd '/home/pete/wefwefwef/docs/erldocs_other.git'
$ 5000  `mv '/home/pete/wefwefwef/docs/other/2d1234c372813156b093ad7e1cd5e0e2/unicodecodepoints-branch-master/emedia-project-UnicodeCodePoints-0b5a9bc' '/home/pete/wefwefwef/docs/other/2d1234c372813156b093ad7e1cd5e0e2/unicodecodepoints-branch-master/unicodecodepoints'  2>&1`
 :: Getting dependencies
$ cd '/home/pete/wefwefwef/docs/other/2d1234c372813156b093ad7e1cd5e0e2/unicodecodepoints-branch-master/unicodecodepoints'
$ 5000  `ls -1 deps/  2>&1`
$ cd '/home/pete/wefwefwef/docs/erldocs_other.git'
>>> [rebar] deps = []
 :: Generating erldocs into /home/pete/wefwefwef/docs/other/2d1234c372813156b093ad7e1cd5e0e2/repo/master
Building unicodecodepoints
Generating Type Specs - "/home/pete/wefwefwef/docs/other/2d1234c372813156b093ad7e1cd5e0e2/unicodecodepoints-branch-master/unicodecodepoints/src/ucp.erl"
Generating XML for application unicodecodepoints "/home/pete/wefwefwef/docs/other/2d1234c372813156b093ad7e1cd5e0e2/unicodecodepoints-branch-master/unicodecodepoints" -> "/home/pete/wefwefwef/docs/other/2d1234c372813156b093ad7e1cd5e0e2/repo/master/.xml/unicodecodepoints"
Generated unicodecodepoints XMLs: ["/home/pete/wefwefwef/docs/other/2d1234c372813156b093ad7e1cd5e0e2/repo/master/.xml/unicodecodepoints/ucp.xml"]
Generating HTML - ucp "/home/pete/wefwefwef/docs/other/2d1234c372813156b093ad7e1cd5e0e2/repo/master/.xml/unicodecodepoints/ucp.xml"
Reading XML for "/home/pete/wefwefwef/docs/other/2d1234c372813156b093ad7e1cd5e0e2/repo/master/.xml/unicodecodepoints/ucp.xml"
Reading XML for "/home/pete/wefwefwef/docs/other/2d1234c372813156b093ad7e1cd5e0e2/repo/master/.xml/specs_ucp.xml"
Creating index.html ...
Creating erldocs_index.js ...
Woot, finished in 0 Minutes 0 Seconds
 :: Discovering other repos
$ 5000  `rm -r '/home/pete/wefwefwef/docs/other/2d1234c372813156b093ad7e1cd5e0e2/unicodecodepoints-branch-master'  2>&1`
 :: Finishing up
$ 5000  `rm -r '/home/pete/wefwefwef/docs/other/2d1234c372813156b093ad7e1cd5e0e2/unicodecodepoints'  2>&1`
