 :: Extracting meta information
$ 5000  `git ls-remote --heads --tags 'https://github.com/snwight/zb'  2>&1`
>>> [repo] 1 branches, 0 tags
 :: Writing meta to "/home/pete/wefwefwef/docs/other/1284655802/meta.txt"
 :: Processing https://github.com/snwight/zb	{rev,branch,"master","90e650164e9af54b7e23a3d5f91612617bf4d1e3",undefined,[],[]}
 :: Fetching repo code
$ cd "/home/pete/wefwefwef/docs/other/1284655802/zb-branch-master/zb"
$ infinity  `curl --fail --silent --show-error --location --output 'master.zip' 'https://github.com/snwight/zb/archive/master.zip'  2>&1`
$ cd "/home/pete/wefwefwef/docs/erldocs_other.git"
$ cd "/home/pete/wefwefwef/docs/other/1284655802/zb-branch-master/zb"
$ 5000  `find -P . -type l -delete  2>&1`
$ cd "/home/pete/wefwefwef/docs/erldocs_other.git"
$ cd "/home/pete/wefwefwef/docs/other/1284655802/zb-branch-master/zb"
$ 5000  `find 'zb-master' -mindepth 1 -maxdepth 1 -exec mv -t . -- {} +  2>&1`
$ cd "/home/pete/wefwefwef/docs/erldocs_other.git"
 :: Getting dependencies
$ cd "/home/pete/wefwefwef/docs/other/1284655802/zb-branch-master/zb"
$ 5000  `ls -1 deps/  2>&1`
$ cd "/home/pete/wefwefwef/docs/erldocs_other.git"
>>> [rebar] deps = []
 :: Generating erldocs into /home/pete/wefwefwef/docs/other/1284655802/repo/master
Building zb
Generating Type Specs - "/home/pete/wefwefwef/docs/other/1284655802/zb-branch-master/zb/sources_config.erl"
/home/pete/wefwefwef/docs/other/1284655802/zb-branch-master/zb/sources_config.erl: at line 1: syntax error before: '['
EDoc could not process file '/home/pete/wefwefwef/docs/other/1284655802/zb-branch-master/zb/sources_config.erl'
Error generating type specs for "/home/pete/wefwefwef/docs/other/1284655802/zb-branch-master/zb/sources_config.erl"
Generating Type Specs - "/home/pete/wefwefwef/docs/other/1284655802/zb-branch-master/zb/src/mochijson2.erl"
Generating Type Specs - "/home/pete/wefwefwef/docs/other/1284655802/zb-branch-master/zb/src/zb_app.erl"
Generating Type Specs - "/home/pete/wefwefwef/docs/other/1284655802/zb-branch-master/zb/src/zb_connector.erl"
Generating Type Specs - "/home/pete/wefwefwef/docs/other/1284655802/zb-branch-master/zb/src/zb_ipac.erl"
Generating Type Specs - "/home/pete/wefwefwef/docs/other/1284655802/zb-branch-master/zb/src/zb_server.erl"
Generating Type Specs - "/home/pete/wefwefwef/docs/other/1284655802/zb-branch-master/zb/src/zb_sup.erl"
Generating XML for application zb "/home/pete/wefwefwef/docs/other/1284655802/zb-branch-master/zb" -> "/home/pete/wefwefwef/docs/other/1284655802/repo/master/.xml/zb"
/home/pete/wefwefwef/docs/other/1284655802/zb-branch-master/zb/src/zb_server.erl, function start_link/0: at line 42: unknown error parsing specification: {43,edoc_parser,
                                      ["syntax error before: ","'-'"]}.
edoc: skipping source file '/home/pete/wefwefwef/docs/other/1284655802/zb-branch-master/zb/src/zb_server.erl': {'EXIT',
                                                                                                          error}.
/home/pete/wefwefwef/docs/other/1284655802/zb-branch-master/zb/src/zb_sup.erl, function start_link/0: at line 25: unknown error parsing specification: {26,edoc_parser,
                                      ["syntax error before: ","'-'"]}.
edoc: skipping source file '/home/pete/wefwefwef/docs/other/1284655802/zb-branch-master/zb/src/zb_sup.erl': {'EXIT',
                                                                                                       error}.
/home/pete/wefwefwef/docs/other/1284655802/zb-branch-master/zb/src/zb_app.erl, function start/2: at line 21: unknown error parsing specification: {22,edoc_parser,
                                      ["syntax error before: ","'-'"]}.
edoc: skipping source file '/home/pete/wefwefwef/docs/other/1284655802/zb-branch-master/zb/src/zb_app.erl': {'EXIT',
                                                                                                       error}.
/home/pete/wefwefwef/docs/other/1284655802/zb-branch-master/zb/src/mochijson2.erl, function encoder/1: at line 67: warning: redefining built-in type 'iolist'.
/home/pete/wefwefwef/docs/other/1284655802/zb-branch-master/zb/src/mochijson2.erl, function encoder/1: at line 68: warning: redefining built-in type 'iodata'.
/home/pete/wefwefwef/docs/other/1284655802/zb-branch-master/zb/src/zb_connector.erl, function start_link/1: at line 38: unknown error parsing specification: {39,edoc_parser,
                                      ["syntax error before: ","'-'"]}.
edoc: skipping source file '/home/pete/wefwefwef/docs/other/1284655802/zb-branch-master/zb/src/zb_connector.erl': {'EXIT',
                                                                                                             error}.
edoc: error in doclet 'edoc_doclet': {'EXIT',error}.
Error generating zb XMLs. Using fallback ...
Generating XML zb - sources_config "/home/pete/wefwefwef/docs/other/1284655802/zb-branch-master/zb/sources_config.erl" -> "/home/pete/wefwefwef/docs/other/1284655802/repo/master/.xml/zb/sources_config.xml"
/home/pete/wefwefwef/docs/other/1284655802/zb-branch-master/zb/sources_config.erl: at line 1: syntax error before: '['
Error generating XML ("/home/pete/wefwefwef/docs/other/1284655802/zb-branch-master/zb/sources_config.erl"): {'EXIT',
                                                                                                             error}
Generating XML zb - mochijson2 "/home/pete/wefwefwef/docs/other/1284655802/zb-branch-master/zb/src/mochijson2.erl" -> "/home/pete/wefwefwef/docs/other/1284655802/repo/master/.xml/zb/mochijson2.xml"
/home/pete/wefwefwef/docs/other/1284655802/zb-branch-master/zb/src/mochijson2.erl, function encoder/1: at line 67: warning: redefining built-in type 'iolist'.
/home/pete/wefwefwef/docs/other/1284655802/zb-branch-master/zb/src/mochijson2.erl, function encoder/1: at line 68: warning: redefining built-in type 'iodata'.
Generating XML zb - zb_app "/home/pete/wefwefwef/docs/other/1284655802/zb-branch-master/zb/src/zb_app.erl" -> "/home/pete/wefwefwef/docs/other/1284655802/repo/master/.xml/zb/zb_app.xml"
/home/pete/wefwefwef/docs/other/1284655802/zb-branch-master/zb/src/zb_app.erl, function start/2: at line 21: unknown error parsing specification: {22,edoc_parser,
                                      ["syntax error before: ","'-'"]}.
Error generating XML ("/home/pete/wefwefwef/docs/other/1284655802/zb-branch-master/zb/src/zb_app.erl"): {'EXIT',
                                                                                                         error}
Generating XML zb - zb_connector "/home/pete/wefwefwef/docs/other/1284655802/zb-branch-master/zb/src/zb_connector.erl" -> "/home/pete/wefwefwef/docs/other/1284655802/repo/master/.xml/zb/zb_connector.xml"
/home/pete/wefwefwef/docs/other/1284655802/zb-branch-master/zb/src/zb_connector.erl, function start_link/1: at line 38: unknown error parsing specification: {39,edoc_parser,
                                      ["syntax error before: ","'-'"]}.
Error generating XML ("/home/pete/wefwefwef/docs/other/1284655802/zb-branch-master/zb/src/zb_connector.erl"): {'EXIT',
                                                                                                               error}
Generating XML zb - zb_ipac "/home/pete/wefwefwef/docs/other/1284655802/zb-branch-master/zb/src/zb_ipac.erl" -> "/home/pete/wefwefwef/docs/other/1284655802/repo/master/.xml/zb/zb_ipac.xml"
Generating XML zb - zb_server "/home/pete/wefwefwef/docs/other/1284655802/zb-branch-master/zb/src/zb_server.erl" -> "/home/pete/wefwefwef/docs/other/1284655802/repo/master/.xml/zb/zb_server.xml"
/home/pete/wefwefwef/docs/other/1284655802/zb-branch-master/zb/src/zb_server.erl, function start_link/0: at line 42: unknown error parsing specification: {43,edoc_parser,
                                      ["syntax error before: ","'-'"]}.
Error generating XML ("/home/pete/wefwefwef/docs/other/1284655802/zb-branch-master/zb/src/zb_server.erl"): {'EXIT',
                                                                                                            error}
Generating XML zb - zb_sup "/home/pete/wefwefwef/docs/other/1284655802/zb-branch-master/zb/src/zb_sup.erl" -> "/home/pete/wefwefwef/docs/other/1284655802/repo/master/.xml/zb/zb_sup.xml"
/home/pete/wefwefwef/docs/other/1284655802/zb-branch-master/zb/src/zb_sup.erl, function start_link/0: at line 25: unknown error parsing specification: {26,edoc_parser,
                                      ["syntax error before: ","'-'"]}.
Error generating XML ("/home/pete/wefwefwef/docs/other/1284655802/zb-branch-master/zb/src/zb_sup.erl"): {'EXIT',
                                                                                                         error}
Generating HTML - mochijson2 "/home/pete/wefwefwef/docs/other/1284655802/repo/master/.xml/zb/mochijson2.xml"
Reading XML for "/home/pete/wefwefwef/docs/other/1284655802/repo/master/.xml/zb/mochijson2.xml"
Reading XML for "/home/pete/wefwefwef/docs/other/1284655802/repo/master/.xml/specs_mochijson2.xml"
Generating HTML - zb_ipac "/home/pete/wefwefwef/docs/other/1284655802/repo/master/.xml/zb/zb_ipac.xml"
Reading XML for "/home/pete/wefwefwef/docs/other/1284655802/repo/master/.xml/zb/zb_ipac.xml"
Reading XML for "/home/pete/wefwefwef/docs/other/1284655802/repo/master/.xml/specs_zb_ipac.xml"
Creating index.html ...
Creating erldocs_index.js ...
Woot, finished in 0 Minutes 0 Seconds
 :: Discovering other repos
$ 5000  `rm -r '/home/pete/wefwefwef/docs/other/1284655802/zb-branch-master'  2>&1`
 :: Finishing up
$ 5000  `rm -r '/home/pete/wefwefwef/docs/other/1284655802/zb'  2>&1`
