 :: Extracting meta information
$ 5000  `git ls-remote --heads --tags 'https://github.com/camshaft/syslog-octet-frame'  2>&1`
>>> [repo] 1 branches, 3 tags
 :: Writing meta to "/home/pete/wefwefwef/docs/other/8170214833/meta.txt"
 :: Processing https://github.com/camshaft/syslog-octet-frame	{rev,tag,"0.1.0","2891d3c72c7d8799cb3b33cefa82fcdf527f714c"}
 :: Fetching repo code
$ cd "/home/pete/wefwefwef/docs/other/8170214833/syslog-octet-frame-tag-0.1.0/syslog-octet-frame"
$ infinity  `curl --fail --silent --show-error --location --output '0.1.0.zip' 'https://github.com/camshaft/syslog-octet-frame/archive/0.1.0.zip'  2>&1`
$ cd "/home/pete/wefwefwef/docs/erldocs_other.git"
$ cd "/home/pete/wefwefwef/docs/other/8170214833/syslog-octet-frame-tag-0.1.0/syslog-octet-frame"
$ 5000  `find -P . -type l -delete  2>&1`
$ cd "/home/pete/wefwefwef/docs/erldocs_other.git"
$ cd "/home/pete/wefwefwef/docs/other/8170214833/syslog-octet-frame-tag-0.1.0/syslog-octet-frame"
$ 5000  `find 'syslog-octet-frame-0.1.0' -mindepth 1 -maxdepth 1 -exec mv -t . -- {} +  2>&1`
$ cd "/home/pete/wefwefwef/docs/erldocs_other.git"
 :: Getting dependencies
$ cd "/home/pete/wefwefwef/docs/other/8170214833/syslog-octet-frame-tag-0.1.0/syslog-octet-frame"
$ 5000  `ls -1 deps/  2>&1`
$ cd "/home/pete/wefwefwef/docs/erldocs_other.git"
>>> [rebar] deps = []
 :: Generating erldocs into /home/pete/wefwefwef/docs/other/8170214833/repo/0.1.0
Building syslog-octet-frame
Generating Type Specs - "/home/pete/wefwefwef/docs/other/8170214833/syslog-octet-frame-tag-0.1.0/syslog-octet-frame/src/syslog_octet_frame.erl"
Generating XML for application syslog-octet-frame "/home/pete/wefwefwef/docs/other/8170214833/syslog-octet-frame-tag-0.1.0/syslog-octet-frame" -> "/home/pete/wefwefwef/docs/other/8170214833/repo/0.1.0/.xml/syslog-octet-frame"
Generated syslog-octet-frame XMLs: ["/home/pete/wefwefwef/docs/other/8170214833/repo/0.1.0/.xml/syslog-octet-frame/syslog_octet_frame.xml"]
Generating HTML - syslog_octet_frame "/home/pete/wefwefwef/docs/other/8170214833/repo/0.1.0/.xml/syslog-octet-frame/syslog_octet_frame.xml"
Reading XML for "/home/pete/wefwefwef/docs/other/8170214833/repo/0.1.0/.xml/syslog-octet-frame/syslog_octet_frame.xml"
Reading XML for "/home/pete/wefwefwef/docs/other/8170214833/repo/0.1.0/.xml/specs_syslog_octet_frame.xml"
Creating index.html ...
Creating erldocs_index.js ...
Woot, finished in 0 Minutes 0 Seconds
 :: Discovering other repos
$ 5000  `rm -r '/home/pete/wefwefwef/docs/other/8170214833/syslog-octet-frame-tag-0.1.0'  2>&1`
 :: Processing https://github.com/camshaft/syslog-octet-frame	{rev,tag,"0.1.1","083314f2f4333737701e16fadd05a4168ec4d127"}
 :: Fetching repo code
$ cd "/home/pete/wefwefwef/docs/other/8170214833/syslog-octet-frame-tag-0.1.1/syslog-octet-frame"
$ infinity  `curl --fail --silent --show-error --location --output '0.1.1.zip' 'https://github.com/camshaft/syslog-octet-frame/archive/0.1.1.zip'  2>&1`
$ cd "/home/pete/wefwefwef/docs/erldocs_other.git"
$ cd "/home/pete/wefwefwef/docs/other/8170214833/syslog-octet-frame-tag-0.1.1/syslog-octet-frame"
$ 5000  `find -P . -type l -delete  2>&1`
$ cd "/home/pete/wefwefwef/docs/erldocs_other.git"
$ cd "/home/pete/wefwefwef/docs/other/8170214833/syslog-octet-frame-tag-0.1.1/syslog-octet-frame"
$ 5000  `find 'syslog-octet-frame-0.1.1' -mindepth 1 -maxdepth 1 -exec mv -t . -- {} +  2>&1`
$ cd "/home/pete/wefwefwef/docs/erldocs_other.git"
 :: Getting dependencies
$ cd "/home/pete/wefwefwef/docs/other/8170214833/syslog-octet-frame-tag-0.1.1/syslog-octet-frame"
$ 5000  `ls -1 deps/  2>&1`
$ cd "/home/pete/wefwefwef/docs/erldocs_other.git"
>>> [rebar] deps = []
 :: Generating erldocs into /home/pete/wefwefwef/docs/other/8170214833/repo/0.1.1
Building syslog-octet-frame
Generating Type Specs - "/home/pete/wefwefwef/docs/other/8170214833/syslog-octet-frame-tag-0.1.1/syslog-octet-frame/src/syslog_octet_frame.erl"
Generating XML for application syslog-octet-frame "/home/pete/wefwefwef/docs/other/8170214833/syslog-octet-frame-tag-0.1.1/syslog-octet-frame" -> "/home/pete/wefwefwef/docs/other/8170214833/repo/0.1.1/.xml/syslog-octet-frame"
Generated syslog-octet-frame XMLs: ["/home/pete/wefwefwef/docs/other/8170214833/repo/0.1.1/.xml/syslog-octet-frame/syslog_octet_frame.xml"]
Generating HTML - syslog_octet_frame "/home/pete/wefwefwef/docs/other/8170214833/repo/0.1.1/.xml/syslog-octet-frame/syslog_octet_frame.xml"
Reading XML for "/home/pete/wefwefwef/docs/other/8170214833/repo/0.1.1/.xml/syslog-octet-frame/syslog_octet_frame.xml"
Reading XML for "/home/pete/wefwefwef/docs/other/8170214833/repo/0.1.1/.xml/specs_syslog_octet_frame.xml"
Creating index.html ...
Creating erldocs_index.js ...
Woot, finished in 0 Minutes 0 Seconds
 :: Discovering other repos
$ 5000  `rm -r '/home/pete/wefwefwef/docs/other/8170214833/syslog-octet-frame-tag-0.1.1'  2>&1`
 :: Processing https://github.com/camshaft/syslog-octet-frame	{rev,tag,"0.1.2","3ec5ecc914c485edf923a3a5eabe43ea5adfedd1"}
 :: Fetching repo code
$ cd "/home/pete/wefwefwef/docs/other/8170214833/syslog-octet-frame-tag-0.1.2/syslog-octet-frame"
$ infinity  `curl --fail --silent --show-error --location --output '0.1.2.zip' 'https://github.com/camshaft/syslog-octet-frame/archive/0.1.2.zip'  2>&1`
$ cd "/home/pete/wefwefwef/docs/erldocs_other.git"
$ cd "/home/pete/wefwefwef/docs/other/8170214833/syslog-octet-frame-tag-0.1.2/syslog-octet-frame"
$ 5000  `find -P . -type l -delete  2>&1`
$ cd "/home/pete/wefwefwef/docs/erldocs_other.git"
$ cd "/home/pete/wefwefwef/docs/other/8170214833/syslog-octet-frame-tag-0.1.2/syslog-octet-frame"
$ 5000  `find 'syslog-octet-frame-0.1.2' -mindepth 1 -maxdepth 1 -exec mv -t . -- {} +  2>&1`
$ cd "/home/pete/wefwefwef/docs/erldocs_other.git"
 :: Getting dependencies
$ cd "/home/pete/wefwefwef/docs/other/8170214833/syslog-octet-frame-tag-0.1.2/syslog-octet-frame"
$ 5000  `ls -1 deps/  2>&1`
$ cd "/home/pete/wefwefwef/docs/erldocs_other.git"
>>> [rebar] deps = []
 :: Generating erldocs into /home/pete/wefwefwef/docs/other/8170214833/repo/0.1.2
Building syslog-octet-frame
Generating Type Specs - "/home/pete/wefwefwef/docs/other/8170214833/syslog-octet-frame-tag-0.1.2/syslog-octet-frame/src/syslog_octet_frame.erl"
Generating XML for application syslog-octet-frame "/home/pete/wefwefwef/docs/other/8170214833/syslog-octet-frame-tag-0.1.2/syslog-octet-frame" -> "/home/pete/wefwefwef/docs/other/8170214833/repo/0.1.2/.xml/syslog-octet-frame"
Generated syslog-octet-frame XMLs: ["/home/pete/wefwefwef/docs/other/8170214833/repo/0.1.2/.xml/syslog-octet-frame/syslog_octet_frame.xml"]
Generating HTML - syslog_octet_frame "/home/pete/wefwefwef/docs/other/8170214833/repo/0.1.2/.xml/syslog-octet-frame/syslog_octet_frame.xml"
Reading XML for "/home/pete/wefwefwef/docs/other/8170214833/repo/0.1.2/.xml/syslog-octet-frame/syslog_octet_frame.xml"
Reading XML for "/home/pete/wefwefwef/docs/other/8170214833/repo/0.1.2/.xml/specs_syslog_octet_frame.xml"
Creating index.html ...
Creating erldocs_index.js ...
Woot, finished in 0 Minutes 0 Seconds
 :: Discovering other repos
$ 5000  `rm -r '/home/pete/wefwefwef/docs/other/8170214833/syslog-octet-frame-tag-0.1.2'  2>&1`
 :: Processing https://github.com/camshaft/syslog-octet-frame	{rev,branch,"master","3ec5ecc914c485edf923a3a5eabe43ea5adfedd1"}
 :: Fetching repo code
$ cd "/home/pete/wefwefwef/docs/other/8170214833/syslog-octet-frame-branch-master/syslog-octet-frame"
$ infinity  `curl --fail --silent --show-error --location --output 'master.zip' 'https://github.com/camshaft/syslog-octet-frame/archive/master.zip'  2>&1`
$ cd "/home/pete/wefwefwef/docs/erldocs_other.git"
$ cd "/home/pete/wefwefwef/docs/other/8170214833/syslog-octet-frame-branch-master/syslog-octet-frame"
$ 5000  `find -P . -type l -delete  2>&1`
$ cd "/home/pete/wefwefwef/docs/erldocs_other.git"
$ cd "/home/pete/wefwefwef/docs/other/8170214833/syslog-octet-frame-branch-master/syslog-octet-frame"
$ 5000  `find 'syslog-octet-frame-master' -mindepth 1 -maxdepth 1 -exec mv -t . -- {} +  2>&1`
$ cd "/home/pete/wefwefwef/docs/erldocs_other.git"
 :: Getting dependencies
$ cd "/home/pete/wefwefwef/docs/other/8170214833/syslog-octet-frame-branch-master/syslog-octet-frame"
$ 5000  `ls -1 deps/  2>&1`
$ cd "/home/pete/wefwefwef/docs/erldocs_other.git"
>>> [rebar] deps = []
 :: Generating erldocs into /home/pete/wefwefwef/docs/other/8170214833/repo/master
Building syslog-octet-frame
Generating Type Specs - "/home/pete/wefwefwef/docs/other/8170214833/syslog-octet-frame-branch-master/syslog-octet-frame/src/syslog_octet_frame.erl"
Generating XML for application syslog-octet-frame "/home/pete/wefwefwef/docs/other/8170214833/syslog-octet-frame-branch-master/syslog-octet-frame" -> "/home/pete/wefwefwef/docs/other/8170214833/repo/master/.xml/syslog-octet-frame"
Generated syslog-octet-frame XMLs: ["/home/pete/wefwefwef/docs/other/8170214833/repo/master/.xml/syslog-octet-frame/syslog_octet_frame.xml"]
Generating HTML - syslog_octet_frame "/home/pete/wefwefwef/docs/other/8170214833/repo/master/.xml/syslog-octet-frame/syslog_octet_frame.xml"
Reading XML for "/home/pete/wefwefwef/docs/other/8170214833/repo/master/.xml/syslog-octet-frame/syslog_octet_frame.xml"
Reading XML for "/home/pete/wefwefwef/docs/other/8170214833/repo/master/.xml/specs_syslog_octet_frame.xml"
Creating index.html ...
Creating erldocs_index.js ...
Woot, finished in 0 Minutes 0 Seconds
 :: Discovering other repos
$ 5000  `rm -r '/home/pete/wefwefwef/docs/other/8170214833/syslog-octet-frame-branch-master'  2>&1`
 :: Erldocs finishing up
$ 5000  `rm -r '/home/pete/wefwefwef/docs/other/8170214833/syslog-octet-frame'  2>&1`
