 :: Extracting meta information
$ 5000  `git ls-remote --heads --tags 'https://github.com/eryx67/asciiedoc'  2>&1`
>>> [repo] 2 branches, 11 tags
 :: Writing meta to "/home/pete/wefwefwef/docs/other/5628989185/meta.txt"
 :: Processing https://github.com/eryx67/asciiedoc	{rev,tag,"v0.1.0","3de90f6f6a2695129ed29b27f12b3aa4cca44899",undefined,[],[]}
 :: Fetching repo code
$ cd "/home/pete/wefwefwef/docs/other/5628989185/asciiedoc-tag-v0.1.0/asciiedoc"
$ infinity  `curl --fail --silent --show-error --location --output 'v0.1.0.zip' 'https://github.com/eryx67/asciiedoc/archive/v0.1.0.zip'  2>&1`
$ cd "/home/pete/wefwefwef/docs/erldocs_other.git"
$ cd "/home/pete/wefwefwef/docs/other/5628989185/asciiedoc-tag-v0.1.0/asciiedoc"
$ 5000  `find -P . -type l -delete  2>&1`
$ cd "/home/pete/wefwefwef/docs/erldocs_other.git"
$ cd "/home/pete/wefwefwef/docs/other/5628989185/asciiedoc-tag-v0.1.0/asciiedoc"
$ 5000  `find 'asciiedoc-0.1.0' -mindepth 1 -maxdepth 1 -exec mv -t . -- {} +  2>&1`
$ cd "/home/pete/wefwefwef/docs/erldocs_other.git"
 :: Getting dependencies
$ cd "/home/pete/wefwefwef/docs/other/5628989185/asciiedoc-tag-v0.1.0/asciiedoc"
$ 5000  `ls -1 deps/  2>&1`
$ cd "/home/pete/wefwefwef/docs/erldocs_other.git"
>>> [rebar] deps = []
 :: Generating erldocs into /home/pete/wefwefwef/docs/other/5628989185/repo/v0.1.0
Building asciiedoc
Generating Type Specs - "/home/pete/wefwefwef/docs/other/5628989185/asciiedoc-tag-v0.1.0/asciiedoc/src/asciiedoc_doclet.erl"
Generating XML for application asciiedoc "/home/pete/wefwefwef/docs/other/5628989185/asciiedoc-tag-v0.1.0/asciiedoc" -> "/home/pete/wefwefwef/docs/other/5628989185/repo/v0.1.0/.xml/asciiedoc"
Generated asciiedoc XMLs: ["/home/pete/wefwefwef/docs/other/5628989185/repo/v0.1.0/.xml/asciiedoc/asciiedoc_doclet.xml"]
Generating HTML - asciiedoc_doclet "/home/pete/wefwefwef/docs/other/5628989185/repo/v0.1.0/.xml/asciiedoc/asciiedoc_doclet.xml"
Reading XML for "/home/pete/wefwefwef/docs/other/5628989185/repo/v0.1.0/.xml/asciiedoc/asciiedoc_doclet.xml"
Reading XML for "/home/pete/wefwefwef/docs/other/5628989185/repo/v0.1.0/.xml/specs_asciiedoc_doclet.xml"
Creating index.html ...
Creating erldocs_index.js ...
Woot, finished in 0 Minutes 0 Seconds
 :: Discovering other repos
$ 5000  `rm -r '/home/pete/wefwefwef/docs/other/5628989185/asciiedoc-tag-v0.1.0'  2>&1`
 :: Processing https://github.com/eryx67/asciiedoc	{rev,tag,"v0.1.1","f6093955a36bbe7b4cbbf5e03e7a8700487e7ac2",undefined,[],[]}
 :: Fetching repo code
$ cd "/home/pete/wefwefwef/docs/other/5628989185/asciiedoc-tag-v0.1.1/asciiedoc"
$ infinity  `curl --fail --silent --show-error --location --output 'v0.1.1.zip' 'https://github.com/eryx67/asciiedoc/archive/v0.1.1.zip'  2>&1`
$ cd "/home/pete/wefwefwef/docs/erldocs_other.git"
$ cd "/home/pete/wefwefwef/docs/other/5628989185/asciiedoc-tag-v0.1.1/asciiedoc"
$ 5000  `find -P . -type l -delete  2>&1`
$ cd "/home/pete/wefwefwef/docs/erldocs_other.git"
$ cd "/home/pete/wefwefwef/docs/other/5628989185/asciiedoc-tag-v0.1.1/asciiedoc"
$ 5000  `find 'asciiedoc-0.1.1' -mindepth 1 -maxdepth 1 -exec mv -t . -- {} +  2>&1`
$ cd "/home/pete/wefwefwef/docs/erldocs_other.git"
 :: Getting dependencies
$ cd "/home/pete/wefwefwef/docs/other/5628989185/asciiedoc-tag-v0.1.1/asciiedoc"
$ infinity  `rebar --config '/home/pete/wefwefwef/docs/other/5628989185/asciiedoc-tag-v0.1.1/rebar_deps' get-deps  2>&1`
$ cd "/home/pete/wefwefwef/docs/erldocs_other.git"
$ cd "/home/pete/wefwefwef/docs/other/5628989185/asciiedoc-tag-v0.1.1/asciiedoc"
$ 5000  `find -P . -type l -delete  2>&1`
$ cd "/home/pete/wefwefwef/docs/erldocs_other.git"
$ cd "/home/pete/wefwefwef/docs/other/5628989185/asciiedoc-tag-v0.1.1/asciiedoc"
$ 5000  `ls -1 deps/  2>&1`
$ cd "/home/pete/wefwefwef/docs/erldocs_other.git"
>>> [rebar] deps = ["edown","meck"]
 :: Generating erldocs into /home/pete/wefwefwef/docs/other/5628989185/repo/v0.1.1
Building asciiedoc
Generating Type Specs - "/home/pete/wefwefwef/docs/other/5628989185/asciiedoc-tag-v0.1.1/asciiedoc/src/asciiedoc_doclet.erl"
Generating Type Specs - "/home/pete/wefwefwef/docs/other/5628989185/asciiedoc-tag-v0.1.1/asciiedoc/src/asciiedoc_lib.erl"
Generating Type Specs - "/home/pete/wefwefwef/docs/other/5628989185/asciiedoc-tag-v0.1.1/asciiedoc/src/asciiedown_doclet.erl"
Generating XML for application asciiedoc "/home/pete/wefwefwef/docs/other/5628989185/asciiedoc-tag-v0.1.1/asciiedoc" -> "/home/pete/wefwefwef/docs/other/5628989185/repo/v0.1.1/.xml/asciiedoc"
Generated asciiedoc XMLs: ["/home/pete/wefwefwef/docs/other/5628989185/repo/v0.1.1/.xml/asciiedoc/asciiedoc_doclet.xml",
                           "/home/pete/wefwefwef/docs/other/5628989185/repo/v0.1.1/.xml/asciiedoc/asciiedown_doclet.xml",
                           "/home/pete/wefwefwef/docs/other/5628989185/repo/v0.1.1/.xml/asciiedoc/asciiedoc_lib.xml"]
Generating HTML - asciiedoc_lib "/home/pete/wefwefwef/docs/other/5628989185/repo/v0.1.1/.xml/asciiedoc/asciiedoc_lib.xml"
Reading XML for "/home/pete/wefwefwef/docs/other/5628989185/repo/v0.1.1/.xml/asciiedoc/asciiedoc_lib.xml"
Reading XML for "/home/pete/wefwefwef/docs/other/5628989185/repo/v0.1.1/.xml/specs_asciiedoc_lib.xml"
Generating HTML - asciiedown_doclet "/home/pete/wefwefwef/docs/other/5628989185/repo/v0.1.1/.xml/asciiedoc/asciiedown_doclet.xml"
Reading XML for "/home/pete/wefwefwef/docs/other/5628989185/repo/v0.1.1/.xml/asciiedoc/asciiedown_doclet.xml"
Reading XML for "/home/pete/wefwefwef/docs/other/5628989185/repo/v0.1.1/.xml/specs_asciiedown_doclet.xml"
Generating HTML - asciiedoc_doclet "/home/pete/wefwefwef/docs/other/5628989185/repo/v0.1.1/.xml/asciiedoc/asciiedoc_doclet.xml"
Reading XML for "/home/pete/wefwefwef/docs/other/5628989185/repo/v0.1.1/.xml/asciiedoc/asciiedoc_doclet.xml"
Reading XML for "/home/pete/wefwefwef/docs/other/5628989185/repo/v0.1.1/.xml/specs_asciiedoc_doclet.xml"
Creating index.html ...
Creating erldocs_index.js ...
Woot, finished in 0 Minutes 0 Seconds
 :: Discovering other repos
$ 5000  `rm -r '/home/pete/wefwefwef/docs/other/5628989185/asciiedoc-tag-v0.1.1'  2>&1`
 :: Processing https://github.com/eryx67/asciiedoc	{rev,tag,"v0.1.2","84dff08993b253c62862589c0e4bcfaf648e34e4",undefined,[],[]}
 :: Fetching repo code
$ cd "/home/pete/wefwefwef/docs/other/5628989185/asciiedoc-tag-v0.1.2/asciiedoc"
$ infinity  `curl --fail --silent --show-error --location --output 'v0.1.2.zip' 'https://github.com/eryx67/asciiedoc/archive/v0.1.2.zip'  2>&1`
$ cd "/home/pete/wefwefwef/docs/erldocs_other.git"
$ cd "/home/pete/wefwefwef/docs/other/5628989185/asciiedoc-tag-v0.1.2/asciiedoc"
$ 5000  `find -P . -type l -delete  2>&1`
$ cd "/home/pete/wefwefwef/docs/erldocs_other.git"
$ cd "/home/pete/wefwefwef/docs/other/5628989185/asciiedoc-tag-v0.1.2/asciiedoc"
$ 5000  `find 'asciiedoc-0.1.2' -mindepth 1 -maxdepth 1 -exec mv -t . -- {} +  2>&1`
$ cd "/home/pete/wefwefwef/docs/erldocs_other.git"
 :: Getting dependencies
$ cd "/home/pete/wefwefwef/docs/other/5628989185/asciiedoc-tag-v0.1.2/asciiedoc"
$ infinity  `rebar --config '/home/pete/wefwefwef/docs/other/5628989185/asciiedoc-tag-v0.1.2/rebar_deps' get-deps  2>&1`
$ cd "/home/pete/wefwefwef/docs/erldocs_other.git"
$ cd "/home/pete/wefwefwef/docs/other/5628989185/asciiedoc-tag-v0.1.2/asciiedoc"
$ 5000  `find -P . -type l -delete  2>&1`
$ cd "/home/pete/wefwefwef/docs/erldocs_other.git"
$ cd "/home/pete/wefwefwef/docs/other/5628989185/asciiedoc-tag-v0.1.2/asciiedoc"
$ 5000  `ls -1 deps/  2>&1`
$ cd "/home/pete/wefwefwef/docs/erldocs_other.git"
>>> [rebar] deps = ["edown","meck"]
 :: Generating erldocs into /home/pete/wefwefwef/docs/other/5628989185/repo/v0.1.2
Building asciiedoc
Generating Type Specs - "/home/pete/wefwefwef/docs/other/5628989185/asciiedoc-tag-v0.1.2/asciiedoc/src/asciiedoc_doclet.erl"
Generating Type Specs - "/home/pete/wefwefwef/docs/other/5628989185/asciiedoc-tag-v0.1.2/asciiedoc/src/asciiedoc_lib.erl"
Generating Type Specs - "/home/pete/wefwefwef/docs/other/5628989185/asciiedoc-tag-v0.1.2/asciiedoc/src/asciiedown_doclet.erl"
Generating XML for application asciiedoc "/home/pete/wefwefwef/docs/other/5628989185/asciiedoc-tag-v0.1.2/asciiedoc" -> "/home/pete/wefwefwef/docs/other/5628989185/repo/v0.1.2/.xml/asciiedoc"
Generated asciiedoc XMLs: ["/home/pete/wefwefwef/docs/other/5628989185/repo/v0.1.2/.xml/asciiedoc/asciiedoc_doclet.xml",
                           "/home/pete/wefwefwef/docs/other/5628989185/repo/v0.1.2/.xml/asciiedoc/asciiedown_doclet.xml",
                           "/home/pete/wefwefwef/docs/other/5628989185/repo/v0.1.2/.xml/asciiedoc/asciiedoc_lib.xml"]
Generating HTML - asciiedoc_lib "/home/pete/wefwefwef/docs/other/5628989185/repo/v0.1.2/.xml/asciiedoc/asciiedoc_lib.xml"
Reading XML for "/home/pete/wefwefwef/docs/other/5628989185/repo/v0.1.2/.xml/asciiedoc/asciiedoc_lib.xml"
Reading XML for "/home/pete/wefwefwef/docs/other/5628989185/repo/v0.1.2/.xml/specs_asciiedoc_lib.xml"
Generating HTML - asciiedown_doclet "/home/pete/wefwefwef/docs/other/5628989185/repo/v0.1.2/.xml/asciiedoc/asciiedown_doclet.xml"
Reading XML for "/home/pete/wefwefwef/docs/other/5628989185/repo/v0.1.2/.xml/asciiedoc/asciiedown_doclet.xml"
Reading XML for "/home/pete/wefwefwef/docs/other/5628989185/repo/v0.1.2/.xml/specs_asciiedown_doclet.xml"
Generating HTML - asciiedoc_doclet "/home/pete/wefwefwef/docs/other/5628989185/repo/v0.1.2/.xml/asciiedoc/asciiedoc_doclet.xml"
Reading XML for "/home/pete/wefwefwef/docs/other/5628989185/repo/v0.1.2/.xml/asciiedoc/asciiedoc_doclet.xml"
Reading XML for "/home/pete/wefwefwef/docs/other/5628989185/repo/v0.1.2/.xml/specs_asciiedoc_doclet.xml"
Creating index.html ...
Creating erldocs_index.js ...
Woot, finished in 0 Minutes 0 Seconds
 :: Discovering other repos
$ 5000  `rm -r '/home/pete/wefwefwef/docs/other/5628989185/asciiedoc-tag-v0.1.2'  2>&1`
 :: Processing https://github.com/eryx67/asciiedoc	{rev,tag,"v0.1.3","11a07a62e10563a0183260814a20eef63b6de36d",undefined,[],[]}
 :: Fetching repo code
$ cd "/home/pete/wefwefwef/docs/other/5628989185/asciiedoc-tag-v0.1.3/asciiedoc"
$ infinity  `curl --fail --silent --show-error --location --output 'v0.1.3.zip' 'https://github.com/eryx67/asciiedoc/archive/v0.1.3.zip'  2>&1`
$ cd "/home/pete/wefwefwef/docs/erldocs_other.git"
$ cd "/home/pete/wefwefwef/docs/other/5628989185/asciiedoc-tag-v0.1.3/asciiedoc"
$ 5000  `find -P . -type l -delete  2>&1`
$ cd "/home/pete/wefwefwef/docs/erldocs_other.git"
$ cd "/home/pete/wefwefwef/docs/other/5628989185/asciiedoc-tag-v0.1.3/asciiedoc"
$ 5000  `find 'asciiedoc-0.1.3' -mindepth 1 -maxdepth 1 -exec mv -t . -- {} +  2>&1`
$ cd "/home/pete/wefwefwef/docs/erldocs_other.git"
 :: Getting dependencies
$ cd "/home/pete/wefwefwef/docs/other/5628989185/asciiedoc-tag-v0.1.3/asciiedoc"
$ infinity  `rebar --config '/home/pete/wefwefwef/docs/other/5628989185/asciiedoc-tag-v0.1.3/rebar_deps' get-deps  2>&1`
$ cd "/home/pete/wefwefwef/docs/erldocs_other.git"
$ cd "/home/pete/wefwefwef/docs/other/5628989185/asciiedoc-tag-v0.1.3/asciiedoc"
$ 5000  `find -P . -type l -delete  2>&1`
$ cd "/home/pete/wefwefwef/docs/erldocs_other.git"
$ cd "/home/pete/wefwefwef/docs/other/5628989185/asciiedoc-tag-v0.1.3/asciiedoc"
$ 5000  `ls -1 deps/  2>&1`
$ cd "/home/pete/wefwefwef/docs/erldocs_other.git"
>>> [rebar] deps = ["edown","meck"]
 :: Generating erldocs into /home/pete/wefwefwef/docs/other/5628989185/repo/v0.1.3
Building asciiedoc
Generating Type Specs - "/home/pete/wefwefwef/docs/other/5628989185/asciiedoc-tag-v0.1.3/asciiedoc/src/asciiedoc_doclet.erl"
Generating Type Specs - "/home/pete/wefwefwef/docs/other/5628989185/asciiedoc-tag-v0.1.3/asciiedoc/src/asciiedoc_lib.erl"
Generating Type Specs - "/home/pete/wefwefwef/docs/other/5628989185/asciiedoc-tag-v0.1.3/asciiedoc/src/asciiedown_doclet.erl"
Generating XML for application asciiedoc "/home/pete/wefwefwef/docs/other/5628989185/asciiedoc-tag-v0.1.3/asciiedoc" -> "/home/pete/wefwefwef/docs/other/5628989185/repo/v0.1.3/.xml/asciiedoc"
Generated asciiedoc XMLs: ["/home/pete/wefwefwef/docs/other/5628989185/repo/v0.1.3/.xml/asciiedoc/asciiedoc_doclet.xml",
                           "/home/pete/wefwefwef/docs/other/5628989185/repo/v0.1.3/.xml/asciiedoc/asciiedown_doclet.xml",
                           "/home/pete/wefwefwef/docs/other/5628989185/repo/v0.1.3/.xml/asciiedoc/asciiedoc_lib.xml"]
Generating HTML - asciiedoc_lib "/home/pete/wefwefwef/docs/other/5628989185/repo/v0.1.3/.xml/asciiedoc/asciiedoc_lib.xml"
Reading XML for "/home/pete/wefwefwef/docs/other/5628989185/repo/v0.1.3/.xml/asciiedoc/asciiedoc_lib.xml"
Reading XML for "/home/pete/wefwefwef/docs/other/5628989185/repo/v0.1.3/.xml/specs_asciiedoc_lib.xml"
Generating HTML - asciiedown_doclet "/home/pete/wefwefwef/docs/other/5628989185/repo/v0.1.3/.xml/asciiedoc/asciiedown_doclet.xml"
Reading XML for "/home/pete/wefwefwef/docs/other/5628989185/repo/v0.1.3/.xml/asciiedoc/asciiedown_doclet.xml"
Reading XML for "/home/pete/wefwefwef/docs/other/5628989185/repo/v0.1.3/.xml/specs_asciiedown_doclet.xml"
Generating HTML - asciiedoc_doclet "/home/pete/wefwefwef/docs/other/5628989185/repo/v0.1.3/.xml/asciiedoc/asciiedoc_doclet.xml"
Reading XML for "/home/pete/wefwefwef/docs/other/5628989185/repo/v0.1.3/.xml/asciiedoc/asciiedoc_doclet.xml"
Reading XML for "/home/pete/wefwefwef/docs/other/5628989185/repo/v0.1.3/.xml/specs_asciiedoc_doclet.xml"
Creating index.html ...
Creating erldocs_index.js ...
Woot, finished in 0 Minutes 0 Seconds
 :: Discovering other repos
$ 5000  `rm -r '/home/pete/wefwefwef/docs/other/5628989185/asciiedoc-tag-v0.1.3'  2>&1`
 :: Processing https://github.com/eryx67/asciiedoc	{rev,tag,"v0.1.4","fdeb22917079e51db17950ad89f39f755a1b45e8",undefined,[],[]}
 :: Fetching repo code
$ cd "/home/pete/wefwefwef/docs/other/5628989185/asciiedoc-tag-v0.1.4/asciiedoc"
$ infinity  `curl --fail --silent --show-error --location --output 'v0.1.4.zip' 'https://github.com/eryx67/asciiedoc/archive/v0.1.4.zip'  2>&1`
$ cd "/home/pete/wefwefwef/docs/erldocs_other.git"
$ cd "/home/pete/wefwefwef/docs/other/5628989185/asciiedoc-tag-v0.1.4/asciiedoc"
$ 5000  `find -P . -type l -delete  2>&1`
$ cd "/home/pete/wefwefwef/docs/erldocs_other.git"
$ cd "/home/pete/wefwefwef/docs/other/5628989185/asciiedoc-tag-v0.1.4/asciiedoc"
$ 5000  `find 'asciiedoc-0.1.4' -mindepth 1 -maxdepth 1 -exec mv -t . -- {} +  2>&1`
$ cd "/home/pete/wefwefwef/docs/erldocs_other.git"
 :: Getting dependencies
$ cd "/home/pete/wefwefwef/docs/other/5628989185/asciiedoc-tag-v0.1.4/asciiedoc"
$ infinity  `rebar --config '/home/pete/wefwefwef/docs/other/5628989185/asciiedoc-tag-v0.1.4/rebar_deps' get-deps  2>&1`
$ cd "/home/pete/wefwefwef/docs/erldocs_other.git"
$ cd "/home/pete/wefwefwef/docs/other/5628989185/asciiedoc-tag-v0.1.4/asciiedoc"
$ 5000  `find -P . -type l -delete  2>&1`
$ cd "/home/pete/wefwefwef/docs/erldocs_other.git"
$ cd "/home/pete/wefwefwef/docs/other/5628989185/asciiedoc-tag-v0.1.4/asciiedoc"
$ 5000  `ls -1 deps/  2>&1`
$ cd "/home/pete/wefwefwef/docs/erldocs_other.git"
>>> [rebar] deps = ["edown","meck"]
 :: Generating erldocs into /home/pete/wefwefwef/docs/other/5628989185/repo/v0.1.4
Building asciiedoc
Generating Type Specs - "/home/pete/wefwefwef/docs/other/5628989185/asciiedoc-tag-v0.1.4/asciiedoc/src/asciiedoc_doclet.erl"
Generating Type Specs - "/home/pete/wefwefwef/docs/other/5628989185/asciiedoc-tag-v0.1.4/asciiedoc/src/asciiedoc_lib.erl"
Generating Type Specs - "/home/pete/wefwefwef/docs/other/5628989185/asciiedoc-tag-v0.1.4/asciiedoc/src/asciiedown_doclet.erl"
Generating XML for application asciiedoc "/home/pete/wefwefwef/docs/other/5628989185/asciiedoc-tag-v0.1.4/asciiedoc" -> "/home/pete/wefwefwef/docs/other/5628989185/repo/v0.1.4/.xml/asciiedoc"
Generated asciiedoc XMLs: ["/home/pete/wefwefwef/docs/other/5628989185/repo/v0.1.4/.xml/asciiedoc/asciiedoc_doclet.xml",
                           "/home/pete/wefwefwef/docs/other/5628989185/repo/v0.1.4/.xml/asciiedoc/asciiedown_doclet.xml",
                           "/home/pete/wefwefwef/docs/other/5628989185/repo/v0.1.4/.xml/asciiedoc/asciiedoc_lib.xml"]
Generating HTML - asciiedoc_lib "/home/pete/wefwefwef/docs/other/5628989185/repo/v0.1.4/.xml/asciiedoc/asciiedoc_lib.xml"
Reading XML for "/home/pete/wefwefwef/docs/other/5628989185/repo/v0.1.4/.xml/asciiedoc/asciiedoc_lib.xml"
Reading XML for "/home/pete/wefwefwef/docs/other/5628989185/repo/v0.1.4/.xml/specs_asciiedoc_lib.xml"
Generating HTML - asciiedown_doclet "/home/pete/wefwefwef/docs/other/5628989185/repo/v0.1.4/.xml/asciiedoc/asciiedown_doclet.xml"
Reading XML for "/home/pete/wefwefwef/docs/other/5628989185/repo/v0.1.4/.xml/asciiedoc/asciiedown_doclet.xml"
Reading XML for "/home/pete/wefwefwef/docs/other/5628989185/repo/v0.1.4/.xml/specs_asciiedown_doclet.xml"
Generating HTML - asciiedoc_doclet "/home/pete/wefwefwef/docs/other/5628989185/repo/v0.1.4/.xml/asciiedoc/asciiedoc_doclet.xml"
Reading XML for "/home/pete/wefwefwef/docs/other/5628989185/repo/v0.1.4/.xml/asciiedoc/asciiedoc_doclet.xml"
Reading XML for "/home/pete/wefwefwef/docs/other/5628989185/repo/v0.1.4/.xml/specs_asciiedoc_doclet.xml"
Creating index.html ...
Creating erldocs_index.js ...
Woot, finished in 0 Minutes 0 Seconds
 :: Discovering other repos
$ 5000  `rm -r '/home/pete/wefwefwef/docs/other/5628989185/asciiedoc-tag-v0.1.4'  2>&1`
 :: Processing https://github.com/eryx67/asciiedoc	{rev,tag,"v0.1.5","b207ffac735868d74c7ede2adb9ae375f7402992",undefined,[],[]}
 :: Fetching repo code
$ cd "/home/pete/wefwefwef/docs/other/5628989185/asciiedoc-tag-v0.1.5/asciiedoc"
$ infinity  `curl --fail --silent --show-error --location --output 'v0.1.5.zip' 'https://github.com/eryx67/asciiedoc/archive/v0.1.5.zip'  2>&1`
$ cd "/home/pete/wefwefwef/docs/erldocs_other.git"
$ cd "/home/pete/wefwefwef/docs/other/5628989185/asciiedoc-tag-v0.1.5/asciiedoc"
$ 5000  `find -P . -type l -delete  2>&1`
$ cd "/home/pete/wefwefwef/docs/erldocs_other.git"
$ cd "/home/pete/wefwefwef/docs/other/5628989185/asciiedoc-tag-v0.1.5/asciiedoc"
$ 5000  `find 'asciiedoc-0.1.5' -mindepth 1 -maxdepth 1 -exec mv -t . -- {} +  2>&1`
$ cd "/home/pete/wefwefwef/docs/erldocs_other.git"
 :: Getting dependencies
$ cd "/home/pete/wefwefwef/docs/other/5628989185/asciiedoc-tag-v0.1.5/asciiedoc"
$ infinity  `rebar --config '/home/pete/wefwefwef/docs/other/5628989185/asciiedoc-tag-v0.1.5/rebar_deps' get-deps  2>&1`
$ cd "/home/pete/wefwefwef/docs/erldocs_other.git"
$ cd "/home/pete/wefwefwef/docs/other/5628989185/asciiedoc-tag-v0.1.5/asciiedoc"
$ 5000  `find -P . -type l -delete  2>&1`
$ cd "/home/pete/wefwefwef/docs/erldocs_other.git"
$ cd "/home/pete/wefwefwef/docs/other/5628989185/asciiedoc-tag-v0.1.5/asciiedoc"
$ 5000  `ls -1 deps/  2>&1`
$ cd "/home/pete/wefwefwef/docs/erldocs_other.git"
>>> [rebar] deps = ["edown","meck"]
 :: Generating erldocs into /home/pete/wefwefwef/docs/other/5628989185/repo/v0.1.5
Building asciiedoc
Generating Type Specs - "/home/pete/wefwefwef/docs/other/5628989185/asciiedoc-tag-v0.1.5/asciiedoc/src/asciiedoc_doclet.erl"
Generating Type Specs - "/home/pete/wefwefwef/docs/other/5628989185/asciiedoc-tag-v0.1.5/asciiedoc/src/asciiedoc_lib.erl"
Generating Type Specs - "/home/pete/wefwefwef/docs/other/5628989185/asciiedoc-tag-v0.1.5/asciiedoc/src/asciiedown_doclet.erl"
Generating XML for application asciiedoc "/home/pete/wefwefwef/docs/other/5628989185/asciiedoc-tag-v0.1.5/asciiedoc" -> "/home/pete/wefwefwef/docs/other/5628989185/repo/v0.1.5/.xml/asciiedoc"
Generated asciiedoc XMLs: ["/home/pete/wefwefwef/docs/other/5628989185/repo/v0.1.5/.xml/asciiedoc/asciiedoc_doclet.xml",
                           "/home/pete/wefwefwef/docs/other/5628989185/repo/v0.1.5/.xml/asciiedoc/asciiedown_doclet.xml",
                           "/home/pete/wefwefwef/docs/other/5628989185/repo/v0.1.5/.xml/asciiedoc/asciiedoc_lib.xml"]
Generating HTML - asciiedoc_lib "/home/pete/wefwefwef/docs/other/5628989185/repo/v0.1.5/.xml/asciiedoc/asciiedoc_lib.xml"
Reading XML for "/home/pete/wefwefwef/docs/other/5628989185/repo/v0.1.5/.xml/asciiedoc/asciiedoc_lib.xml"
Reading XML for "/home/pete/wefwefwef/docs/other/5628989185/repo/v0.1.5/.xml/specs_asciiedoc_lib.xml"
Generating HTML - asciiedown_doclet "/home/pete/wefwefwef/docs/other/5628989185/repo/v0.1.5/.xml/asciiedoc/asciiedown_doclet.xml"
Reading XML for "/home/pete/wefwefwef/docs/other/5628989185/repo/v0.1.5/.xml/asciiedoc/asciiedown_doclet.xml"
Reading XML for "/home/pete/wefwefwef/docs/other/5628989185/repo/v0.1.5/.xml/specs_asciiedown_doclet.xml"
Generating HTML - asciiedoc_doclet "/home/pete/wefwefwef/docs/other/5628989185/repo/v0.1.5/.xml/asciiedoc/asciiedoc_doclet.xml"
Reading XML for "/home/pete/wefwefwef/docs/other/5628989185/repo/v0.1.5/.xml/asciiedoc/asciiedoc_doclet.xml"
Reading XML for "/home/pete/wefwefwef/docs/other/5628989185/repo/v0.1.5/.xml/specs_asciiedoc_doclet.xml"
Creating index.html ...
Creating erldocs_index.js ...
Woot, finished in 0 Minutes 0 Seconds
 :: Discovering other repos
$ 5000  `rm -r '/home/pete/wefwefwef/docs/other/5628989185/asciiedoc-tag-v0.1.5'  2>&1`
 :: Processing https://github.com/eryx67/asciiedoc	{rev,tag,"v0.1.6","e9cbdf42bdddfeffff3ea8c15c438d56883992d2",undefined,[],[]}
 :: Fetching repo code
$ cd "/home/pete/wefwefwef/docs/other/5628989185/asciiedoc-tag-v0.1.6/asciiedoc"
$ infinity  `curl --fail --silent --show-error --location --output 'v0.1.6.zip' 'https://github.com/eryx67/asciiedoc/archive/v0.1.6.zip'  2>&1`
$ cd "/home/pete/wefwefwef/docs/erldocs_other.git"
$ cd "/home/pete/wefwefwef/docs/other/5628989185/asciiedoc-tag-v0.1.6/asciiedoc"
$ 5000  `find -P . -type l -delete  2>&1`
$ cd "/home/pete/wefwefwef/docs/erldocs_other.git"
$ cd "/home/pete/wefwefwef/docs/other/5628989185/asciiedoc-tag-v0.1.6/asciiedoc"
$ 5000  `find 'asciiedoc-0.1.6' -mindepth 1 -maxdepth 1 -exec mv -t . -- {} +  2>&1`
$ cd "/home/pete/wefwefwef/docs/erldocs_other.git"
 :: Getting dependencies
$ cd "/home/pete/wefwefwef/docs/other/5628989185/asciiedoc-tag-v0.1.6/asciiedoc"
$ infinity  `rebar --config '/home/pete/wefwefwef/docs/other/5628989185/asciiedoc-tag-v0.1.6/rebar_deps' get-deps  2>&1`
$ cd "/home/pete/wefwefwef/docs/erldocs_other.git"
$ cd "/home/pete/wefwefwef/docs/other/5628989185/asciiedoc-tag-v0.1.6/asciiedoc"
$ 5000  `find -P . -type l -delete  2>&1`
$ cd "/home/pete/wefwefwef/docs/erldocs_other.git"
$ cd "/home/pete/wefwefwef/docs/other/5628989185/asciiedoc-tag-v0.1.6/asciiedoc"
$ 5000  `ls -1 deps/  2>&1`
$ cd "/home/pete/wefwefwef/docs/erldocs_other.git"
>>> [rebar] deps = ["edown","meck"]
 :: Generating erldocs into /home/pete/wefwefwef/docs/other/5628989185/repo/v0.1.6
Building asciiedoc
Generating Type Specs - "/home/pete/wefwefwef/docs/other/5628989185/asciiedoc-tag-v0.1.6/asciiedoc/src/asciiedoc_doclet.erl"
Generating Type Specs - "/home/pete/wefwefwef/docs/other/5628989185/asciiedoc-tag-v0.1.6/asciiedoc/src/asciiedoc_lib.erl"
Generating Type Specs - "/home/pete/wefwefwef/docs/other/5628989185/asciiedoc-tag-v0.1.6/asciiedoc/src/asciiedown_doclet.erl"
Generating XML for application asciiedoc "/home/pete/wefwefwef/docs/other/5628989185/asciiedoc-tag-v0.1.6/asciiedoc" -> "/home/pete/wefwefwef/docs/other/5628989185/repo/v0.1.6/.xml/asciiedoc"
Generated asciiedoc XMLs: ["/home/pete/wefwefwef/docs/other/5628989185/repo/v0.1.6/.xml/asciiedoc/asciiedoc_doclet.xml",
                           "/home/pete/wefwefwef/docs/other/5628989185/repo/v0.1.6/.xml/asciiedoc/asciiedown_doclet.xml",
                           "/home/pete/wefwefwef/docs/other/5628989185/repo/v0.1.6/.xml/asciiedoc/asciiedoc_lib.xml"]
Generating HTML - asciiedoc_lib "/home/pete/wefwefwef/docs/other/5628989185/repo/v0.1.6/.xml/asciiedoc/asciiedoc_lib.xml"
Reading XML for "/home/pete/wefwefwef/docs/other/5628989185/repo/v0.1.6/.xml/asciiedoc/asciiedoc_lib.xml"
Reading XML for "/home/pete/wefwefwef/docs/other/5628989185/repo/v0.1.6/.xml/specs_asciiedoc_lib.xml"
Generating HTML - asciiedown_doclet "/home/pete/wefwefwef/docs/other/5628989185/repo/v0.1.6/.xml/asciiedoc/asciiedown_doclet.xml"
Reading XML for "/home/pete/wefwefwef/docs/other/5628989185/repo/v0.1.6/.xml/asciiedoc/asciiedown_doclet.xml"
Reading XML for "/home/pete/wefwefwef/docs/other/5628989185/repo/v0.1.6/.xml/specs_asciiedown_doclet.xml"
Generating HTML - asciiedoc_doclet "/home/pete/wefwefwef/docs/other/5628989185/repo/v0.1.6/.xml/asciiedoc/asciiedoc_doclet.xml"
Reading XML for "/home/pete/wefwefwef/docs/other/5628989185/repo/v0.1.6/.xml/asciiedoc/asciiedoc_doclet.xml"
Reading XML for "/home/pete/wefwefwef/docs/other/5628989185/repo/v0.1.6/.xml/specs_asciiedoc_doclet.xml"
Creating index.html ...
Creating erldocs_index.js ...
Woot, finished in 0 Minutes 0 Seconds
 :: Discovering other repos
$ 5000  `rm -r '/home/pete/wefwefwef/docs/other/5628989185/asciiedoc-tag-v0.1.6'  2>&1`
 :: Processing https://github.com/eryx67/asciiedoc	{rev,tag,"v0.2.0","1402dc36b4d5a0dae56ab019a7fde19906a19077",undefined,[],[]}
 :: Fetching repo code
$ cd "/home/pete/wefwefwef/docs/other/5628989185/asciiedoc-tag-v0.2.0/asciiedoc"
$ infinity  `curl --fail --silent --show-error --location --output 'v0.2.0.zip' 'https://github.com/eryx67/asciiedoc/archive/v0.2.0.zip'  2>&1`
$ cd "/home/pete/wefwefwef/docs/erldocs_other.git"
$ cd "/home/pete/wefwefwef/docs/other/5628989185/asciiedoc-tag-v0.2.0/asciiedoc"
$ 5000  `find -P . -type l -delete  2>&1`
$ cd "/home/pete/wefwefwef/docs/erldocs_other.git"
$ cd "/home/pete/wefwefwef/docs/other/5628989185/asciiedoc-tag-v0.2.0/asciiedoc"
$ 5000  `find 'asciiedoc-0.2.0' -mindepth 1 -maxdepth 1 -exec mv -t . -- {} +  2>&1`
$ cd "/home/pete/wefwefwef/docs/erldocs_other.git"
 :: Getting dependencies
$ cd "/home/pete/wefwefwef/docs/other/5628989185/asciiedoc-tag-v0.2.0/asciiedoc"
$ infinity  `rebar --config '/home/pete/wefwefwef/docs/other/5628989185/asciiedoc-tag-v0.2.0/rebar_deps' get-deps  2>&1`
$ cd "/home/pete/wefwefwef/docs/erldocs_other.git"
$ cd "/home/pete/wefwefwef/docs/other/5628989185/asciiedoc-tag-v0.2.0/asciiedoc"
$ 5000  `find -P . -type l -delete  2>&1`
$ cd "/home/pete/wefwefwef/docs/erldocs_other.git"
$ cd "/home/pete/wefwefwef/docs/other/5628989185/asciiedoc-tag-v0.2.0/asciiedoc"
$ 5000  `ls -1 deps/  2>&1`
$ cd "/home/pete/wefwefwef/docs/erldocs_other.git"
>>> [rebar] deps = ["edown","meck"]
 :: Generating erldocs into /home/pete/wefwefwef/docs/other/5628989185/repo/v0.2.0
Building asciiedoc
Generating Type Specs - "/home/pete/wefwefwef/docs/other/5628989185/asciiedoc-tag-v0.2.0/asciiedoc/src/asciiedoc_doclet.erl"
Generating Type Specs - "/home/pete/wefwefwef/docs/other/5628989185/asciiedoc-tag-v0.2.0/asciiedoc/src/asciiedoc_lib.erl"
Generating Type Specs - "/home/pete/wefwefwef/docs/other/5628989185/asciiedoc-tag-v0.2.0/asciiedoc/src/asciiedown_doclet.erl"
Generating XML for application asciiedoc "/home/pete/wefwefwef/docs/other/5628989185/asciiedoc-tag-v0.2.0/asciiedoc" -> "/home/pete/wefwefwef/docs/other/5628989185/repo/v0.2.0/.xml/asciiedoc"
Generated asciiedoc XMLs: ["/home/pete/wefwefwef/docs/other/5628989185/repo/v0.2.0/.xml/asciiedoc/asciiedoc_doclet.xml",
                           "/home/pete/wefwefwef/docs/other/5628989185/repo/v0.2.0/.xml/asciiedoc/asciiedown_doclet.xml",
                           "/home/pete/wefwefwef/docs/other/5628989185/repo/v0.2.0/.xml/asciiedoc/asciiedoc_lib.xml"]
Generating HTML - asciiedoc_lib "/home/pete/wefwefwef/docs/other/5628989185/repo/v0.2.0/.xml/asciiedoc/asciiedoc_lib.xml"
Reading XML for "/home/pete/wefwefwef/docs/other/5628989185/repo/v0.2.0/.xml/asciiedoc/asciiedoc_lib.xml"
Reading XML for "/home/pete/wefwefwef/docs/other/5628989185/repo/v0.2.0/.xml/specs_asciiedoc_lib.xml"
Generating HTML - asciiedown_doclet "/home/pete/wefwefwef/docs/other/5628989185/repo/v0.2.0/.xml/asciiedoc/asciiedown_doclet.xml"
Reading XML for "/home/pete/wefwefwef/docs/other/5628989185/repo/v0.2.0/.xml/asciiedoc/asciiedown_doclet.xml"
Reading XML for "/home/pete/wefwefwef/docs/other/5628989185/repo/v0.2.0/.xml/specs_asciiedown_doclet.xml"
Generating HTML - asciiedoc_doclet "/home/pete/wefwefwef/docs/other/5628989185/repo/v0.2.0/.xml/asciiedoc/asciiedoc_doclet.xml"
Reading XML for "/home/pete/wefwefwef/docs/other/5628989185/repo/v0.2.0/.xml/asciiedoc/asciiedoc_doclet.xml"
Reading XML for "/home/pete/wefwefwef/docs/other/5628989185/repo/v0.2.0/.xml/specs_asciiedoc_doclet.xml"
Creating index.html ...
Creating erldocs_index.js ...
Woot, finished in 0 Minutes 0 Seconds
 :: Discovering other repos
$ 5000  `rm -r '/home/pete/wefwefwef/docs/other/5628989185/asciiedoc-tag-v0.2.0'  2>&1`
 :: Processing https://github.com/eryx67/asciiedoc	{rev,tag,"v0.2.0-rc1","acdcd95f77fad48914d452b323006cd4b4c1c94c",undefined,[],[]}
 :: Fetching repo code
$ cd "/home/pete/wefwefwef/docs/other/5628989185/asciiedoc-tag-v0.2.0-rc1/asciiedoc"
$ infinity  `curl --fail --silent --show-error --location --output 'v0.2.0-rc1.zip' 'https://github.com/eryx67/asciiedoc/archive/v0.2.0-rc1.zip'  2>&1`
$ cd "/home/pete/wefwefwef/docs/erldocs_other.git"
$ cd "/home/pete/wefwefwef/docs/other/5628989185/asciiedoc-tag-v0.2.0-rc1/asciiedoc"
$ 5000  `find -P . -type l -delete  2>&1`
$ cd "/home/pete/wefwefwef/docs/erldocs_other.git"
$ cd "/home/pete/wefwefwef/docs/other/5628989185/asciiedoc-tag-v0.2.0-rc1/asciiedoc"
$ 5000  `find 'asciiedoc-0.2.0-rc1' -mindepth 1 -maxdepth 1 -exec mv -t . -- {} +  2>&1`
$ cd "/home/pete/wefwefwef/docs/erldocs_other.git"
 :: Getting dependencies
$ cd "/home/pete/wefwefwef/docs/other/5628989185/asciiedoc-tag-v0.2.0-rc1/asciiedoc"
$ infinity  `rebar --config '/home/pete/wefwefwef/docs/other/5628989185/asciiedoc-tag-v0.2.0-rc1/rebar_deps' get-deps  2>&1`
$ cd "/home/pete/wefwefwef/docs/erldocs_other.git"
$ cd "/home/pete/wefwefwef/docs/other/5628989185/asciiedoc-tag-v0.2.0-rc1/asciiedoc"
$ 5000  `find -P . -type l -delete  2>&1`
$ cd "/home/pete/wefwefwef/docs/erldocs_other.git"
$ cd "/home/pete/wefwefwef/docs/other/5628989185/asciiedoc-tag-v0.2.0-rc1/asciiedoc"
$ 5000  `ls -1 deps/  2>&1`
$ cd "/home/pete/wefwefwef/docs/erldocs_other.git"
>>> [rebar] deps = ["edown","meck"]
 :: Generating erldocs into /home/pete/wefwefwef/docs/other/5628989185/repo/v0.2.0-rc1
Building asciiedoc
Generating Type Specs - "/home/pete/wefwefwef/docs/other/5628989185/asciiedoc-tag-v0.2.0-rc1/asciiedoc/src/asciiedoc_doclet.erl"
Generating Type Specs - "/home/pete/wefwefwef/docs/other/5628989185/asciiedoc-tag-v0.2.0-rc1/asciiedoc/src/asciiedoc_lib.erl"
Generating Type Specs - "/home/pete/wefwefwef/docs/other/5628989185/asciiedoc-tag-v0.2.0-rc1/asciiedoc/src/asciiedown_doclet.erl"
Generating XML for application asciiedoc "/home/pete/wefwefwef/docs/other/5628989185/asciiedoc-tag-v0.2.0-rc1/asciiedoc" -> "/home/pete/wefwefwef/docs/other/5628989185/repo/v0.2.0-rc1/.xml/asciiedoc"
Generated asciiedoc XMLs: ["/home/pete/wefwefwef/docs/other/5628989185/repo/v0.2.0-rc1/.xml/asciiedoc/asciiedoc_doclet.xml",
                           "/home/pete/wefwefwef/docs/other/5628989185/repo/v0.2.0-rc1/.xml/asciiedoc/asciiedown_doclet.xml",
                           "/home/pete/wefwefwef/docs/other/5628989185/repo/v0.2.0-rc1/.xml/asciiedoc/asciiedoc_lib.xml"]
Generating HTML - asciiedoc_lib "/home/pete/wefwefwef/docs/other/5628989185/repo/v0.2.0-rc1/.xml/asciiedoc/asciiedoc_lib.xml"
Reading XML for "/home/pete/wefwefwef/docs/other/5628989185/repo/v0.2.0-rc1/.xml/asciiedoc/asciiedoc_lib.xml"
Reading XML for "/home/pete/wefwefwef/docs/other/5628989185/repo/v0.2.0-rc1/.xml/specs_asciiedoc_lib.xml"
Generating HTML - asciiedown_doclet "/home/pete/wefwefwef/docs/other/5628989185/repo/v0.2.0-rc1/.xml/asciiedoc/asciiedown_doclet.xml"
Reading XML for "/home/pete/wefwefwef/docs/other/5628989185/repo/v0.2.0-rc1/.xml/asciiedoc/asciiedown_doclet.xml"
Reading XML for "/home/pete/wefwefwef/docs/other/5628989185/repo/v0.2.0-rc1/.xml/specs_asciiedown_doclet.xml"
Generating HTML - asciiedoc_doclet "/home/pete/wefwefwef/docs/other/5628989185/repo/v0.2.0-rc1/.xml/asciiedoc/asciiedoc_doclet.xml"
Reading XML for "/home/pete/wefwefwef/docs/other/5628989185/repo/v0.2.0-rc1/.xml/asciiedoc/asciiedoc_doclet.xml"
Reading XML for "/home/pete/wefwefwef/docs/other/5628989185/repo/v0.2.0-rc1/.xml/specs_asciiedoc_doclet.xml"
Creating index.html ...
Creating erldocs_index.js ...
Woot, finished in 0 Minutes 0 Seconds
 :: Discovering other repos
$ 5000  `rm -r '/home/pete/wefwefwef/docs/other/5628989185/asciiedoc-tag-v0.2.0-rc1'  2>&1`
 :: Processing https://github.com/eryx67/asciiedoc	{rev,tag,"v0.2.0-rc2","3dd6ed49fd295a9f92d08090d7bc9266c74e1041",undefined,[],[]}
 :: Fetching repo code
$ cd "/home/pete/wefwefwef/docs/other/5628989185/asciiedoc-tag-v0.2.0-rc2/asciiedoc"
$ infinity  `curl --fail --silent --show-error --location --output 'v0.2.0-rc2.zip' 'https://github.com/eryx67/asciiedoc/archive/v0.2.0-rc2.zip'  2>&1`
$ cd "/home/pete/wefwefwef/docs/erldocs_other.git"
$ cd "/home/pete/wefwefwef/docs/other/5628989185/asciiedoc-tag-v0.2.0-rc2/asciiedoc"
$ 5000  `find -P . -type l -delete  2>&1`
$ cd "/home/pete/wefwefwef/docs/erldocs_other.git"
$ cd "/home/pete/wefwefwef/docs/other/5628989185/asciiedoc-tag-v0.2.0-rc2/asciiedoc"
$ 5000  `find 'asciiedoc-0.2.0-rc2' -mindepth 1 -maxdepth 1 -exec mv -t . -- {} +  2>&1`
$ cd "/home/pete/wefwefwef/docs/erldocs_other.git"
 :: Getting dependencies
$ cd "/home/pete/wefwefwef/docs/other/5628989185/asciiedoc-tag-v0.2.0-rc2/asciiedoc"
$ infinity  `rebar --config '/home/pete/wefwefwef/docs/other/5628989185/asciiedoc-tag-v0.2.0-rc2/rebar_deps' get-deps  2>&1`
$ cd "/home/pete/wefwefwef/docs/erldocs_other.git"
$ cd "/home/pete/wefwefwef/docs/other/5628989185/asciiedoc-tag-v0.2.0-rc2/asciiedoc"
$ 5000  `find -P . -type l -delete  2>&1`
$ cd "/home/pete/wefwefwef/docs/erldocs_other.git"
$ cd "/home/pete/wefwefwef/docs/other/5628989185/asciiedoc-tag-v0.2.0-rc2/asciiedoc"
$ 5000  `ls -1 deps/  2>&1`
$ cd "/home/pete/wefwefwef/docs/erldocs_other.git"
>>> [rebar] deps = ["edown","meck"]
 :: Generating erldocs into /home/pete/wefwefwef/docs/other/5628989185/repo/v0.2.0-rc2
Building asciiedoc
Generating Type Specs - "/home/pete/wefwefwef/docs/other/5628989185/asciiedoc-tag-v0.2.0-rc2/asciiedoc/src/asciiedoc_doclet.erl"
Generating Type Specs - "/home/pete/wefwefwef/docs/other/5628989185/asciiedoc-tag-v0.2.0-rc2/asciiedoc/src/asciiedoc_lib.erl"
Generating Type Specs - "/home/pete/wefwefwef/docs/other/5628989185/asciiedoc-tag-v0.2.0-rc2/asciiedoc/src/asciiedown_doclet.erl"
Generating XML for application asciiedoc "/home/pete/wefwefwef/docs/other/5628989185/asciiedoc-tag-v0.2.0-rc2/asciiedoc" -> "/home/pete/wefwefwef/docs/other/5628989185/repo/v0.2.0-rc2/.xml/asciiedoc"
Generated asciiedoc XMLs: ["/home/pete/wefwefwef/docs/other/5628989185/repo/v0.2.0-rc2/.xml/asciiedoc/asciiedoc_doclet.xml",
                           "/home/pete/wefwefwef/docs/other/5628989185/repo/v0.2.0-rc2/.xml/asciiedoc/asciiedown_doclet.xml",
                           "/home/pete/wefwefwef/docs/other/5628989185/repo/v0.2.0-rc2/.xml/asciiedoc/asciiedoc_lib.xml"]
Generating HTML - asciiedoc_lib "/home/pete/wefwefwef/docs/other/5628989185/repo/v0.2.0-rc2/.xml/asciiedoc/asciiedoc_lib.xml"
Reading XML for "/home/pete/wefwefwef/docs/other/5628989185/repo/v0.2.0-rc2/.xml/asciiedoc/asciiedoc_lib.xml"
Reading XML for "/home/pete/wefwefwef/docs/other/5628989185/repo/v0.2.0-rc2/.xml/specs_asciiedoc_lib.xml"
Generating HTML - asciiedown_doclet "/home/pete/wefwefwef/docs/other/5628989185/repo/v0.2.0-rc2/.xml/asciiedoc/asciiedown_doclet.xml"
Reading XML for "/home/pete/wefwefwef/docs/other/5628989185/repo/v0.2.0-rc2/.xml/asciiedoc/asciiedown_doclet.xml"
Reading XML for "/home/pete/wefwefwef/docs/other/5628989185/repo/v0.2.0-rc2/.xml/specs_asciiedown_doclet.xml"
Generating HTML - asciiedoc_doclet "/home/pete/wefwefwef/docs/other/5628989185/repo/v0.2.0-rc2/.xml/asciiedoc/asciiedoc_doclet.xml"
Reading XML for "/home/pete/wefwefwef/docs/other/5628989185/repo/v0.2.0-rc2/.xml/asciiedoc/asciiedoc_doclet.xml"
Reading XML for "/home/pete/wefwefwef/docs/other/5628989185/repo/v0.2.0-rc2/.xml/specs_asciiedoc_doclet.xml"
Creating index.html ...
Creating erldocs_index.js ...
Woot, finished in 0 Minutes 0 Seconds
 :: Discovering other repos
$ 5000  `rm -r '/home/pete/wefwefwef/docs/other/5628989185/asciiedoc-tag-v0.2.0-rc2'  2>&1`
 :: Processing https://github.com/eryx67/asciiedoc	{rev,tag,"v0.2.0-rc3","1402dc36b4d5a0dae56ab019a7fde19906a19077",undefined,[],[]}
 :: Fetching repo code
$ cd "/home/pete/wefwefwef/docs/other/5628989185/asciiedoc-tag-v0.2.0-rc3/asciiedoc"
$ infinity  `curl --fail --silent --show-error --location --output 'v0.2.0-rc3.zip' 'https://github.com/eryx67/asciiedoc/archive/v0.2.0-rc3.zip'  2>&1`
$ cd "/home/pete/wefwefwef/docs/erldocs_other.git"
$ cd "/home/pete/wefwefwef/docs/other/5628989185/asciiedoc-tag-v0.2.0-rc3/asciiedoc"
$ 5000  `find -P . -type l -delete  2>&1`
$ cd "/home/pete/wefwefwef/docs/erldocs_other.git"
$ cd "/home/pete/wefwefwef/docs/other/5628989185/asciiedoc-tag-v0.2.0-rc3/asciiedoc"
$ 5000  `find 'asciiedoc-0.2.0-rc3' -mindepth 1 -maxdepth 1 -exec mv -t . -- {} +  2>&1`
$ cd "/home/pete/wefwefwef/docs/erldocs_other.git"
 :: Getting dependencies
$ cd "/home/pete/wefwefwef/docs/other/5628989185/asciiedoc-tag-v0.2.0-rc3/asciiedoc"
$ infinity  `rebar --config '/home/pete/wefwefwef/docs/other/5628989185/asciiedoc-tag-v0.2.0-rc3/rebar_deps' get-deps  2>&1`
$ cd "/home/pete/wefwefwef/docs/erldocs_other.git"
$ cd "/home/pete/wefwefwef/docs/other/5628989185/asciiedoc-tag-v0.2.0-rc3/asciiedoc"
$ 5000  `find -P . -type l -delete  2>&1`
$ cd "/home/pete/wefwefwef/docs/erldocs_other.git"
$ cd "/home/pete/wefwefwef/docs/other/5628989185/asciiedoc-tag-v0.2.0-rc3/asciiedoc"
$ 5000  `ls -1 deps/  2>&1`
$ cd "/home/pete/wefwefwef/docs/erldocs_other.git"
>>> [rebar] deps = ["edown","meck"]
 :: Generating erldocs into /home/pete/wefwefwef/docs/other/5628989185/repo/v0.2.0-rc3
Building asciiedoc
Generating Type Specs - "/home/pete/wefwefwef/docs/other/5628989185/asciiedoc-tag-v0.2.0-rc3/asciiedoc/src/asciiedoc_doclet.erl"
Generating Type Specs - "/home/pete/wefwefwef/docs/other/5628989185/asciiedoc-tag-v0.2.0-rc3/asciiedoc/src/asciiedoc_lib.erl"
Generating Type Specs - "/home/pete/wefwefwef/docs/other/5628989185/asciiedoc-tag-v0.2.0-rc3/asciiedoc/src/asciiedown_doclet.erl"
Generating XML for application asciiedoc "/home/pete/wefwefwef/docs/other/5628989185/asciiedoc-tag-v0.2.0-rc3/asciiedoc" -> "/home/pete/wefwefwef/docs/other/5628989185/repo/v0.2.0-rc3/.xml/asciiedoc"
Generated asciiedoc XMLs: ["/home/pete/wefwefwef/docs/other/5628989185/repo/v0.2.0-rc3/.xml/asciiedoc/asciiedoc_doclet.xml",
                           "/home/pete/wefwefwef/docs/other/5628989185/repo/v0.2.0-rc3/.xml/asciiedoc/asciiedown_doclet.xml",
                           "/home/pete/wefwefwef/docs/other/5628989185/repo/v0.2.0-rc3/.xml/asciiedoc/asciiedoc_lib.xml"]
Generating HTML - asciiedoc_lib "/home/pete/wefwefwef/docs/other/5628989185/repo/v0.2.0-rc3/.xml/asciiedoc/asciiedoc_lib.xml"
Reading XML for "/home/pete/wefwefwef/docs/other/5628989185/repo/v0.2.0-rc3/.xml/asciiedoc/asciiedoc_lib.xml"
Reading XML for "/home/pete/wefwefwef/docs/other/5628989185/repo/v0.2.0-rc3/.xml/specs_asciiedoc_lib.xml"
Generating HTML - asciiedown_doclet "/home/pete/wefwefwef/docs/other/5628989185/repo/v0.2.0-rc3/.xml/asciiedoc/asciiedown_doclet.xml"
Reading XML for "/home/pete/wefwefwef/docs/other/5628989185/repo/v0.2.0-rc3/.xml/asciiedoc/asciiedown_doclet.xml"
Reading XML for "/home/pete/wefwefwef/docs/other/5628989185/repo/v0.2.0-rc3/.xml/specs_asciiedown_doclet.xml"
Generating HTML - asciiedoc_doclet "/home/pete/wefwefwef/docs/other/5628989185/repo/v0.2.0-rc3/.xml/asciiedoc/asciiedoc_doclet.xml"
Reading XML for "/home/pete/wefwefwef/docs/other/5628989185/repo/v0.2.0-rc3/.xml/asciiedoc/asciiedoc_doclet.xml"
Reading XML for "/home/pete/wefwefwef/docs/other/5628989185/repo/v0.2.0-rc3/.xml/specs_asciiedoc_doclet.xml"
Creating index.html ...
Creating erldocs_index.js ...
Woot, finished in 0 Minutes 0 Seconds
 :: Discovering other repos
$ 5000  `rm -r '/home/pete/wefwefwef/docs/other/5628989185/asciiedoc-tag-v0.2.0-rc3'  2>&1`
 :: Processing https://github.com/eryx67/asciiedoc	{rev,branch,"dev","1402dc36b4d5a0dae56ab019a7fde19906a19077",undefined,[],[]}
 :: Fetching repo code
$ cd "/home/pete/wefwefwef/docs/other/5628989185/asciiedoc-branch-dev/asciiedoc"
$ infinity  `curl --fail --silent --show-error --location --output 'dev.zip' 'https://github.com/eryx67/asciiedoc/archive/dev.zip'  2>&1`
$ cd "/home/pete/wefwefwef/docs/erldocs_other.git"
$ cd "/home/pete/wefwefwef/docs/other/5628989185/asciiedoc-branch-dev/asciiedoc"
$ 5000  `find -P . -type l -delete  2>&1`
$ cd "/home/pete/wefwefwef/docs/erldocs_other.git"
$ cd "/home/pete/wefwefwef/docs/other/5628989185/asciiedoc-branch-dev/asciiedoc"
$ 5000  `find 'asciiedoc-dev' -mindepth 1 -maxdepth 1 -exec mv -t . -- {} +  2>&1`
$ cd "/home/pete/wefwefwef/docs/erldocs_other.git"
 :: Getting dependencies
$ cd "/home/pete/wefwefwef/docs/other/5628989185/asciiedoc-branch-dev/asciiedoc"
$ infinity  `rebar --config '/home/pete/wefwefwef/docs/other/5628989185/asciiedoc-branch-dev/rebar_deps' get-deps  2>&1`
$ cd "/home/pete/wefwefwef/docs/erldocs_other.git"
$ cd "/home/pete/wefwefwef/docs/other/5628989185/asciiedoc-branch-dev/asciiedoc"
$ 5000  `find -P . -type l -delete  2>&1`
$ cd "/home/pete/wefwefwef/docs/erldocs_other.git"
$ cd "/home/pete/wefwefwef/docs/other/5628989185/asciiedoc-branch-dev/asciiedoc"
$ 5000  `ls -1 deps/  2>&1`
$ cd "/home/pete/wefwefwef/docs/erldocs_other.git"
>>> [rebar] deps = ["edown","meck"]
 :: Generating erldocs into /home/pete/wefwefwef/docs/other/5628989185/repo/dev
Building asciiedoc
Generating Type Specs - "/home/pete/wefwefwef/docs/other/5628989185/asciiedoc-branch-dev/asciiedoc/src/asciiedoc_doclet.erl"
Generating Type Specs - "/home/pete/wefwefwef/docs/other/5628989185/asciiedoc-branch-dev/asciiedoc/src/asciiedoc_lib.erl"
Generating Type Specs - "/home/pete/wefwefwef/docs/other/5628989185/asciiedoc-branch-dev/asciiedoc/src/asciiedown_doclet.erl"
Generating XML for application asciiedoc "/home/pete/wefwefwef/docs/other/5628989185/asciiedoc-branch-dev/asciiedoc" -> "/home/pete/wefwefwef/docs/other/5628989185/repo/dev/.xml/asciiedoc"
Generated asciiedoc XMLs: ["/home/pete/wefwefwef/docs/other/5628989185/repo/dev/.xml/asciiedoc/asciiedoc_doclet.xml",
                           "/home/pete/wefwefwef/docs/other/5628989185/repo/dev/.xml/asciiedoc/asciiedown_doclet.xml",
                           "/home/pete/wefwefwef/docs/other/5628989185/repo/dev/.xml/asciiedoc/asciiedoc_lib.xml"]
Generating HTML - asciiedoc_lib "/home/pete/wefwefwef/docs/other/5628989185/repo/dev/.xml/asciiedoc/asciiedoc_lib.xml"
Reading XML for "/home/pete/wefwefwef/docs/other/5628989185/repo/dev/.xml/asciiedoc/asciiedoc_lib.xml"
Reading XML for "/home/pete/wefwefwef/docs/other/5628989185/repo/dev/.xml/specs_asciiedoc_lib.xml"
Generating HTML - asciiedown_doclet "/home/pete/wefwefwef/docs/other/5628989185/repo/dev/.xml/asciiedoc/asciiedown_doclet.xml"
Reading XML for "/home/pete/wefwefwef/docs/other/5628989185/repo/dev/.xml/asciiedoc/asciiedown_doclet.xml"
Reading XML for "/home/pete/wefwefwef/docs/other/5628989185/repo/dev/.xml/specs_asciiedown_doclet.xml"
Generating HTML - asciiedoc_doclet "/home/pete/wefwefwef/docs/other/5628989185/repo/dev/.xml/asciiedoc/asciiedoc_doclet.xml"
Reading XML for "/home/pete/wefwefwef/docs/other/5628989185/repo/dev/.xml/asciiedoc/asciiedoc_doclet.xml"
Reading XML for "/home/pete/wefwefwef/docs/other/5628989185/repo/dev/.xml/specs_asciiedoc_doclet.xml"
Creating index.html ...
Creating erldocs_index.js ...
Woot, finished in 0 Minutes 0 Seconds
 :: Discovering other repos
$ 5000  `rm -r '/home/pete/wefwefwef/docs/other/5628989185/asciiedoc-branch-dev'  2>&1`
 :: Processing https://github.com/eryx67/asciiedoc	{rev,branch,"master","9ede81b69d25ceef213e14f750382e2984077c83",undefined,[],[]}
 :: Fetching repo code
$ cd "/home/pete/wefwefwef/docs/other/5628989185/asciiedoc-branch-master/asciiedoc"
$ infinity  `curl --fail --silent --show-error --location --output 'master.zip' 'https://github.com/eryx67/asciiedoc/archive/master.zip'  2>&1`
$ cd "/home/pete/wefwefwef/docs/erldocs_other.git"
$ cd "/home/pete/wefwefwef/docs/other/5628989185/asciiedoc-branch-master/asciiedoc"
$ 5000  `find -P . -type l -delete  2>&1`
$ cd "/home/pete/wefwefwef/docs/erldocs_other.git"
$ cd "/home/pete/wefwefwef/docs/other/5628989185/asciiedoc-branch-master/asciiedoc"
$ 5000  `find 'asciiedoc-master' -mindepth 1 -maxdepth 1 -exec mv -t . -- {} +  2>&1`
$ cd "/home/pete/wefwefwef/docs/erldocs_other.git"
 :: Getting dependencies
$ cd "/home/pete/wefwefwef/docs/other/5628989185/asciiedoc-branch-master/asciiedoc"
$ infinity  `rebar --config '/home/pete/wefwefwef/docs/other/5628989185/asciiedoc-branch-master/rebar_deps' get-deps  2>&1`
$ cd "/home/pete/wefwefwef/docs/erldocs_other.git"
$ cd "/home/pete/wefwefwef/docs/other/5628989185/asciiedoc-branch-master/asciiedoc"
$ 5000  `find -P . -type l -delete  2>&1`
$ cd "/home/pete/wefwefwef/docs/erldocs_other.git"
$ cd "/home/pete/wefwefwef/docs/other/5628989185/asciiedoc-branch-master/asciiedoc"
$ 5000  `ls -1 deps/  2>&1`
$ cd "/home/pete/wefwefwef/docs/erldocs_other.git"
>>> [rebar] deps = ["edown","meck"]
 :: Generating erldocs into /home/pete/wefwefwef/docs/other/5628989185/repo/master
Building asciiedoc
Generating Type Specs - "/home/pete/wefwefwef/docs/other/5628989185/asciiedoc-branch-master/asciiedoc/src/asciiedoc_doclet.erl"
Generating Type Specs - "/home/pete/wefwefwef/docs/other/5628989185/asciiedoc-branch-master/asciiedoc/src/asciiedoc_lib.erl"
Generating Type Specs - "/home/pete/wefwefwef/docs/other/5628989185/asciiedoc-branch-master/asciiedoc/src/asciiedown_doclet.erl"
Generating XML for application asciiedoc "/home/pete/wefwefwef/docs/other/5628989185/asciiedoc-branch-master/asciiedoc" -> "/home/pete/wefwefwef/docs/other/5628989185/repo/master/.xml/asciiedoc"
Generated asciiedoc XMLs: ["/home/pete/wefwefwef/docs/other/5628989185/repo/master/.xml/asciiedoc/asciiedoc_doclet.xml",
                           "/home/pete/wefwefwef/docs/other/5628989185/repo/master/.xml/asciiedoc/asciiedown_doclet.xml",
                           "/home/pete/wefwefwef/docs/other/5628989185/repo/master/.xml/asciiedoc/asciiedoc_lib.xml"]
Generating HTML - asciiedoc_lib "/home/pete/wefwefwef/docs/other/5628989185/repo/master/.xml/asciiedoc/asciiedoc_lib.xml"
Reading XML for "/home/pete/wefwefwef/docs/other/5628989185/repo/master/.xml/asciiedoc/asciiedoc_lib.xml"
Reading XML for "/home/pete/wefwefwef/docs/other/5628989185/repo/master/.xml/specs_asciiedoc_lib.xml"
Generating HTML - asciiedown_doclet "/home/pete/wefwefwef/docs/other/5628989185/repo/master/.xml/asciiedoc/asciiedown_doclet.xml"
Reading XML for "/home/pete/wefwefwef/docs/other/5628989185/repo/master/.xml/asciiedoc/asciiedown_doclet.xml"
Reading XML for "/home/pete/wefwefwef/docs/other/5628989185/repo/master/.xml/specs_asciiedown_doclet.xml"
Generating HTML - asciiedoc_doclet "/home/pete/wefwefwef/docs/other/5628989185/repo/master/.xml/asciiedoc/asciiedoc_doclet.xml"
Reading XML for "/home/pete/wefwefwef/docs/other/5628989185/repo/master/.xml/asciiedoc/asciiedoc_doclet.xml"
Reading XML for "/home/pete/wefwefwef/docs/other/5628989185/repo/master/.xml/specs_asciiedoc_doclet.xml"
Creating index.html ...
Creating erldocs_index.js ...
Woot, finished in 0 Minutes 0 Seconds
 :: Discovering other repos
$ 5000  `rm -r '/home/pete/wefwefwef/docs/other/5628989185/asciiedoc-branch-master'  2>&1`
 :: Finishing up
$ 5000  `rm -r '/home/pete/wefwefwef/docs/other/5628989185/asciiedoc'  2>&1`
