 :: Extracting meta information
$ infinity  `git ls-remote --heads --tags 'https://github.com/jeanhany/projectsr'  2>&1`
>>> [repo] 2 branches, 0 tags
 :: Writing meta to "/home/pete/wefwefwef/docs/other/32c295baff2cdae266de5b5ae684d5f2/meta.txt"
 :: Processing https://github.com/jeanhany/projectsr	{rev,branch,"next","acdd61e4e62d8df04a099f82d6610eea4ec336dc",undefined,[],[]}
 :: Fetching repo code
$ cd '/home/pete/wefwefwef/docs/other/32c295baff2cdae266de5b5ae684d5f2/projectsr-branch-next'
$ infinity  `curl --fail --silent --show-error --location --output repo.zip 'https://github.com/jeanhany/projectsr/archive/next.zip'  2>&1`
$ cd '/home/pete/wefwefwef/docs/erldocs_other.git'
$ cd '/home/pete/wefwefwef/docs/other/32c295baff2cdae266de5b5ae684d5f2/projectsr-branch-next/ProjectSR-next'
$ 5000  `find -P . -type l -delete  2>&1`
$ cd '/home/pete/wefwefwef/docs/erldocs_other.git'
$ 5000  `mv '/home/pete/wefwefwef/docs/other/32c295baff2cdae266de5b5ae684d5f2/projectsr-branch-next/ProjectSR-next' '/home/pete/wefwefwef/docs/other/32c295baff2cdae266de5b5ae684d5f2/projectsr-branch-next/projectsr'  2>&1`
 :: Getting dependencies
$ cd '/home/pete/wefwefwef/docs/other/32c295baff2cdae266de5b5ae684d5f2/projectsr-branch-next/projectsr'
$ 5000  `ls -1 deps/  2>&1`
$ cd '/home/pete/wefwefwef/docs/erldocs_other.git'
>>> [rebar] deps = []
 :: Generating erldocs into /home/pete/wefwefwef/docs/other/32c295baff2cdae266de5b5ae684d5f2/repo/next
Building projectsr
Generating Type Specs - "/home/pete/wefwefwef/docs/other/32c295baff2cdae266de5b5ae684d5f2/projectsr-branch-next/projectsr/src/serverE.erl"
Generating Type Specs - "/home/pete/wefwefwef/docs/other/32c295baff2cdae266de5b5ae684d5f2/projectsr-branch-next/projectsr/src/serverErlang.erl"
Generating Type Specs - "/home/pete/wefwefwef/docs/other/32c295baff2cdae266de5b5ae684d5f2/projectsr-branch-next/projectsr/src/serverErlang_app.erl"
Generating Type Specs - "/home/pete/wefwefwef/docs/other/32c295baff2cdae266de5b5ae684d5f2/projectsr-branch-next/projectsr/src/serverErlang_sup.erl"
Generating XML for application projectsr "/home/pete/wefwefwef/docs/other/32c295baff2cdae266de5b5ae684d5f2/projectsr-branch-next/projectsr" -> "/home/pete/wefwefwef/docs/other/32c295baff2cdae266de5b5ae684d5f2/repo/next/.xml/projectsr"
Generated projectsr XMLs: ["/home/pete/wefwefwef/docs/other/32c295baff2cdae266de5b5ae684d5f2/repo/next/.xml/projectsr/serverErlang.xml",
                           "/home/pete/wefwefwef/docs/other/32c295baff2cdae266de5b5ae684d5f2/repo/next/.xml/projectsr/serverE.xml",
                           "/home/pete/wefwefwef/docs/other/32c295baff2cdae266de5b5ae684d5f2/repo/next/.xml/projectsr/serverErlang_app.xml",
                           "/home/pete/wefwefwef/docs/other/32c295baff2cdae266de5b5ae684d5f2/repo/next/.xml/projectsr/serverErlang_sup.xml"]
Generating HTML - serverErlang "/home/pete/wefwefwef/docs/other/32c295baff2cdae266de5b5ae684d5f2/repo/next/.xml/projectsr/serverErlang.xml"
Generating HTML - serverE "/home/pete/wefwefwef/docs/other/32c295baff2cdae266de5b5ae684d5f2/repo/next/.xml/projectsr/serverE.xml"
Generating HTML - serverErlang_app "/home/pete/wefwefwef/docs/other/32c295baff2cdae266de5b5ae684d5f2/repo/next/.xml/projectsr/serverErlang_app.xml"
Generating HTML - serverErlang_sup "/home/pete/wefwefwef/docs/other/32c295baff2cdae266de5b5ae684d5f2/repo/next/.xml/projectsr/serverErlang_sup.xml"
Reading XML for "/home/pete/wefwefwef/docs/other/32c295baff2cdae266de5b5ae684d5f2/repo/next/.xml/projectsr/serverErlang.xml"
Reading XML for "/home/pete/wefwefwef/docs/other/32c295baff2cdae266de5b5ae684d5f2/repo/next/.xml/projectsr/serverE.xml"
Reading XML for "/home/pete/wefwefwef/docs/other/32c295baff2cdae266de5b5ae684d5f2/repo/next/.xml/projectsr/serverErlang_app.xml"
Reading XML for "/home/pete/wefwefwef/docs/other/32c295baff2cdae266de5b5ae684d5f2/repo/next/.xml/projectsr/serverErlang_sup.xml"
Reading XML for "/home/pete/wefwefwef/docs/other/32c295baff2cdae266de5b5ae684d5f2/repo/next/.xml/specs_serverErlang.xml"
Reading XML for "/home/pete/wefwefwef/docs/other/32c295baff2cdae266de5b5ae684d5f2/repo/next/.xml/specs_serverE.xml"
Reading XML for "/home/pete/wefwefwef/docs/other/32c295baff2cdae266de5b5ae684d5f2/repo/next/.xml/specs_serverErlang_app.xml"
Reading XML for "/home/pete/wefwefwef/docs/other/32c295baff2cdae266de5b5ae684d5f2/repo/next/.xml/specs_serverErlang_sup.xml"
Creating index.html ...
Creating erldocs_index.js ...
Woot, finished in 0 Minutes 0 Seconds
 :: Discovering other repos
$ 5000  `rm -r '/home/pete/wefwefwef/docs/other/32c295baff2cdae266de5b5ae684d5f2/projectsr-branch-next'  2>&1`
 :: Processing https://github.com/jeanhany/projectsr	{rev,branch,"master","abba27979d2bc0d15a7b22d93d6e3ff1fa065159",undefined,[],[]}
 :: Fetching repo code
$ cd '/home/pete/wefwefwef/docs/other/32c295baff2cdae266de5b5ae684d5f2/projectsr-branch-master'
$ infinity  `curl --fail --silent --show-error --location --output repo.zip 'https://github.com/jeanhany/projectsr/archive/master.zip'  2>&1`
$ cd '/home/pete/wefwefwef/docs/erldocs_other.git'
$ cd '/home/pete/wefwefwef/docs/other/32c295baff2cdae266de5b5ae684d5f2/projectsr-branch-master/ProjectSR-master'
$ 5000  `find -P . -type l -delete  2>&1`
$ cd '/home/pete/wefwefwef/docs/erldocs_other.git'
$ 5000  `mv '/home/pete/wefwefwef/docs/other/32c295baff2cdae266de5b5ae684d5f2/projectsr-branch-master/ProjectSR-master' '/home/pete/wefwefwef/docs/other/32c295baff2cdae266de5b5ae684d5f2/projectsr-branch-master/projectsr'  2>&1`
 :: Getting dependencies
$ cd '/home/pete/wefwefwef/docs/other/32c295baff2cdae266de5b5ae684d5f2/projectsr-branch-master/projectsr'
$ 5000  `ls -1 deps/  2>&1`
$ cd '/home/pete/wefwefwef/docs/erldocs_other.git'
>>> [rebar] deps = []
 :: Generating erldocs into /home/pete/wefwefwef/docs/other/32c295baff2cdae266de5b5ae684d5f2/repo/master
Building projectsr
Generating Type Specs - "/home/pete/wefwefwef/docs/other/32c295baff2cdae266de5b5ae684d5f2/projectsr-branch-master/projectsr/src/gen_server_cluster.erl"
Generating Type Specs - "/home/pete/wefwefwef/docs/other/32c295baff2cdae266de5b5ae684d5f2/projectsr-branch-master/projectsr/src/serverE.erl"
Generating Type Specs - "/home/pete/wefwefwef/docs/other/32c295baff2cdae266de5b5ae684d5f2/projectsr-branch-master/projectsr/src/serverErlang.erl"
Generating Type Specs - "/home/pete/wefwefwef/docs/other/32c295baff2cdae266de5b5ae684d5f2/projectsr-branch-master/projectsr/src/serverErlang_app.erl"
Generating Type Specs - "/home/pete/wefwefwef/docs/other/32c295baff2cdae266de5b5ae684d5f2/projectsr-branch-master/projectsr/src/serverErlang_sup.erl"
Generating XML for application projectsr "/home/pete/wefwefwef/docs/other/32c295baff2cdae266de5b5ae684d5f2/projectsr-branch-master/projectsr" -> "/home/pete/wefwefwef/docs/other/32c295baff2cdae266de5b5ae684d5f2/repo/master/.xml/projectsr"
Generated projectsr XMLs: ["/home/pete/wefwefwef/docs/other/32c295baff2cdae266de5b5ae684d5f2/repo/master/.xml/projectsr/gen_server_cluster.xml",
                           "/home/pete/wefwefwef/docs/other/32c295baff2cdae266de5b5ae684d5f2/repo/master/.xml/projectsr/serverErlang.xml",
                           "/home/pete/wefwefwef/docs/other/32c295baff2cdae266de5b5ae684d5f2/repo/master/.xml/projectsr/serverE.xml",
                           "/home/pete/wefwefwef/docs/other/32c295baff2cdae266de5b5ae684d5f2/repo/master/.xml/projectsr/serverErlang_app.xml",
                           "/home/pete/wefwefwef/docs/other/32c295baff2cdae266de5b5ae684d5f2/repo/master/.xml/projectsr/serverErlang_sup.xml"]
Generating HTML - gen_server_cluster "/home/pete/wefwefwef/docs/other/32c295baff2cdae266de5b5ae684d5f2/repo/master/.xml/projectsr/gen_server_cluster.xml"
Generating HTML - serverErlang "/home/pete/wefwefwef/docs/other/32c295baff2cdae266de5b5ae684d5f2/repo/master/.xml/projectsr/serverErlang.xml"
Generating HTML - serverE "/home/pete/wefwefwef/docs/other/32c295baff2cdae266de5b5ae684d5f2/repo/master/.xml/projectsr/serverE.xml"
Generating HTML - serverErlang_sup "/home/pete/wefwefwef/docs/other/32c295baff2cdae266de5b5ae684d5f2/repo/master/.xml/projectsr/serverErlang_sup.xml"
Reading XML for "/home/pete/wefwefwef/docs/other/32c295baff2cdae266de5b5ae684d5f2/repo/master/.xml/projectsr/gen_server_cluster.xml"
Reading XML for "/home/pete/wefwefwef/docs/other/32c295baff2cdae266de5b5ae684d5f2/repo/master/.xml/projectsr/serverErlang.xml"
Reading XML for "/home/pete/wefwefwef/docs/other/32c295baff2cdae266de5b5ae684d5f2/repo/master/.xml/projectsr/serverE.xml"
Reading XML for "/home/pete/wefwefwef/docs/other/32c295baff2cdae266de5b5ae684d5f2/repo/master/.xml/projectsr/serverErlang_sup.xml"
Reading XML for "/home/pete/wefwefwef/docs/other/32c295baff2cdae266de5b5ae684d5f2/repo/master/.xml/specs_serverErlang.xml"
Reading XML for "/home/pete/wefwefwef/docs/other/32c295baff2cdae266de5b5ae684d5f2/repo/master/.xml/specs_gen_server_cluster.xml"
Reading XML for "/home/pete/wefwefwef/docs/other/32c295baff2cdae266de5b5ae684d5f2/repo/master/.xml/specs_serverErlang_sup.xml"
Reading XML for "/home/pete/wefwefwef/docs/other/32c295baff2cdae266de5b5ae684d5f2/repo/master/.xml/specs_serverE.xml"
Generating HTML - serverErlang_app "/home/pete/wefwefwef/docs/other/32c295baff2cdae266de5b5ae684d5f2/repo/master/.xml/projectsr/serverErlang_app.xml"
Reading XML for "/home/pete/wefwefwef/docs/other/32c295baff2cdae266de5b5ae684d5f2/repo/master/.xml/projectsr/serverErlang_app.xml"
Reading XML for "/home/pete/wefwefwef/docs/other/32c295baff2cdae266de5b5ae684d5f2/repo/master/.xml/specs_serverErlang_app.xml"
Creating index.html ...
Creating erldocs_index.js ...
Woot, finished in 0 Minutes 0 Seconds
 :: Discovering other repos
$ 5000  `rm -r '/home/pete/wefwefwef/docs/other/32c295baff2cdae266de5b5ae684d5f2/projectsr-branch-master'  2>&1`
 :: Finishing up
$ 5000  `rm -r '/home/pete/wefwefwef/docs/other/32c295baff2cdae266de5b5ae684d5f2/projectsr'  2>&1`
