 :: Extracting meta information
$ 5000  `git ls-remote --heads --tags 'https://github.com/vagabond/erlang-iconv'  2>&1`
>>> [repo] 1 branches, 0 tags
 :: Writing meta to "/home/pete/wefwefwef/docs/other/1529480878/meta.txt"
 :: Processing https://github.com/vagabond/erlang-iconv	{rev,branch,"master","0292a574f5a7fdba561d11f1f8e0c1bc00b86308"}
 :: Fetching repo code
$ cd "/home/pete/wefwefwef/docs/other/1529480878/erlang-iconv-branch-master/erlang-iconv"
$ infinity  `curl --fail --silent --show-error --location --output 'master.zip' 'https://github.com/vagabond/erlang-iconv/archive/master.zip'  2>&1`
$ cd "/home/pete/wefwefwef/docs/erldocs_other.git"
$ cd "/home/pete/wefwefwef/docs/other/1529480878/erlang-iconv-branch-master/erlang-iconv"
$ 5000  `find -P . -type l -delete  2>&1`
$ cd "/home/pete/wefwefwef/docs/erldocs_other.git"
$ cd "/home/pete/wefwefwef/docs/other/1529480878/erlang-iconv-branch-master/erlang-iconv"
$ 5000  `find 'erlang-iconv-master' -mindepth 1 -maxdepth 1 -exec mv -t . -- {} +  2>&1`
$ cd "/home/pete/wefwefwef/docs/erldocs_other.git"
 :: Getting dependencies
$ cd "/home/pete/wefwefwef/docs/other/1529480878/erlang-iconv-branch-master/erlang-iconv"
$ 5000  `ls -1 deps/  2>&1`
$ cd "/home/pete/wefwefwef/docs/erldocs_other.git"
>>> [rebar] deps = []
 :: Generating erldocs into /home/pete/wefwefwef/docs/other/1529480878/repo/master
Building erlang-iconv
Generating Type Specs - "/home/pete/wefwefwef/docs/other/1529480878/erlang-iconv-branch-master/erlang-iconv/src/iconv.erl"
Generating Type Specs - "/home/pete/wefwefwef/docs/other/1529480878/erlang-iconv-branch-master/erlang-iconv/src/iconv_app.erl"
Generating XML for application erlang-iconv "/home/pete/wefwefwef/docs/other/1529480878/erlang-iconv-branch-master/erlang-iconv" -> "/home/pete/wefwefwef/docs/other/1529480878/repo/master/.xml/erlang-iconv"
Generated erlang-iconv XMLs: ["/home/pete/wefwefwef/docs/other/1529480878/repo/master/.xml/erlang-iconv/iconv.xml",
                              "/home/pete/wefwefwef/docs/other/1529480878/repo/master/.xml/erlang-iconv/iconv_app.xml"]
Generating HTML - iconv_app "/home/pete/wefwefwef/docs/other/1529480878/repo/master/.xml/erlang-iconv/iconv_app.xml"
Reading XML for "/home/pete/wefwefwef/docs/other/1529480878/repo/master/.xml/erlang-iconv/iconv_app.xml"
Reading XML for "/home/pete/wefwefwef/docs/other/1529480878/repo/master/.xml/specs_iconv_app.xml"
Generating HTML - iconv "/home/pete/wefwefwef/docs/other/1529480878/repo/master/.xml/erlang-iconv/iconv.xml"
Reading XML for "/home/pete/wefwefwef/docs/other/1529480878/repo/master/.xml/erlang-iconv/iconv.xml"
Reading XML for "/home/pete/wefwefwef/docs/other/1529480878/repo/master/.xml/specs_iconv.xml"
Creating index.html ...
Creating erldocs_index.js ...
Woot, finished in 0 Minutes 0 Seconds
 :: Discovering other repos
$ 5000  `rm -r '/home/pete/wefwefwef/docs/other/1529480878/erlang-iconv-branch-master'  2>&1`
 :: Erldocs finishing up
$ 5000  `rm -r '/home/pete/wefwefwef/docs/other/1529480878/erlang-iconv'  2>&1`
