 :: Extracting meta information
$ cd '.'
$ infinity  `git ls-remote --heads --tags https://github.com/goofansu/.emacs.d`
>>> [repo] 2 branches, 0 tags
 :: Writing meta to "/home/pete/wefwefwef/docs/other/3244273ee220352188e583565d4306a6797c0078/meta.txt"
 :: Skipping branch "HEAD"
 :: Processing https://github.com/goofansu/.emacs.d	{rev,branch,"master","d0af76cc5b9ada28b764cc49885fa49d0ff27e41",undefined,[],[]}
 :: Fetching repo code
$ cd '/home/pete/wefwefwef/docs/other/3244273ee220352188e583565d4306a6797c0078/.emacs.d-branch-master'
$ infinity  `curl --fail --silent --show-error --location --output repo.tar.gz https://codeload.github.com/goofansu/.emacs.d/tar.gz/master`
$ cd '/home/pete/wefwefwef/docs/other/3244273ee220352188e583565d4306a6797c0078/.emacs.d-branch-master/.emacs.d-master'
$ 5000  `find -P . -type l -delete`
$ cd '.'
$ 5000  `mv /home/pete/wefwefwef/docs/other/3244273ee220352188e583565d4306a6797c0078/.emacs.d-branch-master/.emacs.d-master /home/pete/wefwefwef/docs/other/3244273ee220352188e583565d4306a6797c0078/.emacs.d-branch-master/.emacs.d`
 :: Getting dependencies
 :: Generating erldocs into /home/pete/wefwefwef/docs/other/3244273ee220352188e583565d4306a6797c0078/repo/master
Building .emacs.d
Generating XML for application .emacs.d "/home/pete/wefwefwef/docs/other/3244273ee220352188e583565d4306a6797c0078/.emacs.d-branch-master/.emacs.d" -> "/home/pete/wefwefwef/docs/other/3244273ee220352188e583565d4306a6797c0078/repo/master/.xml/.emacs.d"
Generated .emacs.d XMLs: []
No documentation was generated!
Woot, finished in 0 Minutes 0 Seconds
 :: Discovering other repos
$ cd '.'
$ 5000  `rm -r /home/pete/wefwefwef/docs/other/3244273ee220352188e583565d4306a6797c0078/.emacs.d-branch-master`
 :: Finishing up
$ cd '.'
$ 5000  `rm -r /home/pete/wefwefwef/docs/other/3244273ee220352188e583565d4306a6797c0078/.emacs.d`
$ cd '.'
$ 5000  `rm -r /home/pete/wefwefwef/docs/other/3244273ee220352188e583565d4306a6797c0078/repo/master`
