 :: Extracting meta information
$ 5000  `git ls-remote --heads --tags 'https://github.com/chinnurtb/eiconv-2'  2>&1`
>>> [repo] 1 branches, 0 tags
 :: Writing meta to "/home/pete/wefwefwef/docs/other/8786880961/meta.txt"
 :: Processing https://github.com/chinnurtb/eiconv-2	{rev,branch,"master","b121a743fc92e36d978dbfa7ed2caac8544f21af",undefined,[],[]}
 :: Fetching repo code
$ cd "/home/pete/wefwefwef/docs/other/8786880961/eiconv-2-branch-master/eiconv-2"
$ infinity  `curl --fail --silent --show-error --location --output 'master.zip' 'https://github.com/chinnurtb/eiconv-2/archive/master.zip'  2>&1`
$ cd "/home/pete/wefwefwef/docs/erldocs_other.git"
$ cd "/home/pete/wefwefwef/docs/other/8786880961/eiconv-2-branch-master/eiconv-2"
$ 5000  `find -P . -type l -delete  2>&1`
$ cd "/home/pete/wefwefwef/docs/erldocs_other.git"
$ cd "/home/pete/wefwefwef/docs/other/8786880961/eiconv-2-branch-master/eiconv-2"
$ 5000  `find 'eiconv-2-master' -mindepth 1 -maxdepth 1 -exec mv -t . -- {} +  2>&1`
$ cd "/home/pete/wefwefwef/docs/erldocs_other.git"
 :: Getting dependencies
$ cd "/home/pete/wefwefwef/docs/other/8786880961/eiconv-2-branch-master/eiconv-2"
$ 5000  `ls -1 deps/  2>&1`
$ cd "/home/pete/wefwefwef/docs/erldocs_other.git"
>>> [rebar] deps = []
 :: Generating erldocs into /home/pete/wefwefwef/docs/other/8786880961/repo/master
Building eiconv-2
Generating Type Specs - "/home/pete/wefwefwef/docs/other/8786880961/eiconv-2-branch-master/eiconv-2/src/iconv.erl"
Generating Type Specs - "/home/pete/wefwefwef/docs/other/8786880961/eiconv-2-branch-master/eiconv-2/src/iconv_app.erl"
Generating Type Specs - "/home/pete/wefwefwef/docs/other/8786880961/eiconv-2-branch-master/eiconv-2/src/iconv_sup.erl"
Generating XML for application eiconv-2 "/home/pete/wefwefwef/docs/other/8786880961/eiconv-2-branch-master/eiconv-2" -> "/home/pete/wefwefwef/docs/other/8786880961/repo/master/.xml/eiconv-2"
Generated eiconv-2 XMLs: ["/home/pete/wefwefwef/docs/other/8786880961/repo/master/.xml/eiconv-2/iconv.xml",
                          "/home/pete/wefwefwef/docs/other/8786880961/repo/master/.xml/eiconv-2/iconv_sup.xml",
                          "/home/pete/wefwefwef/docs/other/8786880961/repo/master/.xml/eiconv-2/iconv_app.xml"]
Generating HTML - iconv_app "/home/pete/wefwefwef/docs/other/8786880961/repo/master/.xml/eiconv-2/iconv_app.xml"
Reading XML for "/home/pete/wefwefwef/docs/other/8786880961/repo/master/.xml/eiconv-2/iconv_app.xml"
Reading XML for "/home/pete/wefwefwef/docs/other/8786880961/repo/master/.xml/specs_iconv_app.xml"
Generating HTML - iconv_sup "/home/pete/wefwefwef/docs/other/8786880961/repo/master/.xml/eiconv-2/iconv_sup.xml"
Reading XML for "/home/pete/wefwefwef/docs/other/8786880961/repo/master/.xml/eiconv-2/iconv_sup.xml"
Reading XML for "/home/pete/wefwefwef/docs/other/8786880961/repo/master/.xml/specs_iconv_sup.xml"
Generating HTML - iconv "/home/pete/wefwefwef/docs/other/8786880961/repo/master/.xml/eiconv-2/iconv.xml"
Reading XML for "/home/pete/wefwefwef/docs/other/8786880961/repo/master/.xml/eiconv-2/iconv.xml"
Reading XML for "/home/pete/wefwefwef/docs/other/8786880961/repo/master/.xml/specs_iconv.xml"
Creating index.html ...
Creating erldocs_index.js ...
Woot, finished in 0 Minutes 0 Seconds
 :: Discovering other repos
$ 5000  `rm -r '/home/pete/wefwefwef/docs/other/8786880961/eiconv-2-branch-master'  2>&1`
 :: Finishing up
$ 5000  `rm -r '/home/pete/wefwefwef/docs/other/8786880961/eiconv-2'  2>&1`
