 :: Extracting meta information
$ 5000  `git ls-remote --heads --tags 'https://github.com/tjchaplin/poke'  2>&1`
>>> [repo] 1 branches, 0 tags
 :: Writing meta to "/home/pete/wefwefwef/docs/other/8637521626/meta.txt"
 :: Processing https://github.com/tjchaplin/poke	{rev,branch,"master","118fb0b4e7cbf71198745a3437faeb4686374e96",undefined,[],[]}
 :: Fetching repo code
$ cd "/home/pete/wefwefwef/docs/other/8637521626/poke-branch-master/poke"
$ infinity  `curl --fail --silent --show-error --location --output 'master.zip' 'https://github.com/tjchaplin/poke/archive/master.zip'  2>&1`
$ cd "/home/pete/wefwefwef/docs/erldocs_other.git"
$ cd "/home/pete/wefwefwef/docs/other/8637521626/poke-branch-master/poke"
$ 5000  `find -P . -type l -delete  2>&1`
$ cd "/home/pete/wefwefwef/docs/erldocs_other.git"
$ cd "/home/pete/wefwefwef/docs/other/8637521626/poke-branch-master/poke"
$ 5000  `find 'poke-master' -mindepth 1 -maxdepth 1 -exec mv -t . -- {} +  2>&1`
$ cd "/home/pete/wefwefwef/docs/erldocs_other.git"
 :: Getting dependencies
$ cd "/home/pete/wefwefwef/docs/other/8637521626/poke-branch-master/poke"
$ 5000  `ls -1 deps/  2>&1`
$ cd "/home/pete/wefwefwef/docs/erldocs_other.git"
>>> [rebar] deps = []
 :: Generating erldocs into /home/pete/wefwefwef/docs/other/8637521626/repo/master
Building poke
Generating Type Specs - "/home/pete/wefwefwef/docs/other/8637521626/poke-branch-master/poke/src/poke_app.erl"
Generating Type Specs - "/home/pete/wefwefwef/docs/other/8637521626/poke-branch-master/poke/src/poke_server.erl"
Generating Type Specs - "/home/pete/wefwefwef/docs/other/8637521626/poke-branch-master/poke/src/poke_sup.erl"
Generating XML for application poke "/home/pete/wefwefwef/docs/other/8637521626/poke-branch-master/poke" -> "/home/pete/wefwefwef/docs/other/8637521626/repo/master/.xml/poke"
Generated poke XMLs: ["/home/pete/wefwefwef/docs/other/8637521626/repo/master/.xml/poke/poke_server.xml",
                      "/home/pete/wefwefwef/docs/other/8637521626/repo/master/.xml/poke/poke_sup.xml",
                      "/home/pete/wefwefwef/docs/other/8637521626/repo/master/.xml/poke/poke_app.xml"]
Generating HTML - poke_app "/home/pete/wefwefwef/docs/other/8637521626/repo/master/.xml/poke/poke_app.xml"
Reading XML for "/home/pete/wefwefwef/docs/other/8637521626/repo/master/.xml/poke/poke_app.xml"
Reading XML for "/home/pete/wefwefwef/docs/other/8637521626/repo/master/.xml/specs_poke_app.xml"
Generating HTML - poke_sup "/home/pete/wefwefwef/docs/other/8637521626/repo/master/.xml/poke/poke_sup.xml"
Reading XML for "/home/pete/wefwefwef/docs/other/8637521626/repo/master/.xml/poke/poke_sup.xml"
Reading XML for "/home/pete/wefwefwef/docs/other/8637521626/repo/master/.xml/specs_poke_sup.xml"
Generating HTML - poke_server "/home/pete/wefwefwef/docs/other/8637521626/repo/master/.xml/poke/poke_server.xml"
Reading XML for "/home/pete/wefwefwef/docs/other/8637521626/repo/master/.xml/poke/poke_server.xml"
Reading XML for "/home/pete/wefwefwef/docs/other/8637521626/repo/master/.xml/specs_poke_server.xml"
Creating index.html ...
Creating erldocs_index.js ...
Woot, finished in 0 Minutes 0 Seconds
 :: Discovering other repos
$ 5000  `rm -r '/home/pete/wefwefwef/docs/other/8637521626/poke-branch-master'  2>&1`
 :: Finishing up
$ 5000  `rm -r '/home/pete/wefwefwef/docs/other/8637521626/poke'  2>&1`
