 :: Extracting meta information
$ cd '.'
$ infinity  `svn ls --verbose http://edbc.googlecode.com/svn/branches http://edbc.googlecode.com/svn/tags http://edbc.googlecode.com/svn/trunk`
>>> [repo] 1 branches, 0 tags
 :: Writing meta to "/home/pete/wefwefwef/docs/other/fd9f658ad65d7c47d931392e35e83fbaafc80e9f/meta.txt"
 :: Processing https://code.google.com/p/edbc	{rev,branch,"trunk","4",undefined,[],[]}
 :: Fetching repo code
$ cd '/home/pete/wefwefwef/docs/other/fd9f658ad65d7c47d931392e35e83fbaafc80e9f/edbc-branch-trunk'
$ infinity  `svn export -r 4 http://edbc.googlecode.com/svn/trunk`
$ cd '/home/pete/wefwefwef/docs/other/fd9f658ad65d7c47d931392e35e83fbaafc80e9f/edbc-branch-trunk/trunk'
$ 5000  `find -P . -type l -delete`
$ cd '.'
$ 5000  `mv /home/pete/wefwefwef/docs/other/fd9f658ad65d7c47d931392e35e83fbaafc80e9f/edbc-branch-trunk/trunk /home/pete/wefwefwef/docs/other/fd9f658ad65d7c47d931392e35e83fbaafc80e9f/edbc-branch-trunk/edbc`
 :: Getting dependencies
 :: Generating erldocs into /home/pete/wefwefwef/docs/other/fd9f658ad65d7c47d931392e35e83fbaafc80e9f/repo/trunk
Building edbc
Generating Type Specs - "/home/pete/wefwefwef/docs/other/fd9f658ad65d7c47d931392e35e83fbaafc80e9f/edbc-branch-trunk/edbc/src/edbc.erl"
Generating XML for application edbc "/home/pete/wefwefwef/docs/other/fd9f658ad65d7c47d931392e35e83fbaafc80e9f/edbc-branch-trunk/edbc" -> "/home/pete/wefwefwef/docs/other/fd9f658ad65d7c47d931392e35e83fbaafc80e9f/repo/trunk/.xml/edbc"
Generated edbc XMLs: ["/home/pete/wefwefwef/docs/other/fd9f658ad65d7c47d931392e35e83fbaafc80e9f/repo/trunk/.xml/edbc/edbc.xml"]
Generating HTML - edbc "/home/pete/wefwefwef/docs/other/fd9f658ad65d7c47d931392e35e83fbaafc80e9f/repo/trunk/.xml/edbc/edbc.xml"
Reading XML for "/home/pete/wefwefwef/docs/other/fd9f658ad65d7c47d931392e35e83fbaafc80e9f/repo/trunk/.xml/edbc/edbc.xml"
Reading XML for "/home/pete/wefwefwef/docs/other/fd9f658ad65d7c47d931392e35e83fbaafc80e9f/repo/trunk/.xml/specs_edbc.xml"
Creating index.html ...
Creating erldocs_index.js ...
Woot, finished in 0 Minutes 1 Seconds
 :: Discovering other repos
$ cd '.'
$ 5000  `rm -r /home/pete/wefwefwef/docs/other/fd9f658ad65d7c47d931392e35e83fbaafc80e9f/edbc-branch-trunk`
 :: Finishing up
$ cd '.'
$ 5000  `rm -r /home/pete/wefwefwef/docs/other/fd9f658ad65d7c47d931392e35e83fbaafc80e9f/edbc`
