 :: Extracting meta information
$ 5000  `git ls-remote --heads --tags 'https://github.com/feuerlabs/dthread'  2>&1`
>>> [repo] 1 branches, 1 tags
 :: Writing meta to "/home/pete/wefwefwef/docs/other/3024017676/meta.txt"
 :: Processing https://github.com/feuerlabs/dthread	{rev,tag,"0.1","6b5ff485f6209eb47452355dc6de2096fe87ae38",undefined,[],[]}
 :: Fetching repo code
$ cd "/home/pete/wefwefwef/docs/other/3024017676/dthread-tag-0.1/dthread"
$ infinity  `curl --fail --silent --show-error --location --output '0.1.zip' 'https://github.com/feuerlabs/dthread/archive/0.1.zip'  2>&1`
$ cd "/home/pete/wefwefwef/docs/erldocs_other.git"
$ cd "/home/pete/wefwefwef/docs/other/3024017676/dthread-tag-0.1/dthread"
$ 5000  `find -P . -type l -delete  2>&1`
$ cd "/home/pete/wefwefwef/docs/erldocs_other.git"
$ cd "/home/pete/wefwefwef/docs/other/3024017676/dthread-tag-0.1/dthread"
$ 5000  `find 'dthread-0.1' -mindepth 1 -maxdepth 1 -exec mv -t . -- {} +  2>&1`
$ cd "/home/pete/wefwefwef/docs/erldocs_other.git"
 :: Getting dependencies
$ cd "/home/pete/wefwefwef/docs/other/3024017676/dthread-tag-0.1/dthread"
$ 5000  `ls -1 deps/  2>&1`
$ cd "/home/pete/wefwefwef/docs/erldocs_other.git"
>>> [rebar] deps = []
 :: Generating erldocs into /home/pete/wefwefwef/docs/other/3024017676/repo/0.1
Building dthread
Generating Type Specs - "/home/pete/wefwefwef/docs/other/3024017676/dthread-tag-0.1/dthread/src/dthread.erl"
EDoc could not process file '/home/pete/wefwefwef/docs/other/3024017676/dthread-tag-0.1/dthread/src/dthread.erl'
Error generating type specs for "/home/pete/wefwefwef/docs/other/3024017676/dthread-tag-0.1/dthread/src/dthread.erl"
Generating XML for application dthread "/home/pete/wefwefwef/docs/other/3024017676/dthread-tag-0.1/dthread" -> "/home/pete/wefwefwef/docs/other/3024017676/repo/0.1/.xml/dthread"
/home/pete/wefwefwef/docs/other/3024017676/dthread-tag-0.1/dthread/src/dthread.erl, in module header: at line 3: error in XML parser: {system_limit,[{ets,new,[rules,[set|...]],[]},
                                    {xmerl_scan,initial_state,2,[{...}|...]},
                                    {xmerl_scan,int_string,4,[...]},
                                    {xmerl_scan,string,2,...},
                                    {edoc_wiki,parse_xml_1,...},
                                    {edoc_wiki,...},
                                    {...}|...]}.
edoc: skipping source file '/home/pete/wefwefwef/docs/other/3024017676/dthread-tag-0.1/dthread/src/dthread.erl': {'EXIT',
                                                                                                            error}.
edoc: error in doclet 'edoc_doclet': {'EXIT',error}.
Error generating dthread XMLs. Using fallback ...
Generating XML dthread - dthread "/home/pete/wefwefwef/docs/other/3024017676/dthread-tag-0.1/dthread/src/dthread.erl" -> "/home/pete/wefwefwef/docs/other/3024017676/repo/0.1/.xml/dthread/dthread.xml"
/home/pete/wefwefwef/docs/other/3024017676/dthread-tag-0.1/dthread/src/dthread.erl, in module header: at line 3: error in XML parser: {system_limit,[{ets,new,[rules,[set|...]],[]},
                                    {xmerl_scan,initial_state,2,[{...}|...]},
                                    {xmerl_scan,int_string,4,[...]},
                                    {xmerl_scan,string,2,...},
                                    {edoc_wiki,parse_xml_1,...},
                                    {edoc_wiki,...},
                                    {...}|...]}.
Error generating XML ("/home/pete/wefwefwef/docs/other/3024017676/dthread-tag-0.1/dthread/src/dthread.erl"): {'EXIT',
                                                                                                              error}
No documentation was generated!
Woot, finished in 0 Minutes 0 Seconds
 :: Discovering other repos
$ 5000  `rm -r '/home/pete/wefwefwef/docs/other/3024017676/dthread-tag-0.1'  2>&1`
 :: Processing https://github.com/feuerlabs/dthread	{rev,branch,"master","b0aa338fd37d894190bb084496de8002abfeb9c9",undefined,[],[]}
 :: Fetching repo code
$ cd "/home/pete/wefwefwef/docs/other/3024017676/dthread-branch-master/dthread"
$ infinity  `curl --fail --silent --show-error --location --output 'master.zip' 'https://github.com/feuerlabs/dthread/archive/master.zip'  2>&1`
$ cd "/home/pete/wefwefwef/docs/erldocs_other.git"
$ cd "/home/pete/wefwefwef/docs/other/3024017676/dthread-branch-master/dthread"
$ 5000  `find -P . -type l -delete  2>&1`
$ cd "/home/pete/wefwefwef/docs/erldocs_other.git"
$ cd "/home/pete/wefwefwef/docs/other/3024017676/dthread-branch-master/dthread"
$ 5000  `find 'dthread-master' -mindepth 1 -maxdepth 1 -exec mv -t . -- {} +  2>&1`
$ cd "/home/pete/wefwefwef/docs/erldocs_other.git"
 :: Getting dependencies
$ cd "/home/pete/wefwefwef/docs/other/3024017676/dthread-branch-master/dthread"
$ 5000  `ls -1 deps/  2>&1`
$ cd "/home/pete/wefwefwef/docs/erldocs_other.git"
>>> [rebar] deps = []
 :: Generating erldocs into /home/pete/wefwefwef/docs/other/3024017676/repo/master
Building dthread
Generating Type Specs - "/home/pete/wefwefwef/docs/other/3024017676/dthread-branch-master/dthread/src/dthread.erl"
EDoc could not process file '/home/pete/wefwefwef/docs/other/3024017676/dthread-branch-master/dthread/src/dthread.erl'
Error generating type specs for "/home/pete/wefwefwef/docs/other/3024017676/dthread-branch-master/dthread/src/dthread.erl"
Generating XML for application dthread "/home/pete/wefwefwef/docs/other/3024017676/dthread-branch-master/dthread" -> "/home/pete/wefwefwef/docs/other/3024017676/repo/master/.xml/dthread"
/home/pete/wefwefwef/docs/other/3024017676/dthread-branch-master/dthread/src/dthread.erl, in module header: at line 3: error in XML parser: {system_limit,[{ets,new,[rules,[set|...]],[]},
                                    {xmerl_scan,initial_state,2,[{...}|...]},
                                    {xmerl_scan,int_string,4,[...]},
                                    {xmerl_scan,string,2,...},
                                    {edoc_wiki,parse_xml_1,...},
                                    {edoc_wiki,...},
                                    {...}|...]}.
edoc: skipping source file '/home/pete/wefwefwef/docs/other/3024017676/dthread-branch-master/dthread/src/dthread.erl': {'EXIT',
                                                                                                                  error}.
edoc: error in doclet 'edoc_doclet': {'EXIT',error}.
Error generating dthread XMLs. Using fallback ...
Generating XML dthread - dthread "/home/pete/wefwefwef/docs/other/3024017676/dthread-branch-master/dthread/src/dthread.erl" -> "/home/pete/wefwefwef/docs/other/3024017676/repo/master/.xml/dthread/dthread.xml"
/home/pete/wefwefwef/docs/other/3024017676/dthread-branch-master/dthread/src/dthread.erl, in module header: at line 3: error in XML parser: {system_limit,[{ets,new,[rules,[set|...]],[]},
                                    {xmerl_scan,initial_state,2,[{...}|...]},
                                    {xmerl_scan,int_string,4,[...]},
                                    {xmerl_scan,string,2,...},
                                    {edoc_wiki,parse_xml_1,...},
                                    {edoc_wiki,...},
                                    {...}|...]}.
Error generating XML ("/home/pete/wefwefwef/docs/other/3024017676/dthread-branch-master/dthread/src/dthread.erl"): {'EXIT',
                                                                                                                    error}
No documentation was generated!
Woot, finished in 0 Minutes 0 Seconds
 :: Discovering other repos
$ 5000  `rm -r '/home/pete/wefwefwef/docs/other/3024017676/dthread-branch-master'  2>&1`
 :: Finishing up
$ 5000  `rm -r '/home/pete/wefwefwef/docs/other/3024017676/dthread'  2>&1`
$ 5000  `rm -r '/home/pete/wefwefwef/docs/other/3024017676/repo/0.1'  2>&1`
$ 5000  `rm -r '/home/pete/wefwefwef/docs/other/3024017676/repo/master'  2>&1`
