 :: Extracting meta information
$ 5000  `git ls-remote --heads --tags 'https://github.com/yfyf/piqi-bin'  2>&1`
>>> [repo] 1 branches, 3 tags
 :: Writing meta to "/home/pete/wefwefwef/docs/other/7787158412/meta.txt"
 :: Processing https://github.com/yfyf/piqi-bin	{rev,tag,"0.0.1","579867226e9a1857562b3db5a93abfdd888213b5"}
 :: Fetching repo code
$ cd "/home/pete/wefwefwef/docs/other/7787158412/piqi-bin-tag-0.0.1/piqi-bin"
$ infinity  `curl --fail --silent --show-error --location --output '0.0.1.zip' 'https://github.com/yfyf/piqi-bin/archive/0.0.1.zip'  2>&1`
$ cd "/home/pete/wefwefwef/docs/erldocs_other.git"
$ cd "/home/pete/wefwefwef/docs/other/7787158412/piqi-bin-tag-0.0.1/piqi-bin"
$ 5000  `find -P . -type l -delete  2>&1`
$ cd "/home/pete/wefwefwef/docs/erldocs_other.git"
$ cd "/home/pete/wefwefwef/docs/other/7787158412/piqi-bin-tag-0.0.1/piqi-bin"
$ 5000  `find 'piqi-bin-0.0.1' -mindepth 1 -maxdepth 1 -exec mv -t . -- {} +  2>&1`
$ cd "/home/pete/wefwefwef/docs/erldocs_other.git"
 :: Getting dependencies
$ cd "/home/pete/wefwefwef/docs/other/7787158412/piqi-bin-tag-0.0.1/piqi-bin"
$ 5000  `ls -1 deps/  2>&1`
$ cd "/home/pete/wefwefwef/docs/erldocs_other.git"
>>> [rebar] deps = []
 :: Generating erldocs into /home/pete/wefwefwef/docs/other/7787158412/repo/0.0.1
Building piqi-bin
Generating XML for application piqi-bin "/home/pete/wefwefwef/docs/other/7787158412/piqi-bin-tag-0.0.1/piqi-bin" -> "/home/pete/wefwefwef/docs/other/7787158412/repo/0.0.1/.xml/piqi-bin"
Generated piqi-bin XMLs: []
No documentation was generated!
Woot, finished in 0 Minutes 0 Seconds
 :: Discovering other repos
$ 5000  `rm -r '/home/pete/wefwefwef/docs/other/7787158412/piqi-bin-tag-0.0.1'  2>&1`
 :: Processing https://github.com/yfyf/piqi-bin	{rev,tag,"0.1.0","11f3f5fb744ea48c1607581b15bd5189aa4290b1"}
 :: Fetching repo code
$ cd "/home/pete/wefwefwef/docs/other/7787158412/piqi-bin-tag-0.1.0/piqi-bin"
$ infinity  `curl --fail --silent --show-error --location --output '0.1.0.zip' 'https://github.com/yfyf/piqi-bin/archive/0.1.0.zip'  2>&1`
$ cd "/home/pete/wefwefwef/docs/erldocs_other.git"
$ cd "/home/pete/wefwefwef/docs/other/7787158412/piqi-bin-tag-0.1.0/piqi-bin"
$ 5000  `find -P . -type l -delete  2>&1`
$ cd "/home/pete/wefwefwef/docs/erldocs_other.git"
$ cd "/home/pete/wefwefwef/docs/other/7787158412/piqi-bin-tag-0.1.0/piqi-bin"
$ 5000  `find 'piqi-bin-0.1.0' -mindepth 1 -maxdepth 1 -exec mv -t . -- {} +  2>&1`
$ cd "/home/pete/wefwefwef/docs/erldocs_other.git"
 :: Getting dependencies
$ cd "/home/pete/wefwefwef/docs/other/7787158412/piqi-bin-tag-0.1.0/piqi-bin"
$ 5000  `ls -1 deps/  2>&1`
$ cd "/home/pete/wefwefwef/docs/erldocs_other.git"
>>> [rebar] deps = []
 :: Generating erldocs into /home/pete/wefwefwef/docs/other/7787158412/repo/0.1.0
Building piqi-bin
Generating XML for application piqi-bin "/home/pete/wefwefwef/docs/other/7787158412/piqi-bin-tag-0.1.0/piqi-bin" -> "/home/pete/wefwefwef/docs/other/7787158412/repo/0.1.0/.xml/piqi-bin"
Generated piqi-bin XMLs: []
No documentation was generated!
Woot, finished in 0 Minutes 0 Seconds
 :: Discovering other repos
$ 5000  `rm -r '/home/pete/wefwefwef/docs/other/7787158412/piqi-bin-tag-0.1.0'  2>&1`
 :: Processing https://github.com/yfyf/piqi-bin	{rev,tag,"0.1.1","90122f69e9034cb388ea6d749daafbdc8de9ccfa"}
 :: Fetching repo code
$ cd "/home/pete/wefwefwef/docs/other/7787158412/piqi-bin-tag-0.1.1/piqi-bin"
$ infinity  `curl --fail --silent --show-error --location --output '0.1.1.zip' 'https://github.com/yfyf/piqi-bin/archive/0.1.1.zip'  2>&1`
$ cd "/home/pete/wefwefwef/docs/erldocs_other.git"
$ cd "/home/pete/wefwefwef/docs/other/7787158412/piqi-bin-tag-0.1.1/piqi-bin"
$ 5000  `find -P . -type l -delete  2>&1`
$ cd "/home/pete/wefwefwef/docs/erldocs_other.git"
$ cd "/home/pete/wefwefwef/docs/other/7787158412/piqi-bin-tag-0.1.1/piqi-bin"
$ 5000  `find 'piqi-bin-0.1.1' -mindepth 1 -maxdepth 1 -exec mv -t . -- {} +  2>&1`
$ cd "/home/pete/wefwefwef/docs/erldocs_other.git"
 :: Getting dependencies
$ cd "/home/pete/wefwefwef/docs/other/7787158412/piqi-bin-tag-0.1.1/piqi-bin"
$ 5000  `ls -1 deps/  2>&1`
$ cd "/home/pete/wefwefwef/docs/erldocs_other.git"
>>> [rebar] deps = []
 :: Generating erldocs into /home/pete/wefwefwef/docs/other/7787158412/repo/0.1.1
Building piqi-bin
Generating XML for application piqi-bin "/home/pete/wefwefwef/docs/other/7787158412/piqi-bin-tag-0.1.1/piqi-bin" -> "/home/pete/wefwefwef/docs/other/7787158412/repo/0.1.1/.xml/piqi-bin"
Generated piqi-bin XMLs: []
No documentation was generated!
Woot, finished in 0 Minutes 0 Seconds
 :: Discovering other repos
$ 5000  `rm -r '/home/pete/wefwefwef/docs/other/7787158412/piqi-bin-tag-0.1.1'  2>&1`
 :: Processing https://github.com/yfyf/piqi-bin	{rev,branch,"master","90122f69e9034cb388ea6d749daafbdc8de9ccfa"}
 :: Fetching repo code
$ cd "/home/pete/wefwefwef/docs/other/7787158412/piqi-bin-branch-master/piqi-bin"
$ infinity  `curl --fail --silent --show-error --location --output 'master.zip' 'https://github.com/yfyf/piqi-bin/archive/master.zip'  2>&1`
$ cd "/home/pete/wefwefwef/docs/erldocs_other.git"
$ cd "/home/pete/wefwefwef/docs/other/7787158412/piqi-bin-branch-master/piqi-bin"
$ 5000  `find -P . -type l -delete  2>&1`
$ cd "/home/pete/wefwefwef/docs/erldocs_other.git"
$ cd "/home/pete/wefwefwef/docs/other/7787158412/piqi-bin-branch-master/piqi-bin"
$ 5000  `find 'piqi-bin-master' -mindepth 1 -maxdepth 1 -exec mv -t . -- {} +  2>&1`
$ cd "/home/pete/wefwefwef/docs/erldocs_other.git"
 :: Getting dependencies
$ cd "/home/pete/wefwefwef/docs/other/7787158412/piqi-bin-branch-master/piqi-bin"
$ 5000  `ls -1 deps/  2>&1`
$ cd "/home/pete/wefwefwef/docs/erldocs_other.git"
>>> [rebar] deps = []
 :: Generating erldocs into /home/pete/wefwefwef/docs/other/7787158412/repo/master
Building piqi-bin
Generating XML for application piqi-bin "/home/pete/wefwefwef/docs/other/7787158412/piqi-bin-branch-master/piqi-bin" -> "/home/pete/wefwefwef/docs/other/7787158412/repo/master/.xml/piqi-bin"
Generated piqi-bin XMLs: []
No documentation was generated!
Woot, finished in 0 Minutes 0 Seconds
 :: Discovering other repos
$ 5000  `rm -r '/home/pete/wefwefwef/docs/other/7787158412/piqi-bin-branch-master'  2>&1`
 :: Erldocs finishing up
$ 5000  `rm -r '/home/pete/wefwefwef/docs/other/7787158412/piqi-bin'  2>&1`
$ 5000  `rm -r '/home/pete/wefwefwef/docs/other/7787158412/repo/0.0.1'  2>&1`
$ 5000  `rm -r '/home/pete/wefwefwef/docs/other/7787158412/repo/0.1.0'  2>&1`
$ 5000  `rm -r '/home/pete/wefwefwef/docs/other/7787158412/repo/0.1.1'  2>&1`
$ 5000  `rm -r '/home/pete/wefwefwef/docs/other/7787158412/repo/master'  2>&1`
