 :: Extracting meta information
$ 5000  `git ls-remote --heads --tags 'https://github.com/tuncer/sendfile'  2>&1`
>>> [repo] 1 branches, 1 tags
 :: Writing meta to "/home/pete/wefwefwef/docs/other/4739361827/meta.txt"
 :: Processing https://github.com/tuncer/sendfile	{rev,tag,"v1.0","fa6127da34f58f52b169bed5a7476c2647002526",undefined,[],[]}
 :: Fetching repo code
$ cd "/home/pete/wefwefwef/docs/other/4739361827/sendfile-tag-v1.0/sendfile"
$ infinity  `curl --fail --silent --show-error --location --output 'v1.0.zip' 'https://github.com/tuncer/sendfile/archive/v1.0.zip'  2>&1`
$ cd "/home/pete/wefwefwef/docs/erldocs_other.git"
$ cd "/home/pete/wefwefwef/docs/other/4739361827/sendfile-tag-v1.0/sendfile"
$ 5000  `find -P . -type l -delete  2>&1`
$ cd "/home/pete/wefwefwef/docs/erldocs_other.git"
$ cd "/home/pete/wefwefwef/docs/other/4739361827/sendfile-tag-v1.0/sendfile"
$ 5000  `find 'sendfile-1.0' -mindepth 1 -maxdepth 1 -exec mv -t . -- {} +  2>&1`
$ cd "/home/pete/wefwefwef/docs/erldocs_other.git"
 :: Getting dependencies
$ cd "/home/pete/wefwefwef/docs/other/4739361827/sendfile-tag-v1.0/sendfile"
$ 5000  `ls -1 deps/  2>&1`
$ cd "/home/pete/wefwefwef/docs/erldocs_other.git"
>>> [rebar] deps = []
 :: Generating erldocs into /home/pete/wefwefwef/docs/other/4739361827/repo/v1.0
Building sendfile
Generating Type Specs - "/home/pete/wefwefwef/docs/other/4739361827/sendfile-tag-v1.0/sendfile/src/sendfile.erl"
Generating Type Specs - "/home/pete/wefwefwef/docs/other/4739361827/sendfile-tag-v1.0/sendfile/src/sendfile_app.erl"
Generating Type Specs - "/home/pete/wefwefwef/docs/other/4739361827/sendfile-tag-v1.0/sendfile/src/sendfile_sup.erl"
Generating XML for application sendfile "/home/pete/wefwefwef/docs/other/4739361827/sendfile-tag-v1.0/sendfile" -> "/home/pete/wefwefwef/docs/other/4739361827/repo/v1.0/.xml/sendfile"
Generated sendfile XMLs: ["/home/pete/wefwefwef/docs/other/4739361827/repo/v1.0/.xml/sendfile/sendfile_sup.xml",
                          "/home/pete/wefwefwef/docs/other/4739361827/repo/v1.0/.xml/sendfile/sendfile.xml",
                          "/home/pete/wefwefwef/docs/other/4739361827/repo/v1.0/.xml/sendfile/sendfile_app.xml"]
Generating HTML - sendfile_app "/home/pete/wefwefwef/docs/other/4739361827/repo/v1.0/.xml/sendfile/sendfile_app.xml"
Reading XML for "/home/pete/wefwefwef/docs/other/4739361827/repo/v1.0/.xml/sendfile/sendfile_app.xml"
Reading XML for "/home/pete/wefwefwef/docs/other/4739361827/repo/v1.0/.xml/specs_sendfile_app.xml"
Generating HTML - sendfile "/home/pete/wefwefwef/docs/other/4739361827/repo/v1.0/.xml/sendfile/sendfile.xml"
Reading XML for "/home/pete/wefwefwef/docs/other/4739361827/repo/v1.0/.xml/sendfile/sendfile.xml"
Reading XML for "/home/pete/wefwefwef/docs/other/4739361827/repo/v1.0/.xml/specs_sendfile.xml"
Generating HTML - sendfile_sup "/home/pete/wefwefwef/docs/other/4739361827/repo/v1.0/.xml/sendfile/sendfile_sup.xml"
Reading XML for "/home/pete/wefwefwef/docs/other/4739361827/repo/v1.0/.xml/sendfile/sendfile_sup.xml"
Reading XML for "/home/pete/wefwefwef/docs/other/4739361827/repo/v1.0/.xml/specs_sendfile_sup.xml"
Creating index.html ...
Creating erldocs_index.js ...
Woot, finished in 0 Minutes 0 Seconds
 :: Discovering other repos
$ 5000  `rm -r '/home/pete/wefwefwef/docs/other/4739361827/sendfile-tag-v1.0'  2>&1`
 :: Processing https://github.com/tuncer/sendfile	{rev,branch,"master","fa6127da34f58f52b169bed5a7476c2647002526",undefined,[],[]}
 :: Fetching repo code
$ cd "/home/pete/wefwefwef/docs/other/4739361827/sendfile-branch-master/sendfile"
$ infinity  `curl --fail --silent --show-error --location --output 'master.zip' 'https://github.com/tuncer/sendfile/archive/master.zip'  2>&1`
$ cd "/home/pete/wefwefwef/docs/erldocs_other.git"
$ cd "/home/pete/wefwefwef/docs/other/4739361827/sendfile-branch-master/sendfile"
$ 5000  `find -P . -type l -delete  2>&1`
$ cd "/home/pete/wefwefwef/docs/erldocs_other.git"
$ cd "/home/pete/wefwefwef/docs/other/4739361827/sendfile-branch-master/sendfile"
$ 5000  `find 'sendfile-master' -mindepth 1 -maxdepth 1 -exec mv -t . -- {} +  2>&1`
$ cd "/home/pete/wefwefwef/docs/erldocs_other.git"
 :: Getting dependencies
$ cd "/home/pete/wefwefwef/docs/other/4739361827/sendfile-branch-master/sendfile"
$ 5000  `ls -1 deps/  2>&1`
$ cd "/home/pete/wefwefwef/docs/erldocs_other.git"
>>> [rebar] deps = []
 :: Generating erldocs into /home/pete/wefwefwef/docs/other/4739361827/repo/master
Building sendfile
Generating Type Specs - "/home/pete/wefwefwef/docs/other/4739361827/sendfile-branch-master/sendfile/src/sendfile.erl"
Generating Type Specs - "/home/pete/wefwefwef/docs/other/4739361827/sendfile-branch-master/sendfile/src/sendfile_app.erl"
Generating Type Specs - "/home/pete/wefwefwef/docs/other/4739361827/sendfile-branch-master/sendfile/src/sendfile_sup.erl"
Generating XML for application sendfile "/home/pete/wefwefwef/docs/other/4739361827/sendfile-branch-master/sendfile" -> "/home/pete/wefwefwef/docs/other/4739361827/repo/master/.xml/sendfile"
Generated sendfile XMLs: ["/home/pete/wefwefwef/docs/other/4739361827/repo/master/.xml/sendfile/sendfile_sup.xml",
                          "/home/pete/wefwefwef/docs/other/4739361827/repo/master/.xml/sendfile/sendfile.xml",
                          "/home/pete/wefwefwef/docs/other/4739361827/repo/master/.xml/sendfile/sendfile_app.xml"]
Generating HTML - sendfile_app "/home/pete/wefwefwef/docs/other/4739361827/repo/master/.xml/sendfile/sendfile_app.xml"
Reading XML for "/home/pete/wefwefwef/docs/other/4739361827/repo/master/.xml/sendfile/sendfile_app.xml"
Reading XML for "/home/pete/wefwefwef/docs/other/4739361827/repo/master/.xml/specs_sendfile_app.xml"
Generating HTML - sendfile "/home/pete/wefwefwef/docs/other/4739361827/repo/master/.xml/sendfile/sendfile.xml"
Reading XML for "/home/pete/wefwefwef/docs/other/4739361827/repo/master/.xml/sendfile/sendfile.xml"
Reading XML for "/home/pete/wefwefwef/docs/other/4739361827/repo/master/.xml/specs_sendfile.xml"
Generating HTML - sendfile_sup "/home/pete/wefwefwef/docs/other/4739361827/repo/master/.xml/sendfile/sendfile_sup.xml"
Reading XML for "/home/pete/wefwefwef/docs/other/4739361827/repo/master/.xml/sendfile/sendfile_sup.xml"
Reading XML for "/home/pete/wefwefwef/docs/other/4739361827/repo/master/.xml/specs_sendfile_sup.xml"
Creating index.html ...
Creating erldocs_index.js ...
Woot, finished in 0 Minutes 0 Seconds
 :: Discovering other repos
$ 5000  `rm -r '/home/pete/wefwefwef/docs/other/4739361827/sendfile-branch-master'  2>&1`
 :: Finishing up
$ 5000  `rm -r '/home/pete/wefwefwef/docs/other/4739361827/sendfile'  2>&1`
