 :: Extracting meta information
$ 5000  `git ls-remote --heads --tags 'https://github.com/ssmir/dcbc'  2>&1`
>>> [repo] 1 branches, 0 tags
 :: Writing meta to "/home/pete/wefwefwef/docs/other/966802793/meta.txt"
 :: Processing https://github.com/ssmir/dcbc	{rev,branch,"master","2189d98703a4dae3d2bfaf6aeaf9e2e4dcc94288"}
 :: Fetching repo code
$ cd "/home/pete/wefwefwef/docs/other/966802793/dcbc-branch-master/dcbc"
$ infinity  `curl --fail --silent --show-error --location --output 'master.zip' 'https://github.com/ssmir/dcbc/archive/master.zip'  2>&1`
$ cd "/home/pete/wefwefwef/docs/erldocs_other.git"
$ cd "/home/pete/wefwefwef/docs/other/966802793/dcbc-branch-master/dcbc"
$ 5000  `find -P . -type l -delete  2>&1`
$ cd "/home/pete/wefwefwef/docs/erldocs_other.git"
$ cd "/home/pete/wefwefwef/docs/other/966802793/dcbc-branch-master/dcbc"
$ 5000  `find 'dcbc-master' -mindepth 1 -maxdepth 1 -exec mv -t . -- {} +  2>&1`
$ cd "/home/pete/wefwefwef/docs/erldocs_other.git"
 :: Getting dependencies
$ cd "/home/pete/wefwefwef/docs/other/966802793/dcbc-branch-master/dcbc"
$ 5000  `ls -1 deps/  2>&1`
$ cd "/home/pete/wefwefwef/docs/erldocs_other.git"
>>> [rebar] deps = []
 :: Generating erldocs into /home/pete/wefwefwef/docs/other/966802793/repo/master
Building dcbc
Generating Type Specs - "/home/pete/wefwefwef/docs/other/966802793/dcbc-branch-master/dcbc/solve.erl"
/home/pete/wefwefwef/docs/other/966802793/dcbc-branch-master/dcbc/solve.erl: at line 1: syntax error before: '#'
EDoc could not process file '/home/pete/wefwefwef/docs/other/966802793/dcbc-branch-master/dcbc/solve.erl'
Error generating type specs for "/home/pete/wefwefwef/docs/other/966802793/dcbc-branch-master/dcbc/solve.erl"
Generating Type Specs - "/home/pete/wefwefwef/docs/other/966802793/dcbc-branch-master/dcbc/src/dcbc_app.erl"
Generating Type Specs - "/home/pete/wefwefwef/docs/other/966802793/dcbc-branch-master/dcbc/src/dcbc_master.erl"
Generating Type Specs - "/home/pete/wefwefwef/docs/other/966802793/dcbc-branch-master/dcbc/src/dcbc_registry.erl"
Generating Type Specs - "/home/pete/wefwefwef/docs/other/966802793/dcbc-branch-master/dcbc/src/dcbc_slave.erl"
Generating Type Specs - "/home/pete/wefwefwef/docs/other/966802793/dcbc-branch-master/dcbc/src/dcbc_slave_sup.erl"
Generating Type Specs - "/home/pete/wefwefwef/docs/other/966802793/dcbc-branch-master/dcbc/src/dcbc_solver.erl"
Generating Type Specs - "/home/pete/wefwefwef/docs/other/966802793/dcbc-branch-master/dcbc/src/dcbc_sup.erl"
Generating XML for application dcbc "/home/pete/wefwefwef/docs/other/966802793/dcbc-branch-master/dcbc" -> "/home/pete/wefwefwef/docs/other/966802793/repo/master/.xml/dcbc"
Generated dcbc XMLs: ["/home/pete/wefwefwef/docs/other/966802793/repo/master/.xml/dcbc/dcbc_app.xml",
                      "/home/pete/wefwefwef/docs/other/966802793/repo/master/.xml/dcbc/dcbc_registry.xml",
                      "/home/pete/wefwefwef/docs/other/966802793/repo/master/.xml/dcbc/dcbc_slave.xml",
                      "/home/pete/wefwefwef/docs/other/966802793/repo/master/.xml/dcbc/dcbc_master.xml",
                      "/home/pete/wefwefwef/docs/other/966802793/repo/master/.xml/dcbc/dcbc_solver.xml",
                      "/home/pete/wefwefwef/docs/other/966802793/repo/master/.xml/dcbc/dcbc_sup.xml",
                      "/home/pete/wefwefwef/docs/other/966802793/repo/master/.xml/dcbc/dcbc_slave_sup.xml"]
Generating HTML - dcbc_app "/home/pete/wefwefwef/docs/other/966802793/repo/master/.xml/dcbc/dcbc_app.xml"
Generating HTML - dcbc_registry "/home/pete/wefwefwef/docs/other/966802793/repo/master/.xml/dcbc/dcbc_registry.xml"
Generating HTML - dcbc_slave "/home/pete/wefwefwef/docs/other/966802793/repo/master/.xml/dcbc/dcbc_slave.xml"
Generating HTML - dcbc_slave_sup "/home/pete/wefwefwef/docs/other/966802793/repo/master/.xml/dcbc/dcbc_slave_sup.xml"
Reading XML for "/home/pete/wefwefwef/docs/other/966802793/repo/master/.xml/dcbc/dcbc_app.xml"
Reading XML for "/home/pete/wefwefwef/docs/other/966802793/repo/master/.xml/dcbc/dcbc_registry.xml"
Reading XML for "/home/pete/wefwefwef/docs/other/966802793/repo/master/.xml/dcbc/dcbc_slave.xml"
Reading XML for "/home/pete/wefwefwef/docs/other/966802793/repo/master/.xml/dcbc/dcbc_slave_sup.xml"
Reading XML for "/home/pete/wefwefwef/docs/other/966802793/repo/master/.xml/specs_dcbc_app.xml"
Reading XML for "/home/pete/wefwefwef/docs/other/966802793/repo/master/.xml/specs_dcbc_registry.xml"
Reading XML for "/home/pete/wefwefwef/docs/other/966802793/repo/master/.xml/specs_dcbc_slave.xml"
Reading XML for "/home/pete/wefwefwef/docs/other/966802793/repo/master/.xml/specs_dcbc_slave_sup.xml"
Generating HTML - dcbc_sup "/home/pete/wefwefwef/docs/other/966802793/repo/master/.xml/dcbc/dcbc_sup.xml"
Reading XML for "/home/pete/wefwefwef/docs/other/966802793/repo/master/.xml/dcbc/dcbc_sup.xml"
Reading XML for "/home/pete/wefwefwef/docs/other/966802793/repo/master/.xml/specs_dcbc_sup.xml"
Generating HTML - dcbc_solver "/home/pete/wefwefwef/docs/other/966802793/repo/master/.xml/dcbc/dcbc_solver.xml"
Reading XML for "/home/pete/wefwefwef/docs/other/966802793/repo/master/.xml/dcbc/dcbc_solver.xml"
Reading XML for "/home/pete/wefwefwef/docs/other/966802793/repo/master/.xml/specs_dcbc_solver.xml"
Generating HTML - dcbc_master "/home/pete/wefwefwef/docs/other/966802793/repo/master/.xml/dcbc/dcbc_master.xml"
Reading XML for "/home/pete/wefwefwef/docs/other/966802793/repo/master/.xml/dcbc/dcbc_master.xml"
Reading XML for "/home/pete/wefwefwef/docs/other/966802793/repo/master/.xml/specs_dcbc_master.xml"
Creating index.html ...
Creating erldocs_index.js ...
Woot, finished in 0 Minutes 0 Seconds
 :: Discovering other repos
$ 5000  `rm -r '/home/pete/wefwefwef/docs/other/966802793/dcbc-branch-master'  2>&1`
 :: Erldocs finishing up
$ 5000  `rm -r '/home/pete/wefwefwef/docs/other/966802793/dcbc'  2>&1`
