 :: Extracting meta information
$ 5000  `git ls-remote --heads --tags 'https://github.com/ngmoco/gl_async_bully'  2>&1`
>>> [repo] 2 branches, 0 tags
 :: Writing meta to "/home/pete/wefwefwef/docs/other/3011594989/meta.txt"
 :: Processing https://github.com/ngmoco/gl_async_bully	{rev,branch,"master","ec74723c153f76e8336722de215ed97c56180c18",undefined,[],[]}
 :: Fetching repo code
$ cd "/home/pete/wefwefwef/docs/other/3011594989/gl_async_bully-branch-master/gl_async_bully"
$ infinity  `curl --fail --silent --show-error --location --output 'master.zip' 'https://github.com/ngmoco/gl_async_bully/archive/master.zip'  2>&1`
$ cd "/home/pete/wefwefwef/docs/erldocs_other.git"
$ cd "/home/pete/wefwefwef/docs/other/3011594989/gl_async_bully-branch-master/gl_async_bully"
$ 5000  `find -P . -type l -delete  2>&1`
$ cd "/home/pete/wefwefwef/docs/erldocs_other.git"
$ cd "/home/pete/wefwefwef/docs/other/3011594989/gl_async_bully-branch-master/gl_async_bully"
$ 5000  `find 'gl_async_bully-master' -mindepth 1 -maxdepth 1 -exec mv -t . -- {} +  2>&1`
$ cd "/home/pete/wefwefwef/docs/erldocs_other.git"
 :: Getting dependencies
$ cd "/home/pete/wefwefwef/docs/other/3011594989/gl_async_bully-branch-master/gl_async_bully"
$ 5000  `ls -1 deps/  2>&1`
$ cd "/home/pete/wefwefwef/docs/erldocs_other.git"
>>> [rebar] deps = []
 :: Generating erldocs into /home/pete/wefwefwef/docs/other/3011594989/repo/master
Building gl_async_bully
Generating Type Specs - "/home/pete/wefwefwef/docs/other/3011594989/gl_async_bully-branch-master/gl_async_bully/src/gl_async_bully.erl"
Generating Type Specs - "/home/pete/wefwefwef/docs/other/3011594989/gl_async_bully-branch-master/gl_async_bully/src/glab_fd.erl"
Generating XML for application gl_async_bully "/home/pete/wefwefwef/docs/other/3011594989/gl_async_bully-branch-master/gl_async_bully" -> "/home/pete/wefwefwef/docs/other/3011594989/repo/master/.xml/gl_async_bully"
Generated gl_async_bully XMLs: ["/home/pete/wefwefwef/docs/other/3011594989/repo/master/.xml/gl_async_bully/glab_fd.xml",
                                "/home/pete/wefwefwef/docs/other/3011594989/repo/master/.xml/gl_async_bully/gl_async_bully.xml"]
Generating HTML - gl_async_bully "/home/pete/wefwefwef/docs/other/3011594989/repo/master/.xml/gl_async_bully/gl_async_bully.xml"
Reading XML for "/home/pete/wefwefwef/docs/other/3011594989/repo/master/.xml/gl_async_bully/gl_async_bully.xml"
Reading XML for "/home/pete/wefwefwef/docs/other/3011594989/repo/master/.xml/specs_gl_async_bully.xml"
Generating HTML - glab_fd "/home/pete/wefwefwef/docs/other/3011594989/repo/master/.xml/gl_async_bully/glab_fd.xml"
Reading XML for "/home/pete/wefwefwef/docs/other/3011594989/repo/master/.xml/gl_async_bully/glab_fd.xml"
Reading XML for "/home/pete/wefwefwef/docs/other/3011594989/repo/master/.xml/specs_glab_fd.xml"
Creating index.html ...
Creating erldocs_index.js ...
Woot, finished in 0 Minutes 0 Seconds
 :: Discovering other repos
$ 5000  `rm -r '/home/pete/wefwefwef/docs/other/3011594989/gl_async_bully-branch-master'  2>&1`
 :: Processing https://github.com/ngmoco/gl_async_bully	{rev,branch,"stable","ec74723c153f76e8336722de215ed97c56180c18",undefined,[],[]}
 :: Fetching repo code
$ cd "/home/pete/wefwefwef/docs/other/3011594989/gl_async_bully-branch-stable/gl_async_bully"
$ infinity  `curl --fail --silent --show-error --location --output 'stable.zip' 'https://github.com/ngmoco/gl_async_bully/archive/stable.zip'  2>&1`
$ cd "/home/pete/wefwefwef/docs/erldocs_other.git"
$ cd "/home/pete/wefwefwef/docs/other/3011594989/gl_async_bully-branch-stable/gl_async_bully"
$ 5000  `find -P . -type l -delete  2>&1`
$ cd "/home/pete/wefwefwef/docs/erldocs_other.git"
$ cd "/home/pete/wefwefwef/docs/other/3011594989/gl_async_bully-branch-stable/gl_async_bully"
$ 5000  `find 'gl_async_bully-stable' -mindepth 1 -maxdepth 1 -exec mv -t . -- {} +  2>&1`
$ cd "/home/pete/wefwefwef/docs/erldocs_other.git"
 :: Getting dependencies
$ cd "/home/pete/wefwefwef/docs/other/3011594989/gl_async_bully-branch-stable/gl_async_bully"
$ 5000  `ls -1 deps/  2>&1`
$ cd "/home/pete/wefwefwef/docs/erldocs_other.git"
>>> [rebar] deps = []
 :: Generating erldocs into /home/pete/wefwefwef/docs/other/3011594989/repo/stable
Building gl_async_bully
Generating Type Specs - "/home/pete/wefwefwef/docs/other/3011594989/gl_async_bully-branch-stable/gl_async_bully/src/gl_async_bully.erl"
Generating Type Specs - "/home/pete/wefwefwef/docs/other/3011594989/gl_async_bully-branch-stable/gl_async_bully/src/glab_fd.erl"
Generating XML for application gl_async_bully "/home/pete/wefwefwef/docs/other/3011594989/gl_async_bully-branch-stable/gl_async_bully" -> "/home/pete/wefwefwef/docs/other/3011594989/repo/stable/.xml/gl_async_bully"
Generated gl_async_bully XMLs: ["/home/pete/wefwefwef/docs/other/3011594989/repo/stable/.xml/gl_async_bully/glab_fd.xml",
                                "/home/pete/wefwefwef/docs/other/3011594989/repo/stable/.xml/gl_async_bully/gl_async_bully.xml"]
Generating HTML - gl_async_bully "/home/pete/wefwefwef/docs/other/3011594989/repo/stable/.xml/gl_async_bully/gl_async_bully.xml"
Reading XML for "/home/pete/wefwefwef/docs/other/3011594989/repo/stable/.xml/gl_async_bully/gl_async_bully.xml"
Reading XML for "/home/pete/wefwefwef/docs/other/3011594989/repo/stable/.xml/specs_gl_async_bully.xml"
Generating HTML - glab_fd "/home/pete/wefwefwef/docs/other/3011594989/repo/stable/.xml/gl_async_bully/glab_fd.xml"
Reading XML for "/home/pete/wefwefwef/docs/other/3011594989/repo/stable/.xml/gl_async_bully/glab_fd.xml"
Reading XML for "/home/pete/wefwefwef/docs/other/3011594989/repo/stable/.xml/specs_glab_fd.xml"
Creating index.html ...
Creating erldocs_index.js ...
Woot, finished in 0 Minutes 0 Seconds
 :: Discovering other repos
$ 5000  `rm -r '/home/pete/wefwefwef/docs/other/3011594989/gl_async_bully-branch-stable'  2>&1`
 :: Finishing up
$ 5000  `rm -r '/home/pete/wefwefwef/docs/other/3011594989/gl_async_bully'  2>&1`
