 :: Extracting meta information
$ infinity  `git ls-remote --heads --tags 'https://github.com/dvv/base64url'  2>&1`
>>> [repo] 1 branches, 1 tags
WTF {ok,{{"HTTP/1.1",200,"OK"},
         [{"cache-control","max-age=300"},
          {"connection","keep-alive"},
          {"date","Sat, 10 Oct 2015 16:35:35 GMT"},
          {"via","1.1 varnish"},
          {"accept-ranges","bytes"},
          {"etag","\"a78087250c47686485f40f492b5db0146b529599\""},
          {"vary","Authorization,Accept-Encoding"},
          {"content-length","371"},
          {"content-type","text/plain; charset=utf-8"},
          {"expires","Sat, 10 Oct 2015 16:40:35 GMT"},
          {"content-security-policy","default-src 'none'"},
          {"x-xss-protection","1; mode=block"},
          {"x-frame-options","deny"},
          {"x-content-type-options","nosniff"},
          {"strict-transport-security","max-age=31536000"},
          {"x-served-by","cache-lhr6330-LHR"},
          {"x-cache","MISS"},
          {"x-cache-hits","0"},
          {"access-control-allow-origin","*"},
          {"source-age","0"}],
         "{name,\"base64url\"}.\n{target_path,\"github.com/dvv/base64url\"}.\n{url,\"https://github.com/dvv/base64url\"}.\n{vsn_format,2}.\n{vsn_pass,101}.\n{time_begin,{{2015,9,21},{15,32,41}}}.\n{method,git}.\n{count_tags,0}.\n{count_branches,1}.\n{revisions,[{rev,branch,\"master\",\"f2c64ed8b9bebc536fad37ad97243452b674b837\",\n                 true,[],[]}]}.\n{time_end,{{2015,9,21},{15,32,42}}}.\n"}}
 :: Writing meta to "/home/pete/wefwefwef/docs/other/fff14aaf4b67b036ea7602228dc059563f934a7a/meta.txt"
 :: Skipping branch "master"
 :: Processing https://github.com/dvv/base64url	{rev,tag,"v1.0","f2c64ed8b9bebc536fad37ad97243452b674b837",undefined,[],[]}
 :: Fetching repo code
$ cd '/home/pete/wefwefwef/docs/other/fff14aaf4b67b036ea7602228dc059563f934a7a/base64url-tag-v1.0'
$ infinity  `curl --fail --silent --show-error --location --output repo.tar.gz 'https://codeload.github.com/dvv/base64url/tar.gz/v1.0'  2>&1`
$ cd '/home/pete/wefwefwef/docs/erldocs_other.git'
$ cd '/home/pete/wefwefwef/docs/other/fff14aaf4b67b036ea7602228dc059563f934a7a/base64url-tag-v1.0/base64url-1.0'
$ 5000  `find -P . -type l -delete  2>&1`
$ cd '/home/pete/wefwefwef/docs/erldocs_other.git'
$ 5000  `mv '/home/pete/wefwefwef/docs/other/fff14aaf4b67b036ea7602228dc059563f934a7a/base64url-tag-v1.0/base64url-1.0' '/home/pete/wefwefwef/docs/other/fff14aaf4b67b036ea7602228dc059563f934a7a/base64url-tag-v1.0/base64url'  2>&1`
 :: Getting dependencies
$ cd '/home/pete/wefwefwef/docs/other/fff14aaf4b67b036ea7602228dc059563f934a7a/base64url-tag-v1.0/base64url'
$ 5000  `ls -1 deps/  2>&1`
$ cd '/home/pete/wefwefwef/docs/erldocs_other.git'
>>> [rebar] deps = []
 :: Generating erldocs into /home/pete/wefwefwef/docs/other/fff14aaf4b67b036ea7602228dc059563f934a7a/repo/v1.0
Building base64url
Generating Type Specs - "/home/pete/wefwefwef/docs/other/fff14aaf4b67b036ea7602228dc059563f934a7a/base64url-tag-v1.0/base64url/src/base64url.erl"
Generating XML for application base64url "/home/pete/wefwefwef/docs/other/fff14aaf4b67b036ea7602228dc059563f934a7a/base64url-tag-v1.0/base64url" -> "/home/pete/wefwefwef/docs/other/fff14aaf4b67b036ea7602228dc059563f934a7a/repo/v1.0/.xml/base64url"
Generated base64url XMLs: ["/home/pete/wefwefwef/docs/other/fff14aaf4b67b036ea7602228dc059563f934a7a/repo/v1.0/.xml/base64url/base64url.xml"]
Generating HTML - base64url "/home/pete/wefwefwef/docs/other/fff14aaf4b67b036ea7602228dc059563f934a7a/repo/v1.0/.xml/base64url/base64url.xml"
Reading XML for "/home/pete/wefwefwef/docs/other/fff14aaf4b67b036ea7602228dc059563f934a7a/repo/v1.0/.xml/base64url/base64url.xml"
Reading XML for "/home/pete/wefwefwef/docs/other/fff14aaf4b67b036ea7602228dc059563f934a7a/repo/v1.0/.xml/specs_base64url.xml"
Creating index.html ...
Creating erldocs_index.js ...
Woot, finished in 0 Minutes 0 Seconds
 :: Discovering other repos
$ 5000  `rm -r '/home/pete/wefwefwef/docs/other/fff14aaf4b67b036ea7602228dc059563f934a7a/base64url-tag-v1.0'  2>&1`
 :: Finishing up
$ 5000  `rm -r '/home/pete/wefwefwef/docs/other/fff14aaf4b67b036ea7602228dc059563f934a7a/base64url'  2>&1`
