 :: Extracting meta information
$ 5000  `git ls-remote --heads --tags 'https://github.com/esl/ejabberd_tests'  2>&1`
>>> [repo] 22 branches, 29 tags
 :: Writing meta to "/home/pete/wefwefwef/docs/other/4292811928/meta.txt"
 :: Processing https://github.com/esl/ejabberd_tests	{rev,tag,"2.1.10","b1d161db057cccf14d141d863252bce907d488dc",undefined,[],[]}
 :: Fetching repo code
$ cd "/home/pete/wefwefwef/docs/other/4292811928/ejabberd_tests-tag-2.1.10/ejabberd_tests"
$ infinity  `curl --fail --silent --show-error --location --output '2.1.10.zip' 'https://github.com/esl/ejabberd_tests/archive/2.1.10.zip'  2>&1`
$ cd "/home/pete/wefwefwef/docs/erldocs_other.git"
$ cd "/home/pete/wefwefwef/docs/other/4292811928/ejabberd_tests-tag-2.1.10/ejabberd_tests"
$ 5000  `find -P . -type l -delete  2>&1`
$ cd "/home/pete/wefwefwef/docs/erldocs_other.git"
$ cd "/home/pete/wefwefwef/docs/other/4292811928/ejabberd_tests-tag-2.1.10/ejabberd_tests"
$ 5000  `find 'ejabberd_tests-2.1.10' -mindepth 1 -maxdepth 1 -exec mv -t . -- {} +  2>&1`
$ cd "/home/pete/wefwefwef/docs/erldocs_other.git"
 :: Getting dependencies
$ cd "/home/pete/wefwefwef/docs/other/4292811928/ejabberd_tests-tag-2.1.10/ejabberd_tests"
$ infinity  `rebar --config '/home/pete/wefwefwef/docs/other/4292811928/ejabberd_tests-tag-2.1.10/rebar_deps' get-deps  2>&1`
$ cd "/home/pete/wefwefwef/docs/erldocs_other.git"
$ cd "/home/pete/wefwefwef/docs/other/4292811928/ejabberd_tests-tag-2.1.10/ejabberd_tests"
$ 5000  `find -P . -type l -delete  2>&1`
$ cd "/home/pete/wefwefwef/docs/erldocs_other.git"
$ cd "/home/pete/wefwefwef/docs/other/4292811928/ejabberd_tests-tag-2.1.10/ejabberd_tests"
$ 5000  `ls -1 deps/  2>&1`
$ cd "/home/pete/wefwefwef/docs/erldocs_other.git"
>>> [rebar] deps = ["escalus","exml","lhttpc"]
 :: Generating erldocs into /home/pete/wefwefwef/docs/other/4292811928/repo/2.1.10
Building ejabberd_tests
Generating Type Specs - "/home/pete/wefwefwef/docs/other/4292811928/ejabberd_tests-tag-2.1.10/ejabberd_tests/run_common_test.erl"
Generating XML for application ejabberd_tests "/home/pete/wefwefwef/docs/other/4292811928/ejabberd_tests-tag-2.1.10/ejabberd_tests" -> "/home/pete/wefwefwef/docs/other/4292811928/repo/2.1.10/.xml/ejabberd_tests"
Generated ejabberd_tests XMLs: []
No documentation was generated!
Woot, finished in 0 Minutes 0 Seconds
 :: Discovering other repos
$ 5000  `rm -r '/home/pete/wefwefwef/docs/other/4292811928/ejabberd_tests-tag-2.1.10'  2>&1`
 :: Processing https://github.com/esl/ejabberd_tests	{rev,tag,"2.1.4","0af681bd715efc325ba529b232092afdce2ec093",undefined,[],[]}
 :: Fetching repo code
$ cd "/home/pete/wefwefwef/docs/other/4292811928/ejabberd_tests-tag-2.1.4/ejabberd_tests"
$ infinity  `curl --fail --silent --show-error --location --output '2.1.4.zip' 'https://github.com/esl/ejabberd_tests/archive/2.1.4.zip'  2>&1`
$ cd "/home/pete/wefwefwef/docs/erldocs_other.git"
$ cd "/home/pete/wefwefwef/docs/other/4292811928/ejabberd_tests-tag-2.1.4/ejabberd_tests"
$ 5000  `find -P . -type l -delete  2>&1`
$ cd "/home/pete/wefwefwef/docs/erldocs_other.git"
$ cd "/home/pete/wefwefwef/docs/other/4292811928/ejabberd_tests-tag-2.1.4/ejabberd_tests"
$ 5000  `find 'ejabberd_tests-2.1.4' -mindepth 1 -maxdepth 1 -exec mv -t . -- {} +  2>&1`
$ cd "/home/pete/wefwefwef/docs/erldocs_other.git"
 :: Getting dependencies
$ cd "/home/pete/wefwefwef/docs/other/4292811928/ejabberd_tests-tag-2.1.4/ejabberd_tests"
$ infinity  `rebar --config '/home/pete/wefwefwef/docs/other/4292811928/ejabberd_tests-tag-2.1.4/rebar_deps' get-deps  2>&1`
$ cd "/home/pete/wefwefwef/docs/erldocs_other.git"
$ cd "/home/pete/wefwefwef/docs/other/4292811928/ejabberd_tests-tag-2.1.4/ejabberd_tests"
$ 5000  `find -P . -type l -delete  2>&1`
$ cd "/home/pete/wefwefwef/docs/erldocs_other.git"
$ cd "/home/pete/wefwefwef/docs/other/4292811928/ejabberd_tests-tag-2.1.4/ejabberd_tests"
$ 5000  `ls -1 deps/  2>&1`
$ cd "/home/pete/wefwefwef/docs/erldocs_other.git"
>>> [rebar] deps = ["base16","escalus","exml","lhttpc","mustache"]
 :: Generating erldocs into /home/pete/wefwefwef/docs/other/4292811928/repo/2.1.4
Building ejabberd_tests
Generating Type Specs - "/home/pete/wefwefwef/docs/other/4292811928/ejabberd_tests-tag-2.1.4/ejabberd_tests/run_common_test.erl"
Generating XML for application ejabberd_tests "/home/pete/wefwefwef/docs/other/4292811928/ejabberd_tests-tag-2.1.4/ejabberd_tests" -> "/home/pete/wefwefwef/docs/other/4292811928/repo/2.1.4/.xml/ejabberd_tests"
Generated ejabberd_tests XMLs: []
No documentation was generated!
Woot, finished in 0 Minutes 0 Seconds
 :: Discovering other repos
$ 5000  `rm -r '/home/pete/wefwefwef/docs/other/4292811928/ejabberd_tests-tag-2.1.4'  2>&1`
 :: Processing https://github.com/esl/ejabberd_tests	{rev,tag,"0.1","62a801195a4223ddb7d3f7de9a3df9b54a46ecfc",undefined,[],[]}
 :: Fetching repo code
$ cd "/home/pete/wefwefwef/docs/other/4292811928/ejabberd_tests-tag-0.1/ejabberd_tests"
$ infinity  `curl --fail --silent --show-error --location --output '0.1.zip' 'https://github.com/esl/ejabberd_tests/archive/0.1.zip'  2>&1`
$ cd "/home/pete/wefwefwef/docs/erldocs_other.git"
$ cd "/home/pete/wefwefwef/docs/other/4292811928/ejabberd_tests-tag-0.1/ejabberd_tests"
$ 5000  `find -P . -type l -delete  2>&1`
$ cd "/home/pete/wefwefwef/docs/erldocs_other.git"
$ cd "/home/pete/wefwefwef/docs/other/4292811928/ejabberd_tests-tag-0.1/ejabberd_tests"
$ 5000  `find 'ejabberd_tests-0.1' -mindepth 1 -maxdepth 1 -exec mv -t . -- {} +  2>&1`
$ cd "/home/pete/wefwefwef/docs/erldocs_other.git"
 :: Getting dependencies
$ cd "/home/pete/wefwefwef/docs/other/4292811928/ejabberd_tests-tag-0.1/ejabberd_tests"
$ infinity  `git submodule update --init --recursive  2>&1`
$ cd "/home/pete/wefwefwef/docs/erldocs_other.git"
 :: Generating erldocs into /home/pete/wefwefwef/docs/other/4292811928/repo/0.1
Building ejabberd_tests
Generating Type Specs - "/home/pete/wefwefwef/docs/other/4292811928/ejabberd_tests-tag-0.1/ejabberd_tests/run_common_test.erl"
Generating XML for application ejabberd_tests "/home/pete/wefwefwef/docs/other/4292811928/ejabberd_tests-tag-0.1/ejabberd_tests" -> "/home/pete/wefwefwef/docs/other/4292811928/repo/0.1/.xml/ejabberd_tests"
/home/pete/wefwefwef/docs/other/4292811928/ejabberd_tests-tag-0.1/ejabberd_tests/tests/offline_SUITE.erl: at line 10: can't find include lib "escalus/include/escalus.hrl"
edoc: skipping source file '/home/pete/wefwefwef/docs/other/4292811928/ejabberd_tests-tag-0.1/ejabberd_tests/tests/offline_SUITE.erl': {'EXIT',
                                                                                                                                  error}.
/home/pete/wefwefwef/docs/other/4292811928/ejabberd_tests-tag-0.1/ejabberd_tests/tests/snmp_SUITE.erl: at line 20: can't find include lib "escalus/deps/exmpp/include/exmpp.hrl"
edoc: skipping source file '/home/pete/wefwefwef/docs/other/4292811928/ejabberd_tests-tag-0.1/ejabberd_tests/tests/snmp_SUITE.erl': {'EXIT',
                                                                                                                               error}.
/home/pete/wefwefwef/docs/other/4292811928/ejabberd_tests-tag-0.1/ejabberd_tests/tests/snmp_register_SUITE.erl: at line 20: can't find include lib "escalus/include/escalus.hrl"
edoc: skipping source file '/home/pete/wefwefwef/docs/other/4292811928/ejabberd_tests-tag-0.1/ejabberd_tests/tests/snmp_register_SUITE.erl': {'EXIT',
                                                                                                                                        error}.
/home/pete/wefwefwef/docs/other/4292811928/ejabberd_tests-tag-0.1/ejabberd_tests/tests/snmp_roster_SUITE.erl: at line 20: can't find include lib "escalus/include/escalus.hrl"
edoc: skipping source file '/home/pete/wefwefwef/docs/other/4292811928/ejabberd_tests-tag-0.1/ejabberd_tests/tests/snmp_roster_SUITE.erl': {'EXIT',
                                                                                                                                      error}.
/home/pete/wefwefwef/docs/other/4292811928/ejabberd_tests-tag-0.1/ejabberd_tests/tests/login_SUITE.erl: at line 20: can't find include lib "escalus/include/escalus.hrl"
edoc: skipping source file '/home/pete/wefwefwef/docs/other/4292811928/ejabberd_tests-tag-0.1/ejabberd_tests/tests/login_SUITE.erl': {'EXIT',
                                                                                                                                error}.
/home/pete/wefwefwef/docs/other/4292811928/ejabberd_tests-tag-0.1/ejabberd_tests/tests/snmp_c2s_SUITE.erl: at line 20: can't find include lib "escalus/include/escalus.hrl"
edoc: skipping source file '/home/pete/wefwefwef/docs/other/4292811928/ejabberd_tests-tag-0.1/ejabberd_tests/tests/snmp_c2s_SUITE.erl': {'EXIT',
                                                                                                                                   error}.
/home/pete/wefwefwef/docs/other/4292811928/ejabberd_tests-tag-0.1/ejabberd_tests/tests/privacy_SUITE.erl: at line 20: can't find include lib "escalus/deps/exmpp/include/exmpp.hrl"
edoc: skipping source file '/home/pete/wefwefwef/docs/other/4292811928/ejabberd_tests-tag-0.1/ejabberd_tests/tests/privacy_SUITE.erl': {'EXIT',
                                                                                                                                  error}.
/home/pete/wefwefwef/docs/other/4292811928/ejabberd_tests-tag-0.1/ejabberd_tests/tests/private_SUITE.erl: at line 19: can't find include lib "escalus/include/escalus.hrl"
edoc: skipping source file '/home/pete/wefwefwef/docs/other/4292811928/ejabberd_tests-tag-0.1/ejabberd_tests/tests/private_SUITE.erl': {'EXIT',
                                                                                                                                  error}.
/home/pete/wefwefwef/docs/other/4292811928/ejabberd_tests-tag-0.1/ejabberd_tests/tests/snmp_table_SUITE.erl: at line 20: can't find include lib "escalus/include/escalus.hrl"
edoc: skipping source file '/home/pete/wefwefwef/docs/other/4292811928/ejabberd_tests-tag-0.1/ejabberd_tests/tests/snmp_table_SUITE.erl': {'EXIT',
                                                                                                                                     error}.
/home/pete/wefwefwef/docs/other/4292811928/ejabberd_tests-tag-0.1/ejabberd_tests/tests/presence_SUITE.erl: at line 20: can't find include lib "escalus/include/escalus.hrl"
edoc: skipping source file '/home/pete/wefwefwef/docs/other/4292811928/ejabberd_tests-tag-0.1/ejabberd_tests/tests/presence_SUITE.erl': {'EXIT',
                                                                                                                                   error}.
/home/pete/wefwefwef/docs/other/4292811928/ejabberd_tests-tag-0.1/ejabberd_tests/tests/snmp_session_SUITE.erl: at line 20: can't find include lib "escalus/include/escalus.hrl"
edoc: skipping source file '/home/pete/wefwefwef/docs/other/4292811928/ejabberd_tests-tag-0.1/ejabberd_tests/tests/snmp_session_SUITE.erl': {'EXIT',
                                                                                                                                       error}.
/home/pete/wefwefwef/docs/other/4292811928/ejabberd_tests-tag-0.1/ejabberd_tests/tests/privacy_helper.erl: at line 3: can't find include lib "escalus/deps/exmpp/include/exmpp.hrl"
edoc: skipping source file '/home/pete/wefwefwef/docs/other/4292811928/ejabberd_tests-tag-0.1/ejabberd_tests/tests/privacy_helper.erl': {'EXIT',
                                                                                                                                   error}.
/home/pete/wefwefwef/docs/other/4292811928/ejabberd_tests-tag-0.1/ejabberd_tests/tests/last_SUITE.erl: at line 19: can't find include lib "escalus/include/escalus.hrl"
edoc: skipping source file '/home/pete/wefwefwef/docs/other/4292811928/ejabberd_tests-tag-0.1/ejabberd_tests/tests/last_SUITE.erl': {'EXIT',
                                                                                                                               error}.
edoc: error in doclet 'edoc_doclet': {'EXIT',error}.
Error generating ejabberd_tests XMLs. Using fallback ...
Generating XML ejabberd_tests - run_common_test "/home/pete/wefwefwef/docs/other/4292811928/ejabberd_tests-tag-0.1/ejabberd_tests/run_common_test.erl" -> "/home/pete/wefwefwef/docs/other/4292811928/repo/0.1/.xml/ejabberd_tests/run_common_test.xml"
Generating HTML - run_common_test "/home/pete/wefwefwef/docs/other/4292811928/repo/0.1/.xml/ejabberd_tests/run_common_test.xml"
Reading XML for "/home/pete/wefwefwef/docs/other/4292811928/repo/0.1/.xml/ejabberd_tests/run_common_test.xml"
Reading XML for "/home/pete/wefwefwef/docs/other/4292811928/repo/0.1/.xml/specs_run_common_test.xml"
Creating index.html ...
Creating erldocs_index.js ...
Woot, finished in 0 Minutes 0 Seconds
 :: Discovering other repos
$ 5000  `rm -r '/home/pete/wefwefwef/docs/other/4292811928/ejabberd_tests-tag-0.1'  2>&1`
 :: Processing https://github.com/esl/ejabberd_tests	{rev,tag,"1.0.0","8cc00077fa64c6e0075e941219ce1c36d12fc4a5",undefined,[],[]}
 :: Fetching repo code
$ cd "/home/pete/wefwefwef/docs/other/4292811928/ejabberd_tests-tag-1.0.0/ejabberd_tests"
$ infinity  `curl --fail --silent --show-error --location --output '1.0.0.zip' 'https://github.com/esl/ejabberd_tests/archive/1.0.0.zip'  2>&1`
$ cd "/home/pete/wefwefwef/docs/erldocs_other.git"
$ cd "/home/pete/wefwefwef/docs/other/4292811928/ejabberd_tests-tag-1.0.0/ejabberd_tests"
$ 5000  `find -P . -type l -delete  2>&1`
$ cd "/home/pete/wefwefwef/docs/erldocs_other.git"
$ cd "/home/pete/wefwefwef/docs/other/4292811928/ejabberd_tests-tag-1.0.0/ejabberd_tests"
$ 5000  `find 'ejabberd_tests-1.0.0' -mindepth 1 -maxdepth 1 -exec mv -t . -- {} +  2>&1`
$ cd "/home/pete/wefwefwef/docs/erldocs_other.git"
 :: Getting dependencies
$ cd "/home/pete/wefwefwef/docs/other/4292811928/ejabberd_tests-tag-1.0.0/ejabberd_tests"
$ infinity  `rebar --config '/home/pete/wefwefwef/docs/other/4292811928/ejabberd_tests-tag-1.0.0/rebar_deps' get-deps  2>&1`
$ cd "/home/pete/wefwefwef/docs/erldocs_other.git"
$ cd "/home/pete/wefwefwef/docs/other/4292811928/ejabberd_tests-tag-1.0.0/ejabberd_tests"
$ 5000  `find -P . -type l -delete  2>&1`
$ cd "/home/pete/wefwefwef/docs/erldocs_other.git"
$ cd "/home/pete/wefwefwef/docs/other/4292811928/ejabberd_tests-tag-1.0.0/ejabberd_tests"
$ 5000  `ls -1 deps/  2>&1`
$ cd "/home/pete/wefwefwef/docs/erldocs_other.git"
>>> [rebar] deps = ["base16","escalus","exml","lhttpc"]
 :: Generating erldocs into /home/pete/wefwefwef/docs/other/4292811928/repo/1.0.0
Building ejabberd_tests
Generating Type Specs - "/home/pete/wefwefwef/docs/other/4292811928/ejabberd_tests-tag-1.0.0/ejabberd_tests/run_common_test.erl"
Generating XML for application ejabberd_tests "/home/pete/wefwefwef/docs/other/4292811928/ejabberd_tests-tag-1.0.0/ejabberd_tests" -> "/home/pete/wefwefwef/docs/other/4292811928/repo/1.0.0/.xml/ejabberd_tests"
Generated ejabberd_tests XMLs: []
No documentation was generated!
Woot, finished in 0 Minutes 0 Seconds
 :: Discovering other repos
$ 5000  `rm -r '/home/pete/wefwefwef/docs/other/4292811928/ejabberd_tests-tag-1.0.0'  2>&1`
 :: Processing https://github.com/esl/ejabberd_tests	{rev,tag,"2.0.0","b0a07e81b85d8adf7fc3a2e72ab8ff46f5435688",undefined,[],[]}
 :: Fetching repo code
$ cd "/home/pete/wefwefwef/docs/other/4292811928/ejabberd_tests-tag-2.0.0/ejabberd_tests"
$ infinity  `curl --fail --silent --show-error --location --output '2.0.0.zip' 'https://github.com/esl/ejabberd_tests/archive/2.0.0.zip'  2>&1`
$ cd "/home/pete/wefwefwef/docs/erldocs_other.git"
$ cd "/home/pete/wefwefwef/docs/other/4292811928/ejabberd_tests-tag-2.0.0/ejabberd_tests"
$ 5000  `find -P . -type l -delete  2>&1`
$ cd "/home/pete/wefwefwef/docs/erldocs_other.git"
$ cd "/home/pete/wefwefwef/docs/other/4292811928/ejabberd_tests-tag-2.0.0/ejabberd_tests"
$ 5000  `find 'ejabberd_tests-2.0.0' -mindepth 1 -maxdepth 1 -exec mv -t . -- {} +  2>&1`
$ cd "/home/pete/wefwefwef/docs/erldocs_other.git"
 :: Getting dependencies
$ cd "/home/pete/wefwefwef/docs/other/4292811928/ejabberd_tests-tag-2.0.0/ejabberd_tests"
$ infinity  `rebar --config '/home/pete/wefwefwef/docs/other/4292811928/ejabberd_tests-tag-2.0.0/rebar_deps' get-deps  2>&1`
$ cd "/home/pete/wefwefwef/docs/erldocs_other.git"
$ cd "/home/pete/wefwefwef/docs/other/4292811928/ejabberd_tests-tag-2.0.0/ejabberd_tests"
$ 5000  `find -P . -type l -delete  2>&1`
$ cd "/home/pete/wefwefwef/docs/erldocs_other.git"
$ cd "/home/pete/wefwefwef/docs/other/4292811928/ejabberd_tests-tag-2.0.0/ejabberd_tests"
$ 5000  `ls -1 deps/  2>&1`
$ cd "/home/pete/wefwefwef/docs/erldocs_other.git"
>>> [rebar] deps = ["base16","escalus","exml","lhttpc"]
 :: Generating erldocs into /home/pete/wefwefwef/docs/other/4292811928/repo/2.0.0
Building ejabberd_tests
Generating Type Specs - "/home/pete/wefwefwef/docs/other/4292811928/ejabberd_tests-tag-2.0.0/ejabberd_tests/run_common_test.erl"
Generating XML for application ejabberd_tests "/home/pete/wefwefwef/docs/other/4292811928/ejabberd_tests-tag-2.0.0/ejabberd_tests" -> "/home/pete/wefwefwef/docs/other/4292811928/repo/2.0.0/.xml/ejabberd_tests"
Generated ejabberd_tests XMLs: []
No documentation was generated!
Woot, finished in 0 Minutes 0 Seconds
 :: Discovering other repos
$ 5000  `rm -r '/home/pete/wefwefwef/docs/other/4292811928/ejabberd_tests-tag-2.0.0'  2>&1`
 :: Processing https://github.com/esl/ejabberd_tests	{rev,tag,"2.0.1","5dd984a95cd53cda01ecfbcc190cedecddd8b891",undefined,[],[]}
 :: Fetching repo code
$ cd "/home/pete/wefwefwef/docs/other/4292811928/ejabberd_tests-tag-2.0.1/ejabberd_tests"
$ infinity  `curl --fail --silent --show-error --location --output '2.0.1.zip' 'https://github.com/esl/ejabberd_tests/archive/2.0.1.zip'  2>&1`
$ cd "/home/pete/wefwefwef/docs/erldocs_other.git"
$ cd "/home/pete/wefwefwef/docs/other/4292811928/ejabberd_tests-tag-2.0.1/ejabberd_tests"
$ 5000  `find -P . -type l -delete  2>&1`
$ cd "/home/pete/wefwefwef/docs/erldocs_other.git"
$ cd "/home/pete/wefwefwef/docs/other/4292811928/ejabberd_tests-tag-2.0.1/ejabberd_tests"
$ 5000  `find 'ejabberd_tests-2.0.1' -mindepth 1 -maxdepth 1 -exec mv -t . -- {} +  2>&1`
$ cd "/home/pete/wefwefwef/docs/erldocs_other.git"
 :: Getting dependencies
$ cd "/home/pete/wefwefwef/docs/other/4292811928/ejabberd_tests-tag-2.0.1/ejabberd_tests"
$ infinity  `rebar --config '/home/pete/wefwefwef/docs/other/4292811928/ejabberd_tests-tag-2.0.1/rebar_deps' get-deps  2>&1`
$ cd "/home/pete/wefwefwef/docs/erldocs_other.git"
$ cd "/home/pete/wefwefwef/docs/other/4292811928/ejabberd_tests-tag-2.0.1/ejabberd_tests"
$ 5000  `find -P . -type l -delete  2>&1`
$ cd "/home/pete/wefwefwef/docs/erldocs_other.git"
$ cd "/home/pete/wefwefwef/docs/other/4292811928/ejabberd_tests-tag-2.0.1/ejabberd_tests"
$ 5000  `ls -1 deps/  2>&1`
$ cd "/home/pete/wefwefwef/docs/erldocs_other.git"
>>> [rebar] deps = ["base16","escalus","exml","lhttpc"]
 :: Generating erldocs into /home/pete/wefwefwef/docs/other/4292811928/repo/2.0.1
Building ejabberd_tests
Generating Type Specs - "/home/pete/wefwefwef/docs/other/4292811928/ejabberd_tests-tag-2.0.1/ejabberd_tests/run_common_test.erl"
Generating XML for application ejabberd_tests "/home/pete/wefwefwef/docs/other/4292811928/ejabberd_tests-tag-2.0.1/ejabberd_tests" -> "/home/pete/wefwefwef/docs/other/4292811928/repo/2.0.1/.xml/ejabberd_tests"
Generated ejabberd_tests XMLs: []
No documentation was generated!
Woot, finished in 0 Minutes 0 Seconds
 :: Discovering other repos
$ 5000  `rm -r '/home/pete/wefwefwef/docs/other/4292811928/ejabberd_tests-tag-2.0.1'  2>&1`
 :: Processing https://github.com/esl/ejabberd_tests	{rev,tag,"2.0.2","1c7a0214f906766c5153c204dcb44c92c7a239c5",undefined,[],[]}
 :: Fetching repo code
$ cd "/home/pete/wefwefwef/docs/other/4292811928/ejabberd_tests-tag-2.0.2/ejabberd_tests"
$ infinity  `curl --fail --silent --show-error --location --output '2.0.2.zip' 'https://github.com/esl/ejabberd_tests/archive/2.0.2.zip'  2>&1`
$ cd "/home/pete/wefwefwef/docs/erldocs_other.git"
$ cd "/home/pete/wefwefwef/docs/other/4292811928/ejabberd_tests-tag-2.0.2/ejabberd_tests"
$ 5000  `find -P . -type l -delete  2>&1`
$ cd "/home/pete/wefwefwef/docs/erldocs_other.git"
$ cd "/home/pete/wefwefwef/docs/other/4292811928/ejabberd_tests-tag-2.0.2/ejabberd_tests"
$ 5000  `find 'ejabberd_tests-2.0.2' -mindepth 1 -maxdepth 1 -exec mv -t . -- {} +  2>&1`
$ cd "/home/pete/wefwefwef/docs/erldocs_other.git"
 :: Getting dependencies
$ cd "/home/pete/wefwefwef/docs/other/4292811928/ejabberd_tests-tag-2.0.2/ejabberd_tests"
$ infinity  `rebar --config '/home/pete/wefwefwef/docs/other/4292811928/ejabberd_tests-tag-2.0.2/rebar_deps' get-deps  2>&1`
$ cd "/home/pete/wefwefwef/docs/erldocs_other.git"
$ cd "/home/pete/wefwefwef/docs/other/4292811928/ejabberd_tests-tag-2.0.2/ejabberd_tests"
$ 5000  `find -P . -type l -delete  2>&1`
$ cd "/home/pete/wefwefwef/docs/erldocs_other.git"
$ cd "/home/pete/wefwefwef/docs/other/4292811928/ejabberd_tests-tag-2.0.2/ejabberd_tests"
$ 5000  `ls -1 deps/  2>&1`
$ cd "/home/pete/wefwefwef/docs/erldocs_other.git"
>>> [rebar] deps = ["base16","escalus","exml","lhttpc"]
 :: Generating erldocs into /home/pete/wefwefwef/docs/other/4292811928/repo/2.0.2
Building ejabberd_tests
Generating Type Specs - "/home/pete/wefwefwef/docs/other/4292811928/ejabberd_tests-tag-2.0.2/ejabberd_tests/run_common_test.erl"
Generating XML for application ejabberd_tests "/home/pete/wefwefwef/docs/other/4292811928/ejabberd_tests-tag-2.0.2/ejabberd_tests" -> "/home/pete/wefwefwef/docs/other/4292811928/repo/2.0.2/.xml/ejabberd_tests"
Generated ejabberd_tests XMLs: []
No documentation was generated!
Woot, finished in 0 Minutes 0 Seconds
 :: Discovering other repos
$ 5000  `rm -r '/home/pete/wefwefwef/docs/other/4292811928/ejabberd_tests-tag-2.0.2'  2>&1`
 :: Processing https://github.com/esl/ejabberd_tests	{rev,tag,"2.0.3","948c701fcef745a69ad3361ce5930c7ac442a315",undefined,[],[]}
 :: Fetching repo code
$ cd "/home/pete/wefwefwef/docs/other/4292811928/ejabberd_tests-tag-2.0.3/ejabberd_tests"
$ infinity  `curl --fail --silent --show-error --location --output '2.0.3.zip' 'https://github.com/esl/ejabberd_tests/archive/2.0.3.zip'  2>&1`
$ cd "/home/pete/wefwefwef/docs/erldocs_other.git"
$ cd "/home/pete/wefwefwef/docs/other/4292811928/ejabberd_tests-tag-2.0.3/ejabberd_tests"
$ 5000  `find -P . -type l -delete  2>&1`
$ cd "/home/pete/wefwefwef/docs/erldocs_other.git"
$ cd "/home/pete/wefwefwef/docs/other/4292811928/ejabberd_tests-tag-2.0.3/ejabberd_tests"
$ 5000  `find 'ejabberd_tests-2.0.3' -mindepth 1 -maxdepth 1 -exec mv -t . -- {} +  2>&1`
$ cd "/home/pete/wefwefwef/docs/erldocs_other.git"
 :: Getting dependencies
$ cd "/home/pete/wefwefwef/docs/other/4292811928/ejabberd_tests-tag-2.0.3/ejabberd_tests"
$ infinity  `rebar --config '/home/pete/wefwefwef/docs/other/4292811928/ejabberd_tests-tag-2.0.3/rebar_deps' get-deps  2>&1`
$ cd "/home/pete/wefwefwef/docs/erldocs_other.git"
$ cd "/home/pete/wefwefwef/docs/other/4292811928/ejabberd_tests-tag-2.0.3/ejabberd_tests"
$ 5000  `find -P . -type l -delete  2>&1`
$ cd "/home/pete/wefwefwef/docs/erldocs_other.git"
$ cd "/home/pete/wefwefwef/docs/other/4292811928/ejabberd_tests-tag-2.0.3/ejabberd_tests"
$ 5000  `ls -1 deps/  2>&1`
$ cd "/home/pete/wefwefwef/docs/erldocs_other.git"
>>> [rebar] deps = ["base16","escalus","exml","lhttpc"]
 :: Generating erldocs into /home/pete/wefwefwef/docs/other/4292811928/repo/2.0.3
Building ejabberd_tests
Generating Type Specs - "/home/pete/wefwefwef/docs/other/4292811928/ejabberd_tests-tag-2.0.3/ejabberd_tests/run_common_test.erl"
Generating XML for application ejabberd_tests "/home/pete/wefwefwef/docs/other/4292811928/ejabberd_tests-tag-2.0.3/ejabberd_tests" -> "/home/pete/wefwefwef/docs/other/4292811928/repo/2.0.3/.xml/ejabberd_tests"
Generated ejabberd_tests XMLs: []
No documentation was generated!
Woot, finished in 0 Minutes 0 Seconds
 :: Discovering other repos
$ 5000  `rm -r '/home/pete/wefwefwef/docs/other/4292811928/ejabberd_tests-tag-2.0.3'  2>&1`
 :: Processing https://github.com/esl/ejabberd_tests	{rev,tag,"2.0.4","a8895da485a7306e48e270be4b547b8a4e39770e",undefined,[],[]}
 :: Fetching repo code
$ cd "/home/pete/wefwefwef/docs/other/4292811928/ejabberd_tests-tag-2.0.4/ejabberd_tests"
$ infinity  `curl --fail --silent --show-error --location --output '2.0.4.zip' 'https://github.com/esl/ejabberd_tests/archive/2.0.4.zip'  2>&1`
$ cd "/home/pete/wefwefwef/docs/erldocs_other.git"
$ cd "/home/pete/wefwefwef/docs/other/4292811928/ejabberd_tests-tag-2.0.4/ejabberd_tests"
$ 5000  `find -P . -type l -delete  2>&1`
$ cd "/home/pete/wefwefwef/docs/erldocs_other.git"
$ cd "/home/pete/wefwefwef/docs/other/4292811928/ejabberd_tests-tag-2.0.4/ejabberd_tests"
$ 5000  `find 'ejabberd_tests-2.0.4' -mindepth 1 -maxdepth 1 -exec mv -t . -- {} +  2>&1`
$ cd "/home/pete/wefwefwef/docs/erldocs_other.git"
 :: Getting dependencies
$ cd "/home/pete/wefwefwef/docs/other/4292811928/ejabberd_tests-tag-2.0.4/ejabberd_tests"
$ infinity  `rebar --config '/home/pete/wefwefwef/docs/other/4292811928/ejabberd_tests-tag-2.0.4/rebar_deps' get-deps  2>&1`
$ cd "/home/pete/wefwefwef/docs/erldocs_other.git"
$ cd "/home/pete/wefwefwef/docs/other/4292811928/ejabberd_tests-tag-2.0.4/ejabberd_tests"
$ 5000  `find -P . -type l -delete  2>&1`
$ cd "/home/pete/wefwefwef/docs/erldocs_other.git"
$ cd "/home/pete/wefwefwef/docs/other/4292811928/ejabberd_tests-tag-2.0.4/ejabberd_tests"
$ 5000  `ls -1 deps/  2>&1`
$ cd "/home/pete/wefwefwef/docs/erldocs_other.git"
>>> [rebar] deps = ["base16","escalus","exml","lhttpc"]
 :: Generating erldocs into /home/pete/wefwefwef/docs/other/4292811928/repo/2.0.4
Building ejabberd_tests
Generating Type Specs - "/home/pete/wefwefwef/docs/other/4292811928/ejabberd_tests-tag-2.0.4/ejabberd_tests/run_common_test.erl"
Generating XML for application ejabberd_tests "/home/pete/wefwefwef/docs/other/4292811928/ejabberd_tests-tag-2.0.4/ejabberd_tests" -> "/home/pete/wefwefwef/docs/other/4292811928/repo/2.0.4/.xml/ejabberd_tests"
Generated ejabberd_tests XMLs: []
No documentation was generated!
Woot, finished in 0 Minutes 0 Seconds
 :: Discovering other repos
$ 5000  `rm -r '/home/pete/wefwefwef/docs/other/4292811928/ejabberd_tests-tag-2.0.4'  2>&1`
 :: Processing https://github.com/esl/ejabberd_tests	{rev,tag,"2.0.5","4214cbd0c8741f089f105a96512eaf7e5c6897a6",undefined,[],[]}
 :: Fetching repo code
$ cd "/home/pete/wefwefwef/docs/other/4292811928/ejabberd_tests-tag-2.0.5/ejabberd_tests"
$ infinity  `curl --fail --silent --show-error --location --output '2.0.5.zip' 'https://github.com/esl/ejabberd_tests/archive/2.0.5.zip'  2>&1`
$ cd "/home/pete/wefwefwef/docs/erldocs_other.git"
$ cd "/home/pete/wefwefwef/docs/other/4292811928/ejabberd_tests-tag-2.0.5/ejabberd_tests"
$ 5000  `find -P . -type l -delete  2>&1`
$ cd "/home/pete/wefwefwef/docs/erldocs_other.git"
$ cd "/home/pete/wefwefwef/docs/other/4292811928/ejabberd_tests-tag-2.0.5/ejabberd_tests"
$ 5000  `find 'ejabberd_tests-2.0.5' -mindepth 1 -maxdepth 1 -exec mv -t . -- {} +  2>&1`
$ cd "/home/pete/wefwefwef/docs/erldocs_other.git"
 :: Getting dependencies
$ cd "/home/pete/wefwefwef/docs/other/4292811928/ejabberd_tests-tag-2.0.5/ejabberd_tests"
$ infinity  `rebar --config '/home/pete/wefwefwef/docs/other/4292811928/ejabberd_tests-tag-2.0.5/rebar_deps' get-deps  2>&1`
$ cd "/home/pete/wefwefwef/docs/erldocs_other.git"
$ cd "/home/pete/wefwefwef/docs/other/4292811928/ejabberd_tests-tag-2.0.5/ejabberd_tests"
$ 5000  `find -P . -type l -delete  2>&1`
$ cd "/home/pete/wefwefwef/docs/erldocs_other.git"
$ cd "/home/pete/wefwefwef/docs/other/4292811928/ejabberd_tests-tag-2.0.5/ejabberd_tests"
$ 5000  `ls -1 deps/  2>&1`
$ cd "/home/pete/wefwefwef/docs/erldocs_other.git"
>>> [rebar] deps = ["base16","escalus","exml","lhttpc"]
 :: Generating erldocs into /home/pete/wefwefwef/docs/other/4292811928/repo/2.0.5
Building ejabberd_tests
Generating Type Specs - "/home/pete/wefwefwef/docs/other/4292811928/ejabberd_tests-tag-2.0.5/ejabberd_tests/run_common_test.erl"
Generating XML for application ejabberd_tests "/home/pete/wefwefwef/docs/other/4292811928/ejabberd_tests-tag-2.0.5/ejabberd_tests" -> "/home/pete/wefwefwef/docs/other/4292811928/repo/2.0.5/.xml/ejabberd_tests"
Generated ejabberd_tests XMLs: []
No documentation was generated!
Woot, finished in 0 Minutes 0 Seconds
 :: Discovering other repos
$ 5000  `rm -r '/home/pete/wefwefwef/docs/other/4292811928/ejabberd_tests-tag-2.0.5'  2>&1`
 :: Processing https://github.com/esl/ejabberd_tests	{rev,tag,"2.0.6","bf2ade24ed0028cfef10cc4dbd499e16a2c5ae5b",undefined,[],[]}
 :: Fetching repo code
$ cd "/home/pete/wefwefwef/docs/other/4292811928/ejabberd_tests-tag-2.0.6/ejabberd_tests"
$ infinity  `curl --fail --silent --show-error --location --output '2.0.6.zip' 'https://github.com/esl/ejabberd_tests/archive/2.0.6.zip'  2>&1`
$ cd "/home/pete/wefwefwef/docs/erldocs_other.git"
$ cd "/home/pete/wefwefwef/docs/other/4292811928/ejabberd_tests-tag-2.0.6/ejabberd_tests"
$ 5000  `find -P . -type l -delete  2>&1`
$ cd "/home/pete/wefwefwef/docs/erldocs_other.git"
$ cd "/home/pete/wefwefwef/docs/other/4292811928/ejabberd_tests-tag-2.0.6/ejabberd_tests"
$ 5000  `find 'ejabberd_tests-2.0.6' -mindepth 1 -maxdepth 1 -exec mv -t . -- {} +  2>&1`
$ cd "/home/pete/wefwefwef/docs/erldocs_other.git"
 :: Getting dependencies
$ cd "/home/pete/wefwefwef/docs/other/4292811928/ejabberd_tests-tag-2.0.6/ejabberd_tests"
$ infinity  `rebar --config '/home/pete/wefwefwef/docs/other/4292811928/ejabberd_tests-tag-2.0.6/rebar_deps' get-deps  2>&1`
$ cd "/home/pete/wefwefwef/docs/erldocs_other.git"
$ cd "/home/pete/wefwefwef/docs/other/4292811928/ejabberd_tests-tag-2.0.6/ejabberd_tests"
$ 5000  `find -P . -type l -delete  2>&1`
$ cd "/home/pete/wefwefwef/docs/erldocs_other.git"
$ cd "/home/pete/wefwefwef/docs/other/4292811928/ejabberd_tests-tag-2.0.6/ejabberd_tests"
$ 5000  `ls -1 deps/  2>&1`
$ cd "/home/pete/wefwefwef/docs/erldocs_other.git"
>>> [rebar] deps = ["base16","escalus","exml","lhttpc"]
 :: Generating erldocs into /home/pete/wefwefwef/docs/other/4292811928/repo/2.0.6
Building ejabberd_tests
Generating Type Specs - "/home/pete/wefwefwef/docs/other/4292811928/ejabberd_tests-tag-2.0.6/ejabberd_tests/run_common_test.erl"
Generating XML for application ejabberd_tests "/home/pete/wefwefwef/docs/other/4292811928/ejabberd_tests-tag-2.0.6/ejabberd_tests" -> "/home/pete/wefwefwef/docs/other/4292811928/repo/2.0.6/.xml/ejabberd_tests"
Generated ejabberd_tests XMLs: []
No documentation was generated!
Woot, finished in 0 Minutes 0 Seconds
 :: Discovering other repos
$ 5000  `rm -r '/home/pete/wefwefwef/docs/other/4292811928/ejabberd_tests-tag-2.0.6'  2>&1`
 :: Processing https://github.com/esl/ejabberd_tests	{rev,tag,"2.1.0","7c4adec7d8f4bf837f3571654e1f987e0d805380",undefined,[],[]}
 :: Fetching repo code
$ cd "/home/pete/wefwefwef/docs/other/4292811928/ejabberd_tests-tag-2.1.0/ejabberd_tests"
$ infinity  `curl --fail --silent --show-error --location --output '2.1.0.zip' 'https://github.com/esl/ejabberd_tests/archive/2.1.0.zip'  2>&1`
$ cd "/home/pete/wefwefwef/docs/erldocs_other.git"
$ cd "/home/pete/wefwefwef/docs/other/4292811928/ejabberd_tests-tag-2.1.0/ejabberd_tests"
$ 5000  `find -P . -type l -delete  2>&1`
$ cd "/home/pete/wefwefwef/docs/erldocs_other.git"
$ cd "/home/pete/wefwefwef/docs/other/4292811928/ejabberd_tests-tag-2.1.0/ejabberd_tests"
$ 5000  `find 'ejabberd_tests-2.1.0' -mindepth 1 -maxdepth 1 -exec mv -t . -- {} +  2>&1`
$ cd "/home/pete/wefwefwef/docs/erldocs_other.git"
 :: Getting dependencies
$ cd "/home/pete/wefwefwef/docs/other/4292811928/ejabberd_tests-tag-2.1.0/ejabberd_tests"
$ infinity  `rebar --config '/home/pete/wefwefwef/docs/other/4292811928/ejabberd_tests-tag-2.1.0/rebar_deps' get-deps  2>&1`
$ cd "/home/pete/wefwefwef/docs/erldocs_other.git"
$ cd "/home/pete/wefwefwef/docs/other/4292811928/ejabberd_tests-tag-2.1.0/ejabberd_tests"
$ 5000  `find -P . -type l -delete  2>&1`
$ cd "/home/pete/wefwefwef/docs/erldocs_other.git"
$ cd "/home/pete/wefwefwef/docs/other/4292811928/ejabberd_tests-tag-2.1.0/ejabberd_tests"
$ 5000  `ls -1 deps/  2>&1`
$ cd "/home/pete/wefwefwef/docs/erldocs_other.git"
>>> [rebar] deps = ["base16","escalus","exml","lhttpc","mustache"]
 :: Generating erldocs into /home/pete/wefwefwef/docs/other/4292811928/repo/2.1.0
Building ejabberd_tests
Generating Type Specs - "/home/pete/wefwefwef/docs/other/4292811928/ejabberd_tests-tag-2.1.0/ejabberd_tests/run_common_test.erl"
Generating XML for application ejabberd_tests "/home/pete/wefwefwef/docs/other/4292811928/ejabberd_tests-tag-2.1.0/ejabberd_tests" -> "/home/pete/wefwefwef/docs/other/4292811928/repo/2.1.0/.xml/ejabberd_tests"
Generated ejabberd_tests XMLs: []
No documentation was generated!
Woot, finished in 0 Minutes 0 Seconds
 :: Discovering other repos
$ 5000  `rm -r '/home/pete/wefwefwef/docs/other/4292811928/ejabberd_tests-tag-2.1.0'  2>&1`
 :: Processing https://github.com/esl/ejabberd_tests	{rev,tag,"2.1.1","d195ceb7a250544fe655d424acf58b7ad7e48425",undefined,[],[]}
 :: Fetching repo code
$ cd "/home/pete/wefwefwef/docs/other/4292811928/ejabberd_tests-tag-2.1.1/ejabberd_tests"
$ infinity  `curl --fail --silent --show-error --location --output '2.1.1.zip' 'https://github.com/esl/ejabberd_tests/archive/2.1.1.zip'  2>&1`
$ cd "/home/pete/wefwefwef/docs/erldocs_other.git"
$ cd "/home/pete/wefwefwef/docs/other/4292811928/ejabberd_tests-tag-2.1.1/ejabberd_tests"
$ 5000  `find -P . -type l -delete  2>&1`
$ cd "/home/pete/wefwefwef/docs/erldocs_other.git"
$ cd "/home/pete/wefwefwef/docs/other/4292811928/ejabberd_tests-tag-2.1.1/ejabberd_tests"
$ 5000  `find 'ejabberd_tests-2.1.1' -mindepth 1 -maxdepth 1 -exec mv -t . -- {} +  2>&1`
$ cd "/home/pete/wefwefwef/docs/erldocs_other.git"
 :: Getting dependencies
$ cd "/home/pete/wefwefwef/docs/other/4292811928/ejabberd_tests-tag-2.1.1/ejabberd_tests"
$ infinity  `rebar --config '/home/pete/wefwefwef/docs/other/4292811928/ejabberd_tests-tag-2.1.1/rebar_deps' get-deps  2>&1`
$ cd "/home/pete/wefwefwef/docs/erldocs_other.git"
$ cd "/home/pete/wefwefwef/docs/other/4292811928/ejabberd_tests-tag-2.1.1/ejabberd_tests"
$ 5000  `find -P . -type l -delete  2>&1`
$ cd "/home/pete/wefwefwef/docs/erldocs_other.git"
$ cd "/home/pete/wefwefwef/docs/other/4292811928/ejabberd_tests-tag-2.1.1/ejabberd_tests"
$ 5000  `ls -1 deps/  2>&1`
$ cd "/home/pete/wefwefwef/docs/erldocs_other.git"
>>> [rebar] deps = ["base16","escalus","exml","lhttpc","mustache"]
 :: Generating erldocs into /home/pete/wefwefwef/docs/other/4292811928/repo/2.1.1
Building ejabberd_tests
Generating Type Specs - "/home/pete/wefwefwef/docs/other/4292811928/ejabberd_tests-tag-2.1.1/ejabberd_tests/run_common_test.erl"
Generating XML for application ejabberd_tests "/home/pete/wefwefwef/docs/other/4292811928/ejabberd_tests-tag-2.1.1/ejabberd_tests" -> "/home/pete/wefwefwef/docs/other/4292811928/repo/2.1.1/.xml/ejabberd_tests"
Generated ejabberd_tests XMLs: []
No documentation was generated!
Woot, finished in 0 Minutes 0 Seconds
 :: Discovering other repos
$ 5000  `rm -r '/home/pete/wefwefwef/docs/other/4292811928/ejabberd_tests-tag-2.1.1'  2>&1`
 :: Processing https://github.com/esl/ejabberd_tests	{rev,tag,"2.1.11","ca5683a2f53bcbb6830fc70ec75089dfb11954d4",undefined,[],[]}
 :: Fetching repo code
$ cd "/home/pete/wefwefwef/docs/other/4292811928/ejabberd_tests-tag-2.1.11/ejabberd_tests"
$ infinity  `curl --fail --silent --show-error --location --output '2.1.11.zip' 'https://github.com/esl/ejabberd_tests/archive/2.1.11.zip'  2>&1`
$ cd "/home/pete/wefwefwef/docs/erldocs_other.git"
$ cd "/home/pete/wefwefwef/docs/other/4292811928/ejabberd_tests-tag-2.1.11/ejabberd_tests"
$ 5000  `find -P . -type l -delete  2>&1`
$ cd "/home/pete/wefwefwef/docs/erldocs_other.git"
$ cd "/home/pete/wefwefwef/docs/other/4292811928/ejabberd_tests-tag-2.1.11/ejabberd_tests"
$ 5000  `find 'ejabberd_tests-2.1.11' -mindepth 1 -maxdepth 1 -exec mv -t . -- {} +  2>&1`
$ cd "/home/pete/wefwefwef/docs/erldocs_other.git"
 :: Getting dependencies
$ cd "/home/pete/wefwefwef/docs/other/4292811928/ejabberd_tests-tag-2.1.11/ejabberd_tests"
$ infinity  `rebar --config '/home/pete/wefwefwef/docs/other/4292811928/ejabberd_tests-tag-2.1.11/rebar_deps' get-deps  2>&1`
$ cd "/home/pete/wefwefwef/docs/erldocs_other.git"
$ cd "/home/pete/wefwefwef/docs/other/4292811928/ejabberd_tests-tag-2.1.11/ejabberd_tests"
$ 5000  `find -P . -type l -delete  2>&1`
$ cd "/home/pete/wefwefwef/docs/erldocs_other.git"
$ cd "/home/pete/wefwefwef/docs/other/4292811928/ejabberd_tests-tag-2.1.11/ejabberd_tests"
$ 5000  `ls -1 deps/  2>&1`
$ cd "/home/pete/wefwefwef/docs/erldocs_other.git"
>>> [rebar] deps = ["escalus","exml","lhttpc"]
 :: Generating erldocs into /home/pete/wefwefwef/docs/other/4292811928/repo/2.1.11
Building ejabberd_tests
Generating Type Specs - "/home/pete/wefwefwef/docs/other/4292811928/ejabberd_tests-tag-2.1.11/ejabberd_tests/run_common_test.erl"
Generating XML for application ejabberd_tests "/home/pete/wefwefwef/docs/other/4292811928/ejabberd_tests-tag-2.1.11/ejabberd_tests" -> "/home/pete/wefwefwef/docs/other/4292811928/repo/2.1.11/.xml/ejabberd_tests"
Generated ejabberd_tests XMLs: []
No documentation was generated!
Woot, finished in 0 Minutes 0 Seconds
 :: Discovering other repos
$ 5000  `rm -r '/home/pete/wefwefwef/docs/other/4292811928/ejabberd_tests-tag-2.1.11'  2>&1`
 :: Processing https://github.com/esl/ejabberd_tests	{rev,tag,"2.1.12","a204c4544ab9e43503ea1de47382eff6afe04597",undefined,[],[]}
 :: Fetching repo code
$ cd "/home/pete/wefwefwef/docs/other/4292811928/ejabberd_tests-tag-2.1.12/ejabberd_tests"
$ infinity  `curl --fail --silent --show-error --location --output '2.1.12.zip' 'https://github.com/esl/ejabberd_tests/archive/2.1.12.zip'  2>&1`
$ cd "/home/pete/wefwefwef/docs/erldocs_other.git"
$ cd "/home/pete/wefwefwef/docs/other/4292811928/ejabberd_tests-tag-2.1.12/ejabberd_tests"
$ 5000  `find -P . -type l -delete  2>&1`
$ cd "/home/pete/wefwefwef/docs/erldocs_other.git"
$ cd "/home/pete/wefwefwef/docs/other/4292811928/ejabberd_tests-tag-2.1.12/ejabberd_tests"
$ 5000  `find 'ejabberd_tests-2.1.12' -mindepth 1 -maxdepth 1 -exec mv -t . -- {} +  2>&1`
$ cd "/home/pete/wefwefwef/docs/erldocs_other.git"
 :: Getting dependencies
$ cd "/home/pete/wefwefwef/docs/other/4292811928/ejabberd_tests-tag-2.1.12/ejabberd_tests"
$ infinity  `rebar --config '/home/pete/wefwefwef/docs/other/4292811928/ejabberd_tests-tag-2.1.12/rebar_deps' get-deps  2>&1`
$ cd "/home/pete/wefwefwef/docs/erldocs_other.git"
$ cd "/home/pete/wefwefwef/docs/other/4292811928/ejabberd_tests-tag-2.1.12/ejabberd_tests"
$ 5000  `find -P . -type l -delete  2>&1`
$ cd "/home/pete/wefwefwef/docs/erldocs_other.git"
$ cd "/home/pete/wefwefwef/docs/other/4292811928/ejabberd_tests-tag-2.1.12/ejabberd_tests"
$ 5000  `ls -1 deps/  2>&1`
$ cd "/home/pete/wefwefwef/docs/erldocs_other.git"
>>> [rebar] deps = ["base16","cucumberl","escalus","espec","exml","fusco",
                    "hamcrest","meck","mustache","rebar_feature_runner",
                    "reloader","wsecli"]
 :: Generating erldocs into /home/pete/wefwefwef/docs/other/4292811928/repo/2.1.12
Building ejabberd_tests
Generating Type Specs - "/home/pete/wefwefwef/docs/other/4292811928/ejabberd_tests-tag-2.1.12/ejabberd_tests/run_common_test.erl"
Generating XML for application ejabberd_tests "/home/pete/wefwefwef/docs/other/4292811928/ejabberd_tests-tag-2.1.12/ejabberd_tests" -> "/home/pete/wefwefwef/docs/other/4292811928/repo/2.1.12/.xml/ejabberd_tests"
Generated ejabberd_tests XMLs: []
No documentation was generated!
Woot, finished in 0 Minutes 0 Seconds
 :: Discovering other repos
$ 5000  `rm -r '/home/pete/wefwefwef/docs/other/4292811928/ejabberd_tests-tag-2.1.12'  2>&1`
 :: Processing https://github.com/esl/ejabberd_tests	{rev,tag,"2.1.2","0d95d25c4a6e141d6a8b659e943245e80fe9ee3f",undefined,[],[]}
 :: Fetching repo code
$ cd "/home/pete/wefwefwef/docs/other/4292811928/ejabberd_tests-tag-2.1.2/ejabberd_tests"
$ infinity  `curl --fail --silent --show-error --location --output '2.1.2.zip' 'https://github.com/esl/ejabberd_tests/archive/2.1.2.zip'  2>&1`
$ cd "/home/pete/wefwefwef/docs/erldocs_other.git"
$ cd "/home/pete/wefwefwef/docs/other/4292811928/ejabberd_tests-tag-2.1.2/ejabberd_tests"
$ 5000  `find -P . -type l -delete  2>&1`
$ cd "/home/pete/wefwefwef/docs/erldocs_other.git"
$ cd "/home/pete/wefwefwef/docs/other/4292811928/ejabberd_tests-tag-2.1.2/ejabberd_tests"
$ 5000  `find 'ejabberd_tests-2.1.2' -mindepth 1 -maxdepth 1 -exec mv -t . -- {} +  2>&1`
$ cd "/home/pete/wefwefwef/docs/erldocs_other.git"
 :: Getting dependencies
$ cd "/home/pete/wefwefwef/docs/other/4292811928/ejabberd_tests-tag-2.1.2/ejabberd_tests"
$ infinity  `rebar --config '/home/pete/wefwefwef/docs/other/4292811928/ejabberd_tests-tag-2.1.2/rebar_deps' get-deps  2>&1`
$ cd "/home/pete/wefwefwef/docs/erldocs_other.git"
$ cd "/home/pete/wefwefwef/docs/other/4292811928/ejabberd_tests-tag-2.1.2/ejabberd_tests"
$ 5000  `find -P . -type l -delete  2>&1`
$ cd "/home/pete/wefwefwef/docs/erldocs_other.git"
$ cd "/home/pete/wefwefwef/docs/other/4292811928/ejabberd_tests-tag-2.1.2/ejabberd_tests"
$ 5000  `ls -1 deps/  2>&1`
$ cd "/home/pete/wefwefwef/docs/erldocs_other.git"
>>> [rebar] deps = ["base16","escalus","exml","lhttpc","mustache"]
 :: Generating erldocs into /home/pete/wefwefwef/docs/other/4292811928/repo/2.1.2
Building ejabberd_tests
Generating Type Specs - "/home/pete/wefwefwef/docs/other/4292811928/ejabberd_tests-tag-2.1.2/ejabberd_tests/run_common_test.erl"
Generating XML for application ejabberd_tests "/home/pete/wefwefwef/docs/other/4292811928/ejabberd_tests-tag-2.1.2/ejabberd_tests" -> "/home/pete/wefwefwef/docs/other/4292811928/repo/2.1.2/.xml/ejabberd_tests"
Generated ejabberd_tests XMLs: []
No documentation was generated!
Woot, finished in 0 Minutes 0 Seconds
 :: Discovering other repos
$ 5000  `rm -r '/home/pete/wefwefwef/docs/other/4292811928/ejabberd_tests-tag-2.1.2'  2>&1`
 :: Processing https://github.com/esl/ejabberd_tests	{rev,tag,"2.1.3","d257391bc6897fe2210239bf74bbc822fd966453",undefined,[],[]}
 :: Fetching repo code
$ cd "/home/pete/wefwefwef/docs/other/4292811928/ejabberd_tests-tag-2.1.3/ejabberd_tests"
$ infinity  `curl --fail --silent --show-error --location --output '2.1.3.zip' 'https://github.com/esl/ejabberd_tests/archive/2.1.3.zip'  2>&1`
$ cd "/home/pete/wefwefwef/docs/erldocs_other.git"
$ cd "/home/pete/wefwefwef/docs/other/4292811928/ejabberd_tests-tag-2.1.3/ejabberd_tests"
$ 5000  `find -P . -type l -delete  2>&1`
$ cd "/home/pete/wefwefwef/docs/erldocs_other.git"
$ cd "/home/pete/wefwefwef/docs/other/4292811928/ejabberd_tests-tag-2.1.3/ejabberd_tests"
$ 5000  `find 'ejabberd_tests-2.1.3' -mindepth 1 -maxdepth 1 -exec mv -t . -- {} +  2>&1`
$ cd "/home/pete/wefwefwef/docs/erldocs_other.git"
 :: Getting dependencies
$ cd "/home/pete/wefwefwef/docs/other/4292811928/ejabberd_tests-tag-2.1.3/ejabberd_tests"
$ infinity  `rebar --config '/home/pete/wefwefwef/docs/other/4292811928/ejabberd_tests-tag-2.1.3/rebar_deps' get-deps  2>&1`
$ cd "/home/pete/wefwefwef/docs/erldocs_other.git"
$ cd "/home/pete/wefwefwef/docs/other/4292811928/ejabberd_tests-tag-2.1.3/ejabberd_tests"
$ 5000  `find -P . -type l -delete  2>&1`
$ cd "/home/pete/wefwefwef/docs/erldocs_other.git"
$ cd "/home/pete/wefwefwef/docs/other/4292811928/ejabberd_tests-tag-2.1.3/ejabberd_tests"
$ 5000  `ls -1 deps/  2>&1`
$ cd "/home/pete/wefwefwef/docs/erldocs_other.git"
>>> [rebar] deps = ["base16","escalus","exml","lhttpc","mustache"]
 :: Generating erldocs into /home/pete/wefwefwef/docs/other/4292811928/repo/2.1.3
Building ejabberd_tests
Generating Type Specs - "/home/pete/wefwefwef/docs/other/4292811928/ejabberd_tests-tag-2.1.3/ejabberd_tests/run_common_test.erl"
Generating XML for application ejabberd_tests "/home/pete/wefwefwef/docs/other/4292811928/ejabberd_tests-tag-2.1.3/ejabberd_tests" -> "/home/pete/wefwefwef/docs/other/4292811928/repo/2.1.3/.xml/ejabberd_tests"
Generated ejabberd_tests XMLs: []
No documentation was generated!
Woot, finished in 0 Minutes 0 Seconds
 :: Discovering other repos
$ 5000  `rm -r '/home/pete/wefwefwef/docs/other/4292811928/ejabberd_tests-tag-2.1.3'  2>&1`
 :: Processing https://github.com/esl/ejabberd_tests	{rev,tag,"2.1.5","908401e4a33b77040f705fe01ff6963330fa481e",undefined,[],[]}
 :: Fetching repo code
$ cd "/home/pete/wefwefwef/docs/other/4292811928/ejabberd_tests-tag-2.1.5/ejabberd_tests"
$ infinity  `curl --fail --silent --show-error --location --output '2.1.5.zip' 'https://github.com/esl/ejabberd_tests/archive/2.1.5.zip'  2>&1`
$ cd "/home/pete/wefwefwef/docs/erldocs_other.git"
$ cd "/home/pete/wefwefwef/docs/other/4292811928/ejabberd_tests-tag-2.1.5/ejabberd_tests"
$ 5000  `find -P . -type l -delete  2>&1`
$ cd "/home/pete/wefwefwef/docs/erldocs_other.git"
$ cd "/home/pete/wefwefwef/docs/other/4292811928/ejabberd_tests-tag-2.1.5/ejabberd_tests"
$ 5000  `find 'ejabberd_tests-2.1.5' -mindepth 1 -maxdepth 1 -exec mv -t . -- {} +  2>&1`
$ cd "/home/pete/wefwefwef/docs/erldocs_other.git"
 :: Getting dependencies
$ cd "/home/pete/wefwefwef/docs/other/4292811928/ejabberd_tests-tag-2.1.5/ejabberd_tests"
$ infinity  `rebar --config '/home/pete/wefwefwef/docs/other/4292811928/ejabberd_tests-tag-2.1.5/rebar_deps' get-deps  2>&1`
$ cd "/home/pete/wefwefwef/docs/erldocs_other.git"
$ cd "/home/pete/wefwefwef/docs/other/4292811928/ejabberd_tests-tag-2.1.5/ejabberd_tests"
$ 5000  `find -P . -type l -delete  2>&1`
$ cd "/home/pete/wefwefwef/docs/erldocs_other.git"
$ cd "/home/pete/wefwefwef/docs/other/4292811928/ejabberd_tests-tag-2.1.5/ejabberd_tests"
$ 5000  `ls -1 deps/  2>&1`
$ cd "/home/pete/wefwefwef/docs/erldocs_other.git"
>>> [rebar] deps = ["base16","escalus","exml","lhttpc","mustache"]
 :: Generating erldocs into /home/pete/wefwefwef/docs/other/4292811928/repo/2.1.5
Building ejabberd_tests
Generating Type Specs - "/home/pete/wefwefwef/docs/other/4292811928/ejabberd_tests-tag-2.1.5/ejabberd_tests/run_common_test.erl"
Generating XML for application ejabberd_tests "/home/pete/wefwefwef/docs/other/4292811928/ejabberd_tests-tag-2.1.5/ejabberd_tests" -> "/home/pete/wefwefwef/docs/other/4292811928/repo/2.1.5/.xml/ejabberd_tests"
Generated ejabberd_tests XMLs: []
No documentation was generated!
Woot, finished in 0 Minutes 0 Seconds
 :: Discovering other repos
$ 5000  `rm -r '/home/pete/wefwefwef/docs/other/4292811928/ejabberd_tests-tag-2.1.5'  2>&1`
 :: Processing https://github.com/esl/ejabberd_tests	{rev,tag,"2.1.6","9b6f6e83d25d480f5e561e5f1c55d33418776ac1",undefined,[],[]}
 :: Fetching repo code
$ cd "/home/pete/wefwefwef/docs/other/4292811928/ejabberd_tests-tag-2.1.6/ejabberd_tests"
$ infinity  `curl --fail --silent --show-error --location --output '2.1.6.zip' 'https://github.com/esl/ejabberd_tests/archive/2.1.6.zip'  2>&1`
$ cd "/home/pete/wefwefwef/docs/erldocs_other.git"
$ cd "/home/pete/wefwefwef/docs/other/4292811928/ejabberd_tests-tag-2.1.6/ejabberd_tests"
$ 5000  `find -P . -type l -delete  2>&1`
$ cd "/home/pete/wefwefwef/docs/erldocs_other.git"
$ cd "/home/pete/wefwefwef/docs/other/4292811928/ejabberd_tests-tag-2.1.6/ejabberd_tests"
$ 5000  `find 'ejabberd_tests-2.1.6' -mindepth 1 -maxdepth 1 -exec mv -t . -- {} +  2>&1`
$ cd "/home/pete/wefwefwef/docs/erldocs_other.git"
 :: Getting dependencies
$ cd "/home/pete/wefwefwef/docs/other/4292811928/ejabberd_tests-tag-2.1.6/ejabberd_tests"
$ infinity  `rebar --config '/home/pete/wefwefwef/docs/other/4292811928/ejabberd_tests-tag-2.1.6/rebar_deps' get-deps  2>&1`
$ cd "/home/pete/wefwefwef/docs/erldocs_other.git"
$ cd "/home/pete/wefwefwef/docs/other/4292811928/ejabberd_tests-tag-2.1.6/ejabberd_tests"
$ 5000  `find -P . -type l -delete  2>&1`
$ cd "/home/pete/wefwefwef/docs/erldocs_other.git"
$ cd "/home/pete/wefwefwef/docs/other/4292811928/ejabberd_tests-tag-2.1.6/ejabberd_tests"
$ 5000  `ls -1 deps/  2>&1`
$ cd "/home/pete/wefwefwef/docs/erldocs_other.git"
>>> [rebar] deps = ["base16","escalus","exml","lhttpc","mustache"]
 :: Generating erldocs into /home/pete/wefwefwef/docs/other/4292811928/repo/2.1.6
Building ejabberd_tests
Generating Type Specs - "/home/pete/wefwefwef/docs/other/4292811928/ejabberd_tests-tag-2.1.6/ejabberd_tests/run_common_test.erl"
Generating XML for application ejabberd_tests "/home/pete/wefwefwef/docs/other/4292811928/ejabberd_tests-tag-2.1.6/ejabberd_tests" -> "/home/pete/wefwefwef/docs/other/4292811928/repo/2.1.6/.xml/ejabberd_tests"
Generated ejabberd_tests XMLs: []
No documentation was generated!
Woot, finished in 0 Minutes 0 Seconds
 :: Discovering other repos
$ 5000  `rm -r '/home/pete/wefwefwef/docs/other/4292811928/ejabberd_tests-tag-2.1.6'  2>&1`
 :: Processing https://github.com/esl/ejabberd_tests	{rev,tag,"2.1.7","4f455f63b68ea0e3f0f2c8ac45c57542544cdc7a",undefined,[],[]}
 :: Fetching repo code
$ cd "/home/pete/wefwefwef/docs/other/4292811928/ejabberd_tests-tag-2.1.7/ejabberd_tests"
$ infinity  `curl --fail --silent --show-error --location --output '2.1.7.zip' 'https://github.com/esl/ejabberd_tests/archive/2.1.7.zip'  2>&1`
$ cd "/home/pete/wefwefwef/docs/erldocs_other.git"
$ cd "/home/pete/wefwefwef/docs/other/4292811928/ejabberd_tests-tag-2.1.7/ejabberd_tests"
$ 5000  `find -P . -type l -delete  2>&1`
$ cd "/home/pete/wefwefwef/docs/erldocs_other.git"
$ cd "/home/pete/wefwefwef/docs/other/4292811928/ejabberd_tests-tag-2.1.7/ejabberd_tests"
$ 5000  `find 'ejabberd_tests-2.1.7' -mindepth 1 -maxdepth 1 -exec mv -t . -- {} +  2>&1`
$ cd "/home/pete/wefwefwef/docs/erldocs_other.git"
 :: Getting dependencies
$ cd "/home/pete/wefwefwef/docs/other/4292811928/ejabberd_tests-tag-2.1.7/ejabberd_tests"
$ infinity  `rebar --config '/home/pete/wefwefwef/docs/other/4292811928/ejabberd_tests-tag-2.1.7/rebar_deps' get-deps  2>&1`
$ cd "/home/pete/wefwefwef/docs/erldocs_other.git"
$ cd "/home/pete/wefwefwef/docs/other/4292811928/ejabberd_tests-tag-2.1.7/ejabberd_tests"
$ 5000  `find -P . -type l -delete  2>&1`
$ cd "/home/pete/wefwefwef/docs/erldocs_other.git"
$ cd "/home/pete/wefwefwef/docs/other/4292811928/ejabberd_tests-tag-2.1.7/ejabberd_tests"
$ 5000  `ls -1 deps/  2>&1`
$ cd "/home/pete/wefwefwef/docs/erldocs_other.git"
>>> [rebar] deps = ["base16","escalus","exml","lhttpc","mustache"]
 :: Generating erldocs into /home/pete/wefwefwef/docs/other/4292811928/repo/2.1.7
Building ejabberd_tests
Generating Type Specs - "/home/pete/wefwefwef/docs/other/4292811928/ejabberd_tests-tag-2.1.7/ejabberd_tests/run_common_test.erl"
Generating XML for application ejabberd_tests "/home/pete/wefwefwef/docs/other/4292811928/ejabberd_tests-tag-2.1.7/ejabberd_tests" -> "/home/pete/wefwefwef/docs/other/4292811928/repo/2.1.7/.xml/ejabberd_tests"
Generated ejabberd_tests XMLs: []
No documentation was generated!
Woot, finished in 0 Minutes 0 Seconds
 :: Discovering other repos
$ 5000  `rm -r '/home/pete/wefwefwef/docs/other/4292811928/ejabberd_tests-tag-2.1.7'  2>&1`
 :: Processing https://github.com/esl/ejabberd_tests	{rev,tag,"2.1.8","afb3a7fb939abb55daa445712739160221f26e9e",undefined,[],[]}
 :: Fetching repo code
$ cd "/home/pete/wefwefwef/docs/other/4292811928/ejabberd_tests-tag-2.1.8/ejabberd_tests"
$ infinity  `curl --fail --silent --show-error --location --output '2.1.8.zip' 'https://github.com/esl/ejabberd_tests/archive/2.1.8.zip'  2>&1`
$ cd "/home/pete/wefwefwef/docs/erldocs_other.git"
$ cd "/home/pete/wefwefwef/docs/other/4292811928/ejabberd_tests-tag-2.1.8/ejabberd_tests"
$ 5000  `find -P . -type l -delete  2>&1`
$ cd "/home/pete/wefwefwef/docs/erldocs_other.git"
$ cd "/home/pete/wefwefwef/docs/other/4292811928/ejabberd_tests-tag-2.1.8/ejabberd_tests"
$ 5000  `find 'ejabberd_tests-2.1.8' -mindepth 1 -maxdepth 1 -exec mv -t . -- {} +  2>&1`
$ cd "/home/pete/wefwefwef/docs/erldocs_other.git"
 :: Getting dependencies
$ cd "/home/pete/wefwefwef/docs/other/4292811928/ejabberd_tests-tag-2.1.8/ejabberd_tests"
$ infinity  `rebar --config '/home/pete/wefwefwef/docs/other/4292811928/ejabberd_tests-tag-2.1.8/rebar_deps' get-deps  2>&1`
$ cd "/home/pete/wefwefwef/docs/erldocs_other.git"
$ cd "/home/pete/wefwefwef/docs/other/4292811928/ejabberd_tests-tag-2.1.8/ejabberd_tests"
$ 5000  `find -P . -type l -delete  2>&1`
$ cd "/home/pete/wefwefwef/docs/erldocs_other.git"
$ cd "/home/pete/wefwefwef/docs/other/4292811928/ejabberd_tests-tag-2.1.8/ejabberd_tests"
$ 5000  `ls -1 deps/  2>&1`
$ cd "/home/pete/wefwefwef/docs/erldocs_other.git"
>>> [rebar] deps = ["base16","escalus","exml","lhttpc","mustache"]
 :: Generating erldocs into /home/pete/wefwefwef/docs/other/4292811928/repo/2.1.8
Building ejabberd_tests
Generating Type Specs - "/home/pete/wefwefwef/docs/other/4292811928/ejabberd_tests-tag-2.1.8/ejabberd_tests/run_common_test.erl"
Generating XML for application ejabberd_tests "/home/pete/wefwefwef/docs/other/4292811928/ejabberd_tests-tag-2.1.8/ejabberd_tests" -> "/home/pete/wefwefwef/docs/other/4292811928/repo/2.1.8/.xml/ejabberd_tests"
Generated ejabberd_tests XMLs: []
No documentation was generated!
Woot, finished in 0 Minutes 0 Seconds
 :: Discovering other repos
$ 5000  `rm -r '/home/pete/wefwefwef/docs/other/4292811928/ejabberd_tests-tag-2.1.8'  2>&1`
 :: Processing https://github.com/esl/ejabberd_tests	{rev,tag,"2.1.9","c4e504191ae13d98833d11b7d738bc5a8f5dfb6a",undefined,[],[]}
 :: Fetching repo code
$ cd "/home/pete/wefwefwef/docs/other/4292811928/ejabberd_tests-tag-2.1.9/ejabberd_tests"
$ infinity  `curl --fail --silent --show-error --location --output '2.1.9.zip' 'https://github.com/esl/ejabberd_tests/archive/2.1.9.zip'  2>&1`
$ cd "/home/pete/wefwefwef/docs/erldocs_other.git"
$ cd "/home/pete/wefwefwef/docs/other/4292811928/ejabberd_tests-tag-2.1.9/ejabberd_tests"
$ 5000  `find -P . -type l -delete  2>&1`
$ cd "/home/pete/wefwefwef/docs/erldocs_other.git"
$ cd "/home/pete/wefwefwef/docs/other/4292811928/ejabberd_tests-tag-2.1.9/ejabberd_tests"
$ 5000  `find 'ejabberd_tests-2.1.9' -mindepth 1 -maxdepth 1 -exec mv -t . -- {} +  2>&1`
$ cd "/home/pete/wefwefwef/docs/erldocs_other.git"
 :: Getting dependencies
$ cd "/home/pete/wefwefwef/docs/other/4292811928/ejabberd_tests-tag-2.1.9/ejabberd_tests"
$ infinity  `rebar --config '/home/pete/wefwefwef/docs/other/4292811928/ejabberd_tests-tag-2.1.9/rebar_deps' get-deps  2>&1`
$ cd "/home/pete/wefwefwef/docs/erldocs_other.git"
$ cd "/home/pete/wefwefwef/docs/other/4292811928/ejabberd_tests-tag-2.1.9/ejabberd_tests"
$ 5000  `find -P . -type l -delete  2>&1`
$ cd "/home/pete/wefwefwef/docs/erldocs_other.git"
$ cd "/home/pete/wefwefwef/docs/other/4292811928/ejabberd_tests-tag-2.1.9/ejabberd_tests"
$ 5000  `ls -1 deps/  2>&1`
$ cd "/home/pete/wefwefwef/docs/erldocs_other.git"
>>> [rebar] deps = ["escalus","exml","lhttpc"]
 :: Generating erldocs into /home/pete/wefwefwef/docs/other/4292811928/repo/2.1.9
Building ejabberd_tests
Generating Type Specs - "/home/pete/wefwefwef/docs/other/4292811928/ejabberd_tests-tag-2.1.9/ejabberd_tests/run_common_test.erl"
Generating XML for application ejabberd_tests "/home/pete/wefwefwef/docs/other/4292811928/ejabberd_tests-tag-2.1.9/ejabberd_tests" -> "/home/pete/wefwefwef/docs/other/4292811928/repo/2.1.9/.xml/ejabberd_tests"
Generated ejabberd_tests XMLs: []
No documentation was generated!
Woot, finished in 0 Minutes 0 Seconds
 :: Discovering other repos
$ 5000  `rm -r '/home/pete/wefwefwef/docs/other/4292811928/ejabberd_tests-tag-2.1.9'  2>&1`
 :: Processing https://github.com/esl/ejabberd_tests	{rev,tag,"2.2.0","39d4cdb0483e37a48fa5a8c8fec26ec369150a43",undefined,[],[]}
 :: Fetching repo code
$ cd "/home/pete/wefwefwef/docs/other/4292811928/ejabberd_tests-tag-2.2.0/ejabberd_tests"
$ infinity  `curl --fail --silent --show-error --location --output '2.2.0.zip' 'https://github.com/esl/ejabberd_tests/archive/2.2.0.zip'  2>&1`
$ cd "/home/pete/wefwefwef/docs/erldocs_other.git"
$ cd "/home/pete/wefwefwef/docs/other/4292811928/ejabberd_tests-tag-2.2.0/ejabberd_tests"
$ 5000  `find -P . -type l -delete  2>&1`
$ cd "/home/pete/wefwefwef/docs/erldocs_other.git"
$ cd "/home/pete/wefwefwef/docs/other/4292811928/ejabberd_tests-tag-2.2.0/ejabberd_tests"
$ 5000  `find 'ejabberd_tests-2.2.0' -mindepth 1 -maxdepth 1 -exec mv -t . -- {} +  2>&1`
$ cd "/home/pete/wefwefwef/docs/erldocs_other.git"
 :: Getting dependencies
$ cd "/home/pete/wefwefwef/docs/other/4292811928/ejabberd_tests-tag-2.2.0/ejabberd_tests"
$ infinity  `rebar --config '/home/pete/wefwefwef/docs/other/4292811928/ejabberd_tests-tag-2.2.0/rebar_deps' get-deps  2>&1`
$ cd "/home/pete/wefwefwef/docs/erldocs_other.git"
$ cd "/home/pete/wefwefwef/docs/other/4292811928/ejabberd_tests-tag-2.2.0/ejabberd_tests"
$ 5000  `find -P . -type l -delete  2>&1`
$ cd "/home/pete/wefwefwef/docs/erldocs_other.git"
$ cd "/home/pete/wefwefwef/docs/other/4292811928/ejabberd_tests-tag-2.2.0/ejabberd_tests"
$ 5000  `ls -1 deps/  2>&1`
$ cd "/home/pete/wefwefwef/docs/erldocs_other.git"
>>> [rebar] deps = ["base16","cucumberl","escalus","espec","exml","fusco",
                    "hamcrest","meck","mustache","rebar_feature_runner",
                    "reloader","wsecli"]
 :: Generating erldocs into /home/pete/wefwefwef/docs/other/4292811928/repo/2.2.0
Building ejabberd_tests
Generating Type Specs - "/home/pete/wefwefwef/docs/other/4292811928/ejabberd_tests-tag-2.2.0/ejabberd_tests/run_common_test.erl"
Generating XML for application ejabberd_tests "/home/pete/wefwefwef/docs/other/4292811928/ejabberd_tests-tag-2.2.0/ejabberd_tests" -> "/home/pete/wefwefwef/docs/other/4292811928/repo/2.2.0/.xml/ejabberd_tests"
Generated ejabberd_tests XMLs: []
No documentation was generated!
Woot, finished in 0 Minutes 0 Seconds
 :: Discovering other repos
$ 5000  `rm -r '/home/pete/wefwefwef/docs/other/4292811928/ejabberd_tests-tag-2.2.0'  2>&1`
 :: Processing https://github.com/esl/ejabberd_tests	{rev,tag,"2.2.1","e334cce4fdc5dd5a2dd175e017c1e515eb0ba87d",undefined,[],[]}
 :: Fetching repo code
$ cd "/home/pete/wefwefwef/docs/other/4292811928/ejabberd_tests-tag-2.2.1/ejabberd_tests"
$ infinity  `curl --fail --silent --show-error --location --output '2.2.1.zip' 'https://github.com/esl/ejabberd_tests/archive/2.2.1.zip'  2>&1`
$ cd "/home/pete/wefwefwef/docs/erldocs_other.git"
$ cd "/home/pete/wefwefwef/docs/other/4292811928/ejabberd_tests-tag-2.2.1/ejabberd_tests"
$ 5000  `find -P . -type l -delete  2>&1`
$ cd "/home/pete/wefwefwef/docs/erldocs_other.git"
$ cd "/home/pete/wefwefwef/docs/other/4292811928/ejabberd_tests-tag-2.2.1/ejabberd_tests"
$ 5000  `find 'ejabberd_tests-2.2.1' -mindepth 1 -maxdepth 1 -exec mv -t . -- {} +  2>&1`
$ cd "/home/pete/wefwefwef/docs/erldocs_other.git"
 :: Getting dependencies
$ cd "/home/pete/wefwefwef/docs/other/4292811928/ejabberd_tests-tag-2.2.1/ejabberd_tests"
$ infinity  `rebar --config '/home/pete/wefwefwef/docs/other/4292811928/ejabberd_tests-tag-2.2.1/rebar_deps' get-deps  2>&1`
$ cd "/home/pete/wefwefwef/docs/erldocs_other.git"
$ cd "/home/pete/wefwefwef/docs/other/4292811928/ejabberd_tests-tag-2.2.1/ejabberd_tests"
$ 5000  `find -P . -type l -delete  2>&1`
$ cd "/home/pete/wefwefwef/docs/erldocs_other.git"
$ cd "/home/pete/wefwefwef/docs/other/4292811928/ejabberd_tests-tag-2.2.1/ejabberd_tests"
$ 5000  `ls -1 deps/  2>&1`
$ cd "/home/pete/wefwefwef/docs/erldocs_other.git"
>>> [rebar] deps = ["base16","cucumberl","escalus","espec","exml","fusco",
                    "hamcrest","meck","mustache","rebar_feature_runner",
                    "reloader","wsecli"]
 :: Generating erldocs into /home/pete/wefwefwef/docs/other/4292811928/repo/2.2.1
Building ejabberd_tests
Generating Type Specs - "/home/pete/wefwefwef/docs/other/4292811928/ejabberd_tests-tag-2.2.1/ejabberd_tests/run_common_test.erl"
Generating XML for application ejabberd_tests "/home/pete/wefwefwef/docs/other/4292811928/ejabberd_tests-tag-2.2.1/ejabberd_tests" -> "/home/pete/wefwefwef/docs/other/4292811928/repo/2.2.1/.xml/ejabberd_tests"
Generated ejabberd_tests XMLs: []
No documentation was generated!
Woot, finished in 0 Minutes 0 Seconds
 :: Discovering other repos
$ 5000  `rm -r '/home/pete/wefwefwef/docs/other/4292811928/ejabberd_tests-tag-2.2.1'  2>&1`
 :: Processing https://github.com/esl/ejabberd_tests	{rev,tag,"2.2.2","6211af5f1f203602c3a7febac877f7e06f281e2a",undefined,[],[]}
 :: Fetching repo code
$ cd "/home/pete/wefwefwef/docs/other/4292811928/ejabberd_tests-tag-2.2.2/ejabberd_tests"
$ infinity  `curl --fail --silent --show-error --location --output '2.2.2.zip' 'https://github.com/esl/ejabberd_tests/archive/2.2.2.zip'  2>&1`
$ cd "/home/pete/wefwefwef/docs/erldocs_other.git"
$ cd "/home/pete/wefwefwef/docs/other/4292811928/ejabberd_tests-tag-2.2.2/ejabberd_tests"
$ 5000  `find -P . -type l -delete  2>&1`
$ cd "/home/pete/wefwefwef/docs/erldocs_other.git"
$ cd "/home/pete/wefwefwef/docs/other/4292811928/ejabberd_tests-tag-2.2.2/ejabberd_tests"
$ 5000  `find 'ejabberd_tests-2.2.2' -mindepth 1 -maxdepth 1 -exec mv -t . -- {} +  2>&1`
$ cd "/home/pete/wefwefwef/docs/erldocs_other.git"
 :: Getting dependencies
$ cd "/home/pete/wefwefwef/docs/other/4292811928/ejabberd_tests-tag-2.2.2/ejabberd_tests"
$ infinity  `rebar --config '/home/pete/wefwefwef/docs/other/4292811928/ejabberd_tests-tag-2.2.2/rebar_deps' get-deps  2>&1`
$ cd "/home/pete/wefwefwef/docs/erldocs_other.git"
$ cd "/home/pete/wefwefwef/docs/other/4292811928/ejabberd_tests-tag-2.2.2/ejabberd_tests"
$ 5000  `find -P . -type l -delete  2>&1`
$ cd "/home/pete/wefwefwef/docs/erldocs_other.git"
$ cd "/home/pete/wefwefwef/docs/other/4292811928/ejabberd_tests-tag-2.2.2/ejabberd_tests"
$ 5000  `ls -1 deps/  2>&1`
$ cd "/home/pete/wefwefwef/docs/erldocs_other.git"
>>> [rebar] deps = ["base16","cucumberl","escalus","espec","exml","fusco",
                    "hamcrest","meck","mustache","rebar_feature_runner",
                    "reloader","wsecli"]
 :: Generating erldocs into /home/pete/wefwefwef/docs/other/4292811928/repo/2.2.2
Building ejabberd_tests
Generating Type Specs - "/home/pete/wefwefwef/docs/other/4292811928/ejabberd_tests-tag-2.2.2/ejabberd_tests/run_common_test.erl"
Generating XML for application ejabberd_tests "/home/pete/wefwefwef/docs/other/4292811928/ejabberd_tests-tag-2.2.2/ejabberd_tests" -> "/home/pete/wefwefwef/docs/other/4292811928/repo/2.2.2/.xml/ejabberd_tests"
Generated ejabberd_tests XMLs: []
No documentation was generated!
Woot, finished in 0 Minutes 0 Seconds
 :: Discovering other repos
$ 5000  `rm -r '/home/pete/wefwefwef/docs/other/4292811928/ejabberd_tests-tag-2.2.2'  2>&1`
 :: Processing https://github.com/esl/ejabberd_tests	{rev,tag,"2.3.0","4d3bb1d049dc6c852f306ca0212b808d7728886e",undefined,[],[]}
 :: Fetching repo code
$ cd "/home/pete/wefwefwef/docs/other/4292811928/ejabberd_tests-tag-2.3.0/ejabberd_tests"
$ infinity  `curl --fail --silent --show-error --location --output '2.3.0.zip' 'https://github.com/esl/ejabberd_tests/archive/2.3.0.zip'  2>&1`
$ cd "/home/pete/wefwefwef/docs/erldocs_other.git"
$ cd "/home/pete/wefwefwef/docs/other/4292811928/ejabberd_tests-tag-2.3.0/ejabberd_tests"
$ 5000  `find -P . -type l -delete  2>&1`
$ cd "/home/pete/wefwefwef/docs/erldocs_other.git"
$ cd "/home/pete/wefwefwef/docs/other/4292811928/ejabberd_tests-tag-2.3.0/ejabberd_tests"
$ 5000  `find 'ejabberd_tests-2.3.0' -mindepth 1 -maxdepth 1 -exec mv -t . -- {} +  2>&1`
$ cd "/home/pete/wefwefwef/docs/erldocs_other.git"
 :: Getting dependencies
$ cd "/home/pete/wefwefwef/docs/other/4292811928/ejabberd_tests-tag-2.3.0/ejabberd_tests"
$ infinity  `rebar --config '/home/pete/wefwefwef/docs/other/4292811928/ejabberd_tests-tag-2.3.0/rebar_deps' get-deps  2>&1`
$ cd "/home/pete/wefwefwef/docs/erldocs_other.git"
$ cd "/home/pete/wefwefwef/docs/other/4292811928/ejabberd_tests-tag-2.3.0/ejabberd_tests"
$ 5000  `find -P . -type l -delete  2>&1`
$ cd "/home/pete/wefwefwef/docs/erldocs_other.git"
$ cd "/home/pete/wefwefwef/docs/other/4292811928/ejabberd_tests-tag-2.3.0/ejabberd_tests"
$ 5000  `ls -1 deps/  2>&1`
$ cd "/home/pete/wefwefwef/docs/erldocs_other.git"
>>> [rebar] deps = ["base16","cucumberl","escalus","espec","exml","fusco",
                    "hamcrest","meck","mustache","rebar_feature_runner",
                    "reloader","wsecli","wsock"]
 :: Generating erldocs into /home/pete/wefwefwef/docs/other/4292811928/repo/2.3.0
Building ejabberd_tests
Generating Type Specs - "/home/pete/wefwefwef/docs/other/4292811928/ejabberd_tests-tag-2.3.0/ejabberd_tests/run_common_test.erl"
Generating Type Specs - "/home/pete/wefwefwef/docs/other/4292811928/ejabberd_tests-tag-2.3.0/ejabberd_tests/src/ct_tty_hook.erl"
Generating XML for application ejabberd_tests "/home/pete/wefwefwef/docs/other/4292811928/ejabberd_tests-tag-2.3.0/ejabberd_tests" -> "/home/pete/wefwefwef/docs/other/4292811928/repo/2.3.0/.xml/ejabberd_tests"
/home/pete/wefwefwef/docs/other/4292811928/ejabberd_tests-tag-2.3.0/ejabberd_tests/src/ct_tty_hook.erl, function id/1: at line 31: multiple @doc tag.
edoc: skipping source file '/home/pete/wefwefwef/docs/other/4292811928/ejabberd_tests-tag-2.3.0/ejabberd_tests/src/ct_tty_hook.erl': {'EXIT',
                                                                                                                                error}.
edoc: error in doclet 'edoc_doclet': {'EXIT',error}.
Error generating ejabberd_tests XMLs. Using fallback ...
Generating XML ejabberd_tests - run_common_test "/home/pete/wefwefwef/docs/other/4292811928/ejabberd_tests-tag-2.3.0/ejabberd_tests/run_common_test.erl" -> "/home/pete/wefwefwef/docs/other/4292811928/repo/2.3.0/.xml/ejabberd_tests/run_common_test.xml"
Generating XML ejabberd_tests - ct_tty_hook "/home/pete/wefwefwef/docs/other/4292811928/ejabberd_tests-tag-2.3.0/ejabberd_tests/src/ct_tty_hook.erl" -> "/home/pete/wefwefwef/docs/other/4292811928/repo/2.3.0/.xml/ejabberd_tests/ct_tty_hook.xml"
/home/pete/wefwefwef/docs/other/4292811928/ejabberd_tests-tag-2.3.0/ejabberd_tests/src/ct_tty_hook.erl, function id/1: at line 31: multiple @doc tag.
Error generating XML ("/home/pete/wefwefwef/docs/other/4292811928/ejabberd_tests-tag-2.3.0/ejabberd_tests/src/ct_tty_hook.erl"): {'EXIT',
                                                                                                                                  error}
Generating HTML - run_common_test "/home/pete/wefwefwef/docs/other/4292811928/repo/2.3.0/.xml/ejabberd_tests/run_common_test.xml"
Reading XML for "/home/pete/wefwefwef/docs/other/4292811928/repo/2.3.0/.xml/ejabberd_tests/run_common_test.xml"
Reading XML for "/home/pete/wefwefwef/docs/other/4292811928/repo/2.3.0/.xml/specs_run_common_test.xml"
Creating index.html ...
Creating erldocs_index.js ...
Woot, finished in 0 Minutes 0 Seconds
 :: Discovering other repos
$ 5000  `rm -r '/home/pete/wefwefwef/docs/other/4292811928/ejabberd_tests-tag-2.3.0'  2>&1`
 :: Processing https://github.com/esl/ejabberd_tests	{rev,tag,"2.3.1","4aefa3a174c5b78a85bff6cecd04f39e4ba5195c",undefined,[],[]}
 :: Fetching repo code
$ cd "/home/pete/wefwefwef/docs/other/4292811928/ejabberd_tests-tag-2.3.1/ejabberd_tests"
$ infinity  `curl --fail --silent --show-error --location --output '2.3.1.zip' 'https://github.com/esl/ejabberd_tests/archive/2.3.1.zip'  2>&1`
$ cd "/home/pete/wefwefwef/docs/erldocs_other.git"
$ cd "/home/pete/wefwefwef/docs/other/4292811928/ejabberd_tests-tag-2.3.1/ejabberd_tests"
$ 5000  `find -P . -type l -delete  2>&1`
$ cd "/home/pete/wefwefwef/docs/erldocs_other.git"
$ cd "/home/pete/wefwefwef/docs/other/4292811928/ejabberd_tests-tag-2.3.1/ejabberd_tests"
$ 5000  `find 'ejabberd_tests-2.3.1' -mindepth 1 -maxdepth 1 -exec mv -t . -- {} +  2>&1`
$ cd "/home/pete/wefwefwef/docs/erldocs_other.git"
 :: Getting dependencies
$ cd "/home/pete/wefwefwef/docs/other/4292811928/ejabberd_tests-tag-2.3.1/ejabberd_tests"
$ infinity  `rebar --config '/home/pete/wefwefwef/docs/other/4292811928/ejabberd_tests-tag-2.3.1/rebar_deps' get-deps  2>&1`
$ cd "/home/pete/wefwefwef/docs/erldocs_other.git"
$ cd "/home/pete/wefwefwef/docs/other/4292811928/ejabberd_tests-tag-2.3.1/ejabberd_tests"
$ 5000  `find -P . -type l -delete  2>&1`
$ cd "/home/pete/wefwefwef/docs/erldocs_other.git"
$ cd "/home/pete/wefwefwef/docs/other/4292811928/ejabberd_tests-tag-2.3.1/ejabberd_tests"
$ 5000  `ls -1 deps/  2>&1`
$ cd "/home/pete/wefwefwef/docs/erldocs_other.git"
>>> [rebar] deps = ["base16","cucumberl","escalus","espec","exml","fusco",
                    "hamcrest","meck","mustache","rebar_feature_runner",
                    "reloader","wsecli","wsock"]
 :: Generating erldocs into /home/pete/wefwefwef/docs/other/4292811928/repo/2.3.1
Building ejabberd_tests
Generating Type Specs - "/home/pete/wefwefwef/docs/other/4292811928/ejabberd_tests-tag-2.3.1/ejabberd_tests/run_common_test.erl"
Generating Type Specs - "/home/pete/wefwefwef/docs/other/4292811928/ejabberd_tests-tag-2.3.1/ejabberd_tests/src/ct_tty_hook.erl"
Generating XML for application ejabberd_tests "/home/pete/wefwefwef/docs/other/4292811928/ejabberd_tests-tag-2.3.1/ejabberd_tests" -> "/home/pete/wefwefwef/docs/other/4292811928/repo/2.3.1/.xml/ejabberd_tests"
/home/pete/wefwefwef/docs/other/4292811928/ejabberd_tests-tag-2.3.1/ejabberd_tests/src/ct_tty_hook.erl, function id/1: at line 31: multiple @doc tag.
edoc: skipping source file '/home/pete/wefwefwef/docs/other/4292811928/ejabberd_tests-tag-2.3.1/ejabberd_tests/src/ct_tty_hook.erl': {'EXIT',
                                                                                                                                error}.
edoc: error in doclet 'edoc_doclet': {'EXIT',error}.
Error generating ejabberd_tests XMLs. Using fallback ...
Generating XML ejabberd_tests - run_common_test "/home/pete/wefwefwef/docs/other/4292811928/ejabberd_tests-tag-2.3.1/ejabberd_tests/run_common_test.erl" -> "/home/pete/wefwefwef/docs/other/4292811928/repo/2.3.1/.xml/ejabberd_tests/run_common_test.xml"
Generating XML ejabberd_tests - ct_tty_hook "/home/pete/wefwefwef/docs/other/4292811928/ejabberd_tests-tag-2.3.1/ejabberd_tests/src/ct_tty_hook.erl" -> "/home/pete/wefwefwef/docs/other/4292811928/repo/2.3.1/.xml/ejabberd_tests/ct_tty_hook.xml"
/home/pete/wefwefwef/docs/other/4292811928/ejabberd_tests-tag-2.3.1/ejabberd_tests/src/ct_tty_hook.erl, function id/1: at line 31: multiple @doc tag.
Error generating XML ("/home/pete/wefwefwef/docs/other/4292811928/ejabberd_tests-tag-2.3.1/ejabberd_tests/src/ct_tty_hook.erl"): {'EXIT',
                                                                                                                                  error}
Generating HTML - run_common_test "/home/pete/wefwefwef/docs/other/4292811928/repo/2.3.1/.xml/ejabberd_tests/run_common_test.xml"
Reading XML for "/home/pete/wefwefwef/docs/other/4292811928/repo/2.3.1/.xml/ejabberd_tests/run_common_test.xml"
Reading XML for "/home/pete/wefwefwef/docs/other/4292811928/repo/2.3.1/.xml/specs_run_common_test.xml"
Creating index.html ...
Creating erldocs_index.js ...
Woot, finished in 0 Minutes 0 Seconds
 :: Discovering other repos
$ 5000  `rm -r '/home/pete/wefwefwef/docs/other/4292811928/ejabberd_tests-tag-2.3.1'  2>&1`
 :: Processing https://github.com/esl/ejabberd_tests	{rev,tag,"2.4.0","544283b801db152ad7b359f9e6bd0643484ab5c5",undefined,[],[]}
 :: Fetching repo code
$ cd "/home/pete/wefwefwef/docs/other/4292811928/ejabberd_tests-tag-2.4.0/ejabberd_tests"
$ infinity  `curl --fail --silent --show-error --location --output '2.4.0.zip' 'https://github.com/esl/ejabberd_tests/archive/2.4.0.zip'  2>&1`
$ cd "/home/pete/wefwefwef/docs/erldocs_other.git"
$ cd "/home/pete/wefwefwef/docs/other/4292811928/ejabberd_tests-tag-2.4.0/ejabberd_tests"
$ 5000  `find -P . -type l -delete  2>&1`
$ cd "/home/pete/wefwefwef/docs/erldocs_other.git"
$ cd "/home/pete/wefwefwef/docs/other/4292811928/ejabberd_tests-tag-2.4.0/ejabberd_tests"
$ 5000  `find 'ejabberd_tests-2.4.0' -mindepth 1 -maxdepth 1 -exec mv -t . -- {} +  2>&1`
$ cd "/home/pete/wefwefwef/docs/erldocs_other.git"
 :: Getting dependencies
$ cd "/home/pete/wefwefwef/docs/other/4292811928/ejabberd_tests-tag-2.4.0/ejabberd_tests"
$ infinity  `rebar --config '/home/pete/wefwefwef/docs/other/4292811928/ejabberd_tests-tag-2.4.0/rebar_deps' get-deps  2>&1`
$ cd "/home/pete/wefwefwef/docs/erldocs_other.git"
$ cd "/home/pete/wefwefwef/docs/other/4292811928/ejabberd_tests-tag-2.4.0/ejabberd_tests"
$ 5000  `find -P . -type l -delete  2>&1`
$ cd "/home/pete/wefwefwef/docs/erldocs_other.git"
$ cd "/home/pete/wefwefwef/docs/other/4292811928/ejabberd_tests-tag-2.4.0/ejabberd_tests"
$ 5000  `ls -1 deps/  2>&1`
$ cd "/home/pete/wefwefwef/docs/erldocs_other.git"
>>> [rebar] deps = ["base16","cucumberl","escalus","espec","exml","fusco",
                    "hamcrest","katt","lhttpc","meck","mochijson3","mustache",
                    "neotoma","proper","rebar_feature_runner","reloader",
                    "wsecli","wsock"]
 :: Generating erldocs into /home/pete/wefwefwef/docs/other/4292811928/repo/2.4.0
Building ejabberd_tests
Generating Type Specs - "/home/pete/wefwefwef/docs/other/4292811928/ejabberd_tests-tag-2.4.0/ejabberd_tests/run_common_test.erl"
Generating Type Specs - "/home/pete/wefwefwef/docs/other/4292811928/ejabberd_tests-tag-2.4.0/ejabberd_tests/src/ct_mongoose_hook.erl"
Generating Type Specs - "/home/pete/wefwefwef/docs/other/4292811928/ejabberd_tests-tag-2.4.0/ejabberd_tests/src/ct_tty_hook.erl"
Generating XML for application ejabberd_tests "/home/pete/wefwefwef/docs/other/4292811928/ejabberd_tests-tag-2.4.0/ejabberd_tests" -> "/home/pete/wefwefwef/docs/other/4292811928/repo/2.4.0/.xml/ejabberd_tests"
/home/pete/wefwefwef/docs/other/4292811928/ejabberd_tests-tag-2.4.0/ejabberd_tests/src/ct_mongoose_hook.erl, function id/1: at line 33: multiple @doc tag.
edoc: skipping source file '/home/pete/wefwefwef/docs/other/4292811928/ejabberd_tests-tag-2.4.0/ejabberd_tests/src/ct_mongoose_hook.erl': {'EXIT',
                                                                                                                                     error}.
/home/pete/wefwefwef/docs/other/4292811928/ejabberd_tests-tag-2.4.0/ejabberd_tests/src/ct_tty_hook.erl, function id/1: at line 31: multiple @doc tag.
edoc: skipping source file '/home/pete/wefwefwef/docs/other/4292811928/ejabberd_tests-tag-2.4.0/ejabberd_tests/src/ct_tty_hook.erl': {'EXIT',
                                                                                                                                error}.
edoc: error in doclet 'edoc_doclet': {'EXIT',error}.
Error generating ejabberd_tests XMLs. Using fallback ...
Generating XML ejabberd_tests - run_common_test "/home/pete/wefwefwef/docs/other/4292811928/ejabberd_tests-tag-2.4.0/ejabberd_tests/run_common_test.erl" -> "/home/pete/wefwefwef/docs/other/4292811928/repo/2.4.0/.xml/ejabberd_tests/run_common_test.xml"
Generating XML ejabberd_tests - ct_mongoose_hook "/home/pete/wefwefwef/docs/other/4292811928/ejabberd_tests-tag-2.4.0/ejabberd_tests/src/ct_mongoose_hook.erl" -> "/home/pete/wefwefwef/docs/other/4292811928/repo/2.4.0/.xml/ejabberd_tests/ct_mongoose_hook.xml"
/home/pete/wefwefwef/docs/other/4292811928/ejabberd_tests-tag-2.4.0/ejabberd_tests/src/ct_mongoose_hook.erl, function id/1: at line 33: multiple @doc tag.
Error generating XML ("/home/pete/wefwefwef/docs/other/4292811928/ejabberd_tests-tag-2.4.0/ejabberd_tests/src/ct_mongoose_hook.erl"): {'EXIT',
                                                                                                                                       error}
Generating XML ejabberd_tests - ct_tty_hook "/home/pete/wefwefwef/docs/other/4292811928/ejabberd_tests-tag-2.4.0/ejabberd_tests/src/ct_tty_hook.erl" -> "/home/pete/wefwefwef/docs/other/4292811928/repo/2.4.0/.xml/ejabberd_tests/ct_tty_hook.xml"
/home/pete/wefwefwef/docs/other/4292811928/ejabberd_tests-tag-2.4.0/ejabberd_tests/src/ct_tty_hook.erl, function id/1: at line 31: multiple @doc tag.
Error generating XML ("/home/pete/wefwefwef/docs/other/4292811928/ejabberd_tests-tag-2.4.0/ejabberd_tests/src/ct_tty_hook.erl"): {'EXIT',
                                                                                                                                  error}
Generating HTML - run_common_test "/home/pete/wefwefwef/docs/other/4292811928/repo/2.4.0/.xml/ejabberd_tests/run_common_test.xml"
Reading XML for "/home/pete/wefwefwef/docs/other/4292811928/repo/2.4.0/.xml/ejabberd_tests/run_common_test.xml"
Reading XML for "/home/pete/wefwefwef/docs/other/4292811928/repo/2.4.0/.xml/specs_run_common_test.xml"
Creating index.html ...
Creating erldocs_index.js ...
Woot, finished in 0 Minutes 0 Seconds
 :: Discovering other repos
$ 5000  `rm -r '/home/pete/wefwefwef/docs/other/4292811928/ejabberd_tests-tag-2.4.0'  2>&1`
 :: Processing https://github.com/esl/ejabberd_tests	{rev,tag,"2.4.1","30ed7be7de8da6be2cc7a4f5031565ae4b891f06",undefined,[],[]}
 :: Fetching repo code
$ cd "/home/pete/wefwefwef/docs/other/4292811928/ejabberd_tests-tag-2.4.1/ejabberd_tests"
$ infinity  `curl --fail --silent --show-error --location --output '2.4.1.zip' 'https://github.com/esl/ejabberd_tests/archive/2.4.1.zip'  2>&1`
$ cd "/home/pete/wefwefwef/docs/erldocs_other.git"
$ cd "/home/pete/wefwefwef/docs/other/4292811928/ejabberd_tests-tag-2.4.1/ejabberd_tests"
$ 5000  `find -P . -type l -delete  2>&1`
$ cd "/home/pete/wefwefwef/docs/erldocs_other.git"
$ cd "/home/pete/wefwefwef/docs/other/4292811928/ejabberd_tests-tag-2.4.1/ejabberd_tests"
$ 5000  `find 'ejabberd_tests-2.4.1' -mindepth 1 -maxdepth 1 -exec mv -t . -- {} +  2>&1`
$ cd "/home/pete/wefwefwef/docs/erldocs_other.git"
 :: Getting dependencies
$ cd "/home/pete/wefwefwef/docs/other/4292811928/ejabberd_tests-tag-2.4.1/ejabberd_tests"
$ infinity  `rebar --config '/home/pete/wefwefwef/docs/other/4292811928/ejabberd_tests-tag-2.4.1/rebar_deps' get-deps  2>&1`
$ cd "/home/pete/wefwefwef/docs/erldocs_other.git"
$ cd "/home/pete/wefwefwef/docs/other/4292811928/ejabberd_tests-tag-2.4.1/ejabberd_tests"
$ 5000  `find -P . -type l -delete  2>&1`
$ cd "/home/pete/wefwefwef/docs/erldocs_other.git"
$ cd "/home/pete/wefwefwef/docs/other/4292811928/ejabberd_tests-tag-2.4.1/ejabberd_tests"
$ 5000  `ls -1 deps/  2>&1`
$ cd "/home/pete/wefwefwef/docs/erldocs_other.git"
>>> [rebar] deps = ["base16","cucumberl","escalus","espec","exml","fusco",
                    "hamcrest","katt","lhttpc","meck","mochijson3","mustache",
                    "neotoma","proper","rebar_feature_runner","reloader",
                    "wsecli","wsock"]
 :: Generating erldocs into /home/pete/wefwefwef/docs/other/4292811928/repo/2.4.1
Building ejabberd_tests
Generating Type Specs - "/home/pete/wefwefwef/docs/other/4292811928/ejabberd_tests-tag-2.4.1/ejabberd_tests/run_common_test.erl"
Generating Type Specs - "/home/pete/wefwefwef/docs/other/4292811928/ejabberd_tests-tag-2.4.1/ejabberd_tests/src/ct_mongoose_hook.erl"
Generating Type Specs - "/home/pete/wefwefwef/docs/other/4292811928/ejabberd_tests-tag-2.4.1/ejabberd_tests/src/ct_tty_hook.erl"
Generating XML for application ejabberd_tests "/home/pete/wefwefwef/docs/other/4292811928/ejabberd_tests-tag-2.4.1/ejabberd_tests" -> "/home/pete/wefwefwef/docs/other/4292811928/repo/2.4.1/.xml/ejabberd_tests"
/home/pete/wefwefwef/docs/other/4292811928/ejabberd_tests-tag-2.4.1/ejabberd_tests/src/ct_mongoose_hook.erl, function id/1: at line 33: multiple @doc tag.
edoc: skipping source file '/home/pete/wefwefwef/docs/other/4292811928/ejabberd_tests-tag-2.4.1/ejabberd_tests/src/ct_mongoose_hook.erl': {'EXIT',
                                                                                                                                     error}.
/home/pete/wefwefwef/docs/other/4292811928/ejabberd_tests-tag-2.4.1/ejabberd_tests/src/ct_tty_hook.erl, function id/1: at line 31: multiple @doc tag.
edoc: skipping source file '/home/pete/wefwefwef/docs/other/4292811928/ejabberd_tests-tag-2.4.1/ejabberd_tests/src/ct_tty_hook.erl': {'EXIT',
                                                                                                                                error}.
edoc: error in doclet 'edoc_doclet': {'EXIT',error}.
Error generating ejabberd_tests XMLs. Using fallback ...
Generating XML ejabberd_tests - run_common_test "/home/pete/wefwefwef/docs/other/4292811928/ejabberd_tests-tag-2.4.1/ejabberd_tests/run_common_test.erl" -> "/home/pete/wefwefwef/docs/other/4292811928/repo/2.4.1/.xml/ejabberd_tests/run_common_test.xml"
Generating XML ejabberd_tests - ct_mongoose_hook "/home/pete/wefwefwef/docs/other/4292811928/ejabberd_tests-tag-2.4.1/ejabberd_tests/src/ct_mongoose_hook.erl" -> "/home/pete/wefwefwef/docs/other/4292811928/repo/2.4.1/.xml/ejabberd_tests/ct_mongoose_hook.xml"
/home/pete/wefwefwef/docs/other/4292811928/ejabberd_tests-tag-2.4.1/ejabberd_tests/src/ct_mongoose_hook.erl, function id/1: at line 33: multiple @doc tag.
Error generating XML ("/home/pete/wefwefwef/docs/other/4292811928/ejabberd_tests-tag-2.4.1/ejabberd_tests/src/ct_mongoose_hook.erl"): {'EXIT',
                                                                                                                                       error}
Generating XML ejabberd_tests - ct_tty_hook "/home/pete/wefwefwef/docs/other/4292811928/ejabberd_tests-tag-2.4.1/ejabberd_tests/src/ct_tty_hook.erl" -> "/home/pete/wefwefwef/docs/other/4292811928/repo/2.4.1/.xml/ejabberd_tests/ct_tty_hook.xml"
/home/pete/wefwefwef/docs/other/4292811928/ejabberd_tests-tag-2.4.1/ejabberd_tests/src/ct_tty_hook.erl, function id/1: at line 31: multiple @doc tag.
Error generating XML ("/home/pete/wefwefwef/docs/other/4292811928/ejabberd_tests-tag-2.4.1/ejabberd_tests/src/ct_tty_hook.erl"): {'EXIT',
                                                                                                                                  error}
Generating HTML - run_common_test "/home/pete/wefwefwef/docs/other/4292811928/repo/2.4.1/.xml/ejabberd_tests/run_common_test.xml"
Reading XML for "/home/pete/wefwefwef/docs/other/4292811928/repo/2.4.1/.xml/ejabberd_tests/run_common_test.xml"
Reading XML for "/home/pete/wefwefwef/docs/other/4292811928/repo/2.4.1/.xml/specs_run_common_test.xml"
Creating index.html ...
Creating erldocs_index.js ...
Woot, finished in 0 Minutes 0 Seconds
 :: Discovering other repos
$ 5000  `rm -r '/home/pete/wefwefwef/docs/other/4292811928/ejabberd_tests-tag-2.4.1'  2>&1`
 :: Processing https://github.com/esl/ejabberd_tests	{rev,branch,"add_utf_xep0106","71289d5cd13dcc202c44156e586bca194e602ebf",undefined,[],[]}
 :: Fetching repo code
$ cd "/home/pete/wefwefwef/docs/other/4292811928/ejabberd_tests-branch-add_utf_xep0106/ejabberd_tests"
$ infinity  `curl --fail --silent --show-error --location --output 'add_utf_xep0106.zip' 'https://github.com/esl/ejabberd_tests/archive/add_utf_xep0106.zip'  2>&1`
$ cd "/home/pete/wefwefwef/docs/erldocs_other.git"
$ cd "/home/pete/wefwefwef/docs/other/4292811928/ejabberd_tests-branch-add_utf_xep0106/ejabberd_tests"
$ 5000  `find -P . -type l -delete  2>&1`
$ cd "/home/pete/wefwefwef/docs/erldocs_other.git"
$ cd "/home/pete/wefwefwef/docs/other/4292811928/ejabberd_tests-branch-add_utf_xep0106/ejabberd_tests"
$ 5000  `find 'ejabberd_tests-add_utf_xep0106' -mindepth 1 -maxdepth 1 -exec mv -t . -- {} +  2>&1`
$ cd "/home/pete/wefwefwef/docs/erldocs_other.git"
 :: Getting dependencies
$ cd "/home/pete/wefwefwef/docs/other/4292811928/ejabberd_tests-branch-add_utf_xep0106/ejabberd_tests"
$ infinity  `rebar --config '/home/pete/wefwefwef/docs/other/4292811928/ejabberd_tests-branch-add_utf_xep0106/rebar_deps' get-deps  2>&1`
$ cd "/home/pete/wefwefwef/docs/erldocs_other.git"
$ cd "/home/pete/wefwefwef/docs/other/4292811928/ejabberd_tests-branch-add_utf_xep0106/ejabberd_tests"
$ 5000  `find -P . -type l -delete  2>&1`
$ cd "/home/pete/wefwefwef/docs/erldocs_other.git"
$ cd "/home/pete/wefwefwef/docs/other/4292811928/ejabberd_tests-branch-add_utf_xep0106/ejabberd_tests"
$ 5000  `ls -1 deps/  2>&1`
$ cd "/home/pete/wefwefwef/docs/erldocs_other.git"
>>> [rebar] deps = ["base16","escalus","exml","lhttpc","mustache"]
 :: Generating erldocs into /home/pete/wefwefwef/docs/other/4292811928/repo/add_utf_xep0106
Building ejabberd_tests
Generating Type Specs - "/home/pete/wefwefwef/docs/other/4292811928/ejabberd_tests-branch-add_utf_xep0106/ejabberd_tests/run_common_test.erl"
Generating XML for application ejabberd_tests "/home/pete/wefwefwef/docs/other/4292811928/ejabberd_tests-branch-add_utf_xep0106/ejabberd_tests" -> "/home/pete/wefwefwef/docs/other/4292811928/repo/add_utf_xep0106/.xml/ejabberd_tests"
Generated ejabberd_tests XMLs: []
No documentation was generated!
Woot, finished in 0 Minutes 0 Seconds
 :: Discovering other repos
$ 5000  `rm -r '/home/pete/wefwefwef/docs/other/4292811928/ejabberd_tests-branch-add_utf_xep0106'  2>&1`
 :: Processing https://github.com/esl/ejabberd_tests	{rev,branch,"auth-refactoring","adfd0ed564b9257eaefbc4c0a183dfa87edb8f40",undefined,[],[]}
 :: Fetching repo code
$ cd "/home/pete/wefwefwef/docs/other/4292811928/ejabberd_tests-branch-auth-refactoring/ejabberd_tests"
$ infinity  `curl --fail --silent --show-error --location --output 'auth-refactoring.zip' 'https://github.com/esl/ejabberd_tests/archive/auth-refactoring.zip'  2>&1`
$ cd "/home/pete/wefwefwef/docs/erldocs_other.git"
$ cd "/home/pete/wefwefwef/docs/other/4292811928/ejabberd_tests-branch-auth-refactoring/ejabberd_tests"
$ 5000  `find -P . -type l -delete  2>&1`
$ cd "/home/pete/wefwefwef/docs/erldocs_other.git"
$ cd "/home/pete/wefwefwef/docs/other/4292811928/ejabberd_tests-branch-auth-refactoring/ejabberd_tests"
$ 5000  `find 'ejabberd_tests-auth-refactoring' -mindepth 1 -maxdepth 1 -exec mv -t . -- {} +  2>&1`
$ cd "/home/pete/wefwefwef/docs/erldocs_other.git"
 :: Getting dependencies
$ cd "/home/pete/wefwefwef/docs/other/4292811928/ejabberd_tests-branch-auth-refactoring/ejabberd_tests"
$ infinity  `rebar --config '/home/pete/wefwefwef/docs/other/4292811928/ejabberd_tests-branch-auth-refactoring/rebar_deps' get-deps  2>&1`
$ cd "/home/pete/wefwefwef/docs/erldocs_other.git"
$ cd "/home/pete/wefwefwef/docs/other/4292811928/ejabberd_tests-branch-auth-refactoring/ejabberd_tests"
$ 5000  `find -P . -type l -delete  2>&1`
$ cd "/home/pete/wefwefwef/docs/erldocs_other.git"
$ cd "/home/pete/wefwefwef/docs/other/4292811928/ejabberd_tests-branch-auth-refactoring/ejabberd_tests"
$ 5000  `ls -1 deps/  2>&1`
$ cd "/home/pete/wefwefwef/docs/erldocs_other.git"
>>> [rebar] deps = ["base16","escalus","exml","fusco","hamcrest","katt",
                    "lhttpc","meck","mochijson3","mustache","neotoma",
                    "proper","wsecli","wsock"]
 :: Generating erldocs into /home/pete/wefwefwef/docs/other/4292811928/repo/auth-refactoring
Building ejabberd_tests
Generating Type Specs - "/home/pete/wefwefwef/docs/other/4292811928/ejabberd_tests-branch-auth-refactoring/ejabberd_tests/run_common_test.erl"
Generating Type Specs - "/home/pete/wefwefwef/docs/other/4292811928/ejabberd_tests-branch-auth-refactoring/ejabberd_tests/src/ct_mongoose_hook.erl"
Generating Type Specs - "/home/pete/wefwefwef/docs/other/4292811928/ejabberd_tests-branch-auth-refactoring/ejabberd_tests/src/ct_tty_hook.erl"
Generating XML for application ejabberd_tests "/home/pete/wefwefwef/docs/other/4292811928/ejabberd_tests-branch-auth-refactoring/ejabberd_tests" -> "/home/pete/wefwefwef/docs/other/4292811928/repo/auth-refactoring/.xml/ejabberd_tests"
/home/pete/wefwefwef/docs/other/4292811928/ejabberd_tests-branch-auth-refactoring/ejabberd_tests/src/ct_mongoose_hook.erl, function id/1: at line 33: multiple @doc tag.
edoc: skipping source file '/home/pete/wefwefwef/docs/other/4292811928/ejabberd_tests-branch-auth-refactoring/ejabberd_tests/src/ct_mongoose_hook.erl': {'EXIT',
                                                                                                                                                   error}.
/home/pete/wefwefwef/docs/other/4292811928/ejabberd_tests-branch-auth-refactoring/ejabberd_tests/src/ct_tty_hook.erl, function id/1: at line 31: multiple @doc tag.
edoc: skipping source file '/home/pete/wefwefwef/docs/other/4292811928/ejabberd_tests-branch-auth-refactoring/ejabberd_tests/src/ct_tty_hook.erl': {'EXIT',
                                                                                                                                              error}.
edoc: error in doclet 'edoc_doclet': {'EXIT',error}.
Error generating ejabberd_tests XMLs. Using fallback ...
Generating XML ejabberd_tests - run_common_test "/home/pete/wefwefwef/docs/other/4292811928/ejabberd_tests-branch-auth-refactoring/ejabberd_tests/run_common_test.erl" -> "/home/pete/wefwefwef/docs/other/4292811928/repo/auth-refactoring/.xml/ejabberd_tests/run_common_test.xml"
Generating XML ejabberd_tests - ct_mongoose_hook "/home/pete/wefwefwef/docs/other/4292811928/ejabberd_tests-branch-auth-refactoring/ejabberd_tests/src/ct_mongoose_hook.erl" -> "/home/pete/wefwefwef/docs/other/4292811928/repo/auth-refactoring/.xml/ejabberd_tests/ct_mongoose_hook.xml"
/home/pete/wefwefwef/docs/other/4292811928/ejabberd_tests-branch-auth-refactoring/ejabberd_tests/src/ct_mongoose_hook.erl, function id/1: at line 33: multiple @doc tag.
Error generating XML ("/home/pete/wefwefwef/docs/other/4292811928/ejabberd_tests-branch-auth-refactoring/ejabberd_tests/src/ct_mongoose_hook.erl"): {'EXIT',
                                                                                                                                                     error}
Generating XML ejabberd_tests - ct_tty_hook "/home/pete/wefwefwef/docs/other/4292811928/ejabberd_tests-branch-auth-refactoring/ejabberd_tests/src/ct_tty_hook.erl" -> "/home/pete/wefwefwef/docs/other/4292811928/repo/auth-refactoring/.xml/ejabberd_tests/ct_tty_hook.xml"
/home/pete/wefwefwef/docs/other/4292811928/ejabberd_tests-branch-auth-refactoring/ejabberd_tests/src/ct_tty_hook.erl, function id/1: at line 31: multiple @doc tag.
Error generating XML ("/home/pete/wefwefwef/docs/other/4292811928/ejabberd_tests-branch-auth-refactoring/ejabberd_tests/src/ct_tty_hook.erl"): {'EXIT',
                                                                                                                                                error}
Generating HTML - run_common_test "/home/pete/wefwefwef/docs/other/4292811928/repo/auth-refactoring/.xml/ejabberd_tests/run_common_test.xml"
Reading XML for "/home/pete/wefwefwef/docs/other/4292811928/repo/auth-refactoring/.xml/ejabberd_tests/run_common_test.xml"
Reading XML for "/home/pete/wefwefwef/docs/other/4292811928/repo/auth-refactoring/.xml/specs_run_common_test.xml"
Creating index.html ...
Creating erldocs_index.js ...
Woot, finished in 0 Minutes 0 Seconds
 :: Discovering other repos
$ 5000  `rm -r '/home/pete/wefwefwef/docs/other/4292811928/ejabberd_tests-branch-auth-refactoring'  2>&1`
 :: Processing https://github.com/esl/ejabberd_tests	{rev,branch,"bank","2944e45053a07aae72b8f4d71379f985e31a6520",undefined,[],[]}
 :: Fetching repo code
$ cd "/home/pete/wefwefwef/docs/other/4292811928/ejabberd_tests-branch-bank/ejabberd_tests"
$ infinity  `curl --fail --silent --show-error --location --output 'bank.zip' 'https://github.com/esl/ejabberd_tests/archive/bank.zip'  2>&1`
$ cd "/home/pete/wefwefwef/docs/erldocs_other.git"
$ cd "/home/pete/wefwefwef/docs/other/4292811928/ejabberd_tests-branch-bank/ejabberd_tests"
$ 5000  `find -P . -type l -delete  2>&1`
$ cd "/home/pete/wefwefwef/docs/erldocs_other.git"
$ cd "/home/pete/wefwefwef/docs/other/4292811928/ejabberd_tests-branch-bank/ejabberd_tests"
$ 5000  `find 'ejabberd_tests-bank' -mindepth 1 -maxdepth 1 -exec mv -t . -- {} +  2>&1`
$ cd "/home/pete/wefwefwef/docs/erldocs_other.git"
 :: Getting dependencies
$ cd "/home/pete/wefwefwef/docs/other/4292811928/ejabberd_tests-branch-bank/ejabberd_tests"
$ infinity  `rebar --config '/home/pete/wefwefwef/docs/other/4292811928/ejabberd_tests-branch-bank/rebar_deps' get-deps  2>&1`
$ cd "/home/pete/wefwefwef/docs/erldocs_other.git"
$ cd "/home/pete/wefwefwef/docs/other/4292811928/ejabberd_tests-branch-bank/ejabberd_tests"
$ 5000  `find -P . -type l -delete  2>&1`
$ cd "/home/pete/wefwefwef/docs/erldocs_other.git"
$ cd "/home/pete/wefwefwef/docs/other/4292811928/ejabberd_tests-branch-bank/ejabberd_tests"
$ 5000  `ls -1 deps/  2>&1`
$ cd "/home/pete/wefwefwef/docs/erldocs_other.git"
>>> [rebar] deps = ["base16","escalus","exml","fusco","hamcrest","meck",
                    "mustache","wsecli","wsock"]
 :: Generating erldocs into /home/pete/wefwefwef/docs/other/4292811928/repo/bank
Building ejabberd_tests
Generating Type Specs - "/home/pete/wefwefwef/docs/other/4292811928/ejabberd_tests-branch-bank/ejabberd_tests/run_common_test.erl"
Generating XML for application ejabberd_tests "/home/pete/wefwefwef/docs/other/4292811928/ejabberd_tests-branch-bank/ejabberd_tests" -> "/home/pete/wefwefwef/docs/other/4292811928/repo/bank/.xml/ejabberd_tests"
Generated ejabberd_tests XMLs: []
No documentation was generated!
Woot, finished in 0 Minutes 0 Seconds
 :: Discovering other repos
$ 5000  `rm -r '/home/pete/wefwefwef/docs/other/4292811928/ejabberd_tests-branch-bank'  2>&1`
 :: Processing https://github.com/esl/ejabberd_tests	{rev,branch,"dead-code-removal","8ccf846508afa40a753639dc741e8e1e03e8535d",undefined,[],[]}
 :: Fetching repo code
$ cd "/home/pete/wefwefwef/docs/other/4292811928/ejabberd_tests-branch-dead-code-removal/ejabberd_tests"
$ infinity  `curl --fail --silent --show-error --location --output 'dead-code-removal.zip' 'https://github.com/esl/ejabberd_tests/archive/dead-code-removal.zip'  2>&1`
$ cd "/home/pete/wefwefwef/docs/erldocs_other.git"
$ cd "/home/pete/wefwefwef/docs/other/4292811928/ejabberd_tests-branch-dead-code-removal/ejabberd_tests"
$ 5000  `find -P . -type l -delete  2>&1`
$ cd "/home/pete/wefwefwef/docs/erldocs_other.git"
$ cd "/home/pete/wefwefwef/docs/other/4292811928/ejabberd_tests-branch-dead-code-removal/ejabberd_tests"
$ 5000  `find 'ejabberd_tests-dead-code-removal' -mindepth 1 -maxdepth 1 -exec mv -t . -- {} +  2>&1`
$ cd "/home/pete/wefwefwef/docs/erldocs_other.git"
 :: Getting dependencies
$ cd "/home/pete/wefwefwef/docs/other/4292811928/ejabberd_tests-branch-dead-code-removal/ejabberd_tests"
$ infinity  `rebar --config '/home/pete/wefwefwef/docs/other/4292811928/ejabberd_tests-branch-dead-code-removal/rebar_deps' get-deps  2>&1`
$ cd "/home/pete/wefwefwef/docs/erldocs_other.git"
$ cd "/home/pete/wefwefwef/docs/other/4292811928/ejabberd_tests-branch-dead-code-removal/ejabberd_tests"
$ 5000  `find -P . -type l -delete  2>&1`
$ cd "/home/pete/wefwefwef/docs/erldocs_other.git"
$ cd "/home/pete/wefwefwef/docs/other/4292811928/ejabberd_tests-branch-dead-code-removal/ejabberd_tests"
$ 5000  `ls -1 deps/  2>&1`
$ cd "/home/pete/wefwefwef/docs/erldocs_other.git"
>>> [rebar] deps = ["base16","cucumberl","escalus","espec","exml","fusco",
                    "hamcrest","katt","lhttpc","meck","mochijson3","mustache",
                    "neotoma","proper","rebar_feature_runner","reloader",
                    "wsecli","wsock"]
 :: Generating erldocs into /home/pete/wefwefwef/docs/other/4292811928/repo/dead-code-removal
Building ejabberd_tests
Generating Type Specs - "/home/pete/wefwefwef/docs/other/4292811928/ejabberd_tests-branch-dead-code-removal/ejabberd_tests/run_common_test.erl"
Generating Type Specs - "/home/pete/wefwefwef/docs/other/4292811928/ejabberd_tests-branch-dead-code-removal/ejabberd_tests/src/ct_mongoose_hook.erl"
Generating Type Specs - "/home/pete/wefwefwef/docs/other/4292811928/ejabberd_tests-branch-dead-code-removal/ejabberd_tests/src/ct_tty_hook.erl"
Generating XML for application ejabberd_tests "/home/pete/wefwefwef/docs/other/4292811928/ejabberd_tests-branch-dead-code-removal/ejabberd_tests" -> "/home/pete/wefwefwef/docs/other/4292811928/repo/dead-code-removal/.xml/ejabberd_tests"
/home/pete/wefwefwef/docs/other/4292811928/ejabberd_tests-branch-dead-code-removal/ejabberd_tests/src/ct_mongoose_hook.erl, function id/1: at line 33: multiple @doc tag.
edoc: skipping source file '/home/pete/wefwefwef/docs/other/4292811928/ejabberd_tests-branch-dead-code-removal/ejabberd_tests/src/ct_mongoose_hook.erl': {'EXIT',
                                                                                                                                                    error}.
/home/pete/wefwefwef/docs/other/4292811928/ejabberd_tests-branch-dead-code-removal/ejabberd_tests/src/ct_tty_hook.erl, function id/1: at line 31: multiple @doc tag.
edoc: skipping source file '/home/pete/wefwefwef/docs/other/4292811928/ejabberd_tests-branch-dead-code-removal/ejabberd_tests/src/ct_tty_hook.erl': {'EXIT',
                                                                                                                                               error}.
edoc: error in doclet 'edoc_doclet': {'EXIT',error}.
Error generating ejabberd_tests XMLs. Using fallback ...
Generating XML ejabberd_tests - run_common_test "/home/pete/wefwefwef/docs/other/4292811928/ejabberd_tests-branch-dead-code-removal/ejabberd_tests/run_common_test.erl" -> "/home/pete/wefwefwef/docs/other/4292811928/repo/dead-code-removal/.xml/ejabberd_tests/run_common_test.xml"
Generating XML ejabberd_tests - ct_mongoose_hook "/home/pete/wefwefwef/docs/other/4292811928/ejabberd_tests-branch-dead-code-removal/ejabberd_tests/src/ct_mongoose_hook.erl" -> "/home/pete/wefwefwef/docs/other/4292811928/repo/dead-code-removal/.xml/ejabberd_tests/ct_mongoose_hook.xml"
/home/pete/wefwefwef/docs/other/4292811928/ejabberd_tests-branch-dead-code-removal/ejabberd_tests/src/ct_mongoose_hook.erl, function id/1: at line 33: multiple @doc tag.
Error generating XML ("/home/pete/wefwefwef/docs/other/4292811928/ejabberd_tests-branch-dead-code-removal/ejabberd_tests/src/ct_mongoose_hook.erl"): {'EXIT',
                                                                                                                                                      error}
Generating XML ejabberd_tests - ct_tty_hook "/home/pete/wefwefwef/docs/other/4292811928/ejabberd_tests-branch-dead-code-removal/ejabberd_tests/src/ct_tty_hook.erl" -> "/home/pete/wefwefwef/docs/other/4292811928/repo/dead-code-removal/.xml/ejabberd_tests/ct_tty_hook.xml"
/home/pete/wefwefwef/docs/other/4292811928/ejabberd_tests-branch-dead-code-removal/ejabberd_tests/src/ct_tty_hook.erl, function id/1: at line 31: multiple @doc tag.
Error generating XML ("/home/pete/wefwefwef/docs/other/4292811928/ejabberd_tests-branch-dead-code-removal/ejabberd_tests/src/ct_tty_hook.erl"): {'EXIT',
                                                                                                                                                 error}
Generating HTML - run_common_test "/home/pete/wefwefwef/docs/other/4292811928/repo/dead-code-removal/.xml/ejabberd_tests/run_common_test.xml"
Reading XML for "/home/pete/wefwefwef/docs/other/4292811928/repo/dead-code-removal/.xml/ejabberd_tests/run_common_test.xml"
Reading XML for "/home/pete/wefwefwef/docs/other/4292811928/repo/dead-code-removal/.xml/specs_run_common_test.xml"
Creating index.html ...
Creating erldocs_index.js ...
Woot, finished in 0 Minutes 0 Seconds
 :: Discovering other repos
$ 5000  `rm -r '/home/pete/wefwefwef/docs/other/4292811928/ejabberd_tests-branch-dead-code-removal'  2>&1`
 :: Processing https://github.com/esl/ejabberd_tests	{rev,branch,"devrel_otp17","f3ea0247097290f6cba0beb0417a17287c6f3263",undefined,[],[]}
 :: Fetching repo code
$ cd "/home/pete/wefwefwef/docs/other/4292811928/ejabberd_tests-branch-devrel_otp17/ejabberd_tests"
$ infinity  `curl --fail --silent --show-error --location --output 'devrel_otp17.zip' 'https://github.com/esl/ejabberd_tests/archive/devrel_otp17.zip'  2>&1`
$ cd "/home/pete/wefwefwef/docs/erldocs_other.git"
$ cd "/home/pete/wefwefwef/docs/other/4292811928/ejabberd_tests-branch-devrel_otp17/ejabberd_tests"
$ 5000  `find -P . -type l -delete  2>&1`
$ cd "/home/pete/wefwefwef/docs/erldocs_other.git"
$ cd "/home/pete/wefwefwef/docs/other/4292811928/ejabberd_tests-branch-devrel_otp17/ejabberd_tests"
$ 5000  `find 'ejabberd_tests-devrel_otp17' -mindepth 1 -maxdepth 1 -exec mv -t . -- {} +  2>&1`
$ cd "/home/pete/wefwefwef/docs/erldocs_other.git"
 :: Getting dependencies
$ cd "/home/pete/wefwefwef/docs/other/4292811928/ejabberd_tests-branch-devrel_otp17/ejabberd_tests"
$ infinity  `rebar --config '/home/pete/wefwefwef/docs/other/4292811928/ejabberd_tests-branch-devrel_otp17/rebar_deps' get-deps  2>&1`
$ cd "/home/pete/wefwefwef/docs/erldocs_other.git"
$ cd "/home/pete/wefwefwef/docs/other/4292811928/ejabberd_tests-branch-devrel_otp17/ejabberd_tests"
$ 5000  `find -P . -type l -delete  2>&1`
$ cd "/home/pete/wefwefwef/docs/erldocs_other.git"
$ cd "/home/pete/wefwefwef/docs/other/4292811928/ejabberd_tests-branch-devrel_otp17/ejabberd_tests"
$ 5000  `ls -1 deps/  2>&1`
$ cd "/home/pete/wefwefwef/docs/erldocs_other.git"
>>> [rebar] deps = ["base16","escalus","exml","fusco","hamcrest","katt",
                    "lhttpc","meck","mochijson3","mustache","neotoma",
                    "proper","wsecli","wsock"]
 :: Generating erldocs into /home/pete/wefwefwef/docs/other/4292811928/repo/devrel_otp17
Building ejabberd_tests
Generating Type Specs - "/home/pete/wefwefwef/docs/other/4292811928/ejabberd_tests-branch-devrel_otp17/ejabberd_tests/run_common_test.erl"
Generating Type Specs - "/home/pete/wefwefwef/docs/other/4292811928/ejabberd_tests-branch-devrel_otp17/ejabberd_tests/src/ct_mongoose_hook.erl"
Generating Type Specs - "/home/pete/wefwefwef/docs/other/4292811928/ejabberd_tests-branch-devrel_otp17/ejabberd_tests/src/ct_tty_hook.erl"
Generating XML for application ejabberd_tests "/home/pete/wefwefwef/docs/other/4292811928/ejabberd_tests-branch-devrel_otp17/ejabberd_tests" -> "/home/pete/wefwefwef/docs/other/4292811928/repo/devrel_otp17/.xml/ejabberd_tests"
/home/pete/wefwefwef/docs/other/4292811928/ejabberd_tests-branch-devrel_otp17/ejabberd_tests/src/ct_mongoose_hook.erl, function id/1: at line 33: multiple @doc tag.
edoc: skipping source file '/home/pete/wefwefwef/docs/other/4292811928/ejabberd_tests-branch-devrel_otp17/ejabberd_tests/src/ct_mongoose_hook.erl': {'EXIT',
                                                                                                                                               error}.
/home/pete/wefwefwef/docs/other/4292811928/ejabberd_tests-branch-devrel_otp17/ejabberd_tests/src/ct_tty_hook.erl, function id/1: at line 31: multiple @doc tag.
edoc: skipping source file '/home/pete/wefwefwef/docs/other/4292811928/ejabberd_tests-branch-devrel_otp17/ejabberd_tests/src/ct_tty_hook.erl': {'EXIT',
                                                                                                                                          error}.
edoc: error in doclet 'edoc_doclet': {'EXIT',error}.
Error generating ejabberd_tests XMLs. Using fallback ...
Generating XML ejabberd_tests - run_common_test "/home/pete/wefwefwef/docs/other/4292811928/ejabberd_tests-branch-devrel_otp17/ejabberd_tests/run_common_test.erl" -> "/home/pete/wefwefwef/docs/other/4292811928/repo/devrel_otp17/.xml/ejabberd_tests/run_common_test.xml"
Generating XML ejabberd_tests - ct_mongoose_hook "/home/pete/wefwefwef/docs/other/4292811928/ejabberd_tests-branch-devrel_otp17/ejabberd_tests/src/ct_mongoose_hook.erl" -> "/home/pete/wefwefwef/docs/other/4292811928/repo/devrel_otp17/.xml/ejabberd_tests/ct_mongoose_hook.xml"
/home/pete/wefwefwef/docs/other/4292811928/ejabberd_tests-branch-devrel_otp17/ejabberd_tests/src/ct_mongoose_hook.erl, function id/1: at line 33: multiple @doc tag.
Error generating XML ("/home/pete/wefwefwef/docs/other/4292811928/ejabberd_tests-branch-devrel_otp17/ejabberd_tests/src/ct_mongoose_hook.erl"): {'EXIT',
                                                                                                                                                 error}
Generating XML ejabberd_tests - ct_tty_hook "/home/pete/wefwefwef/docs/other/4292811928/ejabberd_tests-branch-devrel_otp17/ejabberd_tests/src/ct_tty_hook.erl" -> "/home/pete/wefwefwef/docs/other/4292811928/repo/devrel_otp17/.xml/ejabberd_tests/ct_tty_hook.xml"
/home/pete/wefwefwef/docs/other/4292811928/ejabberd_tests-branch-devrel_otp17/ejabberd_tests/src/ct_tty_hook.erl, function id/1: at line 31: multiple @doc tag.
Error generating XML ("/home/pete/wefwefwef/docs/other/4292811928/ejabberd_tests-branch-devrel_otp17/ejabberd_tests/src/ct_tty_hook.erl"): {'EXIT',
                                                                                                                                            error}
Generating HTML - run_common_test "/home/pete/wefwefwef/docs/other/4292811928/repo/devrel_otp17/.xml/ejabberd_tests/run_common_test.xml"
Reading XML for "/home/pete/wefwefwef/docs/other/4292811928/repo/devrel_otp17/.xml/ejabberd_tests/run_common_test.xml"
Reading XML for "/home/pete/wefwefwef/docs/other/4292811928/repo/devrel_otp17/.xml/specs_run_common_test.xml"
Creating index.html ...
Creating erldocs_index.js ...
Woot, finished in 0 Minutes 0 Seconds
 :: Discovering other repos
$ 5000  `rm -r '/home/pete/wefwefwef/docs/other/4292811928/ejabberd_tests-branch-devrel_otp17'  2>&1`
 :: Processing https://github.com/esl/ejabberd_tests	{rev,branch,"escalus-dropped-api","a120fc74da4f9ab679ece75b40ec0666de2f766f",undefined,[],[]}
 :: Fetching repo code
$ cd "/home/pete/wefwefwef/docs/other/4292811928/ejabberd_tests-branch-escalus-dropped-api/ejabberd_tests"
$ infinity  `curl --fail --silent --show-error --location --output 'escalus-dropped-api.zip' 'https://github.com/esl/ejabberd_tests/archive/escalus-dropped-api.zip'  2>&1`
$ cd "/home/pete/wefwefwef/docs/erldocs_other.git"
$ cd "/home/pete/wefwefwef/docs/other/4292811928/ejabberd_tests-branch-escalus-dropped-api/ejabberd_tests"
$ 5000  `find -P . -type l -delete  2>&1`
$ cd "/home/pete/wefwefwef/docs/erldocs_other.git"
$ cd "/home/pete/wefwefwef/docs/other/4292811928/ejabberd_tests-branch-escalus-dropped-api/ejabberd_tests"
$ 5000  `find 'ejabberd_tests-escalus-dropped-api' -mindepth 1 -maxdepth 1 -exec mv -t . -- {} +  2>&1`
$ cd "/home/pete/wefwefwef/docs/erldocs_other.git"
 :: Getting dependencies
$ cd "/home/pete/wefwefwef/docs/other/4292811928/ejabberd_tests-branch-escalus-dropped-api/ejabberd_tests"
$ infinity  `rebar --config '/home/pete/wefwefwef/docs/other/4292811928/ejabberd_tests-branch-escalus-dropped-api/rebar_deps' get-deps  2>&1`
$ cd "/home/pete/wefwefwef/docs/erldocs_other.git"
$ cd "/home/pete/wefwefwef/docs/other/4292811928/ejabberd_tests-branch-escalus-dropped-api/ejabberd_tests"
$ 5000  `find -P . -type l -delete  2>&1`
$ cd "/home/pete/wefwefwef/docs/erldocs_other.git"
$ cd "/home/pete/wefwefwef/docs/other/4292811928/ejabberd_tests-branch-escalus-dropped-api/ejabberd_tests"
$ 5000  `ls -1 deps/  2>&1`
$ cd "/home/pete/wefwefwef/docs/erldocs_other.git"
>>> [rebar] deps = ["base16","cucumberl","escalus","espec","exml","fusco",
                    "hamcrest","meck","mustache","rebar_feature_runner",
                    "reloader","wsecli","wsock"]
 :: Generating erldocs into /home/pete/wefwefwef/docs/other/4292811928/repo/escalus-dropped-api
Building ejabberd_tests
Generating Type Specs - "/home/pete/wefwefwef/docs/other/4292811928/ejabberd_tests-branch-escalus-dropped-api/ejabberd_tests/run_common_test.erl"
Generating Type Specs - "/home/pete/wefwefwef/docs/other/4292811928/ejabberd_tests-branch-escalus-dropped-api/ejabberd_tests/src/ct_tty_hook.erl"
Generating XML for application ejabberd_tests "/home/pete/wefwefwef/docs/other/4292811928/ejabberd_tests-branch-escalus-dropped-api/ejabberd_tests" -> "/home/pete/wefwefwef/docs/other/4292811928/repo/escalus-dropped-api/.xml/ejabberd_tests"
/home/pete/wefwefwef/docs/other/4292811928/ejabberd_tests-branch-escalus-dropped-api/ejabberd_tests/src/ct_tty_hook.erl, function id/1: at line 31: multiple @doc tag.
edoc: skipping source file '/home/pete/wefwefwef/docs/other/4292811928/ejabberd_tests-branch-escalus-dropped-api/ejabberd_tests/src/ct_tty_hook.erl': {'EXIT',
                                                                                                                                                 error}.
edoc: error in doclet 'edoc_doclet': {'EXIT',error}.
Error generating ejabberd_tests XMLs. Using fallback ...
Generating XML ejabberd_tests - run_common_test "/home/pete/wefwefwef/docs/other/4292811928/ejabberd_tests-branch-escalus-dropped-api/ejabberd_tests/run_common_test.erl" -> "/home/pete/wefwefwef/docs/other/4292811928/repo/escalus-dropped-api/.xml/ejabberd_tests/run_common_test.xml"
Generating XML ejabberd_tests - ct_tty_hook "/home/pete/wefwefwef/docs/other/4292811928/ejabberd_tests-branch-escalus-dropped-api/ejabberd_tests/src/ct_tty_hook.erl" -> "/home/pete/wefwefwef/docs/other/4292811928/repo/escalus-dropped-api/.xml/ejabberd_tests/ct_tty_hook.xml"
/home/pete/wefwefwef/docs/other/4292811928/ejabberd_tests-branch-escalus-dropped-api/ejabberd_tests/src/ct_tty_hook.erl, function id/1: at line 31: multiple @doc tag.
Error generating XML ("/home/pete/wefwefwef/docs/other/4292811928/ejabberd_tests-branch-escalus-dropped-api/ejabberd_tests/src/ct_tty_hook.erl"): {'EXIT',
                                                                                                                                                   error}
Generating HTML - run_common_test "/home/pete/wefwefwef/docs/other/4292811928/repo/escalus-dropped-api/.xml/ejabberd_tests/run_common_test.xml"
Reading XML for "/home/pete/wefwefwef/docs/other/4292811928/repo/escalus-dropped-api/.xml/ejabberd_tests/run_common_test.xml"
Reading XML for "/home/pete/wefwefwef/docs/other/4292811928/repo/escalus-dropped-api/.xml/specs_run_common_test.xml"
Creating index.html ...
Creating erldocs_index.js ...
Woot, finished in 0 Minutes 0 Seconds
 :: Discovering other repos
$ 5000  `rm -r '/home/pete/wefwefwef/docs/other/4292811928/ejabberd_tests-branch-escalus-dropped-api'  2>&1`
 :: Processing https://github.com/esl/ejabberd_tests	{rev,branch,"fix-muc","7a0ed85bc1e42071b3c49f2056d3734962848eca",undefined,[],[]}
 :: Fetching repo code
$ cd "/home/pete/wefwefwef/docs/other/4292811928/ejabberd_tests-branch-fix-muc/ejabberd_tests"
$ infinity  `curl --fail --silent --show-error --location --output 'fix-muc.zip' 'https://github.com/esl/ejabberd_tests/archive/fix-muc.zip'  2>&1`
$ cd "/home/pete/wefwefwef/docs/erldocs_other.git"
$ cd "/home/pete/wefwefwef/docs/other/4292811928/ejabberd_tests-branch-fix-muc/ejabberd_tests"
$ 5000  `find -P . -type l -delete  2>&1`
$ cd "/home/pete/wefwefwef/docs/erldocs_other.git"
$ cd "/home/pete/wefwefwef/docs/other/4292811928/ejabberd_tests-branch-fix-muc/ejabberd_tests"
$ 5000  `find 'ejabberd_tests-fix-muc' -mindepth 1 -maxdepth 1 -exec mv -t . -- {} +  2>&1`
$ cd "/home/pete/wefwefwef/docs/erldocs_other.git"
 :: Getting dependencies
$ cd "/home/pete/wefwefwef/docs/other/4292811928/ejabberd_tests-branch-fix-muc/ejabberd_tests"
$ infinity  `rebar --config '/home/pete/wefwefwef/docs/other/4292811928/ejabberd_tests-branch-fix-muc/rebar_deps' get-deps  2>&1`
$ cd "/home/pete/wefwefwef/docs/erldocs_other.git"
$ cd "/home/pete/wefwefwef/docs/other/4292811928/ejabberd_tests-branch-fix-muc/ejabberd_tests"
$ 5000  `find -P . -type l -delete  2>&1`
$ cd "/home/pete/wefwefwef/docs/erldocs_other.git"
$ cd "/home/pete/wefwefwef/docs/other/4292811928/ejabberd_tests-branch-fix-muc/ejabberd_tests"
$ 5000  `ls -1 deps/  2>&1`
$ cd "/home/pete/wefwefwef/docs/erldocs_other.git"
>>> [rebar] deps = ["base16","escalus","exml","lhttpc","mustache"]
 :: Generating erldocs into /home/pete/wefwefwef/docs/other/4292811928/repo/fix-muc
Building ejabberd_tests
Generating Type Specs - "/home/pete/wefwefwef/docs/other/4292811928/ejabberd_tests-branch-fix-muc/ejabberd_tests/run_common_test.erl"
Generating XML for application ejabberd_tests "/home/pete/wefwefwef/docs/other/4292811928/ejabberd_tests-branch-fix-muc/ejabberd_tests" -> "/home/pete/wefwefwef/docs/other/4292811928/repo/fix-muc/.xml/ejabberd_tests"
Generated ejabberd_tests XMLs: []
No documentation was generated!
Woot, finished in 0 Minutes 0 Seconds
 :: Discovering other repos
$ 5000  `rm -r '/home/pete/wefwefwef/docs/other/4292811928/ejabberd_tests-branch-fix-muc'  2>&1`
 :: Processing https://github.com/esl/ejabberd_tests	{rev,branch,"mam-as-offline","ab7f9aef14e4226874c24d5a3726ee6aeeaf5875",undefined,[],[]}
 :: Fetching repo code
$ cd "/home/pete/wefwefwef/docs/other/4292811928/ejabberd_tests-branch-mam-as-offline/ejabberd_tests"
$ infinity  `curl --fail --silent --show-error --location --output 'mam-as-offline.zip' 'https://github.com/esl/ejabberd_tests/archive/mam-as-offline.zip'  2>&1`
$ cd "/home/pete/wefwefwef/docs/erldocs_other.git"
$ cd "/home/pete/wefwefwef/docs/other/4292811928/ejabberd_tests-branch-mam-as-offline/ejabberd_tests"
$ 5000  `find -P . -type l -delete  2>&1`
$ cd "/home/pete/wefwefwef/docs/erldocs_other.git"
$ cd "/home/pete/wefwefwef/docs/other/4292811928/ejabberd_tests-branch-mam-as-offline/ejabberd_tests"
$ 5000  `find 'ejabberd_tests-mam-as-offline' -mindepth 1 -maxdepth 1 -exec mv -t . -- {} +  2>&1`
$ cd "/home/pete/wefwefwef/docs/erldocs_other.git"
 :: Getting dependencies
$ cd "/home/pete/wefwefwef/docs/other/4292811928/ejabberd_tests-branch-mam-as-offline/ejabberd_tests"
$ infinity  `rebar --config '/home/pete/wefwefwef/docs/other/4292811928/ejabberd_tests-branch-mam-as-offline/rebar_deps' get-deps  2>&1`
$ cd "/home/pete/wefwefwef/docs/erldocs_other.git"
$ cd "/home/pete/wefwefwef/docs/other/4292811928/ejabberd_tests-branch-mam-as-offline/ejabberd_tests"
$ 5000  `find -P . -type l -delete  2>&1`
$ cd "/home/pete/wefwefwef/docs/erldocs_other.git"
$ cd "/home/pete/wefwefwef/docs/other/4292811928/ejabberd_tests-branch-mam-as-offline/ejabberd_tests"
$ 5000  `ls -1 deps/  2>&1`
$ cd "/home/pete/wefwefwef/docs/erldocs_other.git"
>>> [rebar] deps = ["escalus","exml","lhttpc"]
 :: Generating erldocs into /home/pete/wefwefwef/docs/other/4292811928/repo/mam-as-offline
Building ejabberd_tests
Generating Type Specs - "/home/pete/wefwefwef/docs/other/4292811928/ejabberd_tests-branch-mam-as-offline/ejabberd_tests/run_common_test.erl"
Generating XML for application ejabberd_tests "/home/pete/wefwefwef/docs/other/4292811928/ejabberd_tests-branch-mam-as-offline/ejabberd_tests" -> "/home/pete/wefwefwef/docs/other/4292811928/repo/mam-as-offline/.xml/ejabberd_tests"
Generated ejabberd_tests XMLs: []
No documentation was generated!
Woot, finished in 0 Minutes 0 Seconds
 :: Discovering other repos
$ 5000  `rm -r '/home/pete/wefwefwef/docs/other/4292811928/ejabberd_tests-branch-mam-as-offline'  2>&1`
 :: Processing https://github.com/esl/ejabberd_tests	{rev,branch,"mam_http_api","ab4474731dff1006e81527182e33023892c21ecd",undefined,[],[]}
 :: Fetching repo code
$ cd "/home/pete/wefwefwef/docs/other/4292811928/ejabberd_tests-branch-mam_http_api/ejabberd_tests"
$ infinity  `curl --fail --silent --show-error --location --output 'mam_http_api.zip' 'https://github.com/esl/ejabberd_tests/archive/mam_http_api.zip'  2>&1`
$ cd "/home/pete/wefwefwef/docs/erldocs_other.git"
$ cd "/home/pete/wefwefwef/docs/other/4292811928/ejabberd_tests-branch-mam_http_api/ejabberd_tests"
$ 5000  `find -P . -type l -delete  2>&1`
$ cd "/home/pete/wefwefwef/docs/erldocs_other.git"
$ cd "/home/pete/wefwefwef/docs/other/4292811928/ejabberd_tests-branch-mam_http_api/ejabberd_tests"
$ 5000  `find 'ejabberd_tests-mam_http_api' -mindepth 1 -maxdepth 1 -exec mv -t . -- {} +  2>&1`
$ cd "/home/pete/wefwefwef/docs/erldocs_other.git"
 :: Getting dependencies
$ cd "/home/pete/wefwefwef/docs/other/4292811928/ejabberd_tests-branch-mam_http_api/ejabberd_tests"
$ infinity  `rebar --config '/home/pete/wefwefwef/docs/other/4292811928/ejabberd_tests-branch-mam_http_api/rebar_deps' get-deps  2>&1`
$ cd "/home/pete/wefwefwef/docs/erldocs_other.git"
$ cd "/home/pete/wefwefwef/docs/other/4292811928/ejabberd_tests-branch-mam_http_api/ejabberd_tests"
$ 5000  `find -P . -type l -delete  2>&1`
$ cd "/home/pete/wefwefwef/docs/erldocs_other.git"
$ cd "/home/pete/wefwefwef/docs/other/4292811928/ejabberd_tests-branch-mam_http_api/ejabberd_tests"
$ 5000  `ls -1 deps/  2>&1`
$ cd "/home/pete/wefwefwef/docs/erldocs_other.git"
>>> [rebar] deps = ["base16","cucumberl","escalus","espec","exml","fusco",
                    "hamcrest","katt","lhttpc","meck","mochijson3","mustache",
                    "neotoma","proper","rebar_feature_runner","reloader",
                    "wsecli","wsock"]
 :: Generating erldocs into /home/pete/wefwefwef/docs/other/4292811928/repo/mam_http_api
Building ejabberd_tests
Generating Type Specs - "/home/pete/wefwefwef/docs/other/4292811928/ejabberd_tests-branch-mam_http_api/ejabberd_tests/run_common_test.erl"
Generating Type Specs - "/home/pete/wefwefwef/docs/other/4292811928/ejabberd_tests-branch-mam_http_api/ejabberd_tests/src/ct_mongoose_hook.erl"
Generating Type Specs - "/home/pete/wefwefwef/docs/other/4292811928/ejabberd_tests-branch-mam_http_api/ejabberd_tests/src/ct_tty_hook.erl"
Generating XML for application ejabberd_tests "/home/pete/wefwefwef/docs/other/4292811928/ejabberd_tests-branch-mam_http_api/ejabberd_tests" -> "/home/pete/wefwefwef/docs/other/4292811928/repo/mam_http_api/.xml/ejabberd_tests"
/home/pete/wefwefwef/docs/other/4292811928/ejabberd_tests-branch-mam_http_api/ejabberd_tests/src/ct_mongoose_hook.erl, function id/1: at line 33: multiple @doc tag.
edoc: skipping source file '/home/pete/wefwefwef/docs/other/4292811928/ejabberd_tests-branch-mam_http_api/ejabberd_tests/src/ct_mongoose_hook.erl': {'EXIT',
                                                                                                                                               error}.
/home/pete/wefwefwef/docs/other/4292811928/ejabberd_tests-branch-mam_http_api/ejabberd_tests/src/ct_tty_hook.erl, function id/1: at line 31: multiple @doc tag.
edoc: skipping source file '/home/pete/wefwefwef/docs/other/4292811928/ejabberd_tests-branch-mam_http_api/ejabberd_tests/src/ct_tty_hook.erl': {'EXIT',
                                                                                                                                          error}.
edoc: error in doclet 'edoc_doclet': {'EXIT',error}.
Error generating ejabberd_tests XMLs. Using fallback ...
Generating XML ejabberd_tests - run_common_test "/home/pete/wefwefwef/docs/other/4292811928/ejabberd_tests-branch-mam_http_api/ejabberd_tests/run_common_test.erl" -> "/home/pete/wefwefwef/docs/other/4292811928/repo/mam_http_api/.xml/ejabberd_tests/run_common_test.xml"
Generating XML ejabberd_tests - ct_mongoose_hook "/home/pete/wefwefwef/docs/other/4292811928/ejabberd_tests-branch-mam_http_api/ejabberd_tests/src/ct_mongoose_hook.erl" -> "/home/pete/wefwefwef/docs/other/4292811928/repo/mam_http_api/.xml/ejabberd_tests/ct_mongoose_hook.xml"
/home/pete/wefwefwef/docs/other/4292811928/ejabberd_tests-branch-mam_http_api/ejabberd_tests/src/ct_mongoose_hook.erl, function id/1: at line 33: multiple @doc tag.
Error generating XML ("/home/pete/wefwefwef/docs/other/4292811928/ejabberd_tests-branch-mam_http_api/ejabberd_tests/src/ct_mongoose_hook.erl"): {'EXIT',
                                                                                                                                                 error}
Generating XML ejabberd_tests - ct_tty_hook "/home/pete/wefwefwef/docs/other/4292811928/ejabberd_tests-branch-mam_http_api/ejabberd_tests/src/ct_tty_hook.erl" -> "/home/pete/wefwefwef/docs/other/4292811928/repo/mam_http_api/.xml/ejabberd_tests/ct_tty_hook.xml"
/home/pete/wefwefwef/docs/other/4292811928/ejabberd_tests-branch-mam_http_api/ejabberd_tests/src/ct_tty_hook.erl, function id/1: at line 31: multiple @doc tag.
Error generating XML ("/home/pete/wefwefwef/docs/other/4292811928/ejabberd_tests-branch-mam_http_api/ejabberd_tests/src/ct_tty_hook.erl"): {'EXIT',
                                                                                                                                            error}
Generating HTML - run_common_test "/home/pete/wefwefwef/docs/other/4292811928/repo/mam_http_api/.xml/ejabberd_tests/run_common_test.xml"
Reading XML for "/home/pete/wefwefwef/docs/other/4292811928/repo/mam_http_api/.xml/ejabberd_tests/run_common_test.xml"
Reading XML for "/home/pete/wefwefwef/docs/other/4292811928/repo/mam_http_api/.xml/specs_run_common_test.xml"
Creating index.html ...
Creating erldocs_index.js ...
Woot, finished in 0 Minutes 0 Seconds
 :: Discovering other repos
$ 5000  `rm -r '/home/pete/wefwefwef/docs/other/4292811928/ejabberd_tests-branch-mam_http_api'  2>&1`
 :: Processing https://github.com/esl/ejabberd_tests	{rev,branch,"mam_v_0_3","74121dabed7b4266b7691b695e6b5258089df2d6",undefined,[],[]}
 :: Fetching repo code
$ cd "/home/pete/wefwefwef/docs/other/4292811928/ejabberd_tests-branch-mam_v_0_3/ejabberd_tests"
$ infinity  `curl --fail --silent --show-error --location --output 'mam_v_0_3.zip' 'https://github.com/esl/ejabberd_tests/archive/mam_v_0_3.zip'  2>&1`
$ cd "/home/pete/wefwefwef/docs/erldocs_other.git"
$ cd "/home/pete/wefwefwef/docs/other/4292811928/ejabberd_tests-branch-mam_v_0_3/ejabberd_tests"
$ 5000  `find -P . -type l -delete  2>&1`
$ cd "/home/pete/wefwefwef/docs/erldocs_other.git"
$ cd "/home/pete/wefwefwef/docs/other/4292811928/ejabberd_tests-branch-mam_v_0_3/ejabberd_tests"
$ 5000  `find 'ejabberd_tests-mam_v_0_3' -mindepth 1 -maxdepth 1 -exec mv -t . -- {} +  2>&1`
$ cd "/home/pete/wefwefwef/docs/erldocs_other.git"
 :: Getting dependencies
$ cd "/home/pete/wefwefwef/docs/other/4292811928/ejabberd_tests-branch-mam_v_0_3/ejabberd_tests"
$ infinity  `rebar --config '/home/pete/wefwefwef/docs/other/4292811928/ejabberd_tests-branch-mam_v_0_3/rebar_deps' get-deps  2>&1`
$ cd "/home/pete/wefwefwef/docs/erldocs_other.git"
$ cd "/home/pete/wefwefwef/docs/other/4292811928/ejabberd_tests-branch-mam_v_0_3/ejabberd_tests"
$ 5000  `find -P . -type l -delete  2>&1`
$ cd "/home/pete/wefwefwef/docs/erldocs_other.git"
$ cd "/home/pete/wefwefwef/docs/other/4292811928/ejabberd_tests-branch-mam_v_0_3/ejabberd_tests"
$ 5000  `ls -1 deps/  2>&1`
$ cd "/home/pete/wefwefwef/docs/erldocs_other.git"
>>> [rebar] deps = ["base16","cucumberl","escalus","espec","exml","fusco",
                    "hamcrest","meck","mustache","rebar_feature_runner",
                    "reloader","wsecli","wsock"]
 :: Generating erldocs into /home/pete/wefwefwef/docs/other/4292811928/repo/mam_v_0_3
Building ejabberd_tests
Generating Type Specs - "/home/pete/wefwefwef/docs/other/4292811928/ejabberd_tests-branch-mam_v_0_3/ejabberd_tests/run_common_test.erl"
Generating Type Specs - "/home/pete/wefwefwef/docs/other/4292811928/ejabberd_tests-branch-mam_v_0_3/ejabberd_tests/src/ct_tty_hook.erl"
Generating XML for application ejabberd_tests "/home/pete/wefwefwef/docs/other/4292811928/ejabberd_tests-branch-mam_v_0_3/ejabberd_tests" -> "/home/pete/wefwefwef/docs/other/4292811928/repo/mam_v_0_3/.xml/ejabberd_tests"
/home/pete/wefwefwef/docs/other/4292811928/ejabberd_tests-branch-mam_v_0_3/ejabberd_tests/src/ct_tty_hook.erl, function id/1: at line 31: multiple @doc tag.
edoc: skipping source file '/home/pete/wefwefwef/docs/other/4292811928/ejabberd_tests-branch-mam_v_0_3/ejabberd_tests/src/ct_tty_hook.erl': {'EXIT',
                                                                                                                                       error}.
edoc: error in doclet 'edoc_doclet': {'EXIT',error}.
Error generating ejabberd_tests XMLs. Using fallback ...
Generating XML ejabberd_tests - run_common_test "/home/pete/wefwefwef/docs/other/4292811928/ejabberd_tests-branch-mam_v_0_3/ejabberd_tests/run_common_test.erl" -> "/home/pete/wefwefwef/docs/other/4292811928/repo/mam_v_0_3/.xml/ejabberd_tests/run_common_test.xml"
Generating XML ejabberd_tests - ct_tty_hook "/home/pete/wefwefwef/docs/other/4292811928/ejabberd_tests-branch-mam_v_0_3/ejabberd_tests/src/ct_tty_hook.erl" -> "/home/pete/wefwefwef/docs/other/4292811928/repo/mam_v_0_3/.xml/ejabberd_tests/ct_tty_hook.xml"
/home/pete/wefwefwef/docs/other/4292811928/ejabberd_tests-branch-mam_v_0_3/ejabberd_tests/src/ct_tty_hook.erl, function id/1: at line 31: multiple @doc tag.
Error generating XML ("/home/pete/wefwefwef/docs/other/4292811928/ejabberd_tests-branch-mam_v_0_3/ejabberd_tests/src/ct_tty_hook.erl"): {'EXIT',
                                                                                                                                         error}
Generating HTML - run_common_test "/home/pete/wefwefwef/docs/other/4292811928/repo/mam_v_0_3/.xml/ejabberd_tests/run_common_test.xml"
Reading XML for "/home/pete/wefwefwef/docs/other/4292811928/repo/mam_v_0_3/.xml/ejabberd_tests/run_common_test.xml"
Reading XML for "/home/pete/wefwefwef/docs/other/4292811928/repo/mam_v_0_3/.xml/specs_run_common_test.xml"
Creating index.html ...
Creating erldocs_index.js ...
Woot, finished in 0 Minutes 0 Seconds
 :: Discovering other repos
$ 5000  `rm -r '/home/pete/wefwefwef/docs/other/4292811928/ejabberd_tests-branch-mam_v_0_3'  2>&1`
 :: Processing https://github.com/esl/ejabberd_tests	{rev,branch,"master","dcf9677b2289ba18089e6b502310e5daf2826bf4",undefined,[],[]}
 :: Fetching repo code
$ cd "/home/pete/wefwefwef/docs/other/4292811928/ejabberd_tests-branch-master/ejabberd_tests"
$ infinity  `curl --fail --silent --show-error --location --output 'master.zip' 'https://github.com/esl/ejabberd_tests/archive/master.zip'  2>&1`
$ cd "/home/pete/wefwefwef/docs/erldocs_other.git"
$ cd "/home/pete/wefwefwef/docs/other/4292811928/ejabberd_tests-branch-master/ejabberd_tests"
$ 5000  `find -P . -type l -delete  2>&1`
$ cd "/home/pete/wefwefwef/docs/erldocs_other.git"
$ cd "/home/pete/wefwefwef/docs/other/4292811928/ejabberd_tests-branch-master/ejabberd_tests"
$ 5000  `find 'ejabberd_tests-master' -mindepth 1 -maxdepth 1 -exec mv -t . -- {} +  2>&1`
$ cd "/home/pete/wefwefwef/docs/erldocs_other.git"
 :: Getting dependencies
$ cd "/home/pete/wefwefwef/docs/other/4292811928/ejabberd_tests-branch-master/ejabberd_tests"
$ infinity  `rebar --config '/home/pete/wefwefwef/docs/other/4292811928/ejabberd_tests-branch-master/rebar_deps' get-deps  2>&1`
$ cd "/home/pete/wefwefwef/docs/erldocs_other.git"
$ cd "/home/pete/wefwefwef/docs/other/4292811928/ejabberd_tests-branch-master/ejabberd_tests"
$ 5000  `find -P . -type l -delete  2>&1`
$ cd "/home/pete/wefwefwef/docs/erldocs_other.git"
$ cd "/home/pete/wefwefwef/docs/other/4292811928/ejabberd_tests-branch-master/ejabberd_tests"
$ 5000  `ls -1 deps/  2>&1`
$ cd "/home/pete/wefwefwef/docs/erldocs_other.git"
>>> [rebar] deps = ["base16","escalus","exml","fusco","hamcrest","katt",
                    "lhttpc","meck","mochijson3","mustache","neotoma",
                    "proper","wsecli","wsock"]
 :: Generating erldocs into /home/pete/wefwefwef/docs/other/4292811928/repo/master
Building ejabberd_tests
Generating Type Specs - "/home/pete/wefwefwef/docs/other/4292811928/ejabberd_tests-branch-master/ejabberd_tests/run_common_test.erl"
Generating Type Specs - "/home/pete/wefwefwef/docs/other/4292811928/ejabberd_tests-branch-master/ejabberd_tests/src/ct_mongoose_hook.erl"
Generating Type Specs - "/home/pete/wefwefwef/docs/other/4292811928/ejabberd_tests-branch-master/ejabberd_tests/src/ct_tty_hook.erl"
Generating XML for application ejabberd_tests "/home/pete/wefwefwef/docs/other/4292811928/ejabberd_tests-branch-master/ejabberd_tests" -> "/home/pete/wefwefwef/docs/other/4292811928/repo/master/.xml/ejabberd_tests"
/home/pete/wefwefwef/docs/other/4292811928/ejabberd_tests-branch-master/ejabberd_tests/src/ct_mongoose_hook.erl, function id/1: at line 33: multiple @doc tag.
edoc: skipping source file '/home/pete/wefwefwef/docs/other/4292811928/ejabberd_tests-branch-master/ejabberd_tests/src/ct_mongoose_hook.erl': {'EXIT',
                                                                                                                                         error}.
/home/pete/wefwefwef/docs/other/4292811928/ejabberd_tests-branch-master/ejabberd_tests/src/ct_tty_hook.erl, function id/1: at line 31: multiple @doc tag.
edoc: skipping source file '/home/pete/wefwefwef/docs/other/4292811928/ejabberd_tests-branch-master/ejabberd_tests/src/ct_tty_hook.erl': {'EXIT',
                                                                                                                                    error}.
edoc: error in doclet 'edoc_doclet': {'EXIT',error}.
Error generating ejabberd_tests XMLs. Using fallback ...
Generating XML ejabberd_tests - run_common_test "/home/pete/wefwefwef/docs/other/4292811928/ejabberd_tests-branch-master/ejabberd_tests/run_common_test.erl" -> "/home/pete/wefwefwef/docs/other/4292811928/repo/master/.xml/ejabberd_tests/run_common_test.xml"
Generating XML ejabberd_tests - ct_mongoose_hook "/home/pete/wefwefwef/docs/other/4292811928/ejabberd_tests-branch-master/ejabberd_tests/src/ct_mongoose_hook.erl" -> "/home/pete/wefwefwef/docs/other/4292811928/repo/master/.xml/ejabberd_tests/ct_mongoose_hook.xml"
/home/pete/wefwefwef/docs/other/4292811928/ejabberd_tests-branch-master/ejabberd_tests/src/ct_mongoose_hook.erl, function id/1: at line 33: multiple @doc tag.
Error generating XML ("/home/pete/wefwefwef/docs/other/4292811928/ejabberd_tests-branch-master/ejabberd_tests/src/ct_mongoose_hook.erl"): {'EXIT',
                                                                                                                                           error}
Generating XML ejabberd_tests - ct_tty_hook "/home/pete/wefwefwef/docs/other/4292811928/ejabberd_tests-branch-master/ejabberd_tests/src/ct_tty_hook.erl" -> "/home/pete/wefwefwef/docs/other/4292811928/repo/master/.xml/ejabberd_tests/ct_tty_hook.xml"
/home/pete/wefwefwef/docs/other/4292811928/ejabberd_tests-branch-master/ejabberd_tests/src/ct_tty_hook.erl, function id/1: at line 31: multiple @doc tag.
Error generating XML ("/home/pete/wefwefwef/docs/other/4292811928/ejabberd_tests-branch-master/ejabberd_tests/src/ct_tty_hook.erl"): {'EXIT',
                                                                                                                                      error}
Generating HTML - run_common_test "/home/pete/wefwefwef/docs/other/4292811928/repo/master/.xml/ejabberd_tests/run_common_test.xml"
Reading XML for "/home/pete/wefwefwef/docs/other/4292811928/repo/master/.xml/ejabberd_tests/run_common_test.xml"
Reading XML for "/home/pete/wefwefwef/docs/other/4292811928/repo/master/.xml/specs_run_common_test.xml"
Creating index.html ...
Creating erldocs_index.js ...
Woot, finished in 0 Minutes 0 Seconds
 :: Discovering other repos
$ 5000  `rm -r '/home/pete/wefwefwef/docs/other/4292811928/ejabberd_tests-branch-master'  2>&1`
 :: Processing https://github.com/esl/ejabberd_tests	{rev,branch,"more-metrics","4f30dc25d813999127813ac3ef00b38f320d6d2c",undefined,[],[]}
 :: Fetching repo code
$ cd "/home/pete/wefwefwef/docs/other/4292811928/ejabberd_tests-branch-more-metrics/ejabberd_tests"
$ infinity  `curl --fail --silent --show-error --location --output 'more-metrics.zip' 'https://github.com/esl/ejabberd_tests/archive/more-metrics.zip'  2>&1`
$ cd "/home/pete/wefwefwef/docs/erldocs_other.git"
$ cd "/home/pete/wefwefwef/docs/other/4292811928/ejabberd_tests-branch-more-metrics/ejabberd_tests"
$ 5000  `find -P . -type l -delete  2>&1`
$ cd "/home/pete/wefwefwef/docs/erldocs_other.git"
$ cd "/home/pete/wefwefwef/docs/other/4292811928/ejabberd_tests-branch-more-metrics/ejabberd_tests"
$ 5000  `find 'ejabberd_tests-more-metrics' -mindepth 1 -maxdepth 1 -exec mv -t . -- {} +  2>&1`
$ cd "/home/pete/wefwefwef/docs/erldocs_other.git"
 :: Getting dependencies
$ cd "/home/pete/wefwefwef/docs/other/4292811928/ejabberd_tests-branch-more-metrics/ejabberd_tests"
$ infinity  `rebar --config '/home/pete/wefwefwef/docs/other/4292811928/ejabberd_tests-branch-more-metrics/rebar_deps' get-deps  2>&1`
$ cd "/home/pete/wefwefwef/docs/erldocs_other.git"
$ cd "/home/pete/wefwefwef/docs/other/4292811928/ejabberd_tests-branch-more-metrics/ejabberd_tests"
$ 5000  `find -P . -type l -delete  2>&1`
$ cd "/home/pete/wefwefwef/docs/erldocs_other.git"
$ cd "/home/pete/wefwefwef/docs/other/4292811928/ejabberd_tests-branch-more-metrics/ejabberd_tests"
$ 5000  `ls -1 deps/  2>&1`
$ cd "/home/pete/wefwefwef/docs/erldocs_other.git"
>>> [rebar] deps = ["base16","cucumberl","escalus","espec","exml","fusco",
                    "hamcrest","katt","lhttpc","meck","mochijson3","mustache",
                    "neotoma","proper","rebar_feature_runner","reloader",
                    "wsecli","wsock"]
 :: Generating erldocs into /home/pete/wefwefwef/docs/other/4292811928/repo/more-metrics
Building ejabberd_tests
Generating Type Specs - "/home/pete/wefwefwef/docs/other/4292811928/ejabberd_tests-branch-more-metrics/ejabberd_tests/run_common_test.erl"
Generating Type Specs - "/home/pete/wefwefwef/docs/other/4292811928/ejabberd_tests-branch-more-metrics/ejabberd_tests/src/ct_mongoose_hook.erl"
Generating Type Specs - "/home/pete/wefwefwef/docs/other/4292811928/ejabberd_tests-branch-more-metrics/ejabberd_tests/src/ct_tty_hook.erl"
Generating XML for application ejabberd_tests "/home/pete/wefwefwef/docs/other/4292811928/ejabberd_tests-branch-more-metrics/ejabberd_tests" -> "/home/pete/wefwefwef/docs/other/4292811928/repo/more-metrics/.xml/ejabberd_tests"
/home/pete/wefwefwef/docs/other/4292811928/ejabberd_tests-branch-more-metrics/ejabberd_tests/src/ct_mongoose_hook.erl, function id/1: at line 33: multiple @doc tag.
edoc: skipping source file '/home/pete/wefwefwef/docs/other/4292811928/ejabberd_tests-branch-more-metrics/ejabberd_tests/src/ct_mongoose_hook.erl': {'EXIT',
                                                                                                                                               error}.
/home/pete/wefwefwef/docs/other/4292811928/ejabberd_tests-branch-more-metrics/ejabberd_tests/src/ct_tty_hook.erl, function id/1: at line 31: multiple @doc tag.
edoc: skipping source file '/home/pete/wefwefwef/docs/other/4292811928/ejabberd_tests-branch-more-metrics/ejabberd_tests/src/ct_tty_hook.erl': {'EXIT',
                                                                                                                                          error}.
edoc: error in doclet 'edoc_doclet': {'EXIT',error}.
Error generating ejabberd_tests XMLs. Using fallback ...
Generating XML ejabberd_tests - run_common_test "/home/pete/wefwefwef/docs/other/4292811928/ejabberd_tests-branch-more-metrics/ejabberd_tests/run_common_test.erl" -> "/home/pete/wefwefwef/docs/other/4292811928/repo/more-metrics/.xml/ejabberd_tests/run_common_test.xml"
Generating XML ejabberd_tests - ct_mongoose_hook "/home/pete/wefwefwef/docs/other/4292811928/ejabberd_tests-branch-more-metrics/ejabberd_tests/src/ct_mongoose_hook.erl" -> "/home/pete/wefwefwef/docs/other/4292811928/repo/more-metrics/.xml/ejabberd_tests/ct_mongoose_hook.xml"
/home/pete/wefwefwef/docs/other/4292811928/ejabberd_tests-branch-more-metrics/ejabberd_tests/src/ct_mongoose_hook.erl, function id/1: at line 33: multiple @doc tag.
Error generating XML ("/home/pete/wefwefwef/docs/other/4292811928/ejabberd_tests-branch-more-metrics/ejabberd_tests/src/ct_mongoose_hook.erl"): {'EXIT',
                                                                                                                                                 error}
Generating XML ejabberd_tests - ct_tty_hook "/home/pete/wefwefwef/docs/other/4292811928/ejabberd_tests-branch-more-metrics/ejabberd_tests/src/ct_tty_hook.erl" -> "/home/pete/wefwefwef/docs/other/4292811928/repo/more-metrics/.xml/ejabberd_tests/ct_tty_hook.xml"
/home/pete/wefwefwef/docs/other/4292811928/ejabberd_tests-branch-more-metrics/ejabberd_tests/src/ct_tty_hook.erl, function id/1: at line 31: multiple @doc tag.
Error generating XML ("/home/pete/wefwefwef/docs/other/4292811928/ejabberd_tests-branch-more-metrics/ejabberd_tests/src/ct_tty_hook.erl"): {'EXIT',
                                                                                                                                            error}
Generating HTML - run_common_test "/home/pete/wefwefwef/docs/other/4292811928/repo/more-metrics/.xml/ejabberd_tests/run_common_test.xml"
Reading XML for "/home/pete/wefwefwef/docs/other/4292811928/repo/more-metrics/.xml/ejabberd_tests/run_common_test.xml"
Reading XML for "/home/pete/wefwefwef/docs/other/4292811928/repo/more-metrics/.xml/specs_run_common_test.xml"
Creating index.html ...
Creating erldocs_index.js ...
Woot, finished in 0 Minutes 0 Seconds
 :: Discovering other repos
$ 5000  `rm -r '/home/pete/wefwefwef/docs/other/4292811928/ejabberd_tests-branch-more-metrics'  2>&1`
 :: Processing https://github.com/esl/ejabberd_tests	{rev,branch,"more-metrics-2","ac365990265d072b6c630b22fdbec532a6c8b6db",undefined,[],[]}
 :: Fetching repo code
$ cd "/home/pete/wefwefwef/docs/other/4292811928/ejabberd_tests-branch-more-metrics-2/ejabberd_tests"
$ infinity  `curl --fail --silent --show-error --location --output 'more-metrics-2.zip' 'https://github.com/esl/ejabberd_tests/archive/more-metrics-2.zip'  2>&1`
$ cd "/home/pete/wefwefwef/docs/erldocs_other.git"
$ cd "/home/pete/wefwefwef/docs/other/4292811928/ejabberd_tests-branch-more-metrics-2/ejabberd_tests"
$ 5000  `find -P . -type l -delete  2>&1`
$ cd "/home/pete/wefwefwef/docs/erldocs_other.git"
$ cd "/home/pete/wefwefwef/docs/other/4292811928/ejabberd_tests-branch-more-metrics-2/ejabberd_tests"
$ 5000  `find 'ejabberd_tests-more-metrics-2' -mindepth 1 -maxdepth 1 -exec mv -t . -- {} +  2>&1`
$ cd "/home/pete/wefwefwef/docs/erldocs_other.git"
 :: Getting dependencies
$ cd "/home/pete/wefwefwef/docs/other/4292811928/ejabberd_tests-branch-more-metrics-2/ejabberd_tests"
$ infinity  `rebar --config '/home/pete/wefwefwef/docs/other/4292811928/ejabberd_tests-branch-more-metrics-2/rebar_deps' get-deps  2>&1`
$ cd "/home/pete/wefwefwef/docs/erldocs_other.git"
$ cd "/home/pete/wefwefwef/docs/other/4292811928/ejabberd_tests-branch-more-metrics-2/ejabberd_tests"
$ 5000  `find -P . -type l -delete  2>&1`
$ cd "/home/pete/wefwefwef/docs/erldocs_other.git"
$ cd "/home/pete/wefwefwef/docs/other/4292811928/ejabberd_tests-branch-more-metrics-2/ejabberd_tests"
$ 5000  `ls -1 deps/  2>&1`
$ cd "/home/pete/wefwefwef/docs/erldocs_other.git"
>>> [rebar] deps = ["base16","escalus","exml","fusco","hamcrest","katt",
                    "lhttpc","meck","mochijson3","mustache","neotoma",
                    "proper","wsecli","wsock"]
 :: Generating erldocs into /home/pete/wefwefwef/docs/other/4292811928/repo/more-metrics-2
Building ejabberd_tests
Generating Type Specs - "/home/pete/wefwefwef/docs/other/4292811928/ejabberd_tests-branch-more-metrics-2/ejabberd_tests/run_common_test.erl"
Generating Type Specs - "/home/pete/wefwefwef/docs/other/4292811928/ejabberd_tests-branch-more-metrics-2/ejabberd_tests/src/ct_mongoose_hook.erl"
Generating Type Specs - "/home/pete/wefwefwef/docs/other/4292811928/ejabberd_tests-branch-more-metrics-2/ejabberd_tests/src/ct_tty_hook.erl"
Generating XML for application ejabberd_tests "/home/pete/wefwefwef/docs/other/4292811928/ejabberd_tests-branch-more-metrics-2/ejabberd_tests" -> "/home/pete/wefwefwef/docs/other/4292811928/repo/more-metrics-2/.xml/ejabberd_tests"
/home/pete/wefwefwef/docs/other/4292811928/ejabberd_tests-branch-more-metrics-2/ejabberd_tests/src/ct_mongoose_hook.erl, function id/1: at line 33: multiple @doc tag.
edoc: skipping source file '/home/pete/wefwefwef/docs/other/4292811928/ejabberd_tests-branch-more-metrics-2/ejabberd_tests/src/ct_mongoose_hook.erl': {'EXIT',
                                                                                                                                                 error}.
/home/pete/wefwefwef/docs/other/4292811928/ejabberd_tests-branch-more-metrics-2/ejabberd_tests/src/ct_tty_hook.erl, function id/1: at line 31: multiple @doc tag.
edoc: skipping source file '/home/pete/wefwefwef/docs/other/4292811928/ejabberd_tests-branch-more-metrics-2/ejabberd_tests/src/ct_tty_hook.erl': {'EXIT',
                                                                                                                                            error}.
edoc: error in doclet 'edoc_doclet': {'EXIT',error}.
Error generating ejabberd_tests XMLs. Using fallback ...
Generating XML ejabberd_tests - run_common_test "/home/pete/wefwefwef/docs/other/4292811928/ejabberd_tests-branch-more-metrics-2/ejabberd_tests/run_common_test.erl" -> "/home/pete/wefwefwef/docs/other/4292811928/repo/more-metrics-2/.xml/ejabberd_tests/run_common_test.xml"
Generating XML ejabberd_tests - ct_mongoose_hook "/home/pete/wefwefwef/docs/other/4292811928/ejabberd_tests-branch-more-metrics-2/ejabberd_tests/src/ct_mongoose_hook.erl" -> "/home/pete/wefwefwef/docs/other/4292811928/repo/more-metrics-2/.xml/ejabberd_tests/ct_mongoose_hook.xml"
/home/pete/wefwefwef/docs/other/4292811928/ejabberd_tests-branch-more-metrics-2/ejabberd_tests/src/ct_mongoose_hook.erl, function id/1: at line 33: multiple @doc tag.
Error generating XML ("/home/pete/wefwefwef/docs/other/4292811928/ejabberd_tests-branch-more-metrics-2/ejabberd_tests/src/ct_mongoose_hook.erl"): {'EXIT',
                                                                                                                                                   error}
Generating XML ejabberd_tests - ct_tty_hook "/home/pete/wefwefwef/docs/other/4292811928/ejabberd_tests-branch-more-metrics-2/ejabberd_tests/src/ct_tty_hook.erl" -> "/home/pete/wefwefwef/docs/other/4292811928/repo/more-metrics-2/.xml/ejabberd_tests/ct_tty_hook.xml"
/home/pete/wefwefwef/docs/other/4292811928/ejabberd_tests-branch-more-metrics-2/ejabberd_tests/src/ct_tty_hook.erl, function id/1: at line 31: multiple @doc tag.
Error generating XML ("/home/pete/wefwefwef/docs/other/4292811928/ejabberd_tests-branch-more-metrics-2/ejabberd_tests/src/ct_tty_hook.erl"): {'EXIT',
                                                                                                                                              error}
Generating HTML - run_common_test "/home/pete/wefwefwef/docs/other/4292811928/repo/more-metrics-2/.xml/ejabberd_tests/run_common_test.xml"
Reading XML for "/home/pete/wefwefwef/docs/other/4292811928/repo/more-metrics-2/.xml/ejabberd_tests/run_common_test.xml"
Reading XML for "/home/pete/wefwefwef/docs/other/4292811928/repo/more-metrics-2/.xml/specs_run_common_test.xml"
Creating index.html ...
Creating erldocs_index.js ...
Woot, finished in 0 Minutes 0 Seconds
 :: Discovering other repos
$ 5000  `rm -r '/home/pete/wefwefwef/docs/other/4292811928/ejabberd_tests-branch-more-metrics-2'  2>&1`
 :: Processing https://github.com/esl/ejabberd_tests	{rev,branch,"muc-distributed-room","716fc28c19c59ac54f1c4f9535d2175cdfbed239",undefined,[],[]}
 :: Fetching repo code
$ cd "/home/pete/wefwefwef/docs/other/4292811928/ejabberd_tests-branch-muc-distributed-room/ejabberd_tests"
$ infinity  `curl --fail --silent --show-error --location --output 'muc-distributed-room.zip' 'https://github.com/esl/ejabberd_tests/archive/muc-distributed-room.zip'  2>&1`
$ cd "/home/pete/wefwefwef/docs/erldocs_other.git"
$ cd "/home/pete/wefwefwef/docs/other/4292811928/ejabberd_tests-branch-muc-distributed-room/ejabberd_tests"
$ 5000  `find -P . -type l -delete  2>&1`
$ cd "/home/pete/wefwefwef/docs/erldocs_other.git"
$ cd "/home/pete/wefwefwef/docs/other/4292811928/ejabberd_tests-branch-muc-distributed-room/ejabberd_tests"
$ 5000  `find 'ejabberd_tests-muc-distributed-room' -mindepth 1 -maxdepth 1 -exec mv -t . -- {} +  2>&1`
$ cd "/home/pete/wefwefwef/docs/erldocs_other.git"
 :: Getting dependencies
$ cd "/home/pete/wefwefwef/docs/other/4292811928/ejabberd_tests-branch-muc-distributed-room/ejabberd_tests"
$ infinity  `git submodule update --init --recursive  2>&1`
$ cd "/home/pete/wefwefwef/docs/erldocs_other.git"
 :: Generating erldocs into /home/pete/wefwefwef/docs/other/4292811928/repo/muc-distributed-room
Building ejabberd_tests
Generating Type Specs - "/home/pete/wefwefwef/docs/other/4292811928/ejabberd_tests-branch-muc-distributed-room/ejabberd_tests/run_common_test.erl"
Generating XML for application ejabberd_tests "/home/pete/wefwefwef/docs/other/4292811928/ejabberd_tests-branch-muc-distributed-room/ejabberd_tests" -> "/home/pete/wefwefwef/docs/other/4292811928/repo/muc-distributed-room/.xml/ejabberd_tests"
/home/pete/wefwefwef/docs/other/4292811928/ejabberd_tests-branch-muc-distributed-room/ejabberd_tests/tests/offline_SUITE.erl: at line 10: can't find include lib "escalus/include/escalus.hrl"
edoc: skipping source file '/home/pete/wefwefwef/docs/other/4292811928/ejabberd_tests-branch-muc-distributed-room/ejabberd_tests/tests/offline_SUITE.erl': {'EXIT',
                                                                                                                                                      error}.
/home/pete/wefwefwef/docs/other/4292811928/ejabberd_tests-branch-muc-distributed-room/ejabberd_tests/tests/sic_SUITE.erl: at line 10: can't find include lib "escalus/include/escalus.hrl"
edoc: skipping source file '/home/pete/wefwefwef/docs/other/4292811928/ejabberd_tests-branch-muc-distributed-room/ejabberd_tests/tests/sic_SUITE.erl': {'EXIT',
                                                                                                                                                  error}.
/home/pete/wefwefwef/docs/other/4292811928/ejabberd_tests-branch-muc-distributed-room/ejabberd_tests/tests/snmp_SUITE.erl: at line 20: can't find include lib "escalus/include/escalus.hrl"
edoc: skipping source file '/home/pete/wefwefwef/docs/other/4292811928/ejabberd_tests-branch-muc-distributed-room/ejabberd_tests/tests/snmp_SUITE.erl': {'EXIT',
                                                                                                                                                   error}.
/home/pete/wefwefwef/docs/other/4292811928/ejabberd_tests-branch-muc-distributed-room/ejabberd_tests/tests/snmp_register_SUITE.erl: at line 20: can't find include lib "escalus/include/escalus.hrl"
edoc: skipping source file '/home/pete/wefwefwef/docs/other/4292811928/ejabberd_tests-branch-muc-distributed-room/ejabberd_tests/tests/snmp_register_SUITE.erl': {'EXIT',
                                                                                                                                                            error}.
/home/pete/wefwefwef/docs/other/4292811928/ejabberd_tests-branch-muc-distributed-room/ejabberd_tests/tests/snmp_roster_SUITE.erl: at line 20: can't find include lib "escalus/include/escalus.hrl"
edoc: skipping source file '/home/pete/wefwefwef/docs/other/4292811928/ejabberd_tests-branch-muc-distributed-room/ejabberd_tests/tests/snmp_roster_SUITE.erl': {'EXIT',
                                                                                                                                                          error}.
/home/pete/wefwefwef/docs/other/4292811928/ejabberd_tests-branch-muc-distributed-room/ejabberd_tests/tests/login_SUITE.erl: at line 20: can't find include lib "escalus/include/escalus.hrl"
edoc: skipping source file '/home/pete/wefwefwef/docs/other/4292811928/ejabberd_tests-branch-muc-distributed-room/ejabberd_tests/tests/login_SUITE.erl': {'EXIT',
                                                                                                                                                    error}.
/home/pete/wefwefwef/docs/other/4292811928/ejabberd_tests-branch-muc-distributed-room/ejabberd_tests/tests/muc_SUITE.erl: at line 20: can't find include lib "escalus/include/escalus.hrl"
edoc: skipping source file '/home/pete/wefwefwef/docs/other/4292811928/ejabberd_tests-branch-muc-distributed-room/ejabberd_tests/tests/muc_SUITE.erl': {'EXIT',
                                                                                                                                                  error}.
/home/pete/wefwefwef/docs/other/4292811928/ejabberd_tests-branch-muc-distributed-room/ejabberd_tests/tests/anonymous_SUITE.erl: at line 20: can't find include lib "escalus/include/escalus.hrl"
edoc: skipping source file '/home/pete/wefwefwef/docs/other/4292811928/ejabberd_tests-branch-muc-distributed-room/ejabberd_tests/tests/anonymous_SUITE.erl': {'EXIT',
                                                                                                                                                        error}.
/home/pete/wefwefwef/docs/other/4292811928/ejabberd_tests-branch-muc-distributed-room/ejabberd_tests/tests/adhoc_SUITE.erl: at line 19: can't find include lib "escalus/include/escalus.hrl"
edoc: skipping source file '/home/pete/wefwefwef/docs/other/4292811928/ejabberd_tests-branch-muc-distributed-room/ejabberd_tests/tests/adhoc_SUITE.erl': {'EXIT',
                                                                                                                                                    error}.
/home/pete/wefwefwef/docs/other/4292811928/ejabberd_tests-branch-muc-distributed-room/ejabberd_tests/tests/snmp_c2s_SUITE.erl: at line 20: can't find include lib "escalus/include/escalus.hrl"
edoc: skipping source file '/home/pete/wefwefwef/docs/other/4292811928/ejabberd_tests-branch-muc-distributed-room/ejabberd_tests/tests/snmp_c2s_SUITE.erl': {'EXIT',
                                                                                                                                                       error}.
/home/pete/wefwefwef/docs/other/4292811928/ejabberd_tests-branch-muc-distributed-room/ejabberd_tests/tests/privacy_SUITE.erl: at line 20: can't find include lib "exml/include/exml.hrl"
edoc: skipping source file '/home/pete/wefwefwef/docs/other/4292811928/ejabberd_tests-branch-muc-distributed-room/ejabberd_tests/tests/privacy_SUITE.erl': {'EXIT',
                                                                                                                                                      error}.
/home/pete/wefwefwef/docs/other/4292811928/ejabberd_tests-branch-muc-distributed-room/ejabberd_tests/tests/s2s_SUITE.erl: at line 10: can't find include lib "escalus/include/escalus.hrl"
edoc: skipping source file '/home/pete/wefwefwef/docs/other/4292811928/ejabberd_tests-branch-muc-distributed-room/ejabberd_tests/tests/s2s_SUITE.erl': {'EXIT',
                                                                                                                                                  error}.
/home/pete/wefwefwef/docs/other/4292811928/ejabberd_tests-branch-muc-distributed-room/ejabberd_tests/tests/private_SUITE.erl: at line 19: can't find include lib "exml/include/exml.hrl"
edoc: skipping source file '/home/pete/wefwefwef/docs/other/4292811928/ejabberd_tests-branch-muc-distributed-room/ejabberd_tests/tests/private_SUITE.erl': {'EXIT',
                                                                                                                                                      error}.
/home/pete/wefwefwef/docs/other/4292811928/ejabberd_tests-branch-muc-distributed-room/ejabberd_tests/tests/snmp_table_SUITE.erl: at line 20: can't find include lib "escalus/include/escalus.hrl"
edoc: skipping source file '/home/pete/wefwefwef/docs/other/4292811928/ejabberd_tests-branch-muc-distributed-room/ejabberd_tests/tests/snmp_table_SUITE.erl': {'EXIT',
                                                                                                                                                         error}.
/home/pete/wefwefwef/docs/other/4292811928/ejabberd_tests-branch-muc-distributed-room/ejabberd_tests/tests/presence_SUITE.erl: at line 20: can't find include lib "escalus/include/escalus.hrl"
edoc: skipping source file '/home/pete/wefwefwef/docs/other/4292811928/ejabberd_tests-branch-muc-distributed-room/ejabberd_tests/tests/presence_SUITE.erl': {'EXIT',
                                                                                                                                                       error}.
/home/pete/wefwefwef/docs/other/4292811928/ejabberd_tests-branch-muc-distributed-room/ejabberd_tests/tests/snmp_session_SUITE.erl: at line 20: can't find include lib "escalus/include/escalus.hrl"
edoc: skipping source file '/home/pete/wefwefwef/docs/other/4292811928/ejabberd_tests-branch-muc-distributed-room/ejabberd_tests/tests/snmp_session_SUITE.erl': {'EXIT',
                                                                                                                                                           error}.
/home/pete/wefwefwef/docs/other/4292811928/ejabberd_tests-branch-muc-distributed-room/ejabberd_tests/tests/privacy_helper.erl: at line 3: can't find include lib "exml/include/exml.hrl"
edoc: skipping source file '/home/pete/wefwefwef/docs/other/4292811928/ejabberd_tests-branch-muc-distributed-room/ejabberd_tests/tests/privacy_helper.erl': {'EXIT',
                                                                                                                                                       error}.
/home/pete/wefwefwef/docs/other/4292811928/ejabberd_tests-branch-muc-distributed-room/ejabberd_tests/tests/last_SUITE.erl: at line 19: can't find include lib "escalus/include/escalus.hrl"
edoc: skipping source file '/home/pete/wefwefwef/docs/other/4292811928/ejabberd_tests-branch-muc-distributed-room/ejabberd_tests/tests/last_SUITE.erl': {'EXIT',
                                                                                                                                                   error}.
edoc: error in doclet 'edoc_doclet': {'EXIT',error}.
Error generating ejabberd_tests XMLs. Using fallback ...
Generating XML ejabberd_tests - run_common_test "/home/pete/wefwefwef/docs/other/4292811928/ejabberd_tests-branch-muc-distributed-room/ejabberd_tests/run_common_test.erl" -> "/home/pete/wefwefwef/docs/other/4292811928/repo/muc-distributed-room/.xml/ejabberd_tests/run_common_test.xml"
Generating HTML - run_common_test "/home/pete/wefwefwef/docs/other/4292811928/repo/muc-distributed-room/.xml/ejabberd_tests/run_common_test.xml"
Reading XML for "/home/pete/wefwefwef/docs/other/4292811928/repo/muc-distributed-room/.xml/ejabberd_tests/run_common_test.xml"
Reading XML for "/home/pete/wefwefwef/docs/other/4292811928/repo/muc-distributed-room/.xml/specs_run_common_test.xml"
Creating index.html ...
Creating erldocs_index.js ...
Woot, finished in 0 Minutes 0 Seconds
 :: Discovering other repos
$ 5000  `rm -r '/home/pete/wefwefwef/docs/other/4292811928/ejabberd_tests-branch-muc-distributed-room'  2>&1`
 :: Processing https://github.com/esl/ejabberd_tests	{rev,branch,"new-bosh","c644ed14f2bda527888335f12f068b54e08a5da5",undefined,[],[]}
 :: Fetching repo code
$ cd "/home/pete/wefwefwef/docs/other/4292811928/ejabberd_tests-branch-new-bosh/ejabberd_tests"
$ infinity  `curl --fail --silent --show-error --location --output 'new-bosh.zip' 'https://github.com/esl/ejabberd_tests/archive/new-bosh.zip'  2>&1`
$ cd "/home/pete/wefwefwef/docs/erldocs_other.git"
$ cd "/home/pete/wefwefwef/docs/other/4292811928/ejabberd_tests-branch-new-bosh/ejabberd_tests"
$ 5000  `find -P . -type l -delete  2>&1`
$ cd "/home/pete/wefwefwef/docs/erldocs_other.git"
$ cd "/home/pete/wefwefwef/docs/other/4292811928/ejabberd_tests-branch-new-bosh/ejabberd_tests"
$ 5000  `find 'ejabberd_tests-new-bosh' -mindepth 1 -maxdepth 1 -exec mv -t . -- {} +  2>&1`
$ cd "/home/pete/wefwefwef/docs/erldocs_other.git"
 :: Getting dependencies
$ cd "/home/pete/wefwefwef/docs/other/4292811928/ejabberd_tests-branch-new-bosh/ejabberd_tests"
$ infinity  `rebar --config '/home/pete/wefwefwef/docs/other/4292811928/ejabberd_tests-branch-new-bosh/rebar_deps' get-deps  2>&1`
$ cd "/home/pete/wefwefwef/docs/erldocs_other.git"
$ cd "/home/pete/wefwefwef/docs/other/4292811928/ejabberd_tests-branch-new-bosh/ejabberd_tests"
$ 5000  `find -P . -type l -delete  2>&1`
$ cd "/home/pete/wefwefwef/docs/erldocs_other.git"
$ cd "/home/pete/wefwefwef/docs/other/4292811928/ejabberd_tests-branch-new-bosh/ejabberd_tests"
$ 5000  `ls -1 deps/  2>&1`
$ cd "/home/pete/wefwefwef/docs/erldocs_other.git"
>>> [rebar] deps = ["base16","escalus","exml","lhttpc"]
 :: Generating erldocs into /home/pete/wefwefwef/docs/other/4292811928/repo/new-bosh
Building ejabberd_tests
Generating Type Specs - "/home/pete/wefwefwef/docs/other/4292811928/ejabberd_tests-branch-new-bosh/ejabberd_tests/run_common_test.erl"
Generating XML for application ejabberd_tests "/home/pete/wefwefwef/docs/other/4292811928/ejabberd_tests-branch-new-bosh/ejabberd_tests" -> "/home/pete/wefwefwef/docs/other/4292811928/repo/new-bosh/.xml/ejabberd_tests"
Generated ejabberd_tests XMLs: []
No documentation was generated!
Woot, finished in 0 Minutes 0 Seconds
 :: Discovering other repos
$ 5000  `rm -r '/home/pete/wefwefwef/docs/other/4292811928/ejabberd_tests-branch-new-bosh'  2>&1`
 :: Processing https://github.com/esl/ejabberd_tests	{rev,branch,"riak-base","0f0dc9e80e207d35931ce1c9d6eff6a0328c9979",undefined,[],[]}
 :: Fetching repo code
$ cd "/home/pete/wefwefwef/docs/other/4292811928/ejabberd_tests-branch-riak-base/ejabberd_tests"
$ infinity  `curl --fail --silent --show-error --location --output 'riak-base.zip' 'https://github.com/esl/ejabberd_tests/archive/riak-base.zip'  2>&1`
$ cd "/home/pete/wefwefwef/docs/erldocs_other.git"
$ cd "/home/pete/wefwefwef/docs/other/4292811928/ejabberd_tests-branch-riak-base/ejabberd_tests"
$ 5000  `find -P . -type l -delete  2>&1`
$ cd "/home/pete/wefwefwef/docs/erldocs_other.git"
$ cd "/home/pete/wefwefwef/docs/other/4292811928/ejabberd_tests-branch-riak-base/ejabberd_tests"
$ 5000  `find 'ejabberd_tests-riak-base' -mindepth 1 -maxdepth 1 -exec mv -t . -- {} +  2>&1`
$ cd "/home/pete/wefwefwef/docs/erldocs_other.git"
 :: Getting dependencies
$ cd "/home/pete/wefwefwef/docs/other/4292811928/ejabberd_tests-branch-riak-base/ejabberd_tests"
$ infinity  `rebar --config '/home/pete/wefwefwef/docs/other/4292811928/ejabberd_tests-branch-riak-base/rebar_deps' get-deps  2>&1`
$ cd "/home/pete/wefwefwef/docs/erldocs_other.git"
$ cd "/home/pete/wefwefwef/docs/other/4292811928/ejabberd_tests-branch-riak-base/ejabberd_tests"
$ 5000  `find -P . -type l -delete  2>&1`
$ cd "/home/pete/wefwefwef/docs/erldocs_other.git"
$ cd "/home/pete/wefwefwef/docs/other/4292811928/ejabberd_tests-branch-riak-base/ejabberd_tests"
$ 5000  `ls -1 deps/  2>&1`
$ cd "/home/pete/wefwefwef/docs/erldocs_other.git"
>>> [rebar] deps = ["base16","escalus","exml","fusco","hamcrest","katt",
                    "lhttpc","meck","mochijson3","mustache","neotoma",
                    "proper","wsecli","wsock"]
 :: Generating erldocs into /home/pete/wefwefwef/docs/other/4292811928/repo/riak-base
Building ejabberd_tests
Generating Type Specs - "/home/pete/wefwefwef/docs/other/4292811928/ejabberd_tests-branch-riak-base/ejabberd_tests/run_common_test.erl"
Generating Type Specs - "/home/pete/wefwefwef/docs/other/4292811928/ejabberd_tests-branch-riak-base/ejabberd_tests/src/ct_mongoose_hook.erl"
Generating Type Specs - "/home/pete/wefwefwef/docs/other/4292811928/ejabberd_tests-branch-riak-base/ejabberd_tests/src/ct_tty_hook.erl"
Generating XML for application ejabberd_tests "/home/pete/wefwefwef/docs/other/4292811928/ejabberd_tests-branch-riak-base/ejabberd_tests" -> "/home/pete/wefwefwef/docs/other/4292811928/repo/riak-base/.xml/ejabberd_tests"
/home/pete/wefwefwef/docs/other/4292811928/ejabberd_tests-branch-riak-base/ejabberd_tests/src/ct_mongoose_hook.erl, function id/1: at line 33: multiple @doc tag.
edoc: skipping source file '/home/pete/wefwefwef/docs/other/4292811928/ejabberd_tests-branch-riak-base/ejabberd_tests/src/ct_mongoose_hook.erl': {'EXIT',
                                                                                                                                            error}.
/home/pete/wefwefwef/docs/other/4292811928/ejabberd_tests-branch-riak-base/ejabberd_tests/src/ct_tty_hook.erl, function id/1: at line 31: multiple @doc tag.
edoc: skipping source file '/home/pete/wefwefwef/docs/other/4292811928/ejabberd_tests-branch-riak-base/ejabberd_tests/src/ct_tty_hook.erl': {'EXIT',
                                                                                                                                       error}.
edoc: error in doclet 'edoc_doclet': {'EXIT',error}.
Error generating ejabberd_tests XMLs. Using fallback ...
Generating XML ejabberd_tests - run_common_test "/home/pete/wefwefwef/docs/other/4292811928/ejabberd_tests-branch-riak-base/ejabberd_tests/run_common_test.erl" -> "/home/pete/wefwefwef/docs/other/4292811928/repo/riak-base/.xml/ejabberd_tests/run_common_test.xml"
Generating XML ejabberd_tests - ct_mongoose_hook "/home/pete/wefwefwef/docs/other/4292811928/ejabberd_tests-branch-riak-base/ejabberd_tests/src/ct_mongoose_hook.erl" -> "/home/pete/wefwefwef/docs/other/4292811928/repo/riak-base/.xml/ejabberd_tests/ct_mongoose_hook.xml"
/home/pete/wefwefwef/docs/other/4292811928/ejabberd_tests-branch-riak-base/ejabberd_tests/src/ct_mongoose_hook.erl, function id/1: at line 33: multiple @doc tag.
Error generating XML ("/home/pete/wefwefwef/docs/other/4292811928/ejabberd_tests-branch-riak-base/ejabberd_tests/src/ct_mongoose_hook.erl"): {'EXIT',
                                                                                                                                              error}
Generating XML ejabberd_tests - ct_tty_hook "/home/pete/wefwefwef/docs/other/4292811928/ejabberd_tests-branch-riak-base/ejabberd_tests/src/ct_tty_hook.erl" -> "/home/pete/wefwefwef/docs/other/4292811928/repo/riak-base/.xml/ejabberd_tests/ct_tty_hook.xml"
/home/pete/wefwefwef/docs/other/4292811928/ejabberd_tests-branch-riak-base/ejabberd_tests/src/ct_tty_hook.erl, function id/1: at line 31: multiple @doc tag.
Error generating XML ("/home/pete/wefwefwef/docs/other/4292811928/ejabberd_tests-branch-riak-base/ejabberd_tests/src/ct_tty_hook.erl"): {'EXIT',
                                                                                                                                         error}
Generating HTML - run_common_test "/home/pete/wefwefwef/docs/other/4292811928/repo/riak-base/.xml/ejabberd_tests/run_common_test.xml"
Reading XML for "/home/pete/wefwefwef/docs/other/4292811928/repo/riak-base/.xml/ejabberd_tests/run_common_test.xml"
Reading XML for "/home/pete/wefwefwef/docs/other/4292811928/repo/riak-base/.xml/specs_run_common_test.xml"
Creating index.html ...
Creating erldocs_index.js ...
Woot, finished in 0 Minutes 0 Seconds
 :: Discovering other repos
$ 5000  `rm -r '/home/pete/wefwefwef/docs/other/4292811928/ejabberd_tests-branch-riak-base'  2>&1`
 :: Processing https://github.com/esl/ejabberd_tests	{rev,branch,"stream_features_order","d20565ba7995043b4bcb403518e92ca2d90bf508",undefined,[],[]}
 :: Fetching repo code
$ cd "/home/pete/wefwefwef/docs/other/4292811928/ejabberd_tests-branch-stream_features_order/ejabberd_tests"
$ infinity  `curl --fail --silent --show-error --location --output 'stream_features_order.zip' 'https://github.com/esl/ejabberd_tests/archive/stream_features_order.zip'  2>&1`
$ cd "/home/pete/wefwefwef/docs/erldocs_other.git"
$ cd "/home/pete/wefwefwef/docs/other/4292811928/ejabberd_tests-branch-stream_features_order/ejabberd_tests"
$ 5000  `find -P . -type l -delete  2>&1`
$ cd "/home/pete/wefwefwef/docs/erldocs_other.git"
$ cd "/home/pete/wefwefwef/docs/other/4292811928/ejabberd_tests-branch-stream_features_order/ejabberd_tests"
$ 5000  `find 'ejabberd_tests-stream_features_order' -mindepth 1 -maxdepth 1 -exec mv -t . -- {} +  2>&1`
$ cd "/home/pete/wefwefwef/docs/erldocs_other.git"
 :: Getting dependencies
$ cd "/home/pete/wefwefwef/docs/other/4292811928/ejabberd_tests-branch-stream_features_order/ejabberd_tests"
$ infinity  `rebar --config '/home/pete/wefwefwef/docs/other/4292811928/ejabberd_tests-branch-stream_features_order/rebar_deps' get-deps  2>&1`
$ cd "/home/pete/wefwefwef/docs/erldocs_other.git"
$ cd "/home/pete/wefwefwef/docs/other/4292811928/ejabberd_tests-branch-stream_features_order/ejabberd_tests"
$ 5000  `find -P . -type l -delete  2>&1`
$ cd "/home/pete/wefwefwef/docs/erldocs_other.git"
$ cd "/home/pete/wefwefwef/docs/other/4292811928/ejabberd_tests-branch-stream_features_order/ejabberd_tests"
$ 5000  `ls -1 deps/  2>&1`
$ cd "/home/pete/wefwefwef/docs/erldocs_other.git"
>>> [rebar] deps = ["base16","cucumberl","escalus","espec","exml","fusco",
                    "hamcrest","katt","lhttpc","meck","mochijson3","mustache",
                    "neotoma","proper","rebar_feature_runner","reloader",
                    "wsecli","wsock"]
 :: Generating erldocs into /home/pete/wefwefwef/docs/other/4292811928/repo/stream_features_order
Building ejabberd_tests
Generating Type Specs - "/home/pete/wefwefwef/docs/other/4292811928/ejabberd_tests-branch-stream_features_order/ejabberd_tests/run_common_test.erl"
Generating Type Specs - "/home/pete/wefwefwef/docs/other/4292811928/ejabberd_tests-branch-stream_features_order/ejabberd_tests/src/ct_mongoose_hook.erl"
Generating Type Specs - "/home/pete/wefwefwef/docs/other/4292811928/ejabberd_tests-branch-stream_features_order/ejabberd_tests/src/ct_tty_hook.erl"
Generating XML for application ejabberd_tests "/home/pete/wefwefwef/docs/other/4292811928/ejabberd_tests-branch-stream_features_order/ejabberd_tests" -> "/home/pete/wefwefwef/docs/other/4292811928/repo/stream_features_order/.xml/ejabberd_tests"
/home/pete/wefwefwef/docs/other/4292811928/ejabberd_tests-branch-stream_features_order/ejabberd_tests/src/ct_mongoose_hook.erl, function id/1: at line 33: multiple @doc tag.
edoc: skipping source file '/home/pete/wefwefwef/docs/other/4292811928/ejabberd_tests-branch-stream_features_order/ejabberd_tests/src/ct_mongoose_hook.erl': {'EXIT',
                                                                                                                                                        error}.
/home/pete/wefwefwef/docs/other/4292811928/ejabberd_tests-branch-stream_features_order/ejabberd_tests/src/ct_tty_hook.erl, function id/1: at line 31: multiple @doc tag.
edoc: skipping source file '/home/pete/wefwefwef/docs/other/4292811928/ejabberd_tests-branch-stream_features_order/ejabberd_tests/src/ct_tty_hook.erl': {'EXIT',
                                                                                                                                                   error}.
edoc: error in doclet 'edoc_doclet': {'EXIT',error}.
Error generating ejabberd_tests XMLs. Using fallback ...
Generating XML ejabberd_tests - run_common_test "/home/pete/wefwefwef/docs/other/4292811928/ejabberd_tests-branch-stream_features_order/ejabberd_tests/run_common_test.erl" -> "/home/pete/wefwefwef/docs/other/4292811928/repo/stream_features_order/.xml/ejabberd_tests/run_common_test.xml"
Generating XML ejabberd_tests - ct_mongoose_hook "/home/pete/wefwefwef/docs/other/4292811928/ejabberd_tests-branch-stream_features_order/ejabberd_tests/src/ct_mongoose_hook.erl" -> "/home/pete/wefwefwef/docs/other/4292811928/repo/stream_features_order/.xml/ejabberd_tests/ct_mongoose_hook.xml"
/home/pete/wefwefwef/docs/other/4292811928/ejabberd_tests-branch-stream_features_order/ejabberd_tests/src/ct_mongoose_hook.erl, function id/1: at line 33: multiple @doc tag.
Error generating XML ("/home/pete/wefwefwef/docs/other/4292811928/ejabberd_tests-branch-stream_features_order/ejabberd_tests/src/ct_mongoose_hook.erl"): {'EXIT',
                                                                                                                                                          error}
Generating XML ejabberd_tests - ct_tty_hook "/home/pete/wefwefwef/docs/other/4292811928/ejabberd_tests-branch-stream_features_order/ejabberd_tests/src/ct_tty_hook.erl" -> "/home/pete/wefwefwef/docs/other/4292811928/repo/stream_features_order/.xml/ejabberd_tests/ct_tty_hook.xml"
/home/pete/wefwefwef/docs/other/4292811928/ejabberd_tests-branch-stream_features_order/ejabberd_tests/src/ct_tty_hook.erl, function id/1: at line 31: multiple @doc tag.
Error generating XML ("/home/pete/wefwefwef/docs/other/4292811928/ejabberd_tests-branch-stream_features_order/ejabberd_tests/src/ct_tty_hook.erl"): {'EXIT',
                                                                                                                                                     error}
Generating HTML - run_common_test "/home/pete/wefwefwef/docs/other/4292811928/repo/stream_features_order/.xml/ejabberd_tests/run_common_test.xml"
Reading XML for "/home/pete/wefwefwef/docs/other/4292811928/repo/stream_features_order/.xml/ejabberd_tests/run_common_test.xml"
Reading XML for "/home/pete/wefwefwef/docs/other/4292811928/repo/stream_features_order/.xml/specs_run_common_test.xml"
Creating index.html ...
Creating erldocs_index.js ...
Woot, finished in 0 Minutes 0 Seconds
 :: Discovering other repos
$ 5000  `rm -r '/home/pete/wefwefwef/docs/other/4292811928/ejabberd_tests-branch-stream_features_order'  2>&1`
 :: Processing https://github.com/esl/ejabberd_tests	{rev,branch,"topic-pubsub","70c6f2d8994c1c48871730587c12e267edc4c1a8",undefined,[],[]}
 :: Fetching repo code
$ cd "/home/pete/wefwefwef/docs/other/4292811928/ejabberd_tests-branch-topic-pubsub/ejabberd_tests"
$ infinity  `curl --fail --silent --show-error --location --output 'topic-pubsub.zip' 'https://github.com/esl/ejabberd_tests/archive/topic-pubsub.zip'  2>&1`
$ cd "/home/pete/wefwefwef/docs/erldocs_other.git"
$ cd "/home/pete/wefwefwef/docs/other/4292811928/ejabberd_tests-branch-topic-pubsub/ejabberd_tests"
$ 5000  `find -P . -type l -delete  2>&1`
$ cd "/home/pete/wefwefwef/docs/erldocs_other.git"
$ cd "/home/pete/wefwefwef/docs/other/4292811928/ejabberd_tests-branch-topic-pubsub/ejabberd_tests"
$ 5000  `find 'ejabberd_tests-topic-pubsub' -mindepth 1 -maxdepth 1 -exec mv -t . -- {} +  2>&1`
$ cd "/home/pete/wefwefwef/docs/erldocs_other.git"
 :: Getting dependencies
$ cd "/home/pete/wefwefwef/docs/other/4292811928/ejabberd_tests-branch-topic-pubsub/ejabberd_tests"
$ infinity  `rebar --config '/home/pete/wefwefwef/docs/other/4292811928/ejabberd_tests-branch-topic-pubsub/rebar_deps' get-deps  2>&1`
$ cd "/home/pete/wefwefwef/docs/erldocs_other.git"
$ cd "/home/pete/wefwefwef/docs/other/4292811928/ejabberd_tests-branch-topic-pubsub/ejabberd_tests"
$ 5000  `find -P . -type l -delete  2>&1`
$ cd "/home/pete/wefwefwef/docs/erldocs_other.git"
$ cd "/home/pete/wefwefwef/docs/other/4292811928/ejabberd_tests-branch-topic-pubsub/ejabberd_tests"
$ 5000  `ls -1 deps/  2>&1`
$ cd "/home/pete/wefwefwef/docs/erldocs_other.git"
>>> [rebar] deps = ["base16","escalus","exml","lhttpc","mustache"]
 :: Generating erldocs into /home/pete/wefwefwef/docs/other/4292811928/repo/topic-pubsub
Building ejabberd_tests
Generating Type Specs - "/home/pete/wefwefwef/docs/other/4292811928/ejabberd_tests-branch-topic-pubsub/ejabberd_tests/run_common_test.erl"
Generating XML for application ejabberd_tests "/home/pete/wefwefwef/docs/other/4292811928/ejabberd_tests-branch-topic-pubsub/ejabberd_tests" -> "/home/pete/wefwefwef/docs/other/4292811928/repo/topic-pubsub/.xml/ejabberd_tests"
Generated ejabberd_tests XMLs: []
No documentation was generated!
Woot, finished in 0 Minutes 0 Seconds
 :: Discovering other repos
$ 5000  `rm -r '/home/pete/wefwefwef/docs/other/4292811928/ejabberd_tests-branch-topic-pubsub'  2>&1`
 :: Processing https://github.com/esl/ejabberd_tests	{rev,branch,"updated-interaction","ae6dda7510e923e7702c6323595be63508bac199",undefined,[],[]}
 :: Fetching repo code
$ cd "/home/pete/wefwefwef/docs/other/4292811928/ejabberd_tests-branch-updated-interaction/ejabberd_tests"
$ infinity  `curl --fail --silent --show-error --location --output 'updated-interaction.zip' 'https://github.com/esl/ejabberd_tests/archive/updated-interaction.zip'  2>&1`
$ cd "/home/pete/wefwefwef/docs/erldocs_other.git"
$ cd "/home/pete/wefwefwef/docs/other/4292811928/ejabberd_tests-branch-updated-interaction/ejabberd_tests"
$ 5000  `find -P . -type l -delete  2>&1`
$ cd "/home/pete/wefwefwef/docs/erldocs_other.git"
$ cd "/home/pete/wefwefwef/docs/other/4292811928/ejabberd_tests-branch-updated-interaction/ejabberd_tests"
$ 5000  `find 'ejabberd_tests-updated-interaction' -mindepth 1 -maxdepth 1 -exec mv -t . -- {} +  2>&1`
$ cd "/home/pete/wefwefwef/docs/erldocs_other.git"
 :: Getting dependencies
$ cd "/home/pete/wefwefwef/docs/other/4292811928/ejabberd_tests-branch-updated-interaction/ejabberd_tests"
$ infinity  `rebar --config '/home/pete/wefwefwef/docs/other/4292811928/ejabberd_tests-branch-updated-interaction/rebar_deps' get-deps  2>&1`
$ cd "/home/pete/wefwefwef/docs/erldocs_other.git"
$ cd "/home/pete/wefwefwef/docs/other/4292811928/ejabberd_tests-branch-updated-interaction/ejabberd_tests"
$ 5000  `find -P . -type l -delete  2>&1`
$ cd "/home/pete/wefwefwef/docs/erldocs_other.git"
$ cd "/home/pete/wefwefwef/docs/other/4292811928/ejabberd_tests-branch-updated-interaction/ejabberd_tests"
$ 5000  `ls -1 deps/  2>&1`
$ cd "/home/pete/wefwefwef/docs/erldocs_other.git"
>>> [rebar] deps = ["escalus","exml","lhttpc"]
 :: Generating erldocs into /home/pete/wefwefwef/docs/other/4292811928/repo/updated-interaction
Building ejabberd_tests
Generating Type Specs - "/home/pete/wefwefwef/docs/other/4292811928/ejabberd_tests-branch-updated-interaction/ejabberd_tests/run_common_test.erl"
Generating XML for application ejabberd_tests "/home/pete/wefwefwef/docs/other/4292811928/ejabberd_tests-branch-updated-interaction/ejabberd_tests" -> "/home/pete/wefwefwef/docs/other/4292811928/repo/updated-interaction/.xml/ejabberd_tests"
Generated ejabberd_tests XMLs: []
No documentation was generated!
Woot, finished in 0 Minutes 0 Seconds
 :: Discovering other repos
$ 5000  `rm -r '/home/pete/wefwefwef/docs/other/4292811928/ejabberd_tests-branch-updated-interaction'  2>&1`
 :: Processing https://github.com/esl/ejabberd_tests	{rev,branch,"websocket-fix","aeeee1004a61c88e958112a4355af9b8c70a2739",undefined,[],[]}
 :: Fetching repo code
$ cd "/home/pete/wefwefwef/docs/other/4292811928/ejabberd_tests-branch-websocket-fix/ejabberd_tests"
$ infinity  `curl --fail --silent --show-error --location --output 'websocket-fix.zip' 'https://github.com/esl/ejabberd_tests/archive/websocket-fix.zip'  2>&1`
$ cd "/home/pete/wefwefwef/docs/erldocs_other.git"
$ cd "/home/pete/wefwefwef/docs/other/4292811928/ejabberd_tests-branch-websocket-fix/ejabberd_tests"
$ 5000  `find -P . -type l -delete  2>&1`
$ cd "/home/pete/wefwefwef/docs/erldocs_other.git"
$ cd "/home/pete/wefwefwef/docs/other/4292811928/ejabberd_tests-branch-websocket-fix/ejabberd_tests"
$ 5000  `find 'ejabberd_tests-websocket-fix' -mindepth 1 -maxdepth 1 -exec mv -t . -- {} +  2>&1`
$ cd "/home/pete/wefwefwef/docs/erldocs_other.git"
 :: Getting dependencies
$ cd "/home/pete/wefwefwef/docs/other/4292811928/ejabberd_tests-branch-websocket-fix/ejabberd_tests"
$ infinity  `rebar --config '/home/pete/wefwefwef/docs/other/4292811928/ejabberd_tests-branch-websocket-fix/rebar_deps' get-deps  2>&1`
$ cd "/home/pete/wefwefwef/docs/erldocs_other.git"
$ cd "/home/pete/wefwefwef/docs/other/4292811928/ejabberd_tests-branch-websocket-fix/ejabberd_tests"
$ 5000  `find -P . -type l -delete  2>&1`
$ cd "/home/pete/wefwefwef/docs/erldocs_other.git"
$ cd "/home/pete/wefwefwef/docs/other/4292811928/ejabberd_tests-branch-websocket-fix/ejabberd_tests"
$ 5000  `ls -1 deps/  2>&1`
$ cd "/home/pete/wefwefwef/docs/erldocs_other.git"
>>> [rebar] deps = ["base16","cucumberl","escalus","espec","exml","fusco",
                    "hamcrest","katt","lhttpc","meck","mochijson3","mustache",
                    "neotoma","proper","rebar_feature_runner","reloader",
                    "wsecli","wsock"]
 :: Generating erldocs into /home/pete/wefwefwef/docs/other/4292811928/repo/websocket-fix
Building ejabberd_tests
Generating Type Specs - "/home/pete/wefwefwef/docs/other/4292811928/ejabberd_tests-branch-websocket-fix/ejabberd_tests/run_common_test.erl"
Generating Type Specs - "/home/pete/wefwefwef/docs/other/4292811928/ejabberd_tests-branch-websocket-fix/ejabberd_tests/src/ct_mongoose_hook.erl"
Generating Type Specs - "/home/pete/wefwefwef/docs/other/4292811928/ejabberd_tests-branch-websocket-fix/ejabberd_tests/src/ct_tty_hook.erl"
Generating XML for application ejabberd_tests "/home/pete/wefwefwef/docs/other/4292811928/ejabberd_tests-branch-websocket-fix/ejabberd_tests" -> "/home/pete/wefwefwef/docs/other/4292811928/repo/websocket-fix/.xml/ejabberd_tests"
/home/pete/wefwefwef/docs/other/4292811928/ejabberd_tests-branch-websocket-fix/ejabberd_tests/src/ct_mongoose_hook.erl, function id/1: at line 33: multiple @doc tag.
edoc: skipping source file '/home/pete/wefwefwef/docs/other/4292811928/ejabberd_tests-branch-websocket-fix/ejabberd_tests/src/ct_mongoose_hook.erl': {'EXIT',
                                                                                                                                                error}.
/home/pete/wefwefwef/docs/other/4292811928/ejabberd_tests-branch-websocket-fix/ejabberd_tests/src/ct_tty_hook.erl, function id/1: at line 31: multiple @doc tag.
edoc: skipping source file '/home/pete/wefwefwef/docs/other/4292811928/ejabberd_tests-branch-websocket-fix/ejabberd_tests/src/ct_tty_hook.erl': {'EXIT',
                                                                                                                                           error}.
edoc: error in doclet 'edoc_doclet': {'EXIT',error}.
Error generating ejabberd_tests XMLs. Using fallback ...
Generating XML ejabberd_tests - run_common_test "/home/pete/wefwefwef/docs/other/4292811928/ejabberd_tests-branch-websocket-fix/ejabberd_tests/run_common_test.erl" -> "/home/pete/wefwefwef/docs/other/4292811928/repo/websocket-fix/.xml/ejabberd_tests/run_common_test.xml"
Generating XML ejabberd_tests - ct_mongoose_hook "/home/pete/wefwefwef/docs/other/4292811928/ejabberd_tests-branch-websocket-fix/ejabberd_tests/src/ct_mongoose_hook.erl" -> "/home/pete/wefwefwef/docs/other/4292811928/repo/websocket-fix/.xml/ejabberd_tests/ct_mongoose_hook.xml"
/home/pete/wefwefwef/docs/other/4292811928/ejabberd_tests-branch-websocket-fix/ejabberd_tests/src/ct_mongoose_hook.erl, function id/1: at line 33: multiple @doc tag.
Error generating XML ("/home/pete/wefwefwef/docs/other/4292811928/ejabberd_tests-branch-websocket-fix/ejabberd_tests/src/ct_mongoose_hook.erl"): {'EXIT',
                                                                                                                                                  error}
Generating XML ejabberd_tests - ct_tty_hook "/home/pete/wefwefwef/docs/other/4292811928/ejabberd_tests-branch-websocket-fix/ejabberd_tests/src/ct_tty_hook.erl" -> "/home/pete/wefwefwef/docs/other/4292811928/repo/websocket-fix/.xml/ejabberd_tests/ct_tty_hook.xml"
/home/pete/wefwefwef/docs/other/4292811928/ejabberd_tests-branch-websocket-fix/ejabberd_tests/src/ct_tty_hook.erl, function id/1: at line 31: multiple @doc tag.
Error generating XML ("/home/pete/wefwefwef/docs/other/4292811928/ejabberd_tests-branch-websocket-fix/ejabberd_tests/src/ct_tty_hook.erl"): {'EXIT',
                                                                                                                                             error}
Generating HTML - run_common_test "/home/pete/wefwefwef/docs/other/4292811928/repo/websocket-fix/.xml/ejabberd_tests/run_common_test.xml"
Reading XML for "/home/pete/wefwefwef/docs/other/4292811928/repo/websocket-fix/.xml/ejabberd_tests/run_common_test.xml"
Reading XML for "/home/pete/wefwefwef/docs/other/4292811928/repo/websocket-fix/.xml/specs_run_common_test.xml"
Creating index.html ...
Creating erldocs_index.js ...
Woot, finished in 0 Minutes 0 Seconds
 :: Discovering other repos
$ 5000  `rm -r '/home/pete/wefwefwef/docs/other/4292811928/ejabberd_tests-branch-websocket-fix'  2>&1`
 :: Processing https://github.com/esl/ejabberd_tests	{rev,branch,"xep-0114","55f203818913e4aed753a043e2cb71fcaa3c268b",undefined,[],[]}
 :: Fetching repo code
$ cd "/home/pete/wefwefwef/docs/other/4292811928/ejabberd_tests-branch-xep-0114/ejabberd_tests"
$ infinity  `curl --fail --silent --show-error --location --output 'xep-0114.zip' 'https://github.com/esl/ejabberd_tests/archive/xep-0114.zip'  2>&1`
$ cd "/home/pete/wefwefwef/docs/erldocs_other.git"
$ cd "/home/pete/wefwefwef/docs/other/4292811928/ejabberd_tests-branch-xep-0114/ejabberd_tests"
$ 5000  `find -P . -type l -delete  2>&1`
$ cd "/home/pete/wefwefwef/docs/erldocs_other.git"
$ cd "/home/pete/wefwefwef/docs/other/4292811928/ejabberd_tests-branch-xep-0114/ejabberd_tests"
$ 5000  `find 'ejabberd_tests-xep-0114' -mindepth 1 -maxdepth 1 -exec mv -t . -- {} +  2>&1`
$ cd "/home/pete/wefwefwef/docs/erldocs_other.git"
 :: Getting dependencies
$ cd "/home/pete/wefwefwef/docs/other/4292811928/ejabberd_tests-branch-xep-0114/ejabberd_tests"
$ infinity  `rebar --config '/home/pete/wefwefwef/docs/other/4292811928/ejabberd_tests-branch-xep-0114/rebar_deps' get-deps  2>&1`
$ cd "/home/pete/wefwefwef/docs/erldocs_other.git"
$ cd "/home/pete/wefwefwef/docs/other/4292811928/ejabberd_tests-branch-xep-0114/ejabberd_tests"
$ 5000  `find -P . -type l -delete  2>&1`
$ cd "/home/pete/wefwefwef/docs/erldocs_other.git"
$ cd "/home/pete/wefwefwef/docs/other/4292811928/ejabberd_tests-branch-xep-0114/ejabberd_tests"
$ 5000  `ls -1 deps/  2>&1`
$ cd "/home/pete/wefwefwef/docs/erldocs_other.git"
>>> [rebar] deps = ["base16","cucumberl","escalus","espec","exml","fusco",
                    "hamcrest","meck","mustache","rebar_feature_runner",
                    "reloader","wsecli","wsock"]
 :: Generating erldocs into /home/pete/wefwefwef/docs/other/4292811928/repo/xep-0114
Building ejabberd_tests
Generating Type Specs - "/home/pete/wefwefwef/docs/other/4292811928/ejabberd_tests-branch-xep-0114/ejabberd_tests/run_common_test.erl"
Generating Type Specs - "/home/pete/wefwefwef/docs/other/4292811928/ejabberd_tests-branch-xep-0114/ejabberd_tests/src/ct_tty_hook.erl"
Generating XML for application ejabberd_tests "/home/pete/wefwefwef/docs/other/4292811928/ejabberd_tests-branch-xep-0114/ejabberd_tests" -> "/home/pete/wefwefwef/docs/other/4292811928/repo/xep-0114/.xml/ejabberd_tests"
/home/pete/wefwefwef/docs/other/4292811928/ejabberd_tests-branch-xep-0114/ejabberd_tests/src/ct_tty_hook.erl, function id/1: at line 31: multiple @doc tag.
edoc: skipping source file '/home/pete/wefwefwef/docs/other/4292811928/ejabberd_tests-branch-xep-0114/ejabberd_tests/src/ct_tty_hook.erl': {'EXIT',
                                                                                                                                      error}.
edoc: error in doclet 'edoc_doclet': {'EXIT',error}.
Error generating ejabberd_tests XMLs. Using fallback ...
Generating XML ejabberd_tests - run_common_test "/home/pete/wefwefwef/docs/other/4292811928/ejabberd_tests-branch-xep-0114/ejabberd_tests/run_common_test.erl" -> "/home/pete/wefwefwef/docs/other/4292811928/repo/xep-0114/.xml/ejabberd_tests/run_common_test.xml"
Generating XML ejabberd_tests - ct_tty_hook "/home/pete/wefwefwef/docs/other/4292811928/ejabberd_tests-branch-xep-0114/ejabberd_tests/src/ct_tty_hook.erl" -> "/home/pete/wefwefwef/docs/other/4292811928/repo/xep-0114/.xml/ejabberd_tests/ct_tty_hook.xml"
/home/pete/wefwefwef/docs/other/4292811928/ejabberd_tests-branch-xep-0114/ejabberd_tests/src/ct_tty_hook.erl, function id/1: at line 31: multiple @doc tag.
Error generating XML ("/home/pete/wefwefwef/docs/other/4292811928/ejabberd_tests-branch-xep-0114/ejabberd_tests/src/ct_tty_hook.erl"): {'EXIT',
                                                                                                                                        error}
Generating HTML - run_common_test "/home/pete/wefwefwef/docs/other/4292811928/repo/xep-0114/.xml/ejabberd_tests/run_common_test.xml"
Reading XML for "/home/pete/wefwefwef/docs/other/4292811928/repo/xep-0114/.xml/ejabberd_tests/run_common_test.xml"
Reading XML for "/home/pete/wefwefwef/docs/other/4292811928/repo/xep-0114/.xml/specs_run_common_test.xml"
Creating index.html ...
Creating erldocs_index.js ...
Woot, finished in 0 Minutes 0 Seconds
 :: Discovering other repos
$ 5000  `rm -r '/home/pete/wefwefwef/docs/other/4292811928/ejabberd_tests-branch-xep-0114'  2>&1`
 :: Processing https://github.com/esl/ejabberd_tests	{rev,branch,"xep-0280","165a2a9bc55e70b243e346e04418cb19147bb672",undefined,[],[]}
 :: Fetching repo code
$ cd "/home/pete/wefwefwef/docs/other/4292811928/ejabberd_tests-branch-xep-0280/ejabberd_tests"
$ infinity  `curl --fail --silent --show-error --location --output 'xep-0280.zip' 'https://github.com/esl/ejabberd_tests/archive/xep-0280.zip'  2>&1`
$ cd "/home/pete/wefwefwef/docs/erldocs_other.git"
$ cd "/home/pete/wefwefwef/docs/other/4292811928/ejabberd_tests-branch-xep-0280/ejabberd_tests"
$ 5000  `find -P . -type l -delete  2>&1`
$ cd "/home/pete/wefwefwef/docs/erldocs_other.git"
$ cd "/home/pete/wefwefwef/docs/other/4292811928/ejabberd_tests-branch-xep-0280/ejabberd_tests"
$ 5000  `find 'ejabberd_tests-xep-0280' -mindepth 1 -maxdepth 1 -exec mv -t . -- {} +  2>&1`
$ cd "/home/pete/wefwefwef/docs/erldocs_other.git"
 :: Getting dependencies
$ cd "/home/pete/wefwefwef/docs/other/4292811928/ejabberd_tests-branch-xep-0280/ejabberd_tests"
$ infinity  `rebar --config '/home/pete/wefwefwef/docs/other/4292811928/ejabberd_tests-branch-xep-0280/rebar_deps' get-deps  2>&1`
$ cd "/home/pete/wefwefwef/docs/erldocs_other.git"
$ cd "/home/pete/wefwefwef/docs/other/4292811928/ejabberd_tests-branch-xep-0280/ejabberd_tests"
$ 5000  `find -P . -type l -delete  2>&1`
$ cd "/home/pete/wefwefwef/docs/erldocs_other.git"
$ cd "/home/pete/wefwefwef/docs/other/4292811928/ejabberd_tests-branch-xep-0280/ejabberd_tests"
$ 5000  `ls -1 deps/  2>&1`
$ cd "/home/pete/wefwefwef/docs/erldocs_other.git"
>>> [rebar] deps = ["escalus","exml","lhttpc"]
 :: Generating erldocs into /home/pete/wefwefwef/docs/other/4292811928/repo/xep-0280
Building ejabberd_tests
Generating Type Specs - "/home/pete/wefwefwef/docs/other/4292811928/ejabberd_tests-branch-xep-0280/ejabberd_tests/run_common_test.erl"
Generating XML for application ejabberd_tests "/home/pete/wefwefwef/docs/other/4292811928/ejabberd_tests-branch-xep-0280/ejabberd_tests" -> "/home/pete/wefwefwef/docs/other/4292811928/repo/xep-0280/.xml/ejabberd_tests"
Generated ejabberd_tests XMLs: []
No documentation was generated!
Woot, finished in 0 Minutes 0 Seconds
 :: Discovering other repos
$ 5000  `rm -r '/home/pete/wefwefwef/docs/other/4292811928/ejabberd_tests-branch-xep-0280'  2>&1`
 :: Finishing up
$ 5000  `rm -r '/home/pete/wefwefwef/docs/other/4292811928/ejabberd_tests'  2>&1`
$ 5000  `rm -r '/home/pete/wefwefwef/docs/other/4292811928/repo/2.1.10'  2>&1`
$ 5000  `rm -r '/home/pete/wefwefwef/docs/other/4292811928/repo/2.1.4'  2>&1`
$ 5000  `rm -r '/home/pete/wefwefwef/docs/other/4292811928/repo/1.0.0'  2>&1`
$ 5000  `rm -r '/home/pete/wefwefwef/docs/other/4292811928/repo/2.0.0'  2>&1`
$ 5000  `rm -r '/home/pete/wefwefwef/docs/other/4292811928/repo/2.0.1'  2>&1`
$ 5000  `rm -r '/home/pete/wefwefwef/docs/other/4292811928/repo/2.0.2'  2>&1`
$ 5000  `rm -r '/home/pete/wefwefwef/docs/other/4292811928/repo/2.0.3'  2>&1`
$ 5000  `rm -r '/home/pete/wefwefwef/docs/other/4292811928/repo/2.0.4'  2>&1`
$ 5000  `rm -r '/home/pete/wefwefwef/docs/other/4292811928/repo/2.0.5'  2>&1`
$ 5000  `rm -r '/home/pete/wefwefwef/docs/other/4292811928/repo/2.0.6'  2>&1`
$ 5000  `rm -r '/home/pete/wefwefwef/docs/other/4292811928/repo/2.1.0'  2>&1`
$ 5000  `rm -r '/home/pete/wefwefwef/docs/other/4292811928/repo/2.1.1'  2>&1`
$ 5000  `rm -r '/home/pete/wefwefwef/docs/other/4292811928/repo/2.1.11'  2>&1`
$ 5000  `rm -r '/home/pete/wefwefwef/docs/other/4292811928/repo/2.1.12'  2>&1`
$ 5000  `rm -r '/home/pete/wefwefwef/docs/other/4292811928/repo/2.1.2'  2>&1`
$ 5000  `rm -r '/home/pete/wefwefwef/docs/other/4292811928/repo/2.1.3'  2>&1`
$ 5000  `rm -r '/home/pete/wefwefwef/docs/other/4292811928/repo/2.1.5'  2>&1`
$ 5000  `rm -r '/home/pete/wefwefwef/docs/other/4292811928/repo/2.1.6'  2>&1`
$ 5000  `rm -r '/home/pete/wefwefwef/docs/other/4292811928/repo/2.1.7'  2>&1`
$ 5000  `rm -r '/home/pete/wefwefwef/docs/other/4292811928/repo/2.1.8'  2>&1`
$ 5000  `rm -r '/home/pete/wefwefwef/docs/other/4292811928/repo/2.1.9'  2>&1`
$ 5000  `rm -r '/home/pete/wefwefwef/docs/other/4292811928/repo/2.2.0'  2>&1`
$ 5000  `rm -r '/home/pete/wefwefwef/docs/other/4292811928/repo/2.2.1'  2>&1`
$ 5000  `rm -r '/home/pete/wefwefwef/docs/other/4292811928/repo/2.2.2'  2>&1`
$ 5000  `rm -r '/home/pete/wefwefwef/docs/other/4292811928/repo/add_utf_xep0106'  2>&1`
$ 5000  `rm -r '/home/pete/wefwefwef/docs/other/4292811928/repo/bank'  2>&1`
$ 5000  `rm -r '/home/pete/wefwefwef/docs/other/4292811928/repo/fix-muc'  2>&1`
$ 5000  `rm -r '/home/pete/wefwefwef/docs/other/4292811928/repo/mam-as-offline'  2>&1`
$ 5000  `rm -r '/home/pete/wefwefwef/docs/other/4292811928/repo/new-bosh'  2>&1`
$ 5000  `rm -r '/home/pete/wefwefwef/docs/other/4292811928/repo/topic-pubsub'  2>&1`
$ 5000  `rm -r '/home/pete/wefwefwef/docs/other/4292811928/repo/updated-interaction'  2>&1`
$ 5000  `rm -r '/home/pete/wefwefwef/docs/other/4292811928/repo/xep-0280'  2>&1`
