 :: Extracting meta information
$ 5000  `git ls-remote --heads --tags 'https://github.com/palkan/erffmpeg'  2>&1`
>>> [repo] 2 branches, 0 tags
 :: Writing meta to "/home/pete/wefwefwef/docs/other/1712097606/meta.txt"
 :: Processing https://github.com/palkan/erffmpeg	{rev,branch,"dev_ilia","ca88bc8b059c10a3e078e5f81564e4689dfb4029"}
 :: Fetching repo code
$ cd "/home/pete/wefwefwef/docs/other/1712097606/erffmpeg-branch-dev_ilia/erffmpeg"
$ infinity  `curl --fail --silent --show-error --location --output 'dev_ilia.zip' 'https://github.com/palkan/erffmpeg/archive/dev_ilia.zip'  2>&1`
$ cd "/home/pete/wefwefwef/docs/erldocs_other.git"
$ cd "/home/pete/wefwefwef/docs/other/1712097606/erffmpeg-branch-dev_ilia/erffmpeg"
$ 5000  `find -P . -type l -delete  2>&1`
$ cd "/home/pete/wefwefwef/docs/erldocs_other.git"
$ cd "/home/pete/wefwefwef/docs/other/1712097606/erffmpeg-branch-dev_ilia/erffmpeg"
$ 5000  `find 'erffmpeg-dev_ilia' -mindepth 1 -maxdepth 1 -exec mv -t . -- {} +  2>&1`
$ cd "/home/pete/wefwefwef/docs/erldocs_other.git"
 :: Getting dependencies
$ cd "/home/pete/wefwefwef/docs/other/1712097606/erffmpeg-branch-dev_ilia/erffmpeg"
$ 5000  `ls -1 deps/  2>&1`
$ cd "/home/pete/wefwefwef/docs/erldocs_other.git"
>>> [rebar] deps = []
 :: Generating erldocs into /home/pete/wefwefwef/docs/other/1712097606/repo/dev_ilia
Building erffmpeg
Generating Type Specs - "/home/pete/wefwefwef/docs/other/1712097606/erffmpeg-branch-dev_ilia/erffmpeg/src/ffmpeg.erl"
Generating Type Specs - "/home/pete/wefwefwef/docs/other/1712097606/erffmpeg-branch-dev_ilia/erffmpeg/src/ffmpeg_app.erl"
Generating Type Specs - "/home/pete/wefwefwef/docs/other/1712097606/erffmpeg-branch-dev_ilia/erffmpeg/src/ffmpeg_old.erl"
/home/pete/wefwefwef/docs/other/1712097606/erffmpeg-branch-dev_ilia/erffmpeg/src/ffmpeg_old.erl: at line 26: can't find include lib "erlmedia/include/video_frame.hrl"
EDoc could not process file '/home/pete/wefwefwef/docs/other/1712097606/erffmpeg-branch-dev_ilia/erffmpeg/src/ffmpeg_old.erl'
Error generating type specs for "/home/pete/wefwefwef/docs/other/1712097606/erffmpeg-branch-dev_ilia/erffmpeg/src/ffmpeg_old.erl"
Generating Type Specs - "/home/pete/wefwefwef/docs/other/1712097606/erffmpeg-branch-dev_ilia/erffmpeg/src/ffmpeg_server.erl"
Generating Type Specs - "/home/pete/wefwefwef/docs/other/1712097606/erffmpeg-branch-dev_ilia/erffmpeg/src/ffmpeg_sup.erl"
Generating Type Specs - "/home/pete/wefwefwef/docs/other/1712097606/erffmpeg-branch-dev_ilia/erffmpeg/src/ffmpeg_worker.erl"
/home/pete/wefwefwef/docs/other/1712097606/erffmpeg-branch-dev_ilia/erffmpeg/src/ffmpeg_worker.erl: at line 3: can't find include lib "erlmedia/include/video_frame.hrl"
EDoc could not process file '/home/pete/wefwefwef/docs/other/1712097606/erffmpeg-branch-dev_ilia/erffmpeg/src/ffmpeg_worker.erl'
Error generating type specs for "/home/pete/wefwefwef/docs/other/1712097606/erffmpeg-branch-dev_ilia/erffmpeg/src/ffmpeg_worker.erl"
Generating Type Specs - "/home/pete/wefwefwef/docs/other/1712097606/erffmpeg-branch-dev_ilia/erffmpeg/src/mbr_packetizer.erl"
Generating Type Specs - "/home/pete/wefwefwef/docs/other/1712097606/erffmpeg-branch-dev_ilia/erffmpeg/src/thumbnailer.erl"
Generating XML for application erffmpeg "/home/pete/wefwefwef/docs/other/1712097606/erffmpeg-branch-dev_ilia/erffmpeg" -> "/home/pete/wefwefwef/docs/other/1712097606/repo/dev_ilia/.xml/erffmpeg"
/home/pete/wefwefwef/docs/other/1712097606/erffmpeg-branch-dev_ilia/erffmpeg/src/ffmpeg_old.erl: at line 26: can't find include lib "erlmedia/include/video_frame.hrl"
edoc: skipping source file '/home/pete/wefwefwef/docs/other/1712097606/erffmpeg-branch-dev_ilia/erffmpeg/src/ffmpeg_old.erl': {'EXIT',
                                                                                                                         error}.
/home/pete/wefwefwef/docs/other/1712097606/erffmpeg-branch-dev_ilia/erffmpeg/src/ffmpeg_worker.erl: at line 3: can't find include lib "erlmedia/include/video_frame.hrl"
edoc: skipping source file '/home/pete/wefwefwef/docs/other/1712097606/erffmpeg-branch-dev_ilia/erffmpeg/src/ffmpeg_worker.erl': {'EXIT',
                                                                                                                            error}.
edoc: error in doclet 'edoc_doclet': {'EXIT',error}.
Error generating erffmpeg XMLs. Using fallback ...
Generating XML erffmpeg - ffmpeg "/home/pete/wefwefwef/docs/other/1712097606/erffmpeg-branch-dev_ilia/erffmpeg/src/ffmpeg.erl" -> "/home/pete/wefwefwef/docs/other/1712097606/repo/dev_ilia/.xml/erffmpeg/ffmpeg.xml"
Generating XML erffmpeg - ffmpeg_app "/home/pete/wefwefwef/docs/other/1712097606/erffmpeg-branch-dev_ilia/erffmpeg/src/ffmpeg_app.erl" -> "/home/pete/wefwefwef/docs/other/1712097606/repo/dev_ilia/.xml/erffmpeg/ffmpeg_app.xml"
Generating XML erffmpeg - ffmpeg_old "/home/pete/wefwefwef/docs/other/1712097606/erffmpeg-branch-dev_ilia/erffmpeg/src/ffmpeg_old.erl" -> "/home/pete/wefwefwef/docs/other/1712097606/repo/dev_ilia/.xml/erffmpeg/ffmpeg_old.xml"
/home/pete/wefwefwef/docs/other/1712097606/erffmpeg-branch-dev_ilia/erffmpeg/src/ffmpeg_old.erl: at line 26: can't find include lib "erlmedia/include/video_frame.hrl"
Error generating XML ("/home/pete/wefwefwef/docs/other/1712097606/erffmpeg-branch-dev_ilia/erffmpeg/src/ffmpeg_old.erl"): {'EXIT',
                                                                                                                           error}
Generating XML erffmpeg - ffmpeg_server "/home/pete/wefwefwef/docs/other/1712097606/erffmpeg-branch-dev_ilia/erffmpeg/src/ffmpeg_server.erl" -> "/home/pete/wefwefwef/docs/other/1712097606/repo/dev_ilia/.xml/erffmpeg/ffmpeg_server.xml"
Generating XML erffmpeg - ffmpeg_sup "/home/pete/wefwefwef/docs/other/1712097606/erffmpeg-branch-dev_ilia/erffmpeg/src/ffmpeg_sup.erl" -> "/home/pete/wefwefwef/docs/other/1712097606/repo/dev_ilia/.xml/erffmpeg/ffmpeg_sup.xml"
Generating XML erffmpeg - ffmpeg_worker "/home/pete/wefwefwef/docs/other/1712097606/erffmpeg-branch-dev_ilia/erffmpeg/src/ffmpeg_worker.erl" -> "/home/pete/wefwefwef/docs/other/1712097606/repo/dev_ilia/.xml/erffmpeg/ffmpeg_worker.xml"
/home/pete/wefwefwef/docs/other/1712097606/erffmpeg-branch-dev_ilia/erffmpeg/src/ffmpeg_worker.erl: at line 3: can't find include lib "erlmedia/include/video_frame.hrl"
Error generating XML ("/home/pete/wefwefwef/docs/other/1712097606/erffmpeg-branch-dev_ilia/erffmpeg/src/ffmpeg_worker.erl"): {'EXIT',
                                                                                                                              error}
Generating XML erffmpeg - mbr_packetizer "/home/pete/wefwefwef/docs/other/1712097606/erffmpeg-branch-dev_ilia/erffmpeg/src/mbr_packetizer.erl" -> "/home/pete/wefwefwef/docs/other/1712097606/repo/dev_ilia/.xml/erffmpeg/mbr_packetizer.xml"
Generating XML erffmpeg - thumbnailer "/home/pete/wefwefwef/docs/other/1712097606/erffmpeg-branch-dev_ilia/erffmpeg/src/thumbnailer.erl" -> "/home/pete/wefwefwef/docs/other/1712097606/repo/dev_ilia/.xml/erffmpeg/thumbnailer.xml"
Generating HTML - ffmpeg_sup "/home/pete/wefwefwef/docs/other/1712097606/repo/dev_ilia/.xml/erffmpeg/ffmpeg_sup.xml"
Generating HTML - thumbnailer "/home/pete/wefwefwef/docs/other/1712097606/repo/dev_ilia/.xml/erffmpeg/thumbnailer.xml"
Generating HTML - mbr_packetizer "/home/pete/wefwefwef/docs/other/1712097606/repo/dev_ilia/.xml/erffmpeg/mbr_packetizer.xml"
Generating HTML - ffmpeg "/home/pete/wefwefwef/docs/other/1712097606/repo/dev_ilia/.xml/erffmpeg/ffmpeg.xml"
Reading XML for "/home/pete/wefwefwef/docs/other/1712097606/repo/dev_ilia/.xml/erffmpeg/ffmpeg_sup.xml"
Reading XML for "/home/pete/wefwefwef/docs/other/1712097606/repo/dev_ilia/.xml/erffmpeg/thumbnailer.xml"
Reading XML for "/home/pete/wefwefwef/docs/other/1712097606/repo/dev_ilia/.xml/erffmpeg/mbr_packetizer.xml"
Reading XML for "/home/pete/wefwefwef/docs/other/1712097606/repo/dev_ilia/.xml/erffmpeg/ffmpeg.xml"
Reading XML for "/home/pete/wefwefwef/docs/other/1712097606/repo/dev_ilia/.xml/specs_thumbnailer.xml"
Reading XML for "/home/pete/wefwefwef/docs/other/1712097606/repo/dev_ilia/.xml/specs_mbr_packetizer.xml"
Reading XML for "/home/pete/wefwefwef/docs/other/1712097606/repo/dev_ilia/.xml/specs_ffmpeg_sup.xml"
Reading XML for "/home/pete/wefwefwef/docs/other/1712097606/repo/dev_ilia/.xml/specs_ffmpeg.xml"
Generating HTML - ffmpeg_app "/home/pete/wefwefwef/docs/other/1712097606/repo/dev_ilia/.xml/erffmpeg/ffmpeg_app.xml"
Reading XML for "/home/pete/wefwefwef/docs/other/1712097606/repo/dev_ilia/.xml/erffmpeg/ffmpeg_app.xml"
Reading XML for "/home/pete/wefwefwef/docs/other/1712097606/repo/dev_ilia/.xml/specs_ffmpeg_app.xml"
Generating HTML - ffmpeg_server "/home/pete/wefwefwef/docs/other/1712097606/repo/dev_ilia/.xml/erffmpeg/ffmpeg_server.xml"
Reading XML for "/home/pete/wefwefwef/docs/other/1712097606/repo/dev_ilia/.xml/erffmpeg/ffmpeg_server.xml"
Reading XML for "/home/pete/wefwefwef/docs/other/1712097606/repo/dev_ilia/.xml/specs_ffmpeg_server.xml"
Creating index.html ...
Creating erldocs_index.js ...
Woot, finished in 0 Minutes 1 Seconds
 :: Discovering other repos
$ 5000  `rm -r '/home/pete/wefwefwef/docs/other/1712097606/erffmpeg-branch-dev_ilia'  2>&1`
 :: Processing https://github.com/palkan/erffmpeg	{rev,branch,"master","d5fa4b169b2fe90e3aea4a9f6cddbd49a6dbf99f"}
 :: Fetching repo code
$ cd "/home/pete/wefwefwef/docs/other/1712097606/erffmpeg-branch-master/erffmpeg"
$ infinity  `curl --fail --silent --show-error --location --output 'master.zip' 'https://github.com/palkan/erffmpeg/archive/master.zip'  2>&1`
$ cd "/home/pete/wefwefwef/docs/erldocs_other.git"
$ cd "/home/pete/wefwefwef/docs/other/1712097606/erffmpeg-branch-master/erffmpeg"
$ 5000  `find -P . -type l -delete  2>&1`
$ cd "/home/pete/wefwefwef/docs/erldocs_other.git"
$ cd "/home/pete/wefwefwef/docs/other/1712097606/erffmpeg-branch-master/erffmpeg"
$ 5000  `find 'erffmpeg-master' -mindepth 1 -maxdepth 1 -exec mv -t . -- {} +  2>&1`
$ cd "/home/pete/wefwefwef/docs/erldocs_other.git"
 :: Getting dependencies
$ cd "/home/pete/wefwefwef/docs/other/1712097606/erffmpeg-branch-master/erffmpeg"
$ 5000  `ls -1 deps/  2>&1`
$ cd "/home/pete/wefwefwef/docs/erldocs_other.git"
>>> [rebar] deps = []
 :: Generating erldocs into /home/pete/wefwefwef/docs/other/1712097606/repo/master
Building erffmpeg
Generating Type Specs - "/home/pete/wefwefwef/docs/other/1712097606/erffmpeg-branch-master/erffmpeg/src/ffmpeg.erl"
/home/pete/wefwefwef/docs/other/1712097606/erffmpeg-branch-master/erffmpeg/src/ffmpeg.erl: at line 26: can't find include lib "erlmedia/include/video_frame.hrl"
EDoc could not process file '/home/pete/wefwefwef/docs/other/1712097606/erffmpeg-branch-master/erffmpeg/src/ffmpeg.erl'
Error generating type specs for "/home/pete/wefwefwef/docs/other/1712097606/erffmpeg-branch-master/erffmpeg/src/ffmpeg.erl"
Generating Type Specs - "/home/pete/wefwefwef/docs/other/1712097606/erffmpeg-branch-master/erffmpeg/src/ffmpeg_app.erl"
Generating Type Specs - "/home/pete/wefwefwef/docs/other/1712097606/erffmpeg-branch-master/erffmpeg/src/ffmpeg_sup.erl"
Generating Type Specs - "/home/pete/wefwefwef/docs/other/1712097606/erffmpeg-branch-master/erffmpeg/src/mbr_packetizer.erl"
/home/pete/wefwefwef/docs/other/1712097606/erffmpeg-branch-master/erffmpeg/src/mbr_packetizer.erl: at line 29: can't find include lib "erlmedia/include/video_frame.hrl"
EDoc could not process file '/home/pete/wefwefwef/docs/other/1712097606/erffmpeg-branch-master/erffmpeg/src/mbr_packetizer.erl'
Error generating type specs for "/home/pete/wefwefwef/docs/other/1712097606/erffmpeg-branch-master/erffmpeg/src/mbr_packetizer.erl"
Generating Type Specs - "/home/pete/wefwefwef/docs/other/1712097606/erffmpeg-branch-master/erffmpeg/src/thumbnailer.erl"
/home/pete/wefwefwef/docs/other/1712097606/erffmpeg-branch-master/erffmpeg/src/thumbnailer.erl: at line 2: can't find include lib "erlmedia/include/video_frame.hrl"
EDoc could not process file '/home/pete/wefwefwef/docs/other/1712097606/erffmpeg-branch-master/erffmpeg/src/thumbnailer.erl'
Error generating type specs for "/home/pete/wefwefwef/docs/other/1712097606/erffmpeg-branch-master/erffmpeg/src/thumbnailer.erl"
Generating XML for application erffmpeg "/home/pete/wefwefwef/docs/other/1712097606/erffmpeg-branch-master/erffmpeg" -> "/home/pete/wefwefwef/docs/other/1712097606/repo/master/.xml/erffmpeg"
/home/pete/wefwefwef/docs/other/1712097606/erffmpeg-branch-master/erffmpeg/src/thumbnailer.erl: at line 2: can't find include lib "erlmedia/include/video_frame.hrl"
edoc: skipping source file '/home/pete/wefwefwef/docs/other/1712097606/erffmpeg-branch-master/erffmpeg/src/thumbnailer.erl': {'EXIT',
                                                                                                                        error}.
/home/pete/wefwefwef/docs/other/1712097606/erffmpeg-branch-master/erffmpeg/src/mbr_packetizer.erl: at line 29: can't find include lib "erlmedia/include/video_frame.hrl"
edoc: skipping source file '/home/pete/wefwefwef/docs/other/1712097606/erffmpeg-branch-master/erffmpeg/src/mbr_packetizer.erl': {'EXIT',
                                                                                                                           error}.
/home/pete/wefwefwef/docs/other/1712097606/erffmpeg-branch-master/erffmpeg/src/ffmpeg.erl: at line 26: can't find include lib "erlmedia/include/video_frame.hrl"
edoc: skipping source file '/home/pete/wefwefwef/docs/other/1712097606/erffmpeg-branch-master/erffmpeg/src/ffmpeg.erl': {'EXIT',
                                                                                                                   error}.
edoc: error in doclet 'edoc_doclet': {'EXIT',error}.
Error generating erffmpeg XMLs. Using fallback ...
Generating XML erffmpeg - ffmpeg "/home/pete/wefwefwef/docs/other/1712097606/erffmpeg-branch-master/erffmpeg/src/ffmpeg.erl" -> "/home/pete/wefwefwef/docs/other/1712097606/repo/master/.xml/erffmpeg/ffmpeg.xml"
/home/pete/wefwefwef/docs/other/1712097606/erffmpeg-branch-master/erffmpeg/src/ffmpeg.erl: at line 26: can't find include lib "erlmedia/include/video_frame.hrl"
Error generating XML ("/home/pete/wefwefwef/docs/other/1712097606/erffmpeg-branch-master/erffmpeg/src/ffmpeg.erl"): {'EXIT',
                                                                                                                     error}
Generating XML erffmpeg - ffmpeg_app "/home/pete/wefwefwef/docs/other/1712097606/erffmpeg-branch-master/erffmpeg/src/ffmpeg_app.erl" -> "/home/pete/wefwefwef/docs/other/1712097606/repo/master/.xml/erffmpeg/ffmpeg_app.xml"
Generating XML erffmpeg - ffmpeg_sup "/home/pete/wefwefwef/docs/other/1712097606/erffmpeg-branch-master/erffmpeg/src/ffmpeg_sup.erl" -> "/home/pete/wefwefwef/docs/other/1712097606/repo/master/.xml/erffmpeg/ffmpeg_sup.xml"
Generating XML erffmpeg - mbr_packetizer "/home/pete/wefwefwef/docs/other/1712097606/erffmpeg-branch-master/erffmpeg/src/mbr_packetizer.erl" -> "/home/pete/wefwefwef/docs/other/1712097606/repo/master/.xml/erffmpeg/mbr_packetizer.xml"
/home/pete/wefwefwef/docs/other/1712097606/erffmpeg-branch-master/erffmpeg/src/mbr_packetizer.erl: at line 29: can't find include lib "erlmedia/include/video_frame.hrl"
Error generating XML ("/home/pete/wefwefwef/docs/other/1712097606/erffmpeg-branch-master/erffmpeg/src/mbr_packetizer.erl"): {'EXIT',
                                                                                                                             error}
Generating XML erffmpeg - thumbnailer "/home/pete/wefwefwef/docs/other/1712097606/erffmpeg-branch-master/erffmpeg/src/thumbnailer.erl" -> "/home/pete/wefwefwef/docs/other/1712097606/repo/master/.xml/erffmpeg/thumbnailer.xml"
/home/pete/wefwefwef/docs/other/1712097606/erffmpeg-branch-master/erffmpeg/src/thumbnailer.erl: at line 2: can't find include lib "erlmedia/include/video_frame.hrl"
Error generating XML ("/home/pete/wefwefwef/docs/other/1712097606/erffmpeg-branch-master/erffmpeg/src/thumbnailer.erl"): {'EXIT',
                                                                                                                          error}
Generating HTML - ffmpeg_app "/home/pete/wefwefwef/docs/other/1712097606/repo/master/.xml/erffmpeg/ffmpeg_app.xml"
Reading XML for "/home/pete/wefwefwef/docs/other/1712097606/repo/master/.xml/erffmpeg/ffmpeg_app.xml"
Reading XML for "/home/pete/wefwefwef/docs/other/1712097606/repo/master/.xml/specs_ffmpeg_app.xml"
Generating HTML - ffmpeg_sup "/home/pete/wefwefwef/docs/other/1712097606/repo/master/.xml/erffmpeg/ffmpeg_sup.xml"
Reading XML for "/home/pete/wefwefwef/docs/other/1712097606/repo/master/.xml/erffmpeg/ffmpeg_sup.xml"
Reading XML for "/home/pete/wefwefwef/docs/other/1712097606/repo/master/.xml/specs_ffmpeg_sup.xml"
Creating index.html ...
Creating erldocs_index.js ...
Woot, finished in 0 Minutes 0 Seconds
 :: Discovering other repos
$ 5000  `rm -r '/home/pete/wefwefwef/docs/other/1712097606/erffmpeg-branch-master'  2>&1`
 :: Erldocs finishing up
$ 5000  `rm -r '/home/pete/wefwefwef/docs/other/1712097606/erffmpeg'  2>&1`
