 :: Extracting meta information
$ infinity  `git ls-remote --heads --tags 'https://github.com/jahor/apns4erl'  2>&1`
>>> [repo] 2 branches, 0 tags
 :: Writing meta to "/home/pete/wefwefwef/docs/other/03857c164a0c5353ee70dc0d75208597af1db4e8/meta.txt"
 :: Processing https://github.com/jahor/apns4erl	{rev,branch,"master","9e89273d953a839a3f3c6b40cb7155be00a74d27",undefined,[],[]}
 :: Fetching repo code
$ cd '/home/pete/wefwefwef/docs/other/03857c164a0c5353ee70dc0d75208597af1db4e8/apns4erl-branch-master'
$ infinity  `curl --fail --silent --show-error --location --output repo.tar.gz 'https://codeload.github.com/jahor/apns4erl/tar.gz/master'  2>&1`
$ cd '/home/pete/wefwefwef/docs/erldocs_other.git'
$ cd '/home/pete/wefwefwef/docs/other/03857c164a0c5353ee70dc0d75208597af1db4e8/apns4erl-branch-master/apns4erl-master'
$ 5000  `find -P . -type l -delete  2>&1`
$ cd '/home/pete/wefwefwef/docs/erldocs_other.git'
$ 5000  `mv '/home/pete/wefwefwef/docs/other/03857c164a0c5353ee70dc0d75208597af1db4e8/apns4erl-branch-master/apns4erl-master' '/home/pete/wefwefwef/docs/other/03857c164a0c5353ee70dc0d75208597af1db4e8/apns4erl-branch-master/apns4erl'  2>&1`
 :: Getting dependencies
$ cd '/home/pete/wefwefwef/docs/other/03857c164a0c5353ee70dc0d75208597af1db4e8/apns4erl-branch-master/apns4erl'
$ 5000  `ls -1 deps/  2>&1`
$ cd '/home/pete/wefwefwef/docs/erldocs_other.git'
>>> [rebar] deps = []
 :: Generating erldocs into /home/pete/wefwefwef/docs/other/03857c164a0c5353ee70dc0d75208597af1db4e8/repo/master
Building apns4erl
Generating Type Specs - "/home/pete/wefwefwef/docs/other/03857c164a0c5353ee70dc0d75208597af1db4e8/apns4erl-branch-master/apns4erl/src/apns.erl"
Generating Type Specs - "/home/pete/wefwefwef/docs/other/03857c164a0c5353ee70dc0d75208597af1db4e8/apns4erl-branch-master/apns4erl/src/apns_app.erl"
Generating Type Specs - "/home/pete/wefwefwef/docs/other/03857c164a0c5353ee70dc0d75208597af1db4e8/apns4erl-branch-master/apns4erl/src/apns_connection.erl"
Generating Type Specs - "/home/pete/wefwefwef/docs/other/03857c164a0c5353ee70dc0d75208597af1db4e8/apns4erl-branch-master/apns4erl/src/apns_mochijson2.erl"
Generating Type Specs - "/home/pete/wefwefwef/docs/other/03857c164a0c5353ee70dc0d75208597af1db4e8/apns4erl-branch-master/apns4erl/src/apns_mochinum.erl"
Generating Type Specs - "/home/pete/wefwefwef/docs/other/03857c164a0c5353ee70dc0d75208597af1db4e8/apns4erl-branch-master/apns4erl/src/apns_sup.erl"
Generating XML for application apns4erl "/home/pete/wefwefwef/docs/other/03857c164a0c5353ee70dc0d75208597af1db4e8/apns4erl-branch-master/apns4erl" -> "/home/pete/wefwefwef/docs/other/03857c164a0c5353ee70dc0d75208597af1db4e8/repo/master/.xml/apns4erl"
edoc: error in layout 'docgen_edoc_xml_cb': {'EXIT',
                                       {{badmatch,[]},
                                        [{docgen_edoc_xml_cb,otp_xmlify_a,1,
                                          [{file,"docgen_edoc_xml_cb.erl"},
                                           {line,455}]},
                                         {docgen_edoc_xml_cb,otp_xmlify_e,1,
                                          [{file,"docgen_edoc_xml_cb.erl"},
                                           {line,437}]},
                                         {docgen_edoc_xml_cb,otp_xmlify_e,1,
                                          [{file,"docgen_edoc_xml_cb.erl"},
                                           {line,437}]},
                                         {docgen_edoc_xml_cb,otp_xmlify_e,1,
                                          [{file,"docgen_edoc_xml_cb.erl"},
                                           {line,392}]},
                                         {docgen_edoc_xml_cb,otp_xmlify_es,1,
                                          [{file,"docgen_edoc_xml_cb.erl"},
                                           {line,273}]},
                                         {docgen_edoc_xml_cb,fulldesc,1,
                                          [{file,"docgen_edoc_xml_cb.erl"},
                                           {line,901}]},
                                         {docgen_edoc_xml_cb,function,2,
                                          [{file,"docgen_edoc_xml_cb.erl"},
                                           {line,781}]},
                                         {lists,flatmap,2,
                                          [{file,[...]},{line,...}]}]}}.
edoc: error in doclet 'edoc_doclet': {'EXIT',error}.
Error generating apns4erl XMLs. Using fallback ...
Generating XML apns4erl - apns "/home/pete/wefwefwef/docs/other/03857c164a0c5353ee70dc0d75208597af1db4e8/apns4erl-branch-master/apns4erl/src/apns.erl" -> "/home/pete/wefwefwef/docs/other/03857c164a0c5353ee70dc0d75208597af1db4e8/repo/master/.xml/apns4erl/apns.xml"
edoc: error in layout 'docgen_edoc_xml_cb': {'EXIT',
                                       {{badmatch,[]},
                                        [{docgen_edoc_xml_cb,otp_xmlify_a,1,
                                          [{file,"docgen_edoc_xml_cb.erl"},
                                           {line,455}]},
                                         {docgen_edoc_xml_cb,otp_xmlify_e,1,
                                          [{file,"docgen_edoc_xml_cb.erl"},
                                           {line,437}]},
                                         {docgen_edoc_xml_cb,otp_xmlify_e,1,
                                          [{file,"docgen_edoc_xml_cb.erl"},
                                           {line,437}]},
                                         {docgen_edoc_xml_cb,otp_xmlify_e,1,
                                          [{file,"docgen_edoc_xml_cb.erl"},
                                           {line,392}]},
                                         {docgen_edoc_xml_cb,otp_xmlify_es,1,
                                          [{file,"docgen_edoc_xml_cb.erl"},
                                           {line,273}]},
                                         {docgen_edoc_xml_cb,fulldesc,1,
                                          [{file,"docgen_edoc_xml_cb.erl"},
                                           {line,901}]},
                                         {docgen_edoc_xml_cb,function,2,
                                          [{file,"docgen_edoc_xml_cb.erl"},
                                           {line,781}]},
                                         {lists,flatmap,2,
                                          [{file,[...]},{line,...}]}]}}.
Error generating XML ("/home/pete/wefwefwef/docs/other/03857c164a0c5353ee70dc0d75208597af1db4e8/apns4erl-branch-master/apns4erl/src/apns.erl"): {'EXIT',
                                                                                                                                                 error}
Generating XML apns4erl - apns_app "/home/pete/wefwefwef/docs/other/03857c164a0c5353ee70dc0d75208597af1db4e8/apns4erl-branch-master/apns4erl/src/apns_app.erl" -> "/home/pete/wefwefwef/docs/other/03857c164a0c5353ee70dc0d75208597af1db4e8/repo/master/.xml/apns4erl/apns_app.xml"
Generating XML apns4erl - apns_connection "/home/pete/wefwefwef/docs/other/03857c164a0c5353ee70dc0d75208597af1db4e8/apns4erl-branch-master/apns4erl/src/apns_connection.erl" -> "/home/pete/wefwefwef/docs/other/03857c164a0c5353ee70dc0d75208597af1db4e8/repo/master/.xml/apns4erl/apns_connection.xml"
Generating XML apns4erl - apns_mochijson2 "/home/pete/wefwefwef/docs/other/03857c164a0c5353ee70dc0d75208597af1db4e8/apns4erl-branch-master/apns4erl/src/apns_mochijson2.erl" -> "/home/pete/wefwefwef/docs/other/03857c164a0c5353ee70dc0d75208597af1db4e8/repo/master/.xml/apns4erl/apns_mochijson2.xml"
Generating XML apns4erl - apns_mochinum "/home/pete/wefwefwef/docs/other/03857c164a0c5353ee70dc0d75208597af1db4e8/apns4erl-branch-master/apns4erl/src/apns_mochinum.erl" -> "/home/pete/wefwefwef/docs/other/03857c164a0c5353ee70dc0d75208597af1db4e8/repo/master/.xml/apns4erl/apns_mochinum.xml"
Generating XML apns4erl - apns_sup "/home/pete/wefwefwef/docs/other/03857c164a0c5353ee70dc0d75208597af1db4e8/apns4erl-branch-master/apns4erl/src/apns_sup.erl" -> "/home/pete/wefwefwef/docs/other/03857c164a0c5353ee70dc0d75208597af1db4e8/repo/master/.xml/apns4erl/apns_sup.xml"
Generating HTML - apns_mochijson2 "/home/pete/wefwefwef/docs/other/03857c164a0c5353ee70dc0d75208597af1db4e8/repo/master/.xml/apns4erl/apns_mochijson2.xml"
Generating HTML - apns_sup "/home/pete/wefwefwef/docs/other/03857c164a0c5353ee70dc0d75208597af1db4e8/repo/master/.xml/apns4erl/apns_sup.xml"
Generating HTML - apns_mochinum "/home/pete/wefwefwef/docs/other/03857c164a0c5353ee70dc0d75208597af1db4e8/repo/master/.xml/apns4erl/apns_mochinum.xml"
Generating HTML - apns_app "/home/pete/wefwefwef/docs/other/03857c164a0c5353ee70dc0d75208597af1db4e8/repo/master/.xml/apns4erl/apns_app.xml"
Reading XML for "/home/pete/wefwefwef/docs/other/03857c164a0c5353ee70dc0d75208597af1db4e8/repo/master/.xml/apns4erl/apns_mochijson2.xml"
Reading XML for "/home/pete/wefwefwef/docs/other/03857c164a0c5353ee70dc0d75208597af1db4e8/repo/master/.xml/apns4erl/apns_sup.xml"
Reading XML for "/home/pete/wefwefwef/docs/other/03857c164a0c5353ee70dc0d75208597af1db4e8/repo/master/.xml/apns4erl/apns_mochinum.xml"
Reading XML for "/home/pete/wefwefwef/docs/other/03857c164a0c5353ee70dc0d75208597af1db4e8/repo/master/.xml/apns4erl/apns_app.xml"
Reading XML for "/home/pete/wefwefwef/docs/other/03857c164a0c5353ee70dc0d75208597af1db4e8/repo/master/.xml/specs_apns_sup.xml"
Reading XML for "/home/pete/wefwefwef/docs/other/03857c164a0c5353ee70dc0d75208597af1db4e8/repo/master/.xml/specs_apns_mochijson2.xml"
Reading XML for "/home/pete/wefwefwef/docs/other/03857c164a0c5353ee70dc0d75208597af1db4e8/repo/master/.xml/specs_apns_mochinum.xml"
Reading XML for "/home/pete/wefwefwef/docs/other/03857c164a0c5353ee70dc0d75208597af1db4e8/repo/master/.xml/specs_apns_app.xml"
Generating HTML - apns_connection "/home/pete/wefwefwef/docs/other/03857c164a0c5353ee70dc0d75208597af1db4e8/repo/master/.xml/apns4erl/apns_connection.xml"
Reading XML for "/home/pete/wefwefwef/docs/other/03857c164a0c5353ee70dc0d75208597af1db4e8/repo/master/.xml/apns4erl/apns_connection.xml"
Reading XML for "/home/pete/wefwefwef/docs/other/03857c164a0c5353ee70dc0d75208597af1db4e8/repo/master/.xml/specs_apns_connection.xml"
Creating index.html ...
Creating erldocs_index.js ...
Woot, finished in 0 Minutes 1 Seconds
 :: Discovering other repos
$ 5000  `rm -r '/home/pete/wefwefwef/docs/other/03857c164a0c5353ee70dc0d75208597af1db4e8/apns4erl-branch-master'  2>&1`
 :: Processing https://github.com/jahor/apns4erl	{rev,branch,"gh-pages","79bad269040c464cbcc2fa85a49998b49a98cd3e",undefined,[],[]}
 :: Fetching repo code
$ cd '/home/pete/wefwefwef/docs/other/03857c164a0c5353ee70dc0d75208597af1db4e8/apns4erl-branch-gh-pages'
$ infinity  `curl --fail --silent --show-error --location --output repo.tar.gz 'https://codeload.github.com/jahor/apns4erl/tar.gz/gh-pages'  2>&1`
$ cd '/home/pete/wefwefwef/docs/erldocs_other.git'
$ cd '/home/pete/wefwefwef/docs/other/03857c164a0c5353ee70dc0d75208597af1db4e8/apns4erl-branch-gh-pages/apns4erl-gh-pages'
$ 5000  `find -P . -type l -delete  2>&1`
$ cd '/home/pete/wefwefwef/docs/erldocs_other.git'
$ 5000  `mv '/home/pete/wefwefwef/docs/other/03857c164a0c5353ee70dc0d75208597af1db4e8/apns4erl-branch-gh-pages/apns4erl-gh-pages' '/home/pete/wefwefwef/docs/other/03857c164a0c5353ee70dc0d75208597af1db4e8/apns4erl-branch-gh-pages/apns4erl'  2>&1`
 :: Getting dependencies
 :: Generating erldocs into /home/pete/wefwefwef/docs/other/03857c164a0c5353ee70dc0d75208597af1db4e8/repo/gh-pages
Building apns4erl
Generating XML for application apns4erl "/home/pete/wefwefwef/docs/other/03857c164a0c5353ee70dc0d75208597af1db4e8/apns4erl-branch-gh-pages/apns4erl" -> "/home/pete/wefwefwef/docs/other/03857c164a0c5353ee70dc0d75208597af1db4e8/repo/gh-pages/.xml/apns4erl"
Generated apns4erl XMLs: []
No documentation was generated!
Woot, finished in 0 Minutes 0 Seconds
 :: Discovering other repos
$ 5000  `rm -r '/home/pete/wefwefwef/docs/other/03857c164a0c5353ee70dc0d75208597af1db4e8/apns4erl-branch-gh-pages'  2>&1`
 :: Finishing up
$ 5000  `rm -r '/home/pete/wefwefwef/docs/other/03857c164a0c5353ee70dc0d75208597af1db4e8/apns4erl'  2>&1`
$ 5000  `rm -r '/home/pete/wefwefwef/docs/other/03857c164a0c5353ee70dc0d75208597af1db4e8/repo/gh-pages'  2>&1`
