 :: Extracting meta information
$ 5000  `git ls-remote --heads --tags 'https://github.com/andrzejsliwa/ej'  2>&1`
>>> [repo] 1 branches, 0 tags
 :: Writing meta to "/home/pete/wefwefwef/docs/other/7756480946/meta.txt"
 :: Processing https://github.com/andrzejsliwa/ej	{rev,branch,"master","ea46b3e451e0decedfae9e7ed208c111f16503b8"}
 :: Fetching repo code
$ cd "/home/pete/wefwefwef/docs/other/7756480946/ej-branch-master/ej"
$ infinity  `curl --fail --silent --show-error --location --output 'master.zip' 'https://github.com/andrzejsliwa/ej/archive/master.zip'  2>&1`
$ cd "/home/pete/wefwefwef/docs/erldocs_other.git"
$ cd "/home/pete/wefwefwef/docs/other/7756480946/ej-branch-master/ej"
$ 5000  `find -P . -type l -delete  2>&1`
$ cd "/home/pete/wefwefwef/docs/erldocs_other.git"
$ cd "/home/pete/wefwefwef/docs/other/7756480946/ej-branch-master/ej"
$ 5000  `find 'ej-master' -mindepth 1 -maxdepth 1 -exec mv -t . -- {} +  2>&1`
$ cd "/home/pete/wefwefwef/docs/erldocs_other.git"
 :: Getting dependencies
$ cd "/home/pete/wefwefwef/docs/other/7756480946/ej-branch-master/ej"
$ 5000  `ls -1 deps/  2>&1`
$ cd "/home/pete/wefwefwef/docs/erldocs_other.git"
>>> [rebar] deps = []
 :: Generating erldocs into /home/pete/wefwefwef/docs/other/7756480946/repo/master
Building ej
Generating Type Specs - "/home/pete/wefwefwef/docs/other/7756480946/ej-branch-master/ej/src/ej.erl"
Generating XML for application ej "/home/pete/wefwefwef/docs/other/7756480946/ej-branch-master/ej" -> "/home/pete/wefwefwef/docs/other/7756480946/repo/master/.xml/ej"
Generated ej XMLs: ["/home/pete/wefwefwef/docs/other/7756480946/repo/master/.xml/ej/ej.xml"]
Generating HTML - ej "/home/pete/wefwefwef/docs/other/7756480946/repo/master/.xml/ej/ej.xml"
Reading XML for "/home/pete/wefwefwef/docs/other/7756480946/repo/master/.xml/ej/ej.xml"
Reading XML for "/home/pete/wefwefwef/docs/other/7756480946/repo/master/.xml/specs_ej.xml"
Creating index.html ...
Creating erldocs_index.js ...
Woot, finished in 0 Minutes 0 Seconds
 :: Discovering other repos
$ 5000  `rm -r '/home/pete/wefwefwef/docs/other/7756480946/ej-branch-master'  2>&1`
 :: Erldocs finishing up
$ 5000  `rm -r '/home/pete/wefwefwef/docs/other/7756480946/ej'  2>&1`
