 :: Extracting meta information
$ 5000  `git ls-remote --heads --tags 'https://github.com/carlosdotdanger/pphpp'  2>&1`
>>> [repo] 1 branches, 0 tags
 :: Writing meta to "/home/pete/wefwefwef/docs/other/751547608/meta.txt"
 :: Processing https://github.com/carlosdotdanger/pphpp	{rev,branch,"master","a6915e491d6affba264b72717c7e44e225d1cbdc",undefined,[],[]}
 :: Fetching repo code
$ cd "/home/pete/wefwefwef/docs/other/751547608/pphpp-branch-master/pphpp"
$ infinity  `curl --fail --silent --show-error --location --output 'master.zip' 'https://github.com/carlosdotdanger/pphpp/archive/master.zip'  2>&1`
$ cd "/home/pete/wefwefwef/docs/erldocs_other.git"
$ cd "/home/pete/wefwefwef/docs/other/751547608/pphpp-branch-master/pphpp"
$ 5000  `find -P . -type l -delete  2>&1`
$ cd "/home/pete/wefwefwef/docs/erldocs_other.git"
$ cd "/home/pete/wefwefwef/docs/other/751547608/pphpp-branch-master/pphpp"
$ 5000  `find 'pphpp-master' -mindepth 1 -maxdepth 1 -exec mv -t . -- {} +  2>&1`
$ cd "/home/pete/wefwefwef/docs/erldocs_other.git"
 :: Getting dependencies
$ cd "/home/pete/wefwefwef/docs/other/751547608/pphpp-branch-master/pphpp"
$ 5000  `ls -1 deps/  2>&1`
$ cd "/home/pete/wefwefwef/docs/erldocs_other.git"
>>> [rebar] deps = []
 :: Generating erldocs into /home/pete/wefwefwef/docs/other/751547608/repo/master
Building pphpp
Generating Type Specs - "/home/pete/wefwefwef/docs/other/751547608/pphpp-branch-master/pphpp/src/pphpp.erl"
Generating Type Specs - "/home/pete/wefwefwef/docs/other/751547608/pphpp-branch-master/pphpp/src/pphpp_app.erl"
Generating Type Specs - "/home/pete/wefwefwef/docs/other/751547608/pphpp-branch-master/pphpp/src/pphpp_sup.erl"
Generating Type Specs - "/home/pete/wefwefwef/docs/other/751547608/pphpp-branch-master/pphpp/src/pphpp_worker.erl"
Generating Type Specs - "/home/pete/wefwefwef/docs/other/751547608/pphpp-branch-master/pphpp/src/pphpp_worker_sup.erl"
Generating XML for application pphpp "/home/pete/wefwefwef/docs/other/751547608/pphpp-branch-master/pphpp" -> "/home/pete/wefwefwef/docs/other/751547608/repo/master/.xml/pphpp"
Generated pphpp XMLs: ["/home/pete/wefwefwef/docs/other/751547608/repo/master/.xml/pphpp/pphpp_worker.xml",
                       "/home/pete/wefwefwef/docs/other/751547608/repo/master/.xml/pphpp/pphpp_app.xml",
                       "/home/pete/wefwefwef/docs/other/751547608/repo/master/.xml/pphpp/pphpp_worker_sup.xml",
                       "/home/pete/wefwefwef/docs/other/751547608/repo/master/.xml/pphpp/pphpp_sup.xml",
                       "/home/pete/wefwefwef/docs/other/751547608/repo/master/.xml/pphpp/pphpp.xml"]
Generating HTML - pphpp_worker "/home/pete/wefwefwef/docs/other/751547608/repo/master/.xml/pphpp/pphpp_worker.xml"
Generating HTML - pphpp_app "/home/pete/wefwefwef/docs/other/751547608/repo/master/.xml/pphpp/pphpp_app.xml"
Generating HTML - pphpp_worker_sup "/home/pete/wefwefwef/docs/other/751547608/repo/master/.xml/pphpp/pphpp_worker_sup.xml"
Generating HTML - pphpp "/home/pete/wefwefwef/docs/other/751547608/repo/master/.xml/pphpp/pphpp.xml"
Reading XML for "/home/pete/wefwefwef/docs/other/751547608/repo/master/.xml/pphpp/pphpp_worker.xml"
Reading XML for "/home/pete/wefwefwef/docs/other/751547608/repo/master/.xml/pphpp/pphpp_app.xml"
Reading XML for "/home/pete/wefwefwef/docs/other/751547608/repo/master/.xml/pphpp/pphpp_worker_sup.xml"
Reading XML for "/home/pete/wefwefwef/docs/other/751547608/repo/master/.xml/pphpp/pphpp.xml"
Reading XML for "/home/pete/wefwefwef/docs/other/751547608/repo/master/.xml/specs_pphpp_app.xml"
Reading XML for "/home/pete/wefwefwef/docs/other/751547608/repo/master/.xml/specs_pphpp_worker.xml"
Reading XML for "/home/pete/wefwefwef/docs/other/751547608/repo/master/.xml/specs_pphpp_worker_sup.xml"
Reading XML for "/home/pete/wefwefwef/docs/other/751547608/repo/master/.xml/specs_pphpp.xml"
Generating HTML - pphpp_sup "/home/pete/wefwefwef/docs/other/751547608/repo/master/.xml/pphpp/pphpp_sup.xml"
Reading XML for "/home/pete/wefwefwef/docs/other/751547608/repo/master/.xml/pphpp/pphpp_sup.xml"
Reading XML for "/home/pete/wefwefwef/docs/other/751547608/repo/master/.xml/specs_pphpp_sup.xml"
Creating index.html ...
Creating erldocs_index.js ...
Woot, finished in 0 Minutes 0 Seconds
 :: Discovering other repos
$ 5000  `rm -r '/home/pete/wefwefwef/docs/other/751547608/pphpp-branch-master'  2>&1`
 :: Finishing up
$ 5000  `rm -r '/home/pete/wefwefwef/docs/other/751547608/pphpp'  2>&1`
