 :: Extracting meta information
$ 5000  `git ls-remote --heads --tags 'https://github.com/vjache/error_log_tool'  2>&1`
>>> [repo] 1 branches, 7 tags
 :: Writing meta to "/home/pete/wefwefwef/docs/other/7314889916/meta.txt"
 :: Processing https://github.com/vjache/error_log_tool	{rev,tag,"0.0.2","75302cb821193af1c9bbe94eb42083417c8efa5a",undefined,[],[]}
 :: Fetching repo code
$ cd "/home/pete/wefwefwef/docs/other/7314889916/error_log_tool-tag-0.0.2/error_log_tool"
$ infinity  `curl --fail --silent --show-error --location --output '0.0.2.zip' 'https://github.com/vjache/error_log_tool/archive/0.0.2.zip'  2>&1`
$ cd "/home/pete/wefwefwef/docs/erldocs_other.git"
$ cd "/home/pete/wefwefwef/docs/other/7314889916/error_log_tool-tag-0.0.2/error_log_tool"
$ 5000  `find -P . -type l -delete  2>&1`
$ cd "/home/pete/wefwefwef/docs/erldocs_other.git"
$ cd "/home/pete/wefwefwef/docs/other/7314889916/error_log_tool-tag-0.0.2/error_log_tool"
$ 5000  `find 'error_log_tool-0.0.2' -mindepth 1 -maxdepth 1 -exec mv -t . -- {} +  2>&1`
$ cd "/home/pete/wefwefwef/docs/erldocs_other.git"
 :: Getting dependencies
$ cd "/home/pete/wefwefwef/docs/other/7314889916/error_log_tool-tag-0.0.2/error_log_tool"
$ infinity  `rebar --config '/home/pete/wefwefwef/docs/other/7314889916/error_log_tool-tag-0.0.2/rebar_deps' get-deps  2>&1`
$ cd "/home/pete/wefwefwef/docs/erldocs_other.git"
$ cd "/home/pete/wefwefwef/docs/other/7314889916/error_log_tool-tag-0.0.2/error_log_tool"
$ 5000  `find -P . -type l -delete  2>&1`
$ cd "/home/pete/wefwefwef/docs/erldocs_other.git"
$ cd "/home/pete/wefwefwef/docs/other/7314889916/error_log_tool-tag-0.0.2/error_log_tool"
$ 5000  `ls -1 deps/  2>&1`
$ cd "/home/pete/wefwefwef/docs/erldocs_other.git"
>>> [rebar] deps = ["cowboy"]
 :: Generating erldocs into /home/pete/wefwefwef/docs/other/7314889916/repo/0.0.2
Building error_log_tool
Generating Type Specs - "/home/pete/wefwefwef/docs/other/7314889916/error_log_tool-tag-0.0.2/error_log_tool/src/error_log_tool.erl"
Generating Type Specs - "/home/pete/wefwefwef/docs/other/7314889916/error_log_tool-tag-0.0.2/error_log_tool/src/error_log_tool_fmt.erl"
Generating Type Specs - "/home/pete/wefwefwef/docs/other/7314889916/error_log_tool-tag-0.0.2/error_log_tool/src/error_log_tool_web.erl"
Generating XML for application error_log_tool "/home/pete/wefwefwef/docs/other/7314889916/error_log_tool-tag-0.0.2/error_log_tool" -> "/home/pete/wefwefwef/docs/other/7314889916/repo/0.0.2/.xml/error_log_tool"
Generated error_log_tool XMLs: ["/home/pete/wefwefwef/docs/other/7314889916/repo/0.0.2/.xml/error_log_tool/error_log_tool_fmt.xml",
                                "/home/pete/wefwefwef/docs/other/7314889916/repo/0.0.2/.xml/error_log_tool/error_log_tool.xml",
                                "/home/pete/wefwefwef/docs/other/7314889916/repo/0.0.2/.xml/error_log_tool/error_log_tool_web.xml"]
Generating HTML - error_log_tool_web "/home/pete/wefwefwef/docs/other/7314889916/repo/0.0.2/.xml/error_log_tool/error_log_tool_web.xml"
Reading XML for "/home/pete/wefwefwef/docs/other/7314889916/repo/0.0.2/.xml/error_log_tool/error_log_tool_web.xml"
Reading XML for "/home/pete/wefwefwef/docs/other/7314889916/repo/0.0.2/.xml/specs_error_log_tool_web.xml"
Generating HTML - error_log_tool "/home/pete/wefwefwef/docs/other/7314889916/repo/0.0.2/.xml/error_log_tool/error_log_tool.xml"
Reading XML for "/home/pete/wefwefwef/docs/other/7314889916/repo/0.0.2/.xml/error_log_tool/error_log_tool.xml"
Reading XML for "/home/pete/wefwefwef/docs/other/7314889916/repo/0.0.2/.xml/specs_error_log_tool.xml"
Generating HTML - error_log_tool_fmt "/home/pete/wefwefwef/docs/other/7314889916/repo/0.0.2/.xml/error_log_tool/error_log_tool_fmt.xml"
Reading XML for "/home/pete/wefwefwef/docs/other/7314889916/repo/0.0.2/.xml/error_log_tool/error_log_tool_fmt.xml"
Reading XML for "/home/pete/wefwefwef/docs/other/7314889916/repo/0.0.2/.xml/specs_error_log_tool_fmt.xml"
Creating index.html ...
Creating erldocs_index.js ...
Woot, finished in 0 Minutes 0 Seconds
 :: Discovering other repos
$ 5000  `rm -r '/home/pete/wefwefwef/docs/other/7314889916/error_log_tool-tag-0.0.2'  2>&1`
 :: Processing https://github.com/vjache/error_log_tool	{rev,tag,"0.1.0","ba8f7f343e2a581cc418c17e228d30f36c026a2a",undefined,[],[]}
 :: Fetching repo code
$ cd "/home/pete/wefwefwef/docs/other/7314889916/error_log_tool-tag-0.1.0/error_log_tool"
$ infinity  `curl --fail --silent --show-error --location --output '0.1.0.zip' 'https://github.com/vjache/error_log_tool/archive/0.1.0.zip'  2>&1`
$ cd "/home/pete/wefwefwef/docs/erldocs_other.git"
$ cd "/home/pete/wefwefwef/docs/other/7314889916/error_log_tool-tag-0.1.0/error_log_tool"
$ 5000  `find -P . -type l -delete  2>&1`
$ cd "/home/pete/wefwefwef/docs/erldocs_other.git"
$ cd "/home/pete/wefwefwef/docs/other/7314889916/error_log_tool-tag-0.1.0/error_log_tool"
$ 5000  `find 'error_log_tool-0.1.0' -mindepth 1 -maxdepth 1 -exec mv -t . -- {} +  2>&1`
$ cd "/home/pete/wefwefwef/docs/erldocs_other.git"
 :: Getting dependencies
$ cd "/home/pete/wefwefwef/docs/other/7314889916/error_log_tool-tag-0.1.0/error_log_tool"
$ infinity  `rebar --config '/home/pete/wefwefwef/docs/other/7314889916/error_log_tool-tag-0.1.0/rebar_deps' get-deps  2>&1`
$ cd "/home/pete/wefwefwef/docs/erldocs_other.git"
$ cd "/home/pete/wefwefwef/docs/other/7314889916/error_log_tool-tag-0.1.0/error_log_tool"
$ 5000  `find -P . -type l -delete  2>&1`
$ cd "/home/pete/wefwefwef/docs/erldocs_other.git"
$ cd "/home/pete/wefwefwef/docs/other/7314889916/error_log_tool-tag-0.1.0/error_log_tool"
$ 5000  `ls -1 deps/  2>&1`
$ cd "/home/pete/wefwefwef/docs/erldocs_other.git"
>>> [rebar] deps = ["cowboy"]
 :: Generating erldocs into /home/pete/wefwefwef/docs/other/7314889916/repo/0.1.0
Building error_log_tool
Generating Type Specs - "/home/pete/wefwefwef/docs/other/7314889916/error_log_tool-tag-0.1.0/error_log_tool/src/error_log_tool.erl"
Generating Type Specs - "/home/pete/wefwefwef/docs/other/7314889916/error_log_tool-tag-0.1.0/error_log_tool/src/error_log_tool_fmt.erl"
Generating Type Specs - "/home/pete/wefwefwef/docs/other/7314889916/error_log_tool-tag-0.1.0/error_log_tool/src/error_log_tool_web.erl"
Generating XML for application error_log_tool "/home/pete/wefwefwef/docs/other/7314889916/error_log_tool-tag-0.1.0/error_log_tool" -> "/home/pete/wefwefwef/docs/other/7314889916/repo/0.1.0/.xml/error_log_tool"
Generated error_log_tool XMLs: ["/home/pete/wefwefwef/docs/other/7314889916/repo/0.1.0/.xml/error_log_tool/error_log_tool_fmt.xml",
                                "/home/pete/wefwefwef/docs/other/7314889916/repo/0.1.0/.xml/error_log_tool/error_log_tool.xml",
                                "/home/pete/wefwefwef/docs/other/7314889916/repo/0.1.0/.xml/error_log_tool/error_log_tool_web.xml"]
Generating HTML - error_log_tool_web "/home/pete/wefwefwef/docs/other/7314889916/repo/0.1.0/.xml/error_log_tool/error_log_tool_web.xml"
Reading XML for "/home/pete/wefwefwef/docs/other/7314889916/repo/0.1.0/.xml/error_log_tool/error_log_tool_web.xml"
Reading XML for "/home/pete/wefwefwef/docs/other/7314889916/repo/0.1.0/.xml/specs_error_log_tool_web.xml"
Generating HTML - error_log_tool "/home/pete/wefwefwef/docs/other/7314889916/repo/0.1.0/.xml/error_log_tool/error_log_tool.xml"
Reading XML for "/home/pete/wefwefwef/docs/other/7314889916/repo/0.1.0/.xml/error_log_tool/error_log_tool.xml"
Reading XML for "/home/pete/wefwefwef/docs/other/7314889916/repo/0.1.0/.xml/specs_error_log_tool.xml"
Generating HTML - error_log_tool_fmt "/home/pete/wefwefwef/docs/other/7314889916/repo/0.1.0/.xml/error_log_tool/error_log_tool_fmt.xml"
Reading XML for "/home/pete/wefwefwef/docs/other/7314889916/repo/0.1.0/.xml/error_log_tool/error_log_tool_fmt.xml"
Reading XML for "/home/pete/wefwefwef/docs/other/7314889916/repo/0.1.0/.xml/specs_error_log_tool_fmt.xml"
Creating index.html ...
Creating erldocs_index.js ...
Woot, finished in 0 Minutes 0 Seconds
 :: Discovering other repos
$ 5000  `rm -r '/home/pete/wefwefwef/docs/other/7314889916/error_log_tool-tag-0.1.0'  2>&1`
 :: Processing https://github.com/vjache/error_log_tool	{rev,tag,"0.1.1","4271a85e48ba1d39f8940edbeaeab98cbb8ef536",undefined,[],[]}
 :: Fetching repo code
$ cd "/home/pete/wefwefwef/docs/other/7314889916/error_log_tool-tag-0.1.1/error_log_tool"
$ infinity  `curl --fail --silent --show-error --location --output '0.1.1.zip' 'https://github.com/vjache/error_log_tool/archive/0.1.1.zip'  2>&1`
$ cd "/home/pete/wefwefwef/docs/erldocs_other.git"
$ cd "/home/pete/wefwefwef/docs/other/7314889916/error_log_tool-tag-0.1.1/error_log_tool"
$ 5000  `find -P . -type l -delete  2>&1`
$ cd "/home/pete/wefwefwef/docs/erldocs_other.git"
$ cd "/home/pete/wefwefwef/docs/other/7314889916/error_log_tool-tag-0.1.1/error_log_tool"
$ 5000  `find 'error_log_tool-0.1.1' -mindepth 1 -maxdepth 1 -exec mv -t . -- {} +  2>&1`
$ cd "/home/pete/wefwefwef/docs/erldocs_other.git"
 :: Getting dependencies
$ cd "/home/pete/wefwefwef/docs/other/7314889916/error_log_tool-tag-0.1.1/error_log_tool"
$ infinity  `rebar --config '/home/pete/wefwefwef/docs/other/7314889916/error_log_tool-tag-0.1.1/rebar_deps' get-deps  2>&1`
$ cd "/home/pete/wefwefwef/docs/erldocs_other.git"
$ cd "/home/pete/wefwefwef/docs/other/7314889916/error_log_tool-tag-0.1.1/error_log_tool"
$ 5000  `find -P . -type l -delete  2>&1`
$ cd "/home/pete/wefwefwef/docs/erldocs_other.git"
$ cd "/home/pete/wefwefwef/docs/other/7314889916/error_log_tool-tag-0.1.1/error_log_tool"
$ 5000  `ls -1 deps/  2>&1`
$ cd "/home/pete/wefwefwef/docs/erldocs_other.git"
>>> [rebar] deps = ["cowboy"]
 :: Generating erldocs into /home/pete/wefwefwef/docs/other/7314889916/repo/0.1.1
Building error_log_tool
Generating Type Specs - "/home/pete/wefwefwef/docs/other/7314889916/error_log_tool-tag-0.1.1/error_log_tool/src/error_log_tool.erl"
Generating Type Specs - "/home/pete/wefwefwef/docs/other/7314889916/error_log_tool-tag-0.1.1/error_log_tool/src/error_log_tool_fmt.erl"
Generating Type Specs - "/home/pete/wefwefwef/docs/other/7314889916/error_log_tool-tag-0.1.1/error_log_tool/src/error_log_tool_web.erl"
Generating XML for application error_log_tool "/home/pete/wefwefwef/docs/other/7314889916/error_log_tool-tag-0.1.1/error_log_tool" -> "/home/pete/wefwefwef/docs/other/7314889916/repo/0.1.1/.xml/error_log_tool"
Generated error_log_tool XMLs: ["/home/pete/wefwefwef/docs/other/7314889916/repo/0.1.1/.xml/error_log_tool/error_log_tool_fmt.xml",
                                "/home/pete/wefwefwef/docs/other/7314889916/repo/0.1.1/.xml/error_log_tool/error_log_tool.xml",
                                "/home/pete/wefwefwef/docs/other/7314889916/repo/0.1.1/.xml/error_log_tool/error_log_tool_web.xml"]
Generating HTML - error_log_tool_web "/home/pete/wefwefwef/docs/other/7314889916/repo/0.1.1/.xml/error_log_tool/error_log_tool_web.xml"
Reading XML for "/home/pete/wefwefwef/docs/other/7314889916/repo/0.1.1/.xml/error_log_tool/error_log_tool_web.xml"
Reading XML for "/home/pete/wefwefwef/docs/other/7314889916/repo/0.1.1/.xml/specs_error_log_tool_web.xml"
Generating HTML - error_log_tool "/home/pete/wefwefwef/docs/other/7314889916/repo/0.1.1/.xml/error_log_tool/error_log_tool.xml"
Reading XML for "/home/pete/wefwefwef/docs/other/7314889916/repo/0.1.1/.xml/error_log_tool/error_log_tool.xml"
Reading XML for "/home/pete/wefwefwef/docs/other/7314889916/repo/0.1.1/.xml/specs_error_log_tool.xml"
Generating HTML - error_log_tool_fmt "/home/pete/wefwefwef/docs/other/7314889916/repo/0.1.1/.xml/error_log_tool/error_log_tool_fmt.xml"
Reading XML for "/home/pete/wefwefwef/docs/other/7314889916/repo/0.1.1/.xml/error_log_tool/error_log_tool_fmt.xml"
Reading XML for "/home/pete/wefwefwef/docs/other/7314889916/repo/0.1.1/.xml/specs_error_log_tool_fmt.xml"
Creating index.html ...
Creating erldocs_index.js ...
Woot, finished in 0 Minutes 0 Seconds
 :: Discovering other repos
$ 5000  `rm -r '/home/pete/wefwefwef/docs/other/7314889916/error_log_tool-tag-0.1.1'  2>&1`
 :: Processing https://github.com/vjache/error_log_tool	{rev,tag,"0.1.2","b913d86f41fb520be67d02807a49f28340a17ffa",undefined,[],[]}
 :: Fetching repo code
$ cd "/home/pete/wefwefwef/docs/other/7314889916/error_log_tool-tag-0.1.2/error_log_tool"
$ infinity  `curl --fail --silent --show-error --location --output '0.1.2.zip' 'https://github.com/vjache/error_log_tool/archive/0.1.2.zip'  2>&1`
$ cd "/home/pete/wefwefwef/docs/erldocs_other.git"
$ cd "/home/pete/wefwefwef/docs/other/7314889916/error_log_tool-tag-0.1.2/error_log_tool"
$ 5000  `find -P . -type l -delete  2>&1`
$ cd "/home/pete/wefwefwef/docs/erldocs_other.git"
$ cd "/home/pete/wefwefwef/docs/other/7314889916/error_log_tool-tag-0.1.2/error_log_tool"
$ 5000  `find 'error_log_tool-0.1.2' -mindepth 1 -maxdepth 1 -exec mv -t . -- {} +  2>&1`
$ cd "/home/pete/wefwefwef/docs/erldocs_other.git"
 :: Getting dependencies
$ cd "/home/pete/wefwefwef/docs/other/7314889916/error_log_tool-tag-0.1.2/error_log_tool"
$ infinity  `rebar --config '/home/pete/wefwefwef/docs/other/7314889916/error_log_tool-tag-0.1.2/rebar_deps' get-deps  2>&1`
$ cd "/home/pete/wefwefwef/docs/erldocs_other.git"
$ cd "/home/pete/wefwefwef/docs/other/7314889916/error_log_tool-tag-0.1.2/error_log_tool"
$ 5000  `find -P . -type l -delete  2>&1`
$ cd "/home/pete/wefwefwef/docs/erldocs_other.git"
$ cd "/home/pete/wefwefwef/docs/other/7314889916/error_log_tool-tag-0.1.2/error_log_tool"
$ 5000  `ls -1 deps/  2>&1`
$ cd "/home/pete/wefwefwef/docs/erldocs_other.git"
>>> [rebar] deps = ["cowboy","logmachine","zlists"]
 :: Generating erldocs into /home/pete/wefwefwef/docs/other/7314889916/repo/0.1.2
Building error_log_tool
Generating Type Specs - "/home/pete/wefwefwef/docs/other/7314889916/error_log_tool-tag-0.1.2/error_log_tool/src/error_log_tool.erl"
Generating Type Specs - "/home/pete/wefwefwef/docs/other/7314889916/error_log_tool-tag-0.1.2/error_log_tool/src/error_log_tool_fmt.erl"
Generating Type Specs - "/home/pete/wefwefwef/docs/other/7314889916/error_log_tool-tag-0.1.2/error_log_tool/src/error_log_tool_web.erl"
Generating XML for application error_log_tool "/home/pete/wefwefwef/docs/other/7314889916/error_log_tool-tag-0.1.2/error_log_tool" -> "/home/pete/wefwefwef/docs/other/7314889916/repo/0.1.2/.xml/error_log_tool"
Generated error_log_tool XMLs: ["/home/pete/wefwefwef/docs/other/7314889916/repo/0.1.2/.xml/error_log_tool/error_log_tool_fmt.xml",
                                "/home/pete/wefwefwef/docs/other/7314889916/repo/0.1.2/.xml/error_log_tool/error_log_tool.xml",
                                "/home/pete/wefwefwef/docs/other/7314889916/repo/0.1.2/.xml/error_log_tool/error_log_tool_web.xml"]
Generating HTML - error_log_tool_web "/home/pete/wefwefwef/docs/other/7314889916/repo/0.1.2/.xml/error_log_tool/error_log_tool_web.xml"
Reading XML for "/home/pete/wefwefwef/docs/other/7314889916/repo/0.1.2/.xml/error_log_tool/error_log_tool_web.xml"
Reading XML for "/home/pete/wefwefwef/docs/other/7314889916/repo/0.1.2/.xml/specs_error_log_tool_web.xml"
Generating HTML - error_log_tool "/home/pete/wefwefwef/docs/other/7314889916/repo/0.1.2/.xml/error_log_tool/error_log_tool.xml"
Reading XML for "/home/pete/wefwefwef/docs/other/7314889916/repo/0.1.2/.xml/error_log_tool/error_log_tool.xml"
Reading XML for "/home/pete/wefwefwef/docs/other/7314889916/repo/0.1.2/.xml/specs_error_log_tool.xml"
Generating HTML - error_log_tool_fmt "/home/pete/wefwefwef/docs/other/7314889916/repo/0.1.2/.xml/error_log_tool/error_log_tool_fmt.xml"
Reading XML for "/home/pete/wefwefwef/docs/other/7314889916/repo/0.1.2/.xml/error_log_tool/error_log_tool_fmt.xml"
Reading XML for "/home/pete/wefwefwef/docs/other/7314889916/repo/0.1.2/.xml/specs_error_log_tool_fmt.xml"
Creating index.html ...
Creating erldocs_index.js ...
Woot, finished in 0 Minutes 0 Seconds
 :: Discovering other repos
$ 5000  `rm -r '/home/pete/wefwefwef/docs/other/7314889916/error_log_tool-tag-0.1.2'  2>&1`
 :: Processing https://github.com/vjache/error_log_tool	{rev,tag,"0.2.0","aae724ae530f952edfd8bbf81ab8a0dfed247307",undefined,[],[]}
 :: Fetching repo code
$ cd "/home/pete/wefwefwef/docs/other/7314889916/error_log_tool-tag-0.2.0/error_log_tool"
$ infinity  `curl --fail --silent --show-error --location --output '0.2.0.zip' 'https://github.com/vjache/error_log_tool/archive/0.2.0.zip'  2>&1`
$ cd "/home/pete/wefwefwef/docs/erldocs_other.git"
$ cd "/home/pete/wefwefwef/docs/other/7314889916/error_log_tool-tag-0.2.0/error_log_tool"
$ 5000  `find -P . -type l -delete  2>&1`
$ cd "/home/pete/wefwefwef/docs/erldocs_other.git"
$ cd "/home/pete/wefwefwef/docs/other/7314889916/error_log_tool-tag-0.2.0/error_log_tool"
$ 5000  `find 'error_log_tool-0.2.0' -mindepth 1 -maxdepth 1 -exec mv -t . -- {} +  2>&1`
$ cd "/home/pete/wefwefwef/docs/erldocs_other.git"
 :: Getting dependencies
$ cd "/home/pete/wefwefwef/docs/other/7314889916/error_log_tool-tag-0.2.0/error_log_tool"
$ infinity  `rebar --config '/home/pete/wefwefwef/docs/other/7314889916/error_log_tool-tag-0.2.0/rebar_deps' get-deps  2>&1`
$ cd "/home/pete/wefwefwef/docs/erldocs_other.git"
$ cd "/home/pete/wefwefwef/docs/other/7314889916/error_log_tool-tag-0.2.0/error_log_tool"
$ 5000  `find -P . -type l -delete  2>&1`
$ cd "/home/pete/wefwefwef/docs/erldocs_other.git"
$ cd "/home/pete/wefwefwef/docs/other/7314889916/error_log_tool-tag-0.2.0/error_log_tool"
$ 5000  `ls -1 deps/  2>&1`
$ cd "/home/pete/wefwefwef/docs/erldocs_other.git"
>>> [rebar] deps = ["cowboy","logmachine","zlists"]
 :: Generating erldocs into /home/pete/wefwefwef/docs/other/7314889916/repo/0.2.0
Building error_log_tool
Generating Type Specs - "/home/pete/wefwefwef/docs/other/7314889916/error_log_tool-tag-0.2.0/error_log_tool/src/error_log_tool.erl"
Generating Type Specs - "/home/pete/wefwefwef/docs/other/7314889916/error_log_tool-tag-0.2.0/error_log_tool/src/error_log_tool_fmt.erl"
Generating Type Specs - "/home/pete/wefwefwef/docs/other/7314889916/error_log_tool-tag-0.2.0/error_log_tool/src/error_log_tool_help_web.erl"
Generating Type Specs - "/home/pete/wefwefwef/docs/other/7314889916/error_log_tool-tag-0.2.0/error_log_tool/src/error_log_tool_web.erl"
Generating XML for application error_log_tool "/home/pete/wefwefwef/docs/other/7314889916/error_log_tool-tag-0.2.0/error_log_tool" -> "/home/pete/wefwefwef/docs/other/7314889916/repo/0.2.0/.xml/error_log_tool"
Generated error_log_tool XMLs: ["/home/pete/wefwefwef/docs/other/7314889916/repo/0.2.0/.xml/error_log_tool/error_log_tool_fmt.xml",
                                "/home/pete/wefwefwef/docs/other/7314889916/repo/0.2.0/.xml/error_log_tool/error_log_tool.xml",
                                "/home/pete/wefwefwef/docs/other/7314889916/repo/0.2.0/.xml/error_log_tool/error_log_tool_help_web.xml",
                                "/home/pete/wefwefwef/docs/other/7314889916/repo/0.2.0/.xml/error_log_tool/error_log_tool_web.xml"]
Generating HTML - error_log_tool_fmt "/home/pete/wefwefwef/docs/other/7314889916/repo/0.2.0/.xml/error_log_tool/error_log_tool_fmt.xml"
Generating HTML - error_log_tool "/home/pete/wefwefwef/docs/other/7314889916/repo/0.2.0/.xml/error_log_tool/error_log_tool.xml"
Generating HTML - error_log_tool_help_web "/home/pete/wefwefwef/docs/other/7314889916/repo/0.2.0/.xml/error_log_tool/error_log_tool_help_web.xml"
Generating HTML - error_log_tool_web "/home/pete/wefwefwef/docs/other/7314889916/repo/0.2.0/.xml/error_log_tool/error_log_tool_web.xml"
Reading XML for "/home/pete/wefwefwef/docs/other/7314889916/repo/0.2.0/.xml/error_log_tool/error_log_tool_fmt.xml"
Reading XML for "/home/pete/wefwefwef/docs/other/7314889916/repo/0.2.0/.xml/error_log_tool/error_log_tool.xml"
Reading XML for "/home/pete/wefwefwef/docs/other/7314889916/repo/0.2.0/.xml/error_log_tool/error_log_tool_help_web.xml"
Reading XML for "/home/pete/wefwefwef/docs/other/7314889916/repo/0.2.0/.xml/error_log_tool/error_log_tool_web.xml"
Reading XML for "/home/pete/wefwefwef/docs/other/7314889916/repo/0.2.0/.xml/specs_error_log_tool_fmt.xml"
Reading XML for "/home/pete/wefwefwef/docs/other/7314889916/repo/0.2.0/.xml/specs_error_log_tool.xml"
Reading XML for "/home/pete/wefwefwef/docs/other/7314889916/repo/0.2.0/.xml/specs_error_log_tool_help_web.xml"
Reading XML for "/home/pete/wefwefwef/docs/other/7314889916/repo/0.2.0/.xml/specs_error_log_tool_web.xml"
Creating index.html ...
Creating erldocs_index.js ...
Woot, finished in 0 Minutes 0 Seconds
 :: Discovering other repos
$ 5000  `rm -r '/home/pete/wefwefwef/docs/other/7314889916/error_log_tool-tag-0.2.0'  2>&1`
 :: Processing https://github.com/vjache/error_log_tool	{rev,tag,"0.2.1","7209c26cb9b5b9d62999c75f610e78d4eb64990b",undefined,[],[]}
 :: Fetching repo code
$ cd "/home/pete/wefwefwef/docs/other/7314889916/error_log_tool-tag-0.2.1/error_log_tool"
$ infinity  `curl --fail --silent --show-error --location --output '0.2.1.zip' 'https://github.com/vjache/error_log_tool/archive/0.2.1.zip'  2>&1`
$ cd "/home/pete/wefwefwef/docs/erldocs_other.git"
$ cd "/home/pete/wefwefwef/docs/other/7314889916/error_log_tool-tag-0.2.1/error_log_tool"
$ 5000  `find -P . -type l -delete  2>&1`
$ cd "/home/pete/wefwefwef/docs/erldocs_other.git"
$ cd "/home/pete/wefwefwef/docs/other/7314889916/error_log_tool-tag-0.2.1/error_log_tool"
$ 5000  `find 'error_log_tool-0.2.1' -mindepth 1 -maxdepth 1 -exec mv -t . -- {} +  2>&1`
$ cd "/home/pete/wefwefwef/docs/erldocs_other.git"
 :: Getting dependencies
$ cd "/home/pete/wefwefwef/docs/other/7314889916/error_log_tool-tag-0.2.1/error_log_tool"
$ infinity  `rebar --config '/home/pete/wefwefwef/docs/other/7314889916/error_log_tool-tag-0.2.1/rebar_deps' get-deps  2>&1`
$ cd "/home/pete/wefwefwef/docs/erldocs_other.git"
$ cd "/home/pete/wefwefwef/docs/other/7314889916/error_log_tool-tag-0.2.1/error_log_tool"
$ 5000  `find -P . -type l -delete  2>&1`
$ cd "/home/pete/wefwefwef/docs/erldocs_other.git"
$ cd "/home/pete/wefwefwef/docs/other/7314889916/error_log_tool-tag-0.2.1/error_log_tool"
$ 5000  `ls -1 deps/  2>&1`
$ cd "/home/pete/wefwefwef/docs/erldocs_other.git"
>>> [rebar] deps = ["cowboy","logmachine","zlists"]
 :: Generating erldocs into /home/pete/wefwefwef/docs/other/7314889916/repo/0.2.1
Building error_log_tool
Generating Type Specs - "/home/pete/wefwefwef/docs/other/7314889916/error_log_tool-tag-0.2.1/error_log_tool/src/error_log_tool.erl"
Generating Type Specs - "/home/pete/wefwefwef/docs/other/7314889916/error_log_tool-tag-0.2.1/error_log_tool/src/error_log_tool_fmt.erl"
Generating Type Specs - "/home/pete/wefwefwef/docs/other/7314889916/error_log_tool-tag-0.2.1/error_log_tool/src/error_log_tool_help_web.erl"
Generating Type Specs - "/home/pete/wefwefwef/docs/other/7314889916/error_log_tool-tag-0.2.1/error_log_tool/src/error_log_tool_web.erl"
Generating XML for application error_log_tool "/home/pete/wefwefwef/docs/other/7314889916/error_log_tool-tag-0.2.1/error_log_tool" -> "/home/pete/wefwefwef/docs/other/7314889916/repo/0.2.1/.xml/error_log_tool"
Generated error_log_tool XMLs: ["/home/pete/wefwefwef/docs/other/7314889916/repo/0.2.1/.xml/error_log_tool/error_log_tool_fmt.xml",
                                "/home/pete/wefwefwef/docs/other/7314889916/repo/0.2.1/.xml/error_log_tool/error_log_tool.xml",
                                "/home/pete/wefwefwef/docs/other/7314889916/repo/0.2.1/.xml/error_log_tool/error_log_tool_help_web.xml",
                                "/home/pete/wefwefwef/docs/other/7314889916/repo/0.2.1/.xml/error_log_tool/error_log_tool_web.xml"]
Generating HTML - error_log_tool_fmt "/home/pete/wefwefwef/docs/other/7314889916/repo/0.2.1/.xml/error_log_tool/error_log_tool_fmt.xml"
Generating HTML - error_log_tool "/home/pete/wefwefwef/docs/other/7314889916/repo/0.2.1/.xml/error_log_tool/error_log_tool.xml"
Generating HTML - error_log_tool_help_web "/home/pete/wefwefwef/docs/other/7314889916/repo/0.2.1/.xml/error_log_tool/error_log_tool_help_web.xml"
Generating HTML - error_log_tool_web "/home/pete/wefwefwef/docs/other/7314889916/repo/0.2.1/.xml/error_log_tool/error_log_tool_web.xml"
Reading XML for "/home/pete/wefwefwef/docs/other/7314889916/repo/0.2.1/.xml/error_log_tool/error_log_tool_fmt.xml"
Reading XML for "/home/pete/wefwefwef/docs/other/7314889916/repo/0.2.1/.xml/error_log_tool/error_log_tool.xml"
Reading XML for "/home/pete/wefwefwef/docs/other/7314889916/repo/0.2.1/.xml/error_log_tool/error_log_tool_help_web.xml"
Reading XML for "/home/pete/wefwefwef/docs/other/7314889916/repo/0.2.1/.xml/error_log_tool/error_log_tool_web.xml"
Reading XML for "/home/pete/wefwefwef/docs/other/7314889916/repo/0.2.1/.xml/specs_error_log_tool_fmt.xml"
Reading XML for "/home/pete/wefwefwef/docs/other/7314889916/repo/0.2.1/.xml/specs_error_log_tool_web.xml"
Reading XML for "/home/pete/wefwefwef/docs/other/7314889916/repo/0.2.1/.xml/specs_error_log_tool.xml"
Reading XML for "/home/pete/wefwefwef/docs/other/7314889916/repo/0.2.1/.xml/specs_error_log_tool_help_web.xml"
Creating index.html ...
Creating erldocs_index.js ...
Woot, finished in 0 Minutes 0 Seconds
 :: Discovering other repos
$ 5000  `rm -r '/home/pete/wefwefwef/docs/other/7314889916/error_log_tool-tag-0.2.1'  2>&1`
 :: Processing https://github.com/vjache/error_log_tool	{rev,tag,"0.2.2","18f0c10a6eb66bb2782634006c4774a89b32a1db",undefined,[],[]}
 :: Fetching repo code
$ cd "/home/pete/wefwefwef/docs/other/7314889916/error_log_tool-tag-0.2.2/error_log_tool"
$ infinity  `curl --fail --silent --show-error --location --output '0.2.2.zip' 'https://github.com/vjache/error_log_tool/archive/0.2.2.zip'  2>&1`
$ cd "/home/pete/wefwefwef/docs/erldocs_other.git"
$ cd "/home/pete/wefwefwef/docs/other/7314889916/error_log_tool-tag-0.2.2/error_log_tool"
$ 5000  `find -P . -type l -delete  2>&1`
$ cd "/home/pete/wefwefwef/docs/erldocs_other.git"
$ cd "/home/pete/wefwefwef/docs/other/7314889916/error_log_tool-tag-0.2.2/error_log_tool"
$ 5000  `find 'error_log_tool-0.2.2' -mindepth 1 -maxdepth 1 -exec mv -t . -- {} +  2>&1`
$ cd "/home/pete/wefwefwef/docs/erldocs_other.git"
 :: Getting dependencies
$ cd "/home/pete/wefwefwef/docs/other/7314889916/error_log_tool-tag-0.2.2/error_log_tool"
$ infinity  `rebar --config '/home/pete/wefwefwef/docs/other/7314889916/error_log_tool-tag-0.2.2/rebar_deps' get-deps  2>&1`
$ cd "/home/pete/wefwefwef/docs/erldocs_other.git"
$ cd "/home/pete/wefwefwef/docs/other/7314889916/error_log_tool-tag-0.2.2/error_log_tool"
$ 5000  `find -P . -type l -delete  2>&1`
$ cd "/home/pete/wefwefwef/docs/erldocs_other.git"
$ cd "/home/pete/wefwefwef/docs/other/7314889916/error_log_tool-tag-0.2.2/error_log_tool"
$ 5000  `ls -1 deps/  2>&1`
$ cd "/home/pete/wefwefwef/docs/erldocs_other.git"
>>> [rebar] deps = ["cowboy","logmachine","zlists"]
 :: Generating erldocs into /home/pete/wefwefwef/docs/other/7314889916/repo/0.2.2
Building error_log_tool
Generating Type Specs - "/home/pete/wefwefwef/docs/other/7314889916/error_log_tool-tag-0.2.2/error_log_tool/src/error_log_tool.erl"
Generating Type Specs - "/home/pete/wefwefwef/docs/other/7314889916/error_log_tool-tag-0.2.2/error_log_tool/src/error_log_tool_fmt.erl"
Generating Type Specs - "/home/pete/wefwefwef/docs/other/7314889916/error_log_tool-tag-0.2.2/error_log_tool/src/error_log_tool_help_web.erl"
Generating Type Specs - "/home/pete/wefwefwef/docs/other/7314889916/error_log_tool-tag-0.2.2/error_log_tool/src/error_log_tool_web.erl"
Generating XML for application error_log_tool "/home/pete/wefwefwef/docs/other/7314889916/error_log_tool-tag-0.2.2/error_log_tool" -> "/home/pete/wefwefwef/docs/other/7314889916/repo/0.2.2/.xml/error_log_tool"
Generated error_log_tool XMLs: ["/home/pete/wefwefwef/docs/other/7314889916/repo/0.2.2/.xml/error_log_tool/error_log_tool_fmt.xml",
                                "/home/pete/wefwefwef/docs/other/7314889916/repo/0.2.2/.xml/error_log_tool/error_log_tool.xml",
                                "/home/pete/wefwefwef/docs/other/7314889916/repo/0.2.2/.xml/error_log_tool/error_log_tool_help_web.xml",
                                "/home/pete/wefwefwef/docs/other/7314889916/repo/0.2.2/.xml/error_log_tool/error_log_tool_web.xml"]
Generating HTML - error_log_tool_fmt "/home/pete/wefwefwef/docs/other/7314889916/repo/0.2.2/.xml/error_log_tool/error_log_tool_fmt.xml"
Generating HTML - error_log_tool "/home/pete/wefwefwef/docs/other/7314889916/repo/0.2.2/.xml/error_log_tool/error_log_tool.xml"
Generating HTML - error_log_tool_help_web "/home/pete/wefwefwef/docs/other/7314889916/repo/0.2.2/.xml/error_log_tool/error_log_tool_help_web.xml"
Generating HTML - error_log_tool_web "/home/pete/wefwefwef/docs/other/7314889916/repo/0.2.2/.xml/error_log_tool/error_log_tool_web.xml"
Reading XML for "/home/pete/wefwefwef/docs/other/7314889916/repo/0.2.2/.xml/error_log_tool/error_log_tool_fmt.xml"
Reading XML for "/home/pete/wefwefwef/docs/other/7314889916/repo/0.2.2/.xml/error_log_tool/error_log_tool.xml"
Reading XML for "/home/pete/wefwefwef/docs/other/7314889916/repo/0.2.2/.xml/error_log_tool/error_log_tool_help_web.xml"
Reading XML for "/home/pete/wefwefwef/docs/other/7314889916/repo/0.2.2/.xml/error_log_tool/error_log_tool_web.xml"
Reading XML for "/home/pete/wefwefwef/docs/other/7314889916/repo/0.2.2/.xml/specs_error_log_tool_help_web.xml"
Reading XML for "/home/pete/wefwefwef/docs/other/7314889916/repo/0.2.2/.xml/specs_error_log_tool_web.xml"
Reading XML for "/home/pete/wefwefwef/docs/other/7314889916/repo/0.2.2/.xml/specs_error_log_tool.xml"
Reading XML for "/home/pete/wefwefwef/docs/other/7314889916/repo/0.2.2/.xml/specs_error_log_tool_fmt.xml"
Creating index.html ...
Creating erldocs_index.js ...
Woot, finished in 0 Minutes 0 Seconds
 :: Discovering other repos
$ 5000  `rm -r '/home/pete/wefwefwef/docs/other/7314889916/error_log_tool-tag-0.2.2'  2>&1`
 :: Processing https://github.com/vjache/error_log_tool	{rev,branch,"master","18f0c10a6eb66bb2782634006c4774a89b32a1db",undefined,[],[]}
 :: Fetching repo code
$ cd "/home/pete/wefwefwef/docs/other/7314889916/error_log_tool-branch-master/error_log_tool"
$ infinity  `curl --fail --silent --show-error --location --output 'master.zip' 'https://github.com/vjache/error_log_tool/archive/master.zip'  2>&1`
$ cd "/home/pete/wefwefwef/docs/erldocs_other.git"
$ cd "/home/pete/wefwefwef/docs/other/7314889916/error_log_tool-branch-master/error_log_tool"
$ 5000  `find -P . -type l -delete  2>&1`
$ cd "/home/pete/wefwefwef/docs/erldocs_other.git"
$ cd "/home/pete/wefwefwef/docs/other/7314889916/error_log_tool-branch-master/error_log_tool"
$ 5000  `find 'error_log_tool-master' -mindepth 1 -maxdepth 1 -exec mv -t . -- {} +  2>&1`
$ cd "/home/pete/wefwefwef/docs/erldocs_other.git"
 :: Getting dependencies
$ cd "/home/pete/wefwefwef/docs/other/7314889916/error_log_tool-branch-master/error_log_tool"
$ infinity  `rebar --config '/home/pete/wefwefwef/docs/other/7314889916/error_log_tool-branch-master/rebar_deps' get-deps  2>&1`
$ cd "/home/pete/wefwefwef/docs/erldocs_other.git"
$ cd "/home/pete/wefwefwef/docs/other/7314889916/error_log_tool-branch-master/error_log_tool"
$ 5000  `find -P . -type l -delete  2>&1`
$ cd "/home/pete/wefwefwef/docs/erldocs_other.git"
$ cd "/home/pete/wefwefwef/docs/other/7314889916/error_log_tool-branch-master/error_log_tool"
$ 5000  `ls -1 deps/  2>&1`
$ cd "/home/pete/wefwefwef/docs/erldocs_other.git"
>>> [rebar] deps = ["cowboy","logmachine","zlists"]
 :: Generating erldocs into /home/pete/wefwefwef/docs/other/7314889916/repo/master
Building error_log_tool
Generating Type Specs - "/home/pete/wefwefwef/docs/other/7314889916/error_log_tool-branch-master/error_log_tool/src/error_log_tool.erl"
Generating Type Specs - "/home/pete/wefwefwef/docs/other/7314889916/error_log_tool-branch-master/error_log_tool/src/error_log_tool_fmt.erl"
Generating Type Specs - "/home/pete/wefwefwef/docs/other/7314889916/error_log_tool-branch-master/error_log_tool/src/error_log_tool_help_web.erl"
Generating Type Specs - "/home/pete/wefwefwef/docs/other/7314889916/error_log_tool-branch-master/error_log_tool/src/error_log_tool_web.erl"
Generating XML for application error_log_tool "/home/pete/wefwefwef/docs/other/7314889916/error_log_tool-branch-master/error_log_tool" -> "/home/pete/wefwefwef/docs/other/7314889916/repo/master/.xml/error_log_tool"
Generated error_log_tool XMLs: ["/home/pete/wefwefwef/docs/other/7314889916/repo/master/.xml/error_log_tool/error_log_tool_fmt.xml",
                                "/home/pete/wefwefwef/docs/other/7314889916/repo/master/.xml/error_log_tool/error_log_tool.xml",
                                "/home/pete/wefwefwef/docs/other/7314889916/repo/master/.xml/error_log_tool/error_log_tool_help_web.xml",
                                "/home/pete/wefwefwef/docs/other/7314889916/repo/master/.xml/error_log_tool/error_log_tool_web.xml"]
Generating HTML - error_log_tool_fmt "/home/pete/wefwefwef/docs/other/7314889916/repo/master/.xml/error_log_tool/error_log_tool_fmt.xml"
Generating HTML - error_log_tool "/home/pete/wefwefwef/docs/other/7314889916/repo/master/.xml/error_log_tool/error_log_tool.xml"
Generating HTML - error_log_tool_help_web "/home/pete/wefwefwef/docs/other/7314889916/repo/master/.xml/error_log_tool/error_log_tool_help_web.xml"
Generating HTML - error_log_tool_web "/home/pete/wefwefwef/docs/other/7314889916/repo/master/.xml/error_log_tool/error_log_tool_web.xml"
Reading XML for "/home/pete/wefwefwef/docs/other/7314889916/repo/master/.xml/error_log_tool/error_log_tool_fmt.xml"
Reading XML for "/home/pete/wefwefwef/docs/other/7314889916/repo/master/.xml/error_log_tool/error_log_tool.xml"
Reading XML for "/home/pete/wefwefwef/docs/other/7314889916/repo/master/.xml/error_log_tool/error_log_tool_help_web.xml"
Reading XML for "/home/pete/wefwefwef/docs/other/7314889916/repo/master/.xml/error_log_tool/error_log_tool_web.xml"
Reading XML for "/home/pete/wefwefwef/docs/other/7314889916/repo/master/.xml/specs_error_log_tool.xml"
Reading XML for "/home/pete/wefwefwef/docs/other/7314889916/repo/master/.xml/specs_error_log_tool_fmt.xml"
Reading XML for "/home/pete/wefwefwef/docs/other/7314889916/repo/master/.xml/specs_error_log_tool_help_web.xml"
Reading XML for "/home/pete/wefwefwef/docs/other/7314889916/repo/master/.xml/specs_error_log_tool_web.xml"
Creating index.html ...
Creating erldocs_index.js ...
Woot, finished in 0 Minutes 0 Seconds
 :: Discovering other repos
$ 5000  `rm -r '/home/pete/wefwefwef/docs/other/7314889916/error_log_tool-branch-master'  2>&1`
 :: Finishing up
$ 5000  `rm -r '/home/pete/wefwefwef/docs/other/7314889916/error_log_tool'  2>&1`
