 :: Extracting meta information
$ infinity  `git ls-remote --heads --tags 'https://github.com/clues/ttalk'  2>&1`
>>> [repo] 1 branches, 0 tags
 :: Writing meta to "/home/pete/wefwefwef/docs/other/2a30f08aad94d5ef9953bc64e91ffa18/meta.txt"
 :: Processing https://github.com/clues/ttalk	{rev,branch,"master","7346410dd4f3f487f7a349da5df3f00e3178213d",undefined,[],[]}
 :: Fetching repo code
$ cd '/home/pete/wefwefwef/docs/other/2a30f08aad94d5ef9953bc64e91ffa18/ttalk-branch-master'
$ infinity  `curl --fail --silent --show-error --location --output repo.tar.gz 'https://codeload.github.com/clues/ttalk/legacy.tar.gz/master'  2>&1`
$ cd '/home/pete/wefwefwef/docs/erldocs_other.git'
$ cd '/home/pete/wefwefwef/docs/other/2a30f08aad94d5ef9953bc64e91ffa18/ttalk-branch-master/clues-Ttalk-7346410'
$ 5000  `find -P . -type l -delete  2>&1`
$ cd '/home/pete/wefwefwef/docs/erldocs_other.git'
$ 5000  `mv '/home/pete/wefwefwef/docs/other/2a30f08aad94d5ef9953bc64e91ffa18/ttalk-branch-master/clues-Ttalk-7346410' '/home/pete/wefwefwef/docs/other/2a30f08aad94d5ef9953bc64e91ffa18/ttalk-branch-master/ttalk'  2>&1`
 :: Getting dependencies
$ cd '/home/pete/wefwefwef/docs/other/2a30f08aad94d5ef9953bc64e91ffa18/ttalk-branch-master/ttalk'
$ 5000  `ls -1 deps/  2>&1`
$ cd '/home/pete/wefwefwef/docs/erldocs_other.git'
>>> [rebar] deps = []
 :: Generating erldocs into /home/pete/wefwefwef/docs/other/2a30f08aad94d5ef9953bc64e91ffa18/repo/master
Building ttalk
Generating Type Specs - "/home/pete/wefwefwef/docs/other/2a30f08aad94d5ef9953bc64e91ffa18/ttalk-branch-master/ttalk/src/client.erl"
Generating Type Specs - "/home/pete/wefwefwef/docs/other/2a30f08aad94d5ef9953bc64e91ffa18/ttalk-branch-master/ttalk/src/ets_db.erl"
/home/pete/wefwefwef/docs/other/2a30f08aad94d5ef9953bc64e91ffa18/ttalk-branch-master/ttalk/src/ets_db.erl: at line 19: syntax error before: '.'
EDoc could not process file '/home/pete/wefwefwef/docs/other/2a30f08aad94d5ef9953bc64e91ffa18/ttalk-branch-master/ttalk/src/ets_db.erl'
Error generating type specs for "/home/pete/wefwefwef/docs/other/2a30f08aad94d5ef9953bc64e91ffa18/ttalk-branch-master/ttalk/src/ets_db.erl"
Generating Type Specs - "/home/pete/wefwefwef/docs/other/2a30f08aad94d5ef9953bc64e91ffa18/ttalk-branch-master/ttalk/src/hander.erl"
Generating Type Specs - "/home/pete/wefwefwef/docs/other/2a30f08aad94d5ef9953bc64e91ffa18/ttalk-branch-master/ttalk/src/response.erl"
Generating Type Specs - "/home/pete/wefwefwef/docs/other/2a30f08aad94d5ef9953bc64e91ffa18/ttalk-branch-master/ttalk/src/server.erl"
Generating Type Specs - "/home/pete/wefwefwef/docs/other/2a30f08aad94d5ef9953bc64e91ffa18/ttalk-branch-master/ttalk/src/smplog.erl"
Generating Type Specs - "/home/pete/wefwefwef/docs/other/2a30f08aad94d5ef9953bc64e91ffa18/ttalk-branch-master/ttalk/src/sokt_server.erl"
Generating Type Specs - "/home/pete/wefwefwef/docs/other/2a30f08aad94d5ef9953bc64e91ffa18/ttalk-branch-master/ttalk/src/test.erl"
Generating Type Specs - "/home/pete/wefwefwef/docs/other/2a30f08aad94d5ef9953bc64e91ffa18/ttalk-branch-master/ttalk/src/ttalk_app.erl"
Generating Type Specs - "/home/pete/wefwefwef/docs/other/2a30f08aad94d5ef9953bc64e91ffa18/ttalk-branch-master/ttalk/src/ttalk_request.erl"
Generating Type Specs - "/home/pete/wefwefwef/docs/other/2a30f08aad94d5ef9953bc64e91ffa18/ttalk-branch-master/ttalk/src/ttalk_response.erl"
Generating Type Specs - "/home/pete/wefwefwef/docs/other/2a30f08aad94d5ef9953bc64e91ffa18/ttalk-branch-master/ttalk/src/ttalk_sup.erl"
Generating Type Specs - "/home/pete/wefwefwef/docs/other/2a30f08aad94d5ef9953bc64e91ffa18/ttalk-branch-master/ttalk/src/ttalk_unit.erl"
Generating XML for application ttalk "/home/pete/wefwefwef/docs/other/2a30f08aad94d5ef9953bc64e91ffa18/ttalk-branch-master/ttalk" -> "/home/pete/wefwefwef/docs/other/2a30f08aad94d5ef9953bc64e91ffa18/repo/master/.xml/ttalk"
/home/pete/wefwefwef/docs/other/2a30f08aad94d5ef9953bc64e91ffa18/ttalk-branch-master/ttalk/src/ets_db.erl: at line 19: syntax error before: '.'
edoc: skipping source file '/home/pete/wefwefwef/docs/other/2a30f08aad94d5ef9953bc64e91ffa18/ttalk-branch-master/ttalk/src/ets_db.erl': {'EXIT',
                                                                                                                                   error}.
edoc: error in doclet 'edoc_doclet': {'EXIT',error}.
Error generating ttalk XMLs. Using fallback ...
Generating XML ttalk - client "/home/pete/wefwefwef/docs/other/2a30f08aad94d5ef9953bc64e91ffa18/ttalk-branch-master/ttalk/src/client.erl" -> "/home/pete/wefwefwef/docs/other/2a30f08aad94d5ef9953bc64e91ffa18/repo/master/.xml/ttalk/client.xml"
Generating XML ttalk - ets_db "/home/pete/wefwefwef/docs/other/2a30f08aad94d5ef9953bc64e91ffa18/ttalk-branch-master/ttalk/src/ets_db.erl" -> "/home/pete/wefwefwef/docs/other/2a30f08aad94d5ef9953bc64e91ffa18/repo/master/.xml/ttalk/ets_db.xml"
/home/pete/wefwefwef/docs/other/2a30f08aad94d5ef9953bc64e91ffa18/ttalk-branch-master/ttalk/src/ets_db.erl: at line 19: syntax error before: '.'
Error generating XML ("/home/pete/wefwefwef/docs/other/2a30f08aad94d5ef9953bc64e91ffa18/ttalk-branch-master/ttalk/src/ets_db.erl"): {'EXIT',
                                                                                                                                     error}
Generating XML ttalk - hander "/home/pete/wefwefwef/docs/other/2a30f08aad94d5ef9953bc64e91ffa18/ttalk-branch-master/ttalk/src/hander.erl" -> "/home/pete/wefwefwef/docs/other/2a30f08aad94d5ef9953bc64e91ffa18/repo/master/.xml/ttalk/hander.xml"
Generating XML ttalk - response "/home/pete/wefwefwef/docs/other/2a30f08aad94d5ef9953bc64e91ffa18/ttalk-branch-master/ttalk/src/response.erl" -> "/home/pete/wefwefwef/docs/other/2a30f08aad94d5ef9953bc64e91ffa18/repo/master/.xml/ttalk/response.xml"
Generating XML ttalk - server "/home/pete/wefwefwef/docs/other/2a30f08aad94d5ef9953bc64e91ffa18/ttalk-branch-master/ttalk/src/server.erl" -> "/home/pete/wefwefwef/docs/other/2a30f08aad94d5ef9953bc64e91ffa18/repo/master/.xml/ttalk/server.xml"
Generating XML ttalk - smplog "/home/pete/wefwefwef/docs/other/2a30f08aad94d5ef9953bc64e91ffa18/ttalk-branch-master/ttalk/src/smplog.erl" -> "/home/pete/wefwefwef/docs/other/2a30f08aad94d5ef9953bc64e91ffa18/repo/master/.xml/ttalk/smplog.xml"
Generating XML ttalk - sokt_server "/home/pete/wefwefwef/docs/other/2a30f08aad94d5ef9953bc64e91ffa18/ttalk-branch-master/ttalk/src/sokt_server.erl" -> "/home/pete/wefwefwef/docs/other/2a30f08aad94d5ef9953bc64e91ffa18/repo/master/.xml/ttalk/sokt_server.xml"
Generating XML ttalk - test "/home/pete/wefwefwef/docs/other/2a30f08aad94d5ef9953bc64e91ffa18/ttalk-branch-master/ttalk/src/test.erl" -> "/home/pete/wefwefwef/docs/other/2a30f08aad94d5ef9953bc64e91ffa18/repo/master/.xml/ttalk/test.xml"
Generating XML ttalk - ttalk_app "/home/pete/wefwefwef/docs/other/2a30f08aad94d5ef9953bc64e91ffa18/ttalk-branch-master/ttalk/src/ttalk_app.erl" -> "/home/pete/wefwefwef/docs/other/2a30f08aad94d5ef9953bc64e91ffa18/repo/master/.xml/ttalk/ttalk_app.xml"
Generating XML ttalk - ttalk_request "/home/pete/wefwefwef/docs/other/2a30f08aad94d5ef9953bc64e91ffa18/ttalk-branch-master/ttalk/src/ttalk_request.erl" -> "/home/pete/wefwefwef/docs/other/2a30f08aad94d5ef9953bc64e91ffa18/repo/master/.xml/ttalk/ttalk_request.xml"
Generating XML ttalk - ttalk_response "/home/pete/wefwefwef/docs/other/2a30f08aad94d5ef9953bc64e91ffa18/ttalk-branch-master/ttalk/src/ttalk_response.erl" -> "/home/pete/wefwefwef/docs/other/2a30f08aad94d5ef9953bc64e91ffa18/repo/master/.xml/ttalk/ttalk_response.xml"
Generating XML ttalk - ttalk_sup "/home/pete/wefwefwef/docs/other/2a30f08aad94d5ef9953bc64e91ffa18/ttalk-branch-master/ttalk/src/ttalk_sup.erl" -> "/home/pete/wefwefwef/docs/other/2a30f08aad94d5ef9953bc64e91ffa18/repo/master/.xml/ttalk/ttalk_sup.xml"
Generating XML ttalk - ttalk_unit "/home/pete/wefwefwef/docs/other/2a30f08aad94d5ef9953bc64e91ffa18/ttalk-branch-master/ttalk/src/ttalk_unit.erl" -> "/home/pete/wefwefwef/docs/other/2a30f08aad94d5ef9953bc64e91ffa18/repo/master/.xml/ttalk/ttalk_unit.xml"
Generating HTML - ttalk_response "/home/pete/wefwefwef/docs/other/2a30f08aad94d5ef9953bc64e91ffa18/repo/master/.xml/ttalk/ttalk_response.xml"
Generating HTML - test "/home/pete/wefwefwef/docs/other/2a30f08aad94d5ef9953bc64e91ffa18/repo/master/.xml/ttalk/test.xml"
Generating HTML - server "/home/pete/wefwefwef/docs/other/2a30f08aad94d5ef9953bc64e91ffa18/repo/master/.xml/ttalk/server.xml"
Generating HTML - client "/home/pete/wefwefwef/docs/other/2a30f08aad94d5ef9953bc64e91ffa18/repo/master/.xml/ttalk/client.xml"
Reading XML for "/home/pete/wefwefwef/docs/other/2a30f08aad94d5ef9953bc64e91ffa18/repo/master/.xml/ttalk/ttalk_response.xml"
Reading XML for "/home/pete/wefwefwef/docs/other/2a30f08aad94d5ef9953bc64e91ffa18/repo/master/.xml/ttalk/test.xml"
Reading XML for "/home/pete/wefwefwef/docs/other/2a30f08aad94d5ef9953bc64e91ffa18/repo/master/.xml/ttalk/server.xml"
Reading XML for "/home/pete/wefwefwef/docs/other/2a30f08aad94d5ef9953bc64e91ffa18/repo/master/.xml/ttalk/client.xml"
Reading XML for "/home/pete/wefwefwef/docs/other/2a30f08aad94d5ef9953bc64e91ffa18/repo/master/.xml/specs_server.xml"
Reading XML for "/home/pete/wefwefwef/docs/other/2a30f08aad94d5ef9953bc64e91ffa18/repo/master/.xml/specs_ttalk_response.xml"
Reading XML for "/home/pete/wefwefwef/docs/other/2a30f08aad94d5ef9953bc64e91ffa18/repo/master/.xml/specs_test.xml"
Generating HTML - smplog "/home/pete/wefwefwef/docs/other/2a30f08aad94d5ef9953bc64e91ffa18/repo/master/.xml/ttalk/smplog.xml"
Reading XML for "/home/pete/wefwefwef/docs/other/2a30f08aad94d5ef9953bc64e91ffa18/repo/master/.xml/ttalk/smplog.xml"
Generating HTML - ttalk_sup "/home/pete/wefwefwef/docs/other/2a30f08aad94d5ef9953bc64e91ffa18/repo/master/.xml/ttalk/ttalk_sup.xml"
Reading XML for "/home/pete/wefwefwef/docs/other/2a30f08aad94d5ef9953bc64e91ffa18/repo/master/.xml/specs_client.xml"
Generating HTML - ttalk_app "/home/pete/wefwefwef/docs/other/2a30f08aad94d5ef9953bc64e91ffa18/repo/master/.xml/ttalk/ttalk_app.xml"
Reading XML for "/home/pete/wefwefwef/docs/other/2a30f08aad94d5ef9953bc64e91ffa18/repo/master/.xml/ttalk/ttalk_sup.xml"
Reading XML for "/home/pete/wefwefwef/docs/other/2a30f08aad94d5ef9953bc64e91ffa18/repo/master/.xml/ttalk/ttalk_app.xml"
Generating HTML - hander "/home/pete/wefwefwef/docs/other/2a30f08aad94d5ef9953bc64e91ffa18/repo/master/.xml/ttalk/hander.xml"
Reading XML for "/home/pete/wefwefwef/docs/other/2a30f08aad94d5ef9953bc64e91ffa18/repo/master/.xml/ttalk/hander.xml"
Reading XML for "/home/pete/wefwefwef/docs/other/2a30f08aad94d5ef9953bc64e91ffa18/repo/master/.xml/specs_ttalk_app.xml"
Reading XML for "/home/pete/wefwefwef/docs/other/2a30f08aad94d5ef9953bc64e91ffa18/repo/master/.xml/specs_smplog.xml"
Reading XML for "/home/pete/wefwefwef/docs/other/2a30f08aad94d5ef9953bc64e91ffa18/repo/master/.xml/specs_ttalk_sup.xml"
Generating HTML - ttalk_request "/home/pete/wefwefwef/docs/other/2a30f08aad94d5ef9953bc64e91ffa18/repo/master/.xml/ttalk/ttalk_request.xml"
Reading XML for "/home/pete/wefwefwef/docs/other/2a30f08aad94d5ef9953bc64e91ffa18/repo/master/.xml/ttalk/ttalk_request.xml"
Generating HTML - ttalk_unit "/home/pete/wefwefwef/docs/other/2a30f08aad94d5ef9953bc64e91ffa18/repo/master/.xml/ttalk/ttalk_unit.xml"
Reading XML for "/home/pete/wefwefwef/docs/other/2a30f08aad94d5ef9953bc64e91ffa18/repo/master/.xml/ttalk/ttalk_unit.xml"
Reading XML for "/home/pete/wefwefwef/docs/other/2a30f08aad94d5ef9953bc64e91ffa18/repo/master/.xml/specs_hander.xml"
Generating HTML - sokt_server "/home/pete/wefwefwef/docs/other/2a30f08aad94d5ef9953bc64e91ffa18/repo/master/.xml/ttalk/sokt_server.xml"
Reading XML for "/home/pete/wefwefwef/docs/other/2a30f08aad94d5ef9953bc64e91ffa18/repo/master/.xml/ttalk/sokt_server.xml"
Generating HTML - response "/home/pete/wefwefwef/docs/other/2a30f08aad94d5ef9953bc64e91ffa18/repo/master/.xml/ttalk/response.xml"
Reading XML for "/home/pete/wefwefwef/docs/other/2a30f08aad94d5ef9953bc64e91ffa18/repo/master/.xml/ttalk/response.xml"
Reading XML for "/home/pete/wefwefwef/docs/other/2a30f08aad94d5ef9953bc64e91ffa18/repo/master/.xml/specs_ttalk_request.xml"
Reading XML for "/home/pete/wefwefwef/docs/other/2a30f08aad94d5ef9953bc64e91ffa18/repo/master/.xml/specs_sokt_server.xml"
Reading XML for "/home/pete/wefwefwef/docs/other/2a30f08aad94d5ef9953bc64e91ffa18/repo/master/.xml/specs_ttalk_unit.xml"
Reading XML for "/home/pete/wefwefwef/docs/other/2a30f08aad94d5ef9953bc64e91ffa18/repo/master/.xml/specs_response.xml"
Creating index.html ...
Creating erldocs_index.js ...
Woot, finished in 0 Minutes 1 Seconds
 :: Discovering other repos
$ 5000  `rm -r '/home/pete/wefwefwef/docs/other/2a30f08aad94d5ef9953bc64e91ffa18/ttalk-branch-master'  2>&1`
 :: Finishing up
$ 5000  `rm -r '/home/pete/wefwefwef/docs/other/2a30f08aad94d5ef9953bc64e91ffa18/ttalk'  2>&1`
