 :: Extracting meta information
$ 5000  `git ls-remote --heads --tags 'https://github.com/saa/ebt'  2>&1`
>>> [repo] 1 branches, 2 tags
 :: Writing meta to "/home/pete/wefwefwef/docs/other/154834139/meta.txt"
 :: Processing https://github.com/saa/ebt	{rev,tag,"0.1.0","ef12d487cf052063ff5e6eee2ad18fd8f61ab18f"}
 :: Fetching repo code
$ cd "/home/pete/wefwefwef/docs/other/154834139/ebt-tag-0.1.0/ebt"
$ infinity  `curl --fail --silent --show-error --location --output '0.1.0.zip' 'https://github.com/saa/ebt/archive/0.1.0.zip'  2>&1`
$ cd "/home/pete/wefwefwef/docs/erldocs_other.git"
$ cd "/home/pete/wefwefwef/docs/other/154834139/ebt-tag-0.1.0/ebt"
$ 5000  `find -P . -type l -delete  2>&1`
$ cd "/home/pete/wefwefwef/docs/erldocs_other.git"
$ cd "/home/pete/wefwefwef/docs/other/154834139/ebt-tag-0.1.0/ebt"
$ 5000  `find 'ebt-0.1.0' -mindepth 1 -maxdepth 1 -exec mv -t . -- {} +  2>&1`
$ cd "/home/pete/wefwefwef/docs/erldocs_other.git"
 :: Getting dependencies
$ cd "/home/pete/wefwefwef/docs/other/154834139/ebt-tag-0.1.0/ebt"
$ 5000  `ls -1 deps/  2>&1`
$ cd "/home/pete/wefwefwef/docs/erldocs_other.git"
>>> [rebar] deps = []
 :: Generating erldocs into /home/pete/wefwefwef/docs/other/154834139/repo/0.1.0
Building ebt
Generating Type Specs - "/home/pete/wefwefwef/docs/other/154834139/ebt-tag-0.1.0/ebt/src/ebt_convert.erl"
Generating Type Specs - "/home/pete/wefwefwef/docs/other/154834139/ebt-tag-0.1.0/ebt/src/ebt_crypto.erl"
Generating Type Specs - "/home/pete/wefwefwef/docs/other/154834139/ebt-tag-0.1.0/ebt/src/ebt_random.erl"
Generating XML for application ebt "/home/pete/wefwefwef/docs/other/154834139/ebt-tag-0.1.0/ebt" -> "/home/pete/wefwefwef/docs/other/154834139/repo/0.1.0/.xml/ebt"
Generated ebt XMLs: ["/home/pete/wefwefwef/docs/other/154834139/repo/0.1.0/.xml/ebt/ebt_convert.xml",
                     "/home/pete/wefwefwef/docs/other/154834139/repo/0.1.0/.xml/ebt/ebt_random.xml",
                     "/home/pete/wefwefwef/docs/other/154834139/repo/0.1.0/.xml/ebt/ebt_crypto.xml"]
Generating HTML - ebt_crypto "/home/pete/wefwefwef/docs/other/154834139/repo/0.1.0/.xml/ebt/ebt_crypto.xml"
Reading XML for "/home/pete/wefwefwef/docs/other/154834139/repo/0.1.0/.xml/ebt/ebt_crypto.xml"
Reading XML for "/home/pete/wefwefwef/docs/other/154834139/repo/0.1.0/.xml/specs_ebt_crypto.xml"
Generating HTML - ebt_random "/home/pete/wefwefwef/docs/other/154834139/repo/0.1.0/.xml/ebt/ebt_random.xml"
Reading XML for "/home/pete/wefwefwef/docs/other/154834139/repo/0.1.0/.xml/ebt/ebt_random.xml"
Reading XML for "/home/pete/wefwefwef/docs/other/154834139/repo/0.1.0/.xml/specs_ebt_random.xml"
Generating HTML - ebt_convert "/home/pete/wefwefwef/docs/other/154834139/repo/0.1.0/.xml/ebt/ebt_convert.xml"
Reading XML for "/home/pete/wefwefwef/docs/other/154834139/repo/0.1.0/.xml/ebt/ebt_convert.xml"
Reading XML for "/home/pete/wefwefwef/docs/other/154834139/repo/0.1.0/.xml/specs_ebt_convert.xml"
Creating index.html ...
Creating erldocs_index.js ...
Woot, finished in 0 Minutes 0 Seconds
 :: Discovering other repos
$ 5000  `rm -r '/home/pete/wefwefwef/docs/other/154834139/ebt-tag-0.1.0'  2>&1`
 :: Processing https://github.com/saa/ebt	{rev,tag,"0.1.1","33f70c9e9b42630247e7f63d5e200495c5a4e70c"}
 :: Fetching repo code
$ cd "/home/pete/wefwefwef/docs/other/154834139/ebt-tag-0.1.1/ebt"
$ infinity  `curl --fail --silent --show-error --location --output '0.1.1.zip' 'https://github.com/saa/ebt/archive/0.1.1.zip'  2>&1`
$ cd "/home/pete/wefwefwef/docs/erldocs_other.git"
$ cd "/home/pete/wefwefwef/docs/other/154834139/ebt-tag-0.1.1/ebt"
$ 5000  `find -P . -type l -delete  2>&1`
$ cd "/home/pete/wefwefwef/docs/erldocs_other.git"
$ cd "/home/pete/wefwefwef/docs/other/154834139/ebt-tag-0.1.1/ebt"
$ 5000  `find 'ebt-0.1.1' -mindepth 1 -maxdepth 1 -exec mv -t . -- {} +  2>&1`
$ cd "/home/pete/wefwefwef/docs/erldocs_other.git"
 :: Getting dependencies
$ cd "/home/pete/wefwefwef/docs/other/154834139/ebt-tag-0.1.1/ebt"
$ 5000  `ls -1 deps/  2>&1`
$ cd "/home/pete/wefwefwef/docs/erldocs_other.git"
>>> [rebar] deps = []
 :: Generating erldocs into /home/pete/wefwefwef/docs/other/154834139/repo/0.1.1
Building ebt
Generating Type Specs - "/home/pete/wefwefwef/docs/other/154834139/ebt-tag-0.1.1/ebt/src/ebt_convert.erl"
Generating Type Specs - "/home/pete/wefwefwef/docs/other/154834139/ebt-tag-0.1.1/ebt/src/ebt_crypto.erl"
Generating Type Specs - "/home/pete/wefwefwef/docs/other/154834139/ebt-tag-0.1.1/ebt/src/ebt_random.erl"
Generating XML for application ebt "/home/pete/wefwefwef/docs/other/154834139/ebt-tag-0.1.1/ebt" -> "/home/pete/wefwefwef/docs/other/154834139/repo/0.1.1/.xml/ebt"
Generated ebt XMLs: ["/home/pete/wefwefwef/docs/other/154834139/repo/0.1.1/.xml/ebt/ebt_convert.xml",
                     "/home/pete/wefwefwef/docs/other/154834139/repo/0.1.1/.xml/ebt/ebt_random.xml",
                     "/home/pete/wefwefwef/docs/other/154834139/repo/0.1.1/.xml/ebt/ebt_crypto.xml"]
Generating HTML - ebt_crypto "/home/pete/wefwefwef/docs/other/154834139/repo/0.1.1/.xml/ebt/ebt_crypto.xml"
Reading XML for "/home/pete/wefwefwef/docs/other/154834139/repo/0.1.1/.xml/ebt/ebt_crypto.xml"
Reading XML for "/home/pete/wefwefwef/docs/other/154834139/repo/0.1.1/.xml/specs_ebt_crypto.xml"
Generating HTML - ebt_random "/home/pete/wefwefwef/docs/other/154834139/repo/0.1.1/.xml/ebt/ebt_random.xml"
Reading XML for "/home/pete/wefwefwef/docs/other/154834139/repo/0.1.1/.xml/ebt/ebt_random.xml"
Reading XML for "/home/pete/wefwefwef/docs/other/154834139/repo/0.1.1/.xml/specs_ebt_random.xml"
Generating HTML - ebt_convert "/home/pete/wefwefwef/docs/other/154834139/repo/0.1.1/.xml/ebt/ebt_convert.xml"
Reading XML for "/home/pete/wefwefwef/docs/other/154834139/repo/0.1.1/.xml/ebt/ebt_convert.xml"
Reading XML for "/home/pete/wefwefwef/docs/other/154834139/repo/0.1.1/.xml/specs_ebt_convert.xml"
Creating index.html ...
Creating erldocs_index.js ...
Woot, finished in 0 Minutes 0 Seconds
 :: Discovering other repos
$ 5000  `rm -r '/home/pete/wefwefwef/docs/other/154834139/ebt-tag-0.1.1'  2>&1`
 :: Processing https://github.com/saa/ebt	{rev,branch,"master","e97acc6a385516474d33861c2b0fe5f965906045"}
 :: Fetching repo code
$ cd "/home/pete/wefwefwef/docs/other/154834139/ebt-branch-master/ebt"
$ infinity  `curl --fail --silent --show-error --location --output 'master.zip' 'https://github.com/saa/ebt/archive/master.zip'  2>&1`
$ cd "/home/pete/wefwefwef/docs/erldocs_other.git"
$ cd "/home/pete/wefwefwef/docs/other/154834139/ebt-branch-master/ebt"
$ 5000  `find -P . -type l -delete  2>&1`
$ cd "/home/pete/wefwefwef/docs/erldocs_other.git"
$ cd "/home/pete/wefwefwef/docs/other/154834139/ebt-branch-master/ebt"
$ 5000  `find 'ebt-master' -mindepth 1 -maxdepth 1 -exec mv -t . -- {} +  2>&1`
$ cd "/home/pete/wefwefwef/docs/erldocs_other.git"
 :: Getting dependencies
$ cd "/home/pete/wefwefwef/docs/other/154834139/ebt-branch-master/ebt"
$ 5000  `ls -1 deps/  2>&1`
$ cd "/home/pete/wefwefwef/docs/erldocs_other.git"
>>> [rebar] deps = []
 :: Generating erldocs into /home/pete/wefwefwef/docs/other/154834139/repo/master
Building ebt
Generating Type Specs - "/home/pete/wefwefwef/docs/other/154834139/ebt-branch-master/ebt/src/ebt_convert.erl"
Generating Type Specs - "/home/pete/wefwefwef/docs/other/154834139/ebt-branch-master/ebt/src/ebt_crypto.erl"
Generating Type Specs - "/home/pete/wefwefwef/docs/other/154834139/ebt-branch-master/ebt/src/ebt_dt.erl"
Generating Type Specs - "/home/pete/wefwefwef/docs/other/154834139/ebt-branch-master/ebt/src/ebt_http.erl"
Generating Type Specs - "/home/pete/wefwefwef/docs/other/154834139/ebt-branch-master/ebt/src/ebt_lists.erl"
Generating Type Specs - "/home/pete/wefwefwef/docs/other/154834139/ebt-branch-master/ebt/src/ebt_maps.erl"
Generating Type Specs - "/home/pete/wefwefwef/docs/other/154834139/ebt-branch-master/ebt/src/ebt_random.erl"
Generating XML for application ebt "/home/pete/wefwefwef/docs/other/154834139/ebt-branch-master/ebt" -> "/home/pete/wefwefwef/docs/other/154834139/repo/master/.xml/ebt"
Generated ebt XMLs: ["/home/pete/wefwefwef/docs/other/154834139/repo/master/.xml/ebt/ebt_http.xml",
                     "/home/pete/wefwefwef/docs/other/154834139/repo/master/.xml/ebt/ebt_convert.xml",
                     "/home/pete/wefwefwef/docs/other/154834139/repo/master/.xml/ebt/ebt_random.xml",
                     "/home/pete/wefwefwef/docs/other/154834139/repo/master/.xml/ebt/ebt_dt.xml",
                     "/home/pete/wefwefwef/docs/other/154834139/repo/master/.xml/ebt/ebt_crypto.xml",
                     "/home/pete/wefwefwef/docs/other/154834139/repo/master/.xml/ebt/ebt_lists.xml",
                     "/home/pete/wefwefwef/docs/other/154834139/repo/master/.xml/ebt/ebt_maps.xml"]
Generating HTML - ebt_http "/home/pete/wefwefwef/docs/other/154834139/repo/master/.xml/ebt/ebt_http.xml"
Generating HTML - ebt_convert "/home/pete/wefwefwef/docs/other/154834139/repo/master/.xml/ebt/ebt_convert.xml"
Generating HTML - ebt_random "/home/pete/wefwefwef/docs/other/154834139/repo/master/.xml/ebt/ebt_random.xml"
Generating HTML - ebt_maps "/home/pete/wefwefwef/docs/other/154834139/repo/master/.xml/ebt/ebt_maps.xml"
Reading XML for "/home/pete/wefwefwef/docs/other/154834139/repo/master/.xml/ebt/ebt_http.xml"
Reading XML for "/home/pete/wefwefwef/docs/other/154834139/repo/master/.xml/ebt/ebt_convert.xml"
Reading XML for "/home/pete/wefwefwef/docs/other/154834139/repo/master/.xml/ebt/ebt_random.xml"
Reading XML for "/home/pete/wefwefwef/docs/other/154834139/repo/master/.xml/ebt/ebt_maps.xml"
Reading XML for "/home/pete/wefwefwef/docs/other/154834139/repo/master/.xml/specs_ebt_convert.xml"
Reading XML for "/home/pete/wefwefwef/docs/other/154834139/repo/master/.xml/specs_ebt_random.xml"
Reading XML for "/home/pete/wefwefwef/docs/other/154834139/repo/master/.xml/specs_ebt_maps.xml"
Generating HTML - ebt_lists "/home/pete/wefwefwef/docs/other/154834139/repo/master/.xml/ebt/ebt_lists.xml"
Reading XML for "/home/pete/wefwefwef/docs/other/154834139/repo/master/.xml/ebt/ebt_lists.xml"
Reading XML for "/home/pete/wefwefwef/docs/other/154834139/repo/master/.xml/specs_ebt_http.xml"
Reading XML for "/home/pete/wefwefwef/docs/other/154834139/repo/master/.xml/specs_ebt_lists.xml"
Generating HTML - ebt_crypto "/home/pete/wefwefwef/docs/other/154834139/repo/master/.xml/ebt/ebt_crypto.xml"
Reading XML for "/home/pete/wefwefwef/docs/other/154834139/repo/master/.xml/ebt/ebt_crypto.xml"
Reading XML for "/home/pete/wefwefwef/docs/other/154834139/repo/master/.xml/specs_ebt_crypto.xml"
Generating HTML - ebt_dt "/home/pete/wefwefwef/docs/other/154834139/repo/master/.xml/ebt/ebt_dt.xml"
Reading XML for "/home/pete/wefwefwef/docs/other/154834139/repo/master/.xml/ebt/ebt_dt.xml"
Reading XML for "/home/pete/wefwefwef/docs/other/154834139/repo/master/.xml/specs_ebt_dt.xml"
Creating index.html ...
Creating erldocs_index.js ...
Woot, finished in 0 Minutes 0 Seconds
 :: Discovering other repos
$ 5000  `rm -r '/home/pete/wefwefwef/docs/other/154834139/ebt-branch-master'  2>&1`
 :: Erldocs finishing up
$ 5000  `rm -r '/home/pete/wefwefwef/docs/other/154834139/ebt'  2>&1`
