 :: Extracting meta information
$ 5000  `git ls-remote --heads --tags 'https://github.com/iambumblehead/unixtime'  2>&1`
>>> [repo] 1 branches, 0 tags
 :: Writing meta to "/home/pete/wefwefwef/docs/other/1264482122/meta.txt"
 :: Processing https://github.com/iambumblehead/unixtime	{rev,branch,"master","5a69041f6f53c3ed72e5187bc31a01d32cbe4e78",undefined,[],[]}
 :: Fetching repo code
$ cd "/home/pete/wefwefwef/docs/other/1264482122/unixtime-branch-master/unixtime"
$ infinity  `curl --fail --silent --show-error --location --output 'master.zip' 'https://github.com/iambumblehead/unixtime/archive/master.zip'  2>&1`
$ cd "/home/pete/wefwefwef/docs/erldocs_other.git"
$ cd "/home/pete/wefwefwef/docs/other/1264482122/unixtime-branch-master/unixtime"
$ 5000  `find -P . -type l -delete  2>&1`
$ cd "/home/pete/wefwefwef/docs/erldocs_other.git"
$ cd "/home/pete/wefwefwef/docs/other/1264482122/unixtime-branch-master/unixtime"
$ 5000  `find 'unixtime-master' -mindepth 1 -maxdepth 1 -exec mv -t . -- {} +  2>&1`
$ cd "/home/pete/wefwefwef/docs/erldocs_other.git"
 :: Getting dependencies
$ cd "/home/pete/wefwefwef/docs/other/1264482122/unixtime-branch-master/unixtime"
$ 5000  `ls -1 deps/  2>&1`
$ cd "/home/pete/wefwefwef/docs/erldocs_other.git"
>>> [rebar] deps = []
 :: Generating erldocs into /home/pete/wefwefwef/docs/other/1264482122/repo/master
Building unixtime
Generating Type Specs - "/home/pete/wefwefwef/docs/other/1264482122/unixtime-branch-master/unixtime/src/unixtime.erl"
EDoc could not process file '/home/pete/wefwefwef/docs/other/1264482122/unixtime-branch-master/unixtime/src/unixtime.erl'
Error generating type specs for "/home/pete/wefwefwef/docs/other/1264482122/unixtime-branch-master/unixtime/src/unixtime.erl"
Generating XML for application unixtime "/home/pete/wefwefwef/docs/other/1264482122/unixtime-branch-master/unixtime" -> "/home/pete/wefwefwef/docs/other/1264482122/repo/master/.xml/unixtime"
/home/pete/wefwefwef/docs/other/1264482122/unixtime-branch-master/unixtime/src/unixtime.erl, function gettime/1: at line 9: error in XML parser: {system_limit,[{ets,new,[rules,[set|...]],[]},
                                    {xmerl_scan,initial_state,2,[{...}|...]},
                                    {xmerl_scan,int_string,4,[...]},
                                    {xmerl_scan,string,2,...},
                                    {edoc_wiki,parse_xml_1,...},
                                    {edoc_wiki,...},
                                    {...}|...]}.
edoc: skipping source file '/home/pete/wefwefwef/docs/other/1264482122/unixtime-branch-master/unixtime/src/unixtime.erl': {'EXIT',
                                                                                                                     error}.
edoc: error in doclet 'edoc_doclet': {'EXIT',error}.
Error generating unixtime XMLs. Using fallback ...
Generating XML unixtime - unixtime "/home/pete/wefwefwef/docs/other/1264482122/unixtime-branch-master/unixtime/src/unixtime.erl" -> "/home/pete/wefwefwef/docs/other/1264482122/repo/master/.xml/unixtime/unixtime.xml"
/home/pete/wefwefwef/docs/other/1264482122/unixtime-branch-master/unixtime/src/unixtime.erl, function gettime/1: at line 9: error in XML parser: {system_limit,[{ets,new,[rules,[set|...]],[]},
                                    {xmerl_scan,initial_state,2,[{...}|...]},
                                    {xmerl_scan,int_string,4,[...]},
                                    {xmerl_scan,string,2,...},
                                    {edoc_wiki,parse_xml_1,...},
                                    {edoc_wiki,...},
                                    {...}|...]}.
Error generating XML ("/home/pete/wefwefwef/docs/other/1264482122/unixtime-branch-master/unixtime/src/unixtime.erl"): {'EXIT',
                                                                                                                       error}
No documentation was generated!
Woot, finished in 0 Minutes 0 Seconds
 :: Discovering other repos
$ 5000  `rm -r '/home/pete/wefwefwef/docs/other/1264482122/unixtime-branch-master'  2>&1`
 :: Finishing up
$ 5000  `rm -r '/home/pete/wefwefwef/docs/other/1264482122/unixtime'  2>&1`
$ 5000  `rm -r '/home/pete/wefwefwef/docs/other/1264482122/repo/master'  2>&1`
