 :: Extracting meta information
$ 5000  `git ls-remote --heads --tags 'https://github.com/redis-sd/erlang-ryng'  2>&1`
>>> [repo] 2 branches, 3 tags
 :: Writing meta to "/home/pete/wefwefwef/docs/other/6729731390/meta.txt"
 :: Processing https://github.com/redis-sd/erlang-ryng	{rev,tag,"v0.1.0","4b903a08762a693d6b245def7c38fdcb2ddc2e3a"}
 :: Fetching repo code
$ cd "/home/pete/wefwefwef/docs/other/6729731390/erlang-ryng-tag-v0.1.0/erlang-ryng"
$ infinity  `curl --fail --silent --show-error --location --output 'v0.1.0.zip' 'https://github.com/redis-sd/erlang-ryng/archive/v0.1.0.zip'  2>&1`
$ cd "/home/pete/wefwefwef/docs/erldocs_other.git"
$ cd "/home/pete/wefwefwef/docs/other/6729731390/erlang-ryng-tag-v0.1.0/erlang-ryng"
$ 5000  `find -P . -type l -delete  2>&1`
$ cd "/home/pete/wefwefwef/docs/erldocs_other.git"
$ cd "/home/pete/wefwefwef/docs/other/6729731390/erlang-ryng-tag-v0.1.0/erlang-ryng"
$ 5000  `find 'erlang-ryng-0.1.0' -mindepth 1 -maxdepth 1 -exec mv -t . -- {} +  2>&1`
$ cd "/home/pete/wefwefwef/docs/erldocs_other.git"
 :: Getting dependencies
$ cd "/home/pete/wefwefwef/docs/other/6729731390/erlang-ryng-tag-v0.1.0/erlang-ryng"
$ 5000  `ls -1 deps/  2>&1`
$ cd "/home/pete/wefwefwef/docs/erldocs_other.git"
>>> [rebar] deps = []
 :: Generating erldocs into /home/pete/wefwefwef/docs/other/6729731390/repo/v0.1.0
Building erlang-ryng
Generating Type Specs - "/home/pete/wefwefwef/docs/other/6729731390/erlang-ryng-tag-v0.1.0/erlang-ryng/src/ryng.erl"
Generating Type Specs - "/home/pete/wefwefwef/docs/other/6729731390/erlang-ryng-tag-v0.1.0/erlang-ryng/src/ryng_app.erl"
Generating Type Specs - "/home/pete/wefwefwef/docs/other/6729731390/erlang-ryng-tag-v0.1.0/erlang-ryng/src/ryng_config.erl"
Generating Type Specs - "/home/pete/wefwefwef/docs/other/6729731390/erlang-ryng-tag-v0.1.0/erlang-ryng/src/ryng_ets.erl"
Generating Type Specs - "/home/pete/wefwefwef/docs/other/6729731390/erlang-ryng-tag-v0.1.0/erlang-ryng/src/ryng_event.erl"
Generating Type Specs - "/home/pete/wefwefwef/docs/other/6729731390/erlang-ryng-tag-v0.1.0/erlang-ryng/src/ryng_event_handler.erl"
Generating Type Specs - "/home/pete/wefwefwef/docs/other/6729731390/erlang-ryng-tag-v0.1.0/erlang-ryng/src/ryng_main_sup.erl"
Generating Type Specs - "/home/pete/wefwefwef/docs/other/6729731390/erlang-ryng-tag-v0.1.0/erlang-ryng/src/ryng_ring.erl"
Generating Type Specs - "/home/pete/wefwefwef/docs/other/6729731390/erlang-ryng-tag-v0.1.0/erlang-ryng/src/ryng_sup.erl"
Generating XML for application erlang-ryng "/home/pete/wefwefwef/docs/other/6729731390/erlang-ryng-tag-v0.1.0/erlang-ryng" -> "/home/pete/wefwefwef/docs/other/6729731390/repo/v0.1.0/.xml/erlang-ryng"
Generated erlang-ryng XMLs: ["/home/pete/wefwefwef/docs/other/6729731390/repo/v0.1.0/.xml/erlang-ryng/ryng_ring.xml",
                             "/home/pete/wefwefwef/docs/other/6729731390/repo/v0.1.0/.xml/erlang-ryng/ryng_config.xml",
                             "/home/pete/wefwefwef/docs/other/6729731390/repo/v0.1.0/.xml/erlang-ryng/ryng_ets.xml",
                             "/home/pete/wefwefwef/docs/other/6729731390/repo/v0.1.0/.xml/erlang-ryng/ryng_app.xml",
                             "/home/pete/wefwefwef/docs/other/6729731390/repo/v0.1.0/.xml/erlang-ryng/ryng_sup.xml",
                             "/home/pete/wefwefwef/docs/other/6729731390/repo/v0.1.0/.xml/erlang-ryng/ryng_main_sup.xml",
                             "/home/pete/wefwefwef/docs/other/6729731390/repo/v0.1.0/.xml/erlang-ryng/ryng_event_handler.xml",
                             "/home/pete/wefwefwef/docs/other/6729731390/repo/v0.1.0/.xml/erlang-ryng/ryng.xml",
                             "/home/pete/wefwefwef/docs/other/6729731390/repo/v0.1.0/.xml/erlang-ryng/ryng_event.xml"]
Generating HTML - ryng_config "/home/pete/wefwefwef/docs/other/6729731390/repo/v0.1.0/.xml/erlang-ryng/ryng_config.xml"
Generating HTML - ryng_app "/home/pete/wefwefwef/docs/other/6729731390/repo/v0.1.0/.xml/erlang-ryng/ryng_app.xml"
Generating HTML - ryng_main_sup "/home/pete/wefwefwef/docs/other/6729731390/repo/v0.1.0/.xml/erlang-ryng/ryng_main_sup.xml"
Generating HTML - ryng_event "/home/pete/wefwefwef/docs/other/6729731390/repo/v0.1.0/.xml/erlang-ryng/ryng_event.xml"
Reading XML for "/home/pete/wefwefwef/docs/other/6729731390/repo/v0.1.0/.xml/erlang-ryng/ryng_config.xml"
Reading XML for "/home/pete/wefwefwef/docs/other/6729731390/repo/v0.1.0/.xml/erlang-ryng/ryng_app.xml"
Reading XML for "/home/pete/wefwefwef/docs/other/6729731390/repo/v0.1.0/.xml/erlang-ryng/ryng_main_sup.xml"
Reading XML for "/home/pete/wefwefwef/docs/other/6729731390/repo/v0.1.0/.xml/erlang-ryng/ryng_event.xml"
Reading XML for "/home/pete/wefwefwef/docs/other/6729731390/repo/v0.1.0/.xml/specs_ryng_config.xml"
Reading XML for "/home/pete/wefwefwef/docs/other/6729731390/repo/v0.1.0/.xml/specs_ryng_app.xml"
Reading XML for "/home/pete/wefwefwef/docs/other/6729731390/repo/v0.1.0/.xml/specs_ryng_event.xml"
Reading XML for "/home/pete/wefwefwef/docs/other/6729731390/repo/v0.1.0/.xml/specs_ryng_main_sup.xml"
Generating HTML - ryng_ets "/home/pete/wefwefwef/docs/other/6729731390/repo/v0.1.0/.xml/erlang-ryng/ryng_ets.xml"
Reading XML for "/home/pete/wefwefwef/docs/other/6729731390/repo/v0.1.0/.xml/erlang-ryng/ryng_ets.xml"
Generating HTML - ryng_sup "/home/pete/wefwefwef/docs/other/6729731390/repo/v0.1.0/.xml/erlang-ryng/ryng_sup.xml"
Reading XML for "/home/pete/wefwefwef/docs/other/6729731390/repo/v0.1.0/.xml/erlang-ryng/ryng_sup.xml"
Generating HTML - ryng "/home/pete/wefwefwef/docs/other/6729731390/repo/v0.1.0/.xml/erlang-ryng/ryng.xml"
Reading XML for "/home/pete/wefwefwef/docs/other/6729731390/repo/v0.1.0/.xml/erlang-ryng/ryng.xml"
Generating HTML - ryng_ring "/home/pete/wefwefwef/docs/other/6729731390/repo/v0.1.0/.xml/erlang-ryng/ryng_ring.xml"
Reading XML for "/home/pete/wefwefwef/docs/other/6729731390/repo/v0.1.0/.xml/erlang-ryng/ryng_ring.xml"
Reading XML for "/home/pete/wefwefwef/docs/other/6729731390/repo/v0.1.0/.xml/specs_ryng_sup.xml"
Reading XML for "/home/pete/wefwefwef/docs/other/6729731390/repo/v0.1.0/.xml/specs_ryng_ets.xml"
Reading XML for "/home/pete/wefwefwef/docs/other/6729731390/repo/v0.1.0/.xml/specs_ryng.xml"
Reading XML for "/home/pete/wefwefwef/docs/other/6729731390/repo/v0.1.0/.xml/specs_ryng_ring.xml"
Generating HTML - ryng_event_handler "/home/pete/wefwefwef/docs/other/6729731390/repo/v0.1.0/.xml/erlang-ryng/ryng_event_handler.xml"
Reading XML for "/home/pete/wefwefwef/docs/other/6729731390/repo/v0.1.0/.xml/erlang-ryng/ryng_event_handler.xml"
Reading XML for "/home/pete/wefwefwef/docs/other/6729731390/repo/v0.1.0/.xml/specs_ryng_event_handler.xml"
Creating index.html ...
Creating erldocs_index.js ...
Woot, finished in 0 Minutes 1 Seconds
 :: Discovering other repos
$ 5000  `rm -r '/home/pete/wefwefwef/docs/other/6729731390/erlang-ryng-tag-v0.1.0'  2>&1`
 :: Processing https://github.com/redis-sd/erlang-ryng	{rev,tag,"v0.1.1","f81af05007ff90021997e318219a5885a73b67c9"}
 :: Fetching repo code
$ cd "/home/pete/wefwefwef/docs/other/6729731390/erlang-ryng-tag-v0.1.1/erlang-ryng"
$ infinity  `curl --fail --silent --show-error --location --output 'v0.1.1.zip' 'https://github.com/redis-sd/erlang-ryng/archive/v0.1.1.zip'  2>&1`
$ cd "/home/pete/wefwefwef/docs/erldocs_other.git"
$ cd "/home/pete/wefwefwef/docs/other/6729731390/erlang-ryng-tag-v0.1.1/erlang-ryng"
$ 5000  `find -P . -type l -delete  2>&1`
$ cd "/home/pete/wefwefwef/docs/erldocs_other.git"
$ cd "/home/pete/wefwefwef/docs/other/6729731390/erlang-ryng-tag-v0.1.1/erlang-ryng"
$ 5000  `find 'erlang-ryng-0.1.1' -mindepth 1 -maxdepth 1 -exec mv -t . -- {} +  2>&1`
$ cd "/home/pete/wefwefwef/docs/erldocs_other.git"
 :: Getting dependencies
$ cd "/home/pete/wefwefwef/docs/other/6729731390/erlang-ryng-tag-v0.1.1/erlang-ryng"
$ 5000  `ls -1 deps/  2>&1`
$ cd "/home/pete/wefwefwef/docs/erldocs_other.git"
>>> [rebar] deps = []
 :: Generating erldocs into /home/pete/wefwefwef/docs/other/6729731390/repo/v0.1.1
Building erlang-ryng
Generating Type Specs - "/home/pete/wefwefwef/docs/other/6729731390/erlang-ryng-tag-v0.1.1/erlang-ryng/src/ryng.erl"
Generating Type Specs - "/home/pete/wefwefwef/docs/other/6729731390/erlang-ryng-tag-v0.1.1/erlang-ryng/src/ryng_app.erl"
Generating Type Specs - "/home/pete/wefwefwef/docs/other/6729731390/erlang-ryng-tag-v0.1.1/erlang-ryng/src/ryng_config.erl"
Generating Type Specs - "/home/pete/wefwefwef/docs/other/6729731390/erlang-ryng-tag-v0.1.1/erlang-ryng/src/ryng_ets.erl"
Generating Type Specs - "/home/pete/wefwefwef/docs/other/6729731390/erlang-ryng-tag-v0.1.1/erlang-ryng/src/ryng_event.erl"
Generating Type Specs - "/home/pete/wefwefwef/docs/other/6729731390/erlang-ryng-tag-v0.1.1/erlang-ryng/src/ryng_event_handler.erl"
Generating Type Specs - "/home/pete/wefwefwef/docs/other/6729731390/erlang-ryng-tag-v0.1.1/erlang-ryng/src/ryng_main_sup.erl"
Generating Type Specs - "/home/pete/wefwefwef/docs/other/6729731390/erlang-ryng-tag-v0.1.1/erlang-ryng/src/ryng_ring.erl"
Generating Type Specs - "/home/pete/wefwefwef/docs/other/6729731390/erlang-ryng-tag-v0.1.1/erlang-ryng/src/ryng_sup.erl"
Generating XML for application erlang-ryng "/home/pete/wefwefwef/docs/other/6729731390/erlang-ryng-tag-v0.1.1/erlang-ryng" -> "/home/pete/wefwefwef/docs/other/6729731390/repo/v0.1.1/.xml/erlang-ryng"
Generated erlang-ryng XMLs: ["/home/pete/wefwefwef/docs/other/6729731390/repo/v0.1.1/.xml/erlang-ryng/ryng_ring.xml",
                             "/home/pete/wefwefwef/docs/other/6729731390/repo/v0.1.1/.xml/erlang-ryng/ryng_config.xml",
                             "/home/pete/wefwefwef/docs/other/6729731390/repo/v0.1.1/.xml/erlang-ryng/ryng_ets.xml",
                             "/home/pete/wefwefwef/docs/other/6729731390/repo/v0.1.1/.xml/erlang-ryng/ryng_app.xml",
                             "/home/pete/wefwefwef/docs/other/6729731390/repo/v0.1.1/.xml/erlang-ryng/ryng_sup.xml",
                             "/home/pete/wefwefwef/docs/other/6729731390/repo/v0.1.1/.xml/erlang-ryng/ryng_main_sup.xml",
                             "/home/pete/wefwefwef/docs/other/6729731390/repo/v0.1.1/.xml/erlang-ryng/ryng_event_handler.xml",
                             "/home/pete/wefwefwef/docs/other/6729731390/repo/v0.1.1/.xml/erlang-ryng/ryng.xml",
                             "/home/pete/wefwefwef/docs/other/6729731390/repo/v0.1.1/.xml/erlang-ryng/ryng_event.xml"]
Generating HTML - ryng_config "/home/pete/wefwefwef/docs/other/6729731390/repo/v0.1.1/.xml/erlang-ryng/ryng_config.xml"
Generating HTML - ryng_app "/home/pete/wefwefwef/docs/other/6729731390/repo/v0.1.1/.xml/erlang-ryng/ryng_app.xml"
Generating HTML - ryng_main_sup "/home/pete/wefwefwef/docs/other/6729731390/repo/v0.1.1/.xml/erlang-ryng/ryng_main_sup.xml"
Generating HTML - ryng_event "/home/pete/wefwefwef/docs/other/6729731390/repo/v0.1.1/.xml/erlang-ryng/ryng_event.xml"
Reading XML for "/home/pete/wefwefwef/docs/other/6729731390/repo/v0.1.1/.xml/erlang-ryng/ryng_config.xml"
Reading XML for "/home/pete/wefwefwef/docs/other/6729731390/repo/v0.1.1/.xml/erlang-ryng/ryng_app.xml"
Reading XML for "/home/pete/wefwefwef/docs/other/6729731390/repo/v0.1.1/.xml/erlang-ryng/ryng_main_sup.xml"
Reading XML for "/home/pete/wefwefwef/docs/other/6729731390/repo/v0.1.1/.xml/erlang-ryng/ryng_event.xml"
Reading XML for "/home/pete/wefwefwef/docs/other/6729731390/repo/v0.1.1/.xml/specs_ryng_app.xml"
Reading XML for "/home/pete/wefwefwef/docs/other/6729731390/repo/v0.1.1/.xml/specs_ryng_main_sup.xml"
Reading XML for "/home/pete/wefwefwef/docs/other/6729731390/repo/v0.1.1/.xml/specs_ryng_config.xml"
Generating HTML - ryng_ets "/home/pete/wefwefwef/docs/other/6729731390/repo/v0.1.1/.xml/erlang-ryng/ryng_ets.xml"
Reading XML for "/home/pete/wefwefwef/docs/other/6729731390/repo/v0.1.1/.xml/erlang-ryng/ryng_ets.xml"
Generating HTML - ryng_sup "/home/pete/wefwefwef/docs/other/6729731390/repo/v0.1.1/.xml/erlang-ryng/ryng_sup.xml"
Reading XML for "/home/pete/wefwefwef/docs/other/6729731390/repo/v0.1.1/.xml/erlang-ryng/ryng_sup.xml"
Reading XML for "/home/pete/wefwefwef/docs/other/6729731390/repo/v0.1.1/.xml/specs_ryng_event.xml"
Generating HTML - ryng "/home/pete/wefwefwef/docs/other/6729731390/repo/v0.1.1/.xml/erlang-ryng/ryng.xml"
Reading XML for "/home/pete/wefwefwef/docs/other/6729731390/repo/v0.1.1/.xml/erlang-ryng/ryng.xml"
Generating HTML - ryng_ring "/home/pete/wefwefwef/docs/other/6729731390/repo/v0.1.1/.xml/erlang-ryng/ryng_ring.xml"
Reading XML for "/home/pete/wefwefwef/docs/other/6729731390/repo/v0.1.1/.xml/erlang-ryng/ryng_ring.xml"
Reading XML for "/home/pete/wefwefwef/docs/other/6729731390/repo/v0.1.1/.xml/specs_ryng_ets.xml"
Reading XML for "/home/pete/wefwefwef/docs/other/6729731390/repo/v0.1.1/.xml/specs_ryng_sup.xml"
Reading XML for "/home/pete/wefwefwef/docs/other/6729731390/repo/v0.1.1/.xml/specs_ryng.xml"
Reading XML for "/home/pete/wefwefwef/docs/other/6729731390/repo/v0.1.1/.xml/specs_ryng_ring.xml"
Generating HTML - ryng_event_handler "/home/pete/wefwefwef/docs/other/6729731390/repo/v0.1.1/.xml/erlang-ryng/ryng_event_handler.xml"
Reading XML for "/home/pete/wefwefwef/docs/other/6729731390/repo/v0.1.1/.xml/erlang-ryng/ryng_event_handler.xml"
Reading XML for "/home/pete/wefwefwef/docs/other/6729731390/repo/v0.1.1/.xml/specs_ryng_event_handler.xml"
Creating index.html ...
Creating erldocs_index.js ...
Woot, finished in 0 Minutes 1 Seconds
 :: Discovering other repos
$ 5000  `rm -r '/home/pete/wefwefwef/docs/other/6729731390/erlang-ryng-tag-v0.1.1'  2>&1`
 :: Processing https://github.com/redis-sd/erlang-ryng	{rev,tag,"v0.2.0","6b9f3db2f6380de09b173721108083aade4d53ee"}
 :: Fetching repo code
$ cd "/home/pete/wefwefwef/docs/other/6729731390/erlang-ryng-tag-v0.2.0/erlang-ryng"
$ infinity  `curl --fail --silent --show-error --location --output 'v0.2.0.zip' 'https://github.com/redis-sd/erlang-ryng/archive/v0.2.0.zip'  2>&1`
$ cd "/home/pete/wefwefwef/docs/erldocs_other.git"
$ cd "/home/pete/wefwefwef/docs/other/6729731390/erlang-ryng-tag-v0.2.0/erlang-ryng"
$ 5000  `find -P . -type l -delete  2>&1`
$ cd "/home/pete/wefwefwef/docs/erldocs_other.git"
$ cd "/home/pete/wefwefwef/docs/other/6729731390/erlang-ryng-tag-v0.2.0/erlang-ryng"
$ 5000  `find 'erlang-ryng-0.2.0' -mindepth 1 -maxdepth 1 -exec mv -t . -- {} +  2>&1`
$ cd "/home/pete/wefwefwef/docs/erldocs_other.git"
 :: Getting dependencies
$ cd "/home/pete/wefwefwef/docs/other/6729731390/erlang-ryng-tag-v0.2.0/erlang-ryng"
$ 5000  `ls -1 deps/  2>&1`
$ cd "/home/pete/wefwefwef/docs/erldocs_other.git"
>>> [rebar] deps = []
 :: Generating erldocs into /home/pete/wefwefwef/docs/other/6729731390/repo/v0.2.0
Building erlang-ryng
Generating Type Specs - "/home/pete/wefwefwef/docs/other/6729731390/erlang-ryng-tag-v0.2.0/erlang-ryng/src/ryng.erl"
Generating Type Specs - "/home/pete/wefwefwef/docs/other/6729731390/erlang-ryng-tag-v0.2.0/erlang-ryng/src/ryng_app.erl"
Generating Type Specs - "/home/pete/wefwefwef/docs/other/6729731390/erlang-ryng-tag-v0.2.0/erlang-ryng/src/ryng_config.erl"
Generating Type Specs - "/home/pete/wefwefwef/docs/other/6729731390/erlang-ryng-tag-v0.2.0/erlang-ryng/src/ryng_ets.erl"
Generating Type Specs - "/home/pete/wefwefwef/docs/other/6729731390/erlang-ryng-tag-v0.2.0/erlang-ryng/src/ryng_event.erl"
Generating Type Specs - "/home/pete/wefwefwef/docs/other/6729731390/erlang-ryng-tag-v0.2.0/erlang-ryng/src/ryng_event_handler.erl"
Generating Type Specs - "/home/pete/wefwefwef/docs/other/6729731390/erlang-ryng-tag-v0.2.0/erlang-ryng/src/ryng_main_sup.erl"
Generating Type Specs - "/home/pete/wefwefwef/docs/other/6729731390/erlang-ryng-tag-v0.2.0/erlang-ryng/src/ryng_ring.erl"
Generating Type Specs - "/home/pete/wefwefwef/docs/other/6729731390/erlang-ryng-tag-v0.2.0/erlang-ryng/src/ryng_sup.erl"
Generating XML for application erlang-ryng "/home/pete/wefwefwef/docs/other/6729731390/erlang-ryng-tag-v0.2.0/erlang-ryng" -> "/home/pete/wefwefwef/docs/other/6729731390/repo/v0.2.0/.xml/erlang-ryng"
Generated erlang-ryng XMLs: ["/home/pete/wefwefwef/docs/other/6729731390/repo/v0.2.0/.xml/erlang-ryng/ryng_ring.xml",
                             "/home/pete/wefwefwef/docs/other/6729731390/repo/v0.2.0/.xml/erlang-ryng/ryng_config.xml",
                             "/home/pete/wefwefwef/docs/other/6729731390/repo/v0.2.0/.xml/erlang-ryng/ryng_ets.xml",
                             "/home/pete/wefwefwef/docs/other/6729731390/repo/v0.2.0/.xml/erlang-ryng/ryng_app.xml",
                             "/home/pete/wefwefwef/docs/other/6729731390/repo/v0.2.0/.xml/erlang-ryng/ryng_sup.xml",
                             "/home/pete/wefwefwef/docs/other/6729731390/repo/v0.2.0/.xml/erlang-ryng/ryng_main_sup.xml",
                             "/home/pete/wefwefwef/docs/other/6729731390/repo/v0.2.0/.xml/erlang-ryng/ryng_event_handler.xml",
                             "/home/pete/wefwefwef/docs/other/6729731390/repo/v0.2.0/.xml/erlang-ryng/ryng.xml",
                             "/home/pete/wefwefwef/docs/other/6729731390/repo/v0.2.0/.xml/erlang-ryng/ryng_event.xml"]
Generating HTML - ryng_config "/home/pete/wefwefwef/docs/other/6729731390/repo/v0.2.0/.xml/erlang-ryng/ryng_config.xml"
Generating HTML - ryng_app "/home/pete/wefwefwef/docs/other/6729731390/repo/v0.2.0/.xml/erlang-ryng/ryng_app.xml"
Generating HTML - ryng_main_sup "/home/pete/wefwefwef/docs/other/6729731390/repo/v0.2.0/.xml/erlang-ryng/ryng_main_sup.xml"
Generating HTML - ryng_event "/home/pete/wefwefwef/docs/other/6729731390/repo/v0.2.0/.xml/erlang-ryng/ryng_event.xml"
Reading XML for "/home/pete/wefwefwef/docs/other/6729731390/repo/v0.2.0/.xml/erlang-ryng/ryng_config.xml"
Reading XML for "/home/pete/wefwefwef/docs/other/6729731390/repo/v0.2.0/.xml/erlang-ryng/ryng_app.xml"
Reading XML for "/home/pete/wefwefwef/docs/other/6729731390/repo/v0.2.0/.xml/erlang-ryng/ryng_main_sup.xml"
Reading XML for "/home/pete/wefwefwef/docs/other/6729731390/repo/v0.2.0/.xml/erlang-ryng/ryng_event.xml"
Reading XML for "/home/pete/wefwefwef/docs/other/6729731390/repo/v0.2.0/.xml/specs_ryng_app.xml"
Reading XML for "/home/pete/wefwefwef/docs/other/6729731390/repo/v0.2.0/.xml/specs_ryng_main_sup.xml"
Generating HTML - ryng_ets "/home/pete/wefwefwef/docs/other/6729731390/repo/v0.2.0/.xml/erlang-ryng/ryng_ets.xml"
Reading XML for "/home/pete/wefwefwef/docs/other/6729731390/repo/v0.2.0/.xml/erlang-ryng/ryng_ets.xml"
Generating HTML - ryng_sup "/home/pete/wefwefwef/docs/other/6729731390/repo/v0.2.0/.xml/erlang-ryng/ryng_sup.xml"
Reading XML for "/home/pete/wefwefwef/docs/other/6729731390/repo/v0.2.0/.xml/erlang-ryng/ryng_sup.xml"
Reading XML for "/home/pete/wefwefwef/docs/other/6729731390/repo/v0.2.0/.xml/specs_ryng_event.xml"
Reading XML for "/home/pete/wefwefwef/docs/other/6729731390/repo/v0.2.0/.xml/specs_ryng_config.xml"
Generating HTML - ryng "/home/pete/wefwefwef/docs/other/6729731390/repo/v0.2.0/.xml/erlang-ryng/ryng.xml"
Reading XML for "/home/pete/wefwefwef/docs/other/6729731390/repo/v0.2.0/.xml/erlang-ryng/ryng.xml"
Generating HTML - ryng_ring "/home/pete/wefwefwef/docs/other/6729731390/repo/v0.2.0/.xml/erlang-ryng/ryng_ring.xml"
Reading XML for "/home/pete/wefwefwef/docs/other/6729731390/repo/v0.2.0/.xml/erlang-ryng/ryng_ring.xml"
Reading XML for "/home/pete/wefwefwef/docs/other/6729731390/repo/v0.2.0/.xml/specs_ryng_ets.xml"
Reading XML for "/home/pete/wefwefwef/docs/other/6729731390/repo/v0.2.0/.xml/specs_ryng_sup.xml"
Reading XML for "/home/pete/wefwefwef/docs/other/6729731390/repo/v0.2.0/.xml/specs_ryng_ring.xml"
Reading XML for "/home/pete/wefwefwef/docs/other/6729731390/repo/v0.2.0/.xml/specs_ryng.xml"
Generating HTML - ryng_event_handler "/home/pete/wefwefwef/docs/other/6729731390/repo/v0.2.0/.xml/erlang-ryng/ryng_event_handler.xml"
Reading XML for "/home/pete/wefwefwef/docs/other/6729731390/repo/v0.2.0/.xml/erlang-ryng/ryng_event_handler.xml"
Reading XML for "/home/pete/wefwefwef/docs/other/6729731390/repo/v0.2.0/.xml/specs_ryng_event_handler.xml"
Creating index.html ...
Creating erldocs_index.js ...
Woot, finished in 0 Minutes 1 Seconds
 :: Discovering other repos
$ 5000  `rm -r '/home/pete/wefwefwef/docs/other/6729731390/erlang-ryng-tag-v0.2.0'  2>&1`
 :: Processing https://github.com/redis-sd/erlang-ryng	{rev,branch,"develop","6b9f3db2f6380de09b173721108083aade4d53ee"}
 :: Fetching repo code
$ cd "/home/pete/wefwefwef/docs/other/6729731390/erlang-ryng-branch-develop/erlang-ryng"
$ infinity  `curl --fail --silent --show-error --location --output 'develop.zip' 'https://github.com/redis-sd/erlang-ryng/archive/develop.zip'  2>&1`
$ cd "/home/pete/wefwefwef/docs/erldocs_other.git"
$ cd "/home/pete/wefwefwef/docs/other/6729731390/erlang-ryng-branch-develop/erlang-ryng"
$ 5000  `find -P . -type l -delete  2>&1`
$ cd "/home/pete/wefwefwef/docs/erldocs_other.git"
$ cd "/home/pete/wefwefwef/docs/other/6729731390/erlang-ryng-branch-develop/erlang-ryng"
$ 5000  `find 'erlang-ryng-develop' -mindepth 1 -maxdepth 1 -exec mv -t . -- {} +  2>&1`
$ cd "/home/pete/wefwefwef/docs/erldocs_other.git"
 :: Getting dependencies
$ cd "/home/pete/wefwefwef/docs/other/6729731390/erlang-ryng-branch-develop/erlang-ryng"
$ 5000  `ls -1 deps/  2>&1`
$ cd "/home/pete/wefwefwef/docs/erldocs_other.git"
>>> [rebar] deps = []
 :: Generating erldocs into /home/pete/wefwefwef/docs/other/6729731390/repo/develop
Building erlang-ryng
Generating Type Specs - "/home/pete/wefwefwef/docs/other/6729731390/erlang-ryng-branch-develop/erlang-ryng/src/ryng.erl"
Generating Type Specs - "/home/pete/wefwefwef/docs/other/6729731390/erlang-ryng-branch-develop/erlang-ryng/src/ryng_app.erl"
Generating Type Specs - "/home/pete/wefwefwef/docs/other/6729731390/erlang-ryng-branch-develop/erlang-ryng/src/ryng_config.erl"
Generating Type Specs - "/home/pete/wefwefwef/docs/other/6729731390/erlang-ryng-branch-develop/erlang-ryng/src/ryng_ets.erl"
Generating Type Specs - "/home/pete/wefwefwef/docs/other/6729731390/erlang-ryng-branch-develop/erlang-ryng/src/ryng_event.erl"
Generating Type Specs - "/home/pete/wefwefwef/docs/other/6729731390/erlang-ryng-branch-develop/erlang-ryng/src/ryng_event_handler.erl"
Generating Type Specs - "/home/pete/wefwefwef/docs/other/6729731390/erlang-ryng-branch-develop/erlang-ryng/src/ryng_main_sup.erl"
Generating Type Specs - "/home/pete/wefwefwef/docs/other/6729731390/erlang-ryng-branch-develop/erlang-ryng/src/ryng_ring.erl"
Generating Type Specs - "/home/pete/wefwefwef/docs/other/6729731390/erlang-ryng-branch-develop/erlang-ryng/src/ryng_sup.erl"
Generating XML for application erlang-ryng "/home/pete/wefwefwef/docs/other/6729731390/erlang-ryng-branch-develop/erlang-ryng" -> "/home/pete/wefwefwef/docs/other/6729731390/repo/develop/.xml/erlang-ryng"
Generated erlang-ryng XMLs: ["/home/pete/wefwefwef/docs/other/6729731390/repo/develop/.xml/erlang-ryng/ryng_ring.xml",
                             "/home/pete/wefwefwef/docs/other/6729731390/repo/develop/.xml/erlang-ryng/ryng_config.xml",
                             "/home/pete/wefwefwef/docs/other/6729731390/repo/develop/.xml/erlang-ryng/ryng_ets.xml",
                             "/home/pete/wefwefwef/docs/other/6729731390/repo/develop/.xml/erlang-ryng/ryng_app.xml",
                             "/home/pete/wefwefwef/docs/other/6729731390/repo/develop/.xml/erlang-ryng/ryng_sup.xml",
                             "/home/pete/wefwefwef/docs/other/6729731390/repo/develop/.xml/erlang-ryng/ryng_main_sup.xml",
                             "/home/pete/wefwefwef/docs/other/6729731390/repo/develop/.xml/erlang-ryng/ryng_event_handler.xml",
                             "/home/pete/wefwefwef/docs/other/6729731390/repo/develop/.xml/erlang-ryng/ryng.xml",
                             "/home/pete/wefwefwef/docs/other/6729731390/repo/develop/.xml/erlang-ryng/ryng_event.xml"]
Generating HTML - ryng_config "/home/pete/wefwefwef/docs/other/6729731390/repo/develop/.xml/erlang-ryng/ryng_config.xml"
Generating HTML - ryng_app "/home/pete/wefwefwef/docs/other/6729731390/repo/develop/.xml/erlang-ryng/ryng_app.xml"
Generating HTML - ryng_main_sup "/home/pete/wefwefwef/docs/other/6729731390/repo/develop/.xml/erlang-ryng/ryng_main_sup.xml"
Generating HTML - ryng_event "/home/pete/wefwefwef/docs/other/6729731390/repo/develop/.xml/erlang-ryng/ryng_event.xml"
Reading XML for "/home/pete/wefwefwef/docs/other/6729731390/repo/develop/.xml/erlang-ryng/ryng_config.xml"
Reading XML for "/home/pete/wefwefwef/docs/other/6729731390/repo/develop/.xml/erlang-ryng/ryng_app.xml"
Reading XML for "/home/pete/wefwefwef/docs/other/6729731390/repo/develop/.xml/erlang-ryng/ryng_main_sup.xml"
Reading XML for "/home/pete/wefwefwef/docs/other/6729731390/repo/develop/.xml/erlang-ryng/ryng_event.xml"
Reading XML for "/home/pete/wefwefwef/docs/other/6729731390/repo/develop/.xml/specs_ryng_config.xml"
Reading XML for "/home/pete/wefwefwef/docs/other/6729731390/repo/develop/.xml/specs_ryng_app.xml"
Generating HTML - ryng_ets "/home/pete/wefwefwef/docs/other/6729731390/repo/develop/.xml/erlang-ryng/ryng_ets.xml"
Reading XML for "/home/pete/wefwefwef/docs/other/6729731390/repo/develop/.xml/erlang-ryng/ryng_ets.xml"
Reading XML for "/home/pete/wefwefwef/docs/other/6729731390/repo/develop/.xml/specs_ryng_event.xml"
Reading XML for "/home/pete/wefwefwef/docs/other/6729731390/repo/develop/.xml/specs_ryng_main_sup.xml"
Generating HTML - ryng "/home/pete/wefwefwef/docs/other/6729731390/repo/develop/.xml/erlang-ryng/ryng.xml"
Generating HTML - ryng_sup "/home/pete/wefwefwef/docs/other/6729731390/repo/develop/.xml/erlang-ryng/ryng_sup.xml"
Reading XML for "/home/pete/wefwefwef/docs/other/6729731390/repo/develop/.xml/erlang-ryng/ryng.xml"
Reading XML for "/home/pete/wefwefwef/docs/other/6729731390/repo/develop/.xml/erlang-ryng/ryng_sup.xml"
Generating HTML - ryng_ring "/home/pete/wefwefwef/docs/other/6729731390/repo/develop/.xml/erlang-ryng/ryng_ring.xml"
Reading XML for "/home/pete/wefwefwef/docs/other/6729731390/repo/develop/.xml/erlang-ryng/ryng_ring.xml"
Reading XML for "/home/pete/wefwefwef/docs/other/6729731390/repo/develop/.xml/specs_ryng_ets.xml"
Reading XML for "/home/pete/wefwefwef/docs/other/6729731390/repo/develop/.xml/specs_ryng_sup.xml"
Reading XML for "/home/pete/wefwefwef/docs/other/6729731390/repo/develop/.xml/specs_ryng_ring.xml"
Reading XML for "/home/pete/wefwefwef/docs/other/6729731390/repo/develop/.xml/specs_ryng.xml"
Generating HTML - ryng_event_handler "/home/pete/wefwefwef/docs/other/6729731390/repo/develop/.xml/erlang-ryng/ryng_event_handler.xml"
Reading XML for "/home/pete/wefwefwef/docs/other/6729731390/repo/develop/.xml/erlang-ryng/ryng_event_handler.xml"
Reading XML for "/home/pete/wefwefwef/docs/other/6729731390/repo/develop/.xml/specs_ryng_event_handler.xml"
Creating index.html ...
Creating erldocs_index.js ...
Woot, finished in 0 Minutes 1 Seconds
 :: Discovering other repos
$ 5000  `rm -r '/home/pete/wefwefwef/docs/other/6729731390/erlang-ryng-branch-develop'  2>&1`
 :: Processing https://github.com/redis-sd/erlang-ryng	{rev,branch,"master","6b9f3db2f6380de09b173721108083aade4d53ee"}
 :: Fetching repo code
$ cd "/home/pete/wefwefwef/docs/other/6729731390/erlang-ryng-branch-master/erlang-ryng"
$ infinity  `curl --fail --silent --show-error --location --output 'master.zip' 'https://github.com/redis-sd/erlang-ryng/archive/master.zip'  2>&1`
$ cd "/home/pete/wefwefwef/docs/erldocs_other.git"
$ cd "/home/pete/wefwefwef/docs/other/6729731390/erlang-ryng-branch-master/erlang-ryng"
$ 5000  `find -P . -type l -delete  2>&1`
$ cd "/home/pete/wefwefwef/docs/erldocs_other.git"
$ cd "/home/pete/wefwefwef/docs/other/6729731390/erlang-ryng-branch-master/erlang-ryng"
$ 5000  `find 'erlang-ryng-master' -mindepth 1 -maxdepth 1 -exec mv -t . -- {} +  2>&1`
$ cd "/home/pete/wefwefwef/docs/erldocs_other.git"
 :: Getting dependencies
$ cd "/home/pete/wefwefwef/docs/other/6729731390/erlang-ryng-branch-master/erlang-ryng"
$ 5000  `ls -1 deps/  2>&1`
$ cd "/home/pete/wefwefwef/docs/erldocs_other.git"
>>> [rebar] deps = []
 :: Generating erldocs into /home/pete/wefwefwef/docs/other/6729731390/repo/master
Building erlang-ryng
Generating Type Specs - "/home/pete/wefwefwef/docs/other/6729731390/erlang-ryng-branch-master/erlang-ryng/src/ryng.erl"
Generating Type Specs - "/home/pete/wefwefwef/docs/other/6729731390/erlang-ryng-branch-master/erlang-ryng/src/ryng_app.erl"
Generating Type Specs - "/home/pete/wefwefwef/docs/other/6729731390/erlang-ryng-branch-master/erlang-ryng/src/ryng_config.erl"
Generating Type Specs - "/home/pete/wefwefwef/docs/other/6729731390/erlang-ryng-branch-master/erlang-ryng/src/ryng_ets.erl"
Generating Type Specs - "/home/pete/wefwefwef/docs/other/6729731390/erlang-ryng-branch-master/erlang-ryng/src/ryng_event.erl"
Generating Type Specs - "/home/pete/wefwefwef/docs/other/6729731390/erlang-ryng-branch-master/erlang-ryng/src/ryng_event_handler.erl"
Generating Type Specs - "/home/pete/wefwefwef/docs/other/6729731390/erlang-ryng-branch-master/erlang-ryng/src/ryng_main_sup.erl"
Generating Type Specs - "/home/pete/wefwefwef/docs/other/6729731390/erlang-ryng-branch-master/erlang-ryng/src/ryng_ring.erl"
Generating Type Specs - "/home/pete/wefwefwef/docs/other/6729731390/erlang-ryng-branch-master/erlang-ryng/src/ryng_sup.erl"
Generating XML for application erlang-ryng "/home/pete/wefwefwef/docs/other/6729731390/erlang-ryng-branch-master/erlang-ryng" -> "/home/pete/wefwefwef/docs/other/6729731390/repo/master/.xml/erlang-ryng"
Generated erlang-ryng XMLs: ["/home/pete/wefwefwef/docs/other/6729731390/repo/master/.xml/erlang-ryng/ryng_ring.xml",
                             "/home/pete/wefwefwef/docs/other/6729731390/repo/master/.xml/erlang-ryng/ryng_config.xml",
                             "/home/pete/wefwefwef/docs/other/6729731390/repo/master/.xml/erlang-ryng/ryng_ets.xml",
                             "/home/pete/wefwefwef/docs/other/6729731390/repo/master/.xml/erlang-ryng/ryng_app.xml",
                             "/home/pete/wefwefwef/docs/other/6729731390/repo/master/.xml/erlang-ryng/ryng_sup.xml",
                             "/home/pete/wefwefwef/docs/other/6729731390/repo/master/.xml/erlang-ryng/ryng_main_sup.xml",
                             "/home/pete/wefwefwef/docs/other/6729731390/repo/master/.xml/erlang-ryng/ryng_event_handler.xml",
                             "/home/pete/wefwefwef/docs/other/6729731390/repo/master/.xml/erlang-ryng/ryng.xml",
                             "/home/pete/wefwefwef/docs/other/6729731390/repo/master/.xml/erlang-ryng/ryng_event.xml"]
Generating HTML - ryng_config "/home/pete/wefwefwef/docs/other/6729731390/repo/master/.xml/erlang-ryng/ryng_config.xml"
Generating HTML - ryng_app "/home/pete/wefwefwef/docs/other/6729731390/repo/master/.xml/erlang-ryng/ryng_app.xml"
Generating HTML - ryng_main_sup "/home/pete/wefwefwef/docs/other/6729731390/repo/master/.xml/erlang-ryng/ryng_main_sup.xml"
Generating HTML - ryng_event "/home/pete/wefwefwef/docs/other/6729731390/repo/master/.xml/erlang-ryng/ryng_event.xml"
Reading XML for "/home/pete/wefwefwef/docs/other/6729731390/repo/master/.xml/erlang-ryng/ryng_config.xml"
Reading XML for "/home/pete/wefwefwef/docs/other/6729731390/repo/master/.xml/erlang-ryng/ryng_app.xml"
Reading XML for "/home/pete/wefwefwef/docs/other/6729731390/repo/master/.xml/erlang-ryng/ryng_main_sup.xml"
Reading XML for "/home/pete/wefwefwef/docs/other/6729731390/repo/master/.xml/erlang-ryng/ryng_event.xml"
Reading XML for "/home/pete/wefwefwef/docs/other/6729731390/repo/master/.xml/specs_ryng_config.xml"
Reading XML for "/home/pete/wefwefwef/docs/other/6729731390/repo/master/.xml/specs_ryng_main_sup.xml"
Reading XML for "/home/pete/wefwefwef/docs/other/6729731390/repo/master/.xml/specs_ryng_app.xml"
Generating HTML - ryng_sup "/home/pete/wefwefwef/docs/other/6729731390/repo/master/.xml/erlang-ryng/ryng_sup.xml"
Reading XML for "/home/pete/wefwefwef/docs/other/6729731390/repo/master/.xml/erlang-ryng/ryng_sup.xml"
Generating HTML - ryng_ets "/home/pete/wefwefwef/docs/other/6729731390/repo/master/.xml/erlang-ryng/ryng_ets.xml"
Reading XML for "/home/pete/wefwefwef/docs/other/6729731390/repo/master/.xml/erlang-ryng/ryng_ets.xml"
Reading XML for "/home/pete/wefwefwef/docs/other/6729731390/repo/master/.xml/specs_ryng_event.xml"
Generating HTML - ryng_ring "/home/pete/wefwefwef/docs/other/6729731390/repo/master/.xml/erlang-ryng/ryng_ring.xml"
Reading XML for "/home/pete/wefwefwef/docs/other/6729731390/repo/master/.xml/erlang-ryng/ryng_ring.xml"
Generating HTML - ryng "/home/pete/wefwefwef/docs/other/6729731390/repo/master/.xml/erlang-ryng/ryng.xml"
Reading XML for "/home/pete/wefwefwef/docs/other/6729731390/repo/master/.xml/erlang-ryng/ryng.xml"
Reading XML for "/home/pete/wefwefwef/docs/other/6729731390/repo/master/.xml/specs_ryng_sup.xml"
Reading XML for "/home/pete/wefwefwef/docs/other/6729731390/repo/master/.xml/specs_ryng_ring.xml"
Reading XML for "/home/pete/wefwefwef/docs/other/6729731390/repo/master/.xml/specs_ryng_ets.xml"
Reading XML for "/home/pete/wefwefwef/docs/other/6729731390/repo/master/.xml/specs_ryng.xml"
Generating HTML - ryng_event_handler "/home/pete/wefwefwef/docs/other/6729731390/repo/master/.xml/erlang-ryng/ryng_event_handler.xml"
Reading XML for "/home/pete/wefwefwef/docs/other/6729731390/repo/master/.xml/erlang-ryng/ryng_event_handler.xml"
Reading XML for "/home/pete/wefwefwef/docs/other/6729731390/repo/master/.xml/specs_ryng_event_handler.xml"
Creating index.html ...
Creating erldocs_index.js ...
Woot, finished in 0 Minutes 1 Seconds
 :: Discovering other repos
$ 5000  `rm -r '/home/pete/wefwefwef/docs/other/6729731390/erlang-ryng-branch-master'  2>&1`
 :: Erldocs finishing up
$ 5000  `rm -r '/home/pete/wefwefwef/docs/other/6729731390/erlang-ryng'  2>&1`
