 :: Extracting meta information
$ 5000  `git ls-remote --heads --tags 'https://github.com/powermemobile/gen_http_api'  2>&1`
>>> [repo] 2 branches, 5 tags
 :: Writing meta to "/home/pete/wefwefwef/docs/other/5510662499/meta.txt"
 :: Processing https://github.com/powermemobile/gen_http_api	{rev,tag,"2.0.0","8e4d0f009ef1d194ff3651d035361483d58956a8",undefined,[],[]}
 :: Fetching repo code
$ cd "/home/pete/wefwefwef/docs/other/5510662499/gen_http_api-tag-2.0.0/gen_http_api"
$ infinity  `curl --fail --silent --show-error --location --output '2.0.0.zip' 'https://github.com/powermemobile/gen_http_api/archive/2.0.0.zip'  2>&1`
$ cd "/home/pete/wefwefwef/docs/erldocs_other.git"
$ cd "/home/pete/wefwefwef/docs/other/5510662499/gen_http_api-tag-2.0.0/gen_http_api"
$ 5000  `find -P . -type l -delete  2>&1`
$ cd "/home/pete/wefwefwef/docs/erldocs_other.git"
$ cd "/home/pete/wefwefwef/docs/other/5510662499/gen_http_api-tag-2.0.0/gen_http_api"
$ 5000  `find 'gen_http_api-2.0.0' -mindepth 1 -maxdepth 1 -exec mv -t . -- {} +  2>&1`
$ cd "/home/pete/wefwefwef/docs/erldocs_other.git"
 :: Getting dependencies
$ cd "/home/pete/wefwefwef/docs/other/5510662499/gen_http_api-tag-2.0.0/gen_http_api"
$ infinity  `rebar --config '/home/pete/wefwefwef/docs/other/5510662499/gen_http_api-tag-2.0.0/rebar_deps' get-deps  2>&1`
$ cd "/home/pete/wefwefwef/docs/erldocs_other.git"
$ cd "/home/pete/wefwefwef/docs/other/5510662499/gen_http_api-tag-2.0.0/gen_http_api"
$ 5000  `find -P . -type l -delete  2>&1`
$ cd "/home/pete/wefwefwef/docs/erldocs_other.git"
$ cd "/home/pete/wefwefwef/docs/other/5510662499/gen_http_api-tag-2.0.0/gen_http_api"
$ 5000  `ls -1 deps/  2>&1`
$ cd "/home/pete/wefwefwef/docs/erldocs_other.git"
>>> [rebar] deps = ["cowboy","cowlib","jsx","lager","libuuid","ranch"]
 :: Generating erldocs into /home/pete/wefwefwef/docs/other/5510662499/repo/2.0.0
Building gen_http_api
Generating Type Specs - "/home/pete/wefwefwef/docs/other/5510662499/gen_http_api-tag-2.0.0/gen_http_api/src/gen_http_api.erl"
Generating Type Specs - "/home/pete/wefwefwef/docs/other/5510662499/gen_http_api-tag-2.0.0/gen_http_api/src/gen_http_api_converter.erl"
Generating XML for application gen_http_api "/home/pete/wefwefwef/docs/other/5510662499/gen_http_api-tag-2.0.0/gen_http_api" -> "/home/pete/wefwefwef/docs/other/5510662499/repo/2.0.0/.xml/gen_http_api"
Generated gen_http_api XMLs: ["/home/pete/wefwefwef/docs/other/5510662499/repo/2.0.0/.xml/gen_http_api/gen_http_api.xml",
                              "/home/pete/wefwefwef/docs/other/5510662499/repo/2.0.0/.xml/gen_http_api/gen_http_api_converter.xml"]
Generating HTML - gen_http_api_converter "/home/pete/wefwefwef/docs/other/5510662499/repo/2.0.0/.xml/gen_http_api/gen_http_api_converter.xml"
Reading XML for "/home/pete/wefwefwef/docs/other/5510662499/repo/2.0.0/.xml/gen_http_api/gen_http_api_converter.xml"
Reading XML for "/home/pete/wefwefwef/docs/other/5510662499/repo/2.0.0/.xml/specs_gen_http_api_converter.xml"
Generating HTML - gen_http_api "/home/pete/wefwefwef/docs/other/5510662499/repo/2.0.0/.xml/gen_http_api/gen_http_api.xml"
Reading XML for "/home/pete/wefwefwef/docs/other/5510662499/repo/2.0.0/.xml/gen_http_api/gen_http_api.xml"
Reading XML for "/home/pete/wefwefwef/docs/other/5510662499/repo/2.0.0/.xml/specs_gen_http_api.xml"
Creating index.html ...
Creating erldocs_index.js ...
Woot, finished in 0 Minutes 0 Seconds
 :: Discovering other repos
$ 5000  `rm -r '/home/pete/wefwefwef/docs/other/5510662499/gen_http_api-tag-2.0.0'  2>&1`
 :: Processing https://github.com/powermemobile/gen_http_api	{rev,tag,"2.1.0","9601f72285d41385fed321a77b16a117b6afa4f6",undefined,[],[]}
 :: Fetching repo code
$ cd "/home/pete/wefwefwef/docs/other/5510662499/gen_http_api-tag-2.1.0/gen_http_api"
$ infinity  `curl --fail --silent --show-error --location --output '2.1.0.zip' 'https://github.com/powermemobile/gen_http_api/archive/2.1.0.zip'  2>&1`
$ cd "/home/pete/wefwefwef/docs/erldocs_other.git"
$ cd "/home/pete/wefwefwef/docs/other/5510662499/gen_http_api-tag-2.1.0/gen_http_api"
$ 5000  `find -P . -type l -delete  2>&1`
$ cd "/home/pete/wefwefwef/docs/erldocs_other.git"
$ cd "/home/pete/wefwefwef/docs/other/5510662499/gen_http_api-tag-2.1.0/gen_http_api"
$ 5000  `find 'gen_http_api-2.1.0' -mindepth 1 -maxdepth 1 -exec mv -t . -- {} +  2>&1`
$ cd "/home/pete/wefwefwef/docs/erldocs_other.git"
 :: Getting dependencies
$ cd "/home/pete/wefwefwef/docs/other/5510662499/gen_http_api-tag-2.1.0/gen_http_api"
$ infinity  `rebar --config '/home/pete/wefwefwef/docs/other/5510662499/gen_http_api-tag-2.1.0/rebar_deps' get-deps  2>&1`
$ cd "/home/pete/wefwefwef/docs/erldocs_other.git"
$ cd "/home/pete/wefwefwef/docs/other/5510662499/gen_http_api-tag-2.1.0/gen_http_api"
$ 5000  `find -P . -type l -delete  2>&1`
$ cd "/home/pete/wefwefwef/docs/erldocs_other.git"
$ cd "/home/pete/wefwefwef/docs/other/5510662499/gen_http_api-tag-2.1.0/gen_http_api"
$ 5000  `ls -1 deps/  2>&1`
$ cd "/home/pete/wefwefwef/docs/erldocs_other.git"
>>> [rebar] deps = ["cowboy","cowlib","jsx","lager","libuuid","ranch"]
 :: Generating erldocs into /home/pete/wefwefwef/docs/other/5510662499/repo/2.1.0
Building gen_http_api
Generating Type Specs - "/home/pete/wefwefwef/docs/other/5510662499/gen_http_api-tag-2.1.0/gen_http_api/src/gen_http_api.erl"
Generating Type Specs - "/home/pete/wefwefwef/docs/other/5510662499/gen_http_api-tag-2.1.0/gen_http_api/src/gen_http_api_converter.erl"
Generating XML for application gen_http_api "/home/pete/wefwefwef/docs/other/5510662499/gen_http_api-tag-2.1.0/gen_http_api" -> "/home/pete/wefwefwef/docs/other/5510662499/repo/2.1.0/.xml/gen_http_api"
Generated gen_http_api XMLs: ["/home/pete/wefwefwef/docs/other/5510662499/repo/2.1.0/.xml/gen_http_api/gen_http_api.xml",
                              "/home/pete/wefwefwef/docs/other/5510662499/repo/2.1.0/.xml/gen_http_api/gen_http_api_converter.xml"]
Generating HTML - gen_http_api_converter "/home/pete/wefwefwef/docs/other/5510662499/repo/2.1.0/.xml/gen_http_api/gen_http_api_converter.xml"
Reading XML for "/home/pete/wefwefwef/docs/other/5510662499/repo/2.1.0/.xml/gen_http_api/gen_http_api_converter.xml"
Reading XML for "/home/pete/wefwefwef/docs/other/5510662499/repo/2.1.0/.xml/specs_gen_http_api_converter.xml"
Generating HTML - gen_http_api "/home/pete/wefwefwef/docs/other/5510662499/repo/2.1.0/.xml/gen_http_api/gen_http_api.xml"
Reading XML for "/home/pete/wefwefwef/docs/other/5510662499/repo/2.1.0/.xml/gen_http_api/gen_http_api.xml"
Reading XML for "/home/pete/wefwefwef/docs/other/5510662499/repo/2.1.0/.xml/specs_gen_http_api.xml"
Creating index.html ...
Creating erldocs_index.js ...
Woot, finished in 0 Minutes 0 Seconds
 :: Discovering other repos
$ 5000  `rm -r '/home/pete/wefwefwef/docs/other/5510662499/gen_http_api-tag-2.1.0'  2>&1`
 :: Processing https://github.com/powermemobile/gen_http_api	{rev,tag,"2.2.0","26e3c8bae25d78d208e456e7550cbfc7bb478d69",undefined,[],[]}
 :: Fetching repo code
$ cd "/home/pete/wefwefwef/docs/other/5510662499/gen_http_api-tag-2.2.0/gen_http_api"
$ infinity  `curl --fail --silent --show-error --location --output '2.2.0.zip' 'https://github.com/powermemobile/gen_http_api/archive/2.2.0.zip'  2>&1`
$ cd "/home/pete/wefwefwef/docs/erldocs_other.git"
$ cd "/home/pete/wefwefwef/docs/other/5510662499/gen_http_api-tag-2.2.0/gen_http_api"
$ 5000  `find -P . -type l -delete  2>&1`
$ cd "/home/pete/wefwefwef/docs/erldocs_other.git"
$ cd "/home/pete/wefwefwef/docs/other/5510662499/gen_http_api-tag-2.2.0/gen_http_api"
$ 5000  `find 'gen_http_api-2.2.0' -mindepth 1 -maxdepth 1 -exec mv -t . -- {} +  2>&1`
$ cd "/home/pete/wefwefwef/docs/erldocs_other.git"
 :: Getting dependencies
$ cd "/home/pete/wefwefwef/docs/other/5510662499/gen_http_api-tag-2.2.0/gen_http_api"
$ infinity  `rebar --config '/home/pete/wefwefwef/docs/other/5510662499/gen_http_api-tag-2.2.0/rebar_deps' get-deps  2>&1`
$ cd "/home/pete/wefwefwef/docs/erldocs_other.git"
$ cd "/home/pete/wefwefwef/docs/other/5510662499/gen_http_api-tag-2.2.0/gen_http_api"
$ 5000  `find -P . -type l -delete  2>&1`
$ cd "/home/pete/wefwefwef/docs/erldocs_other.git"
$ cd "/home/pete/wefwefwef/docs/other/5510662499/gen_http_api-tag-2.2.0/gen_http_api"
$ 5000  `ls -1 deps/  2>&1`
$ cd "/home/pete/wefwefwef/docs/erldocs_other.git"
>>> [rebar] deps = ["cowboy","cowlib","jsx","lager","libuuid","ranch"]
 :: Generating erldocs into /home/pete/wefwefwef/docs/other/5510662499/repo/2.2.0
Building gen_http_api
Generating Type Specs - "/home/pete/wefwefwef/docs/other/5510662499/gen_http_api-tag-2.2.0/gen_http_api/src/gen_http_api.erl"
Generating Type Specs - "/home/pete/wefwefwef/docs/other/5510662499/gen_http_api-tag-2.2.0/gen_http_api/src/gen_http_api_converter.erl"
Generating XML for application gen_http_api "/home/pete/wefwefwef/docs/other/5510662499/gen_http_api-tag-2.2.0/gen_http_api" -> "/home/pete/wefwefwef/docs/other/5510662499/repo/2.2.0/.xml/gen_http_api"
Generated gen_http_api XMLs: ["/home/pete/wefwefwef/docs/other/5510662499/repo/2.2.0/.xml/gen_http_api/gen_http_api.xml",
                              "/home/pete/wefwefwef/docs/other/5510662499/repo/2.2.0/.xml/gen_http_api/gen_http_api_converter.xml"]
Generating HTML - gen_http_api_converter "/home/pete/wefwefwef/docs/other/5510662499/repo/2.2.0/.xml/gen_http_api/gen_http_api_converter.xml"
Reading XML for "/home/pete/wefwefwef/docs/other/5510662499/repo/2.2.0/.xml/gen_http_api/gen_http_api_converter.xml"
Reading XML for "/home/pete/wefwefwef/docs/other/5510662499/repo/2.2.0/.xml/specs_gen_http_api_converter.xml"
Generating HTML - gen_http_api "/home/pete/wefwefwef/docs/other/5510662499/repo/2.2.0/.xml/gen_http_api/gen_http_api.xml"
Reading XML for "/home/pete/wefwefwef/docs/other/5510662499/repo/2.2.0/.xml/gen_http_api/gen_http_api.xml"
Reading XML for "/home/pete/wefwefwef/docs/other/5510662499/repo/2.2.0/.xml/specs_gen_http_api.xml"
Creating index.html ...
Creating erldocs_index.js ...
Woot, finished in 0 Minutes 0 Seconds
 :: Discovering other repos
$ 5000  `rm -r '/home/pete/wefwefwef/docs/other/5510662499/gen_http_api-tag-2.2.0'  2>&1`
 :: Processing https://github.com/powermemobile/gen_http_api	{rev,tag,"1.0.0","67c3a2261583acd6249ce84d80372631dc00e616",undefined,[],[]}
 :: Fetching repo code
$ cd "/home/pete/wefwefwef/docs/other/5510662499/gen_http_api-tag-1.0.0/gen_http_api"
$ infinity  `curl --fail --silent --show-error --location --output '1.0.0.zip' 'https://github.com/powermemobile/gen_http_api/archive/1.0.0.zip'  2>&1`
$ cd "/home/pete/wefwefwef/docs/erldocs_other.git"
$ cd "/home/pete/wefwefwef/docs/other/5510662499/gen_http_api-tag-1.0.0/gen_http_api"
$ 5000  `find -P . -type l -delete  2>&1`
$ cd "/home/pete/wefwefwef/docs/erldocs_other.git"
$ cd "/home/pete/wefwefwef/docs/other/5510662499/gen_http_api-tag-1.0.0/gen_http_api"
$ 5000  `find 'gen_http_api-1.0.0' -mindepth 1 -maxdepth 1 -exec mv -t . -- {} +  2>&1`
$ cd "/home/pete/wefwefwef/docs/erldocs_other.git"
 :: Getting dependencies
$ cd "/home/pete/wefwefwef/docs/other/5510662499/gen_http_api-tag-1.0.0/gen_http_api"
$ infinity  `rebar --config '/home/pete/wefwefwef/docs/other/5510662499/gen_http_api-tag-1.0.0/rebar_deps' get-deps  2>&1`
$ cd "/home/pete/wefwefwef/docs/erldocs_other.git"
$ cd "/home/pete/wefwefwef/docs/other/5510662499/gen_http_api-tag-1.0.0/gen_http_api"
$ 5000  `find -P . -type l -delete  2>&1`
$ cd "/home/pete/wefwefwef/docs/erldocs_other.git"
$ cd "/home/pete/wefwefwef/docs/other/5510662499/gen_http_api-tag-1.0.0/gen_http_api"
$ 5000  `ls -1 deps/  2>&1`
$ cd "/home/pete/wefwefwef/docs/erldocs_other.git"
>>> [rebar] deps = ["cowboy","jsx","lager","libuuid"]
 :: Generating erldocs into /home/pete/wefwefwef/docs/other/5510662499/repo/1.0.0
Building gen_http_api
Generating Type Specs - "/home/pete/wefwefwef/docs/other/5510662499/gen_http_api-tag-1.0.0/gen_http_api/src/gen_http_api.erl"
Generating Type Specs - "/home/pete/wefwefwef/docs/other/5510662499/gen_http_api-tag-1.0.0/gen_http_api/src/gen_http_api_converter.erl"
Generating XML for application gen_http_api "/home/pete/wefwefwef/docs/other/5510662499/gen_http_api-tag-1.0.0/gen_http_api" -> "/home/pete/wefwefwef/docs/other/5510662499/repo/1.0.0/.xml/gen_http_api"
Generated gen_http_api XMLs: ["/home/pete/wefwefwef/docs/other/5510662499/repo/1.0.0/.xml/gen_http_api/gen_http_api.xml",
                              "/home/pete/wefwefwef/docs/other/5510662499/repo/1.0.0/.xml/gen_http_api/gen_http_api_converter.xml"]
Generating HTML - gen_http_api_converter "/home/pete/wefwefwef/docs/other/5510662499/repo/1.0.0/.xml/gen_http_api/gen_http_api_converter.xml"
Reading XML for "/home/pete/wefwefwef/docs/other/5510662499/repo/1.0.0/.xml/gen_http_api/gen_http_api_converter.xml"
Reading XML for "/home/pete/wefwefwef/docs/other/5510662499/repo/1.0.0/.xml/specs_gen_http_api_converter.xml"
Generating HTML - gen_http_api "/home/pete/wefwefwef/docs/other/5510662499/repo/1.0.0/.xml/gen_http_api/gen_http_api.xml"
Reading XML for "/home/pete/wefwefwef/docs/other/5510662499/repo/1.0.0/.xml/gen_http_api/gen_http_api.xml"
Reading XML for "/home/pete/wefwefwef/docs/other/5510662499/repo/1.0.0/.xml/specs_gen_http_api.xml"
Creating index.html ...
Creating erldocs_index.js ...
Woot, finished in 0 Minutes 0 Seconds
 :: Discovering other repos
$ 5000  `rm -r '/home/pete/wefwefwef/docs/other/5510662499/gen_http_api-tag-1.0.0'  2>&1`
 :: Processing https://github.com/powermemobile/gen_http_api	{rev,tag,"2.0.1","a6223f5c476ff5bc1a077975c0d9241362f4b2ec",undefined,[],[]}
 :: Fetching repo code
$ cd "/home/pete/wefwefwef/docs/other/5510662499/gen_http_api-tag-2.0.1/gen_http_api"
$ infinity  `curl --fail --silent --show-error --location --output '2.0.1.zip' 'https://github.com/powermemobile/gen_http_api/archive/2.0.1.zip'  2>&1`
$ cd "/home/pete/wefwefwef/docs/erldocs_other.git"
$ cd "/home/pete/wefwefwef/docs/other/5510662499/gen_http_api-tag-2.0.1/gen_http_api"
$ 5000  `find -P . -type l -delete  2>&1`
$ cd "/home/pete/wefwefwef/docs/erldocs_other.git"
$ cd "/home/pete/wefwefwef/docs/other/5510662499/gen_http_api-tag-2.0.1/gen_http_api"
$ 5000  `find 'gen_http_api-2.0.1' -mindepth 1 -maxdepth 1 -exec mv -t . -- {} +  2>&1`
$ cd "/home/pete/wefwefwef/docs/erldocs_other.git"
 :: Getting dependencies
$ cd "/home/pete/wefwefwef/docs/other/5510662499/gen_http_api-tag-2.0.1/gen_http_api"
$ infinity  `rebar --config '/home/pete/wefwefwef/docs/other/5510662499/gen_http_api-tag-2.0.1/rebar_deps' get-deps  2>&1`
$ cd "/home/pete/wefwefwef/docs/erldocs_other.git"
$ cd "/home/pete/wefwefwef/docs/other/5510662499/gen_http_api-tag-2.0.1/gen_http_api"
$ 5000  `find -P . -type l -delete  2>&1`
$ cd "/home/pete/wefwefwef/docs/erldocs_other.git"
$ cd "/home/pete/wefwefwef/docs/other/5510662499/gen_http_api-tag-2.0.1/gen_http_api"
$ 5000  `ls -1 deps/  2>&1`
$ cd "/home/pete/wefwefwef/docs/erldocs_other.git"
>>> [rebar] deps = ["cowboy","cowlib","jsx","lager","libuuid","ranch"]
 :: Generating erldocs into /home/pete/wefwefwef/docs/other/5510662499/repo/2.0.1
Building gen_http_api
Generating Type Specs - "/home/pete/wefwefwef/docs/other/5510662499/gen_http_api-tag-2.0.1/gen_http_api/src/gen_http_api.erl"
Generating Type Specs - "/home/pete/wefwefwef/docs/other/5510662499/gen_http_api-tag-2.0.1/gen_http_api/src/gen_http_api_converter.erl"
Generating XML for application gen_http_api "/home/pete/wefwefwef/docs/other/5510662499/gen_http_api-tag-2.0.1/gen_http_api" -> "/home/pete/wefwefwef/docs/other/5510662499/repo/2.0.1/.xml/gen_http_api"
Generated gen_http_api XMLs: ["/home/pete/wefwefwef/docs/other/5510662499/repo/2.0.1/.xml/gen_http_api/gen_http_api.xml",
                              "/home/pete/wefwefwef/docs/other/5510662499/repo/2.0.1/.xml/gen_http_api/gen_http_api_converter.xml"]
Generating HTML - gen_http_api_converter "/home/pete/wefwefwef/docs/other/5510662499/repo/2.0.1/.xml/gen_http_api/gen_http_api_converter.xml"
Reading XML for "/home/pete/wefwefwef/docs/other/5510662499/repo/2.0.1/.xml/gen_http_api/gen_http_api_converter.xml"
Reading XML for "/home/pete/wefwefwef/docs/other/5510662499/repo/2.0.1/.xml/specs_gen_http_api_converter.xml"
Generating HTML - gen_http_api "/home/pete/wefwefwef/docs/other/5510662499/repo/2.0.1/.xml/gen_http_api/gen_http_api.xml"
Reading XML for "/home/pete/wefwefwef/docs/other/5510662499/repo/2.0.1/.xml/gen_http_api/gen_http_api.xml"
Reading XML for "/home/pete/wefwefwef/docs/other/5510662499/repo/2.0.1/.xml/specs_gen_http_api.xml"
Creating index.html ...
Creating erldocs_index.js ...
Woot, finished in 0 Minutes 0 Seconds
 :: Discovering other repos
$ 5000  `rm -r '/home/pete/wefwefwef/docs/other/5510662499/gen_http_api-tag-2.0.1'  2>&1`
 :: Processing https://github.com/powermemobile/gen_http_api	{rev,branch,"develop","aafb8fbad705fc4a381407c15677b9d06bef5cc9",undefined,[],[]}
 :: Fetching repo code
$ cd "/home/pete/wefwefwef/docs/other/5510662499/gen_http_api-branch-develop/gen_http_api"
$ infinity  `curl --fail --silent --show-error --location --output 'develop.zip' 'https://github.com/powermemobile/gen_http_api/archive/develop.zip'  2>&1`
$ cd "/home/pete/wefwefwef/docs/erldocs_other.git"
$ cd "/home/pete/wefwefwef/docs/other/5510662499/gen_http_api-branch-develop/gen_http_api"
$ 5000  `find -P . -type l -delete  2>&1`
$ cd "/home/pete/wefwefwef/docs/erldocs_other.git"
$ cd "/home/pete/wefwefwef/docs/other/5510662499/gen_http_api-branch-develop/gen_http_api"
$ 5000  `find 'gen_http_api-develop' -mindepth 1 -maxdepth 1 -exec mv -t . -- {} +  2>&1`
$ cd "/home/pete/wefwefwef/docs/erldocs_other.git"
 :: Getting dependencies
$ cd "/home/pete/wefwefwef/docs/other/5510662499/gen_http_api-branch-develop/gen_http_api"
$ infinity  `rebar --config '/home/pete/wefwefwef/docs/other/5510662499/gen_http_api-branch-develop/rebar_deps' get-deps  2>&1`
$ cd "/home/pete/wefwefwef/docs/erldocs_other.git"
$ cd "/home/pete/wefwefwef/docs/other/5510662499/gen_http_api-branch-develop/gen_http_api"
$ 5000  `find -P . -type l -delete  2>&1`
$ cd "/home/pete/wefwefwef/docs/erldocs_other.git"
$ cd "/home/pete/wefwefwef/docs/other/5510662499/gen_http_api-branch-develop/gen_http_api"
$ 5000  `ls -1 deps/  2>&1`
$ cd "/home/pete/wefwefwef/docs/erldocs_other.git"
>>> [rebar] deps = ["cowboy","jsx","lager","libuuid","ranch"]
 :: Generating erldocs into /home/pete/wefwefwef/docs/other/5510662499/repo/develop
Building gen_http_api
Generating Type Specs - "/home/pete/wefwefwef/docs/other/5510662499/gen_http_api-branch-develop/gen_http_api/src/gen_http_api.erl"
Generating Type Specs - "/home/pete/wefwefwef/docs/other/5510662499/gen_http_api-branch-develop/gen_http_api/src/gen_http_api_converter.erl"
Generating XML for application gen_http_api "/home/pete/wefwefwef/docs/other/5510662499/gen_http_api-branch-develop/gen_http_api" -> "/home/pete/wefwefwef/docs/other/5510662499/repo/develop/.xml/gen_http_api"
Generated gen_http_api XMLs: ["/home/pete/wefwefwef/docs/other/5510662499/repo/develop/.xml/gen_http_api/gen_http_api.xml",
                              "/home/pete/wefwefwef/docs/other/5510662499/repo/develop/.xml/gen_http_api/gen_http_api_converter.xml"]
Generating HTML - gen_http_api_converter "/home/pete/wefwefwef/docs/other/5510662499/repo/develop/.xml/gen_http_api/gen_http_api_converter.xml"
Reading XML for "/home/pete/wefwefwef/docs/other/5510662499/repo/develop/.xml/gen_http_api/gen_http_api_converter.xml"
Reading XML for "/home/pete/wefwefwef/docs/other/5510662499/repo/develop/.xml/specs_gen_http_api_converter.xml"
Generating HTML - gen_http_api "/home/pete/wefwefwef/docs/other/5510662499/repo/develop/.xml/gen_http_api/gen_http_api.xml"
Reading XML for "/home/pete/wefwefwef/docs/other/5510662499/repo/develop/.xml/gen_http_api/gen_http_api.xml"
Reading XML for "/home/pete/wefwefwef/docs/other/5510662499/repo/develop/.xml/specs_gen_http_api.xml"
Creating index.html ...
Creating erldocs_index.js ...
Woot, finished in 0 Minutes 0 Seconds
 :: Discovering other repos
$ 5000  `rm -r '/home/pete/wefwefwef/docs/other/5510662499/gen_http_api-branch-develop'  2>&1`
 :: Processing https://github.com/powermemobile/gen_http_api	{rev,branch,"master","26e3c8bae25d78d208e456e7550cbfc7bb478d69",undefined,[],[]}
 :: Fetching repo code
$ cd "/home/pete/wefwefwef/docs/other/5510662499/gen_http_api-branch-master/gen_http_api"
$ infinity  `curl --fail --silent --show-error --location --output 'master.zip' 'https://github.com/powermemobile/gen_http_api/archive/master.zip'  2>&1`
$ cd "/home/pete/wefwefwef/docs/erldocs_other.git"
$ cd "/home/pete/wefwefwef/docs/other/5510662499/gen_http_api-branch-master/gen_http_api"
$ 5000  `find -P . -type l -delete  2>&1`
$ cd "/home/pete/wefwefwef/docs/erldocs_other.git"
$ cd "/home/pete/wefwefwef/docs/other/5510662499/gen_http_api-branch-master/gen_http_api"
$ 5000  `find 'gen_http_api-master' -mindepth 1 -maxdepth 1 -exec mv -t . -- {} +  2>&1`
$ cd "/home/pete/wefwefwef/docs/erldocs_other.git"
 :: Getting dependencies
$ cd "/home/pete/wefwefwef/docs/other/5510662499/gen_http_api-branch-master/gen_http_api"
$ infinity  `rebar --config '/home/pete/wefwefwef/docs/other/5510662499/gen_http_api-branch-master/rebar_deps' get-deps  2>&1`
$ cd "/home/pete/wefwefwef/docs/erldocs_other.git"
$ cd "/home/pete/wefwefwef/docs/other/5510662499/gen_http_api-branch-master/gen_http_api"
$ 5000  `find -P . -type l -delete  2>&1`
$ cd "/home/pete/wefwefwef/docs/erldocs_other.git"
$ cd "/home/pete/wefwefwef/docs/other/5510662499/gen_http_api-branch-master/gen_http_api"
$ 5000  `ls -1 deps/  2>&1`
$ cd "/home/pete/wefwefwef/docs/erldocs_other.git"
>>> [rebar] deps = ["cowboy","cowlib","jsx","lager","libuuid","ranch"]
 :: Generating erldocs into /home/pete/wefwefwef/docs/other/5510662499/repo/master
Building gen_http_api
Generating Type Specs - "/home/pete/wefwefwef/docs/other/5510662499/gen_http_api-branch-master/gen_http_api/src/gen_http_api.erl"
Generating Type Specs - "/home/pete/wefwefwef/docs/other/5510662499/gen_http_api-branch-master/gen_http_api/src/gen_http_api_converter.erl"
Generating XML for application gen_http_api "/home/pete/wefwefwef/docs/other/5510662499/gen_http_api-branch-master/gen_http_api" -> "/home/pete/wefwefwef/docs/other/5510662499/repo/master/.xml/gen_http_api"
Generated gen_http_api XMLs: ["/home/pete/wefwefwef/docs/other/5510662499/repo/master/.xml/gen_http_api/gen_http_api.xml",
                              "/home/pete/wefwefwef/docs/other/5510662499/repo/master/.xml/gen_http_api/gen_http_api_converter.xml"]
Generating HTML - gen_http_api_converter "/home/pete/wefwefwef/docs/other/5510662499/repo/master/.xml/gen_http_api/gen_http_api_converter.xml"
Reading XML for "/home/pete/wefwefwef/docs/other/5510662499/repo/master/.xml/gen_http_api/gen_http_api_converter.xml"
Reading XML for "/home/pete/wefwefwef/docs/other/5510662499/repo/master/.xml/specs_gen_http_api_converter.xml"
Generating HTML - gen_http_api "/home/pete/wefwefwef/docs/other/5510662499/repo/master/.xml/gen_http_api/gen_http_api.xml"
Reading XML for "/home/pete/wefwefwef/docs/other/5510662499/repo/master/.xml/gen_http_api/gen_http_api.xml"
Reading XML for "/home/pete/wefwefwef/docs/other/5510662499/repo/master/.xml/specs_gen_http_api.xml"
Creating index.html ...
Creating erldocs_index.js ...
Woot, finished in 0 Minutes 0 Seconds
 :: Discovering other repos
$ 5000  `rm -r '/home/pete/wefwefwef/docs/other/5510662499/gen_http_api-branch-master'  2>&1`
 :: Finishing up
$ 5000  `rm -r '/home/pete/wefwefwef/docs/other/5510662499/gen_http_api'  2>&1`
