 :: Extracting meta information
$ infinity  `git ls-remote --heads --tags 'https://github.com/madmicroscopist/erlang_scattering'  2>&1`
>>> [repo] 2 branches, 0 tags
WTF {ok,{{"HTTP/1.1",200,"OK"},
         [{"cache-control","max-age=300"},
          {"connection","keep-alive"},
          {"date","Sat, 10 Oct 2015 19:22:10 GMT"},
          {"via","1.1 varnish"},
          {"accept-ranges","bytes"},
          {"etag","\"311daf6b04134f20a32b4f8b0aadf9e5b7ce75cf\""},
          {"vary","Authorization,Accept-Encoding"},
          {"content-length","522"},
          {"content-type","text/plain; charset=utf-8"},
          {"expires","Sat, 10 Oct 2015 19:27:10 GMT"},
          {"content-security-policy","default-src 'none'"},
          {"x-xss-protection","1; mode=block"},
          {"x-frame-options","deny"},
          {"x-content-type-options","nosniff"},
          {"strict-transport-security","max-age=31536000"},
          {"x-served-by","cache-ams4134-AMS"},
          {"x-cache","MISS"},
          {"x-cache-hits","0"},
          {"access-control-allow-origin","*"},
          {"source-age","0"}],
         "{name,\"erlang_scattering\"}.\n{target_path,\"github.com/madmicroscopist/erlang_scattering\"}.\n{url,\"https://github.com/madmicroscopist/erlang_scattering\"}.\n{vsn_format,2}.\n{vsn_pass,1}.\n{time_begin,{{2015,9,21},{23,10,43}}}.\n{method,git}.\n{count_tags,0}.\n{count_branches,2}.\n{revisions,[{rev,branch,\"master\",\"1f2911180ff5ff21f7c501a1444a8533f32261db\",\n                 true,[],[]},\n            {rev,branch,\"work\",\"8c9bc5f86cab33e6bc23c17ffb50f0eebb9b12c7\",\n                 true,[],[]}]}.\n{time_end,{{2015,9,21},{23,10,46}}}.\n"}}
 :: Writing meta to "/home/pete/wefwefwef/docs/other/46047eff63cd7dd2185eb483d9a136dd4f20f26c/meta.txt"
 :: Skipping branch "work"
 :: Processing https://github.com/madmicroscopist/erlang_scattering	{rev,branch,"master","2ea8fb440741648ba5b1d50ef41f7b4aa9307507",undefined,[],[]}
 :: Fetching repo code
$ cd '/home/pete/wefwefwef/docs/other/46047eff63cd7dd2185eb483d9a136dd4f20f26c/erlang_scattering-branch-master'
$ infinity  `curl --fail --silent --show-error --location --output repo.tar.gz 'https://codeload.github.com/madmicroscopist/erlang_scattering/tar.gz/master'  2>&1`
$ cd '/home/pete/wefwefwef/docs/erldocs_other.git'
$ cd '/home/pete/wefwefwef/docs/other/46047eff63cd7dd2185eb483d9a136dd4f20f26c/erlang_scattering-branch-master/erlang_scattering-master'
$ 5000  `find -P . -type l -delete  2>&1`
$ cd '/home/pete/wefwefwef/docs/erldocs_other.git'
$ 5000  `mv '/home/pete/wefwefwef/docs/other/46047eff63cd7dd2185eb483d9a136dd4f20f26c/erlang_scattering-branch-master/erlang_scattering-master' '/home/pete/wefwefwef/docs/other/46047eff63cd7dd2185eb483d9a136dd4f20f26c/erlang_scattering-branch-master/erlang_scattering'  2>&1`
 :: Getting dependencies
$ cd '/home/pete/wefwefwef/docs/other/46047eff63cd7dd2185eb483d9a136dd4f20f26c/erlang_scattering-branch-master/erlang_scattering'
$ 5000  `ls -1 deps/  2>&1`
$ cd '/home/pete/wefwefwef/docs/erldocs_other.git'
>>> [rebar] deps = []
 :: Generating erldocs into /home/pete/wefwefwef/docs/other/46047eff63cd7dd2185eb483d9a136dd4f20f26c/repo/master
Building erlang_scattering
Generating Type Specs - "/home/pete/wefwefwef/docs/other/46047eff63cd7dd2185eb483d9a136dd4f20f26c/erlang_scattering-branch-master/erlang_scattering/src/cross_section.erl"
Generating Type Specs - "/home/pete/wefwefwef/docs/other/46047eff63cd7dd2185eb483d9a136dd4f20f26c/erlang_scattering-branch-master/erlang_scattering/src/electron.erl"
Generating Type Specs - "/home/pete/wefwefwef/docs/other/46047eff63cd7dd2185eb483d9a136dd4f20f26c/erlang_scattering-branch-master/erlang_scattering/src/main.erl"
Generating Type Specs - "/home/pete/wefwefwef/docs/other/46047eff63cd7dd2185eb483d9a136dd4f20f26c/erlang_scattering-branch-master/erlang_scattering/src/mixer.erl"
Generating Type Specs - "/home/pete/wefwefwef/docs/other/46047eff63cd7dd2185eb483d9a136dd4f20f26c/erlang_scattering-branch-master/erlang_scattering/src/probability.erl"
Generating Type Specs - "/home/pete/wefwefwef/docs/other/46047eff63cd7dd2185eb483d9a136dd4f20f26c/erlang_scattering-branch-master/erlang_scattering/src/searcher.erl"
Generating XML for application erlang_scattering "/home/pete/wefwefwef/docs/other/46047eff63cd7dd2185eb483d9a136dd4f20f26c/erlang_scattering-branch-master/erlang_scattering" -> "/home/pete/wefwefwef/docs/other/46047eff63cd7dd2185eb483d9a136dd4f20f26c/repo/master/.xml/erlang_scattering"
Generated erlang_scattering XMLs: ["/home/pete/wefwefwef/docs/other/46047eff63cd7dd2185eb483d9a136dd4f20f26c/repo/master/.xml/erlang_scattering/searcher.xml",
                                   "/home/pete/wefwefwef/docs/other/46047eff63cd7dd2185eb483d9a136dd4f20f26c/repo/master/.xml/erlang_scattering/mixer.xml",
                                   "/home/pete/wefwefwef/docs/other/46047eff63cd7dd2185eb483d9a136dd4f20f26c/repo/master/.xml/erlang_scattering/probability.xml",
                                   "/home/pete/wefwefwef/docs/other/46047eff63cd7dd2185eb483d9a136dd4f20f26c/repo/master/.xml/erlang_scattering/main.xml",
                                   "/home/pete/wefwefwef/docs/other/46047eff63cd7dd2185eb483d9a136dd4f20f26c/repo/master/.xml/erlang_scattering/cross_section.xml",
                                   "/home/pete/wefwefwef/docs/other/46047eff63cd7dd2185eb483d9a136dd4f20f26c/repo/master/.xml/erlang_scattering/electron.xml"]
Generating HTML - searcher "/home/pete/wefwefwef/docs/other/46047eff63cd7dd2185eb483d9a136dd4f20f26c/repo/master/.xml/erlang_scattering/searcher.xml"
Generating HTML - mixer "/home/pete/wefwefwef/docs/other/46047eff63cd7dd2185eb483d9a136dd4f20f26c/repo/master/.xml/erlang_scattering/mixer.xml"
Generating HTML - probability "/home/pete/wefwefwef/docs/other/46047eff63cd7dd2185eb483d9a136dd4f20f26c/repo/master/.xml/erlang_scattering/probability.xml"
Generating HTML - electron "/home/pete/wefwefwef/docs/other/46047eff63cd7dd2185eb483d9a136dd4f20f26c/repo/master/.xml/erlang_scattering/electron.xml"
Reading XML for "/home/pete/wefwefwef/docs/other/46047eff63cd7dd2185eb483d9a136dd4f20f26c/repo/master/.xml/erlang_scattering/searcher.xml"
Reading XML for "/home/pete/wefwefwef/docs/other/46047eff63cd7dd2185eb483d9a136dd4f20f26c/repo/master/.xml/erlang_scattering/mixer.xml"
Reading XML for "/home/pete/wefwefwef/docs/other/46047eff63cd7dd2185eb483d9a136dd4f20f26c/repo/master/.xml/erlang_scattering/probability.xml"
Reading XML for "/home/pete/wefwefwef/docs/other/46047eff63cd7dd2185eb483d9a136dd4f20f26c/repo/master/.xml/erlang_scattering/electron.xml"
Reading XML for "/home/pete/wefwefwef/docs/other/46047eff63cd7dd2185eb483d9a136dd4f20f26c/repo/master/.xml/specs_searcher.xml"
Reading XML for "/home/pete/wefwefwef/docs/other/46047eff63cd7dd2185eb483d9a136dd4f20f26c/repo/master/.xml/specs_electron.xml"
Reading XML for "/home/pete/wefwefwef/docs/other/46047eff63cd7dd2185eb483d9a136dd4f20f26c/repo/master/.xml/specs_probability.xml"
Reading XML for "/home/pete/wefwefwef/docs/other/46047eff63cd7dd2185eb483d9a136dd4f20f26c/repo/master/.xml/specs_mixer.xml"
Generating HTML - cross_section "/home/pete/wefwefwef/docs/other/46047eff63cd7dd2185eb483d9a136dd4f20f26c/repo/master/.xml/erlang_scattering/cross_section.xml"
Reading XML for "/home/pete/wefwefwef/docs/other/46047eff63cd7dd2185eb483d9a136dd4f20f26c/repo/master/.xml/erlang_scattering/cross_section.xml"
Reading XML for "/home/pete/wefwefwef/docs/other/46047eff63cd7dd2185eb483d9a136dd4f20f26c/repo/master/.xml/specs_cross_section.xml"
Generating HTML - main "/home/pete/wefwefwef/docs/other/46047eff63cd7dd2185eb483d9a136dd4f20f26c/repo/master/.xml/erlang_scattering/main.xml"
Reading XML for "/home/pete/wefwefwef/docs/other/46047eff63cd7dd2185eb483d9a136dd4f20f26c/repo/master/.xml/erlang_scattering/main.xml"
Reading XML for "/home/pete/wefwefwef/docs/other/46047eff63cd7dd2185eb483d9a136dd4f20f26c/repo/master/.xml/specs_main.xml"
Creating index.html ...
Creating erldocs_index.js ...
Woot, finished in 0 Minutes 0 Seconds
 :: Discovering other repos
$ 5000  `rm -r '/home/pete/wefwefwef/docs/other/46047eff63cd7dd2185eb483d9a136dd4f20f26c/erlang_scattering-branch-master'  2>&1`
 :: Finishing up
$ 5000  `rm -r '/home/pete/wefwefwef/docs/other/46047eff63cd7dd2185eb483d9a136dd4f20f26c/erlang_scattering'  2>&1`
