 :: Extracting meta information
$ 5000  `git ls-remote --heads --tags 'https://github.com/smarkets/smk_api_common'  2>&1`
>>> [repo] 1 branches, 58 tags
 :: Writing meta to "/home/pete/wefwefwef/docs/other/4635745323/meta.txt"
 :: Processing https://github.com/smarkets/smk_api_common	{rev,tag,"v0.7.6","bfe3baa428305ab1cacfde916e774ee54bb26eec",undefined,[],[]}
 :: Fetching repo code
$ cd "/home/pete/wefwefwef/docs/other/4635745323/smk_api_common-tag-v0.7.6/smk_api_common"
$ infinity  `curl --fail --silent --show-error --location --output 'v0.7.6.zip' 'https://github.com/smarkets/smk_api_common/archive/v0.7.6.zip'  2>&1`
$ cd "/home/pete/wefwefwef/docs/erldocs_other.git"
$ cd "/home/pete/wefwefwef/docs/other/4635745323/smk_api_common-tag-v0.7.6/smk_api_common"
$ 5000  `find -P . -type l -delete  2>&1`
$ cd "/home/pete/wefwefwef/docs/erldocs_other.git"
$ cd "/home/pete/wefwefwef/docs/other/4635745323/smk_api_common-tag-v0.7.6/smk_api_common"
$ 5000  `find 'smk_api_common-0.7.6' -mindepth 1 -maxdepth 1 -exec mv -t . -- {} +  2>&1`
$ cd "/home/pete/wefwefwef/docs/erldocs_other.git"
 :: Getting dependencies
$ cd "/home/pete/wefwefwef/docs/other/4635745323/smk_api_common-tag-v0.7.6/smk_api_common"
$ infinity  `rebar --config '/home/pete/wefwefwef/docs/other/4635745323/smk_api_common-tag-v0.7.6/rebar_deps' get-deps  2>&1`
$ cd "/home/pete/wefwefwef/docs/erldocs_other.git"
$ cd "/home/pete/wefwefwef/docs/other/4635745323/smk_api_common-tag-v0.7.6/smk_api_common"
$ 5000  `find -P . -type l -delete  2>&1`
$ cd "/home/pete/wefwefwef/docs/erldocs_other.git"
$ cd "/home/pete/wefwefwef/docs/other/4635745323/smk_api_common-tag-v0.7.6/smk_api_common"
$ 5000  `ls -1 deps/  2>&1`
$ cd "/home/pete/wefwefwef/docs/erldocs_other.git"
>>> [rebar] deps = []
 :: Generating erldocs into /home/pete/wefwefwef/docs/other/4635745323/repo/v0.7.6
Building smk_api_common
Generating XML for application smk_api_common "/home/pete/wefwefwef/docs/other/4635745323/smk_api_common-tag-v0.7.6/smk_api_common" -> "/home/pete/wefwefwef/docs/other/4635745323/repo/v0.7.6/.xml/smk_api_common"
Generated smk_api_common XMLs: []
No documentation was generated!
Woot, finished in 0 Minutes 0 Seconds
 :: Discovering other repos
$ 5000  `rm -r '/home/pete/wefwefwef/docs/other/4635745323/smk_api_common-tag-v0.7.6'  2>&1`
 :: Processing https://github.com/smarkets/smk_api_common	{rev,tag,"v0.7.7","6cd6211adb08b57034702d60abd149928936e147",undefined,[],[]}
 :: Fetching repo code
$ cd "/home/pete/wefwefwef/docs/other/4635745323/smk_api_common-tag-v0.7.7/smk_api_common"
$ infinity  `curl --fail --silent --show-error --location --output 'v0.7.7.zip' 'https://github.com/smarkets/smk_api_common/archive/v0.7.7.zip'  2>&1`
$ cd "/home/pete/wefwefwef/docs/erldocs_other.git"
$ cd "/home/pete/wefwefwef/docs/other/4635745323/smk_api_common-tag-v0.7.7/smk_api_common"
$ 5000  `find -P . -type l -delete  2>&1`
$ cd "/home/pete/wefwefwef/docs/erldocs_other.git"
$ cd "/home/pete/wefwefwef/docs/other/4635745323/smk_api_common-tag-v0.7.7/smk_api_common"
$ 5000  `find 'smk_api_common-0.7.7' -mindepth 1 -maxdepth 1 -exec mv -t . -- {} +  2>&1`
$ cd "/home/pete/wefwefwef/docs/erldocs_other.git"
 :: Getting dependencies
$ cd "/home/pete/wefwefwef/docs/other/4635745323/smk_api_common-tag-v0.7.7/smk_api_common"
$ infinity  `rebar --config '/home/pete/wefwefwef/docs/other/4635745323/smk_api_common-tag-v0.7.7/rebar_deps' get-deps  2>&1`
$ cd "/home/pete/wefwefwef/docs/erldocs_other.git"
$ cd "/home/pete/wefwefwef/docs/other/4635745323/smk_api_common-tag-v0.7.7/smk_api_common"
$ 5000  `find -P . -type l -delete  2>&1`
$ cd "/home/pete/wefwefwef/docs/erldocs_other.git"
$ cd "/home/pete/wefwefwef/docs/other/4635745323/smk_api_common-tag-v0.7.7/smk_api_common"
$ 5000  `ls -1 deps/  2>&1`
$ cd "/home/pete/wefwefwef/docs/erldocs_other.git"
>>> [rebar] deps = []
 :: Generating erldocs into /home/pete/wefwefwef/docs/other/4635745323/repo/v0.7.7
Building smk_api_common
Generating XML for application smk_api_common "/home/pete/wefwefwef/docs/other/4635745323/smk_api_common-tag-v0.7.7/smk_api_common" -> "/home/pete/wefwefwef/docs/other/4635745323/repo/v0.7.7/.xml/smk_api_common"
Generated smk_api_common XMLs: []
No documentation was generated!
Woot, finished in 0 Minutes 0 Seconds
 :: Discovering other repos
$ 5000  `rm -r '/home/pete/wefwefwef/docs/other/4635745323/smk_api_common-tag-v0.7.7'  2>&1`
 :: Processing https://github.com/smarkets/smk_api_common	{rev,tag,"v1.0.1","3fab784779f6d0d66978d16f75912968ca4c0673",undefined,[],[]}
 :: Fetching repo code
$ cd "/home/pete/wefwefwef/docs/other/4635745323/smk_api_common-tag-v1.0.1/smk_api_common"
$ infinity  `curl --fail --silent --show-error --location --output 'v1.0.1.zip' 'https://github.com/smarkets/smk_api_common/archive/v1.0.1.zip'  2>&1`
$ cd "/home/pete/wefwefwef/docs/erldocs_other.git"
$ cd "/home/pete/wefwefwef/docs/other/4635745323/smk_api_common-tag-v1.0.1/smk_api_common"
$ 5000  `find -P . -type l -delete  2>&1`
$ cd "/home/pete/wefwefwef/docs/erldocs_other.git"
$ cd "/home/pete/wefwefwef/docs/other/4635745323/smk_api_common-tag-v1.0.1/smk_api_common"
$ 5000  `find 'smk_api_common-1.0.1' -mindepth 1 -maxdepth 1 -exec mv -t . -- {} +  2>&1`
$ cd "/home/pete/wefwefwef/docs/erldocs_other.git"
 :: Getting dependencies
$ cd "/home/pete/wefwefwef/docs/other/4635745323/smk_api_common-tag-v1.0.1/smk_api_common"
$ infinity  `rebar --config '/home/pete/wefwefwef/docs/other/4635745323/smk_api_common-tag-v1.0.1/rebar_deps' get-deps  2>&1`
$ cd "/home/pete/wefwefwef/docs/erldocs_other.git"
$ cd "/home/pete/wefwefwef/docs/other/4635745323/smk_api_common-tag-v1.0.1/smk_api_common"
$ 5000  `find -P . -type l -delete  2>&1`
$ cd "/home/pete/wefwefwef/docs/erldocs_other.git"
$ cd "/home/pete/wefwefwef/docs/other/4635745323/smk_api_common-tag-v1.0.1/smk_api_common"
$ 5000  `ls -1 deps/  2>&1`
$ cd "/home/pete/wefwefwef/docs/erldocs_other.git"
>>> [rebar] deps = []
 :: Generating erldocs into /home/pete/wefwefwef/docs/other/4635745323/repo/v1.0.1
Building smk_api_common
Generating XML for application smk_api_common "/home/pete/wefwefwef/docs/other/4635745323/smk_api_common-tag-v1.0.1/smk_api_common" -> "/home/pete/wefwefwef/docs/other/4635745323/repo/v1.0.1/.xml/smk_api_common"
Generated smk_api_common XMLs: []
No documentation was generated!
Woot, finished in 0 Minutes 0 Seconds
 :: Discovering other repos
$ 5000  `rm -r '/home/pete/wefwefwef/docs/other/4635745323/smk_api_common-tag-v1.0.1'  2>&1`
 :: Processing https://github.com/smarkets/smk_api_common	{rev,tag,"v1.0.10","02ee1dd955b1559129d3b0ae1ab31ff896d11ff5",undefined,[],[]}
 :: Fetching repo code
$ cd "/home/pete/wefwefwef/docs/other/4635745323/smk_api_common-tag-v1.0.10/smk_api_common"
$ infinity  `curl --fail --silent --show-error --location --output 'v1.0.10.zip' 'https://github.com/smarkets/smk_api_common/archive/v1.0.10.zip'  2>&1`
$ cd "/home/pete/wefwefwef/docs/erldocs_other.git"
$ cd "/home/pete/wefwefwef/docs/other/4635745323/smk_api_common-tag-v1.0.10/smk_api_common"
$ 5000  `find -P . -type l -delete  2>&1`
$ cd "/home/pete/wefwefwef/docs/erldocs_other.git"
$ cd "/home/pete/wefwefwef/docs/other/4635745323/smk_api_common-tag-v1.0.10/smk_api_common"
$ 5000  `find 'smk_api_common-1.0.10' -mindepth 1 -maxdepth 1 -exec mv -t . -- {} +  2>&1`
$ cd "/home/pete/wefwefwef/docs/erldocs_other.git"
 :: Getting dependencies
$ cd "/home/pete/wefwefwef/docs/other/4635745323/smk_api_common-tag-v1.0.10/smk_api_common"
$ infinity  `rebar --config '/home/pete/wefwefwef/docs/other/4635745323/smk_api_common-tag-v1.0.10/rebar_deps' get-deps  2>&1`
$ cd "/home/pete/wefwefwef/docs/erldocs_other.git"
$ cd "/home/pete/wefwefwef/docs/other/4635745323/smk_api_common-tag-v1.0.10/smk_api_common"
$ 5000  `find -P . -type l -delete  2>&1`
$ cd "/home/pete/wefwefwef/docs/erldocs_other.git"
$ cd "/home/pete/wefwefwef/docs/other/4635745323/smk_api_common-tag-v1.0.10/smk_api_common"
$ 5000  `ls -1 deps/  2>&1`
$ cd "/home/pete/wefwefwef/docs/erldocs_other.git"
>>> [rebar] deps = []
 :: Generating erldocs into /home/pete/wefwefwef/docs/other/4635745323/repo/v1.0.10
Building smk_api_common
Generating XML for application smk_api_common "/home/pete/wefwefwef/docs/other/4635745323/smk_api_common-tag-v1.0.10/smk_api_common" -> "/home/pete/wefwefwef/docs/other/4635745323/repo/v1.0.10/.xml/smk_api_common"
Generated smk_api_common XMLs: []
No documentation was generated!
Woot, finished in 0 Minutes 0 Seconds
 :: Discovering other repos
$ 5000  `rm -r '/home/pete/wefwefwef/docs/other/4635745323/smk_api_common-tag-v1.0.10'  2>&1`
 :: Processing https://github.com/smarkets/smk_api_common	{rev,tag,"v1.0.11","e238d90d57114308d3ce6696c244fc01e5743690",undefined,[],[]}
 :: Fetching repo code
$ cd "/home/pete/wefwefwef/docs/other/4635745323/smk_api_common-tag-v1.0.11/smk_api_common"
$ infinity  `curl --fail --silent --show-error --location --output 'v1.0.11.zip' 'https://github.com/smarkets/smk_api_common/archive/v1.0.11.zip'  2>&1`
$ cd "/home/pete/wefwefwef/docs/erldocs_other.git"
$ cd "/home/pete/wefwefwef/docs/other/4635745323/smk_api_common-tag-v1.0.11/smk_api_common"
$ 5000  `find -P . -type l -delete  2>&1`
$ cd "/home/pete/wefwefwef/docs/erldocs_other.git"
$ cd "/home/pete/wefwefwef/docs/other/4635745323/smk_api_common-tag-v1.0.11/smk_api_common"
$ 5000  `find 'smk_api_common-1.0.11' -mindepth 1 -maxdepth 1 -exec mv -t . -- {} +  2>&1`
$ cd "/home/pete/wefwefwef/docs/erldocs_other.git"
 :: Getting dependencies
$ cd "/home/pete/wefwefwef/docs/other/4635745323/smk_api_common-tag-v1.0.11/smk_api_common"
$ infinity  `rebar --config '/home/pete/wefwefwef/docs/other/4635745323/smk_api_common-tag-v1.0.11/rebar_deps' get-deps  2>&1`
$ cd "/home/pete/wefwefwef/docs/erldocs_other.git"
$ cd "/home/pete/wefwefwef/docs/other/4635745323/smk_api_common-tag-v1.0.11/smk_api_common"
$ 5000  `find -P . -type l -delete  2>&1`
$ cd "/home/pete/wefwefwef/docs/erldocs_other.git"
$ cd "/home/pete/wefwefwef/docs/other/4635745323/smk_api_common-tag-v1.0.11/smk_api_common"
$ 5000  `ls -1 deps/  2>&1`
$ cd "/home/pete/wefwefwef/docs/erldocs_other.git"
>>> [rebar] deps = []
 :: Generating erldocs into /home/pete/wefwefwef/docs/other/4635745323/repo/v1.0.11
Building smk_api_common
Generating XML for application smk_api_common "/home/pete/wefwefwef/docs/other/4635745323/smk_api_common-tag-v1.0.11/smk_api_common" -> "/home/pete/wefwefwef/docs/other/4635745323/repo/v1.0.11/.xml/smk_api_common"
Generated smk_api_common XMLs: []
No documentation was generated!
Woot, finished in 0 Minutes 0 Seconds
 :: Discovering other repos
$ 5000  `rm -r '/home/pete/wefwefwef/docs/other/4635745323/smk_api_common-tag-v1.0.11'  2>&1`
 :: Processing https://github.com/smarkets/smk_api_common	{rev,tag,"v1.0.12","07167ddd501ab3e3868db146e01c11e1b5d123d0",undefined,[],[]}
 :: Fetching repo code
$ cd "/home/pete/wefwefwef/docs/other/4635745323/smk_api_common-tag-v1.0.12/smk_api_common"
$ infinity  `curl --fail --silent --show-error --location --output 'v1.0.12.zip' 'https://github.com/smarkets/smk_api_common/archive/v1.0.12.zip'  2>&1`
$ cd "/home/pete/wefwefwef/docs/erldocs_other.git"
$ cd "/home/pete/wefwefwef/docs/other/4635745323/smk_api_common-tag-v1.0.12/smk_api_common"
$ 5000  `find -P . -type l -delete  2>&1`
$ cd "/home/pete/wefwefwef/docs/erldocs_other.git"
$ cd "/home/pete/wefwefwef/docs/other/4635745323/smk_api_common-tag-v1.0.12/smk_api_common"
$ 5000  `find 'smk_api_common-1.0.12' -mindepth 1 -maxdepth 1 -exec mv -t . -- {} +  2>&1`
$ cd "/home/pete/wefwefwef/docs/erldocs_other.git"
 :: Getting dependencies
$ cd "/home/pete/wefwefwef/docs/other/4635745323/smk_api_common-tag-v1.0.12/smk_api_common"
$ infinity  `rebar --config '/home/pete/wefwefwef/docs/other/4635745323/smk_api_common-tag-v1.0.12/rebar_deps' get-deps  2>&1`
$ cd "/home/pete/wefwefwef/docs/erldocs_other.git"
$ cd "/home/pete/wefwefwef/docs/other/4635745323/smk_api_common-tag-v1.0.12/smk_api_common"
$ 5000  `find -P . -type l -delete  2>&1`
$ cd "/home/pete/wefwefwef/docs/erldocs_other.git"
$ cd "/home/pete/wefwefwef/docs/other/4635745323/smk_api_common-tag-v1.0.12/smk_api_common"
$ 5000  `ls -1 deps/  2>&1`
$ cd "/home/pete/wefwefwef/docs/erldocs_other.git"
>>> [rebar] deps = []
 :: Generating erldocs into /home/pete/wefwefwef/docs/other/4635745323/repo/v1.0.12
Building smk_api_common
Generating XML for application smk_api_common "/home/pete/wefwefwef/docs/other/4635745323/smk_api_common-tag-v1.0.12/smk_api_common" -> "/home/pete/wefwefwef/docs/other/4635745323/repo/v1.0.12/.xml/smk_api_common"
Generated smk_api_common XMLs: []
No documentation was generated!
Woot, finished in 0 Minutes 0 Seconds
 :: Discovering other repos
$ 5000  `rm -r '/home/pete/wefwefwef/docs/other/4635745323/smk_api_common-tag-v1.0.12'  2>&1`
 :: Processing https://github.com/smarkets/smk_api_common	{rev,tag,"v1.0.13","01e2a94df323380987b3ca62734e6af53c25882b",undefined,[],[]}
 :: Fetching repo code
$ cd "/home/pete/wefwefwef/docs/other/4635745323/smk_api_common-tag-v1.0.13/smk_api_common"
$ infinity  `curl --fail --silent --show-error --location --output 'v1.0.13.zip' 'https://github.com/smarkets/smk_api_common/archive/v1.0.13.zip'  2>&1`
$ cd "/home/pete/wefwefwef/docs/erldocs_other.git"
$ cd "/home/pete/wefwefwef/docs/other/4635745323/smk_api_common-tag-v1.0.13/smk_api_common"
$ 5000  `find -P . -type l -delete  2>&1`
$ cd "/home/pete/wefwefwef/docs/erldocs_other.git"
$ cd "/home/pete/wefwefwef/docs/other/4635745323/smk_api_common-tag-v1.0.13/smk_api_common"
$ 5000  `find 'smk_api_common-1.0.13' -mindepth 1 -maxdepth 1 -exec mv -t . -- {} +  2>&1`
$ cd "/home/pete/wefwefwef/docs/erldocs_other.git"
 :: Getting dependencies
$ cd "/home/pete/wefwefwef/docs/other/4635745323/smk_api_common-tag-v1.0.13/smk_api_common"
$ infinity  `rebar --config '/home/pete/wefwefwef/docs/other/4635745323/smk_api_common-tag-v1.0.13/rebar_deps' get-deps  2>&1`
$ cd "/home/pete/wefwefwef/docs/erldocs_other.git"
$ cd "/home/pete/wefwefwef/docs/other/4635745323/smk_api_common-tag-v1.0.13/smk_api_common"
$ 5000  `find -P . -type l -delete  2>&1`
$ cd "/home/pete/wefwefwef/docs/erldocs_other.git"
$ cd "/home/pete/wefwefwef/docs/other/4635745323/smk_api_common-tag-v1.0.13/smk_api_common"
$ 5000  `ls -1 deps/  2>&1`
$ cd "/home/pete/wefwefwef/docs/erldocs_other.git"
>>> [rebar] deps = []
 :: Generating erldocs into /home/pete/wefwefwef/docs/other/4635745323/repo/v1.0.13
Building smk_api_common
Generating XML for application smk_api_common "/home/pete/wefwefwef/docs/other/4635745323/smk_api_common-tag-v1.0.13/smk_api_common" -> "/home/pete/wefwefwef/docs/other/4635745323/repo/v1.0.13/.xml/smk_api_common"
Generated smk_api_common XMLs: []
No documentation was generated!
Woot, finished in 0 Minutes 0 Seconds
 :: Discovering other repos
$ 5000  `rm -r '/home/pete/wefwefwef/docs/other/4635745323/smk_api_common-tag-v1.0.13'  2>&1`
 :: Processing https://github.com/smarkets/smk_api_common	{rev,tag,"v1.0.14","a024f1825d2b8b240ae589aad91e2a93b9ab4fc1",undefined,[],[]}
 :: Fetching repo code
$ cd "/home/pete/wefwefwef/docs/other/4635745323/smk_api_common-tag-v1.0.14/smk_api_common"
$ infinity  `curl --fail --silent --show-error --location --output 'v1.0.14.zip' 'https://github.com/smarkets/smk_api_common/archive/v1.0.14.zip'  2>&1`
$ cd "/home/pete/wefwefwef/docs/erldocs_other.git"
$ cd "/home/pete/wefwefwef/docs/other/4635745323/smk_api_common-tag-v1.0.14/smk_api_common"
$ 5000  `find -P . -type l -delete  2>&1`
$ cd "/home/pete/wefwefwef/docs/erldocs_other.git"
$ cd "/home/pete/wefwefwef/docs/other/4635745323/smk_api_common-tag-v1.0.14/smk_api_common"
$ 5000  `find 'smk_api_common-1.0.14' -mindepth 1 -maxdepth 1 -exec mv -t . -- {} +  2>&1`
$ cd "/home/pete/wefwefwef/docs/erldocs_other.git"
 :: Getting dependencies
$ cd "/home/pete/wefwefwef/docs/other/4635745323/smk_api_common-tag-v1.0.14/smk_api_common"
$ infinity  `rebar --config '/home/pete/wefwefwef/docs/other/4635745323/smk_api_common-tag-v1.0.14/rebar_deps' get-deps  2>&1`
$ cd "/home/pete/wefwefwef/docs/erldocs_other.git"
$ cd "/home/pete/wefwefwef/docs/other/4635745323/smk_api_common-tag-v1.0.14/smk_api_common"
$ 5000  `find -P . -type l -delete  2>&1`
$ cd "/home/pete/wefwefwef/docs/erldocs_other.git"
$ cd "/home/pete/wefwefwef/docs/other/4635745323/smk_api_common-tag-v1.0.14/smk_api_common"
$ 5000  `ls -1 deps/  2>&1`
$ cd "/home/pete/wefwefwef/docs/erldocs_other.git"
>>> [rebar] deps = []
 :: Generating erldocs into /home/pete/wefwefwef/docs/other/4635745323/repo/v1.0.14
Building smk_api_common
Generating XML for application smk_api_common "/home/pete/wefwefwef/docs/other/4635745323/smk_api_common-tag-v1.0.14/smk_api_common" -> "/home/pete/wefwefwef/docs/other/4635745323/repo/v1.0.14/.xml/smk_api_common"
Generated smk_api_common XMLs: []
No documentation was generated!
Woot, finished in 0 Minutes 0 Seconds
 :: Discovering other repos
$ 5000  `rm -r '/home/pete/wefwefwef/docs/other/4635745323/smk_api_common-tag-v1.0.14'  2>&1`
 :: Processing https://github.com/smarkets/smk_api_common	{rev,tag,"v1.0.15","42b2f99689fc065f47fedb0e5ea5089b20c77b02",undefined,[],[]}
 :: Fetching repo code
$ cd "/home/pete/wefwefwef/docs/other/4635745323/smk_api_common-tag-v1.0.15/smk_api_common"
$ infinity  `curl --fail --silent --show-error --location --output 'v1.0.15.zip' 'https://github.com/smarkets/smk_api_common/archive/v1.0.15.zip'  2>&1`
$ cd "/home/pete/wefwefwef/docs/erldocs_other.git"
$ cd "/home/pete/wefwefwef/docs/other/4635745323/smk_api_common-tag-v1.0.15/smk_api_common"
$ 5000  `find -P . -type l -delete  2>&1`
$ cd "/home/pete/wefwefwef/docs/erldocs_other.git"
$ cd "/home/pete/wefwefwef/docs/other/4635745323/smk_api_common-tag-v1.0.15/smk_api_common"
$ 5000  `find 'smk_api_common-1.0.15' -mindepth 1 -maxdepth 1 -exec mv -t . -- {} +  2>&1`
$ cd "/home/pete/wefwefwef/docs/erldocs_other.git"
 :: Getting dependencies
$ cd "/home/pete/wefwefwef/docs/other/4635745323/smk_api_common-tag-v1.0.15/smk_api_common"
$ infinity  `rebar --config '/home/pete/wefwefwef/docs/other/4635745323/smk_api_common-tag-v1.0.15/rebar_deps' get-deps  2>&1`
$ cd "/home/pete/wefwefwef/docs/erldocs_other.git"
$ cd "/home/pete/wefwefwef/docs/other/4635745323/smk_api_common-tag-v1.0.15/smk_api_common"
$ 5000  `find -P . -type l -delete  2>&1`
$ cd "/home/pete/wefwefwef/docs/erldocs_other.git"
$ cd "/home/pete/wefwefwef/docs/other/4635745323/smk_api_common-tag-v1.0.15/smk_api_common"
$ 5000  `ls -1 deps/  2>&1`
$ cd "/home/pete/wefwefwef/docs/erldocs_other.git"
>>> [rebar] deps = []
 :: Generating erldocs into /home/pete/wefwefwef/docs/other/4635745323/repo/v1.0.15
Building smk_api_common
Generating XML for application smk_api_common "/home/pete/wefwefwef/docs/other/4635745323/smk_api_common-tag-v1.0.15/smk_api_common" -> "/home/pete/wefwefwef/docs/other/4635745323/repo/v1.0.15/.xml/smk_api_common"
Generated smk_api_common XMLs: []
No documentation was generated!
Woot, finished in 0 Minutes 0 Seconds
 :: Discovering other repos
$ 5000  `rm -r '/home/pete/wefwefwef/docs/other/4635745323/smk_api_common-tag-v1.0.15'  2>&1`
 :: Processing https://github.com/smarkets/smk_api_common	{rev,tag,"v1.0.17","3961d125ae1294bec9e6912562a506df3139c1e6",undefined,[],[]}
 :: Fetching repo code
$ cd "/home/pete/wefwefwef/docs/other/4635745323/smk_api_common-tag-v1.0.17/smk_api_common"
$ infinity  `curl --fail --silent --show-error --location --output 'v1.0.17.zip' 'https://github.com/smarkets/smk_api_common/archive/v1.0.17.zip'  2>&1`
$ cd "/home/pete/wefwefwef/docs/erldocs_other.git"
$ cd "/home/pete/wefwefwef/docs/other/4635745323/smk_api_common-tag-v1.0.17/smk_api_common"
$ 5000  `find -P . -type l -delete  2>&1`
$ cd "/home/pete/wefwefwef/docs/erldocs_other.git"
$ cd "/home/pete/wefwefwef/docs/other/4635745323/smk_api_common-tag-v1.0.17/smk_api_common"
$ 5000  `find 'smk_api_common-1.0.17' -mindepth 1 -maxdepth 1 -exec mv -t . -- {} +  2>&1`
$ cd "/home/pete/wefwefwef/docs/erldocs_other.git"
 :: Getting dependencies
$ cd "/home/pete/wefwefwef/docs/other/4635745323/smk_api_common-tag-v1.0.17/smk_api_common"
$ infinity  `rebar --config '/home/pete/wefwefwef/docs/other/4635745323/smk_api_common-tag-v1.0.17/rebar_deps' get-deps  2>&1`
$ cd "/home/pete/wefwefwef/docs/erldocs_other.git"
$ cd "/home/pete/wefwefwef/docs/other/4635745323/smk_api_common-tag-v1.0.17/smk_api_common"
$ 5000  `find -P . -type l -delete  2>&1`
$ cd "/home/pete/wefwefwef/docs/erldocs_other.git"
$ cd "/home/pete/wefwefwef/docs/other/4635745323/smk_api_common-tag-v1.0.17/smk_api_common"
$ 5000  `ls -1 deps/  2>&1`
$ cd "/home/pete/wefwefwef/docs/erldocs_other.git"
>>> [rebar] deps = []
 :: Generating erldocs into /home/pete/wefwefwef/docs/other/4635745323/repo/v1.0.17
Building smk_api_common
Generating XML for application smk_api_common "/home/pete/wefwefwef/docs/other/4635745323/smk_api_common-tag-v1.0.17/smk_api_common" -> "/home/pete/wefwefwef/docs/other/4635745323/repo/v1.0.17/.xml/smk_api_common"
Generated smk_api_common XMLs: []
No documentation was generated!
Woot, finished in 0 Minutes 0 Seconds
 :: Discovering other repos
$ 5000  `rm -r '/home/pete/wefwefwef/docs/other/4635745323/smk_api_common-tag-v1.0.17'  2>&1`
 :: Processing https://github.com/smarkets/smk_api_common	{rev,tag,"v1.0.2","b5501838fa2fbef0a17393ab7386738c66f4516e",undefined,[],[]}
 :: Fetching repo code
$ cd "/home/pete/wefwefwef/docs/other/4635745323/smk_api_common-tag-v1.0.2/smk_api_common"
$ infinity  `curl --fail --silent --show-error --location --output 'v1.0.2.zip' 'https://github.com/smarkets/smk_api_common/archive/v1.0.2.zip'  2>&1`
$ cd "/home/pete/wefwefwef/docs/erldocs_other.git"
$ cd "/home/pete/wefwefwef/docs/other/4635745323/smk_api_common-tag-v1.0.2/smk_api_common"
$ 5000  `find -P . -type l -delete  2>&1`
$ cd "/home/pete/wefwefwef/docs/erldocs_other.git"
$ cd "/home/pete/wefwefwef/docs/other/4635745323/smk_api_common-tag-v1.0.2/smk_api_common"
$ 5000  `find 'smk_api_common-1.0.2' -mindepth 1 -maxdepth 1 -exec mv -t . -- {} +  2>&1`
$ cd "/home/pete/wefwefwef/docs/erldocs_other.git"
 :: Getting dependencies
$ cd "/home/pete/wefwefwef/docs/other/4635745323/smk_api_common-tag-v1.0.2/smk_api_common"
$ infinity  `rebar --config '/home/pete/wefwefwef/docs/other/4635745323/smk_api_common-tag-v1.0.2/rebar_deps' get-deps  2>&1`
$ cd "/home/pete/wefwefwef/docs/erldocs_other.git"
$ cd "/home/pete/wefwefwef/docs/other/4635745323/smk_api_common-tag-v1.0.2/smk_api_common"
$ 5000  `find -P . -type l -delete  2>&1`
$ cd "/home/pete/wefwefwef/docs/erldocs_other.git"
$ cd "/home/pete/wefwefwef/docs/other/4635745323/smk_api_common-tag-v1.0.2/smk_api_common"
$ 5000  `ls -1 deps/  2>&1`
$ cd "/home/pete/wefwefwef/docs/erldocs_other.git"
>>> [rebar] deps = []
 :: Generating erldocs into /home/pete/wefwefwef/docs/other/4635745323/repo/v1.0.2
Building smk_api_common
Generating XML for application smk_api_common "/home/pete/wefwefwef/docs/other/4635745323/smk_api_common-tag-v1.0.2/smk_api_common" -> "/home/pete/wefwefwef/docs/other/4635745323/repo/v1.0.2/.xml/smk_api_common"
Generated smk_api_common XMLs: []
No documentation was generated!
Woot, finished in 0 Minutes 0 Seconds
 :: Discovering other repos
$ 5000  `rm -r '/home/pete/wefwefwef/docs/other/4635745323/smk_api_common-tag-v1.0.2'  2>&1`
 :: Processing https://github.com/smarkets/smk_api_common	{rev,tag,"v1.0.21","a35b6dea44e7794b2c3b443d34a80a4b4bfeb362",undefined,[],[]}
 :: Fetching repo code
$ cd "/home/pete/wefwefwef/docs/other/4635745323/smk_api_common-tag-v1.0.21/smk_api_common"
$ infinity  `curl --fail --silent --show-error --location --output 'v1.0.21.zip' 'https://github.com/smarkets/smk_api_common/archive/v1.0.21.zip'  2>&1`
$ cd "/home/pete/wefwefwef/docs/erldocs_other.git"
$ cd "/home/pete/wefwefwef/docs/other/4635745323/smk_api_common-tag-v1.0.21/smk_api_common"
$ 5000  `find -P . -type l -delete  2>&1`
$ cd "/home/pete/wefwefwef/docs/erldocs_other.git"
$ cd "/home/pete/wefwefwef/docs/other/4635745323/smk_api_common-tag-v1.0.21/smk_api_common"
$ 5000  `find 'smk_api_common-1.0.21' -mindepth 1 -maxdepth 1 -exec mv -t . -- {} +  2>&1`
$ cd "/home/pete/wefwefwef/docs/erldocs_other.git"
 :: Getting dependencies
$ cd "/home/pete/wefwefwef/docs/other/4635745323/smk_api_common-tag-v1.0.21/smk_api_common"
$ infinity  `rebar --config '/home/pete/wefwefwef/docs/other/4635745323/smk_api_common-tag-v1.0.21/rebar_deps' get-deps  2>&1`
$ cd "/home/pete/wefwefwef/docs/erldocs_other.git"
$ cd "/home/pete/wefwefwef/docs/other/4635745323/smk_api_common-tag-v1.0.21/smk_api_common"
$ 5000  `find -P . -type l -delete  2>&1`
$ cd "/home/pete/wefwefwef/docs/erldocs_other.git"
$ cd "/home/pete/wefwefwef/docs/other/4635745323/smk_api_common-tag-v1.0.21/smk_api_common"
$ 5000  `ls -1 deps/  2>&1`
$ cd "/home/pete/wefwefwef/docs/erldocs_other.git"
>>> [rebar] deps = []
 :: Generating erldocs into /home/pete/wefwefwef/docs/other/4635745323/repo/v1.0.21
Building smk_api_common
Generating XML for application smk_api_common "/home/pete/wefwefwef/docs/other/4635745323/smk_api_common-tag-v1.0.21/smk_api_common" -> "/home/pete/wefwefwef/docs/other/4635745323/repo/v1.0.21/.xml/smk_api_common"
Generated smk_api_common XMLs: []
No documentation was generated!
Woot, finished in 0 Minutes 0 Seconds
 :: Discovering other repos
$ 5000  `rm -r '/home/pete/wefwefwef/docs/other/4635745323/smk_api_common-tag-v1.0.21'  2>&1`
 :: Processing https://github.com/smarkets/smk_api_common	{rev,tag,"v1.0.22","d5c3ce937df555570ab9913ef1b0c019cdbc8a8b",undefined,[],[]}
 :: Fetching repo code
$ cd "/home/pete/wefwefwef/docs/other/4635745323/smk_api_common-tag-v1.0.22/smk_api_common"
$ infinity  `curl --fail --silent --show-error --location --output 'v1.0.22.zip' 'https://github.com/smarkets/smk_api_common/archive/v1.0.22.zip'  2>&1`
$ cd "/home/pete/wefwefwef/docs/erldocs_other.git"
$ cd "/home/pete/wefwefwef/docs/other/4635745323/smk_api_common-tag-v1.0.22/smk_api_common"
$ 5000  `find -P . -type l -delete  2>&1`
$ cd "/home/pete/wefwefwef/docs/erldocs_other.git"
$ cd "/home/pete/wefwefwef/docs/other/4635745323/smk_api_common-tag-v1.0.22/smk_api_common"
$ 5000  `find 'smk_api_common-1.0.22' -mindepth 1 -maxdepth 1 -exec mv -t . -- {} +  2>&1`
$ cd "/home/pete/wefwefwef/docs/erldocs_other.git"
 :: Getting dependencies
$ cd "/home/pete/wefwefwef/docs/other/4635745323/smk_api_common-tag-v1.0.22/smk_api_common"
$ infinity  `rebar --config '/home/pete/wefwefwef/docs/other/4635745323/smk_api_common-tag-v1.0.22/rebar_deps' get-deps  2>&1`
$ cd "/home/pete/wefwefwef/docs/erldocs_other.git"
$ cd "/home/pete/wefwefwef/docs/other/4635745323/smk_api_common-tag-v1.0.22/smk_api_common"
$ 5000  `find -P . -type l -delete  2>&1`
$ cd "/home/pete/wefwefwef/docs/erldocs_other.git"
$ cd "/home/pete/wefwefwef/docs/other/4635745323/smk_api_common-tag-v1.0.22/smk_api_common"
$ 5000  `ls -1 deps/  2>&1`
$ cd "/home/pete/wefwefwef/docs/erldocs_other.git"
>>> [rebar] deps = []
 :: Generating erldocs into /home/pete/wefwefwef/docs/other/4635745323/repo/v1.0.22
Building smk_api_common
Generating XML for application smk_api_common "/home/pete/wefwefwef/docs/other/4635745323/smk_api_common-tag-v1.0.22/smk_api_common" -> "/home/pete/wefwefwef/docs/other/4635745323/repo/v1.0.22/.xml/smk_api_common"
Generated smk_api_common XMLs: []
No documentation was generated!
Woot, finished in 0 Minutes 0 Seconds
 :: Discovering other repos
$ 5000  `rm -r '/home/pete/wefwefwef/docs/other/4635745323/smk_api_common-tag-v1.0.22'  2>&1`
 :: Processing https://github.com/smarkets/smk_api_common	{rev,tag,"v1.0.23","7b7aeea36d9137f4e4c9960568d23e7b3f92fdb1",undefined,[],[]}
 :: Fetching repo code
$ cd "/home/pete/wefwefwef/docs/other/4635745323/smk_api_common-tag-v1.0.23/smk_api_common"
$ infinity  `curl --fail --silent --show-error --location --output 'v1.0.23.zip' 'https://github.com/smarkets/smk_api_common/archive/v1.0.23.zip'  2>&1`
$ cd "/home/pete/wefwefwef/docs/erldocs_other.git"
$ cd "/home/pete/wefwefwef/docs/other/4635745323/smk_api_common-tag-v1.0.23/smk_api_common"
$ 5000  `find -P . -type l -delete  2>&1`
$ cd "/home/pete/wefwefwef/docs/erldocs_other.git"
$ cd "/home/pete/wefwefwef/docs/other/4635745323/smk_api_common-tag-v1.0.23/smk_api_common"
$ 5000  `find 'smk_api_common-1.0.23' -mindepth 1 -maxdepth 1 -exec mv -t . -- {} +  2>&1`
$ cd "/home/pete/wefwefwef/docs/erldocs_other.git"
 :: Getting dependencies
$ cd "/home/pete/wefwefwef/docs/other/4635745323/smk_api_common-tag-v1.0.23/smk_api_common"
$ infinity  `rebar --config '/home/pete/wefwefwef/docs/other/4635745323/smk_api_common-tag-v1.0.23/rebar_deps' get-deps  2>&1`
$ cd "/home/pete/wefwefwef/docs/erldocs_other.git"
$ cd "/home/pete/wefwefwef/docs/other/4635745323/smk_api_common-tag-v1.0.23/smk_api_common"
$ 5000  `find -P . -type l -delete  2>&1`
$ cd "/home/pete/wefwefwef/docs/erldocs_other.git"
$ cd "/home/pete/wefwefwef/docs/other/4635745323/smk_api_common-tag-v1.0.23/smk_api_common"
$ 5000  `ls -1 deps/  2>&1`
$ cd "/home/pete/wefwefwef/docs/erldocs_other.git"
>>> [rebar] deps = []
 :: Generating erldocs into /home/pete/wefwefwef/docs/other/4635745323/repo/v1.0.23
Building smk_api_common
Generating XML for application smk_api_common "/home/pete/wefwefwef/docs/other/4635745323/smk_api_common-tag-v1.0.23/smk_api_common" -> "/home/pete/wefwefwef/docs/other/4635745323/repo/v1.0.23/.xml/smk_api_common"
Generated smk_api_common XMLs: []
No documentation was generated!
Woot, finished in 0 Minutes 0 Seconds
 :: Discovering other repos
$ 5000  `rm -r '/home/pete/wefwefwef/docs/other/4635745323/smk_api_common-tag-v1.0.23'  2>&1`
 :: Processing https://github.com/smarkets/smk_api_common	{rev,tag,"v1.0.24","81a0cf12285b284087fb53ad8e1fe0da2056cc5f",undefined,[],[]}
 :: Fetching repo code
$ cd "/home/pete/wefwefwef/docs/other/4635745323/smk_api_common-tag-v1.0.24/smk_api_common"
$ infinity  `curl --fail --silent --show-error --location --output 'v1.0.24.zip' 'https://github.com/smarkets/smk_api_common/archive/v1.0.24.zip'  2>&1`
$ cd "/home/pete/wefwefwef/docs/erldocs_other.git"
$ cd "/home/pete/wefwefwef/docs/other/4635745323/smk_api_common-tag-v1.0.24/smk_api_common"
$ 5000  `find -P . -type l -delete  2>&1`
$ cd "/home/pete/wefwefwef/docs/erldocs_other.git"
$ cd "/home/pete/wefwefwef/docs/other/4635745323/smk_api_common-tag-v1.0.24/smk_api_common"
$ 5000  `find 'smk_api_common-1.0.24' -mindepth 1 -maxdepth 1 -exec mv -t . -- {} +  2>&1`
$ cd "/home/pete/wefwefwef/docs/erldocs_other.git"
 :: Getting dependencies
$ cd "/home/pete/wefwefwef/docs/other/4635745323/smk_api_common-tag-v1.0.24/smk_api_common"
$ infinity  `rebar --config '/home/pete/wefwefwef/docs/other/4635745323/smk_api_common-tag-v1.0.24/rebar_deps' get-deps  2>&1`
$ cd "/home/pete/wefwefwef/docs/erldocs_other.git"
$ cd "/home/pete/wefwefwef/docs/other/4635745323/smk_api_common-tag-v1.0.24/smk_api_common"
$ 5000  `find -P . -type l -delete  2>&1`
$ cd "/home/pete/wefwefwef/docs/erldocs_other.git"
$ cd "/home/pete/wefwefwef/docs/other/4635745323/smk_api_common-tag-v1.0.24/smk_api_common"
$ 5000  `ls -1 deps/  2>&1`
$ cd "/home/pete/wefwefwef/docs/erldocs_other.git"
>>> [rebar] deps = []
 :: Generating erldocs into /home/pete/wefwefwef/docs/other/4635745323/repo/v1.0.24
Building smk_api_common
Generating XML for application smk_api_common "/home/pete/wefwefwef/docs/other/4635745323/smk_api_common-tag-v1.0.24/smk_api_common" -> "/home/pete/wefwefwef/docs/other/4635745323/repo/v1.0.24/.xml/smk_api_common"
Generated smk_api_common XMLs: []
No documentation was generated!
Woot, finished in 0 Minutes 0 Seconds
 :: Discovering other repos
$ 5000  `rm -r '/home/pete/wefwefwef/docs/other/4635745323/smk_api_common-tag-v1.0.24'  2>&1`
 :: Processing https://github.com/smarkets/smk_api_common	{rev,tag,"v1.0.25","9a9b9b846a84639c546d7996a3f05af65ffc31a1",undefined,[],[]}
 :: Fetching repo code
$ cd "/home/pete/wefwefwef/docs/other/4635745323/smk_api_common-tag-v1.0.25/smk_api_common"
$ infinity  `curl --fail --silent --show-error --location --output 'v1.0.25.zip' 'https://github.com/smarkets/smk_api_common/archive/v1.0.25.zip'  2>&1`
$ cd "/home/pete/wefwefwef/docs/erldocs_other.git"
$ cd "/home/pete/wefwefwef/docs/other/4635745323/smk_api_common-tag-v1.0.25/smk_api_common"
$ 5000  `find -P . -type l -delete  2>&1`
$ cd "/home/pete/wefwefwef/docs/erldocs_other.git"
$ cd "/home/pete/wefwefwef/docs/other/4635745323/smk_api_common-tag-v1.0.25/smk_api_common"
$ 5000  `find 'smk_api_common-1.0.25' -mindepth 1 -maxdepth 1 -exec mv -t . -- {} +  2>&1`
$ cd "/home/pete/wefwefwef/docs/erldocs_other.git"
 :: Getting dependencies
$ cd "/home/pete/wefwefwef/docs/other/4635745323/smk_api_common-tag-v1.0.25/smk_api_common"
$ infinity  `rebar --config '/home/pete/wefwefwef/docs/other/4635745323/smk_api_common-tag-v1.0.25/rebar_deps' get-deps  2>&1`
$ cd "/home/pete/wefwefwef/docs/erldocs_other.git"
$ cd "/home/pete/wefwefwef/docs/other/4635745323/smk_api_common-tag-v1.0.25/smk_api_common"
$ 5000  `find -P . -type l -delete  2>&1`
$ cd "/home/pete/wefwefwef/docs/erldocs_other.git"
$ cd "/home/pete/wefwefwef/docs/other/4635745323/smk_api_common-tag-v1.0.25/smk_api_common"
$ 5000  `ls -1 deps/  2>&1`
$ cd "/home/pete/wefwefwef/docs/erldocs_other.git"
>>> [rebar] deps = []
 :: Generating erldocs into /home/pete/wefwefwef/docs/other/4635745323/repo/v1.0.25
Building smk_api_common
Generating XML for application smk_api_common "/home/pete/wefwefwef/docs/other/4635745323/smk_api_common-tag-v1.0.25/smk_api_common" -> "/home/pete/wefwefwef/docs/other/4635745323/repo/v1.0.25/.xml/smk_api_common"
Generated smk_api_common XMLs: []
No documentation was generated!
Woot, finished in 0 Minutes 0 Seconds
 :: Discovering other repos
$ 5000  `rm -r '/home/pete/wefwefwef/docs/other/4635745323/smk_api_common-tag-v1.0.25'  2>&1`
 :: Processing https://github.com/smarkets/smk_api_common	{rev,tag,"v1.0.26","e1cef2a6dc5f6255f343121523377480390a5d68",undefined,[],[]}
 :: Fetching repo code
$ cd "/home/pete/wefwefwef/docs/other/4635745323/smk_api_common-tag-v1.0.26/smk_api_common"
$ infinity  `curl --fail --silent --show-error --location --output 'v1.0.26.zip' 'https://github.com/smarkets/smk_api_common/archive/v1.0.26.zip'  2>&1`
$ cd "/home/pete/wefwefwef/docs/erldocs_other.git"
$ cd "/home/pete/wefwefwef/docs/other/4635745323/smk_api_common-tag-v1.0.26/smk_api_common"
$ 5000  `find -P . -type l -delete  2>&1`
$ cd "/home/pete/wefwefwef/docs/erldocs_other.git"
$ cd "/home/pete/wefwefwef/docs/other/4635745323/smk_api_common-tag-v1.0.26/smk_api_common"
$ 5000  `find 'smk_api_common-1.0.26' -mindepth 1 -maxdepth 1 -exec mv -t . -- {} +  2>&1`
$ cd "/home/pete/wefwefwef/docs/erldocs_other.git"
 :: Getting dependencies
$ cd "/home/pete/wefwefwef/docs/other/4635745323/smk_api_common-tag-v1.0.26/smk_api_common"
$ infinity  `rebar --config '/home/pete/wefwefwef/docs/other/4635745323/smk_api_common-tag-v1.0.26/rebar_deps' get-deps  2>&1`
$ cd "/home/pete/wefwefwef/docs/erldocs_other.git"
$ cd "/home/pete/wefwefwef/docs/other/4635745323/smk_api_common-tag-v1.0.26/smk_api_common"
$ 5000  `find -P . -type l -delete  2>&1`
$ cd "/home/pete/wefwefwef/docs/erldocs_other.git"
$ cd "/home/pete/wefwefwef/docs/other/4635745323/smk_api_common-tag-v1.0.26/smk_api_common"
$ 5000  `ls -1 deps/  2>&1`
$ cd "/home/pete/wefwefwef/docs/erldocs_other.git"
>>> [rebar] deps = []
 :: Generating erldocs into /home/pete/wefwefwef/docs/other/4635745323/repo/v1.0.26
Building smk_api_common
Generating XML for application smk_api_common "/home/pete/wefwefwef/docs/other/4635745323/smk_api_common-tag-v1.0.26/smk_api_common" -> "/home/pete/wefwefwef/docs/other/4635745323/repo/v1.0.26/.xml/smk_api_common"
Generated smk_api_common XMLs: []
No documentation was generated!
Woot, finished in 0 Minutes 0 Seconds
 :: Discovering other repos
$ 5000  `rm -r '/home/pete/wefwefwef/docs/other/4635745323/smk_api_common-tag-v1.0.26'  2>&1`
 :: Processing https://github.com/smarkets/smk_api_common	{rev,tag,"v1.0.4","d026a68ccbd80d3274d3086469d7e2ce241cb685",undefined,[],[]}
 :: Fetching repo code
$ cd "/home/pete/wefwefwef/docs/other/4635745323/smk_api_common-tag-v1.0.4/smk_api_common"
$ infinity  `curl --fail --silent --show-error --location --output 'v1.0.4.zip' 'https://github.com/smarkets/smk_api_common/archive/v1.0.4.zip'  2>&1`
$ cd "/home/pete/wefwefwef/docs/erldocs_other.git"
$ cd "/home/pete/wefwefwef/docs/other/4635745323/smk_api_common-tag-v1.0.4/smk_api_common"
$ 5000  `find -P . -type l -delete  2>&1`
$ cd "/home/pete/wefwefwef/docs/erldocs_other.git"
$ cd "/home/pete/wefwefwef/docs/other/4635745323/smk_api_common-tag-v1.0.4/smk_api_common"
$ 5000  `find 'smk_api_common-1.0.4' -mindepth 1 -maxdepth 1 -exec mv -t . -- {} +  2>&1`
$ cd "/home/pete/wefwefwef/docs/erldocs_other.git"
 :: Getting dependencies
$ cd "/home/pete/wefwefwef/docs/other/4635745323/smk_api_common-tag-v1.0.4/smk_api_common"
$ infinity  `rebar --config '/home/pete/wefwefwef/docs/other/4635745323/smk_api_common-tag-v1.0.4/rebar_deps' get-deps  2>&1`
$ cd "/home/pete/wefwefwef/docs/erldocs_other.git"
$ cd "/home/pete/wefwefwef/docs/other/4635745323/smk_api_common-tag-v1.0.4/smk_api_common"
$ 5000  `find -P . -type l -delete  2>&1`
$ cd "/home/pete/wefwefwef/docs/erldocs_other.git"
$ cd "/home/pete/wefwefwef/docs/other/4635745323/smk_api_common-tag-v1.0.4/smk_api_common"
$ 5000  `ls -1 deps/  2>&1`
$ cd "/home/pete/wefwefwef/docs/erldocs_other.git"
>>> [rebar] deps = []
 :: Generating erldocs into /home/pete/wefwefwef/docs/other/4635745323/repo/v1.0.4
Building smk_api_common
Generating XML for application smk_api_common "/home/pete/wefwefwef/docs/other/4635745323/smk_api_common-tag-v1.0.4/smk_api_common" -> "/home/pete/wefwefwef/docs/other/4635745323/repo/v1.0.4/.xml/smk_api_common"
Generated smk_api_common XMLs: []
No documentation was generated!
Woot, finished in 0 Minutes 0 Seconds
 :: Discovering other repos
$ 5000  `rm -r '/home/pete/wefwefwef/docs/other/4635745323/smk_api_common-tag-v1.0.4'  2>&1`
 :: Processing https://github.com/smarkets/smk_api_common	{rev,tag,"v1.0.7","1fa3e5880d328d4e5d39e1eea5db36a542140152",undefined,[],[]}
 :: Fetching repo code
$ cd "/home/pete/wefwefwef/docs/other/4635745323/smk_api_common-tag-v1.0.7/smk_api_common"
$ infinity  `curl --fail --silent --show-error --location --output 'v1.0.7.zip' 'https://github.com/smarkets/smk_api_common/archive/v1.0.7.zip'  2>&1`
$ cd "/home/pete/wefwefwef/docs/erldocs_other.git"
$ cd "/home/pete/wefwefwef/docs/other/4635745323/smk_api_common-tag-v1.0.7/smk_api_common"
$ 5000  `find -P . -type l -delete  2>&1`
$ cd "/home/pete/wefwefwef/docs/erldocs_other.git"
$ cd "/home/pete/wefwefwef/docs/other/4635745323/smk_api_common-tag-v1.0.7/smk_api_common"
$ 5000  `find 'smk_api_common-1.0.7' -mindepth 1 -maxdepth 1 -exec mv -t . -- {} +  2>&1`
$ cd "/home/pete/wefwefwef/docs/erldocs_other.git"
 :: Getting dependencies
$ cd "/home/pete/wefwefwef/docs/other/4635745323/smk_api_common-tag-v1.0.7/smk_api_common"
$ infinity  `rebar --config '/home/pete/wefwefwef/docs/other/4635745323/smk_api_common-tag-v1.0.7/rebar_deps' get-deps  2>&1`
$ cd "/home/pete/wefwefwef/docs/erldocs_other.git"
$ cd "/home/pete/wefwefwef/docs/other/4635745323/smk_api_common-tag-v1.0.7/smk_api_common"
$ 5000  `find -P . -type l -delete  2>&1`
$ cd "/home/pete/wefwefwef/docs/erldocs_other.git"
$ cd "/home/pete/wefwefwef/docs/other/4635745323/smk_api_common-tag-v1.0.7/smk_api_common"
$ 5000  `ls -1 deps/  2>&1`
$ cd "/home/pete/wefwefwef/docs/erldocs_other.git"
>>> [rebar] deps = []
 :: Generating erldocs into /home/pete/wefwefwef/docs/other/4635745323/repo/v1.0.7
Building smk_api_common
Generating XML for application smk_api_common "/home/pete/wefwefwef/docs/other/4635745323/smk_api_common-tag-v1.0.7/smk_api_common" -> "/home/pete/wefwefwef/docs/other/4635745323/repo/v1.0.7/.xml/smk_api_common"
Generated smk_api_common XMLs: []
No documentation was generated!
Woot, finished in 0 Minutes 0 Seconds
 :: Discovering other repos
$ 5000  `rm -r '/home/pete/wefwefwef/docs/other/4635745323/smk_api_common-tag-v1.0.7'  2>&1`
 :: Processing https://github.com/smarkets/smk_api_common	{rev,tag,"v1.0.8","fea44bb7228a353d0b3b71e1e8289d91933bc01d",undefined,[],[]}
 :: Fetching repo code
$ cd "/home/pete/wefwefwef/docs/other/4635745323/smk_api_common-tag-v1.0.8/smk_api_common"
$ infinity  `curl --fail --silent --show-error --location --output 'v1.0.8.zip' 'https://github.com/smarkets/smk_api_common/archive/v1.0.8.zip'  2>&1`
$ cd "/home/pete/wefwefwef/docs/erldocs_other.git"
$ cd "/home/pete/wefwefwef/docs/other/4635745323/smk_api_common-tag-v1.0.8/smk_api_common"
$ 5000  `find -P . -type l -delete  2>&1`
$ cd "/home/pete/wefwefwef/docs/erldocs_other.git"
$ cd "/home/pete/wefwefwef/docs/other/4635745323/smk_api_common-tag-v1.0.8/smk_api_common"
$ 5000  `find 'smk_api_common-1.0.8' -mindepth 1 -maxdepth 1 -exec mv -t . -- {} +  2>&1`
$ cd "/home/pete/wefwefwef/docs/erldocs_other.git"
 :: Getting dependencies
$ cd "/home/pete/wefwefwef/docs/other/4635745323/smk_api_common-tag-v1.0.8/smk_api_common"
$ infinity  `rebar --config '/home/pete/wefwefwef/docs/other/4635745323/smk_api_common-tag-v1.0.8/rebar_deps' get-deps  2>&1`
$ cd "/home/pete/wefwefwef/docs/erldocs_other.git"
$ cd "/home/pete/wefwefwef/docs/other/4635745323/smk_api_common-tag-v1.0.8/smk_api_common"
$ 5000  `find -P . -type l -delete  2>&1`
$ cd "/home/pete/wefwefwef/docs/erldocs_other.git"
$ cd "/home/pete/wefwefwef/docs/other/4635745323/smk_api_common-tag-v1.0.8/smk_api_common"
$ 5000  `ls -1 deps/  2>&1`
$ cd "/home/pete/wefwefwef/docs/erldocs_other.git"
>>> [rebar] deps = []
 :: Generating erldocs into /home/pete/wefwefwef/docs/other/4635745323/repo/v1.0.8
Building smk_api_common
Generating XML for application smk_api_common "/home/pete/wefwefwef/docs/other/4635745323/smk_api_common-tag-v1.0.8/smk_api_common" -> "/home/pete/wefwefwef/docs/other/4635745323/repo/v1.0.8/.xml/smk_api_common"
Generated smk_api_common XMLs: []
No documentation was generated!
Woot, finished in 0 Minutes 0 Seconds
 :: Discovering other repos
$ 5000  `rm -r '/home/pete/wefwefwef/docs/other/4635745323/smk_api_common-tag-v1.0.8'  2>&1`
 :: Processing https://github.com/smarkets/smk_api_common	{rev,tag,"v1.0.9","0d20861f5ba7027b0fe5b84ee8735b1426c61986",undefined,[],[]}
 :: Fetching repo code
$ cd "/home/pete/wefwefwef/docs/other/4635745323/smk_api_common-tag-v1.0.9/smk_api_common"
$ infinity  `curl --fail --silent --show-error --location --output 'v1.0.9.zip' 'https://github.com/smarkets/smk_api_common/archive/v1.0.9.zip'  2>&1`
$ cd "/home/pete/wefwefwef/docs/erldocs_other.git"
$ cd "/home/pete/wefwefwef/docs/other/4635745323/smk_api_common-tag-v1.0.9/smk_api_common"
$ 5000  `find -P . -type l -delete  2>&1`
$ cd "/home/pete/wefwefwef/docs/erldocs_other.git"
$ cd "/home/pete/wefwefwef/docs/other/4635745323/smk_api_common-tag-v1.0.9/smk_api_common"
$ 5000  `find 'smk_api_common-1.0.9' -mindepth 1 -maxdepth 1 -exec mv -t . -- {} +  2>&1`
$ cd "/home/pete/wefwefwef/docs/erldocs_other.git"
 :: Getting dependencies
$ cd "/home/pete/wefwefwef/docs/other/4635745323/smk_api_common-tag-v1.0.9/smk_api_common"
$ infinity  `rebar --config '/home/pete/wefwefwef/docs/other/4635745323/smk_api_common-tag-v1.0.9/rebar_deps' get-deps  2>&1`
$ cd "/home/pete/wefwefwef/docs/erldocs_other.git"
$ cd "/home/pete/wefwefwef/docs/other/4635745323/smk_api_common-tag-v1.0.9/smk_api_common"
$ 5000  `find -P . -type l -delete  2>&1`
$ cd "/home/pete/wefwefwef/docs/erldocs_other.git"
$ cd "/home/pete/wefwefwef/docs/other/4635745323/smk_api_common-tag-v1.0.9/smk_api_common"
$ 5000  `ls -1 deps/  2>&1`
$ cd "/home/pete/wefwefwef/docs/erldocs_other.git"
>>> [rebar] deps = []
 :: Generating erldocs into /home/pete/wefwefwef/docs/other/4635745323/repo/v1.0.9
Building smk_api_common
Generating XML for application smk_api_common "/home/pete/wefwefwef/docs/other/4635745323/smk_api_common-tag-v1.0.9/smk_api_common" -> "/home/pete/wefwefwef/docs/other/4635745323/repo/v1.0.9/.xml/smk_api_common"
Generated smk_api_common XMLs: []
No documentation was generated!
Woot, finished in 0 Minutes 0 Seconds
 :: Discovering other repos
$ 5000  `rm -r '/home/pete/wefwefwef/docs/other/4635745323/smk_api_common-tag-v1.0.9'  2>&1`
 :: Processing https://github.com/smarkets/smk_api_common	{rev,tag,"0.1-alpha","0c12c4e2687ccecbb777bc522717b1d368f3fcfe",undefined,[],[]}
 :: Fetching repo code
$ cd "/home/pete/wefwefwef/docs/other/4635745323/smk_api_common-tag-0.1-alpha/smk_api_common"
$ infinity  `curl --fail --silent --show-error --location --output '0.1-alpha.zip' 'https://github.com/smarkets/smk_api_common/archive/0.1-alpha.zip'  2>&1`
$ cd "/home/pete/wefwefwef/docs/erldocs_other.git"
$ cd "/home/pete/wefwefwef/docs/other/4635745323/smk_api_common-tag-0.1-alpha/smk_api_common"
$ 5000  `find -P . -type l -delete  2>&1`
$ cd "/home/pete/wefwefwef/docs/erldocs_other.git"
$ cd "/home/pete/wefwefwef/docs/other/4635745323/smk_api_common-tag-0.1-alpha/smk_api_common"
$ 5000  `find 'smk_api_common-0.1-alpha' -mindepth 1 -maxdepth 1 -exec mv -t . -- {} +  2>&1`
$ cd "/home/pete/wefwefwef/docs/erldocs_other.git"
 :: Getting dependencies
$ cd "/home/pete/wefwefwef/docs/other/4635745323/smk_api_common-tag-0.1-alpha/smk_api_common"
$ infinity  `rebar --config '/home/pete/wefwefwef/docs/other/4635745323/smk_api_common-tag-0.1-alpha/rebar_deps' get-deps  2>&1`
$ cd "/home/pete/wefwefwef/docs/erldocs_other.git"
$ cd "/home/pete/wefwefwef/docs/other/4635745323/smk_api_common-tag-0.1-alpha/smk_api_common"
$ 5000  `find -P . -type l -delete  2>&1`
$ cd "/home/pete/wefwefwef/docs/erldocs_other.git"
$ cd "/home/pete/wefwefwef/docs/other/4635745323/smk_api_common-tag-0.1-alpha/smk_api_common"
$ 5000  `ls -1 deps/  2>&1`
$ cd "/home/pete/wefwefwef/docs/erldocs_other.git"
>>> [rebar] deps = ["erlydtl","eto_common","eunit_formatters","jsx","merl",
                    "smk_api_docs"]
 :: Generating erldocs into /home/pete/wefwefwef/docs/other/4635745323/repo/0.1-alpha
Building smk_api_common
Generating XML for application smk_api_common "/home/pete/wefwefwef/docs/other/4635745323/smk_api_common-tag-0.1-alpha/smk_api_common" -> "/home/pete/wefwefwef/docs/other/4635745323/repo/0.1-alpha/.xml/smk_api_common"
/home/pete/wefwefwef/docs/other/4635745323/smk_api_common-tag-0.1-alpha/smk_api_common/deps/jsx/src/jsx_consult.erl, function opts/1: at line 61: @spec arity does not match.
edoc: skipping source file '/home/pete/wefwefwef/docs/other/4635745323/smk_api_common-tag-0.1-alpha/smk_api_common/deps/jsx/src/jsx_consult.erl': {'EXIT',
                                                                                                                                             error}.
/home/pete/wefwefwef/docs/other/4635745323/smk_api_common-tag-0.1-alpha/smk_api_common/deps/jsx/src/jsx.erl, function encode/1: at line 69: multiple @spec tag.
edoc: skipping source file '/home/pete/wefwefwef/docs/other/4635745323/smk_api_common-tag-0.1-alpha/smk_api_common/deps/jsx/src/jsx.erl': {'EXIT',
                                                                                                                                     error}.
/home/pete/wefwefwef/docs/other/4635745323/smk_api_common-tag-0.1-alpha/smk_api_common/deps/merl/examples/basic_test.erl: at line 24: undefined macro 'MODULE'
edoc: skipping source file '/home/pete/wefwefwef/docs/other/4635745323/smk_api_common-tag-0.1-alpha/smk_api_common/deps/merl/examples/basic_test.erl': {'EXIT',
                                                                                                                                                  error}.
/home/pete/wefwefwef/docs/other/4635745323/smk_api_common-tag-0.1-alpha/smk_api_common/deps/merl/examples/lisp_test.erl: at line 24: undefined macro 'MODULE'
edoc: skipping source file '/home/pete/wefwefwef/docs/other/4635745323/smk_api_common-tag-0.1-alpha/smk_api_common/deps/merl/examples/lisp_test.erl': {'EXIT',
                                                                                                                                                 error}.
2990- fatal: {invalid_name,"<\"111\""}
/home/pete/wefwefwef/docs/other/4635745323/smk_api_common-tag-0.1-alpha/smk_api_common/deps/erlydtl/src/i18n/sources_parser.erl, in module header: at line 4: error in XML parser: {fatal,{{invalid_name,"<\"111\""},
                             {file,file_name_unknown},
                             {line,8},
                             {col,9}}}.
edoc: skipping source file '/home/pete/wefwefwef/docs/other/4635745323/smk_api_common-tag-0.1-alpha/smk_api_common/deps/erlydtl/src/i18n/sources_parser.erl': {'EXIT',
                                                                                                                                                         error}.
/home/pete/wefwefwef/docs/other/4635745323/smk_api_common-tag-0.1-alpha/smk_api_common/deps/erlydtl/src/erlydtl.erl, in module header: at line 7: multiple @copyright tag.
/home/pete/wefwefwef/docs/other/4635745323/smk_api_common-tag-0.1-alpha/smk_api_common/deps/erlydtl/src/erlydtl.erl, in module header: at line 36: multiple @since tag.
edoc: skipping source file '/home/pete/wefwefwef/docs/other/4635745323/smk_api_common-tag-0.1-alpha/smk_api_common/deps/erlydtl/src/erlydtl.erl': {'EXIT',
                                                                                                                                             error}.
/home/pete/wefwefwef/docs/other/4635745323/smk_api_common-tag-0.1-alpha/smk_api_common/deps/erlydtl/src/erlydtl_compiler_utils.erl, in module header: at line 7: multiple @copyright tag.
/home/pete/wefwefwef/docs/other/4635745323/smk_api_common-tag-0.1-alpha/smk_api_common/deps/erlydtl/src/erlydtl_compiler_utils.erl, in module header: at line 36: multiple @since tag.
edoc: skipping source file '/home/pete/wefwefwef/docs/other/4635745323/smk_api_common-tag-0.1-alpha/smk_api_common/deps/erlydtl/src/erlydtl_compiler_utils.erl': {'EXIT',
                                                                                                                                                            error}.
/home/pete/wefwefwef/docs/other/4635745323/smk_api_common-tag-0.1-alpha/smk_api_common/deps/erlydtl/src/erlydtl_compiler.erl, in module header: at line 7: multiple @copyright tag.
/home/pete/wefwefwef/docs/other/4635745323/smk_api_common-tag-0.1-alpha/smk_api_common/deps/erlydtl/src/erlydtl_compiler.erl, in module header: at line 36: multiple @since tag.
edoc: skipping source file '/home/pete/wefwefwef/docs/other/4635745323/smk_api_common-tag-0.1-alpha/smk_api_common/deps/erlydtl/src/erlydtl_compiler.erl': {'EXIT',
                                                                                                                                                      error}.
/home/pete/wefwefwef/docs/other/4635745323/smk_api_common-tag-0.1-alpha/smk_api_common/deps/erlydtl/src/erlydtl_beam_compiler.erl, in module header: at line 7: multiple @copyright tag.
/home/pete/wefwefwef/docs/other/4635745323/smk_api_common-tag-0.1-alpha/smk_api_common/deps/erlydtl/src/erlydtl_beam_compiler.erl, in module header: at line 36: multiple @since tag.
edoc: skipping source file '/home/pete/wefwefwef/docs/other/4635745323/smk_api_common-tag-0.1-alpha/smk_api_common/deps/erlydtl/src/erlydtl_beam_compiler.erl': {'EXIT',
                                                                                                                                                           error}.
/home/pete/wefwefwef/docs/other/4635745323/smk_api_common-tag-0.1-alpha/smk_api_common/deps/erlydtl/test/sources_parser_tests.erl: at line 4: can't find include file "include/erlydtl_ext.hrl"
edoc: skipping source file '/home/pete/wefwefwef/docs/other/4635745323/smk_api_common-tag-0.1-alpha/smk_api_common/deps/erlydtl/test/sources_parser_tests.erl': {'EXIT',
                                                                                                                                                           error}.
edoc: error in doclet 'edoc_doclet': {'EXIT',error}.
Error generating smk_api_common XMLs. Using fallback ...
No documentation was generated!
Woot, finished in 0 Minutes 3 Seconds
 :: Discovering other repos
$ 5000  `rm -r '/home/pete/wefwefwef/docs/other/4635745323/smk_api_common-tag-0.1-alpha'  2>&1`
 :: Processing https://github.com/smarkets/smk_api_common	{rev,tag,"v0.2.0","395f4f86b6deda197e96f953b4c6b08db5451d99",undefined,[],[]}
 :: Fetching repo code
$ cd "/home/pete/wefwefwef/docs/other/4635745323/smk_api_common-tag-v0.2.0/smk_api_common"
$ infinity  `curl --fail --silent --show-error --location --output 'v0.2.0.zip' 'https://github.com/smarkets/smk_api_common/archive/v0.2.0.zip'  2>&1`
$ cd "/home/pete/wefwefwef/docs/erldocs_other.git"
$ cd "/home/pete/wefwefwef/docs/other/4635745323/smk_api_common-tag-v0.2.0/smk_api_common"
$ 5000  `find -P . -type l -delete  2>&1`
$ cd "/home/pete/wefwefwef/docs/erldocs_other.git"
$ cd "/home/pete/wefwefwef/docs/other/4635745323/smk_api_common-tag-v0.2.0/smk_api_common"
$ 5000  `find 'smk_api_common-0.2.0' -mindepth 1 -maxdepth 1 -exec mv -t . -- {} +  2>&1`
$ cd "/home/pete/wefwefwef/docs/erldocs_other.git"
 :: Getting dependencies
$ cd "/home/pete/wefwefwef/docs/other/4635745323/smk_api_common-tag-v0.2.0/smk_api_common"
$ infinity  `rebar --config '/home/pete/wefwefwef/docs/other/4635745323/smk_api_common-tag-v0.2.0/rebar_deps' get-deps  2>&1`
$ cd "/home/pete/wefwefwef/docs/erldocs_other.git"
$ cd "/home/pete/wefwefwef/docs/other/4635745323/smk_api_common-tag-v0.2.0/smk_api_common"
$ 5000  `find -P . -type l -delete  2>&1`
$ cd "/home/pete/wefwefwef/docs/erldocs_other.git"
$ cd "/home/pete/wefwefwef/docs/other/4635745323/smk_api_common-tag-v0.2.0/smk_api_common"
$ 5000  `ls -1 deps/  2>&1`
$ cd "/home/pete/wefwefwef/docs/erldocs_other.git"
>>> [rebar] deps = ["eto_common"]
 :: Generating erldocs into /home/pete/wefwefwef/docs/other/4635745323/repo/v0.2.0
Building smk_api_common
Generating XML for application smk_api_common "/home/pete/wefwefwef/docs/other/4635745323/smk_api_common-tag-v0.2.0/smk_api_common" -> "/home/pete/wefwefwef/docs/other/4635745323/repo/v0.2.0/.xml/smk_api_common"
Generated smk_api_common XMLs: []
No documentation was generated!
Woot, finished in 0 Minutes 0 Seconds
 :: Discovering other repos
$ 5000  `rm -r '/home/pete/wefwefwef/docs/other/4635745323/smk_api_common-tag-v0.2.0'  2>&1`
 :: Processing https://github.com/smarkets/smk_api_common	{rev,tag,"v0.2.1","68567b56a3a374ec875cd6283ed1a0f17bf477c1",undefined,[],[]}
 :: Fetching repo code
$ cd "/home/pete/wefwefwef/docs/other/4635745323/smk_api_common-tag-v0.2.1/smk_api_common"
$ infinity  `curl --fail --silent --show-error --location --output 'v0.2.1.zip' 'https://github.com/smarkets/smk_api_common/archive/v0.2.1.zip'  2>&1`
$ cd "/home/pete/wefwefwef/docs/erldocs_other.git"
$ cd "/home/pete/wefwefwef/docs/other/4635745323/smk_api_common-tag-v0.2.1/smk_api_common"
$ 5000  `find -P . -type l -delete  2>&1`
$ cd "/home/pete/wefwefwef/docs/erldocs_other.git"
$ cd "/home/pete/wefwefwef/docs/other/4635745323/smk_api_common-tag-v0.2.1/smk_api_common"
$ 5000  `find 'smk_api_common-0.2.1' -mindepth 1 -maxdepth 1 -exec mv -t . -- {} +  2>&1`
$ cd "/home/pete/wefwefwef/docs/erldocs_other.git"
 :: Getting dependencies
$ cd "/home/pete/wefwefwef/docs/other/4635745323/smk_api_common-tag-v0.2.1/smk_api_common"
$ infinity  `rebar --config '/home/pete/wefwefwef/docs/other/4635745323/smk_api_common-tag-v0.2.1/rebar_deps' get-deps  2>&1`
$ cd "/home/pete/wefwefwef/docs/erldocs_other.git"
$ cd "/home/pete/wefwefwef/docs/other/4635745323/smk_api_common-tag-v0.2.1/smk_api_common"
$ 5000  `find -P . -type l -delete  2>&1`
$ cd "/home/pete/wefwefwef/docs/erldocs_other.git"
$ cd "/home/pete/wefwefwef/docs/other/4635745323/smk_api_common-tag-v0.2.1/smk_api_common"
$ 5000  `ls -1 deps/  2>&1`
$ cd "/home/pete/wefwefwef/docs/erldocs_other.git"
>>> [rebar] deps = ["eto_common"]
 :: Generating erldocs into /home/pete/wefwefwef/docs/other/4635745323/repo/v0.2.1
Building smk_api_common
Generating XML for application smk_api_common "/home/pete/wefwefwef/docs/other/4635745323/smk_api_common-tag-v0.2.1/smk_api_common" -> "/home/pete/wefwefwef/docs/other/4635745323/repo/v0.2.1/.xml/smk_api_common"
Generated smk_api_common XMLs: []
No documentation was generated!
Woot, finished in 0 Minutes 0 Seconds
 :: Discovering other repos
$ 5000  `rm -r '/home/pete/wefwefwef/docs/other/4635745323/smk_api_common-tag-v0.2.1'  2>&1`
 :: Processing https://github.com/smarkets/smk_api_common	{rev,tag,"v0.3.0","867ebc921e27c8730d6f241a40cb659e76091f82",undefined,[],[]}
 :: Fetching repo code
$ cd "/home/pete/wefwefwef/docs/other/4635745323/smk_api_common-tag-v0.3.0/smk_api_common"
$ infinity  `curl --fail --silent --show-error --location --output 'v0.3.0.zip' 'https://github.com/smarkets/smk_api_common/archive/v0.3.0.zip'  2>&1`
$ cd "/home/pete/wefwefwef/docs/erldocs_other.git"
$ cd "/home/pete/wefwefwef/docs/other/4635745323/smk_api_common-tag-v0.3.0/smk_api_common"
$ 5000  `find -P . -type l -delete  2>&1`
$ cd "/home/pete/wefwefwef/docs/erldocs_other.git"
$ cd "/home/pete/wefwefwef/docs/other/4635745323/smk_api_common-tag-v0.3.0/smk_api_common"
$ 5000  `find 'smk_api_common-0.3.0' -mindepth 1 -maxdepth 1 -exec mv -t . -- {} +  2>&1`
$ cd "/home/pete/wefwefwef/docs/erldocs_other.git"
 :: Getting dependencies
$ cd "/home/pete/wefwefwef/docs/other/4635745323/smk_api_common-tag-v0.3.0/smk_api_common"
$ infinity  `rebar --config '/home/pete/wefwefwef/docs/other/4635745323/smk_api_common-tag-v0.3.0/rebar_deps' get-deps  2>&1`
$ cd "/home/pete/wefwefwef/docs/erldocs_other.git"
$ cd "/home/pete/wefwefwef/docs/other/4635745323/smk_api_common-tag-v0.3.0/smk_api_common"
$ 5000  `find -P . -type l -delete  2>&1`
$ cd "/home/pete/wefwefwef/docs/erldocs_other.git"
$ cd "/home/pete/wefwefwef/docs/other/4635745323/smk_api_common-tag-v0.3.0/smk_api_common"
$ 5000  `ls -1 deps/  2>&1`
$ cd "/home/pete/wefwefwef/docs/erldocs_other.git"
>>> [rebar] deps = ["eto_common"]
 :: Generating erldocs into /home/pete/wefwefwef/docs/other/4635745323/repo/v0.3.0
Building smk_api_common
Generating XML for application smk_api_common "/home/pete/wefwefwef/docs/other/4635745323/smk_api_common-tag-v0.3.0/smk_api_common" -> "/home/pete/wefwefwef/docs/other/4635745323/repo/v0.3.0/.xml/smk_api_common"
Generated smk_api_common XMLs: []
No documentation was generated!
Woot, finished in 0 Minutes 0 Seconds
 :: Discovering other repos
$ 5000  `rm -r '/home/pete/wefwefwef/docs/other/4635745323/smk_api_common-tag-v0.3.0'  2>&1`
 :: Processing https://github.com/smarkets/smk_api_common	{rev,tag,"v0.3.1","7f0e48ef66bca2dd95eaf24fc2c6b28287b83048",undefined,[],[]}
 :: Fetching repo code
$ cd "/home/pete/wefwefwef/docs/other/4635745323/smk_api_common-tag-v0.3.1/smk_api_common"
$ infinity  `curl --fail --silent --show-error --location --output 'v0.3.1.zip' 'https://github.com/smarkets/smk_api_common/archive/v0.3.1.zip'  2>&1`
$ cd "/home/pete/wefwefwef/docs/erldocs_other.git"
$ cd "/home/pete/wefwefwef/docs/other/4635745323/smk_api_common-tag-v0.3.1/smk_api_common"
$ 5000  `find -P . -type l -delete  2>&1`
$ cd "/home/pete/wefwefwef/docs/erldocs_other.git"
$ cd "/home/pete/wefwefwef/docs/other/4635745323/smk_api_common-tag-v0.3.1/smk_api_common"
$ 5000  `find 'smk_api_common-0.3.1' -mindepth 1 -maxdepth 1 -exec mv -t . -- {} +  2>&1`
$ cd "/home/pete/wefwefwef/docs/erldocs_other.git"
 :: Getting dependencies
$ cd "/home/pete/wefwefwef/docs/other/4635745323/smk_api_common-tag-v0.3.1/smk_api_common"
$ infinity  `rebar --config '/home/pete/wefwefwef/docs/other/4635745323/smk_api_common-tag-v0.3.1/rebar_deps' get-deps  2>&1`
$ cd "/home/pete/wefwefwef/docs/erldocs_other.git"
$ cd "/home/pete/wefwefwef/docs/other/4635745323/smk_api_common-tag-v0.3.1/smk_api_common"
$ 5000  `find -P . -type l -delete  2>&1`
$ cd "/home/pete/wefwefwef/docs/erldocs_other.git"
$ cd "/home/pete/wefwefwef/docs/other/4635745323/smk_api_common-tag-v0.3.1/smk_api_common"
$ 5000  `ls -1 deps/  2>&1`
$ cd "/home/pete/wefwefwef/docs/erldocs_other.git"
>>> [rebar] deps = ["eto_common"]
 :: Generating erldocs into /home/pete/wefwefwef/docs/other/4635745323/repo/v0.3.1
Building smk_api_common
Generating XML for application smk_api_common "/home/pete/wefwefwef/docs/other/4635745323/smk_api_common-tag-v0.3.1/smk_api_common" -> "/home/pete/wefwefwef/docs/other/4635745323/repo/v0.3.1/.xml/smk_api_common"
Generated smk_api_common XMLs: []
No documentation was generated!
Woot, finished in 0 Minutes 0 Seconds
 :: Discovering other repos
$ 5000  `rm -r '/home/pete/wefwefwef/docs/other/4635745323/smk_api_common-tag-v0.3.1'  2>&1`
 :: Processing https://github.com/smarkets/smk_api_common	{rev,tag,"v0.3.2","9299378b4ce51aca465f4ae7a861bf98259dd712",undefined,[],[]}
 :: Fetching repo code
$ cd "/home/pete/wefwefwef/docs/other/4635745323/smk_api_common-tag-v0.3.2/smk_api_common"
$ infinity  `curl --fail --silent --show-error --location --output 'v0.3.2.zip' 'https://github.com/smarkets/smk_api_common/archive/v0.3.2.zip'  2>&1`
$ cd "/home/pete/wefwefwef/docs/erldocs_other.git"
$ cd "/home/pete/wefwefwef/docs/other/4635745323/smk_api_common-tag-v0.3.2/smk_api_common"
$ 5000  `find -P . -type l -delete  2>&1`
$ cd "/home/pete/wefwefwef/docs/erldocs_other.git"
$ cd "/home/pete/wefwefwef/docs/other/4635745323/smk_api_common-tag-v0.3.2/smk_api_common"
$ 5000  `find 'smk_api_common-0.3.2' -mindepth 1 -maxdepth 1 -exec mv -t . -- {} +  2>&1`
$ cd "/home/pete/wefwefwef/docs/erldocs_other.git"
 :: Getting dependencies
$ cd "/home/pete/wefwefwef/docs/other/4635745323/smk_api_common-tag-v0.3.2/smk_api_common"
$ infinity  `rebar --config '/home/pete/wefwefwef/docs/other/4635745323/smk_api_common-tag-v0.3.2/rebar_deps' get-deps  2>&1`
$ cd "/home/pete/wefwefwef/docs/erldocs_other.git"
$ cd "/home/pete/wefwefwef/docs/other/4635745323/smk_api_common-tag-v0.3.2/smk_api_common"
$ 5000  `find -P . -type l -delete  2>&1`
$ cd "/home/pete/wefwefwef/docs/erldocs_other.git"
$ cd "/home/pete/wefwefwef/docs/other/4635745323/smk_api_common-tag-v0.3.2/smk_api_common"
$ 5000  `ls -1 deps/  2>&1`
$ cd "/home/pete/wefwefwef/docs/erldocs_other.git"
>>> [rebar] deps = ["eto_common"]
 :: Generating erldocs into /home/pete/wefwefwef/docs/other/4635745323/repo/v0.3.2
Building smk_api_common
Generating XML for application smk_api_common "/home/pete/wefwefwef/docs/other/4635745323/smk_api_common-tag-v0.3.2/smk_api_common" -> "/home/pete/wefwefwef/docs/other/4635745323/repo/v0.3.2/.xml/smk_api_common"
Generated smk_api_common XMLs: []
No documentation was generated!
Woot, finished in 0 Minutes 0 Seconds
 :: Discovering other repos
$ 5000  `rm -r '/home/pete/wefwefwef/docs/other/4635745323/smk_api_common-tag-v0.3.2'  2>&1`
 :: Processing https://github.com/smarkets/smk_api_common	{rev,tag,"v0.4.0","a2658e82cbcd39f48957a531067d8b76c50709c2",undefined,[],[]}
 :: Fetching repo code
$ cd "/home/pete/wefwefwef/docs/other/4635745323/smk_api_common-tag-v0.4.0/smk_api_common"
$ infinity  `curl --fail --silent --show-error --location --output 'v0.4.0.zip' 'https://github.com/smarkets/smk_api_common/archive/v0.4.0.zip'  2>&1`
$ cd "/home/pete/wefwefwef/docs/erldocs_other.git"
$ cd "/home/pete/wefwefwef/docs/other/4635745323/smk_api_common-tag-v0.4.0/smk_api_common"
$ 5000  `find -P . -type l -delete  2>&1`
$ cd "/home/pete/wefwefwef/docs/erldocs_other.git"
$ cd "/home/pete/wefwefwef/docs/other/4635745323/smk_api_common-tag-v0.4.0/smk_api_common"
$ 5000  `find 'smk_api_common-0.4.0' -mindepth 1 -maxdepth 1 -exec mv -t . -- {} +  2>&1`
$ cd "/home/pete/wefwefwef/docs/erldocs_other.git"
 :: Getting dependencies
$ cd "/home/pete/wefwefwef/docs/other/4635745323/smk_api_common-tag-v0.4.0/smk_api_common"
$ infinity  `rebar --config '/home/pete/wefwefwef/docs/other/4635745323/smk_api_common-tag-v0.4.0/rebar_deps' get-deps  2>&1`
$ cd "/home/pete/wefwefwef/docs/erldocs_other.git"
$ cd "/home/pete/wefwefwef/docs/other/4635745323/smk_api_common-tag-v0.4.0/smk_api_common"
$ 5000  `find -P . -type l -delete  2>&1`
$ cd "/home/pete/wefwefwef/docs/erldocs_other.git"
$ cd "/home/pete/wefwefwef/docs/other/4635745323/smk_api_common-tag-v0.4.0/smk_api_common"
$ 5000  `ls -1 deps/  2>&1`
$ cd "/home/pete/wefwefwef/docs/erldocs_other.git"
>>> [rebar] deps = ["eto_common"]
 :: Generating erldocs into /home/pete/wefwefwef/docs/other/4635745323/repo/v0.4.0
Building smk_api_common
Generating XML for application smk_api_common "/home/pete/wefwefwef/docs/other/4635745323/smk_api_common-tag-v0.4.0/smk_api_common" -> "/home/pete/wefwefwef/docs/other/4635745323/repo/v0.4.0/.xml/smk_api_common"
Generated smk_api_common XMLs: []
No documentation was generated!
Woot, finished in 0 Minutes 0 Seconds
 :: Discovering other repos
$ 5000  `rm -r '/home/pete/wefwefwef/docs/other/4635745323/smk_api_common-tag-v0.4.0'  2>&1`
 :: Processing https://github.com/smarkets/smk_api_common	{rev,tag,"v0.4.1","7ea8e00cef8b199a9e19b472cd16bbf2c4cd6846",undefined,[],[]}
 :: Fetching repo code
$ cd "/home/pete/wefwefwef/docs/other/4635745323/smk_api_common-tag-v0.4.1/smk_api_common"
$ infinity  `curl --fail --silent --show-error --location --output 'v0.4.1.zip' 'https://github.com/smarkets/smk_api_common/archive/v0.4.1.zip'  2>&1`
$ cd "/home/pete/wefwefwef/docs/erldocs_other.git"
$ cd "/home/pete/wefwefwef/docs/other/4635745323/smk_api_common-tag-v0.4.1/smk_api_common"
$ 5000  `find -P . -type l -delete  2>&1`
$ cd "/home/pete/wefwefwef/docs/erldocs_other.git"
$ cd "/home/pete/wefwefwef/docs/other/4635745323/smk_api_common-tag-v0.4.1/smk_api_common"
$ 5000  `find 'smk_api_common-0.4.1' -mindepth 1 -maxdepth 1 -exec mv -t . -- {} +  2>&1`
$ cd "/home/pete/wefwefwef/docs/erldocs_other.git"
 :: Getting dependencies
$ cd "/home/pete/wefwefwef/docs/other/4635745323/smk_api_common-tag-v0.4.1/smk_api_common"
$ infinity  `rebar --config '/home/pete/wefwefwef/docs/other/4635745323/smk_api_common-tag-v0.4.1/rebar_deps' get-deps  2>&1`
$ cd "/home/pete/wefwefwef/docs/erldocs_other.git"
$ cd "/home/pete/wefwefwef/docs/other/4635745323/smk_api_common-tag-v0.4.1/smk_api_common"
$ 5000  `find -P . -type l -delete  2>&1`
$ cd "/home/pete/wefwefwef/docs/erldocs_other.git"
$ cd "/home/pete/wefwefwef/docs/other/4635745323/smk_api_common-tag-v0.4.1/smk_api_common"
$ 5000  `ls -1 deps/  2>&1`
$ cd "/home/pete/wefwefwef/docs/erldocs_other.git"
>>> [rebar] deps = ["eto_common"]
 :: Generating erldocs into /home/pete/wefwefwef/docs/other/4635745323/repo/v0.4.1
Building smk_api_common
Generating XML for application smk_api_common "/home/pete/wefwefwef/docs/other/4635745323/smk_api_common-tag-v0.4.1/smk_api_common" -> "/home/pete/wefwefwef/docs/other/4635745323/repo/v0.4.1/.xml/smk_api_common"
Generated smk_api_common XMLs: []
No documentation was generated!
Woot, finished in 0 Minutes 0 Seconds
 :: Discovering other repos
$ 5000  `rm -r '/home/pete/wefwefwef/docs/other/4635745323/smk_api_common-tag-v0.4.1'  2>&1`
 :: Processing https://github.com/smarkets/smk_api_common	{rev,tag,"v0.4.2","9d44279f62e282d9e55a267b9fdc4b65e2824983",undefined,[],[]}
 :: Fetching repo code
$ cd "/home/pete/wefwefwef/docs/other/4635745323/smk_api_common-tag-v0.4.2/smk_api_common"
$ infinity  `curl --fail --silent --show-error --location --output 'v0.4.2.zip' 'https://github.com/smarkets/smk_api_common/archive/v0.4.2.zip'  2>&1`
$ cd "/home/pete/wefwefwef/docs/erldocs_other.git"
$ cd "/home/pete/wefwefwef/docs/other/4635745323/smk_api_common-tag-v0.4.2/smk_api_common"
$ 5000  `find -P . -type l -delete  2>&1`
$ cd "/home/pete/wefwefwef/docs/erldocs_other.git"
$ cd "/home/pete/wefwefwef/docs/other/4635745323/smk_api_common-tag-v0.4.2/smk_api_common"
$ 5000  `find 'smk_api_common-0.4.2' -mindepth 1 -maxdepth 1 -exec mv -t . -- {} +  2>&1`
$ cd "/home/pete/wefwefwef/docs/erldocs_other.git"
 :: Getting dependencies
$ cd "/home/pete/wefwefwef/docs/other/4635745323/smk_api_common-tag-v0.4.2/smk_api_common"
$ infinity  `rebar --config '/home/pete/wefwefwef/docs/other/4635745323/smk_api_common-tag-v0.4.2/rebar_deps' get-deps  2>&1`
$ cd "/home/pete/wefwefwef/docs/erldocs_other.git"
$ cd "/home/pete/wefwefwef/docs/other/4635745323/smk_api_common-tag-v0.4.2/smk_api_common"
$ 5000  `find -P . -type l -delete  2>&1`
$ cd "/home/pete/wefwefwef/docs/erldocs_other.git"
$ cd "/home/pete/wefwefwef/docs/other/4635745323/smk_api_common-tag-v0.4.2/smk_api_common"
$ 5000  `ls -1 deps/  2>&1`
$ cd "/home/pete/wefwefwef/docs/erldocs_other.git"
>>> [rebar] deps = ["eto_common"]
 :: Generating erldocs into /home/pete/wefwefwef/docs/other/4635745323/repo/v0.4.2
Building smk_api_common
Generating XML for application smk_api_common "/home/pete/wefwefwef/docs/other/4635745323/smk_api_common-tag-v0.4.2/smk_api_common" -> "/home/pete/wefwefwef/docs/other/4635745323/repo/v0.4.2/.xml/smk_api_common"
Generated smk_api_common XMLs: []
No documentation was generated!
Woot, finished in 0 Minutes 0 Seconds
 :: Discovering other repos
$ 5000  `rm -r '/home/pete/wefwefwef/docs/other/4635745323/smk_api_common-tag-v0.4.2'  2>&1`
 :: Processing https://github.com/smarkets/smk_api_common	{rev,tag,"v0.5.0","2108c7919f4425584c8c96e347a6c12f658d59b7",undefined,[],[]}
 :: Fetching repo code
$ cd "/home/pete/wefwefwef/docs/other/4635745323/smk_api_common-tag-v0.5.0/smk_api_common"
$ infinity  `curl --fail --silent --show-error --location --output 'v0.5.0.zip' 'https://github.com/smarkets/smk_api_common/archive/v0.5.0.zip'  2>&1`
$ cd "/home/pete/wefwefwef/docs/erldocs_other.git"
$ cd "/home/pete/wefwefwef/docs/other/4635745323/smk_api_common-tag-v0.5.0/smk_api_common"
$ 5000  `find -P . -type l -delete  2>&1`
$ cd "/home/pete/wefwefwef/docs/erldocs_other.git"
$ cd "/home/pete/wefwefwef/docs/other/4635745323/smk_api_common-tag-v0.5.0/smk_api_common"
$ 5000  `find 'smk_api_common-0.5.0' -mindepth 1 -maxdepth 1 -exec mv -t . -- {} +  2>&1`
$ cd "/home/pete/wefwefwef/docs/erldocs_other.git"
 :: Getting dependencies
$ cd "/home/pete/wefwefwef/docs/other/4635745323/smk_api_common-tag-v0.5.0/smk_api_common"
$ infinity  `rebar --config '/home/pete/wefwefwef/docs/other/4635745323/smk_api_common-tag-v0.5.0/rebar_deps' get-deps  2>&1`
$ cd "/home/pete/wefwefwef/docs/erldocs_other.git"
$ cd "/home/pete/wefwefwef/docs/other/4635745323/smk_api_common-tag-v0.5.0/smk_api_common"
$ 5000  `find -P . -type l -delete  2>&1`
$ cd "/home/pete/wefwefwef/docs/erldocs_other.git"
$ cd "/home/pete/wefwefwef/docs/other/4635745323/smk_api_common-tag-v0.5.0/smk_api_common"
$ 5000  `ls -1 deps/  2>&1`
$ cd "/home/pete/wefwefwef/docs/erldocs_other.git"
>>> [rebar] deps = ["eto_common"]
 :: Generating erldocs into /home/pete/wefwefwef/docs/other/4635745323/repo/v0.5.0
Building smk_api_common
Generating XML for application smk_api_common "/home/pete/wefwefwef/docs/other/4635745323/smk_api_common-tag-v0.5.0/smk_api_common" -> "/home/pete/wefwefwef/docs/other/4635745323/repo/v0.5.0/.xml/smk_api_common"
Generated smk_api_common XMLs: []
No documentation was generated!
Woot, finished in 0 Minutes 0 Seconds
 :: Discovering other repos
$ 5000  `rm -r '/home/pete/wefwefwef/docs/other/4635745323/smk_api_common-tag-v0.5.0'  2>&1`
 :: Processing https://github.com/smarkets/smk_api_common	{rev,tag,"v0.6.0","277b8a3444a0fd1ba9661f1aea421063bf778dc7",undefined,[],[]}
 :: Fetching repo code
$ cd "/home/pete/wefwefwef/docs/other/4635745323/smk_api_common-tag-v0.6.0/smk_api_common"
$ infinity  `curl --fail --silent --show-error --location --output 'v0.6.0.zip' 'https://github.com/smarkets/smk_api_common/archive/v0.6.0.zip'  2>&1`
$ cd "/home/pete/wefwefwef/docs/erldocs_other.git"
$ cd "/home/pete/wefwefwef/docs/other/4635745323/smk_api_common-tag-v0.6.0/smk_api_common"
$ 5000  `find -P . -type l -delete  2>&1`
$ cd "/home/pete/wefwefwef/docs/erldocs_other.git"
$ cd "/home/pete/wefwefwef/docs/other/4635745323/smk_api_common-tag-v0.6.0/smk_api_common"
$ 5000  `find 'smk_api_common-0.6.0' -mindepth 1 -maxdepth 1 -exec mv -t . -- {} +  2>&1`
$ cd "/home/pete/wefwefwef/docs/erldocs_other.git"
 :: Getting dependencies
$ cd "/home/pete/wefwefwef/docs/other/4635745323/smk_api_common-tag-v0.6.0/smk_api_common"
$ infinity  `rebar --config '/home/pete/wefwefwef/docs/other/4635745323/smk_api_common-tag-v0.6.0/rebar_deps' get-deps  2>&1`
$ cd "/home/pete/wefwefwef/docs/erldocs_other.git"
$ cd "/home/pete/wefwefwef/docs/other/4635745323/smk_api_common-tag-v0.6.0/smk_api_common"
$ 5000  `find -P . -type l -delete  2>&1`
$ cd "/home/pete/wefwefwef/docs/erldocs_other.git"
$ cd "/home/pete/wefwefwef/docs/other/4635745323/smk_api_common-tag-v0.6.0/smk_api_common"
$ 5000  `ls -1 deps/  2>&1`
$ cd "/home/pete/wefwefwef/docs/erldocs_other.git"
>>> [rebar] deps = []
 :: Generating erldocs into /home/pete/wefwefwef/docs/other/4635745323/repo/v0.6.0
Building smk_api_common
Generating XML for application smk_api_common "/home/pete/wefwefwef/docs/other/4635745323/smk_api_common-tag-v0.6.0/smk_api_common" -> "/home/pete/wefwefwef/docs/other/4635745323/repo/v0.6.0/.xml/smk_api_common"
Generated smk_api_common XMLs: []
No documentation was generated!
Woot, finished in 0 Minutes 0 Seconds
 :: Discovering other repos
$ 5000  `rm -r '/home/pete/wefwefwef/docs/other/4635745323/smk_api_common-tag-v0.6.0'  2>&1`
 :: Processing https://github.com/smarkets/smk_api_common	{rev,tag,"v0.6.1","45566cd33129053bc7ab8d5d407fe3003934f2c9",undefined,[],[]}
 :: Fetching repo code
$ cd "/home/pete/wefwefwef/docs/other/4635745323/smk_api_common-tag-v0.6.1/smk_api_common"
$ infinity  `curl --fail --silent --show-error --location --output 'v0.6.1.zip' 'https://github.com/smarkets/smk_api_common/archive/v0.6.1.zip'  2>&1`
$ cd "/home/pete/wefwefwef/docs/erldocs_other.git"
$ cd "/home/pete/wefwefwef/docs/other/4635745323/smk_api_common-tag-v0.6.1/smk_api_common"
$ 5000  `find -P . -type l -delete  2>&1`
$ cd "/home/pete/wefwefwef/docs/erldocs_other.git"
$ cd "/home/pete/wefwefwef/docs/other/4635745323/smk_api_common-tag-v0.6.1/smk_api_common"
$ 5000  `find 'smk_api_common-0.6.1' -mindepth 1 -maxdepth 1 -exec mv -t . -- {} +  2>&1`
$ cd "/home/pete/wefwefwef/docs/erldocs_other.git"
 :: Getting dependencies
$ cd "/home/pete/wefwefwef/docs/other/4635745323/smk_api_common-tag-v0.6.1/smk_api_common"
$ infinity  `rebar --config '/home/pete/wefwefwef/docs/other/4635745323/smk_api_common-tag-v0.6.1/rebar_deps' get-deps  2>&1`
$ cd "/home/pete/wefwefwef/docs/erldocs_other.git"
$ cd "/home/pete/wefwefwef/docs/other/4635745323/smk_api_common-tag-v0.6.1/smk_api_common"
$ 5000  `find -P . -type l -delete  2>&1`
$ cd "/home/pete/wefwefwef/docs/erldocs_other.git"
$ cd "/home/pete/wefwefwef/docs/other/4635745323/smk_api_common-tag-v0.6.1/smk_api_common"
$ 5000  `ls -1 deps/  2>&1`
$ cd "/home/pete/wefwefwef/docs/erldocs_other.git"
>>> [rebar] deps = []
 :: Generating erldocs into /home/pete/wefwefwef/docs/other/4635745323/repo/v0.6.1
Building smk_api_common
Generating XML for application smk_api_common "/home/pete/wefwefwef/docs/other/4635745323/smk_api_common-tag-v0.6.1/smk_api_common" -> "/home/pete/wefwefwef/docs/other/4635745323/repo/v0.6.1/.xml/smk_api_common"
Generated smk_api_common XMLs: []
No documentation was generated!
Woot, finished in 0 Minutes 0 Seconds
 :: Discovering other repos
$ 5000  `rm -r '/home/pete/wefwefwef/docs/other/4635745323/smk_api_common-tag-v0.6.1'  2>&1`
 :: Processing https://github.com/smarkets/smk_api_common	{rev,tag,"v0.6.2","dddc881d0fb1fe8db20b79898271544c65a30d86",undefined,[],[]}
 :: Fetching repo code
$ cd "/home/pete/wefwefwef/docs/other/4635745323/smk_api_common-tag-v0.6.2/smk_api_common"
$ infinity  `curl --fail --silent --show-error --location --output 'v0.6.2.zip' 'https://github.com/smarkets/smk_api_common/archive/v0.6.2.zip'  2>&1`
$ cd "/home/pete/wefwefwef/docs/erldocs_other.git"
$ cd "/home/pete/wefwefwef/docs/other/4635745323/smk_api_common-tag-v0.6.2/smk_api_common"
$ 5000  `find -P . -type l -delete  2>&1`
$ cd "/home/pete/wefwefwef/docs/erldocs_other.git"
$ cd "/home/pete/wefwefwef/docs/other/4635745323/smk_api_common-tag-v0.6.2/smk_api_common"
$ 5000  `find 'smk_api_common-0.6.2' -mindepth 1 -maxdepth 1 -exec mv -t . -- {} +  2>&1`
$ cd "/home/pete/wefwefwef/docs/erldocs_other.git"
 :: Getting dependencies
$ cd "/home/pete/wefwefwef/docs/other/4635745323/smk_api_common-tag-v0.6.2/smk_api_common"
$ infinity  `rebar --config '/home/pete/wefwefwef/docs/other/4635745323/smk_api_common-tag-v0.6.2/rebar_deps' get-deps  2>&1`
$ cd "/home/pete/wefwefwef/docs/erldocs_other.git"
$ cd "/home/pete/wefwefwef/docs/other/4635745323/smk_api_common-tag-v0.6.2/smk_api_common"
$ 5000  `find -P . -type l -delete  2>&1`
$ cd "/home/pete/wefwefwef/docs/erldocs_other.git"
$ cd "/home/pete/wefwefwef/docs/other/4635745323/smk_api_common-tag-v0.6.2/smk_api_common"
$ 5000  `ls -1 deps/  2>&1`
$ cd "/home/pete/wefwefwef/docs/erldocs_other.git"
>>> [rebar] deps = []
 :: Generating erldocs into /home/pete/wefwefwef/docs/other/4635745323/repo/v0.6.2
Building smk_api_common
Generating XML for application smk_api_common "/home/pete/wefwefwef/docs/other/4635745323/smk_api_common-tag-v0.6.2/smk_api_common" -> "/home/pete/wefwefwef/docs/other/4635745323/repo/v0.6.2/.xml/smk_api_common"
Generated smk_api_common XMLs: []
No documentation was generated!
Woot, finished in 0 Minutes 0 Seconds
 :: Discovering other repos
$ 5000  `rm -r '/home/pete/wefwefwef/docs/other/4635745323/smk_api_common-tag-v0.6.2'  2>&1`
 :: Processing https://github.com/smarkets/smk_api_common	{rev,tag,"v0.6.3","c498f332e71033c8b42580d1ea887b293347be13",undefined,[],[]}
 :: Fetching repo code
$ cd "/home/pete/wefwefwef/docs/other/4635745323/smk_api_common-tag-v0.6.3/smk_api_common"
$ infinity  `curl --fail --silent --show-error --location --output 'v0.6.3.zip' 'https://github.com/smarkets/smk_api_common/archive/v0.6.3.zip'  2>&1`
$ cd "/home/pete/wefwefwef/docs/erldocs_other.git"
$ cd "/home/pete/wefwefwef/docs/other/4635745323/smk_api_common-tag-v0.6.3/smk_api_common"
$ 5000  `find -P . -type l -delete  2>&1`
$ cd "/home/pete/wefwefwef/docs/erldocs_other.git"
$ cd "/home/pete/wefwefwef/docs/other/4635745323/smk_api_common-tag-v0.6.3/smk_api_common"
$ 5000  `find 'smk_api_common-0.6.3' -mindepth 1 -maxdepth 1 -exec mv -t . -- {} +  2>&1`
$ cd "/home/pete/wefwefwef/docs/erldocs_other.git"
 :: Getting dependencies
$ cd "/home/pete/wefwefwef/docs/other/4635745323/smk_api_common-tag-v0.6.3/smk_api_common"
$ infinity  `rebar --config '/home/pete/wefwefwef/docs/other/4635745323/smk_api_common-tag-v0.6.3/rebar_deps' get-deps  2>&1`
$ cd "/home/pete/wefwefwef/docs/erldocs_other.git"
$ cd "/home/pete/wefwefwef/docs/other/4635745323/smk_api_common-tag-v0.6.3/smk_api_common"
$ 5000  `find -P . -type l -delete  2>&1`
$ cd "/home/pete/wefwefwef/docs/erldocs_other.git"
$ cd "/home/pete/wefwefwef/docs/other/4635745323/smk_api_common-tag-v0.6.3/smk_api_common"
$ 5000  `ls -1 deps/  2>&1`
$ cd "/home/pete/wefwefwef/docs/erldocs_other.git"
>>> [rebar] deps = []
 :: Generating erldocs into /home/pete/wefwefwef/docs/other/4635745323/repo/v0.6.3
Building smk_api_common
Generating XML for application smk_api_common "/home/pete/wefwefwef/docs/other/4635745323/smk_api_common-tag-v0.6.3/smk_api_common" -> "/home/pete/wefwefwef/docs/other/4635745323/repo/v0.6.3/.xml/smk_api_common"
Generated smk_api_common XMLs: []
No documentation was generated!
Woot, finished in 0 Minutes 0 Seconds
 :: Discovering other repos
$ 5000  `rm -r '/home/pete/wefwefwef/docs/other/4635745323/smk_api_common-tag-v0.6.3'  2>&1`
 :: Processing https://github.com/smarkets/smk_api_common	{rev,tag,"v0.6.4","e8a79b6359a8952ef18aebdd55d64d4ff90a5c1f",undefined,[],[]}
 :: Fetching repo code
$ cd "/home/pete/wefwefwef/docs/other/4635745323/smk_api_common-tag-v0.6.4/smk_api_common"
$ infinity  `curl --fail --silent --show-error --location --output 'v0.6.4.zip' 'https://github.com/smarkets/smk_api_common/archive/v0.6.4.zip'  2>&1`
$ cd "/home/pete/wefwefwef/docs/erldocs_other.git"
$ cd "/home/pete/wefwefwef/docs/other/4635745323/smk_api_common-tag-v0.6.4/smk_api_common"
$ 5000  `find -P . -type l -delete  2>&1`
$ cd "/home/pete/wefwefwef/docs/erldocs_other.git"
$ cd "/home/pete/wefwefwef/docs/other/4635745323/smk_api_common-tag-v0.6.4/smk_api_common"
$ 5000  `find 'smk_api_common-0.6.4' -mindepth 1 -maxdepth 1 -exec mv -t . -- {} +  2>&1`
$ cd "/home/pete/wefwefwef/docs/erldocs_other.git"
 :: Getting dependencies
$ cd "/home/pete/wefwefwef/docs/other/4635745323/smk_api_common-tag-v0.6.4/smk_api_common"
$ infinity  `rebar --config '/home/pete/wefwefwef/docs/other/4635745323/smk_api_common-tag-v0.6.4/rebar_deps' get-deps  2>&1`
$ cd "/home/pete/wefwefwef/docs/erldocs_other.git"
$ cd "/home/pete/wefwefwef/docs/other/4635745323/smk_api_common-tag-v0.6.4/smk_api_common"
$ 5000  `find -P . -type l -delete  2>&1`
$ cd "/home/pete/wefwefwef/docs/erldocs_other.git"
$ cd "/home/pete/wefwefwef/docs/other/4635745323/smk_api_common-tag-v0.6.4/smk_api_common"
$ 5000  `ls -1 deps/  2>&1`
$ cd "/home/pete/wefwefwef/docs/erldocs_other.git"
>>> [rebar] deps = []
 :: Generating erldocs into /home/pete/wefwefwef/docs/other/4635745323/repo/v0.6.4
Building smk_api_common
Generating XML for application smk_api_common "/home/pete/wefwefwef/docs/other/4635745323/smk_api_common-tag-v0.6.4/smk_api_common" -> "/home/pete/wefwefwef/docs/other/4635745323/repo/v0.6.4/.xml/smk_api_common"
Generated smk_api_common XMLs: []
No documentation was generated!
Woot, finished in 0 Minutes 0 Seconds
 :: Discovering other repos
$ 5000  `rm -r '/home/pete/wefwefwef/docs/other/4635745323/smk_api_common-tag-v0.6.4'  2>&1`
 :: Processing https://github.com/smarkets/smk_api_common	{rev,tag,"v0.6.5","af6507f5a81856b5ea62c14124aef37c27a77977",undefined,[],[]}
 :: Fetching repo code
$ cd "/home/pete/wefwefwef/docs/other/4635745323/smk_api_common-tag-v0.6.5/smk_api_common"
$ infinity  `curl --fail --silent --show-error --location --output 'v0.6.5.zip' 'https://github.com/smarkets/smk_api_common/archive/v0.6.5.zip'  2>&1`
$ cd "/home/pete/wefwefwef/docs/erldocs_other.git"
$ cd "/home/pete/wefwefwef/docs/other/4635745323/smk_api_common-tag-v0.6.5/smk_api_common"
$ 5000  `find -P . -type l -delete  2>&1`
$ cd "/home/pete/wefwefwef/docs/erldocs_other.git"
$ cd "/home/pete/wefwefwef/docs/other/4635745323/smk_api_common-tag-v0.6.5/smk_api_common"
$ 5000  `find 'smk_api_common-0.6.5' -mindepth 1 -maxdepth 1 -exec mv -t . -- {} +  2>&1`
$ cd "/home/pete/wefwefwef/docs/erldocs_other.git"
 :: Getting dependencies
$ cd "/home/pete/wefwefwef/docs/other/4635745323/smk_api_common-tag-v0.6.5/smk_api_common"
$ infinity  `rebar --config '/home/pete/wefwefwef/docs/other/4635745323/smk_api_common-tag-v0.6.5/rebar_deps' get-deps  2>&1`
$ cd "/home/pete/wefwefwef/docs/erldocs_other.git"
$ cd "/home/pete/wefwefwef/docs/other/4635745323/smk_api_common-tag-v0.6.5/smk_api_common"
$ 5000  `find -P . -type l -delete  2>&1`
$ cd "/home/pete/wefwefwef/docs/erldocs_other.git"
$ cd "/home/pete/wefwefwef/docs/other/4635745323/smk_api_common-tag-v0.6.5/smk_api_common"
$ 5000  `ls -1 deps/  2>&1`
$ cd "/home/pete/wefwefwef/docs/erldocs_other.git"
>>> [rebar] deps = []
 :: Generating erldocs into /home/pete/wefwefwef/docs/other/4635745323/repo/v0.6.5
Building smk_api_common
Generating XML for application smk_api_common "/home/pete/wefwefwef/docs/other/4635745323/smk_api_common-tag-v0.6.5/smk_api_common" -> "/home/pete/wefwefwef/docs/other/4635745323/repo/v0.6.5/.xml/smk_api_common"
Generated smk_api_common XMLs: []
No documentation was generated!
Woot, finished in 0 Minutes 0 Seconds
 :: Discovering other repos
$ 5000  `rm -r '/home/pete/wefwefwef/docs/other/4635745323/smk_api_common-tag-v0.6.5'  2>&1`
 :: Processing https://github.com/smarkets/smk_api_common	{rev,tag,"v0.6.6","e291d36be9002ebe970756585327417988e50c68",undefined,[],[]}
 :: Fetching repo code
$ cd "/home/pete/wefwefwef/docs/other/4635745323/smk_api_common-tag-v0.6.6/smk_api_common"
$ infinity  `curl --fail --silent --show-error --location --output 'v0.6.6.zip' 'https://github.com/smarkets/smk_api_common/archive/v0.6.6.zip'  2>&1`
$ cd "/home/pete/wefwefwef/docs/erldocs_other.git"
$ cd "/home/pete/wefwefwef/docs/other/4635745323/smk_api_common-tag-v0.6.6/smk_api_common"
$ 5000  `find -P . -type l -delete  2>&1`
$ cd "/home/pete/wefwefwef/docs/erldocs_other.git"
$ cd "/home/pete/wefwefwef/docs/other/4635745323/smk_api_common-tag-v0.6.6/smk_api_common"
$ 5000  `find 'smk_api_common-0.6.6' -mindepth 1 -maxdepth 1 -exec mv -t . -- {} +  2>&1`
$ cd "/home/pete/wefwefwef/docs/erldocs_other.git"
 :: Getting dependencies
$ cd "/home/pete/wefwefwef/docs/other/4635745323/smk_api_common-tag-v0.6.6/smk_api_common"
$ infinity  `rebar --config '/home/pete/wefwefwef/docs/other/4635745323/smk_api_common-tag-v0.6.6/rebar_deps' get-deps  2>&1`
$ cd "/home/pete/wefwefwef/docs/erldocs_other.git"
$ cd "/home/pete/wefwefwef/docs/other/4635745323/smk_api_common-tag-v0.6.6/smk_api_common"
$ 5000  `find -P . -type l -delete  2>&1`
$ cd "/home/pete/wefwefwef/docs/erldocs_other.git"
$ cd "/home/pete/wefwefwef/docs/other/4635745323/smk_api_common-tag-v0.6.6/smk_api_common"
$ 5000  `ls -1 deps/  2>&1`
$ cd "/home/pete/wefwefwef/docs/erldocs_other.git"
>>> [rebar] deps = []
 :: Generating erldocs into /home/pete/wefwefwef/docs/other/4635745323/repo/v0.6.6
Building smk_api_common
Generating XML for application smk_api_common "/home/pete/wefwefwef/docs/other/4635745323/smk_api_common-tag-v0.6.6/smk_api_common" -> "/home/pete/wefwefwef/docs/other/4635745323/repo/v0.6.6/.xml/smk_api_common"
Generated smk_api_common XMLs: []
No documentation was generated!
Woot, finished in 0 Minutes 0 Seconds
 :: Discovering other repos
$ 5000  `rm -r '/home/pete/wefwefwef/docs/other/4635745323/smk_api_common-tag-v0.6.6'  2>&1`
 :: Processing https://github.com/smarkets/smk_api_common	{rev,tag,"v0.6.7","47bce8124da9b989e496c0dc764080049588dc6b",undefined,[],[]}
 :: Fetching repo code
$ cd "/home/pete/wefwefwef/docs/other/4635745323/smk_api_common-tag-v0.6.7/smk_api_common"
$ infinity  `curl --fail --silent --show-error --location --output 'v0.6.7.zip' 'https://github.com/smarkets/smk_api_common/archive/v0.6.7.zip'  2>&1`
$ cd "/home/pete/wefwefwef/docs/erldocs_other.git"
$ cd "/home/pete/wefwefwef/docs/other/4635745323/smk_api_common-tag-v0.6.7/smk_api_common"
$ 5000  `find -P . -type l -delete  2>&1`
$ cd "/home/pete/wefwefwef/docs/erldocs_other.git"
$ cd "/home/pete/wefwefwef/docs/other/4635745323/smk_api_common-tag-v0.6.7/smk_api_common"
$ 5000  `find 'smk_api_common-0.6.7' -mindepth 1 -maxdepth 1 -exec mv -t . -- {} +  2>&1`
$ cd "/home/pete/wefwefwef/docs/erldocs_other.git"
 :: Getting dependencies
$ cd "/home/pete/wefwefwef/docs/other/4635745323/smk_api_common-tag-v0.6.7/smk_api_common"
$ infinity  `rebar --config '/home/pete/wefwefwef/docs/other/4635745323/smk_api_common-tag-v0.6.7/rebar_deps' get-deps  2>&1`
$ cd "/home/pete/wefwefwef/docs/erldocs_other.git"
$ cd "/home/pete/wefwefwef/docs/other/4635745323/smk_api_common-tag-v0.6.7/smk_api_common"
$ 5000  `find -P . -type l -delete  2>&1`
$ cd "/home/pete/wefwefwef/docs/erldocs_other.git"
$ cd "/home/pete/wefwefwef/docs/other/4635745323/smk_api_common-tag-v0.6.7/smk_api_common"
$ 5000  `ls -1 deps/  2>&1`
$ cd "/home/pete/wefwefwef/docs/erldocs_other.git"
>>> [rebar] deps = []
 :: Generating erldocs into /home/pete/wefwefwef/docs/other/4635745323/repo/v0.6.7
Building smk_api_common
Generating XML for application smk_api_common "/home/pete/wefwefwef/docs/other/4635745323/smk_api_common-tag-v0.6.7/smk_api_common" -> "/home/pete/wefwefwef/docs/other/4635745323/repo/v0.6.7/.xml/smk_api_common"
Generated smk_api_common XMLs: []
No documentation was generated!
Woot, finished in 0 Minutes 0 Seconds
 :: Discovering other repos
$ 5000  `rm -r '/home/pete/wefwefwef/docs/other/4635745323/smk_api_common-tag-v0.6.7'  2>&1`
 :: Processing https://github.com/smarkets/smk_api_common	{rev,tag,"v0.6.8","654f85ef66591f20da4d378686b57023202e7fdd",undefined,[],[]}
 :: Fetching repo code
$ cd "/home/pete/wefwefwef/docs/other/4635745323/smk_api_common-tag-v0.6.8/smk_api_common"
$ infinity  `curl --fail --silent --show-error --location --output 'v0.6.8.zip' 'https://github.com/smarkets/smk_api_common/archive/v0.6.8.zip'  2>&1`
$ cd "/home/pete/wefwefwef/docs/erldocs_other.git"
$ cd "/home/pete/wefwefwef/docs/other/4635745323/smk_api_common-tag-v0.6.8/smk_api_common"
$ 5000  `find -P . -type l -delete  2>&1`
$ cd "/home/pete/wefwefwef/docs/erldocs_other.git"
$ cd "/home/pete/wefwefwef/docs/other/4635745323/smk_api_common-tag-v0.6.8/smk_api_common"
$ 5000  `find 'smk_api_common-0.6.8' -mindepth 1 -maxdepth 1 -exec mv -t . -- {} +  2>&1`
$ cd "/home/pete/wefwefwef/docs/erldocs_other.git"
 :: Getting dependencies
$ cd "/home/pete/wefwefwef/docs/other/4635745323/smk_api_common-tag-v0.6.8/smk_api_common"
$ infinity  `rebar --config '/home/pete/wefwefwef/docs/other/4635745323/smk_api_common-tag-v0.6.8/rebar_deps' get-deps  2>&1`
$ cd "/home/pete/wefwefwef/docs/erldocs_other.git"
$ cd "/home/pete/wefwefwef/docs/other/4635745323/smk_api_common-tag-v0.6.8/smk_api_common"
$ 5000  `find -P . -type l -delete  2>&1`
$ cd "/home/pete/wefwefwef/docs/erldocs_other.git"
$ cd "/home/pete/wefwefwef/docs/other/4635745323/smk_api_common-tag-v0.6.8/smk_api_common"
$ 5000  `ls -1 deps/  2>&1`
$ cd "/home/pete/wefwefwef/docs/erldocs_other.git"
>>> [rebar] deps = []
 :: Generating erldocs into /home/pete/wefwefwef/docs/other/4635745323/repo/v0.6.8
Building smk_api_common
Generating XML for application smk_api_common "/home/pete/wefwefwef/docs/other/4635745323/smk_api_common-tag-v0.6.8/smk_api_common" -> "/home/pete/wefwefwef/docs/other/4635745323/repo/v0.6.8/.xml/smk_api_common"
Generated smk_api_common XMLs: []
No documentation was generated!
Woot, finished in 0 Minutes 0 Seconds
 :: Discovering other repos
$ 5000  `rm -r '/home/pete/wefwefwef/docs/other/4635745323/smk_api_common-tag-v0.6.8'  2>&1`
 :: Processing https://github.com/smarkets/smk_api_common	{rev,tag,"v0.7.0","9dafa1afa2793f4941bff454ebf974200cbe9541",undefined,[],[]}
 :: Fetching repo code
$ cd "/home/pete/wefwefwef/docs/other/4635745323/smk_api_common-tag-v0.7.0/smk_api_common"
$ infinity  `curl --fail --silent --show-error --location --output 'v0.7.0.zip' 'https://github.com/smarkets/smk_api_common/archive/v0.7.0.zip'  2>&1`
$ cd "/home/pete/wefwefwef/docs/erldocs_other.git"
$ cd "/home/pete/wefwefwef/docs/other/4635745323/smk_api_common-tag-v0.7.0/smk_api_common"
$ 5000  `find -P . -type l -delete  2>&1`
$ cd "/home/pete/wefwefwef/docs/erldocs_other.git"
$ cd "/home/pete/wefwefwef/docs/other/4635745323/smk_api_common-tag-v0.7.0/smk_api_common"
$ 5000  `find 'smk_api_common-0.7.0' -mindepth 1 -maxdepth 1 -exec mv -t . -- {} +  2>&1`
$ cd "/home/pete/wefwefwef/docs/erldocs_other.git"
 :: Getting dependencies
$ cd "/home/pete/wefwefwef/docs/other/4635745323/smk_api_common-tag-v0.7.0/smk_api_common"
$ infinity  `rebar --config '/home/pete/wefwefwef/docs/other/4635745323/smk_api_common-tag-v0.7.0/rebar_deps' get-deps  2>&1`
$ cd "/home/pete/wefwefwef/docs/erldocs_other.git"
$ cd "/home/pete/wefwefwef/docs/other/4635745323/smk_api_common-tag-v0.7.0/smk_api_common"
$ 5000  `find -P . -type l -delete  2>&1`
$ cd "/home/pete/wefwefwef/docs/erldocs_other.git"
$ cd "/home/pete/wefwefwef/docs/other/4635745323/smk_api_common-tag-v0.7.0/smk_api_common"
$ 5000  `ls -1 deps/  2>&1`
$ cd "/home/pete/wefwefwef/docs/erldocs_other.git"
>>> [rebar] deps = []
 :: Generating erldocs into /home/pete/wefwefwef/docs/other/4635745323/repo/v0.7.0
Building smk_api_common
Generating XML for application smk_api_common "/home/pete/wefwefwef/docs/other/4635745323/smk_api_common-tag-v0.7.0/smk_api_common" -> "/home/pete/wefwefwef/docs/other/4635745323/repo/v0.7.0/.xml/smk_api_common"
Generated smk_api_common XMLs: []
No documentation was generated!
Woot, finished in 0 Minutes 0 Seconds
 :: Discovering other repos
$ 5000  `rm -r '/home/pete/wefwefwef/docs/other/4635745323/smk_api_common-tag-v0.7.0'  2>&1`
 :: Processing https://github.com/smarkets/smk_api_common	{rev,tag,"v0.7.1","cd5500aa0797308e553cc3908d3dbea464fdd490",undefined,[],[]}
 :: Fetching repo code
$ cd "/home/pete/wefwefwef/docs/other/4635745323/smk_api_common-tag-v0.7.1/smk_api_common"
$ infinity  `curl --fail --silent --show-error --location --output 'v0.7.1.zip' 'https://github.com/smarkets/smk_api_common/archive/v0.7.1.zip'  2>&1`
$ cd "/home/pete/wefwefwef/docs/erldocs_other.git"
$ cd "/home/pete/wefwefwef/docs/other/4635745323/smk_api_common-tag-v0.7.1/smk_api_common"
$ 5000  `find -P . -type l -delete  2>&1`
$ cd "/home/pete/wefwefwef/docs/erldocs_other.git"
$ cd "/home/pete/wefwefwef/docs/other/4635745323/smk_api_common-tag-v0.7.1/smk_api_common"
$ 5000  `find 'smk_api_common-0.7.1' -mindepth 1 -maxdepth 1 -exec mv -t . -- {} +  2>&1`
$ cd "/home/pete/wefwefwef/docs/erldocs_other.git"
 :: Getting dependencies
$ cd "/home/pete/wefwefwef/docs/other/4635745323/smk_api_common-tag-v0.7.1/smk_api_common"
$ infinity  `rebar --config '/home/pete/wefwefwef/docs/other/4635745323/smk_api_common-tag-v0.7.1/rebar_deps' get-deps  2>&1`
$ cd "/home/pete/wefwefwef/docs/erldocs_other.git"
$ cd "/home/pete/wefwefwef/docs/other/4635745323/smk_api_common-tag-v0.7.1/smk_api_common"
$ 5000  `find -P . -type l -delete  2>&1`
$ cd "/home/pete/wefwefwef/docs/erldocs_other.git"
$ cd "/home/pete/wefwefwef/docs/other/4635745323/smk_api_common-tag-v0.7.1/smk_api_common"
$ 5000  `ls -1 deps/  2>&1`
$ cd "/home/pete/wefwefwef/docs/erldocs_other.git"
>>> [rebar] deps = []
 :: Generating erldocs into /home/pete/wefwefwef/docs/other/4635745323/repo/v0.7.1
Building smk_api_common
Generating XML for application smk_api_common "/home/pete/wefwefwef/docs/other/4635745323/smk_api_common-tag-v0.7.1/smk_api_common" -> "/home/pete/wefwefwef/docs/other/4635745323/repo/v0.7.1/.xml/smk_api_common"
Generated smk_api_common XMLs: []
No documentation was generated!
Woot, finished in 0 Minutes 0 Seconds
 :: Discovering other repos
$ 5000  `rm -r '/home/pete/wefwefwef/docs/other/4635745323/smk_api_common-tag-v0.7.1'  2>&1`
 :: Processing https://github.com/smarkets/smk_api_common	{rev,tag,"v0.7.10","1cef7a303d010e6bc156c5a97bea432192dee728",undefined,[],[]}
 :: Fetching repo code
$ cd "/home/pete/wefwefwef/docs/other/4635745323/smk_api_common-tag-v0.7.10/smk_api_common"
$ infinity  `curl --fail --silent --show-error --location --output 'v0.7.10.zip' 'https://github.com/smarkets/smk_api_common/archive/v0.7.10.zip'  2>&1`
$ cd "/home/pete/wefwefwef/docs/erldocs_other.git"
$ cd "/home/pete/wefwefwef/docs/other/4635745323/smk_api_common-tag-v0.7.10/smk_api_common"
$ 5000  `find -P . -type l -delete  2>&1`
$ cd "/home/pete/wefwefwef/docs/erldocs_other.git"
$ cd "/home/pete/wefwefwef/docs/other/4635745323/smk_api_common-tag-v0.7.10/smk_api_common"
$ 5000  `find 'smk_api_common-0.7.10' -mindepth 1 -maxdepth 1 -exec mv -t . -- {} +  2>&1`
$ cd "/home/pete/wefwefwef/docs/erldocs_other.git"
 :: Getting dependencies
$ cd "/home/pete/wefwefwef/docs/other/4635745323/smk_api_common-tag-v0.7.10/smk_api_common"
$ infinity  `rebar --config '/home/pete/wefwefwef/docs/other/4635745323/smk_api_common-tag-v0.7.10/rebar_deps' get-deps  2>&1`
$ cd "/home/pete/wefwefwef/docs/erldocs_other.git"
$ cd "/home/pete/wefwefwef/docs/other/4635745323/smk_api_common-tag-v0.7.10/smk_api_common"
$ 5000  `find -P . -type l -delete  2>&1`
$ cd "/home/pete/wefwefwef/docs/erldocs_other.git"
$ cd "/home/pete/wefwefwef/docs/other/4635745323/smk_api_common-tag-v0.7.10/smk_api_common"
$ 5000  `ls -1 deps/  2>&1`
$ cd "/home/pete/wefwefwef/docs/erldocs_other.git"
>>> [rebar] deps = []
 :: Generating erldocs into /home/pete/wefwefwef/docs/other/4635745323/repo/v0.7.10
Building smk_api_common
Generating XML for application smk_api_common "/home/pete/wefwefwef/docs/other/4635745323/smk_api_common-tag-v0.7.10/smk_api_common" -> "/home/pete/wefwefwef/docs/other/4635745323/repo/v0.7.10/.xml/smk_api_common"
Generated smk_api_common XMLs: []
No documentation was generated!
Woot, finished in 0 Minutes 0 Seconds
 :: Discovering other repos
$ 5000  `rm -r '/home/pete/wefwefwef/docs/other/4635745323/smk_api_common-tag-v0.7.10'  2>&1`
 :: Processing https://github.com/smarkets/smk_api_common	{rev,tag,"v0.7.2","5e152cffaf4996a233800bdfe87bc5fa6f0a8e8a",undefined,[],[]}
 :: Fetching repo code
$ cd "/home/pete/wefwefwef/docs/other/4635745323/smk_api_common-tag-v0.7.2/smk_api_common"
$ infinity  `curl --fail --silent --show-error --location --output 'v0.7.2.zip' 'https://github.com/smarkets/smk_api_common/archive/v0.7.2.zip'  2>&1`
$ cd "/home/pete/wefwefwef/docs/erldocs_other.git"
$ cd "/home/pete/wefwefwef/docs/other/4635745323/smk_api_common-tag-v0.7.2/smk_api_common"
$ 5000  `find -P . -type l -delete  2>&1`
$ cd "/home/pete/wefwefwef/docs/erldocs_other.git"
$ cd "/home/pete/wefwefwef/docs/other/4635745323/smk_api_common-tag-v0.7.2/smk_api_common"
$ 5000  `find 'smk_api_common-0.7.2' -mindepth 1 -maxdepth 1 -exec mv -t . -- {} +  2>&1`
$ cd "/home/pete/wefwefwef/docs/erldocs_other.git"
 :: Getting dependencies
$ cd "/home/pete/wefwefwef/docs/other/4635745323/smk_api_common-tag-v0.7.2/smk_api_common"
$ infinity  `rebar --config '/home/pete/wefwefwef/docs/other/4635745323/smk_api_common-tag-v0.7.2/rebar_deps' get-deps  2>&1`
$ cd "/home/pete/wefwefwef/docs/erldocs_other.git"
$ cd "/home/pete/wefwefwef/docs/other/4635745323/smk_api_common-tag-v0.7.2/smk_api_common"
$ 5000  `find -P . -type l -delete  2>&1`
$ cd "/home/pete/wefwefwef/docs/erldocs_other.git"
$ cd "/home/pete/wefwefwef/docs/other/4635745323/smk_api_common-tag-v0.7.2/smk_api_common"
$ 5000  `ls -1 deps/  2>&1`
$ cd "/home/pete/wefwefwef/docs/erldocs_other.git"
>>> [rebar] deps = []
 :: Generating erldocs into /home/pete/wefwefwef/docs/other/4635745323/repo/v0.7.2
Building smk_api_common
Generating XML for application smk_api_common "/home/pete/wefwefwef/docs/other/4635745323/smk_api_common-tag-v0.7.2/smk_api_common" -> "/home/pete/wefwefwef/docs/other/4635745323/repo/v0.7.2/.xml/smk_api_common"
Generated smk_api_common XMLs: []
No documentation was generated!
Woot, finished in 0 Minutes 0 Seconds
 :: Discovering other repos
$ 5000  `rm -r '/home/pete/wefwefwef/docs/other/4635745323/smk_api_common-tag-v0.7.2'  2>&1`
 :: Processing https://github.com/smarkets/smk_api_common	{rev,tag,"v0.7.3","4e9762dc7a8342d9c447aa9ce54c3f23e6204577",undefined,[],[]}
 :: Fetching repo code
$ cd "/home/pete/wefwefwef/docs/other/4635745323/smk_api_common-tag-v0.7.3/smk_api_common"
$ infinity  `curl --fail --silent --show-error --location --output 'v0.7.3.zip' 'https://github.com/smarkets/smk_api_common/archive/v0.7.3.zip'  2>&1`
$ cd "/home/pete/wefwefwef/docs/erldocs_other.git"
$ cd "/home/pete/wefwefwef/docs/other/4635745323/smk_api_common-tag-v0.7.3/smk_api_common"
$ 5000  `find -P . -type l -delete  2>&1`
$ cd "/home/pete/wefwefwef/docs/erldocs_other.git"
$ cd "/home/pete/wefwefwef/docs/other/4635745323/smk_api_common-tag-v0.7.3/smk_api_common"
$ 5000  `find 'smk_api_common-0.7.3' -mindepth 1 -maxdepth 1 -exec mv -t . -- {} +  2>&1`
$ cd "/home/pete/wefwefwef/docs/erldocs_other.git"
 :: Getting dependencies
$ cd "/home/pete/wefwefwef/docs/other/4635745323/smk_api_common-tag-v0.7.3/smk_api_common"
$ infinity  `rebar --config '/home/pete/wefwefwef/docs/other/4635745323/smk_api_common-tag-v0.7.3/rebar_deps' get-deps  2>&1`
$ cd "/home/pete/wefwefwef/docs/erldocs_other.git"
$ cd "/home/pete/wefwefwef/docs/other/4635745323/smk_api_common-tag-v0.7.3/smk_api_common"
$ 5000  `find -P . -type l -delete  2>&1`
$ cd "/home/pete/wefwefwef/docs/erldocs_other.git"
$ cd "/home/pete/wefwefwef/docs/other/4635745323/smk_api_common-tag-v0.7.3/smk_api_common"
$ 5000  `ls -1 deps/  2>&1`
$ cd "/home/pete/wefwefwef/docs/erldocs_other.git"
>>> [rebar] deps = []
 :: Generating erldocs into /home/pete/wefwefwef/docs/other/4635745323/repo/v0.7.3
Building smk_api_common
Generating XML for application smk_api_common "/home/pete/wefwefwef/docs/other/4635745323/smk_api_common-tag-v0.7.3/smk_api_common" -> "/home/pete/wefwefwef/docs/other/4635745323/repo/v0.7.3/.xml/smk_api_common"
Generated smk_api_common XMLs: []
No documentation was generated!
Woot, finished in 0 Minutes 0 Seconds
 :: Discovering other repos
$ 5000  `rm -r '/home/pete/wefwefwef/docs/other/4635745323/smk_api_common-tag-v0.7.3'  2>&1`
 :: Processing https://github.com/smarkets/smk_api_common	{rev,tag,"v0.7.4","191c82d96d8a20b69316ee1698f60624014a4a3b",undefined,[],[]}
 :: Fetching repo code
$ cd "/home/pete/wefwefwef/docs/other/4635745323/smk_api_common-tag-v0.7.4/smk_api_common"
$ infinity  `curl --fail --silent --show-error --location --output 'v0.7.4.zip' 'https://github.com/smarkets/smk_api_common/archive/v0.7.4.zip'  2>&1`
$ cd "/home/pete/wefwefwef/docs/erldocs_other.git"
$ cd "/home/pete/wefwefwef/docs/other/4635745323/smk_api_common-tag-v0.7.4/smk_api_common"
$ 5000  `find -P . -type l -delete  2>&1`
$ cd "/home/pete/wefwefwef/docs/erldocs_other.git"
$ cd "/home/pete/wefwefwef/docs/other/4635745323/smk_api_common-tag-v0.7.4/smk_api_common"
$ 5000  `find 'smk_api_common-0.7.4' -mindepth 1 -maxdepth 1 -exec mv -t . -- {} +  2>&1`
$ cd "/home/pete/wefwefwef/docs/erldocs_other.git"
 :: Getting dependencies
$ cd "/home/pete/wefwefwef/docs/other/4635745323/smk_api_common-tag-v0.7.4/smk_api_common"
$ infinity  `rebar --config '/home/pete/wefwefwef/docs/other/4635745323/smk_api_common-tag-v0.7.4/rebar_deps' get-deps  2>&1`
$ cd "/home/pete/wefwefwef/docs/erldocs_other.git"
$ cd "/home/pete/wefwefwef/docs/other/4635745323/smk_api_common-tag-v0.7.4/smk_api_common"
$ 5000  `find -P . -type l -delete  2>&1`
$ cd "/home/pete/wefwefwef/docs/erldocs_other.git"
$ cd "/home/pete/wefwefwef/docs/other/4635745323/smk_api_common-tag-v0.7.4/smk_api_common"
$ 5000  `ls -1 deps/  2>&1`
$ cd "/home/pete/wefwefwef/docs/erldocs_other.git"
>>> [rebar] deps = []
 :: Generating erldocs into /home/pete/wefwefwef/docs/other/4635745323/repo/v0.7.4
Building smk_api_common
Generating XML for application smk_api_common "/home/pete/wefwefwef/docs/other/4635745323/smk_api_common-tag-v0.7.4/smk_api_common" -> "/home/pete/wefwefwef/docs/other/4635745323/repo/v0.7.4/.xml/smk_api_common"
Generated smk_api_common XMLs: []
No documentation was generated!
Woot, finished in 0 Minutes 0 Seconds
 :: Discovering other repos
$ 5000  `rm -r '/home/pete/wefwefwef/docs/other/4635745323/smk_api_common-tag-v0.7.4'  2>&1`
 :: Processing https://github.com/smarkets/smk_api_common	{rev,tag,"v0.7.5","c411a5b7ee8b7ffaa72ae4d9550196f31164daae",undefined,[],[]}
 :: Fetching repo code
$ cd "/home/pete/wefwefwef/docs/other/4635745323/smk_api_common-tag-v0.7.5/smk_api_common"
$ infinity  `curl --fail --silent --show-error --location --output 'v0.7.5.zip' 'https://github.com/smarkets/smk_api_common/archive/v0.7.5.zip'  2>&1`
$ cd "/home/pete/wefwefwef/docs/erldocs_other.git"
$ cd "/home/pete/wefwefwef/docs/other/4635745323/smk_api_common-tag-v0.7.5/smk_api_common"
$ 5000  `find -P . -type l -delete  2>&1`
$ cd "/home/pete/wefwefwef/docs/erldocs_other.git"
$ cd "/home/pete/wefwefwef/docs/other/4635745323/smk_api_common-tag-v0.7.5/smk_api_common"
$ 5000  `find 'smk_api_common-0.7.5' -mindepth 1 -maxdepth 1 -exec mv -t . -- {} +  2>&1`
$ cd "/home/pete/wefwefwef/docs/erldocs_other.git"
 :: Getting dependencies
$ cd "/home/pete/wefwefwef/docs/other/4635745323/smk_api_common-tag-v0.7.5/smk_api_common"
$ infinity  `rebar --config '/home/pete/wefwefwef/docs/other/4635745323/smk_api_common-tag-v0.7.5/rebar_deps' get-deps  2>&1`
$ cd "/home/pete/wefwefwef/docs/erldocs_other.git"
$ cd "/home/pete/wefwefwef/docs/other/4635745323/smk_api_common-tag-v0.7.5/smk_api_common"
$ 5000  `find -P . -type l -delete  2>&1`
$ cd "/home/pete/wefwefwef/docs/erldocs_other.git"
$ cd "/home/pete/wefwefwef/docs/other/4635745323/smk_api_common-tag-v0.7.5/smk_api_common"
$ 5000  `ls -1 deps/  2>&1`
$ cd "/home/pete/wefwefwef/docs/erldocs_other.git"
>>> [rebar] deps = []
 :: Generating erldocs into /home/pete/wefwefwef/docs/other/4635745323/repo/v0.7.5
Building smk_api_common
Generating XML for application smk_api_common "/home/pete/wefwefwef/docs/other/4635745323/smk_api_common-tag-v0.7.5/smk_api_common" -> "/home/pete/wefwefwef/docs/other/4635745323/repo/v0.7.5/.xml/smk_api_common"
Generated smk_api_common XMLs: []
No documentation was generated!
Woot, finished in 0 Minutes 0 Seconds
 :: Discovering other repos
$ 5000  `rm -r '/home/pete/wefwefwef/docs/other/4635745323/smk_api_common-tag-v0.7.5'  2>&1`
 :: Processing https://github.com/smarkets/smk_api_common	{rev,tag,"v0.7.8","da64144a6ebb5f7f4185030b1d087c6783d99bee",undefined,[],[]}
 :: Fetching repo code
$ cd "/home/pete/wefwefwef/docs/other/4635745323/smk_api_common-tag-v0.7.8/smk_api_common"
$ infinity  `curl --fail --silent --show-error --location --output 'v0.7.8.zip' 'https://github.com/smarkets/smk_api_common/archive/v0.7.8.zip'  2>&1`
$ cd "/home/pete/wefwefwef/docs/erldocs_other.git"
$ cd "/home/pete/wefwefwef/docs/other/4635745323/smk_api_common-tag-v0.7.8/smk_api_common"
$ 5000  `find -P . -type l -delete  2>&1`
$ cd "/home/pete/wefwefwef/docs/erldocs_other.git"
$ cd "/home/pete/wefwefwef/docs/other/4635745323/smk_api_common-tag-v0.7.8/smk_api_common"
$ 5000  `find 'smk_api_common-0.7.8' -mindepth 1 -maxdepth 1 -exec mv -t . -- {} +  2>&1`
$ cd "/home/pete/wefwefwef/docs/erldocs_other.git"
 :: Getting dependencies
$ cd "/home/pete/wefwefwef/docs/other/4635745323/smk_api_common-tag-v0.7.8/smk_api_common"
$ infinity  `rebar --config '/home/pete/wefwefwef/docs/other/4635745323/smk_api_common-tag-v0.7.8/rebar_deps' get-deps  2>&1`
$ cd "/home/pete/wefwefwef/docs/erldocs_other.git"
$ cd "/home/pete/wefwefwef/docs/other/4635745323/smk_api_common-tag-v0.7.8/smk_api_common"
$ 5000  `find -P . -type l -delete  2>&1`
$ cd "/home/pete/wefwefwef/docs/erldocs_other.git"
$ cd "/home/pete/wefwefwef/docs/other/4635745323/smk_api_common-tag-v0.7.8/smk_api_common"
$ 5000  `ls -1 deps/  2>&1`
$ cd "/home/pete/wefwefwef/docs/erldocs_other.git"
>>> [rebar] deps = []
 :: Generating erldocs into /home/pete/wefwefwef/docs/other/4635745323/repo/v0.7.8
Building smk_api_common
Generating XML for application smk_api_common "/home/pete/wefwefwef/docs/other/4635745323/smk_api_common-tag-v0.7.8/smk_api_common" -> "/home/pete/wefwefwef/docs/other/4635745323/repo/v0.7.8/.xml/smk_api_common"
Generated smk_api_common XMLs: []
No documentation was generated!
Woot, finished in 0 Minutes 0 Seconds
 :: Discovering other repos
$ 5000  `rm -r '/home/pete/wefwefwef/docs/other/4635745323/smk_api_common-tag-v0.7.8'  2>&1`
 :: Processing https://github.com/smarkets/smk_api_common	{rev,tag,"v0.7.9","9c05e668d837d7349e91ee623dc775a4b7ff4cf1",undefined,[],[]}
 :: Fetching repo code
$ cd "/home/pete/wefwefwef/docs/other/4635745323/smk_api_common-tag-v0.7.9/smk_api_common"
$ infinity  `curl --fail --silent --show-error --location --output 'v0.7.9.zip' 'https://github.com/smarkets/smk_api_common/archive/v0.7.9.zip'  2>&1`
$ cd "/home/pete/wefwefwef/docs/erldocs_other.git"
$ cd "/home/pete/wefwefwef/docs/other/4635745323/smk_api_common-tag-v0.7.9/smk_api_common"
$ 5000  `find -P . -type l -delete  2>&1`
$ cd "/home/pete/wefwefwef/docs/erldocs_other.git"
$ cd "/home/pete/wefwefwef/docs/other/4635745323/smk_api_common-tag-v0.7.9/smk_api_common"
$ 5000  `find 'smk_api_common-0.7.9' -mindepth 1 -maxdepth 1 -exec mv -t . -- {} +  2>&1`
$ cd "/home/pete/wefwefwef/docs/erldocs_other.git"
 :: Getting dependencies
$ cd "/home/pete/wefwefwef/docs/other/4635745323/smk_api_common-tag-v0.7.9/smk_api_common"
$ infinity  `rebar --config '/home/pete/wefwefwef/docs/other/4635745323/smk_api_common-tag-v0.7.9/rebar_deps' get-deps  2>&1`
$ cd "/home/pete/wefwefwef/docs/erldocs_other.git"
$ cd "/home/pete/wefwefwef/docs/other/4635745323/smk_api_common-tag-v0.7.9/smk_api_common"
$ 5000  `find -P . -type l -delete  2>&1`
$ cd "/home/pete/wefwefwef/docs/erldocs_other.git"
$ cd "/home/pete/wefwefwef/docs/other/4635745323/smk_api_common-tag-v0.7.9/smk_api_common"
$ 5000  `ls -1 deps/  2>&1`
$ cd "/home/pete/wefwefwef/docs/erldocs_other.git"
>>> [rebar] deps = []
 :: Generating erldocs into /home/pete/wefwefwef/docs/other/4635745323/repo/v0.7.9
Building smk_api_common
Generating XML for application smk_api_common "/home/pete/wefwefwef/docs/other/4635745323/smk_api_common-tag-v0.7.9/smk_api_common" -> "/home/pete/wefwefwef/docs/other/4635745323/repo/v0.7.9/.xml/smk_api_common"
Generated smk_api_common XMLs: []
No documentation was generated!
Woot, finished in 0 Minutes 0 Seconds
 :: Discovering other repos
$ 5000  `rm -r '/home/pete/wefwefwef/docs/other/4635745323/smk_api_common-tag-v0.7.9'  2>&1`
 :: Processing https://github.com/smarkets/smk_api_common	{rev,tag,"v1.0.0","52740ace4dffc79d2ab8705aa2154972cd8c7b67",undefined,[],[]}
 :: Fetching repo code
$ cd "/home/pete/wefwefwef/docs/other/4635745323/smk_api_common-tag-v1.0.0/smk_api_common"
$ infinity  `curl --fail --silent --show-error --location --output 'v1.0.0.zip' 'https://github.com/smarkets/smk_api_common/archive/v1.0.0.zip'  2>&1`
$ cd "/home/pete/wefwefwef/docs/erldocs_other.git"
$ cd "/home/pete/wefwefwef/docs/other/4635745323/smk_api_common-tag-v1.0.0/smk_api_common"
$ 5000  `find -P . -type l -delete  2>&1`
$ cd "/home/pete/wefwefwef/docs/erldocs_other.git"
$ cd "/home/pete/wefwefwef/docs/other/4635745323/smk_api_common-tag-v1.0.0/smk_api_common"
$ 5000  `find 'smk_api_common-1.0.0' -mindepth 1 -maxdepth 1 -exec mv -t . -- {} +  2>&1`
$ cd "/home/pete/wefwefwef/docs/erldocs_other.git"
 :: Getting dependencies
$ cd "/home/pete/wefwefwef/docs/other/4635745323/smk_api_common-tag-v1.0.0/smk_api_common"
$ infinity  `rebar --config '/home/pete/wefwefwef/docs/other/4635745323/smk_api_common-tag-v1.0.0/rebar_deps' get-deps  2>&1`
$ cd "/home/pete/wefwefwef/docs/erldocs_other.git"
$ cd "/home/pete/wefwefwef/docs/other/4635745323/smk_api_common-tag-v1.0.0/smk_api_common"
$ 5000  `find -P . -type l -delete  2>&1`
$ cd "/home/pete/wefwefwef/docs/erldocs_other.git"
$ cd "/home/pete/wefwefwef/docs/other/4635745323/smk_api_common-tag-v1.0.0/smk_api_common"
$ 5000  `ls -1 deps/  2>&1`
$ cd "/home/pete/wefwefwef/docs/erldocs_other.git"
>>> [rebar] deps = []
 :: Generating erldocs into /home/pete/wefwefwef/docs/other/4635745323/repo/v1.0.0
Building smk_api_common
Generating XML for application smk_api_common "/home/pete/wefwefwef/docs/other/4635745323/smk_api_common-tag-v1.0.0/smk_api_common" -> "/home/pete/wefwefwef/docs/other/4635745323/repo/v1.0.0/.xml/smk_api_common"
Generated smk_api_common XMLs: []
No documentation was generated!
Woot, finished in 0 Minutes 0 Seconds
 :: Discovering other repos
$ 5000  `rm -r '/home/pete/wefwefwef/docs/other/4635745323/smk_api_common-tag-v1.0.0'  2>&1`
 :: Processing https://github.com/smarkets/smk_api_common	{rev,tag,"v1.0.16","47d51e06b25c9bcd67f16933015cb31ccb6b79af",undefined,[],[]}
 :: Fetching repo code
$ cd "/home/pete/wefwefwef/docs/other/4635745323/smk_api_common-tag-v1.0.16/smk_api_common"
$ infinity  `curl --fail --silent --show-error --location --output 'v1.0.16.zip' 'https://github.com/smarkets/smk_api_common/archive/v1.0.16.zip'  2>&1`
$ cd "/home/pete/wefwefwef/docs/erldocs_other.git"
$ cd "/home/pete/wefwefwef/docs/other/4635745323/smk_api_common-tag-v1.0.16/smk_api_common"
$ 5000  `find -P . -type l -delete  2>&1`
$ cd "/home/pete/wefwefwef/docs/erldocs_other.git"
$ cd "/home/pete/wefwefwef/docs/other/4635745323/smk_api_common-tag-v1.0.16/smk_api_common"
$ 5000  `find 'smk_api_common-1.0.16' -mindepth 1 -maxdepth 1 -exec mv -t . -- {} +  2>&1`
$ cd "/home/pete/wefwefwef/docs/erldocs_other.git"
 :: Getting dependencies
$ cd "/home/pete/wefwefwef/docs/other/4635745323/smk_api_common-tag-v1.0.16/smk_api_common"
$ infinity  `rebar --config '/home/pete/wefwefwef/docs/other/4635745323/smk_api_common-tag-v1.0.16/rebar_deps' get-deps  2>&1`
$ cd "/home/pete/wefwefwef/docs/erldocs_other.git"
$ cd "/home/pete/wefwefwef/docs/other/4635745323/smk_api_common-tag-v1.0.16/smk_api_common"
$ 5000  `find -P . -type l -delete  2>&1`
$ cd "/home/pete/wefwefwef/docs/erldocs_other.git"
$ cd "/home/pete/wefwefwef/docs/other/4635745323/smk_api_common-tag-v1.0.16/smk_api_common"
$ 5000  `ls -1 deps/  2>&1`
$ cd "/home/pete/wefwefwef/docs/erldocs_other.git"
>>> [rebar] deps = []
 :: Generating erldocs into /home/pete/wefwefwef/docs/other/4635745323/repo/v1.0.16
Building smk_api_common
Generating XML for application smk_api_common "/home/pete/wefwefwef/docs/other/4635745323/smk_api_common-tag-v1.0.16/smk_api_common" -> "/home/pete/wefwefwef/docs/other/4635745323/repo/v1.0.16/.xml/smk_api_common"
Generated smk_api_common XMLs: []
No documentation was generated!
Woot, finished in 0 Minutes 0 Seconds
 :: Discovering other repos
$ 5000  `rm -r '/home/pete/wefwefwef/docs/other/4635745323/smk_api_common-tag-v1.0.16'  2>&1`
 :: Processing https://github.com/smarkets/smk_api_common	{rev,tag,"v1.0.18","2bb2b9d119247d05a34e4aa3114594d628f28228",undefined,[],[]}
 :: Fetching repo code
$ cd "/home/pete/wefwefwef/docs/other/4635745323/smk_api_common-tag-v1.0.18/smk_api_common"
$ infinity  `curl --fail --silent --show-error --location --output 'v1.0.18.zip' 'https://github.com/smarkets/smk_api_common/archive/v1.0.18.zip'  2>&1`
$ cd "/home/pete/wefwefwef/docs/erldocs_other.git"
$ cd "/home/pete/wefwefwef/docs/other/4635745323/smk_api_common-tag-v1.0.18/smk_api_common"
$ 5000  `find -P . -type l -delete  2>&1`
$ cd "/home/pete/wefwefwef/docs/erldocs_other.git"
$ cd "/home/pete/wefwefwef/docs/other/4635745323/smk_api_common-tag-v1.0.18/smk_api_common"
$ 5000  `find 'smk_api_common-1.0.18' -mindepth 1 -maxdepth 1 -exec mv -t . -- {} +  2>&1`
$ cd "/home/pete/wefwefwef/docs/erldocs_other.git"
 :: Getting dependencies
$ cd "/home/pete/wefwefwef/docs/other/4635745323/smk_api_common-tag-v1.0.18/smk_api_common"
$ infinity  `rebar --config '/home/pete/wefwefwef/docs/other/4635745323/smk_api_common-tag-v1.0.18/rebar_deps' get-deps  2>&1`
$ cd "/home/pete/wefwefwef/docs/erldocs_other.git"
$ cd "/home/pete/wefwefwef/docs/other/4635745323/smk_api_common-tag-v1.0.18/smk_api_common"
$ 5000  `find -P . -type l -delete  2>&1`
$ cd "/home/pete/wefwefwef/docs/erldocs_other.git"
$ cd "/home/pete/wefwefwef/docs/other/4635745323/smk_api_common-tag-v1.0.18/smk_api_common"
$ 5000  `ls -1 deps/  2>&1`
$ cd "/home/pete/wefwefwef/docs/erldocs_other.git"
>>> [rebar] deps = []
 :: Generating erldocs into /home/pete/wefwefwef/docs/other/4635745323/repo/v1.0.18
Building smk_api_common
Generating XML for application smk_api_common "/home/pete/wefwefwef/docs/other/4635745323/smk_api_common-tag-v1.0.18/smk_api_common" -> "/home/pete/wefwefwef/docs/other/4635745323/repo/v1.0.18/.xml/smk_api_common"
Generated smk_api_common XMLs: []
No documentation was generated!
Woot, finished in 0 Minutes 0 Seconds
 :: Discovering other repos
$ 5000  `rm -r '/home/pete/wefwefwef/docs/other/4635745323/smk_api_common-tag-v1.0.18'  2>&1`
 :: Processing https://github.com/smarkets/smk_api_common	{rev,tag,"v1.0.19","8199610b0a6e64abbeaf58a7733a56e4c462cf5d",undefined,[],[]}
 :: Fetching repo code
$ cd "/home/pete/wefwefwef/docs/other/4635745323/smk_api_common-tag-v1.0.19/smk_api_common"
$ infinity  `curl --fail --silent --show-error --location --output 'v1.0.19.zip' 'https://github.com/smarkets/smk_api_common/archive/v1.0.19.zip'  2>&1`
$ cd "/home/pete/wefwefwef/docs/erldocs_other.git"
$ cd "/home/pete/wefwefwef/docs/other/4635745323/smk_api_common-tag-v1.0.19/smk_api_common"
$ 5000  `find -P . -type l -delete  2>&1`
$ cd "/home/pete/wefwefwef/docs/erldocs_other.git"
$ cd "/home/pete/wefwefwef/docs/other/4635745323/smk_api_common-tag-v1.0.19/smk_api_common"
$ 5000  `find 'smk_api_common-1.0.19' -mindepth 1 -maxdepth 1 -exec mv -t . -- {} +  2>&1`
$ cd "/home/pete/wefwefwef/docs/erldocs_other.git"
 :: Getting dependencies
$ cd "/home/pete/wefwefwef/docs/other/4635745323/smk_api_common-tag-v1.0.19/smk_api_common"
$ infinity  `rebar --config '/home/pete/wefwefwef/docs/other/4635745323/smk_api_common-tag-v1.0.19/rebar_deps' get-deps  2>&1`
$ cd "/home/pete/wefwefwef/docs/erldocs_other.git"
$ cd "/home/pete/wefwefwef/docs/other/4635745323/smk_api_common-tag-v1.0.19/smk_api_common"
$ 5000  `find -P . -type l -delete  2>&1`
$ cd "/home/pete/wefwefwef/docs/erldocs_other.git"
$ cd "/home/pete/wefwefwef/docs/other/4635745323/smk_api_common-tag-v1.0.19/smk_api_common"
$ 5000  `ls -1 deps/  2>&1`
$ cd "/home/pete/wefwefwef/docs/erldocs_other.git"
>>> [rebar] deps = []
 :: Generating erldocs into /home/pete/wefwefwef/docs/other/4635745323/repo/v1.0.19
Building smk_api_common
Generating XML for application smk_api_common "/home/pete/wefwefwef/docs/other/4635745323/smk_api_common-tag-v1.0.19/smk_api_common" -> "/home/pete/wefwefwef/docs/other/4635745323/repo/v1.0.19/.xml/smk_api_common"
Generated smk_api_common XMLs: []
No documentation was generated!
Woot, finished in 0 Minutes 0 Seconds
 :: Discovering other repos
$ 5000  `rm -r '/home/pete/wefwefwef/docs/other/4635745323/smk_api_common-tag-v1.0.19'  2>&1`
 :: Processing https://github.com/smarkets/smk_api_common	{rev,tag,"v1.0.20","eb0b1da4e5a75388ec26fd7effb3d8425f427df4",undefined,[],[]}
 :: Fetching repo code
$ cd "/home/pete/wefwefwef/docs/other/4635745323/smk_api_common-tag-v1.0.20/smk_api_common"
$ infinity  `curl --fail --silent --show-error --location --output 'v1.0.20.zip' 'https://github.com/smarkets/smk_api_common/archive/v1.0.20.zip'  2>&1`
$ cd "/home/pete/wefwefwef/docs/erldocs_other.git"
$ cd "/home/pete/wefwefwef/docs/other/4635745323/smk_api_common-tag-v1.0.20/smk_api_common"
$ 5000  `find -P . -type l -delete  2>&1`
$ cd "/home/pete/wefwefwef/docs/erldocs_other.git"
$ cd "/home/pete/wefwefwef/docs/other/4635745323/smk_api_common-tag-v1.0.20/smk_api_common"
$ 5000  `find 'smk_api_common-1.0.20' -mindepth 1 -maxdepth 1 -exec mv -t . -- {} +  2>&1`
$ cd "/home/pete/wefwefwef/docs/erldocs_other.git"
 :: Getting dependencies
$ cd "/home/pete/wefwefwef/docs/other/4635745323/smk_api_common-tag-v1.0.20/smk_api_common"
$ infinity  `rebar --config '/home/pete/wefwefwef/docs/other/4635745323/smk_api_common-tag-v1.0.20/rebar_deps' get-deps  2>&1`
$ cd "/home/pete/wefwefwef/docs/erldocs_other.git"
$ cd "/home/pete/wefwefwef/docs/other/4635745323/smk_api_common-tag-v1.0.20/smk_api_common"
$ 5000  `find -P . -type l -delete  2>&1`
$ cd "/home/pete/wefwefwef/docs/erldocs_other.git"
$ cd "/home/pete/wefwefwef/docs/other/4635745323/smk_api_common-tag-v1.0.20/smk_api_common"
$ 5000  `ls -1 deps/  2>&1`
$ cd "/home/pete/wefwefwef/docs/erldocs_other.git"
>>> [rebar] deps = []
 :: Generating erldocs into /home/pete/wefwefwef/docs/other/4635745323/repo/v1.0.20
Building smk_api_common
Generating XML for application smk_api_common "/home/pete/wefwefwef/docs/other/4635745323/smk_api_common-tag-v1.0.20/smk_api_common" -> "/home/pete/wefwefwef/docs/other/4635745323/repo/v1.0.20/.xml/smk_api_common"
Generated smk_api_common XMLs: []
No documentation was generated!
Woot, finished in 0 Minutes 0 Seconds
 :: Discovering other repos
$ 5000  `rm -r '/home/pete/wefwefwef/docs/other/4635745323/smk_api_common-tag-v1.0.20'  2>&1`
 :: Processing https://github.com/smarkets/smk_api_common	{rev,tag,"v1.0.27","c01f5324134255ee67e4e4edda46e27ce8fe9911",undefined,[],[]}
 :: Fetching repo code
$ cd "/home/pete/wefwefwef/docs/other/4635745323/smk_api_common-tag-v1.0.27/smk_api_common"
$ infinity  `curl --fail --silent --show-error --location --output 'v1.0.27.zip' 'https://github.com/smarkets/smk_api_common/archive/v1.0.27.zip'  2>&1`
$ cd "/home/pete/wefwefwef/docs/erldocs_other.git"
$ cd "/home/pete/wefwefwef/docs/other/4635745323/smk_api_common-tag-v1.0.27/smk_api_common"
$ 5000  `find -P . -type l -delete  2>&1`
$ cd "/home/pete/wefwefwef/docs/erldocs_other.git"
$ cd "/home/pete/wefwefwef/docs/other/4635745323/smk_api_common-tag-v1.0.27/smk_api_common"
$ 5000  `find 'smk_api_common-1.0.27' -mindepth 1 -maxdepth 1 -exec mv -t . -- {} +  2>&1`
$ cd "/home/pete/wefwefwef/docs/erldocs_other.git"
 :: Getting dependencies
$ cd "/home/pete/wefwefwef/docs/other/4635745323/smk_api_common-tag-v1.0.27/smk_api_common"
$ infinity  `rebar --config '/home/pete/wefwefwef/docs/other/4635745323/smk_api_common-tag-v1.0.27/rebar_deps' get-deps  2>&1`
$ cd "/home/pete/wefwefwef/docs/erldocs_other.git"
$ cd "/home/pete/wefwefwef/docs/other/4635745323/smk_api_common-tag-v1.0.27/smk_api_common"
$ 5000  `find -P . -type l -delete  2>&1`
$ cd "/home/pete/wefwefwef/docs/erldocs_other.git"
$ cd "/home/pete/wefwefwef/docs/other/4635745323/smk_api_common-tag-v1.0.27/smk_api_common"
$ 5000  `ls -1 deps/  2>&1`
$ cd "/home/pete/wefwefwef/docs/erldocs_other.git"
>>> [rebar] deps = []
 :: Generating erldocs into /home/pete/wefwefwef/docs/other/4635745323/repo/v1.0.27
Building smk_api_common
Generating XML for application smk_api_common "/home/pete/wefwefwef/docs/other/4635745323/smk_api_common-tag-v1.0.27/smk_api_common" -> "/home/pete/wefwefwef/docs/other/4635745323/repo/v1.0.27/.xml/smk_api_common"
Generated smk_api_common XMLs: []
No documentation was generated!
Woot, finished in 0 Minutes 0 Seconds
 :: Discovering other repos
$ 5000  `rm -r '/home/pete/wefwefwef/docs/other/4635745323/smk_api_common-tag-v1.0.27'  2>&1`
 :: Processing https://github.com/smarkets/smk_api_common	{rev,tag,"v1.0.3","88ce95a1597b8ab7a6240a2135b11ae31",undefined,[],[]}
 :: Fetching repo code
$ cd "/home/pete/wefwefwef/docs/other/4635745323/smk_api_common-tag-v1.0.3/smk_api_common"
$ infinity  `curl --fail --silent --show-error --location --output 'v1.0.3.zip' 'https://github.com/smarkets/smk_api_common/archive/v1.0.3.zip'  2>&1`
$ cd "/home/pete/wefwefwef/docs/erldocs_other.git"
$ cd "/home/pete/wefwefwef/docs/other/4635745323/smk_api_common-tag-v1.0.3/smk_api_common"
$ 5000  `find -P . -type l -delete  2>&1`
$ cd "/home/pete/wefwefwef/docs/erldocs_other.git"
$ cd "/home/pete/wefwefwef/docs/other/4635745323/smk_api_common-tag-v1.0.3/smk_api_common"
$ 5000  `find 'smk_api_common-1.0.3' -mindepth 1 -maxdepth 1 -exec mv -t . -- {} +  2>&1`
$ cd "/home/pete/wefwefwef/docs/erldocs_other.git"
 :: Getting dependencies
$ cd "/home/pete/wefwefwef/docs/other/4635745323/smk_api_common-tag-v1.0.3/smk_api_common"
$ infinity  `rebar --config '/home/pete/wefwefwef/docs/other/4635745323/smk_api_common-tag-v1.0.3/rebar_deps' get-deps  2>&1`
$ cd "/home/pete/wefwefwef/docs/erldocs_other.git"
$ cd "/home/pete/wefwefwef/docs/other/4635745323/smk_api_common-tag-v1.0.3/smk_api_common"
$ 5000  `find -P . -type l -delete  2>&1`
$ cd "/home/pete/wefwefwef/docs/erldocs_other.git"
$ cd "/home/pete/wefwefwef/docs/other/4635745323/smk_api_common-tag-v1.0.3/smk_api_common"
$ 5000  `ls -1 deps/  2>&1`
$ cd "/home/pete/wefwefwef/docs/erldocs_other.git"
>>> [rebar] deps = []
 :: Generating erldocs into /home/pete/wefwefwef/docs/other/4635745323/repo/v1.0.3
Building smk_api_common
Generating XML for application smk_api_common "/home/pete/wefwefwef/docs/other/4635745323/smk_api_common-tag-v1.0.3/smk_api_common" -> "/home/pete/wefwefwef/docs/other/4635745323/repo/v1.0.3/.xml/smk_api_common"
Generated smk_api_common XMLs: []
No documentation was generated!
Woot, finished in 0 Minutes 0 Seconds
 :: Discovering other repos
$ 5000  `rm -r '/home/pete/wefwefwef/docs/other/4635745323/smk_api_common-tag-v1.0.3'  2>&1`
 :: Processing https://github.com/smarkets/smk_api_common	{rev,tag,"v1.0.5","56da055cf56e7d880996c74200e1984083dfc9aa",undefined,[],[]}
 :: Fetching repo code
$ cd "/home/pete/wefwefwef/docs/other/4635745323/smk_api_common-tag-v1.0.5/smk_api_common"
$ infinity  `curl --fail --silent --show-error --location --output 'v1.0.5.zip' 'https://github.com/smarkets/smk_api_common/archive/v1.0.5.zip'  2>&1`
$ cd "/home/pete/wefwefwef/docs/erldocs_other.git"
$ cd "/home/pete/wefwefwef/docs/other/4635745323/smk_api_common-tag-v1.0.5/smk_api_common"
$ 5000  `find -P . -type l -delete  2>&1`
$ cd "/home/pete/wefwefwef/docs/erldocs_other.git"
$ cd "/home/pete/wefwefwef/docs/other/4635745323/smk_api_common-tag-v1.0.5/smk_api_common"
$ 5000  `find 'smk_api_common-1.0.5' -mindepth 1 -maxdepth 1 -exec mv -t . -- {} +  2>&1`
$ cd "/home/pete/wefwefwef/docs/erldocs_other.git"
 :: Getting dependencies
$ cd "/home/pete/wefwefwef/docs/other/4635745323/smk_api_common-tag-v1.0.5/smk_api_common"
$ infinity  `rebar --config '/home/pete/wefwefwef/docs/other/4635745323/smk_api_common-tag-v1.0.5/rebar_deps' get-deps  2>&1`
$ cd "/home/pete/wefwefwef/docs/erldocs_other.git"
$ cd "/home/pete/wefwefwef/docs/other/4635745323/smk_api_common-tag-v1.0.5/smk_api_common"
$ 5000  `find -P . -type l -delete  2>&1`
$ cd "/home/pete/wefwefwef/docs/erldocs_other.git"
$ cd "/home/pete/wefwefwef/docs/other/4635745323/smk_api_common-tag-v1.0.5/smk_api_common"
$ 5000  `ls -1 deps/  2>&1`
$ cd "/home/pete/wefwefwef/docs/erldocs_other.git"
>>> [rebar] deps = []
 :: Generating erldocs into /home/pete/wefwefwef/docs/other/4635745323/repo/v1.0.5
Building smk_api_common
Generating XML for application smk_api_common "/home/pete/wefwefwef/docs/other/4635745323/smk_api_common-tag-v1.0.5/smk_api_common" -> "/home/pete/wefwefwef/docs/other/4635745323/repo/v1.0.5/.xml/smk_api_common"
Generated smk_api_common XMLs: []
No documentation was generated!
Woot, finished in 0 Minutes 0 Seconds
 :: Discovering other repos
$ 5000  `rm -r '/home/pete/wefwefwef/docs/other/4635745323/smk_api_common-tag-v1.0.5'  2>&1`
 :: Processing https://github.com/smarkets/smk_api_common	{rev,tag,"v1.0.6","aed372bb8cf2bba634ecd2ac3e5e8fb10b11ab1a",undefined,[],[]}
 :: Fetching repo code
$ cd "/home/pete/wefwefwef/docs/other/4635745323/smk_api_common-tag-v1.0.6/smk_api_common"
$ infinity  `curl --fail --silent --show-error --location --output 'v1.0.6.zip' 'https://github.com/smarkets/smk_api_common/archive/v1.0.6.zip'  2>&1`
$ cd "/home/pete/wefwefwef/docs/erldocs_other.git"
$ cd "/home/pete/wefwefwef/docs/other/4635745323/smk_api_common-tag-v1.0.6/smk_api_common"
$ 5000  `find -P . -type l -delete  2>&1`
$ cd "/home/pete/wefwefwef/docs/erldocs_other.git"
$ cd "/home/pete/wefwefwef/docs/other/4635745323/smk_api_common-tag-v1.0.6/smk_api_common"
$ 5000  `find 'smk_api_common-1.0.6' -mindepth 1 -maxdepth 1 -exec mv -t . -- {} +  2>&1`
$ cd "/home/pete/wefwefwef/docs/erldocs_other.git"
 :: Getting dependencies
$ cd "/home/pete/wefwefwef/docs/other/4635745323/smk_api_common-tag-v1.0.6/smk_api_common"
$ infinity  `rebar --config '/home/pete/wefwefwef/docs/other/4635745323/smk_api_common-tag-v1.0.6/rebar_deps' get-deps  2>&1`
$ cd "/home/pete/wefwefwef/docs/erldocs_other.git"
$ cd "/home/pete/wefwefwef/docs/other/4635745323/smk_api_common-tag-v1.0.6/smk_api_common"
$ 5000  `find -P . -type l -delete  2>&1`
$ cd "/home/pete/wefwefwef/docs/erldocs_other.git"
$ cd "/home/pete/wefwefwef/docs/other/4635745323/smk_api_common-tag-v1.0.6/smk_api_common"
$ 5000  `ls -1 deps/  2>&1`
$ cd "/home/pete/wefwefwef/docs/erldocs_other.git"
>>> [rebar] deps = []
 :: Generating erldocs into /home/pete/wefwefwef/docs/other/4635745323/repo/v1.0.6
Building smk_api_common
Generating XML for application smk_api_common "/home/pete/wefwefwef/docs/other/4635745323/smk_api_common-tag-v1.0.6/smk_api_common" -> "/home/pete/wefwefwef/docs/other/4635745323/repo/v1.0.6/.xml/smk_api_common"
Generated smk_api_common XMLs: []
No documentation was generated!
Woot, finished in 0 Minutes 0 Seconds
 :: Discovering other repos
$ 5000  `rm -r '/home/pete/wefwefwef/docs/other/4635745323/smk_api_common-tag-v1.0.6'  2>&1`
 :: Processing https://github.com/smarkets/smk_api_common	{rev,branch,"master","c01f5324134255ee67e4e4edda46e27ce8fe9911",undefined,[],[]}
 :: Fetching repo code
$ cd "/home/pete/wefwefwef/docs/other/4635745323/smk_api_common-branch-master/smk_api_common"
$ infinity  `curl --fail --silent --show-error --location --output 'master.zip' 'https://github.com/smarkets/smk_api_common/archive/master.zip'  2>&1`
$ cd "/home/pete/wefwefwef/docs/erldocs_other.git"
$ cd "/home/pete/wefwefwef/docs/other/4635745323/smk_api_common-branch-master/smk_api_common"
$ 5000  `find -P . -type l -delete  2>&1`
$ cd "/home/pete/wefwefwef/docs/erldocs_other.git"
$ cd "/home/pete/wefwefwef/docs/other/4635745323/smk_api_common-branch-master/smk_api_common"
$ 5000  `find 'smk_api_common-master' -mindepth 1 -maxdepth 1 -exec mv -t . -- {} +  2>&1`
$ cd "/home/pete/wefwefwef/docs/erldocs_other.git"
 :: Getting dependencies
$ cd "/home/pete/wefwefwef/docs/other/4635745323/smk_api_common-branch-master/smk_api_common"
$ infinity  `rebar --config '/home/pete/wefwefwef/docs/other/4635745323/smk_api_common-branch-master/rebar_deps' get-deps  2>&1`
$ cd "/home/pete/wefwefwef/docs/erldocs_other.git"
$ cd "/home/pete/wefwefwef/docs/other/4635745323/smk_api_common-branch-master/smk_api_common"
$ 5000  `find -P . -type l -delete  2>&1`
$ cd "/home/pete/wefwefwef/docs/erldocs_other.git"
$ cd "/home/pete/wefwefwef/docs/other/4635745323/smk_api_common-branch-master/smk_api_common"
$ 5000  `ls -1 deps/  2>&1`
$ cd "/home/pete/wefwefwef/docs/erldocs_other.git"
>>> [rebar] deps = []
 :: Generating erldocs into /home/pete/wefwefwef/docs/other/4635745323/repo/master
Building smk_api_common
Generating XML for application smk_api_common "/home/pete/wefwefwef/docs/other/4635745323/smk_api_common-branch-master/smk_api_common" -> "/home/pete/wefwefwef/docs/other/4635745323/repo/master/.xml/smk_api_common"
Generated smk_api_common XMLs: []
No documentation was generated!
Woot, finished in 0 Minutes 0 Seconds
 :: Discovering other repos
$ 5000  `rm -r '/home/pete/wefwefwef/docs/other/4635745323/smk_api_common-branch-master'  2>&1`
 :: Finishing up
$ 5000  `rm -r '/home/pete/wefwefwef/docs/other/4635745323/smk_api_common'  2>&1`
$ 5000  `rm -r '/home/pete/wefwefwef/docs/other/4635745323/repo/v0.7.6'  2>&1`
$ 5000  `rm -r '/home/pete/wefwefwef/docs/other/4635745323/repo/v0.7.7'  2>&1`
$ 5000  `rm -r '/home/pete/wefwefwef/docs/other/4635745323/repo/v1.0.1'  2>&1`
$ 5000  `rm -r '/home/pete/wefwefwef/docs/other/4635745323/repo/v1.0.10'  2>&1`
$ 5000  `rm -r '/home/pete/wefwefwef/docs/other/4635745323/repo/v1.0.11'  2>&1`
$ 5000  `rm -r '/home/pete/wefwefwef/docs/other/4635745323/repo/v1.0.12'  2>&1`
$ 5000  `rm -r '/home/pete/wefwefwef/docs/other/4635745323/repo/v1.0.13'  2>&1`
$ 5000  `rm -r '/home/pete/wefwefwef/docs/other/4635745323/repo/v1.0.14'  2>&1`
$ 5000  `rm -r '/home/pete/wefwefwef/docs/other/4635745323/repo/v1.0.15'  2>&1`
$ 5000  `rm -r '/home/pete/wefwefwef/docs/other/4635745323/repo/v1.0.17'  2>&1`
$ 5000  `rm -r '/home/pete/wefwefwef/docs/other/4635745323/repo/v1.0.2'  2>&1`
$ 5000  `rm -r '/home/pete/wefwefwef/docs/other/4635745323/repo/v1.0.21'  2>&1`
$ 5000  `rm -r '/home/pete/wefwefwef/docs/other/4635745323/repo/v1.0.22'  2>&1`
$ 5000  `rm -r '/home/pete/wefwefwef/docs/other/4635745323/repo/v1.0.23'  2>&1`
$ 5000  `rm -r '/home/pete/wefwefwef/docs/other/4635745323/repo/v1.0.24'  2>&1`
$ 5000  `rm -r '/home/pete/wefwefwef/docs/other/4635745323/repo/v1.0.25'  2>&1`
$ 5000  `rm -r '/home/pete/wefwefwef/docs/other/4635745323/repo/v1.0.26'  2>&1`
$ 5000  `rm -r '/home/pete/wefwefwef/docs/other/4635745323/repo/v1.0.4'  2>&1`
$ 5000  `rm -r '/home/pete/wefwefwef/docs/other/4635745323/repo/v1.0.7'  2>&1`
$ 5000  `rm -r '/home/pete/wefwefwef/docs/other/4635745323/repo/v1.0.8'  2>&1`
$ 5000  `rm -r '/home/pete/wefwefwef/docs/other/4635745323/repo/v1.0.9'  2>&1`
$ 5000  `rm -r '/home/pete/wefwefwef/docs/other/4635745323/repo/0.1-alpha'  2>&1`
$ 5000  `rm -r '/home/pete/wefwefwef/docs/other/4635745323/repo/v0.2.0'  2>&1`
$ 5000  `rm -r '/home/pete/wefwefwef/docs/other/4635745323/repo/v0.2.1'  2>&1`
$ 5000  `rm -r '/home/pete/wefwefwef/docs/other/4635745323/repo/v0.3.0'  2>&1`
$ 5000  `rm -r '/home/pete/wefwefwef/docs/other/4635745323/repo/v0.3.1'  2>&1`
$ 5000  `rm -r '/home/pete/wefwefwef/docs/other/4635745323/repo/v0.3.2'  2>&1`
$ 5000  `rm -r '/home/pete/wefwefwef/docs/other/4635745323/repo/v0.4.0'  2>&1`
$ 5000  `rm -r '/home/pete/wefwefwef/docs/other/4635745323/repo/v0.4.1'  2>&1`
$ 5000  `rm -r '/home/pete/wefwefwef/docs/other/4635745323/repo/v0.4.2'  2>&1`
$ 5000  `rm -r '/home/pete/wefwefwef/docs/other/4635745323/repo/v0.5.0'  2>&1`
$ 5000  `rm -r '/home/pete/wefwefwef/docs/other/4635745323/repo/v0.6.0'  2>&1`
$ 5000  `rm -r '/home/pete/wefwefwef/docs/other/4635745323/repo/v0.6.1'  2>&1`
$ 5000  `rm -r '/home/pete/wefwefwef/docs/other/4635745323/repo/v0.6.2'  2>&1`
$ 5000  `rm -r '/home/pete/wefwefwef/docs/other/4635745323/repo/v0.6.3'  2>&1`
$ 5000  `rm -r '/home/pete/wefwefwef/docs/other/4635745323/repo/v0.6.4'  2>&1`
$ 5000  `rm -r '/home/pete/wefwefwef/docs/other/4635745323/repo/v0.6.5'  2>&1`
$ 5000  `rm -r '/home/pete/wefwefwef/docs/other/4635745323/repo/v0.6.6'  2>&1`
$ 5000  `rm -r '/home/pete/wefwefwef/docs/other/4635745323/repo/v0.6.7'  2>&1`
$ 5000  `rm -r '/home/pete/wefwefwef/docs/other/4635745323/repo/v0.6.8'  2>&1`
$ 5000  `rm -r '/home/pete/wefwefwef/docs/other/4635745323/repo/v0.7.0'  2>&1`
$ 5000  `rm -r '/home/pete/wefwefwef/docs/other/4635745323/repo/v0.7.1'  2>&1`
$ 5000  `rm -r '/home/pete/wefwefwef/docs/other/4635745323/repo/v0.7.10'  2>&1`
$ 5000  `rm -r '/home/pete/wefwefwef/docs/other/4635745323/repo/v0.7.2'  2>&1`
$ 5000  `rm -r '/home/pete/wefwefwef/docs/other/4635745323/repo/v0.7.3'  2>&1`
$ 5000  `rm -r '/home/pete/wefwefwef/docs/other/4635745323/repo/v0.7.4'  2>&1`
$ 5000  `rm -r '/home/pete/wefwefwef/docs/other/4635745323/repo/v0.7.5'  2>&1`
$ 5000  `rm -r '/home/pete/wefwefwef/docs/other/4635745323/repo/v0.7.8'  2>&1`
$ 5000  `rm -r '/home/pete/wefwefwef/docs/other/4635745323/repo/v0.7.9'  2>&1`
$ 5000  `rm -r '/home/pete/wefwefwef/docs/other/4635745323/repo/v1.0.0'  2>&1`
$ 5000  `rm -r '/home/pete/wefwefwef/docs/other/4635745323/repo/v1.0.16'  2>&1`
$ 5000  `rm -r '/home/pete/wefwefwef/docs/other/4635745323/repo/v1.0.18'  2>&1`
$ 5000  `rm -r '/home/pete/wefwefwef/docs/other/4635745323/repo/v1.0.19'  2>&1`
$ 5000  `rm -r '/home/pete/wefwefwef/docs/other/4635745323/repo/v1.0.20'  2>&1`
$ 5000  `rm -r '/home/pete/wefwefwef/docs/other/4635745323/repo/v1.0.27'  2>&1`
$ 5000  `rm -r '/home/pete/wefwefwef/docs/other/4635745323/repo/v1.0.3'  2>&1`
$ 5000  `rm -r '/home/pete/wefwefwef/docs/other/4635745323/repo/v1.0.5'  2>&1`
$ 5000  `rm -r '/home/pete/wefwefwef/docs/other/4635745323/repo/v1.0.6'  2>&1`
$ 5000  `rm -r '/home/pete/wefwefwef/docs/other/4635745323/repo/master'  2>&1`
