 :: Extracting meta information
$ 5000  `git ls-remote --heads --tags 'https://github.com/mswimmer/erlang-email-address'  2>&1`
>>> [repo] 1 branches, 0 tags
 :: Writing meta to "/home/pete/wefwefwef/docs/other/4853782645/meta.txt"
 :: Processing https://github.com/mswimmer/erlang-email-address	{rev,branch,"master","861110d31e5b3a02f9a9146b8015b969a191d6a6",undefined,[],[]}
 :: Fetching repo code
$ cd "/home/pete/wefwefwef/docs/other/4853782645/erlang-email-address-branch-master/erlang-email-address"
$ infinity  `curl --fail --silent --show-error --location --output 'master.zip' 'https://github.com/mswimmer/erlang-email-address/archive/master.zip'  2>&1`
$ cd "/home/pete/wefwefwef/docs/erldocs_other.git"
$ cd "/home/pete/wefwefwef/docs/other/4853782645/erlang-email-address-branch-master/erlang-email-address"
$ 5000  `find -P . -type l -delete  2>&1`
$ cd "/home/pete/wefwefwef/docs/erldocs_other.git"
$ cd "/home/pete/wefwefwef/docs/other/4853782645/erlang-email-address-branch-master/erlang-email-address"
$ 5000  `find 'erlang-email-address-master' -mindepth 1 -maxdepth 1 -exec mv -t . -- {} +  2>&1`
$ cd "/home/pete/wefwefwef/docs/erldocs_other.git"
 :: Getting dependencies
$ cd "/home/pete/wefwefwef/docs/other/4853782645/erlang-email-address-branch-master/erlang-email-address"
$ 5000  `ls -1 deps/  2>&1`
$ cd "/home/pete/wefwefwef/docs/erldocs_other.git"
>>> [rebar] deps = []
 :: Generating erldocs into /home/pete/wefwefwef/docs/other/4853782645/repo/master
Building erlang-email-address
Generating Type Specs - "/home/pete/wefwefwef/docs/other/4853782645/erlang-email-address-branch-master/erlang-email-address/src/email_address.erl"
Generating Type Specs - "/home/pete/wefwefwef/docs/other/4853782645/erlang-email-address-branch-master/erlang-email-address/src/email_address_app.erl"
Generating Type Specs - "/home/pete/wefwefwef/docs/other/4853782645/erlang-email-address-branch-master/erlang-email-address/src/email_address_sup.erl"
Generating XML for application erlang-email-address "/home/pete/wefwefwef/docs/other/4853782645/erlang-email-address-branch-master/erlang-email-address" -> "/home/pete/wefwefwef/docs/other/4853782645/repo/master/.xml/erlang-email-address"
Generated erlang-email-address XMLs: ["/home/pete/wefwefwef/docs/other/4853782645/repo/master/.xml/erlang-email-address/email_address.xml",
                                      "/home/pete/wefwefwef/docs/other/4853782645/repo/master/.xml/erlang-email-address/email_address_app.xml",
                                      "/home/pete/wefwefwef/docs/other/4853782645/repo/master/.xml/erlang-email-address/email_address_sup.xml"]
Generating HTML - email_address_sup "/home/pete/wefwefwef/docs/other/4853782645/repo/master/.xml/erlang-email-address/email_address_sup.xml"
Reading XML for "/home/pete/wefwefwef/docs/other/4853782645/repo/master/.xml/erlang-email-address/email_address_sup.xml"
Reading XML for "/home/pete/wefwefwef/docs/other/4853782645/repo/master/.xml/specs_email_address_sup.xml"
Generating HTML - email_address_app "/home/pete/wefwefwef/docs/other/4853782645/repo/master/.xml/erlang-email-address/email_address_app.xml"
Reading XML for "/home/pete/wefwefwef/docs/other/4853782645/repo/master/.xml/erlang-email-address/email_address_app.xml"
Reading XML for "/home/pete/wefwefwef/docs/other/4853782645/repo/master/.xml/specs_email_address_app.xml"
Generating HTML - email_address "/home/pete/wefwefwef/docs/other/4853782645/repo/master/.xml/erlang-email-address/email_address.xml"
Reading XML for "/home/pete/wefwefwef/docs/other/4853782645/repo/master/.xml/erlang-email-address/email_address.xml"
Reading XML for "/home/pete/wefwefwef/docs/other/4853782645/repo/master/.xml/specs_email_address.xml"
Creating index.html ...
Creating erldocs_index.js ...
Woot, finished in 0 Minutes 0 Seconds
 :: Discovering other repos
$ 5000  `rm -r '/home/pete/wefwefwef/docs/other/4853782645/erlang-email-address-branch-master'  2>&1`
 :: Finishing up
$ 5000  `rm -r '/home/pete/wefwefwef/docs/other/4853782645/erlang-email-address'  2>&1`
