 :: Extracting meta information
$ infinity  `git ls-remote --heads --tags 'https://github.com/leo-project/leo_commons'  2>&1`
>>> [repo] 2 branches, 43 tags
 :: Writing meta to "/home/pete/wefwefwef/docs/other/8fab9f090a31ff4da0600fa82f9cd8e18c636cfb/meta.txt"
 :: Skipping tag "0.10.0"
 :: Skipping tag "0.10.1"
 :: Skipping tag "0.10.2"
 :: Skipping tag "0.10.3"
 :: Skipping tag "0.12.0"
 :: Skipping tag "0.12.1"
 :: Skipping tag "0.12.10"
 :: Skipping tag "0.12.11"
 :: Skipping tag "0.12.12"
 :: Skipping tag "0.12.2"
 :: Skipping tag "0.12.3"
 :: Skipping tag "0.12.4"
 :: Skipping tag "0.12.5"
 :: Skipping tag "0.12.6"
 :: Skipping tag "0.12.7"
 :: Skipping tag "0.12.8"
 :: Skipping tag "0.12.9"
 :: Skipping tag "0.14.0"
 :: Skipping tag "0.14.1"
 :: Skipping tag "0.14.10"
 :: Skipping tag "0.14.2"
 :: Skipping tag "0.14.3"
 :: Skipping tag "0.14.4"
 :: Skipping tag "0.14.5"
 :: Skipping tag "0.14.6"
 :: Skipping tag "0.14.7"
 :: Skipping tag "0.14.8"
 :: Skipping tag "0.14.9"
 :: Skipping tag "0.9.0"
 :: Skipping tag "0.9.0.f1"
 :: Skipping tag "0.9.0.f2"
 :: Skipping tag "0.9.1"
 :: Skipping tag "0.9.2"
 :: Skipping tag "0.9.3"
 :: Skipping tag "1.0.0"
 :: Skipping tag "1.0.2"
 :: Skipping tag "1.0.3"
 :: Skipping tag "1.0.4"
 :: Skipping tag "1.0.5"
 :: Skipping tag "1.1.0"
 :: Skipping tag "1.1.1"
 :: Skipping tag "1.1.2"
 :: Skipping tag "1.0.1"
 :: Skipping branch "master"
 :: Processing https://github.com/leo-project/leo_commons	{rev,branch,"develop","5a2d8259ded7fb451f78d6c364c03e1640cd2116",undefined,[],[]}
 :: Fetching repo code
$ cd '/home/pete/wefwefwef/docs/other/8fab9f090a31ff4da0600fa82f9cd8e18c636cfb/leo_commons-branch-develop'
$ infinity  `curl --fail --silent --show-error --location --output repo.tar.gz 'https://codeload.github.com/leo-project/leo_commons/legacy.tar.gz/develop'  2>&1`
$ cd '/home/pete/wefwefwef/docs/erldocs_other.git'
$ cd '/home/pete/wefwefwef/docs/other/8fab9f090a31ff4da0600fa82f9cd8e18c636cfb/leo_commons-branch-develop/leo-project-leo_commons-5a2d825'
$ 5000  `find -P . -type l -delete  2>&1`
$ cd '/home/pete/wefwefwef/docs/erldocs_other.git'
$ 5000  `mv '/home/pete/wefwefwef/docs/other/8fab9f090a31ff4da0600fa82f9cd8e18c636cfb/leo_commons-branch-develop/leo-project-leo_commons-5a2d825' '/home/pete/wefwefwef/docs/other/8fab9f090a31ff4da0600fa82f9cd8e18c636cfb/leo_commons-branch-develop/leo_commons'  2>&1`
 :: Getting dependencies
$ cd '/home/pete/wefwefwef/docs/other/8fab9f090a31ff4da0600fa82f9cd8e18c636cfb/leo_commons-branch-develop/leo_commons'
$ 5000  `ls -1 deps/  2>&1`
$ cd '/home/pete/wefwefwef/docs/erldocs_other.git'
>>> [rebar] deps = []
 :: Generating erldocs into /home/pete/wefwefwef/docs/other/8fab9f090a31ff4da0600fa82f9cd8e18c636cfb/repo/develop
Building leo_commons
Generating Type Specs - "/home/pete/wefwefwef/docs/other/8fab9f090a31ff4da0600fa82f9cd8e18c636cfb/leo_commons-branch-develop/leo_commons/src/leo_commons.erl"
Generating Type Specs - "/home/pete/wefwefwef/docs/other/8fab9f090a31ff4da0600fa82f9cd8e18c636cfb/leo_commons-branch-develop/leo_commons/src/leo_date.erl"
Generating Type Specs - "/home/pete/wefwefwef/docs/other/8fab9f090a31ff4da0600fa82f9cd8e18c636cfb/leo_commons-branch-develop/leo_commons/src/leo_file.erl"
Generating Type Specs - "/home/pete/wefwefwef/docs/other/8fab9f090a31ff4da0600fa82f9cd8e18c636cfb/leo_commons-branch-develop/leo_commons/src/leo_hex.erl"
Generating Type Specs - "/home/pete/wefwefwef/docs/other/8fab9f090a31ff4da0600fa82f9cd8e18c636cfb/leo_commons-branch-develop/leo_commons/src/leo_http.erl"
Generating Type Specs - "/home/pete/wefwefwef/docs/other/8fab9f090a31ff4da0600fa82f9cd8e18c636cfb/leo_commons-branch-develop/leo_commons/src/leo_math.erl"
Generating Type Specs - "/home/pete/wefwefwef/docs/other/8fab9f090a31ff4da0600fa82f9cd8e18c636cfb/leo_commons-branch-develop/leo_commons/src/leo_mime.erl"
Generating Type Specs - "/home/pete/wefwefwef/docs/other/8fab9f090a31ff4da0600fa82f9cd8e18c636cfb/leo_commons-branch-develop/leo_commons/src/leo_misc.erl"
Generating Type Specs - "/home/pete/wefwefwef/docs/other/8fab9f090a31ff4da0600fa82f9cd8e18c636cfb/leo_commons-branch-develop/leo_commons/src/leo_mnesia.erl"
Generating XML for application leo_commons "/home/pete/wefwefwef/docs/other/8fab9f090a31ff4da0600fa82f9cd8e18c636cfb/leo_commons-branch-develop/leo_commons" -> "/home/pete/wefwefwef/docs/other/8fab9f090a31ff4da0600fa82f9cd8e18c636cfb/repo/develop/.xml/leo_commons"
2990- fatal: {invalid_name,"//www."}
/home/pete/wefwefwef/docs/other/8fab9f090a31ff4da0600fa82f9cd8e18c636cfb/leo_commons-branch-develop/leo_commons/src/leo_file.erl, function pread/3: at line 216: error in XML parser: {fatal,{{invalid_name,"//www."},
                             {file,file_name_unknown},
                             {line,217},
                             {col,15}}}.
edoc: skipping source file '/home/pete/wefwefwef/docs/other/8fab9f090a31ff4da0600fa82f9cd8e18c636cfb/leo_commons-branch-develop/leo_commons/src/leo_file.erl': {'EXIT',
                                                                                                                                                          error}.
edoc: error in doclet 'edoc_doclet': {'EXIT',error}.
Error generating leo_commons XMLs. Using fallback ...
Generating XML leo_commons - leo_commons "/home/pete/wefwefwef/docs/other/8fab9f090a31ff4da0600fa82f9cd8e18c636cfb/leo_commons-branch-develop/leo_commons/src/leo_commons.erl" -> "/home/pete/wefwefwef/docs/other/8fab9f090a31ff4da0600fa82f9cd8e18c636cfb/repo/develop/.xml/leo_commons/leo_commons.xml"
Generating XML leo_commons - leo_date "/home/pete/wefwefwef/docs/other/8fab9f090a31ff4da0600fa82f9cd8e18c636cfb/leo_commons-branch-develop/leo_commons/src/leo_date.erl" -> "/home/pete/wefwefwef/docs/other/8fab9f090a31ff4da0600fa82f9cd8e18c636cfb/repo/develop/.xml/leo_commons/leo_date.xml"
Generating XML leo_commons - leo_file "/home/pete/wefwefwef/docs/other/8fab9f090a31ff4da0600fa82f9cd8e18c636cfb/leo_commons-branch-develop/leo_commons/src/leo_file.erl" -> "/home/pete/wefwefwef/docs/other/8fab9f090a31ff4da0600fa82f9cd8e18c636cfb/repo/develop/.xml/leo_commons/leo_file.xml"
2990- fatal: {invalid_name,"//www."}
/home/pete/wefwefwef/docs/other/8fab9f090a31ff4da0600fa82f9cd8e18c636cfb/leo_commons-branch-develop/leo_commons/src/leo_file.erl, function pread/3: at line 216: error in XML parser: {fatal,{{invalid_name,"//www."},
                             {file,file_name_unknown},
                             {line,217},
                             {col,15}}}.
Error generating XML ("/home/pete/wefwefwef/docs/other/8fab9f090a31ff4da0600fa82f9cd8e18c636cfb/leo_commons-branch-develop/leo_commons/src/leo_file.erl"): {'EXIT',
                                                                                                                                                            error}
Generating XML leo_commons - leo_hex "/home/pete/wefwefwef/docs/other/8fab9f090a31ff4da0600fa82f9cd8e18c636cfb/leo_commons-branch-develop/leo_commons/src/leo_hex.erl" -> "/home/pete/wefwefwef/docs/other/8fab9f090a31ff4da0600fa82f9cd8e18c636cfb/repo/develop/.xml/leo_commons/leo_hex.xml"
Generating XML leo_commons - leo_http "/home/pete/wefwefwef/docs/other/8fab9f090a31ff4da0600fa82f9cd8e18c636cfb/leo_commons-branch-develop/leo_commons/src/leo_http.erl" -> "/home/pete/wefwefwef/docs/other/8fab9f090a31ff4da0600fa82f9cd8e18c636cfb/repo/develop/.xml/leo_commons/leo_http.xml"
Generating XML leo_commons - leo_math "/home/pete/wefwefwef/docs/other/8fab9f090a31ff4da0600fa82f9cd8e18c636cfb/leo_commons-branch-develop/leo_commons/src/leo_math.erl" -> "/home/pete/wefwefwef/docs/other/8fab9f090a31ff4da0600fa82f9cd8e18c636cfb/repo/develop/.xml/leo_commons/leo_math.xml"
Generating XML leo_commons - leo_mime "/home/pete/wefwefwef/docs/other/8fab9f090a31ff4da0600fa82f9cd8e18c636cfb/leo_commons-branch-develop/leo_commons/src/leo_mime.erl" -> "/home/pete/wefwefwef/docs/other/8fab9f090a31ff4da0600fa82f9cd8e18c636cfb/repo/develop/.xml/leo_commons/leo_mime.xml"
Generating XML leo_commons - leo_misc "/home/pete/wefwefwef/docs/other/8fab9f090a31ff4da0600fa82f9cd8e18c636cfb/leo_commons-branch-develop/leo_commons/src/leo_misc.erl" -> "/home/pete/wefwefwef/docs/other/8fab9f090a31ff4da0600fa82f9cd8e18c636cfb/repo/develop/.xml/leo_commons/leo_misc.xml"
Generating XML leo_commons - leo_mnesia "/home/pete/wefwefwef/docs/other/8fab9f090a31ff4da0600fa82f9cd8e18c636cfb/leo_commons-branch-develop/leo_commons/src/leo_mnesia.erl" -> "/home/pete/wefwefwef/docs/other/8fab9f090a31ff4da0600fa82f9cd8e18c636cfb/repo/develop/.xml/leo_commons/leo_mnesia.xml"
Generating HTML - leo_misc "/home/pete/wefwefwef/docs/other/8fab9f090a31ff4da0600fa82f9cd8e18c636cfb/repo/develop/.xml/leo_commons/leo_misc.xml"
Generating HTML - leo_math "/home/pete/wefwefwef/docs/other/8fab9f090a31ff4da0600fa82f9cd8e18c636cfb/repo/develop/.xml/leo_commons/leo_math.xml"
Generating HTML - leo_hex "/home/pete/wefwefwef/docs/other/8fab9f090a31ff4da0600fa82f9cd8e18c636cfb/repo/develop/.xml/leo_commons/leo_hex.xml"
Generating HTML - leo_commons "/home/pete/wefwefwef/docs/other/8fab9f090a31ff4da0600fa82f9cd8e18c636cfb/repo/develop/.xml/leo_commons/leo_commons.xml"
Reading XML for "/home/pete/wefwefwef/docs/other/8fab9f090a31ff4da0600fa82f9cd8e18c636cfb/repo/develop/.xml/leo_commons/leo_misc.xml"
Reading XML for "/home/pete/wefwefwef/docs/other/8fab9f090a31ff4da0600fa82f9cd8e18c636cfb/repo/develop/.xml/leo_commons/leo_math.xml"
Reading XML for "/home/pete/wefwefwef/docs/other/8fab9f090a31ff4da0600fa82f9cd8e18c636cfb/repo/develop/.xml/leo_commons/leo_hex.xml"
Reading XML for "/home/pete/wefwefwef/docs/other/8fab9f090a31ff4da0600fa82f9cd8e18c636cfb/repo/develop/.xml/leo_commons/leo_commons.xml"
Reading XML for "/home/pete/wefwefwef/docs/other/8fab9f090a31ff4da0600fa82f9cd8e18c636cfb/repo/develop/.xml/specs_leo_misc.xml"
Reading XML for "/home/pete/wefwefwef/docs/other/8fab9f090a31ff4da0600fa82f9cd8e18c636cfb/repo/develop/.xml/specs_leo_math.xml"
Reading XML for "/home/pete/wefwefwef/docs/other/8fab9f090a31ff4da0600fa82f9cd8e18c636cfb/repo/develop/.xml/specs_leo_commons.xml"
Generating HTML - leo_mime "/home/pete/wefwefwef/docs/other/8fab9f090a31ff4da0600fa82f9cd8e18c636cfb/repo/develop/.xml/leo_commons/leo_mime.xml"
Reading XML for "/home/pete/wefwefwef/docs/other/8fab9f090a31ff4da0600fa82f9cd8e18c636cfb/repo/develop/.xml/specs_leo_hex.xml"
Reading XML for "/home/pete/wefwefwef/docs/other/8fab9f090a31ff4da0600fa82f9cd8e18c636cfb/repo/develop/.xml/leo_commons/leo_mime.xml"
Generating HTML - leo_date "/home/pete/wefwefwef/docs/other/8fab9f090a31ff4da0600fa82f9cd8e18c636cfb/repo/develop/.xml/leo_commons/leo_date.xml"
Reading XML for "/home/pete/wefwefwef/docs/other/8fab9f090a31ff4da0600fa82f9cd8e18c636cfb/repo/develop/.xml/leo_commons/leo_date.xml"
Generating HTML - leo_mnesia "/home/pete/wefwefwef/docs/other/8fab9f090a31ff4da0600fa82f9cd8e18c636cfb/repo/develop/.xml/leo_commons/leo_mnesia.xml"
Reading XML for "/home/pete/wefwefwef/docs/other/8fab9f090a31ff4da0600fa82f9cd8e18c636cfb/repo/develop/.xml/leo_commons/leo_mnesia.xml"
Generating HTML - leo_http "/home/pete/wefwefwef/docs/other/8fab9f090a31ff4da0600fa82f9cd8e18c636cfb/repo/develop/.xml/leo_commons/leo_http.xml"
Reading XML for "/home/pete/wefwefwef/docs/other/8fab9f090a31ff4da0600fa82f9cd8e18c636cfb/repo/develop/.xml/leo_commons/leo_http.xml"
Reading XML for "/home/pete/wefwefwef/docs/other/8fab9f090a31ff4da0600fa82f9cd8e18c636cfb/repo/develop/.xml/specs_leo_date.xml"
Reading XML for "/home/pete/wefwefwef/docs/other/8fab9f090a31ff4da0600fa82f9cd8e18c636cfb/repo/develop/.xml/specs_leo_mime.xml"
Reading XML for "/home/pete/wefwefwef/docs/other/8fab9f090a31ff4da0600fa82f9cd8e18c636cfb/repo/develop/.xml/specs_leo_mnesia.xml"
Reading XML for "/home/pete/wefwefwef/docs/other/8fab9f090a31ff4da0600fa82f9cd8e18c636cfb/repo/develop/.xml/specs_leo_http.xml"
Creating index.html ...
Creating erldocs_index.js ...
Woot, finished in 0 Minutes 2 Seconds
 :: Discovering other repos
$ 5000  `rm -r '/home/pete/wefwefwef/docs/other/8fab9f090a31ff4da0600fa82f9cd8e18c636cfb/leo_commons-branch-develop'  2>&1`
 :: Finishing up
$ 5000  `rm -r '/home/pete/wefwefwef/docs/other/8fab9f090a31ff4da0600fa82f9cd8e18c636cfb/leo_commons'  2>&1`
