 :: Extracting meta information
$ 5000  `git ls-remote --heads --tags 'https://github.com/qhool/poolboy'  2>&1`
>>> [repo] 10 branches, 22 tags
 :: Writing meta to "/home/pete/wefwefwef/docs/other/3364875082/meta.txt"
 :: Processing https://github.com/qhool/poolboy	{rev,tag,"0.3","0deace6ab4055f6a8ef4684ae0cb162640eb3b52",undefined,[],[]}
 :: Fetching repo code
$ cd "/home/pete/wefwefwef/docs/other/3364875082/poolboy-tag-0.3/poolboy"
$ infinity  `curl --fail --silent --show-error --location --output '0.3.zip' 'https://github.com/qhool/poolboy/archive/0.3.zip'  2>&1`
$ cd "/home/pete/wefwefwef/docs/erldocs_other.git"
$ cd "/home/pete/wefwefwef/docs/other/3364875082/poolboy-tag-0.3/poolboy"
$ 5000  `find -P . -type l -delete  2>&1`
$ cd "/home/pete/wefwefwef/docs/erldocs_other.git"
$ cd "/home/pete/wefwefwef/docs/other/3364875082/poolboy-tag-0.3/poolboy"
$ 5000  `find 'poolboy-0.3' -mindepth 1 -maxdepth 1 -exec mv -t . -- {} +  2>&1`
$ cd "/home/pete/wefwefwef/docs/erldocs_other.git"
 :: Getting dependencies
$ cd "/home/pete/wefwefwef/docs/other/3364875082/poolboy-tag-0.3/poolboy"
$ 5000  `ls -1 deps/  2>&1`
$ cd "/home/pete/wefwefwef/docs/erldocs_other.git"
>>> [rebar] deps = []
 :: Generating erldocs into /home/pete/wefwefwef/docs/other/3364875082/repo/0.3
Building poolboy
Generating Type Specs - "/home/pete/wefwefwef/docs/other/3364875082/poolboy-tag-0.3/poolboy/src/poolboy.erl"
Generating Type Specs - "/home/pete/wefwefwef/docs/other/3364875082/poolboy-tag-0.3/poolboy/src/poolboy_sup.erl"
Generating XML for application poolboy "/home/pete/wefwefwef/docs/other/3364875082/poolboy-tag-0.3/poolboy" -> "/home/pete/wefwefwef/docs/other/3364875082/repo/0.3/.xml/poolboy"
Generated poolboy XMLs: ["/home/pete/wefwefwef/docs/other/3364875082/repo/0.3/.xml/poolboy/poolboy_sup.xml",
                         "/home/pete/wefwefwef/docs/other/3364875082/repo/0.3/.xml/poolboy/poolboy.xml"]
Generating HTML - poolboy "/home/pete/wefwefwef/docs/other/3364875082/repo/0.3/.xml/poolboy/poolboy.xml"
Reading XML for "/home/pete/wefwefwef/docs/other/3364875082/repo/0.3/.xml/poolboy/poolboy.xml"
Reading XML for "/home/pete/wefwefwef/docs/other/3364875082/repo/0.3/.xml/specs_poolboy.xml"
Generating HTML - poolboy_sup "/home/pete/wefwefwef/docs/other/3364875082/repo/0.3/.xml/poolboy/poolboy_sup.xml"
Reading XML for "/home/pete/wefwefwef/docs/other/3364875082/repo/0.3/.xml/poolboy/poolboy_sup.xml"
Reading XML for "/home/pete/wefwefwef/docs/other/3364875082/repo/0.3/.xml/specs_poolboy_sup.xml"
Creating index.html ...
Creating erldocs_index.js ...
Woot, finished in 0 Minutes 0 Seconds
 :: Discovering other repos
$ 5000  `rm -r '/home/pete/wefwefwef/docs/other/3364875082/poolboy-tag-0.3'  2>&1`
 :: Processing https://github.com/qhool/poolboy	{rev,tag,"0.3.1","211a8fa806a0647f688e9cb7728b0dfbe7a50360",undefined,[],[]}
 :: Fetching repo code
$ cd "/home/pete/wefwefwef/docs/other/3364875082/poolboy-tag-0.3.1/poolboy"
$ infinity  `curl --fail --silent --show-error --location --output '0.3.1.zip' 'https://github.com/qhool/poolboy/archive/0.3.1.zip'  2>&1`
$ cd "/home/pete/wefwefwef/docs/erldocs_other.git"
$ cd "/home/pete/wefwefwef/docs/other/3364875082/poolboy-tag-0.3.1/poolboy"
$ 5000  `find -P . -type l -delete  2>&1`
$ cd "/home/pete/wefwefwef/docs/erldocs_other.git"
$ cd "/home/pete/wefwefwef/docs/other/3364875082/poolboy-tag-0.3.1/poolboy"
$ 5000  `find 'poolboy-0.3.1' -mindepth 1 -maxdepth 1 -exec mv -t . -- {} +  2>&1`
$ cd "/home/pete/wefwefwef/docs/erldocs_other.git"
 :: Getting dependencies
$ cd "/home/pete/wefwefwef/docs/other/3364875082/poolboy-tag-0.3.1/poolboy"
$ 5000  `ls -1 deps/  2>&1`
$ cd "/home/pete/wefwefwef/docs/erldocs_other.git"
>>> [rebar] deps = []
 :: Generating erldocs into /home/pete/wefwefwef/docs/other/3364875082/repo/0.3.1
Building poolboy
Generating Type Specs - "/home/pete/wefwefwef/docs/other/3364875082/poolboy-tag-0.3.1/poolboy/src/poolboy.erl"
Generating Type Specs - "/home/pete/wefwefwef/docs/other/3364875082/poolboy-tag-0.3.1/poolboy/src/poolboy_sup.erl"
Generating XML for application poolboy "/home/pete/wefwefwef/docs/other/3364875082/poolboy-tag-0.3.1/poolboy" -> "/home/pete/wefwefwef/docs/other/3364875082/repo/0.3.1/.xml/poolboy"
Generated poolboy XMLs: ["/home/pete/wefwefwef/docs/other/3364875082/repo/0.3.1/.xml/poolboy/poolboy_sup.xml",
                         "/home/pete/wefwefwef/docs/other/3364875082/repo/0.3.1/.xml/poolboy/poolboy.xml"]
Generating HTML - poolboy "/home/pete/wefwefwef/docs/other/3364875082/repo/0.3.1/.xml/poolboy/poolboy.xml"
Reading XML for "/home/pete/wefwefwef/docs/other/3364875082/repo/0.3.1/.xml/poolboy/poolboy.xml"
Reading XML for "/home/pete/wefwefwef/docs/other/3364875082/repo/0.3.1/.xml/specs_poolboy.xml"
Generating HTML - poolboy_sup "/home/pete/wefwefwef/docs/other/3364875082/repo/0.3.1/.xml/poolboy/poolboy_sup.xml"
Reading XML for "/home/pete/wefwefwef/docs/other/3364875082/repo/0.3.1/.xml/poolboy/poolboy_sup.xml"
Reading XML for "/home/pete/wefwefwef/docs/other/3364875082/repo/0.3.1/.xml/specs_poolboy_sup.xml"
Creating index.html ...
Creating erldocs_index.js ...
Woot, finished in 0 Minutes 0 Seconds
 :: Discovering other repos
$ 5000  `rm -r '/home/pete/wefwefwef/docs/other/3364875082/poolboy-tag-0.3.1'  2>&1`
 :: Processing https://github.com/qhool/poolboy	{rev,tag,"0.4","280c223f569c9d15ac358964e6895c2d1b27328d",undefined,[],[]}
 :: Fetching repo code
$ cd "/home/pete/wefwefwef/docs/other/3364875082/poolboy-tag-0.4/poolboy"
$ infinity  `curl --fail --silent --show-error --location --output '0.4.zip' 'https://github.com/qhool/poolboy/archive/0.4.zip'  2>&1`
$ cd "/home/pete/wefwefwef/docs/erldocs_other.git"
$ cd "/home/pete/wefwefwef/docs/other/3364875082/poolboy-tag-0.4/poolboy"
$ 5000  `find -P . -type l -delete  2>&1`
$ cd "/home/pete/wefwefwef/docs/erldocs_other.git"
$ cd "/home/pete/wefwefwef/docs/other/3364875082/poolboy-tag-0.4/poolboy"
$ 5000  `find 'poolboy-0.4' -mindepth 1 -maxdepth 1 -exec mv -t . -- {} +  2>&1`
$ cd "/home/pete/wefwefwef/docs/erldocs_other.git"
 :: Getting dependencies
$ cd "/home/pete/wefwefwef/docs/other/3364875082/poolboy-tag-0.4/poolboy"
$ 5000  `ls -1 deps/  2>&1`
$ cd "/home/pete/wefwefwef/docs/erldocs_other.git"
>>> [rebar] deps = []
 :: Generating erldocs into /home/pete/wefwefwef/docs/other/3364875082/repo/0.4
Building poolboy
Generating Type Specs - "/home/pete/wefwefwef/docs/other/3364875082/poolboy-tag-0.4/poolboy/src/poolboy.erl"
Generating Type Specs - "/home/pete/wefwefwef/docs/other/3364875082/poolboy-tag-0.4/poolboy/src/poolboy_sup.erl"
Generating XML for application poolboy "/home/pete/wefwefwef/docs/other/3364875082/poolboy-tag-0.4/poolboy" -> "/home/pete/wefwefwef/docs/other/3364875082/repo/0.4/.xml/poolboy"
Generated poolboy XMLs: ["/home/pete/wefwefwef/docs/other/3364875082/repo/0.4/.xml/poolboy/poolboy_sup.xml",
                         "/home/pete/wefwefwef/docs/other/3364875082/repo/0.4/.xml/poolboy/poolboy.xml"]
Generating HTML - poolboy "/home/pete/wefwefwef/docs/other/3364875082/repo/0.4/.xml/poolboy/poolboy.xml"
Reading XML for "/home/pete/wefwefwef/docs/other/3364875082/repo/0.4/.xml/poolboy/poolboy.xml"
Reading XML for "/home/pete/wefwefwef/docs/other/3364875082/repo/0.4/.xml/specs_poolboy.xml"
Generating HTML - poolboy_sup "/home/pete/wefwefwef/docs/other/3364875082/repo/0.4/.xml/poolboy/poolboy_sup.xml"
Reading XML for "/home/pete/wefwefwef/docs/other/3364875082/repo/0.4/.xml/poolboy/poolboy_sup.xml"
Reading XML for "/home/pete/wefwefwef/docs/other/3364875082/repo/0.4/.xml/specs_poolboy_sup.xml"
Creating index.html ...
Creating erldocs_index.js ...
Woot, finished in 0 Minutes 0 Seconds
 :: Discovering other repos
$ 5000  `rm -r '/home/pete/wefwefwef/docs/other/3364875082/poolboy-tag-0.4'  2>&1`
 :: Processing https://github.com/qhool/poolboy	{rev,tag,"0.5","e6aeeff113e097be7ab183f9ce1cd31dd1a61425",undefined,[],[]}
 :: Fetching repo code
$ cd "/home/pete/wefwefwef/docs/other/3364875082/poolboy-tag-0.5/poolboy"
$ infinity  `curl --fail --silent --show-error --location --output '0.5.zip' 'https://github.com/qhool/poolboy/archive/0.5.zip'  2>&1`
$ cd "/home/pete/wefwefwef/docs/erldocs_other.git"
$ cd "/home/pete/wefwefwef/docs/other/3364875082/poolboy-tag-0.5/poolboy"
$ 5000  `find -P . -type l -delete  2>&1`
$ cd "/home/pete/wefwefwef/docs/erldocs_other.git"
$ cd "/home/pete/wefwefwef/docs/other/3364875082/poolboy-tag-0.5/poolboy"
$ 5000  `find 'poolboy-0.5' -mindepth 1 -maxdepth 1 -exec mv -t . -- {} +  2>&1`
$ cd "/home/pete/wefwefwef/docs/erldocs_other.git"
 :: Getting dependencies
$ cd "/home/pete/wefwefwef/docs/other/3364875082/poolboy-tag-0.5/poolboy"
$ 5000  `ls -1 deps/  2>&1`
$ cd "/home/pete/wefwefwef/docs/erldocs_other.git"
>>> [rebar] deps = []
 :: Generating erldocs into /home/pete/wefwefwef/docs/other/3364875082/repo/0.5
Building poolboy
Generating Type Specs - "/home/pete/wefwefwef/docs/other/3364875082/poolboy-tag-0.5/poolboy/src/poolboy.erl"
Generating Type Specs - "/home/pete/wefwefwef/docs/other/3364875082/poolboy-tag-0.5/poolboy/src/poolboy_sup.erl"
Generating XML for application poolboy "/home/pete/wefwefwef/docs/other/3364875082/poolboy-tag-0.5/poolboy" -> "/home/pete/wefwefwef/docs/other/3364875082/repo/0.5/.xml/poolboy"
Generated poolboy XMLs: ["/home/pete/wefwefwef/docs/other/3364875082/repo/0.5/.xml/poolboy/poolboy_sup.xml",
                         "/home/pete/wefwefwef/docs/other/3364875082/repo/0.5/.xml/poolboy/poolboy.xml"]
Generating HTML - poolboy "/home/pete/wefwefwef/docs/other/3364875082/repo/0.5/.xml/poolboy/poolboy.xml"
Reading XML for "/home/pete/wefwefwef/docs/other/3364875082/repo/0.5/.xml/poolboy/poolboy.xml"
Reading XML for "/home/pete/wefwefwef/docs/other/3364875082/repo/0.5/.xml/specs_poolboy.xml"
Generating HTML - poolboy_sup "/home/pete/wefwefwef/docs/other/3364875082/repo/0.5/.xml/poolboy/poolboy_sup.xml"
Reading XML for "/home/pete/wefwefwef/docs/other/3364875082/repo/0.5/.xml/poolboy/poolboy_sup.xml"
Reading XML for "/home/pete/wefwefwef/docs/other/3364875082/repo/0.5/.xml/specs_poolboy_sup.xml"
Creating index.html ...
Creating erldocs_index.js ...
Woot, finished in 0 Minutes 0 Seconds
 :: Discovering other repos
$ 5000  `rm -r '/home/pete/wefwefwef/docs/other/3364875082/poolboy-tag-0.5'  2>&1`
 :: Processing https://github.com/qhool/poolboy	{rev,tag,"0.6","e89a71b57688cf28b4099039abb62cc795560536",undefined,[],[]}
 :: Fetching repo code
$ cd "/home/pete/wefwefwef/docs/other/3364875082/poolboy-tag-0.6/poolboy"
$ infinity  `curl --fail --silent --show-error --location --output '0.6.zip' 'https://github.com/qhool/poolboy/archive/0.6.zip'  2>&1`
$ cd "/home/pete/wefwefwef/docs/erldocs_other.git"
$ cd "/home/pete/wefwefwef/docs/other/3364875082/poolboy-tag-0.6/poolboy"
$ 5000  `find -P . -type l -delete  2>&1`
$ cd "/home/pete/wefwefwef/docs/erldocs_other.git"
$ cd "/home/pete/wefwefwef/docs/other/3364875082/poolboy-tag-0.6/poolboy"
$ 5000  `find 'poolboy-0.6' -mindepth 1 -maxdepth 1 -exec mv -t . -- {} +  2>&1`
$ cd "/home/pete/wefwefwef/docs/erldocs_other.git"
 :: Getting dependencies
$ cd "/home/pete/wefwefwef/docs/other/3364875082/poolboy-tag-0.6/poolboy"
$ 5000  `ls -1 deps/  2>&1`
$ cd "/home/pete/wefwefwef/docs/erldocs_other.git"
>>> [rebar] deps = []
 :: Generating erldocs into /home/pete/wefwefwef/docs/other/3364875082/repo/0.6
Building poolboy
Generating Type Specs - "/home/pete/wefwefwef/docs/other/3364875082/poolboy-tag-0.6/poolboy/src/poolboy.erl"
Generating Type Specs - "/home/pete/wefwefwef/docs/other/3364875082/poolboy-tag-0.6/poolboy/src/poolboy_sup.erl"
Generating XML for application poolboy "/home/pete/wefwefwef/docs/other/3364875082/poolboy-tag-0.6/poolboy" -> "/home/pete/wefwefwef/docs/other/3364875082/repo/0.6/.xml/poolboy"
Generated poolboy XMLs: ["/home/pete/wefwefwef/docs/other/3364875082/repo/0.6/.xml/poolboy/poolboy_sup.xml",
                         "/home/pete/wefwefwef/docs/other/3364875082/repo/0.6/.xml/poolboy/poolboy.xml"]
Generating HTML - poolboy "/home/pete/wefwefwef/docs/other/3364875082/repo/0.6/.xml/poolboy/poolboy.xml"
Reading XML for "/home/pete/wefwefwef/docs/other/3364875082/repo/0.6/.xml/poolboy/poolboy.xml"
Reading XML for "/home/pete/wefwefwef/docs/other/3364875082/repo/0.6/.xml/specs_poolboy.xml"
Generating HTML - poolboy_sup "/home/pete/wefwefwef/docs/other/3364875082/repo/0.6/.xml/poolboy/poolboy_sup.xml"
Reading XML for "/home/pete/wefwefwef/docs/other/3364875082/repo/0.6/.xml/poolboy/poolboy_sup.xml"
Reading XML for "/home/pete/wefwefwef/docs/other/3364875082/repo/0.6/.xml/specs_poolboy_sup.xml"
Creating index.html ...
Creating erldocs_index.js ...
Woot, finished in 0 Minutes 0 Seconds
 :: Discovering other repos
$ 5000  `rm -r '/home/pete/wefwefwef/docs/other/3364875082/poolboy-tag-0.6'  2>&1`
 :: Processing https://github.com/qhool/poolboy	{rev,tag,"0.6.1","855802e0cc23c880246b2ab2e3acab187af04174",undefined,[],[]}
 :: Fetching repo code
$ cd "/home/pete/wefwefwef/docs/other/3364875082/poolboy-tag-0.6.1/poolboy"
$ infinity  `curl --fail --silent --show-error --location --output '0.6.1.zip' 'https://github.com/qhool/poolboy/archive/0.6.1.zip'  2>&1`
$ cd "/home/pete/wefwefwef/docs/erldocs_other.git"
$ cd "/home/pete/wefwefwef/docs/other/3364875082/poolboy-tag-0.6.1/poolboy"
$ 5000  `find -P . -type l -delete  2>&1`
$ cd "/home/pete/wefwefwef/docs/erldocs_other.git"
$ cd "/home/pete/wefwefwef/docs/other/3364875082/poolboy-tag-0.6.1/poolboy"
$ 5000  `find 'poolboy-0.6.1' -mindepth 1 -maxdepth 1 -exec mv -t . -- {} +  2>&1`
$ cd "/home/pete/wefwefwef/docs/erldocs_other.git"
 :: Getting dependencies
$ cd "/home/pete/wefwefwef/docs/other/3364875082/poolboy-tag-0.6.1/poolboy"
$ 5000  `ls -1 deps/  2>&1`
$ cd "/home/pete/wefwefwef/docs/erldocs_other.git"
>>> [rebar] deps = []
 :: Generating erldocs into /home/pete/wefwefwef/docs/other/3364875082/repo/0.6.1
Building poolboy
Generating Type Specs - "/home/pete/wefwefwef/docs/other/3364875082/poolboy-tag-0.6.1/poolboy/src/poolboy.erl"
Generating Type Specs - "/home/pete/wefwefwef/docs/other/3364875082/poolboy-tag-0.6.1/poolboy/src/poolboy_sup.erl"
Generating XML for application poolboy "/home/pete/wefwefwef/docs/other/3364875082/poolboy-tag-0.6.1/poolboy" -> "/home/pete/wefwefwef/docs/other/3364875082/repo/0.6.1/.xml/poolboy"
Generated poolboy XMLs: ["/home/pete/wefwefwef/docs/other/3364875082/repo/0.6.1/.xml/poolboy/poolboy_sup.xml",
                         "/home/pete/wefwefwef/docs/other/3364875082/repo/0.6.1/.xml/poolboy/poolboy.xml"]
Generating HTML - poolboy "/home/pete/wefwefwef/docs/other/3364875082/repo/0.6.1/.xml/poolboy/poolboy.xml"
Reading XML for "/home/pete/wefwefwef/docs/other/3364875082/repo/0.6.1/.xml/poolboy/poolboy.xml"
Reading XML for "/home/pete/wefwefwef/docs/other/3364875082/repo/0.6.1/.xml/specs_poolboy.xml"
Generating HTML - poolboy_sup "/home/pete/wefwefwef/docs/other/3364875082/repo/0.6.1/.xml/poolboy/poolboy_sup.xml"
Reading XML for "/home/pete/wefwefwef/docs/other/3364875082/repo/0.6.1/.xml/poolboy/poolboy_sup.xml"
Reading XML for "/home/pete/wefwefwef/docs/other/3364875082/repo/0.6.1/.xml/specs_poolboy_sup.xml"
Creating index.html ...
Creating erldocs_index.js ...
Woot, finished in 0 Minutes 0 Seconds
 :: Discovering other repos
$ 5000  `rm -r '/home/pete/wefwefwef/docs/other/3364875082/poolboy-tag-0.6.1'  2>&1`
 :: Processing https://github.com/qhool/poolboy	{rev,tag,"0.1","477a9cd96f51d4d13db40a644004aba9f221741f",undefined,[],[]}
 :: Fetching repo code
$ cd "/home/pete/wefwefwef/docs/other/3364875082/poolboy-tag-0.1/poolboy"
$ infinity  `curl --fail --silent --show-error --location --output '0.1.zip' 'https://github.com/qhool/poolboy/archive/0.1.zip'  2>&1`
$ cd "/home/pete/wefwefwef/docs/erldocs_other.git"
$ cd "/home/pete/wefwefwef/docs/other/3364875082/poolboy-tag-0.1/poolboy"
$ 5000  `find -P . -type l -delete  2>&1`
$ cd "/home/pete/wefwefwef/docs/erldocs_other.git"
$ cd "/home/pete/wefwefwef/docs/other/3364875082/poolboy-tag-0.1/poolboy"
$ 5000  `find 'poolboy-0.1' -mindepth 1 -maxdepth 1 -exec mv -t . -- {} +  2>&1`
$ cd "/home/pete/wefwefwef/docs/erldocs_other.git"
 :: Getting dependencies
 :: Generating erldocs into /home/pete/wefwefwef/docs/other/3364875082/repo/0.1
Building poolboy
Generating Type Specs - "/home/pete/wefwefwef/docs/other/3364875082/poolboy-tag-0.1/poolboy/src/poolboy.erl"
Generating Type Specs - "/home/pete/wefwefwef/docs/other/3364875082/poolboy-tag-0.1/poolboy/src/poolboy_sup.erl"
Generating XML for application poolboy "/home/pete/wefwefwef/docs/other/3364875082/poolboy-tag-0.1/poolboy" -> "/home/pete/wefwefwef/docs/other/3364875082/repo/0.1/.xml/poolboy"
Generated poolboy XMLs: ["/home/pete/wefwefwef/docs/other/3364875082/repo/0.1/.xml/poolboy/poolboy_sup.xml",
                         "/home/pete/wefwefwef/docs/other/3364875082/repo/0.1/.xml/poolboy/poolboy.xml"]
Generating HTML - poolboy "/home/pete/wefwefwef/docs/other/3364875082/repo/0.1/.xml/poolboy/poolboy.xml"
Reading XML for "/home/pete/wefwefwef/docs/other/3364875082/repo/0.1/.xml/poolboy/poolboy.xml"
Reading XML for "/home/pete/wefwefwef/docs/other/3364875082/repo/0.1/.xml/specs_poolboy.xml"
Generating HTML - poolboy_sup "/home/pete/wefwefwef/docs/other/3364875082/repo/0.1/.xml/poolboy/poolboy_sup.xml"
Reading XML for "/home/pete/wefwefwef/docs/other/3364875082/repo/0.1/.xml/poolboy/poolboy_sup.xml"
Reading XML for "/home/pete/wefwefwef/docs/other/3364875082/repo/0.1/.xml/specs_poolboy_sup.xml"
Creating index.html ...
Creating erldocs_index.js ...
Woot, finished in 0 Minutes 0 Seconds
 :: Discovering other repos
$ 5000  `rm -r '/home/pete/wefwefwef/docs/other/3364875082/poolboy-tag-0.1'  2>&1`
 :: Processing https://github.com/qhool/poolboy	{rev,tag,"0.2","36d4d0fe97987ad0269ed9095b3e1c8bd839ecaf",undefined,[],[]}
 :: Fetching repo code
$ cd "/home/pete/wefwefwef/docs/other/3364875082/poolboy-tag-0.2/poolboy"
$ infinity  `curl --fail --silent --show-error --location --output '0.2.zip' 'https://github.com/qhool/poolboy/archive/0.2.zip'  2>&1`
$ cd "/home/pete/wefwefwef/docs/erldocs_other.git"
$ cd "/home/pete/wefwefwef/docs/other/3364875082/poolboy-tag-0.2/poolboy"
$ 5000  `find -P . -type l -delete  2>&1`
$ cd "/home/pete/wefwefwef/docs/erldocs_other.git"
$ cd "/home/pete/wefwefwef/docs/other/3364875082/poolboy-tag-0.2/poolboy"
$ 5000  `find 'poolboy-0.2' -mindepth 1 -maxdepth 1 -exec mv -t . -- {} +  2>&1`
$ cd "/home/pete/wefwefwef/docs/erldocs_other.git"
 :: Getting dependencies
 :: Generating erldocs into /home/pete/wefwefwef/docs/other/3364875082/repo/0.2
Building poolboy
Generating Type Specs - "/home/pete/wefwefwef/docs/other/3364875082/poolboy-tag-0.2/poolboy/src/poolboy.erl"
Generating Type Specs - "/home/pete/wefwefwef/docs/other/3364875082/poolboy-tag-0.2/poolboy/src/poolboy_sup.erl"
Generating XML for application poolboy "/home/pete/wefwefwef/docs/other/3364875082/poolboy-tag-0.2/poolboy" -> "/home/pete/wefwefwef/docs/other/3364875082/repo/0.2/.xml/poolboy"
Generated poolboy XMLs: ["/home/pete/wefwefwef/docs/other/3364875082/repo/0.2/.xml/poolboy/poolboy_sup.xml",
                         "/home/pete/wefwefwef/docs/other/3364875082/repo/0.2/.xml/poolboy/poolboy.xml"]
Generating HTML - poolboy "/home/pete/wefwefwef/docs/other/3364875082/repo/0.2/.xml/poolboy/poolboy.xml"
Reading XML for "/home/pete/wefwefwef/docs/other/3364875082/repo/0.2/.xml/poolboy/poolboy.xml"
Reading XML for "/home/pete/wefwefwef/docs/other/3364875082/repo/0.2/.xml/specs_poolboy.xml"
Generating HTML - poolboy_sup "/home/pete/wefwefwef/docs/other/3364875082/repo/0.2/.xml/poolboy/poolboy_sup.xml"
Reading XML for "/home/pete/wefwefwef/docs/other/3364875082/repo/0.2/.xml/poolboy/poolboy_sup.xml"
Reading XML for "/home/pete/wefwefwef/docs/other/3364875082/repo/0.2/.xml/specs_poolboy_sup.xml"
Creating index.html ...
Creating erldocs_index.js ...
Woot, finished in 0 Minutes 0 Seconds
 :: Discovering other repos
$ 5000  `rm -r '/home/pete/wefwefwef/docs/other/3364875082/poolboy-tag-0.2'  2>&1`
 :: Processing https://github.com/qhool/poolboy	{rev,tag,"0.7.0","6aab8b8af73f003518697de781a6f2573e060f66",undefined,[],[]}
 :: Fetching repo code
$ cd "/home/pete/wefwefwef/docs/other/3364875082/poolboy-tag-0.7.0/poolboy"
$ infinity  `curl --fail --silent --show-error --location --output '0.7.0.zip' 'https://github.com/qhool/poolboy/archive/0.7.0.zip'  2>&1`
$ cd "/home/pete/wefwefwef/docs/erldocs_other.git"
$ cd "/home/pete/wefwefwef/docs/other/3364875082/poolboy-tag-0.7.0/poolboy"
$ 5000  `find -P . -type l -delete  2>&1`
$ cd "/home/pete/wefwefwef/docs/erldocs_other.git"
$ cd "/home/pete/wefwefwef/docs/other/3364875082/poolboy-tag-0.7.0/poolboy"
$ 5000  `find 'poolboy-0.7.0' -mindepth 1 -maxdepth 1 -exec mv -t . -- {} +  2>&1`
$ cd "/home/pete/wefwefwef/docs/erldocs_other.git"
 :: Getting dependencies
$ cd "/home/pete/wefwefwef/docs/other/3364875082/poolboy-tag-0.7.0/poolboy"
$ 5000  `ls -1 deps/  2>&1`
$ cd "/home/pete/wefwefwef/docs/erldocs_other.git"
>>> [rebar] deps = []
 :: Generating erldocs into /home/pete/wefwefwef/docs/other/3364875082/repo/0.7.0
Building poolboy
Generating Type Specs - "/home/pete/wefwefwef/docs/other/3364875082/poolboy-tag-0.7.0/poolboy/src/poolboy.erl"
Generating Type Specs - "/home/pete/wefwefwef/docs/other/3364875082/poolboy-tag-0.7.0/poolboy/src/poolboy_sup.erl"
Generating Type Specs - "/home/pete/wefwefwef/docs/other/3364875082/poolboy-tag-0.7.0/poolboy/src/poolboy_worker.erl"
Generating XML for application poolboy "/home/pete/wefwefwef/docs/other/3364875082/poolboy-tag-0.7.0/poolboy" -> "/home/pete/wefwefwef/docs/other/3364875082/repo/0.7.0/.xml/poolboy"
Generated poolboy XMLs: ["/home/pete/wefwefwef/docs/other/3364875082/repo/0.7.0/.xml/poolboy/poolboy_sup.xml",
                         "/home/pete/wefwefwef/docs/other/3364875082/repo/0.7.0/.xml/poolboy/poolboy.xml",
                         "/home/pete/wefwefwef/docs/other/3364875082/repo/0.7.0/.xml/poolboy/poolboy_worker.xml"]
Generating HTML - poolboy_worker "/home/pete/wefwefwef/docs/other/3364875082/repo/0.7.0/.xml/poolboy/poolboy_worker.xml"
Reading XML for "/home/pete/wefwefwef/docs/other/3364875082/repo/0.7.0/.xml/poolboy/poolboy_worker.xml"
Reading XML for "/home/pete/wefwefwef/docs/other/3364875082/repo/0.7.0/.xml/specs_poolboy_worker.xml"
Generating HTML - poolboy "/home/pete/wefwefwef/docs/other/3364875082/repo/0.7.0/.xml/poolboy/poolboy.xml"
Reading XML for "/home/pete/wefwefwef/docs/other/3364875082/repo/0.7.0/.xml/poolboy/poolboy.xml"
Reading XML for "/home/pete/wefwefwef/docs/other/3364875082/repo/0.7.0/.xml/specs_poolboy.xml"
Generating HTML - poolboy_sup "/home/pete/wefwefwef/docs/other/3364875082/repo/0.7.0/.xml/poolboy/poolboy_sup.xml"
Reading XML for "/home/pete/wefwefwef/docs/other/3364875082/repo/0.7.0/.xml/poolboy/poolboy_sup.xml"
Reading XML for "/home/pete/wefwefwef/docs/other/3364875082/repo/0.7.0/.xml/specs_poolboy_sup.xml"
Creating index.html ...
Creating erldocs_index.js ...
Woot, finished in 0 Minutes 0 Seconds
 :: Discovering other repos
$ 5000  `rm -r '/home/pete/wefwefwef/docs/other/3364875082/poolboy-tag-0.7.0'  2>&1`
 :: Processing https://github.com/qhool/poolboy	{rev,tag,"0.8.1","69c8ef1c652e35a50b4500041403411d7016cad6",undefined,[],[]}
 :: Fetching repo code
$ cd "/home/pete/wefwefwef/docs/other/3364875082/poolboy-tag-0.8.1/poolboy"
$ infinity  `curl --fail --silent --show-error --location --output '0.8.1.zip' 'https://github.com/qhool/poolboy/archive/0.8.1.zip'  2>&1`
$ cd "/home/pete/wefwefwef/docs/erldocs_other.git"
$ cd "/home/pete/wefwefwef/docs/other/3364875082/poolboy-tag-0.8.1/poolboy"
$ 5000  `find -P . -type l -delete  2>&1`
$ cd "/home/pete/wefwefwef/docs/erldocs_other.git"
$ cd "/home/pete/wefwefwef/docs/other/3364875082/poolboy-tag-0.8.1/poolboy"
$ 5000  `find 'poolboy-0.8.1' -mindepth 1 -maxdepth 1 -exec mv -t . -- {} +  2>&1`
$ cd "/home/pete/wefwefwef/docs/erldocs_other.git"
 :: Getting dependencies
$ cd "/home/pete/wefwefwef/docs/other/3364875082/poolboy-tag-0.8.1/poolboy"
$ 5000  `ls -1 deps/  2>&1`
$ cd "/home/pete/wefwefwef/docs/erldocs_other.git"
>>> [rebar] deps = []
 :: Generating erldocs into /home/pete/wefwefwef/docs/other/3364875082/repo/0.8.1
Building poolboy
Generating Type Specs - "/home/pete/wefwefwef/docs/other/3364875082/poolboy-tag-0.8.1/poolboy/src/poolboy.erl"
Generating Type Specs - "/home/pete/wefwefwef/docs/other/3364875082/poolboy-tag-0.8.1/poolboy/src/poolboy_sup.erl"
Generating Type Specs - "/home/pete/wefwefwef/docs/other/3364875082/poolboy-tag-0.8.1/poolboy/src/poolboy_worker.erl"
Generating XML for application poolboy "/home/pete/wefwefwef/docs/other/3364875082/poolboy-tag-0.8.1/poolboy" -> "/home/pete/wefwefwef/docs/other/3364875082/repo/0.8.1/.xml/poolboy"
Generated poolboy XMLs: ["/home/pete/wefwefwef/docs/other/3364875082/repo/0.8.1/.xml/poolboy/poolboy_sup.xml",
                         "/home/pete/wefwefwef/docs/other/3364875082/repo/0.8.1/.xml/poolboy/poolboy.xml",
                         "/home/pete/wefwefwef/docs/other/3364875082/repo/0.8.1/.xml/poolboy/poolboy_worker.xml"]
Generating HTML - poolboy_worker "/home/pete/wefwefwef/docs/other/3364875082/repo/0.8.1/.xml/poolboy/poolboy_worker.xml"
Reading XML for "/home/pete/wefwefwef/docs/other/3364875082/repo/0.8.1/.xml/poolboy/poolboy_worker.xml"
Reading XML for "/home/pete/wefwefwef/docs/other/3364875082/repo/0.8.1/.xml/specs_poolboy_worker.xml"
Generating HTML - poolboy "/home/pete/wefwefwef/docs/other/3364875082/repo/0.8.1/.xml/poolboy/poolboy.xml"
Reading XML for "/home/pete/wefwefwef/docs/other/3364875082/repo/0.8.1/.xml/poolboy/poolboy.xml"
Reading XML for "/home/pete/wefwefwef/docs/other/3364875082/repo/0.8.1/.xml/specs_poolboy.xml"
Generating HTML - poolboy_sup "/home/pete/wefwefwef/docs/other/3364875082/repo/0.8.1/.xml/poolboy/poolboy_sup.xml"
Reading XML for "/home/pete/wefwefwef/docs/other/3364875082/repo/0.8.1/.xml/poolboy/poolboy_sup.xml"
Reading XML for "/home/pete/wefwefwef/docs/other/3364875082/repo/0.8.1/.xml/specs_poolboy_sup.xml"
Creating index.html ...
Creating erldocs_index.js ...
Woot, finished in 0 Minutes 0 Seconds
 :: Discovering other repos
$ 5000  `rm -r '/home/pete/wefwefwef/docs/other/3364875082/poolboy-tag-0.8.1'  2>&1`
 :: Processing https://github.com/qhool/poolboy	{rev,tag,"0.9","31fef55cdd468b0507a388f03427388c8e810ff1",undefined,[],[]}
 :: Fetching repo code
$ cd "/home/pete/wefwefwef/docs/other/3364875082/poolboy-tag-0.9/poolboy"
$ infinity  `curl --fail --silent --show-error --location --output '0.9.zip' 'https://github.com/qhool/poolboy/archive/0.9.zip'  2>&1`
$ cd "/home/pete/wefwefwef/docs/erldocs_other.git"
$ cd "/home/pete/wefwefwef/docs/other/3364875082/poolboy-tag-0.9/poolboy"
$ 5000  `find -P . -type l -delete  2>&1`
$ cd "/home/pete/wefwefwef/docs/erldocs_other.git"
$ cd "/home/pete/wefwefwef/docs/other/3364875082/poolboy-tag-0.9/poolboy"
$ 5000  `find 'poolboy-0.9' -mindepth 1 -maxdepth 1 -exec mv -t . -- {} +  2>&1`
$ cd "/home/pete/wefwefwef/docs/erldocs_other.git"
 :: Getting dependencies
$ cd "/home/pete/wefwefwef/docs/other/3364875082/poolboy-tag-0.9/poolboy"
$ 5000  `ls -1 deps/  2>&1`
$ cd "/home/pete/wefwefwef/docs/erldocs_other.git"
>>> [rebar] deps = []
 :: Generating erldocs into /home/pete/wefwefwef/docs/other/3364875082/repo/0.9
Building poolboy
Generating Type Specs - "/home/pete/wefwefwef/docs/other/3364875082/poolboy-tag-0.9/poolboy/src/poolboy.erl"
Generating Type Specs - "/home/pete/wefwefwef/docs/other/3364875082/poolboy-tag-0.9/poolboy/src/poolboy_sup.erl"
Generating Type Specs - "/home/pete/wefwefwef/docs/other/3364875082/poolboy-tag-0.9/poolboy/src/poolboy_worker.erl"
Generating XML for application poolboy "/home/pete/wefwefwef/docs/other/3364875082/poolboy-tag-0.9/poolboy" -> "/home/pete/wefwefwef/docs/other/3364875082/repo/0.9/.xml/poolboy"
Generated poolboy XMLs: ["/home/pete/wefwefwef/docs/other/3364875082/repo/0.9/.xml/poolboy/poolboy_sup.xml",
                         "/home/pete/wefwefwef/docs/other/3364875082/repo/0.9/.xml/poolboy/poolboy.xml",
                         "/home/pete/wefwefwef/docs/other/3364875082/repo/0.9/.xml/poolboy/poolboy_worker.xml"]
Generating HTML - poolboy_worker "/home/pete/wefwefwef/docs/other/3364875082/repo/0.9/.xml/poolboy/poolboy_worker.xml"
Reading XML for "/home/pete/wefwefwef/docs/other/3364875082/repo/0.9/.xml/poolboy/poolboy_worker.xml"
Reading XML for "/home/pete/wefwefwef/docs/other/3364875082/repo/0.9/.xml/specs_poolboy_worker.xml"
Generating HTML - poolboy "/home/pete/wefwefwef/docs/other/3364875082/repo/0.9/.xml/poolboy/poolboy.xml"
Reading XML for "/home/pete/wefwefwef/docs/other/3364875082/repo/0.9/.xml/poolboy/poolboy.xml"
Reading XML for "/home/pete/wefwefwef/docs/other/3364875082/repo/0.9/.xml/specs_poolboy.xml"
Generating HTML - poolboy_sup "/home/pete/wefwefwef/docs/other/3364875082/repo/0.9/.xml/poolboy/poolboy_sup.xml"
Reading XML for "/home/pete/wefwefwef/docs/other/3364875082/repo/0.9/.xml/poolboy/poolboy_sup.xml"
Reading XML for "/home/pete/wefwefwef/docs/other/3364875082/repo/0.9/.xml/specs_poolboy_sup.xml"
Creating index.html ...
Creating erldocs_index.js ...
Woot, finished in 0 Minutes 0 Seconds
 :: Discovering other repos
$ 5000  `rm -r '/home/pete/wefwefwef/docs/other/3364875082/poolboy-tag-0.9'  2>&1`
 :: Processing https://github.com/qhool/poolboy	{rev,tag,"0.9.1","fc8312d0f77bb16557030b65803fe81320e51c78",undefined,[],[]}
 :: Fetching repo code
$ cd "/home/pete/wefwefwef/docs/other/3364875082/poolboy-tag-0.9.1/poolboy"
$ infinity  `curl --fail --silent --show-error --location --output '0.9.1.zip' 'https://github.com/qhool/poolboy/archive/0.9.1.zip'  2>&1`
$ cd "/home/pete/wefwefwef/docs/erldocs_other.git"
$ cd "/home/pete/wefwefwef/docs/other/3364875082/poolboy-tag-0.9.1/poolboy"
$ 5000  `find -P . -type l -delete  2>&1`
$ cd "/home/pete/wefwefwef/docs/erldocs_other.git"
$ cd "/home/pete/wefwefwef/docs/other/3364875082/poolboy-tag-0.9.1/poolboy"
$ 5000  `find 'poolboy-0.9.1' -mindepth 1 -maxdepth 1 -exec mv -t . -- {} +  2>&1`
$ cd "/home/pete/wefwefwef/docs/erldocs_other.git"
 :: Getting dependencies
$ cd "/home/pete/wefwefwef/docs/other/3364875082/poolboy-tag-0.9.1/poolboy"
$ 5000  `ls -1 deps/  2>&1`
$ cd "/home/pete/wefwefwef/docs/erldocs_other.git"
>>> [rebar] deps = []
 :: Generating erldocs into /home/pete/wefwefwef/docs/other/3364875082/repo/0.9.1
Building poolboy
Generating Type Specs - "/home/pete/wefwefwef/docs/other/3364875082/poolboy-tag-0.9.1/poolboy/src/poolboy.erl"
Generating Type Specs - "/home/pete/wefwefwef/docs/other/3364875082/poolboy-tag-0.9.1/poolboy/src/poolboy_sup.erl"
Generating Type Specs - "/home/pete/wefwefwef/docs/other/3364875082/poolboy-tag-0.9.1/poolboy/src/poolboy_worker.erl"
Generating XML for application poolboy "/home/pete/wefwefwef/docs/other/3364875082/poolboy-tag-0.9.1/poolboy" -> "/home/pete/wefwefwef/docs/other/3364875082/repo/0.9.1/.xml/poolboy"
Generated poolboy XMLs: ["/home/pete/wefwefwef/docs/other/3364875082/repo/0.9.1/.xml/poolboy/poolboy_sup.xml",
                         "/home/pete/wefwefwef/docs/other/3364875082/repo/0.9.1/.xml/poolboy/poolboy.xml",
                         "/home/pete/wefwefwef/docs/other/3364875082/repo/0.9.1/.xml/poolboy/poolboy_worker.xml"]
Generating HTML - poolboy_worker "/home/pete/wefwefwef/docs/other/3364875082/repo/0.9.1/.xml/poolboy/poolboy_worker.xml"
Reading XML for "/home/pete/wefwefwef/docs/other/3364875082/repo/0.9.1/.xml/poolboy/poolboy_worker.xml"
Reading XML for "/home/pete/wefwefwef/docs/other/3364875082/repo/0.9.1/.xml/specs_poolboy_worker.xml"
Generating HTML - poolboy "/home/pete/wefwefwef/docs/other/3364875082/repo/0.9.1/.xml/poolboy/poolboy.xml"
Reading XML for "/home/pete/wefwefwef/docs/other/3364875082/repo/0.9.1/.xml/poolboy/poolboy.xml"
Reading XML for "/home/pete/wefwefwef/docs/other/3364875082/repo/0.9.1/.xml/specs_poolboy.xml"
Generating HTML - poolboy_sup "/home/pete/wefwefwef/docs/other/3364875082/repo/0.9.1/.xml/poolboy/poolboy_sup.xml"
Reading XML for "/home/pete/wefwefwef/docs/other/3364875082/repo/0.9.1/.xml/poolboy/poolboy_sup.xml"
Reading XML for "/home/pete/wefwefwef/docs/other/3364875082/repo/0.9.1/.xml/specs_poolboy_sup.xml"
Creating index.html ...
Creating erldocs_index.js ...
Woot, finished in 0 Minutes 0 Seconds
 :: Discovering other repos
$ 5000  `rm -r '/home/pete/wefwefwef/docs/other/3364875082/poolboy-tag-0.9.1'  2>&1`
 :: Processing https://github.com/qhool/poolboy	{rev,tag,"1.0.0","91b68de43d49bcccf2631016febda70b20d7aa75",undefined,[],[]}
 :: Fetching repo code
$ cd "/home/pete/wefwefwef/docs/other/3364875082/poolboy-tag-1.0.0/poolboy"
$ infinity  `curl --fail --silent --show-error --location --output '1.0.0.zip' 'https://github.com/qhool/poolboy/archive/1.0.0.zip'  2>&1`
$ cd "/home/pete/wefwefwef/docs/erldocs_other.git"
$ cd "/home/pete/wefwefwef/docs/other/3364875082/poolboy-tag-1.0.0/poolboy"
$ 5000  `find -P . -type l -delete  2>&1`
$ cd "/home/pete/wefwefwef/docs/erldocs_other.git"
$ cd "/home/pete/wefwefwef/docs/other/3364875082/poolboy-tag-1.0.0/poolboy"
$ 5000  `find 'poolboy-1.0.0' -mindepth 1 -maxdepth 1 -exec mv -t . -- {} +  2>&1`
$ cd "/home/pete/wefwefwef/docs/erldocs_other.git"
 :: Getting dependencies
$ cd "/home/pete/wefwefwef/docs/other/3364875082/poolboy-tag-1.0.0/poolboy"
$ 5000  `ls -1 deps/  2>&1`
$ cd "/home/pete/wefwefwef/docs/erldocs_other.git"
>>> [rebar] deps = []
 :: Generating erldocs into /home/pete/wefwefwef/docs/other/3364875082/repo/1.0.0
Building poolboy
Generating Type Specs - "/home/pete/wefwefwef/docs/other/3364875082/poolboy-tag-1.0.0/poolboy/src/poolboy.erl"
Generating Type Specs - "/home/pete/wefwefwef/docs/other/3364875082/poolboy-tag-1.0.0/poolboy/src/poolboy_sup.erl"
Generating Type Specs - "/home/pete/wefwefwef/docs/other/3364875082/poolboy-tag-1.0.0/poolboy/src/poolboy_worker.erl"
Generating XML for application poolboy "/home/pete/wefwefwef/docs/other/3364875082/poolboy-tag-1.0.0/poolboy" -> "/home/pete/wefwefwef/docs/other/3364875082/repo/1.0.0/.xml/poolboy"
Generated poolboy XMLs: ["/home/pete/wefwefwef/docs/other/3364875082/repo/1.0.0/.xml/poolboy/poolboy_sup.xml",
                         "/home/pete/wefwefwef/docs/other/3364875082/repo/1.0.0/.xml/poolboy/poolboy.xml",
                         "/home/pete/wefwefwef/docs/other/3364875082/repo/1.0.0/.xml/poolboy/poolboy_worker.xml"]
Generating HTML - poolboy_worker "/home/pete/wefwefwef/docs/other/3364875082/repo/1.0.0/.xml/poolboy/poolboy_worker.xml"
Reading XML for "/home/pete/wefwefwef/docs/other/3364875082/repo/1.0.0/.xml/poolboy/poolboy_worker.xml"
Reading XML for "/home/pete/wefwefwef/docs/other/3364875082/repo/1.0.0/.xml/specs_poolboy_worker.xml"
Generating HTML - poolboy "/home/pete/wefwefwef/docs/other/3364875082/repo/1.0.0/.xml/poolboy/poolboy.xml"
Reading XML for "/home/pete/wefwefwef/docs/other/3364875082/repo/1.0.0/.xml/poolboy/poolboy.xml"
Reading XML for "/home/pete/wefwefwef/docs/other/3364875082/repo/1.0.0/.xml/specs_poolboy.xml"
Generating HTML - poolboy_sup "/home/pete/wefwefwef/docs/other/3364875082/repo/1.0.0/.xml/poolboy/poolboy_sup.xml"
Reading XML for "/home/pete/wefwefwef/docs/other/3364875082/repo/1.0.0/.xml/poolboy/poolboy_sup.xml"
Reading XML for "/home/pete/wefwefwef/docs/other/3364875082/repo/1.0.0/.xml/specs_poolboy_sup.xml"
Creating index.html ...
Creating erldocs_index.js ...
Woot, finished in 0 Minutes 0 Seconds
 :: Discovering other repos
$ 5000  `rm -r '/home/pete/wefwefwef/docs/other/3364875082/poolboy-tag-1.0.0'  2>&1`
 :: Processing https://github.com/qhool/poolboy	{rev,tag,"1.0.1","c2c939b51aba06790ca51fa78b14c254a6ea977d",undefined,[],[]}
 :: Fetching repo code
$ cd "/home/pete/wefwefwef/docs/other/3364875082/poolboy-tag-1.0.1/poolboy"
$ infinity  `curl --fail --silent --show-error --location --output '1.0.1.zip' 'https://github.com/qhool/poolboy/archive/1.0.1.zip'  2>&1`
$ cd "/home/pete/wefwefwef/docs/erldocs_other.git"
$ cd "/home/pete/wefwefwef/docs/other/3364875082/poolboy-tag-1.0.1/poolboy"
$ 5000  `find -P . -type l -delete  2>&1`
$ cd "/home/pete/wefwefwef/docs/erldocs_other.git"
$ cd "/home/pete/wefwefwef/docs/other/3364875082/poolboy-tag-1.0.1/poolboy"
$ 5000  `find 'poolboy-1.0.1' -mindepth 1 -maxdepth 1 -exec mv -t . -- {} +  2>&1`
$ cd "/home/pete/wefwefwef/docs/erldocs_other.git"
 :: Getting dependencies
$ cd "/home/pete/wefwefwef/docs/other/3364875082/poolboy-tag-1.0.1/poolboy"
$ 5000  `ls -1 deps/  2>&1`
$ cd "/home/pete/wefwefwef/docs/erldocs_other.git"
>>> [rebar] deps = []
 :: Generating erldocs into /home/pete/wefwefwef/docs/other/3364875082/repo/1.0.1
Building poolboy
Generating Type Specs - "/home/pete/wefwefwef/docs/other/3364875082/poolboy-tag-1.0.1/poolboy/src/poolboy.erl"
Generating Type Specs - "/home/pete/wefwefwef/docs/other/3364875082/poolboy-tag-1.0.1/poolboy/src/poolboy_sup.erl"
Generating Type Specs - "/home/pete/wefwefwef/docs/other/3364875082/poolboy-tag-1.0.1/poolboy/src/poolboy_worker.erl"
Generating XML for application poolboy "/home/pete/wefwefwef/docs/other/3364875082/poolboy-tag-1.0.1/poolboy" -> "/home/pete/wefwefwef/docs/other/3364875082/repo/1.0.1/.xml/poolboy"
Generated poolboy XMLs: ["/home/pete/wefwefwef/docs/other/3364875082/repo/1.0.1/.xml/poolboy/poolboy_sup.xml",
                         "/home/pete/wefwefwef/docs/other/3364875082/repo/1.0.1/.xml/poolboy/poolboy.xml",
                         "/home/pete/wefwefwef/docs/other/3364875082/repo/1.0.1/.xml/poolboy/poolboy_worker.xml"]
Generating HTML - poolboy_worker "/home/pete/wefwefwef/docs/other/3364875082/repo/1.0.1/.xml/poolboy/poolboy_worker.xml"
Reading XML for "/home/pete/wefwefwef/docs/other/3364875082/repo/1.0.1/.xml/poolboy/poolboy_worker.xml"
Reading XML for "/home/pete/wefwefwef/docs/other/3364875082/repo/1.0.1/.xml/specs_poolboy_worker.xml"
Generating HTML - poolboy "/home/pete/wefwefwef/docs/other/3364875082/repo/1.0.1/.xml/poolboy/poolboy.xml"
Reading XML for "/home/pete/wefwefwef/docs/other/3364875082/repo/1.0.1/.xml/poolboy/poolboy.xml"
Reading XML for "/home/pete/wefwefwef/docs/other/3364875082/repo/1.0.1/.xml/specs_poolboy.xml"
Generating HTML - poolboy_sup "/home/pete/wefwefwef/docs/other/3364875082/repo/1.0.1/.xml/poolboy/poolboy_sup.xml"
Reading XML for "/home/pete/wefwefwef/docs/other/3364875082/repo/1.0.1/.xml/poolboy/poolboy_sup.xml"
Reading XML for "/home/pete/wefwefwef/docs/other/3364875082/repo/1.0.1/.xml/specs_poolboy_sup.xml"
Creating index.html ...
Creating erldocs_index.js ...
Woot, finished in 0 Minutes 0 Seconds
 :: Discovering other repos
$ 5000  `rm -r '/home/pete/wefwefwef/docs/other/3364875082/poolboy-tag-1.0.1'  2>&1`
 :: Processing https://github.com/qhool/poolboy	{rev,tag,"1.1.0","d47df5df57b22eb183b0c48c8dcc5f9827fad71b",undefined,[],[]}
 :: Fetching repo code
$ cd "/home/pete/wefwefwef/docs/other/3364875082/poolboy-tag-1.1.0/poolboy"
$ infinity  `curl --fail --silent --show-error --location --output '1.1.0.zip' 'https://github.com/qhool/poolboy/archive/1.1.0.zip'  2>&1`
$ cd "/home/pete/wefwefwef/docs/erldocs_other.git"
$ cd "/home/pete/wefwefwef/docs/other/3364875082/poolboy-tag-1.1.0/poolboy"
$ 5000  `find -P . -type l -delete  2>&1`
$ cd "/home/pete/wefwefwef/docs/erldocs_other.git"
$ cd "/home/pete/wefwefwef/docs/other/3364875082/poolboy-tag-1.1.0/poolboy"
$ 5000  `find 'poolboy-1.1.0' -mindepth 1 -maxdepth 1 -exec mv -t . -- {} +  2>&1`
$ cd "/home/pete/wefwefwef/docs/erldocs_other.git"
 :: Getting dependencies
$ cd "/home/pete/wefwefwef/docs/other/3364875082/poolboy-tag-1.1.0/poolboy"
$ 5000  `ls -1 deps/  2>&1`
$ cd "/home/pete/wefwefwef/docs/erldocs_other.git"
>>> [rebar] deps = []
 :: Generating erldocs into /home/pete/wefwefwef/docs/other/3364875082/repo/1.1.0
Building poolboy
Generating Type Specs - "/home/pete/wefwefwef/docs/other/3364875082/poolboy-tag-1.1.0/poolboy/src/poolboy.erl"
Generating Type Specs - "/home/pete/wefwefwef/docs/other/3364875082/poolboy-tag-1.1.0/poolboy/src/poolboy_sup.erl"
Generating Type Specs - "/home/pete/wefwefwef/docs/other/3364875082/poolboy-tag-1.1.0/poolboy/src/poolboy_worker.erl"
Generating XML for application poolboy "/home/pete/wefwefwef/docs/other/3364875082/poolboy-tag-1.1.0/poolboy" -> "/home/pete/wefwefwef/docs/other/3364875082/repo/1.1.0/.xml/poolboy"
Generated poolboy XMLs: ["/home/pete/wefwefwef/docs/other/3364875082/repo/1.1.0/.xml/poolboy/poolboy_sup.xml",
                         "/home/pete/wefwefwef/docs/other/3364875082/repo/1.1.0/.xml/poolboy/poolboy.xml",
                         "/home/pete/wefwefwef/docs/other/3364875082/repo/1.1.0/.xml/poolboy/poolboy_worker.xml"]
Generating HTML - poolboy_worker "/home/pete/wefwefwef/docs/other/3364875082/repo/1.1.0/.xml/poolboy/poolboy_worker.xml"
Reading XML for "/home/pete/wefwefwef/docs/other/3364875082/repo/1.1.0/.xml/poolboy/poolboy_worker.xml"
Reading XML for "/home/pete/wefwefwef/docs/other/3364875082/repo/1.1.0/.xml/specs_poolboy_worker.xml"
Generating HTML - poolboy "/home/pete/wefwefwef/docs/other/3364875082/repo/1.1.0/.xml/poolboy/poolboy.xml"
Reading XML for "/home/pete/wefwefwef/docs/other/3364875082/repo/1.1.0/.xml/poolboy/poolboy.xml"
Reading XML for "/home/pete/wefwefwef/docs/other/3364875082/repo/1.1.0/.xml/specs_poolboy.xml"
Generating HTML - poolboy_sup "/home/pete/wefwefwef/docs/other/3364875082/repo/1.1.0/.xml/poolboy/poolboy_sup.xml"
Reading XML for "/home/pete/wefwefwef/docs/other/3364875082/repo/1.1.0/.xml/poolboy/poolboy_sup.xml"
Reading XML for "/home/pete/wefwefwef/docs/other/3364875082/repo/1.1.0/.xml/specs_poolboy_sup.xml"
Creating index.html ...
Creating erldocs_index.js ...
Woot, finished in 0 Minutes 0 Seconds
 :: Discovering other repos
$ 5000  `rm -r '/home/pete/wefwefwef/docs/other/3364875082/poolboy-tag-1.1.0'  2>&1`
 :: Processing https://github.com/qhool/poolboy	{rev,tag,"1.2.0","65f7cbc6fff6a288cffc9fbdf6f2c4677052ba9f",undefined,[],[]}
 :: Fetching repo code
$ cd "/home/pete/wefwefwef/docs/other/3364875082/poolboy-tag-1.2.0/poolboy"
$ infinity  `curl --fail --silent --show-error --location --output '1.2.0.zip' 'https://github.com/qhool/poolboy/archive/1.2.0.zip'  2>&1`
$ cd "/home/pete/wefwefwef/docs/erldocs_other.git"
$ cd "/home/pete/wefwefwef/docs/other/3364875082/poolboy-tag-1.2.0/poolboy"
$ 5000  `find -P . -type l -delete  2>&1`
$ cd "/home/pete/wefwefwef/docs/erldocs_other.git"
$ cd "/home/pete/wefwefwef/docs/other/3364875082/poolboy-tag-1.2.0/poolboy"
$ 5000  `find 'poolboy-1.2.0' -mindepth 1 -maxdepth 1 -exec mv -t . -- {} +  2>&1`
$ cd "/home/pete/wefwefwef/docs/erldocs_other.git"
 :: Getting dependencies
$ cd "/home/pete/wefwefwef/docs/other/3364875082/poolboy-tag-1.2.0/poolboy"
$ 5000  `ls -1 deps/  2>&1`
$ cd "/home/pete/wefwefwef/docs/erldocs_other.git"
>>> [rebar] deps = []
 :: Generating erldocs into /home/pete/wefwefwef/docs/other/3364875082/repo/1.2.0
Building poolboy
Generating Type Specs - "/home/pete/wefwefwef/docs/other/3364875082/poolboy-tag-1.2.0/poolboy/src/poolboy.erl"
Generating Type Specs - "/home/pete/wefwefwef/docs/other/3364875082/poolboy-tag-1.2.0/poolboy/src/poolboy_sup.erl"
Generating Type Specs - "/home/pete/wefwefwef/docs/other/3364875082/poolboy-tag-1.2.0/poolboy/src/poolboy_worker.erl"
Generating XML for application poolboy "/home/pete/wefwefwef/docs/other/3364875082/poolboy-tag-1.2.0/poolboy" -> "/home/pete/wefwefwef/docs/other/3364875082/repo/1.2.0/.xml/poolboy"
Generated poolboy XMLs: ["/home/pete/wefwefwef/docs/other/3364875082/repo/1.2.0/.xml/poolboy/poolboy_sup.xml",
                         "/home/pete/wefwefwef/docs/other/3364875082/repo/1.2.0/.xml/poolboy/poolboy.xml",
                         "/home/pete/wefwefwef/docs/other/3364875082/repo/1.2.0/.xml/poolboy/poolboy_worker.xml"]
Generating HTML - poolboy_worker "/home/pete/wefwefwef/docs/other/3364875082/repo/1.2.0/.xml/poolboy/poolboy_worker.xml"
Reading XML for "/home/pete/wefwefwef/docs/other/3364875082/repo/1.2.0/.xml/poolboy/poolboy_worker.xml"
Reading XML for "/home/pete/wefwefwef/docs/other/3364875082/repo/1.2.0/.xml/specs_poolboy_worker.xml"
Generating HTML - poolboy "/home/pete/wefwefwef/docs/other/3364875082/repo/1.2.0/.xml/poolboy/poolboy.xml"
Reading XML for "/home/pete/wefwefwef/docs/other/3364875082/repo/1.2.0/.xml/poolboy/poolboy.xml"
Reading XML for "/home/pete/wefwefwef/docs/other/3364875082/repo/1.2.0/.xml/specs_poolboy.xml"
Generating HTML - poolboy_sup "/home/pete/wefwefwef/docs/other/3364875082/repo/1.2.0/.xml/poolboy/poolboy_sup.xml"
Reading XML for "/home/pete/wefwefwef/docs/other/3364875082/repo/1.2.0/.xml/poolboy/poolboy_sup.xml"
Reading XML for "/home/pete/wefwefwef/docs/other/3364875082/repo/1.2.0/.xml/specs_poolboy_sup.xml"
Creating index.html ...
Creating erldocs_index.js ...
Woot, finished in 0 Minutes 0 Seconds
 :: Discovering other repos
$ 5000  `rm -r '/home/pete/wefwefwef/docs/other/3364875082/poolboy-tag-1.2.0'  2>&1`
 :: Processing https://github.com/qhool/poolboy	{rev,tag,"1.2.1","5abc5f9d19bca6267740e15ee653ecca660b2b09",undefined,[],[]}
 :: Fetching repo code
$ cd "/home/pete/wefwefwef/docs/other/3364875082/poolboy-tag-1.2.1/poolboy"
$ infinity  `curl --fail --silent --show-error --location --output '1.2.1.zip' 'https://github.com/qhool/poolboy/archive/1.2.1.zip'  2>&1`
$ cd "/home/pete/wefwefwef/docs/erldocs_other.git"
$ cd "/home/pete/wefwefwef/docs/other/3364875082/poolboy-tag-1.2.1/poolboy"
$ 5000  `find -P . -type l -delete  2>&1`
$ cd "/home/pete/wefwefwef/docs/erldocs_other.git"
$ cd "/home/pete/wefwefwef/docs/other/3364875082/poolboy-tag-1.2.1/poolboy"
$ 5000  `find 'poolboy-1.2.1' -mindepth 1 -maxdepth 1 -exec mv -t . -- {} +  2>&1`
$ cd "/home/pete/wefwefwef/docs/erldocs_other.git"
 :: Getting dependencies
$ cd "/home/pete/wefwefwef/docs/other/3364875082/poolboy-tag-1.2.1/poolboy"
$ 5000  `ls -1 deps/  2>&1`
$ cd "/home/pete/wefwefwef/docs/erldocs_other.git"
>>> [rebar] deps = []
 :: Generating erldocs into /home/pete/wefwefwef/docs/other/3364875082/repo/1.2.1
Building poolboy
Generating Type Specs - "/home/pete/wefwefwef/docs/other/3364875082/poolboy-tag-1.2.1/poolboy/src/poolboy.erl"
Generating Type Specs - "/home/pete/wefwefwef/docs/other/3364875082/poolboy-tag-1.2.1/poolboy/src/poolboy_sup.erl"
Generating Type Specs - "/home/pete/wefwefwef/docs/other/3364875082/poolboy-tag-1.2.1/poolboy/src/poolboy_worker.erl"
Generating XML for application poolboy "/home/pete/wefwefwef/docs/other/3364875082/poolboy-tag-1.2.1/poolboy" -> "/home/pete/wefwefwef/docs/other/3364875082/repo/1.2.1/.xml/poolboy"
Generated poolboy XMLs: ["/home/pete/wefwefwef/docs/other/3364875082/repo/1.2.1/.xml/poolboy/poolboy_sup.xml",
                         "/home/pete/wefwefwef/docs/other/3364875082/repo/1.2.1/.xml/poolboy/poolboy.xml",
                         "/home/pete/wefwefwef/docs/other/3364875082/repo/1.2.1/.xml/poolboy/poolboy_worker.xml"]
Generating HTML - poolboy_worker "/home/pete/wefwefwef/docs/other/3364875082/repo/1.2.1/.xml/poolboy/poolboy_worker.xml"
Reading XML for "/home/pete/wefwefwef/docs/other/3364875082/repo/1.2.1/.xml/poolboy/poolboy_worker.xml"
Reading XML for "/home/pete/wefwefwef/docs/other/3364875082/repo/1.2.1/.xml/specs_poolboy_worker.xml"
Generating HTML - poolboy "/home/pete/wefwefwef/docs/other/3364875082/repo/1.2.1/.xml/poolboy/poolboy.xml"
Reading XML for "/home/pete/wefwefwef/docs/other/3364875082/repo/1.2.1/.xml/poolboy/poolboy.xml"
Reading XML for "/home/pete/wefwefwef/docs/other/3364875082/repo/1.2.1/.xml/specs_poolboy.xml"
Generating HTML - poolboy_sup "/home/pete/wefwefwef/docs/other/3364875082/repo/1.2.1/.xml/poolboy/poolboy_sup.xml"
Reading XML for "/home/pete/wefwefwef/docs/other/3364875082/repo/1.2.1/.xml/poolboy/poolboy_sup.xml"
Reading XML for "/home/pete/wefwefwef/docs/other/3364875082/repo/1.2.1/.xml/specs_poolboy_sup.xml"
Creating index.html ...
Creating erldocs_index.js ...
Woot, finished in 0 Minutes 0 Seconds
 :: Discovering other repos
$ 5000  `rm -r '/home/pete/wefwefwef/docs/other/3364875082/poolboy-tag-1.2.1'  2>&1`
 :: Processing https://github.com/qhool/poolboy	{rev,tag,"1.2.2","2c7840df19ea8cbcfbf9d0d6296f08502de5fabe",undefined,[],[]}
 :: Fetching repo code
$ cd "/home/pete/wefwefwef/docs/other/3364875082/poolboy-tag-1.2.2/poolboy"
$ infinity  `curl --fail --silent --show-error --location --output '1.2.2.zip' 'https://github.com/qhool/poolboy/archive/1.2.2.zip'  2>&1`
$ cd "/home/pete/wefwefwef/docs/erldocs_other.git"
$ cd "/home/pete/wefwefwef/docs/other/3364875082/poolboy-tag-1.2.2/poolboy"
$ 5000  `find -P . -type l -delete  2>&1`
$ cd "/home/pete/wefwefwef/docs/erldocs_other.git"
$ cd "/home/pete/wefwefwef/docs/other/3364875082/poolboy-tag-1.2.2/poolboy"
$ 5000  `find 'poolboy-1.2.2' -mindepth 1 -maxdepth 1 -exec mv -t . -- {} +  2>&1`
$ cd "/home/pete/wefwefwef/docs/erldocs_other.git"
 :: Getting dependencies
$ cd "/home/pete/wefwefwef/docs/other/3364875082/poolboy-tag-1.2.2/poolboy"
$ 5000  `ls -1 deps/  2>&1`
$ cd "/home/pete/wefwefwef/docs/erldocs_other.git"
>>> [rebar] deps = []
 :: Generating erldocs into /home/pete/wefwefwef/docs/other/3364875082/repo/1.2.2
Building poolboy
Generating Type Specs - "/home/pete/wefwefwef/docs/other/3364875082/poolboy-tag-1.2.2/poolboy/src/poolboy.erl"
Generating Type Specs - "/home/pete/wefwefwef/docs/other/3364875082/poolboy-tag-1.2.2/poolboy/src/poolboy_sup.erl"
Generating Type Specs - "/home/pete/wefwefwef/docs/other/3364875082/poolboy-tag-1.2.2/poolboy/src/poolboy_worker.erl"
Generating XML for application poolboy "/home/pete/wefwefwef/docs/other/3364875082/poolboy-tag-1.2.2/poolboy" -> "/home/pete/wefwefwef/docs/other/3364875082/repo/1.2.2/.xml/poolboy"
Generated poolboy XMLs: ["/home/pete/wefwefwef/docs/other/3364875082/repo/1.2.2/.xml/poolboy/poolboy_sup.xml",
                         "/home/pete/wefwefwef/docs/other/3364875082/repo/1.2.2/.xml/poolboy/poolboy.xml",
                         "/home/pete/wefwefwef/docs/other/3364875082/repo/1.2.2/.xml/poolboy/poolboy_worker.xml"]
Generating HTML - poolboy_worker "/home/pete/wefwefwef/docs/other/3364875082/repo/1.2.2/.xml/poolboy/poolboy_worker.xml"
Reading XML for "/home/pete/wefwefwef/docs/other/3364875082/repo/1.2.2/.xml/poolboy/poolboy_worker.xml"
Reading XML for "/home/pete/wefwefwef/docs/other/3364875082/repo/1.2.2/.xml/specs_poolboy_worker.xml"
Generating HTML - poolboy "/home/pete/wefwefwef/docs/other/3364875082/repo/1.2.2/.xml/poolboy/poolboy.xml"
Reading XML for "/home/pete/wefwefwef/docs/other/3364875082/repo/1.2.2/.xml/poolboy/poolboy.xml"
Reading XML for "/home/pete/wefwefwef/docs/other/3364875082/repo/1.2.2/.xml/specs_poolboy.xml"
Generating HTML - poolboy_sup "/home/pete/wefwefwef/docs/other/3364875082/repo/1.2.2/.xml/poolboy/poolboy_sup.xml"
Reading XML for "/home/pete/wefwefwef/docs/other/3364875082/repo/1.2.2/.xml/poolboy/poolboy_sup.xml"
Reading XML for "/home/pete/wefwefwef/docs/other/3364875082/repo/1.2.2/.xml/specs_poolboy_sup.xml"
Creating index.html ...
Creating erldocs_index.js ...
Woot, finished in 0 Minutes 0 Seconds
 :: Discovering other repos
$ 5000  `rm -r '/home/pete/wefwefwef/docs/other/3364875082/poolboy-tag-1.2.2'  2>&1`
 :: Processing https://github.com/qhool/poolboy	{rev,tag,"1.3.0","17d1582533af5c076117e2e1270f4b43faa02f12",undefined,[],[]}
 :: Fetching repo code
$ cd "/home/pete/wefwefwef/docs/other/3364875082/poolboy-tag-1.3.0/poolboy"
$ infinity  `curl --fail --silent --show-error --location --output '1.3.0.zip' 'https://github.com/qhool/poolboy/archive/1.3.0.zip'  2>&1`
$ cd "/home/pete/wefwefwef/docs/erldocs_other.git"
$ cd "/home/pete/wefwefwef/docs/other/3364875082/poolboy-tag-1.3.0/poolboy"
$ 5000  `find -P . -type l -delete  2>&1`
$ cd "/home/pete/wefwefwef/docs/erldocs_other.git"
$ cd "/home/pete/wefwefwef/docs/other/3364875082/poolboy-tag-1.3.0/poolboy"
$ 5000  `find 'poolboy-1.3.0' -mindepth 1 -maxdepth 1 -exec mv -t . -- {} +  2>&1`
$ cd "/home/pete/wefwefwef/docs/erldocs_other.git"
 :: Getting dependencies
$ cd "/home/pete/wefwefwef/docs/other/3364875082/poolboy-tag-1.3.0/poolboy"
$ 5000  `ls -1 deps/  2>&1`
$ cd "/home/pete/wefwefwef/docs/erldocs_other.git"
>>> [rebar] deps = []
 :: Generating erldocs into /home/pete/wefwefwef/docs/other/3364875082/repo/1.3.0
Building poolboy
Generating Type Specs - "/home/pete/wefwefwef/docs/other/3364875082/poolboy-tag-1.3.0/poolboy/src/poolboy.erl"
Generating Type Specs - "/home/pete/wefwefwef/docs/other/3364875082/poolboy-tag-1.3.0/poolboy/src/poolboy_sup.erl"
Generating Type Specs - "/home/pete/wefwefwef/docs/other/3364875082/poolboy-tag-1.3.0/poolboy/src/poolboy_worker.erl"
Generating XML for application poolboy "/home/pete/wefwefwef/docs/other/3364875082/poolboy-tag-1.3.0/poolboy" -> "/home/pete/wefwefwef/docs/other/3364875082/repo/1.3.0/.xml/poolboy"
Generated poolboy XMLs: ["/home/pete/wefwefwef/docs/other/3364875082/repo/1.3.0/.xml/poolboy/poolboy_sup.xml",
                         "/home/pete/wefwefwef/docs/other/3364875082/repo/1.3.0/.xml/poolboy/poolboy.xml",
                         "/home/pete/wefwefwef/docs/other/3364875082/repo/1.3.0/.xml/poolboy/poolboy_worker.xml"]
Generating HTML - poolboy_worker "/home/pete/wefwefwef/docs/other/3364875082/repo/1.3.0/.xml/poolboy/poolboy_worker.xml"
Reading XML for "/home/pete/wefwefwef/docs/other/3364875082/repo/1.3.0/.xml/poolboy/poolboy_worker.xml"
Reading XML for "/home/pete/wefwefwef/docs/other/3364875082/repo/1.3.0/.xml/specs_poolboy_worker.xml"
Generating HTML - poolboy "/home/pete/wefwefwef/docs/other/3364875082/repo/1.3.0/.xml/poolboy/poolboy.xml"
Reading XML for "/home/pete/wefwefwef/docs/other/3364875082/repo/1.3.0/.xml/poolboy/poolboy.xml"
Reading XML for "/home/pete/wefwefwef/docs/other/3364875082/repo/1.3.0/.xml/specs_poolboy.xml"
Generating HTML - poolboy_sup "/home/pete/wefwefwef/docs/other/3364875082/repo/1.3.0/.xml/poolboy/poolboy_sup.xml"
Reading XML for "/home/pete/wefwefwef/docs/other/3364875082/repo/1.3.0/.xml/poolboy/poolboy_sup.xml"
Reading XML for "/home/pete/wefwefwef/docs/other/3364875082/repo/1.3.0/.xml/specs_poolboy_sup.xml"
Creating index.html ...
Creating erldocs_index.js ...
Woot, finished in 0 Minutes 0 Seconds
 :: Discovering other repos
$ 5000  `rm -r '/home/pete/wefwefwef/docs/other/3364875082/poolboy-tag-1.3.0'  2>&1`
 :: Processing https://github.com/qhool/poolboy	{rev,tag,"1.4.0","7632965a9ee3c7b98054b107a05cb42d5494624c",undefined,[],[]}
 :: Fetching repo code
$ cd "/home/pete/wefwefwef/docs/other/3364875082/poolboy-tag-1.4.0/poolboy"
$ infinity  `curl --fail --silent --show-error --location --output '1.4.0.zip' 'https://github.com/qhool/poolboy/archive/1.4.0.zip'  2>&1`
$ cd "/home/pete/wefwefwef/docs/erldocs_other.git"
$ cd "/home/pete/wefwefwef/docs/other/3364875082/poolboy-tag-1.4.0/poolboy"
$ 5000  `find -P . -type l -delete  2>&1`
$ cd "/home/pete/wefwefwef/docs/erldocs_other.git"
$ cd "/home/pete/wefwefwef/docs/other/3364875082/poolboy-tag-1.4.0/poolboy"
$ 5000  `find 'poolboy-1.4.0' -mindepth 1 -maxdepth 1 -exec mv -t . -- {} +  2>&1`
$ cd "/home/pete/wefwefwef/docs/erldocs_other.git"
 :: Getting dependencies
$ cd "/home/pete/wefwefwef/docs/other/3364875082/poolboy-tag-1.4.0/poolboy"
$ 5000  `ls -1 deps/  2>&1`
$ cd "/home/pete/wefwefwef/docs/erldocs_other.git"
>>> [rebar] deps = []
 :: Generating erldocs into /home/pete/wefwefwef/docs/other/3364875082/repo/1.4.0
Building poolboy
Generating Type Specs - "/home/pete/wefwefwef/docs/other/3364875082/poolboy-tag-1.4.0/poolboy/src/poolboy.erl"
Generating Type Specs - "/home/pete/wefwefwef/docs/other/3364875082/poolboy-tag-1.4.0/poolboy/src/poolboy_sup.erl"
Generating Type Specs - "/home/pete/wefwefwef/docs/other/3364875082/poolboy-tag-1.4.0/poolboy/src/poolboy_worker.erl"
Generating XML for application poolboy "/home/pete/wefwefwef/docs/other/3364875082/poolboy-tag-1.4.0/poolboy" -> "/home/pete/wefwefwef/docs/other/3364875082/repo/1.4.0/.xml/poolboy"
edoc: error in layout 'docgen_edoc_xml_cb': {'EXIT',
                                       {function_clause,
                                        [{docgen_edoc_xml_cb,t_type,
                                          [[{xmlElement,paren,[],[],
                                             {xmlNamespace,[],[]},
                                             [{type,1},{union,...},{...}|...],
                                             1,[],
                                             [...],...}]],
                                          [{file,"docgen_edoc_xml_cb.erl"},
                                           {line,1003}]},
                                         {docgen_edoc_xml_cb,seq,4,
                                          [{file,"docgen_edoc_xml_cb.erl"},
                                           {line,1116}]},
                                         {docgen_edoc_xml_cb,typedef,1,
                                          [{file,"docgen_edoc_xml_cb.erl"},
                                           {line,870}]},
                                         {docgen_edoc_xml_cb,typedecl,2,
                                          [{file,"docgen_edoc_xml_cb.erl"},
                                           {line,857}]},
                                         {lists,flatmap,2,
                                          [{file,"lists.erl"},{line,1248}]},
                                         {docgen_edoc_xml_cb,types,1,
                                          [{file,"docgen_edoc_xml_cb.erl"},
                                           {line,851}]},
                                         {docgen_edoc_xml_cb,layout_module,2,
                                          [{file,"docgen_edoc_xml_cb.erl"},
                                           {line,89}]},
                                         {docgen_edoc_xml_cb,module,2,
                                          [{file,[...]},{line,...}]}]}}.
edoc: error in doclet 'edoc_doclet': {'EXIT',error}.
Error generating poolboy XMLs. Using fallback ...
Generating XML poolboy - poolboy "/home/pete/wefwefwef/docs/other/3364875082/poolboy-tag-1.4.0/poolboy/src/poolboy.erl" -> "/home/pete/wefwefwef/docs/other/3364875082/repo/1.4.0/.xml/poolboy/poolboy.xml"
edoc: error in layout 'docgen_edoc_xml_cb': {'EXIT',
                                       {function_clause,
                                        [{docgen_edoc_xml_cb,t_type,
                                          [[{xmlElement,paren,[],[],
                                             {xmlNamespace,[],[]},
                                             [{type,1},{union,...},{...}|...],
                                             1,[],
                                             [...],...}]],
                                          [{file,"docgen_edoc_xml_cb.erl"},
                                           {line,1003}]},
                                         {docgen_edoc_xml_cb,seq,4,
                                          [{file,"docgen_edoc_xml_cb.erl"},
                                           {line,1116}]},
                                         {docgen_edoc_xml_cb,typedef,1,
                                          [{file,"docgen_edoc_xml_cb.erl"},
                                           {line,870}]},
                                         {docgen_edoc_xml_cb,typedecl,2,
                                          [{file,"docgen_edoc_xml_cb.erl"},
                                           {line,857}]},
                                         {lists,flatmap,2,
                                          [{file,"lists.erl"},{line,1248}]},
                                         {docgen_edoc_xml_cb,types,1,
                                          [{file,"docgen_edoc_xml_cb.erl"},
                                           {line,851}]},
                                         {docgen_edoc_xml_cb,layout_module,2,
                                          [{file,"docgen_edoc_xml_cb.erl"},
                                           {line,89}]},
                                         {docgen_edoc_xml_cb,module,2,
                                          [{file,[...]},{line,...}]}]}}.
Error generating XML ("/home/pete/wefwefwef/docs/other/3364875082/poolboy-tag-1.4.0/poolboy/src/poolboy.erl"): {'EXIT',
                                                                                                                error}
Generating XML poolboy - poolboy_sup "/home/pete/wefwefwef/docs/other/3364875082/poolboy-tag-1.4.0/poolboy/src/poolboy_sup.erl" -> "/home/pete/wefwefwef/docs/other/3364875082/repo/1.4.0/.xml/poolboy/poolboy_sup.xml"
Generating XML poolboy - poolboy_worker "/home/pete/wefwefwef/docs/other/3364875082/poolboy-tag-1.4.0/poolboy/src/poolboy_worker.erl" -> "/home/pete/wefwefwef/docs/other/3364875082/repo/1.4.0/.xml/poolboy/poolboy_worker.xml"
Generating HTML - poolboy_sup "/home/pete/wefwefwef/docs/other/3364875082/repo/1.4.0/.xml/poolboy/poolboy_sup.xml"
Reading XML for "/home/pete/wefwefwef/docs/other/3364875082/repo/1.4.0/.xml/poolboy/poolboy_sup.xml"
Reading XML for "/home/pete/wefwefwef/docs/other/3364875082/repo/1.4.0/.xml/specs_poolboy_sup.xml"
Generating HTML - poolboy_worker "/home/pete/wefwefwef/docs/other/3364875082/repo/1.4.0/.xml/poolboy/poolboy_worker.xml"
Reading XML for "/home/pete/wefwefwef/docs/other/3364875082/repo/1.4.0/.xml/poolboy/poolboy_worker.xml"
Reading XML for "/home/pete/wefwefwef/docs/other/3364875082/repo/1.4.0/.xml/specs_poolboy_worker.xml"
Creating index.html ...
Creating erldocs_index.js ...
Woot, finished in 0 Minutes 0 Seconds
 :: Discovering other repos
$ 5000  `rm -r '/home/pete/wefwefwef/docs/other/3364875082/poolboy-tag-1.4.0'  2>&1`
 :: Processing https://github.com/qhool/poolboy	{rev,tag,"1.4.1","2d94d5b1084a59c14feb809cbd7cc376835e60b6",undefined,[],[]}
 :: Fetching repo code
$ cd "/home/pete/wefwefwef/docs/other/3364875082/poolboy-tag-1.4.1/poolboy"
$ infinity  `curl --fail --silent --show-error --location --output '1.4.1.zip' 'https://github.com/qhool/poolboy/archive/1.4.1.zip'  2>&1`
$ cd "/home/pete/wefwefwef/docs/erldocs_other.git"
$ cd "/home/pete/wefwefwef/docs/other/3364875082/poolboy-tag-1.4.1/poolboy"
$ 5000  `find -P . -type l -delete  2>&1`
$ cd "/home/pete/wefwefwef/docs/erldocs_other.git"
$ cd "/home/pete/wefwefwef/docs/other/3364875082/poolboy-tag-1.4.1/poolboy"
$ 5000  `find 'poolboy-1.4.1' -mindepth 1 -maxdepth 1 -exec mv -t . -- {} +  2>&1`
$ cd "/home/pete/wefwefwef/docs/erldocs_other.git"
 :: Getting dependencies
$ cd "/home/pete/wefwefwef/docs/other/3364875082/poolboy-tag-1.4.1/poolboy"
$ 5000  `ls -1 deps/  2>&1`
$ cd "/home/pete/wefwefwef/docs/erldocs_other.git"
>>> [rebar] deps = []
 :: Generating erldocs into /home/pete/wefwefwef/docs/other/3364875082/repo/1.4.1
Building poolboy
Generating Type Specs - "/home/pete/wefwefwef/docs/other/3364875082/poolboy-tag-1.4.1/poolboy/src/poolboy.erl"
Generating Type Specs - "/home/pete/wefwefwef/docs/other/3364875082/poolboy-tag-1.4.1/poolboy/src/poolboy_sup.erl"
Generating Type Specs - "/home/pete/wefwefwef/docs/other/3364875082/poolboy-tag-1.4.1/poolboy/src/poolboy_worker.erl"
Generating XML for application poolboy "/home/pete/wefwefwef/docs/other/3364875082/poolboy-tag-1.4.1/poolboy" -> "/home/pete/wefwefwef/docs/other/3364875082/repo/1.4.1/.xml/poolboy"
edoc: error in layout 'docgen_edoc_xml_cb': {'EXIT',
                                       {function_clause,
                                        [{docgen_edoc_xml_cb,t_type,
                                          [[{xmlElement,paren,[],[],
                                             {xmlNamespace,[],[]},
                                             [{type,1},{union,...},{...}|...],
                                             1,[],
                                             [...],...}]],
                                          [{file,"docgen_edoc_xml_cb.erl"},
                                           {line,1003}]},
                                         {docgen_edoc_xml_cb,seq,4,
                                          [{file,"docgen_edoc_xml_cb.erl"},
                                           {line,1116}]},
                                         {docgen_edoc_xml_cb,typedef,1,
                                          [{file,"docgen_edoc_xml_cb.erl"},
                                           {line,870}]},
                                         {docgen_edoc_xml_cb,typedecl,2,
                                          [{file,"docgen_edoc_xml_cb.erl"},
                                           {line,857}]},
                                         {lists,flatmap,2,
                                          [{file,"lists.erl"},{line,1248}]},
                                         {docgen_edoc_xml_cb,types,1,
                                          [{file,"docgen_edoc_xml_cb.erl"},
                                           {line,851}]},
                                         {docgen_edoc_xml_cb,layout_module,2,
                                          [{file,"docgen_edoc_xml_cb.erl"},
                                           {line,89}]},
                                         {docgen_edoc_xml_cb,module,2,
                                          [{file,[...]},{line,...}]}]}}.
edoc: error in doclet 'edoc_doclet': {'EXIT',error}.
Error generating poolboy XMLs. Using fallback ...
Generating XML poolboy - poolboy "/home/pete/wefwefwef/docs/other/3364875082/poolboy-tag-1.4.1/poolboy/src/poolboy.erl" -> "/home/pete/wefwefwef/docs/other/3364875082/repo/1.4.1/.xml/poolboy/poolboy.xml"
edoc: error in layout 'docgen_edoc_xml_cb': {'EXIT',
                                       {function_clause,
                                        [{docgen_edoc_xml_cb,t_type,
                                          [[{xmlElement,paren,[],[],
                                             {xmlNamespace,[],[]},
                                             [{type,1},{union,...},{...}|...],
                                             1,[],
                                             [...],...}]],
                                          [{file,"docgen_edoc_xml_cb.erl"},
                                           {line,1003}]},
                                         {docgen_edoc_xml_cb,seq,4,
                                          [{file,"docgen_edoc_xml_cb.erl"},
                                           {line,1116}]},
                                         {docgen_edoc_xml_cb,typedef,1,
                                          [{file,"docgen_edoc_xml_cb.erl"},
                                           {line,870}]},
                                         {docgen_edoc_xml_cb,typedecl,2,
                                          [{file,"docgen_edoc_xml_cb.erl"},
                                           {line,857}]},
                                         {lists,flatmap,2,
                                          [{file,"lists.erl"},{line,1248}]},
                                         {docgen_edoc_xml_cb,types,1,
                                          [{file,"docgen_edoc_xml_cb.erl"},
                                           {line,851}]},
                                         {docgen_edoc_xml_cb,layout_module,2,
                                          [{file,"docgen_edoc_xml_cb.erl"},
                                           {line,89}]},
                                         {docgen_edoc_xml_cb,module,2,
                                          [{file,[...]},{line,...}]}]}}.
Error generating XML ("/home/pete/wefwefwef/docs/other/3364875082/poolboy-tag-1.4.1/poolboy/src/poolboy.erl"): {'EXIT',
                                                                                                                error}
Generating XML poolboy - poolboy_sup "/home/pete/wefwefwef/docs/other/3364875082/poolboy-tag-1.4.1/poolboy/src/poolboy_sup.erl" -> "/home/pete/wefwefwef/docs/other/3364875082/repo/1.4.1/.xml/poolboy/poolboy_sup.xml"
Generating XML poolboy - poolboy_worker "/home/pete/wefwefwef/docs/other/3364875082/poolboy-tag-1.4.1/poolboy/src/poolboy_worker.erl" -> "/home/pete/wefwefwef/docs/other/3364875082/repo/1.4.1/.xml/poolboy/poolboy_worker.xml"
Generating HTML - poolboy_sup "/home/pete/wefwefwef/docs/other/3364875082/repo/1.4.1/.xml/poolboy/poolboy_sup.xml"
Reading XML for "/home/pete/wefwefwef/docs/other/3364875082/repo/1.4.1/.xml/poolboy/poolboy_sup.xml"
Reading XML for "/home/pete/wefwefwef/docs/other/3364875082/repo/1.4.1/.xml/specs_poolboy_sup.xml"
Generating HTML - poolboy_worker "/home/pete/wefwefwef/docs/other/3364875082/repo/1.4.1/.xml/poolboy/poolboy_worker.xml"
Reading XML for "/home/pete/wefwefwef/docs/other/3364875082/repo/1.4.1/.xml/poolboy/poolboy_worker.xml"
Reading XML for "/home/pete/wefwefwef/docs/other/3364875082/repo/1.4.1/.xml/specs_poolboy_worker.xml"
Creating index.html ...
Creating erldocs_index.js ...
Woot, finished in 0 Minutes 0 Seconds
 :: Discovering other repos
$ 5000  `rm -r '/home/pete/wefwefwef/docs/other/3364875082/poolboy-tag-1.4.1'  2>&1`
 :: Processing https://github.com/qhool/poolboy	{rev,tag,"1.4.2","fa87a6e51534d02c04a118a2f037d0ff296f2309",undefined,[],[]}
 :: Fetching repo code
$ cd "/home/pete/wefwefwef/docs/other/3364875082/poolboy-tag-1.4.2/poolboy"
$ infinity  `curl --fail --silent --show-error --location --output '1.4.2.zip' 'https://github.com/qhool/poolboy/archive/1.4.2.zip'  2>&1`
$ cd "/home/pete/wefwefwef/docs/erldocs_other.git"
$ cd "/home/pete/wefwefwef/docs/other/3364875082/poolboy-tag-1.4.2/poolboy"
$ 5000  `find -P . -type l -delete  2>&1`
$ cd "/home/pete/wefwefwef/docs/erldocs_other.git"
$ cd "/home/pete/wefwefwef/docs/other/3364875082/poolboy-tag-1.4.2/poolboy"
$ 5000  `find 'poolboy-1.4.2' -mindepth 1 -maxdepth 1 -exec mv -t . -- {} +  2>&1`
$ cd "/home/pete/wefwefwef/docs/erldocs_other.git"
 :: Getting dependencies
$ cd "/home/pete/wefwefwef/docs/other/3364875082/poolboy-tag-1.4.2/poolboy"
$ 5000  `ls -1 deps/  2>&1`
$ cd "/home/pete/wefwefwef/docs/erldocs_other.git"
>>> [rebar] deps = []
 :: Generating erldocs into /home/pete/wefwefwef/docs/other/3364875082/repo/1.4.2
Building poolboy
Generating Type Specs - "/home/pete/wefwefwef/docs/other/3364875082/poolboy-tag-1.4.2/poolboy/src/poolboy.erl"
Generating Type Specs - "/home/pete/wefwefwef/docs/other/3364875082/poolboy-tag-1.4.2/poolboy/src/poolboy_sup.erl"
Generating Type Specs - "/home/pete/wefwefwef/docs/other/3364875082/poolboy-tag-1.4.2/poolboy/src/poolboy_worker.erl"
Generating XML for application poolboy "/home/pete/wefwefwef/docs/other/3364875082/poolboy-tag-1.4.2/poolboy" -> "/home/pete/wefwefwef/docs/other/3364875082/repo/1.4.2/.xml/poolboy"
edoc: error in layout 'docgen_edoc_xml_cb': {'EXIT',
                                       {function_clause,
                                        [{docgen_edoc_xml_cb,t_type,
                                          [[{xmlElement,paren,[],[],
                                             {xmlNamespace,[],[]},
                                             [{type,1},{union,...},{...}|...],
                                             1,[],
                                             [...],...}]],
                                          [{file,"docgen_edoc_xml_cb.erl"},
                                           {line,1003}]},
                                         {docgen_edoc_xml_cb,seq,4,
                                          [{file,"docgen_edoc_xml_cb.erl"},
                                           {line,1116}]},
                                         {docgen_edoc_xml_cb,typedef,1,
                                          [{file,"docgen_edoc_xml_cb.erl"},
                                           {line,870}]},
                                         {docgen_edoc_xml_cb,typedecl,2,
                                          [{file,"docgen_edoc_xml_cb.erl"},
                                           {line,857}]},
                                         {lists,flatmap,2,
                                          [{file,"lists.erl"},{line,1248}]},
                                         {docgen_edoc_xml_cb,types,1,
                                          [{file,"docgen_edoc_xml_cb.erl"},
                                           {line,851}]},
                                         {docgen_edoc_xml_cb,layout_module,2,
                                          [{file,"docgen_edoc_xml_cb.erl"},
                                           {line,89}]},
                                         {docgen_edoc_xml_cb,module,2,
                                          [{file,[...]},{line,...}]}]}}.
edoc: error in doclet 'edoc_doclet': {'EXIT',error}.
Error generating poolboy XMLs. Using fallback ...
Generating XML poolboy - poolboy "/home/pete/wefwefwef/docs/other/3364875082/poolboy-tag-1.4.2/poolboy/src/poolboy.erl" -> "/home/pete/wefwefwef/docs/other/3364875082/repo/1.4.2/.xml/poolboy/poolboy.xml"
edoc: error in layout 'docgen_edoc_xml_cb': {'EXIT',
                                       {function_clause,
                                        [{docgen_edoc_xml_cb,t_type,
                                          [[{xmlElement,paren,[],[],
                                             {xmlNamespace,[],[]},
                                             [{type,1},{union,...},{...}|...],
                                             1,[],
                                             [...],...}]],
                                          [{file,"docgen_edoc_xml_cb.erl"},
                                           {line,1003}]},
                                         {docgen_edoc_xml_cb,seq,4,
                                          [{file,"docgen_edoc_xml_cb.erl"},
                                           {line,1116}]},
                                         {docgen_edoc_xml_cb,typedef,1,
                                          [{file,"docgen_edoc_xml_cb.erl"},
                                           {line,870}]},
                                         {docgen_edoc_xml_cb,typedecl,2,
                                          [{file,"docgen_edoc_xml_cb.erl"},
                                           {line,857}]},
                                         {lists,flatmap,2,
                                          [{file,"lists.erl"},{line,1248}]},
                                         {docgen_edoc_xml_cb,types,1,
                                          [{file,"docgen_edoc_xml_cb.erl"},
                                           {line,851}]},
                                         {docgen_edoc_xml_cb,layout_module,2,
                                          [{file,"docgen_edoc_xml_cb.erl"},
                                           {line,89}]},
                                         {docgen_edoc_xml_cb,module,2,
                                          [{file,[...]},{line,...}]}]}}.
Error generating XML ("/home/pete/wefwefwef/docs/other/3364875082/poolboy-tag-1.4.2/poolboy/src/poolboy.erl"): {'EXIT',
                                                                                                                error}
Generating XML poolboy - poolboy_sup "/home/pete/wefwefwef/docs/other/3364875082/poolboy-tag-1.4.2/poolboy/src/poolboy_sup.erl" -> "/home/pete/wefwefwef/docs/other/3364875082/repo/1.4.2/.xml/poolboy/poolboy_sup.xml"
Generating XML poolboy - poolboy_worker "/home/pete/wefwefwef/docs/other/3364875082/poolboy-tag-1.4.2/poolboy/src/poolboy_worker.erl" -> "/home/pete/wefwefwef/docs/other/3364875082/repo/1.4.2/.xml/poolboy/poolboy_worker.xml"
Generating HTML - poolboy_sup "/home/pete/wefwefwef/docs/other/3364875082/repo/1.4.2/.xml/poolboy/poolboy_sup.xml"
Reading XML for "/home/pete/wefwefwef/docs/other/3364875082/repo/1.4.2/.xml/poolboy/poolboy_sup.xml"
Reading XML for "/home/pete/wefwefwef/docs/other/3364875082/repo/1.4.2/.xml/specs_poolboy_sup.xml"
Generating HTML - poolboy_worker "/home/pete/wefwefwef/docs/other/3364875082/repo/1.4.2/.xml/poolboy/poolboy_worker.xml"
Reading XML for "/home/pete/wefwefwef/docs/other/3364875082/repo/1.4.2/.xml/poolboy/poolboy_worker.xml"
Reading XML for "/home/pete/wefwefwef/docs/other/3364875082/repo/1.4.2/.xml/specs_poolboy_worker.xml"
Creating index.html ...
Creating erldocs_index.js ...
Woot, finished in 0 Minutes 0 Seconds
 :: Discovering other repos
$ 5000  `rm -r '/home/pete/wefwefwef/docs/other/3364875082/poolboy-tag-1.4.2'  2>&1`
 :: Processing https://github.com/qhool/poolboy	{rev,branch,"2.0","912f04be2c0339879998ecc4e65cc60eed36d5cf",undefined,[],[]}
 :: Fetching repo code
$ cd "/home/pete/wefwefwef/docs/other/3364875082/poolboy-branch-2.0/poolboy"
$ infinity  `curl --fail --silent --show-error --location --output '2.0.zip' 'https://github.com/qhool/poolboy/archive/2.0.zip'  2>&1`
$ cd "/home/pete/wefwefwef/docs/erldocs_other.git"
$ cd "/home/pete/wefwefwef/docs/other/3364875082/poolboy-branch-2.0/poolboy"
$ 5000  `find -P . -type l -delete  2>&1`
$ cd "/home/pete/wefwefwef/docs/erldocs_other.git"
$ cd "/home/pete/wefwefwef/docs/other/3364875082/poolboy-branch-2.0/poolboy"
$ 5000  `find 'poolboy-2.0' -mindepth 1 -maxdepth 1 -exec mv -t . -- {} +  2>&1`
$ cd "/home/pete/wefwefwef/docs/erldocs_other.git"
 :: Getting dependencies
$ cd "/home/pete/wefwefwef/docs/other/3364875082/poolboy-branch-2.0/poolboy"
$ 5000  `ls -1 deps/  2>&1`
$ cd "/home/pete/wefwefwef/docs/erldocs_other.git"
>>> [rebar] deps = []
 :: Generating erldocs into /home/pete/wefwefwef/docs/other/3364875082/repo/2.0
Building poolboy
Generating Type Specs - "/home/pete/wefwefwef/docs/other/3364875082/poolboy-branch-2.0/poolboy/src/poolboy.erl"
Generating Type Specs - "/home/pete/wefwefwef/docs/other/3364875082/poolboy-branch-2.0/poolboy/src/poolboy_sup.erl"
Generating Type Specs - "/home/pete/wefwefwef/docs/other/3364875082/poolboy-branch-2.0/poolboy/src/poolboy_worker.erl"
Generating XML for application poolboy "/home/pete/wefwefwef/docs/other/3364875082/poolboy-branch-2.0/poolboy" -> "/home/pete/wefwefwef/docs/other/3364875082/repo/2.0/.xml/poolboy"
edoc: error in layout 'docgen_edoc_xml_cb': {'EXIT',
                                       {function_clause,
                                        [{docgen_edoc_xml_cb,t_type,
                                          [[{xmlElement,paren,[],[],
                                             {xmlNamespace,[],[]},
                                             [{type,1},{union,...},{...}|...],
                                             1,[],
                                             [...],...}]],
                                          [{file,"docgen_edoc_xml_cb.erl"},
                                           {line,1003}]},
                                         {docgen_edoc_xml_cb,seq,4,
                                          [{file,"docgen_edoc_xml_cb.erl"},
                                           {line,1116}]},
                                         {docgen_edoc_xml_cb,typedef,1,
                                          [{file,"docgen_edoc_xml_cb.erl"},
                                           {line,870}]},
                                         {docgen_edoc_xml_cb,typedecl,2,
                                          [{file,"docgen_edoc_xml_cb.erl"},
                                           {line,857}]},
                                         {lists,flatmap,2,
                                          [{file,"lists.erl"},{line,1248}]},
                                         {docgen_edoc_xml_cb,types,1,
                                          [{file,"docgen_edoc_xml_cb.erl"},
                                           {line,851}]},
                                         {docgen_edoc_xml_cb,layout_module,2,
                                          [{file,"docgen_edoc_xml_cb.erl"},
                                           {line,89}]},
                                         {docgen_edoc_xml_cb,module,2,
                                          [{file,[...]},{line,...}]}]}}.
edoc: error in doclet 'edoc_doclet': {'EXIT',error}.
Error generating poolboy XMLs. Using fallback ...
Generating XML poolboy - poolboy "/home/pete/wefwefwef/docs/other/3364875082/poolboy-branch-2.0/poolboy/src/poolboy.erl" -> "/home/pete/wefwefwef/docs/other/3364875082/repo/2.0/.xml/poolboy/poolboy.xml"
edoc: error in layout 'docgen_edoc_xml_cb': {'EXIT',
                                       {function_clause,
                                        [{docgen_edoc_xml_cb,t_type,
                                          [[{xmlElement,paren,[],[],
                                             {xmlNamespace,[],[]},
                                             [{type,1},{union,...},{...}|...],
                                             1,[],
                                             [...],...}]],
                                          [{file,"docgen_edoc_xml_cb.erl"},
                                           {line,1003}]},
                                         {docgen_edoc_xml_cb,seq,4,
                                          [{file,"docgen_edoc_xml_cb.erl"},
                                           {line,1116}]},
                                         {docgen_edoc_xml_cb,typedef,1,
                                          [{file,"docgen_edoc_xml_cb.erl"},
                                           {line,870}]},
                                         {docgen_edoc_xml_cb,typedecl,2,
                                          [{file,"docgen_edoc_xml_cb.erl"},
                                           {line,857}]},
                                         {lists,flatmap,2,
                                          [{file,"lists.erl"},{line,1248}]},
                                         {docgen_edoc_xml_cb,types,1,
                                          [{file,"docgen_edoc_xml_cb.erl"},
                                           {line,851}]},
                                         {docgen_edoc_xml_cb,layout_module,2,
                                          [{file,"docgen_edoc_xml_cb.erl"},
                                           {line,89}]},
                                         {docgen_edoc_xml_cb,module,2,
                                          [{file,[...]},{line,...}]}]}}.
Error generating XML ("/home/pete/wefwefwef/docs/other/3364875082/poolboy-branch-2.0/poolboy/src/poolboy.erl"): {'EXIT',
                                                                                                                 error}
Generating XML poolboy - poolboy_sup "/home/pete/wefwefwef/docs/other/3364875082/poolboy-branch-2.0/poolboy/src/poolboy_sup.erl" -> "/home/pete/wefwefwef/docs/other/3364875082/repo/2.0/.xml/poolboy/poolboy_sup.xml"
Generating XML poolboy - poolboy_worker "/home/pete/wefwefwef/docs/other/3364875082/poolboy-branch-2.0/poolboy/src/poolboy_worker.erl" -> "/home/pete/wefwefwef/docs/other/3364875082/repo/2.0/.xml/poolboy/poolboy_worker.xml"
Generating HTML - poolboy_sup "/home/pete/wefwefwef/docs/other/3364875082/repo/2.0/.xml/poolboy/poolboy_sup.xml"
Reading XML for "/home/pete/wefwefwef/docs/other/3364875082/repo/2.0/.xml/poolboy/poolboy_sup.xml"
Reading XML for "/home/pete/wefwefwef/docs/other/3364875082/repo/2.0/.xml/specs_poolboy_sup.xml"
Generating HTML - poolboy_worker "/home/pete/wefwefwef/docs/other/3364875082/repo/2.0/.xml/poolboy/poolboy_worker.xml"
Reading XML for "/home/pete/wefwefwef/docs/other/3364875082/repo/2.0/.xml/poolboy/poolboy_worker.xml"
Reading XML for "/home/pete/wefwefwef/docs/other/3364875082/repo/2.0/.xml/specs_poolboy_worker.xml"
Creating index.html ...
Creating erldocs_index.js ...
Woot, finished in 0 Minutes 0 Seconds
 :: Discovering other repos
$ 5000  `rm -r '/home/pete/wefwefwef/docs/other/3364875082/poolboy-branch-2.0'  2>&1`
 :: Processing https://github.com/qhool/poolboy	{rev,branch,"adt-backwards-compat","87ce1a8cb292db6b3c83e6f0e8da67fbf24bc208",undefined,[],[]}
 :: Fetching repo code
$ cd "/home/pete/wefwefwef/docs/other/3364875082/poolboy-branch-adt-backwards-compat/poolboy"
$ infinity  `curl --fail --silent --show-error --location --output 'adt-backwards-compat.zip' 'https://github.com/qhool/poolboy/archive/adt-backwards-compat.zip'  2>&1`
$ cd "/home/pete/wefwefwef/docs/erldocs_other.git"
$ cd "/home/pete/wefwefwef/docs/other/3364875082/poolboy-branch-adt-backwards-compat/poolboy"
$ 5000  `find -P . -type l -delete  2>&1`
$ cd "/home/pete/wefwefwef/docs/erldocs_other.git"
$ cd "/home/pete/wefwefwef/docs/other/3364875082/poolboy-branch-adt-backwards-compat/poolboy"
$ 5000  `find 'poolboy-adt-backwards-compat' -mindepth 1 -maxdepth 1 -exec mv -t . -- {} +  2>&1`
$ cd "/home/pete/wefwefwef/docs/erldocs_other.git"
 :: Getting dependencies
$ cd "/home/pete/wefwefwef/docs/other/3364875082/poolboy-branch-adt-backwards-compat/poolboy"
$ 5000  `ls -1 deps/  2>&1`
$ cd "/home/pete/wefwefwef/docs/erldocs_other.git"
>>> [rebar] deps = []
 :: Generating erldocs into /home/pete/wefwefwef/docs/other/3364875082/repo/adt-backwards-compat
Building poolboy
Generating Type Specs - "/home/pete/wefwefwef/docs/other/3364875082/poolboy-branch-adt-backwards-compat/poolboy/src/poolboy.erl"
Generating Type Specs - "/home/pete/wefwefwef/docs/other/3364875082/poolboy-branch-adt-backwards-compat/poolboy/src/poolboy_sup.erl"
Generating Type Specs - "/home/pete/wefwefwef/docs/other/3364875082/poolboy-branch-adt-backwards-compat/poolboy/src/poolboy_worker.erl"
Generating XML for application poolboy "/home/pete/wefwefwef/docs/other/3364875082/poolboy-branch-adt-backwards-compat/poolboy" -> "/home/pete/wefwefwef/docs/other/3364875082/repo/adt-backwards-compat/.xml/poolboy"
Generated poolboy XMLs: ["/home/pete/wefwefwef/docs/other/3364875082/repo/adt-backwards-compat/.xml/poolboy/poolboy_sup.xml",
                         "/home/pete/wefwefwef/docs/other/3364875082/repo/adt-backwards-compat/.xml/poolboy/poolboy.xml",
                         "/home/pete/wefwefwef/docs/other/3364875082/repo/adt-backwards-compat/.xml/poolboy/poolboy_worker.xml"]
Generating HTML - poolboy_worker "/home/pete/wefwefwef/docs/other/3364875082/repo/adt-backwards-compat/.xml/poolboy/poolboy_worker.xml"
Reading XML for "/home/pete/wefwefwef/docs/other/3364875082/repo/adt-backwards-compat/.xml/poolboy/poolboy_worker.xml"
Reading XML for "/home/pete/wefwefwef/docs/other/3364875082/repo/adt-backwards-compat/.xml/specs_poolboy_worker.xml"
Generating HTML - poolboy "/home/pete/wefwefwef/docs/other/3364875082/repo/adt-backwards-compat/.xml/poolboy/poolboy.xml"
Reading XML for "/home/pete/wefwefwef/docs/other/3364875082/repo/adt-backwards-compat/.xml/poolboy/poolboy.xml"
Reading XML for "/home/pete/wefwefwef/docs/other/3364875082/repo/adt-backwards-compat/.xml/specs_poolboy.xml"
Generating HTML - poolboy_sup "/home/pete/wefwefwef/docs/other/3364875082/repo/adt-backwards-compat/.xml/poolboy/poolboy_sup.xml"
Reading XML for "/home/pete/wefwefwef/docs/other/3364875082/repo/adt-backwards-compat/.xml/poolboy/poolboy_sup.xml"
Reading XML for "/home/pete/wefwefwef/docs/other/3364875082/repo/adt-backwards-compat/.xml/specs_poolboy_sup.xml"
Creating index.html ...
Creating erldocs_index.js ...
Woot, finished in 0 Minutes 0 Seconds
 :: Discovering other repos
$ 5000  `rm -r '/home/pete/wefwefwef/docs/other/3364875082/poolboy-branch-adt-backwards-compat'  2>&1`
 :: Processing https://github.com/qhool/poolboy	{rev,branch,"adt-eqc-blocking","3acb45739315e28174985d057c003686124e139b",undefined,[],[]}
 :: Fetching repo code
$ cd "/home/pete/wefwefwef/docs/other/3364875082/poolboy-branch-adt-eqc-blocking/poolboy"
$ infinity  `curl --fail --silent --show-error --location --output 'adt-eqc-blocking.zip' 'https://github.com/qhool/poolboy/archive/adt-eqc-blocking.zip'  2>&1`
$ cd "/home/pete/wefwefwef/docs/erldocs_other.git"
$ cd "/home/pete/wefwefwef/docs/other/3364875082/poolboy-branch-adt-eqc-blocking/poolboy"
$ 5000  `find -P . -type l -delete  2>&1`
$ cd "/home/pete/wefwefwef/docs/erldocs_other.git"
$ cd "/home/pete/wefwefwef/docs/other/3364875082/poolboy-branch-adt-eqc-blocking/poolboy"
$ 5000  `find 'poolboy-adt-eqc-blocking' -mindepth 1 -maxdepth 1 -exec mv -t . -- {} +  2>&1`
$ cd "/home/pete/wefwefwef/docs/erldocs_other.git"
 :: Getting dependencies
$ cd "/home/pete/wefwefwef/docs/other/3364875082/poolboy-branch-adt-eqc-blocking/poolboy"
$ 5000  `ls -1 deps/  2>&1`
$ cd "/home/pete/wefwefwef/docs/erldocs_other.git"
>>> [rebar] deps = []
 :: Generating erldocs into /home/pete/wefwefwef/docs/other/3364875082/repo/adt-eqc-blocking
Building poolboy
Generating Type Specs - "/home/pete/wefwefwef/docs/other/3364875082/poolboy-branch-adt-eqc-blocking/poolboy/src/poolboy.erl"
Generating Type Specs - "/home/pete/wefwefwef/docs/other/3364875082/poolboy-branch-adt-eqc-blocking/poolboy/src/poolboy_sup.erl"
Generating Type Specs - "/home/pete/wefwefwef/docs/other/3364875082/poolboy-branch-adt-eqc-blocking/poolboy/src/poolboy_worker.erl"
Generating XML for application poolboy "/home/pete/wefwefwef/docs/other/3364875082/poolboy-branch-adt-eqc-blocking/poolboy" -> "/home/pete/wefwefwef/docs/other/3364875082/repo/adt-eqc-blocking/.xml/poolboy"
Generated poolboy XMLs: ["/home/pete/wefwefwef/docs/other/3364875082/repo/adt-eqc-blocking/.xml/poolboy/poolboy_sup.xml",
                         "/home/pete/wefwefwef/docs/other/3364875082/repo/adt-eqc-blocking/.xml/poolboy/poolboy.xml",
                         "/home/pete/wefwefwef/docs/other/3364875082/repo/adt-eqc-blocking/.xml/poolboy/poolboy_worker.xml"]
Generating HTML - poolboy_worker "/home/pete/wefwefwef/docs/other/3364875082/repo/adt-eqc-blocking/.xml/poolboy/poolboy_worker.xml"
Reading XML for "/home/pete/wefwefwef/docs/other/3364875082/repo/adt-eqc-blocking/.xml/poolboy/poolboy_worker.xml"
Reading XML for "/home/pete/wefwefwef/docs/other/3364875082/repo/adt-eqc-blocking/.xml/specs_poolboy_worker.xml"
Generating HTML - poolboy "/home/pete/wefwefwef/docs/other/3364875082/repo/adt-eqc-blocking/.xml/poolboy/poolboy.xml"
Reading XML for "/home/pete/wefwefwef/docs/other/3364875082/repo/adt-eqc-blocking/.xml/poolboy/poolboy.xml"
Reading XML for "/home/pete/wefwefwef/docs/other/3364875082/repo/adt-eqc-blocking/.xml/specs_poolboy.xml"
Generating HTML - poolboy_sup "/home/pete/wefwefwef/docs/other/3364875082/repo/adt-eqc-blocking/.xml/poolboy/poolboy_sup.xml"
Reading XML for "/home/pete/wefwefwef/docs/other/3364875082/repo/adt-eqc-blocking/.xml/poolboy/poolboy_sup.xml"
Reading XML for "/home/pete/wefwefwef/docs/other/3364875082/repo/adt-eqc-blocking/.xml/specs_poolboy_sup.xml"
Creating index.html ...
Creating erldocs_index.js ...
Woot, finished in 0 Minutes 0 Seconds
 :: Discovering other repos
$ 5000  `rm -r '/home/pete/wefwefwef/docs/other/3364875082/poolboy-branch-adt-eqc-blocking'  2>&1`
 :: Processing https://github.com/qhool/poolboy	{rev,branch,"adt-eqc-fixes","3a18d400d7cbcce5071a8944c27d92269793bd4c",undefined,[],[]}
 :: Fetching repo code
$ cd "/home/pete/wefwefwef/docs/other/3364875082/poolboy-branch-adt-eqc-fixes/poolboy"
$ infinity  `curl --fail --silent --show-error --location --output 'adt-eqc-fixes.zip' 'https://github.com/qhool/poolboy/archive/adt-eqc-fixes.zip'  2>&1`
$ cd "/home/pete/wefwefwef/docs/erldocs_other.git"
$ cd "/home/pete/wefwefwef/docs/other/3364875082/poolboy-branch-adt-eqc-fixes/poolboy"
$ 5000  `find -P . -type l -delete  2>&1`
$ cd "/home/pete/wefwefwef/docs/erldocs_other.git"
$ cd "/home/pete/wefwefwef/docs/other/3364875082/poolboy-branch-adt-eqc-fixes/poolboy"
$ 5000  `find 'poolboy-adt-eqc-fixes' -mindepth 1 -maxdepth 1 -exec mv -t . -- {} +  2>&1`
$ cd "/home/pete/wefwefwef/docs/erldocs_other.git"
 :: Getting dependencies
$ cd "/home/pete/wefwefwef/docs/other/3364875082/poolboy-branch-adt-eqc-fixes/poolboy"
$ 5000  `ls -1 deps/  2>&1`
$ cd "/home/pete/wefwefwef/docs/erldocs_other.git"
>>> [rebar] deps = []
 :: Generating erldocs into /home/pete/wefwefwef/docs/other/3364875082/repo/adt-eqc-fixes
Building poolboy
Generating Type Specs - "/home/pete/wefwefwef/docs/other/3364875082/poolboy-branch-adt-eqc-fixes/poolboy/src/poolboy.erl"
Generating Type Specs - "/home/pete/wefwefwef/docs/other/3364875082/poolboy-branch-adt-eqc-fixes/poolboy/src/poolboy_sup.erl"
Generating Type Specs - "/home/pete/wefwefwef/docs/other/3364875082/poolboy-branch-adt-eqc-fixes/poolboy/src/poolboy_worker.erl"
Generating XML for application poolboy "/home/pete/wefwefwef/docs/other/3364875082/poolboy-branch-adt-eqc-fixes/poolboy" -> "/home/pete/wefwefwef/docs/other/3364875082/repo/adt-eqc-fixes/.xml/poolboy"
Generated poolboy XMLs: ["/home/pete/wefwefwef/docs/other/3364875082/repo/adt-eqc-fixes/.xml/poolboy/poolboy_sup.xml",
                         "/home/pete/wefwefwef/docs/other/3364875082/repo/adt-eqc-fixes/.xml/poolboy/poolboy.xml",
                         "/home/pete/wefwefwef/docs/other/3364875082/repo/adt-eqc-fixes/.xml/poolboy/poolboy_worker.xml"]
Generating HTML - poolboy_worker "/home/pete/wefwefwef/docs/other/3364875082/repo/adt-eqc-fixes/.xml/poolboy/poolboy_worker.xml"
Reading XML for "/home/pete/wefwefwef/docs/other/3364875082/repo/adt-eqc-fixes/.xml/poolboy/poolboy_worker.xml"
Reading XML for "/home/pete/wefwefwef/docs/other/3364875082/repo/adt-eqc-fixes/.xml/specs_poolboy_worker.xml"
Generating HTML - poolboy "/home/pete/wefwefwef/docs/other/3364875082/repo/adt-eqc-fixes/.xml/poolboy/poolboy.xml"
Reading XML for "/home/pete/wefwefwef/docs/other/3364875082/repo/adt-eqc-fixes/.xml/poolboy/poolboy.xml"
Reading XML for "/home/pete/wefwefwef/docs/other/3364875082/repo/adt-eqc-fixes/.xml/specs_poolboy.xml"
Generating HTML - poolboy_sup "/home/pete/wefwefwef/docs/other/3364875082/repo/adt-eqc-fixes/.xml/poolboy/poolboy_sup.xml"
Reading XML for "/home/pete/wefwefwef/docs/other/3364875082/repo/adt-eqc-fixes/.xml/poolboy/poolboy_sup.xml"
Reading XML for "/home/pete/wefwefwef/docs/other/3364875082/repo/adt-eqc-fixes/.xml/specs_poolboy_sup.xml"
Creating index.html ...
Creating erldocs_index.js ...
Woot, finished in 0 Minutes 0 Seconds
 :: Discovering other repos
$ 5000  `rm -r '/home/pete/wefwefwef/docs/other/3364875082/poolboy-branch-adt-eqc-fixes'  2>&1`
 :: Processing https://github.com/qhool/poolboy	{rev,branch,"adt-r14-testing","e7d2f649b68b410a861ca1c42668367d44a36a91",undefined,[],[]}
 :: Fetching repo code
$ cd "/home/pete/wefwefwef/docs/other/3364875082/poolboy-branch-adt-r14-testing/poolboy"
$ infinity  `curl --fail --silent --show-error --location --output 'adt-r14-testing.zip' 'https://github.com/qhool/poolboy/archive/adt-r14-testing.zip'  2>&1`
$ cd "/home/pete/wefwefwef/docs/erldocs_other.git"
$ cd "/home/pete/wefwefwef/docs/other/3364875082/poolboy-branch-adt-r14-testing/poolboy"
$ 5000  `find -P . -type l -delete  2>&1`
$ cd "/home/pete/wefwefwef/docs/erldocs_other.git"
$ cd "/home/pete/wefwefwef/docs/other/3364875082/poolboy-branch-adt-r14-testing/poolboy"
$ 5000  `find 'poolboy-adt-r14-testing' -mindepth 1 -maxdepth 1 -exec mv -t . -- {} +  2>&1`
$ cd "/home/pete/wefwefwef/docs/erldocs_other.git"
 :: Getting dependencies
$ cd "/home/pete/wefwefwef/docs/other/3364875082/poolboy-branch-adt-r14-testing/poolboy"
$ 5000  `ls -1 deps/  2>&1`
$ cd "/home/pete/wefwefwef/docs/erldocs_other.git"
>>> [rebar] deps = []
 :: Generating erldocs into /home/pete/wefwefwef/docs/other/3364875082/repo/adt-r14-testing
Building poolboy
Generating Type Specs - "/home/pete/wefwefwef/docs/other/3364875082/poolboy-branch-adt-r14-testing/poolboy/src/poolboy.erl"
Generating Type Specs - "/home/pete/wefwefwef/docs/other/3364875082/poolboy-branch-adt-r14-testing/poolboy/src/poolboy_sup.erl"
Generating Type Specs - "/home/pete/wefwefwef/docs/other/3364875082/poolboy-branch-adt-r14-testing/poolboy/src/poolboy_worker.erl"
Generating XML for application poolboy "/home/pete/wefwefwef/docs/other/3364875082/poolboy-branch-adt-r14-testing/poolboy" -> "/home/pete/wefwefwef/docs/other/3364875082/repo/adt-r14-testing/.xml/poolboy"
Generated poolboy XMLs: ["/home/pete/wefwefwef/docs/other/3364875082/repo/adt-r14-testing/.xml/poolboy/poolboy_sup.xml",
                         "/home/pete/wefwefwef/docs/other/3364875082/repo/adt-r14-testing/.xml/poolboy/poolboy.xml",
                         "/home/pete/wefwefwef/docs/other/3364875082/repo/adt-r14-testing/.xml/poolboy/poolboy_worker.xml"]
Generating HTML - poolboy_worker "/home/pete/wefwefwef/docs/other/3364875082/repo/adt-r14-testing/.xml/poolboy/poolboy_worker.xml"
Reading XML for "/home/pete/wefwefwef/docs/other/3364875082/repo/adt-r14-testing/.xml/poolboy/poolboy_worker.xml"
Reading XML for "/home/pete/wefwefwef/docs/other/3364875082/repo/adt-r14-testing/.xml/specs_poolboy_worker.xml"
Generating HTML - poolboy "/home/pete/wefwefwef/docs/other/3364875082/repo/adt-r14-testing/.xml/poolboy/poolboy.xml"
Reading XML for "/home/pete/wefwefwef/docs/other/3364875082/repo/adt-r14-testing/.xml/poolboy/poolboy.xml"
Reading XML for "/home/pete/wefwefwef/docs/other/3364875082/repo/adt-r14-testing/.xml/specs_poolboy.xml"
Generating HTML - poolboy_sup "/home/pete/wefwefwef/docs/other/3364875082/repo/adt-r14-testing/.xml/poolboy/poolboy_sup.xml"
Reading XML for "/home/pete/wefwefwef/docs/other/3364875082/repo/adt-r14-testing/.xml/poolboy/poolboy_sup.xml"
Reading XML for "/home/pete/wefwefwef/docs/other/3364875082/repo/adt-r14-testing/.xml/specs_poolboy_sup.xml"
Creating index.html ...
Creating erldocs_index.js ...
Woot, finished in 0 Minutes 0 Seconds
 :: Discovering other repos
$ 5000  `rm -r '/home/pete/wefwefwef/docs/other/3364875082/poolboy-branch-adt-r14-testing'  2>&1`
 :: Processing https://github.com/qhool/poolboy	{rev,branch,"gh-pages","3f577423142e3c3f6bd2479cf0575e3ca757e1ad",undefined,[],[]}
 :: Fetching repo code
$ cd "/home/pete/wefwefwef/docs/other/3364875082/poolboy-branch-gh-pages/poolboy"
$ infinity  `curl --fail --silent --show-error --location --output 'gh-pages.zip' 'https://github.com/qhool/poolboy/archive/gh-pages.zip'  2>&1`
$ cd "/home/pete/wefwefwef/docs/erldocs_other.git"
$ cd "/home/pete/wefwefwef/docs/other/3364875082/poolboy-branch-gh-pages/poolboy"
$ 5000  `find -P . -type l -delete  2>&1`
$ cd "/home/pete/wefwefwef/docs/erldocs_other.git"
$ cd "/home/pete/wefwefwef/docs/other/3364875082/poolboy-branch-gh-pages/poolboy"
$ 5000  `find 'poolboy-gh-pages' -mindepth 1 -maxdepth 1 -exec mv -t . -- {} +  2>&1`
$ cd "/home/pete/wefwefwef/docs/erldocs_other.git"
 :: Getting dependencies
 :: Generating erldocs into /home/pete/wefwefwef/docs/other/3364875082/repo/gh-pages
Building poolboy
Generating XML for application poolboy "/home/pete/wefwefwef/docs/other/3364875082/poolboy-branch-gh-pages/poolboy" -> "/home/pete/wefwefwef/docs/other/3364875082/repo/gh-pages/.xml/poolboy"
Generated poolboy XMLs: []
No documentation was generated!
Woot, finished in 0 Minutes 0 Seconds
 :: Discovering other repos
$ 5000  `rm -r '/home/pete/wefwefwef/docs/other/3364875082/poolboy-branch-gh-pages'  2>&1`
 :: Processing https://github.com/qhool/poolboy	{rev,branch,"master","96d20256e1eba3cc915fde2a3a9f2483bb08bd87",undefined,[],[]}
 :: Fetching repo code
$ cd "/home/pete/wefwefwef/docs/other/3364875082/poolboy-branch-master/poolboy"
$ infinity  `curl --fail --silent --show-error --location --output 'master.zip' 'https://github.com/qhool/poolboy/archive/master.zip'  2>&1`
$ cd "/home/pete/wefwefwef/docs/erldocs_other.git"
$ cd "/home/pete/wefwefwef/docs/other/3364875082/poolboy-branch-master/poolboy"
$ 5000  `find -P . -type l -delete  2>&1`
$ cd "/home/pete/wefwefwef/docs/erldocs_other.git"
$ cd "/home/pete/wefwefwef/docs/other/3364875082/poolboy-branch-master/poolboy"
$ 5000  `find 'poolboy-master' -mindepth 1 -maxdepth 1 -exec mv -t . -- {} +  2>&1`
$ cd "/home/pete/wefwefwef/docs/erldocs_other.git"
 :: Getting dependencies
$ cd "/home/pete/wefwefwef/docs/other/3364875082/poolboy-branch-master/poolboy"
$ 5000  `ls -1 deps/  2>&1`
$ cd "/home/pete/wefwefwef/docs/erldocs_other.git"
>>> [rebar] deps = []
 :: Generating erldocs into /home/pete/wefwefwef/docs/other/3364875082/repo/master
Building poolboy
Generating Type Specs - "/home/pete/wefwefwef/docs/other/3364875082/poolboy-branch-master/poolboy/src/poolboy.erl"
Generating Type Specs - "/home/pete/wefwefwef/docs/other/3364875082/poolboy-branch-master/poolboy/src/poolboy_sup.erl"
Generating Type Specs - "/home/pete/wefwefwef/docs/other/3364875082/poolboy-branch-master/poolboy/src/poolboy_worker.erl"
Generating XML for application poolboy "/home/pete/wefwefwef/docs/other/3364875082/poolboy-branch-master/poolboy" -> "/home/pete/wefwefwef/docs/other/3364875082/repo/master/.xml/poolboy"
edoc: error in layout 'docgen_edoc_xml_cb': {'EXIT',
                                       {function_clause,
                                        [{docgen_edoc_xml_cb,t_type,
                                          [[{xmlElement,paren,[],[],
                                             {xmlNamespace,[],[]},
                                             [{type,1},{union,...},{...}|...],
                                             1,[],
                                             [...],...}]],
                                          [{file,"docgen_edoc_xml_cb.erl"},
                                           {line,1003}]},
                                         {docgen_edoc_xml_cb,seq,4,
                                          [{file,"docgen_edoc_xml_cb.erl"},
                                           {line,1116}]},
                                         {docgen_edoc_xml_cb,typedef,1,
                                          [{file,"docgen_edoc_xml_cb.erl"},
                                           {line,870}]},
                                         {docgen_edoc_xml_cb,typedecl,2,
                                          [{file,"docgen_edoc_xml_cb.erl"},
                                           {line,857}]},
                                         {lists,flatmap,2,
                                          [{file,"lists.erl"},{line,1248}]},
                                         {docgen_edoc_xml_cb,types,1,
                                          [{file,"docgen_edoc_xml_cb.erl"},
                                           {line,851}]},
                                         {docgen_edoc_xml_cb,layout_module,2,
                                          [{file,"docgen_edoc_xml_cb.erl"},
                                           {line,89}]},
                                         {docgen_edoc_xml_cb,module,2,
                                          [{file,[...]},{line,...}]}]}}.
edoc: error in doclet 'edoc_doclet': {'EXIT',error}.
Error generating poolboy XMLs. Using fallback ...
Generating XML poolboy - poolboy "/home/pete/wefwefwef/docs/other/3364875082/poolboy-branch-master/poolboy/src/poolboy.erl" -> "/home/pete/wefwefwef/docs/other/3364875082/repo/master/.xml/poolboy/poolboy.xml"
edoc: error in layout 'docgen_edoc_xml_cb': {'EXIT',
                                       {function_clause,
                                        [{docgen_edoc_xml_cb,t_type,
                                          [[{xmlElement,paren,[],[],
                                             {xmlNamespace,[],[]},
                                             [{type,1},{union,...},{...}|...],
                                             1,[],
                                             [...],...}]],
                                          [{file,"docgen_edoc_xml_cb.erl"},
                                           {line,1003}]},
                                         {docgen_edoc_xml_cb,seq,4,
                                          [{file,"docgen_edoc_xml_cb.erl"},
                                           {line,1116}]},
                                         {docgen_edoc_xml_cb,typedef,1,
                                          [{file,"docgen_edoc_xml_cb.erl"},
                                           {line,870}]},
                                         {docgen_edoc_xml_cb,typedecl,2,
                                          [{file,"docgen_edoc_xml_cb.erl"},
                                           {line,857}]},
                                         {lists,flatmap,2,
                                          [{file,"lists.erl"},{line,1248}]},
                                         {docgen_edoc_xml_cb,types,1,
                                          [{file,"docgen_edoc_xml_cb.erl"},
                                           {line,851}]},
                                         {docgen_edoc_xml_cb,layout_module,2,
                                          [{file,"docgen_edoc_xml_cb.erl"},
                                           {line,89}]},
                                         {docgen_edoc_xml_cb,module,2,
                                          [{file,[...]},{line,...}]}]}}.
Error generating XML ("/home/pete/wefwefwef/docs/other/3364875082/poolboy-branch-master/poolboy/src/poolboy.erl"): {'EXIT',
                                                                                                                    error}
Generating XML poolboy - poolboy_sup "/home/pete/wefwefwef/docs/other/3364875082/poolboy-branch-master/poolboy/src/poolboy_sup.erl" -> "/home/pete/wefwefwef/docs/other/3364875082/repo/master/.xml/poolboy/poolboy_sup.xml"
Generating XML poolboy - poolboy_worker "/home/pete/wefwefwef/docs/other/3364875082/poolboy-branch-master/poolboy/src/poolboy_worker.erl" -> "/home/pete/wefwefwef/docs/other/3364875082/repo/master/.xml/poolboy/poolboy_worker.xml"
Generating HTML - poolboy_sup "/home/pete/wefwefwef/docs/other/3364875082/repo/master/.xml/poolboy/poolboy_sup.xml"
Reading XML for "/home/pete/wefwefwef/docs/other/3364875082/repo/master/.xml/poolboy/poolboy_sup.xml"
Reading XML for "/home/pete/wefwefwef/docs/other/3364875082/repo/master/.xml/specs_poolboy_sup.xml"
Generating HTML - poolboy_worker "/home/pete/wefwefwef/docs/other/3364875082/repo/master/.xml/poolboy/poolboy_worker.xml"
Reading XML for "/home/pete/wefwefwef/docs/other/3364875082/repo/master/.xml/poolboy/poolboy_worker.xml"
Reading XML for "/home/pete/wefwefwef/docs/other/3364875082/repo/master/.xml/specs_poolboy_worker.xml"
Creating index.html ...
Creating erldocs_index.js ...
Woot, finished in 0 Minutes 0 Seconds
 :: Discovering other repos
$ 5000  `rm -r '/home/pete/wefwefwef/docs/other/3364875082/poolboy-branch-master'  2>&1`
 :: Processing https://github.com/qhool/poolboy	{rev,branch,"monitor-calling","f554f53501eaebae587c21c5311837fb105a38c0",undefined,[],[]}
 :: Fetching repo code
$ cd "/home/pete/wefwefwef/docs/other/3364875082/poolboy-branch-monitor-calling/poolboy"
$ infinity  `curl --fail --silent --show-error --location --output 'monitor-calling.zip' 'https://github.com/qhool/poolboy/archive/monitor-calling.zip'  2>&1`
$ cd "/home/pete/wefwefwef/docs/erldocs_other.git"
$ cd "/home/pete/wefwefwef/docs/other/3364875082/poolboy-branch-monitor-calling/poolboy"
$ 5000  `find -P . -type l -delete  2>&1`
$ cd "/home/pete/wefwefwef/docs/erldocs_other.git"
$ cd "/home/pete/wefwefwef/docs/other/3364875082/poolboy-branch-monitor-calling/poolboy"
$ 5000  `find 'poolboy-monitor-calling' -mindepth 1 -maxdepth 1 -exec mv -t . -- {} +  2>&1`
$ cd "/home/pete/wefwefwef/docs/erldocs_other.git"
 :: Getting dependencies
$ cd "/home/pete/wefwefwef/docs/other/3364875082/poolboy-branch-monitor-calling/poolboy"
$ 5000  `ls -1 deps/  2>&1`
$ cd "/home/pete/wefwefwef/docs/erldocs_other.git"
>>> [rebar] deps = []
 :: Generating erldocs into /home/pete/wefwefwef/docs/other/3364875082/repo/monitor-calling
Building poolboy
Generating Type Specs - "/home/pete/wefwefwef/docs/other/3364875082/poolboy-branch-monitor-calling/poolboy/src/poolboy.erl"
Generating Type Specs - "/home/pete/wefwefwef/docs/other/3364875082/poolboy-branch-monitor-calling/poolboy/src/poolboy_sup.erl"
Generating Type Specs - "/home/pete/wefwefwef/docs/other/3364875082/poolboy-branch-monitor-calling/poolboy/src/poolboy_worker.erl"
Generating XML for application poolboy "/home/pete/wefwefwef/docs/other/3364875082/poolboy-branch-monitor-calling/poolboy" -> "/home/pete/wefwefwef/docs/other/3364875082/repo/monitor-calling/.xml/poolboy"
Generated poolboy XMLs: ["/home/pete/wefwefwef/docs/other/3364875082/repo/monitor-calling/.xml/poolboy/poolboy_sup.xml",
                         "/home/pete/wefwefwef/docs/other/3364875082/repo/monitor-calling/.xml/poolboy/poolboy.xml",
                         "/home/pete/wefwefwef/docs/other/3364875082/repo/monitor-calling/.xml/poolboy/poolboy_worker.xml"]
Generating HTML - poolboy_worker "/home/pete/wefwefwef/docs/other/3364875082/repo/monitor-calling/.xml/poolboy/poolboy_worker.xml"
Reading XML for "/home/pete/wefwefwef/docs/other/3364875082/repo/monitor-calling/.xml/poolboy/poolboy_worker.xml"
Reading XML for "/home/pete/wefwefwef/docs/other/3364875082/repo/monitor-calling/.xml/specs_poolboy_worker.xml"
Generating HTML - poolboy "/home/pete/wefwefwef/docs/other/3364875082/repo/monitor-calling/.xml/poolboy/poolboy.xml"
Reading XML for "/home/pete/wefwefwef/docs/other/3364875082/repo/monitor-calling/.xml/poolboy/poolboy.xml"
Reading XML for "/home/pete/wefwefwef/docs/other/3364875082/repo/monitor-calling/.xml/specs_poolboy.xml"
Generating HTML - poolboy_sup "/home/pete/wefwefwef/docs/other/3364875082/repo/monitor-calling/.xml/poolboy/poolboy_sup.xml"
Reading XML for "/home/pete/wefwefwef/docs/other/3364875082/repo/monitor-calling/.xml/poolboy/poolboy_sup.xml"
Reading XML for "/home/pete/wefwefwef/docs/other/3364875082/repo/monitor-calling/.xml/specs_poolboy_sup.xml"
Creating index.html ...
Creating erldocs_index.js ...
Woot, finished in 0 Minutes 0 Seconds
 :: Discovering other repos
$ 5000  `rm -r '/home/pete/wefwefwef/docs/other/3364875082/poolboy-branch-monitor-calling'  2>&1`
 :: Processing https://github.com/qhool/poolboy	{rev,branch,"recheckin-after-monitor-dies","a896a86bbdc040da5653d7e8488d2aa2fff9981e",undefined,[],[]}
 :: Fetching repo code
$ cd "/home/pete/wefwefwef/docs/other/3364875082/poolboy-branch-recheckin-after-monitor-dies/poolboy"
$ infinity  `curl --fail --silent --show-error --location --output 'recheckin-after-monitor-dies.zip' 'https://github.com/qhool/poolboy/archive/recheckin-after-monitor-dies.zip'  2>&1`
$ cd "/home/pete/wefwefwef/docs/erldocs_other.git"
$ cd "/home/pete/wefwefwef/docs/other/3364875082/poolboy-branch-recheckin-after-monitor-dies/poolboy"
$ 5000  `find -P . -type l -delete  2>&1`
$ cd "/home/pete/wefwefwef/docs/erldocs_other.git"
$ cd "/home/pete/wefwefwef/docs/other/3364875082/poolboy-branch-recheckin-after-monitor-dies/poolboy"
$ 5000  `find 'poolboy-recheckin-after-monitor-dies' -mindepth 1 -maxdepth 1 -exec mv -t . -- {} +  2>&1`
$ cd "/home/pete/wefwefwef/docs/erldocs_other.git"
 :: Getting dependencies
$ cd "/home/pete/wefwefwef/docs/other/3364875082/poolboy-branch-recheckin-after-monitor-dies/poolboy"
$ 5000  `ls -1 deps/  2>&1`
$ cd "/home/pete/wefwefwef/docs/erldocs_other.git"
>>> [rebar] deps = []
 :: Generating erldocs into /home/pete/wefwefwef/docs/other/3364875082/repo/recheckin-after-monitor-dies
Building poolboy
Generating Type Specs - "/home/pete/wefwefwef/docs/other/3364875082/poolboy-branch-recheckin-after-monitor-dies/poolboy/src/poolboy.erl"
Generating Type Specs - "/home/pete/wefwefwef/docs/other/3364875082/poolboy-branch-recheckin-after-monitor-dies/poolboy/src/poolboy_sup.erl"
Generating Type Specs - "/home/pete/wefwefwef/docs/other/3364875082/poolboy-branch-recheckin-after-monitor-dies/poolboy/src/poolboy_worker.erl"
Generating XML for application poolboy "/home/pete/wefwefwef/docs/other/3364875082/poolboy-branch-recheckin-after-monitor-dies/poolboy" -> "/home/pete/wefwefwef/docs/other/3364875082/repo/recheckin-after-monitor-dies/.xml/poolboy"
Generated poolboy XMLs: ["/home/pete/wefwefwef/docs/other/3364875082/repo/recheckin-after-monitor-dies/.xml/poolboy/poolboy_sup.xml",
                         "/home/pete/wefwefwef/docs/other/3364875082/repo/recheckin-after-monitor-dies/.xml/poolboy/poolboy.xml",
                         "/home/pete/wefwefwef/docs/other/3364875082/repo/recheckin-after-monitor-dies/.xml/poolboy/poolboy_worker.xml"]
Generating HTML - poolboy_worker "/home/pete/wefwefwef/docs/other/3364875082/repo/recheckin-after-monitor-dies/.xml/poolboy/poolboy_worker.xml"
Reading XML for "/home/pete/wefwefwef/docs/other/3364875082/repo/recheckin-after-monitor-dies/.xml/poolboy/poolboy_worker.xml"
Reading XML for "/home/pete/wefwefwef/docs/other/3364875082/repo/recheckin-after-monitor-dies/.xml/specs_poolboy_worker.xml"
Generating HTML - poolboy "/home/pete/wefwefwef/docs/other/3364875082/repo/recheckin-after-monitor-dies/.xml/poolboy/poolboy.xml"
Reading XML for "/home/pete/wefwefwef/docs/other/3364875082/repo/recheckin-after-monitor-dies/.xml/poolboy/poolboy.xml"
Reading XML for "/home/pete/wefwefwef/docs/other/3364875082/repo/recheckin-after-monitor-dies/.xml/specs_poolboy.xml"
Generating HTML - poolboy_sup "/home/pete/wefwefwef/docs/other/3364875082/repo/recheckin-after-monitor-dies/.xml/poolboy/poolboy_sup.xml"
Reading XML for "/home/pete/wefwefwef/docs/other/3364875082/repo/recheckin-after-monitor-dies/.xml/poolboy/poolboy_sup.xml"
Reading XML for "/home/pete/wefwefwef/docs/other/3364875082/repo/recheckin-after-monitor-dies/.xml/specs_poolboy_sup.xml"
Creating index.html ...
Creating erldocs_index.js ...
Woot, finished in 0 Minutes 0 Seconds
 :: Discovering other repos
$ 5000  `rm -r '/home/pete/wefwefwef/docs/other/3364875082/poolboy-branch-recheckin-after-monitor-dies'  2>&1`
 :: Processing https://github.com/qhool/poolboy	{rev,branch,"worker_execution","c6ab5e54adcf55ebf0f6d55c74d255e5934fe925",undefined,[],[]}
 :: Fetching repo code
$ cd "/home/pete/wefwefwef/docs/other/3364875082/poolboy-branch-worker_execution/poolboy"
$ infinity  `curl --fail --silent --show-error --location --output 'worker_execution.zip' 'https://github.com/qhool/poolboy/archive/worker_execution.zip'  2>&1`
$ cd "/home/pete/wefwefwef/docs/erldocs_other.git"
$ cd "/home/pete/wefwefwef/docs/other/3364875082/poolboy-branch-worker_execution/poolboy"
$ 5000  `find -P . -type l -delete  2>&1`
$ cd "/home/pete/wefwefwef/docs/erldocs_other.git"
$ cd "/home/pete/wefwefwef/docs/other/3364875082/poolboy-branch-worker_execution/poolboy"
$ 5000  `find 'poolboy-worker_execution' -mindepth 1 -maxdepth 1 -exec mv -t . -- {} +  2>&1`
$ cd "/home/pete/wefwefwef/docs/erldocs_other.git"
 :: Getting dependencies
$ cd "/home/pete/wefwefwef/docs/other/3364875082/poolboy-branch-worker_execution/poolboy"
$ 5000  `ls -1 deps/  2>&1`
$ cd "/home/pete/wefwefwef/docs/erldocs_other.git"
>>> [rebar] deps = []
 :: Generating erldocs into /home/pete/wefwefwef/docs/other/3364875082/repo/worker_execution
Building poolboy
Generating Type Specs - "/home/pete/wefwefwef/docs/other/3364875082/poolboy-branch-worker_execution/poolboy/src/poolboy.erl"
Generating Type Specs - "/home/pete/wefwefwef/docs/other/3364875082/poolboy-branch-worker_execution/poolboy/src/poolboy_sup.erl"
Generating Type Specs - "/home/pete/wefwefwef/docs/other/3364875082/poolboy-branch-worker_execution/poolboy/src/poolboy_worker.erl"
Generating XML for application poolboy "/home/pete/wefwefwef/docs/other/3364875082/poolboy-branch-worker_execution/poolboy" -> "/home/pete/wefwefwef/docs/other/3364875082/repo/worker_execution/.xml/poolboy"
edoc: error in layout 'docgen_edoc_xml_cb': {'EXIT',
                                       {function_clause,
                                        [{docgen_edoc_xml_cb,t_type,
                                          [[{xmlElement,paren,[],[],
                                             {xmlNamespace,[],[]},
                                             [{type,1},{union,...},{...}|...],
                                             1,[],
                                             [...],...}]],
                                          [{file,"docgen_edoc_xml_cb.erl"},
                                           {line,1003}]},
                                         {docgen_edoc_xml_cb,seq,4,
                                          [{file,"docgen_edoc_xml_cb.erl"},
                                           {line,1116}]},
                                         {docgen_edoc_xml_cb,typedef,1,
                                          [{file,"docgen_edoc_xml_cb.erl"},
                                           {line,870}]},
                                         {docgen_edoc_xml_cb,typedecl,2,
                                          [{file,"docgen_edoc_xml_cb.erl"},
                                           {line,857}]},
                                         {lists,flatmap,2,
                                          [{file,"lists.erl"},{line,1248}]},
                                         {docgen_edoc_xml_cb,types,1,
                                          [{file,"docgen_edoc_xml_cb.erl"},
                                           {line,851}]},
                                         {docgen_edoc_xml_cb,layout_module,2,
                                          [{file,"docgen_edoc_xml_cb.erl"},
                                           {line,89}]},
                                         {docgen_edoc_xml_cb,module,2,
                                          [{file,[...]},{line,...}]}]}}.
edoc: error in doclet 'edoc_doclet': {'EXIT',error}.
Error generating poolboy XMLs. Using fallback ...
Generating XML poolboy - poolboy "/home/pete/wefwefwef/docs/other/3364875082/poolboy-branch-worker_execution/poolboy/src/poolboy.erl" -> "/home/pete/wefwefwef/docs/other/3364875082/repo/worker_execution/.xml/poolboy/poolboy.xml"
edoc: error in layout 'docgen_edoc_xml_cb': {'EXIT',
                                       {function_clause,
                                        [{docgen_edoc_xml_cb,t_type,
                                          [[{xmlElement,paren,[],[],
                                             {xmlNamespace,[],[]},
                                             [{type,1},{union,...},{...}|...],
                                             1,[],
                                             [...],...}]],
                                          [{file,"docgen_edoc_xml_cb.erl"},
                                           {line,1003}]},
                                         {docgen_edoc_xml_cb,seq,4,
                                          [{file,"docgen_edoc_xml_cb.erl"},
                                           {line,1116}]},
                                         {docgen_edoc_xml_cb,typedef,1,
                                          [{file,"docgen_edoc_xml_cb.erl"},
                                           {line,870}]},
                                         {docgen_edoc_xml_cb,typedecl,2,
                                          [{file,"docgen_edoc_xml_cb.erl"},
                                           {line,857}]},
                                         {lists,flatmap,2,
                                          [{file,"lists.erl"},{line,1248}]},
                                         {docgen_edoc_xml_cb,types,1,
                                          [{file,"docgen_edoc_xml_cb.erl"},
                                           {line,851}]},
                                         {docgen_edoc_xml_cb,layout_module,2,
                                          [{file,"docgen_edoc_xml_cb.erl"},
                                           {line,89}]},
                                         {docgen_edoc_xml_cb,module,2,
                                          [{file,[...]},{line,...}]}]}}.
Error generating XML ("/home/pete/wefwefwef/docs/other/3364875082/poolboy-branch-worker_execution/poolboy/src/poolboy.erl"): {'EXIT',
                                                                                                                              error}
Generating XML poolboy - poolboy_sup "/home/pete/wefwefwef/docs/other/3364875082/poolboy-branch-worker_execution/poolboy/src/poolboy_sup.erl" -> "/home/pete/wefwefwef/docs/other/3364875082/repo/worker_execution/.xml/poolboy/poolboy_sup.xml"
Generating XML poolboy - poolboy_worker "/home/pete/wefwefwef/docs/other/3364875082/poolboy-branch-worker_execution/poolboy/src/poolboy_worker.erl" -> "/home/pete/wefwefwef/docs/other/3364875082/repo/worker_execution/.xml/poolboy/poolboy_worker.xml"
Generating HTML - poolboy_sup "/home/pete/wefwefwef/docs/other/3364875082/repo/worker_execution/.xml/poolboy/poolboy_sup.xml"
Reading XML for "/home/pete/wefwefwef/docs/other/3364875082/repo/worker_execution/.xml/poolboy/poolboy_sup.xml"
Reading XML for "/home/pete/wefwefwef/docs/other/3364875082/repo/worker_execution/.xml/specs_poolboy_sup.xml"
Generating HTML - poolboy_worker "/home/pete/wefwefwef/docs/other/3364875082/repo/worker_execution/.xml/poolboy/poolboy_worker.xml"
Reading XML for "/home/pete/wefwefwef/docs/other/3364875082/repo/worker_execution/.xml/poolboy/poolboy_worker.xml"
Reading XML for "/home/pete/wefwefwef/docs/other/3364875082/repo/worker_execution/.xml/specs_poolboy_worker.xml"
Creating index.html ...
Creating erldocs_index.js ...
Woot, finished in 0 Minutes 0 Seconds
 :: Discovering other repos
$ 5000  `rm -r '/home/pete/wefwefwef/docs/other/3364875082/poolboy-branch-worker_execution'  2>&1`
 :: Finishing up
$ 5000  `rm -r '/home/pete/wefwefwef/docs/other/3364875082/poolboy'  2>&1`
$ 5000  `rm -r '/home/pete/wefwefwef/docs/other/3364875082/repo/gh-pages'  2>&1`
