 :: Extracting meta information
$ infinity  `git ls-remote --heads --tags 'https://github.com/lasp-lang/gb_trees_ext'  2>&1`
>>> [repo] 1 branches, 0 tags
WTF {ok,{{"HTTP/1.1",404,"Not Found"},
         [{"connection","keep-alive"},
          {"date","Sun, 11 Oct 2015 20:32:06 GMT"},
          {"via","1.1 varnish"},
          {"accept-ranges","bytes"},
          {"vary","Authorization,Accept-Encoding"},
          {"content-length","9"},
          {"expires","Sun, 11 Oct 2015 20:37:06 GMT"},
          {"content-security-policy","default-src 'none'"},
          {"x-xss-protection","1; mode=block"},
          {"x-frame-options","deny"},
          {"x-content-type-options","nosniff"},
          {"strict-transport-security","max-age=31536000"},
          {"x-served-by","cache-fra1238-FRA"},
          {"x-cache","MISS"},
          {"x-cache-hits","0"},
          {"access-control-allow-origin","*"},
          {"source-age","0"}],
         "Not Found"}}
 :: Writing meta to "/home/pete/wefwefwef/docs/other/b1fdb8a89fc5b95b4e50219ea2d6e21ec0a68444/meta.txt"
 :: Processing https://github.com/lasp-lang/gb_trees_ext	{rev,branch,"master","49ab4670162c030133de77b825a39673142985d6",undefined,[],[]}
 :: Fetching repo code
$ cd '/home/pete/wefwefwef/docs/other/b1fdb8a89fc5b95b4e50219ea2d6e21ec0a68444/gb_trees_ext-branch-master'
$ infinity  `curl --fail --silent --show-error --location --output repo.tar.gz 'https://codeload.github.com/lasp-lang/gb_trees_ext/tar.gz/master'  2>&1`
$ cd '/home/pete/wefwefwef/docs/erldocs_other.git'
$ cd '/home/pete/wefwefwef/docs/other/b1fdb8a89fc5b95b4e50219ea2d6e21ec0a68444/gb_trees_ext-branch-master/gb_trees_ext-master'
$ 5000  `find -P . -type l -delete  2>&1`
$ cd '/home/pete/wefwefwef/docs/erldocs_other.git'
$ 5000  `mv '/home/pete/wefwefwef/docs/other/b1fdb8a89fc5b95b4e50219ea2d6e21ec0a68444/gb_trees_ext-branch-master/gb_trees_ext-master' '/home/pete/wefwefwef/docs/other/b1fdb8a89fc5b95b4e50219ea2d6e21ec0a68444/gb_trees_ext-branch-master/gb_trees_ext'  2>&1`
 :: Getting dependencies
$ cd '/home/pete/wefwefwef/docs/other/b1fdb8a89fc5b95b4e50219ea2d6e21ec0a68444/gb_trees_ext-branch-master/gb_trees_ext'
$ 5000  `ls -1 deps/  2>&1`
$ cd '/home/pete/wefwefwef/docs/erldocs_other.git'
>>> [rebar] deps = []
 :: Generating erldocs into /home/pete/wefwefwef/docs/other/b1fdb8a89fc5b95b4e50219ea2d6e21ec0a68444/repo/master
Building gb_trees_ext
Generating Type Specs - "/home/pete/wefwefwef/docs/other/b1fdb8a89fc5b95b4e50219ea2d6e21ec0a68444/gb_trees_ext-branch-master/gb_trees_ext/src/gb_trees_ext.erl"
Generating XML for application gb_trees_ext "/home/pete/wefwefwef/docs/other/b1fdb8a89fc5b95b4e50219ea2d6e21ec0a68444/gb_trees_ext-branch-master/gb_trees_ext" -> "/home/pete/wefwefwef/docs/other/b1fdb8a89fc5b95b4e50219ea2d6e21ec0a68444/repo/master/.xml/gb_trees_ext"
Generated gb_trees_ext XMLs: ["/home/pete/wefwefwef/docs/other/b1fdb8a89fc5b95b4e50219ea2d6e21ec0a68444/repo/master/.xml/gb_trees_ext/gb_trees_ext.xml"]
Generating HTML - gb_trees_ext "/home/pete/wefwefwef/docs/other/b1fdb8a89fc5b95b4e50219ea2d6e21ec0a68444/repo/master/.xml/gb_trees_ext/gb_trees_ext.xml"
Reading XML for "/home/pete/wefwefwef/docs/other/b1fdb8a89fc5b95b4e50219ea2d6e21ec0a68444/repo/master/.xml/gb_trees_ext/gb_trees_ext.xml"
Reading XML for "/home/pete/wefwefwef/docs/other/b1fdb8a89fc5b95b4e50219ea2d6e21ec0a68444/repo/master/.xml/specs_gb_trees_ext.xml"
Creating index.html ...
Creating erldocs_index.js ...
Woot, finished in 0 Minutes 0 Seconds
 :: Discovering other repos
$ 5000  `rm -r '/home/pete/wefwefwef/docs/other/b1fdb8a89fc5b95b4e50219ea2d6e21ec0a68444/gb_trees_ext-branch-master'  2>&1`
 :: Finishing up
$ 5000  `rm -r '/home/pete/wefwefwef/docs/other/b1fdb8a89fc5b95b4e50219ea2d6e21ec0a68444/gb_trees_ext'  2>&1`
