 :: Extracting meta information
$ 5000  `git ls-remote --heads --tags 'https://github.com/mad-cocktail/vodka'  2>&1`
>>> [repo] 1 branches, 0 tags
 :: Writing meta to "/home/pete/wefwefwef/docs/other/6791931317/meta.txt"
 :: Processing https://github.com/mad-cocktail/vodka	{rev,branch,"master","e5195435d59a7e45a087906d87f29b376ec055b8",undefined,[],[]}
 :: Fetching repo code
$ cd "/home/pete/wefwefwef/docs/other/6791931317/vodka-branch-master/vodka"
$ infinity  `curl --fail --silent --show-error --location --output 'master.zip' 'https://github.com/mad-cocktail/vodka/archive/master.zip'  2>&1`
$ cd "/home/pete/wefwefwef/docs/erldocs_other.git"
$ cd "/home/pete/wefwefwef/docs/other/6791931317/vodka-branch-master/vodka"
$ 5000  `find -P . -type l -delete  2>&1`
$ cd "/home/pete/wefwefwef/docs/erldocs_other.git"
$ cd "/home/pete/wefwefwef/docs/other/6791931317/vodka-branch-master/vodka"
$ 5000  `find 'vodka-master' -mindepth 1 -maxdepth 1 -exec mv -t . -- {} +  2>&1`
$ cd "/home/pete/wefwefwef/docs/erldocs_other.git"
 :: Getting dependencies
$ cd "/home/pete/wefwefwef/docs/other/6791931317/vodka-branch-master/vodka"
$ 5000  `ls -1 deps/  2>&1`
$ cd "/home/pete/wefwefwef/docs/erldocs_other.git"
>>> [rebar] deps = []
 :: Generating erldocs into /home/pete/wefwefwef/docs/other/6791931317/repo/master
Building vodka
Generating Type Specs - "/home/pete/wefwefwef/docs/other/6791931317/vodka-branch-master/vodka/src/vodka.erl"
Generating XML for application vodka "/home/pete/wefwefwef/docs/other/6791931317/vodka-branch-master/vodka" -> "/home/pete/wefwefwef/docs/other/6791931317/repo/master/.xml/vodka"
Generated vodka XMLs: ["/home/pete/wefwefwef/docs/other/6791931317/repo/master/.xml/vodka/vodka.xml"]
Generating HTML - vodka "/home/pete/wefwefwef/docs/other/6791931317/repo/master/.xml/vodka/vodka.xml"
Reading XML for "/home/pete/wefwefwef/docs/other/6791931317/repo/master/.xml/vodka/vodka.xml"
Reading XML for "/home/pete/wefwefwef/docs/other/6791931317/repo/master/.xml/specs_vodka.xml"
Creating index.html ...
Creating erldocs_index.js ...
Woot, finished in 0 Minutes 0 Seconds
 :: Discovering other repos
$ 5000  `rm -r '/home/pete/wefwefwef/docs/other/6791931317/vodka-branch-master'  2>&1`
 :: Finishing up
$ 5000  `rm -r '/home/pete/wefwefwef/docs/other/6791931317/vodka'  2>&1`
