 :: Extracting meta information
$ infinity  `git ls-remote --heads --tags 'https://github.com/henine/erninebot'  2>&1`
>>> [repo] 1 branches, 0 tags
 :: Writing meta to "/home/pete/wefwefwef/docs/other/6348862d52e1d09ea5ba2d1b432f54ecab0fa1d3/meta.txt"
 :: Processing https://github.com/henine/erninebot	{rev,branch,"master","b2ade4e51f44666dbbf6c3b445fbf5f9e4704504",undefined,[],[]}
 :: Fetching repo code
$ cd '/home/pete/wefwefwef/docs/other/6348862d52e1d09ea5ba2d1b432f54ecab0fa1d3/erninebot-branch-master'
$ infinity  `curl --fail --silent --show-error --location --output repo.tar.gz 'https://codeload.github.com/henine/erninebot/tar.gz/master'  2>&1`
$ cd '/home/pete/wefwefwef/docs/erldocs_other.git'
$ cd '/home/pete/wefwefwef/docs/other/6348862d52e1d09ea5ba2d1b432f54ecab0fa1d3/erninebot-branch-master/erninebot-master'
$ 5000  `find -P . -type l -delete  2>&1`
$ cd '/home/pete/wefwefwef/docs/erldocs_other.git'
$ 5000  `mv '/home/pete/wefwefwef/docs/other/6348862d52e1d09ea5ba2d1b432f54ecab0fa1d3/erninebot-branch-master/erninebot-master' '/home/pete/wefwefwef/docs/other/6348862d52e1d09ea5ba2d1b432f54ecab0fa1d3/erninebot-branch-master/erninebot'  2>&1`
 :: Getting dependencies
$ cd '/home/pete/wefwefwef/docs/other/6348862d52e1d09ea5ba2d1b432f54ecab0fa1d3/erninebot-branch-master/erninebot'
$ 5000  `ls -1 deps/  2>&1`
$ cd '/home/pete/wefwefwef/docs/erldocs_other.git'
>>> [rebar] deps = []
 :: Generating erldocs into /home/pete/wefwefwef/docs/other/6348862d52e1d09ea5ba2d1b432f54ecab0fa1d3/repo/master
Building erninebot
Generating Type Specs - "/home/pete/wefwefwef/docs/other/6348862d52e1d09ea5ba2d1b432f54ecab0fa1d3/erninebot-branch-master/erninebot/src/enb_basic_filters.erl"
Generating Type Specs - "/home/pete/wefwefwef/docs/other/6348862d52e1d09ea5ba2d1b432f54ecab0fa1d3/erninebot-branch-master/erninebot/src/enb_channel_srv.erl"
Generating Type Specs - "/home/pete/wefwefwef/docs/other/6348862d52e1d09ea5ba2d1b432f54ecab0fa1d3/erninebot-branch-master/erninebot/src/enb_console_log_srv.erl"
Generating Type Specs - "/home/pete/wefwefwef/docs/other/6348862d52e1d09ea5ba2d1b432f54ecab0fa1d3/erninebot-branch-master/erninebot/src/enb_echo_srv.erl"
Generating Type Specs - "/home/pete/wefwefwef/docs/other/6348862d52e1d09ea5ba2d1b432f54ecab0fa1d3/erninebot-branch-master/erninebot/src/enb_file_log_srv.erl"
Generating Type Specs - "/home/pete/wefwefwef/docs/other/6348862d52e1d09ea5ba2d1b432f54ecab0fa1d3/erninebot-branch-master/erninebot/src/enb_filter_chain_srv.erl"
Generating Type Specs - "/home/pete/wefwefwef/docs/other/6348862d52e1d09ea5ba2d1b432f54ecab0fa1d3/erninebot-branch-master/erninebot/src/enb_filter_chain_sup.erl"
Generating Type Specs - "/home/pete/wefwefwef/docs/other/6348862d52e1d09ea5ba2d1b432f54ecab0fa1d3/erninebot-branch-master/erninebot/src/enb_insult_srv.erl"
Generating Type Specs - "/home/pete/wefwefwef/docs/other/6348862d52e1d09ea5ba2d1b432f54ecab0fa1d3/erninebot-branch-master/erninebot/src/enb_io_srv.erl"
Generating Type Specs - "/home/pete/wefwefwef/docs/other/6348862d52e1d09ea5ba2d1b432f54ecab0fa1d3/erninebot-branch-master/erninebot/src/enb_message_exchange_srv.erl"
Generating Type Specs - "/home/pete/wefwefwef/docs/other/6348862d52e1d09ea5ba2d1b432f54ecab0fa1d3/erninebot-branch-master/erninebot/src/enb_message_parser.erl"
Generating Type Specs - "/home/pete/wefwefwef/docs/other/6348862d52e1d09ea5ba2d1b432f54ecab0fa1d3/erninebot-branch-master/erninebot/src/enb_parser_srv.erl"
Generating Type Specs - "/home/pete/wefwefwef/docs/other/6348862d52e1d09ea5ba2d1b432f54ecab0fa1d3/erninebot-branch-master/erninebot/src/enb_ping_srv.erl"
Generating Type Specs - "/home/pete/wefwefwef/docs/other/6348862d52e1d09ea5ba2d1b432f54ecab0fa1d3/erninebot-branch-master/erninebot/src/erninebot_app.erl"
Generating Type Specs - "/home/pete/wefwefwef/docs/other/6348862d52e1d09ea5ba2d1b432f54ecab0fa1d3/erninebot-branch-master/erninebot/src/erninebot_service_sup.erl"
Generating Type Specs - "/home/pete/wefwefwef/docs/other/6348862d52e1d09ea5ba2d1b432f54ecab0fa1d3/erninebot-branch-master/erninebot/src/erninebot_sup.erl"
Generating XML for application erninebot "/home/pete/wefwefwef/docs/other/6348862d52e1d09ea5ba2d1b432f54ecab0fa1d3/erninebot-branch-master/erninebot" -> "/home/pete/wefwefwef/docs/other/6348862d52e1d09ea5ba2d1b432f54ecab0fa1d3/repo/master/.xml/erninebot"
Generated erninebot XMLs: ["/home/pete/wefwefwef/docs/other/6348862d52e1d09ea5ba2d1b432f54ecab0fa1d3/repo/master/.xml/erninebot/erninebot_sup.xml",
                           "/home/pete/wefwefwef/docs/other/6348862d52e1d09ea5ba2d1b432f54ecab0fa1d3/repo/master/.xml/erninebot/enb_message_parser.xml",
                           "/home/pete/wefwefwef/docs/other/6348862d52e1d09ea5ba2d1b432f54ecab0fa1d3/repo/master/.xml/erninebot/enb_basic_filters.xml",
                           "/home/pete/wefwefwef/docs/other/6348862d52e1d09ea5ba2d1b432f54ecab0fa1d3/repo/master/.xml/erninebot/enb_message_exchange_srv.xml",
                           "/home/pete/wefwefwef/docs/other/6348862d52e1d09ea5ba2d1b432f54ecab0fa1d3/repo/master/.xml/erninebot/enb_file_log_srv.xml",
                           "/home/pete/wefwefwef/docs/other/6348862d52e1d09ea5ba2d1b432f54ecab0fa1d3/repo/master/.xml/erninebot/enb_ping_srv.xml",
                           "/home/pete/wefwefwef/docs/other/6348862d52e1d09ea5ba2d1b432f54ecab0fa1d3/repo/master/.xml/erninebot/enb_parser_srv.xml",
                           "/home/pete/wefwefwef/docs/other/6348862d52e1d09ea5ba2d1b432f54ecab0fa1d3/repo/master/.xml/erninebot/enb_io_srv.xml",
                           "/home/pete/wefwefwef/docs/other/6348862d52e1d09ea5ba2d1b432f54ecab0fa1d3/repo/master/.xml/erninebot/enb_channel_srv.xml",
                           "/home/pete/wefwefwef/docs/other/6348862d52e1d09ea5ba2d1b432f54ecab0fa1d3/repo/master/.xml/erninebot/enb_echo_srv.xml",
                           "/home/pete/wefwefwef/docs/other/6348862d52e1d09ea5ba2d1b432f54ecab0fa1d3/repo/master/.xml/erninebot/enb_insult_srv.xml",
                           "/home/pete/wefwefwef/docs/other/6348862d52e1d09ea5ba2d1b432f54ecab0fa1d3/repo/master/.xml/erninebot/enb_filter_chain_sup.xml",
                           "/home/pete/wefwefwef/docs/other/6348862d52e1d09ea5ba2d1b432f54ecab0fa1d3/repo/master/.xml/erninebot/erninebot_app.xml",
                           "/home/pete/wefwefwef/docs/other/6348862d52e1d09ea5ba2d1b432f54ecab0fa1d3/repo/master/.xml/erninebot/enb_console_log_srv.xml",
                           "/home/pete/wefwefwef/docs/other/6348862d52e1d09ea5ba2d1b432f54ecab0fa1d3/repo/master/.xml/erninebot/enb_filter_chain_srv.xml",
                           "/home/pete/wefwefwef/docs/other/6348862d52e1d09ea5ba2d1b432f54ecab0fa1d3/repo/master/.xml/erninebot/erninebot_service_sup.xml"]
Generating HTML - enb_filter_chain_sup "/home/pete/wefwefwef/docs/other/6348862d52e1d09ea5ba2d1b432f54ecab0fa1d3/repo/master/.xml/erninebot/enb_filter_chain_sup.xml"
Generating HTML - enb_message_exchange_srv "/home/pete/wefwefwef/docs/other/6348862d52e1d09ea5ba2d1b432f54ecab0fa1d3/repo/master/.xml/erninebot/enb_message_exchange_srv.xml"
Generating HTML - erninebot_service_sup "/home/pete/wefwefwef/docs/other/6348862d52e1d09ea5ba2d1b432f54ecab0fa1d3/repo/master/.xml/erninebot/erninebot_service_sup.xml"
Generating HTML - enb_io_srv "/home/pete/wefwefwef/docs/other/6348862d52e1d09ea5ba2d1b432f54ecab0fa1d3/repo/master/.xml/erninebot/enb_io_srv.xml"
Reading XML for "/home/pete/wefwefwef/docs/other/6348862d52e1d09ea5ba2d1b432f54ecab0fa1d3/repo/master/.xml/erninebot/enb_filter_chain_sup.xml"
Reading XML for "/home/pete/wefwefwef/docs/other/6348862d52e1d09ea5ba2d1b432f54ecab0fa1d3/repo/master/.xml/erninebot/enb_message_exchange_srv.xml"
Reading XML for "/home/pete/wefwefwef/docs/other/6348862d52e1d09ea5ba2d1b432f54ecab0fa1d3/repo/master/.xml/erninebot/erninebot_service_sup.xml"
Reading XML for "/home/pete/wefwefwef/docs/other/6348862d52e1d09ea5ba2d1b432f54ecab0fa1d3/repo/master/.xml/erninebot/enb_io_srv.xml"
Reading XML for "/home/pete/wefwefwef/docs/other/6348862d52e1d09ea5ba2d1b432f54ecab0fa1d3/repo/master/.xml/specs_enb_message_exchange_srv.xml"
Reading XML for "/home/pete/wefwefwef/docs/other/6348862d52e1d09ea5ba2d1b432f54ecab0fa1d3/repo/master/.xml/specs_enb_filter_chain_sup.xml"
Reading XML for "/home/pete/wefwefwef/docs/other/6348862d52e1d09ea5ba2d1b432f54ecab0fa1d3/repo/master/.xml/specs_erninebot_service_sup.xml"
Reading XML for "/home/pete/wefwefwef/docs/other/6348862d52e1d09ea5ba2d1b432f54ecab0fa1d3/repo/master/.xml/specs_enb_io_srv.xml"
Generating HTML - enb_basic_filters "/home/pete/wefwefwef/docs/other/6348862d52e1d09ea5ba2d1b432f54ecab0fa1d3/repo/master/.xml/erninebot/enb_basic_filters.xml"
Generating HTML - enb_filter_chain_srv "/home/pete/wefwefwef/docs/other/6348862d52e1d09ea5ba2d1b432f54ecab0fa1d3/repo/master/.xml/erninebot/enb_filter_chain_srv.xml"
Reading XML for "/home/pete/wefwefwef/docs/other/6348862d52e1d09ea5ba2d1b432f54ecab0fa1d3/repo/master/.xml/erninebot/enb_basic_filters.xml"
Reading XML for "/home/pete/wefwefwef/docs/other/6348862d52e1d09ea5ba2d1b432f54ecab0fa1d3/repo/master/.xml/erninebot/enb_filter_chain_srv.xml"
Generating HTML - enb_insult_srv "/home/pete/wefwefwef/docs/other/6348862d52e1d09ea5ba2d1b432f54ecab0fa1d3/repo/master/.xml/erninebot/enb_insult_srv.xml"
Generating HTML - enb_parser_srv "/home/pete/wefwefwef/docs/other/6348862d52e1d09ea5ba2d1b432f54ecab0fa1d3/repo/master/.xml/erninebot/enb_parser_srv.xml"
Reading XML for "/home/pete/wefwefwef/docs/other/6348862d52e1d09ea5ba2d1b432f54ecab0fa1d3/repo/master/.xml/erninebot/enb_insult_srv.xml"
Reading XML for "/home/pete/wefwefwef/docs/other/6348862d52e1d09ea5ba2d1b432f54ecab0fa1d3/repo/master/.xml/erninebot/enb_parser_srv.xml"
Reading XML for "/home/pete/wefwefwef/docs/other/6348862d52e1d09ea5ba2d1b432f54ecab0fa1d3/repo/master/.xml/specs_enb_filter_chain_srv.xml"
Reading XML for "/home/pete/wefwefwef/docs/other/6348862d52e1d09ea5ba2d1b432f54ecab0fa1d3/repo/master/.xml/specs_enb_insult_srv.xml"
Reading XML for "/home/pete/wefwefwef/docs/other/6348862d52e1d09ea5ba2d1b432f54ecab0fa1d3/repo/master/.xml/specs_enb_basic_filters.xml"
Generating HTML - enb_console_log_srv "/home/pete/wefwefwef/docs/other/6348862d52e1d09ea5ba2d1b432f54ecab0fa1d3/repo/master/.xml/erninebot/enb_console_log_srv.xml"
Reading XML for "/home/pete/wefwefwef/docs/other/6348862d52e1d09ea5ba2d1b432f54ecab0fa1d3/repo/master/.xml/specs_enb_parser_srv.xml"
Reading XML for "/home/pete/wefwefwef/docs/other/6348862d52e1d09ea5ba2d1b432f54ecab0fa1d3/repo/master/.xml/erninebot/enb_console_log_srv.xml"
Generating HTML - enb_echo_srv "/home/pete/wefwefwef/docs/other/6348862d52e1d09ea5ba2d1b432f54ecab0fa1d3/repo/master/.xml/erninebot/enb_echo_srv.xml"
Reading XML for "/home/pete/wefwefwef/docs/other/6348862d52e1d09ea5ba2d1b432f54ecab0fa1d3/repo/master/.xml/erninebot/enb_echo_srv.xml"
Generating HTML - enb_message_parser "/home/pete/wefwefwef/docs/other/6348862d52e1d09ea5ba2d1b432f54ecab0fa1d3/repo/master/.xml/erninebot/enb_message_parser.xml"
Reading XML for "/home/pete/wefwefwef/docs/other/6348862d52e1d09ea5ba2d1b432f54ecab0fa1d3/repo/master/.xml/erninebot/enb_message_parser.xml"
Generating HTML - enb_ping_srv "/home/pete/wefwefwef/docs/other/6348862d52e1d09ea5ba2d1b432f54ecab0fa1d3/repo/master/.xml/erninebot/enb_ping_srv.xml"
Reading XML for "/home/pete/wefwefwef/docs/other/6348862d52e1d09ea5ba2d1b432f54ecab0fa1d3/repo/master/.xml/erninebot/enb_ping_srv.xml"
Reading XML for "/home/pete/wefwefwef/docs/other/6348862d52e1d09ea5ba2d1b432f54ecab0fa1d3/repo/master/.xml/specs_enb_console_log_srv.xml"
Reading XML for "/home/pete/wefwefwef/docs/other/6348862d52e1d09ea5ba2d1b432f54ecab0fa1d3/repo/master/.xml/specs_enb_echo_srv.xml"
Generating HTML - erninebot_app "/home/pete/wefwefwef/docs/other/6348862d52e1d09ea5ba2d1b432f54ecab0fa1d3/repo/master/.xml/erninebot/erninebot_app.xml"
Reading XML for "/home/pete/wefwefwef/docs/other/6348862d52e1d09ea5ba2d1b432f54ecab0fa1d3/repo/master/.xml/erninebot/erninebot_app.xml"
Reading XML for "/home/pete/wefwefwef/docs/other/6348862d52e1d09ea5ba2d1b432f54ecab0fa1d3/repo/master/.xml/specs_enb_message_parser.xml"
Reading XML for "/home/pete/wefwefwef/docs/other/6348862d52e1d09ea5ba2d1b432f54ecab0fa1d3/repo/master/.xml/specs_enb_ping_srv.xml"
Generating HTML - erninebot_sup "/home/pete/wefwefwef/docs/other/6348862d52e1d09ea5ba2d1b432f54ecab0fa1d3/repo/master/.xml/erninebot/erninebot_sup.xml"
Reading XML for "/home/pete/wefwefwef/docs/other/6348862d52e1d09ea5ba2d1b432f54ecab0fa1d3/repo/master/.xml/erninebot/erninebot_sup.xml"
Generating HTML - enb_channel_srv "/home/pete/wefwefwef/docs/other/6348862d52e1d09ea5ba2d1b432f54ecab0fa1d3/repo/master/.xml/erninebot/enb_channel_srv.xml"
Reading XML for "/home/pete/wefwefwef/docs/other/6348862d52e1d09ea5ba2d1b432f54ecab0fa1d3/repo/master/.xml/erninebot/enb_channel_srv.xml"
Generating HTML - enb_file_log_srv "/home/pete/wefwefwef/docs/other/6348862d52e1d09ea5ba2d1b432f54ecab0fa1d3/repo/master/.xml/erninebot/enb_file_log_srv.xml"
Reading XML for "/home/pete/wefwefwef/docs/other/6348862d52e1d09ea5ba2d1b432f54ecab0fa1d3/repo/master/.xml/erninebot/enb_file_log_srv.xml"
Reading XML for "/home/pete/wefwefwef/docs/other/6348862d52e1d09ea5ba2d1b432f54ecab0fa1d3/repo/master/.xml/specs_erninebot_app.xml"
Reading XML for "/home/pete/wefwefwef/docs/other/6348862d52e1d09ea5ba2d1b432f54ecab0fa1d3/repo/master/.xml/specs_erninebot_sup.xml"
Reading XML for "/home/pete/wefwefwef/docs/other/6348862d52e1d09ea5ba2d1b432f54ecab0fa1d3/repo/master/.xml/specs_enb_channel_srv.xml"
Reading XML for "/home/pete/wefwefwef/docs/other/6348862d52e1d09ea5ba2d1b432f54ecab0fa1d3/repo/master/.xml/specs_enb_file_log_srv.xml"
Creating index.html ...
Creating erldocs_index.js ...
Woot, finished in 0 Minutes 1 Seconds
 :: Discovering other repos
$ 5000  `rm -r '/home/pete/wefwefwef/docs/other/6348862d52e1d09ea5ba2d1b432f54ecab0fa1d3/erninebot-branch-master'  2>&1`
 :: Finishing up
$ 5000  `rm -r '/home/pete/wefwefwef/docs/other/6348862d52e1d09ea5ba2d1b432f54ecab0fa1d3/erninebot'  2>&1`
