 :: Extracting meta information
$ infinity  `git ls-remote --heads --tags 'https://github.com/karlll/kjell'  2>&1`
>>> [repo] 3 branches, 7 tags
 :: Writing meta to "/home/pete/wefwefwef/docs/other/65cd1caf118cff464bd12feb97dc62b7fd1067a9/meta.txt"
 :: Skipping tag "0.1.0"
 :: Skipping tag "0.2.0"
 :: Skipping tag "0.2.1"
 :: Skipping tag "0.2.2"
 :: Skipping tag "0.2.3"
 :: Skipping tag "0.2.5"
 :: Skipping tag "0.2.6"
 :: Skipping branch "gh-pages"
 :: Skipping branch "master"
 :: Processing https://github.com/karlll/kjell	{rev,branch,"develop","163668184f715709882287a4414d438d6f9528f8",undefined,[],[]}
 :: Fetching repo code
$ cd '/home/pete/wefwefwef/docs/other/65cd1caf118cff464bd12feb97dc62b7fd1067a9/kjell-branch-develop'
$ infinity  `curl --fail --silent --show-error --location --output repo.tar.gz 'https://codeload.github.com/karlll/kjell/tar.gz/develop'  2>&1`
$ cd '/home/pete/wefwefwef/docs/erldocs_other.git'
$ cd '/home/pete/wefwefwef/docs/other/65cd1caf118cff464bd12feb97dc62b7fd1067a9/kjell-branch-develop/kjell-develop'
$ 5000  `find -P . -type l -delete  2>&1`
$ cd '/home/pete/wefwefwef/docs/erldocs_other.git'
$ 5000  `mv '/home/pete/wefwefwef/docs/other/65cd1caf118cff464bd12feb97dc62b7fd1067a9/kjell-branch-develop/kjell-develop' '/home/pete/wefwefwef/docs/other/65cd1caf118cff464bd12feb97dc62b7fd1067a9/kjell-branch-develop/kjell'  2>&1`
 :: Getting dependencies
$ cd '/home/pete/wefwefwef/docs/other/65cd1caf118cff464bd12feb97dc62b7fd1067a9/kjell-branch-develop/kjell'
$ 5000  `ls -1 deps/  2>&1`
$ cd '/home/pete/wefwefwef/docs/erldocs_other.git'
>>> [rebar] deps = []
$ cd '/home/pete/wefwefwef/docs/other/65cd1caf118cff464bd12feb97dc62b7fd1067a9/kjell-branch-develop/kjell'
$ infinity  `git submodule update --init --recursive  2>&1`
$ cd '/home/pete/wefwefwef/docs/erldocs_other.git'
 :: Generating erldocs into /home/pete/wefwefwef/docs/other/65cd1caf118cff464bd12feb97dc62b7fd1067a9/repo/develop
Building kjell
Generating Type Specs - "/home/pete/wefwefwef/docs/other/65cd1caf118cff464bd12feb97dc62b7fd1067a9/kjell-branch-develop/kjell/src/etcol.erl"
Generating Type Specs - "/home/pete/wefwefwef/docs/other/65cd1caf118cff464bd12feb97dc62b7fd1067a9/kjell-branch-develop/kjell/src/k_group.erl"
Generating Type Specs - "/home/pete/wefwefwef/docs/other/65cd1caf118cff464bd12feb97dc62b7fd1067a9/kjell-branch-develop/kjell/src/k_io_lib_pretty.erl"
Generating Type Specs - "/home/pete/wefwefwef/docs/other/65cd1caf118cff464bd12feb97dc62b7fd1067a9/kjell-branch-develop/kjell/src/k_lib.erl"
Generating Type Specs - "/home/pete/wefwefwef/docs/other/65cd1caf118cff464bd12feb97dc62b7fd1067a9/kjell-branch-develop/kjell/src/k_user_drv.erl"
Generating Type Specs - "/home/pete/wefwefwef/docs/other/65cd1caf118cff464bd12feb97dc62b7fd1067a9/kjell-branch-develop/kjell/src/kjell.erl"
Generating Type Specs - "/home/pete/wefwefwef/docs/other/65cd1caf118cff464bd12feb97dc62b7fd1067a9/kjell-branch-develop/kjell/src/kjell_extension.erl"
Generating Type Specs - "/home/pete/wefwefwef/docs/other/65cd1caf118cff464bd12feb97dc62b7fd1067a9/kjell-branch-develop/kjell/src/kjell_log.erl"
Generating Type Specs - "/home/pete/wefwefwef/docs/other/65cd1caf118cff464bd12feb97dc62b7fd1067a9/kjell-branch-develop/kjell/src/kjell_profile.erl"
Generating Type Specs - "/home/pete/wefwefwef/docs/other/65cd1caf118cff464bd12feb97dc62b7fd1067a9/kjell-branch-develop/kjell/src/start_kjell.erl"
Generating XML for application kjell "/home/pete/wefwefwef/docs/other/65cd1caf118cff464bd12feb97dc62b7fd1067a9/kjell-branch-develop/kjell" -> "/home/pete/wefwefwef/docs/other/65cd1caf118cff464bd12feb97dc62b7fd1067a9/repo/develop/.xml/kjell"
Generated kjell XMLs: ["/home/pete/wefwefwef/docs/other/65cd1caf118cff464bd12feb97dc62b7fd1067a9/repo/develop/.xml/kjell/kjell.xml",
                       "/home/pete/wefwefwef/docs/other/65cd1caf118cff464bd12feb97dc62b7fd1067a9/repo/develop/.xml/kjell/kjell_profile.xml",
                       "/home/pete/wefwefwef/docs/other/65cd1caf118cff464bd12feb97dc62b7fd1067a9/repo/develop/.xml/kjell/etcol.xml",
                       "/home/pete/wefwefwef/docs/other/65cd1caf118cff464bd12feb97dc62b7fd1067a9/repo/develop/.xml/kjell/k_lib.xml",
                       "/home/pete/wefwefwef/docs/other/65cd1caf118cff464bd12feb97dc62b7fd1067a9/repo/develop/.xml/kjell/start_kjell.xml",
                       "/home/pete/wefwefwef/docs/other/65cd1caf118cff464bd12feb97dc62b7fd1067a9/repo/develop/.xml/kjell/k_io_lib_pretty.xml",
                       "/home/pete/wefwefwef/docs/other/65cd1caf118cff464bd12feb97dc62b7fd1067a9/repo/develop/.xml/kjell/kjell_extension.xml",
                       "/home/pete/wefwefwef/docs/other/65cd1caf118cff464bd12feb97dc62b7fd1067a9/repo/develop/.xml/kjell/k_group.xml",
                       "/home/pete/wefwefwef/docs/other/65cd1caf118cff464bd12feb97dc62b7fd1067a9/repo/develop/.xml/kjell/kjell_log.xml",
                       "/home/pete/wefwefwef/docs/other/65cd1caf118cff464bd12feb97dc62b7fd1067a9/repo/develop/.xml/kjell/k_user_drv.xml"]
Generating HTML - kjell_profile "/home/pete/wefwefwef/docs/other/65cd1caf118cff464bd12feb97dc62b7fd1067a9/repo/develop/.xml/kjell/kjell_profile.xml"
Generating HTML - k_lib "/home/pete/wefwefwef/docs/other/65cd1caf118cff464bd12feb97dc62b7fd1067a9/repo/develop/.xml/kjell/k_lib.xml"
Generating HTML - k_io_lib_pretty "/home/pete/wefwefwef/docs/other/65cd1caf118cff464bd12feb97dc62b7fd1067a9/repo/develop/.xml/kjell/k_io_lib_pretty.xml"
Generating HTML - k_user_drv "/home/pete/wefwefwef/docs/other/65cd1caf118cff464bd12feb97dc62b7fd1067a9/repo/develop/.xml/kjell/k_user_drv.xml"
Reading XML for "/home/pete/wefwefwef/docs/other/65cd1caf118cff464bd12feb97dc62b7fd1067a9/repo/develop/.xml/kjell/kjell_profile.xml"
Reading XML for "/home/pete/wefwefwef/docs/other/65cd1caf118cff464bd12feb97dc62b7fd1067a9/repo/develop/.xml/kjell/k_lib.xml"
Reading XML for "/home/pete/wefwefwef/docs/other/65cd1caf118cff464bd12feb97dc62b7fd1067a9/repo/develop/.xml/kjell/k_io_lib_pretty.xml"
Reading XML for "/home/pete/wefwefwef/docs/other/65cd1caf118cff464bd12feb97dc62b7fd1067a9/repo/develop/.xml/kjell/k_user_drv.xml"
Reading XML for "/home/pete/wefwefwef/docs/other/65cd1caf118cff464bd12feb97dc62b7fd1067a9/repo/develop/.xml/specs_k_lib.xml"
Reading XML for "/home/pete/wefwefwef/docs/other/65cd1caf118cff464bd12feb97dc62b7fd1067a9/repo/develop/.xml/specs_kjell_profile.xml"
Generating HTML - etcol "/home/pete/wefwefwef/docs/other/65cd1caf118cff464bd12feb97dc62b7fd1067a9/repo/develop/.xml/kjell/etcol.xml"
Reading XML for "/home/pete/wefwefwef/docs/other/65cd1caf118cff464bd12feb97dc62b7fd1067a9/repo/develop/.xml/kjell/etcol.xml"
Reading XML for "/home/pete/wefwefwef/docs/other/65cd1caf118cff464bd12feb97dc62b7fd1067a9/repo/develop/.xml/specs_k_user_drv.xml"
Generating HTML - kjell "/home/pete/wefwefwef/docs/other/65cd1caf118cff464bd12feb97dc62b7fd1067a9/repo/develop/.xml/kjell/kjell.xml"
Reading XML for "/home/pete/wefwefwef/docs/other/65cd1caf118cff464bd12feb97dc62b7fd1067a9/repo/develop/.xml/specs_k_io_lib_pretty.xml"
Reading XML for "/home/pete/wefwefwef/docs/other/65cd1caf118cff464bd12feb97dc62b7fd1067a9/repo/develop/.xml/kjell/kjell.xml"
Generating HTML - kjell_log "/home/pete/wefwefwef/docs/other/65cd1caf118cff464bd12feb97dc62b7fd1067a9/repo/develop/.xml/kjell/kjell_log.xml"
Reading XML for "/home/pete/wefwefwef/docs/other/65cd1caf118cff464bd12feb97dc62b7fd1067a9/repo/develop/.xml/kjell/kjell_log.xml"
Generating HTML - start_kjell "/home/pete/wefwefwef/docs/other/65cd1caf118cff464bd12feb97dc62b7fd1067a9/repo/develop/.xml/kjell/start_kjell.xml"
Reading XML for "/home/pete/wefwefwef/docs/other/65cd1caf118cff464bd12feb97dc62b7fd1067a9/repo/develop/.xml/kjell/start_kjell.xml"
Reading XML for "/home/pete/wefwefwef/docs/other/65cd1caf118cff464bd12feb97dc62b7fd1067a9/repo/develop/.xml/specs_etcol.xml"
Reading XML for "/home/pete/wefwefwef/docs/other/65cd1caf118cff464bd12feb97dc62b7fd1067a9/repo/develop/.xml/specs_kjell_log.xml"
Reading XML for "/home/pete/wefwefwef/docs/other/65cd1caf118cff464bd12feb97dc62b7fd1067a9/repo/develop/.xml/specs_kjell.xml"
Generating HTML - k_group "/home/pete/wefwefwef/docs/other/65cd1caf118cff464bd12feb97dc62b7fd1067a9/repo/develop/.xml/kjell/k_group.xml"
Reading XML for "/home/pete/wefwefwef/docs/other/65cd1caf118cff464bd12feb97dc62b7fd1067a9/repo/develop/.xml/kjell/k_group.xml"
Reading XML for "/home/pete/wefwefwef/docs/other/65cd1caf118cff464bd12feb97dc62b7fd1067a9/repo/develop/.xml/specs_start_kjell.xml"
Reading XML for "/home/pete/wefwefwef/docs/other/65cd1caf118cff464bd12feb97dc62b7fd1067a9/repo/develop/.xml/specs_k_group.xml"
Generating HTML - kjell_extension "/home/pete/wefwefwef/docs/other/65cd1caf118cff464bd12feb97dc62b7fd1067a9/repo/develop/.xml/kjell/kjell_extension.xml"
Reading XML for "/home/pete/wefwefwef/docs/other/65cd1caf118cff464bd12feb97dc62b7fd1067a9/repo/develop/.xml/kjell/kjell_extension.xml"
Reading XML for "/home/pete/wefwefwef/docs/other/65cd1caf118cff464bd12feb97dc62b7fd1067a9/repo/develop/.xml/specs_kjell_extension.xml"
Creating index.html ...
Creating erldocs_index.js ...
Woot, finished in 0 Minutes 1 Seconds
 :: Discovering other repos
$ 5000  `rm -r '/home/pete/wefwefwef/docs/other/65cd1caf118cff464bd12feb97dc62b7fd1067a9/kjell-branch-develop'  2>&1`
 :: Finishing up
$ 5000  `rm -r '/home/pete/wefwefwef/docs/other/65cd1caf118cff464bd12feb97dc62b7fd1067a9/kjell'  2>&1`
