 :: Extracting meta information
$ infinity  `git ls-remote --heads --tags 'https://github.com/kislayentronic/cowboyold'  2>&1`
>>> [repo] 1 branches, 0 tags
 :: Writing meta to "/home/pete/wefwefwef/docs/other/1ae4e8f1856fd83c27d7e005a51bbad1/meta.txt"
 :: Processing https://github.com/kislayentronic/cowboyold	{rev,branch,"master","fb210ab163398edf874c01cbdea5867189e86ee7",undefined,[],[]}
 :: Fetching repo code
$ cd '/home/pete/wefwefwef/docs/other/1ae4e8f1856fd83c27d7e005a51bbad1/cowboyold-branch-master'
$ infinity  `curl --fail --silent --show-error --location --output repo.zip 'https://github.com/kislayentronic/cowboyold/archive/master.zip'  2>&1`
$ cd '/home/pete/wefwefwef/docs/erldocs_other.git'
$ cd '/home/pete/wefwefwef/docs/other/1ae4e8f1856fd83c27d7e005a51bbad1/cowboyold-branch-master/cowboyold-master'
$ 5000  `find -P . -type l -delete  2>&1`
$ cd '/home/pete/wefwefwef/docs/erldocs_other.git'
$ 5000  `mv '/home/pete/wefwefwef/docs/other/1ae4e8f1856fd83c27d7e005a51bbad1/cowboyold-branch-master/cowboyold-master' '/home/pete/wefwefwef/docs/other/1ae4e8f1856fd83c27d7e005a51bbad1/cowboyold-branch-master/cowboyold'  2>&1`
 :: Getting dependencies
$ cd '/home/pete/wefwefwef/docs/other/1ae4e8f1856fd83c27d7e005a51bbad1/cowboyold-branch-master/cowboyold'
$ 5000  `ls -1 deps/  2>&1`
$ cd '/home/pete/wefwefwef/docs/erldocs_other.git'
>>> [rebar] deps = []
 :: Generating erldocs into /home/pete/wefwefwef/docs/other/1ae4e8f1856fd83c27d7e005a51bbad1/repo/master
Building cowboyold
Generating Type Specs - "/home/pete/wefwefwef/docs/other/1ae4e8f1856fd83c27d7e005a51bbad1/cowboyold-branch-master/cowboyold/src/cowboy.erl"
Generating Type Specs - "/home/pete/wefwefwef/docs/other/1ae4e8f1856fd83c27d7e005a51bbad1/cowboyold-branch-master/cowboyold/src/cowboy_acceptor.erl"
Generating Type Specs - "/home/pete/wefwefwef/docs/other/1ae4e8f1856fd83c27d7e005a51bbad1/cowboyold-branch-master/cowboyold/src/cowboy_acceptors_sup.erl"
Generating Type Specs - "/home/pete/wefwefwef/docs/other/1ae4e8f1856fd83c27d7e005a51bbad1/cowboyold-branch-master/cowboyold/src/cowboy_app.erl"
Generating Type Specs - "/home/pete/wefwefwef/docs/other/1ae4e8f1856fd83c27d7e005a51bbad1/cowboyold-branch-master/cowboyold/src/cowboy_bstr.erl"
Generating Type Specs - "/home/pete/wefwefwef/docs/other/1ae4e8f1856fd83c27d7e005a51bbad1/cowboyold-branch-master/cowboyold/src/cowboy_client.erl"
Generating Type Specs - "/home/pete/wefwefwef/docs/other/1ae4e8f1856fd83c27d7e005a51bbad1/cowboyold-branch-master/cowboyold/src/cowboy_clock.erl"
Generating Type Specs - "/home/pete/wefwefwef/docs/other/1ae4e8f1856fd83c27d7e005a51bbad1/cowboyold-branch-master/cowboyold/src/cowboy_cookies.erl"
Generating Type Specs - "/home/pete/wefwefwef/docs/other/1ae4e8f1856fd83c27d7e005a51bbad1/cowboyold-branch-master/cowboyold/src/cowboy_dispatcher.erl"
Generating Type Specs - "/home/pete/wefwefwef/docs/other/1ae4e8f1856fd83c27d7e005a51bbad1/cowboyold-branch-master/cowboyold/src/cowboy_http.erl"
Generating Type Specs - "/home/pete/wefwefwef/docs/other/1ae4e8f1856fd83c27d7e005a51bbad1/cowboyold-branch-master/cowboyold/src/cowboy_http_handler.erl"
Generating Type Specs - "/home/pete/wefwefwef/docs/other/1ae4e8f1856fd83c27d7e005a51bbad1/cowboyold-branch-master/cowboyold/src/cowboy_http_protocol.erl"
Generating Type Specs - "/home/pete/wefwefwef/docs/other/1ae4e8f1856fd83c27d7e005a51bbad1/cowboyold-branch-master/cowboyold/src/cowboy_http_req.erl"
Generating Type Specs - "/home/pete/wefwefwef/docs/other/1ae4e8f1856fd83c27d7e005a51bbad1/cowboyold-branch-master/cowboyold/src/cowboy_http_rest.erl"
Generating Type Specs - "/home/pete/wefwefwef/docs/other/1ae4e8f1856fd83c27d7e005a51bbad1/cowboyold-branch-master/cowboyold/src/cowboy_http_static.erl"
Generating Type Specs - "/home/pete/wefwefwef/docs/other/1ae4e8f1856fd83c27d7e005a51bbad1/cowboyold-branch-master/cowboyold/src/cowboy_http_websocket.erl"
Generating Type Specs - "/home/pete/wefwefwef/docs/other/1ae4e8f1856fd83c27d7e005a51bbad1/cowboyold-branch-master/cowboyold/src/cowboy_http_websocket_handler.erl"
Generating Type Specs - "/home/pete/wefwefwef/docs/other/1ae4e8f1856fd83c27d7e005a51bbad1/cowboyold-branch-master/cowboyold/src/cowboy_listener.erl"
Generating Type Specs - "/home/pete/wefwefwef/docs/other/1ae4e8f1856fd83c27d7e005a51bbad1/cowboyold-branch-master/cowboyold/src/cowboy_listener_sup.erl"
Generating Type Specs - "/home/pete/wefwefwef/docs/other/1ae4e8f1856fd83c27d7e005a51bbad1/cowboyold-branch-master/cowboyold/src/cowboy_multipart.erl"
Generating Type Specs - "/home/pete/wefwefwef/docs/other/1ae4e8f1856fd83c27d7e005a51bbad1/cowboyold-branch-master/cowboyold/src/cowboy_protocol.erl"
Generating Type Specs - "/home/pete/wefwefwef/docs/other/1ae4e8f1856fd83c27d7e005a51bbad1/cowboyold-branch-master/cowboyold/src/cowboy_requests_sup.erl"
Generating Type Specs - "/home/pete/wefwefwef/docs/other/1ae4e8f1856fd83c27d7e005a51bbad1/cowboyold-branch-master/cowboyold/src/cowboy_ssl_transport.erl"
Generating Type Specs - "/home/pete/wefwefwef/docs/other/1ae4e8f1856fd83c27d7e005a51bbad1/cowboyold-branch-master/cowboyold/src/cowboy_sup.erl"
Generating Type Specs - "/home/pete/wefwefwef/docs/other/1ae4e8f1856fd83c27d7e005a51bbad1/cowboyold-branch-master/cowboyold/src/cowboy_tcp_transport.erl"
Generating XML for application cowboyold "/home/pete/wefwefwef/docs/other/1ae4e8f1856fd83c27d7e005a51bbad1/cowboyold-branch-master/cowboyold" -> "/home/pete/wefwefwef/docs/other/1ae4e8f1856fd83c27d7e005a51bbad1/repo/master/.xml/cowboyold"
Generated cowboyold XMLs: ["/home/pete/wefwefwef/docs/other/1ae4e8f1856fd83c27d7e005a51bbad1/repo/master/.xml/cowboyold/cowboy_clock.xml",
                           "/home/pete/wefwefwef/docs/other/1ae4e8f1856fd83c27d7e005a51bbad1/repo/master/.xml/cowboyold/cowboy.xml",
                           "/home/pete/wefwefwef/docs/other/1ae4e8f1856fd83c27d7e005a51bbad1/repo/master/.xml/cowboyold/cowboy_http_static.xml",
                           "/home/pete/wefwefwef/docs/other/1ae4e8f1856fd83c27d7e005a51bbad1/repo/master/.xml/cowboyold/cowboy_http_req.xml",
                           "/home/pete/wefwefwef/docs/other/1ae4e8f1856fd83c27d7e005a51bbad1/repo/master/.xml/cowboyold/cowboy_listener.xml",
                           "/home/pete/wefwefwef/docs/other/1ae4e8f1856fd83c27d7e005a51bbad1/repo/master/.xml/cowboyold/cowboy_ssl_transport.xml",
                           "/home/pete/wefwefwef/docs/other/1ae4e8f1856fd83c27d7e005a51bbad1/repo/master/.xml/cowboyold/cowboy_http_rest.xml",
                           "/home/pete/wefwefwef/docs/other/1ae4e8f1856fd83c27d7e005a51bbad1/repo/master/.xml/cowboyold/cowboy_bstr.xml",
                           "/home/pete/wefwefwef/docs/other/1ae4e8f1856fd83c27d7e005a51bbad1/repo/master/.xml/cowboyold/cowboy_http_handler.xml",
                           "/home/pete/wefwefwef/docs/other/1ae4e8f1856fd83c27d7e005a51bbad1/repo/master/.xml/cowboyold/cowboy_cookies.xml",
                           "/home/pete/wefwefwef/docs/other/1ae4e8f1856fd83c27d7e005a51bbad1/repo/master/.xml/cowboyold/cowboy_http_websocket.xml",
                           "/home/pete/wefwefwef/docs/other/1ae4e8f1856fd83c27d7e005a51bbad1/repo/master/.xml/cowboyold/cowboy_tcp_transport.xml",
                           "/home/pete/wefwefwef/docs/other/1ae4e8f1856fd83c27d7e005a51bbad1/repo/master/.xml/cowboyold/cowboy_multipart.xml",
                           "/home/pete/wefwefwef/docs/other/1ae4e8f1856fd83c27d7e005a51bbad1/repo/master/.xml/cowboyold/cowboy_http.xml",
                           "/home/pete/wefwefwef/docs/other/1ae4e8f1856fd83c27d7e005a51bbad1/repo/master/.xml/cowboyold/cowboy_http_websocket_handler.xml",
                           "/home/pete/wefwefwef/docs/other/1ae4e8f1856fd83c27d7e005a51bbad1/repo/master/.xml/cowboyold/cowboy_http_protocol.xml",
                           "/home/pete/wefwefwef/docs/other/1ae4e8f1856fd83c27d7e005a51bbad1/repo/master/.xml/cowboyold/cowboy_dispatcher.xml",
                           "/home/pete/wefwefwef/docs/other/1ae4e8f1856fd83c27d7e005a51bbad1/repo/master/.xml/cowboyold/cowboy_protocol.xml"]
Generating HTML - cowboy_http_req "/home/pete/wefwefwef/docs/other/1ae4e8f1856fd83c27d7e005a51bbad1/repo/master/.xml/cowboyold/cowboy_http_req.xml"
Generating HTML - cowboy_bstr "/home/pete/wefwefwef/docs/other/1ae4e8f1856fd83c27d7e005a51bbad1/repo/master/.xml/cowboyold/cowboy_bstr.xml"
Generating HTML - cowboy_tcp_transport "/home/pete/wefwefwef/docs/other/1ae4e8f1856fd83c27d7e005a51bbad1/repo/master/.xml/cowboyold/cowboy_tcp_transport.xml"
Generating HTML - cowboy_protocol "/home/pete/wefwefwef/docs/other/1ae4e8f1856fd83c27d7e005a51bbad1/repo/master/.xml/cowboyold/cowboy_protocol.xml"
Reading XML for "/home/pete/wefwefwef/docs/other/1ae4e8f1856fd83c27d7e005a51bbad1/repo/master/.xml/cowboyold/cowboy_http_req.xml"
Reading XML for "/home/pete/wefwefwef/docs/other/1ae4e8f1856fd83c27d7e005a51bbad1/repo/master/.xml/cowboyold/cowboy_bstr.xml"
Reading XML for "/home/pete/wefwefwef/docs/other/1ae4e8f1856fd83c27d7e005a51bbad1/repo/master/.xml/cowboyold/cowboy_tcp_transport.xml"
Reading XML for "/home/pete/wefwefwef/docs/other/1ae4e8f1856fd83c27d7e005a51bbad1/repo/master/.xml/cowboyold/cowboy_protocol.xml"
Reading XML for "/home/pete/wefwefwef/docs/other/1ae4e8f1856fd83c27d7e005a51bbad1/repo/master/.xml/specs_cowboy_bstr.xml"
Generating HTML - cowboy_http_rest "/home/pete/wefwefwef/docs/other/1ae4e8f1856fd83c27d7e005a51bbad1/repo/master/.xml/cowboyold/cowboy_http_rest.xml"
Reading XML for "/home/pete/wefwefwef/docs/other/1ae4e8f1856fd83c27d7e005a51bbad1/repo/master/.xml/cowboyold/cowboy_http_rest.xml"
Reading XML for "/home/pete/wefwefwef/docs/other/1ae4e8f1856fd83c27d7e005a51bbad1/repo/master/.xml/specs_cowboy_tcp_transport.xml"
Reading XML for "/home/pete/wefwefwef/docs/other/1ae4e8f1856fd83c27d7e005a51bbad1/repo/master/.xml/specs_cowboy_protocol.xml"
Generating HTML - cowboy_dispatcher "/home/pete/wefwefwef/docs/other/1ae4e8f1856fd83c27d7e005a51bbad1/repo/master/.xml/cowboyold/cowboy_dispatcher.xml"
Reading XML for "/home/pete/wefwefwef/docs/other/1ae4e8f1856fd83c27d7e005a51bbad1/repo/master/.xml/cowboyold/cowboy_dispatcher.xml"
Generating HTML - cowboy_http_websocket "/home/pete/wefwefwef/docs/other/1ae4e8f1856fd83c27d7e005a51bbad1/repo/master/.xml/cowboyold/cowboy_http_websocket.xml"
Reading XML for "/home/pete/wefwefwef/docs/other/1ae4e8f1856fd83c27d7e005a51bbad1/repo/master/.xml/cowboyold/cowboy_http_websocket.xml"
Reading XML for "/home/pete/wefwefwef/docs/other/1ae4e8f1856fd83c27d7e005a51bbad1/repo/master/.xml/specs_cowboy_dispatcher.xml"
Reading XML for "/home/pete/wefwefwef/docs/other/1ae4e8f1856fd83c27d7e005a51bbad1/repo/master/.xml/specs_cowboy_http_rest.xml"
Generating HTML - cowboy_http_protocol "/home/pete/wefwefwef/docs/other/1ae4e8f1856fd83c27d7e005a51bbad1/repo/master/.xml/cowboyold/cowboy_http_protocol.xml"
Reading XML for "/home/pete/wefwefwef/docs/other/1ae4e8f1856fd83c27d7e005a51bbad1/repo/master/.xml/cowboyold/cowboy_http_protocol.xml"
Reading XML for "/home/pete/wefwefwef/docs/other/1ae4e8f1856fd83c27d7e005a51bbad1/repo/master/.xml/specs_cowboy_http_websocket.xml"
Reading XML for "/home/pete/wefwefwef/docs/other/1ae4e8f1856fd83c27d7e005a51bbad1/repo/master/.xml/specs_cowboy_http_protocol.xml"
Generating HTML - cowboy_ssl_transport "/home/pete/wefwefwef/docs/other/1ae4e8f1856fd83c27d7e005a51bbad1/repo/master/.xml/cowboyold/cowboy_ssl_transport.xml"
Reading XML for "/home/pete/wefwefwef/docs/other/1ae4e8f1856fd83c27d7e005a51bbad1/repo/master/.xml/cowboyold/cowboy_ssl_transport.xml"
Reading XML for "/home/pete/wefwefwef/docs/other/1ae4e8f1856fd83c27d7e005a51bbad1/repo/master/.xml/specs_cowboy_ssl_transport.xml"
Generating HTML - cowboy_listener "/home/pete/wefwefwef/docs/other/1ae4e8f1856fd83c27d7e005a51bbad1/repo/master/.xml/cowboyold/cowboy_listener.xml"
Reading XML for "/home/pete/wefwefwef/docs/other/1ae4e8f1856fd83c27d7e005a51bbad1/repo/master/.xml/cowboyold/cowboy_listener.xml"
Generating HTML - cowboy_cookies "/home/pete/wefwefwef/docs/other/1ae4e8f1856fd83c27d7e005a51bbad1/repo/master/.xml/cowboyold/cowboy_cookies.xml"
Reading XML for "/home/pete/wefwefwef/docs/other/1ae4e8f1856fd83c27d7e005a51bbad1/repo/master/.xml/cowboyold/cowboy_cookies.xml"
Reading XML for "/home/pete/wefwefwef/docs/other/1ae4e8f1856fd83c27d7e005a51bbad1/repo/master/.xml/specs_cowboy_listener.xml"
Reading XML for "/home/pete/wefwefwef/docs/other/1ae4e8f1856fd83c27d7e005a51bbad1/repo/master/.xml/specs_cowboy_cookies.xml"
Generating HTML - cowboy_http_handler "/home/pete/wefwefwef/docs/other/1ae4e8f1856fd83c27d7e005a51bbad1/repo/master/.xml/cowboyold/cowboy_http_handler.xml"
Reading XML for "/home/pete/wefwefwef/docs/other/1ae4e8f1856fd83c27d7e005a51bbad1/repo/master/.xml/cowboyold/cowboy_http_handler.xml"
Reading XML for "/home/pete/wefwefwef/docs/other/1ae4e8f1856fd83c27d7e005a51bbad1/repo/master/.xml/specs_cowboy_http_handler.xml"
Reading XML for "/home/pete/wefwefwef/docs/other/1ae4e8f1856fd83c27d7e005a51bbad1/repo/master/.xml/specs_cowboy_http_req.xml"
Generating HTML - cowboy_http_websocket_handler "/home/pete/wefwefwef/docs/other/1ae4e8f1856fd83c27d7e005a51bbad1/repo/master/.xml/cowboyold/cowboy_http_websocket_handler.xml"
Reading XML for "/home/pete/wefwefwef/docs/other/1ae4e8f1856fd83c27d7e005a51bbad1/repo/master/.xml/cowboyold/cowboy_http_websocket_handler.xml"
Reading XML for "/home/pete/wefwefwef/docs/other/1ae4e8f1856fd83c27d7e005a51bbad1/repo/master/.xml/specs_cowboy_http_websocket_handler.xml"
Generating HTML - cowboy_http "/home/pete/wefwefwef/docs/other/1ae4e8f1856fd83c27d7e005a51bbad1/repo/master/.xml/cowboyold/cowboy_http.xml"
Reading XML for "/home/pete/wefwefwef/docs/other/1ae4e8f1856fd83c27d7e005a51bbad1/repo/master/.xml/cowboyold/cowboy_http.xml"
Reading XML for "/home/pete/wefwefwef/docs/other/1ae4e8f1856fd83c27d7e005a51bbad1/repo/master/.xml/specs_cowboy_http.xml"
Generating HTML - cowboy_multipart "/home/pete/wefwefwef/docs/other/1ae4e8f1856fd83c27d7e005a51bbad1/repo/master/.xml/cowboyold/cowboy_multipart.xml"
Reading XML for "/home/pete/wefwefwef/docs/other/1ae4e8f1856fd83c27d7e005a51bbad1/repo/master/.xml/cowboyold/cowboy_multipart.xml"
Reading XML for "/home/pete/wefwefwef/docs/other/1ae4e8f1856fd83c27d7e005a51bbad1/repo/master/.xml/specs_cowboy_multipart.xml"
Generating HTML - cowboy_http_static "/home/pete/wefwefwef/docs/other/1ae4e8f1856fd83c27d7e005a51bbad1/repo/master/.xml/cowboyold/cowboy_http_static.xml"
Reading XML for "/home/pete/wefwefwef/docs/other/1ae4e8f1856fd83c27d7e005a51bbad1/repo/master/.xml/cowboyold/cowboy_http_static.xml"
Reading XML for "/home/pete/wefwefwef/docs/other/1ae4e8f1856fd83c27d7e005a51bbad1/repo/master/.xml/specs_cowboy_http_static.xml"
Generating HTML - cowboy "/home/pete/wefwefwef/docs/other/1ae4e8f1856fd83c27d7e005a51bbad1/repo/master/.xml/cowboyold/cowboy.xml"
Reading XML for "/home/pete/wefwefwef/docs/other/1ae4e8f1856fd83c27d7e005a51bbad1/repo/master/.xml/cowboyold/cowboy.xml"
Reading XML for "/home/pete/wefwefwef/docs/other/1ae4e8f1856fd83c27d7e005a51bbad1/repo/master/.xml/specs_cowboy.xml"
Generating HTML - cowboy_clock "/home/pete/wefwefwef/docs/other/1ae4e8f1856fd83c27d7e005a51bbad1/repo/master/.xml/cowboyold/cowboy_clock.xml"
Reading XML for "/home/pete/wefwefwef/docs/other/1ae4e8f1856fd83c27d7e005a51bbad1/repo/master/.xml/cowboyold/cowboy_clock.xml"
Reading XML for "/home/pete/wefwefwef/docs/other/1ae4e8f1856fd83c27d7e005a51bbad1/repo/master/.xml/specs_cowboy_clock.xml"
Creating index.html ...
Creating erldocs_index.js ...
Woot, finished in 0 Minutes 58 Seconds
 :: Discovering other repos
$ 5000  `rm -r '/home/pete/wefwefwef/docs/other/1ae4e8f1856fd83c27d7e005a51bbad1/cowboyold-branch-master'  2>&1`
 :: Finishing up
$ 5000  `rm -r '/home/pete/wefwefwef/docs/other/1ae4e8f1856fd83c27d7e005a51bbad1/cowboyold'  2>&1`
