 :: Extracting meta information
$ infinity  `git ls-remote --heads --tags 'https://github.com/uwiger/edown'  2>&1`
>>> [repo] 7 branches, 17 tags
 :: Writing meta to "/home/pete/wefwefwef/docs/other/28276e56a4b887edc4c8e0c30468a3bc7c778234/meta.txt"
 :: Skipping tag "0.2.5"
 :: Skipping tag "0.2.6"
 :: Skipping tag "0.2.7"
 :: Skipping tag "0.2.8"
 :: Skipping tag "0.2.9"
 :: Skipping tag "0.3.0"
 :: Skipping tag "0.4"
 :: Skipping tag "0.5"
 :: Skipping tag "0.6"
 :: Skipping tag "v0.1"
 :: Skipping tag "v0.2.0"
 :: Skipping tag "v0.2.1"
 :: Skipping tag "v0.2.2"
 :: Skipping tag "v0.2.3"
 :: Skipping tag "v0.2.4"
 :: Skipping tag "0.3.1"
 :: Skipping branch "dev"
 :: Skipping branch "txt-normalize"
 :: Skipping branch "uw-br-fix"
 :: Skipping branch "uw-fix-p-spacing"
 :: Skipping branch "uw-make-top-readme"
 :: Skipping branch "uw-support-otp-18"
 :: Processing https://github.com/uwiger/edown	{rev,branch,"master","b7c8eb0ac1859f8fce11cbfe3526f5ec83194776",undefined,[],[]}
 :: Fetching repo code
$ cd '/home/pete/wefwefwef/docs/other/28276e56a4b887edc4c8e0c30468a3bc7c778234/edown-branch-master'
$ infinity  `curl --fail --silent --show-error --location --output repo.tar.gz 'https://codeload.github.com/uwiger/edown/legacy.tar.gz/master'  2>&1`
$ cd '/home/pete/wefwefwef/docs/erldocs_other.git'
$ cd '/home/pete/wefwefwef/docs/other/28276e56a4b887edc4c8e0c30468a3bc7c778234/edown-branch-master/uwiger-edown-b7c8eb0'
$ 5000  `find -P . -type l -delete  2>&1`
$ cd '/home/pete/wefwefwef/docs/erldocs_other.git'
$ 5000  `mv '/home/pete/wefwefwef/docs/other/28276e56a4b887edc4c8e0c30468a3bc7c778234/edown-branch-master/uwiger-edown-b7c8eb0' '/home/pete/wefwefwef/docs/other/28276e56a4b887edc4c8e0c30468a3bc7c778234/edown-branch-master/edown'  2>&1`
 :: Getting dependencies
$ cd '/home/pete/wefwefwef/docs/other/28276e56a4b887edc4c8e0c30468a3bc7c778234/edown-branch-master/edown'
$ 5000  `ls -1 deps/  2>&1`
$ cd '/home/pete/wefwefwef/docs/erldocs_other.git'
>>> [rebar] deps = []
 :: Generating erldocs into /home/pete/wefwefwef/docs/other/28276e56a4b887edc4c8e0c30468a3bc7c778234/repo/master
Building edown
Generating Type Specs - "/home/pete/wefwefwef/docs/other/28276e56a4b887edc4c8e0c30468a3bc7c778234/edown-branch-master/edown/src/edown_doclet.erl"
Generating Type Specs - "/home/pete/wefwefwef/docs/other/28276e56a4b887edc4c8e0c30468a3bc7c778234/edown-branch-master/edown/src/edown_layout.erl"
Generating Type Specs - "/home/pete/wefwefwef/docs/other/28276e56a4b887edc4c8e0c30468a3bc7c778234/edown-branch-master/edown/src/edown_lib.erl"
Generating Type Specs - "/home/pete/wefwefwef/docs/other/28276e56a4b887edc4c8e0c30468a3bc7c778234/edown-branch-master/edown/src/edown_make.erl"
Generating Type Specs - "/home/pete/wefwefwef/docs/other/28276e56a4b887edc4c8e0c30468a3bc7c778234/edown-branch-master/edown/src/edown_xmerl.erl"
Generating XML for application edown "/home/pete/wefwefwef/docs/other/28276e56a4b887edc4c8e0c30468a3bc7c778234/edown-branch-master/edown" -> "/home/pete/wefwefwef/docs/other/28276e56a4b887edc4c8e0c30468a3bc7c778234/repo/master/.xml/edown"
Generated edown XMLs: ["/home/pete/wefwefwef/docs/other/28276e56a4b887edc4c8e0c30468a3bc7c778234/repo/master/.xml/edown/edown_lib.xml",
                       "/home/pete/wefwefwef/docs/other/28276e56a4b887edc4c8e0c30468a3bc7c778234/repo/master/.xml/edown/edown_layout.xml",
                       "/home/pete/wefwefwef/docs/other/28276e56a4b887edc4c8e0c30468a3bc7c778234/repo/master/.xml/edown/edown_xmerl.xml",
                       "/home/pete/wefwefwef/docs/other/28276e56a4b887edc4c8e0c30468a3bc7c778234/repo/master/.xml/edown/edown_make.xml",
                       "/home/pete/wefwefwef/docs/other/28276e56a4b887edc4c8e0c30468a3bc7c778234/repo/master/.xml/edown/edown_doclet.xml"]
Generating HTML - edown_lib "/home/pete/wefwefwef/docs/other/28276e56a4b887edc4c8e0c30468a3bc7c778234/repo/master/.xml/edown/edown_lib.xml"
Generating HTML - edown_layout "/home/pete/wefwefwef/docs/other/28276e56a4b887edc4c8e0c30468a3bc7c778234/repo/master/.xml/edown/edown_layout.xml"
Generating HTML - edown_xmerl "/home/pete/wefwefwef/docs/other/28276e56a4b887edc4c8e0c30468a3bc7c778234/repo/master/.xml/edown/edown_xmerl.xml"
Generating HTML - edown_doclet "/home/pete/wefwefwef/docs/other/28276e56a4b887edc4c8e0c30468a3bc7c778234/repo/master/.xml/edown/edown_doclet.xml"
Reading XML for "/home/pete/wefwefwef/docs/other/28276e56a4b887edc4c8e0c30468a3bc7c778234/repo/master/.xml/edown/edown_lib.xml"
Reading XML for "/home/pete/wefwefwef/docs/other/28276e56a4b887edc4c8e0c30468a3bc7c778234/repo/master/.xml/edown/edown_layout.xml"
Reading XML for "/home/pete/wefwefwef/docs/other/28276e56a4b887edc4c8e0c30468a3bc7c778234/repo/master/.xml/edown/edown_xmerl.xml"
Reading XML for "/home/pete/wefwefwef/docs/other/28276e56a4b887edc4c8e0c30468a3bc7c778234/repo/master/.xml/edown/edown_doclet.xml"
Reading XML for "/home/pete/wefwefwef/docs/other/28276e56a4b887edc4c8e0c30468a3bc7c778234/repo/master/.xml/specs_edown_layout.xml"
Reading XML for "/home/pete/wefwefwef/docs/other/28276e56a4b887edc4c8e0c30468a3bc7c778234/repo/master/.xml/specs_edown_lib.xml"
Reading XML for "/home/pete/wefwefwef/docs/other/28276e56a4b887edc4c8e0c30468a3bc7c778234/repo/master/.xml/specs_edown_xmerl.xml"
Reading XML for "/home/pete/wefwefwef/docs/other/28276e56a4b887edc4c8e0c30468a3bc7c778234/repo/master/.xml/specs_edown_doclet.xml"
Generating HTML - edown_make "/home/pete/wefwefwef/docs/other/28276e56a4b887edc4c8e0c30468a3bc7c778234/repo/master/.xml/edown/edown_make.xml"
Reading XML for "/home/pete/wefwefwef/docs/other/28276e56a4b887edc4c8e0c30468a3bc7c778234/repo/master/.xml/edown/edown_make.xml"
Reading XML for "/home/pete/wefwefwef/docs/other/28276e56a4b887edc4c8e0c30468a3bc7c778234/repo/master/.xml/specs_edown_make.xml"
Creating index.html ...
Creating erldocs_index.js ...
Woot, finished in 0 Minutes 0 Seconds
 :: Discovering other repos
$ 5000  `rm -r '/home/pete/wefwefwef/docs/other/28276e56a4b887edc4c8e0c30468a3bc7c778234/edown-branch-master'  2>&1`
 :: Processing https://github.com/uwiger/edown	{rev,tag,"0.7","b7c8eb0ac1859f8fce11cbfe3526f5ec83194776",undefined,[],[]}
 :: Fetching repo code
$ cd '/home/pete/wefwefwef/docs/other/28276e56a4b887edc4c8e0c30468a3bc7c778234/edown-tag-0.7'
$ infinity  `curl --fail --silent --show-error --location --output repo.tar.gz 'https://codeload.github.com/uwiger/edown/legacy.tar.gz/0.7'  2>&1`
$ cd '/home/pete/wefwefwef/docs/erldocs_other.git'
$ cd '/home/pete/wefwefwef/docs/other/28276e56a4b887edc4c8e0c30468a3bc7c778234/edown-tag-0.7/uwiger-edown-68d2750'
$ 5000  `find -P . -type l -delete  2>&1`
$ cd '/home/pete/wefwefwef/docs/erldocs_other.git'
$ 5000  `mv '/home/pete/wefwefwef/docs/other/28276e56a4b887edc4c8e0c30468a3bc7c778234/edown-tag-0.7/uwiger-edown-68d2750' '/home/pete/wefwefwef/docs/other/28276e56a4b887edc4c8e0c30468a3bc7c778234/edown-tag-0.7/edown'  2>&1`
 :: Getting dependencies
$ cd '/home/pete/wefwefwef/docs/other/28276e56a4b887edc4c8e0c30468a3bc7c778234/edown-tag-0.7/edown'
$ 5000  `ls -1 deps/  2>&1`
$ cd '/home/pete/wefwefwef/docs/erldocs_other.git'
>>> [rebar] deps = []
 :: Generating erldocs into /home/pete/wefwefwef/docs/other/28276e56a4b887edc4c8e0c30468a3bc7c778234/repo/0.7
Building edown
Generating Type Specs - "/home/pete/wefwefwef/docs/other/28276e56a4b887edc4c8e0c30468a3bc7c778234/edown-tag-0.7/edown/src/edown_doclet.erl"
Generating Type Specs - "/home/pete/wefwefwef/docs/other/28276e56a4b887edc4c8e0c30468a3bc7c778234/edown-tag-0.7/edown/src/edown_layout.erl"
Generating Type Specs - "/home/pete/wefwefwef/docs/other/28276e56a4b887edc4c8e0c30468a3bc7c778234/edown-tag-0.7/edown/src/edown_lib.erl"
Generating Type Specs - "/home/pete/wefwefwef/docs/other/28276e56a4b887edc4c8e0c30468a3bc7c778234/edown-tag-0.7/edown/src/edown_make.erl"
Generating Type Specs - "/home/pete/wefwefwef/docs/other/28276e56a4b887edc4c8e0c30468a3bc7c778234/edown-tag-0.7/edown/src/edown_xmerl.erl"
Generating XML for application edown "/home/pete/wefwefwef/docs/other/28276e56a4b887edc4c8e0c30468a3bc7c778234/edown-tag-0.7/edown" -> "/home/pete/wefwefwef/docs/other/28276e56a4b887edc4c8e0c30468a3bc7c778234/repo/0.7/.xml/edown"
Generated edown XMLs: ["/home/pete/wefwefwef/docs/other/28276e56a4b887edc4c8e0c30468a3bc7c778234/repo/0.7/.xml/edown/edown_lib.xml",
                       "/home/pete/wefwefwef/docs/other/28276e56a4b887edc4c8e0c30468a3bc7c778234/repo/0.7/.xml/edown/edown_layout.xml",
                       "/home/pete/wefwefwef/docs/other/28276e56a4b887edc4c8e0c30468a3bc7c778234/repo/0.7/.xml/edown/edown_xmerl.xml",
                       "/home/pete/wefwefwef/docs/other/28276e56a4b887edc4c8e0c30468a3bc7c778234/repo/0.7/.xml/edown/edown_make.xml",
                       "/home/pete/wefwefwef/docs/other/28276e56a4b887edc4c8e0c30468a3bc7c778234/repo/0.7/.xml/edown/edown_doclet.xml"]
Generating HTML - edown_lib "/home/pete/wefwefwef/docs/other/28276e56a4b887edc4c8e0c30468a3bc7c778234/repo/0.7/.xml/edown/edown_lib.xml"
Generating HTML - edown_layout "/home/pete/wefwefwef/docs/other/28276e56a4b887edc4c8e0c30468a3bc7c778234/repo/0.7/.xml/edown/edown_layout.xml"
Generating HTML - edown_xmerl "/home/pete/wefwefwef/docs/other/28276e56a4b887edc4c8e0c30468a3bc7c778234/repo/0.7/.xml/edown/edown_xmerl.xml"
Generating HTML - edown_doclet "/home/pete/wefwefwef/docs/other/28276e56a4b887edc4c8e0c30468a3bc7c778234/repo/0.7/.xml/edown/edown_doclet.xml"
Reading XML for "/home/pete/wefwefwef/docs/other/28276e56a4b887edc4c8e0c30468a3bc7c778234/repo/0.7/.xml/edown/edown_lib.xml"
Reading XML for "/home/pete/wefwefwef/docs/other/28276e56a4b887edc4c8e0c30468a3bc7c778234/repo/0.7/.xml/edown/edown_layout.xml"
Reading XML for "/home/pete/wefwefwef/docs/other/28276e56a4b887edc4c8e0c30468a3bc7c778234/repo/0.7/.xml/edown/edown_xmerl.xml"
Reading XML for "/home/pete/wefwefwef/docs/other/28276e56a4b887edc4c8e0c30468a3bc7c778234/repo/0.7/.xml/edown/edown_doclet.xml"
Reading XML for "/home/pete/wefwefwef/docs/other/28276e56a4b887edc4c8e0c30468a3bc7c778234/repo/0.7/.xml/specs_edown_lib.xml"
Reading XML for "/home/pete/wefwefwef/docs/other/28276e56a4b887edc4c8e0c30468a3bc7c778234/repo/0.7/.xml/specs_edown_doclet.xml"
Reading XML for "/home/pete/wefwefwef/docs/other/28276e56a4b887edc4c8e0c30468a3bc7c778234/repo/0.7/.xml/specs_edown_xmerl.xml"
Reading XML for "/home/pete/wefwefwef/docs/other/28276e56a4b887edc4c8e0c30468a3bc7c778234/repo/0.7/.xml/specs_edown_layout.xml"
Generating HTML - edown_make "/home/pete/wefwefwef/docs/other/28276e56a4b887edc4c8e0c30468a3bc7c778234/repo/0.7/.xml/edown/edown_make.xml"
Reading XML for "/home/pete/wefwefwef/docs/other/28276e56a4b887edc4c8e0c30468a3bc7c778234/repo/0.7/.xml/edown/edown_make.xml"
Reading XML for "/home/pete/wefwefwef/docs/other/28276e56a4b887edc4c8e0c30468a3bc7c778234/repo/0.7/.xml/specs_edown_make.xml"
Creating index.html ...
Creating erldocs_index.js ...
Woot, finished in 0 Minutes 0 Seconds
 :: Discovering other repos
$ 5000  `rm -r '/home/pete/wefwefwef/docs/other/28276e56a4b887edc4c8e0c30468a3bc7c778234/edown-tag-0.7'  2>&1`
 :: Finishing up
$ 5000  `rm -r '/home/pete/wefwefwef/docs/other/28276e56a4b887edc4c8e0c30468a3bc7c778234/edown'  2>&1`
