 :: Extracting meta information
$ 5000  `git ls-remote --heads --tags 'https://github.com/msantos/everl'  2>&1`
>>> [repo] 1 branches, 0 tags
 :: Writing meta to "/home/pete/wefwefwef/docs/other/4271822198/meta.txt"
 :: Processing https://github.com/msantos/everl	{rev,branch,"master","09b3b73d7e3b40bdc6d645095005f848d9a5d626"}
 :: Fetching repo code
$ cd "/home/pete/wefwefwef/docs/other/4271822198/everl-branch-master/everl"
$ infinity  `curl --fail --silent --show-error --location --output 'master.zip' 'https://github.com/msantos/everl/archive/master.zip'  2>&1`
$ cd "/home/pete/wefwefwef/docs/erldocs_other.git"
$ cd "/home/pete/wefwefwef/docs/other/4271822198/everl-branch-master/everl"
$ 5000  `find -P . -type l -delete  2>&1`
$ cd "/home/pete/wefwefwef/docs/erldocs_other.git"
$ cd "/home/pete/wefwefwef/docs/other/4271822198/everl-branch-master/everl"
$ 5000  `find 'everl-master' -mindepth 1 -maxdepth 1 -exec mv -t . -- {} +  2>&1`
$ cd "/home/pete/wefwefwef/docs/erldocs_other.git"
 :: Getting dependencies
$ cd "/home/pete/wefwefwef/docs/other/4271822198/everl-branch-master/everl"
$ 5000  `ls -1 deps/  2>&1`
$ cd "/home/pete/wefwefwef/docs/erldocs_other.git"
>>> [rebar] deps = []
 :: Generating erldocs into /home/pete/wefwefwef/docs/other/4271822198/repo/master
Building everl
Generating Type Specs - "/home/pete/wefwefwef/docs/other/4271822198/everl-branch-master/everl/src/everl.erl"
Generating XML for application everl "/home/pete/wefwefwef/docs/other/4271822198/everl-branch-master/everl" -> "/home/pete/wefwefwef/docs/other/4271822198/repo/master/.xml/everl"
Generated everl XMLs: ["/home/pete/wefwefwef/docs/other/4271822198/repo/master/.xml/everl/everl.xml"]
Generating HTML - everl "/home/pete/wefwefwef/docs/other/4271822198/repo/master/.xml/everl/everl.xml"
Reading XML for "/home/pete/wefwefwef/docs/other/4271822198/repo/master/.xml/everl/everl.xml"
Reading XML for "/home/pete/wefwefwef/docs/other/4271822198/repo/master/.xml/specs_everl.xml"
Creating index.html ...
Creating erldocs_index.js ...
Woot, finished in 0 Minutes 0 Seconds
 :: Discovering other repos
$ 5000  `rm -r '/home/pete/wefwefwef/docs/other/4271822198/everl-branch-master'  2>&1`
 :: Erldocs finishing up
$ 5000  `rm -r '/home/pete/wefwefwef/docs/other/4271822198/everl'  2>&1`
