 :: Extracting meta information
$ 5000  `git ls-remote --heads --tags 'https://github.com/martinrehfeld/elli_throttle'  2>&1`
>>> [repo] 1 branches, 0 tags
 :: Writing meta to "/home/pete/wefwefwef/docs/other/2299252816/meta.txt"
 :: Processing https://github.com/martinrehfeld/elli_throttle	{rev,branch,"master","d65392bd5935c4d585150458a6aaa3d105a12311"}
 :: Fetching repo code
$ cd "/home/pete/wefwefwef/docs/other/2299252816/elli_throttle-branch-master/elli_throttle"
$ infinity  `curl --fail --silent --show-error --location --output 'master.zip' 'https://github.com/martinrehfeld/elli_throttle/archive/master.zip'  2>&1`
$ cd "/home/pete/wefwefwef/docs/erldocs_other.git"
$ cd "/home/pete/wefwefwef/docs/other/2299252816/elli_throttle-branch-master/elli_throttle"
$ 5000  `find -P . -type l -delete  2>&1`
$ cd "/home/pete/wefwefwef/docs/erldocs_other.git"
$ cd "/home/pete/wefwefwef/docs/other/2299252816/elli_throttle-branch-master/elli_throttle"
$ 5000  `find 'elli_throttle-master' -mindepth 1 -maxdepth 1 -exec mv -t . -- {} +  2>&1`
$ cd "/home/pete/wefwefwef/docs/erldocs_other.git"
 :: Getting dependencies
$ cd "/home/pete/wefwefwef/docs/other/2299252816/elli_throttle-branch-master/elli_throttle"
$ 5000  `ls -1 deps/  2>&1`
$ cd "/home/pete/wefwefwef/docs/erldocs_other.git"
>>> [rebar] deps = []
 :: Generating erldocs into /home/pete/wefwefwef/docs/other/2299252816/repo/master
Building elli_throttle
Generating Type Specs - "/home/pete/wefwefwef/docs/other/2299252816/elli_throttle-branch-master/elli_throttle/src/elli_throttle.erl"
Generating Type Specs - "/home/pete/wefwefwef/docs/other/2299252816/elli_throttle-branch-master/elli_throttle/src/elli_throttle_server.erl"
Generating XML for application elli_throttle "/home/pete/wefwefwef/docs/other/2299252816/elli_throttle-branch-master/elli_throttle" -> "/home/pete/wefwefwef/docs/other/2299252816/repo/master/.xml/elli_throttle"
Generated elli_throttle XMLs: ["/home/pete/wefwefwef/docs/other/2299252816/repo/master/.xml/elli_throttle/elli_throttle_server.xml",
                               "/home/pete/wefwefwef/docs/other/2299252816/repo/master/.xml/elli_throttle/elli_throttle.xml"]
Generating HTML - elli_throttle "/home/pete/wefwefwef/docs/other/2299252816/repo/master/.xml/elli_throttle/elli_throttle.xml"
Reading XML for "/home/pete/wefwefwef/docs/other/2299252816/repo/master/.xml/elli_throttle/elli_throttle.xml"
Reading XML for "/home/pete/wefwefwef/docs/other/2299252816/repo/master/.xml/specs_elli_throttle.xml"
Generating HTML - elli_throttle_server "/home/pete/wefwefwef/docs/other/2299252816/repo/master/.xml/elli_throttle/elli_throttle_server.xml"
Reading XML for "/home/pete/wefwefwef/docs/other/2299252816/repo/master/.xml/elli_throttle/elli_throttle_server.xml"
Reading XML for "/home/pete/wefwefwef/docs/other/2299252816/repo/master/.xml/specs_elli_throttle_server.xml"
Creating index.html ...
Creating erldocs_index.js ...
Woot, finished in 0 Minutes 0 Seconds
 :: Discovering other repos
$ 5000  `rm -r '/home/pete/wefwefwef/docs/other/2299252816/elli_throttle-branch-master'  2>&1`
 :: Erldocs finishing up
$ 5000  `rm -r '/home/pete/wefwefwef/docs/other/2299252816/elli_throttle'  2>&1`
