 :: Extracting meta information
$ infinity  `git ls-remote --heads --tags 'https://github.com/barrel-db/jiffy'  2>&1`
>>> [repo] 5 branches, 38 tags
WTF {ok,{{"HTTP/1.1",404,"Not Found"},
         [{"connection","keep-alive"},
          {"date","Sun, 11 Oct 2015 15:56:24 GMT"},
          {"via","1.1 varnish"},
          {"accept-ranges","bytes"},
          {"vary","Authorization,Accept-Encoding"},
          {"content-length","9"},
          {"expires","Sun, 11 Oct 2015 16:01:24 GMT"},
          {"content-security-policy","default-src 'none'"},
          {"x-xss-protection","1; mode=block"},
          {"x-frame-options","deny"},
          {"x-content-type-options","nosniff"},
          {"strict-transport-security","max-age=31536000"},
          {"x-served-by","cache-ams4138-AMS"},
          {"x-cache","MISS"},
          {"x-cache-hits","0"},
          {"access-control-allow-origin","*"},
          {"source-age","0"}],
         "Not Found"}}
 :: Writing meta to "/home/pete/wefwefwef/docs/other/194941eb1820b61f014eb3af09a3fcb37be99342/meta.txt"
 :: Processing https://github.com/barrel-db/jiffy	{rev,branch,"return-trailer","fa3902ab38a9e72731073678e83f95a0d280fbd5",undefined,[],[]}
 :: Fetching repo code
$ cd '/home/pete/wefwefwef/docs/other/194941eb1820b61f014eb3af09a3fcb37be99342/jiffy-branch-return-trailer'
$ infinity  `curl --fail --silent --show-error --location --output repo.tar.gz 'https://codeload.github.com/barrel-db/jiffy/tar.gz/return-trailer'  2>&1`
$ cd '/home/pete/wefwefwef/docs/erldocs_other.git'
$ cd '/home/pete/wefwefwef/docs/other/194941eb1820b61f014eb3af09a3fcb37be99342/jiffy-branch-return-trailer/jiffy-return-trailer'
$ 5000  `find -P . -type l -delete  2>&1`
$ cd '/home/pete/wefwefwef/docs/erldocs_other.git'
$ 5000  `mv '/home/pete/wefwefwef/docs/other/194941eb1820b61f014eb3af09a3fcb37be99342/jiffy-branch-return-trailer/jiffy-return-trailer' '/home/pete/wefwefwef/docs/other/194941eb1820b61f014eb3af09a3fcb37be99342/jiffy-branch-return-trailer/jiffy'  2>&1`
 :: Getting dependencies
$ cd '/home/pete/wefwefwef/docs/other/194941eb1820b61f014eb3af09a3fcb37be99342/jiffy-branch-return-trailer/jiffy'
$ 5000  `ls -1 deps/  2>&1`
$ cd '/home/pete/wefwefwef/docs/erldocs_other.git'
>>> [rebar] deps = []
 :: Generating erldocs into /home/pete/wefwefwef/docs/other/194941eb1820b61f014eb3af09a3fcb37be99342/repo/return-trailer
Building jiffy
Generating Type Specs - "/home/pete/wefwefwef/docs/other/194941eb1820b61f014eb3af09a3fcb37be99342/jiffy-branch-return-trailer/jiffy/src/jiffy.erl"
Generating Type Specs - "/home/pete/wefwefwef/docs/other/194941eb1820b61f014eb3af09a3fcb37be99342/jiffy-branch-return-trailer/jiffy/src/jiffy_utf8.erl"
Generating XML for application jiffy "/home/pete/wefwefwef/docs/other/194941eb1820b61f014eb3af09a3fcb37be99342/jiffy-branch-return-trailer/jiffy" -> "/home/pete/wefwefwef/docs/other/194941eb1820b61f014eb3af09a3fcb37be99342/repo/return-trailer/.xml/jiffy"
Generated jiffy XMLs: ["/home/pete/wefwefwef/docs/other/194941eb1820b61f014eb3af09a3fcb37be99342/repo/return-trailer/.xml/jiffy/jiffy_utf8.xml",
                       "/home/pete/wefwefwef/docs/other/194941eb1820b61f014eb3af09a3fcb37be99342/repo/return-trailer/.xml/jiffy/jiffy.xml"]
Generating HTML - jiffy "/home/pete/wefwefwef/docs/other/194941eb1820b61f014eb3af09a3fcb37be99342/repo/return-trailer/.xml/jiffy/jiffy.xml"
Reading XML for "/home/pete/wefwefwef/docs/other/194941eb1820b61f014eb3af09a3fcb37be99342/repo/return-trailer/.xml/jiffy/jiffy.xml"
Reading XML for "/home/pete/wefwefwef/docs/other/194941eb1820b61f014eb3af09a3fcb37be99342/repo/return-trailer/.xml/specs_jiffy.xml"
Generating HTML - jiffy_utf8 "/home/pete/wefwefwef/docs/other/194941eb1820b61f014eb3af09a3fcb37be99342/repo/return-trailer/.xml/jiffy/jiffy_utf8.xml"
Reading XML for "/home/pete/wefwefwef/docs/other/194941eb1820b61f014eb3af09a3fcb37be99342/repo/return-trailer/.xml/jiffy/jiffy_utf8.xml"
Reading XML for "/home/pete/wefwefwef/docs/other/194941eb1820b61f014eb3af09a3fcb37be99342/repo/return-trailer/.xml/specs_jiffy_utf8.xml"
Creating index.html ...
Creating erldocs_index.js ...
Woot, finished in 0 Minutes 0 Seconds
 :: Discovering other repos
$ 5000  `rm -r '/home/pete/wefwefwef/docs/other/194941eb1820b61f014eb3af09a3fcb37be99342/jiffy-branch-return-trailer'  2>&1`
 :: Processing https://github.com/barrel-db/jiffy	{rev,branch,"rebar3","0a11d6d17519b04151ec65a4d3abae4640c3996f",undefined,[],[]}
 :: Fetching repo code
$ cd '/home/pete/wefwefwef/docs/other/194941eb1820b61f014eb3af09a3fcb37be99342/jiffy-branch-rebar3'
$ infinity  `curl --fail --silent --show-error --location --output repo.tar.gz 'https://codeload.github.com/barrel-db/jiffy/tar.gz/rebar3'  2>&1`
$ cd '/home/pete/wefwefwef/docs/erldocs_other.git'
$ cd '/home/pete/wefwefwef/docs/other/194941eb1820b61f014eb3af09a3fcb37be99342/jiffy-branch-rebar3/jiffy-rebar3'
$ 5000  `find -P . -type l -delete  2>&1`
$ cd '/home/pete/wefwefwef/docs/erldocs_other.git'
$ 5000  `mv '/home/pete/wefwefwef/docs/other/194941eb1820b61f014eb3af09a3fcb37be99342/jiffy-branch-rebar3/jiffy-rebar3' '/home/pete/wefwefwef/docs/other/194941eb1820b61f014eb3af09a3fcb37be99342/jiffy-branch-rebar3/jiffy'  2>&1`
 :: Getting dependencies
$ cd '/home/pete/wefwefwef/docs/other/194941eb1820b61f014eb3af09a3fcb37be99342/jiffy-branch-rebar3/jiffy'
$ 5000  `ls -1 deps/  2>&1`
$ cd '/home/pete/wefwefwef/docs/erldocs_other.git'
>>> [rebar] deps = []
 :: Generating erldocs into /home/pete/wefwefwef/docs/other/194941eb1820b61f014eb3af09a3fcb37be99342/repo/rebar3
Building jiffy
Generating Type Specs - "/home/pete/wefwefwef/docs/other/194941eb1820b61f014eb3af09a3fcb37be99342/jiffy-branch-rebar3/jiffy/src/jiffy.erl"
Generating Type Specs - "/home/pete/wefwefwef/docs/other/194941eb1820b61f014eb3af09a3fcb37be99342/jiffy-branch-rebar3/jiffy/src/jiffy_utf8.erl"
Generating XML for application jiffy "/home/pete/wefwefwef/docs/other/194941eb1820b61f014eb3af09a3fcb37be99342/jiffy-branch-rebar3/jiffy" -> "/home/pete/wefwefwef/docs/other/194941eb1820b61f014eb3af09a3fcb37be99342/repo/rebar3/.xml/jiffy"
edoc: error in layout 'docgen_edoc_xml_cb': {'EXIT',
                                       {function_clause,
                                        [{docgen_edoc_xml_cb,t_type,
                                          [[{xmlElement,type,[],[],
                                             {xmlNamespace,[],[]},
                                             [{map_field,1},
                                              {map,...},
                                              {...}|...],
                                             1,[],
                                             [...],...},
                                            {xmlElement,type,[],[],
                                             {xmlNamespace,[],[]},
                                             [{map_field,...},{...}|...],
                                             2,[],...}]],
                                          [{file,"docgen_edoc_xml_cb.erl"},
                                           {line,1003}]},
                                         {docgen_edoc_xml_cb,seq,4,
                                          [{file,"docgen_edoc_xml_cb.erl"},
                                           {line,1114}]},
                                         {docgen_edoc_xml_cb,t_map,1,
                                          [{file,"docgen_edoc_xml_cb.erl"},
                                           {line,1071}]},
                                         {docgen_edoc_xml_cb,seq,4,
                                          [{file,"docgen_edoc_xml_cb.erl"},
                                           {line,1114}]},
                                         {docgen_edoc_xml_cb,seq,4,
                                          [{file,"docgen_edoc_xml_cb.erl"},
                                           {line,1116}]},
                                         {docgen_edoc_xml_cb,typedef,1,
                                          [{file,"docgen_edoc_xml_cb.erl"},
                                           {line,870}]},
                                         {docgen_edoc_xml_cb,typedecl,2,
                                          [{file,"docgen_edoc_xml_cb.erl"},
                                           {line,857}]},
                                         {lists,flatmap,2,
                                          [{file,[...]},{line,...}]}]}}.
edoc: error in doclet 'edoc_doclet': {'EXIT',error}.
Error generating jiffy XMLs. Using fallback ...
Generating XML jiffy - jiffy "/home/pete/wefwefwef/docs/other/194941eb1820b61f014eb3af09a3fcb37be99342/jiffy-branch-rebar3/jiffy/src/jiffy.erl" -> "/home/pete/wefwefwef/docs/other/194941eb1820b61f014eb3af09a3fcb37be99342/repo/rebar3/.xml/jiffy/jiffy.xml"
edoc: error in layout 'docgen_edoc_xml_cb': {'EXIT',
                                       {function_clause,
                                        [{docgen_edoc_xml_cb,t_type,
                                          [[{xmlElement,type,[],[],
                                             {xmlNamespace,[],[]},
                                             [{map_field,1},
                                              {map,...},
                                              {...}|...],
                                             1,[],
                                             [...],...},
                                            {xmlElement,type,[],[],
                                             {xmlNamespace,[],[]},
                                             [{map_field,...},{...}|...],
                                             2,[],...}]],
                                          [{file,"docgen_edoc_xml_cb.erl"},
                                           {line,1003}]},
                                         {docgen_edoc_xml_cb,seq,4,
                                          [{file,"docgen_edoc_xml_cb.erl"},
                                           {line,1114}]},
                                         {docgen_edoc_xml_cb,t_map,1,
                                          [{file,"docgen_edoc_xml_cb.erl"},
                                           {line,1071}]},
                                         {docgen_edoc_xml_cb,seq,4,
                                          [{file,"docgen_edoc_xml_cb.erl"},
                                           {line,1114}]},
                                         {docgen_edoc_xml_cb,seq,4,
                                          [{file,"docgen_edoc_xml_cb.erl"},
                                           {line,1116}]},
                                         {docgen_edoc_xml_cb,typedef,1,
                                          [{file,"docgen_edoc_xml_cb.erl"},
                                           {line,870}]},
                                         {docgen_edoc_xml_cb,typedecl,2,
                                          [{file,"docgen_edoc_xml_cb.erl"},
                                           {line,857}]},
                                         {lists,flatmap,2,
                                          [{file,[...]},{line,...}]}]}}.
Error generating XML ("/home/pete/wefwefwef/docs/other/194941eb1820b61f014eb3af09a3fcb37be99342/jiffy-branch-rebar3/jiffy/src/jiffy.erl"): {'EXIT',
                                                                                                                                            error}
Generating XML jiffy - jiffy_utf8 "/home/pete/wefwefwef/docs/other/194941eb1820b61f014eb3af09a3fcb37be99342/jiffy-branch-rebar3/jiffy/src/jiffy_utf8.erl" -> "/home/pete/wefwefwef/docs/other/194941eb1820b61f014eb3af09a3fcb37be99342/repo/rebar3/.xml/jiffy/jiffy_utf8.xml"
Generating HTML - jiffy_utf8 "/home/pete/wefwefwef/docs/other/194941eb1820b61f014eb3af09a3fcb37be99342/repo/rebar3/.xml/jiffy/jiffy_utf8.xml"
Reading XML for "/home/pete/wefwefwef/docs/other/194941eb1820b61f014eb3af09a3fcb37be99342/repo/rebar3/.xml/jiffy/jiffy_utf8.xml"
Reading XML for "/home/pete/wefwefwef/docs/other/194941eb1820b61f014eb3af09a3fcb37be99342/repo/rebar3/.xml/specs_jiffy_utf8.xml"
Creating index.html ...
Creating erldocs_index.js ...
Woot, finished in 0 Minutes 0 Seconds
 :: Discovering other repos
$ 5000  `rm -r '/home/pete/wefwefwef/docs/other/194941eb1820b61f014eb3af09a3fcb37be99342/jiffy-branch-rebar3'  2>&1`
 :: Processing https://github.com/barrel-db/jiffy	{rev,branch,"master","66594cf6f4dc7ecdd17f742d103e55437edea972",undefined,[],[]}
 :: Fetching repo code
$ cd '/home/pete/wefwefwef/docs/other/194941eb1820b61f014eb3af09a3fcb37be99342/jiffy-branch-master'
$ infinity  `curl --fail --silent --show-error --location --output repo.tar.gz 'https://codeload.github.com/barrel-db/jiffy/tar.gz/master'  2>&1`
$ cd '/home/pete/wefwefwef/docs/erldocs_other.git'
$ cd '/home/pete/wefwefwef/docs/other/194941eb1820b61f014eb3af09a3fcb37be99342/jiffy-branch-master/jiffy-master'
$ 5000  `find -P . -type l -delete  2>&1`
$ cd '/home/pete/wefwefwef/docs/erldocs_other.git'
$ 5000  `mv '/home/pete/wefwefwef/docs/other/194941eb1820b61f014eb3af09a3fcb37be99342/jiffy-branch-master/jiffy-master' '/home/pete/wefwefwef/docs/other/194941eb1820b61f014eb3af09a3fcb37be99342/jiffy-branch-master/jiffy'  2>&1`
 :: Getting dependencies
$ cd '/home/pete/wefwefwef/docs/other/194941eb1820b61f014eb3af09a3fcb37be99342/jiffy-branch-master/jiffy'
$ 5000  `ls -1 deps/  2>&1`
$ cd '/home/pete/wefwefwef/docs/erldocs_other.git'
>>> [rebar] deps = []
 :: Generating erldocs into /home/pete/wefwefwef/docs/other/194941eb1820b61f014eb3af09a3fcb37be99342/repo/master
Building jiffy
Generating Type Specs - "/home/pete/wefwefwef/docs/other/194941eb1820b61f014eb3af09a3fcb37be99342/jiffy-branch-master/jiffy/src/jiffy.erl"
Generating Type Specs - "/home/pete/wefwefwef/docs/other/194941eb1820b61f014eb3af09a3fcb37be99342/jiffy-branch-master/jiffy/src/jiffy_utf8.erl"
Generating XML for application jiffy "/home/pete/wefwefwef/docs/other/194941eb1820b61f014eb3af09a3fcb37be99342/jiffy-branch-master/jiffy" -> "/home/pete/wefwefwef/docs/other/194941eb1820b61f014eb3af09a3fcb37be99342/repo/master/.xml/jiffy"
edoc: error in layout 'docgen_edoc_xml_cb': {'EXIT',
                                       {function_clause,
                                        [{docgen_edoc_xml_cb,t_type,
                                          [[{xmlElement,type,[],[],
                                             {xmlNamespace,[],[]},
                                             [{map_field,1},
                                              {map,...},
                                              {...}|...],
                                             1,[],
                                             [...],...},
                                            {xmlElement,type,[],[],
                                             {xmlNamespace,[],[]},
                                             [{map_field,...},{...}|...],
                                             2,[],...}]],
                                          [{file,"docgen_edoc_xml_cb.erl"},
                                           {line,1003}]},
                                         {docgen_edoc_xml_cb,seq,4,
                                          [{file,"docgen_edoc_xml_cb.erl"},
                                           {line,1114}]},
                                         {docgen_edoc_xml_cb,t_map,1,
                                          [{file,"docgen_edoc_xml_cb.erl"},
                                           {line,1071}]},
                                         {docgen_edoc_xml_cb,seq,4,
                                          [{file,"docgen_edoc_xml_cb.erl"},
                                           {line,1114}]},
                                         {docgen_edoc_xml_cb,seq,4,
                                          [{file,"docgen_edoc_xml_cb.erl"},
                                           {line,1116}]},
                                         {docgen_edoc_xml_cb,typedef,1,
                                          [{file,"docgen_edoc_xml_cb.erl"},
                                           {line,870}]},
                                         {docgen_edoc_xml_cb,typedecl,2,
                                          [{file,"docgen_edoc_xml_cb.erl"},
                                           {line,857}]},
                                         {lists,flatmap,2,
                                          [{file,[...]},{line,...}]}]}}.
edoc: error in doclet 'edoc_doclet': {'EXIT',error}.
Error generating jiffy XMLs. Using fallback ...
Generating XML jiffy - jiffy "/home/pete/wefwefwef/docs/other/194941eb1820b61f014eb3af09a3fcb37be99342/jiffy-branch-master/jiffy/src/jiffy.erl" -> "/home/pete/wefwefwef/docs/other/194941eb1820b61f014eb3af09a3fcb37be99342/repo/master/.xml/jiffy/jiffy.xml"
edoc: error in layout 'docgen_edoc_xml_cb': {'EXIT',
                                       {function_clause,
                                        [{docgen_edoc_xml_cb,t_type,
                                          [[{xmlElement,type,[],[],
                                             {xmlNamespace,[],[]},
                                             [{map_field,1},
                                              {map,...},
                                              {...}|...],
                                             1,[],
                                             [...],...},
                                            {xmlElement,type,[],[],
                                             {xmlNamespace,[],[]},
                                             [{map_field,...},{...}|...],
                                             2,[],...}]],
                                          [{file,"docgen_edoc_xml_cb.erl"},
                                           {line,1003}]},
                                         {docgen_edoc_xml_cb,seq,4,
                                          [{file,"docgen_edoc_xml_cb.erl"},
                                           {line,1114}]},
                                         {docgen_edoc_xml_cb,t_map,1,
                                          [{file,"docgen_edoc_xml_cb.erl"},
                                           {line,1071}]},
                                         {docgen_edoc_xml_cb,seq,4,
                                          [{file,"docgen_edoc_xml_cb.erl"},
                                           {line,1114}]},
                                         {docgen_edoc_xml_cb,seq,4,
                                          [{file,"docgen_edoc_xml_cb.erl"},
                                           {line,1116}]},
                                         {docgen_edoc_xml_cb,typedef,1,
                                          [{file,"docgen_edoc_xml_cb.erl"},
                                           {line,870}]},
                                         {docgen_edoc_xml_cb,typedecl,2,
                                          [{file,"docgen_edoc_xml_cb.erl"},
                                           {line,857}]},
                                         {lists,flatmap,2,
                                          [{file,[...]},{line,...}]}]}}.
Error generating XML ("/home/pete/wefwefwef/docs/other/194941eb1820b61f014eb3af09a3fcb37be99342/jiffy-branch-master/jiffy/src/jiffy.erl"): {'EXIT',
                                                                                                                                            error}
Generating XML jiffy - jiffy_utf8 "/home/pete/wefwefwef/docs/other/194941eb1820b61f014eb3af09a3fcb37be99342/jiffy-branch-master/jiffy/src/jiffy_utf8.erl" -> "/home/pete/wefwefwef/docs/other/194941eb1820b61f014eb3af09a3fcb37be99342/repo/master/.xml/jiffy/jiffy_utf8.xml"
Generating HTML - jiffy_utf8 "/home/pete/wefwefwef/docs/other/194941eb1820b61f014eb3af09a3fcb37be99342/repo/master/.xml/jiffy/jiffy_utf8.xml"
Reading XML for "/home/pete/wefwefwef/docs/other/194941eb1820b61f014eb3af09a3fcb37be99342/repo/master/.xml/jiffy/jiffy_utf8.xml"
Reading XML for "/home/pete/wefwefwef/docs/other/194941eb1820b61f014eb3af09a3fcb37be99342/repo/master/.xml/specs_jiffy_utf8.xml"
Creating index.html ...
Creating erldocs_index.js ...
Woot, finished in 0 Minutes 0 Seconds
 :: Discovering other repos
$ 5000  `rm -r '/home/pete/wefwefwef/docs/other/194941eb1820b61f014eb3af09a3fcb37be99342/jiffy-branch-master'  2>&1`
 :: Processing https://github.com/barrel-db/jiffy	{rev,branch,"49-yield-using-consume-timeslice","bda503527d59b396a3bcca5db796fff230c8cabd",undefined,[],[]}
 :: Fetching repo code
$ cd '/home/pete/wefwefwef/docs/other/194941eb1820b61f014eb3af09a3fcb37be99342/jiffy-branch-49-yield-using-consume-timeslice'
$ infinity  `curl --fail --silent --show-error --location --output repo.tar.gz 'https://codeload.github.com/barrel-db/jiffy/tar.gz/49-yield-using-consume-timeslice'  2>&1`
$ cd '/home/pete/wefwefwef/docs/erldocs_other.git'
$ cd '/home/pete/wefwefwef/docs/other/194941eb1820b61f014eb3af09a3fcb37be99342/jiffy-branch-49-yield-using-consume-timeslice/jiffy-49-yield-using-consume-timeslice'
$ 5000  `find -P . -type l -delete  2>&1`
$ cd '/home/pete/wefwefwef/docs/erldocs_other.git'
$ 5000  `mv '/home/pete/wefwefwef/docs/other/194941eb1820b61f014eb3af09a3fcb37be99342/jiffy-branch-49-yield-using-consume-timeslice/jiffy-49-yield-using-consume-timeslice' '/home/pete/wefwefwef/docs/other/194941eb1820b61f014eb3af09a3fcb37be99342/jiffy-branch-49-yield-using-consume-timeslice/jiffy'  2>&1`
 :: Getting dependencies
$ cd '/home/pete/wefwefwef/docs/other/194941eb1820b61f014eb3af09a3fcb37be99342/jiffy-branch-49-yield-using-consume-timeslice/jiffy'
$ 5000  `ls -1 deps/  2>&1`
$ cd '/home/pete/wefwefwef/docs/erldocs_other.git'
>>> [rebar] deps = []
 :: Generating erldocs into /home/pete/wefwefwef/docs/other/194941eb1820b61f014eb3af09a3fcb37be99342/repo/49-yield-using-consume-timeslice
Building jiffy
Generating Type Specs - "/home/pete/wefwefwef/docs/other/194941eb1820b61f014eb3af09a3fcb37be99342/jiffy-branch-49-yield-using-consume-timeslice/jiffy/src/jiffy.erl"
Generating Type Specs - "/home/pete/wefwefwef/docs/other/194941eb1820b61f014eb3af09a3fcb37be99342/jiffy-branch-49-yield-using-consume-timeslice/jiffy/src/jiffy_utf8.erl"
Generating XML for application jiffy "/home/pete/wefwefwef/docs/other/194941eb1820b61f014eb3af09a3fcb37be99342/jiffy-branch-49-yield-using-consume-timeslice/jiffy" -> "/home/pete/wefwefwef/docs/other/194941eb1820b61f014eb3af09a3fcb37be99342/repo/49-yield-using-consume-timeslice/.xml/jiffy"
Generated jiffy XMLs: ["/home/pete/wefwefwef/docs/other/194941eb1820b61f014eb3af09a3fcb37be99342/repo/49-yield-using-consume-timeslice/.xml/jiffy/jiffy_utf8.xml",
                       "/home/pete/wefwefwef/docs/other/194941eb1820b61f014eb3af09a3fcb37be99342/repo/49-yield-using-consume-timeslice/.xml/jiffy/jiffy.xml"]
Generating HTML - jiffy "/home/pete/wefwefwef/docs/other/194941eb1820b61f014eb3af09a3fcb37be99342/repo/49-yield-using-consume-timeslice/.xml/jiffy/jiffy.xml"
Reading XML for "/home/pete/wefwefwef/docs/other/194941eb1820b61f014eb3af09a3fcb37be99342/repo/49-yield-using-consume-timeslice/.xml/jiffy/jiffy.xml"
Reading XML for "/home/pete/wefwefwef/docs/other/194941eb1820b61f014eb3af09a3fcb37be99342/repo/49-yield-using-consume-timeslice/.xml/specs_jiffy.xml"
Generating HTML - jiffy_utf8 "/home/pete/wefwefwef/docs/other/194941eb1820b61f014eb3af09a3fcb37be99342/repo/49-yield-using-consume-timeslice/.xml/jiffy/jiffy_utf8.xml"
Reading XML for "/home/pete/wefwefwef/docs/other/194941eb1820b61f014eb3af09a3fcb37be99342/repo/49-yield-using-consume-timeslice/.xml/jiffy/jiffy_utf8.xml"
Reading XML for "/home/pete/wefwefwef/docs/other/194941eb1820b61f014eb3af09a3fcb37be99342/repo/49-yield-using-consume-timeslice/.xml/specs_jiffy_utf8.xml"
Creating index.html ...
Creating erldocs_index.js ...
Woot, finished in 0 Minutes 0 Seconds
 :: Discovering other repos
$ 5000  `rm -r '/home/pete/wefwefwef/docs/other/194941eb1820b61f014eb3af09a3fcb37be99342/jiffy-branch-49-yield-using-consume-timeslice'  2>&1`
 :: Processing https://github.com/barrel-db/jiffy	{rev,branch,"46-string-keys","71f6992db75eeb2dd107f6918fcfca3fa87d25e7",undefined,[],[]}
 :: Fetching repo code
$ cd '/home/pete/wefwefwef/docs/other/194941eb1820b61f014eb3af09a3fcb37be99342/jiffy-branch-46-string-keys'
$ infinity  `curl --fail --silent --show-error --location --output repo.tar.gz 'https://codeload.github.com/barrel-db/jiffy/tar.gz/46-string-keys'  2>&1`
$ cd '/home/pete/wefwefwef/docs/erldocs_other.git'
$ cd '/home/pete/wefwefwef/docs/other/194941eb1820b61f014eb3af09a3fcb37be99342/jiffy-branch-46-string-keys/jiffy-46-string-keys'
$ 5000  `find -P . -type l -delete  2>&1`
$ cd '/home/pete/wefwefwef/docs/erldocs_other.git'
$ 5000  `mv '/home/pete/wefwefwef/docs/other/194941eb1820b61f014eb3af09a3fcb37be99342/jiffy-branch-46-string-keys/jiffy-46-string-keys' '/home/pete/wefwefwef/docs/other/194941eb1820b61f014eb3af09a3fcb37be99342/jiffy-branch-46-string-keys/jiffy'  2>&1`
 :: Getting dependencies
$ cd '/home/pete/wefwefwef/docs/other/194941eb1820b61f014eb3af09a3fcb37be99342/jiffy-branch-46-string-keys/jiffy'
$ 5000  `ls -1 deps/  2>&1`
$ cd '/home/pete/wefwefwef/docs/erldocs_other.git'
>>> [rebar] deps = []
 :: Generating erldocs into /home/pete/wefwefwef/docs/other/194941eb1820b61f014eb3af09a3fcb37be99342/repo/46-string-keys
Building jiffy
Generating Type Specs - "/home/pete/wefwefwef/docs/other/194941eb1820b61f014eb3af09a3fcb37be99342/jiffy-branch-46-string-keys/jiffy/src/jiffy.erl"
Generating Type Specs - "/home/pete/wefwefwef/docs/other/194941eb1820b61f014eb3af09a3fcb37be99342/jiffy-branch-46-string-keys/jiffy/src/jiffy_utf8.erl"
Generating XML for application jiffy "/home/pete/wefwefwef/docs/other/194941eb1820b61f014eb3af09a3fcb37be99342/jiffy-branch-46-string-keys/jiffy" -> "/home/pete/wefwefwef/docs/other/194941eb1820b61f014eb3af09a3fcb37be99342/repo/46-string-keys/.xml/jiffy"
Generated jiffy XMLs: ["/home/pete/wefwefwef/docs/other/194941eb1820b61f014eb3af09a3fcb37be99342/repo/46-string-keys/.xml/jiffy/jiffy_utf8.xml",
                       "/home/pete/wefwefwef/docs/other/194941eb1820b61f014eb3af09a3fcb37be99342/repo/46-string-keys/.xml/jiffy/jiffy.xml"]
Generating HTML - jiffy "/home/pete/wefwefwef/docs/other/194941eb1820b61f014eb3af09a3fcb37be99342/repo/46-string-keys/.xml/jiffy/jiffy.xml"
Reading XML for "/home/pete/wefwefwef/docs/other/194941eb1820b61f014eb3af09a3fcb37be99342/repo/46-string-keys/.xml/jiffy/jiffy.xml"
Reading XML for "/home/pete/wefwefwef/docs/other/194941eb1820b61f014eb3af09a3fcb37be99342/repo/46-string-keys/.xml/specs_jiffy.xml"
Generating HTML - jiffy_utf8 "/home/pete/wefwefwef/docs/other/194941eb1820b61f014eb3af09a3fcb37be99342/repo/46-string-keys/.xml/jiffy/jiffy_utf8.xml"
Reading XML for "/home/pete/wefwefwef/docs/other/194941eb1820b61f014eb3af09a3fcb37be99342/repo/46-string-keys/.xml/jiffy/jiffy_utf8.xml"
Reading XML for "/home/pete/wefwefwef/docs/other/194941eb1820b61f014eb3af09a3fcb37be99342/repo/46-string-keys/.xml/specs_jiffy_utf8.xml"
Creating index.html ...
Creating erldocs_index.js ...
Woot, finished in 0 Minutes 0 Seconds
 :: Discovering other repos
$ 5000  `rm -r '/home/pete/wefwefwef/docs/other/194941eb1820b61f014eb3af09a3fcb37be99342/jiffy-branch-46-string-keys'  2>&1`
 :: Processing https://github.com/barrel-db/jiffy	{rev,tag,"0.9.0","1e95a84b0ce8d5a86e3431e2095f245272c88662",undefined,[],[]}
 :: Fetching repo code
$ cd '/home/pete/wefwefwef/docs/other/194941eb1820b61f014eb3af09a3fcb37be99342/jiffy-tag-0.9.0'
$ infinity  `curl --fail --silent --show-error --location --output repo.tar.gz 'https://codeload.github.com/barrel-db/jiffy/tar.gz/0.9.0'  2>&1`
$ cd '/home/pete/wefwefwef/docs/erldocs_other.git'
$ cd '/home/pete/wefwefwef/docs/other/194941eb1820b61f014eb3af09a3fcb37be99342/jiffy-tag-0.9.0/jiffy-0.9.0'
$ 5000  `find -P . -type l -delete  2>&1`
$ cd '/home/pete/wefwefwef/docs/erldocs_other.git'
$ 5000  `mv '/home/pete/wefwefwef/docs/other/194941eb1820b61f014eb3af09a3fcb37be99342/jiffy-tag-0.9.0/jiffy-0.9.0' '/home/pete/wefwefwef/docs/other/194941eb1820b61f014eb3af09a3fcb37be99342/jiffy-tag-0.9.0/jiffy'  2>&1`
 :: Getting dependencies
$ cd '/home/pete/wefwefwef/docs/other/194941eb1820b61f014eb3af09a3fcb37be99342/jiffy-tag-0.9.0/jiffy'
$ 5000  `ls -1 deps/  2>&1`
$ cd '/home/pete/wefwefwef/docs/erldocs_other.git'
>>> [rebar] deps = []
 :: Generating erldocs into /home/pete/wefwefwef/docs/other/194941eb1820b61f014eb3af09a3fcb37be99342/repo/0.9.0
Building jiffy
Generating Type Specs - "/home/pete/wefwefwef/docs/other/194941eb1820b61f014eb3af09a3fcb37be99342/jiffy-tag-0.9.0/jiffy/src/jiffy.erl"
Generating Type Specs - "/home/pete/wefwefwef/docs/other/194941eb1820b61f014eb3af09a3fcb37be99342/jiffy-tag-0.9.0/jiffy/src/jiffy_utf8.erl"
Generating XML for application jiffy "/home/pete/wefwefwef/docs/other/194941eb1820b61f014eb3af09a3fcb37be99342/jiffy-tag-0.9.0/jiffy" -> "/home/pete/wefwefwef/docs/other/194941eb1820b61f014eb3af09a3fcb37be99342/repo/0.9.0/.xml/jiffy"
Generated jiffy XMLs: ["/home/pete/wefwefwef/docs/other/194941eb1820b61f014eb3af09a3fcb37be99342/repo/0.9.0/.xml/jiffy/jiffy_utf8.xml",
                       "/home/pete/wefwefwef/docs/other/194941eb1820b61f014eb3af09a3fcb37be99342/repo/0.9.0/.xml/jiffy/jiffy.xml"]
Generating HTML - jiffy "/home/pete/wefwefwef/docs/other/194941eb1820b61f014eb3af09a3fcb37be99342/repo/0.9.0/.xml/jiffy/jiffy.xml"
Reading XML for "/home/pete/wefwefwef/docs/other/194941eb1820b61f014eb3af09a3fcb37be99342/repo/0.9.0/.xml/jiffy/jiffy.xml"
Reading XML for "/home/pete/wefwefwef/docs/other/194941eb1820b61f014eb3af09a3fcb37be99342/repo/0.9.0/.xml/specs_jiffy.xml"
Generating HTML - jiffy_utf8 "/home/pete/wefwefwef/docs/other/194941eb1820b61f014eb3af09a3fcb37be99342/repo/0.9.0/.xml/jiffy/jiffy_utf8.xml"
Reading XML for "/home/pete/wefwefwef/docs/other/194941eb1820b61f014eb3af09a3fcb37be99342/repo/0.9.0/.xml/jiffy/jiffy_utf8.xml"
Reading XML for "/home/pete/wefwefwef/docs/other/194941eb1820b61f014eb3af09a3fcb37be99342/repo/0.9.0/.xml/specs_jiffy_utf8.xml"
Creating index.html ...
Creating erldocs_index.js ...
Woot, finished in 0 Minutes 0 Seconds
 :: Discovering other repos
$ 5000  `rm -r '/home/pete/wefwefwef/docs/other/194941eb1820b61f014eb3af09a3fcb37be99342/jiffy-tag-0.9.0'  2>&1`
 :: Processing https://github.com/barrel-db/jiffy	{rev,tag,"0.8.5","d16a4fd968e000b65e4678cccfad68d7a0a8bd1c",undefined,[],[]}
 :: Fetching repo code
$ cd '/home/pete/wefwefwef/docs/other/194941eb1820b61f014eb3af09a3fcb37be99342/jiffy-tag-0.8.5'
$ infinity  `curl --fail --silent --show-error --location --output repo.tar.gz 'https://codeload.github.com/barrel-db/jiffy/tar.gz/0.8.5'  2>&1`
$ cd '/home/pete/wefwefwef/docs/erldocs_other.git'
$ cd '/home/pete/wefwefwef/docs/other/194941eb1820b61f014eb3af09a3fcb37be99342/jiffy-tag-0.8.5/jiffy-0.8.5'
$ 5000  `find -P . -type l -delete  2>&1`
$ cd '/home/pete/wefwefwef/docs/erldocs_other.git'
$ 5000  `mv '/home/pete/wefwefwef/docs/other/194941eb1820b61f014eb3af09a3fcb37be99342/jiffy-tag-0.8.5/jiffy-0.8.5' '/home/pete/wefwefwef/docs/other/194941eb1820b61f014eb3af09a3fcb37be99342/jiffy-tag-0.8.5/jiffy'  2>&1`
 :: Getting dependencies
$ cd '/home/pete/wefwefwef/docs/other/194941eb1820b61f014eb3af09a3fcb37be99342/jiffy-tag-0.8.5/jiffy'
$ 5000  `ls -1 deps/  2>&1`
$ cd '/home/pete/wefwefwef/docs/erldocs_other.git'
>>> [rebar] deps = []
 :: Generating erldocs into /home/pete/wefwefwef/docs/other/194941eb1820b61f014eb3af09a3fcb37be99342/repo/0.8.5
Building jiffy
Generating Type Specs - "/home/pete/wefwefwef/docs/other/194941eb1820b61f014eb3af09a3fcb37be99342/jiffy-tag-0.8.5/jiffy/src/jiffy.erl"
Generating Type Specs - "/home/pete/wefwefwef/docs/other/194941eb1820b61f014eb3af09a3fcb37be99342/jiffy-tag-0.8.5/jiffy/src/jiffy_utf8.erl"
Generating XML for application jiffy "/home/pete/wefwefwef/docs/other/194941eb1820b61f014eb3af09a3fcb37be99342/jiffy-tag-0.8.5/jiffy" -> "/home/pete/wefwefwef/docs/other/194941eb1820b61f014eb3af09a3fcb37be99342/repo/0.8.5/.xml/jiffy"
Generated jiffy XMLs: ["/home/pete/wefwefwef/docs/other/194941eb1820b61f014eb3af09a3fcb37be99342/repo/0.8.5/.xml/jiffy/jiffy_utf8.xml",
                       "/home/pete/wefwefwef/docs/other/194941eb1820b61f014eb3af09a3fcb37be99342/repo/0.8.5/.xml/jiffy/jiffy.xml"]
Generating HTML - jiffy "/home/pete/wefwefwef/docs/other/194941eb1820b61f014eb3af09a3fcb37be99342/repo/0.8.5/.xml/jiffy/jiffy.xml"
Reading XML for "/home/pete/wefwefwef/docs/other/194941eb1820b61f014eb3af09a3fcb37be99342/repo/0.8.5/.xml/jiffy/jiffy.xml"
Reading XML for "/home/pete/wefwefwef/docs/other/194941eb1820b61f014eb3af09a3fcb37be99342/repo/0.8.5/.xml/specs_jiffy.xml"
Generating HTML - jiffy_utf8 "/home/pete/wefwefwef/docs/other/194941eb1820b61f014eb3af09a3fcb37be99342/repo/0.8.5/.xml/jiffy/jiffy_utf8.xml"
Reading XML for "/home/pete/wefwefwef/docs/other/194941eb1820b61f014eb3af09a3fcb37be99342/repo/0.8.5/.xml/jiffy/jiffy_utf8.xml"
Reading XML for "/home/pete/wefwefwef/docs/other/194941eb1820b61f014eb3af09a3fcb37be99342/repo/0.8.5/.xml/specs_jiffy_utf8.xml"
Creating index.html ...
Creating erldocs_index.js ...
Woot, finished in 0 Minutes 0 Seconds
 :: Discovering other repos
$ 5000  `rm -r '/home/pete/wefwefwef/docs/other/194941eb1820b61f014eb3af09a3fcb37be99342/jiffy-tag-0.8.5'  2>&1`
 :: Processing https://github.com/barrel-db/jiffy	{rev,tag,"0.8.4","e8121ad5add210e83e8739402e34bd182afc10c0",undefined,[],[]}
 :: Fetching repo code
$ cd '/home/pete/wefwefwef/docs/other/194941eb1820b61f014eb3af09a3fcb37be99342/jiffy-tag-0.8.4'
$ infinity  `curl --fail --silent --show-error --location --output repo.tar.gz 'https://codeload.github.com/barrel-db/jiffy/tar.gz/0.8.4'  2>&1`
$ cd '/home/pete/wefwefwef/docs/erldocs_other.git'
$ cd '/home/pete/wefwefwef/docs/other/194941eb1820b61f014eb3af09a3fcb37be99342/jiffy-tag-0.8.4/jiffy-0.8.4'
$ 5000  `find -P . -type l -delete  2>&1`
$ cd '/home/pete/wefwefwef/docs/erldocs_other.git'
$ 5000  `mv '/home/pete/wefwefwef/docs/other/194941eb1820b61f014eb3af09a3fcb37be99342/jiffy-tag-0.8.4/jiffy-0.8.4' '/home/pete/wefwefwef/docs/other/194941eb1820b61f014eb3af09a3fcb37be99342/jiffy-tag-0.8.4/jiffy'  2>&1`
 :: Getting dependencies
$ cd '/home/pete/wefwefwef/docs/other/194941eb1820b61f014eb3af09a3fcb37be99342/jiffy-tag-0.8.4/jiffy'
$ 5000  `ls -1 deps/  2>&1`
$ cd '/home/pete/wefwefwef/docs/erldocs_other.git'
>>> [rebar] deps = []
 :: Generating erldocs into /home/pete/wefwefwef/docs/other/194941eb1820b61f014eb3af09a3fcb37be99342/repo/0.8.4
Building jiffy
Generating Type Specs - "/home/pete/wefwefwef/docs/other/194941eb1820b61f014eb3af09a3fcb37be99342/jiffy-tag-0.8.4/jiffy/src/jiffy.erl"
Generating Type Specs - "/home/pete/wefwefwef/docs/other/194941eb1820b61f014eb3af09a3fcb37be99342/jiffy-tag-0.8.4/jiffy/src/jiffy_utf8.erl"
Generating XML for application jiffy "/home/pete/wefwefwef/docs/other/194941eb1820b61f014eb3af09a3fcb37be99342/jiffy-tag-0.8.4/jiffy" -> "/home/pete/wefwefwef/docs/other/194941eb1820b61f014eb3af09a3fcb37be99342/repo/0.8.4/.xml/jiffy"
Generated jiffy XMLs: ["/home/pete/wefwefwef/docs/other/194941eb1820b61f014eb3af09a3fcb37be99342/repo/0.8.4/.xml/jiffy/jiffy_utf8.xml",
                       "/home/pete/wefwefwef/docs/other/194941eb1820b61f014eb3af09a3fcb37be99342/repo/0.8.4/.xml/jiffy/jiffy.xml"]
Generating HTML - jiffy "/home/pete/wefwefwef/docs/other/194941eb1820b61f014eb3af09a3fcb37be99342/repo/0.8.4/.xml/jiffy/jiffy.xml"
Reading XML for "/home/pete/wefwefwef/docs/other/194941eb1820b61f014eb3af09a3fcb37be99342/repo/0.8.4/.xml/jiffy/jiffy.xml"
Reading XML for "/home/pete/wefwefwef/docs/other/194941eb1820b61f014eb3af09a3fcb37be99342/repo/0.8.4/.xml/specs_jiffy.xml"
Generating HTML - jiffy_utf8 "/home/pete/wefwefwef/docs/other/194941eb1820b61f014eb3af09a3fcb37be99342/repo/0.8.4/.xml/jiffy/jiffy_utf8.xml"
Reading XML for "/home/pete/wefwefwef/docs/other/194941eb1820b61f014eb3af09a3fcb37be99342/repo/0.8.4/.xml/jiffy/jiffy_utf8.xml"
Reading XML for "/home/pete/wefwefwef/docs/other/194941eb1820b61f014eb3af09a3fcb37be99342/repo/0.8.4/.xml/specs_jiffy_utf8.xml"
Creating index.html ...
Creating erldocs_index.js ...
Woot, finished in 0 Minutes 0 Seconds
 :: Discovering other repos
$ 5000  `rm -r '/home/pete/wefwefwef/docs/other/194941eb1820b61f014eb3af09a3fcb37be99342/jiffy-tag-0.8.4'  2>&1`
 :: Processing https://github.com/barrel-db/jiffy	{rev,tag,"0.8.3","a16918da46a39a3d0791889f61f62b1265955d8d",undefined,[],[]}
 :: Fetching repo code
$ cd '/home/pete/wefwefwef/docs/other/194941eb1820b61f014eb3af09a3fcb37be99342/jiffy-tag-0.8.3'
$ infinity  `curl --fail --silent --show-error --location --output repo.tar.gz 'https://codeload.github.com/barrel-db/jiffy/tar.gz/0.8.3'  2>&1`
$ cd '/home/pete/wefwefwef/docs/erldocs_other.git'
$ cd '/home/pete/wefwefwef/docs/other/194941eb1820b61f014eb3af09a3fcb37be99342/jiffy-tag-0.8.3/jiffy-0.8.3'
$ 5000  `find -P . -type l -delete  2>&1`
$ cd '/home/pete/wefwefwef/docs/erldocs_other.git'
$ 5000  `mv '/home/pete/wefwefwef/docs/other/194941eb1820b61f014eb3af09a3fcb37be99342/jiffy-tag-0.8.3/jiffy-0.8.3' '/home/pete/wefwefwef/docs/other/194941eb1820b61f014eb3af09a3fcb37be99342/jiffy-tag-0.8.3/jiffy'  2>&1`
 :: Getting dependencies
$ cd '/home/pete/wefwefwef/docs/other/194941eb1820b61f014eb3af09a3fcb37be99342/jiffy-tag-0.8.3/jiffy'
$ 5000  `ls -1 deps/  2>&1`
$ cd '/home/pete/wefwefwef/docs/erldocs_other.git'
>>> [rebar] deps = []
 :: Generating erldocs into /home/pete/wefwefwef/docs/other/194941eb1820b61f014eb3af09a3fcb37be99342/repo/0.8.3
Building jiffy
Generating Type Specs - "/home/pete/wefwefwef/docs/other/194941eb1820b61f014eb3af09a3fcb37be99342/jiffy-tag-0.8.3/jiffy/src/jiffy.erl"
Generating Type Specs - "/home/pete/wefwefwef/docs/other/194941eb1820b61f014eb3af09a3fcb37be99342/jiffy-tag-0.8.3/jiffy/src/jiffy_utf8.erl"
Generating XML for application jiffy "/home/pete/wefwefwef/docs/other/194941eb1820b61f014eb3af09a3fcb37be99342/jiffy-tag-0.8.3/jiffy" -> "/home/pete/wefwefwef/docs/other/194941eb1820b61f014eb3af09a3fcb37be99342/repo/0.8.3/.xml/jiffy"
Generated jiffy XMLs: ["/home/pete/wefwefwef/docs/other/194941eb1820b61f014eb3af09a3fcb37be99342/repo/0.8.3/.xml/jiffy/jiffy_utf8.xml",
                       "/home/pete/wefwefwef/docs/other/194941eb1820b61f014eb3af09a3fcb37be99342/repo/0.8.3/.xml/jiffy/jiffy.xml"]
Generating HTML - jiffy "/home/pete/wefwefwef/docs/other/194941eb1820b61f014eb3af09a3fcb37be99342/repo/0.8.3/.xml/jiffy/jiffy.xml"
Reading XML for "/home/pete/wefwefwef/docs/other/194941eb1820b61f014eb3af09a3fcb37be99342/repo/0.8.3/.xml/jiffy/jiffy.xml"
Reading XML for "/home/pete/wefwefwef/docs/other/194941eb1820b61f014eb3af09a3fcb37be99342/repo/0.8.3/.xml/specs_jiffy.xml"
Generating HTML - jiffy_utf8 "/home/pete/wefwefwef/docs/other/194941eb1820b61f014eb3af09a3fcb37be99342/repo/0.8.3/.xml/jiffy/jiffy_utf8.xml"
Reading XML for "/home/pete/wefwefwef/docs/other/194941eb1820b61f014eb3af09a3fcb37be99342/repo/0.8.3/.xml/jiffy/jiffy_utf8.xml"
Reading XML for "/home/pete/wefwefwef/docs/other/194941eb1820b61f014eb3af09a3fcb37be99342/repo/0.8.3/.xml/specs_jiffy_utf8.xml"
Creating index.html ...
Creating erldocs_index.js ...
Woot, finished in 0 Minutes 0 Seconds
 :: Discovering other repos
$ 5000  `rm -r '/home/pete/wefwefwef/docs/other/194941eb1820b61f014eb3af09a3fcb37be99342/jiffy-tag-0.8.3'  2>&1`
 :: Processing https://github.com/barrel-db/jiffy	{rev,tag,"0.8.2","eab8ab65ca64150b00e948ca5ccec5b267fe9663",undefined,[],[]}
 :: Fetching repo code
$ cd '/home/pete/wefwefwef/docs/other/194941eb1820b61f014eb3af09a3fcb37be99342/jiffy-tag-0.8.2'
$ infinity  `curl --fail --silent --show-error --location --output repo.tar.gz 'https://codeload.github.com/barrel-db/jiffy/tar.gz/0.8.2'  2>&1`
$ cd '/home/pete/wefwefwef/docs/erldocs_other.git'
$ cd '/home/pete/wefwefwef/docs/other/194941eb1820b61f014eb3af09a3fcb37be99342/jiffy-tag-0.8.2/jiffy-0.8.2'
$ 5000  `find -P . -type l -delete  2>&1`
$ cd '/home/pete/wefwefwef/docs/erldocs_other.git'
$ 5000  `mv '/home/pete/wefwefwef/docs/other/194941eb1820b61f014eb3af09a3fcb37be99342/jiffy-tag-0.8.2/jiffy-0.8.2' '/home/pete/wefwefwef/docs/other/194941eb1820b61f014eb3af09a3fcb37be99342/jiffy-tag-0.8.2/jiffy'  2>&1`
 :: Getting dependencies
$ cd '/home/pete/wefwefwef/docs/other/194941eb1820b61f014eb3af09a3fcb37be99342/jiffy-tag-0.8.2/jiffy'
$ 5000  `ls -1 deps/  2>&1`
$ cd '/home/pete/wefwefwef/docs/erldocs_other.git'
>>> [rebar] deps = []
 :: Generating erldocs into /home/pete/wefwefwef/docs/other/194941eb1820b61f014eb3af09a3fcb37be99342/repo/0.8.2
Building jiffy
Generating Type Specs - "/home/pete/wefwefwef/docs/other/194941eb1820b61f014eb3af09a3fcb37be99342/jiffy-tag-0.8.2/jiffy/src/jiffy.erl"
Generating Type Specs - "/home/pete/wefwefwef/docs/other/194941eb1820b61f014eb3af09a3fcb37be99342/jiffy-tag-0.8.2/jiffy/src/jiffy_utf8.erl"
Generating XML for application jiffy "/home/pete/wefwefwef/docs/other/194941eb1820b61f014eb3af09a3fcb37be99342/jiffy-tag-0.8.2/jiffy" -> "/home/pete/wefwefwef/docs/other/194941eb1820b61f014eb3af09a3fcb37be99342/repo/0.8.2/.xml/jiffy"
Generated jiffy XMLs: ["/home/pete/wefwefwef/docs/other/194941eb1820b61f014eb3af09a3fcb37be99342/repo/0.8.2/.xml/jiffy/jiffy_utf8.xml",
                       "/home/pete/wefwefwef/docs/other/194941eb1820b61f014eb3af09a3fcb37be99342/repo/0.8.2/.xml/jiffy/jiffy.xml"]
Generating HTML - jiffy "/home/pete/wefwefwef/docs/other/194941eb1820b61f014eb3af09a3fcb37be99342/repo/0.8.2/.xml/jiffy/jiffy.xml"
Reading XML for "/home/pete/wefwefwef/docs/other/194941eb1820b61f014eb3af09a3fcb37be99342/repo/0.8.2/.xml/jiffy/jiffy.xml"
Reading XML for "/home/pete/wefwefwef/docs/other/194941eb1820b61f014eb3af09a3fcb37be99342/repo/0.8.2/.xml/specs_jiffy.xml"
Generating HTML - jiffy_utf8 "/home/pete/wefwefwef/docs/other/194941eb1820b61f014eb3af09a3fcb37be99342/repo/0.8.2/.xml/jiffy/jiffy_utf8.xml"
Reading XML for "/home/pete/wefwefwef/docs/other/194941eb1820b61f014eb3af09a3fcb37be99342/repo/0.8.2/.xml/jiffy/jiffy_utf8.xml"
Reading XML for "/home/pete/wefwefwef/docs/other/194941eb1820b61f014eb3af09a3fcb37be99342/repo/0.8.2/.xml/specs_jiffy_utf8.xml"
Creating index.html ...
Creating erldocs_index.js ...
Woot, finished in 0 Minutes 0 Seconds
 :: Discovering other repos
$ 5000  `rm -r '/home/pete/wefwefwef/docs/other/194941eb1820b61f014eb3af09a3fcb37be99342/jiffy-tag-0.8.2'  2>&1`
 :: Processing https://github.com/barrel-db/jiffy	{rev,tag,"0.8.1","86f783d868dcedb305d203b0f3bcf38ca8227e8f",undefined,[],[]}
 :: Fetching repo code
$ cd '/home/pete/wefwefwef/docs/other/194941eb1820b61f014eb3af09a3fcb37be99342/jiffy-tag-0.8.1'
$ infinity  `curl --fail --silent --show-error --location --output repo.tar.gz 'https://codeload.github.com/barrel-db/jiffy/tar.gz/0.8.1'  2>&1`
$ cd '/home/pete/wefwefwef/docs/erldocs_other.git'
$ cd '/home/pete/wefwefwef/docs/other/194941eb1820b61f014eb3af09a3fcb37be99342/jiffy-tag-0.8.1/jiffy-0.8.1'
$ 5000  `find -P . -type l -delete  2>&1`
$ cd '/home/pete/wefwefwef/docs/erldocs_other.git'
$ 5000  `mv '/home/pete/wefwefwef/docs/other/194941eb1820b61f014eb3af09a3fcb37be99342/jiffy-tag-0.8.1/jiffy-0.8.1' '/home/pete/wefwefwef/docs/other/194941eb1820b61f014eb3af09a3fcb37be99342/jiffy-tag-0.8.1/jiffy'  2>&1`
 :: Getting dependencies
$ cd '/home/pete/wefwefwef/docs/other/194941eb1820b61f014eb3af09a3fcb37be99342/jiffy-tag-0.8.1/jiffy'
$ 5000  `ls -1 deps/  2>&1`
$ cd '/home/pete/wefwefwef/docs/erldocs_other.git'
>>> [rebar] deps = []
 :: Generating erldocs into /home/pete/wefwefwef/docs/other/194941eb1820b61f014eb3af09a3fcb37be99342/repo/0.8.1
Building jiffy
Generating Type Specs - "/home/pete/wefwefwef/docs/other/194941eb1820b61f014eb3af09a3fcb37be99342/jiffy-tag-0.8.1/jiffy/src/jiffy.erl"
Generating Type Specs - "/home/pete/wefwefwef/docs/other/194941eb1820b61f014eb3af09a3fcb37be99342/jiffy-tag-0.8.1/jiffy/src/jiffy_utf8.erl"
Generating XML for application jiffy "/home/pete/wefwefwef/docs/other/194941eb1820b61f014eb3af09a3fcb37be99342/jiffy-tag-0.8.1/jiffy" -> "/home/pete/wefwefwef/docs/other/194941eb1820b61f014eb3af09a3fcb37be99342/repo/0.8.1/.xml/jiffy"
Generated jiffy XMLs: ["/home/pete/wefwefwef/docs/other/194941eb1820b61f014eb3af09a3fcb37be99342/repo/0.8.1/.xml/jiffy/jiffy_utf8.xml",
                       "/home/pete/wefwefwef/docs/other/194941eb1820b61f014eb3af09a3fcb37be99342/repo/0.8.1/.xml/jiffy/jiffy.xml"]
Generating HTML - jiffy "/home/pete/wefwefwef/docs/other/194941eb1820b61f014eb3af09a3fcb37be99342/repo/0.8.1/.xml/jiffy/jiffy.xml"
Reading XML for "/home/pete/wefwefwef/docs/other/194941eb1820b61f014eb3af09a3fcb37be99342/repo/0.8.1/.xml/jiffy/jiffy.xml"
Reading XML for "/home/pete/wefwefwef/docs/other/194941eb1820b61f014eb3af09a3fcb37be99342/repo/0.8.1/.xml/specs_jiffy.xml"
Generating HTML - jiffy_utf8 "/home/pete/wefwefwef/docs/other/194941eb1820b61f014eb3af09a3fcb37be99342/repo/0.8.1/.xml/jiffy/jiffy_utf8.xml"
Reading XML for "/home/pete/wefwefwef/docs/other/194941eb1820b61f014eb3af09a3fcb37be99342/repo/0.8.1/.xml/jiffy/jiffy_utf8.xml"
Reading XML for "/home/pete/wefwefwef/docs/other/194941eb1820b61f014eb3af09a3fcb37be99342/repo/0.8.1/.xml/specs_jiffy_utf8.xml"
Creating index.html ...
Creating erldocs_index.js ...
Woot, finished in 0 Minutes 0 Seconds
 :: Discovering other repos
$ 5000  `rm -r '/home/pete/wefwefwef/docs/other/194941eb1820b61f014eb3af09a3fcb37be99342/jiffy-tag-0.8.1'  2>&1`
 :: Processing https://github.com/barrel-db/jiffy	{rev,tag,"0.8.0","56dfd50c6a427895bfc35bd2c2486f59c981d578",undefined,[],[]}
 :: Fetching repo code
$ cd '/home/pete/wefwefwef/docs/other/194941eb1820b61f014eb3af09a3fcb37be99342/jiffy-tag-0.8.0'
$ infinity  `curl --fail --silent --show-error --location --output repo.tar.gz 'https://codeload.github.com/barrel-db/jiffy/tar.gz/0.8.0'  2>&1`
$ cd '/home/pete/wefwefwef/docs/erldocs_other.git'
$ cd '/home/pete/wefwefwef/docs/other/194941eb1820b61f014eb3af09a3fcb37be99342/jiffy-tag-0.8.0/jiffy-0.8.0'
$ 5000  `find -P . -type l -delete  2>&1`
$ cd '/home/pete/wefwefwef/docs/erldocs_other.git'
$ 5000  `mv '/home/pete/wefwefwef/docs/other/194941eb1820b61f014eb3af09a3fcb37be99342/jiffy-tag-0.8.0/jiffy-0.8.0' '/home/pete/wefwefwef/docs/other/194941eb1820b61f014eb3af09a3fcb37be99342/jiffy-tag-0.8.0/jiffy'  2>&1`
 :: Getting dependencies
$ cd '/home/pete/wefwefwef/docs/other/194941eb1820b61f014eb3af09a3fcb37be99342/jiffy-tag-0.8.0/jiffy'
$ 5000  `ls -1 deps/  2>&1`
$ cd '/home/pete/wefwefwef/docs/erldocs_other.git'
>>> [rebar] deps = []
 :: Generating erldocs into /home/pete/wefwefwef/docs/other/194941eb1820b61f014eb3af09a3fcb37be99342/repo/0.8.0
Building jiffy
Generating Type Specs - "/home/pete/wefwefwef/docs/other/194941eb1820b61f014eb3af09a3fcb37be99342/jiffy-tag-0.8.0/jiffy/src/jiffy.erl"
Generating Type Specs - "/home/pete/wefwefwef/docs/other/194941eb1820b61f014eb3af09a3fcb37be99342/jiffy-tag-0.8.0/jiffy/src/jiffy_utf8.erl"
Generating XML for application jiffy "/home/pete/wefwefwef/docs/other/194941eb1820b61f014eb3af09a3fcb37be99342/jiffy-tag-0.8.0/jiffy" -> "/home/pete/wefwefwef/docs/other/194941eb1820b61f014eb3af09a3fcb37be99342/repo/0.8.0/.xml/jiffy"
Generated jiffy XMLs: ["/home/pete/wefwefwef/docs/other/194941eb1820b61f014eb3af09a3fcb37be99342/repo/0.8.0/.xml/jiffy/jiffy_utf8.xml",
                       "/home/pete/wefwefwef/docs/other/194941eb1820b61f014eb3af09a3fcb37be99342/repo/0.8.0/.xml/jiffy/jiffy.xml"]
Generating HTML - jiffy "/home/pete/wefwefwef/docs/other/194941eb1820b61f014eb3af09a3fcb37be99342/repo/0.8.0/.xml/jiffy/jiffy.xml"
Reading XML for "/home/pete/wefwefwef/docs/other/194941eb1820b61f014eb3af09a3fcb37be99342/repo/0.8.0/.xml/jiffy/jiffy.xml"
Reading XML for "/home/pete/wefwefwef/docs/other/194941eb1820b61f014eb3af09a3fcb37be99342/repo/0.8.0/.xml/specs_jiffy.xml"
Generating HTML - jiffy_utf8 "/home/pete/wefwefwef/docs/other/194941eb1820b61f014eb3af09a3fcb37be99342/repo/0.8.0/.xml/jiffy/jiffy_utf8.xml"
Reading XML for "/home/pete/wefwefwef/docs/other/194941eb1820b61f014eb3af09a3fcb37be99342/repo/0.8.0/.xml/jiffy/jiffy_utf8.xml"
Reading XML for "/home/pete/wefwefwef/docs/other/194941eb1820b61f014eb3af09a3fcb37be99342/repo/0.8.0/.xml/specs_jiffy_utf8.xml"
Creating index.html ...
Creating erldocs_index.js ...
Woot, finished in 0 Minutes 0 Seconds
 :: Discovering other repos
$ 5000  `rm -r '/home/pete/wefwefwef/docs/other/194941eb1820b61f014eb3af09a3fcb37be99342/jiffy-tag-0.8.0'  2>&1`
 :: Processing https://github.com/barrel-db/jiffy	{rev,tag,"0.7.0","e2b2c3a91931af5911797efb90e51e6aa8c52305",undefined,[],[]}
 :: Fetching repo code
$ cd '/home/pete/wefwefwef/docs/other/194941eb1820b61f014eb3af09a3fcb37be99342/jiffy-tag-0.7.0'
$ infinity  `curl --fail --silent --show-error --location --output repo.tar.gz 'https://codeload.github.com/barrel-db/jiffy/tar.gz/0.7.0'  2>&1`
$ cd '/home/pete/wefwefwef/docs/erldocs_other.git'
$ cd '/home/pete/wefwefwef/docs/other/194941eb1820b61f014eb3af09a3fcb37be99342/jiffy-tag-0.7.0/jiffy-0.7.0'
$ 5000  `find -P . -type l -delete  2>&1`
$ cd '/home/pete/wefwefwef/docs/erldocs_other.git'
$ 5000  `mv '/home/pete/wefwefwef/docs/other/194941eb1820b61f014eb3af09a3fcb37be99342/jiffy-tag-0.7.0/jiffy-0.7.0' '/home/pete/wefwefwef/docs/other/194941eb1820b61f014eb3af09a3fcb37be99342/jiffy-tag-0.7.0/jiffy'  2>&1`
 :: Getting dependencies
$ cd '/home/pete/wefwefwef/docs/other/194941eb1820b61f014eb3af09a3fcb37be99342/jiffy-tag-0.7.0/jiffy'
$ 5000  `ls -1 deps/  2>&1`
$ cd '/home/pete/wefwefwef/docs/erldocs_other.git'
>>> [rebar] deps = []
 :: Generating erldocs into /home/pete/wefwefwef/docs/other/194941eb1820b61f014eb3af09a3fcb37be99342/repo/0.7.0
Building jiffy
Generating Type Specs - "/home/pete/wefwefwef/docs/other/194941eb1820b61f014eb3af09a3fcb37be99342/jiffy-tag-0.7.0/jiffy/src/jiffy.erl"
Generating Type Specs - "/home/pete/wefwefwef/docs/other/194941eb1820b61f014eb3af09a3fcb37be99342/jiffy-tag-0.7.0/jiffy/src/jiffy_utf8.erl"
Generating XML for application jiffy "/home/pete/wefwefwef/docs/other/194941eb1820b61f014eb3af09a3fcb37be99342/jiffy-tag-0.7.0/jiffy" -> "/home/pete/wefwefwef/docs/other/194941eb1820b61f014eb3af09a3fcb37be99342/repo/0.7.0/.xml/jiffy"
Generated jiffy XMLs: ["/home/pete/wefwefwef/docs/other/194941eb1820b61f014eb3af09a3fcb37be99342/repo/0.7.0/.xml/jiffy/jiffy_utf8.xml",
                       "/home/pete/wefwefwef/docs/other/194941eb1820b61f014eb3af09a3fcb37be99342/repo/0.7.0/.xml/jiffy/jiffy.xml"]
Generating HTML - jiffy "/home/pete/wefwefwef/docs/other/194941eb1820b61f014eb3af09a3fcb37be99342/repo/0.7.0/.xml/jiffy/jiffy.xml"
Reading XML for "/home/pete/wefwefwef/docs/other/194941eb1820b61f014eb3af09a3fcb37be99342/repo/0.7.0/.xml/jiffy/jiffy.xml"
Reading XML for "/home/pete/wefwefwef/docs/other/194941eb1820b61f014eb3af09a3fcb37be99342/repo/0.7.0/.xml/specs_jiffy.xml"
Generating HTML - jiffy_utf8 "/home/pete/wefwefwef/docs/other/194941eb1820b61f014eb3af09a3fcb37be99342/repo/0.7.0/.xml/jiffy/jiffy_utf8.xml"
Reading XML for "/home/pete/wefwefwef/docs/other/194941eb1820b61f014eb3af09a3fcb37be99342/repo/0.7.0/.xml/jiffy/jiffy_utf8.xml"
Reading XML for "/home/pete/wefwefwef/docs/other/194941eb1820b61f014eb3af09a3fcb37be99342/repo/0.7.0/.xml/specs_jiffy_utf8.xml"
Creating index.html ...
Creating erldocs_index.js ...
Woot, finished in 0 Minutes 0 Seconds
 :: Discovering other repos
$ 5000  `rm -r '/home/pete/wefwefwef/docs/other/194941eb1820b61f014eb3af09a3fcb37be99342/jiffy-tag-0.7.0'  2>&1`
 :: Processing https://github.com/barrel-db/jiffy	{rev,tag,"0.6.1","3b6a1327d418f7594ecb23aa8d7874c3986f433e",undefined,[],[]}
 :: Fetching repo code
$ cd '/home/pete/wefwefwef/docs/other/194941eb1820b61f014eb3af09a3fcb37be99342/jiffy-tag-0.6.1'
$ infinity  `curl --fail --silent --show-error --location --output repo.tar.gz 'https://codeload.github.com/barrel-db/jiffy/tar.gz/0.6.1'  2>&1`
$ cd '/home/pete/wefwefwef/docs/erldocs_other.git'
$ cd '/home/pete/wefwefwef/docs/other/194941eb1820b61f014eb3af09a3fcb37be99342/jiffy-tag-0.6.1/jiffy-0.6.1'
$ 5000  `find -P . -type l -delete  2>&1`
$ cd '/home/pete/wefwefwef/docs/erldocs_other.git'
$ 5000  `mv '/home/pete/wefwefwef/docs/other/194941eb1820b61f014eb3af09a3fcb37be99342/jiffy-tag-0.6.1/jiffy-0.6.1' '/home/pete/wefwefwef/docs/other/194941eb1820b61f014eb3af09a3fcb37be99342/jiffy-tag-0.6.1/jiffy'  2>&1`
 :: Getting dependencies
$ cd '/home/pete/wefwefwef/docs/other/194941eb1820b61f014eb3af09a3fcb37be99342/jiffy-tag-0.6.1/jiffy'
$ 5000  `ls -1 deps/  2>&1`
$ cd '/home/pete/wefwefwef/docs/erldocs_other.git'
>>> [rebar] deps = []
 :: Generating erldocs into /home/pete/wefwefwef/docs/other/194941eb1820b61f014eb3af09a3fcb37be99342/repo/0.6.1
Building jiffy
Generating Type Specs - "/home/pete/wefwefwef/docs/other/194941eb1820b61f014eb3af09a3fcb37be99342/jiffy-tag-0.6.1/jiffy/src/jiffy.erl"
Generating Type Specs - "/home/pete/wefwefwef/docs/other/194941eb1820b61f014eb3af09a3fcb37be99342/jiffy-tag-0.6.1/jiffy/src/jiffy_utf8.erl"
Generating XML for application jiffy "/home/pete/wefwefwef/docs/other/194941eb1820b61f014eb3af09a3fcb37be99342/jiffy-tag-0.6.1/jiffy" -> "/home/pete/wefwefwef/docs/other/194941eb1820b61f014eb3af09a3fcb37be99342/repo/0.6.1/.xml/jiffy"
Generated jiffy XMLs: ["/home/pete/wefwefwef/docs/other/194941eb1820b61f014eb3af09a3fcb37be99342/repo/0.6.1/.xml/jiffy/jiffy_utf8.xml",
                       "/home/pete/wefwefwef/docs/other/194941eb1820b61f014eb3af09a3fcb37be99342/repo/0.6.1/.xml/jiffy/jiffy.xml"]
Generating HTML - jiffy "/home/pete/wefwefwef/docs/other/194941eb1820b61f014eb3af09a3fcb37be99342/repo/0.6.1/.xml/jiffy/jiffy.xml"
Reading XML for "/home/pete/wefwefwef/docs/other/194941eb1820b61f014eb3af09a3fcb37be99342/repo/0.6.1/.xml/jiffy/jiffy.xml"
Reading XML for "/home/pete/wefwefwef/docs/other/194941eb1820b61f014eb3af09a3fcb37be99342/repo/0.6.1/.xml/specs_jiffy.xml"
Generating HTML - jiffy_utf8 "/home/pete/wefwefwef/docs/other/194941eb1820b61f014eb3af09a3fcb37be99342/repo/0.6.1/.xml/jiffy/jiffy_utf8.xml"
Reading XML for "/home/pete/wefwefwef/docs/other/194941eb1820b61f014eb3af09a3fcb37be99342/repo/0.6.1/.xml/jiffy/jiffy_utf8.xml"
Reading XML for "/home/pete/wefwefwef/docs/other/194941eb1820b61f014eb3af09a3fcb37be99342/repo/0.6.1/.xml/specs_jiffy_utf8.xml"
Creating index.html ...
Creating erldocs_index.js ...
Woot, finished in 0 Minutes 0 Seconds
 :: Discovering other repos
$ 5000  `rm -r '/home/pete/wefwefwef/docs/other/194941eb1820b61f014eb3af09a3fcb37be99342/jiffy-tag-0.6.1'  2>&1`
 :: Processing https://github.com/barrel-db/jiffy	{rev,tag,"0.6.0","6468ae831438192396d96dbb227c2c73ed577a84",undefined,[],[]}
 :: Fetching repo code
$ cd '/home/pete/wefwefwef/docs/other/194941eb1820b61f014eb3af09a3fcb37be99342/jiffy-tag-0.6.0'
$ infinity  `curl --fail --silent --show-error --location --output repo.tar.gz 'https://codeload.github.com/barrel-db/jiffy/tar.gz/0.6.0'  2>&1`
$ cd '/home/pete/wefwefwef/docs/erldocs_other.git'
$ cd '/home/pete/wefwefwef/docs/other/194941eb1820b61f014eb3af09a3fcb37be99342/jiffy-tag-0.6.0/jiffy-0.6.0'
$ 5000  `find -P . -type l -delete  2>&1`
$ cd '/home/pete/wefwefwef/docs/erldocs_other.git'
$ 5000  `mv '/home/pete/wefwefwef/docs/other/194941eb1820b61f014eb3af09a3fcb37be99342/jiffy-tag-0.6.0/jiffy-0.6.0' '/home/pete/wefwefwef/docs/other/194941eb1820b61f014eb3af09a3fcb37be99342/jiffy-tag-0.6.0/jiffy'  2>&1`
 :: Getting dependencies
$ cd '/home/pete/wefwefwef/docs/other/194941eb1820b61f014eb3af09a3fcb37be99342/jiffy-tag-0.6.0/jiffy'
$ 5000  `ls -1 deps/  2>&1`
$ cd '/home/pete/wefwefwef/docs/erldocs_other.git'
>>> [rebar] deps = []
 :: Generating erldocs into /home/pete/wefwefwef/docs/other/194941eb1820b61f014eb3af09a3fcb37be99342/repo/0.6.0
Building jiffy
Generating Type Specs - "/home/pete/wefwefwef/docs/other/194941eb1820b61f014eb3af09a3fcb37be99342/jiffy-tag-0.6.0/jiffy/src/jiffy.erl"
Generating Type Specs - "/home/pete/wefwefwef/docs/other/194941eb1820b61f014eb3af09a3fcb37be99342/jiffy-tag-0.6.0/jiffy/src/jiffy_utf8.erl"
Generating XML for application jiffy "/home/pete/wefwefwef/docs/other/194941eb1820b61f014eb3af09a3fcb37be99342/jiffy-tag-0.6.0/jiffy" -> "/home/pete/wefwefwef/docs/other/194941eb1820b61f014eb3af09a3fcb37be99342/repo/0.6.0/.xml/jiffy"
Generated jiffy XMLs: ["/home/pete/wefwefwef/docs/other/194941eb1820b61f014eb3af09a3fcb37be99342/repo/0.6.0/.xml/jiffy/jiffy_utf8.xml",
                       "/home/pete/wefwefwef/docs/other/194941eb1820b61f014eb3af09a3fcb37be99342/repo/0.6.0/.xml/jiffy/jiffy.xml"]
Generating HTML - jiffy "/home/pete/wefwefwef/docs/other/194941eb1820b61f014eb3af09a3fcb37be99342/repo/0.6.0/.xml/jiffy/jiffy.xml"
Reading XML for "/home/pete/wefwefwef/docs/other/194941eb1820b61f014eb3af09a3fcb37be99342/repo/0.6.0/.xml/jiffy/jiffy.xml"
Reading XML for "/home/pete/wefwefwef/docs/other/194941eb1820b61f014eb3af09a3fcb37be99342/repo/0.6.0/.xml/specs_jiffy.xml"
Generating HTML - jiffy_utf8 "/home/pete/wefwefwef/docs/other/194941eb1820b61f014eb3af09a3fcb37be99342/repo/0.6.0/.xml/jiffy/jiffy_utf8.xml"
Reading XML for "/home/pete/wefwefwef/docs/other/194941eb1820b61f014eb3af09a3fcb37be99342/repo/0.6.0/.xml/jiffy/jiffy_utf8.xml"
Reading XML for "/home/pete/wefwefwef/docs/other/194941eb1820b61f014eb3af09a3fcb37be99342/repo/0.6.0/.xml/specs_jiffy_utf8.xml"
Creating index.html ...
Creating erldocs_index.js ...
Woot, finished in 0 Minutes 0 Seconds
 :: Discovering other repos
$ 5000  `rm -r '/home/pete/wefwefwef/docs/other/194941eb1820b61f014eb3af09a3fcb37be99342/jiffy-tag-0.6.0'  2>&1`
 :: Processing https://github.com/barrel-db/jiffy	{rev,tag,"0.5.2","f71616198f008c13a1f8571bb2f7d726ba84764d",undefined,[],[]}
 :: Fetching repo code
$ cd '/home/pete/wefwefwef/docs/other/194941eb1820b61f014eb3af09a3fcb37be99342/jiffy-tag-0.5.2'
$ infinity  `curl --fail --silent --show-error --location --output repo.tar.gz 'https://codeload.github.com/barrel-db/jiffy/tar.gz/0.5.2'  2>&1`
$ cd '/home/pete/wefwefwef/docs/erldocs_other.git'
$ cd '/home/pete/wefwefwef/docs/other/194941eb1820b61f014eb3af09a3fcb37be99342/jiffy-tag-0.5.2/jiffy-0.5.2'
$ 5000  `find -P . -type l -delete  2>&1`
$ cd '/home/pete/wefwefwef/docs/erldocs_other.git'
$ 5000  `mv '/home/pete/wefwefwef/docs/other/194941eb1820b61f014eb3af09a3fcb37be99342/jiffy-tag-0.5.2/jiffy-0.5.2' '/home/pete/wefwefwef/docs/other/194941eb1820b61f014eb3af09a3fcb37be99342/jiffy-tag-0.5.2/jiffy'  2>&1`
 :: Getting dependencies
$ cd '/home/pete/wefwefwef/docs/other/194941eb1820b61f014eb3af09a3fcb37be99342/jiffy-tag-0.5.2/jiffy'
$ infinity  `rebar --config '/home/pete/wefwefwef/docs/other/194941eb1820b61f014eb3af09a3fcb37be99342/jiffy-tag-0.5.2/rebar_deps' get-deps  2>&1`
$ cd '/home/pete/wefwefwef/docs/erldocs_other.git'
$ cd '/home/pete/wefwefwef/docs/other/194941eb1820b61f014eb3af09a3fcb37be99342/jiffy-tag-0.5.2/jiffy'
$ 5000  `find -P . -type l -delete  2>&1`
$ cd '/home/pete/wefwefwef/docs/erldocs_other.git'
$ cd '/home/pete/wefwefwef/docs/other/194941eb1820b61f014eb3af09a3fcb37be99342/jiffy-tag-0.5.2/jiffy'
$ 5000  `ls -1 deps/  2>&1`
$ cd '/home/pete/wefwefwef/docs/erldocs_other.git'
>>> [rebar] deps = []
 :: Generating erldocs into /home/pete/wefwefwef/docs/other/194941eb1820b61f014eb3af09a3fcb37be99342/repo/0.5.2
Building jiffy
Generating Type Specs - "/home/pete/wefwefwef/docs/other/194941eb1820b61f014eb3af09a3fcb37be99342/jiffy-tag-0.5.2/jiffy/src/jiffy.erl"
Generating Type Specs - "/home/pete/wefwefwef/docs/other/194941eb1820b61f014eb3af09a3fcb37be99342/jiffy-tag-0.5.2/jiffy/src/jiffy_utf8.erl"
Generating XML for application jiffy "/home/pete/wefwefwef/docs/other/194941eb1820b61f014eb3af09a3fcb37be99342/jiffy-tag-0.5.2/jiffy" -> "/home/pete/wefwefwef/docs/other/194941eb1820b61f014eb3af09a3fcb37be99342/repo/0.5.2/.xml/jiffy"
Generated jiffy XMLs: ["/home/pete/wefwefwef/docs/other/194941eb1820b61f014eb3af09a3fcb37be99342/repo/0.5.2/.xml/jiffy/jiffy_utf8.xml",
                       "/home/pete/wefwefwef/docs/other/194941eb1820b61f014eb3af09a3fcb37be99342/repo/0.5.2/.xml/jiffy/jiffy.xml"]
Generating HTML - jiffy "/home/pete/wefwefwef/docs/other/194941eb1820b61f014eb3af09a3fcb37be99342/repo/0.5.2/.xml/jiffy/jiffy.xml"
Reading XML for "/home/pete/wefwefwef/docs/other/194941eb1820b61f014eb3af09a3fcb37be99342/repo/0.5.2/.xml/jiffy/jiffy.xml"
Reading XML for "/home/pete/wefwefwef/docs/other/194941eb1820b61f014eb3af09a3fcb37be99342/repo/0.5.2/.xml/specs_jiffy.xml"
Generating HTML - jiffy_utf8 "/home/pete/wefwefwef/docs/other/194941eb1820b61f014eb3af09a3fcb37be99342/repo/0.5.2/.xml/jiffy/jiffy_utf8.xml"
Reading XML for "/home/pete/wefwefwef/docs/other/194941eb1820b61f014eb3af09a3fcb37be99342/repo/0.5.2/.xml/jiffy/jiffy_utf8.xml"
Reading XML for "/home/pete/wefwefwef/docs/other/194941eb1820b61f014eb3af09a3fcb37be99342/repo/0.5.2/.xml/specs_jiffy_utf8.xml"
Creating index.html ...
Creating erldocs_index.js ...
Woot, finished in 0 Minutes 0 Seconds
 :: Discovering other repos
$ 5000  `rm -r '/home/pete/wefwefwef/docs/other/194941eb1820b61f014eb3af09a3fcb37be99342/jiffy-tag-0.5.2'  2>&1`
 :: Processing https://github.com/barrel-db/jiffy	{rev,tag,"0.5.1","1772539a42ab91ee3d03a6b86df8df959853d1dc",undefined,[],[]}
 :: Fetching repo code
$ cd '/home/pete/wefwefwef/docs/other/194941eb1820b61f014eb3af09a3fcb37be99342/jiffy-tag-0.5.1'
$ infinity  `curl --fail --silent --show-error --location --output repo.tar.gz 'https://codeload.github.com/barrel-db/jiffy/tar.gz/0.5.1'  2>&1`
$ cd '/home/pete/wefwefwef/docs/erldocs_other.git'
$ cd '/home/pete/wefwefwef/docs/other/194941eb1820b61f014eb3af09a3fcb37be99342/jiffy-tag-0.5.1/jiffy-0.5.1'
$ 5000  `find -P . -type l -delete  2>&1`
$ cd '/home/pete/wefwefwef/docs/erldocs_other.git'
$ 5000  `mv '/home/pete/wefwefwef/docs/other/194941eb1820b61f014eb3af09a3fcb37be99342/jiffy-tag-0.5.1/jiffy-0.5.1' '/home/pete/wefwefwef/docs/other/194941eb1820b61f014eb3af09a3fcb37be99342/jiffy-tag-0.5.1/jiffy'  2>&1`
 :: Getting dependencies
$ cd '/home/pete/wefwefwef/docs/other/194941eb1820b61f014eb3af09a3fcb37be99342/jiffy-tag-0.5.1/jiffy'
$ infinity  `rebar --config '/home/pete/wefwefwef/docs/other/194941eb1820b61f014eb3af09a3fcb37be99342/jiffy-tag-0.5.1/rebar_deps' get-deps  2>&1`
$ cd '/home/pete/wefwefwef/docs/erldocs_other.git'
$ cd '/home/pete/wefwefwef/docs/other/194941eb1820b61f014eb3af09a3fcb37be99342/jiffy-tag-0.5.1/jiffy'
$ 5000  `find -P . -type l -delete  2>&1`
$ cd '/home/pete/wefwefwef/docs/erldocs_other.git'
$ cd '/home/pete/wefwefwef/docs/other/194941eb1820b61f014eb3af09a3fcb37be99342/jiffy-tag-0.5.1/jiffy'
$ 5000  `ls -1 deps/  2>&1`
$ cd '/home/pete/wefwefwef/docs/erldocs_other.git'
>>> [rebar] deps = []
 :: Generating erldocs into /home/pete/wefwefwef/docs/other/194941eb1820b61f014eb3af09a3fcb37be99342/repo/0.5.1
Building jiffy
Generating Type Specs - "/home/pete/wefwefwef/docs/other/194941eb1820b61f014eb3af09a3fcb37be99342/jiffy-tag-0.5.1/jiffy/src/jiffy.erl"
Generating Type Specs - "/home/pete/wefwefwef/docs/other/194941eb1820b61f014eb3af09a3fcb37be99342/jiffy-tag-0.5.1/jiffy/src/jiffy_utf8.erl"
Generating XML for application jiffy "/home/pete/wefwefwef/docs/other/194941eb1820b61f014eb3af09a3fcb37be99342/jiffy-tag-0.5.1/jiffy" -> "/home/pete/wefwefwef/docs/other/194941eb1820b61f014eb3af09a3fcb37be99342/repo/0.5.1/.xml/jiffy"
Generated jiffy XMLs: ["/home/pete/wefwefwef/docs/other/194941eb1820b61f014eb3af09a3fcb37be99342/repo/0.5.1/.xml/jiffy/jiffy_utf8.xml",
                       "/home/pete/wefwefwef/docs/other/194941eb1820b61f014eb3af09a3fcb37be99342/repo/0.5.1/.xml/jiffy/jiffy.xml"]
Generating HTML - jiffy "/home/pete/wefwefwef/docs/other/194941eb1820b61f014eb3af09a3fcb37be99342/repo/0.5.1/.xml/jiffy/jiffy.xml"
Reading XML for "/home/pete/wefwefwef/docs/other/194941eb1820b61f014eb3af09a3fcb37be99342/repo/0.5.1/.xml/jiffy/jiffy.xml"
Reading XML for "/home/pete/wefwefwef/docs/other/194941eb1820b61f014eb3af09a3fcb37be99342/repo/0.5.1/.xml/specs_jiffy.xml"
Generating HTML - jiffy_utf8 "/home/pete/wefwefwef/docs/other/194941eb1820b61f014eb3af09a3fcb37be99342/repo/0.5.1/.xml/jiffy/jiffy_utf8.xml"
Reading XML for "/home/pete/wefwefwef/docs/other/194941eb1820b61f014eb3af09a3fcb37be99342/repo/0.5.1/.xml/jiffy/jiffy_utf8.xml"
Reading XML for "/home/pete/wefwefwef/docs/other/194941eb1820b61f014eb3af09a3fcb37be99342/repo/0.5.1/.xml/specs_jiffy_utf8.xml"
Creating index.html ...
Creating erldocs_index.js ...
Woot, finished in 0 Minutes 0 Seconds
 :: Discovering other repos
$ 5000  `rm -r '/home/pete/wefwefwef/docs/other/194941eb1820b61f014eb3af09a3fcb37be99342/jiffy-tag-0.5.1'  2>&1`
 :: Processing https://github.com/barrel-db/jiffy	{rev,tag,"0.5.0","0bf440d141f467b07970833b4f94669dc21af0e3",undefined,[],[]}
 :: Fetching repo code
$ cd '/home/pete/wefwefwef/docs/other/194941eb1820b61f014eb3af09a3fcb37be99342/jiffy-tag-0.5.0'
$ infinity  `curl --fail --silent --show-error --location --output repo.tar.gz 'https://codeload.github.com/barrel-db/jiffy/tar.gz/0.5.0'  2>&1`
$ cd '/home/pete/wefwefwef/docs/erldocs_other.git'
$ cd '/home/pete/wefwefwef/docs/other/194941eb1820b61f014eb3af09a3fcb37be99342/jiffy-tag-0.5.0/jiffy-0.5.0'
$ 5000  `find -P . -type l -delete  2>&1`
$ cd '/home/pete/wefwefwef/docs/erldocs_other.git'
$ 5000  `mv '/home/pete/wefwefwef/docs/other/194941eb1820b61f014eb3af09a3fcb37be99342/jiffy-tag-0.5.0/jiffy-0.5.0' '/home/pete/wefwefwef/docs/other/194941eb1820b61f014eb3af09a3fcb37be99342/jiffy-tag-0.5.0/jiffy'  2>&1`
 :: Getting dependencies
$ cd '/home/pete/wefwefwef/docs/other/194941eb1820b61f014eb3af09a3fcb37be99342/jiffy-tag-0.5.0/jiffy'
$ infinity  `rebar --config '/home/pete/wefwefwef/docs/other/194941eb1820b61f014eb3af09a3fcb37be99342/jiffy-tag-0.5.0/rebar_deps' get-deps  2>&1`
$ cd '/home/pete/wefwefwef/docs/erldocs_other.git'
$ cd '/home/pete/wefwefwef/docs/other/194941eb1820b61f014eb3af09a3fcb37be99342/jiffy-tag-0.5.0/jiffy'
$ 5000  `find -P . -type l -delete  2>&1`
$ cd '/home/pete/wefwefwef/docs/erldocs_other.git'
$ cd '/home/pete/wefwefwef/docs/other/194941eb1820b61f014eb3af09a3fcb37be99342/jiffy-tag-0.5.0/jiffy'
$ 5000  `ls -1 deps/  2>&1`
$ cd '/home/pete/wefwefwef/docs/erldocs_other.git'
>>> [rebar] deps = []
 :: Generating erldocs into /home/pete/wefwefwef/docs/other/194941eb1820b61f014eb3af09a3fcb37be99342/repo/0.5.0
Building jiffy
Generating Type Specs - "/home/pete/wefwefwef/docs/other/194941eb1820b61f014eb3af09a3fcb37be99342/jiffy-tag-0.5.0/jiffy/src/jiffy.erl"
Generating Type Specs - "/home/pete/wefwefwef/docs/other/194941eb1820b61f014eb3af09a3fcb37be99342/jiffy-tag-0.5.0/jiffy/src/jiffy_utf8.erl"
Generating XML for application jiffy "/home/pete/wefwefwef/docs/other/194941eb1820b61f014eb3af09a3fcb37be99342/jiffy-tag-0.5.0/jiffy" -> "/home/pete/wefwefwef/docs/other/194941eb1820b61f014eb3af09a3fcb37be99342/repo/0.5.0/.xml/jiffy"
Generated jiffy XMLs: ["/home/pete/wefwefwef/docs/other/194941eb1820b61f014eb3af09a3fcb37be99342/repo/0.5.0/.xml/jiffy/jiffy_utf8.xml",
                       "/home/pete/wefwefwef/docs/other/194941eb1820b61f014eb3af09a3fcb37be99342/repo/0.5.0/.xml/jiffy/jiffy.xml"]
Generating HTML - jiffy "/home/pete/wefwefwef/docs/other/194941eb1820b61f014eb3af09a3fcb37be99342/repo/0.5.0/.xml/jiffy/jiffy.xml"
Reading XML for "/home/pete/wefwefwef/docs/other/194941eb1820b61f014eb3af09a3fcb37be99342/repo/0.5.0/.xml/jiffy/jiffy.xml"
Reading XML for "/home/pete/wefwefwef/docs/other/194941eb1820b61f014eb3af09a3fcb37be99342/repo/0.5.0/.xml/specs_jiffy.xml"
Generating HTML - jiffy_utf8 "/home/pete/wefwefwef/docs/other/194941eb1820b61f014eb3af09a3fcb37be99342/repo/0.5.0/.xml/jiffy/jiffy_utf8.xml"
Reading XML for "/home/pete/wefwefwef/docs/other/194941eb1820b61f014eb3af09a3fcb37be99342/repo/0.5.0/.xml/jiffy/jiffy_utf8.xml"
Reading XML for "/home/pete/wefwefwef/docs/other/194941eb1820b61f014eb3af09a3fcb37be99342/repo/0.5.0/.xml/specs_jiffy_utf8.xml"
Creating index.html ...
Creating erldocs_index.js ...
Woot, finished in 0 Minutes 0 Seconds
 :: Discovering other repos
$ 5000  `rm -r '/home/pete/wefwefwef/docs/other/194941eb1820b61f014eb3af09a3fcb37be99342/jiffy-tag-0.5.0'  2>&1`
 :: Processing https://github.com/barrel-db/jiffy	{rev,tag,"0.4.5","5eea00e4973e89c4245754694150582ed81079ef",undefined,[],[]}
 :: Fetching repo code
$ cd '/home/pete/wefwefwef/docs/other/194941eb1820b61f014eb3af09a3fcb37be99342/jiffy-tag-0.4.5'
$ infinity  `curl --fail --silent --show-error --location --output repo.tar.gz 'https://codeload.github.com/barrel-db/jiffy/tar.gz/0.4.5'  2>&1`
$ cd '/home/pete/wefwefwef/docs/erldocs_other.git'
$ cd '/home/pete/wefwefwef/docs/other/194941eb1820b61f014eb3af09a3fcb37be99342/jiffy-tag-0.4.5/jiffy-0.4.5'
$ 5000  `find -P . -type l -delete  2>&1`
$ cd '/home/pete/wefwefwef/docs/erldocs_other.git'
$ 5000  `mv '/home/pete/wefwefwef/docs/other/194941eb1820b61f014eb3af09a3fcb37be99342/jiffy-tag-0.4.5/jiffy-0.4.5' '/home/pete/wefwefwef/docs/other/194941eb1820b61f014eb3af09a3fcb37be99342/jiffy-tag-0.4.5/jiffy'  2>&1`
 :: Getting dependencies
$ cd '/home/pete/wefwefwef/docs/other/194941eb1820b61f014eb3af09a3fcb37be99342/jiffy-tag-0.4.5/jiffy'
$ infinity  `rebar --config '/home/pete/wefwefwef/docs/other/194941eb1820b61f014eb3af09a3fcb37be99342/jiffy-tag-0.4.5/rebar_deps' get-deps  2>&1`
$ cd '/home/pete/wefwefwef/docs/erldocs_other.git'
$ cd '/home/pete/wefwefwef/docs/other/194941eb1820b61f014eb3af09a3fcb37be99342/jiffy-tag-0.4.5/jiffy'
$ 5000  `find -P . -type l -delete  2>&1`
$ cd '/home/pete/wefwefwef/docs/erldocs_other.git'
$ cd '/home/pete/wefwefwef/docs/other/194941eb1820b61f014eb3af09a3fcb37be99342/jiffy-tag-0.4.5/jiffy'
$ 5000  `ls -1 deps/  2>&1`
$ cd '/home/pete/wefwefwef/docs/erldocs_other.git'
>>> [rebar] deps = []
 :: Generating erldocs into /home/pete/wefwefwef/docs/other/194941eb1820b61f014eb3af09a3fcb37be99342/repo/0.4.5
Building jiffy
Generating Type Specs - "/home/pete/wefwefwef/docs/other/194941eb1820b61f014eb3af09a3fcb37be99342/jiffy-tag-0.4.5/jiffy/src/jiffy.erl"
Generating Type Specs - "/home/pete/wefwefwef/docs/other/194941eb1820b61f014eb3af09a3fcb37be99342/jiffy-tag-0.4.5/jiffy/src/jiffy_utf8.erl"
Generating XML for application jiffy "/home/pete/wefwefwef/docs/other/194941eb1820b61f014eb3af09a3fcb37be99342/jiffy-tag-0.4.5/jiffy" -> "/home/pete/wefwefwef/docs/other/194941eb1820b61f014eb3af09a3fcb37be99342/repo/0.4.5/.xml/jiffy"
Generated jiffy XMLs: ["/home/pete/wefwefwef/docs/other/194941eb1820b61f014eb3af09a3fcb37be99342/repo/0.4.5/.xml/jiffy/jiffy_utf8.xml",
                       "/home/pete/wefwefwef/docs/other/194941eb1820b61f014eb3af09a3fcb37be99342/repo/0.4.5/.xml/jiffy/jiffy.xml"]
Generating HTML - jiffy "/home/pete/wefwefwef/docs/other/194941eb1820b61f014eb3af09a3fcb37be99342/repo/0.4.5/.xml/jiffy/jiffy.xml"
Reading XML for "/home/pete/wefwefwef/docs/other/194941eb1820b61f014eb3af09a3fcb37be99342/repo/0.4.5/.xml/jiffy/jiffy.xml"
Reading XML for "/home/pete/wefwefwef/docs/other/194941eb1820b61f014eb3af09a3fcb37be99342/repo/0.4.5/.xml/specs_jiffy.xml"
Generating HTML - jiffy_utf8 "/home/pete/wefwefwef/docs/other/194941eb1820b61f014eb3af09a3fcb37be99342/repo/0.4.5/.xml/jiffy/jiffy_utf8.xml"
Reading XML for "/home/pete/wefwefwef/docs/other/194941eb1820b61f014eb3af09a3fcb37be99342/repo/0.4.5/.xml/jiffy/jiffy_utf8.xml"
Reading XML for "/home/pete/wefwefwef/docs/other/194941eb1820b61f014eb3af09a3fcb37be99342/repo/0.4.5/.xml/specs_jiffy_utf8.xml"
Creating index.html ...
Creating erldocs_index.js ...
Woot, finished in 0 Minutes 0 Seconds
 :: Discovering other repos
$ 5000  `rm -r '/home/pete/wefwefwef/docs/other/194941eb1820b61f014eb3af09a3fcb37be99342/jiffy-tag-0.4.5'  2>&1`
 :: Processing https://github.com/barrel-db/jiffy	{rev,tag,"0.4.4","414827d604b0f28974bd666f7da1068bb36b44ae",undefined,[],[]}
 :: Fetching repo code
$ cd '/home/pete/wefwefwef/docs/other/194941eb1820b61f014eb3af09a3fcb37be99342/jiffy-tag-0.4.4'
$ infinity  `curl --fail --silent --show-error --location --output repo.tar.gz 'https://codeload.github.com/barrel-db/jiffy/tar.gz/0.4.4'  2>&1`
$ cd '/home/pete/wefwefwef/docs/erldocs_other.git'
$ cd '/home/pete/wefwefwef/docs/other/194941eb1820b61f014eb3af09a3fcb37be99342/jiffy-tag-0.4.4/jiffy-0.4.4'
$ 5000  `find -P . -type l -delete  2>&1`
$ cd '/home/pete/wefwefwef/docs/erldocs_other.git'
$ 5000  `mv '/home/pete/wefwefwef/docs/other/194941eb1820b61f014eb3af09a3fcb37be99342/jiffy-tag-0.4.4/jiffy-0.4.4' '/home/pete/wefwefwef/docs/other/194941eb1820b61f014eb3af09a3fcb37be99342/jiffy-tag-0.4.4/jiffy'  2>&1`
 :: Getting dependencies
$ cd '/home/pete/wefwefwef/docs/other/194941eb1820b61f014eb3af09a3fcb37be99342/jiffy-tag-0.4.4/jiffy'
$ infinity  `rebar --config '/home/pete/wefwefwef/docs/other/194941eb1820b61f014eb3af09a3fcb37be99342/jiffy-tag-0.4.4/rebar_deps' get-deps  2>&1`
$ cd '/home/pete/wefwefwef/docs/erldocs_other.git'
$ cd '/home/pete/wefwefwef/docs/other/194941eb1820b61f014eb3af09a3fcb37be99342/jiffy-tag-0.4.4/jiffy'
$ 5000  `find -P . -type l -delete  2>&1`
$ cd '/home/pete/wefwefwef/docs/erldocs_other.git'
$ cd '/home/pete/wefwefwef/docs/other/194941eb1820b61f014eb3af09a3fcb37be99342/jiffy-tag-0.4.4/jiffy'
$ 5000  `ls -1 deps/  2>&1`
$ cd '/home/pete/wefwefwef/docs/erldocs_other.git'
>>> [rebar] deps = []
 :: Generating erldocs into /home/pete/wefwefwef/docs/other/194941eb1820b61f014eb3af09a3fcb37be99342/repo/0.4.4
Building jiffy
Generating Type Specs - "/home/pete/wefwefwef/docs/other/194941eb1820b61f014eb3af09a3fcb37be99342/jiffy-tag-0.4.4/jiffy/src/jiffy.erl"
Generating Type Specs - "/home/pete/wefwefwef/docs/other/194941eb1820b61f014eb3af09a3fcb37be99342/jiffy-tag-0.4.4/jiffy/src/jiffy_utf8.erl"
Generating XML for application jiffy "/home/pete/wefwefwef/docs/other/194941eb1820b61f014eb3af09a3fcb37be99342/jiffy-tag-0.4.4/jiffy" -> "/home/pete/wefwefwef/docs/other/194941eb1820b61f014eb3af09a3fcb37be99342/repo/0.4.4/.xml/jiffy"
Generated jiffy XMLs: ["/home/pete/wefwefwef/docs/other/194941eb1820b61f014eb3af09a3fcb37be99342/repo/0.4.4/.xml/jiffy/jiffy_utf8.xml",
                       "/home/pete/wefwefwef/docs/other/194941eb1820b61f014eb3af09a3fcb37be99342/repo/0.4.4/.xml/jiffy/jiffy.xml"]
Generating HTML - jiffy "/home/pete/wefwefwef/docs/other/194941eb1820b61f014eb3af09a3fcb37be99342/repo/0.4.4/.xml/jiffy/jiffy.xml"
Reading XML for "/home/pete/wefwefwef/docs/other/194941eb1820b61f014eb3af09a3fcb37be99342/repo/0.4.4/.xml/jiffy/jiffy.xml"
Reading XML for "/home/pete/wefwefwef/docs/other/194941eb1820b61f014eb3af09a3fcb37be99342/repo/0.4.4/.xml/specs_jiffy.xml"
Generating HTML - jiffy_utf8 "/home/pete/wefwefwef/docs/other/194941eb1820b61f014eb3af09a3fcb37be99342/repo/0.4.4/.xml/jiffy/jiffy_utf8.xml"
Reading XML for "/home/pete/wefwefwef/docs/other/194941eb1820b61f014eb3af09a3fcb37be99342/repo/0.4.4/.xml/jiffy/jiffy_utf8.xml"
Reading XML for "/home/pete/wefwefwef/docs/other/194941eb1820b61f014eb3af09a3fcb37be99342/repo/0.4.4/.xml/specs_jiffy_utf8.xml"
Creating index.html ...
Creating erldocs_index.js ...
Woot, finished in 0 Minutes 0 Seconds
 :: Discovering other repos
$ 5000  `rm -r '/home/pete/wefwefwef/docs/other/194941eb1820b61f014eb3af09a3fcb37be99342/jiffy-tag-0.4.4'  2>&1`
 :: Processing https://github.com/barrel-db/jiffy	{rev,tag,"0.4.3","6f589d457673a3bbdf4329103fbe2b10b302ec87",undefined,[],[]}
 :: Fetching repo code
$ cd '/home/pete/wefwefwef/docs/other/194941eb1820b61f014eb3af09a3fcb37be99342/jiffy-tag-0.4.3'
$ infinity  `curl --fail --silent --show-error --location --output repo.tar.gz 'https://codeload.github.com/barrel-db/jiffy/tar.gz/0.4.3'  2>&1`
$ cd '/home/pete/wefwefwef/docs/erldocs_other.git'
$ cd '/home/pete/wefwefwef/docs/other/194941eb1820b61f014eb3af09a3fcb37be99342/jiffy-tag-0.4.3/jiffy-0.4.3'
$ 5000  `find -P . -type l -delete  2>&1`
$ cd '/home/pete/wefwefwef/docs/erldocs_other.git'
$ 5000  `mv '/home/pete/wefwefwef/docs/other/194941eb1820b61f014eb3af09a3fcb37be99342/jiffy-tag-0.4.3/jiffy-0.4.3' '/home/pete/wefwefwef/docs/other/194941eb1820b61f014eb3af09a3fcb37be99342/jiffy-tag-0.4.3/jiffy'  2>&1`
 :: Getting dependencies
$ cd '/home/pete/wefwefwef/docs/other/194941eb1820b61f014eb3af09a3fcb37be99342/jiffy-tag-0.4.3/jiffy'
$ infinity  `rebar --config '/home/pete/wefwefwef/docs/other/194941eb1820b61f014eb3af09a3fcb37be99342/jiffy-tag-0.4.3/rebar_deps' get-deps  2>&1`
$ cd '/home/pete/wefwefwef/docs/erldocs_other.git'
$ cd '/home/pete/wefwefwef/docs/other/194941eb1820b61f014eb3af09a3fcb37be99342/jiffy-tag-0.4.3/jiffy'
$ 5000  `find -P . -type l -delete  2>&1`
$ cd '/home/pete/wefwefwef/docs/erldocs_other.git'
$ cd '/home/pete/wefwefwef/docs/other/194941eb1820b61f014eb3af09a3fcb37be99342/jiffy-tag-0.4.3/jiffy'
$ 5000  `ls -1 deps/  2>&1`
$ cd '/home/pete/wefwefwef/docs/erldocs_other.git'
>>> [rebar] deps = []
 :: Generating erldocs into /home/pete/wefwefwef/docs/other/194941eb1820b61f014eb3af09a3fcb37be99342/repo/0.4.3
Building jiffy
Generating Type Specs - "/home/pete/wefwefwef/docs/other/194941eb1820b61f014eb3af09a3fcb37be99342/jiffy-tag-0.4.3/jiffy/src/jiffy.erl"
Generating XML for application jiffy "/home/pete/wefwefwef/docs/other/194941eb1820b61f014eb3af09a3fcb37be99342/jiffy-tag-0.4.3/jiffy" -> "/home/pete/wefwefwef/docs/other/194941eb1820b61f014eb3af09a3fcb37be99342/repo/0.4.3/.xml/jiffy"
Generated jiffy XMLs: ["/home/pete/wefwefwef/docs/other/194941eb1820b61f014eb3af09a3fcb37be99342/repo/0.4.3/.xml/jiffy/jiffy.xml"]
Generating HTML - jiffy "/home/pete/wefwefwef/docs/other/194941eb1820b61f014eb3af09a3fcb37be99342/repo/0.4.3/.xml/jiffy/jiffy.xml"
Reading XML for "/home/pete/wefwefwef/docs/other/194941eb1820b61f014eb3af09a3fcb37be99342/repo/0.4.3/.xml/jiffy/jiffy.xml"
Reading XML for "/home/pete/wefwefwef/docs/other/194941eb1820b61f014eb3af09a3fcb37be99342/repo/0.4.3/.xml/specs_jiffy.xml"
Creating index.html ...
Creating erldocs_index.js ...
Woot, finished in 0 Minutes 0 Seconds
 :: Discovering other repos
$ 5000  `rm -r '/home/pete/wefwefwef/docs/other/194941eb1820b61f014eb3af09a3fcb37be99342/jiffy-tag-0.4.3'  2>&1`
 :: Processing https://github.com/barrel-db/jiffy	{rev,tag,"0.4.2","d127364b13526848ff7ebe36ccecb6fb3862355d",undefined,[],[]}
 :: Fetching repo code
$ cd '/home/pete/wefwefwef/docs/other/194941eb1820b61f014eb3af09a3fcb37be99342/jiffy-tag-0.4.2'
$ infinity  `curl --fail --silent --show-error --location --output repo.tar.gz 'https://codeload.github.com/barrel-db/jiffy/tar.gz/0.4.2'  2>&1`
$ cd '/home/pete/wefwefwef/docs/erldocs_other.git'
$ cd '/home/pete/wefwefwef/docs/other/194941eb1820b61f014eb3af09a3fcb37be99342/jiffy-tag-0.4.2/jiffy-0.4.2'
$ 5000  `find -P . -type l -delete  2>&1`
$ cd '/home/pete/wefwefwef/docs/erldocs_other.git'
$ 5000  `mv '/home/pete/wefwefwef/docs/other/194941eb1820b61f014eb3af09a3fcb37be99342/jiffy-tag-0.4.2/jiffy-0.4.2' '/home/pete/wefwefwef/docs/other/194941eb1820b61f014eb3af09a3fcb37be99342/jiffy-tag-0.4.2/jiffy'  2>&1`
 :: Getting dependencies
$ cd '/home/pete/wefwefwef/docs/other/194941eb1820b61f014eb3af09a3fcb37be99342/jiffy-tag-0.4.2/jiffy'
$ infinity  `rebar --config '/home/pete/wefwefwef/docs/other/194941eb1820b61f014eb3af09a3fcb37be99342/jiffy-tag-0.4.2/rebar_deps' get-deps  2>&1`
$ cd '/home/pete/wefwefwef/docs/erldocs_other.git'
$ cd '/home/pete/wefwefwef/docs/other/194941eb1820b61f014eb3af09a3fcb37be99342/jiffy-tag-0.4.2/jiffy'
$ 5000  `find -P . -type l -delete  2>&1`
$ cd '/home/pete/wefwefwef/docs/erldocs_other.git'
$ cd '/home/pete/wefwefwef/docs/other/194941eb1820b61f014eb3af09a3fcb37be99342/jiffy-tag-0.4.2/jiffy'
$ 5000  `ls -1 deps/  2>&1`
$ cd '/home/pete/wefwefwef/docs/erldocs_other.git'
>>> [rebar] deps = []
 :: Generating erldocs into /home/pete/wefwefwef/docs/other/194941eb1820b61f014eb3af09a3fcb37be99342/repo/0.4.2
Building jiffy
Generating Type Specs - "/home/pete/wefwefwef/docs/other/194941eb1820b61f014eb3af09a3fcb37be99342/jiffy-tag-0.4.2/jiffy/src/jiffy.erl"
Generating XML for application jiffy "/home/pete/wefwefwef/docs/other/194941eb1820b61f014eb3af09a3fcb37be99342/jiffy-tag-0.4.2/jiffy" -> "/home/pete/wefwefwef/docs/other/194941eb1820b61f014eb3af09a3fcb37be99342/repo/0.4.2/.xml/jiffy"
Generated jiffy XMLs: ["/home/pete/wefwefwef/docs/other/194941eb1820b61f014eb3af09a3fcb37be99342/repo/0.4.2/.xml/jiffy/jiffy.xml"]
Generating HTML - jiffy "/home/pete/wefwefwef/docs/other/194941eb1820b61f014eb3af09a3fcb37be99342/repo/0.4.2/.xml/jiffy/jiffy.xml"
Reading XML for "/home/pete/wefwefwef/docs/other/194941eb1820b61f014eb3af09a3fcb37be99342/repo/0.4.2/.xml/jiffy/jiffy.xml"
Reading XML for "/home/pete/wefwefwef/docs/other/194941eb1820b61f014eb3af09a3fcb37be99342/repo/0.4.2/.xml/specs_jiffy.xml"
Creating index.html ...
Creating erldocs_index.js ...
Woot, finished in 0 Minutes 0 Seconds
 :: Discovering other repos
$ 5000  `rm -r '/home/pete/wefwefwef/docs/other/194941eb1820b61f014eb3af09a3fcb37be99342/jiffy-tag-0.4.2'  2>&1`
 :: Processing https://github.com/barrel-db/jiffy	{rev,tag,"0.4.1","12bf41ee6161c066c199054cdd74d023c6ac4d23",undefined,[],[]}
 :: Fetching repo code
$ cd '/home/pete/wefwefwef/docs/other/194941eb1820b61f014eb3af09a3fcb37be99342/jiffy-tag-0.4.1'
$ infinity  `curl --fail --silent --show-error --location --output repo.tar.gz 'https://codeload.github.com/barrel-db/jiffy/tar.gz/0.4.1'  2>&1`
$ cd '/home/pete/wefwefwef/docs/erldocs_other.git'
$ cd '/home/pete/wefwefwef/docs/other/194941eb1820b61f014eb3af09a3fcb37be99342/jiffy-tag-0.4.1/jiffy-0.4.1'
$ 5000  `find -P . -type l -delete  2>&1`
$ cd '/home/pete/wefwefwef/docs/erldocs_other.git'
$ 5000  `mv '/home/pete/wefwefwef/docs/other/194941eb1820b61f014eb3af09a3fcb37be99342/jiffy-tag-0.4.1/jiffy-0.4.1' '/home/pete/wefwefwef/docs/other/194941eb1820b61f014eb3af09a3fcb37be99342/jiffy-tag-0.4.1/jiffy'  2>&1`
 :: Getting dependencies
$ cd '/home/pete/wefwefwef/docs/other/194941eb1820b61f014eb3af09a3fcb37be99342/jiffy-tag-0.4.1/jiffy'
$ infinity  `rebar --config '/home/pete/wefwefwef/docs/other/194941eb1820b61f014eb3af09a3fcb37be99342/jiffy-tag-0.4.1/rebar_deps' get-deps  2>&1`
$ cd '/home/pete/wefwefwef/docs/erldocs_other.git'
$ cd '/home/pete/wefwefwef/docs/other/194941eb1820b61f014eb3af09a3fcb37be99342/jiffy-tag-0.4.1/jiffy'
$ 5000  `find -P . -type l -delete  2>&1`
$ cd '/home/pete/wefwefwef/docs/erldocs_other.git'
$ cd '/home/pete/wefwefwef/docs/other/194941eb1820b61f014eb3af09a3fcb37be99342/jiffy-tag-0.4.1/jiffy'
$ 5000  `ls -1 deps/  2>&1`
$ cd '/home/pete/wefwefwef/docs/erldocs_other.git'
>>> [rebar] deps = []
 :: Generating erldocs into /home/pete/wefwefwef/docs/other/194941eb1820b61f014eb3af09a3fcb37be99342/repo/0.4.1
Building jiffy
Generating Type Specs - "/home/pete/wefwefwef/docs/other/194941eb1820b61f014eb3af09a3fcb37be99342/jiffy-tag-0.4.1/jiffy/src/jiffy.erl"
Generating XML for application jiffy "/home/pete/wefwefwef/docs/other/194941eb1820b61f014eb3af09a3fcb37be99342/jiffy-tag-0.4.1/jiffy" -> "/home/pete/wefwefwef/docs/other/194941eb1820b61f014eb3af09a3fcb37be99342/repo/0.4.1/.xml/jiffy"
Generated jiffy XMLs: ["/home/pete/wefwefwef/docs/other/194941eb1820b61f014eb3af09a3fcb37be99342/repo/0.4.1/.xml/jiffy/jiffy.xml"]
Generating HTML - jiffy "/home/pete/wefwefwef/docs/other/194941eb1820b61f014eb3af09a3fcb37be99342/repo/0.4.1/.xml/jiffy/jiffy.xml"
Reading XML for "/home/pete/wefwefwef/docs/other/194941eb1820b61f014eb3af09a3fcb37be99342/repo/0.4.1/.xml/jiffy/jiffy.xml"
Reading XML for "/home/pete/wefwefwef/docs/other/194941eb1820b61f014eb3af09a3fcb37be99342/repo/0.4.1/.xml/specs_jiffy.xml"
Creating index.html ...
Creating erldocs_index.js ...
Woot, finished in 0 Minutes 0 Seconds
 :: Discovering other repos
$ 5000  `rm -r '/home/pete/wefwefwef/docs/other/194941eb1820b61f014eb3af09a3fcb37be99342/jiffy-tag-0.4.1'  2>&1`
 :: Processing https://github.com/barrel-db/jiffy	{rev,tag,"0.4.0","56e60433aee70a598908253dfb74fe83f48e1e9c",undefined,[],[]}
 :: Fetching repo code
$ cd '/home/pete/wefwefwef/docs/other/194941eb1820b61f014eb3af09a3fcb37be99342/jiffy-tag-0.4.0'
$ infinity  `curl --fail --silent --show-error --location --output repo.tar.gz 'https://codeload.github.com/barrel-db/jiffy/tar.gz/0.4.0'  2>&1`
$ cd '/home/pete/wefwefwef/docs/erldocs_other.git'
$ cd '/home/pete/wefwefwef/docs/other/194941eb1820b61f014eb3af09a3fcb37be99342/jiffy-tag-0.4.0/jiffy-0.4.0'
$ 5000  `find -P . -type l -delete  2>&1`
$ cd '/home/pete/wefwefwef/docs/erldocs_other.git'
$ 5000  `mv '/home/pete/wefwefwef/docs/other/194941eb1820b61f014eb3af09a3fcb37be99342/jiffy-tag-0.4.0/jiffy-0.4.0' '/home/pete/wefwefwef/docs/other/194941eb1820b61f014eb3af09a3fcb37be99342/jiffy-tag-0.4.0/jiffy'  2>&1`
 :: Getting dependencies
$ cd '/home/pete/wefwefwef/docs/other/194941eb1820b61f014eb3af09a3fcb37be99342/jiffy-tag-0.4.0/jiffy'
$ infinity  `rebar --config '/home/pete/wefwefwef/docs/other/194941eb1820b61f014eb3af09a3fcb37be99342/jiffy-tag-0.4.0/rebar_deps' get-deps  2>&1`
$ cd '/home/pete/wefwefwef/docs/erldocs_other.git'
$ cd '/home/pete/wefwefwef/docs/other/194941eb1820b61f014eb3af09a3fcb37be99342/jiffy-tag-0.4.0/jiffy'
$ 5000  `find -P . -type l -delete  2>&1`
$ cd '/home/pete/wefwefwef/docs/erldocs_other.git'
$ cd '/home/pete/wefwefwef/docs/other/194941eb1820b61f014eb3af09a3fcb37be99342/jiffy-tag-0.4.0/jiffy'
$ 5000  `ls -1 deps/  2>&1`
$ cd '/home/pete/wefwefwef/docs/erldocs_other.git'
>>> [rebar] deps = []
 :: Generating erldocs into /home/pete/wefwefwef/docs/other/194941eb1820b61f014eb3af09a3fcb37be99342/repo/0.4.0
Building jiffy
Generating Type Specs - "/home/pete/wefwefwef/docs/other/194941eb1820b61f014eb3af09a3fcb37be99342/jiffy-tag-0.4.0/jiffy/src/jiffy.erl"
Generating XML for application jiffy "/home/pete/wefwefwef/docs/other/194941eb1820b61f014eb3af09a3fcb37be99342/jiffy-tag-0.4.0/jiffy" -> "/home/pete/wefwefwef/docs/other/194941eb1820b61f014eb3af09a3fcb37be99342/repo/0.4.0/.xml/jiffy"
Generated jiffy XMLs: ["/home/pete/wefwefwef/docs/other/194941eb1820b61f014eb3af09a3fcb37be99342/repo/0.4.0/.xml/jiffy/jiffy.xml"]
Generating HTML - jiffy "/home/pete/wefwefwef/docs/other/194941eb1820b61f014eb3af09a3fcb37be99342/repo/0.4.0/.xml/jiffy/jiffy.xml"
Reading XML for "/home/pete/wefwefwef/docs/other/194941eb1820b61f014eb3af09a3fcb37be99342/repo/0.4.0/.xml/jiffy/jiffy.xml"
Reading XML for "/home/pete/wefwefwef/docs/other/194941eb1820b61f014eb3af09a3fcb37be99342/repo/0.4.0/.xml/specs_jiffy.xml"
Creating index.html ...
Creating erldocs_index.js ...
Woot, finished in 0 Minutes 0 Seconds
 :: Discovering other repos
$ 5000  `rm -r '/home/pete/wefwefwef/docs/other/194941eb1820b61f014eb3af09a3fcb37be99342/jiffy-tag-0.4.0'  2>&1`
 :: Processing https://github.com/barrel-db/jiffy	{rev,tag,"0.3.0","061e8f4f706000a255505594921b0a8ed55d43a5",undefined,[],[]}
 :: Fetching repo code
$ cd '/home/pete/wefwefwef/docs/other/194941eb1820b61f014eb3af09a3fcb37be99342/jiffy-tag-0.3.0'
$ infinity  `curl --fail --silent --show-error --location --output repo.tar.gz 'https://codeload.github.com/barrel-db/jiffy/tar.gz/0.3.0'  2>&1`
$ cd '/home/pete/wefwefwef/docs/erldocs_other.git'
$ cd '/home/pete/wefwefwef/docs/other/194941eb1820b61f014eb3af09a3fcb37be99342/jiffy-tag-0.3.0/jiffy-0.3.0'
$ 5000  `find -P . -type l -delete  2>&1`
$ cd '/home/pete/wefwefwef/docs/erldocs_other.git'
$ 5000  `mv '/home/pete/wefwefwef/docs/other/194941eb1820b61f014eb3af09a3fcb37be99342/jiffy-tag-0.3.0/jiffy-0.3.0' '/home/pete/wefwefwef/docs/other/194941eb1820b61f014eb3af09a3fcb37be99342/jiffy-tag-0.3.0/jiffy'  2>&1`
 :: Getting dependencies
$ cd '/home/pete/wefwefwef/docs/other/194941eb1820b61f014eb3af09a3fcb37be99342/jiffy-tag-0.3.0/jiffy'
$ infinity  `rebar --config '/home/pete/wefwefwef/docs/other/194941eb1820b61f014eb3af09a3fcb37be99342/jiffy-tag-0.3.0/rebar_deps' get-deps  2>&1`
$ cd '/home/pete/wefwefwef/docs/erldocs_other.git'
$ cd '/home/pete/wefwefwef/docs/other/194941eb1820b61f014eb3af09a3fcb37be99342/jiffy-tag-0.3.0/jiffy'
$ 5000  `find -P . -type l -delete  2>&1`
$ cd '/home/pete/wefwefwef/docs/erldocs_other.git'
$ cd '/home/pete/wefwefwef/docs/other/194941eb1820b61f014eb3af09a3fcb37be99342/jiffy-tag-0.3.0/jiffy'
$ 5000  `ls -1 deps/  2>&1`
$ cd '/home/pete/wefwefwef/docs/erldocs_other.git'
>>> [rebar] deps = []
 :: Generating erldocs into /home/pete/wefwefwef/docs/other/194941eb1820b61f014eb3af09a3fcb37be99342/repo/0.3.0
Building jiffy
Generating Type Specs - "/home/pete/wefwefwef/docs/other/194941eb1820b61f014eb3af09a3fcb37be99342/jiffy-tag-0.3.0/jiffy/src/jiffy.erl"
Generating XML for application jiffy "/home/pete/wefwefwef/docs/other/194941eb1820b61f014eb3af09a3fcb37be99342/jiffy-tag-0.3.0/jiffy" -> "/home/pete/wefwefwef/docs/other/194941eb1820b61f014eb3af09a3fcb37be99342/repo/0.3.0/.xml/jiffy"
Generated jiffy XMLs: ["/home/pete/wefwefwef/docs/other/194941eb1820b61f014eb3af09a3fcb37be99342/repo/0.3.0/.xml/jiffy/jiffy.xml"]
Generating HTML - jiffy "/home/pete/wefwefwef/docs/other/194941eb1820b61f014eb3af09a3fcb37be99342/repo/0.3.0/.xml/jiffy/jiffy.xml"
Reading XML for "/home/pete/wefwefwef/docs/other/194941eb1820b61f014eb3af09a3fcb37be99342/repo/0.3.0/.xml/jiffy/jiffy.xml"
Reading XML for "/home/pete/wefwefwef/docs/other/194941eb1820b61f014eb3af09a3fcb37be99342/repo/0.3.0/.xml/specs_jiffy.xml"
Creating index.html ...
Creating erldocs_index.js ...
Woot, finished in 0 Minutes 0 Seconds
 :: Discovering other repos
$ 5000  `rm -r '/home/pete/wefwefwef/docs/other/194941eb1820b61f014eb3af09a3fcb37be99342/jiffy-tag-0.3.0'  2>&1`
 :: Processing https://github.com/barrel-db/jiffy	{rev,tag,"0.2.0","79bd4c5a520c12a46e583cf2e86aae8ce5cfc17e",undefined,[],[]}
 :: Fetching repo code
$ cd '/home/pete/wefwefwef/docs/other/194941eb1820b61f014eb3af09a3fcb37be99342/jiffy-tag-0.2.0'
$ infinity  `curl --fail --silent --show-error --location --output repo.tar.gz 'https://codeload.github.com/barrel-db/jiffy/tar.gz/0.2.0'  2>&1`
$ cd '/home/pete/wefwefwef/docs/erldocs_other.git'
$ cd '/home/pete/wefwefwef/docs/other/194941eb1820b61f014eb3af09a3fcb37be99342/jiffy-tag-0.2.0/jiffy-0.2.0'
$ 5000  `find -P . -type l -delete  2>&1`
$ cd '/home/pete/wefwefwef/docs/erldocs_other.git'
$ 5000  `mv '/home/pete/wefwefwef/docs/other/194941eb1820b61f014eb3af09a3fcb37be99342/jiffy-tag-0.2.0/jiffy-0.2.0' '/home/pete/wefwefwef/docs/other/194941eb1820b61f014eb3af09a3fcb37be99342/jiffy-tag-0.2.0/jiffy'  2>&1`
 :: Getting dependencies
$ cd '/home/pete/wefwefwef/docs/other/194941eb1820b61f014eb3af09a3fcb37be99342/jiffy-tag-0.2.0/jiffy'
$ 5000  `ls -1 deps/  2>&1`
$ cd '/home/pete/wefwefwef/docs/erldocs_other.git'
>>> [rebar] deps = []
 :: Generating erldocs into /home/pete/wefwefwef/docs/other/194941eb1820b61f014eb3af09a3fcb37be99342/repo/0.2.0
Building jiffy
Generating Type Specs - "/home/pete/wefwefwef/docs/other/194941eb1820b61f014eb3af09a3fcb37be99342/jiffy-tag-0.2.0/jiffy/src/jiffy.erl"
Generating XML for application jiffy "/home/pete/wefwefwef/docs/other/194941eb1820b61f014eb3af09a3fcb37be99342/jiffy-tag-0.2.0/jiffy" -> "/home/pete/wefwefwef/docs/other/194941eb1820b61f014eb3af09a3fcb37be99342/repo/0.2.0/.xml/jiffy"
Generated jiffy XMLs: ["/home/pete/wefwefwef/docs/other/194941eb1820b61f014eb3af09a3fcb37be99342/repo/0.2.0/.xml/jiffy/jiffy.xml"]
Generating HTML - jiffy "/home/pete/wefwefwef/docs/other/194941eb1820b61f014eb3af09a3fcb37be99342/repo/0.2.0/.xml/jiffy/jiffy.xml"
Reading XML for "/home/pete/wefwefwef/docs/other/194941eb1820b61f014eb3af09a3fcb37be99342/repo/0.2.0/.xml/jiffy/jiffy.xml"
Reading XML for "/home/pete/wefwefwef/docs/other/194941eb1820b61f014eb3af09a3fcb37be99342/repo/0.2.0/.xml/specs_jiffy.xml"
Creating index.html ...
Creating erldocs_index.js ...
Woot, finished in 0 Minutes 0 Seconds
 :: Discovering other repos
$ 5000  `rm -r '/home/pete/wefwefwef/docs/other/194941eb1820b61f014eb3af09a3fcb37be99342/jiffy-tag-0.2.0'  2>&1`
 :: Processing https://github.com/barrel-db/jiffy	{rev,tag,"0.14.3-barreldb","7e2b3a99795a665009b3eff15a42677e70e1c984",undefined,[],[]}
 :: Fetching repo code
$ cd '/home/pete/wefwefwef/docs/other/194941eb1820b61f014eb3af09a3fcb37be99342/jiffy-tag-0.14.3-barreldb'
$ infinity  `curl --fail --silent --show-error --location --output repo.tar.gz 'https://codeload.github.com/barrel-db/jiffy/tar.gz/0.14.3-barreldb'  2>&1`
$ cd '/home/pete/wefwefwef/docs/erldocs_other.git'
$ cd '/home/pete/wefwefwef/docs/other/194941eb1820b61f014eb3af09a3fcb37be99342/jiffy-tag-0.14.3-barreldb/jiffy-0.14.3-barreldb'
$ 5000  `find -P . -type l -delete  2>&1`
$ cd '/home/pete/wefwefwef/docs/erldocs_other.git'
$ 5000  `mv '/home/pete/wefwefwef/docs/other/194941eb1820b61f014eb3af09a3fcb37be99342/jiffy-tag-0.14.3-barreldb/jiffy-0.14.3-barreldb' '/home/pete/wefwefwef/docs/other/194941eb1820b61f014eb3af09a3fcb37be99342/jiffy-tag-0.14.3-barreldb/jiffy'  2>&1`
 :: Getting dependencies
$ cd '/home/pete/wefwefwef/docs/other/194941eb1820b61f014eb3af09a3fcb37be99342/jiffy-tag-0.14.3-barreldb/jiffy'
$ 5000  `ls -1 deps/  2>&1`
$ cd '/home/pete/wefwefwef/docs/erldocs_other.git'
>>> [rebar] deps = []
 :: Generating erldocs into /home/pete/wefwefwef/docs/other/194941eb1820b61f014eb3af09a3fcb37be99342/repo/0.14.3-barreldb
Building jiffy
Generating Type Specs - "/home/pete/wefwefwef/docs/other/194941eb1820b61f014eb3af09a3fcb37be99342/jiffy-tag-0.14.3-barreldb/jiffy/src/jiffy.erl"
Generating Type Specs - "/home/pete/wefwefwef/docs/other/194941eb1820b61f014eb3af09a3fcb37be99342/jiffy-tag-0.14.3-barreldb/jiffy/src/jiffy_utf8.erl"
Generating XML for application jiffy "/home/pete/wefwefwef/docs/other/194941eb1820b61f014eb3af09a3fcb37be99342/jiffy-tag-0.14.3-barreldb/jiffy" -> "/home/pete/wefwefwef/docs/other/194941eb1820b61f014eb3af09a3fcb37be99342/repo/0.14.3-barreldb/.xml/jiffy"
edoc: error in layout 'docgen_edoc_xml_cb': {'EXIT',
                                       {function_clause,
                                        [{docgen_edoc_xml_cb,t_type,
                                          [[{xmlElement,type,[],[],
                                             {xmlNamespace,[],[]},
                                             [{map_field,1},
                                              {map,...},
                                              {...}|...],
                                             1,[],
                                             [...],...},
                                            {xmlElement,type,[],[],
                                             {xmlNamespace,[],[]},
                                             [{map_field,...},{...}|...],
                                             2,[],...}]],
                                          [{file,"docgen_edoc_xml_cb.erl"},
                                           {line,1003}]},
                                         {docgen_edoc_xml_cb,seq,4,
                                          [{file,"docgen_edoc_xml_cb.erl"},
                                           {line,1114}]},
                                         {docgen_edoc_xml_cb,t_map,1,
                                          [{file,"docgen_edoc_xml_cb.erl"},
                                           {line,1071}]},
                                         {docgen_edoc_xml_cb,seq,4,
                                          [{file,"docgen_edoc_xml_cb.erl"},
                                           {line,1114}]},
                                         {docgen_edoc_xml_cb,seq,4,
                                          [{file,"docgen_edoc_xml_cb.erl"},
                                           {line,1116}]},
                                         {docgen_edoc_xml_cb,typedef,1,
                                          [{file,"docgen_edoc_xml_cb.erl"},
                                           {line,870}]},
                                         {docgen_edoc_xml_cb,typedecl,2,
                                          [{file,"docgen_edoc_xml_cb.erl"},
                                           {line,857}]},
                                         {lists,flatmap,2,
                                          [{file,[...]},{line,...}]}]}}.
edoc: error in doclet 'edoc_doclet': {'EXIT',error}.
Error generating jiffy XMLs. Using fallback ...
Generating XML jiffy - jiffy "/home/pete/wefwefwef/docs/other/194941eb1820b61f014eb3af09a3fcb37be99342/jiffy-tag-0.14.3-barreldb/jiffy/src/jiffy.erl" -> "/home/pete/wefwefwef/docs/other/194941eb1820b61f014eb3af09a3fcb37be99342/repo/0.14.3-barreldb/.xml/jiffy/jiffy.xml"
edoc: error in layout 'docgen_edoc_xml_cb': {'EXIT',
                                       {function_clause,
                                        [{docgen_edoc_xml_cb,t_type,
                                          [[{xmlElement,type,[],[],
                                             {xmlNamespace,[],[]},
                                             [{map_field,1},
                                              {map,...},
                                              {...}|...],
                                             1,[],
                                             [...],...},
                                            {xmlElement,type,[],[],
                                             {xmlNamespace,[],[]},
                                             [{map_field,...},{...}|...],
                                             2,[],...}]],
                                          [{file,"docgen_edoc_xml_cb.erl"},
                                           {line,1003}]},
                                         {docgen_edoc_xml_cb,seq,4,
                                          [{file,"docgen_edoc_xml_cb.erl"},
                                           {line,1114}]},
                                         {docgen_edoc_xml_cb,t_map,1,
                                          [{file,"docgen_edoc_xml_cb.erl"},
                                           {line,1071}]},
                                         {docgen_edoc_xml_cb,seq,4,
                                          [{file,"docgen_edoc_xml_cb.erl"},
                                           {line,1114}]},
                                         {docgen_edoc_xml_cb,seq,4,
                                          [{file,"docgen_edoc_xml_cb.erl"},
                                           {line,1116}]},
                                         {docgen_edoc_xml_cb,typedef,1,
                                          [{file,"docgen_edoc_xml_cb.erl"},
                                           {line,870}]},
                                         {docgen_edoc_xml_cb,typedecl,2,
                                          [{file,"docgen_edoc_xml_cb.erl"},
                                           {line,857}]},
                                         {lists,flatmap,2,
                                          [{file,[...]},{line,...}]}]}}.
Error generating XML ("/home/pete/wefwefwef/docs/other/194941eb1820b61f014eb3af09a3fcb37be99342/jiffy-tag-0.14.3-barreldb/jiffy/src/jiffy.erl"): {'EXIT',
                                                                                                                                                  error}
Generating XML jiffy - jiffy_utf8 "/home/pete/wefwefwef/docs/other/194941eb1820b61f014eb3af09a3fcb37be99342/jiffy-tag-0.14.3-barreldb/jiffy/src/jiffy_utf8.erl" -> "/home/pete/wefwefwef/docs/other/194941eb1820b61f014eb3af09a3fcb37be99342/repo/0.14.3-barreldb/.xml/jiffy/jiffy_utf8.xml"
Generating HTML - jiffy_utf8 "/home/pete/wefwefwef/docs/other/194941eb1820b61f014eb3af09a3fcb37be99342/repo/0.14.3-barreldb/.xml/jiffy/jiffy_utf8.xml"
Reading XML for "/home/pete/wefwefwef/docs/other/194941eb1820b61f014eb3af09a3fcb37be99342/repo/0.14.3-barreldb/.xml/jiffy/jiffy_utf8.xml"
Reading XML for "/home/pete/wefwefwef/docs/other/194941eb1820b61f014eb3af09a3fcb37be99342/repo/0.14.3-barreldb/.xml/specs_jiffy_utf8.xml"
Creating index.html ...
Creating erldocs_index.js ...
Woot, finished in 0 Minutes 0 Seconds
 :: Discovering other repos
$ 5000  `rm -r '/home/pete/wefwefwef/docs/other/194941eb1820b61f014eb3af09a3fcb37be99342/jiffy-tag-0.14.3-barreldb'  2>&1`
 :: Processing https://github.com/barrel-db/jiffy	{rev,tag,"0.14.3","75dd259189b1c1134f4e0c0de667da3dc67590bf",undefined,[],[]}
 :: Fetching repo code
$ cd '/home/pete/wefwefwef/docs/other/194941eb1820b61f014eb3af09a3fcb37be99342/jiffy-tag-0.14.3'
$ infinity  `curl --fail --silent --show-error --location --output repo.tar.gz 'https://codeload.github.com/barrel-db/jiffy/tar.gz/0.14.3'  2>&1`
$ cd '/home/pete/wefwefwef/docs/erldocs_other.git'
$ cd '/home/pete/wefwefwef/docs/other/194941eb1820b61f014eb3af09a3fcb37be99342/jiffy-tag-0.14.3/jiffy-0.14.3'
$ 5000  `find -P . -type l -delete  2>&1`
$ cd '/home/pete/wefwefwef/docs/erldocs_other.git'
$ 5000  `mv '/home/pete/wefwefwef/docs/other/194941eb1820b61f014eb3af09a3fcb37be99342/jiffy-tag-0.14.3/jiffy-0.14.3' '/home/pete/wefwefwef/docs/other/194941eb1820b61f014eb3af09a3fcb37be99342/jiffy-tag-0.14.3/jiffy'  2>&1`
 :: Getting dependencies
$ cd '/home/pete/wefwefwef/docs/other/194941eb1820b61f014eb3af09a3fcb37be99342/jiffy-tag-0.14.3/jiffy'
$ 5000  `ls -1 deps/  2>&1`
$ cd '/home/pete/wefwefwef/docs/erldocs_other.git'
>>> [rebar] deps = []
 :: Generating erldocs into /home/pete/wefwefwef/docs/other/194941eb1820b61f014eb3af09a3fcb37be99342/repo/0.14.3
Building jiffy
Generating Type Specs - "/home/pete/wefwefwef/docs/other/194941eb1820b61f014eb3af09a3fcb37be99342/jiffy-tag-0.14.3/jiffy/src/jiffy.erl"
Generating Type Specs - "/home/pete/wefwefwef/docs/other/194941eb1820b61f014eb3af09a3fcb37be99342/jiffy-tag-0.14.3/jiffy/src/jiffy_utf8.erl"
Generating XML for application jiffy "/home/pete/wefwefwef/docs/other/194941eb1820b61f014eb3af09a3fcb37be99342/jiffy-tag-0.14.3/jiffy" -> "/home/pete/wefwefwef/docs/other/194941eb1820b61f014eb3af09a3fcb37be99342/repo/0.14.3/.xml/jiffy"
edoc: error in layout 'docgen_edoc_xml_cb': {'EXIT',
                                       {function_clause,
                                        [{docgen_edoc_xml_cb,t_type,
                                          [[{xmlElement,type,[],[],
                                             {xmlNamespace,[],[]},
                                             [{map_field,1},
                                              {map,...},
                                              {...}|...],
                                             1,[],
                                             [...],...},
                                            {xmlElement,type,[],[],
                                             {xmlNamespace,[],[]},
                                             [{map_field,...},{...}|...],
                                             2,[],...}]],
                                          [{file,"docgen_edoc_xml_cb.erl"},
                                           {line,1003}]},
                                         {docgen_edoc_xml_cb,seq,4,
                                          [{file,"docgen_edoc_xml_cb.erl"},
                                           {line,1114}]},
                                         {docgen_edoc_xml_cb,t_map,1,
                                          [{file,"docgen_edoc_xml_cb.erl"},
                                           {line,1071}]},
                                         {docgen_edoc_xml_cb,seq,4,
                                          [{file,"docgen_edoc_xml_cb.erl"},
                                           {line,1114}]},
                                         {docgen_edoc_xml_cb,seq,4,
                                          [{file,"docgen_edoc_xml_cb.erl"},
                                           {line,1116}]},
                                         {docgen_edoc_xml_cb,typedef,1,
                                          [{file,"docgen_edoc_xml_cb.erl"},
                                           {line,870}]},
                                         {docgen_edoc_xml_cb,typedecl,2,
                                          [{file,"docgen_edoc_xml_cb.erl"},
                                           {line,857}]},
                                         {lists,flatmap,2,
                                          [{file,[...]},{line,...}]}]}}.
edoc: error in doclet 'edoc_doclet': {'EXIT',error}.
Error generating jiffy XMLs. Using fallback ...
Generating XML jiffy - jiffy "/home/pete/wefwefwef/docs/other/194941eb1820b61f014eb3af09a3fcb37be99342/jiffy-tag-0.14.3/jiffy/src/jiffy.erl" -> "/home/pete/wefwefwef/docs/other/194941eb1820b61f014eb3af09a3fcb37be99342/repo/0.14.3/.xml/jiffy/jiffy.xml"
edoc: error in layout 'docgen_edoc_xml_cb': {'EXIT',
                                       {function_clause,
                                        [{docgen_edoc_xml_cb,t_type,
                                          [[{xmlElement,type,[],[],
                                             {xmlNamespace,[],[]},
                                             [{map_field,1},
                                              {map,...},
                                              {...}|...],
                                             1,[],
                                             [...],...},
                                            {xmlElement,type,[],[],
                                             {xmlNamespace,[],[]},
                                             [{map_field,...},{...}|...],
                                             2,[],...}]],
                                          [{file,"docgen_edoc_xml_cb.erl"},
                                           {line,1003}]},
                                         {docgen_edoc_xml_cb,seq,4,
                                          [{file,"docgen_edoc_xml_cb.erl"},
                                           {line,1114}]},
                                         {docgen_edoc_xml_cb,t_map,1,
                                          [{file,"docgen_edoc_xml_cb.erl"},
                                           {line,1071}]},
                                         {docgen_edoc_xml_cb,seq,4,
                                          [{file,"docgen_edoc_xml_cb.erl"},
                                           {line,1114}]},
                                         {docgen_edoc_xml_cb,seq,4,
                                          [{file,"docgen_edoc_xml_cb.erl"},
                                           {line,1116}]},
                                         {docgen_edoc_xml_cb,typedef,1,
                                          [{file,"docgen_edoc_xml_cb.erl"},
                                           {line,870}]},
                                         {docgen_edoc_xml_cb,typedecl,2,
                                          [{file,"docgen_edoc_xml_cb.erl"},
                                           {line,857}]},
                                         {lists,flatmap,2,
                                          [{file,[...]},{line,...}]}]}}.
Error generating XML ("/home/pete/wefwefwef/docs/other/194941eb1820b61f014eb3af09a3fcb37be99342/jiffy-tag-0.14.3/jiffy/src/jiffy.erl"): {'EXIT',
                                                                                                                                         error}
Generating XML jiffy - jiffy_utf8 "/home/pete/wefwefwef/docs/other/194941eb1820b61f014eb3af09a3fcb37be99342/jiffy-tag-0.14.3/jiffy/src/jiffy_utf8.erl" -> "/home/pete/wefwefwef/docs/other/194941eb1820b61f014eb3af09a3fcb37be99342/repo/0.14.3/.xml/jiffy/jiffy_utf8.xml"
Generating HTML - jiffy_utf8 "/home/pete/wefwefwef/docs/other/194941eb1820b61f014eb3af09a3fcb37be99342/repo/0.14.3/.xml/jiffy/jiffy_utf8.xml"
Reading XML for "/home/pete/wefwefwef/docs/other/194941eb1820b61f014eb3af09a3fcb37be99342/repo/0.14.3/.xml/jiffy/jiffy_utf8.xml"
Reading XML for "/home/pete/wefwefwef/docs/other/194941eb1820b61f014eb3af09a3fcb37be99342/repo/0.14.3/.xml/specs_jiffy_utf8.xml"
Creating index.html ...
Creating erldocs_index.js ...
Woot, finished in 0 Minutes 0 Seconds
 :: Discovering other repos
$ 5000  `rm -r '/home/pete/wefwefwef/docs/other/194941eb1820b61f014eb3af09a3fcb37be99342/jiffy-tag-0.14.3'  2>&1`
 :: Processing https://github.com/barrel-db/jiffy	{rev,tag,"0.14.2","e008c0c3fffb4f509c5ae6b73b960663d778f231",undefined,[],[]}
 :: Fetching repo code
$ cd '/home/pete/wefwefwef/docs/other/194941eb1820b61f014eb3af09a3fcb37be99342/jiffy-tag-0.14.2'
$ infinity  `curl --fail --silent --show-error --location --output repo.tar.gz 'https://codeload.github.com/barrel-db/jiffy/tar.gz/0.14.2'  2>&1`
$ cd '/home/pete/wefwefwef/docs/erldocs_other.git'
$ cd '/home/pete/wefwefwef/docs/other/194941eb1820b61f014eb3af09a3fcb37be99342/jiffy-tag-0.14.2/jiffy-0.14.2'
$ 5000  `find -P . -type l -delete  2>&1`
$ cd '/home/pete/wefwefwef/docs/erldocs_other.git'
$ 5000  `mv '/home/pete/wefwefwef/docs/other/194941eb1820b61f014eb3af09a3fcb37be99342/jiffy-tag-0.14.2/jiffy-0.14.2' '/home/pete/wefwefwef/docs/other/194941eb1820b61f014eb3af09a3fcb37be99342/jiffy-tag-0.14.2/jiffy'  2>&1`
 :: Getting dependencies
$ cd '/home/pete/wefwefwef/docs/other/194941eb1820b61f014eb3af09a3fcb37be99342/jiffy-tag-0.14.2/jiffy'
$ 5000  `ls -1 deps/  2>&1`
$ cd '/home/pete/wefwefwef/docs/erldocs_other.git'
>>> [rebar] deps = []
 :: Generating erldocs into /home/pete/wefwefwef/docs/other/194941eb1820b61f014eb3af09a3fcb37be99342/repo/0.14.2
Building jiffy
Generating Type Specs - "/home/pete/wefwefwef/docs/other/194941eb1820b61f014eb3af09a3fcb37be99342/jiffy-tag-0.14.2/jiffy/src/jiffy.erl"
Generating Type Specs - "/home/pete/wefwefwef/docs/other/194941eb1820b61f014eb3af09a3fcb37be99342/jiffy-tag-0.14.2/jiffy/src/jiffy_utf8.erl"
Generating XML for application jiffy "/home/pete/wefwefwef/docs/other/194941eb1820b61f014eb3af09a3fcb37be99342/jiffy-tag-0.14.2/jiffy" -> "/home/pete/wefwefwef/docs/other/194941eb1820b61f014eb3af09a3fcb37be99342/repo/0.14.2/.xml/jiffy"
edoc: error in layout 'docgen_edoc_xml_cb': {'EXIT',
                                       {function_clause,
                                        [{docgen_edoc_xml_cb,t_type,
                                          [[{xmlElement,type,[],[],
                                             {xmlNamespace,[],[]},
                                             [{map_field,1},
                                              {map,...},
                                              {...}|...],
                                             1,[],
                                             [...],...},
                                            {xmlElement,type,[],[],
                                             {xmlNamespace,[],[]},
                                             [{map_field,...},{...}|...],
                                             2,[],...}]],
                                          [{file,"docgen_edoc_xml_cb.erl"},
                                           {line,1003}]},
                                         {docgen_edoc_xml_cb,seq,4,
                                          [{file,"docgen_edoc_xml_cb.erl"},
                                           {line,1114}]},
                                         {docgen_edoc_xml_cb,t_map,1,
                                          [{file,"docgen_edoc_xml_cb.erl"},
                                           {line,1071}]},
                                         {docgen_edoc_xml_cb,seq,4,
                                          [{file,"docgen_edoc_xml_cb.erl"},
                                           {line,1114}]},
                                         {docgen_edoc_xml_cb,seq,4,
                                          [{file,"docgen_edoc_xml_cb.erl"},
                                           {line,1116}]},
                                         {docgen_edoc_xml_cb,typedef,1,
                                          [{file,"docgen_edoc_xml_cb.erl"},
                                           {line,870}]},
                                         {docgen_edoc_xml_cb,typedecl,2,
                                          [{file,"docgen_edoc_xml_cb.erl"},
                                           {line,857}]},
                                         {lists,flatmap,2,
                                          [{file,[...]},{line,...}]}]}}.
edoc: error in doclet 'edoc_doclet': {'EXIT',error}.
Error generating jiffy XMLs. Using fallback ...
Generating XML jiffy - jiffy "/home/pete/wefwefwef/docs/other/194941eb1820b61f014eb3af09a3fcb37be99342/jiffy-tag-0.14.2/jiffy/src/jiffy.erl" -> "/home/pete/wefwefwef/docs/other/194941eb1820b61f014eb3af09a3fcb37be99342/repo/0.14.2/.xml/jiffy/jiffy.xml"
edoc: error in layout 'docgen_edoc_xml_cb': {'EXIT',
                                       {function_clause,
                                        [{docgen_edoc_xml_cb,t_type,
                                          [[{xmlElement,type,[],[],
                                             {xmlNamespace,[],[]},
                                             [{map_field,1},
                                              {map,...},
                                              {...}|...],
                                             1,[],
                                             [...],...},
                                            {xmlElement,type,[],[],
                                             {xmlNamespace,[],[]},
                                             [{map_field,...},{...}|...],
                                             2,[],...}]],
                                          [{file,"docgen_edoc_xml_cb.erl"},
                                           {line,1003}]},
                                         {docgen_edoc_xml_cb,seq,4,
                                          [{file,"docgen_edoc_xml_cb.erl"},
                                           {line,1114}]},
                                         {docgen_edoc_xml_cb,t_map,1,
                                          [{file,"docgen_edoc_xml_cb.erl"},
                                           {line,1071}]},
                                         {docgen_edoc_xml_cb,seq,4,
                                          [{file,"docgen_edoc_xml_cb.erl"},
                                           {line,1114}]},
                                         {docgen_edoc_xml_cb,seq,4,
                                          [{file,"docgen_edoc_xml_cb.erl"},
                                           {line,1116}]},
                                         {docgen_edoc_xml_cb,typedef,1,
                                          [{file,"docgen_edoc_xml_cb.erl"},
                                           {line,870}]},
                                         {docgen_edoc_xml_cb,typedecl,2,
                                          [{file,"docgen_edoc_xml_cb.erl"},
                                           {line,857}]},
                                         {lists,flatmap,2,
                                          [{file,[...]},{line,...}]}]}}.
Error generating XML ("/home/pete/wefwefwef/docs/other/194941eb1820b61f014eb3af09a3fcb37be99342/jiffy-tag-0.14.2/jiffy/src/jiffy.erl"): {'EXIT',
                                                                                                                                         error}
Generating XML jiffy - jiffy_utf8 "/home/pete/wefwefwef/docs/other/194941eb1820b61f014eb3af09a3fcb37be99342/jiffy-tag-0.14.2/jiffy/src/jiffy_utf8.erl" -> "/home/pete/wefwefwef/docs/other/194941eb1820b61f014eb3af09a3fcb37be99342/repo/0.14.2/.xml/jiffy/jiffy_utf8.xml"
Generating HTML - jiffy_utf8 "/home/pete/wefwefwef/docs/other/194941eb1820b61f014eb3af09a3fcb37be99342/repo/0.14.2/.xml/jiffy/jiffy_utf8.xml"
Reading XML for "/home/pete/wefwefwef/docs/other/194941eb1820b61f014eb3af09a3fcb37be99342/repo/0.14.2/.xml/jiffy/jiffy_utf8.xml"
Reading XML for "/home/pete/wefwefwef/docs/other/194941eb1820b61f014eb3af09a3fcb37be99342/repo/0.14.2/.xml/specs_jiffy_utf8.xml"
Creating index.html ...
Creating erldocs_index.js ...
Woot, finished in 0 Minutes 0 Seconds
 :: Discovering other repos
$ 5000  `rm -r '/home/pete/wefwefwef/docs/other/194941eb1820b61f014eb3af09a3fcb37be99342/jiffy-tag-0.14.2'  2>&1`
 :: Processing https://github.com/barrel-db/jiffy	{rev,tag,"0.14.1","f661ee9fd80e5b6b03e9dfbb17d1c72fb6cfdba9",undefined,[],[]}
 :: Fetching repo code
$ cd '/home/pete/wefwefwef/docs/other/194941eb1820b61f014eb3af09a3fcb37be99342/jiffy-tag-0.14.1'
$ infinity  `curl --fail --silent --show-error --location --output repo.tar.gz 'https://codeload.github.com/barrel-db/jiffy/tar.gz/0.14.1'  2>&1`
$ cd '/home/pete/wefwefwef/docs/erldocs_other.git'
$ cd '/home/pete/wefwefwef/docs/other/194941eb1820b61f014eb3af09a3fcb37be99342/jiffy-tag-0.14.1/jiffy-0.14.1'
$ 5000  `find -P . -type l -delete  2>&1`
$ cd '/home/pete/wefwefwef/docs/erldocs_other.git'
$ 5000  `mv '/home/pete/wefwefwef/docs/other/194941eb1820b61f014eb3af09a3fcb37be99342/jiffy-tag-0.14.1/jiffy-0.14.1' '/home/pete/wefwefwef/docs/other/194941eb1820b61f014eb3af09a3fcb37be99342/jiffy-tag-0.14.1/jiffy'  2>&1`
 :: Getting dependencies
$ cd '/home/pete/wefwefwef/docs/other/194941eb1820b61f014eb3af09a3fcb37be99342/jiffy-tag-0.14.1/jiffy'
$ 5000  `ls -1 deps/  2>&1`
$ cd '/home/pete/wefwefwef/docs/erldocs_other.git'
>>> [rebar] deps = []
 :: Generating erldocs into /home/pete/wefwefwef/docs/other/194941eb1820b61f014eb3af09a3fcb37be99342/repo/0.14.1
Building jiffy
Generating Type Specs - "/home/pete/wefwefwef/docs/other/194941eb1820b61f014eb3af09a3fcb37be99342/jiffy-tag-0.14.1/jiffy/src/jiffy.erl"
Generating Type Specs - "/home/pete/wefwefwef/docs/other/194941eb1820b61f014eb3af09a3fcb37be99342/jiffy-tag-0.14.1/jiffy/src/jiffy_utf8.erl"
Generating XML for application jiffy "/home/pete/wefwefwef/docs/other/194941eb1820b61f014eb3af09a3fcb37be99342/jiffy-tag-0.14.1/jiffy" -> "/home/pete/wefwefwef/docs/other/194941eb1820b61f014eb3af09a3fcb37be99342/repo/0.14.1/.xml/jiffy"
edoc: error in layout 'docgen_edoc_xml_cb': {'EXIT',
                                       {function_clause,
                                        [{docgen_edoc_xml_cb,t_type,
                                          [[{xmlElement,type,[],[],
                                             {xmlNamespace,[],[]},
                                             [{map_field,1},
                                              {map,...},
                                              {...}|...],
                                             1,[],
                                             [...],...},
                                            {xmlElement,type,[],[],
                                             {xmlNamespace,[],[]},
                                             [{map_field,...},{...}|...],
                                             2,[],...}]],
                                          [{file,"docgen_edoc_xml_cb.erl"},
                                           {line,1003}]},
                                         {docgen_edoc_xml_cb,seq,4,
                                          [{file,"docgen_edoc_xml_cb.erl"},
                                           {line,1114}]},
                                         {docgen_edoc_xml_cb,t_map,1,
                                          [{file,"docgen_edoc_xml_cb.erl"},
                                           {line,1071}]},
                                         {docgen_edoc_xml_cb,seq,4,
                                          [{file,"docgen_edoc_xml_cb.erl"},
                                           {line,1114}]},
                                         {docgen_edoc_xml_cb,seq,4,
                                          [{file,"docgen_edoc_xml_cb.erl"},
                                           {line,1116}]},
                                         {docgen_edoc_xml_cb,typedef,1,
                                          [{file,"docgen_edoc_xml_cb.erl"},
                                           {line,870}]},
                                         {docgen_edoc_xml_cb,typedecl,2,
                                          [{file,"docgen_edoc_xml_cb.erl"},
                                           {line,857}]},
                                         {lists,flatmap,2,
                                          [{file,[...]},{line,...}]}]}}.
edoc: error in doclet 'edoc_doclet': {'EXIT',error}.
Error generating jiffy XMLs. Using fallback ...
Generating XML jiffy - jiffy "/home/pete/wefwefwef/docs/other/194941eb1820b61f014eb3af09a3fcb37be99342/jiffy-tag-0.14.1/jiffy/src/jiffy.erl" -> "/home/pete/wefwefwef/docs/other/194941eb1820b61f014eb3af09a3fcb37be99342/repo/0.14.1/.xml/jiffy/jiffy.xml"
edoc: error in layout 'docgen_edoc_xml_cb': {'EXIT',
                                       {function_clause,
                                        [{docgen_edoc_xml_cb,t_type,
                                          [[{xmlElement,type,[],[],
                                             {xmlNamespace,[],[]},
                                             [{map_field,1},
                                              {map,...},
                                              {...}|...],
                                             1,[],
                                             [...],...},
                                            {xmlElement,type,[],[],
                                             {xmlNamespace,[],[]},
                                             [{map_field,...},{...}|...],
                                             2,[],...}]],
                                          [{file,"docgen_edoc_xml_cb.erl"},
                                           {line,1003}]},
                                         {docgen_edoc_xml_cb,seq,4,
                                          [{file,"docgen_edoc_xml_cb.erl"},
                                           {line,1114}]},
                                         {docgen_edoc_xml_cb,t_map,1,
                                          [{file,"docgen_edoc_xml_cb.erl"},
                                           {line,1071}]},
                                         {docgen_edoc_xml_cb,seq,4,
                                          [{file,"docgen_edoc_xml_cb.erl"},
                                           {line,1114}]},
                                         {docgen_edoc_xml_cb,seq,4,
                                          [{file,"docgen_edoc_xml_cb.erl"},
                                           {line,1116}]},
                                         {docgen_edoc_xml_cb,typedef,1,
                                          [{file,"docgen_edoc_xml_cb.erl"},
                                           {line,870}]},
                                         {docgen_edoc_xml_cb,typedecl,2,
                                          [{file,"docgen_edoc_xml_cb.erl"},
                                           {line,857}]},
                                         {lists,flatmap,2,
                                          [{file,[...]},{line,...}]}]}}.
Error generating XML ("/home/pete/wefwefwef/docs/other/194941eb1820b61f014eb3af09a3fcb37be99342/jiffy-tag-0.14.1/jiffy/src/jiffy.erl"): {'EXIT',
                                                                                                                                         error}
Generating XML jiffy - jiffy_utf8 "/home/pete/wefwefwef/docs/other/194941eb1820b61f014eb3af09a3fcb37be99342/jiffy-tag-0.14.1/jiffy/src/jiffy_utf8.erl" -> "/home/pete/wefwefwef/docs/other/194941eb1820b61f014eb3af09a3fcb37be99342/repo/0.14.1/.xml/jiffy/jiffy_utf8.xml"
Generating HTML - jiffy_utf8 "/home/pete/wefwefwef/docs/other/194941eb1820b61f014eb3af09a3fcb37be99342/repo/0.14.1/.xml/jiffy/jiffy_utf8.xml"
Reading XML for "/home/pete/wefwefwef/docs/other/194941eb1820b61f014eb3af09a3fcb37be99342/repo/0.14.1/.xml/jiffy/jiffy_utf8.xml"
Reading XML for "/home/pete/wefwefwef/docs/other/194941eb1820b61f014eb3af09a3fcb37be99342/repo/0.14.1/.xml/specs_jiffy_utf8.xml"
Creating index.html ...
Creating erldocs_index.js ...
Woot, finished in 0 Minutes 0 Seconds
 :: Discovering other repos
$ 5000  `rm -r '/home/pete/wefwefwef/docs/other/194941eb1820b61f014eb3af09a3fcb37be99342/jiffy-tag-0.14.1'  2>&1`
 :: Processing https://github.com/barrel-db/jiffy	{rev,tag,"0.14.0","a32a12f8b5262a975084ccf918390c650b0b4aff",undefined,[],[]}
 :: Fetching repo code
$ cd '/home/pete/wefwefwef/docs/other/194941eb1820b61f014eb3af09a3fcb37be99342/jiffy-tag-0.14.0'
$ infinity  `curl --fail --silent --show-error --location --output repo.tar.gz 'https://codeload.github.com/barrel-db/jiffy/tar.gz/0.14.0'  2>&1`
$ cd '/home/pete/wefwefwef/docs/erldocs_other.git'
$ cd '/home/pete/wefwefwef/docs/other/194941eb1820b61f014eb3af09a3fcb37be99342/jiffy-tag-0.14.0/jiffy-0.14.0'
$ 5000  `find -P . -type l -delete  2>&1`
$ cd '/home/pete/wefwefwef/docs/erldocs_other.git'
$ 5000  `mv '/home/pete/wefwefwef/docs/other/194941eb1820b61f014eb3af09a3fcb37be99342/jiffy-tag-0.14.0/jiffy-0.14.0' '/home/pete/wefwefwef/docs/other/194941eb1820b61f014eb3af09a3fcb37be99342/jiffy-tag-0.14.0/jiffy'  2>&1`
 :: Getting dependencies
$ cd '/home/pete/wefwefwef/docs/other/194941eb1820b61f014eb3af09a3fcb37be99342/jiffy-tag-0.14.0/jiffy'
$ 5000  `ls -1 deps/  2>&1`
$ cd '/home/pete/wefwefwef/docs/erldocs_other.git'
>>> [rebar] deps = []
 :: Generating erldocs into /home/pete/wefwefwef/docs/other/194941eb1820b61f014eb3af09a3fcb37be99342/repo/0.14.0
Building jiffy
Generating Type Specs - "/home/pete/wefwefwef/docs/other/194941eb1820b61f014eb3af09a3fcb37be99342/jiffy-tag-0.14.0/jiffy/src/jiffy.erl"
Generating Type Specs - "/home/pete/wefwefwef/docs/other/194941eb1820b61f014eb3af09a3fcb37be99342/jiffy-tag-0.14.0/jiffy/src/jiffy_utf8.erl"
Generating XML for application jiffy "/home/pete/wefwefwef/docs/other/194941eb1820b61f014eb3af09a3fcb37be99342/jiffy-tag-0.14.0/jiffy" -> "/home/pete/wefwefwef/docs/other/194941eb1820b61f014eb3af09a3fcb37be99342/repo/0.14.0/.xml/jiffy"
Generated jiffy XMLs: ["/home/pete/wefwefwef/docs/other/194941eb1820b61f014eb3af09a3fcb37be99342/repo/0.14.0/.xml/jiffy/jiffy_utf8.xml",
                       "/home/pete/wefwefwef/docs/other/194941eb1820b61f014eb3af09a3fcb37be99342/repo/0.14.0/.xml/jiffy/jiffy.xml"]
Generating HTML - jiffy "/home/pete/wefwefwef/docs/other/194941eb1820b61f014eb3af09a3fcb37be99342/repo/0.14.0/.xml/jiffy/jiffy.xml"
Reading XML for "/home/pete/wefwefwef/docs/other/194941eb1820b61f014eb3af09a3fcb37be99342/repo/0.14.0/.xml/jiffy/jiffy.xml"
Reading XML for "/home/pete/wefwefwef/docs/other/194941eb1820b61f014eb3af09a3fcb37be99342/repo/0.14.0/.xml/specs_jiffy.xml"
Generating HTML - jiffy_utf8 "/home/pete/wefwefwef/docs/other/194941eb1820b61f014eb3af09a3fcb37be99342/repo/0.14.0/.xml/jiffy/jiffy_utf8.xml"
Reading XML for "/home/pete/wefwefwef/docs/other/194941eb1820b61f014eb3af09a3fcb37be99342/repo/0.14.0/.xml/jiffy/jiffy_utf8.xml"
Reading XML for "/home/pete/wefwefwef/docs/other/194941eb1820b61f014eb3af09a3fcb37be99342/repo/0.14.0/.xml/specs_jiffy_utf8.xml"
Creating index.html ...
Creating erldocs_index.js ...
Woot, finished in 0 Minutes 0 Seconds
 :: Discovering other repos
$ 5000  `rm -r '/home/pete/wefwefwef/docs/other/194941eb1820b61f014eb3af09a3fcb37be99342/jiffy-tag-0.14.0'  2>&1`
 :: Processing https://github.com/barrel-db/jiffy	{rev,tag,"0.13.3","137d3d94b6ee10001d761d412cbbe7f665680c98",undefined,[],[]}
 :: Fetching repo code
$ cd '/home/pete/wefwefwef/docs/other/194941eb1820b61f014eb3af09a3fcb37be99342/jiffy-tag-0.13.3'
$ infinity  `curl --fail --silent --show-error --location --output repo.tar.gz 'https://codeload.github.com/barrel-db/jiffy/tar.gz/0.13.3'  2>&1`
$ cd '/home/pete/wefwefwef/docs/erldocs_other.git'
$ cd '/home/pete/wefwefwef/docs/other/194941eb1820b61f014eb3af09a3fcb37be99342/jiffy-tag-0.13.3/jiffy-0.13.3'
$ 5000  `find -P . -type l -delete  2>&1`
$ cd '/home/pete/wefwefwef/docs/erldocs_other.git'
$ 5000  `mv '/home/pete/wefwefwef/docs/other/194941eb1820b61f014eb3af09a3fcb37be99342/jiffy-tag-0.13.3/jiffy-0.13.3' '/home/pete/wefwefwef/docs/other/194941eb1820b61f014eb3af09a3fcb37be99342/jiffy-tag-0.13.3/jiffy'  2>&1`
 :: Getting dependencies
$ cd '/home/pete/wefwefwef/docs/other/194941eb1820b61f014eb3af09a3fcb37be99342/jiffy-tag-0.13.3/jiffy'
$ 5000  `ls -1 deps/  2>&1`
$ cd '/home/pete/wefwefwef/docs/erldocs_other.git'
>>> [rebar] deps = []
 :: Generating erldocs into /home/pete/wefwefwef/docs/other/194941eb1820b61f014eb3af09a3fcb37be99342/repo/0.13.3
Building jiffy
Generating Type Specs - "/home/pete/wefwefwef/docs/other/194941eb1820b61f014eb3af09a3fcb37be99342/jiffy-tag-0.13.3/jiffy/src/jiffy.erl"
Generating Type Specs - "/home/pete/wefwefwef/docs/other/194941eb1820b61f014eb3af09a3fcb37be99342/jiffy-tag-0.13.3/jiffy/src/jiffy_utf8.erl"
Generating XML for application jiffy "/home/pete/wefwefwef/docs/other/194941eb1820b61f014eb3af09a3fcb37be99342/jiffy-tag-0.13.3/jiffy" -> "/home/pete/wefwefwef/docs/other/194941eb1820b61f014eb3af09a3fcb37be99342/repo/0.13.3/.xml/jiffy"
Generated jiffy XMLs: ["/home/pete/wefwefwef/docs/other/194941eb1820b61f014eb3af09a3fcb37be99342/repo/0.13.3/.xml/jiffy/jiffy_utf8.xml",
                       "/home/pete/wefwefwef/docs/other/194941eb1820b61f014eb3af09a3fcb37be99342/repo/0.13.3/.xml/jiffy/jiffy.xml"]
Generating HTML - jiffy "/home/pete/wefwefwef/docs/other/194941eb1820b61f014eb3af09a3fcb37be99342/repo/0.13.3/.xml/jiffy/jiffy.xml"
Reading XML for "/home/pete/wefwefwef/docs/other/194941eb1820b61f014eb3af09a3fcb37be99342/repo/0.13.3/.xml/jiffy/jiffy.xml"
Reading XML for "/home/pete/wefwefwef/docs/other/194941eb1820b61f014eb3af09a3fcb37be99342/repo/0.13.3/.xml/specs_jiffy.xml"
Generating HTML - jiffy_utf8 "/home/pete/wefwefwef/docs/other/194941eb1820b61f014eb3af09a3fcb37be99342/repo/0.13.3/.xml/jiffy/jiffy_utf8.xml"
Reading XML for "/home/pete/wefwefwef/docs/other/194941eb1820b61f014eb3af09a3fcb37be99342/repo/0.13.3/.xml/jiffy/jiffy_utf8.xml"
Reading XML for "/home/pete/wefwefwef/docs/other/194941eb1820b61f014eb3af09a3fcb37be99342/repo/0.13.3/.xml/specs_jiffy_utf8.xml"
Creating index.html ...
Creating erldocs_index.js ...
Woot, finished in 0 Minutes 0 Seconds
 :: Discovering other repos
$ 5000  `rm -r '/home/pete/wefwefwef/docs/other/194941eb1820b61f014eb3af09a3fcb37be99342/jiffy-tag-0.13.3'  2>&1`
 :: Processing https://github.com/barrel-db/jiffy	{rev,tag,"0.13.2","6318efa7987b4f0531a9401614b0c717e81b75b9",undefined,[],[]}
 :: Fetching repo code
$ cd '/home/pete/wefwefwef/docs/other/194941eb1820b61f014eb3af09a3fcb37be99342/jiffy-tag-0.13.2'
$ infinity  `curl --fail --silent --show-error --location --output repo.tar.gz 'https://codeload.github.com/barrel-db/jiffy/tar.gz/0.13.2'  2>&1`
$ cd '/home/pete/wefwefwef/docs/erldocs_other.git'
$ cd '/home/pete/wefwefwef/docs/other/194941eb1820b61f014eb3af09a3fcb37be99342/jiffy-tag-0.13.2/jiffy-0.13.2'
$ 5000  `find -P . -type l -delete  2>&1`
$ cd '/home/pete/wefwefwef/docs/erldocs_other.git'
$ 5000  `mv '/home/pete/wefwefwef/docs/other/194941eb1820b61f014eb3af09a3fcb37be99342/jiffy-tag-0.13.2/jiffy-0.13.2' '/home/pete/wefwefwef/docs/other/194941eb1820b61f014eb3af09a3fcb37be99342/jiffy-tag-0.13.2/jiffy'  2>&1`
 :: Getting dependencies
$ cd '/home/pete/wefwefwef/docs/other/194941eb1820b61f014eb3af09a3fcb37be99342/jiffy-tag-0.13.2/jiffy'
$ 5000  `ls -1 deps/  2>&1`
$ cd '/home/pete/wefwefwef/docs/erldocs_other.git'
>>> [rebar] deps = []
 :: Generating erldocs into /home/pete/wefwefwef/docs/other/194941eb1820b61f014eb3af09a3fcb37be99342/repo/0.13.2
Building jiffy
Generating Type Specs - "/home/pete/wefwefwef/docs/other/194941eb1820b61f014eb3af09a3fcb37be99342/jiffy-tag-0.13.2/jiffy/src/jiffy.erl"
Generating Type Specs - "/home/pete/wefwefwef/docs/other/194941eb1820b61f014eb3af09a3fcb37be99342/jiffy-tag-0.13.2/jiffy/src/jiffy_utf8.erl"
Generating XML for application jiffy "/home/pete/wefwefwef/docs/other/194941eb1820b61f014eb3af09a3fcb37be99342/jiffy-tag-0.13.2/jiffy" -> "/home/pete/wefwefwef/docs/other/194941eb1820b61f014eb3af09a3fcb37be99342/repo/0.13.2/.xml/jiffy"
Generated jiffy XMLs: ["/home/pete/wefwefwef/docs/other/194941eb1820b61f014eb3af09a3fcb37be99342/repo/0.13.2/.xml/jiffy/jiffy_utf8.xml",
                       "/home/pete/wefwefwef/docs/other/194941eb1820b61f014eb3af09a3fcb37be99342/repo/0.13.2/.xml/jiffy/jiffy.xml"]
Generating HTML - jiffy "/home/pete/wefwefwef/docs/other/194941eb1820b61f014eb3af09a3fcb37be99342/repo/0.13.2/.xml/jiffy/jiffy.xml"
Reading XML for "/home/pete/wefwefwef/docs/other/194941eb1820b61f014eb3af09a3fcb37be99342/repo/0.13.2/.xml/jiffy/jiffy.xml"
Reading XML for "/home/pete/wefwefwef/docs/other/194941eb1820b61f014eb3af09a3fcb37be99342/repo/0.13.2/.xml/specs_jiffy.xml"
Generating HTML - jiffy_utf8 "/home/pete/wefwefwef/docs/other/194941eb1820b61f014eb3af09a3fcb37be99342/repo/0.13.2/.xml/jiffy/jiffy_utf8.xml"
Reading XML for "/home/pete/wefwefwef/docs/other/194941eb1820b61f014eb3af09a3fcb37be99342/repo/0.13.2/.xml/jiffy/jiffy_utf8.xml"
Reading XML for "/home/pete/wefwefwef/docs/other/194941eb1820b61f014eb3af09a3fcb37be99342/repo/0.13.2/.xml/specs_jiffy_utf8.xml"
Creating index.html ...
Creating erldocs_index.js ...
Woot, finished in 0 Minutes 0 Seconds
 :: Discovering other repos
$ 5000  `rm -r '/home/pete/wefwefwef/docs/other/194941eb1820b61f014eb3af09a3fcb37be99342/jiffy-tag-0.13.2'  2>&1`
 :: Processing https://github.com/barrel-db/jiffy	{rev,tag,"0.13.1","b6afb1414e10edd5c579bf4affbde0e5b7d85737",undefined,[],[]}
 :: Fetching repo code
$ cd '/home/pete/wefwefwef/docs/other/194941eb1820b61f014eb3af09a3fcb37be99342/jiffy-tag-0.13.1'
$ infinity  `curl --fail --silent --show-error --location --output repo.tar.gz 'https://codeload.github.com/barrel-db/jiffy/tar.gz/0.13.1'  2>&1`
$ cd '/home/pete/wefwefwef/docs/erldocs_other.git'
$ cd '/home/pete/wefwefwef/docs/other/194941eb1820b61f014eb3af09a3fcb37be99342/jiffy-tag-0.13.1/jiffy-0.13.1'
$ 5000  `find -P . -type l -delete  2>&1`
$ cd '/home/pete/wefwefwef/docs/erldocs_other.git'
$ 5000  `mv '/home/pete/wefwefwef/docs/other/194941eb1820b61f014eb3af09a3fcb37be99342/jiffy-tag-0.13.1/jiffy-0.13.1' '/home/pete/wefwefwef/docs/other/194941eb1820b61f014eb3af09a3fcb37be99342/jiffy-tag-0.13.1/jiffy'  2>&1`
 :: Getting dependencies
$ cd '/home/pete/wefwefwef/docs/other/194941eb1820b61f014eb3af09a3fcb37be99342/jiffy-tag-0.13.1/jiffy'
$ 5000  `ls -1 deps/  2>&1`
$ cd '/home/pete/wefwefwef/docs/erldocs_other.git'
>>> [rebar] deps = []
 :: Generating erldocs into /home/pete/wefwefwef/docs/other/194941eb1820b61f014eb3af09a3fcb37be99342/repo/0.13.1
Building jiffy
Generating Type Specs - "/home/pete/wefwefwef/docs/other/194941eb1820b61f014eb3af09a3fcb37be99342/jiffy-tag-0.13.1/jiffy/src/jiffy.erl"
Generating Type Specs - "/home/pete/wefwefwef/docs/other/194941eb1820b61f014eb3af09a3fcb37be99342/jiffy-tag-0.13.1/jiffy/src/jiffy_utf8.erl"
Generating XML for application jiffy "/home/pete/wefwefwef/docs/other/194941eb1820b61f014eb3af09a3fcb37be99342/jiffy-tag-0.13.1/jiffy" -> "/home/pete/wefwefwef/docs/other/194941eb1820b61f014eb3af09a3fcb37be99342/repo/0.13.1/.xml/jiffy"
Generated jiffy XMLs: ["/home/pete/wefwefwef/docs/other/194941eb1820b61f014eb3af09a3fcb37be99342/repo/0.13.1/.xml/jiffy/jiffy_utf8.xml",
                       "/home/pete/wefwefwef/docs/other/194941eb1820b61f014eb3af09a3fcb37be99342/repo/0.13.1/.xml/jiffy/jiffy.xml"]
Generating HTML - jiffy "/home/pete/wefwefwef/docs/other/194941eb1820b61f014eb3af09a3fcb37be99342/repo/0.13.1/.xml/jiffy/jiffy.xml"
Reading XML for "/home/pete/wefwefwef/docs/other/194941eb1820b61f014eb3af09a3fcb37be99342/repo/0.13.1/.xml/jiffy/jiffy.xml"
Reading XML for "/home/pete/wefwefwef/docs/other/194941eb1820b61f014eb3af09a3fcb37be99342/repo/0.13.1/.xml/specs_jiffy.xml"
Generating HTML - jiffy_utf8 "/home/pete/wefwefwef/docs/other/194941eb1820b61f014eb3af09a3fcb37be99342/repo/0.13.1/.xml/jiffy/jiffy_utf8.xml"
Reading XML for "/home/pete/wefwefwef/docs/other/194941eb1820b61f014eb3af09a3fcb37be99342/repo/0.13.1/.xml/jiffy/jiffy_utf8.xml"
Reading XML for "/home/pete/wefwefwef/docs/other/194941eb1820b61f014eb3af09a3fcb37be99342/repo/0.13.1/.xml/specs_jiffy_utf8.xml"
Creating index.html ...
Creating erldocs_index.js ...
Woot, finished in 0 Minutes 0 Seconds
 :: Discovering other repos
$ 5000  `rm -r '/home/pete/wefwefwef/docs/other/194941eb1820b61f014eb3af09a3fcb37be99342/jiffy-tag-0.13.1'  2>&1`
 :: Processing https://github.com/barrel-db/jiffy	{rev,tag,"0.13.0","5cd89c1eda3801bdef790b1e7c0e09259332c0fc",undefined,[],[]}
 :: Fetching repo code
$ cd '/home/pete/wefwefwef/docs/other/194941eb1820b61f014eb3af09a3fcb37be99342/jiffy-tag-0.13.0'
$ infinity  `curl --fail --silent --show-error --location --output repo.tar.gz 'https://codeload.github.com/barrel-db/jiffy/tar.gz/0.13.0'  2>&1`
$ cd '/home/pete/wefwefwef/docs/erldocs_other.git'
$ cd '/home/pete/wefwefwef/docs/other/194941eb1820b61f014eb3af09a3fcb37be99342/jiffy-tag-0.13.0/jiffy-0.13.0'
$ 5000  `find -P . -type l -delete  2>&1`
$ cd '/home/pete/wefwefwef/docs/erldocs_other.git'
$ 5000  `mv '/home/pete/wefwefwef/docs/other/194941eb1820b61f014eb3af09a3fcb37be99342/jiffy-tag-0.13.0/jiffy-0.13.0' '/home/pete/wefwefwef/docs/other/194941eb1820b61f014eb3af09a3fcb37be99342/jiffy-tag-0.13.0/jiffy'  2>&1`
 :: Getting dependencies
$ cd '/home/pete/wefwefwef/docs/other/194941eb1820b61f014eb3af09a3fcb37be99342/jiffy-tag-0.13.0/jiffy'
$ 5000  `ls -1 deps/  2>&1`
$ cd '/home/pete/wefwefwef/docs/erldocs_other.git'
>>> [rebar] deps = []
 :: Generating erldocs into /home/pete/wefwefwef/docs/other/194941eb1820b61f014eb3af09a3fcb37be99342/repo/0.13.0
Building jiffy
Generating Type Specs - "/home/pete/wefwefwef/docs/other/194941eb1820b61f014eb3af09a3fcb37be99342/jiffy-tag-0.13.0/jiffy/src/jiffy.erl"
Generating Type Specs - "/home/pete/wefwefwef/docs/other/194941eb1820b61f014eb3af09a3fcb37be99342/jiffy-tag-0.13.0/jiffy/src/jiffy_utf8.erl"
Generating XML for application jiffy "/home/pete/wefwefwef/docs/other/194941eb1820b61f014eb3af09a3fcb37be99342/jiffy-tag-0.13.0/jiffy" -> "/home/pete/wefwefwef/docs/other/194941eb1820b61f014eb3af09a3fcb37be99342/repo/0.13.0/.xml/jiffy"
Generated jiffy XMLs: ["/home/pete/wefwefwef/docs/other/194941eb1820b61f014eb3af09a3fcb37be99342/repo/0.13.0/.xml/jiffy/jiffy_utf8.xml",
                       "/home/pete/wefwefwef/docs/other/194941eb1820b61f014eb3af09a3fcb37be99342/repo/0.13.0/.xml/jiffy/jiffy.xml"]
Generating HTML - jiffy "/home/pete/wefwefwef/docs/other/194941eb1820b61f014eb3af09a3fcb37be99342/repo/0.13.0/.xml/jiffy/jiffy.xml"
Reading XML for "/home/pete/wefwefwef/docs/other/194941eb1820b61f014eb3af09a3fcb37be99342/repo/0.13.0/.xml/jiffy/jiffy.xml"
Reading XML for "/home/pete/wefwefwef/docs/other/194941eb1820b61f014eb3af09a3fcb37be99342/repo/0.13.0/.xml/specs_jiffy.xml"
Generating HTML - jiffy_utf8 "/home/pete/wefwefwef/docs/other/194941eb1820b61f014eb3af09a3fcb37be99342/repo/0.13.0/.xml/jiffy/jiffy_utf8.xml"
Reading XML for "/home/pete/wefwefwef/docs/other/194941eb1820b61f014eb3af09a3fcb37be99342/repo/0.13.0/.xml/jiffy/jiffy_utf8.xml"
Reading XML for "/home/pete/wefwefwef/docs/other/194941eb1820b61f014eb3af09a3fcb37be99342/repo/0.13.0/.xml/specs_jiffy_utf8.xml"
Creating index.html ...
Creating erldocs_index.js ...
Woot, finished in 0 Minutes 0 Seconds
 :: Discovering other repos
$ 5000  `rm -r '/home/pete/wefwefwef/docs/other/194941eb1820b61f014eb3af09a3fcb37be99342/jiffy-tag-0.13.0'  2>&1`
 :: Processing https://github.com/barrel-db/jiffy	{rev,tag,"0.12.0","2dbf89f51c547914e994f51457140df9e9a1ca83",undefined,[],[]}
 :: Fetching repo code
$ cd '/home/pete/wefwefwef/docs/other/194941eb1820b61f014eb3af09a3fcb37be99342/jiffy-tag-0.12.0'
$ infinity  `curl --fail --silent --show-error --location --output repo.tar.gz 'https://codeload.github.com/barrel-db/jiffy/tar.gz/0.12.0'  2>&1`
$ cd '/home/pete/wefwefwef/docs/erldocs_other.git'
$ cd '/home/pete/wefwefwef/docs/other/194941eb1820b61f014eb3af09a3fcb37be99342/jiffy-tag-0.12.0/jiffy-0.12.0'
$ 5000  `find -P . -type l -delete  2>&1`
$ cd '/home/pete/wefwefwef/docs/erldocs_other.git'
$ 5000  `mv '/home/pete/wefwefwef/docs/other/194941eb1820b61f014eb3af09a3fcb37be99342/jiffy-tag-0.12.0/jiffy-0.12.0' '/home/pete/wefwefwef/docs/other/194941eb1820b61f014eb3af09a3fcb37be99342/jiffy-tag-0.12.0/jiffy'  2>&1`
 :: Getting dependencies
$ cd '/home/pete/wefwefwef/docs/other/194941eb1820b61f014eb3af09a3fcb37be99342/jiffy-tag-0.12.0/jiffy'
$ 5000  `ls -1 deps/  2>&1`
$ cd '/home/pete/wefwefwef/docs/erldocs_other.git'
>>> [rebar] deps = []
 :: Generating erldocs into /home/pete/wefwefwef/docs/other/194941eb1820b61f014eb3af09a3fcb37be99342/repo/0.12.0
Building jiffy
Generating Type Specs - "/home/pete/wefwefwef/docs/other/194941eb1820b61f014eb3af09a3fcb37be99342/jiffy-tag-0.12.0/jiffy/src/jiffy.erl"
Generating Type Specs - "/home/pete/wefwefwef/docs/other/194941eb1820b61f014eb3af09a3fcb37be99342/jiffy-tag-0.12.0/jiffy/src/jiffy_utf8.erl"
Generating XML for application jiffy "/home/pete/wefwefwef/docs/other/194941eb1820b61f014eb3af09a3fcb37be99342/jiffy-tag-0.12.0/jiffy" -> "/home/pete/wefwefwef/docs/other/194941eb1820b61f014eb3af09a3fcb37be99342/repo/0.12.0/.xml/jiffy"
Generated jiffy XMLs: ["/home/pete/wefwefwef/docs/other/194941eb1820b61f014eb3af09a3fcb37be99342/repo/0.12.0/.xml/jiffy/jiffy_utf8.xml",
                       "/home/pete/wefwefwef/docs/other/194941eb1820b61f014eb3af09a3fcb37be99342/repo/0.12.0/.xml/jiffy/jiffy.xml"]
Generating HTML - jiffy "/home/pete/wefwefwef/docs/other/194941eb1820b61f014eb3af09a3fcb37be99342/repo/0.12.0/.xml/jiffy/jiffy.xml"
Reading XML for "/home/pete/wefwefwef/docs/other/194941eb1820b61f014eb3af09a3fcb37be99342/repo/0.12.0/.xml/jiffy/jiffy.xml"
Reading XML for "/home/pete/wefwefwef/docs/other/194941eb1820b61f014eb3af09a3fcb37be99342/repo/0.12.0/.xml/specs_jiffy.xml"
Generating HTML - jiffy_utf8 "/home/pete/wefwefwef/docs/other/194941eb1820b61f014eb3af09a3fcb37be99342/repo/0.12.0/.xml/jiffy/jiffy_utf8.xml"
Reading XML for "/home/pete/wefwefwef/docs/other/194941eb1820b61f014eb3af09a3fcb37be99342/repo/0.12.0/.xml/jiffy/jiffy_utf8.xml"
Reading XML for "/home/pete/wefwefwef/docs/other/194941eb1820b61f014eb3af09a3fcb37be99342/repo/0.12.0/.xml/specs_jiffy_utf8.xml"
Creating index.html ...
Creating erldocs_index.js ...
Woot, finished in 0 Minutes 0 Seconds
 :: Discovering other repos
$ 5000  `rm -r '/home/pete/wefwefwef/docs/other/194941eb1820b61f014eb3af09a3fcb37be99342/jiffy-tag-0.12.0'  2>&1`
 :: Processing https://github.com/barrel-db/jiffy	{rev,tag,"0.11.3","99867af6e9bfec6bb80b10524d4dc27e39150dee",undefined,[],[]}
 :: Fetching repo code
$ cd '/home/pete/wefwefwef/docs/other/194941eb1820b61f014eb3af09a3fcb37be99342/jiffy-tag-0.11.3'
$ infinity  `curl --fail --silent --show-error --location --output repo.tar.gz 'https://codeload.github.com/barrel-db/jiffy/tar.gz/0.11.3'  2>&1`
$ cd '/home/pete/wefwefwef/docs/erldocs_other.git'
$ cd '/home/pete/wefwefwef/docs/other/194941eb1820b61f014eb3af09a3fcb37be99342/jiffy-tag-0.11.3/jiffy-0.11.3'
$ 5000  `find -P . -type l -delete  2>&1`
$ cd '/home/pete/wefwefwef/docs/erldocs_other.git'
$ 5000  `mv '/home/pete/wefwefwef/docs/other/194941eb1820b61f014eb3af09a3fcb37be99342/jiffy-tag-0.11.3/jiffy-0.11.3' '/home/pete/wefwefwef/docs/other/194941eb1820b61f014eb3af09a3fcb37be99342/jiffy-tag-0.11.3/jiffy'  2>&1`
 :: Getting dependencies
$ cd '/home/pete/wefwefwef/docs/other/194941eb1820b61f014eb3af09a3fcb37be99342/jiffy-tag-0.11.3/jiffy'
$ 5000  `ls -1 deps/  2>&1`
$ cd '/home/pete/wefwefwef/docs/erldocs_other.git'
>>> [rebar] deps = []
 :: Generating erldocs into /home/pete/wefwefwef/docs/other/194941eb1820b61f014eb3af09a3fcb37be99342/repo/0.11.3
Building jiffy
Generating Type Specs - "/home/pete/wefwefwef/docs/other/194941eb1820b61f014eb3af09a3fcb37be99342/jiffy-tag-0.11.3/jiffy/src/jiffy.erl"
Generating Type Specs - "/home/pete/wefwefwef/docs/other/194941eb1820b61f014eb3af09a3fcb37be99342/jiffy-tag-0.11.3/jiffy/src/jiffy_utf8.erl"
Generating XML for application jiffy "/home/pete/wefwefwef/docs/other/194941eb1820b61f014eb3af09a3fcb37be99342/jiffy-tag-0.11.3/jiffy" -> "/home/pete/wefwefwef/docs/other/194941eb1820b61f014eb3af09a3fcb37be99342/repo/0.11.3/.xml/jiffy"
Generated jiffy XMLs: ["/home/pete/wefwefwef/docs/other/194941eb1820b61f014eb3af09a3fcb37be99342/repo/0.11.3/.xml/jiffy/jiffy_utf8.xml",
                       "/home/pete/wefwefwef/docs/other/194941eb1820b61f014eb3af09a3fcb37be99342/repo/0.11.3/.xml/jiffy/jiffy.xml"]
Generating HTML - jiffy "/home/pete/wefwefwef/docs/other/194941eb1820b61f014eb3af09a3fcb37be99342/repo/0.11.3/.xml/jiffy/jiffy.xml"
Reading XML for "/home/pete/wefwefwef/docs/other/194941eb1820b61f014eb3af09a3fcb37be99342/repo/0.11.3/.xml/jiffy/jiffy.xml"
Reading XML for "/home/pete/wefwefwef/docs/other/194941eb1820b61f014eb3af09a3fcb37be99342/repo/0.11.3/.xml/specs_jiffy.xml"
Generating HTML - jiffy_utf8 "/home/pete/wefwefwef/docs/other/194941eb1820b61f014eb3af09a3fcb37be99342/repo/0.11.3/.xml/jiffy/jiffy_utf8.xml"
Reading XML for "/home/pete/wefwefwef/docs/other/194941eb1820b61f014eb3af09a3fcb37be99342/repo/0.11.3/.xml/jiffy/jiffy_utf8.xml"
Reading XML for "/home/pete/wefwefwef/docs/other/194941eb1820b61f014eb3af09a3fcb37be99342/repo/0.11.3/.xml/specs_jiffy_utf8.xml"
Creating index.html ...
Creating erldocs_index.js ...
Woot, finished in 0 Minutes 0 Seconds
 :: Discovering other repos
$ 5000  `rm -r '/home/pete/wefwefwef/docs/other/194941eb1820b61f014eb3af09a3fcb37be99342/jiffy-tag-0.11.3'  2>&1`
 :: Processing https://github.com/barrel-db/jiffy	{rev,tag,"0.11.2","307c3838214bdf78afcfc2becbf65229daa99cd8",undefined,[],[]}
 :: Fetching repo code
$ cd '/home/pete/wefwefwef/docs/other/194941eb1820b61f014eb3af09a3fcb37be99342/jiffy-tag-0.11.2'
$ infinity  `curl --fail --silent --show-error --location --output repo.tar.gz 'https://codeload.github.com/barrel-db/jiffy/tar.gz/0.11.2'  2>&1`
$ cd '/home/pete/wefwefwef/docs/erldocs_other.git'
$ cd '/home/pete/wefwefwef/docs/other/194941eb1820b61f014eb3af09a3fcb37be99342/jiffy-tag-0.11.2/jiffy-0.11.2'
$ 5000  `find -P . -type l -delete  2>&1`
$ cd '/home/pete/wefwefwef/docs/erldocs_other.git'
$ 5000  `mv '/home/pete/wefwefwef/docs/other/194941eb1820b61f014eb3af09a3fcb37be99342/jiffy-tag-0.11.2/jiffy-0.11.2' '/home/pete/wefwefwef/docs/other/194941eb1820b61f014eb3af09a3fcb37be99342/jiffy-tag-0.11.2/jiffy'  2>&1`
 :: Getting dependencies
$ cd '/home/pete/wefwefwef/docs/other/194941eb1820b61f014eb3af09a3fcb37be99342/jiffy-tag-0.11.2/jiffy'
$ 5000  `ls -1 deps/  2>&1`
$ cd '/home/pete/wefwefwef/docs/erldocs_other.git'
>>> [rebar] deps = []
 :: Generating erldocs into /home/pete/wefwefwef/docs/other/194941eb1820b61f014eb3af09a3fcb37be99342/repo/0.11.2
Building jiffy
Generating Type Specs - "/home/pete/wefwefwef/docs/other/194941eb1820b61f014eb3af09a3fcb37be99342/jiffy-tag-0.11.2/jiffy/src/jiffy.erl"
Generating Type Specs - "/home/pete/wefwefwef/docs/other/194941eb1820b61f014eb3af09a3fcb37be99342/jiffy-tag-0.11.2/jiffy/src/jiffy_utf8.erl"
Generating XML for application jiffy "/home/pete/wefwefwef/docs/other/194941eb1820b61f014eb3af09a3fcb37be99342/jiffy-tag-0.11.2/jiffy" -> "/home/pete/wefwefwef/docs/other/194941eb1820b61f014eb3af09a3fcb37be99342/repo/0.11.2/.xml/jiffy"
Generated jiffy XMLs: ["/home/pete/wefwefwef/docs/other/194941eb1820b61f014eb3af09a3fcb37be99342/repo/0.11.2/.xml/jiffy/jiffy_utf8.xml",
                       "/home/pete/wefwefwef/docs/other/194941eb1820b61f014eb3af09a3fcb37be99342/repo/0.11.2/.xml/jiffy/jiffy.xml"]
Generating HTML - jiffy "/home/pete/wefwefwef/docs/other/194941eb1820b61f014eb3af09a3fcb37be99342/repo/0.11.2/.xml/jiffy/jiffy.xml"
Reading XML for "/home/pete/wefwefwef/docs/other/194941eb1820b61f014eb3af09a3fcb37be99342/repo/0.11.2/.xml/jiffy/jiffy.xml"
Reading XML for "/home/pete/wefwefwef/docs/other/194941eb1820b61f014eb3af09a3fcb37be99342/repo/0.11.2/.xml/specs_jiffy.xml"
Generating HTML - jiffy_utf8 "/home/pete/wefwefwef/docs/other/194941eb1820b61f014eb3af09a3fcb37be99342/repo/0.11.2/.xml/jiffy/jiffy_utf8.xml"
Reading XML for "/home/pete/wefwefwef/docs/other/194941eb1820b61f014eb3af09a3fcb37be99342/repo/0.11.2/.xml/jiffy/jiffy_utf8.xml"
Reading XML for "/home/pete/wefwefwef/docs/other/194941eb1820b61f014eb3af09a3fcb37be99342/repo/0.11.2/.xml/specs_jiffy_utf8.xml"
Creating index.html ...
Creating erldocs_index.js ...
Woot, finished in 0 Minutes 0 Seconds
 :: Discovering other repos
$ 5000  `rm -r '/home/pete/wefwefwef/docs/other/194941eb1820b61f014eb3af09a3fcb37be99342/jiffy-tag-0.11.2'  2>&1`
 :: Processing https://github.com/barrel-db/jiffy	{rev,tag,"0.11.1","c45f312b501961eb2167973f0e74ce9faad8b656",undefined,[],[]}
 :: Fetching repo code
$ cd '/home/pete/wefwefwef/docs/other/194941eb1820b61f014eb3af09a3fcb37be99342/jiffy-tag-0.11.1'
$ infinity  `curl --fail --silent --show-error --location --output repo.tar.gz 'https://codeload.github.com/barrel-db/jiffy/tar.gz/0.11.1'  2>&1`
$ cd '/home/pete/wefwefwef/docs/erldocs_other.git'
$ cd '/home/pete/wefwefwef/docs/other/194941eb1820b61f014eb3af09a3fcb37be99342/jiffy-tag-0.11.1/jiffy-0.11.1'
$ 5000  `find -P . -type l -delete  2>&1`
$ cd '/home/pete/wefwefwef/docs/erldocs_other.git'
$ 5000  `mv '/home/pete/wefwefwef/docs/other/194941eb1820b61f014eb3af09a3fcb37be99342/jiffy-tag-0.11.1/jiffy-0.11.1' '/home/pete/wefwefwef/docs/other/194941eb1820b61f014eb3af09a3fcb37be99342/jiffy-tag-0.11.1/jiffy'  2>&1`
 :: Getting dependencies
$ cd '/home/pete/wefwefwef/docs/other/194941eb1820b61f014eb3af09a3fcb37be99342/jiffy-tag-0.11.1/jiffy'
$ 5000  `ls -1 deps/  2>&1`
$ cd '/home/pete/wefwefwef/docs/erldocs_other.git'
>>> [rebar] deps = []
 :: Generating erldocs into /home/pete/wefwefwef/docs/other/194941eb1820b61f014eb3af09a3fcb37be99342/repo/0.11.1
Building jiffy
Generating Type Specs - "/home/pete/wefwefwef/docs/other/194941eb1820b61f014eb3af09a3fcb37be99342/jiffy-tag-0.11.1/jiffy/src/jiffy.erl"
Generating Type Specs - "/home/pete/wefwefwef/docs/other/194941eb1820b61f014eb3af09a3fcb37be99342/jiffy-tag-0.11.1/jiffy/src/jiffy_utf8.erl"
Generating XML for application jiffy "/home/pete/wefwefwef/docs/other/194941eb1820b61f014eb3af09a3fcb37be99342/jiffy-tag-0.11.1/jiffy" -> "/home/pete/wefwefwef/docs/other/194941eb1820b61f014eb3af09a3fcb37be99342/repo/0.11.1/.xml/jiffy"
Generated jiffy XMLs: ["/home/pete/wefwefwef/docs/other/194941eb1820b61f014eb3af09a3fcb37be99342/repo/0.11.1/.xml/jiffy/jiffy_utf8.xml",
                       "/home/pete/wefwefwef/docs/other/194941eb1820b61f014eb3af09a3fcb37be99342/repo/0.11.1/.xml/jiffy/jiffy.xml"]
Generating HTML - jiffy "/home/pete/wefwefwef/docs/other/194941eb1820b61f014eb3af09a3fcb37be99342/repo/0.11.1/.xml/jiffy/jiffy.xml"
Reading XML for "/home/pete/wefwefwef/docs/other/194941eb1820b61f014eb3af09a3fcb37be99342/repo/0.11.1/.xml/jiffy/jiffy.xml"
Reading XML for "/home/pete/wefwefwef/docs/other/194941eb1820b61f014eb3af09a3fcb37be99342/repo/0.11.1/.xml/specs_jiffy.xml"
Generating HTML - jiffy_utf8 "/home/pete/wefwefwef/docs/other/194941eb1820b61f014eb3af09a3fcb37be99342/repo/0.11.1/.xml/jiffy/jiffy_utf8.xml"
Reading XML for "/home/pete/wefwefwef/docs/other/194941eb1820b61f014eb3af09a3fcb37be99342/repo/0.11.1/.xml/jiffy/jiffy_utf8.xml"
Reading XML for "/home/pete/wefwefwef/docs/other/194941eb1820b61f014eb3af09a3fcb37be99342/repo/0.11.1/.xml/specs_jiffy_utf8.xml"
Creating index.html ...
Creating erldocs_index.js ...
Woot, finished in 0 Minutes 0 Seconds
 :: Discovering other repos
$ 5000  `rm -r '/home/pete/wefwefwef/docs/other/194941eb1820b61f014eb3af09a3fcb37be99342/jiffy-tag-0.11.1'  2>&1`
 :: Processing https://github.com/barrel-db/jiffy	{rev,tag,"0.11.0","eb70deb8317cb04d09eed5a298123e6f6d00d6e3",undefined,[],[]}
 :: Fetching repo code
$ cd '/home/pete/wefwefwef/docs/other/194941eb1820b61f014eb3af09a3fcb37be99342/jiffy-tag-0.11.0'
$ infinity  `curl --fail --silent --show-error --location --output repo.tar.gz 'https://codeload.github.com/barrel-db/jiffy/tar.gz/0.11.0'  2>&1`
$ cd '/home/pete/wefwefwef/docs/erldocs_other.git'
$ cd '/home/pete/wefwefwef/docs/other/194941eb1820b61f014eb3af09a3fcb37be99342/jiffy-tag-0.11.0/jiffy-0.11.0'
$ 5000  `find -P . -type l -delete  2>&1`
$ cd '/home/pete/wefwefwef/docs/erldocs_other.git'
$ 5000  `mv '/home/pete/wefwefwef/docs/other/194941eb1820b61f014eb3af09a3fcb37be99342/jiffy-tag-0.11.0/jiffy-0.11.0' '/home/pete/wefwefwef/docs/other/194941eb1820b61f014eb3af09a3fcb37be99342/jiffy-tag-0.11.0/jiffy'  2>&1`
 :: Getting dependencies
$ cd '/home/pete/wefwefwef/docs/other/194941eb1820b61f014eb3af09a3fcb37be99342/jiffy-tag-0.11.0/jiffy'
$ 5000  `ls -1 deps/  2>&1`
$ cd '/home/pete/wefwefwef/docs/erldocs_other.git'
>>> [rebar] deps = []
 :: Generating erldocs into /home/pete/wefwefwef/docs/other/194941eb1820b61f014eb3af09a3fcb37be99342/repo/0.11.0
Building jiffy
Generating Type Specs - "/home/pete/wefwefwef/docs/other/194941eb1820b61f014eb3af09a3fcb37be99342/jiffy-tag-0.11.0/jiffy/src/jiffy.erl"
Generating Type Specs - "/home/pete/wefwefwef/docs/other/194941eb1820b61f014eb3af09a3fcb37be99342/jiffy-tag-0.11.0/jiffy/src/jiffy_utf8.erl"
Generating XML for application jiffy "/home/pete/wefwefwef/docs/other/194941eb1820b61f014eb3af09a3fcb37be99342/jiffy-tag-0.11.0/jiffy" -> "/home/pete/wefwefwef/docs/other/194941eb1820b61f014eb3af09a3fcb37be99342/repo/0.11.0/.xml/jiffy"
Generated jiffy XMLs: ["/home/pete/wefwefwef/docs/other/194941eb1820b61f014eb3af09a3fcb37be99342/repo/0.11.0/.xml/jiffy/jiffy_utf8.xml",
                       "/home/pete/wefwefwef/docs/other/194941eb1820b61f014eb3af09a3fcb37be99342/repo/0.11.0/.xml/jiffy/jiffy.xml"]
Generating HTML - jiffy "/home/pete/wefwefwef/docs/other/194941eb1820b61f014eb3af09a3fcb37be99342/repo/0.11.0/.xml/jiffy/jiffy.xml"
Reading XML for "/home/pete/wefwefwef/docs/other/194941eb1820b61f014eb3af09a3fcb37be99342/repo/0.11.0/.xml/jiffy/jiffy.xml"
Reading XML for "/home/pete/wefwefwef/docs/other/194941eb1820b61f014eb3af09a3fcb37be99342/repo/0.11.0/.xml/specs_jiffy.xml"
Generating HTML - jiffy_utf8 "/home/pete/wefwefwef/docs/other/194941eb1820b61f014eb3af09a3fcb37be99342/repo/0.11.0/.xml/jiffy/jiffy_utf8.xml"
Reading XML for "/home/pete/wefwefwef/docs/other/194941eb1820b61f014eb3af09a3fcb37be99342/repo/0.11.0/.xml/jiffy/jiffy_utf8.xml"
Reading XML for "/home/pete/wefwefwef/docs/other/194941eb1820b61f014eb3af09a3fcb37be99342/repo/0.11.0/.xml/specs_jiffy_utf8.xml"
Creating index.html ...
Creating erldocs_index.js ...
Woot, finished in 0 Minutes 0 Seconds
 :: Discovering other repos
$ 5000  `rm -r '/home/pete/wefwefwef/docs/other/194941eb1820b61f014eb3af09a3fcb37be99342/jiffy-tag-0.11.0'  2>&1`
 :: Processing https://github.com/barrel-db/jiffy	{rev,tag,"0.10.1","577d7e023122e2f11a83b5a2df45e69eb826a6fe",undefined,[],[]}
 :: Fetching repo code
$ cd '/home/pete/wefwefwef/docs/other/194941eb1820b61f014eb3af09a3fcb37be99342/jiffy-tag-0.10.1'
$ infinity  `curl --fail --silent --show-error --location --output repo.tar.gz 'https://codeload.github.com/barrel-db/jiffy/tar.gz/0.10.1'  2>&1`
$ cd '/home/pete/wefwefwef/docs/erldocs_other.git'
$ cd '/home/pete/wefwefwef/docs/other/194941eb1820b61f014eb3af09a3fcb37be99342/jiffy-tag-0.10.1/jiffy-0.10.1'
$ 5000  `find -P . -type l -delete  2>&1`
$ cd '/home/pete/wefwefwef/docs/erldocs_other.git'
$ 5000  `mv '/home/pete/wefwefwef/docs/other/194941eb1820b61f014eb3af09a3fcb37be99342/jiffy-tag-0.10.1/jiffy-0.10.1' '/home/pete/wefwefwef/docs/other/194941eb1820b61f014eb3af09a3fcb37be99342/jiffy-tag-0.10.1/jiffy'  2>&1`
 :: Getting dependencies
$ cd '/home/pete/wefwefwef/docs/other/194941eb1820b61f014eb3af09a3fcb37be99342/jiffy-tag-0.10.1/jiffy'
$ 5000  `ls -1 deps/  2>&1`
$ cd '/home/pete/wefwefwef/docs/erldocs_other.git'
>>> [rebar] deps = []
 :: Generating erldocs into /home/pete/wefwefwef/docs/other/194941eb1820b61f014eb3af09a3fcb37be99342/repo/0.10.1
Building jiffy
Generating Type Specs - "/home/pete/wefwefwef/docs/other/194941eb1820b61f014eb3af09a3fcb37be99342/jiffy-tag-0.10.1/jiffy/src/jiffy.erl"
Generating Type Specs - "/home/pete/wefwefwef/docs/other/194941eb1820b61f014eb3af09a3fcb37be99342/jiffy-tag-0.10.1/jiffy/src/jiffy_utf8.erl"
Generating XML for application jiffy "/home/pete/wefwefwef/docs/other/194941eb1820b61f014eb3af09a3fcb37be99342/jiffy-tag-0.10.1/jiffy" -> "/home/pete/wefwefwef/docs/other/194941eb1820b61f014eb3af09a3fcb37be99342/repo/0.10.1/.xml/jiffy"
Generated jiffy XMLs: ["/home/pete/wefwefwef/docs/other/194941eb1820b61f014eb3af09a3fcb37be99342/repo/0.10.1/.xml/jiffy/jiffy_utf8.xml",
                       "/home/pete/wefwefwef/docs/other/194941eb1820b61f014eb3af09a3fcb37be99342/repo/0.10.1/.xml/jiffy/jiffy.xml"]
Generating HTML - jiffy "/home/pete/wefwefwef/docs/other/194941eb1820b61f014eb3af09a3fcb37be99342/repo/0.10.1/.xml/jiffy/jiffy.xml"
Reading XML for "/home/pete/wefwefwef/docs/other/194941eb1820b61f014eb3af09a3fcb37be99342/repo/0.10.1/.xml/jiffy/jiffy.xml"
Reading XML for "/home/pete/wefwefwef/docs/other/194941eb1820b61f014eb3af09a3fcb37be99342/repo/0.10.1/.xml/specs_jiffy.xml"
Generating HTML - jiffy_utf8 "/home/pete/wefwefwef/docs/other/194941eb1820b61f014eb3af09a3fcb37be99342/repo/0.10.1/.xml/jiffy/jiffy_utf8.xml"
Reading XML for "/home/pete/wefwefwef/docs/other/194941eb1820b61f014eb3af09a3fcb37be99342/repo/0.10.1/.xml/jiffy/jiffy_utf8.xml"
Reading XML for "/home/pete/wefwefwef/docs/other/194941eb1820b61f014eb3af09a3fcb37be99342/repo/0.10.1/.xml/specs_jiffy_utf8.xml"
Creating index.html ...
Creating erldocs_index.js ...
Woot, finished in 0 Minutes 0 Seconds
 :: Discovering other repos
$ 5000  `rm -r '/home/pete/wefwefwef/docs/other/194941eb1820b61f014eb3af09a3fcb37be99342/jiffy-tag-0.10.1'  2>&1`
 :: Processing https://github.com/barrel-db/jiffy	{rev,tag,"0.10.0","bda503527d59b396a3bcca5db796fff230c8cabd",undefined,[],[]}
 :: Fetching repo code
$ cd '/home/pete/wefwefwef/docs/other/194941eb1820b61f014eb3af09a3fcb37be99342/jiffy-tag-0.10.0'
$ infinity  `curl --fail --silent --show-error --location --output repo.tar.gz 'https://codeload.github.com/barrel-db/jiffy/tar.gz/0.10.0'  2>&1`
$ cd '/home/pete/wefwefwef/docs/erldocs_other.git'
$ cd '/home/pete/wefwefwef/docs/other/194941eb1820b61f014eb3af09a3fcb37be99342/jiffy-tag-0.10.0/jiffy-0.10.0'
$ 5000  `find -P . -type l -delete  2>&1`
$ cd '/home/pete/wefwefwef/docs/erldocs_other.git'
$ 5000  `mv '/home/pete/wefwefwef/docs/other/194941eb1820b61f014eb3af09a3fcb37be99342/jiffy-tag-0.10.0/jiffy-0.10.0' '/home/pete/wefwefwef/docs/other/194941eb1820b61f014eb3af09a3fcb37be99342/jiffy-tag-0.10.0/jiffy'  2>&1`
 :: Getting dependencies
$ cd '/home/pete/wefwefwef/docs/other/194941eb1820b61f014eb3af09a3fcb37be99342/jiffy-tag-0.10.0/jiffy'
$ 5000  `ls -1 deps/  2>&1`
$ cd '/home/pete/wefwefwef/docs/erldocs_other.git'
>>> [rebar] deps = []
 :: Generating erldocs into /home/pete/wefwefwef/docs/other/194941eb1820b61f014eb3af09a3fcb37be99342/repo/0.10.0
Building jiffy
Generating Type Specs - "/home/pete/wefwefwef/docs/other/194941eb1820b61f014eb3af09a3fcb37be99342/jiffy-tag-0.10.0/jiffy/src/jiffy.erl"
Generating Type Specs - "/home/pete/wefwefwef/docs/other/194941eb1820b61f014eb3af09a3fcb37be99342/jiffy-tag-0.10.0/jiffy/src/jiffy_utf8.erl"
Generating XML for application jiffy "/home/pete/wefwefwef/docs/other/194941eb1820b61f014eb3af09a3fcb37be99342/jiffy-tag-0.10.0/jiffy" -> "/home/pete/wefwefwef/docs/other/194941eb1820b61f014eb3af09a3fcb37be99342/repo/0.10.0/.xml/jiffy"
Generated jiffy XMLs: ["/home/pete/wefwefwef/docs/other/194941eb1820b61f014eb3af09a3fcb37be99342/repo/0.10.0/.xml/jiffy/jiffy_utf8.xml",
                       "/home/pete/wefwefwef/docs/other/194941eb1820b61f014eb3af09a3fcb37be99342/repo/0.10.0/.xml/jiffy/jiffy.xml"]
Generating HTML - jiffy "/home/pete/wefwefwef/docs/other/194941eb1820b61f014eb3af09a3fcb37be99342/repo/0.10.0/.xml/jiffy/jiffy.xml"
Reading XML for "/home/pete/wefwefwef/docs/other/194941eb1820b61f014eb3af09a3fcb37be99342/repo/0.10.0/.xml/jiffy/jiffy.xml"
Reading XML for "/home/pete/wefwefwef/docs/other/194941eb1820b61f014eb3af09a3fcb37be99342/repo/0.10.0/.xml/specs_jiffy.xml"
Generating HTML - jiffy_utf8 "/home/pete/wefwefwef/docs/other/194941eb1820b61f014eb3af09a3fcb37be99342/repo/0.10.0/.xml/jiffy/jiffy_utf8.xml"
Reading XML for "/home/pete/wefwefwef/docs/other/194941eb1820b61f014eb3af09a3fcb37be99342/repo/0.10.0/.xml/jiffy/jiffy_utf8.xml"
Reading XML for "/home/pete/wefwefwef/docs/other/194941eb1820b61f014eb3af09a3fcb37be99342/repo/0.10.0/.xml/specs_jiffy_utf8.xml"
Creating index.html ...
Creating erldocs_index.js ...
Woot, finished in 0 Minutes 0 Seconds
 :: Discovering other repos
$ 5000  `rm -r '/home/pete/wefwefwef/docs/other/194941eb1820b61f014eb3af09a3fcb37be99342/jiffy-tag-0.10.0'  2>&1`
 :: Processing https://github.com/barrel-db/jiffy	{rev,tag,"0.1.0","d1a4738dada0fa0391cca903cd9f96dd353b7825",undefined,[],[]}
 :: Fetching repo code
$ cd '/home/pete/wefwefwef/docs/other/194941eb1820b61f014eb3af09a3fcb37be99342/jiffy-tag-0.1.0'
$ infinity  `curl --fail --silent --show-error --location --output repo.tar.gz 'https://codeload.github.com/barrel-db/jiffy/tar.gz/0.1.0'  2>&1`
$ cd '/home/pete/wefwefwef/docs/erldocs_other.git'
$ cd '/home/pete/wefwefwef/docs/other/194941eb1820b61f014eb3af09a3fcb37be99342/jiffy-tag-0.1.0/jiffy-0.1.0'
$ 5000  `find -P . -type l -delete  2>&1`
$ cd '/home/pete/wefwefwef/docs/erldocs_other.git'
$ 5000  `mv '/home/pete/wefwefwef/docs/other/194941eb1820b61f014eb3af09a3fcb37be99342/jiffy-tag-0.1.0/jiffy-0.1.0' '/home/pete/wefwefwef/docs/other/194941eb1820b61f014eb3af09a3fcb37be99342/jiffy-tag-0.1.0/jiffy'  2>&1`
 :: Getting dependencies
$ cd '/home/pete/wefwefwef/docs/other/194941eb1820b61f014eb3af09a3fcb37be99342/jiffy-tag-0.1.0/jiffy'
$ 5000  `ls -1 deps/  2>&1`
$ cd '/home/pete/wefwefwef/docs/erldocs_other.git'
>>> [rebar] deps = []
 :: Generating erldocs into /home/pete/wefwefwef/docs/other/194941eb1820b61f014eb3af09a3fcb37be99342/repo/0.1.0
Building jiffy
Generating Type Specs - "/home/pete/wefwefwef/docs/other/194941eb1820b61f014eb3af09a3fcb37be99342/jiffy-tag-0.1.0/jiffy/src/jiffy.erl"
Generating XML for application jiffy "/home/pete/wefwefwef/docs/other/194941eb1820b61f014eb3af09a3fcb37be99342/jiffy-tag-0.1.0/jiffy" -> "/home/pete/wefwefwef/docs/other/194941eb1820b61f014eb3af09a3fcb37be99342/repo/0.1.0/.xml/jiffy"
Generated jiffy XMLs: ["/home/pete/wefwefwef/docs/other/194941eb1820b61f014eb3af09a3fcb37be99342/repo/0.1.0/.xml/jiffy/jiffy.xml"]
Generating HTML - jiffy "/home/pete/wefwefwef/docs/other/194941eb1820b61f014eb3af09a3fcb37be99342/repo/0.1.0/.xml/jiffy/jiffy.xml"
Reading XML for "/home/pete/wefwefwef/docs/other/194941eb1820b61f014eb3af09a3fcb37be99342/repo/0.1.0/.xml/jiffy/jiffy.xml"
Reading XML for "/home/pete/wefwefwef/docs/other/194941eb1820b61f014eb3af09a3fcb37be99342/repo/0.1.0/.xml/specs_jiffy.xml"
Creating index.html ...
Creating erldocs_index.js ...
Woot, finished in 0 Minutes 0 Seconds
 :: Discovering other repos
$ 5000  `rm -r '/home/pete/wefwefwef/docs/other/194941eb1820b61f014eb3af09a3fcb37be99342/jiffy-tag-0.1.0'  2>&1`
 :: Finishing up
$ 5000  `rm -r '/home/pete/wefwefwef/docs/other/194941eb1820b61f014eb3af09a3fcb37be99342/jiffy'  2>&1`
