 :: Extracting meta information
$ 5000  `git ls-remote --heads --tags 'https://github.com/jun-xu/erl-zab'  2>&1`
>>> [repo] 1 branches, 0 tags
 :: Writing meta to "/home/pete/wefwefwef/docs/other/9697364693/meta.txt"
 :: Processing https://github.com/jun-xu/erl-zab	{rev,branch,"master","2e29f083b038d62e7a71b7568e2017edfbc6537d"}
 :: Fetching repo code
$ cd "/home/pete/wefwefwef/docs/other/9697364693/erl-zab-branch-master/erl-zab"
$ infinity  `curl --fail --silent --show-error --location --output 'master.zip' 'https://github.com/jun-xu/erl-zab/archive/master.zip'  2>&1`
$ cd "/home/pete/wefwefwef/docs/erldocs_other.git"
$ cd "/home/pete/wefwefwef/docs/other/9697364693/erl-zab-branch-master/erl-zab"
$ 5000  `find -P . -type l -delete  2>&1`
$ cd "/home/pete/wefwefwef/docs/erldocs_other.git"
$ cd "/home/pete/wefwefwef/docs/other/9697364693/erl-zab-branch-master/erl-zab"
$ 5000  `find 'erl-zab-master' -mindepth 1 -maxdepth 1 -exec mv -t . -- {} +  2>&1`
$ cd "/home/pete/wefwefwef/docs/erldocs_other.git"
 :: Getting dependencies
$ cd "/home/pete/wefwefwef/docs/other/9697364693/erl-zab-branch-master/erl-zab"
$ 5000  `ls -1 deps/  2>&1`
$ cd "/home/pete/wefwefwef/docs/erldocs_other.git"
>>> [rebar] deps = []
 :: Generating erldocs into /home/pete/wefwefwef/docs/other/9697364693/repo/master
Building erl-zab
Generating Type Specs - "/home/pete/wefwefwef/docs/other/9697364693/erl-zab-branch-master/erl-zab/src/election.erl"
Generating Type Specs - "/home/pete/wefwefwef/docs/other/9697364693/erl-zab-branch-master/erl-zab/src/election_msg_sender.erl"
Generating Type Specs - "/home/pete/wefwefwef/docs/other/9697364693/erl-zab-branch-master/erl-zab/src/fast_leader_election_impl.erl"
Generating Type Specs - "/home/pete/wefwefwef/docs/other/9697364693/erl-zab-branch-master/erl-zab/src/file_txn_log_ex.erl"
Generating Type Specs - "/home/pete/wefwefwef/docs/other/9697364693/erl-zab-branch-master/erl-zab/src/math_apply.erl"
Generating Type Specs - "/home/pete/wefwefwef/docs/other/9697364693/erl-zab-branch-master/erl-zab/src/ptest.erl"
Generating Type Specs - "/home/pete/wefwefwef/docs/other/9697364693/erl-zab-branch-master/erl-zab/src/ptest_apply.erl"
Generating Type Specs - "/home/pete/wefwefwef/docs/other/9697364693/erl-zab-branch-master/erl-zab/src/zab.erl"
Generating Type Specs - "/home/pete/wefwefwef/docs/other/9697364693/erl-zab-branch-master/erl-zab/src/zab_app.erl"
Generating Type Specs - "/home/pete/wefwefwef/docs/other/9697364693/erl-zab-branch-master/erl-zab/src/zab_apply_server.erl"
Generating Type Specs - "/home/pete/wefwefwef/docs/other/9697364693/erl-zab-branch-master/erl-zab/src/zab_manager.erl"
Generating Type Specs - "/home/pete/wefwefwef/docs/other/9697364693/erl-zab-branch-master/erl-zab/src/zab_sup.erl"
Generating Type Specs - "/home/pete/wefwefwef/docs/other/9697364693/erl-zab-branch-master/erl-zab/src/zab_sync_follower.erl"
Generating Type Specs - "/home/pete/wefwefwef/docs/other/9697364693/erl-zab-branch-master/erl-zab/src/zab_sync_leader.erl"
Generating Type Specs - "/home/pete/wefwefwef/docs/other/9697364693/erl-zab-branch-master/erl-zab/src/zab_util.erl"
Generating XML for application erl-zab "/home/pete/wefwefwef/docs/other/9697364693/erl-zab-branch-master/erl-zab" -> "/home/pete/wefwefwef/docs/other/9697364693/repo/master/.xml/erl-zab"
Generated erl-zab XMLs: ["/home/pete/wefwefwef/docs/other/9697364693/repo/master/.xml/erl-zab/zab.xml",
                         "/home/pete/wefwefwef/docs/other/9697364693/repo/master/.xml/erl-zab/zab_sync_leader.xml",
                         "/home/pete/wefwefwef/docs/other/9697364693/repo/master/.xml/erl-zab/election.xml",
                         "/home/pete/wefwefwef/docs/other/9697364693/repo/master/.xml/erl-zab/ptest.xml",
                         "/home/pete/wefwefwef/docs/other/9697364693/repo/master/.xml/erl-zab/zab_sup.xml",
                         "/home/pete/wefwefwef/docs/other/9697364693/repo/master/.xml/erl-zab/zab_apply_server.xml",
                         "/home/pete/wefwefwef/docs/other/9697364693/repo/master/.xml/erl-zab/zab_sync_follower.xml",
                         "/home/pete/wefwefwef/docs/other/9697364693/repo/master/.xml/erl-zab/zab_manager.xml",
                         "/home/pete/wefwefwef/docs/other/9697364693/repo/master/.xml/erl-zab/fast_leader_election_impl.xml",
                         "/home/pete/wefwefwef/docs/other/9697364693/repo/master/.xml/erl-zab/election_msg_sender.xml",
                         "/home/pete/wefwefwef/docs/other/9697364693/repo/master/.xml/erl-zab/ptest_apply.xml",
                         "/home/pete/wefwefwef/docs/other/9697364693/repo/master/.xml/erl-zab/math_apply.xml",
                         "/home/pete/wefwefwef/docs/other/9697364693/repo/master/.xml/erl-zab/zab_app.xml",
                         "/home/pete/wefwefwef/docs/other/9697364693/repo/master/.xml/erl-zab/zab_util.xml",
                         "/home/pete/wefwefwef/docs/other/9697364693/repo/master/.xml/erl-zab/file_txn_log_ex.xml"]
Generating HTML - election "/home/pete/wefwefwef/docs/other/9697364693/repo/master/.xml/erl-zab/election.xml"
Generating HTML - zab_apply_server "/home/pete/wefwefwef/docs/other/9697364693/repo/master/.xml/erl-zab/zab_apply_server.xml"
Generating HTML - fast_leader_election_impl "/home/pete/wefwefwef/docs/other/9697364693/repo/master/.xml/erl-zab/fast_leader_election_impl.xml"
Generating HTML - file_txn_log_ex "/home/pete/wefwefwef/docs/other/9697364693/repo/master/.xml/erl-zab/file_txn_log_ex.xml"
Reading XML for "/home/pete/wefwefwef/docs/other/9697364693/repo/master/.xml/erl-zab/election.xml"
Reading XML for "/home/pete/wefwefwef/docs/other/9697364693/repo/master/.xml/erl-zab/zab_apply_server.xml"
Reading XML for "/home/pete/wefwefwef/docs/other/9697364693/repo/master/.xml/erl-zab/fast_leader_election_impl.xml"
Reading XML for "/home/pete/wefwefwef/docs/other/9697364693/repo/master/.xml/erl-zab/file_txn_log_ex.xml"
Reading XML for "/home/pete/wefwefwef/docs/other/9697364693/repo/master/.xml/specs_election.xml"
Reading XML for "/home/pete/wefwefwef/docs/other/9697364693/repo/master/.xml/specs_zab_apply_server.xml"
Generating HTML - zab_sync_leader "/home/pete/wefwefwef/docs/other/9697364693/repo/master/.xml/erl-zab/zab_sync_leader.xml"
Reading XML for "/home/pete/wefwefwef/docs/other/9697364693/repo/master/.xml/specs_fast_leader_election_impl.xml"
Reading XML for "/home/pete/wefwefwef/docs/other/9697364693/repo/master/.xml/erl-zab/zab_sync_leader.xml"
Generating HTML - zab_sup "/home/pete/wefwefwef/docs/other/9697364693/repo/master/.xml/erl-zab/zab_sup.xml"
Reading XML for "/home/pete/wefwefwef/docs/other/9697364693/repo/master/.xml/erl-zab/zab_sup.xml"
Reading XML for "/home/pete/wefwefwef/docs/other/9697364693/repo/master/.xml/specs_file_txn_log_ex.xml"
Generating HTML - zab_manager "/home/pete/wefwefwef/docs/other/9697364693/repo/master/.xml/erl-zab/zab_manager.xml"
Reading XML for "/home/pete/wefwefwef/docs/other/9697364693/repo/master/.xml/erl-zab/zab_manager.xml"
Generating HTML - zab_util "/home/pete/wefwefwef/docs/other/9697364693/repo/master/.xml/erl-zab/zab_util.xml"
Reading XML for "/home/pete/wefwefwef/docs/other/9697364693/repo/master/.xml/erl-zab/zab_util.xml"
Reading XML for "/home/pete/wefwefwef/docs/other/9697364693/repo/master/.xml/specs_zab_sync_leader.xml"
Reading XML for "/home/pete/wefwefwef/docs/other/9697364693/repo/master/.xml/specs_zab_sup.xml"
Generating HTML - ptest "/home/pete/wefwefwef/docs/other/9697364693/repo/master/.xml/erl-zab/ptest.xml"
Reading XML for "/home/pete/wefwefwef/docs/other/9697364693/repo/master/.xml/erl-zab/ptest.xml"
Generating HTML - zab "/home/pete/wefwefwef/docs/other/9697364693/repo/master/.xml/erl-zab/zab.xml"
Reading XML for "/home/pete/wefwefwef/docs/other/9697364693/repo/master/.xml/erl-zab/zab.xml"
Reading XML for "/home/pete/wefwefwef/docs/other/9697364693/repo/master/.xml/specs_zab_manager.xml"
Reading XML for "/home/pete/wefwefwef/docs/other/9697364693/repo/master/.xml/specs_zab_util.xml"
Generating HTML - zab_sync_follower "/home/pete/wefwefwef/docs/other/9697364693/repo/master/.xml/erl-zab/zab_sync_follower.xml"
Reading XML for "/home/pete/wefwefwef/docs/other/9697364693/repo/master/.xml/erl-zab/zab_sync_follower.xml"
Generating HTML - zab_app "/home/pete/wefwefwef/docs/other/9697364693/repo/master/.xml/erl-zab/zab_app.xml"
Reading XML for "/home/pete/wefwefwef/docs/other/9697364693/repo/master/.xml/erl-zab/zab_app.xml"
Reading XML for "/home/pete/wefwefwef/docs/other/9697364693/repo/master/.xml/specs_ptest.xml"
Reading XML for "/home/pete/wefwefwef/docs/other/9697364693/repo/master/.xml/specs_zab.xml"
Reading XML for "/home/pete/wefwefwef/docs/other/9697364693/repo/master/.xml/specs_zab_app.xml"
Generating HTML - math_apply "/home/pete/wefwefwef/docs/other/9697364693/repo/master/.xml/erl-zab/math_apply.xml"
Reading XML for "/home/pete/wefwefwef/docs/other/9697364693/repo/master/.xml/erl-zab/math_apply.xml"
Reading XML for "/home/pete/wefwefwef/docs/other/9697364693/repo/master/.xml/specs_zab_sync_follower.xml"
Reading XML for "/home/pete/wefwefwef/docs/other/9697364693/repo/master/.xml/specs_math_apply.xml"
Generating HTML - ptest_apply "/home/pete/wefwefwef/docs/other/9697364693/repo/master/.xml/erl-zab/ptest_apply.xml"
Reading XML for "/home/pete/wefwefwef/docs/other/9697364693/repo/master/.xml/erl-zab/ptest_apply.xml"
Reading XML for "/home/pete/wefwefwef/docs/other/9697364693/repo/master/.xml/specs_ptest_apply.xml"
Generating HTML - election_msg_sender "/home/pete/wefwefwef/docs/other/9697364693/repo/master/.xml/erl-zab/election_msg_sender.xml"
Reading XML for "/home/pete/wefwefwef/docs/other/9697364693/repo/master/.xml/erl-zab/election_msg_sender.xml"
Reading XML for "/home/pete/wefwefwef/docs/other/9697364693/repo/master/.xml/specs_election_msg_sender.xml"
Creating index.html ...
Creating erldocs_index.js ...
Woot, finished in 0 Minutes 2 Seconds
 :: Discovering other repos
$ 5000  `rm -r '/home/pete/wefwefwef/docs/other/9697364693/erl-zab-branch-master'  2>&1`
 :: Erldocs finishing up
$ 5000  `rm -r '/home/pete/wefwefwef/docs/other/9697364693/erl-zab'  2>&1`
