 :: Extracting meta information
$ 5000  `git ls-remote --heads --tags 'https://github.com/mhaemmerle/entitas_erl'  2>&1`
>>> [repo] 1 branches, 0 tags
 :: Writing meta to "/home/pete/wefwefwef/docs/other/5491384458/meta.txt"
 :: Processing https://github.com/mhaemmerle/entitas_erl	{rev,branch,"master","8d7632e0901a48955d23181c3dc8177ca579ef6b",undefined,[],[]}
 :: Fetching repo code
$ cd "/home/pete/wefwefwef/docs/other/5491384458/entitas_erl-branch-master/entitas_erl"
$ infinity  `curl --fail --silent --show-error --location --output 'master.zip' 'https://github.com/mhaemmerle/entitas_erl/archive/master.zip'  2>&1`
$ cd "/home/pete/wefwefwef/docs/erldocs_other.git"
$ cd "/home/pete/wefwefwef/docs/other/5491384458/entitas_erl-branch-master/entitas_erl"
$ 5000  `find -P . -type l -delete  2>&1`
$ cd "/home/pete/wefwefwef/docs/erldocs_other.git"
$ cd "/home/pete/wefwefwef/docs/other/5491384458/entitas_erl-branch-master/entitas_erl"
$ 5000  `find 'entitas_erl-master' -mindepth 1 -maxdepth 1 -exec mv -t . -- {} +  2>&1`
$ cd "/home/pete/wefwefwef/docs/erldocs_other.git"
 :: Getting dependencies
$ cd "/home/pete/wefwefwef/docs/other/5491384458/entitas_erl-branch-master/entitas_erl"
$ 5000  `ls -1 deps/  2>&1`
$ cd "/home/pete/wefwefwef/docs/erldocs_other.git"
>>> [rebar] deps = []
 :: Generating erldocs into /home/pete/wefwefwef/docs/other/5491384458/repo/master
Building entitas_erl
Generating Type Specs - "/home/pete/wefwefwef/docs/other/5491384458/entitas_erl-branch-master/entitas_erl/src/es.erl"
Generating Type Specs - "/home/pete/wefwefwef/docs/other/5491384458/entitas_erl-branch-master/entitas_erl/src/es_app.erl"
Generating Type Specs - "/home/pete/wefwefwef/docs/other/5491384458/entitas_erl-branch-master/entitas_erl/src/es_collection.erl"
Generating Type Specs - "/home/pete/wefwefwef/docs/other/5491384458/entitas_erl-branch-master/entitas_erl/src/es_component.erl"
Generating Type Specs - "/home/pete/wefwefwef/docs/other/5491384458/entitas_erl-branch-master/entitas_erl/src/es_entity.erl"
Generating Type Specs - "/home/pete/wefwefwef/docs/other/5491384458/entitas_erl-branch-master/entitas_erl/src/es_matcher.erl"
Generating Type Specs - "/home/pete/wefwefwef/docs/other/5491384458/entitas_erl-branch-master/entitas_erl/src/es_repository.erl"
Generating Type Specs - "/home/pete/wefwefwef/docs/other/5491384458/entitas_erl-branch-master/entitas_erl/src/es_repository_dict.erl"
Generating Type Specs - "/home/pete/wefwefwef/docs/other/5491384458/entitas_erl-branch-master/entitas_erl/src/es_repository_ets.erl"
Generating Type Specs - "/home/pete/wefwefwef/docs/other/5491384458/entitas_erl-branch-master/entitas_erl/src/es_sup.erl"
Generating Type Specs - "/home/pete/wefwefwef/docs/other/5491384458/entitas_erl-branch-master/entitas_erl/src/es_system.erl"
Generating XML for application entitas_erl "/home/pete/wefwefwef/docs/other/5491384458/entitas_erl-branch-master/entitas_erl" -> "/home/pete/wefwefwef/docs/other/5491384458/repo/master/.xml/entitas_erl"
Generated entitas_erl XMLs: ["/home/pete/wefwefwef/docs/other/5491384458/repo/master/.xml/entitas_erl/es_system.xml",
                             "/home/pete/wefwefwef/docs/other/5491384458/repo/master/.xml/entitas_erl/es.xml",
                             "/home/pete/wefwefwef/docs/other/5491384458/repo/master/.xml/entitas_erl/es_component.xml",
                             "/home/pete/wefwefwef/docs/other/5491384458/repo/master/.xml/entitas_erl/es_sup.xml",
                             "/home/pete/wefwefwef/docs/other/5491384458/repo/master/.xml/entitas_erl/es_repository_ets.xml",
                             "/home/pete/wefwefwef/docs/other/5491384458/repo/master/.xml/entitas_erl/es_app.xml",
                             "/home/pete/wefwefwef/docs/other/5491384458/repo/master/.xml/entitas_erl/es_entity.xml",
                             "/home/pete/wefwefwef/docs/other/5491384458/repo/master/.xml/entitas_erl/es_collection.xml",
                             "/home/pete/wefwefwef/docs/other/5491384458/repo/master/.xml/entitas_erl/es_repository_dict.xml",
                             "/home/pete/wefwefwef/docs/other/5491384458/repo/master/.xml/entitas_erl/es_matcher.xml",
                             "/home/pete/wefwefwef/docs/other/5491384458/repo/master/.xml/entitas_erl/es_repository.xml"]
Generating HTML - es "/home/pete/wefwefwef/docs/other/5491384458/repo/master/.xml/entitas_erl/es.xml"
Generating HTML - es_sup "/home/pete/wefwefwef/docs/other/5491384458/repo/master/.xml/entitas_erl/es_sup.xml"
Generating HTML - es_app "/home/pete/wefwefwef/docs/other/5491384458/repo/master/.xml/entitas_erl/es_app.xml"
Generating HTML - es_repository "/home/pete/wefwefwef/docs/other/5491384458/repo/master/.xml/entitas_erl/es_repository.xml"
Reading XML for "/home/pete/wefwefwef/docs/other/5491384458/repo/master/.xml/entitas_erl/es.xml"
Reading XML for "/home/pete/wefwefwef/docs/other/5491384458/repo/master/.xml/entitas_erl/es_sup.xml"
Reading XML for "/home/pete/wefwefwef/docs/other/5491384458/repo/master/.xml/entitas_erl/es_app.xml"
Reading XML for "/home/pete/wefwefwef/docs/other/5491384458/repo/master/.xml/entitas_erl/es_repository.xml"
Reading XML for "/home/pete/wefwefwef/docs/other/5491384458/repo/master/.xml/specs_es_app.xml"
Reading XML for "/home/pete/wefwefwef/docs/other/5491384458/repo/master/.xml/specs_es.xml"
Generating HTML - es_repository_ets "/home/pete/wefwefwef/docs/other/5491384458/repo/master/.xml/entitas_erl/es_repository_ets.xml"
Reading XML for "/home/pete/wefwefwef/docs/other/5491384458/repo/master/.xml/entitas_erl/es_repository_ets.xml"
Reading XML for "/home/pete/wefwefwef/docs/other/5491384458/repo/master/.xml/specs_es_sup.xml"
Generating HTML - es_system "/home/pete/wefwefwef/docs/other/5491384458/repo/master/.xml/entitas_erl/es_system.xml"
Reading XML for "/home/pete/wefwefwef/docs/other/5491384458/repo/master/.xml/entitas_erl/es_system.xml"
Generating HTML - es_component "/home/pete/wefwefwef/docs/other/5491384458/repo/master/.xml/entitas_erl/es_component.xml"
Reading XML for "/home/pete/wefwefwef/docs/other/5491384458/repo/master/.xml/entitas_erl/es_component.xml"
Reading XML for "/home/pete/wefwefwef/docs/other/5491384458/repo/master/.xml/specs_es_repository.xml"
Generating HTML - es_matcher "/home/pete/wefwefwef/docs/other/5491384458/repo/master/.xml/entitas_erl/es_matcher.xml"
Reading XML for "/home/pete/wefwefwef/docs/other/5491384458/repo/master/.xml/entitas_erl/es_matcher.xml"
Reading XML for "/home/pete/wefwefwef/docs/other/5491384458/repo/master/.xml/specs_es_repository_ets.xml"
Reading XML for "/home/pete/wefwefwef/docs/other/5491384458/repo/master/.xml/specs_es_system.xml"
Reading XML for "/home/pete/wefwefwef/docs/other/5491384458/repo/master/.xml/specs_es_component.xml"
Reading XML for "/home/pete/wefwefwef/docs/other/5491384458/repo/master/.xml/specs_es_matcher.xml"
Generating HTML - es_repository_dict "/home/pete/wefwefwef/docs/other/5491384458/repo/master/.xml/entitas_erl/es_repository_dict.xml"
Reading XML for "/home/pete/wefwefwef/docs/other/5491384458/repo/master/.xml/entitas_erl/es_repository_dict.xml"
Reading XML for "/home/pete/wefwefwef/docs/other/5491384458/repo/master/.xml/specs_es_repository_dict.xml"
Generating HTML - es_collection "/home/pete/wefwefwef/docs/other/5491384458/repo/master/.xml/entitas_erl/es_collection.xml"
Reading XML for "/home/pete/wefwefwef/docs/other/5491384458/repo/master/.xml/entitas_erl/es_collection.xml"
Reading XML for "/home/pete/wefwefwef/docs/other/5491384458/repo/master/.xml/specs_es_collection.xml"
Generating HTML - es_entity "/home/pete/wefwefwef/docs/other/5491384458/repo/master/.xml/entitas_erl/es_entity.xml"
Reading XML for "/home/pete/wefwefwef/docs/other/5491384458/repo/master/.xml/entitas_erl/es_entity.xml"
Reading XML for "/home/pete/wefwefwef/docs/other/5491384458/repo/master/.xml/specs_es_entity.xml"
Creating index.html ...
Creating erldocs_index.js ...
Woot, finished in 0 Minutes 0 Seconds
 :: Discovering other repos
$ 5000  `rm -r '/home/pete/wefwefwef/docs/other/5491384458/entitas_erl-branch-master'  2>&1`
 :: Finishing up
$ 5000  `rm -r '/home/pete/wefwefwef/docs/other/5491384458/entitas_erl'  2>&1`
