 :: Extracting meta information
$ 5000  `git ls-remote --heads --tags 'https://github.com/paulgray/exml'  2>&1`
>>> [repo] 1 branches, 8 tags
 :: Writing meta to "/home/pete/wefwefwef/docs/other/3490390568/meta.txt"
 :: Processing https://github.com/paulgray/exml	{rev,tag,"2.1.0","82edd7ed15dae6eac6d8e8aa024571aaa743aa9f",undefined,[],[]}
 :: Fetching repo code
$ cd "/home/pete/wefwefwef/docs/other/3490390568/exml-tag-2.1.0/exml"
$ infinity  `curl --fail --silent --show-error --location --output '2.1.0.zip' 'https://github.com/paulgray/exml/archive/2.1.0.zip'  2>&1`
$ cd "/home/pete/wefwefwef/docs/erldocs_other.git"
$ cd "/home/pete/wefwefwef/docs/other/3490390568/exml-tag-2.1.0/exml"
$ 5000  `find -P . -type l -delete  2>&1`
$ cd "/home/pete/wefwefwef/docs/erldocs_other.git"
$ cd "/home/pete/wefwefwef/docs/other/3490390568/exml-tag-2.1.0/exml"
$ 5000  `find 'exml-2.1.0' -mindepth 1 -maxdepth 1 -exec mv -t . -- {} +  2>&1`
$ cd "/home/pete/wefwefwef/docs/erldocs_other.git"
 :: Getting dependencies
$ cd "/home/pete/wefwefwef/docs/other/3490390568/exml-tag-2.1.0/exml"
$ 5000  `ls -1 deps/  2>&1`
$ cd "/home/pete/wefwefwef/docs/erldocs_other.git"
>>> [rebar] deps = []
 :: Generating erldocs into /home/pete/wefwefwef/docs/other/3490390568/repo/2.1.0
Building exml
Generating Type Specs - "/home/pete/wefwefwef/docs/other/3490390568/exml-tag-2.1.0/exml/src/exml.erl"
Generating Type Specs - "/home/pete/wefwefwef/docs/other/3490390568/exml-tag-2.1.0/exml/src/exml_event.erl"
Generating Type Specs - "/home/pete/wefwefwef/docs/other/3490390568/exml-tag-2.1.0/exml/src/exml_query.erl"
Generating Type Specs - "/home/pete/wefwefwef/docs/other/3490390568/exml-tag-2.1.0/exml/src/exml_stream.erl"
Generating XML for application exml "/home/pete/wefwefwef/docs/other/3490390568/exml-tag-2.1.0/exml" -> "/home/pete/wefwefwef/docs/other/3490390568/repo/2.1.0/.xml/exml"
Generated exml XMLs: ["/home/pete/wefwefwef/docs/other/3490390568/repo/2.1.0/.xml/exml/exml.xml",
                      "/home/pete/wefwefwef/docs/other/3490390568/repo/2.1.0/.xml/exml/exml_stream.xml",
                      "/home/pete/wefwefwef/docs/other/3490390568/repo/2.1.0/.xml/exml/exml_query.xml",
                      "/home/pete/wefwefwef/docs/other/3490390568/repo/2.1.0/.xml/exml/exml_event.xml"]
Generating HTML - exml "/home/pete/wefwefwef/docs/other/3490390568/repo/2.1.0/.xml/exml/exml.xml"
Generating HTML - exml_stream "/home/pete/wefwefwef/docs/other/3490390568/repo/2.1.0/.xml/exml/exml_stream.xml"
Generating HTML - exml_query "/home/pete/wefwefwef/docs/other/3490390568/repo/2.1.0/.xml/exml/exml_query.xml"
Generating HTML - exml_event "/home/pete/wefwefwef/docs/other/3490390568/repo/2.1.0/.xml/exml/exml_event.xml"
Reading XML for "/home/pete/wefwefwef/docs/other/3490390568/repo/2.1.0/.xml/exml/exml.xml"
Reading XML for "/home/pete/wefwefwef/docs/other/3490390568/repo/2.1.0/.xml/exml/exml_stream.xml"
Reading XML for "/home/pete/wefwefwef/docs/other/3490390568/repo/2.1.0/.xml/exml/exml_query.xml"
Reading XML for "/home/pete/wefwefwef/docs/other/3490390568/repo/2.1.0/.xml/exml/exml_event.xml"
Reading XML for "/home/pete/wefwefwef/docs/other/3490390568/repo/2.1.0/.xml/specs_exml.xml"
Reading XML for "/home/pete/wefwefwef/docs/other/3490390568/repo/2.1.0/.xml/specs_exml_event.xml"
Reading XML for "/home/pete/wefwefwef/docs/other/3490390568/repo/2.1.0/.xml/specs_exml_stream.xml"
Reading XML for "/home/pete/wefwefwef/docs/other/3490390568/repo/2.1.0/.xml/specs_exml_query.xml"
Creating index.html ...
Creating erldocs_index.js ...
Woot, finished in 0 Minutes 0 Seconds
 :: Discovering other repos
$ 5000  `rm -r '/home/pete/wefwefwef/docs/other/3490390568/exml-tag-2.1.0'  2>&1`
 :: Processing https://github.com/paulgray/exml	{rev,tag,"1.5.0","367681cef2304f4ff7e53f0c6f9f54395c6c96ae",undefined,[],[]}
 :: Fetching repo code
$ cd "/home/pete/wefwefwef/docs/other/3490390568/exml-tag-1.5.0/exml"
$ infinity  `curl --fail --silent --show-error --location --output '1.5.0.zip' 'https://github.com/paulgray/exml/archive/1.5.0.zip'  2>&1`
$ cd "/home/pete/wefwefwef/docs/erldocs_other.git"
$ cd "/home/pete/wefwefwef/docs/other/3490390568/exml-tag-1.5.0/exml"
$ 5000  `find -P . -type l -delete  2>&1`
$ cd "/home/pete/wefwefwef/docs/erldocs_other.git"
$ cd "/home/pete/wefwefwef/docs/other/3490390568/exml-tag-1.5.0/exml"
$ 5000  `find 'exml-1.5.0' -mindepth 1 -maxdepth 1 -exec mv -t . -- {} +  2>&1`
$ cd "/home/pete/wefwefwef/docs/erldocs_other.git"
 :: Getting dependencies
$ cd "/home/pete/wefwefwef/docs/other/3490390568/exml-tag-1.5.0/exml"
$ 5000  `ls -1 deps/  2>&1`
$ cd "/home/pete/wefwefwef/docs/erldocs_other.git"
>>> [rebar] deps = []
 :: Generating erldocs into /home/pete/wefwefwef/docs/other/3490390568/repo/1.5.0
Building exml
Generating Type Specs - "/home/pete/wefwefwef/docs/other/3490390568/exml-tag-1.5.0/exml/src/exml.erl"
Generating Type Specs - "/home/pete/wefwefwef/docs/other/3490390568/exml-tag-1.5.0/exml/src/exml_event.erl"
Generating Type Specs - "/home/pete/wefwefwef/docs/other/3490390568/exml-tag-1.5.0/exml/src/exml_query.erl"
Generating Type Specs - "/home/pete/wefwefwef/docs/other/3490390568/exml-tag-1.5.0/exml/src/exml_stream.erl"
Generating XML for application exml "/home/pete/wefwefwef/docs/other/3490390568/exml-tag-1.5.0/exml" -> "/home/pete/wefwefwef/docs/other/3490390568/repo/1.5.0/.xml/exml"
Generated exml XMLs: ["/home/pete/wefwefwef/docs/other/3490390568/repo/1.5.0/.xml/exml/exml.xml",
                      "/home/pete/wefwefwef/docs/other/3490390568/repo/1.5.0/.xml/exml/exml_stream.xml",
                      "/home/pete/wefwefwef/docs/other/3490390568/repo/1.5.0/.xml/exml/exml_query.xml",
                      "/home/pete/wefwefwef/docs/other/3490390568/repo/1.5.0/.xml/exml/exml_event.xml"]
Generating HTML - exml "/home/pete/wefwefwef/docs/other/3490390568/repo/1.5.0/.xml/exml/exml.xml"
Generating HTML - exml_stream "/home/pete/wefwefwef/docs/other/3490390568/repo/1.5.0/.xml/exml/exml_stream.xml"
Generating HTML - exml_query "/home/pete/wefwefwef/docs/other/3490390568/repo/1.5.0/.xml/exml/exml_query.xml"
Generating HTML - exml_event "/home/pete/wefwefwef/docs/other/3490390568/repo/1.5.0/.xml/exml/exml_event.xml"
Reading XML for "/home/pete/wefwefwef/docs/other/3490390568/repo/1.5.0/.xml/exml/exml.xml"
Reading XML for "/home/pete/wefwefwef/docs/other/3490390568/repo/1.5.0/.xml/exml/exml_stream.xml"
Reading XML for "/home/pete/wefwefwef/docs/other/3490390568/repo/1.5.0/.xml/exml/exml_query.xml"
Reading XML for "/home/pete/wefwefwef/docs/other/3490390568/repo/1.5.0/.xml/exml/exml_event.xml"
Reading XML for "/home/pete/wefwefwef/docs/other/3490390568/repo/1.5.0/.xml/specs_exml.xml"
Reading XML for "/home/pete/wefwefwef/docs/other/3490390568/repo/1.5.0/.xml/specs_exml_stream.xml"
Reading XML for "/home/pete/wefwefwef/docs/other/3490390568/repo/1.5.0/.xml/specs_exml_event.xml"
Reading XML for "/home/pete/wefwefwef/docs/other/3490390568/repo/1.5.0/.xml/specs_exml_query.xml"
Creating index.html ...
Creating erldocs_index.js ...
Woot, finished in 0 Minutes 0 Seconds
 :: Discovering other repos
$ 5000  `rm -r '/home/pete/wefwefwef/docs/other/3490390568/exml-tag-1.5.0'  2>&1`
 :: Processing https://github.com/paulgray/exml	{rev,tag,"2.0.0","b76667cde6d4a043e7eb1eba36c5a2f39dec258d",undefined,[],[]}
 :: Fetching repo code
$ cd "/home/pete/wefwefwef/docs/other/3490390568/exml-tag-2.0.0/exml"
$ infinity  `curl --fail --silent --show-error --location --output '2.0.0.zip' 'https://github.com/paulgray/exml/archive/2.0.0.zip'  2>&1`
$ cd "/home/pete/wefwefwef/docs/erldocs_other.git"
$ cd "/home/pete/wefwefwef/docs/other/3490390568/exml-tag-2.0.0/exml"
$ 5000  `find -P . -type l -delete  2>&1`
$ cd "/home/pete/wefwefwef/docs/erldocs_other.git"
$ cd "/home/pete/wefwefwef/docs/other/3490390568/exml-tag-2.0.0/exml"
$ 5000  `find 'exml-2.0.0' -mindepth 1 -maxdepth 1 -exec mv -t . -- {} +  2>&1`
$ cd "/home/pete/wefwefwef/docs/erldocs_other.git"
 :: Getting dependencies
$ cd "/home/pete/wefwefwef/docs/other/3490390568/exml-tag-2.0.0/exml"
$ 5000  `ls -1 deps/  2>&1`
$ cd "/home/pete/wefwefwef/docs/erldocs_other.git"
>>> [rebar] deps = []
 :: Generating erldocs into /home/pete/wefwefwef/docs/other/3490390568/repo/2.0.0
Building exml
Generating Type Specs - "/home/pete/wefwefwef/docs/other/3490390568/exml-tag-2.0.0/exml/src/exml.erl"
Generating Type Specs - "/home/pete/wefwefwef/docs/other/3490390568/exml-tag-2.0.0/exml/src/exml_event.erl"
Generating Type Specs - "/home/pete/wefwefwef/docs/other/3490390568/exml-tag-2.0.0/exml/src/exml_query.erl"
Generating Type Specs - "/home/pete/wefwefwef/docs/other/3490390568/exml-tag-2.0.0/exml/src/exml_stream.erl"
Generating XML for application exml "/home/pete/wefwefwef/docs/other/3490390568/exml-tag-2.0.0/exml" -> "/home/pete/wefwefwef/docs/other/3490390568/repo/2.0.0/.xml/exml"
Generated exml XMLs: ["/home/pete/wefwefwef/docs/other/3490390568/repo/2.0.0/.xml/exml/exml.xml",
                      "/home/pete/wefwefwef/docs/other/3490390568/repo/2.0.0/.xml/exml/exml_stream.xml",
                      "/home/pete/wefwefwef/docs/other/3490390568/repo/2.0.0/.xml/exml/exml_query.xml",
                      "/home/pete/wefwefwef/docs/other/3490390568/repo/2.0.0/.xml/exml/exml_event.xml"]
Generating HTML - exml "/home/pete/wefwefwef/docs/other/3490390568/repo/2.0.0/.xml/exml/exml.xml"
Generating HTML - exml_stream "/home/pete/wefwefwef/docs/other/3490390568/repo/2.0.0/.xml/exml/exml_stream.xml"
Generating HTML - exml_query "/home/pete/wefwefwef/docs/other/3490390568/repo/2.0.0/.xml/exml/exml_query.xml"
Generating HTML - exml_event "/home/pete/wefwefwef/docs/other/3490390568/repo/2.0.0/.xml/exml/exml_event.xml"
Reading XML for "/home/pete/wefwefwef/docs/other/3490390568/repo/2.0.0/.xml/exml/exml.xml"
Reading XML for "/home/pete/wefwefwef/docs/other/3490390568/repo/2.0.0/.xml/exml/exml_stream.xml"
Reading XML for "/home/pete/wefwefwef/docs/other/3490390568/repo/2.0.0/.xml/exml/exml_query.xml"
Reading XML for "/home/pete/wefwefwef/docs/other/3490390568/repo/2.0.0/.xml/exml/exml_event.xml"
Reading XML for "/home/pete/wefwefwef/docs/other/3490390568/repo/2.0.0/.xml/specs_exml.xml"
Reading XML for "/home/pete/wefwefwef/docs/other/3490390568/repo/2.0.0/.xml/specs_exml_stream.xml"
Reading XML for "/home/pete/wefwefwef/docs/other/3490390568/repo/2.0.0/.xml/specs_exml_event.xml"
Reading XML for "/home/pete/wefwefwef/docs/other/3490390568/repo/2.0.0/.xml/specs_exml_query.xml"
Creating index.html ...
Creating erldocs_index.js ...
Woot, finished in 0 Minutes 0 Seconds
 :: Discovering other repos
$ 5000  `rm -r '/home/pete/wefwefwef/docs/other/3490390568/exml-tag-2.0.0'  2>&1`
 :: Processing https://github.com/paulgray/exml	{rev,tag,"2.0.1","f2ab1be2267c92745ccc06c1a4ff409fa6e0cce3",undefined,[],[]}
 :: Fetching repo code
$ cd "/home/pete/wefwefwef/docs/other/3490390568/exml-tag-2.0.1/exml"
$ infinity  `curl --fail --silent --show-error --location --output '2.0.1.zip' 'https://github.com/paulgray/exml/archive/2.0.1.zip'  2>&1`
$ cd "/home/pete/wefwefwef/docs/erldocs_other.git"
$ cd "/home/pete/wefwefwef/docs/other/3490390568/exml-tag-2.0.1/exml"
$ 5000  `find -P . -type l -delete  2>&1`
$ cd "/home/pete/wefwefwef/docs/erldocs_other.git"
$ cd "/home/pete/wefwefwef/docs/other/3490390568/exml-tag-2.0.1/exml"
$ 5000  `find 'exml-2.0.1' -mindepth 1 -maxdepth 1 -exec mv -t . -- {} +  2>&1`
$ cd "/home/pete/wefwefwef/docs/erldocs_other.git"
 :: Getting dependencies
$ cd "/home/pete/wefwefwef/docs/other/3490390568/exml-tag-2.0.1/exml"
$ 5000  `ls -1 deps/  2>&1`
$ cd "/home/pete/wefwefwef/docs/erldocs_other.git"
>>> [rebar] deps = []
 :: Generating erldocs into /home/pete/wefwefwef/docs/other/3490390568/repo/2.0.1
Building exml
Generating Type Specs - "/home/pete/wefwefwef/docs/other/3490390568/exml-tag-2.0.1/exml/src/exml.erl"
Generating Type Specs - "/home/pete/wefwefwef/docs/other/3490390568/exml-tag-2.0.1/exml/src/exml_event.erl"
Generating Type Specs - "/home/pete/wefwefwef/docs/other/3490390568/exml-tag-2.0.1/exml/src/exml_query.erl"
Generating Type Specs - "/home/pete/wefwefwef/docs/other/3490390568/exml-tag-2.0.1/exml/src/exml_stream.erl"
Generating XML for application exml "/home/pete/wefwefwef/docs/other/3490390568/exml-tag-2.0.1/exml" -> "/home/pete/wefwefwef/docs/other/3490390568/repo/2.0.1/.xml/exml"
Generated exml XMLs: ["/home/pete/wefwefwef/docs/other/3490390568/repo/2.0.1/.xml/exml/exml.xml",
                      "/home/pete/wefwefwef/docs/other/3490390568/repo/2.0.1/.xml/exml/exml_stream.xml",
                      "/home/pete/wefwefwef/docs/other/3490390568/repo/2.0.1/.xml/exml/exml_query.xml",
                      "/home/pete/wefwefwef/docs/other/3490390568/repo/2.0.1/.xml/exml/exml_event.xml"]
Generating HTML - exml "/home/pete/wefwefwef/docs/other/3490390568/repo/2.0.1/.xml/exml/exml.xml"
Generating HTML - exml_stream "/home/pete/wefwefwef/docs/other/3490390568/repo/2.0.1/.xml/exml/exml_stream.xml"
Generating HTML - exml_query "/home/pete/wefwefwef/docs/other/3490390568/repo/2.0.1/.xml/exml/exml_query.xml"
Generating HTML - exml_event "/home/pete/wefwefwef/docs/other/3490390568/repo/2.0.1/.xml/exml/exml_event.xml"
Reading XML for "/home/pete/wefwefwef/docs/other/3490390568/repo/2.0.1/.xml/exml/exml.xml"
Reading XML for "/home/pete/wefwefwef/docs/other/3490390568/repo/2.0.1/.xml/exml/exml_stream.xml"
Reading XML for "/home/pete/wefwefwef/docs/other/3490390568/repo/2.0.1/.xml/exml/exml_query.xml"
Reading XML for "/home/pete/wefwefwef/docs/other/3490390568/repo/2.0.1/.xml/exml/exml_event.xml"
Reading XML for "/home/pete/wefwefwef/docs/other/3490390568/repo/2.0.1/.xml/specs_exml_event.xml"
Reading XML for "/home/pete/wefwefwef/docs/other/3490390568/repo/2.0.1/.xml/specs_exml.xml"
Reading XML for "/home/pete/wefwefwef/docs/other/3490390568/repo/2.0.1/.xml/specs_exml_query.xml"
Reading XML for "/home/pete/wefwefwef/docs/other/3490390568/repo/2.0.1/.xml/specs_exml_stream.xml"
Creating index.html ...
Creating erldocs_index.js ...
Woot, finished in 0 Minutes 0 Seconds
 :: Discovering other repos
$ 5000  `rm -r '/home/pete/wefwefwef/docs/other/3490390568/exml-tag-2.0.1'  2>&1`
 :: Processing https://github.com/paulgray/exml	{rev,tag,"2.1.1","bbccdfd52cee615a1de520a9e573ff1843710dc3",undefined,[],[]}
 :: Fetching repo code
$ cd "/home/pete/wefwefwef/docs/other/3490390568/exml-tag-2.1.1/exml"
$ infinity  `curl --fail --silent --show-error --location --output '2.1.1.zip' 'https://github.com/paulgray/exml/archive/2.1.1.zip'  2>&1`
$ cd "/home/pete/wefwefwef/docs/erldocs_other.git"
$ cd "/home/pete/wefwefwef/docs/other/3490390568/exml-tag-2.1.1/exml"
$ 5000  `find -P . -type l -delete  2>&1`
$ cd "/home/pete/wefwefwef/docs/erldocs_other.git"
$ cd "/home/pete/wefwefwef/docs/other/3490390568/exml-tag-2.1.1/exml"
$ 5000  `find 'exml-2.1.1' -mindepth 1 -maxdepth 1 -exec mv -t . -- {} +  2>&1`
$ cd "/home/pete/wefwefwef/docs/erldocs_other.git"
 :: Getting dependencies
$ cd "/home/pete/wefwefwef/docs/other/3490390568/exml-tag-2.1.1/exml"
$ 5000  `ls -1 deps/  2>&1`
$ cd "/home/pete/wefwefwef/docs/erldocs_other.git"
>>> [rebar] deps = []
 :: Generating erldocs into /home/pete/wefwefwef/docs/other/3490390568/repo/2.1.1
Building exml
Generating Type Specs - "/home/pete/wefwefwef/docs/other/3490390568/exml-tag-2.1.1/exml/src/exml.erl"
Generating Type Specs - "/home/pete/wefwefwef/docs/other/3490390568/exml-tag-2.1.1/exml/src/exml_event.erl"
Generating Type Specs - "/home/pete/wefwefwef/docs/other/3490390568/exml-tag-2.1.1/exml/src/exml_query.erl"
Generating Type Specs - "/home/pete/wefwefwef/docs/other/3490390568/exml-tag-2.1.1/exml/src/exml_stream.erl"
Generating XML for application exml "/home/pete/wefwefwef/docs/other/3490390568/exml-tag-2.1.1/exml" -> "/home/pete/wefwefwef/docs/other/3490390568/repo/2.1.1/.xml/exml"
Generated exml XMLs: ["/home/pete/wefwefwef/docs/other/3490390568/repo/2.1.1/.xml/exml/exml.xml",
                      "/home/pete/wefwefwef/docs/other/3490390568/repo/2.1.1/.xml/exml/exml_stream.xml",
                      "/home/pete/wefwefwef/docs/other/3490390568/repo/2.1.1/.xml/exml/exml_query.xml",
                      "/home/pete/wefwefwef/docs/other/3490390568/repo/2.1.1/.xml/exml/exml_event.xml"]
Generating HTML - exml "/home/pete/wefwefwef/docs/other/3490390568/repo/2.1.1/.xml/exml/exml.xml"
Generating HTML - exml_stream "/home/pete/wefwefwef/docs/other/3490390568/repo/2.1.1/.xml/exml/exml_stream.xml"
Generating HTML - exml_query "/home/pete/wefwefwef/docs/other/3490390568/repo/2.1.1/.xml/exml/exml_query.xml"
Generating HTML - exml_event "/home/pete/wefwefwef/docs/other/3490390568/repo/2.1.1/.xml/exml/exml_event.xml"
Reading XML for "/home/pete/wefwefwef/docs/other/3490390568/repo/2.1.1/.xml/exml/exml.xml"
Reading XML for "/home/pete/wefwefwef/docs/other/3490390568/repo/2.1.1/.xml/exml/exml_stream.xml"
Reading XML for "/home/pete/wefwefwef/docs/other/3490390568/repo/2.1.1/.xml/exml/exml_query.xml"
Reading XML for "/home/pete/wefwefwef/docs/other/3490390568/repo/2.1.1/.xml/exml/exml_event.xml"
Reading XML for "/home/pete/wefwefwef/docs/other/3490390568/repo/2.1.1/.xml/specs_exml_stream.xml"
Reading XML for "/home/pete/wefwefwef/docs/other/3490390568/repo/2.1.1/.xml/specs_exml_event.xml"
Reading XML for "/home/pete/wefwefwef/docs/other/3490390568/repo/2.1.1/.xml/specs_exml.xml"
Reading XML for "/home/pete/wefwefwef/docs/other/3490390568/repo/2.1.1/.xml/specs_exml_query.xml"
Creating index.html ...
Creating erldocs_index.js ...
Woot, finished in 0 Minutes 0 Seconds
 :: Discovering other repos
$ 5000  `rm -r '/home/pete/wefwefwef/docs/other/3490390568/exml-tag-2.1.1'  2>&1`
 :: Processing https://github.com/paulgray/exml	{rev,tag,"2.1.2","86c7dbe31ba28b525a427233b58f1c90d8edbbb1",undefined,[],[]}
 :: Fetching repo code
$ cd "/home/pete/wefwefwef/docs/other/3490390568/exml-tag-2.1.2/exml"
$ infinity  `curl --fail --silent --show-error --location --output '2.1.2.zip' 'https://github.com/paulgray/exml/archive/2.1.2.zip'  2>&1`
$ cd "/home/pete/wefwefwef/docs/erldocs_other.git"
$ cd "/home/pete/wefwefwef/docs/other/3490390568/exml-tag-2.1.2/exml"
$ 5000  `find -P . -type l -delete  2>&1`
$ cd "/home/pete/wefwefwef/docs/erldocs_other.git"
$ cd "/home/pete/wefwefwef/docs/other/3490390568/exml-tag-2.1.2/exml"
$ 5000  `find 'exml-2.1.2' -mindepth 1 -maxdepth 1 -exec mv -t . -- {} +  2>&1`
$ cd "/home/pete/wefwefwef/docs/erldocs_other.git"
 :: Getting dependencies
$ cd "/home/pete/wefwefwef/docs/other/3490390568/exml-tag-2.1.2/exml"
$ 5000  `ls -1 deps/  2>&1`
$ cd "/home/pete/wefwefwef/docs/erldocs_other.git"
>>> [rebar] deps = []
 :: Generating erldocs into /home/pete/wefwefwef/docs/other/3490390568/repo/2.1.2
Building exml
Generating Type Specs - "/home/pete/wefwefwef/docs/other/3490390568/exml-tag-2.1.2/exml/src/exml.erl"
Generating Type Specs - "/home/pete/wefwefwef/docs/other/3490390568/exml-tag-2.1.2/exml/src/exml_event.erl"
Generating Type Specs - "/home/pete/wefwefwef/docs/other/3490390568/exml-tag-2.1.2/exml/src/exml_query.erl"
Generating Type Specs - "/home/pete/wefwefwef/docs/other/3490390568/exml-tag-2.1.2/exml/src/exml_stream.erl"
Generating XML for application exml "/home/pete/wefwefwef/docs/other/3490390568/exml-tag-2.1.2/exml" -> "/home/pete/wefwefwef/docs/other/3490390568/repo/2.1.2/.xml/exml"
Generated exml XMLs: ["/home/pete/wefwefwef/docs/other/3490390568/repo/2.1.2/.xml/exml/exml.xml",
                      "/home/pete/wefwefwef/docs/other/3490390568/repo/2.1.2/.xml/exml/exml_stream.xml",
                      "/home/pete/wefwefwef/docs/other/3490390568/repo/2.1.2/.xml/exml/exml_query.xml",
                      "/home/pete/wefwefwef/docs/other/3490390568/repo/2.1.2/.xml/exml/exml_event.xml"]
Generating HTML - exml "/home/pete/wefwefwef/docs/other/3490390568/repo/2.1.2/.xml/exml/exml.xml"
Generating HTML - exml_stream "/home/pete/wefwefwef/docs/other/3490390568/repo/2.1.2/.xml/exml/exml_stream.xml"
Generating HTML - exml_query "/home/pete/wefwefwef/docs/other/3490390568/repo/2.1.2/.xml/exml/exml_query.xml"
Generating HTML - exml_event "/home/pete/wefwefwef/docs/other/3490390568/repo/2.1.2/.xml/exml/exml_event.xml"
Reading XML for "/home/pete/wefwefwef/docs/other/3490390568/repo/2.1.2/.xml/exml/exml.xml"
Reading XML for "/home/pete/wefwefwef/docs/other/3490390568/repo/2.1.2/.xml/exml/exml_stream.xml"
Reading XML for "/home/pete/wefwefwef/docs/other/3490390568/repo/2.1.2/.xml/exml/exml_query.xml"
Reading XML for "/home/pete/wefwefwef/docs/other/3490390568/repo/2.1.2/.xml/exml/exml_event.xml"
Reading XML for "/home/pete/wefwefwef/docs/other/3490390568/repo/2.1.2/.xml/specs_exml.xml"
Reading XML for "/home/pete/wefwefwef/docs/other/3490390568/repo/2.1.2/.xml/specs_exml_event.xml"
Reading XML for "/home/pete/wefwefwef/docs/other/3490390568/repo/2.1.2/.xml/specs_exml_query.xml"
Reading XML for "/home/pete/wefwefwef/docs/other/3490390568/repo/2.1.2/.xml/specs_exml_stream.xml"
Creating index.html ...
Creating erldocs_index.js ...
Woot, finished in 0 Minutes 0 Seconds
 :: Discovering other repos
$ 5000  `rm -r '/home/pete/wefwefwef/docs/other/3490390568/exml-tag-2.1.2'  2>&1`
 :: Processing https://github.com/paulgray/exml	{rev,tag,"2.2.0","ad9580aa65740b07cd274a4b004c8f73931e9e9c",undefined,[],[]}
 :: Fetching repo code
$ cd "/home/pete/wefwefwef/docs/other/3490390568/exml-tag-2.2.0/exml"
$ infinity  `curl --fail --silent --show-error --location --output '2.2.0.zip' 'https://github.com/paulgray/exml/archive/2.2.0.zip'  2>&1`
$ cd "/home/pete/wefwefwef/docs/erldocs_other.git"
$ cd "/home/pete/wefwefwef/docs/other/3490390568/exml-tag-2.2.0/exml"
$ 5000  `find -P . -type l -delete  2>&1`
$ cd "/home/pete/wefwefwef/docs/erldocs_other.git"
$ cd "/home/pete/wefwefwef/docs/other/3490390568/exml-tag-2.2.0/exml"
$ 5000  `find 'exml-2.2.0' -mindepth 1 -maxdepth 1 -exec mv -t . -- {} +  2>&1`
$ cd "/home/pete/wefwefwef/docs/erldocs_other.git"
 :: Getting dependencies
$ cd "/home/pete/wefwefwef/docs/other/3490390568/exml-tag-2.2.0/exml"
$ 5000  `ls -1 deps/  2>&1`
$ cd "/home/pete/wefwefwef/docs/erldocs_other.git"
>>> [rebar] deps = []
 :: Generating erldocs into /home/pete/wefwefwef/docs/other/3490390568/repo/2.2.0
Building exml
Generating Type Specs - "/home/pete/wefwefwef/docs/other/3490390568/exml-tag-2.2.0/exml/src/exml.erl"
Generating Type Specs - "/home/pete/wefwefwef/docs/other/3490390568/exml-tag-2.2.0/exml/src/exml_event.erl"
Generating Type Specs - "/home/pete/wefwefwef/docs/other/3490390568/exml-tag-2.2.0/exml/src/exml_query.erl"
Generating Type Specs - "/home/pete/wefwefwef/docs/other/3490390568/exml-tag-2.2.0/exml/src/exml_stream.erl"
Generating XML for application exml "/home/pete/wefwefwef/docs/other/3490390568/exml-tag-2.2.0/exml" -> "/home/pete/wefwefwef/docs/other/3490390568/repo/2.2.0/.xml/exml"
Generated exml XMLs: ["/home/pete/wefwefwef/docs/other/3490390568/repo/2.2.0/.xml/exml/exml.xml",
                      "/home/pete/wefwefwef/docs/other/3490390568/repo/2.2.0/.xml/exml/exml_stream.xml",
                      "/home/pete/wefwefwef/docs/other/3490390568/repo/2.2.0/.xml/exml/exml_query.xml",
                      "/home/pete/wefwefwef/docs/other/3490390568/repo/2.2.0/.xml/exml/exml_event.xml"]
Generating HTML - exml "/home/pete/wefwefwef/docs/other/3490390568/repo/2.2.0/.xml/exml/exml.xml"
Generating HTML - exml_stream "/home/pete/wefwefwef/docs/other/3490390568/repo/2.2.0/.xml/exml/exml_stream.xml"
Generating HTML - exml_query "/home/pete/wefwefwef/docs/other/3490390568/repo/2.2.0/.xml/exml/exml_query.xml"
Generating HTML - exml_event "/home/pete/wefwefwef/docs/other/3490390568/repo/2.2.0/.xml/exml/exml_event.xml"
Reading XML for "/home/pete/wefwefwef/docs/other/3490390568/repo/2.2.0/.xml/exml/exml.xml"
Reading XML for "/home/pete/wefwefwef/docs/other/3490390568/repo/2.2.0/.xml/exml/exml_stream.xml"
Reading XML for "/home/pete/wefwefwef/docs/other/3490390568/repo/2.2.0/.xml/exml/exml_query.xml"
Reading XML for "/home/pete/wefwefwef/docs/other/3490390568/repo/2.2.0/.xml/exml/exml_event.xml"
Reading XML for "/home/pete/wefwefwef/docs/other/3490390568/repo/2.2.0/.xml/specs_exml_stream.xml"
Reading XML for "/home/pete/wefwefwef/docs/other/3490390568/repo/2.2.0/.xml/specs_exml.xml"
Reading XML for "/home/pete/wefwefwef/docs/other/3490390568/repo/2.2.0/.xml/specs_exml_query.xml"
Reading XML for "/home/pete/wefwefwef/docs/other/3490390568/repo/2.2.0/.xml/specs_exml_event.xml"
Creating index.html ...
Creating erldocs_index.js ...
Woot, finished in 0 Minutes 0 Seconds
 :: Discovering other repos
$ 5000  `rm -r '/home/pete/wefwefwef/docs/other/3490390568/exml-tag-2.2.0'  2>&1`
 :: Processing https://github.com/paulgray/exml	{rev,tag,"2.2.1","4ae6dea65f97764663c43d0bafb177dc702b5c3f",undefined,[],[]}
 :: Fetching repo code
$ cd "/home/pete/wefwefwef/docs/other/3490390568/exml-tag-2.2.1/exml"
$ infinity  `curl --fail --silent --show-error --location --output '2.2.1.zip' 'https://github.com/paulgray/exml/archive/2.2.1.zip'  2>&1`
$ cd "/home/pete/wefwefwef/docs/erldocs_other.git"
$ cd "/home/pete/wefwefwef/docs/other/3490390568/exml-tag-2.2.1/exml"
$ 5000  `find -P . -type l -delete  2>&1`
$ cd "/home/pete/wefwefwef/docs/erldocs_other.git"
$ cd "/home/pete/wefwefwef/docs/other/3490390568/exml-tag-2.2.1/exml"
$ 5000  `find 'exml-2.2.1' -mindepth 1 -maxdepth 1 -exec mv -t . -- {} +  2>&1`
$ cd "/home/pete/wefwefwef/docs/erldocs_other.git"
 :: Getting dependencies
$ cd "/home/pete/wefwefwef/docs/other/3490390568/exml-tag-2.2.1/exml"
$ 5000  `ls -1 deps/  2>&1`
$ cd "/home/pete/wefwefwef/docs/erldocs_other.git"
>>> [rebar] deps = []
 :: Generating erldocs into /home/pete/wefwefwef/docs/other/3490390568/repo/2.2.1
Building exml
Generating Type Specs - "/home/pete/wefwefwef/docs/other/3490390568/exml-tag-2.2.1/exml/src/exml.erl"
Generating Type Specs - "/home/pete/wefwefwef/docs/other/3490390568/exml-tag-2.2.1/exml/src/exml_event.erl"
Generating Type Specs - "/home/pete/wefwefwef/docs/other/3490390568/exml-tag-2.2.1/exml/src/exml_query.erl"
Generating Type Specs - "/home/pete/wefwefwef/docs/other/3490390568/exml-tag-2.2.1/exml/src/exml_stream.erl"
Generating XML for application exml "/home/pete/wefwefwef/docs/other/3490390568/exml-tag-2.2.1/exml" -> "/home/pete/wefwefwef/docs/other/3490390568/repo/2.2.1/.xml/exml"
Generated exml XMLs: ["/home/pete/wefwefwef/docs/other/3490390568/repo/2.2.1/.xml/exml/exml.xml",
                      "/home/pete/wefwefwef/docs/other/3490390568/repo/2.2.1/.xml/exml/exml_stream.xml",
                      "/home/pete/wefwefwef/docs/other/3490390568/repo/2.2.1/.xml/exml/exml_query.xml",
                      "/home/pete/wefwefwef/docs/other/3490390568/repo/2.2.1/.xml/exml/exml_event.xml"]
Generating HTML - exml "/home/pete/wefwefwef/docs/other/3490390568/repo/2.2.1/.xml/exml/exml.xml"
Generating HTML - exml_stream "/home/pete/wefwefwef/docs/other/3490390568/repo/2.2.1/.xml/exml/exml_stream.xml"
Generating HTML - exml_query "/home/pete/wefwefwef/docs/other/3490390568/repo/2.2.1/.xml/exml/exml_query.xml"
Generating HTML - exml_event "/home/pete/wefwefwef/docs/other/3490390568/repo/2.2.1/.xml/exml/exml_event.xml"
Reading XML for "/home/pete/wefwefwef/docs/other/3490390568/repo/2.2.1/.xml/exml/exml.xml"
Reading XML for "/home/pete/wefwefwef/docs/other/3490390568/repo/2.2.1/.xml/exml/exml_stream.xml"
Reading XML for "/home/pete/wefwefwef/docs/other/3490390568/repo/2.2.1/.xml/exml/exml_query.xml"
Reading XML for "/home/pete/wefwefwef/docs/other/3490390568/repo/2.2.1/.xml/exml/exml_event.xml"
Reading XML for "/home/pete/wefwefwef/docs/other/3490390568/repo/2.2.1/.xml/specs_exml_stream.xml"
Reading XML for "/home/pete/wefwefwef/docs/other/3490390568/repo/2.2.1/.xml/specs_exml.xml"
Reading XML for "/home/pete/wefwefwef/docs/other/3490390568/repo/2.2.1/.xml/specs_exml_event.xml"
Reading XML for "/home/pete/wefwefwef/docs/other/3490390568/repo/2.2.1/.xml/specs_exml_query.xml"
Creating index.html ...
Creating erldocs_index.js ...
Woot, finished in 0 Minutes 0 Seconds
 :: Discovering other repos
$ 5000  `rm -r '/home/pete/wefwefwef/docs/other/3490390568/exml-tag-2.2.1'  2>&1`
 :: Processing https://github.com/paulgray/exml	{rev,branch,"master","d04d0dfc956bd2bf5d9629a7524c6840eb02df28",undefined,[],[]}
 :: Fetching repo code
$ cd "/home/pete/wefwefwef/docs/other/3490390568/exml-branch-master/exml"
$ infinity  `curl --fail --silent --show-error --location --output 'master.zip' 'https://github.com/paulgray/exml/archive/master.zip'  2>&1`
$ cd "/home/pete/wefwefwef/docs/erldocs_other.git"
$ cd "/home/pete/wefwefwef/docs/other/3490390568/exml-branch-master/exml"
$ 5000  `find -P . -type l -delete  2>&1`
$ cd "/home/pete/wefwefwef/docs/erldocs_other.git"
$ cd "/home/pete/wefwefwef/docs/other/3490390568/exml-branch-master/exml"
$ 5000  `find 'exml-master' -mindepth 1 -maxdepth 1 -exec mv -t . -- {} +  2>&1`
$ cd "/home/pete/wefwefwef/docs/erldocs_other.git"
 :: Getting dependencies
$ cd "/home/pete/wefwefwef/docs/other/3490390568/exml-branch-master/exml"
$ 5000  `ls -1 deps/  2>&1`
$ cd "/home/pete/wefwefwef/docs/erldocs_other.git"
>>> [rebar] deps = []
 :: Generating erldocs into /home/pete/wefwefwef/docs/other/3490390568/repo/master
Building exml
Generating Type Specs - "/home/pete/wefwefwef/docs/other/3490390568/exml-branch-master/exml/src/exml.erl"
Generating Type Specs - "/home/pete/wefwefwef/docs/other/3490390568/exml-branch-master/exml/src/exml_event.erl"
Generating Type Specs - "/home/pete/wefwefwef/docs/other/3490390568/exml-branch-master/exml/src/exml_query.erl"
Generating Type Specs - "/home/pete/wefwefwef/docs/other/3490390568/exml-branch-master/exml/src/exml_stream.erl"
Generating XML for application exml "/home/pete/wefwefwef/docs/other/3490390568/exml-branch-master/exml" -> "/home/pete/wefwefwef/docs/other/3490390568/repo/master/.xml/exml"
Generated exml XMLs: ["/home/pete/wefwefwef/docs/other/3490390568/repo/master/.xml/exml/exml.xml",
                      "/home/pete/wefwefwef/docs/other/3490390568/repo/master/.xml/exml/exml_stream.xml",
                      "/home/pete/wefwefwef/docs/other/3490390568/repo/master/.xml/exml/exml_query.xml",
                      "/home/pete/wefwefwef/docs/other/3490390568/repo/master/.xml/exml/exml_event.xml"]
Generating HTML - exml "/home/pete/wefwefwef/docs/other/3490390568/repo/master/.xml/exml/exml.xml"
Generating HTML - exml_stream "/home/pete/wefwefwef/docs/other/3490390568/repo/master/.xml/exml/exml_stream.xml"
Generating HTML - exml_query "/home/pete/wefwefwef/docs/other/3490390568/repo/master/.xml/exml/exml_query.xml"
Generating HTML - exml_event "/home/pete/wefwefwef/docs/other/3490390568/repo/master/.xml/exml/exml_event.xml"
Reading XML for "/home/pete/wefwefwef/docs/other/3490390568/repo/master/.xml/exml/exml.xml"
Reading XML for "/home/pete/wefwefwef/docs/other/3490390568/repo/master/.xml/exml/exml_stream.xml"
Reading XML for "/home/pete/wefwefwef/docs/other/3490390568/repo/master/.xml/exml/exml_query.xml"
Reading XML for "/home/pete/wefwefwef/docs/other/3490390568/repo/master/.xml/exml/exml_event.xml"
Reading XML for "/home/pete/wefwefwef/docs/other/3490390568/repo/master/.xml/specs_exml_stream.xml"
Reading XML for "/home/pete/wefwefwef/docs/other/3490390568/repo/master/.xml/specs_exml.xml"
Reading XML for "/home/pete/wefwefwef/docs/other/3490390568/repo/master/.xml/specs_exml_query.xml"
Reading XML for "/home/pete/wefwefwef/docs/other/3490390568/repo/master/.xml/specs_exml_event.xml"
Creating index.html ...
Creating erldocs_index.js ...
Woot, finished in 0 Minutes 0 Seconds
 :: Discovering other repos
$ 5000  `rm -r '/home/pete/wefwefwef/docs/other/3490390568/exml-branch-master'  2>&1`
 :: Finishing up
$ 5000  `rm -r '/home/pete/wefwefwef/docs/other/3490390568/exml'  2>&1`
