 :: Extracting meta information
$ 5000  `git ls-remote --heads --tags 'https://github.com/erlang-china/ets_mgr'  2>&1`
>>> [repo] 1 branches, 2 tags
 :: Writing meta to "/home/pete/wefwefwef/docs/other/8744167220/meta.txt"
 :: Processing https://github.com/erlang-china/ets_mgr	{rev,tag,"0.9.1","8c9dc614b168f32fb52fc21b09d4ea3385de4be3",undefined,[],[]}
 :: Fetching repo code
$ cd "/home/pete/wefwefwef/docs/other/8744167220/ets_mgr-tag-0.9.1/ets_mgr"
$ infinity  `curl --fail --silent --show-error --location --output '0.9.1.zip' 'https://github.com/erlang-china/ets_mgr/archive/0.9.1.zip'  2>&1`
$ cd "/home/pete/wefwefwef/docs/erldocs_other.git"
$ cd "/home/pete/wefwefwef/docs/other/8744167220/ets_mgr-tag-0.9.1/ets_mgr"
$ 5000  `find -P . -type l -delete  2>&1`
$ cd "/home/pete/wefwefwef/docs/erldocs_other.git"
$ cd "/home/pete/wefwefwef/docs/other/8744167220/ets_mgr-tag-0.9.1/ets_mgr"
$ 5000  `find 'ets_mgr-0.9.1' -mindepth 1 -maxdepth 1 -exec mv -t . -- {} +  2>&1`
$ cd "/home/pete/wefwefwef/docs/erldocs_other.git"
 :: Getting dependencies
$ cd "/home/pete/wefwefwef/docs/other/8744167220/ets_mgr-tag-0.9.1/ets_mgr"
$ 5000  `ls -1 deps/  2>&1`
$ cd "/home/pete/wefwefwef/docs/erldocs_other.git"
>>> [rebar] deps = []
 :: Generating erldocs into /home/pete/wefwefwef/docs/other/8744167220/repo/0.9.1
Building ets_mgr
Generating Type Specs - "/home/pete/wefwefwef/docs/other/8744167220/ets_mgr-tag-0.9.1/ets_mgr/src/ets_mgr.erl"
Generating Type Specs - "/home/pete/wefwefwef/docs/other/8744167220/ets_mgr-tag-0.9.1/ets_mgr/src/ets_mgr_app.erl"
Generating Type Specs - "/home/pete/wefwefwef/docs/other/8744167220/ets_mgr-tag-0.9.1/ets_mgr/src/ets_mgr_sup.erl"
Generating XML for application ets_mgr "/home/pete/wefwefwef/docs/other/8744167220/ets_mgr-tag-0.9.1/ets_mgr" -> "/home/pete/wefwefwef/docs/other/8744167220/repo/0.9.1/.xml/ets_mgr"
/home/pete/wefwefwef/docs/other/8744167220/ets_mgr-tag-0.9.1/ets_mgr/src/ets_mgr.erl, function init/1: at line 198: multiple @doc tag.
edoc: skipping source file '/home/pete/wefwefwef/docs/other/8744167220/ets_mgr-tag-0.9.1/ets_mgr/src/ets_mgr.erl': {'EXIT',
                                                                                                              error}.
edoc: error in doclet 'edoc_doclet': {'EXIT',error}.
Error generating ets_mgr XMLs. Using fallback ...
Generating XML ets_mgr - ets_mgr "/home/pete/wefwefwef/docs/other/8744167220/ets_mgr-tag-0.9.1/ets_mgr/src/ets_mgr.erl" -> "/home/pete/wefwefwef/docs/other/8744167220/repo/0.9.1/.xml/ets_mgr/ets_mgr.xml"
/home/pete/wefwefwef/docs/other/8744167220/ets_mgr-tag-0.9.1/ets_mgr/src/ets_mgr.erl, function init/1: at line 198: multiple @doc tag.
Error generating XML ("/home/pete/wefwefwef/docs/other/8744167220/ets_mgr-tag-0.9.1/ets_mgr/src/ets_mgr.erl"): {'EXIT',
                                                                                                                error}
Generating XML ets_mgr - ets_mgr_app "/home/pete/wefwefwef/docs/other/8744167220/ets_mgr-tag-0.9.1/ets_mgr/src/ets_mgr_app.erl" -> "/home/pete/wefwefwef/docs/other/8744167220/repo/0.9.1/.xml/ets_mgr/ets_mgr_app.xml"
Generating XML ets_mgr - ets_mgr_sup "/home/pete/wefwefwef/docs/other/8744167220/ets_mgr-tag-0.9.1/ets_mgr/src/ets_mgr_sup.erl" -> "/home/pete/wefwefwef/docs/other/8744167220/repo/0.9.1/.xml/ets_mgr/ets_mgr_sup.xml"
Generating HTML - ets_mgr_app "/home/pete/wefwefwef/docs/other/8744167220/repo/0.9.1/.xml/ets_mgr/ets_mgr_app.xml"
Reading XML for "/home/pete/wefwefwef/docs/other/8744167220/repo/0.9.1/.xml/ets_mgr/ets_mgr_app.xml"
Reading XML for "/home/pete/wefwefwef/docs/other/8744167220/repo/0.9.1/.xml/specs_ets_mgr_app.xml"
Generating HTML - ets_mgr_sup "/home/pete/wefwefwef/docs/other/8744167220/repo/0.9.1/.xml/ets_mgr/ets_mgr_sup.xml"
Reading XML for "/home/pete/wefwefwef/docs/other/8744167220/repo/0.9.1/.xml/ets_mgr/ets_mgr_sup.xml"
Reading XML for "/home/pete/wefwefwef/docs/other/8744167220/repo/0.9.1/.xml/specs_ets_mgr_sup.xml"
Creating index.html ...
Creating erldocs_index.js ...
Woot, finished in 0 Minutes 0 Seconds
 :: Discovering other repos
$ 5000  `rm -r '/home/pete/wefwefwef/docs/other/8744167220/ets_mgr-tag-0.9.1'  2>&1`
 :: Processing https://github.com/erlang-china/ets_mgr	{rev,tag,"0.9.0","3557714f523aebf2fe3a7d4568290055d8822a58",undefined,[],[]}
 :: Fetching repo code
$ cd "/home/pete/wefwefwef/docs/other/8744167220/ets_mgr-tag-0.9.0/ets_mgr"
$ infinity  `curl --fail --silent --show-error --location --output '0.9.0.zip' 'https://github.com/erlang-china/ets_mgr/archive/0.9.0.zip'  2>&1`
$ cd "/home/pete/wefwefwef/docs/erldocs_other.git"
$ cd "/home/pete/wefwefwef/docs/other/8744167220/ets_mgr-tag-0.9.0/ets_mgr"
$ 5000  `find -P . -type l -delete  2>&1`
$ cd "/home/pete/wefwefwef/docs/erldocs_other.git"
$ cd "/home/pete/wefwefwef/docs/other/8744167220/ets_mgr-tag-0.9.0/ets_mgr"
$ 5000  `find 'ets_mgr-0.9.0' -mindepth 1 -maxdepth 1 -exec mv -t . -- {} +  2>&1`
$ cd "/home/pete/wefwefwef/docs/erldocs_other.git"
 :: Getting dependencies
$ cd "/home/pete/wefwefwef/docs/other/8744167220/ets_mgr-tag-0.9.0/ets_mgr"
$ 5000  `ls -1 deps/  2>&1`
$ cd "/home/pete/wefwefwef/docs/erldocs_other.git"
>>> [rebar] deps = []
 :: Generating erldocs into /home/pete/wefwefwef/docs/other/8744167220/repo/0.9.0
Building ets_mgr
Generating Type Specs - "/home/pete/wefwefwef/docs/other/8744167220/ets_mgr-tag-0.9.0/ets_mgr/src/ets_mgr.erl"
Generating Type Specs - "/home/pete/wefwefwef/docs/other/8744167220/ets_mgr-tag-0.9.0/ets_mgr/src/ets_mgr_app.erl"
Generating Type Specs - "/home/pete/wefwefwef/docs/other/8744167220/ets_mgr-tag-0.9.0/ets_mgr/src/ets_mgr_sup.erl"
Generating XML for application ets_mgr "/home/pete/wefwefwef/docs/other/8744167220/ets_mgr-tag-0.9.0/ets_mgr" -> "/home/pete/wefwefwef/docs/other/8744167220/repo/0.9.0/.xml/ets_mgr"
/home/pete/wefwefwef/docs/other/8744167220/ets_mgr-tag-0.9.0/ets_mgr/src/ets_mgr.erl, function init/1: at line 170: multiple @doc tag.
edoc: skipping source file '/home/pete/wefwefwef/docs/other/8744167220/ets_mgr-tag-0.9.0/ets_mgr/src/ets_mgr.erl': {'EXIT',
                                                                                                              error}.
edoc: error in doclet 'edoc_doclet': {'EXIT',error}.
Error generating ets_mgr XMLs. Using fallback ...
Generating XML ets_mgr - ets_mgr "/home/pete/wefwefwef/docs/other/8744167220/ets_mgr-tag-0.9.0/ets_mgr/src/ets_mgr.erl" -> "/home/pete/wefwefwef/docs/other/8744167220/repo/0.9.0/.xml/ets_mgr/ets_mgr.xml"
/home/pete/wefwefwef/docs/other/8744167220/ets_mgr-tag-0.9.0/ets_mgr/src/ets_mgr.erl, function init/1: at line 170: multiple @doc tag.
Error generating XML ("/home/pete/wefwefwef/docs/other/8744167220/ets_mgr-tag-0.9.0/ets_mgr/src/ets_mgr.erl"): {'EXIT',
                                                                                                                error}
Generating XML ets_mgr - ets_mgr_app "/home/pete/wefwefwef/docs/other/8744167220/ets_mgr-tag-0.9.0/ets_mgr/src/ets_mgr_app.erl" -> "/home/pete/wefwefwef/docs/other/8744167220/repo/0.9.0/.xml/ets_mgr/ets_mgr_app.xml"
Generating XML ets_mgr - ets_mgr_sup "/home/pete/wefwefwef/docs/other/8744167220/ets_mgr-tag-0.9.0/ets_mgr/src/ets_mgr_sup.erl" -> "/home/pete/wefwefwef/docs/other/8744167220/repo/0.9.0/.xml/ets_mgr/ets_mgr_sup.xml"
Generating HTML - ets_mgr_app "/home/pete/wefwefwef/docs/other/8744167220/repo/0.9.0/.xml/ets_mgr/ets_mgr_app.xml"
Reading XML for "/home/pete/wefwefwef/docs/other/8744167220/repo/0.9.0/.xml/ets_mgr/ets_mgr_app.xml"
Reading XML for "/home/pete/wefwefwef/docs/other/8744167220/repo/0.9.0/.xml/specs_ets_mgr_app.xml"
Generating HTML - ets_mgr_sup "/home/pete/wefwefwef/docs/other/8744167220/repo/0.9.0/.xml/ets_mgr/ets_mgr_sup.xml"
Reading XML for "/home/pete/wefwefwef/docs/other/8744167220/repo/0.9.0/.xml/ets_mgr/ets_mgr_sup.xml"
Reading XML for "/home/pete/wefwefwef/docs/other/8744167220/repo/0.9.0/.xml/specs_ets_mgr_sup.xml"
Creating index.html ...
Creating erldocs_index.js ...
Woot, finished in 0 Minutes 0 Seconds
 :: Discovering other repos
$ 5000  `rm -r '/home/pete/wefwefwef/docs/other/8744167220/ets_mgr-tag-0.9.0'  2>&1`
 :: Processing https://github.com/erlang-china/ets_mgr	{rev,branch,"master","8c9dc614b168f32fb52fc21b09d4ea3385de4be3",undefined,[],[]}
 :: Fetching repo code
$ cd "/home/pete/wefwefwef/docs/other/8744167220/ets_mgr-branch-master/ets_mgr"
$ infinity  `curl --fail --silent --show-error --location --output 'master.zip' 'https://github.com/erlang-china/ets_mgr/archive/master.zip'  2>&1`
$ cd "/home/pete/wefwefwef/docs/erldocs_other.git"
$ cd "/home/pete/wefwefwef/docs/other/8744167220/ets_mgr-branch-master/ets_mgr"
$ 5000  `find -P . -type l -delete  2>&1`
$ cd "/home/pete/wefwefwef/docs/erldocs_other.git"
$ cd "/home/pete/wefwefwef/docs/other/8744167220/ets_mgr-branch-master/ets_mgr"
$ 5000  `find 'ets_mgr-master' -mindepth 1 -maxdepth 1 -exec mv -t . -- {} +  2>&1`
$ cd "/home/pete/wefwefwef/docs/erldocs_other.git"
 :: Getting dependencies
$ cd "/home/pete/wefwefwef/docs/other/8744167220/ets_mgr-branch-master/ets_mgr"
$ 5000  `ls -1 deps/  2>&1`
$ cd "/home/pete/wefwefwef/docs/erldocs_other.git"
>>> [rebar] deps = []
 :: Generating erldocs into /home/pete/wefwefwef/docs/other/8744167220/repo/master
Building ets_mgr
Generating Type Specs - "/home/pete/wefwefwef/docs/other/8744167220/ets_mgr-branch-master/ets_mgr/src/ets_mgr.erl"
Generating Type Specs - "/home/pete/wefwefwef/docs/other/8744167220/ets_mgr-branch-master/ets_mgr/src/ets_mgr_app.erl"
Generating Type Specs - "/home/pete/wefwefwef/docs/other/8744167220/ets_mgr-branch-master/ets_mgr/src/ets_mgr_sup.erl"
Generating XML for application ets_mgr "/home/pete/wefwefwef/docs/other/8744167220/ets_mgr-branch-master/ets_mgr" -> "/home/pete/wefwefwef/docs/other/8744167220/repo/master/.xml/ets_mgr"
/home/pete/wefwefwef/docs/other/8744167220/ets_mgr-branch-master/ets_mgr/src/ets_mgr.erl, function init/1: at line 198: multiple @doc tag.
edoc: skipping source file '/home/pete/wefwefwef/docs/other/8744167220/ets_mgr-branch-master/ets_mgr/src/ets_mgr.erl': {'EXIT',
                                                                                                                  error}.
edoc: error in doclet 'edoc_doclet': {'EXIT',error}.
Error generating ets_mgr XMLs. Using fallback ...
Generating XML ets_mgr - ets_mgr "/home/pete/wefwefwef/docs/other/8744167220/ets_mgr-branch-master/ets_mgr/src/ets_mgr.erl" -> "/home/pete/wefwefwef/docs/other/8744167220/repo/master/.xml/ets_mgr/ets_mgr.xml"
/home/pete/wefwefwef/docs/other/8744167220/ets_mgr-branch-master/ets_mgr/src/ets_mgr.erl, function init/1: at line 198: multiple @doc tag.
Error generating XML ("/home/pete/wefwefwef/docs/other/8744167220/ets_mgr-branch-master/ets_mgr/src/ets_mgr.erl"): {'EXIT',
                                                                                                                    error}
Generating XML ets_mgr - ets_mgr_app "/home/pete/wefwefwef/docs/other/8744167220/ets_mgr-branch-master/ets_mgr/src/ets_mgr_app.erl" -> "/home/pete/wefwefwef/docs/other/8744167220/repo/master/.xml/ets_mgr/ets_mgr_app.xml"
Generating XML ets_mgr - ets_mgr_sup "/home/pete/wefwefwef/docs/other/8744167220/ets_mgr-branch-master/ets_mgr/src/ets_mgr_sup.erl" -> "/home/pete/wefwefwef/docs/other/8744167220/repo/master/.xml/ets_mgr/ets_mgr_sup.xml"
Generating HTML - ets_mgr_app "/home/pete/wefwefwef/docs/other/8744167220/repo/master/.xml/ets_mgr/ets_mgr_app.xml"
Reading XML for "/home/pete/wefwefwef/docs/other/8744167220/repo/master/.xml/ets_mgr/ets_mgr_app.xml"
Reading XML for "/home/pete/wefwefwef/docs/other/8744167220/repo/master/.xml/specs_ets_mgr_app.xml"
Generating HTML - ets_mgr_sup "/home/pete/wefwefwef/docs/other/8744167220/repo/master/.xml/ets_mgr/ets_mgr_sup.xml"
Reading XML for "/home/pete/wefwefwef/docs/other/8744167220/repo/master/.xml/ets_mgr/ets_mgr_sup.xml"
Reading XML for "/home/pete/wefwefwef/docs/other/8744167220/repo/master/.xml/specs_ets_mgr_sup.xml"
Creating index.html ...
Creating erldocs_index.js ...
Woot, finished in 0 Minutes 0 Seconds
 :: Discovering other repos
$ 5000  `rm -r '/home/pete/wefwefwef/docs/other/8744167220/ets_mgr-branch-master'  2>&1`
 :: Finishing up
$ 5000  `rm -r '/home/pete/wefwefwef/docs/other/8744167220/ets_mgr'  2>&1`
