 :: Extracting meta information
$ 5000  `git ls-remote --heads --tags 'https://github.com/brverbur/cutkey'  2>&1`
>>> [repo] 1 branches, 0 tags
 :: Writing meta to "/home/pete/wefwefwef/docs/other/6898225393/meta.txt"
 :: Processing https://github.com/brverbur/cutkey	{rev,branch,"master","599eb463cd5f6f024e182d4bca11f4189d0cf6c9",undefined,[],[]}
 :: Fetching repo code
$ cd "/home/pete/wefwefwef/docs/other/6898225393/cutkey-branch-master/cutkey"
$ infinity  `curl --fail --silent --show-error --location --output 'master.zip' 'https://github.com/brverbur/cutkey/archive/master.zip'  2>&1`
$ cd "/home/pete/wefwefwef/docs/erldocs_other.git"
$ cd "/home/pete/wefwefwef/docs/other/6898225393/cutkey-branch-master/cutkey"
$ 5000  `find -P . -type l -delete  2>&1`
$ cd "/home/pete/wefwefwef/docs/erldocs_other.git"
$ cd "/home/pete/wefwefwef/docs/other/6898225393/cutkey-branch-master/cutkey"
$ 5000  `find 'cutkey-master' -mindepth 1 -maxdepth 1 -exec mv -t . -- {} +  2>&1`
$ cd "/home/pete/wefwefwef/docs/erldocs_other.git"
 :: Getting dependencies
$ cd "/home/pete/wefwefwef/docs/other/6898225393/cutkey-branch-master/cutkey"
$ 5000  `ls -1 deps/  2>&1`
$ cd "/home/pete/wefwefwef/docs/erldocs_other.git"
>>> [rebar] deps = []
 :: Generating erldocs into /home/pete/wefwefwef/docs/other/6898225393/repo/master
Building cutkey
Generating Type Specs - "/home/pete/wefwefwef/docs/other/6898225393/cutkey-branch-master/cutkey/src/cutkey.erl"
Generating Type Specs - "/home/pete/wefwefwef/docs/other/6898225393/cutkey-branch-master/cutkey/src/cutkey_app.erl"
Generating Type Specs - "/home/pete/wefwefwef/docs/other/6898225393/cutkey-branch-master/cutkey/src/cutkey_drv.erl"
Generating Type Specs - "/home/pete/wefwefwef/docs/other/6898225393/cutkey-branch-master/cutkey/src/cutkey_server.erl"
Generating Type Specs - "/home/pete/wefwefwef/docs/other/6898225393/cutkey-branch-master/cutkey/src/cutkey_sup.erl"
Generating XML for application cutkey "/home/pete/wefwefwef/docs/other/6898225393/cutkey-branch-master/cutkey" -> "/home/pete/wefwefwef/docs/other/6898225393/repo/master/.xml/cutkey"
Generated cutkey XMLs: ["/home/pete/wefwefwef/docs/other/6898225393/repo/master/.xml/cutkey/cutkey.xml"]
Generating HTML - cutkey "/home/pete/wefwefwef/docs/other/6898225393/repo/master/.xml/cutkey/cutkey.xml"
Reading XML for "/home/pete/wefwefwef/docs/other/6898225393/repo/master/.xml/cutkey/cutkey.xml"
Reading XML for "/home/pete/wefwefwef/docs/other/6898225393/repo/master/.xml/specs_cutkey.xml"
Creating index.html ...
Creating erldocs_index.js ...
Woot, finished in 0 Minutes 0 Seconds
 :: Discovering other repos
$ 5000  `rm -r '/home/pete/wefwefwef/docs/other/6898225393/cutkey-branch-master'  2>&1`
 :: Finishing up
$ 5000  `rm -r '/home/pete/wefwefwef/docs/other/6898225393/cutkey'  2>&1`
