 :: Extracting meta information
$ 5000  `git ls-remote --heads --tags 'https://github.com/esl/edown'  2>&1`
>>> [repo] 4 branches, 14 tags
 :: Writing meta to "/home/pete/wefwefwef/docs/other/2265801650/meta.txt"
 :: Processing https://github.com/esl/edown	{rev,tag,"0.2.5","962e4ad18df3c896872df985aeb0e0217416f4ec"}
 :: Fetching repo code
$ cd "/home/pete/wefwefwef/docs/other/2265801650/edown-tag-0.2.5/edown"
$ infinity  `curl --fail --silent --show-error --location --output '0.2.5.zip' 'https://github.com/esl/edown/archive/0.2.5.zip'  2>&1`
$ cd "/home/pete/wefwefwef/docs/erldocs_other.git"
$ cd "/home/pete/wefwefwef/docs/other/2265801650/edown-tag-0.2.5/edown"
$ 5000  `find -P . -type l -delete  2>&1`
$ cd "/home/pete/wefwefwef/docs/erldocs_other.git"
$ cd "/home/pete/wefwefwef/docs/other/2265801650/edown-tag-0.2.5/edown"
$ 5000  `find 'edown-0.2.5' -mindepth 1 -maxdepth 1 -exec mv -t . -- {} +  2>&1`
$ cd "/home/pete/wefwefwef/docs/erldocs_other.git"
 :: Getting dependencies
$ cd "/home/pete/wefwefwef/docs/other/2265801650/edown-tag-0.2.5/edown"
$ 5000  `ls -1 deps/  2>&1`
$ cd "/home/pete/wefwefwef/docs/erldocs_other.git"
>>> [rebar] deps = []
 :: Generating erldocs into /home/pete/wefwefwef/docs/other/2265801650/repo/0.2.5
Building edown
Generating Type Specs - "/home/pete/wefwefwef/docs/other/2265801650/edown-tag-0.2.5/edown/src/edown_doclet.erl"
Generating Type Specs - "/home/pete/wefwefwef/docs/other/2265801650/edown-tag-0.2.5/edown/src/edown_layout.erl"
Generating Type Specs - "/home/pete/wefwefwef/docs/other/2265801650/edown-tag-0.2.5/edown/src/edown_lib.erl"
Generating Type Specs - "/home/pete/wefwefwef/docs/other/2265801650/edown-tag-0.2.5/edown/src/edown_xmerl.erl"
Generating XML for application edown "/home/pete/wefwefwef/docs/other/2265801650/edown-tag-0.2.5/edown" -> "/home/pete/wefwefwef/docs/other/2265801650/repo/0.2.5/.xml/edown"
Generated edown XMLs: ["/home/pete/wefwefwef/docs/other/2265801650/repo/0.2.5/.xml/edown/edown_lib.xml",
                       "/home/pete/wefwefwef/docs/other/2265801650/repo/0.2.5/.xml/edown/edown_layout.xml",
                       "/home/pete/wefwefwef/docs/other/2265801650/repo/0.2.5/.xml/edown/edown_xmerl.xml",
                       "/home/pete/wefwefwef/docs/other/2265801650/repo/0.2.5/.xml/edown/edown_doclet.xml"]
Generating HTML - edown_lib "/home/pete/wefwefwef/docs/other/2265801650/repo/0.2.5/.xml/edown/edown_lib.xml"
Generating HTML - edown_layout "/home/pete/wefwefwef/docs/other/2265801650/repo/0.2.5/.xml/edown/edown_layout.xml"
Generating HTML - edown_xmerl "/home/pete/wefwefwef/docs/other/2265801650/repo/0.2.5/.xml/edown/edown_xmerl.xml"
Generating HTML - edown_doclet "/home/pete/wefwefwef/docs/other/2265801650/repo/0.2.5/.xml/edown/edown_doclet.xml"
Reading XML for "/home/pete/wefwefwef/docs/other/2265801650/repo/0.2.5/.xml/edown/edown_lib.xml"
Reading XML for "/home/pete/wefwefwef/docs/other/2265801650/repo/0.2.5/.xml/edown/edown_layout.xml"
Reading XML for "/home/pete/wefwefwef/docs/other/2265801650/repo/0.2.5/.xml/edown/edown_xmerl.xml"
Reading XML for "/home/pete/wefwefwef/docs/other/2265801650/repo/0.2.5/.xml/edown/edown_doclet.xml"
Reading XML for "/home/pete/wefwefwef/docs/other/2265801650/repo/0.2.5/.xml/specs_edown_xmerl.xml"
Reading XML for "/home/pete/wefwefwef/docs/other/2265801650/repo/0.2.5/.xml/specs_edown_layout.xml"
Reading XML for "/home/pete/wefwefwef/docs/other/2265801650/repo/0.2.5/.xml/specs_edown_lib.xml"
Reading XML for "/home/pete/wefwefwef/docs/other/2265801650/repo/0.2.5/.xml/specs_edown_doclet.xml"
Creating index.html ...
Creating erldocs_index.js ...
Woot, finished in 0 Minutes 0 Seconds
 :: Discovering other repos
$ 5000  `rm -r '/home/pete/wefwefwef/docs/other/2265801650/edown-tag-0.2.5'  2>&1`
 :: Processing https://github.com/esl/edown	{rev,tag,"0.2.6","f2b7a3d21414ffa8ad905868fdf8a4e2825dfedf"}
 :: Fetching repo code
$ cd "/home/pete/wefwefwef/docs/other/2265801650/edown-tag-0.2.6/edown"
$ infinity  `curl --fail --silent --show-error --location --output '0.2.6.zip' 'https://github.com/esl/edown/archive/0.2.6.zip'  2>&1`
$ cd "/home/pete/wefwefwef/docs/erldocs_other.git"
$ cd "/home/pete/wefwefwef/docs/other/2265801650/edown-tag-0.2.6/edown"
$ 5000  `find -P . -type l -delete  2>&1`
$ cd "/home/pete/wefwefwef/docs/erldocs_other.git"
$ cd "/home/pete/wefwefwef/docs/other/2265801650/edown-tag-0.2.6/edown"
$ 5000  `find 'edown-0.2.6' -mindepth 1 -maxdepth 1 -exec mv -t . -- {} +  2>&1`
$ cd "/home/pete/wefwefwef/docs/erldocs_other.git"
 :: Getting dependencies
$ cd "/home/pete/wefwefwef/docs/other/2265801650/edown-tag-0.2.6/edown"
$ 5000  `ls -1 deps/  2>&1`
$ cd "/home/pete/wefwefwef/docs/erldocs_other.git"
>>> [rebar] deps = []
 :: Generating erldocs into /home/pete/wefwefwef/docs/other/2265801650/repo/0.2.6
Building edown
Generating Type Specs - "/home/pete/wefwefwef/docs/other/2265801650/edown-tag-0.2.6/edown/src/edown_doclet.erl"
Generating Type Specs - "/home/pete/wefwefwef/docs/other/2265801650/edown-tag-0.2.6/edown/src/edown_layout.erl"
Generating Type Specs - "/home/pete/wefwefwef/docs/other/2265801650/edown-tag-0.2.6/edown/src/edown_lib.erl"
Generating Type Specs - "/home/pete/wefwefwef/docs/other/2265801650/edown-tag-0.2.6/edown/src/edown_xmerl.erl"
Generating XML for application edown "/home/pete/wefwefwef/docs/other/2265801650/edown-tag-0.2.6/edown" -> "/home/pete/wefwefwef/docs/other/2265801650/repo/0.2.6/.xml/edown"
Generated edown XMLs: ["/home/pete/wefwefwef/docs/other/2265801650/repo/0.2.6/.xml/edown/edown_lib.xml",
                       "/home/pete/wefwefwef/docs/other/2265801650/repo/0.2.6/.xml/edown/edown_layout.xml",
                       "/home/pete/wefwefwef/docs/other/2265801650/repo/0.2.6/.xml/edown/edown_xmerl.xml",
                       "/home/pete/wefwefwef/docs/other/2265801650/repo/0.2.6/.xml/edown/edown_doclet.xml"]
Generating HTML - edown_lib "/home/pete/wefwefwef/docs/other/2265801650/repo/0.2.6/.xml/edown/edown_lib.xml"
Generating HTML - edown_layout "/home/pete/wefwefwef/docs/other/2265801650/repo/0.2.6/.xml/edown/edown_layout.xml"
Generating HTML - edown_xmerl "/home/pete/wefwefwef/docs/other/2265801650/repo/0.2.6/.xml/edown/edown_xmerl.xml"
Generating HTML - edown_doclet "/home/pete/wefwefwef/docs/other/2265801650/repo/0.2.6/.xml/edown/edown_doclet.xml"
Reading XML for "/home/pete/wefwefwef/docs/other/2265801650/repo/0.2.6/.xml/edown/edown_lib.xml"
Reading XML for "/home/pete/wefwefwef/docs/other/2265801650/repo/0.2.6/.xml/edown/edown_layout.xml"
Reading XML for "/home/pete/wefwefwef/docs/other/2265801650/repo/0.2.6/.xml/edown/edown_xmerl.xml"
Reading XML for "/home/pete/wefwefwef/docs/other/2265801650/repo/0.2.6/.xml/edown/edown_doclet.xml"
Reading XML for "/home/pete/wefwefwef/docs/other/2265801650/repo/0.2.6/.xml/specs_edown_lib.xml"
Reading XML for "/home/pete/wefwefwef/docs/other/2265801650/repo/0.2.6/.xml/specs_edown_layout.xml"
Reading XML for "/home/pete/wefwefwef/docs/other/2265801650/repo/0.2.6/.xml/specs_edown_doclet.xml"
Reading XML for "/home/pete/wefwefwef/docs/other/2265801650/repo/0.2.6/.xml/specs_edown_xmerl.xml"
Creating index.html ...
Creating erldocs_index.js ...
Woot, finished in 0 Minutes 0 Seconds
 :: Discovering other repos
$ 5000  `rm -r '/home/pete/wefwefwef/docs/other/2265801650/edown-tag-0.2.6'  2>&1`
 :: Processing https://github.com/esl/edown	{rev,tag,"0.2.7","4d41ead7df4f5eb465a7f01bb800c3410be95a72"}
 :: Fetching repo code
$ cd "/home/pete/wefwefwef/docs/other/2265801650/edown-tag-0.2.7/edown"
$ infinity  `curl --fail --silent --show-error --location --output '0.2.7.zip' 'https://github.com/esl/edown/archive/0.2.7.zip'  2>&1`
$ cd "/home/pete/wefwefwef/docs/erldocs_other.git"
$ cd "/home/pete/wefwefwef/docs/other/2265801650/edown-tag-0.2.7/edown"
$ 5000  `find -P . -type l -delete  2>&1`
$ cd "/home/pete/wefwefwef/docs/erldocs_other.git"
$ cd "/home/pete/wefwefwef/docs/other/2265801650/edown-tag-0.2.7/edown"
$ 5000  `find 'edown-0.2.7' -mindepth 1 -maxdepth 1 -exec mv -t . -- {} +  2>&1`
$ cd "/home/pete/wefwefwef/docs/erldocs_other.git"
 :: Getting dependencies
$ cd "/home/pete/wefwefwef/docs/other/2265801650/edown-tag-0.2.7/edown"
$ 5000  `ls -1 deps/  2>&1`
$ cd "/home/pete/wefwefwef/docs/erldocs_other.git"
>>> [rebar] deps = []
 :: Generating erldocs into /home/pete/wefwefwef/docs/other/2265801650/repo/0.2.7
Building edown
Generating Type Specs - "/home/pete/wefwefwef/docs/other/2265801650/edown-tag-0.2.7/edown/src/edown_doclet.erl"
Generating Type Specs - "/home/pete/wefwefwef/docs/other/2265801650/edown-tag-0.2.7/edown/src/edown_layout.erl"
Generating Type Specs - "/home/pete/wefwefwef/docs/other/2265801650/edown-tag-0.2.7/edown/src/edown_lib.erl"
Generating Type Specs - "/home/pete/wefwefwef/docs/other/2265801650/edown-tag-0.2.7/edown/src/edown_xmerl.erl"
Generating XML for application edown "/home/pete/wefwefwef/docs/other/2265801650/edown-tag-0.2.7/edown" -> "/home/pete/wefwefwef/docs/other/2265801650/repo/0.2.7/.xml/edown"
Generated edown XMLs: ["/home/pete/wefwefwef/docs/other/2265801650/repo/0.2.7/.xml/edown/edown_lib.xml",
                       "/home/pete/wefwefwef/docs/other/2265801650/repo/0.2.7/.xml/edown/edown_layout.xml",
                       "/home/pete/wefwefwef/docs/other/2265801650/repo/0.2.7/.xml/edown/edown_xmerl.xml",
                       "/home/pete/wefwefwef/docs/other/2265801650/repo/0.2.7/.xml/edown/edown_doclet.xml"]
Generating HTML - edown_lib "/home/pete/wefwefwef/docs/other/2265801650/repo/0.2.7/.xml/edown/edown_lib.xml"
Generating HTML - edown_layout "/home/pete/wefwefwef/docs/other/2265801650/repo/0.2.7/.xml/edown/edown_layout.xml"
Generating HTML - edown_xmerl "/home/pete/wefwefwef/docs/other/2265801650/repo/0.2.7/.xml/edown/edown_xmerl.xml"
Generating HTML - edown_doclet "/home/pete/wefwefwef/docs/other/2265801650/repo/0.2.7/.xml/edown/edown_doclet.xml"
Reading XML for "/home/pete/wefwefwef/docs/other/2265801650/repo/0.2.7/.xml/edown/edown_lib.xml"
Reading XML for "/home/pete/wefwefwef/docs/other/2265801650/repo/0.2.7/.xml/edown/edown_layout.xml"
Reading XML for "/home/pete/wefwefwef/docs/other/2265801650/repo/0.2.7/.xml/edown/edown_xmerl.xml"
Reading XML for "/home/pete/wefwefwef/docs/other/2265801650/repo/0.2.7/.xml/edown/edown_doclet.xml"
Reading XML for "/home/pete/wefwefwef/docs/other/2265801650/repo/0.2.7/.xml/specs_edown_layout.xml"
Reading XML for "/home/pete/wefwefwef/docs/other/2265801650/repo/0.2.7/.xml/specs_edown_xmerl.xml"
Reading XML for "/home/pete/wefwefwef/docs/other/2265801650/repo/0.2.7/.xml/specs_edown_lib.xml"
Reading XML for "/home/pete/wefwefwef/docs/other/2265801650/repo/0.2.7/.xml/specs_edown_doclet.xml"
Creating index.html ...
Creating erldocs_index.js ...
Woot, finished in 0 Minutes 0 Seconds
 :: Discovering other repos
$ 5000  `rm -r '/home/pete/wefwefwef/docs/other/2265801650/edown-tag-0.2.7'  2>&1`
 :: Processing https://github.com/esl/edown	{rev,tag,"0.2.8","b5f16755fc04f6c08e7b9b0208dd71913f39a163"}
 :: Fetching repo code
$ cd "/home/pete/wefwefwef/docs/other/2265801650/edown-tag-0.2.8/edown"
$ infinity  `curl --fail --silent --show-error --location --output '0.2.8.zip' 'https://github.com/esl/edown/archive/0.2.8.zip'  2>&1`
$ cd "/home/pete/wefwefwef/docs/erldocs_other.git"
$ cd "/home/pete/wefwefwef/docs/other/2265801650/edown-tag-0.2.8/edown"
$ 5000  `find -P . -type l -delete  2>&1`
$ cd "/home/pete/wefwefwef/docs/erldocs_other.git"
$ cd "/home/pete/wefwefwef/docs/other/2265801650/edown-tag-0.2.8/edown"
$ 5000  `find 'edown-0.2.8' -mindepth 1 -maxdepth 1 -exec mv -t . -- {} +  2>&1`
$ cd "/home/pete/wefwefwef/docs/erldocs_other.git"
 :: Getting dependencies
$ cd "/home/pete/wefwefwef/docs/other/2265801650/edown-tag-0.2.8/edown"
$ 5000  `ls -1 deps/  2>&1`
$ cd "/home/pete/wefwefwef/docs/erldocs_other.git"
>>> [rebar] deps = []
 :: Generating erldocs into /home/pete/wefwefwef/docs/other/2265801650/repo/0.2.8
Building edown
Generating Type Specs - "/home/pete/wefwefwef/docs/other/2265801650/edown-tag-0.2.8/edown/src/edown_doclet.erl"
Generating Type Specs - "/home/pete/wefwefwef/docs/other/2265801650/edown-tag-0.2.8/edown/src/edown_layout.erl"
Generating Type Specs - "/home/pete/wefwefwef/docs/other/2265801650/edown-tag-0.2.8/edown/src/edown_lib.erl"
Generating Type Specs - "/home/pete/wefwefwef/docs/other/2265801650/edown-tag-0.2.8/edown/src/edown_make.erl"
Generating Type Specs - "/home/pete/wefwefwef/docs/other/2265801650/edown-tag-0.2.8/edown/src/edown_xmerl.erl"
Generating XML for application edown "/home/pete/wefwefwef/docs/other/2265801650/edown-tag-0.2.8/edown" -> "/home/pete/wefwefwef/docs/other/2265801650/repo/0.2.8/.xml/edown"
Generated edown XMLs: ["/home/pete/wefwefwef/docs/other/2265801650/repo/0.2.8/.xml/edown/edown_lib.xml",
                       "/home/pete/wefwefwef/docs/other/2265801650/repo/0.2.8/.xml/edown/edown_layout.xml",
                       "/home/pete/wefwefwef/docs/other/2265801650/repo/0.2.8/.xml/edown/edown_xmerl.xml",
                       "/home/pete/wefwefwef/docs/other/2265801650/repo/0.2.8/.xml/edown/edown_make.xml",
                       "/home/pete/wefwefwef/docs/other/2265801650/repo/0.2.8/.xml/edown/edown_doclet.xml"]
Generating HTML - edown_lib "/home/pete/wefwefwef/docs/other/2265801650/repo/0.2.8/.xml/edown/edown_lib.xml"
Generating HTML - edown_layout "/home/pete/wefwefwef/docs/other/2265801650/repo/0.2.8/.xml/edown/edown_layout.xml"
Generating HTML - edown_xmerl "/home/pete/wefwefwef/docs/other/2265801650/repo/0.2.8/.xml/edown/edown_xmerl.xml"
Generating HTML - edown_doclet "/home/pete/wefwefwef/docs/other/2265801650/repo/0.2.8/.xml/edown/edown_doclet.xml"
Reading XML for "/home/pete/wefwefwef/docs/other/2265801650/repo/0.2.8/.xml/edown/edown_lib.xml"
Reading XML for "/home/pete/wefwefwef/docs/other/2265801650/repo/0.2.8/.xml/edown/edown_layout.xml"
Reading XML for "/home/pete/wefwefwef/docs/other/2265801650/repo/0.2.8/.xml/edown/edown_xmerl.xml"
Reading XML for "/home/pete/wefwefwef/docs/other/2265801650/repo/0.2.8/.xml/edown/edown_doclet.xml"
Reading XML for "/home/pete/wefwefwef/docs/other/2265801650/repo/0.2.8/.xml/specs_edown_doclet.xml"
Reading XML for "/home/pete/wefwefwef/docs/other/2265801650/repo/0.2.8/.xml/specs_edown_lib.xml"
Generating HTML - edown_make "/home/pete/wefwefwef/docs/other/2265801650/repo/0.2.8/.xml/edown/edown_make.xml"
Reading XML for "/home/pete/wefwefwef/docs/other/2265801650/repo/0.2.8/.xml/edown/edown_make.xml"
Reading XML for "/home/pete/wefwefwef/docs/other/2265801650/repo/0.2.8/.xml/specs_edown_xmerl.xml"
Reading XML for "/home/pete/wefwefwef/docs/other/2265801650/repo/0.2.8/.xml/specs_edown_layout.xml"
Reading XML for "/home/pete/wefwefwef/docs/other/2265801650/repo/0.2.8/.xml/specs_edown_make.xml"
Creating index.html ...
Creating erldocs_index.js ...
Woot, finished in 0 Minutes 0 Seconds
 :: Discovering other repos
$ 5000  `rm -r '/home/pete/wefwefwef/docs/other/2265801650/edown-tag-0.2.8'  2>&1`
 :: Processing https://github.com/esl/edown	{rev,tag,"0.2.9","813c322a2470b8c850c163fb83f723b01445e202"}
 :: Fetching repo code
$ cd "/home/pete/wefwefwef/docs/other/2265801650/edown-tag-0.2.9/edown"
$ infinity  `curl --fail --silent --show-error --location --output '0.2.9.zip' 'https://github.com/esl/edown/archive/0.2.9.zip'  2>&1`
$ cd "/home/pete/wefwefwef/docs/erldocs_other.git"
$ cd "/home/pete/wefwefwef/docs/other/2265801650/edown-tag-0.2.9/edown"
$ 5000  `find -P . -type l -delete  2>&1`
$ cd "/home/pete/wefwefwef/docs/erldocs_other.git"
$ cd "/home/pete/wefwefwef/docs/other/2265801650/edown-tag-0.2.9/edown"
$ 5000  `find 'edown-0.2.9' -mindepth 1 -maxdepth 1 -exec mv -t . -- {} +  2>&1`
$ cd "/home/pete/wefwefwef/docs/erldocs_other.git"
 :: Getting dependencies
$ cd "/home/pete/wefwefwef/docs/other/2265801650/edown-tag-0.2.9/edown"
$ 5000  `ls -1 deps/  2>&1`
$ cd "/home/pete/wefwefwef/docs/erldocs_other.git"
>>> [rebar] deps = []
 :: Generating erldocs into /home/pete/wefwefwef/docs/other/2265801650/repo/0.2.9
Building edown
Generating Type Specs - "/home/pete/wefwefwef/docs/other/2265801650/edown-tag-0.2.9/edown/src/edown_doclet.erl"
Generating Type Specs - "/home/pete/wefwefwef/docs/other/2265801650/edown-tag-0.2.9/edown/src/edown_layout.erl"
Generating Type Specs - "/home/pete/wefwefwef/docs/other/2265801650/edown-tag-0.2.9/edown/src/edown_lib.erl"
Generating Type Specs - "/home/pete/wefwefwef/docs/other/2265801650/edown-tag-0.2.9/edown/src/edown_make.erl"
Generating Type Specs - "/home/pete/wefwefwef/docs/other/2265801650/edown-tag-0.2.9/edown/src/edown_xmerl.erl"
Generating XML for application edown "/home/pete/wefwefwef/docs/other/2265801650/edown-tag-0.2.9/edown" -> "/home/pete/wefwefwef/docs/other/2265801650/repo/0.2.9/.xml/edown"
Generated edown XMLs: ["/home/pete/wefwefwef/docs/other/2265801650/repo/0.2.9/.xml/edown/edown_lib.xml",
                       "/home/pete/wefwefwef/docs/other/2265801650/repo/0.2.9/.xml/edown/edown_layout.xml",
                       "/home/pete/wefwefwef/docs/other/2265801650/repo/0.2.9/.xml/edown/edown_xmerl.xml",
                       "/home/pete/wefwefwef/docs/other/2265801650/repo/0.2.9/.xml/edown/edown_make.xml",
                       "/home/pete/wefwefwef/docs/other/2265801650/repo/0.2.9/.xml/edown/edown_doclet.xml"]
Generating HTML - edown_lib "/home/pete/wefwefwef/docs/other/2265801650/repo/0.2.9/.xml/edown/edown_lib.xml"
Generating HTML - edown_layout "/home/pete/wefwefwef/docs/other/2265801650/repo/0.2.9/.xml/edown/edown_layout.xml"
Generating HTML - edown_xmerl "/home/pete/wefwefwef/docs/other/2265801650/repo/0.2.9/.xml/edown/edown_xmerl.xml"
Generating HTML - edown_doclet "/home/pete/wefwefwef/docs/other/2265801650/repo/0.2.9/.xml/edown/edown_doclet.xml"
Reading XML for "/home/pete/wefwefwef/docs/other/2265801650/repo/0.2.9/.xml/edown/edown_lib.xml"
Reading XML for "/home/pete/wefwefwef/docs/other/2265801650/repo/0.2.9/.xml/edown/edown_layout.xml"
Reading XML for "/home/pete/wefwefwef/docs/other/2265801650/repo/0.2.9/.xml/edown/edown_xmerl.xml"
Reading XML for "/home/pete/wefwefwef/docs/other/2265801650/repo/0.2.9/.xml/edown/edown_doclet.xml"
Reading XML for "/home/pete/wefwefwef/docs/other/2265801650/repo/0.2.9/.xml/specs_edown_lib.xml"
Reading XML for "/home/pete/wefwefwef/docs/other/2265801650/repo/0.2.9/.xml/specs_edown_xmerl.xml"
Reading XML for "/home/pete/wefwefwef/docs/other/2265801650/repo/0.2.9/.xml/specs_edown_layout.xml"
Reading XML for "/home/pete/wefwefwef/docs/other/2265801650/repo/0.2.9/.xml/specs_edown_doclet.xml"
Generating HTML - edown_make "/home/pete/wefwefwef/docs/other/2265801650/repo/0.2.9/.xml/edown/edown_make.xml"
Reading XML for "/home/pete/wefwefwef/docs/other/2265801650/repo/0.2.9/.xml/edown/edown_make.xml"
Reading XML for "/home/pete/wefwefwef/docs/other/2265801650/repo/0.2.9/.xml/specs_edown_make.xml"
Creating index.html ...
Creating erldocs_index.js ...
Woot, finished in 0 Minutes 0 Seconds
 :: Discovering other repos
$ 5000  `rm -r '/home/pete/wefwefwef/docs/other/2265801650/edown-tag-0.2.9'  2>&1`
 :: Processing https://github.com/esl/edown	{rev,tag,"0.3.0","2a60bd1361bd4005a00edd41bc7e447389b3a1b8"}
 :: Fetching repo code
$ cd "/home/pete/wefwefwef/docs/other/2265801650/edown-tag-0.3.0/edown"
$ infinity  `curl --fail --silent --show-error --location --output '0.3.0.zip' 'https://github.com/esl/edown/archive/0.3.0.zip'  2>&1`
$ cd "/home/pete/wefwefwef/docs/erldocs_other.git"
$ cd "/home/pete/wefwefwef/docs/other/2265801650/edown-tag-0.3.0/edown"
$ 5000  `find -P . -type l -delete  2>&1`
$ cd "/home/pete/wefwefwef/docs/erldocs_other.git"
$ cd "/home/pete/wefwefwef/docs/other/2265801650/edown-tag-0.3.0/edown"
$ 5000  `find 'edown-0.3.0' -mindepth 1 -maxdepth 1 -exec mv -t . -- {} +  2>&1`
$ cd "/home/pete/wefwefwef/docs/erldocs_other.git"
 :: Getting dependencies
$ cd "/home/pete/wefwefwef/docs/other/2265801650/edown-tag-0.3.0/edown"
$ 5000  `ls -1 deps/  2>&1`
$ cd "/home/pete/wefwefwef/docs/erldocs_other.git"
>>> [rebar] deps = []
 :: Generating erldocs into /home/pete/wefwefwef/docs/other/2265801650/repo/0.3.0
Building edown
Generating Type Specs - "/home/pete/wefwefwef/docs/other/2265801650/edown-tag-0.3.0/edown/src/edown_doclet.erl"
Generating Type Specs - "/home/pete/wefwefwef/docs/other/2265801650/edown-tag-0.3.0/edown/src/edown_layout.erl"
Generating Type Specs - "/home/pete/wefwefwef/docs/other/2265801650/edown-tag-0.3.0/edown/src/edown_lib.erl"
Generating Type Specs - "/home/pete/wefwefwef/docs/other/2265801650/edown-tag-0.3.0/edown/src/edown_make.erl"
Generating Type Specs - "/home/pete/wefwefwef/docs/other/2265801650/edown-tag-0.3.0/edown/src/edown_xmerl.erl"
Generating XML for application edown "/home/pete/wefwefwef/docs/other/2265801650/edown-tag-0.3.0/edown" -> "/home/pete/wefwefwef/docs/other/2265801650/repo/0.3.0/.xml/edown"
Generated edown XMLs: ["/home/pete/wefwefwef/docs/other/2265801650/repo/0.3.0/.xml/edown/edown_lib.xml",
                       "/home/pete/wefwefwef/docs/other/2265801650/repo/0.3.0/.xml/edown/edown_layout.xml",
                       "/home/pete/wefwefwef/docs/other/2265801650/repo/0.3.0/.xml/edown/edown_xmerl.xml",
                       "/home/pete/wefwefwef/docs/other/2265801650/repo/0.3.0/.xml/edown/edown_make.xml",
                       "/home/pete/wefwefwef/docs/other/2265801650/repo/0.3.0/.xml/edown/edown_doclet.xml"]
Generating HTML - edown_lib "/home/pete/wefwefwef/docs/other/2265801650/repo/0.3.0/.xml/edown/edown_lib.xml"
Generating HTML - edown_layout "/home/pete/wefwefwef/docs/other/2265801650/repo/0.3.0/.xml/edown/edown_layout.xml"
Generating HTML - edown_xmerl "/home/pete/wefwefwef/docs/other/2265801650/repo/0.3.0/.xml/edown/edown_xmerl.xml"
Generating HTML - edown_doclet "/home/pete/wefwefwef/docs/other/2265801650/repo/0.3.0/.xml/edown/edown_doclet.xml"
Reading XML for "/home/pete/wefwefwef/docs/other/2265801650/repo/0.3.0/.xml/edown/edown_lib.xml"
Reading XML for "/home/pete/wefwefwef/docs/other/2265801650/repo/0.3.0/.xml/edown/edown_layout.xml"
Reading XML for "/home/pete/wefwefwef/docs/other/2265801650/repo/0.3.0/.xml/edown/edown_xmerl.xml"
Reading XML for "/home/pete/wefwefwef/docs/other/2265801650/repo/0.3.0/.xml/edown/edown_doclet.xml"
Reading XML for "/home/pete/wefwefwef/docs/other/2265801650/repo/0.3.0/.xml/specs_edown_lib.xml"
Reading XML for "/home/pete/wefwefwef/docs/other/2265801650/repo/0.3.0/.xml/specs_edown_xmerl.xml"
Reading XML for "/home/pete/wefwefwef/docs/other/2265801650/repo/0.3.0/.xml/specs_edown_layout.xml"
Reading XML for "/home/pete/wefwefwef/docs/other/2265801650/repo/0.3.0/.xml/specs_edown_doclet.xml"
Generating HTML - edown_make "/home/pete/wefwefwef/docs/other/2265801650/repo/0.3.0/.xml/edown/edown_make.xml"
Reading XML for "/home/pete/wefwefwef/docs/other/2265801650/repo/0.3.0/.xml/edown/edown_make.xml"
Reading XML for "/home/pete/wefwefwef/docs/other/2265801650/repo/0.3.0/.xml/specs_edown_make.xml"
Creating index.html ...
Creating erldocs_index.js ...
Woot, finished in 0 Minutes 0 Seconds
 :: Discovering other repos
$ 5000  `rm -r '/home/pete/wefwefwef/docs/other/2265801650/edown-tag-0.3.0'  2>&1`
 :: Processing https://github.com/esl/edown	{rev,tag,"0.4","4cb4ad67382590d92228ea6c56225376bd9f5685"}
 :: Fetching repo code
$ cd "/home/pete/wefwefwef/docs/other/2265801650/edown-tag-0.4/edown"
$ infinity  `curl --fail --silent --show-error --location --output '0.4.zip' 'https://github.com/esl/edown/archive/0.4.zip'  2>&1`
$ cd "/home/pete/wefwefwef/docs/erldocs_other.git"
$ cd "/home/pete/wefwefwef/docs/other/2265801650/edown-tag-0.4/edown"
$ 5000  `find -P . -type l -delete  2>&1`
$ cd "/home/pete/wefwefwef/docs/erldocs_other.git"
$ cd "/home/pete/wefwefwef/docs/other/2265801650/edown-tag-0.4/edown"
$ 5000  `find 'edown-0.4' -mindepth 1 -maxdepth 1 -exec mv -t . -- {} +  2>&1`
$ cd "/home/pete/wefwefwef/docs/erldocs_other.git"
 :: Getting dependencies
$ cd "/home/pete/wefwefwef/docs/other/2265801650/edown-tag-0.4/edown"
$ 5000  `ls -1 deps/  2>&1`
$ cd "/home/pete/wefwefwef/docs/erldocs_other.git"
>>> [rebar] deps = []
 :: Generating erldocs into /home/pete/wefwefwef/docs/other/2265801650/repo/0.4
Building edown
Generating Type Specs - "/home/pete/wefwefwef/docs/other/2265801650/edown-tag-0.4/edown/src/edown_doclet.erl"
Generating Type Specs - "/home/pete/wefwefwef/docs/other/2265801650/edown-tag-0.4/edown/src/edown_layout.erl"
Generating Type Specs - "/home/pete/wefwefwef/docs/other/2265801650/edown-tag-0.4/edown/src/edown_lib.erl"
Generating Type Specs - "/home/pete/wefwefwef/docs/other/2265801650/edown-tag-0.4/edown/src/edown_make.erl"
Generating Type Specs - "/home/pete/wefwefwef/docs/other/2265801650/edown-tag-0.4/edown/src/edown_xmerl.erl"
Generating XML for application edown "/home/pete/wefwefwef/docs/other/2265801650/edown-tag-0.4/edown" -> "/home/pete/wefwefwef/docs/other/2265801650/repo/0.4/.xml/edown"
Generated edown XMLs: ["/home/pete/wefwefwef/docs/other/2265801650/repo/0.4/.xml/edown/edown_lib.xml",
                       "/home/pete/wefwefwef/docs/other/2265801650/repo/0.4/.xml/edown/edown_layout.xml",
                       "/home/pete/wefwefwef/docs/other/2265801650/repo/0.4/.xml/edown/edown_xmerl.xml",
                       "/home/pete/wefwefwef/docs/other/2265801650/repo/0.4/.xml/edown/edown_make.xml",
                       "/home/pete/wefwefwef/docs/other/2265801650/repo/0.4/.xml/edown/edown_doclet.xml"]
Generating HTML - edown_lib "/home/pete/wefwefwef/docs/other/2265801650/repo/0.4/.xml/edown/edown_lib.xml"
Generating HTML - edown_layout "/home/pete/wefwefwef/docs/other/2265801650/repo/0.4/.xml/edown/edown_layout.xml"
Generating HTML - edown_xmerl "/home/pete/wefwefwef/docs/other/2265801650/repo/0.4/.xml/edown/edown_xmerl.xml"
Generating HTML - edown_doclet "/home/pete/wefwefwef/docs/other/2265801650/repo/0.4/.xml/edown/edown_doclet.xml"
Reading XML for "/home/pete/wefwefwef/docs/other/2265801650/repo/0.4/.xml/edown/edown_lib.xml"
Reading XML for "/home/pete/wefwefwef/docs/other/2265801650/repo/0.4/.xml/edown/edown_layout.xml"
Reading XML for "/home/pete/wefwefwef/docs/other/2265801650/repo/0.4/.xml/edown/edown_xmerl.xml"
Reading XML for "/home/pete/wefwefwef/docs/other/2265801650/repo/0.4/.xml/edown/edown_doclet.xml"
Reading XML for "/home/pete/wefwefwef/docs/other/2265801650/repo/0.4/.xml/specs_edown_lib.xml"
Reading XML for "/home/pete/wefwefwef/docs/other/2265801650/repo/0.4/.xml/specs_edown_xmerl.xml"
Reading XML for "/home/pete/wefwefwef/docs/other/2265801650/repo/0.4/.xml/specs_edown_layout.xml"
Reading XML for "/home/pete/wefwefwef/docs/other/2265801650/repo/0.4/.xml/specs_edown_doclet.xml"
Generating HTML - edown_make "/home/pete/wefwefwef/docs/other/2265801650/repo/0.4/.xml/edown/edown_make.xml"
Reading XML for "/home/pete/wefwefwef/docs/other/2265801650/repo/0.4/.xml/edown/edown_make.xml"
Reading XML for "/home/pete/wefwefwef/docs/other/2265801650/repo/0.4/.xml/specs_edown_make.xml"
Creating index.html ...
Creating erldocs_index.js ...
Woot, finished in 0 Minutes 0 Seconds
 :: Discovering other repos
$ 5000  `rm -r '/home/pete/wefwefwef/docs/other/2265801650/edown-tag-0.4'  2>&1`
 :: Processing https://github.com/esl/edown	{rev,tag,"v0.1","e7efc59f603498786d6f678fcc24895d91ad49a4"}
 :: Fetching repo code
$ cd "/home/pete/wefwefwef/docs/other/2265801650/edown-tag-v0.1/edown"
$ infinity  `curl --fail --silent --show-error --location --output 'v0.1.zip' 'https://github.com/esl/edown/archive/v0.1.zip'  2>&1`
$ cd "/home/pete/wefwefwef/docs/erldocs_other.git"
$ cd "/home/pete/wefwefwef/docs/other/2265801650/edown-tag-v0.1/edown"
$ 5000  `find -P . -type l -delete  2>&1`
$ cd "/home/pete/wefwefwef/docs/erldocs_other.git"
$ cd "/home/pete/wefwefwef/docs/other/2265801650/edown-tag-v0.1/edown"
$ 5000  `find 'edown-0.1' -mindepth 1 -maxdepth 1 -exec mv -t . -- {} +  2>&1`
$ cd "/home/pete/wefwefwef/docs/erldocs_other.git"
 :: Getting dependencies
$ cd "/home/pete/wefwefwef/docs/other/2265801650/edown-tag-v0.1/edown"
$ 5000  `ls -1 deps/  2>&1`
$ cd "/home/pete/wefwefwef/docs/erldocs_other.git"
>>> [rebar] deps = []
 :: Generating erldocs into /home/pete/wefwefwef/docs/other/2265801650/repo/v0.1
Building edown
Generating Type Specs - "/home/pete/wefwefwef/docs/other/2265801650/edown-tag-v0.1/edown/src/edown_doclet.erl"
Generating Type Specs - "/home/pete/wefwefwef/docs/other/2265801650/edown-tag-v0.1/edown/src/edown_layout.erl"
Generating Type Specs - "/home/pete/wefwefwef/docs/other/2265801650/edown-tag-v0.1/edown/src/edown_lib.erl"
Generating Type Specs - "/home/pete/wefwefwef/docs/other/2265801650/edown-tag-v0.1/edown/src/edown_xmerl.erl"
Generating XML for application edown "/home/pete/wefwefwef/docs/other/2265801650/edown-tag-v0.1/edown" -> "/home/pete/wefwefwef/docs/other/2265801650/repo/v0.1/.xml/edown"
Generated edown XMLs: ["/home/pete/wefwefwef/docs/other/2265801650/repo/v0.1/.xml/edown/edown_lib.xml",
                       "/home/pete/wefwefwef/docs/other/2265801650/repo/v0.1/.xml/edown/edown_layout.xml",
                       "/home/pete/wefwefwef/docs/other/2265801650/repo/v0.1/.xml/edown/edown_xmerl.xml",
                       "/home/pete/wefwefwef/docs/other/2265801650/repo/v0.1/.xml/edown/edown_doclet.xml"]
Generating HTML - edown_lib "/home/pete/wefwefwef/docs/other/2265801650/repo/v0.1/.xml/edown/edown_lib.xml"
Generating HTML - edown_layout "/home/pete/wefwefwef/docs/other/2265801650/repo/v0.1/.xml/edown/edown_layout.xml"
Generating HTML - edown_xmerl "/home/pete/wefwefwef/docs/other/2265801650/repo/v0.1/.xml/edown/edown_xmerl.xml"
Generating HTML - edown_doclet "/home/pete/wefwefwef/docs/other/2265801650/repo/v0.1/.xml/edown/edown_doclet.xml"
Reading XML for "/home/pete/wefwefwef/docs/other/2265801650/repo/v0.1/.xml/edown/edown_lib.xml"
Reading XML for "/home/pete/wefwefwef/docs/other/2265801650/repo/v0.1/.xml/edown/edown_layout.xml"
Reading XML for "/home/pete/wefwefwef/docs/other/2265801650/repo/v0.1/.xml/edown/edown_xmerl.xml"
Reading XML for "/home/pete/wefwefwef/docs/other/2265801650/repo/v0.1/.xml/edown/edown_doclet.xml"
Reading XML for "/home/pete/wefwefwef/docs/other/2265801650/repo/v0.1/.xml/specs_edown_lib.xml"
Reading XML for "/home/pete/wefwefwef/docs/other/2265801650/repo/v0.1/.xml/specs_edown_xmerl.xml"
Reading XML for "/home/pete/wefwefwef/docs/other/2265801650/repo/v0.1/.xml/specs_edown_layout.xml"
Reading XML for "/home/pete/wefwefwef/docs/other/2265801650/repo/v0.1/.xml/specs_edown_doclet.xml"
Creating index.html ...
Creating erldocs_index.js ...
Woot, finished in 0 Minutes 0 Seconds
 :: Discovering other repos
$ 5000  `rm -r '/home/pete/wefwefwef/docs/other/2265801650/edown-tag-v0.1'  2>&1`
 :: Processing https://github.com/esl/edown	{rev,tag,"v0.2.0","38848f668f099c92dc367b78f741a1f806b25f2f"}
 :: Fetching repo code
$ cd "/home/pete/wefwefwef/docs/other/2265801650/edown-tag-v0.2.0/edown"
$ infinity  `curl --fail --silent --show-error --location --output 'v0.2.0.zip' 'https://github.com/esl/edown/archive/v0.2.0.zip'  2>&1`
$ cd "/home/pete/wefwefwef/docs/erldocs_other.git"
$ cd "/home/pete/wefwefwef/docs/other/2265801650/edown-tag-v0.2.0/edown"
$ 5000  `find -P . -type l -delete  2>&1`
$ cd "/home/pete/wefwefwef/docs/erldocs_other.git"
$ cd "/home/pete/wefwefwef/docs/other/2265801650/edown-tag-v0.2.0/edown"
$ 5000  `find 'edown-0.2.0' -mindepth 1 -maxdepth 1 -exec mv -t . -- {} +  2>&1`
$ cd "/home/pete/wefwefwef/docs/erldocs_other.git"
 :: Getting dependencies
$ cd "/home/pete/wefwefwef/docs/other/2265801650/edown-tag-v0.2.0/edown"
$ 5000  `ls -1 deps/  2>&1`
$ cd "/home/pete/wefwefwef/docs/erldocs_other.git"
>>> [rebar] deps = []
 :: Generating erldocs into /home/pete/wefwefwef/docs/other/2265801650/repo/v0.2.0
Building edown
Generating Type Specs - "/home/pete/wefwefwef/docs/other/2265801650/edown-tag-v0.2.0/edown/src/edown_doclet.erl"
Generating Type Specs - "/home/pete/wefwefwef/docs/other/2265801650/edown-tag-v0.2.0/edown/src/edown_layout.erl"
Generating Type Specs - "/home/pete/wefwefwef/docs/other/2265801650/edown-tag-v0.2.0/edown/src/edown_lib.erl"
Generating Type Specs - "/home/pete/wefwefwef/docs/other/2265801650/edown-tag-v0.2.0/edown/src/edown_xmerl.erl"
Generating XML for application edown "/home/pete/wefwefwef/docs/other/2265801650/edown-tag-v0.2.0/edown" -> "/home/pete/wefwefwef/docs/other/2265801650/repo/v0.2.0/.xml/edown"
Generated edown XMLs: ["/home/pete/wefwefwef/docs/other/2265801650/repo/v0.2.0/.xml/edown/edown_lib.xml",
                       "/home/pete/wefwefwef/docs/other/2265801650/repo/v0.2.0/.xml/edown/edown_layout.xml",
                       "/home/pete/wefwefwef/docs/other/2265801650/repo/v0.2.0/.xml/edown/edown_xmerl.xml",
                       "/home/pete/wefwefwef/docs/other/2265801650/repo/v0.2.0/.xml/edown/edown_doclet.xml"]
Generating HTML - edown_lib "/home/pete/wefwefwef/docs/other/2265801650/repo/v0.2.0/.xml/edown/edown_lib.xml"
Generating HTML - edown_layout "/home/pete/wefwefwef/docs/other/2265801650/repo/v0.2.0/.xml/edown/edown_layout.xml"
Generating HTML - edown_xmerl "/home/pete/wefwefwef/docs/other/2265801650/repo/v0.2.0/.xml/edown/edown_xmerl.xml"
Generating HTML - edown_doclet "/home/pete/wefwefwef/docs/other/2265801650/repo/v0.2.0/.xml/edown/edown_doclet.xml"
Reading XML for "/home/pete/wefwefwef/docs/other/2265801650/repo/v0.2.0/.xml/edown/edown_lib.xml"
Reading XML for "/home/pete/wefwefwef/docs/other/2265801650/repo/v0.2.0/.xml/edown/edown_layout.xml"
Reading XML for "/home/pete/wefwefwef/docs/other/2265801650/repo/v0.2.0/.xml/edown/edown_xmerl.xml"
Reading XML for "/home/pete/wefwefwef/docs/other/2265801650/repo/v0.2.0/.xml/edown/edown_doclet.xml"
Reading XML for "/home/pete/wefwefwef/docs/other/2265801650/repo/v0.2.0/.xml/specs_edown_lib.xml"
Reading XML for "/home/pete/wefwefwef/docs/other/2265801650/repo/v0.2.0/.xml/specs_edown_doclet.xml"
Reading XML for "/home/pete/wefwefwef/docs/other/2265801650/repo/v0.2.0/.xml/specs_edown_xmerl.xml"
Reading XML for "/home/pete/wefwefwef/docs/other/2265801650/repo/v0.2.0/.xml/specs_edown_layout.xml"
Creating index.html ...
Creating erldocs_index.js ...
Woot, finished in 0 Minutes 0 Seconds
 :: Discovering other repos
$ 5000  `rm -r '/home/pete/wefwefwef/docs/other/2265801650/edown-tag-v0.2.0'  2>&1`
 :: Processing https://github.com/esl/edown	{rev,tag,"v0.2.1","1f13c2f2ad09af86827a6ec8065aa3e7071e87ab"}
 :: Fetching repo code
$ cd "/home/pete/wefwefwef/docs/other/2265801650/edown-tag-v0.2.1/edown"
$ infinity  `curl --fail --silent --show-error --location --output 'v0.2.1.zip' 'https://github.com/esl/edown/archive/v0.2.1.zip'  2>&1`
$ cd "/home/pete/wefwefwef/docs/erldocs_other.git"
$ cd "/home/pete/wefwefwef/docs/other/2265801650/edown-tag-v0.2.1/edown"
$ 5000  `find -P . -type l -delete  2>&1`
$ cd "/home/pete/wefwefwef/docs/erldocs_other.git"
$ cd "/home/pete/wefwefwef/docs/other/2265801650/edown-tag-v0.2.1/edown"
$ 5000  `find 'edown-0.2.1' -mindepth 1 -maxdepth 1 -exec mv -t . -- {} +  2>&1`
$ cd "/home/pete/wefwefwef/docs/erldocs_other.git"
 :: Getting dependencies
$ cd "/home/pete/wefwefwef/docs/other/2265801650/edown-tag-v0.2.1/edown"
$ 5000  `ls -1 deps/  2>&1`
$ cd "/home/pete/wefwefwef/docs/erldocs_other.git"
>>> [rebar] deps = []
 :: Generating erldocs into /home/pete/wefwefwef/docs/other/2265801650/repo/v0.2.1
Building edown
Generating Type Specs - "/home/pete/wefwefwef/docs/other/2265801650/edown-tag-v0.2.1/edown/src/edown_doclet.erl"
Generating Type Specs - "/home/pete/wefwefwef/docs/other/2265801650/edown-tag-v0.2.1/edown/src/edown_layout.erl"
Generating Type Specs - "/home/pete/wefwefwef/docs/other/2265801650/edown-tag-v0.2.1/edown/src/edown_lib.erl"
Generating Type Specs - "/home/pete/wefwefwef/docs/other/2265801650/edown-tag-v0.2.1/edown/src/edown_xmerl.erl"
Generating XML for application edown "/home/pete/wefwefwef/docs/other/2265801650/edown-tag-v0.2.1/edown" -> "/home/pete/wefwefwef/docs/other/2265801650/repo/v0.2.1/.xml/edown"
Generated edown XMLs: ["/home/pete/wefwefwef/docs/other/2265801650/repo/v0.2.1/.xml/edown/edown_lib.xml",
                       "/home/pete/wefwefwef/docs/other/2265801650/repo/v0.2.1/.xml/edown/edown_layout.xml",
                       "/home/pete/wefwefwef/docs/other/2265801650/repo/v0.2.1/.xml/edown/edown_xmerl.xml",
                       "/home/pete/wefwefwef/docs/other/2265801650/repo/v0.2.1/.xml/edown/edown_doclet.xml"]
Generating HTML - edown_lib "/home/pete/wefwefwef/docs/other/2265801650/repo/v0.2.1/.xml/edown/edown_lib.xml"
Generating HTML - edown_layout "/home/pete/wefwefwef/docs/other/2265801650/repo/v0.2.1/.xml/edown/edown_layout.xml"
Generating HTML - edown_xmerl "/home/pete/wefwefwef/docs/other/2265801650/repo/v0.2.1/.xml/edown/edown_xmerl.xml"
Generating HTML - edown_doclet "/home/pete/wefwefwef/docs/other/2265801650/repo/v0.2.1/.xml/edown/edown_doclet.xml"
Reading XML for "/home/pete/wefwefwef/docs/other/2265801650/repo/v0.2.1/.xml/edown/edown_lib.xml"
Reading XML for "/home/pete/wefwefwef/docs/other/2265801650/repo/v0.2.1/.xml/edown/edown_layout.xml"
Reading XML for "/home/pete/wefwefwef/docs/other/2265801650/repo/v0.2.1/.xml/edown/edown_xmerl.xml"
Reading XML for "/home/pete/wefwefwef/docs/other/2265801650/repo/v0.2.1/.xml/edown/edown_doclet.xml"
Reading XML for "/home/pete/wefwefwef/docs/other/2265801650/repo/v0.2.1/.xml/specs_edown_xmerl.xml"
Reading XML for "/home/pete/wefwefwef/docs/other/2265801650/repo/v0.2.1/.xml/specs_edown_lib.xml"
Reading XML for "/home/pete/wefwefwef/docs/other/2265801650/repo/v0.2.1/.xml/specs_edown_layout.xml"
Reading XML for "/home/pete/wefwefwef/docs/other/2265801650/repo/v0.2.1/.xml/specs_edown_doclet.xml"
Creating index.html ...
Creating erldocs_index.js ...
Woot, finished in 0 Minutes 0 Seconds
 :: Discovering other repos
$ 5000  `rm -r '/home/pete/wefwefwef/docs/other/2265801650/edown-tag-v0.2.1'  2>&1`
 :: Processing https://github.com/esl/edown	{rev,tag,"v0.2.2","41f1857bb6c12a9bbe97ce085d1bbdeac3e736a2"}
 :: Fetching repo code
$ cd "/home/pete/wefwefwef/docs/other/2265801650/edown-tag-v0.2.2/edown"
$ infinity  `curl --fail --silent --show-error --location --output 'v0.2.2.zip' 'https://github.com/esl/edown/archive/v0.2.2.zip'  2>&1`
$ cd "/home/pete/wefwefwef/docs/erldocs_other.git"
$ cd "/home/pete/wefwefwef/docs/other/2265801650/edown-tag-v0.2.2/edown"
$ 5000  `find -P . -type l -delete  2>&1`
$ cd "/home/pete/wefwefwef/docs/erldocs_other.git"
$ cd "/home/pete/wefwefwef/docs/other/2265801650/edown-tag-v0.2.2/edown"
$ 5000  `find 'edown-0.2.2' -mindepth 1 -maxdepth 1 -exec mv -t . -- {} +  2>&1`
$ cd "/home/pete/wefwefwef/docs/erldocs_other.git"
 :: Getting dependencies
$ cd "/home/pete/wefwefwef/docs/other/2265801650/edown-tag-v0.2.2/edown"
$ 5000  `ls -1 deps/  2>&1`
$ cd "/home/pete/wefwefwef/docs/erldocs_other.git"
>>> [rebar] deps = []
 :: Generating erldocs into /home/pete/wefwefwef/docs/other/2265801650/repo/v0.2.2
Building edown
Generating Type Specs - "/home/pete/wefwefwef/docs/other/2265801650/edown-tag-v0.2.2/edown/src/edown_doclet.erl"
Generating Type Specs - "/home/pete/wefwefwef/docs/other/2265801650/edown-tag-v0.2.2/edown/src/edown_layout.erl"
Generating Type Specs - "/home/pete/wefwefwef/docs/other/2265801650/edown-tag-v0.2.2/edown/src/edown_lib.erl"
Generating Type Specs - "/home/pete/wefwefwef/docs/other/2265801650/edown-tag-v0.2.2/edown/src/edown_xmerl.erl"
Generating XML for application edown "/home/pete/wefwefwef/docs/other/2265801650/edown-tag-v0.2.2/edown" -> "/home/pete/wefwefwef/docs/other/2265801650/repo/v0.2.2/.xml/edown"
Generated edown XMLs: ["/home/pete/wefwefwef/docs/other/2265801650/repo/v0.2.2/.xml/edown/edown_lib.xml",
                       "/home/pete/wefwefwef/docs/other/2265801650/repo/v0.2.2/.xml/edown/edown_layout.xml",
                       "/home/pete/wefwefwef/docs/other/2265801650/repo/v0.2.2/.xml/edown/edown_xmerl.xml",
                       "/home/pete/wefwefwef/docs/other/2265801650/repo/v0.2.2/.xml/edown/edown_doclet.xml"]
Generating HTML - edown_lib "/home/pete/wefwefwef/docs/other/2265801650/repo/v0.2.2/.xml/edown/edown_lib.xml"
Generating HTML - edown_layout "/home/pete/wefwefwef/docs/other/2265801650/repo/v0.2.2/.xml/edown/edown_layout.xml"
Generating HTML - edown_xmerl "/home/pete/wefwefwef/docs/other/2265801650/repo/v0.2.2/.xml/edown/edown_xmerl.xml"
Generating HTML - edown_doclet "/home/pete/wefwefwef/docs/other/2265801650/repo/v0.2.2/.xml/edown/edown_doclet.xml"
Reading XML for "/home/pete/wefwefwef/docs/other/2265801650/repo/v0.2.2/.xml/edown/edown_lib.xml"
Reading XML for "/home/pete/wefwefwef/docs/other/2265801650/repo/v0.2.2/.xml/edown/edown_layout.xml"
Reading XML for "/home/pete/wefwefwef/docs/other/2265801650/repo/v0.2.2/.xml/edown/edown_xmerl.xml"
Reading XML for "/home/pete/wefwefwef/docs/other/2265801650/repo/v0.2.2/.xml/edown/edown_doclet.xml"
Reading XML for "/home/pete/wefwefwef/docs/other/2265801650/repo/v0.2.2/.xml/specs_edown_lib.xml"
Reading XML for "/home/pete/wefwefwef/docs/other/2265801650/repo/v0.2.2/.xml/specs_edown_xmerl.xml"
Reading XML for "/home/pete/wefwefwef/docs/other/2265801650/repo/v0.2.2/.xml/specs_edown_layout.xml"
Reading XML for "/home/pete/wefwefwef/docs/other/2265801650/repo/v0.2.2/.xml/specs_edown_doclet.xml"
Creating index.html ...
Creating erldocs_index.js ...
Woot, finished in 0 Minutes 0 Seconds
 :: Discovering other repos
$ 5000  `rm -r '/home/pete/wefwefwef/docs/other/2265801650/edown-tag-v0.2.2'  2>&1`
 :: Processing https://github.com/esl/edown	{rev,tag,"v0.2.3","9c9756c9f0c7cabfcc0f670aaf53c2c17ec3d96b"}
 :: Fetching repo code
$ cd "/home/pete/wefwefwef/docs/other/2265801650/edown-tag-v0.2.3/edown"
$ infinity  `curl --fail --silent --show-error --location --output 'v0.2.3.zip' 'https://github.com/esl/edown/archive/v0.2.3.zip'  2>&1`
$ cd "/home/pete/wefwefwef/docs/erldocs_other.git"
$ cd "/home/pete/wefwefwef/docs/other/2265801650/edown-tag-v0.2.3/edown"
$ 5000  `find -P . -type l -delete  2>&1`
$ cd "/home/pete/wefwefwef/docs/erldocs_other.git"
$ cd "/home/pete/wefwefwef/docs/other/2265801650/edown-tag-v0.2.3/edown"
$ 5000  `find 'edown-0.2.3' -mindepth 1 -maxdepth 1 -exec mv -t . -- {} +  2>&1`
$ cd "/home/pete/wefwefwef/docs/erldocs_other.git"
 :: Getting dependencies
$ cd "/home/pete/wefwefwef/docs/other/2265801650/edown-tag-v0.2.3/edown"
$ 5000  `ls -1 deps/  2>&1`
$ cd "/home/pete/wefwefwef/docs/erldocs_other.git"
>>> [rebar] deps = []
 :: Generating erldocs into /home/pete/wefwefwef/docs/other/2265801650/repo/v0.2.3
Building edown
Generating Type Specs - "/home/pete/wefwefwef/docs/other/2265801650/edown-tag-v0.2.3/edown/src/edown_doclet.erl"
Generating Type Specs - "/home/pete/wefwefwef/docs/other/2265801650/edown-tag-v0.2.3/edown/src/edown_layout.erl"
Generating Type Specs - "/home/pete/wefwefwef/docs/other/2265801650/edown-tag-v0.2.3/edown/src/edown_lib.erl"
Generating Type Specs - "/home/pete/wefwefwef/docs/other/2265801650/edown-tag-v0.2.3/edown/src/edown_xmerl.erl"
Generating XML for application edown "/home/pete/wefwefwef/docs/other/2265801650/edown-tag-v0.2.3/edown" -> "/home/pete/wefwefwef/docs/other/2265801650/repo/v0.2.3/.xml/edown"
Generated edown XMLs: ["/home/pete/wefwefwef/docs/other/2265801650/repo/v0.2.3/.xml/edown/edown_lib.xml",
                       "/home/pete/wefwefwef/docs/other/2265801650/repo/v0.2.3/.xml/edown/edown_layout.xml",
                       "/home/pete/wefwefwef/docs/other/2265801650/repo/v0.2.3/.xml/edown/edown_xmerl.xml",
                       "/home/pete/wefwefwef/docs/other/2265801650/repo/v0.2.3/.xml/edown/edown_doclet.xml"]
Generating HTML - edown_lib "/home/pete/wefwefwef/docs/other/2265801650/repo/v0.2.3/.xml/edown/edown_lib.xml"
Generating HTML - edown_layout "/home/pete/wefwefwef/docs/other/2265801650/repo/v0.2.3/.xml/edown/edown_layout.xml"
Generating HTML - edown_xmerl "/home/pete/wefwefwef/docs/other/2265801650/repo/v0.2.3/.xml/edown/edown_xmerl.xml"
Generating HTML - edown_doclet "/home/pete/wefwefwef/docs/other/2265801650/repo/v0.2.3/.xml/edown/edown_doclet.xml"
Reading XML for "/home/pete/wefwefwef/docs/other/2265801650/repo/v0.2.3/.xml/edown/edown_lib.xml"
Reading XML for "/home/pete/wefwefwef/docs/other/2265801650/repo/v0.2.3/.xml/edown/edown_layout.xml"
Reading XML for "/home/pete/wefwefwef/docs/other/2265801650/repo/v0.2.3/.xml/edown/edown_xmerl.xml"
Reading XML for "/home/pete/wefwefwef/docs/other/2265801650/repo/v0.2.3/.xml/edown/edown_doclet.xml"
Reading XML for "/home/pete/wefwefwef/docs/other/2265801650/repo/v0.2.3/.xml/specs_edown_lib.xml"
Reading XML for "/home/pete/wefwefwef/docs/other/2265801650/repo/v0.2.3/.xml/specs_edown_doclet.xml"
Reading XML for "/home/pete/wefwefwef/docs/other/2265801650/repo/v0.2.3/.xml/specs_edown_layout.xml"
Reading XML for "/home/pete/wefwefwef/docs/other/2265801650/repo/v0.2.3/.xml/specs_edown_xmerl.xml"
Creating index.html ...
Creating erldocs_index.js ...
Woot, finished in 0 Minutes 0 Seconds
 :: Discovering other repos
$ 5000  `rm -r '/home/pete/wefwefwef/docs/other/2265801650/edown-tag-v0.2.3'  2>&1`
 :: Processing https://github.com/esl/edown	{rev,tag,"v0.2.4","dbdd41e41f32ca15047493b5d45e13a1de93a0e6"}
 :: Fetching repo code
$ cd "/home/pete/wefwefwef/docs/other/2265801650/edown-tag-v0.2.4/edown"
$ infinity  `curl --fail --silent --show-error --location --output 'v0.2.4.zip' 'https://github.com/esl/edown/archive/v0.2.4.zip'  2>&1`
$ cd "/home/pete/wefwefwef/docs/erldocs_other.git"
$ cd "/home/pete/wefwefwef/docs/other/2265801650/edown-tag-v0.2.4/edown"
$ 5000  `find -P . -type l -delete  2>&1`
$ cd "/home/pete/wefwefwef/docs/erldocs_other.git"
$ cd "/home/pete/wefwefwef/docs/other/2265801650/edown-tag-v0.2.4/edown"
$ 5000  `find 'edown-0.2.4' -mindepth 1 -maxdepth 1 -exec mv -t . -- {} +  2>&1`
$ cd "/home/pete/wefwefwef/docs/erldocs_other.git"
 :: Getting dependencies
$ cd "/home/pete/wefwefwef/docs/other/2265801650/edown-tag-v0.2.4/edown"
$ 5000  `ls -1 deps/  2>&1`
$ cd "/home/pete/wefwefwef/docs/erldocs_other.git"
>>> [rebar] deps = []
 :: Generating erldocs into /home/pete/wefwefwef/docs/other/2265801650/repo/v0.2.4
Building edown
Generating Type Specs - "/home/pete/wefwefwef/docs/other/2265801650/edown-tag-v0.2.4/edown/src/edown_doclet.erl"
Generating Type Specs - "/home/pete/wefwefwef/docs/other/2265801650/edown-tag-v0.2.4/edown/src/edown_layout.erl"
Generating Type Specs - "/home/pete/wefwefwef/docs/other/2265801650/edown-tag-v0.2.4/edown/src/edown_lib.erl"
Generating Type Specs - "/home/pete/wefwefwef/docs/other/2265801650/edown-tag-v0.2.4/edown/src/edown_xmerl.erl"
Generating XML for application edown "/home/pete/wefwefwef/docs/other/2265801650/edown-tag-v0.2.4/edown" -> "/home/pete/wefwefwef/docs/other/2265801650/repo/v0.2.4/.xml/edown"
Generated edown XMLs: ["/home/pete/wefwefwef/docs/other/2265801650/repo/v0.2.4/.xml/edown/edown_lib.xml",
                       "/home/pete/wefwefwef/docs/other/2265801650/repo/v0.2.4/.xml/edown/edown_layout.xml",
                       "/home/pete/wefwefwef/docs/other/2265801650/repo/v0.2.4/.xml/edown/edown_xmerl.xml",
                       "/home/pete/wefwefwef/docs/other/2265801650/repo/v0.2.4/.xml/edown/edown_doclet.xml"]
Generating HTML - edown_lib "/home/pete/wefwefwef/docs/other/2265801650/repo/v0.2.4/.xml/edown/edown_lib.xml"
Generating HTML - edown_layout "/home/pete/wefwefwef/docs/other/2265801650/repo/v0.2.4/.xml/edown/edown_layout.xml"
Generating HTML - edown_xmerl "/home/pete/wefwefwef/docs/other/2265801650/repo/v0.2.4/.xml/edown/edown_xmerl.xml"
Generating HTML - edown_doclet "/home/pete/wefwefwef/docs/other/2265801650/repo/v0.2.4/.xml/edown/edown_doclet.xml"
Reading XML for "/home/pete/wefwefwef/docs/other/2265801650/repo/v0.2.4/.xml/edown/edown_lib.xml"
Reading XML for "/home/pete/wefwefwef/docs/other/2265801650/repo/v0.2.4/.xml/edown/edown_layout.xml"
Reading XML for "/home/pete/wefwefwef/docs/other/2265801650/repo/v0.2.4/.xml/edown/edown_xmerl.xml"
Reading XML for "/home/pete/wefwefwef/docs/other/2265801650/repo/v0.2.4/.xml/edown/edown_doclet.xml"
Reading XML for "/home/pete/wefwefwef/docs/other/2265801650/repo/v0.2.4/.xml/specs_edown_lib.xml"
Reading XML for "/home/pete/wefwefwef/docs/other/2265801650/repo/v0.2.4/.xml/specs_edown_layout.xml"
Reading XML for "/home/pete/wefwefwef/docs/other/2265801650/repo/v0.2.4/.xml/specs_edown_xmerl.xml"
Reading XML for "/home/pete/wefwefwef/docs/other/2265801650/repo/v0.2.4/.xml/specs_edown_doclet.xml"
Creating index.html ...
Creating erldocs_index.js ...
Woot, finished in 0 Minutes 0 Seconds
 :: Discovering other repos
$ 5000  `rm -r '/home/pete/wefwefwef/docs/other/2265801650/edown-tag-v0.2.4'  2>&1`
 :: Processing https://github.com/esl/edown	{rev,tag,"0.3.1","b89668ec2db2fc761ea0070f725208d48ec2f780"}
 :: Fetching repo code
$ cd "/home/pete/wefwefwef/docs/other/2265801650/edown-tag-0.3.1/edown"
$ infinity  `curl --fail --silent --show-error --location --output '0.3.1.zip' 'https://github.com/esl/edown/archive/0.3.1.zip'  2>&1`
$ cd "/home/pete/wefwefwef/docs/erldocs_other.git"
$ cd "/home/pete/wefwefwef/docs/other/2265801650/edown-tag-0.3.1/edown"
$ 5000  `find -P . -type l -delete  2>&1`
$ cd "/home/pete/wefwefwef/docs/erldocs_other.git"
$ cd "/home/pete/wefwefwef/docs/other/2265801650/edown-tag-0.3.1/edown"
$ 5000  `find 'edown-0.3.1' -mindepth 1 -maxdepth 1 -exec mv -t . -- {} +  2>&1`
$ cd "/home/pete/wefwefwef/docs/erldocs_other.git"
 :: Getting dependencies
$ cd "/home/pete/wefwefwef/docs/other/2265801650/edown-tag-0.3.1/edown"
$ 5000  `ls -1 deps/  2>&1`
$ cd "/home/pete/wefwefwef/docs/erldocs_other.git"
>>> [rebar] deps = []
 :: Generating erldocs into /home/pete/wefwefwef/docs/other/2265801650/repo/0.3.1
Building edown
Generating Type Specs - "/home/pete/wefwefwef/docs/other/2265801650/edown-tag-0.3.1/edown/src/edown_doclet.erl"
Generating Type Specs - "/home/pete/wefwefwef/docs/other/2265801650/edown-tag-0.3.1/edown/src/edown_layout.erl"
Generating Type Specs - "/home/pete/wefwefwef/docs/other/2265801650/edown-tag-0.3.1/edown/src/edown_lib.erl"
Generating Type Specs - "/home/pete/wefwefwef/docs/other/2265801650/edown-tag-0.3.1/edown/src/edown_make.erl"
Generating Type Specs - "/home/pete/wefwefwef/docs/other/2265801650/edown-tag-0.3.1/edown/src/edown_xmerl.erl"
Generating XML for application edown "/home/pete/wefwefwef/docs/other/2265801650/edown-tag-0.3.1/edown" -> "/home/pete/wefwefwef/docs/other/2265801650/repo/0.3.1/.xml/edown"
Generated edown XMLs: ["/home/pete/wefwefwef/docs/other/2265801650/repo/0.3.1/.xml/edown/edown_lib.xml",
                       "/home/pete/wefwefwef/docs/other/2265801650/repo/0.3.1/.xml/edown/edown_layout.xml",
                       "/home/pete/wefwefwef/docs/other/2265801650/repo/0.3.1/.xml/edown/edown_xmerl.xml",
                       "/home/pete/wefwefwef/docs/other/2265801650/repo/0.3.1/.xml/edown/edown_make.xml",
                       "/home/pete/wefwefwef/docs/other/2265801650/repo/0.3.1/.xml/edown/edown_doclet.xml"]
Generating HTML - edown_lib "/home/pete/wefwefwef/docs/other/2265801650/repo/0.3.1/.xml/edown/edown_lib.xml"
Generating HTML - edown_layout "/home/pete/wefwefwef/docs/other/2265801650/repo/0.3.1/.xml/edown/edown_layout.xml"
Generating HTML - edown_xmerl "/home/pete/wefwefwef/docs/other/2265801650/repo/0.3.1/.xml/edown/edown_xmerl.xml"
Generating HTML - edown_doclet "/home/pete/wefwefwef/docs/other/2265801650/repo/0.3.1/.xml/edown/edown_doclet.xml"
Reading XML for "/home/pete/wefwefwef/docs/other/2265801650/repo/0.3.1/.xml/edown/edown_lib.xml"
Reading XML for "/home/pete/wefwefwef/docs/other/2265801650/repo/0.3.1/.xml/edown/edown_layout.xml"
Reading XML for "/home/pete/wefwefwef/docs/other/2265801650/repo/0.3.1/.xml/edown/edown_xmerl.xml"
Reading XML for "/home/pete/wefwefwef/docs/other/2265801650/repo/0.3.1/.xml/edown/edown_doclet.xml"
Reading XML for "/home/pete/wefwefwef/docs/other/2265801650/repo/0.3.1/.xml/specs_edown_lib.xml"
Reading XML for "/home/pete/wefwefwef/docs/other/2265801650/repo/0.3.1/.xml/specs_edown_xmerl.xml"
Reading XML for "/home/pete/wefwefwef/docs/other/2265801650/repo/0.3.1/.xml/specs_edown_layout.xml"
Reading XML for "/home/pete/wefwefwef/docs/other/2265801650/repo/0.3.1/.xml/specs_edown_doclet.xml"
Generating HTML - edown_make "/home/pete/wefwefwef/docs/other/2265801650/repo/0.3.1/.xml/edown/edown_make.xml"
Reading XML for "/home/pete/wefwefwef/docs/other/2265801650/repo/0.3.1/.xml/edown/edown_make.xml"
Reading XML for "/home/pete/wefwefwef/docs/other/2265801650/repo/0.3.1/.xml/specs_edown_make.xml"
Creating index.html ...
Creating erldocs_index.js ...
Woot, finished in 0 Minutes 0 Seconds
 :: Discovering other repos
$ 5000  `rm -r '/home/pete/wefwefwef/docs/other/2265801650/edown-tag-0.3.1'  2>&1`
 :: Processing https://github.com/esl/edown	{rev,branch,"dev","2b22898ad53a8cc46acef57c36906454bd6043e8"}
 :: Fetching repo code
$ cd "/home/pete/wefwefwef/docs/other/2265801650/edown-branch-dev/edown"
$ infinity  `curl --fail --silent --show-error --location --output 'dev.zip' 'https://github.com/esl/edown/archive/dev.zip'  2>&1`
$ cd "/home/pete/wefwefwef/docs/erldocs_other.git"
$ cd "/home/pete/wefwefwef/docs/other/2265801650/edown-branch-dev/edown"
$ 5000  `find -P . -type l -delete  2>&1`
$ cd "/home/pete/wefwefwef/docs/erldocs_other.git"
$ cd "/home/pete/wefwefwef/docs/other/2265801650/edown-branch-dev/edown"
$ 5000  `find 'edown-dev' -mindepth 1 -maxdepth 1 -exec mv -t . -- {} +  2>&1`
$ cd "/home/pete/wefwefwef/docs/erldocs_other.git"
 :: Getting dependencies
$ cd "/home/pete/wefwefwef/docs/other/2265801650/edown-branch-dev/edown"
$ 5000  `ls -1 deps/  2>&1`
$ cd "/home/pete/wefwefwef/docs/erldocs_other.git"
>>> [rebar] deps = []
 :: Generating erldocs into /home/pete/wefwefwef/docs/other/2265801650/repo/dev
Building edown
Generating Type Specs - "/home/pete/wefwefwef/docs/other/2265801650/edown-branch-dev/edown/src/edown_doclet.erl"
Generating Type Specs - "/home/pete/wefwefwef/docs/other/2265801650/edown-branch-dev/edown/src/edown_layout.erl"
Generating Type Specs - "/home/pete/wefwefwef/docs/other/2265801650/edown-branch-dev/edown/src/edown_lib.erl"
Generating Type Specs - "/home/pete/wefwefwef/docs/other/2265801650/edown-branch-dev/edown/src/edown_xmerl.erl"
Generating XML for application edown "/home/pete/wefwefwef/docs/other/2265801650/edown-branch-dev/edown" -> "/home/pete/wefwefwef/docs/other/2265801650/repo/dev/.xml/edown"
Generated edown XMLs: ["/home/pete/wefwefwef/docs/other/2265801650/repo/dev/.xml/edown/edown_lib.xml",
                       "/home/pete/wefwefwef/docs/other/2265801650/repo/dev/.xml/edown/edown_layout.xml",
                       "/home/pete/wefwefwef/docs/other/2265801650/repo/dev/.xml/edown/edown_xmerl.xml",
                       "/home/pete/wefwefwef/docs/other/2265801650/repo/dev/.xml/edown/edown_doclet.xml"]
Generating HTML - edown_lib "/home/pete/wefwefwef/docs/other/2265801650/repo/dev/.xml/edown/edown_lib.xml"
Generating HTML - edown_layout "/home/pete/wefwefwef/docs/other/2265801650/repo/dev/.xml/edown/edown_layout.xml"
Generating HTML - edown_xmerl "/home/pete/wefwefwef/docs/other/2265801650/repo/dev/.xml/edown/edown_xmerl.xml"
Generating HTML - edown_doclet "/home/pete/wefwefwef/docs/other/2265801650/repo/dev/.xml/edown/edown_doclet.xml"
Reading XML for "/home/pete/wefwefwef/docs/other/2265801650/repo/dev/.xml/edown/edown_lib.xml"
Reading XML for "/home/pete/wefwefwef/docs/other/2265801650/repo/dev/.xml/edown/edown_layout.xml"
Reading XML for "/home/pete/wefwefwef/docs/other/2265801650/repo/dev/.xml/edown/edown_xmerl.xml"
Reading XML for "/home/pete/wefwefwef/docs/other/2265801650/repo/dev/.xml/edown/edown_doclet.xml"
Reading XML for "/home/pete/wefwefwef/docs/other/2265801650/repo/dev/.xml/specs_edown_lib.xml"
Reading XML for "/home/pete/wefwefwef/docs/other/2265801650/repo/dev/.xml/specs_edown_layout.xml"
Reading XML for "/home/pete/wefwefwef/docs/other/2265801650/repo/dev/.xml/specs_edown_xmerl.xml"
Reading XML for "/home/pete/wefwefwef/docs/other/2265801650/repo/dev/.xml/specs_edown_doclet.xml"
Creating index.html ...
Creating erldocs_index.js ...
Woot, finished in 0 Minutes 0 Seconds
 :: Discovering other repos
$ 5000  `rm -r '/home/pete/wefwefwef/docs/other/2265801650/edown-branch-dev'  2>&1`
 :: Processing https://github.com/esl/edown	{rev,branch,"master","4d18dc4bec89c20c0ba8cab6884ce690ca606f4a"}
 :: Fetching repo code
$ cd "/home/pete/wefwefwef/docs/other/2265801650/edown-branch-master/edown"
$ infinity  `curl --fail --silent --show-error --location --output 'master.zip' 'https://github.com/esl/edown/archive/master.zip'  2>&1`
$ cd "/home/pete/wefwefwef/docs/erldocs_other.git"
$ cd "/home/pete/wefwefwef/docs/other/2265801650/edown-branch-master/edown"
$ 5000  `find -P . -type l -delete  2>&1`
$ cd "/home/pete/wefwefwef/docs/erldocs_other.git"
$ cd "/home/pete/wefwefwef/docs/other/2265801650/edown-branch-master/edown"
$ 5000  `find 'edown-master' -mindepth 1 -maxdepth 1 -exec mv -t . -- {} +  2>&1`
$ cd "/home/pete/wefwefwef/docs/erldocs_other.git"
 :: Getting dependencies
$ cd "/home/pete/wefwefwef/docs/other/2265801650/edown-branch-master/edown"
$ 5000  `ls -1 deps/  2>&1`
$ cd "/home/pete/wefwefwef/docs/erldocs_other.git"
>>> [rebar] deps = []
 :: Generating erldocs into /home/pete/wefwefwef/docs/other/2265801650/repo/master
Building edown
Generating Type Specs - "/home/pete/wefwefwef/docs/other/2265801650/edown-branch-master/edown/src/edown_doclet.erl"
Generating Type Specs - "/home/pete/wefwefwef/docs/other/2265801650/edown-branch-master/edown/src/edown_layout.erl"
Generating Type Specs - "/home/pete/wefwefwef/docs/other/2265801650/edown-branch-master/edown/src/edown_lib.erl"
Generating Type Specs - "/home/pete/wefwefwef/docs/other/2265801650/edown-branch-master/edown/src/edown_make.erl"
Generating Type Specs - "/home/pete/wefwefwef/docs/other/2265801650/edown-branch-master/edown/src/edown_xmerl.erl"
Generating XML for application edown "/home/pete/wefwefwef/docs/other/2265801650/edown-branch-master/edown" -> "/home/pete/wefwefwef/docs/other/2265801650/repo/master/.xml/edown"
Generated edown XMLs: ["/home/pete/wefwefwef/docs/other/2265801650/repo/master/.xml/edown/edown_lib.xml",
                       "/home/pete/wefwefwef/docs/other/2265801650/repo/master/.xml/edown/edown_layout.xml",
                       "/home/pete/wefwefwef/docs/other/2265801650/repo/master/.xml/edown/edown_xmerl.xml",
                       "/home/pete/wefwefwef/docs/other/2265801650/repo/master/.xml/edown/edown_make.xml",
                       "/home/pete/wefwefwef/docs/other/2265801650/repo/master/.xml/edown/edown_doclet.xml"]
Generating HTML - edown_lib "/home/pete/wefwefwef/docs/other/2265801650/repo/master/.xml/edown/edown_lib.xml"
Generating HTML - edown_layout "/home/pete/wefwefwef/docs/other/2265801650/repo/master/.xml/edown/edown_layout.xml"
Generating HTML - edown_xmerl "/home/pete/wefwefwef/docs/other/2265801650/repo/master/.xml/edown/edown_xmerl.xml"
Generating HTML - edown_doclet "/home/pete/wefwefwef/docs/other/2265801650/repo/master/.xml/edown/edown_doclet.xml"
Reading XML for "/home/pete/wefwefwef/docs/other/2265801650/repo/master/.xml/edown/edown_lib.xml"
Reading XML for "/home/pete/wefwefwef/docs/other/2265801650/repo/master/.xml/edown/edown_layout.xml"
Reading XML for "/home/pete/wefwefwef/docs/other/2265801650/repo/master/.xml/edown/edown_xmerl.xml"
Reading XML for "/home/pete/wefwefwef/docs/other/2265801650/repo/master/.xml/edown/edown_doclet.xml"
Reading XML for "/home/pete/wefwefwef/docs/other/2265801650/repo/master/.xml/specs_edown_lib.xml"
Reading XML for "/home/pete/wefwefwef/docs/other/2265801650/repo/master/.xml/specs_edown_xmerl.xml"
Reading XML for "/home/pete/wefwefwef/docs/other/2265801650/repo/master/.xml/specs_edown_doclet.xml"
Reading XML for "/home/pete/wefwefwef/docs/other/2265801650/repo/master/.xml/specs_edown_layout.xml"
Generating HTML - edown_make "/home/pete/wefwefwef/docs/other/2265801650/repo/master/.xml/edown/edown_make.xml"
Reading XML for "/home/pete/wefwefwef/docs/other/2265801650/repo/master/.xml/edown/edown_make.xml"
Reading XML for "/home/pete/wefwefwef/docs/other/2265801650/repo/master/.xml/specs_edown_make.xml"
Creating index.html ...
Creating erldocs_index.js ...
Woot, finished in 0 Minutes 0 Seconds
 :: Discovering other repos
$ 5000  `rm -r '/home/pete/wefwefwef/docs/other/2265801650/edown-branch-master'  2>&1`
 :: Processing https://github.com/esl/edown	{rev,branch,"txt-normalize","16a3c54450c6827908cab6de70af81ea25ea6045"}
 :: Fetching repo code
$ cd "/home/pete/wefwefwef/docs/other/2265801650/edown-branch-txt-normalize/edown"
$ infinity  `curl --fail --silent --show-error --location --output 'txt-normalize.zip' 'https://github.com/esl/edown/archive/txt-normalize.zip'  2>&1`
$ cd "/home/pete/wefwefwef/docs/erldocs_other.git"
$ cd "/home/pete/wefwefwef/docs/other/2265801650/edown-branch-txt-normalize/edown"
$ 5000  `find -P . -type l -delete  2>&1`
$ cd "/home/pete/wefwefwef/docs/erldocs_other.git"
$ cd "/home/pete/wefwefwef/docs/other/2265801650/edown-branch-txt-normalize/edown"
$ 5000  `find 'edown-txt-normalize' -mindepth 1 -maxdepth 1 -exec mv -t . -- {} +  2>&1`
$ cd "/home/pete/wefwefwef/docs/erldocs_other.git"
 :: Getting dependencies
$ cd "/home/pete/wefwefwef/docs/other/2265801650/edown-branch-txt-normalize/edown"
$ 5000  `ls -1 deps/  2>&1`
$ cd "/home/pete/wefwefwef/docs/erldocs_other.git"
>>> [rebar] deps = []
 :: Generating erldocs into /home/pete/wefwefwef/docs/other/2265801650/repo/txt-normalize
Building edown
Generating Type Specs - "/home/pete/wefwefwef/docs/other/2265801650/edown-branch-txt-normalize/edown/src/edown_doclet.erl"
Generating Type Specs - "/home/pete/wefwefwef/docs/other/2265801650/edown-branch-txt-normalize/edown/src/edown_layout.erl"
Generating Type Specs - "/home/pete/wefwefwef/docs/other/2265801650/edown-branch-txt-normalize/edown/src/edown_lib.erl"
Generating Type Specs - "/home/pete/wefwefwef/docs/other/2265801650/edown-branch-txt-normalize/edown/src/edown_xmerl.erl"
Generating XML for application edown "/home/pete/wefwefwef/docs/other/2265801650/edown-branch-txt-normalize/edown" -> "/home/pete/wefwefwef/docs/other/2265801650/repo/txt-normalize/.xml/edown"
Generated edown XMLs: ["/home/pete/wefwefwef/docs/other/2265801650/repo/txt-normalize/.xml/edown/edown_lib.xml",
                       "/home/pete/wefwefwef/docs/other/2265801650/repo/txt-normalize/.xml/edown/edown_layout.xml",
                       "/home/pete/wefwefwef/docs/other/2265801650/repo/txt-normalize/.xml/edown/edown_xmerl.xml",
                       "/home/pete/wefwefwef/docs/other/2265801650/repo/txt-normalize/.xml/edown/edown_doclet.xml"]
Generating HTML - edown_lib "/home/pete/wefwefwef/docs/other/2265801650/repo/txt-normalize/.xml/edown/edown_lib.xml"
Generating HTML - edown_layout "/home/pete/wefwefwef/docs/other/2265801650/repo/txt-normalize/.xml/edown/edown_layout.xml"
Generating HTML - edown_xmerl "/home/pete/wefwefwef/docs/other/2265801650/repo/txt-normalize/.xml/edown/edown_xmerl.xml"
Generating HTML - edown_doclet "/home/pete/wefwefwef/docs/other/2265801650/repo/txt-normalize/.xml/edown/edown_doclet.xml"
Reading XML for "/home/pete/wefwefwef/docs/other/2265801650/repo/txt-normalize/.xml/edown/edown_lib.xml"
Reading XML for "/home/pete/wefwefwef/docs/other/2265801650/repo/txt-normalize/.xml/edown/edown_layout.xml"
Reading XML for "/home/pete/wefwefwef/docs/other/2265801650/repo/txt-normalize/.xml/edown/edown_xmerl.xml"
Reading XML for "/home/pete/wefwefwef/docs/other/2265801650/repo/txt-normalize/.xml/edown/edown_doclet.xml"
Reading XML for "/home/pete/wefwefwef/docs/other/2265801650/repo/txt-normalize/.xml/specs_edown_lib.xml"
Reading XML for "/home/pete/wefwefwef/docs/other/2265801650/repo/txt-normalize/.xml/specs_edown_layout.xml"
Reading XML for "/home/pete/wefwefwef/docs/other/2265801650/repo/txt-normalize/.xml/specs_edown_xmerl.xml"
Reading XML for "/home/pete/wefwefwef/docs/other/2265801650/repo/txt-normalize/.xml/specs_edown_doclet.xml"
Creating index.html ...
Creating erldocs_index.js ...
Woot, finished in 0 Minutes 0 Seconds
 :: Discovering other repos
$ 5000  `rm -r '/home/pete/wefwefwef/docs/other/2265801650/edown-branch-txt-normalize'  2>&1`
 :: Processing https://github.com/esl/edown	{rev,branch,"uw-make-top-readme","38848f668f099c92dc367b78f741a1f806b25f2f"}
 :: Fetching repo code
$ cd "/home/pete/wefwefwef/docs/other/2265801650/edown-branch-uw-make-top-readme/edown"
$ infinity  `curl --fail --silent --show-error --location --output 'uw-make-top-readme.zip' 'https://github.com/esl/edown/archive/uw-make-top-readme.zip'  2>&1`
$ cd "/home/pete/wefwefwef/docs/erldocs_other.git"
$ cd "/home/pete/wefwefwef/docs/other/2265801650/edown-branch-uw-make-top-readme/edown"
$ 5000  `find -P . -type l -delete  2>&1`
$ cd "/home/pete/wefwefwef/docs/erldocs_other.git"
$ cd "/home/pete/wefwefwef/docs/other/2265801650/edown-branch-uw-make-top-readme/edown"
$ 5000  `find 'edown-uw-make-top-readme' -mindepth 1 -maxdepth 1 -exec mv -t . -- {} +  2>&1`
$ cd "/home/pete/wefwefwef/docs/erldocs_other.git"
 :: Getting dependencies
$ cd "/home/pete/wefwefwef/docs/other/2265801650/edown-branch-uw-make-top-readme/edown"
$ 5000  `ls -1 deps/  2>&1`
$ cd "/home/pete/wefwefwef/docs/erldocs_other.git"
>>> [rebar] deps = []
 :: Generating erldocs into /home/pete/wefwefwef/docs/other/2265801650/repo/uw-make-top-readme
Building edown
Generating Type Specs - "/home/pete/wefwefwef/docs/other/2265801650/edown-branch-uw-make-top-readme/edown/src/edown_doclet.erl"
Generating Type Specs - "/home/pete/wefwefwef/docs/other/2265801650/edown-branch-uw-make-top-readme/edown/src/edown_layout.erl"
Generating Type Specs - "/home/pete/wefwefwef/docs/other/2265801650/edown-branch-uw-make-top-readme/edown/src/edown_lib.erl"
Generating Type Specs - "/home/pete/wefwefwef/docs/other/2265801650/edown-branch-uw-make-top-readme/edown/src/edown_xmerl.erl"
Generating XML for application edown "/home/pete/wefwefwef/docs/other/2265801650/edown-branch-uw-make-top-readme/edown" -> "/home/pete/wefwefwef/docs/other/2265801650/repo/uw-make-top-readme/.xml/edown"
Generated edown XMLs: ["/home/pete/wefwefwef/docs/other/2265801650/repo/uw-make-top-readme/.xml/edown/edown_lib.xml",
                       "/home/pete/wefwefwef/docs/other/2265801650/repo/uw-make-top-readme/.xml/edown/edown_layout.xml",
                       "/home/pete/wefwefwef/docs/other/2265801650/repo/uw-make-top-readme/.xml/edown/edown_xmerl.xml",
                       "/home/pete/wefwefwef/docs/other/2265801650/repo/uw-make-top-readme/.xml/edown/edown_doclet.xml"]
Generating HTML - edown_lib "/home/pete/wefwefwef/docs/other/2265801650/repo/uw-make-top-readme/.xml/edown/edown_lib.xml"
Generating HTML - edown_layout "/home/pete/wefwefwef/docs/other/2265801650/repo/uw-make-top-readme/.xml/edown/edown_layout.xml"
Generating HTML - edown_xmerl "/home/pete/wefwefwef/docs/other/2265801650/repo/uw-make-top-readme/.xml/edown/edown_xmerl.xml"
Generating HTML - edown_doclet "/home/pete/wefwefwef/docs/other/2265801650/repo/uw-make-top-readme/.xml/edown/edown_doclet.xml"
Reading XML for "/home/pete/wefwefwef/docs/other/2265801650/repo/uw-make-top-readme/.xml/edown/edown_lib.xml"
Reading XML for "/home/pete/wefwefwef/docs/other/2265801650/repo/uw-make-top-readme/.xml/edown/edown_layout.xml"
Reading XML for "/home/pete/wefwefwef/docs/other/2265801650/repo/uw-make-top-readme/.xml/edown/edown_xmerl.xml"
Reading XML for "/home/pete/wefwefwef/docs/other/2265801650/repo/uw-make-top-readme/.xml/edown/edown_doclet.xml"
Reading XML for "/home/pete/wefwefwef/docs/other/2265801650/repo/uw-make-top-readme/.xml/specs_edown_lib.xml"
Reading XML for "/home/pete/wefwefwef/docs/other/2265801650/repo/uw-make-top-readme/.xml/specs_edown_layout.xml"
Reading XML for "/home/pete/wefwefwef/docs/other/2265801650/repo/uw-make-top-readme/.xml/specs_edown_xmerl.xml"
Reading XML for "/home/pete/wefwefwef/docs/other/2265801650/repo/uw-make-top-readme/.xml/specs_edown_doclet.xml"
Creating index.html ...
Creating erldocs_index.js ...
Woot, finished in 0 Minutes 0 Seconds
 :: Discovering other repos
$ 5000  `rm -r '/home/pete/wefwefwef/docs/other/2265801650/edown-branch-uw-make-top-readme'  2>&1`
 :: Erldocs finishing up
$ 5000  `rm -r '/home/pete/wefwefwef/docs/other/2265801650/edown'  2>&1`
