 :: Extracting meta information
$ 5000  `git ls-remote --heads --tags 'https://github.com/dozzie/af_unix'  2>&1`
>>> [repo] 1 branches, 0 tags
 :: Writing meta to "/home/pete/wefwefwef/docs/other/667286847/meta.txt"
 :: Processing https://github.com/dozzie/af_unix	{rev,branch,"master","b7f8606019ded648d0cd7f81e0d931428cac7945"}
 :: Fetching repo code
$ cd "/home/pete/wefwefwef/docs/other/667286847/af_unix-branch-master/af_unix"
$ infinity  `curl --fail --silent --show-error --location --output 'master.zip' 'https://github.com/dozzie/af_unix/archive/master.zip'  2>&1`
$ cd "/home/pete/wefwefwef/docs/erldocs_other.git"
$ cd "/home/pete/wefwefwef/docs/other/667286847/af_unix-branch-master/af_unix"
$ 5000  `find -P . -type l -delete  2>&1`
$ cd "/home/pete/wefwefwef/docs/erldocs_other.git"
$ cd "/home/pete/wefwefwef/docs/other/667286847/af_unix-branch-master/af_unix"
$ 5000  `find 'af_unix-master' -mindepth 1 -maxdepth 1 -exec mv -t . -- {} +  2>&1`
$ cd "/home/pete/wefwefwef/docs/erldocs_other.git"
 :: Getting dependencies
$ cd "/home/pete/wefwefwef/docs/other/667286847/af_unix-branch-master/af_unix"
$ 5000  `ls -1 deps/  2>&1`
$ cd "/home/pete/wefwefwef/docs/erldocs_other.git"
>>> [rebar] deps = []
 :: Generating erldocs into /home/pete/wefwefwef/docs/other/667286847/repo/master
Building af_unix
Generating Type Specs - "/home/pete/wefwefwef/docs/other/667286847/af_unix-branch-master/af_unix/src/af_unix.erl"
Generating XML for application af_unix "/home/pete/wefwefwef/docs/other/667286847/af_unix-branch-master/af_unix" -> "/home/pete/wefwefwef/docs/other/667286847/repo/master/.xml/af_unix"
Generated af_unix XMLs: ["/home/pete/wefwefwef/docs/other/667286847/repo/master/.xml/af_unix/af_unix.xml"]
Generating HTML - af_unix "/home/pete/wefwefwef/docs/other/667286847/repo/master/.xml/af_unix/af_unix.xml"
Reading XML for "/home/pete/wefwefwef/docs/other/667286847/repo/master/.xml/af_unix/af_unix.xml"
Reading XML for "/home/pete/wefwefwef/docs/other/667286847/repo/master/.xml/specs_af_unix.xml"
Creating index.html ...
Creating erldocs_index.js ...
Woot, finished in 0 Minutes 0 Seconds
 :: Discovering other repos
$ 5000  `rm -r '/home/pete/wefwefwef/docs/other/667286847/af_unix-branch-master'  2>&1`
 :: Erldocs finishing up
$ 5000  `rm -r '/home/pete/wefwefwef/docs/other/667286847/af_unix'  2>&1`
