 :: Extracting meta information
$ 5000  `git ls-remote --heads --tags 'https://github.com/davidmathei/erlbone'  2>&1`
>>> [repo] 1 branches, 0 tags
 :: Writing meta to "/home/pete/wefwefwef/docs/other/9069553211/meta.txt"
 :: Processing https://github.com/davidmathei/erlbone	{rev,branch,"master","b4029b84114739091640982d6a0146ae8f051016",undefined,[],[]}
 :: Fetching repo code
$ cd "/home/pete/wefwefwef/docs/other/9069553211/erlbone-branch-master/erlbone"
$ infinity  `curl --fail --silent --show-error --location --output 'master.zip' 'https://github.com/davidmathei/erlbone/archive/master.zip'  2>&1`
$ cd "/home/pete/wefwefwef/docs/erldocs_other.git"
$ cd "/home/pete/wefwefwef/docs/other/9069553211/erlbone-branch-master/erlbone"
$ 5000  `find -P . -type l -delete  2>&1`
$ cd "/home/pete/wefwefwef/docs/erldocs_other.git"
$ cd "/home/pete/wefwefwef/docs/other/9069553211/erlbone-branch-master/erlbone"
$ 5000  `find 'erlbone-master' -mindepth 1 -maxdepth 1 -exec mv -t . -- {} +  2>&1`
$ cd "/home/pete/wefwefwef/docs/erldocs_other.git"
 :: Getting dependencies
$ cd "/home/pete/wefwefwef/docs/other/9069553211/erlbone-branch-master/erlbone"
$ 5000  `ls -1 deps/  2>&1`
$ cd "/home/pete/wefwefwef/docs/erldocs_other.git"
>>> [rebar] deps = []
 :: Generating erldocs into /home/pete/wefwefwef/docs/other/9069553211/repo/master
Building todo_web
Generating Type Specs - "/home/pete/wefwefwef/docs/other/9069553211/erlbone-branch-master/erlbone/apps/todo_web/src/todo_static_resource.erl"
/home/pete/wefwefwef/docs/other/9069553211/erlbone-branch-master/erlbone/apps/todo_web/src/todo_static_resource.erl: at line 8: can't find include lib "webmachine/include/webmachine.hrl"
EDoc could not process file '/home/pete/wefwefwef/docs/other/9069553211/erlbone-branch-master/erlbone/apps/todo_web/src/todo_static_resource.erl'
Error generating type specs for "/home/pete/wefwefwef/docs/other/9069553211/erlbone-branch-master/erlbone/apps/todo_web/src/todo_static_resource.erl"
Generating Type Specs - "/home/pete/wefwefwef/docs/other/9069553211/erlbone-branch-master/erlbone/apps/todo_web/src/todo_web.erl"
Generating Type Specs - "/home/pete/wefwefwef/docs/other/9069553211/erlbone-branch-master/erlbone/apps/todo_web/src/todo_web_app.erl"
Generating Type Specs - "/home/pete/wefwefwef/docs/other/9069553211/erlbone-branch-master/erlbone/apps/todo_web/src/todo_web_resource.erl"
/home/pete/wefwefwef/docs/other/9069553211/erlbone-branch-master/erlbone/apps/todo_web/src/todo_web_resource.erl: at line 12: can't find include lib "webmachine/include/webmachine.hrl"
EDoc could not process file '/home/pete/wefwefwef/docs/other/9069553211/erlbone-branch-master/erlbone/apps/todo_web/src/todo_web_resource.erl'
Error generating type specs for "/home/pete/wefwefwef/docs/other/9069553211/erlbone-branch-master/erlbone/apps/todo_web/src/todo_web_resource.erl"
Generating Type Specs - "/home/pete/wefwefwef/docs/other/9069553211/erlbone-branch-master/erlbone/apps/todo_web/src/todo_web_sup.erl"
Generating XML for application todo_web "/home/pete/wefwefwef/docs/other/9069553211/erlbone-branch-master/erlbone/apps/todo_web" -> "/home/pete/wefwefwef/docs/other/9069553211/repo/master/.xml/todo_web"
/home/pete/wefwefwef/docs/other/9069553211/erlbone-branch-master/erlbone/apps/todo_web/src/todo_web_resource.erl: at line 12: can't find include lib "webmachine/include/webmachine.hrl"
edoc: skipping source file '/home/pete/wefwefwef/docs/other/9069553211/erlbone-branch-master/erlbone/apps/todo_web/src/todo_web_resource.erl': {'EXIT',
                                                                                                                                          error}.
/home/pete/wefwefwef/docs/other/9069553211/erlbone-branch-master/erlbone/apps/todo_web/src/todo_static_resource.erl: at line 8: can't find include lib "webmachine/include/webmachine.hrl"
edoc: skipping source file '/home/pete/wefwefwef/docs/other/9069553211/erlbone-branch-master/erlbone/apps/todo_web/src/todo_static_resource.erl': {'EXIT',
                                                                                                                                             error}.
edoc: error in doclet 'edoc_doclet': {'EXIT',error}.
Error generating todo_web XMLs. Using fallback ...
Generating XML todo_web - todo_static_resource "/home/pete/wefwefwef/docs/other/9069553211/erlbone-branch-master/erlbone/apps/todo_web/src/todo_static_resource.erl" -> "/home/pete/wefwefwef/docs/other/9069553211/repo/master/.xml/todo_web/todo_static_resource.xml"
/home/pete/wefwefwef/docs/other/9069553211/erlbone-branch-master/erlbone/apps/todo_web/src/todo_static_resource.erl: at line 8: can't find include lib "webmachine/include/webmachine.hrl"
Error generating XML ("/home/pete/wefwefwef/docs/other/9069553211/erlbone-branch-master/erlbone/apps/todo_web/src/todo_static_resource.erl"): {'EXIT',
                                                                                                                                               error}
Generating XML todo_web - todo_web "/home/pete/wefwefwef/docs/other/9069553211/erlbone-branch-master/erlbone/apps/todo_web/src/todo_web.erl" -> "/home/pete/wefwefwef/docs/other/9069553211/repo/master/.xml/todo_web/todo_web.xml"
Generating XML todo_web - todo_web_app "/home/pete/wefwefwef/docs/other/9069553211/erlbone-branch-master/erlbone/apps/todo_web/src/todo_web_app.erl" -> "/home/pete/wefwefwef/docs/other/9069553211/repo/master/.xml/todo_web/todo_web_app.xml"
Generating XML todo_web - todo_web_resource "/home/pete/wefwefwef/docs/other/9069553211/erlbone-branch-master/erlbone/apps/todo_web/src/todo_web_resource.erl" -> "/home/pete/wefwefwef/docs/other/9069553211/repo/master/.xml/todo_web/todo_web_resource.xml"
/home/pete/wefwefwef/docs/other/9069553211/erlbone-branch-master/erlbone/apps/todo_web/src/todo_web_resource.erl: at line 12: can't find include lib "webmachine/include/webmachine.hrl"
Error generating XML ("/home/pete/wefwefwef/docs/other/9069553211/erlbone-branch-master/erlbone/apps/todo_web/src/todo_web_resource.erl"): {'EXIT',
                                                                                                                                            error}
Generating XML todo_web - todo_web_sup "/home/pete/wefwefwef/docs/other/9069553211/erlbone-branch-master/erlbone/apps/todo_web/src/todo_web_sup.erl" -> "/home/pete/wefwefwef/docs/other/9069553211/repo/master/.xml/todo_web/todo_web_sup.xml"
Generating HTML - todo_web "/home/pete/wefwefwef/docs/other/9069553211/repo/master/.xml/todo_web/todo_web.xml"
Reading XML for "/home/pete/wefwefwef/docs/other/9069553211/repo/master/.xml/todo_web/todo_web.xml"
Reading XML for "/home/pete/wefwefwef/docs/other/9069553211/repo/master/.xml/specs_todo_web.xml"
Generating HTML - todo_web_app "/home/pete/wefwefwef/docs/other/9069553211/repo/master/.xml/todo_web/todo_web_app.xml"
Reading XML for "/home/pete/wefwefwef/docs/other/9069553211/repo/master/.xml/todo_web/todo_web_app.xml"
Reading XML for "/home/pete/wefwefwef/docs/other/9069553211/repo/master/.xml/specs_todo_web_app.xml"
Generating HTML - todo_web_sup "/home/pete/wefwefwef/docs/other/9069553211/repo/master/.xml/todo_web/todo_web_sup.xml"
Reading XML for "/home/pete/wefwefwef/docs/other/9069553211/repo/master/.xml/todo_web/todo_web_sup.xml"
Reading XML for "/home/pete/wefwefwef/docs/other/9069553211/repo/master/.xml/specs_todo_web_sup.xml"
Building todo_core
Generating Type Specs - "/home/pete/wefwefwef/docs/other/9069553211/erlbone-branch-master/erlbone/apps/todo_core/src/todo_core.erl"
Generating Type Specs - "/home/pete/wefwefwef/docs/other/9069553211/erlbone-branch-master/erlbone/apps/todo_core/src/todo_core_app.erl"
Generating Type Specs - "/home/pete/wefwefwef/docs/other/9069553211/erlbone-branch-master/erlbone/apps/todo_core/src/todo_core_server.erl"
Generating Type Specs - "/home/pete/wefwefwef/docs/other/9069553211/erlbone-branch-master/erlbone/apps/todo_core/src/todo_core_sup.erl"
Generating Type Specs - "/home/pete/wefwefwef/docs/other/9069553211/erlbone-branch-master/erlbone/apps/todo_core/src/todo_store.erl"
Generating XML for application todo_core "/home/pete/wefwefwef/docs/other/9069553211/erlbone-branch-master/erlbone/apps/todo_core" -> "/home/pete/wefwefwef/docs/other/9069553211/repo/master/.xml/todo_core"
Generated todo_core XMLs: ["/home/pete/wefwefwef/docs/other/9069553211/repo/master/.xml/todo_core/todo_core_server.xml",
                           "/home/pete/wefwefwef/docs/other/9069553211/repo/master/.xml/todo_core/todo_core_sup.xml",
                           "/home/pete/wefwefwef/docs/other/9069553211/repo/master/.xml/todo_core/todo_core.xml",
                           "/home/pete/wefwefwef/docs/other/9069553211/repo/master/.xml/todo_core/todo_core_app.xml",
                           "/home/pete/wefwefwef/docs/other/9069553211/repo/master/.xml/todo_core/todo_store.xml"]
Generating HTML - todo_core_server "/home/pete/wefwefwef/docs/other/9069553211/repo/master/.xml/todo_core/todo_core_server.xml"
Generating HTML - todo_core "/home/pete/wefwefwef/docs/other/9069553211/repo/master/.xml/todo_core/todo_core.xml"
Generating HTML - todo_store "/home/pete/wefwefwef/docs/other/9069553211/repo/master/.xml/todo_core/todo_store.xml"
Generating HTML - todo_core_sup "/home/pete/wefwefwef/docs/other/9069553211/repo/master/.xml/todo_core/todo_core_sup.xml"
Reading XML for "/home/pete/wefwefwef/docs/other/9069553211/repo/master/.xml/todo_core/todo_core_server.xml"
Reading XML for "/home/pete/wefwefwef/docs/other/9069553211/repo/master/.xml/todo_core/todo_core.xml"
Reading XML for "/home/pete/wefwefwef/docs/other/9069553211/repo/master/.xml/todo_core/todo_store.xml"
Reading XML for "/home/pete/wefwefwef/docs/other/9069553211/repo/master/.xml/todo_core/todo_core_sup.xml"
Reading XML for "/home/pete/wefwefwef/docs/other/9069553211/repo/master/.xml/specs_todo_core.xml"
Reading XML for "/home/pete/wefwefwef/docs/other/9069553211/repo/master/.xml/specs_todo_core_sup.xml"
Reading XML for "/home/pete/wefwefwef/docs/other/9069553211/repo/master/.xml/specs_todo_core_server.xml"
Reading XML for "/home/pete/wefwefwef/docs/other/9069553211/repo/master/.xml/specs_todo_store.xml"
Generating HTML - todo_core_app "/home/pete/wefwefwef/docs/other/9069553211/repo/master/.xml/todo_core/todo_core_app.xml"
Reading XML for "/home/pete/wefwefwef/docs/other/9069553211/repo/master/.xml/todo_core/todo_core_app.xml"
Reading XML for "/home/pete/wefwefwef/docs/other/9069553211/repo/master/.xml/specs_todo_core_app.xml"
Building id_server
Generating Type Specs - "/home/pete/wefwefwef/docs/other/9069553211/erlbone-branch-master/erlbone/apps/id_server/src/id_server.erl"
Generating Type Specs - "/home/pete/wefwefwef/docs/other/9069553211/erlbone-branch-master/erlbone/apps/id_server/src/id_server_app.erl"
Generating Type Specs - "/home/pete/wefwefwef/docs/other/9069553211/erlbone-branch-master/erlbone/apps/id_server/src/id_server_server.erl"
Generating Type Specs - "/home/pete/wefwefwef/docs/other/9069553211/erlbone-branch-master/erlbone/apps/id_server/src/id_server_sup.erl"
Generating XML for application id_server "/home/pete/wefwefwef/docs/other/9069553211/erlbone-branch-master/erlbone/apps/id_server" -> "/home/pete/wefwefwef/docs/other/9069553211/repo/master/.xml/id_server"
Generated id_server XMLs: ["/home/pete/wefwefwef/docs/other/9069553211/repo/master/.xml/id_server/id_server_sup.xml",
                           "/home/pete/wefwefwef/docs/other/9069553211/repo/master/.xml/id_server/id_server.xml",
                           "/home/pete/wefwefwef/docs/other/9069553211/repo/master/.xml/id_server/id_server_app.xml",
                           "/home/pete/wefwefwef/docs/other/9069553211/repo/master/.xml/id_server/id_server_server.xml"]
Generating HTML - id_server_sup "/home/pete/wefwefwef/docs/other/9069553211/repo/master/.xml/id_server/id_server_sup.xml"
Generating HTML - id_server "/home/pete/wefwefwef/docs/other/9069553211/repo/master/.xml/id_server/id_server.xml"
Generating HTML - id_server_app "/home/pete/wefwefwef/docs/other/9069553211/repo/master/.xml/id_server/id_server_app.xml"
Generating HTML - id_server_server "/home/pete/wefwefwef/docs/other/9069553211/repo/master/.xml/id_server/id_server_server.xml"
Reading XML for "/home/pete/wefwefwef/docs/other/9069553211/repo/master/.xml/id_server/id_server_sup.xml"
Reading XML for "/home/pete/wefwefwef/docs/other/9069553211/repo/master/.xml/id_server/id_server.xml"
Reading XML for "/home/pete/wefwefwef/docs/other/9069553211/repo/master/.xml/id_server/id_server_app.xml"
Reading XML for "/home/pete/wefwefwef/docs/other/9069553211/repo/master/.xml/id_server/id_server_server.xml"
Reading XML for "/home/pete/wefwefwef/docs/other/9069553211/repo/master/.xml/specs_id_server_sup.xml"
Reading XML for "/home/pete/wefwefwef/docs/other/9069553211/repo/master/.xml/specs_id_server.xml"
Reading XML for "/home/pete/wefwefwef/docs/other/9069553211/repo/master/.xml/specs_id_server_app.xml"
Reading XML for "/home/pete/wefwefwef/docs/other/9069553211/repo/master/.xml/specs_id_server_server.xml"
Building erlbone
Generating XML for application erlbone "/home/pete/wefwefwef/docs/other/9069553211/erlbone-branch-master/erlbone" -> "/home/pete/wefwefwef/docs/other/9069553211/repo/master/.xml/erlbone"
/home/pete/wefwefwef/docs/other/9069553211/erlbone-branch-master/erlbone/apps/todo_core/src/todo_store.erl: at line 3: can't find include lib "todo_core/include/todo.hrl"
edoc: skipping source file '/home/pete/wefwefwef/docs/other/9069553211/erlbone-branch-master/erlbone/apps/todo_core/src/todo_store.erl': {'EXIT',
                                                                                                                                    error}.
/home/pete/wefwefwef/docs/other/9069553211/erlbone-branch-master/erlbone/apps/todo_web/src/todo_web_resource.erl: at line 12: can't find include lib "webmachine/include/webmachine.hrl"
edoc: skipping source file '/home/pete/wefwefwef/docs/other/9069553211/erlbone-branch-master/erlbone/apps/todo_web/src/todo_web_resource.erl': {'EXIT',
                                                                                                                                          error}.
/home/pete/wefwefwef/docs/other/9069553211/erlbone-branch-master/erlbone/apps/todo_web/src/todo_static_resource.erl: at line 8: can't find include lib "webmachine/include/webmachine.hrl"
edoc: skipping source file '/home/pete/wefwefwef/docs/other/9069553211/erlbone-branch-master/erlbone/apps/todo_web/src/todo_static_resource.erl': {'EXIT',
                                                                                                                                             error}.
edoc: error in doclet 'edoc_doclet': {'EXIT',error}.
Error generating erlbone XMLs. Using fallback ...
Creating index.html ...
Creating erldocs_index.js ...
Woot, finished in 0 Minutes 1 Seconds
 :: Discovering other repos
$ 5000  `rm -r '/home/pete/wefwefwef/docs/other/9069553211/erlbone-branch-master'  2>&1`
 :: Finishing up
$ 5000  `rm -r '/home/pete/wefwefwef/docs/other/9069553211/erlbone'  2>&1`
