 :: Extracting meta information
$ infinity  `git ls-remote --heads --tags 'https://github.com/cthulhuology/onomatic'  2>&1`
>>> [repo] 1 branches, 0 tags
 :: Writing meta to "/home/pete/wefwefwef/docs/other/fd081833d1e9f570c9337ce6b143921c/meta.txt"
 :: Processing https://github.com/cthulhuology/onomatic	{rev,branch,"master","9e11a5e1f1d8ecbf4ce2966f709fb0a83cdb5b4d",undefined,[],[]}
 :: Fetching repo code
$ cd '/home/pete/wefwefwef/docs/other/fd081833d1e9f570c9337ce6b143921c/onomatic-branch-master'
$ infinity  `curl --fail --silent --show-error --location --output repo.tar.gz 'https://codeload.github.com/cthulhuology/onomatic/legacy.tar.gz/master'  2>&1`
$ cd '/home/pete/wefwefwef/docs/erldocs_other.git'
$ cd '/home/pete/wefwefwef/docs/other/fd081833d1e9f570c9337ce6b143921c/onomatic-branch-master/cthulhuology-Onomatic-9e11a5e'
$ 5000  `find -P . -type l -delete  2>&1`
$ cd '/home/pete/wefwefwef/docs/erldocs_other.git'
$ 5000  `mv '/home/pete/wefwefwef/docs/other/fd081833d1e9f570c9337ce6b143921c/onomatic-branch-master/cthulhuology-Onomatic-9e11a5e' '/home/pete/wefwefwef/docs/other/fd081833d1e9f570c9337ce6b143921c/onomatic-branch-master/onomatic'  2>&1`
 :: Getting dependencies
$ cd '/home/pete/wefwefwef/docs/other/fd081833d1e9f570c9337ce6b143921c/onomatic-branch-master/onomatic'
$ 5000  `ls -1 deps/  2>&1`
$ cd '/home/pete/wefwefwef/docs/erldocs_other.git'
>>> [rebar] deps = []
 :: Generating erldocs into /home/pete/wefwefwef/docs/other/fd081833d1e9f570c9337ce6b143921c/repo/master
Building onomatic
Generating Type Specs - "/home/pete/wefwefwef/docs/other/fd081833d1e9f570c9337ce6b143921c/onomatic-branch-master/onomatic/src/backend.erl"
Generating Type Specs - "/home/pete/wefwefwef/docs/other/fd081833d1e9f570c9337ce6b143921c/onomatic-branch-master/onomatic/src/caches.erl"
Generating Type Specs - "/home/pete/wefwefwef/docs/other/fd081833d1e9f570c9337ce6b143921c/onomatic-branch-master/onomatic/src/config.erl"
Generating Type Specs - "/home/pete/wefwefwef/docs/other/fd081833d1e9f570c9337ce6b143921c/onomatic-branch-master/onomatic/src/frontend.erl"
Generating Type Specs - "/home/pete/wefwefwef/docs/other/fd081833d1e9f570c9337ce6b143921c/onomatic-branch-master/onomatic/src/http.erl"
Generating Type Specs - "/home/pete/wefwefwef/docs/other/fd081833d1e9f570c9337ce6b143921c/onomatic-branch-master/onomatic/src/onomatic_app.erl"
Generating Type Specs - "/home/pete/wefwefwef/docs/other/fd081833d1e9f570c9337ce6b143921c/onomatic-branch-master/onomatic/src/onomatic_sup.erl"
Generating Type Specs - "/home/pete/wefwefwef/docs/other/fd081833d1e9f570c9337ce6b143921c/onomatic-branch-master/onomatic/src/permissions.erl"
Generating Type Specs - "/home/pete/wefwefwef/docs/other/fd081833d1e9f570c9337ce6b143921c/onomatic-branch-master/onomatic/src/proxy.erl"
Generating Type Specs - "/home/pete/wefwefwef/docs/other/fd081833d1e9f570c9337ce6b143921c/onomatic-branch-master/onomatic/src/request.erl"
Generating Type Specs - "/home/pete/wefwefwef/docs/other/fd081833d1e9f570c9337ce6b143921c/onomatic-branch-master/onomatic/src/response.erl"
Generating Type Specs - "/home/pete/wefwefwef/docs/other/fd081833d1e9f570c9337ce6b143921c/onomatic-branch-master/onomatic/src/routes.erl"
Generating Type Specs - "/home/pete/wefwefwef/docs/other/fd081833d1e9f570c9337ce6b143921c/onomatic-branch-master/onomatic/src/sockets.erl"
Generating Type Specs - "/home/pete/wefwefwef/docs/other/fd081833d1e9f570c9337ce6b143921c/onomatic-branch-master/onomatic/src/websockets.erl"
Generating XML for application onomatic "/home/pete/wefwefwef/docs/other/fd081833d1e9f570c9337ce6b143921c/onomatic-branch-master/onomatic" -> "/home/pete/wefwefwef/docs/other/fd081833d1e9f570c9337ce6b143921c/repo/master/.xml/onomatic"
Generated onomatic XMLs: ["/home/pete/wefwefwef/docs/other/fd081833d1e9f570c9337ce6b143921c/repo/master/.xml/onomatic/proxy.xml",
                          "/home/pete/wefwefwef/docs/other/fd081833d1e9f570c9337ce6b143921c/repo/master/.xml/onomatic/permissions.xml",
                          "/home/pete/wefwefwef/docs/other/fd081833d1e9f570c9337ce6b143921c/repo/master/.xml/onomatic/onomatic_sup.xml",
                          "/home/pete/wefwefwef/docs/other/fd081833d1e9f570c9337ce6b143921c/repo/master/.xml/onomatic/websockets.xml",
                          "/home/pete/wefwefwef/docs/other/fd081833d1e9f570c9337ce6b143921c/repo/master/.xml/onomatic/caches.xml",
                          "/home/pete/wefwefwef/docs/other/fd081833d1e9f570c9337ce6b143921c/repo/master/.xml/onomatic/routes.xml",
                          "/home/pete/wefwefwef/docs/other/fd081833d1e9f570c9337ce6b143921c/repo/master/.xml/onomatic/backend.xml",
                          "/home/pete/wefwefwef/docs/other/fd081833d1e9f570c9337ce6b143921c/repo/master/.xml/onomatic/onomatic_app.xml",
                          "/home/pete/wefwefwef/docs/other/fd081833d1e9f570c9337ce6b143921c/repo/master/.xml/onomatic/sockets.xml",
                          "/home/pete/wefwefwef/docs/other/fd081833d1e9f570c9337ce6b143921c/repo/master/.xml/onomatic/response.xml",
                          "/home/pete/wefwefwef/docs/other/fd081833d1e9f570c9337ce6b143921c/repo/master/.xml/onomatic/http.xml",
                          "/home/pete/wefwefwef/docs/other/fd081833d1e9f570c9337ce6b143921c/repo/master/.xml/onomatic/request.xml",
                          "/home/pete/wefwefwef/docs/other/fd081833d1e9f570c9337ce6b143921c/repo/master/.xml/onomatic/frontend.xml",
                          "/home/pete/wefwefwef/docs/other/fd081833d1e9f570c9337ce6b143921c/repo/master/.xml/onomatic/config.xml"]
Generating HTML - onomatic_sup "/home/pete/wefwefwef/docs/other/fd081833d1e9f570c9337ce6b143921c/repo/master/.xml/onomatic/onomatic_sup.xml"
Generating HTML - routes "/home/pete/wefwefwef/docs/other/fd081833d1e9f570c9337ce6b143921c/repo/master/.xml/onomatic/routes.xml"
Generating HTML - sockets "/home/pete/wefwefwef/docs/other/fd081833d1e9f570c9337ce6b143921c/repo/master/.xml/onomatic/sockets.xml"
Generating HTML - config "/home/pete/wefwefwef/docs/other/fd081833d1e9f570c9337ce6b143921c/repo/master/.xml/onomatic/config.xml"
Reading XML for "/home/pete/wefwefwef/docs/other/fd081833d1e9f570c9337ce6b143921c/repo/master/.xml/onomatic/onomatic_sup.xml"
Reading XML for "/home/pete/wefwefwef/docs/other/fd081833d1e9f570c9337ce6b143921c/repo/master/.xml/onomatic/routes.xml"
Reading XML for "/home/pete/wefwefwef/docs/other/fd081833d1e9f570c9337ce6b143921c/repo/master/.xml/onomatic/sockets.xml"
Reading XML for "/home/pete/wefwefwef/docs/other/fd081833d1e9f570c9337ce6b143921c/repo/master/.xml/onomatic/config.xml"
Reading XML for "/home/pete/wefwefwef/docs/other/fd081833d1e9f570c9337ce6b143921c/repo/master/.xml/specs_routes.xml"
Reading XML for "/home/pete/wefwefwef/docs/other/fd081833d1e9f570c9337ce6b143921c/repo/master/.xml/specs_onomatic_sup.xml"
Reading XML for "/home/pete/wefwefwef/docs/other/fd081833d1e9f570c9337ce6b143921c/repo/master/.xml/specs_config.xml"
Reading XML for "/home/pete/wefwefwef/docs/other/fd081833d1e9f570c9337ce6b143921c/repo/master/.xml/specs_sockets.xml"
Generating HTML - frontend "/home/pete/wefwefwef/docs/other/fd081833d1e9f570c9337ce6b143921c/repo/master/.xml/onomatic/frontend.xml"
Generating HTML - caches "/home/pete/wefwefwef/docs/other/fd081833d1e9f570c9337ce6b143921c/repo/master/.xml/onomatic/caches.xml"
Generating HTML - permissions "/home/pete/wefwefwef/docs/other/fd081833d1e9f570c9337ce6b143921c/repo/master/.xml/onomatic/permissions.xml"
Reading XML for "/home/pete/wefwefwef/docs/other/fd081833d1e9f570c9337ce6b143921c/repo/master/.xml/onomatic/frontend.xml"
Reading XML for "/home/pete/wefwefwef/docs/other/fd081833d1e9f570c9337ce6b143921c/repo/master/.xml/onomatic/caches.xml"
Reading XML for "/home/pete/wefwefwef/docs/other/fd081833d1e9f570c9337ce6b143921c/repo/master/.xml/onomatic/permissions.xml"
Generating HTML - onomatic_app "/home/pete/wefwefwef/docs/other/fd081833d1e9f570c9337ce6b143921c/repo/master/.xml/onomatic/onomatic_app.xml"
Reading XML for "/home/pete/wefwefwef/docs/other/fd081833d1e9f570c9337ce6b143921c/repo/master/.xml/onomatic/onomatic_app.xml"
Reading XML for "/home/pete/wefwefwef/docs/other/fd081833d1e9f570c9337ce6b143921c/repo/master/.xml/specs_frontend.xml"
Reading XML for "/home/pete/wefwefwef/docs/other/fd081833d1e9f570c9337ce6b143921c/repo/master/.xml/specs_permissions.xml"
Reading XML for "/home/pete/wefwefwef/docs/other/fd081833d1e9f570c9337ce6b143921c/repo/master/.xml/specs_caches.xml"
Generating HTML - request "/home/pete/wefwefwef/docs/other/fd081833d1e9f570c9337ce6b143921c/repo/master/.xml/onomatic/request.xml"
Reading XML for "/home/pete/wefwefwef/docs/other/fd081833d1e9f570c9337ce6b143921c/repo/master/.xml/onomatic/request.xml"
Generating HTML - proxy "/home/pete/wefwefwef/docs/other/fd081833d1e9f570c9337ce6b143921c/repo/master/.xml/onomatic/proxy.xml"
Reading XML for "/home/pete/wefwefwef/docs/other/fd081833d1e9f570c9337ce6b143921c/repo/master/.xml/onomatic/proxy.xml"
Reading XML for "/home/pete/wefwefwef/docs/other/fd081833d1e9f570c9337ce6b143921c/repo/master/.xml/specs_onomatic_app.xml"
Generating HTML - websockets "/home/pete/wefwefwef/docs/other/fd081833d1e9f570c9337ce6b143921c/repo/master/.xml/onomatic/websockets.xml"
Reading XML for "/home/pete/wefwefwef/docs/other/fd081833d1e9f570c9337ce6b143921c/repo/master/.xml/onomatic/websockets.xml"
Generating HTML - backend "/home/pete/wefwefwef/docs/other/fd081833d1e9f570c9337ce6b143921c/repo/master/.xml/onomatic/backend.xml"
Reading XML for "/home/pete/wefwefwef/docs/other/fd081833d1e9f570c9337ce6b143921c/repo/master/.xml/onomatic/backend.xml"
Reading XML for "/home/pete/wefwefwef/docs/other/fd081833d1e9f570c9337ce6b143921c/repo/master/.xml/specs_proxy.xml"
Reading XML for "/home/pete/wefwefwef/docs/other/fd081833d1e9f570c9337ce6b143921c/repo/master/.xml/specs_request.xml"
Generating HTML - http "/home/pete/wefwefwef/docs/other/fd081833d1e9f570c9337ce6b143921c/repo/master/.xml/onomatic/http.xml"
Reading XML for "/home/pete/wefwefwef/docs/other/fd081833d1e9f570c9337ce6b143921c/repo/master/.xml/specs_backend.xml"
Reading XML for "/home/pete/wefwefwef/docs/other/fd081833d1e9f570c9337ce6b143921c/repo/master/.xml/onomatic/http.xml"
Reading XML for "/home/pete/wefwefwef/docs/other/fd081833d1e9f570c9337ce6b143921c/repo/master/.xml/specs_websockets.xml"
Reading XML for "/home/pete/wefwefwef/docs/other/fd081833d1e9f570c9337ce6b143921c/repo/master/.xml/specs_http.xml"
Generating HTML - response "/home/pete/wefwefwef/docs/other/fd081833d1e9f570c9337ce6b143921c/repo/master/.xml/onomatic/response.xml"
Reading XML for "/home/pete/wefwefwef/docs/other/fd081833d1e9f570c9337ce6b143921c/repo/master/.xml/onomatic/response.xml"
Reading XML for "/home/pete/wefwefwef/docs/other/fd081833d1e9f570c9337ce6b143921c/repo/master/.xml/specs_response.xml"
Creating index.html ...
Creating erldocs_index.js ...
Woot, finished in 0 Minutes 1 Seconds
 :: Discovering other repos
$ 5000  `rm -r '/home/pete/wefwefwef/docs/other/fd081833d1e9f570c9337ce6b143921c/onomatic-branch-master'  2>&1`
 :: Finishing up
$ 5000  `rm -r '/home/pete/wefwefwef/docs/other/fd081833d1e9f570c9337ce6b143921c/onomatic'  2>&1`
