 :: Extracting meta information
$ 5000  `git ls-remote --heads --tags 'https://github.com/cloudi/cloudi_service_timers'  2>&1`
>>> [repo] 1 branches, 14 tags
 :: Writing meta to "/home/pete/wefwefwef/docs/other/3049686682/meta.txt"
 :: Processing https://github.com/cloudi/cloudi_service_timers	{rev,tag,"v1.3.0","c7ecbdebfd00aaef523ae1617909c88bab8e95db",undefined,[],[]}
 :: Fetching repo code
$ cd "/home/pete/wefwefwef/docs/other/3049686682/cloudi_service_timers-tag-v1.3.0/cloudi_service_timers"
$ infinity  `curl --fail --silent --show-error --location --output 'v1.3.0.zip' 'https://github.com/cloudi/cloudi_service_timers/archive/v1.3.0.zip'  2>&1`
$ cd "/home/pete/wefwefwef/docs/erldocs_other.git"
$ cd "/home/pete/wefwefwef/docs/other/3049686682/cloudi_service_timers-tag-v1.3.0/cloudi_service_timers"
$ 5000  `find -P . -type l -delete  2>&1`
$ cd "/home/pete/wefwefwef/docs/erldocs_other.git"
$ cd "/home/pete/wefwefwef/docs/other/3049686682/cloudi_service_timers-tag-v1.3.0/cloudi_service_timers"
$ 5000  `find 'cloudi_service_timers-1.3.0' -mindepth 1 -maxdepth 1 -exec mv -t . -- {} +  2>&1`
$ cd "/home/pete/wefwefwef/docs/erldocs_other.git"
 :: Getting dependencies
$ cd "/home/pete/wefwefwef/docs/other/3049686682/cloudi_service_timers-tag-v1.3.0/cloudi_service_timers"
$ infinity  `rebar --config '/home/pete/wefwefwef/docs/other/3049686682/cloudi_service_timers-tag-v1.3.0/rebar_deps' get-deps  2>&1`
$ cd "/home/pete/wefwefwef/docs/erldocs_other.git"
$ cd "/home/pete/wefwefwef/docs/other/3049686682/cloudi_service_timers-tag-v1.3.0/cloudi_service_timers"
$ 5000  `find -P . -type l -delete  2>&1`
$ cd "/home/pete/wefwefwef/docs/erldocs_other.git"
$ cd "/home/pete/wefwefwef/docs/other/3049686682/cloudi_service_timers-tag-v1.3.0/cloudi_service_timers"
$ 5000  `ls -1 deps/  2>&1`
$ cd "/home/pete/wefwefwef/docs/erldocs_other.git"
>>> [rebar] deps = ["cloudi_core","cpg","dynamic_compile","erlang_term",
                    "erlcloud","jsx","key2value","keys1value","lhttpc","meck",
                    "nodefinder","pqueue","quickrand","reltool_util","syslog",
                    "trie","uuid"]
 :: Generating erldocs into /home/pete/wefwefwef/docs/other/3049686682/repo/v1.3.0
Building cloudi_service_timers
Generating Type Specs - "/home/pete/wefwefwef/docs/other/3049686682/cloudi_service_timers-tag-v1.3.0/cloudi_service_timers/src/cloudi_service_timers.erl"
Generating XML for application cloudi_service_timers "/home/pete/wefwefwef/docs/other/3049686682/cloudi_service_timers-tag-v1.3.0/cloudi_service_timers" -> "/home/pete/wefwefwef/docs/other/3049686682/repo/v1.3.0/.xml/cloudi_service_timers"
Generated cloudi_service_timers XMLs: ["/home/pete/wefwefwef/docs/other/3049686682/repo/v1.3.0/.xml/cloudi_service_timers/cloudi_service_timers.xml"]
Generating HTML - cloudi_service_timers "/home/pete/wefwefwef/docs/other/3049686682/repo/v1.3.0/.xml/cloudi_service_timers/cloudi_service_timers.xml"
Reading XML for "/home/pete/wefwefwef/docs/other/3049686682/repo/v1.3.0/.xml/cloudi_service_timers/cloudi_service_timers.xml"
Reading XML for "/home/pete/wefwefwef/docs/other/3049686682/repo/v1.3.0/.xml/specs_cloudi_service_timers.xml"
Creating index.html ...
Creating erldocs_index.js ...
Woot, finished in 0 Minutes 0 Seconds
 :: Discovering other repos
$ 5000  `rm -r '/home/pete/wefwefwef/docs/other/3049686682/cloudi_service_timers-tag-v1.3.0'  2>&1`
 :: Processing https://github.com/cloudi/cloudi_service_timers	{rev,tag,"v1.3.1","08cf4aa132a75bd7c2c44737bf2be433902111ab",undefined,[],[]}
 :: Fetching repo code
$ cd "/home/pete/wefwefwef/docs/other/3049686682/cloudi_service_timers-tag-v1.3.1/cloudi_service_timers"
$ infinity  `curl --fail --silent --show-error --location --output 'v1.3.1.zip' 'https://github.com/cloudi/cloudi_service_timers/archive/v1.3.1.zip'  2>&1`
$ cd "/home/pete/wefwefwef/docs/erldocs_other.git"
$ cd "/home/pete/wefwefwef/docs/other/3049686682/cloudi_service_timers-tag-v1.3.1/cloudi_service_timers"
$ 5000  `find -P . -type l -delete  2>&1`
$ cd "/home/pete/wefwefwef/docs/erldocs_other.git"
$ cd "/home/pete/wefwefwef/docs/other/3049686682/cloudi_service_timers-tag-v1.3.1/cloudi_service_timers"
$ 5000  `find 'cloudi_service_timers-1.3.1' -mindepth 1 -maxdepth 1 -exec mv -t . -- {} +  2>&1`
$ cd "/home/pete/wefwefwef/docs/erldocs_other.git"
 :: Getting dependencies
$ cd "/home/pete/wefwefwef/docs/other/3049686682/cloudi_service_timers-tag-v1.3.1/cloudi_service_timers"
$ infinity  `rebar --config '/home/pete/wefwefwef/docs/other/3049686682/cloudi_service_timers-tag-v1.3.1/rebar_deps' get-deps  2>&1`
$ cd "/home/pete/wefwefwef/docs/erldocs_other.git"
$ cd "/home/pete/wefwefwef/docs/other/3049686682/cloudi_service_timers-tag-v1.3.1/cloudi_service_timers"
$ 5000  `find -P . -type l -delete  2>&1`
$ cd "/home/pete/wefwefwef/docs/erldocs_other.git"
$ cd "/home/pete/wefwefwef/docs/other/3049686682/cloudi_service_timers-tag-v1.3.1/cloudi_service_timers"
$ 5000  `ls -1 deps/  2>&1`
$ cd "/home/pete/wefwefwef/docs/erldocs_other.git"
>>> [rebar] deps = ["cloudi_core","cpg","key2value","pqueue","quickrand",
                    "reltool_util","trie","uuid"]
 :: Generating erldocs into /home/pete/wefwefwef/docs/other/3049686682/repo/v1.3.1
Building cloudi_service_timers
Generating Type Specs - "/home/pete/wefwefwef/docs/other/3049686682/cloudi_service_timers-tag-v1.3.1/cloudi_service_timers/src/cloudi_service_timers.erl"
Generating XML for application cloudi_service_timers "/home/pete/wefwefwef/docs/other/3049686682/cloudi_service_timers-tag-v1.3.1/cloudi_service_timers" -> "/home/pete/wefwefwef/docs/other/3049686682/repo/v1.3.1/.xml/cloudi_service_timers"
Generated cloudi_service_timers XMLs: ["/home/pete/wefwefwef/docs/other/3049686682/repo/v1.3.1/.xml/cloudi_service_timers/cloudi_service_timers.xml"]
Generating HTML - cloudi_service_timers "/home/pete/wefwefwef/docs/other/3049686682/repo/v1.3.1/.xml/cloudi_service_timers/cloudi_service_timers.xml"
Reading XML for "/home/pete/wefwefwef/docs/other/3049686682/repo/v1.3.1/.xml/cloudi_service_timers/cloudi_service_timers.xml"
Reading XML for "/home/pete/wefwefwef/docs/other/3049686682/repo/v1.3.1/.xml/specs_cloudi_service_timers.xml"
Creating index.html ...
Creating erldocs_index.js ...
Woot, finished in 0 Minutes 0 Seconds
 :: Discovering other repos
$ 5000  `rm -r '/home/pete/wefwefwef/docs/other/3049686682/cloudi_service_timers-tag-v1.3.1'  2>&1`
 :: Processing https://github.com/cloudi/cloudi_service_timers	{rev,tag,"v1.3.1.1","0a29e6ebc48c79bd2b66953ec840e66006b50ad1",undefined,[],[]}
 :: Fetching repo code
$ cd "/home/pete/wefwefwef/docs/other/3049686682/cloudi_service_timers-tag-v1.3.1.1/cloudi_service_timers"
$ infinity  `curl --fail --silent --show-error --location --output 'v1.3.1.1.zip' 'https://github.com/cloudi/cloudi_service_timers/archive/v1.3.1.1.zip'  2>&1`
$ cd "/home/pete/wefwefwef/docs/erldocs_other.git"
$ cd "/home/pete/wefwefwef/docs/other/3049686682/cloudi_service_timers-tag-v1.3.1.1/cloudi_service_timers"
$ 5000  `find -P . -type l -delete  2>&1`
$ cd "/home/pete/wefwefwef/docs/erldocs_other.git"
$ cd "/home/pete/wefwefwef/docs/other/3049686682/cloudi_service_timers-tag-v1.3.1.1/cloudi_service_timers"
$ 5000  `find 'cloudi_service_timers-1.3.1.1' -mindepth 1 -maxdepth 1 -exec mv -t . -- {} +  2>&1`
$ cd "/home/pete/wefwefwef/docs/erldocs_other.git"
 :: Getting dependencies
$ cd "/home/pete/wefwefwef/docs/other/3049686682/cloudi_service_timers-tag-v1.3.1.1/cloudi_service_timers"
$ infinity  `rebar --config '/home/pete/wefwefwef/docs/other/3049686682/cloudi_service_timers-tag-v1.3.1.1/rebar_deps' get-deps  2>&1`
$ cd "/home/pete/wefwefwef/docs/erldocs_other.git"
$ cd "/home/pete/wefwefwef/docs/other/3049686682/cloudi_service_timers-tag-v1.3.1.1/cloudi_service_timers"
$ 5000  `find -P . -type l -delete  2>&1`
$ cd "/home/pete/wefwefwef/docs/erldocs_other.git"
$ cd "/home/pete/wefwefwef/docs/other/3049686682/cloudi_service_timers-tag-v1.3.1.1/cloudi_service_timers"
$ 5000  `ls -1 deps/  2>&1`
$ cd "/home/pete/wefwefwef/docs/erldocs_other.git"
>>> [rebar] deps = ["cloudi_core","cpg","dynamic_compile","erlcloud","jsx",
                    "key2value","lhttpc","meck","nodefinder","pqueue",
                    "quickrand","reltool_util","syslog","trie","uuid"]
 :: Generating erldocs into /home/pete/wefwefwef/docs/other/3049686682/repo/v1.3.1.1
Building cloudi_service_timers
Generating Type Specs - "/home/pete/wefwefwef/docs/other/3049686682/cloudi_service_timers-tag-v1.3.1.1/cloudi_service_timers/src/cloudi_service_timers.erl"
Generating XML for application cloudi_service_timers "/home/pete/wefwefwef/docs/other/3049686682/cloudi_service_timers-tag-v1.3.1.1/cloudi_service_timers" -> "/home/pete/wefwefwef/docs/other/3049686682/repo/v1.3.1.1/.xml/cloudi_service_timers"
Generated cloudi_service_timers XMLs: ["/home/pete/wefwefwef/docs/other/3049686682/repo/v1.3.1.1/.xml/cloudi_service_timers/cloudi_service_timers.xml"]
Generating HTML - cloudi_service_timers "/home/pete/wefwefwef/docs/other/3049686682/repo/v1.3.1.1/.xml/cloudi_service_timers/cloudi_service_timers.xml"
Reading XML for "/home/pete/wefwefwef/docs/other/3049686682/repo/v1.3.1.1/.xml/cloudi_service_timers/cloudi_service_timers.xml"
Reading XML for "/home/pete/wefwefwef/docs/other/3049686682/repo/v1.3.1.1/.xml/specs_cloudi_service_timers.xml"
Creating index.html ...
Creating erldocs_index.js ...
Woot, finished in 0 Minutes 0 Seconds
 :: Discovering other repos
$ 5000  `rm -r '/home/pete/wefwefwef/docs/other/3049686682/cloudi_service_timers-tag-v1.3.1.1'  2>&1`
 :: Processing https://github.com/cloudi/cloudi_service_timers	{rev,tag,"v1.3.1.2","040b3d354709dc0abd08d03e2667c9d0d9924a8c",undefined,[],[]}
 :: Fetching repo code
$ cd "/home/pete/wefwefwef/docs/other/3049686682/cloudi_service_timers-tag-v1.3.1.2/cloudi_service_timers"
$ infinity  `curl --fail --silent --show-error --location --output 'v1.3.1.2.zip' 'https://github.com/cloudi/cloudi_service_timers/archive/v1.3.1.2.zip'  2>&1`
$ cd "/home/pete/wefwefwef/docs/erldocs_other.git"
$ cd "/home/pete/wefwefwef/docs/other/3049686682/cloudi_service_timers-tag-v1.3.1.2/cloudi_service_timers"
$ 5000  `find -P . -type l -delete  2>&1`
$ cd "/home/pete/wefwefwef/docs/erldocs_other.git"
$ cd "/home/pete/wefwefwef/docs/other/3049686682/cloudi_service_timers-tag-v1.3.1.2/cloudi_service_timers"
$ 5000  `find 'cloudi_service_timers-1.3.1.2' -mindepth 1 -maxdepth 1 -exec mv -t . -- {} +  2>&1`
$ cd "/home/pete/wefwefwef/docs/erldocs_other.git"
 :: Getting dependencies
$ cd "/home/pete/wefwefwef/docs/other/3049686682/cloudi_service_timers-tag-v1.3.1.2/cloudi_service_timers"
$ infinity  `rebar --config '/home/pete/wefwefwef/docs/other/3049686682/cloudi_service_timers-tag-v1.3.1.2/rebar_deps' get-deps  2>&1`
$ cd "/home/pete/wefwefwef/docs/erldocs_other.git"
$ cd "/home/pete/wefwefwef/docs/other/3049686682/cloudi_service_timers-tag-v1.3.1.2/cloudi_service_timers"
$ 5000  `find -P . -type l -delete  2>&1`
$ cd "/home/pete/wefwefwef/docs/erldocs_other.git"
$ cd "/home/pete/wefwefwef/docs/other/3049686682/cloudi_service_timers-tag-v1.3.1.2/cloudi_service_timers"
$ 5000  `ls -1 deps/  2>&1`
$ cd "/home/pete/wefwefwef/docs/erldocs_other.git"
>>> [rebar] deps = ["cloudi_core","cpg","dynamic_compile","erlcloud","jsx",
                    "key2value","lhttpc","meck","nodefinder","pqueue",
                    "quickrand","reltool_util","syslog","trie","uuid"]
 :: Generating erldocs into /home/pete/wefwefwef/docs/other/3049686682/repo/v1.3.1.2
Building cloudi_service_timers
Generating Type Specs - "/home/pete/wefwefwef/docs/other/3049686682/cloudi_service_timers-tag-v1.3.1.2/cloudi_service_timers/src/cloudi_service_timers.erl"
Generating XML for application cloudi_service_timers "/home/pete/wefwefwef/docs/other/3049686682/cloudi_service_timers-tag-v1.3.1.2/cloudi_service_timers" -> "/home/pete/wefwefwef/docs/other/3049686682/repo/v1.3.1.2/.xml/cloudi_service_timers"
Generated cloudi_service_timers XMLs: ["/home/pete/wefwefwef/docs/other/3049686682/repo/v1.3.1.2/.xml/cloudi_service_timers/cloudi_service_timers.xml"]
Generating HTML - cloudi_service_timers "/home/pete/wefwefwef/docs/other/3049686682/repo/v1.3.1.2/.xml/cloudi_service_timers/cloudi_service_timers.xml"
Reading XML for "/home/pete/wefwefwef/docs/other/3049686682/repo/v1.3.1.2/.xml/cloudi_service_timers/cloudi_service_timers.xml"
Reading XML for "/home/pete/wefwefwef/docs/other/3049686682/repo/v1.3.1.2/.xml/specs_cloudi_service_timers.xml"
Creating index.html ...
Creating erldocs_index.js ...
Woot, finished in 0 Minutes 0 Seconds
 :: Discovering other repos
$ 5000  `rm -r '/home/pete/wefwefwef/docs/other/3049686682/cloudi_service_timers-tag-v1.3.1.2'  2>&1`
 :: Processing https://github.com/cloudi/cloudi_service_timers	{rev,tag,"v1.3.1.3","153e931fbd23b01356f16c74ba1cd72e43de95a1",undefined,[],[]}
 :: Fetching repo code
$ cd "/home/pete/wefwefwef/docs/other/3049686682/cloudi_service_timers-tag-v1.3.1.3/cloudi_service_timers"
$ infinity  `curl --fail --silent --show-error --location --output 'v1.3.1.3.zip' 'https://github.com/cloudi/cloudi_service_timers/archive/v1.3.1.3.zip'  2>&1`
$ cd "/home/pete/wefwefwef/docs/erldocs_other.git"
$ cd "/home/pete/wefwefwef/docs/other/3049686682/cloudi_service_timers-tag-v1.3.1.3/cloudi_service_timers"
$ 5000  `find -P . -type l -delete  2>&1`
$ cd "/home/pete/wefwefwef/docs/erldocs_other.git"
$ cd "/home/pete/wefwefwef/docs/other/3049686682/cloudi_service_timers-tag-v1.3.1.3/cloudi_service_timers"
$ 5000  `find 'cloudi_service_timers-1.3.1.3' -mindepth 1 -maxdepth 1 -exec mv -t . -- {} +  2>&1`
$ cd "/home/pete/wefwefwef/docs/erldocs_other.git"
 :: Getting dependencies
$ cd "/home/pete/wefwefwef/docs/other/3049686682/cloudi_service_timers-tag-v1.3.1.3/cloudi_service_timers"
$ infinity  `rebar --config '/home/pete/wefwefwef/docs/other/3049686682/cloudi_service_timers-tag-v1.3.1.3/rebar_deps' get-deps  2>&1`
$ cd "/home/pete/wefwefwef/docs/erldocs_other.git"
$ cd "/home/pete/wefwefwef/docs/other/3049686682/cloudi_service_timers-tag-v1.3.1.3/cloudi_service_timers"
$ 5000  `find -P . -type l -delete  2>&1`
$ cd "/home/pete/wefwefwef/docs/erldocs_other.git"
$ cd "/home/pete/wefwefwef/docs/other/3049686682/cloudi_service_timers-tag-v1.3.1.3/cloudi_service_timers"
$ 5000  `ls -1 deps/  2>&1`
$ cd "/home/pete/wefwefwef/docs/erldocs_other.git"
>>> [rebar] deps = ["cloudi_core","cpg","dynamic_compile","erlcloud","jsx",
                    "key2value","lhttpc","meck","nodefinder","pqueue",
                    "quickrand","reltool_util","syslog","trie","uuid"]
 :: Generating erldocs into /home/pete/wefwefwef/docs/other/3049686682/repo/v1.3.1.3
Building cloudi_service_timers
Generating Type Specs - "/home/pete/wefwefwef/docs/other/3049686682/cloudi_service_timers-tag-v1.3.1.3/cloudi_service_timers/src/cloudi_service_timers.erl"
Generating XML for application cloudi_service_timers "/home/pete/wefwefwef/docs/other/3049686682/cloudi_service_timers-tag-v1.3.1.3/cloudi_service_timers" -> "/home/pete/wefwefwef/docs/other/3049686682/repo/v1.3.1.3/.xml/cloudi_service_timers"
Generated cloudi_service_timers XMLs: ["/home/pete/wefwefwef/docs/other/3049686682/repo/v1.3.1.3/.xml/cloudi_service_timers/cloudi_service_timers.xml"]
Generating HTML - cloudi_service_timers "/home/pete/wefwefwef/docs/other/3049686682/repo/v1.3.1.3/.xml/cloudi_service_timers/cloudi_service_timers.xml"
Reading XML for "/home/pete/wefwefwef/docs/other/3049686682/repo/v1.3.1.3/.xml/cloudi_service_timers/cloudi_service_timers.xml"
Reading XML for "/home/pete/wefwefwef/docs/other/3049686682/repo/v1.3.1.3/.xml/specs_cloudi_service_timers.xml"
Creating index.html ...
Creating erldocs_index.js ...
Woot, finished in 0 Minutes 0 Seconds
 :: Discovering other repos
$ 5000  `rm -r '/home/pete/wefwefwef/docs/other/3049686682/cloudi_service_timers-tag-v1.3.1.3'  2>&1`
 :: Processing https://github.com/cloudi/cloudi_service_timers	{rev,tag,"v1.3.2","4edf0b6a30cf463645c5a3a817691d808d9feec0",undefined,[],[]}
 :: Fetching repo code
$ cd "/home/pete/wefwefwef/docs/other/3049686682/cloudi_service_timers-tag-v1.3.2/cloudi_service_timers"
$ infinity  `curl --fail --silent --show-error --location --output 'v1.3.2.zip' 'https://github.com/cloudi/cloudi_service_timers/archive/v1.3.2.zip'  2>&1`
$ cd "/home/pete/wefwefwef/docs/erldocs_other.git"
$ cd "/home/pete/wefwefwef/docs/other/3049686682/cloudi_service_timers-tag-v1.3.2/cloudi_service_timers"
$ 5000  `find -P . -type l -delete  2>&1`
$ cd "/home/pete/wefwefwef/docs/erldocs_other.git"
$ cd "/home/pete/wefwefwef/docs/other/3049686682/cloudi_service_timers-tag-v1.3.2/cloudi_service_timers"
$ 5000  `find 'cloudi_service_timers-1.3.2' -mindepth 1 -maxdepth 1 -exec mv -t . -- {} +  2>&1`
$ cd "/home/pete/wefwefwef/docs/erldocs_other.git"
 :: Getting dependencies
$ cd "/home/pete/wefwefwef/docs/other/3049686682/cloudi_service_timers-tag-v1.3.2/cloudi_service_timers"
$ infinity  `rebar --config '/home/pete/wefwefwef/docs/other/3049686682/cloudi_service_timers-tag-v1.3.2/rebar_deps' get-deps  2>&1`
$ cd "/home/pete/wefwefwef/docs/erldocs_other.git"
$ cd "/home/pete/wefwefwef/docs/other/3049686682/cloudi_service_timers-tag-v1.3.2/cloudi_service_timers"
$ 5000  `find -P . -type l -delete  2>&1`
$ cd "/home/pete/wefwefwef/docs/erldocs_other.git"
$ cd "/home/pete/wefwefwef/docs/other/3049686682/cloudi_service_timers-tag-v1.3.2/cloudi_service_timers"
$ 5000  `ls -1 deps/  2>&1`
$ cd "/home/pete/wefwefwef/docs/erldocs_other.git"
>>> [rebar] deps = ["cloudi_core","cpg","dynamic_compile","erlcloud","jsx",
                    "key2value","lhttpc","meck","nodefinder","pqueue",
                    "quickrand","reltool_util","syslog","trie","uuid"]
 :: Generating erldocs into /home/pete/wefwefwef/docs/other/3049686682/repo/v1.3.2
Building cloudi_service_timers
Generating Type Specs - "/home/pete/wefwefwef/docs/other/3049686682/cloudi_service_timers-tag-v1.3.2/cloudi_service_timers/src/cloudi_service_timers.erl"
Generating XML for application cloudi_service_timers "/home/pete/wefwefwef/docs/other/3049686682/cloudi_service_timers-tag-v1.3.2/cloudi_service_timers" -> "/home/pete/wefwefwef/docs/other/3049686682/repo/v1.3.2/.xml/cloudi_service_timers"
Generated cloudi_service_timers XMLs: ["/home/pete/wefwefwef/docs/other/3049686682/repo/v1.3.2/.xml/cloudi_service_timers/cloudi_service_timers.xml"]
Generating HTML - cloudi_service_timers "/home/pete/wefwefwef/docs/other/3049686682/repo/v1.3.2/.xml/cloudi_service_timers/cloudi_service_timers.xml"
Reading XML for "/home/pete/wefwefwef/docs/other/3049686682/repo/v1.3.2/.xml/cloudi_service_timers/cloudi_service_timers.xml"
Reading XML for "/home/pete/wefwefwef/docs/other/3049686682/repo/v1.3.2/.xml/specs_cloudi_service_timers.xml"
Creating index.html ...
Creating erldocs_index.js ...
Woot, finished in 0 Minutes 0 Seconds
 :: Discovering other repos
$ 5000  `rm -r '/home/pete/wefwefwef/docs/other/3049686682/cloudi_service_timers-tag-v1.3.2'  2>&1`
 :: Processing https://github.com/cloudi/cloudi_service_timers	{rev,tag,"v1.3.2.1","8e18710a33deaedf65c74d26ba83866418860746",undefined,[],[]}
 :: Fetching repo code
$ cd "/home/pete/wefwefwef/docs/other/3049686682/cloudi_service_timers-tag-v1.3.2.1/cloudi_service_timers"
$ infinity  `curl --fail --silent --show-error --location --output 'v1.3.2.1.zip' 'https://github.com/cloudi/cloudi_service_timers/archive/v1.3.2.1.zip'  2>&1`
$ cd "/home/pete/wefwefwef/docs/erldocs_other.git"
$ cd "/home/pete/wefwefwef/docs/other/3049686682/cloudi_service_timers-tag-v1.3.2.1/cloudi_service_timers"
$ 5000  `find -P . -type l -delete  2>&1`
$ cd "/home/pete/wefwefwef/docs/erldocs_other.git"
$ cd "/home/pete/wefwefwef/docs/other/3049686682/cloudi_service_timers-tag-v1.3.2.1/cloudi_service_timers"
$ 5000  `find 'cloudi_service_timers-1.3.2.1' -mindepth 1 -maxdepth 1 -exec mv -t . -- {} +  2>&1`
$ cd "/home/pete/wefwefwef/docs/erldocs_other.git"
 :: Getting dependencies
$ cd "/home/pete/wefwefwef/docs/other/3049686682/cloudi_service_timers-tag-v1.3.2.1/cloudi_service_timers"
$ infinity  `rebar --config '/home/pete/wefwefwef/docs/other/3049686682/cloudi_service_timers-tag-v1.3.2.1/rebar_deps' get-deps  2>&1`
$ cd "/home/pete/wefwefwef/docs/erldocs_other.git"
$ cd "/home/pete/wefwefwef/docs/other/3049686682/cloudi_service_timers-tag-v1.3.2.1/cloudi_service_timers"
$ 5000  `find -P . -type l -delete  2>&1`
$ cd "/home/pete/wefwefwef/docs/erldocs_other.git"
$ cd "/home/pete/wefwefwef/docs/other/3049686682/cloudi_service_timers-tag-v1.3.2.1/cloudi_service_timers"
$ 5000  `ls -1 deps/  2>&1`
$ cd "/home/pete/wefwefwef/docs/erldocs_other.git"
>>> [rebar] deps = ["cloudi_core","cpg","dynamic_compile","erlcloud","jsx",
                    "key2value","lhttpc","meck","nodefinder","pqueue",
                    "quickrand","reltool_util","syslog","trie","uuid"]
 :: Generating erldocs into /home/pete/wefwefwef/docs/other/3049686682/repo/v1.3.2.1
Building cloudi_service_timers
Generating Type Specs - "/home/pete/wefwefwef/docs/other/3049686682/cloudi_service_timers-tag-v1.3.2.1/cloudi_service_timers/src/cloudi_service_timers.erl"
Generating XML for application cloudi_service_timers "/home/pete/wefwefwef/docs/other/3049686682/cloudi_service_timers-tag-v1.3.2.1/cloudi_service_timers" -> "/home/pete/wefwefwef/docs/other/3049686682/repo/v1.3.2.1/.xml/cloudi_service_timers"
Generated cloudi_service_timers XMLs: ["/home/pete/wefwefwef/docs/other/3049686682/repo/v1.3.2.1/.xml/cloudi_service_timers/cloudi_service_timers.xml"]
Generating HTML - cloudi_service_timers "/home/pete/wefwefwef/docs/other/3049686682/repo/v1.3.2.1/.xml/cloudi_service_timers/cloudi_service_timers.xml"
Reading XML for "/home/pete/wefwefwef/docs/other/3049686682/repo/v1.3.2.1/.xml/cloudi_service_timers/cloudi_service_timers.xml"
Reading XML for "/home/pete/wefwefwef/docs/other/3049686682/repo/v1.3.2.1/.xml/specs_cloudi_service_timers.xml"
Creating index.html ...
Creating erldocs_index.js ...
Woot, finished in 0 Minutes 0 Seconds
 :: Discovering other repos
$ 5000  `rm -r '/home/pete/wefwefwef/docs/other/3049686682/cloudi_service_timers-tag-v1.3.2.1'  2>&1`
 :: Processing https://github.com/cloudi/cloudi_service_timers	{rev,tag,"v1.3.2.2","32bda1552ea78ab0554b696be6f726ee4c7e685f",undefined,[],[]}
 :: Fetching repo code
$ cd "/home/pete/wefwefwef/docs/other/3049686682/cloudi_service_timers-tag-v1.3.2.2/cloudi_service_timers"
$ infinity  `curl --fail --silent --show-error --location --output 'v1.3.2.2.zip' 'https://github.com/cloudi/cloudi_service_timers/archive/v1.3.2.2.zip'  2>&1`
$ cd "/home/pete/wefwefwef/docs/erldocs_other.git"
$ cd "/home/pete/wefwefwef/docs/other/3049686682/cloudi_service_timers-tag-v1.3.2.2/cloudi_service_timers"
$ 5000  `find -P . -type l -delete  2>&1`
$ cd "/home/pete/wefwefwef/docs/erldocs_other.git"
$ cd "/home/pete/wefwefwef/docs/other/3049686682/cloudi_service_timers-tag-v1.3.2.2/cloudi_service_timers"
$ 5000  `find 'cloudi_service_timers-1.3.2.2' -mindepth 1 -maxdepth 1 -exec mv -t . -- {} +  2>&1`
$ cd "/home/pete/wefwefwef/docs/erldocs_other.git"
 :: Getting dependencies
$ cd "/home/pete/wefwefwef/docs/other/3049686682/cloudi_service_timers-tag-v1.3.2.2/cloudi_service_timers"
$ infinity  `rebar --config '/home/pete/wefwefwef/docs/other/3049686682/cloudi_service_timers-tag-v1.3.2.2/rebar_deps' get-deps  2>&1`
$ cd "/home/pete/wefwefwef/docs/erldocs_other.git"
$ cd "/home/pete/wefwefwef/docs/other/3049686682/cloudi_service_timers-tag-v1.3.2.2/cloudi_service_timers"
$ 5000  `find -P . -type l -delete  2>&1`
$ cd "/home/pete/wefwefwef/docs/erldocs_other.git"
$ cd "/home/pete/wefwefwef/docs/other/3049686682/cloudi_service_timers-tag-v1.3.2.2/cloudi_service_timers"
$ 5000  `ls -1 deps/  2>&1`
$ cd "/home/pete/wefwefwef/docs/erldocs_other.git"
>>> [rebar] deps = ["cloudi_core","cpg","dynamic_compile","erlcloud","jsx",
                    "key2value","keys1value","lhttpc","meck","nodefinder",
                    "pqueue","quickrand","reltool_util","syslog","trie",
                    "uuid"]
 :: Generating erldocs into /home/pete/wefwefwef/docs/other/3049686682/repo/v1.3.2.2
Building cloudi_service_timers
Generating Type Specs - "/home/pete/wefwefwef/docs/other/3049686682/cloudi_service_timers-tag-v1.3.2.2/cloudi_service_timers/src/cloudi_service_timers.erl"
Generating XML for application cloudi_service_timers "/home/pete/wefwefwef/docs/other/3049686682/cloudi_service_timers-tag-v1.3.2.2/cloudi_service_timers" -> "/home/pete/wefwefwef/docs/other/3049686682/repo/v1.3.2.2/.xml/cloudi_service_timers"
Generated cloudi_service_timers XMLs: ["/home/pete/wefwefwef/docs/other/3049686682/repo/v1.3.2.2/.xml/cloudi_service_timers/cloudi_service_timers.xml"]
Generating HTML - cloudi_service_timers "/home/pete/wefwefwef/docs/other/3049686682/repo/v1.3.2.2/.xml/cloudi_service_timers/cloudi_service_timers.xml"
Reading XML for "/home/pete/wefwefwef/docs/other/3049686682/repo/v1.3.2.2/.xml/cloudi_service_timers/cloudi_service_timers.xml"
Reading XML for "/home/pete/wefwefwef/docs/other/3049686682/repo/v1.3.2.2/.xml/specs_cloudi_service_timers.xml"
Creating index.html ...
Creating erldocs_index.js ...
Woot, finished in 0 Minutes 0 Seconds
 :: Discovering other repos
$ 5000  `rm -r '/home/pete/wefwefwef/docs/other/3049686682/cloudi_service_timers-tag-v1.3.2.2'  2>&1`
 :: Processing https://github.com/cloudi/cloudi_service_timers	{rev,tag,"v1.3.2.3","3f19f274c3a8f711dfd23c2e2191c57137a968a0",undefined,[],[]}
 :: Fetching repo code
$ cd "/home/pete/wefwefwef/docs/other/3049686682/cloudi_service_timers-tag-v1.3.2.3/cloudi_service_timers"
$ infinity  `curl --fail --silent --show-error --location --output 'v1.3.2.3.zip' 'https://github.com/cloudi/cloudi_service_timers/archive/v1.3.2.3.zip'  2>&1`
$ cd "/home/pete/wefwefwef/docs/erldocs_other.git"
$ cd "/home/pete/wefwefwef/docs/other/3049686682/cloudi_service_timers-tag-v1.3.2.3/cloudi_service_timers"
$ 5000  `find -P . -type l -delete  2>&1`
$ cd "/home/pete/wefwefwef/docs/erldocs_other.git"
$ cd "/home/pete/wefwefwef/docs/other/3049686682/cloudi_service_timers-tag-v1.3.2.3/cloudi_service_timers"
$ 5000  `find 'cloudi_service_timers-1.3.2.3' -mindepth 1 -maxdepth 1 -exec mv -t . -- {} +  2>&1`
$ cd "/home/pete/wefwefwef/docs/erldocs_other.git"
 :: Getting dependencies
$ cd "/home/pete/wefwefwef/docs/other/3049686682/cloudi_service_timers-tag-v1.3.2.3/cloudi_service_timers"
$ infinity  `rebar --config '/home/pete/wefwefwef/docs/other/3049686682/cloudi_service_timers-tag-v1.3.2.3/rebar_deps' get-deps  2>&1`
$ cd "/home/pete/wefwefwef/docs/erldocs_other.git"
$ cd "/home/pete/wefwefwef/docs/other/3049686682/cloudi_service_timers-tag-v1.3.2.3/cloudi_service_timers"
$ 5000  `find -P . -type l -delete  2>&1`
$ cd "/home/pete/wefwefwef/docs/erldocs_other.git"
$ cd "/home/pete/wefwefwef/docs/other/3049686682/cloudi_service_timers-tag-v1.3.2.3/cloudi_service_timers"
$ 5000  `ls -1 deps/  2>&1`
$ cd "/home/pete/wefwefwef/docs/erldocs_other.git"
>>> [rebar] deps = ["cloudi_core","cpg","dynamic_compile","erlang_term",
                    "erlcloud","jsx","key2value","keys1value","lhttpc","meck",
                    "nodefinder","pqueue","quickrand","reltool_util","syslog",
                    "trie","uuid"]
 :: Generating erldocs into /home/pete/wefwefwef/docs/other/3049686682/repo/v1.3.2.3
Building cloudi_service_timers
Generating Type Specs - "/home/pete/wefwefwef/docs/other/3049686682/cloudi_service_timers-tag-v1.3.2.3/cloudi_service_timers/src/cloudi_service_timers.erl"
Generating XML for application cloudi_service_timers "/home/pete/wefwefwef/docs/other/3049686682/cloudi_service_timers-tag-v1.3.2.3/cloudi_service_timers" -> "/home/pete/wefwefwef/docs/other/3049686682/repo/v1.3.2.3/.xml/cloudi_service_timers"
Generated cloudi_service_timers XMLs: ["/home/pete/wefwefwef/docs/other/3049686682/repo/v1.3.2.3/.xml/cloudi_service_timers/cloudi_service_timers.xml"]
Generating HTML - cloudi_service_timers "/home/pete/wefwefwef/docs/other/3049686682/repo/v1.3.2.3/.xml/cloudi_service_timers/cloudi_service_timers.xml"
Reading XML for "/home/pete/wefwefwef/docs/other/3049686682/repo/v1.3.2.3/.xml/cloudi_service_timers/cloudi_service_timers.xml"
Reading XML for "/home/pete/wefwefwef/docs/other/3049686682/repo/v1.3.2.3/.xml/specs_cloudi_service_timers.xml"
Creating index.html ...
Creating erldocs_index.js ...
Woot, finished in 0 Minutes 0 Seconds
 :: Discovering other repos
$ 5000  `rm -r '/home/pete/wefwefwef/docs/other/3049686682/cloudi_service_timers-tag-v1.3.2.3'  2>&1`
 :: Processing https://github.com/cloudi/cloudi_service_timers	{rev,tag,"v1.3.3","56067f376922ce61825790048b84ad6d648e5dd4",undefined,[],[]}
 :: Fetching repo code
$ cd "/home/pete/wefwefwef/docs/other/3049686682/cloudi_service_timers-tag-v1.3.3/cloudi_service_timers"
$ infinity  `curl --fail --silent --show-error --location --output 'v1.3.3.zip' 'https://github.com/cloudi/cloudi_service_timers/archive/v1.3.3.zip'  2>&1`
$ cd "/home/pete/wefwefwef/docs/erldocs_other.git"
$ cd "/home/pete/wefwefwef/docs/other/3049686682/cloudi_service_timers-tag-v1.3.3/cloudi_service_timers"
$ 5000  `find -P . -type l -delete  2>&1`
$ cd "/home/pete/wefwefwef/docs/erldocs_other.git"
$ cd "/home/pete/wefwefwef/docs/other/3049686682/cloudi_service_timers-tag-v1.3.3/cloudi_service_timers"
$ 5000  `find 'cloudi_service_timers-1.3.3' -mindepth 1 -maxdepth 1 -exec mv -t . -- {} +  2>&1`
$ cd "/home/pete/wefwefwef/docs/erldocs_other.git"
 :: Getting dependencies
$ cd "/home/pete/wefwefwef/docs/other/3049686682/cloudi_service_timers-tag-v1.3.3/cloudi_service_timers"
$ infinity  `rebar --config '/home/pete/wefwefwef/docs/other/3049686682/cloudi_service_timers-tag-v1.3.3/rebar_deps' get-deps  2>&1`
$ cd "/home/pete/wefwefwef/docs/erldocs_other.git"
$ cd "/home/pete/wefwefwef/docs/other/3049686682/cloudi_service_timers-tag-v1.3.3/cloudi_service_timers"
$ 5000  `find -P . -type l -delete  2>&1`
$ cd "/home/pete/wefwefwef/docs/erldocs_other.git"
$ cd "/home/pete/wefwefwef/docs/other/3049686682/cloudi_service_timers-tag-v1.3.3/cloudi_service_timers"
$ 5000  `ls -1 deps/  2>&1`
$ cd "/home/pete/wefwefwef/docs/erldocs_other.git"
>>> [rebar] deps = ["cloudi_core","cpg","dynamic_compile","erlang_term",
                    "erlcloud","jsx","key2value","keys1value","lhttpc","meck",
                    "nodefinder","pqueue","quickrand","reltool_util","syslog",
                    "trie","uuid"]
 :: Generating erldocs into /home/pete/wefwefwef/docs/other/3049686682/repo/v1.3.3
Building cloudi_service_timers
Generating Type Specs - "/home/pete/wefwefwef/docs/other/3049686682/cloudi_service_timers-tag-v1.3.3/cloudi_service_timers/src/cloudi_service_timers.erl"
Generating XML for application cloudi_service_timers "/home/pete/wefwefwef/docs/other/3049686682/cloudi_service_timers-tag-v1.3.3/cloudi_service_timers" -> "/home/pete/wefwefwef/docs/other/3049686682/repo/v1.3.3/.xml/cloudi_service_timers"
Generated cloudi_service_timers XMLs: ["/home/pete/wefwefwef/docs/other/3049686682/repo/v1.3.3/.xml/cloudi_service_timers/cloudi_service_timers.xml"]
Generating HTML - cloudi_service_timers "/home/pete/wefwefwef/docs/other/3049686682/repo/v1.3.3/.xml/cloudi_service_timers/cloudi_service_timers.xml"
Reading XML for "/home/pete/wefwefwef/docs/other/3049686682/repo/v1.3.3/.xml/cloudi_service_timers/cloudi_service_timers.xml"
Reading XML for "/home/pete/wefwefwef/docs/other/3049686682/repo/v1.3.3/.xml/specs_cloudi_service_timers.xml"
Creating index.html ...
Creating erldocs_index.js ...
Woot, finished in 0 Minutes 0 Seconds
 :: Discovering other repos
$ 5000  `rm -r '/home/pete/wefwefwef/docs/other/3049686682/cloudi_service_timers-tag-v1.3.3'  2>&1`
 :: Processing https://github.com/cloudi/cloudi_service_timers	{rev,tag,"v1.3.3.2","169ec520dad0988c870e87aa5c02797b23b08f7a",undefined,[],[]}
 :: Fetching repo code
$ cd "/home/pete/wefwefwef/docs/other/3049686682/cloudi_service_timers-tag-v1.3.3.2/cloudi_service_timers"
$ infinity  `curl --fail --silent --show-error --location --output 'v1.3.3.2.zip' 'https://github.com/cloudi/cloudi_service_timers/archive/v1.3.3.2.zip'  2>&1`
$ cd "/home/pete/wefwefwef/docs/erldocs_other.git"
$ cd "/home/pete/wefwefwef/docs/other/3049686682/cloudi_service_timers-tag-v1.3.3.2/cloudi_service_timers"
$ 5000  `find -P . -type l -delete  2>&1`
$ cd "/home/pete/wefwefwef/docs/erldocs_other.git"
$ cd "/home/pete/wefwefwef/docs/other/3049686682/cloudi_service_timers-tag-v1.3.3.2/cloudi_service_timers"
$ 5000  `find 'cloudi_service_timers-1.3.3.2' -mindepth 1 -maxdepth 1 -exec mv -t . -- {} +  2>&1`
$ cd "/home/pete/wefwefwef/docs/erldocs_other.git"
 :: Getting dependencies
$ cd "/home/pete/wefwefwef/docs/other/3049686682/cloudi_service_timers-tag-v1.3.3.2/cloudi_service_timers"
$ infinity  `rebar --config '/home/pete/wefwefwef/docs/other/3049686682/cloudi_service_timers-tag-v1.3.3.2/rebar_deps' get-deps  2>&1`
$ cd "/home/pete/wefwefwef/docs/erldocs_other.git"
$ cd "/home/pete/wefwefwef/docs/other/3049686682/cloudi_service_timers-tag-v1.3.3.2/cloudi_service_timers"
$ 5000  `find -P . -type l -delete  2>&1`
$ cd "/home/pete/wefwefwef/docs/erldocs_other.git"
$ cd "/home/pete/wefwefwef/docs/other/3049686682/cloudi_service_timers-tag-v1.3.3.2/cloudi_service_timers"
$ 5000  `ls -1 deps/  2>&1`
$ cd "/home/pete/wefwefwef/docs/erldocs_other.git"
>>> [rebar] deps = ["cloudi_core","cpg","dynamic_compile","erlang_term",
                    "erlcloud","jsx","key2value","keys1value","lhttpc","meck",
                    "nodefinder","pqueue","quickrand","reltool_util","syslog",
                    "trie","uuid"]
 :: Generating erldocs into /home/pete/wefwefwef/docs/other/3049686682/repo/v1.3.3.2
Building cloudi_service_timers
Generating Type Specs - "/home/pete/wefwefwef/docs/other/3049686682/cloudi_service_timers-tag-v1.3.3.2/cloudi_service_timers/src/cloudi_service_timers.erl"
Generating XML for application cloudi_service_timers "/home/pete/wefwefwef/docs/other/3049686682/cloudi_service_timers-tag-v1.3.3.2/cloudi_service_timers" -> "/home/pete/wefwefwef/docs/other/3049686682/repo/v1.3.3.2/.xml/cloudi_service_timers"
Generated cloudi_service_timers XMLs: ["/home/pete/wefwefwef/docs/other/3049686682/repo/v1.3.3.2/.xml/cloudi_service_timers/cloudi_service_timers.xml"]
Generating HTML - cloudi_service_timers "/home/pete/wefwefwef/docs/other/3049686682/repo/v1.3.3.2/.xml/cloudi_service_timers/cloudi_service_timers.xml"
Reading XML for "/home/pete/wefwefwef/docs/other/3049686682/repo/v1.3.3.2/.xml/cloudi_service_timers/cloudi_service_timers.xml"
Reading XML for "/home/pete/wefwefwef/docs/other/3049686682/repo/v1.3.3.2/.xml/specs_cloudi_service_timers.xml"
Creating index.html ...
Creating erldocs_index.js ...
Woot, finished in 0 Minutes 0 Seconds
 :: Discovering other repos
$ 5000  `rm -r '/home/pete/wefwefwef/docs/other/3049686682/cloudi_service_timers-tag-v1.3.3.2'  2>&1`
 :: Processing https://github.com/cloudi/cloudi_service_timers	{rev,tag,"v1.4.0","0d6e666b55f6102af70731eb9e0fc4f9298f5b0a",undefined,[],[]}
 :: Fetching repo code
$ cd "/home/pete/wefwefwef/docs/other/3049686682/cloudi_service_timers-tag-v1.4.0/cloudi_service_timers"
$ infinity  `curl --fail --silent --show-error --location --output 'v1.4.0.zip' 'https://github.com/cloudi/cloudi_service_timers/archive/v1.4.0.zip'  2>&1`
$ cd "/home/pete/wefwefwef/docs/erldocs_other.git"
$ cd "/home/pete/wefwefwef/docs/other/3049686682/cloudi_service_timers-tag-v1.4.0/cloudi_service_timers"
$ 5000  `find -P . -type l -delete  2>&1`
$ cd "/home/pete/wefwefwef/docs/erldocs_other.git"
$ cd "/home/pete/wefwefwef/docs/other/3049686682/cloudi_service_timers-tag-v1.4.0/cloudi_service_timers"
$ 5000  `find 'cloudi_service_timers-1.4.0' -mindepth 1 -maxdepth 1 -exec mv -t . -- {} +  2>&1`
$ cd "/home/pete/wefwefwef/docs/erldocs_other.git"
 :: Getting dependencies
$ cd "/home/pete/wefwefwef/docs/other/3049686682/cloudi_service_timers-tag-v1.4.0/cloudi_service_timers"
$ infinity  `rebar --config '/home/pete/wefwefwef/docs/other/3049686682/cloudi_service_timers-tag-v1.4.0/rebar_deps' get-deps  2>&1`
$ cd "/home/pete/wefwefwef/docs/erldocs_other.git"
$ cd "/home/pete/wefwefwef/docs/other/3049686682/cloudi_service_timers-tag-v1.4.0/cloudi_service_timers"
$ 5000  `find -P . -type l -delete  2>&1`
$ cd "/home/pete/wefwefwef/docs/erldocs_other.git"
$ cd "/home/pete/wefwefwef/docs/other/3049686682/cloudi_service_timers-tag-v1.4.0/cloudi_service_timers"
$ 5000  `ls -1 deps/  2>&1`
$ cd "/home/pete/wefwefwef/docs/erldocs_other.git"
>>> [rebar] deps = ["cloudi_core","cpg","dynamic_compile","erlang_term",
                    "erlcloud","jsx","key2value","keys1value","lhttpc","meck",
                    "nodefinder","pqueue","quickrand","reltool_util","syslog",
                    "trie","uuid"]
 :: Generating erldocs into /home/pete/wefwefwef/docs/other/3049686682/repo/v1.4.0
Building cloudi_service_timers
Generating Type Specs - "/home/pete/wefwefwef/docs/other/3049686682/cloudi_service_timers-tag-v1.4.0/cloudi_service_timers/src/cloudi_service_timers.erl"
Generating XML for application cloudi_service_timers "/home/pete/wefwefwef/docs/other/3049686682/cloudi_service_timers-tag-v1.4.0/cloudi_service_timers" -> "/home/pete/wefwefwef/docs/other/3049686682/repo/v1.4.0/.xml/cloudi_service_timers"
Generated cloudi_service_timers XMLs: ["/home/pete/wefwefwef/docs/other/3049686682/repo/v1.4.0/.xml/cloudi_service_timers/cloudi_service_timers.xml"]
Generating HTML - cloudi_service_timers "/home/pete/wefwefwef/docs/other/3049686682/repo/v1.4.0/.xml/cloudi_service_timers/cloudi_service_timers.xml"
Reading XML for "/home/pete/wefwefwef/docs/other/3049686682/repo/v1.4.0/.xml/cloudi_service_timers/cloudi_service_timers.xml"
Reading XML for "/home/pete/wefwefwef/docs/other/3049686682/repo/v1.4.0/.xml/specs_cloudi_service_timers.xml"
Creating index.html ...
Creating erldocs_index.js ...
Woot, finished in 0 Minutes 0 Seconds
 :: Discovering other repos
$ 5000  `rm -r '/home/pete/wefwefwef/docs/other/3049686682/cloudi_service_timers-tag-v1.4.0'  2>&1`
 :: Processing https://github.com/cloudi/cloudi_service_timers	{rev,tag,"v1.4.0-rc.4","ff416f0c0046c6d61d20cda84c6285e08a933d58",undefined,[],[]}
 :: Fetching repo code
$ cd "/home/pete/wefwefwef/docs/other/3049686682/cloudi_service_timers-tag-v1.4.0-rc.4/cloudi_service_timers"
$ infinity  `curl --fail --silent --show-error --location --output 'v1.4.0-rc.4.zip' 'https://github.com/cloudi/cloudi_service_timers/archive/v1.4.0-rc.4.zip'  2>&1`
$ cd "/home/pete/wefwefwef/docs/erldocs_other.git"
$ cd "/home/pete/wefwefwef/docs/other/3049686682/cloudi_service_timers-tag-v1.4.0-rc.4/cloudi_service_timers"
$ 5000  `find -P . -type l -delete  2>&1`
$ cd "/home/pete/wefwefwef/docs/erldocs_other.git"
$ cd "/home/pete/wefwefwef/docs/other/3049686682/cloudi_service_timers-tag-v1.4.0-rc.4/cloudi_service_timers"
$ 5000  `find 'cloudi_service_timers-1.4.0-rc.4' -mindepth 1 -maxdepth 1 -exec mv -t . -- {} +  2>&1`
$ cd "/home/pete/wefwefwef/docs/erldocs_other.git"
 :: Getting dependencies
$ cd "/home/pete/wefwefwef/docs/other/3049686682/cloudi_service_timers-tag-v1.4.0-rc.4/cloudi_service_timers"
$ infinity  `rebar --config '/home/pete/wefwefwef/docs/other/3049686682/cloudi_service_timers-tag-v1.4.0-rc.4/rebar_deps' get-deps  2>&1`
$ cd "/home/pete/wefwefwef/docs/erldocs_other.git"
$ cd "/home/pete/wefwefwef/docs/other/3049686682/cloudi_service_timers-tag-v1.4.0-rc.4/cloudi_service_timers"
$ 5000  `find -P . -type l -delete  2>&1`
$ cd "/home/pete/wefwefwef/docs/erldocs_other.git"
$ cd "/home/pete/wefwefwef/docs/other/3049686682/cloudi_service_timers-tag-v1.4.0-rc.4/cloudi_service_timers"
$ 5000  `ls -1 deps/  2>&1`
$ cd "/home/pete/wefwefwef/docs/erldocs_other.git"
>>> [rebar] deps = ["cloudi_core","cpg","dynamic_compile","erlang_term",
                    "erlcloud","jsx","key2value","keys1value","lhttpc","meck",
                    "nodefinder","pqueue","quickrand","reltool_util","syslog",
                    "trie","uuid"]
 :: Generating erldocs into /home/pete/wefwefwef/docs/other/3049686682/repo/v1.4.0-rc.4
Building cloudi_service_timers
Generating Type Specs - "/home/pete/wefwefwef/docs/other/3049686682/cloudi_service_timers-tag-v1.4.0-rc.4/cloudi_service_timers/src/cloudi_service_timers.erl"
Generating XML for application cloudi_service_timers "/home/pete/wefwefwef/docs/other/3049686682/cloudi_service_timers-tag-v1.4.0-rc.4/cloudi_service_timers" -> "/home/pete/wefwefwef/docs/other/3049686682/repo/v1.4.0-rc.4/.xml/cloudi_service_timers"
Generated cloudi_service_timers XMLs: ["/home/pete/wefwefwef/docs/other/3049686682/repo/v1.4.0-rc.4/.xml/cloudi_service_timers/cloudi_service_timers.xml"]
Generating HTML - cloudi_service_timers "/home/pete/wefwefwef/docs/other/3049686682/repo/v1.4.0-rc.4/.xml/cloudi_service_timers/cloudi_service_timers.xml"
Reading XML for "/home/pete/wefwefwef/docs/other/3049686682/repo/v1.4.0-rc.4/.xml/cloudi_service_timers/cloudi_service_timers.xml"
Reading XML for "/home/pete/wefwefwef/docs/other/3049686682/repo/v1.4.0-rc.4/.xml/specs_cloudi_service_timers.xml"
Creating index.html ...
Creating erldocs_index.js ...
Woot, finished in 0 Minutes 0 Seconds
 :: Discovering other repos
$ 5000  `rm -r '/home/pete/wefwefwef/docs/other/3049686682/cloudi_service_timers-tag-v1.4.0-rc.4'  2>&1`
 :: Processing https://github.com/cloudi/cloudi_service_timers	{rev,tag,"v1.5.0","912a045b187a5f1d6edd5bf0be572705c11d0bee",undefined,[],[]}
 :: Fetching repo code
$ cd "/home/pete/wefwefwef/docs/other/3049686682/cloudi_service_timers-tag-v1.5.0/cloudi_service_timers"
$ infinity  `curl --fail --silent --show-error --location --output 'v1.5.0.zip' 'https://github.com/cloudi/cloudi_service_timers/archive/v1.5.0.zip'  2>&1`
$ cd "/home/pete/wefwefwef/docs/erldocs_other.git"
$ cd "/home/pete/wefwefwef/docs/other/3049686682/cloudi_service_timers-tag-v1.5.0/cloudi_service_timers"
$ 5000  `find -P . -type l -delete  2>&1`
$ cd "/home/pete/wefwefwef/docs/erldocs_other.git"
$ cd "/home/pete/wefwefwef/docs/other/3049686682/cloudi_service_timers-tag-v1.5.0/cloudi_service_timers"
$ 5000  `find 'cloudi_service_timers-1.5.0' -mindepth 1 -maxdepth 1 -exec mv -t . -- {} +  2>&1`
$ cd "/home/pete/wefwefwef/docs/erldocs_other.git"
 :: Getting dependencies
$ cd "/home/pete/wefwefwef/docs/other/3049686682/cloudi_service_timers-tag-v1.5.0/cloudi_service_timers"
$ infinity  `rebar --config '/home/pete/wefwefwef/docs/other/3049686682/cloudi_service_timers-tag-v1.5.0/rebar_deps' get-deps  2>&1`
$ cd "/home/pete/wefwefwef/docs/erldocs_other.git"
$ cd "/home/pete/wefwefwef/docs/other/3049686682/cloudi_service_timers-tag-v1.5.0/cloudi_service_timers"
$ 5000  `find -P . -type l -delete  2>&1`
$ cd "/home/pete/wefwefwef/docs/erldocs_other.git"
$ cd "/home/pete/wefwefwef/docs/other/3049686682/cloudi_service_timers-tag-v1.5.0/cloudi_service_timers"
$ 5000  `ls -1 deps/  2>&1`
$ cd "/home/pete/wefwefwef/docs/erldocs_other.git"
>>> [rebar] deps = ["cloudi_core","cpg","dynamic_compile","erlang_term",
                    "erlcloud","jsx","key2value","keys1value","lhttpc","meck",
                    "nodefinder","pqueue","quickrand","reltool_util","syslog",
                    "trie","uuid"]
 :: Generating erldocs into /home/pete/wefwefwef/docs/other/3049686682/repo/v1.5.0
Building cloudi_service_timers
Generating Type Specs - "/home/pete/wefwefwef/docs/other/3049686682/cloudi_service_timers-tag-v1.5.0/cloudi_service_timers/src/cloudi_service_timers.erl"
Generating XML for application cloudi_service_timers "/home/pete/wefwefwef/docs/other/3049686682/cloudi_service_timers-tag-v1.5.0/cloudi_service_timers" -> "/home/pete/wefwefwef/docs/other/3049686682/repo/v1.5.0/.xml/cloudi_service_timers"
Generated cloudi_service_timers XMLs: ["/home/pete/wefwefwef/docs/other/3049686682/repo/v1.5.0/.xml/cloudi_service_timers/cloudi_service_timers.xml"]
Generating HTML - cloudi_service_timers "/home/pete/wefwefwef/docs/other/3049686682/repo/v1.5.0/.xml/cloudi_service_timers/cloudi_service_timers.xml"
Reading XML for "/home/pete/wefwefwef/docs/other/3049686682/repo/v1.5.0/.xml/cloudi_service_timers/cloudi_service_timers.xml"
Reading XML for "/home/pete/wefwefwef/docs/other/3049686682/repo/v1.5.0/.xml/specs_cloudi_service_timers.xml"
Creating index.html ...
Creating erldocs_index.js ...
Woot, finished in 0 Minutes 0 Seconds
 :: Discovering other repos
$ 5000  `rm -r '/home/pete/wefwefwef/docs/other/3049686682/cloudi_service_timers-tag-v1.5.0'  2>&1`
 :: Processing https://github.com/cloudi/cloudi_service_timers	{rev,branch,"master","912a045b187a5f1d6edd5bf0be572705c11d0bee",undefined,[],[]}
 :: Fetching repo code
$ cd "/home/pete/wefwefwef/docs/other/3049686682/cloudi_service_timers-branch-master/cloudi_service_timers"
$ infinity  `curl --fail --silent --show-error --location --output 'master.zip' 'https://github.com/cloudi/cloudi_service_timers/archive/master.zip'  2>&1`
$ cd "/home/pete/wefwefwef/docs/erldocs_other.git"
$ cd "/home/pete/wefwefwef/docs/other/3049686682/cloudi_service_timers-branch-master/cloudi_service_timers"
$ 5000  `find -P . -type l -delete  2>&1`
$ cd "/home/pete/wefwefwef/docs/erldocs_other.git"
$ cd "/home/pete/wefwefwef/docs/other/3049686682/cloudi_service_timers-branch-master/cloudi_service_timers"
$ 5000  `find 'cloudi_service_timers-master' -mindepth 1 -maxdepth 1 -exec mv -t . -- {} +  2>&1`
$ cd "/home/pete/wefwefwef/docs/erldocs_other.git"
 :: Getting dependencies
$ cd "/home/pete/wefwefwef/docs/other/3049686682/cloudi_service_timers-branch-master/cloudi_service_timers"
$ infinity  `rebar --config '/home/pete/wefwefwef/docs/other/3049686682/cloudi_service_timers-branch-master/rebar_deps' get-deps  2>&1`
$ cd "/home/pete/wefwefwef/docs/erldocs_other.git"
$ cd "/home/pete/wefwefwef/docs/other/3049686682/cloudi_service_timers-branch-master/cloudi_service_timers"
$ 5000  `find -P . -type l -delete  2>&1`
$ cd "/home/pete/wefwefwef/docs/erldocs_other.git"
$ cd "/home/pete/wefwefwef/docs/other/3049686682/cloudi_service_timers-branch-master/cloudi_service_timers"
$ 5000  `ls -1 deps/  2>&1`
$ cd "/home/pete/wefwefwef/docs/erldocs_other.git"
>>> [rebar] deps = ["cloudi_core","cpg","dynamic_compile","erlang_term",
                    "erlcloud","jsx","key2value","keys1value","lhttpc","meck",
                    "nodefinder","pqueue","quickrand","reltool_util","syslog",
                    "trie","uuid"]
 :: Generating erldocs into /home/pete/wefwefwef/docs/other/3049686682/repo/master
Building cloudi_service_timers
Generating Type Specs - "/home/pete/wefwefwef/docs/other/3049686682/cloudi_service_timers-branch-master/cloudi_service_timers/src/cloudi_service_timers.erl"
Generating XML for application cloudi_service_timers "/home/pete/wefwefwef/docs/other/3049686682/cloudi_service_timers-branch-master/cloudi_service_timers" -> "/home/pete/wefwefwef/docs/other/3049686682/repo/master/.xml/cloudi_service_timers"
Generated cloudi_service_timers XMLs: ["/home/pete/wefwefwef/docs/other/3049686682/repo/master/.xml/cloudi_service_timers/cloudi_service_timers.xml"]
Generating HTML - cloudi_service_timers "/home/pete/wefwefwef/docs/other/3049686682/repo/master/.xml/cloudi_service_timers/cloudi_service_timers.xml"
Reading XML for "/home/pete/wefwefwef/docs/other/3049686682/repo/master/.xml/cloudi_service_timers/cloudi_service_timers.xml"
Reading XML for "/home/pete/wefwefwef/docs/other/3049686682/repo/master/.xml/specs_cloudi_service_timers.xml"
Creating index.html ...
Creating erldocs_index.js ...
Woot, finished in 0 Minutes 0 Seconds
 :: Discovering other repos
$ 5000  `rm -r '/home/pete/wefwefwef/docs/other/3049686682/cloudi_service_timers-branch-master'  2>&1`
 :: Finishing up
$ 5000  `rm -r '/home/pete/wefwefwef/docs/other/3049686682/cloudi_service_timers'  2>&1`
