 :: Extracting meta information
$ 5000  `git ls-remote --heads --tags 'https://github.com/basho/eleveldb'  2>&1`
>>> [repo] 107 branches, 36 tags
 :: Writing meta to "/home/pete/wefwefwef/docs/other/6586272258/meta.txt"
 :: Processing https://github.com/basho/eleveldb	{rev,tag,"1.0","97609f4a380a44518b904da925c15a02a4d028f3"}
 :: Fetching repo code
$ cd "/home/pete/wefwefwef/docs/other/6586272258/eleveldb-tag-1.0/eleveldb"
$ infinity  `curl --fail --silent --show-error --location --output '1.0.zip' 'https://github.com/basho/eleveldb/archive/1.0.zip'  2>&1`
$ cd "/home/pete/wefwefwef/docs/erldocs_other.git"
$ cd "/home/pete/wefwefwef/docs/other/6586272258/eleveldb-tag-1.0/eleveldb"
$ 5000  `find -P . -type l -delete  2>&1`
$ cd "/home/pete/wefwefwef/docs/erldocs_other.git"
$ cd "/home/pete/wefwefwef/docs/other/6586272258/eleveldb-tag-1.0/eleveldb"
$ 5000  `find 'eleveldb-1.0' -mindepth 1 -maxdepth 1 -exec mv -t . -- {} +  2>&1`
$ cd "/home/pete/wefwefwef/docs/erldocs_other.git"
 :: Getting dependencies
$ cd "/home/pete/wefwefwef/docs/other/6586272258/eleveldb-tag-1.0/eleveldb"
$ 5000  `ls -1 deps/  2>&1`
$ cd "/home/pete/wefwefwef/docs/erldocs_other.git"
>>> [rebar] deps = []
 :: Generating erldocs into /home/pete/wefwefwef/docs/other/6586272258/repo/1.0
Building eleveldb
Generating Type Specs - "/home/pete/wefwefwef/docs/other/6586272258/eleveldb-tag-1.0/eleveldb/src/eleveldb.erl"
Generating XML for application eleveldb "/home/pete/wefwefwef/docs/other/6586272258/eleveldb-tag-1.0/eleveldb" -> "/home/pete/wefwefwef/docs/other/6586272258/repo/1.0/.xml/eleveldb"
Generated eleveldb XMLs: ["/home/pete/wefwefwef/docs/other/6586272258/repo/1.0/.xml/eleveldb/eleveldb.xml"]
Generating HTML - eleveldb "/home/pete/wefwefwef/docs/other/6586272258/repo/1.0/.xml/eleveldb/eleveldb.xml"
Reading XML for "/home/pete/wefwefwef/docs/other/6586272258/repo/1.0/.xml/eleveldb/eleveldb.xml"
Reading XML for "/home/pete/wefwefwef/docs/other/6586272258/repo/1.0/.xml/specs_eleveldb.xml"
Creating index.html ...
Creating erldocs_index.js ...
Woot, finished in 0 Minutes 0 Seconds
 :: Discovering other repos
$ 5000  `rm -r '/home/pete/wefwefwef/docs/other/6586272258/eleveldb-tag-1.0'  2>&1`
 :: Processing https://github.com/basho/eleveldb	{rev,tag,"1.0.0","97609f4a380a44518b904da925c15a02a4d028f3"}
 :: Fetching repo code
$ cd "/home/pete/wefwefwef/docs/other/6586272258/eleveldb-tag-1.0.0/eleveldb"
$ infinity  `curl --fail --silent --show-error --location --output '1.0.0.zip' 'https://github.com/basho/eleveldb/archive/1.0.0.zip'  2>&1`
$ cd "/home/pete/wefwefwef/docs/erldocs_other.git"
$ cd "/home/pete/wefwefwef/docs/other/6586272258/eleveldb-tag-1.0.0/eleveldb"
$ 5000  `find -P . -type l -delete  2>&1`
$ cd "/home/pete/wefwefwef/docs/erldocs_other.git"
$ cd "/home/pete/wefwefwef/docs/other/6586272258/eleveldb-tag-1.0.0/eleveldb"
$ 5000  `find 'eleveldb-1.0.0' -mindepth 1 -maxdepth 1 -exec mv -t . -- {} +  2>&1`
$ cd "/home/pete/wefwefwef/docs/erldocs_other.git"
 :: Getting dependencies
$ cd "/home/pete/wefwefwef/docs/other/6586272258/eleveldb-tag-1.0.0/eleveldb"
$ 5000  `ls -1 deps/  2>&1`
$ cd "/home/pete/wefwefwef/docs/erldocs_other.git"
>>> [rebar] deps = []
 :: Generating erldocs into /home/pete/wefwefwef/docs/other/6586272258/repo/1.0.0
Building eleveldb
Generating Type Specs - "/home/pete/wefwefwef/docs/other/6586272258/eleveldb-tag-1.0.0/eleveldb/src/eleveldb.erl"
Generating XML for application eleveldb "/home/pete/wefwefwef/docs/other/6586272258/eleveldb-tag-1.0.0/eleveldb" -> "/home/pete/wefwefwef/docs/other/6586272258/repo/1.0.0/.xml/eleveldb"
Generated eleveldb XMLs: ["/home/pete/wefwefwef/docs/other/6586272258/repo/1.0.0/.xml/eleveldb/eleveldb.xml"]
Generating HTML - eleveldb "/home/pete/wefwefwef/docs/other/6586272258/repo/1.0.0/.xml/eleveldb/eleveldb.xml"
Reading XML for "/home/pete/wefwefwef/docs/other/6586272258/repo/1.0.0/.xml/eleveldb/eleveldb.xml"
Reading XML for "/home/pete/wefwefwef/docs/other/6586272258/repo/1.0.0/.xml/specs_eleveldb.xml"
Creating index.html ...
Creating erldocs_index.js ...
Woot, finished in 0 Minutes 0 Seconds
 :: Discovering other repos
$ 5000  `rm -r '/home/pete/wefwefwef/docs/other/6586272258/eleveldb-tag-1.0.0'  2>&1`
 :: Processing https://github.com/basho/eleveldb	{rev,tag,"1.0.1","eb2342b595b348df42bd18f52d635bd8a0edd7d2"}
 :: Fetching repo code
$ cd "/home/pete/wefwefwef/docs/other/6586272258/eleveldb-tag-1.0.1/eleveldb"
$ infinity  `curl --fail --silent --show-error --location --output '1.0.1.zip' 'https://github.com/basho/eleveldb/archive/1.0.1.zip'  2>&1`
$ cd "/home/pete/wefwefwef/docs/erldocs_other.git"
$ cd "/home/pete/wefwefwef/docs/other/6586272258/eleveldb-tag-1.0.1/eleveldb"
$ 5000  `find -P . -type l -delete  2>&1`
$ cd "/home/pete/wefwefwef/docs/erldocs_other.git"
$ cd "/home/pete/wefwefwef/docs/other/6586272258/eleveldb-tag-1.0.1/eleveldb"
$ 5000  `find 'eleveldb-1.0.1' -mindepth 1 -maxdepth 1 -exec mv -t . -- {} +  2>&1`
$ cd "/home/pete/wefwefwef/docs/erldocs_other.git"
 :: Getting dependencies
$ cd "/home/pete/wefwefwef/docs/other/6586272258/eleveldb-tag-1.0.1/eleveldb"
$ 5000  `ls -1 deps/  2>&1`
$ cd "/home/pete/wefwefwef/docs/erldocs_other.git"
>>> [rebar] deps = []
 :: Generating erldocs into /home/pete/wefwefwef/docs/other/6586272258/repo/1.0.1
Building eleveldb
Generating Type Specs - "/home/pete/wefwefwef/docs/other/6586272258/eleveldb-tag-1.0.1/eleveldb/src/eleveldb.erl"
Generating XML for application eleveldb "/home/pete/wefwefwef/docs/other/6586272258/eleveldb-tag-1.0.1/eleveldb" -> "/home/pete/wefwefwef/docs/other/6586272258/repo/1.0.1/.xml/eleveldb"
Generated eleveldb XMLs: ["/home/pete/wefwefwef/docs/other/6586272258/repo/1.0.1/.xml/eleveldb/eleveldb.xml"]
Generating HTML - eleveldb "/home/pete/wefwefwef/docs/other/6586272258/repo/1.0.1/.xml/eleveldb/eleveldb.xml"
Reading XML for "/home/pete/wefwefwef/docs/other/6586272258/repo/1.0.1/.xml/eleveldb/eleveldb.xml"
Reading XML for "/home/pete/wefwefwef/docs/other/6586272258/repo/1.0.1/.xml/specs_eleveldb.xml"
Creating index.html ...
Creating erldocs_index.js ...
Woot, finished in 0 Minutes 0 Seconds
 :: Discovering other repos
$ 5000  `rm -r '/home/pete/wefwefwef/docs/other/6586272258/eleveldb-tag-1.0.1'  2>&1`
 :: Processing https://github.com/basho/eleveldb	{rev,tag,"1.1.0","779075133dbf3f47ee2c462c87759f046008e61a"}
 :: Fetching repo code
$ cd "/home/pete/wefwefwef/docs/other/6586272258/eleveldb-tag-1.1.0/eleveldb"
$ infinity  `curl --fail --silent --show-error --location --output '1.1.0.zip' 'https://github.com/basho/eleveldb/archive/1.1.0.zip'  2>&1`
$ cd "/home/pete/wefwefwef/docs/erldocs_other.git"
$ cd "/home/pete/wefwefwef/docs/other/6586272258/eleveldb-tag-1.1.0/eleveldb"
$ 5000  `find -P . -type l -delete  2>&1`
$ cd "/home/pete/wefwefwef/docs/erldocs_other.git"
$ cd "/home/pete/wefwefwef/docs/other/6586272258/eleveldb-tag-1.1.0/eleveldb"
$ 5000  `find 'eleveldb-1.1.0' -mindepth 1 -maxdepth 1 -exec mv -t . -- {} +  2>&1`
$ cd "/home/pete/wefwefwef/docs/erldocs_other.git"
 :: Getting dependencies
$ cd "/home/pete/wefwefwef/docs/other/6586272258/eleveldb-tag-1.1.0/eleveldb"
$ 5000  `ls -1 deps/  2>&1`
$ cd "/home/pete/wefwefwef/docs/erldocs_other.git"
>>> [rebar] deps = []
 :: Generating erldocs into /home/pete/wefwefwef/docs/other/6586272258/repo/1.1.0
Building eleveldb
Generating Type Specs - "/home/pete/wefwefwef/docs/other/6586272258/eleveldb-tag-1.1.0/eleveldb/src/eleveldb.erl"
Generating XML for application eleveldb "/home/pete/wefwefwef/docs/other/6586272258/eleveldb-tag-1.1.0/eleveldb" -> "/home/pete/wefwefwef/docs/other/6586272258/repo/1.1.0/.xml/eleveldb"
Generated eleveldb XMLs: ["/home/pete/wefwefwef/docs/other/6586272258/repo/1.1.0/.xml/eleveldb/eleveldb.xml"]
Generating HTML - eleveldb "/home/pete/wefwefwef/docs/other/6586272258/repo/1.1.0/.xml/eleveldb/eleveldb.xml"
Reading XML for "/home/pete/wefwefwef/docs/other/6586272258/repo/1.1.0/.xml/eleveldb/eleveldb.xml"
Reading XML for "/home/pete/wefwefwef/docs/other/6586272258/repo/1.1.0/.xml/specs_eleveldb.xml"
Creating index.html ...
Creating erldocs_index.js ...
Woot, finished in 0 Minutes 0 Seconds
 :: Discovering other repos
$ 5000  `rm -r '/home/pete/wefwefwef/docs/other/6586272258/eleveldb-tag-1.1.0'  2>&1`
 :: Processing https://github.com/basho/eleveldb	{rev,tag,"1.1.1","7e2a5aae5f788959bb85e6ebe341e1c44b12bddf"}
 :: Fetching repo code
$ cd "/home/pete/wefwefwef/docs/other/6586272258/eleveldb-tag-1.1.1/eleveldb"
$ infinity  `curl --fail --silent --show-error --location --output '1.1.1.zip' 'https://github.com/basho/eleveldb/archive/1.1.1.zip'  2>&1`
$ cd "/home/pete/wefwefwef/docs/erldocs_other.git"
$ cd "/home/pete/wefwefwef/docs/other/6586272258/eleveldb-tag-1.1.1/eleveldb"
$ 5000  `find -P . -type l -delete  2>&1`
$ cd "/home/pete/wefwefwef/docs/erldocs_other.git"
$ cd "/home/pete/wefwefwef/docs/other/6586272258/eleveldb-tag-1.1.1/eleveldb"
$ 5000  `find 'eleveldb-1.1.1' -mindepth 1 -maxdepth 1 -exec mv -t . -- {} +  2>&1`
$ cd "/home/pete/wefwefwef/docs/erldocs_other.git"
 :: Getting dependencies
$ cd "/home/pete/wefwefwef/docs/other/6586272258/eleveldb-tag-1.1.1/eleveldb"
$ 5000  `ls -1 deps/  2>&1`
$ cd "/home/pete/wefwefwef/docs/erldocs_other.git"
>>> [rebar] deps = []
 :: Generating erldocs into /home/pete/wefwefwef/docs/other/6586272258/repo/1.1.1
Building eleveldb
Generating Type Specs - "/home/pete/wefwefwef/docs/other/6586272258/eleveldb-tag-1.1.1/eleveldb/src/eleveldb.erl"
Generating XML for application eleveldb "/home/pete/wefwefwef/docs/other/6586272258/eleveldb-tag-1.1.1/eleveldb" -> "/home/pete/wefwefwef/docs/other/6586272258/repo/1.1.1/.xml/eleveldb"
Generated eleveldb XMLs: ["/home/pete/wefwefwef/docs/other/6586272258/repo/1.1.1/.xml/eleveldb/eleveldb.xml"]
Generating HTML - eleveldb "/home/pete/wefwefwef/docs/other/6586272258/repo/1.1.1/.xml/eleveldb/eleveldb.xml"
Reading XML for "/home/pete/wefwefwef/docs/other/6586272258/repo/1.1.1/.xml/eleveldb/eleveldb.xml"
Reading XML for "/home/pete/wefwefwef/docs/other/6586272258/repo/1.1.1/.xml/specs_eleveldb.xml"
Creating index.html ...
Creating erldocs_index.js ...
Woot, finished in 0 Minutes 0 Seconds
 :: Discovering other repos
$ 5000  `rm -r '/home/pete/wefwefwef/docs/other/6586272258/eleveldb-tag-1.1.1'  2>&1`
 :: Processing https://github.com/basho/eleveldb	{rev,tag,"1.2.0","a3e994bfeb5846e4b7225c6e6d040984126b83ba"}
 :: Fetching repo code
$ cd "/home/pete/wefwefwef/docs/other/6586272258/eleveldb-tag-1.2.0/eleveldb"
$ infinity  `curl --fail --silent --show-error --location --output '1.2.0.zip' 'https://github.com/basho/eleveldb/archive/1.2.0.zip'  2>&1`
$ cd "/home/pete/wefwefwef/docs/erldocs_other.git"
$ cd "/home/pete/wefwefwef/docs/other/6586272258/eleveldb-tag-1.2.0/eleveldb"
$ 5000  `find -P . -type l -delete  2>&1`
$ cd "/home/pete/wefwefwef/docs/erldocs_other.git"
$ cd "/home/pete/wefwefwef/docs/other/6586272258/eleveldb-tag-1.2.0/eleveldb"
$ 5000  `find 'eleveldb-1.2.0' -mindepth 1 -maxdepth 1 -exec mv -t . -- {} +  2>&1`
$ cd "/home/pete/wefwefwef/docs/erldocs_other.git"
 :: Getting dependencies
$ cd "/home/pete/wefwefwef/docs/other/6586272258/eleveldb-tag-1.2.0/eleveldb"
$ 5000  `ls -1 deps/  2>&1`
$ cd "/home/pete/wefwefwef/docs/erldocs_other.git"
>>> [rebar] deps = []
 :: Generating erldocs into /home/pete/wefwefwef/docs/other/6586272258/repo/1.2.0
Building eleveldb
Generating Type Specs - "/home/pete/wefwefwef/docs/other/6586272258/eleveldb-tag-1.2.0/eleveldb/src/eleveldb.erl"
Generating XML for application eleveldb "/home/pete/wefwefwef/docs/other/6586272258/eleveldb-tag-1.2.0/eleveldb" -> "/home/pete/wefwefwef/docs/other/6586272258/repo/1.2.0/.xml/eleveldb"
Generated eleveldb XMLs: ["/home/pete/wefwefwef/docs/other/6586272258/repo/1.2.0/.xml/eleveldb/eleveldb.xml"]
Generating HTML - eleveldb "/home/pete/wefwefwef/docs/other/6586272258/repo/1.2.0/.xml/eleveldb/eleveldb.xml"
Reading XML for "/home/pete/wefwefwef/docs/other/6586272258/repo/1.2.0/.xml/eleveldb/eleveldb.xml"
Reading XML for "/home/pete/wefwefwef/docs/other/6586272258/repo/1.2.0/.xml/specs_eleveldb.xml"
Creating index.html ...
Creating erldocs_index.js ...
Woot, finished in 0 Minutes 0 Seconds
 :: Discovering other repos
$ 5000  `rm -r '/home/pete/wefwefwef/docs/other/6586272258/eleveldb-tag-1.2.0'  2>&1`
 :: Processing https://github.com/basho/eleveldb	{rev,tag,"1.2.1","cb53c481886dc334730e15759cdfcb51d355ba78"}
 :: Fetching repo code
$ cd "/home/pete/wefwefwef/docs/other/6586272258/eleveldb-tag-1.2.1/eleveldb"
$ infinity  `curl --fail --silent --show-error --location --output '1.2.1.zip' 'https://github.com/basho/eleveldb/archive/1.2.1.zip'  2>&1`
$ cd "/home/pete/wefwefwef/docs/erldocs_other.git"
$ cd "/home/pete/wefwefwef/docs/other/6586272258/eleveldb-tag-1.2.1/eleveldb"
$ 5000  `find -P . -type l -delete  2>&1`
$ cd "/home/pete/wefwefwef/docs/erldocs_other.git"
$ cd "/home/pete/wefwefwef/docs/other/6586272258/eleveldb-tag-1.2.1/eleveldb"
$ 5000  `find 'eleveldb-1.2.1' -mindepth 1 -maxdepth 1 -exec mv -t . -- {} +  2>&1`
$ cd "/home/pete/wefwefwef/docs/erldocs_other.git"
 :: Getting dependencies
$ cd "/home/pete/wefwefwef/docs/other/6586272258/eleveldb-tag-1.2.1/eleveldb"
$ 5000  `ls -1 deps/  2>&1`
$ cd "/home/pete/wefwefwef/docs/erldocs_other.git"
>>> [rebar] deps = []
 :: Generating erldocs into /home/pete/wefwefwef/docs/other/6586272258/repo/1.2.1
Building eleveldb
Generating Type Specs - "/home/pete/wefwefwef/docs/other/6586272258/eleveldb-tag-1.2.1/eleveldb/src/eleveldb.erl"
Generating XML for application eleveldb "/home/pete/wefwefwef/docs/other/6586272258/eleveldb-tag-1.2.1/eleveldb" -> "/home/pete/wefwefwef/docs/other/6586272258/repo/1.2.1/.xml/eleveldb"
Generated eleveldb XMLs: ["/home/pete/wefwefwef/docs/other/6586272258/repo/1.2.1/.xml/eleveldb/eleveldb.xml"]
Generating HTML - eleveldb "/home/pete/wefwefwef/docs/other/6586272258/repo/1.2.1/.xml/eleveldb/eleveldb.xml"
Reading XML for "/home/pete/wefwefwef/docs/other/6586272258/repo/1.2.1/.xml/eleveldb/eleveldb.xml"
Reading XML for "/home/pete/wefwefwef/docs/other/6586272258/repo/1.2.1/.xml/specs_eleveldb.xml"
Creating index.html ...
Creating erldocs_index.js ...
Woot, finished in 0 Minutes 0 Seconds
 :: Discovering other repos
$ 5000  `rm -r '/home/pete/wefwefwef/docs/other/6586272258/eleveldb-tag-1.2.1'  2>&1`
 :: Processing https://github.com/basho/eleveldb	{rev,tag,"1.2.2","1b996fb0ca7e62466f6e22e6b25582d23476f4d0"}
 :: Fetching repo code
$ cd "/home/pete/wefwefwef/docs/other/6586272258/eleveldb-tag-1.2.2/eleveldb"
$ infinity  `curl --fail --silent --show-error --location --output '1.2.2.zip' 'https://github.com/basho/eleveldb/archive/1.2.2.zip'  2>&1`
$ cd "/home/pete/wefwefwef/docs/erldocs_other.git"
$ cd "/home/pete/wefwefwef/docs/other/6586272258/eleveldb-tag-1.2.2/eleveldb"
$ 5000  `find -P . -type l -delete  2>&1`
$ cd "/home/pete/wefwefwef/docs/erldocs_other.git"
$ cd "/home/pete/wefwefwef/docs/other/6586272258/eleveldb-tag-1.2.2/eleveldb"
$ 5000  `find 'eleveldb-1.2.2' -mindepth 1 -maxdepth 1 -exec mv -t . -- {} +  2>&1`
$ cd "/home/pete/wefwefwef/docs/erldocs_other.git"
 :: Getting dependencies
$ cd "/home/pete/wefwefwef/docs/other/6586272258/eleveldb-tag-1.2.2/eleveldb"
$ 5000  `ls -1 deps/  2>&1`
$ cd "/home/pete/wefwefwef/docs/erldocs_other.git"
>>> [rebar] deps = []
 :: Generating erldocs into /home/pete/wefwefwef/docs/other/6586272258/repo/1.2.2
Building eleveldb
Generating Type Specs - "/home/pete/wefwefwef/docs/other/6586272258/eleveldb-tag-1.2.2/eleveldb/src/eleveldb.erl"
Generating XML for application eleveldb "/home/pete/wefwefwef/docs/other/6586272258/eleveldb-tag-1.2.2/eleveldb" -> "/home/pete/wefwefwef/docs/other/6586272258/repo/1.2.2/.xml/eleveldb"
Generated eleveldb XMLs: ["/home/pete/wefwefwef/docs/other/6586272258/repo/1.2.2/.xml/eleveldb/eleveldb.xml"]
Generating HTML - eleveldb "/home/pete/wefwefwef/docs/other/6586272258/repo/1.2.2/.xml/eleveldb/eleveldb.xml"
Reading XML for "/home/pete/wefwefwef/docs/other/6586272258/repo/1.2.2/.xml/eleveldb/eleveldb.xml"
Reading XML for "/home/pete/wefwefwef/docs/other/6586272258/repo/1.2.2/.xml/specs_eleveldb.xml"
Creating index.html ...
Creating erldocs_index.js ...
Woot, finished in 0 Minutes 0 Seconds
 :: Discovering other repos
$ 5000  `rm -r '/home/pete/wefwefwef/docs/other/6586272258/eleveldb-tag-1.2.2'  2>&1`
 :: Processing https://github.com/basho/eleveldb	{rev,tag,"1.2.2anya","d761ef5bef6dd386eec4026869f3d080ca70aab3"}
 :: Fetching repo code
$ cd "/home/pete/wefwefwef/docs/other/6586272258/eleveldb-tag-1.2.2anya/eleveldb"
$ infinity  `curl --fail --silent --show-error --location --output '1.2.2anya.zip' 'https://github.com/basho/eleveldb/archive/1.2.2anya.zip'  2>&1`
$ cd "/home/pete/wefwefwef/docs/erldocs_other.git"
$ cd "/home/pete/wefwefwef/docs/other/6586272258/eleveldb-tag-1.2.2anya/eleveldb"
$ 5000  `find -P . -type l -delete  2>&1`
$ cd "/home/pete/wefwefwef/docs/erldocs_other.git"
$ cd "/home/pete/wefwefwef/docs/other/6586272258/eleveldb-tag-1.2.2anya/eleveldb"
$ 5000  `find 'eleveldb-1.2.2anya' -mindepth 1 -maxdepth 1 -exec mv -t . -- {} +  2>&1`
$ cd "/home/pete/wefwefwef/docs/erldocs_other.git"
 :: Getting dependencies
$ cd "/home/pete/wefwefwef/docs/other/6586272258/eleveldb-tag-1.2.2anya/eleveldb"
$ 5000  `ls -1 deps/  2>&1`
$ cd "/home/pete/wefwefwef/docs/erldocs_other.git"
>>> [rebar] deps = []
 :: Generating erldocs into /home/pete/wefwefwef/docs/other/6586272258/repo/1.2.2anya
Building eleveldb
Generating Type Specs - "/home/pete/wefwefwef/docs/other/6586272258/eleveldb-tag-1.2.2anya/eleveldb/src/eleveldb.erl"
Generating XML for application eleveldb "/home/pete/wefwefwef/docs/other/6586272258/eleveldb-tag-1.2.2anya/eleveldb" -> "/home/pete/wefwefwef/docs/other/6586272258/repo/1.2.2anya/.xml/eleveldb"
Generated eleveldb XMLs: ["/home/pete/wefwefwef/docs/other/6586272258/repo/1.2.2anya/.xml/eleveldb/eleveldb.xml"]
Generating HTML - eleveldb "/home/pete/wefwefwef/docs/other/6586272258/repo/1.2.2anya/.xml/eleveldb/eleveldb.xml"
Reading XML for "/home/pete/wefwefwef/docs/other/6586272258/repo/1.2.2anya/.xml/eleveldb/eleveldb.xml"
Reading XML for "/home/pete/wefwefwef/docs/other/6586272258/repo/1.2.2anya/.xml/specs_eleveldb.xml"
Creating index.html ...
Creating erldocs_index.js ...
Woot, finished in 0 Minutes 0 Seconds
 :: Discovering other repos
$ 5000  `rm -r '/home/pete/wefwefwef/docs/other/6586272258/eleveldb-tag-1.2.2anya'  2>&1`
 :: Processing https://github.com/basho/eleveldb	{rev,tag,"1.2.2anya2","162247df7aec34a5948f13f70a1fd81405d135fd"}
 :: Fetching repo code
$ cd "/home/pete/wefwefwef/docs/other/6586272258/eleveldb-tag-1.2.2anya2/eleveldb"
$ infinity  `curl --fail --silent --show-error --location --output '1.2.2anya2.zip' 'https://github.com/basho/eleveldb/archive/1.2.2anya2.zip'  2>&1`
$ cd "/home/pete/wefwefwef/docs/erldocs_other.git"
$ cd "/home/pete/wefwefwef/docs/other/6586272258/eleveldb-tag-1.2.2anya2/eleveldb"
$ 5000  `find -P . -type l -delete  2>&1`
$ cd "/home/pete/wefwefwef/docs/erldocs_other.git"
$ cd "/home/pete/wefwefwef/docs/other/6586272258/eleveldb-tag-1.2.2anya2/eleveldb"
$ 5000  `find 'eleveldb-1.2.2anya2' -mindepth 1 -maxdepth 1 -exec mv -t . -- {} +  2>&1`
$ cd "/home/pete/wefwefwef/docs/erldocs_other.git"
 :: Getting dependencies
$ cd "/home/pete/wefwefwef/docs/other/6586272258/eleveldb-tag-1.2.2anya2/eleveldb"
$ 5000  `ls -1 deps/  2>&1`
$ cd "/home/pete/wefwefwef/docs/erldocs_other.git"
>>> [rebar] deps = []
 :: Generating erldocs into /home/pete/wefwefwef/docs/other/6586272258/repo/1.2.2anya2
Building eleveldb
Generating Type Specs - "/home/pete/wefwefwef/docs/other/6586272258/eleveldb-tag-1.2.2anya2/eleveldb/src/eleveldb.erl"
Generating XML for application eleveldb "/home/pete/wefwefwef/docs/other/6586272258/eleveldb-tag-1.2.2anya2/eleveldb" -> "/home/pete/wefwefwef/docs/other/6586272258/repo/1.2.2anya2/.xml/eleveldb"
Generated eleveldb XMLs: ["/home/pete/wefwefwef/docs/other/6586272258/repo/1.2.2anya2/.xml/eleveldb/eleveldb.xml"]
Generating HTML - eleveldb "/home/pete/wefwefwef/docs/other/6586272258/repo/1.2.2anya2/.xml/eleveldb/eleveldb.xml"
Reading XML for "/home/pete/wefwefwef/docs/other/6586272258/repo/1.2.2anya2/.xml/eleveldb/eleveldb.xml"
Reading XML for "/home/pete/wefwefwef/docs/other/6586272258/repo/1.2.2anya2/.xml/specs_eleveldb.xml"
Creating index.html ...
Creating erldocs_index.js ...
Woot, finished in 0 Minutes 0 Seconds
 :: Discovering other repos
$ 5000  `rm -r '/home/pete/wefwefwef/docs/other/6586272258/eleveldb-tag-1.2.2anya2'  2>&1`
 :: Processing https://github.com/basho/eleveldb	{rev,tag,"1.2.2anya3","4ebf8170f328fcd83ce1e2de23773fab55306a57"}
 :: Fetching repo code
$ cd "/home/pete/wefwefwef/docs/other/6586272258/eleveldb-tag-1.2.2anya3/eleveldb"
$ infinity  `curl --fail --silent --show-error --location --output '1.2.2anya3.zip' 'https://github.com/basho/eleveldb/archive/1.2.2anya3.zip'  2>&1`
$ cd "/home/pete/wefwefwef/docs/erldocs_other.git"
$ cd "/home/pete/wefwefwef/docs/other/6586272258/eleveldb-tag-1.2.2anya3/eleveldb"
$ 5000  `find -P . -type l -delete  2>&1`
$ cd "/home/pete/wefwefwef/docs/erldocs_other.git"
$ cd "/home/pete/wefwefwef/docs/other/6586272258/eleveldb-tag-1.2.2anya3/eleveldb"
$ 5000  `find 'eleveldb-1.2.2anya3' -mindepth 1 -maxdepth 1 -exec mv -t . -- {} +  2>&1`
$ cd "/home/pete/wefwefwef/docs/erldocs_other.git"
 :: Getting dependencies
$ cd "/home/pete/wefwefwef/docs/other/6586272258/eleveldb-tag-1.2.2anya3/eleveldb"
$ 5000  `ls -1 deps/  2>&1`
$ cd "/home/pete/wefwefwef/docs/erldocs_other.git"
>>> [rebar] deps = []
 :: Generating erldocs into /home/pete/wefwefwef/docs/other/6586272258/repo/1.2.2anya3
Building eleveldb
Generating Type Specs - "/home/pete/wefwefwef/docs/other/6586272258/eleveldb-tag-1.2.2anya3/eleveldb/src/eleveldb.erl"
Generating XML for application eleveldb "/home/pete/wefwefwef/docs/other/6586272258/eleveldb-tag-1.2.2anya3/eleveldb" -> "/home/pete/wefwefwef/docs/other/6586272258/repo/1.2.2anya3/.xml/eleveldb"
Generated eleveldb XMLs: ["/home/pete/wefwefwef/docs/other/6586272258/repo/1.2.2anya3/.xml/eleveldb/eleveldb.xml"]
Generating HTML - eleveldb "/home/pete/wefwefwef/docs/other/6586272258/repo/1.2.2anya3/.xml/eleveldb/eleveldb.xml"
Reading XML for "/home/pete/wefwefwef/docs/other/6586272258/repo/1.2.2anya3/.xml/eleveldb/eleveldb.xml"
Reading XML for "/home/pete/wefwefwef/docs/other/6586272258/repo/1.2.2anya3/.xml/specs_eleveldb.xml"
Creating index.html ...
Creating erldocs_index.js ...
Woot, finished in 0 Minutes 0 Seconds
 :: Discovering other repos
$ 5000  `rm -r '/home/pete/wefwefwef/docs/other/6586272258/eleveldb-tag-1.2.2anya3'  2>&1`
 :: Processing https://github.com/basho/eleveldb	{rev,tag,"1.2.2p2","15e41b66b6b7d91109e4ac126f27bdd5389c5079"}
 :: Fetching repo code
$ cd "/home/pete/wefwefwef/docs/other/6586272258/eleveldb-tag-1.2.2p2/eleveldb"
$ infinity  `curl --fail --silent --show-error --location --output '1.2.2p2.zip' 'https://github.com/basho/eleveldb/archive/1.2.2p2.zip'  2>&1`
$ cd "/home/pete/wefwefwef/docs/erldocs_other.git"
$ cd "/home/pete/wefwefwef/docs/other/6586272258/eleveldb-tag-1.2.2p2/eleveldb"
$ 5000  `find -P . -type l -delete  2>&1`
$ cd "/home/pete/wefwefwef/docs/erldocs_other.git"
$ cd "/home/pete/wefwefwef/docs/other/6586272258/eleveldb-tag-1.2.2p2/eleveldb"
$ 5000  `find 'eleveldb-1.2.2p2' -mindepth 1 -maxdepth 1 -exec mv -t . -- {} +  2>&1`
$ cd "/home/pete/wefwefwef/docs/erldocs_other.git"
 :: Getting dependencies
$ cd "/home/pete/wefwefwef/docs/other/6586272258/eleveldb-tag-1.2.2p2/eleveldb"
$ 5000  `ls -1 deps/  2>&1`
$ cd "/home/pete/wefwefwef/docs/erldocs_other.git"
>>> [rebar] deps = []
 :: Generating erldocs into /home/pete/wefwefwef/docs/other/6586272258/repo/1.2.2p2
Building eleveldb
Generating Type Specs - "/home/pete/wefwefwef/docs/other/6586272258/eleveldb-tag-1.2.2p2/eleveldb/src/eleveldb.erl"
Generating XML for application eleveldb "/home/pete/wefwefwef/docs/other/6586272258/eleveldb-tag-1.2.2p2/eleveldb" -> "/home/pete/wefwefwef/docs/other/6586272258/repo/1.2.2p2/.xml/eleveldb"
Generated eleveldb XMLs: ["/home/pete/wefwefwef/docs/other/6586272258/repo/1.2.2p2/.xml/eleveldb/eleveldb.xml"]
Generating HTML - eleveldb "/home/pete/wefwefwef/docs/other/6586272258/repo/1.2.2p2/.xml/eleveldb/eleveldb.xml"
Reading XML for "/home/pete/wefwefwef/docs/other/6586272258/repo/1.2.2p2/.xml/eleveldb/eleveldb.xml"
Reading XML for "/home/pete/wefwefwef/docs/other/6586272258/repo/1.2.2p2/.xml/specs_eleveldb.xml"
Creating index.html ...
Creating erldocs_index.js ...
Woot, finished in 0 Minutes 0 Seconds
 :: Discovering other repos
$ 5000  `rm -r '/home/pete/wefwefwef/docs/other/6586272258/eleveldb-tag-1.2.2p2'  2>&1`
 :: Processing https://github.com/basho/eleveldb	{rev,tag,"1.2.2p3","45f1bd59be7ad4dd5e7d26446090dcfbaf46ede1"}
 :: Fetching repo code
$ cd "/home/pete/wefwefwef/docs/other/6586272258/eleveldb-tag-1.2.2p3/eleveldb"
$ infinity  `curl --fail --silent --show-error --location --output '1.2.2p3.zip' 'https://github.com/basho/eleveldb/archive/1.2.2p3.zip'  2>&1`
$ cd "/home/pete/wefwefwef/docs/erldocs_other.git"
$ cd "/home/pete/wefwefwef/docs/other/6586272258/eleveldb-tag-1.2.2p3/eleveldb"
$ 5000  `find -P . -type l -delete  2>&1`
$ cd "/home/pete/wefwefwef/docs/erldocs_other.git"
$ cd "/home/pete/wefwefwef/docs/other/6586272258/eleveldb-tag-1.2.2p3/eleveldb"
$ 5000  `find 'eleveldb-1.2.2p3' -mindepth 1 -maxdepth 1 -exec mv -t . -- {} +  2>&1`
$ cd "/home/pete/wefwefwef/docs/erldocs_other.git"
 :: Getting dependencies
$ cd "/home/pete/wefwefwef/docs/other/6586272258/eleveldb-tag-1.2.2p3/eleveldb"
$ 5000  `ls -1 deps/  2>&1`
$ cd "/home/pete/wefwefwef/docs/erldocs_other.git"
>>> [rebar] deps = []
 :: Generating erldocs into /home/pete/wefwefwef/docs/other/6586272258/repo/1.2.2p3
Building eleveldb
Generating Type Specs - "/home/pete/wefwefwef/docs/other/6586272258/eleveldb-tag-1.2.2p3/eleveldb/src/eleveldb.erl"
Generating XML for application eleveldb "/home/pete/wefwefwef/docs/other/6586272258/eleveldb-tag-1.2.2p3/eleveldb" -> "/home/pete/wefwefwef/docs/other/6586272258/repo/1.2.2p3/.xml/eleveldb"
Generated eleveldb XMLs: ["/home/pete/wefwefwef/docs/other/6586272258/repo/1.2.2p3/.xml/eleveldb/eleveldb.xml"]
Generating HTML - eleveldb "/home/pete/wefwefwef/docs/other/6586272258/repo/1.2.2p3/.xml/eleveldb/eleveldb.xml"
Reading XML for "/home/pete/wefwefwef/docs/other/6586272258/repo/1.2.2p3/.xml/eleveldb/eleveldb.xml"
Reading XML for "/home/pete/wefwefwef/docs/other/6586272258/repo/1.2.2p3/.xml/specs_eleveldb.xml"
Creating index.html ...
Creating erldocs_index.js ...
Woot, finished in 0 Minutes 0 Seconds
 :: Discovering other repos
$ 5000  `rm -r '/home/pete/wefwefwef/docs/other/6586272258/eleveldb-tag-1.2.2p3'  2>&1`
 :: Processing https://github.com/basho/eleveldb	{rev,tag,"1.2.2p4","bc177cc0ac7b2fc52bc016cf334fc4bd5ab2e5c8"}
 :: Fetching repo code
$ cd "/home/pete/wefwefwef/docs/other/6586272258/eleveldb-tag-1.2.2p4/eleveldb"
$ infinity  `curl --fail --silent --show-error --location --output '1.2.2p4.zip' 'https://github.com/basho/eleveldb/archive/1.2.2p4.zip'  2>&1`
$ cd "/home/pete/wefwefwef/docs/erldocs_other.git"
$ cd "/home/pete/wefwefwef/docs/other/6586272258/eleveldb-tag-1.2.2p4/eleveldb"
$ 5000  `find -P . -type l -delete  2>&1`
$ cd "/home/pete/wefwefwef/docs/erldocs_other.git"
$ cd "/home/pete/wefwefwef/docs/other/6586272258/eleveldb-tag-1.2.2p4/eleveldb"
$ 5000  `find 'eleveldb-1.2.2p4' -mindepth 1 -maxdepth 1 -exec mv -t . -- {} +  2>&1`
$ cd "/home/pete/wefwefwef/docs/erldocs_other.git"
 :: Getting dependencies
$ cd "/home/pete/wefwefwef/docs/other/6586272258/eleveldb-tag-1.2.2p4/eleveldb"
$ 5000  `ls -1 deps/  2>&1`
$ cd "/home/pete/wefwefwef/docs/erldocs_other.git"
>>> [rebar] deps = []
 :: Generating erldocs into /home/pete/wefwefwef/docs/other/6586272258/repo/1.2.2p4
Building eleveldb
Generating Type Specs - "/home/pete/wefwefwef/docs/other/6586272258/eleveldb-tag-1.2.2p4/eleveldb/src/eleveldb.erl"
Generating XML for application eleveldb "/home/pete/wefwefwef/docs/other/6586272258/eleveldb-tag-1.2.2p4/eleveldb" -> "/home/pete/wefwefwef/docs/other/6586272258/repo/1.2.2p4/.xml/eleveldb"
Generated eleveldb XMLs: ["/home/pete/wefwefwef/docs/other/6586272258/repo/1.2.2p4/.xml/eleveldb/eleveldb.xml"]
Generating HTML - eleveldb "/home/pete/wefwefwef/docs/other/6586272258/repo/1.2.2p4/.xml/eleveldb/eleveldb.xml"
Reading XML for "/home/pete/wefwefwef/docs/other/6586272258/repo/1.2.2p4/.xml/eleveldb/eleveldb.xml"
Reading XML for "/home/pete/wefwefwef/docs/other/6586272258/repo/1.2.2p4/.xml/specs_eleveldb.xml"
Creating index.html ...
Creating erldocs_index.js ...
Woot, finished in 0 Minutes 0 Seconds
 :: Discovering other repos
$ 5000  `rm -r '/home/pete/wefwefwef/docs/other/6586272258/eleveldb-tag-1.2.2p4'  2>&1`
 :: Processing https://github.com/basho/eleveldb	{rev,tag,"1.2.2p5","d9677afe99124376ca34f6fdab962f306057a30c"}
 :: Fetching repo code
$ cd "/home/pete/wefwefwef/docs/other/6586272258/eleveldb-tag-1.2.2p5/eleveldb"
$ infinity  `curl --fail --silent --show-error --location --output '1.2.2p5.zip' 'https://github.com/basho/eleveldb/archive/1.2.2p5.zip'  2>&1`
$ cd "/home/pete/wefwefwef/docs/erldocs_other.git"
$ cd "/home/pete/wefwefwef/docs/other/6586272258/eleveldb-tag-1.2.2p5/eleveldb"
$ 5000  `find -P . -type l -delete  2>&1`
$ cd "/home/pete/wefwefwef/docs/erldocs_other.git"
$ cd "/home/pete/wefwefwef/docs/other/6586272258/eleveldb-tag-1.2.2p5/eleveldb"
$ 5000  `find 'eleveldb-1.2.2p5' -mindepth 1 -maxdepth 1 -exec mv -t . -- {} +  2>&1`
$ cd "/home/pete/wefwefwef/docs/erldocs_other.git"
 :: Getting dependencies
$ cd "/home/pete/wefwefwef/docs/other/6586272258/eleveldb-tag-1.2.2p5/eleveldb"
$ 5000  `ls -1 deps/  2>&1`
$ cd "/home/pete/wefwefwef/docs/erldocs_other.git"
>>> [rebar] deps = []
 :: Generating erldocs into /home/pete/wefwefwef/docs/other/6586272258/repo/1.2.2p5
Building eleveldb
Generating Type Specs - "/home/pete/wefwefwef/docs/other/6586272258/eleveldb-tag-1.2.2p5/eleveldb/src/eleveldb.erl"
Generating XML for application eleveldb "/home/pete/wefwefwef/docs/other/6586272258/eleveldb-tag-1.2.2p5/eleveldb" -> "/home/pete/wefwefwef/docs/other/6586272258/repo/1.2.2p5/.xml/eleveldb"
Generated eleveldb XMLs: ["/home/pete/wefwefwef/docs/other/6586272258/repo/1.2.2p5/.xml/eleveldb/eleveldb.xml"]
Generating HTML - eleveldb "/home/pete/wefwefwef/docs/other/6586272258/repo/1.2.2p5/.xml/eleveldb/eleveldb.xml"
Reading XML for "/home/pete/wefwefwef/docs/other/6586272258/repo/1.2.2p5/.xml/eleveldb/eleveldb.xml"
Reading XML for "/home/pete/wefwefwef/docs/other/6586272258/repo/1.2.2p5/.xml/specs_eleveldb.xml"
Creating index.html ...
Creating erldocs_index.js ...
Woot, finished in 0 Minutes 0 Seconds
 :: Discovering other repos
$ 5000  `rm -r '/home/pete/wefwefwef/docs/other/6586272258/eleveldb-tag-1.2.2p5'  2>&1`
 :: Processing https://github.com/basho/eleveldb	{rev,tag,"1.3.0","5ddb3765d7e9c2e1125a8a633d3117f6e8e78366"}
 :: Fetching repo code
$ cd "/home/pete/wefwefwef/docs/other/6586272258/eleveldb-tag-1.3.0/eleveldb"
$ infinity  `curl --fail --silent --show-error --location --output '1.3.0.zip' 'https://github.com/basho/eleveldb/archive/1.3.0.zip'  2>&1`
$ cd "/home/pete/wefwefwef/docs/erldocs_other.git"
$ cd "/home/pete/wefwefwef/docs/other/6586272258/eleveldb-tag-1.3.0/eleveldb"
$ 5000  `find -P . -type l -delete  2>&1`
$ cd "/home/pete/wefwefwef/docs/erldocs_other.git"
$ cd "/home/pete/wefwefwef/docs/other/6586272258/eleveldb-tag-1.3.0/eleveldb"
$ 5000  `find 'eleveldb-1.3.0' -mindepth 1 -maxdepth 1 -exec mv -t . -- {} +  2>&1`
$ cd "/home/pete/wefwefwef/docs/erldocs_other.git"
 :: Getting dependencies
$ cd "/home/pete/wefwefwef/docs/other/6586272258/eleveldb-tag-1.3.0/eleveldb"
$ 5000  `ls -1 deps/  2>&1`
$ cd "/home/pete/wefwefwef/docs/erldocs_other.git"
>>> [rebar] deps = []
 :: Generating erldocs into /home/pete/wefwefwef/docs/other/6586272258/repo/1.3.0
Building eleveldb
Generating Type Specs - "/home/pete/wefwefwef/docs/other/6586272258/eleveldb-tag-1.3.0/eleveldb/src/eleveldb.erl"
/home/pete/wefwefwef/docs/other/6586272258/eleveldb-tag-1.3.0/eleveldb/src/eleveldb.erl, function async_iterator/3: at line 157: @spec arity does not match.
EDoc could not process file '/home/pete/wefwefwef/docs/other/6586272258/eleveldb-tag-1.3.0/eleveldb/src/eleveldb.erl'
Error generating type specs for "/home/pete/wefwefwef/docs/other/6586272258/eleveldb-tag-1.3.0/eleveldb/src/eleveldb.erl"
Generating Type Specs - "/home/pete/wefwefwef/docs/other/6586272258/eleveldb-tag-1.3.0/eleveldb/src/eleveldb_bump.erl"
Generating XML for application eleveldb "/home/pete/wefwefwef/docs/other/6586272258/eleveldb-tag-1.3.0/eleveldb" -> "/home/pete/wefwefwef/docs/other/6586272258/repo/1.3.0/.xml/eleveldb"
/home/pete/wefwefwef/docs/other/6586272258/eleveldb-tag-1.3.0/eleveldb/src/eleveldb.erl, function async_iterator/3: at line 156: multiple @spec tag.
edoc: skipping source file '/home/pete/wefwefwef/docs/other/6586272258/eleveldb-tag-1.3.0/eleveldb/src/eleveldb.erl': {'EXIT',
                                                                                                                 error}.
edoc: error in doclet 'edoc_doclet': {'EXIT',error}.
Error generating eleveldb XMLs. Using fallback ...
Generating XML eleveldb - eleveldb "/home/pete/wefwefwef/docs/other/6586272258/eleveldb-tag-1.3.0/eleveldb/src/eleveldb.erl" -> "/home/pete/wefwefwef/docs/other/6586272258/repo/1.3.0/.xml/eleveldb/eleveldb.xml"
/home/pete/wefwefwef/docs/other/6586272258/eleveldb-tag-1.3.0/eleveldb/src/eleveldb.erl, function async_iterator/3: at line 156: multiple @spec tag.
Error generating XML ("/home/pete/wefwefwef/docs/other/6586272258/eleveldb-tag-1.3.0/eleveldb/src/eleveldb.erl"): {'EXIT',
                                                                                                                   error}
Generating XML eleveldb - eleveldb_bump "/home/pete/wefwefwef/docs/other/6586272258/eleveldb-tag-1.3.0/eleveldb/src/eleveldb_bump.erl" -> "/home/pete/wefwefwef/docs/other/6586272258/repo/1.3.0/.xml/eleveldb/eleveldb_bump.xml"
Generating HTML - eleveldb_bump "/home/pete/wefwefwef/docs/other/6586272258/repo/1.3.0/.xml/eleveldb/eleveldb_bump.xml"
Reading XML for "/home/pete/wefwefwef/docs/other/6586272258/repo/1.3.0/.xml/eleveldb/eleveldb_bump.xml"
Reading XML for "/home/pete/wefwefwef/docs/other/6586272258/repo/1.3.0/.xml/specs_eleveldb_bump.xml"
Creating index.html ...
Creating erldocs_index.js ...
Woot, finished in 0 Minutes 0 Seconds
 :: Discovering other repos
$ 5000  `rm -r '/home/pete/wefwefwef/docs/other/6586272258/eleveldb-tag-1.3.0'  2>&1`
 :: Processing https://github.com/basho/eleveldb	{rev,tag,"1.3.1","f207142cf847663dade428539f3da0f5da1b53ee"}
 :: Fetching repo code
$ cd "/home/pete/wefwefwef/docs/other/6586272258/eleveldb-tag-1.3.1/eleveldb"
$ infinity  `curl --fail --silent --show-error --location --output '1.3.1.zip' 'https://github.com/basho/eleveldb/archive/1.3.1.zip'  2>&1`
$ cd "/home/pete/wefwefwef/docs/erldocs_other.git"
$ cd "/home/pete/wefwefwef/docs/other/6586272258/eleveldb-tag-1.3.1/eleveldb"
$ 5000  `find -P . -type l -delete  2>&1`
$ cd "/home/pete/wefwefwef/docs/erldocs_other.git"
$ cd "/home/pete/wefwefwef/docs/other/6586272258/eleveldb-tag-1.3.1/eleveldb"
$ 5000  `find 'eleveldb-1.3.1' -mindepth 1 -maxdepth 1 -exec mv -t . -- {} +  2>&1`
$ cd "/home/pete/wefwefwef/docs/erldocs_other.git"
 :: Getting dependencies
$ cd "/home/pete/wefwefwef/docs/other/6586272258/eleveldb-tag-1.3.1/eleveldb"
$ 5000  `ls -1 deps/  2>&1`
$ cd "/home/pete/wefwefwef/docs/erldocs_other.git"
>>> [rebar] deps = []
 :: Generating erldocs into /home/pete/wefwefwef/docs/other/6586272258/repo/1.3.1
Building eleveldb
Generating Type Specs - "/home/pete/wefwefwef/docs/other/6586272258/eleveldb-tag-1.3.1/eleveldb/src/eleveldb.erl"
/home/pete/wefwefwef/docs/other/6586272258/eleveldb-tag-1.3.1/eleveldb/src/eleveldb.erl, function async_iterator/3: at line 160: @spec arity does not match.
EDoc could not process file '/home/pete/wefwefwef/docs/other/6586272258/eleveldb-tag-1.3.1/eleveldb/src/eleveldb.erl'
Error generating type specs for "/home/pete/wefwefwef/docs/other/6586272258/eleveldb-tag-1.3.1/eleveldb/src/eleveldb.erl"
Generating Type Specs - "/home/pete/wefwefwef/docs/other/6586272258/eleveldb-tag-1.3.1/eleveldb/src/eleveldb_bump.erl"
Generating XML for application eleveldb "/home/pete/wefwefwef/docs/other/6586272258/eleveldb-tag-1.3.1/eleveldb" -> "/home/pete/wefwefwef/docs/other/6586272258/repo/1.3.1/.xml/eleveldb"
/home/pete/wefwefwef/docs/other/6586272258/eleveldb-tag-1.3.1/eleveldb/src/eleveldb.erl, function async_iterator/3: at line 159: multiple @spec tag.
edoc: skipping source file '/home/pete/wefwefwef/docs/other/6586272258/eleveldb-tag-1.3.1/eleveldb/src/eleveldb.erl': {'EXIT',
                                                                                                                 error}.
edoc: error in doclet 'edoc_doclet': {'EXIT',error}.
Error generating eleveldb XMLs. Using fallback ...
Generating XML eleveldb - eleveldb "/home/pete/wefwefwef/docs/other/6586272258/eleveldb-tag-1.3.1/eleveldb/src/eleveldb.erl" -> "/home/pete/wefwefwef/docs/other/6586272258/repo/1.3.1/.xml/eleveldb/eleveldb.xml"
/home/pete/wefwefwef/docs/other/6586272258/eleveldb-tag-1.3.1/eleveldb/src/eleveldb.erl, function async_iterator/3: at line 159: multiple @spec tag.
Error generating XML ("/home/pete/wefwefwef/docs/other/6586272258/eleveldb-tag-1.3.1/eleveldb/src/eleveldb.erl"): {'EXIT',
                                                                                                                   error}
Generating XML eleveldb - eleveldb_bump "/home/pete/wefwefwef/docs/other/6586272258/eleveldb-tag-1.3.1/eleveldb/src/eleveldb_bump.erl" -> "/home/pete/wefwefwef/docs/other/6586272258/repo/1.3.1/.xml/eleveldb/eleveldb_bump.xml"
Generating HTML - eleveldb_bump "/home/pete/wefwefwef/docs/other/6586272258/repo/1.3.1/.xml/eleveldb/eleveldb_bump.xml"
Reading XML for "/home/pete/wefwefwef/docs/other/6586272258/repo/1.3.1/.xml/eleveldb/eleveldb_bump.xml"
Reading XML for "/home/pete/wefwefwef/docs/other/6586272258/repo/1.3.1/.xml/specs_eleveldb_bump.xml"
Creating index.html ...
Creating erldocs_index.js ...
Woot, finished in 0 Minutes 0 Seconds
 :: Discovering other repos
$ 5000  `rm -r '/home/pete/wefwefwef/docs/other/6586272258/eleveldb-tag-1.3.1'  2>&1`
 :: Processing https://github.com/basho/eleveldb	{rev,tag,"1.3.2","55bdb26ac918805f1bec4a8e4adef905797ccf21"}
 :: Fetching repo code
$ cd "/home/pete/wefwefwef/docs/other/6586272258/eleveldb-tag-1.3.2/eleveldb"
$ infinity  `curl --fail --silent --show-error --location --output '1.3.2.zip' 'https://github.com/basho/eleveldb/archive/1.3.2.zip'  2>&1`
$ cd "/home/pete/wefwefwef/docs/erldocs_other.git"
$ cd "/home/pete/wefwefwef/docs/other/6586272258/eleveldb-tag-1.3.2/eleveldb"
$ 5000  `find -P . -type l -delete  2>&1`
$ cd "/home/pete/wefwefwef/docs/erldocs_other.git"
$ cd "/home/pete/wefwefwef/docs/other/6586272258/eleveldb-tag-1.3.2/eleveldb"
$ 5000  `find 'eleveldb-1.3.2' -mindepth 1 -maxdepth 1 -exec mv -t . -- {} +  2>&1`
$ cd "/home/pete/wefwefwef/docs/erldocs_other.git"
 :: Getting dependencies
$ cd "/home/pete/wefwefwef/docs/other/6586272258/eleveldb-tag-1.3.2/eleveldb"
$ 5000  `ls -1 deps/  2>&1`
$ cd "/home/pete/wefwefwef/docs/erldocs_other.git"
>>> [rebar] deps = []
 :: Generating erldocs into /home/pete/wefwefwef/docs/other/6586272258/repo/1.3.2
Building eleveldb
Generating Type Specs - "/home/pete/wefwefwef/docs/other/6586272258/eleveldb-tag-1.3.2/eleveldb/src/eleveldb.erl"
/home/pete/wefwefwef/docs/other/6586272258/eleveldb-tag-1.3.2/eleveldb/src/eleveldb.erl, function async_iterator/3: at line 161: @spec arity does not match.
EDoc could not process file '/home/pete/wefwefwef/docs/other/6586272258/eleveldb-tag-1.3.2/eleveldb/src/eleveldb.erl'
Error generating type specs for "/home/pete/wefwefwef/docs/other/6586272258/eleveldb-tag-1.3.2/eleveldb/src/eleveldb.erl"
Generating Type Specs - "/home/pete/wefwefwef/docs/other/6586272258/eleveldb-tag-1.3.2/eleveldb/src/eleveldb_bump.erl"
Generating XML for application eleveldb "/home/pete/wefwefwef/docs/other/6586272258/eleveldb-tag-1.3.2/eleveldb" -> "/home/pete/wefwefwef/docs/other/6586272258/repo/1.3.2/.xml/eleveldb"
/home/pete/wefwefwef/docs/other/6586272258/eleveldb-tag-1.3.2/eleveldb/src/eleveldb.erl, function async_iterator/3: at line 160: multiple @spec tag.
edoc: skipping source file '/home/pete/wefwefwef/docs/other/6586272258/eleveldb-tag-1.3.2/eleveldb/src/eleveldb.erl': {'EXIT',
                                                                                                                 error}.
edoc: error in doclet 'edoc_doclet': {'EXIT',error}.
Error generating eleveldb XMLs. Using fallback ...
Generating XML eleveldb - eleveldb "/home/pete/wefwefwef/docs/other/6586272258/eleveldb-tag-1.3.2/eleveldb/src/eleveldb.erl" -> "/home/pete/wefwefwef/docs/other/6586272258/repo/1.3.2/.xml/eleveldb/eleveldb.xml"
/home/pete/wefwefwef/docs/other/6586272258/eleveldb-tag-1.3.2/eleveldb/src/eleveldb.erl, function async_iterator/3: at line 160: multiple @spec tag.
Error generating XML ("/home/pete/wefwefwef/docs/other/6586272258/eleveldb-tag-1.3.2/eleveldb/src/eleveldb.erl"): {'EXIT',
                                                                                                                   error}
Generating XML eleveldb - eleveldb_bump "/home/pete/wefwefwef/docs/other/6586272258/eleveldb-tag-1.3.2/eleveldb/src/eleveldb_bump.erl" -> "/home/pete/wefwefwef/docs/other/6586272258/repo/1.3.2/.xml/eleveldb/eleveldb_bump.xml"
Generating HTML - eleveldb_bump "/home/pete/wefwefwef/docs/other/6586272258/repo/1.3.2/.xml/eleveldb/eleveldb_bump.xml"
Reading XML for "/home/pete/wefwefwef/docs/other/6586272258/repo/1.3.2/.xml/eleveldb/eleveldb_bump.xml"
Reading XML for "/home/pete/wefwefwef/docs/other/6586272258/repo/1.3.2/.xml/specs_eleveldb_bump.xml"
Creating index.html ...
Creating erldocs_index.js ...
Woot, finished in 0 Minutes 0 Seconds
 :: Discovering other repos
$ 5000  `rm -r '/home/pete/wefwefwef/docs/other/6586272258/eleveldb-tag-1.3.2'  2>&1`
 :: Processing https://github.com/basho/eleveldb	{rev,tag,"1.3.3","8278febd72c25b84d2fb1b41244861e47db106ac"}
 :: Fetching repo code
$ cd "/home/pete/wefwefwef/docs/other/6586272258/eleveldb-tag-1.3.3/eleveldb"
$ infinity  `curl --fail --silent --show-error --location --output '1.3.3.zip' 'https://github.com/basho/eleveldb/archive/1.3.3.zip'  2>&1`
$ cd "/home/pete/wefwefwef/docs/erldocs_other.git"
$ cd "/home/pete/wefwefwef/docs/other/6586272258/eleveldb-tag-1.3.3/eleveldb"
$ 5000  `find -P . -type l -delete  2>&1`
$ cd "/home/pete/wefwefwef/docs/erldocs_other.git"
$ cd "/home/pete/wefwefwef/docs/other/6586272258/eleveldb-tag-1.3.3/eleveldb"
$ 5000  `find 'eleveldb-1.3.3' -mindepth 1 -maxdepth 1 -exec mv -t . -- {} +  2>&1`
$ cd "/home/pete/wefwefwef/docs/erldocs_other.git"
 :: Getting dependencies
$ cd "/home/pete/wefwefwef/docs/other/6586272258/eleveldb-tag-1.3.3/eleveldb"
$ 5000  `ls -1 deps/  2>&1`
$ cd "/home/pete/wefwefwef/docs/erldocs_other.git"
>>> [rebar] deps = []
 :: Generating erldocs into /home/pete/wefwefwef/docs/other/6586272258/repo/1.3.3
Building eleveldb
Generating Type Specs - "/home/pete/wefwefwef/docs/other/6586272258/eleveldb-tag-1.3.3/eleveldb/src/eleveldb.erl"
/home/pete/wefwefwef/docs/other/6586272258/eleveldb-tag-1.3.3/eleveldb/src/eleveldb.erl, function async_iterator/3: at line 161: @spec arity does not match.
EDoc could not process file '/home/pete/wefwefwef/docs/other/6586272258/eleveldb-tag-1.3.3/eleveldb/src/eleveldb.erl'
Error generating type specs for "/home/pete/wefwefwef/docs/other/6586272258/eleveldb-tag-1.3.3/eleveldb/src/eleveldb.erl"
Generating Type Specs - "/home/pete/wefwefwef/docs/other/6586272258/eleveldb-tag-1.3.3/eleveldb/src/eleveldb_bump.erl"
Generating XML for application eleveldb "/home/pete/wefwefwef/docs/other/6586272258/eleveldb-tag-1.3.3/eleveldb" -> "/home/pete/wefwefwef/docs/other/6586272258/repo/1.3.3/.xml/eleveldb"
/home/pete/wefwefwef/docs/other/6586272258/eleveldb-tag-1.3.3/eleveldb/src/eleveldb.erl, function async_iterator/3: at line 160: multiple @spec tag.
edoc: skipping source file '/home/pete/wefwefwef/docs/other/6586272258/eleveldb-tag-1.3.3/eleveldb/src/eleveldb.erl': {'EXIT',
                                                                                                                 error}.
edoc: error in doclet 'edoc_doclet': {'EXIT',error}.
Error generating eleveldb XMLs. Using fallback ...
Generating XML eleveldb - eleveldb "/home/pete/wefwefwef/docs/other/6586272258/eleveldb-tag-1.3.3/eleveldb/src/eleveldb.erl" -> "/home/pete/wefwefwef/docs/other/6586272258/repo/1.3.3/.xml/eleveldb/eleveldb.xml"
/home/pete/wefwefwef/docs/other/6586272258/eleveldb-tag-1.3.3/eleveldb/src/eleveldb.erl, function async_iterator/3: at line 160: multiple @spec tag.
Error generating XML ("/home/pete/wefwefwef/docs/other/6586272258/eleveldb-tag-1.3.3/eleveldb/src/eleveldb.erl"): {'EXIT',
                                                                                                                   error}
Generating XML eleveldb - eleveldb_bump "/home/pete/wefwefwef/docs/other/6586272258/eleveldb-tag-1.3.3/eleveldb/src/eleveldb_bump.erl" -> "/home/pete/wefwefwef/docs/other/6586272258/repo/1.3.3/.xml/eleveldb/eleveldb_bump.xml"
Generating HTML - eleveldb_bump "/home/pete/wefwefwef/docs/other/6586272258/repo/1.3.3/.xml/eleveldb/eleveldb_bump.xml"
Reading XML for "/home/pete/wefwefwef/docs/other/6586272258/repo/1.3.3/.xml/eleveldb/eleveldb_bump.xml"
Reading XML for "/home/pete/wefwefwef/docs/other/6586272258/repo/1.3.3/.xml/specs_eleveldb_bump.xml"
Creating index.html ...
Creating erldocs_index.js ...
Woot, finished in 0 Minutes 0 Seconds
 :: Discovering other repos
$ 5000  `rm -r '/home/pete/wefwefwef/docs/other/6586272258/eleveldb-tag-1.3.3'  2>&1`
 :: Processing https://github.com/basho/eleveldb	{rev,tag,"1.3.3-voxer","45e74d4fd0777c3c57d191a17fea7481b2918e39"}
 :: Fetching repo code
$ cd "/home/pete/wefwefwef/docs/other/6586272258/eleveldb-tag-1.3.3-voxer/eleveldb"
$ infinity  `curl --fail --silent --show-error --location --output '1.3.3-voxer.zip' 'https://github.com/basho/eleveldb/archive/1.3.3-voxer.zip'  2>&1`
$ cd "/home/pete/wefwefwef/docs/erldocs_other.git"
$ cd "/home/pete/wefwefwef/docs/other/6586272258/eleveldb-tag-1.3.3-voxer/eleveldb"
$ 5000  `find -P . -type l -delete  2>&1`
$ cd "/home/pete/wefwefwef/docs/erldocs_other.git"
$ cd "/home/pete/wefwefwef/docs/other/6586272258/eleveldb-tag-1.3.3-voxer/eleveldb"
$ 5000  `find 'eleveldb-1.3.3-voxer' -mindepth 1 -maxdepth 1 -exec mv -t . -- {} +  2>&1`
$ cd "/home/pete/wefwefwef/docs/erldocs_other.git"
 :: Getting dependencies
$ cd "/home/pete/wefwefwef/docs/other/6586272258/eleveldb-tag-1.3.3-voxer/eleveldb"
$ 5000  `ls -1 deps/  2>&1`
$ cd "/home/pete/wefwefwef/docs/erldocs_other.git"
>>> [rebar] deps = []
 :: Generating erldocs into /home/pete/wefwefwef/docs/other/6586272258/repo/1.3.3-voxer
Building eleveldb
Generating Type Specs - "/home/pete/wefwefwef/docs/other/6586272258/eleveldb-tag-1.3.3-voxer/eleveldb/src/eleveldb.erl"
/home/pete/wefwefwef/docs/other/6586272258/eleveldb-tag-1.3.3-voxer/eleveldb/src/eleveldb.erl, function async_iterator/3: at line 161: @spec arity does not match.
EDoc could not process file '/home/pete/wefwefwef/docs/other/6586272258/eleveldb-tag-1.3.3-voxer/eleveldb/src/eleveldb.erl'
Error generating type specs for "/home/pete/wefwefwef/docs/other/6586272258/eleveldb-tag-1.3.3-voxer/eleveldb/src/eleveldb.erl"
Generating Type Specs - "/home/pete/wefwefwef/docs/other/6586272258/eleveldb-tag-1.3.3-voxer/eleveldb/src/eleveldb_bump.erl"
Generating XML for application eleveldb "/home/pete/wefwefwef/docs/other/6586272258/eleveldb-tag-1.3.3-voxer/eleveldb" -> "/home/pete/wefwefwef/docs/other/6586272258/repo/1.3.3-voxer/.xml/eleveldb"
/home/pete/wefwefwef/docs/other/6586272258/eleveldb-tag-1.3.3-voxer/eleveldb/src/eleveldb.erl, function async_iterator/3: at line 160: multiple @spec tag.
edoc: skipping source file '/home/pete/wefwefwef/docs/other/6586272258/eleveldb-tag-1.3.3-voxer/eleveldb/src/eleveldb.erl': {'EXIT',
                                                                                                                       error}.
edoc: error in doclet 'edoc_doclet': {'EXIT',error}.
Error generating eleveldb XMLs. Using fallback ...
Generating XML eleveldb - eleveldb "/home/pete/wefwefwef/docs/other/6586272258/eleveldb-tag-1.3.3-voxer/eleveldb/src/eleveldb.erl" -> "/home/pete/wefwefwef/docs/other/6586272258/repo/1.3.3-voxer/.xml/eleveldb/eleveldb.xml"
/home/pete/wefwefwef/docs/other/6586272258/eleveldb-tag-1.3.3-voxer/eleveldb/src/eleveldb.erl, function async_iterator/3: at line 160: multiple @spec tag.
Error generating XML ("/home/pete/wefwefwef/docs/other/6586272258/eleveldb-tag-1.3.3-voxer/eleveldb/src/eleveldb.erl"): {'EXIT',
                                                                                                                         error}
Generating XML eleveldb - eleveldb_bump "/home/pete/wefwefwef/docs/other/6586272258/eleveldb-tag-1.3.3-voxer/eleveldb/src/eleveldb_bump.erl" -> "/home/pete/wefwefwef/docs/other/6586272258/repo/1.3.3-voxer/.xml/eleveldb/eleveldb_bump.xml"
Generating HTML - eleveldb_bump "/home/pete/wefwefwef/docs/other/6586272258/repo/1.3.3-voxer/.xml/eleveldb/eleveldb_bump.xml"
Reading XML for "/home/pete/wefwefwef/docs/other/6586272258/repo/1.3.3-voxer/.xml/eleveldb/eleveldb_bump.xml"
Reading XML for "/home/pete/wefwefwef/docs/other/6586272258/repo/1.3.3-voxer/.xml/specs_eleveldb_bump.xml"
Creating index.html ...
Creating erldocs_index.js ...
Woot, finished in 0 Minutes 0 Seconds
 :: Discovering other repos
$ 5000  `rm -r '/home/pete/wefwefwef/docs/other/6586272258/eleveldb-tag-1.3.3-voxer'  2>&1`
 :: Processing https://github.com/basho/eleveldb	{rev,tag,"1.4.0","7da0da92092cc29e4d5cde4c65b181596716b4be"}
 :: Fetching repo code
$ cd "/home/pete/wefwefwef/docs/other/6586272258/eleveldb-tag-1.4.0/eleveldb"
$ infinity  `curl --fail --silent --show-error --location --output '1.4.0.zip' 'https://github.com/basho/eleveldb/archive/1.4.0.zip'  2>&1`
$ cd "/home/pete/wefwefwef/docs/erldocs_other.git"
$ cd "/home/pete/wefwefwef/docs/other/6586272258/eleveldb-tag-1.4.0/eleveldb"
$ 5000  `find -P . -type l -delete  2>&1`
$ cd "/home/pete/wefwefwef/docs/erldocs_other.git"
$ cd "/home/pete/wefwefwef/docs/other/6586272258/eleveldb-tag-1.4.0/eleveldb"
$ 5000  `find 'eleveldb-1.4.0' -mindepth 1 -maxdepth 1 -exec mv -t . -- {} +  2>&1`
$ cd "/home/pete/wefwefwef/docs/erldocs_other.git"
 :: Getting dependencies
$ cd "/home/pete/wefwefwef/docs/other/6586272258/eleveldb-tag-1.4.0/eleveldb"
$ 5000  `ls -1 deps/  2>&1`
$ cd "/home/pete/wefwefwef/docs/erldocs_other.git"
>>> [rebar] deps = []
 :: Generating erldocs into /home/pete/wefwefwef/docs/other/6586272258/repo/1.4.0
Building eleveldb
Generating Type Specs - "/home/pete/wefwefwef/docs/other/6586272258/eleveldb-tag-1.4.0/eleveldb/src/eleveldb.erl"
/home/pete/wefwefwef/docs/other/6586272258/eleveldb-tag-1.4.0/eleveldb/src/eleveldb.erl, function async_iterator/3: at line 162: @spec arity does not match.
EDoc could not process file '/home/pete/wefwefwef/docs/other/6586272258/eleveldb-tag-1.4.0/eleveldb/src/eleveldb.erl'
Error generating type specs for "/home/pete/wefwefwef/docs/other/6586272258/eleveldb-tag-1.4.0/eleveldb/src/eleveldb.erl"
Generating Type Specs - "/home/pete/wefwefwef/docs/other/6586272258/eleveldb-tag-1.4.0/eleveldb/src/eleveldb_bump.erl"
Generating XML for application eleveldb "/home/pete/wefwefwef/docs/other/6586272258/eleveldb-tag-1.4.0/eleveldb" -> "/home/pete/wefwefwef/docs/other/6586272258/repo/1.4.0/.xml/eleveldb"
/home/pete/wefwefwef/docs/other/6586272258/eleveldb-tag-1.4.0/eleveldb/src/eleveldb.erl, function async_iterator/3: at line 161: multiple @spec tag.
edoc: skipping source file '/home/pete/wefwefwef/docs/other/6586272258/eleveldb-tag-1.4.0/eleveldb/src/eleveldb.erl': {'EXIT',
                                                                                                                 error}.
edoc: error in doclet 'edoc_doclet': {'EXIT',error}.
Error generating eleveldb XMLs. Using fallback ...
Generating XML eleveldb - eleveldb "/home/pete/wefwefwef/docs/other/6586272258/eleveldb-tag-1.4.0/eleveldb/src/eleveldb.erl" -> "/home/pete/wefwefwef/docs/other/6586272258/repo/1.4.0/.xml/eleveldb/eleveldb.xml"
/home/pete/wefwefwef/docs/other/6586272258/eleveldb-tag-1.4.0/eleveldb/src/eleveldb.erl, function async_iterator/3: at line 161: multiple @spec tag.
Error generating XML ("/home/pete/wefwefwef/docs/other/6586272258/eleveldb-tag-1.4.0/eleveldb/src/eleveldb.erl"): {'EXIT',
                                                                                                                   error}
Generating XML eleveldb - eleveldb_bump "/home/pete/wefwefwef/docs/other/6586272258/eleveldb-tag-1.4.0/eleveldb/src/eleveldb_bump.erl" -> "/home/pete/wefwefwef/docs/other/6586272258/repo/1.4.0/.xml/eleveldb/eleveldb_bump.xml"
Generating HTML - eleveldb_bump "/home/pete/wefwefwef/docs/other/6586272258/repo/1.4.0/.xml/eleveldb/eleveldb_bump.xml"
Reading XML for "/home/pete/wefwefwef/docs/other/6586272258/repo/1.4.0/.xml/eleveldb/eleveldb_bump.xml"
Reading XML for "/home/pete/wefwefwef/docs/other/6586272258/repo/1.4.0/.xml/specs_eleveldb_bump.xml"
Creating index.html ...
Creating erldocs_index.js ...
Woot, finished in 0 Minutes 0 Seconds
 :: Discovering other repos
$ 5000  `rm -r '/home/pete/wefwefwef/docs/other/6586272258/eleveldb-tag-1.4.0'  2>&1`
 :: Processing https://github.com/basho/eleveldb	{rev,tag,"1.4.1","fd3b52ad4742f649d61f56767a2d415e3350b850"}
 :: Fetching repo code
$ cd "/home/pete/wefwefwef/docs/other/6586272258/eleveldb-tag-1.4.1/eleveldb"
$ infinity  `curl --fail --silent --show-error --location --output '1.4.1.zip' 'https://github.com/basho/eleveldb/archive/1.4.1.zip'  2>&1`
$ cd "/home/pete/wefwefwef/docs/erldocs_other.git"
$ cd "/home/pete/wefwefwef/docs/other/6586272258/eleveldb-tag-1.4.1/eleveldb"
$ 5000  `find -P . -type l -delete  2>&1`
$ cd "/home/pete/wefwefwef/docs/erldocs_other.git"
$ cd "/home/pete/wefwefwef/docs/other/6586272258/eleveldb-tag-1.4.1/eleveldb"
$ 5000  `find 'eleveldb-1.4.1' -mindepth 1 -maxdepth 1 -exec mv -t . -- {} +  2>&1`
$ cd "/home/pete/wefwefwef/docs/erldocs_other.git"
 :: Getting dependencies
$ cd "/home/pete/wefwefwef/docs/other/6586272258/eleveldb-tag-1.4.1/eleveldb"
$ 5000  `ls -1 deps/  2>&1`
$ cd "/home/pete/wefwefwef/docs/erldocs_other.git"
>>> [rebar] deps = []
 :: Generating erldocs into /home/pete/wefwefwef/docs/other/6586272258/repo/1.4.1
Building eleveldb
Generating Type Specs - "/home/pete/wefwefwef/docs/other/6586272258/eleveldb-tag-1.4.1/eleveldb/src/eleveldb.erl"
/home/pete/wefwefwef/docs/other/6586272258/eleveldb-tag-1.4.1/eleveldb/src/eleveldb.erl, function async_iterator/3: at line 163: @spec arity does not match.
EDoc could not process file '/home/pete/wefwefwef/docs/other/6586272258/eleveldb-tag-1.4.1/eleveldb/src/eleveldb.erl'
Error generating type specs for "/home/pete/wefwefwef/docs/other/6586272258/eleveldb-tag-1.4.1/eleveldb/src/eleveldb.erl"
Generating Type Specs - "/home/pete/wefwefwef/docs/other/6586272258/eleveldb-tag-1.4.1/eleveldb/src/eleveldb_bump.erl"
Generating XML for application eleveldb "/home/pete/wefwefwef/docs/other/6586272258/eleveldb-tag-1.4.1/eleveldb" -> "/home/pete/wefwefwef/docs/other/6586272258/repo/1.4.1/.xml/eleveldb"
/home/pete/wefwefwef/docs/other/6586272258/eleveldb-tag-1.4.1/eleveldb/src/eleveldb.erl, function async_iterator/3: at line 162: multiple @spec tag.
edoc: skipping source file '/home/pete/wefwefwef/docs/other/6586272258/eleveldb-tag-1.4.1/eleveldb/src/eleveldb.erl': {'EXIT',
                                                                                                                 error}.
edoc: error in doclet 'edoc_doclet': {'EXIT',error}.
Error generating eleveldb XMLs. Using fallback ...
Generating XML eleveldb - eleveldb "/home/pete/wefwefwef/docs/other/6586272258/eleveldb-tag-1.4.1/eleveldb/src/eleveldb.erl" -> "/home/pete/wefwefwef/docs/other/6586272258/repo/1.4.1/.xml/eleveldb/eleveldb.xml"
/home/pete/wefwefwef/docs/other/6586272258/eleveldb-tag-1.4.1/eleveldb/src/eleveldb.erl, function async_iterator/3: at line 162: multiple @spec tag.
Error generating XML ("/home/pete/wefwefwef/docs/other/6586272258/eleveldb-tag-1.4.1/eleveldb/src/eleveldb.erl"): {'EXIT',
                                                                                                                   error}
Generating XML eleveldb - eleveldb_bump "/home/pete/wefwefwef/docs/other/6586272258/eleveldb-tag-1.4.1/eleveldb/src/eleveldb_bump.erl" -> "/home/pete/wefwefwef/docs/other/6586272258/repo/1.4.1/.xml/eleveldb/eleveldb_bump.xml"
Generating HTML - eleveldb_bump "/home/pete/wefwefwef/docs/other/6586272258/repo/1.4.1/.xml/eleveldb/eleveldb_bump.xml"
Reading XML for "/home/pete/wefwefwef/docs/other/6586272258/repo/1.4.1/.xml/eleveldb/eleveldb_bump.xml"
Reading XML for "/home/pete/wefwefwef/docs/other/6586272258/repo/1.4.1/.xml/specs_eleveldb_bump.xml"
Creating index.html ...
Creating erldocs_index.js ...
Woot, finished in 0 Minutes 0 Seconds
 :: Discovering other repos
$ 5000  `rm -r '/home/pete/wefwefwef/docs/other/6586272258/eleveldb-tag-1.4.1'  2>&1`
 :: Processing https://github.com/basho/eleveldb	{rev,tag,"1.4.10","a84b18cbbb3eb98cbc77ea41563c1776ac48cf38"}
 :: Fetching repo code
$ cd "/home/pete/wefwefwef/docs/other/6586272258/eleveldb-tag-1.4.10/eleveldb"
$ infinity  `curl --fail --silent --show-error --location --output '1.4.10.zip' 'https://github.com/basho/eleveldb/archive/1.4.10.zip'  2>&1`
$ cd "/home/pete/wefwefwef/docs/erldocs_other.git"
$ cd "/home/pete/wefwefwef/docs/other/6586272258/eleveldb-tag-1.4.10/eleveldb"
$ 5000  `find -P . -type l -delete  2>&1`
$ cd "/home/pete/wefwefwef/docs/erldocs_other.git"
$ cd "/home/pete/wefwefwef/docs/other/6586272258/eleveldb-tag-1.4.10/eleveldb"
$ 5000  `find 'eleveldb-1.4.10' -mindepth 1 -maxdepth 1 -exec mv -t . -- {} +  2>&1`
$ cd "/home/pete/wefwefwef/docs/erldocs_other.git"
 :: Getting dependencies
$ cd "/home/pete/wefwefwef/docs/other/6586272258/eleveldb-tag-1.4.10/eleveldb"
$ 5000  `ls -1 deps/  2>&1`
$ cd "/home/pete/wefwefwef/docs/erldocs_other.git"
>>> [rebar] deps = []
 :: Generating erldocs into /home/pete/wefwefwef/docs/other/6586272258/repo/1.4.10
Building eleveldb
Generating Type Specs - "/home/pete/wefwefwef/docs/other/6586272258/eleveldb-tag-1.4.10/eleveldb/src/eleveldb.erl"
/home/pete/wefwefwef/docs/other/6586272258/eleveldb-tag-1.4.10/eleveldb/src/eleveldb.erl, function async_iterator/3: at line 162: @spec arity does not match.
EDoc could not process file '/home/pete/wefwefwef/docs/other/6586272258/eleveldb-tag-1.4.10/eleveldb/src/eleveldb.erl'
Error generating type specs for "/home/pete/wefwefwef/docs/other/6586272258/eleveldb-tag-1.4.10/eleveldb/src/eleveldb.erl"
Generating Type Specs - "/home/pete/wefwefwef/docs/other/6586272258/eleveldb-tag-1.4.10/eleveldb/src/eleveldb_bump.erl"
Generating XML for application eleveldb "/home/pete/wefwefwef/docs/other/6586272258/eleveldb-tag-1.4.10/eleveldb" -> "/home/pete/wefwefwef/docs/other/6586272258/repo/1.4.10/.xml/eleveldb"
/home/pete/wefwefwef/docs/other/6586272258/eleveldb-tag-1.4.10/eleveldb/src/eleveldb.erl, function async_iterator/3: at line 161: multiple @spec tag.
edoc: skipping source file '/home/pete/wefwefwef/docs/other/6586272258/eleveldb-tag-1.4.10/eleveldb/src/eleveldb.erl': {'EXIT',
                                                                                                                  error}.
edoc: error in doclet 'edoc_doclet': {'EXIT',error}.
Error generating eleveldb XMLs. Using fallback ...
Generating XML eleveldb - eleveldb "/home/pete/wefwefwef/docs/other/6586272258/eleveldb-tag-1.4.10/eleveldb/src/eleveldb.erl" -> "/home/pete/wefwefwef/docs/other/6586272258/repo/1.4.10/.xml/eleveldb/eleveldb.xml"
/home/pete/wefwefwef/docs/other/6586272258/eleveldb-tag-1.4.10/eleveldb/src/eleveldb.erl, function async_iterator/3: at line 161: multiple @spec tag.
Error generating XML ("/home/pete/wefwefwef/docs/other/6586272258/eleveldb-tag-1.4.10/eleveldb/src/eleveldb.erl"): {'EXIT',
                                                                                                                    error}
Generating XML eleveldb - eleveldb_bump "/home/pete/wefwefwef/docs/other/6586272258/eleveldb-tag-1.4.10/eleveldb/src/eleveldb_bump.erl" -> "/home/pete/wefwefwef/docs/other/6586272258/repo/1.4.10/.xml/eleveldb/eleveldb_bump.xml"
Generating HTML - eleveldb_bump "/home/pete/wefwefwef/docs/other/6586272258/repo/1.4.10/.xml/eleveldb/eleveldb_bump.xml"
Reading XML for "/home/pete/wefwefwef/docs/other/6586272258/repo/1.4.10/.xml/eleveldb/eleveldb_bump.xml"
Reading XML for "/home/pete/wefwefwef/docs/other/6586272258/repo/1.4.10/.xml/specs_eleveldb_bump.xml"
Creating index.html ...
Creating erldocs_index.js ...
Woot, finished in 0 Minutes 0 Seconds
 :: Discovering other repos
$ 5000  `rm -r '/home/pete/wefwefwef/docs/other/6586272258/eleveldb-tag-1.4.10'  2>&1`
 :: Processing https://github.com/basho/eleveldb	{rev,tag,"1.4.11","d22a1865d616d56abcdd7ca943c83c37cbfeafd1"}
 :: Fetching repo code
$ cd "/home/pete/wefwefwef/docs/other/6586272258/eleveldb-tag-1.4.11/eleveldb"
$ infinity  `curl --fail --silent --show-error --location --output '1.4.11.zip' 'https://github.com/basho/eleveldb/archive/1.4.11.zip'  2>&1`
$ cd "/home/pete/wefwefwef/docs/erldocs_other.git"
$ cd "/home/pete/wefwefwef/docs/other/6586272258/eleveldb-tag-1.4.11/eleveldb"
$ 5000  `find -P . -type l -delete  2>&1`
$ cd "/home/pete/wefwefwef/docs/erldocs_other.git"
$ cd "/home/pete/wefwefwef/docs/other/6586272258/eleveldb-tag-1.4.11/eleveldb"
$ 5000  `find 'eleveldb-1.4.11' -mindepth 1 -maxdepth 1 -exec mv -t . -- {} +  2>&1`
$ cd "/home/pete/wefwefwef/docs/erldocs_other.git"
 :: Getting dependencies
$ cd "/home/pete/wefwefwef/docs/other/6586272258/eleveldb-tag-1.4.11/eleveldb"
$ 5000  `ls -1 deps/  2>&1`
$ cd "/home/pete/wefwefwef/docs/erldocs_other.git"
>>> [rebar] deps = []
 :: Generating erldocs into /home/pete/wefwefwef/docs/other/6586272258/repo/1.4.11
Building eleveldb
Generating Type Specs - "/home/pete/wefwefwef/docs/other/6586272258/eleveldb-tag-1.4.11/eleveldb/src/eleveldb.erl"
/home/pete/wefwefwef/docs/other/6586272258/eleveldb-tag-1.4.11/eleveldb/src/eleveldb.erl, function async_iterator/3: at line 162: @spec arity does not match.
EDoc could not process file '/home/pete/wefwefwef/docs/other/6586272258/eleveldb-tag-1.4.11/eleveldb/src/eleveldb.erl'
Error generating type specs for "/home/pete/wefwefwef/docs/other/6586272258/eleveldb-tag-1.4.11/eleveldb/src/eleveldb.erl"
Generating Type Specs - "/home/pete/wefwefwef/docs/other/6586272258/eleveldb-tag-1.4.11/eleveldb/src/eleveldb_bump.erl"
Generating XML for application eleveldb "/home/pete/wefwefwef/docs/other/6586272258/eleveldb-tag-1.4.11/eleveldb" -> "/home/pete/wefwefwef/docs/other/6586272258/repo/1.4.11/.xml/eleveldb"
/home/pete/wefwefwef/docs/other/6586272258/eleveldb-tag-1.4.11/eleveldb/src/eleveldb.erl, function async_iterator/3: at line 161: multiple @spec tag.
edoc: skipping source file '/home/pete/wefwefwef/docs/other/6586272258/eleveldb-tag-1.4.11/eleveldb/src/eleveldb.erl': {'EXIT',
                                                                                                                  error}.
edoc: error in doclet 'edoc_doclet': {'EXIT',error}.
Error generating eleveldb XMLs. Using fallback ...
Generating XML eleveldb - eleveldb "/home/pete/wefwefwef/docs/other/6586272258/eleveldb-tag-1.4.11/eleveldb/src/eleveldb.erl" -> "/home/pete/wefwefwef/docs/other/6586272258/repo/1.4.11/.xml/eleveldb/eleveldb.xml"
/home/pete/wefwefwef/docs/other/6586272258/eleveldb-tag-1.4.11/eleveldb/src/eleveldb.erl, function async_iterator/3: at line 161: multiple @spec tag.
Error generating XML ("/home/pete/wefwefwef/docs/other/6586272258/eleveldb-tag-1.4.11/eleveldb/src/eleveldb.erl"): {'EXIT',
                                                                                                                    error}
Generating XML eleveldb - eleveldb_bump "/home/pete/wefwefwef/docs/other/6586272258/eleveldb-tag-1.4.11/eleveldb/src/eleveldb_bump.erl" -> "/home/pete/wefwefwef/docs/other/6586272258/repo/1.4.11/.xml/eleveldb/eleveldb_bump.xml"
Generating HTML - eleveldb_bump "/home/pete/wefwefwef/docs/other/6586272258/repo/1.4.11/.xml/eleveldb/eleveldb_bump.xml"
Reading XML for "/home/pete/wefwefwef/docs/other/6586272258/repo/1.4.11/.xml/eleveldb/eleveldb_bump.xml"
Reading XML for "/home/pete/wefwefwef/docs/other/6586272258/repo/1.4.11/.xml/specs_eleveldb_bump.xml"
Creating index.html ...
Creating erldocs_index.js ...
Woot, finished in 0 Minutes 0 Seconds
 :: Discovering other repos
$ 5000  `rm -r '/home/pete/wefwefwef/docs/other/6586272258/eleveldb-tag-1.4.11'  2>&1`
 :: Processing https://github.com/basho/eleveldb	{rev,tag,"1.4.2","4df49478a08266dbafdbf533c29b9d6eb63d9dc2"}
 :: Fetching repo code
$ cd "/home/pete/wefwefwef/docs/other/6586272258/eleveldb-tag-1.4.2/eleveldb"
$ infinity  `curl --fail --silent --show-error --location --output '1.4.2.zip' 'https://github.com/basho/eleveldb/archive/1.4.2.zip'  2>&1`
$ cd "/home/pete/wefwefwef/docs/erldocs_other.git"
$ cd "/home/pete/wefwefwef/docs/other/6586272258/eleveldb-tag-1.4.2/eleveldb"
$ 5000  `find -P . -type l -delete  2>&1`
$ cd "/home/pete/wefwefwef/docs/erldocs_other.git"
$ cd "/home/pete/wefwefwef/docs/other/6586272258/eleveldb-tag-1.4.2/eleveldb"
$ 5000  `find 'eleveldb-1.4.2' -mindepth 1 -maxdepth 1 -exec mv -t . -- {} +  2>&1`
$ cd "/home/pete/wefwefwef/docs/erldocs_other.git"
 :: Getting dependencies
$ cd "/home/pete/wefwefwef/docs/other/6586272258/eleveldb-tag-1.4.2/eleveldb"
$ 5000  `ls -1 deps/  2>&1`
$ cd "/home/pete/wefwefwef/docs/erldocs_other.git"
>>> [rebar] deps = []
 :: Generating erldocs into /home/pete/wefwefwef/docs/other/6586272258/repo/1.4.2
Building eleveldb
Generating Type Specs - "/home/pete/wefwefwef/docs/other/6586272258/eleveldb-tag-1.4.2/eleveldb/src/eleveldb.erl"
/home/pete/wefwefwef/docs/other/6586272258/eleveldb-tag-1.4.2/eleveldb/src/eleveldb.erl, function async_iterator/3: at line 160: @spec arity does not match.
EDoc could not process file '/home/pete/wefwefwef/docs/other/6586272258/eleveldb-tag-1.4.2/eleveldb/src/eleveldb.erl'
Error generating type specs for "/home/pete/wefwefwef/docs/other/6586272258/eleveldb-tag-1.4.2/eleveldb/src/eleveldb.erl"
Generating Type Specs - "/home/pete/wefwefwef/docs/other/6586272258/eleveldb-tag-1.4.2/eleveldb/src/eleveldb_bump.erl"
Generating XML for application eleveldb "/home/pete/wefwefwef/docs/other/6586272258/eleveldb-tag-1.4.2/eleveldb" -> "/home/pete/wefwefwef/docs/other/6586272258/repo/1.4.2/.xml/eleveldb"
/home/pete/wefwefwef/docs/other/6586272258/eleveldb-tag-1.4.2/eleveldb/src/eleveldb.erl, function async_iterator/3: at line 159: multiple @spec tag.
edoc: skipping source file '/home/pete/wefwefwef/docs/other/6586272258/eleveldb-tag-1.4.2/eleveldb/src/eleveldb.erl': {'EXIT',
                                                                                                                 error}.
edoc: error in doclet 'edoc_doclet': {'EXIT',error}.
Error generating eleveldb XMLs. Using fallback ...
Generating XML eleveldb - eleveldb "/home/pete/wefwefwef/docs/other/6586272258/eleveldb-tag-1.4.2/eleveldb/src/eleveldb.erl" -> "/home/pete/wefwefwef/docs/other/6586272258/repo/1.4.2/.xml/eleveldb/eleveldb.xml"
/home/pete/wefwefwef/docs/other/6586272258/eleveldb-tag-1.4.2/eleveldb/src/eleveldb.erl, function async_iterator/3: at line 159: multiple @spec tag.
Error generating XML ("/home/pete/wefwefwef/docs/other/6586272258/eleveldb-tag-1.4.2/eleveldb/src/eleveldb.erl"): {'EXIT',
                                                                                                                   error}
Generating XML eleveldb - eleveldb_bump "/home/pete/wefwefwef/docs/other/6586272258/eleveldb-tag-1.4.2/eleveldb/src/eleveldb_bump.erl" -> "/home/pete/wefwefwef/docs/other/6586272258/repo/1.4.2/.xml/eleveldb/eleveldb_bump.xml"
Generating HTML - eleveldb_bump "/home/pete/wefwefwef/docs/other/6586272258/repo/1.4.2/.xml/eleveldb/eleveldb_bump.xml"
Reading XML for "/home/pete/wefwefwef/docs/other/6586272258/repo/1.4.2/.xml/eleveldb/eleveldb_bump.xml"
Reading XML for "/home/pete/wefwefwef/docs/other/6586272258/repo/1.4.2/.xml/specs_eleveldb_bump.xml"
Creating index.html ...
Creating erldocs_index.js ...
Woot, finished in 0 Minutes 0 Seconds
 :: Discovering other repos
$ 5000  `rm -r '/home/pete/wefwefwef/docs/other/6586272258/eleveldb-tag-1.4.2'  2>&1`
 :: Processing https://github.com/basho/eleveldb	{rev,tag,"1.4.4","4980a133a1aff206cf2b50acb6b3fa1481100964"}
 :: Fetching repo code
$ cd "/home/pete/wefwefwef/docs/other/6586272258/eleveldb-tag-1.4.4/eleveldb"
$ infinity  `curl --fail --silent --show-error --location --output '1.4.4.zip' 'https://github.com/basho/eleveldb/archive/1.4.4.zip'  2>&1`
$ cd "/home/pete/wefwefwef/docs/erldocs_other.git"
$ cd "/home/pete/wefwefwef/docs/other/6586272258/eleveldb-tag-1.4.4/eleveldb"
$ 5000  `find -P . -type l -delete  2>&1`
$ cd "/home/pete/wefwefwef/docs/erldocs_other.git"
$ cd "/home/pete/wefwefwef/docs/other/6586272258/eleveldb-tag-1.4.4/eleveldb"
$ 5000  `find 'eleveldb-1.4.4' -mindepth 1 -maxdepth 1 -exec mv -t . -- {} +  2>&1`
$ cd "/home/pete/wefwefwef/docs/erldocs_other.git"
 :: Getting dependencies
$ cd "/home/pete/wefwefwef/docs/other/6586272258/eleveldb-tag-1.4.4/eleveldb"
$ 5000  `ls -1 deps/  2>&1`
$ cd "/home/pete/wefwefwef/docs/erldocs_other.git"
>>> [rebar] deps = []
 :: Generating erldocs into /home/pete/wefwefwef/docs/other/6586272258/repo/1.4.4
Building eleveldb
Generating Type Specs - "/home/pete/wefwefwef/docs/other/6586272258/eleveldb-tag-1.4.4/eleveldb/src/eleveldb.erl"
/home/pete/wefwefwef/docs/other/6586272258/eleveldb-tag-1.4.4/eleveldb/src/eleveldb.erl, function async_iterator/3: at line 161: @spec arity does not match.
EDoc could not process file '/home/pete/wefwefwef/docs/other/6586272258/eleveldb-tag-1.4.4/eleveldb/src/eleveldb.erl'
Error generating type specs for "/home/pete/wefwefwef/docs/other/6586272258/eleveldb-tag-1.4.4/eleveldb/src/eleveldb.erl"
Generating Type Specs - "/home/pete/wefwefwef/docs/other/6586272258/eleveldb-tag-1.4.4/eleveldb/src/eleveldb_bump.erl"
Generating XML for application eleveldb "/home/pete/wefwefwef/docs/other/6586272258/eleveldb-tag-1.4.4/eleveldb" -> "/home/pete/wefwefwef/docs/other/6586272258/repo/1.4.4/.xml/eleveldb"
/home/pete/wefwefwef/docs/other/6586272258/eleveldb-tag-1.4.4/eleveldb/src/eleveldb.erl, function async_iterator/3: at line 160: multiple @spec tag.
edoc: skipping source file '/home/pete/wefwefwef/docs/other/6586272258/eleveldb-tag-1.4.4/eleveldb/src/eleveldb.erl': {'EXIT',
                                                                                                                 error}.
edoc: error in doclet 'edoc_doclet': {'EXIT',error}.
Error generating eleveldb XMLs. Using fallback ...
Generating XML eleveldb - eleveldb "/home/pete/wefwefwef/docs/other/6586272258/eleveldb-tag-1.4.4/eleveldb/src/eleveldb.erl" -> "/home/pete/wefwefwef/docs/other/6586272258/repo/1.4.4/.xml/eleveldb/eleveldb.xml"
/home/pete/wefwefwef/docs/other/6586272258/eleveldb-tag-1.4.4/eleveldb/src/eleveldb.erl, function async_iterator/3: at line 160: multiple @spec tag.
Error generating XML ("/home/pete/wefwefwef/docs/other/6586272258/eleveldb-tag-1.4.4/eleveldb/src/eleveldb.erl"): {'EXIT',
                                                                                                                   error}
Generating XML eleveldb - eleveldb_bump "/home/pete/wefwefwef/docs/other/6586272258/eleveldb-tag-1.4.4/eleveldb/src/eleveldb_bump.erl" -> "/home/pete/wefwefwef/docs/other/6586272258/repo/1.4.4/.xml/eleveldb/eleveldb_bump.xml"
Generating HTML - eleveldb_bump "/home/pete/wefwefwef/docs/other/6586272258/repo/1.4.4/.xml/eleveldb/eleveldb_bump.xml"
Reading XML for "/home/pete/wefwefwef/docs/other/6586272258/repo/1.4.4/.xml/eleveldb/eleveldb_bump.xml"
Reading XML for "/home/pete/wefwefwef/docs/other/6586272258/repo/1.4.4/.xml/specs_eleveldb_bump.xml"
Creating index.html ...
Creating erldocs_index.js ...
Woot, finished in 0 Minutes 0 Seconds
 :: Discovering other repos
$ 5000  `rm -r '/home/pete/wefwefwef/docs/other/6586272258/eleveldb-tag-1.4.4'  2>&1`
 :: Processing https://github.com/basho/eleveldb	{rev,tag,"1.4.7","98a465d6ea0024bb5fdbc34da61e4c886879af55"}
 :: Fetching repo code
$ cd "/home/pete/wefwefwef/docs/other/6586272258/eleveldb-tag-1.4.7/eleveldb"
$ infinity  `curl --fail --silent --show-error --location --output '1.4.7.zip' 'https://github.com/basho/eleveldb/archive/1.4.7.zip'  2>&1`
$ cd "/home/pete/wefwefwef/docs/erldocs_other.git"
$ cd "/home/pete/wefwefwef/docs/other/6586272258/eleveldb-tag-1.4.7/eleveldb"
$ 5000  `find -P . -type l -delete  2>&1`
$ cd "/home/pete/wefwefwef/docs/erldocs_other.git"
$ cd "/home/pete/wefwefwef/docs/other/6586272258/eleveldb-tag-1.4.7/eleveldb"
$ 5000  `find 'eleveldb-1.4.7' -mindepth 1 -maxdepth 1 -exec mv -t . -- {} +  2>&1`
$ cd "/home/pete/wefwefwef/docs/erldocs_other.git"
 :: Getting dependencies
$ cd "/home/pete/wefwefwef/docs/other/6586272258/eleveldb-tag-1.4.7/eleveldb"
$ 5000  `ls -1 deps/  2>&1`
$ cd "/home/pete/wefwefwef/docs/erldocs_other.git"
>>> [rebar] deps = []
 :: Generating erldocs into /home/pete/wefwefwef/docs/other/6586272258/repo/1.4.7
Building eleveldb
Generating Type Specs - "/home/pete/wefwefwef/docs/other/6586272258/eleveldb-tag-1.4.7/eleveldb/src/eleveldb.erl"
/home/pete/wefwefwef/docs/other/6586272258/eleveldb-tag-1.4.7/eleveldb/src/eleveldb.erl, function async_iterator/3: at line 162: @spec arity does not match.
EDoc could not process file '/home/pete/wefwefwef/docs/other/6586272258/eleveldb-tag-1.4.7/eleveldb/src/eleveldb.erl'
Error generating type specs for "/home/pete/wefwefwef/docs/other/6586272258/eleveldb-tag-1.4.7/eleveldb/src/eleveldb.erl"
Generating Type Specs - "/home/pete/wefwefwef/docs/other/6586272258/eleveldb-tag-1.4.7/eleveldb/src/eleveldb_bump.erl"
Generating XML for application eleveldb "/home/pete/wefwefwef/docs/other/6586272258/eleveldb-tag-1.4.7/eleveldb" -> "/home/pete/wefwefwef/docs/other/6586272258/repo/1.4.7/.xml/eleveldb"
/home/pete/wefwefwef/docs/other/6586272258/eleveldb-tag-1.4.7/eleveldb/src/eleveldb.erl, function async_iterator/3: at line 161: multiple @spec tag.
edoc: skipping source file '/home/pete/wefwefwef/docs/other/6586272258/eleveldb-tag-1.4.7/eleveldb/src/eleveldb.erl': {'EXIT',
                                                                                                                 error}.
edoc: error in doclet 'edoc_doclet': {'EXIT',error}.
Error generating eleveldb XMLs. Using fallback ...
Generating XML eleveldb - eleveldb "/home/pete/wefwefwef/docs/other/6586272258/eleveldb-tag-1.4.7/eleveldb/src/eleveldb.erl" -> "/home/pete/wefwefwef/docs/other/6586272258/repo/1.4.7/.xml/eleveldb/eleveldb.xml"
/home/pete/wefwefwef/docs/other/6586272258/eleveldb-tag-1.4.7/eleveldb/src/eleveldb.erl, function async_iterator/3: at line 161: multiple @spec tag.
Error generating XML ("/home/pete/wefwefwef/docs/other/6586272258/eleveldb-tag-1.4.7/eleveldb/src/eleveldb.erl"): {'EXIT',
                                                                                                                   error}
Generating XML eleveldb - eleveldb_bump "/home/pete/wefwefwef/docs/other/6586272258/eleveldb-tag-1.4.7/eleveldb/src/eleveldb_bump.erl" -> "/home/pete/wefwefwef/docs/other/6586272258/repo/1.4.7/.xml/eleveldb/eleveldb_bump.xml"
Generating HTML - eleveldb_bump "/home/pete/wefwefwef/docs/other/6586272258/repo/1.4.7/.xml/eleveldb/eleveldb_bump.xml"
Reading XML for "/home/pete/wefwefwef/docs/other/6586272258/repo/1.4.7/.xml/eleveldb/eleveldb_bump.xml"
Reading XML for "/home/pete/wefwefwef/docs/other/6586272258/repo/1.4.7/.xml/specs_eleveldb_bump.xml"
Creating index.html ...
Creating erldocs_index.js ...
Woot, finished in 0 Minutes 0 Seconds
 :: Discovering other repos
$ 5000  `rm -r '/home/pete/wefwefwef/docs/other/6586272258/eleveldb-tag-1.4.7'  2>&1`
 :: Processing https://github.com/basho/eleveldb	{rev,tag,"1.4.9","e3c563b73fc482f02c40c529e5062e9740fa650c"}
 :: Fetching repo code
$ cd "/home/pete/wefwefwef/docs/other/6586272258/eleveldb-tag-1.4.9/eleveldb"
$ infinity  `curl --fail --silent --show-error --location --output '1.4.9.zip' 'https://github.com/basho/eleveldb/archive/1.4.9.zip'  2>&1`
$ cd "/home/pete/wefwefwef/docs/erldocs_other.git"
$ cd "/home/pete/wefwefwef/docs/other/6586272258/eleveldb-tag-1.4.9/eleveldb"
$ 5000  `find -P . -type l -delete  2>&1`
$ cd "/home/pete/wefwefwef/docs/erldocs_other.git"
$ cd "/home/pete/wefwefwef/docs/other/6586272258/eleveldb-tag-1.4.9/eleveldb"
$ 5000  `find 'eleveldb-1.4.9' -mindepth 1 -maxdepth 1 -exec mv -t . -- {} +  2>&1`
$ cd "/home/pete/wefwefwef/docs/erldocs_other.git"
 :: Getting dependencies
$ cd "/home/pete/wefwefwef/docs/other/6586272258/eleveldb-tag-1.4.9/eleveldb"
$ 5000  `ls -1 deps/  2>&1`
$ cd "/home/pete/wefwefwef/docs/erldocs_other.git"
>>> [rebar] deps = []
 :: Generating erldocs into /home/pete/wefwefwef/docs/other/6586272258/repo/1.4.9
Building eleveldb
Generating Type Specs - "/home/pete/wefwefwef/docs/other/6586272258/eleveldb-tag-1.4.9/eleveldb/src/eleveldb.erl"
/home/pete/wefwefwef/docs/other/6586272258/eleveldb-tag-1.4.9/eleveldb/src/eleveldb.erl, function async_iterator/3: at line 162: @spec arity does not match.
EDoc could not process file '/home/pete/wefwefwef/docs/other/6586272258/eleveldb-tag-1.4.9/eleveldb/src/eleveldb.erl'
Error generating type specs for "/home/pete/wefwefwef/docs/other/6586272258/eleveldb-tag-1.4.9/eleveldb/src/eleveldb.erl"
Generating Type Specs - "/home/pete/wefwefwef/docs/other/6586272258/eleveldb-tag-1.4.9/eleveldb/src/eleveldb_bump.erl"
Generating XML for application eleveldb "/home/pete/wefwefwef/docs/other/6586272258/eleveldb-tag-1.4.9/eleveldb" -> "/home/pete/wefwefwef/docs/other/6586272258/repo/1.4.9/.xml/eleveldb"
/home/pete/wefwefwef/docs/other/6586272258/eleveldb-tag-1.4.9/eleveldb/src/eleveldb.erl, function async_iterator/3: at line 161: multiple @spec tag.
edoc: skipping source file '/home/pete/wefwefwef/docs/other/6586272258/eleveldb-tag-1.4.9/eleveldb/src/eleveldb.erl': {'EXIT',
                                                                                                                 error}.
edoc: error in doclet 'edoc_doclet': {'EXIT',error}.
Error generating eleveldb XMLs. Using fallback ...
Generating XML eleveldb - eleveldb "/home/pete/wefwefwef/docs/other/6586272258/eleveldb-tag-1.4.9/eleveldb/src/eleveldb.erl" -> "/home/pete/wefwefwef/docs/other/6586272258/repo/1.4.9/.xml/eleveldb/eleveldb.xml"
/home/pete/wefwefwef/docs/other/6586272258/eleveldb-tag-1.4.9/eleveldb/src/eleveldb.erl, function async_iterator/3: at line 161: multiple @spec tag.
Error generating XML ("/home/pete/wefwefwef/docs/other/6586272258/eleveldb-tag-1.4.9/eleveldb/src/eleveldb.erl"): {'EXIT',
                                                                                                                   error}
Generating XML eleveldb - eleveldb_bump "/home/pete/wefwefwef/docs/other/6586272258/eleveldb-tag-1.4.9/eleveldb/src/eleveldb_bump.erl" -> "/home/pete/wefwefwef/docs/other/6586272258/repo/1.4.9/.xml/eleveldb/eleveldb_bump.xml"
Generating HTML - eleveldb_bump "/home/pete/wefwefwef/docs/other/6586272258/repo/1.4.9/.xml/eleveldb/eleveldb_bump.xml"
Reading XML for "/home/pete/wefwefwef/docs/other/6586272258/repo/1.4.9/.xml/eleveldb/eleveldb_bump.xml"
Reading XML for "/home/pete/wefwefwef/docs/other/6586272258/repo/1.4.9/.xml/specs_eleveldb_bump.xml"
Creating index.html ...
Creating erldocs_index.js ...
Woot, finished in 0 Minutes 0 Seconds
 :: Discovering other repos
$ 5000  `rm -r '/home/pete/wefwefwef/docs/other/6586272258/eleveldb-tag-1.4.9'  2>&1`
 :: Processing https://github.com/basho/eleveldb	{rev,tag,"2.0.0","2c9c5a5f66255266145154bb3ca975087f2a308f"}
 :: Fetching repo code
$ cd "/home/pete/wefwefwef/docs/other/6586272258/eleveldb-tag-2.0.0/eleveldb"
$ infinity  `curl --fail --silent --show-error --location --output '2.0.0.zip' 'https://github.com/basho/eleveldb/archive/2.0.0.zip'  2>&1`
$ cd "/home/pete/wefwefwef/docs/erldocs_other.git"
$ cd "/home/pete/wefwefwef/docs/other/6586272258/eleveldb-tag-2.0.0/eleveldb"
$ 5000  `find -P . -type l -delete  2>&1`
$ cd "/home/pete/wefwefwef/docs/erldocs_other.git"
$ cd "/home/pete/wefwefwef/docs/other/6586272258/eleveldb-tag-2.0.0/eleveldb"
$ 5000  `find 'eleveldb-2.0.0' -mindepth 1 -maxdepth 1 -exec mv -t . -- {} +  2>&1`
$ cd "/home/pete/wefwefwef/docs/erldocs_other.git"
 :: Getting dependencies
$ cd "/home/pete/wefwefwef/docs/other/6586272258/eleveldb-tag-2.0.0/eleveldb"
$ infinity  `rebar --config '/home/pete/wefwefwef/docs/other/6586272258/eleveldb-tag-2.0.0/rebar_deps' get-deps  2>&1`
$ cd "/home/pete/wefwefwef/docs/erldocs_other.git"
$ cd "/home/pete/wefwefwef/docs/other/6586272258/eleveldb-tag-2.0.0/eleveldb"
$ 5000  `find -P . -type l -delete  2>&1`
$ cd "/home/pete/wefwefwef/docs/erldocs_other.git"
$ cd "/home/pete/wefwefwef/docs/other/6586272258/eleveldb-tag-2.0.0/eleveldb"
$ 5000  `ls -1 deps/  2>&1`
$ cd "/home/pete/wefwefwef/docs/erldocs_other.git"
>>> [rebar] deps = ["cuttlefish","getopt","goldrush","lager","neotoma"]
 :: Generating erldocs into /home/pete/wefwefwef/docs/other/6586272258/repo/2.0.0
Building eleveldb
Generating Type Specs - "/home/pete/wefwefwef/docs/other/6586272258/eleveldb-tag-2.0.0/eleveldb/src/eleveldb.erl"
/home/pete/wefwefwef/docs/other/6586272258/eleveldb-tag-2.0.0/eleveldb/src/eleveldb.erl, function async_iterator/3: at line 169: @spec arity does not match.
EDoc could not process file '/home/pete/wefwefwef/docs/other/6586272258/eleveldb-tag-2.0.0/eleveldb/src/eleveldb.erl'
Error generating type specs for "/home/pete/wefwefwef/docs/other/6586272258/eleveldb-tag-2.0.0/eleveldb/src/eleveldb.erl"
Generating Type Specs - "/home/pete/wefwefwef/docs/other/6586272258/eleveldb-tag-2.0.0/eleveldb/src/eleveldb_bump.erl"
Generating XML for application eleveldb "/home/pete/wefwefwef/docs/other/6586272258/eleveldb-tag-2.0.0/eleveldb" -> "/home/pete/wefwefwef/docs/other/6586272258/repo/2.0.0/.xml/eleveldb"
/home/pete/wefwefwef/docs/other/6586272258/eleveldb-tag-2.0.0/eleveldb/src/eleveldb.erl, function async_iterator/3: at line 168: multiple @spec tag.
edoc: skipping source file '/home/pete/wefwefwef/docs/other/6586272258/eleveldb-tag-2.0.0/eleveldb/src/eleveldb.erl': {'EXIT',
                                                                                                                 error}.
edoc: error in doclet 'edoc_doclet': {'EXIT',error}.
Error generating eleveldb XMLs. Using fallback ...
Generating XML eleveldb - eleveldb "/home/pete/wefwefwef/docs/other/6586272258/eleveldb-tag-2.0.0/eleveldb/src/eleveldb.erl" -> "/home/pete/wefwefwef/docs/other/6586272258/repo/2.0.0/.xml/eleveldb/eleveldb.xml"
/home/pete/wefwefwef/docs/other/6586272258/eleveldb-tag-2.0.0/eleveldb/src/eleveldb.erl, function async_iterator/3: at line 168: multiple @spec tag.
Error generating XML ("/home/pete/wefwefwef/docs/other/6586272258/eleveldb-tag-2.0.0/eleveldb/src/eleveldb.erl"): {'EXIT',
                                                                                                                   error}
Generating XML eleveldb - eleveldb_bump "/home/pete/wefwefwef/docs/other/6586272258/eleveldb-tag-2.0.0/eleveldb/src/eleveldb_bump.erl" -> "/home/pete/wefwefwef/docs/other/6586272258/repo/2.0.0/.xml/eleveldb/eleveldb_bump.xml"
Generating HTML - eleveldb_bump "/home/pete/wefwefwef/docs/other/6586272258/repo/2.0.0/.xml/eleveldb/eleveldb_bump.xml"
Reading XML for "/home/pete/wefwefwef/docs/other/6586272258/repo/2.0.0/.xml/eleveldb/eleveldb_bump.xml"
Reading XML for "/home/pete/wefwefwef/docs/other/6586272258/repo/2.0.0/.xml/specs_eleveldb_bump.xml"
Creating index.html ...
Creating erldocs_index.js ...
Woot, finished in 0 Minutes 0 Seconds
 :: Discovering other repos
$ 5000  `rm -r '/home/pete/wefwefwef/docs/other/6586272258/eleveldb-tag-2.0.0'  2>&1`
 :: Processing https://github.com/basho/eleveldb	{rev,tag,"2.0.0beta1","9ab8ed627dd0d8adcddded7d6cbc251a2531e70a"}
 :: Fetching repo code
$ cd "/home/pete/wefwefwef/docs/other/6586272258/eleveldb-tag-2.0.0beta1/eleveldb"
$ infinity  `curl --fail --silent --show-error --location --output '2.0.0beta1.zip' 'https://github.com/basho/eleveldb/archive/2.0.0beta1.zip'  2>&1`
$ cd "/home/pete/wefwefwef/docs/erldocs_other.git"
$ cd "/home/pete/wefwefwef/docs/other/6586272258/eleveldb-tag-2.0.0beta1/eleveldb"
$ 5000  `find -P . -type l -delete  2>&1`
$ cd "/home/pete/wefwefwef/docs/erldocs_other.git"
$ cd "/home/pete/wefwefwef/docs/other/6586272258/eleveldb-tag-2.0.0beta1/eleveldb"
$ 5000  `find 'eleveldb-2.0.0beta1' -mindepth 1 -maxdepth 1 -exec mv -t . -- {} +  2>&1`
$ cd "/home/pete/wefwefwef/docs/erldocs_other.git"
 :: Getting dependencies
$ cd "/home/pete/wefwefwef/docs/other/6586272258/eleveldb-tag-2.0.0beta1/eleveldb"
$ infinity  `rebar --config '/home/pete/wefwefwef/docs/other/6586272258/eleveldb-tag-2.0.0beta1/rebar_deps' get-deps  2>&1`
$ cd "/home/pete/wefwefwef/docs/erldocs_other.git"
$ cd "/home/pete/wefwefwef/docs/other/6586272258/eleveldb-tag-2.0.0beta1/eleveldb"
$ 5000  `find -P . -type l -delete  2>&1`
$ cd "/home/pete/wefwefwef/docs/erldocs_other.git"
$ cd "/home/pete/wefwefwef/docs/other/6586272258/eleveldb-tag-2.0.0beta1/eleveldb"
$ 5000  `ls -1 deps/  2>&1`
$ cd "/home/pete/wefwefwef/docs/erldocs_other.git"
>>> [rebar] deps = ["cuttlefish","getopt","goldrush","lager","neotoma"]
 :: Generating erldocs into /home/pete/wefwefwef/docs/other/6586272258/repo/2.0.0beta1
Building eleveldb
Generating Type Specs - "/home/pete/wefwefwef/docs/other/6586272258/eleveldb-tag-2.0.0beta1/eleveldb/src/eleveldb.erl"
/home/pete/wefwefwef/docs/other/6586272258/eleveldb-tag-2.0.0beta1/eleveldb/src/eleveldb.erl, function async_iterator/3: at line 168: @spec arity does not match.
EDoc could not process file '/home/pete/wefwefwef/docs/other/6586272258/eleveldb-tag-2.0.0beta1/eleveldb/src/eleveldb.erl'
Error generating type specs for "/home/pete/wefwefwef/docs/other/6586272258/eleveldb-tag-2.0.0beta1/eleveldb/src/eleveldb.erl"
Generating Type Specs - "/home/pete/wefwefwef/docs/other/6586272258/eleveldb-tag-2.0.0beta1/eleveldb/src/eleveldb_bump.erl"
Generating XML for application eleveldb "/home/pete/wefwefwef/docs/other/6586272258/eleveldb-tag-2.0.0beta1/eleveldb" -> "/home/pete/wefwefwef/docs/other/6586272258/repo/2.0.0beta1/.xml/eleveldb"
/home/pete/wefwefwef/docs/other/6586272258/eleveldb-tag-2.0.0beta1/eleveldb/src/eleveldb.erl, function async_iterator/3: at line 167: multiple @spec tag.
edoc: skipping source file '/home/pete/wefwefwef/docs/other/6586272258/eleveldb-tag-2.0.0beta1/eleveldb/src/eleveldb.erl': {'EXIT',
                                                                                                                      error}.
edoc: error in doclet 'edoc_doclet': {'EXIT',error}.
Error generating eleveldb XMLs. Using fallback ...
Generating XML eleveldb - eleveldb "/home/pete/wefwefwef/docs/other/6586272258/eleveldb-tag-2.0.0beta1/eleveldb/src/eleveldb.erl" -> "/home/pete/wefwefwef/docs/other/6586272258/repo/2.0.0beta1/.xml/eleveldb/eleveldb.xml"
/home/pete/wefwefwef/docs/other/6586272258/eleveldb-tag-2.0.0beta1/eleveldb/src/eleveldb.erl, function async_iterator/3: at line 167: multiple @spec tag.
Error generating XML ("/home/pete/wefwefwef/docs/other/6586272258/eleveldb-tag-2.0.0beta1/eleveldb/src/eleveldb.erl"): {'EXIT',
                                                                                                                        error}
Generating XML eleveldb - eleveldb_bump "/home/pete/wefwefwef/docs/other/6586272258/eleveldb-tag-2.0.0beta1/eleveldb/src/eleveldb_bump.erl" -> "/home/pete/wefwefwef/docs/other/6586272258/repo/2.0.0beta1/.xml/eleveldb/eleveldb_bump.xml"
Generating HTML - eleveldb_bump "/home/pete/wefwefwef/docs/other/6586272258/repo/2.0.0beta1/.xml/eleveldb/eleveldb_bump.xml"
Reading XML for "/home/pete/wefwefwef/docs/other/6586272258/repo/2.0.0beta1/.xml/eleveldb/eleveldb_bump.xml"
Reading XML for "/home/pete/wefwefwef/docs/other/6586272258/repo/2.0.0beta1/.xml/specs_eleveldb_bump.xml"
Creating index.html ...
Creating erldocs_index.js ...
Woot, finished in 0 Minutes 0 Seconds
 :: Discovering other repos
$ 5000  `rm -r '/home/pete/wefwefwef/docs/other/6586272258/eleveldb-tag-2.0.0beta1'  2>&1`
 :: Processing https://github.com/basho/eleveldb	{rev,tag,"2.0.0pre1","2f6f520cb9a84a7507675540275582f58d59e1cf"}
 :: Fetching repo code
$ cd "/home/pete/wefwefwef/docs/other/6586272258/eleveldb-tag-2.0.0pre1/eleveldb"
$ infinity  `curl --fail --silent --show-error --location --output '2.0.0pre1.zip' 'https://github.com/basho/eleveldb/archive/2.0.0pre1.zip'  2>&1`
$ cd "/home/pete/wefwefwef/docs/erldocs_other.git"
$ cd "/home/pete/wefwefwef/docs/other/6586272258/eleveldb-tag-2.0.0pre1/eleveldb"
$ 5000  `find -P . -type l -delete  2>&1`
$ cd "/home/pete/wefwefwef/docs/erldocs_other.git"
$ cd "/home/pete/wefwefwef/docs/other/6586272258/eleveldb-tag-2.0.0pre1/eleveldb"
$ 5000  `find 'eleveldb-2.0.0pre1' -mindepth 1 -maxdepth 1 -exec mv -t . -- {} +  2>&1`
$ cd "/home/pete/wefwefwef/docs/erldocs_other.git"
 :: Getting dependencies
$ cd "/home/pete/wefwefwef/docs/other/6586272258/eleveldb-tag-2.0.0pre1/eleveldb"
$ 5000  `ls -1 deps/  2>&1`
$ cd "/home/pete/wefwefwef/docs/erldocs_other.git"
>>> [rebar] deps = []
 :: Generating erldocs into /home/pete/wefwefwef/docs/other/6586272258/repo/2.0.0pre1
Building eleveldb
Generating Type Specs - "/home/pete/wefwefwef/docs/other/6586272258/eleveldb-tag-2.0.0pre1/eleveldb/src/eleveldb.erl"
/home/pete/wefwefwef/docs/other/6586272258/eleveldb-tag-2.0.0pre1/eleveldb/src/eleveldb.erl, function async_iterator/3: at line 160: @spec arity does not match.
EDoc could not process file '/home/pete/wefwefwef/docs/other/6586272258/eleveldb-tag-2.0.0pre1/eleveldb/src/eleveldb.erl'
Error generating type specs for "/home/pete/wefwefwef/docs/other/6586272258/eleveldb-tag-2.0.0pre1/eleveldb/src/eleveldb.erl"
Generating Type Specs - "/home/pete/wefwefwef/docs/other/6586272258/eleveldb-tag-2.0.0pre1/eleveldb/src/eleveldb_bump.erl"
Generating XML for application eleveldb "/home/pete/wefwefwef/docs/other/6586272258/eleveldb-tag-2.0.0pre1/eleveldb" -> "/home/pete/wefwefwef/docs/other/6586272258/repo/2.0.0pre1/.xml/eleveldb"
/home/pete/wefwefwef/docs/other/6586272258/eleveldb-tag-2.0.0pre1/eleveldb/src/eleveldb.erl, function async_iterator/3: at line 159: multiple @spec tag.
edoc: skipping source file '/home/pete/wefwefwef/docs/other/6586272258/eleveldb-tag-2.0.0pre1/eleveldb/src/eleveldb.erl': {'EXIT',
                                                                                                                     error}.
edoc: error in doclet 'edoc_doclet': {'EXIT',error}.
Error generating eleveldb XMLs. Using fallback ...
Generating XML eleveldb - eleveldb "/home/pete/wefwefwef/docs/other/6586272258/eleveldb-tag-2.0.0pre1/eleveldb/src/eleveldb.erl" -> "/home/pete/wefwefwef/docs/other/6586272258/repo/2.0.0pre1/.xml/eleveldb/eleveldb.xml"
/home/pete/wefwefwef/docs/other/6586272258/eleveldb-tag-2.0.0pre1/eleveldb/src/eleveldb.erl, function async_iterator/3: at line 159: multiple @spec tag.
Error generating XML ("/home/pete/wefwefwef/docs/other/6586272258/eleveldb-tag-2.0.0pre1/eleveldb/src/eleveldb.erl"): {'EXIT',
                                                                                                                       error}
Generating XML eleveldb - eleveldb_bump "/home/pete/wefwefwef/docs/other/6586272258/eleveldb-tag-2.0.0pre1/eleveldb/src/eleveldb_bump.erl" -> "/home/pete/wefwefwef/docs/other/6586272258/repo/2.0.0pre1/.xml/eleveldb/eleveldb_bump.xml"
Generating HTML - eleveldb_bump "/home/pete/wefwefwef/docs/other/6586272258/repo/2.0.0pre1/.xml/eleveldb/eleveldb_bump.xml"
Reading XML for "/home/pete/wefwefwef/docs/other/6586272258/repo/2.0.0pre1/.xml/eleveldb/eleveldb_bump.xml"
Reading XML for "/home/pete/wefwefwef/docs/other/6586272258/repo/2.0.0pre1/.xml/specs_eleveldb_bump.xml"
Creating index.html ...
Creating erldocs_index.js ...
Woot, finished in 0 Minutes 0 Seconds
 :: Discovering other repos
$ 5000  `rm -r '/home/pete/wefwefwef/docs/other/6586272258/eleveldb-tag-2.0.0pre1'  2>&1`
 :: Processing https://github.com/basho/eleveldb	{rev,tag,"2.0.0rc1","8f1d1f6fb473b4ed221374859dfd92a7b97b86fe"}
 :: Fetching repo code
$ cd "/home/pete/wefwefwef/docs/other/6586272258/eleveldb-tag-2.0.0rc1/eleveldb"
$ infinity  `curl --fail --silent --show-error --location --output '2.0.0rc1.zip' 'https://github.com/basho/eleveldb/archive/2.0.0rc1.zip'  2>&1`
$ cd "/home/pete/wefwefwef/docs/erldocs_other.git"
$ cd "/home/pete/wefwefwef/docs/other/6586272258/eleveldb-tag-2.0.0rc1/eleveldb"
$ 5000  `find -P . -type l -delete  2>&1`
$ cd "/home/pete/wefwefwef/docs/erldocs_other.git"
$ cd "/home/pete/wefwefwef/docs/other/6586272258/eleveldb-tag-2.0.0rc1/eleveldb"
$ 5000  `find 'eleveldb-2.0.0rc1' -mindepth 1 -maxdepth 1 -exec mv -t . -- {} +  2>&1`
$ cd "/home/pete/wefwefwef/docs/erldocs_other.git"
 :: Getting dependencies
$ cd "/home/pete/wefwefwef/docs/other/6586272258/eleveldb-tag-2.0.0rc1/eleveldb"
$ infinity  `rebar --config '/home/pete/wefwefwef/docs/other/6586272258/eleveldb-tag-2.0.0rc1/rebar_deps' get-deps  2>&1`
$ cd "/home/pete/wefwefwef/docs/erldocs_other.git"
$ cd "/home/pete/wefwefwef/docs/other/6586272258/eleveldb-tag-2.0.0rc1/eleveldb"
$ 5000  `find -P . -type l -delete  2>&1`
$ cd "/home/pete/wefwefwef/docs/erldocs_other.git"
$ cd "/home/pete/wefwefwef/docs/other/6586272258/eleveldb-tag-2.0.0rc1/eleveldb"
$ 5000  `ls -1 deps/  2>&1`
$ cd "/home/pete/wefwefwef/docs/erldocs_other.git"
>>> [rebar] deps = ["cuttlefish","getopt","goldrush","lager","neotoma"]
 :: Generating erldocs into /home/pete/wefwefwef/docs/other/6586272258/repo/2.0.0rc1
Building eleveldb
Generating Type Specs - "/home/pete/wefwefwef/docs/other/6586272258/eleveldb-tag-2.0.0rc1/eleveldb/src/eleveldb.erl"
/home/pete/wefwefwef/docs/other/6586272258/eleveldb-tag-2.0.0rc1/eleveldb/src/eleveldb.erl, function async_iterator/3: at line 169: @spec arity does not match.
EDoc could not process file '/home/pete/wefwefwef/docs/other/6586272258/eleveldb-tag-2.0.0rc1/eleveldb/src/eleveldb.erl'
Error generating type specs for "/home/pete/wefwefwef/docs/other/6586272258/eleveldb-tag-2.0.0rc1/eleveldb/src/eleveldb.erl"
Generating Type Specs - "/home/pete/wefwefwef/docs/other/6586272258/eleveldb-tag-2.0.0rc1/eleveldb/src/eleveldb_bump.erl"
Generating XML for application eleveldb "/home/pete/wefwefwef/docs/other/6586272258/eleveldb-tag-2.0.0rc1/eleveldb" -> "/home/pete/wefwefwef/docs/other/6586272258/repo/2.0.0rc1/.xml/eleveldb"
/home/pete/wefwefwef/docs/other/6586272258/eleveldb-tag-2.0.0rc1/eleveldb/src/eleveldb.erl, function async_iterator/3: at line 168: multiple @spec tag.
edoc: skipping source file '/home/pete/wefwefwef/docs/other/6586272258/eleveldb-tag-2.0.0rc1/eleveldb/src/eleveldb.erl': {'EXIT',
                                                                                                                    error}.
edoc: error in doclet 'edoc_doclet': {'EXIT',error}.
Error generating eleveldb XMLs. Using fallback ...
Generating XML eleveldb - eleveldb "/home/pete/wefwefwef/docs/other/6586272258/eleveldb-tag-2.0.0rc1/eleveldb/src/eleveldb.erl" -> "/home/pete/wefwefwef/docs/other/6586272258/repo/2.0.0rc1/.xml/eleveldb/eleveldb.xml"
/home/pete/wefwefwef/docs/other/6586272258/eleveldb-tag-2.0.0rc1/eleveldb/src/eleveldb.erl, function async_iterator/3: at line 168: multiple @spec tag.
Error generating XML ("/home/pete/wefwefwef/docs/other/6586272258/eleveldb-tag-2.0.0rc1/eleveldb/src/eleveldb.erl"): {'EXIT',
                                                                                                                      error}
Generating XML eleveldb - eleveldb_bump "/home/pete/wefwefwef/docs/other/6586272258/eleveldb-tag-2.0.0rc1/eleveldb/src/eleveldb_bump.erl" -> "/home/pete/wefwefwef/docs/other/6586272258/repo/2.0.0rc1/.xml/eleveldb/eleveldb_bump.xml"
Generating HTML - eleveldb_bump "/home/pete/wefwefwef/docs/other/6586272258/repo/2.0.0rc1/.xml/eleveldb/eleveldb_bump.xml"
Reading XML for "/home/pete/wefwefwef/docs/other/6586272258/repo/2.0.0rc1/.xml/eleveldb/eleveldb_bump.xml"
Reading XML for "/home/pete/wefwefwef/docs/other/6586272258/repo/2.0.0rc1/.xml/specs_eleveldb_bump.xml"
Creating index.html ...
Creating erldocs_index.js ...
Woot, finished in 0 Minutes 0 Seconds
 :: Discovering other repos
$ 5000  `rm -r '/home/pete/wefwefwef/docs/other/6586272258/eleveldb-tag-2.0.0rc1'  2>&1`
 :: Processing https://github.com/basho/eleveldb	{rev,tag,"2.0.0rc2","9beafceb540eb256aed0d7c3d214a2100d76f017"}
 :: Fetching repo code
$ cd "/home/pete/wefwefwef/docs/other/6586272258/eleveldb-tag-2.0.0rc2/eleveldb"
$ infinity  `curl --fail --silent --show-error --location --output '2.0.0rc2.zip' 'https://github.com/basho/eleveldb/archive/2.0.0rc2.zip'  2>&1`
$ cd "/home/pete/wefwefwef/docs/erldocs_other.git"
$ cd "/home/pete/wefwefwef/docs/other/6586272258/eleveldb-tag-2.0.0rc2/eleveldb"
$ 5000  `find -P . -type l -delete  2>&1`
$ cd "/home/pete/wefwefwef/docs/erldocs_other.git"
$ cd "/home/pete/wefwefwef/docs/other/6586272258/eleveldb-tag-2.0.0rc2/eleveldb"
$ 5000  `find 'eleveldb-2.0.0rc2' -mindepth 1 -maxdepth 1 -exec mv -t . -- {} +  2>&1`
$ cd "/home/pete/wefwefwef/docs/erldocs_other.git"
 :: Getting dependencies
$ cd "/home/pete/wefwefwef/docs/other/6586272258/eleveldb-tag-2.0.0rc2/eleveldb"
$ infinity  `rebar --config '/home/pete/wefwefwef/docs/other/6586272258/eleveldb-tag-2.0.0rc2/rebar_deps' get-deps  2>&1`
$ cd "/home/pete/wefwefwef/docs/erldocs_other.git"
$ cd "/home/pete/wefwefwef/docs/other/6586272258/eleveldb-tag-2.0.0rc2/eleveldb"
$ 5000  `find -P . -type l -delete  2>&1`
$ cd "/home/pete/wefwefwef/docs/erldocs_other.git"
$ cd "/home/pete/wefwefwef/docs/other/6586272258/eleveldb-tag-2.0.0rc2/eleveldb"
$ 5000  `ls -1 deps/  2>&1`
$ cd "/home/pete/wefwefwef/docs/erldocs_other.git"
>>> [rebar] deps = ["cuttlefish","getopt","goldrush","lager","neotoma"]
 :: Generating erldocs into /home/pete/wefwefwef/docs/other/6586272258/repo/2.0.0rc2
Building eleveldb
Generating Type Specs - "/home/pete/wefwefwef/docs/other/6586272258/eleveldb-tag-2.0.0rc2/eleveldb/src/eleveldb.erl"
/home/pete/wefwefwef/docs/other/6586272258/eleveldb-tag-2.0.0rc2/eleveldb/src/eleveldb.erl, function async_iterator/3: at line 169: @spec arity does not match.
EDoc could not process file '/home/pete/wefwefwef/docs/other/6586272258/eleveldb-tag-2.0.0rc2/eleveldb/src/eleveldb.erl'
Error generating type specs for "/home/pete/wefwefwef/docs/other/6586272258/eleveldb-tag-2.0.0rc2/eleveldb/src/eleveldb.erl"
Generating Type Specs - "/home/pete/wefwefwef/docs/other/6586272258/eleveldb-tag-2.0.0rc2/eleveldb/src/eleveldb_bump.erl"
Generating XML for application eleveldb "/home/pete/wefwefwef/docs/other/6586272258/eleveldb-tag-2.0.0rc2/eleveldb" -> "/home/pete/wefwefwef/docs/other/6586272258/repo/2.0.0rc2/.xml/eleveldb"
/home/pete/wefwefwef/docs/other/6586272258/eleveldb-tag-2.0.0rc2/eleveldb/src/eleveldb.erl, function async_iterator/3: at line 168: multiple @spec tag.
edoc: skipping source file '/home/pete/wefwefwef/docs/other/6586272258/eleveldb-tag-2.0.0rc2/eleveldb/src/eleveldb.erl': {'EXIT',
                                                                                                                    error}.
edoc: error in doclet 'edoc_doclet': {'EXIT',error}.
Error generating eleveldb XMLs. Using fallback ...
Generating XML eleveldb - eleveldb "/home/pete/wefwefwef/docs/other/6586272258/eleveldb-tag-2.0.0rc2/eleveldb/src/eleveldb.erl" -> "/home/pete/wefwefwef/docs/other/6586272258/repo/2.0.0rc2/.xml/eleveldb/eleveldb.xml"
/home/pete/wefwefwef/docs/other/6586272258/eleveldb-tag-2.0.0rc2/eleveldb/src/eleveldb.erl, function async_iterator/3: at line 168: multiple @spec tag.
Error generating XML ("/home/pete/wefwefwef/docs/other/6586272258/eleveldb-tag-2.0.0rc2/eleveldb/src/eleveldb.erl"): {'EXIT',
                                                                                                                      error}
Generating XML eleveldb - eleveldb_bump "/home/pete/wefwefwef/docs/other/6586272258/eleveldb-tag-2.0.0rc2/eleveldb/src/eleveldb_bump.erl" -> "/home/pete/wefwefwef/docs/other/6586272258/repo/2.0.0rc2/.xml/eleveldb/eleveldb_bump.xml"
Generating HTML - eleveldb_bump "/home/pete/wefwefwef/docs/other/6586272258/repo/2.0.0rc2/.xml/eleveldb/eleveldb_bump.xml"
Reading XML for "/home/pete/wefwefwef/docs/other/6586272258/repo/2.0.0rc2/.xml/eleveldb/eleveldb_bump.xml"
Reading XML for "/home/pete/wefwefwef/docs/other/6586272258/repo/2.0.0rc2/.xml/specs_eleveldb_bump.xml"
Creating index.html ...
Creating erldocs_index.js ...
Woot, finished in 0 Minutes 0 Seconds
 :: Discovering other repos
$ 5000  `rm -r '/home/pete/wefwefwef/docs/other/6586272258/eleveldb-tag-2.0.0rc2'  2>&1`
 :: Processing https://github.com/basho/eleveldb	{rev,tag,"2.0.1","a5b514846de953649dd031bdf294280179b655ff"}
 :: Fetching repo code
$ cd "/home/pete/wefwefwef/docs/other/6586272258/eleveldb-tag-2.0.1/eleveldb"
$ infinity  `curl --fail --silent --show-error --location --output '2.0.1.zip' 'https://github.com/basho/eleveldb/archive/2.0.1.zip'  2>&1`
$ cd "/home/pete/wefwefwef/docs/erldocs_other.git"
$ cd "/home/pete/wefwefwef/docs/other/6586272258/eleveldb-tag-2.0.1/eleveldb"
$ 5000  `find -P . -type l -delete  2>&1`
$ cd "/home/pete/wefwefwef/docs/erldocs_other.git"
$ cd "/home/pete/wefwefwef/docs/other/6586272258/eleveldb-tag-2.0.1/eleveldb"
$ 5000  `find 'eleveldb-2.0.1' -mindepth 1 -maxdepth 1 -exec mv -t . -- {} +  2>&1`
$ cd "/home/pete/wefwefwef/docs/erldocs_other.git"
 :: Getting dependencies
$ cd "/home/pete/wefwefwef/docs/other/6586272258/eleveldb-tag-2.0.1/eleveldb"
$ infinity  `rebar --config '/home/pete/wefwefwef/docs/other/6586272258/eleveldb-tag-2.0.1/rebar_deps' get-deps  2>&1`
$ cd "/home/pete/wefwefwef/docs/erldocs_other.git"
$ cd "/home/pete/wefwefwef/docs/other/6586272258/eleveldb-tag-2.0.1/eleveldb"
$ 5000  `find -P . -type l -delete  2>&1`
$ cd "/home/pete/wefwefwef/docs/erldocs_other.git"
$ cd "/home/pete/wefwefwef/docs/other/6586272258/eleveldb-tag-2.0.1/eleveldb"
$ 5000  `ls -1 deps/  2>&1`
$ cd "/home/pete/wefwefwef/docs/erldocs_other.git"
>>> [rebar] deps = ["cuttlefish","getopt","goldrush","lager","neotoma"]
 :: Generating erldocs into /home/pete/wefwefwef/docs/other/6586272258/repo/2.0.1
Building eleveldb
Generating Type Specs - "/home/pete/wefwefwef/docs/other/6586272258/eleveldb-tag-2.0.1/eleveldb/src/eleveldb.erl"
Generating Type Specs - "/home/pete/wefwefwef/docs/other/6586272258/eleveldb-tag-2.0.1/eleveldb/src/eleveldb_bump.erl"
Generating XML for application eleveldb "/home/pete/wefwefwef/docs/other/6586272258/eleveldb-tag-2.0.1/eleveldb" -> "/home/pete/wefwefwef/docs/other/6586272258/repo/2.0.1/.xml/eleveldb"
Generated eleveldb XMLs: ["/home/pete/wefwefwef/docs/other/6586272258/repo/2.0.1/.xml/eleveldb/eleveldb_bump.xml",
                          "/home/pete/wefwefwef/docs/other/6586272258/repo/2.0.1/.xml/eleveldb/eleveldb.xml"]
Generating HTML - eleveldb "/home/pete/wefwefwef/docs/other/6586272258/repo/2.0.1/.xml/eleveldb/eleveldb.xml"
Reading XML for "/home/pete/wefwefwef/docs/other/6586272258/repo/2.0.1/.xml/eleveldb/eleveldb.xml"
Reading XML for "/home/pete/wefwefwef/docs/other/6586272258/repo/2.0.1/.xml/specs_eleveldb.xml"
Generating HTML - eleveldb_bump "/home/pete/wefwefwef/docs/other/6586272258/repo/2.0.1/.xml/eleveldb/eleveldb_bump.xml"
Reading XML for "/home/pete/wefwefwef/docs/other/6586272258/repo/2.0.1/.xml/eleveldb/eleveldb_bump.xml"
Reading XML for "/home/pete/wefwefwef/docs/other/6586272258/repo/2.0.1/.xml/specs_eleveldb_bump.xml"
Creating index.html ...
Creating erldocs_index.js ...
Woot, finished in 0 Minutes 0 Seconds
 :: Discovering other repos
$ 5000  `rm -r '/home/pete/wefwefwef/docs/other/6586272258/eleveldb-tag-2.0.1'  2>&1`
 :: Processing https://github.com/basho/eleveldb	{rev,tag,"2.0.2","0e4e4e7cf3ddc26523a77f853ea9409c1707b26c"}
 :: Fetching repo code
$ cd "/home/pete/wefwefwef/docs/other/6586272258/eleveldb-tag-2.0.2/eleveldb"
$ infinity  `curl --fail --silent --show-error --location --output '2.0.2.zip' 'https://github.com/basho/eleveldb/archive/2.0.2.zip'  2>&1`
$ cd "/home/pete/wefwefwef/docs/erldocs_other.git"
$ cd "/home/pete/wefwefwef/docs/other/6586272258/eleveldb-tag-2.0.2/eleveldb"
$ 5000  `find -P . -type l -delete  2>&1`
$ cd "/home/pete/wefwefwef/docs/erldocs_other.git"
$ cd "/home/pete/wefwefwef/docs/other/6586272258/eleveldb-tag-2.0.2/eleveldb"
$ 5000  `find 'eleveldb-2.0.2' -mindepth 1 -maxdepth 1 -exec mv -t . -- {} +  2>&1`
$ cd "/home/pete/wefwefwef/docs/erldocs_other.git"
 :: Getting dependencies
$ cd "/home/pete/wefwefwef/docs/other/6586272258/eleveldb-tag-2.0.2/eleveldb"
$ infinity  `rebar --config '/home/pete/wefwefwef/docs/other/6586272258/eleveldb-tag-2.0.2/rebar_deps' get-deps  2>&1`
$ cd "/home/pete/wefwefwef/docs/erldocs_other.git"
$ cd "/home/pete/wefwefwef/docs/other/6586272258/eleveldb-tag-2.0.2/eleveldb"
$ 5000  `find -P . -type l -delete  2>&1`
$ cd "/home/pete/wefwefwef/docs/erldocs_other.git"
$ cd "/home/pete/wefwefwef/docs/other/6586272258/eleveldb-tag-2.0.2/eleveldb"
$ 5000  `ls -1 deps/  2>&1`
$ cd "/home/pete/wefwefwef/docs/erldocs_other.git"
>>> [rebar] deps = ["cuttlefish","getopt","goldrush","lager","neotoma"]
 :: Generating erldocs into /home/pete/wefwefwef/docs/other/6586272258/repo/2.0.2
Building eleveldb
Generating Type Specs - "/home/pete/wefwefwef/docs/other/6586272258/eleveldb-tag-2.0.2/eleveldb/src/eleveldb.erl"
Generating Type Specs - "/home/pete/wefwefwef/docs/other/6586272258/eleveldb-tag-2.0.2/eleveldb/src/eleveldb_bump.erl"
Generating XML for application eleveldb "/home/pete/wefwefwef/docs/other/6586272258/eleveldb-tag-2.0.2/eleveldb" -> "/home/pete/wefwefwef/docs/other/6586272258/repo/2.0.2/.xml/eleveldb"
Generated eleveldb XMLs: ["/home/pete/wefwefwef/docs/other/6586272258/repo/2.0.2/.xml/eleveldb/eleveldb_bump.xml",
                          "/home/pete/wefwefwef/docs/other/6586272258/repo/2.0.2/.xml/eleveldb/eleveldb.xml"]
Generating HTML - eleveldb "/home/pete/wefwefwef/docs/other/6586272258/repo/2.0.2/.xml/eleveldb/eleveldb.xml"
Reading XML for "/home/pete/wefwefwef/docs/other/6586272258/repo/2.0.2/.xml/eleveldb/eleveldb.xml"
Reading XML for "/home/pete/wefwefwef/docs/other/6586272258/repo/2.0.2/.xml/specs_eleveldb.xml"
Generating HTML - eleveldb_bump "/home/pete/wefwefwef/docs/other/6586272258/repo/2.0.2/.xml/eleveldb/eleveldb_bump.xml"
Reading XML for "/home/pete/wefwefwef/docs/other/6586272258/repo/2.0.2/.xml/eleveldb/eleveldb_bump.xml"
Reading XML for "/home/pete/wefwefwef/docs/other/6586272258/repo/2.0.2/.xml/specs_eleveldb_bump.xml"
Creating index.html ...
Creating erldocs_index.js ...
Woot, finished in 0 Minutes 0 Seconds
 :: Discovering other repos
$ 5000  `rm -r '/home/pete/wefwefwef/docs/other/6586272258/eleveldb-tag-2.0.2'  2>&1`
 :: Processing https://github.com/basho/eleveldb	{rev,tag,"1.2.2p1","090c90eab158ea01b66de4781f41dd7fcf5bf5c9"}
 :: Fetching repo code
$ cd "/home/pete/wefwefwef/docs/other/6586272258/eleveldb-tag-1.2.2p1/eleveldb"
$ infinity  `curl --fail --silent --show-error --location --output '1.2.2p1.zip' 'https://github.com/basho/eleveldb/archive/1.2.2p1.zip'  2>&1`
$ cd "/home/pete/wefwefwef/docs/erldocs_other.git"
$ cd "/home/pete/wefwefwef/docs/other/6586272258/eleveldb-tag-1.2.2p1/eleveldb"
$ 5000  `find -P . -type l -delete  2>&1`
$ cd "/home/pete/wefwefwef/docs/erldocs_other.git"
$ cd "/home/pete/wefwefwef/docs/other/6586272258/eleveldb-tag-1.2.2p1/eleveldb"
$ 5000  `find 'eleveldb-1.2.2p1' -mindepth 1 -maxdepth 1 -exec mv -t . -- {} +  2>&1`
$ cd "/home/pete/wefwefwef/docs/erldocs_other.git"
 :: Getting dependencies
$ cd "/home/pete/wefwefwef/docs/other/6586272258/eleveldb-tag-1.2.2p1/eleveldb"
$ 5000  `ls -1 deps/  2>&1`
$ cd "/home/pete/wefwefwef/docs/erldocs_other.git"
>>> [rebar] deps = []
 :: Generating erldocs into /home/pete/wefwefwef/docs/other/6586272258/repo/1.2.2p1
Building eleveldb
Generating Type Specs - "/home/pete/wefwefwef/docs/other/6586272258/eleveldb-tag-1.2.2p1/eleveldb/src/eleveldb.erl"
Generating XML for application eleveldb "/home/pete/wefwefwef/docs/other/6586272258/eleveldb-tag-1.2.2p1/eleveldb" -> "/home/pete/wefwefwef/docs/other/6586272258/repo/1.2.2p1/.xml/eleveldb"
Generated eleveldb XMLs: ["/home/pete/wefwefwef/docs/other/6586272258/repo/1.2.2p1/.xml/eleveldb/eleveldb.xml"]
Generating HTML - eleveldb "/home/pete/wefwefwef/docs/other/6586272258/repo/1.2.2p1/.xml/eleveldb/eleveldb.xml"
Reading XML for "/home/pete/wefwefwef/docs/other/6586272258/repo/1.2.2p1/.xml/eleveldb/eleveldb.xml"
Reading XML for "/home/pete/wefwefwef/docs/other/6586272258/repo/1.2.2p1/.xml/specs_eleveldb.xml"
Creating index.html ...
Creating erldocs_index.js ...
Woot, finished in 0 Minutes 0 Seconds
 :: Discovering other repos
$ 5000  `rm -r '/home/pete/wefwefwef/docs/other/6586272258/eleveldb-tag-1.2.2p1'  2>&1`
 :: Processing https://github.com/basho/eleveldb	{rev,branch,"1.1.0-fixcache-leak","7e2a5aae5f788959bb85e6ebe341e1c44b12bddf"}
 :: Fetching repo code
$ cd "/home/pete/wefwefwef/docs/other/6586272258/eleveldb-branch-1.1.0-fixcache-leak/eleveldb"
$ infinity  `curl --fail --silent --show-error --location --output '1.1.0-fixcache-leak.zip' 'https://github.com/basho/eleveldb/archive/1.1.0-fixcache-leak.zip'  2>&1`
$ cd "/home/pete/wefwefwef/docs/erldocs_other.git"
$ cd "/home/pete/wefwefwef/docs/other/6586272258/eleveldb-branch-1.1.0-fixcache-leak/eleveldb"
$ 5000  `find -P . -type l -delete  2>&1`
$ cd "/home/pete/wefwefwef/docs/erldocs_other.git"
$ cd "/home/pete/wefwefwef/docs/other/6586272258/eleveldb-branch-1.1.0-fixcache-leak/eleveldb"
$ 5000  `find 'eleveldb-1.1.0-fixcache-leak' -mindepth 1 -maxdepth 1 -exec mv -t . -- {} +  2>&1`
$ cd "/home/pete/wefwefwef/docs/erldocs_other.git"
 :: Getting dependencies
$ cd "/home/pete/wefwefwef/docs/other/6586272258/eleveldb-branch-1.1.0-fixcache-leak/eleveldb"
$ 5000  `ls -1 deps/  2>&1`
$ cd "/home/pete/wefwefwef/docs/erldocs_other.git"
>>> [rebar] deps = []
 :: Generating erldocs into /home/pete/wefwefwef/docs/other/6586272258/repo/1.1.0-fixcache-leak
Building eleveldb
Generating Type Specs - "/home/pete/wefwefwef/docs/other/6586272258/eleveldb-branch-1.1.0-fixcache-leak/eleveldb/src/eleveldb.erl"
Generating XML for application eleveldb "/home/pete/wefwefwef/docs/other/6586272258/eleveldb-branch-1.1.0-fixcache-leak/eleveldb" -> "/home/pete/wefwefwef/docs/other/6586272258/repo/1.1.0-fixcache-leak/.xml/eleveldb"
Generated eleveldb XMLs: ["/home/pete/wefwefwef/docs/other/6586272258/repo/1.1.0-fixcache-leak/.xml/eleveldb/eleveldb.xml"]
Generating HTML - eleveldb "/home/pete/wefwefwef/docs/other/6586272258/repo/1.1.0-fixcache-leak/.xml/eleveldb/eleveldb.xml"
Reading XML for "/home/pete/wefwefwef/docs/other/6586272258/repo/1.1.0-fixcache-leak/.xml/eleveldb/eleveldb.xml"
Reading XML for "/home/pete/wefwefwef/docs/other/6586272258/repo/1.1.0-fixcache-leak/.xml/specs_eleveldb.xml"
Creating index.html ...
Creating erldocs_index.js ...
Woot, finished in 0 Minutes 0 Seconds
 :: Discovering other repos
$ 5000  `rm -r '/home/pete/wefwefwef/docs/other/6586272258/eleveldb-branch-1.1.0-fixcache-leak'  2>&1`
 :: Processing https://github.com/basho/eleveldb	{rev,branch,"1.2.2-anya","4ebf8170f328fcd83ce1e2de23773fab55306a57"}
 :: Fetching repo code
$ cd "/home/pete/wefwefwef/docs/other/6586272258/eleveldb-branch-1.2.2-anya/eleveldb"
$ infinity  `curl --fail --silent --show-error --location --output '1.2.2-anya.zip' 'https://github.com/basho/eleveldb/archive/1.2.2-anya.zip'  2>&1`
$ cd "/home/pete/wefwefwef/docs/erldocs_other.git"
$ cd "/home/pete/wefwefwef/docs/other/6586272258/eleveldb-branch-1.2.2-anya/eleveldb"
$ 5000  `find -P . -type l -delete  2>&1`
$ cd "/home/pete/wefwefwef/docs/erldocs_other.git"
$ cd "/home/pete/wefwefwef/docs/other/6586272258/eleveldb-branch-1.2.2-anya/eleveldb"
$ 5000  `find 'eleveldb-1.2.2-anya' -mindepth 1 -maxdepth 1 -exec mv -t . -- {} +  2>&1`
$ cd "/home/pete/wefwefwef/docs/erldocs_other.git"
 :: Getting dependencies
$ cd "/home/pete/wefwefwef/docs/other/6586272258/eleveldb-branch-1.2.2-anya/eleveldb"
$ 5000  `ls -1 deps/  2>&1`
$ cd "/home/pete/wefwefwef/docs/erldocs_other.git"
>>> [rebar] deps = []
 :: Generating erldocs into /home/pete/wefwefwef/docs/other/6586272258/repo/1.2.2-anya
Building eleveldb
Generating Type Specs - "/home/pete/wefwefwef/docs/other/6586272258/eleveldb-branch-1.2.2-anya/eleveldb/src/eleveldb.erl"
Generating XML for application eleveldb "/home/pete/wefwefwef/docs/other/6586272258/eleveldb-branch-1.2.2-anya/eleveldb" -> "/home/pete/wefwefwef/docs/other/6586272258/repo/1.2.2-anya/.xml/eleveldb"
Generated eleveldb XMLs: ["/home/pete/wefwefwef/docs/other/6586272258/repo/1.2.2-anya/.xml/eleveldb/eleveldb.xml"]
Generating HTML - eleveldb "/home/pete/wefwefwef/docs/other/6586272258/repo/1.2.2-anya/.xml/eleveldb/eleveldb.xml"
Reading XML for "/home/pete/wefwefwef/docs/other/6586272258/repo/1.2.2-anya/.xml/eleveldb/eleveldb.xml"
Reading XML for "/home/pete/wefwefwef/docs/other/6586272258/repo/1.2.2-anya/.xml/specs_eleveldb.xml"
Creating index.html ...
Creating erldocs_index.js ...
Woot, finished in 0 Minutes 0 Seconds
 :: Discovering other repos
$ 5000  `rm -r '/home/pete/wefwefwef/docs/other/6586272258/eleveldb-branch-1.2.2-anya'  2>&1`
 :: Processing https://github.com/basho/eleveldb	{rev,branch,"1.2.2-patches","d9677afe99124376ca34f6fdab962f306057a30c"}
 :: Fetching repo code
$ cd "/home/pete/wefwefwef/docs/other/6586272258/eleveldb-branch-1.2.2-patches/eleveldb"
$ infinity  `curl --fail --silent --show-error --location --output '1.2.2-patches.zip' 'https://github.com/basho/eleveldb/archive/1.2.2-patches.zip'  2>&1`
$ cd "/home/pete/wefwefwef/docs/erldocs_other.git"
$ cd "/home/pete/wefwefwef/docs/other/6586272258/eleveldb-branch-1.2.2-patches/eleveldb"
$ 5000  `find -P . -type l -delete  2>&1`
$ cd "/home/pete/wefwefwef/docs/erldocs_other.git"
$ cd "/home/pete/wefwefwef/docs/other/6586272258/eleveldb-branch-1.2.2-patches/eleveldb"
$ 5000  `find 'eleveldb-1.2.2-patches' -mindepth 1 -maxdepth 1 -exec mv -t . -- {} +  2>&1`
$ cd "/home/pete/wefwefwef/docs/erldocs_other.git"
 :: Getting dependencies
$ cd "/home/pete/wefwefwef/docs/other/6586272258/eleveldb-branch-1.2.2-patches/eleveldb"
$ 5000  `ls -1 deps/  2>&1`
$ cd "/home/pete/wefwefwef/docs/erldocs_other.git"
>>> [rebar] deps = []
 :: Generating erldocs into /home/pete/wefwefwef/docs/other/6586272258/repo/1.2.2-patches
Building eleveldb
Generating Type Specs - "/home/pete/wefwefwef/docs/other/6586272258/eleveldb-branch-1.2.2-patches/eleveldb/src/eleveldb.erl"
Generating XML for application eleveldb "/home/pete/wefwefwef/docs/other/6586272258/eleveldb-branch-1.2.2-patches/eleveldb" -> "/home/pete/wefwefwef/docs/other/6586272258/repo/1.2.2-patches/.xml/eleveldb"
Generated eleveldb XMLs: ["/home/pete/wefwefwef/docs/other/6586272258/repo/1.2.2-patches/.xml/eleveldb/eleveldb.xml"]
Generating HTML - eleveldb "/home/pete/wefwefwef/docs/other/6586272258/repo/1.2.2-patches/.xml/eleveldb/eleveldb.xml"
Reading XML for "/home/pete/wefwefwef/docs/other/6586272258/repo/1.2.2-patches/.xml/eleveldb/eleveldb.xml"
Reading XML for "/home/pete/wefwefwef/docs/other/6586272258/repo/1.2.2-patches/.xml/specs_eleveldb.xml"
Creating index.html ...
Creating erldocs_index.js ...
Woot, finished in 0 Minutes 0 Seconds
 :: Discovering other repos
$ 5000  `rm -r '/home/pete/wefwefwef/docs/other/6586272258/eleveldb-branch-1.2.2-patches'  2>&1`
 :: Processing https://github.com/basho/eleveldb	{rev,branch,"1.3","8278febd72c25b84d2fb1b41244861e47db106ac"}
 :: Fetching repo code
$ cd "/home/pete/wefwefwef/docs/other/6586272258/eleveldb-branch-1.3/eleveldb"
$ infinity  `curl --fail --silent --show-error --location --output '1.3.zip' 'https://github.com/basho/eleveldb/archive/1.3.zip'  2>&1`
$ cd "/home/pete/wefwefwef/docs/erldocs_other.git"
$ cd "/home/pete/wefwefwef/docs/other/6586272258/eleveldb-branch-1.3/eleveldb"
$ 5000  `find -P . -type l -delete  2>&1`
$ cd "/home/pete/wefwefwef/docs/erldocs_other.git"
$ cd "/home/pete/wefwefwef/docs/other/6586272258/eleveldb-branch-1.3/eleveldb"
$ 5000  `find 'eleveldb-1.3' -mindepth 1 -maxdepth 1 -exec mv -t . -- {} +  2>&1`
$ cd "/home/pete/wefwefwef/docs/erldocs_other.git"
 :: Getting dependencies
$ cd "/home/pete/wefwefwef/docs/other/6586272258/eleveldb-branch-1.3/eleveldb"
$ 5000  `ls -1 deps/  2>&1`
$ cd "/home/pete/wefwefwef/docs/erldocs_other.git"
>>> [rebar] deps = []
 :: Generating erldocs into /home/pete/wefwefwef/docs/other/6586272258/repo/1.3
Building eleveldb
Generating Type Specs - "/home/pete/wefwefwef/docs/other/6586272258/eleveldb-branch-1.3/eleveldb/src/eleveldb.erl"
/home/pete/wefwefwef/docs/other/6586272258/eleveldb-branch-1.3/eleveldb/src/eleveldb.erl, function async_iterator/3: at line 161: @spec arity does not match.
EDoc could not process file '/home/pete/wefwefwef/docs/other/6586272258/eleveldb-branch-1.3/eleveldb/src/eleveldb.erl'
Error generating type specs for "/home/pete/wefwefwef/docs/other/6586272258/eleveldb-branch-1.3/eleveldb/src/eleveldb.erl"
Generating Type Specs - "/home/pete/wefwefwef/docs/other/6586272258/eleveldb-branch-1.3/eleveldb/src/eleveldb_bump.erl"
Generating XML for application eleveldb "/home/pete/wefwefwef/docs/other/6586272258/eleveldb-branch-1.3/eleveldb" -> "/home/pete/wefwefwef/docs/other/6586272258/repo/1.3/.xml/eleveldb"
/home/pete/wefwefwef/docs/other/6586272258/eleveldb-branch-1.3/eleveldb/src/eleveldb.erl, function async_iterator/3: at line 160: multiple @spec tag.
edoc: skipping source file '/home/pete/wefwefwef/docs/other/6586272258/eleveldb-branch-1.3/eleveldb/src/eleveldb.erl': {'EXIT',
                                                                                                                  error}.
edoc: error in doclet 'edoc_doclet': {'EXIT',error}.
Error generating eleveldb XMLs. Using fallback ...
Generating XML eleveldb - eleveldb "/home/pete/wefwefwef/docs/other/6586272258/eleveldb-branch-1.3/eleveldb/src/eleveldb.erl" -> "/home/pete/wefwefwef/docs/other/6586272258/repo/1.3/.xml/eleveldb/eleveldb.xml"
/home/pete/wefwefwef/docs/other/6586272258/eleveldb-branch-1.3/eleveldb/src/eleveldb.erl, function async_iterator/3: at line 160: multiple @spec tag.
Error generating XML ("/home/pete/wefwefwef/docs/other/6586272258/eleveldb-branch-1.3/eleveldb/src/eleveldb.erl"): {'EXIT',
                                                                                                                    error}
Generating XML eleveldb - eleveldb_bump "/home/pete/wefwefwef/docs/other/6586272258/eleveldb-branch-1.3/eleveldb/src/eleveldb_bump.erl" -> "/home/pete/wefwefwef/docs/other/6586272258/repo/1.3/.xml/eleveldb/eleveldb_bump.xml"
Generating HTML - eleveldb_bump "/home/pete/wefwefwef/docs/other/6586272258/repo/1.3/.xml/eleveldb/eleveldb_bump.xml"
Reading XML for "/home/pete/wefwefwef/docs/other/6586272258/repo/1.3/.xml/eleveldb/eleveldb_bump.xml"
Reading XML for "/home/pete/wefwefwef/docs/other/6586272258/repo/1.3/.xml/specs_eleveldb_bump.xml"
Creating index.html ...
Creating erldocs_index.js ...
Woot, finished in 0 Minutes 0 Seconds
 :: Discovering other repos
$ 5000  `rm -r '/home/pete/wefwefwef/docs/other/6586272258/eleveldb-branch-1.3'  2>&1`
 :: Processing https://github.com/basho/eleveldb	{rev,branch,"1.3.3-voxer-purge","45e74d4fd0777c3c57d191a17fea7481b2918e39"}
 :: Fetching repo code
$ cd "/home/pete/wefwefwef/docs/other/6586272258/eleveldb-branch-1.3.3-voxer-purge/eleveldb"
$ infinity  `curl --fail --silent --show-error --location --output '1.3.3-voxer-purge.zip' 'https://github.com/basho/eleveldb/archive/1.3.3-voxer-purge.zip'  2>&1`
$ cd "/home/pete/wefwefwef/docs/erldocs_other.git"
$ cd "/home/pete/wefwefwef/docs/other/6586272258/eleveldb-branch-1.3.3-voxer-purge/eleveldb"
$ 5000  `find -P . -type l -delete  2>&1`
$ cd "/home/pete/wefwefwef/docs/erldocs_other.git"
$ cd "/home/pete/wefwefwef/docs/other/6586272258/eleveldb-branch-1.3.3-voxer-purge/eleveldb"
$ 5000  `find 'eleveldb-1.3.3-voxer-purge' -mindepth 1 -maxdepth 1 -exec mv -t . -- {} +  2>&1`
$ cd "/home/pete/wefwefwef/docs/erldocs_other.git"
 :: Getting dependencies
$ cd "/home/pete/wefwefwef/docs/other/6586272258/eleveldb-branch-1.3.3-voxer-purge/eleveldb"
$ 5000  `ls -1 deps/  2>&1`
$ cd "/home/pete/wefwefwef/docs/erldocs_other.git"
>>> [rebar] deps = []
 :: Generating erldocs into /home/pete/wefwefwef/docs/other/6586272258/repo/1.3.3-voxer-purge
Building eleveldb
Generating Type Specs - "/home/pete/wefwefwef/docs/other/6586272258/eleveldb-branch-1.3.3-voxer-purge/eleveldb/src/eleveldb.erl"
/home/pete/wefwefwef/docs/other/6586272258/eleveldb-branch-1.3.3-voxer-purge/eleveldb/src/eleveldb.erl, function async_iterator/3: at line 161: @spec arity does not match.
EDoc could not process file '/home/pete/wefwefwef/docs/other/6586272258/eleveldb-branch-1.3.3-voxer-purge/eleveldb/src/eleveldb.erl'
Error generating type specs for "/home/pete/wefwefwef/docs/other/6586272258/eleveldb-branch-1.3.3-voxer-purge/eleveldb/src/eleveldb.erl"
Generating Type Specs - "/home/pete/wefwefwef/docs/other/6586272258/eleveldb-branch-1.3.3-voxer-purge/eleveldb/src/eleveldb_bump.erl"
Generating XML for application eleveldb "/home/pete/wefwefwef/docs/other/6586272258/eleveldb-branch-1.3.3-voxer-purge/eleveldb" -> "/home/pete/wefwefwef/docs/other/6586272258/repo/1.3.3-voxer-purge/.xml/eleveldb"
/home/pete/wefwefwef/docs/other/6586272258/eleveldb-branch-1.3.3-voxer-purge/eleveldb/src/eleveldb.erl, function async_iterator/3: at line 160: multiple @spec tag.
edoc: skipping source file '/home/pete/wefwefwef/docs/other/6586272258/eleveldb-branch-1.3.3-voxer-purge/eleveldb/src/eleveldb.erl': {'EXIT',
                                                                                                                                error}.
edoc: error in doclet 'edoc_doclet': {'EXIT',error}.
Error generating eleveldb XMLs. Using fallback ...
Generating XML eleveldb - eleveldb "/home/pete/wefwefwef/docs/other/6586272258/eleveldb-branch-1.3.3-voxer-purge/eleveldb/src/eleveldb.erl" -> "/home/pete/wefwefwef/docs/other/6586272258/repo/1.3.3-voxer-purge/.xml/eleveldb/eleveldb.xml"
/home/pete/wefwefwef/docs/other/6586272258/eleveldb-branch-1.3.3-voxer-purge/eleveldb/src/eleveldb.erl, function async_iterator/3: at line 160: multiple @spec tag.
Error generating XML ("/home/pete/wefwefwef/docs/other/6586272258/eleveldb-branch-1.3.3-voxer-purge/eleveldb/src/eleveldb.erl"): {'EXIT',
                                                                                                                                  error}
Generating XML eleveldb - eleveldb_bump "/home/pete/wefwefwef/docs/other/6586272258/eleveldb-branch-1.3.3-voxer-purge/eleveldb/src/eleveldb_bump.erl" -> "/home/pete/wefwefwef/docs/other/6586272258/repo/1.3.3-voxer-purge/.xml/eleveldb/eleveldb_bump.xml"
Generating HTML - eleveldb_bump "/home/pete/wefwefwef/docs/other/6586272258/repo/1.3.3-voxer-purge/.xml/eleveldb/eleveldb_bump.xml"
Reading XML for "/home/pete/wefwefwef/docs/other/6586272258/repo/1.3.3-voxer-purge/.xml/eleveldb/eleveldb_bump.xml"
Reading XML for "/home/pete/wefwefwef/docs/other/6586272258/repo/1.3.3-voxer-purge/.xml/specs_eleveldb_bump.xml"
Creating index.html ...
Creating erldocs_index.js ...
Woot, finished in 0 Minutes 0 Seconds
 :: Discovering other repos
$ 5000  `rm -r '/home/pete/wefwefwef/docs/other/6586272258/eleveldb-branch-1.3.3-voxer-purge'  2>&1`
 :: Processing https://github.com/basho/eleveldb	{rev,branch,"1.4","d22a1865d616d56abcdd7ca943c83c37cbfeafd1"}
 :: Fetching repo code
$ cd "/home/pete/wefwefwef/docs/other/6586272258/eleveldb-branch-1.4/eleveldb"
$ infinity  `curl --fail --silent --show-error --location --output '1.4.zip' 'https://github.com/basho/eleveldb/archive/1.4.zip'  2>&1`
$ cd "/home/pete/wefwefwef/docs/erldocs_other.git"
$ cd "/home/pete/wefwefwef/docs/other/6586272258/eleveldb-branch-1.4/eleveldb"
$ 5000  `find -P . -type l -delete  2>&1`
$ cd "/home/pete/wefwefwef/docs/erldocs_other.git"
$ cd "/home/pete/wefwefwef/docs/other/6586272258/eleveldb-branch-1.4/eleveldb"
$ 5000  `find 'eleveldb-1.4' -mindepth 1 -maxdepth 1 -exec mv -t . -- {} +  2>&1`
$ cd "/home/pete/wefwefwef/docs/erldocs_other.git"
 :: Getting dependencies
$ cd "/home/pete/wefwefwef/docs/other/6586272258/eleveldb-branch-1.4/eleveldb"
$ 5000  `ls -1 deps/  2>&1`
$ cd "/home/pete/wefwefwef/docs/erldocs_other.git"
>>> [rebar] deps = []
 :: Generating erldocs into /home/pete/wefwefwef/docs/other/6586272258/repo/1.4
Building eleveldb
Generating Type Specs - "/home/pete/wefwefwef/docs/other/6586272258/eleveldb-branch-1.4/eleveldb/src/eleveldb.erl"
/home/pete/wefwefwef/docs/other/6586272258/eleveldb-branch-1.4/eleveldb/src/eleveldb.erl, function async_iterator/3: at line 162: @spec arity does not match.
EDoc could not process file '/home/pete/wefwefwef/docs/other/6586272258/eleveldb-branch-1.4/eleveldb/src/eleveldb.erl'
Error generating type specs for "/home/pete/wefwefwef/docs/other/6586272258/eleveldb-branch-1.4/eleveldb/src/eleveldb.erl"
Generating Type Specs - "/home/pete/wefwefwef/docs/other/6586272258/eleveldb-branch-1.4/eleveldb/src/eleveldb_bump.erl"
Generating XML for application eleveldb "/home/pete/wefwefwef/docs/other/6586272258/eleveldb-branch-1.4/eleveldb" -> "/home/pete/wefwefwef/docs/other/6586272258/repo/1.4/.xml/eleveldb"
/home/pete/wefwefwef/docs/other/6586272258/eleveldb-branch-1.4/eleveldb/src/eleveldb.erl, function async_iterator/3: at line 161: multiple @spec tag.
edoc: skipping source file '/home/pete/wefwefwef/docs/other/6586272258/eleveldb-branch-1.4/eleveldb/src/eleveldb.erl': {'EXIT',
                                                                                                                  error}.
edoc: error in doclet 'edoc_doclet': {'EXIT',error}.
Error generating eleveldb XMLs. Using fallback ...
Generating XML eleveldb - eleveldb "/home/pete/wefwefwef/docs/other/6586272258/eleveldb-branch-1.4/eleveldb/src/eleveldb.erl" -> "/home/pete/wefwefwef/docs/other/6586272258/repo/1.4/.xml/eleveldb/eleveldb.xml"
/home/pete/wefwefwef/docs/other/6586272258/eleveldb-branch-1.4/eleveldb/src/eleveldb.erl, function async_iterator/3: at line 161: multiple @spec tag.
Error generating XML ("/home/pete/wefwefwef/docs/other/6586272258/eleveldb-branch-1.4/eleveldb/src/eleveldb.erl"): {'EXIT',
                                                                                                                    error}
Generating XML eleveldb - eleveldb_bump "/home/pete/wefwefwef/docs/other/6586272258/eleveldb-branch-1.4/eleveldb/src/eleveldb_bump.erl" -> "/home/pete/wefwefwef/docs/other/6586272258/repo/1.4/.xml/eleveldb/eleveldb_bump.xml"
Generating HTML - eleveldb_bump "/home/pete/wefwefwef/docs/other/6586272258/repo/1.4/.xml/eleveldb/eleveldb_bump.xml"
Reading XML for "/home/pete/wefwefwef/docs/other/6586272258/repo/1.4/.xml/eleveldb/eleveldb_bump.xml"
Reading XML for "/home/pete/wefwefwef/docs/other/6586272258/repo/1.4/.xml/specs_eleveldb_bump.xml"
Creating index.html ...
Creating erldocs_index.js ...
Woot, finished in 0 Minutes 0 Seconds
 :: Discovering other repos
$ 5000  `rm -r '/home/pete/wefwefwef/docs/other/6586272258/eleveldb-branch-1.4'  2>&1`
 :: Processing https://github.com/basho/eleveldb	{rev,branch,"1.4.2-turner","61a638ac199da86c24b8558591c285cd9c8a40fa"}
 :: Fetching repo code
$ cd "/home/pete/wefwefwef/docs/other/6586272258/eleveldb-branch-1.4.2-turner/eleveldb"
$ infinity  `curl --fail --silent --show-error --location --output '1.4.2-turner.zip' 'https://github.com/basho/eleveldb/archive/1.4.2-turner.zip'  2>&1`
$ cd "/home/pete/wefwefwef/docs/erldocs_other.git"
$ cd "/home/pete/wefwefwef/docs/other/6586272258/eleveldb-branch-1.4.2-turner/eleveldb"
$ 5000  `find -P . -type l -delete  2>&1`
$ cd "/home/pete/wefwefwef/docs/erldocs_other.git"
$ cd "/home/pete/wefwefwef/docs/other/6586272258/eleveldb-branch-1.4.2-turner/eleveldb"
$ 5000  `find 'eleveldb-1.4.2-turner' -mindepth 1 -maxdepth 1 -exec mv -t . -- {} +  2>&1`
$ cd "/home/pete/wefwefwef/docs/erldocs_other.git"
 :: Getting dependencies
$ cd "/home/pete/wefwefwef/docs/other/6586272258/eleveldb-branch-1.4.2-turner/eleveldb"
$ 5000  `ls -1 deps/  2>&1`
$ cd "/home/pete/wefwefwef/docs/erldocs_other.git"
>>> [rebar] deps = []
 :: Generating erldocs into /home/pete/wefwefwef/docs/other/6586272258/repo/1.4.2-turner
Building eleveldb
Generating Type Specs - "/home/pete/wefwefwef/docs/other/6586272258/eleveldb-branch-1.4.2-turner/eleveldb/src/eleveldb.erl"
/home/pete/wefwefwef/docs/other/6586272258/eleveldb-branch-1.4.2-turner/eleveldb/src/eleveldb.erl, function async_iterator/3: at line 160: @spec arity does not match.
EDoc could not process file '/home/pete/wefwefwef/docs/other/6586272258/eleveldb-branch-1.4.2-turner/eleveldb/src/eleveldb.erl'
Error generating type specs for "/home/pete/wefwefwef/docs/other/6586272258/eleveldb-branch-1.4.2-turner/eleveldb/src/eleveldb.erl"
Generating Type Specs - "/home/pete/wefwefwef/docs/other/6586272258/eleveldb-branch-1.4.2-turner/eleveldb/src/eleveldb_bump.erl"
Generating XML for application eleveldb "/home/pete/wefwefwef/docs/other/6586272258/eleveldb-branch-1.4.2-turner/eleveldb" -> "/home/pete/wefwefwef/docs/other/6586272258/repo/1.4.2-turner/.xml/eleveldb"
/home/pete/wefwefwef/docs/other/6586272258/eleveldb-branch-1.4.2-turner/eleveldb/src/eleveldb.erl, function async_iterator/3: at line 159: multiple @spec tag.
edoc: skipping source file '/home/pete/wefwefwef/docs/other/6586272258/eleveldb-branch-1.4.2-turner/eleveldb/src/eleveldb.erl': {'EXIT',
                                                                                                                           error}.
edoc: error in doclet 'edoc_doclet': {'EXIT',error}.
Error generating eleveldb XMLs. Using fallback ...
Generating XML eleveldb - eleveldb "/home/pete/wefwefwef/docs/other/6586272258/eleveldb-branch-1.4.2-turner/eleveldb/src/eleveldb.erl" -> "/home/pete/wefwefwef/docs/other/6586272258/repo/1.4.2-turner/.xml/eleveldb/eleveldb.xml"
/home/pete/wefwefwef/docs/other/6586272258/eleveldb-branch-1.4.2-turner/eleveldb/src/eleveldb.erl, function async_iterator/3: at line 159: multiple @spec tag.
Error generating XML ("/home/pete/wefwefwef/docs/other/6586272258/eleveldb-branch-1.4.2-turner/eleveldb/src/eleveldb.erl"): {'EXIT',
                                                                                                                             error}
Generating XML eleveldb - eleveldb_bump "/home/pete/wefwefwef/docs/other/6586272258/eleveldb-branch-1.4.2-turner/eleveldb/src/eleveldb_bump.erl" -> "/home/pete/wefwefwef/docs/other/6586272258/repo/1.4.2-turner/.xml/eleveldb/eleveldb_bump.xml"
Generating HTML - eleveldb_bump "/home/pete/wefwefwef/docs/other/6586272258/repo/1.4.2-turner/.xml/eleveldb/eleveldb_bump.xml"
Reading XML for "/home/pete/wefwefwef/docs/other/6586272258/repo/1.4.2-turner/.xml/eleveldb/eleveldb_bump.xml"
Reading XML for "/home/pete/wefwefwef/docs/other/6586272258/repo/1.4.2-turner/.xml/specs_eleveldb_bump.xml"
Creating index.html ...
Creating erldocs_index.js ...
Woot, finished in 0 Minutes 0 Seconds
 :: Discovering other repos
$ 5000  `rm -r '/home/pete/wefwefwef/docs/other/6586272258/eleveldb-branch-1.4.2-turner'  2>&1`
 :: Processing https://github.com/basho/eleveldb	{rev,branch,"2.0","10fcb78a2df70311db0e744f76fb5fbcce4c73f0"}
 :: Fetching repo code
$ cd "/home/pete/wefwefwef/docs/other/6586272258/eleveldb-branch-2.0/eleveldb"
$ infinity  `curl --fail --silent --show-error --location --output '2.0.zip' 'https://github.com/basho/eleveldb/archive/2.0.zip'  2>&1`
$ cd "/home/pete/wefwefwef/docs/erldocs_other.git"
$ cd "/home/pete/wefwefwef/docs/other/6586272258/eleveldb-branch-2.0/eleveldb"
$ 5000  `find -P . -type l -delete  2>&1`
$ cd "/home/pete/wefwefwef/docs/erldocs_other.git"
$ cd "/home/pete/wefwefwef/docs/other/6586272258/eleveldb-branch-2.0/eleveldb"
$ 5000  `find 'eleveldb-2.0' -mindepth 1 -maxdepth 1 -exec mv -t . -- {} +  2>&1`
$ cd "/home/pete/wefwefwef/docs/erldocs_other.git"
 :: Getting dependencies
$ cd "/home/pete/wefwefwef/docs/other/6586272258/eleveldb-branch-2.0/eleveldb"
$ infinity  `rebar --config '/home/pete/wefwefwef/docs/other/6586272258/eleveldb-branch-2.0/rebar_deps' get-deps  2>&1`
$ cd "/home/pete/wefwefwef/docs/erldocs_other.git"
$ cd "/home/pete/wefwefwef/docs/other/6586272258/eleveldb-branch-2.0/eleveldb"
$ 5000  `find -P . -type l -delete  2>&1`
$ cd "/home/pete/wefwefwef/docs/erldocs_other.git"
$ cd "/home/pete/wefwefwef/docs/other/6586272258/eleveldb-branch-2.0/eleveldb"
$ 5000  `ls -1 deps/  2>&1`
$ cd "/home/pete/wefwefwef/docs/erldocs_other.git"
>>> [rebar] deps = ["cuttlefish","getopt","goldrush","lager","neotoma"]
 :: Generating erldocs into /home/pete/wefwefwef/docs/other/6586272258/repo/2.0
Building eleveldb
Generating Type Specs - "/home/pete/wefwefwef/docs/other/6586272258/eleveldb-branch-2.0/eleveldb/src/eleveldb.erl"
Generating Type Specs - "/home/pete/wefwefwef/docs/other/6586272258/eleveldb-branch-2.0/eleveldb/src/eleveldb_bump.erl"
Generating XML for application eleveldb "/home/pete/wefwefwef/docs/other/6586272258/eleveldb-branch-2.0/eleveldb" -> "/home/pete/wefwefwef/docs/other/6586272258/repo/2.0/.xml/eleveldb"
Generated eleveldb XMLs: ["/home/pete/wefwefwef/docs/other/6586272258/repo/2.0/.xml/eleveldb/eleveldb_bump.xml",
                          "/home/pete/wefwefwef/docs/other/6586272258/repo/2.0/.xml/eleveldb/eleveldb.xml"]
Generating HTML - eleveldb "/home/pete/wefwefwef/docs/other/6586272258/repo/2.0/.xml/eleveldb/eleveldb.xml"
Reading XML for "/home/pete/wefwefwef/docs/other/6586272258/repo/2.0/.xml/eleveldb/eleveldb.xml"
Reading XML for "/home/pete/wefwefwef/docs/other/6586272258/repo/2.0/.xml/specs_eleveldb.xml"
Generating HTML - eleveldb_bump "/home/pete/wefwefwef/docs/other/6586272258/repo/2.0/.xml/eleveldb/eleveldb_bump.xml"
Reading XML for "/home/pete/wefwefwef/docs/other/6586272258/repo/2.0/.xml/eleveldb/eleveldb_bump.xml"
Reading XML for "/home/pete/wefwefwef/docs/other/6586272258/repo/2.0/.xml/specs_eleveldb_bump.xml"
Creating index.html ...
Creating erldocs_index.js ...
Woot, finished in 0 Minutes 0 Seconds
 :: Discovering other repos
$ 5000  `rm -r '/home/pete/wefwefwef/docs/other/6586272258/eleveldb-branch-2.0'  2>&1`
 :: Processing https://github.com/basho/eleveldb	{rev,branch,"add-travis-ci","89bf7f62c3c95f654e75446704bd07ed95a7e567"}
 :: Fetching repo code
$ cd "/home/pete/wefwefwef/docs/other/6586272258/eleveldb-branch-add-travis-ci/eleveldb"
$ infinity  `curl --fail --silent --show-error --location --output 'add-travis-ci.zip' 'https://github.com/basho/eleveldb/archive/add-travis-ci.zip'  2>&1`
$ cd "/home/pete/wefwefwef/docs/erldocs_other.git"
$ cd "/home/pete/wefwefwef/docs/other/6586272258/eleveldb-branch-add-travis-ci/eleveldb"
$ 5000  `find -P . -type l -delete  2>&1`
$ cd "/home/pete/wefwefwef/docs/erldocs_other.git"
$ cd "/home/pete/wefwefwef/docs/other/6586272258/eleveldb-branch-add-travis-ci/eleveldb"
$ 5000  `find 'eleveldb-add-travis-ci' -mindepth 1 -maxdepth 1 -exec mv -t . -- {} +  2>&1`
$ cd "/home/pete/wefwefwef/docs/erldocs_other.git"
 :: Getting dependencies
$ cd "/home/pete/wefwefwef/docs/other/6586272258/eleveldb-branch-add-travis-ci/eleveldb"
$ 5000  `ls -1 deps/  2>&1`
$ cd "/home/pete/wefwefwef/docs/erldocs_other.git"
>>> [rebar] deps = []
 :: Generating erldocs into /home/pete/wefwefwef/docs/other/6586272258/repo/add-travis-ci
Building eleveldb
Generating Type Specs - "/home/pete/wefwefwef/docs/other/6586272258/eleveldb-branch-add-travis-ci/eleveldb/src/eleveldb.erl"
Generating XML for application eleveldb "/home/pete/wefwefwef/docs/other/6586272258/eleveldb-branch-add-travis-ci/eleveldb" -> "/home/pete/wefwefwef/docs/other/6586272258/repo/add-travis-ci/.xml/eleveldb"
Generated eleveldb XMLs: ["/home/pete/wefwefwef/docs/other/6586272258/repo/add-travis-ci/.xml/eleveldb/eleveldb.xml"]
Generating HTML - eleveldb "/home/pete/wefwefwef/docs/other/6586272258/repo/add-travis-ci/.xml/eleveldb/eleveldb.xml"
Reading XML for "/home/pete/wefwefwef/docs/other/6586272258/repo/add-travis-ci/.xml/eleveldb/eleveldb.xml"
Reading XML for "/home/pete/wefwefwef/docs/other/6586272258/repo/add-travis-ci/.xml/specs_eleveldb.xml"
Creating index.html ...
Creating erldocs_index.js ...
Woot, finished in 0 Minutes 0 Seconds
 :: Discovering other repos
$ 5000  `rm -r '/home/pete/wefwefwef/docs/other/6586272258/eleveldb-branch-add-travis-ci'  2>&1`
 :: Processing https://github.com/basho/eleveldb	{rev,branch,"adt-bsd-support","443129ec62e48f8c40913e7ebf67436038010122"}
 :: Fetching repo code
$ cd "/home/pete/wefwefwef/docs/other/6586272258/eleveldb-branch-adt-bsd-support/eleveldb"
$ infinity  `curl --fail --silent --show-error --location --output 'adt-bsd-support.zip' 'https://github.com/basho/eleveldb/archive/adt-bsd-support.zip'  2>&1`
$ cd "/home/pete/wefwefwef/docs/erldocs_other.git"
$ cd "/home/pete/wefwefwef/docs/other/6586272258/eleveldb-branch-adt-bsd-support/eleveldb"
$ 5000  `find -P . -type l -delete  2>&1`
$ cd "/home/pete/wefwefwef/docs/erldocs_other.git"
$ cd "/home/pete/wefwefwef/docs/other/6586272258/eleveldb-branch-adt-bsd-support/eleveldb"
$ 5000  `find 'eleveldb-adt-bsd-support' -mindepth 1 -maxdepth 1 -exec mv -t . -- {} +  2>&1`
$ cd "/home/pete/wefwefwef/docs/erldocs_other.git"
 :: Getting dependencies
$ cd "/home/pete/wefwefwef/docs/other/6586272258/eleveldb-branch-adt-bsd-support/eleveldb"
$ 5000  `ls -1 deps/  2>&1`
$ cd "/home/pete/wefwefwef/docs/erldocs_other.git"
>>> [rebar] deps = []
 :: Generating erldocs into /home/pete/wefwefwef/docs/other/6586272258/repo/adt-bsd-support
Building eleveldb
Generating Type Specs - "/home/pete/wefwefwef/docs/other/6586272258/eleveldb-branch-adt-bsd-support/eleveldb/src/eleveldb.erl"
Generating XML for application eleveldb "/home/pete/wefwefwef/docs/other/6586272258/eleveldb-branch-adt-bsd-support/eleveldb" -> "/home/pete/wefwefwef/docs/other/6586272258/repo/adt-bsd-support/.xml/eleveldb"
Generated eleveldb XMLs: ["/home/pete/wefwefwef/docs/other/6586272258/repo/adt-bsd-support/.xml/eleveldb/eleveldb.xml"]
Generating HTML - eleveldb "/home/pete/wefwefwef/docs/other/6586272258/repo/adt-bsd-support/.xml/eleveldb/eleveldb.xml"
Reading XML for "/home/pete/wefwefwef/docs/other/6586272258/repo/adt-bsd-support/.xml/eleveldb/eleveldb.xml"
Reading XML for "/home/pete/wefwefwef/docs/other/6586272258/repo/adt-bsd-support/.xml/specs_eleveldb.xml"
Creating index.html ...
Creating erldocs_index.js ...
Woot, finished in 0 Minutes 0 Seconds
 :: Discovering other repos
$ 5000  `rm -r '/home/pete/wefwefwef/docs/other/6586272258/eleveldb-branch-adt-bsd-support'  2>&1`
 :: Processing https://github.com/basho/eleveldb	{rev,branch,"adt-fix-solaris-build","11856d4a0085e83fb1962b45992add63971c4f69"}
 :: Fetching repo code
$ cd "/home/pete/wefwefwef/docs/other/6586272258/eleveldb-branch-adt-fix-solaris-build/eleveldb"
$ infinity  `curl --fail --silent --show-error --location --output 'adt-fix-solaris-build.zip' 'https://github.com/basho/eleveldb/archive/adt-fix-solaris-build.zip'  2>&1`
$ cd "/home/pete/wefwefwef/docs/erldocs_other.git"
$ cd "/home/pete/wefwefwef/docs/other/6586272258/eleveldb-branch-adt-fix-solaris-build/eleveldb"
$ 5000  `find -P . -type l -delete  2>&1`
$ cd "/home/pete/wefwefwef/docs/erldocs_other.git"
$ cd "/home/pete/wefwefwef/docs/other/6586272258/eleveldb-branch-adt-fix-solaris-build/eleveldb"
$ 5000  `find 'eleveldb-adt-fix-solaris-build' -mindepth 1 -maxdepth 1 -exec mv -t . -- {} +  2>&1`
$ cd "/home/pete/wefwefwef/docs/erldocs_other.git"
 :: Getting dependencies
$ cd "/home/pete/wefwefwef/docs/other/6586272258/eleveldb-branch-adt-fix-solaris-build/eleveldb"
$ 5000  `ls -1 deps/  2>&1`
$ cd "/home/pete/wefwefwef/docs/erldocs_other.git"
>>> [rebar] deps = []
 :: Generating erldocs into /home/pete/wefwefwef/docs/other/6586272258/repo/adt-fix-solaris-build
Building eleveldb
Generating Type Specs - "/home/pete/wefwefwef/docs/other/6586272258/eleveldb-branch-adt-fix-solaris-build/eleveldb/src/eleveldb.erl"
Generating XML for application eleveldb "/home/pete/wefwefwef/docs/other/6586272258/eleveldb-branch-adt-fix-solaris-build/eleveldb" -> "/home/pete/wefwefwef/docs/other/6586272258/repo/adt-fix-solaris-build/.xml/eleveldb"
Generated eleveldb XMLs: ["/home/pete/wefwefwef/docs/other/6586272258/repo/adt-fix-solaris-build/.xml/eleveldb/eleveldb.xml"]
Generating HTML - eleveldb "/home/pete/wefwefwef/docs/other/6586272258/repo/adt-fix-solaris-build/.xml/eleveldb/eleveldb.xml"
Reading XML for "/home/pete/wefwefwef/docs/other/6586272258/repo/adt-fix-solaris-build/.xml/eleveldb/eleveldb.xml"
Reading XML for "/home/pete/wefwefwef/docs/other/6586272258/repo/adt-fix-solaris-build/.xml/specs_eleveldb.xml"
Creating index.html ...
Creating erldocs_index.js ...
Woot, finished in 0 Minutes 0 Seconds
 :: Discovering other repos
$ 5000  `rm -r '/home/pete/wefwefwef/docs/other/6586272258/eleveldb-branch-adt-fix-solaris-build'  2>&1`
 :: Processing https://github.com/basho/eleveldb	{rev,branch,"adt-tools-cleanups","8f31ea5dbc655e1dd2133b08bad97073020215ce"}
 :: Fetching repo code
$ cd "/home/pete/wefwefwef/docs/other/6586272258/eleveldb-branch-adt-tools-cleanups/eleveldb"
$ infinity  `curl --fail --silent --show-error --location --output 'adt-tools-cleanups.zip' 'https://github.com/basho/eleveldb/archive/adt-tools-cleanups.zip'  2>&1`
$ cd "/home/pete/wefwefwef/docs/erldocs_other.git"
$ cd "/home/pete/wefwefwef/docs/other/6586272258/eleveldb-branch-adt-tools-cleanups/eleveldb"
$ 5000  `find -P . -type l -delete  2>&1`
$ cd "/home/pete/wefwefwef/docs/erldocs_other.git"
$ cd "/home/pete/wefwefwef/docs/other/6586272258/eleveldb-branch-adt-tools-cleanups/eleveldb"
$ 5000  `find 'eleveldb-adt-tools-cleanups' -mindepth 1 -maxdepth 1 -exec mv -t . -- {} +  2>&1`
$ cd "/home/pete/wefwefwef/docs/erldocs_other.git"
 :: Getting dependencies
$ cd "/home/pete/wefwefwef/docs/other/6586272258/eleveldb-branch-adt-tools-cleanups/eleveldb"
$ infinity  `rebar --config '/home/pete/wefwefwef/docs/other/6586272258/eleveldb-branch-adt-tools-cleanups/rebar_deps' get-deps  2>&1`
$ cd "/home/pete/wefwefwef/docs/erldocs_other.git"
$ cd "/home/pete/wefwefwef/docs/other/6586272258/eleveldb-branch-adt-tools-cleanups/eleveldb"
$ 5000  `find -P . -type l -delete  2>&1`
$ cd "/home/pete/wefwefwef/docs/erldocs_other.git"
$ cd "/home/pete/wefwefwef/docs/other/6586272258/eleveldb-branch-adt-tools-cleanups/eleveldb"
$ 5000  `ls -1 deps/  2>&1`
$ cd "/home/pete/wefwefwef/docs/erldocs_other.git"
>>> [rebar] deps = ["cuttlefish","getopt","goldrush","lager","neotoma"]
 :: Generating erldocs into /home/pete/wefwefwef/docs/other/6586272258/repo/adt-tools-cleanups
Building eleveldb
Generating Type Specs - "/home/pete/wefwefwef/docs/other/6586272258/eleveldb-branch-adt-tools-cleanups/eleveldb/src/eleveldb.erl"
/home/pete/wefwefwef/docs/other/6586272258/eleveldb-branch-adt-tools-cleanups/eleveldb/src/eleveldb.erl, function async_iterator/3: at line 165: @spec arity does not match.
EDoc could not process file '/home/pete/wefwefwef/docs/other/6586272258/eleveldb-branch-adt-tools-cleanups/eleveldb/src/eleveldb.erl'
Error generating type specs for "/home/pete/wefwefwef/docs/other/6586272258/eleveldb-branch-adt-tools-cleanups/eleveldb/src/eleveldb.erl"
Generating Type Specs - "/home/pete/wefwefwef/docs/other/6586272258/eleveldb-branch-adt-tools-cleanups/eleveldb/src/eleveldb_bump.erl"
Generating XML for application eleveldb "/home/pete/wefwefwef/docs/other/6586272258/eleveldb-branch-adt-tools-cleanups/eleveldb" -> "/home/pete/wefwefwef/docs/other/6586272258/repo/adt-tools-cleanups/.xml/eleveldb"
/home/pete/wefwefwef/docs/other/6586272258/eleveldb-branch-adt-tools-cleanups/eleveldb/src/eleveldb.erl, function async_iterator/3: at line 164: multiple @spec tag.
edoc: skipping source file '/home/pete/wefwefwef/docs/other/6586272258/eleveldb-branch-adt-tools-cleanups/eleveldb/src/eleveldb.erl': {'EXIT',
                                                                                                                                 error}.
edoc: error in doclet 'edoc_doclet': {'EXIT',error}.
Error generating eleveldb XMLs. Using fallback ...
Generating XML eleveldb - eleveldb "/home/pete/wefwefwef/docs/other/6586272258/eleveldb-branch-adt-tools-cleanups/eleveldb/src/eleveldb.erl" -> "/home/pete/wefwefwef/docs/other/6586272258/repo/adt-tools-cleanups/.xml/eleveldb/eleveldb.xml"
/home/pete/wefwefwef/docs/other/6586272258/eleveldb-branch-adt-tools-cleanups/eleveldb/src/eleveldb.erl, function async_iterator/3: at line 164: multiple @spec tag.
Error generating XML ("/home/pete/wefwefwef/docs/other/6586272258/eleveldb-branch-adt-tools-cleanups/eleveldb/src/eleveldb.erl"): {'EXIT',
                                                                                                                                   error}
Generating XML eleveldb - eleveldb_bump "/home/pete/wefwefwef/docs/other/6586272258/eleveldb-branch-adt-tools-cleanups/eleveldb/src/eleveldb_bump.erl" -> "/home/pete/wefwefwef/docs/other/6586272258/repo/adt-tools-cleanups/.xml/eleveldb/eleveldb_bump.xml"
Generating HTML - eleveldb_bump "/home/pete/wefwefwef/docs/other/6586272258/repo/adt-tools-cleanups/.xml/eleveldb/eleveldb_bump.xml"
Reading XML for "/home/pete/wefwefwef/docs/other/6586272258/repo/adt-tools-cleanups/.xml/eleveldb/eleveldb_bump.xml"
Reading XML for "/home/pete/wefwefwef/docs/other/6586272258/repo/adt-tools-cleanups/.xml/specs_eleveldb_bump.xml"
Creating index.html ...
Creating erldocs_index.js ...
Woot, finished in 0 Minutes 0 Seconds
 :: Discovering other repos
$ 5000  `rm -r '/home/pete/wefwefwef/docs/other/6586272258/eleveldb-branch-adt-tools-cleanups'  2>&1`
 :: Processing https://github.com/basho/eleveldb	{rev,branch,"ajs-dialyzer","3b03ec503cfead325bb81de07310f46549f9fc16"}
 :: Fetching repo code
$ cd "/home/pete/wefwefwef/docs/other/6586272258/eleveldb-branch-ajs-dialyzer/eleveldb"
$ infinity  `curl --fail --silent --show-error --location --output 'ajs-dialyzer.zip' 'https://github.com/basho/eleveldb/archive/ajs-dialyzer.zip'  2>&1`
$ cd "/home/pete/wefwefwef/docs/erldocs_other.git"
$ cd "/home/pete/wefwefwef/docs/other/6586272258/eleveldb-branch-ajs-dialyzer/eleveldb"
$ 5000  `find -P . -type l -delete  2>&1`
$ cd "/home/pete/wefwefwef/docs/erldocs_other.git"
$ cd "/home/pete/wefwefwef/docs/other/6586272258/eleveldb-branch-ajs-dialyzer/eleveldb"
$ 5000  `find 'eleveldb-ajs-dialyzer' -mindepth 1 -maxdepth 1 -exec mv -t . -- {} +  2>&1`
$ cd "/home/pete/wefwefwef/docs/erldocs_other.git"
 :: Getting dependencies
$ cd "/home/pete/wefwefwef/docs/other/6586272258/eleveldb-branch-ajs-dialyzer/eleveldb"
$ 5000  `ls -1 deps/  2>&1`
$ cd "/home/pete/wefwefwef/docs/erldocs_other.git"
>>> [rebar] deps = []
 :: Generating erldocs into /home/pete/wefwefwef/docs/other/6586272258/repo/ajs-dialyzer
Building eleveldb
Generating Type Specs - "/home/pete/wefwefwef/docs/other/6586272258/eleveldb-branch-ajs-dialyzer/eleveldb/src/eleveldb.erl"
/home/pete/wefwefwef/docs/other/6586272258/eleveldb-branch-ajs-dialyzer/eleveldb/src/eleveldb.erl, function async_iterator/3: at line 164: @spec arity does not match.
EDoc could not process file '/home/pete/wefwefwef/docs/other/6586272258/eleveldb-branch-ajs-dialyzer/eleveldb/src/eleveldb.erl'
Error generating type specs for "/home/pete/wefwefwef/docs/other/6586272258/eleveldb-branch-ajs-dialyzer/eleveldb/src/eleveldb.erl"
Generating Type Specs - "/home/pete/wefwefwef/docs/other/6586272258/eleveldb-branch-ajs-dialyzer/eleveldb/src/eleveldb_bump.erl"
Generating XML for application eleveldb "/home/pete/wefwefwef/docs/other/6586272258/eleveldb-branch-ajs-dialyzer/eleveldb" -> "/home/pete/wefwefwef/docs/other/6586272258/repo/ajs-dialyzer/.xml/eleveldb"
/home/pete/wefwefwef/docs/other/6586272258/eleveldb-branch-ajs-dialyzer/eleveldb/src/eleveldb.erl, function async_iterator/3: at line 163: multiple @spec tag.
edoc: skipping source file '/home/pete/wefwefwef/docs/other/6586272258/eleveldb-branch-ajs-dialyzer/eleveldb/src/eleveldb.erl': {'EXIT',
                                                                                                                           error}.
edoc: error in doclet 'edoc_doclet': {'EXIT',error}.
Error generating eleveldb XMLs. Using fallback ...
Generating XML eleveldb - eleveldb "/home/pete/wefwefwef/docs/other/6586272258/eleveldb-branch-ajs-dialyzer/eleveldb/src/eleveldb.erl" -> "/home/pete/wefwefwef/docs/other/6586272258/repo/ajs-dialyzer/.xml/eleveldb/eleveldb.xml"
/home/pete/wefwefwef/docs/other/6586272258/eleveldb-branch-ajs-dialyzer/eleveldb/src/eleveldb.erl, function async_iterator/3: at line 163: multiple @spec tag.
Error generating XML ("/home/pete/wefwefwef/docs/other/6586272258/eleveldb-branch-ajs-dialyzer/eleveldb/src/eleveldb.erl"): {'EXIT',
                                                                                                                             error}
Generating XML eleveldb - eleveldb_bump "/home/pete/wefwefwef/docs/other/6586272258/eleveldb-branch-ajs-dialyzer/eleveldb/src/eleveldb_bump.erl" -> "/home/pete/wefwefwef/docs/other/6586272258/repo/ajs-dialyzer/.xml/eleveldb/eleveldb_bump.xml"
Generating HTML - eleveldb_bump "/home/pete/wefwefwef/docs/other/6586272258/repo/ajs-dialyzer/.xml/eleveldb/eleveldb_bump.xml"
Reading XML for "/home/pete/wefwefwef/docs/other/6586272258/repo/ajs-dialyzer/.xml/eleveldb/eleveldb_bump.xml"
Reading XML for "/home/pete/wefwefwef/docs/other/6586272258/repo/ajs-dialyzer/.xml/specs_eleveldb_bump.xml"
Creating index.html ...
Creating erldocs_index.js ...
Woot, finished in 0 Minutes 0 Seconds
 :: Discovering other repos
$ 5000  `rm -r '/home/pete/wefwefwef/docs/other/6586272258/eleveldb-branch-ajs-dialyzer'  2>&1`
 :: Processing https://github.com/basho/eleveldb	{rev,branch,"arg-fix-delete-arity","a135c6ea8300319a2a4effa11ed94db88c97b32f"}
 :: Fetching repo code
$ cd "/home/pete/wefwefwef/docs/other/6586272258/eleveldb-branch-arg-fix-delete-arity/eleveldb"
$ infinity  `curl --fail --silent --show-error --location --output 'arg-fix-delete-arity.zip' 'https://github.com/basho/eleveldb/archive/arg-fix-delete-arity.zip'  2>&1`
$ cd "/home/pete/wefwefwef/docs/erldocs_other.git"
$ cd "/home/pete/wefwefwef/docs/other/6586272258/eleveldb-branch-arg-fix-delete-arity/eleveldb"
$ 5000  `find -P . -type l -delete  2>&1`
$ cd "/home/pete/wefwefwef/docs/erldocs_other.git"
$ cd "/home/pete/wefwefwef/docs/other/6586272258/eleveldb-branch-arg-fix-delete-arity/eleveldb"
$ 5000  `find 'eleveldb-arg-fix-delete-arity' -mindepth 1 -maxdepth 1 -exec mv -t . -- {} +  2>&1`
$ cd "/home/pete/wefwefwef/docs/erldocs_other.git"
 :: Getting dependencies
$ cd "/home/pete/wefwefwef/docs/other/6586272258/eleveldb-branch-arg-fix-delete-arity/eleveldb"
$ 5000  `ls -1 deps/  2>&1`
$ cd "/home/pete/wefwefwef/docs/erldocs_other.git"
>>> [rebar] deps = []
 :: Generating erldocs into /home/pete/wefwefwef/docs/other/6586272258/repo/arg-fix-delete-arity
Building eleveldb
Generating Type Specs - "/home/pete/wefwefwef/docs/other/6586272258/eleveldb-branch-arg-fix-delete-arity/eleveldb/src/eleveldb.erl"
Generating XML for application eleveldb "/home/pete/wefwefwef/docs/other/6586272258/eleveldb-branch-arg-fix-delete-arity/eleveldb" -> "/home/pete/wefwefwef/docs/other/6586272258/repo/arg-fix-delete-arity/.xml/eleveldb"
Generated eleveldb XMLs: ["/home/pete/wefwefwef/docs/other/6586272258/repo/arg-fix-delete-arity/.xml/eleveldb/eleveldb.xml"]
Generating HTML - eleveldb "/home/pete/wefwefwef/docs/other/6586272258/repo/arg-fix-delete-arity/.xml/eleveldb/eleveldb.xml"
Reading XML for "/home/pete/wefwefwef/docs/other/6586272258/repo/arg-fix-delete-arity/.xml/eleveldb/eleveldb.xml"
Reading XML for "/home/pete/wefwefwef/docs/other/6586272258/repo/arg-fix-delete-arity/.xml/specs_eleveldb.xml"
Creating index.html ...
Creating erldocs_index.js ...
Woot, finished in 0 Minutes 0 Seconds
 :: Discovering other repos
$ 5000  `rm -r '/home/pete/wefwefwef/docs/other/6586272258/eleveldb-branch-arg-fix-delete-arity'  2>&1`
 :: Processing https://github.com/basho/eleveldb	{rev,branch,"arg-opt-parsing","e61e069b735a79f121ab667873b567971d12efe6"}
 :: Fetching repo code
$ cd "/home/pete/wefwefwef/docs/other/6586272258/eleveldb-branch-arg-opt-parsing/eleveldb"
$ infinity  `curl --fail --silent --show-error --location --output 'arg-opt-parsing.zip' 'https://github.com/basho/eleveldb/archive/arg-opt-parsing.zip'  2>&1`
$ cd "/home/pete/wefwefwef/docs/erldocs_other.git"
$ cd "/home/pete/wefwefwef/docs/other/6586272258/eleveldb-branch-arg-opt-parsing/eleveldb"
$ 5000  `find -P . -type l -delete  2>&1`
$ cd "/home/pete/wefwefwef/docs/erldocs_other.git"
$ cd "/home/pete/wefwefwef/docs/other/6586272258/eleveldb-branch-arg-opt-parsing/eleveldb"
$ 5000  `find 'eleveldb-arg-opt-parsing' -mindepth 1 -maxdepth 1 -exec mv -t . -- {} +  2>&1`
$ cd "/home/pete/wefwefwef/docs/erldocs_other.git"
 :: Getting dependencies
$ cd "/home/pete/wefwefwef/docs/other/6586272258/eleveldb-branch-arg-opt-parsing/eleveldb"
$ 5000  `ls -1 deps/  2>&1`
$ cd "/home/pete/wefwefwef/docs/erldocs_other.git"
>>> [rebar] deps = []
 :: Generating erldocs into /home/pete/wefwefwef/docs/other/6586272258/repo/arg-opt-parsing
Building eleveldb
Generating Type Specs - "/home/pete/wefwefwef/docs/other/6586272258/eleveldb-branch-arg-opt-parsing/eleveldb/src/e_leveldb.erl"
Generating XML for application eleveldb "/home/pete/wefwefwef/docs/other/6586272258/eleveldb-branch-arg-opt-parsing/eleveldb" -> "/home/pete/wefwefwef/docs/other/6586272258/repo/arg-opt-parsing/.xml/eleveldb"
Generated eleveldb XMLs: ["/home/pete/wefwefwef/docs/other/6586272258/repo/arg-opt-parsing/.xml/eleveldb/e_leveldb.xml"]
Generating HTML - e_leveldb "/home/pete/wefwefwef/docs/other/6586272258/repo/arg-opt-parsing/.xml/eleveldb/e_leveldb.xml"
Reading XML for "/home/pete/wefwefwef/docs/other/6586272258/repo/arg-opt-parsing/.xml/eleveldb/e_leveldb.xml"
Reading XML for "/home/pete/wefwefwef/docs/other/6586272258/repo/arg-opt-parsing/.xml/specs_e_leveldb.xml"
Creating index.html ...
Creating erldocs_index.js ...
Woot, finished in 0 Minutes 0 Seconds
 :: Discovering other repos
$ 5000  `rm -r '/home/pete/wefwefwef/docs/other/6586272258/eleveldb-branch-arg-opt-parsing'  2>&1`
 :: Processing https://github.com/basho/eleveldb	{rev,branch,"arg-snapshot","99170e98e62b629c5c7fb6734af9c0cecd2d7564"}
 :: Fetching repo code
$ cd "/home/pete/wefwefwef/docs/other/6586272258/eleveldb-branch-arg-snapshot/eleveldb"
$ infinity  `curl --fail --silent --show-error --location --output 'arg-snapshot.zip' 'https://github.com/basho/eleveldb/archive/arg-snapshot.zip'  2>&1`
$ cd "/home/pete/wefwefwef/docs/erldocs_other.git"
$ cd "/home/pete/wefwefwef/docs/other/6586272258/eleveldb-branch-arg-snapshot/eleveldb"
$ 5000  `find -P . -type l -delete  2>&1`
$ cd "/home/pete/wefwefwef/docs/erldocs_other.git"
$ cd "/home/pete/wefwefwef/docs/other/6586272258/eleveldb-branch-arg-snapshot/eleveldb"
$ 5000  `find 'eleveldb-arg-snapshot' -mindepth 1 -maxdepth 1 -exec mv -t . -- {} +  2>&1`
$ cd "/home/pete/wefwefwef/docs/erldocs_other.git"
 :: Getting dependencies
$ cd "/home/pete/wefwefwef/docs/other/6586272258/eleveldb-branch-arg-snapshot/eleveldb"
$ 5000  `ls -1 deps/  2>&1`
$ cd "/home/pete/wefwefwef/docs/erldocs_other.git"
>>> [rebar] deps = []
 :: Generating erldocs into /home/pete/wefwefwef/docs/other/6586272258/repo/arg-snapshot
Building eleveldb
Generating Type Specs - "/home/pete/wefwefwef/docs/other/6586272258/eleveldb-branch-arg-snapshot/eleveldb/src/e_leveldb.erl"
Generating XML for application eleveldb "/home/pete/wefwefwef/docs/other/6586272258/eleveldb-branch-arg-snapshot/eleveldb" -> "/home/pete/wefwefwef/docs/other/6586272258/repo/arg-snapshot/.xml/eleveldb"
Generated eleveldb XMLs: ["/home/pete/wefwefwef/docs/other/6586272258/repo/arg-snapshot/.xml/eleveldb/e_leveldb.xml"]
Generating HTML - e_leveldb "/home/pete/wefwefwef/docs/other/6586272258/repo/arg-snapshot/.xml/eleveldb/e_leveldb.xml"
Reading XML for "/home/pete/wefwefwef/docs/other/6586272258/repo/arg-snapshot/.xml/eleveldb/e_leveldb.xml"
Reading XML for "/home/pete/wefwefwef/docs/other/6586272258/repo/arg-snapshot/.xml/specs_e_leveldb.xml"
Creating index.html ...
Creating erldocs_index.js ...
Woot, finished in 0 Minutes 0 Seconds
 :: Discovering other repos
$ 5000  `rm -r '/home/pete/wefwefwef/docs/other/6586272258/eleveldb-branch-arg-snapshot'  2>&1`
 :: Processing https://github.com/basho/eleveldb	{rev,branch,"arg-snapshot-2","b59b012335dcecd7947855db4cf6b0d967527510"}
 :: Fetching repo code
$ cd "/home/pete/wefwefwef/docs/other/6586272258/eleveldb-branch-arg-snapshot-2/eleveldb"
$ infinity  `curl --fail --silent --show-error --location --output 'arg-snapshot-2.zip' 'https://github.com/basho/eleveldb/archive/arg-snapshot-2.zip'  2>&1`
$ cd "/home/pete/wefwefwef/docs/erldocs_other.git"
$ cd "/home/pete/wefwefwef/docs/other/6586272258/eleveldb-branch-arg-snapshot-2/eleveldb"
$ 5000  `find -P . -type l -delete  2>&1`
$ cd "/home/pete/wefwefwef/docs/erldocs_other.git"
$ cd "/home/pete/wefwefwef/docs/other/6586272258/eleveldb-branch-arg-snapshot-2/eleveldb"
$ 5000  `find 'eleveldb-arg-snapshot-2' -mindepth 1 -maxdepth 1 -exec mv -t . -- {} +  2>&1`
$ cd "/home/pete/wefwefwef/docs/erldocs_other.git"
 :: Getting dependencies
$ cd "/home/pete/wefwefwef/docs/other/6586272258/eleveldb-branch-arg-snapshot-2/eleveldb"
$ 5000  `ls -1 deps/  2>&1`
$ cd "/home/pete/wefwefwef/docs/erldocs_other.git"
>>> [rebar] deps = []
 :: Generating erldocs into /home/pete/wefwefwef/docs/other/6586272258/repo/arg-snapshot-2
Building eleveldb
Generating Type Specs - "/home/pete/wefwefwef/docs/other/6586272258/eleveldb-branch-arg-snapshot-2/eleveldb/src/e_leveldb.erl"
Generating XML for application eleveldb "/home/pete/wefwefwef/docs/other/6586272258/eleveldb-branch-arg-snapshot-2/eleveldb" -> "/home/pete/wefwefwef/docs/other/6586272258/repo/arg-snapshot-2/.xml/eleveldb"
Generated eleveldb XMLs: ["/home/pete/wefwefwef/docs/other/6586272258/repo/arg-snapshot-2/.xml/eleveldb/e_leveldb.xml"]
Generating HTML - e_leveldb "/home/pete/wefwefwef/docs/other/6586272258/repo/arg-snapshot-2/.xml/eleveldb/e_leveldb.xml"
Reading XML for "/home/pete/wefwefwef/docs/other/6586272258/repo/arg-snapshot-2/.xml/eleveldb/e_leveldb.xml"
Reading XML for "/home/pete/wefwefwef/docs/other/6586272258/repo/arg-snapshot-2/.xml/specs_e_leveldb.xml"
Creating index.html ...
Creating erldocs_index.js ...
Woot, finished in 0 Minutes 0 Seconds
 :: Discovering other repos
$ 5000  `rm -r '/home/pete/wefwefwef/docs/other/6586272258/eleveldb-branch-arg-snapshot-2'  2>&1`
 :: Processing https://github.com/basho/eleveldb	{rev,branch,"arg-snapshot-class","fd359fd8a2314dc155cb0b6ded1940422465c2bd"}
 :: Fetching repo code
$ cd "/home/pete/wefwefwef/docs/other/6586272258/eleveldb-branch-arg-snapshot-class/eleveldb"
$ infinity  `curl --fail --silent --show-error --location --output 'arg-snapshot-class.zip' 'https://github.com/basho/eleveldb/archive/arg-snapshot-class.zip'  2>&1`
$ cd "/home/pete/wefwefwef/docs/erldocs_other.git"
$ cd "/home/pete/wefwefwef/docs/other/6586272258/eleveldb-branch-arg-snapshot-class/eleveldb"
$ 5000  `find -P . -type l -delete  2>&1`
$ cd "/home/pete/wefwefwef/docs/erldocs_other.git"
$ cd "/home/pete/wefwefwef/docs/other/6586272258/eleveldb-branch-arg-snapshot-class/eleveldb"
$ 5000  `find 'eleveldb-arg-snapshot-class' -mindepth 1 -maxdepth 1 -exec mv -t . -- {} +  2>&1`
$ cd "/home/pete/wefwefwef/docs/erldocs_other.git"
 :: Getting dependencies
$ cd "/home/pete/wefwefwef/docs/other/6586272258/eleveldb-branch-arg-snapshot-class/eleveldb"
$ 5000  `ls -1 deps/  2>&1`
$ cd "/home/pete/wefwefwef/docs/erldocs_other.git"
>>> [rebar] deps = []
 :: Generating erldocs into /home/pete/wefwefwef/docs/other/6586272258/repo/arg-snapshot-class
Building eleveldb
Generating Type Specs - "/home/pete/wefwefwef/docs/other/6586272258/eleveldb-branch-arg-snapshot-class/eleveldb/src/e_leveldb.erl"
Generating XML for application eleveldb "/home/pete/wefwefwef/docs/other/6586272258/eleveldb-branch-arg-snapshot-class/eleveldb" -> "/home/pete/wefwefwef/docs/other/6586272258/repo/arg-snapshot-class/.xml/eleveldb"
Generated eleveldb XMLs: ["/home/pete/wefwefwef/docs/other/6586272258/repo/arg-snapshot-class/.xml/eleveldb/e_leveldb.xml"]
Generating HTML - e_leveldb "/home/pete/wefwefwef/docs/other/6586272258/repo/arg-snapshot-class/.xml/eleveldb/e_leveldb.xml"
Reading XML for "/home/pete/wefwefwef/docs/other/6586272258/repo/arg-snapshot-class/.xml/eleveldb/e_leveldb.xml"
Reading XML for "/home/pete/wefwefwef/docs/other/6586272258/repo/arg-snapshot-class/.xml/specs_e_leveldb.xml"
Creating index.html ...
Creating erldocs_index.js ...
Woot, finished in 0 Minutes 0 Seconds
 :: Discovering other repos
$ 5000  `rm -r '/home/pete/wefwefwef/docs/other/6586272258/eleveldb-branch-arg-snapshot-class'  2>&1`
 :: Processing https://github.com/basho/eleveldb	{rev,branch,"az603-backend-refactoring-phase3","d4c353150ea07c044d3b29c11057d37c03cb5b93"}
 :: Fetching repo code
$ cd "/home/pete/wefwefwef/docs/other/6586272258/eleveldb-branch-az603-backend-refactoring-phase3/eleveldb"
$ infinity  `curl --fail --silent --show-error --location --output 'az603-backend-refactoring-phase3.zip' 'https://github.com/basho/eleveldb/archive/az603-backend-refactoring-phase3.zip'  2>&1`
$ cd "/home/pete/wefwefwef/docs/erldocs_other.git"
$ cd "/home/pete/wefwefwef/docs/other/6586272258/eleveldb-branch-az603-backend-refactoring-phase3/eleveldb"
$ 5000  `find -P . -type l -delete  2>&1`
$ cd "/home/pete/wefwefwef/docs/erldocs_other.git"
$ cd "/home/pete/wefwefwef/docs/other/6586272258/eleveldb-branch-az603-backend-refactoring-phase3/eleveldb"
$ 5000  `find 'eleveldb-az603-backend-refactoring-phase3' -mindepth 1 -maxdepth 1 -exec mv -t . -- {} +  2>&1`
$ cd "/home/pete/wefwefwef/docs/erldocs_other.git"
 :: Getting dependencies
$ cd "/home/pete/wefwefwef/docs/other/6586272258/eleveldb-branch-az603-backend-refactoring-phase3/eleveldb"
$ 5000  `ls -1 deps/  2>&1`
$ cd "/home/pete/wefwefwef/docs/erldocs_other.git"
>>> [rebar] deps = []
 :: Generating erldocs into /home/pete/wefwefwef/docs/other/6586272258/repo/az603-backend-refactoring-phase3
Building eleveldb
Generating Type Specs - "/home/pete/wefwefwef/docs/other/6586272258/eleveldb-branch-az603-backend-refactoring-phase3/eleveldb/src/eleveldb.erl"
Generating XML for application eleveldb "/home/pete/wefwefwef/docs/other/6586272258/eleveldb-branch-az603-backend-refactoring-phase3/eleveldb" -> "/home/pete/wefwefwef/docs/other/6586272258/repo/az603-backend-refactoring-phase3/.xml/eleveldb"
Generated eleveldb XMLs: ["/home/pete/wefwefwef/docs/other/6586272258/repo/az603-backend-refactoring-phase3/.xml/eleveldb/eleveldb.xml"]
Generating HTML - eleveldb "/home/pete/wefwefwef/docs/other/6586272258/repo/az603-backend-refactoring-phase3/.xml/eleveldb/eleveldb.xml"
Reading XML for "/home/pete/wefwefwef/docs/other/6586272258/repo/az603-backend-refactoring-phase3/.xml/eleveldb/eleveldb.xml"
Reading XML for "/home/pete/wefwefwef/docs/other/6586272258/repo/az603-backend-refactoring-phase3/.xml/specs_eleveldb.xml"
Creating index.html ...
Creating erldocs_index.js ...
Woot, finished in 0 Minutes 0 Seconds
 :: Discovering other repos
$ 5000  `rm -r '/home/pete/wefwefwef/docs/other/6586272258/eleveldb-branch-az603-backend-refactoring-phase3'  2>&1`
 :: Processing https://github.com/basho/eleveldb	{rev,branch,"az663-vnode-fold-refactor","151772f0f8fb39ce0b6f1b3cf981096228c9bf62"}
 :: Fetching repo code
$ cd "/home/pete/wefwefwef/docs/other/6586272258/eleveldb-branch-az663-vnode-fold-refactor/eleveldb"
$ infinity  `curl --fail --silent --show-error --location --output 'az663-vnode-fold-refactor.zip' 'https://github.com/basho/eleveldb/archive/az663-vnode-fold-refactor.zip'  2>&1`
$ cd "/home/pete/wefwefwef/docs/erldocs_other.git"
$ cd "/home/pete/wefwefwef/docs/other/6586272258/eleveldb-branch-az663-vnode-fold-refactor/eleveldb"
$ 5000  `find -P . -type l -delete  2>&1`
$ cd "/home/pete/wefwefwef/docs/erldocs_other.git"
$ cd "/home/pete/wefwefwef/docs/other/6586272258/eleveldb-branch-az663-vnode-fold-refactor/eleveldb"
$ 5000  `find 'eleveldb-az663-vnode-fold-refactor' -mindepth 1 -maxdepth 1 -exec mv -t . -- {} +  2>&1`
$ cd "/home/pete/wefwefwef/docs/erldocs_other.git"
 :: Getting dependencies
$ cd "/home/pete/wefwefwef/docs/other/6586272258/eleveldb-branch-az663-vnode-fold-refactor/eleveldb"
$ 5000  `ls -1 deps/  2>&1`
$ cd "/home/pete/wefwefwef/docs/erldocs_other.git"
>>> [rebar] deps = []
 :: Generating erldocs into /home/pete/wefwefwef/docs/other/6586272258/repo/az663-vnode-fold-refactor
Building eleveldb
Generating Type Specs - "/home/pete/wefwefwef/docs/other/6586272258/eleveldb-branch-az663-vnode-fold-refactor/eleveldb/src/eleveldb.erl"
Generating XML for application eleveldb "/home/pete/wefwefwef/docs/other/6586272258/eleveldb-branch-az663-vnode-fold-refactor/eleveldb" -> "/home/pete/wefwefwef/docs/other/6586272258/repo/az663-vnode-fold-refactor/.xml/eleveldb"
Generated eleveldb XMLs: ["/home/pete/wefwefwef/docs/other/6586272258/repo/az663-vnode-fold-refactor/.xml/eleveldb/eleveldb.xml"]
Generating HTML - eleveldb "/home/pete/wefwefwef/docs/other/6586272258/repo/az663-vnode-fold-refactor/.xml/eleveldb/eleveldb.xml"
Reading XML for "/home/pete/wefwefwef/docs/other/6586272258/repo/az663-vnode-fold-refactor/.xml/eleveldb/eleveldb.xml"
Reading XML for "/home/pete/wefwefwef/docs/other/6586272258/repo/az663-vnode-fold-refactor/.xml/specs_eleveldb.xml"
Creating index.html ...
Creating erldocs_index.js ...
Woot, finished in 0 Minutes 0 Seconds
 :: Discovering other repos
$ 5000  `rm -r '/home/pete/wefwefwef/docs/other/6586272258/eleveldb-branch-az663-vnode-fold-refactor'  2>&1`
 :: Processing https://github.com/basho/eleveldb	{rev,branch,"bs-ps-gtechg2","18807a33ed859b93fa31482d55bc244af3000ce5"}
 :: Fetching repo code
$ cd "/home/pete/wefwefwef/docs/other/6586272258/eleveldb-branch-bs-ps-gtechg2/eleveldb"
$ infinity  `curl --fail --silent --show-error --location --output 'bs-ps-gtechg2.zip' 'https://github.com/basho/eleveldb/archive/bs-ps-gtechg2.zip'  2>&1`
$ cd "/home/pete/wefwefwef/docs/erldocs_other.git"
$ cd "/home/pete/wefwefwef/docs/other/6586272258/eleveldb-branch-bs-ps-gtechg2/eleveldb"
$ 5000  `find -P . -type l -delete  2>&1`
$ cd "/home/pete/wefwefwef/docs/erldocs_other.git"
$ cd "/home/pete/wefwefwef/docs/other/6586272258/eleveldb-branch-bs-ps-gtechg2/eleveldb"
$ 5000  `find 'eleveldb-bs-ps-gtechg2' -mindepth 1 -maxdepth 1 -exec mv -t . -- {} +  2>&1`
$ cd "/home/pete/wefwefwef/docs/erldocs_other.git"
 :: Getting dependencies
$ cd "/home/pete/wefwefwef/docs/other/6586272258/eleveldb-branch-bs-ps-gtechg2/eleveldb"
$ 5000  `ls -1 deps/  2>&1`
$ cd "/home/pete/wefwefwef/docs/erldocs_other.git"
>>> [rebar] deps = []
 :: Generating erldocs into /home/pete/wefwefwef/docs/other/6586272258/repo/bs-ps-gtechg2
Building eleveldb
Generating Type Specs - "/home/pete/wefwefwef/docs/other/6586272258/eleveldb-branch-bs-ps-gtechg2/eleveldb/src/eleveldb.erl"
Generating XML for application eleveldb "/home/pete/wefwefwef/docs/other/6586272258/eleveldb-branch-bs-ps-gtechg2/eleveldb" -> "/home/pete/wefwefwef/docs/other/6586272258/repo/bs-ps-gtechg2/.xml/eleveldb"
Generated eleveldb XMLs: ["/home/pete/wefwefwef/docs/other/6586272258/repo/bs-ps-gtechg2/.xml/eleveldb/eleveldb.xml"]
Generating HTML - eleveldb "/home/pete/wefwefwef/docs/other/6586272258/repo/bs-ps-gtechg2/.xml/eleveldb/eleveldb.xml"
Reading XML for "/home/pete/wefwefwef/docs/other/6586272258/repo/bs-ps-gtechg2/.xml/eleveldb/eleveldb.xml"
Reading XML for "/home/pete/wefwefwef/docs/other/6586272258/repo/bs-ps-gtechg2/.xml/specs_eleveldb.xml"
Creating index.html ...
Creating erldocs_index.js ...
Woot, finished in 0 Minutes 0 Seconds
 :: Discovering other repos
$ 5000  `rm -r '/home/pete/wefwefwef/docs/other/6586272258/eleveldb-branch-bs-ps-gtechg2'  2>&1`
 :: Processing https://github.com/basho/eleveldb	{rev,branch,"bug/rdb/doc-gen","074949b214c5fe6840e93ebfbf066537d3168e71"}
 :: Fetching repo code
$ cd "/home/pete/wefwefwef/docs/other/6586272258/eleveldb-branch-bug/rdb/doc-gen/eleveldb"
$ infinity  `curl --fail --silent --show-error --location --output 'bug/rdb/doc-gen.zip' 'https://github.com/basho/eleveldb/archive/bug/rdb/doc-gen.zip'  2>&1`
$ cd "/home/pete/wefwefwef/docs/erldocs_other.git"
>>> [stdout] "curl: (23) Failed writing body (0 != 859)"
 :: Error running eo_core:
	[{eo_os,chk,2,[{file,"src/eo_os.erl"},{line,55}]},
         {eo_scm,fetch,2,[{file,"src/eo_scm.erl"},{line,85}]},
         {eo_core,copy_repo,5,[{file,"src/eo_core.erl"},{line,238}]},
         {eo_core,main_,11,[{file,"src/eo_core.erl"},{line,85}]},
         {eo_core,main,1,[{file,"src/eo_core.erl"},{line,47}]},
         {eo_core,gen,1,[{file,"src/eo_core.erl"},{line,28}]},
         {gen_escript__escript__1427__137280__786502,seq_gen,3,
             [{file,"./gen.escript"},{line,47}]},
         {escript,run,2,[{file,"escript.erl"},{line,752}]}]
{throw,{sh,fetch_curl,error,23,
           [{"curl: (23) Failed writing body (0 !="},{" 859)"}]}}
