 :: Extracting meta information
$ infinity  `git ls-remote --heads --tags 'https://github.com/jsonified/swirl'  2>&1`
>>> [repo] 8 branches, 0 tags
 :: Writing meta to "/home/pete/wefwefwef/docs/other/df6982e36c9f81467698e60d9385f20c/meta.txt"
 :: Processing https://github.com/jsonified/swirl	{rev,branch,"wip/merkle","205b69d1e1518dfd5148330103cbcd3870d51d46",undefined,[],[]}
 :: Fetching repo code
$ cd '/home/pete/wefwefwef/docs/other/df6982e36c9f81467698e60d9385f20c/swirl-branch-wip_merkle'
$ infinity  `curl --fail --silent --show-error --location --output repo.tar.gz 'https://codeload.github.com/jsonified/swirl/legacy.tar.gz/wip/merkle'  2>&1`
$ cd '/home/pete/wefwefwef/docs/erldocs_other.git'
$ cd '/home/pete/wefwefwef/docs/other/df6982e36c9f81467698e60d9385f20c/swirl-branch-wip_merkle/skunkwerks-swirl-205b69d'
$ 5000  `find -P . -type l -delete  2>&1`
$ cd '/home/pete/wefwefwef/docs/erldocs_other.git'
$ 5000  `mv '/home/pete/wefwefwef/docs/other/df6982e36c9f81467698e60d9385f20c/swirl-branch-wip_merkle/skunkwerks-swirl-205b69d' '/home/pete/wefwefwef/docs/other/df6982e36c9f81467698e60d9385f20c/swirl-branch-wip_merkle/swirl'  2>&1`
 :: Getting dependencies
 :: Generating erldocs into /home/pete/wefwefwef/docs/other/df6982e36c9f81467698e60d9385f20c/repo/wip/merkle
Building swirl
Generating Type Specs - "/home/pete/wefwefwef/docs/other/df6982e36c9f81467698e60d9385f20c/swirl-branch-wip_merkle/swirl/src/convert.erl"
Generating Type Specs - "/home/pete/wefwefwef/docs/other/df6982e36c9f81467698e60d9385f20c/swirl-branch-wip_merkle/swirl/src/mtree.erl"
Generating Type Specs - "/home/pete/wefwefwef/docs/other/df6982e36c9f81467698e60d9385f20c/swirl-branch-wip_merkle/swirl/src/mtree_core.erl"
Generating Type Specs - "/home/pete/wefwefwef/docs/other/df6982e36c9f81467698e60d9385f20c/swirl-branch-wip_merkle/swirl/src/mtree_store.erl"
Generating Type Specs - "/home/pete/wefwefwef/docs/other/df6982e36c9f81467698e60d9385f20c/swirl-branch-wip_merkle/swirl/src/peer_sup.erl"
Generating Type Specs - "/home/pete/wefwefwef/docs/other/df6982e36c9f81467698e60d9385f20c/swirl-branch-wip_merkle/swirl/src/peer_worker.erl"
Generating Type Specs - "/home/pete/wefwefwef/docs/other/df6982e36c9f81467698e60d9385f20c/swirl-branch-wip_merkle/swirl/src/ppspp_channel.erl"
Generating Type Specs - "/home/pete/wefwefwef/docs/other/df6982e36c9f81467698e60d9385f20c/swirl-branch-wip_merkle/swirl/src/ppspp_chunk.erl"
Generating Type Specs - "/home/pete/wefwefwef/docs/other/df6982e36c9f81467698e60d9385f20c/swirl-branch-wip_merkle/swirl/src/ppspp_datagram.erl"
Generating Type Specs - "/home/pete/wefwefwef/docs/other/df6982e36c9f81467698e60d9385f20c/swirl-branch-wip_merkle/swirl/src/ppspp_handshake.erl"
Generating Type Specs - "/home/pete/wefwefwef/docs/other/df6982e36c9f81467698e60d9385f20c/swirl-branch-wip_merkle/swirl/src/ppspp_have.erl"
Generating Type Specs - "/home/pete/wefwefwef/docs/other/df6982e36c9f81467698e60d9385f20c/swirl-branch-wip_merkle/swirl/src/ppspp_message.erl"
Generating Type Specs - "/home/pete/wefwefwef/docs/other/df6982e36c9f81467698e60d9385f20c/swirl-branch-wip_merkle/swirl/src/ppspp_options.erl"
Generating Type Specs - "/home/pete/wefwefwef/docs/other/df6982e36c9f81467698e60d9385f20c/swirl-branch-wip_merkle/swirl/src/swarm_sup.erl"
Generating Type Specs - "/home/pete/wefwefwef/docs/other/df6982e36c9f81467698e60d9385f20c/swirl-branch-wip_merkle/swirl/src/swarm_worker.erl"
Generating Type Specs - "/home/pete/wefwefwef/docs/other/df6982e36c9f81467698e60d9385f20c/swirl-branch-wip_merkle/swirl/src/swirl.erl"
Generating Type Specs - "/home/pete/wefwefwef/docs/other/df6982e36c9f81467698e60d9385f20c/swirl-branch-wip_merkle/swirl/src/swirl_app.erl"
Generating Type Specs - "/home/pete/wefwefwef/docs/other/df6982e36c9f81467698e60d9385f20c/swirl-branch-wip_merkle/swirl/src/swirl_sup.erl"
Generating XML for application swirl "/home/pete/wefwefwef/docs/other/df6982e36c9f81467698e60d9385f20c/swirl-branch-wip_merkle/swirl" -> "/home/pete/wefwefwef/docs/other/df6982e36c9f81467698e60d9385f20c/repo/wip/merkle/.xml/swirl"
2990- fatal: {invalid_name," will "}
2763- fatal: error_scanning_entity_ref
/home/pete/wefwefwef/docs/other/df6982e36c9f81467698e60d9385f20c/swirl-branch-wip_merkle/swirl/src/ppspp_handshake.erl, function unpack/1: at line 42: error in XML parser: {fatal,
                         {error_scanning_entity_ref,
                             {file,file_name_unknown},
                             {line,45},
                             {col,13}}}.
edoc: skipping source file '/home/pete/wefwefwef/docs/other/df6982e36c9f81467698e60d9385f20c/swirl-branch-wip_merkle/swirl/src/ppspp_handshake.erl': {'EXIT',
                                                                                                                                                error}.
2542- fatal: {endtag_does_not_match,{was,p,should_have_been,ul}}
/home/pete/wefwefwef/docs/other/df6982e36c9f81467698e60d9385f20c/swirl-branch-wip_merkle/swirl/src/ppspp_options.erl, function get/2: at line 197: error in XML parser: {fatal,
                         {{endtag_does_not_match,{was,p,should_have_been,ul}},
                          {file,file_name_unknown},
                          {line,208},
                          {col,4}}}.
edoc: skipping source file '/home/pete/wefwefwef/docs/other/df6982e36c9f81467698e60d9385f20c/swirl-branch-wip_merkle/swirl/src/ppspp_options.erl': {'EXIT',
                                                                                                                                              error}.
2990- fatal: {invalid_name," will "}
2763- fatal: error_scanning_entity_ref
/home/pete/wefwefwef/docs/other/df6982e36c9f81467698e60d9385f20c/swirl-branch-wip_merkle/swirl/src/ppspp_have.erl, function unpack/2: at line 40: error in XML parser: {fatal,
                         {error_scanning_entity_ref,
                             {file,file_name_unknown},
                             {line,43},
                             {col,13}}}.
edoc: skipping source file '/home/pete/wefwefwef/docs/other/df6982e36c9f81467698e60d9385f20c/swirl-branch-wip_merkle/swirl/src/ppspp_have.erl': {'EXIT',
                                                                                                                                           error}.
2990- fatal: {invalid_name," will "}
2763- fatal: error_scanning_entity_ref
/home/pete/wefwefwef/docs/other/df6982e36c9f81467698e60d9385f20c/swirl-branch-wip_merkle/swirl/src/ppspp_chunk.erl, function unpack/2: at line 62: error in XML parser: {fatal,
                         {error_scanning_entity_ref,
                             {file,file_name_unknown},
                             {line,65},
                             {col,13}}}.
edoc: skipping source file '/home/pete/wefwefwef/docs/other/df6982e36c9f81467698e60d9385f20c/swirl-branch-wip_merkle/swirl/src/ppspp_chunk.erl': {'EXIT',
                                                                                                                                            error}.
2990- fatal: {invalid_name," will "}
2763- fatal: error_scanning_entity_ref
/home/pete/wefwefwef/docs/other/df6982e36c9f81467698e60d9385f20c/swirl-branch-wip_merkle/swirl/src/ppspp_channel.erl, function unpack_with_rest/1: at line 46: error in XML parser: {fatal,
                         {error_scanning_entity_ref,
                             {file,file_name_unknown},
                             {line,49},
                             {col,13}}}.
edoc: skipping source file '/home/pete/wefwefwef/docs/other/df6982e36c9f81467698e60d9385f20c/swirl-branch-wip_merkle/swirl/src/ppspp_channel.erl': {'EXIT',
                                                                                                                                              error}.
2990- fatal: {invalid_name," will "}
2763- fatal: error_scanning_entity_ref
/home/pete/wefwefwef/docs/other/df6982e36c9f81467698e60d9385f20c/swirl-branch-wip_merkle/swirl/src/ppspp_message.erl, function unpack/2: at line 59: error in XML parser: {fatal,
                         {error_scanning_entity_ref,
                             {file,file_name_unknown},
                             {line,62},
                             {col,13}}}.
edoc: skipping source file '/home/pete/wefwefwef/docs/other/df6982e36c9f81467698e60d9385f20c/swirl-branch-wip_merkle/swirl/src/ppspp_message.erl': {'EXIT',
                                                                                                                                              error}.
/home/pete/wefwefwef/docs/other/df6982e36c9f81467698e60d9385f20c/swirl-branch-wip_merkle/swirl/src/ppspp_datagram.erl, function build_endpoint/5: at line 58: unknown error parsing specification: {58,edoc_parser,
                                      ["syntax error before: ",[]]}.
edoc: skipping source file '/home/pete/wefwefwef/docs/other/df6982e36c9f81467698e60d9385f20c/swirl-branch-wip_merkle/swirl/src/ppspp_datagram.erl': {'EXIT',
                                                                                                                                               error}.
edoc: error in doclet 'edoc_doclet': {'EXIT',error}.
Error generating swirl XMLs. Using fallback ...
Generating XML swirl - convert "/home/pete/wefwefwef/docs/other/df6982e36c9f81467698e60d9385f20c/swirl-branch-wip_merkle/swirl/src/convert.erl" -> "/home/pete/wefwefwef/docs/other/df6982e36c9f81467698e60d9385f20c/repo/wip/merkle/.xml/swirl/convert.xml"
Generating XML swirl - mtree "/home/pete/wefwefwef/docs/other/df6982e36c9f81467698e60d9385f20c/swirl-branch-wip_merkle/swirl/src/mtree.erl" -> "/home/pete/wefwefwef/docs/other/df6982e36c9f81467698e60d9385f20c/repo/wip/merkle/.xml/swirl/mtree.xml"
Generating XML swirl - mtree_core "/home/pete/wefwefwef/docs/other/df6982e36c9f81467698e60d9385f20c/swirl-branch-wip_merkle/swirl/src/mtree_core.erl" -> "/home/pete/wefwefwef/docs/other/df6982e36c9f81467698e60d9385f20c/repo/wip/merkle/.xml/swirl/mtree_core.xml"
Generating XML swirl - mtree_store "/home/pete/wefwefwef/docs/other/df6982e36c9f81467698e60d9385f20c/swirl-branch-wip_merkle/swirl/src/mtree_store.erl" -> "/home/pete/wefwefwef/docs/other/df6982e36c9f81467698e60d9385f20c/repo/wip/merkle/.xml/swirl/mtree_store.xml"
Generating XML swirl - peer_sup "/home/pete/wefwefwef/docs/other/df6982e36c9f81467698e60d9385f20c/swirl-branch-wip_merkle/swirl/src/peer_sup.erl" -> "/home/pete/wefwefwef/docs/other/df6982e36c9f81467698e60d9385f20c/repo/wip/merkle/.xml/swirl/peer_sup.xml"
Generating XML swirl - peer_worker "/home/pete/wefwefwef/docs/other/df6982e36c9f81467698e60d9385f20c/swirl-branch-wip_merkle/swirl/src/peer_worker.erl" -> "/home/pete/wefwefwef/docs/other/df6982e36c9f81467698e60d9385f20c/repo/wip/merkle/.xml/swirl/peer_worker.xml"
Generating XML swirl - ppspp_channel "/home/pete/wefwefwef/docs/other/df6982e36c9f81467698e60d9385f20c/swirl-branch-wip_merkle/swirl/src/ppspp_channel.erl" -> "/home/pete/wefwefwef/docs/other/df6982e36c9f81467698e60d9385f20c/repo/wip/merkle/.xml/swirl/ppspp_channel.xml"
2990- fatal: {invalid_name," will "}
2763- fatal: error_scanning_entity_ref
/home/pete/wefwefwef/docs/other/df6982e36c9f81467698e60d9385f20c/swirl-branch-wip_merkle/swirl/src/ppspp_channel.erl, function unpack_with_rest/1: at line 46: error in XML parser: {fatal,
                         {error_scanning_entity_ref,
                             {file,file_name_unknown},
                             {line,49},
                             {col,13}}}.
Error generating XML ("/home/pete/wefwefwef/docs/other/df6982e36c9f81467698e60d9385f20c/swirl-branch-wip_merkle/swirl/src/ppspp_channel.erl"): {'EXIT',
                                                                                                                                                error}
Generating XML swirl - ppspp_chunk "/home/pete/wefwefwef/docs/other/df6982e36c9f81467698e60d9385f20c/swirl-branch-wip_merkle/swirl/src/ppspp_chunk.erl" -> "/home/pete/wefwefwef/docs/other/df6982e36c9f81467698e60d9385f20c/repo/wip/merkle/.xml/swirl/ppspp_chunk.xml"
2990- fatal: {invalid_name," will "}
2763- fatal: error_scanning_entity_ref
/home/pete/wefwefwef/docs/other/df6982e36c9f81467698e60d9385f20c/swirl-branch-wip_merkle/swirl/src/ppspp_chunk.erl, function unpack/2: at line 62: error in XML parser: {fatal,
                         {error_scanning_entity_ref,
                             {file,file_name_unknown},
                             {line,65},
                             {col,13}}}.
Error generating XML ("/home/pete/wefwefwef/docs/other/df6982e36c9f81467698e60d9385f20c/swirl-branch-wip_merkle/swirl/src/ppspp_chunk.erl"): {'EXIT',
                                                                                                                                              error}
Generating XML swirl - ppspp_datagram "/home/pete/wefwefwef/docs/other/df6982e36c9f81467698e60d9385f20c/swirl-branch-wip_merkle/swirl/src/ppspp_datagram.erl" -> "/home/pete/wefwefwef/docs/other/df6982e36c9f81467698e60d9385f20c/repo/wip/merkle/.xml/swirl/ppspp_datagram.xml"
/home/pete/wefwefwef/docs/other/df6982e36c9f81467698e60d9385f20c/swirl-branch-wip_merkle/swirl/src/ppspp_datagram.erl, function build_endpoint/5: at line 58: unknown error parsing specification: {58,edoc_parser,
                                      ["syntax error before: ",[]]}.
Error generating XML ("/home/pete/wefwefwef/docs/other/df6982e36c9f81467698e60d9385f20c/swirl-branch-wip_merkle/swirl/src/ppspp_datagram.erl"): {'EXIT',
                                                                                                                                                 error}
Generating XML swirl - ppspp_handshake "/home/pete/wefwefwef/docs/other/df6982e36c9f81467698e60d9385f20c/swirl-branch-wip_merkle/swirl/src/ppspp_handshake.erl" -> "/home/pete/wefwefwef/docs/other/df6982e36c9f81467698e60d9385f20c/repo/wip/merkle/.xml/swirl/ppspp_handshake.xml"
2990- fatal: {invalid_name," will "}
2763- fatal: error_scanning_entity_ref
/home/pete/wefwefwef/docs/other/df6982e36c9f81467698e60d9385f20c/swirl-branch-wip_merkle/swirl/src/ppspp_handshake.erl, function unpack/1: at line 42: error in XML parser: {fatal,
                         {error_scanning_entity_ref,
                             {file,file_name_unknown},
                             {line,45},
                             {col,13}}}.
Error generating XML ("/home/pete/wefwefwef/docs/other/df6982e36c9f81467698e60d9385f20c/swirl-branch-wip_merkle/swirl/src/ppspp_handshake.erl"): {'EXIT',
                                                                                                                                                  error}
Generating XML swirl - ppspp_have "/home/pete/wefwefwef/docs/other/df6982e36c9f81467698e60d9385f20c/swirl-branch-wip_merkle/swirl/src/ppspp_have.erl" -> "/home/pete/wefwefwef/docs/other/df6982e36c9f81467698e60d9385f20c/repo/wip/merkle/.xml/swirl/ppspp_have.xml"
2990- fatal: {invalid_name," will "}
2763- fatal: error_scanning_entity_ref
/home/pete/wefwefwef/docs/other/df6982e36c9f81467698e60d9385f20c/swirl-branch-wip_merkle/swirl/src/ppspp_have.erl, function unpack/2: at line 40: error in XML parser: {fatal,
                         {error_scanning_entity_ref,
                             {file,file_name_unknown},
                             {line,43},
                             {col,13}}}.
Error generating XML ("/home/pete/wefwefwef/docs/other/df6982e36c9f81467698e60d9385f20c/swirl-branch-wip_merkle/swirl/src/ppspp_have.erl"): {'EXIT',
                                                                                                                                             error}
Generating XML swirl - ppspp_message "/home/pete/wefwefwef/docs/other/df6982e36c9f81467698e60d9385f20c/swirl-branch-wip_merkle/swirl/src/ppspp_message.erl" -> "/home/pete/wefwefwef/docs/other/df6982e36c9f81467698e60d9385f20c/repo/wip/merkle/.xml/swirl/ppspp_message.xml"
2990- fatal: {invalid_name," will "}
2763- fatal: error_scanning_entity_ref
/home/pete/wefwefwef/docs/other/df6982e36c9f81467698e60d9385f20c/swirl-branch-wip_merkle/swirl/src/ppspp_message.erl, function unpack/2: at line 59: error in XML parser: {fatal,
                         {error_scanning_entity_ref,
                             {file,file_name_unknown},
                             {line,62},
                             {col,13}}}.
Error generating XML ("/home/pete/wefwefwef/docs/other/df6982e36c9f81467698e60d9385f20c/swirl-branch-wip_merkle/swirl/src/ppspp_message.erl"): {'EXIT',
                                                                                                                                                error}
Generating XML swirl - ppspp_options "/home/pete/wefwefwef/docs/other/df6982e36c9f81467698e60d9385f20c/swirl-branch-wip_merkle/swirl/src/ppspp_options.erl" -> "/home/pete/wefwefwef/docs/other/df6982e36c9f81467698e60d9385f20c/repo/wip/merkle/.xml/swirl/ppspp_options.xml"
2542- fatal: {endtag_does_not_match,{was,p,should_have_been,ul}}
/home/pete/wefwefwef/docs/other/df6982e36c9f81467698e60d9385f20c/swirl-branch-wip_merkle/swirl/src/ppspp_options.erl, function get/2: at line 197: error in XML parser: {fatal,
                         {{endtag_does_not_match,{was,p,should_have_been,ul}},
                          {file,file_name_unknown},
                          {line,208},
                          {col,4}}}.
Error generating XML ("/home/pete/wefwefwef/docs/other/df6982e36c9f81467698e60d9385f20c/swirl-branch-wip_merkle/swirl/src/ppspp_options.erl"): {'EXIT',
                                                                                                                                                error}
Generating XML swirl - swarm_sup "/home/pete/wefwefwef/docs/other/df6982e36c9f81467698e60d9385f20c/swirl-branch-wip_merkle/swirl/src/swarm_sup.erl" -> "/home/pete/wefwefwef/docs/other/df6982e36c9f81467698e60d9385f20c/repo/wip/merkle/.xml/swirl/swarm_sup.xml"
Generating XML swirl - swarm_worker "/home/pete/wefwefwef/docs/other/df6982e36c9f81467698e60d9385f20c/swirl-branch-wip_merkle/swirl/src/swarm_worker.erl" -> "/home/pete/wefwefwef/docs/other/df6982e36c9f81467698e60d9385f20c/repo/wip/merkle/.xml/swirl/swarm_worker.xml"
Generating XML swirl - swirl "/home/pete/wefwefwef/docs/other/df6982e36c9f81467698e60d9385f20c/swirl-branch-wip_merkle/swirl/src/swirl.erl" -> "/home/pete/wefwefwef/docs/other/df6982e36c9f81467698e60d9385f20c/repo/wip/merkle/.xml/swirl/swirl.xml"
Generating XML swirl - swirl_app "/home/pete/wefwefwef/docs/other/df6982e36c9f81467698e60d9385f20c/swirl-branch-wip_merkle/swirl/src/swirl_app.erl" -> "/home/pete/wefwefwef/docs/other/df6982e36c9f81467698e60d9385f20c/repo/wip/merkle/.xml/swirl/swirl_app.xml"
Generating XML swirl - swirl_sup "/home/pete/wefwefwef/docs/other/df6982e36c9f81467698e60d9385f20c/swirl-branch-wip_merkle/swirl/src/swirl_sup.erl" -> "/home/pete/wefwefwef/docs/other/df6982e36c9f81467698e60d9385f20c/repo/wip/merkle/.xml/swirl/swirl_sup.xml"
Generating HTML - swirl_app "/home/pete/wefwefwef/docs/other/df6982e36c9f81467698e60d9385f20c/repo/wip/merkle/.xml/swirl/swirl_app.xml"
Generating HTML - swarm_worker "/home/pete/wefwefwef/docs/other/df6982e36c9f81467698e60d9385f20c/repo/wip/merkle/.xml/swirl/swarm_worker.xml"
Generating HTML - peer_worker "/home/pete/wefwefwef/docs/other/df6982e36c9f81467698e60d9385f20c/repo/wip/merkle/.xml/swirl/peer_worker.xml"
Generating HTML - convert "/home/pete/wefwefwef/docs/other/df6982e36c9f81467698e60d9385f20c/repo/wip/merkle/.xml/swirl/convert.xml"
Reading XML for "/home/pete/wefwefwef/docs/other/df6982e36c9f81467698e60d9385f20c/repo/wip/merkle/.xml/swirl/swirl_app.xml"
Reading XML for "/home/pete/wefwefwef/docs/other/df6982e36c9f81467698e60d9385f20c/repo/wip/merkle/.xml/swirl/swarm_worker.xml"
Reading XML for "/home/pete/wefwefwef/docs/other/df6982e36c9f81467698e60d9385f20c/repo/wip/merkle/.xml/swirl/peer_worker.xml"
Reading XML for "/home/pete/wefwefwef/docs/other/df6982e36c9f81467698e60d9385f20c/repo/wip/merkle/.xml/swirl/convert.xml"
Reading XML for "/home/pete/wefwefwef/docs/other/df6982e36c9f81467698e60d9385f20c/repo/wip/merkle/.xml/specs_peer_worker.xml"
Reading XML for "/home/pete/wefwefwef/docs/other/df6982e36c9f81467698e60d9385f20c/repo/wip/merkle/.xml/specs_convert.xml"
Reading XML for "/home/pete/wefwefwef/docs/other/df6982e36c9f81467698e60d9385f20c/repo/wip/merkle/.xml/specs_swarm_worker.xml"
Reading XML for "/home/pete/wefwefwef/docs/other/df6982e36c9f81467698e60d9385f20c/repo/wip/merkle/.xml/specs_swirl_app.xml"
Generating HTML - mtree "/home/pete/wefwefwef/docs/other/df6982e36c9f81467698e60d9385f20c/repo/wip/merkle/.xml/swirl/mtree.xml"
Reading XML for "/home/pete/wefwefwef/docs/other/df6982e36c9f81467698e60d9385f20c/repo/wip/merkle/.xml/swirl/mtree.xml"
Generating HTML - swirl_sup "/home/pete/wefwefwef/docs/other/df6982e36c9f81467698e60d9385f20c/repo/wip/merkle/.xml/swirl/swirl_sup.xml"
Reading XML for "/home/pete/wefwefwef/docs/other/df6982e36c9f81467698e60d9385f20c/repo/wip/merkle/.xml/swirl/swirl_sup.xml"
Generating HTML - swarm_sup "/home/pete/wefwefwef/docs/other/df6982e36c9f81467698e60d9385f20c/repo/wip/merkle/.xml/swirl/swarm_sup.xml"
Reading XML for "/home/pete/wefwefwef/docs/other/df6982e36c9f81467698e60d9385f20c/repo/wip/merkle/.xml/swirl/swarm_sup.xml"
Generating HTML - swirl "/home/pete/wefwefwef/docs/other/df6982e36c9f81467698e60d9385f20c/repo/wip/merkle/.xml/swirl/swirl.xml"
Reading XML for "/home/pete/wefwefwef/docs/other/df6982e36c9f81467698e60d9385f20c/repo/wip/merkle/.xml/swirl/swirl.xml"
Reading XML for "/home/pete/wefwefwef/docs/other/df6982e36c9f81467698e60d9385f20c/repo/wip/merkle/.xml/specs_swirl_sup.xml"
Reading XML for "/home/pete/wefwefwef/docs/other/df6982e36c9f81467698e60d9385f20c/repo/wip/merkle/.xml/specs_swarm_sup.xml"
Reading XML for "/home/pete/wefwefwef/docs/other/df6982e36c9f81467698e60d9385f20c/repo/wip/merkle/.xml/specs_mtree.xml"
Reading XML for "/home/pete/wefwefwef/docs/other/df6982e36c9f81467698e60d9385f20c/repo/wip/merkle/.xml/specs_swirl.xml"
Generating HTML - mtree_core "/home/pete/wefwefwef/docs/other/df6982e36c9f81467698e60d9385f20c/repo/wip/merkle/.xml/swirl/mtree_core.xml"
Reading XML for "/home/pete/wefwefwef/docs/other/df6982e36c9f81467698e60d9385f20c/repo/wip/merkle/.xml/swirl/mtree_core.xml"
Reading XML for "/home/pete/wefwefwef/docs/other/df6982e36c9f81467698e60d9385f20c/repo/wip/merkle/.xml/specs_mtree_core.xml"
Generating HTML - mtree_store "/home/pete/wefwefwef/docs/other/df6982e36c9f81467698e60d9385f20c/repo/wip/merkle/.xml/swirl/mtree_store.xml"
Reading XML for "/home/pete/wefwefwef/docs/other/df6982e36c9f81467698e60d9385f20c/repo/wip/merkle/.xml/swirl/mtree_store.xml"
Reading XML for "/home/pete/wefwefwef/docs/other/df6982e36c9f81467698e60d9385f20c/repo/wip/merkle/.xml/specs_mtree_store.xml"
Generating HTML - peer_sup "/home/pete/wefwefwef/docs/other/df6982e36c9f81467698e60d9385f20c/repo/wip/merkle/.xml/swirl/peer_sup.xml"
Reading XML for "/home/pete/wefwefwef/docs/other/df6982e36c9f81467698e60d9385f20c/repo/wip/merkle/.xml/swirl/peer_sup.xml"
Reading XML for "/home/pete/wefwefwef/docs/other/df6982e36c9f81467698e60d9385f20c/repo/wip/merkle/.xml/specs_peer_sup.xml"
Creating index.html ...
Creating erldocs_index.js ...
Woot, finished in 0 Minutes 3 Seconds
 :: Discovering other repos
$ 5000  `rm -r '/home/pete/wefwefwef/docs/other/df6982e36c9f81467698e60d9385f20c/swirl-branch-wip_merkle'  2>&1`
 :: Processing https://github.com/jsonified/swirl	{rev,branch,"wip/merge","09223835f7e7ab321549cd63db8683ba80d13c7a",undefined,[],[]}
 :: Fetching repo code
$ cd '/home/pete/wefwefwef/docs/other/df6982e36c9f81467698e60d9385f20c/swirl-branch-wip_merge'
$ infinity  `curl --fail --silent --show-error --location --output repo.tar.gz 'https://codeload.github.com/jsonified/swirl/legacy.tar.gz/wip/merge'  2>&1`
$ cd '/home/pete/wefwefwef/docs/erldocs_other.git'
$ cd '/home/pete/wefwefwef/docs/other/df6982e36c9f81467698e60d9385f20c/swirl-branch-wip_merge/skunkwerks-swirl-0922383'
$ 5000  `find -P . -type l -delete  2>&1`
$ cd '/home/pete/wefwefwef/docs/erldocs_other.git'
$ 5000  `mv '/home/pete/wefwefwef/docs/other/df6982e36c9f81467698e60d9385f20c/swirl-branch-wip_merge/skunkwerks-swirl-0922383' '/home/pete/wefwefwef/docs/other/df6982e36c9f81467698e60d9385f20c/swirl-branch-wip_merge/swirl'  2>&1`
 :: Getting dependencies
$ cd '/home/pete/wefwefwef/docs/other/df6982e36c9f81467698e60d9385f20c/swirl-branch-wip_merge/swirl'
$ 5000  `ls -1 deps/  2>&1`
$ cd '/home/pete/wefwefwef/docs/erldocs_other.git'
>>> [rebar] deps = []
 :: Generating erldocs into /home/pete/wefwefwef/docs/other/df6982e36c9f81467698e60d9385f20c/repo/wip/merge
Building swirl
Generating Type Specs - "/home/pete/wefwefwef/docs/other/df6982e36c9f81467698e60d9385f20c/swirl-branch-wip_merge/swirl/src/convert.erl"
Generating Type Specs - "/home/pete/wefwefwef/docs/other/df6982e36c9f81467698e60d9385f20c/swirl-branch-wip_merge/swirl/src/live_seeder.erl"
Generating Type Specs - "/home/pete/wefwefwef/docs/other/df6982e36c9f81467698e60d9385f20c/swirl-branch-wip_merge/swirl/src/merkle.erl"
Generating Type Specs - "/home/pete/wefwefwef/docs/other/df6982e36c9f81467698e60d9385f20c/swirl-branch-wip_merge/swirl/src/mtree.erl"
Generating Type Specs - "/home/pete/wefwefwef/docs/other/df6982e36c9f81467698e60d9385f20c/swirl-branch-wip_merge/swirl/src/mtree_core.erl"
Generating Type Specs - "/home/pete/wefwefwef/docs/other/df6982e36c9f81467698e60d9385f20c/swirl-branch-wip_merge/swirl/src/mtree_store.erl"
Generating Type Specs - "/home/pete/wefwefwef/docs/other/df6982e36c9f81467698e60d9385f20c/swirl-branch-wip_merge/swirl/src/peer_core.erl"
Generating Type Specs - "/home/pete/wefwefwef/docs/other/df6982e36c9f81467698e60d9385f20c/swirl-branch-wip_merge/swirl/src/peer_store.erl"
Generating Type Specs - "/home/pete/wefwefwef/docs/other/df6982e36c9f81467698e60d9385f20c/swirl-branch-wip_merge/swirl/src/peer_sup.erl"
Generating Type Specs - "/home/pete/wefwefwef/docs/other/df6982e36c9f81467698e60d9385f20c/swirl-branch-wip_merge/swirl/src/peer_worker.erl"
Generating Type Specs - "/home/pete/wefwefwef/docs/other/df6982e36c9f81467698e60d9385f20c/swirl-branch-wip_merge/swirl/src/ppspp_datagram.erl"
Generating Type Specs - "/home/pete/wefwefwef/docs/other/df6982e36c9f81467698e60d9385f20c/swirl-branch-wip_merge/swirl/src/ppspp_leecher.erl"
Generating Type Specs - "/home/pete/wefwefwef/docs/other/df6982e36c9f81467698e60d9385f20c/swirl-branch-wip_merge/swirl/src/ppspp_message.erl"
Generating Type Specs - "/home/pete/wefwefwef/docs/other/df6982e36c9f81467698e60d9385f20c/swirl-branch-wip_merge/swirl/src/ppspp_options.erl"
Generating Type Specs - "/home/pete/wefwefwef/docs/other/df6982e36c9f81467698e60d9385f20c/swirl-branch-wip_merge/swirl/src/ppspp_seeder.erl"
Generating Type Specs - "/home/pete/wefwefwef/docs/other/df6982e36c9f81467698e60d9385f20c/swirl-branch-wip_merge/swirl/src/swarm_sup.erl"
Generating Type Specs - "/home/pete/wefwefwef/docs/other/df6982e36c9f81467698e60d9385f20c/swirl-branch-wip_merge/swirl/src/swirl.erl"
Generating Type Specs - "/home/pete/wefwefwef/docs/other/df6982e36c9f81467698e60d9385f20c/swirl-branch-wip_merge/swirl/src/swirl_app.erl"
Generating Type Specs - "/home/pete/wefwefwef/docs/other/df6982e36c9f81467698e60d9385f20c/swirl-branch-wip_merge/swirl/src/swirl_sup.erl"
Generating XML for application swirl "/home/pete/wefwefwef/docs/other/df6982e36c9f81467698e60d9385f20c/swirl-branch-wip_merge/swirl" -> "/home/pete/wefwefwef/docs/other/df6982e36c9f81467698e60d9385f20c/repo/wip/merge/.xml/swirl"
/home/pete/wefwefwef/docs/other/df6982e36c9f81467698e60d9385f20c/swirl-branch-wip_merge/swirl/src/live_seeder.erl, function start_link/1: at line 49: @spec arity does not match.
edoc: skipping source file '/home/pete/wefwefwef/docs/other/df6982e36c9f81467698e60d9385f20c/swirl-branch-wip_merge/swirl/src/live_seeder.erl': {'EXIT',
                                                                                                                                           error}.
/home/pete/wefwefwef/docs/other/df6982e36c9f81467698e60d9385f20c/swirl-branch-wip_merge/swirl/src/ppspp_leecher.erl, function start_link/1: at line 52: @spec arity does not match.
edoc: skipping source file '/home/pete/wefwefwef/docs/other/df6982e36c9f81467698e60d9385f20c/swirl-branch-wip_merge/swirl/src/ppspp_leecher.erl': {'EXIT',
                                                                                                                                             error}.
2542- fatal: {endtag_does_not_match,{was,p,should_have_been,ul}}
/home/pete/wefwefwef/docs/other/df6982e36c9f81467698e60d9385f20c/swirl-branch-wip_merge/swirl/src/ppspp_options.erl, function unpack/1: at line 43: error in XML parser: {fatal,
                         {{endtag_does_not_match,{was,p,should_have_been,ul}},
                          {file,file_name_unknown},
                          {line,53},
                          {col,5}}}.
edoc: skipping source file '/home/pete/wefwefwef/docs/other/df6982e36c9f81467698e60d9385f20c/swirl-branch-wip_merge/swirl/src/ppspp_options.erl': {'EXIT',
                                                                                                                                             error}.
/home/pete/wefwefwef/docs/other/df6982e36c9f81467698e60d9385f20c/swirl-branch-wip_merge/swirl/src/ppspp_seeder.erl, function start_link/1: at line 49: @spec arity does not match.
edoc: skipping source file '/home/pete/wefwefwef/docs/other/df6982e36c9f81467698e60d9385f20c/swirl-branch-wip_merge/swirl/src/ppspp_seeder.erl': {'EXIT',
                                                                                                                                            error}.
2990- fatal: {invalid_name," will "}
2763- fatal: error_scanning_entity_ref
/home/pete/wefwefwef/docs/other/df6982e36c9f81467698e60d9385f20c/swirl-branch-wip_merge/swirl/src/ppspp_message.erl, function unpack/1: at line 41: error in XML parser: {fatal,
                         {error_scanning_entity_ref,
                             {file,file_name_unknown},
                             {line,44},
                             {col,13}}}.
edoc: skipping source file '/home/pete/wefwefwef/docs/other/df6982e36c9f81467698e60d9385f20c/swirl-branch-wip_merge/swirl/src/ppspp_message.erl': {'EXIT',
                                                                                                                                             error}.
2990- fatal: {invalid_name," stati"}
2763- fatal: error_scanning_entity_ref
/home/pete/wefwefwef/docs/other/df6982e36c9f81467698e60d9385f20c/swirl-branch-wip_merge/swirl/src/peer_core.erl, function fetch_uncles/3: at line 180: error in XML parser: {fatal,
                         {error_scanning_entity_ref,
                             {file,file_name_unknown},
                             {line,180},
                             {col,59}}}.
edoc: skipping source file '/home/pete/wefwefwef/docs/other/df6982e36c9f81467698e60d9385f20c/swirl-branch-wip_merge/swirl/src/peer_core.erl': {'EXIT',
                                                                                                                                         error}.
2990- fatal: {invalid_name," deliv"}
2763- fatal: error_scanning_entity_ref
/home/pete/wefwefwef/docs/other/df6982e36c9f81467698e60d9385f20c/swirl-branch-wip_merge/swirl/src/ppspp_datagram.erl, function handle/2: at line 36: error in XML parser: {fatal,
                         {error_scanning_entity_ref,
                             {file,file_name_unknown},
                             {line,36},
                             {col,51}}}.
edoc: skipping source file '/home/pete/wefwefwef/docs/other/df6982e36c9f81467698e60d9385f20c/swirl-branch-wip_merge/swirl/src/ppspp_datagram.erl': {'EXIT',
                                                                                                                                              error}.
edoc: error in doclet 'edoc_doclet': {'EXIT',error}.
Error generating swirl XMLs. Using fallback ...
Generating XML swirl - convert "/home/pete/wefwefwef/docs/other/df6982e36c9f81467698e60d9385f20c/swirl-branch-wip_merge/swirl/src/convert.erl" -> "/home/pete/wefwefwef/docs/other/df6982e36c9f81467698e60d9385f20c/repo/wip/merge/.xml/swirl/convert.xml"
Generating XML swirl - live_seeder "/home/pete/wefwefwef/docs/other/df6982e36c9f81467698e60d9385f20c/swirl-branch-wip_merge/swirl/src/live_seeder.erl" -> "/home/pete/wefwefwef/docs/other/df6982e36c9f81467698e60d9385f20c/repo/wip/merge/.xml/swirl/live_seeder.xml"
/home/pete/wefwefwef/docs/other/df6982e36c9f81467698e60d9385f20c/swirl-branch-wip_merge/swirl/src/live_seeder.erl, function start_link/1: at line 49: @spec arity does not match.
Error generating XML ("/home/pete/wefwefwef/docs/other/df6982e36c9f81467698e60d9385f20c/swirl-branch-wip_merge/swirl/src/live_seeder.erl"): {'EXIT',
                                                                                                                                             error}
Generating XML swirl - merkle "/home/pete/wefwefwef/docs/other/df6982e36c9f81467698e60d9385f20c/swirl-branch-wip_merge/swirl/src/merkle.erl" -> "/home/pete/wefwefwef/docs/other/df6982e36c9f81467698e60d9385f20c/repo/wip/merge/.xml/swirl/merkle.xml"
Generating XML swirl - mtree "/home/pete/wefwefwef/docs/other/df6982e36c9f81467698e60d9385f20c/swirl-branch-wip_merge/swirl/src/mtree.erl" -> "/home/pete/wefwefwef/docs/other/df6982e36c9f81467698e60d9385f20c/repo/wip/merge/.xml/swirl/mtree.xml"
Generating XML swirl - mtree_core "/home/pete/wefwefwef/docs/other/df6982e36c9f81467698e60d9385f20c/swirl-branch-wip_merge/swirl/src/mtree_core.erl" -> "/home/pete/wefwefwef/docs/other/df6982e36c9f81467698e60d9385f20c/repo/wip/merge/.xml/swirl/mtree_core.xml"
Generating XML swirl - mtree_store "/home/pete/wefwefwef/docs/other/df6982e36c9f81467698e60d9385f20c/swirl-branch-wip_merge/swirl/src/mtree_store.erl" -> "/home/pete/wefwefwef/docs/other/df6982e36c9f81467698e60d9385f20c/repo/wip/merge/.xml/swirl/mtree_store.xml"
Generating XML swirl - peer_core "/home/pete/wefwefwef/docs/other/df6982e36c9f81467698e60d9385f20c/swirl-branch-wip_merge/swirl/src/peer_core.erl" -> "/home/pete/wefwefwef/docs/other/df6982e36c9f81467698e60d9385f20c/repo/wip/merge/.xml/swirl/peer_core.xml"
2990- fatal: {invalid_name," stati"}
2763- fatal: error_scanning_entity_ref
/home/pete/wefwefwef/docs/other/df6982e36c9f81467698e60d9385f20c/swirl-branch-wip_merge/swirl/src/peer_core.erl, function fetch_uncles/3: at line 180: error in XML parser: {fatal,
                         {error_scanning_entity_ref,
                             {file,file_name_unknown},
                             {line,180},
                             {col,59}}}.
Error generating XML ("/home/pete/wefwefwef/docs/other/df6982e36c9f81467698e60d9385f20c/swirl-branch-wip_merge/swirl/src/peer_core.erl"): {'EXIT',
                                                                                                                                           error}
Generating XML swirl - peer_store "/home/pete/wefwefwef/docs/other/df6982e36c9f81467698e60d9385f20c/swirl-branch-wip_merge/swirl/src/peer_store.erl" -> "/home/pete/wefwefwef/docs/other/df6982e36c9f81467698e60d9385f20c/repo/wip/merge/.xml/swirl/peer_store.xml"
Generating XML swirl - peer_sup "/home/pete/wefwefwef/docs/other/df6982e36c9f81467698e60d9385f20c/swirl-branch-wip_merge/swirl/src/peer_sup.erl" -> "/home/pete/wefwefwef/docs/other/df6982e36c9f81467698e60d9385f20c/repo/wip/merge/.xml/swirl/peer_sup.xml"
Generating XML swirl - peer_worker "/home/pete/wefwefwef/docs/other/df6982e36c9f81467698e60d9385f20c/swirl-branch-wip_merge/swirl/src/peer_worker.erl" -> "/home/pete/wefwefwef/docs/other/df6982e36c9f81467698e60d9385f20c/repo/wip/merge/.xml/swirl/peer_worker.xml"
Generating XML swirl - ppspp_datagram "/home/pete/wefwefwef/docs/other/df6982e36c9f81467698e60d9385f20c/swirl-branch-wip_merge/swirl/src/ppspp_datagram.erl" -> "/home/pete/wefwefwef/docs/other/df6982e36c9f81467698e60d9385f20c/repo/wip/merge/.xml/swirl/ppspp_datagram.xml"
2990- fatal: {invalid_name," deliv"}
2763- fatal: error_scanning_entity_ref
/home/pete/wefwefwef/docs/other/df6982e36c9f81467698e60d9385f20c/swirl-branch-wip_merge/swirl/src/ppspp_datagram.erl, function handle/2: at line 36: error in XML parser: {fatal,
                         {error_scanning_entity_ref,
                             {file,file_name_unknown},
                             {line,36},
                             {col,51}}}.
Error generating XML ("/home/pete/wefwefwef/docs/other/df6982e36c9f81467698e60d9385f20c/swirl-branch-wip_merge/swirl/src/ppspp_datagram.erl"): {'EXIT',
                                                                                                                                                error}
Generating XML swirl - ppspp_leecher "/home/pete/wefwefwef/docs/other/df6982e36c9f81467698e60d9385f20c/swirl-branch-wip_merge/swirl/src/ppspp_leecher.erl" -> "/home/pete/wefwefwef/docs/other/df6982e36c9f81467698e60d9385f20c/repo/wip/merge/.xml/swirl/ppspp_leecher.xml"
/home/pete/wefwefwef/docs/other/df6982e36c9f81467698e60d9385f20c/swirl-branch-wip_merge/swirl/src/ppspp_leecher.erl, function start_link/1: at line 52: @spec arity does not match.
Error generating XML ("/home/pete/wefwefwef/docs/other/df6982e36c9f81467698e60d9385f20c/swirl-branch-wip_merge/swirl/src/ppspp_leecher.erl"): {'EXIT',
                                                                                                                                               error}
Generating XML swirl - ppspp_message "/home/pete/wefwefwef/docs/other/df6982e36c9f81467698e60d9385f20c/swirl-branch-wip_merge/swirl/src/ppspp_message.erl" -> "/home/pete/wefwefwef/docs/other/df6982e36c9f81467698e60d9385f20c/repo/wip/merge/.xml/swirl/ppspp_message.xml"
2990- fatal: {invalid_name," will "}
2763- fatal: error_scanning_entity_ref
/home/pete/wefwefwef/docs/other/df6982e36c9f81467698e60d9385f20c/swirl-branch-wip_merge/swirl/src/ppspp_message.erl, function unpack/1: at line 41: error in XML parser: {fatal,
                         {error_scanning_entity_ref,
                             {file,file_name_unknown},
                             {line,44},
                             {col,13}}}.
Error generating XML ("/home/pete/wefwefwef/docs/other/df6982e36c9f81467698e60d9385f20c/swirl-branch-wip_merge/swirl/src/ppspp_message.erl"): {'EXIT',
                                                                                                                                               error}
Generating XML swirl - ppspp_options "/home/pete/wefwefwef/docs/other/df6982e36c9f81467698e60d9385f20c/swirl-branch-wip_merge/swirl/src/ppspp_options.erl" -> "/home/pete/wefwefwef/docs/other/df6982e36c9f81467698e60d9385f20c/repo/wip/merge/.xml/swirl/ppspp_options.xml"
2542- fatal: {endtag_does_not_match,{was,p,should_have_been,ul}}
/home/pete/wefwefwef/docs/other/df6982e36c9f81467698e60d9385f20c/swirl-branch-wip_merge/swirl/src/ppspp_options.erl, function unpack/1: at line 43: error in XML parser: {fatal,
                         {{endtag_does_not_match,{was,p,should_have_been,ul}},
                          {file,file_name_unknown},
                          {line,53},
                          {col,5}}}.
Error generating XML ("/home/pete/wefwefwef/docs/other/df6982e36c9f81467698e60d9385f20c/swirl-branch-wip_merge/swirl/src/ppspp_options.erl"): {'EXIT',
                                                                                                                                               error}
Generating XML swirl - ppspp_seeder "/home/pete/wefwefwef/docs/other/df6982e36c9f81467698e60d9385f20c/swirl-branch-wip_merge/swirl/src/ppspp_seeder.erl" -> "/home/pete/wefwefwef/docs/other/df6982e36c9f81467698e60d9385f20c/repo/wip/merge/.xml/swirl/ppspp_seeder.xml"
/home/pete/wefwefwef/docs/other/df6982e36c9f81467698e60d9385f20c/swirl-branch-wip_merge/swirl/src/ppspp_seeder.erl, function start_link/1: at line 49: @spec arity does not match.
Error generating XML ("/home/pete/wefwefwef/docs/other/df6982e36c9f81467698e60d9385f20c/swirl-branch-wip_merge/swirl/src/ppspp_seeder.erl"): {'EXIT',
                                                                                                                                              error}
Generating XML swirl - swarm_sup "/home/pete/wefwefwef/docs/other/df6982e36c9f81467698e60d9385f20c/swirl-branch-wip_merge/swirl/src/swarm_sup.erl" -> "/home/pete/wefwefwef/docs/other/df6982e36c9f81467698e60d9385f20c/repo/wip/merge/.xml/swirl/swarm_sup.xml"
Generating XML swirl - swirl "/home/pete/wefwefwef/docs/other/df6982e36c9f81467698e60d9385f20c/swirl-branch-wip_merge/swirl/src/swirl.erl" -> "/home/pete/wefwefwef/docs/other/df6982e36c9f81467698e60d9385f20c/repo/wip/merge/.xml/swirl/swirl.xml"
Generating XML swirl - swirl_app "/home/pete/wefwefwef/docs/other/df6982e36c9f81467698e60d9385f20c/swirl-branch-wip_merge/swirl/src/swirl_app.erl" -> "/home/pete/wefwefwef/docs/other/df6982e36c9f81467698e60d9385f20c/repo/wip/merge/.xml/swirl/swirl_app.xml"
Generating XML swirl - swirl_sup "/home/pete/wefwefwef/docs/other/df6982e36c9f81467698e60d9385f20c/swirl-branch-wip_merge/swirl/src/swirl_sup.erl" -> "/home/pete/wefwefwef/docs/other/df6982e36c9f81467698e60d9385f20c/repo/wip/merge/.xml/swirl/swirl_sup.xml"
Generating HTML - swirl "/home/pete/wefwefwef/docs/other/df6982e36c9f81467698e60d9385f20c/repo/wip/merge/.xml/swirl/swirl.xml"
Generating HTML - peer_sup "/home/pete/wefwefwef/docs/other/df6982e36c9f81467698e60d9385f20c/repo/wip/merge/.xml/swirl/peer_sup.xml"
Generating HTML - mtree_core "/home/pete/wefwefwef/docs/other/df6982e36c9f81467698e60d9385f20c/repo/wip/merge/.xml/swirl/mtree_core.xml"
Generating HTML - convert "/home/pete/wefwefwef/docs/other/df6982e36c9f81467698e60d9385f20c/repo/wip/merge/.xml/swirl/convert.xml"
Reading XML for "/home/pete/wefwefwef/docs/other/df6982e36c9f81467698e60d9385f20c/repo/wip/merge/.xml/swirl/swirl.xml"
Reading XML for "/home/pete/wefwefwef/docs/other/df6982e36c9f81467698e60d9385f20c/repo/wip/merge/.xml/swirl/peer_sup.xml"
Reading XML for "/home/pete/wefwefwef/docs/other/df6982e36c9f81467698e60d9385f20c/repo/wip/merge/.xml/swirl/mtree_core.xml"
Reading XML for "/home/pete/wefwefwef/docs/other/df6982e36c9f81467698e60d9385f20c/repo/wip/merge/.xml/swirl/convert.xml"
Reading XML for "/home/pete/wefwefwef/docs/other/df6982e36c9f81467698e60d9385f20c/repo/wip/merge/.xml/specs_peer_sup.xml"
Reading XML for "/home/pete/wefwefwef/docs/other/df6982e36c9f81467698e60d9385f20c/repo/wip/merge/.xml/specs_swirl.xml"
Generating HTML - peer_worker "/home/pete/wefwefwef/docs/other/df6982e36c9f81467698e60d9385f20c/repo/wip/merge/.xml/swirl/peer_worker.xml"
Reading XML for "/home/pete/wefwefwef/docs/other/df6982e36c9f81467698e60d9385f20c/repo/wip/merge/.xml/specs_convert.xml"
Reading XML for "/home/pete/wefwefwef/docs/other/df6982e36c9f81467698e60d9385f20c/repo/wip/merge/.xml/swirl/peer_worker.xml"
Reading XML for "/home/pete/wefwefwef/docs/other/df6982e36c9f81467698e60d9385f20c/repo/wip/merge/.xml/specs_mtree_core.xml"
Generating HTML - merkle "/home/pete/wefwefwef/docs/other/df6982e36c9f81467698e60d9385f20c/repo/wip/merge/.xml/swirl/merkle.xml"
Reading XML for "/home/pete/wefwefwef/docs/other/df6982e36c9f81467698e60d9385f20c/repo/wip/merge/.xml/swirl/merkle.xml"
Generating HTML - swirl_app "/home/pete/wefwefwef/docs/other/df6982e36c9f81467698e60d9385f20c/repo/wip/merge/.xml/swirl/swirl_app.xml"
Reading XML for "/home/pete/wefwefwef/docs/other/df6982e36c9f81467698e60d9385f20c/repo/wip/merge/.xml/swirl/swirl_app.xml"
Generating HTML - mtree_store "/home/pete/wefwefwef/docs/other/df6982e36c9f81467698e60d9385f20c/repo/wip/merge/.xml/swirl/mtree_store.xml"
Reading XML for "/home/pete/wefwefwef/docs/other/df6982e36c9f81467698e60d9385f20c/repo/wip/merge/.xml/swirl/mtree_store.xml"
Reading XML for "/home/pete/wefwefwef/docs/other/df6982e36c9f81467698e60d9385f20c/repo/wip/merge/.xml/specs_peer_worker.xml"
Reading XML for "/home/pete/wefwefwef/docs/other/df6982e36c9f81467698e60d9385f20c/repo/wip/merge/.xml/specs_merkle.xml"
Generating HTML - mtree "/home/pete/wefwefwef/docs/other/df6982e36c9f81467698e60d9385f20c/repo/wip/merge/.xml/swirl/mtree.xml"
Reading XML for "/home/pete/wefwefwef/docs/other/df6982e36c9f81467698e60d9385f20c/repo/wip/merge/.xml/swirl/mtree.xml"
Reading XML for "/home/pete/wefwefwef/docs/other/df6982e36c9f81467698e60d9385f20c/repo/wip/merge/.xml/specs_swirl_app.xml"
Generating HTML - swarm_sup "/home/pete/wefwefwef/docs/other/df6982e36c9f81467698e60d9385f20c/repo/wip/merge/.xml/swirl/swarm_sup.xml"
Generating HTML - swirl_sup "/home/pete/wefwefwef/docs/other/df6982e36c9f81467698e60d9385f20c/repo/wip/merge/.xml/swirl/swirl_sup.xml"
Reading XML for "/home/pete/wefwefwef/docs/other/df6982e36c9f81467698e60d9385f20c/repo/wip/merge/.xml/swirl/swarm_sup.xml"
Reading XML for "/home/pete/wefwefwef/docs/other/df6982e36c9f81467698e60d9385f20c/repo/wip/merge/.xml/swirl/swirl_sup.xml"
Reading XML for "/home/pete/wefwefwef/docs/other/df6982e36c9f81467698e60d9385f20c/repo/wip/merge/.xml/specs_mtree_store.xml"
Generating HTML - peer_store "/home/pete/wefwefwef/docs/other/df6982e36c9f81467698e60d9385f20c/repo/wip/merge/.xml/swirl/peer_store.xml"
Reading XML for "/home/pete/wefwefwef/docs/other/df6982e36c9f81467698e60d9385f20c/repo/wip/merge/.xml/swirl/peer_store.xml"
Reading XML for "/home/pete/wefwefwef/docs/other/df6982e36c9f81467698e60d9385f20c/repo/wip/merge/.xml/specs_swarm_sup.xml"
Reading XML for "/home/pete/wefwefwef/docs/other/df6982e36c9f81467698e60d9385f20c/repo/wip/merge/.xml/specs_swirl_sup.xml"
Reading XML for "/home/pete/wefwefwef/docs/other/df6982e36c9f81467698e60d9385f20c/repo/wip/merge/.xml/specs_mtree.xml"
Reading XML for "/home/pete/wefwefwef/docs/other/df6982e36c9f81467698e60d9385f20c/repo/wip/merge/.xml/specs_peer_store.xml"
Creating index.html ...
Creating erldocs_index.js ...
Woot, finished in 0 Minutes 3 Seconds
 :: Discovering other repos
$ 5000  `rm -r '/home/pete/wefwefwef/docs/other/df6982e36c9f81467698e60d9385f20c/swirl-branch-wip_merge'  2>&1`
 :: Processing https://github.com/jsonified/swirl	{rev,branch,"wip/livestream","c771291020f74158db11f1b6929cf0816083207a",undefined,[],[]}
 :: Fetching repo code
$ cd '/home/pete/wefwefwef/docs/other/df6982e36c9f81467698e60d9385f20c/swirl-branch-wip_livestream'
$ infinity  `curl --fail --silent --show-error --location --output repo.tar.gz 'https://codeload.github.com/jsonified/swirl/legacy.tar.gz/wip/livestream'  2>&1`
$ cd '/home/pete/wefwefwef/docs/erldocs_other.git'
$ cd '/home/pete/wefwefwef/docs/other/df6982e36c9f81467698e60d9385f20c/swirl-branch-wip_livestream/skunkwerks-swirl-c771291'
$ 5000  `find -P . -type l -delete  2>&1`
$ cd '/home/pete/wefwefwef/docs/erldocs_other.git'
$ 5000  `mv '/home/pete/wefwefwef/docs/other/df6982e36c9f81467698e60d9385f20c/swirl-branch-wip_livestream/skunkwerks-swirl-c771291' '/home/pete/wefwefwef/docs/other/df6982e36c9f81467698e60d9385f20c/swirl-branch-wip_livestream/swirl'  2>&1`
 :: Getting dependencies
 :: Generating erldocs into /home/pete/wefwefwef/docs/other/df6982e36c9f81467698e60d9385f20c/repo/wip/livestream
Building swirl
Generating Type Specs - "/home/pete/wefwefwef/docs/other/df6982e36c9f81467698e60d9385f20c/swirl-branch-wip_livestream/swirl/src/convert.erl"
Generating Type Specs - "/home/pete/wefwefwef/docs/other/df6982e36c9f81467698e60d9385f20c/swirl-branch-wip_livestream/swirl/src/live_seeder.erl"
Generating Type Specs - "/home/pete/wefwefwef/docs/other/df6982e36c9f81467698e60d9385f20c/swirl-branch-wip_livestream/swirl/src/peer_core.erl"
Generating Type Specs - "/home/pete/wefwefwef/docs/other/df6982e36c9f81467698e60d9385f20c/swirl-branch-wip_livestream/swirl/src/peer_store.erl"
Generating Type Specs - "/home/pete/wefwefwef/docs/other/df6982e36c9f81467698e60d9385f20c/swirl-branch-wip_livestream/swirl/src/peer_sup.erl"
Generating Type Specs - "/home/pete/wefwefwef/docs/other/df6982e36c9f81467698e60d9385f20c/swirl-branch-wip_livestream/swirl/src/peer_worker.erl"
Generating Type Specs - "/home/pete/wefwefwef/docs/other/df6982e36c9f81467698e60d9385f20c/swirl-branch-wip_livestream/swirl/src/ppspp_channel.erl"
Generating Type Specs - "/home/pete/wefwefwef/docs/other/df6982e36c9f81467698e60d9385f20c/swirl-branch-wip_livestream/swirl/src/ppspp_chunk.erl"
Generating Type Specs - "/home/pete/wefwefwef/docs/other/df6982e36c9f81467698e60d9385f20c/swirl-branch-wip_livestream/swirl/src/ppspp_datagram.erl"
Generating Type Specs - "/home/pete/wefwefwef/docs/other/df6982e36c9f81467698e60d9385f20c/swirl-branch-wip_livestream/swirl/src/ppspp_handshake.erl"
Generating Type Specs - "/home/pete/wefwefwef/docs/other/df6982e36c9f81467698e60d9385f20c/swirl-branch-wip_livestream/swirl/src/ppspp_have.erl"
Generating Type Specs - "/home/pete/wefwefwef/docs/other/df6982e36c9f81467698e60d9385f20c/swirl-branch-wip_livestream/swirl/src/ppspp_leecher.erl"
Generating Type Specs - "/home/pete/wefwefwef/docs/other/df6982e36c9f81467698e60d9385f20c/swirl-branch-wip_livestream/swirl/src/ppspp_message.erl"
Generating Type Specs - "/home/pete/wefwefwef/docs/other/df6982e36c9f81467698e60d9385f20c/swirl-branch-wip_livestream/swirl/src/ppspp_options.erl"
Generating Type Specs - "/home/pete/wefwefwef/docs/other/df6982e36c9f81467698e60d9385f20c/swirl-branch-wip_livestream/swirl/src/ppspp_seeder.erl"
/home/pete/wefwefwef/docs/other/df6982e36c9f81467698e60d9385f20c/swirl-branch-wip_livestream/swirl/src/ppspp_seeder.erl: at line 25: syntax error before: '<<'
EDoc could not process file '/home/pete/wefwefwef/docs/other/df6982e36c9f81467698e60d9385f20c/swirl-branch-wip_livestream/swirl/src/ppspp_seeder.erl'
Error generating type specs for "/home/pete/wefwefwef/docs/other/df6982e36c9f81467698e60d9385f20c/swirl-branch-wip_livestream/swirl/src/ppspp_seeder.erl"
Generating Type Specs - "/home/pete/wefwefwef/docs/other/df6982e36c9f81467698e60d9385f20c/swirl-branch-wip_livestream/swirl/src/swarm_sup.erl"
Generating Type Specs - "/home/pete/wefwefwef/docs/other/df6982e36c9f81467698e60d9385f20c/swirl-branch-wip_livestream/swirl/src/swarm_worker.erl"
Generating Type Specs - "/home/pete/wefwefwef/docs/other/df6982e36c9f81467698e60d9385f20c/swirl-branch-wip_livestream/swirl/src/swirl.erl"
Generating Type Specs - "/home/pete/wefwefwef/docs/other/df6982e36c9f81467698e60d9385f20c/swirl-branch-wip_livestream/swirl/src/swirl_app.erl"
Generating Type Specs - "/home/pete/wefwefwef/docs/other/df6982e36c9f81467698e60d9385f20c/swirl-branch-wip_livestream/swirl/src/swirl_sup.erl"
Generating XML for application swirl "/home/pete/wefwefwef/docs/other/df6982e36c9f81467698e60d9385f20c/swirl-branch-wip_livestream/swirl" -> "/home/pete/wefwefwef/docs/other/df6982e36c9f81467698e60d9385f20c/repo/wip/livestream/.xml/swirl"
/home/pete/wefwefwef/docs/other/df6982e36c9f81467698e60d9385f20c/swirl-branch-wip_livestream/swirl/src/live_seeder.erl, function start_link/1: at line 49: @spec arity does not match.
edoc: skipping source file '/home/pete/wefwefwef/docs/other/df6982e36c9f81467698e60d9385f20c/swirl-branch-wip_livestream/swirl/src/live_seeder.erl': {'EXIT',
                                                                                                                                                error}.
/home/pete/wefwefwef/docs/other/df6982e36c9f81467698e60d9385f20c/swirl-branch-wip_livestream/swirl/src/ppspp_leecher.erl, function start_link/1: at line 52: @spec arity does not match.
edoc: skipping source file '/home/pete/wefwefwef/docs/other/df6982e36c9f81467698e60d9385f20c/swirl-branch-wip_livestream/swirl/src/ppspp_leecher.erl': {'EXIT',
                                                                                                                                                  error}.
2990- fatal: {invalid_name," will "}
2763- fatal: error_scanning_entity_ref
/home/pete/wefwefwef/docs/other/df6982e36c9f81467698e60d9385f20c/swirl-branch-wip_livestream/swirl/src/ppspp_handshake.erl, function unpack/1: at line 42: error in XML parser: {fatal,
                         {error_scanning_entity_ref,
                             {file,file_name_unknown},
                             {line,45},
                             {col,13}}}.
edoc: skipping source file '/home/pete/wefwefwef/docs/other/df6982e36c9f81467698e60d9385f20c/swirl-branch-wip_livestream/swirl/src/ppspp_handshake.erl': {'EXIT',
                                                                                                                                                    error}.
2542- fatal: {endtag_does_not_match,{was,p,should_have_been,ul}}
/home/pete/wefwefwef/docs/other/df6982e36c9f81467698e60d9385f20c/swirl-branch-wip_livestream/swirl/src/ppspp_options.erl, function get/2: at line 197: error in XML parser: {fatal,
                         {{endtag_does_not_match,{was,p,should_have_been,ul}},
                          {file,file_name_unknown},
                          {line,208},
                          {col,4}}}.
edoc: skipping source file '/home/pete/wefwefwef/docs/other/df6982e36c9f81467698e60d9385f20c/swirl-branch-wip_livestream/swirl/src/ppspp_options.erl': {'EXIT',
                                                                                                                                                  error}.
2990- fatal: {invalid_name," will "}
2763- fatal: error_scanning_entity_ref
/home/pete/wefwefwef/docs/other/df6982e36c9f81467698e60d9385f20c/swirl-branch-wip_livestream/swirl/src/ppspp_have.erl, function unpack/2: at line 40: error in XML parser: {fatal,
                         {error_scanning_entity_ref,
                             {file,file_name_unknown},
                             {line,43},
                             {col,13}}}.
edoc: skipping source file '/home/pete/wefwefwef/docs/other/df6982e36c9f81467698e60d9385f20c/swirl-branch-wip_livestream/swirl/src/ppspp_have.erl': {'EXIT',
                                                                                                                                               error}.
2990- fatal: {invalid_name," will "}
2763- fatal: error_scanning_entity_ref
/home/pete/wefwefwef/docs/other/df6982e36c9f81467698e60d9385f20c/swirl-branch-wip_livestream/swirl/src/ppspp_chunk.erl, function unpack/2: at line 62: error in XML parser: {fatal,
                         {error_scanning_entity_ref,
                             {file,file_name_unknown},
                             {line,65},
                             {col,13}}}.
edoc: skipping source file '/home/pete/wefwefwef/docs/other/df6982e36c9f81467698e60d9385f20c/swirl-branch-wip_livestream/swirl/src/ppspp_chunk.erl': {'EXIT',
                                                                                                                                                error}.
/home/pete/wefwefwef/docs/other/df6982e36c9f81467698e60d9385f20c/swirl-branch-wip_livestream/swirl/src/ppspp_seeder.erl: at line 25: syntax error before: '<<'
edoc: skipping source file '/home/pete/wefwefwef/docs/other/df6982e36c9f81467698e60d9385f20c/swirl-branch-wip_livestream/swirl/src/ppspp_seeder.erl': {'EXIT',
                                                                                                                                                 error}.
2990- fatal: {invalid_name," will "}
2763- fatal: error_scanning_entity_ref
/home/pete/wefwefwef/docs/other/df6982e36c9f81467698e60d9385f20c/swirl-branch-wip_livestream/swirl/src/ppspp_channel.erl, function unpack_with_rest/1: at line 46: error in XML parser: {fatal,
                         {error_scanning_entity_ref,
                             {file,file_name_unknown},
                             {line,49},
                             {col,13}}}.
edoc: skipping source file '/home/pete/wefwefwef/docs/other/df6982e36c9f81467698e60d9385f20c/swirl-branch-wip_livestream/swirl/src/ppspp_channel.erl': {'EXIT',
                                                                                                                                                  error}.
2990- fatal: {invalid_name," will "}
2763- fatal: error_scanning_entity_ref
/home/pete/wefwefwef/docs/other/df6982e36c9f81467698e60d9385f20c/swirl-branch-wip_livestream/swirl/src/ppspp_message.erl, function unpack/2: at line 59: error in XML parser: {fatal,
                         {error_scanning_entity_ref,
                             {file,file_name_unknown},
                             {line,62},
                             {col,13}}}.
edoc: skipping source file '/home/pete/wefwefwef/docs/other/df6982e36c9f81467698e60d9385f20c/swirl-branch-wip_livestream/swirl/src/ppspp_message.erl': {'EXIT',
                                                                                                                                                  error}.
2990- fatal: {invalid_name," stati"}
2763- fatal: error_scanning_entity_ref
/home/pete/wefwefwef/docs/other/df6982e36c9f81467698e60d9385f20c/swirl-branch-wip_livestream/swirl/src/peer_core.erl, function fetch_uncles/3: at line 180: error in XML parser: {fatal,
                         {error_scanning_entity_ref,
                             {file,file_name_unknown},
                             {line,180},
                             {col,59}}}.
edoc: skipping source file '/home/pete/wefwefwef/docs/other/df6982e36c9f81467698e60d9385f20c/swirl-branch-wip_livestream/swirl/src/peer_core.erl': {'EXIT',
                                                                                                                                              error}.
/home/pete/wefwefwef/docs/other/df6982e36c9f81467698e60d9385f20c/swirl-branch-wip_livestream/swirl/src/ppspp_datagram.erl, function build_endpoint/5: at line 58: unknown error parsing specification: {58,edoc_parser,
                                      ["syntax error before: ",[]]}.
edoc: skipping source file '/home/pete/wefwefwef/docs/other/df6982e36c9f81467698e60d9385f20c/swirl-branch-wip_livestream/swirl/src/ppspp_datagram.erl': {'EXIT',
                                                                                                                                                   error}.
edoc: error in doclet 'edoc_doclet': {'EXIT',error}.
Error generating swirl XMLs. Using fallback ...
Generating XML swirl - convert "/home/pete/wefwefwef/docs/other/df6982e36c9f81467698e60d9385f20c/swirl-branch-wip_livestream/swirl/src/convert.erl" -> "/home/pete/wefwefwef/docs/other/df6982e36c9f81467698e60d9385f20c/repo/wip/livestream/.xml/swirl/convert.xml"
Generating XML swirl - live_seeder "/home/pete/wefwefwef/docs/other/df6982e36c9f81467698e60d9385f20c/swirl-branch-wip_livestream/swirl/src/live_seeder.erl" -> "/home/pete/wefwefwef/docs/other/df6982e36c9f81467698e60d9385f20c/repo/wip/livestream/.xml/swirl/live_seeder.xml"
/home/pete/wefwefwef/docs/other/df6982e36c9f81467698e60d9385f20c/swirl-branch-wip_livestream/swirl/src/live_seeder.erl, function start_link/1: at line 49: @spec arity does not match.
Error generating XML ("/home/pete/wefwefwef/docs/other/df6982e36c9f81467698e60d9385f20c/swirl-branch-wip_livestream/swirl/src/live_seeder.erl"): {'EXIT',
                                                                                                                                                  error}
Generating XML swirl - peer_core "/home/pete/wefwefwef/docs/other/df6982e36c9f81467698e60d9385f20c/swirl-branch-wip_livestream/swirl/src/peer_core.erl" -> "/home/pete/wefwefwef/docs/other/df6982e36c9f81467698e60d9385f20c/repo/wip/livestream/.xml/swirl/peer_core.xml"
2990- fatal: {invalid_name," stati"}
2763- fatal: error_scanning_entity_ref
/home/pete/wefwefwef/docs/other/df6982e36c9f81467698e60d9385f20c/swirl-branch-wip_livestream/swirl/src/peer_core.erl, function fetch_uncles/3: at line 180: error in XML parser: {fatal,
                         {error_scanning_entity_ref,
                             {file,file_name_unknown},
                             {line,180},
                             {col,59}}}.
Error generating XML ("/home/pete/wefwefwef/docs/other/df6982e36c9f81467698e60d9385f20c/swirl-branch-wip_livestream/swirl/src/peer_core.erl"): {'EXIT',
                                                                                                                                                error}
Generating XML swirl - peer_store "/home/pete/wefwefwef/docs/other/df6982e36c9f81467698e60d9385f20c/swirl-branch-wip_livestream/swirl/src/peer_store.erl" -> "/home/pete/wefwefwef/docs/other/df6982e36c9f81467698e60d9385f20c/repo/wip/livestream/.xml/swirl/peer_store.xml"
Generating XML swirl - peer_sup "/home/pete/wefwefwef/docs/other/df6982e36c9f81467698e60d9385f20c/swirl-branch-wip_livestream/swirl/src/peer_sup.erl" -> "/home/pete/wefwefwef/docs/other/df6982e36c9f81467698e60d9385f20c/repo/wip/livestream/.xml/swirl/peer_sup.xml"
Generating XML swirl - peer_worker "/home/pete/wefwefwef/docs/other/df6982e36c9f81467698e60d9385f20c/swirl-branch-wip_livestream/swirl/src/peer_worker.erl" -> "/home/pete/wefwefwef/docs/other/df6982e36c9f81467698e60d9385f20c/repo/wip/livestream/.xml/swirl/peer_worker.xml"
Generating XML swirl - ppspp_channel "/home/pete/wefwefwef/docs/other/df6982e36c9f81467698e60d9385f20c/swirl-branch-wip_livestream/swirl/src/ppspp_channel.erl" -> "/home/pete/wefwefwef/docs/other/df6982e36c9f81467698e60d9385f20c/repo/wip/livestream/.xml/swirl/ppspp_channel.xml"
2990- fatal: {invalid_name," will "}
2763- fatal: error_scanning_entity_ref
/home/pete/wefwefwef/docs/other/df6982e36c9f81467698e60d9385f20c/swirl-branch-wip_livestream/swirl/src/ppspp_channel.erl, function unpack_with_rest/1: at line 46: error in XML parser: {fatal,
                         {error_scanning_entity_ref,
                             {file,file_name_unknown},
                             {line,49},
                             {col,13}}}.
Error generating XML ("/home/pete/wefwefwef/docs/other/df6982e36c9f81467698e60d9385f20c/swirl-branch-wip_livestream/swirl/src/ppspp_channel.erl"): {'EXIT',
                                                                                                                                                    error}
Generating XML swirl - ppspp_chunk "/home/pete/wefwefwef/docs/other/df6982e36c9f81467698e60d9385f20c/swirl-branch-wip_livestream/swirl/src/ppspp_chunk.erl" -> "/home/pete/wefwefwef/docs/other/df6982e36c9f81467698e60d9385f20c/repo/wip/livestream/.xml/swirl/ppspp_chunk.xml"
2990- fatal: {invalid_name," will "}
2763- fatal: error_scanning_entity_ref
/home/pete/wefwefwef/docs/other/df6982e36c9f81467698e60d9385f20c/swirl-branch-wip_livestream/swirl/src/ppspp_chunk.erl, function unpack/2: at line 62: error in XML parser: {fatal,
                         {error_scanning_entity_ref,
                             {file,file_name_unknown},
                             {line,65},
                             {col,13}}}.
Error generating XML ("/home/pete/wefwefwef/docs/other/df6982e36c9f81467698e60d9385f20c/swirl-branch-wip_livestream/swirl/src/ppspp_chunk.erl"): {'EXIT',
                                                                                                                                                  error}
Generating XML swirl - ppspp_datagram "/home/pete/wefwefwef/docs/other/df6982e36c9f81467698e60d9385f20c/swirl-branch-wip_livestream/swirl/src/ppspp_datagram.erl" -> "/home/pete/wefwefwef/docs/other/df6982e36c9f81467698e60d9385f20c/repo/wip/livestream/.xml/swirl/ppspp_datagram.xml"
/home/pete/wefwefwef/docs/other/df6982e36c9f81467698e60d9385f20c/swirl-branch-wip_livestream/swirl/src/ppspp_datagram.erl, function build_endpoint/5: at line 58: unknown error parsing specification: {58,edoc_parser,
                                      ["syntax error before: ",[]]}.
Error generating XML ("/home/pete/wefwefwef/docs/other/df6982e36c9f81467698e60d9385f20c/swirl-branch-wip_livestream/swirl/src/ppspp_datagram.erl"): {'EXIT',
                                                                                                                                                     error}
Generating XML swirl - ppspp_handshake "/home/pete/wefwefwef/docs/other/df6982e36c9f81467698e60d9385f20c/swirl-branch-wip_livestream/swirl/src/ppspp_handshake.erl" -> "/home/pete/wefwefwef/docs/other/df6982e36c9f81467698e60d9385f20c/repo/wip/livestream/.xml/swirl/ppspp_handshake.xml"
2990- fatal: {invalid_name," will "}
2763- fatal: error_scanning_entity_ref
/home/pete/wefwefwef/docs/other/df6982e36c9f81467698e60d9385f20c/swirl-branch-wip_livestream/swirl/src/ppspp_handshake.erl, function unpack/1: at line 42: error in XML parser: {fatal,
                         {error_scanning_entity_ref,
                             {file,file_name_unknown},
                             {line,45},
                             {col,13}}}.
Error generating XML ("/home/pete/wefwefwef/docs/other/df6982e36c9f81467698e60d9385f20c/swirl-branch-wip_livestream/swirl/src/ppspp_handshake.erl"): {'EXIT',
                                                                                                                                                      error}
Generating XML swirl - ppspp_have "/home/pete/wefwefwef/docs/other/df6982e36c9f81467698e60d9385f20c/swirl-branch-wip_livestream/swirl/src/ppspp_have.erl" -> "/home/pete/wefwefwef/docs/other/df6982e36c9f81467698e60d9385f20c/repo/wip/livestream/.xml/swirl/ppspp_have.xml"
2990- fatal: {invalid_name," will "}
2763- fatal: error_scanning_entity_ref
/home/pete/wefwefwef/docs/other/df6982e36c9f81467698e60d9385f20c/swirl-branch-wip_livestream/swirl/src/ppspp_have.erl, function unpack/2: at line 40: error in XML parser: {fatal,
                         {error_scanning_entity_ref,
                             {file,file_name_unknown},
                             {line,43},
                             {col,13}}}.
Error generating XML ("/home/pete/wefwefwef/docs/other/df6982e36c9f81467698e60d9385f20c/swirl-branch-wip_livestream/swirl/src/ppspp_have.erl"): {'EXIT',
                                                                                                                                                 error}
Generating XML swirl - ppspp_leecher "/home/pete/wefwefwef/docs/other/df6982e36c9f81467698e60d9385f20c/swirl-branch-wip_livestream/swirl/src/ppspp_leecher.erl" -> "/home/pete/wefwefwef/docs/other/df6982e36c9f81467698e60d9385f20c/repo/wip/livestream/.xml/swirl/ppspp_leecher.xml"
/home/pete/wefwefwef/docs/other/df6982e36c9f81467698e60d9385f20c/swirl-branch-wip_livestream/swirl/src/ppspp_leecher.erl, function start_link/1: at line 52: @spec arity does not match.
Error generating XML ("/home/pete/wefwefwef/docs/other/df6982e36c9f81467698e60d9385f20c/swirl-branch-wip_livestream/swirl/src/ppspp_leecher.erl"): {'EXIT',
                                                                                                                                                    error}
Generating XML swirl - ppspp_message "/home/pete/wefwefwef/docs/other/df6982e36c9f81467698e60d9385f20c/swirl-branch-wip_livestream/swirl/src/ppspp_message.erl" -> "/home/pete/wefwefwef/docs/other/df6982e36c9f81467698e60d9385f20c/repo/wip/livestream/.xml/swirl/ppspp_message.xml"
2990- fatal: {invalid_name," will "}
2763- fatal: error_scanning_entity_ref
/home/pete/wefwefwef/docs/other/df6982e36c9f81467698e60d9385f20c/swirl-branch-wip_livestream/swirl/src/ppspp_message.erl, function unpack/2: at line 59: error in XML parser: {fatal,
                         {error_scanning_entity_ref,
                             {file,file_name_unknown},
                             {line,62},
                             {col,13}}}.
Error generating XML ("/home/pete/wefwefwef/docs/other/df6982e36c9f81467698e60d9385f20c/swirl-branch-wip_livestream/swirl/src/ppspp_message.erl"): {'EXIT',
                                                                                                                                                    error}
Generating XML swirl - ppspp_options "/home/pete/wefwefwef/docs/other/df6982e36c9f81467698e60d9385f20c/swirl-branch-wip_livestream/swirl/src/ppspp_options.erl" -> "/home/pete/wefwefwef/docs/other/df6982e36c9f81467698e60d9385f20c/repo/wip/livestream/.xml/swirl/ppspp_options.xml"
2542- fatal: {endtag_does_not_match,{was,p,should_have_been,ul}}
/home/pete/wefwefwef/docs/other/df6982e36c9f81467698e60d9385f20c/swirl-branch-wip_livestream/swirl/src/ppspp_options.erl, function get/2: at line 197: error in XML parser: {fatal,
                         {{endtag_does_not_match,{was,p,should_have_been,ul}},
                          {file,file_name_unknown},
                          {line,208},
                          {col,4}}}.
Error generating XML ("/home/pete/wefwefwef/docs/other/df6982e36c9f81467698e60d9385f20c/swirl-branch-wip_livestream/swirl/src/ppspp_options.erl"): {'EXIT',
                                                                                                                                                    error}
Generating XML swirl - ppspp_seeder "/home/pete/wefwefwef/docs/other/df6982e36c9f81467698e60d9385f20c/swirl-branch-wip_livestream/swirl/src/ppspp_seeder.erl" -> "/home/pete/wefwefwef/docs/other/df6982e36c9f81467698e60d9385f20c/repo/wip/livestream/.xml/swirl/ppspp_seeder.xml"
/home/pete/wefwefwef/docs/other/df6982e36c9f81467698e60d9385f20c/swirl-branch-wip_livestream/swirl/src/ppspp_seeder.erl: at line 25: syntax error before: '<<'
Error generating XML ("/home/pete/wefwefwef/docs/other/df6982e36c9f81467698e60d9385f20c/swirl-branch-wip_livestream/swirl/src/ppspp_seeder.erl"): {'EXIT',
                                                                                                                                                   error}
Generating XML swirl - swarm_sup "/home/pete/wefwefwef/docs/other/df6982e36c9f81467698e60d9385f20c/swirl-branch-wip_livestream/swirl/src/swarm_sup.erl" -> "/home/pete/wefwefwef/docs/other/df6982e36c9f81467698e60d9385f20c/repo/wip/livestream/.xml/swirl/swarm_sup.xml"
Generating XML swirl - swarm_worker "/home/pete/wefwefwef/docs/other/df6982e36c9f81467698e60d9385f20c/swirl-branch-wip_livestream/swirl/src/swarm_worker.erl" -> "/home/pete/wefwefwef/docs/other/df6982e36c9f81467698e60d9385f20c/repo/wip/livestream/.xml/swirl/swarm_worker.xml"
Generating XML swirl - swirl "/home/pete/wefwefwef/docs/other/df6982e36c9f81467698e60d9385f20c/swirl-branch-wip_livestream/swirl/src/swirl.erl" -> "/home/pete/wefwefwef/docs/other/df6982e36c9f81467698e60d9385f20c/repo/wip/livestream/.xml/swirl/swirl.xml"
Generating XML swirl - swirl_app "/home/pete/wefwefwef/docs/other/df6982e36c9f81467698e60d9385f20c/swirl-branch-wip_livestream/swirl/src/swirl_app.erl" -> "/home/pete/wefwefwef/docs/other/df6982e36c9f81467698e60d9385f20c/repo/wip/livestream/.xml/swirl/swirl_app.xml"
Generating XML swirl - swirl_sup "/home/pete/wefwefwef/docs/other/df6982e36c9f81467698e60d9385f20c/swirl-branch-wip_livestream/swirl/src/swirl_sup.erl" -> "/home/pete/wefwefwef/docs/other/df6982e36c9f81467698e60d9385f20c/repo/wip/livestream/.xml/swirl/swirl_sup.xml"
Generating HTML - swirl_app "/home/pete/wefwefwef/docs/other/df6982e36c9f81467698e60d9385f20c/repo/wip/livestream/.xml/swirl/swirl_app.xml"
Generating HTML - swarm_worker "/home/pete/wefwefwef/docs/other/df6982e36c9f81467698e60d9385f20c/repo/wip/livestream/.xml/swirl/swarm_worker.xml"
Generating HTML - peer_worker "/home/pete/wefwefwef/docs/other/df6982e36c9f81467698e60d9385f20c/repo/wip/livestream/.xml/swirl/peer_worker.xml"
Generating HTML - convert "/home/pete/wefwefwef/docs/other/df6982e36c9f81467698e60d9385f20c/repo/wip/livestream/.xml/swirl/convert.xml"
Reading XML for "/home/pete/wefwefwef/docs/other/df6982e36c9f81467698e60d9385f20c/repo/wip/livestream/.xml/swirl/swirl_app.xml"
Reading XML for "/home/pete/wefwefwef/docs/other/df6982e36c9f81467698e60d9385f20c/repo/wip/livestream/.xml/swirl/swarm_worker.xml"
Reading XML for "/home/pete/wefwefwef/docs/other/df6982e36c9f81467698e60d9385f20c/repo/wip/livestream/.xml/swirl/peer_worker.xml"
Reading XML for "/home/pete/wefwefwef/docs/other/df6982e36c9f81467698e60d9385f20c/repo/wip/livestream/.xml/swirl/convert.xml"
Reading XML for "/home/pete/wefwefwef/docs/other/df6982e36c9f81467698e60d9385f20c/repo/wip/livestream/.xml/specs_peer_worker.xml"
Reading XML for "/home/pete/wefwefwef/docs/other/df6982e36c9f81467698e60d9385f20c/repo/wip/livestream/.xml/specs_swarm_worker.xml"
Reading XML for "/home/pete/wefwefwef/docs/other/df6982e36c9f81467698e60d9385f20c/repo/wip/livestream/.xml/specs_convert.xml"
Reading XML for "/home/pete/wefwefwef/docs/other/df6982e36c9f81467698e60d9385f20c/repo/wip/livestream/.xml/specs_swirl_app.xml"
Generating HTML - peer_store "/home/pete/wefwefwef/docs/other/df6982e36c9f81467698e60d9385f20c/repo/wip/livestream/.xml/swirl/peer_store.xml"
Reading XML for "/home/pete/wefwefwef/docs/other/df6982e36c9f81467698e60d9385f20c/repo/wip/livestream/.xml/swirl/peer_store.xml"
Generating HTML - swirl_sup "/home/pete/wefwefwef/docs/other/df6982e36c9f81467698e60d9385f20c/repo/wip/livestream/.xml/swirl/swirl_sup.xml"
Reading XML for "/home/pete/wefwefwef/docs/other/df6982e36c9f81467698e60d9385f20c/repo/wip/livestream/.xml/swirl/swirl_sup.xml"
Generating HTML - swarm_sup "/home/pete/wefwefwef/docs/other/df6982e36c9f81467698e60d9385f20c/repo/wip/livestream/.xml/swirl/swarm_sup.xml"
Reading XML for "/home/pete/wefwefwef/docs/other/df6982e36c9f81467698e60d9385f20c/repo/wip/livestream/.xml/swirl/swarm_sup.xml"
Generating HTML - swirl "/home/pete/wefwefwef/docs/other/df6982e36c9f81467698e60d9385f20c/repo/wip/livestream/.xml/swirl/swirl.xml"
Reading XML for "/home/pete/wefwefwef/docs/other/df6982e36c9f81467698e60d9385f20c/repo/wip/livestream/.xml/swirl/swirl.xml"
Reading XML for "/home/pete/wefwefwef/docs/other/df6982e36c9f81467698e60d9385f20c/repo/wip/livestream/.xml/specs_peer_store.xml"
Reading XML for "/home/pete/wefwefwef/docs/other/df6982e36c9f81467698e60d9385f20c/repo/wip/livestream/.xml/specs_swirl_sup.xml"
Reading XML for "/home/pete/wefwefwef/docs/other/df6982e36c9f81467698e60d9385f20c/repo/wip/livestream/.xml/specs_swarm_sup.xml"
Generating HTML - peer_sup "/home/pete/wefwefwef/docs/other/df6982e36c9f81467698e60d9385f20c/repo/wip/livestream/.xml/swirl/peer_sup.xml"
Reading XML for "/home/pete/wefwefwef/docs/other/df6982e36c9f81467698e60d9385f20c/repo/wip/livestream/.xml/swirl/peer_sup.xml"
Reading XML for "/home/pete/wefwefwef/docs/other/df6982e36c9f81467698e60d9385f20c/repo/wip/livestream/.xml/specs_swirl.xml"
Reading XML for "/home/pete/wefwefwef/docs/other/df6982e36c9f81467698e60d9385f20c/repo/wip/livestream/.xml/specs_peer_sup.xml"
Creating index.html ...
Creating erldocs_index.js ...
Woot, finished in 0 Minutes 3 Seconds
 :: Discovering other repos
$ 5000  `rm -r '/home/pete/wefwefwef/docs/other/df6982e36c9f81467698e60d9385f20c/swirl-branch-wip_livestream'  2>&1`
 :: Processing https://github.com/jsonified/swirl	{rev,branch,"master","a157bead03638c027203fe9d47f58ed764d29bd6",undefined,[],[]}
 :: Fetching repo code
$ cd '/home/pete/wefwefwef/docs/other/df6982e36c9f81467698e60d9385f20c/swirl-branch-master'
$ infinity  `curl --fail --silent --show-error --location --output repo.tar.gz 'https://codeload.github.com/jsonified/swirl/legacy.tar.gz/master'  2>&1`
$ cd '/home/pete/wefwefwef/docs/erldocs_other.git'
$ cd '/home/pete/wefwefwef/docs/other/df6982e36c9f81467698e60d9385f20c/swirl-branch-master/skunkwerks-swirl-a157bea'
$ 5000  `find -P . -type l -delete  2>&1`
$ cd '/home/pete/wefwefwef/docs/erldocs_other.git'
$ 5000  `mv '/home/pete/wefwefwef/docs/other/df6982e36c9f81467698e60d9385f20c/swirl-branch-master/skunkwerks-swirl-a157bea' '/home/pete/wefwefwef/docs/other/df6982e36c9f81467698e60d9385f20c/swirl-branch-master/swirl'  2>&1`
 :: Getting dependencies
 :: Generating erldocs into /home/pete/wefwefwef/docs/other/df6982e36c9f81467698e60d9385f20c/repo/master
Building swirl
Generating Type Specs - "/home/pete/wefwefwef/docs/other/df6982e36c9f81467698e60d9385f20c/swirl-branch-master/swirl/src/convert.erl"
Generating Type Specs - "/home/pete/wefwefwef/docs/other/df6982e36c9f81467698e60d9385f20c/swirl-branch-master/swirl/src/peer_sup.erl"
Generating Type Specs - "/home/pete/wefwefwef/docs/other/df6982e36c9f81467698e60d9385f20c/swirl-branch-master/swirl/src/peer_worker.erl"
Generating Type Specs - "/home/pete/wefwefwef/docs/other/df6982e36c9f81467698e60d9385f20c/swirl-branch-master/swirl/src/ppspp_channel.erl"
Generating Type Specs - "/home/pete/wefwefwef/docs/other/df6982e36c9f81467698e60d9385f20c/swirl-branch-master/swirl/src/ppspp_chunk.erl"
Generating Type Specs - "/home/pete/wefwefwef/docs/other/df6982e36c9f81467698e60d9385f20c/swirl-branch-master/swirl/src/ppspp_datagram.erl"
Generating Type Specs - "/home/pete/wefwefwef/docs/other/df6982e36c9f81467698e60d9385f20c/swirl-branch-master/swirl/src/ppspp_handshake.erl"
Generating Type Specs - "/home/pete/wefwefwef/docs/other/df6982e36c9f81467698e60d9385f20c/swirl-branch-master/swirl/src/ppspp_have.erl"
Generating Type Specs - "/home/pete/wefwefwef/docs/other/df6982e36c9f81467698e60d9385f20c/swirl-branch-master/swirl/src/ppspp_message.erl"
Generating Type Specs - "/home/pete/wefwefwef/docs/other/df6982e36c9f81467698e60d9385f20c/swirl-branch-master/swirl/src/ppspp_options.erl"
Generating Type Specs - "/home/pete/wefwefwef/docs/other/df6982e36c9f81467698e60d9385f20c/swirl-branch-master/swirl/src/swarm_sup.erl"
Generating Type Specs - "/home/pete/wefwefwef/docs/other/df6982e36c9f81467698e60d9385f20c/swirl-branch-master/swirl/src/swarm_worker.erl"
Generating Type Specs - "/home/pete/wefwefwef/docs/other/df6982e36c9f81467698e60d9385f20c/swirl-branch-master/swirl/src/swirl.erl"
Generating Type Specs - "/home/pete/wefwefwef/docs/other/df6982e36c9f81467698e60d9385f20c/swirl-branch-master/swirl/src/swirl_app.erl"
Generating Type Specs - "/home/pete/wefwefwef/docs/other/df6982e36c9f81467698e60d9385f20c/swirl-branch-master/swirl/src/swirl_sup.erl"
Generating XML for application swirl "/home/pete/wefwefwef/docs/other/df6982e36c9f81467698e60d9385f20c/swirl-branch-master/swirl" -> "/home/pete/wefwefwef/docs/other/df6982e36c9f81467698e60d9385f20c/repo/master/.xml/swirl"
2990- fatal: {invalid_name," will "}
2763- fatal: error_scanning_entity_ref
/home/pete/wefwefwef/docs/other/df6982e36c9f81467698e60d9385f20c/swirl-branch-master/swirl/src/ppspp_handshake.erl, function unpack/1: at line 42: error in XML parser: {fatal,
                         {error_scanning_entity_ref,
                             {file,file_name_unknown},
                             {line,45},
                             {col,13}}}.
edoc: skipping source file '/home/pete/wefwefwef/docs/other/df6982e36c9f81467698e60d9385f20c/swirl-branch-master/swirl/src/ppspp_handshake.erl': {'EXIT',
                                                                                                                                            error}.
2542- fatal: {endtag_does_not_match,{was,p,should_have_been,ul}}
/home/pete/wefwefwef/docs/other/df6982e36c9f81467698e60d9385f20c/swirl-branch-master/swirl/src/ppspp_options.erl, function get/2: at line 197: error in XML parser: {fatal,
                         {{endtag_does_not_match,{was,p,should_have_been,ul}},
                          {file,file_name_unknown},
                          {line,208},
                          {col,4}}}.
edoc: skipping source file '/home/pete/wefwefwef/docs/other/df6982e36c9f81467698e60d9385f20c/swirl-branch-master/swirl/src/ppspp_options.erl': {'EXIT',
                                                                                                                                          error}.
2990- fatal: {invalid_name," will "}
2763- fatal: error_scanning_entity_ref
/home/pete/wefwefwef/docs/other/df6982e36c9f81467698e60d9385f20c/swirl-branch-master/swirl/src/ppspp_have.erl, function unpack/2: at line 40: error in XML parser: {fatal,
                         {error_scanning_entity_ref,
                             {file,file_name_unknown},
                             {line,43},
                             {col,13}}}.
edoc: skipping source file '/home/pete/wefwefwef/docs/other/df6982e36c9f81467698e60d9385f20c/swirl-branch-master/swirl/src/ppspp_have.erl': {'EXIT',
                                                                                                                                       error}.
2990- fatal: {invalid_name," will "}
2763- fatal: error_scanning_entity_ref
/home/pete/wefwefwef/docs/other/df6982e36c9f81467698e60d9385f20c/swirl-branch-master/swirl/src/ppspp_chunk.erl, function unpack/2: at line 62: error in XML parser: {fatal,
                         {error_scanning_entity_ref,
                             {file,file_name_unknown},
                             {line,65},
                             {col,13}}}.
edoc: skipping source file '/home/pete/wefwefwef/docs/other/df6982e36c9f81467698e60d9385f20c/swirl-branch-master/swirl/src/ppspp_chunk.erl': {'EXIT',
                                                                                                                                        error}.
2990- fatal: {invalid_name," will "}
2763- fatal: error_scanning_entity_ref
/home/pete/wefwefwef/docs/other/df6982e36c9f81467698e60d9385f20c/swirl-branch-master/swirl/src/ppspp_channel.erl, function unpack_with_rest/1: at line 46: error in XML parser: {fatal,
                         {error_scanning_entity_ref,
                             {file,file_name_unknown},
                             {line,49},
                             {col,13}}}.
edoc: skipping source file '/home/pete/wefwefwef/docs/other/df6982e36c9f81467698e60d9385f20c/swirl-branch-master/swirl/src/ppspp_channel.erl': {'EXIT',
                                                                                                                                          error}.
2990- fatal: {invalid_name," will "}
2763- fatal: error_scanning_entity_ref
/home/pete/wefwefwef/docs/other/df6982e36c9f81467698e60d9385f20c/swirl-branch-master/swirl/src/ppspp_message.erl, function unpack/2: at line 59: error in XML parser: {fatal,
                         {error_scanning_entity_ref,
                             {file,file_name_unknown},
                             {line,62},
                             {col,13}}}.
edoc: skipping source file '/home/pete/wefwefwef/docs/other/df6982e36c9f81467698e60d9385f20c/swirl-branch-master/swirl/src/ppspp_message.erl': {'EXIT',
                                                                                                                                          error}.
/home/pete/wefwefwef/docs/other/df6982e36c9f81467698e60d9385f20c/swirl-branch-master/swirl/src/ppspp_datagram.erl, function build_endpoint/5: at line 58: unknown error parsing specification: {58,edoc_parser,
                                      ["syntax error before: ",[]]}.
edoc: skipping source file '/home/pete/wefwefwef/docs/other/df6982e36c9f81467698e60d9385f20c/swirl-branch-master/swirl/src/ppspp_datagram.erl': {'EXIT',
                                                                                                                                           error}.
edoc: error in doclet 'edoc_doclet': {'EXIT',error}.
Error generating swirl XMLs. Using fallback ...
Generating XML swirl - convert "/home/pete/wefwefwef/docs/other/df6982e36c9f81467698e60d9385f20c/swirl-branch-master/swirl/src/convert.erl" -> "/home/pete/wefwefwef/docs/other/df6982e36c9f81467698e60d9385f20c/repo/master/.xml/swirl/convert.xml"
Generating XML swirl - peer_sup "/home/pete/wefwefwef/docs/other/df6982e36c9f81467698e60d9385f20c/swirl-branch-master/swirl/src/peer_sup.erl" -> "/home/pete/wefwefwef/docs/other/df6982e36c9f81467698e60d9385f20c/repo/master/.xml/swirl/peer_sup.xml"
Generating XML swirl - peer_worker "/home/pete/wefwefwef/docs/other/df6982e36c9f81467698e60d9385f20c/swirl-branch-master/swirl/src/peer_worker.erl" -> "/home/pete/wefwefwef/docs/other/df6982e36c9f81467698e60d9385f20c/repo/master/.xml/swirl/peer_worker.xml"
Generating XML swirl - ppspp_channel "/home/pete/wefwefwef/docs/other/df6982e36c9f81467698e60d9385f20c/swirl-branch-master/swirl/src/ppspp_channel.erl" -> "/home/pete/wefwefwef/docs/other/df6982e36c9f81467698e60d9385f20c/repo/master/.xml/swirl/ppspp_channel.xml"
2990- fatal: {invalid_name," will "}
2763- fatal: error_scanning_entity_ref
/home/pete/wefwefwef/docs/other/df6982e36c9f81467698e60d9385f20c/swirl-branch-master/swirl/src/ppspp_channel.erl, function unpack_with_rest/1: at line 46: error in XML parser: {fatal,
                         {error_scanning_entity_ref,
                             {file,file_name_unknown},
                             {line,49},
                             {col,13}}}.
Error generating XML ("/home/pete/wefwefwef/docs/other/df6982e36c9f81467698e60d9385f20c/swirl-branch-master/swirl/src/ppspp_channel.erl"): {'EXIT',
                                                                                                                                            error}
Generating XML swirl - ppspp_chunk "/home/pete/wefwefwef/docs/other/df6982e36c9f81467698e60d9385f20c/swirl-branch-master/swirl/src/ppspp_chunk.erl" -> "/home/pete/wefwefwef/docs/other/df6982e36c9f81467698e60d9385f20c/repo/master/.xml/swirl/ppspp_chunk.xml"
2990- fatal: {invalid_name," will "}
2763- fatal: error_scanning_entity_ref
/home/pete/wefwefwef/docs/other/df6982e36c9f81467698e60d9385f20c/swirl-branch-master/swirl/src/ppspp_chunk.erl, function unpack/2: at line 62: error in XML parser: {fatal,
                         {error_scanning_entity_ref,
                             {file,file_name_unknown},
                             {line,65},
                             {col,13}}}.
Error generating XML ("/home/pete/wefwefwef/docs/other/df6982e36c9f81467698e60d9385f20c/swirl-branch-master/swirl/src/ppspp_chunk.erl"): {'EXIT',
                                                                                                                                          error}
Generating XML swirl - ppspp_datagram "/home/pete/wefwefwef/docs/other/df6982e36c9f81467698e60d9385f20c/swirl-branch-master/swirl/src/ppspp_datagram.erl" -> "/home/pete/wefwefwef/docs/other/df6982e36c9f81467698e60d9385f20c/repo/master/.xml/swirl/ppspp_datagram.xml"
/home/pete/wefwefwef/docs/other/df6982e36c9f81467698e60d9385f20c/swirl-branch-master/swirl/src/ppspp_datagram.erl, function build_endpoint/5: at line 58: unknown error parsing specification: {58,edoc_parser,
                                      ["syntax error before: ",[]]}.
Error generating XML ("/home/pete/wefwefwef/docs/other/df6982e36c9f81467698e60d9385f20c/swirl-branch-master/swirl/src/ppspp_datagram.erl"): {'EXIT',
                                                                                                                                             error}
Generating XML swirl - ppspp_handshake "/home/pete/wefwefwef/docs/other/df6982e36c9f81467698e60d9385f20c/swirl-branch-master/swirl/src/ppspp_handshake.erl" -> "/home/pete/wefwefwef/docs/other/df6982e36c9f81467698e60d9385f20c/repo/master/.xml/swirl/ppspp_handshake.xml"
2990- fatal: {invalid_name," will "}
2763- fatal: error_scanning_entity_ref
/home/pete/wefwefwef/docs/other/df6982e36c9f81467698e60d9385f20c/swirl-branch-master/swirl/src/ppspp_handshake.erl, function unpack/1: at line 42: error in XML parser: {fatal,
                         {error_scanning_entity_ref,
                             {file,file_name_unknown},
                             {line,45},
                             {col,13}}}.
Error generating XML ("/home/pete/wefwefwef/docs/other/df6982e36c9f81467698e60d9385f20c/swirl-branch-master/swirl/src/ppspp_handshake.erl"): {'EXIT',
                                                                                                                                              error}
Generating XML swirl - ppspp_have "/home/pete/wefwefwef/docs/other/df6982e36c9f81467698e60d9385f20c/swirl-branch-master/swirl/src/ppspp_have.erl" -> "/home/pete/wefwefwef/docs/other/df6982e36c9f81467698e60d9385f20c/repo/master/.xml/swirl/ppspp_have.xml"
2990- fatal: {invalid_name," will "}
2763- fatal: error_scanning_entity_ref
/home/pete/wefwefwef/docs/other/df6982e36c9f81467698e60d9385f20c/swirl-branch-master/swirl/src/ppspp_have.erl, function unpack/2: at line 40: error in XML parser: {fatal,
                         {error_scanning_entity_ref,
                             {file,file_name_unknown},
                             {line,43},
                             {col,13}}}.
Error generating XML ("/home/pete/wefwefwef/docs/other/df6982e36c9f81467698e60d9385f20c/swirl-branch-master/swirl/src/ppspp_have.erl"): {'EXIT',
                                                                                                                                         error}
Generating XML swirl - ppspp_message "/home/pete/wefwefwef/docs/other/df6982e36c9f81467698e60d9385f20c/swirl-branch-master/swirl/src/ppspp_message.erl" -> "/home/pete/wefwefwef/docs/other/df6982e36c9f81467698e60d9385f20c/repo/master/.xml/swirl/ppspp_message.xml"
2990- fatal: {invalid_name," will "}
2763- fatal: error_scanning_entity_ref
/home/pete/wefwefwef/docs/other/df6982e36c9f81467698e60d9385f20c/swirl-branch-master/swirl/src/ppspp_message.erl, function unpack/2: at line 59: error in XML parser: {fatal,
                         {error_scanning_entity_ref,
                             {file,file_name_unknown},
                             {line,62},
                             {col,13}}}.
Error generating XML ("/home/pete/wefwefwef/docs/other/df6982e36c9f81467698e60d9385f20c/swirl-branch-master/swirl/src/ppspp_message.erl"): {'EXIT',
                                                                                                                                            error}
Generating XML swirl - ppspp_options "/home/pete/wefwefwef/docs/other/df6982e36c9f81467698e60d9385f20c/swirl-branch-master/swirl/src/ppspp_options.erl" -> "/home/pete/wefwefwef/docs/other/df6982e36c9f81467698e60d9385f20c/repo/master/.xml/swirl/ppspp_options.xml"
2542- fatal: {endtag_does_not_match,{was,p,should_have_been,ul}}
/home/pete/wefwefwef/docs/other/df6982e36c9f81467698e60d9385f20c/swirl-branch-master/swirl/src/ppspp_options.erl, function get/2: at line 197: error in XML parser: {fatal,
                         {{endtag_does_not_match,{was,p,should_have_been,ul}},
                          {file,file_name_unknown},
                          {line,208},
                          {col,4}}}.
Error generating XML ("/home/pete/wefwefwef/docs/other/df6982e36c9f81467698e60d9385f20c/swirl-branch-master/swirl/src/ppspp_options.erl"): {'EXIT',
                                                                                                                                            error}
Generating XML swirl - swarm_sup "/home/pete/wefwefwef/docs/other/df6982e36c9f81467698e60d9385f20c/swirl-branch-master/swirl/src/swarm_sup.erl" -> "/home/pete/wefwefwef/docs/other/df6982e36c9f81467698e60d9385f20c/repo/master/.xml/swirl/swarm_sup.xml"
Generating XML swirl - swarm_worker "/home/pete/wefwefwef/docs/other/df6982e36c9f81467698e60d9385f20c/swirl-branch-master/swirl/src/swarm_worker.erl" -> "/home/pete/wefwefwef/docs/other/df6982e36c9f81467698e60d9385f20c/repo/master/.xml/swirl/swarm_worker.xml"
Generating XML swirl - swirl "/home/pete/wefwefwef/docs/other/df6982e36c9f81467698e60d9385f20c/swirl-branch-master/swirl/src/swirl.erl" -> "/home/pete/wefwefwef/docs/other/df6982e36c9f81467698e60d9385f20c/repo/master/.xml/swirl/swirl.xml"
Generating XML swirl - swirl_app "/home/pete/wefwefwef/docs/other/df6982e36c9f81467698e60d9385f20c/swirl-branch-master/swirl/src/swirl_app.erl" -> "/home/pete/wefwefwef/docs/other/df6982e36c9f81467698e60d9385f20c/repo/master/.xml/swirl/swirl_app.xml"
Generating XML swirl - swirl_sup "/home/pete/wefwefwef/docs/other/df6982e36c9f81467698e60d9385f20c/swirl-branch-master/swirl/src/swirl_sup.erl" -> "/home/pete/wefwefwef/docs/other/df6982e36c9f81467698e60d9385f20c/repo/master/.xml/swirl/swirl_sup.xml"
Generating HTML - swirl_app "/home/pete/wefwefwef/docs/other/df6982e36c9f81467698e60d9385f20c/repo/master/.xml/swirl/swirl_app.xml"
Generating HTML - swarm_worker "/home/pete/wefwefwef/docs/other/df6982e36c9f81467698e60d9385f20c/repo/master/.xml/swirl/swarm_worker.xml"
Generating HTML - peer_worker "/home/pete/wefwefwef/docs/other/df6982e36c9f81467698e60d9385f20c/repo/master/.xml/swirl/peer_worker.xml"
Generating HTML - convert "/home/pete/wefwefwef/docs/other/df6982e36c9f81467698e60d9385f20c/repo/master/.xml/swirl/convert.xml"
Reading XML for "/home/pete/wefwefwef/docs/other/df6982e36c9f81467698e60d9385f20c/repo/master/.xml/swirl/swirl_app.xml"
Reading XML for "/home/pete/wefwefwef/docs/other/df6982e36c9f81467698e60d9385f20c/repo/master/.xml/swirl/swarm_worker.xml"
Reading XML for "/home/pete/wefwefwef/docs/other/df6982e36c9f81467698e60d9385f20c/repo/master/.xml/swirl/peer_worker.xml"
Reading XML for "/home/pete/wefwefwef/docs/other/df6982e36c9f81467698e60d9385f20c/repo/master/.xml/swirl/convert.xml"
Reading XML for "/home/pete/wefwefwef/docs/other/df6982e36c9f81467698e60d9385f20c/repo/master/.xml/specs_swirl_app.xml"
Reading XML for "/home/pete/wefwefwef/docs/other/df6982e36c9f81467698e60d9385f20c/repo/master/.xml/specs_peer_worker.xml"
Reading XML for "/home/pete/wefwefwef/docs/other/df6982e36c9f81467698e60d9385f20c/repo/master/.xml/specs_swarm_worker.xml"
Generating HTML - swirl_sup "/home/pete/wefwefwef/docs/other/df6982e36c9f81467698e60d9385f20c/repo/master/.xml/swirl/swirl_sup.xml"
Reading XML for "/home/pete/wefwefwef/docs/other/df6982e36c9f81467698e60d9385f20c/repo/master/.xml/swirl/swirl_sup.xml"
Reading XML for "/home/pete/wefwefwef/docs/other/df6982e36c9f81467698e60d9385f20c/repo/master/.xml/specs_convert.xml"
Generating HTML - swarm_sup "/home/pete/wefwefwef/docs/other/df6982e36c9f81467698e60d9385f20c/repo/master/.xml/swirl/swarm_sup.xml"
Reading XML for "/home/pete/wefwefwef/docs/other/df6982e36c9f81467698e60d9385f20c/repo/master/.xml/swirl/swarm_sup.xml"
Generating HTML - peer_sup "/home/pete/wefwefwef/docs/other/df6982e36c9f81467698e60d9385f20c/repo/master/.xml/swirl/peer_sup.xml"
Reading XML for "/home/pete/wefwefwef/docs/other/df6982e36c9f81467698e60d9385f20c/repo/master/.xml/swirl/peer_sup.xml"
Generating HTML - swirl "/home/pete/wefwefwef/docs/other/df6982e36c9f81467698e60d9385f20c/repo/master/.xml/swirl/swirl.xml"
Reading XML for "/home/pete/wefwefwef/docs/other/df6982e36c9f81467698e60d9385f20c/repo/master/.xml/swirl/swirl.xml"
Reading XML for "/home/pete/wefwefwef/docs/other/df6982e36c9f81467698e60d9385f20c/repo/master/.xml/specs_swirl_sup.xml"
Reading XML for "/home/pete/wefwefwef/docs/other/df6982e36c9f81467698e60d9385f20c/repo/master/.xml/specs_swarm_sup.xml"
Reading XML for "/home/pete/wefwefwef/docs/other/df6982e36c9f81467698e60d9385f20c/repo/master/.xml/specs_peer_sup.xml"
Reading XML for "/home/pete/wefwefwef/docs/other/df6982e36c9f81467698e60d9385f20c/repo/master/.xml/specs_swirl.xml"
Creating index.html ...
Creating erldocs_index.js ...
Woot, finished in 0 Minutes 2 Seconds
 :: Discovering other repos
$ 5000  `rm -r '/home/pete/wefwefwef/docs/other/df6982e36c9f81467698e60d9385f20c/swirl-branch-master'  2>&1`
 :: Processing https://github.com/jsonified/swirl	{rev,branch,"feature/merkle_tree","235782d9f8873edd217aaf539d1926e446efea7e",undefined,[],[]}
 :: Fetching repo code
$ cd '/home/pete/wefwefwef/docs/other/df6982e36c9f81467698e60d9385f20c/swirl-branch-feature_merkle_tree'
$ infinity  `curl --fail --silent --show-error --location --output repo.tar.gz 'https://codeload.github.com/jsonified/swirl/legacy.tar.gz/feature/merkle_tree'  2>&1`
$ cd '/home/pete/wefwefwef/docs/erldocs_other.git'
$ cd '/home/pete/wefwefwef/docs/other/df6982e36c9f81467698e60d9385f20c/swirl-branch-feature_merkle_tree/skunkwerks-swirl-235782d'
$ 5000  `find -P . -type l -delete  2>&1`
$ cd '/home/pete/wefwefwef/docs/erldocs_other.git'
$ 5000  `mv '/home/pete/wefwefwef/docs/other/df6982e36c9f81467698e60d9385f20c/swirl-branch-feature_merkle_tree/skunkwerks-swirl-235782d' '/home/pete/wefwefwef/docs/other/df6982e36c9f81467698e60d9385f20c/swirl-branch-feature_merkle_tree/swirl'  2>&1`
 :: Getting dependencies
$ cd '/home/pete/wefwefwef/docs/other/df6982e36c9f81467698e60d9385f20c/swirl-branch-feature_merkle_tree/swirl'
$ 5000  `ls -1 deps/  2>&1`
$ cd '/home/pete/wefwefwef/docs/erldocs_other.git'
>>> [rebar] deps = []
 :: Generating erldocs into /home/pete/wefwefwef/docs/other/df6982e36c9f81467698e60d9385f20c/repo/feature/merkle_tree
Building swirl
Generating Type Specs - "/home/pete/wefwefwef/docs/other/df6982e36c9f81467698e60d9385f20c/swirl-branch-feature_merkle_tree/swirl/src/convert.erl"
Generating Type Specs - "/home/pete/wefwefwef/docs/other/df6982e36c9f81467698e60d9385f20c/swirl-branch-feature_merkle_tree/swirl/src/merkle.erl"
Generating Type Specs - "/home/pete/wefwefwef/docs/other/df6982e36c9f81467698e60d9385f20c/swirl-branch-feature_merkle_tree/swirl/src/mtree.erl"
Generating Type Specs - "/home/pete/wefwefwef/docs/other/df6982e36c9f81467698e60d9385f20c/swirl-branch-feature_merkle_tree/swirl/src/mtree_core.erl"
Generating Type Specs - "/home/pete/wefwefwef/docs/other/df6982e36c9f81467698e60d9385f20c/swirl-branch-feature_merkle_tree/swirl/src/mtree_store.erl"
Generating Type Specs - "/home/pete/wefwefwef/docs/other/df6982e36c9f81467698e60d9385f20c/swirl-branch-feature_merkle_tree/swirl/src/peer_sup.erl"
Generating Type Specs - "/home/pete/wefwefwef/docs/other/df6982e36c9f81467698e60d9385f20c/swirl-branch-feature_merkle_tree/swirl/src/peer_worker.erl"
Generating Type Specs - "/home/pete/wefwefwef/docs/other/df6982e36c9f81467698e60d9385f20c/swirl-branch-feature_merkle_tree/swirl/src/ppspp_datagram.erl"
Generating Type Specs - "/home/pete/wefwefwef/docs/other/df6982e36c9f81467698e60d9385f20c/swirl-branch-feature_merkle_tree/swirl/src/ppspp_message.erl"
Generating Type Specs - "/home/pete/wefwefwef/docs/other/df6982e36c9f81467698e60d9385f20c/swirl-branch-feature_merkle_tree/swirl/src/ppspp_options.erl"
Generating Type Specs - "/home/pete/wefwefwef/docs/other/df6982e36c9f81467698e60d9385f20c/swirl-branch-feature_merkle_tree/swirl/src/swarm_sup.erl"
Generating Type Specs - "/home/pete/wefwefwef/docs/other/df6982e36c9f81467698e60d9385f20c/swirl-branch-feature_merkle_tree/swirl/src/swirl.erl"
Generating Type Specs - "/home/pete/wefwefwef/docs/other/df6982e36c9f81467698e60d9385f20c/swirl-branch-feature_merkle_tree/swirl/src/swirl_app.erl"
Generating Type Specs - "/home/pete/wefwefwef/docs/other/df6982e36c9f81467698e60d9385f20c/swirl-branch-feature_merkle_tree/swirl/src/swirl_sup.erl"
Generating XML for application swirl "/home/pete/wefwefwef/docs/other/df6982e36c9f81467698e60d9385f20c/swirl-branch-feature_merkle_tree/swirl" -> "/home/pete/wefwefwef/docs/other/df6982e36c9f81467698e60d9385f20c/repo/feature/merkle_tree/.xml/swirl"
2542- fatal: {endtag_does_not_match,{was,p,should_have_been,ul}}
/home/pete/wefwefwef/docs/other/df6982e36c9f81467698e60d9385f20c/swirl-branch-feature_merkle_tree/swirl/src/ppspp_options.erl, function unpack/1: at line 43: error in XML parser: {fatal,
                         {{endtag_does_not_match,{was,p,should_have_been,ul}},
                          {file,file_name_unknown},
                          {line,53},
                          {col,5}}}.
edoc: skipping source file '/home/pete/wefwefwef/docs/other/df6982e36c9f81467698e60d9385f20c/swirl-branch-feature_merkle_tree/swirl/src/ppspp_options.erl': {'EXIT',
                                                                                                                                                       error}.
2990- fatal: {invalid_name," will "}
2763- fatal: error_scanning_entity_ref
/home/pete/wefwefwef/docs/other/df6982e36c9f81467698e60d9385f20c/swirl-branch-feature_merkle_tree/swirl/src/ppspp_message.erl, function unpack/1: at line 38: error in XML parser: {fatal,
                         {error_scanning_entity_ref,
                             {file,file_name_unknown},
                             {line,41},
                             {col,13}}}.
edoc: skipping source file '/home/pete/wefwefwef/docs/other/df6982e36c9f81467698e60d9385f20c/swirl-branch-feature_merkle_tree/swirl/src/ppspp_message.erl': {'EXIT',
                                                                                                                                                       error}.
2990- fatal: {invalid_name," deliv"}
2763- fatal: error_scanning_entity_ref
/home/pete/wefwefwef/docs/other/df6982e36c9f81467698e60d9385f20c/swirl-branch-feature_merkle_tree/swirl/src/ppspp_datagram.erl, function handle/2: at line 36: error in XML parser: {fatal,
                         {error_scanning_entity_ref,
                             {file,file_name_unknown},
                             {line,36},
                             {col,51}}}.
edoc: skipping source file '/home/pete/wefwefwef/docs/other/df6982e36c9f81467698e60d9385f20c/swirl-branch-feature_merkle_tree/swirl/src/ppspp_datagram.erl': {'EXIT',
                                                                                                                                                        error}.
edoc: error in doclet 'edoc_doclet': {'EXIT',error}.
Error generating swirl XMLs. Using fallback ...
Generating XML swirl - convert "/home/pete/wefwefwef/docs/other/df6982e36c9f81467698e60d9385f20c/swirl-branch-feature_merkle_tree/swirl/src/convert.erl" -> "/home/pete/wefwefwef/docs/other/df6982e36c9f81467698e60d9385f20c/repo/feature/merkle_tree/.xml/swirl/convert.xml"
Generating XML swirl - merkle "/home/pete/wefwefwef/docs/other/df6982e36c9f81467698e60d9385f20c/swirl-branch-feature_merkle_tree/swirl/src/merkle.erl" -> "/home/pete/wefwefwef/docs/other/df6982e36c9f81467698e60d9385f20c/repo/feature/merkle_tree/.xml/swirl/merkle.xml"
Generating XML swirl - mtree "/home/pete/wefwefwef/docs/other/df6982e36c9f81467698e60d9385f20c/swirl-branch-feature_merkle_tree/swirl/src/mtree.erl" -> "/home/pete/wefwefwef/docs/other/df6982e36c9f81467698e60d9385f20c/repo/feature/merkle_tree/.xml/swirl/mtree.xml"
Generating XML swirl - mtree_core "/home/pete/wefwefwef/docs/other/df6982e36c9f81467698e60d9385f20c/swirl-branch-feature_merkle_tree/swirl/src/mtree_core.erl" -> "/home/pete/wefwefwef/docs/other/df6982e36c9f81467698e60d9385f20c/repo/feature/merkle_tree/.xml/swirl/mtree_core.xml"
Generating XML swirl - mtree_store "/home/pete/wefwefwef/docs/other/df6982e36c9f81467698e60d9385f20c/swirl-branch-feature_merkle_tree/swirl/src/mtree_store.erl" -> "/home/pete/wefwefwef/docs/other/df6982e36c9f81467698e60d9385f20c/repo/feature/merkle_tree/.xml/swirl/mtree_store.xml"
Generating XML swirl - peer_sup "/home/pete/wefwefwef/docs/other/df6982e36c9f81467698e60d9385f20c/swirl-branch-feature_merkle_tree/swirl/src/peer_sup.erl" -> "/home/pete/wefwefwef/docs/other/df6982e36c9f81467698e60d9385f20c/repo/feature/merkle_tree/.xml/swirl/peer_sup.xml"
Generating XML swirl - peer_worker "/home/pete/wefwefwef/docs/other/df6982e36c9f81467698e60d9385f20c/swirl-branch-feature_merkle_tree/swirl/src/peer_worker.erl" -> "/home/pete/wefwefwef/docs/other/df6982e36c9f81467698e60d9385f20c/repo/feature/merkle_tree/.xml/swirl/peer_worker.xml"
Generating XML swirl - ppspp_datagram "/home/pete/wefwefwef/docs/other/df6982e36c9f81467698e60d9385f20c/swirl-branch-feature_merkle_tree/swirl/src/ppspp_datagram.erl" -> "/home/pete/wefwefwef/docs/other/df6982e36c9f81467698e60d9385f20c/repo/feature/merkle_tree/.xml/swirl/ppspp_datagram.xml"
2990- fatal: {invalid_name," deliv"}
2763- fatal: error_scanning_entity_ref
/home/pete/wefwefwef/docs/other/df6982e36c9f81467698e60d9385f20c/swirl-branch-feature_merkle_tree/swirl/src/ppspp_datagram.erl, function handle/2: at line 36: error in XML parser: {fatal,
                         {error_scanning_entity_ref,
                             {file,file_name_unknown},
                             {line,36},
                             {col,51}}}.
Error generating XML ("/home/pete/wefwefwef/docs/other/df6982e36c9f81467698e60d9385f20c/swirl-branch-feature_merkle_tree/swirl/src/ppspp_datagram.erl"): {'EXIT',
                                                                                                                                                          error}
Generating XML swirl - ppspp_message "/home/pete/wefwefwef/docs/other/df6982e36c9f81467698e60d9385f20c/swirl-branch-feature_merkle_tree/swirl/src/ppspp_message.erl" -> "/home/pete/wefwefwef/docs/other/df6982e36c9f81467698e60d9385f20c/repo/feature/merkle_tree/.xml/swirl/ppspp_message.xml"
2990- fatal: {invalid_name," will "}
2763- fatal: error_scanning_entity_ref
/home/pete/wefwefwef/docs/other/df6982e36c9f81467698e60d9385f20c/swirl-branch-feature_merkle_tree/swirl/src/ppspp_message.erl, function unpack/1: at line 38: error in XML parser: {fatal,
                         {error_scanning_entity_ref,
                             {file,file_name_unknown},
                             {line,41},
                             {col,13}}}.
Error generating XML ("/home/pete/wefwefwef/docs/other/df6982e36c9f81467698e60d9385f20c/swirl-branch-feature_merkle_tree/swirl/src/ppspp_message.erl"): {'EXIT',
                                                                                                                                                         error}
Generating XML swirl - ppspp_options "/home/pete/wefwefwef/docs/other/df6982e36c9f81467698e60d9385f20c/swirl-branch-feature_merkle_tree/swirl/src/ppspp_options.erl" -> "/home/pete/wefwefwef/docs/other/df6982e36c9f81467698e60d9385f20c/repo/feature/merkle_tree/.xml/swirl/ppspp_options.xml"
2542- fatal: {endtag_does_not_match,{was,p,should_have_been,ul}}
/home/pete/wefwefwef/docs/other/df6982e36c9f81467698e60d9385f20c/swirl-branch-feature_merkle_tree/swirl/src/ppspp_options.erl, function unpack/1: at line 43: error in XML parser: {fatal,
                         {{endtag_does_not_match,{was,p,should_have_been,ul}},
                          {file,file_name_unknown},
                          {line,53},
                          {col,5}}}.
Error generating XML ("/home/pete/wefwefwef/docs/other/df6982e36c9f81467698e60d9385f20c/swirl-branch-feature_merkle_tree/swirl/src/ppspp_options.erl"): {'EXIT',
                                                                                                                                                         error}
Generating XML swirl - swarm_sup "/home/pete/wefwefwef/docs/other/df6982e36c9f81467698e60d9385f20c/swirl-branch-feature_merkle_tree/swirl/src/swarm_sup.erl" -> "/home/pete/wefwefwef/docs/other/df6982e36c9f81467698e60d9385f20c/repo/feature/merkle_tree/.xml/swirl/swarm_sup.xml"
Generating XML swirl - swirl "/home/pete/wefwefwef/docs/other/df6982e36c9f81467698e60d9385f20c/swirl-branch-feature_merkle_tree/swirl/src/swirl.erl" -> "/home/pete/wefwefwef/docs/other/df6982e36c9f81467698e60d9385f20c/repo/feature/merkle_tree/.xml/swirl/swirl.xml"
Generating XML swirl - swirl_app "/home/pete/wefwefwef/docs/other/df6982e36c9f81467698e60d9385f20c/swirl-branch-feature_merkle_tree/swirl/src/swirl_app.erl" -> "/home/pete/wefwefwef/docs/other/df6982e36c9f81467698e60d9385f20c/repo/feature/merkle_tree/.xml/swirl/swirl_app.xml"
Generating XML swirl - swirl_sup "/home/pete/wefwefwef/docs/other/df6982e36c9f81467698e60d9385f20c/swirl-branch-feature_merkle_tree/swirl/src/swirl_sup.erl" -> "/home/pete/wefwefwef/docs/other/df6982e36c9f81467698e60d9385f20c/repo/feature/merkle_tree/.xml/swirl/swirl_sup.xml"
Generating HTML - swirl_app "/home/pete/wefwefwef/docs/other/df6982e36c9f81467698e60d9385f20c/repo/feature/merkle_tree/.xml/swirl/swirl_app.xml"
Generating HTML - swarm_sup "/home/pete/wefwefwef/docs/other/df6982e36c9f81467698e60d9385f20c/repo/feature/merkle_tree/.xml/swirl/swarm_sup.xml"
Generating HTML - peer_sup "/home/pete/wefwefwef/docs/other/df6982e36c9f81467698e60d9385f20c/repo/feature/merkle_tree/.xml/swirl/peer_sup.xml"
Generating HTML - convert "/home/pete/wefwefwef/docs/other/df6982e36c9f81467698e60d9385f20c/repo/feature/merkle_tree/.xml/swirl/convert.xml"
Reading XML for "/home/pete/wefwefwef/docs/other/df6982e36c9f81467698e60d9385f20c/repo/feature/merkle_tree/.xml/swirl/swirl_app.xml"
Reading XML for "/home/pete/wefwefwef/docs/other/df6982e36c9f81467698e60d9385f20c/repo/feature/merkle_tree/.xml/swirl/swarm_sup.xml"
Reading XML for "/home/pete/wefwefwef/docs/other/df6982e36c9f81467698e60d9385f20c/repo/feature/merkle_tree/.xml/swirl/peer_sup.xml"
Reading XML for "/home/pete/wefwefwef/docs/other/df6982e36c9f81467698e60d9385f20c/repo/feature/merkle_tree/.xml/swirl/convert.xml"
Reading XML for "/home/pete/wefwefwef/docs/other/df6982e36c9f81467698e60d9385f20c/repo/feature/merkle_tree/.xml/specs_swirl_app.xml"
Reading XML for "/home/pete/wefwefwef/docs/other/df6982e36c9f81467698e60d9385f20c/repo/feature/merkle_tree/.xml/specs_convert.xml"
Generating HTML - swirl_sup "/home/pete/wefwefwef/docs/other/df6982e36c9f81467698e60d9385f20c/repo/feature/merkle_tree/.xml/swirl/swirl_sup.xml"
Reading XML for "/home/pete/wefwefwef/docs/other/df6982e36c9f81467698e60d9385f20c/repo/feature/merkle_tree/.xml/specs_swarm_sup.xml"
Reading XML for "/home/pete/wefwefwef/docs/other/df6982e36c9f81467698e60d9385f20c/repo/feature/merkle_tree/.xml/swirl/swirl_sup.xml"
Reading XML for "/home/pete/wefwefwef/docs/other/df6982e36c9f81467698e60d9385f20c/repo/feature/merkle_tree/.xml/specs_peer_sup.xml"
Generating HTML - swirl "/home/pete/wefwefwef/docs/other/df6982e36c9f81467698e60d9385f20c/repo/feature/merkle_tree/.xml/swirl/swirl.xml"
Reading XML for "/home/pete/wefwefwef/docs/other/df6982e36c9f81467698e60d9385f20c/repo/feature/merkle_tree/.xml/swirl/swirl.xml"
Generating HTML - merkle "/home/pete/wefwefwef/docs/other/df6982e36c9f81467698e60d9385f20c/repo/feature/merkle_tree/.xml/swirl/merkle.xml"
Reading XML for "/home/pete/wefwefwef/docs/other/df6982e36c9f81467698e60d9385f20c/repo/feature/merkle_tree/.xml/swirl/merkle.xml"
Generating HTML - peer_worker "/home/pete/wefwefwef/docs/other/df6982e36c9f81467698e60d9385f20c/repo/feature/merkle_tree/.xml/swirl/peer_worker.xml"
Reading XML for "/home/pete/wefwefwef/docs/other/df6982e36c9f81467698e60d9385f20c/repo/feature/merkle_tree/.xml/swirl/peer_worker.xml"
Reading XML for "/home/pete/wefwefwef/docs/other/df6982e36c9f81467698e60d9385f20c/repo/feature/merkle_tree/.xml/specs_swirl_sup.xml"
Reading XML for "/home/pete/wefwefwef/docs/other/df6982e36c9f81467698e60d9385f20c/repo/feature/merkle_tree/.xml/specs_merkle.xml"
Generating HTML - mtree "/home/pete/wefwefwef/docs/other/df6982e36c9f81467698e60d9385f20c/repo/feature/merkle_tree/.xml/swirl/mtree.xml"
Reading XML for "/home/pete/wefwefwef/docs/other/df6982e36c9f81467698e60d9385f20c/repo/feature/merkle_tree/.xml/specs_swirl.xml"
Reading XML for "/home/pete/wefwefwef/docs/other/df6982e36c9f81467698e60d9385f20c/repo/feature/merkle_tree/.xml/swirl/mtree.xml"
Reading XML for "/home/pete/wefwefwef/docs/other/df6982e36c9f81467698e60d9385f20c/repo/feature/merkle_tree/.xml/specs_peer_worker.xml"
Reading XML for "/home/pete/wefwefwef/docs/other/df6982e36c9f81467698e60d9385f20c/repo/feature/merkle_tree/.xml/specs_mtree.xml"
Generating HTML - mtree_core "/home/pete/wefwefwef/docs/other/df6982e36c9f81467698e60d9385f20c/repo/feature/merkle_tree/.xml/swirl/mtree_core.xml"
Reading XML for "/home/pete/wefwefwef/docs/other/df6982e36c9f81467698e60d9385f20c/repo/feature/merkle_tree/.xml/swirl/mtree_core.xml"
Reading XML for "/home/pete/wefwefwef/docs/other/df6982e36c9f81467698e60d9385f20c/repo/feature/merkle_tree/.xml/specs_mtree_core.xml"
Generating HTML - mtree_store "/home/pete/wefwefwef/docs/other/df6982e36c9f81467698e60d9385f20c/repo/feature/merkle_tree/.xml/swirl/mtree_store.xml"
Reading XML for "/home/pete/wefwefwef/docs/other/df6982e36c9f81467698e60d9385f20c/repo/feature/merkle_tree/.xml/swirl/mtree_store.xml"
Reading XML for "/home/pete/wefwefwef/docs/other/df6982e36c9f81467698e60d9385f20c/repo/feature/merkle_tree/.xml/specs_mtree_store.xml"
Creating index.html ...
Creating erldocs_index.js ...
Woot, finished in 0 Minutes 2 Seconds
 :: Discovering other repos
$ 5000  `rm -r '/home/pete/wefwefwef/docs/other/df6982e36c9f81467698e60d9385f20c/swirl-branch-feature_merkle_tree'  2>&1`
 :: Processing https://github.com/jsonified/swirl	{rev,branch,"feature/livestream","f8ad13afcb137f838aa3a4954ac5150a324b49c7",undefined,[],[]}
 :: Fetching repo code
$ cd '/home/pete/wefwefwef/docs/other/df6982e36c9f81467698e60d9385f20c/swirl-branch-feature_livestream'
$ infinity  `curl --fail --silent --show-error --location --output repo.tar.gz 'https://codeload.github.com/jsonified/swirl/legacy.tar.gz/feature/livestream'  2>&1`
$ cd '/home/pete/wefwefwef/docs/erldocs_other.git'
$ cd '/home/pete/wefwefwef/docs/other/df6982e36c9f81467698e60d9385f20c/swirl-branch-feature_livestream/skunkwerks-swirl-f8ad13a'
$ 5000  `find -P . -type l -delete  2>&1`
$ cd '/home/pete/wefwefwef/docs/erldocs_other.git'
$ 5000  `mv '/home/pete/wefwefwef/docs/other/df6982e36c9f81467698e60d9385f20c/swirl-branch-feature_livestream/skunkwerks-swirl-f8ad13a' '/home/pete/wefwefwef/docs/other/df6982e36c9f81467698e60d9385f20c/swirl-branch-feature_livestream/swirl'  2>&1`
 :: Getting dependencies
$ cd '/home/pete/wefwefwef/docs/other/df6982e36c9f81467698e60d9385f20c/swirl-branch-feature_livestream/swirl'
$ infinity  `rebar --config '/home/pete/wefwefwef/docs/other/df6982e36c9f81467698e60d9385f20c/swirl-branch-feature_livestream/rebar_deps' get-deps  2>&1`
$ cd '/home/pete/wefwefwef/docs/erldocs_other.git'
$ cd '/home/pete/wefwefwef/docs/other/df6982e36c9f81467698e60d9385f20c/swirl-branch-feature_livestream/swirl'
$ 5000  `find -P . -type l -delete  2>&1`
$ cd '/home/pete/wefwefwef/docs/erldocs_other.git'
$ cd '/home/pete/wefwefwef/docs/other/df6982e36c9f81467698e60d9385f20c/swirl-branch-feature_livestream/swirl'
$ 5000  `ls -1 deps/  2>&1`
$ cd '/home/pete/wefwefwef/docs/erldocs_other.git'
>>> [rebar] deps = ["proper"]
 :: Generating erldocs into /home/pete/wefwefwef/docs/other/df6982e36c9f81467698e60d9385f20c/repo/feature/livestream
Building swirl
Generating Type Specs - "/home/pete/wefwefwef/docs/other/df6982e36c9f81467698e60d9385f20c/swirl-branch-feature_livestream/swirl/src/convert.erl"
/home/pete/wefwefwef/docs/other/df6982e36c9f81467698e60d9385f20c/swirl-branch-feature_livestream/swirl/src/convert.erl: at line 47: syntax error before: ','
EDoc could not process file '/home/pete/wefwefwef/docs/other/df6982e36c9f81467698e60d9385f20c/swirl-branch-feature_livestream/swirl/src/convert.erl'
Error generating type specs for "/home/pete/wefwefwef/docs/other/df6982e36c9f81467698e60d9385f20c/swirl-branch-feature_livestream/swirl/src/convert.erl"
Generating Type Specs - "/home/pete/wefwefwef/docs/other/df6982e36c9f81467698e60d9385f20c/swirl-branch-feature_livestream/swirl/src/live_seeder.erl"
/home/pete/wefwefwef/docs/other/df6982e36c9f81467698e60d9385f20c/swirl-branch-feature_livestream/swirl/src/live_seeder.erl: at line 47: syntax error before: ','
EDoc could not process file '/home/pete/wefwefwef/docs/other/df6982e36c9f81467698e60d9385f20c/swirl-branch-feature_livestream/swirl/src/live_seeder.erl'
Error generating type specs for "/home/pete/wefwefwef/docs/other/df6982e36c9f81467698e60d9385f20c/swirl-branch-feature_livestream/swirl/src/live_seeder.erl"
Generating Type Specs - "/home/pete/wefwefwef/docs/other/df6982e36c9f81467698e60d9385f20c/swirl-branch-feature_livestream/swirl/src/peer_core.erl"
/home/pete/wefwefwef/docs/other/df6982e36c9f81467698e60d9385f20c/swirl-branch-feature_livestream/swirl/src/peer_core.erl: at line 47: syntax error before: ','
EDoc could not process file '/home/pete/wefwefwef/docs/other/df6982e36c9f81467698e60d9385f20c/swirl-branch-feature_livestream/swirl/src/peer_core.erl'
Error generating type specs for "/home/pete/wefwefwef/docs/other/df6982e36c9f81467698e60d9385f20c/swirl-branch-feature_livestream/swirl/src/peer_core.erl"
Generating Type Specs - "/home/pete/wefwefwef/docs/other/df6982e36c9f81467698e60d9385f20c/swirl-branch-feature_livestream/swirl/src/peer_store.erl"
Generating Type Specs - "/home/pete/wefwefwef/docs/other/df6982e36c9f81467698e60d9385f20c/swirl-branch-feature_livestream/swirl/src/peer_sup.erl"
/home/pete/wefwefwef/docs/other/df6982e36c9f81467698e60d9385f20c/swirl-branch-feature_livestream/swirl/src/peer_sup.erl: at line 47: syntax error before: ','
EDoc could not process file '/home/pete/wefwefwef/docs/other/df6982e36c9f81467698e60d9385f20c/swirl-branch-feature_livestream/swirl/src/peer_sup.erl'
Error generating type specs for "/home/pete/wefwefwef/docs/other/df6982e36c9f81467698e60d9385f20c/swirl-branch-feature_livestream/swirl/src/peer_sup.erl"
Generating Type Specs - "/home/pete/wefwefwef/docs/other/df6982e36c9f81467698e60d9385f20c/swirl-branch-feature_livestream/swirl/src/peer_worker.erl"
/home/pete/wefwefwef/docs/other/df6982e36c9f81467698e60d9385f20c/swirl-branch-feature_livestream/swirl/src/peer_worker.erl: at line 47: syntax error before: ','
EDoc could not process file '/home/pete/wefwefwef/docs/other/df6982e36c9f81467698e60d9385f20c/swirl-branch-feature_livestream/swirl/src/peer_worker.erl'
Error generating type specs for "/home/pete/wefwefwef/docs/other/df6982e36c9f81467698e60d9385f20c/swirl-branch-feature_livestream/swirl/src/peer_worker.erl"
Generating Type Specs - "/home/pete/wefwefwef/docs/other/df6982e36c9f81467698e60d9385f20c/swirl-branch-feature_livestream/swirl/src/ppspp_channel.erl"
/home/pete/wefwefwef/docs/other/df6982e36c9f81467698e60d9385f20c/swirl-branch-feature_livestream/swirl/src/ppspp_channel.erl: at line 47: syntax error before: ','
EDoc could not process file '/home/pete/wefwefwef/docs/other/df6982e36c9f81467698e60d9385f20c/swirl-branch-feature_livestream/swirl/src/ppspp_channel.erl'
Error generating type specs for "/home/pete/wefwefwef/docs/other/df6982e36c9f81467698e60d9385f20c/swirl-branch-feature_livestream/swirl/src/ppspp_channel.erl"
Generating Type Specs - "/home/pete/wefwefwef/docs/other/df6982e36c9f81467698e60d9385f20c/swirl-branch-feature_livestream/swirl/src/ppspp_chunk.erl"
/home/pete/wefwefwef/docs/other/df6982e36c9f81467698e60d9385f20c/swirl-branch-feature_livestream/swirl/src/ppspp_chunk.erl: at line 47: syntax error before: ','
EDoc could not process file '/home/pete/wefwefwef/docs/other/df6982e36c9f81467698e60d9385f20c/swirl-branch-feature_livestream/swirl/src/ppspp_chunk.erl'
Error generating type specs for "/home/pete/wefwefwef/docs/other/df6982e36c9f81467698e60d9385f20c/swirl-branch-feature_livestream/swirl/src/ppspp_chunk.erl"
Generating Type Specs - "/home/pete/wefwefwef/docs/other/df6982e36c9f81467698e60d9385f20c/swirl-branch-feature_livestream/swirl/src/ppspp_datagram.erl"
/home/pete/wefwefwef/docs/other/df6982e36c9f81467698e60d9385f20c/swirl-branch-feature_livestream/swirl/src/ppspp_datagram.erl: at line 47: syntax error before: ','
EDoc could not process file '/home/pete/wefwefwef/docs/other/df6982e36c9f81467698e60d9385f20c/swirl-branch-feature_livestream/swirl/src/ppspp_datagram.erl'
Error generating type specs for "/home/pete/wefwefwef/docs/other/df6982e36c9f81467698e60d9385f20c/swirl-branch-feature_livestream/swirl/src/ppspp_datagram.erl"
Generating Type Specs - "/home/pete/wefwefwef/docs/other/df6982e36c9f81467698e60d9385f20c/swirl-branch-feature_livestream/swirl/src/ppspp_handshake.erl"
/home/pete/wefwefwef/docs/other/df6982e36c9f81467698e60d9385f20c/swirl-branch-feature_livestream/swirl/src/ppspp_handshake.erl: at line 47: syntax error before: ','
EDoc could not process file '/home/pete/wefwefwef/docs/other/df6982e36c9f81467698e60d9385f20c/swirl-branch-feature_livestream/swirl/src/ppspp_handshake.erl'
Error generating type specs for "/home/pete/wefwefwef/docs/other/df6982e36c9f81467698e60d9385f20c/swirl-branch-feature_livestream/swirl/src/ppspp_handshake.erl"
Generating Type Specs - "/home/pete/wefwefwef/docs/other/df6982e36c9f81467698e60d9385f20c/swirl-branch-feature_livestream/swirl/src/ppspp_have.erl"
/home/pete/wefwefwef/docs/other/df6982e36c9f81467698e60d9385f20c/swirl-branch-feature_livestream/swirl/src/ppspp_have.erl: at line 47: syntax error before: ','
EDoc could not process file '/home/pete/wefwefwef/docs/other/df6982e36c9f81467698e60d9385f20c/swirl-branch-feature_livestream/swirl/src/ppspp_have.erl'
Error generating type specs for "/home/pete/wefwefwef/docs/other/df6982e36c9f81467698e60d9385f20c/swirl-branch-feature_livestream/swirl/src/ppspp_have.erl"
Generating Type Specs - "/home/pete/wefwefwef/docs/other/df6982e36c9f81467698e60d9385f20c/swirl-branch-feature_livestream/swirl/src/ppspp_leecher.erl"
/home/pete/wefwefwef/docs/other/df6982e36c9f81467698e60d9385f20c/swirl-branch-feature_livestream/swirl/src/ppspp_leecher.erl: at line 47: syntax error before: ','
EDoc could not process file '/home/pete/wefwefwef/docs/other/df6982e36c9f81467698e60d9385f20c/swirl-branch-feature_livestream/swirl/src/ppspp_leecher.erl'
Error generating type specs for "/home/pete/wefwefwef/docs/other/df6982e36c9f81467698e60d9385f20c/swirl-branch-feature_livestream/swirl/src/ppspp_leecher.erl"
Generating Type Specs - "/home/pete/wefwefwef/docs/other/df6982e36c9f81467698e60d9385f20c/swirl-branch-feature_livestream/swirl/src/ppspp_message.erl"
/home/pete/wefwefwef/docs/other/df6982e36c9f81467698e60d9385f20c/swirl-branch-feature_livestream/swirl/src/ppspp_message.erl: at line 47: syntax error before: ','
EDoc could not process file '/home/pete/wefwefwef/docs/other/df6982e36c9f81467698e60d9385f20c/swirl-branch-feature_livestream/swirl/src/ppspp_message.erl'
Error generating type specs for "/home/pete/wefwefwef/docs/other/df6982e36c9f81467698e60d9385f20c/swirl-branch-feature_livestream/swirl/src/ppspp_message.erl"
Generating Type Specs - "/home/pete/wefwefwef/docs/other/df6982e36c9f81467698e60d9385f20c/swirl-branch-feature_livestream/swirl/src/ppspp_options.erl"
/home/pete/wefwefwef/docs/other/df6982e36c9f81467698e60d9385f20c/swirl-branch-feature_livestream/swirl/src/ppspp_options.erl: at line 47: syntax error before: ','
EDoc could not process file '/home/pete/wefwefwef/docs/other/df6982e36c9f81467698e60d9385f20c/swirl-branch-feature_livestream/swirl/src/ppspp_options.erl'
Error generating type specs for "/home/pete/wefwefwef/docs/other/df6982e36c9f81467698e60d9385f20c/swirl-branch-feature_livestream/swirl/src/ppspp_options.erl"
Generating Type Specs - "/home/pete/wefwefwef/docs/other/df6982e36c9f81467698e60d9385f20c/swirl-branch-feature_livestream/swirl/src/ppspp_seeder.erl"
/home/pete/wefwefwef/docs/other/df6982e36c9f81467698e60d9385f20c/swirl-branch-feature_livestream/swirl/src/ppspp_seeder.erl: at line 47: syntax error before: ','
EDoc could not process file '/home/pete/wefwefwef/docs/other/df6982e36c9f81467698e60d9385f20c/swirl-branch-feature_livestream/swirl/src/ppspp_seeder.erl'
Error generating type specs for "/home/pete/wefwefwef/docs/other/df6982e36c9f81467698e60d9385f20c/swirl-branch-feature_livestream/swirl/src/ppspp_seeder.erl"
Generating Type Specs - "/home/pete/wefwefwef/docs/other/df6982e36c9f81467698e60d9385f20c/swirl-branch-feature_livestream/swirl/src/swarm_sup.erl"
/home/pete/wefwefwef/docs/other/df6982e36c9f81467698e60d9385f20c/swirl-branch-feature_livestream/swirl/src/swarm_sup.erl: at line 47: syntax error before: ','
EDoc could not process file '/home/pete/wefwefwef/docs/other/df6982e36c9f81467698e60d9385f20c/swirl-branch-feature_livestream/swirl/src/swarm_sup.erl'
Error generating type specs for "/home/pete/wefwefwef/docs/other/df6982e36c9f81467698e60d9385f20c/swirl-branch-feature_livestream/swirl/src/swarm_sup.erl"
Generating Type Specs - "/home/pete/wefwefwef/docs/other/df6982e36c9f81467698e60d9385f20c/swirl-branch-feature_livestream/swirl/src/swirl.erl"
/home/pete/wefwefwef/docs/other/df6982e36c9f81467698e60d9385f20c/swirl-branch-feature_livestream/swirl/src/swirl.erl: at line 47: syntax error before: ','
EDoc could not process file '/home/pete/wefwefwef/docs/other/df6982e36c9f81467698e60d9385f20c/swirl-branch-feature_livestream/swirl/src/swirl.erl'
Error generating type specs for "/home/pete/wefwefwef/docs/other/df6982e36c9f81467698e60d9385f20c/swirl-branch-feature_livestream/swirl/src/swirl.erl"
Generating Type Specs - "/home/pete/wefwefwef/docs/other/df6982e36c9f81467698e60d9385f20c/swirl-branch-feature_livestream/swirl/src/swirl_app.erl"
/home/pete/wefwefwef/docs/other/df6982e36c9f81467698e60d9385f20c/swirl-branch-feature_livestream/swirl/src/swirl_app.erl: at line 47: syntax error before: ','
EDoc could not process file '/home/pete/wefwefwef/docs/other/df6982e36c9f81467698e60d9385f20c/swirl-branch-feature_livestream/swirl/src/swirl_app.erl'
Error generating type specs for "/home/pete/wefwefwef/docs/other/df6982e36c9f81467698e60d9385f20c/swirl-branch-feature_livestream/swirl/src/swirl_app.erl"
Generating Type Specs - "/home/pete/wefwefwef/docs/other/df6982e36c9f81467698e60d9385f20c/swirl-branch-feature_livestream/swirl/src/swirl_sup.erl"
/home/pete/wefwefwef/docs/other/df6982e36c9f81467698e60d9385f20c/swirl-branch-feature_livestream/swirl/src/swirl_sup.erl: at line 47: syntax error before: ','
EDoc could not process file '/home/pete/wefwefwef/docs/other/df6982e36c9f81467698e60d9385f20c/swirl-branch-feature_livestream/swirl/src/swirl_sup.erl'
Error generating type specs for "/home/pete/wefwefwef/docs/other/df6982e36c9f81467698e60d9385f20c/swirl-branch-feature_livestream/swirl/src/swirl_sup.erl"
Generating XML for application swirl "/home/pete/wefwefwef/docs/other/df6982e36c9f81467698e60d9385f20c/swirl-branch-feature_livestream/swirl" -> "/home/pete/wefwefwef/docs/other/df6982e36c9f81467698e60d9385f20c/repo/feature/livestream/.xml/swirl"
/home/pete/wefwefwef/docs/other/df6982e36c9f81467698e60d9385f20c/swirl-branch-feature_livestream/swirl/src/peer_sup.erl: at line 47: syntax error before: ','
edoc: skipping source file '/home/pete/wefwefwef/docs/other/df6982e36c9f81467698e60d9385f20c/swirl-branch-feature_livestream/swirl/src/peer_sup.erl': {'EXIT',
                                                                                                                                                 error}.
/home/pete/wefwefwef/docs/other/df6982e36c9f81467698e60d9385f20c/swirl-branch-feature_livestream/swirl/src/convert.erl: at line 47: syntax error before: ','
edoc: skipping source file '/home/pete/wefwefwef/docs/other/df6982e36c9f81467698e60d9385f20c/swirl-branch-feature_livestream/swirl/src/convert.erl': {'EXIT',
                                                                                                                                                error}.
/home/pete/wefwefwef/docs/other/df6982e36c9f81467698e60d9385f20c/swirl-branch-feature_livestream/swirl/src/live_seeder.erl: at line 47: syntax error before: ','
edoc: skipping source file '/home/pete/wefwefwef/docs/other/df6982e36c9f81467698e60d9385f20c/swirl-branch-feature_livestream/swirl/src/live_seeder.erl': {'EXIT',
                                                                                                                                                    error}.
/home/pete/wefwefwef/docs/other/df6982e36c9f81467698e60d9385f20c/swirl-branch-feature_livestream/swirl/src/ppspp_leecher.erl: at line 47: syntax error before: ','
edoc: skipping source file '/home/pete/wefwefwef/docs/other/df6982e36c9f81467698e60d9385f20c/swirl-branch-feature_livestream/swirl/src/ppspp_leecher.erl': {'EXIT',
                                                                                                                                                      error}.
/home/pete/wefwefwef/docs/other/df6982e36c9f81467698e60d9385f20c/swirl-branch-feature_livestream/swirl/src/ppspp_handshake.erl: at line 47: syntax error before: ','
edoc: skipping source file '/home/pete/wefwefwef/docs/other/df6982e36c9f81467698e60d9385f20c/swirl-branch-feature_livestream/swirl/src/ppspp_handshake.erl': {'EXIT',
                                                                                                                                                        error}.
/home/pete/wefwefwef/docs/other/df6982e36c9f81467698e60d9385f20c/swirl-branch-feature_livestream/swirl/src/swirl.erl: at line 47: syntax error before: ','
edoc: skipping source file '/home/pete/wefwefwef/docs/other/df6982e36c9f81467698e60d9385f20c/swirl-branch-feature_livestream/swirl/src/swirl.erl': {'EXIT',
                                                                                                                                              error}.
/home/pete/wefwefwef/docs/other/df6982e36c9f81467698e60d9385f20c/swirl-branch-feature_livestream/swirl/src/peer_worker.erl: at line 47: syntax error before: ','
edoc: skipping source file '/home/pete/wefwefwef/docs/other/df6982e36c9f81467698e60d9385f20c/swirl-branch-feature_livestream/swirl/src/peer_worker.erl': {'EXIT',
                                                                                                                                                    error}.
/home/pete/wefwefwef/docs/other/df6982e36c9f81467698e60d9385f20c/swirl-branch-feature_livestream/swirl/src/ppspp_options.erl: at line 47: syntax error before: ','
edoc: skipping source file '/home/pete/wefwefwef/docs/other/df6982e36c9f81467698e60d9385f20c/swirl-branch-feature_livestream/swirl/src/ppspp_options.erl': {'EXIT',
                                                                                                                                                      error}.
/home/pete/wefwefwef/docs/other/df6982e36c9f81467698e60d9385f20c/swirl-branch-feature_livestream/swirl/src/ppspp_have.erl: at line 47: syntax error before: ','
edoc: skipping source file '/home/pete/wefwefwef/docs/other/df6982e36c9f81467698e60d9385f20c/swirl-branch-feature_livestream/swirl/src/ppspp_have.erl': {'EXIT',
                                                                                                                                                   error}.
/home/pete/wefwefwef/docs/other/df6982e36c9f81467698e60d9385f20c/swirl-branch-feature_livestream/swirl/src/ppspp_chunk.erl: at line 47: syntax error before: ','
edoc: skipping source file '/home/pete/wefwefwef/docs/other/df6982e36c9f81467698e60d9385f20c/swirl-branch-feature_livestream/swirl/src/ppspp_chunk.erl': {'EXIT',
                                                                                                                                                    error}.
/home/pete/wefwefwef/docs/other/df6982e36c9f81467698e60d9385f20c/swirl-branch-feature_livestream/swirl/src/ppspp_seeder.erl: at line 47: syntax error before: ','
edoc: skipping source file '/home/pete/wefwefwef/docs/other/df6982e36c9f81467698e60d9385f20c/swirl-branch-feature_livestream/swirl/src/ppspp_seeder.erl': {'EXIT',
                                                                                                                                                     error}.
/home/pete/wefwefwef/docs/other/df6982e36c9f81467698e60d9385f20c/swirl-branch-feature_livestream/swirl/src/swarm_sup.erl: at line 47: syntax error before: ','
edoc: skipping source file '/home/pete/wefwefwef/docs/other/df6982e36c9f81467698e60d9385f20c/swirl-branch-feature_livestream/swirl/src/swarm_sup.erl': {'EXIT',
                                                                                                                                                  error}.
/home/pete/wefwefwef/docs/other/df6982e36c9f81467698e60d9385f20c/swirl-branch-feature_livestream/swirl/src/ppspp_channel.erl: at line 47: syntax error before: ','
edoc: skipping source file '/home/pete/wefwefwef/docs/other/df6982e36c9f81467698e60d9385f20c/swirl-branch-feature_livestream/swirl/src/ppspp_channel.erl': {'EXIT',
                                                                                                                                                      error}.
/home/pete/wefwefwef/docs/other/df6982e36c9f81467698e60d9385f20c/swirl-branch-feature_livestream/swirl/src/ppspp_message.erl: at line 47: syntax error before: ','
edoc: skipping source file '/home/pete/wefwefwef/docs/other/df6982e36c9f81467698e60d9385f20c/swirl-branch-feature_livestream/swirl/src/ppspp_message.erl': {'EXIT',
                                                                                                                                                      error}.
/home/pete/wefwefwef/docs/other/df6982e36c9f81467698e60d9385f20c/swirl-branch-feature_livestream/swirl/src/swirl_app.erl: at line 47: syntax error before: ','
edoc: skipping source file '/home/pete/wefwefwef/docs/other/df6982e36c9f81467698e60d9385f20c/swirl-branch-feature_livestream/swirl/src/swirl_app.erl': {'EXIT',
                                                                                                                                                  error}.
/home/pete/wefwefwef/docs/other/df6982e36c9f81467698e60d9385f20c/swirl-branch-feature_livestream/swirl/src/swirl_sup.erl: at line 47: syntax error before: ','
edoc: skipping source file '/home/pete/wefwefwef/docs/other/df6982e36c9f81467698e60d9385f20c/swirl-branch-feature_livestream/swirl/src/swirl_sup.erl': {'EXIT',
                                                                                                                                                  error}.
/home/pete/wefwefwef/docs/other/df6982e36c9f81467698e60d9385f20c/swirl-branch-feature_livestream/swirl/src/peer_core.erl: at line 47: syntax error before: ','
edoc: skipping source file '/home/pete/wefwefwef/docs/other/df6982e36c9f81467698e60d9385f20c/swirl-branch-feature_livestream/swirl/src/peer_core.erl': {'EXIT',
                                                                                                                                                  error}.
/home/pete/wefwefwef/docs/other/df6982e36c9f81467698e60d9385f20c/swirl-branch-feature_livestream/swirl/src/ppspp_datagram.erl: at line 47: syntax error before: ','
edoc: skipping source file '/home/pete/wefwefwef/docs/other/df6982e36c9f81467698e60d9385f20c/swirl-branch-feature_livestream/swirl/src/ppspp_datagram.erl': {'EXIT',
                                                                                                                                                       error}.
edoc: error in doclet 'edoc_doclet': {'EXIT',error}.
Error generating swirl XMLs. Using fallback ...
Generating XML swirl - convert "/home/pete/wefwefwef/docs/other/df6982e36c9f81467698e60d9385f20c/swirl-branch-feature_livestream/swirl/src/convert.erl" -> "/home/pete/wefwefwef/docs/other/df6982e36c9f81467698e60d9385f20c/repo/feature/livestream/.xml/swirl/convert.xml"
/home/pete/wefwefwef/docs/other/df6982e36c9f81467698e60d9385f20c/swirl-branch-feature_livestream/swirl/src/convert.erl: at line 47: syntax error before: ','
Error generating XML ("/home/pete/wefwefwef/docs/other/df6982e36c9f81467698e60d9385f20c/swirl-branch-feature_livestream/swirl/src/convert.erl"): {'EXIT',
                                                                                                                                                  error}
Generating XML swirl - live_seeder "/home/pete/wefwefwef/docs/other/df6982e36c9f81467698e60d9385f20c/swirl-branch-feature_livestream/swirl/src/live_seeder.erl" -> "/home/pete/wefwefwef/docs/other/df6982e36c9f81467698e60d9385f20c/repo/feature/livestream/.xml/swirl/live_seeder.xml"
/home/pete/wefwefwef/docs/other/df6982e36c9f81467698e60d9385f20c/swirl-branch-feature_livestream/swirl/src/live_seeder.erl: at line 47: syntax error before: ','
Error generating XML ("/home/pete/wefwefwef/docs/other/df6982e36c9f81467698e60d9385f20c/swirl-branch-feature_livestream/swirl/src/live_seeder.erl"): {'EXIT',
                                                                                                                                                      error}
Generating XML swirl - peer_core "/home/pete/wefwefwef/docs/other/df6982e36c9f81467698e60d9385f20c/swirl-branch-feature_livestream/swirl/src/peer_core.erl" -> "/home/pete/wefwefwef/docs/other/df6982e36c9f81467698e60d9385f20c/repo/feature/livestream/.xml/swirl/peer_core.xml"
/home/pete/wefwefwef/docs/other/df6982e36c9f81467698e60d9385f20c/swirl-branch-feature_livestream/swirl/src/peer_core.erl: at line 47: syntax error before: ','
Error generating XML ("/home/pete/wefwefwef/docs/other/df6982e36c9f81467698e60d9385f20c/swirl-branch-feature_livestream/swirl/src/peer_core.erl"): {'EXIT',
                                                                                                                                                    error}
Generating XML swirl - peer_store "/home/pete/wefwefwef/docs/other/df6982e36c9f81467698e60d9385f20c/swirl-branch-feature_livestream/swirl/src/peer_store.erl" -> "/home/pete/wefwefwef/docs/other/df6982e36c9f81467698e60d9385f20c/repo/feature/livestream/.xml/swirl/peer_store.xml"
Generating XML swirl - peer_sup "/home/pete/wefwefwef/docs/other/df6982e36c9f81467698e60d9385f20c/swirl-branch-feature_livestream/swirl/src/peer_sup.erl" -> "/home/pete/wefwefwef/docs/other/df6982e36c9f81467698e60d9385f20c/repo/feature/livestream/.xml/swirl/peer_sup.xml"
/home/pete/wefwefwef/docs/other/df6982e36c9f81467698e60d9385f20c/swirl-branch-feature_livestream/swirl/src/peer_sup.erl: at line 47: syntax error before: ','
Error generating XML ("/home/pete/wefwefwef/docs/other/df6982e36c9f81467698e60d9385f20c/swirl-branch-feature_livestream/swirl/src/peer_sup.erl"): {'EXIT',
                                                                                                                                                   error}
Generating XML swirl - peer_worker "/home/pete/wefwefwef/docs/other/df6982e36c9f81467698e60d9385f20c/swirl-branch-feature_livestream/swirl/src/peer_worker.erl" -> "/home/pete/wefwefwef/docs/other/df6982e36c9f81467698e60d9385f20c/repo/feature/livestream/.xml/swirl/peer_worker.xml"
/home/pete/wefwefwef/docs/other/df6982e36c9f81467698e60d9385f20c/swirl-branch-feature_livestream/swirl/src/peer_worker.erl: at line 47: syntax error before: ','
Error generating XML ("/home/pete/wefwefwef/docs/other/df6982e36c9f81467698e60d9385f20c/swirl-branch-feature_livestream/swirl/src/peer_worker.erl"): {'EXIT',
                                                                                                                                                      error}
Generating XML swirl - ppspp_channel "/home/pete/wefwefwef/docs/other/df6982e36c9f81467698e60d9385f20c/swirl-branch-feature_livestream/swirl/src/ppspp_channel.erl" -> "/home/pete/wefwefwef/docs/other/df6982e36c9f81467698e60d9385f20c/repo/feature/livestream/.xml/swirl/ppspp_channel.xml"
/home/pete/wefwefwef/docs/other/df6982e36c9f81467698e60d9385f20c/swirl-branch-feature_livestream/swirl/src/ppspp_channel.erl: at line 47: syntax error before: ','
Error generating XML ("/home/pete/wefwefwef/docs/other/df6982e36c9f81467698e60d9385f20c/swirl-branch-feature_livestream/swirl/src/ppspp_channel.erl"): {'EXIT',
                                                                                                                                                        error}
Generating XML swirl - ppspp_chunk "/home/pete/wefwefwef/docs/other/df6982e36c9f81467698e60d9385f20c/swirl-branch-feature_livestream/swirl/src/ppspp_chunk.erl" -> "/home/pete/wefwefwef/docs/other/df6982e36c9f81467698e60d9385f20c/repo/feature/livestream/.xml/swirl/ppspp_chunk.xml"
/home/pete/wefwefwef/docs/other/df6982e36c9f81467698e60d9385f20c/swirl-branch-feature_livestream/swirl/src/ppspp_chunk.erl: at line 47: syntax error before: ','
Error generating XML ("/home/pete/wefwefwef/docs/other/df6982e36c9f81467698e60d9385f20c/swirl-branch-feature_livestream/swirl/src/ppspp_chunk.erl"): {'EXIT',
                                                                                                                                                      error}
Generating XML swirl - ppspp_datagram "/home/pete/wefwefwef/docs/other/df6982e36c9f81467698e60d9385f20c/swirl-branch-feature_livestream/swirl/src/ppspp_datagram.erl" -> "/home/pete/wefwefwef/docs/other/df6982e36c9f81467698e60d9385f20c/repo/feature/livestream/.xml/swirl/ppspp_datagram.xml"
/home/pete/wefwefwef/docs/other/df6982e36c9f81467698e60d9385f20c/swirl-branch-feature_livestream/swirl/src/ppspp_datagram.erl: at line 47: syntax error before: ','
Error generating XML ("/home/pete/wefwefwef/docs/other/df6982e36c9f81467698e60d9385f20c/swirl-branch-feature_livestream/swirl/src/ppspp_datagram.erl"): {'EXIT',
                                                                                                                                                         error}
Generating XML swirl - ppspp_handshake "/home/pete/wefwefwef/docs/other/df6982e36c9f81467698e60d9385f20c/swirl-branch-feature_livestream/swirl/src/ppspp_handshake.erl" -> "/home/pete/wefwefwef/docs/other/df6982e36c9f81467698e60d9385f20c/repo/feature/livestream/.xml/swirl/ppspp_handshake.xml"
/home/pete/wefwefwef/docs/other/df6982e36c9f81467698e60d9385f20c/swirl-branch-feature_livestream/swirl/src/ppspp_handshake.erl: at line 47: syntax error before: ','
Error generating XML ("/home/pete/wefwefwef/docs/other/df6982e36c9f81467698e60d9385f20c/swirl-branch-feature_livestream/swirl/src/ppspp_handshake.erl"): {'EXIT',
                                                                                                                                                          error}
Generating XML swirl - ppspp_have "/home/pete/wefwefwef/docs/other/df6982e36c9f81467698e60d9385f20c/swirl-branch-feature_livestream/swirl/src/ppspp_have.erl" -> "/home/pete/wefwefwef/docs/other/df6982e36c9f81467698e60d9385f20c/repo/feature/livestream/.xml/swirl/ppspp_have.xml"
/home/pete/wefwefwef/docs/other/df6982e36c9f81467698e60d9385f20c/swirl-branch-feature_livestream/swirl/src/ppspp_have.erl: at line 47: syntax error before: ','
Error generating XML ("/home/pete/wefwefwef/docs/other/df6982e36c9f81467698e60d9385f20c/swirl-branch-feature_livestream/swirl/src/ppspp_have.erl"): {'EXIT',
                                                                                                                                                     error}
Generating XML swirl - ppspp_leecher "/home/pete/wefwefwef/docs/other/df6982e36c9f81467698e60d9385f20c/swirl-branch-feature_livestream/swirl/src/ppspp_leecher.erl" -> "/home/pete/wefwefwef/docs/other/df6982e36c9f81467698e60d9385f20c/repo/feature/livestream/.xml/swirl/ppspp_leecher.xml"
/home/pete/wefwefwef/docs/other/df6982e36c9f81467698e60d9385f20c/swirl-branch-feature_livestream/swirl/src/ppspp_leecher.erl: at line 47: syntax error before: ','
Error generating XML ("/home/pete/wefwefwef/docs/other/df6982e36c9f81467698e60d9385f20c/swirl-branch-feature_livestream/swirl/src/ppspp_leecher.erl"): {'EXIT',
                                                                                                                                                        error}
Generating XML swirl - ppspp_message "/home/pete/wefwefwef/docs/other/df6982e36c9f81467698e60d9385f20c/swirl-branch-feature_livestream/swirl/src/ppspp_message.erl" -> "/home/pete/wefwefwef/docs/other/df6982e36c9f81467698e60d9385f20c/repo/feature/livestream/.xml/swirl/ppspp_message.xml"
/home/pete/wefwefwef/docs/other/df6982e36c9f81467698e60d9385f20c/swirl-branch-feature_livestream/swirl/src/ppspp_message.erl: at line 47: syntax error before: ','
Error generating XML ("/home/pete/wefwefwef/docs/other/df6982e36c9f81467698e60d9385f20c/swirl-branch-feature_livestream/swirl/src/ppspp_message.erl"): {'EXIT',
                                                                                                                                                        error}
Generating XML swirl - ppspp_options "/home/pete/wefwefwef/docs/other/df6982e36c9f81467698e60d9385f20c/swirl-branch-feature_livestream/swirl/src/ppspp_options.erl" -> "/home/pete/wefwefwef/docs/other/df6982e36c9f81467698e60d9385f20c/repo/feature/livestream/.xml/swirl/ppspp_options.xml"
/home/pete/wefwefwef/docs/other/df6982e36c9f81467698e60d9385f20c/swirl-branch-feature_livestream/swirl/src/ppspp_options.erl: at line 47: syntax error before: ','
Error generating XML ("/home/pete/wefwefwef/docs/other/df6982e36c9f81467698e60d9385f20c/swirl-branch-feature_livestream/swirl/src/ppspp_options.erl"): {'EXIT',
                                                                                                                                                        error}
Generating XML swirl - ppspp_seeder "/home/pete/wefwefwef/docs/other/df6982e36c9f81467698e60d9385f20c/swirl-branch-feature_livestream/swirl/src/ppspp_seeder.erl" -> "/home/pete/wefwefwef/docs/other/df6982e36c9f81467698e60d9385f20c/repo/feature/livestream/.xml/swirl/ppspp_seeder.xml"
/home/pete/wefwefwef/docs/other/df6982e36c9f81467698e60d9385f20c/swirl-branch-feature_livestream/swirl/src/ppspp_seeder.erl: at line 47: syntax error before: ','
Error generating XML ("/home/pete/wefwefwef/docs/other/df6982e36c9f81467698e60d9385f20c/swirl-branch-feature_livestream/swirl/src/ppspp_seeder.erl"): {'EXIT',
                                                                                                                                                       error}
Generating XML swirl - swarm_sup "/home/pete/wefwefwef/docs/other/df6982e36c9f81467698e60d9385f20c/swirl-branch-feature_livestream/swirl/src/swarm_sup.erl" -> "/home/pete/wefwefwef/docs/other/df6982e36c9f81467698e60d9385f20c/repo/feature/livestream/.xml/swirl/swarm_sup.xml"
/home/pete/wefwefwef/docs/other/df6982e36c9f81467698e60d9385f20c/swirl-branch-feature_livestream/swirl/src/swarm_sup.erl: at line 47: syntax error before: ','
Error generating XML ("/home/pete/wefwefwef/docs/other/df6982e36c9f81467698e60d9385f20c/swirl-branch-feature_livestream/swirl/src/swarm_sup.erl"): {'EXIT',
                                                                                                                                                    error}
Generating XML swirl - swirl "/home/pete/wefwefwef/docs/other/df6982e36c9f81467698e60d9385f20c/swirl-branch-feature_livestream/swirl/src/swirl.erl" -> "/home/pete/wefwefwef/docs/other/df6982e36c9f81467698e60d9385f20c/repo/feature/livestream/.xml/swirl/swirl.xml"
/home/pete/wefwefwef/docs/other/df6982e36c9f81467698e60d9385f20c/swirl-branch-feature_livestream/swirl/src/swirl.erl: at line 47: syntax error before: ','
Error generating XML ("/home/pete/wefwefwef/docs/other/df6982e36c9f81467698e60d9385f20c/swirl-branch-feature_livestream/swirl/src/swirl.erl"): {'EXIT',
                                                                                                                                                error}
Generating XML swirl - swirl_app "/home/pete/wefwefwef/docs/other/df6982e36c9f81467698e60d9385f20c/swirl-branch-feature_livestream/swirl/src/swirl_app.erl" -> "/home/pete/wefwefwef/docs/other/df6982e36c9f81467698e60d9385f20c/repo/feature/livestream/.xml/swirl/swirl_app.xml"
/home/pete/wefwefwef/docs/other/df6982e36c9f81467698e60d9385f20c/swirl-branch-feature_livestream/swirl/src/swirl_app.erl: at line 47: syntax error before: ','
Error generating XML ("/home/pete/wefwefwef/docs/other/df6982e36c9f81467698e60d9385f20c/swirl-branch-feature_livestream/swirl/src/swirl_app.erl"): {'EXIT',
                                                                                                                                                    error}
Generating XML swirl - swirl_sup "/home/pete/wefwefwef/docs/other/df6982e36c9f81467698e60d9385f20c/swirl-branch-feature_livestream/swirl/src/swirl_sup.erl" -> "/home/pete/wefwefwef/docs/other/df6982e36c9f81467698e60d9385f20c/repo/feature/livestream/.xml/swirl/swirl_sup.xml"
/home/pete/wefwefwef/docs/other/df6982e36c9f81467698e60d9385f20c/swirl-branch-feature_livestream/swirl/src/swirl_sup.erl: at line 47: syntax error before: ','
Error generating XML ("/home/pete/wefwefwef/docs/other/df6982e36c9f81467698e60d9385f20c/swirl-branch-feature_livestream/swirl/src/swirl_sup.erl"): {'EXIT',
                                                                                                                                                    error}
Generating HTML - peer_store "/home/pete/wefwefwef/docs/other/df6982e36c9f81467698e60d9385f20c/repo/feature/livestream/.xml/swirl/peer_store.xml"
Reading XML for "/home/pete/wefwefwef/docs/other/df6982e36c9f81467698e60d9385f20c/repo/feature/livestream/.xml/swirl/peer_store.xml"
Reading XML for "/home/pete/wefwefwef/docs/other/df6982e36c9f81467698e60d9385f20c/repo/feature/livestream/.xml/specs_peer_store.xml"
Creating index.html ...
Creating erldocs_index.js ...
Woot, finished in 0 Minutes 2 Seconds
 :: Discovering other repos
$ 5000  `rm -r '/home/pete/wefwefwef/docs/other/df6982e36c9f81467698e60d9385f20c/swirl-branch-feature_livestream'  2>&1`
 :: Processing https://github.com/jsonified/swirl	{rev,branch,"feature/add-channels","6f8a857cc7a287db8e3a2e27128ac2ed0e92dd45",undefined,[],[]}
 :: Fetching repo code
$ cd '/home/pete/wefwefwef/docs/other/df6982e36c9f81467698e60d9385f20c/swirl-branch-feature_add-channels'
$ infinity  `curl --fail --silent --show-error --location --output repo.tar.gz 'https://codeload.github.com/jsonified/swirl/legacy.tar.gz/feature/add-channels'  2>&1`
$ cd '/home/pete/wefwefwef/docs/erldocs_other.git'
$ cd '/home/pete/wefwefwef/docs/other/df6982e36c9f81467698e60d9385f20c/swirl-branch-feature_add-channels/skunkwerks-swirl-6f8a857'
$ 5000  `find -P . -type l -delete  2>&1`
$ cd '/home/pete/wefwefwef/docs/erldocs_other.git'
$ 5000  `mv '/home/pete/wefwefwef/docs/other/df6982e36c9f81467698e60d9385f20c/swirl-branch-feature_add-channels/skunkwerks-swirl-6f8a857' '/home/pete/wefwefwef/docs/other/df6982e36c9f81467698e60d9385f20c/swirl-branch-feature_add-channels/swirl'  2>&1`
 :: Getting dependencies
 :: Generating erldocs into /home/pete/wefwefwef/docs/other/df6982e36c9f81467698e60d9385f20c/repo/feature/add-channels
Building swirl
Generating Type Specs - "/home/pete/wefwefwef/docs/other/df6982e36c9f81467698e60d9385f20c/swirl-branch-feature_add-channels/swirl/src/channel_sup.erl"
Generating Type Specs - "/home/pete/wefwefwef/docs/other/df6982e36c9f81467698e60d9385f20c/swirl-branch-feature_add-channels/swirl/src/channel_worker.erl"
Generating Type Specs - "/home/pete/wefwefwef/docs/other/df6982e36c9f81467698e60d9385f20c/swirl-branch-feature_add-channels/swirl/src/convert.erl"
Generating Type Specs - "/home/pete/wefwefwef/docs/other/df6982e36c9f81467698e60d9385f20c/swirl-branch-feature_add-channels/swirl/src/peer_sup.erl"
Generating Type Specs - "/home/pete/wefwefwef/docs/other/df6982e36c9f81467698e60d9385f20c/swirl-branch-feature_add-channels/swirl/src/peer_worker.erl"
Generating Type Specs - "/home/pete/wefwefwef/docs/other/df6982e36c9f81467698e60d9385f20c/swirl-branch-feature_add-channels/swirl/src/ppspp_channel.erl"
Generating Type Specs - "/home/pete/wefwefwef/docs/other/df6982e36c9f81467698e60d9385f20c/swirl-branch-feature_add-channels/swirl/src/ppspp_chunk.erl"
Generating Type Specs - "/home/pete/wefwefwef/docs/other/df6982e36c9f81467698e60d9385f20c/swirl-branch-feature_add-channels/swirl/src/ppspp_datagram.erl"
Generating Type Specs - "/home/pete/wefwefwef/docs/other/df6982e36c9f81467698e60d9385f20c/swirl-branch-feature_add-channels/swirl/src/ppspp_handshake.erl"
Generating Type Specs - "/home/pete/wefwefwef/docs/other/df6982e36c9f81467698e60d9385f20c/swirl-branch-feature_add-channels/swirl/src/ppspp_have.erl"
Generating Type Specs - "/home/pete/wefwefwef/docs/other/df6982e36c9f81467698e60d9385f20c/swirl-branch-feature_add-channels/swirl/src/ppspp_message.erl"
Generating Type Specs - "/home/pete/wefwefwef/docs/other/df6982e36c9f81467698e60d9385f20c/swirl-branch-feature_add-channels/swirl/src/ppspp_options.erl"
Generating Type Specs - "/home/pete/wefwefwef/docs/other/df6982e36c9f81467698e60d9385f20c/swirl-branch-feature_add-channels/swirl/src/swarm_sup.erl"
Generating Type Specs - "/home/pete/wefwefwef/docs/other/df6982e36c9f81467698e60d9385f20c/swirl-branch-feature_add-channels/swirl/src/swarm_worker.erl"
Generating Type Specs - "/home/pete/wefwefwef/docs/other/df6982e36c9f81467698e60d9385f20c/swirl-branch-feature_add-channels/swirl/src/swirl.erl"
Generating Type Specs - "/home/pete/wefwefwef/docs/other/df6982e36c9f81467698e60d9385f20c/swirl-branch-feature_add-channels/swirl/src/swirl_app.erl"
Generating Type Specs - "/home/pete/wefwefwef/docs/other/df6982e36c9f81467698e60d9385f20c/swirl-branch-feature_add-channels/swirl/src/swirl_sup.erl"
Generating XML for application swirl "/home/pete/wefwefwef/docs/other/df6982e36c9f81467698e60d9385f20c/swirl-branch-feature_add-channels/swirl" -> "/home/pete/wefwefwef/docs/other/df6982e36c9f81467698e60d9385f20c/repo/feature/add-channels/.xml/swirl"
2990- fatal: {invalid_name," will "}
2763- fatal: error_scanning_entity_ref
/home/pete/wefwefwef/docs/other/df6982e36c9f81467698e60d9385f20c/swirl-branch-feature_add-channels/swirl/src/ppspp_handshake.erl, function unpack/1: at line 42: error in XML parser: {fatal,
                         {error_scanning_entity_ref,
                             {file,file_name_unknown},
                             {line,45},
                             {col,13}}}.
edoc: skipping source file '/home/pete/wefwefwef/docs/other/df6982e36c9f81467698e60d9385f20c/swirl-branch-feature_add-channels/swirl/src/ppspp_handshake.erl': {'EXIT',
                                                                                                                                                          error}.
2542- fatal: {endtag_does_not_match,{was,p,should_have_been,ul}}
/home/pete/wefwefwef/docs/other/df6982e36c9f81467698e60d9385f20c/swirl-branch-feature_add-channels/swirl/src/ppspp_options.erl, function get/2: at line 198: error in XML parser: {fatal,
                         {{endtag_does_not_match,{was,p,should_have_been,ul}},
                          {file,file_name_unknown},
                          {line,209},
                          {col,4}}}.
edoc: skipping source file '/home/pete/wefwefwef/docs/other/df6982e36c9f81467698e60d9385f20c/swirl-branch-feature_add-channels/swirl/src/ppspp_options.erl': {'EXIT',
                                                                                                                                                        error}.
2990- fatal: {invalid_name," will "}
2763- fatal: error_scanning_entity_ref
/home/pete/wefwefwef/docs/other/df6982e36c9f81467698e60d9385f20c/swirl-branch-feature_add-channels/swirl/src/ppspp_have.erl, function unpack/2: at line 40: error in XML parser: {fatal,
                         {error_scanning_entity_ref,
                             {file,file_name_unknown},
                             {line,43},
                             {col,13}}}.
edoc: skipping source file '/home/pete/wefwefwef/docs/other/df6982e36c9f81467698e60d9385f20c/swirl-branch-feature_add-channels/swirl/src/ppspp_have.erl': {'EXIT',
                                                                                                                                                     error}.
2990- fatal: {invalid_name," will "}
2763- fatal: error_scanning_entity_ref
/home/pete/wefwefwef/docs/other/df6982e36c9f81467698e60d9385f20c/swirl-branch-feature_add-channels/swirl/src/ppspp_chunk.erl, function unpack/2: at line 62: error in XML parser: {fatal,
                         {error_scanning_entity_ref,
                             {file,file_name_unknown},
                             {line,65},
                             {col,13}}}.
edoc: skipping source file '/home/pete/wefwefwef/docs/other/df6982e36c9f81467698e60d9385f20c/swirl-branch-feature_add-channels/swirl/src/ppspp_chunk.erl': {'EXIT',
                                                                                                                                                      error}.
2990- fatal: {invalid_name," will "}
2763- fatal: error_scanning_entity_ref
/home/pete/wefwefwef/docs/other/df6982e36c9f81467698e60d9385f20c/swirl-branch-feature_add-channels/swirl/src/ppspp_channel.erl, function unpack_with_rest/1: at line 48: error in XML parser: {fatal,
                         {error_scanning_entity_ref,
                             {file,file_name_unknown},
                             {line,51},
                             {col,13}}}.
edoc: skipping source file '/home/pete/wefwefwef/docs/other/df6982e36c9f81467698e60d9385f20c/swirl-branch-feature_add-channels/swirl/src/ppspp_channel.erl': {'EXIT',
                                                                                                                                                        error}.
2990- fatal: {invalid_name," will "}
2763- fatal: error_scanning_entity_ref
/home/pete/wefwefwef/docs/other/df6982e36c9f81467698e60d9385f20c/swirl-branch-feature_add-channels/swirl/src/ppspp_message.erl, function unpack/2: at line 59: error in XML parser: {fatal,
                         {error_scanning_entity_ref,
                             {file,file_name_unknown},
                             {line,62},
                             {col,13}}}.
edoc: skipping source file '/home/pete/wefwefwef/docs/other/df6982e36c9f81467698e60d9385f20c/swirl-branch-feature_add-channels/swirl/src/ppspp_message.erl': {'EXIT',
                                                                                                                                                        error}.
/home/pete/wefwefwef/docs/other/df6982e36c9f81467698e60d9385f20c/swirl-branch-feature_add-channels/swirl/src/ppspp_datagram.erl, function get_peer_uri/1: at line 78: unknown error parsing specification: {78,edoc_parser,
                                      ["syntax error before: ",[]]}.
edoc: skipping source file '/home/pete/wefwefwef/docs/other/df6982e36c9f81467698e60d9385f20c/swirl-branch-feature_add-channels/swirl/src/ppspp_datagram.erl': {'EXIT',
                                                                                                                                                         error}.
edoc: error in doclet 'edoc_doclet': {'EXIT',error}.
Error generating swirl XMLs. Using fallback ...
Generating XML swirl - channel_sup "/home/pete/wefwefwef/docs/other/df6982e36c9f81467698e60d9385f20c/swirl-branch-feature_add-channels/swirl/src/channel_sup.erl" -> "/home/pete/wefwefwef/docs/other/df6982e36c9f81467698e60d9385f20c/repo/feature/add-channels/.xml/swirl/channel_sup.xml"
Generating XML swirl - channel_worker "/home/pete/wefwefwef/docs/other/df6982e36c9f81467698e60d9385f20c/swirl-branch-feature_add-channels/swirl/src/channel_worker.erl" -> "/home/pete/wefwefwef/docs/other/df6982e36c9f81467698e60d9385f20c/repo/feature/add-channels/.xml/swirl/channel_worker.xml"
Generating XML swirl - convert "/home/pete/wefwefwef/docs/other/df6982e36c9f81467698e60d9385f20c/swirl-branch-feature_add-channels/swirl/src/convert.erl" -> "/home/pete/wefwefwef/docs/other/df6982e36c9f81467698e60d9385f20c/repo/feature/add-channels/.xml/swirl/convert.xml"
Generating XML swirl - peer_sup "/home/pete/wefwefwef/docs/other/df6982e36c9f81467698e60d9385f20c/swirl-branch-feature_add-channels/swirl/src/peer_sup.erl" -> "/home/pete/wefwefwef/docs/other/df6982e36c9f81467698e60d9385f20c/repo/feature/add-channels/.xml/swirl/peer_sup.xml"
Generating XML swirl - peer_worker "/home/pete/wefwefwef/docs/other/df6982e36c9f81467698e60d9385f20c/swirl-branch-feature_add-channels/swirl/src/peer_worker.erl" -> "/home/pete/wefwefwef/docs/other/df6982e36c9f81467698e60d9385f20c/repo/feature/add-channels/.xml/swirl/peer_worker.xml"
Generating XML swirl - ppspp_channel "/home/pete/wefwefwef/docs/other/df6982e36c9f81467698e60d9385f20c/swirl-branch-feature_add-channels/swirl/src/ppspp_channel.erl" -> "/home/pete/wefwefwef/docs/other/df6982e36c9f81467698e60d9385f20c/repo/feature/add-channels/.xml/swirl/ppspp_channel.xml"
2990- fatal: {invalid_name," will "}
2763- fatal: error_scanning_entity_ref
/home/pete/wefwefwef/docs/other/df6982e36c9f81467698e60d9385f20c/swirl-branch-feature_add-channels/swirl/src/ppspp_channel.erl, function unpack_with_rest/1: at line 48: error in XML parser: {fatal,
                         {error_scanning_entity_ref,
                             {file,file_name_unknown},
                             {line,51},
                             {col,13}}}.
Error generating XML ("/home/pete/wefwefwef/docs/other/df6982e36c9f81467698e60d9385f20c/swirl-branch-feature_add-channels/swirl/src/ppspp_channel.erl"): {'EXIT',
                                                                                                                                                          error}
Generating XML swirl - ppspp_chunk "/home/pete/wefwefwef/docs/other/df6982e36c9f81467698e60d9385f20c/swirl-branch-feature_add-channels/swirl/src/ppspp_chunk.erl" -> "/home/pete/wefwefwef/docs/other/df6982e36c9f81467698e60d9385f20c/repo/feature/add-channels/.xml/swirl/ppspp_chunk.xml"
2990- fatal: {invalid_name," will "}
2763- fatal: error_scanning_entity_ref
/home/pete/wefwefwef/docs/other/df6982e36c9f81467698e60d9385f20c/swirl-branch-feature_add-channels/swirl/src/ppspp_chunk.erl, function unpack/2: at line 62: error in XML parser: {fatal,
                         {error_scanning_entity_ref,
                             {file,file_name_unknown},
                             {line,65},
                             {col,13}}}.
Error generating XML ("/home/pete/wefwefwef/docs/other/df6982e36c9f81467698e60d9385f20c/swirl-branch-feature_add-channels/swirl/src/ppspp_chunk.erl"): {'EXIT',
                                                                                                                                                        error}
Generating XML swirl - ppspp_datagram "/home/pete/wefwefwef/docs/other/df6982e36c9f81467698e60d9385f20c/swirl-branch-feature_add-channels/swirl/src/ppspp_datagram.erl" -> "/home/pete/wefwefwef/docs/other/df6982e36c9f81467698e60d9385f20c/repo/feature/add-channels/.xml/swirl/ppspp_datagram.xml"
/home/pete/wefwefwef/docs/other/df6982e36c9f81467698e60d9385f20c/swirl-branch-feature_add-channels/swirl/src/ppspp_datagram.erl, function get_peer_uri/1: at line 78: unknown error parsing specification: {78,edoc_parser,
                                      ["syntax error before: ",[]]}.
Error generating XML ("/home/pete/wefwefwef/docs/other/df6982e36c9f81467698e60d9385f20c/swirl-branch-feature_add-channels/swirl/src/ppspp_datagram.erl"): {'EXIT',
                                                                                                                                                           error}
Generating XML swirl - ppspp_handshake "/home/pete/wefwefwef/docs/other/df6982e36c9f81467698e60d9385f20c/swirl-branch-feature_add-channels/swirl/src/ppspp_handshake.erl" -> "/home/pete/wefwefwef/docs/other/df6982e36c9f81467698e60d9385f20c/repo/feature/add-channels/.xml/swirl/ppspp_handshake.xml"
2990- fatal: {invalid_name," will "}
2763- fatal: error_scanning_entity_ref
/home/pete/wefwefwef/docs/other/df6982e36c9f81467698e60d9385f20c/swirl-branch-feature_add-channels/swirl/src/ppspp_handshake.erl, function unpack/1: at line 42: error in XML parser: {fatal,
                         {error_scanning_entity_ref,
                             {file,file_name_unknown},
                             {line,45},
                             {col,13}}}.
Error generating XML ("/home/pete/wefwefwef/docs/other/df6982e36c9f81467698e60d9385f20c/swirl-branch-feature_add-channels/swirl/src/ppspp_handshake.erl"): {'EXIT',
                                                                                                                                                            error}
Generating XML swirl - ppspp_have "/home/pete/wefwefwef/docs/other/df6982e36c9f81467698e60d9385f20c/swirl-branch-feature_add-channels/swirl/src/ppspp_have.erl" -> "/home/pete/wefwefwef/docs/other/df6982e36c9f81467698e60d9385f20c/repo/feature/add-channels/.xml/swirl/ppspp_have.xml"
2990- fatal: {invalid_name," will "}
2763- fatal: error_scanning_entity_ref
/home/pete/wefwefwef/docs/other/df6982e36c9f81467698e60d9385f20c/swirl-branch-feature_add-channels/swirl/src/ppspp_have.erl, function unpack/2: at line 40: error in XML parser: {fatal,
                         {error_scanning_entity_ref,
                             {file,file_name_unknown},
                             {line,43},
                             {col,13}}}.
Error generating XML ("/home/pete/wefwefwef/docs/other/df6982e36c9f81467698e60d9385f20c/swirl-branch-feature_add-channels/swirl/src/ppspp_have.erl"): {'EXIT',
                                                                                                                                                       error}
Generating XML swirl - ppspp_message "/home/pete/wefwefwef/docs/other/df6982e36c9f81467698e60d9385f20c/swirl-branch-feature_add-channels/swirl/src/ppspp_message.erl" -> "/home/pete/wefwefwef/docs/other/df6982e36c9f81467698e60d9385f20c/repo/feature/add-channels/.xml/swirl/ppspp_message.xml"
2990- fatal: {invalid_name," will "}
2763- fatal: error_scanning_entity_ref
/home/pete/wefwefwef/docs/other/df6982e36c9f81467698e60d9385f20c/swirl-branch-feature_add-channels/swirl/src/ppspp_message.erl, function unpack/2: at line 59: error in XML parser: {fatal,
                         {error_scanning_entity_ref,
                             {file,file_name_unknown},
                             {line,62},
                             {col,13}}}.
Error generating XML ("/home/pete/wefwefwef/docs/other/df6982e36c9f81467698e60d9385f20c/swirl-branch-feature_add-channels/swirl/src/ppspp_message.erl"): {'EXIT',
                                                                                                                                                          error}
Generating XML swirl - ppspp_options "/home/pete/wefwefwef/docs/other/df6982e36c9f81467698e60d9385f20c/swirl-branch-feature_add-channels/swirl/src/ppspp_options.erl" -> "/home/pete/wefwefwef/docs/other/df6982e36c9f81467698e60d9385f20c/repo/feature/add-channels/.xml/swirl/ppspp_options.xml"
2542- fatal: {endtag_does_not_match,{was,p,should_have_been,ul}}
/home/pete/wefwefwef/docs/other/df6982e36c9f81467698e60d9385f20c/swirl-branch-feature_add-channels/swirl/src/ppspp_options.erl, function get/2: at line 198: error in XML parser: {fatal,
                         {{endtag_does_not_match,{was,p,should_have_been,ul}},
                          {file,file_name_unknown},
                          {line,209},
                          {col,4}}}.
Error generating XML ("/home/pete/wefwefwef/docs/other/df6982e36c9f81467698e60d9385f20c/swirl-branch-feature_add-channels/swirl/src/ppspp_options.erl"): {'EXIT',
                                                                                                                                                          error}
Generating XML swirl - swarm_sup "/home/pete/wefwefwef/docs/other/df6982e36c9f81467698e60d9385f20c/swirl-branch-feature_add-channels/swirl/src/swarm_sup.erl" -> "/home/pete/wefwefwef/docs/other/df6982e36c9f81467698e60d9385f20c/repo/feature/add-channels/.xml/swirl/swarm_sup.xml"
Generating XML swirl - swarm_worker "/home/pete/wefwefwef/docs/other/df6982e36c9f81467698e60d9385f20c/swirl-branch-feature_add-channels/swirl/src/swarm_worker.erl" -> "/home/pete/wefwefwef/docs/other/df6982e36c9f81467698e60d9385f20c/repo/feature/add-channels/.xml/swirl/swarm_worker.xml"
Generating XML swirl - swirl "/home/pete/wefwefwef/docs/other/df6982e36c9f81467698e60d9385f20c/swirl-branch-feature_add-channels/swirl/src/swirl.erl" -> "/home/pete/wefwefwef/docs/other/df6982e36c9f81467698e60d9385f20c/repo/feature/add-channels/.xml/swirl/swirl.xml"
Generating XML swirl - swirl_app "/home/pete/wefwefwef/docs/other/df6982e36c9f81467698e60d9385f20c/swirl-branch-feature_add-channels/swirl/src/swirl_app.erl" -> "/home/pete/wefwefwef/docs/other/df6982e36c9f81467698e60d9385f20c/repo/feature/add-channels/.xml/swirl/swirl_app.xml"
Generating XML swirl - swirl_sup "/home/pete/wefwefwef/docs/other/df6982e36c9f81467698e60d9385f20c/swirl-branch-feature_add-channels/swirl/src/swirl_sup.erl" -> "/home/pete/wefwefwef/docs/other/df6982e36c9f81467698e60d9385f20c/repo/feature/add-channels/.xml/swirl/swirl_sup.xml"
Generating HTML - swirl_app "/home/pete/wefwefwef/docs/other/df6982e36c9f81467698e60d9385f20c/repo/feature/add-channels/.xml/swirl/swirl_app.xml"
Generating HTML - swarm_worker "/home/pete/wefwefwef/docs/other/df6982e36c9f81467698e60d9385f20c/repo/feature/add-channels/.xml/swirl/swarm_worker.xml"
Generating HTML - peer_worker "/home/pete/wefwefwef/docs/other/df6982e36c9f81467698e60d9385f20c/repo/feature/add-channels/.xml/swirl/peer_worker.xml"
Generating HTML - channel_sup "/home/pete/wefwefwef/docs/other/df6982e36c9f81467698e60d9385f20c/repo/feature/add-channels/.xml/swirl/channel_sup.xml"
Reading XML for "/home/pete/wefwefwef/docs/other/df6982e36c9f81467698e60d9385f20c/repo/feature/add-channels/.xml/swirl/swirl_app.xml"
Reading XML for "/home/pete/wefwefwef/docs/other/df6982e36c9f81467698e60d9385f20c/repo/feature/add-channels/.xml/swirl/swarm_worker.xml"
Reading XML for "/home/pete/wefwefwef/docs/other/df6982e36c9f81467698e60d9385f20c/repo/feature/add-channels/.xml/swirl/peer_worker.xml"
Reading XML for "/home/pete/wefwefwef/docs/other/df6982e36c9f81467698e60d9385f20c/repo/feature/add-channels/.xml/swirl/channel_sup.xml"
Reading XML for "/home/pete/wefwefwef/docs/other/df6982e36c9f81467698e60d9385f20c/repo/feature/add-channels/.xml/specs_swarm_worker.xml"
Reading XML for "/home/pete/wefwefwef/docs/other/df6982e36c9f81467698e60d9385f20c/repo/feature/add-channels/.xml/specs_swirl_app.xml"
Reading XML for "/home/pete/wefwefwef/docs/other/df6982e36c9f81467698e60d9385f20c/repo/feature/add-channels/.xml/specs_channel_sup.xml"
Reading XML for "/home/pete/wefwefwef/docs/other/df6982e36c9f81467698e60d9385f20c/repo/feature/add-channels/.xml/specs_peer_worker.xml"
Generating HTML - swirl_sup "/home/pete/wefwefwef/docs/other/df6982e36c9f81467698e60d9385f20c/repo/feature/add-channels/.xml/swirl/swirl_sup.xml"
Reading XML for "/home/pete/wefwefwef/docs/other/df6982e36c9f81467698e60d9385f20c/repo/feature/add-channels/.xml/swirl/swirl_sup.xml"
Generating HTML - channel_worker "/home/pete/wefwefwef/docs/other/df6982e36c9f81467698e60d9385f20c/repo/feature/add-channels/.xml/swirl/channel_worker.xml"
Reading XML for "/home/pete/wefwefwef/docs/other/df6982e36c9f81467698e60d9385f20c/repo/feature/add-channels/.xml/swirl/channel_worker.xml"
Generating HTML - swirl "/home/pete/wefwefwef/docs/other/df6982e36c9f81467698e60d9385f20c/repo/feature/add-channels/.xml/swirl/swirl.xml"
Reading XML for "/home/pete/wefwefwef/docs/other/df6982e36c9f81467698e60d9385f20c/repo/feature/add-channels/.xml/swirl/swirl.xml"
Generating HTML - swarm_sup "/home/pete/wefwefwef/docs/other/df6982e36c9f81467698e60d9385f20c/repo/feature/add-channels/.xml/swirl/swarm_sup.xml"
Reading XML for "/home/pete/wefwefwef/docs/other/df6982e36c9f81467698e60d9385f20c/repo/feature/add-channels/.xml/swirl/swarm_sup.xml"
Reading XML for "/home/pete/wefwefwef/docs/other/df6982e36c9f81467698e60d9385f20c/repo/feature/add-channels/.xml/specs_swirl_sup.xml"
Reading XML for "/home/pete/wefwefwef/docs/other/df6982e36c9f81467698e60d9385f20c/repo/feature/add-channels/.xml/specs_channel_worker.xml"
Reading XML for "/home/pete/wefwefwef/docs/other/df6982e36c9f81467698e60d9385f20c/repo/feature/add-channels/.xml/specs_swarm_sup.xml"
Generating HTML - convert "/home/pete/wefwefwef/docs/other/df6982e36c9f81467698e60d9385f20c/repo/feature/add-channels/.xml/swirl/convert.xml"
Reading XML for "/home/pete/wefwefwef/docs/other/df6982e36c9f81467698e60d9385f20c/repo/feature/add-channels/.xml/swirl/convert.xml"
Reading XML for "/home/pete/wefwefwef/docs/other/df6982e36c9f81467698e60d9385f20c/repo/feature/add-channels/.xml/specs_swirl.xml"
Reading XML for "/home/pete/wefwefwef/docs/other/df6982e36c9f81467698e60d9385f20c/repo/feature/add-channels/.xml/specs_convert.xml"
Generating HTML - peer_sup "/home/pete/wefwefwef/docs/other/df6982e36c9f81467698e60d9385f20c/repo/feature/add-channels/.xml/swirl/peer_sup.xml"
Reading XML for "/home/pete/wefwefwef/docs/other/df6982e36c9f81467698e60d9385f20c/repo/feature/add-channels/.xml/swirl/peer_sup.xml"
Reading XML for "/home/pete/wefwefwef/docs/other/df6982e36c9f81467698e60d9385f20c/repo/feature/add-channels/.xml/specs_peer_sup.xml"
Creating index.html ...
Creating erldocs_index.js ...
Woot, finished in 0 Minutes 2 Seconds
 :: Discovering other repos
$ 5000  `rm -r '/home/pete/wefwefwef/docs/other/df6982e36c9f81467698e60d9385f20c/swirl-branch-feature_add-channels'  2>&1`
 :: Processing https://github.com/jsonified/swirl	{rev,branch,"develop","c8b82901d802f2e76668fbc2e0a104f0549885c3",undefined,[],[]}
 :: Fetching repo code
$ cd '/home/pete/wefwefwef/docs/other/df6982e36c9f81467698e60d9385f20c/swirl-branch-develop'
$ infinity  `curl --fail --silent --show-error --location --output repo.tar.gz 'https://codeload.github.com/jsonified/swirl/legacy.tar.gz/develop'  2>&1`
$ cd '/home/pete/wefwefwef/docs/erldocs_other.git'
$ cd '/home/pete/wefwefwef/docs/other/df6982e36c9f81467698e60d9385f20c/swirl-branch-develop/skunkwerks-swirl-c8b8290'
$ 5000  `find -P . -type l -delete  2>&1`
$ cd '/home/pete/wefwefwef/docs/erldocs_other.git'
$ 5000  `mv '/home/pete/wefwefwef/docs/other/df6982e36c9f81467698e60d9385f20c/swirl-branch-develop/skunkwerks-swirl-c8b8290' '/home/pete/wefwefwef/docs/other/df6982e36c9f81467698e60d9385f20c/swirl-branch-develop/swirl'  2>&1`
 :: Getting dependencies
 :: Generating erldocs into /home/pete/wefwefwef/docs/other/df6982e36c9f81467698e60d9385f20c/repo/develop
Building swirl
Generating Type Specs - "/home/pete/wefwefwef/docs/other/df6982e36c9f81467698e60d9385f20c/swirl-branch-develop/swirl/src/convert.erl"
Generating Type Specs - "/home/pete/wefwefwef/docs/other/df6982e36c9f81467698e60d9385f20c/swirl-branch-develop/swirl/src/peer_sup.erl"
Generating Type Specs - "/home/pete/wefwefwef/docs/other/df6982e36c9f81467698e60d9385f20c/swirl-branch-develop/swirl/src/peer_worker.erl"
Generating Type Specs - "/home/pete/wefwefwef/docs/other/df6982e36c9f81467698e60d9385f20c/swirl-branch-develop/swirl/src/ppspp_channel.erl"
Generating Type Specs - "/home/pete/wefwefwef/docs/other/df6982e36c9f81467698e60d9385f20c/swirl-branch-develop/swirl/src/ppspp_chunk.erl"
Generating Type Specs - "/home/pete/wefwefwef/docs/other/df6982e36c9f81467698e60d9385f20c/swirl-branch-develop/swirl/src/ppspp_datagram.erl"
Generating Type Specs - "/home/pete/wefwefwef/docs/other/df6982e36c9f81467698e60d9385f20c/swirl-branch-develop/swirl/src/ppspp_handshake.erl"
Generating Type Specs - "/home/pete/wefwefwef/docs/other/df6982e36c9f81467698e60d9385f20c/swirl-branch-develop/swirl/src/ppspp_have.erl"
Generating Type Specs - "/home/pete/wefwefwef/docs/other/df6982e36c9f81467698e60d9385f20c/swirl-branch-develop/swirl/src/ppspp_message.erl"
Generating Type Specs - "/home/pete/wefwefwef/docs/other/df6982e36c9f81467698e60d9385f20c/swirl-branch-develop/swirl/src/ppspp_options.erl"
Generating Type Specs - "/home/pete/wefwefwef/docs/other/df6982e36c9f81467698e60d9385f20c/swirl-branch-develop/swirl/src/swarm_sup.erl"
Generating Type Specs - "/home/pete/wefwefwef/docs/other/df6982e36c9f81467698e60d9385f20c/swirl-branch-develop/swirl/src/swarm_worker.erl"
Generating Type Specs - "/home/pete/wefwefwef/docs/other/df6982e36c9f81467698e60d9385f20c/swirl-branch-develop/swirl/src/swirl.erl"
Generating Type Specs - "/home/pete/wefwefwef/docs/other/df6982e36c9f81467698e60d9385f20c/swirl-branch-develop/swirl/src/swirl_app.erl"
Generating Type Specs - "/home/pete/wefwefwef/docs/other/df6982e36c9f81467698e60d9385f20c/swirl-branch-develop/swirl/src/swirl_sup.erl"
Generating XML for application swirl "/home/pete/wefwefwef/docs/other/df6982e36c9f81467698e60d9385f20c/swirl-branch-develop/swirl" -> "/home/pete/wefwefwef/docs/other/df6982e36c9f81467698e60d9385f20c/repo/develop/.xml/swirl"
2990- fatal: {invalid_name," will "}
2763- fatal: error_scanning_entity_ref
/home/pete/wefwefwef/docs/other/df6982e36c9f81467698e60d9385f20c/swirl-branch-develop/swirl/src/ppspp_handshake.erl, function unpack/1: at line 42: error in XML parser: {fatal,
                         {error_scanning_entity_ref,
                             {file,file_name_unknown},
                             {line,45},
                             {col,13}}}.
edoc: skipping source file '/home/pete/wefwefwef/docs/other/df6982e36c9f81467698e60d9385f20c/swirl-branch-develop/swirl/src/ppspp_handshake.erl': {'EXIT',
                                                                                                                                             error}.
2542- fatal: {endtag_does_not_match,{was,p,should_have_been,ul}}
/home/pete/wefwefwef/docs/other/df6982e36c9f81467698e60d9385f20c/swirl-branch-develop/swirl/src/ppspp_options.erl, function get/2: at line 197: error in XML parser: {fatal,
                         {{endtag_does_not_match,{was,p,should_have_been,ul}},
                          {file,file_name_unknown},
                          {line,208},
                          {col,4}}}.
edoc: skipping source file '/home/pete/wefwefwef/docs/other/df6982e36c9f81467698e60d9385f20c/swirl-branch-develop/swirl/src/ppspp_options.erl': {'EXIT',
                                                                                                                                           error}.
2990- fatal: {invalid_name," will "}
2763- fatal: error_scanning_entity_ref
/home/pete/wefwefwef/docs/other/df6982e36c9f81467698e60d9385f20c/swirl-branch-develop/swirl/src/ppspp_have.erl, function unpack/2: at line 40: error in XML parser: {fatal,
                         {error_scanning_entity_ref,
                             {file,file_name_unknown},
                             {line,43},
                             {col,13}}}.
edoc: skipping source file '/home/pete/wefwefwef/docs/other/df6982e36c9f81467698e60d9385f20c/swirl-branch-develop/swirl/src/ppspp_have.erl': {'EXIT',
                                                                                                                                        error}.
2990- fatal: {invalid_name," will "}
2763- fatal: error_scanning_entity_ref
/home/pete/wefwefwef/docs/other/df6982e36c9f81467698e60d9385f20c/swirl-branch-develop/swirl/src/ppspp_chunk.erl, function unpack/2: at line 62: error in XML parser: {fatal,
                         {error_scanning_entity_ref,
                             {file,file_name_unknown},
                             {line,65},
                             {col,13}}}.
edoc: skipping source file '/home/pete/wefwefwef/docs/other/df6982e36c9f81467698e60d9385f20c/swirl-branch-develop/swirl/src/ppspp_chunk.erl': {'EXIT',
                                                                                                                                         error}.
2990- fatal: {invalid_name," will "}
2763- fatal: error_scanning_entity_ref
/home/pete/wefwefwef/docs/other/df6982e36c9f81467698e60d9385f20c/swirl-branch-develop/swirl/src/ppspp_channel.erl, function unpack_with_rest/1: at line 46: error in XML parser: {fatal,
                         {error_scanning_entity_ref,
                             {file,file_name_unknown},
                             {line,49},
                             {col,13}}}.
edoc: skipping source file '/home/pete/wefwefwef/docs/other/df6982e36c9f81467698e60d9385f20c/swirl-branch-develop/swirl/src/ppspp_channel.erl': {'EXIT',
                                                                                                                                           error}.
2990- fatal: {invalid_name," will "}
2763- fatal: error_scanning_entity_ref
/home/pete/wefwefwef/docs/other/df6982e36c9f81467698e60d9385f20c/swirl-branch-develop/swirl/src/ppspp_message.erl, function unpack/2: at line 59: error in XML parser: {fatal,
                         {error_scanning_entity_ref,
                             {file,file_name_unknown},
                             {line,62},
                             {col,13}}}.
edoc: skipping source file '/home/pete/wefwefwef/docs/other/df6982e36c9f81467698e60d9385f20c/swirl-branch-develop/swirl/src/ppspp_message.erl': {'EXIT',
                                                                                                                                           error}.
/home/pete/wefwefwef/docs/other/df6982e36c9f81467698e60d9385f20c/swirl-branch-develop/swirl/src/ppspp_datagram.erl, function build_endpoint/5: at line 58: unknown error parsing specification: {58,edoc_parser,
                                      ["syntax error before: ",[]]}.
edoc: skipping source file '/home/pete/wefwefwef/docs/other/df6982e36c9f81467698e60d9385f20c/swirl-branch-develop/swirl/src/ppspp_datagram.erl': {'EXIT',
                                                                                                                                            error}.
edoc: error in doclet 'edoc_doclet': {'EXIT',error}.
Error generating swirl XMLs. Using fallback ...
Generating XML swirl - convert "/home/pete/wefwefwef/docs/other/df6982e36c9f81467698e60d9385f20c/swirl-branch-develop/swirl/src/convert.erl" -> "/home/pete/wefwefwef/docs/other/df6982e36c9f81467698e60d9385f20c/repo/develop/.xml/swirl/convert.xml"
Generating XML swirl - peer_sup "/home/pete/wefwefwef/docs/other/df6982e36c9f81467698e60d9385f20c/swirl-branch-develop/swirl/src/peer_sup.erl" -> "/home/pete/wefwefwef/docs/other/df6982e36c9f81467698e60d9385f20c/repo/develop/.xml/swirl/peer_sup.xml"
Generating XML swirl - peer_worker "/home/pete/wefwefwef/docs/other/df6982e36c9f81467698e60d9385f20c/swirl-branch-develop/swirl/src/peer_worker.erl" -> "/home/pete/wefwefwef/docs/other/df6982e36c9f81467698e60d9385f20c/repo/develop/.xml/swirl/peer_worker.xml"
Generating XML swirl - ppspp_channel "/home/pete/wefwefwef/docs/other/df6982e36c9f81467698e60d9385f20c/swirl-branch-develop/swirl/src/ppspp_channel.erl" -> "/home/pete/wefwefwef/docs/other/df6982e36c9f81467698e60d9385f20c/repo/develop/.xml/swirl/ppspp_channel.xml"
2990- fatal: {invalid_name," will "}
2763- fatal: error_scanning_entity_ref
/home/pete/wefwefwef/docs/other/df6982e36c9f81467698e60d9385f20c/swirl-branch-develop/swirl/src/ppspp_channel.erl, function unpack_with_rest/1: at line 46: error in XML parser: {fatal,
                         {error_scanning_entity_ref,
                             {file,file_name_unknown},
                             {line,49},
                             {col,13}}}.
Error generating XML ("/home/pete/wefwefwef/docs/other/df6982e36c9f81467698e60d9385f20c/swirl-branch-develop/swirl/src/ppspp_channel.erl"): {'EXIT',
                                                                                                                                             error}
Generating XML swirl - ppspp_chunk "/home/pete/wefwefwef/docs/other/df6982e36c9f81467698e60d9385f20c/swirl-branch-develop/swirl/src/ppspp_chunk.erl" -> "/home/pete/wefwefwef/docs/other/df6982e36c9f81467698e60d9385f20c/repo/develop/.xml/swirl/ppspp_chunk.xml"
2990- fatal: {invalid_name," will "}
2763- fatal: error_scanning_entity_ref
/home/pete/wefwefwef/docs/other/df6982e36c9f81467698e60d9385f20c/swirl-branch-develop/swirl/src/ppspp_chunk.erl, function unpack/2: at line 62: error in XML parser: {fatal,
                         {error_scanning_entity_ref,
                             {file,file_name_unknown},
                             {line,65},
                             {col,13}}}.
Error generating XML ("/home/pete/wefwefwef/docs/other/df6982e36c9f81467698e60d9385f20c/swirl-branch-develop/swirl/src/ppspp_chunk.erl"): {'EXIT',
                                                                                                                                           error}
Generating XML swirl - ppspp_datagram "/home/pete/wefwefwef/docs/other/df6982e36c9f81467698e60d9385f20c/swirl-branch-develop/swirl/src/ppspp_datagram.erl" -> "/home/pete/wefwefwef/docs/other/df6982e36c9f81467698e60d9385f20c/repo/develop/.xml/swirl/ppspp_datagram.xml"
/home/pete/wefwefwef/docs/other/df6982e36c9f81467698e60d9385f20c/swirl-branch-develop/swirl/src/ppspp_datagram.erl, function build_endpoint/5: at line 58: unknown error parsing specification: {58,edoc_parser,
                                      ["syntax error before: ",[]]}.
Error generating XML ("/home/pete/wefwefwef/docs/other/df6982e36c9f81467698e60d9385f20c/swirl-branch-develop/swirl/src/ppspp_datagram.erl"): {'EXIT',
                                                                                                                                              error}
Generating XML swirl - ppspp_handshake "/home/pete/wefwefwef/docs/other/df6982e36c9f81467698e60d9385f20c/swirl-branch-develop/swirl/src/ppspp_handshake.erl" -> "/home/pete/wefwefwef/docs/other/df6982e36c9f81467698e60d9385f20c/repo/develop/.xml/swirl/ppspp_handshake.xml"
2990- fatal: {invalid_name," will "}
2763- fatal: error_scanning_entity_ref
/home/pete/wefwefwef/docs/other/df6982e36c9f81467698e60d9385f20c/swirl-branch-develop/swirl/src/ppspp_handshake.erl, function unpack/1: at line 42: error in XML parser: {fatal,
                         {error_scanning_entity_ref,
                             {file,file_name_unknown},
                             {line,45},
                             {col,13}}}.
Error generating XML ("/home/pete/wefwefwef/docs/other/df6982e36c9f81467698e60d9385f20c/swirl-branch-develop/swirl/src/ppspp_handshake.erl"): {'EXIT',
                                                                                                                                               error}
Generating XML swirl - ppspp_have "/home/pete/wefwefwef/docs/other/df6982e36c9f81467698e60d9385f20c/swirl-branch-develop/swirl/src/ppspp_have.erl" -> "/home/pete/wefwefwef/docs/other/df6982e36c9f81467698e60d9385f20c/repo/develop/.xml/swirl/ppspp_have.xml"
2990- fatal: {invalid_name," will "}
2763- fatal: error_scanning_entity_ref
/home/pete/wefwefwef/docs/other/df6982e36c9f81467698e60d9385f20c/swirl-branch-develop/swirl/src/ppspp_have.erl, function unpack/2: at line 40: error in XML parser: {fatal,
                         {error_scanning_entity_ref,
                             {file,file_name_unknown},
                             {line,43},
                             {col,13}}}.
Error generating XML ("/home/pete/wefwefwef/docs/other/df6982e36c9f81467698e60d9385f20c/swirl-branch-develop/swirl/src/ppspp_have.erl"): {'EXIT',
                                                                                                                                          error}
Generating XML swirl - ppspp_message "/home/pete/wefwefwef/docs/other/df6982e36c9f81467698e60d9385f20c/swirl-branch-develop/swirl/src/ppspp_message.erl" -> "/home/pete/wefwefwef/docs/other/df6982e36c9f81467698e60d9385f20c/repo/develop/.xml/swirl/ppspp_message.xml"
2990- fatal: {invalid_name," will "}
2763- fatal: error_scanning_entity_ref
/home/pete/wefwefwef/docs/other/df6982e36c9f81467698e60d9385f20c/swirl-branch-develop/swirl/src/ppspp_message.erl, function unpack/2: at line 59: error in XML parser: {fatal,
                         {error_scanning_entity_ref,
                             {file,file_name_unknown},
                             {line,62},
                             {col,13}}}.
Error generating XML ("/home/pete/wefwefwef/docs/other/df6982e36c9f81467698e60d9385f20c/swirl-branch-develop/swirl/src/ppspp_message.erl"): {'EXIT',
                                                                                                                                             error}
Generating XML swirl - ppspp_options "/home/pete/wefwefwef/docs/other/df6982e36c9f81467698e60d9385f20c/swirl-branch-develop/swirl/src/ppspp_options.erl" -> "/home/pete/wefwefwef/docs/other/df6982e36c9f81467698e60d9385f20c/repo/develop/.xml/swirl/ppspp_options.xml"
2542- fatal: {endtag_does_not_match,{was,p,should_have_been,ul}}
/home/pete/wefwefwef/docs/other/df6982e36c9f81467698e60d9385f20c/swirl-branch-develop/swirl/src/ppspp_options.erl, function get/2: at line 197: error in XML parser: {fatal,
                         {{endtag_does_not_match,{was,p,should_have_been,ul}},
                          {file,file_name_unknown},
                          {line,208},
                          {col,4}}}.
Error generating XML ("/home/pete/wefwefwef/docs/other/df6982e36c9f81467698e60d9385f20c/swirl-branch-develop/swirl/src/ppspp_options.erl"): {'EXIT',
                                                                                                                                             error}
Generating XML swirl - swarm_sup "/home/pete/wefwefwef/docs/other/df6982e36c9f81467698e60d9385f20c/swirl-branch-develop/swirl/src/swarm_sup.erl" -> "/home/pete/wefwefwef/docs/other/df6982e36c9f81467698e60d9385f20c/repo/develop/.xml/swirl/swarm_sup.xml"
Generating XML swirl - swarm_worker "/home/pete/wefwefwef/docs/other/df6982e36c9f81467698e60d9385f20c/swirl-branch-develop/swirl/src/swarm_worker.erl" -> "/home/pete/wefwefwef/docs/other/df6982e36c9f81467698e60d9385f20c/repo/develop/.xml/swirl/swarm_worker.xml"
Generating XML swirl - swirl "/home/pete/wefwefwef/docs/other/df6982e36c9f81467698e60d9385f20c/swirl-branch-develop/swirl/src/swirl.erl" -> "/home/pete/wefwefwef/docs/other/df6982e36c9f81467698e60d9385f20c/repo/develop/.xml/swirl/swirl.xml"
Generating XML swirl - swirl_app "/home/pete/wefwefwef/docs/other/df6982e36c9f81467698e60d9385f20c/swirl-branch-develop/swirl/src/swirl_app.erl" -> "/home/pete/wefwefwef/docs/other/df6982e36c9f81467698e60d9385f20c/repo/develop/.xml/swirl/swirl_app.xml"
Generating XML swirl - swirl_sup "/home/pete/wefwefwef/docs/other/df6982e36c9f81467698e60d9385f20c/swirl-branch-develop/swirl/src/swirl_sup.erl" -> "/home/pete/wefwefwef/docs/other/df6982e36c9f81467698e60d9385f20c/repo/develop/.xml/swirl/swirl_sup.xml"
Generating HTML - swirl_app "/home/pete/wefwefwef/docs/other/df6982e36c9f81467698e60d9385f20c/repo/develop/.xml/swirl/swirl_app.xml"
Generating HTML - swarm_worker "/home/pete/wefwefwef/docs/other/df6982e36c9f81467698e60d9385f20c/repo/develop/.xml/swirl/swarm_worker.xml"
Generating HTML - peer_worker "/home/pete/wefwefwef/docs/other/df6982e36c9f81467698e60d9385f20c/repo/develop/.xml/swirl/peer_worker.xml"
Generating HTML - convert "/home/pete/wefwefwef/docs/other/df6982e36c9f81467698e60d9385f20c/repo/develop/.xml/swirl/convert.xml"
Reading XML for "/home/pete/wefwefwef/docs/other/df6982e36c9f81467698e60d9385f20c/repo/develop/.xml/swirl/swirl_app.xml"
Reading XML for "/home/pete/wefwefwef/docs/other/df6982e36c9f81467698e60d9385f20c/repo/develop/.xml/swirl/swarm_worker.xml"
Reading XML for "/home/pete/wefwefwef/docs/other/df6982e36c9f81467698e60d9385f20c/repo/develop/.xml/swirl/peer_worker.xml"
Reading XML for "/home/pete/wefwefwef/docs/other/df6982e36c9f81467698e60d9385f20c/repo/develop/.xml/swirl/convert.xml"
Reading XML for "/home/pete/wefwefwef/docs/other/df6982e36c9f81467698e60d9385f20c/repo/develop/.xml/specs_swarm_worker.xml"
Reading XML for "/home/pete/wefwefwef/docs/other/df6982e36c9f81467698e60d9385f20c/repo/develop/.xml/specs_convert.xml"
Reading XML for "/home/pete/wefwefwef/docs/other/df6982e36c9f81467698e60d9385f20c/repo/develop/.xml/specs_peer_worker.xml"
Reading XML for "/home/pete/wefwefwef/docs/other/df6982e36c9f81467698e60d9385f20c/repo/develop/.xml/specs_swirl_app.xml"
Generating HTML - peer_sup "/home/pete/wefwefwef/docs/other/df6982e36c9f81467698e60d9385f20c/repo/develop/.xml/swirl/peer_sup.xml"
Reading XML for "/home/pete/wefwefwef/docs/other/df6982e36c9f81467698e60d9385f20c/repo/develop/.xml/swirl/peer_sup.xml"
Generating HTML - swirl_sup "/home/pete/wefwefwef/docs/other/df6982e36c9f81467698e60d9385f20c/repo/develop/.xml/swirl/swirl_sup.xml"
Reading XML for "/home/pete/wefwefwef/docs/other/df6982e36c9f81467698e60d9385f20c/repo/develop/.xml/swirl/swirl_sup.xml"
Generating HTML - swirl "/home/pete/wefwefwef/docs/other/df6982e36c9f81467698e60d9385f20c/repo/develop/.xml/swirl/swirl.xml"
Reading XML for "/home/pete/wefwefwef/docs/other/df6982e36c9f81467698e60d9385f20c/repo/develop/.xml/swirl/swirl.xml"
Generating HTML - swarm_sup "/home/pete/wefwefwef/docs/other/df6982e36c9f81467698e60d9385f20c/repo/develop/.xml/swirl/swarm_sup.xml"
Reading XML for "/home/pete/wefwefwef/docs/other/df6982e36c9f81467698e60d9385f20c/repo/develop/.xml/swirl/swarm_sup.xml"
Reading XML for "/home/pete/wefwefwef/docs/other/df6982e36c9f81467698e60d9385f20c/repo/develop/.xml/specs_swirl_sup.xml"
Reading XML for "/home/pete/wefwefwef/docs/other/df6982e36c9f81467698e60d9385f20c/repo/develop/.xml/specs_peer_sup.xml"
Reading XML for "/home/pete/wefwefwef/docs/other/df6982e36c9f81467698e60d9385f20c/repo/develop/.xml/specs_swirl.xml"
Reading XML for "/home/pete/wefwefwef/docs/other/df6982e36c9f81467698e60d9385f20c/repo/develop/.xml/specs_swarm_sup.xml"
Creating index.html ...
Creating erldocs_index.js ...
Woot, finished in 0 Minutes 2 Seconds
 :: Discovering other repos
$ 5000  `rm -r '/home/pete/wefwefwef/docs/other/df6982e36c9f81467698e60d9385f20c/swirl-branch-develop'  2>&1`
 :: Finishing up
$ 5000  `rm -r '/home/pete/wefwefwef/docs/other/df6982e36c9f81467698e60d9385f20c/swirl'  2>&1`
