 :: Extracting meta information
$ 5000  `git ls-remote --heads --tags 'https://github.com/sile/erllint'  2>&1`
>>> [repo] 1 branches, 0 tags
 :: Writing meta to "/home/pete/wefwefwef/docs/other/919108809/meta.txt"
 :: Processing https://github.com/sile/erllint	{rev,branch,"master","0a692fcc7bff5bee9a95655eb998ce0223c46c49",undefined,[],[]}
 :: Fetching repo code
$ cd "/home/pete/wefwefwef/docs/other/919108809/erllint-branch-master/erllint"
$ infinity  `curl --fail --silent --show-error --location --output 'master.zip' 'https://github.com/sile/erllint/archive/master.zip'  2>&1`
$ cd "/home/pete/wefwefwef/docs/erldocs_other.git"
$ cd "/home/pete/wefwefwef/docs/other/919108809/erllint-branch-master/erllint"
$ 5000  `find -P . -type l -delete  2>&1`
$ cd "/home/pete/wefwefwef/docs/erldocs_other.git"
$ cd "/home/pete/wefwefwef/docs/other/919108809/erllint-branch-master/erllint"
$ 5000  `find 'erllint-master' -mindepth 1 -maxdepth 1 -exec mv -t . -- {} +  2>&1`
$ cd "/home/pete/wefwefwef/docs/erldocs_other.git"
 :: Getting dependencies
$ cd "/home/pete/wefwefwef/docs/other/919108809/erllint-branch-master/erllint"
$ 5000  `ls -1 deps/  2>&1`
$ cd "/home/pete/wefwefwef/docs/erldocs_other.git"
>>> [rebar] deps = []
 :: Generating erldocs into /home/pete/wefwefwef/docs/other/919108809/repo/master
Building erllint
Generating Type Specs - "/home/pete/wefwefwef/docs/other/919108809/erllint-branch-master/erllint/src/erllint.erl"
Generating XML for application erllint "/home/pete/wefwefwef/docs/other/919108809/erllint-branch-master/erllint" -> "/home/pete/wefwefwef/docs/other/919108809/repo/master/.xml/erllint"
Generated erllint XMLs: ["/home/pete/wefwefwef/docs/other/919108809/repo/master/.xml/erllint/erllint.xml"]
Generating HTML - erllint "/home/pete/wefwefwef/docs/other/919108809/repo/master/.xml/erllint/erllint.xml"
Reading XML for "/home/pete/wefwefwef/docs/other/919108809/repo/master/.xml/erllint/erllint.xml"
Reading XML for "/home/pete/wefwefwef/docs/other/919108809/repo/master/.xml/specs_erllint.xml"
Creating index.html ...
Creating erldocs_index.js ...
Woot, finished in 0 Minutes 0 Seconds
 :: Discovering other repos
$ 5000  `rm -r '/home/pete/wefwefwef/docs/other/919108809/erllint-branch-master'  2>&1`
 :: Finishing up
$ 5000  `rm -r '/home/pete/wefwefwef/docs/other/919108809/erllint'  2>&1`
