 :: Extracting meta information
$ cd '.'
$ infinity  `git ls-remote --heads --tags https://github.com/erlware-deprecated/sinan`
>>> [repo] 3 branches, 86 tags
 :: Writing meta to "/home/pete/wefwefwef/docs/other/4e7fb3a79705860aba0406e13cabc69999bcd10b/meta.txt"
 :: Skipping tag "0.10.0.0"
 :: Skipping tag "0.10.0.1"
 :: Skipping tag "0.10.0.10"
 :: Skipping tag "0.10.0.15"
 :: Skipping tag "0.10.0.2"
 :: Skipping tag "0.10.0.3"
 :: Skipping tag "0.10.0.4"
 :: Skipping tag "0.10.0.5"
 :: Skipping tag "0.10.0.6"
 :: Skipping tag "0.10.0.7"
 :: Skipping tag "0.10.0.8"
 :: Skipping tag "0.10.0.9"
 :: Skipping tag "0.10.1.1"
 :: Skipping tag "0.10.1.2"
 :: Skipping tag "0.10.1.5"
 :: Skipping tag "0.11.0.0"
 :: Skipping tag "0.11.0.2"
 :: Skipping tag "0.12.0.0"
 :: Skipping tag "0.12.0.13"
 :: Skipping tag "0.12.0.14"
 :: Skipping tag "0.12.0.15"
 :: Skipping tag "0.12.0.8"
 :: Skipping tag "0.12.0.9"
 :: Skipping tag "0.13.0.1"
 :: Skipping tag "0.15.0.1"
 :: Skipping tag "0.16.4.0"
 :: Skipping tag "0.16.4.1"
 :: Skipping tag "0.17.0.0"
 :: Skipping tag "0.17.0.1"
 :: Skipping tag "0.17.1.1"
 :: Skipping tag "0.17.1.9"
 :: Skipping tag "0.18.0.0"
 :: Skipping tag "0.19.0.0"
 :: Skipping tag "0.19.0.2"
 :: Skipping tag "0.20.0.0"
 :: Skipping tag "0.20.0.1"
 :: Skipping tag "0.20.0.2"
 :: Skipping tag "0.21.0.0"
 :: Skipping tag "0.21.0.1"
 :: Skipping tag "0.22.0.0"
 :: Skipping tag "0.22.1.0"
 :: Skipping tag "0.22.1.1"
 :: Skipping tag "0.22.1.2"
 :: Skipping tag "0.22.1.3"
 :: Skipping tag "0.22.1.4"
 :: Skipping tag "0.23.0.0"
 :: Skipping tag "0.24.0"
 :: Skipping tag "0.25.0"
 :: Skipping tag "0.26.0"
 :: Skipping tag "0.26.1"
 :: Skipping tag "0.26.2"
 :: Skipping tag "0.27.0"
 :: Skipping tag "0.27.1"
 :: Skipping tag "1.0.0"
 :: Skipping tag "1.0.1"
 :: Skipping tag "2.0.0"
 :: Skipping tag "2.0.1"
 :: Skipping tag "2.0.11"
 :: Skipping tag "2.0.12"
 :: Skipping tag "2.0.13"
 :: Skipping tag "2.0.14"
 :: Skipping tag "2.0.15"
 :: Skipping tag "2.0.16"
 :: Skipping tag "2.0.17"
 :: Skipping tag "2.0.18a"
 :: Skipping tag "2.0.20a"
 :: Skipping tag "2.0.21a"
 :: Skipping tag "2.0.22a"
 :: Skipping tag "2.0.23a"
 :: Skipping tag "2.0.24a"
 :: Skipping tag "2.0.25a"
 :: Skipping tag "2.0.26a"
 :: Skipping tag "2.0.27a"
 :: Skipping tag "2.0.28a"
 :: Skipping tag "semver"
 :: Skipping tag "v2.0.28a"
 :: Skipping tag "v2.0.29a"
 :: Skipping tag "v2.1.0"
 :: Skipping tag "v2.1.1"
 :: Skipping tag "v3.0.0a"
 :: Skipping tag "v3.0.1a"
 :: Skipping tag "v4.0.0"
 :: Skipping tag "v4.0.1"
 :: Skipping tag "v4.1.0"
 :: Skipping tag "v4.1.1"
 :: Skipping branch "gh-pages"
 :: Skipping branch "master"
 :: Skipping branch "next"
 :: Processing https://github.com/erlware-deprecated/sinan	{rev,tag,"2.0.19a","ee8372613b2c24231db900160b07a1fb0e09cc8f",undefined,[],[]}
 :: Fetching repo code
$ cd '/home/pete/wefwefwef/docs/other/4e7fb3a79705860aba0406e13cabc69999bcd10b/sinan-tag-2.0.19a'
$ infinity  `curl --fail --silent --show-error --location --output repo.tar.gz https://codeload.github.com/erlware-deprecated/sinan/tar.gz/2.0.19a`
$ cd '/home/pete/wefwefwef/docs/other/4e7fb3a79705860aba0406e13cabc69999bcd10b/sinan-tag-2.0.19a/sinan-2.0.19a'
$ 5000  `find -P . -type l -delete`
$ cd '.'
$ 5000  `mv /home/pete/wefwefwef/docs/other/4e7fb3a79705860aba0406e13cabc69999bcd10b/sinan-tag-2.0.19a/sinan-2.0.19a /home/pete/wefwefwef/docs/other/4e7fb3a79705860aba0406e13cabc69999bcd10b/sinan-tag-2.0.19a/sinan`
 :: Getting dependencies
 :: Generating erldocs into /home/pete/wefwefwef/docs/other/4e7fb3a79705860aba0406e13cabc69999bcd10b/repo/2.0.19a
Building sinan
Generating Type Specs - "/home/pete/wefwefwef/docs/other/4e7fb3a79705860aba0406e13cabc69999bcd10b/sinan-tag-2.0.19a/sinan/src/sin_app_meta.erl"
Generating Type Specs - "/home/pete/wefwefwef/docs/other/4e7fb3a79705860aba0406e13cabc69999bcd10b/sinan-tag-2.0.19a/sinan/src/sin_compile_erl.erl"
Generating Type Specs - "/home/pete/wefwefwef/docs/other/4e7fb3a79705860aba0406e13cabc69999bcd10b/sinan-tag-2.0.19a/sinan/src/sin_compile_yrl.erl"
Generating Type Specs - "/home/pete/wefwefwef/docs/other/4e7fb3a79705860aba0406e13cabc69999bcd10b/sinan-tag-2.0.19a/sinan/src/sin_config.erl"
Generating Type Specs - "/home/pete/wefwefwef/docs/other/4e7fb3a79705860aba0406e13cabc69999bcd10b/sinan-tag-2.0.19a/sinan/src/sin_dep_resolver.erl"
Generating Type Specs - "/home/pete/wefwefwef/docs/other/4e7fb3a79705860aba0406e13cabc69999bcd10b/sinan-tag-2.0.19a/sinan/src/sin_dep_solver.erl"
Generating Type Specs - "/home/pete/wefwefwef/docs/other/4e7fb3a79705860aba0406e13cabc69999bcd10b/sinan-tag-2.0.19a/sinan/src/sin_deps.erl"
Generating Type Specs - "/home/pete/wefwefwef/docs/other/4e7fb3a79705860aba0406e13cabc69999bcd10b/sinan-tag-2.0.19a/sinan/src/sin_discover.erl"
Generating Type Specs - "/home/pete/wefwefwef/docs/other/4e7fb3a79705860aba0406e13cabc69999bcd10b/sinan-tag-2.0.19a/sinan/src/sin_exceptions.erl"
Generating Type Specs - "/home/pete/wefwefwef/docs/other/4e7fb3a79705860aba0406e13cabc69999bcd10b/sinan-tag-2.0.19a/sinan/src/sin_file_info.erl"
Generating Type Specs - "/home/pete/wefwefwef/docs/other/4e7fb3a79705860aba0406e13cabc69999bcd10b/sinan-tag-2.0.19a/sinan/src/sin_fs_resolver.erl"
Generating Type Specs - "/home/pete/wefwefwef/docs/other/4e7fb3a79705860aba0406e13cabc69999bcd10b/sinan-tag-2.0.19a/sinan/src/sin_gen.erl"
Generating Type Specs - "/home/pete/wefwefwef/docs/other/4e7fb3a79705860aba0406e13cabc69999bcd10b/sinan-tag-2.0.19a/sinan/src/sin_hooks.erl"
Generating Type Specs - "/home/pete/wefwefwef/docs/other/4e7fb3a79705860aba0406e13cabc69999bcd10b/sinan-tag-2.0.19a/sinan/src/sin_matcher.erl"
Generating Type Specs - "/home/pete/wefwefwef/docs/other/4e7fb3a79705860aba0406e13cabc69999bcd10b/sinan-tag-2.0.19a/sinan/src/sin_release.erl"
Generating Type Specs - "/home/pete/wefwefwef/docs/other/4e7fb3a79705860aba0406e13cabc69999bcd10b/sinan-tag-2.0.19a/sinan/src/sin_sig.erl"
Generating Type Specs - "/home/pete/wefwefwef/docs/other/4e7fb3a79705860aba0406e13cabc69999bcd10b/sinan-tag-2.0.19a/sinan/src/sin_skel.erl"
Generating Type Specs - "/home/pete/wefwefwef/docs/other/4e7fb3a79705860aba0406e13cabc69999bcd10b/sinan-tag-2.0.19a/sinan/src/sin_state.erl"
Generating Type Specs - "/home/pete/wefwefwef/docs/other/4e7fb3a79705860aba0406e13cabc69999bcd10b/sinan-tag-2.0.19a/sinan/src/sin_task.erl"
Generating Type Specs - "/home/pete/wefwefwef/docs/other/4e7fb3a79705860aba0406e13cabc69999bcd10b/sinan-tag-2.0.19a/sinan/src/sin_task_build.erl"
Generating Type Specs - "/home/pete/wefwefwef/docs/other/4e7fb3a79705860aba0406e13cabc69999bcd10b/sinan-tag-2.0.19a/sinan/src/sin_task_clean.erl"
Generating Type Specs - "/home/pete/wefwefwef/docs/other/4e7fb3a79705860aba0406e13cabc69999bcd10b/sinan-tag-2.0.19a/sinan/src/sin_task_cucumber.erl"
/home/pete/wefwefwef/docs/other/4e7fb3a79705860aba0406e13cabc69999bcd10b/sinan-tag-2.0.19a/sinan/src/sin_task_cucumber.erl: at line 15: can't find include lib "cucumberl/include/cucumberl.hrl"
EDoc could not process file '/home/pete/wefwefwef/docs/other/4e7fb3a79705860aba0406e13cabc69999bcd10b/sinan-tag-2.0.19a/sinan/src/sin_task_cucumber.erl'
Error generating type specs for "/home/pete/wefwefwef/docs/other/4e7fb3a79705860aba0406e13cabc69999bcd10b/sinan-tag-2.0.19a/sinan/src/sin_task_cucumber.erl"
Generating Type Specs - "/home/pete/wefwefwef/docs/other/4e7fb3a79705860aba0406e13cabc69999bcd10b/sinan-tag-2.0.19a/sinan/src/sin_task_depends.erl"
Generating Type Specs - "/home/pete/wefwefwef/docs/other/4e7fb3a79705860aba0406e13cabc69999bcd10b/sinan-tag-2.0.19a/sinan/src/sin_task_dialyzer.erl"
Generating Type Specs - "/home/pete/wefwefwef/docs/other/4e7fb3a79705860aba0406e13cabc69999bcd10b/sinan-tag-2.0.19a/sinan/src/sin_task_dist.erl"
Generating Type Specs - "/home/pete/wefwefwef/docs/other/4e7fb3a79705860aba0406e13cabc69999bcd10b/sinan-tag-2.0.19a/sinan/src/sin_task_doc.erl"
Generating Type Specs - "/home/pete/wefwefwef/docs/other/4e7fb3a79705860aba0406e13cabc69999bcd10b/sinan-tag-2.0.19a/sinan/src/sin_task_erts.erl"
Generating Type Specs - "/home/pete/wefwefwef/docs/other/4e7fb3a79705860aba0406e13cabc69999bcd10b/sinan-tag-2.0.19a/sinan/src/sin_task_escript.erl"
Generating Type Specs - "/home/pete/wefwefwef/docs/other/4e7fb3a79705860aba0406e13cabc69999bcd10b/sinan-tag-2.0.19a/sinan/src/sin_task_gen.erl"
Generating Type Specs - "/home/pete/wefwefwef/docs/other/4e7fb3a79705860aba0406e13cabc69999bcd10b/sinan-tag-2.0.19a/sinan/src/sin_task_help.erl"
Generating Type Specs - "/home/pete/wefwefwef/docs/other/4e7fb3a79705860aba0406e13cabc69999bcd10b/sinan-tag-2.0.19a/sinan/src/sin_task_release.erl"
Generating Type Specs - "/home/pete/wefwefwef/docs/other/4e7fb3a79705860aba0406e13cabc69999bcd10b/sinan-tag-2.0.19a/sinan/src/sin_task_shell.erl"
Generating Type Specs - "/home/pete/wefwefwef/docs/other/4e7fb3a79705860aba0406e13cabc69999bcd10b/sinan-tag-2.0.19a/sinan/src/sin_task_test.erl"
Generating Type Specs - "/home/pete/wefwefwef/docs/other/4e7fb3a79705860aba0406e13cabc69999bcd10b/sinan-tag-2.0.19a/sinan/src/sin_task_version.erl"
Generating Type Specs - "/home/pete/wefwefwef/docs/other/4e7fb3a79705860aba0406e13cabc69999bcd10b/sinan-tag-2.0.19a/sinan/src/sin_task_xref.erl"
Generating Type Specs - "/home/pete/wefwefwef/docs/other/4e7fb3a79705860aba0406e13cabc69999bcd10b/sinan-tag-2.0.19a/sinan/src/sin_test_resolver.erl"
Generating Type Specs - "/home/pete/wefwefwef/docs/other/4e7fb3a79705860aba0406e13cabc69999bcd10b/sinan-tag-2.0.19a/sinan/src/sin_topo.erl"
Generating Type Specs - "/home/pete/wefwefwef/docs/other/4e7fb3a79705860aba0406e13cabc69999bcd10b/sinan-tag-2.0.19a/sinan/src/sin_utils.erl"
Generating Type Specs - "/home/pete/wefwefwef/docs/other/4e7fb3a79705860aba0406e13cabc69999bcd10b/sinan-tag-2.0.19a/sinan/src/sinan.erl"
Generating XML for application sinan "/home/pete/wefwefwef/docs/other/4e7fb3a79705860aba0406e13cabc69999bcd10b/sinan-tag-2.0.19a/sinan" -> "/home/pete/wefwefwef/docs/other/4e7fb3a79705860aba0406e13cabc69999bcd10b/repo/2.0.19a/.xml/sinan"
/home/pete/wefwefwef/docs/other/4e7fb3a79705860aba0406e13cabc69999bcd10b/sinan-tag-2.0.19a/sinan/src/sin_task_cucumber.erl: at line 15: can't find include lib "cucumberl/include/cucumberl.hrl"
edoc: skipping source file '/home/pete/wefwefwef/docs/other/4e7fb3a79705860aba0406e13cabc69999bcd10b/sinan-tag-2.0.19a/sinan/src/sin_task_cucumber.erl': {'EXIT',
                                                                                                                                                    error}.
edoc: error in doclet 'edoc_doclet': {'EXIT',error}.
Error generating sinan XMLs. Using fallback ...
Generating XML sinan - sin_app_meta "/home/pete/wefwefwef/docs/other/4e7fb3a79705860aba0406e13cabc69999bcd10b/sinan-tag-2.0.19a/sinan/src/sin_app_meta.erl" -> "/home/pete/wefwefwef/docs/other/4e7fb3a79705860aba0406e13cabc69999bcd10b/repo/2.0.19a/.xml/sinan/sin_app_meta.xml"
Generating XML sinan - sin_compile_erl "/home/pete/wefwefwef/docs/other/4e7fb3a79705860aba0406e13cabc69999bcd10b/sinan-tag-2.0.19a/sinan/src/sin_compile_erl.erl" -> "/home/pete/wefwefwef/docs/other/4e7fb3a79705860aba0406e13cabc69999bcd10b/repo/2.0.19a/.xml/sinan/sin_compile_erl.xml"
Generating XML sinan - sin_compile_yrl "/home/pete/wefwefwef/docs/other/4e7fb3a79705860aba0406e13cabc69999bcd10b/sinan-tag-2.0.19a/sinan/src/sin_compile_yrl.erl" -> "/home/pete/wefwefwef/docs/other/4e7fb3a79705860aba0406e13cabc69999bcd10b/repo/2.0.19a/.xml/sinan/sin_compile_yrl.xml"
Generating XML sinan - sin_config "/home/pete/wefwefwef/docs/other/4e7fb3a79705860aba0406e13cabc69999bcd10b/sinan-tag-2.0.19a/sinan/src/sin_config.erl" -> "/home/pete/wefwefwef/docs/other/4e7fb3a79705860aba0406e13cabc69999bcd10b/repo/2.0.19a/.xml/sinan/sin_config.xml"
Generating XML sinan - sin_dep_resolver "/home/pete/wefwefwef/docs/other/4e7fb3a79705860aba0406e13cabc69999bcd10b/sinan-tag-2.0.19a/sinan/src/sin_dep_resolver.erl" -> "/home/pete/wefwefwef/docs/other/4e7fb3a79705860aba0406e13cabc69999bcd10b/repo/2.0.19a/.xml/sinan/sin_dep_resolver.xml"
Generating XML sinan - sin_dep_solver "/home/pete/wefwefwef/docs/other/4e7fb3a79705860aba0406e13cabc69999bcd10b/sinan-tag-2.0.19a/sinan/src/sin_dep_solver.erl" -> "/home/pete/wefwefwef/docs/other/4e7fb3a79705860aba0406e13cabc69999bcd10b/repo/2.0.19a/.xml/sinan/sin_dep_solver.xml"
Generating XML sinan - sin_deps "/home/pete/wefwefwef/docs/other/4e7fb3a79705860aba0406e13cabc69999bcd10b/sinan-tag-2.0.19a/sinan/src/sin_deps.erl" -> "/home/pete/wefwefwef/docs/other/4e7fb3a79705860aba0406e13cabc69999bcd10b/repo/2.0.19a/.xml/sinan/sin_deps.xml"
Generating XML sinan - sin_discover "/home/pete/wefwefwef/docs/other/4e7fb3a79705860aba0406e13cabc69999bcd10b/sinan-tag-2.0.19a/sinan/src/sin_discover.erl" -> "/home/pete/wefwefwef/docs/other/4e7fb3a79705860aba0406e13cabc69999bcd10b/repo/2.0.19a/.xml/sinan/sin_discover.xml"
Generating XML sinan - sin_exceptions "/home/pete/wefwefwef/docs/other/4e7fb3a79705860aba0406e13cabc69999bcd10b/sinan-tag-2.0.19a/sinan/src/sin_exceptions.erl" -> "/home/pete/wefwefwef/docs/other/4e7fb3a79705860aba0406e13cabc69999bcd10b/repo/2.0.19a/.xml/sinan/sin_exceptions.xml"
Generating XML sinan - sin_file_info "/home/pete/wefwefwef/docs/other/4e7fb3a79705860aba0406e13cabc69999bcd10b/sinan-tag-2.0.19a/sinan/src/sin_file_info.erl" -> "/home/pete/wefwefwef/docs/other/4e7fb3a79705860aba0406e13cabc69999bcd10b/repo/2.0.19a/.xml/sinan/sin_file_info.xml"
Generating XML sinan - sin_fs_resolver "/home/pete/wefwefwef/docs/other/4e7fb3a79705860aba0406e13cabc69999bcd10b/sinan-tag-2.0.19a/sinan/src/sin_fs_resolver.erl" -> "/home/pete/wefwefwef/docs/other/4e7fb3a79705860aba0406e13cabc69999bcd10b/repo/2.0.19a/.xml/sinan/sin_fs_resolver.xml"
Generating XML sinan - sin_gen "/home/pete/wefwefwef/docs/other/4e7fb3a79705860aba0406e13cabc69999bcd10b/sinan-tag-2.0.19a/sinan/src/sin_gen.erl" -> "/home/pete/wefwefwef/docs/other/4e7fb3a79705860aba0406e13cabc69999bcd10b/repo/2.0.19a/.xml/sinan/sin_gen.xml"
Generating XML sinan - sin_hooks "/home/pete/wefwefwef/docs/other/4e7fb3a79705860aba0406e13cabc69999bcd10b/sinan-tag-2.0.19a/sinan/src/sin_hooks.erl" -> "/home/pete/wefwefwef/docs/other/4e7fb3a79705860aba0406e13cabc69999bcd10b/repo/2.0.19a/.xml/sinan/sin_hooks.xml"
Generating XML sinan - sin_matcher "/home/pete/wefwefwef/docs/other/4e7fb3a79705860aba0406e13cabc69999bcd10b/sinan-tag-2.0.19a/sinan/src/sin_matcher.erl" -> "/home/pete/wefwefwef/docs/other/4e7fb3a79705860aba0406e13cabc69999bcd10b/repo/2.0.19a/.xml/sinan/sin_matcher.xml"
Generating XML sinan - sin_release "/home/pete/wefwefwef/docs/other/4e7fb3a79705860aba0406e13cabc69999bcd10b/sinan-tag-2.0.19a/sinan/src/sin_release.erl" -> "/home/pete/wefwefwef/docs/other/4e7fb3a79705860aba0406e13cabc69999bcd10b/repo/2.0.19a/.xml/sinan/sin_release.xml"
Generating XML sinan - sin_sig "/home/pete/wefwefwef/docs/other/4e7fb3a79705860aba0406e13cabc69999bcd10b/sinan-tag-2.0.19a/sinan/src/sin_sig.erl" -> "/home/pete/wefwefwef/docs/other/4e7fb3a79705860aba0406e13cabc69999bcd10b/repo/2.0.19a/.xml/sinan/sin_sig.xml"
Generating XML sinan - sin_skel "/home/pete/wefwefwef/docs/other/4e7fb3a79705860aba0406e13cabc69999bcd10b/sinan-tag-2.0.19a/sinan/src/sin_skel.erl" -> "/home/pete/wefwefwef/docs/other/4e7fb3a79705860aba0406e13cabc69999bcd10b/repo/2.0.19a/.xml/sinan/sin_skel.xml"
Generating XML sinan - sin_state "/home/pete/wefwefwef/docs/other/4e7fb3a79705860aba0406e13cabc69999bcd10b/sinan-tag-2.0.19a/sinan/src/sin_state.erl" -> "/home/pete/wefwefwef/docs/other/4e7fb3a79705860aba0406e13cabc69999bcd10b/repo/2.0.19a/.xml/sinan/sin_state.xml"
Generating XML sinan - sin_task "/home/pete/wefwefwef/docs/other/4e7fb3a79705860aba0406e13cabc69999bcd10b/sinan-tag-2.0.19a/sinan/src/sin_task.erl" -> "/home/pete/wefwefwef/docs/other/4e7fb3a79705860aba0406e13cabc69999bcd10b/repo/2.0.19a/.xml/sinan/sin_task.xml"
Generating XML sinan - sin_task_build "/home/pete/wefwefwef/docs/other/4e7fb3a79705860aba0406e13cabc69999bcd10b/sinan-tag-2.0.19a/sinan/src/sin_task_build.erl" -> "/home/pete/wefwefwef/docs/other/4e7fb3a79705860aba0406e13cabc69999bcd10b/repo/2.0.19a/.xml/sinan/sin_task_build.xml"
Generating XML sinan - sin_task_clean "/home/pete/wefwefwef/docs/other/4e7fb3a79705860aba0406e13cabc69999bcd10b/sinan-tag-2.0.19a/sinan/src/sin_task_clean.erl" -> "/home/pete/wefwefwef/docs/other/4e7fb3a79705860aba0406e13cabc69999bcd10b/repo/2.0.19a/.xml/sinan/sin_task_clean.xml"
Generating XML sinan - sin_task_cucumber "/home/pete/wefwefwef/docs/other/4e7fb3a79705860aba0406e13cabc69999bcd10b/sinan-tag-2.0.19a/sinan/src/sin_task_cucumber.erl" -> "/home/pete/wefwefwef/docs/other/4e7fb3a79705860aba0406e13cabc69999bcd10b/repo/2.0.19a/.xml/sinan/sin_task_cucumber.xml"
/home/pete/wefwefwef/docs/other/4e7fb3a79705860aba0406e13cabc69999bcd10b/sinan-tag-2.0.19a/sinan/src/sin_task_cucumber.erl: at line 15: can't find include lib "cucumberl/include/cucumberl.hrl"
Error generating XML ("/home/pete/wefwefwef/docs/other/4e7fb3a79705860aba0406e13cabc69999bcd10b/sinan-tag-2.0.19a/sinan/src/sin_task_cucumber.erl"): {'EXIT',
                                                                                                                                                      error}
Generating XML sinan - sin_task_depends "/home/pete/wefwefwef/docs/other/4e7fb3a79705860aba0406e13cabc69999bcd10b/sinan-tag-2.0.19a/sinan/src/sin_task_depends.erl" -> "/home/pete/wefwefwef/docs/other/4e7fb3a79705860aba0406e13cabc69999bcd10b/repo/2.0.19a/.xml/sinan/sin_task_depends.xml"
Generating XML sinan - sin_task_dialyzer "/home/pete/wefwefwef/docs/other/4e7fb3a79705860aba0406e13cabc69999bcd10b/sinan-tag-2.0.19a/sinan/src/sin_task_dialyzer.erl" -> "/home/pete/wefwefwef/docs/other/4e7fb3a79705860aba0406e13cabc69999bcd10b/repo/2.0.19a/.xml/sinan/sin_task_dialyzer.xml"
Generating XML sinan - sin_task_dist "/home/pete/wefwefwef/docs/other/4e7fb3a79705860aba0406e13cabc69999bcd10b/sinan-tag-2.0.19a/sinan/src/sin_task_dist.erl" -> "/home/pete/wefwefwef/docs/other/4e7fb3a79705860aba0406e13cabc69999bcd10b/repo/2.0.19a/.xml/sinan/sin_task_dist.xml"
Generating XML sinan - sin_task_doc "/home/pete/wefwefwef/docs/other/4e7fb3a79705860aba0406e13cabc69999bcd10b/sinan-tag-2.0.19a/sinan/src/sin_task_doc.erl" -> "/home/pete/wefwefwef/docs/other/4e7fb3a79705860aba0406e13cabc69999bcd10b/repo/2.0.19a/.xml/sinan/sin_task_doc.xml"
Generating XML sinan - sin_task_erts "/home/pete/wefwefwef/docs/other/4e7fb3a79705860aba0406e13cabc69999bcd10b/sinan-tag-2.0.19a/sinan/src/sin_task_erts.erl" -> "/home/pete/wefwefwef/docs/other/4e7fb3a79705860aba0406e13cabc69999bcd10b/repo/2.0.19a/.xml/sinan/sin_task_erts.xml"
Generating XML sinan - sin_task_escript "/home/pete/wefwefwef/docs/other/4e7fb3a79705860aba0406e13cabc69999bcd10b/sinan-tag-2.0.19a/sinan/src/sin_task_escript.erl" -> "/home/pete/wefwefwef/docs/other/4e7fb3a79705860aba0406e13cabc69999bcd10b/repo/2.0.19a/.xml/sinan/sin_task_escript.xml"
Generating XML sinan - sin_task_gen "/home/pete/wefwefwef/docs/other/4e7fb3a79705860aba0406e13cabc69999bcd10b/sinan-tag-2.0.19a/sinan/src/sin_task_gen.erl" -> "/home/pete/wefwefwef/docs/other/4e7fb3a79705860aba0406e13cabc69999bcd10b/repo/2.0.19a/.xml/sinan/sin_task_gen.xml"
Generating XML sinan - sin_task_help "/home/pete/wefwefwef/docs/other/4e7fb3a79705860aba0406e13cabc69999bcd10b/sinan-tag-2.0.19a/sinan/src/sin_task_help.erl" -> "/home/pete/wefwefwef/docs/other/4e7fb3a79705860aba0406e13cabc69999bcd10b/repo/2.0.19a/.xml/sinan/sin_task_help.xml"
Generating XML sinan - sin_task_release "/home/pete/wefwefwef/docs/other/4e7fb3a79705860aba0406e13cabc69999bcd10b/sinan-tag-2.0.19a/sinan/src/sin_task_release.erl" -> "/home/pete/wefwefwef/docs/other/4e7fb3a79705860aba0406e13cabc69999bcd10b/repo/2.0.19a/.xml/sinan/sin_task_release.xml"
Generating XML sinan - sin_task_shell "/home/pete/wefwefwef/docs/other/4e7fb3a79705860aba0406e13cabc69999bcd10b/sinan-tag-2.0.19a/sinan/src/sin_task_shell.erl" -> "/home/pete/wefwefwef/docs/other/4e7fb3a79705860aba0406e13cabc69999bcd10b/repo/2.0.19a/.xml/sinan/sin_task_shell.xml"
Generating XML sinan - sin_task_test "/home/pete/wefwefwef/docs/other/4e7fb3a79705860aba0406e13cabc69999bcd10b/sinan-tag-2.0.19a/sinan/src/sin_task_test.erl" -> "/home/pete/wefwefwef/docs/other/4e7fb3a79705860aba0406e13cabc69999bcd10b/repo/2.0.19a/.xml/sinan/sin_task_test.xml"
Generating XML sinan - sin_task_version "/home/pete/wefwefwef/docs/other/4e7fb3a79705860aba0406e13cabc69999bcd10b/sinan-tag-2.0.19a/sinan/src/sin_task_version.erl" -> "/home/pete/wefwefwef/docs/other/4e7fb3a79705860aba0406e13cabc69999bcd10b/repo/2.0.19a/.xml/sinan/sin_task_version.xml"
Generating XML sinan - sin_task_xref "/home/pete/wefwefwef/docs/other/4e7fb3a79705860aba0406e13cabc69999bcd10b/sinan-tag-2.0.19a/sinan/src/sin_task_xref.erl" -> "/home/pete/wefwefwef/docs/other/4e7fb3a79705860aba0406e13cabc69999bcd10b/repo/2.0.19a/.xml/sinan/sin_task_xref.xml"
Generating XML sinan - sin_test_resolver "/home/pete/wefwefwef/docs/other/4e7fb3a79705860aba0406e13cabc69999bcd10b/sinan-tag-2.0.19a/sinan/src/sin_test_resolver.erl" -> "/home/pete/wefwefwef/docs/other/4e7fb3a79705860aba0406e13cabc69999bcd10b/repo/2.0.19a/.xml/sinan/sin_test_resolver.xml"
Generating XML sinan - sin_topo "/home/pete/wefwefwef/docs/other/4e7fb3a79705860aba0406e13cabc69999bcd10b/sinan-tag-2.0.19a/sinan/src/sin_topo.erl" -> "/home/pete/wefwefwef/docs/other/4e7fb3a79705860aba0406e13cabc69999bcd10b/repo/2.0.19a/.xml/sinan/sin_topo.xml"
Generating XML sinan - sin_utils "/home/pete/wefwefwef/docs/other/4e7fb3a79705860aba0406e13cabc69999bcd10b/sinan-tag-2.0.19a/sinan/src/sin_utils.erl" -> "/home/pete/wefwefwef/docs/other/4e7fb3a79705860aba0406e13cabc69999bcd10b/repo/2.0.19a/.xml/sinan/sin_utils.xml"
Generating XML sinan - sinan "/home/pete/wefwefwef/docs/other/4e7fb3a79705860aba0406e13cabc69999bcd10b/sinan-tag-2.0.19a/sinan/src/sinan.erl" -> "/home/pete/wefwefwef/docs/other/4e7fb3a79705860aba0406e13cabc69999bcd10b/repo/2.0.19a/.xml/sinan/sinan.xml"
Generating HTML - sin_task_release "/home/pete/wefwefwef/docs/other/4e7fb3a79705860aba0406e13cabc69999bcd10b/repo/2.0.19a/.xml/sinan/sin_task_release.xml"
Generating HTML - sin_task_clean "/home/pete/wefwefwef/docs/other/4e7fb3a79705860aba0406e13cabc69999bcd10b/repo/2.0.19a/.xml/sinan/sin_task_clean.xml"
Generating HTML - sin_gen "/home/pete/wefwefwef/docs/other/4e7fb3a79705860aba0406e13cabc69999bcd10b/repo/2.0.19a/.xml/sinan/sin_gen.xml"
Generating HTML - sin_app_meta "/home/pete/wefwefwef/docs/other/4e7fb3a79705860aba0406e13cabc69999bcd10b/repo/2.0.19a/.xml/sinan/sin_app_meta.xml"
Reading XML for "/home/pete/wefwefwef/docs/other/4e7fb3a79705860aba0406e13cabc69999bcd10b/repo/2.0.19a/.xml/sinan/sin_task_release.xml"
Reading XML for "/home/pete/wefwefwef/docs/other/4e7fb3a79705860aba0406e13cabc69999bcd10b/repo/2.0.19a/.xml/sinan/sin_task_clean.xml"
Reading XML for "/home/pete/wefwefwef/docs/other/4e7fb3a79705860aba0406e13cabc69999bcd10b/repo/2.0.19a/.xml/sinan/sin_gen.xml"
Reading XML for "/home/pete/wefwefwef/docs/other/4e7fb3a79705860aba0406e13cabc69999bcd10b/repo/2.0.19a/.xml/sinan/sin_app_meta.xml"
Reading XML for "/home/pete/wefwefwef/docs/other/4e7fb3a79705860aba0406e13cabc69999bcd10b/repo/2.0.19a/.xml/specs_sin_task_release.xml"
Reading XML for "/home/pete/wefwefwef/docs/other/4e7fb3a79705860aba0406e13cabc69999bcd10b/repo/2.0.19a/.xml/specs_sin_task_clean.xml"
Reading XML for "/home/pete/wefwefwef/docs/other/4e7fb3a79705860aba0406e13cabc69999bcd10b/repo/2.0.19a/.xml/specs_sin_gen.xml"
Generating HTML - sin_task_depends "/home/pete/wefwefwef/docs/other/4e7fb3a79705860aba0406e13cabc69999bcd10b/repo/2.0.19a/.xml/sinan/sin_task_depends.xml"
Generating HTML - sin_task_shell "/home/pete/wefwefwef/docs/other/4e7fb3a79705860aba0406e13cabc69999bcd10b/repo/2.0.19a/.xml/sinan/sin_task_shell.xml"
Reading XML for "/home/pete/wefwefwef/docs/other/4e7fb3a79705860aba0406e13cabc69999bcd10b/repo/2.0.19a/.xml/sinan/sin_task_depends.xml"
Reading XML for "/home/pete/wefwefwef/docs/other/4e7fb3a79705860aba0406e13cabc69999bcd10b/repo/2.0.19a/.xml/specs_sin_app_meta.xml"
Reading XML for "/home/pete/wefwefwef/docs/other/4e7fb3a79705860aba0406e13cabc69999bcd10b/repo/2.0.19a/.xml/sinan/sin_task_shell.xml"
Generating HTML - sin_hooks "/home/pete/wefwefwef/docs/other/4e7fb3a79705860aba0406e13cabc69999bcd10b/repo/2.0.19a/.xml/sinan/sin_hooks.xml"
Reading XML for "/home/pete/wefwefwef/docs/other/4e7fb3a79705860aba0406e13cabc69999bcd10b/repo/2.0.19a/.xml/sinan/sin_hooks.xml"
Generating HTML - sin_compile_erl "/home/pete/wefwefwef/docs/other/4e7fb3a79705860aba0406e13cabc69999bcd10b/repo/2.0.19a/.xml/sinan/sin_compile_erl.xml"
Reading XML for "/home/pete/wefwefwef/docs/other/4e7fb3a79705860aba0406e13cabc69999bcd10b/repo/2.0.19a/.xml/sinan/sin_compile_erl.xml"
Reading XML for "/home/pete/wefwefwef/docs/other/4e7fb3a79705860aba0406e13cabc69999bcd10b/repo/2.0.19a/.xml/specs_sin_task_depends.xml"
Reading XML for "/home/pete/wefwefwef/docs/other/4e7fb3a79705860aba0406e13cabc69999bcd10b/repo/2.0.19a/.xml/specs_sin_task_shell.xml"
Reading XML for "/home/pete/wefwefwef/docs/other/4e7fb3a79705860aba0406e13cabc69999bcd10b/repo/2.0.19a/.xml/specs_sin_hooks.xml"
Reading XML for "/home/pete/wefwefwef/docs/other/4e7fb3a79705860aba0406e13cabc69999bcd10b/repo/2.0.19a/.xml/specs_sin_compile_erl.xml"
Generating HTML - sin_task_test "/home/pete/wefwefwef/docs/other/4e7fb3a79705860aba0406e13cabc69999bcd10b/repo/2.0.19a/.xml/sinan/sin_task_test.xml"
Reading XML for "/home/pete/wefwefwef/docs/other/4e7fb3a79705860aba0406e13cabc69999bcd10b/repo/2.0.19a/.xml/sinan/sin_task_test.xml"
Generating HTML - sin_task_dialyzer "/home/pete/wefwefwef/docs/other/4e7fb3a79705860aba0406e13cabc69999bcd10b/repo/2.0.19a/.xml/sinan/sin_task_dialyzer.xml"
Reading XML for "/home/pete/wefwefwef/docs/other/4e7fb3a79705860aba0406e13cabc69999bcd10b/repo/2.0.19a/.xml/sinan/sin_task_dialyzer.xml"
Generating HTML - sin_matcher "/home/pete/wefwefwef/docs/other/4e7fb3a79705860aba0406e13cabc69999bcd10b/repo/2.0.19a/.xml/sinan/sin_matcher.xml"
Reading XML for "/home/pete/wefwefwef/docs/other/4e7fb3a79705860aba0406e13cabc69999bcd10b/repo/2.0.19a/.xml/sinan/sin_matcher.xml"
Generating HTML - sin_compile_yrl "/home/pete/wefwefwef/docs/other/4e7fb3a79705860aba0406e13cabc69999bcd10b/repo/2.0.19a/.xml/sinan/sin_compile_yrl.xml"
Reading XML for "/home/pete/wefwefwef/docs/other/4e7fb3a79705860aba0406e13cabc69999bcd10b/repo/2.0.19a/.xml/sinan/sin_compile_yrl.xml"
Reading XML for "/home/pete/wefwefwef/docs/other/4e7fb3a79705860aba0406e13cabc69999bcd10b/repo/2.0.19a/.xml/specs_sin_task_test.xml"
Reading XML for "/home/pete/wefwefwef/docs/other/4e7fb3a79705860aba0406e13cabc69999bcd10b/repo/2.0.19a/.xml/specs_sin_task_dialyzer.xml"
Generating HTML - sin_task_version "/home/pete/wefwefwef/docs/other/4e7fb3a79705860aba0406e13cabc69999bcd10b/repo/2.0.19a/.xml/sinan/sin_task_version.xml"
Reading XML for "/home/pete/wefwefwef/docs/other/4e7fb3a79705860aba0406e13cabc69999bcd10b/repo/2.0.19a/.xml/sinan/sin_task_version.xml"
Reading XML for "/home/pete/wefwefwef/docs/other/4e7fb3a79705860aba0406e13cabc69999bcd10b/repo/2.0.19a/.xml/specs_sin_compile_yrl.xml"
Reading XML for "/home/pete/wefwefwef/docs/other/4e7fb3a79705860aba0406e13cabc69999bcd10b/repo/2.0.19a/.xml/specs_sin_matcher.xml"
Generating HTML - sin_task_dist "/home/pete/wefwefwef/docs/other/4e7fb3a79705860aba0406e13cabc69999bcd10b/repo/2.0.19a/.xml/sinan/sin_task_dist.xml"
Reading XML for "/home/pete/wefwefwef/docs/other/4e7fb3a79705860aba0406e13cabc69999bcd10b/repo/2.0.19a/.xml/sinan/sin_task_dist.xml"
Generating HTML - sin_config "/home/pete/wefwefwef/docs/other/4e7fb3a79705860aba0406e13cabc69999bcd10b/repo/2.0.19a/.xml/sinan/sin_config.xml"
Reading XML for "/home/pete/wefwefwef/docs/other/4e7fb3a79705860aba0406e13cabc69999bcd10b/repo/2.0.19a/.xml/sinan/sin_config.xml"
Generating HTML - sin_release "/home/pete/wefwefwef/docs/other/4e7fb3a79705860aba0406e13cabc69999bcd10b/repo/2.0.19a/.xml/sinan/sin_release.xml"
Reading XML for "/home/pete/wefwefwef/docs/other/4e7fb3a79705860aba0406e13cabc69999bcd10b/repo/2.0.19a/.xml/sinan/sin_release.xml"
Reading XML for "/home/pete/wefwefwef/docs/other/4e7fb3a79705860aba0406e13cabc69999bcd10b/repo/2.0.19a/.xml/specs_sin_task_version.xml"
Generating HTML - sin_task_xref "/home/pete/wefwefwef/docs/other/4e7fb3a79705860aba0406e13cabc69999bcd10b/repo/2.0.19a/.xml/sinan/sin_task_xref.xml"
Reading XML for "/home/pete/wefwefwef/docs/other/4e7fb3a79705860aba0406e13cabc69999bcd10b/repo/2.0.19a/.xml/sinan/sin_task_xref.xml"
Reading XML for "/home/pete/wefwefwef/docs/other/4e7fb3a79705860aba0406e13cabc69999bcd10b/repo/2.0.19a/.xml/specs_sin_task_dist.xml"
Reading XML for "/home/pete/wefwefwef/docs/other/4e7fb3a79705860aba0406e13cabc69999bcd10b/repo/2.0.19a/.xml/specs_sin_release.xml"
Generating HTML - sin_task_doc "/home/pete/wefwefwef/docs/other/4e7fb3a79705860aba0406e13cabc69999bcd10b/repo/2.0.19a/.xml/sinan/sin_task_doc.xml"
Reading XML for "/home/pete/wefwefwef/docs/other/4e7fb3a79705860aba0406e13cabc69999bcd10b/repo/2.0.19a/.xml/sinan/sin_task_doc.xml"
Reading XML for "/home/pete/wefwefwef/docs/other/4e7fb3a79705860aba0406e13cabc69999bcd10b/repo/2.0.19a/.xml/specs_sin_config.xml"
Generating HTML - sin_sig "/home/pete/wefwefwef/docs/other/4e7fb3a79705860aba0406e13cabc69999bcd10b/repo/2.0.19a/.xml/sinan/sin_sig.xml"
Reading XML for "/home/pete/wefwefwef/docs/other/4e7fb3a79705860aba0406e13cabc69999bcd10b/repo/2.0.19a/.xml/sinan/sin_sig.xml"
Reading XML for "/home/pete/wefwefwef/docs/other/4e7fb3a79705860aba0406e13cabc69999bcd10b/repo/2.0.19a/.xml/specs_sin_task_xref.xml"
Generating HTML - sin_test_resolver "/home/pete/wefwefwef/docs/other/4e7fb3a79705860aba0406e13cabc69999bcd10b/repo/2.0.19a/.xml/sinan/sin_test_resolver.xml"
Reading XML for "/home/pete/wefwefwef/docs/other/4e7fb3a79705860aba0406e13cabc69999bcd10b/repo/2.0.19a/.xml/sinan/sin_test_resolver.xml"
Reading XML for "/home/pete/wefwefwef/docs/other/4e7fb3a79705860aba0406e13cabc69999bcd10b/repo/2.0.19a/.xml/specs_sin_task_doc.xml"
Generating HTML - sin_task_erts "/home/pete/wefwefwef/docs/other/4e7fb3a79705860aba0406e13cabc69999bcd10b/repo/2.0.19a/.xml/sinan/sin_task_erts.xml"
Reading XML for "/home/pete/wefwefwef/docs/other/4e7fb3a79705860aba0406e13cabc69999bcd10b/repo/2.0.19a/.xml/sinan/sin_task_erts.xml"
Generating HTML - sin_dep_resolver "/home/pete/wefwefwef/docs/other/4e7fb3a79705860aba0406e13cabc69999bcd10b/repo/2.0.19a/.xml/sinan/sin_dep_resolver.xml"
Reading XML for "/home/pete/wefwefwef/docs/other/4e7fb3a79705860aba0406e13cabc69999bcd10b/repo/2.0.19a/.xml/sinan/sin_dep_resolver.xml"
Reading XML for "/home/pete/wefwefwef/docs/other/4e7fb3a79705860aba0406e13cabc69999bcd10b/repo/2.0.19a/.xml/specs_sin_sig.xml"
Reading XML for "/home/pete/wefwefwef/docs/other/4e7fb3a79705860aba0406e13cabc69999bcd10b/repo/2.0.19a/.xml/specs_sin_test_resolver.xml"
Generating HTML - sin_topo "/home/pete/wefwefwef/docs/other/4e7fb3a79705860aba0406e13cabc69999bcd10b/repo/2.0.19a/.xml/sinan/sin_topo.xml"
Reading XML for "/home/pete/wefwefwef/docs/other/4e7fb3a79705860aba0406e13cabc69999bcd10b/repo/2.0.19a/.xml/sinan/sin_topo.xml"
Generating HTML - sin_skel "/home/pete/wefwefwef/docs/other/4e7fb3a79705860aba0406e13cabc69999bcd10b/repo/2.0.19a/.xml/sinan/sin_skel.xml"
Reading XML for "/home/pete/wefwefwef/docs/other/4e7fb3a79705860aba0406e13cabc69999bcd10b/repo/2.0.19a/.xml/specs_sin_task_erts.xml"
Reading XML for "/home/pete/wefwefwef/docs/other/4e7fb3a79705860aba0406e13cabc69999bcd10b/repo/2.0.19a/.xml/sinan/sin_skel.xml"
Generating HTML - sin_task_escript "/home/pete/wefwefwef/docs/other/4e7fb3a79705860aba0406e13cabc69999bcd10b/repo/2.0.19a/.xml/sinan/sin_task_escript.xml"
Reading XML for "/home/pete/wefwefwef/docs/other/4e7fb3a79705860aba0406e13cabc69999bcd10b/repo/2.0.19a/.xml/sinan/sin_task_escript.xml"
Reading XML for "/home/pete/wefwefwef/docs/other/4e7fb3a79705860aba0406e13cabc69999bcd10b/repo/2.0.19a/.xml/specs_sin_dep_resolver.xml"
Reading XML for "/home/pete/wefwefwef/docs/other/4e7fb3a79705860aba0406e13cabc69999bcd10b/repo/2.0.19a/.xml/specs_sin_topo.xml"
Generating HTML - sin_dep_solver "/home/pete/wefwefwef/docs/other/4e7fb3a79705860aba0406e13cabc69999bcd10b/repo/2.0.19a/.xml/sinan/sin_dep_solver.xml"
Reading XML for "/home/pete/wefwefwef/docs/other/4e7fb3a79705860aba0406e13cabc69999bcd10b/repo/2.0.19a/.xml/sinan/sin_dep_solver.xml"
Generating HTML - sin_utils "/home/pete/wefwefwef/docs/other/4e7fb3a79705860aba0406e13cabc69999bcd10b/repo/2.0.19a/.xml/sinan/sin_utils.xml"
Reading XML for "/home/pete/wefwefwef/docs/other/4e7fb3a79705860aba0406e13cabc69999bcd10b/repo/2.0.19a/.xml/sinan/sin_utils.xml"
Reading XML for "/home/pete/wefwefwef/docs/other/4e7fb3a79705860aba0406e13cabc69999bcd10b/repo/2.0.19a/.xml/specs_sin_skel.xml"
Reading XML for "/home/pete/wefwefwef/docs/other/4e7fb3a79705860aba0406e13cabc69999bcd10b/repo/2.0.19a/.xml/specs_sin_task_escript.xml"
Generating HTML - sin_state "/home/pete/wefwefwef/docs/other/4e7fb3a79705860aba0406e13cabc69999bcd10b/repo/2.0.19a/.xml/sinan/sin_state.xml"
Reading XML for "/home/pete/wefwefwef/docs/other/4e7fb3a79705860aba0406e13cabc69999bcd10b/repo/2.0.19a/.xml/sinan/sin_state.xml"
Generating HTML - sin_task_gen "/home/pete/wefwefwef/docs/other/4e7fb3a79705860aba0406e13cabc69999bcd10b/repo/2.0.19a/.xml/sinan/sin_task_gen.xml"
Reading XML for "/home/pete/wefwefwef/docs/other/4e7fb3a79705860aba0406e13cabc69999bcd10b/repo/2.0.19a/.xml/sinan/sin_task_gen.xml"
Reading XML for "/home/pete/wefwefwef/docs/other/4e7fb3a79705860aba0406e13cabc69999bcd10b/repo/2.0.19a/.xml/specs_sin_dep_solver.xml"
Generating HTML - sin_deps "/home/pete/wefwefwef/docs/other/4e7fb3a79705860aba0406e13cabc69999bcd10b/repo/2.0.19a/.xml/sinan/sin_deps.xml"
Reading XML for "/home/pete/wefwefwef/docs/other/4e7fb3a79705860aba0406e13cabc69999bcd10b/repo/2.0.19a/.xml/sinan/sin_deps.xml"
Reading XML for "/home/pete/wefwefwef/docs/other/4e7fb3a79705860aba0406e13cabc69999bcd10b/repo/2.0.19a/.xml/specs_sin_utils.xml"
Reading XML for "/home/pete/wefwefwef/docs/other/4e7fb3a79705860aba0406e13cabc69999bcd10b/repo/2.0.19a/.xml/specs_sin_state.xml"
Reading XML for "/home/pete/wefwefwef/docs/other/4e7fb3a79705860aba0406e13cabc69999bcd10b/repo/2.0.19a/.xml/specs_sin_task_gen.xml"
Generating HTML - sinan "/home/pete/wefwefwef/docs/other/4e7fb3a79705860aba0406e13cabc69999bcd10b/repo/2.0.19a/.xml/sinan/sinan.xml"
Reading XML for "/home/pete/wefwefwef/docs/other/4e7fb3a79705860aba0406e13cabc69999bcd10b/repo/2.0.19a/.xml/sinan/sinan.xml"
Generating HTML - sin_task_help "/home/pete/wefwefwef/docs/other/4e7fb3a79705860aba0406e13cabc69999bcd10b/repo/2.0.19a/.xml/sinan/sin_task_help.xml"
Reading XML for "/home/pete/wefwefwef/docs/other/4e7fb3a79705860aba0406e13cabc69999bcd10b/repo/2.0.19a/.xml/sinan/sin_task_help.xml"
Generating HTML - sin_task "/home/pete/wefwefwef/docs/other/4e7fb3a79705860aba0406e13cabc69999bcd10b/repo/2.0.19a/.xml/sinan/sin_task.xml"
Reading XML for "/home/pete/wefwefwef/docs/other/4e7fb3a79705860aba0406e13cabc69999bcd10b/repo/2.0.19a/.xml/sinan/sin_task.xml"
Reading XML for "/home/pete/wefwefwef/docs/other/4e7fb3a79705860aba0406e13cabc69999bcd10b/repo/2.0.19a/.xml/specs_sin_deps.xml"
Generating HTML - sin_discover "/home/pete/wefwefwef/docs/other/4e7fb3a79705860aba0406e13cabc69999bcd10b/repo/2.0.19a/.xml/sinan/sin_discover.xml"
Reading XML for "/home/pete/wefwefwef/docs/other/4e7fb3a79705860aba0406e13cabc69999bcd10b/repo/2.0.19a/.xml/sinan/sin_discover.xml"
Reading XML for "/home/pete/wefwefwef/docs/other/4e7fb3a79705860aba0406e13cabc69999bcd10b/repo/2.0.19a/.xml/specs_sinan.xml"
Reading XML for "/home/pete/wefwefwef/docs/other/4e7fb3a79705860aba0406e13cabc69999bcd10b/repo/2.0.19a/.xml/specs_sin_task_help.xml"
Reading XML for "/home/pete/wefwefwef/docs/other/4e7fb3a79705860aba0406e13cabc69999bcd10b/repo/2.0.19a/.xml/specs_sin_task.xml"
Reading XML for "/home/pete/wefwefwef/docs/other/4e7fb3a79705860aba0406e13cabc69999bcd10b/repo/2.0.19a/.xml/specs_sin_discover.xml"
Generating HTML - sin_task_build "/home/pete/wefwefwef/docs/other/4e7fb3a79705860aba0406e13cabc69999bcd10b/repo/2.0.19a/.xml/sinan/sin_task_build.xml"
Reading XML for "/home/pete/wefwefwef/docs/other/4e7fb3a79705860aba0406e13cabc69999bcd10b/repo/2.0.19a/.xml/sinan/sin_task_build.xml"
Generating HTML - sin_exceptions "/home/pete/wefwefwef/docs/other/4e7fb3a79705860aba0406e13cabc69999bcd10b/repo/2.0.19a/.xml/sinan/sin_exceptions.xml"
Reading XML for "/home/pete/wefwefwef/docs/other/4e7fb3a79705860aba0406e13cabc69999bcd10b/repo/2.0.19a/.xml/sinan/sin_exceptions.xml"
Reading XML for "/home/pete/wefwefwef/docs/other/4e7fb3a79705860aba0406e13cabc69999bcd10b/repo/2.0.19a/.xml/specs_sin_task_build.xml"
Reading XML for "/home/pete/wefwefwef/docs/other/4e7fb3a79705860aba0406e13cabc69999bcd10b/repo/2.0.19a/.xml/specs_sin_exceptions.xml"
Generating HTML - sin_file_info "/home/pete/wefwefwef/docs/other/4e7fb3a79705860aba0406e13cabc69999bcd10b/repo/2.0.19a/.xml/sinan/sin_file_info.xml"
Reading XML for "/home/pete/wefwefwef/docs/other/4e7fb3a79705860aba0406e13cabc69999bcd10b/repo/2.0.19a/.xml/sinan/sin_file_info.xml"
Reading XML for "/home/pete/wefwefwef/docs/other/4e7fb3a79705860aba0406e13cabc69999bcd10b/repo/2.0.19a/.xml/specs_sin_file_info.xml"
Generating HTML - sin_fs_resolver "/home/pete/wefwefwef/docs/other/4e7fb3a79705860aba0406e13cabc69999bcd10b/repo/2.0.19a/.xml/sinan/sin_fs_resolver.xml"
Reading XML for "/home/pete/wefwefwef/docs/other/4e7fb3a79705860aba0406e13cabc69999bcd10b/repo/2.0.19a/.xml/sinan/sin_fs_resolver.xml"
Reading XML for "/home/pete/wefwefwef/docs/other/4e7fb3a79705860aba0406e13cabc69999bcd10b/repo/2.0.19a/.xml/specs_sin_fs_resolver.xml"
Creating index.html ...
Creating erldocs_index.js ...
Woot, finished in 0 Minutes 7 Seconds
 :: Discovering other repos
$ cd '.'
$ 5000  `rm -r /home/pete/wefwefwef/docs/other/4e7fb3a79705860aba0406e13cabc69999bcd10b/sinan-tag-2.0.19a`
 :: Finishing up
$ cd '.'
$ 5000  `rm -r /home/pete/wefwefwef/docs/other/4e7fb3a79705860aba0406e13cabc69999bcd10b/sinan`
