 :: Extracting meta information
$ 5000  `git ls-remote --heads --tags 'https://github.com/mad-cocktail/rum'  2>&1`
>>> [repo] 1 branches, 0 tags
 :: Writing meta to "/home/pete/wefwefwef/docs/other/437872656/meta.txt"
 :: Processing https://github.com/mad-cocktail/rum	{rev,branch,"master","b312b0ea552236ace94eb43c691342e65feb84d7"}
 :: Fetching repo code
$ cd "/home/pete/wefwefwef/docs/other/437872656/rum-branch-master/rum"
$ infinity  `curl --fail --silent --show-error --location --output 'master.zip' 'https://github.com/mad-cocktail/rum/archive/master.zip'  2>&1`
$ cd "/home/pete/wefwefwef/docs/erldocs_other.git"
$ cd "/home/pete/wefwefwef/docs/other/437872656/rum-branch-master/rum"
$ 5000  `find -P . -type l -delete  2>&1`
$ cd "/home/pete/wefwefwef/docs/erldocs_other.git"
$ cd "/home/pete/wefwefwef/docs/other/437872656/rum-branch-master/rum"
$ 5000  `find 'rum-master' -mindepth 1 -maxdepth 1 -exec mv -t . -- {} +  2>&1`
$ cd "/home/pete/wefwefwef/docs/erldocs_other.git"
 :: Getting dependencies
$ cd "/home/pete/wefwefwef/docs/other/437872656/rum-branch-master/rum"
$ 5000  `ls -1 deps/  2>&1`
$ cd "/home/pete/wefwefwef/docs/erldocs_other.git"
>>> [rebar] deps = []
 :: Generating erldocs into /home/pete/wefwefwef/docs/other/437872656/repo/master
Building rum
Generating Type Specs - "/home/pete/wefwefwef/docs/other/437872656/rum-branch-master/rum/src/rum.erl"
Generating XML for application rum "/home/pete/wefwefwef/docs/other/437872656/rum-branch-master/rum" -> "/home/pete/wefwefwef/docs/other/437872656/repo/master/.xml/rum"
Generated rum XMLs: ["/home/pete/wefwefwef/docs/other/437872656/repo/master/.xml/rum/rum.xml"]
Generating HTML - rum "/home/pete/wefwefwef/docs/other/437872656/repo/master/.xml/rum/rum.xml"
Reading XML for "/home/pete/wefwefwef/docs/other/437872656/repo/master/.xml/rum/rum.xml"
Reading XML for "/home/pete/wefwefwef/docs/other/437872656/repo/master/.xml/specs_rum.xml"
Creating index.html ...
Creating erldocs_index.js ...
Woot, finished in 0 Minutes 0 Seconds
 :: Discovering other repos
$ 5000  `rm -r '/home/pete/wefwefwef/docs/other/437872656/rum-branch-master'  2>&1`
 :: Erldocs finishing up
$ 5000  `rm -r '/home/pete/wefwefwef/docs/other/437872656/rum'  2>&1`
