 :: Extracting meta information
$ 5000  `git ls-remote --heads --tags 'https://github.com/basho-labs/hierdis'  2>&1`
>>> [repo] 1 branches, 3 tags
 :: Writing meta to "/home/pete/wefwefwef/docs/other/5364871160/meta.txt"
 :: Processing https://github.com/basho-labs/hierdis	{rev,tag,"0.1","89411222b6aaebba0b88a17075c9c598331cabe4"}
 :: Fetching repo code
$ cd "/home/pete/wefwefwef/docs/other/5364871160/hierdis-tag-0.1/hierdis"
$ infinity  `curl --fail --silent --show-error --location --output '0.1.zip' 'https://github.com/basho-labs/hierdis/archive/0.1.zip'  2>&1`
$ cd "/home/pete/wefwefwef/docs/erldocs_other.git"
$ cd "/home/pete/wefwefwef/docs/other/5364871160/hierdis-tag-0.1/hierdis"
$ 5000  `find -P . -type l -delete  2>&1`
$ cd "/home/pete/wefwefwef/docs/erldocs_other.git"
$ cd "/home/pete/wefwefwef/docs/other/5364871160/hierdis-tag-0.1/hierdis"
$ 5000  `find 'hierdis-0.1' -mindepth 1 -maxdepth 1 -exec mv -t . -- {} +  2>&1`
$ cd "/home/pete/wefwefwef/docs/erldocs_other.git"
 :: Getting dependencies
$ cd "/home/pete/wefwefwef/docs/other/5364871160/hierdis-tag-0.1/hierdis"
$ 5000  `ls -1 deps/  2>&1`
$ cd "/home/pete/wefwefwef/docs/erldocs_other.git"
>>> [rebar] deps = []
 :: Generating erldocs into /home/pete/wefwefwef/docs/other/5364871160/repo/0.1
Building hierdis
Generating Type Specs - "/home/pete/wefwefwef/docs/other/5364871160/hierdis-tag-0.1/hierdis/src/hierdis.erl"
Generating XML for application hierdis "/home/pete/wefwefwef/docs/other/5364871160/hierdis-tag-0.1/hierdis" -> "/home/pete/wefwefwef/docs/other/5364871160/repo/0.1/.xml/hierdis"
Generated hierdis XMLs: ["/home/pete/wefwefwef/docs/other/5364871160/repo/0.1/.xml/hierdis/hierdis.xml"]
Generating HTML - hierdis "/home/pete/wefwefwef/docs/other/5364871160/repo/0.1/.xml/hierdis/hierdis.xml"
Reading XML for "/home/pete/wefwefwef/docs/other/5364871160/repo/0.1/.xml/hierdis/hierdis.xml"
Reading XML for "/home/pete/wefwefwef/docs/other/5364871160/repo/0.1/.xml/specs_hierdis.xml"
Creating index.html ...
Creating erldocs_index.js ...
Woot, finished in 0 Minutes 0 Seconds
 :: Discovering other repos
$ 5000  `rm -r '/home/pete/wefwefwef/docs/other/5364871160/hierdis-tag-0.1'  2>&1`
 :: Processing https://github.com/basho-labs/hierdis	{rev,tag,"0.2","fe83b10e3e5c4637228912ce6289e9f092a6349b"}
 :: Fetching repo code
$ cd "/home/pete/wefwefwef/docs/other/5364871160/hierdis-tag-0.2/hierdis"
$ infinity  `curl --fail --silent --show-error --location --output '0.2.zip' 'https://github.com/basho-labs/hierdis/archive/0.2.zip'  2>&1`
$ cd "/home/pete/wefwefwef/docs/erldocs_other.git"
$ cd "/home/pete/wefwefwef/docs/other/5364871160/hierdis-tag-0.2/hierdis"
$ 5000  `find -P . -type l -delete  2>&1`
$ cd "/home/pete/wefwefwef/docs/erldocs_other.git"
$ cd "/home/pete/wefwefwef/docs/other/5364871160/hierdis-tag-0.2/hierdis"
$ 5000  `find 'hierdis-0.2' -mindepth 1 -maxdepth 1 -exec mv -t . -- {} +  2>&1`
$ cd "/home/pete/wefwefwef/docs/erldocs_other.git"
 :: Getting dependencies
$ cd "/home/pete/wefwefwef/docs/other/5364871160/hierdis-tag-0.2/hierdis"
$ 5000  `ls -1 deps/  2>&1`
$ cd "/home/pete/wefwefwef/docs/erldocs_other.git"
>>> [rebar] deps = []
 :: Generating erldocs into /home/pete/wefwefwef/docs/other/5364871160/repo/0.2
Building hierdis
Generating Type Specs - "/home/pete/wefwefwef/docs/other/5364871160/hierdis-tag-0.2/hierdis/src/hierdis.erl"
Generating XML for application hierdis "/home/pete/wefwefwef/docs/other/5364871160/hierdis-tag-0.2/hierdis" -> "/home/pete/wefwefwef/docs/other/5364871160/repo/0.2/.xml/hierdis"
Generated hierdis XMLs: ["/home/pete/wefwefwef/docs/other/5364871160/repo/0.2/.xml/hierdis/hierdis.xml"]
Generating HTML - hierdis "/home/pete/wefwefwef/docs/other/5364871160/repo/0.2/.xml/hierdis/hierdis.xml"
Reading XML for "/home/pete/wefwefwef/docs/other/5364871160/repo/0.2/.xml/hierdis/hierdis.xml"
Reading XML for "/home/pete/wefwefwef/docs/other/5364871160/repo/0.2/.xml/specs_hierdis.xml"
Creating index.html ...
Creating erldocs_index.js ...
Woot, finished in 0 Minutes 0 Seconds
 :: Discovering other repos
$ 5000  `rm -r '/home/pete/wefwefwef/docs/other/5364871160/hierdis-tag-0.2'  2>&1`
 :: Processing https://github.com/basho-labs/hierdis	{rev,tag,"0.2.1","7218c80beb11ccf35a6f6397aa89e5f9b7402abf"}
 :: Fetching repo code
$ cd "/home/pete/wefwefwef/docs/other/5364871160/hierdis-tag-0.2.1/hierdis"
$ infinity  `curl --fail --silent --show-error --location --output '0.2.1.zip' 'https://github.com/basho-labs/hierdis/archive/0.2.1.zip'  2>&1`
$ cd "/home/pete/wefwefwef/docs/erldocs_other.git"
$ cd "/home/pete/wefwefwef/docs/other/5364871160/hierdis-tag-0.2.1/hierdis"
$ 5000  `find -P . -type l -delete  2>&1`
$ cd "/home/pete/wefwefwef/docs/erldocs_other.git"
$ cd "/home/pete/wefwefwef/docs/other/5364871160/hierdis-tag-0.2.1/hierdis"
$ 5000  `find 'hierdis-0.2.1' -mindepth 1 -maxdepth 1 -exec mv -t . -- {} +  2>&1`
$ cd "/home/pete/wefwefwef/docs/erldocs_other.git"
 :: Getting dependencies
$ cd "/home/pete/wefwefwef/docs/other/5364871160/hierdis-tag-0.2.1/hierdis"
$ 5000  `ls -1 deps/  2>&1`
$ cd "/home/pete/wefwefwef/docs/erldocs_other.git"
>>> [rebar] deps = []
 :: Generating erldocs into /home/pete/wefwefwef/docs/other/5364871160/repo/0.2.1
Building hierdis
Generating Type Specs - "/home/pete/wefwefwef/docs/other/5364871160/hierdis-tag-0.2.1/hierdis/src/basho_bench_driver_hierdis.erl"
Generating Type Specs - "/home/pete/wefwefwef/docs/other/5364871160/hierdis-tag-0.2.1/hierdis/src/hierdis.erl"
Generating XML for application hierdis "/home/pete/wefwefwef/docs/other/5364871160/hierdis-tag-0.2.1/hierdis" -> "/home/pete/wefwefwef/docs/other/5364871160/repo/0.2.1/.xml/hierdis"
Generated hierdis XMLs: ["/home/pete/wefwefwef/docs/other/5364871160/repo/0.2.1/.xml/hierdis/basho_bench_driver_hierdis.xml",
                         "/home/pete/wefwefwef/docs/other/5364871160/repo/0.2.1/.xml/hierdis/hierdis.xml"]
Generating HTML - hierdis "/home/pete/wefwefwef/docs/other/5364871160/repo/0.2.1/.xml/hierdis/hierdis.xml"
Reading XML for "/home/pete/wefwefwef/docs/other/5364871160/repo/0.2.1/.xml/hierdis/hierdis.xml"
Reading XML for "/home/pete/wefwefwef/docs/other/5364871160/repo/0.2.1/.xml/specs_hierdis.xml"
Generating HTML - basho_bench_driver_hierdis "/home/pete/wefwefwef/docs/other/5364871160/repo/0.2.1/.xml/hierdis/basho_bench_driver_hierdis.xml"
Reading XML for "/home/pete/wefwefwef/docs/other/5364871160/repo/0.2.1/.xml/hierdis/basho_bench_driver_hierdis.xml"
Reading XML for "/home/pete/wefwefwef/docs/other/5364871160/repo/0.2.1/.xml/specs_basho_bench_driver_hierdis.xml"
Creating index.html ...
Creating erldocs_index.js ...
Woot, finished in 0 Minutes 0 Seconds
 :: Discovering other repos
$ 5000  `rm -r '/home/pete/wefwefwef/docs/other/5364871160/hierdis-tag-0.2.1'  2>&1`
 :: Processing https://github.com/basho-labs/hierdis	{rev,branch,"master","7218c80beb11ccf35a6f6397aa89e5f9b7402abf"}
 :: Fetching repo code
$ cd "/home/pete/wefwefwef/docs/other/5364871160/hierdis-branch-master/hierdis"
$ infinity  `curl --fail --silent --show-error --location --output 'master.zip' 'https://github.com/basho-labs/hierdis/archive/master.zip'  2>&1`
$ cd "/home/pete/wefwefwef/docs/erldocs_other.git"
$ cd "/home/pete/wefwefwef/docs/other/5364871160/hierdis-branch-master/hierdis"
$ 5000  `find -P . -type l -delete  2>&1`
$ cd "/home/pete/wefwefwef/docs/erldocs_other.git"
$ cd "/home/pete/wefwefwef/docs/other/5364871160/hierdis-branch-master/hierdis"
$ 5000  `find 'hierdis-master' -mindepth 1 -maxdepth 1 -exec mv -t . -- {} +  2>&1`
$ cd "/home/pete/wefwefwef/docs/erldocs_other.git"
 :: Getting dependencies
$ cd "/home/pete/wefwefwef/docs/other/5364871160/hierdis-branch-master/hierdis"
$ 5000  `ls -1 deps/  2>&1`
$ cd "/home/pete/wefwefwef/docs/erldocs_other.git"
>>> [rebar] deps = []
 :: Generating erldocs into /home/pete/wefwefwef/docs/other/5364871160/repo/master
Building hierdis
Generating Type Specs - "/home/pete/wefwefwef/docs/other/5364871160/hierdis-branch-master/hierdis/src/basho_bench_driver_hierdis.erl"
Generating Type Specs - "/home/pete/wefwefwef/docs/other/5364871160/hierdis-branch-master/hierdis/src/hierdis.erl"
Generating XML for application hierdis "/home/pete/wefwefwef/docs/other/5364871160/hierdis-branch-master/hierdis" -> "/home/pete/wefwefwef/docs/other/5364871160/repo/master/.xml/hierdis"
Generated hierdis XMLs: ["/home/pete/wefwefwef/docs/other/5364871160/repo/master/.xml/hierdis/basho_bench_driver_hierdis.xml",
                         "/home/pete/wefwefwef/docs/other/5364871160/repo/master/.xml/hierdis/hierdis.xml"]
Generating HTML - hierdis "/home/pete/wefwefwef/docs/other/5364871160/repo/master/.xml/hierdis/hierdis.xml"
Reading XML for "/home/pete/wefwefwef/docs/other/5364871160/repo/master/.xml/hierdis/hierdis.xml"
Reading XML for "/home/pete/wefwefwef/docs/other/5364871160/repo/master/.xml/specs_hierdis.xml"
Generating HTML - basho_bench_driver_hierdis "/home/pete/wefwefwef/docs/other/5364871160/repo/master/.xml/hierdis/basho_bench_driver_hierdis.xml"
Reading XML for "/home/pete/wefwefwef/docs/other/5364871160/repo/master/.xml/hierdis/basho_bench_driver_hierdis.xml"
Reading XML for "/home/pete/wefwefwef/docs/other/5364871160/repo/master/.xml/specs_basho_bench_driver_hierdis.xml"
Creating index.html ...
Creating erldocs_index.js ...
Woot, finished in 0 Minutes 0 Seconds
 :: Discovering other repos
$ 5000  `rm -r '/home/pete/wefwefwef/docs/other/5364871160/hierdis-branch-master'  2>&1`
 :: Erldocs finishing up
$ 5000  `rm -r '/home/pete/wefwefwef/docs/other/5364871160/hierdis'  2>&1`
