 :: Extracting meta information
$ 5000  `git ls-remote --heads --tags 'https://github.com/ks/uax'  2>&1`
>>> [repo] 1 branches, 0 tags
 :: Writing meta to "/home/pete/wefwefwef/docs/other/2183838299/meta.txt"
 :: Processing https://github.com/ks/uax	{rev,branch,"master","2490b89d98809942ee96c063ae9d494a6caed7da",undefined,[],[]}
 :: Fetching repo code
$ cd "/home/pete/wefwefwef/docs/other/2183838299/uax-branch-master/uax"
$ infinity  `curl --fail --silent --show-error --location --output 'master.zip' 'https://github.com/ks/uax/archive/master.zip'  2>&1`
$ cd "/home/pete/wefwefwef/docs/erldocs_other.git"
$ cd "/home/pete/wefwefwef/docs/other/2183838299/uax-branch-master/uax"
$ 5000  `find -P . -type l -delete  2>&1`
$ cd "/home/pete/wefwefwef/docs/erldocs_other.git"
$ cd "/home/pete/wefwefwef/docs/other/2183838299/uax-branch-master/uax"
$ 5000  `find 'uax-master' -mindepth 1 -maxdepth 1 -exec mv -t . -- {} +  2>&1`
$ cd "/home/pete/wefwefwef/docs/erldocs_other.git"
 :: Getting dependencies
$ cd "/home/pete/wefwefwef/docs/other/2183838299/uax-branch-master/uax"
$ 5000  `ls -1 deps/  2>&1`
$ cd "/home/pete/wefwefwef/docs/erldocs_other.git"
>>> [rebar] deps = []
 :: Generating erldocs into /home/pete/wefwefwef/docs/other/2183838299/repo/master
Building uax
Generating Type Specs - "/home/pete/wefwefwef/docs/other/2183838299/uax-branch-master/uax/src/uax.erl"
Generating Type Specs - "/home/pete/wefwefwef/docs/other/2183838299/uax-branch-master/uax/src/uax_do.erl"
Generating Type Specs - "/home/pete/wefwefwef/docs/other/2183838299/uax-branch-master/uax/src/uax_fold.erl"
Generating Type Specs - "/home/pete/wefwefwef/docs/other/2183838299/uax-branch-master/uax/src/uax_test.erl"
Generating Type Specs - "/home/pete/wefwefwef/docs/other/2183838299/uax-branch-master/uax/src/uax_util.erl"
Generating Type Specs - "/home/pete/wefwefwef/docs/other/2183838299/uax-branch-master/uax/src/uaxc.erl"
Generating Type Specs - "/home/pete/wefwefwef/docs/other/2183838299/uax-branch-master/uax/src/uaxc_del.erl"
Generating Type Specs - "/home/pete/wefwefwef/docs/other/2183838299/uax-branch-master/uax/src/uaxc_get.erl"
Generating Type Specs - "/home/pete/wefwefwef/docs/other/2183838299/uax-branch-master/uax/src/uaxc_iter.erl"
Generating Type Specs - "/home/pete/wefwefwef/docs/other/2183838299/uax-branch-master/uax/src/uaxc_new.erl"
Generating Type Specs - "/home/pete/wefwefwef/docs/other/2183838299/uax-branch-master/uax/src/uaxc_put.erl"
Generating Type Specs - "/home/pete/wefwefwef/docs/other/2183838299/uax-branch-master/uax/src/uaximpl.erl"
Generating Type Specs - "/home/pete/wefwefwef/docs/other/2183838299/uax-branch-master/uax/src/uaximpl_array.erl"
Generating Type Specs - "/home/pete/wefwefwef/docs/other/2183838299/uax-branch-master/uax/src/uaximpl_dict.erl"
Generating Type Specs - "/home/pete/wefwefwef/docs/other/2183838299/uax-branch-master/uax/src/uaximpl_gb_tree.erl"
Generating Type Specs - "/home/pete/wefwefwef/docs/other/2183838299/uax-branch-master/uax/src/uaximpl_kvlist.erl"
Generating Type Specs - "/home/pete/wefwefwef/docs/other/2183838299/uax-branch-master/uax/src/uaximpl_list.erl"
Generating Type Specs - "/home/pete/wefwefwef/docs/other/2183838299/uax-branch-master/uax/src/uaximpl_orddict.erl"
Generating Type Specs - "/home/pete/wefwefwef/docs/other/2183838299/uax-branch-master/uax/src/uaximpl_proplist.erl"
Generating Type Specs - "/home/pete/wefwefwef/docs/other/2183838299/uax-branch-master/uax/src/uaximpl_tuple.erl"
Generating XML for application uax "/home/pete/wefwefwef/docs/other/2183838299/uax-branch-master/uax" -> "/home/pete/wefwefwef/docs/other/2183838299/repo/master/.xml/uax"
/home/pete/wefwefwef/docs/other/2183838299/uax-branch-master/uax/src/uaximpl.erl, in module footer: at line 10: tag @doc not allowed here.
/home/pete/wefwefwef/docs/other/2183838299/uax-branch-master/uax/src/uaximpl.erl, in module footer: at line 18: multiple @doc tag.
/home/pete/wefwefwef/docs/other/2183838299/uax-branch-master/uax/src/uaximpl.erl, in module footer: at line 23: multiple @doc tag.
/home/pete/wefwefwef/docs/other/2183838299/uax-branch-master/uax/src/uaximpl.erl, in module footer: at line 26: multiple @doc tag.
/home/pete/wefwefwef/docs/other/2183838299/uax-branch-master/uax/src/uaximpl.erl, in module footer: at line 30: multiple @doc tag.
/home/pete/wefwefwef/docs/other/2183838299/uax-branch-master/uax/src/uaximpl.erl, in module footer: at line 34: multiple @doc tag.
/home/pete/wefwefwef/docs/other/2183838299/uax-branch-master/uax/src/uaximpl.erl, in module footer: at line 38: multiple @doc tag.
/home/pete/wefwefwef/docs/other/2183838299/uax-branch-master/uax/src/uaximpl.erl, in module footer: at line 42: multiple @doc tag.
/home/pete/wefwefwef/docs/other/2183838299/uax-branch-master/uax/src/uaximpl.erl, in module footer: at line 46: multiple @doc tag.
edoc: skipping source file '/home/pete/wefwefwef/docs/other/2183838299/uax-branch-master/uax/src/uaximpl.erl': {'EXIT',
                                                                                                          error}.
edoc: error in doclet 'edoc_doclet': {'EXIT',error}.
Error generating uax XMLs. Using fallback ...
Generating XML uax - uax "/home/pete/wefwefwef/docs/other/2183838299/uax-branch-master/uax/src/uax.erl" -> "/home/pete/wefwefwef/docs/other/2183838299/repo/master/.xml/uax/uax.xml"
Generating XML uax - uax_do "/home/pete/wefwefwef/docs/other/2183838299/uax-branch-master/uax/src/uax_do.erl" -> "/home/pete/wefwefwef/docs/other/2183838299/repo/master/.xml/uax/uax_do.xml"
Generating XML uax - uax_fold "/home/pete/wefwefwef/docs/other/2183838299/uax-branch-master/uax/src/uax_fold.erl" -> "/home/pete/wefwefwef/docs/other/2183838299/repo/master/.xml/uax/uax_fold.xml"
Generating XML uax - uax_test "/home/pete/wefwefwef/docs/other/2183838299/uax-branch-master/uax/src/uax_test.erl" -> "/home/pete/wefwefwef/docs/other/2183838299/repo/master/.xml/uax/uax_test.xml"
Generating XML uax - uax_util "/home/pete/wefwefwef/docs/other/2183838299/uax-branch-master/uax/src/uax_util.erl" -> "/home/pete/wefwefwef/docs/other/2183838299/repo/master/.xml/uax/uax_util.xml"
Generating XML uax - uaxc "/home/pete/wefwefwef/docs/other/2183838299/uax-branch-master/uax/src/uaxc.erl" -> "/home/pete/wefwefwef/docs/other/2183838299/repo/master/.xml/uax/uaxc.xml"
Generating XML uax - uaxc_del "/home/pete/wefwefwef/docs/other/2183838299/uax-branch-master/uax/src/uaxc_del.erl" -> "/home/pete/wefwefwef/docs/other/2183838299/repo/master/.xml/uax/uaxc_del.xml"
Generating XML uax - uaxc_get "/home/pete/wefwefwef/docs/other/2183838299/uax-branch-master/uax/src/uaxc_get.erl" -> "/home/pete/wefwefwef/docs/other/2183838299/repo/master/.xml/uax/uaxc_get.xml"
Generating XML uax - uaxc_iter "/home/pete/wefwefwef/docs/other/2183838299/uax-branch-master/uax/src/uaxc_iter.erl" -> "/home/pete/wefwefwef/docs/other/2183838299/repo/master/.xml/uax/uaxc_iter.xml"
Generating XML uax - uaxc_new "/home/pete/wefwefwef/docs/other/2183838299/uax-branch-master/uax/src/uaxc_new.erl" -> "/home/pete/wefwefwef/docs/other/2183838299/repo/master/.xml/uax/uaxc_new.xml"
Generating XML uax - uaxc_put "/home/pete/wefwefwef/docs/other/2183838299/uax-branch-master/uax/src/uaxc_put.erl" -> "/home/pete/wefwefwef/docs/other/2183838299/repo/master/.xml/uax/uaxc_put.xml"
Generating XML uax - uaximpl "/home/pete/wefwefwef/docs/other/2183838299/uax-branch-master/uax/src/uaximpl.erl" -> "/home/pete/wefwefwef/docs/other/2183838299/repo/master/.xml/uax/uaximpl.xml"
/home/pete/wefwefwef/docs/other/2183838299/uax-branch-master/uax/src/uaximpl.erl, in module footer: at line 10: tag @doc not allowed here.
/home/pete/wefwefwef/docs/other/2183838299/uax-branch-master/uax/src/uaximpl.erl, in module footer: at line 18: multiple @doc tag.
/home/pete/wefwefwef/docs/other/2183838299/uax-branch-master/uax/src/uaximpl.erl, in module footer: at line 23: multiple @doc tag.
/home/pete/wefwefwef/docs/other/2183838299/uax-branch-master/uax/src/uaximpl.erl, in module footer: at line 26: multiple @doc tag.
/home/pete/wefwefwef/docs/other/2183838299/uax-branch-master/uax/src/uaximpl.erl, in module footer: at line 30: multiple @doc tag.
/home/pete/wefwefwef/docs/other/2183838299/uax-branch-master/uax/src/uaximpl.erl, in module footer: at line 34: multiple @doc tag.
/home/pete/wefwefwef/docs/other/2183838299/uax-branch-master/uax/src/uaximpl.erl, in module footer: at line 38: multiple @doc tag.
/home/pete/wefwefwef/docs/other/2183838299/uax-branch-master/uax/src/uaximpl.erl, in module footer: at line 42: multiple @doc tag.
/home/pete/wefwefwef/docs/other/2183838299/uax-branch-master/uax/src/uaximpl.erl, in module footer: at line 46: multiple @doc tag.
Error generating XML ("/home/pete/wefwefwef/docs/other/2183838299/uax-branch-master/uax/src/uaximpl.erl"): {'EXIT',
                                                                                                            error}
Generating XML uax - uaximpl_array "/home/pete/wefwefwef/docs/other/2183838299/uax-branch-master/uax/src/uaximpl_array.erl" -> "/home/pete/wefwefwef/docs/other/2183838299/repo/master/.xml/uax/uaximpl_array.xml"
Generating XML uax - uaximpl_dict "/home/pete/wefwefwef/docs/other/2183838299/uax-branch-master/uax/src/uaximpl_dict.erl" -> "/home/pete/wefwefwef/docs/other/2183838299/repo/master/.xml/uax/uaximpl_dict.xml"
Generating XML uax - uaximpl_gb_tree "/home/pete/wefwefwef/docs/other/2183838299/uax-branch-master/uax/src/uaximpl_gb_tree.erl" -> "/home/pete/wefwefwef/docs/other/2183838299/repo/master/.xml/uax/uaximpl_gb_tree.xml"
Generating XML uax - uaximpl_kvlist "/home/pete/wefwefwef/docs/other/2183838299/uax-branch-master/uax/src/uaximpl_kvlist.erl" -> "/home/pete/wefwefwef/docs/other/2183838299/repo/master/.xml/uax/uaximpl_kvlist.xml"
Generating XML uax - uaximpl_list "/home/pete/wefwefwef/docs/other/2183838299/uax-branch-master/uax/src/uaximpl_list.erl" -> "/home/pete/wefwefwef/docs/other/2183838299/repo/master/.xml/uax/uaximpl_list.xml"
Generating XML uax - uaximpl_orddict "/home/pete/wefwefwef/docs/other/2183838299/uax-branch-master/uax/src/uaximpl_orddict.erl" -> "/home/pete/wefwefwef/docs/other/2183838299/repo/master/.xml/uax/uaximpl_orddict.xml"
Generating XML uax - uaximpl_proplist "/home/pete/wefwefwef/docs/other/2183838299/uax-branch-master/uax/src/uaximpl_proplist.erl" -> "/home/pete/wefwefwef/docs/other/2183838299/repo/master/.xml/uax/uaximpl_proplist.xml"
Generating XML uax - uaximpl_tuple "/home/pete/wefwefwef/docs/other/2183838299/uax-branch-master/uax/src/uaximpl_tuple.erl" -> "/home/pete/wefwefwef/docs/other/2183838299/repo/master/.xml/uax/uaximpl_tuple.xml"
Generating HTML - uaximpl_list "/home/pete/wefwefwef/docs/other/2183838299/repo/master/.xml/uax/uaximpl_list.xml"
Generating HTML - uaximpl_array "/home/pete/wefwefwef/docs/other/2183838299/repo/master/.xml/uax/uaximpl_array.xml"
Generating HTML - uaxc_get "/home/pete/wefwefwef/docs/other/2183838299/repo/master/.xml/uax/uaxc_get.xml"
Generating HTML - uax "/home/pete/wefwefwef/docs/other/2183838299/repo/master/.xml/uax/uax.xml"
Reading XML for "/home/pete/wefwefwef/docs/other/2183838299/repo/master/.xml/uax/uaximpl_list.xml"
Reading XML for "/home/pete/wefwefwef/docs/other/2183838299/repo/master/.xml/uax/uaximpl_array.xml"
Reading XML for "/home/pete/wefwefwef/docs/other/2183838299/repo/master/.xml/uax/uaxc_get.xml"
Reading XML for "/home/pete/wefwefwef/docs/other/2183838299/repo/master/.xml/uax/uax.xml"
Reading XML for "/home/pete/wefwefwef/docs/other/2183838299/repo/master/.xml/specs_uaximpl_list.xml"
Reading XML for "/home/pete/wefwefwef/docs/other/2183838299/repo/master/.xml/specs_uaximpl_array.xml"
Reading XML for "/home/pete/wefwefwef/docs/other/2183838299/repo/master/.xml/specs_uaxc_get.xml"
Generating HTML - uaximpl_orddict "/home/pete/wefwefwef/docs/other/2183838299/repo/master/.xml/uax/uaximpl_orddict.xml"
Reading XML for "/home/pete/wefwefwef/docs/other/2183838299/repo/master/.xml/uax/uaximpl_orddict.xml"
Generating HTML - uaximpl_dict "/home/pete/wefwefwef/docs/other/2183838299/repo/master/.xml/uax/uaximpl_dict.xml"
Generating HTML - uaxc_iter "/home/pete/wefwefwef/docs/other/2183838299/repo/master/.xml/uax/uaxc_iter.xml"
Reading XML for "/home/pete/wefwefwef/docs/other/2183838299/repo/master/.xml/uax/uaximpl_dict.xml"
Reading XML for "/home/pete/wefwefwef/docs/other/2183838299/repo/master/.xml/uax/uaxc_iter.xml"
Reading XML for "/home/pete/wefwefwef/docs/other/2183838299/repo/master/.xml/specs_uax.xml"
Generating HTML - uax_do "/home/pete/wefwefwef/docs/other/2183838299/repo/master/.xml/uax/uax_do.xml"
Reading XML for "/home/pete/wefwefwef/docs/other/2183838299/repo/master/.xml/uax/uax_do.xml"
Reading XML for "/home/pete/wefwefwef/docs/other/2183838299/repo/master/.xml/specs_uaximpl_orddict.xml"
Reading XML for "/home/pete/wefwefwef/docs/other/2183838299/repo/master/.xml/specs_uaxc_iter.xml"
Reading XML for "/home/pete/wefwefwef/docs/other/2183838299/repo/master/.xml/specs_uaximpl_dict.xml"
Generating HTML - uaxc_new "/home/pete/wefwefwef/docs/other/2183838299/repo/master/.xml/uax/uaxc_new.xml"
Generating HTML - uaximpl_proplist "/home/pete/wefwefwef/docs/other/2183838299/repo/master/.xml/uax/uaximpl_proplist.xml"
Reading XML for "/home/pete/wefwefwef/docs/other/2183838299/repo/master/.xml/uax/uaxc_new.xml"
Reading XML for "/home/pete/wefwefwef/docs/other/2183838299/repo/master/.xml/uax/uaximpl_proplist.xml"
Generating HTML - uaximpl_gb_tree "/home/pete/wefwefwef/docs/other/2183838299/repo/master/.xml/uax/uaximpl_gb_tree.xml"
Reading XML for "/home/pete/wefwefwef/docs/other/2183838299/repo/master/.xml/uax/uaximpl_gb_tree.xml"
Reading XML for "/home/pete/wefwefwef/docs/other/2183838299/repo/master/.xml/specs_uax_do.xml"
Generating HTML - uax_fold "/home/pete/wefwefwef/docs/other/2183838299/repo/master/.xml/uax/uax_fold.xml"
Reading XML for "/home/pete/wefwefwef/docs/other/2183838299/repo/master/.xml/uax/uax_fold.xml"
Reading XML for "/home/pete/wefwefwef/docs/other/2183838299/repo/master/.xml/specs_uaxc_new.xml"
Reading XML for "/home/pete/wefwefwef/docs/other/2183838299/repo/master/.xml/specs_uaximpl_proplist.xml"
Generating HTML - uaxc_put "/home/pete/wefwefwef/docs/other/2183838299/repo/master/.xml/uax/uaxc_put.xml"
Reading XML for "/home/pete/wefwefwef/docs/other/2183838299/repo/master/.xml/uax/uaxc_put.xml"
Generating HTML - uaximpl_tuple "/home/pete/wefwefwef/docs/other/2183838299/repo/master/.xml/uax/uaximpl_tuple.xml"
Reading XML for "/home/pete/wefwefwef/docs/other/2183838299/repo/master/.xml/uax/uaximpl_tuple.xml"
Reading XML for "/home/pete/wefwefwef/docs/other/2183838299/repo/master/.xml/specs_uaximpl_gb_tree.xml"
Reading XML for "/home/pete/wefwefwef/docs/other/2183838299/repo/master/.xml/specs_uax_fold.xml"
Generating HTML - uaximpl_kvlist "/home/pete/wefwefwef/docs/other/2183838299/repo/master/.xml/uax/uaximpl_kvlist.xml"
Reading XML for "/home/pete/wefwefwef/docs/other/2183838299/repo/master/.xml/uax/uaximpl_kvlist.xml"
Generating HTML - uax_test "/home/pete/wefwefwef/docs/other/2183838299/repo/master/.xml/uax/uax_test.xml"
Reading XML for "/home/pete/wefwefwef/docs/other/2183838299/repo/master/.xml/uax/uax_test.xml"
Reading XML for "/home/pete/wefwefwef/docs/other/2183838299/repo/master/.xml/specs_uaxc_put.xml"
Reading XML for "/home/pete/wefwefwef/docs/other/2183838299/repo/master/.xml/specs_uaximpl_tuple.xml"
Reading XML for "/home/pete/wefwefwef/docs/other/2183838299/repo/master/.xml/specs_uaximpl_kvlist.xml"
Reading XML for "/home/pete/wefwefwef/docs/other/2183838299/repo/master/.xml/specs_uax_test.xml"
Generating HTML - uax_util "/home/pete/wefwefwef/docs/other/2183838299/repo/master/.xml/uax/uax_util.xml"
Reading XML for "/home/pete/wefwefwef/docs/other/2183838299/repo/master/.xml/uax/uax_util.xml"
Reading XML for "/home/pete/wefwefwef/docs/other/2183838299/repo/master/.xml/specs_uax_util.xml"
Generating HTML - uaxc "/home/pete/wefwefwef/docs/other/2183838299/repo/master/.xml/uax/uaxc.xml"
Reading XML for "/home/pete/wefwefwef/docs/other/2183838299/repo/master/.xml/uax/uaxc.xml"
Reading XML for "/home/pete/wefwefwef/docs/other/2183838299/repo/master/.xml/specs_uaxc.xml"
Generating HTML - uaxc_del "/home/pete/wefwefwef/docs/other/2183838299/repo/master/.xml/uax/uaxc_del.xml"
Reading XML for "/home/pete/wefwefwef/docs/other/2183838299/repo/master/.xml/uax/uaxc_del.xml"
Reading XML for "/home/pete/wefwefwef/docs/other/2183838299/repo/master/.xml/specs_uaxc_del.xml"
Creating index.html ...
Creating erldocs_index.js ...
Woot, finished in 0 Minutes 3 Seconds
 :: Discovering other repos
$ 5000  `rm -r '/home/pete/wefwefwef/docs/other/2183838299/uax-branch-master'  2>&1`
 :: Finishing up
$ 5000  `rm -r '/home/pete/wefwefwef/docs/other/2183838299/uax'  2>&1`
