 :: Extracting meta information
$ 5000  `git ls-remote --heads --tags 'https://github.com/alexeyr/erlang-sqlite3'  2>&1`
>>> [repo] 8 branches, 7 tags
 :: Writing meta to "/home/pete/wefwefwef/docs/other/2174523473/meta.txt"
 :: Processing https://github.com/alexeyr/erlang-sqlite3	{rev,tag,"v1.0","6383713680a1a9ed1f88e99bed4e2fa326263671",undefined,[],[]}
 :: Fetching repo code
$ cd "/home/pete/wefwefwef/docs/other/2174523473/erlang-sqlite3-tag-v1.0/erlang-sqlite3"
$ infinity  `curl --fail --silent --show-error --location --output 'v1.0.zip' 'https://github.com/alexeyr/erlang-sqlite3/archive/v1.0.zip'  2>&1`
$ cd "/home/pete/wefwefwef/docs/erldocs_other.git"
$ cd "/home/pete/wefwefwef/docs/other/2174523473/erlang-sqlite3-tag-v1.0/erlang-sqlite3"
$ 5000  `find -P . -type l -delete  2>&1`
$ cd "/home/pete/wefwefwef/docs/erldocs_other.git"
$ cd "/home/pete/wefwefwef/docs/other/2174523473/erlang-sqlite3-tag-v1.0/erlang-sqlite3"
$ 5000  `find 'erlang-sqlite3-1.0' -mindepth 1 -maxdepth 1 -exec mv -t . -- {} +  2>&1`
$ cd "/home/pete/wefwefwef/docs/erldocs_other.git"
 :: Getting dependencies
$ cd "/home/pete/wefwefwef/docs/other/2174523473/erlang-sqlite3-tag-v1.0/erlang-sqlite3"
$ 5000  `ls -1 deps/  2>&1`
$ cd "/home/pete/wefwefwef/docs/erldocs_other.git"
>>> [rebar] deps = []
 :: Generating erldocs into /home/pete/wefwefwef/docs/other/2174523473/repo/v1.0
Building erlang-sqlite3
Generating Type Specs - "/home/pete/wefwefwef/docs/other/2174523473/erlang-sqlite3-tag-v1.0/erlang-sqlite3/test.erl"
/home/pete/wefwefwef/docs/other/2174523473/erlang-sqlite3-tag-v1.0/erlang-sqlite3/test.erl: at line 1: syntax error before: '#'
EDoc could not process file '/home/pete/wefwefwef/docs/other/2174523473/erlang-sqlite3-tag-v1.0/erlang-sqlite3/test.erl'
Error generating type specs for "/home/pete/wefwefwef/docs/other/2174523473/erlang-sqlite3-tag-v1.0/erlang-sqlite3/test.erl"
Generating Type Specs - "/home/pete/wefwefwef/docs/other/2174523473/erlang-sqlite3-tag-v1.0/erlang-sqlite3/src/sqlite3.erl"
Generating Type Specs - "/home/pete/wefwefwef/docs/other/2174523473/erlang-sqlite3-tag-v1.0/erlang-sqlite3/src/sqlite3_lib.erl"
Generating XML for application erlang-sqlite3 "/home/pete/wefwefwef/docs/other/2174523473/erlang-sqlite3-tag-v1.0/erlang-sqlite3" -> "/home/pete/wefwefwef/docs/other/2174523473/repo/v1.0/.xml/erlang-sqlite3"
/home/pete/wefwefwef/docs/other/2174523473/erlang-sqlite3-tag-v1.0/erlang-sqlite3/src/sqlite3.erl, function update/3: at line 336: @spec arity does not match.
edoc: skipping source file '/home/pete/wefwefwef/docs/other/2174523473/erlang-sqlite3-tag-v1.0/erlang-sqlite3/src/sqlite3.erl': {'EXIT',
                                                                                                                           error}.
edoc: error in doclet 'edoc_doclet': {'EXIT',error}.
Error generating erlang-sqlite3 XMLs. Using fallback ...
Generating XML erlang-sqlite3 - test "/home/pete/wefwefwef/docs/other/2174523473/erlang-sqlite3-tag-v1.0/erlang-sqlite3/test.erl" -> "/home/pete/wefwefwef/docs/other/2174523473/repo/v1.0/.xml/erlang-sqlite3/test.xml"
/home/pete/wefwefwef/docs/other/2174523473/erlang-sqlite3-tag-v1.0/erlang-sqlite3/test.erl: at line 1: syntax error before: '#'
Error generating XML ("/home/pete/wefwefwef/docs/other/2174523473/erlang-sqlite3-tag-v1.0/erlang-sqlite3/test.erl"): {'EXIT',
                                                                                                                      error}
Generating XML erlang-sqlite3 - sqlite3 "/home/pete/wefwefwef/docs/other/2174523473/erlang-sqlite3-tag-v1.0/erlang-sqlite3/src/sqlite3.erl" -> "/home/pete/wefwefwef/docs/other/2174523473/repo/v1.0/.xml/erlang-sqlite3/sqlite3.xml"
/home/pete/wefwefwef/docs/other/2174523473/erlang-sqlite3-tag-v1.0/erlang-sqlite3/src/sqlite3.erl, function update/3: at line 336: @spec arity does not match.
Error generating XML ("/home/pete/wefwefwef/docs/other/2174523473/erlang-sqlite3-tag-v1.0/erlang-sqlite3/src/sqlite3.erl"): {'EXIT',
                                                                                                                             error}
Generating XML erlang-sqlite3 - sqlite3_lib "/home/pete/wefwefwef/docs/other/2174523473/erlang-sqlite3-tag-v1.0/erlang-sqlite3/src/sqlite3_lib.erl" -> "/home/pete/wefwefwef/docs/other/2174523473/repo/v1.0/.xml/erlang-sqlite3/sqlite3_lib.xml"
Generating HTML - sqlite3_lib "/home/pete/wefwefwef/docs/other/2174523473/repo/v1.0/.xml/erlang-sqlite3/sqlite3_lib.xml"
Reading XML for "/home/pete/wefwefwef/docs/other/2174523473/repo/v1.0/.xml/erlang-sqlite3/sqlite3_lib.xml"
Reading XML for "/home/pete/wefwefwef/docs/other/2174523473/repo/v1.0/.xml/specs_sqlite3_lib.xml"
Creating index.html ...
Creating erldocs_index.js ...
Woot, finished in 0 Minutes 0 Seconds
 :: Discovering other repos
$ 5000  `rm -r '/home/pete/wefwefwef/docs/other/2174523473/erlang-sqlite3-tag-v1.0'  2>&1`
 :: Processing https://github.com/alexeyr/erlang-sqlite3	{rev,tag,"v1.0.1","24e5ddb88f86c4a9d5bf2bd84e9f36410c1a9766",undefined,[],[]}
 :: Fetching repo code
$ cd "/home/pete/wefwefwef/docs/other/2174523473/erlang-sqlite3-tag-v1.0.1/erlang-sqlite3"
$ infinity  `curl --fail --silent --show-error --location --output 'v1.0.1.zip' 'https://github.com/alexeyr/erlang-sqlite3/archive/v1.0.1.zip'  2>&1`
$ cd "/home/pete/wefwefwef/docs/erldocs_other.git"
$ cd "/home/pete/wefwefwef/docs/other/2174523473/erlang-sqlite3-tag-v1.0.1/erlang-sqlite3"
$ 5000  `find -P . -type l -delete  2>&1`
$ cd "/home/pete/wefwefwef/docs/erldocs_other.git"
$ cd "/home/pete/wefwefwef/docs/other/2174523473/erlang-sqlite3-tag-v1.0.1/erlang-sqlite3"
$ 5000  `find 'erlang-sqlite3-1.0.1' -mindepth 1 -maxdepth 1 -exec mv -t . -- {} +  2>&1`
$ cd "/home/pete/wefwefwef/docs/erldocs_other.git"
 :: Getting dependencies
$ cd "/home/pete/wefwefwef/docs/other/2174523473/erlang-sqlite3-tag-v1.0.1/erlang-sqlite3"
$ 5000  `ls -1 deps/  2>&1`
$ cd "/home/pete/wefwefwef/docs/erldocs_other.git"
>>> [rebar] deps = []
 :: Generating erldocs into /home/pete/wefwefwef/docs/other/2174523473/repo/v1.0.1
Building erlang-sqlite3
Generating Type Specs - "/home/pete/wefwefwef/docs/other/2174523473/erlang-sqlite3-tag-v1.0.1/erlang-sqlite3/test.erl"
/home/pete/wefwefwef/docs/other/2174523473/erlang-sqlite3-tag-v1.0.1/erlang-sqlite3/test.erl: at line 1: syntax error before: '#'
EDoc could not process file '/home/pete/wefwefwef/docs/other/2174523473/erlang-sqlite3-tag-v1.0.1/erlang-sqlite3/test.erl'
Error generating type specs for "/home/pete/wefwefwef/docs/other/2174523473/erlang-sqlite3-tag-v1.0.1/erlang-sqlite3/test.erl"
Generating Type Specs - "/home/pete/wefwefwef/docs/other/2174523473/erlang-sqlite3-tag-v1.0.1/erlang-sqlite3/src/sqlite3.erl"
Generating Type Specs - "/home/pete/wefwefwef/docs/other/2174523473/erlang-sqlite3-tag-v1.0.1/erlang-sqlite3/src/sqlite3_lib.erl"
Generating XML for application erlang-sqlite3 "/home/pete/wefwefwef/docs/other/2174523473/erlang-sqlite3-tag-v1.0.1/erlang-sqlite3" -> "/home/pete/wefwefwef/docs/other/2174523473/repo/v1.0.1/.xml/erlang-sqlite3"
/home/pete/wefwefwef/docs/other/2174523473/erlang-sqlite3-tag-v1.0.1/erlang-sqlite3/src/sqlite3.erl, function sql_exec_timeout/3: at line 192: @spec arity does not match.
edoc: skipping source file '/home/pete/wefwefwef/docs/other/2174523473/erlang-sqlite3-tag-v1.0.1/erlang-sqlite3/src/sqlite3.erl': {'EXIT',
                                                                                                                             error}.
edoc: error in doclet 'edoc_doclet': {'EXIT',error}.
Error generating erlang-sqlite3 XMLs. Using fallback ...
Generating XML erlang-sqlite3 - test "/home/pete/wefwefwef/docs/other/2174523473/erlang-sqlite3-tag-v1.0.1/erlang-sqlite3/test.erl" -> "/home/pete/wefwefwef/docs/other/2174523473/repo/v1.0.1/.xml/erlang-sqlite3/test.xml"
/home/pete/wefwefwef/docs/other/2174523473/erlang-sqlite3-tag-v1.0.1/erlang-sqlite3/test.erl: at line 1: syntax error before: '#'
Error generating XML ("/home/pete/wefwefwef/docs/other/2174523473/erlang-sqlite3-tag-v1.0.1/erlang-sqlite3/test.erl"): {'EXIT',
                                                                                                                        error}
Generating XML erlang-sqlite3 - sqlite3 "/home/pete/wefwefwef/docs/other/2174523473/erlang-sqlite3-tag-v1.0.1/erlang-sqlite3/src/sqlite3.erl" -> "/home/pete/wefwefwef/docs/other/2174523473/repo/v1.0.1/.xml/erlang-sqlite3/sqlite3.xml"
/home/pete/wefwefwef/docs/other/2174523473/erlang-sqlite3-tag-v1.0.1/erlang-sqlite3/src/sqlite3.erl, function sql_exec_timeout/3: at line 192: @spec arity does not match.
Error generating XML ("/home/pete/wefwefwef/docs/other/2174523473/erlang-sqlite3-tag-v1.0.1/erlang-sqlite3/src/sqlite3.erl"): {'EXIT',
                                                                                                                               error}
Generating XML erlang-sqlite3 - sqlite3_lib "/home/pete/wefwefwef/docs/other/2174523473/erlang-sqlite3-tag-v1.0.1/erlang-sqlite3/src/sqlite3_lib.erl" -> "/home/pete/wefwefwef/docs/other/2174523473/repo/v1.0.1/.xml/erlang-sqlite3/sqlite3_lib.xml"
Generating HTML - sqlite3_lib "/home/pete/wefwefwef/docs/other/2174523473/repo/v1.0.1/.xml/erlang-sqlite3/sqlite3_lib.xml"
Reading XML for "/home/pete/wefwefwef/docs/other/2174523473/repo/v1.0.1/.xml/erlang-sqlite3/sqlite3_lib.xml"
Reading XML for "/home/pete/wefwefwef/docs/other/2174523473/repo/v1.0.1/.xml/specs_sqlite3_lib.xml"
Creating index.html ...
Creating erldocs_index.js ...
Woot, finished in 0 Minutes 0 Seconds
 :: Discovering other repos
$ 5000  `rm -r '/home/pete/wefwefwef/docs/other/2174523473/erlang-sqlite3-tag-v1.0.1'  2>&1`
 :: Processing https://github.com/alexeyr/erlang-sqlite3	{rev,tag,"v1.1.0","0f754839ae84f95ab853f8e1326ae45e2ac2861b",undefined,[],[]}
 :: Fetching repo code
$ cd "/home/pete/wefwefwef/docs/other/2174523473/erlang-sqlite3-tag-v1.1.0/erlang-sqlite3"
$ infinity  `curl --fail --silent --show-error --location --output 'v1.1.0.zip' 'https://github.com/alexeyr/erlang-sqlite3/archive/v1.1.0.zip'  2>&1`
$ cd "/home/pete/wefwefwef/docs/erldocs_other.git"
$ cd "/home/pete/wefwefwef/docs/other/2174523473/erlang-sqlite3-tag-v1.1.0/erlang-sqlite3"
$ 5000  `find -P . -type l -delete  2>&1`
$ cd "/home/pete/wefwefwef/docs/erldocs_other.git"
$ cd "/home/pete/wefwefwef/docs/other/2174523473/erlang-sqlite3-tag-v1.1.0/erlang-sqlite3"
$ 5000  `find 'erlang-sqlite3-1.1.0' -mindepth 1 -maxdepth 1 -exec mv -t . -- {} +  2>&1`
$ cd "/home/pete/wefwefwef/docs/erldocs_other.git"
 :: Getting dependencies
$ cd "/home/pete/wefwefwef/docs/other/2174523473/erlang-sqlite3-tag-v1.1.0/erlang-sqlite3"
$ 5000  `ls -1 deps/  2>&1`
$ cd "/home/pete/wefwefwef/docs/erldocs_other.git"
>>> [rebar] deps = []
 :: Generating erldocs into /home/pete/wefwefwef/docs/other/2174523473/repo/v1.1.0
Building erlang-sqlite3
Generating Type Specs - "/home/pete/wefwefwef/docs/other/2174523473/erlang-sqlite3-tag-v1.1.0/erlang-sqlite3/test.erl"
/home/pete/wefwefwef/docs/other/2174523473/erlang-sqlite3-tag-v1.1.0/erlang-sqlite3/test.erl: at line 1: syntax error before: '#'
EDoc could not process file '/home/pete/wefwefwef/docs/other/2174523473/erlang-sqlite3-tag-v1.1.0/erlang-sqlite3/test.erl'
Error generating type specs for "/home/pete/wefwefwef/docs/other/2174523473/erlang-sqlite3-tag-v1.1.0/erlang-sqlite3/test.erl"
Generating Type Specs - "/home/pete/wefwefwef/docs/other/2174523473/erlang-sqlite3-tag-v1.1.0/erlang-sqlite3/src/sqlite3.erl"
Generating Type Specs - "/home/pete/wefwefwef/docs/other/2174523473/erlang-sqlite3-tag-v1.1.0/erlang-sqlite3/src/sqlite3_lib.erl"
Generating XML for application erlang-sqlite3 "/home/pete/wefwefwef/docs/other/2174523473/erlang-sqlite3-tag-v1.1.0/erlang-sqlite3" -> "/home/pete/wefwefwef/docs/other/2174523473/repo/v1.1.0/.xml/erlang-sqlite3"
/home/pete/wefwefwef/docs/other/2174523473/erlang-sqlite3-tag-v1.1.0/erlang-sqlite3/src/sqlite3.erl, in module footer: at line 1215: unknown error parsing type definition: {1216,edoc_parser,
                                        ["syntax error before: ","which"]}.
edoc: skipping source file '/home/pete/wefwefwef/docs/other/2174523473/erlang-sqlite3-tag-v1.1.0/erlang-sqlite3/src/sqlite3.erl': {'EXIT',
                                                                                                                             error}.
edoc: error in doclet 'edoc_doclet': {'EXIT',error}.
Error generating erlang-sqlite3 XMLs. Using fallback ...
Generating XML erlang-sqlite3 - test "/home/pete/wefwefwef/docs/other/2174523473/erlang-sqlite3-tag-v1.1.0/erlang-sqlite3/test.erl" -> "/home/pete/wefwefwef/docs/other/2174523473/repo/v1.1.0/.xml/erlang-sqlite3/test.xml"
/home/pete/wefwefwef/docs/other/2174523473/erlang-sqlite3-tag-v1.1.0/erlang-sqlite3/test.erl: at line 1: syntax error before: '#'
Error generating XML ("/home/pete/wefwefwef/docs/other/2174523473/erlang-sqlite3-tag-v1.1.0/erlang-sqlite3/test.erl"): {'EXIT',
                                                                                                                        error}
Generating XML erlang-sqlite3 - sqlite3 "/home/pete/wefwefwef/docs/other/2174523473/erlang-sqlite3-tag-v1.1.0/erlang-sqlite3/src/sqlite3.erl" -> "/home/pete/wefwefwef/docs/other/2174523473/repo/v1.1.0/.xml/erlang-sqlite3/sqlite3.xml"
/home/pete/wefwefwef/docs/other/2174523473/erlang-sqlite3-tag-v1.1.0/erlang-sqlite3/src/sqlite3.erl, in module footer: at line 1215: unknown error parsing type definition: {1216,edoc_parser,
                                        ["syntax error before: ","which"]}.
Error generating XML ("/home/pete/wefwefwef/docs/other/2174523473/erlang-sqlite3-tag-v1.1.0/erlang-sqlite3/src/sqlite3.erl"): {'EXIT',
                                                                                                                               error}
Generating XML erlang-sqlite3 - sqlite3_lib "/home/pete/wefwefwef/docs/other/2174523473/erlang-sqlite3-tag-v1.1.0/erlang-sqlite3/src/sqlite3_lib.erl" -> "/home/pete/wefwefwef/docs/other/2174523473/repo/v1.1.0/.xml/erlang-sqlite3/sqlite3_lib.xml"
Generating HTML - sqlite3_lib "/home/pete/wefwefwef/docs/other/2174523473/repo/v1.1.0/.xml/erlang-sqlite3/sqlite3_lib.xml"
Reading XML for "/home/pete/wefwefwef/docs/other/2174523473/repo/v1.1.0/.xml/erlang-sqlite3/sqlite3_lib.xml"
Reading XML for "/home/pete/wefwefwef/docs/other/2174523473/repo/v1.1.0/.xml/specs_sqlite3_lib.xml"
Creating index.html ...
Creating erldocs_index.js ...
Woot, finished in 0 Minutes 1 Seconds
 :: Discovering other repos
$ 5000  `rm -r '/home/pete/wefwefwef/docs/other/2174523473/erlang-sqlite3-tag-v1.1.0'  2>&1`
 :: Processing https://github.com/alexeyr/erlang-sqlite3	{rev,tag,"v1.1.1","a8f15a441593c153e6e12e98ec6e0f2e3fdfa801",undefined,[],[]}
 :: Fetching repo code
$ cd "/home/pete/wefwefwef/docs/other/2174523473/erlang-sqlite3-tag-v1.1.1/erlang-sqlite3"
$ infinity  `curl --fail --silent --show-error --location --output 'v1.1.1.zip' 'https://github.com/alexeyr/erlang-sqlite3/archive/v1.1.1.zip'  2>&1`
$ cd "/home/pete/wefwefwef/docs/erldocs_other.git"
$ cd "/home/pete/wefwefwef/docs/other/2174523473/erlang-sqlite3-tag-v1.1.1/erlang-sqlite3"
$ 5000  `find -P . -type l -delete  2>&1`
$ cd "/home/pete/wefwefwef/docs/erldocs_other.git"
$ cd "/home/pete/wefwefwef/docs/other/2174523473/erlang-sqlite3-tag-v1.1.1/erlang-sqlite3"
$ 5000  `find 'erlang-sqlite3-1.1.1' -mindepth 1 -maxdepth 1 -exec mv -t . -- {} +  2>&1`
$ cd "/home/pete/wefwefwef/docs/erldocs_other.git"
 :: Getting dependencies
$ cd "/home/pete/wefwefwef/docs/other/2174523473/erlang-sqlite3-tag-v1.1.1/erlang-sqlite3"
$ 5000  `ls -1 deps/  2>&1`
$ cd "/home/pete/wefwefwef/docs/erldocs_other.git"
>>> [rebar] deps = []
 :: Generating erldocs into /home/pete/wefwefwef/docs/other/2174523473/repo/v1.1.1
Building erlang-sqlite3
Generating Type Specs - "/home/pete/wefwefwef/docs/other/2174523473/erlang-sqlite3-tag-v1.1.1/erlang-sqlite3/test.erl"
/home/pete/wefwefwef/docs/other/2174523473/erlang-sqlite3-tag-v1.1.1/erlang-sqlite3/test.erl: at line 1: syntax error before: '#'
EDoc could not process file '/home/pete/wefwefwef/docs/other/2174523473/erlang-sqlite3-tag-v1.1.1/erlang-sqlite3/test.erl'
Error generating type specs for "/home/pete/wefwefwef/docs/other/2174523473/erlang-sqlite3-tag-v1.1.1/erlang-sqlite3/test.erl"
Generating Type Specs - "/home/pete/wefwefwef/docs/other/2174523473/erlang-sqlite3-tag-v1.1.1/erlang-sqlite3/src/sqlite3.erl"
Generating Type Specs - "/home/pete/wefwefwef/docs/other/2174523473/erlang-sqlite3-tag-v1.1.1/erlang-sqlite3/src/sqlite3_lib.erl"
Generating XML for application erlang-sqlite3 "/home/pete/wefwefwef/docs/other/2174523473/erlang-sqlite3-tag-v1.1.1/erlang-sqlite3" -> "/home/pete/wefwefwef/docs/other/2174523473/repo/v1.1.1/.xml/erlang-sqlite3"
/home/pete/wefwefwef/docs/other/2174523473/erlang-sqlite3-tag-v1.1.1/erlang-sqlite3/src/sqlite3.erl, in module footer: at line 1215: unknown error parsing type definition: {1216,edoc_parser,
                                        ["syntax error before: ","which"]}.
edoc: skipping source file '/home/pete/wefwefwef/docs/other/2174523473/erlang-sqlite3-tag-v1.1.1/erlang-sqlite3/src/sqlite3.erl': {'EXIT',
                                                                                                                             error}.
edoc: error in doclet 'edoc_doclet': {'EXIT',error}.
Error generating erlang-sqlite3 XMLs. Using fallback ...
Generating XML erlang-sqlite3 - test "/home/pete/wefwefwef/docs/other/2174523473/erlang-sqlite3-tag-v1.1.1/erlang-sqlite3/test.erl" -> "/home/pete/wefwefwef/docs/other/2174523473/repo/v1.1.1/.xml/erlang-sqlite3/test.xml"
/home/pete/wefwefwef/docs/other/2174523473/erlang-sqlite3-tag-v1.1.1/erlang-sqlite3/test.erl: at line 1: syntax error before: '#'
Error generating XML ("/home/pete/wefwefwef/docs/other/2174523473/erlang-sqlite3-tag-v1.1.1/erlang-sqlite3/test.erl"): {'EXIT',
                                                                                                                        error}
Generating XML erlang-sqlite3 - sqlite3 "/home/pete/wefwefwef/docs/other/2174523473/erlang-sqlite3-tag-v1.1.1/erlang-sqlite3/src/sqlite3.erl" -> "/home/pete/wefwefwef/docs/other/2174523473/repo/v1.1.1/.xml/erlang-sqlite3/sqlite3.xml"
/home/pete/wefwefwef/docs/other/2174523473/erlang-sqlite3-tag-v1.1.1/erlang-sqlite3/src/sqlite3.erl, in module footer: at line 1215: unknown error parsing type definition: {1216,edoc_parser,
                                        ["syntax error before: ","which"]}.
Error generating XML ("/home/pete/wefwefwef/docs/other/2174523473/erlang-sqlite3-tag-v1.1.1/erlang-sqlite3/src/sqlite3.erl"): {'EXIT',
                                                                                                                               error}
Generating XML erlang-sqlite3 - sqlite3_lib "/home/pete/wefwefwef/docs/other/2174523473/erlang-sqlite3-tag-v1.1.1/erlang-sqlite3/src/sqlite3_lib.erl" -> "/home/pete/wefwefwef/docs/other/2174523473/repo/v1.1.1/.xml/erlang-sqlite3/sqlite3_lib.xml"
Generating HTML - sqlite3_lib "/home/pete/wefwefwef/docs/other/2174523473/repo/v1.1.1/.xml/erlang-sqlite3/sqlite3_lib.xml"
Reading XML for "/home/pete/wefwefwef/docs/other/2174523473/repo/v1.1.1/.xml/erlang-sqlite3/sqlite3_lib.xml"
Reading XML for "/home/pete/wefwefwef/docs/other/2174523473/repo/v1.1.1/.xml/specs_sqlite3_lib.xml"
Creating index.html ...
Creating erldocs_index.js ...
Woot, finished in 0 Minutes 1 Seconds
 :: Discovering other repos
$ 5000  `rm -r '/home/pete/wefwefwef/docs/other/2174523473/erlang-sqlite3-tag-v1.1.1'  2>&1`
 :: Processing https://github.com/alexeyr/erlang-sqlite3	{rev,tag,"v1.1.2","ed2ae9d2a9caccf9dc4c3e5e0c288ff8095c42ee",undefined,[],[]}
 :: Fetching repo code
$ cd "/home/pete/wefwefwef/docs/other/2174523473/erlang-sqlite3-tag-v1.1.2/erlang-sqlite3"
$ infinity  `curl --fail --silent --show-error --location --output 'v1.1.2.zip' 'https://github.com/alexeyr/erlang-sqlite3/archive/v1.1.2.zip'  2>&1`
$ cd "/home/pete/wefwefwef/docs/erldocs_other.git"
$ cd "/home/pete/wefwefwef/docs/other/2174523473/erlang-sqlite3-tag-v1.1.2/erlang-sqlite3"
$ 5000  `find -P . -type l -delete  2>&1`
$ cd "/home/pete/wefwefwef/docs/erldocs_other.git"
$ cd "/home/pete/wefwefwef/docs/other/2174523473/erlang-sqlite3-tag-v1.1.2/erlang-sqlite3"
$ 5000  `find 'erlang-sqlite3-1.1.2' -mindepth 1 -maxdepth 1 -exec mv -t . -- {} +  2>&1`
$ cd "/home/pete/wefwefwef/docs/erldocs_other.git"
 :: Getting dependencies
$ cd "/home/pete/wefwefwef/docs/other/2174523473/erlang-sqlite3-tag-v1.1.2/erlang-sqlite3"
$ 5000  `ls -1 deps/  2>&1`
$ cd "/home/pete/wefwefwef/docs/erldocs_other.git"
>>> [rebar] deps = []
 :: Generating erldocs into /home/pete/wefwefwef/docs/other/2174523473/repo/v1.1.2
Building erlang-sqlite3
Generating Type Specs - "/home/pete/wefwefwef/docs/other/2174523473/erlang-sqlite3-tag-v1.1.2/erlang-sqlite3/test.erl"
/home/pete/wefwefwef/docs/other/2174523473/erlang-sqlite3-tag-v1.1.2/erlang-sqlite3/test.erl: at line 1: syntax error before: '#'
EDoc could not process file '/home/pete/wefwefwef/docs/other/2174523473/erlang-sqlite3-tag-v1.1.2/erlang-sqlite3/test.erl'
Error generating type specs for "/home/pete/wefwefwef/docs/other/2174523473/erlang-sqlite3-tag-v1.1.2/erlang-sqlite3/test.erl"
Generating Type Specs - "/home/pete/wefwefwef/docs/other/2174523473/erlang-sqlite3-tag-v1.1.2/erlang-sqlite3/src/sqlite3.erl"
Generating Type Specs - "/home/pete/wefwefwef/docs/other/2174523473/erlang-sqlite3-tag-v1.1.2/erlang-sqlite3/src/sqlite3_lib.erl"
Generating XML for application erlang-sqlite3 "/home/pete/wefwefwef/docs/other/2174523473/erlang-sqlite3-tag-v1.1.2/erlang-sqlite3" -> "/home/pete/wefwefwef/docs/other/2174523473/repo/v1.1.2/.xml/erlang-sqlite3"
/home/pete/wefwefwef/docs/other/2174523473/erlang-sqlite3-tag-v1.1.2/erlang-sqlite3/src/sqlite3.erl, in module footer: at line 1214: unknown error parsing type definition: {1215,edoc_parser,
                                        ["syntax error before: ","which"]}.
edoc: skipping source file '/home/pete/wefwefwef/docs/other/2174523473/erlang-sqlite3-tag-v1.1.2/erlang-sqlite3/src/sqlite3.erl': {'EXIT',
                                                                                                                             error}.
edoc: error in doclet 'edoc_doclet': {'EXIT',error}.
Error generating erlang-sqlite3 XMLs. Using fallback ...
Generating XML erlang-sqlite3 - test "/home/pete/wefwefwef/docs/other/2174523473/erlang-sqlite3-tag-v1.1.2/erlang-sqlite3/test.erl" -> "/home/pete/wefwefwef/docs/other/2174523473/repo/v1.1.2/.xml/erlang-sqlite3/test.xml"
/home/pete/wefwefwef/docs/other/2174523473/erlang-sqlite3-tag-v1.1.2/erlang-sqlite3/test.erl: at line 1: syntax error before: '#'
Error generating XML ("/home/pete/wefwefwef/docs/other/2174523473/erlang-sqlite3-tag-v1.1.2/erlang-sqlite3/test.erl"): {'EXIT',
                                                                                                                        error}
Generating XML erlang-sqlite3 - sqlite3 "/home/pete/wefwefwef/docs/other/2174523473/erlang-sqlite3-tag-v1.1.2/erlang-sqlite3/src/sqlite3.erl" -> "/home/pete/wefwefwef/docs/other/2174523473/repo/v1.1.2/.xml/erlang-sqlite3/sqlite3.xml"
/home/pete/wefwefwef/docs/other/2174523473/erlang-sqlite3-tag-v1.1.2/erlang-sqlite3/src/sqlite3.erl, in module footer: at line 1214: unknown error parsing type definition: {1215,edoc_parser,
                                        ["syntax error before: ","which"]}.
Error generating XML ("/home/pete/wefwefwef/docs/other/2174523473/erlang-sqlite3-tag-v1.1.2/erlang-sqlite3/src/sqlite3.erl"): {'EXIT',
                                                                                                                               error}
Generating XML erlang-sqlite3 - sqlite3_lib "/home/pete/wefwefwef/docs/other/2174523473/erlang-sqlite3-tag-v1.1.2/erlang-sqlite3/src/sqlite3_lib.erl" -> "/home/pete/wefwefwef/docs/other/2174523473/repo/v1.1.2/.xml/erlang-sqlite3/sqlite3_lib.xml"
Generating HTML - sqlite3_lib "/home/pete/wefwefwef/docs/other/2174523473/repo/v1.1.2/.xml/erlang-sqlite3/sqlite3_lib.xml"
Reading XML for "/home/pete/wefwefwef/docs/other/2174523473/repo/v1.1.2/.xml/erlang-sqlite3/sqlite3_lib.xml"
Reading XML for "/home/pete/wefwefwef/docs/other/2174523473/repo/v1.1.2/.xml/specs_sqlite3_lib.xml"
Creating index.html ...
Creating erldocs_index.js ...
Woot, finished in 0 Minutes 1 Seconds
 :: Discovering other repos
$ 5000  `rm -r '/home/pete/wefwefwef/docs/other/2174523473/erlang-sqlite3-tag-v1.1.2'  2>&1`
 :: Processing https://github.com/alexeyr/erlang-sqlite3	{rev,tag,"v1.1.3","64b3f9a9435d5d51b09b32fd17daf744797795e8",undefined,[],[]}
 :: Fetching repo code
$ cd "/home/pete/wefwefwef/docs/other/2174523473/erlang-sqlite3-tag-v1.1.3/erlang-sqlite3"
$ infinity  `curl --fail --silent --show-error --location --output 'v1.1.3.zip' 'https://github.com/alexeyr/erlang-sqlite3/archive/v1.1.3.zip'  2>&1`
$ cd "/home/pete/wefwefwef/docs/erldocs_other.git"
$ cd "/home/pete/wefwefwef/docs/other/2174523473/erlang-sqlite3-tag-v1.1.3/erlang-sqlite3"
$ 5000  `find -P . -type l -delete  2>&1`
$ cd "/home/pete/wefwefwef/docs/erldocs_other.git"
$ cd "/home/pete/wefwefwef/docs/other/2174523473/erlang-sqlite3-tag-v1.1.3/erlang-sqlite3"
$ 5000  `find 'erlang-sqlite3-1.1.3' -mindepth 1 -maxdepth 1 -exec mv -t . -- {} +  2>&1`
$ cd "/home/pete/wefwefwef/docs/erldocs_other.git"
 :: Getting dependencies
$ cd "/home/pete/wefwefwef/docs/other/2174523473/erlang-sqlite3-tag-v1.1.3/erlang-sqlite3"
$ 5000  `ls -1 deps/  2>&1`
$ cd "/home/pete/wefwefwef/docs/erldocs_other.git"
>>> [rebar] deps = []
 :: Generating erldocs into /home/pete/wefwefwef/docs/other/2174523473/repo/v1.1.3
Building erlang-sqlite3
Generating Type Specs - "/home/pete/wefwefwef/docs/other/2174523473/erlang-sqlite3-tag-v1.1.3/erlang-sqlite3/test.erl"
/home/pete/wefwefwef/docs/other/2174523473/erlang-sqlite3-tag-v1.1.3/erlang-sqlite3/test.erl: at line 1: syntax error before: '#'
EDoc could not process file '/home/pete/wefwefwef/docs/other/2174523473/erlang-sqlite3-tag-v1.1.3/erlang-sqlite3/test.erl'
Error generating type specs for "/home/pete/wefwefwef/docs/other/2174523473/erlang-sqlite3-tag-v1.1.3/erlang-sqlite3/test.erl"
Generating Type Specs - "/home/pete/wefwefwef/docs/other/2174523473/erlang-sqlite3-tag-v1.1.3/erlang-sqlite3/src/sqlite3.erl"
Generating Type Specs - "/home/pete/wefwefwef/docs/other/2174523473/erlang-sqlite3-tag-v1.1.3/erlang-sqlite3/src/sqlite3_lib.erl"
Generating XML for application erlang-sqlite3 "/home/pete/wefwefwef/docs/other/2174523473/erlang-sqlite3-tag-v1.1.3/erlang-sqlite3" -> "/home/pete/wefwefwef/docs/other/2174523473/repo/v1.1.3/.xml/erlang-sqlite3"
/home/pete/wefwefwef/docs/other/2174523473/erlang-sqlite3-tag-v1.1.3/erlang-sqlite3/src/sqlite3.erl, in module footer: at line 1214: unknown error parsing type definition: {1215,edoc_parser,
                                        ["syntax error before: ","which"]}.
edoc: skipping source file '/home/pete/wefwefwef/docs/other/2174523473/erlang-sqlite3-tag-v1.1.3/erlang-sqlite3/src/sqlite3.erl': {'EXIT',
                                                                                                                             error}.
edoc: error in doclet 'edoc_doclet': {'EXIT',error}.
Error generating erlang-sqlite3 XMLs. Using fallback ...
Generating XML erlang-sqlite3 - test "/home/pete/wefwefwef/docs/other/2174523473/erlang-sqlite3-tag-v1.1.3/erlang-sqlite3/test.erl" -> "/home/pete/wefwefwef/docs/other/2174523473/repo/v1.1.3/.xml/erlang-sqlite3/test.xml"
/home/pete/wefwefwef/docs/other/2174523473/erlang-sqlite3-tag-v1.1.3/erlang-sqlite3/test.erl: at line 1: syntax error before: '#'
Error generating XML ("/home/pete/wefwefwef/docs/other/2174523473/erlang-sqlite3-tag-v1.1.3/erlang-sqlite3/test.erl"): {'EXIT',
                                                                                                                        error}
Generating XML erlang-sqlite3 - sqlite3 "/home/pete/wefwefwef/docs/other/2174523473/erlang-sqlite3-tag-v1.1.3/erlang-sqlite3/src/sqlite3.erl" -> "/home/pete/wefwefwef/docs/other/2174523473/repo/v1.1.3/.xml/erlang-sqlite3/sqlite3.xml"
/home/pete/wefwefwef/docs/other/2174523473/erlang-sqlite3-tag-v1.1.3/erlang-sqlite3/src/sqlite3.erl, in module footer: at line 1214: unknown error parsing type definition: {1215,edoc_parser,
                                        ["syntax error before: ","which"]}.
Error generating XML ("/home/pete/wefwefwef/docs/other/2174523473/erlang-sqlite3-tag-v1.1.3/erlang-sqlite3/src/sqlite3.erl"): {'EXIT',
                                                                                                                               error}
Generating XML erlang-sqlite3 - sqlite3_lib "/home/pete/wefwefwef/docs/other/2174523473/erlang-sqlite3-tag-v1.1.3/erlang-sqlite3/src/sqlite3_lib.erl" -> "/home/pete/wefwefwef/docs/other/2174523473/repo/v1.1.3/.xml/erlang-sqlite3/sqlite3_lib.xml"
Generating HTML - sqlite3_lib "/home/pete/wefwefwef/docs/other/2174523473/repo/v1.1.3/.xml/erlang-sqlite3/sqlite3_lib.xml"
Reading XML for "/home/pete/wefwefwef/docs/other/2174523473/repo/v1.1.3/.xml/erlang-sqlite3/sqlite3_lib.xml"
Reading XML for "/home/pete/wefwefwef/docs/other/2174523473/repo/v1.1.3/.xml/specs_sqlite3_lib.xml"
Creating index.html ...
Creating erldocs_index.js ...
Woot, finished in 0 Minutes 1 Seconds
 :: Discovering other repos
$ 5000  `rm -r '/home/pete/wefwefwef/docs/other/2174523473/erlang-sqlite3-tag-v1.1.3'  2>&1`
 :: Processing https://github.com/alexeyr/erlang-sqlite3	{rev,tag,"v1.1.4","9a5bd3b86bf86790cc0571cbb2e26da4660fb41c",undefined,[],[]}
 :: Fetching repo code
$ cd "/home/pete/wefwefwef/docs/other/2174523473/erlang-sqlite3-tag-v1.1.4/erlang-sqlite3"
$ infinity  `curl --fail --silent --show-error --location --output 'v1.1.4.zip' 'https://github.com/alexeyr/erlang-sqlite3/archive/v1.1.4.zip'  2>&1`
$ cd "/home/pete/wefwefwef/docs/erldocs_other.git"
$ cd "/home/pete/wefwefwef/docs/other/2174523473/erlang-sqlite3-tag-v1.1.4/erlang-sqlite3"
$ 5000  `find -P . -type l -delete  2>&1`
$ cd "/home/pete/wefwefwef/docs/erldocs_other.git"
$ cd "/home/pete/wefwefwef/docs/other/2174523473/erlang-sqlite3-tag-v1.1.4/erlang-sqlite3"
$ 5000  `find 'erlang-sqlite3-1.1.4' -mindepth 1 -maxdepth 1 -exec mv -t . -- {} +  2>&1`
$ cd "/home/pete/wefwefwef/docs/erldocs_other.git"
 :: Getting dependencies
$ cd "/home/pete/wefwefwef/docs/other/2174523473/erlang-sqlite3-tag-v1.1.4/erlang-sqlite3"
$ 5000  `ls -1 deps/  2>&1`
$ cd "/home/pete/wefwefwef/docs/erldocs_other.git"
>>> [rebar] deps = []
 :: Generating erldocs into /home/pete/wefwefwef/docs/other/2174523473/repo/v1.1.4
Building erlang-sqlite3
Generating Type Specs - "/home/pete/wefwefwef/docs/other/2174523473/erlang-sqlite3-tag-v1.1.4/erlang-sqlite3/test.erl"
/home/pete/wefwefwef/docs/other/2174523473/erlang-sqlite3-tag-v1.1.4/erlang-sqlite3/test.erl: at line 1: syntax error before: '#'
EDoc could not process file '/home/pete/wefwefwef/docs/other/2174523473/erlang-sqlite3-tag-v1.1.4/erlang-sqlite3/test.erl'
Error generating type specs for "/home/pete/wefwefwef/docs/other/2174523473/erlang-sqlite3-tag-v1.1.4/erlang-sqlite3/test.erl"
Generating Type Specs - "/home/pete/wefwefwef/docs/other/2174523473/erlang-sqlite3-tag-v1.1.4/erlang-sqlite3/src/sqlite3.erl"
Generating Type Specs - "/home/pete/wefwefwef/docs/other/2174523473/erlang-sqlite3-tag-v1.1.4/erlang-sqlite3/src/sqlite3_lib.erl"
Generating XML for application erlang-sqlite3 "/home/pete/wefwefwef/docs/other/2174523473/erlang-sqlite3-tag-v1.1.4/erlang-sqlite3" -> "/home/pete/wefwefwef/docs/other/2174523473/repo/v1.1.4/.xml/erlang-sqlite3"
/home/pete/wefwefwef/docs/other/2174523473/erlang-sqlite3-tag-v1.1.4/erlang-sqlite3/src/sqlite3.erl, in module footer: at line 1216: unknown error parsing type definition: {1217,edoc_parser,
                                        ["syntax error before: ","which"]}.
edoc: skipping source file '/home/pete/wefwefwef/docs/other/2174523473/erlang-sqlite3-tag-v1.1.4/erlang-sqlite3/src/sqlite3.erl': {'EXIT',
                                                                                                                             error}.
edoc: error in doclet 'edoc_doclet': {'EXIT',error}.
Error generating erlang-sqlite3 XMLs. Using fallback ...
Generating XML erlang-sqlite3 - test "/home/pete/wefwefwef/docs/other/2174523473/erlang-sqlite3-tag-v1.1.4/erlang-sqlite3/test.erl" -> "/home/pete/wefwefwef/docs/other/2174523473/repo/v1.1.4/.xml/erlang-sqlite3/test.xml"
/home/pete/wefwefwef/docs/other/2174523473/erlang-sqlite3-tag-v1.1.4/erlang-sqlite3/test.erl: at line 1: syntax error before: '#'
Error generating XML ("/home/pete/wefwefwef/docs/other/2174523473/erlang-sqlite3-tag-v1.1.4/erlang-sqlite3/test.erl"): {'EXIT',
                                                                                                                        error}
Generating XML erlang-sqlite3 - sqlite3 "/home/pete/wefwefwef/docs/other/2174523473/erlang-sqlite3-tag-v1.1.4/erlang-sqlite3/src/sqlite3.erl" -> "/home/pete/wefwefwef/docs/other/2174523473/repo/v1.1.4/.xml/erlang-sqlite3/sqlite3.xml"
/home/pete/wefwefwef/docs/other/2174523473/erlang-sqlite3-tag-v1.1.4/erlang-sqlite3/src/sqlite3.erl, in module footer: at line 1216: unknown error parsing type definition: {1217,edoc_parser,
                                        ["syntax error before: ","which"]}.
Error generating XML ("/home/pete/wefwefwef/docs/other/2174523473/erlang-sqlite3-tag-v1.1.4/erlang-sqlite3/src/sqlite3.erl"): {'EXIT',
                                                                                                                               error}
Generating XML erlang-sqlite3 - sqlite3_lib "/home/pete/wefwefwef/docs/other/2174523473/erlang-sqlite3-tag-v1.1.4/erlang-sqlite3/src/sqlite3_lib.erl" -> "/home/pete/wefwefwef/docs/other/2174523473/repo/v1.1.4/.xml/erlang-sqlite3/sqlite3_lib.xml"
Generating HTML - sqlite3_lib "/home/pete/wefwefwef/docs/other/2174523473/repo/v1.1.4/.xml/erlang-sqlite3/sqlite3_lib.xml"
Reading XML for "/home/pete/wefwefwef/docs/other/2174523473/repo/v1.1.4/.xml/erlang-sqlite3/sqlite3_lib.xml"
Reading XML for "/home/pete/wefwefwef/docs/other/2174523473/repo/v1.1.4/.xml/specs_sqlite3_lib.xml"
Creating index.html ...
Creating erldocs_index.js ...
Woot, finished in 0 Minutes 1 Seconds
 :: Discovering other repos
$ 5000  `rm -r '/home/pete/wefwefwef/docs/other/2174523473/erlang-sqlite3-tag-v1.1.4'  2>&1`
 :: Processing https://github.com/alexeyr/erlang-sqlite3	{rev,branch,"R14B","b46fa7985b2316cbcb550d41c0058eb809e7d671",undefined,[],[]}
 :: Fetching repo code
$ cd "/home/pete/wefwefwef/docs/other/2174523473/erlang-sqlite3-branch-R14B/erlang-sqlite3"
$ infinity  `curl --fail --silent --show-error --location --output 'R14B.zip' 'https://github.com/alexeyr/erlang-sqlite3/archive/R14B.zip'  2>&1`
$ cd "/home/pete/wefwefwef/docs/erldocs_other.git"
$ cd "/home/pete/wefwefwef/docs/other/2174523473/erlang-sqlite3-branch-R14B/erlang-sqlite3"
$ 5000  `find -P . -type l -delete  2>&1`
$ cd "/home/pete/wefwefwef/docs/erldocs_other.git"
$ cd "/home/pete/wefwefwef/docs/other/2174523473/erlang-sqlite3-branch-R14B/erlang-sqlite3"
$ 5000  `find 'erlang-sqlite3-R14B' -mindepth 1 -maxdepth 1 -exec mv -t . -- {} +  2>&1`
$ cd "/home/pete/wefwefwef/docs/erldocs_other.git"
 :: Getting dependencies
$ cd "/home/pete/wefwefwef/docs/other/2174523473/erlang-sqlite3-branch-R14B/erlang-sqlite3"
$ 5000  `ls -1 deps/  2>&1`
$ cd "/home/pete/wefwefwef/docs/erldocs_other.git"
>>> [rebar] deps = []
 :: Generating erldocs into /home/pete/wefwefwef/docs/other/2174523473/repo/R14B
Building erlang-sqlite3
Generating Type Specs - "/home/pete/wefwefwef/docs/other/2174523473/erlang-sqlite3-branch-R14B/erlang-sqlite3/test.erl"
/home/pete/wefwefwef/docs/other/2174523473/erlang-sqlite3-branch-R14B/erlang-sqlite3/test.erl: at line 1: syntax error before: '#'
EDoc could not process file '/home/pete/wefwefwef/docs/other/2174523473/erlang-sqlite3-branch-R14B/erlang-sqlite3/test.erl'
Error generating type specs for "/home/pete/wefwefwef/docs/other/2174523473/erlang-sqlite3-branch-R14B/erlang-sqlite3/test.erl"
Generating Type Specs - "/home/pete/wefwefwef/docs/other/2174523473/erlang-sqlite3-branch-R14B/erlang-sqlite3/src/sqlite3.erl"
Generating Type Specs - "/home/pete/wefwefwef/docs/other/2174523473/erlang-sqlite3-branch-R14B/erlang-sqlite3/src/sqlite3_lib.erl"
Generating XML for application erlang-sqlite3 "/home/pete/wefwefwef/docs/other/2174523473/erlang-sqlite3-branch-R14B/erlang-sqlite3" -> "/home/pete/wefwefwef/docs/other/2174523473/repo/R14B/.xml/erlang-sqlite3"
/home/pete/wefwefwef/docs/other/2174523473/erlang-sqlite3-branch-R14B/erlang-sqlite3/src/sqlite3.erl, in module footer: at line 1215: unknown error parsing type definition: {1216,edoc_parser,
                                        ["syntax error before: ","which"]}.
edoc: skipping source file '/home/pete/wefwefwef/docs/other/2174523473/erlang-sqlite3-branch-R14B/erlang-sqlite3/src/sqlite3.erl': {'EXIT',
                                                                                                                              error}.
edoc: error in doclet 'edoc_doclet': {'EXIT',error}.
Error generating erlang-sqlite3 XMLs. Using fallback ...
Generating XML erlang-sqlite3 - test "/home/pete/wefwefwef/docs/other/2174523473/erlang-sqlite3-branch-R14B/erlang-sqlite3/test.erl" -> "/home/pete/wefwefwef/docs/other/2174523473/repo/R14B/.xml/erlang-sqlite3/test.xml"
/home/pete/wefwefwef/docs/other/2174523473/erlang-sqlite3-branch-R14B/erlang-sqlite3/test.erl: at line 1: syntax error before: '#'
Error generating XML ("/home/pete/wefwefwef/docs/other/2174523473/erlang-sqlite3-branch-R14B/erlang-sqlite3/test.erl"): {'EXIT',
                                                                                                                         error}
Generating XML erlang-sqlite3 - sqlite3 "/home/pete/wefwefwef/docs/other/2174523473/erlang-sqlite3-branch-R14B/erlang-sqlite3/src/sqlite3.erl" -> "/home/pete/wefwefwef/docs/other/2174523473/repo/R14B/.xml/erlang-sqlite3/sqlite3.xml"
/home/pete/wefwefwef/docs/other/2174523473/erlang-sqlite3-branch-R14B/erlang-sqlite3/src/sqlite3.erl, in module footer: at line 1215: unknown error parsing type definition: {1216,edoc_parser,
                                        ["syntax error before: ","which"]}.
Error generating XML ("/home/pete/wefwefwef/docs/other/2174523473/erlang-sqlite3-branch-R14B/erlang-sqlite3/src/sqlite3.erl"): {'EXIT',
                                                                                                                                error}
Generating XML erlang-sqlite3 - sqlite3_lib "/home/pete/wefwefwef/docs/other/2174523473/erlang-sqlite3-branch-R14B/erlang-sqlite3/src/sqlite3_lib.erl" -> "/home/pete/wefwefwef/docs/other/2174523473/repo/R14B/.xml/erlang-sqlite3/sqlite3_lib.xml"
Generating HTML - sqlite3_lib "/home/pete/wefwefwef/docs/other/2174523473/repo/R14B/.xml/erlang-sqlite3/sqlite3_lib.xml"
Reading XML for "/home/pete/wefwefwef/docs/other/2174523473/repo/R14B/.xml/erlang-sqlite3/sqlite3_lib.xml"
Reading XML for "/home/pete/wefwefwef/docs/other/2174523473/repo/R14B/.xml/specs_sqlite3_lib.xml"
Creating index.html ...
Creating erldocs_index.js ...
Woot, finished in 0 Minutes 1 Seconds
 :: Discovering other repos
$ 5000  `rm -r '/home/pete/wefwefwef/docs/other/2174523473/erlang-sqlite3-branch-R14B'  2>&1`
 :: Processing https://github.com/alexeyr/erlang-sqlite3	{rev,branch,"coverity_scan","fa65a1623ca171e6733e570320e6cb2990bf0d52",undefined,[],[]}
 :: Fetching repo code
$ cd "/home/pete/wefwefwef/docs/other/2174523473/erlang-sqlite3-branch-coverity_scan/erlang-sqlite3"
$ infinity  `curl --fail --silent --show-error --location --output 'coverity_scan.zip' 'https://github.com/alexeyr/erlang-sqlite3/archive/coverity_scan.zip'  2>&1`
$ cd "/home/pete/wefwefwef/docs/erldocs_other.git"
$ cd "/home/pete/wefwefwef/docs/other/2174523473/erlang-sqlite3-branch-coverity_scan/erlang-sqlite3"
$ 5000  `find -P . -type l -delete  2>&1`
$ cd "/home/pete/wefwefwef/docs/erldocs_other.git"
$ cd "/home/pete/wefwefwef/docs/other/2174523473/erlang-sqlite3-branch-coverity_scan/erlang-sqlite3"
$ 5000  `find 'erlang-sqlite3-coverity_scan' -mindepth 1 -maxdepth 1 -exec mv -t . -- {} +  2>&1`
$ cd "/home/pete/wefwefwef/docs/erldocs_other.git"
 :: Getting dependencies
$ cd "/home/pete/wefwefwef/docs/other/2174523473/erlang-sqlite3-branch-coverity_scan/erlang-sqlite3"
$ 5000  `ls -1 deps/  2>&1`
$ cd "/home/pete/wefwefwef/docs/erldocs_other.git"
>>> [rebar] deps = []
 :: Generating erldocs into /home/pete/wefwefwef/docs/other/2174523473/repo/coverity_scan
Building erlang-sqlite3
Generating Type Specs - "/home/pete/wefwefwef/docs/other/2174523473/erlang-sqlite3-branch-coverity_scan/erlang-sqlite3/test.erl"
/home/pete/wefwefwef/docs/other/2174523473/erlang-sqlite3-branch-coverity_scan/erlang-sqlite3/test.erl: at line 1: syntax error before: '#'
EDoc could not process file '/home/pete/wefwefwef/docs/other/2174523473/erlang-sqlite3-branch-coverity_scan/erlang-sqlite3/test.erl'
Error generating type specs for "/home/pete/wefwefwef/docs/other/2174523473/erlang-sqlite3-branch-coverity_scan/erlang-sqlite3/test.erl"
Generating Type Specs - "/home/pete/wefwefwef/docs/other/2174523473/erlang-sqlite3-branch-coverity_scan/erlang-sqlite3/src/sqlite3.erl"
Generating Type Specs - "/home/pete/wefwefwef/docs/other/2174523473/erlang-sqlite3-branch-coverity_scan/erlang-sqlite3/src/sqlite3_lib.erl"
Generating XML for application erlang-sqlite3 "/home/pete/wefwefwef/docs/other/2174523473/erlang-sqlite3-branch-coverity_scan/erlang-sqlite3" -> "/home/pete/wefwefwef/docs/other/2174523473/repo/coverity_scan/.xml/erlang-sqlite3"
/home/pete/wefwefwef/docs/other/2174523473/erlang-sqlite3-branch-coverity_scan/erlang-sqlite3/src/sqlite3.erl, in module footer: at line 1249: unknown error parsing type definition: {1250,edoc_parser,
                                        ["syntax error before: ","which"]}.
edoc: skipping source file '/home/pete/wefwefwef/docs/other/2174523473/erlang-sqlite3-branch-coverity_scan/erlang-sqlite3/src/sqlite3.erl': {'EXIT',
                                                                                                                                       error}.
edoc: error in doclet 'edoc_doclet': {'EXIT',error}.
Error generating erlang-sqlite3 XMLs. Using fallback ...
Generating XML erlang-sqlite3 - test "/home/pete/wefwefwef/docs/other/2174523473/erlang-sqlite3-branch-coverity_scan/erlang-sqlite3/test.erl" -> "/home/pete/wefwefwef/docs/other/2174523473/repo/coverity_scan/.xml/erlang-sqlite3/test.xml"
/home/pete/wefwefwef/docs/other/2174523473/erlang-sqlite3-branch-coverity_scan/erlang-sqlite3/test.erl: at line 1: syntax error before: '#'
Error generating XML ("/home/pete/wefwefwef/docs/other/2174523473/erlang-sqlite3-branch-coverity_scan/erlang-sqlite3/test.erl"): {'EXIT',
                                                                                                                                  error}
Generating XML erlang-sqlite3 - sqlite3 "/home/pete/wefwefwef/docs/other/2174523473/erlang-sqlite3-branch-coverity_scan/erlang-sqlite3/src/sqlite3.erl" -> "/home/pete/wefwefwef/docs/other/2174523473/repo/coverity_scan/.xml/erlang-sqlite3/sqlite3.xml"
/home/pete/wefwefwef/docs/other/2174523473/erlang-sqlite3-branch-coverity_scan/erlang-sqlite3/src/sqlite3.erl, in module footer: at line 1249: unknown error parsing type definition: {1250,edoc_parser,
                                        ["syntax error before: ","which"]}.
Error generating XML ("/home/pete/wefwefwef/docs/other/2174523473/erlang-sqlite3-branch-coverity_scan/erlang-sqlite3/src/sqlite3.erl"): {'EXIT',
                                                                                                                                         error}
Generating XML erlang-sqlite3 - sqlite3_lib "/home/pete/wefwefwef/docs/other/2174523473/erlang-sqlite3-branch-coverity_scan/erlang-sqlite3/src/sqlite3_lib.erl" -> "/home/pete/wefwefwef/docs/other/2174523473/repo/coverity_scan/.xml/erlang-sqlite3/sqlite3_lib.xml"
Generating HTML - sqlite3_lib "/home/pete/wefwefwef/docs/other/2174523473/repo/coverity_scan/.xml/erlang-sqlite3/sqlite3_lib.xml"
Reading XML for "/home/pete/wefwefwef/docs/other/2174523473/repo/coverity_scan/.xml/erlang-sqlite3/sqlite3_lib.xml"
Reading XML for "/home/pete/wefwefwef/docs/other/2174523473/repo/coverity_scan/.xml/specs_sqlite3_lib.xml"
Creating index.html ...
Creating erldocs_index.js ...
Woot, finished in 0 Minutes 1 Seconds
 :: Discovering other repos
$ 5000  `rm -r '/home/pete/wefwefwef/docs/other/2174523473/erlang-sqlite3-branch-coverity_scan'  2>&1`
 :: Processing https://github.com/alexeyr/erlang-sqlite3	{rev,branch,"dnet-master","8951767a09edf7730450ea4aa997831eb18a6c35",undefined,[],[]}
 :: Fetching repo code
$ cd "/home/pete/wefwefwef/docs/other/2174523473/erlang-sqlite3-branch-dnet-master/erlang-sqlite3"
$ infinity  `curl --fail --silent --show-error --location --output 'dnet-master.zip' 'https://github.com/alexeyr/erlang-sqlite3/archive/dnet-master.zip'  2>&1`
$ cd "/home/pete/wefwefwef/docs/erldocs_other.git"
$ cd "/home/pete/wefwefwef/docs/other/2174523473/erlang-sqlite3-branch-dnet-master/erlang-sqlite3"
$ 5000  `find -P . -type l -delete  2>&1`
$ cd "/home/pete/wefwefwef/docs/erldocs_other.git"
$ cd "/home/pete/wefwefwef/docs/other/2174523473/erlang-sqlite3-branch-dnet-master/erlang-sqlite3"
$ 5000  `find 'erlang-sqlite3-dnet-master' -mindepth 1 -maxdepth 1 -exec mv -t . -- {} +  2>&1`
$ cd "/home/pete/wefwefwef/docs/erldocs_other.git"
 :: Getting dependencies
$ cd "/home/pete/wefwefwef/docs/other/2174523473/erlang-sqlite3-branch-dnet-master/erlang-sqlite3"
$ 5000  `ls -1 deps/  2>&1`
$ cd "/home/pete/wefwefwef/docs/erldocs_other.git"
>>> [rebar] deps = []
 :: Generating erldocs into /home/pete/wefwefwef/docs/other/2174523473/repo/dnet-master
Building erlang-sqlite3
Generating Type Specs - "/home/pete/wefwefwef/docs/other/2174523473/erlang-sqlite3-branch-dnet-master/erlang-sqlite3/test.erl"
/home/pete/wefwefwef/docs/other/2174523473/erlang-sqlite3-branch-dnet-master/erlang-sqlite3/test.erl: at line 1: syntax error before: '#'
EDoc could not process file '/home/pete/wefwefwef/docs/other/2174523473/erlang-sqlite3-branch-dnet-master/erlang-sqlite3/test.erl'
Error generating type specs for "/home/pete/wefwefwef/docs/other/2174523473/erlang-sqlite3-branch-dnet-master/erlang-sqlite3/test.erl"
Generating Type Specs - "/home/pete/wefwefwef/docs/other/2174523473/erlang-sqlite3-branch-dnet-master/erlang-sqlite3/src/sqlite3.erl"
Generating Type Specs - "/home/pete/wefwefwef/docs/other/2174523473/erlang-sqlite3-branch-dnet-master/erlang-sqlite3/src/sqlite3_lib.erl"
Generating XML for application erlang-sqlite3 "/home/pete/wefwefwef/docs/other/2174523473/erlang-sqlite3-branch-dnet-master/erlang-sqlite3" -> "/home/pete/wefwefwef/docs/other/2174523473/repo/dnet-master/.xml/erlang-sqlite3"
/home/pete/wefwefwef/docs/other/2174523473/erlang-sqlite3-branch-dnet-master/erlang-sqlite3/src/sqlite3.erl, in module footer: at line 1215: unknown error parsing type definition: {1216,edoc_parser,
                                        ["syntax error before: ","which"]}.
edoc: skipping source file '/home/pete/wefwefwef/docs/other/2174523473/erlang-sqlite3-branch-dnet-master/erlang-sqlite3/src/sqlite3.erl': {'EXIT',
                                                                                                                                     error}.
edoc: error in doclet 'edoc_doclet': {'EXIT',error}.
Error generating erlang-sqlite3 XMLs. Using fallback ...
Generating XML erlang-sqlite3 - test "/home/pete/wefwefwef/docs/other/2174523473/erlang-sqlite3-branch-dnet-master/erlang-sqlite3/test.erl" -> "/home/pete/wefwefwef/docs/other/2174523473/repo/dnet-master/.xml/erlang-sqlite3/test.xml"
/home/pete/wefwefwef/docs/other/2174523473/erlang-sqlite3-branch-dnet-master/erlang-sqlite3/test.erl: at line 1: syntax error before: '#'
Error generating XML ("/home/pete/wefwefwef/docs/other/2174523473/erlang-sqlite3-branch-dnet-master/erlang-sqlite3/test.erl"): {'EXIT',
                                                                                                                                error}
Generating XML erlang-sqlite3 - sqlite3 "/home/pete/wefwefwef/docs/other/2174523473/erlang-sqlite3-branch-dnet-master/erlang-sqlite3/src/sqlite3.erl" -> "/home/pete/wefwefwef/docs/other/2174523473/repo/dnet-master/.xml/erlang-sqlite3/sqlite3.xml"
/home/pete/wefwefwef/docs/other/2174523473/erlang-sqlite3-branch-dnet-master/erlang-sqlite3/src/sqlite3.erl, in module footer: at line 1215: unknown error parsing type definition: {1216,edoc_parser,
                                        ["syntax error before: ","which"]}.
Error generating XML ("/home/pete/wefwefwef/docs/other/2174523473/erlang-sqlite3-branch-dnet-master/erlang-sqlite3/src/sqlite3.erl"): {'EXIT',
                                                                                                                                       error}
Generating XML erlang-sqlite3 - sqlite3_lib "/home/pete/wefwefwef/docs/other/2174523473/erlang-sqlite3-branch-dnet-master/erlang-sqlite3/src/sqlite3_lib.erl" -> "/home/pete/wefwefwef/docs/other/2174523473/repo/dnet-master/.xml/erlang-sqlite3/sqlite3_lib.xml"
Generating HTML - sqlite3_lib "/home/pete/wefwefwef/docs/other/2174523473/repo/dnet-master/.xml/erlang-sqlite3/sqlite3_lib.xml"
Reading XML for "/home/pete/wefwefwef/docs/other/2174523473/repo/dnet-master/.xml/erlang-sqlite3/sqlite3_lib.xml"
Reading XML for "/home/pete/wefwefwef/docs/other/2174523473/repo/dnet-master/.xml/specs_sqlite3_lib.xml"
Creating index.html ...
Creating erldocs_index.js ...
Woot, finished in 0 Minutes 1 Seconds
 :: Discovering other repos
$ 5000  `rm -r '/home/pete/wefwefwef/docs/other/2174523473/erlang-sqlite3-branch-dnet-master'  2>&1`
 :: Processing https://github.com/alexeyr/erlang-sqlite3	{rev,branch,"improved-async","ef7f1a91adfcf8de713a2d30ad0cc041a42b8554",undefined,[],[]}
 :: Fetching repo code
$ cd "/home/pete/wefwefwef/docs/other/2174523473/erlang-sqlite3-branch-improved-async/erlang-sqlite3"
$ infinity  `curl --fail --silent --show-error --location --output 'improved-async.zip' 'https://github.com/alexeyr/erlang-sqlite3/archive/improved-async.zip'  2>&1`
$ cd "/home/pete/wefwefwef/docs/erldocs_other.git"
$ cd "/home/pete/wefwefwef/docs/other/2174523473/erlang-sqlite3-branch-improved-async/erlang-sqlite3"
$ 5000  `find -P . -type l -delete  2>&1`
$ cd "/home/pete/wefwefwef/docs/erldocs_other.git"
$ cd "/home/pete/wefwefwef/docs/other/2174523473/erlang-sqlite3-branch-improved-async/erlang-sqlite3"
$ 5000  `find 'erlang-sqlite3-improved-async' -mindepth 1 -maxdepth 1 -exec mv -t . -- {} +  2>&1`
$ cd "/home/pete/wefwefwef/docs/erldocs_other.git"
 :: Getting dependencies
$ cd "/home/pete/wefwefwef/docs/other/2174523473/erlang-sqlite3-branch-improved-async/erlang-sqlite3"
$ 5000  `ls -1 deps/  2>&1`
$ cd "/home/pete/wefwefwef/docs/erldocs_other.git"
>>> [rebar] deps = []
 :: Generating erldocs into /home/pete/wefwefwef/docs/other/2174523473/repo/improved-async
Building erlang-sqlite3
Generating Type Specs - "/home/pete/wefwefwef/docs/other/2174523473/erlang-sqlite3-branch-improved-async/erlang-sqlite3/test.erl"
/home/pete/wefwefwef/docs/other/2174523473/erlang-sqlite3-branch-improved-async/erlang-sqlite3/test.erl: at line 1: syntax error before: '#'
EDoc could not process file '/home/pete/wefwefwef/docs/other/2174523473/erlang-sqlite3-branch-improved-async/erlang-sqlite3/test.erl'
Error generating type specs for "/home/pete/wefwefwef/docs/other/2174523473/erlang-sqlite3-branch-improved-async/erlang-sqlite3/test.erl"
Generating Type Specs - "/home/pete/wefwefwef/docs/other/2174523473/erlang-sqlite3-branch-improved-async/erlang-sqlite3/src/sqlite3.erl"
Generating Type Specs - "/home/pete/wefwefwef/docs/other/2174523473/erlang-sqlite3-branch-improved-async/erlang-sqlite3/src/sqlite3_lib.erl"
Generating XML for application erlang-sqlite3 "/home/pete/wefwefwef/docs/other/2174523473/erlang-sqlite3-branch-improved-async/erlang-sqlite3" -> "/home/pete/wefwefwef/docs/other/2174523473/repo/improved-async/.xml/erlang-sqlite3"
/home/pete/wefwefwef/docs/other/2174523473/erlang-sqlite3-branch-improved-async/erlang-sqlite3/src/sqlite3.erl, in module footer: at line 1216: unknown error parsing type definition: {1217,edoc_parser,
                                        ["syntax error before: ","which"]}.
edoc: skipping source file '/home/pete/wefwefwef/docs/other/2174523473/erlang-sqlite3-branch-improved-async/erlang-sqlite3/src/sqlite3.erl': {'EXIT',
                                                                                                                                        error}.
edoc: error in doclet 'edoc_doclet': {'EXIT',error}.
Error generating erlang-sqlite3 XMLs. Using fallback ...
Generating XML erlang-sqlite3 - test "/home/pete/wefwefwef/docs/other/2174523473/erlang-sqlite3-branch-improved-async/erlang-sqlite3/test.erl" -> "/home/pete/wefwefwef/docs/other/2174523473/repo/improved-async/.xml/erlang-sqlite3/test.xml"
/home/pete/wefwefwef/docs/other/2174523473/erlang-sqlite3-branch-improved-async/erlang-sqlite3/test.erl: at line 1: syntax error before: '#'
Error generating XML ("/home/pete/wefwefwef/docs/other/2174523473/erlang-sqlite3-branch-improved-async/erlang-sqlite3/test.erl"): {'EXIT',
                                                                                                                                   error}
Generating XML erlang-sqlite3 - sqlite3 "/home/pete/wefwefwef/docs/other/2174523473/erlang-sqlite3-branch-improved-async/erlang-sqlite3/src/sqlite3.erl" -> "/home/pete/wefwefwef/docs/other/2174523473/repo/improved-async/.xml/erlang-sqlite3/sqlite3.xml"
/home/pete/wefwefwef/docs/other/2174523473/erlang-sqlite3-branch-improved-async/erlang-sqlite3/src/sqlite3.erl, in module footer: at line 1216: unknown error parsing type definition: {1217,edoc_parser,
                                        ["syntax error before: ","which"]}.
Error generating XML ("/home/pete/wefwefwef/docs/other/2174523473/erlang-sqlite3-branch-improved-async/erlang-sqlite3/src/sqlite3.erl"): {'EXIT',
                                                                                                                                          error}
Generating XML erlang-sqlite3 - sqlite3_lib "/home/pete/wefwefwef/docs/other/2174523473/erlang-sqlite3-branch-improved-async/erlang-sqlite3/src/sqlite3_lib.erl" -> "/home/pete/wefwefwef/docs/other/2174523473/repo/improved-async/.xml/erlang-sqlite3/sqlite3_lib.xml"
Generating HTML - sqlite3_lib "/home/pete/wefwefwef/docs/other/2174523473/repo/improved-async/.xml/erlang-sqlite3/sqlite3_lib.xml"
Reading XML for "/home/pete/wefwefwef/docs/other/2174523473/repo/improved-async/.xml/erlang-sqlite3/sqlite3_lib.xml"
Reading XML for "/home/pete/wefwefwef/docs/other/2174523473/repo/improved-async/.xml/specs_sqlite3_lib.xml"
Creating index.html ...
Creating erldocs_index.js ...
Woot, finished in 0 Minutes 1 Seconds
 :: Discovering other repos
$ 5000  `rm -r '/home/pete/wefwefwef/docs/other/2174523473/erlang-sqlite3-branch-improved-async'  2>&1`
 :: Processing https://github.com/alexeyr/erlang-sqlite3	{rev,branch,"issue15","15973733f39fa20b9adfc2ecc8d1471a8934d599",undefined,[],[]}
 :: Fetching repo code
$ cd "/home/pete/wefwefwef/docs/other/2174523473/erlang-sqlite3-branch-issue15/erlang-sqlite3"
$ infinity  `curl --fail --silent --show-error --location --output 'issue15.zip' 'https://github.com/alexeyr/erlang-sqlite3/archive/issue15.zip'  2>&1`
$ cd "/home/pete/wefwefwef/docs/erldocs_other.git"
$ cd "/home/pete/wefwefwef/docs/other/2174523473/erlang-sqlite3-branch-issue15/erlang-sqlite3"
$ 5000  `find -P . -type l -delete  2>&1`
$ cd "/home/pete/wefwefwef/docs/erldocs_other.git"
$ cd "/home/pete/wefwefwef/docs/other/2174523473/erlang-sqlite3-branch-issue15/erlang-sqlite3"
$ 5000  `find 'erlang-sqlite3-issue15' -mindepth 1 -maxdepth 1 -exec mv -t . -- {} +  2>&1`
$ cd "/home/pete/wefwefwef/docs/erldocs_other.git"
 :: Getting dependencies
$ cd "/home/pete/wefwefwef/docs/other/2174523473/erlang-sqlite3-branch-issue15/erlang-sqlite3"
$ 5000  `ls -1 deps/  2>&1`
$ cd "/home/pete/wefwefwef/docs/erldocs_other.git"
>>> [rebar] deps = []
 :: Generating erldocs into /home/pete/wefwefwef/docs/other/2174523473/repo/issue15
Building erlang-sqlite3
Generating Type Specs - "/home/pete/wefwefwef/docs/other/2174523473/erlang-sqlite3-branch-issue15/erlang-sqlite3/test.erl"
/home/pete/wefwefwef/docs/other/2174523473/erlang-sqlite3-branch-issue15/erlang-sqlite3/test.erl: at line 1: syntax error before: '#'
EDoc could not process file '/home/pete/wefwefwef/docs/other/2174523473/erlang-sqlite3-branch-issue15/erlang-sqlite3/test.erl'
Error generating type specs for "/home/pete/wefwefwef/docs/other/2174523473/erlang-sqlite3-branch-issue15/erlang-sqlite3/test.erl"
Generating Type Specs - "/home/pete/wefwefwef/docs/other/2174523473/erlang-sqlite3-branch-issue15/erlang-sqlite3/src/sqlite3.erl"
Generating Type Specs - "/home/pete/wefwefwef/docs/other/2174523473/erlang-sqlite3-branch-issue15/erlang-sqlite3/src/sqlite3_lib.erl"
Generating XML for application erlang-sqlite3 "/home/pete/wefwefwef/docs/other/2174523473/erlang-sqlite3-branch-issue15/erlang-sqlite3" -> "/home/pete/wefwefwef/docs/other/2174523473/repo/issue15/.xml/erlang-sqlite3"
Generated erlang-sqlite3 XMLs: ["/home/pete/wefwefwef/docs/other/2174523473/repo/issue15/.xml/erlang-sqlite3/sqlite3.xml",
                                "/home/pete/wefwefwef/docs/other/2174523473/repo/issue15/.xml/erlang-sqlite3/sqlite3_lib.xml"]
Generating HTML - sqlite3_lib "/home/pete/wefwefwef/docs/other/2174523473/repo/issue15/.xml/erlang-sqlite3/sqlite3_lib.xml"
Reading XML for "/home/pete/wefwefwef/docs/other/2174523473/repo/issue15/.xml/erlang-sqlite3/sqlite3_lib.xml"
Reading XML for "/home/pete/wefwefwef/docs/other/2174523473/repo/issue15/.xml/specs_sqlite3_lib.xml"
Generating HTML - sqlite3 "/home/pete/wefwefwef/docs/other/2174523473/repo/issue15/.xml/erlang-sqlite3/sqlite3.xml"
Reading XML for "/home/pete/wefwefwef/docs/other/2174523473/repo/issue15/.xml/erlang-sqlite3/sqlite3.xml"
Reading XML for "/home/pete/wefwefwef/docs/other/2174523473/repo/issue15/.xml/specs_sqlite3.xml"
Creating index.html ...
Creating erldocs_index.js ...
Woot, finished in 0 Minutes 1 Seconds
 :: Discovering other repos
$ 5000  `rm -r '/home/pete/wefwefwef/docs/other/2174523473/erlang-sqlite3-branch-issue15'  2>&1`
 :: Processing https://github.com/alexeyr/erlang-sqlite3	{rev,branch,"master","4ce6211e1063fe6e27e6241f6793136a3cc27bf2",undefined,[],[]}
 :: Fetching repo code
$ cd "/home/pete/wefwefwef/docs/other/2174523473/erlang-sqlite3-branch-master/erlang-sqlite3"
$ infinity  `curl --fail --silent --show-error --location --output 'master.zip' 'https://github.com/alexeyr/erlang-sqlite3/archive/master.zip'  2>&1`
$ cd "/home/pete/wefwefwef/docs/erldocs_other.git"
$ cd "/home/pete/wefwefwef/docs/other/2174523473/erlang-sqlite3-branch-master/erlang-sqlite3"
$ 5000  `find -P . -type l -delete  2>&1`
$ cd "/home/pete/wefwefwef/docs/erldocs_other.git"
$ cd "/home/pete/wefwefwef/docs/other/2174523473/erlang-sqlite3-branch-master/erlang-sqlite3"
$ 5000  `find 'erlang-sqlite3-master' -mindepth 1 -maxdepth 1 -exec mv -t . -- {} +  2>&1`
$ cd "/home/pete/wefwefwef/docs/erldocs_other.git"
 :: Getting dependencies
$ cd "/home/pete/wefwefwef/docs/other/2174523473/erlang-sqlite3-branch-master/erlang-sqlite3"
$ 5000  `ls -1 deps/  2>&1`
$ cd "/home/pete/wefwefwef/docs/erldocs_other.git"
>>> [rebar] deps = []
 :: Generating erldocs into /home/pete/wefwefwef/docs/other/2174523473/repo/master
Building erlang-sqlite3
Generating Type Specs - "/home/pete/wefwefwef/docs/other/2174523473/erlang-sqlite3-branch-master/erlang-sqlite3/test.erl"
/home/pete/wefwefwef/docs/other/2174523473/erlang-sqlite3-branch-master/erlang-sqlite3/test.erl: at line 1: syntax error before: '#'
EDoc could not process file '/home/pete/wefwefwef/docs/other/2174523473/erlang-sqlite3-branch-master/erlang-sqlite3/test.erl'
Error generating type specs for "/home/pete/wefwefwef/docs/other/2174523473/erlang-sqlite3-branch-master/erlang-sqlite3/test.erl"
Generating Type Specs - "/home/pete/wefwefwef/docs/other/2174523473/erlang-sqlite3-branch-master/erlang-sqlite3/src/sqlite3.erl"
Generating Type Specs - "/home/pete/wefwefwef/docs/other/2174523473/erlang-sqlite3-branch-master/erlang-sqlite3/src/sqlite3_lib.erl"
Generating XML for application erlang-sqlite3 "/home/pete/wefwefwef/docs/other/2174523473/erlang-sqlite3-branch-master/erlang-sqlite3" -> "/home/pete/wefwefwef/docs/other/2174523473/repo/master/.xml/erlang-sqlite3"
/home/pete/wefwefwef/docs/other/2174523473/erlang-sqlite3-branch-master/erlang-sqlite3/src/sqlite3.erl, in module footer: at line 1249: unknown error parsing type definition: {1250,edoc_parser,
                                        ["syntax error before: ","which"]}.
edoc: skipping source file '/home/pete/wefwefwef/docs/other/2174523473/erlang-sqlite3-branch-master/erlang-sqlite3/src/sqlite3.erl': {'EXIT',
                                                                                                                                error}.
edoc: error in doclet 'edoc_doclet': {'EXIT',error}.
Error generating erlang-sqlite3 XMLs. Using fallback ...
Generating XML erlang-sqlite3 - test "/home/pete/wefwefwef/docs/other/2174523473/erlang-sqlite3-branch-master/erlang-sqlite3/test.erl" -> "/home/pete/wefwefwef/docs/other/2174523473/repo/master/.xml/erlang-sqlite3/test.xml"
/home/pete/wefwefwef/docs/other/2174523473/erlang-sqlite3-branch-master/erlang-sqlite3/test.erl: at line 1: syntax error before: '#'
Error generating XML ("/home/pete/wefwefwef/docs/other/2174523473/erlang-sqlite3-branch-master/erlang-sqlite3/test.erl"): {'EXIT',
                                                                                                                           error}
Generating XML erlang-sqlite3 - sqlite3 "/home/pete/wefwefwef/docs/other/2174523473/erlang-sqlite3-branch-master/erlang-sqlite3/src/sqlite3.erl" -> "/home/pete/wefwefwef/docs/other/2174523473/repo/master/.xml/erlang-sqlite3/sqlite3.xml"
/home/pete/wefwefwef/docs/other/2174523473/erlang-sqlite3-branch-master/erlang-sqlite3/src/sqlite3.erl, in module footer: at line 1249: unknown error parsing type definition: {1250,edoc_parser,
                                        ["syntax error before: ","which"]}.
Error generating XML ("/home/pete/wefwefwef/docs/other/2174523473/erlang-sqlite3-branch-master/erlang-sqlite3/src/sqlite3.erl"): {'EXIT',
                                                                                                                                  error}
Generating XML erlang-sqlite3 - sqlite3_lib "/home/pete/wefwefwef/docs/other/2174523473/erlang-sqlite3-branch-master/erlang-sqlite3/src/sqlite3_lib.erl" -> "/home/pete/wefwefwef/docs/other/2174523473/repo/master/.xml/erlang-sqlite3/sqlite3_lib.xml"
Generating HTML - sqlite3_lib "/home/pete/wefwefwef/docs/other/2174523473/repo/master/.xml/erlang-sqlite3/sqlite3_lib.xml"
Reading XML for "/home/pete/wefwefwef/docs/other/2174523473/repo/master/.xml/erlang-sqlite3/sqlite3_lib.xml"
Reading XML for "/home/pete/wefwefwef/docs/other/2174523473/repo/master/.xml/specs_sqlite3_lib.xml"
Creating index.html ...
Creating erldocs_index.js ...
Woot, finished in 0 Minutes 1 Seconds
 :: Discovering other repos
$ 5000  `rm -r '/home/pete/wefwefwef/docs/other/2174523473/erlang-sqlite3-branch-master'  2>&1`
 :: Processing https://github.com/alexeyr/erlang-sqlite3	{rev,branch,"rebar_vsn","82a3eb71aeb3a4741b6c02a94368d66b44b5c062",undefined,[],[]}
 :: Fetching repo code
$ cd "/home/pete/wefwefwef/docs/other/2174523473/erlang-sqlite3-branch-rebar_vsn/erlang-sqlite3"
$ infinity  `curl --fail --silent --show-error --location --output 'rebar_vsn.zip' 'https://github.com/alexeyr/erlang-sqlite3/archive/rebar_vsn.zip'  2>&1`
$ cd "/home/pete/wefwefwef/docs/erldocs_other.git"
$ cd "/home/pete/wefwefwef/docs/other/2174523473/erlang-sqlite3-branch-rebar_vsn/erlang-sqlite3"
$ 5000  `find -P . -type l -delete  2>&1`
$ cd "/home/pete/wefwefwef/docs/erldocs_other.git"
$ cd "/home/pete/wefwefwef/docs/other/2174523473/erlang-sqlite3-branch-rebar_vsn/erlang-sqlite3"
$ 5000  `find 'erlang-sqlite3-rebar_vsn' -mindepth 1 -maxdepth 1 -exec mv -t . -- {} +  2>&1`
$ cd "/home/pete/wefwefwef/docs/erldocs_other.git"
 :: Getting dependencies
$ cd "/home/pete/wefwefwef/docs/other/2174523473/erlang-sqlite3-branch-rebar_vsn/erlang-sqlite3"
$ infinity  `rebar --config '/home/pete/wefwefwef/docs/other/2174523473/erlang-sqlite3-branch-rebar_vsn/rebar_deps' get-deps  2>&1`
$ cd "/home/pete/wefwefwef/docs/erldocs_other.git"
$ cd "/home/pete/wefwefwef/docs/other/2174523473/erlang-sqlite3-branch-rebar_vsn/erlang-sqlite3"
$ 5000  `find -P . -type l -delete  2>&1`
$ cd "/home/pete/wefwefwef/docs/erldocs_other.git"
$ cd "/home/pete/wefwefwef/docs/other/2174523473/erlang-sqlite3-branch-rebar_vsn/erlang-sqlite3"
$ 5000  `ls -1 deps/  2>&1`
$ cd "/home/pete/wefwefwef/docs/erldocs_other.git"
>>> [rebar] deps = ["rebar_vsn_plugin"]
 :: Generating erldocs into /home/pete/wefwefwef/docs/other/2174523473/repo/rebar_vsn
Building erlang-sqlite3
Generating Type Specs - "/home/pete/wefwefwef/docs/other/2174523473/erlang-sqlite3-branch-rebar_vsn/erlang-sqlite3/test.erl"
/home/pete/wefwefwef/docs/other/2174523473/erlang-sqlite3-branch-rebar_vsn/erlang-sqlite3/test.erl: at line 1: syntax error before: '#'
EDoc could not process file '/home/pete/wefwefwef/docs/other/2174523473/erlang-sqlite3-branch-rebar_vsn/erlang-sqlite3/test.erl'
Error generating type specs for "/home/pete/wefwefwef/docs/other/2174523473/erlang-sqlite3-branch-rebar_vsn/erlang-sqlite3/test.erl"
Generating Type Specs - "/home/pete/wefwefwef/docs/other/2174523473/erlang-sqlite3-branch-rebar_vsn/erlang-sqlite3/src/sqlite3.erl"
Generating Type Specs - "/home/pete/wefwefwef/docs/other/2174523473/erlang-sqlite3-branch-rebar_vsn/erlang-sqlite3/src/sqlite3_lib.erl"
Generating XML for application erlang-sqlite3 "/home/pete/wefwefwef/docs/other/2174523473/erlang-sqlite3-branch-rebar_vsn/erlang-sqlite3" -> "/home/pete/wefwefwef/docs/other/2174523473/repo/rebar_vsn/.xml/erlang-sqlite3"
/home/pete/wefwefwef/docs/other/2174523473/erlang-sqlite3-branch-rebar_vsn/erlang-sqlite3/src/sqlite3.erl, in module footer: at line 1215: unknown error parsing type definition: {1216,edoc_parser,
                                        ["syntax error before: ","which"]}.
edoc: skipping source file '/home/pete/wefwefwef/docs/other/2174523473/erlang-sqlite3-branch-rebar_vsn/erlang-sqlite3/src/sqlite3.erl': {'EXIT',
                                                                                                                                   error}.
edoc: error in doclet 'edoc_doclet': {'EXIT',error}.
Error generating erlang-sqlite3 XMLs. Using fallback ...
Generating XML erlang-sqlite3 - test "/home/pete/wefwefwef/docs/other/2174523473/erlang-sqlite3-branch-rebar_vsn/erlang-sqlite3/test.erl" -> "/home/pete/wefwefwef/docs/other/2174523473/repo/rebar_vsn/.xml/erlang-sqlite3/test.xml"
/home/pete/wefwefwef/docs/other/2174523473/erlang-sqlite3-branch-rebar_vsn/erlang-sqlite3/test.erl: at line 1: syntax error before: '#'
Error generating XML ("/home/pete/wefwefwef/docs/other/2174523473/erlang-sqlite3-branch-rebar_vsn/erlang-sqlite3/test.erl"): {'EXIT',
                                                                                                                              error}
Generating XML erlang-sqlite3 - sqlite3 "/home/pete/wefwefwef/docs/other/2174523473/erlang-sqlite3-branch-rebar_vsn/erlang-sqlite3/src/sqlite3.erl" -> "/home/pete/wefwefwef/docs/other/2174523473/repo/rebar_vsn/.xml/erlang-sqlite3/sqlite3.xml"
/home/pete/wefwefwef/docs/other/2174523473/erlang-sqlite3-branch-rebar_vsn/erlang-sqlite3/src/sqlite3.erl, in module footer: at line 1215: unknown error parsing type definition: {1216,edoc_parser,
                                        ["syntax error before: ","which"]}.
Error generating XML ("/home/pete/wefwefwef/docs/other/2174523473/erlang-sqlite3-branch-rebar_vsn/erlang-sqlite3/src/sqlite3.erl"): {'EXIT',
                                                                                                                                     error}
Generating XML erlang-sqlite3 - sqlite3_lib "/home/pete/wefwefwef/docs/other/2174523473/erlang-sqlite3-branch-rebar_vsn/erlang-sqlite3/src/sqlite3_lib.erl" -> "/home/pete/wefwefwef/docs/other/2174523473/repo/rebar_vsn/.xml/erlang-sqlite3/sqlite3_lib.xml"
Generating HTML - sqlite3_lib "/home/pete/wefwefwef/docs/other/2174523473/repo/rebar_vsn/.xml/erlang-sqlite3/sqlite3_lib.xml"
Reading XML for "/home/pete/wefwefwef/docs/other/2174523473/repo/rebar_vsn/.xml/erlang-sqlite3/sqlite3_lib.xml"
Reading XML for "/home/pete/wefwefwef/docs/other/2174523473/repo/rebar_vsn/.xml/specs_sqlite3_lib.xml"
Creating index.html ...
Creating erldocs_index.js ...
Woot, finished in 0 Minutes 1 Seconds
 :: Discovering other repos
$ 5000  `rm -r '/home/pete/wefwefwef/docs/other/2174523473/erlang-sqlite3-branch-rebar_vsn'  2>&1`
 :: Processing https://github.com/alexeyr/erlang-sqlite3	{rev,branch,"single-codebase","d0701903aa3271ab62137cc2630edbf94bc340a4",undefined,[],[]}
 :: Fetching repo code
$ cd "/home/pete/wefwefwef/docs/other/2174523473/erlang-sqlite3-branch-single-codebase/erlang-sqlite3"
$ infinity  `curl --fail --silent --show-error --location --output 'single-codebase.zip' 'https://github.com/alexeyr/erlang-sqlite3/archive/single-codebase.zip'  2>&1`
$ cd "/home/pete/wefwefwef/docs/erldocs_other.git"
$ cd "/home/pete/wefwefwef/docs/other/2174523473/erlang-sqlite3-branch-single-codebase/erlang-sqlite3"
$ 5000  `find -P . -type l -delete  2>&1`
$ cd "/home/pete/wefwefwef/docs/erldocs_other.git"
$ cd "/home/pete/wefwefwef/docs/other/2174523473/erlang-sqlite3-branch-single-codebase/erlang-sqlite3"
$ 5000  `find 'erlang-sqlite3-single-codebase' -mindepth 1 -maxdepth 1 -exec mv -t . -- {} +  2>&1`
$ cd "/home/pete/wefwefwef/docs/erldocs_other.git"
 :: Getting dependencies
$ cd "/home/pete/wefwefwef/docs/other/2174523473/erlang-sqlite3-branch-single-codebase/erlang-sqlite3"
$ 5000  `ls -1 deps/  2>&1`
$ cd "/home/pete/wefwefwef/docs/erldocs_other.git"
>>> [rebar] deps = []
 :: Generating erldocs into /home/pete/wefwefwef/docs/other/2174523473/repo/single-codebase
Building erlang-sqlite3
Generating Type Specs - "/home/pete/wefwefwef/docs/other/2174523473/erlang-sqlite3-branch-single-codebase/erlang-sqlite3/test.erl"
/home/pete/wefwefwef/docs/other/2174523473/erlang-sqlite3-branch-single-codebase/erlang-sqlite3/test.erl: at line 1: syntax error before: '#'
EDoc could not process file '/home/pete/wefwefwef/docs/other/2174523473/erlang-sqlite3-branch-single-codebase/erlang-sqlite3/test.erl'
Error generating type specs for "/home/pete/wefwefwef/docs/other/2174523473/erlang-sqlite3-branch-single-codebase/erlang-sqlite3/test.erl"
Generating Type Specs - "/home/pete/wefwefwef/docs/other/2174523473/erlang-sqlite3-branch-single-codebase/erlang-sqlite3/src/sqlite3.erl"
Generating Type Specs - "/home/pete/wefwefwef/docs/other/2174523473/erlang-sqlite3-branch-single-codebase/erlang-sqlite3/src/sqlite3_lib.erl"
Generating XML for application erlang-sqlite3 "/home/pete/wefwefwef/docs/other/2174523473/erlang-sqlite3-branch-single-codebase/erlang-sqlite3" -> "/home/pete/wefwefwef/docs/other/2174523473/repo/single-codebase/.xml/erlang-sqlite3"
/home/pete/wefwefwef/docs/other/2174523473/erlang-sqlite3-branch-single-codebase/erlang-sqlite3/src/sqlite3.erl, in module footer: at line 1214: unknown error parsing type definition: {1215,edoc_parser,
                                        ["syntax error before: ","which"]}.
edoc: skipping source file '/home/pete/wefwefwef/docs/other/2174523473/erlang-sqlite3-branch-single-codebase/erlang-sqlite3/src/sqlite3.erl': {'EXIT',
                                                                                                                                         error}.
edoc: error in doclet 'edoc_doclet': {'EXIT',error}.
Error generating erlang-sqlite3 XMLs. Using fallback ...
Generating XML erlang-sqlite3 - test "/home/pete/wefwefwef/docs/other/2174523473/erlang-sqlite3-branch-single-codebase/erlang-sqlite3/test.erl" -> "/home/pete/wefwefwef/docs/other/2174523473/repo/single-codebase/.xml/erlang-sqlite3/test.xml"
/home/pete/wefwefwef/docs/other/2174523473/erlang-sqlite3-branch-single-codebase/erlang-sqlite3/test.erl: at line 1: syntax error before: '#'
Error generating XML ("/home/pete/wefwefwef/docs/other/2174523473/erlang-sqlite3-branch-single-codebase/erlang-sqlite3/test.erl"): {'EXIT',
                                                                                                                                    error}
Generating XML erlang-sqlite3 - sqlite3 "/home/pete/wefwefwef/docs/other/2174523473/erlang-sqlite3-branch-single-codebase/erlang-sqlite3/src/sqlite3.erl" -> "/home/pete/wefwefwef/docs/other/2174523473/repo/single-codebase/.xml/erlang-sqlite3/sqlite3.xml"
/home/pete/wefwefwef/docs/other/2174523473/erlang-sqlite3-branch-single-codebase/erlang-sqlite3/src/sqlite3.erl, in module footer: at line 1214: unknown error parsing type definition: {1215,edoc_parser,
                                        ["syntax error before: ","which"]}.
Error generating XML ("/home/pete/wefwefwef/docs/other/2174523473/erlang-sqlite3-branch-single-codebase/erlang-sqlite3/src/sqlite3.erl"): {'EXIT',
                                                                                                                                           error}
Generating XML erlang-sqlite3 - sqlite3_lib "/home/pete/wefwefwef/docs/other/2174523473/erlang-sqlite3-branch-single-codebase/erlang-sqlite3/src/sqlite3_lib.erl" -> "/home/pete/wefwefwef/docs/other/2174523473/repo/single-codebase/.xml/erlang-sqlite3/sqlite3_lib.xml"
Generating HTML - sqlite3_lib "/home/pete/wefwefwef/docs/other/2174523473/repo/single-codebase/.xml/erlang-sqlite3/sqlite3_lib.xml"
Reading XML for "/home/pete/wefwefwef/docs/other/2174523473/repo/single-codebase/.xml/erlang-sqlite3/sqlite3_lib.xml"
Reading XML for "/home/pete/wefwefwef/docs/other/2174523473/repo/single-codebase/.xml/specs_sqlite3_lib.xml"
Creating index.html ...
Creating erldocs_index.js ...
Woot, finished in 0 Minutes 1 Seconds
 :: Discovering other repos
$ 5000  `rm -r '/home/pete/wefwefwef/docs/other/2174523473/erlang-sqlite3-branch-single-codebase'  2>&1`
 :: Finishing up
$ 5000  `rm -r '/home/pete/wefwefwef/docs/other/2174523473/erlang-sqlite3'  2>&1`
