 :: Extracting meta information
$ 5000  `git ls-remote --heads --tags 'https://github.com/thomasc/dead'  2>&1`
>>> [repo] 1 branches, 0 tags
 :: Writing meta to "/home/pete/wefwefwef/docs/other/2688580162/meta.txt"
 :: Processing https://github.com/thomasc/dead	{rev,branch,"master","60ccd9a099b5adf5e52a98e2f83c3323cdda1008"}
 :: Fetching repo code
$ cd "/home/pete/wefwefwef/docs/other/2688580162/dead-branch-master/dead"
$ infinity  `curl --fail --silent --show-error --location --output 'master.zip' 'https://github.com/thomasc/dead/archive/master.zip'  2>&1`
$ cd "/home/pete/wefwefwef/docs/erldocs_other.git"
$ cd "/home/pete/wefwefwef/docs/other/2688580162/dead-branch-master/dead"
$ 5000  `find -P . -type l -delete  2>&1`
$ cd "/home/pete/wefwefwef/docs/erldocs_other.git"
$ cd "/home/pete/wefwefwef/docs/other/2688580162/dead-branch-master/dead"
$ 5000  `find 'dead-master' -mindepth 1 -maxdepth 1 -exec mv -t . -- {} +  2>&1`
$ cd "/home/pete/wefwefwef/docs/erldocs_other.git"
 :: Getting dependencies
$ cd "/home/pete/wefwefwef/docs/other/2688580162/dead-branch-master/dead"
$ 5000  `ls -1 deps/  2>&1`
$ cd "/home/pete/wefwefwef/docs/erldocs_other.git"
>>> [rebar] deps = []
 :: Generating erldocs into /home/pete/wefwefwef/docs/other/2688580162/repo/master
Building dead
Generating Type Specs - "/home/pete/wefwefwef/docs/other/2688580162/dead-branch-master/dead/apps/dead/src/dead.erl"
Generating Type Specs - "/home/pete/wefwefwef/docs/other/2688580162/dead-branch-master/dead/apps/dead/src/dead_app.erl"
Generating Type Specs - "/home/pete/wefwefwef/docs/other/2688580162/dead-branch-master/dead/apps/dead/src/dead_sup.erl"
Generating XML for application dead "/home/pete/wefwefwef/docs/other/2688580162/dead-branch-master/dead/apps/dead" -> "/home/pete/wefwefwef/docs/other/2688580162/repo/master/.xml/dead"
Generated dead XMLs: ["/home/pete/wefwefwef/docs/other/2688580162/repo/master/.xml/dead/dead_app.xml",
                      "/home/pete/wefwefwef/docs/other/2688580162/repo/master/.xml/dead/dead.xml",
                      "/home/pete/wefwefwef/docs/other/2688580162/repo/master/.xml/dead/dead_sup.xml"]
Generating HTML - dead_sup "/home/pete/wefwefwef/docs/other/2688580162/repo/master/.xml/dead/dead_sup.xml"
Reading XML for "/home/pete/wefwefwef/docs/other/2688580162/repo/master/.xml/dead/dead_sup.xml"
Reading XML for "/home/pete/wefwefwef/docs/other/2688580162/repo/master/.xml/specs_dead_sup.xml"
Generating HTML - dead "/home/pete/wefwefwef/docs/other/2688580162/repo/master/.xml/dead/dead.xml"
Reading XML for "/home/pete/wefwefwef/docs/other/2688580162/repo/master/.xml/dead/dead.xml"
Reading XML for "/home/pete/wefwefwef/docs/other/2688580162/repo/master/.xml/specs_dead.xml"
Generating HTML - dead_app "/home/pete/wefwefwef/docs/other/2688580162/repo/master/.xml/dead/dead_app.xml"
Reading XML for "/home/pete/wefwefwef/docs/other/2688580162/repo/master/.xml/dead/dead_app.xml"
Reading XML for "/home/pete/wefwefwef/docs/other/2688580162/repo/master/.xml/specs_dead_app.xml"
Building dead
Generating XML for application dead "/home/pete/wefwefwef/docs/other/2688580162/dead-branch-master/dead" -> "/home/pete/wefwefwef/docs/other/2688580162/repo/master/.xml/dead"
Generated dead XMLs: ["/home/pete/wefwefwef/docs/other/2688580162/repo/master/.xml/dead/dead_app.xml",
                      "/home/pete/wefwefwef/docs/other/2688580162/repo/master/.xml/dead/dead.xml",
                      "/home/pete/wefwefwef/docs/other/2688580162/repo/master/.xml/dead/dead_sup.xml"]
Generating HTML - dead_sup "/home/pete/wefwefwef/docs/other/2688580162/repo/master/.xml/dead/dead_sup.xml"
Reading XML for "/home/pete/wefwefwef/docs/other/2688580162/repo/master/.xml/dead/dead_sup.xml"
Reading XML for "/home/pete/wefwefwef/docs/other/2688580162/repo/master/.xml/specs_dead_sup.xml"
Generating HTML - dead "/home/pete/wefwefwef/docs/other/2688580162/repo/master/.xml/dead/dead.xml"
Reading XML for "/home/pete/wefwefwef/docs/other/2688580162/repo/master/.xml/dead/dead.xml"
Reading XML for "/home/pete/wefwefwef/docs/other/2688580162/repo/master/.xml/specs_dead.xml"
Generating HTML - dead_app "/home/pete/wefwefwef/docs/other/2688580162/repo/master/.xml/dead/dead_app.xml"
Reading XML for "/home/pete/wefwefwef/docs/other/2688580162/repo/master/.xml/dead/dead_app.xml"
Reading XML for "/home/pete/wefwefwef/docs/other/2688580162/repo/master/.xml/specs_dead_app.xml"
Creating index.html ...
Creating erldocs_index.js ...
Woot, finished in 0 Minutes 0 Seconds
 :: Discovering other repos
$ 5000  `rm -r '/home/pete/wefwefwef/docs/other/2688580162/dead-branch-master'  2>&1`
 :: Erldocs finishing up
$ 5000  `rm -r '/home/pete/wefwefwef/docs/other/2688580162/dead'  2>&1`
