 :: Extracting meta information
$ 5000  `git ls-remote --heads --tags 'https://github.com/chaos-ad/thrift-nif-example'  2>&1`
>>> [repo] 1 branches, 0 tags
 :: Writing meta to "/home/pete/wefwefwef/docs/other/1883838846/meta.txt"
 :: Processing https://github.com/chaos-ad/thrift-nif-example	{rev,branch,"master","706b97c72ca6ba8e92c156c74cf369ac3db78cfb",undefined,[],[]}
 :: Fetching repo code
$ cd "/home/pete/wefwefwef/docs/other/1883838846/thrift-nif-example-branch-master/thrift-nif-example"
$ infinity  `curl --fail --silent --show-error --location --output 'master.zip' 'https://github.com/chaos-ad/thrift-nif-example/archive/master.zip'  2>&1`
$ cd "/home/pete/wefwefwef/docs/erldocs_other.git"
$ cd "/home/pete/wefwefwef/docs/other/1883838846/thrift-nif-example-branch-master/thrift-nif-example"
$ 5000  `find -P . -type l -delete  2>&1`
$ cd "/home/pete/wefwefwef/docs/erldocs_other.git"
$ cd "/home/pete/wefwefwef/docs/other/1883838846/thrift-nif-example-branch-master/thrift-nif-example"
$ 5000  `find 'thrift-nif-example-master' -mindepth 1 -maxdepth 1 -exec mv -t . -- {} +  2>&1`
$ cd "/home/pete/wefwefwef/docs/erldocs_other.git"
 :: Getting dependencies
$ cd "/home/pete/wefwefwef/docs/other/1883838846/thrift-nif-example-branch-master/thrift-nif-example"
$ 5000  `ls -1 deps/  2>&1`
$ cd "/home/pete/wefwefwef/docs/erldocs_other.git"
>>> [rebar] deps = []
 :: Generating erldocs into /home/pete/wefwefwef/docs/other/1883838846/repo/master
Building thrift-nif-example
Generating Type Specs - "/home/pete/wefwefwef/docs/other/1883838846/thrift-nif-example-branch-master/thrift-nif-example/src/packer.erl"
Generating Type Specs - "/home/pete/wefwefwef/docs/other/1883838846/thrift-nif-example-branch-master/thrift-nif-example/src/packer_speed_test.erl"
/home/pete/wefwefwef/docs/other/1883838846/thrift-nif-example-branch-master/thrift-nif-example/src/packer_speed_test.erl: at line 4: can't find include lib "thrift/test_types.hrl"
EDoc could not process file '/home/pete/wefwefwef/docs/other/1883838846/thrift-nif-example-branch-master/thrift-nif-example/src/packer_speed_test.erl'
Error generating type specs for "/home/pete/wefwefwef/docs/other/1883838846/thrift-nif-example-branch-master/thrift-nif-example/src/packer_speed_test.erl"
Generating Type Specs - "/home/pete/wefwefwef/docs/other/1883838846/thrift-nif-example-branch-master/thrift-nif-example/src/packer_test.erl"
/home/pete/wefwefwef/docs/other/1883838846/thrift-nif-example-branch-master/thrift-nif-example/src/packer_test.erl: at line 4: can't find include lib "thrift/test_types.hrl"
EDoc could not process file '/home/pete/wefwefwef/docs/other/1883838846/thrift-nif-example-branch-master/thrift-nif-example/src/packer_test.erl'
Error generating type specs for "/home/pete/wefwefwef/docs/other/1883838846/thrift-nif-example-branch-master/thrift-nif-example/src/packer_test.erl"
Generating Type Specs - "/home/pete/wefwefwef/docs/other/1883838846/thrift-nif-example-branch-master/thrift-nif-example/src/thrift_packer.erl"
Generating XML for application thrift-nif-example "/home/pete/wefwefwef/docs/other/1883838846/thrift-nif-example-branch-master/thrift-nif-example" -> "/home/pete/wefwefwef/docs/other/1883838846/repo/master/.xml/thrift-nif-example"
/home/pete/wefwefwef/docs/other/1883838846/thrift-nif-example-branch-master/thrift-nif-example/src/packer_speed_test.erl: at line 4: can't find include lib "thrift/test_types.hrl"
edoc: skipping source file '/home/pete/wefwefwef/docs/other/1883838846/thrift-nif-example-branch-master/thrift-nif-example/src/packer_speed_test.erl': {'EXIT',
                                                                                                                                                  error}.
/home/pete/wefwefwef/docs/other/1883838846/thrift-nif-example-branch-master/thrift-nif-example/src/packer_test.erl: at line 4: can't find include lib "thrift/test_types.hrl"
edoc: skipping source file '/home/pete/wefwefwef/docs/other/1883838846/thrift-nif-example-branch-master/thrift-nif-example/src/packer_test.erl': {'EXIT',
                                                                                                                                            error}.
edoc: error in doclet 'edoc_doclet': {'EXIT',error}.
Error generating thrift-nif-example XMLs. Using fallback ...
Generating XML thrift-nif-example - packer "/home/pete/wefwefwef/docs/other/1883838846/thrift-nif-example-branch-master/thrift-nif-example/src/packer.erl" -> "/home/pete/wefwefwef/docs/other/1883838846/repo/master/.xml/thrift-nif-example/packer.xml"
Generating XML thrift-nif-example - packer_speed_test "/home/pete/wefwefwef/docs/other/1883838846/thrift-nif-example-branch-master/thrift-nif-example/src/packer_speed_test.erl" -> "/home/pete/wefwefwef/docs/other/1883838846/repo/master/.xml/thrift-nif-example/packer_speed_test.xml"
/home/pete/wefwefwef/docs/other/1883838846/thrift-nif-example-branch-master/thrift-nif-example/src/packer_speed_test.erl: at line 4: can't find include lib "thrift/test_types.hrl"
Error generating XML ("/home/pete/wefwefwef/docs/other/1883838846/thrift-nif-example-branch-master/thrift-nif-example/src/packer_speed_test.erl"): {'EXIT',
                                                                                                                                                    error}
Generating XML thrift-nif-example - packer_test "/home/pete/wefwefwef/docs/other/1883838846/thrift-nif-example-branch-master/thrift-nif-example/src/packer_test.erl" -> "/home/pete/wefwefwef/docs/other/1883838846/repo/master/.xml/thrift-nif-example/packer_test.xml"
/home/pete/wefwefwef/docs/other/1883838846/thrift-nif-example-branch-master/thrift-nif-example/src/packer_test.erl: at line 4: can't find include lib "thrift/test_types.hrl"
Error generating XML ("/home/pete/wefwefwef/docs/other/1883838846/thrift-nif-example-branch-master/thrift-nif-example/src/packer_test.erl"): {'EXIT',
                                                                                                                                              error}
Generating XML thrift-nif-example - thrift_packer "/home/pete/wefwefwef/docs/other/1883838846/thrift-nif-example-branch-master/thrift-nif-example/src/thrift_packer.erl" -> "/home/pete/wefwefwef/docs/other/1883838846/repo/master/.xml/thrift-nif-example/thrift_packer.xml"
Generating HTML - packer "/home/pete/wefwefwef/docs/other/1883838846/repo/master/.xml/thrift-nif-example/packer.xml"
Reading XML for "/home/pete/wefwefwef/docs/other/1883838846/repo/master/.xml/thrift-nif-example/packer.xml"
Reading XML for "/home/pete/wefwefwef/docs/other/1883838846/repo/master/.xml/specs_packer.xml"
Generating HTML - thrift_packer "/home/pete/wefwefwef/docs/other/1883838846/repo/master/.xml/thrift-nif-example/thrift_packer.xml"
Reading XML for "/home/pete/wefwefwef/docs/other/1883838846/repo/master/.xml/thrift-nif-example/thrift_packer.xml"
Reading XML for "/home/pete/wefwefwef/docs/other/1883838846/repo/master/.xml/specs_thrift_packer.xml"
Creating index.html ...
Creating erldocs_index.js ...
Woot, finished in 0 Minutes 0 Seconds
 :: Discovering other repos
$ 5000  `rm -r '/home/pete/wefwefwef/docs/other/1883838846/thrift-nif-example-branch-master'  2>&1`
 :: Finishing up
$ 5000  `rm -r '/home/pete/wefwefwef/docs/other/1883838846/thrift-nif-example'  2>&1`
