 :: Extracting meta information
$ 5000  `git ls-remote --heads --tags 'https://github.com/kakaranet/monitor'  2>&1`
>>> [repo] 1 branches, 0 tags
 :: Writing meta to "/home/pete/wefwefwef/docs/other/415033685/meta.txt"
 :: Processing https://github.com/kakaranet/monitor	{rev,branch,"master","348ac7e51721f94c95dc29c611addb5da6e18e57"}
 :: Fetching repo code
$ cd "/home/pete/wefwefwef/docs/other/415033685/monitor-branch-master/monitor"
$ infinity  `curl --fail --silent --show-error --location --output 'master.zip' 'https://github.com/kakaranet/monitor/archive/master.zip'  2>&1`
$ cd "/home/pete/wefwefwef/docs/erldocs_other.git"
$ cd "/home/pete/wefwefwef/docs/other/415033685/monitor-branch-master/monitor"
$ 5000  `find -P . -type l -delete  2>&1`
$ cd "/home/pete/wefwefwef/docs/erldocs_other.git"
$ cd "/home/pete/wefwefwef/docs/other/415033685/monitor-branch-master/monitor"
$ 5000  `find 'monitor-master' -mindepth 1 -maxdepth 1 -exec mv -t . -- {} +  2>&1`
$ cd "/home/pete/wefwefwef/docs/erldocs_other.git"
 :: Getting dependencies
$ cd "/home/pete/wefwefwef/docs/other/415033685/monitor-branch-master/monitor"
$ 5000  `ls -1 deps/  2>&1`
$ cd "/home/pete/wefwefwef/docs/erldocs_other.git"
>>> [rebar] deps = []
 :: Generating erldocs into /home/pete/wefwefwef/docs/other/415033685/repo/master
Building hal
Generating Type Specs - "/home/pete/wefwefwef/docs/other/415033685/monitor-branch-master/monitor/apps/hal/src/hal.erl"
Generating Type Specs - "/home/pete/wefwefwef/docs/other/415033685/monitor-branch-master/monitor/apps/hal/src/hal_app.erl"
Generating Type Specs - "/home/pete/wefwefwef/docs/other/415033685/monitor-branch-master/monitor/apps/hal/src/hal_sup.erl"
Generating Type Specs - "/home/pete/wefwefwef/docs/other/415033685/monitor-branch-master/monitor/apps/hal/src/mochijson2.erl"
Generating Type Specs - "/home/pete/wefwefwef/docs/other/415033685/monitor-branch-master/monitor/apps/hal/src/mochinum.erl"
Generating XML for application hal "/home/pete/wefwefwef/docs/other/415033685/monitor-branch-master/monitor/apps/hal" -> "/home/pete/wefwefwef/docs/other/415033685/repo/master/.xml/hal"
Generated hal XMLs: ["/home/pete/wefwefwef/docs/other/415033685/repo/master/.xml/hal/mochinum.xml",
                     "/home/pete/wefwefwef/docs/other/415033685/repo/master/.xml/hal/hal_app.xml",
                     "/home/pete/wefwefwef/docs/other/415033685/repo/master/.xml/hal/hal_sup.xml",
                     "/home/pete/wefwefwef/docs/other/415033685/repo/master/.xml/hal/mochijson2.xml",
                     "/home/pete/wefwefwef/docs/other/415033685/repo/master/.xml/hal/hal.xml"]
Generating HTML - mochinum "/home/pete/wefwefwef/docs/other/415033685/repo/master/.xml/hal/mochinum.xml"
Generating HTML - hal_app "/home/pete/wefwefwef/docs/other/415033685/repo/master/.xml/hal/hal_app.xml"
Generating HTML - hal_sup "/home/pete/wefwefwef/docs/other/415033685/repo/master/.xml/hal/hal_sup.xml"
Generating HTML - hal "/home/pete/wefwefwef/docs/other/415033685/repo/master/.xml/hal/hal.xml"
Reading XML for "/home/pete/wefwefwef/docs/other/415033685/repo/master/.xml/hal/mochinum.xml"
Reading XML for "/home/pete/wefwefwef/docs/other/415033685/repo/master/.xml/hal/hal_app.xml"
Reading XML for "/home/pete/wefwefwef/docs/other/415033685/repo/master/.xml/hal/hal_sup.xml"
Reading XML for "/home/pete/wefwefwef/docs/other/415033685/repo/master/.xml/hal/hal.xml"
Reading XML for "/home/pete/wefwefwef/docs/other/415033685/repo/master/.xml/specs_hal.xml"
Reading XML for "/home/pete/wefwefwef/docs/other/415033685/repo/master/.xml/specs_hal_sup.xml"
Reading XML for "/home/pete/wefwefwef/docs/other/415033685/repo/master/.xml/specs_mochinum.xml"
Reading XML for "/home/pete/wefwefwef/docs/other/415033685/repo/master/.xml/specs_hal_app.xml"
Generating HTML - mochijson2 "/home/pete/wefwefwef/docs/other/415033685/repo/master/.xml/hal/mochijson2.xml"
Reading XML for "/home/pete/wefwefwef/docs/other/415033685/repo/master/.xml/hal/mochijson2.xml"
Reading XML for "/home/pete/wefwefwef/docs/other/415033685/repo/master/.xml/specs_mochijson2.xml"
Building monitor
Generating XML for application monitor "/home/pete/wefwefwef/docs/other/415033685/monitor-branch-master/monitor" -> "/home/pete/wefwefwef/docs/other/415033685/repo/master/.xml/monitor"
Generated monitor XMLs: ["/home/pete/wefwefwef/docs/other/415033685/repo/master/.xml/monitor/mochinum.xml",
                         "/home/pete/wefwefwef/docs/other/415033685/repo/master/.xml/monitor/hal_app.xml",
                         "/home/pete/wefwefwef/docs/other/415033685/repo/master/.xml/monitor/hal_sup.xml",
                         "/home/pete/wefwefwef/docs/other/415033685/repo/master/.xml/monitor/mochijson2.xml",
                         "/home/pete/wefwefwef/docs/other/415033685/repo/master/.xml/monitor/hal.xml"]
Generating HTML - mochinum "/home/pete/wefwefwef/docs/other/415033685/repo/master/.xml/monitor/mochinum.xml"
Generating HTML - hal_app "/home/pete/wefwefwef/docs/other/415033685/repo/master/.xml/monitor/hal_app.xml"
Generating HTML - hal_sup "/home/pete/wefwefwef/docs/other/415033685/repo/master/.xml/monitor/hal_sup.xml"
Generating HTML - hal "/home/pete/wefwefwef/docs/other/415033685/repo/master/.xml/monitor/hal.xml"
Reading XML for "/home/pete/wefwefwef/docs/other/415033685/repo/master/.xml/monitor/mochinum.xml"
Reading XML for "/home/pete/wefwefwef/docs/other/415033685/repo/master/.xml/monitor/hal_app.xml"
Reading XML for "/home/pete/wefwefwef/docs/other/415033685/repo/master/.xml/monitor/hal_sup.xml"
Reading XML for "/home/pete/wefwefwef/docs/other/415033685/repo/master/.xml/monitor/hal.xml"
Reading XML for "/home/pete/wefwefwef/docs/other/415033685/repo/master/.xml/specs_hal_app.xml"
Reading XML for "/home/pete/wefwefwef/docs/other/415033685/repo/master/.xml/specs_mochinum.xml"
Reading XML for "/home/pete/wefwefwef/docs/other/415033685/repo/master/.xml/specs_hal_sup.xml"
Reading XML for "/home/pete/wefwefwef/docs/other/415033685/repo/master/.xml/specs_hal.xml"
Generating HTML - mochijson2 "/home/pete/wefwefwef/docs/other/415033685/repo/master/.xml/monitor/mochijson2.xml"
Reading XML for "/home/pete/wefwefwef/docs/other/415033685/repo/master/.xml/monitor/mochijson2.xml"
Reading XML for "/home/pete/wefwefwef/docs/other/415033685/repo/master/.xml/specs_mochijson2.xml"
Creating index.html ...
Creating erldocs_index.js ...
Woot, finished in 0 Minutes 1 Seconds
 :: Discovering other repos
$ 5000  `rm -r '/home/pete/wefwefwef/docs/other/415033685/monitor-branch-master'  2>&1`
 :: Erldocs finishing up
$ 5000  `rm -r '/home/pete/wefwefwef/docs/other/415033685/monitor'  2>&1`
