 :: Extracting meta information
$ cd '.'
$ infinity  `git ls-remote --heads --tags https://github.com/esl/mongooseim`
>>> [repo] 56 branches, 14 tags
 :: Writing meta to "/home/pete/wefwefwef/docs/other/3f04467ef908911a09f88dfc058b73f5d31cd279/meta.txt"
 :: Skipping tag "0.9.0"
 :: Skipping tag "1.0.0"
 :: Skipping tag "1.3.0"
 :: Skipping tag "0.1.0-pre"
 :: Skipping tag "1.2.0"
 :: Skipping tag "1.2.1"
 :: Skipping tag "1.2.2"
 :: Skipping tag "1.3.1"
 :: Skipping tag "1.3.2"
 :: Skipping tag "1.4.0"
 :: Skipping tag "1.5.0"
 :: Skipping tag "1.5.1"
 :: Skipping tag "1.6.0"
 :: Skipping branch "0.1.0"
 :: Skipping branch "1.5.1"
 :: Skipping branch "bank"
 :: Skipping branch "bank_mysql"
 :: Skipping branch "c-766964796f"
 :: Skipping branch "c2s_refactoring"
 :: Skipping branch "c2s_testing"
 :: Skipping branch "change-ldap-domain-in-tests"
 :: Skipping branch "check-user-allowed-hook"
 :: Skipping branch "conf-vcard_ldap"
 :: Skipping branch "dialyzer-makefile-refactoring"
 :: Skipping branch "do-not-crash-while-counting-unique-sessions"
 :: Skipping branch "docker-compose"
 :: Skipping branch "docker-ldap"
 :: Skipping branch "ejabberd_admin_coverage"
 :: Skipping branch "empathy-create-room"
 :: Skipping branch "exometer-reporters-stability-improvement"
 :: Skipping branch "fips-support"
 :: Skipping branch "go"
 :: Skipping branch "gocd-impl"
 :: Skipping branch "higher-shapers"
 :: Skipping branch "hook-metrics-or-metric-hooks"
 :: Skipping branch "http-roster-dev"
 :: Skipping branch "introduce-jid-module"
 :: Skipping branch "issue-377"
 :: Skipping branch "jlib-nif"
 :: Skipping branch "key-management"
 :: Skipping branch "mam_http_api"
 :: Skipping branch "mam_v_0_3"
 :: Skipping branch "merge-tests"
 :: Skipping branch "metrics-fix-skipped-hook"
 :: Skipping branch "mnk"
 :: Skipping branch "mod_revproxy"
 :: Skipping branch "mod_roster_riak"
 :: Skipping branch "new-travis"
 :: Skipping branch "new-travis2"
 :: Skipping branch "odbc_fixes"
 :: Skipping branch "old-mod-rest"
 :: Skipping branch "old-mod-rest-rebased"
 :: Skipping branch "origin/gocd-impl"
 :: Skipping branch "phoenix-integration"
 :: Skipping branch "refactor_c2s"
 :: Skipping branch "rel-1.6"
 :: Skipping branch "safer-metrics"
 :: Skipping branch "service_multi_hosts"
 :: Skipping branch "ssl-session-lifetime"
 :: Skipping branch "stable"
 :: Skipping branch "tests-master"
 :: Skipping branch "webconsole"
 :: Skipping branch "wordpress"
 :: Processing https://github.com/esl/mongooseim	{rev,branch,"xep-tool","19f3fd68c80283dbe12bc274b007b8d918b50737",undefined,[],[]}
 :: Fetching repo code
$ cd '/home/pete/wefwefwef/docs/other/3f04467ef908911a09f88dfc058b73f5d31cd279/mongooseim-branch-xep-tool'
$ infinity  `curl --fail --silent --show-error --location --output repo.tar.gz https://codeload.github.com/esl/mongooseim/tar.gz/xep-tool`
 :: Error running eo_core:
	[{eo_scm,fetch,2,[{file,"src/eo_scm.erl"},{line,81}]},
         {eo_core,do,7,[{file,"src/eo_core.erl"},{line,107}]},
         {eo_core,'-main_/1-lc$^0/1-0-',8,
             [{file,"src/eo_core.erl"},{line,85}]},
         {eo_core,main_,1,[{file,"src/eo_core.erl"},{line,85}]},
         {eo_core,main,1,[{file,"src/eo_core.erl"},{line,56}]},
         {eo_core,gen,1,[{file,"src/eo_core.erl"},{line,36}]},
         {gen_escript__escript__1446__638487__360690,seq_gen,4,
             [{file,"./gen.escript"},{line,53}]},
         {escript,run,2,[{file,"escript.erl"},{line,752}]}]
{error,{case_clause,["/home/pete/wefwefwef/docs/other/3f04467ef908911a09f88dfc058b73f5d31cd279/mongooseim-branch-xep-tool/MongooseIM-xep-tool",
                     "/home/pete/wefwefwef/docs/other/3f04467ef908911a09f88dfc058b73f5d31cd279/mongooseim-branch-xep-tool/mongooseim"]}}
 :: Processing https://github.com/esl/mongooseim	{rev,branch,"riak-last","fb9900c3014cccd48424d3329506fd6784dc114a",undefined,[],[]}
 :: Fetching repo code
$ cd '/home/pete/wefwefwef/docs/other/3f04467ef908911a09f88dfc058b73f5d31cd279/mongooseim-branch-riak-last'
$ infinity  `curl --fail --silent --show-error --location --output repo.tar.gz https://codeload.github.com/esl/mongooseim/tar.gz/riak-last`
$ cd '/home/pete/wefwefwef/docs/other/3f04467ef908911a09f88dfc058b73f5d31cd279/mongooseim-branch-riak-last/MongooseIM-riak-last'
$ 5000  `find -P . -type l -delete`
$ cd '.'
$ 5000  `mv /home/pete/wefwefwef/docs/other/3f04467ef908911a09f88dfc058b73f5d31cd279/mongooseim-branch-riak-last/MongooseIM-riak-last /home/pete/wefwefwef/docs/other/3f04467ef908911a09f88dfc058b73f5d31cd279/mongooseim-branch-riak-last/mongooseim`
 :: Getting dependencies
 :: Error running eo_core:
	[{eo_core,sh,
                  ["/home/pete/wefwefwef/docs/other/3f04467ef908911a09f88dfc058b73f5d31cd279/mongooseim-branch-riak-last/mongooseim",
                   ["rebar","--config",
                    "/home/pete/wefwefwef/docs/other/3f04467ef908911a09f88dfc058b73f5d31cd279/mongooseim-branch-riak-last/rebar_deps",
                    "get-deps"],
                   infinity],
                  []},
         {eo_util,get_deps,2,[{file,"src/eo_util.erl"},{line,123}]},
         {eo_util,rebar_get_deps,1,[{file,"src/eo_util.erl"},{line,88}]},
         {eo_core,get_deps,1,[{file,"src/eo_core.erl"},{line,339}]},
         {eo_core,do,7,[{file,"src/eo_core.erl"},{line,110}]},
         {eo_core,'-main_/1-lc$^0/1-0-',8,
                  [{file,"src/eo_core.erl"},{line,85}]},
         {eo_core,'-main_/1-lc$^0/1-0-',8,
                  [{file,"src/eo_core.erl"},{line,91}]},
         {eo_core,main_,1,[{file,"src/eo_core.erl"},{line,85}]}]
{error,undef}
 :: Processing https://github.com/esl/mongooseim	{rev,branch,"muc_light","7a01db37723e32eb8ddc66bed7f353603ad76a75",undefined,[],[]}
 :: Fetching repo code
$ cd '/home/pete/wefwefwef/docs/other/3f04467ef908911a09f88dfc058b73f5d31cd279/mongooseim-branch-muc_light'
$ infinity  `curl --fail --silent --show-error --location --output repo.tar.gz https://codeload.github.com/esl/mongooseim/tar.gz/muc_light`
 :: Error running eo_core:
	[{eo_scm,fetch,2,[{file,"src/eo_scm.erl"},{line,81}]},
         {eo_core,do,7,[{file,"src/eo_core.erl"},{line,107}]},
         {eo_core,'-main_/1-lc$^0/1-0-',8,
             [{file,"src/eo_core.erl"},{line,85}]},
         {eo_core,'-main_/1-lc$^0/1-0-',8,
             [{file,"src/eo_core.erl"},{line,91}]},
         {eo_core,main_,1,[{file,"src/eo_core.erl"},{line,85}]},
         {eo_core,main,1,[{file,"src/eo_core.erl"},{line,56}]},
         {eo_core,gen,1,[{file,"src/eo_core.erl"},{line,36}]},
         {gen_escript__escript__1446__638487__360690,seq_gen,4,
             [{file,"./gen.escript"},{line,53}]}]
{error,{case_clause,["/home/pete/wefwefwef/docs/other/3f04467ef908911a09f88dfc058b73f5d31cd279/mongooseim-branch-muc_light/MongooseIM-muc_light",
                     "/home/pete/wefwefwef/docs/other/3f04467ef908911a09f88dfc058b73f5d31cd279/mongooseim-branch-muc_light/mongooseim"]}}
 :: Processing https://github.com/esl/mongooseim	{rev,branch,"master","34097d5d18d7f6c89d054a174cd3a30a04ed6280",undefined,[],[]}
 :: Fetching repo code
$ cd '/home/pete/wefwefwef/docs/other/3f04467ef908911a09f88dfc058b73f5d31cd279/mongooseim-branch-master'
$ infinity  `curl --fail --silent --show-error --location --output repo.tar.gz https://codeload.github.com/esl/mongooseim/tar.gz/master`
$ cd '/home/pete/wefwefwef/docs/other/3f04467ef908911a09f88dfc058b73f5d31cd279/mongooseim-branch-master/MongooseIM-master'
$ 5000  `find -P . -type l -delete`
$ cd '.'
$ 5000  `mv /home/pete/wefwefwef/docs/other/3f04467ef908911a09f88dfc058b73f5d31cd279/mongooseim-branch-master/MongooseIM-master /home/pete/wefwefwef/docs/other/3f04467ef908911a09f88dfc058b73f5d31cd279/mongooseim-branch-master/mongooseim`
 :: Getting dependencies
 :: Error running eo_core:
	[{eo_core,sh,
                  ["/home/pete/wefwefwef/docs/other/3f04467ef908911a09f88dfc058b73f5d31cd279/mongooseim-branch-master/mongooseim",
                   ["rebar","--config",
                    "/home/pete/wefwefwef/docs/other/3f04467ef908911a09f88dfc058b73f5d31cd279/mongooseim-branch-master/rebar_deps",
                    "get-deps"],
                   infinity],
                  []},
         {eo_util,get_deps,2,[{file,"src/eo_util.erl"},{line,123}]},
         {eo_util,rebar_get_deps,1,[{file,"src/eo_util.erl"},{line,88}]},
         {eo_core,get_deps,1,[{file,"src/eo_core.erl"},{line,339}]},
         {eo_core,do,7,[{file,"src/eo_core.erl"},{line,110}]},
         {eo_core,'-main_/1-lc$^0/1-0-',8,
                  [{file,"src/eo_core.erl"},{line,85}]},
         {eo_core,'-main_/1-lc$^0/1-0-',8,
                  [{file,"src/eo_core.erl"},{line,91}]},
         {eo_core,main_,1,[{file,"src/eo_core.erl"},{line,85}]}]
{error,undef}
 :: Processing https://github.com/esl/mongooseim	{rev,branch,"fix-inband-cancelation","5a3cd999cad76f2d8683170e74fb42d2a2ab38e7",undefined,[],[]}
 :: Fetching repo code
$ cd '/home/pete/wefwefwef/docs/other/3f04467ef908911a09f88dfc058b73f5d31cd279/mongooseim-branch-fix-inband-cancelation'
$ infinity  `curl --fail --silent --show-error --location --output repo.tar.gz https://codeload.github.com/esl/mongooseim/tar.gz/fix-inband-cancelation`
 :: Error running eo_core:
	[{eo_scm,fetch,2,[{file,"src/eo_scm.erl"},{line,81}]},
         {eo_core,do,7,[{file,"src/eo_core.erl"},{line,107}]},
         {eo_core,'-main_/1-lc$^0/1-0-',8,
             [{file,"src/eo_core.erl"},{line,85}]},
         {eo_core,'-main_/1-lc$^0/1-0-',8,
             [{file,"src/eo_core.erl"},{line,91}]},
         {eo_core,main_,1,[{file,"src/eo_core.erl"},{line,85}]},
         {eo_core,main,1,[{file,"src/eo_core.erl"},{line,56}]},
         {eo_core,gen,1,[{file,"src/eo_core.erl"},{line,36}]},
         {gen_escript__escript__1446__638487__360690,seq_gen,4,
             [{file,"./gen.escript"},{line,53}]}]
{error,{case_clause,["/home/pete/wefwefwef/docs/other/3f04467ef908911a09f88dfc058b73f5d31cd279/mongooseim-branch-fix-inband-cancelation/MongooseIM-fix-inband-cancelation",
                     "/home/pete/wefwefwef/docs/other/3f04467ef908911a09f88dfc058b73f5d31cd279/mongooseim-branch-fix-inband-cancelation/mongooseim"]}}
 :: Processing https://github.com/esl/mongooseim	{rev,branch,"admin_extra_interface","a6dd49094efa36f109614507d9725933e8a49a72",undefined,[],[]}
 :: Fetching repo code
$ cd '/home/pete/wefwefwef/docs/other/3f04467ef908911a09f88dfc058b73f5d31cd279/mongooseim-branch-admin_extra_interface'
$ infinity  `curl --fail --silent --show-error --location --output repo.tar.gz https://codeload.github.com/esl/mongooseim/tar.gz/admin_extra_interface`
 :: Error running eo_core:
	[{eo_scm,fetch,2,[{file,"src/eo_scm.erl"},{line,81}]},
         {eo_core,do,7,[{file,"src/eo_core.erl"},{line,107}]},
         {eo_core,'-main_/1-lc$^0/1-0-',8,
             [{file,"src/eo_core.erl"},{line,85}]},
         {eo_core,'-main_/1-lc$^0/1-0-',8,
             [{file,"src/eo_core.erl"},{line,91}]},
         {eo_core,main_,1,[{file,"src/eo_core.erl"},{line,85}]},
         {eo_core,main,1,[{file,"src/eo_core.erl"},{line,56}]},
         {eo_core,gen,1,[{file,"src/eo_core.erl"},{line,36}]},
         {gen_escript__escript__1446__638487__360690,seq_gen,4,
             [{file,"./gen.escript"},{line,53}]}]
{error,{case_clause,["/home/pete/wefwefwef/docs/other/3f04467ef908911a09f88dfc058b73f5d31cd279/mongooseim-branch-admin_extra_interface/MongooseIM-admin_extra_interface",
                     "/home/pete/wefwefwef/docs/other/3f04467ef908911a09f88dfc058b73f5d31cd279/mongooseim-branch-admin_extra_interface/mongooseim"]}}
 :: Processing https://github.com/esl/mongooseim	{rev,tag,"1.1.0","24f716f5f733f412aa5e25dafbfe6514e636e9ee",undefined,[],[]}
 :: Fetching repo code
$ cd '/home/pete/wefwefwef/docs/other/3f04467ef908911a09f88dfc058b73f5d31cd279/mongooseim-tag-1.1.0'
$ infinity  `curl --fail --silent --show-error --location --output repo.tar.gz https://codeload.github.com/esl/mongooseim/tar.gz/1.1.0`
 :: Error running eo_core:
	[{eo_scm,fetch,2,[{file,"src/eo_scm.erl"},{line,81}]},
         {eo_core,do,7,[{file,"src/eo_core.erl"},{line,107}]},
         {eo_core,'-main_/1-lc$^0/1-0-',8,
             [{file,"src/eo_core.erl"},{line,85}]},
         {eo_core,'-main_/1-lc$^0/1-0-',8,
             [{file,"src/eo_core.erl"},{line,91}]},
         {eo_core,main_,1,[{file,"src/eo_core.erl"},{line,85}]},
         {eo_core,main,1,[{file,"src/eo_core.erl"},{line,56}]},
         {eo_core,gen,1,[{file,"src/eo_core.erl"},{line,36}]},
         {gen_escript__escript__1446__638487__360690,seq_gen,4,
             [{file,"./gen.escript"},{line,53}]}]
{error,{case_clause,["/home/pete/wefwefwef/docs/other/3f04467ef908911a09f88dfc058b73f5d31cd279/mongooseim-tag-1.1.0/MongooseIM-1.1.0",
                     "/home/pete/wefwefwef/docs/other/3f04467ef908911a09f88dfc058b73f5d31cd279/mongooseim-tag-1.1.0/mongooseim"]}}
 :: Finishing up
$ cd '.'
$ 5000  `rm -r /home/pete/wefwefwef/docs/other/3f04467ef908911a09f88dfc058b73f5d31cd279/mongooseim`
