 :: Extracting meta information
$ infinity  `git ls-remote --heads --tags 'https://github.com/lizenn/statfs'  2>&1`
>>> [repo] 1 branches, 1 tags
WTF {ok,{{"HTTP/1.1",200,"OK"},
         [{"cache-control","max-age=300"},
          {"connection","keep-alive"},
          {"date","Sun, 11 Oct 2015 20:46:48 GMT"},
          {"via","1.1 varnish"},
          {"accept-ranges","bytes"},
          {"etag","\"fe9c0ef1ac6af875dfe69d4804974606e40fa372\""},
          {"vary","Authorization,Accept-Encoding"},
          {"content-length","366"},
          {"content-type","text/plain; charset=utf-8"},
          {"expires","Sun, 11 Oct 2015 20:51:48 GMT"},
          {"content-security-policy","default-src 'none'"},
          {"x-xss-protection","1; mode=block"},
          {"x-frame-options","deny"},
          {"x-content-type-options","nosniff"},
          {"strict-transport-security","max-age=31536000"},
          {"x-served-by","cache-fra1238-FRA"},
          {"x-cache","MISS"},
          {"x-cache-hits","0"},
          {"access-control-allow-origin","*"},
          {"source-age","0"}],
         "{name,\"statfs\"}.\n{target_path,\"github.com/lizenn/statfs\"}.\n{url,\"https://github.com/lizenn/statfs\"}.\n{vsn_format,2}.\n{vsn_pass,101}.\n{time_begin,{{2015,9,21},{23,1,47}}}.\n{method,git}.\n{count_tags,0}.\n{count_branches,1}.\n{revisions,[{rev,branch,\"master\",\"b0b89182ea3ed1a1d1a52bb728bf99aa7ab7f004\",\n                 true,[],[]}]}.\n{time_end,{{2015,9,21},{23,1,48}}}.\n"}}
 :: Writing meta to "/home/pete/wefwefwef/docs/other/0ce5f2c67cd64baf24134be9a03e569309b857ec/meta.txt"
 :: Skipping branch "master"
 :: Processing https://github.com/lizenn/statfs	{rev,tag,"v0.1","1dd0e694abf48cd7863b6b80d98e56d51ef1a20e",undefined,[],[]}
 :: Fetching repo code
$ cd '/home/pete/wefwefwef/docs/other/0ce5f2c67cd64baf24134be9a03e569309b857ec/statfs-tag-v0.1'
$ infinity  `curl --fail --silent --show-error --location --output repo.tar.gz 'https://codeload.github.com/lizenn/statfs/tar.gz/v0.1'  2>&1`
$ cd '/home/pete/wefwefwef/docs/erldocs_other.git'
$ cd '/home/pete/wefwefwef/docs/other/0ce5f2c67cd64baf24134be9a03e569309b857ec/statfs-tag-v0.1/statfs-0.1'
$ 5000  `find -P . -type l -delete  2>&1`
$ cd '/home/pete/wefwefwef/docs/erldocs_other.git'
$ 5000  `mv '/home/pete/wefwefwef/docs/other/0ce5f2c67cd64baf24134be9a03e569309b857ec/statfs-tag-v0.1/statfs-0.1' '/home/pete/wefwefwef/docs/other/0ce5f2c67cd64baf24134be9a03e569309b857ec/statfs-tag-v0.1/statfs'  2>&1`
 :: Getting dependencies
$ cd '/home/pete/wefwefwef/docs/other/0ce5f2c67cd64baf24134be9a03e569309b857ec/statfs-tag-v0.1/statfs'
$ 5000  `ls -1 deps/  2>&1`
$ cd '/home/pete/wefwefwef/docs/erldocs_other.git'
>>> [rebar] deps = []
 :: Generating erldocs into /home/pete/wefwefwef/docs/other/0ce5f2c67cd64baf24134be9a03e569309b857ec/repo/v0.1
Building statfs
Generating Type Specs - "/home/pete/wefwefwef/docs/other/0ce5f2c67cd64baf24134be9a03e569309b857ec/statfs-tag-v0.1/statfs/src/statfs.erl"
Generating Type Specs - "/home/pete/wefwefwef/docs/other/0ce5f2c67cd64baf24134be9a03e569309b857ec/statfs-tag-v0.1/statfs/src/statfs_app.erl"
Generating XML for application statfs "/home/pete/wefwefwef/docs/other/0ce5f2c67cd64baf24134be9a03e569309b857ec/statfs-tag-v0.1/statfs" -> "/home/pete/wefwefwef/docs/other/0ce5f2c67cd64baf24134be9a03e569309b857ec/repo/v0.1/.xml/statfs"
Generated statfs XMLs: ["/home/pete/wefwefwef/docs/other/0ce5f2c67cd64baf24134be9a03e569309b857ec/repo/v0.1/.xml/statfs/statfs.xml",
                        "/home/pete/wefwefwef/docs/other/0ce5f2c67cd64baf24134be9a03e569309b857ec/repo/v0.1/.xml/statfs/statfs_app.xml"]
Generating HTML - statfs_app "/home/pete/wefwefwef/docs/other/0ce5f2c67cd64baf24134be9a03e569309b857ec/repo/v0.1/.xml/statfs/statfs_app.xml"
Reading XML for "/home/pete/wefwefwef/docs/other/0ce5f2c67cd64baf24134be9a03e569309b857ec/repo/v0.1/.xml/statfs/statfs_app.xml"
Reading XML for "/home/pete/wefwefwef/docs/other/0ce5f2c67cd64baf24134be9a03e569309b857ec/repo/v0.1/.xml/specs_statfs_app.xml"
Generating HTML - statfs "/home/pete/wefwefwef/docs/other/0ce5f2c67cd64baf24134be9a03e569309b857ec/repo/v0.1/.xml/statfs/statfs.xml"
Reading XML for "/home/pete/wefwefwef/docs/other/0ce5f2c67cd64baf24134be9a03e569309b857ec/repo/v0.1/.xml/statfs/statfs.xml"
Reading XML for "/home/pete/wefwefwef/docs/other/0ce5f2c67cd64baf24134be9a03e569309b857ec/repo/v0.1/.xml/specs_statfs.xml"
Creating index.html ...
Creating erldocs_index.js ...
Woot, finished in 0 Minutes 0 Seconds
 :: Discovering other repos
$ 5000  `rm -r '/home/pete/wefwefwef/docs/other/0ce5f2c67cd64baf24134be9a03e569309b857ec/statfs-tag-v0.1'  2>&1`
 :: Finishing up
$ 5000  `rm -r '/home/pete/wefwefwef/docs/other/0ce5f2c67cd64baf24134be9a03e569309b857ec/statfs'  2>&1`
