 :: Extracting meta information
$ 5000  `git ls-remote --heads --tags 'https://github.com/lizenn/statfs'  2>&1`
>>> [repo] 1 branches, 0 tags
 :: Writing meta to "/home/pete/wefwefwef/docs/other/3731042676/meta.txt"
 :: Processing https://github.com/lizenn/statfs	{rev,branch,"master","b0b89182ea3ed1a1d1a52bb728bf99aa7ab7f004",undefined,[],[]}
 :: Fetching repo code
$ cd "/home/pete/wefwefwef/docs/other/3731042676/statfs-branch-master/statfs"
$ infinity  `curl --fail --silent --show-error --location --output 'master.zip' 'https://github.com/lizenn/statfs/archive/master.zip'  2>&1`
$ cd "/home/pete/wefwefwef/docs/erldocs_other.git"
$ cd "/home/pete/wefwefwef/docs/other/3731042676/statfs-branch-master/statfs"
$ 5000  `find -P . -type l -delete  2>&1`
$ cd "/home/pete/wefwefwef/docs/erldocs_other.git"
$ cd "/home/pete/wefwefwef/docs/other/3731042676/statfs-branch-master/statfs"
$ 5000  `find 'statfs-master' -mindepth 1 -maxdepth 1 -exec mv -t . -- {} +  2>&1`
$ cd "/home/pete/wefwefwef/docs/erldocs_other.git"
 :: Getting dependencies
$ cd "/home/pete/wefwefwef/docs/other/3731042676/statfs-branch-master/statfs"
$ 5000  `ls -1 deps/  2>&1`
$ cd "/home/pete/wefwefwef/docs/erldocs_other.git"
>>> [rebar] deps = []
 :: Generating erldocs into /home/pete/wefwefwef/docs/other/3731042676/repo/master
Building statfs
Generating Type Specs - "/home/pete/wefwefwef/docs/other/3731042676/statfs-branch-master/statfs/src/statfs.erl"
Generating Type Specs - "/home/pete/wefwefwef/docs/other/3731042676/statfs-branch-master/statfs/src/statfs_app.erl"
Generating XML for application statfs "/home/pete/wefwefwef/docs/other/3731042676/statfs-branch-master/statfs" -> "/home/pete/wefwefwef/docs/other/3731042676/repo/master/.xml/statfs"
Generated statfs XMLs: ["/home/pete/wefwefwef/docs/other/3731042676/repo/master/.xml/statfs/statfs.xml",
                        "/home/pete/wefwefwef/docs/other/3731042676/repo/master/.xml/statfs/statfs_app.xml"]
Generating HTML - statfs_app "/home/pete/wefwefwef/docs/other/3731042676/repo/master/.xml/statfs/statfs_app.xml"
Reading XML for "/home/pete/wefwefwef/docs/other/3731042676/repo/master/.xml/statfs/statfs_app.xml"
Reading XML for "/home/pete/wefwefwef/docs/other/3731042676/repo/master/.xml/specs_statfs_app.xml"
Generating HTML - statfs "/home/pete/wefwefwef/docs/other/3731042676/repo/master/.xml/statfs/statfs.xml"
Reading XML for "/home/pete/wefwefwef/docs/other/3731042676/repo/master/.xml/statfs/statfs.xml"
Reading XML for "/home/pete/wefwefwef/docs/other/3731042676/repo/master/.xml/specs_statfs.xml"
Creating index.html ...
Creating erldocs_index.js ...
Woot, finished in 0 Minutes 0 Seconds
 :: Discovering other repos
$ 5000  `rm -r '/home/pete/wefwefwef/docs/other/3731042676/statfs-branch-master'  2>&1`
 :: Finishing up
$ 5000  `rm -r '/home/pete/wefwefwef/docs/other/3731042676/statfs'  2>&1`
