 :: Extracting meta information
$ 5000  `git ls-remote --heads --tags 'https://github.com/blt/vellus'  2>&1`
>>> [repo] 1 branches, 2 tags
 :: Writing meta to "/home/pete/wefwefwef/docs/other/750125759/meta.txt"
 :: Processing https://github.com/blt/vellus	{rev,tag,"0.1.0","bd2120e6039b28edad6db7cfdf7e426a19ae354a",undefined,[],[]}
 :: Fetching repo code
$ cd "/home/pete/wefwefwef/docs/other/750125759/vellus-tag-0.1.0/vellus"
$ infinity  `curl --fail --silent --show-error --location --output '0.1.0.zip' 'https://github.com/blt/vellus/archive/0.1.0.zip'  2>&1`
$ cd "/home/pete/wefwefwef/docs/erldocs_other.git"
$ cd "/home/pete/wefwefwef/docs/other/750125759/vellus-tag-0.1.0/vellus"
$ 5000  `find -P . -type l -delete  2>&1`
$ cd "/home/pete/wefwefwef/docs/erldocs_other.git"
$ cd "/home/pete/wefwefwef/docs/other/750125759/vellus-tag-0.1.0/vellus"
$ 5000  `find 'vellus-0.1.0' -mindepth 1 -maxdepth 1 -exec mv -t . -- {} +  2>&1`
$ cd "/home/pete/wefwefwef/docs/erldocs_other.git"
 :: Getting dependencies
$ cd "/home/pete/wefwefwef/docs/other/750125759/vellus-tag-0.1.0/vellus"
$ 5000  `ls -1 deps/  2>&1`
$ cd "/home/pete/wefwefwef/docs/erldocs_other.git"
>>> [rebar] deps = []
 :: Generating erldocs into /home/pete/wefwefwef/docs/other/750125759/repo/0.1.0
Building vellus
Generating Type Specs - "/home/pete/wefwefwef/docs/other/750125759/vellus-tag-0.1.0/vellus/src/vellus.erl"
Generating Type Specs - "/home/pete/wefwefwef/docs/other/750125759/vellus-tag-0.1.0/vellus/src/vellus_random.erl"
Generating XML for application vellus "/home/pete/wefwefwef/docs/other/750125759/vellus-tag-0.1.0/vellus" -> "/home/pete/wefwefwef/docs/other/750125759/repo/0.1.0/.xml/vellus"
Generated vellus XMLs: ["/home/pete/wefwefwef/docs/other/750125759/repo/0.1.0/.xml/vellus/vellus_random.xml",
                        "/home/pete/wefwefwef/docs/other/750125759/repo/0.1.0/.xml/vellus/vellus.xml"]
Generating HTML - vellus "/home/pete/wefwefwef/docs/other/750125759/repo/0.1.0/.xml/vellus/vellus.xml"
Reading XML for "/home/pete/wefwefwef/docs/other/750125759/repo/0.1.0/.xml/vellus/vellus.xml"
Reading XML for "/home/pete/wefwefwef/docs/other/750125759/repo/0.1.0/.xml/specs_vellus.xml"
Generating HTML - vellus_random "/home/pete/wefwefwef/docs/other/750125759/repo/0.1.0/.xml/vellus/vellus_random.xml"
Reading XML for "/home/pete/wefwefwef/docs/other/750125759/repo/0.1.0/.xml/vellus/vellus_random.xml"
Reading XML for "/home/pete/wefwefwef/docs/other/750125759/repo/0.1.0/.xml/specs_vellus_random.xml"
Creating index.html ...
Creating erldocs_index.js ...
Woot, finished in 0 Minutes 0 Seconds
 :: Discovering other repos
$ 5000  `rm -r '/home/pete/wefwefwef/docs/other/750125759/vellus-tag-0.1.0'  2>&1`
 :: Processing https://github.com/blt/vellus	{rev,tag,"0.2.0","2deac43109a639a88fdde68fb76390be8df3c05f",undefined,[],[]}
 :: Fetching repo code
$ cd "/home/pete/wefwefwef/docs/other/750125759/vellus-tag-0.2.0/vellus"
$ infinity  `curl --fail --silent --show-error --location --output '0.2.0.zip' 'https://github.com/blt/vellus/archive/0.2.0.zip'  2>&1`
$ cd "/home/pete/wefwefwef/docs/erldocs_other.git"
$ cd "/home/pete/wefwefwef/docs/other/750125759/vellus-tag-0.2.0/vellus"
$ 5000  `find -P . -type l -delete  2>&1`
$ cd "/home/pete/wefwefwef/docs/erldocs_other.git"
$ cd "/home/pete/wefwefwef/docs/other/750125759/vellus-tag-0.2.0/vellus"
$ 5000  `find 'vellus-0.2.0' -mindepth 1 -maxdepth 1 -exec mv -t . -- {} +  2>&1`
$ cd "/home/pete/wefwefwef/docs/erldocs_other.git"
 :: Getting dependencies
$ cd "/home/pete/wefwefwef/docs/other/750125759/vellus-tag-0.2.0/vellus"
$ 5000  `ls -1 deps/  2>&1`
$ cd "/home/pete/wefwefwef/docs/erldocs_other.git"
>>> [rebar] deps = []
 :: Generating erldocs into /home/pete/wefwefwef/docs/other/750125759/repo/0.2.0
Building vellus
Generating Type Specs - "/home/pete/wefwefwef/docs/other/750125759/vellus-tag-0.2.0/vellus/src/vellus.erl"
Generating Type Specs - "/home/pete/wefwefwef/docs/other/750125759/vellus-tag-0.2.0/vellus/src/vellus_random.erl"
Generating XML for application vellus "/home/pete/wefwefwef/docs/other/750125759/vellus-tag-0.2.0/vellus" -> "/home/pete/wefwefwef/docs/other/750125759/repo/0.2.0/.xml/vellus"
Generated vellus XMLs: ["/home/pete/wefwefwef/docs/other/750125759/repo/0.2.0/.xml/vellus/vellus_random.xml",
                        "/home/pete/wefwefwef/docs/other/750125759/repo/0.2.0/.xml/vellus/vellus.xml"]
Generating HTML - vellus "/home/pete/wefwefwef/docs/other/750125759/repo/0.2.0/.xml/vellus/vellus.xml"
Reading XML for "/home/pete/wefwefwef/docs/other/750125759/repo/0.2.0/.xml/vellus/vellus.xml"
Reading XML for "/home/pete/wefwefwef/docs/other/750125759/repo/0.2.0/.xml/specs_vellus.xml"
Generating HTML - vellus_random "/home/pete/wefwefwef/docs/other/750125759/repo/0.2.0/.xml/vellus/vellus_random.xml"
Reading XML for "/home/pete/wefwefwef/docs/other/750125759/repo/0.2.0/.xml/vellus/vellus_random.xml"
Reading XML for "/home/pete/wefwefwef/docs/other/750125759/repo/0.2.0/.xml/specs_vellus_random.xml"
Creating index.html ...
Creating erldocs_index.js ...
Woot, finished in 0 Minutes 0 Seconds
 :: Discovering other repos
$ 5000  `rm -r '/home/pete/wefwefwef/docs/other/750125759/vellus-tag-0.2.0'  2>&1`
 :: Processing https://github.com/blt/vellus	{rev,branch,"master","2deac43109a639a88fdde68fb76390be8df3c05f",undefined,[],[]}
 :: Fetching repo code
$ cd "/home/pete/wefwefwef/docs/other/750125759/vellus-branch-master/vellus"
$ infinity  `curl --fail --silent --show-error --location --output 'master.zip' 'https://github.com/blt/vellus/archive/master.zip'  2>&1`
$ cd "/home/pete/wefwefwef/docs/erldocs_other.git"
$ cd "/home/pete/wefwefwef/docs/other/750125759/vellus-branch-master/vellus"
$ 5000  `find -P . -type l -delete  2>&1`
$ cd "/home/pete/wefwefwef/docs/erldocs_other.git"
$ cd "/home/pete/wefwefwef/docs/other/750125759/vellus-branch-master/vellus"
$ 5000  `find 'vellus-master' -mindepth 1 -maxdepth 1 -exec mv -t . -- {} +  2>&1`
$ cd "/home/pete/wefwefwef/docs/erldocs_other.git"
 :: Getting dependencies
$ cd "/home/pete/wefwefwef/docs/other/750125759/vellus-branch-master/vellus"
$ 5000  `ls -1 deps/  2>&1`
$ cd "/home/pete/wefwefwef/docs/erldocs_other.git"
>>> [rebar] deps = []
 :: Generating erldocs into /home/pete/wefwefwef/docs/other/750125759/repo/master
Building vellus
Generating Type Specs - "/home/pete/wefwefwef/docs/other/750125759/vellus-branch-master/vellus/src/vellus.erl"
Generating Type Specs - "/home/pete/wefwefwef/docs/other/750125759/vellus-branch-master/vellus/src/vellus_random.erl"
Generating XML for application vellus "/home/pete/wefwefwef/docs/other/750125759/vellus-branch-master/vellus" -> "/home/pete/wefwefwef/docs/other/750125759/repo/master/.xml/vellus"
Generated vellus XMLs: ["/home/pete/wefwefwef/docs/other/750125759/repo/master/.xml/vellus/vellus_random.xml",
                        "/home/pete/wefwefwef/docs/other/750125759/repo/master/.xml/vellus/vellus.xml"]
Generating HTML - vellus "/home/pete/wefwefwef/docs/other/750125759/repo/master/.xml/vellus/vellus.xml"
Reading XML for "/home/pete/wefwefwef/docs/other/750125759/repo/master/.xml/vellus/vellus.xml"
Reading XML for "/home/pete/wefwefwef/docs/other/750125759/repo/master/.xml/specs_vellus.xml"
Generating HTML - vellus_random "/home/pete/wefwefwef/docs/other/750125759/repo/master/.xml/vellus/vellus_random.xml"
Reading XML for "/home/pete/wefwefwef/docs/other/750125759/repo/master/.xml/vellus/vellus_random.xml"
Reading XML for "/home/pete/wefwefwef/docs/other/750125759/repo/master/.xml/specs_vellus_random.xml"
Creating index.html ...
Creating erldocs_index.js ...
Woot, finished in 0 Minutes 0 Seconds
 :: Discovering other repos
$ 5000  `rm -r '/home/pete/wefwefwef/docs/other/750125759/vellus-branch-master'  2>&1`
 :: Finishing up
$ 5000  `rm -r '/home/pete/wefwefwef/docs/other/750125759/vellus'  2>&1`
