 :: Extracting meta information
$ 5000  `git ls-remote --heads --tags 'https://github.com/muxspace/sparse_matrix'  2>&1`
>>> [repo] 1 branches, 0 tags
 :: Writing meta to "/home/pete/wefwefwef/docs/other/435765683/meta.txt"
 :: Processing https://github.com/muxspace/sparse_matrix	{rev,branch,"master","1b2e33da950d1d6b4c1eb4a1c979dadd9e1268d8",undefined,[],[]}
 :: Fetching repo code
$ cd "/home/pete/wefwefwef/docs/other/435765683/sparse_matrix-branch-master/sparse_matrix"
$ infinity  `curl --fail --silent --show-error --location --output 'master.zip' 'https://github.com/muxspace/sparse_matrix/archive/master.zip'  2>&1`
$ cd "/home/pete/wefwefwef/docs/erldocs_other.git"
$ cd "/home/pete/wefwefwef/docs/other/435765683/sparse_matrix-branch-master/sparse_matrix"
$ 5000  `find -P . -type l -delete  2>&1`
$ cd "/home/pete/wefwefwef/docs/erldocs_other.git"
$ cd "/home/pete/wefwefwef/docs/other/435765683/sparse_matrix-branch-master/sparse_matrix"
$ 5000  `find 'sparse_matrix-master' -mindepth 1 -maxdepth 1 -exec mv -t . -- {} +  2>&1`
$ cd "/home/pete/wefwefwef/docs/erldocs_other.git"
 :: Getting dependencies
$ cd "/home/pete/wefwefwef/docs/other/435765683/sparse_matrix-branch-master/sparse_matrix"
$ 5000  `ls -1 deps/  2>&1`
$ cd "/home/pete/wefwefwef/docs/erldocs_other.git"
>>> [rebar] deps = []
 :: Generating erldocs into /home/pete/wefwefwef/docs/other/435765683/repo/master
Building sparse_matrix
Generating Type Specs - "/home/pete/wefwefwef/docs/other/435765683/sparse_matrix-branch-master/sparse_matrix/src/sparse_matrix.erl"
Generating XML for application sparse_matrix "/home/pete/wefwefwef/docs/other/435765683/sparse_matrix-branch-master/sparse_matrix" -> "/home/pete/wefwefwef/docs/other/435765683/repo/master/.xml/sparse_matrix"
/home/pete/wefwefwef/docs/other/435765683/sparse_matrix-branch-master/sparse_matrix/src/sparse_matrix.erl, function from_triplet/2: at line 19: unknown error parsing specification: {19,edoc_parser,
                                      ["syntax error before: ","'{'"]}.
edoc: skipping source file '/home/pete/wefwefwef/docs/other/435765683/sparse_matrix-branch-master/sparse_matrix/src/sparse_matrix.erl': {'EXIT',
                                                                                                                                   error}.
edoc: error in doclet 'edoc_doclet': {'EXIT',error}.
Error generating sparse_matrix XMLs. Using fallback ...
Generating XML sparse_matrix - sparse_matrix "/home/pete/wefwefwef/docs/other/435765683/sparse_matrix-branch-master/sparse_matrix/src/sparse_matrix.erl" -> "/home/pete/wefwefwef/docs/other/435765683/repo/master/.xml/sparse_matrix/sparse_matrix.xml"
/home/pete/wefwefwef/docs/other/435765683/sparse_matrix-branch-master/sparse_matrix/src/sparse_matrix.erl, function from_triplet/2: at line 19: unknown error parsing specification: {19,edoc_parser,
                                      ["syntax error before: ","'{'"]}.
Error generating XML ("/home/pete/wefwefwef/docs/other/435765683/sparse_matrix-branch-master/sparse_matrix/src/sparse_matrix.erl"): {'EXIT',
                                                                                                                                     error}
No documentation was generated!
Woot, finished in 0 Minutes 0 Seconds
 :: Discovering other repos
$ 5000  `rm -r '/home/pete/wefwefwef/docs/other/435765683/sparse_matrix-branch-master'  2>&1`
 :: Finishing up
$ 5000  `rm -r '/home/pete/wefwefwef/docs/other/435765683/sparse_matrix'  2>&1`
$ 5000  `rm -r '/home/pete/wefwefwef/docs/other/435765683/repo/master'  2>&1`
