 :: Extracting meta information
$ infinity  `git ls-remote --heads --tags 'https://github.com/tilat/videoserver'  2>&1`
>>> [repo] 1 branches, 0 tags
 :: Writing meta to "/home/pete/wefwefwef/docs/other/29296a76e0ea197422730ff1737cfff6/meta.txt"
 :: Processing https://github.com/tilat/videoserver	{rev,branch,"master","56ffce0766753b1820b0880a66b3aa2ddb08cdcb",undefined,[],[]}
 :: Fetching repo code
$ cd '/home/pete/wefwefwef/docs/other/29296a76e0ea197422730ff1737cfff6/videoserver-branch-master'
$ infinity  `curl --fail --silent --show-error --location --output repo.zip 'https://github.com/tilat/videoserver/archive/master.zip'  2>&1`
$ cd '/home/pete/wefwefwef/docs/erldocs_other.git'
$ cd '/home/pete/wefwefwef/docs/other/29296a76e0ea197422730ff1737cfff6/videoserver-branch-master/videoserver-master'
$ 5000  `find -P . -type l -delete  2>&1`
$ cd '/home/pete/wefwefwef/docs/erldocs_other.git'
$ 5000  `mv '/home/pete/wefwefwef/docs/other/29296a76e0ea197422730ff1737cfff6/videoserver-branch-master/videoserver-master' '/home/pete/wefwefwef/docs/other/29296a76e0ea197422730ff1737cfff6/videoserver-branch-master/videoserver'  2>&1`
 :: Getting dependencies
$ cd '/home/pete/wefwefwef/docs/other/29296a76e0ea197422730ff1737cfff6/videoserver-branch-master/videoserver'
$ 5000  `ls -1 deps/  2>&1`
$ cd '/home/pete/wefwefwef/docs/erldocs_other.git'
>>> [rebar] deps = []
 :: Generating erldocs into /home/pete/wefwefwef/docs/other/29296a76e0ea197422730ff1737cfff6/repo/master
Building videoserver
Generating Type Specs - "/home/pete/wefwefwef/docs/other/29296a76e0ea197422730ff1737cfff6/videoserver-branch-master/videoserver/apps/videoserver/src/videoserver_app.erl"
Generating Type Specs - "/home/pete/wefwefwef/docs/other/29296a76e0ea197422730ff1737cfff6/videoserver-branch-master/videoserver/apps/videoserver/src/videoserver_sup.erl"
Generating Type Specs - "/home/pete/wefwefwef/docs/other/29296a76e0ea197422730ff1737cfff6/videoserver-branch-master/videoserver/apps/videoserver/src/videosrv.erl"
Generating XML for application videoserver "/home/pete/wefwefwef/docs/other/29296a76e0ea197422730ff1737cfff6/videoserver-branch-master/videoserver/apps/videoserver" -> "/home/pete/wefwefwef/docs/other/29296a76e0ea197422730ff1737cfff6/repo/master/.xml/videoserver"
Generated videoserver XMLs: ["/home/pete/wefwefwef/docs/other/29296a76e0ea197422730ff1737cfff6/repo/master/.xml/videoserver/videosrv.xml",
                             "/home/pete/wefwefwef/docs/other/29296a76e0ea197422730ff1737cfff6/repo/master/.xml/videoserver/videoserver_sup.xml",
                             "/home/pete/wefwefwef/docs/other/29296a76e0ea197422730ff1737cfff6/repo/master/.xml/videoserver/videoserver_app.xml"]
Generating HTML - videoserver_app "/home/pete/wefwefwef/docs/other/29296a76e0ea197422730ff1737cfff6/repo/master/.xml/videoserver/videoserver_app.xml"
Reading XML for "/home/pete/wefwefwef/docs/other/29296a76e0ea197422730ff1737cfff6/repo/master/.xml/videoserver/videoserver_app.xml"
Reading XML for "/home/pete/wefwefwef/docs/other/29296a76e0ea197422730ff1737cfff6/repo/master/.xml/specs_videoserver_app.xml"
Generating HTML - videoserver_sup "/home/pete/wefwefwef/docs/other/29296a76e0ea197422730ff1737cfff6/repo/master/.xml/videoserver/videoserver_sup.xml"
Reading XML for "/home/pete/wefwefwef/docs/other/29296a76e0ea197422730ff1737cfff6/repo/master/.xml/videoserver/videoserver_sup.xml"
Reading XML for "/home/pete/wefwefwef/docs/other/29296a76e0ea197422730ff1737cfff6/repo/master/.xml/specs_videoserver_sup.xml"
Generating HTML - videosrv "/home/pete/wefwefwef/docs/other/29296a76e0ea197422730ff1737cfff6/repo/master/.xml/videoserver/videosrv.xml"
Reading XML for "/home/pete/wefwefwef/docs/other/29296a76e0ea197422730ff1737cfff6/repo/master/.xml/videoserver/videosrv.xml"
Reading XML for "/home/pete/wefwefwef/docs/other/29296a76e0ea197422730ff1737cfff6/repo/master/.xml/specs_videosrv.xml"
Building rtsp
Generating Type Specs - "/home/pete/wefwefwef/docs/other/29296a76e0ea197422730ff1737cfff6/videoserver-branch-master/videoserver/apps/rtsp/src/rtsp_app.erl"
Generating Type Specs - "/home/pete/wefwefwef/docs/other/29296a76e0ea197422730ff1737cfff6/videoserver-branch-master/videoserver/apps/rtsp/src/rtsp_connector.erl"
Generating Type Specs - "/home/pete/wefwefwef/docs/other/29296a76e0ea197422730ff1737cfff6/videoserver-branch-master/videoserver/apps/rtsp/src/rtsp_protocol.erl"
Generating Type Specs - "/home/pete/wefwefwef/docs/other/29296a76e0ea197422730ff1737cfff6/videoserver-branch-master/videoserver/apps/rtsp/src/rtsp_sup.erl"
Generating XML for application rtsp "/home/pete/wefwefwef/docs/other/29296a76e0ea197422730ff1737cfff6/videoserver-branch-master/videoserver/apps/rtsp" -> "/home/pete/wefwefwef/docs/other/29296a76e0ea197422730ff1737cfff6/repo/master/.xml/rtsp"
Generated rtsp XMLs: ["/home/pete/wefwefwef/docs/other/29296a76e0ea197422730ff1737cfff6/repo/master/.xml/rtsp/rtsp_sup.xml",
                      "/home/pete/wefwefwef/docs/other/29296a76e0ea197422730ff1737cfff6/repo/master/.xml/rtsp/rtsp_protocol.xml",
                      "/home/pete/wefwefwef/docs/other/29296a76e0ea197422730ff1737cfff6/repo/master/.xml/rtsp/rtsp_connector.xml",
                      "/home/pete/wefwefwef/docs/other/29296a76e0ea197422730ff1737cfff6/repo/master/.xml/rtsp/rtsp_app.xml"]
Generating HTML - rtsp_sup "/home/pete/wefwefwef/docs/other/29296a76e0ea197422730ff1737cfff6/repo/master/.xml/rtsp/rtsp_sup.xml"
Generating HTML - rtsp_protocol "/home/pete/wefwefwef/docs/other/29296a76e0ea197422730ff1737cfff6/repo/master/.xml/rtsp/rtsp_protocol.xml"
Generating HTML - rtsp_connector "/home/pete/wefwefwef/docs/other/29296a76e0ea197422730ff1737cfff6/repo/master/.xml/rtsp/rtsp_connector.xml"
Generating HTML - rtsp_app "/home/pete/wefwefwef/docs/other/29296a76e0ea197422730ff1737cfff6/repo/master/.xml/rtsp/rtsp_app.xml"
Reading XML for "/home/pete/wefwefwef/docs/other/29296a76e0ea197422730ff1737cfff6/repo/master/.xml/rtsp/rtsp_sup.xml"
Reading XML for "/home/pete/wefwefwef/docs/other/29296a76e0ea197422730ff1737cfff6/repo/master/.xml/rtsp/rtsp_protocol.xml"
Reading XML for "/home/pete/wefwefwef/docs/other/29296a76e0ea197422730ff1737cfff6/repo/master/.xml/rtsp/rtsp_connector.xml"
Reading XML for "/home/pete/wefwefwef/docs/other/29296a76e0ea197422730ff1737cfff6/repo/master/.xml/rtsp/rtsp_app.xml"
Reading XML for "/home/pete/wefwefwef/docs/other/29296a76e0ea197422730ff1737cfff6/repo/master/.xml/specs_rtsp_sup.xml"
Reading XML for "/home/pete/wefwefwef/docs/other/29296a76e0ea197422730ff1737cfff6/repo/master/.xml/specs_rtsp_protocol.xml"
Reading XML for "/home/pete/wefwefwef/docs/other/29296a76e0ea197422730ff1737cfff6/repo/master/.xml/specs_rtsp_connector.xml"
Reading XML for "/home/pete/wefwefwef/docs/other/29296a76e0ea197422730ff1737cfff6/repo/master/.xml/specs_rtsp_app.xml"
Building rtp
Generating Type Specs - "/home/pete/wefwefwef/docs/other/29296a76e0ea197422730ff1737cfff6/videoserver-branch-master/videoserver/apps/rtp/src/rtp_app.erl"
Generating Type Specs - "/home/pete/wefwefwef/docs/other/29296a76e0ea197422730ff1737cfff6/videoserver-branch-master/videoserver/apps/rtp/src/rtp_server.erl"
Generating Type Specs - "/home/pete/wefwefwef/docs/other/29296a76e0ea197422730ff1737cfff6/videoserver-branch-master/videoserver/apps/rtp/src/rtp_sup.erl"
Generating XML for application rtp "/home/pete/wefwefwef/docs/other/29296a76e0ea197422730ff1737cfff6/videoserver-branch-master/videoserver/apps/rtp" -> "/home/pete/wefwefwef/docs/other/29296a76e0ea197422730ff1737cfff6/repo/master/.xml/rtp"
Generated rtp XMLs: ["/home/pete/wefwefwef/docs/other/29296a76e0ea197422730ff1737cfff6/repo/master/.xml/rtp/rtp_sup.xml",
                     "/home/pete/wefwefwef/docs/other/29296a76e0ea197422730ff1737cfff6/repo/master/.xml/rtp/rtp_app.xml",
                     "/home/pete/wefwefwef/docs/other/29296a76e0ea197422730ff1737cfff6/repo/master/.xml/rtp/rtp_server.xml"]
Generating HTML - rtp_server "/home/pete/wefwefwef/docs/other/29296a76e0ea197422730ff1737cfff6/repo/master/.xml/rtp/rtp_server.xml"
Reading XML for "/home/pete/wefwefwef/docs/other/29296a76e0ea197422730ff1737cfff6/repo/master/.xml/rtp/rtp_server.xml"
Reading XML for "/home/pete/wefwefwef/docs/other/29296a76e0ea197422730ff1737cfff6/repo/master/.xml/specs_rtp_server.xml"
Generating HTML - rtp_app "/home/pete/wefwefwef/docs/other/29296a76e0ea197422730ff1737cfff6/repo/master/.xml/rtp/rtp_app.xml"
Reading XML for "/home/pete/wefwefwef/docs/other/29296a76e0ea197422730ff1737cfff6/repo/master/.xml/rtp/rtp_app.xml"
Reading XML for "/home/pete/wefwefwef/docs/other/29296a76e0ea197422730ff1737cfff6/repo/master/.xml/specs_rtp_app.xml"
Generating HTML - rtp_sup "/home/pete/wefwefwef/docs/other/29296a76e0ea197422730ff1737cfff6/repo/master/.xml/rtp/rtp_sup.xml"
Reading XML for "/home/pete/wefwefwef/docs/other/29296a76e0ea197422730ff1737cfff6/repo/master/.xml/rtp/rtp_sup.xml"
Reading XML for "/home/pete/wefwefwef/docs/other/29296a76e0ea197422730ff1737cfff6/repo/master/.xml/specs_rtp_sup.xml"
Building videoserver
Generating XML for application videoserver "/home/pete/wefwefwef/docs/other/29296a76e0ea197422730ff1737cfff6/videoserver-branch-master/videoserver" -> "/home/pete/wefwefwef/docs/other/29296a76e0ea197422730ff1737cfff6/repo/master/.xml/videoserver"
Generated videoserver XMLs: ["/home/pete/wefwefwef/docs/other/29296a76e0ea197422730ff1737cfff6/repo/master/.xml/videoserver/videosrv.xml",
                             "/home/pete/wefwefwef/docs/other/29296a76e0ea197422730ff1737cfff6/repo/master/.xml/videoserver/videoserver_sup.xml",
                             "/home/pete/wefwefwef/docs/other/29296a76e0ea197422730ff1737cfff6/repo/master/.xml/videoserver/rtp_sup.xml",
                             "/home/pete/wefwefwef/docs/other/29296a76e0ea197422730ff1737cfff6/repo/master/.xml/videoserver/rtsp_sup.xml",
                             "/home/pete/wefwefwef/docs/other/29296a76e0ea197422730ff1737cfff6/repo/master/.xml/videoserver/rtp_app.xml",
                             "/home/pete/wefwefwef/docs/other/29296a76e0ea197422730ff1737cfff6/repo/master/.xml/videoserver/rtsp_protocol.xml",
                             "/home/pete/wefwefwef/docs/other/29296a76e0ea197422730ff1737cfff6/repo/master/.xml/videoserver/rtp_server.xml",
                             "/home/pete/wefwefwef/docs/other/29296a76e0ea197422730ff1737cfff6/repo/master/.xml/videoserver/rtsp_connector.xml",
                             "/home/pete/wefwefwef/docs/other/29296a76e0ea197422730ff1737cfff6/repo/master/.xml/videoserver/rtsp_app.xml",
                             "/home/pete/wefwefwef/docs/other/29296a76e0ea197422730ff1737cfff6/repo/master/.xml/videoserver/videoserver_app.xml"]
Generating HTML - videoserver_sup "/home/pete/wefwefwef/docs/other/29296a76e0ea197422730ff1737cfff6/repo/master/.xml/videoserver/videoserver_sup.xml"
Generating HTML - rtsp_sup "/home/pete/wefwefwef/docs/other/29296a76e0ea197422730ff1737cfff6/repo/master/.xml/videoserver/rtsp_sup.xml"
Generating HTML - rtsp_protocol "/home/pete/wefwefwef/docs/other/29296a76e0ea197422730ff1737cfff6/repo/master/.xml/videoserver/rtsp_protocol.xml"
Generating HTML - videoserver_app "/home/pete/wefwefwef/docs/other/29296a76e0ea197422730ff1737cfff6/repo/master/.xml/videoserver/videoserver_app.xml"
Reading XML for "/home/pete/wefwefwef/docs/other/29296a76e0ea197422730ff1737cfff6/repo/master/.xml/videoserver/videoserver_sup.xml"
Reading XML for "/home/pete/wefwefwef/docs/other/29296a76e0ea197422730ff1737cfff6/repo/master/.xml/videoserver/rtsp_sup.xml"
Reading XML for "/home/pete/wefwefwef/docs/other/29296a76e0ea197422730ff1737cfff6/repo/master/.xml/videoserver/rtsp_protocol.xml"
Reading XML for "/home/pete/wefwefwef/docs/other/29296a76e0ea197422730ff1737cfff6/repo/master/.xml/videoserver/videoserver_app.xml"
Reading XML for "/home/pete/wefwefwef/docs/other/29296a76e0ea197422730ff1737cfff6/repo/master/.xml/specs_rtsp_sup.xml"
Reading XML for "/home/pete/wefwefwef/docs/other/29296a76e0ea197422730ff1737cfff6/repo/master/.xml/specs_videoserver_sup.xml"
Generating HTML - rtp_sup "/home/pete/wefwefwef/docs/other/29296a76e0ea197422730ff1737cfff6/repo/master/.xml/videoserver/rtp_sup.xml"
Reading XML for "/home/pete/wefwefwef/docs/other/29296a76e0ea197422730ff1737cfff6/repo/master/.xml/videoserver/rtp_sup.xml"
Generating HTML - videosrv "/home/pete/wefwefwef/docs/other/29296a76e0ea197422730ff1737cfff6/repo/master/.xml/videoserver/videosrv.xml"
Reading XML for "/home/pete/wefwefwef/docs/other/29296a76e0ea197422730ff1737cfff6/repo/master/.xml/videoserver/videosrv.xml"
Reading XML for "/home/pete/wefwefwef/docs/other/29296a76e0ea197422730ff1737cfff6/repo/master/.xml/specs_videoserver_app.xml"
Generating HTML - rtsp_app "/home/pete/wefwefwef/docs/other/29296a76e0ea197422730ff1737cfff6/repo/master/.xml/videoserver/rtsp_app.xml"
Reading XML for "/home/pete/wefwefwef/docs/other/29296a76e0ea197422730ff1737cfff6/repo/master/.xml/specs_rtsp_protocol.xml"
Reading XML for "/home/pete/wefwefwef/docs/other/29296a76e0ea197422730ff1737cfff6/repo/master/.xml/videoserver/rtsp_app.xml"
Generating HTML - rtp_app "/home/pete/wefwefwef/docs/other/29296a76e0ea197422730ff1737cfff6/repo/master/.xml/videoserver/rtp_app.xml"
Reading XML for "/home/pete/wefwefwef/docs/other/29296a76e0ea197422730ff1737cfff6/repo/master/.xml/videoserver/rtp_app.xml"
Reading XML for "/home/pete/wefwefwef/docs/other/29296a76e0ea197422730ff1737cfff6/repo/master/.xml/specs_rtp_sup.xml"
Reading XML for "/home/pete/wefwefwef/docs/other/29296a76e0ea197422730ff1737cfff6/repo/master/.xml/specs_videosrv.xml"
Reading XML for "/home/pete/wefwefwef/docs/other/29296a76e0ea197422730ff1737cfff6/repo/master/.xml/specs_rtsp_app.xml"
Generating HTML - rtsp_connector "/home/pete/wefwefwef/docs/other/29296a76e0ea197422730ff1737cfff6/repo/master/.xml/videoserver/rtsp_connector.xml"
Reading XML for "/home/pete/wefwefwef/docs/other/29296a76e0ea197422730ff1737cfff6/repo/master/.xml/videoserver/rtsp_connector.xml"
Reading XML for "/home/pete/wefwefwef/docs/other/29296a76e0ea197422730ff1737cfff6/repo/master/.xml/specs_rtp_app.xml"
Reading XML for "/home/pete/wefwefwef/docs/other/29296a76e0ea197422730ff1737cfff6/repo/master/.xml/specs_rtsp_connector.xml"
Generating HTML - rtp_server "/home/pete/wefwefwef/docs/other/29296a76e0ea197422730ff1737cfff6/repo/master/.xml/videoserver/rtp_server.xml"
Reading XML for "/home/pete/wefwefwef/docs/other/29296a76e0ea197422730ff1737cfff6/repo/master/.xml/videoserver/rtp_server.xml"
Reading XML for "/home/pete/wefwefwef/docs/other/29296a76e0ea197422730ff1737cfff6/repo/master/.xml/specs_rtp_server.xml"
Creating index.html ...
Creating erldocs_index.js ...
Woot, finished in 0 Minutes 1 Seconds
 :: Discovering other repos
$ 5000  `rm -r '/home/pete/wefwefwef/docs/other/29296a76e0ea197422730ff1737cfff6/videoserver-branch-master'  2>&1`
 :: Finishing up
$ 5000  `rm -r '/home/pete/wefwefwef/docs/other/29296a76e0ea197422730ff1737cfff6/videoserver'  2>&1`
