 :: Extracting meta information
$ infinity  `git ls-remote --heads --tags 'https://github.com/cloudi/cloudi'  2>&1`
>>> [repo] 2 branches, 17 tags
 :: Writing meta to "/home/pete/wefwefwef/docs/other/95910b8c91301f3ed50ced0896285c9880e2ffc5/meta.txt"
 :: Skipping tag "v0.2.0rc1"
 :: Skipping tag "v0.2.0rc2"
 :: Skipping tag "v1.0.0"
 :: Skipping tag "v1.1.0"
 :: Skipping tag "v1.1.1"
 :: Skipping tag "v1.2.0"
 :: Skipping tag "v1.2.1"
 :: Skipping tag "v1.2.2"
 :: Skipping tag "v1.2.3"
 :: Skipping tag "v1.2.4"
 :: Skipping tag "v1.2.5"
 :: Skipping tag "v1.3.0"
 :: Skipping tag "v1.3.1"
 :: Skipping tag "v1.3.2"
 :: Skipping tag "v1.3.3"
 :: Skipping tag "v1.4.0"
 :: Skipping tag "v1.5.0"
 :: Skipping branch "master"
 :: Processing https://github.com/cloudi/cloudi	{rev,branch,"develop","27f01c4585cc00205ba87446736f1ab33b32200b",undefined,[],[]}
 :: Fetching repo code
$ cd '/home/pete/wefwefwef/docs/other/95910b8c91301f3ed50ced0896285c9880e2ffc5/cloudi-branch-develop'
$ infinity  `curl --fail --silent --show-error --location --output repo.tar.gz 'https://codeload.github.com/cloudi/cloudi/tar.gz/develop'  2>&1`
$ cd '/home/pete/wefwefwef/docs/erldocs_other.git'
$ cd '/home/pete/wefwefwef/docs/other/95910b8c91301f3ed50ced0896285c9880e2ffc5/cloudi-branch-develop/CloudI-develop'
$ 5000  `find -P . -type l -delete  2>&1`
$ cd '/home/pete/wefwefwef/docs/erldocs_other.git'
$ 5000  `mv '/home/pete/wefwefwef/docs/other/95910b8c91301f3ed50ced0896285c9880e2ffc5/cloudi-branch-develop/CloudI-develop' '/home/pete/wefwefwef/docs/other/95910b8c91301f3ed50ced0896285c9880e2ffc5/cloudi-branch-develop/cloudi'  2>&1`
 :: Getting dependencies
$ cd '/home/pete/wefwefwef/docs/other/95910b8c91301f3ed50ced0896285c9880e2ffc5/cloudi-branch-develop/cloudi'
$ 5000  `ls -1 deps/  2>&1`
$ cd '/home/pete/wefwefwef/docs/erldocs_other.git'
>>> [rebar] deps = []
 :: Generating erldocs into /home/pete/wefwefwef/docs/other/95910b8c91301f3ed50ced0896285c9880e2ffc5/repo/develop
Building cloudi
Generating XML for application cloudi "/home/pete/wefwefwef/docs/other/95910b8c91301f3ed50ced0896285c9880e2ffc5/cloudi-branch-develop/cloudi" -> "/home/pete/wefwefwef/docs/other/95910b8c91301f3ed50ced0896285c9880e2ffc5/repo/develop/.xml/cloudi"
edoc: error in layout 'docgen_edoc_xml_cb': {'EXIT',
                                       {function_clause,
                                        [{docgen_edoc_xml_cb,t_type,
                                          [[{xmlElement,binary,[],[],
                                             {xmlNamespace,[],[]},
                                             [{type,2},{union,...},{...}|...],
                                             1,
                                             [{...}],
                                             [],...}]],
                                          [{file,"docgen_edoc_xml_cb.erl"},
                                           {line,1003}]},
                                         {docgen_edoc_xml_cb,seq,4,
                                          [{file,"docgen_edoc_xml_cb.erl"},
                                           {line,1114}]},
                                         {docgen_edoc_xml_cb,seq,4,
                                          [{file,"docgen_edoc_xml_cb.erl"},
                                           {line,1116}]},
                                         {docgen_edoc_xml_cb,t_field,1,
                                          [{file,"docgen_edoc_xml_cb.erl"},
                                           {line,1068}]},
                                         {docgen_edoc_xml_cb,seq,4,
                                          [{file,"docgen_edoc_xml_cb.erl"},
                                           {line,1116}]},
                                         {docgen_edoc_xml_cb,t_record,1,
                                          [{file,"docgen_edoc_xml_cb.erl"},
                                           {line,1066}]},
                                         {docgen_edoc_xml_cb,typedef,1,
                                          [{file,"docgen_edoc_xml_cb.erl"},
                                           {line,870}]},
                                         {docgen_edoc_xml_cb,typedecl,2,
                                          [{file,[...]},{line,...}]}]}}.
edoc: error in doclet 'edoc_doclet': {'EXIT',error}.
Error generating cloudi XMLs. Using fallback ...
No documentation was generated!
Woot, finished in 0 Minutes 0 Seconds
 :: Discovering other repos
$ 5000  `rm -r '/home/pete/wefwefwef/docs/other/95910b8c91301f3ed50ced0896285c9880e2ffc5/cloudi-branch-develop'  2>&1`
 :: Finishing up
$ 5000  `rm -r '/home/pete/wefwefwef/docs/other/95910b8c91301f3ed50ced0896285c9880e2ffc5/cloudi'  2>&1`
$ 5000  `rm -r '/home/pete/wefwefwef/docs/other/95910b8c91301f3ed50ced0896285c9880e2ffc5/repo/develop'  2>&1`
