 :: Extracting meta information
$ 5000  `git ls-remote --heads --tags 'https://github.com/knewter/bump'  2>&1`
>>> [repo] 1 branches, 0 tags
 :: Writing meta to "/home/pete/wefwefwef/docs/other/8478489416/meta.txt"
 :: Processing https://github.com/knewter/bump	{rev,branch,"master","407a0a06f1d185abcf23fe599bc060d056bb9abd"}
 :: Fetching repo code
$ cd "/home/pete/wefwefwef/docs/other/8478489416/bump-branch-master/bump"
$ infinity  `curl --fail --silent --show-error --location --output 'master.zip' 'https://github.com/knewter/bump/archive/master.zip'  2>&1`
$ cd "/home/pete/wefwefwef/docs/erldocs_other.git"
$ cd "/home/pete/wefwefwef/docs/other/8478489416/bump-branch-master/bump"
$ 5000  `find -P . -type l -delete  2>&1`
$ cd "/home/pete/wefwefwef/docs/erldocs_other.git"
$ cd "/home/pete/wefwefwef/docs/other/8478489416/bump-branch-master/bump"
$ 5000  `find 'bump-master' -mindepth 1 -maxdepth 1 -exec mv -t . -- {} +  2>&1`
$ cd "/home/pete/wefwefwef/docs/erldocs_other.git"
 :: Getting dependencies
$ cd "/home/pete/wefwefwef/docs/other/8478489416/bump-branch-master/bump"
$ 5000  `ls -1 deps/  2>&1`
$ cd "/home/pete/wefwefwef/docs/erldocs_other.git"
>>> [rebar] deps = []
 :: Generating erldocs into /home/pete/wefwefwef/docs/other/8478489416/repo/master
Building bump
Generating Type Specs - "/home/pete/wefwefwef/docs/other/8478489416/bump-branch-master/bump/src/bump_app.erl"
Generating Type Specs - "/home/pete/wefwefwef/docs/other/8478489416/bump-branch-master/bump/src/bump_sup.erl"
Generating XML for application bump "/home/pete/wefwefwef/docs/other/8478489416/bump-branch-master/bump" -> "/home/pete/wefwefwef/docs/other/8478489416/repo/master/.xml/bump"
Generated bump XMLs: ["/home/pete/wefwefwef/docs/other/8478489416/repo/master/.xml/bump/bump_app.xml",
                      "/home/pete/wefwefwef/docs/other/8478489416/repo/master/.xml/bump/bump_sup.xml"]
Generating HTML - bump_sup "/home/pete/wefwefwef/docs/other/8478489416/repo/master/.xml/bump/bump_sup.xml"
Reading XML for "/home/pete/wefwefwef/docs/other/8478489416/repo/master/.xml/bump/bump_sup.xml"
Reading XML for "/home/pete/wefwefwef/docs/other/8478489416/repo/master/.xml/specs_bump_sup.xml"
Generating HTML - bump_app "/home/pete/wefwefwef/docs/other/8478489416/repo/master/.xml/bump/bump_app.xml"
Reading XML for "/home/pete/wefwefwef/docs/other/8478489416/repo/master/.xml/bump/bump_app.xml"
Reading XML for "/home/pete/wefwefwef/docs/other/8478489416/repo/master/.xml/specs_bump_app.xml"
Creating index.html ...
Creating erldocs_index.js ...
Woot, finished in 0 Minutes 0 Seconds
 :: Discovering other repos
$ 5000  `rm -r '/home/pete/wefwefwef/docs/other/8478489416/bump-branch-master'  2>&1`
 :: Erldocs finishing up
$ 5000  `rm -r '/home/pete/wefwefwef/docs/other/8478489416/bump'  2>&1`
