 :: Extracting meta information
$ 5000  `git ls-remote --heads --tags 'https://github.com/erlyvideo/uvc'  2>&1`
>>> [repo] 1 branches, 0 tags
 :: Writing meta to "/home/pete/wefwefwef/docs/other/7974425724/meta.txt"
 :: Processing https://github.com/erlyvideo/uvc	{rev,branch,"master","76f2b351f339a1e3a35577b2e88984bbe658a534",undefined,[],[]}
 :: Fetching repo code
$ cd "/home/pete/wefwefwef/docs/other/7974425724/uvc-branch-master/uvc"
$ infinity  `curl --fail --silent --show-error --location --output 'master.zip' 'https://github.com/erlyvideo/uvc/archive/master.zip'  2>&1`
$ cd "/home/pete/wefwefwef/docs/erldocs_other.git"
$ cd "/home/pete/wefwefwef/docs/other/7974425724/uvc-branch-master/uvc"
$ 5000  `find -P . -type l -delete  2>&1`
$ cd "/home/pete/wefwefwef/docs/erldocs_other.git"
$ cd "/home/pete/wefwefwef/docs/other/7974425724/uvc-branch-master/uvc"
$ 5000  `find 'uvc-master' -mindepth 1 -maxdepth 1 -exec mv -t . -- {} +  2>&1`
$ cd "/home/pete/wefwefwef/docs/erldocs_other.git"
 :: Getting dependencies
$ cd "/home/pete/wefwefwef/docs/other/7974425724/uvc-branch-master/uvc"
$ 5000  `ls -1 deps/  2>&1`
$ cd "/home/pete/wefwefwef/docs/erldocs_other.git"
>>> [rebar] deps = []
 :: Generating erldocs into /home/pete/wefwefwef/docs/other/7974425724/repo/master
Building uvc
Generating Type Specs - "/home/pete/wefwefwef/docs/other/7974425724/uvc-branch-master/uvc/test.erl"
/home/pete/wefwefwef/docs/other/7974425724/uvc-branch-master/uvc/test.erl: at line 1: syntax error before: '#'
EDoc could not process file '/home/pete/wefwefwef/docs/other/7974425724/uvc-branch-master/uvc/test.erl'
Error generating type specs for "/home/pete/wefwefwef/docs/other/7974425724/uvc-branch-master/uvc/test.erl"
Generating Type Specs - "/home/pete/wefwefwef/docs/other/7974425724/uvc-branch-master/uvc/src/uvc.erl"
Generating Type Specs - "/home/pete/wefwefwef/docs/other/7974425724/uvc-branch-master/uvc/src/uvc_sup.erl"
Generating XML for application uvc "/home/pete/wefwefwef/docs/other/7974425724/uvc-branch-master/uvc" -> "/home/pete/wefwefwef/docs/other/7974425724/repo/master/.xml/uvc"
Generated uvc XMLs: ["/home/pete/wefwefwef/docs/other/7974425724/repo/master/.xml/uvc/uvc.xml",
                     "/home/pete/wefwefwef/docs/other/7974425724/repo/master/.xml/uvc/uvc_sup.xml"]
Generating HTML - uvc_sup "/home/pete/wefwefwef/docs/other/7974425724/repo/master/.xml/uvc/uvc_sup.xml"
Reading XML for "/home/pete/wefwefwef/docs/other/7974425724/repo/master/.xml/uvc/uvc_sup.xml"
Reading XML for "/home/pete/wefwefwef/docs/other/7974425724/repo/master/.xml/specs_uvc_sup.xml"
Generating HTML - uvc "/home/pete/wefwefwef/docs/other/7974425724/repo/master/.xml/uvc/uvc.xml"
Reading XML for "/home/pete/wefwefwef/docs/other/7974425724/repo/master/.xml/uvc/uvc.xml"
Reading XML for "/home/pete/wefwefwef/docs/other/7974425724/repo/master/.xml/specs_uvc.xml"
Creating index.html ...
Creating erldocs_index.js ...
Woot, finished in 0 Minutes 0 Seconds
 :: Discovering other repos
$ 5000  `rm -r '/home/pete/wefwefwef/docs/other/7974425724/uvc-branch-master'  2>&1`
 :: Finishing up
$ 5000  `rm -r '/home/pete/wefwefwef/docs/other/7974425724/uvc'  2>&1`
