 :: Extracting meta information
$ 5000  `git ls-remote --heads --tags 'https://github.com/crysnic/tcp_rpc'  2>&1`
>>> [repo] 1 branches, 0 tags
 :: Writing meta to "/home/pete/wefwefwef/docs/other/7231559706/meta.txt"
 :: Processing https://github.com/crysnic/tcp_rpc	{rev,branch,"master","77919a2268e1f2eba2e78e2799b6889ef4f84c17",undefined,[],[]}
 :: Fetching repo code
$ cd "/home/pete/wefwefwef/docs/other/7231559706/tcp_rpc-branch-master/tcp_rpc"
$ infinity  `curl --fail --silent --show-error --location --output 'master.zip' 'https://github.com/crysnic/tcp_rpc/archive/master.zip'  2>&1`
$ cd "/home/pete/wefwefwef/docs/erldocs_other.git"
$ cd "/home/pete/wefwefwef/docs/other/7231559706/tcp_rpc-branch-master/tcp_rpc"
$ 5000  `find -P . -type l -delete  2>&1`
$ cd "/home/pete/wefwefwef/docs/erldocs_other.git"
$ cd "/home/pete/wefwefwef/docs/other/7231559706/tcp_rpc-branch-master/tcp_rpc"
$ 5000  `find 'tcp_rpc-master' -mindepth 1 -maxdepth 1 -exec mv -t . -- {} +  2>&1`
$ cd "/home/pete/wefwefwef/docs/erldocs_other.git"
 :: Getting dependencies
$ cd "/home/pete/wefwefwef/docs/other/7231559706/tcp_rpc-branch-master/tcp_rpc"
$ 5000  `ls -1 deps/  2>&1`
$ cd "/home/pete/wefwefwef/docs/erldocs_other.git"
>>> [rebar] deps = []
 :: Generating erldocs into /home/pete/wefwefwef/docs/other/7231559706/repo/master
Building tcp_rpc
Generating Type Specs - "/home/pete/wefwefwef/docs/other/7231559706/tcp_rpc-branch-master/tcp_rpc/src/tcp_rpc_app.erl"
Generating Type Specs - "/home/pete/wefwefwef/docs/other/7231559706/tcp_rpc-branch-master/tcp_rpc/src/tcp_rpc_server.erl"
Generating Type Specs - "/home/pete/wefwefwef/docs/other/7231559706/tcp_rpc-branch-master/tcp_rpc/src/tcp_rpc_sup.erl"
Generating XML for application tcp_rpc "/home/pete/wefwefwef/docs/other/7231559706/tcp_rpc-branch-master/tcp_rpc" -> "/home/pete/wefwefwef/docs/other/7231559706/repo/master/.xml/tcp_rpc"
Generated tcp_rpc XMLs: ["/home/pete/wefwefwef/docs/other/7231559706/repo/master/.xml/tcp_rpc/tcp_rpc_server.xml",
                         "/home/pete/wefwefwef/docs/other/7231559706/repo/master/.xml/tcp_rpc/tcp_rpc_app.xml",
                         "/home/pete/wefwefwef/docs/other/7231559706/repo/master/.xml/tcp_rpc/tcp_rpc_sup.xml"]
Generating HTML - tcp_rpc_sup "/home/pete/wefwefwef/docs/other/7231559706/repo/master/.xml/tcp_rpc/tcp_rpc_sup.xml"
Reading XML for "/home/pete/wefwefwef/docs/other/7231559706/repo/master/.xml/tcp_rpc/tcp_rpc_sup.xml"
Reading XML for "/home/pete/wefwefwef/docs/other/7231559706/repo/master/.xml/specs_tcp_rpc_sup.xml"
Generating HTML - tcp_rpc_app "/home/pete/wefwefwef/docs/other/7231559706/repo/master/.xml/tcp_rpc/tcp_rpc_app.xml"
Reading XML for "/home/pete/wefwefwef/docs/other/7231559706/repo/master/.xml/tcp_rpc/tcp_rpc_app.xml"
Reading XML for "/home/pete/wefwefwef/docs/other/7231559706/repo/master/.xml/specs_tcp_rpc_app.xml"
Generating HTML - tcp_rpc_server "/home/pete/wefwefwef/docs/other/7231559706/repo/master/.xml/tcp_rpc/tcp_rpc_server.xml"
Reading XML for "/home/pete/wefwefwef/docs/other/7231559706/repo/master/.xml/tcp_rpc/tcp_rpc_server.xml"
Reading XML for "/home/pete/wefwefwef/docs/other/7231559706/repo/master/.xml/specs_tcp_rpc_server.xml"
Creating index.html ...
Creating erldocs_index.js ...
Woot, finished in 0 Minutes 0 Seconds
 :: Discovering other repos
$ 5000  `rm -r '/home/pete/wefwefwef/docs/other/7231559706/tcp_rpc-branch-master'  2>&1`
 :: Finishing up
$ 5000  `rm -r '/home/pete/wefwefwef/docs/other/7231559706/tcp_rpc'  2>&1`
