 :: Extracting meta information
$ 5000  `git ls-remote --heads --tags 'https://github.com/cloudi/cloudi_service_db'  2>&1`
>>> [repo] 1 branches, 14 tags
 :: Writing meta to "/home/pete/wefwefwef/docs/other/4867115425/meta.txt"
 :: Processing https://github.com/cloudi/cloudi_service_db	{rev,tag,"v1.3.0","8a8795e1ce7c6eee3c35fbc0a9d740183b2a1153",undefined,[],[]}
 :: Fetching repo code
$ cd "/home/pete/wefwefwef/docs/other/4867115425/cloudi_service_db-tag-v1.3.0/cloudi_service_db"
$ infinity  `curl --fail --silent --show-error --location --output 'v1.3.0.zip' 'https://github.com/cloudi/cloudi_service_db/archive/v1.3.0.zip'  2>&1`
$ cd "/home/pete/wefwefwef/docs/erldocs_other.git"
$ cd "/home/pete/wefwefwef/docs/other/4867115425/cloudi_service_db-tag-v1.3.0/cloudi_service_db"
$ 5000  `find -P . -type l -delete  2>&1`
$ cd "/home/pete/wefwefwef/docs/erldocs_other.git"
$ cd "/home/pete/wefwefwef/docs/other/4867115425/cloudi_service_db-tag-v1.3.0/cloudi_service_db"
$ 5000  `find 'cloudi_service_db-1.3.0' -mindepth 1 -maxdepth 1 -exec mv -t . -- {} +  2>&1`
$ cd "/home/pete/wefwefwef/docs/erldocs_other.git"
 :: Getting dependencies
$ cd "/home/pete/wefwefwef/docs/other/4867115425/cloudi_service_db-tag-v1.3.0/cloudi_service_db"
$ infinity  `rebar --config '/home/pete/wefwefwef/docs/other/4867115425/cloudi_service_db-tag-v1.3.0/rebar_deps' get-deps  2>&1`
$ cd "/home/pete/wefwefwef/docs/erldocs_other.git"
$ cd "/home/pete/wefwefwef/docs/other/4867115425/cloudi_service_db-tag-v1.3.0/cloudi_service_db"
$ 5000  `find -P . -type l -delete  2>&1`
$ cd "/home/pete/wefwefwef/docs/erldocs_other.git"
$ cd "/home/pete/wefwefwef/docs/other/4867115425/cloudi_service_db-tag-v1.3.0/cloudi_service_db"
$ 5000  `ls -1 deps/  2>&1`
$ cd "/home/pete/wefwefwef/docs/erldocs_other.git"
>>> [rebar] deps = ["cloudi_core","cpg","dynamic_compile","erlang_term",
                    "erlcloud","jsx","key2value","keys1value","lhttpc","meck",
                    "nodefinder","pqueue","quickrand","reltool_util","syslog",
                    "trie","uuid"]
 :: Generating erldocs into /home/pete/wefwefwef/docs/other/4867115425/repo/v1.3.0
Building cloudi_service_db
Generating Type Specs - "/home/pete/wefwefwef/docs/other/4867115425/cloudi_service_db-tag-v1.3.0/cloudi_service_db/src/cloudi_service_db.erl"
Generating XML for application cloudi_service_db "/home/pete/wefwefwef/docs/other/4867115425/cloudi_service_db-tag-v1.3.0/cloudi_service_db" -> "/home/pete/wefwefwef/docs/other/4867115425/repo/v1.3.0/.xml/cloudi_service_db"
Generated cloudi_service_db XMLs: ["/home/pete/wefwefwef/docs/other/4867115425/repo/v1.3.0/.xml/cloudi_service_db/cloudi_service_db.xml"]
Generating HTML - cloudi_service_db "/home/pete/wefwefwef/docs/other/4867115425/repo/v1.3.0/.xml/cloudi_service_db/cloudi_service_db.xml"
Reading XML for "/home/pete/wefwefwef/docs/other/4867115425/repo/v1.3.0/.xml/cloudi_service_db/cloudi_service_db.xml"
Reading XML for "/home/pete/wefwefwef/docs/other/4867115425/repo/v1.3.0/.xml/specs_cloudi_service_db.xml"
Creating index.html ...
Creating erldocs_index.js ...
Woot, finished in 0 Minutes 0 Seconds
 :: Discovering other repos
$ 5000  `rm -r '/home/pete/wefwefwef/docs/other/4867115425/cloudi_service_db-tag-v1.3.0'  2>&1`
 :: Processing https://github.com/cloudi/cloudi_service_db	{rev,tag,"v1.3.1","46db593980255e50484678a5e52e3896873875cf",undefined,[],[]}
 :: Fetching repo code
$ cd "/home/pete/wefwefwef/docs/other/4867115425/cloudi_service_db-tag-v1.3.1/cloudi_service_db"
$ infinity  `curl --fail --silent --show-error --location --output 'v1.3.1.zip' 'https://github.com/cloudi/cloudi_service_db/archive/v1.3.1.zip'  2>&1`
$ cd "/home/pete/wefwefwef/docs/erldocs_other.git"
$ cd "/home/pete/wefwefwef/docs/other/4867115425/cloudi_service_db-tag-v1.3.1/cloudi_service_db"
$ 5000  `find -P . -type l -delete  2>&1`
$ cd "/home/pete/wefwefwef/docs/erldocs_other.git"
$ cd "/home/pete/wefwefwef/docs/other/4867115425/cloudi_service_db-tag-v1.3.1/cloudi_service_db"
$ 5000  `find 'cloudi_service_db-1.3.1' -mindepth 1 -maxdepth 1 -exec mv -t . -- {} +  2>&1`
$ cd "/home/pete/wefwefwef/docs/erldocs_other.git"
 :: Getting dependencies
$ cd "/home/pete/wefwefwef/docs/other/4867115425/cloudi_service_db-tag-v1.3.1/cloudi_service_db"
$ infinity  `rebar --config '/home/pete/wefwefwef/docs/other/4867115425/cloudi_service_db-tag-v1.3.1/rebar_deps' get-deps  2>&1`
$ cd "/home/pete/wefwefwef/docs/erldocs_other.git"
$ cd "/home/pete/wefwefwef/docs/other/4867115425/cloudi_service_db-tag-v1.3.1/cloudi_service_db"
$ 5000  `find -P . -type l -delete  2>&1`
$ cd "/home/pete/wefwefwef/docs/erldocs_other.git"
$ cd "/home/pete/wefwefwef/docs/other/4867115425/cloudi_service_db-tag-v1.3.1/cloudi_service_db"
$ 5000  `ls -1 deps/  2>&1`
$ cd "/home/pete/wefwefwef/docs/erldocs_other.git"
>>> [rebar] deps = ["cloudi_core","cpg","key2value","pqueue","quickrand",
                    "reltool_util","trie","uuid"]
 :: Generating erldocs into /home/pete/wefwefwef/docs/other/4867115425/repo/v1.3.1
Building cloudi_service_db
Generating Type Specs - "/home/pete/wefwefwef/docs/other/4867115425/cloudi_service_db-tag-v1.3.1/cloudi_service_db/src/cloudi_service_db.erl"
Generating XML for application cloudi_service_db "/home/pete/wefwefwef/docs/other/4867115425/cloudi_service_db-tag-v1.3.1/cloudi_service_db" -> "/home/pete/wefwefwef/docs/other/4867115425/repo/v1.3.1/.xml/cloudi_service_db"
Generated cloudi_service_db XMLs: ["/home/pete/wefwefwef/docs/other/4867115425/repo/v1.3.1/.xml/cloudi_service_db/cloudi_service_db.xml"]
Generating HTML - cloudi_service_db "/home/pete/wefwefwef/docs/other/4867115425/repo/v1.3.1/.xml/cloudi_service_db/cloudi_service_db.xml"
Reading XML for "/home/pete/wefwefwef/docs/other/4867115425/repo/v1.3.1/.xml/cloudi_service_db/cloudi_service_db.xml"
Reading XML for "/home/pete/wefwefwef/docs/other/4867115425/repo/v1.3.1/.xml/specs_cloudi_service_db.xml"
Creating index.html ...
Creating erldocs_index.js ...
Woot, finished in 0 Minutes 0 Seconds
 :: Discovering other repos
$ 5000  `rm -r '/home/pete/wefwefwef/docs/other/4867115425/cloudi_service_db-tag-v1.3.1'  2>&1`
 :: Processing https://github.com/cloudi/cloudi_service_db	{rev,tag,"v1.3.1.1","f51fe559e191fe42bb78774f39d429c81731400b",undefined,[],[]}
 :: Fetching repo code
$ cd "/home/pete/wefwefwef/docs/other/4867115425/cloudi_service_db-tag-v1.3.1.1/cloudi_service_db"
$ infinity  `curl --fail --silent --show-error --location --output 'v1.3.1.1.zip' 'https://github.com/cloudi/cloudi_service_db/archive/v1.3.1.1.zip'  2>&1`
$ cd "/home/pete/wefwefwef/docs/erldocs_other.git"
$ cd "/home/pete/wefwefwef/docs/other/4867115425/cloudi_service_db-tag-v1.3.1.1/cloudi_service_db"
$ 5000  `find -P . -type l -delete  2>&1`
$ cd "/home/pete/wefwefwef/docs/erldocs_other.git"
$ cd "/home/pete/wefwefwef/docs/other/4867115425/cloudi_service_db-tag-v1.3.1.1/cloudi_service_db"
$ 5000  `find 'cloudi_service_db-1.3.1.1' -mindepth 1 -maxdepth 1 -exec mv -t . -- {} +  2>&1`
$ cd "/home/pete/wefwefwef/docs/erldocs_other.git"
 :: Getting dependencies
$ cd "/home/pete/wefwefwef/docs/other/4867115425/cloudi_service_db-tag-v1.3.1.1/cloudi_service_db"
$ infinity  `rebar --config '/home/pete/wefwefwef/docs/other/4867115425/cloudi_service_db-tag-v1.3.1.1/rebar_deps' get-deps  2>&1`
$ cd "/home/pete/wefwefwef/docs/erldocs_other.git"
$ cd "/home/pete/wefwefwef/docs/other/4867115425/cloudi_service_db-tag-v1.3.1.1/cloudi_service_db"
$ 5000  `find -P . -type l -delete  2>&1`
$ cd "/home/pete/wefwefwef/docs/erldocs_other.git"
$ cd "/home/pete/wefwefwef/docs/other/4867115425/cloudi_service_db-tag-v1.3.1.1/cloudi_service_db"
$ 5000  `ls -1 deps/  2>&1`
$ cd "/home/pete/wefwefwef/docs/erldocs_other.git"
>>> [rebar] deps = ["cloudi_core","cpg","dynamic_compile","erlcloud","jsx",
                    "key2value","lhttpc","meck","nodefinder","pqueue",
                    "quickrand","reltool_util","syslog","trie","uuid"]
 :: Generating erldocs into /home/pete/wefwefwef/docs/other/4867115425/repo/v1.3.1.1
Building cloudi_service_db
Generating Type Specs - "/home/pete/wefwefwef/docs/other/4867115425/cloudi_service_db-tag-v1.3.1.1/cloudi_service_db/src/cloudi_service_db.erl"
Generating XML for application cloudi_service_db "/home/pete/wefwefwef/docs/other/4867115425/cloudi_service_db-tag-v1.3.1.1/cloudi_service_db" -> "/home/pete/wefwefwef/docs/other/4867115425/repo/v1.3.1.1/.xml/cloudi_service_db"
Generated cloudi_service_db XMLs: ["/home/pete/wefwefwef/docs/other/4867115425/repo/v1.3.1.1/.xml/cloudi_service_db/cloudi_service_db.xml"]
Generating HTML - cloudi_service_db "/home/pete/wefwefwef/docs/other/4867115425/repo/v1.3.1.1/.xml/cloudi_service_db/cloudi_service_db.xml"
Reading XML for "/home/pete/wefwefwef/docs/other/4867115425/repo/v1.3.1.1/.xml/cloudi_service_db/cloudi_service_db.xml"
Reading XML for "/home/pete/wefwefwef/docs/other/4867115425/repo/v1.3.1.1/.xml/specs_cloudi_service_db.xml"
Creating index.html ...
Creating erldocs_index.js ...
Woot, finished in 0 Minutes 0 Seconds
 :: Discovering other repos
$ 5000  `rm -r '/home/pete/wefwefwef/docs/other/4867115425/cloudi_service_db-tag-v1.3.1.1'  2>&1`
 :: Processing https://github.com/cloudi/cloudi_service_db	{rev,tag,"v1.3.1.2","a090bd398ee91db307fbfb895909a6b914a86e59",undefined,[],[]}
 :: Fetching repo code
$ cd "/home/pete/wefwefwef/docs/other/4867115425/cloudi_service_db-tag-v1.3.1.2/cloudi_service_db"
$ infinity  `curl --fail --silent --show-error --location --output 'v1.3.1.2.zip' 'https://github.com/cloudi/cloudi_service_db/archive/v1.3.1.2.zip'  2>&1`
$ cd "/home/pete/wefwefwef/docs/erldocs_other.git"
$ cd "/home/pete/wefwefwef/docs/other/4867115425/cloudi_service_db-tag-v1.3.1.2/cloudi_service_db"
$ 5000  `find -P . -type l -delete  2>&1`
$ cd "/home/pete/wefwefwef/docs/erldocs_other.git"
$ cd "/home/pete/wefwefwef/docs/other/4867115425/cloudi_service_db-tag-v1.3.1.2/cloudi_service_db"
$ 5000  `find 'cloudi_service_db-1.3.1.2' -mindepth 1 -maxdepth 1 -exec mv -t . -- {} +  2>&1`
$ cd "/home/pete/wefwefwef/docs/erldocs_other.git"
 :: Getting dependencies
$ cd "/home/pete/wefwefwef/docs/other/4867115425/cloudi_service_db-tag-v1.3.1.2/cloudi_service_db"
$ infinity  `rebar --config '/home/pete/wefwefwef/docs/other/4867115425/cloudi_service_db-tag-v1.3.1.2/rebar_deps' get-deps  2>&1`
$ cd "/home/pete/wefwefwef/docs/erldocs_other.git"
$ cd "/home/pete/wefwefwef/docs/other/4867115425/cloudi_service_db-tag-v1.3.1.2/cloudi_service_db"
$ 5000  `find -P . -type l -delete  2>&1`
$ cd "/home/pete/wefwefwef/docs/erldocs_other.git"
$ cd "/home/pete/wefwefwef/docs/other/4867115425/cloudi_service_db-tag-v1.3.1.2/cloudi_service_db"
$ 5000  `ls -1 deps/  2>&1`
$ cd "/home/pete/wefwefwef/docs/erldocs_other.git"
>>> [rebar] deps = ["cloudi_core","cpg","dynamic_compile","erlcloud","jsx",
                    "key2value","lhttpc","meck","nodefinder","pqueue",
                    "quickrand","reltool_util","syslog","trie","uuid"]
 :: Generating erldocs into /home/pete/wefwefwef/docs/other/4867115425/repo/v1.3.1.2
Building cloudi_service_db
Generating Type Specs - "/home/pete/wefwefwef/docs/other/4867115425/cloudi_service_db-tag-v1.3.1.2/cloudi_service_db/src/cloudi_service_db.erl"
Generating XML for application cloudi_service_db "/home/pete/wefwefwef/docs/other/4867115425/cloudi_service_db-tag-v1.3.1.2/cloudi_service_db" -> "/home/pete/wefwefwef/docs/other/4867115425/repo/v1.3.1.2/.xml/cloudi_service_db"
Generated cloudi_service_db XMLs: ["/home/pete/wefwefwef/docs/other/4867115425/repo/v1.3.1.2/.xml/cloudi_service_db/cloudi_service_db.xml"]
Generating HTML - cloudi_service_db "/home/pete/wefwefwef/docs/other/4867115425/repo/v1.3.1.2/.xml/cloudi_service_db/cloudi_service_db.xml"
Reading XML for "/home/pete/wefwefwef/docs/other/4867115425/repo/v1.3.1.2/.xml/cloudi_service_db/cloudi_service_db.xml"
Reading XML for "/home/pete/wefwefwef/docs/other/4867115425/repo/v1.3.1.2/.xml/specs_cloudi_service_db.xml"
Creating index.html ...
Creating erldocs_index.js ...
Woot, finished in 0 Minutes 0 Seconds
 :: Discovering other repos
$ 5000  `rm -r '/home/pete/wefwefwef/docs/other/4867115425/cloudi_service_db-tag-v1.3.1.2'  2>&1`
 :: Processing https://github.com/cloudi/cloudi_service_db	{rev,tag,"v1.3.1.3","f9a7033d3ab85d3bcca0c33da2ad6fe8f5f30639",undefined,[],[]}
 :: Fetching repo code
$ cd "/home/pete/wefwefwef/docs/other/4867115425/cloudi_service_db-tag-v1.3.1.3/cloudi_service_db"
$ infinity  `curl --fail --silent --show-error --location --output 'v1.3.1.3.zip' 'https://github.com/cloudi/cloudi_service_db/archive/v1.3.1.3.zip'  2>&1`
$ cd "/home/pete/wefwefwef/docs/erldocs_other.git"
$ cd "/home/pete/wefwefwef/docs/other/4867115425/cloudi_service_db-tag-v1.3.1.3/cloudi_service_db"
$ 5000  `find -P . -type l -delete  2>&1`
$ cd "/home/pete/wefwefwef/docs/erldocs_other.git"
$ cd "/home/pete/wefwefwef/docs/other/4867115425/cloudi_service_db-tag-v1.3.1.3/cloudi_service_db"
$ 5000  `find 'cloudi_service_db-1.3.1.3' -mindepth 1 -maxdepth 1 -exec mv -t . -- {} +  2>&1`
$ cd "/home/pete/wefwefwef/docs/erldocs_other.git"
 :: Getting dependencies
$ cd "/home/pete/wefwefwef/docs/other/4867115425/cloudi_service_db-tag-v1.3.1.3/cloudi_service_db"
$ infinity  `rebar --config '/home/pete/wefwefwef/docs/other/4867115425/cloudi_service_db-tag-v1.3.1.3/rebar_deps' get-deps  2>&1`
$ cd "/home/pete/wefwefwef/docs/erldocs_other.git"
$ cd "/home/pete/wefwefwef/docs/other/4867115425/cloudi_service_db-tag-v1.3.1.3/cloudi_service_db"
$ 5000  `find -P . -type l -delete  2>&1`
$ cd "/home/pete/wefwefwef/docs/erldocs_other.git"
$ cd "/home/pete/wefwefwef/docs/other/4867115425/cloudi_service_db-tag-v1.3.1.3/cloudi_service_db"
$ 5000  `ls -1 deps/  2>&1`
$ cd "/home/pete/wefwefwef/docs/erldocs_other.git"
>>> [rebar] deps = ["cloudi_core","cpg","dynamic_compile","erlcloud","jsx",
                    "key2value","lhttpc","meck","nodefinder","pqueue",
                    "quickrand","reltool_util","syslog","trie","uuid"]
 :: Generating erldocs into /home/pete/wefwefwef/docs/other/4867115425/repo/v1.3.1.3
Building cloudi_service_db
Generating Type Specs - "/home/pete/wefwefwef/docs/other/4867115425/cloudi_service_db-tag-v1.3.1.3/cloudi_service_db/src/cloudi_service_db.erl"
Generating XML for application cloudi_service_db "/home/pete/wefwefwef/docs/other/4867115425/cloudi_service_db-tag-v1.3.1.3/cloudi_service_db" -> "/home/pete/wefwefwef/docs/other/4867115425/repo/v1.3.1.3/.xml/cloudi_service_db"
Generated cloudi_service_db XMLs: ["/home/pete/wefwefwef/docs/other/4867115425/repo/v1.3.1.3/.xml/cloudi_service_db/cloudi_service_db.xml"]
Generating HTML - cloudi_service_db "/home/pete/wefwefwef/docs/other/4867115425/repo/v1.3.1.3/.xml/cloudi_service_db/cloudi_service_db.xml"
Reading XML for "/home/pete/wefwefwef/docs/other/4867115425/repo/v1.3.1.3/.xml/cloudi_service_db/cloudi_service_db.xml"
Reading XML for "/home/pete/wefwefwef/docs/other/4867115425/repo/v1.3.1.3/.xml/specs_cloudi_service_db.xml"
Creating index.html ...
Creating erldocs_index.js ...
Woot, finished in 0 Minutes 0 Seconds
 :: Discovering other repos
$ 5000  `rm -r '/home/pete/wefwefwef/docs/other/4867115425/cloudi_service_db-tag-v1.3.1.3'  2>&1`
 :: Processing https://github.com/cloudi/cloudi_service_db	{rev,tag,"v1.3.2","70e4010e8f9c520a61afd9998d36a77e13cb5a58",undefined,[],[]}
 :: Fetching repo code
$ cd "/home/pete/wefwefwef/docs/other/4867115425/cloudi_service_db-tag-v1.3.2/cloudi_service_db"
$ infinity  `curl --fail --silent --show-error --location --output 'v1.3.2.zip' 'https://github.com/cloudi/cloudi_service_db/archive/v1.3.2.zip'  2>&1`
$ cd "/home/pete/wefwefwef/docs/erldocs_other.git"
$ cd "/home/pete/wefwefwef/docs/other/4867115425/cloudi_service_db-tag-v1.3.2/cloudi_service_db"
$ 5000  `find -P . -type l -delete  2>&1`
$ cd "/home/pete/wefwefwef/docs/erldocs_other.git"
$ cd "/home/pete/wefwefwef/docs/other/4867115425/cloudi_service_db-tag-v1.3.2/cloudi_service_db"
$ 5000  `find 'cloudi_service_db-1.3.2' -mindepth 1 -maxdepth 1 -exec mv -t . -- {} +  2>&1`
$ cd "/home/pete/wefwefwef/docs/erldocs_other.git"
 :: Getting dependencies
$ cd "/home/pete/wefwefwef/docs/other/4867115425/cloudi_service_db-tag-v1.3.2/cloudi_service_db"
$ infinity  `rebar --config '/home/pete/wefwefwef/docs/other/4867115425/cloudi_service_db-tag-v1.3.2/rebar_deps' get-deps  2>&1`
$ cd "/home/pete/wefwefwef/docs/erldocs_other.git"
$ cd "/home/pete/wefwefwef/docs/other/4867115425/cloudi_service_db-tag-v1.3.2/cloudi_service_db"
$ 5000  `find -P . -type l -delete  2>&1`
$ cd "/home/pete/wefwefwef/docs/erldocs_other.git"
$ cd "/home/pete/wefwefwef/docs/other/4867115425/cloudi_service_db-tag-v1.3.2/cloudi_service_db"
$ 5000  `ls -1 deps/  2>&1`
$ cd "/home/pete/wefwefwef/docs/erldocs_other.git"
>>> [rebar] deps = ["cloudi_core","cpg","dynamic_compile","erlcloud","jsx",
                    "key2value","lhttpc","meck","nodefinder","pqueue",
                    "quickrand","reltool_util","syslog","trie","uuid"]
 :: Generating erldocs into /home/pete/wefwefwef/docs/other/4867115425/repo/v1.3.2
Building cloudi_service_db
Generating Type Specs - "/home/pete/wefwefwef/docs/other/4867115425/cloudi_service_db-tag-v1.3.2/cloudi_service_db/src/cloudi_service_db.erl"
Generating XML for application cloudi_service_db "/home/pete/wefwefwef/docs/other/4867115425/cloudi_service_db-tag-v1.3.2/cloudi_service_db" -> "/home/pete/wefwefwef/docs/other/4867115425/repo/v1.3.2/.xml/cloudi_service_db"
Generated cloudi_service_db XMLs: ["/home/pete/wefwefwef/docs/other/4867115425/repo/v1.3.2/.xml/cloudi_service_db/cloudi_service_db.xml"]
Generating HTML - cloudi_service_db "/home/pete/wefwefwef/docs/other/4867115425/repo/v1.3.2/.xml/cloudi_service_db/cloudi_service_db.xml"
Reading XML for "/home/pete/wefwefwef/docs/other/4867115425/repo/v1.3.2/.xml/cloudi_service_db/cloudi_service_db.xml"
Reading XML for "/home/pete/wefwefwef/docs/other/4867115425/repo/v1.3.2/.xml/specs_cloudi_service_db.xml"
Creating index.html ...
Creating erldocs_index.js ...
Woot, finished in 0 Minutes 0 Seconds
 :: Discovering other repos
$ 5000  `rm -r '/home/pete/wefwefwef/docs/other/4867115425/cloudi_service_db-tag-v1.3.2'  2>&1`
 :: Processing https://github.com/cloudi/cloudi_service_db	{rev,tag,"v1.3.2.1","4fd8707d259a0370f3d415cdc3e7362987094a1d",undefined,[],[]}
 :: Fetching repo code
$ cd "/home/pete/wefwefwef/docs/other/4867115425/cloudi_service_db-tag-v1.3.2.1/cloudi_service_db"
$ infinity  `curl --fail --silent --show-error --location --output 'v1.3.2.1.zip' 'https://github.com/cloudi/cloudi_service_db/archive/v1.3.2.1.zip'  2>&1`
$ cd "/home/pete/wefwefwef/docs/erldocs_other.git"
$ cd "/home/pete/wefwefwef/docs/other/4867115425/cloudi_service_db-tag-v1.3.2.1/cloudi_service_db"
$ 5000  `find -P . -type l -delete  2>&1`
$ cd "/home/pete/wefwefwef/docs/erldocs_other.git"
$ cd "/home/pete/wefwefwef/docs/other/4867115425/cloudi_service_db-tag-v1.3.2.1/cloudi_service_db"
$ 5000  `find 'cloudi_service_db-1.3.2.1' -mindepth 1 -maxdepth 1 -exec mv -t . -- {} +  2>&1`
$ cd "/home/pete/wefwefwef/docs/erldocs_other.git"
 :: Getting dependencies
$ cd "/home/pete/wefwefwef/docs/other/4867115425/cloudi_service_db-tag-v1.3.2.1/cloudi_service_db"
$ infinity  `rebar --config '/home/pete/wefwefwef/docs/other/4867115425/cloudi_service_db-tag-v1.3.2.1/rebar_deps' get-deps  2>&1`
$ cd "/home/pete/wefwefwef/docs/erldocs_other.git"
$ cd "/home/pete/wefwefwef/docs/other/4867115425/cloudi_service_db-tag-v1.3.2.1/cloudi_service_db"
$ 5000  `find -P . -type l -delete  2>&1`
$ cd "/home/pete/wefwefwef/docs/erldocs_other.git"
$ cd "/home/pete/wefwefwef/docs/other/4867115425/cloudi_service_db-tag-v1.3.2.1/cloudi_service_db"
$ 5000  `ls -1 deps/  2>&1`
$ cd "/home/pete/wefwefwef/docs/erldocs_other.git"
>>> [rebar] deps = ["cloudi_core","cpg","dynamic_compile","erlcloud","jsx",
                    "key2value","lhttpc","meck","nodefinder","pqueue",
                    "quickrand","reltool_util","syslog","trie","uuid"]
 :: Generating erldocs into /home/pete/wefwefwef/docs/other/4867115425/repo/v1.3.2.1
Building cloudi_service_db
Generating Type Specs - "/home/pete/wefwefwef/docs/other/4867115425/cloudi_service_db-tag-v1.3.2.1/cloudi_service_db/src/cloudi_service_db.erl"
Generating XML for application cloudi_service_db "/home/pete/wefwefwef/docs/other/4867115425/cloudi_service_db-tag-v1.3.2.1/cloudi_service_db" -> "/home/pete/wefwefwef/docs/other/4867115425/repo/v1.3.2.1/.xml/cloudi_service_db"
Generated cloudi_service_db XMLs: ["/home/pete/wefwefwef/docs/other/4867115425/repo/v1.3.2.1/.xml/cloudi_service_db/cloudi_service_db.xml"]
Generating HTML - cloudi_service_db "/home/pete/wefwefwef/docs/other/4867115425/repo/v1.3.2.1/.xml/cloudi_service_db/cloudi_service_db.xml"
Reading XML for "/home/pete/wefwefwef/docs/other/4867115425/repo/v1.3.2.1/.xml/cloudi_service_db/cloudi_service_db.xml"
Reading XML for "/home/pete/wefwefwef/docs/other/4867115425/repo/v1.3.2.1/.xml/specs_cloudi_service_db.xml"
Creating index.html ...
Creating erldocs_index.js ...
Woot, finished in 0 Minutes 0 Seconds
 :: Discovering other repos
$ 5000  `rm -r '/home/pete/wefwefwef/docs/other/4867115425/cloudi_service_db-tag-v1.3.2.1'  2>&1`
 :: Processing https://github.com/cloudi/cloudi_service_db	{rev,tag,"v1.3.2.2","9d4d991655edf03dd95852d906e2bb910b92e064",undefined,[],[]}
 :: Fetching repo code
$ cd "/home/pete/wefwefwef/docs/other/4867115425/cloudi_service_db-tag-v1.3.2.2/cloudi_service_db"
$ infinity  `curl --fail --silent --show-error --location --output 'v1.3.2.2.zip' 'https://github.com/cloudi/cloudi_service_db/archive/v1.3.2.2.zip'  2>&1`
$ cd "/home/pete/wefwefwef/docs/erldocs_other.git"
$ cd "/home/pete/wefwefwef/docs/other/4867115425/cloudi_service_db-tag-v1.3.2.2/cloudi_service_db"
$ 5000  `find -P . -type l -delete  2>&1`
$ cd "/home/pete/wefwefwef/docs/erldocs_other.git"
$ cd "/home/pete/wefwefwef/docs/other/4867115425/cloudi_service_db-tag-v1.3.2.2/cloudi_service_db"
$ 5000  `find 'cloudi_service_db-1.3.2.2' -mindepth 1 -maxdepth 1 -exec mv -t . -- {} +  2>&1`
$ cd "/home/pete/wefwefwef/docs/erldocs_other.git"
 :: Getting dependencies
$ cd "/home/pete/wefwefwef/docs/other/4867115425/cloudi_service_db-tag-v1.3.2.2/cloudi_service_db"
$ infinity  `rebar --config '/home/pete/wefwefwef/docs/other/4867115425/cloudi_service_db-tag-v1.3.2.2/rebar_deps' get-deps  2>&1`
$ cd "/home/pete/wefwefwef/docs/erldocs_other.git"
$ cd "/home/pete/wefwefwef/docs/other/4867115425/cloudi_service_db-tag-v1.3.2.2/cloudi_service_db"
$ 5000  `find -P . -type l -delete  2>&1`
$ cd "/home/pete/wefwefwef/docs/erldocs_other.git"
$ cd "/home/pete/wefwefwef/docs/other/4867115425/cloudi_service_db-tag-v1.3.2.2/cloudi_service_db"
$ 5000  `ls -1 deps/  2>&1`
$ cd "/home/pete/wefwefwef/docs/erldocs_other.git"
>>> [rebar] deps = ["cloudi_core","cpg","dynamic_compile","erlcloud","jsx",
                    "key2value","keys1value","lhttpc","meck","nodefinder",
                    "pqueue","quickrand","reltool_util","syslog","trie",
                    "uuid"]
 :: Generating erldocs into /home/pete/wefwefwef/docs/other/4867115425/repo/v1.3.2.2
Building cloudi_service_db
Generating Type Specs - "/home/pete/wefwefwef/docs/other/4867115425/cloudi_service_db-tag-v1.3.2.2/cloudi_service_db/src/cloudi_service_db.erl"
Generating XML for application cloudi_service_db "/home/pete/wefwefwef/docs/other/4867115425/cloudi_service_db-tag-v1.3.2.2/cloudi_service_db" -> "/home/pete/wefwefwef/docs/other/4867115425/repo/v1.3.2.2/.xml/cloudi_service_db"
Generated cloudi_service_db XMLs: ["/home/pete/wefwefwef/docs/other/4867115425/repo/v1.3.2.2/.xml/cloudi_service_db/cloudi_service_db.xml"]
Generating HTML - cloudi_service_db "/home/pete/wefwefwef/docs/other/4867115425/repo/v1.3.2.2/.xml/cloudi_service_db/cloudi_service_db.xml"
Reading XML for "/home/pete/wefwefwef/docs/other/4867115425/repo/v1.3.2.2/.xml/cloudi_service_db/cloudi_service_db.xml"
Reading XML for "/home/pete/wefwefwef/docs/other/4867115425/repo/v1.3.2.2/.xml/specs_cloudi_service_db.xml"
Creating index.html ...
Creating erldocs_index.js ...
Woot, finished in 0 Minutes 0 Seconds
 :: Discovering other repos
$ 5000  `rm -r '/home/pete/wefwefwef/docs/other/4867115425/cloudi_service_db-tag-v1.3.2.2'  2>&1`
 :: Processing https://github.com/cloudi/cloudi_service_db	{rev,tag,"v1.3.2.3","6bb93058f185a25508486ac9337f2cbd93fae4a9",undefined,[],[]}
 :: Fetching repo code
$ cd "/home/pete/wefwefwef/docs/other/4867115425/cloudi_service_db-tag-v1.3.2.3/cloudi_service_db"
$ infinity  `curl --fail --silent --show-error --location --output 'v1.3.2.3.zip' 'https://github.com/cloudi/cloudi_service_db/archive/v1.3.2.3.zip'  2>&1`
$ cd "/home/pete/wefwefwef/docs/erldocs_other.git"
$ cd "/home/pete/wefwefwef/docs/other/4867115425/cloudi_service_db-tag-v1.3.2.3/cloudi_service_db"
$ 5000  `find -P . -type l -delete  2>&1`
$ cd "/home/pete/wefwefwef/docs/erldocs_other.git"
$ cd "/home/pete/wefwefwef/docs/other/4867115425/cloudi_service_db-tag-v1.3.2.3/cloudi_service_db"
$ 5000  `find 'cloudi_service_db-1.3.2.3' -mindepth 1 -maxdepth 1 -exec mv -t . -- {} +  2>&1`
$ cd "/home/pete/wefwefwef/docs/erldocs_other.git"
 :: Getting dependencies
$ cd "/home/pete/wefwefwef/docs/other/4867115425/cloudi_service_db-tag-v1.3.2.3/cloudi_service_db"
$ infinity  `rebar --config '/home/pete/wefwefwef/docs/other/4867115425/cloudi_service_db-tag-v1.3.2.3/rebar_deps' get-deps  2>&1`
$ cd "/home/pete/wefwefwef/docs/erldocs_other.git"
$ cd "/home/pete/wefwefwef/docs/other/4867115425/cloudi_service_db-tag-v1.3.2.3/cloudi_service_db"
$ 5000  `find -P . -type l -delete  2>&1`
$ cd "/home/pete/wefwefwef/docs/erldocs_other.git"
$ cd "/home/pete/wefwefwef/docs/other/4867115425/cloudi_service_db-tag-v1.3.2.3/cloudi_service_db"
$ 5000  `ls -1 deps/  2>&1`
$ cd "/home/pete/wefwefwef/docs/erldocs_other.git"
>>> [rebar] deps = ["cloudi_core","cpg","dynamic_compile","erlang_term",
                    "erlcloud","jsx","key2value","keys1value","lhttpc","meck",
                    "nodefinder","pqueue","quickrand","reltool_util","syslog",
                    "trie","uuid"]
 :: Generating erldocs into /home/pete/wefwefwef/docs/other/4867115425/repo/v1.3.2.3
Building cloudi_service_db
Generating Type Specs - "/home/pete/wefwefwef/docs/other/4867115425/cloudi_service_db-tag-v1.3.2.3/cloudi_service_db/src/cloudi_service_db.erl"
Generating XML for application cloudi_service_db "/home/pete/wefwefwef/docs/other/4867115425/cloudi_service_db-tag-v1.3.2.3/cloudi_service_db" -> "/home/pete/wefwefwef/docs/other/4867115425/repo/v1.3.2.3/.xml/cloudi_service_db"
Generated cloudi_service_db XMLs: ["/home/pete/wefwefwef/docs/other/4867115425/repo/v1.3.2.3/.xml/cloudi_service_db/cloudi_service_db.xml"]
Generating HTML - cloudi_service_db "/home/pete/wefwefwef/docs/other/4867115425/repo/v1.3.2.3/.xml/cloudi_service_db/cloudi_service_db.xml"
Reading XML for "/home/pete/wefwefwef/docs/other/4867115425/repo/v1.3.2.3/.xml/cloudi_service_db/cloudi_service_db.xml"
Reading XML for "/home/pete/wefwefwef/docs/other/4867115425/repo/v1.3.2.3/.xml/specs_cloudi_service_db.xml"
Creating index.html ...
Creating erldocs_index.js ...
Woot, finished in 0 Minutes 0 Seconds
 :: Discovering other repos
$ 5000  `rm -r '/home/pete/wefwefwef/docs/other/4867115425/cloudi_service_db-tag-v1.3.2.3'  2>&1`
 :: Processing https://github.com/cloudi/cloudi_service_db	{rev,tag,"v1.3.3","40eea771537a3aacf6a1a3f8c83ae5269f6fa858",undefined,[],[]}
 :: Fetching repo code
$ cd "/home/pete/wefwefwef/docs/other/4867115425/cloudi_service_db-tag-v1.3.3/cloudi_service_db"
$ infinity  `curl --fail --silent --show-error --location --output 'v1.3.3.zip' 'https://github.com/cloudi/cloudi_service_db/archive/v1.3.3.zip'  2>&1`
$ cd "/home/pete/wefwefwef/docs/erldocs_other.git"
$ cd "/home/pete/wefwefwef/docs/other/4867115425/cloudi_service_db-tag-v1.3.3/cloudi_service_db"
$ 5000  `find -P . -type l -delete  2>&1`
$ cd "/home/pete/wefwefwef/docs/erldocs_other.git"
$ cd "/home/pete/wefwefwef/docs/other/4867115425/cloudi_service_db-tag-v1.3.3/cloudi_service_db"
$ 5000  `find 'cloudi_service_db-1.3.3' -mindepth 1 -maxdepth 1 -exec mv -t . -- {} +  2>&1`
$ cd "/home/pete/wefwefwef/docs/erldocs_other.git"
 :: Getting dependencies
$ cd "/home/pete/wefwefwef/docs/other/4867115425/cloudi_service_db-tag-v1.3.3/cloudi_service_db"
$ infinity  `rebar --config '/home/pete/wefwefwef/docs/other/4867115425/cloudi_service_db-tag-v1.3.3/rebar_deps' get-deps  2>&1`
$ cd "/home/pete/wefwefwef/docs/erldocs_other.git"
$ cd "/home/pete/wefwefwef/docs/other/4867115425/cloudi_service_db-tag-v1.3.3/cloudi_service_db"
$ 5000  `find -P . -type l -delete  2>&1`
$ cd "/home/pete/wefwefwef/docs/erldocs_other.git"
$ cd "/home/pete/wefwefwef/docs/other/4867115425/cloudi_service_db-tag-v1.3.3/cloudi_service_db"
$ 5000  `ls -1 deps/  2>&1`
$ cd "/home/pete/wefwefwef/docs/erldocs_other.git"
>>> [rebar] deps = ["cloudi_core","cpg","dynamic_compile","erlang_term",
                    "erlcloud","jsx","key2value","keys1value","lhttpc","meck",
                    "nodefinder","pqueue","quickrand","reltool_util","syslog",
                    "trie","uuid"]
 :: Generating erldocs into /home/pete/wefwefwef/docs/other/4867115425/repo/v1.3.3
Building cloudi_service_db
Generating Type Specs - "/home/pete/wefwefwef/docs/other/4867115425/cloudi_service_db-tag-v1.3.3/cloudi_service_db/src/cloudi_service_db.erl"
Generating XML for application cloudi_service_db "/home/pete/wefwefwef/docs/other/4867115425/cloudi_service_db-tag-v1.3.3/cloudi_service_db" -> "/home/pete/wefwefwef/docs/other/4867115425/repo/v1.3.3/.xml/cloudi_service_db"
Generated cloudi_service_db XMLs: ["/home/pete/wefwefwef/docs/other/4867115425/repo/v1.3.3/.xml/cloudi_service_db/cloudi_service_db.xml"]
Generating HTML - cloudi_service_db "/home/pete/wefwefwef/docs/other/4867115425/repo/v1.3.3/.xml/cloudi_service_db/cloudi_service_db.xml"
Reading XML for "/home/pete/wefwefwef/docs/other/4867115425/repo/v1.3.3/.xml/cloudi_service_db/cloudi_service_db.xml"
Reading XML for "/home/pete/wefwefwef/docs/other/4867115425/repo/v1.3.3/.xml/specs_cloudi_service_db.xml"
Creating index.html ...
Creating erldocs_index.js ...
Woot, finished in 0 Minutes 0 Seconds
 :: Discovering other repos
$ 5000  `rm -r '/home/pete/wefwefwef/docs/other/4867115425/cloudi_service_db-tag-v1.3.3'  2>&1`
 :: Processing https://github.com/cloudi/cloudi_service_db	{rev,tag,"v1.3.3.2","ad66fa23860d988356d976cab8434096089f94db",undefined,[],[]}
 :: Fetching repo code
$ cd "/home/pete/wefwefwef/docs/other/4867115425/cloudi_service_db-tag-v1.3.3.2/cloudi_service_db"
$ infinity  `curl --fail --silent --show-error --location --output 'v1.3.3.2.zip' 'https://github.com/cloudi/cloudi_service_db/archive/v1.3.3.2.zip'  2>&1`
$ cd "/home/pete/wefwefwef/docs/erldocs_other.git"
$ cd "/home/pete/wefwefwef/docs/other/4867115425/cloudi_service_db-tag-v1.3.3.2/cloudi_service_db"
$ 5000  `find -P . -type l -delete  2>&1`
$ cd "/home/pete/wefwefwef/docs/erldocs_other.git"
$ cd "/home/pete/wefwefwef/docs/other/4867115425/cloudi_service_db-tag-v1.3.3.2/cloudi_service_db"
$ 5000  `find 'cloudi_service_db-1.3.3.2' -mindepth 1 -maxdepth 1 -exec mv -t . -- {} +  2>&1`
$ cd "/home/pete/wefwefwef/docs/erldocs_other.git"
 :: Getting dependencies
$ cd "/home/pete/wefwefwef/docs/other/4867115425/cloudi_service_db-tag-v1.3.3.2/cloudi_service_db"
$ infinity  `rebar --config '/home/pete/wefwefwef/docs/other/4867115425/cloudi_service_db-tag-v1.3.3.2/rebar_deps' get-deps  2>&1`
$ cd "/home/pete/wefwefwef/docs/erldocs_other.git"
$ cd "/home/pete/wefwefwef/docs/other/4867115425/cloudi_service_db-tag-v1.3.3.2/cloudi_service_db"
$ 5000  `find -P . -type l -delete  2>&1`
$ cd "/home/pete/wefwefwef/docs/erldocs_other.git"
$ cd "/home/pete/wefwefwef/docs/other/4867115425/cloudi_service_db-tag-v1.3.3.2/cloudi_service_db"
$ 5000  `ls -1 deps/  2>&1`
$ cd "/home/pete/wefwefwef/docs/erldocs_other.git"
>>> [rebar] deps = ["cloudi_core","cpg","dynamic_compile","erlang_term",
                    "erlcloud","jsx","key2value","keys1value","lhttpc","meck",
                    "nodefinder","pqueue","quickrand","reltool_util","syslog",
                    "trie","uuid"]
 :: Generating erldocs into /home/pete/wefwefwef/docs/other/4867115425/repo/v1.3.3.2
Building cloudi_service_db
Generating Type Specs - "/home/pete/wefwefwef/docs/other/4867115425/cloudi_service_db-tag-v1.3.3.2/cloudi_service_db/src/cloudi_service_db.erl"
Generating XML for application cloudi_service_db "/home/pete/wefwefwef/docs/other/4867115425/cloudi_service_db-tag-v1.3.3.2/cloudi_service_db" -> "/home/pete/wefwefwef/docs/other/4867115425/repo/v1.3.3.2/.xml/cloudi_service_db"
Generated cloudi_service_db XMLs: ["/home/pete/wefwefwef/docs/other/4867115425/repo/v1.3.3.2/.xml/cloudi_service_db/cloudi_service_db.xml"]
Generating HTML - cloudi_service_db "/home/pete/wefwefwef/docs/other/4867115425/repo/v1.3.3.2/.xml/cloudi_service_db/cloudi_service_db.xml"
Reading XML for "/home/pete/wefwefwef/docs/other/4867115425/repo/v1.3.3.2/.xml/cloudi_service_db/cloudi_service_db.xml"
Reading XML for "/home/pete/wefwefwef/docs/other/4867115425/repo/v1.3.3.2/.xml/specs_cloudi_service_db.xml"
Creating index.html ...
Creating erldocs_index.js ...
Woot, finished in 0 Minutes 0 Seconds
 :: Discovering other repos
$ 5000  `rm -r '/home/pete/wefwefwef/docs/other/4867115425/cloudi_service_db-tag-v1.3.3.2'  2>&1`
 :: Processing https://github.com/cloudi/cloudi_service_db	{rev,tag,"v1.4.0","d82b235eee0e79443058baa79dee2f27cb452b11",undefined,[],[]}
 :: Fetching repo code
$ cd "/home/pete/wefwefwef/docs/other/4867115425/cloudi_service_db-tag-v1.4.0/cloudi_service_db"
$ infinity  `curl --fail --silent --show-error --location --output 'v1.4.0.zip' 'https://github.com/cloudi/cloudi_service_db/archive/v1.4.0.zip'  2>&1`
$ cd "/home/pete/wefwefwef/docs/erldocs_other.git"
$ cd "/home/pete/wefwefwef/docs/other/4867115425/cloudi_service_db-tag-v1.4.0/cloudi_service_db"
$ 5000  `find -P . -type l -delete  2>&1`
$ cd "/home/pete/wefwefwef/docs/erldocs_other.git"
$ cd "/home/pete/wefwefwef/docs/other/4867115425/cloudi_service_db-tag-v1.4.0/cloudi_service_db"
$ 5000  `find 'cloudi_service_db-1.4.0' -mindepth 1 -maxdepth 1 -exec mv -t . -- {} +  2>&1`
$ cd "/home/pete/wefwefwef/docs/erldocs_other.git"
 :: Getting dependencies
$ cd "/home/pete/wefwefwef/docs/other/4867115425/cloudi_service_db-tag-v1.4.0/cloudi_service_db"
$ infinity  `rebar --config '/home/pete/wefwefwef/docs/other/4867115425/cloudi_service_db-tag-v1.4.0/rebar_deps' get-deps  2>&1`
$ cd "/home/pete/wefwefwef/docs/erldocs_other.git"
$ cd "/home/pete/wefwefwef/docs/other/4867115425/cloudi_service_db-tag-v1.4.0/cloudi_service_db"
$ 5000  `find -P . -type l -delete  2>&1`
$ cd "/home/pete/wefwefwef/docs/erldocs_other.git"
$ cd "/home/pete/wefwefwef/docs/other/4867115425/cloudi_service_db-tag-v1.4.0/cloudi_service_db"
$ 5000  `ls -1 deps/  2>&1`
$ cd "/home/pete/wefwefwef/docs/erldocs_other.git"
>>> [rebar] deps = ["cloudi_core","cpg","dynamic_compile","erlang_term",
                    "erlcloud","jsx","key2value","keys1value","lhttpc","meck",
                    "nodefinder","pqueue","quickrand","reltool_util","syslog",
                    "trie","uuid"]
 :: Generating erldocs into /home/pete/wefwefwef/docs/other/4867115425/repo/v1.4.0
Building cloudi_service_db
Generating Type Specs - "/home/pete/wefwefwef/docs/other/4867115425/cloudi_service_db-tag-v1.4.0/cloudi_service_db/src/cloudi_service_db.erl"
Generating XML for application cloudi_service_db "/home/pete/wefwefwef/docs/other/4867115425/cloudi_service_db-tag-v1.4.0/cloudi_service_db" -> "/home/pete/wefwefwef/docs/other/4867115425/repo/v1.4.0/.xml/cloudi_service_db"
Generated cloudi_service_db XMLs: ["/home/pete/wefwefwef/docs/other/4867115425/repo/v1.4.0/.xml/cloudi_service_db/cloudi_service_db.xml"]
Generating HTML - cloudi_service_db "/home/pete/wefwefwef/docs/other/4867115425/repo/v1.4.0/.xml/cloudi_service_db/cloudi_service_db.xml"
Reading XML for "/home/pete/wefwefwef/docs/other/4867115425/repo/v1.4.0/.xml/cloudi_service_db/cloudi_service_db.xml"
Reading XML for "/home/pete/wefwefwef/docs/other/4867115425/repo/v1.4.0/.xml/specs_cloudi_service_db.xml"
Creating index.html ...
Creating erldocs_index.js ...
Woot, finished in 0 Minutes 0 Seconds
 :: Discovering other repos
$ 5000  `rm -r '/home/pete/wefwefwef/docs/other/4867115425/cloudi_service_db-tag-v1.4.0'  2>&1`
 :: Processing https://github.com/cloudi/cloudi_service_db	{rev,tag,"v1.4.0-rc.4","c8fab7b454c8c3b34b2f884facb5bedc54d19c34",undefined,[],[]}
 :: Fetching repo code
$ cd "/home/pete/wefwefwef/docs/other/4867115425/cloudi_service_db-tag-v1.4.0-rc.4/cloudi_service_db"
$ infinity  `curl --fail --silent --show-error --location --output 'v1.4.0-rc.4.zip' 'https://github.com/cloudi/cloudi_service_db/archive/v1.4.0-rc.4.zip'  2>&1`
$ cd "/home/pete/wefwefwef/docs/erldocs_other.git"
$ cd "/home/pete/wefwefwef/docs/other/4867115425/cloudi_service_db-tag-v1.4.0-rc.4/cloudi_service_db"
$ 5000  `find -P . -type l -delete  2>&1`
$ cd "/home/pete/wefwefwef/docs/erldocs_other.git"
$ cd "/home/pete/wefwefwef/docs/other/4867115425/cloudi_service_db-tag-v1.4.0-rc.4/cloudi_service_db"
$ 5000  `find 'cloudi_service_db-1.4.0-rc.4' -mindepth 1 -maxdepth 1 -exec mv -t . -- {} +  2>&1`
$ cd "/home/pete/wefwefwef/docs/erldocs_other.git"
 :: Getting dependencies
$ cd "/home/pete/wefwefwef/docs/other/4867115425/cloudi_service_db-tag-v1.4.0-rc.4/cloudi_service_db"
$ infinity  `rebar --config '/home/pete/wefwefwef/docs/other/4867115425/cloudi_service_db-tag-v1.4.0-rc.4/rebar_deps' get-deps  2>&1`
$ cd "/home/pete/wefwefwef/docs/erldocs_other.git"
$ cd "/home/pete/wefwefwef/docs/other/4867115425/cloudi_service_db-tag-v1.4.0-rc.4/cloudi_service_db"
$ 5000  `find -P . -type l -delete  2>&1`
$ cd "/home/pete/wefwefwef/docs/erldocs_other.git"
$ cd "/home/pete/wefwefwef/docs/other/4867115425/cloudi_service_db-tag-v1.4.0-rc.4/cloudi_service_db"
$ 5000  `ls -1 deps/  2>&1`
$ cd "/home/pete/wefwefwef/docs/erldocs_other.git"
>>> [rebar] deps = ["cloudi_core","cpg","dynamic_compile","erlang_term",
                    "erlcloud","jsx","key2value","keys1value","lhttpc","meck",
                    "nodefinder","pqueue","quickrand","reltool_util","syslog",
                    "trie","uuid"]
 :: Generating erldocs into /home/pete/wefwefwef/docs/other/4867115425/repo/v1.4.0-rc.4
Building cloudi_service_db
Generating Type Specs - "/home/pete/wefwefwef/docs/other/4867115425/cloudi_service_db-tag-v1.4.0-rc.4/cloudi_service_db/src/cloudi_service_db.erl"
Generating XML for application cloudi_service_db "/home/pete/wefwefwef/docs/other/4867115425/cloudi_service_db-tag-v1.4.0-rc.4/cloudi_service_db" -> "/home/pete/wefwefwef/docs/other/4867115425/repo/v1.4.0-rc.4/.xml/cloudi_service_db"
Generated cloudi_service_db XMLs: ["/home/pete/wefwefwef/docs/other/4867115425/repo/v1.4.0-rc.4/.xml/cloudi_service_db/cloudi_service_db.xml"]
Generating HTML - cloudi_service_db "/home/pete/wefwefwef/docs/other/4867115425/repo/v1.4.0-rc.4/.xml/cloudi_service_db/cloudi_service_db.xml"
Reading XML for "/home/pete/wefwefwef/docs/other/4867115425/repo/v1.4.0-rc.4/.xml/cloudi_service_db/cloudi_service_db.xml"
Reading XML for "/home/pete/wefwefwef/docs/other/4867115425/repo/v1.4.0-rc.4/.xml/specs_cloudi_service_db.xml"
Creating index.html ...
Creating erldocs_index.js ...
Woot, finished in 0 Minutes 0 Seconds
 :: Discovering other repos
$ 5000  `rm -r '/home/pete/wefwefwef/docs/other/4867115425/cloudi_service_db-tag-v1.4.0-rc.4'  2>&1`
 :: Processing https://github.com/cloudi/cloudi_service_db	{rev,tag,"v1.5.0","d42694d1216d4b258e3d594f8679e19156e3f325",undefined,[],[]}
 :: Fetching repo code
$ cd "/home/pete/wefwefwef/docs/other/4867115425/cloudi_service_db-tag-v1.5.0/cloudi_service_db"
$ infinity  `curl --fail --silent --show-error --location --output 'v1.5.0.zip' 'https://github.com/cloudi/cloudi_service_db/archive/v1.5.0.zip'  2>&1`
$ cd "/home/pete/wefwefwef/docs/erldocs_other.git"
$ cd "/home/pete/wefwefwef/docs/other/4867115425/cloudi_service_db-tag-v1.5.0/cloudi_service_db"
$ 5000  `find -P . -type l -delete  2>&1`
$ cd "/home/pete/wefwefwef/docs/erldocs_other.git"
$ cd "/home/pete/wefwefwef/docs/other/4867115425/cloudi_service_db-tag-v1.5.0/cloudi_service_db"
$ 5000  `find 'cloudi_service_db-1.5.0' -mindepth 1 -maxdepth 1 -exec mv -t . -- {} +  2>&1`
$ cd "/home/pete/wefwefwef/docs/erldocs_other.git"
 :: Getting dependencies
$ cd "/home/pete/wefwefwef/docs/other/4867115425/cloudi_service_db-tag-v1.5.0/cloudi_service_db"
$ infinity  `rebar --config '/home/pete/wefwefwef/docs/other/4867115425/cloudi_service_db-tag-v1.5.0/rebar_deps' get-deps  2>&1`
$ cd "/home/pete/wefwefwef/docs/erldocs_other.git"
$ cd "/home/pete/wefwefwef/docs/other/4867115425/cloudi_service_db-tag-v1.5.0/cloudi_service_db"
$ 5000  `find -P . -type l -delete  2>&1`
$ cd "/home/pete/wefwefwef/docs/erldocs_other.git"
$ cd "/home/pete/wefwefwef/docs/other/4867115425/cloudi_service_db-tag-v1.5.0/cloudi_service_db"
$ 5000  `ls -1 deps/  2>&1`
$ cd "/home/pete/wefwefwef/docs/erldocs_other.git"
>>> [rebar] deps = ["cloudi_core","cpg","dynamic_compile","erlang_term",
                    "erlcloud","jsx","key2value","keys1value","lhttpc","meck",
                    "nodefinder","pqueue","quickrand","reltool_util","syslog",
                    "trie","uuid"]
 :: Generating erldocs into /home/pete/wefwefwef/docs/other/4867115425/repo/v1.5.0
Building cloudi_service_db
Generating Type Specs - "/home/pete/wefwefwef/docs/other/4867115425/cloudi_service_db-tag-v1.5.0/cloudi_service_db/src/cloudi_service_db.erl"
Generating XML for application cloudi_service_db "/home/pete/wefwefwef/docs/other/4867115425/cloudi_service_db-tag-v1.5.0/cloudi_service_db" -> "/home/pete/wefwefwef/docs/other/4867115425/repo/v1.5.0/.xml/cloudi_service_db"
Generated cloudi_service_db XMLs: ["/home/pete/wefwefwef/docs/other/4867115425/repo/v1.5.0/.xml/cloudi_service_db/cloudi_service_db.xml"]
Generating HTML - cloudi_service_db "/home/pete/wefwefwef/docs/other/4867115425/repo/v1.5.0/.xml/cloudi_service_db/cloudi_service_db.xml"
Reading XML for "/home/pete/wefwefwef/docs/other/4867115425/repo/v1.5.0/.xml/cloudi_service_db/cloudi_service_db.xml"
Reading XML for "/home/pete/wefwefwef/docs/other/4867115425/repo/v1.5.0/.xml/specs_cloudi_service_db.xml"
Creating index.html ...
Creating erldocs_index.js ...
Woot, finished in 0 Minutes 0 Seconds
 :: Discovering other repos
$ 5000  `rm -r '/home/pete/wefwefwef/docs/other/4867115425/cloudi_service_db-tag-v1.5.0'  2>&1`
 :: Processing https://github.com/cloudi/cloudi_service_db	{rev,branch,"master","d42694d1216d4b258e3d594f8679e19156e3f325",undefined,[],[]}
 :: Fetching repo code
$ cd "/home/pete/wefwefwef/docs/other/4867115425/cloudi_service_db-branch-master/cloudi_service_db"
$ infinity  `curl --fail --silent --show-error --location --output 'master.zip' 'https://github.com/cloudi/cloudi_service_db/archive/master.zip'  2>&1`
$ cd "/home/pete/wefwefwef/docs/erldocs_other.git"
$ cd "/home/pete/wefwefwef/docs/other/4867115425/cloudi_service_db-branch-master/cloudi_service_db"
$ 5000  `find -P . -type l -delete  2>&1`
$ cd "/home/pete/wefwefwef/docs/erldocs_other.git"
$ cd "/home/pete/wefwefwef/docs/other/4867115425/cloudi_service_db-branch-master/cloudi_service_db"
$ 5000  `find 'cloudi_service_db-master' -mindepth 1 -maxdepth 1 -exec mv -t . -- {} +  2>&1`
$ cd "/home/pete/wefwefwef/docs/erldocs_other.git"
 :: Getting dependencies
$ cd "/home/pete/wefwefwef/docs/other/4867115425/cloudi_service_db-branch-master/cloudi_service_db"
$ infinity  `rebar --config '/home/pete/wefwefwef/docs/other/4867115425/cloudi_service_db-branch-master/rebar_deps' get-deps  2>&1`
$ cd "/home/pete/wefwefwef/docs/erldocs_other.git"
$ cd "/home/pete/wefwefwef/docs/other/4867115425/cloudi_service_db-branch-master/cloudi_service_db"
$ 5000  `find -P . -type l -delete  2>&1`
$ cd "/home/pete/wefwefwef/docs/erldocs_other.git"
$ cd "/home/pete/wefwefwef/docs/other/4867115425/cloudi_service_db-branch-master/cloudi_service_db"
$ 5000  `ls -1 deps/  2>&1`
$ cd "/home/pete/wefwefwef/docs/erldocs_other.git"
>>> [rebar] deps = ["cloudi_core","cpg","dynamic_compile","erlang_term",
                    "erlcloud","jsx","key2value","keys1value","lhttpc","meck",
                    "nodefinder","pqueue","quickrand","reltool_util","syslog",
                    "trie","uuid"]
 :: Generating erldocs into /home/pete/wefwefwef/docs/other/4867115425/repo/master
Building cloudi_service_db
Generating Type Specs - "/home/pete/wefwefwef/docs/other/4867115425/cloudi_service_db-branch-master/cloudi_service_db/src/cloudi_service_db.erl"
Generating XML for application cloudi_service_db "/home/pete/wefwefwef/docs/other/4867115425/cloudi_service_db-branch-master/cloudi_service_db" -> "/home/pete/wefwefwef/docs/other/4867115425/repo/master/.xml/cloudi_service_db"
Generated cloudi_service_db XMLs: ["/home/pete/wefwefwef/docs/other/4867115425/repo/master/.xml/cloudi_service_db/cloudi_service_db.xml"]
Generating HTML - cloudi_service_db "/home/pete/wefwefwef/docs/other/4867115425/repo/master/.xml/cloudi_service_db/cloudi_service_db.xml"
Reading XML for "/home/pete/wefwefwef/docs/other/4867115425/repo/master/.xml/cloudi_service_db/cloudi_service_db.xml"
Reading XML for "/home/pete/wefwefwef/docs/other/4867115425/repo/master/.xml/specs_cloudi_service_db.xml"
Creating index.html ...
Creating erldocs_index.js ...
Woot, finished in 0 Minutes 0 Seconds
 :: Discovering other repos
$ 5000  `rm -r '/home/pete/wefwefwef/docs/other/4867115425/cloudi_service_db-branch-master'  2>&1`
 :: Finishing up
$ 5000  `rm -r '/home/pete/wefwefwef/docs/other/4867115425/cloudi_service_db'  2>&1`
