 :: Extracting meta information
$ 5000  `git ls-remote --heads --tags 'https://github.com/damionw/gen_collator'  2>&1`
>>> [repo] 1 branches, 0 tags
 :: Writing meta to "/home/pete/wefwefwef/docs/other/1795407993/meta.txt"
 :: Processing https://github.com/damionw/gen_collator	{rev,branch,"master","91d98f7eec9d3949efa703eee5bd9d7688a32355"}
 :: Fetching repo code
$ cd "/home/pete/wefwefwef/docs/other/1795407993/gen_collator-branch-master/gen_collator"
$ infinity  `curl --fail --silent --show-error --location --output 'master.zip' 'https://github.com/damionw/gen_collator/archive/master.zip'  2>&1`
$ cd "/home/pete/wefwefwef/docs/erldocs_other.git"
$ cd "/home/pete/wefwefwef/docs/other/1795407993/gen_collator-branch-master/gen_collator"
$ 5000  `find -P . -type l -delete  2>&1`
$ cd "/home/pete/wefwefwef/docs/erldocs_other.git"
$ cd "/home/pete/wefwefwef/docs/other/1795407993/gen_collator-branch-master/gen_collator"
$ 5000  `find 'gen_collator-master' -mindepth 1 -maxdepth 1 -exec mv -t . -- {} +  2>&1`
$ cd "/home/pete/wefwefwef/docs/erldocs_other.git"
 :: Getting dependencies
$ cd "/home/pete/wefwefwef/docs/other/1795407993/gen_collator-branch-master/gen_collator"
$ 5000  `ls -1 deps/  2>&1`
$ cd "/home/pete/wefwefwef/docs/erldocs_other.git"
>>> [rebar] deps = []
 :: Generating erldocs into /home/pete/wefwefwef/docs/other/1795407993/repo/master
Building gen_collator
Generating Type Specs - "/home/pete/wefwefwef/docs/other/1795407993/gen_collator-branch-master/gen_collator/src/file_collator.erl"
Generating Type Specs - "/home/pete/wefwefwef/docs/other/1795407993/gen_collator-branch-master/gen_collator/src/gen_collator.erl"
/home/pete/wefwefwef/docs/other/1795407993/gen_collator-branch-master/gen_collator/src/gen_collator.erl: at line 16: can't find include lib "lager/include/lager.hrl"
EDoc could not process file '/home/pete/wefwefwef/docs/other/1795407993/gen_collator-branch-master/gen_collator/src/gen_collator.erl'
Error generating type specs for "/home/pete/wefwefwef/docs/other/1795407993/gen_collator-branch-master/gen_collator/src/gen_collator.erl"
Generating Type Specs - "/home/pete/wefwefwef/docs/other/1795407993/gen_collator-branch-master/gen_collator/src/gen_collator_server.erl"
Generating Type Specs - "/home/pete/wefwefwef/docs/other/1795407993/gen_collator-branch-master/gen_collator/src/gen_collator_tests.erl"
Generating XML for application gen_collator "/home/pete/wefwefwef/docs/other/1795407993/gen_collator-branch-master/gen_collator" -> "/home/pete/wefwefwef/docs/other/1795407993/repo/master/.xml/gen_collator"
/home/pete/wefwefwef/docs/other/1795407993/gen_collator-branch-master/gen_collator/src/gen_collator.erl: at line 16: can't find include lib "lager/include/lager.hrl"
edoc: skipping source file '/home/pete/wefwefwef/docs/other/1795407993/gen_collator-branch-master/gen_collator/src/gen_collator.erl': {'EXIT',
                                                                                                                                 error}.
edoc: error in doclet 'edoc_doclet': {'EXIT',error}.
Error generating gen_collator XMLs. Using fallback ...
Generating XML gen_collator - file_collator "/home/pete/wefwefwef/docs/other/1795407993/gen_collator-branch-master/gen_collator/src/file_collator.erl" -> "/home/pete/wefwefwef/docs/other/1795407993/repo/master/.xml/gen_collator/file_collator.xml"
Generating XML gen_collator - gen_collator "/home/pete/wefwefwef/docs/other/1795407993/gen_collator-branch-master/gen_collator/src/gen_collator.erl" -> "/home/pete/wefwefwef/docs/other/1795407993/repo/master/.xml/gen_collator/gen_collator.xml"
/home/pete/wefwefwef/docs/other/1795407993/gen_collator-branch-master/gen_collator/src/gen_collator.erl: at line 16: can't find include lib "lager/include/lager.hrl"
Error generating XML ("/home/pete/wefwefwef/docs/other/1795407993/gen_collator-branch-master/gen_collator/src/gen_collator.erl"): {'EXIT',
                                                                                                                                   error}
Generating XML gen_collator - gen_collator_server "/home/pete/wefwefwef/docs/other/1795407993/gen_collator-branch-master/gen_collator/src/gen_collator_server.erl" -> "/home/pete/wefwefwef/docs/other/1795407993/repo/master/.xml/gen_collator/gen_collator_server.xml"
Generating XML gen_collator - gen_collator_tests "/home/pete/wefwefwef/docs/other/1795407993/gen_collator-branch-master/gen_collator/src/gen_collator_tests.erl" -> "/home/pete/wefwefwef/docs/other/1795407993/repo/master/.xml/gen_collator/gen_collator_tests.xml"
Generating HTML - file_collator "/home/pete/wefwefwef/docs/other/1795407993/repo/master/.xml/gen_collator/file_collator.xml"
Reading XML for "/home/pete/wefwefwef/docs/other/1795407993/repo/master/.xml/gen_collator/file_collator.xml"
Reading XML for "/home/pete/wefwefwef/docs/other/1795407993/repo/master/.xml/specs_file_collator.xml"
Generating HTML - gen_collator_server "/home/pete/wefwefwef/docs/other/1795407993/repo/master/.xml/gen_collator/gen_collator_server.xml"
Reading XML for "/home/pete/wefwefwef/docs/other/1795407993/repo/master/.xml/gen_collator/gen_collator_server.xml"
Reading XML for "/home/pete/wefwefwef/docs/other/1795407993/repo/master/.xml/specs_gen_collator_server.xml"
Generating HTML - gen_collator_tests "/home/pete/wefwefwef/docs/other/1795407993/repo/master/.xml/gen_collator/gen_collator_tests.xml"
Reading XML for "/home/pete/wefwefwef/docs/other/1795407993/repo/master/.xml/gen_collator/gen_collator_tests.xml"
Reading XML for "/home/pete/wefwefwef/docs/other/1795407993/repo/master/.xml/specs_gen_collator_tests.xml"
Creating index.html ...
Creating erldocs_index.js ...
Woot, finished in 0 Minutes 0 Seconds
 :: Discovering other repos
$ 5000  `rm -r '/home/pete/wefwefwef/docs/other/1795407993/gen_collator-branch-master'  2>&1`
 :: Erldocs finishing up
$ 5000  `rm -r '/home/pete/wefwefwef/docs/other/1795407993/gen_collator'  2>&1`
