 :: Extracting meta information
$ 5000  `git ls-remote --heads --tags 'https://github.com/danw/dw_gen_listener'  2>&1`
>>> [repo] 1 branches, 0 tags
 :: Writing meta to "/home/pete/wefwefwef/docs/other/1413126298/meta.txt"
 :: Processing https://github.com/danw/dw_gen_listener	{rev,branch,"master","599b343e771bfca5459973c223ae5e5f24e76f21"}
 :: Fetching repo code
$ cd "/home/pete/wefwefwef/docs/other/1413126298/dw_gen_listener-branch-master/dw_gen_listener"
$ infinity  `curl --fail --silent --show-error --location --output 'master.zip' 'https://github.com/danw/dw_gen_listener/archive/master.zip'  2>&1`
$ cd "/home/pete/wefwefwef/docs/erldocs_other.git"
$ cd "/home/pete/wefwefwef/docs/other/1413126298/dw_gen_listener-branch-master/dw_gen_listener"
$ 5000  `find -P . -type l -delete  2>&1`
$ cd "/home/pete/wefwefwef/docs/erldocs_other.git"
$ cd "/home/pete/wefwefwef/docs/other/1413126298/dw_gen_listener-branch-master/dw_gen_listener"
$ 5000  `find 'dw_gen_listener-master' -mindepth 1 -maxdepth 1 -exec mv -t . -- {} +  2>&1`
$ cd "/home/pete/wefwefwef/docs/erldocs_other.git"
 :: Getting dependencies
$ cd "/home/pete/wefwefwef/docs/other/1413126298/dw_gen_listener-branch-master/dw_gen_listener"
$ 5000  `ls -1 deps/  2>&1`
$ cd "/home/pete/wefwefwef/docs/erldocs_other.git"
>>> [rebar] deps = []
 :: Generating erldocs into /home/pete/wefwefwef/docs/other/1413126298/repo/master
Building dw_gen_listener
Generating Type Specs - "/home/pete/wefwefwef/docs/other/1413126298/dw_gen_listener-branch-master/dw_gen_listener/src/dw_gen_listener.erl"
Generating XML for application dw_gen_listener "/home/pete/wefwefwef/docs/other/1413126298/dw_gen_listener-branch-master/dw_gen_listener" -> "/home/pete/wefwefwef/docs/other/1413126298/repo/master/.xml/dw_gen_listener"
Generated dw_gen_listener XMLs: ["/home/pete/wefwefwef/docs/other/1413126298/repo/master/.xml/dw_gen_listener/dw_gen_listener.xml"]
Generating HTML - dw_gen_listener "/home/pete/wefwefwef/docs/other/1413126298/repo/master/.xml/dw_gen_listener/dw_gen_listener.xml"
Reading XML for "/home/pete/wefwefwef/docs/other/1413126298/repo/master/.xml/dw_gen_listener/dw_gen_listener.xml"
Reading XML for "/home/pete/wefwefwef/docs/other/1413126298/repo/master/.xml/specs_dw_gen_listener.xml"
Creating index.html ...
Creating erldocs_index.js ...
Woot, finished in 0 Minutes 0 Seconds
 :: Discovering other repos
$ 5000  `rm -r '/home/pete/wefwefwef/docs/other/1413126298/dw_gen_listener-branch-master'  2>&1`
 :: Erldocs finishing up
$ 5000  `rm -r '/home/pete/wefwefwef/docs/other/1413126298/dw_gen_listener'  2>&1`
