 :: Extracting meta information
$ 5000  `git ls-remote --heads --tags 'https://github.com/jon-ivmark/er-graph'  2>&1`
>>> [repo] 1 branches, 0 tags
 :: Writing meta to "/home/pete/wefwefwef/docs/other/9945126874/meta.txt"
 :: Processing https://github.com/jon-ivmark/er-graph	{rev,branch,"master","68840f9c241483770d7ca9bf33139705076ffe25"}
 :: Fetching repo code
$ cd "/home/pete/wefwefwef/docs/other/9945126874/er-graph-branch-master/er-graph"
$ infinity  `curl --fail --silent --show-error --location --output 'master.zip' 'https://github.com/jon-ivmark/er-graph/archive/master.zip'  2>&1`
$ cd "/home/pete/wefwefwef/docs/erldocs_other.git"
$ cd "/home/pete/wefwefwef/docs/other/9945126874/er-graph-branch-master/er-graph"
$ 5000  `find -P . -type l -delete  2>&1`
$ cd "/home/pete/wefwefwef/docs/erldocs_other.git"
$ cd "/home/pete/wefwefwef/docs/other/9945126874/er-graph-branch-master/er-graph"
$ 5000  `find 'er-graph-master' -mindepth 1 -maxdepth 1 -exec mv -t . -- {} +  2>&1`
$ cd "/home/pete/wefwefwef/docs/erldocs_other.git"
 :: Getting dependencies
$ cd "/home/pete/wefwefwef/docs/other/9945126874/er-graph-branch-master/er-graph"
$ 5000  `ls -1 deps/  2>&1`
$ cd "/home/pete/wefwefwef/docs/erldocs_other.git"
>>> [rebar] deps = []
 :: Generating erldocs into /home/pete/wefwefwef/docs/other/9945126874/repo/master
Building er-graph
Generating Type Specs - "/home/pete/wefwefwef/docs/other/9945126874/er-graph-branch-master/er-graph/src/cursor.erl"
Generating Type Specs - "/home/pete/wefwefwef/docs/other/9945126874/er-graph-branch-master/er-graph/src/graph.erl"
Generating Type Specs - "/home/pete/wefwefwef/docs/other/9945126874/er-graph-branch-master/er-graph/src/graph_db.erl"
Generating Type Specs - "/home/pete/wefwefwef/docs/other/9945126874/er-graph-branch-master/er-graph/src/graph_server.erl"
Generating Type Specs - "/home/pete/wefwefwef/docs/other/9945126874/er-graph-branch-master/er-graph/src/node.erl"
Generating XML for application er-graph "/home/pete/wefwefwef/docs/other/9945126874/er-graph-branch-master/er-graph" -> "/home/pete/wefwefwef/docs/other/9945126874/repo/master/.xml/er-graph"
Generated er-graph XMLs: ["/home/pete/wefwefwef/docs/other/9945126874/repo/master/.xml/er-graph/graph.xml",
                          "/home/pete/wefwefwef/docs/other/9945126874/repo/master/.xml/er-graph/graph_server.xml",
                          "/home/pete/wefwefwef/docs/other/9945126874/repo/master/.xml/er-graph/graph_db.xml",
                          "/home/pete/wefwefwef/docs/other/9945126874/repo/master/.xml/er-graph/node.xml",
                          "/home/pete/wefwefwef/docs/other/9945126874/repo/master/.xml/er-graph/cursor.xml"]
Generating HTML - graph "/home/pete/wefwefwef/docs/other/9945126874/repo/master/.xml/er-graph/graph.xml"
Generating HTML - graph_server "/home/pete/wefwefwef/docs/other/9945126874/repo/master/.xml/er-graph/graph_server.xml"
Generating HTML - graph_db "/home/pete/wefwefwef/docs/other/9945126874/repo/master/.xml/er-graph/graph_db.xml"
Generating HTML - cursor "/home/pete/wefwefwef/docs/other/9945126874/repo/master/.xml/er-graph/cursor.xml"
Reading XML for "/home/pete/wefwefwef/docs/other/9945126874/repo/master/.xml/er-graph/graph.xml"
Reading XML for "/home/pete/wefwefwef/docs/other/9945126874/repo/master/.xml/er-graph/graph_server.xml"
Reading XML for "/home/pete/wefwefwef/docs/other/9945126874/repo/master/.xml/er-graph/graph_db.xml"
Reading XML for "/home/pete/wefwefwef/docs/other/9945126874/repo/master/.xml/er-graph/cursor.xml"
Reading XML for "/home/pete/wefwefwef/docs/other/9945126874/repo/master/.xml/specs_graph.xml"
Reading XML for "/home/pete/wefwefwef/docs/other/9945126874/repo/master/.xml/specs_graph_server.xml"
Reading XML for "/home/pete/wefwefwef/docs/other/9945126874/repo/master/.xml/specs_cursor.xml"
Reading XML for "/home/pete/wefwefwef/docs/other/9945126874/repo/master/.xml/specs_graph_db.xml"
Generating HTML - node "/home/pete/wefwefwef/docs/other/9945126874/repo/master/.xml/er-graph/node.xml"
Reading XML for "/home/pete/wefwefwef/docs/other/9945126874/repo/master/.xml/er-graph/node.xml"
Reading XML for "/home/pete/wefwefwef/docs/other/9945126874/repo/master/.xml/specs_node.xml"
Creating index.html ...
Creating erldocs_index.js ...
Woot, finished in 0 Minutes 0 Seconds
 :: Discovering other repos
$ 5000  `rm -r '/home/pete/wefwefwef/docs/other/9945126874/er-graph-branch-master'  2>&1`
 :: Erldocs finishing up
$ 5000  `rm -r '/home/pete/wefwefwef/docs/other/9945126874/er-graph'  2>&1`
