 :: Extracting meta information
$ infinity  `git ls-remote --heads --tags 'https://github.com/norton/edown'  2>&1`
>>> [repo] 3 branches, 16 tags
 :: Writing meta to "/home/pete/wefwefwef/docs/other/046dd33e6cc06bc57fa9d50a8557f725287a7793/meta.txt"
 :: Skipping tag "0.2.5"
 :: Skipping tag "0.2.6"
 :: Skipping tag "0.2.7"
 :: Skipping tag "0.2.8"
 :: Skipping tag "0.2.9"
 :: Skipping tag "0.3.0"
 :: Skipping tag "0.4"
 :: Skipping tag "0.5"
 :: Skipping tag "0.6"
 :: Skipping tag "v0.1"
 :: Skipping tag "v0.2.0"
 :: Skipping tag "v0.2.1"
 :: Skipping tag "v0.2.2"
 :: Skipping tag "v0.2.3"
 :: Skipping tag "v0.2.4"
 :: Skipping tag "0.3.1"
 :: Processing https://github.com/norton/edown	{rev,branch,"upstream-master","4aa0767dceb07a9c176e868941f8262169d94e4d",undefined,[],[]}
 :: Fetching repo code
$ cd '/home/pete/wefwefwef/docs/other/046dd33e6cc06bc57fa9d50a8557f725287a7793/edown-branch-upstream-master'
$ infinity  `curl --fail --silent --show-error --location --output repo.tar.gz 'https://codeload.github.com/norton/edown/legacy.tar.gz/upstream-master'  2>&1`
$ cd '/home/pete/wefwefwef/docs/erldocs_other.git'
$ cd '/home/pete/wefwefwef/docs/other/046dd33e6cc06bc57fa9d50a8557f725287a7793/edown-branch-upstream-master/norton-edown-4aa0767'
$ 5000  `find -P . -type l -delete  2>&1`
$ cd '/home/pete/wefwefwef/docs/erldocs_other.git'
$ 5000  `mv '/home/pete/wefwefwef/docs/other/046dd33e6cc06bc57fa9d50a8557f725287a7793/edown-branch-upstream-master/norton-edown-4aa0767' '/home/pete/wefwefwef/docs/other/046dd33e6cc06bc57fa9d50a8557f725287a7793/edown-branch-upstream-master/edown'  2>&1`
 :: Getting dependencies
$ cd '/home/pete/wefwefwef/docs/other/046dd33e6cc06bc57fa9d50a8557f725287a7793/edown-branch-upstream-master/edown'
$ 5000  `ls -1 deps/  2>&1`
$ cd '/home/pete/wefwefwef/docs/erldocs_other.git'
>>> [rebar] deps = []
 :: Generating erldocs into /home/pete/wefwefwef/docs/other/046dd33e6cc06bc57fa9d50a8557f725287a7793/repo/upstream-master
Building edown
Generating Type Specs - "/home/pete/wefwefwef/docs/other/046dd33e6cc06bc57fa9d50a8557f725287a7793/edown-branch-upstream-master/edown/src/edown_doclet.erl"
Generating Type Specs - "/home/pete/wefwefwef/docs/other/046dd33e6cc06bc57fa9d50a8557f725287a7793/edown-branch-upstream-master/edown/src/edown_layout.erl"
Generating Type Specs - "/home/pete/wefwefwef/docs/other/046dd33e6cc06bc57fa9d50a8557f725287a7793/edown-branch-upstream-master/edown/src/edown_lib.erl"
Generating Type Specs - "/home/pete/wefwefwef/docs/other/046dd33e6cc06bc57fa9d50a8557f725287a7793/edown-branch-upstream-master/edown/src/edown_make.erl"
Generating Type Specs - "/home/pete/wefwefwef/docs/other/046dd33e6cc06bc57fa9d50a8557f725287a7793/edown-branch-upstream-master/edown/src/edown_xmerl.erl"
Generating XML for application edown "/home/pete/wefwefwef/docs/other/046dd33e6cc06bc57fa9d50a8557f725287a7793/edown-branch-upstream-master/edown" -> "/home/pete/wefwefwef/docs/other/046dd33e6cc06bc57fa9d50a8557f725287a7793/repo/upstream-master/.xml/edown"
Generated edown XMLs: ["/home/pete/wefwefwef/docs/other/046dd33e6cc06bc57fa9d50a8557f725287a7793/repo/upstream-master/.xml/edown/edown_lib.xml",
                       "/home/pete/wefwefwef/docs/other/046dd33e6cc06bc57fa9d50a8557f725287a7793/repo/upstream-master/.xml/edown/edown_layout.xml",
                       "/home/pete/wefwefwef/docs/other/046dd33e6cc06bc57fa9d50a8557f725287a7793/repo/upstream-master/.xml/edown/edown_xmerl.xml",
                       "/home/pete/wefwefwef/docs/other/046dd33e6cc06bc57fa9d50a8557f725287a7793/repo/upstream-master/.xml/edown/edown_make.xml",
                       "/home/pete/wefwefwef/docs/other/046dd33e6cc06bc57fa9d50a8557f725287a7793/repo/upstream-master/.xml/edown/edown_doclet.xml"]
Generating HTML - edown_lib "/home/pete/wefwefwef/docs/other/046dd33e6cc06bc57fa9d50a8557f725287a7793/repo/upstream-master/.xml/edown/edown_lib.xml"
Generating HTML - edown_layout "/home/pete/wefwefwef/docs/other/046dd33e6cc06bc57fa9d50a8557f725287a7793/repo/upstream-master/.xml/edown/edown_layout.xml"
Generating HTML - edown_xmerl "/home/pete/wefwefwef/docs/other/046dd33e6cc06bc57fa9d50a8557f725287a7793/repo/upstream-master/.xml/edown/edown_xmerl.xml"
Generating HTML - edown_doclet "/home/pete/wefwefwef/docs/other/046dd33e6cc06bc57fa9d50a8557f725287a7793/repo/upstream-master/.xml/edown/edown_doclet.xml"
Reading XML for "/home/pete/wefwefwef/docs/other/046dd33e6cc06bc57fa9d50a8557f725287a7793/repo/upstream-master/.xml/edown/edown_lib.xml"
Reading XML for "/home/pete/wefwefwef/docs/other/046dd33e6cc06bc57fa9d50a8557f725287a7793/repo/upstream-master/.xml/edown/edown_layout.xml"
Reading XML for "/home/pete/wefwefwef/docs/other/046dd33e6cc06bc57fa9d50a8557f725287a7793/repo/upstream-master/.xml/edown/edown_xmerl.xml"
Reading XML for "/home/pete/wefwefwef/docs/other/046dd33e6cc06bc57fa9d50a8557f725287a7793/repo/upstream-master/.xml/edown/edown_doclet.xml"
Reading XML for "/home/pete/wefwefwef/docs/other/046dd33e6cc06bc57fa9d50a8557f725287a7793/repo/upstream-master/.xml/specs_edown_lib.xml"
Reading XML for "/home/pete/wefwefwef/docs/other/046dd33e6cc06bc57fa9d50a8557f725287a7793/repo/upstream-master/.xml/specs_edown_xmerl.xml"
Reading XML for "/home/pete/wefwefwef/docs/other/046dd33e6cc06bc57fa9d50a8557f725287a7793/repo/upstream-master/.xml/specs_edown_doclet.xml"
Reading XML for "/home/pete/wefwefwef/docs/other/046dd33e6cc06bc57fa9d50a8557f725287a7793/repo/upstream-master/.xml/specs_edown_layout.xml"
Generating HTML - edown_make "/home/pete/wefwefwef/docs/other/046dd33e6cc06bc57fa9d50a8557f725287a7793/repo/upstream-master/.xml/edown/edown_make.xml"
Reading XML for "/home/pete/wefwefwef/docs/other/046dd33e6cc06bc57fa9d50a8557f725287a7793/repo/upstream-master/.xml/edown/edown_make.xml"
Reading XML for "/home/pete/wefwefwef/docs/other/046dd33e6cc06bc57fa9d50a8557f725287a7793/repo/upstream-master/.xml/specs_edown_make.xml"
Creating index.html ...
Creating erldocs_index.js ...
Woot, finished in 0 Minutes 0 Seconds
 :: Discovering other repos
$ 5000  `rm -r '/home/pete/wefwefwef/docs/other/046dd33e6cc06bc57fa9d50a8557f725287a7793/edown-branch-upstream-master'  2>&1`
 :: Processing https://github.com/norton/edown	{rev,branch,"master","4aa0767dceb07a9c176e868941f8262169d94e4d",undefined,[],[]}
 :: Fetching repo code
$ cd '/home/pete/wefwefwef/docs/other/046dd33e6cc06bc57fa9d50a8557f725287a7793/edown-branch-master'
$ infinity  `curl --fail --silent --show-error --location --output repo.tar.gz 'https://codeload.github.com/norton/edown/legacy.tar.gz/master'  2>&1`
$ cd '/home/pete/wefwefwef/docs/erldocs_other.git'
$ cd '/home/pete/wefwefwef/docs/other/046dd33e6cc06bc57fa9d50a8557f725287a7793/edown-branch-master/norton-edown-4aa0767'
$ 5000  `find -P . -type l -delete  2>&1`
$ cd '/home/pete/wefwefwef/docs/erldocs_other.git'
$ 5000  `mv '/home/pete/wefwefwef/docs/other/046dd33e6cc06bc57fa9d50a8557f725287a7793/edown-branch-master/norton-edown-4aa0767' '/home/pete/wefwefwef/docs/other/046dd33e6cc06bc57fa9d50a8557f725287a7793/edown-branch-master/edown'  2>&1`
 :: Getting dependencies
$ cd '/home/pete/wefwefwef/docs/other/046dd33e6cc06bc57fa9d50a8557f725287a7793/edown-branch-master/edown'
$ 5000  `ls -1 deps/  2>&1`
$ cd '/home/pete/wefwefwef/docs/erldocs_other.git'
>>> [rebar] deps = []
 :: Generating erldocs into /home/pete/wefwefwef/docs/other/046dd33e6cc06bc57fa9d50a8557f725287a7793/repo/master
Building edown
Generating Type Specs - "/home/pete/wefwefwef/docs/other/046dd33e6cc06bc57fa9d50a8557f725287a7793/edown-branch-master/edown/src/edown_doclet.erl"
Generating Type Specs - "/home/pete/wefwefwef/docs/other/046dd33e6cc06bc57fa9d50a8557f725287a7793/edown-branch-master/edown/src/edown_layout.erl"
Generating Type Specs - "/home/pete/wefwefwef/docs/other/046dd33e6cc06bc57fa9d50a8557f725287a7793/edown-branch-master/edown/src/edown_lib.erl"
Generating Type Specs - "/home/pete/wefwefwef/docs/other/046dd33e6cc06bc57fa9d50a8557f725287a7793/edown-branch-master/edown/src/edown_make.erl"
Generating Type Specs - "/home/pete/wefwefwef/docs/other/046dd33e6cc06bc57fa9d50a8557f725287a7793/edown-branch-master/edown/src/edown_xmerl.erl"
Generating XML for application edown "/home/pete/wefwefwef/docs/other/046dd33e6cc06bc57fa9d50a8557f725287a7793/edown-branch-master/edown" -> "/home/pete/wefwefwef/docs/other/046dd33e6cc06bc57fa9d50a8557f725287a7793/repo/master/.xml/edown"
Generated edown XMLs: ["/home/pete/wefwefwef/docs/other/046dd33e6cc06bc57fa9d50a8557f725287a7793/repo/master/.xml/edown/edown_lib.xml",
                       "/home/pete/wefwefwef/docs/other/046dd33e6cc06bc57fa9d50a8557f725287a7793/repo/master/.xml/edown/edown_layout.xml",
                       "/home/pete/wefwefwef/docs/other/046dd33e6cc06bc57fa9d50a8557f725287a7793/repo/master/.xml/edown/edown_xmerl.xml",
                       "/home/pete/wefwefwef/docs/other/046dd33e6cc06bc57fa9d50a8557f725287a7793/repo/master/.xml/edown/edown_make.xml",
                       "/home/pete/wefwefwef/docs/other/046dd33e6cc06bc57fa9d50a8557f725287a7793/repo/master/.xml/edown/edown_doclet.xml"]
Generating HTML - edown_lib "/home/pete/wefwefwef/docs/other/046dd33e6cc06bc57fa9d50a8557f725287a7793/repo/master/.xml/edown/edown_lib.xml"
Generating HTML - edown_layout "/home/pete/wefwefwef/docs/other/046dd33e6cc06bc57fa9d50a8557f725287a7793/repo/master/.xml/edown/edown_layout.xml"
Generating HTML - edown_xmerl "/home/pete/wefwefwef/docs/other/046dd33e6cc06bc57fa9d50a8557f725287a7793/repo/master/.xml/edown/edown_xmerl.xml"
Generating HTML - edown_doclet "/home/pete/wefwefwef/docs/other/046dd33e6cc06bc57fa9d50a8557f725287a7793/repo/master/.xml/edown/edown_doclet.xml"
Reading XML for "/home/pete/wefwefwef/docs/other/046dd33e6cc06bc57fa9d50a8557f725287a7793/repo/master/.xml/edown/edown_lib.xml"
Reading XML for "/home/pete/wefwefwef/docs/other/046dd33e6cc06bc57fa9d50a8557f725287a7793/repo/master/.xml/edown/edown_layout.xml"
Reading XML for "/home/pete/wefwefwef/docs/other/046dd33e6cc06bc57fa9d50a8557f725287a7793/repo/master/.xml/edown/edown_xmerl.xml"
Reading XML for "/home/pete/wefwefwef/docs/other/046dd33e6cc06bc57fa9d50a8557f725287a7793/repo/master/.xml/edown/edown_doclet.xml"
Reading XML for "/home/pete/wefwefwef/docs/other/046dd33e6cc06bc57fa9d50a8557f725287a7793/repo/master/.xml/specs_edown_lib.xml"
Reading XML for "/home/pete/wefwefwef/docs/other/046dd33e6cc06bc57fa9d50a8557f725287a7793/repo/master/.xml/specs_edown_xmerl.xml"
Reading XML for "/home/pete/wefwefwef/docs/other/046dd33e6cc06bc57fa9d50a8557f725287a7793/repo/master/.xml/specs_edown_layout.xml"
Reading XML for "/home/pete/wefwefwef/docs/other/046dd33e6cc06bc57fa9d50a8557f725287a7793/repo/master/.xml/specs_edown_doclet.xml"
Generating HTML - edown_make "/home/pete/wefwefwef/docs/other/046dd33e6cc06bc57fa9d50a8557f725287a7793/repo/master/.xml/edown/edown_make.xml"
Reading XML for "/home/pete/wefwefwef/docs/other/046dd33e6cc06bc57fa9d50a8557f725287a7793/repo/master/.xml/edown/edown_make.xml"
Reading XML for "/home/pete/wefwefwef/docs/other/046dd33e6cc06bc57fa9d50a8557f725287a7793/repo/master/.xml/specs_edown_make.xml"
Creating index.html ...
Creating erldocs_index.js ...
Woot, finished in 0 Minutes 0 Seconds
 :: Discovering other repos
$ 5000  `rm -r '/home/pete/wefwefwef/docs/other/046dd33e6cc06bc57fa9d50a8557f725287a7793/edown-branch-master'  2>&1`
 :: Processing https://github.com/norton/edown	{rev,branch,"dev","4aa0767dceb07a9c176e868941f8262169d94e4d",undefined,[],[]}
 :: Fetching repo code
$ cd '/home/pete/wefwefwef/docs/other/046dd33e6cc06bc57fa9d50a8557f725287a7793/edown-branch-dev'
$ infinity  `curl --fail --silent --show-error --location --output repo.tar.gz 'https://codeload.github.com/norton/edown/legacy.tar.gz/dev'  2>&1`
$ cd '/home/pete/wefwefwef/docs/erldocs_other.git'
$ cd '/home/pete/wefwefwef/docs/other/046dd33e6cc06bc57fa9d50a8557f725287a7793/edown-branch-dev/norton-edown-4aa0767'
$ 5000  `find -P . -type l -delete  2>&1`
$ cd '/home/pete/wefwefwef/docs/erldocs_other.git'
$ 5000  `mv '/home/pete/wefwefwef/docs/other/046dd33e6cc06bc57fa9d50a8557f725287a7793/edown-branch-dev/norton-edown-4aa0767' '/home/pete/wefwefwef/docs/other/046dd33e6cc06bc57fa9d50a8557f725287a7793/edown-branch-dev/edown'  2>&1`
 :: Getting dependencies
$ cd '/home/pete/wefwefwef/docs/other/046dd33e6cc06bc57fa9d50a8557f725287a7793/edown-branch-dev/edown'
$ 5000  `ls -1 deps/  2>&1`
$ cd '/home/pete/wefwefwef/docs/erldocs_other.git'
>>> [rebar] deps = []
 :: Generating erldocs into /home/pete/wefwefwef/docs/other/046dd33e6cc06bc57fa9d50a8557f725287a7793/repo/dev
Building edown
Generating Type Specs - "/home/pete/wefwefwef/docs/other/046dd33e6cc06bc57fa9d50a8557f725287a7793/edown-branch-dev/edown/src/edown_doclet.erl"
Generating Type Specs - "/home/pete/wefwefwef/docs/other/046dd33e6cc06bc57fa9d50a8557f725287a7793/edown-branch-dev/edown/src/edown_layout.erl"
Generating Type Specs - "/home/pete/wefwefwef/docs/other/046dd33e6cc06bc57fa9d50a8557f725287a7793/edown-branch-dev/edown/src/edown_lib.erl"
Generating Type Specs - "/home/pete/wefwefwef/docs/other/046dd33e6cc06bc57fa9d50a8557f725287a7793/edown-branch-dev/edown/src/edown_make.erl"
Generating Type Specs - "/home/pete/wefwefwef/docs/other/046dd33e6cc06bc57fa9d50a8557f725287a7793/edown-branch-dev/edown/src/edown_xmerl.erl"
Generating XML for application edown "/home/pete/wefwefwef/docs/other/046dd33e6cc06bc57fa9d50a8557f725287a7793/edown-branch-dev/edown" -> "/home/pete/wefwefwef/docs/other/046dd33e6cc06bc57fa9d50a8557f725287a7793/repo/dev/.xml/edown"
Generated edown XMLs: ["/home/pete/wefwefwef/docs/other/046dd33e6cc06bc57fa9d50a8557f725287a7793/repo/dev/.xml/edown/edown_lib.xml",
                       "/home/pete/wefwefwef/docs/other/046dd33e6cc06bc57fa9d50a8557f725287a7793/repo/dev/.xml/edown/edown_layout.xml",
                       "/home/pete/wefwefwef/docs/other/046dd33e6cc06bc57fa9d50a8557f725287a7793/repo/dev/.xml/edown/edown_xmerl.xml",
                       "/home/pete/wefwefwef/docs/other/046dd33e6cc06bc57fa9d50a8557f725287a7793/repo/dev/.xml/edown/edown_make.xml",
                       "/home/pete/wefwefwef/docs/other/046dd33e6cc06bc57fa9d50a8557f725287a7793/repo/dev/.xml/edown/edown_doclet.xml"]
Generating HTML - edown_lib "/home/pete/wefwefwef/docs/other/046dd33e6cc06bc57fa9d50a8557f725287a7793/repo/dev/.xml/edown/edown_lib.xml"
Generating HTML - edown_layout "/home/pete/wefwefwef/docs/other/046dd33e6cc06bc57fa9d50a8557f725287a7793/repo/dev/.xml/edown/edown_layout.xml"
Generating HTML - edown_xmerl "/home/pete/wefwefwef/docs/other/046dd33e6cc06bc57fa9d50a8557f725287a7793/repo/dev/.xml/edown/edown_xmerl.xml"
Generating HTML - edown_doclet "/home/pete/wefwefwef/docs/other/046dd33e6cc06bc57fa9d50a8557f725287a7793/repo/dev/.xml/edown/edown_doclet.xml"
Reading XML for "/home/pete/wefwefwef/docs/other/046dd33e6cc06bc57fa9d50a8557f725287a7793/repo/dev/.xml/edown/edown_lib.xml"
Reading XML for "/home/pete/wefwefwef/docs/other/046dd33e6cc06bc57fa9d50a8557f725287a7793/repo/dev/.xml/edown/edown_layout.xml"
Reading XML for "/home/pete/wefwefwef/docs/other/046dd33e6cc06bc57fa9d50a8557f725287a7793/repo/dev/.xml/edown/edown_xmerl.xml"
Reading XML for "/home/pete/wefwefwef/docs/other/046dd33e6cc06bc57fa9d50a8557f725287a7793/repo/dev/.xml/edown/edown_doclet.xml"
Reading XML for "/home/pete/wefwefwef/docs/other/046dd33e6cc06bc57fa9d50a8557f725287a7793/repo/dev/.xml/specs_edown_lib.xml"
Reading XML for "/home/pete/wefwefwef/docs/other/046dd33e6cc06bc57fa9d50a8557f725287a7793/repo/dev/.xml/specs_edown_doclet.xml"
Reading XML for "/home/pete/wefwefwef/docs/other/046dd33e6cc06bc57fa9d50a8557f725287a7793/repo/dev/.xml/specs_edown_layout.xml"
Reading XML for "/home/pete/wefwefwef/docs/other/046dd33e6cc06bc57fa9d50a8557f725287a7793/repo/dev/.xml/specs_edown_xmerl.xml"
Generating HTML - edown_make "/home/pete/wefwefwef/docs/other/046dd33e6cc06bc57fa9d50a8557f725287a7793/repo/dev/.xml/edown/edown_make.xml"
Reading XML for "/home/pete/wefwefwef/docs/other/046dd33e6cc06bc57fa9d50a8557f725287a7793/repo/dev/.xml/edown/edown_make.xml"
Reading XML for "/home/pete/wefwefwef/docs/other/046dd33e6cc06bc57fa9d50a8557f725287a7793/repo/dev/.xml/specs_edown_make.xml"
Creating index.html ...
Creating erldocs_index.js ...
Woot, finished in 0 Minutes 0 Seconds
 :: Discovering other repos
$ 5000  `rm -r '/home/pete/wefwefwef/docs/other/046dd33e6cc06bc57fa9d50a8557f725287a7793/edown-branch-dev'  2>&1`
 :: Finishing up
$ 5000  `rm -r '/home/pete/wefwefwef/docs/other/046dd33e6cc06bc57fa9d50a8557f725287a7793/edown'  2>&1`
