 :: Extracting meta information
$ infinity  `git ls-remote --heads --tags 'https://github.com/ssbx/supercast'  2>&1`
>>> [repo] 1 branches, 0 tags
 :: Writing meta to "/home/pete/wefwefwef/docs/other/54ae7068e5fcbc73bbda5a0d2ae2a2ccd4a7a0d2/meta.txt"
 :: Processing https://github.com/ssbx/supercast	{rev,branch,"master","9c878fbb8898308dfbc69dfe2cced464e724b032",undefined,[],[]}
 :: Fetching repo code
$ cd '/home/pete/wefwefwef/docs/other/54ae7068e5fcbc73bbda5a0d2ae2a2ccd4a7a0d2/supercast-branch-master'
$ infinity  `curl --fail --silent --show-error --location --output repo.tar.gz 'https://codeload.github.com/ssbx/supercast/tar.gz/master'  2>&1`
$ cd '/home/pete/wefwefwef/docs/erldocs_other.git'
$ cd '/home/pete/wefwefwef/docs/other/54ae7068e5fcbc73bbda5a0d2ae2a2ccd4a7a0d2/supercast-branch-master/supercast-master'
$ 5000  `find -P . -type l -delete  2>&1`
$ cd '/home/pete/wefwefwef/docs/erldocs_other.git'
$ 5000  `mv '/home/pete/wefwefwef/docs/other/54ae7068e5fcbc73bbda5a0d2ae2a2ccd4a7a0d2/supercast-branch-master/supercast-master' '/home/pete/wefwefwef/docs/other/54ae7068e5fcbc73bbda5a0d2ae2a2ccd4a7a0d2/supercast-branch-master/supercast'  2>&1`
 :: Getting dependencies
$ cd '/home/pete/wefwefwef/docs/other/54ae7068e5fcbc73bbda5a0d2ae2a2ccd4a7a0d2/supercast-branch-master/supercast'
$ 5000  `ls -1 deps/  2>&1`
$ cd '/home/pete/wefwefwef/docs/erldocs_other.git'
>>> [rebar] deps = []
 :: Generating erldocs into /home/pete/wefwefwef/docs/other/54ae7068e5fcbc73bbda5a0d2ae2a2ccd4a7a0d2/repo/master
Building supercast
Generating Type Specs - "/home/pete/wefwefwef/docs/other/54ae7068e5fcbc73bbda5a0d2ae2a2ccd4a7a0d2/supercast-branch-master/supercast/src/mochijson2.erl"
Generating Type Specs - "/home/pete/wefwefwef/docs/other/54ae7068e5fcbc73bbda5a0d2ae2a2ccd4a7a0d2/supercast-branch-master/supercast/src/ssl_client.erl"
Generating Type Specs - "/home/pete/wefwefwef/docs/other/54ae7068e5fcbc73bbda5a0d2ae2a2ccd4a7a0d2/supercast-branch-master/supercast/src/ssl_client_sup.erl"
Generating Type Specs - "/home/pete/wefwefwef/docs/other/54ae7068e5fcbc73bbda5a0d2ae2a2ccd4a7a0d2/supercast-branch-master/supercast/src/ssl_listener.erl"
Generating Type Specs - "/home/pete/wefwefwef/docs/other/54ae7068e5fcbc73bbda5a0d2ae2a2ccd4a7a0d2/supercast-branch-master/supercast/src/ssl_server_sup.erl"
Generating Type Specs - "/home/pete/wefwefwef/docs/other/54ae7068e5fcbc73bbda5a0d2ae2a2ccd4a7a0d2/supercast-branch-master/supercast/src/supercast.erl"
Generating Type Specs - "/home/pete/wefwefwef/docs/other/54ae7068e5fcbc73bbda5a0d2ae2a2ccd4a7a0d2/supercast-branch-master/supercast/src/supercast_acctrl.erl"
Generating Type Specs - "/home/pete/wefwefwef/docs/other/54ae7068e5fcbc73bbda5a0d2ae2a2ccd4a7a0d2/supercast-branch-master/supercast/src/supercast_acctrl_rbac.erl"
Generating Type Specs - "/home/pete/wefwefwef/docs/other/54ae7068e5fcbc73bbda5a0d2ae2a2ccd4a7a0d2/supercast-branch-master/supercast/src/supercast_app.erl"
Generating Type Specs - "/home/pete/wefwefwef/docs/other/54ae7068e5fcbc73bbda5a0d2ae2a2ccd4a7a0d2/supercast-branch-master/supercast/src/supercast_auth.erl"
Generating Type Specs - "/home/pete/wefwefwef/docs/other/54ae7068e5fcbc73bbda5a0d2ae2a2ccd4a7a0d2/supercast-branch-master/supercast/src/supercast_auth_local.erl"
Generating Type Specs - "/home/pete/wefwefwef/docs/other/54ae7068e5fcbc73bbda5a0d2ae2a2ccd4a7a0d2/supercast-branch-master/supercast/src/supercast_channel.erl"
Generating Type Specs - "/home/pete/wefwefwef/docs/other/54ae7068e5fcbc73bbda5a0d2ae2a2ccd4a7a0d2/supercast-branch-master/supercast/src/supercast_clients_sup.erl"
Generating Type Specs - "/home/pete/wefwefwef/docs/other/54ae7068e5fcbc73bbda5a0d2ae2a2ccd4a7a0d2/supercast-branch-master/supercast/src/supercast_commander.erl"
Generating Type Specs - "/home/pete/wefwefwef/docs/other/54ae7068e5fcbc73bbda5a0d2ae2a2ccd4a7a0d2/supercast-branch-master/supercast/src/supercast_encoder.erl"
Generating Type Specs - "/home/pete/wefwefwef/docs/other/54ae7068e5fcbc73bbda5a0d2ae2a2ccd4a7a0d2/supercast-branch-master/supercast/src/supercast_encoder_asn.erl"
Generating Type Specs - "/home/pete/wefwefwef/docs/other/54ae7068e5fcbc73bbda5a0d2ae2a2ccd4a7a0d2/supercast-branch-master/supercast/src/supercast_encoder_json.erl"
Generating Type Specs - "/home/pete/wefwefwef/docs/other/54ae7068e5fcbc73bbda5a0d2ae2a2ccd4a7a0d2/supercast-branch-master/supercast/src/supercast_encoder_native.erl"
Generating Type Specs - "/home/pete/wefwefwef/docs/other/54ae7068e5fcbc73bbda5a0d2ae2a2ccd4a7a0d2/supercast-branch-master/supercast/src/supercast_mpd.erl"
Generating Type Specs - "/home/pete/wefwefwef/docs/other/54ae7068e5fcbc73bbda5a0d2ae2a2ccd4a7a0d2/supercast-branch-master/supercast/src/supercast_registrar.erl"
Generating Type Specs - "/home/pete/wefwefwef/docs/other/54ae7068e5fcbc73bbda5a0d2ae2a2ccd4a7a0d2/supercast-branch-master/supercast/src/supercast_server.erl"
Generating Type Specs - "/home/pete/wefwefwef/docs/other/54ae7068e5fcbc73bbda5a0d2ae2a2ccd4a7a0d2/supercast-branch-master/supercast/src/supercast_sup.erl"
Generating Type Specs - "/home/pete/wefwefwef/docs/other/54ae7068e5fcbc73bbda5a0d2ae2a2ccd4a7a0d2/supercast-branch-master/supercast/src/supercast_users_xml.erl"
Generating Type Specs - "/home/pete/wefwefwef/docs/other/54ae7068e5fcbc73bbda5a0d2ae2a2ccd4a7a0d2/supercast-branch-master/supercast/src/tcp_client.erl"
Generating Type Specs - "/home/pete/wefwefwef/docs/other/54ae7068e5fcbc73bbda5a0d2ae2a2ccd4a7a0d2/supercast-branch-master/supercast/src/tcp_client_sup.erl"
Generating Type Specs - "/home/pete/wefwefwef/docs/other/54ae7068e5fcbc73bbda5a0d2ae2a2ccd4a7a0d2/supercast-branch-master/supercast/src/tcp_listener.erl"
Generating Type Specs - "/home/pete/wefwefwef/docs/other/54ae7068e5fcbc73bbda5a0d2ae2a2ccd4a7a0d2/supercast-branch-master/supercast/src/tcp_server_sup.erl"
Generating XML for application supercast "/home/pete/wefwefwef/docs/other/54ae7068e5fcbc73bbda5a0d2ae2a2ccd4a7a0d2/supercast-branch-master/supercast" -> "/home/pete/wefwefwef/docs/other/54ae7068e5fcbc73bbda5a0d2ae2a2ccd4a7a0d2/repo/master/.xml/supercast"
/home/pete/wefwefwef/docs/other/54ae7068e5fcbc73bbda5a0d2ae2a2ccd4a7a0d2/supercast-branch-master/supercast/src/supercast_commander.erl, in module footer: at line 27: tag @doc not allowed here.
edoc: skipping source file '/home/pete/wefwefwef/docs/other/54ae7068e5fcbc73bbda5a0d2ae2a2ccd4a7a0d2/supercast-branch-master/supercast/src/supercast_commander.erl': {'EXIT',
                                                                                                                                                                error}.
/home/pete/wefwefwef/docs/other/54ae7068e5fcbc73bbda5a0d2ae2a2ccd4a7a0d2/supercast-branch-master/supercast/src/mochijson2.erl, function encoder/1: at line 67: warning: redefining built-in type 'iolist'.
/home/pete/wefwefwef/docs/other/54ae7068e5fcbc73bbda5a0d2ae2a2ccd4a7a0d2/supercast-branch-master/supercast/src/mochijson2.erl, function encoder/1: at line 68: warning: redefining built-in type 'iodata'.
edoc: error in doclet 'edoc_doclet': {'EXIT',error}.
Error generating supercast XMLs. Using fallback ...
Generating XML supercast - mochijson2 "/home/pete/wefwefwef/docs/other/54ae7068e5fcbc73bbda5a0d2ae2a2ccd4a7a0d2/supercast-branch-master/supercast/src/mochijson2.erl" -> "/home/pete/wefwefwef/docs/other/54ae7068e5fcbc73bbda5a0d2ae2a2ccd4a7a0d2/repo/master/.xml/supercast/mochijson2.xml"
/home/pete/wefwefwef/docs/other/54ae7068e5fcbc73bbda5a0d2ae2a2ccd4a7a0d2/supercast-branch-master/supercast/src/mochijson2.erl, function encoder/1: at line 67: warning: redefining built-in type 'iolist'.
/home/pete/wefwefwef/docs/other/54ae7068e5fcbc73bbda5a0d2ae2a2ccd4a7a0d2/supercast-branch-master/supercast/src/mochijson2.erl, function encoder/1: at line 68: warning: redefining built-in type 'iodata'.
Generating XML supercast - ssl_client "/home/pete/wefwefwef/docs/other/54ae7068e5fcbc73bbda5a0d2ae2a2ccd4a7a0d2/supercast-branch-master/supercast/src/ssl_client.erl" -> "/home/pete/wefwefwef/docs/other/54ae7068e5fcbc73bbda5a0d2ae2a2ccd4a7a0d2/repo/master/.xml/supercast/ssl_client.xml"
Generating XML supercast - ssl_client_sup "/home/pete/wefwefwef/docs/other/54ae7068e5fcbc73bbda5a0d2ae2a2ccd4a7a0d2/supercast-branch-master/supercast/src/ssl_client_sup.erl" -> "/home/pete/wefwefwef/docs/other/54ae7068e5fcbc73bbda5a0d2ae2a2ccd4a7a0d2/repo/master/.xml/supercast/ssl_client_sup.xml"
Generating XML supercast - ssl_listener "/home/pete/wefwefwef/docs/other/54ae7068e5fcbc73bbda5a0d2ae2a2ccd4a7a0d2/supercast-branch-master/supercast/src/ssl_listener.erl" -> "/home/pete/wefwefwef/docs/other/54ae7068e5fcbc73bbda5a0d2ae2a2ccd4a7a0d2/repo/master/.xml/supercast/ssl_listener.xml"
Generating XML supercast - ssl_server_sup "/home/pete/wefwefwef/docs/other/54ae7068e5fcbc73bbda5a0d2ae2a2ccd4a7a0d2/supercast-branch-master/supercast/src/ssl_server_sup.erl" -> "/home/pete/wefwefwef/docs/other/54ae7068e5fcbc73bbda5a0d2ae2a2ccd4a7a0d2/repo/master/.xml/supercast/ssl_server_sup.xml"
Generating XML supercast - supercast "/home/pete/wefwefwef/docs/other/54ae7068e5fcbc73bbda5a0d2ae2a2ccd4a7a0d2/supercast-branch-master/supercast/src/supercast.erl" -> "/home/pete/wefwefwef/docs/other/54ae7068e5fcbc73bbda5a0d2ae2a2ccd4a7a0d2/repo/master/.xml/supercast/supercast.xml"
Generating XML supercast - supercast_acctrl "/home/pete/wefwefwef/docs/other/54ae7068e5fcbc73bbda5a0d2ae2a2ccd4a7a0d2/supercast-branch-master/supercast/src/supercast_acctrl.erl" -> "/home/pete/wefwefwef/docs/other/54ae7068e5fcbc73bbda5a0d2ae2a2ccd4a7a0d2/repo/master/.xml/supercast/supercast_acctrl.xml"
Generating XML supercast - supercast_acctrl_rbac "/home/pete/wefwefwef/docs/other/54ae7068e5fcbc73bbda5a0d2ae2a2ccd4a7a0d2/supercast-branch-master/supercast/src/supercast_acctrl_rbac.erl" -> "/home/pete/wefwefwef/docs/other/54ae7068e5fcbc73bbda5a0d2ae2a2ccd4a7a0d2/repo/master/.xml/supercast/supercast_acctrl_rbac.xml"
Generating XML supercast - supercast_app "/home/pete/wefwefwef/docs/other/54ae7068e5fcbc73bbda5a0d2ae2a2ccd4a7a0d2/supercast-branch-master/supercast/src/supercast_app.erl" -> "/home/pete/wefwefwef/docs/other/54ae7068e5fcbc73bbda5a0d2ae2a2ccd4a7a0d2/repo/master/.xml/supercast/supercast_app.xml"
Generating XML supercast - supercast_auth "/home/pete/wefwefwef/docs/other/54ae7068e5fcbc73bbda5a0d2ae2a2ccd4a7a0d2/supercast-branch-master/supercast/src/supercast_auth.erl" -> "/home/pete/wefwefwef/docs/other/54ae7068e5fcbc73bbda5a0d2ae2a2ccd4a7a0d2/repo/master/.xml/supercast/supercast_auth.xml"
Generating XML supercast - supercast_auth_local "/home/pete/wefwefwef/docs/other/54ae7068e5fcbc73bbda5a0d2ae2a2ccd4a7a0d2/supercast-branch-master/supercast/src/supercast_auth_local.erl" -> "/home/pete/wefwefwef/docs/other/54ae7068e5fcbc73bbda5a0d2ae2a2ccd4a7a0d2/repo/master/.xml/supercast/supercast_auth_local.xml"
Generating XML supercast - supercast_channel "/home/pete/wefwefwef/docs/other/54ae7068e5fcbc73bbda5a0d2ae2a2ccd4a7a0d2/supercast-branch-master/supercast/src/supercast_channel.erl" -> "/home/pete/wefwefwef/docs/other/54ae7068e5fcbc73bbda5a0d2ae2a2ccd4a7a0d2/repo/master/.xml/supercast/supercast_channel.xml"
Generating XML supercast - supercast_clients_sup "/home/pete/wefwefwef/docs/other/54ae7068e5fcbc73bbda5a0d2ae2a2ccd4a7a0d2/supercast-branch-master/supercast/src/supercast_clients_sup.erl" -> "/home/pete/wefwefwef/docs/other/54ae7068e5fcbc73bbda5a0d2ae2a2ccd4a7a0d2/repo/master/.xml/supercast/supercast_clients_sup.xml"
Generating XML supercast - supercast_commander "/home/pete/wefwefwef/docs/other/54ae7068e5fcbc73bbda5a0d2ae2a2ccd4a7a0d2/supercast-branch-master/supercast/src/supercast_commander.erl" -> "/home/pete/wefwefwef/docs/other/54ae7068e5fcbc73bbda5a0d2ae2a2ccd4a7a0d2/repo/master/.xml/supercast/supercast_commander.xml"
/home/pete/wefwefwef/docs/other/54ae7068e5fcbc73bbda5a0d2ae2a2ccd4a7a0d2/supercast-branch-master/supercast/src/supercast_commander.erl, in module footer: at line 27: tag @doc not allowed here.
Error generating XML ("/home/pete/wefwefwef/docs/other/54ae7068e5fcbc73bbda5a0d2ae2a2ccd4a7a0d2/supercast-branch-master/supercast/src/supercast_commander.erl"): {'EXIT',
                                                                                                                                                                  error}
Generating XML supercast - supercast_encoder "/home/pete/wefwefwef/docs/other/54ae7068e5fcbc73bbda5a0d2ae2a2ccd4a7a0d2/supercast-branch-master/supercast/src/supercast_encoder.erl" -> "/home/pete/wefwefwef/docs/other/54ae7068e5fcbc73bbda5a0d2ae2a2ccd4a7a0d2/repo/master/.xml/supercast/supercast_encoder.xml"
Generating XML supercast - supercast_encoder_asn "/home/pete/wefwefwef/docs/other/54ae7068e5fcbc73bbda5a0d2ae2a2ccd4a7a0d2/supercast-branch-master/supercast/src/supercast_encoder_asn.erl" -> "/home/pete/wefwefwef/docs/other/54ae7068e5fcbc73bbda5a0d2ae2a2ccd4a7a0d2/repo/master/.xml/supercast/supercast_encoder_asn.xml"
Generating XML supercast - supercast_encoder_json "/home/pete/wefwefwef/docs/other/54ae7068e5fcbc73bbda5a0d2ae2a2ccd4a7a0d2/supercast-branch-master/supercast/src/supercast_encoder_json.erl" -> "/home/pete/wefwefwef/docs/other/54ae7068e5fcbc73bbda5a0d2ae2a2ccd4a7a0d2/repo/master/.xml/supercast/supercast_encoder_json.xml"
Generating XML supercast - supercast_encoder_native "/home/pete/wefwefwef/docs/other/54ae7068e5fcbc73bbda5a0d2ae2a2ccd4a7a0d2/supercast-branch-master/supercast/src/supercast_encoder_native.erl" -> "/home/pete/wefwefwef/docs/other/54ae7068e5fcbc73bbda5a0d2ae2a2ccd4a7a0d2/repo/master/.xml/supercast/supercast_encoder_native.xml"
Generating XML supercast - supercast_mpd "/home/pete/wefwefwef/docs/other/54ae7068e5fcbc73bbda5a0d2ae2a2ccd4a7a0d2/supercast-branch-master/supercast/src/supercast_mpd.erl" -> "/home/pete/wefwefwef/docs/other/54ae7068e5fcbc73bbda5a0d2ae2a2ccd4a7a0d2/repo/master/.xml/supercast/supercast_mpd.xml"
Generating XML supercast - supercast_registrar "/home/pete/wefwefwef/docs/other/54ae7068e5fcbc73bbda5a0d2ae2a2ccd4a7a0d2/supercast-branch-master/supercast/src/supercast_registrar.erl" -> "/home/pete/wefwefwef/docs/other/54ae7068e5fcbc73bbda5a0d2ae2a2ccd4a7a0d2/repo/master/.xml/supercast/supercast_registrar.xml"
Generating XML supercast - supercast_server "/home/pete/wefwefwef/docs/other/54ae7068e5fcbc73bbda5a0d2ae2a2ccd4a7a0d2/supercast-branch-master/supercast/src/supercast_server.erl" -> "/home/pete/wefwefwef/docs/other/54ae7068e5fcbc73bbda5a0d2ae2a2ccd4a7a0d2/repo/master/.xml/supercast/supercast_server.xml"
Generating XML supercast - supercast_sup "/home/pete/wefwefwef/docs/other/54ae7068e5fcbc73bbda5a0d2ae2a2ccd4a7a0d2/supercast-branch-master/supercast/src/supercast_sup.erl" -> "/home/pete/wefwefwef/docs/other/54ae7068e5fcbc73bbda5a0d2ae2a2ccd4a7a0d2/repo/master/.xml/supercast/supercast_sup.xml"
Generating XML supercast - supercast_users_xml "/home/pete/wefwefwef/docs/other/54ae7068e5fcbc73bbda5a0d2ae2a2ccd4a7a0d2/supercast-branch-master/supercast/src/supercast_users_xml.erl" -> "/home/pete/wefwefwef/docs/other/54ae7068e5fcbc73bbda5a0d2ae2a2ccd4a7a0d2/repo/master/.xml/supercast/supercast_users_xml.xml"
Generating XML supercast - tcp_client "/home/pete/wefwefwef/docs/other/54ae7068e5fcbc73bbda5a0d2ae2a2ccd4a7a0d2/supercast-branch-master/supercast/src/tcp_client.erl" -> "/home/pete/wefwefwef/docs/other/54ae7068e5fcbc73bbda5a0d2ae2a2ccd4a7a0d2/repo/master/.xml/supercast/tcp_client.xml"
Generating XML supercast - tcp_client_sup "/home/pete/wefwefwef/docs/other/54ae7068e5fcbc73bbda5a0d2ae2a2ccd4a7a0d2/supercast-branch-master/supercast/src/tcp_client_sup.erl" -> "/home/pete/wefwefwef/docs/other/54ae7068e5fcbc73bbda5a0d2ae2a2ccd4a7a0d2/repo/master/.xml/supercast/tcp_client_sup.xml"
Generating XML supercast - tcp_listener "/home/pete/wefwefwef/docs/other/54ae7068e5fcbc73bbda5a0d2ae2a2ccd4a7a0d2/supercast-branch-master/supercast/src/tcp_listener.erl" -> "/home/pete/wefwefwef/docs/other/54ae7068e5fcbc73bbda5a0d2ae2a2ccd4a7a0d2/repo/master/.xml/supercast/tcp_listener.xml"
Generating XML supercast - tcp_server_sup "/home/pete/wefwefwef/docs/other/54ae7068e5fcbc73bbda5a0d2ae2a2ccd4a7a0d2/supercast-branch-master/supercast/src/tcp_server_sup.erl" -> "/home/pete/wefwefwef/docs/other/54ae7068e5fcbc73bbda5a0d2ae2a2ccd4a7a0d2/repo/master/.xml/supercast/tcp_server_sup.xml"
Generating HTML - supercast_sup "/home/pete/wefwefwef/docs/other/54ae7068e5fcbc73bbda5a0d2ae2a2ccd4a7a0d2/repo/master/.xml/supercast/supercast_sup.xml"
Generating HTML - supercast_encoder_asn "/home/pete/wefwefwef/docs/other/54ae7068e5fcbc73bbda5a0d2ae2a2ccd4a7a0d2/repo/master/.xml/supercast/supercast_encoder_asn.xml"
Generating HTML - supercast_app "/home/pete/wefwefwef/docs/other/54ae7068e5fcbc73bbda5a0d2ae2a2ccd4a7a0d2/repo/master/.xml/supercast/supercast_app.xml"
Generating HTML - mochijson2 "/home/pete/wefwefwef/docs/other/54ae7068e5fcbc73bbda5a0d2ae2a2ccd4a7a0d2/repo/master/.xml/supercast/mochijson2.xml"
Reading XML for "/home/pete/wefwefwef/docs/other/54ae7068e5fcbc73bbda5a0d2ae2a2ccd4a7a0d2/repo/master/.xml/supercast/supercast_sup.xml"
Reading XML for "/home/pete/wefwefwef/docs/other/54ae7068e5fcbc73bbda5a0d2ae2a2ccd4a7a0d2/repo/master/.xml/supercast/supercast_encoder_asn.xml"
Reading XML for "/home/pete/wefwefwef/docs/other/54ae7068e5fcbc73bbda5a0d2ae2a2ccd4a7a0d2/repo/master/.xml/supercast/supercast_app.xml"
Reading XML for "/home/pete/wefwefwef/docs/other/54ae7068e5fcbc73bbda5a0d2ae2a2ccd4a7a0d2/repo/master/.xml/supercast/mochijson2.xml"
Reading XML for "/home/pete/wefwefwef/docs/other/54ae7068e5fcbc73bbda5a0d2ae2a2ccd4a7a0d2/repo/master/.xml/specs_supercast_encoder_asn.xml"
Reading XML for "/home/pete/wefwefwef/docs/other/54ae7068e5fcbc73bbda5a0d2ae2a2ccd4a7a0d2/repo/master/.xml/specs_supercast_sup.xml"
Reading XML for "/home/pete/wefwefwef/docs/other/54ae7068e5fcbc73bbda5a0d2ae2a2ccd4a7a0d2/repo/master/.xml/specs_supercast_app.xml"
Generating HTML - supercast_encoder_json "/home/pete/wefwefwef/docs/other/54ae7068e5fcbc73bbda5a0d2ae2a2ccd4a7a0d2/repo/master/.xml/supercast/supercast_encoder_json.xml"
Reading XML for "/home/pete/wefwefwef/docs/other/54ae7068e5fcbc73bbda5a0d2ae2a2ccd4a7a0d2/repo/master/.xml/supercast/supercast_encoder_json.xml"
Generating HTML - supercast_users_xml "/home/pete/wefwefwef/docs/other/54ae7068e5fcbc73bbda5a0d2ae2a2ccd4a7a0d2/repo/master/.xml/supercast/supercast_users_xml.xml"
Reading XML for "/home/pete/wefwefwef/docs/other/54ae7068e5fcbc73bbda5a0d2ae2a2ccd4a7a0d2/repo/master/.xml/supercast/supercast_users_xml.xml"
Generating HTML - supercast_auth "/home/pete/wefwefwef/docs/other/54ae7068e5fcbc73bbda5a0d2ae2a2ccd4a7a0d2/repo/master/.xml/supercast/supercast_auth.xml"
Reading XML for "/home/pete/wefwefwef/docs/other/54ae7068e5fcbc73bbda5a0d2ae2a2ccd4a7a0d2/repo/master/.xml/supercast/supercast_auth.xml"
Reading XML for "/home/pete/wefwefwef/docs/other/54ae7068e5fcbc73bbda5a0d2ae2a2ccd4a7a0d2/repo/master/.xml/specs_mochijson2.xml"
Generating HTML - ssl_client "/home/pete/wefwefwef/docs/other/54ae7068e5fcbc73bbda5a0d2ae2a2ccd4a7a0d2/repo/master/.xml/supercast/ssl_client.xml"
Reading XML for "/home/pete/wefwefwef/docs/other/54ae7068e5fcbc73bbda5a0d2ae2a2ccd4a7a0d2/repo/master/.xml/supercast/ssl_client.xml"
Reading XML for "/home/pete/wefwefwef/docs/other/54ae7068e5fcbc73bbda5a0d2ae2a2ccd4a7a0d2/repo/master/.xml/specs_supercast_encoder_json.xml"
Reading XML for "/home/pete/wefwefwef/docs/other/54ae7068e5fcbc73bbda5a0d2ae2a2ccd4a7a0d2/repo/master/.xml/specs_supercast_users_xml.xml"
Generating HTML - supercast_encoder_native "/home/pete/wefwefwef/docs/other/54ae7068e5fcbc73bbda5a0d2ae2a2ccd4a7a0d2/repo/master/.xml/supercast/supercast_encoder_native.xml"
Reading XML for "/home/pete/wefwefwef/docs/other/54ae7068e5fcbc73bbda5a0d2ae2a2ccd4a7a0d2/repo/master/.xml/supercast/supercast_encoder_native.xml"
Generating HTML - tcp_client "/home/pete/wefwefwef/docs/other/54ae7068e5fcbc73bbda5a0d2ae2a2ccd4a7a0d2/repo/master/.xml/supercast/tcp_client.xml"
Reading XML for "/home/pete/wefwefwef/docs/other/54ae7068e5fcbc73bbda5a0d2ae2a2ccd4a7a0d2/repo/master/.xml/supercast/tcp_client.xml"
Reading XML for "/home/pete/wefwefwef/docs/other/54ae7068e5fcbc73bbda5a0d2ae2a2ccd4a7a0d2/repo/master/.xml/specs_supercast_auth.xml"
Generating HTML - supercast_auth_local "/home/pete/wefwefwef/docs/other/54ae7068e5fcbc73bbda5a0d2ae2a2ccd4a7a0d2/repo/master/.xml/supercast/supercast_auth_local.xml"
Reading XML for "/home/pete/wefwefwef/docs/other/54ae7068e5fcbc73bbda5a0d2ae2a2ccd4a7a0d2/repo/master/.xml/supercast/supercast_auth_local.xml"
Reading XML for "/home/pete/wefwefwef/docs/other/54ae7068e5fcbc73bbda5a0d2ae2a2ccd4a7a0d2/repo/master/.xml/specs_ssl_client.xml"
Generating HTML - ssl_client_sup "/home/pete/wefwefwef/docs/other/54ae7068e5fcbc73bbda5a0d2ae2a2ccd4a7a0d2/repo/master/.xml/supercast/ssl_client_sup.xml"
Reading XML for "/home/pete/wefwefwef/docs/other/54ae7068e5fcbc73bbda5a0d2ae2a2ccd4a7a0d2/repo/master/.xml/specs_supercast_encoder_native.xml"
Reading XML for "/home/pete/wefwefwef/docs/other/54ae7068e5fcbc73bbda5a0d2ae2a2ccd4a7a0d2/repo/master/.xml/supercast/ssl_client_sup.xml"
Generating HTML - supercast_mpd "/home/pete/wefwefwef/docs/other/54ae7068e5fcbc73bbda5a0d2ae2a2ccd4a7a0d2/repo/master/.xml/supercast/supercast_mpd.xml"
Reading XML for "/home/pete/wefwefwef/docs/other/54ae7068e5fcbc73bbda5a0d2ae2a2ccd4a7a0d2/repo/master/.xml/specs_tcp_client.xml"
Reading XML for "/home/pete/wefwefwef/docs/other/54ae7068e5fcbc73bbda5a0d2ae2a2ccd4a7a0d2/repo/master/.xml/supercast/supercast_mpd.xml"
Reading XML for "/home/pete/wefwefwef/docs/other/54ae7068e5fcbc73bbda5a0d2ae2a2ccd4a7a0d2/repo/master/.xml/specs_supercast_auth_local.xml"
Generating HTML - supercast_channel "/home/pete/wefwefwef/docs/other/54ae7068e5fcbc73bbda5a0d2ae2a2ccd4a7a0d2/repo/master/.xml/supercast/supercast_channel.xml"
Reading XML for "/home/pete/wefwefwef/docs/other/54ae7068e5fcbc73bbda5a0d2ae2a2ccd4a7a0d2/repo/master/.xml/supercast/supercast_channel.xml"
Generating HTML - tcp_client_sup "/home/pete/wefwefwef/docs/other/54ae7068e5fcbc73bbda5a0d2ae2a2ccd4a7a0d2/repo/master/.xml/supercast/tcp_client_sup.xml"
Reading XML for "/home/pete/wefwefwef/docs/other/54ae7068e5fcbc73bbda5a0d2ae2a2ccd4a7a0d2/repo/master/.xml/supercast/tcp_client_sup.xml"
Reading XML for "/home/pete/wefwefwef/docs/other/54ae7068e5fcbc73bbda5a0d2ae2a2ccd4a7a0d2/repo/master/.xml/specs_ssl_client_sup.xml"
Generating HTML - ssl_listener "/home/pete/wefwefwef/docs/other/54ae7068e5fcbc73bbda5a0d2ae2a2ccd4a7a0d2/repo/master/.xml/supercast/ssl_listener.xml"
Reading XML for "/home/pete/wefwefwef/docs/other/54ae7068e5fcbc73bbda5a0d2ae2a2ccd4a7a0d2/repo/master/.xml/supercast/ssl_listener.xml"
Reading XML for "/home/pete/wefwefwef/docs/other/54ae7068e5fcbc73bbda5a0d2ae2a2ccd4a7a0d2/repo/master/.xml/specs_tcp_client_sup.xml"
Reading XML for "/home/pete/wefwefwef/docs/other/54ae7068e5fcbc73bbda5a0d2ae2a2ccd4a7a0d2/repo/master/.xml/specs_supercast_channel.xml"
Generating HTML - tcp_listener "/home/pete/wefwefwef/docs/other/54ae7068e5fcbc73bbda5a0d2ae2a2ccd4a7a0d2/repo/master/.xml/supercast/tcp_listener.xml"
Reading XML for "/home/pete/wefwefwef/docs/other/54ae7068e5fcbc73bbda5a0d2ae2a2ccd4a7a0d2/repo/master/.xml/supercast/tcp_listener.xml"
Reading XML for "/home/pete/wefwefwef/docs/other/54ae7068e5fcbc73bbda5a0d2ae2a2ccd4a7a0d2/repo/master/.xml/specs_supercast_mpd.xml"
Generating HTML - supercast_clients_sup "/home/pete/wefwefwef/docs/other/54ae7068e5fcbc73bbda5a0d2ae2a2ccd4a7a0d2/repo/master/.xml/supercast/supercast_clients_sup.xml"
Reading XML for "/home/pete/wefwefwef/docs/other/54ae7068e5fcbc73bbda5a0d2ae2a2ccd4a7a0d2/repo/master/.xml/supercast/supercast_clients_sup.xml"
Reading XML for "/home/pete/wefwefwef/docs/other/54ae7068e5fcbc73bbda5a0d2ae2a2ccd4a7a0d2/repo/master/.xml/specs_ssl_listener.xml"
Generating HTML - supercast_registrar "/home/pete/wefwefwef/docs/other/54ae7068e5fcbc73bbda5a0d2ae2a2ccd4a7a0d2/repo/master/.xml/supercast/supercast_registrar.xml"
Reading XML for "/home/pete/wefwefwef/docs/other/54ae7068e5fcbc73bbda5a0d2ae2a2ccd4a7a0d2/repo/master/.xml/supercast/supercast_registrar.xml"
Generating HTML - ssl_server_sup "/home/pete/wefwefwef/docs/other/54ae7068e5fcbc73bbda5a0d2ae2a2ccd4a7a0d2/repo/master/.xml/supercast/ssl_server_sup.xml"
Reading XML for "/home/pete/wefwefwef/docs/other/54ae7068e5fcbc73bbda5a0d2ae2a2ccd4a7a0d2/repo/master/.xml/supercast/ssl_server_sup.xml"
Reading XML for "/home/pete/wefwefwef/docs/other/54ae7068e5fcbc73bbda5a0d2ae2a2ccd4a7a0d2/repo/master/.xml/specs_tcp_listener.xml"
Reading XML for "/home/pete/wefwefwef/docs/other/54ae7068e5fcbc73bbda5a0d2ae2a2ccd4a7a0d2/repo/master/.xml/specs_supercast_clients_sup.xml"
Generating HTML - tcp_server_sup "/home/pete/wefwefwef/docs/other/54ae7068e5fcbc73bbda5a0d2ae2a2ccd4a7a0d2/repo/master/.xml/supercast/tcp_server_sup.xml"
Reading XML for "/home/pete/wefwefwef/docs/other/54ae7068e5fcbc73bbda5a0d2ae2a2ccd4a7a0d2/repo/master/.xml/supercast/tcp_server_sup.xml"
Generating HTML - supercast_encoder "/home/pete/wefwefwef/docs/other/54ae7068e5fcbc73bbda5a0d2ae2a2ccd4a7a0d2/repo/master/.xml/supercast/supercast_encoder.xml"
Reading XML for "/home/pete/wefwefwef/docs/other/54ae7068e5fcbc73bbda5a0d2ae2a2ccd4a7a0d2/repo/master/.xml/supercast/supercast_encoder.xml"
Reading XML for "/home/pete/wefwefwef/docs/other/54ae7068e5fcbc73bbda5a0d2ae2a2ccd4a7a0d2/repo/master/.xml/specs_supercast_registrar.xml"
Reading XML for "/home/pete/wefwefwef/docs/other/54ae7068e5fcbc73bbda5a0d2ae2a2ccd4a7a0d2/repo/master/.xml/specs_ssl_server_sup.xml"
Generating HTML - supercast_server "/home/pete/wefwefwef/docs/other/54ae7068e5fcbc73bbda5a0d2ae2a2ccd4a7a0d2/repo/master/.xml/supercast/supercast_server.xml"
Reading XML for "/home/pete/wefwefwef/docs/other/54ae7068e5fcbc73bbda5a0d2ae2a2ccd4a7a0d2/repo/master/.xml/supercast/supercast_server.xml"
Generating HTML - supercast "/home/pete/wefwefwef/docs/other/54ae7068e5fcbc73bbda5a0d2ae2a2ccd4a7a0d2/repo/master/.xml/supercast/supercast.xml"
Reading XML for "/home/pete/wefwefwef/docs/other/54ae7068e5fcbc73bbda5a0d2ae2a2ccd4a7a0d2/repo/master/.xml/supercast/supercast.xml"
Reading XML for "/home/pete/wefwefwef/docs/other/54ae7068e5fcbc73bbda5a0d2ae2a2ccd4a7a0d2/repo/master/.xml/specs_tcp_server_sup.xml"
Reading XML for "/home/pete/wefwefwef/docs/other/54ae7068e5fcbc73bbda5a0d2ae2a2ccd4a7a0d2/repo/master/.xml/specs_supercast_encoder.xml"
Reading XML for "/home/pete/wefwefwef/docs/other/54ae7068e5fcbc73bbda5a0d2ae2a2ccd4a7a0d2/repo/master/.xml/specs_supercast_server.xml"
Reading XML for "/home/pete/wefwefwef/docs/other/54ae7068e5fcbc73bbda5a0d2ae2a2ccd4a7a0d2/repo/master/.xml/specs_supercast.xml"
Generating HTML - supercast_acctrl "/home/pete/wefwefwef/docs/other/54ae7068e5fcbc73bbda5a0d2ae2a2ccd4a7a0d2/repo/master/.xml/supercast/supercast_acctrl.xml"
Reading XML for "/home/pete/wefwefwef/docs/other/54ae7068e5fcbc73bbda5a0d2ae2a2ccd4a7a0d2/repo/master/.xml/supercast/supercast_acctrl.xml"
Reading XML for "/home/pete/wefwefwef/docs/other/54ae7068e5fcbc73bbda5a0d2ae2a2ccd4a7a0d2/repo/master/.xml/specs_supercast_acctrl.xml"
Generating HTML - supercast_acctrl_rbac "/home/pete/wefwefwef/docs/other/54ae7068e5fcbc73bbda5a0d2ae2a2ccd4a7a0d2/repo/master/.xml/supercast/supercast_acctrl_rbac.xml"
Reading XML for "/home/pete/wefwefwef/docs/other/54ae7068e5fcbc73bbda5a0d2ae2a2ccd4a7a0d2/repo/master/.xml/supercast/supercast_acctrl_rbac.xml"
Reading XML for "/home/pete/wefwefwef/docs/other/54ae7068e5fcbc73bbda5a0d2ae2a2ccd4a7a0d2/repo/master/.xml/specs_supercast_acctrl_rbac.xml"
Creating index.html ...
Creating erldocs_index.js ...
Woot, finished in 0 Minutes 3 Seconds
 :: Discovering other repos
$ 5000  `rm -r '/home/pete/wefwefwef/docs/other/54ae7068e5fcbc73bbda5a0d2ae2a2ccd4a7a0d2/supercast-branch-master'  2>&1`
 :: Finishing up
$ 5000  `rm -r '/home/pete/wefwefwef/docs/other/54ae7068e5fcbc73bbda5a0d2ae2a2ccd4a7a0d2/supercast'  2>&1`
