 :: Extracting meta information
$ 5000  `git ls-remote --heads --tags 'https://github.com/elzor/erlang-c-driver'  2>&1`
>>> [repo] 1 branches, 0 tags
 :: Writing meta to "/home/pete/wefwefwef/docs/other/5781704993/meta.txt"
 :: Processing https://github.com/elzor/erlang-c-driver	{rev,branch,"master","e17eb7bfe339dc6bfcbd64af0c73bb9fcf4b6674",undefined,[],[]}
 :: Fetching repo code
$ cd "/home/pete/wefwefwef/docs/other/5781704993/erlang-c-driver-branch-master/erlang-c-driver"
$ infinity  `curl --fail --silent --show-error --location --output 'master.zip' 'https://github.com/elzor/erlang-c-driver/archive/master.zip'  2>&1`
$ cd "/home/pete/wefwefwef/docs/erldocs_other.git"
$ cd "/home/pete/wefwefwef/docs/other/5781704993/erlang-c-driver-branch-master/erlang-c-driver"
$ 5000  `find -P . -type l -delete  2>&1`
$ cd "/home/pete/wefwefwef/docs/erldocs_other.git"
$ cd "/home/pete/wefwefwef/docs/other/5781704993/erlang-c-driver-branch-master/erlang-c-driver"
$ 5000  `find 'erlang-c-driver-master' -mindepth 1 -maxdepth 1 -exec mv -t . -- {} +  2>&1`
$ cd "/home/pete/wefwefwef/docs/erldocs_other.git"
 :: Getting dependencies
$ cd "/home/pete/wefwefwef/docs/other/5781704993/erlang-c-driver-branch-master/erlang-c-driver"
$ 5000  `ls -1 deps/  2>&1`
$ cd "/home/pete/wefwefwef/docs/erldocs_other.git"
>>> [rebar] deps = []
 :: Generating erldocs into /home/pete/wefwefwef/docs/other/5781704993/repo/master
Building erlang-c-driver
Generating Type Specs - "/home/pete/wefwefwef/docs/other/5781704993/erlang-c-driver-branch-master/erlang-c-driver/src/complex.erl"
Generating XML for application erlang-c-driver "/home/pete/wefwefwef/docs/other/5781704993/erlang-c-driver-branch-master/erlang-c-driver" -> "/home/pete/wefwefwef/docs/other/5781704993/repo/master/.xml/erlang-c-driver"
Generated erlang-c-driver XMLs: ["/home/pete/wefwefwef/docs/other/5781704993/repo/master/.xml/erlang-c-driver/complex.xml"]
Generating HTML - complex "/home/pete/wefwefwef/docs/other/5781704993/repo/master/.xml/erlang-c-driver/complex.xml"
Reading XML for "/home/pete/wefwefwef/docs/other/5781704993/repo/master/.xml/erlang-c-driver/complex.xml"
Reading XML for "/home/pete/wefwefwef/docs/other/5781704993/repo/master/.xml/specs_complex.xml"
Creating index.html ...
Creating erldocs_index.js ...
Woot, finished in 0 Minutes 0 Seconds
 :: Discovering other repos
$ 5000  `rm -r '/home/pete/wefwefwef/docs/other/5781704993/erlang-c-driver-branch-master'  2>&1`
 :: Finishing up
$ 5000  `rm -r '/home/pete/wefwefwef/docs/other/5781704993/erlang-c-driver'  2>&1`
