 :: Extracting meta information
$ infinity  `git ls-remote --heads --tags 'https://github.com/marcelloceschia/googler'  2>&1`
>>> [repo] 1 branches, 0 tags
 :: Writing meta to "/home/pete/wefwefwef/docs/other/8783ff4d3000062731b8d90efe49cb5a/meta.txt"
 :: Processing https://github.com/marcelloceschia/googler	{rev,branch,"master","60c0b06483074173b16b01a99e157cce5a7d721e",undefined,[],[]}
 :: Fetching repo code
$ cd '/home/pete/wefwefwef/docs/other/8783ff4d3000062731b8d90efe49cb5a/googler-branch-master'
$ infinity  `curl --fail --silent --show-error --location --output repo.tar.gz 'https://codeload.github.com/marcelloceschia/googler/legacy.tar.gz/master'  2>&1`
$ cd '/home/pete/wefwefwef/docs/erldocs_other.git'
$ cd '/home/pete/wefwefwef/docs/other/8783ff4d3000062731b8d90efe49cb5a/googler-branch-master/marcelloceschia-GooglER-60c0b06'
$ 5000  `find -P . -type l -delete  2>&1`
$ cd '/home/pete/wefwefwef/docs/erldocs_other.git'
$ 5000  `mv '/home/pete/wefwefwef/docs/other/8783ff4d3000062731b8d90efe49cb5a/googler-branch-master/marcelloceschia-GooglER-60c0b06' '/home/pete/wefwefwef/docs/other/8783ff4d3000062731b8d90efe49cb5a/googler-branch-master/googler'  2>&1`
 :: Getting dependencies
$ cd '/home/pete/wefwefwef/docs/other/8783ff4d3000062731b8d90efe49cb5a/googler-branch-master/googler'
$ 5000  `ls -1 deps/  2>&1`
$ cd '/home/pete/wefwefwef/docs/erldocs_other.git'
>>> [rebar] deps = []
 :: Generating erldocs into /home/pete/wefwefwef/docs/other/8783ff4d3000062731b8d90efe49cb5a/repo/master
Building googler
Generating Type Specs - "/home/pete/wefwefwef/docs/other/8783ff4d3000062731b8d90efe49cb5a/googler-branch-master/googler/src/blogger_srv.erl"
Generating Type Specs - "/home/pete/wefwefwef/docs/other/8783ff4d3000062731b8d90efe49cb5a/googler-branch-master/googler/src/google.erl"
Generating Type Specs - "/home/pete/wefwefwef/docs/other/8783ff4d3000062731b8d90efe49cb5a/googler-branch-master/googler/src/googleatom_app.erl"
Generating Type Specs - "/home/pete/wefwefwef/docs/other/8783ff4d3000062731b8d90efe49cb5a/googler-branch-master/googler/src/googleatom_sup.erl"
Generating Type Specs - "/home/pete/wefwefwef/docs/other/8783ff4d3000062731b8d90efe49cb5a/googler-branch-master/googler/src/picasa_srv.erl"
Generating XML for application googler "/home/pete/wefwefwef/docs/other/8783ff4d3000062731b8d90efe49cb5a/googler-branch-master/googler" -> "/home/pete/wefwefwef/docs/other/8783ff4d3000062731b8d90efe49cb5a/repo/master/.xml/googler"
Generated googler XMLs: ["/home/pete/wefwefwef/docs/other/8783ff4d3000062731b8d90efe49cb5a/repo/master/.xml/googler/googleatom_app.xml",
                         "/home/pete/wefwefwef/docs/other/8783ff4d3000062731b8d90efe49cb5a/repo/master/.xml/googler/googleatom_sup.xml",
                         "/home/pete/wefwefwef/docs/other/8783ff4d3000062731b8d90efe49cb5a/repo/master/.xml/googler/picasa_srv.xml",
                         "/home/pete/wefwefwef/docs/other/8783ff4d3000062731b8d90efe49cb5a/repo/master/.xml/googler/google.xml",
                         "/home/pete/wefwefwef/docs/other/8783ff4d3000062731b8d90efe49cb5a/repo/master/.xml/googler/blogger_srv.xml"]
Generating HTML - googleatom_app "/home/pete/wefwefwef/docs/other/8783ff4d3000062731b8d90efe49cb5a/repo/master/.xml/googler/googleatom_app.xml"
Generating HTML - googleatom_sup "/home/pete/wefwefwef/docs/other/8783ff4d3000062731b8d90efe49cb5a/repo/master/.xml/googler/googleatom_sup.xml"
Generating HTML - picasa_srv "/home/pete/wefwefwef/docs/other/8783ff4d3000062731b8d90efe49cb5a/repo/master/.xml/googler/picasa_srv.xml"
Generating HTML - blogger_srv "/home/pete/wefwefwef/docs/other/8783ff4d3000062731b8d90efe49cb5a/repo/master/.xml/googler/blogger_srv.xml"
Reading XML for "/home/pete/wefwefwef/docs/other/8783ff4d3000062731b8d90efe49cb5a/repo/master/.xml/googler/googleatom_app.xml"
Reading XML for "/home/pete/wefwefwef/docs/other/8783ff4d3000062731b8d90efe49cb5a/repo/master/.xml/googler/googleatom_sup.xml"
Reading XML for "/home/pete/wefwefwef/docs/other/8783ff4d3000062731b8d90efe49cb5a/repo/master/.xml/googler/picasa_srv.xml"
Reading XML for "/home/pete/wefwefwef/docs/other/8783ff4d3000062731b8d90efe49cb5a/repo/master/.xml/googler/blogger_srv.xml"
Reading XML for "/home/pete/wefwefwef/docs/other/8783ff4d3000062731b8d90efe49cb5a/repo/master/.xml/specs_googleatom_sup.xml"
Reading XML for "/home/pete/wefwefwef/docs/other/8783ff4d3000062731b8d90efe49cb5a/repo/master/.xml/specs_googleatom_app.xml"
Reading XML for "/home/pete/wefwefwef/docs/other/8783ff4d3000062731b8d90efe49cb5a/repo/master/.xml/specs_blogger_srv.xml"
Reading XML for "/home/pete/wefwefwef/docs/other/8783ff4d3000062731b8d90efe49cb5a/repo/master/.xml/specs_picasa_srv.xml"
Generating HTML - google "/home/pete/wefwefwef/docs/other/8783ff4d3000062731b8d90efe49cb5a/repo/master/.xml/googler/google.xml"
Reading XML for "/home/pete/wefwefwef/docs/other/8783ff4d3000062731b8d90efe49cb5a/repo/master/.xml/googler/google.xml"
Reading XML for "/home/pete/wefwefwef/docs/other/8783ff4d3000062731b8d90efe49cb5a/repo/master/.xml/specs_google.xml"
Creating index.html ...
Creating erldocs_index.js ...
Woot, finished in 0 Minutes 0 Seconds
 :: Discovering other repos
$ 5000  `rm -r '/home/pete/wefwefwef/docs/other/8783ff4d3000062731b8d90efe49cb5a/googler-branch-master'  2>&1`
 :: Finishing up
$ 5000  `rm -r '/home/pete/wefwefwef/docs/other/8783ff4d3000062731b8d90efe49cb5a/googler'  2>&1`
