 :: Extracting meta information
$ 5000  `git ls-remote --heads --tags 'https://github.com/bearice/kumachan'  2>&1`
>>> [repo] 1 branches, 0 tags
 :: Writing meta to "/home/pete/wefwefwef/docs/other/1603571050/meta.txt"
 :: Processing https://github.com/bearice/kumachan	{rev,branch,"master","2b0c9dc7602b0140b166cfc1e63b4a51d34f97da",undefined,[],[]}
 :: Fetching repo code
$ cd "/home/pete/wefwefwef/docs/other/1603571050/kumachan-branch-master/kumachan"
$ infinity  `curl --fail --silent --show-error --location --output 'master.zip' 'https://github.com/bearice/kumachan/archive/master.zip'  2>&1`
$ cd "/home/pete/wefwefwef/docs/erldocs_other.git"
$ cd "/home/pete/wefwefwef/docs/other/1603571050/kumachan-branch-master/kumachan"
$ 5000  `find -P . -type l -delete  2>&1`
$ cd "/home/pete/wefwefwef/docs/erldocs_other.git"
$ cd "/home/pete/wefwefwef/docs/other/1603571050/kumachan-branch-master/kumachan"
$ 5000  `find 'kumachan-master' -mindepth 1 -maxdepth 1 -exec mv -t . -- {} +  2>&1`
$ cd "/home/pete/wefwefwef/docs/erldocs_other.git"
 :: Getting dependencies
$ cd "/home/pete/wefwefwef/docs/other/1603571050/kumachan-branch-master/kumachan"
$ 5000  `ls -1 deps/  2>&1`
$ cd "/home/pete/wefwefwef/docs/erldocs_other.git"
>>> [rebar] deps = []
 :: Generating erldocs into /home/pete/wefwefwef/docs/other/1603571050/repo/master
Building kumachan
Generating Type Specs - "/home/pete/wefwefwef/docs/other/1603571050/kumachan-branch-master/kumachan/src/http_dispatcher.erl"
Generating Type Specs - "/home/pete/wefwefwef/docs/other/1603571050/kumachan-branch-master/kumachan/src/http_server.erl"
Generating Type Specs - "/home/pete/wefwefwef/docs/other/1603571050/kumachan-branch-master/kumachan/src/websocket.erl"
Generating XML for application kumachan "/home/pete/wefwefwef/docs/other/1603571050/kumachan-branch-master/kumachan" -> "/home/pete/wefwefwef/docs/other/1603571050/repo/master/.xml/kumachan"
Generated kumachan XMLs: ["/home/pete/wefwefwef/docs/other/1603571050/repo/master/.xml/kumachan/websocket.xml",
                          "/home/pete/wefwefwef/docs/other/1603571050/repo/master/.xml/kumachan/http_dispatcher.xml",
                          "/home/pete/wefwefwef/docs/other/1603571050/repo/master/.xml/kumachan/http_server.xml"]
Generating HTML - http_server "/home/pete/wefwefwef/docs/other/1603571050/repo/master/.xml/kumachan/http_server.xml"
Reading XML for "/home/pete/wefwefwef/docs/other/1603571050/repo/master/.xml/kumachan/http_server.xml"
Reading XML for "/home/pete/wefwefwef/docs/other/1603571050/repo/master/.xml/specs_http_server.xml"
Generating HTML - http_dispatcher "/home/pete/wefwefwef/docs/other/1603571050/repo/master/.xml/kumachan/http_dispatcher.xml"
Reading XML for "/home/pete/wefwefwef/docs/other/1603571050/repo/master/.xml/kumachan/http_dispatcher.xml"
Reading XML for "/home/pete/wefwefwef/docs/other/1603571050/repo/master/.xml/specs_http_dispatcher.xml"
Generating HTML - websocket "/home/pete/wefwefwef/docs/other/1603571050/repo/master/.xml/kumachan/websocket.xml"
Reading XML for "/home/pete/wefwefwef/docs/other/1603571050/repo/master/.xml/kumachan/websocket.xml"
Reading XML for "/home/pete/wefwefwef/docs/other/1603571050/repo/master/.xml/specs_websocket.xml"
Creating index.html ...
Creating erldocs_index.js ...
Woot, finished in 0 Minutes 0 Seconds
 :: Discovering other repos
$ 5000  `rm -r '/home/pete/wefwefwef/docs/other/1603571050/kumachan-branch-master'  2>&1`
 :: Finishing up
$ 5000  `rm -r '/home/pete/wefwefwef/docs/other/1603571050/kumachan'  2>&1`
