 :: Extracting meta information
$ 5000  `git ls-remote --heads --tags 'https://github.com/camshaft/syslog-message-keyvalue'  2>&1`
>>> [repo] 1 branches, 2 tags
 :: Writing meta to "/home/pete/wefwefwef/docs/other/1948161022/meta.txt"
 :: Processing https://github.com/camshaft/syslog-message-keyvalue	{rev,tag,"0.1.0","74da1bc1306416d66607ea9dcfdd1d05f5e80f32"}
 :: Fetching repo code
$ cd "/home/pete/wefwefwef/docs/other/1948161022/syslog-message-keyvalue-tag-0.1.0/syslog-message-keyvalue"
$ infinity  `curl --fail --silent --show-error --location --output '0.1.0.zip' 'https://github.com/camshaft/syslog-message-keyvalue/archive/0.1.0.zip'  2>&1`
$ cd "/home/pete/wefwefwef/docs/erldocs_other.git"
$ cd "/home/pete/wefwefwef/docs/other/1948161022/syslog-message-keyvalue-tag-0.1.0/syslog-message-keyvalue"
$ 5000  `find -P . -type l -delete  2>&1`
$ cd "/home/pete/wefwefwef/docs/erldocs_other.git"
$ cd "/home/pete/wefwefwef/docs/other/1948161022/syslog-message-keyvalue-tag-0.1.0/syslog-message-keyvalue"
$ 5000  `find 'syslog-message-keyvalue-0.1.0' -mindepth 1 -maxdepth 1 -exec mv -t . -- {} +  2>&1`
$ cd "/home/pete/wefwefwef/docs/erldocs_other.git"
 :: Getting dependencies
$ cd "/home/pete/wefwefwef/docs/other/1948161022/syslog-message-keyvalue-tag-0.1.0/syslog-message-keyvalue"
$ 5000  `ls -1 deps/  2>&1`
$ cd "/home/pete/wefwefwef/docs/erldocs_other.git"
>>> [rebar] deps = []
 :: Generating erldocs into /home/pete/wefwefwef/docs/other/1948161022/repo/0.1.0
Building syslog-message-keyvalue
Generating Type Specs - "/home/pete/wefwefwef/docs/other/1948161022/syslog-message-keyvalue-tag-0.1.0/syslog-message-keyvalue/src/syslog_message_keyvalue.erl"
Generating XML for application syslog-message-keyvalue "/home/pete/wefwefwef/docs/other/1948161022/syslog-message-keyvalue-tag-0.1.0/syslog-message-keyvalue" -> "/home/pete/wefwefwef/docs/other/1948161022/repo/0.1.0/.xml/syslog-message-keyvalue"
/home/pete/wefwefwef/docs/other/1948161022/syslog-message-keyvalue-tag-0.1.0/syslog-message-keyvalue/src/syslog_message_keyvalue.erl, function parse/1: at line 9: warning: tag @public not recognized.
Generated syslog-message-keyvalue XMLs: ["/home/pete/wefwefwef/docs/other/1948161022/repo/0.1.0/.xml/syslog-message-keyvalue/syslog_message_keyvalue.xml"]
Generating HTML - syslog_message_keyvalue "/home/pete/wefwefwef/docs/other/1948161022/repo/0.1.0/.xml/syslog-message-keyvalue/syslog_message_keyvalue.xml"
Reading XML for "/home/pete/wefwefwef/docs/other/1948161022/repo/0.1.0/.xml/syslog-message-keyvalue/syslog_message_keyvalue.xml"
Reading XML for "/home/pete/wefwefwef/docs/other/1948161022/repo/0.1.0/.xml/specs_syslog_message_keyvalue.xml"
Creating index.html ...
Creating erldocs_index.js ...
Woot, finished in 0 Minutes 0 Seconds
 :: Discovering other repos
$ 5000  `rm -r '/home/pete/wefwefwef/docs/other/1948161022/syslog-message-keyvalue-tag-0.1.0'  2>&1`
 :: Processing https://github.com/camshaft/syslog-message-keyvalue	{rev,tag,"0.1.1","c7fd8b22952d33708aca196a4093720c628cbcf0"}
 :: Fetching repo code
$ cd "/home/pete/wefwefwef/docs/other/1948161022/syslog-message-keyvalue-tag-0.1.1/syslog-message-keyvalue"
$ infinity  `curl --fail --silent --show-error --location --output '0.1.1.zip' 'https://github.com/camshaft/syslog-message-keyvalue/archive/0.1.1.zip'  2>&1`
$ cd "/home/pete/wefwefwef/docs/erldocs_other.git"
$ cd "/home/pete/wefwefwef/docs/other/1948161022/syslog-message-keyvalue-tag-0.1.1/syslog-message-keyvalue"
$ 5000  `find -P . -type l -delete  2>&1`
$ cd "/home/pete/wefwefwef/docs/erldocs_other.git"
$ cd "/home/pete/wefwefwef/docs/other/1948161022/syslog-message-keyvalue-tag-0.1.1/syslog-message-keyvalue"
$ 5000  `find 'syslog-message-keyvalue-0.1.1' -mindepth 1 -maxdepth 1 -exec mv -t . -- {} +  2>&1`
$ cd "/home/pete/wefwefwef/docs/erldocs_other.git"
 :: Getting dependencies
$ cd "/home/pete/wefwefwef/docs/other/1948161022/syslog-message-keyvalue-tag-0.1.1/syslog-message-keyvalue"
$ 5000  `ls -1 deps/  2>&1`
$ cd "/home/pete/wefwefwef/docs/erldocs_other.git"
>>> [rebar] deps = []
 :: Generating erldocs into /home/pete/wefwefwef/docs/other/1948161022/repo/0.1.1
Building syslog-message-keyvalue
Generating Type Specs - "/home/pete/wefwefwef/docs/other/1948161022/syslog-message-keyvalue-tag-0.1.1/syslog-message-keyvalue/src/syslog_message_keyvalue.erl"
Generating XML for application syslog-message-keyvalue "/home/pete/wefwefwef/docs/other/1948161022/syslog-message-keyvalue-tag-0.1.1/syslog-message-keyvalue" -> "/home/pete/wefwefwef/docs/other/1948161022/repo/0.1.1/.xml/syslog-message-keyvalue"
/home/pete/wefwefwef/docs/other/1948161022/syslog-message-keyvalue-tag-0.1.1/syslog-message-keyvalue/src/syslog_message_keyvalue.erl, function parse/1: at line 9: warning: tag @public not recognized.
Generated syslog-message-keyvalue XMLs: ["/home/pete/wefwefwef/docs/other/1948161022/repo/0.1.1/.xml/syslog-message-keyvalue/syslog_message_keyvalue.xml"]
Generating HTML - syslog_message_keyvalue "/home/pete/wefwefwef/docs/other/1948161022/repo/0.1.1/.xml/syslog-message-keyvalue/syslog_message_keyvalue.xml"
Reading XML for "/home/pete/wefwefwef/docs/other/1948161022/repo/0.1.1/.xml/syslog-message-keyvalue/syslog_message_keyvalue.xml"
Reading XML for "/home/pete/wefwefwef/docs/other/1948161022/repo/0.1.1/.xml/specs_syslog_message_keyvalue.xml"
Creating index.html ...
Creating erldocs_index.js ...
Woot, finished in 0 Minutes 0 Seconds
 :: Discovering other repos
$ 5000  `rm -r '/home/pete/wefwefwef/docs/other/1948161022/syslog-message-keyvalue-tag-0.1.1'  2>&1`
 :: Processing https://github.com/camshaft/syslog-message-keyvalue	{rev,branch,"master","a5d751a1b2648b6553eef361a264d0ee386ba058"}
 :: Fetching repo code
$ cd "/home/pete/wefwefwef/docs/other/1948161022/syslog-message-keyvalue-branch-master/syslog-message-keyvalue"
$ infinity  `curl --fail --silent --show-error --location --output 'master.zip' 'https://github.com/camshaft/syslog-message-keyvalue/archive/master.zip'  2>&1`
$ cd "/home/pete/wefwefwef/docs/erldocs_other.git"
$ cd "/home/pete/wefwefwef/docs/other/1948161022/syslog-message-keyvalue-branch-master/syslog-message-keyvalue"
$ 5000  `find -P . -type l -delete  2>&1`
$ cd "/home/pete/wefwefwef/docs/erldocs_other.git"
$ cd "/home/pete/wefwefwef/docs/other/1948161022/syslog-message-keyvalue-branch-master/syslog-message-keyvalue"
$ 5000  `find 'syslog-message-keyvalue-master' -mindepth 1 -maxdepth 1 -exec mv -t . -- {} +  2>&1`
$ cd "/home/pete/wefwefwef/docs/erldocs_other.git"
 :: Getting dependencies
$ cd "/home/pete/wefwefwef/docs/other/1948161022/syslog-message-keyvalue-branch-master/syslog-message-keyvalue"
$ 5000  `ls -1 deps/  2>&1`
$ cd "/home/pete/wefwefwef/docs/erldocs_other.git"
>>> [rebar] deps = []
 :: Generating erldocs into /home/pete/wefwefwef/docs/other/1948161022/repo/master
Building syslog-message-keyvalue
Generating Type Specs - "/home/pete/wefwefwef/docs/other/1948161022/syslog-message-keyvalue-branch-master/syslog-message-keyvalue/src/syslog_message_keyvalue.erl"
Generating XML for application syslog-message-keyvalue "/home/pete/wefwefwef/docs/other/1948161022/syslog-message-keyvalue-branch-master/syslog-message-keyvalue" -> "/home/pete/wefwefwef/docs/other/1948161022/repo/master/.xml/syslog-message-keyvalue"
/home/pete/wefwefwef/docs/other/1948161022/syslog-message-keyvalue-branch-master/syslog-message-keyvalue/src/syslog_message_keyvalue.erl, function parse/1: at line 9: warning: tag @public not recognized.
Generated syslog-message-keyvalue XMLs: ["/home/pete/wefwefwef/docs/other/1948161022/repo/master/.xml/syslog-message-keyvalue/syslog_message_keyvalue.xml"]
Generating HTML - syslog_message_keyvalue "/home/pete/wefwefwef/docs/other/1948161022/repo/master/.xml/syslog-message-keyvalue/syslog_message_keyvalue.xml"
Reading XML for "/home/pete/wefwefwef/docs/other/1948161022/repo/master/.xml/syslog-message-keyvalue/syslog_message_keyvalue.xml"
Reading XML for "/home/pete/wefwefwef/docs/other/1948161022/repo/master/.xml/specs_syslog_message_keyvalue.xml"
Creating index.html ...
Creating erldocs_index.js ...
Woot, finished in 0 Minutes 0 Seconds
 :: Discovering other repos
$ 5000  `rm -r '/home/pete/wefwefwef/docs/other/1948161022/syslog-message-keyvalue-branch-master'  2>&1`
 :: Erldocs finishing up
$ 5000  `rm -r '/home/pete/wefwefwef/docs/other/1948161022/syslog-message-keyvalue'  2>&1`
