 :: Extracting meta information
$ infinity  `git ls-remote --heads --tags 'https://github.com/gburd/abets'  2>&1`
>>> [repo] 2 branches, 0 tags
 :: Writing meta to "/home/pete/wefwefwef/docs/other/0803d542a46bf230e4079108313a21e3a1d76272/meta.txt"
 :: Processing https://github.com/gburd/abets	{rev,branch,"master","f42b313c292aa4536a0072910ac84737e77698ff",undefined,[],[]}
 :: Fetching repo code
$ cd '/home/pete/wefwefwef/docs/other/0803d542a46bf230e4079108313a21e3a1d76272/abets-branch-master'
$ infinity  `curl --fail --silent --show-error --location --output repo.tar.gz 'https://codeload.github.com/gburd/abets/tar.gz/master'  2>&1`
$ cd '/home/pete/wefwefwef/docs/erldocs_other.git'
$ cd '/home/pete/wefwefwef/docs/other/0803d542a46bf230e4079108313a21e3a1d76272/abets-branch-master/abets-master'
$ 5000  `find -P . -type l -delete  2>&1`
$ cd '/home/pete/wefwefwef/docs/erldocs_other.git'
$ 5000  `mv '/home/pete/wefwefwef/docs/other/0803d542a46bf230e4079108313a21e3a1d76272/abets-branch-master/abets-master' '/home/pete/wefwefwef/docs/other/0803d542a46bf230e4079108313a21e3a1d76272/abets-branch-master/abets'  2>&1`
 :: Getting dependencies
$ cd '/home/pete/wefwefwef/docs/other/0803d542a46bf230e4079108313a21e3a1d76272/abets-branch-master/abets'
$ 5000  `ls -1 deps/  2>&1`
$ cd '/home/pete/wefwefwef/docs/erldocs_other.git'
>>> [rebar] deps = []
 :: Generating erldocs into /home/pete/wefwefwef/docs/other/0803d542a46bf230e4079108313a21e3a1d76272/repo/master
Building abets
Generating Type Specs - "/home/pete/wefwefwef/docs/other/0803d542a46bf230e4079108313a21e3a1d76272/abets-branch-master/abets/src/abets.erl"
Generating XML for application abets "/home/pete/wefwefwef/docs/other/0803d542a46bf230e4079108313a21e3a1d76272/abets-branch-master/abets" -> "/home/pete/wefwefwef/docs/other/0803d542a46bf230e4079108313a21e3a1d76272/repo/master/.xml/abets"
Generated abets XMLs: ["/home/pete/wefwefwef/docs/other/0803d542a46bf230e4079108313a21e3a1d76272/repo/master/.xml/abets/abets.xml"]
Generating HTML - abets "/home/pete/wefwefwef/docs/other/0803d542a46bf230e4079108313a21e3a1d76272/repo/master/.xml/abets/abets.xml"
Reading XML for "/home/pete/wefwefwef/docs/other/0803d542a46bf230e4079108313a21e3a1d76272/repo/master/.xml/abets/abets.xml"
Reading XML for "/home/pete/wefwefwef/docs/other/0803d542a46bf230e4079108313a21e3a1d76272/repo/master/.xml/specs_abets.xml"
Creating index.html ...
Creating erldocs_index.js ...
Woot, finished in 0 Minutes 0 Seconds
 :: Discovering other repos
$ 5000  `rm -r '/home/pete/wefwefwef/docs/other/0803d542a46bf230e4079108313a21e3a1d76272/abets-branch-master'  2>&1`
 :: Processing https://github.com/gburd/abets	{rev,branch,"beta","fe614070d5293b1901c1d3ced9a603640d6ebbec",undefined,[],[]}
 :: Fetching repo code
$ cd '/home/pete/wefwefwef/docs/other/0803d542a46bf230e4079108313a21e3a1d76272/abets-branch-beta'
$ infinity  `curl --fail --silent --show-error --location --output repo.tar.gz 'https://codeload.github.com/gburd/abets/tar.gz/beta'  2>&1`
$ cd '/home/pete/wefwefwef/docs/erldocs_other.git'
$ cd '/home/pete/wefwefwef/docs/other/0803d542a46bf230e4079108313a21e3a1d76272/abets-branch-beta/abets-beta'
$ 5000  `find -P . -type l -delete  2>&1`
$ cd '/home/pete/wefwefwef/docs/erldocs_other.git'
$ 5000  `mv '/home/pete/wefwefwef/docs/other/0803d542a46bf230e4079108313a21e3a1d76272/abets-branch-beta/abets-beta' '/home/pete/wefwefwef/docs/other/0803d542a46bf230e4079108313a21e3a1d76272/abets-branch-beta/abets'  2>&1`
 :: Getting dependencies
 :: Generating erldocs into /home/pete/wefwefwef/docs/other/0803d542a46bf230e4079108313a21e3a1d76272/repo/beta
Building abets
Generating Type Specs - "/home/pete/wefwefwef/docs/other/0803d542a46bf230e4079108313a21e3a1d76272/abets-branch-beta/abets/src/abets.erl"
/home/pete/wefwefwef/docs/other/0803d542a46bf230e4079108313a21e3a1d76272/abets-branch-beta/abets/src/abets.erl: at line 300: syntax error before: ';'
EDoc could not process file '/home/pete/wefwefwef/docs/other/0803d542a46bf230e4079108313a21e3a1d76272/abets-branch-beta/abets/src/abets.erl'
Error generating type specs for "/home/pete/wefwefwef/docs/other/0803d542a46bf230e4079108313a21e3a1d76272/abets-branch-beta/abets/src/abets.erl"
Generating Type Specs - "/home/pete/wefwefwef/docs/other/0803d542a46bf230e4079108313a21e3a1d76272/abets-branch-beta/abets/src/myapp_app.erl"
Generating Type Specs - "/home/pete/wefwefwef/docs/other/0803d542a46bf230e4079108313a21e3a1d76272/abets-branch-beta/abets/src/myapp_sup.erl"
Generating Type Specs - "/home/pete/wefwefwef/docs/other/0803d542a46bf230e4079108313a21e3a1d76272/abets-branch-beta/abets/src/tst.erl"
Generating XML for application abets "/home/pete/wefwefwef/docs/other/0803d542a46bf230e4079108313a21e3a1d76272/abets-branch-beta/abets" -> "/home/pete/wefwefwef/docs/other/0803d542a46bf230e4079108313a21e3a1d76272/repo/beta/.xml/abets"
/home/pete/wefwefwef/docs/other/0803d542a46bf230e4079108313a21e3a1d76272/abets-branch-beta/abets/src/abets.erl: at line 300: syntax error before: ';'
edoc: skipping source file '/home/pete/wefwefwef/docs/other/0803d542a46bf230e4079108313a21e3a1d76272/abets-branch-beta/abets/src/abets.erl': {'EXIT',
                                                                                                                                        error}.
edoc: error in doclet 'edoc_doclet': {'EXIT',error}.
Error generating abets XMLs. Using fallback ...
Generating XML abets - abets "/home/pete/wefwefwef/docs/other/0803d542a46bf230e4079108313a21e3a1d76272/abets-branch-beta/abets/src/abets.erl" -> "/home/pete/wefwefwef/docs/other/0803d542a46bf230e4079108313a21e3a1d76272/repo/beta/.xml/abets/abets.xml"
/home/pete/wefwefwef/docs/other/0803d542a46bf230e4079108313a21e3a1d76272/abets-branch-beta/abets/src/abets.erl: at line 300: syntax error before: ';'
Error generating XML ("/home/pete/wefwefwef/docs/other/0803d542a46bf230e4079108313a21e3a1d76272/abets-branch-beta/abets/src/abets.erl"): {'EXIT',
                                                                                                                                          error}
Generating XML abets - myapp_app "/home/pete/wefwefwef/docs/other/0803d542a46bf230e4079108313a21e3a1d76272/abets-branch-beta/abets/src/myapp_app.erl" -> "/home/pete/wefwefwef/docs/other/0803d542a46bf230e4079108313a21e3a1d76272/repo/beta/.xml/abets/myapp_app.xml"
Generating XML abets - myapp_sup "/home/pete/wefwefwef/docs/other/0803d542a46bf230e4079108313a21e3a1d76272/abets-branch-beta/abets/src/myapp_sup.erl" -> "/home/pete/wefwefwef/docs/other/0803d542a46bf230e4079108313a21e3a1d76272/repo/beta/.xml/abets/myapp_sup.xml"
Generating XML abets - tst "/home/pete/wefwefwef/docs/other/0803d542a46bf230e4079108313a21e3a1d76272/abets-branch-beta/abets/src/tst.erl" -> "/home/pete/wefwefwef/docs/other/0803d542a46bf230e4079108313a21e3a1d76272/repo/beta/.xml/abets/tst.xml"
Generating HTML - myapp_app "/home/pete/wefwefwef/docs/other/0803d542a46bf230e4079108313a21e3a1d76272/repo/beta/.xml/abets/myapp_app.xml"
Reading XML for "/home/pete/wefwefwef/docs/other/0803d542a46bf230e4079108313a21e3a1d76272/repo/beta/.xml/abets/myapp_app.xml"
Reading XML for "/home/pete/wefwefwef/docs/other/0803d542a46bf230e4079108313a21e3a1d76272/repo/beta/.xml/specs_myapp_app.xml"
Generating HTML - myapp_sup "/home/pete/wefwefwef/docs/other/0803d542a46bf230e4079108313a21e3a1d76272/repo/beta/.xml/abets/myapp_sup.xml"
Reading XML for "/home/pete/wefwefwef/docs/other/0803d542a46bf230e4079108313a21e3a1d76272/repo/beta/.xml/abets/myapp_sup.xml"
Reading XML for "/home/pete/wefwefwef/docs/other/0803d542a46bf230e4079108313a21e3a1d76272/repo/beta/.xml/specs_myapp_sup.xml"
Generating HTML - tst "/home/pete/wefwefwef/docs/other/0803d542a46bf230e4079108313a21e3a1d76272/repo/beta/.xml/abets/tst.xml"
Reading XML for "/home/pete/wefwefwef/docs/other/0803d542a46bf230e4079108313a21e3a1d76272/repo/beta/.xml/abets/tst.xml"
Reading XML for "/home/pete/wefwefwef/docs/other/0803d542a46bf230e4079108313a21e3a1d76272/repo/beta/.xml/specs_tst.xml"
Creating index.html ...
Creating erldocs_index.js ...
Woot, finished in 0 Minutes 0 Seconds
 :: Discovering other repos
$ 5000  `rm -r '/home/pete/wefwefwef/docs/other/0803d542a46bf230e4079108313a21e3a1d76272/abets-branch-beta'  2>&1`
 :: Finishing up
$ 5000  `rm -r '/home/pete/wefwefwef/docs/other/0803d542a46bf230e4079108313a21e3a1d76272/abets'  2>&1`
