 :: Extracting meta information
$ 5000  `git ls-remote --heads --tags 'https://github.com/happypancake/fdb-erlang'  2>&1`
>>> [repo] 2 branches, 0 tags
 :: Writing meta to "/home/pete/wefwefwef/docs/other/9400913650/meta.txt"
 :: Processing https://github.com/happypancake/fdb-erlang	{rev,branch,"master","88ec6f7191a763a1253fbe2d2ef841c27514ca6c"}
 :: Fetching repo code
$ cd "/home/pete/wefwefwef/docs/other/9400913650/fdb-erlang-branch-master/fdb-erlang"
$ infinity  `curl --fail --silent --show-error --location --output 'master.zip' 'https://github.com/happypancake/fdb-erlang/archive/master.zip'  2>&1`
$ cd "/home/pete/wefwefwef/docs/erldocs_other.git"
$ cd "/home/pete/wefwefwef/docs/other/9400913650/fdb-erlang-branch-master/fdb-erlang"
$ 5000  `find -P . -type l -delete  2>&1`
$ cd "/home/pete/wefwefwef/docs/erldocs_other.git"
$ cd "/home/pete/wefwefwef/docs/other/9400913650/fdb-erlang-branch-master/fdb-erlang"
$ 5000  `find 'fdb-erlang-master' -mindepth 1 -maxdepth 1 -exec mv -t . -- {} +  2>&1`
$ cd "/home/pete/wefwefwef/docs/erldocs_other.git"
 :: Getting dependencies
$ cd "/home/pete/wefwefwef/docs/other/9400913650/fdb-erlang-branch-master/fdb-erlang"
$ 5000  `ls -1 deps/  2>&1`
$ cd "/home/pete/wefwefwef/docs/erldocs_other.git"
>>> [rebar] deps = []
 :: Generating erldocs into /home/pete/wefwefwef/docs/other/9400913650/repo/master
Building fdb-erlang
Generating Type Specs - "/home/pete/wefwefwef/docs/other/9400913650/fdb-erlang-branch-master/fdb-erlang/src/fdb.erl"
Generating Type Specs - "/home/pete/wefwefwef/docs/other/9400913650/fdb-erlang-branch-master/fdb-erlang/src/fdb_nif.erl"
Generating Type Specs - "/home/pete/wefwefwef/docs/other/9400913650/fdb-erlang-branch-master/fdb-erlang/src/gen_fdb.erl"
Generating Type Specs - "/home/pete/wefwefwef/docs/other/9400913650/fdb-erlang-branch-master/fdb-erlang/src/maybe.erl"
Generating Type Specs - "/home/pete/wefwefwef/docs/other/9400913650/fdb-erlang-branch-master/fdb-erlang/src/stress_test.erl"
Generating Type Specs - "/home/pete/wefwefwef/docs/other/9400913650/fdb-erlang-branch-master/fdb-erlang/src/tuple.erl"
Generating XML for application fdb-erlang "/home/pete/wefwefwef/docs/other/9400913650/fdb-erlang-branch-master/fdb-erlang" -> "/home/pete/wefwefwef/docs/other/9400913650/repo/master/.xml/fdb-erlang"
/home/pete/wefwefwef/docs/other/9400913650/fdb-erlang-branch-master/fdb-erlang/src/fdb.erl, function init/0: at line 33: `-quote ended unexpectedly at line 33
edoc: skipping source file '/home/pete/wefwefwef/docs/other/9400913650/fdb-erlang-branch-master/fdb-erlang/src/fdb.erl': {'EXIT',
                                                                                                                    error}.
edoc: error in doclet 'edoc_doclet': {'EXIT',error}.
Error generating fdb-erlang XMLs. Using fallback ...
Generating XML fdb-erlang - fdb "/home/pete/wefwefwef/docs/other/9400913650/fdb-erlang-branch-master/fdb-erlang/src/fdb.erl" -> "/home/pete/wefwefwef/docs/other/9400913650/repo/master/.xml/fdb-erlang/fdb.xml"
/home/pete/wefwefwef/docs/other/9400913650/fdb-erlang-branch-master/fdb-erlang/src/fdb.erl, function init/0: at line 33: `-quote ended unexpectedly at line 33
Error generating XML ("/home/pete/wefwefwef/docs/other/9400913650/fdb-erlang-branch-master/fdb-erlang/src/fdb.erl"): {'EXIT',
                                                                                                                      error}
Generating XML fdb-erlang - fdb_nif "/home/pete/wefwefwef/docs/other/9400913650/fdb-erlang-branch-master/fdb-erlang/src/fdb_nif.erl" -> "/home/pete/wefwefwef/docs/other/9400913650/repo/master/.xml/fdb-erlang/fdb_nif.xml"
Generating XML fdb-erlang - gen_fdb "/home/pete/wefwefwef/docs/other/9400913650/fdb-erlang-branch-master/fdb-erlang/src/gen_fdb.erl" -> "/home/pete/wefwefwef/docs/other/9400913650/repo/master/.xml/fdb-erlang/gen_fdb.xml"
Generating XML fdb-erlang - maybe "/home/pete/wefwefwef/docs/other/9400913650/fdb-erlang-branch-master/fdb-erlang/src/maybe.erl" -> "/home/pete/wefwefwef/docs/other/9400913650/repo/master/.xml/fdb-erlang/maybe.xml"
Generating XML fdb-erlang - stress_test "/home/pete/wefwefwef/docs/other/9400913650/fdb-erlang-branch-master/fdb-erlang/src/stress_test.erl" -> "/home/pete/wefwefwef/docs/other/9400913650/repo/master/.xml/fdb-erlang/stress_test.xml"
Generating XML fdb-erlang - tuple "/home/pete/wefwefwef/docs/other/9400913650/fdb-erlang-branch-master/fdb-erlang/src/tuple.erl" -> "/home/pete/wefwefwef/docs/other/9400913650/repo/master/.xml/fdb-erlang/tuple.xml"
Generating HTML - fdb_nif "/home/pete/wefwefwef/docs/other/9400913650/repo/master/.xml/fdb-erlang/fdb_nif.xml"
Generating HTML - tuple "/home/pete/wefwefwef/docs/other/9400913650/repo/master/.xml/fdb-erlang/tuple.xml"
Generating HTML - maybe "/home/pete/wefwefwef/docs/other/9400913650/repo/master/.xml/fdb-erlang/maybe.xml"
Generating HTML - stress_test "/home/pete/wefwefwef/docs/other/9400913650/repo/master/.xml/fdb-erlang/stress_test.xml"
Reading XML for "/home/pete/wefwefwef/docs/other/9400913650/repo/master/.xml/fdb-erlang/fdb_nif.xml"
Reading XML for "/home/pete/wefwefwef/docs/other/9400913650/repo/master/.xml/fdb-erlang/tuple.xml"
Reading XML for "/home/pete/wefwefwef/docs/other/9400913650/repo/master/.xml/fdb-erlang/maybe.xml"
Reading XML for "/home/pete/wefwefwef/docs/other/9400913650/repo/master/.xml/fdb-erlang/stress_test.xml"
Reading XML for "/home/pete/wefwefwef/docs/other/9400913650/repo/master/.xml/specs_tuple.xml"
Reading XML for "/home/pete/wefwefwef/docs/other/9400913650/repo/master/.xml/specs_fdb_nif.xml"
Generating HTML - gen_fdb "/home/pete/wefwefwef/docs/other/9400913650/repo/master/.xml/fdb-erlang/gen_fdb.xml"
Reading XML for "/home/pete/wefwefwef/docs/other/9400913650/repo/master/.xml/fdb-erlang/gen_fdb.xml"
Reading XML for "/home/pete/wefwefwef/docs/other/9400913650/repo/master/.xml/specs_stress_test.xml"
Reading XML for "/home/pete/wefwefwef/docs/other/9400913650/repo/master/.xml/specs_maybe.xml"
Reading XML for "/home/pete/wefwefwef/docs/other/9400913650/repo/master/.xml/specs_gen_fdb.xml"
Creating index.html ...
Creating erldocs_index.js ...
Woot, finished in 0 Minutes 0 Seconds
 :: Discovering other repos
$ 5000  `rm -r '/home/pete/wefwefwef/docs/other/9400913650/fdb-erlang-branch-master'  2>&1`
 :: Processing https://github.com/happypancake/fdb-erlang	{rev,branch,"transact_decorator","63d086fa64179428e93fe12c0d2f773579e25cf0"}
 :: Fetching repo code
$ cd "/home/pete/wefwefwef/docs/other/9400913650/fdb-erlang-branch-transact_decorator/fdb-erlang"
$ infinity  `curl --fail --silent --show-error --location --output 'transact_decorator.zip' 'https://github.com/happypancake/fdb-erlang/archive/transact_decorator.zip'  2>&1`
$ cd "/home/pete/wefwefwef/docs/erldocs_other.git"
$ cd "/home/pete/wefwefwef/docs/other/9400913650/fdb-erlang-branch-transact_decorator/fdb-erlang"
$ 5000  `find -P . -type l -delete  2>&1`
$ cd "/home/pete/wefwefwef/docs/erldocs_other.git"
$ cd "/home/pete/wefwefwef/docs/other/9400913650/fdb-erlang-branch-transact_decorator/fdb-erlang"
$ 5000  `find 'fdb-erlang-transact_decorator' -mindepth 1 -maxdepth 1 -exec mv -t . -- {} +  2>&1`
$ cd "/home/pete/wefwefwef/docs/erldocs_other.git"
 :: Getting dependencies
$ cd "/home/pete/wefwefwef/docs/other/9400913650/fdb-erlang-branch-transact_decorator/fdb-erlang"
$ 5000  `ls -1 deps/  2>&1`
$ cd "/home/pete/wefwefwef/docs/erldocs_other.git"
>>> [rebar] deps = []
 :: Generating erldocs into /home/pete/wefwefwef/docs/other/9400913650/repo/transact_decorator
Building fdb-erlang
Generating Type Specs - "/home/pete/wefwefwef/docs/other/9400913650/fdb-erlang-branch-transact_decorator/fdb-erlang/src/fdb.erl"
Generating Type Specs - "/home/pete/wefwefwef/docs/other/9400913650/fdb-erlang-branch-transact_decorator/fdb-erlang/src/fdb_nif.erl"
Generating XML for application fdb-erlang "/home/pete/wefwefwef/docs/other/9400913650/fdb-erlang-branch-transact_decorator/fdb-erlang" -> "/home/pete/wefwefwef/docs/other/9400913650/repo/transact_decorator/.xml/fdb-erlang"
Generated fdb-erlang XMLs: ["/home/pete/wefwefwef/docs/other/9400913650/repo/transact_decorator/.xml/fdb-erlang/fdb.xml",
                            "/home/pete/wefwefwef/docs/other/9400913650/repo/transact_decorator/.xml/fdb-erlang/fdb_nif.xml"]
Generating HTML - fdb_nif "/home/pete/wefwefwef/docs/other/9400913650/repo/transact_decorator/.xml/fdb-erlang/fdb_nif.xml"
Reading XML for "/home/pete/wefwefwef/docs/other/9400913650/repo/transact_decorator/.xml/fdb-erlang/fdb_nif.xml"
Reading XML for "/home/pete/wefwefwef/docs/other/9400913650/repo/transact_decorator/.xml/specs_fdb_nif.xml"
Generating HTML - fdb "/home/pete/wefwefwef/docs/other/9400913650/repo/transact_decorator/.xml/fdb-erlang/fdb.xml"
Reading XML for "/home/pete/wefwefwef/docs/other/9400913650/repo/transact_decorator/.xml/fdb-erlang/fdb.xml"
Reading XML for "/home/pete/wefwefwef/docs/other/9400913650/repo/transact_decorator/.xml/specs_fdb.xml"
Creating index.html ...
Creating erldocs_index.js ...
Woot, finished in 0 Minutes 0 Seconds
 :: Discovering other repos
$ 5000  `rm -r '/home/pete/wefwefwef/docs/other/9400913650/fdb-erlang-branch-transact_decorator'  2>&1`
 :: Erldocs finishing up
$ 5000  `rm -r '/home/pete/wefwefwef/docs/other/9400913650/fdb-erlang'  2>&1`
