 :: Extracting meta information
$ 5000  `git ls-remote --heads --tags 'https://github.com/ivlis/sproc'  2>&1`
>>> [repo] 1 branches, 0 tags
 :: Writing meta to "/home/pete/wefwefwef/docs/other/4750909627/meta.txt"
 :: Processing https://github.com/ivlis/sproc	{rev,branch,"master","0062ba30aa4a8d3c1509d5f955c8d8081c6be557"}
 :: Fetching repo code
$ cd "/home/pete/wefwefwef/docs/other/4750909627/sproc-branch-master/sproc"
$ infinity  `curl --fail --silent --show-error --location --output 'master.zip' 'https://github.com/ivlis/sproc/archive/master.zip'  2>&1`
$ cd "/home/pete/wefwefwef/docs/erldocs_other.git"
$ cd "/home/pete/wefwefwef/docs/other/4750909627/sproc-branch-master/sproc"
$ 5000  `find -P . -type l -delete  2>&1`
$ cd "/home/pete/wefwefwef/docs/erldocs_other.git"
$ cd "/home/pete/wefwefwef/docs/other/4750909627/sproc-branch-master/sproc"
$ 5000  `find 'sproc-master' -mindepth 1 -maxdepth 1 -exec mv -t . -- {} +  2>&1`
$ cd "/home/pete/wefwefwef/docs/erldocs_other.git"
 :: Getting dependencies
$ cd "/home/pete/wefwefwef/docs/other/4750909627/sproc-branch-master/sproc"
$ 5000  `ls -1 deps/  2>&1`
$ cd "/home/pete/wefwefwef/docs/erldocs_other.git"
>>> [rebar] deps = []
 :: Generating erldocs into /home/pete/wefwefwef/docs/other/4750909627/repo/master
Building sproc
Generating Type Specs - "/home/pete/wefwefwef/docs/other/4750909627/sproc-branch-master/sproc/src/sproc.erl"
Generating Type Specs - "/home/pete/wefwefwef/docs/other/4750909627/sproc-branch-master/sproc/src/sproc_app.erl"
Generating Type Specs - "/home/pete/wefwefwef/docs/other/4750909627/sproc-branch-master/sproc/src/sproc_srv.erl"
Generating Type Specs - "/home/pete/wefwefwef/docs/other/4750909627/sproc-branch-master/sproc/src/sproc_sup.erl"
Generating XML for application sproc "/home/pete/wefwefwef/docs/other/4750909627/sproc-branch-master/sproc" -> "/home/pete/wefwefwef/docs/other/4750909627/repo/master/.xml/sproc"
Generated sproc XMLs: ["/home/pete/wefwefwef/docs/other/4750909627/repo/master/.xml/sproc/sproc_app.xml",
                       "/home/pete/wefwefwef/docs/other/4750909627/repo/master/.xml/sproc/sproc.xml",
                       "/home/pete/wefwefwef/docs/other/4750909627/repo/master/.xml/sproc/sproc_srv.xml",
                       "/home/pete/wefwefwef/docs/other/4750909627/repo/master/.xml/sproc/sproc_sup.xml"]
Generating HTML - sproc_app "/home/pete/wefwefwef/docs/other/4750909627/repo/master/.xml/sproc/sproc_app.xml"
Generating HTML - sproc "/home/pete/wefwefwef/docs/other/4750909627/repo/master/.xml/sproc/sproc.xml"
Generating HTML - sproc_srv "/home/pete/wefwefwef/docs/other/4750909627/repo/master/.xml/sproc/sproc_srv.xml"
Generating HTML - sproc_sup "/home/pete/wefwefwef/docs/other/4750909627/repo/master/.xml/sproc/sproc_sup.xml"
Reading XML for "/home/pete/wefwefwef/docs/other/4750909627/repo/master/.xml/sproc/sproc_app.xml"
Reading XML for "/home/pete/wefwefwef/docs/other/4750909627/repo/master/.xml/sproc/sproc.xml"
Reading XML for "/home/pete/wefwefwef/docs/other/4750909627/repo/master/.xml/sproc/sproc_srv.xml"
Reading XML for "/home/pete/wefwefwef/docs/other/4750909627/repo/master/.xml/sproc/sproc_sup.xml"
Reading XML for "/home/pete/wefwefwef/docs/other/4750909627/repo/master/.xml/specs_sproc_app.xml"
Reading XML for "/home/pete/wefwefwef/docs/other/4750909627/repo/master/.xml/specs_sproc_srv.xml"
Reading XML for "/home/pete/wefwefwef/docs/other/4750909627/repo/master/.xml/specs_sproc.xml"
Reading XML for "/home/pete/wefwefwef/docs/other/4750909627/repo/master/.xml/specs_sproc_sup.xml"
Creating index.html ...
Creating erldocs_index.js ...
Woot, finished in 0 Minutes 0 Seconds
 :: Discovering other repos
$ 5000  `rm -r '/home/pete/wefwefwef/docs/other/4750909627/sproc-branch-master'  2>&1`
 :: Erldocs finishing up
$ 5000  `rm -r '/home/pete/wefwefwef/docs/other/4750909627/sproc'  2>&1`
