 :: Extracting meta information
$ cd '.'
$ infinity  `git ls-remote --heads --tags https://github.com/erocci/erocci`
>>> [repo] 4 branches, 0 tags
 :: Writing meta to "/home/pete/wefwefwef/docs/other/a04370d0002efb77f2b1c5e4240c6501cf7f6b97/meta.txt"
 :: Skipping branch "next"
 :: Skipping branch "oldmaster"
 :: Skipping branch "oldnext"
 :: Processing https://github.com/erocci/erocci	{rev,branch,"master","d0e0e185b80ea42e598f079af274bc1dc5f62ec5",undefined,[],[]}
 :: Fetching repo code
$ cd '/home/pete/wefwefwef/docs/other/a04370d0002efb77f2b1c5e4240c6501cf7f6b97/erocci-branch-master'
$ infinity  `curl --fail --silent --show-error --location --output repo.tar.gz https://codeload.github.com/erocci/erocci/tar.gz/master`
$ cd '/home/pete/wefwefwef/docs/other/a04370d0002efb77f2b1c5e4240c6501cf7f6b97/erocci-branch-master/erocci-master'
$ 5000  `find -P . -type l -delete`
$ cd '.'
$ 5000  `mv /home/pete/wefwefwef/docs/other/a04370d0002efb77f2b1c5e4240c6501cf7f6b97/erocci-branch-master/erocci-master /home/pete/wefwefwef/docs/other/a04370d0002efb77f2b1c5e4240c6501cf7f6b97/erocci-branch-master/erocci`
 :: Getting dependencies
 :: Generating erldocs into /home/pete/wefwefwef/docs/other/a04370d0002efb77f2b1c5e4240c6501cf7f6b97/repo/master
Building erocci
Generating Type Specs - "/home/pete/wefwefwef/docs/other/a04370d0002efb77f2b1c5e4240c6501cf7f6b97/erocci-branch-master/erocci/apps/erocci/src/erocci.erl"
/home/pete/wefwefwef/docs/other/a04370d0002efb77f2b1c5e4240c6501cf7f6b97/erocci-branch-master/erocci/apps/erocci/src/erocci.erl: at line 23: can't find include lib "erocci_core/include/occi_log.hrl"
EDoc could not process file '/home/pete/wefwefwef/docs/other/a04370d0002efb77f2b1c5e4240c6501cf7f6b97/erocci-branch-master/erocci/apps/erocci/src/erocci.erl'
Error generating type specs for "/home/pete/wefwefwef/docs/other/a04370d0002efb77f2b1c5e4240c6501cf7f6b97/erocci-branch-master/erocci/apps/erocci/src/erocci.erl"
Generating Type Specs - "/home/pete/wefwefwef/docs/other/a04370d0002efb77f2b1c5e4240c6501cf7f6b97/erocci-branch-master/erocci/apps/erocci/src/erocci_app.erl"
Generating Type Specs - "/home/pete/wefwefwef/docs/other/a04370d0002efb77f2b1c5e4240c6501cf7f6b97/erocci-branch-master/erocci/apps/erocci/src/occi_log_handler.erl"
Generating XML for application erocci "/home/pete/wefwefwef/docs/other/a04370d0002efb77f2b1c5e4240c6501cf7f6b97/erocci-branch-master/erocci/apps/erocci" -> "/home/pete/wefwefwef/docs/other/a04370d0002efb77f2b1c5e4240c6501cf7f6b97/repo/master/.xml/erocci"
/home/pete/wefwefwef/docs/other/a04370d0002efb77f2b1c5e4240c6501cf7f6b97/erocci-branch-master/erocci/apps/erocci/src/erocci.erl: at line 23: can't find include lib "erocci_core/include/occi_log.hrl"
edoc: skipping source file '/home/pete/wefwefwef/docs/other/a04370d0002efb77f2b1c5e4240c6501cf7f6b97/erocci-branch-master/erocci/apps/erocci/src/erocci.erl': {'EXIT',
                                                                                                                                                         error}.
edoc: error in doclet 'edoc_doclet': {'EXIT',error}.
Error generating erocci XMLs. Using fallback ...
Generating XML erocci - erocci "/home/pete/wefwefwef/docs/other/a04370d0002efb77f2b1c5e4240c6501cf7f6b97/erocci-branch-master/erocci/apps/erocci/src/erocci.erl" -> "/home/pete/wefwefwef/docs/other/a04370d0002efb77f2b1c5e4240c6501cf7f6b97/repo/master/.xml/erocci/erocci.xml"
/home/pete/wefwefwef/docs/other/a04370d0002efb77f2b1c5e4240c6501cf7f6b97/erocci-branch-master/erocci/apps/erocci/src/erocci.erl: at line 23: can't find include lib "erocci_core/include/occi_log.hrl"
Error generating XML ("/home/pete/wefwefwef/docs/other/a04370d0002efb77f2b1c5e4240c6501cf7f6b97/erocci-branch-master/erocci/apps/erocci/src/erocci.erl"): {'EXIT',
                                                                                                                                                           error}
Generating XML erocci - erocci_app "/home/pete/wefwefwef/docs/other/a04370d0002efb77f2b1c5e4240c6501cf7f6b97/erocci-branch-master/erocci/apps/erocci/src/erocci_app.erl" -> "/home/pete/wefwefwef/docs/other/a04370d0002efb77f2b1c5e4240c6501cf7f6b97/repo/master/.xml/erocci/erocci_app.xml"
Generating XML erocci - occi_log_handler "/home/pete/wefwefwef/docs/other/a04370d0002efb77f2b1c5e4240c6501cf7f6b97/erocci-branch-master/erocci/apps/erocci/src/occi_log_handler.erl" -> "/home/pete/wefwefwef/docs/other/a04370d0002efb77f2b1c5e4240c6501cf7f6b97/repo/master/.xml/erocci/occi_log_handler.xml"
Generating HTML - erocci_app "/home/pete/wefwefwef/docs/other/a04370d0002efb77f2b1c5e4240c6501cf7f6b97/repo/master/.xml/erocci/erocci_app.xml"
Reading XML for "/home/pete/wefwefwef/docs/other/a04370d0002efb77f2b1c5e4240c6501cf7f6b97/repo/master/.xml/erocci/erocci_app.xml"
Reading XML for "/home/pete/wefwefwef/docs/other/a04370d0002efb77f2b1c5e4240c6501cf7f6b97/repo/master/.xml/specs_erocci_app.xml"
Generating HTML - occi_log_handler "/home/pete/wefwefwef/docs/other/a04370d0002efb77f2b1c5e4240c6501cf7f6b97/repo/master/.xml/erocci/occi_log_handler.xml"
Reading XML for "/home/pete/wefwefwef/docs/other/a04370d0002efb77f2b1c5e4240c6501cf7f6b97/repo/master/.xml/erocci/occi_log_handler.xml"
Reading XML for "/home/pete/wefwefwef/docs/other/a04370d0002efb77f2b1c5e4240c6501cf7f6b97/repo/master/.xml/specs_occi_log_handler.xml"
Building erocci
Generating XML for application erocci "/home/pete/wefwefwef/docs/other/a04370d0002efb77f2b1c5e4240c6501cf7f6b97/erocci-branch-master/erocci" -> "/home/pete/wefwefwef/docs/other/a04370d0002efb77f2b1c5e4240c6501cf7f6b97/repo/master/.xml/erocci"
/home/pete/wefwefwef/docs/other/a04370d0002efb77f2b1c5e4240c6501cf7f6b97/erocci-branch-master/erocci/apps/erocci/src/erocci.erl: at line 23: can't find include lib "erocci_core/include/occi_log.hrl"
edoc: skipping source file '/home/pete/wefwefwef/docs/other/a04370d0002efb77f2b1c5e4240c6501cf7f6b97/erocci-branch-master/erocci/apps/erocci/src/erocci.erl': {'EXIT',
                                                                                                                                                         error}.
edoc: error in doclet 'edoc_doclet': {'EXIT',error}.
Error generating erocci XMLs. Using fallback ...
Creating index.html ...
Creating erldocs_index.js ...
Woot, finished in 0 Minutes 0 Seconds
 :: Discovering other repos
$ cd '.'
$ 5000  `rm -r /home/pete/wefwefwef/docs/other/a04370d0002efb77f2b1c5e4240c6501cf7f6b97/erocci-branch-master`
 :: Finishing up
$ cd '.'
$ 5000  `rm -r /home/pete/wefwefwef/docs/other/a04370d0002efb77f2b1c5e4240c6501cf7f6b97/erocci`
