 :: Extracting meta information
$ cd '.'
$ infinity  `git ls-remote --heads --tags https://github.com/project-fifo/fifo_spec`
>>> [repo] 3 branches, 24 tags
 :: Writing meta to "/home/pete/wefwefwef/docs/other/cff65fe8d77f1e0d539b42967cef4ffa7f88ed20/meta.txt"
 :: Skipping tag "0.1.10"
 :: Skipping tag "0.1.11"
 :: Skipping tag "0.1.12"
 :: Skipping tag "0.1.13"
 :: Skipping tag "0.1.14"
 :: Skipping tag "0.1.15"
 :: Skipping tag "0.1.16"
 :: Skipping tag "0.1.17"
 :: Skipping tag "0.1.18"
 :: Skipping tag "0.1.19"
 :: Skipping tag "0.1.20"
 :: Skipping tag "0.1.21"
 :: Skipping tag "0.1.22"
 :: Skipping tag "0.1.8"
 :: Skipping tag "0.1.9"
 :: Skipping tag "0.1.0"
 :: Skipping tag "0.1.1"
 :: Skipping tag "0.1.2"
 :: Skipping tag "0.1.3"
 :: Skipping tag "0.1.4"
 :: Skipping tag "0.1.5"
 :: Skipping tag "0.1.6"
 :: Skipping tag "0.1.7"
 :: Skipping branch "dev"
 :: Skipping branch "master"
 :: Processing https://github.com/project-fifo/fifo_spec	{rev,branch,"test","56db8e12b1e1a62df576aff76ab5371a8de2cecd",undefined,[],[]}
 :: Fetching repo code
$ cd '/home/pete/wefwefwef/docs/other/cff65fe8d77f1e0d539b42967cef4ffa7f88ed20/fifo_spec-branch-test'
$ infinity  `curl --fail --silent --show-error --location --output repo.tar.gz https://codeload.github.com/project-fifo/fifo_spec/tar.gz/test`
$ cd '/home/pete/wefwefwef/docs/other/cff65fe8d77f1e0d539b42967cef4ffa7f88ed20/fifo_spec-branch-test/fifo_spec-test'
$ 5000  `find -P . -type l -delete`
$ cd '.'
$ 5000  `mv /home/pete/wefwefwef/docs/other/cff65fe8d77f1e0d539b42967cef4ffa7f88ed20/fifo_spec-branch-test/fifo_spec-test /home/pete/wefwefwef/docs/other/cff65fe8d77f1e0d539b42967cef4ffa7f88ed20/fifo_spec-branch-test/fifo_spec`
 :: Getting dependencies
 :: Error running eo_core:
	[{eo_core,sh,
                  ["/home/pete/wefwefwef/docs/other/cff65fe8d77f1e0d539b42967cef4ffa7f88ed20/fifo_spec-branch-test/fifo_spec",
                   ["rebar","--config",
                    "/home/pete/wefwefwef/docs/other/cff65fe8d77f1e0d539b42967cef4ffa7f88ed20/fifo_spec-branch-test/rebar_deps",
                    "get-deps"],
                   infinity],
                  []},
         {eo_util,get_deps,2,[{file,"src/eo_util.erl"},{line,123}]},
         {eo_util,rebar_get_deps,1,[{file,"src/eo_util.erl"},{line,88}]},
         {eo_core,get_deps,1,[{file,"src/eo_core.erl"},{line,339}]},
         {eo_core,do,7,[{file,"src/eo_core.erl"},{line,110}]},
         {eo_core,'-main_/1-lc$^0/1-0-',8,
                  [{file,"src/eo_core.erl"},{line,85}]},
         {eo_core,main_,1,[{file,"src/eo_core.erl"},{line,85}]},
         {eo_core,main,1,[{file,"src/eo_core.erl"},{line,56}]}]
{error,undef}
 :: Processing https://github.com/project-fifo/fifo_spec	{rev,tag,"0.1.23","56db8e12b1e1a62df576aff76ab5371a8de2cecd",undefined,[],[]}
 :: Fetching repo code
$ cd '/home/pete/wefwefwef/docs/other/cff65fe8d77f1e0d539b42967cef4ffa7f88ed20/fifo_spec-tag-0.1.23'
$ infinity  `curl --fail --silent --show-error --location --output repo.tar.gz https://codeload.github.com/project-fifo/fifo_spec/tar.gz/0.1.23`
$ cd '/home/pete/wefwefwef/docs/other/cff65fe8d77f1e0d539b42967cef4ffa7f88ed20/fifo_spec-tag-0.1.23/fifo_spec-0.1.23'
$ 5000  `find -P . -type l -delete`
$ cd '.'
$ 5000  `mv /home/pete/wefwefwef/docs/other/cff65fe8d77f1e0d539b42967cef4ffa7f88ed20/fifo_spec-tag-0.1.23/fifo_spec-0.1.23 /home/pete/wefwefwef/docs/other/cff65fe8d77f1e0d539b42967cef4ffa7f88ed20/fifo_spec-tag-0.1.23/fifo_spec`
 :: Getting dependencies
 :: Error running eo_core:
	[{eo_core,sh,
                  ["/home/pete/wefwefwef/docs/other/cff65fe8d77f1e0d539b42967cef4ffa7f88ed20/fifo_spec-tag-0.1.23/fifo_spec",
                   ["rebar","--config",
                    "/home/pete/wefwefwef/docs/other/cff65fe8d77f1e0d539b42967cef4ffa7f88ed20/fifo_spec-tag-0.1.23/rebar_deps",
                    "get-deps"],
                   infinity],
                  []},
         {eo_util,get_deps,2,[{file,"src/eo_util.erl"},{line,123}]},
         {eo_util,rebar_get_deps,1,[{file,"src/eo_util.erl"},{line,88}]},
         {eo_core,get_deps,1,[{file,"src/eo_core.erl"},{line,339}]},
         {eo_core,do,7,[{file,"src/eo_core.erl"},{line,110}]},
         {eo_core,'-main_/1-lc$^0/1-0-',8,
                  [{file,"src/eo_core.erl"},{line,85}]},
         {eo_core,'-main_/1-lc$^0/1-0-',8,
                  [{file,"src/eo_core.erl"},{line,91}]},
         {eo_core,main_,1,[{file,"src/eo_core.erl"},{line,85}]}]
{error,undef}
 :: Finishing up
$ cd '.'
$ 5000  `rm -r /home/pete/wefwefwef/docs/other/cff65fe8d77f1e0d539b42967cef4ffa7f88ed20/fifo_spec`
