 :: Extracting meta information
$ 5000  `git ls-remote --heads --tags 'https://github.com/seriyps/gettexter'  2>&1`
>>> [repo] 1 branches, 4 tags
 :: Writing meta to "/home/pete/wefwefwef/docs/other/1259960044/meta.txt"
 :: Processing https://github.com/seriyps/gettexter	{rev,tag,"v0.0.1","23f6a911701e27ec2d5f711dedf65d43f0f9c5d4",undefined,[],[]}
 :: Fetching repo code
$ cd "/home/pete/wefwefwef/docs/other/1259960044/gettexter-tag-v0.0.1/gettexter"
$ infinity  `curl --fail --silent --show-error --location --output 'v0.0.1.zip' 'https://github.com/seriyps/gettexter/archive/v0.0.1.zip'  2>&1`
$ cd "/home/pete/wefwefwef/docs/erldocs_other.git"
$ cd "/home/pete/wefwefwef/docs/other/1259960044/gettexter-tag-v0.0.1/gettexter"
$ 5000  `find -P . -type l -delete  2>&1`
$ cd "/home/pete/wefwefwef/docs/erldocs_other.git"
$ cd "/home/pete/wefwefwef/docs/other/1259960044/gettexter-tag-v0.0.1/gettexter"
$ 5000  `find 'gettexter-0.0.1' -mindepth 1 -maxdepth 1 -exec mv -t . -- {} +  2>&1`
$ cd "/home/pete/wefwefwef/docs/erldocs_other.git"
 :: Getting dependencies
$ cd "/home/pete/wefwefwef/docs/other/1259960044/gettexter-tag-v0.0.1/gettexter"
$ 5000  `ls -1 deps/  2>&1`
$ cd "/home/pete/wefwefwef/docs/erldocs_other.git"
>>> [rebar] deps = []
 :: Generating erldocs into /home/pete/wefwefwef/docs/other/1259960044/repo/v0.0.1
Building gettexter
Generating Type Specs - "/home/pete/wefwefwef/docs/other/1259960044/gettexter-tag-v0.0.1/gettexter/src/gettexter.erl"
Generating Type Specs - "/home/pete/wefwefwef/docs/other/1259960044/gettexter-tag-v0.0.1/gettexter/src/gettexter_app.erl"
Generating Type Specs - "/home/pete/wefwefwef/docs/other/1259960044/gettexter-tag-v0.0.1/gettexter/src/gettexter_mo_parser.erl"
Generating Type Specs - "/home/pete/wefwefwef/docs/other/1259960044/gettexter-tag-v0.0.1/gettexter/src/gettexter_plural.erl"
Generating Type Specs - "/home/pete/wefwefwef/docs/other/1259960044/gettexter-tag-v0.0.1/gettexter/src/gettexter_server.erl"
Generating Type Specs - "/home/pete/wefwefwef/docs/other/1259960044/gettexter-tag-v0.0.1/gettexter/src/gettexter_sup.erl"
Generating XML for application gettexter "/home/pete/wefwefwef/docs/other/1259960044/gettexter-tag-v0.0.1/gettexter" -> "/home/pete/wefwefwef/docs/other/1259960044/repo/v0.0.1/.xml/gettexter"
2990- fatal: {invalid_name,"<\"Down"}
/home/pete/wefwefwef/docs/other/1259960044/gettexter-tag-v0.0.1/gettexter/src/gettexter_mo_parser.erl, in module header: at line 3: error in XML parser: {fatal,{{invalid_name,"<\"Down"},
                             {file,file_name_unknown},
                             {line,26},
                             {col,8}}}.
edoc: skipping source file '/home/pete/wefwefwef/docs/other/1259960044/gettexter-tag-v0.0.1/gettexter/src/gettexter_mo_parser.erl': {'EXIT',
                                                                                                                               error}.
/home/pete/wefwefwef/docs/other/1259960044/gettexter-tag-v0.0.1/gettexter/src/gettexter_plural.erl, function to_erlang_abstract/2: at line 106: `-quote ended unexpectedly at line 106
edoc: skipping source file '/home/pete/wefwefwef/docs/other/1259960044/gettexter-tag-v0.0.1/gettexter/src/gettexter_plural.erl': {'EXIT',
                                                                                                                            error}.
edoc: error in doclet 'edoc_doclet': {'EXIT',error}.
Error generating gettexter XMLs. Using fallback ...
Generating XML gettexter - gettexter "/home/pete/wefwefwef/docs/other/1259960044/gettexter-tag-v0.0.1/gettexter/src/gettexter.erl" -> "/home/pete/wefwefwef/docs/other/1259960044/repo/v0.0.1/.xml/gettexter/gettexter.xml"
Generating XML gettexter - gettexter_app "/home/pete/wefwefwef/docs/other/1259960044/gettexter-tag-v0.0.1/gettexter/src/gettexter_app.erl" -> "/home/pete/wefwefwef/docs/other/1259960044/repo/v0.0.1/.xml/gettexter/gettexter_app.xml"
Generating XML gettexter - gettexter_mo_parser "/home/pete/wefwefwef/docs/other/1259960044/gettexter-tag-v0.0.1/gettexter/src/gettexter_mo_parser.erl" -> "/home/pete/wefwefwef/docs/other/1259960044/repo/v0.0.1/.xml/gettexter/gettexter_mo_parser.xml"
2990- fatal: {invalid_name,"<\"Down"}
/home/pete/wefwefwef/docs/other/1259960044/gettexter-tag-v0.0.1/gettexter/src/gettexter_mo_parser.erl, in module header: at line 3: error in XML parser: {fatal,{{invalid_name,"<\"Down"},
                             {file,file_name_unknown},
                             {line,26},
                             {col,8}}}.
Error generating XML ("/home/pete/wefwefwef/docs/other/1259960044/gettexter-tag-v0.0.1/gettexter/src/gettexter_mo_parser.erl"): {'EXIT',
                                                                                                                                 error}
Generating XML gettexter - gettexter_plural "/home/pete/wefwefwef/docs/other/1259960044/gettexter-tag-v0.0.1/gettexter/src/gettexter_plural.erl" -> "/home/pete/wefwefwef/docs/other/1259960044/repo/v0.0.1/.xml/gettexter/gettexter_plural.xml"
/home/pete/wefwefwef/docs/other/1259960044/gettexter-tag-v0.0.1/gettexter/src/gettexter_plural.erl, function to_erlang_abstract/2: at line 106: `-quote ended unexpectedly at line 106
Error generating XML ("/home/pete/wefwefwef/docs/other/1259960044/gettexter-tag-v0.0.1/gettexter/src/gettexter_plural.erl"): {'EXIT',
                                                                                                                              error}
Generating XML gettexter - gettexter_server "/home/pete/wefwefwef/docs/other/1259960044/gettexter-tag-v0.0.1/gettexter/src/gettexter_server.erl" -> "/home/pete/wefwefwef/docs/other/1259960044/repo/v0.0.1/.xml/gettexter/gettexter_server.xml"
Generating XML gettexter - gettexter_sup "/home/pete/wefwefwef/docs/other/1259960044/gettexter-tag-v0.0.1/gettexter/src/gettexter_sup.erl" -> "/home/pete/wefwefwef/docs/other/1259960044/repo/v0.0.1/.xml/gettexter/gettexter_sup.xml"
Generating HTML - gettexter_sup "/home/pete/wefwefwef/docs/other/1259960044/repo/v0.0.1/.xml/gettexter/gettexter_sup.xml"
Generating HTML - gettexter_server "/home/pete/wefwefwef/docs/other/1259960044/repo/v0.0.1/.xml/gettexter/gettexter_server.xml"
Generating HTML - gettexter_app "/home/pete/wefwefwef/docs/other/1259960044/repo/v0.0.1/.xml/gettexter/gettexter_app.xml"
Generating HTML - gettexter "/home/pete/wefwefwef/docs/other/1259960044/repo/v0.0.1/.xml/gettexter/gettexter.xml"
Reading XML for "/home/pete/wefwefwef/docs/other/1259960044/repo/v0.0.1/.xml/gettexter/gettexter_sup.xml"
Reading XML for "/home/pete/wefwefwef/docs/other/1259960044/repo/v0.0.1/.xml/gettexter/gettexter_server.xml"
Reading XML for "/home/pete/wefwefwef/docs/other/1259960044/repo/v0.0.1/.xml/gettexter/gettexter_app.xml"
Reading XML for "/home/pete/wefwefwef/docs/other/1259960044/repo/v0.0.1/.xml/gettexter/gettexter.xml"
Reading XML for "/home/pete/wefwefwef/docs/other/1259960044/repo/v0.0.1/.xml/specs_gettexter_sup.xml"
Reading XML for "/home/pete/wefwefwef/docs/other/1259960044/repo/v0.0.1/.xml/specs_gettexter_app.xml"
Reading XML for "/home/pete/wefwefwef/docs/other/1259960044/repo/v0.0.1/.xml/specs_gettexter.xml"
Reading XML for "/home/pete/wefwefwef/docs/other/1259960044/repo/v0.0.1/.xml/specs_gettexter_server.xml"
Creating index.html ...
Creating erldocs_index.js ...
Woot, finished in 0 Minutes 0 Seconds
 :: Discovering other repos
$ 5000  `rm -r '/home/pete/wefwefwef/docs/other/1259960044/gettexter-tag-v0.0.1'  2>&1`
 :: Processing https://github.com/seriyps/gettexter	{rev,tag,"v0.0.2","4d3b591d1509d2048d8b8f7c2b004f2124b1ea5a",undefined,[],[]}
 :: Fetching repo code
$ cd "/home/pete/wefwefwef/docs/other/1259960044/gettexter-tag-v0.0.2/gettexter"
$ infinity  `curl --fail --silent --show-error --location --output 'v0.0.2.zip' 'https://github.com/seriyps/gettexter/archive/v0.0.2.zip'  2>&1`
$ cd "/home/pete/wefwefwef/docs/erldocs_other.git"
$ cd "/home/pete/wefwefwef/docs/other/1259960044/gettexter-tag-v0.0.2/gettexter"
$ 5000  `find -P . -type l -delete  2>&1`
$ cd "/home/pete/wefwefwef/docs/erldocs_other.git"
$ cd "/home/pete/wefwefwef/docs/other/1259960044/gettexter-tag-v0.0.2/gettexter"
$ 5000  `find 'gettexter-0.0.2' -mindepth 1 -maxdepth 1 -exec mv -t . -- {} +  2>&1`
$ cd "/home/pete/wefwefwef/docs/erldocs_other.git"
 :: Getting dependencies
$ cd "/home/pete/wefwefwef/docs/other/1259960044/gettexter-tag-v0.0.2/gettexter"
$ 5000  `ls -1 deps/  2>&1`
$ cd "/home/pete/wefwefwef/docs/erldocs_other.git"
>>> [rebar] deps = []
 :: Generating erldocs into /home/pete/wefwefwef/docs/other/1259960044/repo/v0.0.2
Building gettexter
Generating Type Specs - "/home/pete/wefwefwef/docs/other/1259960044/gettexter-tag-v0.0.2/gettexter/src/gettexter.erl"
Generating Type Specs - "/home/pete/wefwefwef/docs/other/1259960044/gettexter-tag-v0.0.2/gettexter/src/gettexter_app.erl"
Generating Type Specs - "/home/pete/wefwefwef/docs/other/1259960044/gettexter-tag-v0.0.2/gettexter/src/gettexter_mo_parser.erl"
Generating Type Specs - "/home/pete/wefwefwef/docs/other/1259960044/gettexter-tag-v0.0.2/gettexter/src/gettexter_plural.erl"
Generating Type Specs - "/home/pete/wefwefwef/docs/other/1259960044/gettexter-tag-v0.0.2/gettexter/src/gettexter_server.erl"
Generating Type Specs - "/home/pete/wefwefwef/docs/other/1259960044/gettexter-tag-v0.0.2/gettexter/src/gettexter_sup.erl"
Generating XML for application gettexter "/home/pete/wefwefwef/docs/other/1259960044/gettexter-tag-v0.0.2/gettexter" -> "/home/pete/wefwefwef/docs/other/1259960044/repo/v0.0.2/.xml/gettexter"
2990- fatal: {invalid_name,"<\"Down"}
/home/pete/wefwefwef/docs/other/1259960044/gettexter-tag-v0.0.2/gettexter/src/gettexter_mo_parser.erl, in module header: at line 3: error in XML parser: {fatal,{{invalid_name,"<\"Down"},
                             {file,file_name_unknown},
                             {line,26},
                             {col,8}}}.
edoc: skipping source file '/home/pete/wefwefwef/docs/other/1259960044/gettexter-tag-v0.0.2/gettexter/src/gettexter_mo_parser.erl': {'EXIT',
                                                                                                                               error}.
/home/pete/wefwefwef/docs/other/1259960044/gettexter-tag-v0.0.2/gettexter/src/gettexter_plural.erl, function to_erlang_abstract/2: at line 106: `-quote ended unexpectedly at line 106
edoc: skipping source file '/home/pete/wefwefwef/docs/other/1259960044/gettexter-tag-v0.0.2/gettexter/src/gettexter_plural.erl': {'EXIT',
                                                                                                                            error}.
edoc: error in doclet 'edoc_doclet': {'EXIT',error}.
Error generating gettexter XMLs. Using fallback ...
Generating XML gettexter - gettexter "/home/pete/wefwefwef/docs/other/1259960044/gettexter-tag-v0.0.2/gettexter/src/gettexter.erl" -> "/home/pete/wefwefwef/docs/other/1259960044/repo/v0.0.2/.xml/gettexter/gettexter.xml"
Generating XML gettexter - gettexter_app "/home/pete/wefwefwef/docs/other/1259960044/gettexter-tag-v0.0.2/gettexter/src/gettexter_app.erl" -> "/home/pete/wefwefwef/docs/other/1259960044/repo/v0.0.2/.xml/gettexter/gettexter_app.xml"
Generating XML gettexter - gettexter_mo_parser "/home/pete/wefwefwef/docs/other/1259960044/gettexter-tag-v0.0.2/gettexter/src/gettexter_mo_parser.erl" -> "/home/pete/wefwefwef/docs/other/1259960044/repo/v0.0.2/.xml/gettexter/gettexter_mo_parser.xml"
2990- fatal: {invalid_name,"<\"Down"}
/home/pete/wefwefwef/docs/other/1259960044/gettexter-tag-v0.0.2/gettexter/src/gettexter_mo_parser.erl, in module header: at line 3: error in XML parser: {fatal,{{invalid_name,"<\"Down"},
                             {file,file_name_unknown},
                             {line,26},
                             {col,8}}}.
Error generating XML ("/home/pete/wefwefwef/docs/other/1259960044/gettexter-tag-v0.0.2/gettexter/src/gettexter_mo_parser.erl"): {'EXIT',
                                                                                                                                 error}
Generating XML gettexter - gettexter_plural "/home/pete/wefwefwef/docs/other/1259960044/gettexter-tag-v0.0.2/gettexter/src/gettexter_plural.erl" -> "/home/pete/wefwefwef/docs/other/1259960044/repo/v0.0.2/.xml/gettexter/gettexter_plural.xml"
/home/pete/wefwefwef/docs/other/1259960044/gettexter-tag-v0.0.2/gettexter/src/gettexter_plural.erl, function to_erlang_abstract/2: at line 106: `-quote ended unexpectedly at line 106
Error generating XML ("/home/pete/wefwefwef/docs/other/1259960044/gettexter-tag-v0.0.2/gettexter/src/gettexter_plural.erl"): {'EXIT',
                                                                                                                              error}
Generating XML gettexter - gettexter_server "/home/pete/wefwefwef/docs/other/1259960044/gettexter-tag-v0.0.2/gettexter/src/gettexter_server.erl" -> "/home/pete/wefwefwef/docs/other/1259960044/repo/v0.0.2/.xml/gettexter/gettexter_server.xml"
Generating XML gettexter - gettexter_sup "/home/pete/wefwefwef/docs/other/1259960044/gettexter-tag-v0.0.2/gettexter/src/gettexter_sup.erl" -> "/home/pete/wefwefwef/docs/other/1259960044/repo/v0.0.2/.xml/gettexter/gettexter_sup.xml"
Generating HTML - gettexter_sup "/home/pete/wefwefwef/docs/other/1259960044/repo/v0.0.2/.xml/gettexter/gettexter_sup.xml"
Generating HTML - gettexter_server "/home/pete/wefwefwef/docs/other/1259960044/repo/v0.0.2/.xml/gettexter/gettexter_server.xml"
Generating HTML - gettexter_app "/home/pete/wefwefwef/docs/other/1259960044/repo/v0.0.2/.xml/gettexter/gettexter_app.xml"
Generating HTML - gettexter "/home/pete/wefwefwef/docs/other/1259960044/repo/v0.0.2/.xml/gettexter/gettexter.xml"
Reading XML for "/home/pete/wefwefwef/docs/other/1259960044/repo/v0.0.2/.xml/gettexter/gettexter_sup.xml"
Reading XML for "/home/pete/wefwefwef/docs/other/1259960044/repo/v0.0.2/.xml/gettexter/gettexter_server.xml"
Reading XML for "/home/pete/wefwefwef/docs/other/1259960044/repo/v0.0.2/.xml/gettexter/gettexter_app.xml"
Reading XML for "/home/pete/wefwefwef/docs/other/1259960044/repo/v0.0.2/.xml/gettexter/gettexter.xml"
Reading XML for "/home/pete/wefwefwef/docs/other/1259960044/repo/v0.0.2/.xml/specs_gettexter_sup.xml"
Reading XML for "/home/pete/wefwefwef/docs/other/1259960044/repo/v0.0.2/.xml/specs_gettexter_app.xml"
Reading XML for "/home/pete/wefwefwef/docs/other/1259960044/repo/v0.0.2/.xml/specs_gettexter_server.xml"
Reading XML for "/home/pete/wefwefwef/docs/other/1259960044/repo/v0.0.2/.xml/specs_gettexter.xml"
Creating index.html ...
Creating erldocs_index.js ...
Woot, finished in 0 Minutes 0 Seconds
 :: Discovering other repos
$ 5000  `rm -r '/home/pete/wefwefwef/docs/other/1259960044/gettexter-tag-v0.0.2'  2>&1`
 :: Processing https://github.com/seriyps/gettexter	{rev,tag,"v0.0.3","41bbff1e2ef7a9ba2669ea4c50270eb7af453078",undefined,[],[]}
 :: Fetching repo code
$ cd "/home/pete/wefwefwef/docs/other/1259960044/gettexter-tag-v0.0.3/gettexter"
$ infinity  `curl --fail --silent --show-error --location --output 'v0.0.3.zip' 'https://github.com/seriyps/gettexter/archive/v0.0.3.zip'  2>&1`
$ cd "/home/pete/wefwefwef/docs/erldocs_other.git"
$ cd "/home/pete/wefwefwef/docs/other/1259960044/gettexter-tag-v0.0.3/gettexter"
$ 5000  `find -P . -type l -delete  2>&1`
$ cd "/home/pete/wefwefwef/docs/erldocs_other.git"
$ cd "/home/pete/wefwefwef/docs/other/1259960044/gettexter-tag-v0.0.3/gettexter"
$ 5000  `find 'gettexter-0.0.3' -mindepth 1 -maxdepth 1 -exec mv -t . -- {} +  2>&1`
$ cd "/home/pete/wefwefwef/docs/erldocs_other.git"
 :: Getting dependencies
$ cd "/home/pete/wefwefwef/docs/other/1259960044/gettexter-tag-v0.0.3/gettexter"
$ 5000  `ls -1 deps/  2>&1`
$ cd "/home/pete/wefwefwef/docs/erldocs_other.git"
>>> [rebar] deps = []
 :: Generating erldocs into /home/pete/wefwefwef/docs/other/1259960044/repo/v0.0.3
Building gettexter
Generating Type Specs - "/home/pete/wefwefwef/docs/other/1259960044/gettexter-tag-v0.0.3/gettexter/src/gettexter.erl"
Generating Type Specs - "/home/pete/wefwefwef/docs/other/1259960044/gettexter-tag-v0.0.3/gettexter/src/gettexter_app.erl"
Generating Type Specs - "/home/pete/wefwefwef/docs/other/1259960044/gettexter-tag-v0.0.3/gettexter/src/gettexter_mo_parser.erl"
Generating Type Specs - "/home/pete/wefwefwef/docs/other/1259960044/gettexter-tag-v0.0.3/gettexter/src/gettexter_plural.erl"
Generating Type Specs - "/home/pete/wefwefwef/docs/other/1259960044/gettexter-tag-v0.0.3/gettexter/src/gettexter_server.erl"
Generating Type Specs - "/home/pete/wefwefwef/docs/other/1259960044/gettexter-tag-v0.0.3/gettexter/src/gettexter_sup.erl"
Generating XML for application gettexter "/home/pete/wefwefwef/docs/other/1259960044/gettexter-tag-v0.0.3/gettexter" -> "/home/pete/wefwefwef/docs/other/1259960044/repo/v0.0.3/.xml/gettexter"
/home/pete/wefwefwef/docs/other/1259960044/gettexter-tag-v0.0.3/gettexter/src/gettexter.erl, in module header: at line 4: multiple @copyright tag.
edoc: skipping source file '/home/pete/wefwefwef/docs/other/1259960044/gettexter-tag-v0.0.3/gettexter/src/gettexter.erl': {'EXIT',
                                                                                                                     error}.
2990- fatal: {invalid_name,"<\"Down"}
/home/pete/wefwefwef/docs/other/1259960044/gettexter-tag-v0.0.3/gettexter/src/gettexter_mo_parser.erl, in module header: at line 3: error in XML parser: {fatal,{{invalid_name,"<\"Down"},
                             {file,file_name_unknown},
                             {line,26},
                             {col,8}}}.
edoc: skipping source file '/home/pete/wefwefwef/docs/other/1259960044/gettexter-tag-v0.0.3/gettexter/src/gettexter_mo_parser.erl': {'EXIT',
                                                                                                                               error}.
edoc: error in doclet 'edoc_doclet': {'EXIT',error}.
Error generating gettexter XMLs. Using fallback ...
Generating XML gettexter - gettexter "/home/pete/wefwefwef/docs/other/1259960044/gettexter-tag-v0.0.3/gettexter/src/gettexter.erl" -> "/home/pete/wefwefwef/docs/other/1259960044/repo/v0.0.3/.xml/gettexter/gettexter.xml"
/home/pete/wefwefwef/docs/other/1259960044/gettexter-tag-v0.0.3/gettexter/src/gettexter.erl, in module header: at line 4: multiple @copyright tag.
Error generating XML ("/home/pete/wefwefwef/docs/other/1259960044/gettexter-tag-v0.0.3/gettexter/src/gettexter.erl"): {'EXIT',
                                                                                                                       error}
Generating XML gettexter - gettexter_app "/home/pete/wefwefwef/docs/other/1259960044/gettexter-tag-v0.0.3/gettexter/src/gettexter_app.erl" -> "/home/pete/wefwefwef/docs/other/1259960044/repo/v0.0.3/.xml/gettexter/gettexter_app.xml"
Generating XML gettexter - gettexter_mo_parser "/home/pete/wefwefwef/docs/other/1259960044/gettexter-tag-v0.0.3/gettexter/src/gettexter_mo_parser.erl" -> "/home/pete/wefwefwef/docs/other/1259960044/repo/v0.0.3/.xml/gettexter/gettexter_mo_parser.xml"
2990- fatal: {invalid_name,"<\"Down"}
/home/pete/wefwefwef/docs/other/1259960044/gettexter-tag-v0.0.3/gettexter/src/gettexter_mo_parser.erl, in module header: at line 3: error in XML parser: {fatal,{{invalid_name,"<\"Down"},
                             {file,file_name_unknown},
                             {line,26},
                             {col,8}}}.
Error generating XML ("/home/pete/wefwefwef/docs/other/1259960044/gettexter-tag-v0.0.3/gettexter/src/gettexter_mo_parser.erl"): {'EXIT',
                                                                                                                                 error}
Generating XML gettexter - gettexter_plural "/home/pete/wefwefwef/docs/other/1259960044/gettexter-tag-v0.0.3/gettexter/src/gettexter_plural.erl" -> "/home/pete/wefwefwef/docs/other/1259960044/repo/v0.0.3/.xml/gettexter/gettexter_plural.xml"
Generating XML gettexter - gettexter_server "/home/pete/wefwefwef/docs/other/1259960044/gettexter-tag-v0.0.3/gettexter/src/gettexter_server.erl" -> "/home/pete/wefwefwef/docs/other/1259960044/repo/v0.0.3/.xml/gettexter/gettexter_server.xml"
Generating XML gettexter - gettexter_sup "/home/pete/wefwefwef/docs/other/1259960044/gettexter-tag-v0.0.3/gettexter/src/gettexter_sup.erl" -> "/home/pete/wefwefwef/docs/other/1259960044/repo/v0.0.3/.xml/gettexter/gettexter_sup.xml"
Generating HTML - gettexter_sup "/home/pete/wefwefwef/docs/other/1259960044/repo/v0.0.3/.xml/gettexter/gettexter_sup.xml"
Generating HTML - gettexter_server "/home/pete/wefwefwef/docs/other/1259960044/repo/v0.0.3/.xml/gettexter/gettexter_server.xml"
Generating HTML - gettexter_plural "/home/pete/wefwefwef/docs/other/1259960044/repo/v0.0.3/.xml/gettexter/gettexter_plural.xml"
Generating HTML - gettexter_app "/home/pete/wefwefwef/docs/other/1259960044/repo/v0.0.3/.xml/gettexter/gettexter_app.xml"
Reading XML for "/home/pete/wefwefwef/docs/other/1259960044/repo/v0.0.3/.xml/gettexter/gettexter_sup.xml"
Reading XML for "/home/pete/wefwefwef/docs/other/1259960044/repo/v0.0.3/.xml/gettexter/gettexter_server.xml"
Reading XML for "/home/pete/wefwefwef/docs/other/1259960044/repo/v0.0.3/.xml/gettexter/gettexter_plural.xml"
Reading XML for "/home/pete/wefwefwef/docs/other/1259960044/repo/v0.0.3/.xml/gettexter/gettexter_app.xml"
Reading XML for "/home/pete/wefwefwef/docs/other/1259960044/repo/v0.0.3/.xml/specs_gettexter_sup.xml"
Reading XML for "/home/pete/wefwefwef/docs/other/1259960044/repo/v0.0.3/.xml/specs_gettexter_server.xml"
Reading XML for "/home/pete/wefwefwef/docs/other/1259960044/repo/v0.0.3/.xml/specs_gettexter_plural.xml"
Reading XML for "/home/pete/wefwefwef/docs/other/1259960044/repo/v0.0.3/.xml/specs_gettexter_app.xml"
Creating index.html ...
Creating erldocs_index.js ...
Woot, finished in 0 Minutes 0 Seconds
 :: Discovering other repos
$ 5000  `rm -r '/home/pete/wefwefwef/docs/other/1259960044/gettexter-tag-v0.0.3'  2>&1`
 :: Processing https://github.com/seriyps/gettexter	{rev,tag,"v0.0.4","5e35a5a26606f5644a5e4fe931d42cb5f19955a8",undefined,[],[]}
 :: Fetching repo code
$ cd "/home/pete/wefwefwef/docs/other/1259960044/gettexter-tag-v0.0.4/gettexter"
$ infinity  `curl --fail --silent --show-error --location --output 'v0.0.4.zip' 'https://github.com/seriyps/gettexter/archive/v0.0.4.zip'  2>&1`
$ cd "/home/pete/wefwefwef/docs/erldocs_other.git"
$ cd "/home/pete/wefwefwef/docs/other/1259960044/gettexter-tag-v0.0.4/gettexter"
$ 5000  `find -P . -type l -delete  2>&1`
$ cd "/home/pete/wefwefwef/docs/erldocs_other.git"
$ cd "/home/pete/wefwefwef/docs/other/1259960044/gettexter-tag-v0.0.4/gettexter"
$ 5000  `find 'gettexter-0.0.4' -mindepth 1 -maxdepth 1 -exec mv -t . -- {} +  2>&1`
$ cd "/home/pete/wefwefwef/docs/erldocs_other.git"
 :: Getting dependencies
$ cd "/home/pete/wefwefwef/docs/other/1259960044/gettexter-tag-v0.0.4/gettexter"
$ 5000  `ls -1 deps/  2>&1`
$ cd "/home/pete/wefwefwef/docs/erldocs_other.git"
>>> [rebar] deps = []
 :: Generating erldocs into /home/pete/wefwefwef/docs/other/1259960044/repo/v0.0.4
Building gettexter
Generating Type Specs - "/home/pete/wefwefwef/docs/other/1259960044/gettexter-tag-v0.0.4/gettexter/src/gettexter.erl"
Generating Type Specs - "/home/pete/wefwefwef/docs/other/1259960044/gettexter-tag-v0.0.4/gettexter/src/gettexter_app.erl"
Generating Type Specs - "/home/pete/wefwefwef/docs/other/1259960044/gettexter-tag-v0.0.4/gettexter/src/gettexter_mo_parser.erl"
Generating Type Specs - "/home/pete/wefwefwef/docs/other/1259960044/gettexter-tag-v0.0.4/gettexter/src/gettexter_plural.erl"
Generating Type Specs - "/home/pete/wefwefwef/docs/other/1259960044/gettexter-tag-v0.0.4/gettexter/src/gettexter_server.erl"
Generating Type Specs - "/home/pete/wefwefwef/docs/other/1259960044/gettexter-tag-v0.0.4/gettexter/src/gettexter_sup.erl"
Generating XML for application gettexter "/home/pete/wefwefwef/docs/other/1259960044/gettexter-tag-v0.0.4/gettexter" -> "/home/pete/wefwefwef/docs/other/1259960044/repo/v0.0.4/.xml/gettexter"
/home/pete/wefwefwef/docs/other/1259960044/gettexter-tag-v0.0.4/gettexter/src/gettexter.erl, in module header: at line 4: multiple @copyright tag.
edoc: skipping source file '/home/pete/wefwefwef/docs/other/1259960044/gettexter-tag-v0.0.4/gettexter/src/gettexter.erl': {'EXIT',
                                                                                                                     error}.
2990- fatal: {invalid_name,"<\"Down"}
/home/pete/wefwefwef/docs/other/1259960044/gettexter-tag-v0.0.4/gettexter/src/gettexter_mo_parser.erl, in module header: at line 3: error in XML parser: {fatal,{{invalid_name,"<\"Down"},
                             {file,file_name_unknown},
                             {line,26},
                             {col,8}}}.
edoc: skipping source file '/home/pete/wefwefwef/docs/other/1259960044/gettexter-tag-v0.0.4/gettexter/src/gettexter_mo_parser.erl': {'EXIT',
                                                                                                                               error}.
edoc: error in doclet 'edoc_doclet': {'EXIT',error}.
Error generating gettexter XMLs. Using fallback ...
Generating XML gettexter - gettexter "/home/pete/wefwefwef/docs/other/1259960044/gettexter-tag-v0.0.4/gettexter/src/gettexter.erl" -> "/home/pete/wefwefwef/docs/other/1259960044/repo/v0.0.4/.xml/gettexter/gettexter.xml"
/home/pete/wefwefwef/docs/other/1259960044/gettexter-tag-v0.0.4/gettexter/src/gettexter.erl, in module header: at line 4: multiple @copyright tag.
Error generating XML ("/home/pete/wefwefwef/docs/other/1259960044/gettexter-tag-v0.0.4/gettexter/src/gettexter.erl"): {'EXIT',
                                                                                                                       error}
Generating XML gettexter - gettexter_app "/home/pete/wefwefwef/docs/other/1259960044/gettexter-tag-v0.0.4/gettexter/src/gettexter_app.erl" -> "/home/pete/wefwefwef/docs/other/1259960044/repo/v0.0.4/.xml/gettexter/gettexter_app.xml"
Generating XML gettexter - gettexter_mo_parser "/home/pete/wefwefwef/docs/other/1259960044/gettexter-tag-v0.0.4/gettexter/src/gettexter_mo_parser.erl" -> "/home/pete/wefwefwef/docs/other/1259960044/repo/v0.0.4/.xml/gettexter/gettexter_mo_parser.xml"
2990- fatal: {invalid_name,"<\"Down"}
/home/pete/wefwefwef/docs/other/1259960044/gettexter-tag-v0.0.4/gettexter/src/gettexter_mo_parser.erl, in module header: at line 3: error in XML parser: {fatal,{{invalid_name,"<\"Down"},
                             {file,file_name_unknown},
                             {line,26},
                             {col,8}}}.
Error generating XML ("/home/pete/wefwefwef/docs/other/1259960044/gettexter-tag-v0.0.4/gettexter/src/gettexter_mo_parser.erl"): {'EXIT',
                                                                                                                                 error}
Generating XML gettexter - gettexter_plural "/home/pete/wefwefwef/docs/other/1259960044/gettexter-tag-v0.0.4/gettexter/src/gettexter_plural.erl" -> "/home/pete/wefwefwef/docs/other/1259960044/repo/v0.0.4/.xml/gettexter/gettexter_plural.xml"
Generating XML gettexter - gettexter_server "/home/pete/wefwefwef/docs/other/1259960044/gettexter-tag-v0.0.4/gettexter/src/gettexter_server.erl" -> "/home/pete/wefwefwef/docs/other/1259960044/repo/v0.0.4/.xml/gettexter/gettexter_server.xml"
Generating XML gettexter - gettexter_sup "/home/pete/wefwefwef/docs/other/1259960044/gettexter-tag-v0.0.4/gettexter/src/gettexter_sup.erl" -> "/home/pete/wefwefwef/docs/other/1259960044/repo/v0.0.4/.xml/gettexter/gettexter_sup.xml"
Generating HTML - gettexter_sup "/home/pete/wefwefwef/docs/other/1259960044/repo/v0.0.4/.xml/gettexter/gettexter_sup.xml"
Generating HTML - gettexter_server "/home/pete/wefwefwef/docs/other/1259960044/repo/v0.0.4/.xml/gettexter/gettexter_server.xml"
Generating HTML - gettexter_plural "/home/pete/wefwefwef/docs/other/1259960044/repo/v0.0.4/.xml/gettexter/gettexter_plural.xml"
Generating HTML - gettexter_app "/home/pete/wefwefwef/docs/other/1259960044/repo/v0.0.4/.xml/gettexter/gettexter_app.xml"
Reading XML for "/home/pete/wefwefwef/docs/other/1259960044/repo/v0.0.4/.xml/gettexter/gettexter_sup.xml"
Reading XML for "/home/pete/wefwefwef/docs/other/1259960044/repo/v0.0.4/.xml/gettexter/gettexter_server.xml"
Reading XML for "/home/pete/wefwefwef/docs/other/1259960044/repo/v0.0.4/.xml/gettexter/gettexter_plural.xml"
Reading XML for "/home/pete/wefwefwef/docs/other/1259960044/repo/v0.0.4/.xml/gettexter/gettexter_app.xml"
Reading XML for "/home/pete/wefwefwef/docs/other/1259960044/repo/v0.0.4/.xml/specs_gettexter_sup.xml"
Reading XML for "/home/pete/wefwefwef/docs/other/1259960044/repo/v0.0.4/.xml/specs_gettexter_server.xml"
Reading XML for "/home/pete/wefwefwef/docs/other/1259960044/repo/v0.0.4/.xml/specs_gettexter_app.xml"
Reading XML for "/home/pete/wefwefwef/docs/other/1259960044/repo/v0.0.4/.xml/specs_gettexter_plural.xml"
Creating index.html ...
Creating erldocs_index.js ...
Woot, finished in 0 Minutes 0 Seconds
 :: Discovering other repos
$ 5000  `rm -r '/home/pete/wefwefwef/docs/other/1259960044/gettexter-tag-v0.0.4'  2>&1`
 :: Processing https://github.com/seriyps/gettexter	{rev,branch,"master","5e35a5a26606f5644a5e4fe931d42cb5f19955a8",undefined,[],[]}
 :: Fetching repo code
$ cd "/home/pete/wefwefwef/docs/other/1259960044/gettexter-branch-master/gettexter"
$ infinity  `curl --fail --silent --show-error --location --output 'master.zip' 'https://github.com/seriyps/gettexter/archive/master.zip'  2>&1`
$ cd "/home/pete/wefwefwef/docs/erldocs_other.git"
$ cd "/home/pete/wefwefwef/docs/other/1259960044/gettexter-branch-master/gettexter"
$ 5000  `find -P . -type l -delete  2>&1`
$ cd "/home/pete/wefwefwef/docs/erldocs_other.git"
$ cd "/home/pete/wefwefwef/docs/other/1259960044/gettexter-branch-master/gettexter"
$ 5000  `find 'gettexter-master' -mindepth 1 -maxdepth 1 -exec mv -t . -- {} +  2>&1`
$ cd "/home/pete/wefwefwef/docs/erldocs_other.git"
 :: Getting dependencies
$ cd "/home/pete/wefwefwef/docs/other/1259960044/gettexter-branch-master/gettexter"
$ 5000  `ls -1 deps/  2>&1`
$ cd "/home/pete/wefwefwef/docs/erldocs_other.git"
>>> [rebar] deps = []
 :: Generating erldocs into /home/pete/wefwefwef/docs/other/1259960044/repo/master
Building gettexter
Generating Type Specs - "/home/pete/wefwefwef/docs/other/1259960044/gettexter-branch-master/gettexter/src/gettexter.erl"
Generating Type Specs - "/home/pete/wefwefwef/docs/other/1259960044/gettexter-branch-master/gettexter/src/gettexter_app.erl"
Generating Type Specs - "/home/pete/wefwefwef/docs/other/1259960044/gettexter-branch-master/gettexter/src/gettexter_mo_parser.erl"
Generating Type Specs - "/home/pete/wefwefwef/docs/other/1259960044/gettexter-branch-master/gettexter/src/gettexter_plural.erl"
Generating Type Specs - "/home/pete/wefwefwef/docs/other/1259960044/gettexter-branch-master/gettexter/src/gettexter_server.erl"
Generating Type Specs - "/home/pete/wefwefwef/docs/other/1259960044/gettexter-branch-master/gettexter/src/gettexter_sup.erl"
Generating XML for application gettexter "/home/pete/wefwefwef/docs/other/1259960044/gettexter-branch-master/gettexter" -> "/home/pete/wefwefwef/docs/other/1259960044/repo/master/.xml/gettexter"
/home/pete/wefwefwef/docs/other/1259960044/gettexter-branch-master/gettexter/src/gettexter.erl, in module header: at line 4: multiple @copyright tag.
edoc: skipping source file '/home/pete/wefwefwef/docs/other/1259960044/gettexter-branch-master/gettexter/src/gettexter.erl': {'EXIT',
                                                                                                                        error}.
2990- fatal: {invalid_name,"<\"Down"}
/home/pete/wefwefwef/docs/other/1259960044/gettexter-branch-master/gettexter/src/gettexter_mo_parser.erl, in module header: at line 3: error in XML parser: {fatal,{{invalid_name,"<\"Down"},
                             {file,file_name_unknown},
                             {line,26},
                             {col,8}}}.
edoc: skipping source file '/home/pete/wefwefwef/docs/other/1259960044/gettexter-branch-master/gettexter/src/gettexter_mo_parser.erl': {'EXIT',
                                                                                                                                  error}.
edoc: error in doclet 'edoc_doclet': {'EXIT',error}.
Error generating gettexter XMLs. Using fallback ...
Generating XML gettexter - gettexter "/home/pete/wefwefwef/docs/other/1259960044/gettexter-branch-master/gettexter/src/gettexter.erl" -> "/home/pete/wefwefwef/docs/other/1259960044/repo/master/.xml/gettexter/gettexter.xml"
/home/pete/wefwefwef/docs/other/1259960044/gettexter-branch-master/gettexter/src/gettexter.erl, in module header: at line 4: multiple @copyright tag.
Error generating XML ("/home/pete/wefwefwef/docs/other/1259960044/gettexter-branch-master/gettexter/src/gettexter.erl"): {'EXIT',
                                                                                                                          error}
Generating XML gettexter - gettexter_app "/home/pete/wefwefwef/docs/other/1259960044/gettexter-branch-master/gettexter/src/gettexter_app.erl" -> "/home/pete/wefwefwef/docs/other/1259960044/repo/master/.xml/gettexter/gettexter_app.xml"
Generating XML gettexter - gettexter_mo_parser "/home/pete/wefwefwef/docs/other/1259960044/gettexter-branch-master/gettexter/src/gettexter_mo_parser.erl" -> "/home/pete/wefwefwef/docs/other/1259960044/repo/master/.xml/gettexter/gettexter_mo_parser.xml"
2990- fatal: {invalid_name,"<\"Down"}
/home/pete/wefwefwef/docs/other/1259960044/gettexter-branch-master/gettexter/src/gettexter_mo_parser.erl, in module header: at line 3: error in XML parser: {fatal,{{invalid_name,"<\"Down"},
                             {file,file_name_unknown},
                             {line,26},
                             {col,8}}}.
Error generating XML ("/home/pete/wefwefwef/docs/other/1259960044/gettexter-branch-master/gettexter/src/gettexter_mo_parser.erl"): {'EXIT',
                                                                                                                                    error}
Generating XML gettexter - gettexter_plural "/home/pete/wefwefwef/docs/other/1259960044/gettexter-branch-master/gettexter/src/gettexter_plural.erl" -> "/home/pete/wefwefwef/docs/other/1259960044/repo/master/.xml/gettexter/gettexter_plural.xml"
Generating XML gettexter - gettexter_server "/home/pete/wefwefwef/docs/other/1259960044/gettexter-branch-master/gettexter/src/gettexter_server.erl" -> "/home/pete/wefwefwef/docs/other/1259960044/repo/master/.xml/gettexter/gettexter_server.xml"
Generating XML gettexter - gettexter_sup "/home/pete/wefwefwef/docs/other/1259960044/gettexter-branch-master/gettexter/src/gettexter_sup.erl" -> "/home/pete/wefwefwef/docs/other/1259960044/repo/master/.xml/gettexter/gettexter_sup.xml"
Generating HTML - gettexter_sup "/home/pete/wefwefwef/docs/other/1259960044/repo/master/.xml/gettexter/gettexter_sup.xml"
Generating HTML - gettexter_server "/home/pete/wefwefwef/docs/other/1259960044/repo/master/.xml/gettexter/gettexter_server.xml"
Generating HTML - gettexter_plural "/home/pete/wefwefwef/docs/other/1259960044/repo/master/.xml/gettexter/gettexter_plural.xml"
Generating HTML - gettexter_app "/home/pete/wefwefwef/docs/other/1259960044/repo/master/.xml/gettexter/gettexter_app.xml"
Reading XML for "/home/pete/wefwefwef/docs/other/1259960044/repo/master/.xml/gettexter/gettexter_sup.xml"
Reading XML for "/home/pete/wefwefwef/docs/other/1259960044/repo/master/.xml/gettexter/gettexter_server.xml"
Reading XML for "/home/pete/wefwefwef/docs/other/1259960044/repo/master/.xml/gettexter/gettexter_plural.xml"
Reading XML for "/home/pete/wefwefwef/docs/other/1259960044/repo/master/.xml/gettexter/gettexter_app.xml"
Reading XML for "/home/pete/wefwefwef/docs/other/1259960044/repo/master/.xml/specs_gettexter_sup.xml"
Reading XML for "/home/pete/wefwefwef/docs/other/1259960044/repo/master/.xml/specs_gettexter_app.xml"
Reading XML for "/home/pete/wefwefwef/docs/other/1259960044/repo/master/.xml/specs_gettexter_server.xml"
Reading XML for "/home/pete/wefwefwef/docs/other/1259960044/repo/master/.xml/specs_gettexter_plural.xml"
Creating index.html ...
Creating erldocs_index.js ...
Woot, finished in 0 Minutes 0 Seconds
 :: Discovering other repos
$ 5000  `rm -r '/home/pete/wefwefwef/docs/other/1259960044/gettexter-branch-master'  2>&1`
 :: Finishing up
$ 5000  `rm -r '/home/pete/wefwefwef/docs/other/1259960044/gettexter'  2>&1`
