 :: Extracting meta information
$ 5000  `git ls-remote --heads --tags 'https://github.com/erlangdev/sql-where'  2>&1`
>>> [repo] 2 branches, 2 tags
 :: Writing meta to "/home/pete/wefwefwef/docs/other/8702045435/meta.txt"
 :: Processing https://github.com/erlangdev/sql-where	{rev,tag,"0.1","f0f1f9926b46fbdc112419a7d7a7ba6cd734027b"}
 :: Fetching repo code
$ cd "/home/pete/wefwefwef/docs/other/8702045435/sql-where-tag-0.1/sql-where"
$ infinity  `curl --fail --silent --show-error --location --output '0.1.zip' 'https://github.com/erlangdev/sql-where/archive/0.1.zip'  2>&1`
$ cd "/home/pete/wefwefwef/docs/erldocs_other.git"
$ cd "/home/pete/wefwefwef/docs/other/8702045435/sql-where-tag-0.1/sql-where"
$ 5000  `find -P . -type l -delete  2>&1`
$ cd "/home/pete/wefwefwef/docs/erldocs_other.git"
$ cd "/home/pete/wefwefwef/docs/other/8702045435/sql-where-tag-0.1/sql-where"
$ 5000  `find 'sql-where-0.1' -mindepth 1 -maxdepth 1 -exec mv -t . -- {} +  2>&1`
$ cd "/home/pete/wefwefwef/docs/erldocs_other.git"
 :: Getting dependencies
$ cd "/home/pete/wefwefwef/docs/other/8702045435/sql-where-tag-0.1/sql-where"
$ 5000  `ls -1 deps/  2>&1`
$ cd "/home/pete/wefwefwef/docs/erldocs_other.git"
>>> [rebar] deps = []
 :: Generating erldocs into /home/pete/wefwefwef/docs/other/8702045435/repo/0.1
Building sql-where
Generating Type Specs - "/home/pete/wefwefwef/docs/other/8702045435/sql-where-tag-0.1/sql-where/src/sql_where.erl"
EDoc could not process file '/home/pete/wefwefwef/docs/other/8702045435/sql-where-tag-0.1/sql-where/src/sql_where.erl'
Error generating type specs for "/home/pete/wefwefwef/docs/other/8702045435/sql-where-tag-0.1/sql-where/src/sql_where.erl"
Generating XML for application sql-where "/home/pete/wefwefwef/docs/other/8702045435/sql-where-tag-0.1/sql-where" -> "/home/pete/wefwefwef/docs/other/8702045435/repo/0.1/.xml/sql-where"
edoc: skipping source file '/home/pete/wefwefwef/docs/other/8702045435/sql-where-tag-0.1/sql-where/src/sql_where.erl': {'EXIT',
                                                                                                                  {system_limit,
                                                                                                                   [{ets,
                                                                                                                     new,
                                                                                                                     [etypes,
                                                                                                                      [ordered_set]],
                                                                                                                     []},
                                                                                                                    {edoc_specs,
                                                                                                                     add_data,
                                                                                                                     4,
                                                                                                                     [{file,
                                                                                                                       "edoc_specs.erl"},
                                                                                                                      {line,
                                                                                                                       109}]},
                                                                                                                    {edoc_extract,
                                                                                                                     source1,
                                                                                                                     5,
                                                                                                                     [{file,
                                                                                                                       [...]},
                                                                                                                      {line,...}]},
                                                                                                                    {edoc_doclet,
                                                                                                                     source,
                                                                                                                     9,
                                                                                                                     [{file,...},
                                                                                                                      {...}]},
                                                                                                                    {lists,
                                                                                                                     foldl,
                                                                                                                     3,
                                                                                                                     [{...}|...]},
                                                                                                                    {edoc_doclet,
                                                                                                                     sources,
                                                                                                                     5,
                                                                                                                     [...]},
                                                                                                                    {edoc_doclet,
                                                                                                                     gen,
                                                                                                                     6,...},
                                                                                                                    {edoc_lib,
                                                                                                                     run_plugin,...}]}}.
edoc: error in doclet 'edoc_doclet': {'EXIT',error}.
Error generating sql-where XMLs. Using fallback ...
Generating XML sql-where - sql_where "/home/pete/wefwefwef/docs/other/8702045435/sql-where-tag-0.1/sql-where/src/sql_where.erl" -> "/home/pete/wefwefwef/docs/other/8702045435/repo/0.1/.xml/sql-where/sql_where.xml"
Error generating XML ("/home/pete/wefwefwef/docs/other/8702045435/sql-where-tag-0.1/sql-where/src/sql_where.erl"): {'EXIT',
                                                                                                                    {system_limit,
                                                                                                                     [{ets,
                                                                                                                       new,
                                                                                                                       [etypes,
                                                                                                                        [ordered_set]],
                                                                                                                       []},
                                                                                                                      {edoc_specs,
                                                                                                                       add_data,
                                                                                                                       4,
                                                                                                                       [{file,
                                                                                                                         "edoc_specs.erl"},
                                                                                                                        {line,
                                                                                                                         109}]},
                                                                                                                      {edoc_extract,
                                                                                                                       source1,
                                                                                                                       5,
                                                                                                                       [{file,
                                                                                                                         "edoc_extract.erl"},
                                                                                                                        {line,
                                                                                                                         130}]},
                                                                                                                      {edoc,
                                                                                                                       read,
                                                                                                                       2,
                                                                                                                       [{file,
                                                                                                                         "edoc.erl"},
                                                                                                                        {line,
                                                                                                                         538}]},
                                                                                                                      {edoc,
                                                                                                                       file,
                                                                                                                       2,
                                                                                                                       [{file,
                                                                                                                         "edoc.erl"},
                                                                                                                        {line,
                                                                                                                         116}]},
                                                                                                                      {erldocs_core,
                                                                                                                       '-gen_docsrc/4-fun-1-',
                                                                                                                       5,
                                                                                                                       [{file,
                                                                                                                         "src/erldocs_core.erl"},
                                                                                                                        {line,
                                                                                                                         201}]},
                                                                                                                      {lists,
                                                                                                                       foldl,
                                                                                                                       3,
                                                                                                                       [{file,
                                                                                                                         "lists.erl"},
                                                                                                                        {line,
                                                                                                                         1261}]},
                                                                                                                      {erldocs_core,
                                                                                                                       tmp_cd,
                                                                                                                       2,
                                                                                                                       [{file,
                                                                                                                         "src/erldocs_core.erl"},
                                                                                                                        {line,
                                                                                                                         224}]}]}}
No documentation was generated!
Woot, finished in 0 Minutes 0 Seconds
 :: Discovering other repos
$ 5000  `rm -r '/home/pete/wefwefwef/docs/other/8702045435/sql-where-tag-0.1'  2>&1`
 :: Processing https://github.com/erlangdev/sql-where	{rev,tag,"0.1.1","2283899a383d3a354e18499aa1282316c9e6e29c"}
 :: Fetching repo code
$ cd "/home/pete/wefwefwef/docs/other/8702045435/sql-where-tag-0.1.1/sql-where"
$ infinity  `curl --fail --silent --show-error --location --output '0.1.1.zip' 'https://github.com/erlangdev/sql-where/archive/0.1.1.zip'  2>&1`
$ cd "/home/pete/wefwefwef/docs/erldocs_other.git"
$ cd "/home/pete/wefwefwef/docs/other/8702045435/sql-where-tag-0.1.1/sql-where"
$ 5000  `find -P . -type l -delete  2>&1`
$ cd "/home/pete/wefwefwef/docs/erldocs_other.git"
$ cd "/home/pete/wefwefwef/docs/other/8702045435/sql-where-tag-0.1.1/sql-where"
$ 5000  `find 'sql-where-0.1.1' -mindepth 1 -maxdepth 1 -exec mv -t . -- {} +  2>&1`
$ cd "/home/pete/wefwefwef/docs/erldocs_other.git"
 :: Getting dependencies
$ cd "/home/pete/wefwefwef/docs/other/8702045435/sql-where-tag-0.1.1/sql-where"
$ 5000  `ls -1 deps/  2>&1`
$ cd "/home/pete/wefwefwef/docs/erldocs_other.git"
>>> [rebar] deps = []
 :: Generating erldocs into /home/pete/wefwefwef/docs/other/8702045435/repo/0.1.1
Building sql-where
Generating Type Specs - "/home/pete/wefwefwef/docs/other/8702045435/sql-where-tag-0.1.1/sql-where/src/sql_where.erl"
EDoc could not process file '/home/pete/wefwefwef/docs/other/8702045435/sql-where-tag-0.1.1/sql-where/src/sql_where.erl'
Error generating type specs for "/home/pete/wefwefwef/docs/other/8702045435/sql-where-tag-0.1.1/sql-where/src/sql_where.erl"
Generating XML for application sql-where "/home/pete/wefwefwef/docs/other/8702045435/sql-where-tag-0.1.1/sql-where" -> "/home/pete/wefwefwef/docs/other/8702045435/repo/0.1.1/.xml/sql-where"
edoc: skipping source file '/home/pete/wefwefwef/docs/other/8702045435/sql-where-tag-0.1.1/sql-where/src/sql_where.erl': {'EXIT',
                                                                                                                    {system_limit,
                                                                                                                     [{ets,
                                                                                                                       new,
                                                                                                                       [etypes,
                                                                                                                        [ordered_set]],
                                                                                                                       []},
                                                                                                                      {edoc_specs,
                                                                                                                       add_data,
                                                                                                                       4,
                                                                                                                       [{file,
                                                                                                                         "edoc_specs.erl"},
                                                                                                                        {line,
                                                                                                                         109}]},
                                                                                                                      {edoc_extract,
                                                                                                                       source1,
                                                                                                                       5,
                                                                                                                       [{file,
                                                                                                                         [...]},
                                                                                                                        {line,...}]},
                                                                                                                      {edoc_doclet,
                                                                                                                       source,
                                                                                                                       9,
                                                                                                                       [{file,...},
                                                                                                                        {...}]},
                                                                                                                      {lists,
                                                                                                                       foldl,
                                                                                                                       3,
                                                                                                                       [{...}|...]},
                                                                                                                      {edoc_doclet,
                                                                                                                       sources,
                                                                                                                       5,
                                                                                                                       [...]},
                                                                                                                      {edoc_doclet,
                                                                                                                       gen,
                                                                                                                       6,...},
                                                                                                                      {edoc_lib,
                                                                                                                       run_plugin,...}]}}.
edoc: error in doclet 'edoc_doclet': {'EXIT',error}.
Error generating sql-where XMLs. Using fallback ...
Generating XML sql-where - sql_where "/home/pete/wefwefwef/docs/other/8702045435/sql-where-tag-0.1.1/sql-where/src/sql_where.erl" -> "/home/pete/wefwefwef/docs/other/8702045435/repo/0.1.1/.xml/sql-where/sql_where.xml"
Error generating XML ("/home/pete/wefwefwef/docs/other/8702045435/sql-where-tag-0.1.1/sql-where/src/sql_where.erl"): {'EXIT',
                                                                                                                      {system_limit,
                                                                                                                       [{ets,
                                                                                                                         new,
                                                                                                                         [etypes,
                                                                                                                          [ordered_set]],
                                                                                                                         []},
                                                                                                                        {edoc_specs,
                                                                                                                         add_data,
                                                                                                                         4,
                                                                                                                         [{file,
                                                                                                                           "edoc_specs.erl"},
                                                                                                                          {line,
                                                                                                                           109}]},
                                                                                                                        {edoc_extract,
                                                                                                                         source1,
                                                                                                                         5,
                                                                                                                         [{file,
                                                                                                                           "edoc_extract.erl"},
                                                                                                                          {line,
                                                                                                                           130}]},
                                                                                                                        {edoc,
                                                                                                                         read,
                                                                                                                         2,
                                                                                                                         [{file,
                                                                                                                           "edoc.erl"},
                                                                                                                          {line,
                                                                                                                           538}]},
                                                                                                                        {edoc,
                                                                                                                         file,
                                                                                                                         2,
                                                                                                                         [{file,
                                                                                                                           "edoc.erl"},
                                                                                                                          {line,
                                                                                                                           116}]},
                                                                                                                        {erldocs_core,
                                                                                                                         '-gen_docsrc/4-fun-1-',
                                                                                                                         5,
                                                                                                                         [{file,
                                                                                                                           "src/erldocs_core.erl"},
                                                                                                                          {line,
                                                                                                                           201}]},
                                                                                                                        {lists,
                                                                                                                         foldl,
                                                                                                                         3,
                                                                                                                         [{file,
                                                                                                                           "lists.erl"},
                                                                                                                          {line,
                                                                                                                           1261}]},
                                                                                                                        {erldocs_core,
                                                                                                                         tmp_cd,
                                                                                                                         2,
                                                                                                                         [{file,
                                                                                                                           "src/erldocs_core.erl"},
                                                                                                                          {line,
                                                                                                                           224}]}]}}
No documentation was generated!
Woot, finished in 0 Minutes 0 Seconds
 :: Discovering other repos
$ 5000  `rm -r '/home/pete/wefwefwef/docs/other/8702045435/sql-where-tag-0.1.1'  2>&1`
 :: Processing https://github.com/erlangdev/sql-where	{rev,branch,"dev","11ab8ee289a21cb194f5c97efc5fb6b17a64ac64"}
 :: Fetching repo code
$ cd "/home/pete/wefwefwef/docs/other/8702045435/sql-where-branch-dev/sql-where"
$ infinity  `curl --fail --silent --show-error --location --output 'dev.zip' 'https://github.com/erlangdev/sql-where/archive/dev.zip'  2>&1`
$ cd "/home/pete/wefwefwef/docs/erldocs_other.git"
$ cd "/home/pete/wefwefwef/docs/other/8702045435/sql-where-branch-dev/sql-where"
$ 5000  `find -P . -type l -delete  2>&1`
$ cd "/home/pete/wefwefwef/docs/erldocs_other.git"
$ cd "/home/pete/wefwefwef/docs/other/8702045435/sql-where-branch-dev/sql-where"
$ 5000  `find 'sql-where-dev' -mindepth 1 -maxdepth 1 -exec mv -t . -- {} +  2>&1`
$ cd "/home/pete/wefwefwef/docs/erldocs_other.git"
 :: Getting dependencies
$ cd "/home/pete/wefwefwef/docs/other/8702045435/sql-where-branch-dev/sql-where"
$ 5000  `ls -1 deps/  2>&1`
$ cd "/home/pete/wefwefwef/docs/erldocs_other.git"
>>> [rebar] deps = []
 :: Generating erldocs into /home/pete/wefwefwef/docs/other/8702045435/repo/dev
Building sql-where
Generating Type Specs - "/home/pete/wefwefwef/docs/other/8702045435/sql-where-branch-dev/sql-where/src/sql_where.erl"
EDoc could not process file '/home/pete/wefwefwef/docs/other/8702045435/sql-where-branch-dev/sql-where/src/sql_where.erl'
Error generating type specs for "/home/pete/wefwefwef/docs/other/8702045435/sql-where-branch-dev/sql-where/src/sql_where.erl"
Generating XML for application sql-where "/home/pete/wefwefwef/docs/other/8702045435/sql-where-branch-dev/sql-where" -> "/home/pete/wefwefwef/docs/other/8702045435/repo/dev/.xml/sql-where"
edoc: skipping source file '/home/pete/wefwefwef/docs/other/8702045435/sql-where-branch-dev/sql-where/src/sql_where.erl': {'EXIT',
                                                                                                                     {system_limit,
                                                                                                                      [{ets,
                                                                                                                        new,
                                                                                                                        [etypes,
                                                                                                                         [ordered_set]],
                                                                                                                        []},
                                                                                                                       {edoc_specs,
                                                                                                                        add_data,
                                                                                                                        4,
                                                                                                                        [{file,
                                                                                                                          "edoc_specs.erl"},
                                                                                                                         {line,
                                                                                                                          109}]},
                                                                                                                       {edoc_extract,
                                                                                                                        source1,
                                                                                                                        5,
                                                                                                                        [{file,
                                                                                                                          [...]},
                                                                                                                         {line,...}]},
                                                                                                                       {edoc_doclet,
                                                                                                                        source,
                                                                                                                        9,
                                                                                                                        [{file,...},
                                                                                                                         {...}]},
                                                                                                                       {lists,
                                                                                                                        foldl,
                                                                                                                        3,
                                                                                                                        [{...}|...]},
                                                                                                                       {edoc_doclet,
                                                                                                                        sources,
                                                                                                                        5,
                                                                                                                        [...]},
                                                                                                                       {edoc_doclet,
                                                                                                                        gen,
                                                                                                                        6,...},
                                                                                                                       {edoc_lib,
                                                                                                                        run_plugin,...}]}}.
edoc: error in doclet 'edoc_doclet': {'EXIT',error}.
Error generating sql-where XMLs. Using fallback ...
Generating XML sql-where - sql_where "/home/pete/wefwefwef/docs/other/8702045435/sql-where-branch-dev/sql-where/src/sql_where.erl" -> "/home/pete/wefwefwef/docs/other/8702045435/repo/dev/.xml/sql-where/sql_where.xml"
Error generating XML ("/home/pete/wefwefwef/docs/other/8702045435/sql-where-branch-dev/sql-where/src/sql_where.erl"): {'EXIT',
                                                                                                                       {system_limit,
                                                                                                                        [{ets,
                                                                                                                          new,
                                                                                                                          [etypes,
                                                                                                                           [ordered_set]],
                                                                                                                          []},
                                                                                                                         {edoc_specs,
                                                                                                                          add_data,
                                                                                                                          4,
                                                                                                                          [{file,
                                                                                                                            "edoc_specs.erl"},
                                                                                                                           {line,
                                                                                                                            109}]},
                                                                                                                         {edoc_extract,
                                                                                                                          source1,
                                                                                                                          5,
                                                                                                                          [{file,
                                                                                                                            "edoc_extract.erl"},
                                                                                                                           {line,
                                                                                                                            130}]},
                                                                                                                         {edoc,
                                                                                                                          read,
                                                                                                                          2,
                                                                                                                          [{file,
                                                                                                                            "edoc.erl"},
                                                                                                                           {line,
                                                                                                                            538}]},
                                                                                                                         {edoc,
                                                                                                                          file,
                                                                                                                          2,
                                                                                                                          [{file,
                                                                                                                            "edoc.erl"},
                                                                                                                           {line,
                                                                                                                            116}]},
                                                                                                                         {erldocs_core,
                                                                                                                          '-gen_docsrc/4-fun-1-',
                                                                                                                          5,
                                                                                                                          [{file,
                                                                                                                            "src/erldocs_core.erl"},
                                                                                                                           {line,
                                                                                                                            201}]},
                                                                                                                         {lists,
                                                                                                                          foldl,
                                                                                                                          3,
                                                                                                                          [{file,
                                                                                                                            "lists.erl"},
                                                                                                                           {line,
                                                                                                                            1261}]},
                                                                                                                         {erldocs_core,
                                                                                                                          tmp_cd,
                                                                                                                          2,
                                                                                                                          [{file,
                                                                                                                            "src/erldocs_core.erl"},
                                                                                                                           {line,
                                                                                                                            224}]}]}}
No documentation was generated!
Woot, finished in 0 Minutes 0 Seconds
 :: Discovering other repos
$ 5000  `rm -r '/home/pete/wefwefwef/docs/other/8702045435/sql-where-branch-dev'  2>&1`
 :: Processing https://github.com/erlangdev/sql-where	{rev,branch,"master","2283899a383d3a354e18499aa1282316c9e6e29c"}
 :: Fetching repo code
$ cd "/home/pete/wefwefwef/docs/other/8702045435/sql-where-branch-master/sql-where"
$ infinity  `curl --fail --silent --show-error --location --output 'master.zip' 'https://github.com/erlangdev/sql-where/archive/master.zip'  2>&1`
$ cd "/home/pete/wefwefwef/docs/erldocs_other.git"
$ cd "/home/pete/wefwefwef/docs/other/8702045435/sql-where-branch-master/sql-where"
$ 5000  `find -P . -type l -delete  2>&1`
$ cd "/home/pete/wefwefwef/docs/erldocs_other.git"
$ cd "/home/pete/wefwefwef/docs/other/8702045435/sql-where-branch-master/sql-where"
$ 5000  `find 'sql-where-master' -mindepth 1 -maxdepth 1 -exec mv -t . -- {} +  2>&1`
$ cd "/home/pete/wefwefwef/docs/erldocs_other.git"
 :: Getting dependencies
$ cd "/home/pete/wefwefwef/docs/other/8702045435/sql-where-branch-master/sql-where"
$ 5000  `ls -1 deps/  2>&1`
$ cd "/home/pete/wefwefwef/docs/erldocs_other.git"
>>> [rebar] deps = []
 :: Generating erldocs into /home/pete/wefwefwef/docs/other/8702045435/repo/master
Building sql-where
Generating Type Specs - "/home/pete/wefwefwef/docs/other/8702045435/sql-where-branch-master/sql-where/src/sql_where.erl"
EDoc could not process file '/home/pete/wefwefwef/docs/other/8702045435/sql-where-branch-master/sql-where/src/sql_where.erl'
Error generating type specs for "/home/pete/wefwefwef/docs/other/8702045435/sql-where-branch-master/sql-where/src/sql_where.erl"
Generating XML for application sql-where "/home/pete/wefwefwef/docs/other/8702045435/sql-where-branch-master/sql-where" -> "/home/pete/wefwefwef/docs/other/8702045435/repo/master/.xml/sql-where"
edoc: skipping source file '/home/pete/wefwefwef/docs/other/8702045435/sql-where-branch-master/sql-where/src/sql_where.erl': {'EXIT',
                                                                                                                        {system_limit,
                                                                                                                         [{ets,
                                                                                                                           new,
                                                                                                                           [etypes,
                                                                                                                            [ordered_set]],
                                                                                                                           []},
                                                                                                                          {edoc_specs,
                                                                                                                           add_data,
                                                                                                                           4,
                                                                                                                           [{file,
                                                                                                                             "edoc_specs.erl"},
                                                                                                                            {line,
                                                                                                                             109}]},
                                                                                                                          {edoc_extract,
                                                                                                                           source1,
                                                                                                                           5,
                                                                                                                           [{file,
                                                                                                                             [...]},
                                                                                                                            {line,...}]},
                                                                                                                          {edoc_doclet,
                                                                                                                           source,
                                                                                                                           9,
                                                                                                                           [{file,...},
                                                                                                                            {...}]},
                                                                                                                          {lists,
                                                                                                                           foldl,
                                                                                                                           3,
                                                                                                                           [{...}|...]},
                                                                                                                          {edoc_doclet,
                                                                                                                           sources,
                                                                                                                           5,
                                                                                                                           [...]},
                                                                                                                          {edoc_doclet,
                                                                                                                           gen,
                                                                                                                           6,...},
                                                                                                                          {edoc_lib,
                                                                                                                           run_plugin,...}]}}.
edoc: error in doclet 'edoc_doclet': {'EXIT',error}.
Error generating sql-where XMLs. Using fallback ...
Generating XML sql-where - sql_where "/home/pete/wefwefwef/docs/other/8702045435/sql-where-branch-master/sql-where/src/sql_where.erl" -> "/home/pete/wefwefwef/docs/other/8702045435/repo/master/.xml/sql-where/sql_where.xml"
Error generating XML ("/home/pete/wefwefwef/docs/other/8702045435/sql-where-branch-master/sql-where/src/sql_where.erl"): {'EXIT',
                                                                                                                          {system_limit,
                                                                                                                           [{ets,
                                                                                                                             new,
                                                                                                                             [etypes,
                                                                                                                              [ordered_set]],
                                                                                                                             []},
                                                                                                                            {edoc_specs,
                                                                                                                             add_data,
                                                                                                                             4,
                                                                                                                             [{file,
                                                                                                                               "edoc_specs.erl"},
                                                                                                                              {line,
                                                                                                                               109}]},
                                                                                                                            {edoc_extract,
                                                                                                                             source1,
                                                                                                                             5,
                                                                                                                             [{file,
                                                                                                                               "edoc_extract.erl"},
                                                                                                                              {line,
                                                                                                                               130}]},
                                                                                                                            {edoc,
                                                                                                                             read,
                                                                                                                             2,
                                                                                                                             [{file,
                                                                                                                               "edoc.erl"},
                                                                                                                              {line,
                                                                                                                               538}]},
                                                                                                                            {edoc,
                                                                                                                             file,
                                                                                                                             2,
                                                                                                                             [{file,
                                                                                                                               "edoc.erl"},
                                                                                                                              {line,
                                                                                                                               116}]},
                                                                                                                            {erldocs_core,
                                                                                                                             '-gen_docsrc/4-fun-1-',
                                                                                                                             5,
                                                                                                                             [{file,
                                                                                                                               "src/erldocs_core.erl"},
                                                                                                                              {line,
                                                                                                                               201}]},
                                                                                                                            {lists,
                                                                                                                             foldl,
                                                                                                                             3,
                                                                                                                             [{file,
                                                                                                                               "lists.erl"},
                                                                                                                              {line,
                                                                                                                               1261}]},
                                                                                                                            {erldocs_core,
                                                                                                                             tmp_cd,
                                                                                                                             2,
                                                                                                                             [{file,
                                                                                                                               "src/erldocs_core.erl"},
                                                                                                                              {line,
                                                                                                                               224}]}]}}
No documentation was generated!
Woot, finished in 0 Minutes 0 Seconds
 :: Discovering other repos
$ 5000  `rm -r '/home/pete/wefwefwef/docs/other/8702045435/sql-where-branch-master'  2>&1`
 :: Erldocs finishing up
$ 5000  `rm -r '/home/pete/wefwefwef/docs/other/8702045435/sql-where'  2>&1`
$ 5000  `rm -r '/home/pete/wefwefwef/docs/other/8702045435/repo/0.1'  2>&1`
$ 5000  `rm -r '/home/pete/wefwefwef/docs/other/8702045435/repo/0.1.1'  2>&1`
$ 5000  `rm -r '/home/pete/wefwefwef/docs/other/8702045435/repo/dev'  2>&1`
$ 5000  `rm -r '/home/pete/wefwefwef/docs/other/8702045435/repo/master'  2>&1`
