 :: Extracting meta information
$ infinity  `git ls-remote --heads --tags 'https://github.com/mururu/erlang-hcl'  2>&1`
>>> [repo] 1 branches, 0 tags
 :: Writing meta to "/home/pete/wefwefwef/docs/other/7b57e7481c9462d58e1957fecff363bc/meta.txt"
 :: Processing https://github.com/mururu/erlang-hcl	{rev,branch,"master","37af9fdd407c01a9cf06ef79a491efe6eb8bb797",undefined,[],[]}
 :: Fetching repo code
$ cd '/home/pete/wefwefwef/docs/other/7b57e7481c9462d58e1957fecff363bc/erlang-hcl-branch-master'
$ infinity  `curl --fail --silent --show-error --location --output repo.zip 'https://github.com/mururu/erlang-hcl/archive/master.zip'  2>&1`
$ cd '/home/pete/wefwefwef/docs/erldocs_other.git'
$ cd '/home/pete/wefwefwef/docs/other/7b57e7481c9462d58e1957fecff363bc/erlang-hcl-branch-master/erlang-hcl-master'
$ 5000  `find -P . -type l -delete  2>&1`
$ cd '/home/pete/wefwefwef/docs/erldocs_other.git'
$ 5000  `mv '/home/pete/wefwefwef/docs/other/7b57e7481c9462d58e1957fecff363bc/erlang-hcl-branch-master/erlang-hcl-master' '/home/pete/wefwefwef/docs/other/7b57e7481c9462d58e1957fecff363bc/erlang-hcl-branch-master/erlang-hcl'  2>&1`
 :: Getting dependencies
$ cd '/home/pete/wefwefwef/docs/other/7b57e7481c9462d58e1957fecff363bc/erlang-hcl-branch-master/erlang-hcl'
$ 5000  `ls -1 deps/  2>&1`
$ cd '/home/pete/wefwefwef/docs/erldocs_other.git'
>>> [rebar] deps = []
 :: Generating erldocs into /home/pete/wefwefwef/docs/other/7b57e7481c9462d58e1957fecff363bc/repo/master
Building erlang-hcl
Generating Type Specs - "/home/pete/wefwefwef/docs/other/7b57e7481c9462d58e1957fecff363bc/erlang-hcl-branch-master/erlang-hcl/src/hcl.erl"
Generating Type Specs - "/home/pete/wefwefwef/docs/other/7b57e7481c9462d58e1957fecff363bc/erlang-hcl-branch-master/erlang-hcl/src/hcl_lexer.erl"
Generating XML for application erlang-hcl "/home/pete/wefwefwef/docs/other/7b57e7481c9462d58e1957fecff363bc/erlang-hcl-branch-master/erlang-hcl" -> "/home/pete/wefwefwef/docs/other/7b57e7481c9462d58e1957fecff363bc/repo/master/.xml/erlang-hcl"
Generated erlang-hcl XMLs: ["/home/pete/wefwefwef/docs/other/7b57e7481c9462d58e1957fecff363bc/repo/master/.xml/erlang-hcl/hcl.xml",
                            "/home/pete/wefwefwef/docs/other/7b57e7481c9462d58e1957fecff363bc/repo/master/.xml/erlang-hcl/hcl_lexer.xml"]
Generating HTML - hcl_lexer "/home/pete/wefwefwef/docs/other/7b57e7481c9462d58e1957fecff363bc/repo/master/.xml/erlang-hcl/hcl_lexer.xml"
Reading XML for "/home/pete/wefwefwef/docs/other/7b57e7481c9462d58e1957fecff363bc/repo/master/.xml/erlang-hcl/hcl_lexer.xml"
Reading XML for "/home/pete/wefwefwef/docs/other/7b57e7481c9462d58e1957fecff363bc/repo/master/.xml/specs_hcl_lexer.xml"
Generating HTML - hcl "/home/pete/wefwefwef/docs/other/7b57e7481c9462d58e1957fecff363bc/repo/master/.xml/erlang-hcl/hcl.xml"
Reading XML for "/home/pete/wefwefwef/docs/other/7b57e7481c9462d58e1957fecff363bc/repo/master/.xml/erlang-hcl/hcl.xml"
Reading XML for "/home/pete/wefwefwef/docs/other/7b57e7481c9462d58e1957fecff363bc/repo/master/.xml/specs_hcl.xml"
Creating index.html ...
Creating erldocs_index.js ...
Woot, finished in 0 Minutes 0 Seconds
 :: Discovering other repos
$ 5000  `rm -r '/home/pete/wefwefwef/docs/other/7b57e7481c9462d58e1957fecff363bc/erlang-hcl-branch-master'  2>&1`
 :: Finishing up
$ 5000  `rm -r '/home/pete/wefwefwef/docs/other/7b57e7481c9462d58e1957fecff363bc/erlang-hcl'  2>&1`
