 :: Extracting meta information
$ 5000  `git ls-remote --heads --tags 'https://github.com/arobson/elli_websockets'  2>&1`
>>> [repo] 1 branches, 0 tags
 :: Writing meta to "/home/pete/wefwefwef/docs/other/4345769883/meta.txt"
 :: Processing https://github.com/arobson/elli_websockets	{rev,branch,"master","fc93c55e51d8c40c950616ab21f234b38ddf8fdd"}
 :: Fetching repo code
$ cd "/home/pete/wefwefwef/docs/other/4345769883/elli_websockets-branch-master/elli_websockets"
$ infinity  `curl --fail --silent --show-error --location --output 'master.zip' 'https://github.com/arobson/elli_websockets/archive/master.zip'  2>&1`
$ cd "/home/pete/wefwefwef/docs/erldocs_other.git"
$ cd "/home/pete/wefwefwef/docs/other/4345769883/elli_websockets-branch-master/elli_websockets"
$ 5000  `find -P . -type l -delete  2>&1`
$ cd "/home/pete/wefwefwef/docs/erldocs_other.git"
$ cd "/home/pete/wefwefwef/docs/other/4345769883/elli_websockets-branch-master/elli_websockets"
$ 5000  `find 'elli_websockets-master' -mindepth 1 -maxdepth 1 -exec mv -t . -- {} +  2>&1`
$ cd "/home/pete/wefwefwef/docs/erldocs_other.git"
 :: Getting dependencies
$ cd "/home/pete/wefwefwef/docs/other/4345769883/elli_websockets-branch-master/elli_websockets"
$ 5000  `ls -1 deps/  2>&1`
$ cd "/home/pete/wefwefwef/docs/erldocs_other.git"
>>> [rebar] deps = []
 :: Generating erldocs into /home/pete/wefwefwef/docs/other/4345769883/repo/master
Building elli_websockets
Generating Type Specs - "/home/pete/wefwefwef/docs/other/4345769883/elli_websockets-branch-master/elli_websockets/src/elli_websocket.erl"
/home/pete/wefwefwef/docs/other/4345769883/elli_websockets-branch-master/elli_websockets/src/elli_websocket.erl: at line 13: can't find include lib "elli/include/elli.hrl"
EDoc could not process file '/home/pete/wefwefwef/docs/other/4345769883/elli_websockets-branch-master/elli_websockets/src/elli_websocket.erl'
Error generating type specs for "/home/pete/wefwefwef/docs/other/4345769883/elli_websockets-branch-master/elli_websockets/src/elli_websocket.erl"
Generating Type Specs - "/home/pete/wefwefwef/docs/other/4345769883/elli_websockets-branch-master/elli_websockets/src/hybi_10_17.erl"
Generating Type Specs - "/home/pete/wefwefwef/docs/other/4345769883/elli_websockets-branch-master/elli_websockets/src/websocket.erl"
Generating XML for application elli_websockets "/home/pete/wefwefwef/docs/other/4345769883/elli_websockets-branch-master/elli_websockets" -> "/home/pete/wefwefwef/docs/other/4345769883/repo/master/.xml/elli_websockets"
/home/pete/wefwefwef/docs/other/4345769883/elli_websockets-branch-master/elli_websockets/src/elli_websocket.erl: at line 13: can't find include lib "elli/include/elli.hrl"
edoc: skipping source file '/home/pete/wefwefwef/docs/other/4345769883/elli_websockets-branch-master/elli_websockets/src/elli_websocket.erl': {'EXIT',
                                                                                                                                         error}.
2990- fatal: {invalid_name,"@metab"}
/home/pete/wefwefwef/docs/other/4345769883/elli_websockets-branch-master/elli_websockets/src/hybi_10_17.erl, in module header: at line 2: error in XML parser: {fatal,{{invalid_name,"@metab"},
                             {file,file_name_unknown},
                             {line,12},
                             {col,52}}}.
edoc: skipping source file '/home/pete/wefwefwef/docs/other/4345769883/elli_websockets-branch-master/elli_websockets/src/hybi_10_17.erl': {'EXIT',
                                                                                                                                     error}.
edoc: error in doclet 'edoc_doclet': {'EXIT',error}.
Error generating elli_websockets XMLs. Using fallback ...
Generating XML elli_websockets - elli_websocket "/home/pete/wefwefwef/docs/other/4345769883/elli_websockets-branch-master/elli_websockets/src/elli_websocket.erl" -> "/home/pete/wefwefwef/docs/other/4345769883/repo/master/.xml/elli_websockets/elli_websocket.xml"
/home/pete/wefwefwef/docs/other/4345769883/elli_websockets-branch-master/elli_websockets/src/elli_websocket.erl: at line 13: can't find include lib "elli/include/elli.hrl"
Error generating XML ("/home/pete/wefwefwef/docs/other/4345769883/elli_websockets-branch-master/elli_websockets/src/elli_websocket.erl"): {'EXIT',
                                                                                                                                           error}
Generating XML elli_websockets - hybi_10_17 "/home/pete/wefwefwef/docs/other/4345769883/elli_websockets-branch-master/elli_websockets/src/hybi_10_17.erl" -> "/home/pete/wefwefwef/docs/other/4345769883/repo/master/.xml/elli_websockets/hybi_10_17.xml"
2990- fatal: {invalid_name,"@metab"}
/home/pete/wefwefwef/docs/other/4345769883/elli_websockets-branch-master/elli_websockets/src/hybi_10_17.erl, in module header: at line 2: error in XML parser: {fatal,{{invalid_name,"@metab"},
                             {file,file_name_unknown},
                             {line,12},
                             {col,52}}}.
Error generating XML ("/home/pete/wefwefwef/docs/other/4345769883/elli_websockets-branch-master/elli_websockets/src/hybi_10_17.erl"): {'EXIT',
                                                                                                                                       error}
Generating XML elli_websockets - websocket "/home/pete/wefwefwef/docs/other/4345769883/elli_websockets-branch-master/elli_websockets/src/websocket.erl" -> "/home/pete/wefwefwef/docs/other/4345769883/repo/master/.xml/elli_websockets/websocket.xml"
Generating HTML - websocket "/home/pete/wefwefwef/docs/other/4345769883/repo/master/.xml/elli_websockets/websocket.xml"
Reading XML for "/home/pete/wefwefwef/docs/other/4345769883/repo/master/.xml/elli_websockets/websocket.xml"
Reading XML for "/home/pete/wefwefwef/docs/other/4345769883/repo/master/.xml/specs_websocket.xml"
Creating index.html ...
Creating erldocs_index.js ...
Woot, finished in 0 Minutes 0 Seconds
 :: Discovering other repos
$ 5000  `rm -r '/home/pete/wefwefwef/docs/other/4345769883/elli_websockets-branch-master'  2>&1`
 :: Erldocs finishing up
$ 5000  `rm -r '/home/pete/wefwefwef/docs/other/4345769883/elli_websockets'  2>&1`
