 :: Extracting meta information
$ 5000  `git ls-remote --heads --tags 'https://github.com/okeuday/quickrand'  2>&1`
>>> [repo] 1 branches, 8 tags
 :: Writing meta to "/home/pete/wefwefwef/docs/other/7159822992/meta.txt"
 :: Processing https://github.com/okeuday/quickrand	{rev,tag,"v1.2.0","054161d48cdb51d0cac4f46f440b1b1f297c7bec",undefined,[],[]}
 :: Fetching repo code
$ cd "/home/pete/wefwefwef/docs/other/7159822992/quickrand-tag-v1.2.0/quickrand"
$ infinity  `curl --fail --silent --show-error --location --output 'v1.2.0.zip' 'https://github.com/okeuday/quickrand/archive/v1.2.0.zip'  2>&1`
$ cd "/home/pete/wefwefwef/docs/erldocs_other.git"
$ cd "/home/pete/wefwefwef/docs/other/7159822992/quickrand-tag-v1.2.0/quickrand"
$ 5000  `find -P . -type l -delete  2>&1`
$ cd "/home/pete/wefwefwef/docs/erldocs_other.git"
$ cd "/home/pete/wefwefwef/docs/other/7159822992/quickrand-tag-v1.2.0/quickrand"
$ 5000  `find 'quickrand-1.2.0' -mindepth 1 -maxdepth 1 -exec mv -t . -- {} +  2>&1`
$ cd "/home/pete/wefwefwef/docs/erldocs_other.git"
 :: Getting dependencies
$ cd "/home/pete/wefwefwef/docs/other/7159822992/quickrand-tag-v1.2.0/quickrand"
$ 5000  `ls -1 deps/  2>&1`
$ cd "/home/pete/wefwefwef/docs/erldocs_other.git"
>>> [rebar] deps = []
 :: Generating erldocs into /home/pete/wefwefwef/docs/other/7159822992/repo/v1.2.0
Building quickrand
Generating Type Specs - "/home/pete/wefwefwef/docs/other/7159822992/quickrand-tag-v1.2.0/quickrand/src/quickrand.erl"
Generating Type Specs - "/home/pete/wefwefwef/docs/other/7159822992/quickrand-tag-v1.2.0/quickrand/src/random_wh06_int.erl"
Generating XML for application quickrand "/home/pete/wefwefwef/docs/other/7159822992/quickrand-tag-v1.2.0/quickrand" -> "/home/pete/wefwefwef/docs/other/7159822992/repo/v1.2.0/.xml/quickrand"
Generated quickrand XMLs: ["/home/pete/wefwefwef/docs/other/7159822992/repo/v1.2.0/.xml/quickrand/quickrand.xml",
                           "/home/pete/wefwefwef/docs/other/7159822992/repo/v1.2.0/.xml/quickrand/random_wh06_int.xml"]
Generating HTML - random_wh06_int "/home/pete/wefwefwef/docs/other/7159822992/repo/v1.2.0/.xml/quickrand/random_wh06_int.xml"
Reading XML for "/home/pete/wefwefwef/docs/other/7159822992/repo/v1.2.0/.xml/quickrand/random_wh06_int.xml"
Reading XML for "/home/pete/wefwefwef/docs/other/7159822992/repo/v1.2.0/.xml/specs_random_wh06_int.xml"
Generating HTML - quickrand "/home/pete/wefwefwef/docs/other/7159822992/repo/v1.2.0/.xml/quickrand/quickrand.xml"
Reading XML for "/home/pete/wefwefwef/docs/other/7159822992/repo/v1.2.0/.xml/quickrand/quickrand.xml"
Reading XML for "/home/pete/wefwefwef/docs/other/7159822992/repo/v1.2.0/.xml/specs_quickrand.xml"
Creating index.html ...
Creating erldocs_index.js ...
Woot, finished in 0 Minutes 0 Seconds
 :: Discovering other repos
$ 5000  `rm -r '/home/pete/wefwefwef/docs/other/7159822992/quickrand-tag-v1.2.0'  2>&1`
 :: Processing https://github.com/okeuday/quickrand	{rev,tag,"v1.3.0","fea4a4162739c9c337b984309fafd1b7501f4c18",undefined,[],[]}
 :: Fetching repo code
$ cd "/home/pete/wefwefwef/docs/other/7159822992/quickrand-tag-v1.3.0/quickrand"
$ infinity  `curl --fail --silent --show-error --location --output 'v1.3.0.zip' 'https://github.com/okeuday/quickrand/archive/v1.3.0.zip'  2>&1`
$ cd "/home/pete/wefwefwef/docs/erldocs_other.git"
$ cd "/home/pete/wefwefwef/docs/other/7159822992/quickrand-tag-v1.3.0/quickrand"
$ 5000  `find -P . -type l -delete  2>&1`
$ cd "/home/pete/wefwefwef/docs/erldocs_other.git"
$ cd "/home/pete/wefwefwef/docs/other/7159822992/quickrand-tag-v1.3.0/quickrand"
$ 5000  `find 'quickrand-1.3.0' -mindepth 1 -maxdepth 1 -exec mv -t . -- {} +  2>&1`
$ cd "/home/pete/wefwefwef/docs/erldocs_other.git"
 :: Getting dependencies
$ cd "/home/pete/wefwefwef/docs/other/7159822992/quickrand-tag-v1.3.0/quickrand"
$ 5000  `ls -1 deps/  2>&1`
$ cd "/home/pete/wefwefwef/docs/erldocs_other.git"
>>> [rebar] deps = []
 :: Generating erldocs into /home/pete/wefwefwef/docs/other/7159822992/repo/v1.3.0
Building quickrand
Generating Type Specs - "/home/pete/wefwefwef/docs/other/7159822992/quickrand-tag-v1.3.0/quickrand/src/quickrand.erl"
Generating Type Specs - "/home/pete/wefwefwef/docs/other/7159822992/quickrand-tag-v1.3.0/quickrand/src/random_wh06_int.erl"
Generating XML for application quickrand "/home/pete/wefwefwef/docs/other/7159822992/quickrand-tag-v1.3.0/quickrand" -> "/home/pete/wefwefwef/docs/other/7159822992/repo/v1.3.0/.xml/quickrand"
Generated quickrand XMLs: ["/home/pete/wefwefwef/docs/other/7159822992/repo/v1.3.0/.xml/quickrand/quickrand.xml",
                           "/home/pete/wefwefwef/docs/other/7159822992/repo/v1.3.0/.xml/quickrand/random_wh06_int.xml"]
Generating HTML - random_wh06_int "/home/pete/wefwefwef/docs/other/7159822992/repo/v1.3.0/.xml/quickrand/random_wh06_int.xml"
Reading XML for "/home/pete/wefwefwef/docs/other/7159822992/repo/v1.3.0/.xml/quickrand/random_wh06_int.xml"
Reading XML for "/home/pete/wefwefwef/docs/other/7159822992/repo/v1.3.0/.xml/specs_random_wh06_int.xml"
Generating HTML - quickrand "/home/pete/wefwefwef/docs/other/7159822992/repo/v1.3.0/.xml/quickrand/quickrand.xml"
Reading XML for "/home/pete/wefwefwef/docs/other/7159822992/repo/v1.3.0/.xml/quickrand/quickrand.xml"
Reading XML for "/home/pete/wefwefwef/docs/other/7159822992/repo/v1.3.0/.xml/specs_quickrand.xml"
Creating index.html ...
Creating erldocs_index.js ...
Woot, finished in 0 Minutes 0 Seconds
 :: Discovering other repos
$ 5000  `rm -r '/home/pete/wefwefwef/docs/other/7159822992/quickrand-tag-v1.3.0'  2>&1`
 :: Processing https://github.com/okeuday/quickrand	{rev,tag,"v1.3.1","b4db3b4483b73107682fc593c2bc94be922ddcda",undefined,[],[]}
 :: Fetching repo code
$ cd "/home/pete/wefwefwef/docs/other/7159822992/quickrand-tag-v1.3.1/quickrand"
$ infinity  `curl --fail --silent --show-error --location --output 'v1.3.1.zip' 'https://github.com/okeuday/quickrand/archive/v1.3.1.zip'  2>&1`
$ cd "/home/pete/wefwefwef/docs/erldocs_other.git"
$ cd "/home/pete/wefwefwef/docs/other/7159822992/quickrand-tag-v1.3.1/quickrand"
$ 5000  `find -P . -type l -delete  2>&1`
$ cd "/home/pete/wefwefwef/docs/erldocs_other.git"
$ cd "/home/pete/wefwefwef/docs/other/7159822992/quickrand-tag-v1.3.1/quickrand"
$ 5000  `find 'quickrand-1.3.1' -mindepth 1 -maxdepth 1 -exec mv -t . -- {} +  2>&1`
$ cd "/home/pete/wefwefwef/docs/erldocs_other.git"
 :: Getting dependencies
$ cd "/home/pete/wefwefwef/docs/other/7159822992/quickrand-tag-v1.3.1/quickrand"
$ 5000  `ls -1 deps/  2>&1`
$ cd "/home/pete/wefwefwef/docs/erldocs_other.git"
>>> [rebar] deps = []
 :: Generating erldocs into /home/pete/wefwefwef/docs/other/7159822992/repo/v1.3.1
Building quickrand
Generating Type Specs - "/home/pete/wefwefwef/docs/other/7159822992/quickrand-tag-v1.3.1/quickrand/src/quickrand.erl"
Generating Type Specs - "/home/pete/wefwefwef/docs/other/7159822992/quickrand-tag-v1.3.1/quickrand/src/random_wh06_int.erl"
Generating XML for application quickrand "/home/pete/wefwefwef/docs/other/7159822992/quickrand-tag-v1.3.1/quickrand" -> "/home/pete/wefwefwef/docs/other/7159822992/repo/v1.3.1/.xml/quickrand"
Generated quickrand XMLs: ["/home/pete/wefwefwef/docs/other/7159822992/repo/v1.3.1/.xml/quickrand/quickrand.xml",
                           "/home/pete/wefwefwef/docs/other/7159822992/repo/v1.3.1/.xml/quickrand/random_wh06_int.xml"]
Generating HTML - random_wh06_int "/home/pete/wefwefwef/docs/other/7159822992/repo/v1.3.1/.xml/quickrand/random_wh06_int.xml"
Reading XML for "/home/pete/wefwefwef/docs/other/7159822992/repo/v1.3.1/.xml/quickrand/random_wh06_int.xml"
Reading XML for "/home/pete/wefwefwef/docs/other/7159822992/repo/v1.3.1/.xml/specs_random_wh06_int.xml"
Generating HTML - quickrand "/home/pete/wefwefwef/docs/other/7159822992/repo/v1.3.1/.xml/quickrand/quickrand.xml"
Reading XML for "/home/pete/wefwefwef/docs/other/7159822992/repo/v1.3.1/.xml/quickrand/quickrand.xml"
Reading XML for "/home/pete/wefwefwef/docs/other/7159822992/repo/v1.3.1/.xml/specs_quickrand.xml"
Creating index.html ...
Creating erldocs_index.js ...
Woot, finished in 0 Minutes 0 Seconds
 :: Discovering other repos
$ 5000  `rm -r '/home/pete/wefwefwef/docs/other/7159822992/quickrand-tag-v1.3.1'  2>&1`
 :: Processing https://github.com/okeuday/quickrand	{rev,tag,"v1.3.2","0395a10b94472ccbe38b62bbfa9d0fc1ddac1dd7",undefined,[],[]}
 :: Fetching repo code
$ cd "/home/pete/wefwefwef/docs/other/7159822992/quickrand-tag-v1.3.2/quickrand"
$ infinity  `curl --fail --silent --show-error --location --output 'v1.3.2.zip' 'https://github.com/okeuday/quickrand/archive/v1.3.2.zip'  2>&1`
$ cd "/home/pete/wefwefwef/docs/erldocs_other.git"
$ cd "/home/pete/wefwefwef/docs/other/7159822992/quickrand-tag-v1.3.2/quickrand"
$ 5000  `find -P . -type l -delete  2>&1`
$ cd "/home/pete/wefwefwef/docs/erldocs_other.git"
$ cd "/home/pete/wefwefwef/docs/other/7159822992/quickrand-tag-v1.3.2/quickrand"
$ 5000  `find 'quickrand-1.3.2' -mindepth 1 -maxdepth 1 -exec mv -t . -- {} +  2>&1`
$ cd "/home/pete/wefwefwef/docs/erldocs_other.git"
 :: Getting dependencies
$ cd "/home/pete/wefwefwef/docs/other/7159822992/quickrand-tag-v1.3.2/quickrand"
$ 5000  `ls -1 deps/  2>&1`
$ cd "/home/pete/wefwefwef/docs/erldocs_other.git"
>>> [rebar] deps = []
 :: Generating erldocs into /home/pete/wefwefwef/docs/other/7159822992/repo/v1.3.2
Building quickrand
Generating Type Specs - "/home/pete/wefwefwef/docs/other/7159822992/quickrand-tag-v1.3.2/quickrand/src/quickrand.erl"
Generating Type Specs - "/home/pete/wefwefwef/docs/other/7159822992/quickrand-tag-v1.3.2/quickrand/src/random_wh06_int.erl"
Generating XML for application quickrand "/home/pete/wefwefwef/docs/other/7159822992/quickrand-tag-v1.3.2/quickrand" -> "/home/pete/wefwefwef/docs/other/7159822992/repo/v1.3.2/.xml/quickrand"
Generated quickrand XMLs: ["/home/pete/wefwefwef/docs/other/7159822992/repo/v1.3.2/.xml/quickrand/quickrand.xml",
                           "/home/pete/wefwefwef/docs/other/7159822992/repo/v1.3.2/.xml/quickrand/random_wh06_int.xml"]
Generating HTML - random_wh06_int "/home/pete/wefwefwef/docs/other/7159822992/repo/v1.3.2/.xml/quickrand/random_wh06_int.xml"
Reading XML for "/home/pete/wefwefwef/docs/other/7159822992/repo/v1.3.2/.xml/quickrand/random_wh06_int.xml"
Reading XML for "/home/pete/wefwefwef/docs/other/7159822992/repo/v1.3.2/.xml/specs_random_wh06_int.xml"
Generating HTML - quickrand "/home/pete/wefwefwef/docs/other/7159822992/repo/v1.3.2/.xml/quickrand/quickrand.xml"
Reading XML for "/home/pete/wefwefwef/docs/other/7159822992/repo/v1.3.2/.xml/quickrand/quickrand.xml"
Reading XML for "/home/pete/wefwefwef/docs/other/7159822992/repo/v1.3.2/.xml/specs_quickrand.xml"
Creating index.html ...
Creating erldocs_index.js ...
Woot, finished in 0 Minutes 0 Seconds
 :: Discovering other repos
$ 5000  `rm -r '/home/pete/wefwefwef/docs/other/7159822992/quickrand-tag-v1.3.2'  2>&1`
 :: Processing https://github.com/okeuday/quickrand	{rev,tag,"v1.3.3","82306eb82ff82c89c621b27305b48e17c18cace5",undefined,[],[]}
 :: Fetching repo code
$ cd "/home/pete/wefwefwef/docs/other/7159822992/quickrand-tag-v1.3.3/quickrand"
$ infinity  `curl --fail --silent --show-error --location --output 'v1.3.3.zip' 'https://github.com/okeuday/quickrand/archive/v1.3.3.zip'  2>&1`
$ cd "/home/pete/wefwefwef/docs/erldocs_other.git"
$ cd "/home/pete/wefwefwef/docs/other/7159822992/quickrand-tag-v1.3.3/quickrand"
$ 5000  `find -P . -type l -delete  2>&1`
$ cd "/home/pete/wefwefwef/docs/erldocs_other.git"
$ cd "/home/pete/wefwefwef/docs/other/7159822992/quickrand-tag-v1.3.3/quickrand"
$ 5000  `find 'quickrand-1.3.3' -mindepth 1 -maxdepth 1 -exec mv -t . -- {} +  2>&1`
$ cd "/home/pete/wefwefwef/docs/erldocs_other.git"
 :: Getting dependencies
$ cd "/home/pete/wefwefwef/docs/other/7159822992/quickrand-tag-v1.3.3/quickrand"
$ 5000  `ls -1 deps/  2>&1`
$ cd "/home/pete/wefwefwef/docs/erldocs_other.git"
>>> [rebar] deps = []
 :: Generating erldocs into /home/pete/wefwefwef/docs/other/7159822992/repo/v1.3.3
Building quickrand
Generating Type Specs - "/home/pete/wefwefwef/docs/other/7159822992/quickrand-tag-v1.3.3/quickrand/src/quickrand.erl"
Generating Type Specs - "/home/pete/wefwefwef/docs/other/7159822992/quickrand-tag-v1.3.3/quickrand/src/random_wh06_int.erl"
Generating XML for application quickrand "/home/pete/wefwefwef/docs/other/7159822992/quickrand-tag-v1.3.3/quickrand" -> "/home/pete/wefwefwef/docs/other/7159822992/repo/v1.3.3/.xml/quickrand"
Generated quickrand XMLs: ["/home/pete/wefwefwef/docs/other/7159822992/repo/v1.3.3/.xml/quickrand/quickrand.xml",
                           "/home/pete/wefwefwef/docs/other/7159822992/repo/v1.3.3/.xml/quickrand/random_wh06_int.xml"]
Generating HTML - random_wh06_int "/home/pete/wefwefwef/docs/other/7159822992/repo/v1.3.3/.xml/quickrand/random_wh06_int.xml"
Reading XML for "/home/pete/wefwefwef/docs/other/7159822992/repo/v1.3.3/.xml/quickrand/random_wh06_int.xml"
Reading XML for "/home/pete/wefwefwef/docs/other/7159822992/repo/v1.3.3/.xml/specs_random_wh06_int.xml"
Generating HTML - quickrand "/home/pete/wefwefwef/docs/other/7159822992/repo/v1.3.3/.xml/quickrand/quickrand.xml"
Reading XML for "/home/pete/wefwefwef/docs/other/7159822992/repo/v1.3.3/.xml/quickrand/quickrand.xml"
Reading XML for "/home/pete/wefwefwef/docs/other/7159822992/repo/v1.3.3/.xml/specs_quickrand.xml"
Creating index.html ...
Creating erldocs_index.js ...
Woot, finished in 0 Minutes 0 Seconds
 :: Discovering other repos
$ 5000  `rm -r '/home/pete/wefwefwef/docs/other/7159822992/quickrand-tag-v1.3.3'  2>&1`
 :: Processing https://github.com/okeuday/quickrand	{rev,tag,"v1.4.0","3eadabe05bddbffe9e3d5cf17a9384319d8756a1",undefined,[],[]}
 :: Fetching repo code
$ cd "/home/pete/wefwefwef/docs/other/7159822992/quickrand-tag-v1.4.0/quickrand"
$ infinity  `curl --fail --silent --show-error --location --output 'v1.4.0.zip' 'https://github.com/okeuday/quickrand/archive/v1.4.0.zip'  2>&1`
$ cd "/home/pete/wefwefwef/docs/erldocs_other.git"
$ cd "/home/pete/wefwefwef/docs/other/7159822992/quickrand-tag-v1.4.0/quickrand"
$ 5000  `find -P . -type l -delete  2>&1`
$ cd "/home/pete/wefwefwef/docs/erldocs_other.git"
$ cd "/home/pete/wefwefwef/docs/other/7159822992/quickrand-tag-v1.4.0/quickrand"
$ 5000  `find 'quickrand-1.4.0' -mindepth 1 -maxdepth 1 -exec mv -t . -- {} +  2>&1`
$ cd "/home/pete/wefwefwef/docs/erldocs_other.git"
 :: Getting dependencies
$ cd "/home/pete/wefwefwef/docs/other/7159822992/quickrand-tag-v1.4.0/quickrand"
$ 5000  `ls -1 deps/  2>&1`
$ cd "/home/pete/wefwefwef/docs/erldocs_other.git"
>>> [rebar] deps = []
 :: Generating erldocs into /home/pete/wefwefwef/docs/other/7159822992/repo/v1.4.0
Building quickrand
Generating Type Specs - "/home/pete/wefwefwef/docs/other/7159822992/quickrand-tag-v1.4.0/quickrand/src/quickrand.erl"
Generating Type Specs - "/home/pete/wefwefwef/docs/other/7159822992/quickrand-tag-v1.4.0/quickrand/src/random_wh06_int.erl"
Generating XML for application quickrand "/home/pete/wefwefwef/docs/other/7159822992/quickrand-tag-v1.4.0/quickrand" -> "/home/pete/wefwefwef/docs/other/7159822992/repo/v1.4.0/.xml/quickrand"
Generated quickrand XMLs: ["/home/pete/wefwefwef/docs/other/7159822992/repo/v1.4.0/.xml/quickrand/quickrand.xml",
                           "/home/pete/wefwefwef/docs/other/7159822992/repo/v1.4.0/.xml/quickrand/random_wh06_int.xml"]
Generating HTML - random_wh06_int "/home/pete/wefwefwef/docs/other/7159822992/repo/v1.4.0/.xml/quickrand/random_wh06_int.xml"
Reading XML for "/home/pete/wefwefwef/docs/other/7159822992/repo/v1.4.0/.xml/quickrand/random_wh06_int.xml"
Reading XML for "/home/pete/wefwefwef/docs/other/7159822992/repo/v1.4.0/.xml/specs_random_wh06_int.xml"
Generating HTML - quickrand "/home/pete/wefwefwef/docs/other/7159822992/repo/v1.4.0/.xml/quickrand/quickrand.xml"
Reading XML for "/home/pete/wefwefwef/docs/other/7159822992/repo/v1.4.0/.xml/quickrand/quickrand.xml"
Reading XML for "/home/pete/wefwefwef/docs/other/7159822992/repo/v1.4.0/.xml/specs_quickrand.xml"
Creating index.html ...
Creating erldocs_index.js ...
Woot, finished in 0 Minutes 0 Seconds
 :: Discovering other repos
$ 5000  `rm -r '/home/pete/wefwefwef/docs/other/7159822992/quickrand-tag-v1.4.0'  2>&1`
 :: Processing https://github.com/okeuday/quickrand	{rev,tag,"v1.4.0-rc.4","50abe197bf47686e26774d436c1976c2b3a4e8c4",undefined,[],[]}
 :: Fetching repo code
$ cd "/home/pete/wefwefwef/docs/other/7159822992/quickrand-tag-v1.4.0-rc.4/quickrand"
$ infinity  `curl --fail --silent --show-error --location --output 'v1.4.0-rc.4.zip' 'https://github.com/okeuday/quickrand/archive/v1.4.0-rc.4.zip'  2>&1`
$ cd "/home/pete/wefwefwef/docs/erldocs_other.git"
$ cd "/home/pete/wefwefwef/docs/other/7159822992/quickrand-tag-v1.4.0-rc.4/quickrand"
$ 5000  `find -P . -type l -delete  2>&1`
$ cd "/home/pete/wefwefwef/docs/erldocs_other.git"
$ cd "/home/pete/wefwefwef/docs/other/7159822992/quickrand-tag-v1.4.0-rc.4/quickrand"
$ 5000  `find 'quickrand-1.4.0-rc.4' -mindepth 1 -maxdepth 1 -exec mv -t . -- {} +  2>&1`
$ cd "/home/pete/wefwefwef/docs/erldocs_other.git"
 :: Getting dependencies
$ cd "/home/pete/wefwefwef/docs/other/7159822992/quickrand-tag-v1.4.0-rc.4/quickrand"
$ 5000  `ls -1 deps/  2>&1`
$ cd "/home/pete/wefwefwef/docs/erldocs_other.git"
>>> [rebar] deps = []
 :: Generating erldocs into /home/pete/wefwefwef/docs/other/7159822992/repo/v1.4.0-rc.4
Building quickrand
Generating Type Specs - "/home/pete/wefwefwef/docs/other/7159822992/quickrand-tag-v1.4.0-rc.4/quickrand/src/quickrand.erl"
Generating Type Specs - "/home/pete/wefwefwef/docs/other/7159822992/quickrand-tag-v1.4.0-rc.4/quickrand/src/random_wh06_int.erl"
Generating XML for application quickrand "/home/pete/wefwefwef/docs/other/7159822992/quickrand-tag-v1.4.0-rc.4/quickrand" -> "/home/pete/wefwefwef/docs/other/7159822992/repo/v1.4.0-rc.4/.xml/quickrand"
Generated quickrand XMLs: ["/home/pete/wefwefwef/docs/other/7159822992/repo/v1.4.0-rc.4/.xml/quickrand/quickrand.xml",
                           "/home/pete/wefwefwef/docs/other/7159822992/repo/v1.4.0-rc.4/.xml/quickrand/random_wh06_int.xml"]
Generating HTML - random_wh06_int "/home/pete/wefwefwef/docs/other/7159822992/repo/v1.4.0-rc.4/.xml/quickrand/random_wh06_int.xml"
Reading XML for "/home/pete/wefwefwef/docs/other/7159822992/repo/v1.4.0-rc.4/.xml/quickrand/random_wh06_int.xml"
Reading XML for "/home/pete/wefwefwef/docs/other/7159822992/repo/v1.4.0-rc.4/.xml/specs_random_wh06_int.xml"
Generating HTML - quickrand "/home/pete/wefwefwef/docs/other/7159822992/repo/v1.4.0-rc.4/.xml/quickrand/quickrand.xml"
Reading XML for "/home/pete/wefwefwef/docs/other/7159822992/repo/v1.4.0-rc.4/.xml/quickrand/quickrand.xml"
Reading XML for "/home/pete/wefwefwef/docs/other/7159822992/repo/v1.4.0-rc.4/.xml/specs_quickrand.xml"
Creating index.html ...
Creating erldocs_index.js ...
Woot, finished in 0 Minutes 0 Seconds
 :: Discovering other repos
$ 5000  `rm -r '/home/pete/wefwefwef/docs/other/7159822992/quickrand-tag-v1.4.0-rc.4'  2>&1`
 :: Processing https://github.com/okeuday/quickrand	{rev,tag,"v1.5.0","49aa03828233b2fec398ea4244a568aeac827dd8",undefined,[],[]}
 :: Fetching repo code
$ cd "/home/pete/wefwefwef/docs/other/7159822992/quickrand-tag-v1.5.0/quickrand"
$ infinity  `curl --fail --silent --show-error --location --output 'v1.5.0.zip' 'https://github.com/okeuday/quickrand/archive/v1.5.0.zip'  2>&1`
$ cd "/home/pete/wefwefwef/docs/erldocs_other.git"
$ cd "/home/pete/wefwefwef/docs/other/7159822992/quickrand-tag-v1.5.0/quickrand"
$ 5000  `find -P . -type l -delete  2>&1`
$ cd "/home/pete/wefwefwef/docs/erldocs_other.git"
$ cd "/home/pete/wefwefwef/docs/other/7159822992/quickrand-tag-v1.5.0/quickrand"
$ 5000  `find 'quickrand-1.5.0' -mindepth 1 -maxdepth 1 -exec mv -t . -- {} +  2>&1`
$ cd "/home/pete/wefwefwef/docs/erldocs_other.git"
 :: Getting dependencies
$ cd "/home/pete/wefwefwef/docs/other/7159822992/quickrand-tag-v1.5.0/quickrand"
$ 5000  `ls -1 deps/  2>&1`
$ cd "/home/pete/wefwefwef/docs/erldocs_other.git"
>>> [rebar] deps = []
 :: Generating erldocs into /home/pete/wefwefwef/docs/other/7159822992/repo/v1.5.0
Building quickrand
Generating Type Specs - "/home/pete/wefwefwef/docs/other/7159822992/quickrand-tag-v1.5.0/quickrand/src/quickrand.erl"
Generating Type Specs - "/home/pete/wefwefwef/docs/other/7159822992/quickrand-tag-v1.5.0/quickrand/src/random_wh06_int.erl"
Generating XML for application quickrand "/home/pete/wefwefwef/docs/other/7159822992/quickrand-tag-v1.5.0/quickrand" -> "/home/pete/wefwefwef/docs/other/7159822992/repo/v1.5.0/.xml/quickrand"
Generated quickrand XMLs: ["/home/pete/wefwefwef/docs/other/7159822992/repo/v1.5.0/.xml/quickrand/quickrand.xml",
                           "/home/pete/wefwefwef/docs/other/7159822992/repo/v1.5.0/.xml/quickrand/random_wh06_int.xml"]
Generating HTML - random_wh06_int "/home/pete/wefwefwef/docs/other/7159822992/repo/v1.5.0/.xml/quickrand/random_wh06_int.xml"
Reading XML for "/home/pete/wefwefwef/docs/other/7159822992/repo/v1.5.0/.xml/quickrand/random_wh06_int.xml"
Reading XML for "/home/pete/wefwefwef/docs/other/7159822992/repo/v1.5.0/.xml/specs_random_wh06_int.xml"
Generating HTML - quickrand "/home/pete/wefwefwef/docs/other/7159822992/repo/v1.5.0/.xml/quickrand/quickrand.xml"
Reading XML for "/home/pete/wefwefwef/docs/other/7159822992/repo/v1.5.0/.xml/quickrand/quickrand.xml"
Reading XML for "/home/pete/wefwefwef/docs/other/7159822992/repo/v1.5.0/.xml/specs_quickrand.xml"
Creating index.html ...
Creating erldocs_index.js ...
Woot, finished in 0 Minutes 0 Seconds
 :: Discovering other repos
$ 5000  `rm -r '/home/pete/wefwefwef/docs/other/7159822992/quickrand-tag-v1.5.0'  2>&1`
 :: Processing https://github.com/okeuday/quickrand	{rev,branch,"master","49aa03828233b2fec398ea4244a568aeac827dd8",undefined,[],[]}
 :: Fetching repo code
$ cd "/home/pete/wefwefwef/docs/other/7159822992/quickrand-branch-master/quickrand"
$ infinity  `curl --fail --silent --show-error --location --output 'master.zip' 'https://github.com/okeuday/quickrand/archive/master.zip'  2>&1`
$ cd "/home/pete/wefwefwef/docs/erldocs_other.git"
$ cd "/home/pete/wefwefwef/docs/other/7159822992/quickrand-branch-master/quickrand"
$ 5000  `find -P . -type l -delete  2>&1`
$ cd "/home/pete/wefwefwef/docs/erldocs_other.git"
$ cd "/home/pete/wefwefwef/docs/other/7159822992/quickrand-branch-master/quickrand"
$ 5000  `find 'quickrand-master' -mindepth 1 -maxdepth 1 -exec mv -t . -- {} +  2>&1`
$ cd "/home/pete/wefwefwef/docs/erldocs_other.git"
 :: Getting dependencies
$ cd "/home/pete/wefwefwef/docs/other/7159822992/quickrand-branch-master/quickrand"
$ 5000  `ls -1 deps/  2>&1`
$ cd "/home/pete/wefwefwef/docs/erldocs_other.git"
>>> [rebar] deps = []
 :: Generating erldocs into /home/pete/wefwefwef/docs/other/7159822992/repo/master
Building quickrand
Generating Type Specs - "/home/pete/wefwefwef/docs/other/7159822992/quickrand-branch-master/quickrand/src/quickrand.erl"
Generating Type Specs - "/home/pete/wefwefwef/docs/other/7159822992/quickrand-branch-master/quickrand/src/random_wh06_int.erl"
Generating XML for application quickrand "/home/pete/wefwefwef/docs/other/7159822992/quickrand-branch-master/quickrand" -> "/home/pete/wefwefwef/docs/other/7159822992/repo/master/.xml/quickrand"
Generated quickrand XMLs: ["/home/pete/wefwefwef/docs/other/7159822992/repo/master/.xml/quickrand/quickrand.xml",
                           "/home/pete/wefwefwef/docs/other/7159822992/repo/master/.xml/quickrand/random_wh06_int.xml"]
Generating HTML - random_wh06_int "/home/pete/wefwefwef/docs/other/7159822992/repo/master/.xml/quickrand/random_wh06_int.xml"
Reading XML for "/home/pete/wefwefwef/docs/other/7159822992/repo/master/.xml/quickrand/random_wh06_int.xml"
Reading XML for "/home/pete/wefwefwef/docs/other/7159822992/repo/master/.xml/specs_random_wh06_int.xml"
Generating HTML - quickrand "/home/pete/wefwefwef/docs/other/7159822992/repo/master/.xml/quickrand/quickrand.xml"
Reading XML for "/home/pete/wefwefwef/docs/other/7159822992/repo/master/.xml/quickrand/quickrand.xml"
Reading XML for "/home/pete/wefwefwef/docs/other/7159822992/repo/master/.xml/specs_quickrand.xml"
Creating index.html ...
Creating erldocs_index.js ...
Woot, finished in 0 Minutes 0 Seconds
 :: Discovering other repos
$ 5000  `rm -r '/home/pete/wefwefwef/docs/other/7159822992/quickrand-branch-master'  2>&1`
 :: Finishing up
$ 5000  `rm -r '/home/pete/wefwefwef/docs/other/7159822992/quickrand'  2>&1`
