 :: Extracting meta information
$ 5000  `git ls-remote --heads --tags 'https://github.com/timclassic/port_drv_example'  2>&1`
>>> [repo] 1 branches, 0 tags
 :: Writing meta to "/home/pete/wefwefwef/docs/other/7224743065/meta.txt"
 :: Processing https://github.com/timclassic/port_drv_example	{rev,branch,"master","82205404c8832ea82b669befab20b7f95e7a6f90",undefined,[],[]}
 :: Fetching repo code
$ cd "/home/pete/wefwefwef/docs/other/7224743065/port_drv_example-branch-master/port_drv_example"
$ infinity  `curl --fail --silent --show-error --location --output 'master.zip' 'https://github.com/timclassic/port_drv_example/archive/master.zip'  2>&1`
$ cd "/home/pete/wefwefwef/docs/erldocs_other.git"
$ cd "/home/pete/wefwefwef/docs/other/7224743065/port_drv_example-branch-master/port_drv_example"
$ 5000  `find -P . -type l -delete  2>&1`
$ cd "/home/pete/wefwefwef/docs/erldocs_other.git"
$ cd "/home/pete/wefwefwef/docs/other/7224743065/port_drv_example-branch-master/port_drv_example"
$ 5000  `find 'port_drv_example-master' -mindepth 1 -maxdepth 1 -exec mv -t . -- {} +  2>&1`
$ cd "/home/pete/wefwefwef/docs/erldocs_other.git"
 :: Getting dependencies
$ cd "/home/pete/wefwefwef/docs/other/7224743065/port_drv_example-branch-master/port_drv_example"
$ 5000  `ls -1 deps/  2>&1`
$ cd "/home/pete/wefwefwef/docs/erldocs_other.git"
>>> [rebar] deps = []
 :: Generating erldocs into /home/pete/wefwefwef/docs/other/7224743065/repo/master
Building port_drv_example
Generating Type Specs - "/home/pete/wefwefwef/docs/other/7224743065/port_drv_example-branch-master/port_drv_example/src/complex5.erl"
Generating XML for application port_drv_example "/home/pete/wefwefwef/docs/other/7224743065/port_drv_example-branch-master/port_drv_example" -> "/home/pete/wefwefwef/docs/other/7224743065/repo/master/.xml/port_drv_example"
Generated port_drv_example XMLs: ["/home/pete/wefwefwef/docs/other/7224743065/repo/master/.xml/port_drv_example/complex5.xml"]
Generating HTML - complex5 "/home/pete/wefwefwef/docs/other/7224743065/repo/master/.xml/port_drv_example/complex5.xml"
Reading XML for "/home/pete/wefwefwef/docs/other/7224743065/repo/master/.xml/port_drv_example/complex5.xml"
Reading XML for "/home/pete/wefwefwef/docs/other/7224743065/repo/master/.xml/specs_complex5.xml"
Creating index.html ...
Creating erldocs_index.js ...
Woot, finished in 0 Minutes 0 Seconds
 :: Discovering other repos
$ 5000  `rm -r '/home/pete/wefwefwef/docs/other/7224743065/port_drv_example-branch-master'  2>&1`
 :: Finishing up
$ 5000  `rm -r '/home/pete/wefwefwef/docs/other/7224743065/port_drv_example'  2>&1`
