 :: Extracting meta information
$ 5000  `git ls-remote --heads --tags 'https://github.com/lwes/lwes-erlang'  2>&1`
>>> [repo] 3 branches, 15 tags
 :: Writing meta to "/home/pete/wefwefwef/docs/other/6635119526/meta.txt"
 :: Processing https://github.com/lwes/lwes-erlang	{rev,tag,"2.3.0","4a5ecfc2fcbee8a88cb3909e2962935eee362273"}
 :: Fetching repo code
$ cd "/home/pete/wefwefwef/docs/other/6635119526/lwes-erlang-tag-2.3.0/lwes-erlang"
$ infinity  `curl --fail --silent --show-error --location --output '2.3.0.zip' 'https://github.com/lwes/lwes-erlang/archive/2.3.0.zip'  2>&1`
$ cd "/home/pete/wefwefwef/docs/erldocs_other.git"
$ cd "/home/pete/wefwefwef/docs/other/6635119526/lwes-erlang-tag-2.3.0/lwes-erlang"
$ 5000  `find -P . -type l -delete  2>&1`
$ cd "/home/pete/wefwefwef/docs/erldocs_other.git"
$ cd "/home/pete/wefwefwef/docs/other/6635119526/lwes-erlang-tag-2.3.0/lwes-erlang"
$ 5000  `find 'lwes-erlang-2.3.0' -mindepth 1 -maxdepth 1 -exec mv -t . -- {} +  2>&1`
$ cd "/home/pete/wefwefwef/docs/erldocs_other.git"
 :: Getting dependencies
$ cd "/home/pete/wefwefwef/docs/other/6635119526/lwes-erlang-tag-2.3.0/lwes-erlang"
$ 5000  `ls -1 deps/  2>&1`
$ cd "/home/pete/wefwefwef/docs/erldocs_other.git"
>>> [rebar] deps = []
 :: Generating erldocs into /home/pete/wefwefwef/docs/other/6635119526/repo/2.3.0
Building lwes-erlang
Generating Type Specs - "/home/pete/wefwefwef/docs/other/6635119526/lwes-erlang-tag-2.3.0/lwes-erlang/src/lwes.erl"
Generating Type Specs - "/home/pete/wefwefwef/docs/other/6635119526/lwes-erlang-tag-2.3.0/lwes-erlang/src/lwes_app.erl"
Generating Type Specs - "/home/pete/wefwefwef/docs/other/6635119526/lwes-erlang-tag-2.3.0/lwes-erlang/src/lwes_channel.erl"
Generating Type Specs - "/home/pete/wefwefwef/docs/other/6635119526/lwes-erlang-tag-2.3.0/lwes-erlang/src/lwes_channel_manager.erl"
Generating Type Specs - "/home/pete/wefwefwef/docs/other/6635119526/lwes-erlang-tag-2.3.0/lwes-erlang/src/lwes_channel_sup.erl"
Generating Type Specs - "/home/pete/wefwefwef/docs/other/6635119526/lwes-erlang-tag-2.3.0/lwes-erlang/src/lwes_event.erl"
Generating Type Specs - "/home/pete/wefwefwef/docs/other/6635119526/lwes-erlang-tag-2.3.0/lwes-erlang/src/lwes_journaller.erl"
Generating Type Specs - "/home/pete/wefwefwef/docs/other/6635119526/lwes-erlang-tag-2.3.0/lwes-erlang/src/lwes_mochijson2.erl"
Generating Type Specs - "/home/pete/wefwefwef/docs/other/6635119526/lwes-erlang-tag-2.3.0/lwes-erlang/src/lwes_mochinum.erl"
Generating Type Specs - "/home/pete/wefwefwef/docs/other/6635119526/lwes-erlang-tag-2.3.0/lwes-erlang/src/lwes_multi_emitter.erl"
Generating Type Specs - "/home/pete/wefwefwef/docs/other/6635119526/lwes-erlang-tag-2.3.0/lwes-erlang/src/lwes_sup.erl"
Generating Type Specs - "/home/pete/wefwefwef/docs/other/6635119526/lwes-erlang-tag-2.3.0/lwes-erlang/src/lwes_util.erl"
Generating XML for application lwes-erlang "/home/pete/wefwefwef/docs/other/6635119526/lwes-erlang-tag-2.3.0/lwes-erlang" -> "/home/pete/wefwefwef/docs/other/6635119526/repo/2.3.0/.xml/lwes-erlang"
Generated lwes-erlang XMLs: ["/home/pete/wefwefwef/docs/other/6635119526/repo/2.3.0/.xml/lwes-erlang/lwes_mochinum.xml",
                             "/home/pete/wefwefwef/docs/other/6635119526/repo/2.3.0/.xml/lwes-erlang/lwes_channel.xml",
                             "/home/pete/wefwefwef/docs/other/6635119526/repo/2.3.0/.xml/lwes-erlang/lwes_mochijson2.xml",
                             "/home/pete/wefwefwef/docs/other/6635119526/repo/2.3.0/.xml/lwes-erlang/lwes_channel_manager.xml",
                             "/home/pete/wefwefwef/docs/other/6635119526/repo/2.3.0/.xml/lwes-erlang/lwes_journaller.xml",
                             "/home/pete/wefwefwef/docs/other/6635119526/repo/2.3.0/.xml/lwes-erlang/lwes_util.xml",
                             "/home/pete/wefwefwef/docs/other/6635119526/repo/2.3.0/.xml/lwes-erlang/lwes_channel_sup.xml",
                             "/home/pete/wefwefwef/docs/other/6635119526/repo/2.3.0/.xml/lwes-erlang/lwes_multi_emitter.xml",
                             "/home/pete/wefwefwef/docs/other/6635119526/repo/2.3.0/.xml/lwes-erlang/lwes_sup.xml",
                             "/home/pete/wefwefwef/docs/other/6635119526/repo/2.3.0/.xml/lwes-erlang/lwes_event.xml",
                             "/home/pete/wefwefwef/docs/other/6635119526/repo/2.3.0/.xml/lwes-erlang/lwes_app.xml",
                             "/home/pete/wefwefwef/docs/other/6635119526/repo/2.3.0/.xml/lwes-erlang/lwes.xml"]
Generating HTML - lwes_mochijson2 "/home/pete/wefwefwef/docs/other/6635119526/repo/2.3.0/.xml/lwes-erlang/lwes_mochijson2.xml"
Generating HTML - lwes_util "/home/pete/wefwefwef/docs/other/6635119526/repo/2.3.0/.xml/lwes-erlang/lwes_util.xml"
Generating HTML - lwes_sup "/home/pete/wefwefwef/docs/other/6635119526/repo/2.3.0/.xml/lwes-erlang/lwes_sup.xml"
Generating HTML - lwes "/home/pete/wefwefwef/docs/other/6635119526/repo/2.3.0/.xml/lwes-erlang/lwes.xml"
Reading XML for "/home/pete/wefwefwef/docs/other/6635119526/repo/2.3.0/.xml/lwes-erlang/lwes_mochijson2.xml"
Reading XML for "/home/pete/wefwefwef/docs/other/6635119526/repo/2.3.0/.xml/lwes-erlang/lwes_util.xml"
Reading XML for "/home/pete/wefwefwef/docs/other/6635119526/repo/2.3.0/.xml/lwes-erlang/lwes_sup.xml"
Reading XML for "/home/pete/wefwefwef/docs/other/6635119526/repo/2.3.0/.xml/lwes-erlang/lwes.xml"
Reading XML for "/home/pete/wefwefwef/docs/other/6635119526/repo/2.3.0/.xml/specs_lwes_sup.xml"
Reading XML for "/home/pete/wefwefwef/docs/other/6635119526/repo/2.3.0/.xml/specs_lwes_mochijson2.xml"
Generating HTML - lwes_multi_emitter "/home/pete/wefwefwef/docs/other/6635119526/repo/2.3.0/.xml/lwes-erlang/lwes_multi_emitter.xml"
Reading XML for "/home/pete/wefwefwef/docs/other/6635119526/repo/2.3.0/.xml/lwes-erlang/lwes_multi_emitter.xml"
Reading XML for "/home/pete/wefwefwef/docs/other/6635119526/repo/2.3.0/.xml/specs_lwes_util.xml"
Reading XML for "/home/pete/wefwefwef/docs/other/6635119526/repo/2.3.0/.xml/specs_lwes.xml"
Generating HTML - lwes_channel "/home/pete/wefwefwef/docs/other/6635119526/repo/2.3.0/.xml/lwes-erlang/lwes_channel.xml"
Reading XML for "/home/pete/wefwefwef/docs/other/6635119526/repo/2.3.0/.xml/lwes-erlang/lwes_channel.xml"
Generating HTML - lwes_app "/home/pete/wefwefwef/docs/other/6635119526/repo/2.3.0/.xml/lwes-erlang/lwes_app.xml"
Generating HTML - lwes_journaller "/home/pete/wefwefwef/docs/other/6635119526/repo/2.3.0/.xml/lwes-erlang/lwes_journaller.xml"
Reading XML for "/home/pete/wefwefwef/docs/other/6635119526/repo/2.3.0/.xml/lwes-erlang/lwes_app.xml"
Reading XML for "/home/pete/wefwefwef/docs/other/6635119526/repo/2.3.0/.xml/lwes-erlang/lwes_journaller.xml"
Reading XML for "/home/pete/wefwefwef/docs/other/6635119526/repo/2.3.0/.xml/specs_lwes_multi_emitter.xml"
Generating HTML - lwes_channel_sup "/home/pete/wefwefwef/docs/other/6635119526/repo/2.3.0/.xml/lwes-erlang/lwes_channel_sup.xml"
Reading XML for "/home/pete/wefwefwef/docs/other/6635119526/repo/2.3.0/.xml/lwes-erlang/lwes_channel_sup.xml"
Reading XML for "/home/pete/wefwefwef/docs/other/6635119526/repo/2.3.0/.xml/specs_lwes_channel.xml"
Reading XML for "/home/pete/wefwefwef/docs/other/6635119526/repo/2.3.0/.xml/specs_lwes_app.xml"
Generating HTML - lwes_mochinum "/home/pete/wefwefwef/docs/other/6635119526/repo/2.3.0/.xml/lwes-erlang/lwes_mochinum.xml"
Reading XML for "/home/pete/wefwefwef/docs/other/6635119526/repo/2.3.0/.xml/specs_lwes_journaller.xml"
Reading XML for "/home/pete/wefwefwef/docs/other/6635119526/repo/2.3.0/.xml/lwes-erlang/lwes_mochinum.xml"
Generating HTML - lwes_event "/home/pete/wefwefwef/docs/other/6635119526/repo/2.3.0/.xml/lwes-erlang/lwes_event.xml"
Reading XML for "/home/pete/wefwefwef/docs/other/6635119526/repo/2.3.0/.xml/lwes-erlang/lwes_event.xml"
Generating HTML - lwes_channel_manager "/home/pete/wefwefwef/docs/other/6635119526/repo/2.3.0/.xml/lwes-erlang/lwes_channel_manager.xml"
Reading XML for "/home/pete/wefwefwef/docs/other/6635119526/repo/2.3.0/.xml/lwes-erlang/lwes_channel_manager.xml"
Reading XML for "/home/pete/wefwefwef/docs/other/6635119526/repo/2.3.0/.xml/specs_lwes_channel_sup.xml"
Reading XML for "/home/pete/wefwefwef/docs/other/6635119526/repo/2.3.0/.xml/specs_lwes_mochinum.xml"
Reading XML for "/home/pete/wefwefwef/docs/other/6635119526/repo/2.3.0/.xml/specs_lwes_event.xml"
Reading XML for "/home/pete/wefwefwef/docs/other/6635119526/repo/2.3.0/.xml/specs_lwes_channel_manager.xml"
Creating index.html ...
Creating erldocs_index.js ...
Woot, finished in 0 Minutes 1 Seconds
 :: Discovering other repos
$ 5000  `rm -r '/home/pete/wefwefwef/docs/other/6635119526/lwes-erlang-tag-2.3.0'  2>&1`
 :: Processing https://github.com/lwes/lwes-erlang	{rev,tag,"2.4.0","f76814db09329ce2715d990d8a3482bbd2768058"}
 :: Fetching repo code
$ cd "/home/pete/wefwefwef/docs/other/6635119526/lwes-erlang-tag-2.4.0/lwes-erlang"
$ infinity  `curl --fail --silent --show-error --location --output '2.4.0.zip' 'https://github.com/lwes/lwes-erlang/archive/2.4.0.zip'  2>&1`
$ cd "/home/pete/wefwefwef/docs/erldocs_other.git"
$ cd "/home/pete/wefwefwef/docs/other/6635119526/lwes-erlang-tag-2.4.0/lwes-erlang"
$ 5000  `find -P . -type l -delete  2>&1`
$ cd "/home/pete/wefwefwef/docs/erldocs_other.git"
$ cd "/home/pete/wefwefwef/docs/other/6635119526/lwes-erlang-tag-2.4.0/lwes-erlang"
$ 5000  `find 'lwes-erlang-2.4.0' -mindepth 1 -maxdepth 1 -exec mv -t . -- {} +  2>&1`
$ cd "/home/pete/wefwefwef/docs/erldocs_other.git"
 :: Getting dependencies
$ cd "/home/pete/wefwefwef/docs/other/6635119526/lwes-erlang-tag-2.4.0/lwes-erlang"
$ 5000  `ls -1 deps/  2>&1`
$ cd "/home/pete/wefwefwef/docs/erldocs_other.git"
>>> [rebar] deps = []
 :: Generating erldocs into /home/pete/wefwefwef/docs/other/6635119526/repo/2.4.0
Building lwes-erlang
Generating Type Specs - "/home/pete/wefwefwef/docs/other/6635119526/lwes-erlang-tag-2.4.0/lwes-erlang/src/lwes.erl"
Generating Type Specs - "/home/pete/wefwefwef/docs/other/6635119526/lwes-erlang-tag-2.4.0/lwes-erlang/src/lwes_app.erl"
Generating Type Specs - "/home/pete/wefwefwef/docs/other/6635119526/lwes-erlang-tag-2.4.0/lwes-erlang/src/lwes_channel.erl"
Generating Type Specs - "/home/pete/wefwefwef/docs/other/6635119526/lwes-erlang-tag-2.4.0/lwes-erlang/src/lwes_channel_manager.erl"
Generating Type Specs - "/home/pete/wefwefwef/docs/other/6635119526/lwes-erlang-tag-2.4.0/lwes-erlang/src/lwes_channel_sup.erl"
Generating Type Specs - "/home/pete/wefwefwef/docs/other/6635119526/lwes-erlang-tag-2.4.0/lwes-erlang/src/lwes_event.erl"
Generating Type Specs - "/home/pete/wefwefwef/docs/other/6635119526/lwes-erlang-tag-2.4.0/lwes-erlang/src/lwes_journaller.erl"
Generating Type Specs - "/home/pete/wefwefwef/docs/other/6635119526/lwes-erlang-tag-2.4.0/lwes-erlang/src/lwes_mochijson2.erl"
Generating Type Specs - "/home/pete/wefwefwef/docs/other/6635119526/lwes-erlang-tag-2.4.0/lwes-erlang/src/lwes_mochinum.erl"
Generating Type Specs - "/home/pete/wefwefwef/docs/other/6635119526/lwes-erlang-tag-2.4.0/lwes-erlang/src/lwes_multi_emitter.erl"
Generating Type Specs - "/home/pete/wefwefwef/docs/other/6635119526/lwes-erlang-tag-2.4.0/lwes-erlang/src/lwes_sup.erl"
Generating Type Specs - "/home/pete/wefwefwef/docs/other/6635119526/lwes-erlang-tag-2.4.0/lwes-erlang/src/lwes_util.erl"
Generating XML for application lwes-erlang "/home/pete/wefwefwef/docs/other/6635119526/lwes-erlang-tag-2.4.0/lwes-erlang" -> "/home/pete/wefwefwef/docs/other/6635119526/repo/2.4.0/.xml/lwes-erlang"
Generated lwes-erlang XMLs: ["/home/pete/wefwefwef/docs/other/6635119526/repo/2.4.0/.xml/lwes-erlang/lwes_mochinum.xml",
                             "/home/pete/wefwefwef/docs/other/6635119526/repo/2.4.0/.xml/lwes-erlang/lwes_channel.xml",
                             "/home/pete/wefwefwef/docs/other/6635119526/repo/2.4.0/.xml/lwes-erlang/lwes_mochijson2.xml",
                             "/home/pete/wefwefwef/docs/other/6635119526/repo/2.4.0/.xml/lwes-erlang/lwes_channel_manager.xml",
                             "/home/pete/wefwefwef/docs/other/6635119526/repo/2.4.0/.xml/lwes-erlang/lwes_journaller.xml",
                             "/home/pete/wefwefwef/docs/other/6635119526/repo/2.4.0/.xml/lwes-erlang/lwes_util.xml",
                             "/home/pete/wefwefwef/docs/other/6635119526/repo/2.4.0/.xml/lwes-erlang/lwes_channel_sup.xml",
                             "/home/pete/wefwefwef/docs/other/6635119526/repo/2.4.0/.xml/lwes-erlang/lwes_multi_emitter.xml",
                             "/home/pete/wefwefwef/docs/other/6635119526/repo/2.4.0/.xml/lwes-erlang/lwes_sup.xml",
                             "/home/pete/wefwefwef/docs/other/6635119526/repo/2.4.0/.xml/lwes-erlang/lwes_event.xml",
                             "/home/pete/wefwefwef/docs/other/6635119526/repo/2.4.0/.xml/lwes-erlang/lwes_app.xml",
                             "/home/pete/wefwefwef/docs/other/6635119526/repo/2.4.0/.xml/lwes-erlang/lwes.xml"]
Generating HTML - lwes_mochijson2 "/home/pete/wefwefwef/docs/other/6635119526/repo/2.4.0/.xml/lwes-erlang/lwes_mochijson2.xml"
Generating HTML - lwes_util "/home/pete/wefwefwef/docs/other/6635119526/repo/2.4.0/.xml/lwes-erlang/lwes_util.xml"
Generating HTML - lwes_sup "/home/pete/wefwefwef/docs/other/6635119526/repo/2.4.0/.xml/lwes-erlang/lwes_sup.xml"
Generating HTML - lwes "/home/pete/wefwefwef/docs/other/6635119526/repo/2.4.0/.xml/lwes-erlang/lwes.xml"
Reading XML for "/home/pete/wefwefwef/docs/other/6635119526/repo/2.4.0/.xml/lwes-erlang/lwes_mochijson2.xml"
Reading XML for "/home/pete/wefwefwef/docs/other/6635119526/repo/2.4.0/.xml/lwes-erlang/lwes_util.xml"
Reading XML for "/home/pete/wefwefwef/docs/other/6635119526/repo/2.4.0/.xml/lwes-erlang/lwes_sup.xml"
Reading XML for "/home/pete/wefwefwef/docs/other/6635119526/repo/2.4.0/.xml/lwes-erlang/lwes.xml"
Reading XML for "/home/pete/wefwefwef/docs/other/6635119526/repo/2.4.0/.xml/specs_lwes_util.xml"
Reading XML for "/home/pete/wefwefwef/docs/other/6635119526/repo/2.4.0/.xml/specs_lwes_mochijson2.xml"
Reading XML for "/home/pete/wefwefwef/docs/other/6635119526/repo/2.4.0/.xml/specs_lwes_sup.xml"
Generating HTML - lwes_journaller "/home/pete/wefwefwef/docs/other/6635119526/repo/2.4.0/.xml/lwes-erlang/lwes_journaller.xml"
Reading XML for "/home/pete/wefwefwef/docs/other/6635119526/repo/2.4.0/.xml/specs_lwes.xml"
Reading XML for "/home/pete/wefwefwef/docs/other/6635119526/repo/2.4.0/.xml/lwes-erlang/lwes_journaller.xml"
Generating HTML - lwes_multi_emitter "/home/pete/wefwefwef/docs/other/6635119526/repo/2.4.0/.xml/lwes-erlang/lwes_multi_emitter.xml"
Reading XML for "/home/pete/wefwefwef/docs/other/6635119526/repo/2.4.0/.xml/lwes-erlang/lwes_multi_emitter.xml"
Generating HTML - lwes_app "/home/pete/wefwefwef/docs/other/6635119526/repo/2.4.0/.xml/lwes-erlang/lwes_app.xml"
Reading XML for "/home/pete/wefwefwef/docs/other/6635119526/repo/2.4.0/.xml/lwes-erlang/lwes_app.xml"
Generating HTML - lwes_channel "/home/pete/wefwefwef/docs/other/6635119526/repo/2.4.0/.xml/lwes-erlang/lwes_channel.xml"
Reading XML for "/home/pete/wefwefwef/docs/other/6635119526/repo/2.4.0/.xml/lwes-erlang/lwes_channel.xml"
Reading XML for "/home/pete/wefwefwef/docs/other/6635119526/repo/2.4.0/.xml/specs_lwes_journaller.xml"
Reading XML for "/home/pete/wefwefwef/docs/other/6635119526/repo/2.4.0/.xml/specs_lwes_multi_emitter.xml"
Reading XML for "/home/pete/wefwefwef/docs/other/6635119526/repo/2.4.0/.xml/specs_lwes_app.xml"
Generating HTML - lwes_channel_sup "/home/pete/wefwefwef/docs/other/6635119526/repo/2.4.0/.xml/lwes-erlang/lwes_channel_sup.xml"
Reading XML for "/home/pete/wefwefwef/docs/other/6635119526/repo/2.4.0/.xml/lwes-erlang/lwes_channel_sup.xml"
Generating HTML - lwes_channel_manager "/home/pete/wefwefwef/docs/other/6635119526/repo/2.4.0/.xml/lwes-erlang/lwes_channel_manager.xml"
Generating HTML - lwes_event "/home/pete/wefwefwef/docs/other/6635119526/repo/2.4.0/.xml/lwes-erlang/lwes_event.xml"
Reading XML for "/home/pete/wefwefwef/docs/other/6635119526/repo/2.4.0/.xml/lwes-erlang/lwes_channel_manager.xml"
Reading XML for "/home/pete/wefwefwef/docs/other/6635119526/repo/2.4.0/.xml/lwes-erlang/lwes_event.xml"
Reading XML for "/home/pete/wefwefwef/docs/other/6635119526/repo/2.4.0/.xml/specs_lwes_channel.xml"
Generating HTML - lwes_mochinum "/home/pete/wefwefwef/docs/other/6635119526/repo/2.4.0/.xml/lwes-erlang/lwes_mochinum.xml"
Reading XML for "/home/pete/wefwefwef/docs/other/6635119526/repo/2.4.0/.xml/lwes-erlang/lwes_mochinum.xml"
Reading XML for "/home/pete/wefwefwef/docs/other/6635119526/repo/2.4.0/.xml/specs_lwes_channel_sup.xml"
Reading XML for "/home/pete/wefwefwef/docs/other/6635119526/repo/2.4.0/.xml/specs_lwes_channel_manager.xml"
Reading XML for "/home/pete/wefwefwef/docs/other/6635119526/repo/2.4.0/.xml/specs_lwes_event.xml"
Reading XML for "/home/pete/wefwefwef/docs/other/6635119526/repo/2.4.0/.xml/specs_lwes_mochinum.xml"
Creating index.html ...
Creating erldocs_index.js ...
Woot, finished in 0 Minutes 1 Seconds
 :: Discovering other repos
$ 5000  `rm -r '/home/pete/wefwefwef/docs/other/6635119526/lwes-erlang-tag-2.4.0'  2>&1`
 :: Processing https://github.com/lwes/lwes-erlang	{rev,tag,"3.0.0","691cf04f62c76e908d0b8a9673e9ffc906479639"}
 :: Fetching repo code
$ cd "/home/pete/wefwefwef/docs/other/6635119526/lwes-erlang-tag-3.0.0/lwes-erlang"
$ infinity  `curl --fail --silent --show-error --location --output '3.0.0.zip' 'https://github.com/lwes/lwes-erlang/archive/3.0.0.zip'  2>&1`
$ cd "/home/pete/wefwefwef/docs/erldocs_other.git"
$ cd "/home/pete/wefwefwef/docs/other/6635119526/lwes-erlang-tag-3.0.0/lwes-erlang"
$ 5000  `find -P . -type l -delete  2>&1`
$ cd "/home/pete/wefwefwef/docs/erldocs_other.git"
$ cd "/home/pete/wefwefwef/docs/other/6635119526/lwes-erlang-tag-3.0.0/lwes-erlang"
$ 5000  `find 'lwes-erlang-3.0.0' -mindepth 1 -maxdepth 1 -exec mv -t . -- {} +  2>&1`
$ cd "/home/pete/wefwefwef/docs/erldocs_other.git"
 :: Getting dependencies
$ cd "/home/pete/wefwefwef/docs/other/6635119526/lwes-erlang-tag-3.0.0/lwes-erlang"
$ 5000  `ls -1 deps/  2>&1`
$ cd "/home/pete/wefwefwef/docs/erldocs_other.git"
>>> [rebar] deps = []
 :: Generating erldocs into /home/pete/wefwefwef/docs/other/6635119526/repo/3.0.0
Building lwes-erlang
Generating Type Specs - "/home/pete/wefwefwef/docs/other/6635119526/lwes-erlang-tag-3.0.0/lwes-erlang/src/lwes.erl"
Generating Type Specs - "/home/pete/wefwefwef/docs/other/6635119526/lwes-erlang-tag-3.0.0/lwes-erlang/src/lwes_app.erl"
Generating Type Specs - "/home/pete/wefwefwef/docs/other/6635119526/lwes-erlang-tag-3.0.0/lwes-erlang/src/lwes_channel.erl"
Generating Type Specs - "/home/pete/wefwefwef/docs/other/6635119526/lwes-erlang-tag-3.0.0/lwes-erlang/src/lwes_channel_manager.erl"
Generating Type Specs - "/home/pete/wefwefwef/docs/other/6635119526/lwes-erlang-tag-3.0.0/lwes-erlang/src/lwes_channel_sup.erl"
Generating Type Specs - "/home/pete/wefwefwef/docs/other/6635119526/lwes-erlang-tag-3.0.0/lwes-erlang/src/lwes_event.erl"
Generating Type Specs - "/home/pete/wefwefwef/docs/other/6635119526/lwes-erlang-tag-3.0.0/lwes-erlang/src/lwes_journaller.erl"
Generating Type Specs - "/home/pete/wefwefwef/docs/other/6635119526/lwes-erlang-tag-3.0.0/lwes-erlang/src/lwes_mochijson2.erl"
Generating Type Specs - "/home/pete/wefwefwef/docs/other/6635119526/lwes-erlang-tag-3.0.0/lwes-erlang/src/lwes_mochinum.erl"
Generating Type Specs - "/home/pete/wefwefwef/docs/other/6635119526/lwes-erlang-tag-3.0.0/lwes-erlang/src/lwes_multi_emitter.erl"
Generating Type Specs - "/home/pete/wefwefwef/docs/other/6635119526/lwes-erlang-tag-3.0.0/lwes-erlang/src/lwes_sup.erl"
Generating Type Specs - "/home/pete/wefwefwef/docs/other/6635119526/lwes-erlang-tag-3.0.0/lwes-erlang/src/lwes_util.erl"
Generating XML for application lwes-erlang "/home/pete/wefwefwef/docs/other/6635119526/lwes-erlang-tag-3.0.0/lwes-erlang" -> "/home/pete/wefwefwef/docs/other/6635119526/repo/3.0.0/.xml/lwes-erlang"
Generated lwes-erlang XMLs: ["/home/pete/wefwefwef/docs/other/6635119526/repo/3.0.0/.xml/lwes-erlang/lwes_mochinum.xml",
                             "/home/pete/wefwefwef/docs/other/6635119526/repo/3.0.0/.xml/lwes-erlang/lwes_channel.xml",
                             "/home/pete/wefwefwef/docs/other/6635119526/repo/3.0.0/.xml/lwes-erlang/lwes_mochijson2.xml",
                             "/home/pete/wefwefwef/docs/other/6635119526/repo/3.0.0/.xml/lwes-erlang/lwes_channel_manager.xml",
                             "/home/pete/wefwefwef/docs/other/6635119526/repo/3.0.0/.xml/lwes-erlang/lwes_journaller.xml",
                             "/home/pete/wefwefwef/docs/other/6635119526/repo/3.0.0/.xml/lwes-erlang/lwes_util.xml",
                             "/home/pete/wefwefwef/docs/other/6635119526/repo/3.0.0/.xml/lwes-erlang/lwes_channel_sup.xml",
                             "/home/pete/wefwefwef/docs/other/6635119526/repo/3.0.0/.xml/lwes-erlang/lwes_multi_emitter.xml",
                             "/home/pete/wefwefwef/docs/other/6635119526/repo/3.0.0/.xml/lwes-erlang/lwes_sup.xml",
                             "/home/pete/wefwefwef/docs/other/6635119526/repo/3.0.0/.xml/lwes-erlang/lwes_event.xml",
                             "/home/pete/wefwefwef/docs/other/6635119526/repo/3.0.0/.xml/lwes-erlang/lwes_app.xml",
                             "/home/pete/wefwefwef/docs/other/6635119526/repo/3.0.0/.xml/lwes-erlang/lwes.xml"]
Generating HTML - lwes_mochijson2 "/home/pete/wefwefwef/docs/other/6635119526/repo/3.0.0/.xml/lwes-erlang/lwes_mochijson2.xml"
Generating HTML - lwes_util "/home/pete/wefwefwef/docs/other/6635119526/repo/3.0.0/.xml/lwes-erlang/lwes_util.xml"
Generating HTML - lwes_sup "/home/pete/wefwefwef/docs/other/6635119526/repo/3.0.0/.xml/lwes-erlang/lwes_sup.xml"
Generating HTML - lwes "/home/pete/wefwefwef/docs/other/6635119526/repo/3.0.0/.xml/lwes-erlang/lwes.xml"
Reading XML for "/home/pete/wefwefwef/docs/other/6635119526/repo/3.0.0/.xml/lwes-erlang/lwes_mochijson2.xml"
Reading XML for "/home/pete/wefwefwef/docs/other/6635119526/repo/3.0.0/.xml/lwes-erlang/lwes_util.xml"
Reading XML for "/home/pete/wefwefwef/docs/other/6635119526/repo/3.0.0/.xml/lwes-erlang/lwes_sup.xml"
Reading XML for "/home/pete/wefwefwef/docs/other/6635119526/repo/3.0.0/.xml/lwes-erlang/lwes.xml"
Reading XML for "/home/pete/wefwefwef/docs/other/6635119526/repo/3.0.0/.xml/specs_lwes_mochijson2.xml"
Reading XML for "/home/pete/wefwefwef/docs/other/6635119526/repo/3.0.0/.xml/specs_lwes_util.xml"
Reading XML for "/home/pete/wefwefwef/docs/other/6635119526/repo/3.0.0/.xml/specs_lwes.xml"
Reading XML for "/home/pete/wefwefwef/docs/other/6635119526/repo/3.0.0/.xml/specs_lwes_sup.xml"
Generating HTML - lwes_journaller "/home/pete/wefwefwef/docs/other/6635119526/repo/3.0.0/.xml/lwes-erlang/lwes_journaller.xml"
Reading XML for "/home/pete/wefwefwef/docs/other/6635119526/repo/3.0.0/.xml/lwes-erlang/lwes_journaller.xml"
Generating HTML - lwes_app "/home/pete/wefwefwef/docs/other/6635119526/repo/3.0.0/.xml/lwes-erlang/lwes_app.xml"
Reading XML for "/home/pete/wefwefwef/docs/other/6635119526/repo/3.0.0/.xml/lwes-erlang/lwes_app.xml"
Generating HTML - lwes_multi_emitter "/home/pete/wefwefwef/docs/other/6635119526/repo/3.0.0/.xml/lwes-erlang/lwes_multi_emitter.xml"
Reading XML for "/home/pete/wefwefwef/docs/other/6635119526/repo/3.0.0/.xml/lwes-erlang/lwes_multi_emitter.xml"
Generating HTML - lwes_channel "/home/pete/wefwefwef/docs/other/6635119526/repo/3.0.0/.xml/lwes-erlang/lwes_channel.xml"
Reading XML for "/home/pete/wefwefwef/docs/other/6635119526/repo/3.0.0/.xml/lwes-erlang/lwes_channel.xml"
Reading XML for "/home/pete/wefwefwef/docs/other/6635119526/repo/3.0.0/.xml/specs_lwes_app.xml"
Reading XML for "/home/pete/wefwefwef/docs/other/6635119526/repo/3.0.0/.xml/specs_lwes_journaller.xml"
Reading XML for "/home/pete/wefwefwef/docs/other/6635119526/repo/3.0.0/.xml/specs_lwes_multi_emitter.xml"
Reading XML for "/home/pete/wefwefwef/docs/other/6635119526/repo/3.0.0/.xml/specs_lwes_channel.xml"
Generating HTML - lwes_event "/home/pete/wefwefwef/docs/other/6635119526/repo/3.0.0/.xml/lwes-erlang/lwes_event.xml"
Reading XML for "/home/pete/wefwefwef/docs/other/6635119526/repo/3.0.0/.xml/lwes-erlang/lwes_event.xml"
Generating HTML - lwes_channel_sup "/home/pete/wefwefwef/docs/other/6635119526/repo/3.0.0/.xml/lwes-erlang/lwes_channel_sup.xml"
Reading XML for "/home/pete/wefwefwef/docs/other/6635119526/repo/3.0.0/.xml/lwes-erlang/lwes_channel_sup.xml"
Generating HTML - lwes_channel_manager "/home/pete/wefwefwef/docs/other/6635119526/repo/3.0.0/.xml/lwes-erlang/lwes_channel_manager.xml"
Reading XML for "/home/pete/wefwefwef/docs/other/6635119526/repo/3.0.0/.xml/lwes-erlang/lwes_channel_manager.xml"
Generating HTML - lwes_mochinum "/home/pete/wefwefwef/docs/other/6635119526/repo/3.0.0/.xml/lwes-erlang/lwes_mochinum.xml"
Reading XML for "/home/pete/wefwefwef/docs/other/6635119526/repo/3.0.0/.xml/lwes-erlang/lwes_mochinum.xml"
Reading XML for "/home/pete/wefwefwef/docs/other/6635119526/repo/3.0.0/.xml/specs_lwes_channel_sup.xml"
Reading XML for "/home/pete/wefwefwef/docs/other/6635119526/repo/3.0.0/.xml/specs_lwes_channel_manager.xml"
Reading XML for "/home/pete/wefwefwef/docs/other/6635119526/repo/3.0.0/.xml/specs_lwes_mochinum.xml"
Reading XML for "/home/pete/wefwefwef/docs/other/6635119526/repo/3.0.0/.xml/specs_lwes_event.xml"
Creating index.html ...
Creating erldocs_index.js ...
Woot, finished in 0 Minutes 1 Seconds
 :: Discovering other repos
$ 5000  `rm -r '/home/pete/wefwefwef/docs/other/6635119526/lwes-erlang-tag-3.0.0'  2>&1`
 :: Processing https://github.com/lwes/lwes-erlang	{rev,tag,"lwes-1.0.0","8017e3833af61cbc2235b94139824b0dee8d6a01"}
 :: Fetching repo code
$ cd "/home/pete/wefwefwef/docs/other/6635119526/lwes-erlang-tag-lwes-1.0.0/lwes-erlang"
$ infinity  `curl --fail --silent --show-error --location --output 'lwes-1.0.0.zip' 'https://github.com/lwes/lwes-erlang/archive/lwes-1.0.0.zip'  2>&1`
$ cd "/home/pete/wefwefwef/docs/erldocs_other.git"
$ cd "/home/pete/wefwefwef/docs/other/6635119526/lwes-erlang-tag-lwes-1.0.0/lwes-erlang"
$ 5000  `find -P . -type l -delete  2>&1`
$ cd "/home/pete/wefwefwef/docs/erldocs_other.git"
$ cd "/home/pete/wefwefwef/docs/other/6635119526/lwes-erlang-tag-lwes-1.0.0/lwes-erlang"
$ 5000  `find 'lwes-erlang-lwes-1.0.0' -mindepth 1 -maxdepth 1 -exec mv -t . -- {} +  2>&1`
$ cd "/home/pete/wefwefwef/docs/erldocs_other.git"
 :: Getting dependencies
 :: Generating erldocs into /home/pete/wefwefwef/docs/other/6635119526/repo/lwes-1.0.0
Building lwes-erlang
Generating Type Specs - "/home/pete/wefwefwef/docs/other/6635119526/lwes-erlang-tag-lwes-1.0.0/lwes-erlang/src/lwes.erl"
Generating Type Specs - "/home/pete/wefwefwef/docs/other/6635119526/lwes-erlang-tag-lwes-1.0.0/lwes-erlang/src/lwes_app.erl"
Generating Type Specs - "/home/pete/wefwefwef/docs/other/6635119526/lwes-erlang-tag-lwes-1.0.0/lwes-erlang/src/lwes_channel.erl"
Generating Type Specs - "/home/pete/wefwefwef/docs/other/6635119526/lwes-erlang-tag-lwes-1.0.0/lwes-erlang/src/lwes_channel_manager.erl"
Generating Type Specs - "/home/pete/wefwefwef/docs/other/6635119526/lwes-erlang-tag-lwes-1.0.0/lwes-erlang/src/lwes_channel_sup.erl"
Generating Type Specs - "/home/pete/wefwefwef/docs/other/6635119526/lwes-erlang-tag-lwes-1.0.0/lwes-erlang/src/lwes_event.erl"
Generating Type Specs - "/home/pete/wefwefwef/docs/other/6635119526/lwes-erlang-tag-lwes-1.0.0/lwes-erlang/src/lwes_journaller.erl"
Generating Type Specs - "/home/pete/wefwefwef/docs/other/6635119526/lwes-erlang-tag-lwes-1.0.0/lwes-erlang/src/lwes_multi_emitter.erl"
Generating Type Specs - "/home/pete/wefwefwef/docs/other/6635119526/lwes-erlang-tag-lwes-1.0.0/lwes-erlang/src/lwes_sup.erl"
Generating Type Specs - "/home/pete/wefwefwef/docs/other/6635119526/lwes-erlang-tag-lwes-1.0.0/lwes-erlang/src/lwes_util.erl"
Generating XML for application lwes-erlang "/home/pete/wefwefwef/docs/other/6635119526/lwes-erlang-tag-lwes-1.0.0/lwes-erlang" -> "/home/pete/wefwefwef/docs/other/6635119526/repo/lwes-1.0.0/.xml/lwes-erlang"
Generated lwes-erlang XMLs: ["/home/pete/wefwefwef/docs/other/6635119526/repo/lwes-1.0.0/.xml/lwes-erlang/lwes_channel.xml",
                             "/home/pete/wefwefwef/docs/other/6635119526/repo/lwes-1.0.0/.xml/lwes-erlang/lwes_channel_manager.xml",
                             "/home/pete/wefwefwef/docs/other/6635119526/repo/lwes-1.0.0/.xml/lwes-erlang/lwes_journaller.xml",
                             "/home/pete/wefwefwef/docs/other/6635119526/repo/lwes-1.0.0/.xml/lwes-erlang/lwes_util.xml",
                             "/home/pete/wefwefwef/docs/other/6635119526/repo/lwes-1.0.0/.xml/lwes-erlang/lwes_channel_sup.xml",
                             "/home/pete/wefwefwef/docs/other/6635119526/repo/lwes-1.0.0/.xml/lwes-erlang/lwes_multi_emitter.xml",
                             "/home/pete/wefwefwef/docs/other/6635119526/repo/lwes-1.0.0/.xml/lwes-erlang/lwes_sup.xml",
                             "/home/pete/wefwefwef/docs/other/6635119526/repo/lwes-1.0.0/.xml/lwes-erlang/lwes_event.xml",
                             "/home/pete/wefwefwef/docs/other/6635119526/repo/lwes-1.0.0/.xml/lwes-erlang/lwes_app.xml",
                             "/home/pete/wefwefwef/docs/other/6635119526/repo/lwes-1.0.0/.xml/lwes-erlang/lwes.xml"]
Generating HTML - lwes_channel_manager "/home/pete/wefwefwef/docs/other/6635119526/repo/lwes-1.0.0/.xml/lwes-erlang/lwes_channel_manager.xml"
Generating HTML - lwes_util "/home/pete/wefwefwef/docs/other/6635119526/repo/lwes-1.0.0/.xml/lwes-erlang/lwes_util.xml"
Generating HTML - lwes_multi_emitter "/home/pete/wefwefwef/docs/other/6635119526/repo/lwes-1.0.0/.xml/lwes-erlang/lwes_multi_emitter.xml"
Generating HTML - lwes "/home/pete/wefwefwef/docs/other/6635119526/repo/lwes-1.0.0/.xml/lwes-erlang/lwes.xml"
Reading XML for "/home/pete/wefwefwef/docs/other/6635119526/repo/lwes-1.0.0/.xml/lwes-erlang/lwes_channel_manager.xml"
Reading XML for "/home/pete/wefwefwef/docs/other/6635119526/repo/lwes-1.0.0/.xml/lwes-erlang/lwes_util.xml"
Reading XML for "/home/pete/wefwefwef/docs/other/6635119526/repo/lwes-1.0.0/.xml/lwes-erlang/lwes_multi_emitter.xml"
Reading XML for "/home/pete/wefwefwef/docs/other/6635119526/repo/lwes-1.0.0/.xml/lwes-erlang/lwes.xml"
Reading XML for "/home/pete/wefwefwef/docs/other/6635119526/repo/lwes-1.0.0/.xml/specs_lwes_util.xml"
Generating HTML - lwes_journaller "/home/pete/wefwefwef/docs/other/6635119526/repo/lwes-1.0.0/.xml/lwes-erlang/lwes_journaller.xml"
Reading XML for "/home/pete/wefwefwef/docs/other/6635119526/repo/lwes-1.0.0/.xml/specs_lwes_channel_manager.xml"
Reading XML for "/home/pete/wefwefwef/docs/other/6635119526/repo/lwes-1.0.0/.xml/lwes-erlang/lwes_journaller.xml"
Reading XML for "/home/pete/wefwefwef/docs/other/6635119526/repo/lwes-1.0.0/.xml/specs_lwes_multi_emitter.xml"
Reading XML for "/home/pete/wefwefwef/docs/other/6635119526/repo/lwes-1.0.0/.xml/specs_lwes.xml"
Generating HTML - lwes_channel_sup "/home/pete/wefwefwef/docs/other/6635119526/repo/lwes-1.0.0/.xml/lwes-erlang/lwes_channel_sup.xml"
Generating HTML - lwes_channel "/home/pete/wefwefwef/docs/other/6635119526/repo/lwes-1.0.0/.xml/lwes-erlang/lwes_channel.xml"
Reading XML for "/home/pete/wefwefwef/docs/other/6635119526/repo/lwes-1.0.0/.xml/lwes-erlang/lwes_channel_sup.xml"
Reading XML for "/home/pete/wefwefwef/docs/other/6635119526/repo/lwes-1.0.0/.xml/lwes-erlang/lwes_channel.xml"
Generating HTML - lwes_app "/home/pete/wefwefwef/docs/other/6635119526/repo/lwes-1.0.0/.xml/lwes-erlang/lwes_app.xml"
Reading XML for "/home/pete/wefwefwef/docs/other/6635119526/repo/lwes-1.0.0/.xml/lwes-erlang/lwes_app.xml"
Reading XML for "/home/pete/wefwefwef/docs/other/6635119526/repo/lwes-1.0.0/.xml/specs_lwes_journaller.xml"
Reading XML for "/home/pete/wefwefwef/docs/other/6635119526/repo/lwes-1.0.0/.xml/specs_lwes_channel_sup.xml"
Reading XML for "/home/pete/wefwefwef/docs/other/6635119526/repo/lwes-1.0.0/.xml/specs_lwes_channel.xml"
Reading XML for "/home/pete/wefwefwef/docs/other/6635119526/repo/lwes-1.0.0/.xml/specs_lwes_app.xml"
Generating HTML - lwes_event "/home/pete/wefwefwef/docs/other/6635119526/repo/lwes-1.0.0/.xml/lwes-erlang/lwes_event.xml"
Reading XML for "/home/pete/wefwefwef/docs/other/6635119526/repo/lwes-1.0.0/.xml/lwes-erlang/lwes_event.xml"
Reading XML for "/home/pete/wefwefwef/docs/other/6635119526/repo/lwes-1.0.0/.xml/specs_lwes_event.xml"
Generating HTML - lwes_sup "/home/pete/wefwefwef/docs/other/6635119526/repo/lwes-1.0.0/.xml/lwes-erlang/lwes_sup.xml"
Reading XML for "/home/pete/wefwefwef/docs/other/6635119526/repo/lwes-1.0.0/.xml/lwes-erlang/lwes_sup.xml"
Reading XML for "/home/pete/wefwefwef/docs/other/6635119526/repo/lwes-1.0.0/.xml/specs_lwes_sup.xml"
Creating index.html ...
Creating erldocs_index.js ...
Woot, finished in 0 Minutes 0 Seconds
 :: Discovering other repos
$ 5000  `rm -r '/home/pete/wefwefwef/docs/other/6635119526/lwes-erlang-tag-lwes-1.0.0'  2>&1`
 :: Processing https://github.com/lwes/lwes-erlang	{rev,tag,"lwes-1.0.1","34c92ef3299b84fb8d6b4f17e983f5b41f8331aa"}
 :: Fetching repo code
$ cd "/home/pete/wefwefwef/docs/other/6635119526/lwes-erlang-tag-lwes-1.0.1/lwes-erlang"
$ infinity  `curl --fail --silent --show-error --location --output 'lwes-1.0.1.zip' 'https://github.com/lwes/lwes-erlang/archive/lwes-1.0.1.zip'  2>&1`
$ cd "/home/pete/wefwefwef/docs/erldocs_other.git"
$ cd "/home/pete/wefwefwef/docs/other/6635119526/lwes-erlang-tag-lwes-1.0.1/lwes-erlang"
$ 5000  `find -P . -type l -delete  2>&1`
$ cd "/home/pete/wefwefwef/docs/erldocs_other.git"
$ cd "/home/pete/wefwefwef/docs/other/6635119526/lwes-erlang-tag-lwes-1.0.1/lwes-erlang"
$ 5000  `find 'lwes-erlang-lwes-1.0.1' -mindepth 1 -maxdepth 1 -exec mv -t . -- {} +  2>&1`
$ cd "/home/pete/wefwefwef/docs/erldocs_other.git"
 :: Getting dependencies
 :: Generating erldocs into /home/pete/wefwefwef/docs/other/6635119526/repo/lwes-1.0.1
Building lwes-erlang
Generating Type Specs - "/home/pete/wefwefwef/docs/other/6635119526/lwes-erlang-tag-lwes-1.0.1/lwes-erlang/src/lwes.erl"
Generating Type Specs - "/home/pete/wefwefwef/docs/other/6635119526/lwes-erlang-tag-lwes-1.0.1/lwes-erlang/src/lwes_app.erl"
Generating Type Specs - "/home/pete/wefwefwef/docs/other/6635119526/lwes-erlang-tag-lwes-1.0.1/lwes-erlang/src/lwes_channel.erl"
Generating Type Specs - "/home/pete/wefwefwef/docs/other/6635119526/lwes-erlang-tag-lwes-1.0.1/lwes-erlang/src/lwes_channel_manager.erl"
Generating Type Specs - "/home/pete/wefwefwef/docs/other/6635119526/lwes-erlang-tag-lwes-1.0.1/lwes-erlang/src/lwes_channel_sup.erl"
Generating Type Specs - "/home/pete/wefwefwef/docs/other/6635119526/lwes-erlang-tag-lwes-1.0.1/lwes-erlang/src/lwes_event.erl"
Generating Type Specs - "/home/pete/wefwefwef/docs/other/6635119526/lwes-erlang-tag-lwes-1.0.1/lwes-erlang/src/lwes_journaller.erl"
Generating Type Specs - "/home/pete/wefwefwef/docs/other/6635119526/lwes-erlang-tag-lwes-1.0.1/lwes-erlang/src/lwes_multi_emitter.erl"
Generating Type Specs - "/home/pete/wefwefwef/docs/other/6635119526/lwes-erlang-tag-lwes-1.0.1/lwes-erlang/src/lwes_sup.erl"
Generating Type Specs - "/home/pete/wefwefwef/docs/other/6635119526/lwes-erlang-tag-lwes-1.0.1/lwes-erlang/src/lwes_util.erl"
Generating XML for application lwes-erlang "/home/pete/wefwefwef/docs/other/6635119526/lwes-erlang-tag-lwes-1.0.1/lwes-erlang" -> "/home/pete/wefwefwef/docs/other/6635119526/repo/lwes-1.0.1/.xml/lwes-erlang"
Generated lwes-erlang XMLs: ["/home/pete/wefwefwef/docs/other/6635119526/repo/lwes-1.0.1/.xml/lwes-erlang/lwes_channel.xml",
                             "/home/pete/wefwefwef/docs/other/6635119526/repo/lwes-1.0.1/.xml/lwes-erlang/lwes_channel_manager.xml",
                             "/home/pete/wefwefwef/docs/other/6635119526/repo/lwes-1.0.1/.xml/lwes-erlang/lwes_journaller.xml",
                             "/home/pete/wefwefwef/docs/other/6635119526/repo/lwes-1.0.1/.xml/lwes-erlang/lwes_util.xml",
                             "/home/pete/wefwefwef/docs/other/6635119526/repo/lwes-1.0.1/.xml/lwes-erlang/lwes_channel_sup.xml",
                             "/home/pete/wefwefwef/docs/other/6635119526/repo/lwes-1.0.1/.xml/lwes-erlang/lwes_multi_emitter.xml",
                             "/home/pete/wefwefwef/docs/other/6635119526/repo/lwes-1.0.1/.xml/lwes-erlang/lwes_sup.xml",
                             "/home/pete/wefwefwef/docs/other/6635119526/repo/lwes-1.0.1/.xml/lwes-erlang/lwes_event.xml",
                             "/home/pete/wefwefwef/docs/other/6635119526/repo/lwes-1.0.1/.xml/lwes-erlang/lwes_app.xml",
                             "/home/pete/wefwefwef/docs/other/6635119526/repo/lwes-1.0.1/.xml/lwes-erlang/lwes.xml"]
Generating HTML - lwes_channel_manager "/home/pete/wefwefwef/docs/other/6635119526/repo/lwes-1.0.1/.xml/lwes-erlang/lwes_channel_manager.xml"
Generating HTML - lwes_util "/home/pete/wefwefwef/docs/other/6635119526/repo/lwes-1.0.1/.xml/lwes-erlang/lwes_util.xml"
Generating HTML - lwes_multi_emitter "/home/pete/wefwefwef/docs/other/6635119526/repo/lwes-1.0.1/.xml/lwes-erlang/lwes_multi_emitter.xml"
Generating HTML - lwes "/home/pete/wefwefwef/docs/other/6635119526/repo/lwes-1.0.1/.xml/lwes-erlang/lwes.xml"
Reading XML for "/home/pete/wefwefwef/docs/other/6635119526/repo/lwes-1.0.1/.xml/lwes-erlang/lwes_channel_manager.xml"
Reading XML for "/home/pete/wefwefwef/docs/other/6635119526/repo/lwes-1.0.1/.xml/lwes-erlang/lwes_util.xml"
Reading XML for "/home/pete/wefwefwef/docs/other/6635119526/repo/lwes-1.0.1/.xml/lwes-erlang/lwes_multi_emitter.xml"
Reading XML for "/home/pete/wefwefwef/docs/other/6635119526/repo/lwes-1.0.1/.xml/lwes-erlang/lwes.xml"
Reading XML for "/home/pete/wefwefwef/docs/other/6635119526/repo/lwes-1.0.1/.xml/specs_lwes_channel_manager.xml"
Reading XML for "/home/pete/wefwefwef/docs/other/6635119526/repo/lwes-1.0.1/.xml/specs_lwes.xml"
Reading XML for "/home/pete/wefwefwef/docs/other/6635119526/repo/lwes-1.0.1/.xml/specs_lwes_multi_emitter.xml"
Reading XML for "/home/pete/wefwefwef/docs/other/6635119526/repo/lwes-1.0.1/.xml/specs_lwes_util.xml"
Generating HTML - lwes_channel "/home/pete/wefwefwef/docs/other/6635119526/repo/lwes-1.0.1/.xml/lwes-erlang/lwes_channel.xml"
Reading XML for "/home/pete/wefwefwef/docs/other/6635119526/repo/lwes-1.0.1/.xml/lwes-erlang/lwes_channel.xml"
Generating HTML - lwes_channel_sup "/home/pete/wefwefwef/docs/other/6635119526/repo/lwes-1.0.1/.xml/lwes-erlang/lwes_channel_sup.xml"
Generating HTML - lwes_journaller "/home/pete/wefwefwef/docs/other/6635119526/repo/lwes-1.0.1/.xml/lwes-erlang/lwes_journaller.xml"
Reading XML for "/home/pete/wefwefwef/docs/other/6635119526/repo/lwes-1.0.1/.xml/lwes-erlang/lwes_channel_sup.xml"
Generating HTML - lwes_app "/home/pete/wefwefwef/docs/other/6635119526/repo/lwes-1.0.1/.xml/lwes-erlang/lwes_app.xml"
Reading XML for "/home/pete/wefwefwef/docs/other/6635119526/repo/lwes-1.0.1/.xml/lwes-erlang/lwes_journaller.xml"
Reading XML for "/home/pete/wefwefwef/docs/other/6635119526/repo/lwes-1.0.1/.xml/lwes-erlang/lwes_app.xml"
Reading XML for "/home/pete/wefwefwef/docs/other/6635119526/repo/lwes-1.0.1/.xml/specs_lwes_channel_sup.xml"
Reading XML for "/home/pete/wefwefwef/docs/other/6635119526/repo/lwes-1.0.1/.xml/specs_lwes_channel.xml"
Reading XML for "/home/pete/wefwefwef/docs/other/6635119526/repo/lwes-1.0.1/.xml/specs_lwes_journaller.xml"
Reading XML for "/home/pete/wefwefwef/docs/other/6635119526/repo/lwes-1.0.1/.xml/specs_lwes_app.xml"
Generating HTML - lwes_event "/home/pete/wefwefwef/docs/other/6635119526/repo/lwes-1.0.1/.xml/lwes-erlang/lwes_event.xml"
Reading XML for "/home/pete/wefwefwef/docs/other/6635119526/repo/lwes-1.0.1/.xml/lwes-erlang/lwes_event.xml"
Reading XML for "/home/pete/wefwefwef/docs/other/6635119526/repo/lwes-1.0.1/.xml/specs_lwes_event.xml"
Generating HTML - lwes_sup "/home/pete/wefwefwef/docs/other/6635119526/repo/lwes-1.0.1/.xml/lwes-erlang/lwes_sup.xml"
Reading XML for "/home/pete/wefwefwef/docs/other/6635119526/repo/lwes-1.0.1/.xml/lwes-erlang/lwes_sup.xml"
Reading XML for "/home/pete/wefwefwef/docs/other/6635119526/repo/lwes-1.0.1/.xml/specs_lwes_sup.xml"
Creating index.html ...
Creating erldocs_index.js ...
Woot, finished in 0 Minutes 0 Seconds
 :: Discovering other repos
$ 5000  `rm -r '/home/pete/wefwefwef/docs/other/6635119526/lwes-erlang-tag-lwes-1.0.1'  2>&1`
 :: Processing https://github.com/lwes/lwes-erlang	{rev,tag,"lwes-1.0.2","a465fae540956676ae68b0d3fcddff19c65a26ae"}
 :: Fetching repo code
$ cd "/home/pete/wefwefwef/docs/other/6635119526/lwes-erlang-tag-lwes-1.0.2/lwes-erlang"
$ infinity  `curl --fail --silent --show-error --location --output 'lwes-1.0.2.zip' 'https://github.com/lwes/lwes-erlang/archive/lwes-1.0.2.zip'  2>&1`
$ cd "/home/pete/wefwefwef/docs/erldocs_other.git"
$ cd "/home/pete/wefwefwef/docs/other/6635119526/lwes-erlang-tag-lwes-1.0.2/lwes-erlang"
$ 5000  `find -P . -type l -delete  2>&1`
$ cd "/home/pete/wefwefwef/docs/erldocs_other.git"
$ cd "/home/pete/wefwefwef/docs/other/6635119526/lwes-erlang-tag-lwes-1.0.2/lwes-erlang"
$ 5000  `find 'lwes-erlang-lwes-1.0.2' -mindepth 1 -maxdepth 1 -exec mv -t . -- {} +  2>&1`
$ cd "/home/pete/wefwefwef/docs/erldocs_other.git"
 :: Getting dependencies
 :: Generating erldocs into /home/pete/wefwefwef/docs/other/6635119526/repo/lwes-1.0.2
Building lwes-erlang
Generating Type Specs - "/home/pete/wefwefwef/docs/other/6635119526/lwes-erlang-tag-lwes-1.0.2/lwes-erlang/src/lwes.erl"
Generating Type Specs - "/home/pete/wefwefwef/docs/other/6635119526/lwes-erlang-tag-lwes-1.0.2/lwes-erlang/src/lwes_app.erl"
Generating Type Specs - "/home/pete/wefwefwef/docs/other/6635119526/lwes-erlang-tag-lwes-1.0.2/lwes-erlang/src/lwes_channel.erl"
Generating Type Specs - "/home/pete/wefwefwef/docs/other/6635119526/lwes-erlang-tag-lwes-1.0.2/lwes-erlang/src/lwes_channel_manager.erl"
Generating Type Specs - "/home/pete/wefwefwef/docs/other/6635119526/lwes-erlang-tag-lwes-1.0.2/lwes-erlang/src/lwes_channel_sup.erl"
Generating Type Specs - "/home/pete/wefwefwef/docs/other/6635119526/lwes-erlang-tag-lwes-1.0.2/lwes-erlang/src/lwes_event.erl"
Generating Type Specs - "/home/pete/wefwefwef/docs/other/6635119526/lwes-erlang-tag-lwes-1.0.2/lwes-erlang/src/lwes_journaller.erl"
Generating Type Specs - "/home/pete/wefwefwef/docs/other/6635119526/lwes-erlang-tag-lwes-1.0.2/lwes-erlang/src/lwes_multi_emitter.erl"
Generating Type Specs - "/home/pete/wefwefwef/docs/other/6635119526/lwes-erlang-tag-lwes-1.0.2/lwes-erlang/src/lwes_sup.erl"
Generating Type Specs - "/home/pete/wefwefwef/docs/other/6635119526/lwes-erlang-tag-lwes-1.0.2/lwes-erlang/src/lwes_util.erl"
Generating XML for application lwes-erlang "/home/pete/wefwefwef/docs/other/6635119526/lwes-erlang-tag-lwes-1.0.2/lwes-erlang" -> "/home/pete/wefwefwef/docs/other/6635119526/repo/lwes-1.0.2/.xml/lwes-erlang"
Generated lwes-erlang XMLs: ["/home/pete/wefwefwef/docs/other/6635119526/repo/lwes-1.0.2/.xml/lwes-erlang/lwes_channel.xml",
                             "/home/pete/wefwefwef/docs/other/6635119526/repo/lwes-1.0.2/.xml/lwes-erlang/lwes_channel_manager.xml",
                             "/home/pete/wefwefwef/docs/other/6635119526/repo/lwes-1.0.2/.xml/lwes-erlang/lwes_journaller.xml",
                             "/home/pete/wefwefwef/docs/other/6635119526/repo/lwes-1.0.2/.xml/lwes-erlang/lwes_util.xml",
                             "/home/pete/wefwefwef/docs/other/6635119526/repo/lwes-1.0.2/.xml/lwes-erlang/lwes_channel_sup.xml",
                             "/home/pete/wefwefwef/docs/other/6635119526/repo/lwes-1.0.2/.xml/lwes-erlang/lwes_multi_emitter.xml",
                             "/home/pete/wefwefwef/docs/other/6635119526/repo/lwes-1.0.2/.xml/lwes-erlang/lwes_sup.xml",
                             "/home/pete/wefwefwef/docs/other/6635119526/repo/lwes-1.0.2/.xml/lwes-erlang/lwes_event.xml",
                             "/home/pete/wefwefwef/docs/other/6635119526/repo/lwes-1.0.2/.xml/lwes-erlang/lwes_app.xml",
                             "/home/pete/wefwefwef/docs/other/6635119526/repo/lwes-1.0.2/.xml/lwes-erlang/lwes.xml"]
Generating HTML - lwes_channel_manager "/home/pete/wefwefwef/docs/other/6635119526/repo/lwes-1.0.2/.xml/lwes-erlang/lwes_channel_manager.xml"
Generating HTML - lwes_util "/home/pete/wefwefwef/docs/other/6635119526/repo/lwes-1.0.2/.xml/lwes-erlang/lwes_util.xml"
Generating HTML - lwes_multi_emitter "/home/pete/wefwefwef/docs/other/6635119526/repo/lwes-1.0.2/.xml/lwes-erlang/lwes_multi_emitter.xml"
Generating HTML - lwes "/home/pete/wefwefwef/docs/other/6635119526/repo/lwes-1.0.2/.xml/lwes-erlang/lwes.xml"
Reading XML for "/home/pete/wefwefwef/docs/other/6635119526/repo/lwes-1.0.2/.xml/lwes-erlang/lwes_channel_manager.xml"
Reading XML for "/home/pete/wefwefwef/docs/other/6635119526/repo/lwes-1.0.2/.xml/lwes-erlang/lwes_util.xml"
Reading XML for "/home/pete/wefwefwef/docs/other/6635119526/repo/lwes-1.0.2/.xml/lwes-erlang/lwes_multi_emitter.xml"
Reading XML for "/home/pete/wefwefwef/docs/other/6635119526/repo/lwes-1.0.2/.xml/lwes-erlang/lwes.xml"
Reading XML for "/home/pete/wefwefwef/docs/other/6635119526/repo/lwes-1.0.2/.xml/specs_lwes_multi_emitter.xml"
Reading XML for "/home/pete/wefwefwef/docs/other/6635119526/repo/lwes-1.0.2/.xml/specs_lwes_util.xml"
Reading XML for "/home/pete/wefwefwef/docs/other/6635119526/repo/lwes-1.0.2/.xml/specs_lwes_channel_manager.xml"
Generating HTML - lwes_channel_sup "/home/pete/wefwefwef/docs/other/6635119526/repo/lwes-1.0.2/.xml/lwes-erlang/lwes_channel_sup.xml"
Reading XML for "/home/pete/wefwefwef/docs/other/6635119526/repo/lwes-1.0.2/.xml/lwes-erlang/lwes_channel_sup.xml"
Reading XML for "/home/pete/wefwefwef/docs/other/6635119526/repo/lwes-1.0.2/.xml/specs_lwes.xml"
Generating HTML - lwes_journaller "/home/pete/wefwefwef/docs/other/6635119526/repo/lwes-1.0.2/.xml/lwes-erlang/lwes_journaller.xml"
Reading XML for "/home/pete/wefwefwef/docs/other/6635119526/repo/lwes-1.0.2/.xml/lwes-erlang/lwes_journaller.xml"
Generating HTML - lwes_app "/home/pete/wefwefwef/docs/other/6635119526/repo/lwes-1.0.2/.xml/lwes-erlang/lwes_app.xml"
Reading XML for "/home/pete/wefwefwef/docs/other/6635119526/repo/lwes-1.0.2/.xml/lwes-erlang/lwes_app.xml"
Generating HTML - lwes_channel "/home/pete/wefwefwef/docs/other/6635119526/repo/lwes-1.0.2/.xml/lwes-erlang/lwes_channel.xml"
Reading XML for "/home/pete/wefwefwef/docs/other/6635119526/repo/lwes-1.0.2/.xml/lwes-erlang/lwes_channel.xml"
Reading XML for "/home/pete/wefwefwef/docs/other/6635119526/repo/lwes-1.0.2/.xml/specs_lwes_channel_sup.xml"
Reading XML for "/home/pete/wefwefwef/docs/other/6635119526/repo/lwes-1.0.2/.xml/specs_lwes_journaller.xml"
Reading XML for "/home/pete/wefwefwef/docs/other/6635119526/repo/lwes-1.0.2/.xml/specs_lwes_app.xml"
Generating HTML - lwes_event "/home/pete/wefwefwef/docs/other/6635119526/repo/lwes-1.0.2/.xml/lwes-erlang/lwes_event.xml"
Reading XML for "/home/pete/wefwefwef/docs/other/6635119526/repo/lwes-1.0.2/.xml/lwes-erlang/lwes_event.xml"
Reading XML for "/home/pete/wefwefwef/docs/other/6635119526/repo/lwes-1.0.2/.xml/specs_lwes_channel.xml"
Reading XML for "/home/pete/wefwefwef/docs/other/6635119526/repo/lwes-1.0.2/.xml/specs_lwes_event.xml"
Generating HTML - lwes_sup "/home/pete/wefwefwef/docs/other/6635119526/repo/lwes-1.0.2/.xml/lwes-erlang/lwes_sup.xml"
Reading XML for "/home/pete/wefwefwef/docs/other/6635119526/repo/lwes-1.0.2/.xml/lwes-erlang/lwes_sup.xml"
Reading XML for "/home/pete/wefwefwef/docs/other/6635119526/repo/lwes-1.0.2/.xml/specs_lwes_sup.xml"
Creating index.html ...
Creating erldocs_index.js ...
Woot, finished in 0 Minutes 0 Seconds
 :: Discovering other repos
$ 5000  `rm -r '/home/pete/wefwefwef/docs/other/6635119526/lwes-erlang-tag-lwes-1.0.2'  2>&1`
 :: Processing https://github.com/lwes/lwes-erlang	{rev,tag,"lwes-1.0.3","41841a8bdcafe4e7d609df573557567cef055552"}
 :: Fetching repo code
$ cd "/home/pete/wefwefwef/docs/other/6635119526/lwes-erlang-tag-lwes-1.0.3/lwes-erlang"
$ infinity  `curl --fail --silent --show-error --location --output 'lwes-1.0.3.zip' 'https://github.com/lwes/lwes-erlang/archive/lwes-1.0.3.zip'  2>&1`
$ cd "/home/pete/wefwefwef/docs/erldocs_other.git"
$ cd "/home/pete/wefwefwef/docs/other/6635119526/lwes-erlang-tag-lwes-1.0.3/lwes-erlang"
$ 5000  `find -P . -type l -delete  2>&1`
$ cd "/home/pete/wefwefwef/docs/erldocs_other.git"
$ cd "/home/pete/wefwefwef/docs/other/6635119526/lwes-erlang-tag-lwes-1.0.3/lwes-erlang"
$ 5000  `find 'lwes-erlang-lwes-1.0.3' -mindepth 1 -maxdepth 1 -exec mv -t . -- {} +  2>&1`
$ cd "/home/pete/wefwefwef/docs/erldocs_other.git"
 :: Getting dependencies
 :: Generating erldocs into /home/pete/wefwefwef/docs/other/6635119526/repo/lwes-1.0.3
Building lwes-erlang
Generating Type Specs - "/home/pete/wefwefwef/docs/other/6635119526/lwes-erlang-tag-lwes-1.0.3/lwes-erlang/src/lwes.erl"
Generating Type Specs - "/home/pete/wefwefwef/docs/other/6635119526/lwes-erlang-tag-lwes-1.0.3/lwes-erlang/src/lwes_app.erl"
Generating Type Specs - "/home/pete/wefwefwef/docs/other/6635119526/lwes-erlang-tag-lwes-1.0.3/lwes-erlang/src/lwes_channel.erl"
Generating Type Specs - "/home/pete/wefwefwef/docs/other/6635119526/lwes-erlang-tag-lwes-1.0.3/lwes-erlang/src/lwes_channel_manager.erl"
Generating Type Specs - "/home/pete/wefwefwef/docs/other/6635119526/lwes-erlang-tag-lwes-1.0.3/lwes-erlang/src/lwes_channel_sup.erl"
Generating Type Specs - "/home/pete/wefwefwef/docs/other/6635119526/lwes-erlang-tag-lwes-1.0.3/lwes-erlang/src/lwes_event.erl"
Generating Type Specs - "/home/pete/wefwefwef/docs/other/6635119526/lwes-erlang-tag-lwes-1.0.3/lwes-erlang/src/lwes_journaller.erl"
Generating Type Specs - "/home/pete/wefwefwef/docs/other/6635119526/lwes-erlang-tag-lwes-1.0.3/lwes-erlang/src/lwes_multi_emitter.erl"
Generating Type Specs - "/home/pete/wefwefwef/docs/other/6635119526/lwes-erlang-tag-lwes-1.0.3/lwes-erlang/src/lwes_sup.erl"
Generating Type Specs - "/home/pete/wefwefwef/docs/other/6635119526/lwes-erlang-tag-lwes-1.0.3/lwes-erlang/src/lwes_util.erl"
Generating XML for application lwes-erlang "/home/pete/wefwefwef/docs/other/6635119526/lwes-erlang-tag-lwes-1.0.3/lwes-erlang" -> "/home/pete/wefwefwef/docs/other/6635119526/repo/lwes-1.0.3/.xml/lwes-erlang"
Generated lwes-erlang XMLs: ["/home/pete/wefwefwef/docs/other/6635119526/repo/lwes-1.0.3/.xml/lwes-erlang/lwes_channel.xml",
                             "/home/pete/wefwefwef/docs/other/6635119526/repo/lwes-1.0.3/.xml/lwes-erlang/lwes_channel_manager.xml",
                             "/home/pete/wefwefwef/docs/other/6635119526/repo/lwes-1.0.3/.xml/lwes-erlang/lwes_journaller.xml",
                             "/home/pete/wefwefwef/docs/other/6635119526/repo/lwes-1.0.3/.xml/lwes-erlang/lwes_util.xml",
                             "/home/pete/wefwefwef/docs/other/6635119526/repo/lwes-1.0.3/.xml/lwes-erlang/lwes_channel_sup.xml",
                             "/home/pete/wefwefwef/docs/other/6635119526/repo/lwes-1.0.3/.xml/lwes-erlang/lwes_multi_emitter.xml",
                             "/home/pete/wefwefwef/docs/other/6635119526/repo/lwes-1.0.3/.xml/lwes-erlang/lwes_sup.xml",
                             "/home/pete/wefwefwef/docs/other/6635119526/repo/lwes-1.0.3/.xml/lwes-erlang/lwes_event.xml",
                             "/home/pete/wefwefwef/docs/other/6635119526/repo/lwes-1.0.3/.xml/lwes-erlang/lwes_app.xml",
                             "/home/pete/wefwefwef/docs/other/6635119526/repo/lwes-1.0.3/.xml/lwes-erlang/lwes.xml"]
Generating HTML - lwes_channel_manager "/home/pete/wefwefwef/docs/other/6635119526/repo/lwes-1.0.3/.xml/lwes-erlang/lwes_channel_manager.xml"
Generating HTML - lwes_util "/home/pete/wefwefwef/docs/other/6635119526/repo/lwes-1.0.3/.xml/lwes-erlang/lwes_util.xml"
Generating HTML - lwes_multi_emitter "/home/pete/wefwefwef/docs/other/6635119526/repo/lwes-1.0.3/.xml/lwes-erlang/lwes_multi_emitter.xml"
Generating HTML - lwes "/home/pete/wefwefwef/docs/other/6635119526/repo/lwes-1.0.3/.xml/lwes-erlang/lwes.xml"
Reading XML for "/home/pete/wefwefwef/docs/other/6635119526/repo/lwes-1.0.3/.xml/lwes-erlang/lwes_channel_manager.xml"
Reading XML for "/home/pete/wefwefwef/docs/other/6635119526/repo/lwes-1.0.3/.xml/lwes-erlang/lwes_util.xml"
Reading XML for "/home/pete/wefwefwef/docs/other/6635119526/repo/lwes-1.0.3/.xml/lwes-erlang/lwes_multi_emitter.xml"
Reading XML for "/home/pete/wefwefwef/docs/other/6635119526/repo/lwes-1.0.3/.xml/lwes-erlang/lwes.xml"
Reading XML for "/home/pete/wefwefwef/docs/other/6635119526/repo/lwes-1.0.3/.xml/specs_lwes_util.xml"
Reading XML for "/home/pete/wefwefwef/docs/other/6635119526/repo/lwes-1.0.3/.xml/specs_lwes_channel_manager.xml"
Generating HTML - lwes_journaller "/home/pete/wefwefwef/docs/other/6635119526/repo/lwes-1.0.3/.xml/lwes-erlang/lwes_journaller.xml"
Reading XML for "/home/pete/wefwefwef/docs/other/6635119526/repo/lwes-1.0.3/.xml/lwes-erlang/lwes_journaller.xml"
Reading XML for "/home/pete/wefwefwef/docs/other/6635119526/repo/lwes-1.0.3/.xml/specs_lwes.xml"
Reading XML for "/home/pete/wefwefwef/docs/other/6635119526/repo/lwes-1.0.3/.xml/specs_lwes_multi_emitter.xml"
Generating HTML - lwes_channel "/home/pete/wefwefwef/docs/other/6635119526/repo/lwes-1.0.3/.xml/lwes-erlang/lwes_channel.xml"
Reading XML for "/home/pete/wefwefwef/docs/other/6635119526/repo/lwes-1.0.3/.xml/lwes-erlang/lwes_channel.xml"
Generating HTML - lwes_app "/home/pete/wefwefwef/docs/other/6635119526/repo/lwes-1.0.3/.xml/lwes-erlang/lwes_app.xml"
Reading XML for "/home/pete/wefwefwef/docs/other/6635119526/repo/lwes-1.0.3/.xml/lwes-erlang/lwes_app.xml"
Generating HTML - lwes_channel_sup "/home/pete/wefwefwef/docs/other/6635119526/repo/lwes-1.0.3/.xml/lwes-erlang/lwes_channel_sup.xml"
Reading XML for "/home/pete/wefwefwef/docs/other/6635119526/repo/lwes-1.0.3/.xml/lwes-erlang/lwes_channel_sup.xml"
Reading XML for "/home/pete/wefwefwef/docs/other/6635119526/repo/lwes-1.0.3/.xml/specs_lwes_journaller.xml"
Reading XML for "/home/pete/wefwefwef/docs/other/6635119526/repo/lwes-1.0.3/.xml/specs_lwes_app.xml"
Generating HTML - lwes_event "/home/pete/wefwefwef/docs/other/6635119526/repo/lwes-1.0.3/.xml/lwes-erlang/lwes_event.xml"
Reading XML for "/home/pete/wefwefwef/docs/other/6635119526/repo/lwes-1.0.3/.xml/specs_lwes_channel.xml"
Reading XML for "/home/pete/wefwefwef/docs/other/6635119526/repo/lwes-1.0.3/.xml/lwes-erlang/lwes_event.xml"
Reading XML for "/home/pete/wefwefwef/docs/other/6635119526/repo/lwes-1.0.3/.xml/specs_lwes_channel_sup.xml"
Reading XML for "/home/pete/wefwefwef/docs/other/6635119526/repo/lwes-1.0.3/.xml/specs_lwes_event.xml"
Generating HTML - lwes_sup "/home/pete/wefwefwef/docs/other/6635119526/repo/lwes-1.0.3/.xml/lwes-erlang/lwes_sup.xml"
Reading XML for "/home/pete/wefwefwef/docs/other/6635119526/repo/lwes-1.0.3/.xml/lwes-erlang/lwes_sup.xml"
Reading XML for "/home/pete/wefwefwef/docs/other/6635119526/repo/lwes-1.0.3/.xml/specs_lwes_sup.xml"
Creating index.html ...
Creating erldocs_index.js ...
Woot, finished in 0 Minutes 0 Seconds
 :: Discovering other repos
$ 5000  `rm -r '/home/pete/wefwefwef/docs/other/6635119526/lwes-erlang-tag-lwes-1.0.3'  2>&1`
 :: Processing https://github.com/lwes/lwes-erlang	{rev,tag,"lwes-2.0.0","f23e30d6e5b6679a9cb2bde3ee7c86b3964ea2d5"}
 :: Fetching repo code
$ cd "/home/pete/wefwefwef/docs/other/6635119526/lwes-erlang-tag-lwes-2.0.0/lwes-erlang"
$ infinity  `curl --fail --silent --show-error --location --output 'lwes-2.0.0.zip' 'https://github.com/lwes/lwes-erlang/archive/lwes-2.0.0.zip'  2>&1`
$ cd "/home/pete/wefwefwef/docs/erldocs_other.git"
$ cd "/home/pete/wefwefwef/docs/other/6635119526/lwes-erlang-tag-lwes-2.0.0/lwes-erlang"
$ 5000  `find -P . -type l -delete  2>&1`
$ cd "/home/pete/wefwefwef/docs/erldocs_other.git"
$ cd "/home/pete/wefwefwef/docs/other/6635119526/lwes-erlang-tag-lwes-2.0.0/lwes-erlang"
$ 5000  `find 'lwes-erlang-lwes-2.0.0' -mindepth 1 -maxdepth 1 -exec mv -t . -- {} +  2>&1`
$ cd "/home/pete/wefwefwef/docs/erldocs_other.git"
 :: Getting dependencies
$ cd "/home/pete/wefwefwef/docs/other/6635119526/lwes-erlang-tag-lwes-2.0.0/lwes-erlang"
$ 5000  `ls -1 deps/  2>&1`
$ cd "/home/pete/wefwefwef/docs/erldocs_other.git"
>>> [rebar] deps = []
 :: Generating erldocs into /home/pete/wefwefwef/docs/other/6635119526/repo/lwes-2.0.0
Building lwes-erlang
Generating Type Specs - "/home/pete/wefwefwef/docs/other/6635119526/lwes-erlang-tag-lwes-2.0.0/lwes-erlang/src/lwes.erl"
Generating Type Specs - "/home/pete/wefwefwef/docs/other/6635119526/lwes-erlang-tag-lwes-2.0.0/lwes-erlang/src/lwes_app.erl"
Generating Type Specs - "/home/pete/wefwefwef/docs/other/6635119526/lwes-erlang-tag-lwes-2.0.0/lwes-erlang/src/lwes_channel.erl"
Generating Type Specs - "/home/pete/wefwefwef/docs/other/6635119526/lwes-erlang-tag-lwes-2.0.0/lwes-erlang/src/lwes_channel_manager.erl"
Generating Type Specs - "/home/pete/wefwefwef/docs/other/6635119526/lwes-erlang-tag-lwes-2.0.0/lwes-erlang/src/lwes_channel_sup.erl"
Generating Type Specs - "/home/pete/wefwefwef/docs/other/6635119526/lwes-erlang-tag-lwes-2.0.0/lwes-erlang/src/lwes_event.erl"
Generating Type Specs - "/home/pete/wefwefwef/docs/other/6635119526/lwes-erlang-tag-lwes-2.0.0/lwes-erlang/src/lwes_journaller.erl"
Generating Type Specs - "/home/pete/wefwefwef/docs/other/6635119526/lwes-erlang-tag-lwes-2.0.0/lwes-erlang/src/lwes_mochijson2.erl"
Generating Type Specs - "/home/pete/wefwefwef/docs/other/6635119526/lwes-erlang-tag-lwes-2.0.0/lwes-erlang/src/lwes_mochinum.erl"
Generating Type Specs - "/home/pete/wefwefwef/docs/other/6635119526/lwes-erlang-tag-lwes-2.0.0/lwes-erlang/src/lwes_multi_emitter.erl"
Generating Type Specs - "/home/pete/wefwefwef/docs/other/6635119526/lwes-erlang-tag-lwes-2.0.0/lwes-erlang/src/lwes_sup.erl"
Generating Type Specs - "/home/pete/wefwefwef/docs/other/6635119526/lwes-erlang-tag-lwes-2.0.0/lwes-erlang/src/lwes_util.erl"
Generating XML for application lwes-erlang "/home/pete/wefwefwef/docs/other/6635119526/lwes-erlang-tag-lwes-2.0.0/lwes-erlang" -> "/home/pete/wefwefwef/docs/other/6635119526/repo/lwes-2.0.0/.xml/lwes-erlang"
Generated lwes-erlang XMLs: ["/home/pete/wefwefwef/docs/other/6635119526/repo/lwes-2.0.0/.xml/lwes-erlang/lwes_mochinum.xml",
                             "/home/pete/wefwefwef/docs/other/6635119526/repo/lwes-2.0.0/.xml/lwes-erlang/lwes_channel.xml",
                             "/home/pete/wefwefwef/docs/other/6635119526/repo/lwes-2.0.0/.xml/lwes-erlang/lwes_mochijson2.xml",
                             "/home/pete/wefwefwef/docs/other/6635119526/repo/lwes-2.0.0/.xml/lwes-erlang/lwes_channel_manager.xml",
                             "/home/pete/wefwefwef/docs/other/6635119526/repo/lwes-2.0.0/.xml/lwes-erlang/lwes_journaller.xml",
                             "/home/pete/wefwefwef/docs/other/6635119526/repo/lwes-2.0.0/.xml/lwes-erlang/lwes_util.xml",
                             "/home/pete/wefwefwef/docs/other/6635119526/repo/lwes-2.0.0/.xml/lwes-erlang/lwes_channel_sup.xml",
                             "/home/pete/wefwefwef/docs/other/6635119526/repo/lwes-2.0.0/.xml/lwes-erlang/lwes_multi_emitter.xml",
                             "/home/pete/wefwefwef/docs/other/6635119526/repo/lwes-2.0.0/.xml/lwes-erlang/lwes_sup.xml",
                             "/home/pete/wefwefwef/docs/other/6635119526/repo/lwes-2.0.0/.xml/lwes-erlang/lwes_event.xml",
                             "/home/pete/wefwefwef/docs/other/6635119526/repo/lwes-2.0.0/.xml/lwes-erlang/lwes_app.xml",
                             "/home/pete/wefwefwef/docs/other/6635119526/repo/lwes-2.0.0/.xml/lwes-erlang/lwes.xml"]
Generating HTML - lwes_mochijson2 "/home/pete/wefwefwef/docs/other/6635119526/repo/lwes-2.0.0/.xml/lwes-erlang/lwes_mochijson2.xml"
Generating HTML - lwes_util "/home/pete/wefwefwef/docs/other/6635119526/repo/lwes-2.0.0/.xml/lwes-erlang/lwes_util.xml"
Generating HTML - lwes_sup "/home/pete/wefwefwef/docs/other/6635119526/repo/lwes-2.0.0/.xml/lwes-erlang/lwes_sup.xml"
Generating HTML - lwes "/home/pete/wefwefwef/docs/other/6635119526/repo/lwes-2.0.0/.xml/lwes-erlang/lwes.xml"
Reading XML for "/home/pete/wefwefwef/docs/other/6635119526/repo/lwes-2.0.0/.xml/lwes-erlang/lwes_mochijson2.xml"
Reading XML for "/home/pete/wefwefwef/docs/other/6635119526/repo/lwes-2.0.0/.xml/lwes-erlang/lwes_util.xml"
Reading XML for "/home/pete/wefwefwef/docs/other/6635119526/repo/lwes-2.0.0/.xml/lwes-erlang/lwes_sup.xml"
Reading XML for "/home/pete/wefwefwef/docs/other/6635119526/repo/lwes-2.0.0/.xml/lwes-erlang/lwes.xml"
Reading XML for "/home/pete/wefwefwef/docs/other/6635119526/repo/lwes-2.0.0/.xml/specs_lwes_sup.xml"
Generating HTML - lwes_multi_emitter "/home/pete/wefwefwef/docs/other/6635119526/repo/lwes-2.0.0/.xml/lwes-erlang/lwes_multi_emitter.xml"
Reading XML for "/home/pete/wefwefwef/docs/other/6635119526/repo/lwes-2.0.0/.xml/lwes-erlang/lwes_multi_emitter.xml"
Reading XML for "/home/pete/wefwefwef/docs/other/6635119526/repo/lwes-2.0.0/.xml/specs_lwes_util.xml"
Reading XML for "/home/pete/wefwefwef/docs/other/6635119526/repo/lwes-2.0.0/.xml/specs_lwes.xml"
Reading XML for "/home/pete/wefwefwef/docs/other/6635119526/repo/lwes-2.0.0/.xml/specs_lwes_mochijson2.xml"
Generating HTML - lwes_journaller "/home/pete/wefwefwef/docs/other/6635119526/repo/lwes-2.0.0/.xml/lwes-erlang/lwes_journaller.xml"
Reading XML for "/home/pete/wefwefwef/docs/other/6635119526/repo/lwes-2.0.0/.xml/lwes-erlang/lwes_journaller.xml"
Generating HTML - lwes_app "/home/pete/wefwefwef/docs/other/6635119526/repo/lwes-2.0.0/.xml/lwes-erlang/lwes_app.xml"
Reading XML for "/home/pete/wefwefwef/docs/other/6635119526/repo/lwes-2.0.0/.xml/lwes-erlang/lwes_app.xml"
Generating HTML - lwes_channel "/home/pete/wefwefwef/docs/other/6635119526/repo/lwes-2.0.0/.xml/lwes-erlang/lwes_channel.xml"
Reading XML for "/home/pete/wefwefwef/docs/other/6635119526/repo/lwes-2.0.0/.xml/lwes-erlang/lwes_channel.xml"
Reading XML for "/home/pete/wefwefwef/docs/other/6635119526/repo/lwes-2.0.0/.xml/specs_lwes_multi_emitter.xml"
Generating HTML - lwes_channel_sup "/home/pete/wefwefwef/docs/other/6635119526/repo/lwes-2.0.0/.xml/lwes-erlang/lwes_channel_sup.xml"
Reading XML for "/home/pete/wefwefwef/docs/other/6635119526/repo/lwes-2.0.0/.xml/lwes-erlang/lwes_channel_sup.xml"
Reading XML for "/home/pete/wefwefwef/docs/other/6635119526/repo/lwes-2.0.0/.xml/specs_lwes_journaller.xml"
Generating HTML - lwes_channel_manager "/home/pete/wefwefwef/docs/other/6635119526/repo/lwes-2.0.0/.xml/lwes-erlang/lwes_channel_manager.xml"
Reading XML for "/home/pete/wefwefwef/docs/other/6635119526/repo/lwes-2.0.0/.xml/specs_lwes_app.xml"
Reading XML for "/home/pete/wefwefwef/docs/other/6635119526/repo/lwes-2.0.0/.xml/lwes-erlang/lwes_channel_manager.xml"
Reading XML for "/home/pete/wefwefwef/docs/other/6635119526/repo/lwes-2.0.0/.xml/specs_lwes_channel.xml"
Generating HTML - lwes_event "/home/pete/wefwefwef/docs/other/6635119526/repo/lwes-2.0.0/.xml/lwes-erlang/lwes_event.xml"
Reading XML for "/home/pete/wefwefwef/docs/other/6635119526/repo/lwes-2.0.0/.xml/lwes-erlang/lwes_event.xml"
Generating HTML - lwes_mochinum "/home/pete/wefwefwef/docs/other/6635119526/repo/lwes-2.0.0/.xml/lwes-erlang/lwes_mochinum.xml"
Reading XML for "/home/pete/wefwefwef/docs/other/6635119526/repo/lwes-2.0.0/.xml/lwes-erlang/lwes_mochinum.xml"
Reading XML for "/home/pete/wefwefwef/docs/other/6635119526/repo/lwes-2.0.0/.xml/specs_lwes_channel_sup.xml"
Reading XML for "/home/pete/wefwefwef/docs/other/6635119526/repo/lwes-2.0.0/.xml/specs_lwes_channel_manager.xml"
Reading XML for "/home/pete/wefwefwef/docs/other/6635119526/repo/lwes-2.0.0/.xml/specs_lwes_event.xml"
Reading XML for "/home/pete/wefwefwef/docs/other/6635119526/repo/lwes-2.0.0/.xml/specs_lwes_mochinum.xml"
Creating index.html ...
Creating erldocs_index.js ...
Woot, finished in 0 Minutes 1 Seconds
 :: Discovering other repos
$ 5000  `rm -r '/home/pete/wefwefwef/docs/other/6635119526/lwes-erlang-tag-lwes-2.0.0'  2>&1`
 :: Processing https://github.com/lwes/lwes-erlang	{rev,tag,"lwes-2.1.0","7ca4b1e2142e2b7d0f65ae16145c67f84b67cf3c"}
 :: Fetching repo code
$ cd "/home/pete/wefwefwef/docs/other/6635119526/lwes-erlang-tag-lwes-2.1.0/lwes-erlang"
$ infinity  `curl --fail --silent --show-error --location --output 'lwes-2.1.0.zip' 'https://github.com/lwes/lwes-erlang/archive/lwes-2.1.0.zip'  2>&1`
$ cd "/home/pete/wefwefwef/docs/erldocs_other.git"
$ cd "/home/pete/wefwefwef/docs/other/6635119526/lwes-erlang-tag-lwes-2.1.0/lwes-erlang"
$ 5000  `find -P . -type l -delete  2>&1`
$ cd "/home/pete/wefwefwef/docs/erldocs_other.git"
$ cd "/home/pete/wefwefwef/docs/other/6635119526/lwes-erlang-tag-lwes-2.1.0/lwes-erlang"
$ 5000  `find 'lwes-erlang-lwes-2.1.0' -mindepth 1 -maxdepth 1 -exec mv -t . -- {} +  2>&1`
$ cd "/home/pete/wefwefwef/docs/erldocs_other.git"
 :: Getting dependencies
$ cd "/home/pete/wefwefwef/docs/other/6635119526/lwes-erlang-tag-lwes-2.1.0/lwes-erlang"
$ 5000  `ls -1 deps/  2>&1`
$ cd "/home/pete/wefwefwef/docs/erldocs_other.git"
>>> [rebar] deps = []
 :: Generating erldocs into /home/pete/wefwefwef/docs/other/6635119526/repo/lwes-2.1.0
Building lwes-erlang
Generating Type Specs - "/home/pete/wefwefwef/docs/other/6635119526/lwes-erlang-tag-lwes-2.1.0/lwes-erlang/src/lwes.erl"
Generating Type Specs - "/home/pete/wefwefwef/docs/other/6635119526/lwes-erlang-tag-lwes-2.1.0/lwes-erlang/src/lwes_app.erl"
Generating Type Specs - "/home/pete/wefwefwef/docs/other/6635119526/lwes-erlang-tag-lwes-2.1.0/lwes-erlang/src/lwes_channel.erl"
Generating Type Specs - "/home/pete/wefwefwef/docs/other/6635119526/lwes-erlang-tag-lwes-2.1.0/lwes-erlang/src/lwes_channel_manager.erl"
Generating Type Specs - "/home/pete/wefwefwef/docs/other/6635119526/lwes-erlang-tag-lwes-2.1.0/lwes-erlang/src/lwes_channel_sup.erl"
Generating Type Specs - "/home/pete/wefwefwef/docs/other/6635119526/lwes-erlang-tag-lwes-2.1.0/lwes-erlang/src/lwes_event.erl"
Generating Type Specs - "/home/pete/wefwefwef/docs/other/6635119526/lwes-erlang-tag-lwes-2.1.0/lwes-erlang/src/lwes_journaller.erl"
Generating Type Specs - "/home/pete/wefwefwef/docs/other/6635119526/lwes-erlang-tag-lwes-2.1.0/lwes-erlang/src/lwes_mochijson2.erl"
Generating Type Specs - "/home/pete/wefwefwef/docs/other/6635119526/lwes-erlang-tag-lwes-2.1.0/lwes-erlang/src/lwes_mochinum.erl"
Generating Type Specs - "/home/pete/wefwefwef/docs/other/6635119526/lwes-erlang-tag-lwes-2.1.0/lwes-erlang/src/lwes_multi_emitter.erl"
Generating Type Specs - "/home/pete/wefwefwef/docs/other/6635119526/lwes-erlang-tag-lwes-2.1.0/lwes-erlang/src/lwes_sup.erl"
Generating Type Specs - "/home/pete/wefwefwef/docs/other/6635119526/lwes-erlang-tag-lwes-2.1.0/lwes-erlang/src/lwes_util.erl"
Generating XML for application lwes-erlang "/home/pete/wefwefwef/docs/other/6635119526/lwes-erlang-tag-lwes-2.1.0/lwes-erlang" -> "/home/pete/wefwefwef/docs/other/6635119526/repo/lwes-2.1.0/.xml/lwes-erlang"
Generated lwes-erlang XMLs: ["/home/pete/wefwefwef/docs/other/6635119526/repo/lwes-2.1.0/.xml/lwes-erlang/lwes_mochinum.xml",
                             "/home/pete/wefwefwef/docs/other/6635119526/repo/lwes-2.1.0/.xml/lwes-erlang/lwes_channel.xml",
                             "/home/pete/wefwefwef/docs/other/6635119526/repo/lwes-2.1.0/.xml/lwes-erlang/lwes_mochijson2.xml",
                             "/home/pete/wefwefwef/docs/other/6635119526/repo/lwes-2.1.0/.xml/lwes-erlang/lwes_channel_manager.xml",
                             "/home/pete/wefwefwef/docs/other/6635119526/repo/lwes-2.1.0/.xml/lwes-erlang/lwes_journaller.xml",
                             "/home/pete/wefwefwef/docs/other/6635119526/repo/lwes-2.1.0/.xml/lwes-erlang/lwes_util.xml",
                             "/home/pete/wefwefwef/docs/other/6635119526/repo/lwes-2.1.0/.xml/lwes-erlang/lwes_channel_sup.xml",
                             "/home/pete/wefwefwef/docs/other/6635119526/repo/lwes-2.1.0/.xml/lwes-erlang/lwes_multi_emitter.xml",
                             "/home/pete/wefwefwef/docs/other/6635119526/repo/lwes-2.1.0/.xml/lwes-erlang/lwes_sup.xml",
                             "/home/pete/wefwefwef/docs/other/6635119526/repo/lwes-2.1.0/.xml/lwes-erlang/lwes_event.xml",
                             "/home/pete/wefwefwef/docs/other/6635119526/repo/lwes-2.1.0/.xml/lwes-erlang/lwes_app.xml",
                             "/home/pete/wefwefwef/docs/other/6635119526/repo/lwes-2.1.0/.xml/lwes-erlang/lwes.xml"]
Generating HTML - lwes_mochijson2 "/home/pete/wefwefwef/docs/other/6635119526/repo/lwes-2.1.0/.xml/lwes-erlang/lwes_mochijson2.xml"
Generating HTML - lwes_util "/home/pete/wefwefwef/docs/other/6635119526/repo/lwes-2.1.0/.xml/lwes-erlang/lwes_util.xml"
Generating HTML - lwes_sup "/home/pete/wefwefwef/docs/other/6635119526/repo/lwes-2.1.0/.xml/lwes-erlang/lwes_sup.xml"
Generating HTML - lwes "/home/pete/wefwefwef/docs/other/6635119526/repo/lwes-2.1.0/.xml/lwes-erlang/lwes.xml"
Reading XML for "/home/pete/wefwefwef/docs/other/6635119526/repo/lwes-2.1.0/.xml/lwes-erlang/lwes_mochijson2.xml"
Reading XML for "/home/pete/wefwefwef/docs/other/6635119526/repo/lwes-2.1.0/.xml/lwes-erlang/lwes_util.xml"
Reading XML for "/home/pete/wefwefwef/docs/other/6635119526/repo/lwes-2.1.0/.xml/lwes-erlang/lwes_sup.xml"
Reading XML for "/home/pete/wefwefwef/docs/other/6635119526/repo/lwes-2.1.0/.xml/lwes-erlang/lwes.xml"
Reading XML for "/home/pete/wefwefwef/docs/other/6635119526/repo/lwes-2.1.0/.xml/specs_lwes_util.xml"
Reading XML for "/home/pete/wefwefwef/docs/other/6635119526/repo/lwes-2.1.0/.xml/specs_lwes_sup.xml"
Generating HTML - lwes_journaller "/home/pete/wefwefwef/docs/other/6635119526/repo/lwes-2.1.0/.xml/lwes-erlang/lwes_journaller.xml"
Reading XML for "/home/pete/wefwefwef/docs/other/6635119526/repo/lwes-2.1.0/.xml/lwes-erlang/lwes_journaller.xml"
Generating HTML - lwes_multi_emitter "/home/pete/wefwefwef/docs/other/6635119526/repo/lwes-2.1.0/.xml/lwes-erlang/lwes_multi_emitter.xml"
Reading XML for "/home/pete/wefwefwef/docs/other/6635119526/repo/lwes-2.1.0/.xml/lwes-erlang/lwes_multi_emitter.xml"
Reading XML for "/home/pete/wefwefwef/docs/other/6635119526/repo/lwes-2.1.0/.xml/specs_lwes.xml"
Reading XML for "/home/pete/wefwefwef/docs/other/6635119526/repo/lwes-2.1.0/.xml/specs_lwes_mochijson2.xml"
Generating HTML - lwes_app "/home/pete/wefwefwef/docs/other/6635119526/repo/lwes-2.1.0/.xml/lwes-erlang/lwes_app.xml"
Reading XML for "/home/pete/wefwefwef/docs/other/6635119526/repo/lwes-2.1.0/.xml/lwes-erlang/lwes_app.xml"
Generating HTML - lwes_channel "/home/pete/wefwefwef/docs/other/6635119526/repo/lwes-2.1.0/.xml/lwes-erlang/lwes_channel.xml"
Reading XML for "/home/pete/wefwefwef/docs/other/6635119526/repo/lwes-2.1.0/.xml/lwes-erlang/lwes_channel.xml"
Reading XML for "/home/pete/wefwefwef/docs/other/6635119526/repo/lwes-2.1.0/.xml/specs_lwes_multi_emitter.xml"
Reading XML for "/home/pete/wefwefwef/docs/other/6635119526/repo/lwes-2.1.0/.xml/specs_lwes_journaller.xml"
Generating HTML - lwes_channel_sup "/home/pete/wefwefwef/docs/other/6635119526/repo/lwes-2.1.0/.xml/lwes-erlang/lwes_channel_sup.xml"
Reading XML for "/home/pete/wefwefwef/docs/other/6635119526/repo/lwes-2.1.0/.xml/lwes-erlang/lwes_channel_sup.xml"
Reading XML for "/home/pete/wefwefwef/docs/other/6635119526/repo/lwes-2.1.0/.xml/specs_lwes_app.xml"
Generating HTML - lwes_channel_manager "/home/pete/wefwefwef/docs/other/6635119526/repo/lwes-2.1.0/.xml/lwes-erlang/lwes_channel_manager.xml"
Generating HTML - lwes_event "/home/pete/wefwefwef/docs/other/6635119526/repo/lwes-2.1.0/.xml/lwes-erlang/lwes_event.xml"
Reading XML for "/home/pete/wefwefwef/docs/other/6635119526/repo/lwes-2.1.0/.xml/lwes-erlang/lwes_channel_manager.xml"
Reading XML for "/home/pete/wefwefwef/docs/other/6635119526/repo/lwes-2.1.0/.xml/lwes-erlang/lwes_event.xml"
Reading XML for "/home/pete/wefwefwef/docs/other/6635119526/repo/lwes-2.1.0/.xml/specs_lwes_channel.xml"
Generating HTML - lwes_mochinum "/home/pete/wefwefwef/docs/other/6635119526/repo/lwes-2.1.0/.xml/lwes-erlang/lwes_mochinum.xml"
Reading XML for "/home/pete/wefwefwef/docs/other/6635119526/repo/lwes-2.1.0/.xml/lwes-erlang/lwes_mochinum.xml"
Reading XML for "/home/pete/wefwefwef/docs/other/6635119526/repo/lwes-2.1.0/.xml/specs_lwes_channel_sup.xml"
Reading XML for "/home/pete/wefwefwef/docs/other/6635119526/repo/lwes-2.1.0/.xml/specs_lwes_channel_manager.xml"
Reading XML for "/home/pete/wefwefwef/docs/other/6635119526/repo/lwes-2.1.0/.xml/specs_lwes_event.xml"
Reading XML for "/home/pete/wefwefwef/docs/other/6635119526/repo/lwes-2.1.0/.xml/specs_lwes_mochinum.xml"
Creating index.html ...
Creating erldocs_index.js ...
Woot, finished in 0 Minutes 1 Seconds
 :: Discovering other repos
$ 5000  `rm -r '/home/pete/wefwefwef/docs/other/6635119526/lwes-erlang-tag-lwes-2.1.0'  2>&1`
 :: Processing https://github.com/lwes/lwes-erlang	{rev,tag,"lwes-2.1.1","d19b4ab740c6ce67ac6362dc82dc2ea3a08b88a1"}
 :: Fetching repo code
$ cd "/home/pete/wefwefwef/docs/other/6635119526/lwes-erlang-tag-lwes-2.1.1/lwes-erlang"
$ infinity  `curl --fail --silent --show-error --location --output 'lwes-2.1.1.zip' 'https://github.com/lwes/lwes-erlang/archive/lwes-2.1.1.zip'  2>&1`
$ cd "/home/pete/wefwefwef/docs/erldocs_other.git"
$ cd "/home/pete/wefwefwef/docs/other/6635119526/lwes-erlang-tag-lwes-2.1.1/lwes-erlang"
$ 5000  `find -P . -type l -delete  2>&1`
$ cd "/home/pete/wefwefwef/docs/erldocs_other.git"
$ cd "/home/pete/wefwefwef/docs/other/6635119526/lwes-erlang-tag-lwes-2.1.1/lwes-erlang"
$ 5000  `find 'lwes-erlang-lwes-2.1.1' -mindepth 1 -maxdepth 1 -exec mv -t . -- {} +  2>&1`
$ cd "/home/pete/wefwefwef/docs/erldocs_other.git"
 :: Getting dependencies
$ cd "/home/pete/wefwefwef/docs/other/6635119526/lwes-erlang-tag-lwes-2.1.1/lwes-erlang"
$ 5000  `ls -1 deps/  2>&1`
$ cd "/home/pete/wefwefwef/docs/erldocs_other.git"
>>> [rebar] deps = []
 :: Generating erldocs into /home/pete/wefwefwef/docs/other/6635119526/repo/lwes-2.1.1
Building lwes-erlang
Generating Type Specs - "/home/pete/wefwefwef/docs/other/6635119526/lwes-erlang-tag-lwes-2.1.1/lwes-erlang/src/lwes.erl"
Generating Type Specs - "/home/pete/wefwefwef/docs/other/6635119526/lwes-erlang-tag-lwes-2.1.1/lwes-erlang/src/lwes_app.erl"
Generating Type Specs - "/home/pete/wefwefwef/docs/other/6635119526/lwes-erlang-tag-lwes-2.1.1/lwes-erlang/src/lwes_channel.erl"
Generating Type Specs - "/home/pete/wefwefwef/docs/other/6635119526/lwes-erlang-tag-lwes-2.1.1/lwes-erlang/src/lwes_channel_manager.erl"
Generating Type Specs - "/home/pete/wefwefwef/docs/other/6635119526/lwes-erlang-tag-lwes-2.1.1/lwes-erlang/src/lwes_channel_sup.erl"
Generating Type Specs - "/home/pete/wefwefwef/docs/other/6635119526/lwes-erlang-tag-lwes-2.1.1/lwes-erlang/src/lwes_event.erl"
Generating Type Specs - "/home/pete/wefwefwef/docs/other/6635119526/lwes-erlang-tag-lwes-2.1.1/lwes-erlang/src/lwes_journaller.erl"
Generating Type Specs - "/home/pete/wefwefwef/docs/other/6635119526/lwes-erlang-tag-lwes-2.1.1/lwes-erlang/src/lwes_mochijson2.erl"
Generating Type Specs - "/home/pete/wefwefwef/docs/other/6635119526/lwes-erlang-tag-lwes-2.1.1/lwes-erlang/src/lwes_mochinum.erl"
Generating Type Specs - "/home/pete/wefwefwef/docs/other/6635119526/lwes-erlang-tag-lwes-2.1.1/lwes-erlang/src/lwes_multi_emitter.erl"
Generating Type Specs - "/home/pete/wefwefwef/docs/other/6635119526/lwes-erlang-tag-lwes-2.1.1/lwes-erlang/src/lwes_sup.erl"
Generating Type Specs - "/home/pete/wefwefwef/docs/other/6635119526/lwes-erlang-tag-lwes-2.1.1/lwes-erlang/src/lwes_util.erl"
Generating XML for application lwes-erlang "/home/pete/wefwefwef/docs/other/6635119526/lwes-erlang-tag-lwes-2.1.1/lwes-erlang" -> "/home/pete/wefwefwef/docs/other/6635119526/repo/lwes-2.1.1/.xml/lwes-erlang"
Generated lwes-erlang XMLs: ["/home/pete/wefwefwef/docs/other/6635119526/repo/lwes-2.1.1/.xml/lwes-erlang/lwes_mochinum.xml",
                             "/home/pete/wefwefwef/docs/other/6635119526/repo/lwes-2.1.1/.xml/lwes-erlang/lwes_channel.xml",
                             "/home/pete/wefwefwef/docs/other/6635119526/repo/lwes-2.1.1/.xml/lwes-erlang/lwes_mochijson2.xml",
                             "/home/pete/wefwefwef/docs/other/6635119526/repo/lwes-2.1.1/.xml/lwes-erlang/lwes_channel_manager.xml",
                             "/home/pete/wefwefwef/docs/other/6635119526/repo/lwes-2.1.1/.xml/lwes-erlang/lwes_journaller.xml",
                             "/home/pete/wefwefwef/docs/other/6635119526/repo/lwes-2.1.1/.xml/lwes-erlang/lwes_util.xml",
                             "/home/pete/wefwefwef/docs/other/6635119526/repo/lwes-2.1.1/.xml/lwes-erlang/lwes_channel_sup.xml",
                             "/home/pete/wefwefwef/docs/other/6635119526/repo/lwes-2.1.1/.xml/lwes-erlang/lwes_multi_emitter.xml",
                             "/home/pete/wefwefwef/docs/other/6635119526/repo/lwes-2.1.1/.xml/lwes-erlang/lwes_sup.xml",
                             "/home/pete/wefwefwef/docs/other/6635119526/repo/lwes-2.1.1/.xml/lwes-erlang/lwes_event.xml",
                             "/home/pete/wefwefwef/docs/other/6635119526/repo/lwes-2.1.1/.xml/lwes-erlang/lwes_app.xml",
                             "/home/pete/wefwefwef/docs/other/6635119526/repo/lwes-2.1.1/.xml/lwes-erlang/lwes.xml"]
Generating HTML - lwes_mochijson2 "/home/pete/wefwefwef/docs/other/6635119526/repo/lwes-2.1.1/.xml/lwes-erlang/lwes_mochijson2.xml"
Generating HTML - lwes_util "/home/pete/wefwefwef/docs/other/6635119526/repo/lwes-2.1.1/.xml/lwes-erlang/lwes_util.xml"
Generating HTML - lwes_sup "/home/pete/wefwefwef/docs/other/6635119526/repo/lwes-2.1.1/.xml/lwes-erlang/lwes_sup.xml"
Generating HTML - lwes "/home/pete/wefwefwef/docs/other/6635119526/repo/lwes-2.1.1/.xml/lwes-erlang/lwes.xml"
Reading XML for "/home/pete/wefwefwef/docs/other/6635119526/repo/lwes-2.1.1/.xml/lwes-erlang/lwes_mochijson2.xml"
Reading XML for "/home/pete/wefwefwef/docs/other/6635119526/repo/lwes-2.1.1/.xml/lwes-erlang/lwes_util.xml"
Reading XML for "/home/pete/wefwefwef/docs/other/6635119526/repo/lwes-2.1.1/.xml/lwes-erlang/lwes_sup.xml"
Reading XML for "/home/pete/wefwefwef/docs/other/6635119526/repo/lwes-2.1.1/.xml/lwes-erlang/lwes.xml"
Reading XML for "/home/pete/wefwefwef/docs/other/6635119526/repo/lwes-2.1.1/.xml/specs_lwes_sup.xml"
Reading XML for "/home/pete/wefwefwef/docs/other/6635119526/repo/lwes-2.1.1/.xml/specs_lwes_util.xml"
Generating HTML - lwes_multi_emitter "/home/pete/wefwefwef/docs/other/6635119526/repo/lwes-2.1.1/.xml/lwes-erlang/lwes_multi_emitter.xml"
Reading XML for "/home/pete/wefwefwef/docs/other/6635119526/repo/lwes-2.1.1/.xml/lwes-erlang/lwes_multi_emitter.xml"
Reading XML for "/home/pete/wefwefwef/docs/other/6635119526/repo/lwes-2.1.1/.xml/specs_lwes.xml"
Generating HTML - lwes_journaller "/home/pete/wefwefwef/docs/other/6635119526/repo/lwes-2.1.1/.xml/lwes-erlang/lwes_journaller.xml"
Reading XML for "/home/pete/wefwefwef/docs/other/6635119526/repo/lwes-2.1.1/.xml/lwes-erlang/lwes_journaller.xml"
Reading XML for "/home/pete/wefwefwef/docs/other/6635119526/repo/lwes-2.1.1/.xml/specs_lwes_mochijson2.xml"
Generating HTML - lwes_app "/home/pete/wefwefwef/docs/other/6635119526/repo/lwes-2.1.1/.xml/lwes-erlang/lwes_app.xml"
Reading XML for "/home/pete/wefwefwef/docs/other/6635119526/repo/lwes-2.1.1/.xml/lwes-erlang/lwes_app.xml"
Generating HTML - lwes_channel "/home/pete/wefwefwef/docs/other/6635119526/repo/lwes-2.1.1/.xml/lwes-erlang/lwes_channel.xml"
Reading XML for "/home/pete/wefwefwef/docs/other/6635119526/repo/lwes-2.1.1/.xml/lwes-erlang/lwes_channel.xml"
Reading XML for "/home/pete/wefwefwef/docs/other/6635119526/repo/lwes-2.1.1/.xml/specs_lwes_multi_emitter.xml"
Generating HTML - lwes_channel_sup "/home/pete/wefwefwef/docs/other/6635119526/repo/lwes-2.1.1/.xml/lwes-erlang/lwes_channel_sup.xml"
Reading XML for "/home/pete/wefwefwef/docs/other/6635119526/repo/lwes-2.1.1/.xml/lwes-erlang/lwes_channel_sup.xml"
Reading XML for "/home/pete/wefwefwef/docs/other/6635119526/repo/lwes-2.1.1/.xml/specs_lwes_journaller.xml"
Reading XML for "/home/pete/wefwefwef/docs/other/6635119526/repo/lwes-2.1.1/.xml/specs_lwes_app.xml"
Generating HTML - lwes_event "/home/pete/wefwefwef/docs/other/6635119526/repo/lwes-2.1.1/.xml/lwes-erlang/lwes_event.xml"
Reading XML for "/home/pete/wefwefwef/docs/other/6635119526/repo/lwes-2.1.1/.xml/lwes-erlang/lwes_event.xml"
Generating HTML - lwes_channel_manager "/home/pete/wefwefwef/docs/other/6635119526/repo/lwes-2.1.1/.xml/lwes-erlang/lwes_channel_manager.xml"
Reading XML for "/home/pete/wefwefwef/docs/other/6635119526/repo/lwes-2.1.1/.xml/lwes-erlang/lwes_channel_manager.xml"
Reading XML for "/home/pete/wefwefwef/docs/other/6635119526/repo/lwes-2.1.1/.xml/specs_lwes_channel.xml"
Generating HTML - lwes_mochinum "/home/pete/wefwefwef/docs/other/6635119526/repo/lwes-2.1.1/.xml/lwes-erlang/lwes_mochinum.xml"
Reading XML for "/home/pete/wefwefwef/docs/other/6635119526/repo/lwes-2.1.1/.xml/lwes-erlang/lwes_mochinum.xml"
Reading XML for "/home/pete/wefwefwef/docs/other/6635119526/repo/lwes-2.1.1/.xml/specs_lwes_channel_sup.xml"
Reading XML for "/home/pete/wefwefwef/docs/other/6635119526/repo/lwes-2.1.1/.xml/specs_lwes_event.xml"
Reading XML for "/home/pete/wefwefwef/docs/other/6635119526/repo/lwes-2.1.1/.xml/specs_lwes_channel_manager.xml"
Reading XML for "/home/pete/wefwefwef/docs/other/6635119526/repo/lwes-2.1.1/.xml/specs_lwes_mochinum.xml"
Creating index.html ...
Creating erldocs_index.js ...
Woot, finished in 0 Minutes 1 Seconds
 :: Discovering other repos
$ 5000  `rm -r '/home/pete/wefwefwef/docs/other/6635119526/lwes-erlang-tag-lwes-2.1.1'  2>&1`
 :: Processing https://github.com/lwes/lwes-erlang	{rev,tag,"lwes-2.1.2","e32ac783fd0f0d772305ea5ad678c833135cf35c"}
 :: Fetching repo code
$ cd "/home/pete/wefwefwef/docs/other/6635119526/lwes-erlang-tag-lwes-2.1.2/lwes-erlang"
$ infinity  `curl --fail --silent --show-error --location --output 'lwes-2.1.2.zip' 'https://github.com/lwes/lwes-erlang/archive/lwes-2.1.2.zip'  2>&1`
$ cd "/home/pete/wefwefwef/docs/erldocs_other.git"
$ cd "/home/pete/wefwefwef/docs/other/6635119526/lwes-erlang-tag-lwes-2.1.2/lwes-erlang"
$ 5000  `find -P . -type l -delete  2>&1`
$ cd "/home/pete/wefwefwef/docs/erldocs_other.git"
$ cd "/home/pete/wefwefwef/docs/other/6635119526/lwes-erlang-tag-lwes-2.1.2/lwes-erlang"
$ 5000  `find 'lwes-erlang-lwes-2.1.2' -mindepth 1 -maxdepth 1 -exec mv -t . -- {} +  2>&1`
$ cd "/home/pete/wefwefwef/docs/erldocs_other.git"
 :: Getting dependencies
$ cd "/home/pete/wefwefwef/docs/other/6635119526/lwes-erlang-tag-lwes-2.1.2/lwes-erlang"
$ 5000  `ls -1 deps/  2>&1`
$ cd "/home/pete/wefwefwef/docs/erldocs_other.git"
>>> [rebar] deps = []
 :: Generating erldocs into /home/pete/wefwefwef/docs/other/6635119526/repo/lwes-2.1.2
Building lwes-erlang
Generating Type Specs - "/home/pete/wefwefwef/docs/other/6635119526/lwes-erlang-tag-lwes-2.1.2/lwes-erlang/src/lwes.erl"
Generating Type Specs - "/home/pete/wefwefwef/docs/other/6635119526/lwes-erlang-tag-lwes-2.1.2/lwes-erlang/src/lwes_app.erl"
Generating Type Specs - "/home/pete/wefwefwef/docs/other/6635119526/lwes-erlang-tag-lwes-2.1.2/lwes-erlang/src/lwes_channel.erl"
Generating Type Specs - "/home/pete/wefwefwef/docs/other/6635119526/lwes-erlang-tag-lwes-2.1.2/lwes-erlang/src/lwes_channel_manager.erl"
Generating Type Specs - "/home/pete/wefwefwef/docs/other/6635119526/lwes-erlang-tag-lwes-2.1.2/lwes-erlang/src/lwes_channel_sup.erl"
Generating Type Specs - "/home/pete/wefwefwef/docs/other/6635119526/lwes-erlang-tag-lwes-2.1.2/lwes-erlang/src/lwes_event.erl"
Generating Type Specs - "/home/pete/wefwefwef/docs/other/6635119526/lwes-erlang-tag-lwes-2.1.2/lwes-erlang/src/lwes_journaller.erl"
Generating Type Specs - "/home/pete/wefwefwef/docs/other/6635119526/lwes-erlang-tag-lwes-2.1.2/lwes-erlang/src/lwes_mochijson2.erl"
Generating Type Specs - "/home/pete/wefwefwef/docs/other/6635119526/lwes-erlang-tag-lwes-2.1.2/lwes-erlang/src/lwes_mochinum.erl"
Generating Type Specs - "/home/pete/wefwefwef/docs/other/6635119526/lwes-erlang-tag-lwes-2.1.2/lwes-erlang/src/lwes_multi_emitter.erl"
Generating Type Specs - "/home/pete/wefwefwef/docs/other/6635119526/lwes-erlang-tag-lwes-2.1.2/lwes-erlang/src/lwes_sup.erl"
Generating Type Specs - "/home/pete/wefwefwef/docs/other/6635119526/lwes-erlang-tag-lwes-2.1.2/lwes-erlang/src/lwes_util.erl"
Generating XML for application lwes-erlang "/home/pete/wefwefwef/docs/other/6635119526/lwes-erlang-tag-lwes-2.1.2/lwes-erlang" -> "/home/pete/wefwefwef/docs/other/6635119526/repo/lwes-2.1.2/.xml/lwes-erlang"
Generated lwes-erlang XMLs: ["/home/pete/wefwefwef/docs/other/6635119526/repo/lwes-2.1.2/.xml/lwes-erlang/lwes_mochinum.xml",
                             "/home/pete/wefwefwef/docs/other/6635119526/repo/lwes-2.1.2/.xml/lwes-erlang/lwes_channel.xml",
                             "/home/pete/wefwefwef/docs/other/6635119526/repo/lwes-2.1.2/.xml/lwes-erlang/lwes_mochijson2.xml",
                             "/home/pete/wefwefwef/docs/other/6635119526/repo/lwes-2.1.2/.xml/lwes-erlang/lwes_channel_manager.xml",
                             "/home/pete/wefwefwef/docs/other/6635119526/repo/lwes-2.1.2/.xml/lwes-erlang/lwes_journaller.xml",
                             "/home/pete/wefwefwef/docs/other/6635119526/repo/lwes-2.1.2/.xml/lwes-erlang/lwes_util.xml",
                             "/home/pete/wefwefwef/docs/other/6635119526/repo/lwes-2.1.2/.xml/lwes-erlang/lwes_channel_sup.xml",
                             "/home/pete/wefwefwef/docs/other/6635119526/repo/lwes-2.1.2/.xml/lwes-erlang/lwes_multi_emitter.xml",
                             "/home/pete/wefwefwef/docs/other/6635119526/repo/lwes-2.1.2/.xml/lwes-erlang/lwes_sup.xml",
                             "/home/pete/wefwefwef/docs/other/6635119526/repo/lwes-2.1.2/.xml/lwes-erlang/lwes_event.xml",
                             "/home/pete/wefwefwef/docs/other/6635119526/repo/lwes-2.1.2/.xml/lwes-erlang/lwes_app.xml",
                             "/home/pete/wefwefwef/docs/other/6635119526/repo/lwes-2.1.2/.xml/lwes-erlang/lwes.xml"]
Generating HTML - lwes_mochijson2 "/home/pete/wefwefwef/docs/other/6635119526/repo/lwes-2.1.2/.xml/lwes-erlang/lwes_mochijson2.xml"
Generating HTML - lwes_util "/home/pete/wefwefwef/docs/other/6635119526/repo/lwes-2.1.2/.xml/lwes-erlang/lwes_util.xml"
Generating HTML - lwes_sup "/home/pete/wefwefwef/docs/other/6635119526/repo/lwes-2.1.2/.xml/lwes-erlang/lwes_sup.xml"
Generating HTML - lwes "/home/pete/wefwefwef/docs/other/6635119526/repo/lwes-2.1.2/.xml/lwes-erlang/lwes.xml"
Reading XML for "/home/pete/wefwefwef/docs/other/6635119526/repo/lwes-2.1.2/.xml/lwes-erlang/lwes_mochijson2.xml"
Reading XML for "/home/pete/wefwefwef/docs/other/6635119526/repo/lwes-2.1.2/.xml/lwes-erlang/lwes_util.xml"
Reading XML for "/home/pete/wefwefwef/docs/other/6635119526/repo/lwes-2.1.2/.xml/lwes-erlang/lwes_sup.xml"
Reading XML for "/home/pete/wefwefwef/docs/other/6635119526/repo/lwes-2.1.2/.xml/lwes-erlang/lwes.xml"
Reading XML for "/home/pete/wefwefwef/docs/other/6635119526/repo/lwes-2.1.2/.xml/specs_lwes_util.xml"
Generating HTML - lwes_journaller "/home/pete/wefwefwef/docs/other/6635119526/repo/lwes-2.1.2/.xml/lwes-erlang/lwes_journaller.xml"
Reading XML for "/home/pete/wefwefwef/docs/other/6635119526/repo/lwes-2.1.2/.xml/lwes-erlang/lwes_journaller.xml"
Reading XML for "/home/pete/wefwefwef/docs/other/6635119526/repo/lwes-2.1.2/.xml/specs_lwes.xml"
Reading XML for "/home/pete/wefwefwef/docs/other/6635119526/repo/lwes-2.1.2/.xml/specs_lwes_sup.xml"
Reading XML for "/home/pete/wefwefwef/docs/other/6635119526/repo/lwes-2.1.2/.xml/specs_lwes_mochijson2.xml"
Generating HTML - lwes_multi_emitter "/home/pete/wefwefwef/docs/other/6635119526/repo/lwes-2.1.2/.xml/lwes-erlang/lwes_multi_emitter.xml"
Reading XML for "/home/pete/wefwefwef/docs/other/6635119526/repo/lwes-2.1.2/.xml/lwes-erlang/lwes_multi_emitter.xml"
Generating HTML - lwes_app "/home/pete/wefwefwef/docs/other/6635119526/repo/lwes-2.1.2/.xml/lwes-erlang/lwes_app.xml"
Reading XML for "/home/pete/wefwefwef/docs/other/6635119526/repo/lwes-2.1.2/.xml/lwes-erlang/lwes_app.xml"
Generating HTML - lwes_channel "/home/pete/wefwefwef/docs/other/6635119526/repo/lwes-2.1.2/.xml/lwes-erlang/lwes_channel.xml"
Reading XML for "/home/pete/wefwefwef/docs/other/6635119526/repo/lwes-2.1.2/.xml/lwes-erlang/lwes_channel.xml"
Reading XML for "/home/pete/wefwefwef/docs/other/6635119526/repo/lwes-2.1.2/.xml/specs_lwes_multi_emitter.xml"
Reading XML for "/home/pete/wefwefwef/docs/other/6635119526/repo/lwes-2.1.2/.xml/specs_lwes_journaller.xml"
Generating HTML - lwes_channel_sup "/home/pete/wefwefwef/docs/other/6635119526/repo/lwes-2.1.2/.xml/lwes-erlang/lwes_channel_sup.xml"
Reading XML for "/home/pete/wefwefwef/docs/other/6635119526/repo/lwes-2.1.2/.xml/lwes-erlang/lwes_channel_sup.xml"
Generating HTML - lwes_channel_manager "/home/pete/wefwefwef/docs/other/6635119526/repo/lwes-2.1.2/.xml/lwes-erlang/lwes_channel_manager.xml"
Reading XML for "/home/pete/wefwefwef/docs/other/6635119526/repo/lwes-2.1.2/.xml/lwes-erlang/lwes_channel_manager.xml"
Reading XML for "/home/pete/wefwefwef/docs/other/6635119526/repo/lwes-2.1.2/.xml/specs_lwes_app.xml"
Reading XML for "/home/pete/wefwefwef/docs/other/6635119526/repo/lwes-2.1.2/.xml/specs_lwes_channel.xml"
Generating HTML - lwes_event "/home/pete/wefwefwef/docs/other/6635119526/repo/lwes-2.1.2/.xml/lwes-erlang/lwes_event.xml"
Reading XML for "/home/pete/wefwefwef/docs/other/6635119526/repo/lwes-2.1.2/.xml/lwes-erlang/lwes_event.xml"
Generating HTML - lwes_mochinum "/home/pete/wefwefwef/docs/other/6635119526/repo/lwes-2.1.2/.xml/lwes-erlang/lwes_mochinum.xml"
Reading XML for "/home/pete/wefwefwef/docs/other/6635119526/repo/lwes-2.1.2/.xml/lwes-erlang/lwes_mochinum.xml"
Reading XML for "/home/pete/wefwefwef/docs/other/6635119526/repo/lwes-2.1.2/.xml/specs_lwes_channel_sup.xml"
Reading XML for "/home/pete/wefwefwef/docs/other/6635119526/repo/lwes-2.1.2/.xml/specs_lwes_channel_manager.xml"
Reading XML for "/home/pete/wefwefwef/docs/other/6635119526/repo/lwes-2.1.2/.xml/specs_lwes_event.xml"
Reading XML for "/home/pete/wefwefwef/docs/other/6635119526/repo/lwes-2.1.2/.xml/specs_lwes_mochinum.xml"
Creating index.html ...
Creating erldocs_index.js ...
Woot, finished in 0 Minutes 1 Seconds
 :: Discovering other repos
$ 5000  `rm -r '/home/pete/wefwefwef/docs/other/6635119526/lwes-erlang-tag-lwes-2.1.2'  2>&1`
 :: Processing https://github.com/lwes/lwes-erlang	{rev,tag,"2.3.1","b4337920e15290bdf781abb854df7aece3d2e385"}
 :: Fetching repo code
$ cd "/home/pete/wefwefwef/docs/other/6635119526/lwes-erlang-tag-2.3.1/lwes-erlang"
$ infinity  `curl --fail --silent --show-error --location --output '2.3.1.zip' 'https://github.com/lwes/lwes-erlang/archive/2.3.1.zip'  2>&1`
$ cd "/home/pete/wefwefwef/docs/erldocs_other.git"
$ cd "/home/pete/wefwefwef/docs/other/6635119526/lwes-erlang-tag-2.3.1/lwes-erlang"
$ 5000  `find -P . -type l -delete  2>&1`
$ cd "/home/pete/wefwefwef/docs/erldocs_other.git"
$ cd "/home/pete/wefwefwef/docs/other/6635119526/lwes-erlang-tag-2.3.1/lwes-erlang"
$ 5000  `find 'lwes-erlang-2.3.1' -mindepth 1 -maxdepth 1 -exec mv -t . -- {} +  2>&1`
$ cd "/home/pete/wefwefwef/docs/erldocs_other.git"
 :: Getting dependencies
$ cd "/home/pete/wefwefwef/docs/other/6635119526/lwes-erlang-tag-2.3.1/lwes-erlang"
$ 5000  `ls -1 deps/  2>&1`
$ cd "/home/pete/wefwefwef/docs/erldocs_other.git"
>>> [rebar] deps = []
 :: Generating erldocs into /home/pete/wefwefwef/docs/other/6635119526/repo/2.3.1
Building lwes-erlang
Generating Type Specs - "/home/pete/wefwefwef/docs/other/6635119526/lwes-erlang-tag-2.3.1/lwes-erlang/src/lwes.erl"
Generating Type Specs - "/home/pete/wefwefwef/docs/other/6635119526/lwes-erlang-tag-2.3.1/lwes-erlang/src/lwes_app.erl"
Generating Type Specs - "/home/pete/wefwefwef/docs/other/6635119526/lwes-erlang-tag-2.3.1/lwes-erlang/src/lwes_channel.erl"
Generating Type Specs - "/home/pete/wefwefwef/docs/other/6635119526/lwes-erlang-tag-2.3.1/lwes-erlang/src/lwes_channel_manager.erl"
Generating Type Specs - "/home/pete/wefwefwef/docs/other/6635119526/lwes-erlang-tag-2.3.1/lwes-erlang/src/lwes_channel_sup.erl"
Generating Type Specs - "/home/pete/wefwefwef/docs/other/6635119526/lwes-erlang-tag-2.3.1/lwes-erlang/src/lwes_event.erl"
Generating Type Specs - "/home/pete/wefwefwef/docs/other/6635119526/lwes-erlang-tag-2.3.1/lwes-erlang/src/lwes_journaller.erl"
Generating Type Specs - "/home/pete/wefwefwef/docs/other/6635119526/lwes-erlang-tag-2.3.1/lwes-erlang/src/lwes_mochijson2.erl"
Generating Type Specs - "/home/pete/wefwefwef/docs/other/6635119526/lwes-erlang-tag-2.3.1/lwes-erlang/src/lwes_mochinum.erl"
Generating Type Specs - "/home/pete/wefwefwef/docs/other/6635119526/lwes-erlang-tag-2.3.1/lwes-erlang/src/lwes_multi_emitter.erl"
Generating Type Specs - "/home/pete/wefwefwef/docs/other/6635119526/lwes-erlang-tag-2.3.1/lwes-erlang/src/lwes_sup.erl"
Generating Type Specs - "/home/pete/wefwefwef/docs/other/6635119526/lwes-erlang-tag-2.3.1/lwes-erlang/src/lwes_util.erl"
Generating XML for application lwes-erlang "/home/pete/wefwefwef/docs/other/6635119526/lwes-erlang-tag-2.3.1/lwes-erlang" -> "/home/pete/wefwefwef/docs/other/6635119526/repo/2.3.1/.xml/lwes-erlang"
Generated lwes-erlang XMLs: ["/home/pete/wefwefwef/docs/other/6635119526/repo/2.3.1/.xml/lwes-erlang/lwes_mochinum.xml",
                             "/home/pete/wefwefwef/docs/other/6635119526/repo/2.3.1/.xml/lwes-erlang/lwes_channel.xml",
                             "/home/pete/wefwefwef/docs/other/6635119526/repo/2.3.1/.xml/lwes-erlang/lwes_mochijson2.xml",
                             "/home/pete/wefwefwef/docs/other/6635119526/repo/2.3.1/.xml/lwes-erlang/lwes_channel_manager.xml",
                             "/home/pete/wefwefwef/docs/other/6635119526/repo/2.3.1/.xml/lwes-erlang/lwes_journaller.xml",
                             "/home/pete/wefwefwef/docs/other/6635119526/repo/2.3.1/.xml/lwes-erlang/lwes_util.xml",
                             "/home/pete/wefwefwef/docs/other/6635119526/repo/2.3.1/.xml/lwes-erlang/lwes_channel_sup.xml",
                             "/home/pete/wefwefwef/docs/other/6635119526/repo/2.3.1/.xml/lwes-erlang/lwes_multi_emitter.xml",
                             "/home/pete/wefwefwef/docs/other/6635119526/repo/2.3.1/.xml/lwes-erlang/lwes_sup.xml",
                             "/home/pete/wefwefwef/docs/other/6635119526/repo/2.3.1/.xml/lwes-erlang/lwes_event.xml",
                             "/home/pete/wefwefwef/docs/other/6635119526/repo/2.3.1/.xml/lwes-erlang/lwes_app.xml",
                             "/home/pete/wefwefwef/docs/other/6635119526/repo/2.3.1/.xml/lwes-erlang/lwes.xml"]
Generating HTML - lwes_mochijson2 "/home/pete/wefwefwef/docs/other/6635119526/repo/2.3.1/.xml/lwes-erlang/lwes_mochijson2.xml"
Generating HTML - lwes_util "/home/pete/wefwefwef/docs/other/6635119526/repo/2.3.1/.xml/lwes-erlang/lwes_util.xml"
Generating HTML - lwes_sup "/home/pete/wefwefwef/docs/other/6635119526/repo/2.3.1/.xml/lwes-erlang/lwes_sup.xml"
Generating HTML - lwes "/home/pete/wefwefwef/docs/other/6635119526/repo/2.3.1/.xml/lwes-erlang/lwes.xml"
Reading XML for "/home/pete/wefwefwef/docs/other/6635119526/repo/2.3.1/.xml/lwes-erlang/lwes_mochijson2.xml"
Reading XML for "/home/pete/wefwefwef/docs/other/6635119526/repo/2.3.1/.xml/lwes-erlang/lwes_util.xml"
Reading XML for "/home/pete/wefwefwef/docs/other/6635119526/repo/2.3.1/.xml/lwes-erlang/lwes_sup.xml"
Reading XML for "/home/pete/wefwefwef/docs/other/6635119526/repo/2.3.1/.xml/lwes-erlang/lwes.xml"
Reading XML for "/home/pete/wefwefwef/docs/other/6635119526/repo/2.3.1/.xml/specs_lwes_sup.xml"
Reading XML for "/home/pete/wefwefwef/docs/other/6635119526/repo/2.3.1/.xml/specs_lwes_util.xml"
Reading XML for "/home/pete/wefwefwef/docs/other/6635119526/repo/2.3.1/.xml/specs_lwes.xml"
Reading XML for "/home/pete/wefwefwef/docs/other/6635119526/repo/2.3.1/.xml/specs_lwes_mochijson2.xml"
Generating HTML - lwes_multi_emitter "/home/pete/wefwefwef/docs/other/6635119526/repo/2.3.1/.xml/lwes-erlang/lwes_multi_emitter.xml"
Reading XML for "/home/pete/wefwefwef/docs/other/6635119526/repo/2.3.1/.xml/lwes-erlang/lwes_multi_emitter.xml"
Generating HTML - lwes_journaller "/home/pete/wefwefwef/docs/other/6635119526/repo/2.3.1/.xml/lwes-erlang/lwes_journaller.xml"
Reading XML for "/home/pete/wefwefwef/docs/other/6635119526/repo/2.3.1/.xml/lwes-erlang/lwes_journaller.xml"
Generating HTML - lwes_app "/home/pete/wefwefwef/docs/other/6635119526/repo/2.3.1/.xml/lwes-erlang/lwes_app.xml"
Reading XML for "/home/pete/wefwefwef/docs/other/6635119526/repo/2.3.1/.xml/lwes-erlang/lwes_app.xml"
Generating HTML - lwes_channel "/home/pete/wefwefwef/docs/other/6635119526/repo/2.3.1/.xml/lwes-erlang/lwes_channel.xml"
Reading XML for "/home/pete/wefwefwef/docs/other/6635119526/repo/2.3.1/.xml/lwes-erlang/lwes_channel.xml"
Reading XML for "/home/pete/wefwefwef/docs/other/6635119526/repo/2.3.1/.xml/specs_lwes_multi_emitter.xml"
Reading XML for "/home/pete/wefwefwef/docs/other/6635119526/repo/2.3.1/.xml/specs_lwes_journaller.xml"
Generating HTML - lwes_channel_sup "/home/pete/wefwefwef/docs/other/6635119526/repo/2.3.1/.xml/lwes-erlang/lwes_channel_sup.xml"
Reading XML for "/home/pete/wefwefwef/docs/other/6635119526/repo/2.3.1/.xml/lwes-erlang/lwes_channel_sup.xml"
Reading XML for "/home/pete/wefwefwef/docs/other/6635119526/repo/2.3.1/.xml/specs_lwes_app.xml"
Generating HTML - lwes_channel_manager "/home/pete/wefwefwef/docs/other/6635119526/repo/2.3.1/.xml/lwes-erlang/lwes_channel_manager.xml"
Reading XML for "/home/pete/wefwefwef/docs/other/6635119526/repo/2.3.1/.xml/lwes-erlang/lwes_channel_manager.xml"
Generating HTML - lwes_event "/home/pete/wefwefwef/docs/other/6635119526/repo/2.3.1/.xml/lwes-erlang/lwes_event.xml"
Reading XML for "/home/pete/wefwefwef/docs/other/6635119526/repo/2.3.1/.xml/lwes-erlang/lwes_event.xml"
Reading XML for "/home/pete/wefwefwef/docs/other/6635119526/repo/2.3.1/.xml/specs_lwes_channel.xml"
Generating HTML - lwes_mochinum "/home/pete/wefwefwef/docs/other/6635119526/repo/2.3.1/.xml/lwes-erlang/lwes_mochinum.xml"
Reading XML for "/home/pete/wefwefwef/docs/other/6635119526/repo/2.3.1/.xml/lwes-erlang/lwes_mochinum.xml"
Reading XML for "/home/pete/wefwefwef/docs/other/6635119526/repo/2.3.1/.xml/specs_lwes_channel_sup.xml"
Reading XML for "/home/pete/wefwefwef/docs/other/6635119526/repo/2.3.1/.xml/specs_lwes_channel_manager.xml"
Reading XML for "/home/pete/wefwefwef/docs/other/6635119526/repo/2.3.1/.xml/specs_lwes_event.xml"
Reading XML for "/home/pete/wefwefwef/docs/other/6635119526/repo/2.3.1/.xml/specs_lwes_mochinum.xml"
Creating index.html ...
Creating erldocs_index.js ...
Woot, finished in 0 Minutes 1 Seconds
 :: Discovering other repos
$ 5000  `rm -r '/home/pete/wefwefwef/docs/other/6635119526/lwes-erlang-tag-2.3.1'  2>&1`
 :: Processing https://github.com/lwes/lwes-erlang	{rev,tag,"3.0.1","3bf6d24e646dc55b2750483da53578c0f28de500"}
 :: Fetching repo code
$ cd "/home/pete/wefwefwef/docs/other/6635119526/lwes-erlang-tag-3.0.1/lwes-erlang"
$ infinity  `curl --fail --silent --show-error --location --output '3.0.1.zip' 'https://github.com/lwes/lwes-erlang/archive/3.0.1.zip'  2>&1`
$ cd "/home/pete/wefwefwef/docs/erldocs_other.git"
$ cd "/home/pete/wefwefwef/docs/other/6635119526/lwes-erlang-tag-3.0.1/lwes-erlang"
$ 5000  `find -P . -type l -delete  2>&1`
$ cd "/home/pete/wefwefwef/docs/erldocs_other.git"
$ cd "/home/pete/wefwefwef/docs/other/6635119526/lwes-erlang-tag-3.0.1/lwes-erlang"
$ 5000  `find 'lwes-erlang-3.0.1' -mindepth 1 -maxdepth 1 -exec mv -t . -- {} +  2>&1`
$ cd "/home/pete/wefwefwef/docs/erldocs_other.git"
 :: Getting dependencies
$ cd "/home/pete/wefwefwef/docs/other/6635119526/lwes-erlang-tag-3.0.1/lwes-erlang"
$ 5000  `ls -1 deps/  2>&1`
$ cd "/home/pete/wefwefwef/docs/erldocs_other.git"
>>> [rebar] deps = []
 :: Generating erldocs into /home/pete/wefwefwef/docs/other/6635119526/repo/3.0.1
Building lwes-erlang
Generating Type Specs - "/home/pete/wefwefwef/docs/other/6635119526/lwes-erlang-tag-3.0.1/lwes-erlang/src/lwes.erl"
Generating Type Specs - "/home/pete/wefwefwef/docs/other/6635119526/lwes-erlang-tag-3.0.1/lwes-erlang/src/lwes_app.erl"
Generating Type Specs - "/home/pete/wefwefwef/docs/other/6635119526/lwes-erlang-tag-3.0.1/lwes-erlang/src/lwes_channel.erl"
Generating Type Specs - "/home/pete/wefwefwef/docs/other/6635119526/lwes-erlang-tag-3.0.1/lwes-erlang/src/lwes_channel_manager.erl"
Generating Type Specs - "/home/pete/wefwefwef/docs/other/6635119526/lwes-erlang-tag-3.0.1/lwes-erlang/src/lwes_channel_sup.erl"
Generating Type Specs - "/home/pete/wefwefwef/docs/other/6635119526/lwes-erlang-tag-3.0.1/lwes-erlang/src/lwes_event.erl"
Generating Type Specs - "/home/pete/wefwefwef/docs/other/6635119526/lwes-erlang-tag-3.0.1/lwes-erlang/src/lwes_journaller.erl"
Generating Type Specs - "/home/pete/wefwefwef/docs/other/6635119526/lwes-erlang-tag-3.0.1/lwes-erlang/src/lwes_mochijson2.erl"
Generating Type Specs - "/home/pete/wefwefwef/docs/other/6635119526/lwes-erlang-tag-3.0.1/lwes-erlang/src/lwes_mochinum.erl"
Generating Type Specs - "/home/pete/wefwefwef/docs/other/6635119526/lwes-erlang-tag-3.0.1/lwes-erlang/src/lwes_multi_emitter.erl"
Generating Type Specs - "/home/pete/wefwefwef/docs/other/6635119526/lwes-erlang-tag-3.0.1/lwes-erlang/src/lwes_sup.erl"
Generating Type Specs - "/home/pete/wefwefwef/docs/other/6635119526/lwes-erlang-tag-3.0.1/lwes-erlang/src/lwes_util.erl"
Generating XML for application lwes-erlang "/home/pete/wefwefwef/docs/other/6635119526/lwes-erlang-tag-3.0.1/lwes-erlang" -> "/home/pete/wefwefwef/docs/other/6635119526/repo/3.0.1/.xml/lwes-erlang"
Generated lwes-erlang XMLs: ["/home/pete/wefwefwef/docs/other/6635119526/repo/3.0.1/.xml/lwes-erlang/lwes_mochinum.xml",
                             "/home/pete/wefwefwef/docs/other/6635119526/repo/3.0.1/.xml/lwes-erlang/lwes_channel.xml",
                             "/home/pete/wefwefwef/docs/other/6635119526/repo/3.0.1/.xml/lwes-erlang/lwes_mochijson2.xml",
                             "/home/pete/wefwefwef/docs/other/6635119526/repo/3.0.1/.xml/lwes-erlang/lwes_channel_manager.xml",
                             "/home/pete/wefwefwef/docs/other/6635119526/repo/3.0.1/.xml/lwes-erlang/lwes_journaller.xml",
                             "/home/pete/wefwefwef/docs/other/6635119526/repo/3.0.1/.xml/lwes-erlang/lwes_util.xml",
                             "/home/pete/wefwefwef/docs/other/6635119526/repo/3.0.1/.xml/lwes-erlang/lwes_channel_sup.xml",
                             "/home/pete/wefwefwef/docs/other/6635119526/repo/3.0.1/.xml/lwes-erlang/lwes_multi_emitter.xml",
                             "/home/pete/wefwefwef/docs/other/6635119526/repo/3.0.1/.xml/lwes-erlang/lwes_sup.xml",
                             "/home/pete/wefwefwef/docs/other/6635119526/repo/3.0.1/.xml/lwes-erlang/lwes_event.xml",
                             "/home/pete/wefwefwef/docs/other/6635119526/repo/3.0.1/.xml/lwes-erlang/lwes_app.xml",
                             "/home/pete/wefwefwef/docs/other/6635119526/repo/3.0.1/.xml/lwes-erlang/lwes.xml"]
Generating HTML - lwes_mochijson2 "/home/pete/wefwefwef/docs/other/6635119526/repo/3.0.1/.xml/lwes-erlang/lwes_mochijson2.xml"
Generating HTML - lwes_util "/home/pete/wefwefwef/docs/other/6635119526/repo/3.0.1/.xml/lwes-erlang/lwes_util.xml"
Generating HTML - lwes_sup "/home/pete/wefwefwef/docs/other/6635119526/repo/3.0.1/.xml/lwes-erlang/lwes_sup.xml"
Generating HTML - lwes "/home/pete/wefwefwef/docs/other/6635119526/repo/3.0.1/.xml/lwes-erlang/lwes.xml"
Reading XML for "/home/pete/wefwefwef/docs/other/6635119526/repo/3.0.1/.xml/lwes-erlang/lwes_mochijson2.xml"
Reading XML for "/home/pete/wefwefwef/docs/other/6635119526/repo/3.0.1/.xml/lwes-erlang/lwes_util.xml"
Reading XML for "/home/pete/wefwefwef/docs/other/6635119526/repo/3.0.1/.xml/lwes-erlang/lwes_sup.xml"
Reading XML for "/home/pete/wefwefwef/docs/other/6635119526/repo/3.0.1/.xml/lwes-erlang/lwes.xml"
Reading XML for "/home/pete/wefwefwef/docs/other/6635119526/repo/3.0.1/.xml/specs_lwes.xml"
Reading XML for "/home/pete/wefwefwef/docs/other/6635119526/repo/3.0.1/.xml/specs_lwes_util.xml"
Reading XML for "/home/pete/wefwefwef/docs/other/6635119526/repo/3.0.1/.xml/specs_lwes_mochijson2.xml"
Reading XML for "/home/pete/wefwefwef/docs/other/6635119526/repo/3.0.1/.xml/specs_lwes_sup.xml"
Generating HTML - lwes_app "/home/pete/wefwefwef/docs/other/6635119526/repo/3.0.1/.xml/lwes-erlang/lwes_app.xml"
Reading XML for "/home/pete/wefwefwef/docs/other/6635119526/repo/3.0.1/.xml/lwes-erlang/lwes_app.xml"
Generating HTML - lwes_journaller "/home/pete/wefwefwef/docs/other/6635119526/repo/3.0.1/.xml/lwes-erlang/lwes_journaller.xml"
Reading XML for "/home/pete/wefwefwef/docs/other/6635119526/repo/3.0.1/.xml/lwes-erlang/lwes_journaller.xml"
Generating HTML - lwes_multi_emitter "/home/pete/wefwefwef/docs/other/6635119526/repo/3.0.1/.xml/lwes-erlang/lwes_multi_emitter.xml"
Reading XML for "/home/pete/wefwefwef/docs/other/6635119526/repo/3.0.1/.xml/lwes-erlang/lwes_multi_emitter.xml"
Generating HTML - lwes_channel "/home/pete/wefwefwef/docs/other/6635119526/repo/3.0.1/.xml/lwes-erlang/lwes_channel.xml"
Reading XML for "/home/pete/wefwefwef/docs/other/6635119526/repo/3.0.1/.xml/lwes-erlang/lwes_channel.xml"
Reading XML for "/home/pete/wefwefwef/docs/other/6635119526/repo/3.0.1/.xml/specs_lwes_journaller.xml"
Reading XML for "/home/pete/wefwefwef/docs/other/6635119526/repo/3.0.1/.xml/specs_lwes_app.xml"
Generating HTML - lwes_channel_manager "/home/pete/wefwefwef/docs/other/6635119526/repo/3.0.1/.xml/lwes-erlang/lwes_channel_manager.xml"
Reading XML for "/home/pete/wefwefwef/docs/other/6635119526/repo/3.0.1/.xml/lwes-erlang/lwes_channel_manager.xml"
Generating HTML - lwes_event "/home/pete/wefwefwef/docs/other/6635119526/repo/3.0.1/.xml/lwes-erlang/lwes_event.xml"
Reading XML for "/home/pete/wefwefwef/docs/other/6635119526/repo/3.0.1/.xml/lwes-erlang/lwes_event.xml"
Reading XML for "/home/pete/wefwefwef/docs/other/6635119526/repo/3.0.1/.xml/specs_lwes_multi_emitter.xml"
Generating HTML - lwes_channel_sup "/home/pete/wefwefwef/docs/other/6635119526/repo/3.0.1/.xml/lwes-erlang/lwes_channel_sup.xml"
Reading XML for "/home/pete/wefwefwef/docs/other/6635119526/repo/3.0.1/.xml/lwes-erlang/lwes_channel_sup.xml"
Reading XML for "/home/pete/wefwefwef/docs/other/6635119526/repo/3.0.1/.xml/specs_lwes_channel.xml"
Generating HTML - lwes_mochinum "/home/pete/wefwefwef/docs/other/6635119526/repo/3.0.1/.xml/lwes-erlang/lwes_mochinum.xml"
Reading XML for "/home/pete/wefwefwef/docs/other/6635119526/repo/3.0.1/.xml/lwes-erlang/lwes_mochinum.xml"
Reading XML for "/home/pete/wefwefwef/docs/other/6635119526/repo/3.0.1/.xml/specs_lwes_channel_manager.xml"
Reading XML for "/home/pete/wefwefwef/docs/other/6635119526/repo/3.0.1/.xml/specs_lwes_channel_sup.xml"
Reading XML for "/home/pete/wefwefwef/docs/other/6635119526/repo/3.0.1/.xml/specs_lwes_event.xml"
Reading XML for "/home/pete/wefwefwef/docs/other/6635119526/repo/3.0.1/.xml/specs_lwes_mochinum.xml"
Creating index.html ...
Creating erldocs_index.js ...
Woot, finished in 0 Minutes 1 Seconds
 :: Discovering other repos
$ 5000  `rm -r '/home/pete/wefwefwef/docs/other/6635119526/lwes-erlang-tag-3.0.1'  2>&1`
 :: Processing https://github.com/lwes/lwes-erlang	{rev,tag,"lwes-0.0.0","0b0441c2cceba96b1dde005a45b1a2139d14a783"}
 :: Fetching repo code
$ cd "/home/pete/wefwefwef/docs/other/6635119526/lwes-erlang-tag-lwes-0.0.0/lwes-erlang"
$ infinity  `curl --fail --silent --show-error --location --output 'lwes-0.0.0.zip' 'https://github.com/lwes/lwes-erlang/archive/lwes-0.0.0.zip'  2>&1`
$ cd "/home/pete/wefwefwef/docs/erldocs_other.git"
$ cd "/home/pete/wefwefwef/docs/other/6635119526/lwes-erlang-tag-lwes-0.0.0/lwes-erlang"
$ 5000  `find -P . -type l -delete  2>&1`
$ cd "/home/pete/wefwefwef/docs/erldocs_other.git"
$ cd "/home/pete/wefwefwef/docs/other/6635119526/lwes-erlang-tag-lwes-0.0.0/lwes-erlang"
$ 5000  `find 'lwes-erlang-lwes-0.0.0' -mindepth 1 -maxdepth 1 -exec mv -t . -- {} +  2>&1`
$ cd "/home/pete/wefwefwef/docs/erldocs_other.git"
 :: Getting dependencies
 :: Generating erldocs into /home/pete/wefwefwef/docs/other/6635119526/repo/lwes-0.0.0
Building lwes-erlang
Generating Type Specs - "/home/pete/wefwefwef/docs/other/6635119526/lwes-erlang-tag-lwes-0.0.0/lwes-erlang/src/lwes.erl"
Generating Type Specs - "/home/pete/wefwefwef/docs/other/6635119526/lwes-erlang-tag-lwes-0.0.0/lwes-erlang/src/lwes_app.erl"
Generating Type Specs - "/home/pete/wefwefwef/docs/other/6635119526/lwes-erlang-tag-lwes-0.0.0/lwes-erlang/src/lwes_channel.erl"
Generating Type Specs - "/home/pete/wefwefwef/docs/other/6635119526/lwes-erlang-tag-lwes-0.0.0/lwes-erlang/src/lwes_channel_manager.erl"
Generating Type Specs - "/home/pete/wefwefwef/docs/other/6635119526/lwes-erlang-tag-lwes-0.0.0/lwes-erlang/src/lwes_channel_sup.erl"
Generating Type Specs - "/home/pete/wefwefwef/docs/other/6635119526/lwes-erlang-tag-lwes-0.0.0/lwes-erlang/src/lwes_event.erl"
Generating Type Specs - "/home/pete/wefwefwef/docs/other/6635119526/lwes-erlang-tag-lwes-0.0.0/lwes-erlang/src/lwes_sup.erl"
Generating Type Specs - "/home/pete/wefwefwef/docs/other/6635119526/lwes-erlang-tag-lwes-0.0.0/lwes-erlang/src/lwes_util.erl"
Generating XML for application lwes-erlang "/home/pete/wefwefwef/docs/other/6635119526/lwes-erlang-tag-lwes-0.0.0/lwes-erlang" -> "/home/pete/wefwefwef/docs/other/6635119526/repo/lwes-0.0.0/.xml/lwes-erlang"
Generated lwes-erlang XMLs: ["/home/pete/wefwefwef/docs/other/6635119526/repo/lwes-0.0.0/.xml/lwes-erlang/lwes_channel.xml",
                             "/home/pete/wefwefwef/docs/other/6635119526/repo/lwes-0.0.0/.xml/lwes-erlang/lwes_channel_manager.xml",
                             "/home/pete/wefwefwef/docs/other/6635119526/repo/lwes-0.0.0/.xml/lwes-erlang/lwes_util.xml",
                             "/home/pete/wefwefwef/docs/other/6635119526/repo/lwes-0.0.0/.xml/lwes-erlang/lwes_channel_sup.xml",
                             "/home/pete/wefwefwef/docs/other/6635119526/repo/lwes-0.0.0/.xml/lwes-erlang/lwes_sup.xml",
                             "/home/pete/wefwefwef/docs/other/6635119526/repo/lwes-0.0.0/.xml/lwes-erlang/lwes_event.xml",
                             "/home/pete/wefwefwef/docs/other/6635119526/repo/lwes-0.0.0/.xml/lwes-erlang/lwes_app.xml",
                             "/home/pete/wefwefwef/docs/other/6635119526/repo/lwes-0.0.0/.xml/lwes-erlang/lwes.xml"]
Generating HTML - lwes_channel_manager "/home/pete/wefwefwef/docs/other/6635119526/repo/lwes-0.0.0/.xml/lwes-erlang/lwes_channel_manager.xml"
Generating HTML - lwes_channel_sup "/home/pete/wefwefwef/docs/other/6635119526/repo/lwes-0.0.0/.xml/lwes-erlang/lwes_channel_sup.xml"
Generating HTML - lwes_event "/home/pete/wefwefwef/docs/other/6635119526/repo/lwes-0.0.0/.xml/lwes-erlang/lwes_event.xml"
Generating HTML - lwes "/home/pete/wefwefwef/docs/other/6635119526/repo/lwes-0.0.0/.xml/lwes-erlang/lwes.xml"
Reading XML for "/home/pete/wefwefwef/docs/other/6635119526/repo/lwes-0.0.0/.xml/lwes-erlang/lwes_channel_manager.xml"
Reading XML for "/home/pete/wefwefwef/docs/other/6635119526/repo/lwes-0.0.0/.xml/lwes-erlang/lwes_channel_sup.xml"
Reading XML for "/home/pete/wefwefwef/docs/other/6635119526/repo/lwes-0.0.0/.xml/lwes-erlang/lwes_event.xml"
Reading XML for "/home/pete/wefwefwef/docs/other/6635119526/repo/lwes-0.0.0/.xml/lwes-erlang/lwes.xml"
Reading XML for "/home/pete/wefwefwef/docs/other/6635119526/repo/lwes-0.0.0/.xml/specs_lwes_channel_sup.xml"
Reading XML for "/home/pete/wefwefwef/docs/other/6635119526/repo/lwes-0.0.0/.xml/specs_lwes_event.xml"
Generating HTML - lwes_util "/home/pete/wefwefwef/docs/other/6635119526/repo/lwes-0.0.0/.xml/lwes-erlang/lwes_util.xml"
Reading XML for "/home/pete/wefwefwef/docs/other/6635119526/repo/lwes-0.0.0/.xml/lwes-erlang/lwes_util.xml"
Reading XML for "/home/pete/wefwefwef/docs/other/6635119526/repo/lwes-0.0.0/.xml/specs_lwes_channel_manager.xml"
Reading XML for "/home/pete/wefwefwef/docs/other/6635119526/repo/lwes-0.0.0/.xml/specs_lwes.xml"
Generating HTML - lwes_sup "/home/pete/wefwefwef/docs/other/6635119526/repo/lwes-0.0.0/.xml/lwes-erlang/lwes_sup.xml"
Reading XML for "/home/pete/wefwefwef/docs/other/6635119526/repo/lwes-0.0.0/.xml/lwes-erlang/lwes_sup.xml"
Generating HTML - lwes_app "/home/pete/wefwefwef/docs/other/6635119526/repo/lwes-0.0.0/.xml/lwes-erlang/lwes_app.xml"
Reading XML for "/home/pete/wefwefwef/docs/other/6635119526/repo/lwes-0.0.0/.xml/lwes-erlang/lwes_app.xml"
Generating HTML - lwes_channel "/home/pete/wefwefwef/docs/other/6635119526/repo/lwes-0.0.0/.xml/lwes-erlang/lwes_channel.xml"
Reading XML for "/home/pete/wefwefwef/docs/other/6635119526/repo/lwes-0.0.0/.xml/lwes-erlang/lwes_channel.xml"
Reading XML for "/home/pete/wefwefwef/docs/other/6635119526/repo/lwes-0.0.0/.xml/specs_lwes_util.xml"
Reading XML for "/home/pete/wefwefwef/docs/other/6635119526/repo/lwes-0.0.0/.xml/specs_lwes_app.xml"
Reading XML for "/home/pete/wefwefwef/docs/other/6635119526/repo/lwes-0.0.0/.xml/specs_lwes_sup.xml"
Reading XML for "/home/pete/wefwefwef/docs/other/6635119526/repo/lwes-0.0.0/.xml/specs_lwes_channel.xml"
Creating index.html ...
Creating erldocs_index.js ...
Woot, finished in 0 Minutes 0 Seconds
 :: Discovering other repos
$ 5000  `rm -r '/home/pete/wefwefwef/docs/other/6635119526/lwes-erlang-tag-lwes-0.0.0'  2>&1`
 :: Processing https://github.com/lwes/lwes-erlang	{rev,tag,"lwes-2.2.0","80d67f9549f39170dccb843f5a24a10591858a80"}
 :: Fetching repo code
$ cd "/home/pete/wefwefwef/docs/other/6635119526/lwes-erlang-tag-lwes-2.2.0/lwes-erlang"
$ infinity  `curl --fail --silent --show-error --location --output 'lwes-2.2.0.zip' 'https://github.com/lwes/lwes-erlang/archive/lwes-2.2.0.zip'  2>&1`
$ cd "/home/pete/wefwefwef/docs/erldocs_other.git"
$ cd "/home/pete/wefwefwef/docs/other/6635119526/lwes-erlang-tag-lwes-2.2.0/lwes-erlang"
$ 5000  `find -P . -type l -delete  2>&1`
$ cd "/home/pete/wefwefwef/docs/erldocs_other.git"
$ cd "/home/pete/wefwefwef/docs/other/6635119526/lwes-erlang-tag-lwes-2.2.0/lwes-erlang"
$ 5000  `find 'lwes-erlang-lwes-2.2.0' -mindepth 1 -maxdepth 1 -exec mv -t . -- {} +  2>&1`
$ cd "/home/pete/wefwefwef/docs/erldocs_other.git"
 :: Getting dependencies
$ cd "/home/pete/wefwefwef/docs/other/6635119526/lwes-erlang-tag-lwes-2.2.0/lwes-erlang"
$ 5000  `ls -1 deps/  2>&1`
$ cd "/home/pete/wefwefwef/docs/erldocs_other.git"
>>> [rebar] deps = []
 :: Generating erldocs into /home/pete/wefwefwef/docs/other/6635119526/repo/lwes-2.2.0
Building lwes-erlang
Generating Type Specs - "/home/pete/wefwefwef/docs/other/6635119526/lwes-erlang-tag-lwes-2.2.0/lwes-erlang/src/lwes.erl"
Generating Type Specs - "/home/pete/wefwefwef/docs/other/6635119526/lwes-erlang-tag-lwes-2.2.0/lwes-erlang/src/lwes_app.erl"
Generating Type Specs - "/home/pete/wefwefwef/docs/other/6635119526/lwes-erlang-tag-lwes-2.2.0/lwes-erlang/src/lwes_channel.erl"
Generating Type Specs - "/home/pete/wefwefwef/docs/other/6635119526/lwes-erlang-tag-lwes-2.2.0/lwes-erlang/src/lwes_channel_manager.erl"
Generating Type Specs - "/home/pete/wefwefwef/docs/other/6635119526/lwes-erlang-tag-lwes-2.2.0/lwes-erlang/src/lwes_channel_sup.erl"
Generating Type Specs - "/home/pete/wefwefwef/docs/other/6635119526/lwes-erlang-tag-lwes-2.2.0/lwes-erlang/src/lwes_event.erl"
Generating Type Specs - "/home/pete/wefwefwef/docs/other/6635119526/lwes-erlang-tag-lwes-2.2.0/lwes-erlang/src/lwes_journaller.erl"
Generating Type Specs - "/home/pete/wefwefwef/docs/other/6635119526/lwes-erlang-tag-lwes-2.2.0/lwes-erlang/src/lwes_mochijson2.erl"
Generating Type Specs - "/home/pete/wefwefwef/docs/other/6635119526/lwes-erlang-tag-lwes-2.2.0/lwes-erlang/src/lwes_mochinum.erl"
Generating Type Specs - "/home/pete/wefwefwef/docs/other/6635119526/lwes-erlang-tag-lwes-2.2.0/lwes-erlang/src/lwes_multi_emitter.erl"
Generating Type Specs - "/home/pete/wefwefwef/docs/other/6635119526/lwes-erlang-tag-lwes-2.2.0/lwes-erlang/src/lwes_sup.erl"
Generating Type Specs - "/home/pete/wefwefwef/docs/other/6635119526/lwes-erlang-tag-lwes-2.2.0/lwes-erlang/src/lwes_util.erl"
Generating XML for application lwes-erlang "/home/pete/wefwefwef/docs/other/6635119526/lwes-erlang-tag-lwes-2.2.0/lwes-erlang" -> "/home/pete/wefwefwef/docs/other/6635119526/repo/lwes-2.2.0/.xml/lwes-erlang"
Generated lwes-erlang XMLs: ["/home/pete/wefwefwef/docs/other/6635119526/repo/lwes-2.2.0/.xml/lwes-erlang/lwes_mochinum.xml",
                             "/home/pete/wefwefwef/docs/other/6635119526/repo/lwes-2.2.0/.xml/lwes-erlang/lwes_channel.xml",
                             "/home/pete/wefwefwef/docs/other/6635119526/repo/lwes-2.2.0/.xml/lwes-erlang/lwes_mochijson2.xml",
                             "/home/pete/wefwefwef/docs/other/6635119526/repo/lwes-2.2.0/.xml/lwes-erlang/lwes_channel_manager.xml",
                             "/home/pete/wefwefwef/docs/other/6635119526/repo/lwes-2.2.0/.xml/lwes-erlang/lwes_journaller.xml",
                             "/home/pete/wefwefwef/docs/other/6635119526/repo/lwes-2.2.0/.xml/lwes-erlang/lwes_util.xml",
                             "/home/pete/wefwefwef/docs/other/6635119526/repo/lwes-2.2.0/.xml/lwes-erlang/lwes_channel_sup.xml",
                             "/home/pete/wefwefwef/docs/other/6635119526/repo/lwes-2.2.0/.xml/lwes-erlang/lwes_multi_emitter.xml",
                             "/home/pete/wefwefwef/docs/other/6635119526/repo/lwes-2.2.0/.xml/lwes-erlang/lwes_sup.xml",
                             "/home/pete/wefwefwef/docs/other/6635119526/repo/lwes-2.2.0/.xml/lwes-erlang/lwes_event.xml",
                             "/home/pete/wefwefwef/docs/other/6635119526/repo/lwes-2.2.0/.xml/lwes-erlang/lwes_app.xml",
                             "/home/pete/wefwefwef/docs/other/6635119526/repo/lwes-2.2.0/.xml/lwes-erlang/lwes.xml"]
Generating HTML - lwes_mochijson2 "/home/pete/wefwefwef/docs/other/6635119526/repo/lwes-2.2.0/.xml/lwes-erlang/lwes_mochijson2.xml"
Generating HTML - lwes_util "/home/pete/wefwefwef/docs/other/6635119526/repo/lwes-2.2.0/.xml/lwes-erlang/lwes_util.xml"
Generating HTML - lwes_sup "/home/pete/wefwefwef/docs/other/6635119526/repo/lwes-2.2.0/.xml/lwes-erlang/lwes_sup.xml"
Generating HTML - lwes "/home/pete/wefwefwef/docs/other/6635119526/repo/lwes-2.2.0/.xml/lwes-erlang/lwes.xml"
Reading XML for "/home/pete/wefwefwef/docs/other/6635119526/repo/lwes-2.2.0/.xml/lwes-erlang/lwes_mochijson2.xml"
Reading XML for "/home/pete/wefwefwef/docs/other/6635119526/repo/lwes-2.2.0/.xml/lwes-erlang/lwes_util.xml"
Reading XML for "/home/pete/wefwefwef/docs/other/6635119526/repo/lwes-2.2.0/.xml/lwes-erlang/lwes_sup.xml"
Reading XML for "/home/pete/wefwefwef/docs/other/6635119526/repo/lwes-2.2.0/.xml/lwes-erlang/lwes.xml"
Reading XML for "/home/pete/wefwefwef/docs/other/6635119526/repo/lwes-2.2.0/.xml/specs_lwes.xml"
Reading XML for "/home/pete/wefwefwef/docs/other/6635119526/repo/lwes-2.2.0/.xml/specs_lwes_sup.xml"
Reading XML for "/home/pete/wefwefwef/docs/other/6635119526/repo/lwes-2.2.0/.xml/specs_lwes_mochijson2.xml"
Reading XML for "/home/pete/wefwefwef/docs/other/6635119526/repo/lwes-2.2.0/.xml/specs_lwes_util.xml"
Generating HTML - lwes_app "/home/pete/wefwefwef/docs/other/6635119526/repo/lwes-2.2.0/.xml/lwes-erlang/lwes_app.xml"
Reading XML for "/home/pete/wefwefwef/docs/other/6635119526/repo/lwes-2.2.0/.xml/lwes-erlang/lwes_app.xml"
Generating HTML - lwes_multi_emitter "/home/pete/wefwefwef/docs/other/6635119526/repo/lwes-2.2.0/.xml/lwes-erlang/lwes_multi_emitter.xml"
Reading XML for "/home/pete/wefwefwef/docs/other/6635119526/repo/lwes-2.2.0/.xml/lwes-erlang/lwes_multi_emitter.xml"
Generating HTML - lwes_journaller "/home/pete/wefwefwef/docs/other/6635119526/repo/lwes-2.2.0/.xml/lwes-erlang/lwes_journaller.xml"
Reading XML for "/home/pete/wefwefwef/docs/other/6635119526/repo/lwes-2.2.0/.xml/lwes-erlang/lwes_journaller.xml"
Generating HTML - lwes_channel "/home/pete/wefwefwef/docs/other/6635119526/repo/lwes-2.2.0/.xml/lwes-erlang/lwes_channel.xml"
Reading XML for "/home/pete/wefwefwef/docs/other/6635119526/repo/lwes-2.2.0/.xml/lwes-erlang/lwes_channel.xml"
Reading XML for "/home/pete/wefwefwef/docs/other/6635119526/repo/lwes-2.2.0/.xml/specs_lwes_app.xml"
Generating HTML - lwes_event "/home/pete/wefwefwef/docs/other/6635119526/repo/lwes-2.2.0/.xml/lwes-erlang/lwes_event.xml"
Reading XML for "/home/pete/wefwefwef/docs/other/6635119526/repo/lwes-2.2.0/.xml/lwes-erlang/lwes_event.xml"
Reading XML for "/home/pete/wefwefwef/docs/other/6635119526/repo/lwes-2.2.0/.xml/specs_lwes_multi_emitter.xml"
Generating HTML - lwes_channel_sup "/home/pete/wefwefwef/docs/other/6635119526/repo/lwes-2.2.0/.xml/lwes-erlang/lwes_channel_sup.xml"
Reading XML for "/home/pete/wefwefwef/docs/other/6635119526/repo/lwes-2.2.0/.xml/lwes-erlang/lwes_channel_sup.xml"
Reading XML for "/home/pete/wefwefwef/docs/other/6635119526/repo/lwes-2.2.0/.xml/specs_lwes_journaller.xml"
Reading XML for "/home/pete/wefwefwef/docs/other/6635119526/repo/lwes-2.2.0/.xml/specs_lwes_channel.xml"
Generating HTML - lwes_channel_manager "/home/pete/wefwefwef/docs/other/6635119526/repo/lwes-2.2.0/.xml/lwes-erlang/lwes_channel_manager.xml"
Reading XML for "/home/pete/wefwefwef/docs/other/6635119526/repo/lwes-2.2.0/.xml/lwes-erlang/lwes_channel_manager.xml"
Generating HTML - lwes_mochinum "/home/pete/wefwefwef/docs/other/6635119526/repo/lwes-2.2.0/.xml/lwes-erlang/lwes_mochinum.xml"
Reading XML for "/home/pete/wefwefwef/docs/other/6635119526/repo/lwes-2.2.0/.xml/lwes-erlang/lwes_mochinum.xml"
Reading XML for "/home/pete/wefwefwef/docs/other/6635119526/repo/lwes-2.2.0/.xml/specs_lwes_event.xml"
Reading XML for "/home/pete/wefwefwef/docs/other/6635119526/repo/lwes-2.2.0/.xml/specs_lwes_channel_sup.xml"
Reading XML for "/home/pete/wefwefwef/docs/other/6635119526/repo/lwes-2.2.0/.xml/specs_lwes_channel_manager.xml"
Reading XML for "/home/pete/wefwefwef/docs/other/6635119526/repo/lwes-2.2.0/.xml/specs_lwes_mochinum.xml"
Creating index.html ...
Creating erldocs_index.js ...
Woot, finished in 0 Minutes 1 Seconds
 :: Discovering other repos
$ 5000  `rm -r '/home/pete/wefwefwef/docs/other/6635119526/lwes-erlang-tag-lwes-2.2.0'  2>&1`
 :: Processing https://github.com/lwes/lwes-erlang	{rev,branch,"develop","3bf6d24e646dc55b2750483da53578c0f28de500"}
 :: Fetching repo code
$ cd "/home/pete/wefwefwef/docs/other/6635119526/lwes-erlang-branch-develop/lwes-erlang"
$ infinity  `curl --fail --silent --show-error --location --output 'develop.zip' 'https://github.com/lwes/lwes-erlang/archive/develop.zip'  2>&1`
$ cd "/home/pete/wefwefwef/docs/erldocs_other.git"
$ cd "/home/pete/wefwefwef/docs/other/6635119526/lwes-erlang-branch-develop/lwes-erlang"
$ 5000  `find -P . -type l -delete  2>&1`
$ cd "/home/pete/wefwefwef/docs/erldocs_other.git"
$ cd "/home/pete/wefwefwef/docs/other/6635119526/lwes-erlang-branch-develop/lwes-erlang"
$ 5000  `find 'lwes-erlang-develop' -mindepth 1 -maxdepth 1 -exec mv -t . -- {} +  2>&1`
$ cd "/home/pete/wefwefwef/docs/erldocs_other.git"
 :: Getting dependencies
$ cd "/home/pete/wefwefwef/docs/other/6635119526/lwes-erlang-branch-develop/lwes-erlang"
$ 5000  `ls -1 deps/  2>&1`
$ cd "/home/pete/wefwefwef/docs/erldocs_other.git"
>>> [rebar] deps = []
 :: Generating erldocs into /home/pete/wefwefwef/docs/other/6635119526/repo/develop
Building lwes-erlang
Generating Type Specs - "/home/pete/wefwefwef/docs/other/6635119526/lwes-erlang-branch-develop/lwes-erlang/src/lwes.erl"
Generating Type Specs - "/home/pete/wefwefwef/docs/other/6635119526/lwes-erlang-branch-develop/lwes-erlang/src/lwes_app.erl"
Generating Type Specs - "/home/pete/wefwefwef/docs/other/6635119526/lwes-erlang-branch-develop/lwes-erlang/src/lwes_channel.erl"
Generating Type Specs - "/home/pete/wefwefwef/docs/other/6635119526/lwes-erlang-branch-develop/lwes-erlang/src/lwes_channel_manager.erl"
Generating Type Specs - "/home/pete/wefwefwef/docs/other/6635119526/lwes-erlang-branch-develop/lwes-erlang/src/lwes_channel_sup.erl"
Generating Type Specs - "/home/pete/wefwefwef/docs/other/6635119526/lwes-erlang-branch-develop/lwes-erlang/src/lwes_event.erl"
Generating Type Specs - "/home/pete/wefwefwef/docs/other/6635119526/lwes-erlang-branch-develop/lwes-erlang/src/lwes_journaller.erl"
Generating Type Specs - "/home/pete/wefwefwef/docs/other/6635119526/lwes-erlang-branch-develop/lwes-erlang/src/lwes_mochijson2.erl"
Generating Type Specs - "/home/pete/wefwefwef/docs/other/6635119526/lwes-erlang-branch-develop/lwes-erlang/src/lwes_mochinum.erl"
Generating Type Specs - "/home/pete/wefwefwef/docs/other/6635119526/lwes-erlang-branch-develop/lwes-erlang/src/lwes_multi_emitter.erl"
Generating Type Specs - "/home/pete/wefwefwef/docs/other/6635119526/lwes-erlang-branch-develop/lwes-erlang/src/lwes_sup.erl"
Generating Type Specs - "/home/pete/wefwefwef/docs/other/6635119526/lwes-erlang-branch-develop/lwes-erlang/src/lwes_util.erl"
Generating XML for application lwes-erlang "/home/pete/wefwefwef/docs/other/6635119526/lwes-erlang-branch-develop/lwes-erlang" -> "/home/pete/wefwefwef/docs/other/6635119526/repo/develop/.xml/lwes-erlang"
Generated lwes-erlang XMLs: ["/home/pete/wefwefwef/docs/other/6635119526/repo/develop/.xml/lwes-erlang/lwes_mochinum.xml",
                             "/home/pete/wefwefwef/docs/other/6635119526/repo/develop/.xml/lwes-erlang/lwes_channel.xml",
                             "/home/pete/wefwefwef/docs/other/6635119526/repo/develop/.xml/lwes-erlang/lwes_mochijson2.xml",
                             "/home/pete/wefwefwef/docs/other/6635119526/repo/develop/.xml/lwes-erlang/lwes_channel_manager.xml",
                             "/home/pete/wefwefwef/docs/other/6635119526/repo/develop/.xml/lwes-erlang/lwes_journaller.xml",
                             "/home/pete/wefwefwef/docs/other/6635119526/repo/develop/.xml/lwes-erlang/lwes_util.xml",
                             "/home/pete/wefwefwef/docs/other/6635119526/repo/develop/.xml/lwes-erlang/lwes_channel_sup.xml",
                             "/home/pete/wefwefwef/docs/other/6635119526/repo/develop/.xml/lwes-erlang/lwes_multi_emitter.xml",
                             "/home/pete/wefwefwef/docs/other/6635119526/repo/develop/.xml/lwes-erlang/lwes_sup.xml",
                             "/home/pete/wefwefwef/docs/other/6635119526/repo/develop/.xml/lwes-erlang/lwes_event.xml",
                             "/home/pete/wefwefwef/docs/other/6635119526/repo/develop/.xml/lwes-erlang/lwes_app.xml",
                             "/home/pete/wefwefwef/docs/other/6635119526/repo/develop/.xml/lwes-erlang/lwes.xml"]
Generating HTML - lwes_mochijson2 "/home/pete/wefwefwef/docs/other/6635119526/repo/develop/.xml/lwes-erlang/lwes_mochijson2.xml"
Generating HTML - lwes_util "/home/pete/wefwefwef/docs/other/6635119526/repo/develop/.xml/lwes-erlang/lwes_util.xml"
Generating HTML - lwes_sup "/home/pete/wefwefwef/docs/other/6635119526/repo/develop/.xml/lwes-erlang/lwes_sup.xml"
Generating HTML - lwes "/home/pete/wefwefwef/docs/other/6635119526/repo/develop/.xml/lwes-erlang/lwes.xml"
Reading XML for "/home/pete/wefwefwef/docs/other/6635119526/repo/develop/.xml/lwes-erlang/lwes_mochijson2.xml"
Reading XML for "/home/pete/wefwefwef/docs/other/6635119526/repo/develop/.xml/lwes-erlang/lwes_util.xml"
Reading XML for "/home/pete/wefwefwef/docs/other/6635119526/repo/develop/.xml/lwes-erlang/lwes_sup.xml"
Reading XML for "/home/pete/wefwefwef/docs/other/6635119526/repo/develop/.xml/lwes-erlang/lwes.xml"
Reading XML for "/home/pete/wefwefwef/docs/other/6635119526/repo/develop/.xml/specs_lwes_mochijson2.xml"
Reading XML for "/home/pete/wefwefwef/docs/other/6635119526/repo/develop/.xml/specs_lwes_util.xml"
Reading XML for "/home/pete/wefwefwef/docs/other/6635119526/repo/develop/.xml/specs_lwes_sup.xml"
Reading XML for "/home/pete/wefwefwef/docs/other/6635119526/repo/develop/.xml/specs_lwes.xml"
Generating HTML - lwes_multi_emitter "/home/pete/wefwefwef/docs/other/6635119526/repo/develop/.xml/lwes-erlang/lwes_multi_emitter.xml"
Reading XML for "/home/pete/wefwefwef/docs/other/6635119526/repo/develop/.xml/lwes-erlang/lwes_multi_emitter.xml"
Generating HTML - lwes_journaller "/home/pete/wefwefwef/docs/other/6635119526/repo/develop/.xml/lwes-erlang/lwes_journaller.xml"
Reading XML for "/home/pete/wefwefwef/docs/other/6635119526/repo/develop/.xml/lwes-erlang/lwes_journaller.xml"
Generating HTML - lwes_app "/home/pete/wefwefwef/docs/other/6635119526/repo/develop/.xml/lwes-erlang/lwes_app.xml"
Reading XML for "/home/pete/wefwefwef/docs/other/6635119526/repo/develop/.xml/lwes-erlang/lwes_app.xml"
Generating HTML - lwes_channel "/home/pete/wefwefwef/docs/other/6635119526/repo/develop/.xml/lwes-erlang/lwes_channel.xml"
Reading XML for "/home/pete/wefwefwef/docs/other/6635119526/repo/develop/.xml/lwes-erlang/lwes_channel.xml"
Reading XML for "/home/pete/wefwefwef/docs/other/6635119526/repo/develop/.xml/specs_lwes_multi_emitter.xml"
Generating HTML - lwes_channel_sup "/home/pete/wefwefwef/docs/other/6635119526/repo/develop/.xml/lwes-erlang/lwes_channel_sup.xml"
Reading XML for "/home/pete/wefwefwef/docs/other/6635119526/repo/develop/.xml/lwes-erlang/lwes_channel_sup.xml"
Reading XML for "/home/pete/wefwefwef/docs/other/6635119526/repo/develop/.xml/specs_lwes_journaller.xml"
Reading XML for "/home/pete/wefwefwef/docs/other/6635119526/repo/develop/.xml/specs_lwes_app.xml"
Reading XML for "/home/pete/wefwefwef/docs/other/6635119526/repo/develop/.xml/specs_lwes_channel.xml"
Generating HTML - lwes_event "/home/pete/wefwefwef/docs/other/6635119526/repo/develop/.xml/lwes-erlang/lwes_event.xml"
Reading XML for "/home/pete/wefwefwef/docs/other/6635119526/repo/develop/.xml/lwes-erlang/lwes_event.xml"
Generating HTML - lwes_channel_manager "/home/pete/wefwefwef/docs/other/6635119526/repo/develop/.xml/lwes-erlang/lwes_channel_manager.xml"
Generating HTML - lwes_mochinum "/home/pete/wefwefwef/docs/other/6635119526/repo/develop/.xml/lwes-erlang/lwes_mochinum.xml"
Reading XML for "/home/pete/wefwefwef/docs/other/6635119526/repo/develop/.xml/lwes-erlang/lwes_channel_manager.xml"
Reading XML for "/home/pete/wefwefwef/docs/other/6635119526/repo/develop/.xml/lwes-erlang/lwes_mochinum.xml"
Reading XML for "/home/pete/wefwefwef/docs/other/6635119526/repo/develop/.xml/specs_lwes_channel_sup.xml"
Reading XML for "/home/pete/wefwefwef/docs/other/6635119526/repo/develop/.xml/specs_lwes_channel_manager.xml"
Reading XML for "/home/pete/wefwefwef/docs/other/6635119526/repo/develop/.xml/specs_lwes_event.xml"
Reading XML for "/home/pete/wefwefwef/docs/other/6635119526/repo/develop/.xml/specs_lwes_mochinum.xml"
Creating index.html ...
Creating erldocs_index.js ...
Woot, finished in 0 Minutes 1 Seconds
 :: Discovering other repos
$ 5000  `rm -r '/home/pete/wefwefwef/docs/other/6635119526/lwes-erlang-branch-develop'  2>&1`
 :: Processing https://github.com/lwes/lwes-erlang	{rev,branch,"feature/nullable_arrays","3d99eb37224dac4a4916f3577801bc4f947ff215"}
 :: Fetching repo code
$ cd "/home/pete/wefwefwef/docs/other/6635119526/lwes-erlang-branch-feature/nullable_arrays/lwes-erlang"
$ infinity  `curl --fail --silent --show-error --location --output 'feature/nullable_arrays.zip' 'https://github.com/lwes/lwes-erlang/archive/feature/nullable_arrays.zip'  2>&1`
$ cd "/home/pete/wefwefwef/docs/erldocs_other.git"
>>> [stdout] "curl: (23) Failed writing body (0 != 848)"
 :: Error running eo_core:
	[{eo_os,chk,2,[{file,"src/eo_os.erl"},{line,55}]},
         {eo_scm,fetch,2,[{file,"src/eo_scm.erl"},{line,85}]},
         {eo_core,copy_repo,5,[{file,"src/eo_core.erl"},{line,238}]},
         {eo_core,main_,11,[{file,"src/eo_core.erl"},{line,85}]},
         {eo_core,main,1,[{file,"src/eo_core.erl"},{line,47}]},
         {eo_core,gen,1,[{file,"src/eo_core.erl"},{line,28}]},
         {gen_escript__escript__1427__324242__518175,seq_gen,3,
             [{file,"./gen.escript"},{line,47}]},
         {escript,run,2,[{file,"escript.erl"},{line,752}]}]
{throw,{sh,fetch_curl,error,23,
           [{"curl: (23) Failed writing body (0 !="},{" 848)"}]}}
