 :: Extracting meta information
$ infinity  `git ls-remote --heads --tags 'https://github.com/edescourtis/gen_leader_revival'  2>&1`
>>> [repo] 2 branches, 0 tags
 :: Writing meta to "/home/pete/wefwefwef/docs/other/57519799db814d602e930f081704bc9289106fdb/meta.txt"
 :: Processing https://github.com/edescourtis/gen_leader_revival	{rev,branch,"merge_open_nodes","413367024d2b4225d6527776065cf635a47779b2",undefined,[],[]}
 :: Fetching repo code
$ cd '/home/pete/wefwefwef/docs/other/57519799db814d602e930f081704bc9289106fdb/gen_leader_revival-branch-merge_open_nodes'
$ infinity  `curl --fail --silent --show-error --location --output repo.tar.gz 'https://codeload.github.com/edescourtis/gen_leader_revival/tar.gz/merge_open_nodes'  2>&1`
$ cd '/home/pete/wefwefwef/docs/erldocs_other.git'
$ cd '/home/pete/wefwefwef/docs/other/57519799db814d602e930f081704bc9289106fdb/gen_leader_revival-branch-merge_open_nodes/gen_leader_revival-merge_open_nodes'
$ 5000  `find -P . -type l -delete  2>&1`
$ cd '/home/pete/wefwefwef/docs/erldocs_other.git'
$ 5000  `mv '/home/pete/wefwefwef/docs/other/57519799db814d602e930f081704bc9289106fdb/gen_leader_revival-branch-merge_open_nodes/gen_leader_revival-merge_open_nodes' '/home/pete/wefwefwef/docs/other/57519799db814d602e930f081704bc9289106fdb/gen_leader_revival-branch-merge_open_nodes/gen_leader_revival'  2>&1`
 :: Getting dependencies
 :: Generating erldocs into /home/pete/wefwefwef/docs/other/57519799db814d602e930f081704bc9289106fdb/repo/merge_open_nodes
Building gen_leader_revival
Generating XML for application gen_leader_revival "/home/pete/wefwefwef/docs/other/57519799db814d602e930f081704bc9289106fdb/gen_leader_revival-branch-merge_open_nodes/gen_leader_revival" -> "/home/pete/wefwefwef/docs/other/57519799db814d602e930f081704bc9289106fdb/repo/merge_open_nodes/.xml/gen_leader_revival"
/home/pete/wefwefwef/docs/other/57519799db814d602e930f081704bc9289106fdb/gen_leader_revival-branch-merge_open_nodes/gen_leader_revival/powerset_version/gen_leader.erl, in module header: at line 49: warning: redefining built-in type 'node'.
Generated gen_leader_revival XMLs: ["/home/pete/wefwefwef/docs/other/57519799db814d602e930f081704bc9289106fdb/repo/merge_open_nodes/.xml/gen_leader_revival/gen_leader.xml"]
Generating HTML - gen_leader "/home/pete/wefwefwef/docs/other/57519799db814d602e930f081704bc9289106fdb/repo/merge_open_nodes/.xml/gen_leader_revival/gen_leader.xml"
Reading XML for "/home/pete/wefwefwef/docs/other/57519799db814d602e930f081704bc9289106fdb/repo/merge_open_nodes/.xml/gen_leader_revival/gen_leader.xml"
Creating index.html ...
Creating erldocs_index.js ...
Woot, finished in 0 Minutes 0 Seconds
 :: Discovering other repos
$ 5000  `rm -r '/home/pete/wefwefwef/docs/other/57519799db814d602e930f081704bc9289106fdb/gen_leader_revival-branch-merge_open_nodes'  2>&1`
 :: Processing https://github.com/edescourtis/gen_leader_revival	{rev,branch,"master","ef3350a42fe7767cbc766325b17973b2f9662a19",undefined,[],[]}
 :: Fetching repo code
$ cd '/home/pete/wefwefwef/docs/other/57519799db814d602e930f081704bc9289106fdb/gen_leader_revival-branch-master'
$ infinity  `curl --fail --silent --show-error --location --output repo.tar.gz 'https://codeload.github.com/edescourtis/gen_leader_revival/tar.gz/master'  2>&1`
$ cd '/home/pete/wefwefwef/docs/erldocs_other.git'
$ cd '/home/pete/wefwefwef/docs/other/57519799db814d602e930f081704bc9289106fdb/gen_leader_revival-branch-master/gen_leader_revival-master'
$ 5000  `find -P . -type l -delete  2>&1`
$ cd '/home/pete/wefwefwef/docs/erldocs_other.git'
$ 5000  `mv '/home/pete/wefwefwef/docs/other/57519799db814d602e930f081704bc9289106fdb/gen_leader_revival-branch-master/gen_leader_revival-master' '/home/pete/wefwefwef/docs/other/57519799db814d602e930f081704bc9289106fdb/gen_leader_revival-branch-master/gen_leader_revival'  2>&1`
 :: Getting dependencies
$ cd '/home/pete/wefwefwef/docs/other/57519799db814d602e930f081704bc9289106fdb/gen_leader_revival-branch-master/gen_leader_revival'
$ 5000  `ls -1 deps/  2>&1`
$ cd '/home/pete/wefwefwef/docs/erldocs_other.git'
>>> [rebar] deps = []
 :: Generating erldocs into /home/pete/wefwefwef/docs/other/57519799db814d602e930f081704bc9289106fdb/repo/master
Building gen_leader_revival
Generating Type Specs - "/home/pete/wefwefwef/docs/other/57519799db814d602e930f081704bc9289106fdb/gen_leader_revival-branch-master/gen_leader_revival/src/gen_leader.erl"
Generating XML for application gen_leader_revival "/home/pete/wefwefwef/docs/other/57519799db814d602e930f081704bc9289106fdb/gen_leader_revival-branch-master/gen_leader_revival" -> "/home/pete/wefwefwef/docs/other/57519799db814d602e930f081704bc9289106fdb/repo/master/.xml/gen_leader_revival"
Generated gen_leader_revival XMLs: ["/home/pete/wefwefwef/docs/other/57519799db814d602e930f081704bc9289106fdb/repo/master/.xml/gen_leader_revival/gen_leader.xml"]
Generating HTML - gen_leader "/home/pete/wefwefwef/docs/other/57519799db814d602e930f081704bc9289106fdb/repo/master/.xml/gen_leader_revival/gen_leader.xml"
Reading XML for "/home/pete/wefwefwef/docs/other/57519799db814d602e930f081704bc9289106fdb/repo/master/.xml/gen_leader_revival/gen_leader.xml"
Reading XML for "/home/pete/wefwefwef/docs/other/57519799db814d602e930f081704bc9289106fdb/repo/master/.xml/specs_gen_leader.xml"
Creating index.html ...
Creating erldocs_index.js ...
Woot, finished in 0 Minutes 0 Seconds
 :: Discovering other repos
$ 5000  `rm -r '/home/pete/wefwefwef/docs/other/57519799db814d602e930f081704bc9289106fdb/gen_leader_revival-branch-master'  2>&1`
 :: Finishing up
$ 5000  `rm -r '/home/pete/wefwefwef/docs/other/57519799db814d602e930f081704bc9289106fdb/gen_leader_revival'  2>&1`
