 :: Extracting meta information
$ 5000  `git ls-remote --heads --tags 'https://github.com/kevsmith/pteracuda'  2>&1`
>>> [repo] 1 branches, 0 tags
 :: Writing meta to "/home/pete/wefwefwef/docs/other/3776698721/meta.txt"
 :: Processing https://github.com/kevsmith/pteracuda	{rev,branch,"master","61a6180b95bd2093a63e867403f9f387efd6e52c",undefined,[],[]}
 :: Fetching repo code
$ cd "/home/pete/wefwefwef/docs/other/3776698721/pteracuda-branch-master/pteracuda"
$ infinity  `curl --fail --silent --show-error --location --output 'master.zip' 'https://github.com/kevsmith/pteracuda/archive/master.zip'  2>&1`
$ cd "/home/pete/wefwefwef/docs/erldocs_other.git"
$ cd "/home/pete/wefwefwef/docs/other/3776698721/pteracuda-branch-master/pteracuda"
$ 5000  `find -P . -type l -delete  2>&1`
$ cd "/home/pete/wefwefwef/docs/erldocs_other.git"
$ cd "/home/pete/wefwefwef/docs/other/3776698721/pteracuda-branch-master/pteracuda"
$ 5000  `find 'pteracuda-master' -mindepth 1 -maxdepth 1 -exec mv -t . -- {} +  2>&1`
$ cd "/home/pete/wefwefwef/docs/erldocs_other.git"
 :: Getting dependencies
$ cd "/home/pete/wefwefwef/docs/other/3776698721/pteracuda-branch-master/pteracuda"
$ 5000  `ls -1 deps/  2>&1`
$ cd "/home/pete/wefwefwef/docs/erldocs_other.git"
>>> [rebar] deps = []
 :: Generating erldocs into /home/pete/wefwefwef/docs/other/3776698721/repo/master
Building pteracuda
Generating Type Specs - "/home/pete/wefwefwef/docs/other/3776698721/pteracuda-branch-master/pteracuda/src/pteracuda_app.erl"
Generating Type Specs - "/home/pete/wefwefwef/docs/other/3776698721/pteracuda-branch-master/pteracuda/src/pteracuda_bench.erl"
Generating Type Specs - "/home/pete/wefwefwef/docs/other/3776698721/pteracuda-branch-master/pteracuda/src/pteracuda_buffer.erl"
Generating Type Specs - "/home/pete/wefwefwef/docs/other/3776698721/pteracuda-branch-master/pteracuda/src/pteracuda_context.erl"
Generating Type Specs - "/home/pete/wefwefwef/docs/other/3776698721/pteracuda-branch-master/pteracuda/src/pteracuda_demo.erl"
Generating Type Specs - "/home/pete/wefwefwef/docs/other/3776698721/pteracuda-branch-master/pteracuda/src/pteracuda_nifs.erl"
Generating Type Specs - "/home/pete/wefwefwef/docs/other/3776698721/pteracuda-branch-master/pteracuda/src/pteracuda_stress.erl"
Generating Type Specs - "/home/pete/wefwefwef/docs/other/3776698721/pteracuda-branch-master/pteracuda/src/pteracuda_sup.erl"
Generating XML for application pteracuda "/home/pete/wefwefwef/docs/other/3776698721/pteracuda-branch-master/pteracuda" -> "/home/pete/wefwefwef/docs/other/3776698721/repo/master/.xml/pteracuda"
Generated pteracuda XMLs: ["/home/pete/wefwefwef/docs/other/3776698721/repo/master/.xml/pteracuda/pteracuda_buffer.xml",
                           "/home/pete/wefwefwef/docs/other/3776698721/repo/master/.xml/pteracuda/pteracuda_stress.xml",
                           "/home/pete/wefwefwef/docs/other/3776698721/repo/master/.xml/pteracuda/pteracuda_demo.xml",
                           "/home/pete/wefwefwef/docs/other/3776698721/repo/master/.xml/pteracuda/pteracuda_sup.xml",
                           "/home/pete/wefwefwef/docs/other/3776698721/repo/master/.xml/pteracuda/pteracuda_context.xml",
                           "/home/pete/wefwefwef/docs/other/3776698721/repo/master/.xml/pteracuda/pteracuda_nifs.xml",
                           "/home/pete/wefwefwef/docs/other/3776698721/repo/master/.xml/pteracuda/pteracuda_bench.xml",
                           "/home/pete/wefwefwef/docs/other/3776698721/repo/master/.xml/pteracuda/pteracuda_app.xml"]
Generating HTML - pteracuda_stress "/home/pete/wefwefwef/docs/other/3776698721/repo/master/.xml/pteracuda/pteracuda_stress.xml"
Generating HTML - pteracuda_sup "/home/pete/wefwefwef/docs/other/3776698721/repo/master/.xml/pteracuda/pteracuda_sup.xml"
Generating HTML - pteracuda_nifs "/home/pete/wefwefwef/docs/other/3776698721/repo/master/.xml/pteracuda/pteracuda_nifs.xml"
Generating HTML - pteracuda_app "/home/pete/wefwefwef/docs/other/3776698721/repo/master/.xml/pteracuda/pteracuda_app.xml"
Reading XML for "/home/pete/wefwefwef/docs/other/3776698721/repo/master/.xml/pteracuda/pteracuda_stress.xml"
Reading XML for "/home/pete/wefwefwef/docs/other/3776698721/repo/master/.xml/pteracuda/pteracuda_sup.xml"
Reading XML for "/home/pete/wefwefwef/docs/other/3776698721/repo/master/.xml/pteracuda/pteracuda_nifs.xml"
Reading XML for "/home/pete/wefwefwef/docs/other/3776698721/repo/master/.xml/pteracuda/pteracuda_app.xml"
Reading XML for "/home/pete/wefwefwef/docs/other/3776698721/repo/master/.xml/specs_pteracuda_stress.xml"
Reading XML for "/home/pete/wefwefwef/docs/other/3776698721/repo/master/.xml/specs_pteracuda_sup.xml"
Generating HTML - pteracuda_buffer "/home/pete/wefwefwef/docs/other/3776698721/repo/master/.xml/pteracuda/pteracuda_buffer.xml"
Reading XML for "/home/pete/wefwefwef/docs/other/3776698721/repo/master/.xml/pteracuda/pteracuda_buffer.xml"
Reading XML for "/home/pete/wefwefwef/docs/other/3776698721/repo/master/.xml/specs_pteracuda_app.xml"
Generating HTML - pteracuda_demo "/home/pete/wefwefwef/docs/other/3776698721/repo/master/.xml/pteracuda/pteracuda_demo.xml"
Reading XML for "/home/pete/wefwefwef/docs/other/3776698721/repo/master/.xml/pteracuda/pteracuda_demo.xml"
Generating HTML - pteracuda_bench "/home/pete/wefwefwef/docs/other/3776698721/repo/master/.xml/pteracuda/pteracuda_bench.xml"
Reading XML for "/home/pete/wefwefwef/docs/other/3776698721/repo/master/.xml/pteracuda/pteracuda_bench.xml"
Reading XML for "/home/pete/wefwefwef/docs/other/3776698721/repo/master/.xml/specs_pteracuda_nifs.xml"
Generating HTML - pteracuda_context "/home/pete/wefwefwef/docs/other/3776698721/repo/master/.xml/pteracuda/pteracuda_context.xml"
Reading XML for "/home/pete/wefwefwef/docs/other/3776698721/repo/master/.xml/pteracuda/pteracuda_context.xml"
Reading XML for "/home/pete/wefwefwef/docs/other/3776698721/repo/master/.xml/specs_pteracuda_buffer.xml"
Reading XML for "/home/pete/wefwefwef/docs/other/3776698721/repo/master/.xml/specs_pteracuda_bench.xml"
Reading XML for "/home/pete/wefwefwef/docs/other/3776698721/repo/master/.xml/specs_pteracuda_demo.xml"
Reading XML for "/home/pete/wefwefwef/docs/other/3776698721/repo/master/.xml/specs_pteracuda_context.xml"
Creating index.html ...
Creating erldocs_index.js ...
Woot, finished in 0 Minutes 0 Seconds
 :: Discovering other repos
$ 5000  `rm -r '/home/pete/wefwefwef/docs/other/3776698721/pteracuda-branch-master'  2>&1`
 :: Finishing up
$ 5000  `rm -r '/home/pete/wefwefwef/docs/other/3776698721/pteracuda'  2>&1`
