 :: Extracting meta information
$ 5000  `git ls-remote --heads --tags 'https://github.com/nerves-project/fwtool'  2>&1`
>>> [repo] 1 branches, 5 tags
 :: Writing meta to "/home/pete/wefwefwef/docs/other/8465328955/meta.txt"
 :: Processing https://github.com/nerves-project/fwtool	{rev,tag,"v0.1.0","df29b4c1744eb5a3560edd843599899d988feeed",undefined,[],[]}
 :: Fetching repo code
$ cd "/home/pete/wefwefwef/docs/other/8465328955/fwtool-tag-v0.1.0/fwtool"
$ infinity  `curl --fail --silent --show-error --location --output 'v0.1.0.zip' 'https://github.com/nerves-project/fwtool/archive/v0.1.0.zip'  2>&1`
$ cd "/home/pete/wefwefwef/docs/erldocs_other.git"
$ cd "/home/pete/wefwefwef/docs/other/8465328955/fwtool-tag-v0.1.0/fwtool"
$ 5000  `find -P . -type l -delete  2>&1`
$ cd "/home/pete/wefwefwef/docs/erldocs_other.git"
$ cd "/home/pete/wefwefwef/docs/other/8465328955/fwtool-tag-v0.1.0/fwtool"
$ 5000  `find 'fwtool-0.1.0' -mindepth 1 -maxdepth 1 -exec mv -t . -- {} +  2>&1`
$ cd "/home/pete/wefwefwef/docs/erldocs_other.git"
 :: Getting dependencies
$ cd "/home/pete/wefwefwef/docs/other/8465328955/fwtool-tag-v0.1.0/fwtool"
$ infinity  `rebar --config '/home/pete/wefwefwef/docs/other/8465328955/fwtool-tag-v0.1.0/rebar_deps' get-deps  2>&1`
$ cd "/home/pete/wefwefwef/docs/erldocs_other.git"
$ cd "/home/pete/wefwefwef/docs/other/8465328955/fwtool-tag-v0.1.0/fwtool"
$ 5000  `find -P . -type l -delete  2>&1`
$ cd "/home/pete/wefwefwef/docs/erldocs_other.git"
$ cd "/home/pete/wefwefwef/docs/other/8465328955/fwtool-tag-v0.1.0/fwtool"
$ 5000  `ls -1 deps/  2>&1`
$ cd "/home/pete/wefwefwef/docs/erldocs_other.git"
>>> [rebar] deps = ["getopt","jsx","nerves_utils"]
 :: Generating erldocs into /home/pete/wefwefwef/docs/other/8465328955/repo/v0.1.0
Building fwtool
Generating Type Specs - "/home/pete/wefwefwef/docs/other/8465328955/fwtool-tag-v0.1.0/fwtool/src/fwbuilder.erl"
Generating Type Specs - "/home/pete/wefwefwef/docs/other/8465328955/fwtool-tag-v0.1.0/fwtool/src/fwtool.erl"
Generating Type Specs - "/home/pete/wefwefwef/docs/other/8465328955/fwtool-tag-v0.1.0/fwtool/src/mbr.erl"
Generating XML for application fwtool "/home/pete/wefwefwef/docs/other/8465328955/fwtool-tag-v0.1.0/fwtool" -> "/home/pete/wefwefwef/docs/other/8465328955/repo/v0.1.0/.xml/fwtool"
Generated fwtool XMLs: ["/home/pete/wefwefwef/docs/other/8465328955/repo/v0.1.0/.xml/fwtool/mbr.xml",
                        "/home/pete/wefwefwef/docs/other/8465328955/repo/v0.1.0/.xml/fwtool/fwbuilder.xml",
                        "/home/pete/wefwefwef/docs/other/8465328955/repo/v0.1.0/.xml/fwtool/fwtool.xml"]
Generating HTML - fwtool "/home/pete/wefwefwef/docs/other/8465328955/repo/v0.1.0/.xml/fwtool/fwtool.xml"
Reading XML for "/home/pete/wefwefwef/docs/other/8465328955/repo/v0.1.0/.xml/fwtool/fwtool.xml"
Reading XML for "/home/pete/wefwefwef/docs/other/8465328955/repo/v0.1.0/.xml/specs_fwtool.xml"
Generating HTML - fwbuilder "/home/pete/wefwefwef/docs/other/8465328955/repo/v0.1.0/.xml/fwtool/fwbuilder.xml"
Reading XML for "/home/pete/wefwefwef/docs/other/8465328955/repo/v0.1.0/.xml/fwtool/fwbuilder.xml"
Reading XML for "/home/pete/wefwefwef/docs/other/8465328955/repo/v0.1.0/.xml/specs_fwbuilder.xml"
Generating HTML - mbr "/home/pete/wefwefwef/docs/other/8465328955/repo/v0.1.0/.xml/fwtool/mbr.xml"
Reading XML for "/home/pete/wefwefwef/docs/other/8465328955/repo/v0.1.0/.xml/fwtool/mbr.xml"
Reading XML for "/home/pete/wefwefwef/docs/other/8465328955/repo/v0.1.0/.xml/specs_mbr.xml"
Creating index.html ...
Creating erldocs_index.js ...
Woot, finished in 0 Minutes 0 Seconds
 :: Discovering other repos
$ 5000  `rm -r '/home/pete/wefwefwef/docs/other/8465328955/fwtool-tag-v0.1.0'  2>&1`
 :: Processing https://github.com/nerves-project/fwtool	{rev,tag,"v0.1.1","2c4277924e46ec5500b4ccde9b61f0d343c7d340",undefined,[],[]}
 :: Fetching repo code
$ cd "/home/pete/wefwefwef/docs/other/8465328955/fwtool-tag-v0.1.1/fwtool"
$ infinity  `curl --fail --silent --show-error --location --output 'v0.1.1.zip' 'https://github.com/nerves-project/fwtool/archive/v0.1.1.zip'  2>&1`
$ cd "/home/pete/wefwefwef/docs/erldocs_other.git"
$ cd "/home/pete/wefwefwef/docs/other/8465328955/fwtool-tag-v0.1.1/fwtool"
$ 5000  `find -P . -type l -delete  2>&1`
$ cd "/home/pete/wefwefwef/docs/erldocs_other.git"
$ cd "/home/pete/wefwefwef/docs/other/8465328955/fwtool-tag-v0.1.1/fwtool"
$ 5000  `find 'fwtool-0.1.1' -mindepth 1 -maxdepth 1 -exec mv -t . -- {} +  2>&1`
$ cd "/home/pete/wefwefwef/docs/erldocs_other.git"
 :: Getting dependencies
$ cd "/home/pete/wefwefwef/docs/other/8465328955/fwtool-tag-v0.1.1/fwtool"
$ infinity  `rebar --config '/home/pete/wefwefwef/docs/other/8465328955/fwtool-tag-v0.1.1/rebar_deps' get-deps  2>&1`
$ cd "/home/pete/wefwefwef/docs/erldocs_other.git"
$ cd "/home/pete/wefwefwef/docs/other/8465328955/fwtool-tag-v0.1.1/fwtool"
$ 5000  `find -P . -type l -delete  2>&1`
$ cd "/home/pete/wefwefwef/docs/erldocs_other.git"
$ cd "/home/pete/wefwefwef/docs/other/8465328955/fwtool-tag-v0.1.1/fwtool"
$ 5000  `ls -1 deps/  2>&1`
$ cd "/home/pete/wefwefwef/docs/erldocs_other.git"
>>> [rebar] deps = ["getopt","jsx","nerves_utils"]
 :: Generating erldocs into /home/pete/wefwefwef/docs/other/8465328955/repo/v0.1.1
Building fwtool
Generating Type Specs - "/home/pete/wefwefwef/docs/other/8465328955/fwtool-tag-v0.1.1/fwtool/src/fwbuilder.erl"
Generating Type Specs - "/home/pete/wefwefwef/docs/other/8465328955/fwtool-tag-v0.1.1/fwtool/src/fwtool.erl"
Generating Type Specs - "/home/pete/wefwefwef/docs/other/8465328955/fwtool-tag-v0.1.1/fwtool/src/mbr.erl"
Generating Type Specs - "/home/pete/wefwefwef/docs/other/8465328955/fwtool-tag-v0.1.1/fwtool/src/syslinux_fwbuilder.erl"
Generating Type Specs - "/home/pete/wefwefwef/docs/other/8465328955/fwtool-tag-v0.1.1/fwtool/src/uboot_fwbuilder.erl"
Generating XML for application fwtool "/home/pete/wefwefwef/docs/other/8465328955/fwtool-tag-v0.1.1/fwtool" -> "/home/pete/wefwefwef/docs/other/8465328955/repo/v0.1.1/.xml/fwtool"
Generated fwtool XMLs: ["/home/pete/wefwefwef/docs/other/8465328955/repo/v0.1.1/.xml/fwtool/uboot_fwbuilder.xml",
                        "/home/pete/wefwefwef/docs/other/8465328955/repo/v0.1.1/.xml/fwtool/mbr.xml",
                        "/home/pete/wefwefwef/docs/other/8465328955/repo/v0.1.1/.xml/fwtool/syslinux_fwbuilder.xml",
                        "/home/pete/wefwefwef/docs/other/8465328955/repo/v0.1.1/.xml/fwtool/fwbuilder.xml",
                        "/home/pete/wefwefwef/docs/other/8465328955/repo/v0.1.1/.xml/fwtool/fwtool.xml"]
Generating HTML - uboot_fwbuilder "/home/pete/wefwefwef/docs/other/8465328955/repo/v0.1.1/.xml/fwtool/uboot_fwbuilder.xml"
Generating HTML - mbr "/home/pete/wefwefwef/docs/other/8465328955/repo/v0.1.1/.xml/fwtool/mbr.xml"
Generating HTML - syslinux_fwbuilder "/home/pete/wefwefwef/docs/other/8465328955/repo/v0.1.1/.xml/fwtool/syslinux_fwbuilder.xml"
Generating HTML - fwtool "/home/pete/wefwefwef/docs/other/8465328955/repo/v0.1.1/.xml/fwtool/fwtool.xml"
Reading XML for "/home/pete/wefwefwef/docs/other/8465328955/repo/v0.1.1/.xml/fwtool/uboot_fwbuilder.xml"
Reading XML for "/home/pete/wefwefwef/docs/other/8465328955/repo/v0.1.1/.xml/fwtool/mbr.xml"
Reading XML for "/home/pete/wefwefwef/docs/other/8465328955/repo/v0.1.1/.xml/fwtool/syslinux_fwbuilder.xml"
Reading XML for "/home/pete/wefwefwef/docs/other/8465328955/repo/v0.1.1/.xml/fwtool/fwtool.xml"
Reading XML for "/home/pete/wefwefwef/docs/other/8465328955/repo/v0.1.1/.xml/specs_uboot_fwbuilder.xml"
Reading XML for "/home/pete/wefwefwef/docs/other/8465328955/repo/v0.1.1/.xml/specs_mbr.xml"
Reading XML for "/home/pete/wefwefwef/docs/other/8465328955/repo/v0.1.1/.xml/specs_fwtool.xml"
Reading XML for "/home/pete/wefwefwef/docs/other/8465328955/repo/v0.1.1/.xml/specs_syslinux_fwbuilder.xml"
Generating HTML - fwbuilder "/home/pete/wefwefwef/docs/other/8465328955/repo/v0.1.1/.xml/fwtool/fwbuilder.xml"
Reading XML for "/home/pete/wefwefwef/docs/other/8465328955/repo/v0.1.1/.xml/fwtool/fwbuilder.xml"
Reading XML for "/home/pete/wefwefwef/docs/other/8465328955/repo/v0.1.1/.xml/specs_fwbuilder.xml"
Creating index.html ...
Creating erldocs_index.js ...
Woot, finished in 0 Minutes 0 Seconds
 :: Discovering other repos
$ 5000  `rm -r '/home/pete/wefwefwef/docs/other/8465328955/fwtool-tag-v0.1.1'  2>&1`
 :: Processing https://github.com/nerves-project/fwtool	{rev,tag,"v0.1.2","7d971709146ebf176f89dcdb74217891ab61c43d",undefined,[],[]}
 :: Fetching repo code
$ cd "/home/pete/wefwefwef/docs/other/8465328955/fwtool-tag-v0.1.2/fwtool"
$ infinity  `curl --fail --silent --show-error --location --output 'v0.1.2.zip' 'https://github.com/nerves-project/fwtool/archive/v0.1.2.zip'  2>&1`
$ cd "/home/pete/wefwefwef/docs/erldocs_other.git"
$ cd "/home/pete/wefwefwef/docs/other/8465328955/fwtool-tag-v0.1.2/fwtool"
$ 5000  `find -P . -type l -delete  2>&1`
$ cd "/home/pete/wefwefwef/docs/erldocs_other.git"
$ cd "/home/pete/wefwefwef/docs/other/8465328955/fwtool-tag-v0.1.2/fwtool"
$ 5000  `find 'fwtool-0.1.2' -mindepth 1 -maxdepth 1 -exec mv -t . -- {} +  2>&1`
$ cd "/home/pete/wefwefwef/docs/erldocs_other.git"
 :: Getting dependencies
$ cd "/home/pete/wefwefwef/docs/other/8465328955/fwtool-tag-v0.1.2/fwtool"
$ infinity  `rebar --config '/home/pete/wefwefwef/docs/other/8465328955/fwtool-tag-v0.1.2/rebar_deps' get-deps  2>&1`
$ cd "/home/pete/wefwefwef/docs/erldocs_other.git"
$ cd "/home/pete/wefwefwef/docs/other/8465328955/fwtool-tag-v0.1.2/fwtool"
$ 5000  `find -P . -type l -delete  2>&1`
$ cd "/home/pete/wefwefwef/docs/erldocs_other.git"
$ cd "/home/pete/wefwefwef/docs/other/8465328955/fwtool-tag-v0.1.2/fwtool"
$ 5000  `ls -1 deps/  2>&1`
$ cd "/home/pete/wefwefwef/docs/erldocs_other.git"
>>> [rebar] deps = ["getopt","jsx","nerves_utils"]
 :: Generating erldocs into /home/pete/wefwefwef/docs/other/8465328955/repo/v0.1.2
Building fwtool
Generating Type Specs - "/home/pete/wefwefwef/docs/other/8465328955/fwtool-tag-v0.1.2/fwtool/src/fwbuilder.erl"
Generating Type Specs - "/home/pete/wefwefwef/docs/other/8465328955/fwtool-tag-v0.1.2/fwtool/src/fwtool.erl"
Generating Type Specs - "/home/pete/wefwefwef/docs/other/8465328955/fwtool-tag-v0.1.2/fwtool/src/mbr.erl"
Generating Type Specs - "/home/pete/wefwefwef/docs/other/8465328955/fwtool-tag-v0.1.2/fwtool/src/syslinux_fwbuilder.erl"
Generating Type Specs - "/home/pete/wefwefwef/docs/other/8465328955/fwtool-tag-v0.1.2/fwtool/src/uboot_fwbuilder.erl"
Generating XML for application fwtool "/home/pete/wefwefwef/docs/other/8465328955/fwtool-tag-v0.1.2/fwtool" -> "/home/pete/wefwefwef/docs/other/8465328955/repo/v0.1.2/.xml/fwtool"
Generated fwtool XMLs: ["/home/pete/wefwefwef/docs/other/8465328955/repo/v0.1.2/.xml/fwtool/uboot_fwbuilder.xml",
                        "/home/pete/wefwefwef/docs/other/8465328955/repo/v0.1.2/.xml/fwtool/mbr.xml",
                        "/home/pete/wefwefwef/docs/other/8465328955/repo/v0.1.2/.xml/fwtool/syslinux_fwbuilder.xml",
                        "/home/pete/wefwefwef/docs/other/8465328955/repo/v0.1.2/.xml/fwtool/fwbuilder.xml",
                        "/home/pete/wefwefwef/docs/other/8465328955/repo/v0.1.2/.xml/fwtool/fwtool.xml"]
Generating HTML - uboot_fwbuilder "/home/pete/wefwefwef/docs/other/8465328955/repo/v0.1.2/.xml/fwtool/uboot_fwbuilder.xml"
Generating HTML - mbr "/home/pete/wefwefwef/docs/other/8465328955/repo/v0.1.2/.xml/fwtool/mbr.xml"
Generating HTML - syslinux_fwbuilder "/home/pete/wefwefwef/docs/other/8465328955/repo/v0.1.2/.xml/fwtool/syslinux_fwbuilder.xml"
Generating HTML - fwtool "/home/pete/wefwefwef/docs/other/8465328955/repo/v0.1.2/.xml/fwtool/fwtool.xml"
Reading XML for "/home/pete/wefwefwef/docs/other/8465328955/repo/v0.1.2/.xml/fwtool/uboot_fwbuilder.xml"
Reading XML for "/home/pete/wefwefwef/docs/other/8465328955/repo/v0.1.2/.xml/fwtool/mbr.xml"
Reading XML for "/home/pete/wefwefwef/docs/other/8465328955/repo/v0.1.2/.xml/fwtool/syslinux_fwbuilder.xml"
Reading XML for "/home/pete/wefwefwef/docs/other/8465328955/repo/v0.1.2/.xml/fwtool/fwtool.xml"
Reading XML for "/home/pete/wefwefwef/docs/other/8465328955/repo/v0.1.2/.xml/specs_mbr.xml"
Reading XML for "/home/pete/wefwefwef/docs/other/8465328955/repo/v0.1.2/.xml/specs_uboot_fwbuilder.xml"
Reading XML for "/home/pete/wefwefwef/docs/other/8465328955/repo/v0.1.2/.xml/specs_fwtool.xml"
Reading XML for "/home/pete/wefwefwef/docs/other/8465328955/repo/v0.1.2/.xml/specs_syslinux_fwbuilder.xml"
Generating HTML - fwbuilder "/home/pete/wefwefwef/docs/other/8465328955/repo/v0.1.2/.xml/fwtool/fwbuilder.xml"
Reading XML for "/home/pete/wefwefwef/docs/other/8465328955/repo/v0.1.2/.xml/fwtool/fwbuilder.xml"
Reading XML for "/home/pete/wefwefwef/docs/other/8465328955/repo/v0.1.2/.xml/specs_fwbuilder.xml"
Creating index.html ...
Creating erldocs_index.js ...
Woot, finished in 0 Minutes 0 Seconds
 :: Discovering other repos
$ 5000  `rm -r '/home/pete/wefwefwef/docs/other/8465328955/fwtool-tag-v0.1.2'  2>&1`
 :: Processing https://github.com/nerves-project/fwtool	{rev,tag,"v0.2.0","84f48f9be72c1b3f8921c1ee26dccb7218862777",undefined,[],[]}
 :: Fetching repo code
$ cd "/home/pete/wefwefwef/docs/other/8465328955/fwtool-tag-v0.2.0/fwtool"
$ infinity  `curl --fail --silent --show-error --location --output 'v0.2.0.zip' 'https://github.com/nerves-project/fwtool/archive/v0.2.0.zip'  2>&1`
$ cd "/home/pete/wefwefwef/docs/erldocs_other.git"
$ cd "/home/pete/wefwefwef/docs/other/8465328955/fwtool-tag-v0.2.0/fwtool"
$ 5000  `find -P . -type l -delete  2>&1`
$ cd "/home/pete/wefwefwef/docs/erldocs_other.git"
$ cd "/home/pete/wefwefwef/docs/other/8465328955/fwtool-tag-v0.2.0/fwtool"
$ 5000  `find 'fwtool-0.2.0' -mindepth 1 -maxdepth 1 -exec mv -t . -- {} +  2>&1`
$ cd "/home/pete/wefwefwef/docs/erldocs_other.git"
 :: Getting dependencies
$ cd "/home/pete/wefwefwef/docs/other/8465328955/fwtool-tag-v0.2.0/fwtool"
$ infinity  `rebar --config '/home/pete/wefwefwef/docs/other/8465328955/fwtool-tag-v0.2.0/rebar_deps' get-deps  2>&1`
$ cd "/home/pete/wefwefwef/docs/erldocs_other.git"
$ cd "/home/pete/wefwefwef/docs/other/8465328955/fwtool-tag-v0.2.0/fwtool"
$ 5000  `find -P . -type l -delete  2>&1`
$ cd "/home/pete/wefwefwef/docs/erldocs_other.git"
$ cd "/home/pete/wefwefwef/docs/other/8465328955/fwtool-tag-v0.2.0/fwtool"
$ 5000  `ls -1 deps/  2>&1`
$ cd "/home/pete/wefwefwef/docs/erldocs_other.git"
>>> [rebar] deps = ["getopt","jsx","nerves_utils"]
 :: Generating erldocs into /home/pete/wefwefwef/docs/other/8465328955/repo/v0.2.0
Building fwtool
Generating Type Specs - "/home/pete/wefwefwef/docs/other/8465328955/fwtool-tag-v0.2.0/fwtool/src/fwbuilder.erl"
Generating Type Specs - "/home/pete/wefwefwef/docs/other/8465328955/fwtool-tag-v0.2.0/fwtool/src/fwtool.erl"
Generating Type Specs - "/home/pete/wefwefwef/docs/other/8465328955/fwtool-tag-v0.2.0/fwtool/src/mbr.erl"
Generating Type Specs - "/home/pete/wefwefwef/docs/other/8465328955/fwtool-tag-v0.2.0/fwtool/src/rpi_fwbuilder.erl"
Generating Type Specs - "/home/pete/wefwefwef/docs/other/8465328955/fwtool-tag-v0.2.0/fwtool/src/syslinux_fwbuilder.erl"
Generating Type Specs - "/home/pete/wefwefwef/docs/other/8465328955/fwtool-tag-v0.2.0/fwtool/src/uboot_fwbuilder.erl"
Generating XML for application fwtool "/home/pete/wefwefwef/docs/other/8465328955/fwtool-tag-v0.2.0/fwtool" -> "/home/pete/wefwefwef/docs/other/8465328955/repo/v0.2.0/.xml/fwtool"
Generated fwtool XMLs: ["/home/pete/wefwefwef/docs/other/8465328955/repo/v0.2.0/.xml/fwtool/rpi_fwbuilder.xml",
                        "/home/pete/wefwefwef/docs/other/8465328955/repo/v0.2.0/.xml/fwtool/uboot_fwbuilder.xml",
                        "/home/pete/wefwefwef/docs/other/8465328955/repo/v0.2.0/.xml/fwtool/mbr.xml",
                        "/home/pete/wefwefwef/docs/other/8465328955/repo/v0.2.0/.xml/fwtool/syslinux_fwbuilder.xml",
                        "/home/pete/wefwefwef/docs/other/8465328955/repo/v0.2.0/.xml/fwtool/fwbuilder.xml",
                        "/home/pete/wefwefwef/docs/other/8465328955/repo/v0.2.0/.xml/fwtool/fwtool.xml"]
Generating HTML - rpi_fwbuilder "/home/pete/wefwefwef/docs/other/8465328955/repo/v0.2.0/.xml/fwtool/rpi_fwbuilder.xml"
Generating HTML - uboot_fwbuilder "/home/pete/wefwefwef/docs/other/8465328955/repo/v0.2.0/.xml/fwtool/uboot_fwbuilder.xml"
Generating HTML - mbr "/home/pete/wefwefwef/docs/other/8465328955/repo/v0.2.0/.xml/fwtool/mbr.xml"
Generating HTML - fwtool "/home/pete/wefwefwef/docs/other/8465328955/repo/v0.2.0/.xml/fwtool/fwtool.xml"
Reading XML for "/home/pete/wefwefwef/docs/other/8465328955/repo/v0.2.0/.xml/fwtool/rpi_fwbuilder.xml"
Reading XML for "/home/pete/wefwefwef/docs/other/8465328955/repo/v0.2.0/.xml/fwtool/uboot_fwbuilder.xml"
Reading XML for "/home/pete/wefwefwef/docs/other/8465328955/repo/v0.2.0/.xml/fwtool/mbr.xml"
Reading XML for "/home/pete/wefwefwef/docs/other/8465328955/repo/v0.2.0/.xml/fwtool/fwtool.xml"
Reading XML for "/home/pete/wefwefwef/docs/other/8465328955/repo/v0.2.0/.xml/specs_mbr.xml"
Reading XML for "/home/pete/wefwefwef/docs/other/8465328955/repo/v0.2.0/.xml/specs_uboot_fwbuilder.xml"
Reading XML for "/home/pete/wefwefwef/docs/other/8465328955/repo/v0.2.0/.xml/specs_rpi_fwbuilder.xml"
Reading XML for "/home/pete/wefwefwef/docs/other/8465328955/repo/v0.2.0/.xml/specs_fwtool.xml"
Generating HTML - fwbuilder "/home/pete/wefwefwef/docs/other/8465328955/repo/v0.2.0/.xml/fwtool/fwbuilder.xml"
Reading XML for "/home/pete/wefwefwef/docs/other/8465328955/repo/v0.2.0/.xml/fwtool/fwbuilder.xml"
Reading XML for "/home/pete/wefwefwef/docs/other/8465328955/repo/v0.2.0/.xml/specs_fwbuilder.xml"
Generating HTML - syslinux_fwbuilder "/home/pete/wefwefwef/docs/other/8465328955/repo/v0.2.0/.xml/fwtool/syslinux_fwbuilder.xml"
Reading XML for "/home/pete/wefwefwef/docs/other/8465328955/repo/v0.2.0/.xml/fwtool/syslinux_fwbuilder.xml"
Reading XML for "/home/pete/wefwefwef/docs/other/8465328955/repo/v0.2.0/.xml/specs_syslinux_fwbuilder.xml"
Creating index.html ...
Creating erldocs_index.js ...
Woot, finished in 0 Minutes 0 Seconds
 :: Discovering other repos
$ 5000  `rm -r '/home/pete/wefwefwef/docs/other/8465328955/fwtool-tag-v0.2.0'  2>&1`
 :: Processing https://github.com/nerves-project/fwtool	{rev,tag,"v0.2.1","515ef66e0951e4dd9adeb8f346a2e6f85b1d23af",undefined,[],[]}
 :: Fetching repo code
$ cd "/home/pete/wefwefwef/docs/other/8465328955/fwtool-tag-v0.2.1/fwtool"
$ infinity  `curl --fail --silent --show-error --location --output 'v0.2.1.zip' 'https://github.com/nerves-project/fwtool/archive/v0.2.1.zip'  2>&1`
$ cd "/home/pete/wefwefwef/docs/erldocs_other.git"
$ cd "/home/pete/wefwefwef/docs/other/8465328955/fwtool-tag-v0.2.1/fwtool"
$ 5000  `find -P . -type l -delete  2>&1`
$ cd "/home/pete/wefwefwef/docs/erldocs_other.git"
$ cd "/home/pete/wefwefwef/docs/other/8465328955/fwtool-tag-v0.2.1/fwtool"
$ 5000  `find 'fwtool-0.2.1' -mindepth 1 -maxdepth 1 -exec mv -t . -- {} +  2>&1`
$ cd "/home/pete/wefwefwef/docs/erldocs_other.git"
 :: Getting dependencies
$ cd "/home/pete/wefwefwef/docs/other/8465328955/fwtool-tag-v0.2.1/fwtool"
$ infinity  `rebar --config '/home/pete/wefwefwef/docs/other/8465328955/fwtool-tag-v0.2.1/rebar_deps' get-deps  2>&1`
$ cd "/home/pete/wefwefwef/docs/erldocs_other.git"
$ cd "/home/pete/wefwefwef/docs/other/8465328955/fwtool-tag-v0.2.1/fwtool"
$ 5000  `find -P . -type l -delete  2>&1`
$ cd "/home/pete/wefwefwef/docs/erldocs_other.git"
$ cd "/home/pete/wefwefwef/docs/other/8465328955/fwtool-tag-v0.2.1/fwtool"
$ 5000  `ls -1 deps/  2>&1`
$ cd "/home/pete/wefwefwef/docs/erldocs_other.git"
>>> [rebar] deps = ["getopt","jsx","nerves_utils"]
 :: Generating erldocs into /home/pete/wefwefwef/docs/other/8465328955/repo/v0.2.1
Building fwtool
Generating Type Specs - "/home/pete/wefwefwef/docs/other/8465328955/fwtool-tag-v0.2.1/fwtool/src/fwbuilder.erl"
Generating Type Specs - "/home/pete/wefwefwef/docs/other/8465328955/fwtool-tag-v0.2.1/fwtool/src/fwtool.erl"
Generating Type Specs - "/home/pete/wefwefwef/docs/other/8465328955/fwtool-tag-v0.2.1/fwtool/src/mbr.erl"
Generating Type Specs - "/home/pete/wefwefwef/docs/other/8465328955/fwtool-tag-v0.2.1/fwtool/src/rpi_fwbuilder.erl"
Generating Type Specs - "/home/pete/wefwefwef/docs/other/8465328955/fwtool-tag-v0.2.1/fwtool/src/syslinux_fwbuilder.erl"
Generating Type Specs - "/home/pete/wefwefwef/docs/other/8465328955/fwtool-tag-v0.2.1/fwtool/src/uboot_fwbuilder.erl"
Generating XML for application fwtool "/home/pete/wefwefwef/docs/other/8465328955/fwtool-tag-v0.2.1/fwtool" -> "/home/pete/wefwefwef/docs/other/8465328955/repo/v0.2.1/.xml/fwtool"
Generated fwtool XMLs: ["/home/pete/wefwefwef/docs/other/8465328955/repo/v0.2.1/.xml/fwtool/rpi_fwbuilder.xml",
                        "/home/pete/wefwefwef/docs/other/8465328955/repo/v0.2.1/.xml/fwtool/uboot_fwbuilder.xml",
                        "/home/pete/wefwefwef/docs/other/8465328955/repo/v0.2.1/.xml/fwtool/mbr.xml",
                        "/home/pete/wefwefwef/docs/other/8465328955/repo/v0.2.1/.xml/fwtool/syslinux_fwbuilder.xml",
                        "/home/pete/wefwefwef/docs/other/8465328955/repo/v0.2.1/.xml/fwtool/fwbuilder.xml",
                        "/home/pete/wefwefwef/docs/other/8465328955/repo/v0.2.1/.xml/fwtool/fwtool.xml"]
Generating HTML - rpi_fwbuilder "/home/pete/wefwefwef/docs/other/8465328955/repo/v0.2.1/.xml/fwtool/rpi_fwbuilder.xml"
Generating HTML - uboot_fwbuilder "/home/pete/wefwefwef/docs/other/8465328955/repo/v0.2.1/.xml/fwtool/uboot_fwbuilder.xml"
Generating HTML - mbr "/home/pete/wefwefwef/docs/other/8465328955/repo/v0.2.1/.xml/fwtool/mbr.xml"
Generating HTML - fwtool "/home/pete/wefwefwef/docs/other/8465328955/repo/v0.2.1/.xml/fwtool/fwtool.xml"
Reading XML for "/home/pete/wefwefwef/docs/other/8465328955/repo/v0.2.1/.xml/fwtool/rpi_fwbuilder.xml"
Reading XML for "/home/pete/wefwefwef/docs/other/8465328955/repo/v0.2.1/.xml/fwtool/uboot_fwbuilder.xml"
Reading XML for "/home/pete/wefwefwef/docs/other/8465328955/repo/v0.2.1/.xml/fwtool/mbr.xml"
Reading XML for "/home/pete/wefwefwef/docs/other/8465328955/repo/v0.2.1/.xml/fwtool/fwtool.xml"
Reading XML for "/home/pete/wefwefwef/docs/other/8465328955/repo/v0.2.1/.xml/specs_rpi_fwbuilder.xml"
Reading XML for "/home/pete/wefwefwef/docs/other/8465328955/repo/v0.2.1/.xml/specs_uboot_fwbuilder.xml"
Reading XML for "/home/pete/wefwefwef/docs/other/8465328955/repo/v0.2.1/.xml/specs_fwtool.xml"
Reading XML for "/home/pete/wefwefwef/docs/other/8465328955/repo/v0.2.1/.xml/specs_mbr.xml"
Generating HTML - fwbuilder "/home/pete/wefwefwef/docs/other/8465328955/repo/v0.2.1/.xml/fwtool/fwbuilder.xml"
Reading XML for "/home/pete/wefwefwef/docs/other/8465328955/repo/v0.2.1/.xml/fwtool/fwbuilder.xml"
Reading XML for "/home/pete/wefwefwef/docs/other/8465328955/repo/v0.2.1/.xml/specs_fwbuilder.xml"
Generating HTML - syslinux_fwbuilder "/home/pete/wefwefwef/docs/other/8465328955/repo/v0.2.1/.xml/fwtool/syslinux_fwbuilder.xml"
Reading XML for "/home/pete/wefwefwef/docs/other/8465328955/repo/v0.2.1/.xml/fwtool/syslinux_fwbuilder.xml"
Reading XML for "/home/pete/wefwefwef/docs/other/8465328955/repo/v0.2.1/.xml/specs_syslinux_fwbuilder.xml"
Creating index.html ...
Creating erldocs_index.js ...
Woot, finished in 0 Minutes 0 Seconds
 :: Discovering other repos
$ 5000  `rm -r '/home/pete/wefwefwef/docs/other/8465328955/fwtool-tag-v0.2.1'  2>&1`
 :: Processing https://github.com/nerves-project/fwtool	{rev,branch,"master","df72be6252f72c3beff50625c907a33e9aa5d912",undefined,[],[]}
 :: Fetching repo code
$ cd "/home/pete/wefwefwef/docs/other/8465328955/fwtool-branch-master/fwtool"
$ infinity  `curl --fail --silent --show-error --location --output 'master.zip' 'https://github.com/nerves-project/fwtool/archive/master.zip'  2>&1`
$ cd "/home/pete/wefwefwef/docs/erldocs_other.git"
$ cd "/home/pete/wefwefwef/docs/other/8465328955/fwtool-branch-master/fwtool"
$ 5000  `find -P . -type l -delete  2>&1`
$ cd "/home/pete/wefwefwef/docs/erldocs_other.git"
$ cd "/home/pete/wefwefwef/docs/other/8465328955/fwtool-branch-master/fwtool"
$ 5000  `find 'fwtool-master' -mindepth 1 -maxdepth 1 -exec mv -t . -- {} +  2>&1`
$ cd "/home/pete/wefwefwef/docs/erldocs_other.git"
 :: Getting dependencies
$ cd "/home/pete/wefwefwef/docs/other/8465328955/fwtool-branch-master/fwtool"
$ infinity  `rebar --config '/home/pete/wefwefwef/docs/other/8465328955/fwtool-branch-master/rebar_deps' get-deps  2>&1`
$ cd "/home/pete/wefwefwef/docs/erldocs_other.git"
$ cd "/home/pete/wefwefwef/docs/other/8465328955/fwtool-branch-master/fwtool"
$ 5000  `find -P . -type l -delete  2>&1`
$ cd "/home/pete/wefwefwef/docs/erldocs_other.git"
$ cd "/home/pete/wefwefwef/docs/other/8465328955/fwtool-branch-master/fwtool"
$ 5000  `ls -1 deps/  2>&1`
$ cd "/home/pete/wefwefwef/docs/erldocs_other.git"
>>> [rebar] deps = ["getopt","jsx","nerves_utils"]
 :: Generating erldocs into /home/pete/wefwefwef/docs/other/8465328955/repo/master
Building fwtool
Generating Type Specs - "/home/pete/wefwefwef/docs/other/8465328955/fwtool-branch-master/fwtool/src/fwbuilder.erl"
Generating Type Specs - "/home/pete/wefwefwef/docs/other/8465328955/fwtool-branch-master/fwtool/src/fwtool.erl"
Generating Type Specs - "/home/pete/wefwefwef/docs/other/8465328955/fwtool-branch-master/fwtool/src/mbr.erl"
Generating Type Specs - "/home/pete/wefwefwef/docs/other/8465328955/fwtool-branch-master/fwtool/src/rpi_fwbuilder.erl"
Generating Type Specs - "/home/pete/wefwefwef/docs/other/8465328955/fwtool-branch-master/fwtool/src/syslinux_fwbuilder.erl"
Generating Type Specs - "/home/pete/wefwefwef/docs/other/8465328955/fwtool-branch-master/fwtool/src/uboot_fwbuilder.erl"
Generating XML for application fwtool "/home/pete/wefwefwef/docs/other/8465328955/fwtool-branch-master/fwtool" -> "/home/pete/wefwefwef/docs/other/8465328955/repo/master/.xml/fwtool"
Generated fwtool XMLs: ["/home/pete/wefwefwef/docs/other/8465328955/repo/master/.xml/fwtool/rpi_fwbuilder.xml",
                        "/home/pete/wefwefwef/docs/other/8465328955/repo/master/.xml/fwtool/uboot_fwbuilder.xml",
                        "/home/pete/wefwefwef/docs/other/8465328955/repo/master/.xml/fwtool/mbr.xml",
                        "/home/pete/wefwefwef/docs/other/8465328955/repo/master/.xml/fwtool/syslinux_fwbuilder.xml",
                        "/home/pete/wefwefwef/docs/other/8465328955/repo/master/.xml/fwtool/fwbuilder.xml",
                        "/home/pete/wefwefwef/docs/other/8465328955/repo/master/.xml/fwtool/fwtool.xml"]
Generating HTML - rpi_fwbuilder "/home/pete/wefwefwef/docs/other/8465328955/repo/master/.xml/fwtool/rpi_fwbuilder.xml"
Generating HTML - uboot_fwbuilder "/home/pete/wefwefwef/docs/other/8465328955/repo/master/.xml/fwtool/uboot_fwbuilder.xml"
Generating HTML - mbr "/home/pete/wefwefwef/docs/other/8465328955/repo/master/.xml/fwtool/mbr.xml"
Generating HTML - fwtool "/home/pete/wefwefwef/docs/other/8465328955/repo/master/.xml/fwtool/fwtool.xml"
Reading XML for "/home/pete/wefwefwef/docs/other/8465328955/repo/master/.xml/fwtool/rpi_fwbuilder.xml"
Reading XML for "/home/pete/wefwefwef/docs/other/8465328955/repo/master/.xml/fwtool/uboot_fwbuilder.xml"
Reading XML for "/home/pete/wefwefwef/docs/other/8465328955/repo/master/.xml/fwtool/mbr.xml"
Reading XML for "/home/pete/wefwefwef/docs/other/8465328955/repo/master/.xml/fwtool/fwtool.xml"
Reading XML for "/home/pete/wefwefwef/docs/other/8465328955/repo/master/.xml/specs_rpi_fwbuilder.xml"
Reading XML for "/home/pete/wefwefwef/docs/other/8465328955/repo/master/.xml/specs_mbr.xml"
Reading XML for "/home/pete/wefwefwef/docs/other/8465328955/repo/master/.xml/specs_uboot_fwbuilder.xml"
Reading XML for "/home/pete/wefwefwef/docs/other/8465328955/repo/master/.xml/specs_fwtool.xml"
Generating HTML - fwbuilder "/home/pete/wefwefwef/docs/other/8465328955/repo/master/.xml/fwtool/fwbuilder.xml"
Reading XML for "/home/pete/wefwefwef/docs/other/8465328955/repo/master/.xml/fwtool/fwbuilder.xml"
Reading XML for "/home/pete/wefwefwef/docs/other/8465328955/repo/master/.xml/specs_fwbuilder.xml"
Generating HTML - syslinux_fwbuilder "/home/pete/wefwefwef/docs/other/8465328955/repo/master/.xml/fwtool/syslinux_fwbuilder.xml"
Reading XML for "/home/pete/wefwefwef/docs/other/8465328955/repo/master/.xml/fwtool/syslinux_fwbuilder.xml"
Reading XML for "/home/pete/wefwefwef/docs/other/8465328955/repo/master/.xml/specs_syslinux_fwbuilder.xml"
Creating index.html ...
Creating erldocs_index.js ...
Woot, finished in 0 Minutes 0 Seconds
 :: Discovering other repos
$ 5000  `rm -r '/home/pete/wefwefwef/docs/other/8465328955/fwtool-branch-master'  2>&1`
 :: Finishing up
$ 5000  `rm -r '/home/pete/wefwefwef/docs/other/8465328955/fwtool'  2>&1`
