 :: Extracting meta information
$ 5000  `git ls-remote --heads --tags 'https://github.com/feuerlabs/inpevt'  2>&1`
>>> [repo] 1 branches, 0 tags
 :: Writing meta to "/home/pete/wefwefwef/docs/other/1190582446/meta.txt"
 :: Processing https://github.com/feuerlabs/inpevt	{rev,branch,"master","02b1e2667ad6390169ed89ed98e96d4811c44a06",undefined,[],[]}
 :: Fetching repo code
$ cd "/home/pete/wefwefwef/docs/other/1190582446/inpevt-branch-master/inpevt"
$ infinity  `curl --fail --silent --show-error --location --output 'master.zip' 'https://github.com/feuerlabs/inpevt/archive/master.zip'  2>&1`
$ cd "/home/pete/wefwefwef/docs/erldocs_other.git"
$ cd "/home/pete/wefwefwef/docs/other/1190582446/inpevt-branch-master/inpevt"
$ 5000  `find -P . -type l -delete  2>&1`
$ cd "/home/pete/wefwefwef/docs/erldocs_other.git"
$ cd "/home/pete/wefwefwef/docs/other/1190582446/inpevt-branch-master/inpevt"
$ 5000  `find 'inpevt-master' -mindepth 1 -maxdepth 1 -exec mv -t . -- {} +  2>&1`
$ cd "/home/pete/wefwefwef/docs/erldocs_other.git"
 :: Getting dependencies
$ cd "/home/pete/wefwefwef/docs/other/1190582446/inpevt-branch-master/inpevt"
$ 5000  `ls -1 deps/  2>&1`
$ cd "/home/pete/wefwefwef/docs/erldocs_other.git"
>>> [rebar] deps = []
 :: Generating erldocs into /home/pete/wefwefwef/docs/other/1190582446/repo/master
Building inpevt
Generating Type Specs - "/home/pete/wefwefwef/docs/other/1190582446/inpevt-branch-master/inpevt/src/inpevt.erl"
EDoc could not process file '/home/pete/wefwefwef/docs/other/1190582446/inpevt-branch-master/inpevt/src/inpevt.erl'
Error generating type specs for "/home/pete/wefwefwef/docs/other/1190582446/inpevt-branch-master/inpevt/src/inpevt.erl"
Generating Type Specs - "/home/pete/wefwefwef/docs/other/1190582446/inpevt-branch-master/inpevt/src/inpevt_app.erl"
EDoc could not process file '/home/pete/wefwefwef/docs/other/1190582446/inpevt-branch-master/inpevt/src/inpevt_app.erl'
Error generating type specs for "/home/pete/wefwefwef/docs/other/1190582446/inpevt-branch-master/inpevt/src/inpevt_app.erl"
Generating Type Specs - "/home/pete/wefwefwef/docs/other/1190582446/inpevt-branch-master/inpevt/src/inpevt_server.erl"
/home/pete/wefwefwef/docs/other/1190582446/inpevt-branch-master/inpevt/src/inpevt_server.erl, function start_link/0: at line 87: @spec arity does not match.
EDoc could not process file '/home/pete/wefwefwef/docs/other/1190582446/inpevt-branch-master/inpevt/src/inpevt_server.erl'
Error generating type specs for "/home/pete/wefwefwef/docs/other/1190582446/inpevt-branch-master/inpevt/src/inpevt_server.erl"
Generating Type Specs - "/home/pete/wefwefwef/docs/other/1190582446/inpevt-branch-master/inpevt/src/inpevt_sup.erl"
EDoc could not process file '/home/pete/wefwefwef/docs/other/1190582446/inpevt-branch-master/inpevt/src/inpevt_sup.erl'
Error generating type specs for "/home/pete/wefwefwef/docs/other/1190582446/inpevt-branch-master/inpevt/src/inpevt_sup.erl"
Generating XML for application inpevt "/home/pete/wefwefwef/docs/other/1190582446/inpevt-branch-master/inpevt" -> "/home/pete/wefwefwef/docs/other/1190582446/repo/master/.xml/inpevt"
edoc: skipping source file '/home/pete/wefwefwef/docs/other/1190582446/inpevt-branch-master/inpevt/src/inpevt.erl': {'EXIT',
                                                                                                               {system_limit,
                                                                                                                [{ets,
                                                                                                                  new,
                                                                                                                  [etypes,
                                                                                                                   [ordered_set]],
                                                                                                                  []},
                                                                                                                 {edoc_specs,
                                                                                                                  add_data,
                                                                                                                  4,
                                                                                                                  [{file,
                                                                                                                    "edoc_specs.erl"},
                                                                                                                   {line,
                                                                                                                    109}]},
                                                                                                                 {edoc_extract,
                                                                                                                  source1,
                                                                                                                  5,
                                                                                                                  [{file,
                                                                                                                    [...]},
                                                                                                                   {line,...}]},
                                                                                                                 {edoc_doclet,
                                                                                                                  source,
                                                                                                                  9,
                                                                                                                  [{file,...},
                                                                                                                   {...}]},
                                                                                                                 {lists,
                                                                                                                  foldl,
                                                                                                                  3,
                                                                                                                  [{...}|...]},
                                                                                                                 {edoc_doclet,
                                                                                                                  sources,
                                                                                                                  5,
                                                                                                                  [...]},
                                                                                                                 {edoc_doclet,
                                                                                                                  gen,
                                                                                                                  6,...},
                                                                                                                 {edoc_lib,
                                                                                                                  run_plugin,...}]}}.
/home/pete/wefwefwef/docs/other/1190582446/inpevt-branch-master/inpevt/src/inpevt_server.erl, in module header: at line 11: error in XML parser: {system_limit,[{ets,new,[rules,[set|...]],[]},
                                    {xmerl_scan,initial_state,2,[{...}|...]},
                                    {xmerl_scan,int_string,4,[...]},
                                    {xmerl_scan,string,2,...},
                                    {edoc_wiki,parse_xml_1,...},
                                    {edoc_wiki,...},
                                    {...}|...]}.
edoc: skipping source file '/home/pete/wefwefwef/docs/other/1190582446/inpevt-branch-master/inpevt/src/inpevt_server.erl': {'EXIT',
                                                                                                                      error}.
edoc: skipping source file '/home/pete/wefwefwef/docs/other/1190582446/inpevt-branch-master/inpevt/src/inpevt_sup.erl': {'EXIT',
                                                                                                                   {system_limit,
                                                                                                                    [{ets,
                                                                                                                      new,
                                                                                                                      [etypes,
                                                                                                                       [ordered_set]],
                                                                                                                      []},
                                                                                                                     {edoc_specs,
                                                                                                                      add_data,
                                                                                                                      4,
                                                                                                                      [{file,
                                                                                                                        "edoc_specs.erl"},
                                                                                                                       {line,
                                                                                                                        109}]},
                                                                                                                     {edoc_extract,
                                                                                                                      source1,
                                                                                                                      5,
                                                                                                                      [{file,
                                                                                                                        [...]},
                                                                                                                       {line,...}]},
                                                                                                                     {edoc_doclet,
                                                                                                                      source,
                                                                                                                      9,
                                                                                                                      [{file,...},
                                                                                                                       {...}]},
                                                                                                                     {lists,
                                                                                                                      foldl,
                                                                                                                      3,
                                                                                                                      [{...}|...]},
                                                                                                                     {edoc_doclet,
                                                                                                                      sources,
                                                                                                                      5,
                                                                                                                      [...]},
                                                                                                                     {edoc_doclet,
                                                                                                                      gen,
                                                                                                                      6,...},
                                                                                                                     {edoc_lib,
                                                                                                                      run_plugin,...}]}}.
edoc: skipping source file '/home/pete/wefwefwef/docs/other/1190582446/inpevt-branch-master/inpevt/src/inpevt_app.erl': {'EXIT',
                                                                                                                   {system_limit,
                                                                                                                    [{ets,
                                                                                                                      new,
                                                                                                                      [etypes,
                                                                                                                       [ordered_set]],
                                                                                                                      []},
                                                                                                                     {edoc_specs,
                                                                                                                      add_data,
                                                                                                                      4,
                                                                                                                      [{file,
                                                                                                                        "edoc_specs.erl"},
                                                                                                                       {line,
                                                                                                                        109}]},
                                                                                                                     {edoc_extract,
                                                                                                                      source1,
                                                                                                                      5,
                                                                                                                      [{file,
                                                                                                                        [...]},
                                                                                                                       {line,...}]},
                                                                                                                     {edoc_doclet,
                                                                                                                      source,
                                                                                                                      9,
                                                                                                                      [{file,...},
                                                                                                                       {...}]},
                                                                                                                     {lists,
                                                                                                                      foldl,
                                                                                                                      3,
                                                                                                                      [{...}|...]},
                                                                                                                     {edoc_doclet,
                                                                                                                      sources,
                                                                                                                      5,
                                                                                                                      [...]},
                                                                                                                     {edoc_doclet,
                                                                                                                      gen,
                                                                                                                      6,...},
                                                                                                                     {edoc_lib,
                                                                                                                      run_plugin,...}]}}.
edoc: error in doclet 'edoc_doclet': {'EXIT',error}.
Error generating inpevt XMLs. Using fallback ...
Generating XML inpevt - inpevt "/home/pete/wefwefwef/docs/other/1190582446/inpevt-branch-master/inpevt/src/inpevt.erl" -> "/home/pete/wefwefwef/docs/other/1190582446/repo/master/.xml/inpevt/inpevt.xml"
Error generating XML ("/home/pete/wefwefwef/docs/other/1190582446/inpevt-branch-master/inpevt/src/inpevt.erl"): {'EXIT',
                                                                                                                 {system_limit,
                                                                                                                  [{ets,
                                                                                                                    new,
                                                                                                                    [etypes,
                                                                                                                     [ordered_set]],
                                                                                                                    []},
                                                                                                                   {edoc_specs,
                                                                                                                    add_data,
                                                                                                                    4,
                                                                                                                    [{file,
                                                                                                                      "edoc_specs.erl"},
                                                                                                                     {line,
                                                                                                                      109}]},
                                                                                                                   {edoc_extract,
                                                                                                                    source1,
                                                                                                                    5,
                                                                                                                    [{file,
                                                                                                                      "edoc_extract.erl"},
                                                                                                                     {line,
                                                                                                                      130}]},
                                                                                                                   {edoc,
                                                                                                                    read,
                                                                                                                    2,
                                                                                                                    [{file,
                                                                                                                      "edoc.erl"},
                                                                                                                     {line,
                                                                                                                      538}]},
                                                                                                                   {edoc,
                                                                                                                    file,
                                                                                                                    2,
                                                                                                                    [{file,
                                                                                                                      "edoc.erl"},
                                                                                                                     {line,
                                                                                                                      116}]},
                                                                                                                   {erldocs_core,
                                                                                                                    '-gen_docsrc/4-fun-1-',
                                                                                                                    5,
                                                                                                                    [{file,
                                                                                                                      "src/erldocs_core.erl"},
                                                                                                                     {line,
                                                                                                                      204}]},
                                                                                                                   {lists,
                                                                                                                    foldl,
                                                                                                                    3,
                                                                                                                    [{file,
                                                                                                                      "lists.erl"},
                                                                                                                     {line,
                                                                                                                      1261}]},
                                                                                                                   {erldocs_core,
                                                                                                                    tmp_cd,
                                                                                                                    2,
                                                                                                                    [{file,
                                                                                                                      "src/erldocs_core.erl"},
                                                                                                                     {line,
                                                                                                                      227}]}]}}
Generating XML inpevt - inpevt_app "/home/pete/wefwefwef/docs/other/1190582446/inpevt-branch-master/inpevt/src/inpevt_app.erl" -> "/home/pete/wefwefwef/docs/other/1190582446/repo/master/.xml/inpevt/inpevt_app.xml"
Error generating XML ("/home/pete/wefwefwef/docs/other/1190582446/inpevt-branch-master/inpevt/src/inpevt_app.erl"): {'EXIT',
                                                                                                                     {system_limit,
                                                                                                                      [{ets,
                                                                                                                        new,
                                                                                                                        [etypes,
                                                                                                                         [ordered_set]],
                                                                                                                        []},
                                                                                                                       {edoc_specs,
                                                                                                                        add_data,
                                                                                                                        4,
                                                                                                                        [{file,
                                                                                                                          "edoc_specs.erl"},
                                                                                                                         {line,
                                                                                                                          109}]},
                                                                                                                       {edoc_extract,
                                                                                                                        source1,
                                                                                                                        5,
                                                                                                                        [{file,
                                                                                                                          "edoc_extract.erl"},
                                                                                                                         {line,
                                                                                                                          130}]},
                                                                                                                       {edoc,
                                                                                                                        read,
                                                                                                                        2,
                                                                                                                        [{file,
                                                                                                                          "edoc.erl"},
                                                                                                                         {line,
                                                                                                                          538}]},
                                                                                                                       {edoc,
                                                                                                                        file,
                                                                                                                        2,
                                                                                                                        [{file,
                                                                                                                          "edoc.erl"},
                                                                                                                         {line,
                                                                                                                          116}]},
                                                                                                                       {erldocs_core,
                                                                                                                        '-gen_docsrc/4-fun-1-',
                                                                                                                        5,
                                                                                                                        [{file,
                                                                                                                          "src/erldocs_core.erl"},
                                                                                                                         {line,
                                                                                                                          204}]},
                                                                                                                       {lists,
                                                                                                                        foldl,
                                                                                                                        3,
                                                                                                                        [{file,
                                                                                                                          "lists.erl"},
                                                                                                                         {line,
                                                                                                                          1261}]},
                                                                                                                       {erldocs_core,
                                                                                                                        tmp_cd,
                                                                                                                        2,
                                                                                                                        [{file,
                                                                                                                          "src/erldocs_core.erl"},
                                                                                                                         {line,
                                                                                                                          227}]}]}}
Generating XML inpevt - inpevt_server "/home/pete/wefwefwef/docs/other/1190582446/inpevt-branch-master/inpevt/src/inpevt_server.erl" -> "/home/pete/wefwefwef/docs/other/1190582446/repo/master/.xml/inpevt/inpevt_server.xml"
/home/pete/wefwefwef/docs/other/1190582446/inpevt-branch-master/inpevt/src/inpevt_server.erl, in module header: at line 11: error in XML parser: {system_limit,[{ets,new,[rules,[set|...]],[]},
                                    {xmerl_scan,initial_state,2,[{...}|...]},
                                    {xmerl_scan,int_string,4,[...]},
                                    {xmerl_scan,string,2,...},
                                    {edoc_wiki,parse_xml_1,...},
                                    {edoc_wiki,...},
                                    {...}|...]}.
Error generating XML ("/home/pete/wefwefwef/docs/other/1190582446/inpevt-branch-master/inpevt/src/inpevt_server.erl"): {'EXIT',
                                                                                                                        error}
Generating XML inpevt - inpevt_sup "/home/pete/wefwefwef/docs/other/1190582446/inpevt-branch-master/inpevt/src/inpevt_sup.erl" -> "/home/pete/wefwefwef/docs/other/1190582446/repo/master/.xml/inpevt/inpevt_sup.xml"
Error generating XML ("/home/pete/wefwefwef/docs/other/1190582446/inpevt-branch-master/inpevt/src/inpevt_sup.erl"): {'EXIT',
                                                                                                                     {system_limit,
                                                                                                                      [{ets,
                                                                                                                        new,
                                                                                                                        [etypes,
                                                                                                                         [ordered_set]],
                                                                                                                        []},
                                                                                                                       {edoc_specs,
                                                                                                                        add_data,
                                                                                                                        4,
                                                                                                                        [{file,
                                                                                                                          "edoc_specs.erl"},
                                                                                                                         {line,
                                                                                                                          109}]},
                                                                                                                       {edoc_extract,
                                                                                                                        source1,
                                                                                                                        5,
                                                                                                                        [{file,
                                                                                                                          "edoc_extract.erl"},
                                                                                                                         {line,
                                                                                                                          130}]},
                                                                                                                       {edoc,
                                                                                                                        read,
                                                                                                                        2,
                                                                                                                        [{file,
                                                                                                                          "edoc.erl"},
                                                                                                                         {line,
                                                                                                                          538}]},
                                                                                                                       {edoc,
                                                                                                                        file,
                                                                                                                        2,
                                                                                                                        [{file,
                                                                                                                          "edoc.erl"},
                                                                                                                         {line,
                                                                                                                          116}]},
                                                                                                                       {erldocs_core,
                                                                                                                        '-gen_docsrc/4-fun-1-',
                                                                                                                        5,
                                                                                                                        [{file,
                                                                                                                          "src/erldocs_core.erl"},
                                                                                                                         {line,
                                                                                                                          204}]},
                                                                                                                       {lists,
                                                                                                                        foldl,
                                                                                                                        3,
                                                                                                                        [{file,
                                                                                                                          "lists.erl"},
                                                                                                                         {line,
                                                                                                                          1261}]},
                                                                                                                       {erldocs_core,
                                                                                                                        tmp_cd,
                                                                                                                        2,
                                                                                                                        [{file,
                                                                                                                          "src/erldocs_core.erl"},
                                                                                                                         {line,
                                                                                                                          227}]}]}}
No documentation was generated!
Woot, finished in 0 Minutes 0 Seconds
 :: Discovering other repos
$ 5000  `rm -r '/home/pete/wefwefwef/docs/other/1190582446/inpevt-branch-master'  2>&1`
 :: Finishing up
$ 5000  `rm -r '/home/pete/wefwefwef/docs/other/1190582446/inpevt'  2>&1`
$ 5000  `rm -r '/home/pete/wefwefwef/docs/other/1190582446/repo/master'  2>&1`
