 :: Extracting meta information
$ cd '.'
$ infinity  `git ls-remote --heads --tags https://github.com/processone/xml`
>>> [repo] 3 branches, 1 tags
 :: Writing meta to "/home/pete/wefwefwef/docs/other/1f04788943305707ef74de58e00eab4afe2fc02c/meta.txt"
 :: Skipping tag "1.1.0"
 :: Skipping branch "eqc_encode_decode"
 :: Skipping branch "xml-tools"
 :: Processing https://github.com/processone/xml	{rev,branch,"master","28540019955130403390a9ffc8d2466751f50b39",undefined,[],[]}
 :: Fetching repo code
$ cd '/home/pete/wefwefwef/docs/other/1f04788943305707ef74de58e00eab4afe2fc02c/xml-branch-master'
$ infinity  `curl --fail --silent --show-error --location --output repo.tar.gz https://codeload.github.com/processone/xml/tar.gz/master`
$ cd '/home/pete/wefwefwef/docs/other/1f04788943305707ef74de58e00eab4afe2fc02c/xml-branch-master/xml-master'
$ 5000  `find -P . -type l -delete`
$ cd '.'
$ 5000  `mv /home/pete/wefwefwef/docs/other/1f04788943305707ef74de58e00eab4afe2fc02c/xml-branch-master/xml-master /home/pete/wefwefwef/docs/other/1f04788943305707ef74de58e00eab4afe2fc02c/xml-branch-master/xml`
 :: Getting dependencies
 :: Error running eo_core:
	[{eo_core,sh,
                  ["/home/pete/wefwefwef/docs/other/1f04788943305707ef74de58e00eab4afe2fc02c/xml-branch-master/xml",
                   ["rebar","--config",
                    "/home/pete/wefwefwef/docs/other/1f04788943305707ef74de58e00eab4afe2fc02c/xml-branch-master/rebar_deps",
                    "get-deps"],
                   infinity],
                  []},
         {eo_util,get_deps,2,[{file,"src/eo_util.erl"},{line,123}]},
         {eo_util,rebar_get_deps,1,[{file,"src/eo_util.erl"},{line,88}]},
         {eo_core,get_deps,1,[{file,"src/eo_core.erl"},{line,339}]},
         {eo_core,do,7,[{file,"src/eo_core.erl"},{line,110}]},
         {eo_core,'-main_/1-lc$^0/1-0-',8,
                  [{file,"src/eo_core.erl"},{line,85}]},
         {eo_core,main_,1,[{file,"src/eo_core.erl"},{line,85}]},
         {eo_core,main,1,[{file,"src/eo_core.erl"},{line,56}]}]
{error,undef}
 :: Finishing up
$ cd '.'
$ 5000  `rm -r /home/pete/wefwefwef/docs/other/1f04788943305707ef74de58e00eab4afe2fc02c/xml`
