 :: Extracting meta information
$ 5000  `git ls-remote --heads --tags 'https://github.com/cofyc/erlang-ircd'  2>&1`
>>> [repo] 1 branches, 0 tags
 :: Writing meta to "/home/pete/wefwefwef/docs/other/584245681/meta.txt"
 :: Processing https://github.com/cofyc/erlang-ircd	{rev,branch,"master","317d4d18cc58e1e795f34e231d8f5f2a51e65b15"}
 :: Fetching repo code
$ cd "/home/pete/wefwefwef/docs/other/584245681/erlang-ircd-branch-master/erlang-ircd"
$ infinity  `curl --fail --silent --show-error --location --output 'master.zip' 'https://github.com/cofyc/erlang-ircd/archive/master.zip'  2>&1`
$ cd "/home/pete/wefwefwef/docs/erldocs_other.git"
$ cd "/home/pete/wefwefwef/docs/other/584245681/erlang-ircd-branch-master/erlang-ircd"
$ 5000  `find -P . -type l -delete  2>&1`
$ cd "/home/pete/wefwefwef/docs/erldocs_other.git"
$ cd "/home/pete/wefwefwef/docs/other/584245681/erlang-ircd-branch-master/erlang-ircd"
$ 5000  `find 'erlang-ircd-master' -mindepth 1 -maxdepth 1 -exec mv -t . -- {} +  2>&1`
$ cd "/home/pete/wefwefwef/docs/erldocs_other.git"
 :: Getting dependencies
$ cd "/home/pete/wefwefwef/docs/other/584245681/erlang-ircd-branch-master/erlang-ircd"
$ 5000  `ls -1 deps/  2>&1`
$ cd "/home/pete/wefwefwef/docs/erldocs_other.git"
>>> [rebar] deps = []
 :: Generating erldocs into /home/pete/wefwefwef/docs/other/584245681/repo/master
Building erlang-ircd
Generating Type Specs - "/home/pete/wefwefwef/docs/other/584245681/erlang-ircd-branch-master/erlang-ircd/run.erl"
Generating Type Specs - "/home/pete/wefwefwef/docs/other/584245681/erlang-ircd-branch-master/erlang-ircd/src/ircd_agent.erl"
Generating Type Specs - "/home/pete/wefwefwef/docs/other/584245681/erlang-ircd-branch-master/erlang-ircd/src/ircd_app.erl"
Generating Type Specs - "/home/pete/wefwefwef/docs/other/584245681/erlang-ircd-branch-master/erlang-ircd/src/ircd_channel.erl"
Generating Type Specs - "/home/pete/wefwefwef/docs/other/584245681/erlang-ircd-branch-master/erlang-ircd/src/ircd_protocol.erl"
Generating Type Specs - "/home/pete/wefwefwef/docs/other/584245681/erlang-ircd-branch-master/erlang-ircd/src/ircd_sockserv.erl"
Generating Type Specs - "/home/pete/wefwefwef/docs/other/584245681/erlang-ircd-branch-master/erlang-ircd/src/ircd_sup.erl"
Generating Type Specs - "/home/pete/wefwefwef/docs/other/584245681/erlang-ircd-branch-master/erlang-ircd/src/ircd_system.erl"
Generating XML for application erlang-ircd "/home/pete/wefwefwef/docs/other/584245681/erlang-ircd-branch-master/erlang-ircd" -> "/home/pete/wefwefwef/docs/other/584245681/repo/master/.xml/erlang-ircd"
Generated erlang-ircd XMLs: ["/home/pete/wefwefwef/docs/other/584245681/repo/master/.xml/erlang-ircd/ircd_sockserv.xml",
                             "/home/pete/wefwefwef/docs/other/584245681/repo/master/.xml/erlang-ircd/ircd_sup.xml",
                             "/home/pete/wefwefwef/docs/other/584245681/repo/master/.xml/erlang-ircd/ircd_system.xml",
                             "/home/pete/wefwefwef/docs/other/584245681/repo/master/.xml/erlang-ircd/ircd_agent.xml",
                             "/home/pete/wefwefwef/docs/other/584245681/repo/master/.xml/erlang-ircd/ircd_protocol.xml",
                             "/home/pete/wefwefwef/docs/other/584245681/repo/master/.xml/erlang-ircd/ircd_app.xml",
                             "/home/pete/wefwefwef/docs/other/584245681/repo/master/.xml/erlang-ircd/ircd_channel.xml"]
Generating HTML - ircd_sockserv "/home/pete/wefwefwef/docs/other/584245681/repo/master/.xml/erlang-ircd/ircd_sockserv.xml"
Generating HTML - ircd_sup "/home/pete/wefwefwef/docs/other/584245681/repo/master/.xml/erlang-ircd/ircd_sup.xml"
Generating HTML - ircd_system "/home/pete/wefwefwef/docs/other/584245681/repo/master/.xml/erlang-ircd/ircd_system.xml"
Generating HTML - ircd_channel "/home/pete/wefwefwef/docs/other/584245681/repo/master/.xml/erlang-ircd/ircd_channel.xml"
Reading XML for "/home/pete/wefwefwef/docs/other/584245681/repo/master/.xml/erlang-ircd/ircd_sockserv.xml"
Reading XML for "/home/pete/wefwefwef/docs/other/584245681/repo/master/.xml/erlang-ircd/ircd_sup.xml"
Reading XML for "/home/pete/wefwefwef/docs/other/584245681/repo/master/.xml/erlang-ircd/ircd_system.xml"
Reading XML for "/home/pete/wefwefwef/docs/other/584245681/repo/master/.xml/erlang-ircd/ircd_channel.xml"
Reading XML for "/home/pete/wefwefwef/docs/other/584245681/repo/master/.xml/specs_ircd_sockserv.xml"
Reading XML for "/home/pete/wefwefwef/docs/other/584245681/repo/master/.xml/specs_ircd_system.xml"
Reading XML for "/home/pete/wefwefwef/docs/other/584245681/repo/master/.xml/specs_ircd_sup.xml"
Reading XML for "/home/pete/wefwefwef/docs/other/584245681/repo/master/.xml/specs_ircd_channel.xml"
Generating HTML - ircd_app "/home/pete/wefwefwef/docs/other/584245681/repo/master/.xml/erlang-ircd/ircd_app.xml"
Reading XML for "/home/pete/wefwefwef/docs/other/584245681/repo/master/.xml/erlang-ircd/ircd_app.xml"
Reading XML for "/home/pete/wefwefwef/docs/other/584245681/repo/master/.xml/specs_ircd_app.xml"
Generating HTML - ircd_protocol "/home/pete/wefwefwef/docs/other/584245681/repo/master/.xml/erlang-ircd/ircd_protocol.xml"
Reading XML for "/home/pete/wefwefwef/docs/other/584245681/repo/master/.xml/erlang-ircd/ircd_protocol.xml"
Reading XML for "/home/pete/wefwefwef/docs/other/584245681/repo/master/.xml/specs_ircd_protocol.xml"
Generating HTML - ircd_agent "/home/pete/wefwefwef/docs/other/584245681/repo/master/.xml/erlang-ircd/ircd_agent.xml"
Reading XML for "/home/pete/wefwefwef/docs/other/584245681/repo/master/.xml/erlang-ircd/ircd_agent.xml"
Reading XML for "/home/pete/wefwefwef/docs/other/584245681/repo/master/.xml/specs_ircd_agent.xml"
Creating index.html ...
Creating erldocs_index.js ...
Woot, finished in 0 Minutes 0 Seconds
 :: Discovering other repos
$ 5000  `rm -r '/home/pete/wefwefwef/docs/other/584245681/erlang-ircd-branch-master'  2>&1`
 :: Erldocs finishing up
$ 5000  `rm -r '/home/pete/wefwefwef/docs/other/584245681/erlang-ircd'  2>&1`
