 :: Extracting meta information
$ 5000  `git ls-remote --heads --tags 'https://github.com/sivieri/erl_coap'  2>&1`
>>> [repo] 1 branches, 0 tags
 :: Writing meta to "/home/pete/wefwefwef/docs/other/7372827060/meta.txt"
 :: Processing https://github.com/sivieri/erl_coap	{rev,branch,"master","007dc8a98c2ba971152696d971e31caace3ff9aa",undefined,[],[]}
 :: Fetching repo code
$ cd "/home/pete/wefwefwef/docs/other/7372827060/erl_coap-branch-master/erl_coap"
$ infinity  `curl --fail --silent --show-error --location --output 'master.zip' 'https://github.com/sivieri/erl_coap/archive/master.zip'  2>&1`
$ cd "/home/pete/wefwefwef/docs/erldocs_other.git"
$ cd "/home/pete/wefwefwef/docs/other/7372827060/erl_coap-branch-master/erl_coap"
$ 5000  `find -P . -type l -delete  2>&1`
$ cd "/home/pete/wefwefwef/docs/erldocs_other.git"
$ cd "/home/pete/wefwefwef/docs/other/7372827060/erl_coap-branch-master/erl_coap"
$ 5000  `find 'erl_coap-master' -mindepth 1 -maxdepth 1 -exec mv -t . -- {} +  2>&1`
$ cd "/home/pete/wefwefwef/docs/erldocs_other.git"
 :: Getting dependencies
$ cd "/home/pete/wefwefwef/docs/other/7372827060/erl_coap-branch-master/erl_coap"
$ 5000  `ls -1 deps/  2>&1`
$ cd "/home/pete/wefwefwef/docs/erldocs_other.git"
>>> [rebar] deps = []
 :: Generating erldocs into /home/pete/wefwefwef/docs/other/7372827060/repo/master
Building erl_coap
Generating Type Specs - "/home/pete/wefwefwef/docs/other/7372827060/erl_coap-branch-master/erl_coap/src/coap_client.erl"
Generating Type Specs - "/home/pete/wefwefwef/docs/other/7372827060/erl_coap-branch-master/erl_coap/src/pdu.erl"
Generating XML for application erl_coap "/home/pete/wefwefwef/docs/other/7372827060/erl_coap-branch-master/erl_coap" -> "/home/pete/wefwefwef/docs/other/7372827060/repo/master/.xml/erl_coap"
Generated erl_coap XMLs: ["/home/pete/wefwefwef/docs/other/7372827060/repo/master/.xml/erl_coap/pdu.xml",
                          "/home/pete/wefwefwef/docs/other/7372827060/repo/master/.xml/erl_coap/coap_client.xml"]
Generating HTML - coap_client "/home/pete/wefwefwef/docs/other/7372827060/repo/master/.xml/erl_coap/coap_client.xml"
Reading XML for "/home/pete/wefwefwef/docs/other/7372827060/repo/master/.xml/erl_coap/coap_client.xml"
Reading XML for "/home/pete/wefwefwef/docs/other/7372827060/repo/master/.xml/specs_coap_client.xml"
Generating HTML - pdu "/home/pete/wefwefwef/docs/other/7372827060/repo/master/.xml/erl_coap/pdu.xml"
Reading XML for "/home/pete/wefwefwef/docs/other/7372827060/repo/master/.xml/erl_coap/pdu.xml"
Reading XML for "/home/pete/wefwefwef/docs/other/7372827060/repo/master/.xml/specs_pdu.xml"
Creating index.html ...
Creating erldocs_index.js ...
Woot, finished in 0 Minutes 0 Seconds
 :: Discovering other repos
$ 5000  `rm -r '/home/pete/wefwefwef/docs/other/7372827060/erl_coap-branch-master'  2>&1`
 :: Finishing up
$ 5000  `rm -r '/home/pete/wefwefwef/docs/other/7372827060/erl_coap'  2>&1`
