 :: Extracting meta information
$ 5000  `git ls-remote --heads --tags 'https://github.com/hirotnk/erl-thrift-proxy'  2>&1`
>>> [repo] 1 branches, 0 tags
 :: Writing meta to "/home/pete/wefwefwef/docs/other/1764738208/meta.txt"
 :: Processing https://github.com/hirotnk/erl-thrift-proxy	{rev,branch,"master","4136ff2c5447b58c6839ccd433a3814386517c7e",undefined,[],[]}
 :: Fetching repo code
$ cd "/home/pete/wefwefwef/docs/other/1764738208/erl-thrift-proxy-branch-master/erl-thrift-proxy"
$ infinity  `curl --fail --silent --show-error --location --output 'master.zip' 'https://github.com/hirotnk/erl-thrift-proxy/archive/master.zip'  2>&1`
$ cd "/home/pete/wefwefwef/docs/erldocs_other.git"
$ cd "/home/pete/wefwefwef/docs/other/1764738208/erl-thrift-proxy-branch-master/erl-thrift-proxy"
$ 5000  `find -P . -type l -delete  2>&1`
$ cd "/home/pete/wefwefwef/docs/erldocs_other.git"
$ cd "/home/pete/wefwefwef/docs/other/1764738208/erl-thrift-proxy-branch-master/erl-thrift-proxy"
$ 5000  `find 'erl-thrift-proxy-master' -mindepth 1 -maxdepth 1 -exec mv -t . -- {} +  2>&1`
$ cd "/home/pete/wefwefwef/docs/erldocs_other.git"
 :: Getting dependencies
$ cd "/home/pete/wefwefwef/docs/other/1764738208/erl-thrift-proxy-branch-master/erl-thrift-proxy"
$ 5000  `ls -1 deps/  2>&1`
$ cd "/home/pete/wefwefwef/docs/erldocs_other.git"
>>> [rebar] deps = []
 :: Generating erldocs into /home/pete/wefwefwef/docs/other/1764738208/repo/master
Building erl-thrift-proxy
Generating Type Specs - "/home/pete/wefwefwef/docs/other/1764738208/erl-thrift-proxy-branch-master/erl-thrift-proxy/src/erl_thrift_proxy.erl"
EDoc could not process file '/home/pete/wefwefwef/docs/other/1764738208/erl-thrift-proxy-branch-master/erl-thrift-proxy/src/erl_thrift_proxy.erl'
Error generating type specs for "/home/pete/wefwefwef/docs/other/1764738208/erl-thrift-proxy-branch-master/erl-thrift-proxy/src/erl_thrift_proxy.erl"
Generating XML for application erl-thrift-proxy "/home/pete/wefwefwef/docs/other/1764738208/erl-thrift-proxy-branch-master/erl-thrift-proxy" -> "/home/pete/wefwefwef/docs/other/1764738208/repo/master/.xml/erl-thrift-proxy"
/home/pete/wefwefwef/docs/other/1764738208/erl-thrift-proxy-branch-master/erl-thrift-proxy/src/erl_thrift_proxy.erl, in module header: at line 4: error in XML parser: {system_limit,[{ets,new,[rules,[set|...]],[]},
                                    {xmerl_scan,initial_state,2,[{...}|...]},
                                    {xmerl_scan,int_string,4,[...]},
                                    {xmerl_scan,string,2,...},
                                    {edoc_wiki,parse_xml_1,...},
                                    {edoc_wiki,...},
                                    {...}|...]}.
edoc: skipping source file '/home/pete/wefwefwef/docs/other/1764738208/erl-thrift-proxy-branch-master/erl-thrift-proxy/src/erl_thrift_proxy.erl': {'EXIT',
                                                                                                                                             error}.
edoc: error in doclet 'edoc_doclet': {'EXIT',error}.
Error generating erl-thrift-proxy XMLs. Using fallback ...
Generating XML erl-thrift-proxy - erl_thrift_proxy "/home/pete/wefwefwef/docs/other/1764738208/erl-thrift-proxy-branch-master/erl-thrift-proxy/src/erl_thrift_proxy.erl" -> "/home/pete/wefwefwef/docs/other/1764738208/repo/master/.xml/erl-thrift-proxy/erl_thrift_proxy.xml"
/home/pete/wefwefwef/docs/other/1764738208/erl-thrift-proxy-branch-master/erl-thrift-proxy/src/erl_thrift_proxy.erl, in module header: at line 4: error in XML parser: {system_limit,[{ets,new,[rules,[set|...]],[]},
                                    {xmerl_scan,initial_state,2,[{...}|...]},
                                    {xmerl_scan,int_string,4,[...]},
                                    {xmerl_scan,string,2,...},
                                    {edoc_wiki,parse_xml_1,...},
                                    {edoc_wiki,...},
                                    {...}|...]}.
Error generating XML ("/home/pete/wefwefwef/docs/other/1764738208/erl-thrift-proxy-branch-master/erl-thrift-proxy/src/erl_thrift_proxy.erl"): {'EXIT',
                                                                                                                                               error}
No documentation was generated!
Woot, finished in 0 Minutes 0 Seconds
 :: Discovering other repos
$ 5000  `rm -r '/home/pete/wefwefwef/docs/other/1764738208/erl-thrift-proxy-branch-master'  2>&1`
 :: Finishing up
$ 5000  `rm -r '/home/pete/wefwefwef/docs/other/1764738208/erl-thrift-proxy'  2>&1`
$ 5000  `rm -r '/home/pete/wefwefwef/docs/other/1764738208/repo/master'  2>&1`
