 :: Extracting meta information
$ 5000  `git ls-remote --heads --tags 'https://github.com/tegioz/wall'  2>&1`
>>> [repo] 1 branches, 0 tags
 :: Writing meta to "/home/pete/wefwefwef/docs/other/5758974115/meta.txt"
 :: Processing https://github.com/tegioz/wall	{rev,branch,"master","129a14573743238c8955dab01f163fb674c48195",undefined,[],[]}
 :: Fetching repo code
$ cd "/home/pete/wefwefwef/docs/other/5758974115/wall-branch-master/wall"
$ infinity  `curl --fail --silent --show-error --location --output 'master.zip' 'https://github.com/tegioz/wall/archive/master.zip'  2>&1`
$ cd "/home/pete/wefwefwef/docs/erldocs_other.git"
$ cd "/home/pete/wefwefwef/docs/other/5758974115/wall-branch-master/wall"
$ 5000  `find -P . -type l -delete  2>&1`
$ cd "/home/pete/wefwefwef/docs/erldocs_other.git"
$ cd "/home/pete/wefwefwef/docs/other/5758974115/wall-branch-master/wall"
$ 5000  `find 'wall-master' -mindepth 1 -maxdepth 1 -exec mv -t . -- {} +  2>&1`
$ cd "/home/pete/wefwefwef/docs/erldocs_other.git"
 :: Getting dependencies
$ cd "/home/pete/wefwefwef/docs/other/5758974115/wall-branch-master/wall"
$ 5000  `ls -1 deps/  2>&1`
$ cd "/home/pete/wefwefwef/docs/erldocs_other.git"
>>> [rebar] deps = []
 :: Generating erldocs into /home/pete/wefwefwef/docs/other/5758974115/repo/master
Building rest_api
Generating Type Specs - "/home/pete/wefwefwef/docs/other/5758974115/wall-branch-master/wall/apps/rest_api/src/rest_api.erl"
Generating Type Specs - "/home/pete/wefwefwef/docs/other/5758974115/wall-branch-master/wall/apps/rest_api/src/rest_api_app.erl"
Generating Type Specs - "/home/pete/wefwefwef/docs/other/5758974115/wall-branch-master/wall/apps/rest_api/src/rest_api_msg.erl"
/home/pete/wefwefwef/docs/other/5758974115/wall-branch-master/wall/apps/rest_api/src/rest_api_msg.erl: at line 17: can't find include lib "webmachine/include/webmachine.hrl"
EDoc could not process file '/home/pete/wefwefwef/docs/other/5758974115/wall-branch-master/wall/apps/rest_api/src/rest_api_msg.erl'
Error generating type specs for "/home/pete/wefwefwef/docs/other/5758974115/wall-branch-master/wall/apps/rest_api/src/rest_api_msg.erl"
Generating Type Specs - "/home/pete/wefwefwef/docs/other/5758974115/wall-branch-master/wall/apps/rest_api/src/rest_api_msgs.erl"
/home/pete/wefwefwef/docs/other/5758974115/wall-branch-master/wall/apps/rest_api/src/rest_api_msgs.erl: at line 15: can't find include lib "webmachine/include/webmachine.hrl"
EDoc could not process file '/home/pete/wefwefwef/docs/other/5758974115/wall-branch-master/wall/apps/rest_api/src/rest_api_msgs.erl'
Error generating type specs for "/home/pete/wefwefwef/docs/other/5758974115/wall-branch-master/wall/apps/rest_api/src/rest_api_msgs.erl"
Generating Type Specs - "/home/pete/wefwefwef/docs/other/5758974115/wall-branch-master/wall/apps/rest_api/src/rest_api_static.erl"
/home/pete/wefwefwef/docs/other/5758974115/wall-branch-master/wall/apps/rest_api/src/rest_api_static.erl: at line 25: can't find include lib "webmachine/include/webmachine.hrl"
EDoc could not process file '/home/pete/wefwefwef/docs/other/5758974115/wall-branch-master/wall/apps/rest_api/src/rest_api_static.erl'
Error generating type specs for "/home/pete/wefwefwef/docs/other/5758974115/wall-branch-master/wall/apps/rest_api/src/rest_api_static.erl"
Generating Type Specs - "/home/pete/wefwefwef/docs/other/5758974115/wall-branch-master/wall/apps/rest_api/src/rest_api_sup.erl"
Generating XML for application rest_api "/home/pete/wefwefwef/docs/other/5758974115/wall-branch-master/wall/apps/rest_api" -> "/home/pete/wefwefwef/docs/other/5758974115/repo/master/.xml/rest_api"
/home/pete/wefwefwef/docs/other/5758974115/wall-branch-master/wall/apps/rest_api/src/rest_api_msg.erl: at line 17: can't find include lib "webmachine/include/webmachine.hrl"
edoc: skipping source file '/home/pete/wefwefwef/docs/other/5758974115/wall-branch-master/wall/apps/rest_api/src/rest_api_msg.erl': {'EXIT',
                                                                                                                               error}.
/home/pete/wefwefwef/docs/other/5758974115/wall-branch-master/wall/apps/rest_api/src/rest_api_static.erl: at line 25: can't find include lib "webmachine/include/webmachine.hrl"
edoc: skipping source file '/home/pete/wefwefwef/docs/other/5758974115/wall-branch-master/wall/apps/rest_api/src/rest_api_static.erl': {'EXIT',
                                                                                                                                  error}.
/home/pete/wefwefwef/docs/other/5758974115/wall-branch-master/wall/apps/rest_api/src/rest_api_msgs.erl: at line 15: can't find include lib "webmachine/include/webmachine.hrl"
edoc: skipping source file '/home/pete/wefwefwef/docs/other/5758974115/wall-branch-master/wall/apps/rest_api/src/rest_api_msgs.erl': {'EXIT',
                                                                                                                                error}.
edoc: error in doclet 'edoc_doclet': {'EXIT',error}.
Error generating rest_api XMLs. Using fallback ...
Generating XML rest_api - rest_api "/home/pete/wefwefwef/docs/other/5758974115/wall-branch-master/wall/apps/rest_api/src/rest_api.erl" -> "/home/pete/wefwefwef/docs/other/5758974115/repo/master/.xml/rest_api/rest_api.xml"
Generating XML rest_api - rest_api_app "/home/pete/wefwefwef/docs/other/5758974115/wall-branch-master/wall/apps/rest_api/src/rest_api_app.erl" -> "/home/pete/wefwefwef/docs/other/5758974115/repo/master/.xml/rest_api/rest_api_app.xml"
Generating XML rest_api - rest_api_msg "/home/pete/wefwefwef/docs/other/5758974115/wall-branch-master/wall/apps/rest_api/src/rest_api_msg.erl" -> "/home/pete/wefwefwef/docs/other/5758974115/repo/master/.xml/rest_api/rest_api_msg.xml"
/home/pete/wefwefwef/docs/other/5758974115/wall-branch-master/wall/apps/rest_api/src/rest_api_msg.erl: at line 17: can't find include lib "webmachine/include/webmachine.hrl"
Error generating XML ("/home/pete/wefwefwef/docs/other/5758974115/wall-branch-master/wall/apps/rest_api/src/rest_api_msg.erl"): {'EXIT',
                                                                                                                                 error}
Generating XML rest_api - rest_api_msgs "/home/pete/wefwefwef/docs/other/5758974115/wall-branch-master/wall/apps/rest_api/src/rest_api_msgs.erl" -> "/home/pete/wefwefwef/docs/other/5758974115/repo/master/.xml/rest_api/rest_api_msgs.xml"
/home/pete/wefwefwef/docs/other/5758974115/wall-branch-master/wall/apps/rest_api/src/rest_api_msgs.erl: at line 15: can't find include lib "webmachine/include/webmachine.hrl"
Error generating XML ("/home/pete/wefwefwef/docs/other/5758974115/wall-branch-master/wall/apps/rest_api/src/rest_api_msgs.erl"): {'EXIT',
                                                                                                                                  error}
Generating XML rest_api - rest_api_static "/home/pete/wefwefwef/docs/other/5758974115/wall-branch-master/wall/apps/rest_api/src/rest_api_static.erl" -> "/home/pete/wefwefwef/docs/other/5758974115/repo/master/.xml/rest_api/rest_api_static.xml"
/home/pete/wefwefwef/docs/other/5758974115/wall-branch-master/wall/apps/rest_api/src/rest_api_static.erl: at line 25: can't find include lib "webmachine/include/webmachine.hrl"
Error generating XML ("/home/pete/wefwefwef/docs/other/5758974115/wall-branch-master/wall/apps/rest_api/src/rest_api_static.erl"): {'EXIT',
                                                                                                                                    error}
Generating XML rest_api - rest_api_sup "/home/pete/wefwefwef/docs/other/5758974115/wall-branch-master/wall/apps/rest_api/src/rest_api_sup.erl" -> "/home/pete/wefwefwef/docs/other/5758974115/repo/master/.xml/rest_api/rest_api_sup.xml"
Generating HTML - rest_api "/home/pete/wefwefwef/docs/other/5758974115/repo/master/.xml/rest_api/rest_api.xml"
Reading XML for "/home/pete/wefwefwef/docs/other/5758974115/repo/master/.xml/rest_api/rest_api.xml"
Reading XML for "/home/pete/wefwefwef/docs/other/5758974115/repo/master/.xml/specs_rest_api.xml"
Generating HTML - rest_api_app "/home/pete/wefwefwef/docs/other/5758974115/repo/master/.xml/rest_api/rest_api_app.xml"
Reading XML for "/home/pete/wefwefwef/docs/other/5758974115/repo/master/.xml/rest_api/rest_api_app.xml"
Reading XML for "/home/pete/wefwefwef/docs/other/5758974115/repo/master/.xml/specs_rest_api_app.xml"
Generating HTML - rest_api_sup "/home/pete/wefwefwef/docs/other/5758974115/repo/master/.xml/rest_api/rest_api_sup.xml"
Reading XML for "/home/pete/wefwefwef/docs/other/5758974115/repo/master/.xml/rest_api/rest_api_sup.xml"
Reading XML for "/home/pete/wefwefwef/docs/other/5758974115/repo/master/.xml/specs_rest_api_sup.xml"
Building db_api
Generating Type Specs - "/home/pete/wefwefwef/docs/other/5758974115/wall-branch-master/wall/apps/db_api/src/db_api_app.erl"
Generating Type Specs - "/home/pete/wefwefwef/docs/other/5758974115/wall-branch-master/wall/apps/db_api/src/db_api_pool.erl"
Generating Type Specs - "/home/pete/wefwefwef/docs/other/5758974115/wall-branch-master/wall/apps/db_api/src/db_api_server.erl"
Generating Type Specs - "/home/pete/wefwefwef/docs/other/5758974115/wall-branch-master/wall/apps/db_api/src/db_api_sup.erl"
Generating Type Specs - "/home/pete/wefwefwef/docs/other/5758974115/wall-branch-master/wall/apps/db_api/src/db_api_sup_pool.erl"
Generating Type Specs - "/home/pete/wefwefwef/docs/other/5758974115/wall-branch-master/wall/apps/db_api/src/db_api_sup_server.erl"
Generating XML for application db_api "/home/pete/wefwefwef/docs/other/5758974115/wall-branch-master/wall/apps/db_api" -> "/home/pete/wefwefwef/docs/other/5758974115/repo/master/.xml/db_api"
Generated db_api XMLs: ["/home/pete/wefwefwef/docs/other/5758974115/repo/master/.xml/db_api/db_api_sup_server.xml",
                        "/home/pete/wefwefwef/docs/other/5758974115/repo/master/.xml/db_api/db_api_pool.xml",
                        "/home/pete/wefwefwef/docs/other/5758974115/repo/master/.xml/db_api/db_api_server.xml",
                        "/home/pete/wefwefwef/docs/other/5758974115/repo/master/.xml/db_api/db_api_sup_pool.xml",
                        "/home/pete/wefwefwef/docs/other/5758974115/repo/master/.xml/db_api/db_api_sup.xml",
                        "/home/pete/wefwefwef/docs/other/5758974115/repo/master/.xml/db_api/db_api_app.xml"]
Generating HTML - db_api_sup_server "/home/pete/wefwefwef/docs/other/5758974115/repo/master/.xml/db_api/db_api_sup_server.xml"
Generating HTML - db_api_pool "/home/pete/wefwefwef/docs/other/5758974115/repo/master/.xml/db_api/db_api_pool.xml"
Generating HTML - db_api_server "/home/pete/wefwefwef/docs/other/5758974115/repo/master/.xml/db_api/db_api_server.xml"
Generating HTML - db_api_app "/home/pete/wefwefwef/docs/other/5758974115/repo/master/.xml/db_api/db_api_app.xml"
Reading XML for "/home/pete/wefwefwef/docs/other/5758974115/repo/master/.xml/db_api/db_api_sup_server.xml"
Reading XML for "/home/pete/wefwefwef/docs/other/5758974115/repo/master/.xml/db_api/db_api_pool.xml"
Reading XML for "/home/pete/wefwefwef/docs/other/5758974115/repo/master/.xml/db_api/db_api_server.xml"
Reading XML for "/home/pete/wefwefwef/docs/other/5758974115/repo/master/.xml/db_api/db_api_app.xml"
Reading XML for "/home/pete/wefwefwef/docs/other/5758974115/repo/master/.xml/specs_db_api_sup_server.xml"
Reading XML for "/home/pete/wefwefwef/docs/other/5758974115/repo/master/.xml/specs_db_api_pool.xml"
Reading XML for "/home/pete/wefwefwef/docs/other/5758974115/repo/master/.xml/specs_db_api_app.xml"
Reading XML for "/home/pete/wefwefwef/docs/other/5758974115/repo/master/.xml/specs_db_api_server.xml"
Generating HTML - db_api_sup "/home/pete/wefwefwef/docs/other/5758974115/repo/master/.xml/db_api/db_api_sup.xml"
Reading XML for "/home/pete/wefwefwef/docs/other/5758974115/repo/master/.xml/db_api/db_api_sup.xml"
Reading XML for "/home/pete/wefwefwef/docs/other/5758974115/repo/master/.xml/specs_db_api_sup.xml"
Generating HTML - db_api_sup_pool "/home/pete/wefwefwef/docs/other/5758974115/repo/master/.xml/db_api/db_api_sup_pool.xml"
Reading XML for "/home/pete/wefwefwef/docs/other/5758974115/repo/master/.xml/db_api/db_api_sup_pool.xml"
Reading XML for "/home/pete/wefwefwef/docs/other/5758974115/repo/master/.xml/specs_db_api_sup_pool.xml"
Building wall
Generating XML for application wall "/home/pete/wefwefwef/docs/other/5758974115/wall-branch-master/wall" -> "/home/pete/wefwefwef/docs/other/5758974115/repo/master/.xml/wall"
/home/pete/wefwefwef/docs/other/5758974115/wall-branch-master/wall/apps/rest_api/src/rest_api_msg.erl: at line 17: can't find include lib "webmachine/include/webmachine.hrl"
edoc: skipping source file '/home/pete/wefwefwef/docs/other/5758974115/wall-branch-master/wall/apps/rest_api/src/rest_api_msg.erl': {'EXIT',
                                                                                                                               error}.
/home/pete/wefwefwef/docs/other/5758974115/wall-branch-master/wall/apps/rest_api/src/rest_api_static.erl: at line 25: can't find include lib "webmachine/include/webmachine.hrl"
edoc: skipping source file '/home/pete/wefwefwef/docs/other/5758974115/wall-branch-master/wall/apps/rest_api/src/rest_api_static.erl': {'EXIT',
                                                                                                                                  error}.
/home/pete/wefwefwef/docs/other/5758974115/wall-branch-master/wall/apps/rest_api/src/rest_api_msgs.erl: at line 15: can't find include lib "webmachine/include/webmachine.hrl"
edoc: skipping source file '/home/pete/wefwefwef/docs/other/5758974115/wall-branch-master/wall/apps/rest_api/src/rest_api_msgs.erl': {'EXIT',
                                                                                                                                error}.
edoc: error in doclet 'edoc_doclet': {'EXIT',error}.
Error generating wall XMLs. Using fallback ...
Creating index.html ...
Creating erldocs_index.js ...
Woot, finished in 0 Minutes 1 Seconds
 :: Discovering other repos
$ 5000  `rm -r '/home/pete/wefwefwef/docs/other/5758974115/wall-branch-master'  2>&1`
 :: Finishing up
$ 5000  `rm -r '/home/pete/wefwefwef/docs/other/5758974115/wall'  2>&1`
