 :: Extracting meta information
$ 5000  `git ls-remote --heads --tags 'https://github.com/treetopllc/deputy'  2>&1`
>>> [repo] 1 branches, 4 tags
 :: Writing meta to "/home/pete/wefwefwef/docs/other/7844677744/meta.txt"
 :: Processing https://github.com/treetopllc/deputy	{rev,tag,"0.1.0","2b58062bb4af2824815dc242960e1b833e291c17"}
 :: Fetching repo code
$ cd "/home/pete/wefwefwef/docs/other/7844677744/deputy-tag-0.1.0/deputy"
$ infinity  `curl --fail --silent --show-error --location --output '0.1.0.zip' 'https://github.com/treetopllc/deputy/archive/0.1.0.zip'  2>&1`
$ cd "/home/pete/wefwefwef/docs/erldocs_other.git"
$ cd "/home/pete/wefwefwef/docs/other/7844677744/deputy-tag-0.1.0/deputy"
$ 5000  `find -P . -type l -delete  2>&1`
$ cd "/home/pete/wefwefwef/docs/erldocs_other.git"
$ cd "/home/pete/wefwefwef/docs/other/7844677744/deputy-tag-0.1.0/deputy"
$ 5000  `find 'deputy-0.1.0' -mindepth 1 -maxdepth 1 -exec mv -t . -- {} +  2>&1`
$ cd "/home/pete/wefwefwef/docs/erldocs_other.git"
 :: Getting dependencies
$ cd "/home/pete/wefwefwef/docs/other/7844677744/deputy-tag-0.1.0/deputy"
$ 5000  `ls -1 deps/  2>&1`
$ cd "/home/pete/wefwefwef/docs/erldocs_other.git"
>>> [rebar] deps = []
 :: Generating erldocs into /home/pete/wefwefwef/docs/other/7844677744/repo/0.1.0
Building deputy
Generating Type Specs - "/home/pete/wefwefwef/docs/other/7844677744/deputy-tag-0.1.0/deputy/src/deputy.erl"
Generating XML for application deputy "/home/pete/wefwefwef/docs/other/7844677744/deputy-tag-0.1.0/deputy" -> "/home/pete/wefwefwef/docs/other/7844677744/repo/0.1.0/.xml/deputy"
Generated deputy XMLs: ["/home/pete/wefwefwef/docs/other/7844677744/repo/0.1.0/.xml/deputy/deputy.xml"]
Generating HTML - deputy "/home/pete/wefwefwef/docs/other/7844677744/repo/0.1.0/.xml/deputy/deputy.xml"
Reading XML for "/home/pete/wefwefwef/docs/other/7844677744/repo/0.1.0/.xml/deputy/deputy.xml"
Reading XML for "/home/pete/wefwefwef/docs/other/7844677744/repo/0.1.0/.xml/specs_deputy.xml"
Creating index.html ...
Creating erldocs_index.js ...
Woot, finished in 0 Minutes 0 Seconds
 :: Discovering other repos
$ 5000  `rm -r '/home/pete/wefwefwef/docs/other/7844677744/deputy-tag-0.1.0'  2>&1`
 :: Processing https://github.com/treetopllc/deputy	{rev,tag,"1.0.0","1294007272beb453a1fe93076c83d3ddb66e9518"}
 :: Fetching repo code
$ cd "/home/pete/wefwefwef/docs/other/7844677744/deputy-tag-1.0.0/deputy"
$ infinity  `curl --fail --silent --show-error --location --output '1.0.0.zip' 'https://github.com/treetopllc/deputy/archive/1.0.0.zip'  2>&1`
$ cd "/home/pete/wefwefwef/docs/erldocs_other.git"
$ cd "/home/pete/wefwefwef/docs/other/7844677744/deputy-tag-1.0.0/deputy"
$ 5000  `find -P . -type l -delete  2>&1`
$ cd "/home/pete/wefwefwef/docs/erldocs_other.git"
$ cd "/home/pete/wefwefwef/docs/other/7844677744/deputy-tag-1.0.0/deputy"
$ 5000  `find 'deputy-1.0.0' -mindepth 1 -maxdepth 1 -exec mv -t . -- {} +  2>&1`
$ cd "/home/pete/wefwefwef/docs/erldocs_other.git"
 :: Getting dependencies
$ cd "/home/pete/wefwefwef/docs/other/7844677744/deputy-tag-1.0.0/deputy"
$ 5000  `ls -1 deps/  2>&1`
$ cd "/home/pete/wefwefwef/docs/erldocs_other.git"
>>> [rebar] deps = []
 :: Generating erldocs into /home/pete/wefwefwef/docs/other/7844677744/repo/1.0.0
Building deputy
Generating Type Specs - "/home/pete/wefwefwef/docs/other/7844677744/deputy-tag-1.0.0/deputy/src/deputy.erl"
Generating XML for application deputy "/home/pete/wefwefwef/docs/other/7844677744/deputy-tag-1.0.0/deputy" -> "/home/pete/wefwefwef/docs/other/7844677744/repo/1.0.0/.xml/deputy"
Generated deputy XMLs: ["/home/pete/wefwefwef/docs/other/7844677744/repo/1.0.0/.xml/deputy/deputy.xml"]
Generating HTML - deputy "/home/pete/wefwefwef/docs/other/7844677744/repo/1.0.0/.xml/deputy/deputy.xml"
Reading XML for "/home/pete/wefwefwef/docs/other/7844677744/repo/1.0.0/.xml/deputy/deputy.xml"
Reading XML for "/home/pete/wefwefwef/docs/other/7844677744/repo/1.0.0/.xml/specs_deputy.xml"
Creating index.html ...
Creating erldocs_index.js ...
Woot, finished in 0 Minutes 0 Seconds
 :: Discovering other repos
$ 5000  `rm -r '/home/pete/wefwefwef/docs/other/7844677744/deputy-tag-1.0.0'  2>&1`
 :: Processing https://github.com/treetopllc/deputy	{rev,tag,"1.1.0","cb0bc581551371e228e36ef4414327a0f26e89fa"}
 :: Fetching repo code
$ cd "/home/pete/wefwefwef/docs/other/7844677744/deputy-tag-1.1.0/deputy"
$ infinity  `curl --fail --silent --show-error --location --output '1.1.0.zip' 'https://github.com/treetopllc/deputy/archive/1.1.0.zip'  2>&1`
$ cd "/home/pete/wefwefwef/docs/erldocs_other.git"
$ cd "/home/pete/wefwefwef/docs/other/7844677744/deputy-tag-1.1.0/deputy"
$ 5000  `find -P . -type l -delete  2>&1`
$ cd "/home/pete/wefwefwef/docs/erldocs_other.git"
$ cd "/home/pete/wefwefwef/docs/other/7844677744/deputy-tag-1.1.0/deputy"
$ 5000  `find 'deputy-1.1.0' -mindepth 1 -maxdepth 1 -exec mv -t . -- {} +  2>&1`
$ cd "/home/pete/wefwefwef/docs/erldocs_other.git"
 :: Getting dependencies
$ cd "/home/pete/wefwefwef/docs/other/7844677744/deputy-tag-1.1.0/deputy"
$ 5000  `ls -1 deps/  2>&1`
$ cd "/home/pete/wefwefwef/docs/erldocs_other.git"
>>> [rebar] deps = []
 :: Generating erldocs into /home/pete/wefwefwef/docs/other/7844677744/repo/1.1.0
Building deputy
Generating Type Specs - "/home/pete/wefwefwef/docs/other/7844677744/deputy-tag-1.1.0/deputy/src/deputy.erl"
Generating XML for application deputy "/home/pete/wefwefwef/docs/other/7844677744/deputy-tag-1.1.0/deputy" -> "/home/pete/wefwefwef/docs/other/7844677744/repo/1.1.0/.xml/deputy"
Generated deputy XMLs: ["/home/pete/wefwefwef/docs/other/7844677744/repo/1.1.0/.xml/deputy/deputy.xml"]
Generating HTML - deputy "/home/pete/wefwefwef/docs/other/7844677744/repo/1.1.0/.xml/deputy/deputy.xml"
Reading XML for "/home/pete/wefwefwef/docs/other/7844677744/repo/1.1.0/.xml/deputy/deputy.xml"
Reading XML for "/home/pete/wefwefwef/docs/other/7844677744/repo/1.1.0/.xml/specs_deputy.xml"
Creating index.html ...
Creating erldocs_index.js ...
Woot, finished in 0 Minutes 0 Seconds
 :: Discovering other repos
$ 5000  `rm -r '/home/pete/wefwefwef/docs/other/7844677744/deputy-tag-1.1.0'  2>&1`
 :: Processing https://github.com/treetopllc/deputy	{rev,tag,"1.1.1","14a3f286a6892b6543bfda2703d94c1015f2c2fe"}
 :: Fetching repo code
$ cd "/home/pete/wefwefwef/docs/other/7844677744/deputy-tag-1.1.1/deputy"
$ infinity  `curl --fail --silent --show-error --location --output '1.1.1.zip' 'https://github.com/treetopllc/deputy/archive/1.1.1.zip'  2>&1`
$ cd "/home/pete/wefwefwef/docs/erldocs_other.git"
$ cd "/home/pete/wefwefwef/docs/other/7844677744/deputy-tag-1.1.1/deputy"
$ 5000  `find -P . -type l -delete  2>&1`
$ cd "/home/pete/wefwefwef/docs/erldocs_other.git"
$ cd "/home/pete/wefwefwef/docs/other/7844677744/deputy-tag-1.1.1/deputy"
$ 5000  `find 'deputy-1.1.1' -mindepth 1 -maxdepth 1 -exec mv -t . -- {} +  2>&1`
$ cd "/home/pete/wefwefwef/docs/erldocs_other.git"
 :: Getting dependencies
$ cd "/home/pete/wefwefwef/docs/other/7844677744/deputy-tag-1.1.1/deputy"
$ 5000  `ls -1 deps/  2>&1`
$ cd "/home/pete/wefwefwef/docs/erldocs_other.git"
>>> [rebar] deps = []
 :: Generating erldocs into /home/pete/wefwefwef/docs/other/7844677744/repo/1.1.1
Building deputy
Generating Type Specs - "/home/pete/wefwefwef/docs/other/7844677744/deputy-tag-1.1.1/deputy/src/deputy.erl"
Generating XML for application deputy "/home/pete/wefwefwef/docs/other/7844677744/deputy-tag-1.1.1/deputy" -> "/home/pete/wefwefwef/docs/other/7844677744/repo/1.1.1/.xml/deputy"
Generated deputy XMLs: ["/home/pete/wefwefwef/docs/other/7844677744/repo/1.1.1/.xml/deputy/deputy.xml"]
Generating HTML - deputy "/home/pete/wefwefwef/docs/other/7844677744/repo/1.1.1/.xml/deputy/deputy.xml"
Reading XML for "/home/pete/wefwefwef/docs/other/7844677744/repo/1.1.1/.xml/deputy/deputy.xml"
Reading XML for "/home/pete/wefwefwef/docs/other/7844677744/repo/1.1.1/.xml/specs_deputy.xml"
Creating index.html ...
Creating erldocs_index.js ...
Woot, finished in 0 Minutes 0 Seconds
 :: Discovering other repos
$ 5000  `rm -r '/home/pete/wefwefwef/docs/other/7844677744/deputy-tag-1.1.1'  2>&1`
 :: Processing https://github.com/treetopllc/deputy	{rev,branch,"master","14a3f286a6892b6543bfda2703d94c1015f2c2fe"}
 :: Fetching repo code
$ cd "/home/pete/wefwefwef/docs/other/7844677744/deputy-branch-master/deputy"
$ infinity  `curl --fail --silent --show-error --location --output 'master.zip' 'https://github.com/treetopllc/deputy/archive/master.zip'  2>&1`
$ cd "/home/pete/wefwefwef/docs/erldocs_other.git"
$ cd "/home/pete/wefwefwef/docs/other/7844677744/deputy-branch-master/deputy"
$ 5000  `find -P . -type l -delete  2>&1`
$ cd "/home/pete/wefwefwef/docs/erldocs_other.git"
$ cd "/home/pete/wefwefwef/docs/other/7844677744/deputy-branch-master/deputy"
$ 5000  `find 'deputy-master' -mindepth 1 -maxdepth 1 -exec mv -t . -- {} +  2>&1`
$ cd "/home/pete/wefwefwef/docs/erldocs_other.git"
 :: Getting dependencies
$ cd "/home/pete/wefwefwef/docs/other/7844677744/deputy-branch-master/deputy"
$ 5000  `ls -1 deps/  2>&1`
$ cd "/home/pete/wefwefwef/docs/erldocs_other.git"
>>> [rebar] deps = []
 :: Generating erldocs into /home/pete/wefwefwef/docs/other/7844677744/repo/master
Building deputy
Generating Type Specs - "/home/pete/wefwefwef/docs/other/7844677744/deputy-branch-master/deputy/src/deputy.erl"
Generating XML for application deputy "/home/pete/wefwefwef/docs/other/7844677744/deputy-branch-master/deputy" -> "/home/pete/wefwefwef/docs/other/7844677744/repo/master/.xml/deputy"
Generated deputy XMLs: ["/home/pete/wefwefwef/docs/other/7844677744/repo/master/.xml/deputy/deputy.xml"]
Generating HTML - deputy "/home/pete/wefwefwef/docs/other/7844677744/repo/master/.xml/deputy/deputy.xml"
Reading XML for "/home/pete/wefwefwef/docs/other/7844677744/repo/master/.xml/deputy/deputy.xml"
Reading XML for "/home/pete/wefwefwef/docs/other/7844677744/repo/master/.xml/specs_deputy.xml"
Creating index.html ...
Creating erldocs_index.js ...
Woot, finished in 0 Minutes 0 Seconds
 :: Discovering other repos
$ 5000  `rm -r '/home/pete/wefwefwef/docs/other/7844677744/deputy-branch-master'  2>&1`
 :: Erldocs finishing up
$ 5000  `rm -r '/home/pete/wefwefwef/docs/other/7844677744/deputy'  2>&1`
