 :: Extracting meta information
$ 5000  `git ls-remote --heads --tags 'https://github.com/feuerlabs/gpio'  2>&1`
>>> [repo] 1 branches, 1 tags
 :: Writing meta to "/home/pete/wefwefwef/docs/other/9573430395/meta.txt"
 :: Processing https://github.com/feuerlabs/gpio	{rev,tag,"1.0","e2628bd75d99820a84f34ab0902b11917b6d036b",undefined,[],[]}
 :: Fetching repo code
$ cd "/home/pete/wefwefwef/docs/other/9573430395/gpio-tag-1.0/gpio"
$ infinity  `curl --fail --silent --show-error --location --output '1.0.zip' 'https://github.com/feuerlabs/gpio/archive/1.0.zip'  2>&1`
$ cd "/home/pete/wefwefwef/docs/erldocs_other.git"
$ cd "/home/pete/wefwefwef/docs/other/9573430395/gpio-tag-1.0/gpio"
$ 5000  `find -P . -type l -delete  2>&1`
$ cd "/home/pete/wefwefwef/docs/erldocs_other.git"
$ cd "/home/pete/wefwefwef/docs/other/9573430395/gpio-tag-1.0/gpio"
$ 5000  `find 'gpio-1.0' -mindepth 1 -maxdepth 1 -exec mv -t . -- {} +  2>&1`
$ cd "/home/pete/wefwefwef/docs/erldocs_other.git"
 :: Getting dependencies
$ cd "/home/pete/wefwefwef/docs/other/9573430395/gpio-tag-1.0/gpio"
$ 5000  `ls -1 deps/  2>&1`
$ cd "/home/pete/wefwefwef/docs/erldocs_other.git"
>>> [rebar] deps = []
 :: Generating erldocs into /home/pete/wefwefwef/docs/other/9573430395/repo/1.0
Building gpio
Generating Type Specs - "/home/pete/wefwefwef/docs/other/9573430395/gpio-tag-1.0/gpio/src/gpio.erl"
EDoc could not process file '/home/pete/wefwefwef/docs/other/9573430395/gpio-tag-1.0/gpio/src/gpio.erl'
Error generating type specs for "/home/pete/wefwefwef/docs/other/9573430395/gpio-tag-1.0/gpio/src/gpio.erl"
Generating Type Specs - "/home/pete/wefwefwef/docs/other/9573430395/gpio-tag-1.0/gpio/src/gpio_app.erl"
EDoc could not process file '/home/pete/wefwefwef/docs/other/9573430395/gpio-tag-1.0/gpio/src/gpio_app.erl'
Error generating type specs for "/home/pete/wefwefwef/docs/other/9573430395/gpio-tag-1.0/gpio/src/gpio_app.erl"
Generating Type Specs - "/home/pete/wefwefwef/docs/other/9573430395/gpio-tag-1.0/gpio/src/gpio_bench.erl"
EDoc could not process file '/home/pete/wefwefwef/docs/other/9573430395/gpio-tag-1.0/gpio/src/gpio_bench.erl'
Error generating type specs for "/home/pete/wefwefwef/docs/other/9573430395/gpio-tag-1.0/gpio/src/gpio_bench.erl"
Generating Type Specs - "/home/pete/wefwefwef/docs/other/9573430395/gpio-tag-1.0/gpio/src/gpio_server.erl"
EDoc could not process file '/home/pete/wefwefwef/docs/other/9573430395/gpio-tag-1.0/gpio/src/gpio_server.erl'
Error generating type specs for "/home/pete/wefwefwef/docs/other/9573430395/gpio-tag-1.0/gpio/src/gpio_server.erl"
Generating Type Specs - "/home/pete/wefwefwef/docs/other/9573430395/gpio-tag-1.0/gpio/src/gpio_sup.erl"
EDoc could not process file '/home/pete/wefwefwef/docs/other/9573430395/gpio-tag-1.0/gpio/src/gpio_sup.erl'
Error generating type specs for "/home/pete/wefwefwef/docs/other/9573430395/gpio-tag-1.0/gpio/src/gpio_sup.erl"
Generating XML for application gpio "/home/pete/wefwefwef/docs/other/9573430395/gpio-tag-1.0/gpio" -> "/home/pete/wefwefwef/docs/other/9573430395/repo/1.0/.xml/gpio"
/home/pete/wefwefwef/docs/other/9573430395/gpio-tag-1.0/gpio/src/gpio_bench.erl, in module header: at line 3: error in XML parser: {system_limit,[{ets,new,[rules,[set|...]],[]},
                                    {xmerl_scan,initial_state,2,[{...}|...]},
                                    {xmerl_scan,int_string,4,[...]},
                                    {xmerl_scan,string,2,...},
                                    {edoc_wiki,parse_xml_1,...},
                                    {edoc_wiki,...},
                                    {...}|...]}.
edoc: skipping source file '/home/pete/wefwefwef/docs/other/9573430395/gpio-tag-1.0/gpio/src/gpio_bench.erl': {'EXIT',
                                                                                                         error}.
/home/pete/wefwefwef/docs/other/9573430395/gpio-tag-1.0/gpio/src/gpio.erl, in module header: at line 14: error in XML parser: {system_limit,[{ets,new,[rules,[set|...]],[]},
                                    {xmerl_scan,initial_state,2,[{...}|...]},
                                    {xmerl_scan,int_string,4,[...]},
                                    {xmerl_scan,string,2,...},
                                    {edoc_wiki,parse_xml_1,...},
                                    {edoc_wiki,...},
                                    {...}|...]}.
edoc: skipping source file '/home/pete/wefwefwef/docs/other/9573430395/gpio-tag-1.0/gpio/src/gpio.erl': {'EXIT',
                                                                                                   error}.
/home/pete/wefwefwef/docs/other/9573430395/gpio-tag-1.0/gpio/src/gpio_server.erl, in module header: at line 14: error in XML parser: {system_limit,[{ets,new,[rules,[set|...]],[]},
                                    {xmerl_scan,initial_state,2,[{...}|...]},
                                    {xmerl_scan,int_string,4,[...]},
                                    {xmerl_scan,string,2,...},
                                    {edoc_wiki,parse_xml_1,...},
                                    {edoc_wiki,...},
                                    {...}|...]}.
edoc: skipping source file '/home/pete/wefwefwef/docs/other/9573430395/gpio-tag-1.0/gpio/src/gpio_server.erl': {'EXIT',
                                                                                                          error}.
edoc: skipping source file '/home/pete/wefwefwef/docs/other/9573430395/gpio-tag-1.0/gpio/src/gpio_app.erl': {error,
                                                                                                       24,
                                                                                                       {"error in XML parser: ~P.",
                                                                                                        [{system_limit,
                                                                                                          [{ets,
                                                                                                            new,
                                                                                                            [rules,
                                                                                                             [...]],
                                                                                                            []},
                                                                                                           {xmerl_scan,
                                                                                                            initial_state,
                                                                                                            2,
                                                                                                            [...]},
                                                                                                           {xmerl_scan,
                                                                                                            int_string,
                                                                                                            4,...},
                                                                                                           {xmerl_scan,
                                                                                                            string,...},
                                                                                                           {edoc_wiki,...},
                                                                                                           {...}|...]},
                                                                                                         10]}}.
edoc: skipping source file '/home/pete/wefwefwef/docs/other/9573430395/gpio-tag-1.0/gpio/src/gpio_sup.erl': {error,
                                                                                                       24,
                                                                                                       {"error in XML parser: ~P.",
                                                                                                        [{system_limit,
                                                                                                          [{ets,
                                                                                                            new,
                                                                                                            [rules,
                                                                                                             [...]],
                                                                                                            []},
                                                                                                           {xmerl_scan,
                                                                                                            initial_state,
                                                                                                            2,
                                                                                                            [...]},
                                                                                                           {xmerl_scan,
                                                                                                            int_string,
                                                                                                            4,...},
                                                                                                           {xmerl_scan,
                                                                                                            string,...},
                                                                                                           {edoc_wiki,...},
                                                                                                           {...}|...]},
                                                                                                         10]}}.
edoc: error in doclet 'edoc_doclet': {'EXIT',error}.
Error generating gpio XMLs. Using fallback ...
Generating XML gpio - gpio "/home/pete/wefwefwef/docs/other/9573430395/gpio-tag-1.0/gpio/src/gpio.erl" -> "/home/pete/wefwefwef/docs/other/9573430395/repo/1.0/.xml/gpio/gpio.xml"
/home/pete/wefwefwef/docs/other/9573430395/gpio-tag-1.0/gpio/src/gpio.erl, in module header: at line 14: error in XML parser: {system_limit,[{ets,new,[rules,[set|...]],[]},
                                    {xmerl_scan,initial_state,2,[{...}|...]},
                                    {xmerl_scan,int_string,4,[...]},
                                    {xmerl_scan,string,2,...},
                                    {edoc_wiki,parse_xml_1,...},
                                    {edoc_wiki,...},
                                    {...}|...]}.
Error generating XML ("/home/pete/wefwefwef/docs/other/9573430395/gpio-tag-1.0/gpio/src/gpio.erl"): {'EXIT',
                                                                                                     error}
Generating XML gpio - gpio_app "/home/pete/wefwefwef/docs/other/9573430395/gpio-tag-1.0/gpio/src/gpio_app.erl" -> "/home/pete/wefwefwef/docs/other/9573430395/repo/1.0/.xml/gpio/gpio_app.xml"
Error generating XML ("/home/pete/wefwefwef/docs/other/9573430395/gpio-tag-1.0/gpio/src/gpio_app.erl"): {error,
                                                                                                         24,
                                                                                                         {"error in XML parser: ~P.",
                                                                                                          [{system_limit,
                                                                                                            [{ets,
                                                                                                              new,
                                                                                                              [rules,
                                                                                                               [set,
                                                                                                                public]],
                                                                                                              []},
                                                                                                             {xmerl_scan,
                                                                                                              initial_state,
                                                                                                              2,
                                                                                                              [{file,
                                                                                                                "xmerl_scan.erl"},
                                                                                                               {line,
                                                                                                                413}]},
                                                                                                             {xmerl_scan,
                                                                                                              int_string,
                                                                                                              4,
                                                                                                              [{file,
                                                                                                                "xmerl_scan.erl"},
                                                                                                               {line,
                                                                                                                295}]},
                                                                                                             {xmerl_scan,
                                                                                                              string,
                                                                                                              2,
                                                                                                              [{file,
                                                                                                                "xmerl_scan.erl"},
                                                                                                               {line,
                                                                                                                286}]},
                                                                                                             {edoc_wiki,
                                                                                                              parse_xml_1,
                                                                                                              2,
                                                                                                              [{file,
                                                                                                                "edoc_wiki.erl"},
                                                                                                               {line,
                                                                                                                85}]},
                                                                                                             {edoc_wiki,
                                                                                                              parse_xml,
                                                                                                              2,
                                                                                                              [{file,
                                                                                                                "edoc_wiki.erl"},
                                                                                                               {line,
                                                                                                                79}]},
                                                                                                             {edoc_specs,
                                                                                                              find_type_docs,
                                                                                                              3,
                                                                                                              [{file,
                                                                                                                "edoc_specs.erl"},
                                                                                                               {line,
                                                                                                                150}]},
                                                                                                             {edoc_extract,
                                                                                                              source,
                                                                                                              5,
                                                                                                              [{file,
                                                                                                                "edoc_extract.erl"},
                                                                                                               {line,
                                                                                                                78}]}]},
                                                                                                           10]}}
Generating XML gpio - gpio_bench "/home/pete/wefwefwef/docs/other/9573430395/gpio-tag-1.0/gpio/src/gpio_bench.erl" -> "/home/pete/wefwefwef/docs/other/9573430395/repo/1.0/.xml/gpio/gpio_bench.xml"
/home/pete/wefwefwef/docs/other/9573430395/gpio-tag-1.0/gpio/src/gpio_bench.erl, in module header: at line 3: error in XML parser: {system_limit,[{ets,new,[rules,[set|...]],[]},
                                    {xmerl_scan,initial_state,2,[{...}|...]},
                                    {xmerl_scan,int_string,4,[...]},
                                    {xmerl_scan,string,2,...},
                                    {edoc_wiki,parse_xml_1,...},
                                    {edoc_wiki,...},
                                    {...}|...]}.
Error generating XML ("/home/pete/wefwefwef/docs/other/9573430395/gpio-tag-1.0/gpio/src/gpio_bench.erl"): {'EXIT',
                                                                                                           error}
Generating XML gpio - gpio_server "/home/pete/wefwefwef/docs/other/9573430395/gpio-tag-1.0/gpio/src/gpio_server.erl" -> "/home/pete/wefwefwef/docs/other/9573430395/repo/1.0/.xml/gpio/gpio_server.xml"
/home/pete/wefwefwef/docs/other/9573430395/gpio-tag-1.0/gpio/src/gpio_server.erl, in module header: at line 14: error in XML parser: {system_limit,[{ets,new,[rules,[set|...]],[]},
                                    {xmerl_scan,initial_state,2,[{...}|...]},
                                    {xmerl_scan,int_string,4,[...]},
                                    {xmerl_scan,string,2,...},
                                    {edoc_wiki,parse_xml_1,...},
                                    {edoc_wiki,...},
                                    {...}|...]}.
Error generating XML ("/home/pete/wefwefwef/docs/other/9573430395/gpio-tag-1.0/gpio/src/gpio_server.erl"): {'EXIT',
                                                                                                            error}
Generating XML gpio - gpio_sup "/home/pete/wefwefwef/docs/other/9573430395/gpio-tag-1.0/gpio/src/gpio_sup.erl" -> "/home/pete/wefwefwef/docs/other/9573430395/repo/1.0/.xml/gpio/gpio_sup.xml"
Error generating XML ("/home/pete/wefwefwef/docs/other/9573430395/gpio-tag-1.0/gpio/src/gpio_sup.erl"): {error,
                                                                                                         24,
                                                                                                         {"error in XML parser: ~P.",
                                                                                                          [{system_limit,
                                                                                                            [{ets,
                                                                                                              new,
                                                                                                              [rules,
                                                                                                               [set,
                                                                                                                public]],
                                                                                                              []},
                                                                                                             {xmerl_scan,
                                                                                                              initial_state,
                                                                                                              2,
                                                                                                              [{file,
                                                                                                                "xmerl_scan.erl"},
                                                                                                               {line,
                                                                                                                413}]},
                                                                                                             {xmerl_scan,
                                                                                                              int_string,
                                                                                                              4,
                                                                                                              [{file,
                                                                                                                "xmerl_scan.erl"},
                                                                                                               {line,
                                                                                                                295}]},
                                                                                                             {xmerl_scan,
                                                                                                              string,
                                                                                                              2,
                                                                                                              [{file,
                                                                                                                "xmerl_scan.erl"},
                                                                                                               {line,
                                                                                                                286}]},
                                                                                                             {edoc_wiki,
                                                                                                              parse_xml_1,
                                                                                                              2,
                                                                                                              [{file,
                                                                                                                "edoc_wiki.erl"},
                                                                                                               {line,
                                                                                                                85}]},
                                                                                                             {edoc_wiki,
                                                                                                              parse_xml,
                                                                                                              2,
                                                                                                              [{file,
                                                                                                                "edoc_wiki.erl"},
                                                                                                               {line,
                                                                                                                79}]},
                                                                                                             {edoc_specs,
                                                                                                              find_type_docs,
                                                                                                              3,
                                                                                                              [{file,
                                                                                                                "edoc_specs.erl"},
                                                                                                               {line,
                                                                                                                150}]},
                                                                                                             {edoc_extract,
                                                                                                              source,
                                                                                                              5,
                                                                                                              [{file,
                                                                                                                "edoc_extract.erl"},
                                                                                                               {line,
                                                                                                                78}]}]},
                                                                                                           10]}}
No documentation was generated!
Woot, finished in 0 Minutes 0 Seconds
 :: Discovering other repos
$ 5000  `rm -r '/home/pete/wefwefwef/docs/other/9573430395/gpio-tag-1.0'  2>&1`
 :: Processing https://github.com/feuerlabs/gpio	{rev,branch,"master","74630827cf09333850518f842278aad749ace165",undefined,[],[]}
 :: Fetching repo code
$ cd "/home/pete/wefwefwef/docs/other/9573430395/gpio-branch-master/gpio"
$ infinity  `curl --fail --silent --show-error --location --output 'master.zip' 'https://github.com/feuerlabs/gpio/archive/master.zip'  2>&1`
$ cd "/home/pete/wefwefwef/docs/erldocs_other.git"
$ cd "/home/pete/wefwefwef/docs/other/9573430395/gpio-branch-master/gpio"
$ 5000  `find -P . -type l -delete  2>&1`
$ cd "/home/pete/wefwefwef/docs/erldocs_other.git"
$ cd "/home/pete/wefwefwef/docs/other/9573430395/gpio-branch-master/gpio"
$ 5000  `find 'gpio-master' -mindepth 1 -maxdepth 1 -exec mv -t . -- {} +  2>&1`
$ cd "/home/pete/wefwefwef/docs/erldocs_other.git"
 :: Getting dependencies
$ cd "/home/pete/wefwefwef/docs/other/9573430395/gpio-branch-master/gpio"
$ 5000  `ls -1 deps/  2>&1`
$ cd "/home/pete/wefwefwef/docs/erldocs_other.git"
>>> [rebar] deps = []
 :: Generating erldocs into /home/pete/wefwefwef/docs/other/9573430395/repo/master
Building gpio
Generating Type Specs - "/home/pete/wefwefwef/docs/other/9573430395/gpio-branch-master/gpio/src/gpio.erl"
EDoc could not process file '/home/pete/wefwefwef/docs/other/9573430395/gpio-branch-master/gpio/src/gpio.erl'
Error generating type specs for "/home/pete/wefwefwef/docs/other/9573430395/gpio-branch-master/gpio/src/gpio.erl"
Generating Type Specs - "/home/pete/wefwefwef/docs/other/9573430395/gpio-branch-master/gpio/src/gpio_app.erl"
EDoc could not process file '/home/pete/wefwefwef/docs/other/9573430395/gpio-branch-master/gpio/src/gpio_app.erl'
Error generating type specs for "/home/pete/wefwefwef/docs/other/9573430395/gpio-branch-master/gpio/src/gpio_app.erl"
Generating Type Specs - "/home/pete/wefwefwef/docs/other/9573430395/gpio-branch-master/gpio/src/gpio_bench.erl"
EDoc could not process file '/home/pete/wefwefwef/docs/other/9573430395/gpio-branch-master/gpio/src/gpio_bench.erl'
Error generating type specs for "/home/pete/wefwefwef/docs/other/9573430395/gpio-branch-master/gpio/src/gpio_bench.erl"
Generating Type Specs - "/home/pete/wefwefwef/docs/other/9573430395/gpio-branch-master/gpio/src/gpio_server.erl"
EDoc could not process file '/home/pete/wefwefwef/docs/other/9573430395/gpio-branch-master/gpio/src/gpio_server.erl'
Error generating type specs for "/home/pete/wefwefwef/docs/other/9573430395/gpio-branch-master/gpio/src/gpio_server.erl"
Generating Type Specs - "/home/pete/wefwefwef/docs/other/9573430395/gpio-branch-master/gpio/src/gpio_sup.erl"
EDoc could not process file '/home/pete/wefwefwef/docs/other/9573430395/gpio-branch-master/gpio/src/gpio_sup.erl'
Error generating type specs for "/home/pete/wefwefwef/docs/other/9573430395/gpio-branch-master/gpio/src/gpio_sup.erl"
Generating XML for application gpio "/home/pete/wefwefwef/docs/other/9573430395/gpio-branch-master/gpio" -> "/home/pete/wefwefwef/docs/other/9573430395/repo/master/.xml/gpio"
/home/pete/wefwefwef/docs/other/9573430395/gpio-branch-master/gpio/src/gpio_bench.erl, in module header: at line 3: error in XML parser: {system_limit,[{ets,new,[rules,[set|...]],[]},
                                    {xmerl_scan,initial_state,2,[{...}|...]},
                                    {xmerl_scan,int_string,4,[...]},
                                    {xmerl_scan,string,2,...},
                                    {edoc_wiki,parse_xml_1,...},
                                    {edoc_wiki,...},
                                    {...}|...]}.
edoc: skipping source file '/home/pete/wefwefwef/docs/other/9573430395/gpio-branch-master/gpio/src/gpio_bench.erl': {'EXIT',
                                                                                                               error}.
/home/pete/wefwefwef/docs/other/9573430395/gpio-branch-master/gpio/src/gpio.erl, in module header: at line 14: error in XML parser: {system_limit,[{ets,new,[rules,[set|...]],[]},
                                    {xmerl_scan,initial_state,2,[{...}|...]},
                                    {xmerl_scan,int_string,4,[...]},
                                    {xmerl_scan,string,2,...},
                                    {edoc_wiki,parse_xml_1,...},
                                    {edoc_wiki,...},
                                    {...}|...]}.
edoc: skipping source file '/home/pete/wefwefwef/docs/other/9573430395/gpio-branch-master/gpio/src/gpio.erl': {'EXIT',
                                                                                                         error}.
/home/pete/wefwefwef/docs/other/9573430395/gpio-branch-master/gpio/src/gpio_server.erl, in module header: at line 14: error in XML parser: {system_limit,[{ets,new,[rules,[set|...]],[]},
                                    {xmerl_scan,initial_state,2,[{...}|...]},
                                    {xmerl_scan,int_string,4,[...]},
                                    {xmerl_scan,string,2,...},
                                    {edoc_wiki,parse_xml_1,...},
                                    {edoc_wiki,...},
                                    {...}|...]}.
edoc: skipping source file '/home/pete/wefwefwef/docs/other/9573430395/gpio-branch-master/gpio/src/gpio_server.erl': {'EXIT',
                                                                                                                error}.
edoc: skipping source file '/home/pete/wefwefwef/docs/other/9573430395/gpio-branch-master/gpio/src/gpio_app.erl': {error,
                                                                                                             24,
                                                                                                             {"error in XML parser: ~P.",
                                                                                                              [{system_limit,
                                                                                                                [{ets,
                                                                                                                  new,
                                                                                                                  [rules,
                                                                                                                   [...]],
                                                                                                                  []},
                                                                                                                 {xmerl_scan,
                                                                                                                  initial_state,
                                                                                                                  2,
                                                                                                                  [...]},
                                                                                                                 {xmerl_scan,
                                                                                                                  int_string,
                                                                                                                  4,...},
                                                                                                                 {xmerl_scan,
                                                                                                                  string,...},
                                                                                                                 {edoc_wiki,...},
                                                                                                                 {...}|...]},
                                                                                                               10]}}.
edoc: skipping source file '/home/pete/wefwefwef/docs/other/9573430395/gpio-branch-master/gpio/src/gpio_sup.erl': {error,
                                                                                                             24,
                                                                                                             {"error in XML parser: ~P.",
                                                                                                              [{system_limit,
                                                                                                                [{ets,
                                                                                                                  new,
                                                                                                                  [rules,
                                                                                                                   [...]],
                                                                                                                  []},
                                                                                                                 {xmerl_scan,
                                                                                                                  initial_state,
                                                                                                                  2,
                                                                                                                  [...]},
                                                                                                                 {xmerl_scan,
                                                                                                                  int_string,
                                                                                                                  4,...},
                                                                                                                 {xmerl_scan,
                                                                                                                  string,...},
                                                                                                                 {edoc_wiki,...},
                                                                                                                 {...}|...]},
                                                                                                               10]}}.
edoc: error in doclet 'edoc_doclet': {'EXIT',error}.
Error generating gpio XMLs. Using fallback ...
Generating XML gpio - gpio "/home/pete/wefwefwef/docs/other/9573430395/gpio-branch-master/gpio/src/gpio.erl" -> "/home/pete/wefwefwef/docs/other/9573430395/repo/master/.xml/gpio/gpio.xml"
/home/pete/wefwefwef/docs/other/9573430395/gpio-branch-master/gpio/src/gpio.erl, in module header: at line 14: error in XML parser: {system_limit,[{ets,new,[rules,[set|...]],[]},
                                    {xmerl_scan,initial_state,2,[{...}|...]},
                                    {xmerl_scan,int_string,4,[...]},
                                    {xmerl_scan,string,2,...},
                                    {edoc_wiki,parse_xml_1,...},
                                    {edoc_wiki,...},
                                    {...}|...]}.
Error generating XML ("/home/pete/wefwefwef/docs/other/9573430395/gpio-branch-master/gpio/src/gpio.erl"): {'EXIT',
                                                                                                           error}
Generating XML gpio - gpio_app "/home/pete/wefwefwef/docs/other/9573430395/gpio-branch-master/gpio/src/gpio_app.erl" -> "/home/pete/wefwefwef/docs/other/9573430395/repo/master/.xml/gpio/gpio_app.xml"
Error generating XML ("/home/pete/wefwefwef/docs/other/9573430395/gpio-branch-master/gpio/src/gpio_app.erl"): {error,
                                                                                                               24,
                                                                                                               {"error in XML parser: ~P.",
                                                                                                                [{system_limit,
                                                                                                                  [{ets,
                                                                                                                    new,
                                                                                                                    [rules,
                                                                                                                     [set,
                                                                                                                      public]],
                                                                                                                    []},
                                                                                                                   {xmerl_scan,
                                                                                                                    initial_state,
                                                                                                                    2,
                                                                                                                    [{file,
                                                                                                                      "xmerl_scan.erl"},
                                                                                                                     {line,
                                                                                                                      413}]},
                                                                                                                   {xmerl_scan,
                                                                                                                    int_string,
                                                                                                                    4,
                                                                                                                    [{file,
                                                                                                                      "xmerl_scan.erl"},
                                                                                                                     {line,
                                                                                                                      295}]},
                                                                                                                   {xmerl_scan,
                                                                                                                    string,
                                                                                                                    2,
                                                                                                                    [{file,
                                                                                                                      "xmerl_scan.erl"},
                                                                                                                     {line,
                                                                                                                      286}]},
                                                                                                                   {edoc_wiki,
                                                                                                                    parse_xml_1,
                                                                                                                    2,
                                                                                                                    [{file,
                                                                                                                      "edoc_wiki.erl"},
                                                                                                                     {line,
                                                                                                                      85}]},
                                                                                                                   {edoc_wiki,
                                                                                                                    parse_xml,
                                                                                                                    2,
                                                                                                                    [{file,
                                                                                                                      "edoc_wiki.erl"},
                                                                                                                     {line,
                                                                                                                      79}]},
                                                                                                                   {edoc_specs,
                                                                                                                    find_type_docs,
                                                                                                                    3,
                                                                                                                    [{file,
                                                                                                                      "edoc_specs.erl"},
                                                                                                                     {line,
                                                                                                                      150}]},
                                                                                                                   {edoc_extract,
                                                                                                                    source,
                                                                                                                    5,
                                                                                                                    [{file,
                                                                                                                      "edoc_extract.erl"},
                                                                                                                     {line,
                                                                                                                      78}]}]},
                                                                                                                 10]}}
Generating XML gpio - gpio_bench "/home/pete/wefwefwef/docs/other/9573430395/gpio-branch-master/gpio/src/gpio_bench.erl" -> "/home/pete/wefwefwef/docs/other/9573430395/repo/master/.xml/gpio/gpio_bench.xml"
/home/pete/wefwefwef/docs/other/9573430395/gpio-branch-master/gpio/src/gpio_bench.erl, in module header: at line 3: error in XML parser: {system_limit,[{ets,new,[rules,[set|...]],[]},
                                    {xmerl_scan,initial_state,2,[{...}|...]},
                                    {xmerl_scan,int_string,4,[...]},
                                    {xmerl_scan,string,2,...},
                                    {edoc_wiki,parse_xml_1,...},
                                    {edoc_wiki,...},
                                    {...}|...]}.
Error generating XML ("/home/pete/wefwefwef/docs/other/9573430395/gpio-branch-master/gpio/src/gpio_bench.erl"): {'EXIT',
                                                                                                                 error}
Generating XML gpio - gpio_server "/home/pete/wefwefwef/docs/other/9573430395/gpio-branch-master/gpio/src/gpio_server.erl" -> "/home/pete/wefwefwef/docs/other/9573430395/repo/master/.xml/gpio/gpio_server.xml"
/home/pete/wefwefwef/docs/other/9573430395/gpio-branch-master/gpio/src/gpio_server.erl, in module header: at line 14: error in XML parser: {system_limit,[{ets,new,[rules,[set|...]],[]},
                                    {xmerl_scan,initial_state,2,[{...}|...]},
                                    {xmerl_scan,int_string,4,[...]},
                                    {xmerl_scan,string,2,...},
                                    {edoc_wiki,parse_xml_1,...},
                                    {edoc_wiki,...},
                                    {...}|...]}.
Error generating XML ("/home/pete/wefwefwef/docs/other/9573430395/gpio-branch-master/gpio/src/gpio_server.erl"): {'EXIT',
                                                                                                                  error}
Generating XML gpio - gpio_sup "/home/pete/wefwefwef/docs/other/9573430395/gpio-branch-master/gpio/src/gpio_sup.erl" -> "/home/pete/wefwefwef/docs/other/9573430395/repo/master/.xml/gpio/gpio_sup.xml"
Error generating XML ("/home/pete/wefwefwef/docs/other/9573430395/gpio-branch-master/gpio/src/gpio_sup.erl"): {error,
                                                                                                               24,
                                                                                                               {"error in XML parser: ~P.",
                                                                                                                [{system_limit,
                                                                                                                  [{ets,
                                                                                                                    new,
                                                                                                                    [rules,
                                                                                                                     [set,
                                                                                                                      public]],
                                                                                                                    []},
                                                                                                                   {xmerl_scan,
                                                                                                                    initial_state,
                                                                                                                    2,
                                                                                                                    [{file,
                                                                                                                      "xmerl_scan.erl"},
                                                                                                                     {line,
                                                                                                                      413}]},
                                                                                                                   {xmerl_scan,
                                                                                                                    int_string,
                                                                                                                    4,
                                                                                                                    [{file,
                                                                                                                      "xmerl_scan.erl"},
                                                                                                                     {line,
                                                                                                                      295}]},
                                                                                                                   {xmerl_scan,
                                                                                                                    string,
                                                                                                                    2,
                                                                                                                    [{file,
                                                                                                                      "xmerl_scan.erl"},
                                                                                                                     {line,
                                                                                                                      286}]},
                                                                                                                   {edoc_wiki,
                                                                                                                    parse_xml_1,
                                                                                                                    2,
                                                                                                                    [{file,
                                                                                                                      "edoc_wiki.erl"},
                                                                                                                     {line,
                                                                                                                      85}]},
                                                                                                                   {edoc_wiki,
                                                                                                                    parse_xml,
                                                                                                                    2,
                                                                                                                    [{file,
                                                                                                                      "edoc_wiki.erl"},
                                                                                                                     {line,
                                                                                                                      79}]},
                                                                                                                   {edoc_specs,
                                                                                                                    find_type_docs,
                                                                                                                    3,
                                                                                                                    [{file,
                                                                                                                      "edoc_specs.erl"},
                                                                                                                     {line,
                                                                                                                      150}]},
                                                                                                                   {edoc_extract,
                                                                                                                    source,
                                                                                                                    5,
                                                                                                                    [{file,
                                                                                                                      "edoc_extract.erl"},
                                                                                                                     {line,
                                                                                                                      78}]}]},
                                                                                                                 10]}}
No documentation was generated!
Woot, finished in 0 Minutes 0 Seconds
 :: Discovering other repos
$ 5000  `rm -r '/home/pete/wefwefwef/docs/other/9573430395/gpio-branch-master'  2>&1`
 :: Finishing up
$ 5000  `rm -r '/home/pete/wefwefwef/docs/other/9573430395/gpio'  2>&1`
$ 5000  `rm -r '/home/pete/wefwefwef/docs/other/9573430395/repo/1.0'  2>&1`
$ 5000  `rm -r '/home/pete/wefwefwef/docs/other/9573430395/repo/master'  2>&1`
