 :: Extracting meta information
$ cd '.'
$ infinity  `git ls-remote --heads --tags https://github.com/tonyrog/can`
>>> [repo] 1 branches, 5 tags
 :: Writing meta to "/home/pete/wefwefwef/docs/other/d291f5c6f6aab1f7c4cf504038e245ee1c2bf2ee/meta.txt"
 :: Skipping tag "1.1"
 :: Skipping tag "1.2"
 :: Skipping tag "0.1"
 :: Skipping tag "0.2"
 :: Skipping tag "1.0"
 :: Processing https://github.com/tonyrog/can	{rev,branch,"master","f318e93ad420d658440918b0bc1ae33ee606b252",undefined,[],[]}
 :: Fetching repo code
$ cd '/home/pete/wefwefwef/docs/other/d291f5c6f6aab1f7c4cf504038e245ee1c2bf2ee/can-branch-master'
$ infinity  `curl --fail --silent --show-error --location --output repo.tar.gz https://codeload.github.com/tonyrog/can/tar.gz/master`
$ cd '/home/pete/wefwefwef/docs/other/d291f5c6f6aab1f7c4cf504038e245ee1c2bf2ee/can-branch-master/can-master'
$ 5000  `find -P . -type l -delete`
$ cd '.'
$ 5000  `mv /home/pete/wefwefwef/docs/other/d291f5c6f6aab1f7c4cf504038e245ee1c2bf2ee/can-branch-master/can-master /home/pete/wefwefwef/docs/other/d291f5c6f6aab1f7c4cf504038e245ee1c2bf2ee/can-branch-master/can`
 :: Getting dependencies
 :: Error running eo_core:
	[{eo_core,sh,
                  ["/home/pete/wefwefwef/docs/other/d291f5c6f6aab1f7c4cf504038e245ee1c2bf2ee/can-branch-master/can",
                   ["rebar","--config",
                    "/home/pete/wefwefwef/docs/other/d291f5c6f6aab1f7c4cf504038e245ee1c2bf2ee/can-branch-master/rebar_deps",
                    "get-deps"],
                   infinity],
                  []},
         {eo_util,get_deps,2,[{file,"src/eo_util.erl"},{line,123}]},
         {eo_util,rebar_get_deps,1,[{file,"src/eo_util.erl"},{line,88}]},
         {eo_core,get_deps,1,[{file,"src/eo_core.erl"},{line,339}]},
         {eo_core,do,7,[{file,"src/eo_core.erl"},{line,110}]},
         {eo_core,'-main_/1-lc$^0/1-0-',8,
                  [{file,"src/eo_core.erl"},{line,85}]},
         {eo_core,main_,1,[{file,"src/eo_core.erl"},{line,85}]},
         {eo_core,main,1,[{file,"src/eo_core.erl"},{line,56}]}]
{error,undef}
 :: Finishing up
$ cd '.'
$ 5000  `rm -r /home/pete/wefwefwef/docs/other/d291f5c6f6aab1f7c4cf504038e245ee1c2bf2ee/can`
