 :: Extracting meta information
$ infinity  `git ls-remote --heads --tags 'https://github.com/michalslaski/erlang-workshop'  2>&1`
>>> [repo] 9 branches, 0 tags
 :: Writing meta to "/home/pete/wefwefwef/docs/other/a2e02d53d3e49e94434a45a442677e70/meta.txt"
 :: Processing https://github.com/michalslaski/erlang-workshop	{rev,branch,"master","e9731ca1813eb553ee48b294b7e879317ad142d3",undefined,[],[]}
 :: Fetching repo code
$ cd '/home/pete/wefwefwef/docs/other/a2e02d53d3e49e94434a45a442677e70/erlang-workshop-branch-master'
$ infinity  `curl --fail --silent --show-error --location --output repo.zip 'https://github.com/michalslaski/erlang-workshop/archive/master.zip'  2>&1`
$ cd '/home/pete/wefwefwef/docs/erldocs_other.git'
$ cd '/home/pete/wefwefwef/docs/other/a2e02d53d3e49e94434a45a442677e70/erlang-workshop-branch-master/erlang-workshop-master'
$ 5000  `find -P . -type l -delete  2>&1`
$ cd '/home/pete/wefwefwef/docs/erldocs_other.git'
$ 5000  `mv '/home/pete/wefwefwef/docs/other/a2e02d53d3e49e94434a45a442677e70/erlang-workshop-branch-master/erlang-workshop-master' '/home/pete/wefwefwef/docs/other/a2e02d53d3e49e94434a45a442677e70/erlang-workshop-branch-master/erlang-workshop'  2>&1`
 :: Getting dependencies
 :: Generating erldocs into /home/pete/wefwefwef/docs/other/a2e02d53d3e49e94434a45a442677e70/repo/master
Building erlang-workshop
Generating XML for application erlang-workshop "/home/pete/wefwefwef/docs/other/a2e02d53d3e49e94434a45a442677e70/erlang-workshop-branch-master/erlang-workshop" -> "/home/pete/wefwefwef/docs/other/a2e02d53d3e49e94434a45a442677e70/repo/master/.xml/erlang-workshop"
Generated erlang-workshop XMLs: []
No documentation was generated!
Woot, finished in 0 Minutes 0 Seconds
 :: Discovering other repos
$ 5000  `rm -r '/home/pete/wefwefwef/docs/other/a2e02d53d3e49e94434a45a442677e70/erlang-workshop-branch-master'  2>&1`
 :: Processing https://github.com/michalslaski/erlang-workshop	{rev,branch,"8-create-release","14e1ccfc9ad061ed94ec533c7893f74909d6770a",undefined,[],[]}
 :: Fetching repo code
$ cd '/home/pete/wefwefwef/docs/other/a2e02d53d3e49e94434a45a442677e70/erlang-workshop-branch-8-create-release'
$ infinity  `curl --fail --silent --show-error --location --output repo.zip 'https://github.com/michalslaski/erlang-workshop/archive/8-create-release.zip'  2>&1`
$ cd '/home/pete/wefwefwef/docs/erldocs_other.git'
$ cd '/home/pete/wefwefwef/docs/other/a2e02d53d3e49e94434a45a442677e70/erlang-workshop-branch-8-create-release/erlang-workshop-8-create-release'
$ 5000  `find -P . -type l -delete  2>&1`
$ cd '/home/pete/wefwefwef/docs/erldocs_other.git'
$ 5000  `mv '/home/pete/wefwefwef/docs/other/a2e02d53d3e49e94434a45a442677e70/erlang-workshop-branch-8-create-release/erlang-workshop-8-create-release' '/home/pete/wefwefwef/docs/other/a2e02d53d3e49e94434a45a442677e70/erlang-workshop-branch-8-create-release/erlang-workshop'  2>&1`
 :: Getting dependencies
$ cd '/home/pete/wefwefwef/docs/other/a2e02d53d3e49e94434a45a442677e70/erlang-workshop-branch-8-create-release/erlang-workshop'
$ 5000  `ls -1 deps/  2>&1`
$ cd '/home/pete/wefwefwef/docs/erldocs_other.git'
>>> [rebar] deps = []
 :: Generating erldocs into /home/pete/wefwefwef/docs/other/a2e02d53d3e49e94434a45a442677e70/repo/8-create-release
Building erlang-workshop
Generating Type Specs - "/home/pete/wefwefwef/docs/other/a2e02d53d3e49e94434a45a442677e70/erlang-workshop-branch-8-create-release/erlang-workshop/src/abacus.erl"
Generating Type Specs - "/home/pete/wefwefwef/docs/other/a2e02d53d3e49e94434a45a442677e70/erlang-workshop-branch-8-create-release/erlang-workshop/src/abacus_app.erl"
Generating Type Specs - "/home/pete/wefwefwef/docs/other/a2e02d53d3e49e94434a45a442677e70/erlang-workshop-branch-8-create-release/erlang-workshop/src/abacus_srv.erl"
Generating Type Specs - "/home/pete/wefwefwef/docs/other/a2e02d53d3e49e94434a45a442677e70/erlang-workshop-branch-8-create-release/erlang-workshop/src/abacus_sup.erl"
Generating Type Specs - "/home/pete/wefwefwef/docs/other/a2e02d53d3e49e94434a45a442677e70/erlang-workshop-branch-8-create-release/erlang-workshop/src/abacus_tcp.erl"
Generating XML for application erlang-workshop "/home/pete/wefwefwef/docs/other/a2e02d53d3e49e94434a45a442677e70/erlang-workshop-branch-8-create-release/erlang-workshop" -> "/home/pete/wefwefwef/docs/other/a2e02d53d3e49e94434a45a442677e70/repo/8-create-release/.xml/erlang-workshop"
Generated erlang-workshop XMLs: ["/home/pete/wefwefwef/docs/other/a2e02d53d3e49e94434a45a442677e70/repo/8-create-release/.xml/erlang-workshop/abacus_tcp.xml",
                                 "/home/pete/wefwefwef/docs/other/a2e02d53d3e49e94434a45a442677e70/repo/8-create-release/.xml/erlang-workshop/abacus_app.xml",
                                 "/home/pete/wefwefwef/docs/other/a2e02d53d3e49e94434a45a442677e70/repo/8-create-release/.xml/erlang-workshop/abacus.xml",
                                 "/home/pete/wefwefwef/docs/other/a2e02d53d3e49e94434a45a442677e70/repo/8-create-release/.xml/erlang-workshop/abacus_srv.xml",
                                 "/home/pete/wefwefwef/docs/other/a2e02d53d3e49e94434a45a442677e70/repo/8-create-release/.xml/erlang-workshop/abacus_sup.xml"]
Generating HTML - abacus_tcp "/home/pete/wefwefwef/docs/other/a2e02d53d3e49e94434a45a442677e70/repo/8-create-release/.xml/erlang-workshop/abacus_tcp.xml"
Generating HTML - abacus_app "/home/pete/wefwefwef/docs/other/a2e02d53d3e49e94434a45a442677e70/repo/8-create-release/.xml/erlang-workshop/abacus_app.xml"
Generating HTML - abacus "/home/pete/wefwefwef/docs/other/a2e02d53d3e49e94434a45a442677e70/repo/8-create-release/.xml/erlang-workshop/abacus.xml"
Generating HTML - abacus_sup "/home/pete/wefwefwef/docs/other/a2e02d53d3e49e94434a45a442677e70/repo/8-create-release/.xml/erlang-workshop/abacus_sup.xml"
Reading XML for "/home/pete/wefwefwef/docs/other/a2e02d53d3e49e94434a45a442677e70/repo/8-create-release/.xml/erlang-workshop/abacus_tcp.xml"
Reading XML for "/home/pete/wefwefwef/docs/other/a2e02d53d3e49e94434a45a442677e70/repo/8-create-release/.xml/erlang-workshop/abacus_app.xml"
Reading XML for "/home/pete/wefwefwef/docs/other/a2e02d53d3e49e94434a45a442677e70/repo/8-create-release/.xml/erlang-workshop/abacus.xml"
Reading XML for "/home/pete/wefwefwef/docs/other/a2e02d53d3e49e94434a45a442677e70/repo/8-create-release/.xml/erlang-workshop/abacus_sup.xml"
Reading XML for "/home/pete/wefwefwef/docs/other/a2e02d53d3e49e94434a45a442677e70/repo/8-create-release/.xml/specs_abacus_tcp.xml"
Reading XML for "/home/pete/wefwefwef/docs/other/a2e02d53d3e49e94434a45a442677e70/repo/8-create-release/.xml/specs_abacus_app.xml"
Reading XML for "/home/pete/wefwefwef/docs/other/a2e02d53d3e49e94434a45a442677e70/repo/8-create-release/.xml/specs_abacus_sup.xml"
Reading XML for "/home/pete/wefwefwef/docs/other/a2e02d53d3e49e94434a45a442677e70/repo/8-create-release/.xml/specs_abacus.xml"
Generating HTML - abacus_srv "/home/pete/wefwefwef/docs/other/a2e02d53d3e49e94434a45a442677e70/repo/8-create-release/.xml/erlang-workshop/abacus_srv.xml"
Reading XML for "/home/pete/wefwefwef/docs/other/a2e02d53d3e49e94434a45a442677e70/repo/8-create-release/.xml/erlang-workshop/abacus_srv.xml"
Reading XML for "/home/pete/wefwefwef/docs/other/a2e02d53d3e49e94434a45a442677e70/repo/8-create-release/.xml/specs_abacus_srv.xml"
Creating index.html ...
Creating erldocs_index.js ...
Woot, finished in 0 Minutes 0 Seconds
 :: Discovering other repos
$ 5000  `rm -r '/home/pete/wefwefwef/docs/other/a2e02d53d3e49e94434a45a442677e70/erlang-workshop-branch-8-create-release'  2>&1`
 :: Processing https://github.com/michalslaski/erlang-workshop	{rev,branch,"7-create-application","6438d6de44096ff567067dfe123a6cbfb863f03e",undefined,[],[]}
 :: Fetching repo code
$ cd '/home/pete/wefwefwef/docs/other/a2e02d53d3e49e94434a45a442677e70/erlang-workshop-branch-7-create-application'
$ infinity  `curl --fail --silent --show-error --location --output repo.zip 'https://github.com/michalslaski/erlang-workshop/archive/7-create-application.zip'  2>&1`
$ cd '/home/pete/wefwefwef/docs/erldocs_other.git'
$ cd '/home/pete/wefwefwef/docs/other/a2e02d53d3e49e94434a45a442677e70/erlang-workshop-branch-7-create-application/erlang-workshop-7-create-application'
$ 5000  `find -P . -type l -delete  2>&1`
$ cd '/home/pete/wefwefwef/docs/erldocs_other.git'
$ 5000  `mv '/home/pete/wefwefwef/docs/other/a2e02d53d3e49e94434a45a442677e70/erlang-workshop-branch-7-create-application/erlang-workshop-7-create-application' '/home/pete/wefwefwef/docs/other/a2e02d53d3e49e94434a45a442677e70/erlang-workshop-branch-7-create-application/erlang-workshop'  2>&1`
 :: Getting dependencies
$ cd '/home/pete/wefwefwef/docs/other/a2e02d53d3e49e94434a45a442677e70/erlang-workshop-branch-7-create-application/erlang-workshop'
$ 5000  `ls -1 deps/  2>&1`
$ cd '/home/pete/wefwefwef/docs/erldocs_other.git'
>>> [rebar] deps = []
 :: Generating erldocs into /home/pete/wefwefwef/docs/other/a2e02d53d3e49e94434a45a442677e70/repo/7-create-application
Building erlang-workshop
Generating Type Specs - "/home/pete/wefwefwef/docs/other/a2e02d53d3e49e94434a45a442677e70/erlang-workshop-branch-7-create-application/erlang-workshop/src/abacus.erl"
Generating Type Specs - "/home/pete/wefwefwef/docs/other/a2e02d53d3e49e94434a45a442677e70/erlang-workshop-branch-7-create-application/erlang-workshop/src/abacus_app.erl"
Generating Type Specs - "/home/pete/wefwefwef/docs/other/a2e02d53d3e49e94434a45a442677e70/erlang-workshop-branch-7-create-application/erlang-workshop/src/abacus_srv.erl"
Generating Type Specs - "/home/pete/wefwefwef/docs/other/a2e02d53d3e49e94434a45a442677e70/erlang-workshop-branch-7-create-application/erlang-workshop/src/abacus_sup.erl"
Generating Type Specs - "/home/pete/wefwefwef/docs/other/a2e02d53d3e49e94434a45a442677e70/erlang-workshop-branch-7-create-application/erlang-workshop/src/abacus_tcp.erl"
Generating XML for application erlang-workshop "/home/pete/wefwefwef/docs/other/a2e02d53d3e49e94434a45a442677e70/erlang-workshop-branch-7-create-application/erlang-workshop" -> "/home/pete/wefwefwef/docs/other/a2e02d53d3e49e94434a45a442677e70/repo/7-create-application/.xml/erlang-workshop"
Generated erlang-workshop XMLs: ["/home/pete/wefwefwef/docs/other/a2e02d53d3e49e94434a45a442677e70/repo/7-create-application/.xml/erlang-workshop/abacus_tcp.xml",
                                 "/home/pete/wefwefwef/docs/other/a2e02d53d3e49e94434a45a442677e70/repo/7-create-application/.xml/erlang-workshop/abacus_app.xml",
                                 "/home/pete/wefwefwef/docs/other/a2e02d53d3e49e94434a45a442677e70/repo/7-create-application/.xml/erlang-workshop/abacus.xml",
                                 "/home/pete/wefwefwef/docs/other/a2e02d53d3e49e94434a45a442677e70/repo/7-create-application/.xml/erlang-workshop/abacus_srv.xml",
                                 "/home/pete/wefwefwef/docs/other/a2e02d53d3e49e94434a45a442677e70/repo/7-create-application/.xml/erlang-workshop/abacus_sup.xml"]
Generating HTML - abacus_tcp "/home/pete/wefwefwef/docs/other/a2e02d53d3e49e94434a45a442677e70/repo/7-create-application/.xml/erlang-workshop/abacus_tcp.xml"
Generating HTML - abacus_app "/home/pete/wefwefwef/docs/other/a2e02d53d3e49e94434a45a442677e70/repo/7-create-application/.xml/erlang-workshop/abacus_app.xml"
Generating HTML - abacus "/home/pete/wefwefwef/docs/other/a2e02d53d3e49e94434a45a442677e70/repo/7-create-application/.xml/erlang-workshop/abacus.xml"
Generating HTML - abacus_sup "/home/pete/wefwefwef/docs/other/a2e02d53d3e49e94434a45a442677e70/repo/7-create-application/.xml/erlang-workshop/abacus_sup.xml"
Reading XML for "/home/pete/wefwefwef/docs/other/a2e02d53d3e49e94434a45a442677e70/repo/7-create-application/.xml/erlang-workshop/abacus_tcp.xml"
Reading XML for "/home/pete/wefwefwef/docs/other/a2e02d53d3e49e94434a45a442677e70/repo/7-create-application/.xml/erlang-workshop/abacus_app.xml"
Reading XML for "/home/pete/wefwefwef/docs/other/a2e02d53d3e49e94434a45a442677e70/repo/7-create-application/.xml/erlang-workshop/abacus.xml"
Reading XML for "/home/pete/wefwefwef/docs/other/a2e02d53d3e49e94434a45a442677e70/repo/7-create-application/.xml/erlang-workshop/abacus_sup.xml"
Reading XML for "/home/pete/wefwefwef/docs/other/a2e02d53d3e49e94434a45a442677e70/repo/7-create-application/.xml/specs_abacus_tcp.xml"
Reading XML for "/home/pete/wefwefwef/docs/other/a2e02d53d3e49e94434a45a442677e70/repo/7-create-application/.xml/specs_abacus_app.xml"
Reading XML for "/home/pete/wefwefwef/docs/other/a2e02d53d3e49e94434a45a442677e70/repo/7-create-application/.xml/specs_abacus_sup.xml"
Reading XML for "/home/pete/wefwefwef/docs/other/a2e02d53d3e49e94434a45a442677e70/repo/7-create-application/.xml/specs_abacus.xml"
Generating HTML - abacus_srv "/home/pete/wefwefwef/docs/other/a2e02d53d3e49e94434a45a442677e70/repo/7-create-application/.xml/erlang-workshop/abacus_srv.xml"
Reading XML for "/home/pete/wefwefwef/docs/other/a2e02d53d3e49e94434a45a442677e70/repo/7-create-application/.xml/erlang-workshop/abacus_srv.xml"
Reading XML for "/home/pete/wefwefwef/docs/other/a2e02d53d3e49e94434a45a442677e70/repo/7-create-application/.xml/specs_abacus_srv.xml"
Creating index.html ...
Creating erldocs_index.js ...
Woot, finished in 0 Minutes 0 Seconds
 :: Discovering other repos
$ 5000  `rm -r '/home/pete/wefwefwef/docs/other/a2e02d53d3e49e94434a45a442677e70/erlang-workshop-branch-7-create-application'  2>&1`
 :: Processing https://github.com/michalslaski/erlang-workshop	{rev,branch,"6-create-supervisor","05f563cef17b4777f61afb965207fafa29189e5e",undefined,[],[]}
 :: Fetching repo code
$ cd '/home/pete/wefwefwef/docs/other/a2e02d53d3e49e94434a45a442677e70/erlang-workshop-branch-6-create-supervisor'
$ infinity  `curl --fail --silent --show-error --location --output repo.zip 'https://github.com/michalslaski/erlang-workshop/archive/6-create-supervisor.zip'  2>&1`
$ cd '/home/pete/wefwefwef/docs/erldocs_other.git'
$ cd '/home/pete/wefwefwef/docs/other/a2e02d53d3e49e94434a45a442677e70/erlang-workshop-branch-6-create-supervisor/erlang-workshop-6-create-supervisor'
$ 5000  `find -P . -type l -delete  2>&1`
$ cd '/home/pete/wefwefwef/docs/erldocs_other.git'
$ 5000  `mv '/home/pete/wefwefwef/docs/other/a2e02d53d3e49e94434a45a442677e70/erlang-workshop-branch-6-create-supervisor/erlang-workshop-6-create-supervisor' '/home/pete/wefwefwef/docs/other/a2e02d53d3e49e94434a45a442677e70/erlang-workshop-branch-6-create-supervisor/erlang-workshop'  2>&1`
 :: Getting dependencies
$ cd '/home/pete/wefwefwef/docs/other/a2e02d53d3e49e94434a45a442677e70/erlang-workshop-branch-6-create-supervisor/erlang-workshop'
$ 5000  `ls -1 deps/  2>&1`
$ cd '/home/pete/wefwefwef/docs/erldocs_other.git'
>>> [rebar] deps = []
 :: Generating erldocs into /home/pete/wefwefwef/docs/other/a2e02d53d3e49e94434a45a442677e70/repo/6-create-supervisor
Building erlang-workshop
Generating Type Specs - "/home/pete/wefwefwef/docs/other/a2e02d53d3e49e94434a45a442677e70/erlang-workshop-branch-6-create-supervisor/erlang-workshop/src/abacus.erl"
Generating Type Specs - "/home/pete/wefwefwef/docs/other/a2e02d53d3e49e94434a45a442677e70/erlang-workshop-branch-6-create-supervisor/erlang-workshop/src/abacus_srv.erl"
Generating Type Specs - "/home/pete/wefwefwef/docs/other/a2e02d53d3e49e94434a45a442677e70/erlang-workshop-branch-6-create-supervisor/erlang-workshop/src/abacus_sup.erl"
Generating Type Specs - "/home/pete/wefwefwef/docs/other/a2e02d53d3e49e94434a45a442677e70/erlang-workshop-branch-6-create-supervisor/erlang-workshop/src/abacus_tcp.erl"
Generating XML for application erlang-workshop "/home/pete/wefwefwef/docs/other/a2e02d53d3e49e94434a45a442677e70/erlang-workshop-branch-6-create-supervisor/erlang-workshop" -> "/home/pete/wefwefwef/docs/other/a2e02d53d3e49e94434a45a442677e70/repo/6-create-supervisor/.xml/erlang-workshop"
Generated erlang-workshop XMLs: ["/home/pete/wefwefwef/docs/other/a2e02d53d3e49e94434a45a442677e70/repo/6-create-supervisor/.xml/erlang-workshop/abacus_tcp.xml",
                                 "/home/pete/wefwefwef/docs/other/a2e02d53d3e49e94434a45a442677e70/repo/6-create-supervisor/.xml/erlang-workshop/abacus.xml",
                                 "/home/pete/wefwefwef/docs/other/a2e02d53d3e49e94434a45a442677e70/repo/6-create-supervisor/.xml/erlang-workshop/abacus_srv.xml",
                                 "/home/pete/wefwefwef/docs/other/a2e02d53d3e49e94434a45a442677e70/repo/6-create-supervisor/.xml/erlang-workshop/abacus_sup.xml"]
Generating HTML - abacus_tcp "/home/pete/wefwefwef/docs/other/a2e02d53d3e49e94434a45a442677e70/repo/6-create-supervisor/.xml/erlang-workshop/abacus_tcp.xml"
Generating HTML - abacus "/home/pete/wefwefwef/docs/other/a2e02d53d3e49e94434a45a442677e70/repo/6-create-supervisor/.xml/erlang-workshop/abacus.xml"
Generating HTML - abacus_srv "/home/pete/wefwefwef/docs/other/a2e02d53d3e49e94434a45a442677e70/repo/6-create-supervisor/.xml/erlang-workshop/abacus_srv.xml"
Generating HTML - abacus_sup "/home/pete/wefwefwef/docs/other/a2e02d53d3e49e94434a45a442677e70/repo/6-create-supervisor/.xml/erlang-workshop/abacus_sup.xml"
Reading XML for "/home/pete/wefwefwef/docs/other/a2e02d53d3e49e94434a45a442677e70/repo/6-create-supervisor/.xml/erlang-workshop/abacus_tcp.xml"
Reading XML for "/home/pete/wefwefwef/docs/other/a2e02d53d3e49e94434a45a442677e70/repo/6-create-supervisor/.xml/erlang-workshop/abacus.xml"
Reading XML for "/home/pete/wefwefwef/docs/other/a2e02d53d3e49e94434a45a442677e70/repo/6-create-supervisor/.xml/erlang-workshop/abacus_srv.xml"
Reading XML for "/home/pete/wefwefwef/docs/other/a2e02d53d3e49e94434a45a442677e70/repo/6-create-supervisor/.xml/erlang-workshop/abacus_sup.xml"
Reading XML for "/home/pete/wefwefwef/docs/other/a2e02d53d3e49e94434a45a442677e70/repo/6-create-supervisor/.xml/specs_abacus.xml"
Reading XML for "/home/pete/wefwefwef/docs/other/a2e02d53d3e49e94434a45a442677e70/repo/6-create-supervisor/.xml/specs_abacus_sup.xml"
Reading XML for "/home/pete/wefwefwef/docs/other/a2e02d53d3e49e94434a45a442677e70/repo/6-create-supervisor/.xml/specs_abacus_srv.xml"
Reading XML for "/home/pete/wefwefwef/docs/other/a2e02d53d3e49e94434a45a442677e70/repo/6-create-supervisor/.xml/specs_abacus_tcp.xml"
Creating index.html ...
Creating erldocs_index.js ...
Woot, finished in 0 Minutes 0 Seconds
 :: Discovering other repos
$ 5000  `rm -r '/home/pete/wefwefwef/docs/other/a2e02d53d3e49e94434a45a442677e70/erlang-workshop-branch-6-create-supervisor'  2>&1`
 :: Processing https://github.com/michalslaski/erlang-workshop	{rev,branch,"5-create-abacus-gen-server","c946acf68a9ae596fef30d4c9d3e514a818c92d9",undefined,[],[]}
 :: Fetching repo code
$ cd '/home/pete/wefwefwef/docs/other/a2e02d53d3e49e94434a45a442677e70/erlang-workshop-branch-5-create-abacus-gen-server'
$ infinity  `curl --fail --silent --show-error --location --output repo.zip 'https://github.com/michalslaski/erlang-workshop/archive/5-create-abacus-gen-server.zip'  2>&1`
$ cd '/home/pete/wefwefwef/docs/erldocs_other.git'
$ cd '/home/pete/wefwefwef/docs/other/a2e02d53d3e49e94434a45a442677e70/erlang-workshop-branch-5-create-abacus-gen-server/erlang-workshop-5-create-abacus-gen-server'
$ 5000  `find -P . -type l -delete  2>&1`
$ cd '/home/pete/wefwefwef/docs/erldocs_other.git'
$ 5000  `mv '/home/pete/wefwefwef/docs/other/a2e02d53d3e49e94434a45a442677e70/erlang-workshop-branch-5-create-abacus-gen-server/erlang-workshop-5-create-abacus-gen-server' '/home/pete/wefwefwef/docs/other/a2e02d53d3e49e94434a45a442677e70/erlang-workshop-branch-5-create-abacus-gen-server/erlang-workshop'  2>&1`
 :: Getting dependencies
$ cd '/home/pete/wefwefwef/docs/other/a2e02d53d3e49e94434a45a442677e70/erlang-workshop-branch-5-create-abacus-gen-server/erlang-workshop'
$ 5000  `ls -1 deps/  2>&1`
$ cd '/home/pete/wefwefwef/docs/erldocs_other.git'
>>> [rebar] deps = []
 :: Generating erldocs into /home/pete/wefwefwef/docs/other/a2e02d53d3e49e94434a45a442677e70/repo/5-create-abacus-gen-server
Building erlang-workshop
Generating Type Specs - "/home/pete/wefwefwef/docs/other/a2e02d53d3e49e94434a45a442677e70/erlang-workshop-branch-5-create-abacus-gen-server/erlang-workshop/src/abacus.erl"
Generating Type Specs - "/home/pete/wefwefwef/docs/other/a2e02d53d3e49e94434a45a442677e70/erlang-workshop-branch-5-create-abacus-gen-server/erlang-workshop/src/abacus_srv.erl"
Generating Type Specs - "/home/pete/wefwefwef/docs/other/a2e02d53d3e49e94434a45a442677e70/erlang-workshop-branch-5-create-abacus-gen-server/erlang-workshop/src/abacus_tcp.erl"
Generating XML for application erlang-workshop "/home/pete/wefwefwef/docs/other/a2e02d53d3e49e94434a45a442677e70/erlang-workshop-branch-5-create-abacus-gen-server/erlang-workshop" -> "/home/pete/wefwefwef/docs/other/a2e02d53d3e49e94434a45a442677e70/repo/5-create-abacus-gen-server/.xml/erlang-workshop"
Generated erlang-workshop XMLs: ["/home/pete/wefwefwef/docs/other/a2e02d53d3e49e94434a45a442677e70/repo/5-create-abacus-gen-server/.xml/erlang-workshop/abacus_tcp.xml",
                                 "/home/pete/wefwefwef/docs/other/a2e02d53d3e49e94434a45a442677e70/repo/5-create-abacus-gen-server/.xml/erlang-workshop/abacus.xml",
                                 "/home/pete/wefwefwef/docs/other/a2e02d53d3e49e94434a45a442677e70/repo/5-create-abacus-gen-server/.xml/erlang-workshop/abacus_srv.xml"]
Generating HTML - abacus_srv "/home/pete/wefwefwef/docs/other/a2e02d53d3e49e94434a45a442677e70/repo/5-create-abacus-gen-server/.xml/erlang-workshop/abacus_srv.xml"
Reading XML for "/home/pete/wefwefwef/docs/other/a2e02d53d3e49e94434a45a442677e70/repo/5-create-abacus-gen-server/.xml/erlang-workshop/abacus_srv.xml"
Reading XML for "/home/pete/wefwefwef/docs/other/a2e02d53d3e49e94434a45a442677e70/repo/5-create-abacus-gen-server/.xml/specs_abacus_srv.xml"
Generating HTML - abacus "/home/pete/wefwefwef/docs/other/a2e02d53d3e49e94434a45a442677e70/repo/5-create-abacus-gen-server/.xml/erlang-workshop/abacus.xml"
Reading XML for "/home/pete/wefwefwef/docs/other/a2e02d53d3e49e94434a45a442677e70/repo/5-create-abacus-gen-server/.xml/erlang-workshop/abacus.xml"
Reading XML for "/home/pete/wefwefwef/docs/other/a2e02d53d3e49e94434a45a442677e70/repo/5-create-abacus-gen-server/.xml/specs_abacus.xml"
Generating HTML - abacus_tcp "/home/pete/wefwefwef/docs/other/a2e02d53d3e49e94434a45a442677e70/repo/5-create-abacus-gen-server/.xml/erlang-workshop/abacus_tcp.xml"
Reading XML for "/home/pete/wefwefwef/docs/other/a2e02d53d3e49e94434a45a442677e70/repo/5-create-abacus-gen-server/.xml/erlang-workshop/abacus_tcp.xml"
Reading XML for "/home/pete/wefwefwef/docs/other/a2e02d53d3e49e94434a45a442677e70/repo/5-create-abacus-gen-server/.xml/specs_abacus_tcp.xml"
Creating index.html ...
Creating erldocs_index.js ...
Woot, finished in 0 Minutes 0 Seconds
 :: Discovering other repos
$ 5000  `rm -r '/home/pete/wefwefwef/docs/other/a2e02d53d3e49e94434a45a442677e70/erlang-workshop-branch-5-create-abacus-gen-server'  2>&1`
 :: Processing https://github.com/michalslaski/erlang-workshop	{rev,branch,"4-create-abacus-tcp","dcca15c33140db4c6080f50faccbcf9cfe665f0b",undefined,[],[]}
 :: Fetching repo code
$ cd '/home/pete/wefwefwef/docs/other/a2e02d53d3e49e94434a45a442677e70/erlang-workshop-branch-4-create-abacus-tcp'
$ infinity  `curl --fail --silent --show-error --location --output repo.zip 'https://github.com/michalslaski/erlang-workshop/archive/4-create-abacus-tcp.zip'  2>&1`
$ cd '/home/pete/wefwefwef/docs/erldocs_other.git'
$ cd '/home/pete/wefwefwef/docs/other/a2e02d53d3e49e94434a45a442677e70/erlang-workshop-branch-4-create-abacus-tcp/erlang-workshop-4-create-abacus-tcp'
$ 5000  `find -P . -type l -delete  2>&1`
$ cd '/home/pete/wefwefwef/docs/erldocs_other.git'
$ 5000  `mv '/home/pete/wefwefwef/docs/other/a2e02d53d3e49e94434a45a442677e70/erlang-workshop-branch-4-create-abacus-tcp/erlang-workshop-4-create-abacus-tcp' '/home/pete/wefwefwef/docs/other/a2e02d53d3e49e94434a45a442677e70/erlang-workshop-branch-4-create-abacus-tcp/erlang-workshop'  2>&1`
 :: Getting dependencies
$ cd '/home/pete/wefwefwef/docs/other/a2e02d53d3e49e94434a45a442677e70/erlang-workshop-branch-4-create-abacus-tcp/erlang-workshop'
$ 5000  `ls -1 deps/  2>&1`
$ cd '/home/pete/wefwefwef/docs/erldocs_other.git'
>>> [rebar] deps = []
 :: Generating erldocs into /home/pete/wefwefwef/docs/other/a2e02d53d3e49e94434a45a442677e70/repo/4-create-abacus-tcp
Building erlang-workshop
Generating Type Specs - "/home/pete/wefwefwef/docs/other/a2e02d53d3e49e94434a45a442677e70/erlang-workshop-branch-4-create-abacus-tcp/erlang-workshop/src/abacus.erl"
Generating Type Specs - "/home/pete/wefwefwef/docs/other/a2e02d53d3e49e94434a45a442677e70/erlang-workshop-branch-4-create-abacus-tcp/erlang-workshop/src/abacus_tcp.erl"
Generating XML for application erlang-workshop "/home/pete/wefwefwef/docs/other/a2e02d53d3e49e94434a45a442677e70/erlang-workshop-branch-4-create-abacus-tcp/erlang-workshop" -> "/home/pete/wefwefwef/docs/other/a2e02d53d3e49e94434a45a442677e70/repo/4-create-abacus-tcp/.xml/erlang-workshop"
Generated erlang-workshop XMLs: ["/home/pete/wefwefwef/docs/other/a2e02d53d3e49e94434a45a442677e70/repo/4-create-abacus-tcp/.xml/erlang-workshop/abacus_tcp.xml",
                                 "/home/pete/wefwefwef/docs/other/a2e02d53d3e49e94434a45a442677e70/repo/4-create-abacus-tcp/.xml/erlang-workshop/abacus.xml"]
Generating HTML - abacus "/home/pete/wefwefwef/docs/other/a2e02d53d3e49e94434a45a442677e70/repo/4-create-abacus-tcp/.xml/erlang-workshop/abacus.xml"
Reading XML for "/home/pete/wefwefwef/docs/other/a2e02d53d3e49e94434a45a442677e70/repo/4-create-abacus-tcp/.xml/erlang-workshop/abacus.xml"
Reading XML for "/home/pete/wefwefwef/docs/other/a2e02d53d3e49e94434a45a442677e70/repo/4-create-abacus-tcp/.xml/specs_abacus.xml"
Generating HTML - abacus_tcp "/home/pete/wefwefwef/docs/other/a2e02d53d3e49e94434a45a442677e70/repo/4-create-abacus-tcp/.xml/erlang-workshop/abacus_tcp.xml"
Reading XML for "/home/pete/wefwefwef/docs/other/a2e02d53d3e49e94434a45a442677e70/repo/4-create-abacus-tcp/.xml/erlang-workshop/abacus_tcp.xml"
Reading XML for "/home/pete/wefwefwef/docs/other/a2e02d53d3e49e94434a45a442677e70/repo/4-create-abacus-tcp/.xml/specs_abacus_tcp.xml"
Creating index.html ...
Creating erldocs_index.js ...
Woot, finished in 0 Minutes 0 Seconds
 :: Discovering other repos
$ 5000  `rm -r '/home/pete/wefwefwef/docs/other/a2e02d53d3e49e94434a45a442677e70/erlang-workshop-branch-4-create-abacus-tcp'  2>&1`
 :: Processing https://github.com/michalslaski/erlang-workshop	{rev,branch,"3-create-rebar-config","02a62ed44cc3e851545eea9a82a1bf3bb1a1eccc",undefined,[],[]}
 :: Fetching repo code
$ cd '/home/pete/wefwefwef/docs/other/a2e02d53d3e49e94434a45a442677e70/erlang-workshop-branch-3-create-rebar-config'
$ infinity  `curl --fail --silent --show-error --location --output repo.zip 'https://github.com/michalslaski/erlang-workshop/archive/3-create-rebar-config.zip'  2>&1`
$ cd '/home/pete/wefwefwef/docs/erldocs_other.git'
$ cd '/home/pete/wefwefwef/docs/other/a2e02d53d3e49e94434a45a442677e70/erlang-workshop-branch-3-create-rebar-config/erlang-workshop-3-create-rebar-config'
$ 5000  `find -P . -type l -delete  2>&1`
$ cd '/home/pete/wefwefwef/docs/erldocs_other.git'
$ 5000  `mv '/home/pete/wefwefwef/docs/other/a2e02d53d3e49e94434a45a442677e70/erlang-workshop-branch-3-create-rebar-config/erlang-workshop-3-create-rebar-config' '/home/pete/wefwefwef/docs/other/a2e02d53d3e49e94434a45a442677e70/erlang-workshop-branch-3-create-rebar-config/erlang-workshop'  2>&1`
 :: Getting dependencies
$ cd '/home/pete/wefwefwef/docs/other/a2e02d53d3e49e94434a45a442677e70/erlang-workshop-branch-3-create-rebar-config/erlang-workshop'
$ 5000  `ls -1 deps/  2>&1`
$ cd '/home/pete/wefwefwef/docs/erldocs_other.git'
>>> [rebar] deps = []
 :: Generating erldocs into /home/pete/wefwefwef/docs/other/a2e02d53d3e49e94434a45a442677e70/repo/3-create-rebar-config
Building erlang-workshop
Generating Type Specs - "/home/pete/wefwefwef/docs/other/a2e02d53d3e49e94434a45a442677e70/erlang-workshop-branch-3-create-rebar-config/erlang-workshop/src/abacus.erl"
Generating XML for application erlang-workshop "/home/pete/wefwefwef/docs/other/a2e02d53d3e49e94434a45a442677e70/erlang-workshop-branch-3-create-rebar-config/erlang-workshop" -> "/home/pete/wefwefwef/docs/other/a2e02d53d3e49e94434a45a442677e70/repo/3-create-rebar-config/.xml/erlang-workshop"
Generated erlang-workshop XMLs: ["/home/pete/wefwefwef/docs/other/a2e02d53d3e49e94434a45a442677e70/repo/3-create-rebar-config/.xml/erlang-workshop/abacus.xml"]
Generating HTML - abacus "/home/pete/wefwefwef/docs/other/a2e02d53d3e49e94434a45a442677e70/repo/3-create-rebar-config/.xml/erlang-workshop/abacus.xml"
Reading XML for "/home/pete/wefwefwef/docs/other/a2e02d53d3e49e94434a45a442677e70/repo/3-create-rebar-config/.xml/erlang-workshop/abacus.xml"
Reading XML for "/home/pete/wefwefwef/docs/other/a2e02d53d3e49e94434a45a442677e70/repo/3-create-rebar-config/.xml/specs_abacus.xml"
Creating index.html ...
Creating erldocs_index.js ...
Woot, finished in 0 Minutes 0 Seconds
 :: Discovering other repos
$ 5000  `rm -r '/home/pete/wefwefwef/docs/other/a2e02d53d3e49e94434a45a442677e70/erlang-workshop-branch-3-create-rebar-config'  2>&1`
 :: Processing https://github.com/michalslaski/erlang-workshop	{rev,branch,"2-create-tests","9b2fe1a6134ae36fbdb2d57fb1a7fffe810ef51c",undefined,[],[]}
 :: Fetching repo code
$ cd '/home/pete/wefwefwef/docs/other/a2e02d53d3e49e94434a45a442677e70/erlang-workshop-branch-2-create-tests'
$ infinity  `curl --fail --silent --show-error --location --output repo.zip 'https://github.com/michalslaski/erlang-workshop/archive/2-create-tests.zip'  2>&1`
$ cd '/home/pete/wefwefwef/docs/erldocs_other.git'
$ cd '/home/pete/wefwefwef/docs/other/a2e02d53d3e49e94434a45a442677e70/erlang-workshop-branch-2-create-tests/erlang-workshop-2-create-tests'
$ 5000  `find -P . -type l -delete  2>&1`
$ cd '/home/pete/wefwefwef/docs/erldocs_other.git'
$ 5000  `mv '/home/pete/wefwefwef/docs/other/a2e02d53d3e49e94434a45a442677e70/erlang-workshop-branch-2-create-tests/erlang-workshop-2-create-tests' '/home/pete/wefwefwef/docs/other/a2e02d53d3e49e94434a45a442677e70/erlang-workshop-branch-2-create-tests/erlang-workshop'  2>&1`
 :: Getting dependencies
 :: Generating erldocs into /home/pete/wefwefwef/docs/other/a2e02d53d3e49e94434a45a442677e70/repo/2-create-tests
Building erlang-workshop
Generating Type Specs - "/home/pete/wefwefwef/docs/other/a2e02d53d3e49e94434a45a442677e70/erlang-workshop-branch-2-create-tests/erlang-workshop/src/abacus.erl"
Generating XML for application erlang-workshop "/home/pete/wefwefwef/docs/other/a2e02d53d3e49e94434a45a442677e70/erlang-workshop-branch-2-create-tests/erlang-workshop" -> "/home/pete/wefwefwef/docs/other/a2e02d53d3e49e94434a45a442677e70/repo/2-create-tests/.xml/erlang-workshop"
Generated erlang-workshop XMLs: ["/home/pete/wefwefwef/docs/other/a2e02d53d3e49e94434a45a442677e70/repo/2-create-tests/.xml/erlang-workshop/abacus.xml"]
Generating HTML - abacus "/home/pete/wefwefwef/docs/other/a2e02d53d3e49e94434a45a442677e70/repo/2-create-tests/.xml/erlang-workshop/abacus.xml"
Reading XML for "/home/pete/wefwefwef/docs/other/a2e02d53d3e49e94434a45a442677e70/repo/2-create-tests/.xml/erlang-workshop/abacus.xml"
Reading XML for "/home/pete/wefwefwef/docs/other/a2e02d53d3e49e94434a45a442677e70/repo/2-create-tests/.xml/specs_abacus.xml"
Creating index.html ...
Creating erldocs_index.js ...
Woot, finished in 0 Minutes 0 Seconds
 :: Discovering other repos
$ 5000  `rm -r '/home/pete/wefwefwef/docs/other/a2e02d53d3e49e94434a45a442677e70/erlang-workshop-branch-2-create-tests'  2>&1`
 :: Processing https://github.com/michalslaski/erlang-workshop	{rev,branch,"1-create-module","bcda9ff46573ec562a7f5b0d5964ef733ecf7b97",undefined,[],[]}
 :: Fetching repo code
$ cd '/home/pete/wefwefwef/docs/other/a2e02d53d3e49e94434a45a442677e70/erlang-workshop-branch-1-create-module'
$ infinity  `curl --fail --silent --show-error --location --output repo.zip 'https://github.com/michalslaski/erlang-workshop/archive/1-create-module.zip'  2>&1`
$ cd '/home/pete/wefwefwef/docs/erldocs_other.git'
$ cd '/home/pete/wefwefwef/docs/other/a2e02d53d3e49e94434a45a442677e70/erlang-workshop-branch-1-create-module/erlang-workshop-1-create-module'
$ 5000  `find -P . -type l -delete  2>&1`
$ cd '/home/pete/wefwefwef/docs/erldocs_other.git'
$ 5000  `mv '/home/pete/wefwefwef/docs/other/a2e02d53d3e49e94434a45a442677e70/erlang-workshop-branch-1-create-module/erlang-workshop-1-create-module' '/home/pete/wefwefwef/docs/other/a2e02d53d3e49e94434a45a442677e70/erlang-workshop-branch-1-create-module/erlang-workshop'  2>&1`
 :: Getting dependencies
 :: Generating erldocs into /home/pete/wefwefwef/docs/other/a2e02d53d3e49e94434a45a442677e70/repo/1-create-module
Building erlang-workshop
Generating Type Specs - "/home/pete/wefwefwef/docs/other/a2e02d53d3e49e94434a45a442677e70/erlang-workshop-branch-1-create-module/erlang-workshop/src/abacus.erl"
Generating XML for application erlang-workshop "/home/pete/wefwefwef/docs/other/a2e02d53d3e49e94434a45a442677e70/erlang-workshop-branch-1-create-module/erlang-workshop" -> "/home/pete/wefwefwef/docs/other/a2e02d53d3e49e94434a45a442677e70/repo/1-create-module/.xml/erlang-workshop"
Generated erlang-workshop XMLs: ["/home/pete/wefwefwef/docs/other/a2e02d53d3e49e94434a45a442677e70/repo/1-create-module/.xml/erlang-workshop/abacus.xml"]
Generating HTML - abacus "/home/pete/wefwefwef/docs/other/a2e02d53d3e49e94434a45a442677e70/repo/1-create-module/.xml/erlang-workshop/abacus.xml"
Reading XML for "/home/pete/wefwefwef/docs/other/a2e02d53d3e49e94434a45a442677e70/repo/1-create-module/.xml/erlang-workshop/abacus.xml"
Reading XML for "/home/pete/wefwefwef/docs/other/a2e02d53d3e49e94434a45a442677e70/repo/1-create-module/.xml/specs_abacus.xml"
Creating index.html ...
Creating erldocs_index.js ...
Woot, finished in 0 Minutes 0 Seconds
 :: Discovering other repos
$ 5000  `rm -r '/home/pete/wefwefwef/docs/other/a2e02d53d3e49e94434a45a442677e70/erlang-workshop-branch-1-create-module'  2>&1`
 :: Finishing up
$ 5000  `rm -r '/home/pete/wefwefwef/docs/other/a2e02d53d3e49e94434a45a442677e70/erlang-workshop'  2>&1`
$ 5000  `rm -r '/home/pete/wefwefwef/docs/other/a2e02d53d3e49e94434a45a442677e70/repo/master'  2>&1`
