 :: Extracting meta information
$ 5000  `git ls-remote --heads --tags 'https://github.com/danw/dw_events'  2>&1`
>>> [repo] 1 branches, 0 tags
 :: Writing meta to "/home/pete/wefwefwef/docs/other/7142565136/meta.txt"
 :: Processing https://github.com/danw/dw_events	{rev,branch,"master","91b75bf498f6c4b14af79a7c922c45f2edfd4c28"}
 :: Fetching repo code
$ cd "/home/pete/wefwefwef/docs/other/7142565136/dw_events-branch-master/dw_events"
$ infinity  `curl --fail --silent --show-error --location --output 'master.zip' 'https://github.com/danw/dw_events/archive/master.zip'  2>&1`
$ cd "/home/pete/wefwefwef/docs/erldocs_other.git"
$ cd "/home/pete/wefwefwef/docs/other/7142565136/dw_events-branch-master/dw_events"
$ 5000  `find -P . -type l -delete  2>&1`
$ cd "/home/pete/wefwefwef/docs/erldocs_other.git"
$ cd "/home/pete/wefwefwef/docs/other/7142565136/dw_events-branch-master/dw_events"
$ 5000  `find 'dw_events-master' -mindepth 1 -maxdepth 1 -exec mv -t . -- {} +  2>&1`
$ cd "/home/pete/wefwefwef/docs/erldocs_other.git"
 :: Getting dependencies
$ cd "/home/pete/wefwefwef/docs/other/7142565136/dw_events-branch-master/dw_events"
$ 5000  `ls -1 deps/  2>&1`
$ cd "/home/pete/wefwefwef/docs/erldocs_other.git"
>>> [rebar] deps = []
 :: Generating erldocs into /home/pete/wefwefwef/docs/other/7142565136/repo/master
Building dw_events
Generating Type Specs - "/home/pete/wefwefwef/docs/other/7142565136/dw_events-branch-master/dw_events/src/dw_event.erl"
Generating Type Specs - "/home/pete/wefwefwef/docs/other/7142565136/dw_events-branch-master/dw_events/src/dw_events.erl"
Generating Type Specs - "/home/pete/wefwefwef/docs/other/7142565136/dw_events-branch-master/dw_events/src/dw_events_app.erl"
Generating Type Specs - "/home/pete/wefwefwef/docs/other/7142565136/dw_events-branch-master/dw_events/src/dw_events_permissions.erl"
Generating Type Specs - "/home/pete/wefwefwef/docs/other/7142565136/dw_events-branch-master/dw_events/src/dw_events_sup.erl"
Generating XML for application dw_events "/home/pete/wefwefwef/docs/other/7142565136/dw_events-branch-master/dw_events" -> "/home/pete/wefwefwef/docs/other/7142565136/repo/master/.xml/dw_events"
Generated dw_events XMLs: ["/home/pete/wefwefwef/docs/other/7142565136/repo/master/.xml/dw_events/dw_events_permissions.xml",
                           "/home/pete/wefwefwef/docs/other/7142565136/repo/master/.xml/dw_events/dw_events.xml",
                           "/home/pete/wefwefwef/docs/other/7142565136/repo/master/.xml/dw_events/dw_events_sup.xml",
                           "/home/pete/wefwefwef/docs/other/7142565136/repo/master/.xml/dw_events/dw_event.xml",
                           "/home/pete/wefwefwef/docs/other/7142565136/repo/master/.xml/dw_events/dw_events_app.xml"]
Generating HTML - dw_events "/home/pete/wefwefwef/docs/other/7142565136/repo/master/.xml/dw_events/dw_events.xml"
Generating HTML - dw_events_app "/home/pete/wefwefwef/docs/other/7142565136/repo/master/.xml/dw_events/dw_events_app.xml"
Generating HTML - dw_events_sup "/home/pete/wefwefwef/docs/other/7142565136/repo/master/.xml/dw_events/dw_events_sup.xml"
Generating HTML - dw_events_permissions "/home/pete/wefwefwef/docs/other/7142565136/repo/master/.xml/dw_events/dw_events_permissions.xml"
Reading XML for "/home/pete/wefwefwef/docs/other/7142565136/repo/master/.xml/dw_events/dw_events.xml"
Reading XML for "/home/pete/wefwefwef/docs/other/7142565136/repo/master/.xml/dw_events/dw_events_app.xml"
Reading XML for "/home/pete/wefwefwef/docs/other/7142565136/repo/master/.xml/dw_events/dw_events_sup.xml"
Reading XML for "/home/pete/wefwefwef/docs/other/7142565136/repo/master/.xml/dw_events/dw_events_permissions.xml"
Reading XML for "/home/pete/wefwefwef/docs/other/7142565136/repo/master/.xml/specs_dw_events.xml"
Reading XML for "/home/pete/wefwefwef/docs/other/7142565136/repo/master/.xml/specs_dw_events_permissions.xml"
Reading XML for "/home/pete/wefwefwef/docs/other/7142565136/repo/master/.xml/specs_dw_events_app.xml"
Generating HTML - dw_event "/home/pete/wefwefwef/docs/other/7142565136/repo/master/.xml/dw_events/dw_event.xml"
Reading XML for "/home/pete/wefwefwef/docs/other/7142565136/repo/master/.xml/dw_events/dw_event.xml"
Reading XML for "/home/pete/wefwefwef/docs/other/7142565136/repo/master/.xml/specs_dw_events_sup.xml"
Reading XML for "/home/pete/wefwefwef/docs/other/7142565136/repo/master/.xml/specs_dw_event.xml"
Creating index.html ...
Creating erldocs_index.js ...
Woot, finished in 0 Minutes 0 Seconds
 :: Discovering other repos
$ 5000  `rm -r '/home/pete/wefwefwef/docs/other/7142565136/dw_events-branch-master'  2>&1`
 :: Erldocs finishing up
$ 5000  `rm -r '/home/pete/wefwefwef/docs/other/7142565136/dw_events'  2>&1`
