 :: Extracting meta information
$ 5000  `git ls-remote --heads --tags 'https://github.com/define-null/erlang_protobuffs'  2>&1`
>>> [repo] 3 branches, 4 tags
 :: Writing meta to "/home/pete/wefwefwef/docs/other/5160375287/meta.txt"
 :: Processing https://github.com/define-null/erlang_protobuffs	{rev,tag,"RELEASE_4","d7bf745b7bb3ed8149a7195f9712e1b02c1bb731",undefined,[],[]}
 :: Fetching repo code
$ cd "/home/pete/wefwefwef/docs/other/5160375287/erlang_protobuffs-tag-RELEASE_4/erlang_protobuffs"
$ infinity  `curl --fail --silent --show-error --location --output 'RELEASE_4.zip' 'https://github.com/define-null/erlang_protobuffs/archive/RELEASE_4.zip'  2>&1`
$ cd "/home/pete/wefwefwef/docs/erldocs_other.git"
$ cd "/home/pete/wefwefwef/docs/other/5160375287/erlang_protobuffs-tag-RELEASE_4/erlang_protobuffs"
$ 5000  `find -P . -type l -delete  2>&1`
$ cd "/home/pete/wefwefwef/docs/erldocs_other.git"
$ cd "/home/pete/wefwefwef/docs/other/5160375287/erlang_protobuffs-tag-RELEASE_4/erlang_protobuffs"
$ 5000  `find 'erlang_protobuffs-RELEASE_4' -mindepth 1 -maxdepth 1 -exec mv -t . -- {} +  2>&1`
$ cd "/home/pete/wefwefwef/docs/erldocs_other.git"
 :: Getting dependencies
$ cd "/home/pete/wefwefwef/docs/other/5160375287/erlang_protobuffs-tag-RELEASE_4/erlang_protobuffs"
$ 5000  `ls -1 deps/  2>&1`
$ cd "/home/pete/wefwefwef/docs/erldocs_other.git"
>>> [rebar] deps = []
 :: Generating erldocs into /home/pete/wefwefwef/docs/other/5160375287/repo/RELEASE_4
Building erlang_protobuffs
Generating Type Specs - "/home/pete/wefwefwef/docs/other/5160375287/erlang_protobuffs-tag-RELEASE_4/erlang_protobuffs/src/pokemon_pb.erl"
Generating Type Specs - "/home/pete/wefwefwef/docs/other/5160375287/erlang_protobuffs-tag-RELEASE_4/erlang_protobuffs/src/protobuffs.erl"
Generating Type Specs - "/home/pete/wefwefwef/docs/other/5160375287/erlang_protobuffs-tag-RELEASE_4/erlang_protobuffs/src/protobuffs_compile.erl"
Generating Type Specs - "/home/pete/wefwefwef/docs/other/5160375287/erlang_protobuffs-tag-RELEASE_4/erlang_protobuffs/src/protobuffs_parser.erl"
Generating XML for application erlang_protobuffs "/home/pete/wefwefwef/docs/other/5160375287/erlang_protobuffs-tag-RELEASE_4/erlang_protobuffs" -> "/home/pete/wefwefwef/docs/other/5160375287/repo/RELEASE_4/.xml/erlang_protobuffs"
Generated erlang_protobuffs XMLs: ["/home/pete/wefwefwef/docs/other/5160375287/repo/RELEASE_4/.xml/erlang_protobuffs/protobuffs_compile.xml",
                                   "/home/pete/wefwefwef/docs/other/5160375287/repo/RELEASE_4/.xml/erlang_protobuffs/protobuffs_parser.xml",
                                   "/home/pete/wefwefwef/docs/other/5160375287/repo/RELEASE_4/.xml/erlang_protobuffs/pokemon_pb.xml",
                                   "/home/pete/wefwefwef/docs/other/5160375287/repo/RELEASE_4/.xml/erlang_protobuffs/protobuffs.xml"]
Generating HTML - protobuffs_parser "/home/pete/wefwefwef/docs/other/5160375287/repo/RELEASE_4/.xml/erlang_protobuffs/protobuffs_parser.xml"
Generating HTML - protobuffs "/home/pete/wefwefwef/docs/other/5160375287/repo/RELEASE_4/.xml/erlang_protobuffs/protobuffs.xml"
Generating HTML - pokemon_pb "/home/pete/wefwefwef/docs/other/5160375287/repo/RELEASE_4/.xml/erlang_protobuffs/pokemon_pb.xml"
Generating HTML - protobuffs_compile "/home/pete/wefwefwef/docs/other/5160375287/repo/RELEASE_4/.xml/erlang_protobuffs/protobuffs_compile.xml"
Reading XML for "/home/pete/wefwefwef/docs/other/5160375287/repo/RELEASE_4/.xml/erlang_protobuffs/protobuffs_parser.xml"
Reading XML for "/home/pete/wefwefwef/docs/other/5160375287/repo/RELEASE_4/.xml/erlang_protobuffs/protobuffs.xml"
Reading XML for "/home/pete/wefwefwef/docs/other/5160375287/repo/RELEASE_4/.xml/erlang_protobuffs/pokemon_pb.xml"
Reading XML for "/home/pete/wefwefwef/docs/other/5160375287/repo/RELEASE_4/.xml/erlang_protobuffs/protobuffs_compile.xml"
Reading XML for "/home/pete/wefwefwef/docs/other/5160375287/repo/RELEASE_4/.xml/specs_protobuffs_parser.xml"
Reading XML for "/home/pete/wefwefwef/docs/other/5160375287/repo/RELEASE_4/.xml/specs_protobuffs.xml"
Reading XML for "/home/pete/wefwefwef/docs/other/5160375287/repo/RELEASE_4/.xml/specs_protobuffs_compile.xml"
Reading XML for "/home/pete/wefwefwef/docs/other/5160375287/repo/RELEASE_4/.xml/specs_pokemon_pb.xml"
Creating index.html ...
Creating erldocs_index.js ...
Woot, finished in 0 Minutes 0 Seconds
 :: Discovering other repos
$ 5000  `rm -r '/home/pete/wefwefwef/docs/other/5160375287/erlang_protobuffs-tag-RELEASE_4'  2>&1`
 :: Processing https://github.com/define-null/erlang_protobuffs	{rev,tag,"protobuffs-0.5.0","55ff2683dd3c4502b4d9433a1d0ce5910b76fb7e",undefined,[],[]}
 :: Fetching repo code
$ cd "/home/pete/wefwefwef/docs/other/5160375287/erlang_protobuffs-tag-protobuffs-0.5.0/erlang_protobuffs"
$ infinity  `curl --fail --silent --show-error --location --output 'protobuffs-0.5.0.zip' 'https://github.com/define-null/erlang_protobuffs/archive/protobuffs-0.5.0.zip'  2>&1`
$ cd "/home/pete/wefwefwef/docs/erldocs_other.git"
$ cd "/home/pete/wefwefwef/docs/other/5160375287/erlang_protobuffs-tag-protobuffs-0.5.0/erlang_protobuffs"
$ 5000  `find -P . -type l -delete  2>&1`
$ cd "/home/pete/wefwefwef/docs/erldocs_other.git"
$ cd "/home/pete/wefwefwef/docs/other/5160375287/erlang_protobuffs-tag-protobuffs-0.5.0/erlang_protobuffs"
$ 5000  `find 'erlang_protobuffs-protobuffs-0.5.0' -mindepth 1 -maxdepth 1 -exec mv -t . -- {} +  2>&1`
$ cd "/home/pete/wefwefwef/docs/erldocs_other.git"
 :: Getting dependencies
$ cd "/home/pete/wefwefwef/docs/other/5160375287/erlang_protobuffs-tag-protobuffs-0.5.0/erlang_protobuffs"
$ 5000  `ls -1 deps/  2>&1`
$ cd "/home/pete/wefwefwef/docs/erldocs_other.git"
>>> [rebar] deps = []
 :: Generating erldocs into /home/pete/wefwefwef/docs/other/5160375287/repo/protobuffs-0.5.0
Building erlang_protobuffs
Generating Type Specs - "/home/pete/wefwefwef/docs/other/5160375287/erlang_protobuffs-tag-protobuffs-0.5.0/erlang_protobuffs/src/pokemon_pb.erl"
Generating Type Specs - "/home/pete/wefwefwef/docs/other/5160375287/erlang_protobuffs-tag-protobuffs-0.5.0/erlang_protobuffs/src/protobuffs.erl"
Generating Type Specs - "/home/pete/wefwefwef/docs/other/5160375287/erlang_protobuffs-tag-protobuffs-0.5.0/erlang_protobuffs/src/protobuffs_compile.erl"
Generating Type Specs - "/home/pete/wefwefwef/docs/other/5160375287/erlang_protobuffs-tag-protobuffs-0.5.0/erlang_protobuffs/src/protobuffs_parser.erl"
Generating XML for application erlang_protobuffs "/home/pete/wefwefwef/docs/other/5160375287/erlang_protobuffs-tag-protobuffs-0.5.0/erlang_protobuffs" -> "/home/pete/wefwefwef/docs/other/5160375287/repo/protobuffs-0.5.0/.xml/erlang_protobuffs"
Generated erlang_protobuffs XMLs: ["/home/pete/wefwefwef/docs/other/5160375287/repo/protobuffs-0.5.0/.xml/erlang_protobuffs/protobuffs_compile.xml",
                                   "/home/pete/wefwefwef/docs/other/5160375287/repo/protobuffs-0.5.0/.xml/erlang_protobuffs/protobuffs_parser.xml",
                                   "/home/pete/wefwefwef/docs/other/5160375287/repo/protobuffs-0.5.0/.xml/erlang_protobuffs/pokemon_pb.xml",
                                   "/home/pete/wefwefwef/docs/other/5160375287/repo/protobuffs-0.5.0/.xml/erlang_protobuffs/protobuffs.xml"]
Generating HTML - protobuffs_compile "/home/pete/wefwefwef/docs/other/5160375287/repo/protobuffs-0.5.0/.xml/erlang_protobuffs/protobuffs_compile.xml"
Generating HTML - protobuffs_parser "/home/pete/wefwefwef/docs/other/5160375287/repo/protobuffs-0.5.0/.xml/erlang_protobuffs/protobuffs_parser.xml"
Generating HTML - pokemon_pb "/home/pete/wefwefwef/docs/other/5160375287/repo/protobuffs-0.5.0/.xml/erlang_protobuffs/pokemon_pb.xml"
Generating HTML - protobuffs "/home/pete/wefwefwef/docs/other/5160375287/repo/protobuffs-0.5.0/.xml/erlang_protobuffs/protobuffs.xml"
Reading XML for "/home/pete/wefwefwef/docs/other/5160375287/repo/protobuffs-0.5.0/.xml/erlang_protobuffs/protobuffs_compile.xml"
Reading XML for "/home/pete/wefwefwef/docs/other/5160375287/repo/protobuffs-0.5.0/.xml/erlang_protobuffs/protobuffs_parser.xml"
Reading XML for "/home/pete/wefwefwef/docs/other/5160375287/repo/protobuffs-0.5.0/.xml/erlang_protobuffs/pokemon_pb.xml"
Reading XML for "/home/pete/wefwefwef/docs/other/5160375287/repo/protobuffs-0.5.0/.xml/erlang_protobuffs/protobuffs.xml"
Reading XML for "/home/pete/wefwefwef/docs/other/5160375287/repo/protobuffs-0.5.0/.xml/specs_protobuffs_compile.xml"
Reading XML for "/home/pete/wefwefwef/docs/other/5160375287/repo/protobuffs-0.5.0/.xml/specs_protobuffs_parser.xml"
Reading XML for "/home/pete/wefwefwef/docs/other/5160375287/repo/protobuffs-0.5.0/.xml/specs_pokemon_pb.xml"
Reading XML for "/home/pete/wefwefwef/docs/other/5160375287/repo/protobuffs-0.5.0/.xml/specs_protobuffs.xml"
Creating index.html ...
Creating erldocs_index.js ...
Woot, finished in 0 Minutes 0 Seconds
 :: Discovering other repos
$ 5000  `rm -r '/home/pete/wefwefwef/docs/other/5160375287/erlang_protobuffs-tag-protobuffs-0.5.0'  2>&1`
 :: Processing https://github.com/define-null/erlang_protobuffs	{rev,tag,"protobuffs-0.5.1","69902c7134dc30536d3528c5a8108cd1903d7fc7",undefined,[],[]}
 :: Fetching repo code
$ cd "/home/pete/wefwefwef/docs/other/5160375287/erlang_protobuffs-tag-protobuffs-0.5.1/erlang_protobuffs"
$ infinity  `curl --fail --silent --show-error --location --output 'protobuffs-0.5.1.zip' 'https://github.com/define-null/erlang_protobuffs/archive/protobuffs-0.5.1.zip'  2>&1`
$ cd "/home/pete/wefwefwef/docs/erldocs_other.git"
$ cd "/home/pete/wefwefwef/docs/other/5160375287/erlang_protobuffs-tag-protobuffs-0.5.1/erlang_protobuffs"
$ 5000  `find -P . -type l -delete  2>&1`
$ cd "/home/pete/wefwefwef/docs/erldocs_other.git"
$ cd "/home/pete/wefwefwef/docs/other/5160375287/erlang_protobuffs-tag-protobuffs-0.5.1/erlang_protobuffs"
$ 5000  `find 'erlang_protobuffs-protobuffs-0.5.1' -mindepth 1 -maxdepth 1 -exec mv -t . -- {} +  2>&1`
$ cd "/home/pete/wefwefwef/docs/erldocs_other.git"
 :: Getting dependencies
$ cd "/home/pete/wefwefwef/docs/other/5160375287/erlang_protobuffs-tag-protobuffs-0.5.1/erlang_protobuffs"
$ 5000  `ls -1 deps/  2>&1`
$ cd "/home/pete/wefwefwef/docs/erldocs_other.git"
>>> [rebar] deps = []
 :: Generating erldocs into /home/pete/wefwefwef/docs/other/5160375287/repo/protobuffs-0.5.1
Building erlang_protobuffs
Generating Type Specs - "/home/pete/wefwefwef/docs/other/5160375287/erlang_protobuffs-tag-protobuffs-0.5.1/erlang_protobuffs/src/pokemon_pb.erl"
Generating Type Specs - "/home/pete/wefwefwef/docs/other/5160375287/erlang_protobuffs-tag-protobuffs-0.5.1/erlang_protobuffs/src/protobuffs.erl"
Generating Type Specs - "/home/pete/wefwefwef/docs/other/5160375287/erlang_protobuffs-tag-protobuffs-0.5.1/erlang_protobuffs/src/protobuffs_compile.erl"
Generating Type Specs - "/home/pete/wefwefwef/docs/other/5160375287/erlang_protobuffs-tag-protobuffs-0.5.1/erlang_protobuffs/src/protobuffs_parser.erl"
Generating XML for application erlang_protobuffs "/home/pete/wefwefwef/docs/other/5160375287/erlang_protobuffs-tag-protobuffs-0.5.1/erlang_protobuffs" -> "/home/pete/wefwefwef/docs/other/5160375287/repo/protobuffs-0.5.1/.xml/erlang_protobuffs"
Generated erlang_protobuffs XMLs: ["/home/pete/wefwefwef/docs/other/5160375287/repo/protobuffs-0.5.1/.xml/erlang_protobuffs/protobuffs_compile.xml",
                                   "/home/pete/wefwefwef/docs/other/5160375287/repo/protobuffs-0.5.1/.xml/erlang_protobuffs/protobuffs_parser.xml",
                                   "/home/pete/wefwefwef/docs/other/5160375287/repo/protobuffs-0.5.1/.xml/erlang_protobuffs/pokemon_pb.xml",
                                   "/home/pete/wefwefwef/docs/other/5160375287/repo/protobuffs-0.5.1/.xml/erlang_protobuffs/protobuffs.xml"]
Generating HTML - protobuffs_compile "/home/pete/wefwefwef/docs/other/5160375287/repo/protobuffs-0.5.1/.xml/erlang_protobuffs/protobuffs_compile.xml"
Generating HTML - protobuffs_parser "/home/pete/wefwefwef/docs/other/5160375287/repo/protobuffs-0.5.1/.xml/erlang_protobuffs/protobuffs_parser.xml"
Generating HTML - pokemon_pb "/home/pete/wefwefwef/docs/other/5160375287/repo/protobuffs-0.5.1/.xml/erlang_protobuffs/pokemon_pb.xml"
Generating HTML - protobuffs "/home/pete/wefwefwef/docs/other/5160375287/repo/protobuffs-0.5.1/.xml/erlang_protobuffs/protobuffs.xml"
Reading XML for "/home/pete/wefwefwef/docs/other/5160375287/repo/protobuffs-0.5.1/.xml/erlang_protobuffs/protobuffs_compile.xml"
Reading XML for "/home/pete/wefwefwef/docs/other/5160375287/repo/protobuffs-0.5.1/.xml/erlang_protobuffs/protobuffs_parser.xml"
Reading XML for "/home/pete/wefwefwef/docs/other/5160375287/repo/protobuffs-0.5.1/.xml/erlang_protobuffs/pokemon_pb.xml"
Reading XML for "/home/pete/wefwefwef/docs/other/5160375287/repo/protobuffs-0.5.1/.xml/erlang_protobuffs/protobuffs.xml"
Reading XML for "/home/pete/wefwefwef/docs/other/5160375287/repo/protobuffs-0.5.1/.xml/specs_protobuffs_compile.xml"
Reading XML for "/home/pete/wefwefwef/docs/other/5160375287/repo/protobuffs-0.5.1/.xml/specs_protobuffs_parser.xml"
Reading XML for "/home/pete/wefwefwef/docs/other/5160375287/repo/protobuffs-0.5.1/.xml/specs_pokemon_pb.xml"
Reading XML for "/home/pete/wefwefwef/docs/other/5160375287/repo/protobuffs-0.5.1/.xml/specs_protobuffs.xml"
Creating index.html ...
Creating erldocs_index.js ...
Woot, finished in 0 Minutes 0 Seconds
 :: Discovering other repos
$ 5000  `rm -r '/home/pete/wefwefwef/docs/other/5160375287/erlang_protobuffs-tag-protobuffs-0.5.1'  2>&1`
 :: Processing https://github.com/define-null/erlang_protobuffs	{rev,tag,"protobuffs-0.6.0","762fd0af688ddfb114f336e629c4e87aeaa59d9e",undefined,[],[]}
 :: Fetching repo code
$ cd "/home/pete/wefwefwef/docs/other/5160375287/erlang_protobuffs-tag-protobuffs-0.6.0/erlang_protobuffs"
$ infinity  `curl --fail --silent --show-error --location --output 'protobuffs-0.6.0.zip' 'https://github.com/define-null/erlang_protobuffs/archive/protobuffs-0.6.0.zip'  2>&1`
$ cd "/home/pete/wefwefwef/docs/erldocs_other.git"
$ cd "/home/pete/wefwefwef/docs/other/5160375287/erlang_protobuffs-tag-protobuffs-0.6.0/erlang_protobuffs"
$ 5000  `find -P . -type l -delete  2>&1`
$ cd "/home/pete/wefwefwef/docs/erldocs_other.git"
$ cd "/home/pete/wefwefwef/docs/other/5160375287/erlang_protobuffs-tag-protobuffs-0.6.0/erlang_protobuffs"
$ 5000  `find 'erlang_protobuffs-protobuffs-0.6.0' -mindepth 1 -maxdepth 1 -exec mv -t . -- {} +  2>&1`
$ cd "/home/pete/wefwefwef/docs/erldocs_other.git"
 :: Getting dependencies
$ cd "/home/pete/wefwefwef/docs/other/5160375287/erlang_protobuffs-tag-protobuffs-0.6.0/erlang_protobuffs"
$ 5000  `ls -1 deps/  2>&1`
$ cd "/home/pete/wefwefwef/docs/erldocs_other.git"
>>> [rebar] deps = []
 :: Generating erldocs into /home/pete/wefwefwef/docs/other/5160375287/repo/protobuffs-0.6.0
Building erlang_protobuffs
Generating Type Specs - "/home/pete/wefwefwef/docs/other/5160375287/erlang_protobuffs-tag-protobuffs-0.6.0/erlang_protobuffs/src/pokemon_pb.erl"
Generating Type Specs - "/home/pete/wefwefwef/docs/other/5160375287/erlang_protobuffs-tag-protobuffs-0.6.0/erlang_protobuffs/src/protobuffs.erl"
Generating Type Specs - "/home/pete/wefwefwef/docs/other/5160375287/erlang_protobuffs-tag-protobuffs-0.6.0/erlang_protobuffs/src/protobuffs_compile.erl"
Generating XML for application erlang_protobuffs "/home/pete/wefwefwef/docs/other/5160375287/erlang_protobuffs-tag-protobuffs-0.6.0/erlang_protobuffs" -> "/home/pete/wefwefwef/docs/other/5160375287/repo/protobuffs-0.6.0/.xml/erlang_protobuffs"
Generated erlang_protobuffs XMLs: ["/home/pete/wefwefwef/docs/other/5160375287/repo/protobuffs-0.6.0/.xml/erlang_protobuffs/protobuffs_compile.xml",
                                   "/home/pete/wefwefwef/docs/other/5160375287/repo/protobuffs-0.6.0/.xml/erlang_protobuffs/pokemon_pb.xml",
                                   "/home/pete/wefwefwef/docs/other/5160375287/repo/protobuffs-0.6.0/.xml/erlang_protobuffs/protobuffs.xml"]
Generating HTML - protobuffs "/home/pete/wefwefwef/docs/other/5160375287/repo/protobuffs-0.6.0/.xml/erlang_protobuffs/protobuffs.xml"
Reading XML for "/home/pete/wefwefwef/docs/other/5160375287/repo/protobuffs-0.6.0/.xml/erlang_protobuffs/protobuffs.xml"
Reading XML for "/home/pete/wefwefwef/docs/other/5160375287/repo/protobuffs-0.6.0/.xml/specs_protobuffs.xml"
Generating HTML - pokemon_pb "/home/pete/wefwefwef/docs/other/5160375287/repo/protobuffs-0.6.0/.xml/erlang_protobuffs/pokemon_pb.xml"
Reading XML for "/home/pete/wefwefwef/docs/other/5160375287/repo/protobuffs-0.6.0/.xml/erlang_protobuffs/pokemon_pb.xml"
Reading XML for "/home/pete/wefwefwef/docs/other/5160375287/repo/protobuffs-0.6.0/.xml/specs_pokemon_pb.xml"
Generating HTML - protobuffs_compile "/home/pete/wefwefwef/docs/other/5160375287/repo/protobuffs-0.6.0/.xml/erlang_protobuffs/protobuffs_compile.xml"
Reading XML for "/home/pete/wefwefwef/docs/other/5160375287/repo/protobuffs-0.6.0/.xml/erlang_protobuffs/protobuffs_compile.xml"
Reading XML for "/home/pete/wefwefwef/docs/other/5160375287/repo/protobuffs-0.6.0/.xml/specs_protobuffs_compile.xml"
Creating index.html ...
Creating erldocs_index.js ...
Woot, finished in 0 Minutes 0 Seconds
 :: Discovering other repos
$ 5000  `rm -r '/home/pete/wefwefwef/docs/other/5160375287/erlang_protobuffs-tag-protobuffs-0.6.0'  2>&1`
 :: Processing https://github.com/define-null/erlang_protobuffs	{rev,branch,"az2-merge-protobuffs-with-upstream","762fd0af688ddfb114f336e629c4e87aeaa59d9e",undefined,[],[]}
 :: Fetching repo code
$ cd "/home/pete/wefwefwef/docs/other/5160375287/erlang_protobuffs-branch-az2-merge-protobuffs-with-upstream/erlang_protobuffs"
$ infinity  `curl --fail --silent --show-error --location --output 'az2-merge-protobuffs-with-upstream.zip' 'https://github.com/define-null/erlang_protobuffs/archive/az2-merge-protobuffs-with-upstream.zip'  2>&1`
$ cd "/home/pete/wefwefwef/docs/erldocs_other.git"
$ cd "/home/pete/wefwefwef/docs/other/5160375287/erlang_protobuffs-branch-az2-merge-protobuffs-with-upstream/erlang_protobuffs"
$ 5000  `find -P . -type l -delete  2>&1`
$ cd "/home/pete/wefwefwef/docs/erldocs_other.git"
$ cd "/home/pete/wefwefwef/docs/other/5160375287/erlang_protobuffs-branch-az2-merge-protobuffs-with-upstream/erlang_protobuffs"
$ 5000  `find 'erlang_protobuffs-az2-merge-protobuffs-with-upstream' -mindepth 1 -maxdepth 1 -exec mv -t . -- {} +  2>&1`
$ cd "/home/pete/wefwefwef/docs/erldocs_other.git"
 :: Getting dependencies
$ cd "/home/pete/wefwefwef/docs/other/5160375287/erlang_protobuffs-branch-az2-merge-protobuffs-with-upstream/erlang_protobuffs"
$ 5000  `ls -1 deps/  2>&1`
$ cd "/home/pete/wefwefwef/docs/erldocs_other.git"
>>> [rebar] deps = []
 :: Generating erldocs into /home/pete/wefwefwef/docs/other/5160375287/repo/az2-merge-protobuffs-with-upstream
Building erlang_protobuffs
Generating Type Specs - "/home/pete/wefwefwef/docs/other/5160375287/erlang_protobuffs-branch-az2-merge-protobuffs-with-upstream/erlang_protobuffs/src/pokemon_pb.erl"
Generating Type Specs - "/home/pete/wefwefwef/docs/other/5160375287/erlang_protobuffs-branch-az2-merge-protobuffs-with-upstream/erlang_protobuffs/src/protobuffs.erl"
Generating Type Specs - "/home/pete/wefwefwef/docs/other/5160375287/erlang_protobuffs-branch-az2-merge-protobuffs-with-upstream/erlang_protobuffs/src/protobuffs_compile.erl"
Generating XML for application erlang_protobuffs "/home/pete/wefwefwef/docs/other/5160375287/erlang_protobuffs-branch-az2-merge-protobuffs-with-upstream/erlang_protobuffs" -> "/home/pete/wefwefwef/docs/other/5160375287/repo/az2-merge-protobuffs-with-upstream/.xml/erlang_protobuffs"
Generated erlang_protobuffs XMLs: ["/home/pete/wefwefwef/docs/other/5160375287/repo/az2-merge-protobuffs-with-upstream/.xml/erlang_protobuffs/protobuffs_compile.xml",
                                   "/home/pete/wefwefwef/docs/other/5160375287/repo/az2-merge-protobuffs-with-upstream/.xml/erlang_protobuffs/pokemon_pb.xml",
                                   "/home/pete/wefwefwef/docs/other/5160375287/repo/az2-merge-protobuffs-with-upstream/.xml/erlang_protobuffs/protobuffs.xml"]
Generating HTML - protobuffs "/home/pete/wefwefwef/docs/other/5160375287/repo/az2-merge-protobuffs-with-upstream/.xml/erlang_protobuffs/protobuffs.xml"
Reading XML for "/home/pete/wefwefwef/docs/other/5160375287/repo/az2-merge-protobuffs-with-upstream/.xml/erlang_protobuffs/protobuffs.xml"
Reading XML for "/home/pete/wefwefwef/docs/other/5160375287/repo/az2-merge-protobuffs-with-upstream/.xml/specs_protobuffs.xml"
Generating HTML - pokemon_pb "/home/pete/wefwefwef/docs/other/5160375287/repo/az2-merge-protobuffs-with-upstream/.xml/erlang_protobuffs/pokemon_pb.xml"
Reading XML for "/home/pete/wefwefwef/docs/other/5160375287/repo/az2-merge-protobuffs-with-upstream/.xml/erlang_protobuffs/pokemon_pb.xml"
Reading XML for "/home/pete/wefwefwef/docs/other/5160375287/repo/az2-merge-protobuffs-with-upstream/.xml/specs_pokemon_pb.xml"
Generating HTML - protobuffs_compile "/home/pete/wefwefwef/docs/other/5160375287/repo/az2-merge-protobuffs-with-upstream/.xml/erlang_protobuffs/protobuffs_compile.xml"
Reading XML for "/home/pete/wefwefwef/docs/other/5160375287/repo/az2-merge-protobuffs-with-upstream/.xml/erlang_protobuffs/protobuffs_compile.xml"
Reading XML for "/home/pete/wefwefwef/docs/other/5160375287/repo/az2-merge-protobuffs-with-upstream/.xml/specs_protobuffs_compile.xml"
Creating index.html ...
Creating erldocs_index.js ...
Woot, finished in 0 Minutes 0 Seconds
 :: Discovering other repos
$ 5000  `rm -r '/home/pete/wefwefwef/docs/other/5160375287/erlang_protobuffs-branch-az2-merge-protobuffs-with-upstream'  2>&1`
 :: Processing https://github.com/define-null/erlang_protobuffs	{rev,branch,"master","e0f5f6ea4c3dcb4e7b824496d2b48333fbd5a8c8",undefined,[],[]}
 :: Fetching repo code
$ cd "/home/pete/wefwefwef/docs/other/5160375287/erlang_protobuffs-branch-master/erlang_protobuffs"
$ infinity  `curl --fail --silent --show-error --location --output 'master.zip' 'https://github.com/define-null/erlang_protobuffs/archive/master.zip'  2>&1`
$ cd "/home/pete/wefwefwef/docs/erldocs_other.git"
$ cd "/home/pete/wefwefwef/docs/other/5160375287/erlang_protobuffs-branch-master/erlang_protobuffs"
$ 5000  `find -P . -type l -delete  2>&1`
$ cd "/home/pete/wefwefwef/docs/erldocs_other.git"
$ cd "/home/pete/wefwefwef/docs/other/5160375287/erlang_protobuffs-branch-master/erlang_protobuffs"
$ 5000  `find 'erlang_protobuffs-master' -mindepth 1 -maxdepth 1 -exec mv -t . -- {} +  2>&1`
$ cd "/home/pete/wefwefwef/docs/erldocs_other.git"
 :: Getting dependencies
$ cd "/home/pete/wefwefwef/docs/other/5160375287/erlang_protobuffs-branch-master/erlang_protobuffs"
$ 5000  `ls -1 deps/  2>&1`
$ cd "/home/pete/wefwefwef/docs/erldocs_other.git"
>>> [rebar] deps = []
 :: Generating erldocs into /home/pete/wefwefwef/docs/other/5160375287/repo/master
Building erlang_protobuffs
Generating Type Specs - "/home/pete/wefwefwef/docs/other/5160375287/erlang_protobuffs-branch-master/erlang_protobuffs/src/pokemon_pb.erl"
Generating Type Specs - "/home/pete/wefwefwef/docs/other/5160375287/erlang_protobuffs-branch-master/erlang_protobuffs/src/protobuffs.erl"
Generating Type Specs - "/home/pete/wefwefwef/docs/other/5160375287/erlang_protobuffs-branch-master/erlang_protobuffs/src/protobuffs_compile.erl"
Generating XML for application erlang_protobuffs "/home/pete/wefwefwef/docs/other/5160375287/erlang_protobuffs-branch-master/erlang_protobuffs" -> "/home/pete/wefwefwef/docs/other/5160375287/repo/master/.xml/erlang_protobuffs"
Generated erlang_protobuffs XMLs: ["/home/pete/wefwefwef/docs/other/5160375287/repo/master/.xml/erlang_protobuffs/protobuffs_compile.xml",
                                   "/home/pete/wefwefwef/docs/other/5160375287/repo/master/.xml/erlang_protobuffs/pokemon_pb.xml",
                                   "/home/pete/wefwefwef/docs/other/5160375287/repo/master/.xml/erlang_protobuffs/protobuffs.xml"]
Generating HTML - protobuffs "/home/pete/wefwefwef/docs/other/5160375287/repo/master/.xml/erlang_protobuffs/protobuffs.xml"
Reading XML for "/home/pete/wefwefwef/docs/other/5160375287/repo/master/.xml/erlang_protobuffs/protobuffs.xml"
Reading XML for "/home/pete/wefwefwef/docs/other/5160375287/repo/master/.xml/specs_protobuffs.xml"
Generating HTML - pokemon_pb "/home/pete/wefwefwef/docs/other/5160375287/repo/master/.xml/erlang_protobuffs/pokemon_pb.xml"
Reading XML for "/home/pete/wefwefwef/docs/other/5160375287/repo/master/.xml/erlang_protobuffs/pokemon_pb.xml"
Reading XML for "/home/pete/wefwefwef/docs/other/5160375287/repo/master/.xml/specs_pokemon_pb.xml"
Generating HTML - protobuffs_compile "/home/pete/wefwefwef/docs/other/5160375287/repo/master/.xml/erlang_protobuffs/protobuffs_compile.xml"
Reading XML for "/home/pete/wefwefwef/docs/other/5160375287/repo/master/.xml/erlang_protobuffs/protobuffs_compile.xml"
Reading XML for "/home/pete/wefwefwef/docs/other/5160375287/repo/master/.xml/specs_protobuffs_compile.xml"
Creating index.html ...
Creating erldocs_index.js ...
Woot, finished in 0 Minutes 0 Seconds
 :: Discovering other repos
$ 5000  `rm -r '/home/pete/wefwefwef/docs/other/5160375287/erlang_protobuffs-branch-master'  2>&1`
 :: Processing https://github.com/define-null/erlang_protobuffs	{rev,branch,"sdc-merge-upstream","21eed0ef35c35124a800cf6d8ef339e8dae9ef24",undefined,[],[]}
 :: Fetching repo code
$ cd "/home/pete/wefwefwef/docs/other/5160375287/erlang_protobuffs-branch-sdc-merge-upstream/erlang_protobuffs"
$ infinity  `curl --fail --silent --show-error --location --output 'sdc-merge-upstream.zip' 'https://github.com/define-null/erlang_protobuffs/archive/sdc-merge-upstream.zip'  2>&1`
$ cd "/home/pete/wefwefwef/docs/erldocs_other.git"
$ cd "/home/pete/wefwefwef/docs/other/5160375287/erlang_protobuffs-branch-sdc-merge-upstream/erlang_protobuffs"
$ 5000  `find -P . -type l -delete  2>&1`
$ cd "/home/pete/wefwefwef/docs/erldocs_other.git"
$ cd "/home/pete/wefwefwef/docs/other/5160375287/erlang_protobuffs-branch-sdc-merge-upstream/erlang_protobuffs"
$ 5000  `find 'erlang_protobuffs-sdc-merge-upstream' -mindepth 1 -maxdepth 1 -exec mv -t . -- {} +  2>&1`
$ cd "/home/pete/wefwefwef/docs/erldocs_other.git"
 :: Getting dependencies
$ cd "/home/pete/wefwefwef/docs/other/5160375287/erlang_protobuffs-branch-sdc-merge-upstream/erlang_protobuffs"
$ infinity  `rebar --config '/home/pete/wefwefwef/docs/other/5160375287/erlang_protobuffs-branch-sdc-merge-upstream/rebar_deps' get-deps  2>&1`
$ cd "/home/pete/wefwefwef/docs/erldocs_other.git"
$ cd "/home/pete/wefwefwef/docs/other/5160375287/erlang_protobuffs-branch-sdc-merge-upstream/erlang_protobuffs"
$ 5000  `find -P . -type l -delete  2>&1`
$ cd "/home/pete/wefwefwef/docs/erldocs_other.git"
$ cd "/home/pete/wefwefwef/docs/other/5160375287/erlang_protobuffs-branch-sdc-merge-upstream/erlang_protobuffs"
$ 5000  `ls -1 deps/  2>&1`
$ cd "/home/pete/wefwefwef/docs/erldocs_other.git"
>>> [rebar] deps = ["meck","proper"]
 :: Generating erldocs into /home/pete/wefwefwef/docs/other/5160375287/repo/sdc-merge-upstream
Building erlang_protobuffs
Generating Type Specs - "/home/pete/wefwefwef/docs/other/5160375287/erlang_protobuffs-branch-sdc-merge-upstream/erlang_protobuffs/src/pokemon_pb.erl"
Generating Type Specs - "/home/pete/wefwefwef/docs/other/5160375287/erlang_protobuffs-branch-sdc-merge-upstream/erlang_protobuffs/src/protobuffs.erl"
Generating Type Specs - "/home/pete/wefwefwef/docs/other/5160375287/erlang_protobuffs-branch-sdc-merge-upstream/erlang_protobuffs/src/protobuffs_compile.erl"
Generating Type Specs - "/home/pete/wefwefwef/docs/other/5160375287/erlang_protobuffs-branch-sdc-merge-upstream/erlang_protobuffs/src/protobuffs_file.erl"
Generating XML for application erlang_protobuffs "/home/pete/wefwefwef/docs/other/5160375287/erlang_protobuffs-branch-sdc-merge-upstream/erlang_protobuffs" -> "/home/pete/wefwefwef/docs/other/5160375287/repo/sdc-merge-upstream/.xml/erlang_protobuffs"
Generated erlang_protobuffs XMLs: ["/home/pete/wefwefwef/docs/other/5160375287/repo/sdc-merge-upstream/.xml/erlang_protobuffs/protobuffs_compile.xml",
                                   "/home/pete/wefwefwef/docs/other/5160375287/repo/sdc-merge-upstream/.xml/erlang_protobuffs/protobuffs_file.xml",
                                   "/home/pete/wefwefwef/docs/other/5160375287/repo/sdc-merge-upstream/.xml/erlang_protobuffs/pokemon_pb.xml",
                                   "/home/pete/wefwefwef/docs/other/5160375287/repo/sdc-merge-upstream/.xml/erlang_protobuffs/protobuffs.xml"]
Generating HTML - pokemon_pb "/home/pete/wefwefwef/docs/other/5160375287/repo/sdc-merge-upstream/.xml/erlang_protobuffs/pokemon_pb.xml"
Generating HTML - protobuffs_compile "/home/pete/wefwefwef/docs/other/5160375287/repo/sdc-merge-upstream/.xml/erlang_protobuffs/protobuffs_compile.xml"
Generating HTML - protobuffs "/home/pete/wefwefwef/docs/other/5160375287/repo/sdc-merge-upstream/.xml/erlang_protobuffs/protobuffs.xml"
Generating HTML - protobuffs_file "/home/pete/wefwefwef/docs/other/5160375287/repo/sdc-merge-upstream/.xml/erlang_protobuffs/protobuffs_file.xml"
Reading XML for "/home/pete/wefwefwef/docs/other/5160375287/repo/sdc-merge-upstream/.xml/erlang_protobuffs/pokemon_pb.xml"
Reading XML for "/home/pete/wefwefwef/docs/other/5160375287/repo/sdc-merge-upstream/.xml/erlang_protobuffs/protobuffs_compile.xml"
Reading XML for "/home/pete/wefwefwef/docs/other/5160375287/repo/sdc-merge-upstream/.xml/erlang_protobuffs/protobuffs.xml"
Reading XML for "/home/pete/wefwefwef/docs/other/5160375287/repo/sdc-merge-upstream/.xml/erlang_protobuffs/protobuffs_file.xml"
Reading XML for "/home/pete/wefwefwef/docs/other/5160375287/repo/sdc-merge-upstream/.xml/specs_protobuffs_compile.xml"
Reading XML for "/home/pete/wefwefwef/docs/other/5160375287/repo/sdc-merge-upstream/.xml/specs_protobuffs.xml"
Reading XML for "/home/pete/wefwefwef/docs/other/5160375287/repo/sdc-merge-upstream/.xml/specs_protobuffs_file.xml"
Reading XML for "/home/pete/wefwefwef/docs/other/5160375287/repo/sdc-merge-upstream/.xml/specs_pokemon_pb.xml"
Creating index.html ...
Creating erldocs_index.js ...
Woot, finished in 0 Minutes 0 Seconds
 :: Discovering other repos
$ 5000  `rm -r '/home/pete/wefwefwef/docs/other/5160375287/erlang_protobuffs-branch-sdc-merge-upstream'  2>&1`
 :: Finishing up
$ 5000  `rm -r '/home/pete/wefwefwef/docs/other/5160375287/erlang_protobuffs'  2>&1`
