 :: Extracting meta information
$ infinity  `git ls-remote --heads --tags 'https://github.com/k2informaticsgmbh/erloci'  2>&1`
>>> [repo] 3 branches, 6 tags
 :: Writing meta to "/home/pete/wefwefwef/docs/other/64fe80d2215fb89b733554c9795b10a3d99e0cd9/meta.txt"
 :: Processing https://github.com/k2informaticsgmbh/erloci	{rev,branch,"vs_community_2013-build","2d057dc3d58b2e982f05d69dec75a072a7cddc00",undefined,[],[]}
 :: Fetching repo code
$ cd '/home/pete/wefwefwef/docs/other/64fe80d2215fb89b733554c9795b10a3d99e0cd9/erloci-branch-vs_community_2013-build'
$ infinity  `curl --fail --silent --show-error --location --output repo.tar.gz 'https://codeload.github.com/k2informaticsgmbh/erloci/tar.gz/vs_community_2013-build'  2>&1`
$ cd '/home/pete/wefwefwef/docs/erldocs_other.git'
$ cd '/home/pete/wefwefwef/docs/other/64fe80d2215fb89b733554c9795b10a3d99e0cd9/erloci-branch-vs_community_2013-build/erloci-vs_community_2013-build'
$ 5000  `find -P . -type l -delete  2>&1`
$ cd '/home/pete/wefwefwef/docs/erldocs_other.git'
$ 5000  `mv '/home/pete/wefwefwef/docs/other/64fe80d2215fb89b733554c9795b10a3d99e0cd9/erloci-branch-vs_community_2013-build/erloci-vs_community_2013-build' '/home/pete/wefwefwef/docs/other/64fe80d2215fb89b733554c9795b10a3d99e0cd9/erloci-branch-vs_community_2013-build/erloci'  2>&1`
 :: Getting dependencies
$ cd '/home/pete/wefwefwef/docs/other/64fe80d2215fb89b733554c9795b10a3d99e0cd9/erloci-branch-vs_community_2013-build/erloci'
$ 5000  `ls -1 deps/  2>&1`
$ cd '/home/pete/wefwefwef/docs/erldocs_other.git'
>>> [rebar] deps = []
 :: Generating erldocs into /home/pete/wefwefwef/docs/other/64fe80d2215fb89b733554c9795b10a3d99e0cd9/repo/vs_community_2013-build
Building erloci
Generating Type Specs - "/home/pete/wefwefwef/docs/other/64fe80d2215fb89b733554c9795b10a3d99e0cd9/erloci-branch-vs_community_2013-build/erloci/src/erloci.erl"
Generating Type Specs - "/home/pete/wefwefwef/docs/other/64fe80d2215fb89b733554c9795b10a3d99e0cd9/erloci-branch-vs_community_2013-build/erloci/src/oci_logger.erl"
Generating Type Specs - "/home/pete/wefwefwef/docs/other/64fe80d2215fb89b733554c9795b10a3d99e0cd9/erloci-branch-vs_community_2013-build/erloci/src/oci_port.erl"
Generating Type Specs - "/home/pete/wefwefwef/docs/other/64fe80d2215fb89b733554c9795b10a3d99e0cd9/erloci-branch-vs_community_2013-build/erloci/src/oci_util.erl"
Generating XML for application erloci "/home/pete/wefwefwef/docs/other/64fe80d2215fb89b733554c9795b10a3d99e0cd9/erloci-branch-vs_community_2013-build/erloci" -> "/home/pete/wefwefwef/docs/other/64fe80d2215fb89b733554c9795b10a3d99e0cd9/repo/vs_community_2013-build/.xml/erloci"
edoc: error in layout 'docgen_edoc_xml_cb': {'EXIT',
                                       {function_clause,
                                        [{docgen_edoc_xml_cb,t_type,
                                          [[{xmlElement,binary,[],[],
                                             {xmlNamespace,[],[]},
                                             [{type,2},
                                              {localdef,...},
                                              {...}|...],
                                             1,
                                             [{...}],
                                             [],...}]],
                                          [{file,"docgen_edoc_xml_cb.erl"},
                                           {line,1003}]},
                                         {docgen_edoc_xml_cb,localdef2,1,
                                          [{file,"docgen_edoc_xml_cb.erl"},
                                           {line,844}]},
                                         {docgen_edoc_xml_cb,
                                          '-local_defs2/1-lc$^0/1-0-',1,
                                          [{file,"docgen_edoc_xml_cb.erl"},
                                           {line,835}]},
                                         {docgen_edoc_xml_cb,local_defs2,1,
                                          [{file,"docgen_edoc_xml_cb.erl"},
                                           {line,835}]},
                                         {docgen_edoc_xml_cb,function,2,
                                          [{file,"docgen_edoc_xml_cb.erl"},
                                           {line,777}]},
                                         {lists,flatmap,2,
                                          [{file,"lists.erl"},{line,1248}]},
                                         {lists,flatmap,2,
                                          [{file,"lists.erl"},{line,1248}]},
                                         {docgen_edoc_xml_cb,functions,1,
                                          [{file,[...]},{line,...}]}]}}.
edoc: error in doclet 'edoc_doclet': {'EXIT',error}.
Error generating erloci XMLs. Using fallback ...
Generating XML erloci - erloci "/home/pete/wefwefwef/docs/other/64fe80d2215fb89b733554c9795b10a3d99e0cd9/erloci-branch-vs_community_2013-build/erloci/src/erloci.erl" -> "/home/pete/wefwefwef/docs/other/64fe80d2215fb89b733554c9795b10a3d99e0cd9/repo/vs_community_2013-build/.xml/erloci/erloci.xml"
Generating XML erloci - oci_logger "/home/pete/wefwefwef/docs/other/64fe80d2215fb89b733554c9795b10a3d99e0cd9/erloci-branch-vs_community_2013-build/erloci/src/oci_logger.erl" -> "/home/pete/wefwefwef/docs/other/64fe80d2215fb89b733554c9795b10a3d99e0cd9/repo/vs_community_2013-build/.xml/erloci/oci_logger.xml"
Generating XML erloci - oci_port "/home/pete/wefwefwef/docs/other/64fe80d2215fb89b733554c9795b10a3d99e0cd9/erloci-branch-vs_community_2013-build/erloci/src/oci_port.erl" -> "/home/pete/wefwefwef/docs/other/64fe80d2215fb89b733554c9795b10a3d99e0cd9/repo/vs_community_2013-build/.xml/erloci/oci_port.xml"
Generating XML erloci - oci_util "/home/pete/wefwefwef/docs/other/64fe80d2215fb89b733554c9795b10a3d99e0cd9/erloci-branch-vs_community_2013-build/erloci/src/oci_util.erl" -> "/home/pete/wefwefwef/docs/other/64fe80d2215fb89b733554c9795b10a3d99e0cd9/repo/vs_community_2013-build/.xml/erloci/oci_util.xml"
edoc: error in layout 'docgen_edoc_xml_cb': {'EXIT',
                                       {function_clause,
                                        [{docgen_edoc_xml_cb,t_type,
                                          [[{xmlElement,binary,[],[],
                                             {xmlNamespace,[],[]},
                                             [{type,2},
                                              {localdef,...},
                                              {...}|...],
                                             1,
                                             [{...}],
                                             [],...}]],
                                          [{file,"docgen_edoc_xml_cb.erl"},
                                           {line,1003}]},
                                         {docgen_edoc_xml_cb,localdef2,1,
                                          [{file,"docgen_edoc_xml_cb.erl"},
                                           {line,844}]},
                                         {docgen_edoc_xml_cb,
                                          '-local_defs2/1-lc$^0/1-0-',1,
                                          [{file,"docgen_edoc_xml_cb.erl"},
                                           {line,835}]},
                                         {docgen_edoc_xml_cb,local_defs2,1,
                                          [{file,"docgen_edoc_xml_cb.erl"},
                                           {line,835}]},
                                         {docgen_edoc_xml_cb,function,2,
                                          [{file,"docgen_edoc_xml_cb.erl"},
                                           {line,777}]},
                                         {lists,flatmap,2,
                                          [{file,"lists.erl"},{line,1248}]},
                                         {lists,flatmap,2,
                                          [{file,"lists.erl"},{line,1248}]},
                                         {docgen_edoc_xml_cb,functions,1,
                                          [{file,[...]},{line,...}]}]}}.
Error generating XML ("/home/pete/wefwefwef/docs/other/64fe80d2215fb89b733554c9795b10a3d99e0cd9/erloci-branch-vs_community_2013-build/erloci/src/oci_util.erl"): {'EXIT',
                                                                                                                                                                  error}
Generating HTML - erloci "/home/pete/wefwefwef/docs/other/64fe80d2215fb89b733554c9795b10a3d99e0cd9/repo/vs_community_2013-build/.xml/erloci/erloci.xml"
Reading XML for "/home/pete/wefwefwef/docs/other/64fe80d2215fb89b733554c9795b10a3d99e0cd9/repo/vs_community_2013-build/.xml/erloci/erloci.xml"
Reading XML for "/home/pete/wefwefwef/docs/other/64fe80d2215fb89b733554c9795b10a3d99e0cd9/repo/vs_community_2013-build/.xml/specs_erloci.xml"
Generating HTML - oci_logger "/home/pete/wefwefwef/docs/other/64fe80d2215fb89b733554c9795b10a3d99e0cd9/repo/vs_community_2013-build/.xml/erloci/oci_logger.xml"
Reading XML for "/home/pete/wefwefwef/docs/other/64fe80d2215fb89b733554c9795b10a3d99e0cd9/repo/vs_community_2013-build/.xml/erloci/oci_logger.xml"
Reading XML for "/home/pete/wefwefwef/docs/other/64fe80d2215fb89b733554c9795b10a3d99e0cd9/repo/vs_community_2013-build/.xml/specs_oci_logger.xml"
Generating HTML - oci_port "/home/pete/wefwefwef/docs/other/64fe80d2215fb89b733554c9795b10a3d99e0cd9/repo/vs_community_2013-build/.xml/erloci/oci_port.xml"
Reading XML for "/home/pete/wefwefwef/docs/other/64fe80d2215fb89b733554c9795b10a3d99e0cd9/repo/vs_community_2013-build/.xml/erloci/oci_port.xml"
Reading XML for "/home/pete/wefwefwef/docs/other/64fe80d2215fb89b733554c9795b10a3d99e0cd9/repo/vs_community_2013-build/.xml/specs_oci_port.xml"
Creating index.html ...
Creating erldocs_index.js ...
Woot, finished in 0 Minutes 1 Seconds
 :: Discovering other repos
$ 5000  `rm -r '/home/pete/wefwefwef/docs/other/64fe80d2215fb89b733554c9795b10a3d99e0cd9/erloci-branch-vs_community_2013-build'  2>&1`
 :: Processing https://github.com/k2informaticsgmbh/erloci	{rev,branch,"vs-projet-changes","e45cd708f07b0212551e5315147aee635da2d874",undefined,[],[]}
 :: Fetching repo code
$ cd '/home/pete/wefwefwef/docs/other/64fe80d2215fb89b733554c9795b10a3d99e0cd9/erloci-branch-vs-projet-changes'
$ infinity  `curl --fail --silent --show-error --location --output repo.tar.gz 'https://codeload.github.com/k2informaticsgmbh/erloci/tar.gz/vs-projet-changes'  2>&1`
$ cd '/home/pete/wefwefwef/docs/erldocs_other.git'
$ cd '/home/pete/wefwefwef/docs/other/64fe80d2215fb89b733554c9795b10a3d99e0cd9/erloci-branch-vs-projet-changes/erloci-vs-projet-changes'
$ 5000  `find -P . -type l -delete  2>&1`
$ cd '/home/pete/wefwefwef/docs/erldocs_other.git'
$ 5000  `mv '/home/pete/wefwefwef/docs/other/64fe80d2215fb89b733554c9795b10a3d99e0cd9/erloci-branch-vs-projet-changes/erloci-vs-projet-changes' '/home/pete/wefwefwef/docs/other/64fe80d2215fb89b733554c9795b10a3d99e0cd9/erloci-branch-vs-projet-changes/erloci'  2>&1`
 :: Getting dependencies
$ cd '/home/pete/wefwefwef/docs/other/64fe80d2215fb89b733554c9795b10a3d99e0cd9/erloci-branch-vs-projet-changes/erloci'
$ 5000  `ls -1 deps/  2>&1`
$ cd '/home/pete/wefwefwef/docs/erldocs_other.git'
>>> [rebar] deps = []
 :: Generating erldocs into /home/pete/wefwefwef/docs/other/64fe80d2215fb89b733554c9795b10a3d99e0cd9/repo/vs-projet-changes
Building erloci
Generating Type Specs - "/home/pete/wefwefwef/docs/other/64fe80d2215fb89b733554c9795b10a3d99e0cd9/erloci-branch-vs-projet-changes/erloci/src/erloci.erl"
Generating Type Specs - "/home/pete/wefwefwef/docs/other/64fe80d2215fb89b733554c9795b10a3d99e0cd9/erloci-branch-vs-projet-changes/erloci/src/oci_logger.erl"
Generating Type Specs - "/home/pete/wefwefwef/docs/other/64fe80d2215fb89b733554c9795b10a3d99e0cd9/erloci-branch-vs-projet-changes/erloci/src/oci_port.erl"
Generating Type Specs - "/home/pete/wefwefwef/docs/other/64fe80d2215fb89b733554c9795b10a3d99e0cd9/erloci-branch-vs-projet-changes/erloci/src/oci_util.erl"
Generating XML for application erloci "/home/pete/wefwefwef/docs/other/64fe80d2215fb89b733554c9795b10a3d99e0cd9/erloci-branch-vs-projet-changes/erloci" -> "/home/pete/wefwefwef/docs/other/64fe80d2215fb89b733554c9795b10a3d99e0cd9/repo/vs-projet-changes/.xml/erloci"
edoc: error in layout 'docgen_edoc_xml_cb': {'EXIT',
                                       {function_clause,
                                        [{docgen_edoc_xml_cb,t_type,
                                          [[{xmlElement,binary,[],[],
                                             {xmlNamespace,[],[]},
                                             [{type,2},
                                              {localdef,...},
                                              {...}|...],
                                             1,
                                             [{...}],
                                             [],...}]],
                                          [{file,"docgen_edoc_xml_cb.erl"},
                                           {line,1003}]},
                                         {docgen_edoc_xml_cb,localdef2,1,
                                          [{file,"docgen_edoc_xml_cb.erl"},
                                           {line,844}]},
                                         {docgen_edoc_xml_cb,
                                          '-local_defs2/1-lc$^0/1-0-',1,
                                          [{file,"docgen_edoc_xml_cb.erl"},
                                           {line,835}]},
                                         {docgen_edoc_xml_cb,local_defs2,1,
                                          [{file,"docgen_edoc_xml_cb.erl"},
                                           {line,835}]},
                                         {docgen_edoc_xml_cb,function,2,
                                          [{file,"docgen_edoc_xml_cb.erl"},
                                           {line,777}]},
                                         {lists,flatmap,2,
                                          [{file,"lists.erl"},{line,1248}]},
                                         {lists,flatmap,2,
                                          [{file,"lists.erl"},{line,1248}]},
                                         {docgen_edoc_xml_cb,functions,1,
                                          [{file,[...]},{line,...}]}]}}.
edoc: error in doclet 'edoc_doclet': {'EXIT',error}.
Error generating erloci XMLs. Using fallback ...
Generating XML erloci - erloci "/home/pete/wefwefwef/docs/other/64fe80d2215fb89b733554c9795b10a3d99e0cd9/erloci-branch-vs-projet-changes/erloci/src/erloci.erl" -> "/home/pete/wefwefwef/docs/other/64fe80d2215fb89b733554c9795b10a3d99e0cd9/repo/vs-projet-changes/.xml/erloci/erloci.xml"
Generating XML erloci - oci_logger "/home/pete/wefwefwef/docs/other/64fe80d2215fb89b733554c9795b10a3d99e0cd9/erloci-branch-vs-projet-changes/erloci/src/oci_logger.erl" -> "/home/pete/wefwefwef/docs/other/64fe80d2215fb89b733554c9795b10a3d99e0cd9/repo/vs-projet-changes/.xml/erloci/oci_logger.xml"
Generating XML erloci - oci_port "/home/pete/wefwefwef/docs/other/64fe80d2215fb89b733554c9795b10a3d99e0cd9/erloci-branch-vs-projet-changes/erloci/src/oci_port.erl" -> "/home/pete/wefwefwef/docs/other/64fe80d2215fb89b733554c9795b10a3d99e0cd9/repo/vs-projet-changes/.xml/erloci/oci_port.xml"
Generating XML erloci - oci_util "/home/pete/wefwefwef/docs/other/64fe80d2215fb89b733554c9795b10a3d99e0cd9/erloci-branch-vs-projet-changes/erloci/src/oci_util.erl" -> "/home/pete/wefwefwef/docs/other/64fe80d2215fb89b733554c9795b10a3d99e0cd9/repo/vs-projet-changes/.xml/erloci/oci_util.xml"
edoc: error in layout 'docgen_edoc_xml_cb': {'EXIT',
                                       {function_clause,
                                        [{docgen_edoc_xml_cb,t_type,
                                          [[{xmlElement,binary,[],[],
                                             {xmlNamespace,[],[]},
                                             [{type,2},
                                              {localdef,...},
                                              {...}|...],
                                             1,
                                             [{...}],
                                             [],...}]],
                                          [{file,"docgen_edoc_xml_cb.erl"},
                                           {line,1003}]},
                                         {docgen_edoc_xml_cb,localdef2,1,
                                          [{file,"docgen_edoc_xml_cb.erl"},
                                           {line,844}]},
                                         {docgen_edoc_xml_cb,
                                          '-local_defs2/1-lc$^0/1-0-',1,
                                          [{file,"docgen_edoc_xml_cb.erl"},
                                           {line,835}]},
                                         {docgen_edoc_xml_cb,local_defs2,1,
                                          [{file,"docgen_edoc_xml_cb.erl"},
                                           {line,835}]},
                                         {docgen_edoc_xml_cb,function,2,
                                          [{file,"docgen_edoc_xml_cb.erl"},
                                           {line,777}]},
                                         {lists,flatmap,2,
                                          [{file,"lists.erl"},{line,1248}]},
                                         {lists,flatmap,2,
                                          [{file,"lists.erl"},{line,1248}]},
                                         {docgen_edoc_xml_cb,functions,1,
                                          [{file,[...]},{line,...}]}]}}.
Error generating XML ("/home/pete/wefwefwef/docs/other/64fe80d2215fb89b733554c9795b10a3d99e0cd9/erloci-branch-vs-projet-changes/erloci/src/oci_util.erl"): {'EXIT',
                                                                                                                                                            error}
Generating HTML - erloci "/home/pete/wefwefwef/docs/other/64fe80d2215fb89b733554c9795b10a3d99e0cd9/repo/vs-projet-changes/.xml/erloci/erloci.xml"
Reading XML for "/home/pete/wefwefwef/docs/other/64fe80d2215fb89b733554c9795b10a3d99e0cd9/repo/vs-projet-changes/.xml/erloci/erloci.xml"
Reading XML for "/home/pete/wefwefwef/docs/other/64fe80d2215fb89b733554c9795b10a3d99e0cd9/repo/vs-projet-changes/.xml/specs_erloci.xml"
Generating HTML - oci_logger "/home/pete/wefwefwef/docs/other/64fe80d2215fb89b733554c9795b10a3d99e0cd9/repo/vs-projet-changes/.xml/erloci/oci_logger.xml"
Reading XML for "/home/pete/wefwefwef/docs/other/64fe80d2215fb89b733554c9795b10a3d99e0cd9/repo/vs-projet-changes/.xml/erloci/oci_logger.xml"
Reading XML for "/home/pete/wefwefwef/docs/other/64fe80d2215fb89b733554c9795b10a3d99e0cd9/repo/vs-projet-changes/.xml/specs_oci_logger.xml"
Generating HTML - oci_port "/home/pete/wefwefwef/docs/other/64fe80d2215fb89b733554c9795b10a3d99e0cd9/repo/vs-projet-changes/.xml/erloci/oci_port.xml"
Reading XML for "/home/pete/wefwefwef/docs/other/64fe80d2215fb89b733554c9795b10a3d99e0cd9/repo/vs-projet-changes/.xml/erloci/oci_port.xml"
Reading XML for "/home/pete/wefwefwef/docs/other/64fe80d2215fb89b733554c9795b10a3d99e0cd9/repo/vs-projet-changes/.xml/specs_oci_port.xml"
Creating index.html ...
Creating erldocs_index.js ...
Woot, finished in 0 Minutes 1 Seconds
 :: Discovering other repos
$ 5000  `rm -r '/home/pete/wefwefwef/docs/other/64fe80d2215fb89b733554c9795b10a3d99e0cd9/erloci-branch-vs-projet-changes'  2>&1`
 :: Processing https://github.com/k2informaticsgmbh/erloci	{rev,branch,"master","bf11812c96c4d98c19104c3ed16a661c0477c58a",undefined,[],[]}
 :: Fetching repo code
$ cd '/home/pete/wefwefwef/docs/other/64fe80d2215fb89b733554c9795b10a3d99e0cd9/erloci-branch-master'
$ infinity  `curl --fail --silent --show-error --location --output repo.tar.gz 'https://codeload.github.com/k2informaticsgmbh/erloci/tar.gz/master'  2>&1`
$ cd '/home/pete/wefwefwef/docs/erldocs_other.git'
$ cd '/home/pete/wefwefwef/docs/other/64fe80d2215fb89b733554c9795b10a3d99e0cd9/erloci-branch-master/erloci-master'
$ 5000  `find -P . -type l -delete  2>&1`
$ cd '/home/pete/wefwefwef/docs/erldocs_other.git'
$ 5000  `mv '/home/pete/wefwefwef/docs/other/64fe80d2215fb89b733554c9795b10a3d99e0cd9/erloci-branch-master/erloci-master' '/home/pete/wefwefwef/docs/other/64fe80d2215fb89b733554c9795b10a3d99e0cd9/erloci-branch-master/erloci'  2>&1`
 :: Getting dependencies
$ cd '/home/pete/wefwefwef/docs/other/64fe80d2215fb89b733554c9795b10a3d99e0cd9/erloci-branch-master/erloci'
$ 5000  `ls -1 deps/  2>&1`
$ cd '/home/pete/wefwefwef/docs/erldocs_other.git'
>>> [rebar] deps = []
 :: Generating erldocs into /home/pete/wefwefwef/docs/other/64fe80d2215fb89b733554c9795b10a3d99e0cd9/repo/master
Building erloci
Generating Type Specs - "/home/pete/wefwefwef/docs/other/64fe80d2215fb89b733554c9795b10a3d99e0cd9/erloci-branch-master/erloci/src/erloci.erl"
Generating Type Specs - "/home/pete/wefwefwef/docs/other/64fe80d2215fb89b733554c9795b10a3d99e0cd9/erloci-branch-master/erloci/src/oci_logger.erl"
Generating Type Specs - "/home/pete/wefwefwef/docs/other/64fe80d2215fb89b733554c9795b10a3d99e0cd9/erloci-branch-master/erloci/src/oci_port.erl"
Generating Type Specs - "/home/pete/wefwefwef/docs/other/64fe80d2215fb89b733554c9795b10a3d99e0cd9/erloci-branch-master/erloci/src/oci_util.erl"
Generating XML for application erloci "/home/pete/wefwefwef/docs/other/64fe80d2215fb89b733554c9795b10a3d99e0cd9/erloci-branch-master/erloci" -> "/home/pete/wefwefwef/docs/other/64fe80d2215fb89b733554c9795b10a3d99e0cd9/repo/master/.xml/erloci"
edoc: error in layout 'docgen_edoc_xml_cb': {'EXIT',
                                       {function_clause,
                                        [{docgen_edoc_xml_cb,t_type,
                                          [[{xmlElement,binary,[],[],
                                             {xmlNamespace,[],[]},
                                             [{type,2},
                                              {localdef,...},
                                              {...}|...],
                                             1,
                                             [{...}],
                                             [],...}]],
                                          [{file,"docgen_edoc_xml_cb.erl"},
                                           {line,1003}]},
                                         {docgen_edoc_xml_cb,localdef2,1,
                                          [{file,"docgen_edoc_xml_cb.erl"},
                                           {line,844}]},
                                         {docgen_edoc_xml_cb,
                                          '-local_defs2/1-lc$^0/1-0-',1,
                                          [{file,"docgen_edoc_xml_cb.erl"},
                                           {line,835}]},
                                         {docgen_edoc_xml_cb,local_defs2,1,
                                          [{file,"docgen_edoc_xml_cb.erl"},
                                           {line,835}]},
                                         {docgen_edoc_xml_cb,function,2,
                                          [{file,"docgen_edoc_xml_cb.erl"},
                                           {line,777}]},
                                         {lists,flatmap,2,
                                          [{file,"lists.erl"},{line,1248}]},
                                         {lists,flatmap,2,
                                          [{file,"lists.erl"},{line,1248}]},
                                         {docgen_edoc_xml_cb,functions,1,
                                          [{file,[...]},{line,...}]}]}}.
edoc: error in doclet 'edoc_doclet': {'EXIT',error}.
Error generating erloci XMLs. Using fallback ...
Generating XML erloci - erloci "/home/pete/wefwefwef/docs/other/64fe80d2215fb89b733554c9795b10a3d99e0cd9/erloci-branch-master/erloci/src/erloci.erl" -> "/home/pete/wefwefwef/docs/other/64fe80d2215fb89b733554c9795b10a3d99e0cd9/repo/master/.xml/erloci/erloci.xml"
Generating XML erloci - oci_logger "/home/pete/wefwefwef/docs/other/64fe80d2215fb89b733554c9795b10a3d99e0cd9/erloci-branch-master/erloci/src/oci_logger.erl" -> "/home/pete/wefwefwef/docs/other/64fe80d2215fb89b733554c9795b10a3d99e0cd9/repo/master/.xml/erloci/oci_logger.xml"
Generating XML erloci - oci_port "/home/pete/wefwefwef/docs/other/64fe80d2215fb89b733554c9795b10a3d99e0cd9/erloci-branch-master/erloci/src/oci_port.erl" -> "/home/pete/wefwefwef/docs/other/64fe80d2215fb89b733554c9795b10a3d99e0cd9/repo/master/.xml/erloci/oci_port.xml"
Generating XML erloci - oci_util "/home/pete/wefwefwef/docs/other/64fe80d2215fb89b733554c9795b10a3d99e0cd9/erloci-branch-master/erloci/src/oci_util.erl" -> "/home/pete/wefwefwef/docs/other/64fe80d2215fb89b733554c9795b10a3d99e0cd9/repo/master/.xml/erloci/oci_util.xml"
edoc: error in layout 'docgen_edoc_xml_cb': {'EXIT',
                                       {function_clause,
                                        [{docgen_edoc_xml_cb,t_type,
                                          [[{xmlElement,binary,[],[],
                                             {xmlNamespace,[],[]},
                                             [{type,2},
                                              {localdef,...},
                                              {...}|...],
                                             1,
                                             [{...}],
                                             [],...}]],
                                          [{file,"docgen_edoc_xml_cb.erl"},
                                           {line,1003}]},
                                         {docgen_edoc_xml_cb,localdef2,1,
                                          [{file,"docgen_edoc_xml_cb.erl"},
                                           {line,844}]},
                                         {docgen_edoc_xml_cb,
                                          '-local_defs2/1-lc$^0/1-0-',1,
                                          [{file,"docgen_edoc_xml_cb.erl"},
                                           {line,835}]},
                                         {docgen_edoc_xml_cb,local_defs2,1,
                                          [{file,"docgen_edoc_xml_cb.erl"},
                                           {line,835}]},
                                         {docgen_edoc_xml_cb,function,2,
                                          [{file,"docgen_edoc_xml_cb.erl"},
                                           {line,777}]},
                                         {lists,flatmap,2,
                                          [{file,"lists.erl"},{line,1248}]},
                                         {lists,flatmap,2,
                                          [{file,"lists.erl"},{line,1248}]},
                                         {docgen_edoc_xml_cb,functions,1,
                                          [{file,[...]},{line,...}]}]}}.
Error generating XML ("/home/pete/wefwefwef/docs/other/64fe80d2215fb89b733554c9795b10a3d99e0cd9/erloci-branch-master/erloci/src/oci_util.erl"): {'EXIT',
                                                                                                                                                 error}
Generating HTML - erloci "/home/pete/wefwefwef/docs/other/64fe80d2215fb89b733554c9795b10a3d99e0cd9/repo/master/.xml/erloci/erloci.xml"
Reading XML for "/home/pete/wefwefwef/docs/other/64fe80d2215fb89b733554c9795b10a3d99e0cd9/repo/master/.xml/erloci/erloci.xml"
Reading XML for "/home/pete/wefwefwef/docs/other/64fe80d2215fb89b733554c9795b10a3d99e0cd9/repo/master/.xml/specs_erloci.xml"
Generating HTML - oci_logger "/home/pete/wefwefwef/docs/other/64fe80d2215fb89b733554c9795b10a3d99e0cd9/repo/master/.xml/erloci/oci_logger.xml"
Reading XML for "/home/pete/wefwefwef/docs/other/64fe80d2215fb89b733554c9795b10a3d99e0cd9/repo/master/.xml/erloci/oci_logger.xml"
Reading XML for "/home/pete/wefwefwef/docs/other/64fe80d2215fb89b733554c9795b10a3d99e0cd9/repo/master/.xml/specs_oci_logger.xml"
Generating HTML - oci_port "/home/pete/wefwefwef/docs/other/64fe80d2215fb89b733554c9795b10a3d99e0cd9/repo/master/.xml/erloci/oci_port.xml"
Reading XML for "/home/pete/wefwefwef/docs/other/64fe80d2215fb89b733554c9795b10a3d99e0cd9/repo/master/.xml/erloci/oci_port.xml"
Reading XML for "/home/pete/wefwefwef/docs/other/64fe80d2215fb89b733554c9795b10a3d99e0cd9/repo/master/.xml/specs_oci_port.xml"
Creating index.html ...
Creating erldocs_index.js ...
Woot, finished in 0 Minutes 1 Seconds
 :: Discovering other repos
$ 5000  `rm -r '/home/pete/wefwefwef/docs/other/64fe80d2215fb89b733554c9795b10a3d99e0cd9/erloci-branch-master'  2>&1`
 :: Processing https://github.com/k2informaticsgmbh/erloci	{rev,tag,"erloci-0.0.3pre","7225ba692722f25482045b1d74abc26373ecc436",undefined,[],[]}
 :: Fetching repo code
$ cd '/home/pete/wefwefwef/docs/other/64fe80d2215fb89b733554c9795b10a3d99e0cd9/erloci-tag-erloci-0.0.3pre'
$ infinity  `curl --fail --silent --show-error --location --output repo.tar.gz 'https://codeload.github.com/k2informaticsgmbh/erloci/tar.gz/erloci-0.0.3pre'  2>&1`
$ cd '/home/pete/wefwefwef/docs/erldocs_other.git'
$ cd '/home/pete/wefwefwef/docs/other/64fe80d2215fb89b733554c9795b10a3d99e0cd9/erloci-tag-erloci-0.0.3pre/erloci-erloci-0.0.3pre'
$ 5000  `find -P . -type l -delete  2>&1`
$ cd '/home/pete/wefwefwef/docs/erldocs_other.git'
$ 5000  `mv '/home/pete/wefwefwef/docs/other/64fe80d2215fb89b733554c9795b10a3d99e0cd9/erloci-tag-erloci-0.0.3pre/erloci-erloci-0.0.3pre' '/home/pete/wefwefwef/docs/other/64fe80d2215fb89b733554c9795b10a3d99e0cd9/erloci-tag-erloci-0.0.3pre/erloci'  2>&1`
 :: Getting dependencies
$ cd '/home/pete/wefwefwef/docs/other/64fe80d2215fb89b733554c9795b10a3d99e0cd9/erloci-tag-erloci-0.0.3pre/erloci'
$ 5000  `ls -1 deps/  2>&1`
$ cd '/home/pete/wefwefwef/docs/erldocs_other.git'
>>> [rebar] deps = []
 :: Generating erldocs into /home/pete/wefwefwef/docs/other/64fe80d2215fb89b733554c9795b10a3d99e0cd9/repo/erloci-0.0.3pre
Building erloci
Generating Type Specs - "/home/pete/wefwefwef/docs/other/64fe80d2215fb89b733554c9795b10a3d99e0cd9/erloci-tag-erloci-0.0.3pre/erloci/src/erloci.erl"
Generating Type Specs - "/home/pete/wefwefwef/docs/other/64fe80d2215fb89b733554c9795b10a3d99e0cd9/erloci-tag-erloci-0.0.3pre/erloci/src/oci_logger.erl"
Generating Type Specs - "/home/pete/wefwefwef/docs/other/64fe80d2215fb89b733554c9795b10a3d99e0cd9/erloci-tag-erloci-0.0.3pre/erloci/src/oci_port.erl"
Generating Type Specs - "/home/pete/wefwefwef/docs/other/64fe80d2215fb89b733554c9795b10a3d99e0cd9/erloci-tag-erloci-0.0.3pre/erloci/src/oci_util.erl"
Generating XML for application erloci "/home/pete/wefwefwef/docs/other/64fe80d2215fb89b733554c9795b10a3d99e0cd9/erloci-tag-erloci-0.0.3pre/erloci" -> "/home/pete/wefwefwef/docs/other/64fe80d2215fb89b733554c9795b10a3d99e0cd9/repo/erloci-0.0.3pre/.xml/erloci"
edoc: error in layout 'docgen_edoc_xml_cb': {'EXIT',
                                       {function_clause,
                                        [{docgen_edoc_xml_cb,t_type,
                                          [[{xmlElement,binary,[],[],
                                             {xmlNamespace,[],[]},
                                             [{type,2},
                                              {localdef,...},
                                              {...}|...],
                                             1,
                                             [{...}],
                                             [],...}]],
                                          [{file,"docgen_edoc_xml_cb.erl"},
                                           {line,1003}]},
                                         {docgen_edoc_xml_cb,localdef2,1,
                                          [{file,"docgen_edoc_xml_cb.erl"},
                                           {line,844}]},
                                         {docgen_edoc_xml_cb,
                                          '-local_defs2/1-lc$^0/1-0-',1,
                                          [{file,"docgen_edoc_xml_cb.erl"},
                                           {line,835}]},
                                         {docgen_edoc_xml_cb,local_defs2,1,
                                          [{file,"docgen_edoc_xml_cb.erl"},
                                           {line,835}]},
                                         {docgen_edoc_xml_cb,function,2,
                                          [{file,"docgen_edoc_xml_cb.erl"},
                                           {line,777}]},
                                         {lists,flatmap,2,
                                          [{file,"lists.erl"},{line,1248}]},
                                         {lists,flatmap,2,
                                          [{file,"lists.erl"},{line,1248}]},
                                         {docgen_edoc_xml_cb,functions,1,
                                          [{file,[...]},{line,...}]}]}}.
edoc: error in doclet 'edoc_doclet': {'EXIT',error}.
Error generating erloci XMLs. Using fallback ...
Generating XML erloci - erloci "/home/pete/wefwefwef/docs/other/64fe80d2215fb89b733554c9795b10a3d99e0cd9/erloci-tag-erloci-0.0.3pre/erloci/src/erloci.erl" -> "/home/pete/wefwefwef/docs/other/64fe80d2215fb89b733554c9795b10a3d99e0cd9/repo/erloci-0.0.3pre/.xml/erloci/erloci.xml"
Generating XML erloci - oci_logger "/home/pete/wefwefwef/docs/other/64fe80d2215fb89b733554c9795b10a3d99e0cd9/erloci-tag-erloci-0.0.3pre/erloci/src/oci_logger.erl" -> "/home/pete/wefwefwef/docs/other/64fe80d2215fb89b733554c9795b10a3d99e0cd9/repo/erloci-0.0.3pre/.xml/erloci/oci_logger.xml"
Generating XML erloci - oci_port "/home/pete/wefwefwef/docs/other/64fe80d2215fb89b733554c9795b10a3d99e0cd9/erloci-tag-erloci-0.0.3pre/erloci/src/oci_port.erl" -> "/home/pete/wefwefwef/docs/other/64fe80d2215fb89b733554c9795b10a3d99e0cd9/repo/erloci-0.0.3pre/.xml/erloci/oci_port.xml"
Generating XML erloci - oci_util "/home/pete/wefwefwef/docs/other/64fe80d2215fb89b733554c9795b10a3d99e0cd9/erloci-tag-erloci-0.0.3pre/erloci/src/oci_util.erl" -> "/home/pete/wefwefwef/docs/other/64fe80d2215fb89b733554c9795b10a3d99e0cd9/repo/erloci-0.0.3pre/.xml/erloci/oci_util.xml"
edoc: error in layout 'docgen_edoc_xml_cb': {'EXIT',
                                       {function_clause,
                                        [{docgen_edoc_xml_cb,t_type,
                                          [[{xmlElement,binary,[],[],
                                             {xmlNamespace,[],[]},
                                             [{type,2},
                                              {localdef,...},
                                              {...}|...],
                                             1,
                                             [{...}],
                                             [],...}]],
                                          [{file,"docgen_edoc_xml_cb.erl"},
                                           {line,1003}]},
                                         {docgen_edoc_xml_cb,localdef2,1,
                                          [{file,"docgen_edoc_xml_cb.erl"},
                                           {line,844}]},
                                         {docgen_edoc_xml_cb,
                                          '-local_defs2/1-lc$^0/1-0-',1,
                                          [{file,"docgen_edoc_xml_cb.erl"},
                                           {line,835}]},
                                         {docgen_edoc_xml_cb,local_defs2,1,
                                          [{file,"docgen_edoc_xml_cb.erl"},
                                           {line,835}]},
                                         {docgen_edoc_xml_cb,function,2,
                                          [{file,"docgen_edoc_xml_cb.erl"},
                                           {line,777}]},
                                         {lists,flatmap,2,
                                          [{file,"lists.erl"},{line,1248}]},
                                         {lists,flatmap,2,
                                          [{file,"lists.erl"},{line,1248}]},
                                         {docgen_edoc_xml_cb,functions,1,
                                          [{file,[...]},{line,...}]}]}}.
Error generating XML ("/home/pete/wefwefwef/docs/other/64fe80d2215fb89b733554c9795b10a3d99e0cd9/erloci-tag-erloci-0.0.3pre/erloci/src/oci_util.erl"): {'EXIT',
                                                                                                                                                       error}
Generating HTML - erloci "/home/pete/wefwefwef/docs/other/64fe80d2215fb89b733554c9795b10a3d99e0cd9/repo/erloci-0.0.3pre/.xml/erloci/erloci.xml"
Reading XML for "/home/pete/wefwefwef/docs/other/64fe80d2215fb89b733554c9795b10a3d99e0cd9/repo/erloci-0.0.3pre/.xml/erloci/erloci.xml"
Reading XML for "/home/pete/wefwefwef/docs/other/64fe80d2215fb89b733554c9795b10a3d99e0cd9/repo/erloci-0.0.3pre/.xml/specs_erloci.xml"
Generating HTML - oci_logger "/home/pete/wefwefwef/docs/other/64fe80d2215fb89b733554c9795b10a3d99e0cd9/repo/erloci-0.0.3pre/.xml/erloci/oci_logger.xml"
Reading XML for "/home/pete/wefwefwef/docs/other/64fe80d2215fb89b733554c9795b10a3d99e0cd9/repo/erloci-0.0.3pre/.xml/erloci/oci_logger.xml"
Reading XML for "/home/pete/wefwefwef/docs/other/64fe80d2215fb89b733554c9795b10a3d99e0cd9/repo/erloci-0.0.3pre/.xml/specs_oci_logger.xml"
Generating HTML - oci_port "/home/pete/wefwefwef/docs/other/64fe80d2215fb89b733554c9795b10a3d99e0cd9/repo/erloci-0.0.3pre/.xml/erloci/oci_port.xml"
Reading XML for "/home/pete/wefwefwef/docs/other/64fe80d2215fb89b733554c9795b10a3d99e0cd9/repo/erloci-0.0.3pre/.xml/erloci/oci_port.xml"
Reading XML for "/home/pete/wefwefwef/docs/other/64fe80d2215fb89b733554c9795b10a3d99e0cd9/repo/erloci-0.0.3pre/.xml/specs_oci_port.xml"
Creating index.html ...
Creating erldocs_index.js ...
Woot, finished in 0 Minutes 1 Seconds
 :: Discovering other repos
$ 5000  `rm -r '/home/pete/wefwefwef/docs/other/64fe80d2215fb89b733554c9795b10a3d99e0cd9/erloci-tag-erloci-0.0.3pre'  2>&1`
 :: Processing https://github.com/k2informaticsgmbh/erloci	{rev,tag,"erloci-0.0.2-1","30ed9ac03c5a8920b07ba5b76ba0ca500588970e",undefined,[],[]}
 :: Fetching repo code
$ cd '/home/pete/wefwefwef/docs/other/64fe80d2215fb89b733554c9795b10a3d99e0cd9/erloci-tag-erloci-0.0.2-1'
$ infinity  `curl --fail --silent --show-error --location --output repo.tar.gz 'https://codeload.github.com/k2informaticsgmbh/erloci/tar.gz/erloci-0.0.2-1'  2>&1`
$ cd '/home/pete/wefwefwef/docs/erldocs_other.git'
$ cd '/home/pete/wefwefwef/docs/other/64fe80d2215fb89b733554c9795b10a3d99e0cd9/erloci-tag-erloci-0.0.2-1/erloci-erloci-0.0.2-1'
$ 5000  `find -P . -type l -delete  2>&1`
$ cd '/home/pete/wefwefwef/docs/erldocs_other.git'
$ 5000  `mv '/home/pete/wefwefwef/docs/other/64fe80d2215fb89b733554c9795b10a3d99e0cd9/erloci-tag-erloci-0.0.2-1/erloci-erloci-0.0.2-1' '/home/pete/wefwefwef/docs/other/64fe80d2215fb89b733554c9795b10a3d99e0cd9/erloci-tag-erloci-0.0.2-1/erloci'  2>&1`
 :: Getting dependencies
$ cd '/home/pete/wefwefwef/docs/other/64fe80d2215fb89b733554c9795b10a3d99e0cd9/erloci-tag-erloci-0.0.2-1/erloci'
$ 5000  `ls -1 deps/  2>&1`
$ cd '/home/pete/wefwefwef/docs/erldocs_other.git'
>>> [rebar] deps = []
 :: Generating erldocs into /home/pete/wefwefwef/docs/other/64fe80d2215fb89b733554c9795b10a3d99e0cd9/repo/erloci-0.0.2-1
Building erloci
Generating Type Specs - "/home/pete/wefwefwef/docs/other/64fe80d2215fb89b733554c9795b10a3d99e0cd9/erloci-tag-erloci-0.0.2-1/erloci/src/oci_app.erl"
Generating Type Specs - "/home/pete/wefwefwef/docs/other/64fe80d2215fb89b733554c9795b10a3d99e0cd9/erloci-tag-erloci-0.0.2-1/erloci/src/oci_logger.erl"
Generating Type Specs - "/home/pete/wefwefwef/docs/other/64fe80d2215fb89b733554c9795b10a3d99e0cd9/erloci-tag-erloci-0.0.2-1/erloci/src/oci_port.erl"
Generating Type Specs - "/home/pete/wefwefwef/docs/other/64fe80d2215fb89b733554c9795b10a3d99e0cd9/erloci-tag-erloci-0.0.2-1/erloci/src/oci_util.erl"
Generating XML for application erloci "/home/pete/wefwefwef/docs/other/64fe80d2215fb89b733554c9795b10a3d99e0cd9/erloci-tag-erloci-0.0.2-1/erloci" -> "/home/pete/wefwefwef/docs/other/64fe80d2215fb89b733554c9795b10a3d99e0cd9/repo/erloci-0.0.2-1/.xml/erloci"
Generated erloci XMLs: ["/home/pete/wefwefwef/docs/other/64fe80d2215fb89b733554c9795b10a3d99e0cd9/repo/erloci-0.0.2-1/.xml/erloci/oci_app.xml",
                        "/home/pete/wefwefwef/docs/other/64fe80d2215fb89b733554c9795b10a3d99e0cd9/repo/erloci-0.0.2-1/.xml/erloci/oci_logger.xml",
                        "/home/pete/wefwefwef/docs/other/64fe80d2215fb89b733554c9795b10a3d99e0cd9/repo/erloci-0.0.2-1/.xml/erloci/oci_port.xml",
                        "/home/pete/wefwefwef/docs/other/64fe80d2215fb89b733554c9795b10a3d99e0cd9/repo/erloci-0.0.2-1/.xml/erloci/oci_util.xml"]
Generating HTML - oci_app "/home/pete/wefwefwef/docs/other/64fe80d2215fb89b733554c9795b10a3d99e0cd9/repo/erloci-0.0.2-1/.xml/erloci/oci_app.xml"
Generating HTML - oci_logger "/home/pete/wefwefwef/docs/other/64fe80d2215fb89b733554c9795b10a3d99e0cd9/repo/erloci-0.0.2-1/.xml/erloci/oci_logger.xml"
Generating HTML - oci_port "/home/pete/wefwefwef/docs/other/64fe80d2215fb89b733554c9795b10a3d99e0cd9/repo/erloci-0.0.2-1/.xml/erloci/oci_port.xml"
Generating HTML - oci_util "/home/pete/wefwefwef/docs/other/64fe80d2215fb89b733554c9795b10a3d99e0cd9/repo/erloci-0.0.2-1/.xml/erloci/oci_util.xml"
Reading XML for "/home/pete/wefwefwef/docs/other/64fe80d2215fb89b733554c9795b10a3d99e0cd9/repo/erloci-0.0.2-1/.xml/erloci/oci_app.xml"
Reading XML for "/home/pete/wefwefwef/docs/other/64fe80d2215fb89b733554c9795b10a3d99e0cd9/repo/erloci-0.0.2-1/.xml/erloci/oci_logger.xml"
Reading XML for "/home/pete/wefwefwef/docs/other/64fe80d2215fb89b733554c9795b10a3d99e0cd9/repo/erloci-0.0.2-1/.xml/erloci/oci_port.xml"
Reading XML for "/home/pete/wefwefwef/docs/other/64fe80d2215fb89b733554c9795b10a3d99e0cd9/repo/erloci-0.0.2-1/.xml/erloci/oci_util.xml"
Reading XML for "/home/pete/wefwefwef/docs/other/64fe80d2215fb89b733554c9795b10a3d99e0cd9/repo/erloci-0.0.2-1/.xml/specs_oci_app.xml"
Reading XML for "/home/pete/wefwefwef/docs/other/64fe80d2215fb89b733554c9795b10a3d99e0cd9/repo/erloci-0.0.2-1/.xml/specs_oci_util.xml"
Reading XML for "/home/pete/wefwefwef/docs/other/64fe80d2215fb89b733554c9795b10a3d99e0cd9/repo/erloci-0.0.2-1/.xml/specs_oci_logger.xml"
Reading XML for "/home/pete/wefwefwef/docs/other/64fe80d2215fb89b733554c9795b10a3d99e0cd9/repo/erloci-0.0.2-1/.xml/specs_oci_port.xml"
Creating index.html ...
Creating erldocs_index.js ...
Woot, finished in 0 Minutes 0 Seconds
 :: Discovering other repos
$ 5000  `rm -r '/home/pete/wefwefwef/docs/other/64fe80d2215fb89b733554c9795b10a3d99e0cd9/erloci-tag-erloci-0.0.2-1'  2>&1`
 :: Processing https://github.com/k2informaticsgmbh/erloci	{rev,tag,"erloci-0.0.2","f2517f0dc416ec3dc38c0a61adcfe879edafb220",undefined,[],[]}
 :: Fetching repo code
$ cd '/home/pete/wefwefwef/docs/other/64fe80d2215fb89b733554c9795b10a3d99e0cd9/erloci-tag-erloci-0.0.2'
$ infinity  `curl --fail --silent --show-error --location --output repo.tar.gz 'https://codeload.github.com/k2informaticsgmbh/erloci/tar.gz/erloci-0.0.2'  2>&1`
$ cd '/home/pete/wefwefwef/docs/erldocs_other.git'
$ cd '/home/pete/wefwefwef/docs/other/64fe80d2215fb89b733554c9795b10a3d99e0cd9/erloci-tag-erloci-0.0.2/erloci-erloci-0.0.2'
$ 5000  `find -P . -type l -delete  2>&1`
$ cd '/home/pete/wefwefwef/docs/erldocs_other.git'
$ 5000  `mv '/home/pete/wefwefwef/docs/other/64fe80d2215fb89b733554c9795b10a3d99e0cd9/erloci-tag-erloci-0.0.2/erloci-erloci-0.0.2' '/home/pete/wefwefwef/docs/other/64fe80d2215fb89b733554c9795b10a3d99e0cd9/erloci-tag-erloci-0.0.2/erloci'  2>&1`
 :: Getting dependencies
$ cd '/home/pete/wefwefwef/docs/other/64fe80d2215fb89b733554c9795b10a3d99e0cd9/erloci-tag-erloci-0.0.2/erloci'
$ 5000  `ls -1 deps/  2>&1`
$ cd '/home/pete/wefwefwef/docs/erldocs_other.git'
>>> [rebar] deps = []
 :: Generating erldocs into /home/pete/wefwefwef/docs/other/64fe80d2215fb89b733554c9795b10a3d99e0cd9/repo/erloci-0.0.2
Building erloci
Generating Type Specs - "/home/pete/wefwefwef/docs/other/64fe80d2215fb89b733554c9795b10a3d99e0cd9/erloci-tag-erloci-0.0.2/erloci/src/oci_app.erl"
Generating Type Specs - "/home/pete/wefwefwef/docs/other/64fe80d2215fb89b733554c9795b10a3d99e0cd9/erloci-tag-erloci-0.0.2/erloci/src/oci_logger.erl"
Generating Type Specs - "/home/pete/wefwefwef/docs/other/64fe80d2215fb89b733554c9795b10a3d99e0cd9/erloci-tag-erloci-0.0.2/erloci/src/oci_port.erl"
Generating Type Specs - "/home/pete/wefwefwef/docs/other/64fe80d2215fb89b733554c9795b10a3d99e0cd9/erloci-tag-erloci-0.0.2/erloci/src/oci_test.erl"
Generating Type Specs - "/home/pete/wefwefwef/docs/other/64fe80d2215fb89b733554c9795b10a3d99e0cd9/erloci-tag-erloci-0.0.2/erloci/src/oci_util.erl"
Generating XML for application erloci "/home/pete/wefwefwef/docs/other/64fe80d2215fb89b733554c9795b10a3d99e0cd9/erloci-tag-erloci-0.0.2/erloci" -> "/home/pete/wefwefwef/docs/other/64fe80d2215fb89b733554c9795b10a3d99e0cd9/repo/erloci-0.0.2/.xml/erloci"
Generated erloci XMLs: ["/home/pete/wefwefwef/docs/other/64fe80d2215fb89b733554c9795b10a3d99e0cd9/repo/erloci-0.0.2/.xml/erloci/oci_app.xml",
                        "/home/pete/wefwefwef/docs/other/64fe80d2215fb89b733554c9795b10a3d99e0cd9/repo/erloci-0.0.2/.xml/erloci/oci_logger.xml",
                        "/home/pete/wefwefwef/docs/other/64fe80d2215fb89b733554c9795b10a3d99e0cd9/repo/erloci-0.0.2/.xml/erloci/oci_port.xml",
                        "/home/pete/wefwefwef/docs/other/64fe80d2215fb89b733554c9795b10a3d99e0cd9/repo/erloci-0.0.2/.xml/erloci/oci_util.xml",
                        "/home/pete/wefwefwef/docs/other/64fe80d2215fb89b733554c9795b10a3d99e0cd9/repo/erloci-0.0.2/.xml/erloci/oci_test.xml"]
Generating HTML - oci_port "/home/pete/wefwefwef/docs/other/64fe80d2215fb89b733554c9795b10a3d99e0cd9/repo/erloci-0.0.2/.xml/erloci/oci_port.xml"
Generating HTML - oci_app "/home/pete/wefwefwef/docs/other/64fe80d2215fb89b733554c9795b10a3d99e0cd9/repo/erloci-0.0.2/.xml/erloci/oci_app.xml"
Generating HTML - oci_logger "/home/pete/wefwefwef/docs/other/64fe80d2215fb89b733554c9795b10a3d99e0cd9/repo/erloci-0.0.2/.xml/erloci/oci_logger.xml"
Generating HTML - oci_test "/home/pete/wefwefwef/docs/other/64fe80d2215fb89b733554c9795b10a3d99e0cd9/repo/erloci-0.0.2/.xml/erloci/oci_test.xml"
Reading XML for "/home/pete/wefwefwef/docs/other/64fe80d2215fb89b733554c9795b10a3d99e0cd9/repo/erloci-0.0.2/.xml/erloci/oci_port.xml"
Reading XML for "/home/pete/wefwefwef/docs/other/64fe80d2215fb89b733554c9795b10a3d99e0cd9/repo/erloci-0.0.2/.xml/erloci/oci_app.xml"
Reading XML for "/home/pete/wefwefwef/docs/other/64fe80d2215fb89b733554c9795b10a3d99e0cd9/repo/erloci-0.0.2/.xml/erloci/oci_logger.xml"
Reading XML for "/home/pete/wefwefwef/docs/other/64fe80d2215fb89b733554c9795b10a3d99e0cd9/repo/erloci-0.0.2/.xml/erloci/oci_test.xml"
Reading XML for "/home/pete/wefwefwef/docs/other/64fe80d2215fb89b733554c9795b10a3d99e0cd9/repo/erloci-0.0.2/.xml/specs_oci_app.xml"
Reading XML for "/home/pete/wefwefwef/docs/other/64fe80d2215fb89b733554c9795b10a3d99e0cd9/repo/erloci-0.0.2/.xml/specs_oci_logger.xml"
Reading XML for "/home/pete/wefwefwef/docs/other/64fe80d2215fb89b733554c9795b10a3d99e0cd9/repo/erloci-0.0.2/.xml/specs_oci_port.xml"
Reading XML for "/home/pete/wefwefwef/docs/other/64fe80d2215fb89b733554c9795b10a3d99e0cd9/repo/erloci-0.0.2/.xml/specs_oci_test.xml"
Generating HTML - oci_util "/home/pete/wefwefwef/docs/other/64fe80d2215fb89b733554c9795b10a3d99e0cd9/repo/erloci-0.0.2/.xml/erloci/oci_util.xml"
Reading XML for "/home/pete/wefwefwef/docs/other/64fe80d2215fb89b733554c9795b10a3d99e0cd9/repo/erloci-0.0.2/.xml/erloci/oci_util.xml"
Reading XML for "/home/pete/wefwefwef/docs/other/64fe80d2215fb89b733554c9795b10a3d99e0cd9/repo/erloci-0.0.2/.xml/specs_oci_util.xml"
Creating index.html ...
Creating erldocs_index.js ...
Woot, finished in 0 Minutes 0 Seconds
 :: Discovering other repos
$ 5000  `rm -r '/home/pete/wefwefwef/docs/other/64fe80d2215fb89b733554c9795b10a3d99e0cd9/erloci-tag-erloci-0.0.2'  2>&1`
 :: Processing https://github.com/k2informaticsgmbh/erloci	{rev,tag,"erloci-0.0.1","726b278e847c068267b2bc3a24bbba443aa65689",undefined,[],[]}
 :: Fetching repo code
$ cd '/home/pete/wefwefwef/docs/other/64fe80d2215fb89b733554c9795b10a3d99e0cd9/erloci-tag-erloci-0.0.1'
$ infinity  `curl --fail --silent --show-error --location --output repo.tar.gz 'https://codeload.github.com/k2informaticsgmbh/erloci/tar.gz/erloci-0.0.1'  2>&1`
$ cd '/home/pete/wefwefwef/docs/erldocs_other.git'
$ cd '/home/pete/wefwefwef/docs/other/64fe80d2215fb89b733554c9795b10a3d99e0cd9/erloci-tag-erloci-0.0.1/erloci-erloci-0.0.1'
$ 5000  `find -P . -type l -delete  2>&1`
$ cd '/home/pete/wefwefwef/docs/erldocs_other.git'
$ 5000  `mv '/home/pete/wefwefwef/docs/other/64fe80d2215fb89b733554c9795b10a3d99e0cd9/erloci-tag-erloci-0.0.1/erloci-erloci-0.0.1' '/home/pete/wefwefwef/docs/other/64fe80d2215fb89b733554c9795b10a3d99e0cd9/erloci-tag-erloci-0.0.1/erloci'  2>&1`
 :: Getting dependencies
$ cd '/home/pete/wefwefwef/docs/other/64fe80d2215fb89b733554c9795b10a3d99e0cd9/erloci-tag-erloci-0.0.1/erloci'
$ 5000  `ls -1 deps/  2>&1`
$ cd '/home/pete/wefwefwef/docs/erldocs_other.git'
>>> [rebar] deps = []
 :: Generating erldocs into /home/pete/wefwefwef/docs/other/64fe80d2215fb89b733554c9795b10a3d99e0cd9/repo/erloci-0.0.1
Building erloci
Generating Type Specs - "/home/pete/wefwefwef/docs/other/64fe80d2215fb89b733554c9795b10a3d99e0cd9/erloci-tag-erloci-0.0.1/erloci/src/erloci_session.erl"
Generating Type Specs - "/home/pete/wefwefwef/docs/other/64fe80d2215fb89b733554c9795b10a3d99e0cd9/erloci-tag-erloci-0.0.1/erloci/src/oci_app.erl"
Generating Type Specs - "/home/pete/wefwefwef/docs/other/64fe80d2215fb89b733554c9795b10a3d99e0cd9/erloci-tag-erloci-0.0.1/erloci/src/oci_logger.erl"
Generating Type Specs - "/home/pete/wefwefwef/docs/other/64fe80d2215fb89b733554c9795b10a3d99e0cd9/erloci-tag-erloci-0.0.1/erloci/src/oci_port.erl"
Generating Type Specs - "/home/pete/wefwefwef/docs/other/64fe80d2215fb89b733554c9795b10a3d99e0cd9/erloci-tag-erloci-0.0.1/erloci/src/tns.erl"
Generating Type Specs - "/home/pete/wefwefwef/docs/other/64fe80d2215fb89b733554c9795b10a3d99e0cd9/erloci-tag-erloci-0.0.1/erloci/src/tnsparse.erl"
Generating XML for application erloci "/home/pete/wefwefwef/docs/other/64fe80d2215fb89b733554c9795b10a3d99e0cd9/erloci-tag-erloci-0.0.1/erloci" -> "/home/pete/wefwefwef/docs/other/64fe80d2215fb89b733554c9795b10a3d99e0cd9/repo/erloci-0.0.1/.xml/erloci"
/home/pete/wefwefwef/docs/other/64fe80d2215fb89b733554c9795b10a3d99e0cd9/erloci-tag-erloci-0.0.1/erloci/src/tnsparse.erl, in module header: at line 3: warning: tag @Author not recognized.
/home/pete/wefwefwef/docs/other/64fe80d2215fb89b733554c9795b10a3d99e0cd9/erloci-tag-erloci-0.0.1/erloci/src/tnsparse.erl, in module header: at line 4: warning: tag @Email not recognized.
Generated erloci XMLs: ["/home/pete/wefwefwef/docs/other/64fe80d2215fb89b733554c9795b10a3d99e0cd9/repo/erloci-0.0.1/.xml/erloci/tns.xml",
                        "/home/pete/wefwefwef/docs/other/64fe80d2215fb89b733554c9795b10a3d99e0cd9/repo/erloci-0.0.1/.xml/erloci/oci_app.xml",
                        "/home/pete/wefwefwef/docs/other/64fe80d2215fb89b733554c9795b10a3d99e0cd9/repo/erloci-0.0.1/.xml/erloci/oci_logger.xml",
                        "/home/pete/wefwefwef/docs/other/64fe80d2215fb89b733554c9795b10a3d99e0cd9/repo/erloci-0.0.1/.xml/erloci/erloci_session.xml",
                        "/home/pete/wefwefwef/docs/other/64fe80d2215fb89b733554c9795b10a3d99e0cd9/repo/erloci-0.0.1/.xml/erloci/oci_port.xml"]
Generating HTML - tns "/home/pete/wefwefwef/docs/other/64fe80d2215fb89b733554c9795b10a3d99e0cd9/repo/erloci-0.0.1/.xml/erloci/tns.xml"
Generating HTML - oci_app "/home/pete/wefwefwef/docs/other/64fe80d2215fb89b733554c9795b10a3d99e0cd9/repo/erloci-0.0.1/.xml/erloci/oci_app.xml"
Generating HTML - oci_logger "/home/pete/wefwefwef/docs/other/64fe80d2215fb89b733554c9795b10a3d99e0cd9/repo/erloci-0.0.1/.xml/erloci/oci_logger.xml"
Generating HTML - oci_port "/home/pete/wefwefwef/docs/other/64fe80d2215fb89b733554c9795b10a3d99e0cd9/repo/erloci-0.0.1/.xml/erloci/oci_port.xml"
Reading XML for "/home/pete/wefwefwef/docs/other/64fe80d2215fb89b733554c9795b10a3d99e0cd9/repo/erloci-0.0.1/.xml/erloci/tns.xml"
Reading XML for "/home/pete/wefwefwef/docs/other/64fe80d2215fb89b733554c9795b10a3d99e0cd9/repo/erloci-0.0.1/.xml/erloci/oci_app.xml"
Reading XML for "/home/pete/wefwefwef/docs/other/64fe80d2215fb89b733554c9795b10a3d99e0cd9/repo/erloci-0.0.1/.xml/erloci/oci_logger.xml"
Reading XML for "/home/pete/wefwefwef/docs/other/64fe80d2215fb89b733554c9795b10a3d99e0cd9/repo/erloci-0.0.1/.xml/erloci/oci_port.xml"
Reading XML for "/home/pete/wefwefwef/docs/other/64fe80d2215fb89b733554c9795b10a3d99e0cd9/repo/erloci-0.0.1/.xml/specs_tns.xml"
Reading XML for "/home/pete/wefwefwef/docs/other/64fe80d2215fb89b733554c9795b10a3d99e0cd9/repo/erloci-0.0.1/.xml/specs_oci_app.xml"
Reading XML for "/home/pete/wefwefwef/docs/other/64fe80d2215fb89b733554c9795b10a3d99e0cd9/repo/erloci-0.0.1/.xml/specs_oci_logger.xml"
Reading XML for "/home/pete/wefwefwef/docs/other/64fe80d2215fb89b733554c9795b10a3d99e0cd9/repo/erloci-0.0.1/.xml/specs_oci_port.xml"
Generating HTML - erloci_session "/home/pete/wefwefwef/docs/other/64fe80d2215fb89b733554c9795b10a3d99e0cd9/repo/erloci-0.0.1/.xml/erloci/erloci_session.xml"
Reading XML for "/home/pete/wefwefwef/docs/other/64fe80d2215fb89b733554c9795b10a3d99e0cd9/repo/erloci-0.0.1/.xml/erloci/erloci_session.xml"
Reading XML for "/home/pete/wefwefwef/docs/other/64fe80d2215fb89b733554c9795b10a3d99e0cd9/repo/erloci-0.0.1/.xml/specs_erloci_session.xml"
Creating index.html ...
Creating erldocs_index.js ...
Woot, finished in 0 Minutes 1 Seconds
 :: Discovering other repos
$ 5000  `rm -r '/home/pete/wefwefwef/docs/other/64fe80d2215fb89b733554c9795b10a3d99e0cd9/erloci-tag-erloci-0.0.1'  2>&1`
 :: Processing https://github.com/k2informaticsgmbh/erloci	{rev,tag,"0.0.3pre-1","9bff405270b9fb5c50e271346208513513a17108",undefined,[],[]}
 :: Fetching repo code
$ cd '/home/pete/wefwefwef/docs/other/64fe80d2215fb89b733554c9795b10a3d99e0cd9/erloci-tag-0.0.3pre-1'
$ infinity  `curl --fail --silent --show-error --location --output repo.tar.gz 'https://codeload.github.com/k2informaticsgmbh/erloci/tar.gz/0.0.3pre-1'  2>&1`
$ cd '/home/pete/wefwefwef/docs/erldocs_other.git'
$ cd '/home/pete/wefwefwef/docs/other/64fe80d2215fb89b733554c9795b10a3d99e0cd9/erloci-tag-0.0.3pre-1/erloci-0.0.3pre-1'
$ 5000  `find -P . -type l -delete  2>&1`
$ cd '/home/pete/wefwefwef/docs/erldocs_other.git'
$ 5000  `mv '/home/pete/wefwefwef/docs/other/64fe80d2215fb89b733554c9795b10a3d99e0cd9/erloci-tag-0.0.3pre-1/erloci-0.0.3pre-1' '/home/pete/wefwefwef/docs/other/64fe80d2215fb89b733554c9795b10a3d99e0cd9/erloci-tag-0.0.3pre-1/erloci'  2>&1`
 :: Getting dependencies
$ cd '/home/pete/wefwefwef/docs/other/64fe80d2215fb89b733554c9795b10a3d99e0cd9/erloci-tag-0.0.3pre-1/erloci'
$ 5000  `ls -1 deps/  2>&1`
$ cd '/home/pete/wefwefwef/docs/erldocs_other.git'
>>> [rebar] deps = []
 :: Generating erldocs into /home/pete/wefwefwef/docs/other/64fe80d2215fb89b733554c9795b10a3d99e0cd9/repo/0.0.3pre-1
Building erloci
Generating Type Specs - "/home/pete/wefwefwef/docs/other/64fe80d2215fb89b733554c9795b10a3d99e0cd9/erloci-tag-0.0.3pre-1/erloci/src/erloci.erl"
Generating Type Specs - "/home/pete/wefwefwef/docs/other/64fe80d2215fb89b733554c9795b10a3d99e0cd9/erloci-tag-0.0.3pre-1/erloci/src/oci_logger.erl"
Generating Type Specs - "/home/pete/wefwefwef/docs/other/64fe80d2215fb89b733554c9795b10a3d99e0cd9/erloci-tag-0.0.3pre-1/erloci/src/oci_port.erl"
Generating Type Specs - "/home/pete/wefwefwef/docs/other/64fe80d2215fb89b733554c9795b10a3d99e0cd9/erloci-tag-0.0.3pre-1/erloci/src/oci_util.erl"
Generating XML for application erloci "/home/pete/wefwefwef/docs/other/64fe80d2215fb89b733554c9795b10a3d99e0cd9/erloci-tag-0.0.3pre-1/erloci" -> "/home/pete/wefwefwef/docs/other/64fe80d2215fb89b733554c9795b10a3d99e0cd9/repo/0.0.3pre-1/.xml/erloci"
edoc: error in layout 'docgen_edoc_xml_cb': {'EXIT',
                                       {function_clause,
                                        [{docgen_edoc_xml_cb,t_type,
                                          [[{xmlElement,binary,[],[],
                                             {xmlNamespace,[],[]},
                                             [{type,2},
                                              {localdef,...},
                                              {...}|...],
                                             1,
                                             [{...}],
                                             [],...}]],
                                          [{file,"docgen_edoc_xml_cb.erl"},
                                           {line,1003}]},
                                         {docgen_edoc_xml_cb,localdef2,1,
                                          [{file,"docgen_edoc_xml_cb.erl"},
                                           {line,844}]},
                                         {docgen_edoc_xml_cb,
                                          '-local_defs2/1-lc$^0/1-0-',1,
                                          [{file,"docgen_edoc_xml_cb.erl"},
                                           {line,835}]},
                                         {docgen_edoc_xml_cb,local_defs2,1,
                                          [{file,"docgen_edoc_xml_cb.erl"},
                                           {line,835}]},
                                         {docgen_edoc_xml_cb,function,2,
                                          [{file,"docgen_edoc_xml_cb.erl"},
                                           {line,777}]},
                                         {lists,flatmap,2,
                                          [{file,"lists.erl"},{line,1248}]},
                                         {lists,flatmap,2,
                                          [{file,"lists.erl"},{line,1248}]},
                                         {docgen_edoc_xml_cb,functions,1,
                                          [{file,[...]},{line,...}]}]}}.
edoc: error in doclet 'edoc_doclet': {'EXIT',error}.
Error generating erloci XMLs. Using fallback ...
Generating XML erloci - erloci "/home/pete/wefwefwef/docs/other/64fe80d2215fb89b733554c9795b10a3d99e0cd9/erloci-tag-0.0.3pre-1/erloci/src/erloci.erl" -> "/home/pete/wefwefwef/docs/other/64fe80d2215fb89b733554c9795b10a3d99e0cd9/repo/0.0.3pre-1/.xml/erloci/erloci.xml"
Generating XML erloci - oci_logger "/home/pete/wefwefwef/docs/other/64fe80d2215fb89b733554c9795b10a3d99e0cd9/erloci-tag-0.0.3pre-1/erloci/src/oci_logger.erl" -> "/home/pete/wefwefwef/docs/other/64fe80d2215fb89b733554c9795b10a3d99e0cd9/repo/0.0.3pre-1/.xml/erloci/oci_logger.xml"
Generating XML erloci - oci_port "/home/pete/wefwefwef/docs/other/64fe80d2215fb89b733554c9795b10a3d99e0cd9/erloci-tag-0.0.3pre-1/erloci/src/oci_port.erl" -> "/home/pete/wefwefwef/docs/other/64fe80d2215fb89b733554c9795b10a3d99e0cd9/repo/0.0.3pre-1/.xml/erloci/oci_port.xml"
Generating XML erloci - oci_util "/home/pete/wefwefwef/docs/other/64fe80d2215fb89b733554c9795b10a3d99e0cd9/erloci-tag-0.0.3pre-1/erloci/src/oci_util.erl" -> "/home/pete/wefwefwef/docs/other/64fe80d2215fb89b733554c9795b10a3d99e0cd9/repo/0.0.3pre-1/.xml/erloci/oci_util.xml"
edoc: error in layout 'docgen_edoc_xml_cb': {'EXIT',
                                       {function_clause,
                                        [{docgen_edoc_xml_cb,t_type,
                                          [[{xmlElement,binary,[],[],
                                             {xmlNamespace,[],[]},
                                             [{type,2},
                                              {localdef,...},
                                              {...}|...],
                                             1,
                                             [{...}],
                                             [],...}]],
                                          [{file,"docgen_edoc_xml_cb.erl"},
                                           {line,1003}]},
                                         {docgen_edoc_xml_cb,localdef2,1,
                                          [{file,"docgen_edoc_xml_cb.erl"},
                                           {line,844}]},
                                         {docgen_edoc_xml_cb,
                                          '-local_defs2/1-lc$^0/1-0-',1,
                                          [{file,"docgen_edoc_xml_cb.erl"},
                                           {line,835}]},
                                         {docgen_edoc_xml_cb,local_defs2,1,
                                          [{file,"docgen_edoc_xml_cb.erl"},
                                           {line,835}]},
                                         {docgen_edoc_xml_cb,function,2,
                                          [{file,"docgen_edoc_xml_cb.erl"},
                                           {line,777}]},
                                         {lists,flatmap,2,
                                          [{file,"lists.erl"},{line,1248}]},
                                         {lists,flatmap,2,
                                          [{file,"lists.erl"},{line,1248}]},
                                         {docgen_edoc_xml_cb,functions,1,
                                          [{file,[...]},{line,...}]}]}}.
Error generating XML ("/home/pete/wefwefwef/docs/other/64fe80d2215fb89b733554c9795b10a3d99e0cd9/erloci-tag-0.0.3pre-1/erloci/src/oci_util.erl"): {'EXIT',
                                                                                                                                                  error}
Generating HTML - erloci "/home/pete/wefwefwef/docs/other/64fe80d2215fb89b733554c9795b10a3d99e0cd9/repo/0.0.3pre-1/.xml/erloci/erloci.xml"
Reading XML for "/home/pete/wefwefwef/docs/other/64fe80d2215fb89b733554c9795b10a3d99e0cd9/repo/0.0.3pre-1/.xml/erloci/erloci.xml"
Reading XML for "/home/pete/wefwefwef/docs/other/64fe80d2215fb89b733554c9795b10a3d99e0cd9/repo/0.0.3pre-1/.xml/specs_erloci.xml"
Generating HTML - oci_logger "/home/pete/wefwefwef/docs/other/64fe80d2215fb89b733554c9795b10a3d99e0cd9/repo/0.0.3pre-1/.xml/erloci/oci_logger.xml"
Reading XML for "/home/pete/wefwefwef/docs/other/64fe80d2215fb89b733554c9795b10a3d99e0cd9/repo/0.0.3pre-1/.xml/erloci/oci_logger.xml"
Reading XML for "/home/pete/wefwefwef/docs/other/64fe80d2215fb89b733554c9795b10a3d99e0cd9/repo/0.0.3pre-1/.xml/specs_oci_logger.xml"
Generating HTML - oci_port "/home/pete/wefwefwef/docs/other/64fe80d2215fb89b733554c9795b10a3d99e0cd9/repo/0.0.3pre-1/.xml/erloci/oci_port.xml"
Reading XML for "/home/pete/wefwefwef/docs/other/64fe80d2215fb89b733554c9795b10a3d99e0cd9/repo/0.0.3pre-1/.xml/erloci/oci_port.xml"
Reading XML for "/home/pete/wefwefwef/docs/other/64fe80d2215fb89b733554c9795b10a3d99e0cd9/repo/0.0.3pre-1/.xml/specs_oci_port.xml"
Creating index.html ...
Creating erldocs_index.js ...
Woot, finished in 0 Minutes 1 Seconds
 :: Discovering other repos
$ 5000  `rm -r '/home/pete/wefwefwef/docs/other/64fe80d2215fb89b733554c9795b10a3d99e0cd9/erloci-tag-0.0.3pre-1'  2>&1`
 :: Processing https://github.com/k2informaticsgmbh/erloci	{rev,tag,"0.0.3pre-2","7d7a2ef8be29e889509c630464ab66dc3b984c52",undefined,[],[]}
 :: Fetching repo code
$ cd '/home/pete/wefwefwef/docs/other/64fe80d2215fb89b733554c9795b10a3d99e0cd9/erloci-tag-0.0.3pre-2'
$ infinity  `curl --fail --silent --show-error --location --output repo.tar.gz 'https://codeload.github.com/k2informaticsgmbh/erloci/tar.gz/0.0.3pre-2'  2>&1`
$ cd '/home/pete/wefwefwef/docs/erldocs_other.git'
$ cd '/home/pete/wefwefwef/docs/other/64fe80d2215fb89b733554c9795b10a3d99e0cd9/erloci-tag-0.0.3pre-2/erloci-0.0.3pre-2'
$ 5000  `find -P . -type l -delete  2>&1`
$ cd '/home/pete/wefwefwef/docs/erldocs_other.git'
$ 5000  `mv '/home/pete/wefwefwef/docs/other/64fe80d2215fb89b733554c9795b10a3d99e0cd9/erloci-tag-0.0.3pre-2/erloci-0.0.3pre-2' '/home/pete/wefwefwef/docs/other/64fe80d2215fb89b733554c9795b10a3d99e0cd9/erloci-tag-0.0.3pre-2/erloci'  2>&1`
 :: Getting dependencies
$ cd '/home/pete/wefwefwef/docs/other/64fe80d2215fb89b733554c9795b10a3d99e0cd9/erloci-tag-0.0.3pre-2/erloci'
$ 5000  `ls -1 deps/  2>&1`
$ cd '/home/pete/wefwefwef/docs/erldocs_other.git'
>>> [rebar] deps = []
 :: Generating erldocs into /home/pete/wefwefwef/docs/other/64fe80d2215fb89b733554c9795b10a3d99e0cd9/repo/0.0.3pre-2
Building erloci
Generating Type Specs - "/home/pete/wefwefwef/docs/other/64fe80d2215fb89b733554c9795b10a3d99e0cd9/erloci-tag-0.0.3pre-2/erloci/src/erloci.erl"
Generating Type Specs - "/home/pete/wefwefwef/docs/other/64fe80d2215fb89b733554c9795b10a3d99e0cd9/erloci-tag-0.0.3pre-2/erloci/src/oci_logger.erl"
Generating Type Specs - "/home/pete/wefwefwef/docs/other/64fe80d2215fb89b733554c9795b10a3d99e0cd9/erloci-tag-0.0.3pre-2/erloci/src/oci_port.erl"
Generating Type Specs - "/home/pete/wefwefwef/docs/other/64fe80d2215fb89b733554c9795b10a3d99e0cd9/erloci-tag-0.0.3pre-2/erloci/src/oci_util.erl"
Generating XML for application erloci "/home/pete/wefwefwef/docs/other/64fe80d2215fb89b733554c9795b10a3d99e0cd9/erloci-tag-0.0.3pre-2/erloci" -> "/home/pete/wefwefwef/docs/other/64fe80d2215fb89b733554c9795b10a3d99e0cd9/repo/0.0.3pre-2/.xml/erloci"
edoc: error in layout 'docgen_edoc_xml_cb': {'EXIT',
                                       {function_clause,
                                        [{docgen_edoc_xml_cb,t_type,
                                          [[{xmlElement,binary,[],[],
                                             {xmlNamespace,[],[]},
                                             [{type,2},
                                              {localdef,...},
                                              {...}|...],
                                             1,
                                             [{...}],
                                             [],...}]],
                                          [{file,"docgen_edoc_xml_cb.erl"},
                                           {line,1003}]},
                                         {docgen_edoc_xml_cb,localdef2,1,
                                          [{file,"docgen_edoc_xml_cb.erl"},
                                           {line,844}]},
                                         {docgen_edoc_xml_cb,
                                          '-local_defs2/1-lc$^0/1-0-',1,
                                          [{file,"docgen_edoc_xml_cb.erl"},
                                           {line,835}]},
                                         {docgen_edoc_xml_cb,local_defs2,1,
                                          [{file,"docgen_edoc_xml_cb.erl"},
                                           {line,835}]},
                                         {docgen_edoc_xml_cb,function,2,
                                          [{file,"docgen_edoc_xml_cb.erl"},
                                           {line,777}]},
                                         {lists,flatmap,2,
                                          [{file,"lists.erl"},{line,1248}]},
                                         {lists,flatmap,2,
                                          [{file,"lists.erl"},{line,1248}]},
                                         {docgen_edoc_xml_cb,functions,1,
                                          [{file,[...]},{line,...}]}]}}.
edoc: error in doclet 'edoc_doclet': {'EXIT',error}.
Error generating erloci XMLs. Using fallback ...
Generating XML erloci - erloci "/home/pete/wefwefwef/docs/other/64fe80d2215fb89b733554c9795b10a3d99e0cd9/erloci-tag-0.0.3pre-2/erloci/src/erloci.erl" -> "/home/pete/wefwefwef/docs/other/64fe80d2215fb89b733554c9795b10a3d99e0cd9/repo/0.0.3pre-2/.xml/erloci/erloci.xml"
Generating XML erloci - oci_logger "/home/pete/wefwefwef/docs/other/64fe80d2215fb89b733554c9795b10a3d99e0cd9/erloci-tag-0.0.3pre-2/erloci/src/oci_logger.erl" -> "/home/pete/wefwefwef/docs/other/64fe80d2215fb89b733554c9795b10a3d99e0cd9/repo/0.0.3pre-2/.xml/erloci/oci_logger.xml"
Generating XML erloci - oci_port "/home/pete/wefwefwef/docs/other/64fe80d2215fb89b733554c9795b10a3d99e0cd9/erloci-tag-0.0.3pre-2/erloci/src/oci_port.erl" -> "/home/pete/wefwefwef/docs/other/64fe80d2215fb89b733554c9795b10a3d99e0cd9/repo/0.0.3pre-2/.xml/erloci/oci_port.xml"
Generating XML erloci - oci_util "/home/pete/wefwefwef/docs/other/64fe80d2215fb89b733554c9795b10a3d99e0cd9/erloci-tag-0.0.3pre-2/erloci/src/oci_util.erl" -> "/home/pete/wefwefwef/docs/other/64fe80d2215fb89b733554c9795b10a3d99e0cd9/repo/0.0.3pre-2/.xml/erloci/oci_util.xml"
edoc: error in layout 'docgen_edoc_xml_cb': {'EXIT',
                                       {function_clause,
                                        [{docgen_edoc_xml_cb,t_type,
                                          [[{xmlElement,binary,[],[],
                                             {xmlNamespace,[],[]},
                                             [{type,2},
                                              {localdef,...},
                                              {...}|...],
                                             1,
                                             [{...}],
                                             [],...}]],
                                          [{file,"docgen_edoc_xml_cb.erl"},
                                           {line,1003}]},
                                         {docgen_edoc_xml_cb,localdef2,1,
                                          [{file,"docgen_edoc_xml_cb.erl"},
                                           {line,844}]},
                                         {docgen_edoc_xml_cb,
                                          '-local_defs2/1-lc$^0/1-0-',1,
                                          [{file,"docgen_edoc_xml_cb.erl"},
                                           {line,835}]},
                                         {docgen_edoc_xml_cb,local_defs2,1,
                                          [{file,"docgen_edoc_xml_cb.erl"},
                                           {line,835}]},
                                         {docgen_edoc_xml_cb,function,2,
                                          [{file,"docgen_edoc_xml_cb.erl"},
                                           {line,777}]},
                                         {lists,flatmap,2,
                                          [{file,"lists.erl"},{line,1248}]},
                                         {lists,flatmap,2,
                                          [{file,"lists.erl"},{line,1248}]},
                                         {docgen_edoc_xml_cb,functions,1,
                                          [{file,[...]},{line,...}]}]}}.
Error generating XML ("/home/pete/wefwefwef/docs/other/64fe80d2215fb89b733554c9795b10a3d99e0cd9/erloci-tag-0.0.3pre-2/erloci/src/oci_util.erl"): {'EXIT',
                                                                                                                                                  error}
Generating HTML - erloci "/home/pete/wefwefwef/docs/other/64fe80d2215fb89b733554c9795b10a3d99e0cd9/repo/0.0.3pre-2/.xml/erloci/erloci.xml"
Reading XML for "/home/pete/wefwefwef/docs/other/64fe80d2215fb89b733554c9795b10a3d99e0cd9/repo/0.0.3pre-2/.xml/erloci/erloci.xml"
Reading XML for "/home/pete/wefwefwef/docs/other/64fe80d2215fb89b733554c9795b10a3d99e0cd9/repo/0.0.3pre-2/.xml/specs_erloci.xml"
Generating HTML - oci_logger "/home/pete/wefwefwef/docs/other/64fe80d2215fb89b733554c9795b10a3d99e0cd9/repo/0.0.3pre-2/.xml/erloci/oci_logger.xml"
Reading XML for "/home/pete/wefwefwef/docs/other/64fe80d2215fb89b733554c9795b10a3d99e0cd9/repo/0.0.3pre-2/.xml/erloci/oci_logger.xml"
Reading XML for "/home/pete/wefwefwef/docs/other/64fe80d2215fb89b733554c9795b10a3d99e0cd9/repo/0.0.3pre-2/.xml/specs_oci_logger.xml"
Generating HTML - oci_port "/home/pete/wefwefwef/docs/other/64fe80d2215fb89b733554c9795b10a3d99e0cd9/repo/0.0.3pre-2/.xml/erloci/oci_port.xml"
Reading XML for "/home/pete/wefwefwef/docs/other/64fe80d2215fb89b733554c9795b10a3d99e0cd9/repo/0.0.3pre-2/.xml/erloci/oci_port.xml"
Reading XML for "/home/pete/wefwefwef/docs/other/64fe80d2215fb89b733554c9795b10a3d99e0cd9/repo/0.0.3pre-2/.xml/specs_oci_port.xml"
Creating index.html ...
Creating erldocs_index.js ...
Woot, finished in 0 Minutes 1 Seconds
 :: Discovering other repos
$ 5000  `rm -r '/home/pete/wefwefwef/docs/other/64fe80d2215fb89b733554c9795b10a3d99e0cd9/erloci-tag-0.0.3pre-2'  2>&1`
 :: Finishing up
$ 5000  `rm -r '/home/pete/wefwefwef/docs/other/64fe80d2215fb89b733554c9795b10a3d99e0cd9/erloci'  2>&1`
