 :: Extracting meta information
$ cd '.'
$ infinity  `git ls-remote --heads --tags https://github.com/nekso/nkdocker`
>>> [repo] 2 branches, 3 tags
 :: Writing meta to "/home/pete/wefwefwef/docs/other/effe3788d8ce93331cf70a96dd43300861740f1b/meta.txt"
 :: Skipping tag "v0.118.0"
 :: Skipping tag "v0.118.1"
 :: Skipping tag "v0.118.2"
 :: Skipping branch "master"
 :: Processing https://github.com/nekso/nkdocker	{rev,branch,"develop","2f33f76f82c3d8ecc62dafdfee6329a1cb10132f",undefined,[],[]}
 :: Fetching repo code
$ cd '/home/pete/wefwefwef/docs/other/effe3788d8ce93331cf70a96dd43300861740f1b/nkdocker-branch-develop'
$ infinity  `curl --fail --silent --show-error --location --output repo.tar.gz https://codeload.github.com/nekso/nkdocker/tar.gz/develop`
$ cd '/home/pete/wefwefwef/docs/other/effe3788d8ce93331cf70a96dd43300861740f1b/nkdocker-branch-develop/nkdocker-develop'
$ 5000  `find -P . -type l -delete`
$ cd '.'
$ 5000  `mv /home/pete/wefwefwef/docs/other/effe3788d8ce93331cf70a96dd43300861740f1b/nkdocker-branch-develop/nkdocker-develop /home/pete/wefwefwef/docs/other/effe3788d8ce93331cf70a96dd43300861740f1b/nkdocker-branch-develop/nkdocker`
 :: Getting dependencies
 :: Error running eo_core:
	[{eo_core,sh,
                  ["/home/pete/wefwefwef/docs/other/effe3788d8ce93331cf70a96dd43300861740f1b/nkdocker-branch-develop/nkdocker",
                   ["rebar","--config",
                    "/home/pete/wefwefwef/docs/other/effe3788d8ce93331cf70a96dd43300861740f1b/nkdocker-branch-develop/rebar_deps",
                    "get-deps"],
                   infinity],
                  []},
         {eo_util,get_deps,2,[{file,"src/eo_util.erl"},{line,123}]},
         {eo_util,rebar_get_deps,1,[{file,"src/eo_util.erl"},{line,88}]},
         {eo_core,get_deps,1,[{file,"src/eo_core.erl"},{line,339}]},
         {eo_core,do,7,[{file,"src/eo_core.erl"},{line,110}]},
         {eo_core,'-main_/1-lc$^0/1-0-',8,
                  [{file,"src/eo_core.erl"},{line,85}]},
         {eo_core,main_,1,[{file,"src/eo_core.erl"},{line,85}]},
         {eo_core,main,1,[{file,"src/eo_core.erl"},{line,56}]}]
{error,undef}
 :: Finishing up
$ cd '.'
$ 5000  `rm -r /home/pete/wefwefwef/docs/other/effe3788d8ce93331cf70a96dd43300861740f1b/nkdocker`
