 :: Extracting meta information
$ cd '.'
$ infinity  `git ls-remote --heads --tags https://github.com/leo-project/leo_storage`
>>> [repo] 3 branches, 59 tags
 :: Writing meta to "/home/pete/wefwefwef/docs/other/16d2de163be1b906b2456880dc3218fa5678b6e8/meta.txt"
 :: Skipping tag "0.10.0"
 :: Skipping tag "0.10.1"
 :: Skipping tag "0.10.2"
 :: Skipping tag "0.10.3"
 :: Skipping tag "0.12.0"
 :: Skipping tag "0.12.1"
 :: Skipping tag "0.12.2"
 :: Skipping tag "0.12.3"
 :: Skipping tag "0.12.4"
 :: Skipping tag "0.12.5"
 :: Skipping tag "0.12.6"
 :: Skipping tag "0.12.7"
 :: Skipping tag "0.12.8"
 :: Skipping tag "0.12.9"
 :: Skipping tag "0.14.0"
 :: Skipping tag "0.14.0-RC1"
 :: Skipping tag "0.14.0-RC2"
 :: Skipping tag "0.14.1"
 :: Skipping tag "0.14.2"
 :: Skipping tag "0.14.3"
 :: Skipping tag "0.14.4"
 :: Skipping tag "0.14.5"
 :: Skipping tag "0.14.6"
 :: Skipping tag "0.14.7"
 :: Skipping tag "0.16.0"
 :: Skipping tag "0.16.5"
 :: Skipping tag "0.16.8"
 :: Skipping tag "0.9.0"
 :: Skipping tag "0.9.1"
 :: Skipping tag "0.9.2"
 :: Skipping tag "1.0.0"
 :: Skipping tag "1.0.0-pre1"
 :: Skipping tag "1.0.0-pre3"
 :: Skipping tag "1.0.1"
 :: Skipping tag "1.0.2"
 :: Skipping tag "1.1.0"
 :: Skipping tag "1.1.1"
 :: Skipping tag "1.1.2"
 :: Skipping tag "1.1.3"
 :: Skipping tag "1.1.4"
 :: Skipping tag "1.2.0"
 :: Skipping tag "1.2.10"
 :: Skipping tag "1.2.11"
 :: Skipping tag "1.2.12"
 :: Skipping tag "1.2.16"
 :: Skipping tag "1.2.2"
 :: Skipping tag "1.2.3"
 :: Skipping tag "1.2.4"
 :: Skipping tag "1.2.5"
 :: Skipping tag "1.2.6"
 :: Skipping tag "1.2.7"
 :: Skipping tag "1.2.8"
 :: Skipping tag "1.2.9"
 :: Skipping tag "1.1.5"
 :: Skipping tag "1.2.1"
 :: Skipping tag "1.2.14"
 :: Skipping tag "1.4.0-pre.1"
 :: Skipping tag "1.4.0-pre.2"
 :: Skipping branch "1.4"
 :: Skipping branch "develop"
 :: Skipping branch "master"
 :: Processing https://github.com/leo-project/leo_storage	{rev,tag,"1.0.0-pre2","d1ae0f8b6168d54268bc95e05400466ac46e7759",undefined,[],[]}
 :: Fetching repo code
$ cd '/home/pete/wefwefwef/docs/other/16d2de163be1b906b2456880dc3218fa5678b6e8/leo_storage-tag-1.0.0-pre2'
$ infinity  `curl --fail --silent --show-error --location --output repo.tar.gz https://codeload.github.com/leo-project/leo_storage/tar.gz/1.0.0-pre2`
$ cd '/home/pete/wefwefwef/docs/other/16d2de163be1b906b2456880dc3218fa5678b6e8/leo_storage-tag-1.0.0-pre2/leo_storage-1.0.0-pre2'
$ 5000  `find -P . -type l -delete`
$ cd '.'
$ 5000  `mv /home/pete/wefwefwef/docs/other/16d2de163be1b906b2456880dc3218fa5678b6e8/leo_storage-tag-1.0.0-pre2/leo_storage-1.0.0-pre2 /home/pete/wefwefwef/docs/other/16d2de163be1b906b2456880dc3218fa5678b6e8/leo_storage-tag-1.0.0-pre2/leo_storage`
 :: Getting dependencies
 :: Error running eo_core:
	[{eo_core,sh,
                  ["/home/pete/wefwefwef/docs/other/16d2de163be1b906b2456880dc3218fa5678b6e8/leo_storage-tag-1.0.0-pre2/leo_storage",
                   ["rebar","--config",
                    "/home/pete/wefwefwef/docs/other/16d2de163be1b906b2456880dc3218fa5678b6e8/leo_storage-tag-1.0.0-pre2/rebar_deps",
                    "get-deps"],
                   infinity],
                  []},
         {eo_util,get_deps,2,[{file,"src/eo_util.erl"},{line,123}]},
         {eo_util,rebar_get_deps,1,[{file,"src/eo_util.erl"},{line,88}]},
         {eo_core,get_deps,1,[{file,"src/eo_core.erl"},{line,339}]},
         {eo_core,do,7,[{file,"src/eo_core.erl"},{line,110}]},
         {eo_core,'-main_/1-lc$^0/1-0-',8,
                  [{file,"src/eo_core.erl"},{line,85}]},
         {eo_core,main_,1,[{file,"src/eo_core.erl"},{line,85}]},
         {eo_core,main,1,[{file,"src/eo_core.erl"},{line,56}]}]
{error,undef}
 :: Finishing up
$ cd '.'
$ 5000  `rm -r /home/pete/wefwefwef/docs/other/16d2de163be1b906b2456880dc3218fa5678b6e8/leo_storage`
