 :: Extracting meta information
$ 5000  `git ls-remote --heads --tags 'https://github.com/otpchatbot/irc_lib'  2>&1`
>>> [repo] 1 branches, 0 tags
 :: Writing meta to "/home/pete/wefwefwef/docs/other/4680193775/meta.txt"
 :: Processing https://github.com/otpchatbot/irc_lib	{rev,branch,"master","fa97716c2c2c28e76de3a56cbe3b901f698511ff",undefined,[],[]}
 :: Fetching repo code
$ cd "/home/pete/wefwefwef/docs/other/4680193775/irc_lib-branch-master/irc_lib"
$ infinity  `curl --fail --silent --show-error --location --output 'master.zip' 'https://github.com/otpchatbot/irc_lib/archive/master.zip'  2>&1`
$ cd "/home/pete/wefwefwef/docs/erldocs_other.git"
$ cd "/home/pete/wefwefwef/docs/other/4680193775/irc_lib-branch-master/irc_lib"
$ 5000  `find -P . -type l -delete  2>&1`
$ cd "/home/pete/wefwefwef/docs/erldocs_other.git"
$ cd "/home/pete/wefwefwef/docs/other/4680193775/irc_lib-branch-master/irc_lib"
$ 5000  `find 'irc_lib-master' -mindepth 1 -maxdepth 1 -exec mv -t . -- {} +  2>&1`
$ cd "/home/pete/wefwefwef/docs/erldocs_other.git"
 :: Getting dependencies
$ cd "/home/pete/wefwefwef/docs/other/4680193775/irc_lib-branch-master/irc_lib"
$ 5000  `ls -1 deps/  2>&1`
$ cd "/home/pete/wefwefwef/docs/erldocs_other.git"
>>> [rebar] deps = []
 :: Generating erldocs into /home/pete/wefwefwef/docs/other/4680193775/repo/master
Building irc_lib
Generating Type Specs - "/home/pete/wefwefwef/docs/other/4680193775/irc_lib-branch-master/irc_lib/src/irc_lib_app.erl"
Generating Type Specs - "/home/pete/wefwefwef/docs/other/4680193775/irc_lib-branch-master/irc_lib/src/irc_lib_client.erl"
Generating Type Specs - "/home/pete/wefwefwef/docs/other/4680193775/irc_lib-branch-master/irc_lib/src/irc_lib_sup.erl"
Generating Type Specs - "/home/pete/wefwefwef/docs/other/4680193775/irc_lib-branch-master/irc_lib/src/irc_test.erl"
Generating XML for application irc_lib "/home/pete/wefwefwef/docs/other/4680193775/irc_lib-branch-master/irc_lib" -> "/home/pete/wefwefwef/docs/other/4680193775/repo/master/.xml/irc_lib"
Generated irc_lib XMLs: ["/home/pete/wefwefwef/docs/other/4680193775/repo/master/.xml/irc_lib/irc_test.xml",
                         "/home/pete/wefwefwef/docs/other/4680193775/repo/master/.xml/irc_lib/irc_lib_client.xml",
                         "/home/pete/wefwefwef/docs/other/4680193775/repo/master/.xml/irc_lib/irc_lib_sup.xml",
                         "/home/pete/wefwefwef/docs/other/4680193775/repo/master/.xml/irc_lib/irc_lib_app.xml"]
Generating HTML - irc_lib_sup "/home/pete/wefwefwef/docs/other/4680193775/repo/master/.xml/irc_lib/irc_lib_sup.xml"
Generating HTML - irc_test "/home/pete/wefwefwef/docs/other/4680193775/repo/master/.xml/irc_lib/irc_test.xml"
Generating HTML - irc_lib_app "/home/pete/wefwefwef/docs/other/4680193775/repo/master/.xml/irc_lib/irc_lib_app.xml"
Generating HTML - irc_lib_client "/home/pete/wefwefwef/docs/other/4680193775/repo/master/.xml/irc_lib/irc_lib_client.xml"
Reading XML for "/home/pete/wefwefwef/docs/other/4680193775/repo/master/.xml/irc_lib/irc_lib_sup.xml"
Reading XML for "/home/pete/wefwefwef/docs/other/4680193775/repo/master/.xml/irc_lib/irc_test.xml"
Reading XML for "/home/pete/wefwefwef/docs/other/4680193775/repo/master/.xml/irc_lib/irc_lib_app.xml"
Reading XML for "/home/pete/wefwefwef/docs/other/4680193775/repo/master/.xml/irc_lib/irc_lib_client.xml"
Reading XML for "/home/pete/wefwefwef/docs/other/4680193775/repo/master/.xml/specs_irc_test.xml"
Reading XML for "/home/pete/wefwefwef/docs/other/4680193775/repo/master/.xml/specs_irc_lib_app.xml"
Reading XML for "/home/pete/wefwefwef/docs/other/4680193775/repo/master/.xml/specs_irc_lib_sup.xml"
Reading XML for "/home/pete/wefwefwef/docs/other/4680193775/repo/master/.xml/specs_irc_lib_client.xml"
Creating index.html ...
Creating erldocs_index.js ...
Woot, finished in 0 Minutes 0 Seconds
 :: Discovering other repos
$ 5000  `rm -r '/home/pete/wefwefwef/docs/other/4680193775/irc_lib-branch-master'  2>&1`
 :: Finishing up
$ 5000  `rm -r '/home/pete/wefwefwef/docs/other/4680193775/irc_lib'  2>&1`
