 :: Extracting meta information
$ 5000  `git ls-remote --heads --tags 'https://github.com/gytisz/chat'  2>&1`
>>> [repo] 1 branches, 0 tags
 :: Writing meta to "/home/pete/wefwefwef/docs/other/2245896568/meta.txt"
 :: Processing https://github.com/gytisz/chat	{rev,branch,"master","56fbdea7f29fe7435103d4a1e6290a5b66428a02",undefined,[],[]}
 :: Fetching repo code
$ cd "/home/pete/wefwefwef/docs/other/2245896568/chat-branch-master/chat"
$ infinity  `curl --fail --silent --show-error --location --output 'master.zip' 'https://github.com/gytisz/chat/archive/master.zip'  2>&1`
$ cd "/home/pete/wefwefwef/docs/erldocs_other.git"
$ cd "/home/pete/wefwefwef/docs/other/2245896568/chat-branch-master/chat"
$ 5000  `find -P . -type l -delete  2>&1`
$ cd "/home/pete/wefwefwef/docs/erldocs_other.git"
$ cd "/home/pete/wefwefwef/docs/other/2245896568/chat-branch-master/chat"
$ 5000  `find 'chat-master' -mindepth 1 -maxdepth 1 -exec mv -t . -- {} +  2>&1`
$ cd "/home/pete/wefwefwef/docs/erldocs_other.git"
 :: Getting dependencies
$ cd "/home/pete/wefwefwef/docs/other/2245896568/chat-branch-master/chat"
$ 5000  `ls -1 deps/  2>&1`
$ cd "/home/pete/wefwefwef/docs/erldocs_other.git"
>>> [rebar] deps = []
 :: Generating erldocs into /home/pete/wefwefwef/docs/other/2245896568/repo/master
Building chat
Generating Type Specs - "/home/pete/wefwefwef/docs/other/2245896568/chat-branch-master/chat/src/chat_client.erl"
EDoc could not process file '/home/pete/wefwefwef/docs/other/2245896568/chat-branch-master/chat/src/chat_client.erl'
Error generating type specs for "/home/pete/wefwefwef/docs/other/2245896568/chat-branch-master/chat/src/chat_client.erl"
Generating Type Specs - "/home/pete/wefwefwef/docs/other/2245896568/chat-branch-master/chat/src/chat_client_sup.erl"
EDoc could not process file '/home/pete/wefwefwef/docs/other/2245896568/chat-branch-master/chat/src/chat_client_sup.erl'
Error generating type specs for "/home/pete/wefwefwef/docs/other/2245896568/chat-branch-master/chat/src/chat_client_sup.erl"
Generating Type Specs - "/home/pete/wefwefwef/docs/other/2245896568/chat-branch-master/chat/src/chat_server.erl"
EDoc could not process file '/home/pete/wefwefwef/docs/other/2245896568/chat-branch-master/chat/src/chat_server.erl'
Error generating type specs for "/home/pete/wefwefwef/docs/other/2245896568/chat-branch-master/chat/src/chat_server.erl"
Generating Type Specs - "/home/pete/wefwefwef/docs/other/2245896568/chat-branch-master/chat/src/chat_server_sup.erl"
EDoc could not process file '/home/pete/wefwefwef/docs/other/2245896568/chat-branch-master/chat/src/chat_server_sup.erl'
Error generating type specs for "/home/pete/wefwefwef/docs/other/2245896568/chat-branch-master/chat/src/chat_server_sup.erl"
Generating XML for application chat "/home/pete/wefwefwef/docs/other/2245896568/chat-branch-master/chat" -> "/home/pete/wefwefwef/docs/other/2245896568/repo/master/.xml/chat"
/home/pete/wefwefwef/docs/other/2245896568/chat-branch-master/chat/src/chat_server.erl, function start_link/1: at line 25: error in XML parser: {system_limit,[{ets,new,[rules,[set|...]],[]},
                                    {xmerl_scan,initial_state,2,[{...}|...]},
                                    {xmerl_scan,int_string,4,[...]},
                                    {xmerl_scan,string,2,...},
                                    {edoc_wiki,parse_xml_1,...},
                                    {edoc_wiki,...},
                                    {...}|...]}.
edoc: skipping source file '/home/pete/wefwefwef/docs/other/2245896568/chat-branch-master/chat/src/chat_server.erl': {'EXIT',
                                                                                                                error}.
/home/pete/wefwefwef/docs/other/2245896568/chat-branch-master/chat/src/chat_client.erl, function start/0: at line 23: error in XML parser: {system_limit,[{ets,new,[rules,[set|...]],[]},
                                    {xmerl_scan,initial_state,2,[{...}|...]},
                                    {xmerl_scan,int_string,4,[...]},
                                    {xmerl_scan,string,2,...},
                                    {edoc_wiki,parse_xml_1,...},
                                    {edoc_wiki,...},
                                    {...}|...]}.
edoc: skipping source file '/home/pete/wefwefwef/docs/other/2245896568/chat-branch-master/chat/src/chat_client.erl': {'EXIT',
                                                                                                                error}.
edoc: skipping source file '/home/pete/wefwefwef/docs/other/2245896568/chat-branch-master/chat/src/chat_server_sup.erl': {'EXIT',
                                                                                                                    {system_limit,
                                                                                                                     [{ets,
                                                                                                                       new,
                                                                                                                       [etypes,
                                                                                                                        [ordered_set]],
                                                                                                                       []},
                                                                                                                      {edoc_specs,
                                                                                                                       add_data,
                                                                                                                       4,
                                                                                                                       [{file,
                                                                                                                         "edoc_specs.erl"},
                                                                                                                        {line,
                                                                                                                         109}]},
                                                                                                                      {edoc_extract,
                                                                                                                       source1,
                                                                                                                       5,
                                                                                                                       [{file,
                                                                                                                         [...]},
                                                                                                                        {line,...}]},
                                                                                                                      {edoc_doclet,
                                                                                                                       source,
                                                                                                                       9,
                                                                                                                       [{file,...},
                                                                                                                        {...}]},
                                                                                                                      {lists,
                                                                                                                       foldl,
                                                                                                                       3,
                                                                                                                       [{...}|...]},
                                                                                                                      {edoc_doclet,
                                                                                                                       sources,
                                                                                                                       5,
                                                                                                                       [...]},
                                                                                                                      {edoc_doclet,
                                                                                                                       gen,
                                                                                                                       6,...},
                                                                                                                      {edoc_lib,
                                                                                                                       run_plugin,...}]}}.
edoc: skipping source file '/home/pete/wefwefwef/docs/other/2245896568/chat-branch-master/chat/src/chat_client_sup.erl': {'EXIT',
                                                                                                                    {system_limit,
                                                                                                                     [{ets,
                                                                                                                       new,
                                                                                                                       [etypes,
                                                                                                                        [ordered_set]],
                                                                                                                       []},
                                                                                                                      {edoc_specs,
                                                                                                                       add_data,
                                                                                                                       4,
                                                                                                                       [{file,
                                                                                                                         "edoc_specs.erl"},
                                                                                                                        {line,
                                                                                                                         109}]},
                                                                                                                      {edoc_extract,
                                                                                                                       source1,
                                                                                                                       5,
                                                                                                                       [{file,
                                                                                                                         [...]},
                                                                                                                        {line,...}]},
                                                                                                                      {edoc_doclet,
                                                                                                                       source,
                                                                                                                       9,
                                                                                                                       [{file,...},
                                                                                                                        {...}]},
                                                                                                                      {lists,
                                                                                                                       foldl,
                                                                                                                       3,
                                                                                                                       [{...}|...]},
                                                                                                                      {edoc_doclet,
                                                                                                                       sources,
                                                                                                                       5,
                                                                                                                       [...]},
                                                                                                                      {edoc_doclet,
                                                                                                                       gen,
                                                                                                                       6,...},
                                                                                                                      {edoc_lib,
                                                                                                                       run_plugin,...}]}}.
edoc: error in doclet 'edoc_doclet': {'EXIT',error}.
Error generating chat XMLs. Using fallback ...
Generating XML chat - chat_client "/home/pete/wefwefwef/docs/other/2245896568/chat-branch-master/chat/src/chat_client.erl" -> "/home/pete/wefwefwef/docs/other/2245896568/repo/master/.xml/chat/chat_client.xml"
/home/pete/wefwefwef/docs/other/2245896568/chat-branch-master/chat/src/chat_client.erl, function start/0: at line 23: error in XML parser: {system_limit,[{ets,new,[rules,[set|...]],[]},
                                    {xmerl_scan,initial_state,2,[{...}|...]},
                                    {xmerl_scan,int_string,4,[...]},
                                    {xmerl_scan,string,2,...},
                                    {edoc_wiki,parse_xml_1,...},
                                    {edoc_wiki,...},
                                    {...}|...]}.
Error generating XML ("/home/pete/wefwefwef/docs/other/2245896568/chat-branch-master/chat/src/chat_client.erl"): {'EXIT',
                                                                                                                  error}
Generating XML chat - chat_client_sup "/home/pete/wefwefwef/docs/other/2245896568/chat-branch-master/chat/src/chat_client_sup.erl" -> "/home/pete/wefwefwef/docs/other/2245896568/repo/master/.xml/chat/chat_client_sup.xml"
Error generating XML ("/home/pete/wefwefwef/docs/other/2245896568/chat-branch-master/chat/src/chat_client_sup.erl"): {'EXIT',
                                                                                                                      {system_limit,
                                                                                                                       [{ets,
                                                                                                                         new,
                                                                                                                         [etypes,
                                                                                                                          [ordered_set]],
                                                                                                                         []},
                                                                                                                        {edoc_specs,
                                                                                                                         add_data,
                                                                                                                         4,
                                                                                                                         [{file,
                                                                                                                           "edoc_specs.erl"},
                                                                                                                          {line,
                                                                                                                           109}]},
                                                                                                                        {edoc_extract,
                                                                                                                         source1,
                                                                                                                         5,
                                                                                                                         [{file,
                                                                                                                           "edoc_extract.erl"},
                                                                                                                          {line,
                                                                                                                           130}]},
                                                                                                                        {edoc,
                                                                                                                         read,
                                                                                                                         2,
                                                                                                                         [{file,
                                                                                                                           "edoc.erl"},
                                                                                                                          {line,
                                                                                                                           538}]},
                                                                                                                        {edoc,
                                                                                                                         file,
                                                                                                                         2,
                                                                                                                         [{file,
                                                                                                                           "edoc.erl"},
                                                                                                                          {line,
                                                                                                                           116}]},
                                                                                                                        {erldocs_core,
                                                                                                                         '-gen_docsrc/4-fun-1-',
                                                                                                                         5,
                                                                                                                         [{file,
                                                                                                                           "src/erldocs_core.erl"},
                                                                                                                          {line,
                                                                                                                           204}]},
                                                                                                                        {lists,
                                                                                                                         foldl,
                                                                                                                         3,
                                                                                                                         [{file,
                                                                                                                           "lists.erl"},
                                                                                                                          {line,
                                                                                                                           1261}]},
                                                                                                                        {erldocs_core,
                                                                                                                         tmp_cd,
                                                                                                                         2,
                                                                                                                         [{file,
                                                                                                                           "src/erldocs_core.erl"},
                                                                                                                          {line,
                                                                                                                           227}]}]}}
Generating XML chat - chat_server "/home/pete/wefwefwef/docs/other/2245896568/chat-branch-master/chat/src/chat_server.erl" -> "/home/pete/wefwefwef/docs/other/2245896568/repo/master/.xml/chat/chat_server.xml"
/home/pete/wefwefwef/docs/other/2245896568/chat-branch-master/chat/src/chat_server.erl, function start_link/1: at line 25: error in XML parser: {system_limit,[{ets,new,[rules,[set|...]],[]},
                                    {xmerl_scan,initial_state,2,[{...}|...]},
                                    {xmerl_scan,int_string,4,[...]},
                                    {xmerl_scan,string,2,...},
                                    {edoc_wiki,parse_xml_1,...},
                                    {edoc_wiki,...},
                                    {...}|...]}.
Error generating XML ("/home/pete/wefwefwef/docs/other/2245896568/chat-branch-master/chat/src/chat_server.erl"): {'EXIT',
                                                                                                                  error}
Generating XML chat - chat_server_sup "/home/pete/wefwefwef/docs/other/2245896568/chat-branch-master/chat/src/chat_server_sup.erl" -> "/home/pete/wefwefwef/docs/other/2245896568/repo/master/.xml/chat/chat_server_sup.xml"
Error generating XML ("/home/pete/wefwefwef/docs/other/2245896568/chat-branch-master/chat/src/chat_server_sup.erl"): {'EXIT',
                                                                                                                      {system_limit,
                                                                                                                       [{ets,
                                                                                                                         new,
                                                                                                                         [etypes,
                                                                                                                          [ordered_set]],
                                                                                                                         []},
                                                                                                                        {edoc_specs,
                                                                                                                         add_data,
                                                                                                                         4,
                                                                                                                         [{file,
                                                                                                                           "edoc_specs.erl"},
                                                                                                                          {line,
                                                                                                                           109}]},
                                                                                                                        {edoc_extract,
                                                                                                                         source1,
                                                                                                                         5,
                                                                                                                         [{file,
                                                                                                                           "edoc_extract.erl"},
                                                                                                                          {line,
                                                                                                                           130}]},
                                                                                                                        {edoc,
                                                                                                                         read,
                                                                                                                         2,
                                                                                                                         [{file,
                                                                                                                           "edoc.erl"},
                                                                                                                          {line,
                                                                                                                           538}]},
                                                                                                                        {edoc,
                                                                                                                         file,
                                                                                                                         2,
                                                                                                                         [{file,
                                                                                                                           "edoc.erl"},
                                                                                                                          {line,
                                                                                                                           116}]},
                                                                                                                        {erldocs_core,
                                                                                                                         '-gen_docsrc/4-fun-1-',
                                                                                                                         5,
                                                                                                                         [{file,
                                                                                                                           "src/erldocs_core.erl"},
                                                                                                                          {line,
                                                                                                                           204}]},
                                                                                                                        {lists,
                                                                                                                         foldl,
                                                                                                                         3,
                                                                                                                         [{file,
                                                                                                                           "lists.erl"},
                                                                                                                          {line,
                                                                                                                           1261}]},
                                                                                                                        {erldocs_core,
                                                                                                                         tmp_cd,
                                                                                                                         2,
                                                                                                                         [{file,
                                                                                                                           "src/erldocs_core.erl"},
                                                                                                                          {line,
                                                                                                                           227}]}]}}
No documentation was generated!
Woot, finished in 0 Minutes 0 Seconds
 :: Discovering other repos
$ 5000  `rm -r '/home/pete/wefwefwef/docs/other/2245896568/chat-branch-master'  2>&1`
 :: Finishing up
$ 5000  `rm -r '/home/pete/wefwefwef/docs/other/2245896568/chat'  2>&1`
$ 5000  `rm -r '/home/pete/wefwefwef/docs/other/2245896568/repo/master'  2>&1`
