 :: Extracting meta information
$ 5000  `git ls-remote --heads --tags 'https://github.com/unix1/gun'  2>&1`
>>> [repo] 4 branches, 0 tags
 :: Writing meta to "/home/pete/wefwefwef/docs/other/6160864635/meta.txt"
 :: Processing https://github.com/unix1/gun	{rev,branch,"fix-body-no-contentlength","54123924e717546920f10bad3f0bcda1d8af94c2",undefined,[],[]}
 :: Fetching repo code
$ cd "/home/pete/wefwefwef/docs/other/6160864635/gun-branch-fix-body-no-contentlength/gun"
$ infinity  `curl --fail --silent --show-error --location --output 'fix-body-no-contentlength.zip' 'https://github.com/unix1/gun/archive/fix-body-no-contentlength.zip'  2>&1`
$ cd "/home/pete/wefwefwef/docs/erldocs_other.git"
$ cd "/home/pete/wefwefwef/docs/other/6160864635/gun-branch-fix-body-no-contentlength/gun"
$ 5000  `find -P . -type l -delete  2>&1`
$ cd "/home/pete/wefwefwef/docs/erldocs_other.git"
$ cd "/home/pete/wefwefwef/docs/other/6160864635/gun-branch-fix-body-no-contentlength/gun"
$ 5000  `find 'gun-fix-body-no-contentlength' -mindepth 1 -maxdepth 1 -exec mv -t . -- {} +  2>&1`
$ cd "/home/pete/wefwefwef/docs/erldocs_other.git"
 :: Getting dependencies
$ cd "/home/pete/wefwefwef/docs/other/6160864635/gun-branch-fix-body-no-contentlength/gun"
$ infinity  `rebar --config '/home/pete/wefwefwef/docs/other/6160864635/gun-branch-fix-body-no-contentlength/rebar_deps' get-deps  2>&1`
$ cd "/home/pete/wefwefwef/docs/erldocs_other.git"
$ cd "/home/pete/wefwefwef/docs/other/6160864635/gun-branch-fix-body-no-contentlength/gun"
$ 5000  `find -P . -type l -delete  2>&1`
$ cd "/home/pete/wefwefwef/docs/erldocs_other.git"
$ cd "/home/pete/wefwefwef/docs/other/6160864635/gun-branch-fix-body-no-contentlength/gun"
$ 5000  `ls -1 deps/  2>&1`
$ cd "/home/pete/wefwefwef/docs/erldocs_other.git"
>>> [rebar] deps = ["cowlib","ranch"]
 :: Generating erldocs into /home/pete/wefwefwef/docs/other/6160864635/repo/fix-body-no-contentlength
Building gun
Generating Type Specs - "/home/pete/wefwefwef/docs/other/6160864635/gun-branch-fix-body-no-contentlength/gun/src/gun.erl"
Generating Type Specs - "/home/pete/wefwefwef/docs/other/6160864635/gun-branch-fix-body-no-contentlength/gun/src/gun_app.erl"
Generating Type Specs - "/home/pete/wefwefwef/docs/other/6160864635/gun-branch-fix-body-no-contentlength/gun/src/gun_http.erl"
Generating Type Specs - "/home/pete/wefwefwef/docs/other/6160864635/gun-branch-fix-body-no-contentlength/gun/src/gun_spdy.erl"
Generating Type Specs - "/home/pete/wefwefwef/docs/other/6160864635/gun-branch-fix-body-no-contentlength/gun/src/gun_sup.erl"
Generating XML for application gun "/home/pete/wefwefwef/docs/other/6160864635/gun-branch-fix-body-no-contentlength/gun" -> "/home/pete/wefwefwef/docs/other/6160864635/repo/fix-body-no-contentlength/.xml/gun"
Generated gun XMLs: ["/home/pete/wefwefwef/docs/other/6160864635/repo/fix-body-no-contentlength/.xml/gun/gun_spdy.xml",
                     "/home/pete/wefwefwef/docs/other/6160864635/repo/fix-body-no-contentlength/.xml/gun/gun_http.xml",
                     "/home/pete/wefwefwef/docs/other/6160864635/repo/fix-body-no-contentlength/.xml/gun/gun.xml"]
Generating HTML - gun "/home/pete/wefwefwef/docs/other/6160864635/repo/fix-body-no-contentlength/.xml/gun/gun.xml"
Reading XML for "/home/pete/wefwefwef/docs/other/6160864635/repo/fix-body-no-contentlength/.xml/gun/gun.xml"
Reading XML for "/home/pete/wefwefwef/docs/other/6160864635/repo/fix-body-no-contentlength/.xml/specs_gun.xml"
Generating HTML - gun_http "/home/pete/wefwefwef/docs/other/6160864635/repo/fix-body-no-contentlength/.xml/gun/gun_http.xml"
Reading XML for "/home/pete/wefwefwef/docs/other/6160864635/repo/fix-body-no-contentlength/.xml/gun/gun_http.xml"
Reading XML for "/home/pete/wefwefwef/docs/other/6160864635/repo/fix-body-no-contentlength/.xml/specs_gun_http.xml"
Generating HTML - gun_spdy "/home/pete/wefwefwef/docs/other/6160864635/repo/fix-body-no-contentlength/.xml/gun/gun_spdy.xml"
Reading XML for "/home/pete/wefwefwef/docs/other/6160864635/repo/fix-body-no-contentlength/.xml/gun/gun_spdy.xml"
Reading XML for "/home/pete/wefwefwef/docs/other/6160864635/repo/fix-body-no-contentlength/.xml/specs_gun_spdy.xml"
Creating index.html ...
Creating erldocs_index.js ...
Woot, finished in 0 Minutes 0 Seconds
 :: Discovering other repos
$ 5000  `rm -r '/home/pete/wefwefwef/docs/other/6160864635/gun-branch-fix-body-no-contentlength'  2>&1`
 :: Processing https://github.com/unix1/gun	{rev,branch,"fix-iofromheaders-temp","4a7a1e3be2bbc4217732d03dff0822689d815401",undefined,[],[]}
 :: Fetching repo code
$ cd "/home/pete/wefwefwef/docs/other/6160864635/gun-branch-fix-iofromheaders-temp/gun"
$ infinity  `curl --fail --silent --show-error --location --output 'fix-iofromheaders-temp.zip' 'https://github.com/unix1/gun/archive/fix-iofromheaders-temp.zip'  2>&1`
$ cd "/home/pete/wefwefwef/docs/erldocs_other.git"
$ cd "/home/pete/wefwefwef/docs/other/6160864635/gun-branch-fix-iofromheaders-temp/gun"
$ 5000  `find -P . -type l -delete  2>&1`
$ cd "/home/pete/wefwefwef/docs/erldocs_other.git"
$ cd "/home/pete/wefwefwef/docs/other/6160864635/gun-branch-fix-iofromheaders-temp/gun"
$ 5000  `find 'gun-fix-iofromheaders-temp' -mindepth 1 -maxdepth 1 -exec mv -t . -- {} +  2>&1`
$ cd "/home/pete/wefwefwef/docs/erldocs_other.git"
 :: Getting dependencies
$ cd "/home/pete/wefwefwef/docs/other/6160864635/gun-branch-fix-iofromheaders-temp/gun"
$ infinity  `rebar --config '/home/pete/wefwefwef/docs/other/6160864635/gun-branch-fix-iofromheaders-temp/rebar_deps' get-deps  2>&1`
$ cd "/home/pete/wefwefwef/docs/erldocs_other.git"
$ cd "/home/pete/wefwefwef/docs/other/6160864635/gun-branch-fix-iofromheaders-temp/gun"
$ 5000  `find -P . -type l -delete  2>&1`
$ cd "/home/pete/wefwefwef/docs/erldocs_other.git"
$ cd "/home/pete/wefwefwef/docs/other/6160864635/gun-branch-fix-iofromheaders-temp/gun"
$ 5000  `ls -1 deps/  2>&1`
$ cd "/home/pete/wefwefwef/docs/erldocs_other.git"
>>> [rebar] deps = ["cowlib","ranch"]
 :: Generating erldocs into /home/pete/wefwefwef/docs/other/6160864635/repo/fix-iofromheaders-temp
Building gun
Generating Type Specs - "/home/pete/wefwefwef/docs/other/6160864635/gun-branch-fix-iofromheaders-temp/gun/src/gun.erl"
Generating Type Specs - "/home/pete/wefwefwef/docs/other/6160864635/gun-branch-fix-iofromheaders-temp/gun/src/gun_app.erl"
Generating Type Specs - "/home/pete/wefwefwef/docs/other/6160864635/gun-branch-fix-iofromheaders-temp/gun/src/gun_http.erl"
Generating Type Specs - "/home/pete/wefwefwef/docs/other/6160864635/gun-branch-fix-iofromheaders-temp/gun/src/gun_spdy.erl"
Generating Type Specs - "/home/pete/wefwefwef/docs/other/6160864635/gun-branch-fix-iofromheaders-temp/gun/src/gun_sup.erl"
Generating XML for application gun "/home/pete/wefwefwef/docs/other/6160864635/gun-branch-fix-iofromheaders-temp/gun" -> "/home/pete/wefwefwef/docs/other/6160864635/repo/fix-iofromheaders-temp/.xml/gun"
Generated gun XMLs: ["/home/pete/wefwefwef/docs/other/6160864635/repo/fix-iofromheaders-temp/.xml/gun/gun_spdy.xml",
                     "/home/pete/wefwefwef/docs/other/6160864635/repo/fix-iofromheaders-temp/.xml/gun/gun_http.xml",
                     "/home/pete/wefwefwef/docs/other/6160864635/repo/fix-iofromheaders-temp/.xml/gun/gun.xml"]
Generating HTML - gun "/home/pete/wefwefwef/docs/other/6160864635/repo/fix-iofromheaders-temp/.xml/gun/gun.xml"
Reading XML for "/home/pete/wefwefwef/docs/other/6160864635/repo/fix-iofromheaders-temp/.xml/gun/gun.xml"
Reading XML for "/home/pete/wefwefwef/docs/other/6160864635/repo/fix-iofromheaders-temp/.xml/specs_gun.xml"
Generating HTML - gun_http "/home/pete/wefwefwef/docs/other/6160864635/repo/fix-iofromheaders-temp/.xml/gun/gun_http.xml"
Reading XML for "/home/pete/wefwefwef/docs/other/6160864635/repo/fix-iofromheaders-temp/.xml/gun/gun_http.xml"
Reading XML for "/home/pete/wefwefwef/docs/other/6160864635/repo/fix-iofromheaders-temp/.xml/specs_gun_http.xml"
Generating HTML - gun_spdy "/home/pete/wefwefwef/docs/other/6160864635/repo/fix-iofromheaders-temp/.xml/gun/gun_spdy.xml"
Reading XML for "/home/pete/wefwefwef/docs/other/6160864635/repo/fix-iofromheaders-temp/.xml/gun/gun_spdy.xml"
Reading XML for "/home/pete/wefwefwef/docs/other/6160864635/repo/fix-iofromheaders-temp/.xml/specs_gun_spdy.xml"
Creating index.html ...
Creating erldocs_index.js ...
Woot, finished in 0 Minutes 0 Seconds
 :: Discovering other repos
$ 5000  `rm -r '/home/pete/wefwefwef/docs/other/6160864635/gun-branch-fix-iofromheaders-temp'  2>&1`
 :: Processing https://github.com/unix1/gun	{rev,branch,"fix-keepalive-close","6980a84e7962b01e2858a2d41e5f1f22ee846c9b",undefined,[],[]}
 :: Fetching repo code
$ cd "/home/pete/wefwefwef/docs/other/6160864635/gun-branch-fix-keepalive-close/gun"
$ infinity  `curl --fail --silent --show-error --location --output 'fix-keepalive-close.zip' 'https://github.com/unix1/gun/archive/fix-keepalive-close.zip'  2>&1`
$ cd "/home/pete/wefwefwef/docs/erldocs_other.git"
$ cd "/home/pete/wefwefwef/docs/other/6160864635/gun-branch-fix-keepalive-close/gun"
$ 5000  `find -P . -type l -delete  2>&1`
$ cd "/home/pete/wefwefwef/docs/erldocs_other.git"
$ cd "/home/pete/wefwefwef/docs/other/6160864635/gun-branch-fix-keepalive-close/gun"
$ 5000  `find 'gun-fix-keepalive-close' -mindepth 1 -maxdepth 1 -exec mv -t . -- {} +  2>&1`
$ cd "/home/pete/wefwefwef/docs/erldocs_other.git"
 :: Getting dependencies
$ cd "/home/pete/wefwefwef/docs/other/6160864635/gun-branch-fix-keepalive-close/gun"
$ infinity  `rebar --config '/home/pete/wefwefwef/docs/other/6160864635/gun-branch-fix-keepalive-close/rebar_deps' get-deps  2>&1`
$ cd "/home/pete/wefwefwef/docs/erldocs_other.git"
$ cd "/home/pete/wefwefwef/docs/other/6160864635/gun-branch-fix-keepalive-close/gun"
$ 5000  `find -P . -type l -delete  2>&1`
$ cd "/home/pete/wefwefwef/docs/erldocs_other.git"
$ cd "/home/pete/wefwefwef/docs/other/6160864635/gun-branch-fix-keepalive-close/gun"
$ 5000  `ls -1 deps/  2>&1`
$ cd "/home/pete/wefwefwef/docs/erldocs_other.git"
>>> [rebar] deps = ["cowlib","ranch"]
 :: Generating erldocs into /home/pete/wefwefwef/docs/other/6160864635/repo/fix-keepalive-close
Building gun
Generating Type Specs - "/home/pete/wefwefwef/docs/other/6160864635/gun-branch-fix-keepalive-close/gun/src/gun.erl"
Generating Type Specs - "/home/pete/wefwefwef/docs/other/6160864635/gun-branch-fix-keepalive-close/gun/src/gun_app.erl"
Generating Type Specs - "/home/pete/wefwefwef/docs/other/6160864635/gun-branch-fix-keepalive-close/gun/src/gun_http.erl"
Generating Type Specs - "/home/pete/wefwefwef/docs/other/6160864635/gun-branch-fix-keepalive-close/gun/src/gun_spdy.erl"
Generating Type Specs - "/home/pete/wefwefwef/docs/other/6160864635/gun-branch-fix-keepalive-close/gun/src/gun_sup.erl"
Generating XML for application gun "/home/pete/wefwefwef/docs/other/6160864635/gun-branch-fix-keepalive-close/gun" -> "/home/pete/wefwefwef/docs/other/6160864635/repo/fix-keepalive-close/.xml/gun"
Generated gun XMLs: ["/home/pete/wefwefwef/docs/other/6160864635/repo/fix-keepalive-close/.xml/gun/gun_spdy.xml",
                     "/home/pete/wefwefwef/docs/other/6160864635/repo/fix-keepalive-close/.xml/gun/gun_http.xml",
                     "/home/pete/wefwefwef/docs/other/6160864635/repo/fix-keepalive-close/.xml/gun/gun.xml"]
Generating HTML - gun "/home/pete/wefwefwef/docs/other/6160864635/repo/fix-keepalive-close/.xml/gun/gun.xml"
Reading XML for "/home/pete/wefwefwef/docs/other/6160864635/repo/fix-keepalive-close/.xml/gun/gun.xml"
Reading XML for "/home/pete/wefwefwef/docs/other/6160864635/repo/fix-keepalive-close/.xml/specs_gun.xml"
Generating HTML - gun_http "/home/pete/wefwefwef/docs/other/6160864635/repo/fix-keepalive-close/.xml/gun/gun_http.xml"
Reading XML for "/home/pete/wefwefwef/docs/other/6160864635/repo/fix-keepalive-close/.xml/gun/gun_http.xml"
Reading XML for "/home/pete/wefwefwef/docs/other/6160864635/repo/fix-keepalive-close/.xml/specs_gun_http.xml"
Generating HTML - gun_spdy "/home/pete/wefwefwef/docs/other/6160864635/repo/fix-keepalive-close/.xml/gun/gun_spdy.xml"
Reading XML for "/home/pete/wefwefwef/docs/other/6160864635/repo/fix-keepalive-close/.xml/gun/gun_spdy.xml"
Reading XML for "/home/pete/wefwefwef/docs/other/6160864635/repo/fix-keepalive-close/.xml/specs_gun_spdy.xml"
Creating index.html ...
Creating erldocs_index.js ...
Woot, finished in 0 Minutes 0 Seconds
 :: Discovering other repos
$ 5000  `rm -r '/home/pete/wefwefwef/docs/other/6160864635/gun-branch-fix-keepalive-close'  2>&1`
 :: Processing https://github.com/unix1/gun	{rev,branch,"master","517fec25dcacb0b89148656139f90d91f63de17c",undefined,[],[]}
 :: Fetching repo code
$ cd "/home/pete/wefwefwef/docs/other/6160864635/gun-branch-master/gun"
$ infinity  `curl --fail --silent --show-error --location --output 'master.zip' 'https://github.com/unix1/gun/archive/master.zip'  2>&1`
$ cd "/home/pete/wefwefwef/docs/erldocs_other.git"
$ cd "/home/pete/wefwefwef/docs/other/6160864635/gun-branch-master/gun"
$ 5000  `find -P . -type l -delete  2>&1`
$ cd "/home/pete/wefwefwef/docs/erldocs_other.git"
$ cd "/home/pete/wefwefwef/docs/other/6160864635/gun-branch-master/gun"
$ 5000  `find 'gun-master' -mindepth 1 -maxdepth 1 -exec mv -t . -- {} +  2>&1`
$ cd "/home/pete/wefwefwef/docs/erldocs_other.git"
 :: Getting dependencies
$ cd "/home/pete/wefwefwef/docs/other/6160864635/gun-branch-master/gun"
$ infinity  `rebar --config '/home/pete/wefwefwef/docs/other/6160864635/gun-branch-master/rebar_deps' get-deps  2>&1`
$ cd "/home/pete/wefwefwef/docs/erldocs_other.git"
$ cd "/home/pete/wefwefwef/docs/other/6160864635/gun-branch-master/gun"
$ 5000  `find -P . -type l -delete  2>&1`
$ cd "/home/pete/wefwefwef/docs/erldocs_other.git"
$ cd "/home/pete/wefwefwef/docs/other/6160864635/gun-branch-master/gun"
$ 5000  `ls -1 deps/  2>&1`
$ cd "/home/pete/wefwefwef/docs/erldocs_other.git"
>>> [rebar] deps = ["cowlib","ranch"]
 :: Generating erldocs into /home/pete/wefwefwef/docs/other/6160864635/repo/master
Building gun
Generating Type Specs - "/home/pete/wefwefwef/docs/other/6160864635/gun-branch-master/gun/src/gun.erl"
Generating Type Specs - "/home/pete/wefwefwef/docs/other/6160864635/gun-branch-master/gun/src/gun_app.erl"
Generating Type Specs - "/home/pete/wefwefwef/docs/other/6160864635/gun-branch-master/gun/src/gun_http.erl"
Generating Type Specs - "/home/pete/wefwefwef/docs/other/6160864635/gun-branch-master/gun/src/gun_spdy.erl"
Generating Type Specs - "/home/pete/wefwefwef/docs/other/6160864635/gun-branch-master/gun/src/gun_sup.erl"
Generating XML for application gun "/home/pete/wefwefwef/docs/other/6160864635/gun-branch-master/gun" -> "/home/pete/wefwefwef/docs/other/6160864635/repo/master/.xml/gun"
Generated gun XMLs: ["/home/pete/wefwefwef/docs/other/6160864635/repo/master/.xml/gun/gun_spdy.xml",
                     "/home/pete/wefwefwef/docs/other/6160864635/repo/master/.xml/gun/gun_http.xml",
                     "/home/pete/wefwefwef/docs/other/6160864635/repo/master/.xml/gun/gun.xml"]
Generating HTML - gun "/home/pete/wefwefwef/docs/other/6160864635/repo/master/.xml/gun/gun.xml"
Reading XML for "/home/pete/wefwefwef/docs/other/6160864635/repo/master/.xml/gun/gun.xml"
Reading XML for "/home/pete/wefwefwef/docs/other/6160864635/repo/master/.xml/specs_gun.xml"
Generating HTML - gun_http "/home/pete/wefwefwef/docs/other/6160864635/repo/master/.xml/gun/gun_http.xml"
Reading XML for "/home/pete/wefwefwef/docs/other/6160864635/repo/master/.xml/gun/gun_http.xml"
Reading XML for "/home/pete/wefwefwef/docs/other/6160864635/repo/master/.xml/specs_gun_http.xml"
Generating HTML - gun_spdy "/home/pete/wefwefwef/docs/other/6160864635/repo/master/.xml/gun/gun_spdy.xml"
Reading XML for "/home/pete/wefwefwef/docs/other/6160864635/repo/master/.xml/gun/gun_spdy.xml"
Reading XML for "/home/pete/wefwefwef/docs/other/6160864635/repo/master/.xml/specs_gun_spdy.xml"
Creating index.html ...
Creating erldocs_index.js ...
Woot, finished in 0 Minutes 0 Seconds
 :: Discovering other repos
$ 5000  `rm -r '/home/pete/wefwefwef/docs/other/6160864635/gun-branch-master'  2>&1`
 :: Finishing up
$ 5000  `rm -r '/home/pete/wefwefwef/docs/other/6160864635/gun'  2>&1`
