 :: Extracting meta information
$ 5000  `git ls-remote --heads --tags 'https://github.com/tonyrog/fuserl'  2>&1`
>>> [repo] 1 branches, 0 tags
 :: Writing meta to "/home/pete/wefwefwef/docs/other/9777273728/meta.txt"
 :: Processing https://github.com/tonyrog/fuserl	{rev,branch,"master","ab71e79e6945a9b43b14586d9510b0e0e181a35a",undefined,[],[]}
 :: Fetching repo code
$ cd "/home/pete/wefwefwef/docs/other/9777273728/fuserl-branch-master/fuserl"
$ infinity  `curl --fail --silent --show-error --location --output 'master.zip' 'https://github.com/tonyrog/fuserl/archive/master.zip'  2>&1`
$ cd "/home/pete/wefwefwef/docs/erldocs_other.git"
$ cd "/home/pete/wefwefwef/docs/other/9777273728/fuserl-branch-master/fuserl"
$ 5000  `find -P . -type l -delete  2>&1`
$ cd "/home/pete/wefwefwef/docs/erldocs_other.git"
$ cd "/home/pete/wefwefwef/docs/other/9777273728/fuserl-branch-master/fuserl"
$ 5000  `find 'fuserl-master' -mindepth 1 -maxdepth 1 -exec mv -t . -- {} +  2>&1`
$ cd "/home/pete/wefwefwef/docs/erldocs_other.git"
 :: Getting dependencies
$ cd "/home/pete/wefwefwef/docs/other/9777273728/fuserl-branch-master/fuserl"
$ 5000  `ls -1 deps/  2>&1`
$ cd "/home/pete/wefwefwef/docs/erldocs_other.git"
>>> [rebar] deps = []
 :: Generating erldocs into /home/pete/wefwefwef/docs/other/9777273728/repo/master
Building fuserl
Generating Type Specs - "/home/pete/wefwefwef/docs/other/9777273728/fuserl-branch-master/fuserl/src/fuserl.erl"
Generating Type Specs - "/home/pete/wefwefwef/docs/other/9777273728/fuserl-branch-master/fuserl/src/fuserlcodec.erl"
Generating Type Specs - "/home/pete/wefwefwef/docs/other/9777273728/fuserl-branch-master/fuserl/src/fuserlportable.erl"
Generating Type Specs - "/home/pete/wefwefwef/docs/other/9777273728/fuserl-branch-master/fuserl/src/fuserlsrv.erl"
Generating XML for application fuserl "/home/pete/wefwefwef/docs/other/9777273728/fuserl-branch-master/fuserl" -> "/home/pete/wefwefwef/docs/other/9777273728/repo/master/.xml/fuserl"
Generated fuserl XMLs: ["/home/pete/wefwefwef/docs/other/9777273728/repo/master/.xml/fuserl/fuserlsrv.xml",
                        "/home/pete/wefwefwef/docs/other/9777273728/repo/master/.xml/fuserl/fuserl.xml"]
Generating HTML - fuserl "/home/pete/wefwefwef/docs/other/9777273728/repo/master/.xml/fuserl/fuserl.xml"
Reading XML for "/home/pete/wefwefwef/docs/other/9777273728/repo/master/.xml/fuserl/fuserl.xml"
Reading XML for "/home/pete/wefwefwef/docs/other/9777273728/repo/master/.xml/specs_fuserl.xml"
Generating HTML - fuserlsrv "/home/pete/wefwefwef/docs/other/9777273728/repo/master/.xml/fuserl/fuserlsrv.xml"
Reading XML for "/home/pete/wefwefwef/docs/other/9777273728/repo/master/.xml/fuserl/fuserlsrv.xml"
Reading XML for "/home/pete/wefwefwef/docs/other/9777273728/repo/master/.xml/specs_fuserlsrv.xml"
Creating index.html ...
Creating erldocs_index.js ...
Woot, finished in 0 Minutes 0 Seconds
 :: Discovering other repos
$ 5000  `rm -r '/home/pete/wefwefwef/docs/other/9777273728/fuserl-branch-master'  2>&1`
 :: Finishing up
$ 5000  `rm -r '/home/pete/wefwefwef/docs/other/9777273728/fuserl'  2>&1`
