 :: Extracting meta information
$ cd '.'
$ infinity  `git ls-remote --heads --tags https://github.com/erlio/vmq_plugin`
>>> [repo] 2 branches, 2 tags
 :: Writing meta to "/home/pete/wefwefwef/docs/other/73a5bf4e4fcaaaba099dfdc0c83f07f14803944b/meta.txt"
 :: Skipping tag "0.9.4-1"
 :: Skipping tag "0.9.4"
 :: Skipping branch "rebar3-support"
 :: Processing https://github.com/erlio/vmq_plugin	{rev,branch,"master","947e465b0bfd9591b234231d2a957c81cc02749a",undefined,[],[]}
 :: Fetching repo code
$ cd '/home/pete/wefwefwef/docs/other/73a5bf4e4fcaaaba099dfdc0c83f07f14803944b/vmq_plugin-branch-master'
$ infinity  `curl --fail --silent --show-error --location --output repo.tar.gz https://codeload.github.com/erlio/vmq_plugin/tar.gz/master`
$ cd '/home/pete/wefwefwef/docs/other/73a5bf4e4fcaaaba099dfdc0c83f07f14803944b/vmq_plugin-branch-master/vmq_plugin-master'
$ 5000  `find -P . -type l -delete`
$ cd '.'
$ 5000  `mv /home/pete/wefwefwef/docs/other/73a5bf4e4fcaaaba099dfdc0c83f07f14803944b/vmq_plugin-branch-master/vmq_plugin-master /home/pete/wefwefwef/docs/other/73a5bf4e4fcaaaba099dfdc0c83f07f14803944b/vmq_plugin-branch-master/vmq_plugin`
 :: Getting dependencies
 :: Error running eo_core:
	[{eo_core,sh,
                  ["/home/pete/wefwefwef/docs/other/73a5bf4e4fcaaaba099dfdc0c83f07f14803944b/vmq_plugin-branch-master/vmq_plugin",
                   ["rebar","--config",
                    "/home/pete/wefwefwef/docs/other/73a5bf4e4fcaaaba099dfdc0c83f07f14803944b/vmq_plugin-branch-master/rebar_deps",
                    "get-deps"],
                   infinity],
                  []},
         {eo_util,get_deps,2,[{file,"src/eo_util.erl"},{line,123}]},
         {eo_util,rebar_get_deps,1,[{file,"src/eo_util.erl"},{line,88}]},
         {eo_core,get_deps,1,[{file,"src/eo_core.erl"},{line,339}]},
         {eo_core,do,7,[{file,"src/eo_core.erl"},{line,110}]},
         {eo_core,'-main_/1-lc$^0/1-0-',8,
                  [{file,"src/eo_core.erl"},{line,85}]},
         {eo_core,main_,1,[{file,"src/eo_core.erl"},{line,85}]},
         {eo_core,main,1,[{file,"src/eo_core.erl"},{line,56}]}]
{error,undef}
 :: Finishing up
$ cd '.'
$ 5000  `rm -r /home/pete/wefwefwef/docs/other/73a5bf4e4fcaaaba099dfdc0c83f07f14803944b/vmq_plugin`
