 :: Extracting meta information
$ infinity  `git ls-remote --heads --tags 'https://github.com/marianoguerra/lager_exometer_backend'  2>&1`
>>> [repo] 1 branches, 0 tags
 :: Writing meta to "/home/pete/wefwefwef/docs/other/1e70447d17c43580b4d712be2348412c0514934b/meta.txt"
 :: Processing https://github.com/marianoguerra/lager_exometer_backend	{rev,branch,"master","a48b69297e43cbe07d2a5fa56c31541ea2e6a193",undefined,[],[]}
 :: Fetching repo code
$ cd '/home/pete/wefwefwef/docs/other/1e70447d17c43580b4d712be2348412c0514934b/lager_exometer_backend-branch-master'
$ infinity  `curl --fail --silent --show-error --location --output repo.tar.gz 'https://codeload.github.com/marianoguerra/lager_exometer_backend/tar.gz/master'  2>&1`
$ cd '/home/pete/wefwefwef/docs/erldocs_other.git'
$ cd '/home/pete/wefwefwef/docs/other/1e70447d17c43580b4d712be2348412c0514934b/lager_exometer_backend-branch-master/lager_exometer_backend-master'
$ 5000  `find -P . -type l -delete  2>&1`
$ cd '/home/pete/wefwefwef/docs/erldocs_other.git'
$ 5000  `mv '/home/pete/wefwefwef/docs/other/1e70447d17c43580b4d712be2348412c0514934b/lager_exometer_backend-branch-master/lager_exometer_backend-master' '/home/pete/wefwefwef/docs/other/1e70447d17c43580b4d712be2348412c0514934b/lager_exometer_backend-branch-master/lager_exometer_backend'  2>&1`
 :: Getting dependencies
$ cd '/home/pete/wefwefwef/docs/other/1e70447d17c43580b4d712be2348412c0514934b/lager_exometer_backend-branch-master/lager_exometer_backend'
$ 5000  `ls -1 deps/  2>&1`
$ cd '/home/pete/wefwefwef/docs/erldocs_other.git'
>>> [rebar] deps = []
 :: Generating erldocs into /home/pete/wefwefwef/docs/other/1e70447d17c43580b4d712be2348412c0514934b/repo/master
Building lager_exometer_backend
Generating Type Specs - "/home/pete/wefwefwef/docs/other/1e70447d17c43580b4d712be2348412c0514934b/lager_exometer_backend-branch-master/lager_exometer_backend/src/lager_exometer_backend.erl"
Generating Type Specs - "/home/pete/wefwefwef/docs/other/1e70447d17c43580b4d712be2348412c0514934b/lager_exometer_backend-branch-master/lager_exometer_backend/src/lager_exometer_backend_metrics.erl"
/home/pete/wefwefwef/docs/other/1e70447d17c43580b4d712be2348412c0514934b/lager_exometer_backend-branch-master/lager_exometer_backend/src/lager_exometer_backend_metrics.erl: at line 4: can't find include lib "lager/include/lager.hrl"
EDoc could not process file '/home/pete/wefwefwef/docs/other/1e70447d17c43580b4d712be2348412c0514934b/lager_exometer_backend-branch-master/lager_exometer_backend/src/lager_exometer_backend_metrics.erl'
Error generating type specs for "/home/pete/wefwefwef/docs/other/1e70447d17c43580b4d712be2348412c0514934b/lager_exometer_backend-branch-master/lager_exometer_backend/src/lager_exometer_backend_metrics.erl"
Generating XML for application lager_exometer_backend "/home/pete/wefwefwef/docs/other/1e70447d17c43580b4d712be2348412c0514934b/lager_exometer_backend-branch-master/lager_exometer_backend" -> "/home/pete/wefwefwef/docs/other/1e70447d17c43580b4d712be2348412c0514934b/repo/master/.xml/lager_exometer_backend"
/home/pete/wefwefwef/docs/other/1e70447d17c43580b4d712be2348412c0514934b/lager_exometer_backend-branch-master/lager_exometer_backend/src/lager_exometer_backend_metrics.erl: at line 4: can't find include lib "lager/include/lager.hrl"
edoc: skipping source file '/home/pete/wefwefwef/docs/other/1e70447d17c43580b4d712be2348412c0514934b/lager_exometer_backend-branch-master/lager_exometer_backend/src/lager_exometer_backend_metrics.erl': {'EXIT',
                                                                                                                                                                                                     error}.
edoc: error in doclet 'edoc_doclet': {'EXIT',error}.
Error generating lager_exometer_backend XMLs. Using fallback ...
Generating XML lager_exometer_backend - lager_exometer_backend "/home/pete/wefwefwef/docs/other/1e70447d17c43580b4d712be2348412c0514934b/lager_exometer_backend-branch-master/lager_exometer_backend/src/lager_exometer_backend.erl" -> "/home/pete/wefwefwef/docs/other/1e70447d17c43580b4d712be2348412c0514934b/repo/master/.xml/lager_exometer_backend/lager_exometer_backend.xml"
Generating XML lager_exometer_backend - lager_exometer_backend_metrics "/home/pete/wefwefwef/docs/other/1e70447d17c43580b4d712be2348412c0514934b/lager_exometer_backend-branch-master/lager_exometer_backend/src/lager_exometer_backend_metrics.erl" -> "/home/pete/wefwefwef/docs/other/1e70447d17c43580b4d712be2348412c0514934b/repo/master/.xml/lager_exometer_backend/lager_exometer_backend_metrics.xml"
/home/pete/wefwefwef/docs/other/1e70447d17c43580b4d712be2348412c0514934b/lager_exometer_backend-branch-master/lager_exometer_backend/src/lager_exometer_backend_metrics.erl: at line 4: can't find include lib "lager/include/lager.hrl"
Error generating XML ("/home/pete/wefwefwef/docs/other/1e70447d17c43580b4d712be2348412c0514934b/lager_exometer_backend-branch-master/lager_exometer_backend/src/lager_exometer_backend_metrics.erl"): {'EXIT',
                                                                                                                                                                                                       error}
Generating HTML - lager_exometer_backend "/home/pete/wefwefwef/docs/other/1e70447d17c43580b4d712be2348412c0514934b/repo/master/.xml/lager_exometer_backend/lager_exometer_backend.xml"
Reading XML for "/home/pete/wefwefwef/docs/other/1e70447d17c43580b4d712be2348412c0514934b/repo/master/.xml/lager_exometer_backend/lager_exometer_backend.xml"
Reading XML for "/home/pete/wefwefwef/docs/other/1e70447d17c43580b4d712be2348412c0514934b/repo/master/.xml/specs_lager_exometer_backend.xml"
Creating index.html ...
Creating erldocs_index.js ...
Woot, finished in 0 Minutes 0 Seconds
 :: Discovering other repos
$ 5000  `rm -r '/home/pete/wefwefwef/docs/other/1e70447d17c43580b4d712be2348412c0514934b/lager_exometer_backend-branch-master'  2>&1`
 :: Finishing up
$ 5000  `rm -r '/home/pete/wefwefwef/docs/other/1e70447d17c43580b4d712be2348412c0514934b/lager_exometer_backend'  2>&1`
