 :: Extracting meta information
$ 5000  `git ls-remote --heads --tags 'https://github.com/justinkirby/emetric'  2>&1`
>>> [repo] 2 branches, 0 tags
 :: Writing meta to "/home/pete/wefwefwef/docs/other/7718265463/meta.txt"
 :: Processing https://github.com/justinkirby/emetric	{rev,branch,"develop","5af40a97d7d4472dc17024609ee60ff42cca54b2"}
 :: Fetching repo code
$ cd "/home/pete/wefwefwef/docs/other/7718265463/emetric-branch-develop/emetric"
$ infinity  `curl --fail --silent --show-error --location --output 'develop.zip' 'https://github.com/justinkirby/emetric/archive/develop.zip'  2>&1`
$ cd "/home/pete/wefwefwef/docs/erldocs_other.git"
$ cd "/home/pete/wefwefwef/docs/other/7718265463/emetric-branch-develop/emetric"
$ 5000  `find -P . -type l -delete  2>&1`
$ cd "/home/pete/wefwefwef/docs/erldocs_other.git"
$ cd "/home/pete/wefwefwef/docs/other/7718265463/emetric-branch-develop/emetric"
$ 5000  `find 'emetric-develop' -mindepth 1 -maxdepth 1 -exec mv -t . -- {} +  2>&1`
$ cd "/home/pete/wefwefwef/docs/erldocs_other.git"
 :: Getting dependencies
$ cd "/home/pete/wefwefwef/docs/other/7718265463/emetric-branch-develop/emetric"
$ 5000  `ls -1 deps/  2>&1`
$ cd "/home/pete/wefwefwef/docs/erldocs_other.git"
>>> [rebar] deps = []
 :: Generating erldocs into /home/pete/wefwefwef/docs/other/7718265463/repo/develop
Building emetric
Generating Type Specs - "/home/pete/wefwefwef/docs/other/7718265463/emetric-branch-develop/emetric/src/emetric.erl"
Generating Type Specs - "/home/pete/wefwefwef/docs/other/7718265463/emetric-branch-develop/emetric/src/emetric_app.erl"
Generating Type Specs - "/home/pete/wefwefwef/docs/other/7718265463/emetric-branch-develop/emetric/src/emetric_appsrv.erl"
Generating Type Specs - "/home/pete/wefwefwef/docs/other/7718265463/emetric-branch-develop/emetric/src/emetric_cmd_connect.erl"
Generating Type Specs - "/home/pete/wefwefwef/docs/other/7718265463/emetric-branch-develop/emetric/src/emetric_cmd_info.erl"
Generating Type Specs - "/home/pete/wefwefwef/docs/other/7718265463/emetric-branch-develop/emetric/src/emetric_cmd_inject.erl"
Generating Type Specs - "/home/pete/wefwefwef/docs/other/7718265463/emetric-branch-develop/emetric/src/emetric_cmd_ping.erl"
Generating Type Specs - "/home/pete/wefwefwef/docs/other/7718265463/emetric-branch-develop/emetric/src/emetric_cmd_reopen_log.erl"
Generating Type Specs - "/home/pete/wefwefwef/docs/other/7718265463/emetric-branch-develop/emetric/src/emetric_cmd_start.erl"
Generating Type Specs - "/home/pete/wefwefwef/docs/other/7718265463/emetric-branch-develop/emetric/src/emetric_cmd_stop.erl"
Generating Type Specs - "/home/pete/wefwefwef/docs/other/7718265463/emetric-branch-develop/emetric/src/emetric_command.erl"
Generating Type Specs - "/home/pete/wefwefwef/docs/other/7718265463/emetric-branch-develop/emetric/src/emetric_config.erl"
Generating Type Specs - "/home/pete/wefwefwef/docs/other/7718265463/emetric-branch-develop/emetric/src/emetric_core.erl"
Generating Type Specs - "/home/pete/wefwefwef/docs/other/7718265463/emetric-branch-develop/emetric/src/emetric_filter_csv.erl"
Generating Type Specs - "/home/pete/wefwefwef/docs/other/7718265463/emetric-branch-develop/emetric/src/emetric_hello.erl"
Generating Type Specs - "/home/pete/wefwefwef/docs/other/7718265463/emetric-branch-develop/emetric/src/emetric_hooks.erl"
Generating Type Specs - "/home/pete/wefwefwef/docs/other/7718265463/emetric-branch-develop/emetric/src/emetric_loadable.erl"
Generating Type Specs - "/home/pete/wefwefwef/docs/other/7718265463/emetric-branch-develop/emetric/src/emetric_log_file.erl"
Generating Type Specs - "/home/pete/wefwefwef/docs/other/7718265463/emetric-branch-develop/emetric/src/emetric_log_flat.erl"
Generating Type Specs - "/home/pete/wefwefwef/docs/other/7718265463/emetric-branch-develop/emetric/src/emetric_log_pid.erl"
Generating Type Specs - "/home/pete/wefwefwef/docs/other/7718265463/emetric-branch-develop/emetric/src/emetric_log_stanza.erl"
Generating Type Specs - "/home/pete/wefwefwef/docs/other/7718265463/emetric-branch-develop/emetric/src/emetric_scatter.erl"
Generating Type Specs - "/home/pete/wefwefwef/docs/other/7718265463/emetric-branch-develop/emetric/src/emetric_stats_ejd.erl"
Generating Type Specs - "/home/pete/wefwefwef/docs/other/7718265463/emetric-branch-develop/emetric/src/emetric_stats_mnesia.erl"
Generating Type Specs - "/home/pete/wefwefwef/docs/other/7718265463/emetric-branch-develop/emetric/src/emetric_stats_pid.erl"
Generating Type Specs - "/home/pete/wefwefwef/docs/other/7718265463/emetric-branch-develop/emetric/src/emetric_stats_sys.erl"
Generating Type Specs - "/home/pete/wefwefwef/docs/other/7718265463/emetric-branch-develop/emetric/src/emetric_sup.erl"
Generating Type Specs - "/home/pete/wefwefwef/docs/other/7718265463/emetric-branch-develop/emetric/src/emetric_ticker.erl"
Generating Type Specs - "/home/pete/wefwefwef/docs/other/7718265463/emetric-branch-develop/emetric/src/emetric_util.erl"
Generating Type Specs - "/home/pete/wefwefwef/docs/other/7718265463/emetric-branch-develop/emetric/src/getopt.erl"
Generating XML for application emetric "/home/pete/wefwefwef/docs/other/7718265463/emetric-branch-develop/emetric" -> "/home/pete/wefwefwef/docs/other/7718265463/repo/develop/.xml/emetric"
/home/pete/wefwefwef/docs/other/7718265463/emetric-branch-develop/emetric/src/emetric_stats_pid.erl, in module header: at line 2: must specify name or e-mail.
edoc: skipping source file '/home/pete/wefwefwef/docs/other/7718265463/emetric-branch-develop/emetric/src/emetric_stats_pid.erl': {'EXIT',
                                                                                                                             error}.
/home/pete/wefwefwef/docs/other/7718265463/emetric-branch-develop/emetric/src/emetric_log_stanza.erl, in module header: at line 2: must specify name or e-mail.
edoc: skipping source file '/home/pete/wefwefwef/docs/other/7718265463/emetric-branch-develop/emetric/src/emetric_log_stanza.erl': {'EXIT',
                                                                                                                              error}.
/home/pete/wefwefwef/docs/other/7718265463/emetric-branch-develop/emetric/src/emetric_appsrv.erl, in module header: at line 2: must specify name or e-mail.
edoc: skipping source file '/home/pete/wefwefwef/docs/other/7718265463/emetric-branch-develop/emetric/src/emetric_appsrv.erl': {'EXIT',
                                                                                                                          error}.
/home/pete/wefwefwef/docs/other/7718265463/emetric-branch-develop/emetric/src/emetric_scatter.erl, in module header: at line 2: must specify name or e-mail.
edoc: skipping source file '/home/pete/wefwefwef/docs/other/7718265463/emetric-branch-develop/emetric/src/emetric_scatter.erl': {'EXIT',
                                                                                                                           error}.
/home/pete/wefwefwef/docs/other/7718265463/emetric-branch-develop/emetric/src/emetric_stats_ejd.erl, in module header: at line 2: must specify name or e-mail.
edoc: skipping source file '/home/pete/wefwefwef/docs/other/7718265463/emetric-branch-develop/emetric/src/emetric_stats_ejd.erl': {'EXIT',
                                                                                                                             error}.
/home/pete/wefwefwef/docs/other/7718265463/emetric-branch-develop/emetric/src/emetric_hooks.erl, in module header: at line 2: must specify name or e-mail.
edoc: skipping source file '/home/pete/wefwefwef/docs/other/7718265463/emetric-branch-develop/emetric/src/emetric_hooks.erl': {'EXIT',
                                                                                                                         error}.
/home/pete/wefwefwef/docs/other/7718265463/emetric-branch-develop/emetric/src/emetric_ticker.erl, in module header: at line 2: must specify name or e-mail.
edoc: skipping source file '/home/pete/wefwefwef/docs/other/7718265463/emetric-branch-develop/emetric/src/emetric_ticker.erl': {'EXIT',
                                                                                                                          error}.
/home/pete/wefwefwef/docs/other/7718265463/emetric-branch-develop/emetric/src/emetric_log_flat.erl, in module header: at line 2: must specify name or e-mail.
edoc: skipping source file '/home/pete/wefwefwef/docs/other/7718265463/emetric-branch-develop/emetric/src/emetric_log_flat.erl': {'EXIT',
                                                                                                                            error}.
/home/pete/wefwefwef/docs/other/7718265463/emetric-branch-develop/emetric/src/emetric_stats_sys.erl, in module header: at line 2: must specify name or e-mail.
edoc: skipping source file '/home/pete/wefwefwef/docs/other/7718265463/emetric-branch-develop/emetric/src/emetric_stats_sys.erl': {'EXIT',
                                                                                                                             error}.
/home/pete/wefwefwef/docs/other/7718265463/emetric-branch-develop/emetric/src/emetric_log_pid.erl, in module header: at line 2: must specify name or e-mail.
edoc: skipping source file '/home/pete/wefwefwef/docs/other/7718265463/emetric-branch-develop/emetric/src/emetric_log_pid.erl': {'EXIT',
                                                                                                                           error}.
/home/pete/wefwefwef/docs/other/7718265463/emetric-branch-develop/emetric/src/emetric_log_file.erl, in module header: at line 2: must specify name or e-mail.
edoc: skipping source file '/home/pete/wefwefwef/docs/other/7718265463/emetric-branch-develop/emetric/src/emetric_log_file.erl': {'EXIT',
                                                                                                                            error}.
/home/pete/wefwefwef/docs/other/7718265463/emetric-branch-develop/emetric/src/emetric_stats_mnesia.erl, in module header: at line 2: must specify name or e-mail.
edoc: skipping source file '/home/pete/wefwefwef/docs/other/7718265463/emetric-branch-develop/emetric/src/emetric_stats_mnesia.erl': {'EXIT',
                                                                                                                                error}.
edoc: error in doclet 'edoc_doclet': {'EXIT',error}.
Error generating emetric XMLs. Using fallback ...
Generating XML emetric - emetric "/home/pete/wefwefwef/docs/other/7718265463/emetric-branch-develop/emetric/src/emetric.erl" -> "/home/pete/wefwefwef/docs/other/7718265463/repo/develop/.xml/emetric/emetric.xml"
Generating XML emetric - emetric_app "/home/pete/wefwefwef/docs/other/7718265463/emetric-branch-develop/emetric/src/emetric_app.erl" -> "/home/pete/wefwefwef/docs/other/7718265463/repo/develop/.xml/emetric/emetric_app.xml"
Generating XML emetric - emetric_appsrv "/home/pete/wefwefwef/docs/other/7718265463/emetric-branch-develop/emetric/src/emetric_appsrv.erl" -> "/home/pete/wefwefwef/docs/other/7718265463/repo/develop/.xml/emetric/emetric_appsrv.xml"
/home/pete/wefwefwef/docs/other/7718265463/emetric-branch-develop/emetric/src/emetric_appsrv.erl, in module header: at line 2: must specify name or e-mail.
Error generating XML ("/home/pete/wefwefwef/docs/other/7718265463/emetric-branch-develop/emetric/src/emetric_appsrv.erl"): {'EXIT',
                                                                                                                            error}
Generating XML emetric - emetric_cmd_connect "/home/pete/wefwefwef/docs/other/7718265463/emetric-branch-develop/emetric/src/emetric_cmd_connect.erl" -> "/home/pete/wefwefwef/docs/other/7718265463/repo/develop/.xml/emetric/emetric_cmd_connect.xml"
Generating XML emetric - emetric_cmd_info "/home/pete/wefwefwef/docs/other/7718265463/emetric-branch-develop/emetric/src/emetric_cmd_info.erl" -> "/home/pete/wefwefwef/docs/other/7718265463/repo/develop/.xml/emetric/emetric_cmd_info.xml"
Generating XML emetric - emetric_cmd_inject "/home/pete/wefwefwef/docs/other/7718265463/emetric-branch-develop/emetric/src/emetric_cmd_inject.erl" -> "/home/pete/wefwefwef/docs/other/7718265463/repo/develop/.xml/emetric/emetric_cmd_inject.xml"
Generating XML emetric - emetric_cmd_ping "/home/pete/wefwefwef/docs/other/7718265463/emetric-branch-develop/emetric/src/emetric_cmd_ping.erl" -> "/home/pete/wefwefwef/docs/other/7718265463/repo/develop/.xml/emetric/emetric_cmd_ping.xml"
Generating XML emetric - emetric_cmd_reopen_log "/home/pete/wefwefwef/docs/other/7718265463/emetric-branch-develop/emetric/src/emetric_cmd_reopen_log.erl" -> "/home/pete/wefwefwef/docs/other/7718265463/repo/develop/.xml/emetric/emetric_cmd_reopen_log.xml"
Generating XML emetric - emetric_cmd_start "/home/pete/wefwefwef/docs/other/7718265463/emetric-branch-develop/emetric/src/emetric_cmd_start.erl" -> "/home/pete/wefwefwef/docs/other/7718265463/repo/develop/.xml/emetric/emetric_cmd_start.xml"
Generating XML emetric - emetric_cmd_stop "/home/pete/wefwefwef/docs/other/7718265463/emetric-branch-develop/emetric/src/emetric_cmd_stop.erl" -> "/home/pete/wefwefwef/docs/other/7718265463/repo/develop/.xml/emetric/emetric_cmd_stop.xml"
Generating XML emetric - emetric_command "/home/pete/wefwefwef/docs/other/7718265463/emetric-branch-develop/emetric/src/emetric_command.erl" -> "/home/pete/wefwefwef/docs/other/7718265463/repo/develop/.xml/emetric/emetric_command.xml"
Generating XML emetric - emetric_config "/home/pete/wefwefwef/docs/other/7718265463/emetric-branch-develop/emetric/src/emetric_config.erl" -> "/home/pete/wefwefwef/docs/other/7718265463/repo/develop/.xml/emetric/emetric_config.xml"
Generating XML emetric - emetric_core "/home/pete/wefwefwef/docs/other/7718265463/emetric-branch-develop/emetric/src/emetric_core.erl" -> "/home/pete/wefwefwef/docs/other/7718265463/repo/develop/.xml/emetric/emetric_core.xml"
Generating XML emetric - emetric_filter_csv "/home/pete/wefwefwef/docs/other/7718265463/emetric-branch-develop/emetric/src/emetric_filter_csv.erl" -> "/home/pete/wefwefwef/docs/other/7718265463/repo/develop/.xml/emetric/emetric_filter_csv.xml"
Generating XML emetric - emetric_hello "/home/pete/wefwefwef/docs/other/7718265463/emetric-branch-develop/emetric/src/emetric_hello.erl" -> "/home/pete/wefwefwef/docs/other/7718265463/repo/develop/.xml/emetric/emetric_hello.xml"
Generating XML emetric - emetric_hooks "/home/pete/wefwefwef/docs/other/7718265463/emetric-branch-develop/emetric/src/emetric_hooks.erl" -> "/home/pete/wefwefwef/docs/other/7718265463/repo/develop/.xml/emetric/emetric_hooks.xml"
/home/pete/wefwefwef/docs/other/7718265463/emetric-branch-develop/emetric/src/emetric_hooks.erl, in module header: at line 2: must specify name or e-mail.
Error generating XML ("/home/pete/wefwefwef/docs/other/7718265463/emetric-branch-develop/emetric/src/emetric_hooks.erl"): {'EXIT',
                                                                                                                           error}
Generating XML emetric - emetric_loadable "/home/pete/wefwefwef/docs/other/7718265463/emetric-branch-develop/emetric/src/emetric_loadable.erl" -> "/home/pete/wefwefwef/docs/other/7718265463/repo/develop/.xml/emetric/emetric_loadable.xml"
Generating XML emetric - emetric_log_file "/home/pete/wefwefwef/docs/other/7718265463/emetric-branch-develop/emetric/src/emetric_log_file.erl" -> "/home/pete/wefwefwef/docs/other/7718265463/repo/develop/.xml/emetric/emetric_log_file.xml"
/home/pete/wefwefwef/docs/other/7718265463/emetric-branch-develop/emetric/src/emetric_log_file.erl, in module header: at line 2: must specify name or e-mail.
Error generating XML ("/home/pete/wefwefwef/docs/other/7718265463/emetric-branch-develop/emetric/src/emetric_log_file.erl"): {'EXIT',
                                                                                                                              error}
Generating XML emetric - emetric_log_flat "/home/pete/wefwefwef/docs/other/7718265463/emetric-branch-develop/emetric/src/emetric_log_flat.erl" -> "/home/pete/wefwefwef/docs/other/7718265463/repo/develop/.xml/emetric/emetric_log_flat.xml"
/home/pete/wefwefwef/docs/other/7718265463/emetric-branch-develop/emetric/src/emetric_log_flat.erl, in module header: at line 2: must specify name or e-mail.
Error generating XML ("/home/pete/wefwefwef/docs/other/7718265463/emetric-branch-develop/emetric/src/emetric_log_flat.erl"): {'EXIT',
                                                                                                                              error}
Generating XML emetric - emetric_log_pid "/home/pete/wefwefwef/docs/other/7718265463/emetric-branch-develop/emetric/src/emetric_log_pid.erl" -> "/home/pete/wefwefwef/docs/other/7718265463/repo/develop/.xml/emetric/emetric_log_pid.xml"
/home/pete/wefwefwef/docs/other/7718265463/emetric-branch-develop/emetric/src/emetric_log_pid.erl, in module header: at line 2: must specify name or e-mail.
Error generating XML ("/home/pete/wefwefwef/docs/other/7718265463/emetric-branch-develop/emetric/src/emetric_log_pid.erl"): {'EXIT',
                                                                                                                             error}
Generating XML emetric - emetric_log_stanza "/home/pete/wefwefwef/docs/other/7718265463/emetric-branch-develop/emetric/src/emetric_log_stanza.erl" -> "/home/pete/wefwefwef/docs/other/7718265463/repo/develop/.xml/emetric/emetric_log_stanza.xml"
/home/pete/wefwefwef/docs/other/7718265463/emetric-branch-develop/emetric/src/emetric_log_stanza.erl, in module header: at line 2: must specify name or e-mail.
Error generating XML ("/home/pete/wefwefwef/docs/other/7718265463/emetric-branch-develop/emetric/src/emetric_log_stanza.erl"): {'EXIT',
                                                                                                                                error}
Generating XML emetric - emetric_scatter "/home/pete/wefwefwef/docs/other/7718265463/emetric-branch-develop/emetric/src/emetric_scatter.erl" -> "/home/pete/wefwefwef/docs/other/7718265463/repo/develop/.xml/emetric/emetric_scatter.xml"
/home/pete/wefwefwef/docs/other/7718265463/emetric-branch-develop/emetric/src/emetric_scatter.erl, in module header: at line 2: must specify name or e-mail.
Error generating XML ("/home/pete/wefwefwef/docs/other/7718265463/emetric-branch-develop/emetric/src/emetric_scatter.erl"): {'EXIT',
                                                                                                                             error}
Generating XML emetric - emetric_stats_ejd "/home/pete/wefwefwef/docs/other/7718265463/emetric-branch-develop/emetric/src/emetric_stats_ejd.erl" -> "/home/pete/wefwefwef/docs/other/7718265463/repo/develop/.xml/emetric/emetric_stats_ejd.xml"
/home/pete/wefwefwef/docs/other/7718265463/emetric-branch-develop/emetric/src/emetric_stats_ejd.erl, in module header: at line 2: must specify name or e-mail.
Error generating XML ("/home/pete/wefwefwef/docs/other/7718265463/emetric-branch-develop/emetric/src/emetric_stats_ejd.erl"): {'EXIT',
                                                                                                                               error}
Generating XML emetric - emetric_stats_mnesia "/home/pete/wefwefwef/docs/other/7718265463/emetric-branch-develop/emetric/src/emetric_stats_mnesia.erl" -> "/home/pete/wefwefwef/docs/other/7718265463/repo/develop/.xml/emetric/emetric_stats_mnesia.xml"
/home/pete/wefwefwef/docs/other/7718265463/emetric-branch-develop/emetric/src/emetric_stats_mnesia.erl, in module header: at line 2: must specify name or e-mail.
Error generating XML ("/home/pete/wefwefwef/docs/other/7718265463/emetric-branch-develop/emetric/src/emetric_stats_mnesia.erl"): {'EXIT',
                                                                                                                                  error}
Generating XML emetric - emetric_stats_pid "/home/pete/wefwefwef/docs/other/7718265463/emetric-branch-develop/emetric/src/emetric_stats_pid.erl" -> "/home/pete/wefwefwef/docs/other/7718265463/repo/develop/.xml/emetric/emetric_stats_pid.xml"
/home/pete/wefwefwef/docs/other/7718265463/emetric-branch-develop/emetric/src/emetric_stats_pid.erl, in module header: at line 2: must specify name or e-mail.
Error generating XML ("/home/pete/wefwefwef/docs/other/7718265463/emetric-branch-develop/emetric/src/emetric_stats_pid.erl"): {'EXIT',
                                                                                                                               error}
Generating XML emetric - emetric_stats_sys "/home/pete/wefwefwef/docs/other/7718265463/emetric-branch-develop/emetric/src/emetric_stats_sys.erl" -> "/home/pete/wefwefwef/docs/other/7718265463/repo/develop/.xml/emetric/emetric_stats_sys.xml"
/home/pete/wefwefwef/docs/other/7718265463/emetric-branch-develop/emetric/src/emetric_stats_sys.erl, in module header: at line 2: must specify name or e-mail.
Error generating XML ("/home/pete/wefwefwef/docs/other/7718265463/emetric-branch-develop/emetric/src/emetric_stats_sys.erl"): {'EXIT',
                                                                                                                               error}
Generating XML emetric - emetric_sup "/home/pete/wefwefwef/docs/other/7718265463/emetric-branch-develop/emetric/src/emetric_sup.erl" -> "/home/pete/wefwefwef/docs/other/7718265463/repo/develop/.xml/emetric/emetric_sup.xml"
Generating XML emetric - emetric_ticker "/home/pete/wefwefwef/docs/other/7718265463/emetric-branch-develop/emetric/src/emetric_ticker.erl" -> "/home/pete/wefwefwef/docs/other/7718265463/repo/develop/.xml/emetric/emetric_ticker.xml"
/home/pete/wefwefwef/docs/other/7718265463/emetric-branch-develop/emetric/src/emetric_ticker.erl, in module header: at line 2: must specify name or e-mail.
Error generating XML ("/home/pete/wefwefwef/docs/other/7718265463/emetric-branch-develop/emetric/src/emetric_ticker.erl"): {'EXIT',
                                                                                                                            error}
Generating XML emetric - emetric_util "/home/pete/wefwefwef/docs/other/7718265463/emetric-branch-develop/emetric/src/emetric_util.erl" -> "/home/pete/wefwefwef/docs/other/7718265463/repo/develop/.xml/emetric/emetric_util.xml"
Generating XML emetric - getopt "/home/pete/wefwefwef/docs/other/7718265463/emetric-branch-develop/emetric/src/getopt.erl" -> "/home/pete/wefwefwef/docs/other/7718265463/repo/develop/.xml/emetric/getopt.xml"
Generating HTML - emetric_loadable "/home/pete/wefwefwef/docs/other/7718265463/repo/develop/.xml/emetric/emetric_loadable.xml"
Generating HTML - emetric_config "/home/pete/wefwefwef/docs/other/7718265463/repo/develop/.xml/emetric/emetric_config.xml"
Generating HTML - emetric_cmd_reopen_log "/home/pete/wefwefwef/docs/other/7718265463/repo/develop/.xml/emetric/emetric_cmd_reopen_log.xml"
Generating HTML - emetric "/home/pete/wefwefwef/docs/other/7718265463/repo/develop/.xml/emetric/emetric.xml"
Reading XML for "/home/pete/wefwefwef/docs/other/7718265463/repo/develop/.xml/emetric/emetric_loadable.xml"
Reading XML for "/home/pete/wefwefwef/docs/other/7718265463/repo/develop/.xml/emetric/emetric_config.xml"
Reading XML for "/home/pete/wefwefwef/docs/other/7718265463/repo/develop/.xml/emetric/emetric_cmd_reopen_log.xml"
Reading XML for "/home/pete/wefwefwef/docs/other/7718265463/repo/develop/.xml/emetric/emetric.xml"
Reading XML for "/home/pete/wefwefwef/docs/other/7718265463/repo/develop/.xml/specs_emetric_cmd_reopen_log.xml"
Reading XML for "/home/pete/wefwefwef/docs/other/7718265463/repo/develop/.xml/specs_emetric_loadable.xml"
Generating HTML - emetric_cmd_start "/home/pete/wefwefwef/docs/other/7718265463/repo/develop/.xml/emetric/emetric_cmd_start.xml"
Reading XML for "/home/pete/wefwefwef/docs/other/7718265463/repo/develop/.xml/emetric/emetric_cmd_start.xml"
Generating HTML - emetric_sup "/home/pete/wefwefwef/docs/other/7718265463/repo/develop/.xml/emetric/emetric_sup.xml"
Reading XML for "/home/pete/wefwefwef/docs/other/7718265463/repo/develop/.xml/emetric/emetric_sup.xml"
Reading XML for "/home/pete/wefwefwef/docs/other/7718265463/repo/develop/.xml/specs_emetric.xml"
Reading XML for "/home/pete/wefwefwef/docs/other/7718265463/repo/develop/.xml/specs_emetric_config.xml"
Generating HTML - emetric_app "/home/pete/wefwefwef/docs/other/7718265463/repo/develop/.xml/emetric/emetric_app.xml"
Reading XML for "/home/pete/wefwefwef/docs/other/7718265463/repo/develop/.xml/emetric/emetric_app.xml"
Generating HTML - emetric_core "/home/pete/wefwefwef/docs/other/7718265463/repo/develop/.xml/emetric/emetric_core.xml"
Reading XML for "/home/pete/wefwefwef/docs/other/7718265463/repo/develop/.xml/emetric/emetric_core.xml"
Reading XML for "/home/pete/wefwefwef/docs/other/7718265463/repo/develop/.xml/specs_emetric_cmd_start.xml"
Generating HTML - emetric_cmd_stop "/home/pete/wefwefwef/docs/other/7718265463/repo/develop/.xml/emetric/emetric_cmd_stop.xml"
Reading XML for "/home/pete/wefwefwef/docs/other/7718265463/repo/develop/.xml/specs_emetric_sup.xml"
Reading XML for "/home/pete/wefwefwef/docs/other/7718265463/repo/develop/.xml/emetric/emetric_cmd_stop.xml"
Generating HTML - emetric_util "/home/pete/wefwefwef/docs/other/7718265463/repo/develop/.xml/emetric/emetric_util.xml"
Reading XML for "/home/pete/wefwefwef/docs/other/7718265463/repo/develop/.xml/emetric/emetric_util.xml"
Reading XML for "/home/pete/wefwefwef/docs/other/7718265463/repo/develop/.xml/specs_emetric_app.xml"
Generating HTML - emetric_cmd_connect "/home/pete/wefwefwef/docs/other/7718265463/repo/develop/.xml/emetric/emetric_cmd_connect.xml"
Reading XML for "/home/pete/wefwefwef/docs/other/7718265463/repo/develop/.xml/emetric/emetric_cmd_connect.xml"
Reading XML for "/home/pete/wefwefwef/docs/other/7718265463/repo/develop/.xml/specs_emetric_core.xml"
Generating HTML - emetric_filter_csv "/home/pete/wefwefwef/docs/other/7718265463/repo/develop/.xml/emetric/emetric_filter_csv.xml"
Reading XML for "/home/pete/wefwefwef/docs/other/7718265463/repo/develop/.xml/emetric/emetric_filter_csv.xml"
Reading XML for "/home/pete/wefwefwef/docs/other/7718265463/repo/develop/.xml/specs_emetric_cmd_stop.xml"
Reading XML for "/home/pete/wefwefwef/docs/other/7718265463/repo/develop/.xml/specs_emetric_util.xml"
Generating HTML - emetric_command "/home/pete/wefwefwef/docs/other/7718265463/repo/develop/.xml/emetric/emetric_command.xml"
Reading XML for "/home/pete/wefwefwef/docs/other/7718265463/repo/develop/.xml/emetric/emetric_command.xml"
Generating HTML - getopt "/home/pete/wefwefwef/docs/other/7718265463/repo/develop/.xml/emetric/getopt.xml"
Reading XML for "/home/pete/wefwefwef/docs/other/7718265463/repo/develop/.xml/emetric/getopt.xml"
Reading XML for "/home/pete/wefwefwef/docs/other/7718265463/repo/develop/.xml/specs_emetric_filter_csv.xml"
Reading XML for "/home/pete/wefwefwef/docs/other/7718265463/repo/develop/.xml/specs_emetric_cmd_connect.xml"
Generating HTML - emetric_hello "/home/pete/wefwefwef/docs/other/7718265463/repo/develop/.xml/emetric/emetric_hello.xml"
Reading XML for "/home/pete/wefwefwef/docs/other/7718265463/repo/develop/.xml/emetric/emetric_hello.xml"
Generating HTML - emetric_cmd_info "/home/pete/wefwefwef/docs/other/7718265463/repo/develop/.xml/emetric/emetric_cmd_info.xml"
Reading XML for "/home/pete/wefwefwef/docs/other/7718265463/repo/develop/.xml/emetric/emetric_cmd_info.xml"
Reading XML for "/home/pete/wefwefwef/docs/other/7718265463/repo/develop/.xml/specs_emetric_command.xml"
Reading XML for "/home/pete/wefwefwef/docs/other/7718265463/repo/develop/.xml/specs_getopt.xml"
Reading XML for "/home/pete/wefwefwef/docs/other/7718265463/repo/develop/.xml/specs_emetric_hello.xml"
Reading XML for "/home/pete/wefwefwef/docs/other/7718265463/repo/develop/.xml/specs_emetric_cmd_info.xml"
Generating HTML - emetric_cmd_inject "/home/pete/wefwefwef/docs/other/7718265463/repo/develop/.xml/emetric/emetric_cmd_inject.xml"
Reading XML for "/home/pete/wefwefwef/docs/other/7718265463/repo/develop/.xml/emetric/emetric_cmd_inject.xml"
Reading XML for "/home/pete/wefwefwef/docs/other/7718265463/repo/develop/.xml/specs_emetric_cmd_inject.xml"
Generating HTML - emetric_cmd_ping "/home/pete/wefwefwef/docs/other/7718265463/repo/develop/.xml/emetric/emetric_cmd_ping.xml"
Reading XML for "/home/pete/wefwefwef/docs/other/7718265463/repo/develop/.xml/emetric/emetric_cmd_ping.xml"
Reading XML for "/home/pete/wefwefwef/docs/other/7718265463/repo/develop/.xml/specs_emetric_cmd_ping.xml"
Creating index.html ...
Creating erldocs_index.js ...
Woot, finished in 0 Minutes 3 Seconds
 :: Discovering other repos
$ 5000  `rm -r '/home/pete/wefwefwef/docs/other/7718265463/emetric-branch-develop'  2>&1`
 :: Processing https://github.com/justinkirby/emetric	{rev,branch,"master","6310f8f74a787100eb9d6356d2beffabc91fda1e"}
 :: Fetching repo code
$ cd "/home/pete/wefwefwef/docs/other/7718265463/emetric-branch-master/emetric"
$ infinity  `curl --fail --silent --show-error --location --output 'master.zip' 'https://github.com/justinkirby/emetric/archive/master.zip'  2>&1`
$ cd "/home/pete/wefwefwef/docs/erldocs_other.git"
$ cd "/home/pete/wefwefwef/docs/other/7718265463/emetric-branch-master/emetric"
$ 5000  `find -P . -type l -delete  2>&1`
$ cd "/home/pete/wefwefwef/docs/erldocs_other.git"
$ cd "/home/pete/wefwefwef/docs/other/7718265463/emetric-branch-master/emetric"
$ 5000  `find 'emetric-master' -mindepth 1 -maxdepth 1 -exec mv -t . -- {} +  2>&1`
$ cd "/home/pete/wefwefwef/docs/erldocs_other.git"
 :: Getting dependencies
$ cd "/home/pete/wefwefwef/docs/other/7718265463/emetric-branch-master/emetric"
$ 5000  `ls -1 deps/  2>&1`
$ cd "/home/pete/wefwefwef/docs/erldocs_other.git"
>>> [rebar] deps = []
 :: Generating erldocs into /home/pete/wefwefwef/docs/other/7718265463/repo/master
Building emetric
Generating Type Specs - "/home/pete/wefwefwef/docs/other/7718265463/emetric-branch-master/emetric/src/emetric.erl"
Generating Type Specs - "/home/pete/wefwefwef/docs/other/7718265463/emetric-branch-master/emetric/src/emetric_app.erl"
Generating Type Specs - "/home/pete/wefwefwef/docs/other/7718265463/emetric-branch-master/emetric/src/emetric_appsrv.erl"
Generating Type Specs - "/home/pete/wefwefwef/docs/other/7718265463/emetric-branch-master/emetric/src/emetric_cmd_connect.erl"
Generating Type Specs - "/home/pete/wefwefwef/docs/other/7718265463/emetric-branch-master/emetric/src/emetric_cmd_info.erl"
Generating Type Specs - "/home/pete/wefwefwef/docs/other/7718265463/emetric-branch-master/emetric/src/emetric_cmd_inject.erl"
Generating Type Specs - "/home/pete/wefwefwef/docs/other/7718265463/emetric-branch-master/emetric/src/emetric_cmd_start.erl"
Generating Type Specs - "/home/pete/wefwefwef/docs/other/7718265463/emetric-branch-master/emetric/src/emetric_cmd_stop.erl"
Generating Type Specs - "/home/pete/wefwefwef/docs/other/7718265463/emetric-branch-master/emetric/src/emetric_command.erl"
Generating Type Specs - "/home/pete/wefwefwef/docs/other/7718265463/emetric-branch-master/emetric/src/emetric_config.erl"
Generating Type Specs - "/home/pete/wefwefwef/docs/other/7718265463/emetric-branch-master/emetric/src/emetric_core.erl"
Generating Type Specs - "/home/pete/wefwefwef/docs/other/7718265463/emetric-branch-master/emetric/src/emetric_filter_csv.erl"
Generating Type Specs - "/home/pete/wefwefwef/docs/other/7718265463/emetric-branch-master/emetric/src/emetric_hooks.erl"
Generating Type Specs - "/home/pete/wefwefwef/docs/other/7718265463/emetric-branch-master/emetric/src/emetric_loadable.erl"
Generating Type Specs - "/home/pete/wefwefwef/docs/other/7718265463/emetric-branch-master/emetric/src/emetric_log_file.erl"
Generating Type Specs - "/home/pete/wefwefwef/docs/other/7718265463/emetric-branch-master/emetric/src/emetric_stats_ejd.erl"
Generating Type Specs - "/home/pete/wefwefwef/docs/other/7718265463/emetric-branch-master/emetric/src/emetric_stats_mnesia.erl"
Generating Type Specs - "/home/pete/wefwefwef/docs/other/7718265463/emetric-branch-master/emetric/src/emetric_stats_sys.erl"
Generating Type Specs - "/home/pete/wefwefwef/docs/other/7718265463/emetric-branch-master/emetric/src/emetric_sup.erl"
Generating Type Specs - "/home/pete/wefwefwef/docs/other/7718265463/emetric-branch-master/emetric/src/emetric_ticker.erl"
Generating Type Specs - "/home/pete/wefwefwef/docs/other/7718265463/emetric-branch-master/emetric/src/emetric_util.erl"
Generating Type Specs - "/home/pete/wefwefwef/docs/other/7718265463/emetric-branch-master/emetric/src/getopt.erl"
Generating XML for application emetric "/home/pete/wefwefwef/docs/other/7718265463/emetric-branch-master/emetric" -> "/home/pete/wefwefwef/docs/other/7718265463/repo/master/.xml/emetric"
Generated emetric XMLs: ["/home/pete/wefwefwef/docs/other/7718265463/repo/master/.xml/emetric/emetric_app.xml",
                         "/home/pete/wefwefwef/docs/other/7718265463/repo/master/.xml/emetric/emetric_sup.xml",
                         "/home/pete/wefwefwef/docs/other/7718265463/repo/master/.xml/emetric/emetric_cmd_info.xml",
                         "/home/pete/wefwefwef/docs/other/7718265463/repo/master/.xml/emetric/emetric_cmd_inject.xml",
                         "/home/pete/wefwefwef/docs/other/7718265463/repo/master/.xml/emetric/emetric_config.xml",
                         "/home/pete/wefwefwef/docs/other/7718265463/repo/master/.xml/emetric/emetric_log_file.xml",
                         "/home/pete/wefwefwef/docs/other/7718265463/repo/master/.xml/emetric/emetric_stats_sys.xml",
                         "/home/pete/wefwefwef/docs/other/7718265463/repo/master/.xml/emetric/emetric_ticker.xml",
                         "/home/pete/wefwefwef/docs/other/7718265463/repo/master/.xml/emetric/emetric_hooks.xml",
                         "/home/pete/wefwefwef/docs/other/7718265463/repo/master/.xml/emetric/emetric_cmd_connect.xml",
                         "/home/pete/wefwefwef/docs/other/7718265463/repo/master/.xml/emetric/emetric_cmd_start.xml",
                         "/home/pete/wefwefwef/docs/other/7718265463/repo/master/.xml/emetric/emetric_filter_csv.xml",
                         "/home/pete/wefwefwef/docs/other/7718265463/repo/master/.xml/emetric/emetric_util.xml",
                         "/home/pete/wefwefwef/docs/other/7718265463/repo/master/.xml/emetric/emetric_stats_ejd.xml",
                         "/home/pete/wefwefwef/docs/other/7718265463/repo/master/.xml/emetric/emetric_appsrv.xml",
                         "/home/pete/wefwefwef/docs/other/7718265463/repo/master/.xml/emetric/emetric_command.xml",
                         "/home/pete/wefwefwef/docs/other/7718265463/repo/master/.xml/emetric/emetric.xml",
                         "/home/pete/wefwefwef/docs/other/7718265463/repo/master/.xml/emetric/emetric_stats_mnesia.xml",
                         "/home/pete/wefwefwef/docs/other/7718265463/repo/master/.xml/emetric/emetric_cmd_stop.xml",
                         "/home/pete/wefwefwef/docs/other/7718265463/repo/master/.xml/emetric/emetric_loadable.xml",
                         "/home/pete/wefwefwef/docs/other/7718265463/repo/master/.xml/emetric/emetric_core.xml",
                         "/home/pete/wefwefwef/docs/other/7718265463/repo/master/.xml/emetric/getopt.xml"]
Generating HTML - emetric_config "/home/pete/wefwefwef/docs/other/7718265463/repo/master/.xml/emetric/emetric_config.xml"
Generating HTML - emetric_cmd_connect "/home/pete/wefwefwef/docs/other/7718265463/repo/master/.xml/emetric/emetric_cmd_connect.xml"
Generating HTML - emetric_appsrv "/home/pete/wefwefwef/docs/other/7718265463/repo/master/.xml/emetric/emetric_appsrv.xml"
Generating HTML - getopt "/home/pete/wefwefwef/docs/other/7718265463/repo/master/.xml/emetric/getopt.xml"
Reading XML for "/home/pete/wefwefwef/docs/other/7718265463/repo/master/.xml/emetric/emetric_config.xml"
Reading XML for "/home/pete/wefwefwef/docs/other/7718265463/repo/master/.xml/emetric/emetric_cmd_connect.xml"
Reading XML for "/home/pete/wefwefwef/docs/other/7718265463/repo/master/.xml/emetric/emetric_appsrv.xml"
Reading XML for "/home/pete/wefwefwef/docs/other/7718265463/repo/master/.xml/emetric/getopt.xml"
Reading XML for "/home/pete/wefwefwef/docs/other/7718265463/repo/master/.xml/specs_emetric_config.xml"
Reading XML for "/home/pete/wefwefwef/docs/other/7718265463/repo/master/.xml/specs_emetric_cmd_connect.xml"
Generating HTML - emetric_cmd_inject "/home/pete/wefwefwef/docs/other/7718265463/repo/master/.xml/emetric/emetric_cmd_inject.xml"
Reading XML for "/home/pete/wefwefwef/docs/other/7718265463/repo/master/.xml/emetric/emetric_cmd_inject.xml"
Generating HTML - emetric_hooks "/home/pete/wefwefwef/docs/other/7718265463/repo/master/.xml/emetric/emetric_hooks.xml"
Reading XML for "/home/pete/wefwefwef/docs/other/7718265463/repo/master/.xml/emetric/emetric_hooks.xml"
Reading XML for "/home/pete/wefwefwef/docs/other/7718265463/repo/master/.xml/specs_emetric_appsrv.xml"
Reading XML for "/home/pete/wefwefwef/docs/other/7718265463/repo/master/.xml/specs_getopt.xml"
Generating HTML - emetric_stats_ejd "/home/pete/wefwefwef/docs/other/7718265463/repo/master/.xml/emetric/emetric_stats_ejd.xml"
Reading XML for "/home/pete/wefwefwef/docs/other/7718265463/repo/master/.xml/emetric/emetric_stats_ejd.xml"
Generating HTML - emetric_core "/home/pete/wefwefwef/docs/other/7718265463/repo/master/.xml/emetric/emetric_core.xml"
Reading XML for "/home/pete/wefwefwef/docs/other/7718265463/repo/master/.xml/emetric/emetric_core.xml"
Reading XML for "/home/pete/wefwefwef/docs/other/7718265463/repo/master/.xml/specs_emetric_hooks.xml"
Reading XML for "/home/pete/wefwefwef/docs/other/7718265463/repo/master/.xml/specs_emetric_cmd_inject.xml"
Generating HTML - emetric_cmd_info "/home/pete/wefwefwef/docs/other/7718265463/repo/master/.xml/emetric/emetric_cmd_info.xml"
Reading XML for "/home/pete/wefwefwef/docs/other/7718265463/repo/master/.xml/emetric/emetric_cmd_info.xml"
Generating HTML - emetric_ticker "/home/pete/wefwefwef/docs/other/7718265463/repo/master/.xml/emetric/emetric_ticker.xml"
Reading XML for "/home/pete/wefwefwef/docs/other/7718265463/repo/master/.xml/emetric/emetric_ticker.xml"
Reading XML for "/home/pete/wefwefwef/docs/other/7718265463/repo/master/.xml/specs_emetric_stats_ejd.xml"
Generating HTML - emetric_util "/home/pete/wefwefwef/docs/other/7718265463/repo/master/.xml/emetric/emetric_util.xml"
Reading XML for "/home/pete/wefwefwef/docs/other/7718265463/repo/master/.xml/emetric/emetric_util.xml"
Reading XML for "/home/pete/wefwefwef/docs/other/7718265463/repo/master/.xml/specs_emetric_core.xml"
Generating HTML - emetric_loadable "/home/pete/wefwefwef/docs/other/7718265463/repo/master/.xml/emetric/emetric_loadable.xml"
Reading XML for "/home/pete/wefwefwef/docs/other/7718265463/repo/master/.xml/emetric/emetric_loadable.xml"
Reading XML for "/home/pete/wefwefwef/docs/other/7718265463/repo/master/.xml/specs_emetric_cmd_info.xml"
Generating HTML - emetric_sup "/home/pete/wefwefwef/docs/other/7718265463/repo/master/.xml/emetric/emetric_sup.xml"
Reading XML for "/home/pete/wefwefwef/docs/other/7718265463/repo/master/.xml/emetric/emetric_sup.xml"
Reading XML for "/home/pete/wefwefwef/docs/other/7718265463/repo/master/.xml/specs_emetric_ticker.xml"
Reading XML for "/home/pete/wefwefwef/docs/other/7718265463/repo/master/.xml/specs_emetric_util.xml"
Generating HTML - emetric_stats_sys "/home/pete/wefwefwef/docs/other/7718265463/repo/master/.xml/emetric/emetric_stats_sys.xml"
Reading XML for "/home/pete/wefwefwef/docs/other/7718265463/repo/master/.xml/emetric/emetric_stats_sys.xml"
Generating HTML - emetric_filter_csv "/home/pete/wefwefwef/docs/other/7718265463/repo/master/.xml/emetric/emetric_filter_csv.xml"
Reading XML for "/home/pete/wefwefwef/docs/other/7718265463/repo/master/.xml/emetric/emetric_filter_csv.xml"
Reading XML for "/home/pete/wefwefwef/docs/other/7718265463/repo/master/.xml/specs_emetric_loadable.xml"
Generating HTML - emetric_cmd_stop "/home/pete/wefwefwef/docs/other/7718265463/repo/master/.xml/emetric/emetric_cmd_stop.xml"
Reading XML for "/home/pete/wefwefwef/docs/other/7718265463/repo/master/.xml/emetric/emetric_cmd_stop.xml"
Reading XML for "/home/pete/wefwefwef/docs/other/7718265463/repo/master/.xml/specs_emetric_sup.xml"
Generating HTML - emetric_app "/home/pete/wefwefwef/docs/other/7718265463/repo/master/.xml/emetric/emetric_app.xml"
Reading XML for "/home/pete/wefwefwef/docs/other/7718265463/repo/master/.xml/emetric/emetric_app.xml"
Reading XML for "/home/pete/wefwefwef/docs/other/7718265463/repo/master/.xml/specs_emetric_stats_sys.xml"
Generating HTML - emetric_log_file "/home/pete/wefwefwef/docs/other/7718265463/repo/master/.xml/emetric/emetric_log_file.xml"
Reading XML for "/home/pete/wefwefwef/docs/other/7718265463/repo/master/.xml/emetric/emetric_log_file.xml"
Reading XML for "/home/pete/wefwefwef/docs/other/7718265463/repo/master/.xml/specs_emetric_filter_csv.xml"
Reading XML for "/home/pete/wefwefwef/docs/other/7718265463/repo/master/.xml/specs_emetric_cmd_stop.xml"
Generating HTML - emetric_cmd_start "/home/pete/wefwefwef/docs/other/7718265463/repo/master/.xml/emetric/emetric_cmd_start.xml"
Reading XML for "/home/pete/wefwefwef/docs/other/7718265463/repo/master/.xml/emetric/emetric_cmd_start.xml"
Generating HTML - emetric_stats_mnesia "/home/pete/wefwefwef/docs/other/7718265463/repo/master/.xml/emetric/emetric_stats_mnesia.xml"
Reading XML for "/home/pete/wefwefwef/docs/other/7718265463/repo/master/.xml/emetric/emetric_stats_mnesia.xml"
Reading XML for "/home/pete/wefwefwef/docs/other/7718265463/repo/master/.xml/specs_emetric_app.xml"
Reading XML for "/home/pete/wefwefwef/docs/other/7718265463/repo/master/.xml/specs_emetric_log_file.xml"
Reading XML for "/home/pete/wefwefwef/docs/other/7718265463/repo/master/.xml/specs_emetric_cmd_start.xml"
Reading XML for "/home/pete/wefwefwef/docs/other/7718265463/repo/master/.xml/specs_emetric_stats_mnesia.xml"
Generating HTML - emetric "/home/pete/wefwefwef/docs/other/7718265463/repo/master/.xml/emetric/emetric.xml"
Reading XML for "/home/pete/wefwefwef/docs/other/7718265463/repo/master/.xml/emetric/emetric.xml"
Reading XML for "/home/pete/wefwefwef/docs/other/7718265463/repo/master/.xml/specs_emetric.xml"
Generating HTML - emetric_command "/home/pete/wefwefwef/docs/other/7718265463/repo/master/.xml/emetric/emetric_command.xml"
Reading XML for "/home/pete/wefwefwef/docs/other/7718265463/repo/master/.xml/emetric/emetric_command.xml"
Reading XML for "/home/pete/wefwefwef/docs/other/7718265463/repo/master/.xml/specs_emetric_command.xml"
Creating index.html ...
Creating erldocs_index.js ...
Woot, finished in 0 Minutes 1 Seconds
 :: Discovering other repos
$ 5000  `rm -r '/home/pete/wefwefwef/docs/other/7718265463/emetric-branch-master'  2>&1`
 :: Erldocs finishing up
$ 5000  `rm -r '/home/pete/wefwefwef/docs/other/7718265463/emetric'  2>&1`
