 :: Extracting meta information
$ 5000  `git ls-remote --heads --tags 'https://github.com/cloudi/cloudi_service_udp'  2>&1`
>>> [repo] 1 branches, 14 tags
 :: Writing meta to "/home/pete/wefwefwef/docs/other/7842311372/meta.txt"
 :: Processing https://github.com/cloudi/cloudi_service_udp	{rev,tag,"v1.3.0","c6dc417778ab0bd01f6788ac34698f1ac81a5f03",undefined,[],[]}
 :: Fetching repo code
$ cd "/home/pete/wefwefwef/docs/other/7842311372/cloudi_service_udp-tag-v1.3.0/cloudi_service_udp"
$ infinity  `curl --fail --silent --show-error --location --output 'v1.3.0.zip' 'https://github.com/cloudi/cloudi_service_udp/archive/v1.3.0.zip'  2>&1`
$ cd "/home/pete/wefwefwef/docs/erldocs_other.git"
$ cd "/home/pete/wefwefwef/docs/other/7842311372/cloudi_service_udp-tag-v1.3.0/cloudi_service_udp"
$ 5000  `find -P . -type l -delete  2>&1`
$ cd "/home/pete/wefwefwef/docs/erldocs_other.git"
$ cd "/home/pete/wefwefwef/docs/other/7842311372/cloudi_service_udp-tag-v1.3.0/cloudi_service_udp"
$ 5000  `find 'cloudi_service_udp-1.3.0' -mindepth 1 -maxdepth 1 -exec mv -t . -- {} +  2>&1`
$ cd "/home/pete/wefwefwef/docs/erldocs_other.git"
 :: Getting dependencies
$ cd "/home/pete/wefwefwef/docs/other/7842311372/cloudi_service_udp-tag-v1.3.0/cloudi_service_udp"
$ infinity  `rebar --config '/home/pete/wefwefwef/docs/other/7842311372/cloudi_service_udp-tag-v1.3.0/rebar_deps' get-deps  2>&1`
$ cd "/home/pete/wefwefwef/docs/erldocs_other.git"
$ cd "/home/pete/wefwefwef/docs/other/7842311372/cloudi_service_udp-tag-v1.3.0/cloudi_service_udp"
$ 5000  `find -P . -type l -delete  2>&1`
$ cd "/home/pete/wefwefwef/docs/erldocs_other.git"
$ cd "/home/pete/wefwefwef/docs/other/7842311372/cloudi_service_udp-tag-v1.3.0/cloudi_service_udp"
$ 5000  `ls -1 deps/  2>&1`
$ cd "/home/pete/wefwefwef/docs/erldocs_other.git"
>>> [rebar] deps = ["cloudi_core","cpg","dynamic_compile","erlang_term",
                    "erlcloud","jsx","key2value","keys1value","lhttpc","meck",
                    "nodefinder","pqueue","quickrand","reltool_util","syslog",
                    "trie","uuid"]
 :: Generating erldocs into /home/pete/wefwefwef/docs/other/7842311372/repo/v1.3.0
Building cloudi_service_udp
Generating Type Specs - "/home/pete/wefwefwef/docs/other/7842311372/cloudi_service_udp-tag-v1.3.0/cloudi_service_udp/src/cloudi_service_udp.erl"
Generating XML for application cloudi_service_udp "/home/pete/wefwefwef/docs/other/7842311372/cloudi_service_udp-tag-v1.3.0/cloudi_service_udp" -> "/home/pete/wefwefwef/docs/other/7842311372/repo/v1.3.0/.xml/cloudi_service_udp"
Generated cloudi_service_udp XMLs: ["/home/pete/wefwefwef/docs/other/7842311372/repo/v1.3.0/.xml/cloudi_service_udp/cloudi_service_udp.xml"]
Generating HTML - cloudi_service_udp "/home/pete/wefwefwef/docs/other/7842311372/repo/v1.3.0/.xml/cloudi_service_udp/cloudi_service_udp.xml"
Reading XML for "/home/pete/wefwefwef/docs/other/7842311372/repo/v1.3.0/.xml/cloudi_service_udp/cloudi_service_udp.xml"
Reading XML for "/home/pete/wefwefwef/docs/other/7842311372/repo/v1.3.0/.xml/specs_cloudi_service_udp.xml"
Creating index.html ...
Creating erldocs_index.js ...
Woot, finished in 0 Minutes 0 Seconds
 :: Discovering other repos
$ 5000  `rm -r '/home/pete/wefwefwef/docs/other/7842311372/cloudi_service_udp-tag-v1.3.0'  2>&1`
 :: Processing https://github.com/cloudi/cloudi_service_udp	{rev,tag,"v1.3.1","3513a264c69a42b9ed84dfc848abf6b240c3dd1f",undefined,[],[]}
 :: Fetching repo code
$ cd "/home/pete/wefwefwef/docs/other/7842311372/cloudi_service_udp-tag-v1.3.1/cloudi_service_udp"
$ infinity  `curl --fail --silent --show-error --location --output 'v1.3.1.zip' 'https://github.com/cloudi/cloudi_service_udp/archive/v1.3.1.zip'  2>&1`
$ cd "/home/pete/wefwefwef/docs/erldocs_other.git"
$ cd "/home/pete/wefwefwef/docs/other/7842311372/cloudi_service_udp-tag-v1.3.1/cloudi_service_udp"
$ 5000  `find -P . -type l -delete  2>&1`
$ cd "/home/pete/wefwefwef/docs/erldocs_other.git"
$ cd "/home/pete/wefwefwef/docs/other/7842311372/cloudi_service_udp-tag-v1.3.1/cloudi_service_udp"
$ 5000  `find 'cloudi_service_udp-1.3.1' -mindepth 1 -maxdepth 1 -exec mv -t . -- {} +  2>&1`
$ cd "/home/pete/wefwefwef/docs/erldocs_other.git"
 :: Getting dependencies
$ cd "/home/pete/wefwefwef/docs/other/7842311372/cloudi_service_udp-tag-v1.3.1/cloudi_service_udp"
$ infinity  `rebar --config '/home/pete/wefwefwef/docs/other/7842311372/cloudi_service_udp-tag-v1.3.1/rebar_deps' get-deps  2>&1`
$ cd "/home/pete/wefwefwef/docs/erldocs_other.git"
$ cd "/home/pete/wefwefwef/docs/other/7842311372/cloudi_service_udp-tag-v1.3.1/cloudi_service_udp"
$ 5000  `find -P . -type l -delete  2>&1`
$ cd "/home/pete/wefwefwef/docs/erldocs_other.git"
$ cd "/home/pete/wefwefwef/docs/other/7842311372/cloudi_service_udp-tag-v1.3.1/cloudi_service_udp"
$ 5000  `ls -1 deps/  2>&1`
$ cd "/home/pete/wefwefwef/docs/erldocs_other.git"
>>> [rebar] deps = ["cloudi_core","cpg","key2value","pqueue","quickrand",
                    "reltool_util","trie","uuid"]
 :: Generating erldocs into /home/pete/wefwefwef/docs/other/7842311372/repo/v1.3.1
Building cloudi_service_udp
Generating Type Specs - "/home/pete/wefwefwef/docs/other/7842311372/cloudi_service_udp-tag-v1.3.1/cloudi_service_udp/src/cloudi_service_udp.erl"
Generating XML for application cloudi_service_udp "/home/pete/wefwefwef/docs/other/7842311372/cloudi_service_udp-tag-v1.3.1/cloudi_service_udp" -> "/home/pete/wefwefwef/docs/other/7842311372/repo/v1.3.1/.xml/cloudi_service_udp"
Generated cloudi_service_udp XMLs: ["/home/pete/wefwefwef/docs/other/7842311372/repo/v1.3.1/.xml/cloudi_service_udp/cloudi_service_udp.xml"]
Generating HTML - cloudi_service_udp "/home/pete/wefwefwef/docs/other/7842311372/repo/v1.3.1/.xml/cloudi_service_udp/cloudi_service_udp.xml"
Reading XML for "/home/pete/wefwefwef/docs/other/7842311372/repo/v1.3.1/.xml/cloudi_service_udp/cloudi_service_udp.xml"
Reading XML for "/home/pete/wefwefwef/docs/other/7842311372/repo/v1.3.1/.xml/specs_cloudi_service_udp.xml"
Creating index.html ...
Creating erldocs_index.js ...
Woot, finished in 0 Minutes 0 Seconds
 :: Discovering other repos
$ 5000  `rm -r '/home/pete/wefwefwef/docs/other/7842311372/cloudi_service_udp-tag-v1.3.1'  2>&1`
 :: Processing https://github.com/cloudi/cloudi_service_udp	{rev,tag,"v1.3.1.1","f8e8703792372be7dd3afbafe0d4bbb3e2c638aa",undefined,[],[]}
 :: Fetching repo code
$ cd "/home/pete/wefwefwef/docs/other/7842311372/cloudi_service_udp-tag-v1.3.1.1/cloudi_service_udp"
$ infinity  `curl --fail --silent --show-error --location --output 'v1.3.1.1.zip' 'https://github.com/cloudi/cloudi_service_udp/archive/v1.3.1.1.zip'  2>&1`
$ cd "/home/pete/wefwefwef/docs/erldocs_other.git"
$ cd "/home/pete/wefwefwef/docs/other/7842311372/cloudi_service_udp-tag-v1.3.1.1/cloudi_service_udp"
$ 5000  `find -P . -type l -delete  2>&1`
$ cd "/home/pete/wefwefwef/docs/erldocs_other.git"
$ cd "/home/pete/wefwefwef/docs/other/7842311372/cloudi_service_udp-tag-v1.3.1.1/cloudi_service_udp"
$ 5000  `find 'cloudi_service_udp-1.3.1.1' -mindepth 1 -maxdepth 1 -exec mv -t . -- {} +  2>&1`
$ cd "/home/pete/wefwefwef/docs/erldocs_other.git"
 :: Getting dependencies
$ cd "/home/pete/wefwefwef/docs/other/7842311372/cloudi_service_udp-tag-v1.3.1.1/cloudi_service_udp"
$ infinity  `rebar --config '/home/pete/wefwefwef/docs/other/7842311372/cloudi_service_udp-tag-v1.3.1.1/rebar_deps' get-deps  2>&1`
$ cd "/home/pete/wefwefwef/docs/erldocs_other.git"
$ cd "/home/pete/wefwefwef/docs/other/7842311372/cloudi_service_udp-tag-v1.3.1.1/cloudi_service_udp"
$ 5000  `find -P . -type l -delete  2>&1`
$ cd "/home/pete/wefwefwef/docs/erldocs_other.git"
$ cd "/home/pete/wefwefwef/docs/other/7842311372/cloudi_service_udp-tag-v1.3.1.1/cloudi_service_udp"
$ 5000  `ls -1 deps/  2>&1`
$ cd "/home/pete/wefwefwef/docs/erldocs_other.git"
>>> [rebar] deps = ["cloudi_core","cpg","dynamic_compile","erlcloud","jsx",
                    "key2value","lhttpc","meck","nodefinder","pqueue",
                    "quickrand","reltool_util","syslog","trie","uuid"]
 :: Generating erldocs into /home/pete/wefwefwef/docs/other/7842311372/repo/v1.3.1.1
Building cloudi_service_udp
Generating Type Specs - "/home/pete/wefwefwef/docs/other/7842311372/cloudi_service_udp-tag-v1.3.1.1/cloudi_service_udp/src/cloudi_service_udp.erl"
Generating XML for application cloudi_service_udp "/home/pete/wefwefwef/docs/other/7842311372/cloudi_service_udp-tag-v1.3.1.1/cloudi_service_udp" -> "/home/pete/wefwefwef/docs/other/7842311372/repo/v1.3.1.1/.xml/cloudi_service_udp"
Generated cloudi_service_udp XMLs: ["/home/pete/wefwefwef/docs/other/7842311372/repo/v1.3.1.1/.xml/cloudi_service_udp/cloudi_service_udp.xml"]
Generating HTML - cloudi_service_udp "/home/pete/wefwefwef/docs/other/7842311372/repo/v1.3.1.1/.xml/cloudi_service_udp/cloudi_service_udp.xml"
Reading XML for "/home/pete/wefwefwef/docs/other/7842311372/repo/v1.3.1.1/.xml/cloudi_service_udp/cloudi_service_udp.xml"
Reading XML for "/home/pete/wefwefwef/docs/other/7842311372/repo/v1.3.1.1/.xml/specs_cloudi_service_udp.xml"
Creating index.html ...
Creating erldocs_index.js ...
Woot, finished in 0 Minutes 0 Seconds
 :: Discovering other repos
$ 5000  `rm -r '/home/pete/wefwefwef/docs/other/7842311372/cloudi_service_udp-tag-v1.3.1.1'  2>&1`
 :: Processing https://github.com/cloudi/cloudi_service_udp	{rev,tag,"v1.3.1.2","8690d86f3e96bb9ade41c7b78dfb8a04468a9571",undefined,[],[]}
 :: Fetching repo code
$ cd "/home/pete/wefwefwef/docs/other/7842311372/cloudi_service_udp-tag-v1.3.1.2/cloudi_service_udp"
$ infinity  `curl --fail --silent --show-error --location --output 'v1.3.1.2.zip' 'https://github.com/cloudi/cloudi_service_udp/archive/v1.3.1.2.zip'  2>&1`
$ cd "/home/pete/wefwefwef/docs/erldocs_other.git"
$ cd "/home/pete/wefwefwef/docs/other/7842311372/cloudi_service_udp-tag-v1.3.1.2/cloudi_service_udp"
$ 5000  `find -P . -type l -delete  2>&1`
$ cd "/home/pete/wefwefwef/docs/erldocs_other.git"
$ cd "/home/pete/wefwefwef/docs/other/7842311372/cloudi_service_udp-tag-v1.3.1.2/cloudi_service_udp"
$ 5000  `find 'cloudi_service_udp-1.3.1.2' -mindepth 1 -maxdepth 1 -exec mv -t . -- {} +  2>&1`
$ cd "/home/pete/wefwefwef/docs/erldocs_other.git"
 :: Getting dependencies
$ cd "/home/pete/wefwefwef/docs/other/7842311372/cloudi_service_udp-tag-v1.3.1.2/cloudi_service_udp"
$ infinity  `rebar --config '/home/pete/wefwefwef/docs/other/7842311372/cloudi_service_udp-tag-v1.3.1.2/rebar_deps' get-deps  2>&1`
$ cd "/home/pete/wefwefwef/docs/erldocs_other.git"
$ cd "/home/pete/wefwefwef/docs/other/7842311372/cloudi_service_udp-tag-v1.3.1.2/cloudi_service_udp"
$ 5000  `find -P . -type l -delete  2>&1`
$ cd "/home/pete/wefwefwef/docs/erldocs_other.git"
$ cd "/home/pete/wefwefwef/docs/other/7842311372/cloudi_service_udp-tag-v1.3.1.2/cloudi_service_udp"
$ 5000  `ls -1 deps/  2>&1`
$ cd "/home/pete/wefwefwef/docs/erldocs_other.git"
>>> [rebar] deps = ["cloudi_core","cpg","dynamic_compile","erlcloud","jsx",
                    "key2value","lhttpc","meck","nodefinder","pqueue",
                    "quickrand","reltool_util","syslog","trie","uuid"]
 :: Generating erldocs into /home/pete/wefwefwef/docs/other/7842311372/repo/v1.3.1.2
Building cloudi_service_udp
Generating Type Specs - "/home/pete/wefwefwef/docs/other/7842311372/cloudi_service_udp-tag-v1.3.1.2/cloudi_service_udp/src/cloudi_service_udp.erl"
Generating XML for application cloudi_service_udp "/home/pete/wefwefwef/docs/other/7842311372/cloudi_service_udp-tag-v1.3.1.2/cloudi_service_udp" -> "/home/pete/wefwefwef/docs/other/7842311372/repo/v1.3.1.2/.xml/cloudi_service_udp"
Generated cloudi_service_udp XMLs: ["/home/pete/wefwefwef/docs/other/7842311372/repo/v1.3.1.2/.xml/cloudi_service_udp/cloudi_service_udp.xml"]
Generating HTML - cloudi_service_udp "/home/pete/wefwefwef/docs/other/7842311372/repo/v1.3.1.2/.xml/cloudi_service_udp/cloudi_service_udp.xml"
Reading XML for "/home/pete/wefwefwef/docs/other/7842311372/repo/v1.3.1.2/.xml/cloudi_service_udp/cloudi_service_udp.xml"
Reading XML for "/home/pete/wefwefwef/docs/other/7842311372/repo/v1.3.1.2/.xml/specs_cloudi_service_udp.xml"
Creating index.html ...
Creating erldocs_index.js ...
Woot, finished in 0 Minutes 0 Seconds
 :: Discovering other repos
$ 5000  `rm -r '/home/pete/wefwefwef/docs/other/7842311372/cloudi_service_udp-tag-v1.3.1.2'  2>&1`
 :: Processing https://github.com/cloudi/cloudi_service_udp	{rev,tag,"v1.3.1.3","45e38139512ac4a1d876162dbfe332168ffca74c",undefined,[],[]}
 :: Fetching repo code
$ cd "/home/pete/wefwefwef/docs/other/7842311372/cloudi_service_udp-tag-v1.3.1.3/cloudi_service_udp"
$ infinity  `curl --fail --silent --show-error --location --output 'v1.3.1.3.zip' 'https://github.com/cloudi/cloudi_service_udp/archive/v1.3.1.3.zip'  2>&1`
$ cd "/home/pete/wefwefwef/docs/erldocs_other.git"
$ cd "/home/pete/wefwefwef/docs/other/7842311372/cloudi_service_udp-tag-v1.3.1.3/cloudi_service_udp"
$ 5000  `find -P . -type l -delete  2>&1`
$ cd "/home/pete/wefwefwef/docs/erldocs_other.git"
$ cd "/home/pete/wefwefwef/docs/other/7842311372/cloudi_service_udp-tag-v1.3.1.3/cloudi_service_udp"
$ 5000  `find 'cloudi_service_udp-1.3.1.3' -mindepth 1 -maxdepth 1 -exec mv -t . -- {} +  2>&1`
$ cd "/home/pete/wefwefwef/docs/erldocs_other.git"
 :: Getting dependencies
$ cd "/home/pete/wefwefwef/docs/other/7842311372/cloudi_service_udp-tag-v1.3.1.3/cloudi_service_udp"
$ infinity  `rebar --config '/home/pete/wefwefwef/docs/other/7842311372/cloudi_service_udp-tag-v1.3.1.3/rebar_deps' get-deps  2>&1`
$ cd "/home/pete/wefwefwef/docs/erldocs_other.git"
$ cd "/home/pete/wefwefwef/docs/other/7842311372/cloudi_service_udp-tag-v1.3.1.3/cloudi_service_udp"
$ 5000  `find -P . -type l -delete  2>&1`
$ cd "/home/pete/wefwefwef/docs/erldocs_other.git"
$ cd "/home/pete/wefwefwef/docs/other/7842311372/cloudi_service_udp-tag-v1.3.1.3/cloudi_service_udp"
$ 5000  `ls -1 deps/  2>&1`
$ cd "/home/pete/wefwefwef/docs/erldocs_other.git"
>>> [rebar] deps = ["cloudi_core","cpg","dynamic_compile","erlcloud","jsx",
                    "key2value","lhttpc","meck","nodefinder","pqueue",
                    "quickrand","reltool_util","syslog","trie","uuid"]
 :: Generating erldocs into /home/pete/wefwefwef/docs/other/7842311372/repo/v1.3.1.3
Building cloudi_service_udp
Generating Type Specs - "/home/pete/wefwefwef/docs/other/7842311372/cloudi_service_udp-tag-v1.3.1.3/cloudi_service_udp/src/cloudi_service_udp.erl"
Generating XML for application cloudi_service_udp "/home/pete/wefwefwef/docs/other/7842311372/cloudi_service_udp-tag-v1.3.1.3/cloudi_service_udp" -> "/home/pete/wefwefwef/docs/other/7842311372/repo/v1.3.1.3/.xml/cloudi_service_udp"
Generated cloudi_service_udp XMLs: ["/home/pete/wefwefwef/docs/other/7842311372/repo/v1.3.1.3/.xml/cloudi_service_udp/cloudi_service_udp.xml"]
Generating HTML - cloudi_service_udp "/home/pete/wefwefwef/docs/other/7842311372/repo/v1.3.1.3/.xml/cloudi_service_udp/cloudi_service_udp.xml"
Reading XML for "/home/pete/wefwefwef/docs/other/7842311372/repo/v1.3.1.3/.xml/cloudi_service_udp/cloudi_service_udp.xml"
Reading XML for "/home/pete/wefwefwef/docs/other/7842311372/repo/v1.3.1.3/.xml/specs_cloudi_service_udp.xml"
Creating index.html ...
Creating erldocs_index.js ...
Woot, finished in 0 Minutes 0 Seconds
 :: Discovering other repos
$ 5000  `rm -r '/home/pete/wefwefwef/docs/other/7842311372/cloudi_service_udp-tag-v1.3.1.3'  2>&1`
 :: Processing https://github.com/cloudi/cloudi_service_udp	{rev,tag,"v1.3.2","54511e803c0dbf9e8970819c189349d72800bd7e",undefined,[],[]}
 :: Fetching repo code
$ cd "/home/pete/wefwefwef/docs/other/7842311372/cloudi_service_udp-tag-v1.3.2/cloudi_service_udp"
$ infinity  `curl --fail --silent --show-error --location --output 'v1.3.2.zip' 'https://github.com/cloudi/cloudi_service_udp/archive/v1.3.2.zip'  2>&1`
$ cd "/home/pete/wefwefwef/docs/erldocs_other.git"
$ cd "/home/pete/wefwefwef/docs/other/7842311372/cloudi_service_udp-tag-v1.3.2/cloudi_service_udp"
$ 5000  `find -P . -type l -delete  2>&1`
$ cd "/home/pete/wefwefwef/docs/erldocs_other.git"
$ cd "/home/pete/wefwefwef/docs/other/7842311372/cloudi_service_udp-tag-v1.3.2/cloudi_service_udp"
$ 5000  `find 'cloudi_service_udp-1.3.2' -mindepth 1 -maxdepth 1 -exec mv -t . -- {} +  2>&1`
$ cd "/home/pete/wefwefwef/docs/erldocs_other.git"
 :: Getting dependencies
$ cd "/home/pete/wefwefwef/docs/other/7842311372/cloudi_service_udp-tag-v1.3.2/cloudi_service_udp"
$ infinity  `rebar --config '/home/pete/wefwefwef/docs/other/7842311372/cloudi_service_udp-tag-v1.3.2/rebar_deps' get-deps  2>&1`
$ cd "/home/pete/wefwefwef/docs/erldocs_other.git"
$ cd "/home/pete/wefwefwef/docs/other/7842311372/cloudi_service_udp-tag-v1.3.2/cloudi_service_udp"
$ 5000  `find -P . -type l -delete  2>&1`
$ cd "/home/pete/wefwefwef/docs/erldocs_other.git"
$ cd "/home/pete/wefwefwef/docs/other/7842311372/cloudi_service_udp-tag-v1.3.2/cloudi_service_udp"
$ 5000  `ls -1 deps/  2>&1`
$ cd "/home/pete/wefwefwef/docs/erldocs_other.git"
>>> [rebar] deps = ["cloudi_core","cpg","dynamic_compile","erlcloud","jsx",
                    "key2value","lhttpc","meck","nodefinder","pqueue",
                    "quickrand","reltool_util","syslog","trie","uuid"]
 :: Generating erldocs into /home/pete/wefwefwef/docs/other/7842311372/repo/v1.3.2
Building cloudi_service_udp
Generating Type Specs - "/home/pete/wefwefwef/docs/other/7842311372/cloudi_service_udp-tag-v1.3.2/cloudi_service_udp/src/cloudi_service_udp.erl"
Generating XML for application cloudi_service_udp "/home/pete/wefwefwef/docs/other/7842311372/cloudi_service_udp-tag-v1.3.2/cloudi_service_udp" -> "/home/pete/wefwefwef/docs/other/7842311372/repo/v1.3.2/.xml/cloudi_service_udp"
Generated cloudi_service_udp XMLs: ["/home/pete/wefwefwef/docs/other/7842311372/repo/v1.3.2/.xml/cloudi_service_udp/cloudi_service_udp.xml"]
Generating HTML - cloudi_service_udp "/home/pete/wefwefwef/docs/other/7842311372/repo/v1.3.2/.xml/cloudi_service_udp/cloudi_service_udp.xml"
Reading XML for "/home/pete/wefwefwef/docs/other/7842311372/repo/v1.3.2/.xml/cloudi_service_udp/cloudi_service_udp.xml"
Reading XML for "/home/pete/wefwefwef/docs/other/7842311372/repo/v1.3.2/.xml/specs_cloudi_service_udp.xml"
Creating index.html ...
Creating erldocs_index.js ...
Woot, finished in 0 Minutes 0 Seconds
 :: Discovering other repos
$ 5000  `rm -r '/home/pete/wefwefwef/docs/other/7842311372/cloudi_service_udp-tag-v1.3.2'  2>&1`
 :: Processing https://github.com/cloudi/cloudi_service_udp	{rev,tag,"v1.3.2.1","5fc9cd71e81609b40a1acb08272de574cb04cafe",undefined,[],[]}
 :: Fetching repo code
$ cd "/home/pete/wefwefwef/docs/other/7842311372/cloudi_service_udp-tag-v1.3.2.1/cloudi_service_udp"
$ infinity  `curl --fail --silent --show-error --location --output 'v1.3.2.1.zip' 'https://github.com/cloudi/cloudi_service_udp/archive/v1.3.2.1.zip'  2>&1`
$ cd "/home/pete/wefwefwef/docs/erldocs_other.git"
$ cd "/home/pete/wefwefwef/docs/other/7842311372/cloudi_service_udp-tag-v1.3.2.1/cloudi_service_udp"
$ 5000  `find -P . -type l -delete  2>&1`
$ cd "/home/pete/wefwefwef/docs/erldocs_other.git"
$ cd "/home/pete/wefwefwef/docs/other/7842311372/cloudi_service_udp-tag-v1.3.2.1/cloudi_service_udp"
$ 5000  `find 'cloudi_service_udp-1.3.2.1' -mindepth 1 -maxdepth 1 -exec mv -t . -- {} +  2>&1`
$ cd "/home/pete/wefwefwef/docs/erldocs_other.git"
 :: Getting dependencies
$ cd "/home/pete/wefwefwef/docs/other/7842311372/cloudi_service_udp-tag-v1.3.2.1/cloudi_service_udp"
$ infinity  `rebar --config '/home/pete/wefwefwef/docs/other/7842311372/cloudi_service_udp-tag-v1.3.2.1/rebar_deps' get-deps  2>&1`
$ cd "/home/pete/wefwefwef/docs/erldocs_other.git"
$ cd "/home/pete/wefwefwef/docs/other/7842311372/cloudi_service_udp-tag-v1.3.2.1/cloudi_service_udp"
$ 5000  `find -P . -type l -delete  2>&1`
$ cd "/home/pete/wefwefwef/docs/erldocs_other.git"
$ cd "/home/pete/wefwefwef/docs/other/7842311372/cloudi_service_udp-tag-v1.3.2.1/cloudi_service_udp"
$ 5000  `ls -1 deps/  2>&1`
$ cd "/home/pete/wefwefwef/docs/erldocs_other.git"
>>> [rebar] deps = ["cloudi_core","cpg","dynamic_compile","erlcloud","jsx",
                    "key2value","lhttpc","meck","nodefinder","pqueue",
                    "quickrand","reltool_util","syslog","trie","uuid"]
 :: Generating erldocs into /home/pete/wefwefwef/docs/other/7842311372/repo/v1.3.2.1
Building cloudi_service_udp
Generating Type Specs - "/home/pete/wefwefwef/docs/other/7842311372/cloudi_service_udp-tag-v1.3.2.1/cloudi_service_udp/src/cloudi_service_udp.erl"
Generating XML for application cloudi_service_udp "/home/pete/wefwefwef/docs/other/7842311372/cloudi_service_udp-tag-v1.3.2.1/cloudi_service_udp" -> "/home/pete/wefwefwef/docs/other/7842311372/repo/v1.3.2.1/.xml/cloudi_service_udp"
Generated cloudi_service_udp XMLs: ["/home/pete/wefwefwef/docs/other/7842311372/repo/v1.3.2.1/.xml/cloudi_service_udp/cloudi_service_udp.xml"]
Generating HTML - cloudi_service_udp "/home/pete/wefwefwef/docs/other/7842311372/repo/v1.3.2.1/.xml/cloudi_service_udp/cloudi_service_udp.xml"
Reading XML for "/home/pete/wefwefwef/docs/other/7842311372/repo/v1.3.2.1/.xml/cloudi_service_udp/cloudi_service_udp.xml"
Reading XML for "/home/pete/wefwefwef/docs/other/7842311372/repo/v1.3.2.1/.xml/specs_cloudi_service_udp.xml"
Creating index.html ...
Creating erldocs_index.js ...
Woot, finished in 0 Minutes 0 Seconds
 :: Discovering other repos
$ 5000  `rm -r '/home/pete/wefwefwef/docs/other/7842311372/cloudi_service_udp-tag-v1.3.2.1'  2>&1`
 :: Processing https://github.com/cloudi/cloudi_service_udp	{rev,tag,"v1.3.2.2","e2fc25bd24fe57b633b1134cb7d52e572dd5b362",undefined,[],[]}
 :: Fetching repo code
$ cd "/home/pete/wefwefwef/docs/other/7842311372/cloudi_service_udp-tag-v1.3.2.2/cloudi_service_udp"
$ infinity  `curl --fail --silent --show-error --location --output 'v1.3.2.2.zip' 'https://github.com/cloudi/cloudi_service_udp/archive/v1.3.2.2.zip'  2>&1`
$ cd "/home/pete/wefwefwef/docs/erldocs_other.git"
$ cd "/home/pete/wefwefwef/docs/other/7842311372/cloudi_service_udp-tag-v1.3.2.2/cloudi_service_udp"
$ 5000  `find -P . -type l -delete  2>&1`
$ cd "/home/pete/wefwefwef/docs/erldocs_other.git"
$ cd "/home/pete/wefwefwef/docs/other/7842311372/cloudi_service_udp-tag-v1.3.2.2/cloudi_service_udp"
$ 5000  `find 'cloudi_service_udp-1.3.2.2' -mindepth 1 -maxdepth 1 -exec mv -t . -- {} +  2>&1`
$ cd "/home/pete/wefwefwef/docs/erldocs_other.git"
 :: Getting dependencies
$ cd "/home/pete/wefwefwef/docs/other/7842311372/cloudi_service_udp-tag-v1.3.2.2/cloudi_service_udp"
$ infinity  `rebar --config '/home/pete/wefwefwef/docs/other/7842311372/cloudi_service_udp-tag-v1.3.2.2/rebar_deps' get-deps  2>&1`
$ cd "/home/pete/wefwefwef/docs/erldocs_other.git"
$ cd "/home/pete/wefwefwef/docs/other/7842311372/cloudi_service_udp-tag-v1.3.2.2/cloudi_service_udp"
$ 5000  `find -P . -type l -delete  2>&1`
$ cd "/home/pete/wefwefwef/docs/erldocs_other.git"
$ cd "/home/pete/wefwefwef/docs/other/7842311372/cloudi_service_udp-tag-v1.3.2.2/cloudi_service_udp"
$ 5000  `ls -1 deps/  2>&1`
$ cd "/home/pete/wefwefwef/docs/erldocs_other.git"
>>> [rebar] deps = ["cloudi_core","cpg","dynamic_compile","erlcloud","jsx",
                    "key2value","keys1value","lhttpc","meck","nodefinder",
                    "pqueue","quickrand","reltool_util","syslog","trie",
                    "uuid"]
 :: Generating erldocs into /home/pete/wefwefwef/docs/other/7842311372/repo/v1.3.2.2
Building cloudi_service_udp
Generating Type Specs - "/home/pete/wefwefwef/docs/other/7842311372/cloudi_service_udp-tag-v1.3.2.2/cloudi_service_udp/src/cloudi_service_udp.erl"
Generating XML for application cloudi_service_udp "/home/pete/wefwefwef/docs/other/7842311372/cloudi_service_udp-tag-v1.3.2.2/cloudi_service_udp" -> "/home/pete/wefwefwef/docs/other/7842311372/repo/v1.3.2.2/.xml/cloudi_service_udp"
Generated cloudi_service_udp XMLs: ["/home/pete/wefwefwef/docs/other/7842311372/repo/v1.3.2.2/.xml/cloudi_service_udp/cloudi_service_udp.xml"]
Generating HTML - cloudi_service_udp "/home/pete/wefwefwef/docs/other/7842311372/repo/v1.3.2.2/.xml/cloudi_service_udp/cloudi_service_udp.xml"
Reading XML for "/home/pete/wefwefwef/docs/other/7842311372/repo/v1.3.2.2/.xml/cloudi_service_udp/cloudi_service_udp.xml"
Reading XML for "/home/pete/wefwefwef/docs/other/7842311372/repo/v1.3.2.2/.xml/specs_cloudi_service_udp.xml"
Creating index.html ...
Creating erldocs_index.js ...
Woot, finished in 0 Minutes 0 Seconds
 :: Discovering other repos
$ 5000  `rm -r '/home/pete/wefwefwef/docs/other/7842311372/cloudi_service_udp-tag-v1.3.2.2'  2>&1`
 :: Processing https://github.com/cloudi/cloudi_service_udp	{rev,tag,"v1.3.2.3","92a527590bab176bae519d5873dad582c6639867",undefined,[],[]}
 :: Fetching repo code
$ cd "/home/pete/wefwefwef/docs/other/7842311372/cloudi_service_udp-tag-v1.3.2.3/cloudi_service_udp"
$ infinity  `curl --fail --silent --show-error --location --output 'v1.3.2.3.zip' 'https://github.com/cloudi/cloudi_service_udp/archive/v1.3.2.3.zip'  2>&1`
$ cd "/home/pete/wefwefwef/docs/erldocs_other.git"
$ cd "/home/pete/wefwefwef/docs/other/7842311372/cloudi_service_udp-tag-v1.3.2.3/cloudi_service_udp"
$ 5000  `find -P . -type l -delete  2>&1`
$ cd "/home/pete/wefwefwef/docs/erldocs_other.git"
$ cd "/home/pete/wefwefwef/docs/other/7842311372/cloudi_service_udp-tag-v1.3.2.3/cloudi_service_udp"
$ 5000  `find 'cloudi_service_udp-1.3.2.3' -mindepth 1 -maxdepth 1 -exec mv -t . -- {} +  2>&1`
$ cd "/home/pete/wefwefwef/docs/erldocs_other.git"
 :: Getting dependencies
$ cd "/home/pete/wefwefwef/docs/other/7842311372/cloudi_service_udp-tag-v1.3.2.3/cloudi_service_udp"
$ infinity  `rebar --config '/home/pete/wefwefwef/docs/other/7842311372/cloudi_service_udp-tag-v1.3.2.3/rebar_deps' get-deps  2>&1`
$ cd "/home/pete/wefwefwef/docs/erldocs_other.git"
$ cd "/home/pete/wefwefwef/docs/other/7842311372/cloudi_service_udp-tag-v1.3.2.3/cloudi_service_udp"
$ 5000  `find -P . -type l -delete  2>&1`
$ cd "/home/pete/wefwefwef/docs/erldocs_other.git"
$ cd "/home/pete/wefwefwef/docs/other/7842311372/cloudi_service_udp-tag-v1.3.2.3/cloudi_service_udp"
$ 5000  `ls -1 deps/  2>&1`
$ cd "/home/pete/wefwefwef/docs/erldocs_other.git"
>>> [rebar] deps = ["cloudi_core","cpg","dynamic_compile","erlang_term",
                    "erlcloud","jsx","key2value","keys1value","lhttpc","meck",
                    "nodefinder","pqueue","quickrand","reltool_util","syslog",
                    "trie","uuid"]
 :: Generating erldocs into /home/pete/wefwefwef/docs/other/7842311372/repo/v1.3.2.3
Building cloudi_service_udp
Generating Type Specs - "/home/pete/wefwefwef/docs/other/7842311372/cloudi_service_udp-tag-v1.3.2.3/cloudi_service_udp/src/cloudi_service_udp.erl"
Generating XML for application cloudi_service_udp "/home/pete/wefwefwef/docs/other/7842311372/cloudi_service_udp-tag-v1.3.2.3/cloudi_service_udp" -> "/home/pete/wefwefwef/docs/other/7842311372/repo/v1.3.2.3/.xml/cloudi_service_udp"
Generated cloudi_service_udp XMLs: ["/home/pete/wefwefwef/docs/other/7842311372/repo/v1.3.2.3/.xml/cloudi_service_udp/cloudi_service_udp.xml"]
Generating HTML - cloudi_service_udp "/home/pete/wefwefwef/docs/other/7842311372/repo/v1.3.2.3/.xml/cloudi_service_udp/cloudi_service_udp.xml"
Reading XML for "/home/pete/wefwefwef/docs/other/7842311372/repo/v1.3.2.3/.xml/cloudi_service_udp/cloudi_service_udp.xml"
Reading XML for "/home/pete/wefwefwef/docs/other/7842311372/repo/v1.3.2.3/.xml/specs_cloudi_service_udp.xml"
Creating index.html ...
Creating erldocs_index.js ...
Woot, finished in 0 Minutes 0 Seconds
 :: Discovering other repos
$ 5000  `rm -r '/home/pete/wefwefwef/docs/other/7842311372/cloudi_service_udp-tag-v1.3.2.3'  2>&1`
 :: Processing https://github.com/cloudi/cloudi_service_udp	{rev,tag,"v1.3.3","8d37c168ea3be3188ebea366bea0ddd3e87e1f6c",undefined,[],[]}
 :: Fetching repo code
$ cd "/home/pete/wefwefwef/docs/other/7842311372/cloudi_service_udp-tag-v1.3.3/cloudi_service_udp"
$ infinity  `curl --fail --silent --show-error --location --output 'v1.3.3.zip' 'https://github.com/cloudi/cloudi_service_udp/archive/v1.3.3.zip'  2>&1`
$ cd "/home/pete/wefwefwef/docs/erldocs_other.git"
$ cd "/home/pete/wefwefwef/docs/other/7842311372/cloudi_service_udp-tag-v1.3.3/cloudi_service_udp"
$ 5000  `find -P . -type l -delete  2>&1`
$ cd "/home/pete/wefwefwef/docs/erldocs_other.git"
$ cd "/home/pete/wefwefwef/docs/other/7842311372/cloudi_service_udp-tag-v1.3.3/cloudi_service_udp"
$ 5000  `find 'cloudi_service_udp-1.3.3' -mindepth 1 -maxdepth 1 -exec mv -t . -- {} +  2>&1`
$ cd "/home/pete/wefwefwef/docs/erldocs_other.git"
 :: Getting dependencies
$ cd "/home/pete/wefwefwef/docs/other/7842311372/cloudi_service_udp-tag-v1.3.3/cloudi_service_udp"
$ infinity  `rebar --config '/home/pete/wefwefwef/docs/other/7842311372/cloudi_service_udp-tag-v1.3.3/rebar_deps' get-deps  2>&1`
$ cd "/home/pete/wefwefwef/docs/erldocs_other.git"
$ cd "/home/pete/wefwefwef/docs/other/7842311372/cloudi_service_udp-tag-v1.3.3/cloudi_service_udp"
$ 5000  `find -P . -type l -delete  2>&1`
$ cd "/home/pete/wefwefwef/docs/erldocs_other.git"
$ cd "/home/pete/wefwefwef/docs/other/7842311372/cloudi_service_udp-tag-v1.3.3/cloudi_service_udp"
$ 5000  `ls -1 deps/  2>&1`
$ cd "/home/pete/wefwefwef/docs/erldocs_other.git"
>>> [rebar] deps = ["cloudi_core","cpg","dynamic_compile","erlang_term",
                    "erlcloud","jsx","key2value","keys1value","lhttpc","meck",
                    "nodefinder","pqueue","quickrand","reltool_util","syslog",
                    "trie","uuid"]
 :: Generating erldocs into /home/pete/wefwefwef/docs/other/7842311372/repo/v1.3.3
Building cloudi_service_udp
Generating Type Specs - "/home/pete/wefwefwef/docs/other/7842311372/cloudi_service_udp-tag-v1.3.3/cloudi_service_udp/src/cloudi_service_udp.erl"
Generating XML for application cloudi_service_udp "/home/pete/wefwefwef/docs/other/7842311372/cloudi_service_udp-tag-v1.3.3/cloudi_service_udp" -> "/home/pete/wefwefwef/docs/other/7842311372/repo/v1.3.3/.xml/cloudi_service_udp"
Generated cloudi_service_udp XMLs: ["/home/pete/wefwefwef/docs/other/7842311372/repo/v1.3.3/.xml/cloudi_service_udp/cloudi_service_udp.xml"]
Generating HTML - cloudi_service_udp "/home/pete/wefwefwef/docs/other/7842311372/repo/v1.3.3/.xml/cloudi_service_udp/cloudi_service_udp.xml"
Reading XML for "/home/pete/wefwefwef/docs/other/7842311372/repo/v1.3.3/.xml/cloudi_service_udp/cloudi_service_udp.xml"
Reading XML for "/home/pete/wefwefwef/docs/other/7842311372/repo/v1.3.3/.xml/specs_cloudi_service_udp.xml"
Creating index.html ...
Creating erldocs_index.js ...
Woot, finished in 0 Minutes 0 Seconds
 :: Discovering other repos
$ 5000  `rm -r '/home/pete/wefwefwef/docs/other/7842311372/cloudi_service_udp-tag-v1.3.3'  2>&1`
 :: Processing https://github.com/cloudi/cloudi_service_udp	{rev,tag,"v1.3.3.2","451135ae6d9fb3f71c642ddb65fcfbf631a1143e",undefined,[],[]}
 :: Fetching repo code
$ cd "/home/pete/wefwefwef/docs/other/7842311372/cloudi_service_udp-tag-v1.3.3.2/cloudi_service_udp"
$ infinity  `curl --fail --silent --show-error --location --output 'v1.3.3.2.zip' 'https://github.com/cloudi/cloudi_service_udp/archive/v1.3.3.2.zip'  2>&1`
$ cd "/home/pete/wefwefwef/docs/erldocs_other.git"
$ cd "/home/pete/wefwefwef/docs/other/7842311372/cloudi_service_udp-tag-v1.3.3.2/cloudi_service_udp"
$ 5000  `find -P . -type l -delete  2>&1`
$ cd "/home/pete/wefwefwef/docs/erldocs_other.git"
$ cd "/home/pete/wefwefwef/docs/other/7842311372/cloudi_service_udp-tag-v1.3.3.2/cloudi_service_udp"
$ 5000  `find 'cloudi_service_udp-1.3.3.2' -mindepth 1 -maxdepth 1 -exec mv -t . -- {} +  2>&1`
$ cd "/home/pete/wefwefwef/docs/erldocs_other.git"
 :: Getting dependencies
$ cd "/home/pete/wefwefwef/docs/other/7842311372/cloudi_service_udp-tag-v1.3.3.2/cloudi_service_udp"
$ infinity  `rebar --config '/home/pete/wefwefwef/docs/other/7842311372/cloudi_service_udp-tag-v1.3.3.2/rebar_deps' get-deps  2>&1`
$ cd "/home/pete/wefwefwef/docs/erldocs_other.git"
$ cd "/home/pete/wefwefwef/docs/other/7842311372/cloudi_service_udp-tag-v1.3.3.2/cloudi_service_udp"
$ 5000  `find -P . -type l -delete  2>&1`
$ cd "/home/pete/wefwefwef/docs/erldocs_other.git"
$ cd "/home/pete/wefwefwef/docs/other/7842311372/cloudi_service_udp-tag-v1.3.3.2/cloudi_service_udp"
$ 5000  `ls -1 deps/  2>&1`
$ cd "/home/pete/wefwefwef/docs/erldocs_other.git"
>>> [rebar] deps = ["cloudi_core","cpg","dynamic_compile","erlang_term",
                    "erlcloud","jsx","key2value","keys1value","lhttpc","meck",
                    "nodefinder","pqueue","quickrand","reltool_util","syslog",
                    "trie","uuid"]
 :: Generating erldocs into /home/pete/wefwefwef/docs/other/7842311372/repo/v1.3.3.2
Building cloudi_service_udp
Generating Type Specs - "/home/pete/wefwefwef/docs/other/7842311372/cloudi_service_udp-tag-v1.3.3.2/cloudi_service_udp/src/cloudi_service_udp.erl"
Generating XML for application cloudi_service_udp "/home/pete/wefwefwef/docs/other/7842311372/cloudi_service_udp-tag-v1.3.3.2/cloudi_service_udp" -> "/home/pete/wefwefwef/docs/other/7842311372/repo/v1.3.3.2/.xml/cloudi_service_udp"
Generated cloudi_service_udp XMLs: ["/home/pete/wefwefwef/docs/other/7842311372/repo/v1.3.3.2/.xml/cloudi_service_udp/cloudi_service_udp.xml"]
Generating HTML - cloudi_service_udp "/home/pete/wefwefwef/docs/other/7842311372/repo/v1.3.3.2/.xml/cloudi_service_udp/cloudi_service_udp.xml"
Reading XML for "/home/pete/wefwefwef/docs/other/7842311372/repo/v1.3.3.2/.xml/cloudi_service_udp/cloudi_service_udp.xml"
Reading XML for "/home/pete/wefwefwef/docs/other/7842311372/repo/v1.3.3.2/.xml/specs_cloudi_service_udp.xml"
Creating index.html ...
Creating erldocs_index.js ...
Woot, finished in 0 Minutes 0 Seconds
 :: Discovering other repos
$ 5000  `rm -r '/home/pete/wefwefwef/docs/other/7842311372/cloudi_service_udp-tag-v1.3.3.2'  2>&1`
 :: Processing https://github.com/cloudi/cloudi_service_udp	{rev,tag,"v1.4.0","b3fe66086bf174c96d066528d0a99aba730c735b",undefined,[],[]}
 :: Fetching repo code
$ cd "/home/pete/wefwefwef/docs/other/7842311372/cloudi_service_udp-tag-v1.4.0/cloudi_service_udp"
$ infinity  `curl --fail --silent --show-error --location --output 'v1.4.0.zip' 'https://github.com/cloudi/cloudi_service_udp/archive/v1.4.0.zip'  2>&1`
$ cd "/home/pete/wefwefwef/docs/erldocs_other.git"
$ cd "/home/pete/wefwefwef/docs/other/7842311372/cloudi_service_udp-tag-v1.4.0/cloudi_service_udp"
$ 5000  `find -P . -type l -delete  2>&1`
$ cd "/home/pete/wefwefwef/docs/erldocs_other.git"
$ cd "/home/pete/wefwefwef/docs/other/7842311372/cloudi_service_udp-tag-v1.4.0/cloudi_service_udp"
$ 5000  `find 'cloudi_service_udp-1.4.0' -mindepth 1 -maxdepth 1 -exec mv -t . -- {} +  2>&1`
$ cd "/home/pete/wefwefwef/docs/erldocs_other.git"
 :: Getting dependencies
$ cd "/home/pete/wefwefwef/docs/other/7842311372/cloudi_service_udp-tag-v1.4.0/cloudi_service_udp"
$ infinity  `rebar --config '/home/pete/wefwefwef/docs/other/7842311372/cloudi_service_udp-tag-v1.4.0/rebar_deps' get-deps  2>&1`
$ cd "/home/pete/wefwefwef/docs/erldocs_other.git"
$ cd "/home/pete/wefwefwef/docs/other/7842311372/cloudi_service_udp-tag-v1.4.0/cloudi_service_udp"
$ 5000  `find -P . -type l -delete  2>&1`
$ cd "/home/pete/wefwefwef/docs/erldocs_other.git"
$ cd "/home/pete/wefwefwef/docs/other/7842311372/cloudi_service_udp-tag-v1.4.0/cloudi_service_udp"
$ 5000  `ls -1 deps/  2>&1`
$ cd "/home/pete/wefwefwef/docs/erldocs_other.git"
>>> [rebar] deps = ["cloudi_core","cpg","dynamic_compile","erlang_term",
                    "erlcloud","jsx","key2value","keys1value","lhttpc","meck",
                    "nodefinder","pqueue","quickrand","reltool_util","syslog",
                    "trie","uuid"]
 :: Generating erldocs into /home/pete/wefwefwef/docs/other/7842311372/repo/v1.4.0
Building cloudi_service_udp
Generating Type Specs - "/home/pete/wefwefwef/docs/other/7842311372/cloudi_service_udp-tag-v1.4.0/cloudi_service_udp/src/cloudi_service_udp.erl"
Generating XML for application cloudi_service_udp "/home/pete/wefwefwef/docs/other/7842311372/cloudi_service_udp-tag-v1.4.0/cloudi_service_udp" -> "/home/pete/wefwefwef/docs/other/7842311372/repo/v1.4.0/.xml/cloudi_service_udp"
Generated cloudi_service_udp XMLs: ["/home/pete/wefwefwef/docs/other/7842311372/repo/v1.4.0/.xml/cloudi_service_udp/cloudi_service_udp.xml"]
Generating HTML - cloudi_service_udp "/home/pete/wefwefwef/docs/other/7842311372/repo/v1.4.0/.xml/cloudi_service_udp/cloudi_service_udp.xml"
Reading XML for "/home/pete/wefwefwef/docs/other/7842311372/repo/v1.4.0/.xml/cloudi_service_udp/cloudi_service_udp.xml"
Reading XML for "/home/pete/wefwefwef/docs/other/7842311372/repo/v1.4.0/.xml/specs_cloudi_service_udp.xml"
Creating index.html ...
Creating erldocs_index.js ...
Woot, finished in 0 Minutes 0 Seconds
 :: Discovering other repos
$ 5000  `rm -r '/home/pete/wefwefwef/docs/other/7842311372/cloudi_service_udp-tag-v1.4.0'  2>&1`
 :: Processing https://github.com/cloudi/cloudi_service_udp	{rev,tag,"v1.4.0-rc.4","bd2055ebb47443765e56254c5e4115c3f97db8d9",undefined,[],[]}
 :: Fetching repo code
$ cd "/home/pete/wefwefwef/docs/other/7842311372/cloudi_service_udp-tag-v1.4.0-rc.4/cloudi_service_udp"
$ infinity  `curl --fail --silent --show-error --location --output 'v1.4.0-rc.4.zip' 'https://github.com/cloudi/cloudi_service_udp/archive/v1.4.0-rc.4.zip'  2>&1`
$ cd "/home/pete/wefwefwef/docs/erldocs_other.git"
$ cd "/home/pete/wefwefwef/docs/other/7842311372/cloudi_service_udp-tag-v1.4.0-rc.4/cloudi_service_udp"
$ 5000  `find -P . -type l -delete  2>&1`
$ cd "/home/pete/wefwefwef/docs/erldocs_other.git"
$ cd "/home/pete/wefwefwef/docs/other/7842311372/cloudi_service_udp-tag-v1.4.0-rc.4/cloudi_service_udp"
$ 5000  `find 'cloudi_service_udp-1.4.0-rc.4' -mindepth 1 -maxdepth 1 -exec mv -t . -- {} +  2>&1`
$ cd "/home/pete/wefwefwef/docs/erldocs_other.git"
 :: Getting dependencies
$ cd "/home/pete/wefwefwef/docs/other/7842311372/cloudi_service_udp-tag-v1.4.0-rc.4/cloudi_service_udp"
$ infinity  `rebar --config '/home/pete/wefwefwef/docs/other/7842311372/cloudi_service_udp-tag-v1.4.0-rc.4/rebar_deps' get-deps  2>&1`
$ cd "/home/pete/wefwefwef/docs/erldocs_other.git"
$ cd "/home/pete/wefwefwef/docs/other/7842311372/cloudi_service_udp-tag-v1.4.0-rc.4/cloudi_service_udp"
$ 5000  `find -P . -type l -delete  2>&1`
$ cd "/home/pete/wefwefwef/docs/erldocs_other.git"
$ cd "/home/pete/wefwefwef/docs/other/7842311372/cloudi_service_udp-tag-v1.4.0-rc.4/cloudi_service_udp"
$ 5000  `ls -1 deps/  2>&1`
$ cd "/home/pete/wefwefwef/docs/erldocs_other.git"
>>> [rebar] deps = ["cloudi_core","cpg","dynamic_compile","erlang_term",
                    "erlcloud","jsx","key2value","keys1value","lhttpc","meck",
                    "nodefinder","pqueue","quickrand","reltool_util","syslog",
                    "trie","uuid"]
 :: Generating erldocs into /home/pete/wefwefwef/docs/other/7842311372/repo/v1.4.0-rc.4
Building cloudi_service_udp
Generating Type Specs - "/home/pete/wefwefwef/docs/other/7842311372/cloudi_service_udp-tag-v1.4.0-rc.4/cloudi_service_udp/src/cloudi_service_udp.erl"
Generating XML for application cloudi_service_udp "/home/pete/wefwefwef/docs/other/7842311372/cloudi_service_udp-tag-v1.4.0-rc.4/cloudi_service_udp" -> "/home/pete/wefwefwef/docs/other/7842311372/repo/v1.4.0-rc.4/.xml/cloudi_service_udp"
Generated cloudi_service_udp XMLs: ["/home/pete/wefwefwef/docs/other/7842311372/repo/v1.4.0-rc.4/.xml/cloudi_service_udp/cloudi_service_udp.xml"]
Generating HTML - cloudi_service_udp "/home/pete/wefwefwef/docs/other/7842311372/repo/v1.4.0-rc.4/.xml/cloudi_service_udp/cloudi_service_udp.xml"
Reading XML for "/home/pete/wefwefwef/docs/other/7842311372/repo/v1.4.0-rc.4/.xml/cloudi_service_udp/cloudi_service_udp.xml"
Reading XML for "/home/pete/wefwefwef/docs/other/7842311372/repo/v1.4.0-rc.4/.xml/specs_cloudi_service_udp.xml"
Creating index.html ...
Creating erldocs_index.js ...
Woot, finished in 0 Minutes 0 Seconds
 :: Discovering other repos
$ 5000  `rm -r '/home/pete/wefwefwef/docs/other/7842311372/cloudi_service_udp-tag-v1.4.0-rc.4'  2>&1`
 :: Processing https://github.com/cloudi/cloudi_service_udp	{rev,tag,"v1.5.0","8377a5ae4013be8076d21191a8fb444dee26ad2f",undefined,[],[]}
 :: Fetching repo code
$ cd "/home/pete/wefwefwef/docs/other/7842311372/cloudi_service_udp-tag-v1.5.0/cloudi_service_udp"
$ infinity  `curl --fail --silent --show-error --location --output 'v1.5.0.zip' 'https://github.com/cloudi/cloudi_service_udp/archive/v1.5.0.zip'  2>&1`
$ cd "/home/pete/wefwefwef/docs/erldocs_other.git"
$ cd "/home/pete/wefwefwef/docs/other/7842311372/cloudi_service_udp-tag-v1.5.0/cloudi_service_udp"
$ 5000  `find -P . -type l -delete  2>&1`
$ cd "/home/pete/wefwefwef/docs/erldocs_other.git"
$ cd "/home/pete/wefwefwef/docs/other/7842311372/cloudi_service_udp-tag-v1.5.0/cloudi_service_udp"
$ 5000  `find 'cloudi_service_udp-1.5.0' -mindepth 1 -maxdepth 1 -exec mv -t . -- {} +  2>&1`
$ cd "/home/pete/wefwefwef/docs/erldocs_other.git"
 :: Getting dependencies
$ cd "/home/pete/wefwefwef/docs/other/7842311372/cloudi_service_udp-tag-v1.5.0/cloudi_service_udp"
$ infinity  `rebar --config '/home/pete/wefwefwef/docs/other/7842311372/cloudi_service_udp-tag-v1.5.0/rebar_deps' get-deps  2>&1`
$ cd "/home/pete/wefwefwef/docs/erldocs_other.git"
$ cd "/home/pete/wefwefwef/docs/other/7842311372/cloudi_service_udp-tag-v1.5.0/cloudi_service_udp"
$ 5000  `find -P . -type l -delete  2>&1`
$ cd "/home/pete/wefwefwef/docs/erldocs_other.git"
$ cd "/home/pete/wefwefwef/docs/other/7842311372/cloudi_service_udp-tag-v1.5.0/cloudi_service_udp"
$ 5000  `ls -1 deps/  2>&1`
$ cd "/home/pete/wefwefwef/docs/erldocs_other.git"
>>> [rebar] deps = ["cloudi_core","cpg","dynamic_compile","erlang_term",
                    "erlcloud","jsx","key2value","keys1value","lhttpc","meck",
                    "nodefinder","pqueue","quickrand","reltool_util","syslog",
                    "trie","uuid"]
 :: Generating erldocs into /home/pete/wefwefwef/docs/other/7842311372/repo/v1.5.0
Building cloudi_service_udp
Generating Type Specs - "/home/pete/wefwefwef/docs/other/7842311372/cloudi_service_udp-tag-v1.5.0/cloudi_service_udp/src/cloudi_service_udp.erl"
Generating XML for application cloudi_service_udp "/home/pete/wefwefwef/docs/other/7842311372/cloudi_service_udp-tag-v1.5.0/cloudi_service_udp" -> "/home/pete/wefwefwef/docs/other/7842311372/repo/v1.5.0/.xml/cloudi_service_udp"
Generated cloudi_service_udp XMLs: ["/home/pete/wefwefwef/docs/other/7842311372/repo/v1.5.0/.xml/cloudi_service_udp/cloudi_service_udp.xml"]
Generating HTML - cloudi_service_udp "/home/pete/wefwefwef/docs/other/7842311372/repo/v1.5.0/.xml/cloudi_service_udp/cloudi_service_udp.xml"
Reading XML for "/home/pete/wefwefwef/docs/other/7842311372/repo/v1.5.0/.xml/cloudi_service_udp/cloudi_service_udp.xml"
Reading XML for "/home/pete/wefwefwef/docs/other/7842311372/repo/v1.5.0/.xml/specs_cloudi_service_udp.xml"
Creating index.html ...
Creating erldocs_index.js ...
Woot, finished in 0 Minutes 0 Seconds
 :: Discovering other repos
$ 5000  `rm -r '/home/pete/wefwefwef/docs/other/7842311372/cloudi_service_udp-tag-v1.5.0'  2>&1`
 :: Processing https://github.com/cloudi/cloudi_service_udp	{rev,branch,"master","8377a5ae4013be8076d21191a8fb444dee26ad2f",undefined,[],[]}
 :: Fetching repo code
$ cd "/home/pete/wefwefwef/docs/other/7842311372/cloudi_service_udp-branch-master/cloudi_service_udp"
$ infinity  `curl --fail --silent --show-error --location --output 'master.zip' 'https://github.com/cloudi/cloudi_service_udp/archive/master.zip'  2>&1`
$ cd "/home/pete/wefwefwef/docs/erldocs_other.git"
$ cd "/home/pete/wefwefwef/docs/other/7842311372/cloudi_service_udp-branch-master/cloudi_service_udp"
$ 5000  `find -P . -type l -delete  2>&1`
$ cd "/home/pete/wefwefwef/docs/erldocs_other.git"
$ cd "/home/pete/wefwefwef/docs/other/7842311372/cloudi_service_udp-branch-master/cloudi_service_udp"
$ 5000  `find 'cloudi_service_udp-master' -mindepth 1 -maxdepth 1 -exec mv -t . -- {} +  2>&1`
$ cd "/home/pete/wefwefwef/docs/erldocs_other.git"
 :: Getting dependencies
$ cd "/home/pete/wefwefwef/docs/other/7842311372/cloudi_service_udp-branch-master/cloudi_service_udp"
$ infinity  `rebar --config '/home/pete/wefwefwef/docs/other/7842311372/cloudi_service_udp-branch-master/rebar_deps' get-deps  2>&1`
$ cd "/home/pete/wefwefwef/docs/erldocs_other.git"
$ cd "/home/pete/wefwefwef/docs/other/7842311372/cloudi_service_udp-branch-master/cloudi_service_udp"
$ 5000  `find -P . -type l -delete  2>&1`
$ cd "/home/pete/wefwefwef/docs/erldocs_other.git"
$ cd "/home/pete/wefwefwef/docs/other/7842311372/cloudi_service_udp-branch-master/cloudi_service_udp"
$ 5000  `ls -1 deps/  2>&1`
$ cd "/home/pete/wefwefwef/docs/erldocs_other.git"
>>> [rebar] deps = ["cloudi_core","cpg","dynamic_compile","erlang_term",
                    "erlcloud","jsx","key2value","keys1value","lhttpc","meck",
                    "nodefinder","pqueue","quickrand","reltool_util","syslog",
                    "trie","uuid"]
 :: Generating erldocs into /home/pete/wefwefwef/docs/other/7842311372/repo/master
Building cloudi_service_udp
Generating Type Specs - "/home/pete/wefwefwef/docs/other/7842311372/cloudi_service_udp-branch-master/cloudi_service_udp/src/cloudi_service_udp.erl"
Generating XML for application cloudi_service_udp "/home/pete/wefwefwef/docs/other/7842311372/cloudi_service_udp-branch-master/cloudi_service_udp" -> "/home/pete/wefwefwef/docs/other/7842311372/repo/master/.xml/cloudi_service_udp"
Generated cloudi_service_udp XMLs: ["/home/pete/wefwefwef/docs/other/7842311372/repo/master/.xml/cloudi_service_udp/cloudi_service_udp.xml"]
Generating HTML - cloudi_service_udp "/home/pete/wefwefwef/docs/other/7842311372/repo/master/.xml/cloudi_service_udp/cloudi_service_udp.xml"
Reading XML for "/home/pete/wefwefwef/docs/other/7842311372/repo/master/.xml/cloudi_service_udp/cloudi_service_udp.xml"
Reading XML for "/home/pete/wefwefwef/docs/other/7842311372/repo/master/.xml/specs_cloudi_service_udp.xml"
Creating index.html ...
Creating erldocs_index.js ...
Woot, finished in 0 Minutes 0 Seconds
 :: Discovering other repos
$ 5000  `rm -r '/home/pete/wefwefwef/docs/other/7842311372/cloudi_service_udp-branch-master'  2>&1`
 :: Finishing up
$ 5000  `rm -r '/home/pete/wefwefwef/docs/other/7842311372/cloudi_service_udp'  2>&1`
