 :: Extracting meta information
$ 5000  `git ls-remote --heads --tags 'https://github.com/eproxus/lhttpc'  2>&1`
>>> [repo] 3 branches, 2 tags
 :: Writing meta to "/home/pete/wefwefwef/docs/other/803130804/meta.txt"
 :: Processing https://github.com/eproxus/lhttpc	{rev,tag,"1.2.6","dac633e35b82383e6722556243a64a5c56876b6e"}
 :: Fetching repo code
$ cd "/home/pete/wefwefwef/docs/other/803130804/lhttpc-tag-1.2.6/lhttpc"
$ infinity  `curl --fail --silent --show-error --location --output '1.2.6.zip' 'https://github.com/eproxus/lhttpc/archive/1.2.6.zip'  2>&1`
$ cd "/home/pete/wefwefwef/docs/erldocs_other.git"
$ cd "/home/pete/wefwefwef/docs/other/803130804/lhttpc-tag-1.2.6/lhttpc"
$ 5000  `find -P . -type l -delete  2>&1`
$ cd "/home/pete/wefwefwef/docs/erldocs_other.git"
$ cd "/home/pete/wefwefwef/docs/other/803130804/lhttpc-tag-1.2.6/lhttpc"
$ 5000  `find 'lhttpc-1.2.6' -mindepth 1 -maxdepth 1 -exec mv -t . -- {} +  2>&1`
$ cd "/home/pete/wefwefwef/docs/erldocs_other.git"
 :: Getting dependencies
$ cd "/home/pete/wefwefwef/docs/other/803130804/lhttpc-tag-1.2.6/lhttpc"
$ 5000  `ls -1 deps/  2>&1`
$ cd "/home/pete/wefwefwef/docs/erldocs_other.git"
>>> [rebar] deps = []
 :: Generating erldocs into /home/pete/wefwefwef/docs/other/803130804/repo/1.2.6
Building lhttpc
Generating Type Specs - "/home/pete/wefwefwef/docs/other/803130804/lhttpc-tag-1.2.6/lhttpc/src/lhttpc.erl"
Generating Type Specs - "/home/pete/wefwefwef/docs/other/803130804/lhttpc-tag-1.2.6/lhttpc/src/lhttpc_client.erl"
Generating Type Specs - "/home/pete/wefwefwef/docs/other/803130804/lhttpc-tag-1.2.6/lhttpc/src/lhttpc_lib.erl"
Generating Type Specs - "/home/pete/wefwefwef/docs/other/803130804/lhttpc-tag-1.2.6/lhttpc/src/lhttpc_manager.erl"
Generating Type Specs - "/home/pete/wefwefwef/docs/other/803130804/lhttpc-tag-1.2.6/lhttpc/src/lhttpc_sock.erl"
Generating Type Specs - "/home/pete/wefwefwef/docs/other/803130804/lhttpc-tag-1.2.6/lhttpc/src/lhttpc_sup.erl"
Generating XML for application lhttpc "/home/pete/wefwefwef/docs/other/803130804/lhttpc-tag-1.2.6/lhttpc" -> "/home/pete/wefwefwef/docs/other/803130804/repo/1.2.6/.xml/lhttpc"
/home/pete/wefwefwef/docs/other/803130804/lhttpc-tag-1.2.6/lhttpc/src/lhttpc_manager.erl, in module header: at line 35: warning: redefining built-in type 'boolean'.
/home/pete/wefwefwef/docs/other/803130804/lhttpc-tag-1.2.6/lhttpc/src/lhttpc.erl, in module header: at line 31: warning: redefining built-in type 'boolean'.
/home/pete/wefwefwef/docs/other/803130804/lhttpc-tag-1.2.6/lhttpc/src/lhttpc.erl, in module header: at line 32: warning: redefining built-in type 'iolist'.
/home/pete/wefwefwef/docs/other/803130804/lhttpc-tag-1.2.6/lhttpc/src/lhttpc_lib.erl, in module header: at line 32: warning: redefining built-in type 'boolean'.
/home/pete/wefwefwef/docs/other/803130804/lhttpc-tag-1.2.6/lhttpc/src/lhttpc_lib.erl, in module header: at line 33: warning: redefining built-in type 'iolist'.
/home/pete/wefwefwef/docs/other/803130804/lhttpc-tag-1.2.6/lhttpc/src/lhttpc_client.erl, in module header: at line 33: warning: redefining built-in type 'boolean'.
/home/pete/wefwefwef/docs/other/803130804/lhttpc-tag-1.2.6/lhttpc/src/lhttpc_client.erl, in module header: at line 34: warning: redefining built-in type 'iolist'.
/home/pete/wefwefwef/docs/other/803130804/lhttpc-tag-1.2.6/lhttpc/src/lhttpc_sock.erl, in module header: at line 33: warning: redefining built-in type 'boolean'.
Generated lhttpc XMLs: ["/home/pete/wefwefwef/docs/other/803130804/repo/1.2.6/.xml/lhttpc/lhttpc_manager.xml",
                        "/home/pete/wefwefwef/docs/other/803130804/repo/1.2.6/.xml/lhttpc/lhttpc_sup.xml",
                        "/home/pete/wefwefwef/docs/other/803130804/repo/1.2.6/.xml/lhttpc/lhttpc.xml"]
Generating HTML - lhttpc "/home/pete/wefwefwef/docs/other/803130804/repo/1.2.6/.xml/lhttpc/lhttpc.xml"
Reading XML for "/home/pete/wefwefwef/docs/other/803130804/repo/1.2.6/.xml/lhttpc/lhttpc.xml"
Reading XML for "/home/pete/wefwefwef/docs/other/803130804/repo/1.2.6/.xml/specs_lhttpc.xml"
Generating HTML - lhttpc_sup "/home/pete/wefwefwef/docs/other/803130804/repo/1.2.6/.xml/lhttpc/lhttpc_sup.xml"
Reading XML for "/home/pete/wefwefwef/docs/other/803130804/repo/1.2.6/.xml/lhttpc/lhttpc_sup.xml"
Reading XML for "/home/pete/wefwefwef/docs/other/803130804/repo/1.2.6/.xml/specs_lhttpc_sup.xml"
Generating HTML - lhttpc_manager "/home/pete/wefwefwef/docs/other/803130804/repo/1.2.6/.xml/lhttpc/lhttpc_manager.xml"
Reading XML for "/home/pete/wefwefwef/docs/other/803130804/repo/1.2.6/.xml/lhttpc/lhttpc_manager.xml"
Reading XML for "/home/pete/wefwefwef/docs/other/803130804/repo/1.2.6/.xml/specs_lhttpc_manager.xml"
Creating index.html ...
Creating erldocs_index.js ...
Woot, finished in 0 Minutes 1 Seconds
 :: Discovering other repos
$ 5000  `rm -r '/home/pete/wefwefwef/docs/other/803130804/lhttpc-tag-1.2.6'  2>&1`
 :: Processing https://github.com/eproxus/lhttpc	{rev,tag,"1.3.0","418280750b12533973b94a5a524caeefaf20f10f"}
 :: Fetching repo code
$ cd "/home/pete/wefwefwef/docs/other/803130804/lhttpc-tag-1.3.0/lhttpc"
$ infinity  `curl --fail --silent --show-error --location --output '1.3.0.zip' 'https://github.com/eproxus/lhttpc/archive/1.3.0.zip'  2>&1`
$ cd "/home/pete/wefwefwef/docs/erldocs_other.git"
$ cd "/home/pete/wefwefwef/docs/other/803130804/lhttpc-tag-1.3.0/lhttpc"
$ 5000  `find -P . -type l -delete  2>&1`
$ cd "/home/pete/wefwefwef/docs/erldocs_other.git"
$ cd "/home/pete/wefwefwef/docs/other/803130804/lhttpc-tag-1.3.0/lhttpc"
$ 5000  `find 'lhttpc-1.3.0' -mindepth 1 -maxdepth 1 -exec mv -t . -- {} +  2>&1`
$ cd "/home/pete/wefwefwef/docs/erldocs_other.git"
 :: Getting dependencies
$ cd "/home/pete/wefwefwef/docs/other/803130804/lhttpc-tag-1.3.0/lhttpc"
$ 5000  `ls -1 deps/  2>&1`
$ cd "/home/pete/wefwefwef/docs/erldocs_other.git"
>>> [rebar] deps = []
 :: Generating erldocs into /home/pete/wefwefwef/docs/other/803130804/repo/1.3.0
Building lhttpc
Generating Type Specs - "/home/pete/wefwefwef/docs/other/803130804/lhttpc-tag-1.3.0/lhttpc/src/lhttpc.erl"
Generating Type Specs - "/home/pete/wefwefwef/docs/other/803130804/lhttpc-tag-1.3.0/lhttpc/src/lhttpc_client.erl"
Generating Type Specs - "/home/pete/wefwefwef/docs/other/803130804/lhttpc-tag-1.3.0/lhttpc/src/lhttpc_lib.erl"
Generating Type Specs - "/home/pete/wefwefwef/docs/other/803130804/lhttpc-tag-1.3.0/lhttpc/src/lhttpc_manager.erl"
Generating Type Specs - "/home/pete/wefwefwef/docs/other/803130804/lhttpc-tag-1.3.0/lhttpc/src/lhttpc_sock.erl"
Generating Type Specs - "/home/pete/wefwefwef/docs/other/803130804/lhttpc-tag-1.3.0/lhttpc/src/lhttpc_sup.erl"
Generating XML for application lhttpc "/home/pete/wefwefwef/docs/other/803130804/lhttpc-tag-1.3.0/lhttpc" -> "/home/pete/wefwefwef/docs/other/803130804/repo/1.3.0/.xml/lhttpc"
Generated lhttpc XMLs: ["/home/pete/wefwefwef/docs/other/803130804/repo/1.3.0/.xml/lhttpc/lhttpc_manager.xml",
                        "/home/pete/wefwefwef/docs/other/803130804/repo/1.3.0/.xml/lhttpc/lhttpc_sup.xml",
                        "/home/pete/wefwefwef/docs/other/803130804/repo/1.3.0/.xml/lhttpc/lhttpc.xml"]
Generating HTML - lhttpc "/home/pete/wefwefwef/docs/other/803130804/repo/1.3.0/.xml/lhttpc/lhttpc.xml"
Reading XML for "/home/pete/wefwefwef/docs/other/803130804/repo/1.3.0/.xml/lhttpc/lhttpc.xml"
Reading XML for "/home/pete/wefwefwef/docs/other/803130804/repo/1.3.0/.xml/specs_lhttpc.xml"
Generating HTML - lhttpc_sup "/home/pete/wefwefwef/docs/other/803130804/repo/1.3.0/.xml/lhttpc/lhttpc_sup.xml"
Reading XML for "/home/pete/wefwefwef/docs/other/803130804/repo/1.3.0/.xml/lhttpc/lhttpc_sup.xml"
Reading XML for "/home/pete/wefwefwef/docs/other/803130804/repo/1.3.0/.xml/specs_lhttpc_sup.xml"
Generating HTML - lhttpc_manager "/home/pete/wefwefwef/docs/other/803130804/repo/1.3.0/.xml/lhttpc/lhttpc_manager.xml"
Reading XML for "/home/pete/wefwefwef/docs/other/803130804/repo/1.3.0/.xml/lhttpc/lhttpc_manager.xml"
Reading XML for "/home/pete/wefwefwef/docs/other/803130804/repo/1.3.0/.xml/specs_lhttpc_manager.xml"
Creating index.html ...
Creating erldocs_index.js ...
Woot, finished in 0 Minutes 1 Seconds
 :: Discovering other repos
$ 5000  `rm -r '/home/pete/wefwefwef/docs/other/803130804/lhttpc-tag-1.3.0'  2>&1`
 :: Processing https://github.com/eproxus/lhttpc	{rev,branch,"hint-encoding","72d71a68f2fc0b8d1cd19ec6c61c503fbf881529"}
 :: Fetching repo code
$ cd "/home/pete/wefwefwef/docs/other/803130804/lhttpc-branch-hint-encoding/lhttpc"
$ infinity  `curl --fail --silent --show-error --location --output 'hint-encoding.zip' 'https://github.com/eproxus/lhttpc/archive/hint-encoding.zip'  2>&1`
$ cd "/home/pete/wefwefwef/docs/erldocs_other.git"
$ cd "/home/pete/wefwefwef/docs/other/803130804/lhttpc-branch-hint-encoding/lhttpc"
$ 5000  `find -P . -type l -delete  2>&1`
$ cd "/home/pete/wefwefwef/docs/erldocs_other.git"
$ cd "/home/pete/wefwefwef/docs/other/803130804/lhttpc-branch-hint-encoding/lhttpc"
$ 5000  `find 'lhttpc-hint-encoding' -mindepth 1 -maxdepth 1 -exec mv -t . -- {} +  2>&1`
$ cd "/home/pete/wefwefwef/docs/erldocs_other.git"
 :: Getting dependencies
$ cd "/home/pete/wefwefwef/docs/other/803130804/lhttpc-branch-hint-encoding/lhttpc"
$ 5000  `ls -1 deps/  2>&1`
$ cd "/home/pete/wefwefwef/docs/erldocs_other.git"
>>> [rebar] deps = []
 :: Generating erldocs into /home/pete/wefwefwef/docs/other/803130804/repo/hint-encoding
Building lhttpc
Generating Type Specs - "/home/pete/wefwefwef/docs/other/803130804/lhttpc-branch-hint-encoding/lhttpc/src/lhttpc.erl"
Generating Type Specs - "/home/pete/wefwefwef/docs/other/803130804/lhttpc-branch-hint-encoding/lhttpc/src/lhttpc_client.erl"
Generating Type Specs - "/home/pete/wefwefwef/docs/other/803130804/lhttpc-branch-hint-encoding/lhttpc/src/lhttpc_lib.erl"
Generating Type Specs - "/home/pete/wefwefwef/docs/other/803130804/lhttpc-branch-hint-encoding/lhttpc/src/lhttpc_manager.erl"
Generating Type Specs - "/home/pete/wefwefwef/docs/other/803130804/lhttpc-branch-hint-encoding/lhttpc/src/lhttpc_sock.erl"
Generating Type Specs - "/home/pete/wefwefwef/docs/other/803130804/lhttpc-branch-hint-encoding/lhttpc/src/lhttpc_sup.erl"
Generating XML for application lhttpc "/home/pete/wefwefwef/docs/other/803130804/lhttpc-branch-hint-encoding/lhttpc" -> "/home/pete/wefwefwef/docs/other/803130804/repo/hint-encoding/.xml/lhttpc"
Generated lhttpc XMLs: ["/home/pete/wefwefwef/docs/other/803130804/repo/hint-encoding/.xml/lhttpc/lhttpc_manager.xml",
                        "/home/pete/wefwefwef/docs/other/803130804/repo/hint-encoding/.xml/lhttpc/lhttpc_sup.xml",
                        "/home/pete/wefwefwef/docs/other/803130804/repo/hint-encoding/.xml/lhttpc/lhttpc.xml"]
Generating HTML - lhttpc "/home/pete/wefwefwef/docs/other/803130804/repo/hint-encoding/.xml/lhttpc/lhttpc.xml"
Reading XML for "/home/pete/wefwefwef/docs/other/803130804/repo/hint-encoding/.xml/lhttpc/lhttpc.xml"
Reading XML for "/home/pete/wefwefwef/docs/other/803130804/repo/hint-encoding/.xml/specs_lhttpc.xml"
Generating HTML - lhttpc_sup "/home/pete/wefwefwef/docs/other/803130804/repo/hint-encoding/.xml/lhttpc/lhttpc_sup.xml"
Reading XML for "/home/pete/wefwefwef/docs/other/803130804/repo/hint-encoding/.xml/lhttpc/lhttpc_sup.xml"
Reading XML for "/home/pete/wefwefwef/docs/other/803130804/repo/hint-encoding/.xml/specs_lhttpc_sup.xml"
Generating HTML - lhttpc_manager "/home/pete/wefwefwef/docs/other/803130804/repo/hint-encoding/.xml/lhttpc/lhttpc_manager.xml"
Reading XML for "/home/pete/wefwefwef/docs/other/803130804/repo/hint-encoding/.xml/lhttpc/lhttpc_manager.xml"
Reading XML for "/home/pete/wefwefwef/docs/other/803130804/repo/hint-encoding/.xml/specs_lhttpc_manager.xml"
Creating index.html ...
Creating erldocs_index.js ...
Woot, finished in 0 Minutes 1 Seconds
 :: Discovering other repos
$ 5000  `rm -r '/home/pete/wefwefwef/docs/other/803130804/lhttpc-branch-hint-encoding'  2>&1`
 :: Processing https://github.com/eproxus/lhttpc	{rev,branch,"master","5e459ec93f916ca7e5f2e1d4b14a20fbb0c49402"}
 :: Fetching repo code
$ cd "/home/pete/wefwefwef/docs/other/803130804/lhttpc-branch-master/lhttpc"
$ infinity  `curl --fail --silent --show-error --location --output 'master.zip' 'https://github.com/eproxus/lhttpc/archive/master.zip'  2>&1`
$ cd "/home/pete/wefwefwef/docs/erldocs_other.git"
$ cd "/home/pete/wefwefwef/docs/other/803130804/lhttpc-branch-master/lhttpc"
$ 5000  `find -P . -type l -delete  2>&1`
$ cd "/home/pete/wefwefwef/docs/erldocs_other.git"
$ cd "/home/pete/wefwefwef/docs/other/803130804/lhttpc-branch-master/lhttpc"
$ 5000  `find 'lhttpc-master' -mindepth 1 -maxdepth 1 -exec mv -t . -- {} +  2>&1`
$ cd "/home/pete/wefwefwef/docs/erldocs_other.git"
 :: Getting dependencies
$ cd "/home/pete/wefwefwef/docs/other/803130804/lhttpc-branch-master/lhttpc"
$ 5000  `ls -1 deps/  2>&1`
$ cd "/home/pete/wefwefwef/docs/erldocs_other.git"
>>> [rebar] deps = []
 :: Generating erldocs into /home/pete/wefwefwef/docs/other/803130804/repo/master
Building lhttpc
Generating Type Specs - "/home/pete/wefwefwef/docs/other/803130804/lhttpc-branch-master/lhttpc/src/lhttpc.erl"
Generating Type Specs - "/home/pete/wefwefwef/docs/other/803130804/lhttpc-branch-master/lhttpc/src/lhttpc_client.erl"
Generating Type Specs - "/home/pete/wefwefwef/docs/other/803130804/lhttpc-branch-master/lhttpc/src/lhttpc_lib.erl"
Generating Type Specs - "/home/pete/wefwefwef/docs/other/803130804/lhttpc-branch-master/lhttpc/src/lhttpc_manager.erl"
Generating Type Specs - "/home/pete/wefwefwef/docs/other/803130804/lhttpc-branch-master/lhttpc/src/lhttpc_sock.erl"
Generating Type Specs - "/home/pete/wefwefwef/docs/other/803130804/lhttpc-branch-master/lhttpc/src/lhttpc_sup.erl"
Generating XML for application lhttpc "/home/pete/wefwefwef/docs/other/803130804/lhttpc-branch-master/lhttpc" -> "/home/pete/wefwefwef/docs/other/803130804/repo/master/.xml/lhttpc"
Generated lhttpc XMLs: ["/home/pete/wefwefwef/docs/other/803130804/repo/master/.xml/lhttpc/lhttpc_manager.xml",
                        "/home/pete/wefwefwef/docs/other/803130804/repo/master/.xml/lhttpc/lhttpc_sup.xml",
                        "/home/pete/wefwefwef/docs/other/803130804/repo/master/.xml/lhttpc/lhttpc.xml"]
Generating HTML - lhttpc "/home/pete/wefwefwef/docs/other/803130804/repo/master/.xml/lhttpc/lhttpc.xml"
Reading XML for "/home/pete/wefwefwef/docs/other/803130804/repo/master/.xml/lhttpc/lhttpc.xml"
Reading XML for "/home/pete/wefwefwef/docs/other/803130804/repo/master/.xml/specs_lhttpc.xml"
Generating HTML - lhttpc_sup "/home/pete/wefwefwef/docs/other/803130804/repo/master/.xml/lhttpc/lhttpc_sup.xml"
Reading XML for "/home/pete/wefwefwef/docs/other/803130804/repo/master/.xml/lhttpc/lhttpc_sup.xml"
Reading XML for "/home/pete/wefwefwef/docs/other/803130804/repo/master/.xml/specs_lhttpc_sup.xml"
Generating HTML - lhttpc_manager "/home/pete/wefwefwef/docs/other/803130804/repo/master/.xml/lhttpc/lhttpc_manager.xml"
Reading XML for "/home/pete/wefwefwef/docs/other/803130804/repo/master/.xml/lhttpc/lhttpc_manager.xml"
Reading XML for "/home/pete/wefwefwef/docs/other/803130804/repo/master/.xml/specs_lhttpc_manager.xml"
Creating index.html ...
Creating erldocs_index.js ...
Woot, finished in 0 Minutes 1 Seconds
 :: Discovering other repos
$ 5000  `rm -r '/home/pete/wefwefwef/docs/other/803130804/lhttpc-branch-master'  2>&1`
 :: Processing https://github.com/eproxus/lhttpc	{rev,branch,"travis-ci","68877aa0013c25de06e8acd251fee85989e048a4"}
 :: Fetching repo code
$ cd "/home/pete/wefwefwef/docs/other/803130804/lhttpc-branch-travis-ci/lhttpc"
$ infinity  `curl --fail --silent --show-error --location --output 'travis-ci.zip' 'https://github.com/eproxus/lhttpc/archive/travis-ci.zip'  2>&1`
$ cd "/home/pete/wefwefwef/docs/erldocs_other.git"
$ cd "/home/pete/wefwefwef/docs/other/803130804/lhttpc-branch-travis-ci/lhttpc"
$ 5000  `find -P . -type l -delete  2>&1`
$ cd "/home/pete/wefwefwef/docs/erldocs_other.git"
$ cd "/home/pete/wefwefwef/docs/other/803130804/lhttpc-branch-travis-ci/lhttpc"
$ 5000  `find 'lhttpc-travis-ci' -mindepth 1 -maxdepth 1 -exec mv -t . -- {} +  2>&1`
$ cd "/home/pete/wefwefwef/docs/erldocs_other.git"
 :: Getting dependencies
$ cd "/home/pete/wefwefwef/docs/other/803130804/lhttpc-branch-travis-ci/lhttpc"
$ 5000  `ls -1 deps/  2>&1`
$ cd "/home/pete/wefwefwef/docs/erldocs_other.git"
>>> [rebar] deps = []
 :: Generating erldocs into /home/pete/wefwefwef/docs/other/803130804/repo/travis-ci
Building lhttpc
Generating Type Specs - "/home/pete/wefwefwef/docs/other/803130804/lhttpc-branch-travis-ci/lhttpc/src/lhttpc.erl"
Generating Type Specs - "/home/pete/wefwefwef/docs/other/803130804/lhttpc-branch-travis-ci/lhttpc/src/lhttpc_client.erl"
Generating Type Specs - "/home/pete/wefwefwef/docs/other/803130804/lhttpc-branch-travis-ci/lhttpc/src/lhttpc_lib.erl"
Generating Type Specs - "/home/pete/wefwefwef/docs/other/803130804/lhttpc-branch-travis-ci/lhttpc/src/lhttpc_manager.erl"
Generating Type Specs - "/home/pete/wefwefwef/docs/other/803130804/lhttpc-branch-travis-ci/lhttpc/src/lhttpc_sock.erl"
Generating Type Specs - "/home/pete/wefwefwef/docs/other/803130804/lhttpc-branch-travis-ci/lhttpc/src/lhttpc_sup.erl"
Generating XML for application lhttpc "/home/pete/wefwefwef/docs/other/803130804/lhttpc-branch-travis-ci/lhttpc" -> "/home/pete/wefwefwef/docs/other/803130804/repo/travis-ci/.xml/lhttpc"
Generated lhttpc XMLs: ["/home/pete/wefwefwef/docs/other/803130804/repo/travis-ci/.xml/lhttpc/lhttpc_manager.xml",
                        "/home/pete/wefwefwef/docs/other/803130804/repo/travis-ci/.xml/lhttpc/lhttpc_sup.xml",
                        "/home/pete/wefwefwef/docs/other/803130804/repo/travis-ci/.xml/lhttpc/lhttpc.xml"]
Generating HTML - lhttpc "/home/pete/wefwefwef/docs/other/803130804/repo/travis-ci/.xml/lhttpc/lhttpc.xml"
Reading XML for "/home/pete/wefwefwef/docs/other/803130804/repo/travis-ci/.xml/lhttpc/lhttpc.xml"
Reading XML for "/home/pete/wefwefwef/docs/other/803130804/repo/travis-ci/.xml/specs_lhttpc.xml"
Generating HTML - lhttpc_sup "/home/pete/wefwefwef/docs/other/803130804/repo/travis-ci/.xml/lhttpc/lhttpc_sup.xml"
Reading XML for "/home/pete/wefwefwef/docs/other/803130804/repo/travis-ci/.xml/lhttpc/lhttpc_sup.xml"
Reading XML for "/home/pete/wefwefwef/docs/other/803130804/repo/travis-ci/.xml/specs_lhttpc_sup.xml"
Generating HTML - lhttpc_manager "/home/pete/wefwefwef/docs/other/803130804/repo/travis-ci/.xml/lhttpc/lhttpc_manager.xml"
Reading XML for "/home/pete/wefwefwef/docs/other/803130804/repo/travis-ci/.xml/lhttpc/lhttpc_manager.xml"
Reading XML for "/home/pete/wefwefwef/docs/other/803130804/repo/travis-ci/.xml/specs_lhttpc_manager.xml"
Creating index.html ...
Creating erldocs_index.js ...
Woot, finished in 0 Minutes 1 Seconds
 :: Discovering other repos
$ 5000  `rm -r '/home/pete/wefwefwef/docs/other/803130804/lhttpc-branch-travis-ci'  2>&1`
 :: Erldocs finishing up
$ 5000  `rm -r '/home/pete/wefwefwef/docs/other/803130804/lhttpc'  2>&1`
