 :: Extracting meta information
$ 5000  `git ls-remote --heads --tags 'https://github.com/mapuo/intercom'  2>&1`
>>> [repo] 1 branches, 0 tags
 :: Writing meta to "/home/pete/wefwefwef/docs/other/6144733149/meta.txt"
 :: Processing https://github.com/mapuo/intercom	{rev,branch,"master","b4651ab818247b318e2e39cc9af716eb24205127"}
 :: Fetching repo code
$ cd "/home/pete/wefwefwef/docs/other/6144733149/intercom-branch-master/intercom"
$ infinity  `curl --fail --silent --show-error --location --output 'master.zip' 'https://github.com/mapuo/intercom/archive/master.zip'  2>&1`
$ cd "/home/pete/wefwefwef/docs/erldocs_other.git"
$ cd "/home/pete/wefwefwef/docs/other/6144733149/intercom-branch-master/intercom"
$ 5000  `find -P . -type l -delete  2>&1`
$ cd "/home/pete/wefwefwef/docs/erldocs_other.git"
$ cd "/home/pete/wefwefwef/docs/other/6144733149/intercom-branch-master/intercom"
$ 5000  `find 'intercom-master' -mindepth 1 -maxdepth 1 -exec mv -t . -- {} +  2>&1`
$ cd "/home/pete/wefwefwef/docs/erldocs_other.git"
 :: Getting dependencies
$ cd "/home/pete/wefwefwef/docs/other/6144733149/intercom-branch-master/intercom"
$ 5000  `ls -1 deps/  2>&1`
$ cd "/home/pete/wefwefwef/docs/erldocs_other.git"
>>> [rebar] deps = []
 :: Generating erldocs into /home/pete/wefwefwef/docs/other/6144733149/repo/master
Building intercom
Generating Type Specs - "/home/pete/wefwefwef/docs/other/6144733149/intercom-branch-master/intercom/apps/intercom/src/intercom_app.erl"
Generating Type Specs - "/home/pete/wefwefwef/docs/other/6144733149/intercom-branch-master/intercom/apps/intercom/src/intercom_callback.erl"
/home/pete/wefwefwef/docs/other/6144733149/intercom-branch-master/intercom/apps/intercom/src/intercom_callback.erl: at line 6: can't find include lib "elli/include/elli.hrl"
EDoc could not process file '/home/pete/wefwefwef/docs/other/6144733149/intercom-branch-master/intercom/apps/intercom/src/intercom_callback.erl'
Error generating type specs for "/home/pete/wefwefwef/docs/other/6144733149/intercom-branch-master/intercom/apps/intercom/src/intercom_callback.erl"
Generating Type Specs - "/home/pete/wefwefwef/docs/other/6144733149/intercom-branch-master/intercom/apps/intercom/src/intercom_sup.erl"
Generating XML for application intercom "/home/pete/wefwefwef/docs/other/6144733149/intercom-branch-master/intercom/apps/intercom" -> "/home/pete/wefwefwef/docs/other/6144733149/repo/master/.xml/intercom"
/home/pete/wefwefwef/docs/other/6144733149/intercom-branch-master/intercom/apps/intercom/src/intercom_callback.erl: at line 6: can't find include lib "elli/include/elli.hrl"
edoc: skipping source file '/home/pete/wefwefwef/docs/other/6144733149/intercom-branch-master/intercom/apps/intercom/src/intercom_callback.erl': {'EXIT',
                                                                                                                                            error}.
edoc: error in doclet 'edoc_doclet': {'EXIT',error}.
Error generating intercom XMLs. Using fallback ...
Generating XML intercom - intercom_app "/home/pete/wefwefwef/docs/other/6144733149/intercom-branch-master/intercom/apps/intercom/src/intercom_app.erl" -> "/home/pete/wefwefwef/docs/other/6144733149/repo/master/.xml/intercom/intercom_app.xml"
Generating XML intercom - intercom_callback "/home/pete/wefwefwef/docs/other/6144733149/intercom-branch-master/intercom/apps/intercom/src/intercom_callback.erl" -> "/home/pete/wefwefwef/docs/other/6144733149/repo/master/.xml/intercom/intercom_callback.xml"
/home/pete/wefwefwef/docs/other/6144733149/intercom-branch-master/intercom/apps/intercom/src/intercom_callback.erl: at line 6: can't find include lib "elli/include/elli.hrl"
Error generating XML ("/home/pete/wefwefwef/docs/other/6144733149/intercom-branch-master/intercom/apps/intercom/src/intercom_callback.erl"): {'EXIT',
                                                                                                                                              error}
Generating XML intercom - intercom_sup "/home/pete/wefwefwef/docs/other/6144733149/intercom-branch-master/intercom/apps/intercom/src/intercom_sup.erl" -> "/home/pete/wefwefwef/docs/other/6144733149/repo/master/.xml/intercom/intercom_sup.xml"
Generating HTML - intercom_app "/home/pete/wefwefwef/docs/other/6144733149/repo/master/.xml/intercom/intercom_app.xml"
Reading XML for "/home/pete/wefwefwef/docs/other/6144733149/repo/master/.xml/intercom/intercom_app.xml"
Reading XML for "/home/pete/wefwefwef/docs/other/6144733149/repo/master/.xml/specs_intercom_app.xml"
Generating HTML - intercom_sup "/home/pete/wefwefwef/docs/other/6144733149/repo/master/.xml/intercom/intercom_sup.xml"
Reading XML for "/home/pete/wefwefwef/docs/other/6144733149/repo/master/.xml/intercom/intercom_sup.xml"
Reading XML for "/home/pete/wefwefwef/docs/other/6144733149/repo/master/.xml/specs_intercom_sup.xml"
Building doorlock
Generating Type Specs - "/home/pete/wefwefwef/docs/other/6144733149/intercom-branch-master/intercom/apps/doorlock/src/doorlock.erl"
Generating Type Specs - "/home/pete/wefwefwef/docs/other/6144733149/intercom-branch-master/intercom/apps/doorlock/src/doorlock_app.erl"
Generating Type Specs - "/home/pete/wefwefwef/docs/other/6144733149/intercom-branch-master/intercom/apps/doorlock/src/doorlock_sup.erl"
Generating XML for application doorlock "/home/pete/wefwefwef/docs/other/6144733149/intercom-branch-master/intercom/apps/doorlock" -> "/home/pete/wefwefwef/docs/other/6144733149/repo/master/.xml/doorlock"
Generated doorlock XMLs: ["/home/pete/wefwefwef/docs/other/6144733149/repo/master/.xml/doorlock/doorlock_sup.xml",
                          "/home/pete/wefwefwef/docs/other/6144733149/repo/master/.xml/doorlock/doorlock.xml",
                          "/home/pete/wefwefwef/docs/other/6144733149/repo/master/.xml/doorlock/doorlock_app.xml"]
Generating HTML - doorlock_app "/home/pete/wefwefwef/docs/other/6144733149/repo/master/.xml/doorlock/doorlock_app.xml"
Reading XML for "/home/pete/wefwefwef/docs/other/6144733149/repo/master/.xml/doorlock/doorlock_app.xml"
Reading XML for "/home/pete/wefwefwef/docs/other/6144733149/repo/master/.xml/specs_doorlock_app.xml"
Generating HTML - doorlock "/home/pete/wefwefwef/docs/other/6144733149/repo/master/.xml/doorlock/doorlock.xml"
Reading XML for "/home/pete/wefwefwef/docs/other/6144733149/repo/master/.xml/doorlock/doorlock.xml"
Reading XML for "/home/pete/wefwefwef/docs/other/6144733149/repo/master/.xml/specs_doorlock.xml"
Generating HTML - doorlock_sup "/home/pete/wefwefwef/docs/other/6144733149/repo/master/.xml/doorlock/doorlock_sup.xml"
Reading XML for "/home/pete/wefwefwef/docs/other/6144733149/repo/master/.xml/doorlock/doorlock_sup.xml"
Reading XML for "/home/pete/wefwefwef/docs/other/6144733149/repo/master/.xml/specs_doorlock_sup.xml"
Building intercom
Generating XML for application intercom "/home/pete/wefwefwef/docs/other/6144733149/intercom-branch-master/intercom" -> "/home/pete/wefwefwef/docs/other/6144733149/repo/master/.xml/intercom"
/home/pete/wefwefwef/docs/other/6144733149/intercom-branch-master/intercom/apps/doorlock/test/doorlock_test.erl: at line 9: can't find include lib "etest/include/etest.hrl"
edoc: skipping source file '/home/pete/wefwefwef/docs/other/6144733149/intercom-branch-master/intercom/apps/doorlock/test/doorlock_test.erl': {'EXIT',
                                                                                                                                         error}.
/home/pete/wefwefwef/docs/other/6144733149/intercom-branch-master/intercom/apps/intercom/src/intercom_callback.erl: at line 6: can't find include lib "elli/include/elli.hrl"
edoc: skipping source file '/home/pete/wefwefwef/docs/other/6144733149/intercom-branch-master/intercom/apps/intercom/src/intercom_callback.erl': {'EXIT',
                                                                                                                                            error}.
/home/pete/wefwefwef/docs/other/6144733149/intercom-branch-master/intercom/apps/intercom/test/intercom_test.erl: at line 10: can't find include lib "etest/include/etest.hrl"
edoc: skipping source file '/home/pete/wefwefwef/docs/other/6144733149/intercom-branch-master/intercom/apps/intercom/test/intercom_test.erl': {'EXIT',
                                                                                                                                         error}.
edoc: error in doclet 'edoc_doclet': {'EXIT',error}.
Error generating intercom XMLs. Using fallback ...
Creating index.html ...
Creating erldocs_index.js ...
Woot, finished in 0 Minutes 0 Seconds
 :: Discovering other repos
$ 5000  `rm -r '/home/pete/wefwefwef/docs/other/6144733149/intercom-branch-master'  2>&1`
 :: Erldocs finishing up
$ 5000  `rm -r '/home/pete/wefwefwef/docs/other/6144733149/intercom'  2>&1`
