 :: Extracting meta information
$ infinity  `git ls-remote --heads --tags 'https://github.com/taddic/odda-the-game'  2>&1`
>>> [repo] 1 branches, 0 tags
WTF {ok,{{"HTTP/1.1",200,"OK"},
         [{"cache-control","max-age=300"},
          {"connection","keep-alive"},
          {"date","Sat, 10 Oct 2015 21:59:06 GMT"},
          {"via","1.1 varnish"},
          {"accept-ranges","bytes"},
          {"etag","\"5b1ae19631a360f9990309c898684c8f585f8148\""},
          {"vary","Authorization,Accept-Encoding"},
          {"content-length","389"},
          {"content-type","text/plain; charset=utf-8"},
          {"expires","Sat, 10 Oct 2015 22:04:06 GMT"},
          {"content-security-policy","default-src 'none'"},
          {"x-xss-protection","1; mode=block"},
          {"x-frame-options","deny"},
          {"x-content-type-options","nosniff"},
          {"strict-transport-security","max-age=31536000"},
          {"x-served-by","cache-fra1222-FRA"},
          {"x-cache","MISS"},
          {"x-cache-hits","0"},
          {"access-control-allow-origin","*"},
          {"source-age","0"}],
         "{name,\"odda-the-game\"}.\n{target_path,\"github.com/taddic/odda-the-game\"}.\n{url,\"https://github.com/taddic/odda-the-game\"}.\n{vsn_format,2}.\n{vsn_pass,100}.\n{time_begin,{{2015,9,22},{12,39,49}}}.\n{method,git}.\n{count_tags,0}.\n{count_branches,1}.\n{revisions,[{rev,branch,\"master\",\"999aac18e25af779992fccafe74f7d169de10519\",\n                 true,[],[]}]}.\n{time_end,{{2015,9,22},{12,39,52}}}.\n"}}
 :: Writing meta to "/home/pete/wefwefwef/docs/other/a8a2749d0f21c87c13da43a56863da6663e1d0ee/meta.txt"
 :: Processing https://github.com/taddic/odda-the-game	{rev,branch,"master","c25b018de34507de8d9610dc3d3aec4875b20dd6",undefined,[],[]}
 :: Fetching repo code
$ cd '/home/pete/wefwefwef/docs/other/a8a2749d0f21c87c13da43a56863da6663e1d0ee/odda-the-game-branch-master'
$ infinity  `curl --fail --silent --show-error --location --output repo.tar.gz 'https://codeload.github.com/taddic/odda-the-game/tar.gz/master'  2>&1`
$ cd '/home/pete/wefwefwef/docs/erldocs_other.git'
$ cd '/home/pete/wefwefwef/docs/other/a8a2749d0f21c87c13da43a56863da6663e1d0ee/odda-the-game-branch-master/ODDA-the-game-master'
$ 5000  `find -P . -type l -delete  2>&1`
$ cd '/home/pete/wefwefwef/docs/erldocs_other.git'
$ 5000  `mv '/home/pete/wefwefwef/docs/other/a8a2749d0f21c87c13da43a56863da6663e1d0ee/odda-the-game-branch-master/ODDA-the-game-master' '/home/pete/wefwefwef/docs/other/a8a2749d0f21c87c13da43a56863da6663e1d0ee/odda-the-game-branch-master/odda-the-game'  2>&1`
 :: Getting dependencies
$ cd '/home/pete/wefwefwef/docs/other/a8a2749d0f21c87c13da43a56863da6663e1d0ee/odda-the-game-branch-master/odda-the-game'
$ 5000  `ls -1 deps/  2>&1`
$ cd '/home/pete/wefwefwef/docs/erldocs_other.git'
>>> [rebar] deps = []
 :: Generating erldocs into /home/pete/wefwefwef/docs/other/a8a2749d0f21c87c13da43a56863da6663e1d0ee/repo/master
Building odda-the-game
Generating Type Specs - "/home/pete/wefwefwef/docs/other/a8a2749d0f21c87c13da43a56863da6663e1d0ee/odda-the-game-branch-master/odda-the-game/src/fight.erl"
Generating Type Specs - "/home/pete/wefwefwef/docs/other/a8a2749d0f21c87c13da43a56863da6663e1d0ee/odda-the-game-branch-master/odda-the-game/src/fsm_mob.erl"
Generating Type Specs - "/home/pete/wefwefwef/docs/other/a8a2749d0f21c87c13da43a56863da6663e1d0ee/odda-the-game-branch-master/odda-the-game/src/odda_the_game.erl"
Generating Type Specs - "/home/pete/wefwefwef/docs/other/a8a2749d0f21c87c13da43a56863da6663e1d0ee/odda-the-game-branch-master/odda-the-game/src/odda_the_game_app.erl"
Generating Type Specs - "/home/pete/wefwefwef/docs/other/a8a2749d0f21c87c13da43a56863da6663e1d0ee/odda-the-game-branch-master/odda-the-game/src/odda_the_game_sup.erl"
Generating Type Specs - "/home/pete/wefwefwef/docs/other/a8a2749d0f21c87c13da43a56863da6663e1d0ee/odda-the-game-branch-master/odda-the-game/src/player.erl"
Generating Type Specs - "/home/pete/wefwefwef/docs/other/a8a2749d0f21c87c13da43a56863da6663e1d0ee/odda-the-game-branch-master/odda-the-game/src/position.erl"
Generating Type Specs - "/home/pete/wefwefwef/docs/other/a8a2749d0f21c87c13da43a56863da6663e1d0ee/odda-the-game-branch-master/odda-the-game/src/world.erl"
Generating Type Specs - "/home/pete/wefwefwef/docs/other/a8a2749d0f21c87c13da43a56863da6663e1d0ee/odda-the-game-branch-master/odda-the-game/src/world_part.erl"
Generating XML for application odda-the-game "/home/pete/wefwefwef/docs/other/a8a2749d0f21c87c13da43a56863da6663e1d0ee/odda-the-game-branch-master/odda-the-game" -> "/home/pete/wefwefwef/docs/other/a8a2749d0f21c87c13da43a56863da6663e1d0ee/repo/master/.xml/odda-the-game"
/home/pete/wefwefwef/docs/other/a8a2749d0f21c87c13da43a56863da6663e1d0ee/odda-the-game-branch-master/odda-the-game/src/player.erl, in module footer: at line 32: tag @doc not allowed here.
/home/pete/wefwefwef/docs/other/a8a2749d0f21c87c13da43a56863da6663e1d0ee/odda-the-game-branch-master/odda-the-game/src/player.erl, in module footer: at line 44: multiple @doc tag.
edoc: skipping source file '/home/pete/wefwefwef/docs/other/a8a2749d0f21c87c13da43a56863da6663e1d0ee/odda-the-game-branch-master/odda-the-game/src/player.erl': {'EXIT',
                                                                                                                                                           error}.
/home/pete/wefwefwef/docs/other/a8a2749d0f21c87c13da43a56863da6663e1d0ee/odda-the-game-branch-master/odda-the-game/src/fight.erl: at line 36: warning: duplicated type attr
/home/pete/wefwefwef/docs/other/a8a2749d0f21c87c13da43a56863da6663e1d0ee/odda-the-game-branch-master/odda-the-game/src/fight.erl: at line 57: warning: duplicated type attack
/home/pete/wefwefwef/docs/other/a8a2749d0f21c87c13da43a56863da6663e1d0ee/odda-the-game-branch-master/odda-the-game/src/world.erl: at line 22: warning: duplicated type state
/home/pete/wefwefwef/docs/other/a8a2749d0f21c87c13da43a56863da6663e1d0ee/odda-the-game-branch-master/odda-the-game/src/world_part.erl: at line 27: warning: duplicated type state
edoc: error in doclet 'edoc_doclet': {'EXIT',error}.
Error generating odda-the-game XMLs. Using fallback ...
Generating XML odda-the-game - fight "/home/pete/wefwefwef/docs/other/a8a2749d0f21c87c13da43a56863da6663e1d0ee/odda-the-game-branch-master/odda-the-game/src/fight.erl" -> "/home/pete/wefwefwef/docs/other/a8a2749d0f21c87c13da43a56863da6663e1d0ee/repo/master/.xml/odda-the-game/fight.xml"
/home/pete/wefwefwef/docs/other/a8a2749d0f21c87c13da43a56863da6663e1d0ee/odda-the-game-branch-master/odda-the-game/src/fight.erl: at line 36: warning: duplicated type attr
/home/pete/wefwefwef/docs/other/a8a2749d0f21c87c13da43a56863da6663e1d0ee/odda-the-game-branch-master/odda-the-game/src/fight.erl: at line 57: warning: duplicated type attack
Generating XML odda-the-game - fsm_mob "/home/pete/wefwefwef/docs/other/a8a2749d0f21c87c13da43a56863da6663e1d0ee/odda-the-game-branch-master/odda-the-game/src/fsm_mob.erl" -> "/home/pete/wefwefwef/docs/other/a8a2749d0f21c87c13da43a56863da6663e1d0ee/repo/master/.xml/odda-the-game/fsm_mob.xml"
Generating XML odda-the-game - odda_the_game "/home/pete/wefwefwef/docs/other/a8a2749d0f21c87c13da43a56863da6663e1d0ee/odda-the-game-branch-master/odda-the-game/src/odda_the_game.erl" -> "/home/pete/wefwefwef/docs/other/a8a2749d0f21c87c13da43a56863da6663e1d0ee/repo/master/.xml/odda-the-game/odda_the_game.xml"
Generating XML odda-the-game - odda_the_game_app "/home/pete/wefwefwef/docs/other/a8a2749d0f21c87c13da43a56863da6663e1d0ee/odda-the-game-branch-master/odda-the-game/src/odda_the_game_app.erl" -> "/home/pete/wefwefwef/docs/other/a8a2749d0f21c87c13da43a56863da6663e1d0ee/repo/master/.xml/odda-the-game/odda_the_game_app.xml"
Generating XML odda-the-game - odda_the_game_sup "/home/pete/wefwefwef/docs/other/a8a2749d0f21c87c13da43a56863da6663e1d0ee/odda-the-game-branch-master/odda-the-game/src/odda_the_game_sup.erl" -> "/home/pete/wefwefwef/docs/other/a8a2749d0f21c87c13da43a56863da6663e1d0ee/repo/master/.xml/odda-the-game/odda_the_game_sup.xml"
Generating XML odda-the-game - player "/home/pete/wefwefwef/docs/other/a8a2749d0f21c87c13da43a56863da6663e1d0ee/odda-the-game-branch-master/odda-the-game/src/player.erl" -> "/home/pete/wefwefwef/docs/other/a8a2749d0f21c87c13da43a56863da6663e1d0ee/repo/master/.xml/odda-the-game/player.xml"
/home/pete/wefwefwef/docs/other/a8a2749d0f21c87c13da43a56863da6663e1d0ee/odda-the-game-branch-master/odda-the-game/src/player.erl, in module footer: at line 32: tag @doc not allowed here.
/home/pete/wefwefwef/docs/other/a8a2749d0f21c87c13da43a56863da6663e1d0ee/odda-the-game-branch-master/odda-the-game/src/player.erl, in module footer: at line 44: multiple @doc tag.
Error generating XML ("/home/pete/wefwefwef/docs/other/a8a2749d0f21c87c13da43a56863da6663e1d0ee/odda-the-game-branch-master/odda-the-game/src/player.erl"): {'EXIT',
                                                                                                                                                             error}
Generating XML odda-the-game - position "/home/pete/wefwefwef/docs/other/a8a2749d0f21c87c13da43a56863da6663e1d0ee/odda-the-game-branch-master/odda-the-game/src/position.erl" -> "/home/pete/wefwefwef/docs/other/a8a2749d0f21c87c13da43a56863da6663e1d0ee/repo/master/.xml/odda-the-game/position.xml"
Generating XML odda-the-game - world "/home/pete/wefwefwef/docs/other/a8a2749d0f21c87c13da43a56863da6663e1d0ee/odda-the-game-branch-master/odda-the-game/src/world.erl" -> "/home/pete/wefwefwef/docs/other/a8a2749d0f21c87c13da43a56863da6663e1d0ee/repo/master/.xml/odda-the-game/world.xml"
/home/pete/wefwefwef/docs/other/a8a2749d0f21c87c13da43a56863da6663e1d0ee/odda-the-game-branch-master/odda-the-game/src/world.erl: at line 22: warning: duplicated type state
Generating XML odda-the-game - world_part "/home/pete/wefwefwef/docs/other/a8a2749d0f21c87c13da43a56863da6663e1d0ee/odda-the-game-branch-master/odda-the-game/src/world_part.erl" -> "/home/pete/wefwefwef/docs/other/a8a2749d0f21c87c13da43a56863da6663e1d0ee/repo/master/.xml/odda-the-game/world_part.xml"
/home/pete/wefwefwef/docs/other/a8a2749d0f21c87c13da43a56863da6663e1d0ee/odda-the-game-branch-master/odda-the-game/src/world_part.erl: at line 27: warning: duplicated type state
Generating HTML - world "/home/pete/wefwefwef/docs/other/a8a2749d0f21c87c13da43a56863da6663e1d0ee/repo/master/.xml/odda-the-game/world.xml"
Generating HTML - odda_the_game_sup "/home/pete/wefwefwef/docs/other/a8a2749d0f21c87c13da43a56863da6663e1d0ee/repo/master/.xml/odda-the-game/odda_the_game_sup.xml"
Generating HTML - odda_the_game "/home/pete/wefwefwef/docs/other/a8a2749d0f21c87c13da43a56863da6663e1d0ee/repo/master/.xml/odda-the-game/odda_the_game.xml"
Generating HTML - fight "/home/pete/wefwefwef/docs/other/a8a2749d0f21c87c13da43a56863da6663e1d0ee/repo/master/.xml/odda-the-game/fight.xml"
Reading XML for "/home/pete/wefwefwef/docs/other/a8a2749d0f21c87c13da43a56863da6663e1d0ee/repo/master/.xml/odda-the-game/world.xml"
Reading XML for "/home/pete/wefwefwef/docs/other/a8a2749d0f21c87c13da43a56863da6663e1d0ee/repo/master/.xml/odda-the-game/odda_the_game_sup.xml"
Reading XML for "/home/pete/wefwefwef/docs/other/a8a2749d0f21c87c13da43a56863da6663e1d0ee/repo/master/.xml/odda-the-game/odda_the_game.xml"
Reading XML for "/home/pete/wefwefwef/docs/other/a8a2749d0f21c87c13da43a56863da6663e1d0ee/repo/master/.xml/odda-the-game/fight.xml"
Reading XML for "/home/pete/wefwefwef/docs/other/a8a2749d0f21c87c13da43a56863da6663e1d0ee/repo/master/.xml/specs_odda_the_game_sup.xml"
Reading XML for "/home/pete/wefwefwef/docs/other/a8a2749d0f21c87c13da43a56863da6663e1d0ee/repo/master/.xml/specs_world.xml"
Reading XML for "/home/pete/wefwefwef/docs/other/a8a2749d0f21c87c13da43a56863da6663e1d0ee/repo/master/.xml/specs_odda_the_game.xml"
Generating HTML - position "/home/pete/wefwefwef/docs/other/a8a2749d0f21c87c13da43a56863da6663e1d0ee/repo/master/.xml/odda-the-game/position.xml"
Reading XML for "/home/pete/wefwefwef/docs/other/a8a2749d0f21c87c13da43a56863da6663e1d0ee/repo/master/.xml/odda-the-game/position.xml"
Reading XML for "/home/pete/wefwefwef/docs/other/a8a2749d0f21c87c13da43a56863da6663e1d0ee/repo/master/.xml/specs_fight.xml"
Generating HTML - odda_the_game_app "/home/pete/wefwefwef/docs/other/a8a2749d0f21c87c13da43a56863da6663e1d0ee/repo/master/.xml/odda-the-game/odda_the_game_app.xml"
Reading XML for "/home/pete/wefwefwef/docs/other/a8a2749d0f21c87c13da43a56863da6663e1d0ee/repo/master/.xml/odda-the-game/odda_the_game_app.xml"
Generating HTML - world_part "/home/pete/wefwefwef/docs/other/a8a2749d0f21c87c13da43a56863da6663e1d0ee/repo/master/.xml/odda-the-game/world_part.xml"
Reading XML for "/home/pete/wefwefwef/docs/other/a8a2749d0f21c87c13da43a56863da6663e1d0ee/repo/master/.xml/odda-the-game/world_part.xml"
Generating HTML - fsm_mob "/home/pete/wefwefwef/docs/other/a8a2749d0f21c87c13da43a56863da6663e1d0ee/repo/master/.xml/odda-the-game/fsm_mob.xml"
Reading XML for "/home/pete/wefwefwef/docs/other/a8a2749d0f21c87c13da43a56863da6663e1d0ee/repo/master/.xml/odda-the-game/fsm_mob.xml"
Reading XML for "/home/pete/wefwefwef/docs/other/a8a2749d0f21c87c13da43a56863da6663e1d0ee/repo/master/.xml/specs_position.xml"
Reading XML for "/home/pete/wefwefwef/docs/other/a8a2749d0f21c87c13da43a56863da6663e1d0ee/repo/master/.xml/specs_odda_the_game_app.xml"
Reading XML for "/home/pete/wefwefwef/docs/other/a8a2749d0f21c87c13da43a56863da6663e1d0ee/repo/master/.xml/specs_world_part.xml"
Reading XML for "/home/pete/wefwefwef/docs/other/a8a2749d0f21c87c13da43a56863da6663e1d0ee/repo/master/.xml/specs_fsm_mob.xml"
Creating index.html ...
Creating erldocs_index.js ...
Woot, finished in 0 Minutes 1 Seconds
 :: Discovering other repos
$ 5000  `rm -r '/home/pete/wefwefwef/docs/other/a8a2749d0f21c87c13da43a56863da6663e1d0ee/odda-the-game-branch-master'  2>&1`
 :: Finishing up
$ 5000  `rm -r '/home/pete/wefwefwef/docs/other/a8a2749d0f21c87c13da43a56863da6663e1d0ee/odda-the-game'  2>&1`
