 :: Extracting meta information
$ 5000  `git ls-remote --heads --tags 'https://github.com/eraserewind/erlpuzzle'  2>&1`
>>> [repo] 1 branches, 0 tags
 :: Writing meta to "/home/pete/wefwefwef/docs/other/1852523259/meta.txt"
 :: Processing https://github.com/eraserewind/erlpuzzle	{rev,branch,"master","aff7eac2035a938d80576c4d603ce10b630d3fc8",undefined,[],[]}
 :: Fetching repo code
$ cd "/home/pete/wefwefwef/docs/other/1852523259/erlpuzzle-branch-master/erlpuzzle"
$ infinity  `curl --fail --silent --show-error --location --output 'master.zip' 'https://github.com/eraserewind/erlpuzzle/archive/master.zip'  2>&1`
$ cd "/home/pete/wefwefwef/docs/erldocs_other.git"
$ cd "/home/pete/wefwefwef/docs/other/1852523259/erlpuzzle-branch-master/erlpuzzle"
$ 5000  `find -P . -type l -delete  2>&1`
$ cd "/home/pete/wefwefwef/docs/erldocs_other.git"
$ cd "/home/pete/wefwefwef/docs/other/1852523259/erlpuzzle-branch-master/erlpuzzle"
$ 5000  `find 'erlpuzzle-master' -mindepth 1 -maxdepth 1 -exec mv -t . -- {} +  2>&1`
$ cd "/home/pete/wefwefwef/docs/erldocs_other.git"
 :: Getting dependencies
$ cd "/home/pete/wefwefwef/docs/other/1852523259/erlpuzzle-branch-master/erlpuzzle"
$ 5000  `ls -1 deps/  2>&1`
$ cd "/home/pete/wefwefwef/docs/erldocs_other.git"
>>> [rebar] deps = []
 :: Generating erldocs into /home/pete/wefwefwef/docs/other/1852523259/repo/master
Building erlpuzzle
Generating Type Specs - "/home/pete/wefwefwef/docs/other/1852523259/erlpuzzle-branch-master/erlpuzzle/src/puzzle.erl"
Generating XML for application erlpuzzle "/home/pete/wefwefwef/docs/other/1852523259/erlpuzzle-branch-master/erlpuzzle" -> "/home/pete/wefwefwef/docs/other/1852523259/repo/master/.xml/erlpuzzle"
Generated erlpuzzle XMLs: ["/home/pete/wefwefwef/docs/other/1852523259/repo/master/.xml/erlpuzzle/puzzle.xml"]
Generating HTML - puzzle "/home/pete/wefwefwef/docs/other/1852523259/repo/master/.xml/erlpuzzle/puzzle.xml"
Reading XML for "/home/pete/wefwefwef/docs/other/1852523259/repo/master/.xml/erlpuzzle/puzzle.xml"
Reading XML for "/home/pete/wefwefwef/docs/other/1852523259/repo/master/.xml/specs_puzzle.xml"
Creating index.html ...
Creating erldocs_index.js ...
Woot, finished in 0 Minutes 0 Seconds
 :: Discovering other repos
$ 5000  `rm -r '/home/pete/wefwefwef/docs/other/1852523259/erlpuzzle-branch-master'  2>&1`
 :: Finishing up
$ 5000  `rm -r '/home/pete/wefwefwef/docs/other/1852523259/erlpuzzle'  2>&1`
