 :: Extracting meta information
$ 5000  `git ls-remote --heads --tags 'https://github.com/arcusfelis/ale'  2>&1`
>>> [repo] 1 branches, 0 tags
 :: Writing meta to "/home/pete/wefwefwef/docs/other/5154073906/meta.txt"
 :: Processing https://github.com/arcusfelis/ale	{rev,branch,"master","cf20f07956bdc4a2e3573987e2225cec7131fc74",undefined,[],[]}
 :: Fetching repo code
$ cd "/home/pete/wefwefwef/docs/other/5154073906/ale-branch-master/ale"
$ infinity  `curl --fail --silent --show-error --location --output 'master.zip' 'https://github.com/arcusfelis/ale/archive/master.zip'  2>&1`
$ cd "/home/pete/wefwefwef/docs/erldocs_other.git"
$ cd "/home/pete/wefwefwef/docs/other/5154073906/ale-branch-master/ale"
$ 5000  `find -P . -type l -delete  2>&1`
$ cd "/home/pete/wefwefwef/docs/erldocs_other.git"
$ cd "/home/pete/wefwefwef/docs/other/5154073906/ale-branch-master/ale"
$ 5000  `find 'ale-master' -mindepth 1 -maxdepth 1 -exec mv -t . -- {} +  2>&1`
$ cd "/home/pete/wefwefwef/docs/erldocs_other.git"
 :: Getting dependencies
$ cd "/home/pete/wefwefwef/docs/other/5154073906/ale-branch-master/ale"
$ 5000  `ls -1 deps/  2>&1`
$ cd "/home/pete/wefwefwef/docs/erldocs_other.git"
>>> [rebar] deps = []
 :: Generating erldocs into /home/pete/wefwefwef/docs/other/5154073906/repo/master
Building ale
Generating Type Specs - "/home/pete/wefwefwef/docs/other/5154073906/ale-branch-master/ale/src/ale.erl"
Generating XML for application ale "/home/pete/wefwefwef/docs/other/5154073906/ale-branch-master/ale" -> "/home/pete/wefwefwef/docs/other/5154073906/repo/master/.xml/ale"
Generated ale XMLs: ["/home/pete/wefwefwef/docs/other/5154073906/repo/master/.xml/ale/ale.xml"]
Generating HTML - ale "/home/pete/wefwefwef/docs/other/5154073906/repo/master/.xml/ale/ale.xml"
Reading XML for "/home/pete/wefwefwef/docs/other/5154073906/repo/master/.xml/ale/ale.xml"
Reading XML for "/home/pete/wefwefwef/docs/other/5154073906/repo/master/.xml/specs_ale.xml"
Creating index.html ...
Creating erldocs_index.js ...
Woot, finished in 0 Minutes 0 Seconds
 :: Discovering other repos
$ 5000  `rm -r '/home/pete/wefwefwef/docs/other/5154073906/ale-branch-master'  2>&1`
 :: Finishing up
$ 5000  `rm -r '/home/pete/wefwefwef/docs/other/5154073906/ale'  2>&1`
