 :: Extracting meta information
$ infinity  `git ls-remote --heads --tags 'https://github.com/processone/mysql'  2>&1`
>>> [repo] 1 branches, 0 tags
WTF {ok,{{"HTTP/1.1",200,"OK"},
         [{"cache-control","max-age=300"},
          {"connection","keep-alive"},
          {"date","Sun, 11 Oct 2015 22:25:20 GMT"},
          {"via","1.1 varnish"},
          {"accept-ranges","bytes"},
          {"etag","\"79b8a2eb0cff3e52a0f765717f499826dbab7d53\""},
          {"vary","Authorization,Accept-Encoding"},
          {"content-length","370"},
          {"content-type","text/plain; charset=utf-8"},
          {"expires","Sun, 11 Oct 2015 22:30:20 GMT"},
          {"content-security-policy","default-src 'none'"},
          {"x-xss-protection","1; mode=block"},
          {"x-frame-options","deny"},
          {"x-content-type-options","nosniff"},
          {"strict-transport-security","max-age=31536000"},
          {"x-served-by","cache-fra1230-FRA"},
          {"x-cache","MISS"},
          {"x-cache-hits","0"},
          {"access-control-allow-origin","*"},
          {"source-age","0"}],
         "{name,\"mysql\"}.\n{target_path,\"github.com/processone/mysql\"}.\n{url,\"https://github.com/processone/mysql\"}.\n{vsn_format,2}.\n{vsn_pass,33}.\n{time_begin,{{2015,9,22},{0,50,34}}}.\n{method,git}.\n{count_tags,0}.\n{count_branches,1}.\n{revisions,[{rev,branch,\"master\",\"f3ac65bd2c485866dacb7fc4626cc22452fc99e4\",\n                 true,[],[]}]}.\n{time_end,{{2015,9,22},{0,50,35}}}.\n"}}
 :: Writing meta to "/home/pete/wefwefwef/docs/other/26869dfb4f32171a3c607a5d67c4edc10c10efca/meta.txt"
 :: Processing https://github.com/processone/mysql	{rev,branch,"master","dfa87da95f8fdb92e270741c2a53f796b682f918",undefined,[],[]}
 :: Fetching repo code
$ cd '/home/pete/wefwefwef/docs/other/26869dfb4f32171a3c607a5d67c4edc10c10efca/mysql-branch-master'
$ infinity  `curl --fail --silent --show-error --location --output repo.tar.gz 'https://codeload.github.com/processone/mysql/tar.gz/master'  2>&1`
$ cd '/home/pete/wefwefwef/docs/erldocs_other.git'
$ cd '/home/pete/wefwefwef/docs/other/26869dfb4f32171a3c607a5d67c4edc10c10efca/mysql-branch-master/mysql-master'
$ 5000  `find -P . -type l -delete  2>&1`
$ cd '/home/pete/wefwefwef/docs/erldocs_other.git'
$ 5000  `mv '/home/pete/wefwefwef/docs/other/26869dfb4f32171a3c607a5d67c4edc10c10efca/mysql-branch-master/mysql-master' '/home/pete/wefwefwef/docs/other/26869dfb4f32171a3c607a5d67c4edc10c10efca/mysql-branch-master/mysql'  2>&1`
 :: Getting dependencies
$ cd '/home/pete/wefwefwef/docs/other/26869dfb4f32171a3c607a5d67c4edc10c10efca/mysql-branch-master/mysql'
$ 5000  `ls -1 deps/  2>&1`
$ cd '/home/pete/wefwefwef/docs/erldocs_other.git'
>>> [rebar] deps = []
 :: Generating erldocs into /home/pete/wefwefwef/docs/other/26869dfb4f32171a3c607a5d67c4edc10c10efca/repo/master
Building mysql
Generating Type Specs - "/home/pete/wefwefwef/docs/other/26869dfb4f32171a3c607a5d67c4edc10c10efca/mysql-branch-master/mysql/src/p1_mysql.erl"
Generating Type Specs - "/home/pete/wefwefwef/docs/other/26869dfb4f32171a3c607a5d67c4edc10c10efca/mysql-branch-master/mysql/src/p1_mysql_app.erl"
Generating Type Specs - "/home/pete/wefwefwef/docs/other/26869dfb4f32171a3c607a5d67c4edc10c10efca/mysql-branch-master/mysql/src/p1_mysql_auth.erl"
Generating Type Specs - "/home/pete/wefwefwef/docs/other/26869dfb4f32171a3c607a5d67c4edc10c10efca/mysql-branch-master/mysql/src/p1_mysql_conn.erl"
Generating Type Specs - "/home/pete/wefwefwef/docs/other/26869dfb4f32171a3c607a5d67c4edc10c10efca/mysql-branch-master/mysql/src/p1_mysql_recv.erl"
Generating Type Specs - "/home/pete/wefwefwef/docs/other/26869dfb4f32171a3c607a5d67c4edc10c10efca/mysql-branch-master/mysql/src/p1_mysql_sup.erl"
Generating XML for application mysql "/home/pete/wefwefwef/docs/other/26869dfb4f32171a3c607a5d67c4edc10c10efca/mysql-branch-master/mysql" -> "/home/pete/wefwefwef/docs/other/26869dfb4f32171a3c607a5d67c4edc10c10efca/repo/master/.xml/mysql"
Generated mysql XMLs: ["/home/pete/wefwefwef/docs/other/26869dfb4f32171a3c607a5d67c4edc10c10efca/repo/master/.xml/mysql/p1_mysql_auth.xml",
                       "/home/pete/wefwefwef/docs/other/26869dfb4f32171a3c607a5d67c4edc10c10efca/repo/master/.xml/mysql/p1_mysql_app.xml",
                       "/home/pete/wefwefwef/docs/other/26869dfb4f32171a3c607a5d67c4edc10c10efca/repo/master/.xml/mysql/p1_mysql_conn.xml",
                       "/home/pete/wefwefwef/docs/other/26869dfb4f32171a3c607a5d67c4edc10c10efca/repo/master/.xml/mysql/p1_mysql_recv.xml",
                       "/home/pete/wefwefwef/docs/other/26869dfb4f32171a3c607a5d67c4edc10c10efca/repo/master/.xml/mysql/p1_mysql_sup.xml",
                       "/home/pete/wefwefwef/docs/other/26869dfb4f32171a3c607a5d67c4edc10c10efca/repo/master/.xml/mysql/p1_mysql.xml"]
Generating HTML - p1_mysql_auth "/home/pete/wefwefwef/docs/other/26869dfb4f32171a3c607a5d67c4edc10c10efca/repo/master/.xml/mysql/p1_mysql_auth.xml"
Generating HTML - p1_mysql_app "/home/pete/wefwefwef/docs/other/26869dfb4f32171a3c607a5d67c4edc10c10efca/repo/master/.xml/mysql/p1_mysql_app.xml"
Generating HTML - p1_mysql_conn "/home/pete/wefwefwef/docs/other/26869dfb4f32171a3c607a5d67c4edc10c10efca/repo/master/.xml/mysql/p1_mysql_conn.xml"
Generating HTML - p1_mysql "/home/pete/wefwefwef/docs/other/26869dfb4f32171a3c607a5d67c4edc10c10efca/repo/master/.xml/mysql/p1_mysql.xml"
Reading XML for "/home/pete/wefwefwef/docs/other/26869dfb4f32171a3c607a5d67c4edc10c10efca/repo/master/.xml/mysql/p1_mysql_auth.xml"
Reading XML for "/home/pete/wefwefwef/docs/other/26869dfb4f32171a3c607a5d67c4edc10c10efca/repo/master/.xml/mysql/p1_mysql_app.xml"
Reading XML for "/home/pete/wefwefwef/docs/other/26869dfb4f32171a3c607a5d67c4edc10c10efca/repo/master/.xml/mysql/p1_mysql_conn.xml"
Reading XML for "/home/pete/wefwefwef/docs/other/26869dfb4f32171a3c607a5d67c4edc10c10efca/repo/master/.xml/mysql/p1_mysql.xml"
Reading XML for "/home/pete/wefwefwef/docs/other/26869dfb4f32171a3c607a5d67c4edc10c10efca/repo/master/.xml/specs_p1_mysql_auth.xml"
Reading XML for "/home/pete/wefwefwef/docs/other/26869dfb4f32171a3c607a5d67c4edc10c10efca/repo/master/.xml/specs_p1_mysql_app.xml"
Reading XML for "/home/pete/wefwefwef/docs/other/26869dfb4f32171a3c607a5d67c4edc10c10efca/repo/master/.xml/specs_p1_mysql_conn.xml"
Reading XML for "/home/pete/wefwefwef/docs/other/26869dfb4f32171a3c607a5d67c4edc10c10efca/repo/master/.xml/specs_p1_mysql.xml"
Generating HTML - p1_mysql_sup "/home/pete/wefwefwef/docs/other/26869dfb4f32171a3c607a5d67c4edc10c10efca/repo/master/.xml/mysql/p1_mysql_sup.xml"
Reading XML for "/home/pete/wefwefwef/docs/other/26869dfb4f32171a3c607a5d67c4edc10c10efca/repo/master/.xml/mysql/p1_mysql_sup.xml"
Reading XML for "/home/pete/wefwefwef/docs/other/26869dfb4f32171a3c607a5d67c4edc10c10efca/repo/master/.xml/specs_p1_mysql_sup.xml"
Generating HTML - p1_mysql_recv "/home/pete/wefwefwef/docs/other/26869dfb4f32171a3c607a5d67c4edc10c10efca/repo/master/.xml/mysql/p1_mysql_recv.xml"
Reading XML for "/home/pete/wefwefwef/docs/other/26869dfb4f32171a3c607a5d67c4edc10c10efca/repo/master/.xml/mysql/p1_mysql_recv.xml"
Reading XML for "/home/pete/wefwefwef/docs/other/26869dfb4f32171a3c607a5d67c4edc10c10efca/repo/master/.xml/specs_p1_mysql_recv.xml"
Creating index.html ...
Creating erldocs_index.js ...
Woot, finished in 0 Minutes 0 Seconds
 :: Discovering other repos
$ 5000  `rm -r '/home/pete/wefwefwef/docs/other/26869dfb4f32171a3c607a5d67c4edc10c10efca/mysql-branch-master'  2>&1`
 :: Finishing up
$ 5000  `rm -r '/home/pete/wefwefwef/docs/other/26869dfb4f32171a3c607a5d67c4edc10c10efca/mysql'  2>&1`
