 :: Extracting meta information
$ infinity  `git ls-remote --heads --tags 'https://github.com/ivanmartinez/oauth2'  2>&1`
>>> [repo] 2 branches, 0 tags
 :: Writing meta to "/home/pete/wefwefwef/docs/other/e50b08fbb8e7c5a3abe35d1e2ded9ece/meta.txt"
 :: Skipping branch "master"
 :: Processing https://github.com/ivanmartinez/oauth2	{rev,branch,"test","d45b571ea9e67c8148fda044fcb8a539dee0bd3a",undefined,[],[]}
 :: Fetching repo code
$ cd '/home/pete/wefwefwef/docs/other/e50b08fbb8e7c5a3abe35d1e2ded9ece/oauth2-branch-test'
$ infinity  `curl --fail --silent --show-error --location --output repo.tar.gz 'https://codeload.github.com/ivanmartinez/oauth2/legacy.tar.gz/test'  2>&1`
$ cd '/home/pete/wefwefwef/docs/erldocs_other.git'
$ cd '/home/pete/wefwefwef/docs/other/e50b08fbb8e7c5a3abe35d1e2ded9ece/oauth2-branch-test/IvanMartinez-oauth2-d45b571'
$ 5000  `find -P . -type l -delete  2>&1`
$ cd '/home/pete/wefwefwef/docs/erldocs_other.git'
$ 5000  `mv '/home/pete/wefwefwef/docs/other/e50b08fbb8e7c5a3abe35d1e2ded9ece/oauth2-branch-test/IvanMartinez-oauth2-d45b571' '/home/pete/wefwefwef/docs/other/e50b08fbb8e7c5a3abe35d1e2ded9ece/oauth2-branch-test/oauth2'  2>&1`
 :: Getting dependencies
$ cd '/home/pete/wefwefwef/docs/other/e50b08fbb8e7c5a3abe35d1e2ded9ece/oauth2-branch-test/oauth2'
$ 5000  `ls -1 deps/  2>&1`
$ cd '/home/pete/wefwefwef/docs/erldocs_other.git'
>>> [rebar] deps = []
 :: Generating erldocs into /home/pete/wefwefwef/docs/other/e50b08fbb8e7c5a3abe35d1e2ded9ece/repo/test
Building oauth2
Generating Type Specs - "/home/pete/wefwefwef/docs/other/e50b08fbb8e7c5a3abe35d1e2ded9ece/oauth2-branch-test/oauth2/src/oauth2.erl"
Generating Type Specs - "/home/pete/wefwefwef/docs/other/e50b08fbb8e7c5a3abe35d1e2ded9ece/oauth2-branch-test/oauth2/src/oauth2_backend.erl"
Generating Type Specs - "/home/pete/wefwefwef/docs/other/e50b08fbb8e7c5a3abe35d1e2ded9ece/oauth2-branch-test/oauth2/src/oauth2_config.erl"
Generating Type Specs - "/home/pete/wefwefwef/docs/other/e50b08fbb8e7c5a3abe35d1e2ded9ece/oauth2-branch-test/oauth2/src/oauth2_priv_set.erl"
Generating Type Specs - "/home/pete/wefwefwef/docs/other/e50b08fbb8e7c5a3abe35d1e2ded9ece/oauth2-branch-test/oauth2/src/oauth2_response.erl"
Generating Type Specs - "/home/pete/wefwefwef/docs/other/e50b08fbb8e7c5a3abe35d1e2ded9ece/oauth2-branch-test/oauth2/src/oauth2_token.erl"
Generating Type Specs - "/home/pete/wefwefwef/docs/other/e50b08fbb8e7c5a3abe35d1e2ded9ece/oauth2-branch-test/oauth2/src/oauth2_token_generation.erl"
Generating XML for application oauth2 "/home/pete/wefwefwef/docs/other/e50b08fbb8e7c5a3abe35d1e2ded9ece/oauth2-branch-test/oauth2" -> "/home/pete/wefwefwef/docs/other/e50b08fbb8e7c5a3abe35d1e2ded9ece/repo/test/.xml/oauth2"
edoc: error in layout 'docgen_edoc_xml_cb': {'EXIT',
                                       {function_clause,
                                        [{docgen_edoc_xml_cb,t_type,
                                          [[{xmlElement,erlangName,[],[],
                                             {xmlNamespace,[],[]},
                                             [{abstype,1},{map,...},{...}|...],
                                             1,
                                             [{...}],
                                             [],...}]],
                                          [{file,"docgen_edoc_xml_cb.erl"},
                                           {line,1003}]},
                                         {docgen_edoc_xml_cb,seq,4,
                                          [{file,"docgen_edoc_xml_cb.erl"},
                                           {line,1116}]},
                                         {docgen_edoc_xml_cb,t_map,1,
                                          [{file,"docgen_edoc_xml_cb.erl"},
                                           {line,1071}]},
                                         {docgen_edoc_xml_cb,t_fun,1,
                                          [{file,"docgen_edoc_xml_cb.erl"},
                                           {line,1063}]},
                                         {docgen_edoc_xml_cb,funcheader,1,
                                          [{file,"docgen_edoc_xml_cb.erl"},
                                           {line,827}]},
                                         {docgen_edoc_xml_cb,function,2,
                                          [{file,"docgen_edoc_xml_cb.erl"},
                                           {line,769}]},
                                         {lists,flatmap,2,
                                          [{file,"lists.erl"},{line,1248}]},
                                         {lists,flatmap,2,
                                          [{file,[...]},{line,...}]}]}}.
edoc: error in doclet 'edoc_doclet': {'EXIT',error}.
Error generating oauth2 XMLs. Using fallback ...
Generating XML oauth2 - oauth2 "/home/pete/wefwefwef/docs/other/e50b08fbb8e7c5a3abe35d1e2ded9ece/oauth2-branch-test/oauth2/src/oauth2.erl" -> "/home/pete/wefwefwef/docs/other/e50b08fbb8e7c5a3abe35d1e2ded9ece/repo/test/.xml/oauth2/oauth2.xml"
Generating XML oauth2 - oauth2_backend "/home/pete/wefwefwef/docs/other/e50b08fbb8e7c5a3abe35d1e2ded9ece/oauth2-branch-test/oauth2/src/oauth2_backend.erl" -> "/home/pete/wefwefwef/docs/other/e50b08fbb8e7c5a3abe35d1e2ded9ece/repo/test/.xml/oauth2/oauth2_backend.xml"
/home/pete/wefwefwef/docs/other/e50b08fbb8e7c5a3abe35d1e2ded9ece/oauth2-branch-test/oauth2/src/oauth2_backend.erl, in module footer: at line 32: tag @doc not allowed here.
/home/pete/wefwefwef/docs/other/e50b08fbb8e7c5a3abe35d1e2ded9ece/oauth2-branch-test/oauth2/src/oauth2_backend.erl, in module footer: at line 37: multiple @doc tag.
/home/pete/wefwefwef/docs/other/e50b08fbb8e7c5a3abe35d1e2ded9ece/oauth2-branch-test/oauth2/src/oauth2_backend.erl, in module footer: at line 41: multiple @doc tag.
/home/pete/wefwefwef/docs/other/e50b08fbb8e7c5a3abe35d1e2ded9ece/oauth2-branch-test/oauth2/src/oauth2_backend.erl, in module footer: at line 47: multiple @doc tag.
/home/pete/wefwefwef/docs/other/e50b08fbb8e7c5a3abe35d1e2ded9ece/oauth2-branch-test/oauth2/src/oauth2_backend.erl, in module footer: at line 53: multiple @doc tag.
/home/pete/wefwefwef/docs/other/e50b08fbb8e7c5a3abe35d1e2ded9ece/oauth2-branch-test/oauth2/src/oauth2_backend.erl, in module footer: at line 59: multiple @doc tag.
/home/pete/wefwefwef/docs/other/e50b08fbb8e7c5a3abe35d1e2ded9ece/oauth2-branch-test/oauth2/src/oauth2_backend.erl, in module footer: at line 64: multiple @doc tag.
/home/pete/wefwefwef/docs/other/e50b08fbb8e7c5a3abe35d1e2ded9ece/oauth2-branch-test/oauth2/src/oauth2_backend.erl, in module footer: at line 69: multiple @doc tag.
/home/pete/wefwefwef/docs/other/e50b08fbb8e7c5a3abe35d1e2ded9ece/oauth2-branch-test/oauth2/src/oauth2_backend.erl, in module footer: at line 74: multiple @doc tag.
/home/pete/wefwefwef/docs/other/e50b08fbb8e7c5a3abe35d1e2ded9ece/oauth2-branch-test/oauth2/src/oauth2_backend.erl, in module footer: at line 78: multiple @doc tag.
/home/pete/wefwefwef/docs/other/e50b08fbb8e7c5a3abe35d1e2ded9ece/oauth2-branch-test/oauth2/src/oauth2_backend.erl, in module footer: at line 82: multiple @doc tag.
/home/pete/wefwefwef/docs/other/e50b08fbb8e7c5a3abe35d1e2ded9ece/oauth2-branch-test/oauth2/src/oauth2_backend.erl, in module footer: at line 86: multiple @doc tag.
/home/pete/wefwefwef/docs/other/e50b08fbb8e7c5a3abe35d1e2ded9ece/oauth2-branch-test/oauth2/src/oauth2_backend.erl, in module footer: at line 90: multiple @doc tag.
/home/pete/wefwefwef/docs/other/e50b08fbb8e7c5a3abe35d1e2ded9ece/oauth2-branch-test/oauth2/src/oauth2_backend.erl, in module footer: at line 95: multiple @doc tag.
/home/pete/wefwefwef/docs/other/e50b08fbb8e7c5a3abe35d1e2ded9ece/oauth2-branch-test/oauth2/src/oauth2_backend.erl, in module footer: at line 100: multiple @doc tag.
/home/pete/wefwefwef/docs/other/e50b08fbb8e7c5a3abe35d1e2ded9ece/oauth2-branch-test/oauth2/src/oauth2_backend.erl, in module footer: at line 105: multiple @doc tag.
Error generating XML ("/home/pete/wefwefwef/docs/other/e50b08fbb8e7c5a3abe35d1e2ded9ece/oauth2-branch-test/oauth2/src/oauth2_backend.erl"): {'EXIT',
                                                                                                                                             error}
Generating XML oauth2 - oauth2_config "/home/pete/wefwefwef/docs/other/e50b08fbb8e7c5a3abe35d1e2ded9ece/oauth2-branch-test/oauth2/src/oauth2_config.erl" -> "/home/pete/wefwefwef/docs/other/e50b08fbb8e7c5a3abe35d1e2ded9ece/repo/test/.xml/oauth2/oauth2_config.xml"
Generating XML oauth2 - oauth2_priv_set "/home/pete/wefwefwef/docs/other/e50b08fbb8e7c5a3abe35d1e2ded9ece/oauth2-branch-test/oauth2/src/oauth2_priv_set.erl" -> "/home/pete/wefwefwef/docs/other/e50b08fbb8e7c5a3abe35d1e2ded9ece/repo/test/.xml/oauth2/oauth2_priv_set.xml"
Generating XML oauth2 - oauth2_response "/home/pete/wefwefwef/docs/other/e50b08fbb8e7c5a3abe35d1e2ded9ece/oauth2-branch-test/oauth2/src/oauth2_response.erl" -> "/home/pete/wefwefwef/docs/other/e50b08fbb8e7c5a3abe35d1e2ded9ece/repo/test/.xml/oauth2/oauth2_response.xml"
edoc: error in layout 'docgen_edoc_xml_cb': {'EXIT',
                                       {function_clause,
                                        [{docgen_edoc_xml_cb,t_type,
                                          [[{xmlElement,erlangName,[],[],
                                             {xmlNamespace,[],[]},
                                             [{abstype,1},{map,...},{...}|...],
                                             1,
                                             [{...}],
                                             [],...}]],
                                          [{file,"docgen_edoc_xml_cb.erl"},
                                           {line,1003}]},
                                         {docgen_edoc_xml_cb,seq,4,
                                          [{file,"docgen_edoc_xml_cb.erl"},
                                           {line,1116}]},
                                         {docgen_edoc_xml_cb,t_map,1,
                                          [{file,"docgen_edoc_xml_cb.erl"},
                                           {line,1071}]},
                                         {docgen_edoc_xml_cb,t_fun,1,
                                          [{file,"docgen_edoc_xml_cb.erl"},
                                           {line,1063}]},
                                         {docgen_edoc_xml_cb,funcheader,1,
                                          [{file,"docgen_edoc_xml_cb.erl"},
                                           {line,827}]},
                                         {docgen_edoc_xml_cb,function,2,
                                          [{file,"docgen_edoc_xml_cb.erl"},
                                           {line,769}]},
                                         {lists,flatmap,2,
                                          [{file,"lists.erl"},{line,1248}]},
                                         {lists,flatmap,2,
                                          [{file,[...]},{line,...}]}]}}.
Error generating XML ("/home/pete/wefwefwef/docs/other/e50b08fbb8e7c5a3abe35d1e2ded9ece/oauth2-branch-test/oauth2/src/oauth2_response.erl"): {'EXIT',
                                                                                                                                              error}
Generating XML oauth2 - oauth2_token "/home/pete/wefwefwef/docs/other/e50b08fbb8e7c5a3abe35d1e2ded9ece/oauth2-branch-test/oauth2/src/oauth2_token.erl" -> "/home/pete/wefwefwef/docs/other/e50b08fbb8e7c5a3abe35d1e2ded9ece/repo/test/.xml/oauth2/oauth2_token.xml"
Generating XML oauth2 - oauth2_token_generation "/home/pete/wefwefwef/docs/other/e50b08fbb8e7c5a3abe35d1e2ded9ece/oauth2-branch-test/oauth2/src/oauth2_token_generation.erl" -> "/home/pete/wefwefwef/docs/other/e50b08fbb8e7c5a3abe35d1e2ded9ece/repo/test/.xml/oauth2/oauth2_token_generation.xml"
/home/pete/wefwefwef/docs/other/e50b08fbb8e7c5a3abe35d1e2ded9ece/oauth2-branch-test/oauth2/src/oauth2_token_generation.erl, in module footer: at line 24: tag @doc not allowed here.
Error generating XML ("/home/pete/wefwefwef/docs/other/e50b08fbb8e7c5a3abe35d1e2ded9ece/oauth2-branch-test/oauth2/src/oauth2_token_generation.erl"): {'EXIT',
                                                                                                                                                      error}
Generating HTML - oauth2_token "/home/pete/wefwefwef/docs/other/e50b08fbb8e7c5a3abe35d1e2ded9ece/repo/test/.xml/oauth2/oauth2_token.xml"
Generating HTML - oauth2_config "/home/pete/wefwefwef/docs/other/e50b08fbb8e7c5a3abe35d1e2ded9ece/repo/test/.xml/oauth2/oauth2_config.xml"
Generating HTML - oauth2_priv_set "/home/pete/wefwefwef/docs/other/e50b08fbb8e7c5a3abe35d1e2ded9ece/repo/test/.xml/oauth2/oauth2_priv_set.xml"
Generating HTML - oauth2 "/home/pete/wefwefwef/docs/other/e50b08fbb8e7c5a3abe35d1e2ded9ece/repo/test/.xml/oauth2/oauth2.xml"
Reading XML for "/home/pete/wefwefwef/docs/other/e50b08fbb8e7c5a3abe35d1e2ded9ece/repo/test/.xml/oauth2/oauth2_token.xml"
Reading XML for "/home/pete/wefwefwef/docs/other/e50b08fbb8e7c5a3abe35d1e2ded9ece/repo/test/.xml/oauth2/oauth2_config.xml"
Reading XML for "/home/pete/wefwefwef/docs/other/e50b08fbb8e7c5a3abe35d1e2ded9ece/repo/test/.xml/oauth2/oauth2_priv_set.xml"
Reading XML for "/home/pete/wefwefwef/docs/other/e50b08fbb8e7c5a3abe35d1e2ded9ece/repo/test/.xml/oauth2/oauth2.xml"
Reading XML for "/home/pete/wefwefwef/docs/other/e50b08fbb8e7c5a3abe35d1e2ded9ece/repo/test/.xml/specs_oauth2_config.xml"
Reading XML for "/home/pete/wefwefwef/docs/other/e50b08fbb8e7c5a3abe35d1e2ded9ece/repo/test/.xml/specs_oauth2_token.xml"
Reading XML for "/home/pete/wefwefwef/docs/other/e50b08fbb8e7c5a3abe35d1e2ded9ece/repo/test/.xml/specs_oauth2_priv_set.xml"
Reading XML for "/home/pete/wefwefwef/docs/other/e50b08fbb8e7c5a3abe35d1e2ded9ece/repo/test/.xml/specs_oauth2.xml"
Creating index.html ...
Creating erldocs_index.js ...
Woot, finished in 0 Minutes 0 Seconds
 :: Discovering other repos
$ 5000  `rm -r '/home/pete/wefwefwef/docs/other/e50b08fbb8e7c5a3abe35d1e2ded9ece/oauth2-branch-test'  2>&1`
 :: Finishing up
$ 5000  `rm -r '/home/pete/wefwefwef/docs/other/e50b08fbb8e7c5a3abe35d1e2ded9ece/oauth2'  2>&1`
