 :: Extracting meta information
$ 5000  `git ls-remote --heads --tags 'https://github.com/mneudert/gert'  2>&1`
>>> [repo] 1 branches, 0 tags
 :: Writing meta to "/home/pete/wefwefwef/docs/other/4807787920/meta.txt"
 :: Processing https://github.com/mneudert/gert	{rev,branch,"master","2fb92f27f0062946e9785159d05d4deacf4b2fce"}
 :: Fetching repo code
$ cd "/home/pete/wefwefwef/docs/other/4807787920/gert-branch-master/gert"
$ infinity  `curl --fail --silent --show-error --location --output 'master.zip' 'https://github.com/mneudert/gert/archive/master.zip'  2>&1`
$ cd "/home/pete/wefwefwef/docs/erldocs_other.git"
$ cd "/home/pete/wefwefwef/docs/other/4807787920/gert-branch-master/gert"
$ 5000  `find -P . -type l -delete  2>&1`
$ cd "/home/pete/wefwefwef/docs/erldocs_other.git"
$ cd "/home/pete/wefwefwef/docs/other/4807787920/gert-branch-master/gert"
$ 5000  `find 'gert-master' -mindepth 1 -maxdepth 1 -exec mv -t . -- {} +  2>&1`
$ cd "/home/pete/wefwefwef/docs/erldocs_other.git"
 :: Getting dependencies
$ cd "/home/pete/wefwefwef/docs/other/4807787920/gert-branch-master/gert"
$ 5000  `ls -1 deps/  2>&1`
$ cd "/home/pete/wefwefwef/docs/erldocs_other.git"
>>> [rebar] deps = []
 :: Generating erldocs into /home/pete/wefwefwef/docs/other/4807787920/repo/master
Building gert
Generating Type Specs - "/home/pete/wefwefwef/docs/other/4807787920/gert-branch-master/gert/src/gert.erl"
Generating XML for application gert "/home/pete/wefwefwef/docs/other/4807787920/gert-branch-master/gert" -> "/home/pete/wefwefwef/docs/other/4807787920/repo/master/.xml/gert"
Generated gert XMLs: ["/home/pete/wefwefwef/docs/other/4807787920/repo/master/.xml/gert/gert.xml"]
Generating HTML - gert "/home/pete/wefwefwef/docs/other/4807787920/repo/master/.xml/gert/gert.xml"
Reading XML for "/home/pete/wefwefwef/docs/other/4807787920/repo/master/.xml/gert/gert.xml"
Reading XML for "/home/pete/wefwefwef/docs/other/4807787920/repo/master/.xml/specs_gert.xml"
Creating index.html ...
Creating erldocs_index.js ...
Woot, finished in 0 Minutes 0 Seconds
 :: Discovering other repos
$ 5000  `rm -r '/home/pete/wefwefwef/docs/other/4807787920/gert-branch-master'  2>&1`
 :: Erldocs finishing up
$ 5000  `rm -r '/home/pete/wefwefwef/docs/other/4807787920/gert'  2>&1`
