 :: Extracting meta information
$ infinity  `git ls-remote --heads --tags 'https://github.com/manifest/pal'  2>&1`
>>> [repo] 2 branches, 6 tags
 :: Writing meta to "/home/pete/wefwefwef/docs/other/3a1dac97cc652bd62792cb8ec03bf1d2/meta.txt"
 :: Skipping tag "v0.2.0"
 :: Skipping tag "v0.2.1"
 :: Skipping tag "v0.2.2"
 :: Skipping tag "v0.2.3"
 :: Processing https://github.com/manifest/pal	{rev,branch,"master","07711ca02635895af78be5105c7fa7c9bbd4e896",undefined,[],[]}
 :: Fetching repo code
$ cd '/home/pete/wefwefwef/docs/other/3a1dac97cc652bd62792cb8ec03bf1d2/pal-branch-master'
$ infinity  `curl --fail --silent --show-error --location --output repo.tar.gz 'https://codeload.github.com/manifest/pal/legacy.tar.gz/master'  2>&1`
$ cd '/home/pete/wefwefwef/docs/erldocs_other.git'
$ cd '/home/pete/wefwefwef/docs/other/3a1dac97cc652bd62792cb8ec03bf1d2/pal-branch-master/manifest-pal-07711ca'
$ 5000  `find -P . -type l -delete  2>&1`
$ cd '/home/pete/wefwefwef/docs/erldocs_other.git'
$ 5000  `mv '/home/pete/wefwefwef/docs/other/3a1dac97cc652bd62792cb8ec03bf1d2/pal-branch-master/manifest-pal-07711ca' '/home/pete/wefwefwef/docs/other/3a1dac97cc652bd62792cb8ec03bf1d2/pal-branch-master/pal'  2>&1`
 :: Getting dependencies
$ cd '/home/pete/wefwefwef/docs/other/3a1dac97cc652bd62792cb8ec03bf1d2/pal-branch-master/pal'
$ infinity  `rebar --config '/home/pete/wefwefwef/docs/other/3a1dac97cc652bd62792cb8ec03bf1d2/pal-branch-master/rebar_deps' get-deps  2>&1`
$ cd '/home/pete/wefwefwef/docs/erldocs_other.git'
$ cd '/home/pete/wefwefwef/docs/other/3a1dac97cc652bd62792cb8ec03bf1d2/pal-branch-master/pal'
$ 5000  `find -P . -type l -delete  2>&1`
$ cd '/home/pete/wefwefwef/docs/erldocs_other.git'
$ cd '/home/pete/wefwefwef/docs/other/3a1dac97cc652bd62792cb8ec03bf1d2/pal-branch-master/pal'
$ 5000  `ls -1 deps/  2>&1`
$ cd '/home/pete/wefwefwef/docs/erldocs_other.git'
>>> [rebar] deps = []
 :: Generating erldocs into /home/pete/wefwefwef/docs/other/3a1dac97cc652bd62792cb8ec03bf1d2/repo/master
Building pal
Generating Type Specs - "/home/pete/wefwefwef/docs/other/3a1dac97cc652bd62792cb8ec03bf1d2/pal-branch-master/pal/src/pal.erl"
Generating Type Specs - "/home/pete/wefwefwef/docs/other/3a1dac97cc652bd62792cb8ec03bf1d2/pal-branch-master/pal/src/pal_authentication.erl"
Generating Type Specs - "/home/pete/wefwefwef/docs/other/3a1dac97cc652bd62792cb8ec03bf1d2/pal-branch-master/pal/src/pal_http.erl"
Generating Type Specs - "/home/pete/wefwefwef/docs/other/3a1dac97cc652bd62792cb8ec03bf1d2/pal-branch-master/pal/src/pal_workflow.erl"
Generating XML for application pal "/home/pete/wefwefwef/docs/other/3a1dac97cc652bd62792cb8ec03bf1d2/pal-branch-master/pal" -> "/home/pete/wefwefwef/docs/other/3a1dac97cc652bd62792cb8ec03bf1d2/repo/master/.xml/pal"
Generated pal XMLs: ["/home/pete/wefwefwef/docs/other/3a1dac97cc652bd62792cb8ec03bf1d2/repo/master/.xml/pal/pal.xml",
                     "/home/pete/wefwefwef/docs/other/3a1dac97cc652bd62792cb8ec03bf1d2/repo/master/.xml/pal/pal_authentication.xml",
                     "/home/pete/wefwefwef/docs/other/3a1dac97cc652bd62792cb8ec03bf1d2/repo/master/.xml/pal/pal_http.xml",
                     "/home/pete/wefwefwef/docs/other/3a1dac97cc652bd62792cb8ec03bf1d2/repo/master/.xml/pal/pal_workflow.xml"]
Generating HTML - pal "/home/pete/wefwefwef/docs/other/3a1dac97cc652bd62792cb8ec03bf1d2/repo/master/.xml/pal/pal.xml"
Generating HTML - pal_authentication "/home/pete/wefwefwef/docs/other/3a1dac97cc652bd62792cb8ec03bf1d2/repo/master/.xml/pal/pal_authentication.xml"
Generating HTML - pal_http "/home/pete/wefwefwef/docs/other/3a1dac97cc652bd62792cb8ec03bf1d2/repo/master/.xml/pal/pal_http.xml"
Generating HTML - pal_workflow "/home/pete/wefwefwef/docs/other/3a1dac97cc652bd62792cb8ec03bf1d2/repo/master/.xml/pal/pal_workflow.xml"
Reading XML for "/home/pete/wefwefwef/docs/other/3a1dac97cc652bd62792cb8ec03bf1d2/repo/master/.xml/pal/pal.xml"
Reading XML for "/home/pete/wefwefwef/docs/other/3a1dac97cc652bd62792cb8ec03bf1d2/repo/master/.xml/pal/pal_authentication.xml"
Reading XML for "/home/pete/wefwefwef/docs/other/3a1dac97cc652bd62792cb8ec03bf1d2/repo/master/.xml/pal/pal_http.xml"
Reading XML for "/home/pete/wefwefwef/docs/other/3a1dac97cc652bd62792cb8ec03bf1d2/repo/master/.xml/pal/pal_workflow.xml"
Reading XML for "/home/pete/wefwefwef/docs/other/3a1dac97cc652bd62792cb8ec03bf1d2/repo/master/.xml/specs_pal.xml"
Reading XML for "/home/pete/wefwefwef/docs/other/3a1dac97cc652bd62792cb8ec03bf1d2/repo/master/.xml/specs_pal_authentication.xml"
Reading XML for "/home/pete/wefwefwef/docs/other/3a1dac97cc652bd62792cb8ec03bf1d2/repo/master/.xml/specs_pal_workflow.xml"
Reading XML for "/home/pete/wefwefwef/docs/other/3a1dac97cc652bd62792cb8ec03bf1d2/repo/master/.xml/specs_pal_http.xml"
Creating index.html ...
Creating erldocs_index.js ...
Woot, finished in 0 Minutes 0 Seconds
 :: Discovering other repos
$ 5000  `rm -r '/home/pete/wefwefwef/docs/other/3a1dac97cc652bd62792cb8ec03bf1d2/pal-branch-master'  2>&1`
 :: Processing https://github.com/manifest/pal	{rev,branch,"develop","091980f61d08dcb0e404f493b1076bd06382240e",undefined,[],[]}
 :: Fetching repo code
$ cd '/home/pete/wefwefwef/docs/other/3a1dac97cc652bd62792cb8ec03bf1d2/pal-branch-develop'
$ infinity  `curl --fail --silent --show-error --location --output repo.tar.gz 'https://codeload.github.com/manifest/pal/legacy.tar.gz/develop'  2>&1`
$ cd '/home/pete/wefwefwef/docs/erldocs_other.git'
$ cd '/home/pete/wefwefwef/docs/other/3a1dac97cc652bd62792cb8ec03bf1d2/pal-branch-develop/manifest-pal-091980f'
$ 5000  `find -P . -type l -delete  2>&1`
$ cd '/home/pete/wefwefwef/docs/erldocs_other.git'
$ 5000  `mv '/home/pete/wefwefwef/docs/other/3a1dac97cc652bd62792cb8ec03bf1d2/pal-branch-develop/manifest-pal-091980f' '/home/pete/wefwefwef/docs/other/3a1dac97cc652bd62792cb8ec03bf1d2/pal-branch-develop/pal'  2>&1`
 :: Getting dependencies
$ cd '/home/pete/wefwefwef/docs/other/3a1dac97cc652bd62792cb8ec03bf1d2/pal-branch-develop/pal'
$ infinity  `rebar --config '/home/pete/wefwefwef/docs/other/3a1dac97cc652bd62792cb8ec03bf1d2/pal-branch-develop/rebar_deps' get-deps  2>&1`
$ cd '/home/pete/wefwefwef/docs/erldocs_other.git'
$ cd '/home/pete/wefwefwef/docs/other/3a1dac97cc652bd62792cb8ec03bf1d2/pal-branch-develop/pal'
$ 5000  `find -P . -type l -delete  2>&1`
$ cd '/home/pete/wefwefwef/docs/erldocs_other.git'
$ cd '/home/pete/wefwefwef/docs/other/3a1dac97cc652bd62792cb8ec03bf1d2/pal-branch-develop/pal'
$ 5000  `ls -1 deps/  2>&1`
$ cd '/home/pete/wefwefwef/docs/erldocs_other.git'
>>> [rebar] deps = []
 :: Generating erldocs into /home/pete/wefwefwef/docs/other/3a1dac97cc652bd62792cb8ec03bf1d2/repo/develop
Building pal
Generating Type Specs - "/home/pete/wefwefwef/docs/other/3a1dac97cc652bd62792cb8ec03bf1d2/pal-branch-develop/pal/src/pal.erl"
Generating Type Specs - "/home/pete/wefwefwef/docs/other/3a1dac97cc652bd62792cb8ec03bf1d2/pal-branch-develop/pal/src/pal_authentication.erl"
Generating Type Specs - "/home/pete/wefwefwef/docs/other/3a1dac97cc652bd62792cb8ec03bf1d2/pal-branch-develop/pal/src/pal_http.erl"
Generating Type Specs - "/home/pete/wefwefwef/docs/other/3a1dac97cc652bd62792cb8ec03bf1d2/pal-branch-develop/pal/src/pal_workflow.erl"
Generating XML for application pal "/home/pete/wefwefwef/docs/other/3a1dac97cc652bd62792cb8ec03bf1d2/pal-branch-develop/pal" -> "/home/pete/wefwefwef/docs/other/3a1dac97cc652bd62792cb8ec03bf1d2/repo/develop/.xml/pal"
Generated pal XMLs: ["/home/pete/wefwefwef/docs/other/3a1dac97cc652bd62792cb8ec03bf1d2/repo/develop/.xml/pal/pal.xml",
                     "/home/pete/wefwefwef/docs/other/3a1dac97cc652bd62792cb8ec03bf1d2/repo/develop/.xml/pal/pal_authentication.xml",
                     "/home/pete/wefwefwef/docs/other/3a1dac97cc652bd62792cb8ec03bf1d2/repo/develop/.xml/pal/pal_http.xml",
                     "/home/pete/wefwefwef/docs/other/3a1dac97cc652bd62792cb8ec03bf1d2/repo/develop/.xml/pal/pal_workflow.xml"]
Generating HTML - pal "/home/pete/wefwefwef/docs/other/3a1dac97cc652bd62792cb8ec03bf1d2/repo/develop/.xml/pal/pal.xml"
Generating HTML - pal_authentication "/home/pete/wefwefwef/docs/other/3a1dac97cc652bd62792cb8ec03bf1d2/repo/develop/.xml/pal/pal_authentication.xml"
Generating HTML - pal_http "/home/pete/wefwefwef/docs/other/3a1dac97cc652bd62792cb8ec03bf1d2/repo/develop/.xml/pal/pal_http.xml"
Generating HTML - pal_workflow "/home/pete/wefwefwef/docs/other/3a1dac97cc652bd62792cb8ec03bf1d2/repo/develop/.xml/pal/pal_workflow.xml"
Reading XML for "/home/pete/wefwefwef/docs/other/3a1dac97cc652bd62792cb8ec03bf1d2/repo/develop/.xml/pal/pal.xml"
Reading XML for "/home/pete/wefwefwef/docs/other/3a1dac97cc652bd62792cb8ec03bf1d2/repo/develop/.xml/pal/pal_authentication.xml"
Reading XML for "/home/pete/wefwefwef/docs/other/3a1dac97cc652bd62792cb8ec03bf1d2/repo/develop/.xml/pal/pal_http.xml"
Reading XML for "/home/pete/wefwefwef/docs/other/3a1dac97cc652bd62792cb8ec03bf1d2/repo/develop/.xml/pal/pal_workflow.xml"
Reading XML for "/home/pete/wefwefwef/docs/other/3a1dac97cc652bd62792cb8ec03bf1d2/repo/develop/.xml/specs_pal.xml"
Reading XML for "/home/pete/wefwefwef/docs/other/3a1dac97cc652bd62792cb8ec03bf1d2/repo/develop/.xml/specs_pal_authentication.xml"
Reading XML for "/home/pete/wefwefwef/docs/other/3a1dac97cc652bd62792cb8ec03bf1d2/repo/develop/.xml/specs_pal_workflow.xml"
Reading XML for "/home/pete/wefwefwef/docs/other/3a1dac97cc652bd62792cb8ec03bf1d2/repo/develop/.xml/specs_pal_http.xml"
Creating index.html ...
Creating erldocs_index.js ...
Woot, finished in 0 Minutes 0 Seconds
 :: Discovering other repos
$ 5000  `rm -r '/home/pete/wefwefwef/docs/other/3a1dac97cc652bd62792cb8ec03bf1d2/pal-branch-develop'  2>&1`
 :: Processing https://github.com/manifest/pal	{rev,tag,"v0.3.1","07711ca02635895af78be5105c7fa7c9bbd4e896",undefined,[],[]}
 :: Fetching repo code
$ cd '/home/pete/wefwefwef/docs/other/3a1dac97cc652bd62792cb8ec03bf1d2/pal-tag-v0.3.1'
$ infinity  `curl --fail --silent --show-error --location --output repo.tar.gz 'https://codeload.github.com/manifest/pal/legacy.tar.gz/v0.3.1'  2>&1`
$ cd '/home/pete/wefwefwef/docs/erldocs_other.git'
$ cd '/home/pete/wefwefwef/docs/other/3a1dac97cc652bd62792cb8ec03bf1d2/pal-tag-v0.3.1/manifest-pal-07711ca'
$ 5000  `find -P . -type l -delete  2>&1`
$ cd '/home/pete/wefwefwef/docs/erldocs_other.git'
$ 5000  `mv '/home/pete/wefwefwef/docs/other/3a1dac97cc652bd62792cb8ec03bf1d2/pal-tag-v0.3.1/manifest-pal-07711ca' '/home/pete/wefwefwef/docs/other/3a1dac97cc652bd62792cb8ec03bf1d2/pal-tag-v0.3.1/pal'  2>&1`
 :: Getting dependencies
$ cd '/home/pete/wefwefwef/docs/other/3a1dac97cc652bd62792cb8ec03bf1d2/pal-tag-v0.3.1/pal'
$ infinity  `rebar --config '/home/pete/wefwefwef/docs/other/3a1dac97cc652bd62792cb8ec03bf1d2/pal-tag-v0.3.1/rebar_deps' get-deps  2>&1`
$ cd '/home/pete/wefwefwef/docs/erldocs_other.git'
$ cd '/home/pete/wefwefwef/docs/other/3a1dac97cc652bd62792cb8ec03bf1d2/pal-tag-v0.3.1/pal'
$ 5000  `find -P . -type l -delete  2>&1`
$ cd '/home/pete/wefwefwef/docs/erldocs_other.git'
$ cd '/home/pete/wefwefwef/docs/other/3a1dac97cc652bd62792cb8ec03bf1d2/pal-tag-v0.3.1/pal'
$ 5000  `ls -1 deps/  2>&1`
$ cd '/home/pete/wefwefwef/docs/erldocs_other.git'
>>> [rebar] deps = []
 :: Generating erldocs into /home/pete/wefwefwef/docs/other/3a1dac97cc652bd62792cb8ec03bf1d2/repo/v0.3.1
Building pal
Generating Type Specs - "/home/pete/wefwefwef/docs/other/3a1dac97cc652bd62792cb8ec03bf1d2/pal-tag-v0.3.1/pal/src/pal.erl"
Generating Type Specs - "/home/pete/wefwefwef/docs/other/3a1dac97cc652bd62792cb8ec03bf1d2/pal-tag-v0.3.1/pal/src/pal_authentication.erl"
Generating Type Specs - "/home/pete/wefwefwef/docs/other/3a1dac97cc652bd62792cb8ec03bf1d2/pal-tag-v0.3.1/pal/src/pal_http.erl"
Generating Type Specs - "/home/pete/wefwefwef/docs/other/3a1dac97cc652bd62792cb8ec03bf1d2/pal-tag-v0.3.1/pal/src/pal_workflow.erl"
Generating XML for application pal "/home/pete/wefwefwef/docs/other/3a1dac97cc652bd62792cb8ec03bf1d2/pal-tag-v0.3.1/pal" -> "/home/pete/wefwefwef/docs/other/3a1dac97cc652bd62792cb8ec03bf1d2/repo/v0.3.1/.xml/pal"
Generated pal XMLs: ["/home/pete/wefwefwef/docs/other/3a1dac97cc652bd62792cb8ec03bf1d2/repo/v0.3.1/.xml/pal/pal.xml",
                     "/home/pete/wefwefwef/docs/other/3a1dac97cc652bd62792cb8ec03bf1d2/repo/v0.3.1/.xml/pal/pal_authentication.xml",
                     "/home/pete/wefwefwef/docs/other/3a1dac97cc652bd62792cb8ec03bf1d2/repo/v0.3.1/.xml/pal/pal_http.xml",
                     "/home/pete/wefwefwef/docs/other/3a1dac97cc652bd62792cb8ec03bf1d2/repo/v0.3.1/.xml/pal/pal_workflow.xml"]
Generating HTML - pal "/home/pete/wefwefwef/docs/other/3a1dac97cc652bd62792cb8ec03bf1d2/repo/v0.3.1/.xml/pal/pal.xml"
Generating HTML - pal_authentication "/home/pete/wefwefwef/docs/other/3a1dac97cc652bd62792cb8ec03bf1d2/repo/v0.3.1/.xml/pal/pal_authentication.xml"
Generating HTML - pal_http "/home/pete/wefwefwef/docs/other/3a1dac97cc652bd62792cb8ec03bf1d2/repo/v0.3.1/.xml/pal/pal_http.xml"
Generating HTML - pal_workflow "/home/pete/wefwefwef/docs/other/3a1dac97cc652bd62792cb8ec03bf1d2/repo/v0.3.1/.xml/pal/pal_workflow.xml"
Reading XML for "/home/pete/wefwefwef/docs/other/3a1dac97cc652bd62792cb8ec03bf1d2/repo/v0.3.1/.xml/pal/pal.xml"
Reading XML for "/home/pete/wefwefwef/docs/other/3a1dac97cc652bd62792cb8ec03bf1d2/repo/v0.3.1/.xml/pal/pal_authentication.xml"
Reading XML for "/home/pete/wefwefwef/docs/other/3a1dac97cc652bd62792cb8ec03bf1d2/repo/v0.3.1/.xml/pal/pal_http.xml"
Reading XML for "/home/pete/wefwefwef/docs/other/3a1dac97cc652bd62792cb8ec03bf1d2/repo/v0.3.1/.xml/pal/pal_workflow.xml"
Reading XML for "/home/pete/wefwefwef/docs/other/3a1dac97cc652bd62792cb8ec03bf1d2/repo/v0.3.1/.xml/specs_pal.xml"
Reading XML for "/home/pete/wefwefwef/docs/other/3a1dac97cc652bd62792cb8ec03bf1d2/repo/v0.3.1/.xml/specs_pal_workflow.xml"
Reading XML for "/home/pete/wefwefwef/docs/other/3a1dac97cc652bd62792cb8ec03bf1d2/repo/v0.3.1/.xml/specs_pal_authentication.xml"
Reading XML for "/home/pete/wefwefwef/docs/other/3a1dac97cc652bd62792cb8ec03bf1d2/repo/v0.3.1/.xml/specs_pal_http.xml"
Creating index.html ...
Creating erldocs_index.js ...
Woot, finished in 0 Minutes 0 Seconds
 :: Discovering other repos
$ 5000  `rm -r '/home/pete/wefwefwef/docs/other/3a1dac97cc652bd62792cb8ec03bf1d2/pal-tag-v0.3.1'  2>&1`
 :: Processing https://github.com/manifest/pal	{rev,tag,"v0.3.0","cdaef29a987cc806a119913e8e37a954446d594c",undefined,[],[]}
 :: Fetching repo code
$ cd '/home/pete/wefwefwef/docs/other/3a1dac97cc652bd62792cb8ec03bf1d2/pal-tag-v0.3.0'
$ infinity  `curl --fail --silent --show-error --location --output repo.tar.gz 'https://codeload.github.com/manifest/pal/legacy.tar.gz/v0.3.0'  2>&1`
$ cd '/home/pete/wefwefwef/docs/erldocs_other.git'
$ cd '/home/pete/wefwefwef/docs/other/3a1dac97cc652bd62792cb8ec03bf1d2/pal-tag-v0.3.0/manifest-pal-cdaef29'
$ 5000  `find -P . -type l -delete  2>&1`
$ cd '/home/pete/wefwefwef/docs/erldocs_other.git'
$ 5000  `mv '/home/pete/wefwefwef/docs/other/3a1dac97cc652bd62792cb8ec03bf1d2/pal-tag-v0.3.0/manifest-pal-cdaef29' '/home/pete/wefwefwef/docs/other/3a1dac97cc652bd62792cb8ec03bf1d2/pal-tag-v0.3.0/pal'  2>&1`
 :: Getting dependencies
$ cd '/home/pete/wefwefwef/docs/other/3a1dac97cc652bd62792cb8ec03bf1d2/pal-tag-v0.3.0/pal'
$ infinity  `rebar --config '/home/pete/wefwefwef/docs/other/3a1dac97cc652bd62792cb8ec03bf1d2/pal-tag-v0.3.0/rebar_deps' get-deps  2>&1`
$ cd '/home/pete/wefwefwef/docs/erldocs_other.git'
$ cd '/home/pete/wefwefwef/docs/other/3a1dac97cc652bd62792cb8ec03bf1d2/pal-tag-v0.3.0/pal'
$ 5000  `find -P . -type l -delete  2>&1`
$ cd '/home/pete/wefwefwef/docs/erldocs_other.git'
$ cd '/home/pete/wefwefwef/docs/other/3a1dac97cc652bd62792cb8ec03bf1d2/pal-tag-v0.3.0/pal'
$ 5000  `ls -1 deps/  2>&1`
$ cd '/home/pete/wefwefwef/docs/erldocs_other.git'
>>> [rebar] deps = []
 :: Generating erldocs into /home/pete/wefwefwef/docs/other/3a1dac97cc652bd62792cb8ec03bf1d2/repo/v0.3.0
Building pal
Generating Type Specs - "/home/pete/wefwefwef/docs/other/3a1dac97cc652bd62792cb8ec03bf1d2/pal-tag-v0.3.0/pal/src/pal.erl"
Generating Type Specs - "/home/pete/wefwefwef/docs/other/3a1dac97cc652bd62792cb8ec03bf1d2/pal-tag-v0.3.0/pal/src/pal_authentication.erl"
Generating Type Specs - "/home/pete/wefwefwef/docs/other/3a1dac97cc652bd62792cb8ec03bf1d2/pal-tag-v0.3.0/pal/src/pal_http.erl"
Generating Type Specs - "/home/pete/wefwefwef/docs/other/3a1dac97cc652bd62792cb8ec03bf1d2/pal-tag-v0.3.0/pal/src/pal_workflow.erl"
Generating XML for application pal "/home/pete/wefwefwef/docs/other/3a1dac97cc652bd62792cb8ec03bf1d2/pal-tag-v0.3.0/pal" -> "/home/pete/wefwefwef/docs/other/3a1dac97cc652bd62792cb8ec03bf1d2/repo/v0.3.0/.xml/pal"
Generated pal XMLs: ["/home/pete/wefwefwef/docs/other/3a1dac97cc652bd62792cb8ec03bf1d2/repo/v0.3.0/.xml/pal/pal.xml",
                     "/home/pete/wefwefwef/docs/other/3a1dac97cc652bd62792cb8ec03bf1d2/repo/v0.3.0/.xml/pal/pal_authentication.xml",
                     "/home/pete/wefwefwef/docs/other/3a1dac97cc652bd62792cb8ec03bf1d2/repo/v0.3.0/.xml/pal/pal_http.xml",
                     "/home/pete/wefwefwef/docs/other/3a1dac97cc652bd62792cb8ec03bf1d2/repo/v0.3.0/.xml/pal/pal_workflow.xml"]
Generating HTML - pal "/home/pete/wefwefwef/docs/other/3a1dac97cc652bd62792cb8ec03bf1d2/repo/v0.3.0/.xml/pal/pal.xml"
Generating HTML - pal_authentication "/home/pete/wefwefwef/docs/other/3a1dac97cc652bd62792cb8ec03bf1d2/repo/v0.3.0/.xml/pal/pal_authentication.xml"
Generating HTML - pal_http "/home/pete/wefwefwef/docs/other/3a1dac97cc652bd62792cb8ec03bf1d2/repo/v0.3.0/.xml/pal/pal_http.xml"
Generating HTML - pal_workflow "/home/pete/wefwefwef/docs/other/3a1dac97cc652bd62792cb8ec03bf1d2/repo/v0.3.0/.xml/pal/pal_workflow.xml"
Reading XML for "/home/pete/wefwefwef/docs/other/3a1dac97cc652bd62792cb8ec03bf1d2/repo/v0.3.0/.xml/pal/pal.xml"
Reading XML for "/home/pete/wefwefwef/docs/other/3a1dac97cc652bd62792cb8ec03bf1d2/repo/v0.3.0/.xml/pal/pal_authentication.xml"
Reading XML for "/home/pete/wefwefwef/docs/other/3a1dac97cc652bd62792cb8ec03bf1d2/repo/v0.3.0/.xml/pal/pal_http.xml"
Reading XML for "/home/pete/wefwefwef/docs/other/3a1dac97cc652bd62792cb8ec03bf1d2/repo/v0.3.0/.xml/pal/pal_workflow.xml"
Reading XML for "/home/pete/wefwefwef/docs/other/3a1dac97cc652bd62792cb8ec03bf1d2/repo/v0.3.0/.xml/specs_pal.xml"
Reading XML for "/home/pete/wefwefwef/docs/other/3a1dac97cc652bd62792cb8ec03bf1d2/repo/v0.3.0/.xml/specs_pal_http.xml"
Reading XML for "/home/pete/wefwefwef/docs/other/3a1dac97cc652bd62792cb8ec03bf1d2/repo/v0.3.0/.xml/specs_pal_authentication.xml"
Reading XML for "/home/pete/wefwefwef/docs/other/3a1dac97cc652bd62792cb8ec03bf1d2/repo/v0.3.0/.xml/specs_pal_workflow.xml"
Creating index.html ...
Creating erldocs_index.js ...
Woot, finished in 0 Minutes 0 Seconds
 :: Discovering other repos
$ 5000  `rm -r '/home/pete/wefwefwef/docs/other/3a1dac97cc652bd62792cb8ec03bf1d2/pal-tag-v0.3.0'  2>&1`
 :: Finishing up
$ 5000  `rm -r '/home/pete/wefwefwef/docs/other/3a1dac97cc652bd62792cb8ec03bf1d2/pal'  2>&1`
