 :: Extracting meta information
$ 5000  `git ls-remote --heads --tags 'https://github.com/tiash/parser_pt'  2>&1`
>>> [repo] 1 branches, 0 tags
 :: Writing meta to "/home/pete/wefwefwef/docs/other/3163862121/meta.txt"
 :: Processing https://github.com/tiash/parser_pt	{rev,branch,"master","6aa8580d4acac76e7e0ec0dba83af6d6e6e12c97"}
 :: Fetching repo code
$ cd "/home/pete/wefwefwef/docs/other/3163862121/parser_pt-branch-master/parser_pt"
$ infinity  `curl --fail --silent --show-error --location --output 'master.zip' 'https://github.com/tiash/parser_pt/archive/master.zip'  2>&1`
$ cd "/home/pete/wefwefwef/docs/erldocs_other.git"
$ cd "/home/pete/wefwefwef/docs/other/3163862121/parser_pt-branch-master/parser_pt"
$ 5000  `find -P . -type l -delete  2>&1`
$ cd "/home/pete/wefwefwef/docs/erldocs_other.git"
$ cd "/home/pete/wefwefwef/docs/other/3163862121/parser_pt-branch-master/parser_pt"
$ 5000  `find 'parser_pt-master' -mindepth 1 -maxdepth 1 -exec mv -t . -- {} +  2>&1`
$ cd "/home/pete/wefwefwef/docs/erldocs_other.git"
 :: Getting dependencies
$ cd "/home/pete/wefwefwef/docs/other/3163862121/parser_pt-branch-master/parser_pt"
$ 5000  `ls -1 deps/  2>&1`
$ cd "/home/pete/wefwefwef/docs/erldocs_other.git"
>>> [rebar] deps = []
 :: Generating erldocs into /home/pete/wefwefwef/docs/other/3163862121/repo/master
Building parser_pt
Generating Type Specs - "/home/pete/wefwefwef/docs/other/3163862121/parser_pt-branch-master/parser_pt/src/parser_pt.erl"
Generating XML for application parser_pt "/home/pete/wefwefwef/docs/other/3163862121/parser_pt-branch-master/parser_pt" -> "/home/pete/wefwefwef/docs/other/3163862121/repo/master/.xml/parser_pt"
Generated parser_pt XMLs: ["/home/pete/wefwefwef/docs/other/3163862121/repo/master/.xml/parser_pt/parser_pt.xml"]
Generating HTML - parser_pt "/home/pete/wefwefwef/docs/other/3163862121/repo/master/.xml/parser_pt/parser_pt.xml"
Reading XML for "/home/pete/wefwefwef/docs/other/3163862121/repo/master/.xml/parser_pt/parser_pt.xml"
Reading XML for "/home/pete/wefwefwef/docs/other/3163862121/repo/master/.xml/specs_parser_pt.xml"
Creating index.html ...
Creating erldocs_index.js ...
Woot, finished in 0 Minutes 0 Seconds
 :: Discovering other repos
$ 5000  `rm -r '/home/pete/wefwefwef/docs/other/3163862121/parser_pt-branch-master'  2>&1`
 :: Erldocs finishing up
$ 5000  `rm -r '/home/pete/wefwefwef/docs/other/3163862121/parser_pt'  2>&1`
