 :: Extracting meta information
$ infinity  `git ls-remote --heads --tags 'https://github.com/lasp-lang/time_compat'  2>&1`
>>> [repo] 1 branches, 0 tags
 :: Writing meta to "/home/pete/wefwefwef/docs/other/3ca9fa18992e5338852cd089ec51cab0152611d4/meta.txt"
 :: Processing https://github.com/lasp-lang/time_compat	{rev,branch,"master","adfae4409187cc1a9f79028986e92e8730b5eda5",undefined,[],[]}
 :: Fetching repo code
$ cd '/home/pete/wefwefwef/docs/other/3ca9fa18992e5338852cd089ec51cab0152611d4/time_compat-branch-master'
$ infinity  `curl --fail --silent --show-error --location --output repo.tar.gz 'https://codeload.github.com/lasp-lang/time_compat/tar.gz/master'  2>&1`
$ cd '/home/pete/wefwefwef/docs/erldocs_other.git'
$ cd '/home/pete/wefwefwef/docs/other/3ca9fa18992e5338852cd089ec51cab0152611d4/time_compat-branch-master/time_compat-master'
$ 5000  `find -P . -type l -delete  2>&1`
$ cd '/home/pete/wefwefwef/docs/erldocs_other.git'
$ 5000  `mv '/home/pete/wefwefwef/docs/other/3ca9fa18992e5338852cd089ec51cab0152611d4/time_compat-branch-master/time_compat-master' '/home/pete/wefwefwef/docs/other/3ca9fa18992e5338852cd089ec51cab0152611d4/time_compat-branch-master/time_compat'  2>&1`
 :: Getting dependencies
$ cd '/home/pete/wefwefwef/docs/other/3ca9fa18992e5338852cd089ec51cab0152611d4/time_compat-branch-master/time_compat'
$ 5000  `ls -1 deps/  2>&1`
$ cd '/home/pete/wefwefwef/docs/erldocs_other.git'
>>> [rebar] deps = []
 :: Generating erldocs into /home/pete/wefwefwef/docs/other/3ca9fa18992e5338852cd089ec51cab0152611d4/repo/master
Building time_compat
Generating Type Specs - "/home/pete/wefwefwef/docs/other/3ca9fa18992e5338852cd089ec51cab0152611d4/time_compat-branch-master/time_compat/src/time_compat.erl"
Generating XML for application time_compat "/home/pete/wefwefwef/docs/other/3ca9fa18992e5338852cd089ec51cab0152611d4/time_compat-branch-master/time_compat" -> "/home/pete/wefwefwef/docs/other/3ca9fa18992e5338852cd089ec51cab0152611d4/repo/master/.xml/time_compat"
Generated time_compat XMLs: ["/home/pete/wefwefwef/docs/other/3ca9fa18992e5338852cd089ec51cab0152611d4/repo/master/.xml/time_compat/time_compat.xml"]
Generating HTML - time_compat "/home/pete/wefwefwef/docs/other/3ca9fa18992e5338852cd089ec51cab0152611d4/repo/master/.xml/time_compat/time_compat.xml"
Reading XML for "/home/pete/wefwefwef/docs/other/3ca9fa18992e5338852cd089ec51cab0152611d4/repo/master/.xml/time_compat/time_compat.xml"
Reading XML for "/home/pete/wefwefwef/docs/other/3ca9fa18992e5338852cd089ec51cab0152611d4/repo/master/.xml/specs_time_compat.xml"
Creating index.html ...
Creating erldocs_index.js ...
Woot, finished in 0 Minutes 0 Seconds
 :: Discovering other repos
$ 5000  `rm -r '/home/pete/wefwefwef/docs/other/3ca9fa18992e5338852cd089ec51cab0152611d4/time_compat-branch-master'  2>&1`
 :: Finishing up
$ 5000  `rm -r '/home/pete/wefwefwef/docs/other/3ca9fa18992e5338852cd089ec51cab0152611d4/time_compat'  2>&1`
