 :: Extracting meta information
$ 5000  `git ls-remote --heads --tags 'https://github.com/erlyvideo/avcodec'  2>&1`
>>> [repo] 1 branches, 0 tags
 :: Writing meta to "/home/pete/wefwefwef/docs/other/5050646339/meta.txt"
 :: Processing https://github.com/erlyvideo/avcodec	{rev,branch,"master","e3a1a07da7a28cc02a511bd1d5b75edd4cd3af5a"}
 :: Fetching repo code
$ cd "/home/pete/wefwefwef/docs/other/5050646339/avcodec-branch-master/avcodec"
$ infinity  `curl --fail --silent --show-error --location --output 'master.zip' 'https://github.com/erlyvideo/avcodec/archive/master.zip'  2>&1`
$ cd "/home/pete/wefwefwef/docs/erldocs_other.git"
$ cd "/home/pete/wefwefwef/docs/other/5050646339/avcodec-branch-master/avcodec"
$ 5000  `find -P . -type l -delete  2>&1`
$ cd "/home/pete/wefwefwef/docs/erldocs_other.git"
$ cd "/home/pete/wefwefwef/docs/other/5050646339/avcodec-branch-master/avcodec"
$ 5000  `find 'avcodec-master' -mindepth 1 -maxdepth 1 -exec mv -t . -- {} +  2>&1`
$ cd "/home/pete/wefwefwef/docs/erldocs_other.git"
 :: Getting dependencies
$ cd "/home/pete/wefwefwef/docs/other/5050646339/avcodec-branch-master/avcodec"
$ 5000  `ls -1 deps/  2>&1`
$ cd "/home/pete/wefwefwef/docs/erldocs_other.git"
>>> [rebar] deps = []
 :: Generating erldocs into /home/pete/wefwefwef/docs/other/5050646339/repo/master
Building avcodec
Generating Type Specs - "/home/pete/wefwefwef/docs/other/5050646339/avcodec-branch-master/avcodec/src/av_decoder.erl"
EDoc could not process file '/home/pete/wefwefwef/docs/other/5050646339/avcodec-branch-master/avcodec/src/av_decoder.erl'
Error generating type specs for "/home/pete/wefwefwef/docs/other/5050646339/avcodec-branch-master/avcodec/src/av_decoder.erl"
Generating Type Specs - "/home/pete/wefwefwef/docs/other/5050646339/avcodec-branch-master/avcodec/src/avcodec.erl"
/home/pete/wefwefwef/docs/other/5050646339/avcodec-branch-master/avcodec/src/avcodec.erl: at line 2: can't find include lib "erlmedia/include/video_frame.hrl"
EDoc could not process file '/home/pete/wefwefwef/docs/other/5050646339/avcodec-branch-master/avcodec/src/avcodec.erl'
Error generating type specs for "/home/pete/wefwefwef/docs/other/5050646339/avcodec-branch-master/avcodec/src/avcodec.erl"
Generating Type Specs - "/home/pete/wefwefwef/docs/other/5050646339/avcodec-branch-master/avcodec/src/avcodec_app.erl"
EDoc could not process file '/home/pete/wefwefwef/docs/other/5050646339/avcodec-branch-master/avcodec/src/avcodec_app.erl'
Error generating type specs for "/home/pete/wefwefwef/docs/other/5050646339/avcodec-branch-master/avcodec/src/avcodec_app.erl"
Generating Type Specs - "/home/pete/wefwefwef/docs/other/5050646339/avcodec-branch-master/avcodec/src/avcodec_sup.erl"
EDoc could not process file '/home/pete/wefwefwef/docs/other/5050646339/avcodec-branch-master/avcodec/src/avcodec_sup.erl'
Error generating type specs for "/home/pete/wefwefwef/docs/other/5050646339/avcodec-branch-master/avcodec/src/avcodec_sup.erl"
Generating Type Specs - "/home/pete/wefwefwef/docs/other/5050646339/avcodec-branch-master/avcodec/src/yuv_stream.erl"
/home/pete/wefwefwef/docs/other/5050646339/avcodec-branch-master/avcodec/src/yuv_stream.erl: at line 5: can't find include lib "erlmedia/include/video_frame.hrl"
EDoc could not process file '/home/pete/wefwefwef/docs/other/5050646339/avcodec-branch-master/avcodec/src/yuv_stream.erl'
Error generating type specs for "/home/pete/wefwefwef/docs/other/5050646339/avcodec-branch-master/avcodec/src/yuv_stream.erl"
Generating XML for application avcodec "/home/pete/wefwefwef/docs/other/5050646339/avcodec-branch-master/avcodec" -> "/home/pete/wefwefwef/docs/other/5050646339/repo/master/.xml/avcodec"
edoc: skipping source file '/home/pete/wefwefwef/docs/other/5050646339/avcodec-branch-master/avcodec/src/avcodec_sup.erl': {'EXIT',
                                                                                                                      {system_limit,
                                                                                                                       [{ets,
                                                                                                                         new,
                                                                                                                         [etypes,
                                                                                                                          [ordered_set]],
                                                                                                                         []},
                                                                                                                        {edoc_specs,
                                                                                                                         add_data,
                                                                                                                         4,
                                                                                                                         [{file,
                                                                                                                           "edoc_specs.erl"},
                                                                                                                          {line,
                                                                                                                           109}]},
                                                                                                                        {edoc_extract,
                                                                                                                         source1,
                                                                                                                         5,
                                                                                                                         [{file,
                                                                                                                           [...]},
                                                                                                                          {line,...}]},
                                                                                                                        {edoc_doclet,
                                                                                                                         source,
                                                                                                                         9,
                                                                                                                         [{file,...},
                                                                                                                          {...}]},
                                                                                                                        {lists,
                                                                                                                         foldl,
                                                                                                                         3,
                                                                                                                         [{...}|...]},
                                                                                                                        {edoc_doclet,
                                                                                                                         sources,
                                                                                                                         5,
                                                                                                                         [...]},
                                                                                                                        {edoc_doclet,
                                                                                                                         gen,
                                                                                                                         6,...},
                                                                                                                        {edoc_lib,
                                                                                                                         run_plugin,...}]}}.
/home/pete/wefwefwef/docs/other/5050646339/avcodec-branch-master/avcodec/src/avcodec.erl: at line 2: can't find include lib "erlmedia/include/video_frame.hrl"
edoc: skipping source file '/home/pete/wefwefwef/docs/other/5050646339/avcodec-branch-master/avcodec/src/avcodec.erl': {'EXIT',
                                                                                                                  error}.
/home/pete/wefwefwef/docs/other/5050646339/avcodec-branch-master/avcodec/src/yuv_stream.erl: at line 5: can't find include lib "erlmedia/include/video_frame.hrl"
edoc: skipping source file '/home/pete/wefwefwef/docs/other/5050646339/avcodec-branch-master/avcodec/src/yuv_stream.erl': {'EXIT',
                                                                                                                     error}.
edoc: skipping source file '/home/pete/wefwefwef/docs/other/5050646339/avcodec-branch-master/avcodec/src/avcodec_app.erl': {'EXIT',
                                                                                                                      {system_limit,
                                                                                                                       [{ets,
                                                                                                                         new,
                                                                                                                         [etypes,
                                                                                                                          [ordered_set]],
                                                                                                                         []},
                                                                                                                        {edoc_specs,
                                                                                                                         add_data,
                                                                                                                         4,
                                                                                                                         [{file,
                                                                                                                           "edoc_specs.erl"},
                                                                                                                          {line,
                                                                                                                           109}]},
                                                                                                                        {edoc_extract,
                                                                                                                         source1,
                                                                                                                         5,
                                                                                                                         [{file,
                                                                                                                           [...]},
                                                                                                                          {line,...}]},
                                                                                                                        {edoc_doclet,
                                                                                                                         source,
                                                                                                                         9,
                                                                                                                         [{file,...},
                                                                                                                          {...}]},
                                                                                                                        {lists,
                                                                                                                         foldl,
                                                                                                                         3,
                                                                                                                         [{...}|...]},
                                                                                                                        {edoc_doclet,
                                                                                                                         sources,
                                                                                                                         5,
                                                                                                                         [...]},
                                                                                                                        {edoc_doclet,
                                                                                                                         gen,
                                                                                                                         6,...},
                                                                                                                        {edoc_lib,
                                                                                                                         run_plugin,...}]}}.
edoc: skipping source file '/home/pete/wefwefwef/docs/other/5050646339/avcodec-branch-master/avcodec/src/av_decoder.erl': {'EXIT',
                                                                                                                     {system_limit,
                                                                                                                      [{ets,
                                                                                                                        new,
                                                                                                                        [etypes,
                                                                                                                         [ordered_set]],
                                                                                                                        []},
                                                                                                                       {edoc_specs,
                                                                                                                        add_data,
                                                                                                                        4,
                                                                                                                        [{file,
                                                                                                                          "edoc_specs.erl"},
                                                                                                                         {line,
                                                                                                                          109}]},
                                                                                                                       {edoc_extract,
                                                                                                                        source1,
                                                                                                                        5,
                                                                                                                        [{file,
                                                                                                                          [...]},
                                                                                                                         {line,...}]},
                                                                                                                       {edoc_doclet,
                                                                                                                        source,
                                                                                                                        9,
                                                                                                                        [{file,...},
                                                                                                                         {...}]},
                                                                                                                       {lists,
                                                                                                                        foldl,
                                                                                                                        3,
                                                                                                                        [{...}|...]},
                                                                                                                       {edoc_doclet,
                                                                                                                        sources,
                                                                                                                        5,
                                                                                                                        [...]},
                                                                                                                       {edoc_doclet,
                                                                                                                        gen,
                                                                                                                        6,...},
                                                                                                                       {edoc_lib,
                                                                                                                        run_plugin,...}]}}.
edoc: error in doclet 'edoc_doclet': {'EXIT',error}.
Error generating avcodec XMLs. Using fallback ...
Generating XML avcodec - av_decoder "/home/pete/wefwefwef/docs/other/5050646339/avcodec-branch-master/avcodec/src/av_decoder.erl" -> "/home/pete/wefwefwef/docs/other/5050646339/repo/master/.xml/avcodec/av_decoder.xml"
Error generating XML ("/home/pete/wefwefwef/docs/other/5050646339/avcodec-branch-master/avcodec/src/av_decoder.erl"): {'EXIT',
                                                                                                                       {system_limit,
                                                                                                                        [{ets,
                                                                                                                          new,
                                                                                                                          [etypes,
                                                                                                                           [ordered_set]],
                                                                                                                          []},
                                                                                                                         {edoc_specs,
                                                                                                                          add_data,
                                                                                                                          4,
                                                                                                                          [{file,
                                                                                                                            "edoc_specs.erl"},
                                                                                                                           {line,
                                                                                                                            109}]},
                                                                                                                         {edoc_extract,
                                                                                                                          source1,
                                                                                                                          5,
                                                                                                                          [{file,
                                                                                                                            "edoc_extract.erl"},
                                                                                                                           {line,
                                                                                                                            130}]},
                                                                                                                         {edoc,
                                                                                                                          read,
                                                                                                                          2,
                                                                                                                          [{file,
                                                                                                                            "edoc.erl"},
                                                                                                                           {line,
                                                                                                                            538}]},
                                                                                                                         {edoc,
                                                                                                                          file,
                                                                                                                          2,
                                                                                                                          [{file,
                                                                                                                            "edoc.erl"},
                                                                                                                           {line,
                                                                                                                            116}]},
                                                                                                                         {erldocs_core,
                                                                                                                          '-gen_docsrc/4-fun-1-',
                                                                                                                          5,
                                                                                                                          [{file,
                                                                                                                            "src/erldocs_core.erl"},
                                                                                                                           {line,
                                                                                                                            201}]},
                                                                                                                         {lists,
                                                                                                                          foldl,
                                                                                                                          3,
                                                                                                                          [{file,
                                                                                                                            "lists.erl"},
                                                                                                                           {line,
                                                                                                                            1261}]},
                                                                                                                         {erldocs_core,
                                                                                                                          tmp_cd,
                                                                                                                          2,
                                                                                                                          [{file,
                                                                                                                            "src/erldocs_core.erl"},
                                                                                                                           {line,
                                                                                                                            224}]}]}}
Generating XML avcodec - avcodec "/home/pete/wefwefwef/docs/other/5050646339/avcodec-branch-master/avcodec/src/avcodec.erl" -> "/home/pete/wefwefwef/docs/other/5050646339/repo/master/.xml/avcodec/avcodec.xml"
/home/pete/wefwefwef/docs/other/5050646339/avcodec-branch-master/avcodec/src/avcodec.erl: at line 2: can't find include lib "erlmedia/include/video_frame.hrl"
Error generating XML ("/home/pete/wefwefwef/docs/other/5050646339/avcodec-branch-master/avcodec/src/avcodec.erl"): {'EXIT',
                                                                                                                    error}
Generating XML avcodec - avcodec_app "/home/pete/wefwefwef/docs/other/5050646339/avcodec-branch-master/avcodec/src/avcodec_app.erl" -> "/home/pete/wefwefwef/docs/other/5050646339/repo/master/.xml/avcodec/avcodec_app.xml"
Error generating XML ("/home/pete/wefwefwef/docs/other/5050646339/avcodec-branch-master/avcodec/src/avcodec_app.erl"): {'EXIT',
                                                                                                                        {system_limit,
                                                                                                                         [{ets,
                                                                                                                           new,
                                                                                                                           [etypes,
                                                                                                                            [ordered_set]],
                                                                                                                           []},
                                                                                                                          {edoc_specs,
                                                                                                                           add_data,
                                                                                                                           4,
                                                                                                                           [{file,
                                                                                                                             "edoc_specs.erl"},
                                                                                                                            {line,
                                                                                                                             109}]},
                                                                                                                          {edoc_extract,
                                                                                                                           source1,
                                                                                                                           5,
                                                                                                                           [{file,
                                                                                                                             "edoc_extract.erl"},
                                                                                                                            {line,
                                                                                                                             130}]},
                                                                                                                          {edoc,
                                                                                                                           read,
                                                                                                                           2,
                                                                                                                           [{file,
                                                                                                                             "edoc.erl"},
                                                                                                                            {line,
                                                                                                                             538}]},
                                                                                                                          {edoc,
                                                                                                                           file,
                                                                                                                           2,
                                                                                                                           [{file,
                                                                                                                             "edoc.erl"},
                                                                                                                            {line,
                                                                                                                             116}]},
                                                                                                                          {erldocs_core,
                                                                                                                           '-gen_docsrc/4-fun-1-',
                                                                                                                           5,
                                                                                                                           [{file,
                                                                                                                             "src/erldocs_core.erl"},
                                                                                                                            {line,
                                                                                                                             201}]},
                                                                                                                          {lists,
                                                                                                                           foldl,
                                                                                                                           3,
                                                                                                                           [{file,
                                                                                                                             "lists.erl"},
                                                                                                                            {line,
                                                                                                                             1261}]},
                                                                                                                          {erldocs_core,
                                                                                                                           tmp_cd,
                                                                                                                           2,
                                                                                                                           [{file,
                                                                                                                             "src/erldocs_core.erl"},
                                                                                                                            {line,
                                                                                                                             224}]}]}}
Generating XML avcodec - avcodec_sup "/home/pete/wefwefwef/docs/other/5050646339/avcodec-branch-master/avcodec/src/avcodec_sup.erl" -> "/home/pete/wefwefwef/docs/other/5050646339/repo/master/.xml/avcodec/avcodec_sup.xml"
Error generating XML ("/home/pete/wefwefwef/docs/other/5050646339/avcodec-branch-master/avcodec/src/avcodec_sup.erl"): {'EXIT',
                                                                                                                        {system_limit,
                                                                                                                         [{ets,
                                                                                                                           new,
                                                                                                                           [etypes,
                                                                                                                            [ordered_set]],
                                                                                                                           []},
                                                                                                                          {edoc_specs,
                                                                                                                           add_data,
                                                                                                                           4,
                                                                                                                           [{file,
                                                                                                                             "edoc_specs.erl"},
                                                                                                                            {line,
                                                                                                                             109}]},
                                                                                                                          {edoc_extract,
                                                                                                                           source1,
                                                                                                                           5,
                                                                                                                           [{file,
                                                                                                                             "edoc_extract.erl"},
                                                                                                                            {line,
                                                                                                                             130}]},
                                                                                                                          {edoc,
                                                                                                                           read,
                                                                                                                           2,
                                                                                                                           [{file,
                                                                                                                             "edoc.erl"},
                                                                                                                            {line,
                                                                                                                             538}]},
                                                                                                                          {edoc,
                                                                                                                           file,
                                                                                                                           2,
                                                                                                                           [{file,
                                                                                                                             "edoc.erl"},
                                                                                                                            {line,
                                                                                                                             116}]},
                                                                                                                          {erldocs_core,
                                                                                                                           '-gen_docsrc/4-fun-1-',
                                                                                                                           5,
                                                                                                                           [{file,
                                                                                                                             "src/erldocs_core.erl"},
                                                                                                                            {line,
                                                                                                                             201}]},
                                                                                                                          {lists,
                                                                                                                           foldl,
                                                                                                                           3,
                                                                                                                           [{file,
                                                                                                                             "lists.erl"},
                                                                                                                            {line,
                                                                                                                             1261}]},
                                                                                                                          {erldocs_core,
                                                                                                                           tmp_cd,
                                                                                                                           2,
                                                                                                                           [{file,
                                                                                                                             "src/erldocs_core.erl"},
                                                                                                                            {line,
                                                                                                                             224}]}]}}
Generating XML avcodec - yuv_stream "/home/pete/wefwefwef/docs/other/5050646339/avcodec-branch-master/avcodec/src/yuv_stream.erl" -> "/home/pete/wefwefwef/docs/other/5050646339/repo/master/.xml/avcodec/yuv_stream.xml"
/home/pete/wefwefwef/docs/other/5050646339/avcodec-branch-master/avcodec/src/yuv_stream.erl: at line 5: can't find include lib "erlmedia/include/video_frame.hrl"
Error generating XML ("/home/pete/wefwefwef/docs/other/5050646339/avcodec-branch-master/avcodec/src/yuv_stream.erl"): {'EXIT',
                                                                                                                       error}
No documentation was generated!
Woot, finished in 0 Minutes 0 Seconds
 :: Discovering other repos
$ 5000  `rm -r '/home/pete/wefwefwef/docs/other/5050646339/avcodec-branch-master'  2>&1`
 :: Erldocs finishing up
$ 5000  `rm -r '/home/pete/wefwefwef/docs/other/5050646339/avcodec'  2>&1`
$ 5000  `rm -r '/home/pete/wefwefwef/docs/other/5050646339/repo/master'  2>&1`
