 :: Extracting meta information
$ infinity  `git ls-remote --heads --tags 'https://github.com/erlangninja/denrei'  2>&1`
>>> [repo] 2 branches, 4 tags
 :: Writing meta to "/home/pete/wefwefwef/docs/other/6895b9b5f7d0880827befede63137bbc/meta.txt"
 :: Skipping tag "0.1.0"
 :: Skipping tag "0.1.1"
 :: Processing https://github.com/erlangninja/denrei	{rev,branch,"master","93a8321fb38ce77f32830801e236c1a12f7d814d",undefined,[],[]}
 :: Fetching repo code
$ cd '/home/pete/wefwefwef/docs/other/6895b9b5f7d0880827befede63137bbc/denrei-branch-master'
$ infinity  `curl --fail --silent --show-error --location --output repo.tar.gz 'https://codeload.github.com/erlangninja/denrei/legacy.tar.gz/master'  2>&1`
$ cd '/home/pete/wefwefwef/docs/erldocs_other.git'
$ cd '/home/pete/wefwefwef/docs/other/6895b9b5f7d0880827befede63137bbc/denrei-branch-master/ErlangNinja-denrei-93a8321'
$ 5000  `find -P . -type l -delete  2>&1`
$ cd '/home/pete/wefwefwef/docs/erldocs_other.git'
$ 5000  `mv '/home/pete/wefwefwef/docs/other/6895b9b5f7d0880827befede63137bbc/denrei-branch-master/ErlangNinja-denrei-93a8321' '/home/pete/wefwefwef/docs/other/6895b9b5f7d0880827befede63137bbc/denrei-branch-master/denrei'  2>&1`
 :: Getting dependencies
$ cd '/home/pete/wefwefwef/docs/other/6895b9b5f7d0880827befede63137bbc/denrei-branch-master/denrei'
$ infinity  `rebar --config '/home/pete/wefwefwef/docs/other/6895b9b5f7d0880827befede63137bbc/denrei-branch-master/rebar_deps' get-deps  2>&1`
$ cd '/home/pete/wefwefwef/docs/erldocs_other.git'
$ cd '/home/pete/wefwefwef/docs/other/6895b9b5f7d0880827befede63137bbc/denrei-branch-master/denrei'
$ 5000  `find -P . -type l -delete  2>&1`
$ cd '/home/pete/wefwefwef/docs/erldocs_other.git'
$ cd '/home/pete/wefwefwef/docs/other/6895b9b5f7d0880827befede63137bbc/denrei-branch-master/denrei'
$ 5000  `ls -1 deps/  2>&1`
$ cd '/home/pete/wefwefwef/docs/erldocs_other.git'
>>> [rebar] deps = ["goldrush","gurka","lager","ranch"]
 :: Generating erldocs into /home/pete/wefwefwef/docs/other/6895b9b5f7d0880827befede63137bbc/repo/master
Building denrei
Generating Type Specs - "/home/pete/wefwefwef/docs/other/6895b9b5f7d0880827befede63137bbc/denrei-branch-master/denrei/src/denrei.erl"
Generating Type Specs - "/home/pete/wefwefwef/docs/other/6895b9b5f7d0880827befede63137bbc/denrei-branch-master/denrei/src/denrei_app.erl"
Generating Type Specs - "/home/pete/wefwefwef/docs/other/6895b9b5f7d0880827befede63137bbc/denrei-branch-master/denrei/src/denrei_client.erl"
Generating Type Specs - "/home/pete/wefwefwef/docs/other/6895b9b5f7d0880827befede63137bbc/denrei-branch-master/denrei/src/denrei_protocol.erl"
Generating Type Specs - "/home/pete/wefwefwef/docs/other/6895b9b5f7d0880827befede63137bbc/denrei-branch-master/denrei/src/denrei_sup.erl"
Generating Type Specs - "/home/pete/wefwefwef/docs/other/6895b9b5f7d0880827befede63137bbc/denrei-branch-master/denrei/src/denrei_tree.erl"
Generating Type Specs - "/home/pete/wefwefwef/docs/other/6895b9b5f7d0880827befede63137bbc/denrei-branch-master/denrei/src/denrei_tree_server.erl"
Generating Type Specs - "/home/pete/wefwefwef/docs/other/6895b9b5f7d0880827befede63137bbc/denrei-branch-master/denrei/src/denrei_utils.erl"
Generating XML for application denrei "/home/pete/wefwefwef/docs/other/6895b9b5f7d0880827befede63137bbc/denrei-branch-master/denrei" -> "/home/pete/wefwefwef/docs/other/6895b9b5f7d0880827befede63137bbc/repo/master/.xml/denrei"
Generated denrei XMLs: ["/home/pete/wefwefwef/docs/other/6895b9b5f7d0880827befede63137bbc/repo/master/.xml/denrei/denrei_client.xml",
                        "/home/pete/wefwefwef/docs/other/6895b9b5f7d0880827befede63137bbc/repo/master/.xml/denrei/denrei.xml"]
Generating HTML - denrei "/home/pete/wefwefwef/docs/other/6895b9b5f7d0880827befede63137bbc/repo/master/.xml/denrei/denrei.xml"
Reading XML for "/home/pete/wefwefwef/docs/other/6895b9b5f7d0880827befede63137bbc/repo/master/.xml/denrei/denrei.xml"
Reading XML for "/home/pete/wefwefwef/docs/other/6895b9b5f7d0880827befede63137bbc/repo/master/.xml/specs_denrei.xml"
Generating HTML - denrei_client "/home/pete/wefwefwef/docs/other/6895b9b5f7d0880827befede63137bbc/repo/master/.xml/denrei/denrei_client.xml"
Reading XML for "/home/pete/wefwefwef/docs/other/6895b9b5f7d0880827befede63137bbc/repo/master/.xml/denrei/denrei_client.xml"
Reading XML for "/home/pete/wefwefwef/docs/other/6895b9b5f7d0880827befede63137bbc/repo/master/.xml/specs_denrei_client.xml"
Creating index.html ...
Creating erldocs_index.js ...
Woot, finished in 0 Minutes 0 Seconds
 :: Discovering other repos
$ 5000  `rm -r '/home/pete/wefwefwef/docs/other/6895b9b5f7d0880827befede63137bbc/denrei-branch-master'  2>&1`
 :: Processing https://github.com/erlangninja/denrei	{rev,branch,"gh-pages","93a8321fb38ce77f32830801e236c1a12f7d814d",undefined,[],[]}
 :: Fetching repo code
$ cd '/home/pete/wefwefwef/docs/other/6895b9b5f7d0880827befede63137bbc/denrei-branch-gh-pages'
$ infinity  `curl --fail --silent --show-error --location --output repo.tar.gz 'https://codeload.github.com/erlangninja/denrei/legacy.tar.gz/gh-pages'  2>&1`
$ cd '/home/pete/wefwefwef/docs/erldocs_other.git'
$ cd '/home/pete/wefwefwef/docs/other/6895b9b5f7d0880827befede63137bbc/denrei-branch-gh-pages/ErlangNinja-denrei-93a8321'
$ 5000  `find -P . -type l -delete  2>&1`
$ cd '/home/pete/wefwefwef/docs/erldocs_other.git'
$ 5000  `mv '/home/pete/wefwefwef/docs/other/6895b9b5f7d0880827befede63137bbc/denrei-branch-gh-pages/ErlangNinja-denrei-93a8321' '/home/pete/wefwefwef/docs/other/6895b9b5f7d0880827befede63137bbc/denrei-branch-gh-pages/denrei'  2>&1`
 :: Getting dependencies
$ cd '/home/pete/wefwefwef/docs/other/6895b9b5f7d0880827befede63137bbc/denrei-branch-gh-pages/denrei'
$ infinity  `rebar --config '/home/pete/wefwefwef/docs/other/6895b9b5f7d0880827befede63137bbc/denrei-branch-gh-pages/rebar_deps' get-deps  2>&1`
$ cd '/home/pete/wefwefwef/docs/erldocs_other.git'
$ cd '/home/pete/wefwefwef/docs/other/6895b9b5f7d0880827befede63137bbc/denrei-branch-gh-pages/denrei'
$ 5000  `find -P . -type l -delete  2>&1`
$ cd '/home/pete/wefwefwef/docs/erldocs_other.git'
$ cd '/home/pete/wefwefwef/docs/other/6895b9b5f7d0880827befede63137bbc/denrei-branch-gh-pages/denrei'
$ 5000  `ls -1 deps/  2>&1`
$ cd '/home/pete/wefwefwef/docs/erldocs_other.git'
>>> [rebar] deps = ["goldrush","gurka","lager","ranch"]
 :: Generating erldocs into /home/pete/wefwefwef/docs/other/6895b9b5f7d0880827befede63137bbc/repo/gh-pages
Building denrei
Generating Type Specs - "/home/pete/wefwefwef/docs/other/6895b9b5f7d0880827befede63137bbc/denrei-branch-gh-pages/denrei/src/denrei.erl"
Generating Type Specs - "/home/pete/wefwefwef/docs/other/6895b9b5f7d0880827befede63137bbc/denrei-branch-gh-pages/denrei/src/denrei_app.erl"
Generating Type Specs - "/home/pete/wefwefwef/docs/other/6895b9b5f7d0880827befede63137bbc/denrei-branch-gh-pages/denrei/src/denrei_client.erl"
Generating Type Specs - "/home/pete/wefwefwef/docs/other/6895b9b5f7d0880827befede63137bbc/denrei-branch-gh-pages/denrei/src/denrei_protocol.erl"
Generating Type Specs - "/home/pete/wefwefwef/docs/other/6895b9b5f7d0880827befede63137bbc/denrei-branch-gh-pages/denrei/src/denrei_sup.erl"
Generating Type Specs - "/home/pete/wefwefwef/docs/other/6895b9b5f7d0880827befede63137bbc/denrei-branch-gh-pages/denrei/src/denrei_tree.erl"
Generating Type Specs - "/home/pete/wefwefwef/docs/other/6895b9b5f7d0880827befede63137bbc/denrei-branch-gh-pages/denrei/src/denrei_tree_server.erl"
Generating Type Specs - "/home/pete/wefwefwef/docs/other/6895b9b5f7d0880827befede63137bbc/denrei-branch-gh-pages/denrei/src/denrei_utils.erl"
Generating XML for application denrei "/home/pete/wefwefwef/docs/other/6895b9b5f7d0880827befede63137bbc/denrei-branch-gh-pages/denrei" -> "/home/pete/wefwefwef/docs/other/6895b9b5f7d0880827befede63137bbc/repo/gh-pages/.xml/denrei"
Generated denrei XMLs: ["/home/pete/wefwefwef/docs/other/6895b9b5f7d0880827befede63137bbc/repo/gh-pages/.xml/denrei/denrei_client.xml",
                        "/home/pete/wefwefwef/docs/other/6895b9b5f7d0880827befede63137bbc/repo/gh-pages/.xml/denrei/denrei.xml"]
Generating HTML - denrei "/home/pete/wefwefwef/docs/other/6895b9b5f7d0880827befede63137bbc/repo/gh-pages/.xml/denrei/denrei.xml"
Reading XML for "/home/pete/wefwefwef/docs/other/6895b9b5f7d0880827befede63137bbc/repo/gh-pages/.xml/denrei/denrei.xml"
Reading XML for "/home/pete/wefwefwef/docs/other/6895b9b5f7d0880827befede63137bbc/repo/gh-pages/.xml/specs_denrei.xml"
Generating HTML - denrei_client "/home/pete/wefwefwef/docs/other/6895b9b5f7d0880827befede63137bbc/repo/gh-pages/.xml/denrei/denrei_client.xml"
Reading XML for "/home/pete/wefwefwef/docs/other/6895b9b5f7d0880827befede63137bbc/repo/gh-pages/.xml/denrei/denrei_client.xml"
Reading XML for "/home/pete/wefwefwef/docs/other/6895b9b5f7d0880827befede63137bbc/repo/gh-pages/.xml/specs_denrei_client.xml"
Creating index.html ...
Creating erldocs_index.js ...
Woot, finished in 0 Minutes 0 Seconds
 :: Discovering other repos
$ 5000  `rm -r '/home/pete/wefwefwef/docs/other/6895b9b5f7d0880827befede63137bbc/denrei-branch-gh-pages'  2>&1`
 :: Processing https://github.com/erlangninja/denrei	{rev,tag,"v0.1.0","504483cc7efe839f8872d368d40352c5bcd70d9b",undefined,[],[]}
 :: Fetching repo code
$ cd '/home/pete/wefwefwef/docs/other/6895b9b5f7d0880827befede63137bbc/denrei-tag-v0.1.0'
$ infinity  `curl --fail --silent --show-error --location --output repo.tar.gz 'https://codeload.github.com/erlangninja/denrei/legacy.tar.gz/v0.1.0'  2>&1`
$ cd '/home/pete/wefwefwef/docs/erldocs_other.git'
$ cd '/home/pete/wefwefwef/docs/other/6895b9b5f7d0880827befede63137bbc/denrei-tag-v0.1.0/ErlangNinja-denrei-504483c'
$ 5000  `find -P . -type l -delete  2>&1`
$ cd '/home/pete/wefwefwef/docs/erldocs_other.git'
$ 5000  `mv '/home/pete/wefwefwef/docs/other/6895b9b5f7d0880827befede63137bbc/denrei-tag-v0.1.0/ErlangNinja-denrei-504483c' '/home/pete/wefwefwef/docs/other/6895b9b5f7d0880827befede63137bbc/denrei-tag-v0.1.0/denrei'  2>&1`
 :: Getting dependencies
$ cd '/home/pete/wefwefwef/docs/other/6895b9b5f7d0880827befede63137bbc/denrei-tag-v0.1.0/denrei'
$ infinity  `rebar --config '/home/pete/wefwefwef/docs/other/6895b9b5f7d0880827befede63137bbc/denrei-tag-v0.1.0/rebar_deps' get-deps  2>&1`
$ cd '/home/pete/wefwefwef/docs/erldocs_other.git'
$ cd '/home/pete/wefwefwef/docs/other/6895b9b5f7d0880827befede63137bbc/denrei-tag-v0.1.0/denrei'
$ 5000  `find -P . -type l -delete  2>&1`
$ cd '/home/pete/wefwefwef/docs/erldocs_other.git'
$ cd '/home/pete/wefwefwef/docs/other/6895b9b5f7d0880827befede63137bbc/denrei-tag-v0.1.0/denrei'
$ 5000  `ls -1 deps/  2>&1`
$ cd '/home/pete/wefwefwef/docs/erldocs_other.git'
>>> [rebar] deps = ["gurka","lager","ranch"]
 :: Generating erldocs into /home/pete/wefwefwef/docs/other/6895b9b5f7d0880827befede63137bbc/repo/v0.1.0
Building denrei
Generating Type Specs - "/home/pete/wefwefwef/docs/other/6895b9b5f7d0880827befede63137bbc/denrei-tag-v0.1.0/denrei/src/denrei.erl"
Generating Type Specs - "/home/pete/wefwefwef/docs/other/6895b9b5f7d0880827befede63137bbc/denrei-tag-v0.1.0/denrei/src/denrei_app.erl"
Generating Type Specs - "/home/pete/wefwefwef/docs/other/6895b9b5f7d0880827befede63137bbc/denrei-tag-v0.1.0/denrei/src/denrei_client.erl"
Generating Type Specs - "/home/pete/wefwefwef/docs/other/6895b9b5f7d0880827befede63137bbc/denrei-tag-v0.1.0/denrei/src/denrei_protocol.erl"
Generating Type Specs - "/home/pete/wefwefwef/docs/other/6895b9b5f7d0880827befede63137bbc/denrei-tag-v0.1.0/denrei/src/denrei_sup.erl"
Generating Type Specs - "/home/pete/wefwefwef/docs/other/6895b9b5f7d0880827befede63137bbc/denrei-tag-v0.1.0/denrei/src/denrei_tree.erl"
Generating Type Specs - "/home/pete/wefwefwef/docs/other/6895b9b5f7d0880827befede63137bbc/denrei-tag-v0.1.0/denrei/src/denrei_tree_server.erl"
Generating Type Specs - "/home/pete/wefwefwef/docs/other/6895b9b5f7d0880827befede63137bbc/denrei-tag-v0.1.0/denrei/src/denrei_utils.erl"
Generating XML for application denrei "/home/pete/wefwefwef/docs/other/6895b9b5f7d0880827befede63137bbc/denrei-tag-v0.1.0/denrei" -> "/home/pete/wefwefwef/docs/other/6895b9b5f7d0880827befede63137bbc/repo/v0.1.0/.xml/denrei"
Generated denrei XMLs: ["/home/pete/wefwefwef/docs/other/6895b9b5f7d0880827befede63137bbc/repo/v0.1.0/.xml/denrei/denrei_client.xml",
                        "/home/pete/wefwefwef/docs/other/6895b9b5f7d0880827befede63137bbc/repo/v0.1.0/.xml/denrei/denrei.xml"]
Generating HTML - denrei "/home/pete/wefwefwef/docs/other/6895b9b5f7d0880827befede63137bbc/repo/v0.1.0/.xml/denrei/denrei.xml"
Reading XML for "/home/pete/wefwefwef/docs/other/6895b9b5f7d0880827befede63137bbc/repo/v0.1.0/.xml/denrei/denrei.xml"
Reading XML for "/home/pete/wefwefwef/docs/other/6895b9b5f7d0880827befede63137bbc/repo/v0.1.0/.xml/specs_denrei.xml"
Generating HTML - denrei_client "/home/pete/wefwefwef/docs/other/6895b9b5f7d0880827befede63137bbc/repo/v0.1.0/.xml/denrei/denrei_client.xml"
Reading XML for "/home/pete/wefwefwef/docs/other/6895b9b5f7d0880827befede63137bbc/repo/v0.1.0/.xml/denrei/denrei_client.xml"
Reading XML for "/home/pete/wefwefwef/docs/other/6895b9b5f7d0880827befede63137bbc/repo/v0.1.0/.xml/specs_denrei_client.xml"
Creating index.html ...
Creating erldocs_index.js ...
Woot, finished in 0 Minutes 0 Seconds
 :: Discovering other repos
$ 5000  `rm -r '/home/pete/wefwefwef/docs/other/6895b9b5f7d0880827befede63137bbc/denrei-tag-v0.1.0'  2>&1`
 :: Processing https://github.com/erlangninja/denrei	{rev,tag,"0.1.2","93a8321fb38ce77f32830801e236c1a12f7d814d",undefined,[],[]}
 :: Fetching repo code
$ cd '/home/pete/wefwefwef/docs/other/6895b9b5f7d0880827befede63137bbc/denrei-tag-0.1.2'
$ infinity  `curl --fail --silent --show-error --location --output repo.tar.gz 'https://codeload.github.com/erlangninja/denrei/legacy.tar.gz/0.1.2'  2>&1`
$ cd '/home/pete/wefwefwef/docs/erldocs_other.git'
$ cd '/home/pete/wefwefwef/docs/other/6895b9b5f7d0880827befede63137bbc/denrei-tag-0.1.2/ErlangNinja-denrei-93a8321'
$ 5000  `find -P . -type l -delete  2>&1`
$ cd '/home/pete/wefwefwef/docs/erldocs_other.git'
$ 5000  `mv '/home/pete/wefwefwef/docs/other/6895b9b5f7d0880827befede63137bbc/denrei-tag-0.1.2/ErlangNinja-denrei-93a8321' '/home/pete/wefwefwef/docs/other/6895b9b5f7d0880827befede63137bbc/denrei-tag-0.1.2/denrei'  2>&1`
 :: Getting dependencies
$ cd '/home/pete/wefwefwef/docs/other/6895b9b5f7d0880827befede63137bbc/denrei-tag-0.1.2/denrei'
$ infinity  `rebar --config '/home/pete/wefwefwef/docs/other/6895b9b5f7d0880827befede63137bbc/denrei-tag-0.1.2/rebar_deps' get-deps  2>&1`
$ cd '/home/pete/wefwefwef/docs/erldocs_other.git'
$ cd '/home/pete/wefwefwef/docs/other/6895b9b5f7d0880827befede63137bbc/denrei-tag-0.1.2/denrei'
$ 5000  `find -P . -type l -delete  2>&1`
$ cd '/home/pete/wefwefwef/docs/erldocs_other.git'
$ cd '/home/pete/wefwefwef/docs/other/6895b9b5f7d0880827befede63137bbc/denrei-tag-0.1.2/denrei'
$ 5000  `ls -1 deps/  2>&1`
$ cd '/home/pete/wefwefwef/docs/erldocs_other.git'
>>> [rebar] deps = ["goldrush","gurka","lager","ranch"]
 :: Generating erldocs into /home/pete/wefwefwef/docs/other/6895b9b5f7d0880827befede63137bbc/repo/0.1.2
Building denrei
Generating Type Specs - "/home/pete/wefwefwef/docs/other/6895b9b5f7d0880827befede63137bbc/denrei-tag-0.1.2/denrei/src/denrei.erl"
Generating Type Specs - "/home/pete/wefwefwef/docs/other/6895b9b5f7d0880827befede63137bbc/denrei-tag-0.1.2/denrei/src/denrei_app.erl"
Generating Type Specs - "/home/pete/wefwefwef/docs/other/6895b9b5f7d0880827befede63137bbc/denrei-tag-0.1.2/denrei/src/denrei_client.erl"
Generating Type Specs - "/home/pete/wefwefwef/docs/other/6895b9b5f7d0880827befede63137bbc/denrei-tag-0.1.2/denrei/src/denrei_protocol.erl"
Generating Type Specs - "/home/pete/wefwefwef/docs/other/6895b9b5f7d0880827befede63137bbc/denrei-tag-0.1.2/denrei/src/denrei_sup.erl"
Generating Type Specs - "/home/pete/wefwefwef/docs/other/6895b9b5f7d0880827befede63137bbc/denrei-tag-0.1.2/denrei/src/denrei_tree.erl"
Generating Type Specs - "/home/pete/wefwefwef/docs/other/6895b9b5f7d0880827befede63137bbc/denrei-tag-0.1.2/denrei/src/denrei_tree_server.erl"
Generating Type Specs - "/home/pete/wefwefwef/docs/other/6895b9b5f7d0880827befede63137bbc/denrei-tag-0.1.2/denrei/src/denrei_utils.erl"
Generating XML for application denrei "/home/pete/wefwefwef/docs/other/6895b9b5f7d0880827befede63137bbc/denrei-tag-0.1.2/denrei" -> "/home/pete/wefwefwef/docs/other/6895b9b5f7d0880827befede63137bbc/repo/0.1.2/.xml/denrei"
Generated denrei XMLs: ["/home/pete/wefwefwef/docs/other/6895b9b5f7d0880827befede63137bbc/repo/0.1.2/.xml/denrei/denrei_client.xml",
                        "/home/pete/wefwefwef/docs/other/6895b9b5f7d0880827befede63137bbc/repo/0.1.2/.xml/denrei/denrei.xml"]
Generating HTML - denrei "/home/pete/wefwefwef/docs/other/6895b9b5f7d0880827befede63137bbc/repo/0.1.2/.xml/denrei/denrei.xml"
Reading XML for "/home/pete/wefwefwef/docs/other/6895b9b5f7d0880827befede63137bbc/repo/0.1.2/.xml/denrei/denrei.xml"
Reading XML for "/home/pete/wefwefwef/docs/other/6895b9b5f7d0880827befede63137bbc/repo/0.1.2/.xml/specs_denrei.xml"
Generating HTML - denrei_client "/home/pete/wefwefwef/docs/other/6895b9b5f7d0880827befede63137bbc/repo/0.1.2/.xml/denrei/denrei_client.xml"
Reading XML for "/home/pete/wefwefwef/docs/other/6895b9b5f7d0880827befede63137bbc/repo/0.1.2/.xml/denrei/denrei_client.xml"
Reading XML for "/home/pete/wefwefwef/docs/other/6895b9b5f7d0880827befede63137bbc/repo/0.1.2/.xml/specs_denrei_client.xml"
Creating index.html ...
Creating erldocs_index.js ...
Woot, finished in 0 Minutes 0 Seconds
 :: Discovering other repos
$ 5000  `rm -r '/home/pete/wefwefwef/docs/other/6895b9b5f7d0880827befede63137bbc/denrei-tag-0.1.2'  2>&1`
 :: Finishing up
$ 5000  `rm -r '/home/pete/wefwefwef/docs/other/6895b9b5f7d0880827befede63137bbc/denrei'  2>&1`
