 :: Extracting meta information
$ 5000  `git ls-remote --heads --tags 'https://github.com/dannaaduna/travis_test'  2>&1`
>>> [repo] 1 branches, 0 tags
 :: Writing meta to "/home/pete/wefwefwef/docs/other/5574388702/meta.txt"
 :: Processing https://github.com/dannaaduna/travis_test	{rev,branch,"master","466483fdcd3587a357a64d8b9ba8b1fb944e26eb",undefined,[],[]}
 :: Fetching repo code
$ cd "/home/pete/wefwefwef/docs/other/5574388702/travis_test-branch-master/travis_test"
$ infinity  `curl --fail --silent --show-error --location --output 'master.zip' 'https://github.com/dannaaduna/travis_test/archive/master.zip'  2>&1`
$ cd "/home/pete/wefwefwef/docs/erldocs_other.git"
$ cd "/home/pete/wefwefwef/docs/other/5574388702/travis_test-branch-master/travis_test"
$ 5000  `find -P . -type l -delete  2>&1`
$ cd "/home/pete/wefwefwef/docs/erldocs_other.git"
$ cd "/home/pete/wefwefwef/docs/other/5574388702/travis_test-branch-master/travis_test"
$ 5000  `find 'travis_test-master' -mindepth 1 -maxdepth 1 -exec mv -t . -- {} +  2>&1`
$ cd "/home/pete/wefwefwef/docs/erldocs_other.git"
 :: Getting dependencies
$ cd "/home/pete/wefwefwef/docs/other/5574388702/travis_test-branch-master/travis_test"
$ 5000  `ls -1 deps/  2>&1`
$ cd "/home/pete/wefwefwef/docs/erldocs_other.git"
>>> [rebar] deps = []
 :: Generating erldocs into /home/pete/wefwefwef/docs/other/5574388702/repo/master
Building travis_test
Generating Type Specs - "/home/pete/wefwefwef/docs/other/5574388702/travis_test-branch-master/travis_test/src/travis_test_app.erl"
Generating Type Specs - "/home/pete/wefwefwef/docs/other/5574388702/travis_test-branch-master/travis_test/src/travis_test_sup.erl"
Generating XML for application travis_test "/home/pete/wefwefwef/docs/other/5574388702/travis_test-branch-master/travis_test" -> "/home/pete/wefwefwef/docs/other/5574388702/repo/master/.xml/travis_test"
Generated travis_test XMLs: ["/home/pete/wefwefwef/docs/other/5574388702/repo/master/.xml/travis_test/travis_test_sup.xml",
                             "/home/pete/wefwefwef/docs/other/5574388702/repo/master/.xml/travis_test/travis_test_app.xml"]
Generating HTML - travis_test_app "/home/pete/wefwefwef/docs/other/5574388702/repo/master/.xml/travis_test/travis_test_app.xml"
Reading XML for "/home/pete/wefwefwef/docs/other/5574388702/repo/master/.xml/travis_test/travis_test_app.xml"
Reading XML for "/home/pete/wefwefwef/docs/other/5574388702/repo/master/.xml/specs_travis_test_app.xml"
Generating HTML - travis_test_sup "/home/pete/wefwefwef/docs/other/5574388702/repo/master/.xml/travis_test/travis_test_sup.xml"
Reading XML for "/home/pete/wefwefwef/docs/other/5574388702/repo/master/.xml/travis_test/travis_test_sup.xml"
Reading XML for "/home/pete/wefwefwef/docs/other/5574388702/repo/master/.xml/specs_travis_test_sup.xml"
Creating index.html ...
Creating erldocs_index.js ...
Woot, finished in 0 Minutes 0 Seconds
 :: Discovering other repos
$ 5000  `rm -r '/home/pete/wefwefwef/docs/other/5574388702/travis_test-branch-master'  2>&1`
 :: Finishing up
$ 5000  `rm -r '/home/pete/wefwefwef/docs/other/5574388702/travis_test'  2>&1`
