 :: Extracting meta information
$ 5000  `git ls-remote --heads --tags 'https://github.com/cruppstahl/hamsterdb-erlang'  2>&1`
>>> [repo] 1 branches, 0 tags
 :: Writing meta to "/home/pete/wefwefwef/docs/other/651133604/meta.txt"
 :: Processing https://github.com/cruppstahl/hamsterdb-erlang	{rev,branch,"master","2bb2c90699f91813900521116b2638b6350b9fad"}
 :: Fetching repo code
$ cd "/home/pete/wefwefwef/docs/other/651133604/hamsterdb-erlang-branch-master/hamsterdb-erlang"
$ infinity  `curl --fail --silent --show-error --location --output 'master.zip' 'https://github.com/cruppstahl/hamsterdb-erlang/archive/master.zip'  2>&1`
$ cd "/home/pete/wefwefwef/docs/erldocs_other.git"
$ cd "/home/pete/wefwefwef/docs/other/651133604/hamsterdb-erlang-branch-master/hamsterdb-erlang"
$ 5000  `find -P . -type l -delete  2>&1`
$ cd "/home/pete/wefwefwef/docs/erldocs_other.git"
$ cd "/home/pete/wefwefwef/docs/other/651133604/hamsterdb-erlang-branch-master/hamsterdb-erlang"
$ 5000  `find 'hamsterdb-erlang-master' -mindepth 1 -maxdepth 1 -exec mv -t . -- {} +  2>&1`
$ cd "/home/pete/wefwefwef/docs/erldocs_other.git"
 :: Getting dependencies
$ cd "/home/pete/wefwefwef/docs/other/651133604/hamsterdb-erlang-branch-master/hamsterdb-erlang"
$ 5000  `ls -1 deps/  2>&1`
$ cd "/home/pete/wefwefwef/docs/erldocs_other.git"
>>> [rebar] deps = []
 :: Generating erldocs into /home/pete/wefwefwef/docs/other/651133604/repo/master
Building hamsterdb-erlang
Generating Type Specs - "/home/pete/wefwefwef/docs/other/651133604/hamsterdb-erlang-branch-master/hamsterdb-erlang/src/ham.erl"
Generating Type Specs - "/home/pete/wefwefwef/docs/other/651133604/hamsterdb-erlang-branch-master/hamsterdb-erlang/src/ham_nifs.erl"
Generating Type Specs - "/home/pete/wefwefwef/docs/other/651133604/hamsterdb-erlang-branch-master/hamsterdb-erlang/src/ham_tests.erl"
Generating XML for application hamsterdb-erlang "/home/pete/wefwefwef/docs/other/651133604/hamsterdb-erlang-branch-master/hamsterdb-erlang" -> "/home/pete/wefwefwef/docs/other/651133604/repo/master/.xml/hamsterdb-erlang"
/home/pete/wefwefwef/docs/other/651133604/hamsterdb-erlang-branch-master/hamsterdb-erlang/src/ham.erl: at line 97: warning: duplicated type cursor_insert_flag
/home/pete/wefwefwef/docs/other/651133604/hamsterdb-erlang-branch-master/hamsterdb-erlang/src/ham.erl: at line 88: warning: duplicated type cursor_move_flag
/home/pete/wefwefwef/docs/other/651133604/hamsterdb-erlang-branch-master/hamsterdb-erlang/src/ham.erl: at line 83: warning: duplicated type txn_begin_flag
/home/pete/wefwefwef/docs/other/651133604/hamsterdb-erlang-branch-master/hamsterdb-erlang/src/ham.erl: at line 76: warning: duplicated type db_find_flag
/home/pete/wefwefwef/docs/other/651133604/hamsterdb-erlang-branch-master/hamsterdb-erlang/src/ham.erl: at line 71: warning: duplicated type db_insert_flag
/home/pete/wefwefwef/docs/other/651133604/hamsterdb-erlang-branch-master/hamsterdb-erlang/src/ham.erl: at line 67: warning: duplicated type env_open_db_flag
/home/pete/wefwefwef/docs/other/651133604/hamsterdb-erlang-branch-master/hamsterdb-erlang/src/ham.erl: at line 59: warning: duplicated type env_create_db_flag
/home/pete/wefwefwef/docs/other/651133604/hamsterdb-erlang-branch-master/hamsterdb-erlang/src/ham.erl: at line 47: warning: duplicated type env_open_flag
/home/pete/wefwefwef/docs/other/651133604/hamsterdb-erlang-branch-master/hamsterdb-erlang/src/ham.erl: at line 36: warning: duplicated type env_create_flag
/home/pete/wefwefwef/docs/other/651133604/hamsterdb-erlang-branch-master/hamsterdb-erlang/src/ham.erl: at line 33: warning: duplicated type cursor
/home/pete/wefwefwef/docs/other/651133604/hamsterdb-erlang-branch-master/hamsterdb-erlang/src/ham.erl: at line 32: warning: duplicated type txn
/home/pete/wefwefwef/docs/other/651133604/hamsterdb-erlang-branch-master/hamsterdb-erlang/src/ham.erl: at line 31: warning: duplicated type db
/home/pete/wefwefwef/docs/other/651133604/hamsterdb-erlang-branch-master/hamsterdb-erlang/src/ham.erl: at line 30: warning: duplicated type env
Generated hamsterdb-erlang XMLs: ["/home/pete/wefwefwef/docs/other/651133604/repo/master/.xml/hamsterdb-erlang/ham_tests.xml",
                                  "/home/pete/wefwefwef/docs/other/651133604/repo/master/.xml/hamsterdb-erlang/ham_nifs.xml",
                                  "/home/pete/wefwefwef/docs/other/651133604/repo/master/.xml/hamsterdb-erlang/ham.xml"]
Generating HTML - ham "/home/pete/wefwefwef/docs/other/651133604/repo/master/.xml/hamsterdb-erlang/ham.xml"
Reading XML for "/home/pete/wefwefwef/docs/other/651133604/repo/master/.xml/hamsterdb-erlang/ham.xml"
Reading XML for "/home/pete/wefwefwef/docs/other/651133604/repo/master/.xml/specs_ham.xml"
Generating HTML - ham_nifs "/home/pete/wefwefwef/docs/other/651133604/repo/master/.xml/hamsterdb-erlang/ham_nifs.xml"
Reading XML for "/home/pete/wefwefwef/docs/other/651133604/repo/master/.xml/hamsterdb-erlang/ham_nifs.xml"
Reading XML for "/home/pete/wefwefwef/docs/other/651133604/repo/master/.xml/specs_ham_nifs.xml"
Generating HTML - ham_tests "/home/pete/wefwefwef/docs/other/651133604/repo/master/.xml/hamsterdb-erlang/ham_tests.xml"
Reading XML for "/home/pete/wefwefwef/docs/other/651133604/repo/master/.xml/hamsterdb-erlang/ham_tests.xml"
Reading XML for "/home/pete/wefwefwef/docs/other/651133604/repo/master/.xml/specs_ham_tests.xml"
Creating index.html ...
Creating erldocs_index.js ...
Woot, finished in 0 Minutes 0 Seconds
 :: Discovering other repos
$ 5000  `rm -r '/home/pete/wefwefwef/docs/other/651133604/hamsterdb-erlang-branch-master'  2>&1`
 :: Erldocs finishing up
$ 5000  `rm -r '/home/pete/wefwefwef/docs/other/651133604/hamsterdb-erlang'  2>&1`
