 :: Extracting meta information
$ 5000  `git ls-remote --heads --tags 'https://github.com/sanmiguel/websocket_client'  2>&1`
>>> [repo] 8 branches, 13 tags
 :: Writing meta to "/home/pete/wefwefwef/docs/other/3285075999/meta.txt"
 :: Processing https://github.com/sanmiguel/websocket_client	{rev,tag,"0.5.0","fb4224996e6d46c67ffbe4293f8698bc516acb6d",undefined,[],[]}
 :: Fetching repo code
$ cd "/home/pete/wefwefwef/docs/other/3285075999/websocket_client-tag-0.5.0/websocket_client"
$ infinity  `curl --fail --silent --show-error --location --output '0.5.0.zip' 'https://github.com/sanmiguel/websocket_client/archive/0.5.0.zip'  2>&1`
$ cd "/home/pete/wefwefwef/docs/erldocs_other.git"
$ cd "/home/pete/wefwefwef/docs/other/3285075999/websocket_client-tag-0.5.0/websocket_client"
$ 5000  `find -P . -type l -delete  2>&1`
$ cd "/home/pete/wefwefwef/docs/erldocs_other.git"
$ cd "/home/pete/wefwefwef/docs/other/3285075999/websocket_client-tag-0.5.0/websocket_client"
$ 5000  `find 'websocket_client-0.5.0' -mindepth 1 -maxdepth 1 -exec mv -t . -- {} +  2>&1`
$ cd "/home/pete/wefwefwef/docs/erldocs_other.git"
 :: Getting dependencies
$ cd "/home/pete/wefwefwef/docs/other/3285075999/websocket_client-tag-0.5.0/websocket_client"
$ 5000  `ls -1 deps/  2>&1`
$ cd "/home/pete/wefwefwef/docs/erldocs_other.git"
>>> [rebar] deps = []
 :: Generating erldocs into /home/pete/wefwefwef/docs/other/3285075999/repo/0.5.0
Building websocket_client
Generating Type Specs - "/home/pete/wefwefwef/docs/other/3285075999/websocket_client-tag-0.5.0/websocket_client/src/websocket_client.erl"
Generating Type Specs - "/home/pete/wefwefwef/docs/other/3285075999/websocket_client-tag-0.5.0/websocket_client/src/websocket_client_handler.erl"
Generating Type Specs - "/home/pete/wefwefwef/docs/other/3285075999/websocket_client-tag-0.5.0/websocket_client/src/websocket_req.erl"
Generating XML for application websocket_client "/home/pete/wefwefwef/docs/other/3285075999/websocket_client-tag-0.5.0/websocket_client" -> "/home/pete/wefwefwef/docs/other/3285075999/repo/0.5.0/.xml/websocket_client"
/home/pete/wefwefwef/docs/other/3285075999/websocket_client-tag-0.5.0/websocket_client/src/websocket_client_handler.erl, in module footer: at line 6: tag @doc not allowed here.
edoc: skipping source file '/home/pete/wefwefwef/docs/other/3285075999/websocket_client-tag-0.5.0/websocket_client/src/websocket_client_handler.erl': {'EXIT',
                                                                                                                                                 error}.
edoc: error in doclet 'edoc_doclet': {'EXIT',error}.
Error generating websocket_client XMLs. Using fallback ...
Generating XML websocket_client - websocket_client "/home/pete/wefwefwef/docs/other/3285075999/websocket_client-tag-0.5.0/websocket_client/src/websocket_client.erl" -> "/home/pete/wefwefwef/docs/other/3285075999/repo/0.5.0/.xml/websocket_client/websocket_client.xml"
Generating XML websocket_client - websocket_client_handler "/home/pete/wefwefwef/docs/other/3285075999/websocket_client-tag-0.5.0/websocket_client/src/websocket_client_handler.erl" -> "/home/pete/wefwefwef/docs/other/3285075999/repo/0.5.0/.xml/websocket_client/websocket_client_handler.xml"
/home/pete/wefwefwef/docs/other/3285075999/websocket_client-tag-0.5.0/websocket_client/src/websocket_client_handler.erl, in module footer: at line 6: tag @doc not allowed here.
Error generating XML ("/home/pete/wefwefwef/docs/other/3285075999/websocket_client-tag-0.5.0/websocket_client/src/websocket_client_handler.erl"): {'EXIT',
                                                                                                                                                   error}
Generating XML websocket_client - websocket_req "/home/pete/wefwefwef/docs/other/3285075999/websocket_client-tag-0.5.0/websocket_client/src/websocket_req.erl" -> "/home/pete/wefwefwef/docs/other/3285075999/repo/0.5.0/.xml/websocket_client/websocket_req.xml"
Generating HTML - websocket_client "/home/pete/wefwefwef/docs/other/3285075999/repo/0.5.0/.xml/websocket_client/websocket_client.xml"
Reading XML for "/home/pete/wefwefwef/docs/other/3285075999/repo/0.5.0/.xml/websocket_client/websocket_client.xml"
Reading XML for "/home/pete/wefwefwef/docs/other/3285075999/repo/0.5.0/.xml/specs_websocket_client.xml"
Generating HTML - websocket_req "/home/pete/wefwefwef/docs/other/3285075999/repo/0.5.0/.xml/websocket_client/websocket_req.xml"
Reading XML for "/home/pete/wefwefwef/docs/other/3285075999/repo/0.5.0/.xml/websocket_client/websocket_req.xml"
Reading XML for "/home/pete/wefwefwef/docs/other/3285075999/repo/0.5.0/.xml/specs_websocket_req.xml"
Creating index.html ...
Creating erldocs_index.js ...
Woot, finished in 0 Minutes 0 Seconds
 :: Discovering other repos
$ 5000  `rm -r '/home/pete/wefwefwef/docs/other/3285075999/websocket_client-tag-0.5.0'  2>&1`
 :: Processing https://github.com/sanmiguel/websocket_client	{rev,tag,"0.5.1","bde4e581010b7711aa227915e6bd04f0bf368972",undefined,[],[]}
 :: Fetching repo code
$ cd "/home/pete/wefwefwef/docs/other/3285075999/websocket_client-tag-0.5.1/websocket_client"
$ infinity  `curl --fail --silent --show-error --location --output '0.5.1.zip' 'https://github.com/sanmiguel/websocket_client/archive/0.5.1.zip'  2>&1`
$ cd "/home/pete/wefwefwef/docs/erldocs_other.git"
$ cd "/home/pete/wefwefwef/docs/other/3285075999/websocket_client-tag-0.5.1/websocket_client"
$ 5000  `find -P . -type l -delete  2>&1`
$ cd "/home/pete/wefwefwef/docs/erldocs_other.git"
$ cd "/home/pete/wefwefwef/docs/other/3285075999/websocket_client-tag-0.5.1/websocket_client"
$ 5000  `find 'websocket_client-0.5.1' -mindepth 1 -maxdepth 1 -exec mv -t . -- {} +  2>&1`
$ cd "/home/pete/wefwefwef/docs/erldocs_other.git"
 :: Getting dependencies
$ cd "/home/pete/wefwefwef/docs/other/3285075999/websocket_client-tag-0.5.1/websocket_client"
$ 5000  `ls -1 deps/  2>&1`
$ cd "/home/pete/wefwefwef/docs/erldocs_other.git"
>>> [rebar] deps = []
 :: Generating erldocs into /home/pete/wefwefwef/docs/other/3285075999/repo/0.5.1
Building websocket_client
Generating Type Specs - "/home/pete/wefwefwef/docs/other/3285075999/websocket_client-tag-0.5.1/websocket_client/src/websocket_client.erl"
Generating Type Specs - "/home/pete/wefwefwef/docs/other/3285075999/websocket_client-tag-0.5.1/websocket_client/src/websocket_client_handler.erl"
Generating Type Specs - "/home/pete/wefwefwef/docs/other/3285075999/websocket_client-tag-0.5.1/websocket_client/src/websocket_req.erl"
Generating XML for application websocket_client "/home/pete/wefwefwef/docs/other/3285075999/websocket_client-tag-0.5.1/websocket_client" -> "/home/pete/wefwefwef/docs/other/3285075999/repo/0.5.1/.xml/websocket_client"
/home/pete/wefwefwef/docs/other/3285075999/websocket_client-tag-0.5.1/websocket_client/src/websocket_client_handler.erl, in module footer: at line 7: tag @doc not allowed here.
edoc: skipping source file '/home/pete/wefwefwef/docs/other/3285075999/websocket_client-tag-0.5.1/websocket_client/src/websocket_client_handler.erl': {'EXIT',
                                                                                                                                                 error}.
edoc: error in doclet 'edoc_doclet': {'EXIT',error}.
Error generating websocket_client XMLs. Using fallback ...
Generating XML websocket_client - websocket_client "/home/pete/wefwefwef/docs/other/3285075999/websocket_client-tag-0.5.1/websocket_client/src/websocket_client.erl" -> "/home/pete/wefwefwef/docs/other/3285075999/repo/0.5.1/.xml/websocket_client/websocket_client.xml"
Generating XML websocket_client - websocket_client_handler "/home/pete/wefwefwef/docs/other/3285075999/websocket_client-tag-0.5.1/websocket_client/src/websocket_client_handler.erl" -> "/home/pete/wefwefwef/docs/other/3285075999/repo/0.5.1/.xml/websocket_client/websocket_client_handler.xml"
/home/pete/wefwefwef/docs/other/3285075999/websocket_client-tag-0.5.1/websocket_client/src/websocket_client_handler.erl, in module footer: at line 7: tag @doc not allowed here.
Error generating XML ("/home/pete/wefwefwef/docs/other/3285075999/websocket_client-tag-0.5.1/websocket_client/src/websocket_client_handler.erl"): {'EXIT',
                                                                                                                                                   error}
Generating XML websocket_client - websocket_req "/home/pete/wefwefwef/docs/other/3285075999/websocket_client-tag-0.5.1/websocket_client/src/websocket_req.erl" -> "/home/pete/wefwefwef/docs/other/3285075999/repo/0.5.1/.xml/websocket_client/websocket_req.xml"
Generating HTML - websocket_client "/home/pete/wefwefwef/docs/other/3285075999/repo/0.5.1/.xml/websocket_client/websocket_client.xml"
Reading XML for "/home/pete/wefwefwef/docs/other/3285075999/repo/0.5.1/.xml/websocket_client/websocket_client.xml"
Reading XML for "/home/pete/wefwefwef/docs/other/3285075999/repo/0.5.1/.xml/specs_websocket_client.xml"
Generating HTML - websocket_req "/home/pete/wefwefwef/docs/other/3285075999/repo/0.5.1/.xml/websocket_client/websocket_req.xml"
Reading XML for "/home/pete/wefwefwef/docs/other/3285075999/repo/0.5.1/.xml/websocket_client/websocket_req.xml"
Reading XML for "/home/pete/wefwefwef/docs/other/3285075999/repo/0.5.1/.xml/specs_websocket_req.xml"
Creating index.html ...
Creating erldocs_index.js ...
Woot, finished in 0 Minutes 0 Seconds
 :: Discovering other repos
$ 5000  `rm -r '/home/pete/wefwefwef/docs/other/3285075999/websocket_client-tag-0.5.1'  2>&1`
 :: Processing https://github.com/sanmiguel/websocket_client	{rev,tag,"0.7.0","ca93c4d445537f858d22b4a4917053dc7307af85",undefined,[],[]}
 :: Fetching repo code
$ cd "/home/pete/wefwefwef/docs/other/3285075999/websocket_client-tag-0.7.0/websocket_client"
$ infinity  `curl --fail --silent --show-error --location --output '0.7.0.zip' 'https://github.com/sanmiguel/websocket_client/archive/0.7.0.zip'  2>&1`
$ cd "/home/pete/wefwefwef/docs/erldocs_other.git"
$ cd "/home/pete/wefwefwef/docs/other/3285075999/websocket_client-tag-0.7.0/websocket_client"
$ 5000  `find -P . -type l -delete  2>&1`
$ cd "/home/pete/wefwefwef/docs/erldocs_other.git"
$ cd "/home/pete/wefwefwef/docs/other/3285075999/websocket_client-tag-0.7.0/websocket_client"
$ 5000  `find 'websocket_client-0.7.0' -mindepth 1 -maxdepth 1 -exec mv -t . -- {} +  2>&1`
$ cd "/home/pete/wefwefwef/docs/erldocs_other.git"
 :: Getting dependencies
$ cd "/home/pete/wefwefwef/docs/other/3285075999/websocket_client-tag-0.7.0/websocket_client"
$ 5000  `ls -1 deps/  2>&1`
$ cd "/home/pete/wefwefwef/docs/erldocs_other.git"
>>> [rebar] deps = []
 :: Generating erldocs into /home/pete/wefwefwef/docs/other/3285075999/repo/0.7.0
Building websocket_client
Generating Type Specs - "/home/pete/wefwefwef/docs/other/3285075999/websocket_client-tag-0.7.0/websocket_client/src/websocket_client.erl"
Generating Type Specs - "/home/pete/wefwefwef/docs/other/3285075999/websocket_client-tag-0.7.0/websocket_client/src/websocket_req.erl"
Generating Type Specs - "/home/pete/wefwefwef/docs/other/3285075999/websocket_client-tag-0.7.0/websocket_client/src/wsc_lib.erl"
Generating XML for application websocket_client "/home/pete/wefwefwef/docs/other/3285075999/websocket_client-tag-0.7.0/websocket_client" -> "/home/pete/wefwefwef/docs/other/3285075999/repo/0.7.0/.xml/websocket_client"
/home/pete/wefwefwef/docs/other/3285075999/websocket_client-tag-0.7.0/websocket_client/src/websocket_client.erl, function start_link/3: at line 2: tag @author not allowed here.
/home/pete/wefwefwef/docs/other/3285075999/websocket_client-tag-0.7.0/websocket_client/src/websocket_client.erl, function start_link/3: at line 80: multiple @doc tag.
edoc: skipping source file '/home/pete/wefwefwef/docs/other/3285075999/websocket_client-tag-0.7.0/websocket_client/src/websocket_client.erl': {'EXIT',
                                                                                                                                         error}.
/home/pete/wefwefwef/docs/other/3285075999/websocket_client-tag-0.7.0/websocket_client/src/wsc_lib.erl, function create_auth_header/3: at line 2: tag @author not allowed here.
edoc: skipping source file '/home/pete/wefwefwef/docs/other/3285075999/websocket_client-tag-0.7.0/websocket_client/src/wsc_lib.erl': {'EXIT',
                                                                                                                                error}.
edoc: error in doclet 'edoc_doclet': {'EXIT',error}.
Error generating websocket_client XMLs. Using fallback ...
Generating XML websocket_client - websocket_client "/home/pete/wefwefwef/docs/other/3285075999/websocket_client-tag-0.7.0/websocket_client/src/websocket_client.erl" -> "/home/pete/wefwefwef/docs/other/3285075999/repo/0.7.0/.xml/websocket_client/websocket_client.xml"
/home/pete/wefwefwef/docs/other/3285075999/websocket_client-tag-0.7.0/websocket_client/src/websocket_client.erl, function start_link/3: at line 2: tag @author not allowed here.
/home/pete/wefwefwef/docs/other/3285075999/websocket_client-tag-0.7.0/websocket_client/src/websocket_client.erl, function start_link/3: at line 80: multiple @doc tag.
Error generating XML ("/home/pete/wefwefwef/docs/other/3285075999/websocket_client-tag-0.7.0/websocket_client/src/websocket_client.erl"): {'EXIT',
                                                                                                                                           error}
Generating XML websocket_client - websocket_req "/home/pete/wefwefwef/docs/other/3285075999/websocket_client-tag-0.7.0/websocket_client/src/websocket_req.erl" -> "/home/pete/wefwefwef/docs/other/3285075999/repo/0.7.0/.xml/websocket_client/websocket_req.xml"
Generating XML websocket_client - wsc_lib "/home/pete/wefwefwef/docs/other/3285075999/websocket_client-tag-0.7.0/websocket_client/src/wsc_lib.erl" -> "/home/pete/wefwefwef/docs/other/3285075999/repo/0.7.0/.xml/websocket_client/wsc_lib.xml"
/home/pete/wefwefwef/docs/other/3285075999/websocket_client-tag-0.7.0/websocket_client/src/wsc_lib.erl, function create_auth_header/3: at line 2: tag @author not allowed here.
Error generating XML ("/home/pete/wefwefwef/docs/other/3285075999/websocket_client-tag-0.7.0/websocket_client/src/wsc_lib.erl"): {'EXIT',
                                                                                                                                  error}
Generating HTML - websocket_req "/home/pete/wefwefwef/docs/other/3285075999/repo/0.7.0/.xml/websocket_client/websocket_req.xml"
Reading XML for "/home/pete/wefwefwef/docs/other/3285075999/repo/0.7.0/.xml/websocket_client/websocket_req.xml"
Reading XML for "/home/pete/wefwefwef/docs/other/3285075999/repo/0.7.0/.xml/specs_websocket_req.xml"
Creating index.html ...
Creating erldocs_index.js ...
Woot, finished in 0 Minutes 1 Seconds
 :: Discovering other repos
$ 5000  `rm -r '/home/pete/wefwefwef/docs/other/3285075999/websocket_client-tag-0.7.0'  2>&1`
 :: Processing https://github.com/sanmiguel/websocket_client	{rev,tag,"0.7.1","e76f4737b60a2576d82cccf8975f2db1b3492d46",undefined,[],[]}
 :: Fetching repo code
$ cd "/home/pete/wefwefwef/docs/other/3285075999/websocket_client-tag-0.7.1/websocket_client"
$ infinity  `curl --fail --silent --show-error --location --output '0.7.1.zip' 'https://github.com/sanmiguel/websocket_client/archive/0.7.1.zip'  2>&1`
$ cd "/home/pete/wefwefwef/docs/erldocs_other.git"
$ cd "/home/pete/wefwefwef/docs/other/3285075999/websocket_client-tag-0.7.1/websocket_client"
$ 5000  `find -P . -type l -delete  2>&1`
$ cd "/home/pete/wefwefwef/docs/erldocs_other.git"
$ cd "/home/pete/wefwefwef/docs/other/3285075999/websocket_client-tag-0.7.1/websocket_client"
$ 5000  `find 'websocket_client-0.7.1' -mindepth 1 -maxdepth 1 -exec mv -t . -- {} +  2>&1`
$ cd "/home/pete/wefwefwef/docs/erldocs_other.git"
 :: Getting dependencies
$ cd "/home/pete/wefwefwef/docs/other/3285075999/websocket_client-tag-0.7.1/websocket_client"
$ 5000  `ls -1 deps/  2>&1`
$ cd "/home/pete/wefwefwef/docs/erldocs_other.git"
>>> [rebar] deps = []
 :: Generating erldocs into /home/pete/wefwefwef/docs/other/3285075999/repo/0.7.1
Building websocket_client
Generating Type Specs - "/home/pete/wefwefwef/docs/other/3285075999/websocket_client-tag-0.7.1/websocket_client/src/websocket_client.erl"
Generating Type Specs - "/home/pete/wefwefwef/docs/other/3285075999/websocket_client-tag-0.7.1/websocket_client/src/websocket_req.erl"
Generating Type Specs - "/home/pete/wefwefwef/docs/other/3285075999/websocket_client-tag-0.7.1/websocket_client/src/wsc_lib.erl"
Generating XML for application websocket_client "/home/pete/wefwefwef/docs/other/3285075999/websocket_client-tag-0.7.1/websocket_client" -> "/home/pete/wefwefwef/docs/other/3285075999/repo/0.7.1/.xml/websocket_client"
/home/pete/wefwefwef/docs/other/3285075999/websocket_client-tag-0.7.1/websocket_client/src/websocket_client.erl, function start_link/3: at line 2: tag @author not allowed here.
/home/pete/wefwefwef/docs/other/3285075999/websocket_client-tag-0.7.1/websocket_client/src/websocket_client.erl, function start_link/3: at line 80: multiple @doc tag.
edoc: skipping source file '/home/pete/wefwefwef/docs/other/3285075999/websocket_client-tag-0.7.1/websocket_client/src/websocket_client.erl': {'EXIT',
                                                                                                                                         error}.
/home/pete/wefwefwef/docs/other/3285075999/websocket_client-tag-0.7.1/websocket_client/src/wsc_lib.erl, function create_auth_header/3: at line 2: tag @author not allowed here.
edoc: skipping source file '/home/pete/wefwefwef/docs/other/3285075999/websocket_client-tag-0.7.1/websocket_client/src/wsc_lib.erl': {'EXIT',
                                                                                                                                error}.
edoc: error in doclet 'edoc_doclet': {'EXIT',error}.
Error generating websocket_client XMLs. Using fallback ...
Generating XML websocket_client - websocket_client "/home/pete/wefwefwef/docs/other/3285075999/websocket_client-tag-0.7.1/websocket_client/src/websocket_client.erl" -> "/home/pete/wefwefwef/docs/other/3285075999/repo/0.7.1/.xml/websocket_client/websocket_client.xml"
/home/pete/wefwefwef/docs/other/3285075999/websocket_client-tag-0.7.1/websocket_client/src/websocket_client.erl, function start_link/3: at line 2: tag @author not allowed here.
/home/pete/wefwefwef/docs/other/3285075999/websocket_client-tag-0.7.1/websocket_client/src/websocket_client.erl, function start_link/3: at line 80: multiple @doc tag.
Error generating XML ("/home/pete/wefwefwef/docs/other/3285075999/websocket_client-tag-0.7.1/websocket_client/src/websocket_client.erl"): {'EXIT',
                                                                                                                                           error}
Generating XML websocket_client - websocket_req "/home/pete/wefwefwef/docs/other/3285075999/websocket_client-tag-0.7.1/websocket_client/src/websocket_req.erl" -> "/home/pete/wefwefwef/docs/other/3285075999/repo/0.7.1/.xml/websocket_client/websocket_req.xml"
Generating XML websocket_client - wsc_lib "/home/pete/wefwefwef/docs/other/3285075999/websocket_client-tag-0.7.1/websocket_client/src/wsc_lib.erl" -> "/home/pete/wefwefwef/docs/other/3285075999/repo/0.7.1/.xml/websocket_client/wsc_lib.xml"
/home/pete/wefwefwef/docs/other/3285075999/websocket_client-tag-0.7.1/websocket_client/src/wsc_lib.erl, function create_auth_header/3: at line 2: tag @author not allowed here.
Error generating XML ("/home/pete/wefwefwef/docs/other/3285075999/websocket_client-tag-0.7.1/websocket_client/src/wsc_lib.erl"): {'EXIT',
                                                                                                                                  error}
Generating HTML - websocket_req "/home/pete/wefwefwef/docs/other/3285075999/repo/0.7.1/.xml/websocket_client/websocket_req.xml"
Reading XML for "/home/pete/wefwefwef/docs/other/3285075999/repo/0.7.1/.xml/websocket_client/websocket_req.xml"
Reading XML for "/home/pete/wefwefwef/docs/other/3285075999/repo/0.7.1/.xml/specs_websocket_req.xml"
Creating index.html ...
Creating erldocs_index.js ...
Woot, finished in 0 Minutes 1 Seconds
 :: Discovering other repos
$ 5000  `rm -r '/home/pete/wefwefwef/docs/other/3285075999/websocket_client-tag-0.7.1'  2>&1`
 :: Processing https://github.com/sanmiguel/websocket_client	{rev,tag,"0.7.2","dc0519babdcb1256a894f086906f6b6cafd3e2e6",undefined,[],[]}
 :: Fetching repo code
$ cd "/home/pete/wefwefwef/docs/other/3285075999/websocket_client-tag-0.7.2/websocket_client"
$ infinity  `curl --fail --silent --show-error --location --output '0.7.2.zip' 'https://github.com/sanmiguel/websocket_client/archive/0.7.2.zip'  2>&1`
$ cd "/home/pete/wefwefwef/docs/erldocs_other.git"
$ cd "/home/pete/wefwefwef/docs/other/3285075999/websocket_client-tag-0.7.2/websocket_client"
$ 5000  `find -P . -type l -delete  2>&1`
$ cd "/home/pete/wefwefwef/docs/erldocs_other.git"
$ cd "/home/pete/wefwefwef/docs/other/3285075999/websocket_client-tag-0.7.2/websocket_client"
$ 5000  `find 'websocket_client-0.7.2' -mindepth 1 -maxdepth 1 -exec mv -t . -- {} +  2>&1`
$ cd "/home/pete/wefwefwef/docs/erldocs_other.git"
 :: Getting dependencies
$ cd "/home/pete/wefwefwef/docs/other/3285075999/websocket_client-tag-0.7.2/websocket_client"
$ 5000  `ls -1 deps/  2>&1`
$ cd "/home/pete/wefwefwef/docs/erldocs_other.git"
>>> [rebar] deps = []
 :: Generating erldocs into /home/pete/wefwefwef/docs/other/3285075999/repo/0.7.2
Building websocket_client
Generating Type Specs - "/home/pete/wefwefwef/docs/other/3285075999/websocket_client-tag-0.7.2/websocket_client/src/websocket_client.erl"
Generating Type Specs - "/home/pete/wefwefwef/docs/other/3285075999/websocket_client-tag-0.7.2/websocket_client/src/websocket_req.erl"
Generating Type Specs - "/home/pete/wefwefwef/docs/other/3285075999/websocket_client-tag-0.7.2/websocket_client/src/wsc_lib.erl"
Generating XML for application websocket_client "/home/pete/wefwefwef/docs/other/3285075999/websocket_client-tag-0.7.2/websocket_client" -> "/home/pete/wefwefwef/docs/other/3285075999/repo/0.7.2/.xml/websocket_client"
/home/pete/wefwefwef/docs/other/3285075999/websocket_client-tag-0.7.2/websocket_client/src/websocket_client.erl, function start_link/3: at line 2: tag @author not allowed here.
/home/pete/wefwefwef/docs/other/3285075999/websocket_client-tag-0.7.2/websocket_client/src/websocket_client.erl, function start_link/3: at line 80: multiple @doc tag.
edoc: skipping source file '/home/pete/wefwefwef/docs/other/3285075999/websocket_client-tag-0.7.2/websocket_client/src/websocket_client.erl': {'EXIT',
                                                                                                                                         error}.
/home/pete/wefwefwef/docs/other/3285075999/websocket_client-tag-0.7.2/websocket_client/src/wsc_lib.erl, function create_auth_header/3: at line 2: tag @author not allowed here.
edoc: skipping source file '/home/pete/wefwefwef/docs/other/3285075999/websocket_client-tag-0.7.2/websocket_client/src/wsc_lib.erl': {'EXIT',
                                                                                                                                error}.
edoc: error in doclet 'edoc_doclet': {'EXIT',error}.
Error generating websocket_client XMLs. Using fallback ...
Generating XML websocket_client - websocket_client "/home/pete/wefwefwef/docs/other/3285075999/websocket_client-tag-0.7.2/websocket_client/src/websocket_client.erl" -> "/home/pete/wefwefwef/docs/other/3285075999/repo/0.7.2/.xml/websocket_client/websocket_client.xml"
/home/pete/wefwefwef/docs/other/3285075999/websocket_client-tag-0.7.2/websocket_client/src/websocket_client.erl, function start_link/3: at line 2: tag @author not allowed here.
/home/pete/wefwefwef/docs/other/3285075999/websocket_client-tag-0.7.2/websocket_client/src/websocket_client.erl, function start_link/3: at line 80: multiple @doc tag.
Error generating XML ("/home/pete/wefwefwef/docs/other/3285075999/websocket_client-tag-0.7.2/websocket_client/src/websocket_client.erl"): {'EXIT',
                                                                                                                                           error}
Generating XML websocket_client - websocket_req "/home/pete/wefwefwef/docs/other/3285075999/websocket_client-tag-0.7.2/websocket_client/src/websocket_req.erl" -> "/home/pete/wefwefwef/docs/other/3285075999/repo/0.7.2/.xml/websocket_client/websocket_req.xml"
Generating XML websocket_client - wsc_lib "/home/pete/wefwefwef/docs/other/3285075999/websocket_client-tag-0.7.2/websocket_client/src/wsc_lib.erl" -> "/home/pete/wefwefwef/docs/other/3285075999/repo/0.7.2/.xml/websocket_client/wsc_lib.xml"
/home/pete/wefwefwef/docs/other/3285075999/websocket_client-tag-0.7.2/websocket_client/src/wsc_lib.erl, function create_auth_header/3: at line 2: tag @author not allowed here.
Error generating XML ("/home/pete/wefwefwef/docs/other/3285075999/websocket_client-tag-0.7.2/websocket_client/src/wsc_lib.erl"): {'EXIT',
                                                                                                                                  error}
Generating HTML - websocket_req "/home/pete/wefwefwef/docs/other/3285075999/repo/0.7.2/.xml/websocket_client/websocket_req.xml"
Reading XML for "/home/pete/wefwefwef/docs/other/3285075999/repo/0.7.2/.xml/websocket_client/websocket_req.xml"
Reading XML for "/home/pete/wefwefwef/docs/other/3285075999/repo/0.7.2/.xml/specs_websocket_req.xml"
Creating index.html ...
Creating erldocs_index.js ...
Woot, finished in 0 Minutes 1 Seconds
 :: Discovering other repos
$ 5000  `rm -r '/home/pete/wefwefwef/docs/other/3285075999/websocket_client-tag-0.7.2'  2>&1`
 :: Processing https://github.com/sanmiguel/websocket_client	{rev,tag,"0.7.3","d1a75deb19e39f4ed7c74a2a4ce72bf8d32e1f70",undefined,[],[]}
 :: Fetching repo code
$ cd "/home/pete/wefwefwef/docs/other/3285075999/websocket_client-tag-0.7.3/websocket_client"
$ infinity  `curl --fail --silent --show-error --location --output '0.7.3.zip' 'https://github.com/sanmiguel/websocket_client/archive/0.7.3.zip'  2>&1`
$ cd "/home/pete/wefwefwef/docs/erldocs_other.git"
$ cd "/home/pete/wefwefwef/docs/other/3285075999/websocket_client-tag-0.7.3/websocket_client"
$ 5000  `find -P . -type l -delete  2>&1`
$ cd "/home/pete/wefwefwef/docs/erldocs_other.git"
$ cd "/home/pete/wefwefwef/docs/other/3285075999/websocket_client-tag-0.7.3/websocket_client"
$ 5000  `find 'websocket_client-0.7.3' -mindepth 1 -maxdepth 1 -exec mv -t . -- {} +  2>&1`
$ cd "/home/pete/wefwefwef/docs/erldocs_other.git"
 :: Getting dependencies
$ cd "/home/pete/wefwefwef/docs/other/3285075999/websocket_client-tag-0.7.3/websocket_client"
$ 5000  `ls -1 deps/  2>&1`
$ cd "/home/pete/wefwefwef/docs/erldocs_other.git"
>>> [rebar] deps = []
 :: Generating erldocs into /home/pete/wefwefwef/docs/other/3285075999/repo/0.7.3
Building websocket_client
Generating Type Specs - "/home/pete/wefwefwef/docs/other/3285075999/websocket_client-tag-0.7.3/websocket_client/src/websocket_client.erl"
Generating Type Specs - "/home/pete/wefwefwef/docs/other/3285075999/websocket_client-tag-0.7.3/websocket_client/src/websocket_req.erl"
Generating Type Specs - "/home/pete/wefwefwef/docs/other/3285075999/websocket_client-tag-0.7.3/websocket_client/src/wsc_lib.erl"
Generating XML for application websocket_client "/home/pete/wefwefwef/docs/other/3285075999/websocket_client-tag-0.7.3/websocket_client" -> "/home/pete/wefwefwef/docs/other/3285075999/repo/0.7.3/.xml/websocket_client"
/home/pete/wefwefwef/docs/other/3285075999/websocket_client-tag-0.7.3/websocket_client/src/websocket_client.erl, function start_link/3: at line 2: tag @author not allowed here.
/home/pete/wefwefwef/docs/other/3285075999/websocket_client-tag-0.7.3/websocket_client/src/websocket_client.erl, function start_link/3: at line 80: multiple @doc tag.
edoc: skipping source file '/home/pete/wefwefwef/docs/other/3285075999/websocket_client-tag-0.7.3/websocket_client/src/websocket_client.erl': {'EXIT',
                                                                                                                                         error}.
/home/pete/wefwefwef/docs/other/3285075999/websocket_client-tag-0.7.3/websocket_client/src/wsc_lib.erl, function create_auth_header/3: at line 2: tag @author not allowed here.
edoc: skipping source file '/home/pete/wefwefwef/docs/other/3285075999/websocket_client-tag-0.7.3/websocket_client/src/wsc_lib.erl': {'EXIT',
                                                                                                                                error}.
edoc: error in doclet 'edoc_doclet': {'EXIT',error}.
Error generating websocket_client XMLs. Using fallback ...
Generating XML websocket_client - websocket_client "/home/pete/wefwefwef/docs/other/3285075999/websocket_client-tag-0.7.3/websocket_client/src/websocket_client.erl" -> "/home/pete/wefwefwef/docs/other/3285075999/repo/0.7.3/.xml/websocket_client/websocket_client.xml"
/home/pete/wefwefwef/docs/other/3285075999/websocket_client-tag-0.7.3/websocket_client/src/websocket_client.erl, function start_link/3: at line 2: tag @author not allowed here.
/home/pete/wefwefwef/docs/other/3285075999/websocket_client-tag-0.7.3/websocket_client/src/websocket_client.erl, function start_link/3: at line 80: multiple @doc tag.
Error generating XML ("/home/pete/wefwefwef/docs/other/3285075999/websocket_client-tag-0.7.3/websocket_client/src/websocket_client.erl"): {'EXIT',
                                                                                                                                           error}
Generating XML websocket_client - websocket_req "/home/pete/wefwefwef/docs/other/3285075999/websocket_client-tag-0.7.3/websocket_client/src/websocket_req.erl" -> "/home/pete/wefwefwef/docs/other/3285075999/repo/0.7.3/.xml/websocket_client/websocket_req.xml"
Generating XML websocket_client - wsc_lib "/home/pete/wefwefwef/docs/other/3285075999/websocket_client-tag-0.7.3/websocket_client/src/wsc_lib.erl" -> "/home/pete/wefwefwef/docs/other/3285075999/repo/0.7.3/.xml/websocket_client/wsc_lib.xml"
/home/pete/wefwefwef/docs/other/3285075999/websocket_client-tag-0.7.3/websocket_client/src/wsc_lib.erl, function create_auth_header/3: at line 2: tag @author not allowed here.
Error generating XML ("/home/pete/wefwefwef/docs/other/3285075999/websocket_client-tag-0.7.3/websocket_client/src/wsc_lib.erl"): {'EXIT',
                                                                                                                                  error}
Generating HTML - websocket_req "/home/pete/wefwefwef/docs/other/3285075999/repo/0.7.3/.xml/websocket_client/websocket_req.xml"
Reading XML for "/home/pete/wefwefwef/docs/other/3285075999/repo/0.7.3/.xml/websocket_client/websocket_req.xml"
Reading XML for "/home/pete/wefwefwef/docs/other/3285075999/repo/0.7.3/.xml/specs_websocket_req.xml"
Creating index.html ...
Creating erldocs_index.js ...
Woot, finished in 0 Minutes 1 Seconds
 :: Discovering other repos
$ 5000  `rm -r '/home/pete/wefwefwef/docs/other/3285075999/websocket_client-tag-0.7.3'  2>&1`
 :: Processing https://github.com/sanmiguel/websocket_client	{rev,tag,"0.7.4","fdaa42468f7489944c72a521c368a9bfea4b5c36",undefined,[],[]}
 :: Fetching repo code
$ cd "/home/pete/wefwefwef/docs/other/3285075999/websocket_client-tag-0.7.4/websocket_client"
$ infinity  `curl --fail --silent --show-error --location --output '0.7.4.zip' 'https://github.com/sanmiguel/websocket_client/archive/0.7.4.zip'  2>&1`
$ cd "/home/pete/wefwefwef/docs/erldocs_other.git"
$ cd "/home/pete/wefwefwef/docs/other/3285075999/websocket_client-tag-0.7.4/websocket_client"
$ 5000  `find -P . -type l -delete  2>&1`
$ cd "/home/pete/wefwefwef/docs/erldocs_other.git"
$ cd "/home/pete/wefwefwef/docs/other/3285075999/websocket_client-tag-0.7.4/websocket_client"
$ 5000  `find 'websocket_client-0.7.4' -mindepth 1 -maxdepth 1 -exec mv -t . -- {} +  2>&1`
$ cd "/home/pete/wefwefwef/docs/erldocs_other.git"
 :: Getting dependencies
$ cd "/home/pete/wefwefwef/docs/other/3285075999/websocket_client-tag-0.7.4/websocket_client"
$ 5000  `ls -1 deps/  2>&1`
$ cd "/home/pete/wefwefwef/docs/erldocs_other.git"
>>> [rebar] deps = []
 :: Generating erldocs into /home/pete/wefwefwef/docs/other/3285075999/repo/0.7.4
Building websocket_client
Generating Type Specs - "/home/pete/wefwefwef/docs/other/3285075999/websocket_client-tag-0.7.4/websocket_client/src/websocket_client.erl"
Generating Type Specs - "/home/pete/wefwefwef/docs/other/3285075999/websocket_client-tag-0.7.4/websocket_client/src/websocket_req.erl"
Generating Type Specs - "/home/pete/wefwefwef/docs/other/3285075999/websocket_client-tag-0.7.4/websocket_client/src/wsc_lib.erl"
Generating XML for application websocket_client "/home/pete/wefwefwef/docs/other/3285075999/websocket_client-tag-0.7.4/websocket_client" -> "/home/pete/wefwefwef/docs/other/3285075999/repo/0.7.4/.xml/websocket_client"
/home/pete/wefwefwef/docs/other/3285075999/websocket_client-tag-0.7.4/websocket_client/src/websocket_client.erl, function start_link/3: at line 2: tag @author not allowed here.
/home/pete/wefwefwef/docs/other/3285075999/websocket_client-tag-0.7.4/websocket_client/src/websocket_client.erl, function start_link/3: at line 80: multiple @doc tag.
edoc: skipping source file '/home/pete/wefwefwef/docs/other/3285075999/websocket_client-tag-0.7.4/websocket_client/src/websocket_client.erl': {'EXIT',
                                                                                                                                         error}.
/home/pete/wefwefwef/docs/other/3285075999/websocket_client-tag-0.7.4/websocket_client/src/wsc_lib.erl, function create_auth_header/3: at line 2: tag @author not allowed here.
edoc: skipping source file '/home/pete/wefwefwef/docs/other/3285075999/websocket_client-tag-0.7.4/websocket_client/src/wsc_lib.erl': {'EXIT',
                                                                                                                                error}.
edoc: error in doclet 'edoc_doclet': {'EXIT',error}.
Error generating websocket_client XMLs. Using fallback ...
Generating XML websocket_client - websocket_client "/home/pete/wefwefwef/docs/other/3285075999/websocket_client-tag-0.7.4/websocket_client/src/websocket_client.erl" -> "/home/pete/wefwefwef/docs/other/3285075999/repo/0.7.4/.xml/websocket_client/websocket_client.xml"
/home/pete/wefwefwef/docs/other/3285075999/websocket_client-tag-0.7.4/websocket_client/src/websocket_client.erl, function start_link/3: at line 2: tag @author not allowed here.
/home/pete/wefwefwef/docs/other/3285075999/websocket_client-tag-0.7.4/websocket_client/src/websocket_client.erl, function start_link/3: at line 80: multiple @doc tag.
Error generating XML ("/home/pete/wefwefwef/docs/other/3285075999/websocket_client-tag-0.7.4/websocket_client/src/websocket_client.erl"): {'EXIT',
                                                                                                                                           error}
Generating XML websocket_client - websocket_req "/home/pete/wefwefwef/docs/other/3285075999/websocket_client-tag-0.7.4/websocket_client/src/websocket_req.erl" -> "/home/pete/wefwefwef/docs/other/3285075999/repo/0.7.4/.xml/websocket_client/websocket_req.xml"
Generating XML websocket_client - wsc_lib "/home/pete/wefwefwef/docs/other/3285075999/websocket_client-tag-0.7.4/websocket_client/src/wsc_lib.erl" -> "/home/pete/wefwefwef/docs/other/3285075999/repo/0.7.4/.xml/websocket_client/wsc_lib.xml"
/home/pete/wefwefwef/docs/other/3285075999/websocket_client-tag-0.7.4/websocket_client/src/wsc_lib.erl, function create_auth_header/3: at line 2: tag @author not allowed here.
Error generating XML ("/home/pete/wefwefwef/docs/other/3285075999/websocket_client-tag-0.7.4/websocket_client/src/wsc_lib.erl"): {'EXIT',
                                                                                                                                  error}
Generating HTML - websocket_req "/home/pete/wefwefwef/docs/other/3285075999/repo/0.7.4/.xml/websocket_client/websocket_req.xml"
Reading XML for "/home/pete/wefwefwef/docs/other/3285075999/repo/0.7.4/.xml/websocket_client/websocket_req.xml"
Reading XML for "/home/pete/wefwefwef/docs/other/3285075999/repo/0.7.4/.xml/specs_websocket_req.xml"
Creating index.html ...
Creating erldocs_index.js ...
Woot, finished in 0 Minutes 1 Seconds
 :: Discovering other repos
$ 5000  `rm -r '/home/pete/wefwefwef/docs/other/3285075999/websocket_client-tag-0.7.4'  2>&1`
 :: Processing https://github.com/sanmiguel/websocket_client	{rev,tag,"0.7.5","cdbd629a0baf6cde0273cd83774bc9429e2bad5c",undefined,[],[]}
 :: Fetching repo code
$ cd "/home/pete/wefwefwef/docs/other/3285075999/websocket_client-tag-0.7.5/websocket_client"
$ infinity  `curl --fail --silent --show-error --location --output '0.7.5.zip' 'https://github.com/sanmiguel/websocket_client/archive/0.7.5.zip'  2>&1`
$ cd "/home/pete/wefwefwef/docs/erldocs_other.git"
$ cd "/home/pete/wefwefwef/docs/other/3285075999/websocket_client-tag-0.7.5/websocket_client"
$ 5000  `find -P . -type l -delete  2>&1`
$ cd "/home/pete/wefwefwef/docs/erldocs_other.git"
$ cd "/home/pete/wefwefwef/docs/other/3285075999/websocket_client-tag-0.7.5/websocket_client"
$ 5000  `find 'websocket_client-0.7.5' -mindepth 1 -maxdepth 1 -exec mv -t . -- {} +  2>&1`
$ cd "/home/pete/wefwefwef/docs/erldocs_other.git"
 :: Getting dependencies
$ cd "/home/pete/wefwefwef/docs/other/3285075999/websocket_client-tag-0.7.5/websocket_client"
$ 5000  `ls -1 deps/  2>&1`
$ cd "/home/pete/wefwefwef/docs/erldocs_other.git"
>>> [rebar] deps = []
 :: Generating erldocs into /home/pete/wefwefwef/docs/other/3285075999/repo/0.7.5
Building websocket_client
Generating Type Specs - "/home/pete/wefwefwef/docs/other/3285075999/websocket_client-tag-0.7.5/websocket_client/src/websocket_client.erl"
Generating Type Specs - "/home/pete/wefwefwef/docs/other/3285075999/websocket_client-tag-0.7.5/websocket_client/src/websocket_req.erl"
Generating Type Specs - "/home/pete/wefwefwef/docs/other/3285075999/websocket_client-tag-0.7.5/websocket_client/src/wsc_lib.erl"
Generating XML for application websocket_client "/home/pete/wefwefwef/docs/other/3285075999/websocket_client-tag-0.7.5/websocket_client" -> "/home/pete/wefwefwef/docs/other/3285075999/repo/0.7.5/.xml/websocket_client"
/home/pete/wefwefwef/docs/other/3285075999/websocket_client-tag-0.7.5/websocket_client/src/websocket_client.erl, function start_link/3: at line 2: tag @author not allowed here.
/home/pete/wefwefwef/docs/other/3285075999/websocket_client-tag-0.7.5/websocket_client/src/websocket_client.erl, function start_link/3: at line 82: multiple @doc tag.
edoc: skipping source file '/home/pete/wefwefwef/docs/other/3285075999/websocket_client-tag-0.7.5/websocket_client/src/websocket_client.erl': {'EXIT',
                                                                                                                                         error}.
/home/pete/wefwefwef/docs/other/3285075999/websocket_client-tag-0.7.5/websocket_client/src/wsc_lib.erl, function create_auth_header/3: at line 2: tag @author not allowed here.
edoc: skipping source file '/home/pete/wefwefwef/docs/other/3285075999/websocket_client-tag-0.7.5/websocket_client/src/wsc_lib.erl': {'EXIT',
                                                                                                                                error}.
edoc: error in doclet 'edoc_doclet': {'EXIT',error}.
Error generating websocket_client XMLs. Using fallback ...
Generating XML websocket_client - websocket_client "/home/pete/wefwefwef/docs/other/3285075999/websocket_client-tag-0.7.5/websocket_client/src/websocket_client.erl" -> "/home/pete/wefwefwef/docs/other/3285075999/repo/0.7.5/.xml/websocket_client/websocket_client.xml"
/home/pete/wefwefwef/docs/other/3285075999/websocket_client-tag-0.7.5/websocket_client/src/websocket_client.erl, function start_link/3: at line 2: tag @author not allowed here.
/home/pete/wefwefwef/docs/other/3285075999/websocket_client-tag-0.7.5/websocket_client/src/websocket_client.erl, function start_link/3: at line 82: multiple @doc tag.
Error generating XML ("/home/pete/wefwefwef/docs/other/3285075999/websocket_client-tag-0.7.5/websocket_client/src/websocket_client.erl"): {'EXIT',
                                                                                                                                           error}
Generating XML websocket_client - websocket_req "/home/pete/wefwefwef/docs/other/3285075999/websocket_client-tag-0.7.5/websocket_client/src/websocket_req.erl" -> "/home/pete/wefwefwef/docs/other/3285075999/repo/0.7.5/.xml/websocket_client/websocket_req.xml"
Generating XML websocket_client - wsc_lib "/home/pete/wefwefwef/docs/other/3285075999/websocket_client-tag-0.7.5/websocket_client/src/wsc_lib.erl" -> "/home/pete/wefwefwef/docs/other/3285075999/repo/0.7.5/.xml/websocket_client/wsc_lib.xml"
/home/pete/wefwefwef/docs/other/3285075999/websocket_client-tag-0.7.5/websocket_client/src/wsc_lib.erl, function create_auth_header/3: at line 2: tag @author not allowed here.
Error generating XML ("/home/pete/wefwefwef/docs/other/3285075999/websocket_client-tag-0.7.5/websocket_client/src/wsc_lib.erl"): {'EXIT',
                                                                                                                                  error}
Generating HTML - websocket_req "/home/pete/wefwefwef/docs/other/3285075999/repo/0.7.5/.xml/websocket_client/websocket_req.xml"
Reading XML for "/home/pete/wefwefwef/docs/other/3285075999/repo/0.7.5/.xml/websocket_client/websocket_req.xml"
Reading XML for "/home/pete/wefwefwef/docs/other/3285075999/repo/0.7.5/.xml/specs_websocket_req.xml"
Creating index.html ...
Creating erldocs_index.js ...
Woot, finished in 0 Minutes 1 Seconds
 :: Discovering other repos
$ 5000  `rm -r '/home/pete/wefwefwef/docs/other/3285075999/websocket_client-tag-0.7.5'  2>&1`
 :: Processing https://github.com/sanmiguel/websocket_client	{rev,tag,"0.8.0","d9968c028979be32a13edd69d44a7f5c5651e589",undefined,[],[]}
 :: Fetching repo code
$ cd "/home/pete/wefwefwef/docs/other/3285075999/websocket_client-tag-0.8.0/websocket_client"
$ infinity  `curl --fail --silent --show-error --location --output '0.8.0.zip' 'https://github.com/sanmiguel/websocket_client/archive/0.8.0.zip'  2>&1`
$ cd "/home/pete/wefwefwef/docs/erldocs_other.git"
$ cd "/home/pete/wefwefwef/docs/other/3285075999/websocket_client-tag-0.8.0/websocket_client"
$ 5000  `find -P . -type l -delete  2>&1`
$ cd "/home/pete/wefwefwef/docs/erldocs_other.git"
$ cd "/home/pete/wefwefwef/docs/other/3285075999/websocket_client-tag-0.8.0/websocket_client"
$ 5000  `find 'websocket_client-0.8.0' -mindepth 1 -maxdepth 1 -exec mv -t . -- {} +  2>&1`
$ cd "/home/pete/wefwefwef/docs/erldocs_other.git"
 :: Getting dependencies
$ cd "/home/pete/wefwefwef/docs/other/3285075999/websocket_client-tag-0.8.0/websocket_client"
$ 5000  `ls -1 deps/  2>&1`
$ cd "/home/pete/wefwefwef/docs/erldocs_other.git"
>>> [rebar] deps = []
 :: Generating erldocs into /home/pete/wefwefwef/docs/other/3285075999/repo/0.8.0
Building websocket_client
Generating Type Specs - "/home/pete/wefwefwef/docs/other/3285075999/websocket_client-tag-0.8.0/websocket_client/src/websocket_client.erl"
Generating Type Specs - "/home/pete/wefwefwef/docs/other/3285075999/websocket_client-tag-0.8.0/websocket_client/src/websocket_req.erl"
Generating Type Specs - "/home/pete/wefwefwef/docs/other/3285075999/websocket_client-tag-0.8.0/websocket_client/src/wsc_lib.erl"
Generating XML for application websocket_client "/home/pete/wefwefwef/docs/other/3285075999/websocket_client-tag-0.8.0/websocket_client" -> "/home/pete/wefwefwef/docs/other/3285075999/repo/0.8.0/.xml/websocket_client"
/home/pete/wefwefwef/docs/other/3285075999/websocket_client-tag-0.8.0/websocket_client/src/websocket_client.erl, function start_link/3: at line 2: tag @author not allowed here.
/home/pete/wefwefwef/docs/other/3285075999/websocket_client-tag-0.8.0/websocket_client/src/websocket_client.erl, function start_link/3: at line 83: multiple @doc tag.
edoc: skipping source file '/home/pete/wefwefwef/docs/other/3285075999/websocket_client-tag-0.8.0/websocket_client/src/websocket_client.erl': {'EXIT',
                                                                                                                                         error}.
/home/pete/wefwefwef/docs/other/3285075999/websocket_client-tag-0.8.0/websocket_client/src/wsc_lib.erl, function create_auth_header/3: at line 2: tag @author not allowed here.
edoc: skipping source file '/home/pete/wefwefwef/docs/other/3285075999/websocket_client-tag-0.8.0/websocket_client/src/wsc_lib.erl': {'EXIT',
                                                                                                                                error}.
edoc: error in doclet 'edoc_doclet': {'EXIT',error}.
Error generating websocket_client XMLs. Using fallback ...
Generating XML websocket_client - websocket_client "/home/pete/wefwefwef/docs/other/3285075999/websocket_client-tag-0.8.0/websocket_client/src/websocket_client.erl" -> "/home/pete/wefwefwef/docs/other/3285075999/repo/0.8.0/.xml/websocket_client/websocket_client.xml"
/home/pete/wefwefwef/docs/other/3285075999/websocket_client-tag-0.8.0/websocket_client/src/websocket_client.erl, function start_link/3: at line 2: tag @author not allowed here.
/home/pete/wefwefwef/docs/other/3285075999/websocket_client-tag-0.8.0/websocket_client/src/websocket_client.erl, function start_link/3: at line 83: multiple @doc tag.
Error generating XML ("/home/pete/wefwefwef/docs/other/3285075999/websocket_client-tag-0.8.0/websocket_client/src/websocket_client.erl"): {'EXIT',
                                                                                                                                           error}
Generating XML websocket_client - websocket_req "/home/pete/wefwefwef/docs/other/3285075999/websocket_client-tag-0.8.0/websocket_client/src/websocket_req.erl" -> "/home/pete/wefwefwef/docs/other/3285075999/repo/0.8.0/.xml/websocket_client/websocket_req.xml"
Generating XML websocket_client - wsc_lib "/home/pete/wefwefwef/docs/other/3285075999/websocket_client-tag-0.8.0/websocket_client/src/wsc_lib.erl" -> "/home/pete/wefwefwef/docs/other/3285075999/repo/0.8.0/.xml/websocket_client/wsc_lib.xml"
/home/pete/wefwefwef/docs/other/3285075999/websocket_client-tag-0.8.0/websocket_client/src/wsc_lib.erl, function create_auth_header/3: at line 2: tag @author not allowed here.
Error generating XML ("/home/pete/wefwefwef/docs/other/3285075999/websocket_client-tag-0.8.0/websocket_client/src/wsc_lib.erl"): {'EXIT',
                                                                                                                                  error}
Generating HTML - websocket_req "/home/pete/wefwefwef/docs/other/3285075999/repo/0.8.0/.xml/websocket_client/websocket_req.xml"
Reading XML for "/home/pete/wefwefwef/docs/other/3285075999/repo/0.8.0/.xml/websocket_client/websocket_req.xml"
Reading XML for "/home/pete/wefwefwef/docs/other/3285075999/repo/0.8.0/.xml/specs_websocket_req.xml"
Creating index.html ...
Creating erldocs_index.js ...
Woot, finished in 0 Minutes 1 Seconds
 :: Discovering other repos
$ 5000  `rm -r '/home/pete/wefwefwef/docs/other/3285075999/websocket_client-tag-0.8.0'  2>&1`
 :: Processing https://github.com/sanmiguel/websocket_client	{rev,tag,"0.8.1","4a47cfca972e189f25114830226474a78daacff8",undefined,[],[]}
 :: Fetching repo code
$ cd "/home/pete/wefwefwef/docs/other/3285075999/websocket_client-tag-0.8.1/websocket_client"
$ infinity  `curl --fail --silent --show-error --location --output '0.8.1.zip' 'https://github.com/sanmiguel/websocket_client/archive/0.8.1.zip'  2>&1`
$ cd "/home/pete/wefwefwef/docs/erldocs_other.git"
$ cd "/home/pete/wefwefwef/docs/other/3285075999/websocket_client-tag-0.8.1/websocket_client"
$ 5000  `find -P . -type l -delete  2>&1`
$ cd "/home/pete/wefwefwef/docs/erldocs_other.git"
$ cd "/home/pete/wefwefwef/docs/other/3285075999/websocket_client-tag-0.8.1/websocket_client"
$ 5000  `find 'websocket_client-0.8.1' -mindepth 1 -maxdepth 1 -exec mv -t . -- {} +  2>&1`
$ cd "/home/pete/wefwefwef/docs/erldocs_other.git"
 :: Getting dependencies
$ cd "/home/pete/wefwefwef/docs/other/3285075999/websocket_client-tag-0.8.1/websocket_client"
$ 5000  `ls -1 deps/  2>&1`
$ cd "/home/pete/wefwefwef/docs/erldocs_other.git"
>>> [rebar] deps = []
 :: Generating erldocs into /home/pete/wefwefwef/docs/other/3285075999/repo/0.8.1
Building websocket_client
Generating Type Specs - "/home/pete/wefwefwef/docs/other/3285075999/websocket_client-tag-0.8.1/websocket_client/src/websocket_client.erl"
Generating Type Specs - "/home/pete/wefwefwef/docs/other/3285075999/websocket_client-tag-0.8.1/websocket_client/src/websocket_req.erl"
Generating Type Specs - "/home/pete/wefwefwef/docs/other/3285075999/websocket_client-tag-0.8.1/websocket_client/src/wsc_lib.erl"
Generating XML for application websocket_client "/home/pete/wefwefwef/docs/other/3285075999/websocket_client-tag-0.8.1/websocket_client" -> "/home/pete/wefwefwef/docs/other/3285075999/repo/0.8.1/.xml/websocket_client"
/home/pete/wefwefwef/docs/other/3285075999/websocket_client-tag-0.8.1/websocket_client/src/websocket_client.erl, function start_link/3: at line 2: tag @author not allowed here.
/home/pete/wefwefwef/docs/other/3285075999/websocket_client-tag-0.8.1/websocket_client/src/websocket_client.erl, function start_link/3: at line 83: multiple @doc tag.
edoc: skipping source file '/home/pete/wefwefwef/docs/other/3285075999/websocket_client-tag-0.8.1/websocket_client/src/websocket_client.erl': {'EXIT',
                                                                                                                                         error}.
/home/pete/wefwefwef/docs/other/3285075999/websocket_client-tag-0.8.1/websocket_client/src/wsc_lib.erl, function create_auth_header/3: at line 2: tag @author not allowed here.
edoc: skipping source file '/home/pete/wefwefwef/docs/other/3285075999/websocket_client-tag-0.8.1/websocket_client/src/wsc_lib.erl': {'EXIT',
                                                                                                                                error}.
edoc: error in doclet 'edoc_doclet': {'EXIT',error}.
Error generating websocket_client XMLs. Using fallback ...
Generating XML websocket_client - websocket_client "/home/pete/wefwefwef/docs/other/3285075999/websocket_client-tag-0.8.1/websocket_client/src/websocket_client.erl" -> "/home/pete/wefwefwef/docs/other/3285075999/repo/0.8.1/.xml/websocket_client/websocket_client.xml"
/home/pete/wefwefwef/docs/other/3285075999/websocket_client-tag-0.8.1/websocket_client/src/websocket_client.erl, function start_link/3: at line 2: tag @author not allowed here.
/home/pete/wefwefwef/docs/other/3285075999/websocket_client-tag-0.8.1/websocket_client/src/websocket_client.erl, function start_link/3: at line 83: multiple @doc tag.
Error generating XML ("/home/pete/wefwefwef/docs/other/3285075999/websocket_client-tag-0.8.1/websocket_client/src/websocket_client.erl"): {'EXIT',
                                                                                                                                           error}
Generating XML websocket_client - websocket_req "/home/pete/wefwefwef/docs/other/3285075999/websocket_client-tag-0.8.1/websocket_client/src/websocket_req.erl" -> "/home/pete/wefwefwef/docs/other/3285075999/repo/0.8.1/.xml/websocket_client/websocket_req.xml"
Generating XML websocket_client - wsc_lib "/home/pete/wefwefwef/docs/other/3285075999/websocket_client-tag-0.8.1/websocket_client/src/wsc_lib.erl" -> "/home/pete/wefwefwef/docs/other/3285075999/repo/0.8.1/.xml/websocket_client/wsc_lib.xml"
/home/pete/wefwefwef/docs/other/3285075999/websocket_client-tag-0.8.1/websocket_client/src/wsc_lib.erl, function create_auth_header/3: at line 2: tag @author not allowed here.
Error generating XML ("/home/pete/wefwefwef/docs/other/3285075999/websocket_client-tag-0.8.1/websocket_client/src/wsc_lib.erl"): {'EXIT',
                                                                                                                                  error}
Generating HTML - websocket_req "/home/pete/wefwefwef/docs/other/3285075999/repo/0.8.1/.xml/websocket_client/websocket_req.xml"
Reading XML for "/home/pete/wefwefwef/docs/other/3285075999/repo/0.8.1/.xml/websocket_client/websocket_req.xml"
Reading XML for "/home/pete/wefwefwef/docs/other/3285075999/repo/0.8.1/.xml/specs_websocket_req.xml"
Creating index.html ...
Creating erldocs_index.js ...
Woot, finished in 0 Minutes 1 Seconds
 :: Discovering other repos
$ 5000  `rm -r '/home/pete/wefwefwef/docs/other/3285075999/websocket_client-tag-0.8.1'  2>&1`
 :: Processing https://github.com/sanmiguel/websocket_client	{rev,tag,"0.8.2","bbe69d94a742bdb35e10acc69f65b4a7a085f307",undefined,[],[]}
 :: Fetching repo code
$ cd "/home/pete/wefwefwef/docs/other/3285075999/websocket_client-tag-0.8.2/websocket_client"
$ infinity  `curl --fail --silent --show-error --location --output '0.8.2.zip' 'https://github.com/sanmiguel/websocket_client/archive/0.8.2.zip'  2>&1`
$ cd "/home/pete/wefwefwef/docs/erldocs_other.git"
$ cd "/home/pete/wefwefwef/docs/other/3285075999/websocket_client-tag-0.8.2/websocket_client"
$ 5000  `find -P . -type l -delete  2>&1`
$ cd "/home/pete/wefwefwef/docs/erldocs_other.git"
$ cd "/home/pete/wefwefwef/docs/other/3285075999/websocket_client-tag-0.8.2/websocket_client"
$ 5000  `find 'websocket_client-0.8.2' -mindepth 1 -maxdepth 1 -exec mv -t . -- {} +  2>&1`
$ cd "/home/pete/wefwefwef/docs/erldocs_other.git"
 :: Getting dependencies
$ cd "/home/pete/wefwefwef/docs/other/3285075999/websocket_client-tag-0.8.2/websocket_client"
$ 5000  `ls -1 deps/  2>&1`
$ cd "/home/pete/wefwefwef/docs/erldocs_other.git"
>>> [rebar] deps = []
 :: Generating erldocs into /home/pete/wefwefwef/docs/other/3285075999/repo/0.8.2
Building websocket_client
Generating Type Specs - "/home/pete/wefwefwef/docs/other/3285075999/websocket_client-tag-0.8.2/websocket_client/src/websocket_client.erl"
Generating Type Specs - "/home/pete/wefwefwef/docs/other/3285075999/websocket_client-tag-0.8.2/websocket_client/src/websocket_req.erl"
Generating Type Specs - "/home/pete/wefwefwef/docs/other/3285075999/websocket_client-tag-0.8.2/websocket_client/src/wsc_lib.erl"
Generating XML for application websocket_client "/home/pete/wefwefwef/docs/other/3285075999/websocket_client-tag-0.8.2/websocket_client" -> "/home/pete/wefwefwef/docs/other/3285075999/repo/0.8.2/.xml/websocket_client"
/home/pete/wefwefwef/docs/other/3285075999/websocket_client-tag-0.8.2/websocket_client/src/websocket_client.erl, function start_link/3: at line 2: tag @author not allowed here.
/home/pete/wefwefwef/docs/other/3285075999/websocket_client-tag-0.8.2/websocket_client/src/websocket_client.erl, function start_link/3: at line 83: multiple @doc tag.
edoc: skipping source file '/home/pete/wefwefwef/docs/other/3285075999/websocket_client-tag-0.8.2/websocket_client/src/websocket_client.erl': {'EXIT',
                                                                                                                                         error}.
/home/pete/wefwefwef/docs/other/3285075999/websocket_client-tag-0.8.2/websocket_client/src/wsc_lib.erl, function create_auth_header/3: at line 2: tag @author not allowed here.
edoc: skipping source file '/home/pete/wefwefwef/docs/other/3285075999/websocket_client-tag-0.8.2/websocket_client/src/wsc_lib.erl': {'EXIT',
                                                                                                                                error}.
edoc: error in doclet 'edoc_doclet': {'EXIT',error}.
Error generating websocket_client XMLs. Using fallback ...
Generating XML websocket_client - websocket_client "/home/pete/wefwefwef/docs/other/3285075999/websocket_client-tag-0.8.2/websocket_client/src/websocket_client.erl" -> "/home/pete/wefwefwef/docs/other/3285075999/repo/0.8.2/.xml/websocket_client/websocket_client.xml"
/home/pete/wefwefwef/docs/other/3285075999/websocket_client-tag-0.8.2/websocket_client/src/websocket_client.erl, function start_link/3: at line 2: tag @author not allowed here.
/home/pete/wefwefwef/docs/other/3285075999/websocket_client-tag-0.8.2/websocket_client/src/websocket_client.erl, function start_link/3: at line 83: multiple @doc tag.
Error generating XML ("/home/pete/wefwefwef/docs/other/3285075999/websocket_client-tag-0.8.2/websocket_client/src/websocket_client.erl"): {'EXIT',
                                                                                                                                           error}
Generating XML websocket_client - websocket_req "/home/pete/wefwefwef/docs/other/3285075999/websocket_client-tag-0.8.2/websocket_client/src/websocket_req.erl" -> "/home/pete/wefwefwef/docs/other/3285075999/repo/0.8.2/.xml/websocket_client/websocket_req.xml"
Generating XML websocket_client - wsc_lib "/home/pete/wefwefwef/docs/other/3285075999/websocket_client-tag-0.8.2/websocket_client/src/wsc_lib.erl" -> "/home/pete/wefwefwef/docs/other/3285075999/repo/0.8.2/.xml/websocket_client/wsc_lib.xml"
/home/pete/wefwefwef/docs/other/3285075999/websocket_client-tag-0.8.2/websocket_client/src/wsc_lib.erl, function create_auth_header/3: at line 2: tag @author not allowed here.
Error generating XML ("/home/pete/wefwefwef/docs/other/3285075999/websocket_client-tag-0.8.2/websocket_client/src/wsc_lib.erl"): {'EXIT',
                                                                                                                                  error}
Generating HTML - websocket_req "/home/pete/wefwefwef/docs/other/3285075999/repo/0.8.2/.xml/websocket_client/websocket_req.xml"
Reading XML for "/home/pete/wefwefwef/docs/other/3285075999/repo/0.8.2/.xml/websocket_client/websocket_req.xml"
Reading XML for "/home/pete/wefwefwef/docs/other/3285075999/repo/0.8.2/.xml/specs_websocket_req.xml"
Creating index.html ...
Creating erldocs_index.js ...
Woot, finished in 0 Minutes 1 Seconds
 :: Discovering other repos
$ 5000  `rm -r '/home/pete/wefwefwef/docs/other/3285075999/websocket_client-tag-0.8.2'  2>&1`
 :: Processing https://github.com/sanmiguel/websocket_client	{rev,tag,"v0.6","4d5576cd73feb4125bdf46a4fd0eae43cb8ddf8f",undefined,[],[]}
 :: Fetching repo code
$ cd "/home/pete/wefwefwef/docs/other/3285075999/websocket_client-tag-v0.6/websocket_client"
$ infinity  `curl --fail --silent --show-error --location --output 'v0.6.zip' 'https://github.com/sanmiguel/websocket_client/archive/v0.6.zip'  2>&1`
$ cd "/home/pete/wefwefwef/docs/erldocs_other.git"
$ cd "/home/pete/wefwefwef/docs/other/3285075999/websocket_client-tag-v0.6/websocket_client"
$ 5000  `find -P . -type l -delete  2>&1`
$ cd "/home/pete/wefwefwef/docs/erldocs_other.git"
$ cd "/home/pete/wefwefwef/docs/other/3285075999/websocket_client-tag-v0.6/websocket_client"
$ 5000  `find 'websocket_client-0.6' -mindepth 1 -maxdepth 1 -exec mv -t . -- {} +  2>&1`
$ cd "/home/pete/wefwefwef/docs/erldocs_other.git"
 :: Getting dependencies
$ cd "/home/pete/wefwefwef/docs/other/3285075999/websocket_client-tag-v0.6/websocket_client"
$ 5000  `ls -1 deps/  2>&1`
$ cd "/home/pete/wefwefwef/docs/erldocs_other.git"
>>> [rebar] deps = []
 :: Generating erldocs into /home/pete/wefwefwef/docs/other/3285075999/repo/v0.6
Building websocket_client
Generating Type Specs - "/home/pete/wefwefwef/docs/other/3285075999/websocket_client-tag-v0.6/websocket_client/src/websocket_client.erl"
Generating Type Specs - "/home/pete/wefwefwef/docs/other/3285075999/websocket_client-tag-v0.6/websocket_client/src/websocket_client_handler.erl"
Generating Type Specs - "/home/pete/wefwefwef/docs/other/3285075999/websocket_client-tag-v0.6/websocket_client/src/websocket_req.erl"
Generating XML for application websocket_client "/home/pete/wefwefwef/docs/other/3285075999/websocket_client-tag-v0.6/websocket_client" -> "/home/pete/wefwefwef/docs/other/3285075999/repo/v0.6/.xml/websocket_client"
Generated websocket_client XMLs: ["/home/pete/wefwefwef/docs/other/3285075999/repo/v0.6/.xml/websocket_client/websocket_client_handler.xml",
                                  "/home/pete/wefwefwef/docs/other/3285075999/repo/v0.6/.xml/websocket_client/websocket_req.xml",
                                  "/home/pete/wefwefwef/docs/other/3285075999/repo/v0.6/.xml/websocket_client/websocket_client.xml"]
Generating HTML - websocket_client "/home/pete/wefwefwef/docs/other/3285075999/repo/v0.6/.xml/websocket_client/websocket_client.xml"
Reading XML for "/home/pete/wefwefwef/docs/other/3285075999/repo/v0.6/.xml/websocket_client/websocket_client.xml"
Reading XML for "/home/pete/wefwefwef/docs/other/3285075999/repo/v0.6/.xml/specs_websocket_client.xml"
Generating HTML - websocket_req "/home/pete/wefwefwef/docs/other/3285075999/repo/v0.6/.xml/websocket_client/websocket_req.xml"
Reading XML for "/home/pete/wefwefwef/docs/other/3285075999/repo/v0.6/.xml/websocket_client/websocket_req.xml"
Reading XML for "/home/pete/wefwefwef/docs/other/3285075999/repo/v0.6/.xml/specs_websocket_req.xml"
Generating HTML - websocket_client_handler "/home/pete/wefwefwef/docs/other/3285075999/repo/v0.6/.xml/websocket_client/websocket_client_handler.xml"
Reading XML for "/home/pete/wefwefwef/docs/other/3285075999/repo/v0.6/.xml/websocket_client/websocket_client_handler.xml"
Reading XML for "/home/pete/wefwefwef/docs/other/3285075999/repo/v0.6/.xml/specs_websocket_client_handler.xml"
Creating index.html ...
Creating erldocs_index.js ...
Woot, finished in 0 Minutes 0 Seconds
 :: Discovering other repos
$ 5000  `rm -r '/home/pete/wefwefwef/docs/other/3285075999/websocket_client-tag-v0.6'  2>&1`
 :: Processing https://github.com/sanmiguel/websocket_client	{rev,tag,"v0.6.1","f0334f066edd8a535ab5933cb8e0101317c39bf4",undefined,[],[]}
 :: Fetching repo code
$ cd "/home/pete/wefwefwef/docs/other/3285075999/websocket_client-tag-v0.6.1/websocket_client"
$ infinity  `curl --fail --silent --show-error --location --output 'v0.6.1.zip' 'https://github.com/sanmiguel/websocket_client/archive/v0.6.1.zip'  2>&1`
$ cd "/home/pete/wefwefwef/docs/erldocs_other.git"
$ cd "/home/pete/wefwefwef/docs/other/3285075999/websocket_client-tag-v0.6.1/websocket_client"
$ 5000  `find -P . -type l -delete  2>&1`
$ cd "/home/pete/wefwefwef/docs/erldocs_other.git"
$ cd "/home/pete/wefwefwef/docs/other/3285075999/websocket_client-tag-v0.6.1/websocket_client"
$ 5000  `find 'websocket_client-0.6.1' -mindepth 1 -maxdepth 1 -exec mv -t . -- {} +  2>&1`
$ cd "/home/pete/wefwefwef/docs/erldocs_other.git"
 :: Getting dependencies
$ cd "/home/pete/wefwefwef/docs/other/3285075999/websocket_client-tag-v0.6.1/websocket_client"
$ 5000  `ls -1 deps/  2>&1`
$ cd "/home/pete/wefwefwef/docs/erldocs_other.git"
>>> [rebar] deps = []
 :: Generating erldocs into /home/pete/wefwefwef/docs/other/3285075999/repo/v0.6.1
Building websocket_client
Generating Type Specs - "/home/pete/wefwefwef/docs/other/3285075999/websocket_client-tag-v0.6.1/websocket_client/src/websocket_client.erl"
Generating Type Specs - "/home/pete/wefwefwef/docs/other/3285075999/websocket_client-tag-v0.6.1/websocket_client/src/websocket_client_handler.erl"
Generating Type Specs - "/home/pete/wefwefwef/docs/other/3285075999/websocket_client-tag-v0.6.1/websocket_client/src/websocket_req.erl"
Generating XML for application websocket_client "/home/pete/wefwefwef/docs/other/3285075999/websocket_client-tag-v0.6.1/websocket_client" -> "/home/pete/wefwefwef/docs/other/3285075999/repo/v0.6.1/.xml/websocket_client"
Generated websocket_client XMLs: ["/home/pete/wefwefwef/docs/other/3285075999/repo/v0.6.1/.xml/websocket_client/websocket_client_handler.xml",
                                  "/home/pete/wefwefwef/docs/other/3285075999/repo/v0.6.1/.xml/websocket_client/websocket_req.xml",
                                  "/home/pete/wefwefwef/docs/other/3285075999/repo/v0.6.1/.xml/websocket_client/websocket_client.xml"]
Generating HTML - websocket_client "/home/pete/wefwefwef/docs/other/3285075999/repo/v0.6.1/.xml/websocket_client/websocket_client.xml"
Reading XML for "/home/pete/wefwefwef/docs/other/3285075999/repo/v0.6.1/.xml/websocket_client/websocket_client.xml"
Reading XML for "/home/pete/wefwefwef/docs/other/3285075999/repo/v0.6.1/.xml/specs_websocket_client.xml"
Generating HTML - websocket_req "/home/pete/wefwefwef/docs/other/3285075999/repo/v0.6.1/.xml/websocket_client/websocket_req.xml"
Reading XML for "/home/pete/wefwefwef/docs/other/3285075999/repo/v0.6.1/.xml/websocket_client/websocket_req.xml"
Reading XML for "/home/pete/wefwefwef/docs/other/3285075999/repo/v0.6.1/.xml/specs_websocket_req.xml"
Generating HTML - websocket_client_handler "/home/pete/wefwefwef/docs/other/3285075999/repo/v0.6.1/.xml/websocket_client/websocket_client_handler.xml"
Reading XML for "/home/pete/wefwefwef/docs/other/3285075999/repo/v0.6.1/.xml/websocket_client/websocket_client_handler.xml"
Reading XML for "/home/pete/wefwefwef/docs/other/3285075999/repo/v0.6.1/.xml/specs_websocket_client_handler.xml"
Creating index.html ...
Creating erldocs_index.js ...
Woot, finished in 0 Minutes 0 Seconds
 :: Discovering other repos
$ 5000  `rm -r '/home/pete/wefwefwef/docs/other/3285075999/websocket_client-tag-v0.6.1'  2>&1`
 :: Processing https://github.com/sanmiguel/websocket_client	{rev,branch,"add-synchronous-send","b0de4e570183a04aa326f8f0364b371aa7f203e1",undefined,[],[]}
 :: Fetching repo code
$ cd "/home/pete/wefwefwef/docs/other/3285075999/websocket_client-branch-add-synchronous-send/websocket_client"
$ infinity  `curl --fail --silent --show-error --location --output 'add-synchronous-send.zip' 'https://github.com/sanmiguel/websocket_client/archive/add-synchronous-send.zip'  2>&1`
$ cd "/home/pete/wefwefwef/docs/erldocs_other.git"
$ cd "/home/pete/wefwefwef/docs/other/3285075999/websocket_client-branch-add-synchronous-send/websocket_client"
$ 5000  `find -P . -type l -delete  2>&1`
$ cd "/home/pete/wefwefwef/docs/erldocs_other.git"
$ cd "/home/pete/wefwefwef/docs/other/3285075999/websocket_client-branch-add-synchronous-send/websocket_client"
$ 5000  `find 'websocket_client-add-synchronous-send' -mindepth 1 -maxdepth 1 -exec mv -t . -- {} +  2>&1`
$ cd "/home/pete/wefwefwef/docs/erldocs_other.git"
 :: Getting dependencies
$ cd "/home/pete/wefwefwef/docs/other/3285075999/websocket_client-branch-add-synchronous-send/websocket_client"
$ infinity  `rebar --config '/home/pete/wefwefwef/docs/other/3285075999/websocket_client-branch-add-synchronous-send/rebar_deps' get-deps  2>&1`
$ cd "/home/pete/wefwefwef/docs/erldocs_other.git"
$ cd "/home/pete/wefwefwef/docs/other/3285075999/websocket_client-branch-add-synchronous-send/websocket_client"
$ 5000  `find -P . -type l -delete  2>&1`
$ cd "/home/pete/wefwefwef/docs/erldocs_other.git"
$ cd "/home/pete/wefwefwef/docs/other/3285075999/websocket_client-branch-add-synchronous-send/websocket_client"
$ 5000  `ls -1 deps/  2>&1`
$ cd "/home/pete/wefwefwef/docs/erldocs_other.git"
>>> [rebar] deps = ["cowboy","cowlib","ranch"]
 :: Generating erldocs into /home/pete/wefwefwef/docs/other/3285075999/repo/add-synchronous-send
Building websocket_client
Generating Type Specs - "/home/pete/wefwefwef/docs/other/3285075999/websocket_client-branch-add-synchronous-send/websocket_client/src/websocket_client.erl"
Generating Type Specs - "/home/pete/wefwefwef/docs/other/3285075999/websocket_client-branch-add-synchronous-send/websocket_client/src/websocket_client_handler.erl"
Generating Type Specs - "/home/pete/wefwefwef/docs/other/3285075999/websocket_client-branch-add-synchronous-send/websocket_client/src/websocket_req.erl"
Generating XML for application websocket_client "/home/pete/wefwefwef/docs/other/3285075999/websocket_client-branch-add-synchronous-send/websocket_client" -> "/home/pete/wefwefwef/docs/other/3285075999/repo/add-synchronous-send/.xml/websocket_client"
Generated websocket_client XMLs: ["/home/pete/wefwefwef/docs/other/3285075999/repo/add-synchronous-send/.xml/websocket_client/websocket_client_handler.xml",
                                  "/home/pete/wefwefwef/docs/other/3285075999/repo/add-synchronous-send/.xml/websocket_client/websocket_req.xml",
                                  "/home/pete/wefwefwef/docs/other/3285075999/repo/add-synchronous-send/.xml/websocket_client/websocket_client.xml"]
Generating HTML - websocket_client "/home/pete/wefwefwef/docs/other/3285075999/repo/add-synchronous-send/.xml/websocket_client/websocket_client.xml"
Reading XML for "/home/pete/wefwefwef/docs/other/3285075999/repo/add-synchronous-send/.xml/websocket_client/websocket_client.xml"
Reading XML for "/home/pete/wefwefwef/docs/other/3285075999/repo/add-synchronous-send/.xml/specs_websocket_client.xml"
Generating HTML - websocket_req "/home/pete/wefwefwef/docs/other/3285075999/repo/add-synchronous-send/.xml/websocket_client/websocket_req.xml"
Reading XML for "/home/pete/wefwefwef/docs/other/3285075999/repo/add-synchronous-send/.xml/websocket_client/websocket_req.xml"
Reading XML for "/home/pete/wefwefwef/docs/other/3285075999/repo/add-synchronous-send/.xml/specs_websocket_req.xml"
Generating HTML - websocket_client_handler "/home/pete/wefwefwef/docs/other/3285075999/repo/add-synchronous-send/.xml/websocket_client/websocket_client_handler.xml"
Reading XML for "/home/pete/wefwefwef/docs/other/3285075999/repo/add-synchronous-send/.xml/websocket_client/websocket_client_handler.xml"
Reading XML for "/home/pete/wefwefwef/docs/other/3285075999/repo/add-synchronous-send/.xml/specs_websocket_client_handler.xml"
Creating index.html ...
Creating erldocs_index.js ...
Woot, finished in 0 Minutes 0 Seconds
 :: Discovering other repos
$ 5000  `rm -r '/home/pete/wefwefwef/docs/other/3285075999/websocket_client-branch-add-synchronous-send'  2>&1`
 :: Processing https://github.com/sanmiguel/websocket_client	{rev,branch,"jc-dialyzer-cleanup","6c5d9a0149aae1aed1752a4d08a8d65988a436ca",undefined,[],[]}
 :: Fetching repo code
$ cd "/home/pete/wefwefwef/docs/other/3285075999/websocket_client-branch-jc-dialyzer-cleanup/websocket_client"
$ infinity  `curl --fail --silent --show-error --location --output 'jc-dialyzer-cleanup.zip' 'https://github.com/sanmiguel/websocket_client/archive/jc-dialyzer-cleanup.zip'  2>&1`
$ cd "/home/pete/wefwefwef/docs/erldocs_other.git"
$ cd "/home/pete/wefwefwef/docs/other/3285075999/websocket_client-branch-jc-dialyzer-cleanup/websocket_client"
$ 5000  `find -P . -type l -delete  2>&1`
$ cd "/home/pete/wefwefwef/docs/erldocs_other.git"
$ cd "/home/pete/wefwefwef/docs/other/3285075999/websocket_client-branch-jc-dialyzer-cleanup/websocket_client"
$ 5000  `find 'websocket_client-jc-dialyzer-cleanup' -mindepth 1 -maxdepth 1 -exec mv -t . -- {} +  2>&1`
$ cd "/home/pete/wefwefwef/docs/erldocs_other.git"
 :: Getting dependencies
$ cd "/home/pete/wefwefwef/docs/other/3285075999/websocket_client-branch-jc-dialyzer-cleanup/websocket_client"
$ 5000  `ls -1 deps/  2>&1`
$ cd "/home/pete/wefwefwef/docs/erldocs_other.git"
>>> [rebar] deps = []
 :: Generating erldocs into /home/pete/wefwefwef/docs/other/3285075999/repo/jc-dialyzer-cleanup
Building websocket_client
Generating Type Specs - "/home/pete/wefwefwef/docs/other/3285075999/websocket_client-branch-jc-dialyzer-cleanup/websocket_client/src/websocket_client.erl"
Generating Type Specs - "/home/pete/wefwefwef/docs/other/3285075999/websocket_client-branch-jc-dialyzer-cleanup/websocket_client/src/websocket_client_handler.erl"
Generating Type Specs - "/home/pete/wefwefwef/docs/other/3285075999/websocket_client-branch-jc-dialyzer-cleanup/websocket_client/src/websocket_req.erl"
Generating XML for application websocket_client "/home/pete/wefwefwef/docs/other/3285075999/websocket_client-branch-jc-dialyzer-cleanup/websocket_client" -> "/home/pete/wefwefwef/docs/other/3285075999/repo/jc-dialyzer-cleanup/.xml/websocket_client"
/home/pete/wefwefwef/docs/other/3285075999/websocket_client-branch-jc-dialyzer-cleanup/websocket_client/src/websocket_client_handler.erl, in module footer: at line 8: tag @doc not allowed here.
edoc: skipping source file '/home/pete/wefwefwef/docs/other/3285075999/websocket_client-branch-jc-dialyzer-cleanup/websocket_client/src/websocket_client_handler.erl': {'EXIT',
                                                                                                                                                                  error}.
edoc: error in doclet 'edoc_doclet': {'EXIT',error}.
Error generating websocket_client XMLs. Using fallback ...
Generating XML websocket_client - websocket_client "/home/pete/wefwefwef/docs/other/3285075999/websocket_client-branch-jc-dialyzer-cleanup/websocket_client/src/websocket_client.erl" -> "/home/pete/wefwefwef/docs/other/3285075999/repo/jc-dialyzer-cleanup/.xml/websocket_client/websocket_client.xml"
Generating XML websocket_client - websocket_client_handler "/home/pete/wefwefwef/docs/other/3285075999/websocket_client-branch-jc-dialyzer-cleanup/websocket_client/src/websocket_client_handler.erl" -> "/home/pete/wefwefwef/docs/other/3285075999/repo/jc-dialyzer-cleanup/.xml/websocket_client/websocket_client_handler.xml"
/home/pete/wefwefwef/docs/other/3285075999/websocket_client-branch-jc-dialyzer-cleanup/websocket_client/src/websocket_client_handler.erl, in module footer: at line 8: tag @doc not allowed here.
Error generating XML ("/home/pete/wefwefwef/docs/other/3285075999/websocket_client-branch-jc-dialyzer-cleanup/websocket_client/src/websocket_client_handler.erl"): {'EXIT',
                                                                                                                                                                    error}
Generating XML websocket_client - websocket_req "/home/pete/wefwefwef/docs/other/3285075999/websocket_client-branch-jc-dialyzer-cleanup/websocket_client/src/websocket_req.erl" -> "/home/pete/wefwefwef/docs/other/3285075999/repo/jc-dialyzer-cleanup/.xml/websocket_client/websocket_req.xml"
Generating HTML - websocket_client "/home/pete/wefwefwef/docs/other/3285075999/repo/jc-dialyzer-cleanup/.xml/websocket_client/websocket_client.xml"
Reading XML for "/home/pete/wefwefwef/docs/other/3285075999/repo/jc-dialyzer-cleanup/.xml/websocket_client/websocket_client.xml"
Reading XML for "/home/pete/wefwefwef/docs/other/3285075999/repo/jc-dialyzer-cleanup/.xml/specs_websocket_client.xml"
Generating HTML - websocket_req "/home/pete/wefwefwef/docs/other/3285075999/repo/jc-dialyzer-cleanup/.xml/websocket_client/websocket_req.xml"
Reading XML for "/home/pete/wefwefwef/docs/other/3285075999/repo/jc-dialyzer-cleanup/.xml/websocket_client/websocket_req.xml"
Reading XML for "/home/pete/wefwefwef/docs/other/3285075999/repo/jc-dialyzer-cleanup/.xml/specs_websocket_req.xml"
Creating index.html ...
Creating erldocs_index.js ...
Woot, finished in 0 Minutes 0 Seconds
 :: Discovering other repos
$ 5000  `rm -r '/home/pete/wefwefwef/docs/other/3285075999/websocket_client-branch-jc-dialyzer-cleanup'  2>&1`
 :: Processing https://github.com/sanmiguel/websocket_client	{rev,branch,"jc-dialyzer-warnigs","49a68fcf2467e95a24d989d32e50fbf655a3c5b5",undefined,[],[]}
 :: Fetching repo code
$ cd "/home/pete/wefwefwef/docs/other/3285075999/websocket_client-branch-jc-dialyzer-warnigs/websocket_client"
$ infinity  `curl --fail --silent --show-error --location --output 'jc-dialyzer-warnigs.zip' 'https://github.com/sanmiguel/websocket_client/archive/jc-dialyzer-warnigs.zip'  2>&1`
$ cd "/home/pete/wefwefwef/docs/erldocs_other.git"
$ cd "/home/pete/wefwefwef/docs/other/3285075999/websocket_client-branch-jc-dialyzer-warnigs/websocket_client"
$ 5000  `find -P . -type l -delete  2>&1`
$ cd "/home/pete/wefwefwef/docs/erldocs_other.git"
$ cd "/home/pete/wefwefwef/docs/other/3285075999/websocket_client-branch-jc-dialyzer-warnigs/websocket_client"
$ 5000  `find 'websocket_client-jc-dialyzer-warnigs' -mindepth 1 -maxdepth 1 -exec mv -t . -- {} +  2>&1`
$ cd "/home/pete/wefwefwef/docs/erldocs_other.git"
 :: Getting dependencies
$ cd "/home/pete/wefwefwef/docs/other/3285075999/websocket_client-branch-jc-dialyzer-warnigs/websocket_client"
$ 5000  `ls -1 deps/  2>&1`
$ cd "/home/pete/wefwefwef/docs/erldocs_other.git"
>>> [rebar] deps = []
 :: Generating erldocs into /home/pete/wefwefwef/docs/other/3285075999/repo/jc-dialyzer-warnigs
Building websocket_client
Generating Type Specs - "/home/pete/wefwefwef/docs/other/3285075999/websocket_client-branch-jc-dialyzer-warnigs/websocket_client/src/websocket_client.erl"
Generating Type Specs - "/home/pete/wefwefwef/docs/other/3285075999/websocket_client-branch-jc-dialyzer-warnigs/websocket_client/src/websocket_client_handler.erl"
Generating Type Specs - "/home/pete/wefwefwef/docs/other/3285075999/websocket_client-branch-jc-dialyzer-warnigs/websocket_client/src/websocket_req.erl"
Generating XML for application websocket_client "/home/pete/wefwefwef/docs/other/3285075999/websocket_client-branch-jc-dialyzer-warnigs/websocket_client" -> "/home/pete/wefwefwef/docs/other/3285075999/repo/jc-dialyzer-warnigs/.xml/websocket_client"
/home/pete/wefwefwef/docs/other/3285075999/websocket_client-branch-jc-dialyzer-warnigs/websocket_client/src/websocket_client_handler.erl, in module footer: at line 8: tag @doc not allowed here.
edoc: skipping source file '/home/pete/wefwefwef/docs/other/3285075999/websocket_client-branch-jc-dialyzer-warnigs/websocket_client/src/websocket_client_handler.erl': {'EXIT',
                                                                                                                                                                  error}.
edoc: error in doclet 'edoc_doclet': {'EXIT',error}.
Error generating websocket_client XMLs. Using fallback ...
Generating XML websocket_client - websocket_client "/home/pete/wefwefwef/docs/other/3285075999/websocket_client-branch-jc-dialyzer-warnigs/websocket_client/src/websocket_client.erl" -> "/home/pete/wefwefwef/docs/other/3285075999/repo/jc-dialyzer-warnigs/.xml/websocket_client/websocket_client.xml"
Generating XML websocket_client - websocket_client_handler "/home/pete/wefwefwef/docs/other/3285075999/websocket_client-branch-jc-dialyzer-warnigs/websocket_client/src/websocket_client_handler.erl" -> "/home/pete/wefwefwef/docs/other/3285075999/repo/jc-dialyzer-warnigs/.xml/websocket_client/websocket_client_handler.xml"
/home/pete/wefwefwef/docs/other/3285075999/websocket_client-branch-jc-dialyzer-warnigs/websocket_client/src/websocket_client_handler.erl, in module footer: at line 8: tag @doc not allowed here.
Error generating XML ("/home/pete/wefwefwef/docs/other/3285075999/websocket_client-branch-jc-dialyzer-warnigs/websocket_client/src/websocket_client_handler.erl"): {'EXIT',
                                                                                                                                                                    error}
Generating XML websocket_client - websocket_req "/home/pete/wefwefwef/docs/other/3285075999/websocket_client-branch-jc-dialyzer-warnigs/websocket_client/src/websocket_req.erl" -> "/home/pete/wefwefwef/docs/other/3285075999/repo/jc-dialyzer-warnigs/.xml/websocket_client/websocket_req.xml"
Generating HTML - websocket_client "/home/pete/wefwefwef/docs/other/3285075999/repo/jc-dialyzer-warnigs/.xml/websocket_client/websocket_client.xml"
Reading XML for "/home/pete/wefwefwef/docs/other/3285075999/repo/jc-dialyzer-warnigs/.xml/websocket_client/websocket_client.xml"
Reading XML for "/home/pete/wefwefwef/docs/other/3285075999/repo/jc-dialyzer-warnigs/.xml/specs_websocket_client.xml"
Generating HTML - websocket_req "/home/pete/wefwefwef/docs/other/3285075999/repo/jc-dialyzer-warnigs/.xml/websocket_client/websocket_req.xml"
Reading XML for "/home/pete/wefwefwef/docs/other/3285075999/repo/jc-dialyzer-warnigs/.xml/websocket_client/websocket_req.xml"
Reading XML for "/home/pete/wefwefwef/docs/other/3285075999/repo/jc-dialyzer-warnigs/.xml/specs_websocket_req.xml"
Creating index.html ...
Creating erldocs_index.js ...
Woot, finished in 0 Minutes 0 Seconds
 :: Discovering other repos
$ 5000  `rm -r '/home/pete/wefwefwef/docs/other/3285075999/websocket_client-branch-jc-dialyzer-warnigs'  2>&1`
 :: Processing https://github.com/sanmiguel/websocket_client	{rev,branch,"master","bbe69d94a742bdb35e10acc69f65b4a7a085f307",undefined,[],[]}
 :: Fetching repo code
$ cd "/home/pete/wefwefwef/docs/other/3285075999/websocket_client-branch-master/websocket_client"
$ infinity  `curl --fail --silent --show-error --location --output 'master.zip' 'https://github.com/sanmiguel/websocket_client/archive/master.zip'  2>&1`
$ cd "/home/pete/wefwefwef/docs/erldocs_other.git"
$ cd "/home/pete/wefwefwef/docs/other/3285075999/websocket_client-branch-master/websocket_client"
$ 5000  `find -P . -type l -delete  2>&1`
$ cd "/home/pete/wefwefwef/docs/erldocs_other.git"
$ cd "/home/pete/wefwefwef/docs/other/3285075999/websocket_client-branch-master/websocket_client"
$ 5000  `find 'websocket_client-master' -mindepth 1 -maxdepth 1 -exec mv -t . -- {} +  2>&1`
$ cd "/home/pete/wefwefwef/docs/erldocs_other.git"
 :: Getting dependencies
$ cd "/home/pete/wefwefwef/docs/other/3285075999/websocket_client-branch-master/websocket_client"
$ 5000  `ls -1 deps/  2>&1`
$ cd "/home/pete/wefwefwef/docs/erldocs_other.git"
>>> [rebar] deps = []
 :: Generating erldocs into /home/pete/wefwefwef/docs/other/3285075999/repo/master
Building websocket_client
Generating Type Specs - "/home/pete/wefwefwef/docs/other/3285075999/websocket_client-branch-master/websocket_client/src/websocket_client.erl"
Generating Type Specs - "/home/pete/wefwefwef/docs/other/3285075999/websocket_client-branch-master/websocket_client/src/websocket_req.erl"
Generating Type Specs - "/home/pete/wefwefwef/docs/other/3285075999/websocket_client-branch-master/websocket_client/src/wsc_lib.erl"
Generating XML for application websocket_client "/home/pete/wefwefwef/docs/other/3285075999/websocket_client-branch-master/websocket_client" -> "/home/pete/wefwefwef/docs/other/3285075999/repo/master/.xml/websocket_client"
/home/pete/wefwefwef/docs/other/3285075999/websocket_client-branch-master/websocket_client/src/websocket_client.erl, function start_link/3: at line 2: tag @author not allowed here.
/home/pete/wefwefwef/docs/other/3285075999/websocket_client-branch-master/websocket_client/src/websocket_client.erl, function start_link/3: at line 83: multiple @doc tag.
edoc: skipping source file '/home/pete/wefwefwef/docs/other/3285075999/websocket_client-branch-master/websocket_client/src/websocket_client.erl': {'EXIT',
                                                                                                                                             error}.
/home/pete/wefwefwef/docs/other/3285075999/websocket_client-branch-master/websocket_client/src/wsc_lib.erl, function create_auth_header/3: at line 2: tag @author not allowed here.
edoc: skipping source file '/home/pete/wefwefwef/docs/other/3285075999/websocket_client-branch-master/websocket_client/src/wsc_lib.erl': {'EXIT',
                                                                                                                                    error}.
edoc: error in doclet 'edoc_doclet': {'EXIT',error}.
Error generating websocket_client XMLs. Using fallback ...
Generating XML websocket_client - websocket_client "/home/pete/wefwefwef/docs/other/3285075999/websocket_client-branch-master/websocket_client/src/websocket_client.erl" -> "/home/pete/wefwefwef/docs/other/3285075999/repo/master/.xml/websocket_client/websocket_client.xml"
/home/pete/wefwefwef/docs/other/3285075999/websocket_client-branch-master/websocket_client/src/websocket_client.erl, function start_link/3: at line 2: tag @author not allowed here.
/home/pete/wefwefwef/docs/other/3285075999/websocket_client-branch-master/websocket_client/src/websocket_client.erl, function start_link/3: at line 83: multiple @doc tag.
Error generating XML ("/home/pete/wefwefwef/docs/other/3285075999/websocket_client-branch-master/websocket_client/src/websocket_client.erl"): {'EXIT',
                                                                                                                                               error}
Generating XML websocket_client - websocket_req "/home/pete/wefwefwef/docs/other/3285075999/websocket_client-branch-master/websocket_client/src/websocket_req.erl" -> "/home/pete/wefwefwef/docs/other/3285075999/repo/master/.xml/websocket_client/websocket_req.xml"
Generating XML websocket_client - wsc_lib "/home/pete/wefwefwef/docs/other/3285075999/websocket_client-branch-master/websocket_client/src/wsc_lib.erl" -> "/home/pete/wefwefwef/docs/other/3285075999/repo/master/.xml/websocket_client/wsc_lib.xml"
/home/pete/wefwefwef/docs/other/3285075999/websocket_client-branch-master/websocket_client/src/wsc_lib.erl, function create_auth_header/3: at line 2: tag @author not allowed here.
Error generating XML ("/home/pete/wefwefwef/docs/other/3285075999/websocket_client-branch-master/websocket_client/src/wsc_lib.erl"): {'EXIT',
                                                                                                                                      error}
Generating HTML - websocket_req "/home/pete/wefwefwef/docs/other/3285075999/repo/master/.xml/websocket_client/websocket_req.xml"
Reading XML for "/home/pete/wefwefwef/docs/other/3285075999/repo/master/.xml/websocket_client/websocket_req.xml"
Reading XML for "/home/pete/wefwefwef/docs/other/3285075999/repo/master/.xml/specs_websocket_req.xml"
Creating index.html ...
Creating erldocs_index.js ...
Woot, finished in 0 Minutes 1 Seconds
 :: Discovering other repos
$ 5000  `rm -r '/home/pete/wefwefwef/docs/other/3285075999/websocket_client-branch-master'  2>&1`
 :: Processing https://github.com/sanmiguel/websocket_client	{rev,branch,"mc-enforce-sync-start-in-test","88e2aedcd0d81f416183755e87d3216f1ee80947",undefined,[],[]}
 :: Fetching repo code
$ cd "/home/pete/wefwefwef/docs/other/3285075999/websocket_client-branch-mc-enforce-sync-start-in-test/websocket_client"
$ infinity  `curl --fail --silent --show-error --location --output 'mc-enforce-sync-start-in-test.zip' 'https://github.com/sanmiguel/websocket_client/archive/mc-enforce-sync-start-in-test.zip'  2>&1`
$ cd "/home/pete/wefwefwef/docs/erldocs_other.git"
$ cd "/home/pete/wefwefwef/docs/other/3285075999/websocket_client-branch-mc-enforce-sync-start-in-test/websocket_client"
$ 5000  `find -P . -type l -delete  2>&1`
$ cd "/home/pete/wefwefwef/docs/erldocs_other.git"
$ cd "/home/pete/wefwefwef/docs/other/3285075999/websocket_client-branch-mc-enforce-sync-start-in-test/websocket_client"
$ 5000  `find 'websocket_client-mc-enforce-sync-start-in-test' -mindepth 1 -maxdepth 1 -exec mv -t . -- {} +  2>&1`
$ cd "/home/pete/wefwefwef/docs/erldocs_other.git"
 :: Getting dependencies
$ cd "/home/pete/wefwefwef/docs/other/3285075999/websocket_client-branch-mc-enforce-sync-start-in-test/websocket_client"
$ 5000  `ls -1 deps/  2>&1`
$ cd "/home/pete/wefwefwef/docs/erldocs_other.git"
>>> [rebar] deps = []
 :: Generating erldocs into /home/pete/wefwefwef/docs/other/3285075999/repo/mc-enforce-sync-start-in-test
Building websocket_client
Generating Type Specs - "/home/pete/wefwefwef/docs/other/3285075999/websocket_client-branch-mc-enforce-sync-start-in-test/websocket_client/src/websocket_client.erl"
Generating Type Specs - "/home/pete/wefwefwef/docs/other/3285075999/websocket_client-branch-mc-enforce-sync-start-in-test/websocket_client/src/websocket_req.erl"
Generating Type Specs - "/home/pete/wefwefwef/docs/other/3285075999/websocket_client-branch-mc-enforce-sync-start-in-test/websocket_client/src/wsc_lib.erl"
Generating XML for application websocket_client "/home/pete/wefwefwef/docs/other/3285075999/websocket_client-branch-mc-enforce-sync-start-in-test/websocket_client" -> "/home/pete/wefwefwef/docs/other/3285075999/repo/mc-enforce-sync-start-in-test/.xml/websocket_client"
/home/pete/wefwefwef/docs/other/3285075999/websocket_client-branch-mc-enforce-sync-start-in-test/websocket_client/src/websocket_client.erl, function start_link/3: at line 2: tag @author not allowed here.
/home/pete/wefwefwef/docs/other/3285075999/websocket_client-branch-mc-enforce-sync-start-in-test/websocket_client/src/websocket_client.erl, function start_link/3: at line 80: multiple @doc tag.
edoc: skipping source file '/home/pete/wefwefwef/docs/other/3285075999/websocket_client-branch-mc-enforce-sync-start-in-test/websocket_client/src/websocket_client.erl': {'EXIT',
                                                                                                                                                                    error}.
/home/pete/wefwefwef/docs/other/3285075999/websocket_client-branch-mc-enforce-sync-start-in-test/websocket_client/src/wsc_lib.erl, function create_auth_header/3: at line 2: tag @author not allowed here.
edoc: skipping source file '/home/pete/wefwefwef/docs/other/3285075999/websocket_client-branch-mc-enforce-sync-start-in-test/websocket_client/src/wsc_lib.erl': {'EXIT',
                                                                                                                                                           error}.
edoc: error in doclet 'edoc_doclet': {'EXIT',error}.
Error generating websocket_client XMLs. Using fallback ...
Generating XML websocket_client - websocket_client "/home/pete/wefwefwef/docs/other/3285075999/websocket_client-branch-mc-enforce-sync-start-in-test/websocket_client/src/websocket_client.erl" -> "/home/pete/wefwefwef/docs/other/3285075999/repo/mc-enforce-sync-start-in-test/.xml/websocket_client/websocket_client.xml"
/home/pete/wefwefwef/docs/other/3285075999/websocket_client-branch-mc-enforce-sync-start-in-test/websocket_client/src/websocket_client.erl, function start_link/3: at line 2: tag @author not allowed here.
/home/pete/wefwefwef/docs/other/3285075999/websocket_client-branch-mc-enforce-sync-start-in-test/websocket_client/src/websocket_client.erl, function start_link/3: at line 80: multiple @doc tag.
Error generating XML ("/home/pete/wefwefwef/docs/other/3285075999/websocket_client-branch-mc-enforce-sync-start-in-test/websocket_client/src/websocket_client.erl"): {'EXIT',
                                                                                                                                                                      error}
Generating XML websocket_client - websocket_req "/home/pete/wefwefwef/docs/other/3285075999/websocket_client-branch-mc-enforce-sync-start-in-test/websocket_client/src/websocket_req.erl" -> "/home/pete/wefwefwef/docs/other/3285075999/repo/mc-enforce-sync-start-in-test/.xml/websocket_client/websocket_req.xml"
Generating XML websocket_client - wsc_lib "/home/pete/wefwefwef/docs/other/3285075999/websocket_client-branch-mc-enforce-sync-start-in-test/websocket_client/src/wsc_lib.erl" -> "/home/pete/wefwefwef/docs/other/3285075999/repo/mc-enforce-sync-start-in-test/.xml/websocket_client/wsc_lib.xml"
/home/pete/wefwefwef/docs/other/3285075999/websocket_client-branch-mc-enforce-sync-start-in-test/websocket_client/src/wsc_lib.erl, function create_auth_header/3: at line 2: tag @author not allowed here.
Error generating XML ("/home/pete/wefwefwef/docs/other/3285075999/websocket_client-branch-mc-enforce-sync-start-in-test/websocket_client/src/wsc_lib.erl"): {'EXIT',
                                                                                                                                                             error}
Generating HTML - websocket_req "/home/pete/wefwefwef/docs/other/3285075999/repo/mc-enforce-sync-start-in-test/.xml/websocket_client/websocket_req.xml"
Reading XML for "/home/pete/wefwefwef/docs/other/3285075999/repo/mc-enforce-sync-start-in-test/.xml/websocket_client/websocket_req.xml"
Reading XML for "/home/pete/wefwefwef/docs/other/3285075999/repo/mc-enforce-sync-start-in-test/.xml/specs_websocket_req.xml"
Creating index.html ...
Creating erldocs_index.js ...
Woot, finished in 0 Minutes 1 Seconds
 :: Discovering other repos
$ 5000  `rm -r '/home/pete/wefwefwef/docs/other/3285075999/websocket_client-branch-mc-enforce-sync-start-in-test'  2>&1`
 :: Processing https://github.com/sanmiguel/websocket_client	{rev,branch,"moar-fsm","052900ae32dbf5d98e567450cd00fd3e550956ce",undefined,[],[]}
 :: Fetching repo code
$ cd "/home/pete/wefwefwef/docs/other/3285075999/websocket_client-branch-moar-fsm/websocket_client"
$ infinity  `curl --fail --silent --show-error --location --output 'moar-fsm.zip' 'https://github.com/sanmiguel/websocket_client/archive/moar-fsm.zip'  2>&1`
$ cd "/home/pete/wefwefwef/docs/erldocs_other.git"
$ cd "/home/pete/wefwefwef/docs/other/3285075999/websocket_client-branch-moar-fsm/websocket_client"
$ 5000  `find -P . -type l -delete  2>&1`
$ cd "/home/pete/wefwefwef/docs/erldocs_other.git"
$ cd "/home/pete/wefwefwef/docs/other/3285075999/websocket_client-branch-moar-fsm/websocket_client"
$ 5000  `find 'websocket_client-moar-fsm' -mindepth 1 -maxdepth 1 -exec mv -t . -- {} +  2>&1`
$ cd "/home/pete/wefwefwef/docs/erldocs_other.git"
 :: Getting dependencies
$ cd "/home/pete/wefwefwef/docs/other/3285075999/websocket_client-branch-moar-fsm/websocket_client"
$ 5000  `ls -1 deps/  2>&1`
$ cd "/home/pete/wefwefwef/docs/erldocs_other.git"
>>> [rebar] deps = []
 :: Generating erldocs into /home/pete/wefwefwef/docs/other/3285075999/repo/moar-fsm
Building websocket_client
Generating Type Specs - "/home/pete/wefwefwef/docs/other/3285075999/websocket_client-branch-moar-fsm/websocket_client/src/websocket_client.erl"
Generating Type Specs - "/home/pete/wefwefwef/docs/other/3285075999/websocket_client-branch-moar-fsm/websocket_client/src/websocket_req.erl"
Generating Type Specs - "/home/pete/wefwefwef/docs/other/3285075999/websocket_client-branch-moar-fsm/websocket_client/src/wsc_lib.erl"
Generating XML for application websocket_client "/home/pete/wefwefwef/docs/other/3285075999/websocket_client-branch-moar-fsm/websocket_client" -> "/home/pete/wefwefwef/docs/other/3285075999/repo/moar-fsm/.xml/websocket_client"
/home/pete/wefwefwef/docs/other/3285075999/websocket_client-branch-moar-fsm/websocket_client/src/websocket_client.erl, function start_link/3: at line 2: tag @author not allowed here.
/home/pete/wefwefwef/docs/other/3285075999/websocket_client-branch-moar-fsm/websocket_client/src/websocket_client.erl, function start_link/3: at line 80: multiple @doc tag.
edoc: skipping source file '/home/pete/wefwefwef/docs/other/3285075999/websocket_client-branch-moar-fsm/websocket_client/src/websocket_client.erl': {'EXIT',
                                                                                                                                               error}.
/home/pete/wefwefwef/docs/other/3285075999/websocket_client-branch-moar-fsm/websocket_client/src/wsc_lib.erl, function create_auth_header/3: at line 2: tag @author not allowed here.
edoc: skipping source file '/home/pete/wefwefwef/docs/other/3285075999/websocket_client-branch-moar-fsm/websocket_client/src/wsc_lib.erl': {'EXIT',
                                                                                                                                      error}.
edoc: error in doclet 'edoc_doclet': {'EXIT',error}.
Error generating websocket_client XMLs. Using fallback ...
Generating XML websocket_client - websocket_client "/home/pete/wefwefwef/docs/other/3285075999/websocket_client-branch-moar-fsm/websocket_client/src/websocket_client.erl" -> "/home/pete/wefwefwef/docs/other/3285075999/repo/moar-fsm/.xml/websocket_client/websocket_client.xml"
/home/pete/wefwefwef/docs/other/3285075999/websocket_client-branch-moar-fsm/websocket_client/src/websocket_client.erl, function start_link/3: at line 2: tag @author not allowed here.
/home/pete/wefwefwef/docs/other/3285075999/websocket_client-branch-moar-fsm/websocket_client/src/websocket_client.erl, function start_link/3: at line 80: multiple @doc tag.
Error generating XML ("/home/pete/wefwefwef/docs/other/3285075999/websocket_client-branch-moar-fsm/websocket_client/src/websocket_client.erl"): {'EXIT',
                                                                                                                                                 error}
Generating XML websocket_client - websocket_req "/home/pete/wefwefwef/docs/other/3285075999/websocket_client-branch-moar-fsm/websocket_client/src/websocket_req.erl" -> "/home/pete/wefwefwef/docs/other/3285075999/repo/moar-fsm/.xml/websocket_client/websocket_req.xml"
Generating XML websocket_client - wsc_lib "/home/pete/wefwefwef/docs/other/3285075999/websocket_client-branch-moar-fsm/websocket_client/src/wsc_lib.erl" -> "/home/pete/wefwefwef/docs/other/3285075999/repo/moar-fsm/.xml/websocket_client/wsc_lib.xml"
/home/pete/wefwefwef/docs/other/3285075999/websocket_client-branch-moar-fsm/websocket_client/src/wsc_lib.erl, function create_auth_header/3: at line 2: tag @author not allowed here.
Error generating XML ("/home/pete/wefwefwef/docs/other/3285075999/websocket_client-branch-moar-fsm/websocket_client/src/wsc_lib.erl"): {'EXIT',
                                                                                                                                        error}
Generating HTML - websocket_req "/home/pete/wefwefwef/docs/other/3285075999/repo/moar-fsm/.xml/websocket_client/websocket_req.xml"
Reading XML for "/home/pete/wefwefwef/docs/other/3285075999/repo/moar-fsm/.xml/websocket_client/websocket_req.xml"
Reading XML for "/home/pete/wefwefwef/docs/other/3285075999/repo/moar-fsm/.xml/specs_websocket_req.xml"
Creating index.html ...
Creating erldocs_index.js ...
Woot, finished in 0 Minutes 1 Seconds
 :: Discovering other repos
$ 5000  `rm -r '/home/pete/wefwefwef/docs/other/3285075999/websocket_client-branch-moar-fsm'  2>&1`
 :: Processing https://github.com/sanmiguel/websocket_client	{rev,branch,"sm-master","936387d36220958b549079983a64ef1b99579a09",undefined,[],[]}
 :: Fetching repo code
$ cd "/home/pete/wefwefwef/docs/other/3285075999/websocket_client-branch-sm-master/websocket_client"
$ infinity  `curl --fail --silent --show-error --location --output 'sm-master.zip' 'https://github.com/sanmiguel/websocket_client/archive/sm-master.zip'  2>&1`
$ cd "/home/pete/wefwefwef/docs/erldocs_other.git"
$ cd "/home/pete/wefwefwef/docs/other/3285075999/websocket_client-branch-sm-master/websocket_client"
$ 5000  `find -P . -type l -delete  2>&1`
$ cd "/home/pete/wefwefwef/docs/erldocs_other.git"
$ cd "/home/pete/wefwefwef/docs/other/3285075999/websocket_client-branch-sm-master/websocket_client"
$ 5000  `find 'websocket_client-sm-master' -mindepth 1 -maxdepth 1 -exec mv -t . -- {} +  2>&1`
$ cd "/home/pete/wefwefwef/docs/erldocs_other.git"
 :: Getting dependencies
$ cd "/home/pete/wefwefwef/docs/other/3285075999/websocket_client-branch-sm-master/websocket_client"
$ infinity  `rebar --config '/home/pete/wefwefwef/docs/other/3285075999/websocket_client-branch-sm-master/rebar_deps' get-deps  2>&1`
$ cd "/home/pete/wefwefwef/docs/erldocs_other.git"
$ cd "/home/pete/wefwefwef/docs/other/3285075999/websocket_client-branch-sm-master/websocket_client"
$ 5000  `find -P . -type l -delete  2>&1`
$ cd "/home/pete/wefwefwef/docs/erldocs_other.git"
$ cd "/home/pete/wefwefwef/docs/other/3285075999/websocket_client-branch-sm-master/websocket_client"
$ 5000  `ls -1 deps/  2>&1`
$ cd "/home/pete/wefwefwef/docs/erldocs_other.git"
>>> [rebar] deps = ["cowboy","cowlib","ranch"]
 :: Generating erldocs into /home/pete/wefwefwef/docs/other/3285075999/repo/sm-master
Building websocket_client
Generating Type Specs - "/home/pete/wefwefwef/docs/other/3285075999/websocket_client-branch-sm-master/websocket_client/src/websocket_client.erl"
Generating Type Specs - "/home/pete/wefwefwef/docs/other/3285075999/websocket_client-branch-sm-master/websocket_client/src/websocket_client_handler.erl"
Generating Type Specs - "/home/pete/wefwefwef/docs/other/3285075999/websocket_client-branch-sm-master/websocket_client/src/websocket_req.erl"
Generating XML for application websocket_client "/home/pete/wefwefwef/docs/other/3285075999/websocket_client-branch-sm-master/websocket_client" -> "/home/pete/wefwefwef/docs/other/3285075999/repo/sm-master/.xml/websocket_client"
Generated websocket_client XMLs: ["/home/pete/wefwefwef/docs/other/3285075999/repo/sm-master/.xml/websocket_client/websocket_client_handler.xml",
                                  "/home/pete/wefwefwef/docs/other/3285075999/repo/sm-master/.xml/websocket_client/websocket_req.xml",
                                  "/home/pete/wefwefwef/docs/other/3285075999/repo/sm-master/.xml/websocket_client/websocket_client.xml"]
Generating HTML - websocket_client "/home/pete/wefwefwef/docs/other/3285075999/repo/sm-master/.xml/websocket_client/websocket_client.xml"
Reading XML for "/home/pete/wefwefwef/docs/other/3285075999/repo/sm-master/.xml/websocket_client/websocket_client.xml"
Reading XML for "/home/pete/wefwefwef/docs/other/3285075999/repo/sm-master/.xml/specs_websocket_client.xml"
Generating HTML - websocket_req "/home/pete/wefwefwef/docs/other/3285075999/repo/sm-master/.xml/websocket_client/websocket_req.xml"
Reading XML for "/home/pete/wefwefwef/docs/other/3285075999/repo/sm-master/.xml/websocket_client/websocket_req.xml"
Reading XML for "/home/pete/wefwefwef/docs/other/3285075999/repo/sm-master/.xml/specs_websocket_req.xml"
Generating HTML - websocket_client_handler "/home/pete/wefwefwef/docs/other/3285075999/repo/sm-master/.xml/websocket_client/websocket_client_handler.xml"
Reading XML for "/home/pete/wefwefwef/docs/other/3285075999/repo/sm-master/.xml/websocket_client/websocket_client_handler.xml"
Reading XML for "/home/pete/wefwefwef/docs/other/3285075999/repo/sm-master/.xml/specs_websocket_client_handler.xml"
Creating index.html ...
Creating erldocs_index.js ...
Woot, finished in 0 Minutes 0 Seconds
 :: Discovering other repos
$ 5000  `rm -r '/home/pete/wefwefwef/docs/other/3285075999/websocket_client-branch-sm-master'  2>&1`
 :: Processing https://github.com/sanmiguel/websocket_client	{rev,branch,"track-internal-state","a06b0d26a7aebf69e7ca79c5156b041080cc6866",undefined,[],[]}
 :: Fetching repo code
$ cd "/home/pete/wefwefwef/docs/other/3285075999/websocket_client-branch-track-internal-state/websocket_client"
$ infinity  `curl --fail --silent --show-error --location --output 'track-internal-state.zip' 'https://github.com/sanmiguel/websocket_client/archive/track-internal-state.zip'  2>&1`
$ cd "/home/pete/wefwefwef/docs/erldocs_other.git"
$ cd "/home/pete/wefwefwef/docs/other/3285075999/websocket_client-branch-track-internal-state/websocket_client"
$ 5000  `find -P . -type l -delete  2>&1`
$ cd "/home/pete/wefwefwef/docs/erldocs_other.git"
$ cd "/home/pete/wefwefwef/docs/other/3285075999/websocket_client-branch-track-internal-state/websocket_client"
$ 5000  `find 'websocket_client-track-internal-state' -mindepth 1 -maxdepth 1 -exec mv -t . -- {} +  2>&1`
$ cd "/home/pete/wefwefwef/docs/erldocs_other.git"
 :: Getting dependencies
$ cd "/home/pete/wefwefwef/docs/other/3285075999/websocket_client-branch-track-internal-state/websocket_client"
$ 5000  `ls -1 deps/  2>&1`
$ cd "/home/pete/wefwefwef/docs/erldocs_other.git"
>>> [rebar] deps = []
 :: Generating erldocs into /home/pete/wefwefwef/docs/other/3285075999/repo/track-internal-state
Building websocket_client
Generating Type Specs - "/home/pete/wefwefwef/docs/other/3285075999/websocket_client-branch-track-internal-state/websocket_client/src/websocket_client.erl"
Generating Type Specs - "/home/pete/wefwefwef/docs/other/3285075999/websocket_client-branch-track-internal-state/websocket_client/src/websocket_client_handler.erl"
Generating Type Specs - "/home/pete/wefwefwef/docs/other/3285075999/websocket_client-branch-track-internal-state/websocket_client/src/websocket_req.erl"
Generating XML for application websocket_client "/home/pete/wefwefwef/docs/other/3285075999/websocket_client-branch-track-internal-state/websocket_client" -> "/home/pete/wefwefwef/docs/other/3285075999/repo/track-internal-state/.xml/websocket_client"
/home/pete/wefwefwef/docs/other/3285075999/websocket_client-branch-track-internal-state/websocket_client/src/websocket_client_handler.erl, in module footer: at line 8: tag @doc not allowed here.
edoc: skipping source file '/home/pete/wefwefwef/docs/other/3285075999/websocket_client-branch-track-internal-state/websocket_client/src/websocket_client_handler.erl': {'EXIT',
                                                                                                                                                                   error}.
edoc: error in doclet 'edoc_doclet': {'EXIT',error}.
Error generating websocket_client XMLs. Using fallback ...
Generating XML websocket_client - websocket_client "/home/pete/wefwefwef/docs/other/3285075999/websocket_client-branch-track-internal-state/websocket_client/src/websocket_client.erl" -> "/home/pete/wefwefwef/docs/other/3285075999/repo/track-internal-state/.xml/websocket_client/websocket_client.xml"
Generating XML websocket_client - websocket_client_handler "/home/pete/wefwefwef/docs/other/3285075999/websocket_client-branch-track-internal-state/websocket_client/src/websocket_client_handler.erl" -> "/home/pete/wefwefwef/docs/other/3285075999/repo/track-internal-state/.xml/websocket_client/websocket_client_handler.xml"
/home/pete/wefwefwef/docs/other/3285075999/websocket_client-branch-track-internal-state/websocket_client/src/websocket_client_handler.erl, in module footer: at line 8: tag @doc not allowed here.
Error generating XML ("/home/pete/wefwefwef/docs/other/3285075999/websocket_client-branch-track-internal-state/websocket_client/src/websocket_client_handler.erl"): {'EXIT',
                                                                                                                                                                     error}
Generating XML websocket_client - websocket_req "/home/pete/wefwefwef/docs/other/3285075999/websocket_client-branch-track-internal-state/websocket_client/src/websocket_req.erl" -> "/home/pete/wefwefwef/docs/other/3285075999/repo/track-internal-state/.xml/websocket_client/websocket_req.xml"
Generating HTML - websocket_client "/home/pete/wefwefwef/docs/other/3285075999/repo/track-internal-state/.xml/websocket_client/websocket_client.xml"
Reading XML for "/home/pete/wefwefwef/docs/other/3285075999/repo/track-internal-state/.xml/websocket_client/websocket_client.xml"
Reading XML for "/home/pete/wefwefwef/docs/other/3285075999/repo/track-internal-state/.xml/specs_websocket_client.xml"
Generating HTML - websocket_req "/home/pete/wefwefwef/docs/other/3285075999/repo/track-internal-state/.xml/websocket_client/websocket_req.xml"
Reading XML for "/home/pete/wefwefwef/docs/other/3285075999/repo/track-internal-state/.xml/websocket_client/websocket_req.xml"
Reading XML for "/home/pete/wefwefwef/docs/other/3285075999/repo/track-internal-state/.xml/specs_websocket_req.xml"
Creating index.html ...
Creating erldocs_index.js ...
Woot, finished in 0 Minutes 0 Seconds
 :: Discovering other repos
$ 5000  `rm -r '/home/pete/wefwefwef/docs/other/3285075999/websocket_client-branch-track-internal-state'  2>&1`
 :: Finishing up
$ 5000  `rm -r '/home/pete/wefwefwef/docs/other/3285075999/websocket_client'  2>&1`
