 :: Extracting meta information
$ 5000  `git ls-remote --heads --tags 'https://github.com/jedisct1/keccak-erlang'  2>&1`
>>> [repo] 1 branches, 0 tags
 :: Writing meta to "/home/pete/wefwefwef/docs/other/7225578601/meta.txt"
 :: Processing https://github.com/jedisct1/keccak-erlang	{rev,branch,"master","08163a58dd78de284f9624a71e1996c7ea31c6b9"}
 :: Fetching repo code
$ cd "/home/pete/wefwefwef/docs/other/7225578601/keccak-erlang-branch-master/keccak-erlang"
$ infinity  `curl --fail --silent --show-error --location --output 'master.zip' 'https://github.com/jedisct1/keccak-erlang/archive/master.zip'  2>&1`
$ cd "/home/pete/wefwefwef/docs/erldocs_other.git"
$ cd "/home/pete/wefwefwef/docs/other/7225578601/keccak-erlang-branch-master/keccak-erlang"
$ 5000  `find -P . -type l -delete  2>&1`
$ cd "/home/pete/wefwefwef/docs/erldocs_other.git"
$ cd "/home/pete/wefwefwef/docs/other/7225578601/keccak-erlang-branch-master/keccak-erlang"
$ 5000  `find 'keccak-erlang-master' -mindepth 1 -maxdepth 1 -exec mv -t . -- {} +  2>&1`
$ cd "/home/pete/wefwefwef/docs/erldocs_other.git"
 :: Getting dependencies
$ cd "/home/pete/wefwefwef/docs/other/7225578601/keccak-erlang-branch-master/keccak-erlang"
$ 5000  `ls -1 deps/  2>&1`
$ cd "/home/pete/wefwefwef/docs/erldocs_other.git"
>>> [rebar] deps = []
 :: Generating erldocs into /home/pete/wefwefwef/docs/other/7225578601/repo/master
Building keccak-erlang
Generating Type Specs - "/home/pete/wefwefwef/docs/other/7225578601/keccak-erlang-branch-master/keccak-erlang/src/keccak.erl"
Generating XML for application keccak-erlang "/home/pete/wefwefwef/docs/other/7225578601/keccak-erlang-branch-master/keccak-erlang" -> "/home/pete/wefwefwef/docs/other/7225578601/repo/master/.xml/keccak-erlang"
Generated keccak-erlang XMLs: ["/home/pete/wefwefwef/docs/other/7225578601/repo/master/.xml/keccak-erlang/keccak.xml"]
Generating HTML - keccak "/home/pete/wefwefwef/docs/other/7225578601/repo/master/.xml/keccak-erlang/keccak.xml"
Reading XML for "/home/pete/wefwefwef/docs/other/7225578601/repo/master/.xml/keccak-erlang/keccak.xml"
Reading XML for "/home/pete/wefwefwef/docs/other/7225578601/repo/master/.xml/specs_keccak.xml"
Creating index.html ...
Creating erldocs_index.js ...
Woot, finished in 0 Minutes 0 Seconds
 :: Discovering other repos
$ 5000  `rm -r '/home/pete/wefwefwef/docs/other/7225578601/keccak-erlang-branch-master'  2>&1`
 :: Erldocs finishing up
$ 5000  `rm -r '/home/pete/wefwefwef/docs/other/7225578601/keccak-erlang'  2>&1`
