 :: Extracting meta information
$ cd '.'
$ infinity  `git ls-remote --heads --tags https://github.com/basho/riak_pb`
>>> [repo] 36 branches, 41 tags
 :: Writing meta to "/home/pete/wefwefwef/docs/other/25a26ad060486119494c316b924f36e5966e3f50/meta.txt"
 :: Skipping tag "1.2.0"
 :: Skipping tag "1.3.0"
 :: Skipping tag "1.3.1"
 :: Skipping tag "1.4.1.2"
 :: Skipping tag "1.4.1.3"
 :: Skipping tag "1.4.4.0"
 :: Skipping tag "2.0.0.1"
 :: Skipping tag "2.0.0.11"
 :: Skipping tag "2.0.0.12"
 :: Skipping tag "2.0.0.17"
 :: Skipping tag "2.0.0.4"
 :: Skipping tag "2.0.0.7"
 :: Skipping tag "2.0.0.8"
 :: Skipping tag "2.0.0.9"
 :: Skipping tag "2.1.0.0"
 :: Skipping tag "2.1.0.1"
 :: Skipping tag "2.1.0.2"
 :: Skipping tag "Java-1.2.1-release"
 :: Skipping tag "1.3.3slf"
 :: Skipping tag "1.4.0.1"
 :: Skipping tag "1.4.0.2"
 :: Skipping tag "1.4.0.3"
 :: Skipping tag "1.4.0.4"
 :: Skipping tag "1.4.0.5"
 :: Skipping tag "1.4.0.6"
 :: Skipping tag "1.4.0.7"
 :: Skipping tag "1.4.1.1"
 :: Skipping tag "2.0.0.13"
 :: Skipping tag "2.0.0.14"
 :: Skipping tag "2.0.0.15"
 :: Skipping tag "2.0.0.16"
 :: Skipping tag "2.0.0.2"
 :: Skipping tag "2.0.0.3"
 :: Skipping tag "2.0.0.6"
 :: Skipping tag "2.1.0.3"
 :: Skipping tag "2.1.0.6"
 :: Skipping tag "Python-1.2.1-release"
 :: Skipping tag "java-2.0.0.11"
 :: Skipping tag "java-2.0.0.14"
 :: Skipping tag "java-2.0.0.16"
 :: Skipping branch "1.2"
 :: Skipping branch "1.3"
 :: Skipping branch "1.4"
 :: Skipping branch "2.0"
 :: Skipping branch "2.0-17"
 :: Skipping branch "2.1"
 :: Skipping branch "bk-rts-212-ts-query"
 :: Skipping branch "bk-rts-234-interpolation-typing"
 :: Skipping branch "bk-rts-406-null-values"
 :: Skipping branch "borshop-integration-111-zl/add-optional-timeout-to-RpbYokozunaIndex"
 :: Skipping branch "borshop-integration-143-feature/az/ts-single-key-reads"
 :: Skipping branch "borshop-integration-145-fix/az/avoid-float_to_binary-in-deencoding-tscell"
 :: Skipping branch "borshop-integration-151-fix/az/rename-tscell-field-integer-to-sint64"
 :: Skipping branch "borshop-integration-152-fixes/am/ts-fix-null-cells-encoding"
 :: Skipping branch "bugfix/inconsistent-reads-2iquery-with-continuation"
 :: Skipping branch "bugfix/lost-bucket-type-props"
 :: Skipping branch "data-platform/beta"
 :: Skipping branch "develop"
 :: Skipping branch "end-to-end/timeseries"
 :: Skipping branch "experiment/direct-v1-bin-2-pb-record"
 :: Skipping branch "feature/az/api-entrypoints-coverage"
 :: Skipping branch "feature/jrd/index_body"
 :: Skipping branch "feature/lenary/max-reg"
 :: Skipping branch "feature/otp-17"
 :: Skipping branch "feature/updates-socket"
 :: Skipping branch "fix/az/msgcodegen-findfiles-csv-no-recurse"
 :: Skipping branch "fixes/am/RTS-503-rename-integer-float"
 :: Skipping branch "master"
 :: Skipping branch "mra/parallel"
 :: Skipping branch "mv-cpp-pb-timeseries1"
 :: Skipping branch "pe"
 :: Skipping branch "rdb-cs-return-body"
 :: Skipping branch "rebar3/th/riak_pb"
 :: Skipping branch "rebar3/zl/riak_pb"
 :: Processing https://github.com/basho/riak_pb	{rev,branch,"borshop-integration-153-RTS-499-rename_int_and_float_and_binary","1062fbd8ec89ca5f62b73080641d9e9792e3598b",undefined,[],[]}
 :: Fetching repo code
$ cd '/home/pete/wefwefwef/docs/other/25a26ad060486119494c316b924f36e5966e3f50/riak_pb-branch-borshop-integration-153-RTS-499-rename_int_and_float_and_binary'
$ infinity  `curl --fail --silent --show-error --location --output repo.tar.gz https://codeload.github.com/basho/riak_pb/tar.gz/borshop-integration-153-RTS-499-rename_int_and_float_and_binary`
$ cd '/home/pete/wefwefwef/docs/other/25a26ad060486119494c316b924f36e5966e3f50/riak_pb-branch-borshop-integration-153-RTS-499-rename_int_and_float_and_binary/riak_pb-borshop-integration-153-RTS-499-rename_int_and_float_and_binary'
$ 5000  `find -P . -type l -delete`
$ cd '.'
$ 5000  `mv /home/pete/wefwefwef/docs/other/25a26ad060486119494c316b924f36e5966e3f50/riak_pb-branch-borshop-integration-153-RTS-499-rename_int_and_float_and_binary/riak_pb-borshop-integration-153-RTS-499-rename_int_and_float_and_binary /home/pete/wefwefwef/docs/other/25a26ad060486119494c316b924f36e5966e3f50/riak_pb-branch-borshop-integration-153-RTS-499-rename_int_and_float_and_binary/riak_pb`
 :: Getting dependencies
 :: Error running eo_core:
	[{eo_core,sh,
                  ["/home/pete/wefwefwef/docs/other/25a26ad060486119494c316b924f36e5966e3f50/riak_pb-branch-borshop-integration-153-RTS-499-rename_int_and_float_and_binary/riak_pb",
                   ["rebar","--config",
                    "/home/pete/wefwefwef/docs/other/25a26ad060486119494c316b924f36e5966e3f50/riak_pb-branch-borshop-integration-153-RTS-499-rename_int_and_float_and_binary/rebar_deps",
                    "get-deps"],
                   infinity],
                  []},
         {eo_util,get_deps,2,[{file,"src/eo_util.erl"},{line,123}]},
         {eo_util,rebar_get_deps,1,[{file,"src/eo_util.erl"},{line,88}]},
         {eo_core,get_deps,1,[{file,"src/eo_core.erl"},{line,339}]},
         {eo_core,do,7,[{file,"src/eo_core.erl"},{line,110}]},
         {eo_core,'-main_/1-lc$^0/1-0-',8,
                  [{file,"src/eo_core.erl"},{line,85}]},
         {eo_core,main_,1,[{file,"src/eo_core.erl"},{line,85}]},
         {eo_core,main,1,[{file,"src/eo_core.erl"},{line,56}]}]
{error,undef}
 :: Processing https://github.com/basho/riak_pb	{rev,branch,"RTS-499-rename_int_and_float_and_binary","d9fbaa45b93efb9c06bfe2254e6ff20f5deb101b",undefined,[],[]}
 :: Fetching repo code
$ cd '/home/pete/wefwefwef/docs/other/25a26ad060486119494c316b924f36e5966e3f50/riak_pb-branch-RTS-499-rename_int_and_float_and_binary'
$ infinity  `curl --fail --silent --show-error --location --output repo.tar.gz https://codeload.github.com/basho/riak_pb/tar.gz/RTS-499-rename_int_and_float_and_binary`
 :: Error running eo_core:
	[{eo_scm,fetch,2,[{file,"src/eo_scm.erl"},{line,81}]},
         {eo_core,do,7,[{file,"src/eo_core.erl"},{line,107}]},
         {eo_core,'-main_/1-lc$^0/1-0-',8,
             [{file,"src/eo_core.erl"},{line,85}]},
         {eo_core,'-main_/1-lc$^0/1-0-',8,
             [{file,"src/eo_core.erl"},{line,91}]},
         {eo_core,main_,1,[{file,"src/eo_core.erl"},{line,85}]},
         {eo_core,main,1,[{file,"src/eo_core.erl"},{line,56}]},
         {eo_core,gen,1,[{file,"src/eo_core.erl"},{line,36}]},
         {gen_escript__escript__1446__638487__360690,seq_gen,4,
             [{file,"./gen.escript"},{line,53}]}]
{error,{case_clause,["/home/pete/wefwefwef/docs/other/25a26ad060486119494c316b924f36e5966e3f50/riak_pb-branch-RTS-499-rename_int_and_float_and_binary/riak_pb",
                     "/home/pete/wefwefwef/docs/other/25a26ad060486119494c316b924f36e5966e3f50/riak_pb-branch-RTS-499-rename_int_and_float_and_binary/riak_pb-RTS-499-rename_int_and_float_and_binary"]}}
 :: Processing https://github.com/basho/riak_pb	{rev,tag,"2.0.0.10","318f043c98657c951661de751bfc0bdf7e53524d",undefined,[],[]}
 :: Fetching repo code
$ cd '/home/pete/wefwefwef/docs/other/25a26ad060486119494c316b924f36e5966e3f50/riak_pb-tag-2.0.0.10'
$ infinity  `curl --fail --silent --show-error --location --output repo.tar.gz https://codeload.github.com/basho/riak_pb/tar.gz/2.0.0.10`
 :: Error running eo_core:
	[{eo_scm,fetch,2,[{file,"src/eo_scm.erl"},{line,81}]},
         {eo_core,do,7,[{file,"src/eo_core.erl"},{line,107}]},
         {eo_core,'-main_/1-lc$^0/1-0-',8,
             [{file,"src/eo_core.erl"},{line,85}]},
         {eo_core,'-main_/1-lc$^0/1-0-',8,
             [{file,"src/eo_core.erl"},{line,91}]},
         {eo_core,main_,1,[{file,"src/eo_core.erl"},{line,85}]},
         {eo_core,main,1,[{file,"src/eo_core.erl"},{line,56}]},
         {eo_core,gen,1,[{file,"src/eo_core.erl"},{line,36}]},
         {gen_escript__escript__1446__638487__360690,seq_gen,4,
             [{file,"./gen.escript"},{line,53}]}]
{error,{case_clause,["/home/pete/wefwefwef/docs/other/25a26ad060486119494c316b924f36e5966e3f50/riak_pb-tag-2.0.0.10/riak_pb",
                     "/home/pete/wefwefwef/docs/other/25a26ad060486119494c316b924f36e5966e3f50/riak_pb-tag-2.0.0.10/riak_pb-2.0.0.10"]}}
 :: Finishing up
$ cd '.'
$ 5000  `rm -r /home/pete/wefwefwef/docs/other/25a26ad060486119494c316b924f36e5966e3f50/riak_pb`
