 :: Extracting meta information
$ infinity  `git ls-remote --heads --tags 'https://github.com/mathiasertl/ejabberd-modules'  2>&1`
>>> [repo] 3 branches, 21 tags
 :: Writing meta to "/home/pete/wefwefwef/docs/other/fc141cbf196aa8701a531d16966862e9/meta.txt"
 :: Skipping tag "upstream/20140427"
 :: Skipping tag "upstream/20140531"
 :: Skipping tag "upstream/20140614"
 :: Skipping tag "upstream/20140623"
 :: Skipping tag "upstream/20140710"
 :: Skipping tag "upstream/20140729"
 :: Skipping tag "upstream/20140904"
 :: Skipping tag "upstream/20141114"
 :: Skipping tag "upstream/20141219"
 :: Skipping tag "upstream/20150128"
 :: Skipping tag "upstream/20150206"
 :: Skipping tag "upstream/20150307"
 :: Skipping branch "master"
 :: Skipping branch "pristine-tar"
 :: Skipping branch "upstream"
 :: Processing https://github.com/mathiasertl/ejabberd-modules	{rev,tag,"debian/1%20150307-1","1d2c5ce87d8da234f032695cd86d99388612a0b7",undefined,[],[]}
 :: Fetching repo code
$ cd '/home/pete/wefwefwef/docs/other/fc141cbf196aa8701a531d16966862e9/ejabberd-modules-tag-debian_1%20150307-1'
$ infinity  `curl --fail --silent --show-error --location --output repo.tar.gz 'https://codeload.github.com/mathiasertl/ejabberd-modules/legacy.tar.gz/debian/1%20150307-1'  2>&1`
$ cd '/home/pete/wefwefwef/docs/erldocs_other.git'
>>> [stdout] "curl: (22) The requested URL returned error: 404 Not Found"
 :: Error running eo_core:
	[{eo_os,chk,2,[{file,"src/eo_os.erl"},{line,55}]},
         {eo_scm,fetch,2,[{file,"src/eo_scm.erl"},{line,74}]},
         {eo_core,do,7,[{file,"src/eo_core.erl"},{line,98}]},
         {eo_core,'-main_/1-lc$^0/1-0-',8,
             [{file,"src/eo_core.erl"},{line,76}]},
         {eo_core,main_,1,[{file,"src/eo_core.erl"},{line,76}]},
         {eo_core,main,1,[{file,"src/eo_core.erl"},{line,47}]},
         {eo_core,gen,1,[{file,"src/eo_core.erl"},{line,28}]},
         {gen_escript__escript__1434__448816__549393,seq_gen,4,
             [{file,"./gen.escript"},{line,52}]}]
{throw,{sh,fetch_curl,error,22,
           [{"curl: (22) The requested URL returned "},
            {"error: 404 Not Found"}]}}
 :: Processing https://github.com/mathiasertl/ejabberd-modules	{rev,tag,"debian/1%20150206-1","8b1846d77643e7c704ad17156618bf5926bf82c8",undefined,[],[]}
 :: Fetching repo code
$ cd '/home/pete/wefwefwef/docs/other/fc141cbf196aa8701a531d16966862e9/ejabberd-modules-tag-debian_1%20150206-1'
$ infinity  `curl --fail --silent --show-error --location --output repo.tar.gz 'https://codeload.github.com/mathiasertl/ejabberd-modules/legacy.tar.gz/debian/1%20150206-1'  2>&1`
$ cd '/home/pete/wefwefwef/docs/erldocs_other.git'
>>> [stdout] "curl: (22) The requested URL returned error: 404 Not Found"
 :: Error running eo_core:
	[{eo_os,chk,2,[{file,"src/eo_os.erl"},{line,55}]},
         {eo_scm,fetch,2,[{file,"src/eo_scm.erl"},{line,74}]},
         {eo_core,do,7,[{file,"src/eo_core.erl"},{line,98}]},
         {eo_core,'-main_/1-lc$^0/1-0-',8,
                  [{file,"src/eo_core.erl"},{line,76}]},
         {eo_core,'-main_/1-lc$^0/1-0-',8,
                  [{file,"src/eo_core.erl"},{line,82}]},
         {eo_core,main_,1,[{file,"src/eo_core.erl"},{line,76}]},
         {eo_core,main,1,[{file,"src/eo_core.erl"},{line,47}]},
         {eo_core,gen,1,[{file,"src/eo_core.erl"},{line,28}]}]
{throw,{sh,fetch_curl,error,22,
           [{"curl: (22) The requested URL returned"},
            {" error: 404 Not Found"}]}}
 :: Processing https://github.com/mathiasertl/ejabberd-modules	{rev,tag,"debian/1%20141114-1","45938d0356b4075c84841a0f3e248f7bbd990392",undefined,[],[]}
 :: Fetching repo code
$ cd '/home/pete/wefwefwef/docs/other/fc141cbf196aa8701a531d16966862e9/ejabberd-modules-tag-debian_1%20141114-1'
$ infinity  `curl --fail --silent --show-error --location --output repo.tar.gz 'https://codeload.github.com/mathiasertl/ejabberd-modules/legacy.tar.gz/debian/1%20141114-1'  2>&1`
$ cd '/home/pete/wefwefwef/docs/erldocs_other.git'
>>> [stdout] "curl: (22) The requested URL returned error: 404 Not Found"
 :: Error running eo_core:
	[{eo_os,chk,2,[{file,"src/eo_os.erl"},{line,55}]},
         {eo_scm,fetch,2,[{file,"src/eo_scm.erl"},{line,74}]},
         {eo_core,do,7,[{file,"src/eo_core.erl"},{line,98}]},
         {eo_core,'-main_/1-lc$^0/1-0-',8,
                  [{file,"src/eo_core.erl"},{line,76}]},
         {eo_core,'-main_/1-lc$^0/1-0-',8,
                  [{file,"src/eo_core.erl"},{line,82}]},
         {eo_core,main_,1,[{file,"src/eo_core.erl"},{line,76}]},
         {eo_core,main,1,[{file,"src/eo_core.erl"},{line,47}]},
         {eo_core,gen,1,[{file,"src/eo_core.erl"},{line,28}]}]
{throw,{sh,fetch_curl,error,22,
           [{"curl: (22) The requested URL returned "},
            {"error: 404 Not Found"}]}}
 :: Processing https://github.com/mathiasertl/ejabberd-modules	{rev,tag,"debian/1%20140904-2","a93281314d245b7e8be7a659ad7fed0a3de973ca",undefined,[],[]}
 :: Fetching repo code
$ cd '/home/pete/wefwefwef/docs/other/fc141cbf196aa8701a531d16966862e9/ejabberd-modules-tag-debian_1%20140904-2'
$ infinity  `curl --fail --silent --show-error --location --output repo.tar.gz 'https://codeload.github.com/mathiasertl/ejabberd-modules/legacy.tar.gz/debian/1%20140904-2'  2>&1`
$ cd '/home/pete/wefwefwef/docs/erldocs_other.git'
>>> [stdout] "curl: (22) The requested URL returned error: 404 Not Found"
 :: Error running eo_core:
	[{eo_os,chk,2,[{file,"src/eo_os.erl"},{line,55}]},
         {eo_scm,fetch,2,[{file,"src/eo_scm.erl"},{line,74}]},
         {eo_core,do,7,[{file,"src/eo_core.erl"},{line,98}]},
         {eo_core,'-main_/1-lc$^0/1-0-',8,
                  [{file,"src/eo_core.erl"},{line,76}]},
         {eo_core,'-main_/1-lc$^0/1-0-',8,
                  [{file,"src/eo_core.erl"},{line,82}]},
         {eo_core,main_,1,[{file,"src/eo_core.erl"},{line,76}]},
         {eo_core,main,1,[{file,"src/eo_core.erl"},{line,47}]},
         {eo_core,gen,1,[{file,"src/eo_core.erl"},{line,28}]}]
{throw,{sh,fetch_curl,error,22,
           [{"curl: (22) The requested URL return"},
            {"ed error: 404 Not Found"}]}}
 :: Processing https://github.com/mathiasertl/ejabberd-modules	{rev,tag,"debian/1%20140710-3","9a841bed92328c1c5deebea67f9b04884e51819d",undefined,[],[]}
 :: Fetching repo code
$ cd '/home/pete/wefwefwef/docs/other/fc141cbf196aa8701a531d16966862e9/ejabberd-modules-tag-debian_1%20140710-3'
$ infinity  `curl --fail --silent --show-error --location --output repo.tar.gz 'https://codeload.github.com/mathiasertl/ejabberd-modules/legacy.tar.gz/debian/1%20140710-3'  2>&1`
$ cd '/home/pete/wefwefwef/docs/erldocs_other.git'
>>> [stdout] "curl: (22) The requested URL returned error: 404 Not Found"
 :: Error running eo_core:
	[{eo_os,chk,2,[{file,"src/eo_os.erl"},{line,55}]},
         {eo_scm,fetch,2,[{file,"src/eo_scm.erl"},{line,74}]},
         {eo_core,do,7,[{file,"src/eo_core.erl"},{line,98}]},
         {eo_core,'-main_/1-lc$^0/1-0-',8,
                  [{file,"src/eo_core.erl"},{line,76}]},
         {eo_core,'-main_/1-lc$^0/1-0-',8,
                  [{file,"src/eo_core.erl"},{line,82}]},
         {eo_core,main_,1,[{file,"src/eo_core.erl"},{line,76}]},
         {eo_core,main,1,[{file,"src/eo_core.erl"},{line,47}]},
         {eo_core,gen,1,[{file,"src/eo_core.erl"},{line,28}]}]
{throw,{sh,fetch_curl,error,22,
           [{"curl: (22) The requested URL returned error"},
            {": 404 Not Found"}]}}
 :: Processing https://github.com/mathiasertl/ejabberd-modules	{rev,tag,"debian/1%20140623-2","cc0d4e7ca76876fd0c09d430cc1b9745d44798aa",undefined,[],[]}
 :: Fetching repo code
$ cd '/home/pete/wefwefwef/docs/other/fc141cbf196aa8701a531d16966862e9/ejabberd-modules-tag-debian_1%20140623-2'
$ infinity  `curl --fail --silent --show-error --location --output repo.tar.gz 'https://codeload.github.com/mathiasertl/ejabberd-modules/legacy.tar.gz/debian/1%20140623-2'  2>&1`
$ cd '/home/pete/wefwefwef/docs/erldocs_other.git'
>>> [stdout] "curl: (22) The requested URL returned error: 404 Not Found"
 :: Error running eo_core:
	[{eo_os,chk,2,[{file,"src/eo_os.erl"},{line,55}]},
         {eo_scm,fetch,2,[{file,"src/eo_scm.erl"},{line,74}]},
         {eo_core,do,7,[{file,"src/eo_core.erl"},{line,98}]},
         {eo_core,'-main_/1-lc$^0/1-0-',8,
                  [{file,"src/eo_core.erl"},{line,76}]},
         {eo_core,'-main_/1-lc$^0/1-0-',8,
                  [{file,"src/eo_core.erl"},{line,82}]},
         {eo_core,main_,1,[{file,"src/eo_core.erl"},{line,76}]},
         {eo_core,main,1,[{file,"src/eo_core.erl"},{line,47}]},
         {eo_core,gen,1,[{file,"src/eo_core.erl"},{line,28}]}]
{throw,{sh,fetch_curl,error,22,
           [{"curl: (22) The requested URL returne"},
            {"d error: 404 Not Found"}]}}
 :: Processing https://github.com/mathiasertl/ejabberd-modules	{rev,tag,"debian/1%20140614-1","6c151142a341d3d9449bf555ba1d0187534cbc58",undefined,[],[]}
 :: Fetching repo code
$ cd '/home/pete/wefwefwef/docs/other/fc141cbf196aa8701a531d16966862e9/ejabberd-modules-tag-debian_1%20140614-1'
$ infinity  `curl --fail --silent --show-error --location --output repo.tar.gz 'https://codeload.github.com/mathiasertl/ejabberd-modules/legacy.tar.gz/debian/1%20140614-1'  2>&1`
$ cd '/home/pete/wefwefwef/docs/erldocs_other.git'
>>> [stdout] "curl: (22) The requested URL returned error: 404 Not Found"
 :: Error running eo_core:
	[{eo_os,chk,2,[{file,"src/eo_os.erl"},{line,55}]},
         {eo_scm,fetch,2,[{file,"src/eo_scm.erl"},{line,74}]},
         {eo_core,do,7,[{file,"src/eo_core.erl"},{line,98}]},
         {eo_core,'-main_/1-lc$^0/1-0-',8,
                  [{file,"src/eo_core.erl"},{line,76}]},
         {eo_core,'-main_/1-lc$^0/1-0-',8,
                  [{file,"src/eo_core.erl"},{line,82}]},
         {eo_core,main_,1,[{file,"src/eo_core.erl"},{line,76}]},
         {eo_core,main,1,[{file,"src/eo_core.erl"},{line,47}]},
         {eo_core,gen,1,[{file,"src/eo_core.erl"},{line,28}]}]
{throw,{sh,fetch_curl,error,22,
           [{"curl: (22) The requested URL returned "},
            {"error: 404 Not Found"}]}}
 :: Processing https://github.com/mathiasertl/ejabberd-modules	{rev,tag,"debian/1%20140531-1","603b93613c1f238f514771a288f432b5a8d448a0",undefined,[],[]}
 :: Fetching repo code
$ cd '/home/pete/wefwefwef/docs/other/fc141cbf196aa8701a531d16966862e9/ejabberd-modules-tag-debian_1%20140531-1'
$ infinity  `curl --fail --silent --show-error --location --output repo.tar.gz 'https://codeload.github.com/mathiasertl/ejabberd-modules/legacy.tar.gz/debian/1%20140531-1'  2>&1`
$ cd '/home/pete/wefwefwef/docs/erldocs_other.git'
>>> [stdout] "curl: (22) The requested URL returned error: 404 Not Found"
 :: Error running eo_core:
	[{eo_os,chk,2,[{file,"src/eo_os.erl"},{line,55}]},
         {eo_scm,fetch,2,[{file,"src/eo_scm.erl"},{line,74}]},
         {eo_core,do,7,[{file,"src/eo_core.erl"},{line,98}]},
         {eo_core,'-main_/1-lc$^0/1-0-',8,
                  [{file,"src/eo_core.erl"},{line,76}]},
         {eo_core,'-main_/1-lc$^0/1-0-',8,
                  [{file,"src/eo_core.erl"},{line,82}]},
         {eo_core,main_,1,[{file,"src/eo_core.erl"},{line,76}]},
         {eo_core,main,1,[{file,"src/eo_core.erl"},{line,47}]},
         {eo_core,gen,1,[{file,"src/eo_core.erl"},{line,28}]}]
{throw,{sh,fetch_curl,error,22,
           [{"curl: (22) The requested URL returned e"},
            {"rror: 404 Not Found"}]}}
 :: Processing https://github.com/mathiasertl/ejabberd-modules	{rev,tag,"debian/1%20140427-1","47566c59540f744e707246ae26c0804e07dcc4d6",undefined,[],[]}
 :: Fetching repo code
$ cd '/home/pete/wefwefwef/docs/other/fc141cbf196aa8701a531d16966862e9/ejabberd-modules-tag-debian_1%20140427-1'
$ infinity  `curl --fail --silent --show-error --location --output repo.tar.gz 'https://codeload.github.com/mathiasertl/ejabberd-modules/legacy.tar.gz/debian/1%20140427-1'  2>&1`
$ cd '/home/pete/wefwefwef/docs/erldocs_other.git'
>>> [stdout] "curl: (22) The requested URL returned error: 404 Not Found"
 :: Error running eo_core:
	[{eo_os,chk,2,[{file,"src/eo_os.erl"},{line,55}]},
         {eo_scm,fetch,2,[{file,"src/eo_scm.erl"},{line,74}]},
         {eo_core,do,7,[{file,"src/eo_core.erl"},{line,98}]},
         {eo_core,'-main_/1-lc$^0/1-0-',8,
                  [{file,"src/eo_core.erl"},{line,76}]},
         {eo_core,'-main_/1-lc$^0/1-0-',8,
                  [{file,"src/eo_core.erl"},{line,82}]},
         {eo_core,main_,1,[{file,"src/eo_core.erl"},{line,76}]},
         {eo_core,main,1,[{file,"src/eo_core.erl"},{line,47}]},
         {eo_core,gen,1,[{file,"src/eo_core.erl"},{line,28}]}]
{throw,{sh,fetch_curl,error,22,
           [{"curl: (22) The requested URL return"},
            {"ed error: 404 Not Found"}]}}
 :: Finishing up
$ 5000  `rm -r '/home/pete/wefwefwef/docs/other/fc141cbf196aa8701a531d16966862e9/ejabberd-modules'  2>&1`
