 :: Extracting meta information
$ infinity  `git ls-remote --heads --tags 'https://github.com/eiri/couchdb-khash'  2>&1`
>>> [repo] 3 branches, 0 tags
 :: Writing meta to "/home/pete/wefwefwef/docs/other/a443e10cfa3b8412c3f2431f15eb19c845f8522e/meta.txt"
 :: Processing https://github.com/eiri/couchdb-khash	{rev,branch,"windsor-merge","f87d8bc73221f8e6c94761e9486b4fcbfd395e25",undefined,[],[]}
 :: Fetching repo code
$ cd '/home/pete/wefwefwef/docs/other/a443e10cfa3b8412c3f2431f15eb19c845f8522e/couchdb-khash-branch-windsor-merge'
$ infinity  `curl --fail --silent --show-error --location --output repo.tar.gz 'https://codeload.github.com/eiri/couchdb-khash/legacy.tar.gz/windsor-merge'  2>&1`
$ cd '/home/pete/wefwefwef/docs/erldocs_other.git'
$ cd '/home/pete/wefwefwef/docs/other/a443e10cfa3b8412c3f2431f15eb19c845f8522e/couchdb-khash-branch-windsor-merge/eiri-couchdb-khash-f87d8bc'
$ 5000  `find -P . -type l -delete  2>&1`
$ cd '/home/pete/wefwefwef/docs/erldocs_other.git'
$ 5000  `mv '/home/pete/wefwefwef/docs/other/a443e10cfa3b8412c3f2431f15eb19c845f8522e/couchdb-khash-branch-windsor-merge/eiri-couchdb-khash-f87d8bc' '/home/pete/wefwefwef/docs/other/a443e10cfa3b8412c3f2431f15eb19c845f8522e/couchdb-khash-branch-windsor-merge/couchdb-khash'  2>&1`
 :: Getting dependencies
$ cd '/home/pete/wefwefwef/docs/other/a443e10cfa3b8412c3f2431f15eb19c845f8522e/couchdb-khash-branch-windsor-merge/couchdb-khash'
$ 5000  `ls -1 deps/  2>&1`
$ cd '/home/pete/wefwefwef/docs/erldocs_other.git'
>>> [rebar] deps = []
 :: Generating erldocs into /home/pete/wefwefwef/docs/other/a443e10cfa3b8412c3f2431f15eb19c845f8522e/repo/windsor-merge
Building couchdb-khash
Generating Type Specs - "/home/pete/wefwefwef/docs/other/a443e10cfa3b8412c3f2431f15eb19c845f8522e/couchdb-khash-branch-windsor-merge/couchdb-khash/src/khash.erl"
Generating XML for application couchdb-khash "/home/pete/wefwefwef/docs/other/a443e10cfa3b8412c3f2431f15eb19c845f8522e/couchdb-khash-branch-windsor-merge/couchdb-khash" -> "/home/pete/wefwefwef/docs/other/a443e10cfa3b8412c3f2431f15eb19c845f8522e/repo/windsor-merge/.xml/couchdb-khash"
Generated couchdb-khash XMLs: ["/home/pete/wefwefwef/docs/other/a443e10cfa3b8412c3f2431f15eb19c845f8522e/repo/windsor-merge/.xml/couchdb-khash/khash.xml"]
Generating HTML - khash "/home/pete/wefwefwef/docs/other/a443e10cfa3b8412c3f2431f15eb19c845f8522e/repo/windsor-merge/.xml/couchdb-khash/khash.xml"
Reading XML for "/home/pete/wefwefwef/docs/other/a443e10cfa3b8412c3f2431f15eb19c845f8522e/repo/windsor-merge/.xml/couchdb-khash/khash.xml"
Reading XML for "/home/pete/wefwefwef/docs/other/a443e10cfa3b8412c3f2431f15eb19c845f8522e/repo/windsor-merge/.xml/specs_khash.xml"
Creating index.html ...
Creating erldocs_index.js ...
Woot, finished in 0 Minutes 0 Seconds
 :: Discovering other repos
$ 5000  `rm -r '/home/pete/wefwefwef/docs/other/a443e10cfa3b8412c3f2431f15eb19c845f8522e/couchdb-khash-branch-windsor-merge'  2>&1`
 :: Processing https://github.com/eiri/couchdb-khash	{rev,branch,"migrate-tests-to-eunit","9fe79a283fcca73721f8740c7adc7f2899c9e20c",undefined,[],[]}
 :: Fetching repo code
$ cd '/home/pete/wefwefwef/docs/other/a443e10cfa3b8412c3f2431f15eb19c845f8522e/couchdb-khash-branch-migrate-tests-to-eunit'
$ infinity  `curl --fail --silent --show-error --location --output repo.tar.gz 'https://codeload.github.com/eiri/couchdb-khash/legacy.tar.gz/migrate-tests-to-eunit'  2>&1`
$ cd '/home/pete/wefwefwef/docs/erldocs_other.git'
$ cd '/home/pete/wefwefwef/docs/other/a443e10cfa3b8412c3f2431f15eb19c845f8522e/couchdb-khash-branch-migrate-tests-to-eunit/eiri-couchdb-khash-9fe79a2'
$ 5000  `find -P . -type l -delete  2>&1`
$ cd '/home/pete/wefwefwef/docs/erldocs_other.git'
$ 5000  `mv '/home/pete/wefwefwef/docs/other/a443e10cfa3b8412c3f2431f15eb19c845f8522e/couchdb-khash-branch-migrate-tests-to-eunit/eiri-couchdb-khash-9fe79a2' '/home/pete/wefwefwef/docs/other/a443e10cfa3b8412c3f2431f15eb19c845f8522e/couchdb-khash-branch-migrate-tests-to-eunit/couchdb-khash'  2>&1`
 :: Getting dependencies
$ cd '/home/pete/wefwefwef/docs/other/a443e10cfa3b8412c3f2431f15eb19c845f8522e/couchdb-khash-branch-migrate-tests-to-eunit/couchdb-khash'
$ 5000  `ls -1 deps/  2>&1`
$ cd '/home/pete/wefwefwef/docs/erldocs_other.git'
>>> [rebar] deps = []
 :: Generating erldocs into /home/pete/wefwefwef/docs/other/a443e10cfa3b8412c3f2431f15eb19c845f8522e/repo/migrate-tests-to-eunit
Building couchdb-khash
Generating Type Specs - "/home/pete/wefwefwef/docs/other/a443e10cfa3b8412c3f2431f15eb19c845f8522e/couchdb-khash-branch-migrate-tests-to-eunit/couchdb-khash/src/khash.erl"
Generating XML for application couchdb-khash "/home/pete/wefwefwef/docs/other/a443e10cfa3b8412c3f2431f15eb19c845f8522e/couchdb-khash-branch-migrate-tests-to-eunit/couchdb-khash" -> "/home/pete/wefwefwef/docs/other/a443e10cfa3b8412c3f2431f15eb19c845f8522e/repo/migrate-tests-to-eunit/.xml/couchdb-khash"
Generated couchdb-khash XMLs: ["/home/pete/wefwefwef/docs/other/a443e10cfa3b8412c3f2431f15eb19c845f8522e/repo/migrate-tests-to-eunit/.xml/couchdb-khash/khash.xml"]
Generating HTML - khash "/home/pete/wefwefwef/docs/other/a443e10cfa3b8412c3f2431f15eb19c845f8522e/repo/migrate-tests-to-eunit/.xml/couchdb-khash/khash.xml"
Reading XML for "/home/pete/wefwefwef/docs/other/a443e10cfa3b8412c3f2431f15eb19c845f8522e/repo/migrate-tests-to-eunit/.xml/couchdb-khash/khash.xml"
Reading XML for "/home/pete/wefwefwef/docs/other/a443e10cfa3b8412c3f2431f15eb19c845f8522e/repo/migrate-tests-to-eunit/.xml/specs_khash.xml"
Creating index.html ...
Creating erldocs_index.js ...
Woot, finished in 0 Minutes 0 Seconds
 :: Discovering other repos
$ 5000  `rm -r '/home/pete/wefwefwef/docs/other/a443e10cfa3b8412c3f2431f15eb19c845f8522e/couchdb-khash-branch-migrate-tests-to-eunit'  2>&1`
 :: Processing https://github.com/eiri/couchdb-khash	{rev,branch,"master","f87d8bc73221f8e6c94761e9486b4fcbfd395e25",undefined,[],[]}
 :: Fetching repo code
$ cd '/home/pete/wefwefwef/docs/other/a443e10cfa3b8412c3f2431f15eb19c845f8522e/couchdb-khash-branch-master'
$ infinity  `curl --fail --silent --show-error --location --output repo.tar.gz 'https://codeload.github.com/eiri/couchdb-khash/legacy.tar.gz/master'  2>&1`
$ cd '/home/pete/wefwefwef/docs/erldocs_other.git'
$ cd '/home/pete/wefwefwef/docs/other/a443e10cfa3b8412c3f2431f15eb19c845f8522e/couchdb-khash-branch-master/eiri-couchdb-khash-f87d8bc'
$ 5000  `find -P . -type l -delete  2>&1`
$ cd '/home/pete/wefwefwef/docs/erldocs_other.git'
$ 5000  `mv '/home/pete/wefwefwef/docs/other/a443e10cfa3b8412c3f2431f15eb19c845f8522e/couchdb-khash-branch-master/eiri-couchdb-khash-f87d8bc' '/home/pete/wefwefwef/docs/other/a443e10cfa3b8412c3f2431f15eb19c845f8522e/couchdb-khash-branch-master/couchdb-khash'  2>&1`
 :: Getting dependencies
$ cd '/home/pete/wefwefwef/docs/other/a443e10cfa3b8412c3f2431f15eb19c845f8522e/couchdb-khash-branch-master/couchdb-khash'
$ 5000  `ls -1 deps/  2>&1`
$ cd '/home/pete/wefwefwef/docs/erldocs_other.git'
>>> [rebar] deps = []
 :: Generating erldocs into /home/pete/wefwefwef/docs/other/a443e10cfa3b8412c3f2431f15eb19c845f8522e/repo/master
Building couchdb-khash
Generating Type Specs - "/home/pete/wefwefwef/docs/other/a443e10cfa3b8412c3f2431f15eb19c845f8522e/couchdb-khash-branch-master/couchdb-khash/src/khash.erl"
Generating XML for application couchdb-khash "/home/pete/wefwefwef/docs/other/a443e10cfa3b8412c3f2431f15eb19c845f8522e/couchdb-khash-branch-master/couchdb-khash" -> "/home/pete/wefwefwef/docs/other/a443e10cfa3b8412c3f2431f15eb19c845f8522e/repo/master/.xml/couchdb-khash"
Generated couchdb-khash XMLs: ["/home/pete/wefwefwef/docs/other/a443e10cfa3b8412c3f2431f15eb19c845f8522e/repo/master/.xml/couchdb-khash/khash.xml"]
Generating HTML - khash "/home/pete/wefwefwef/docs/other/a443e10cfa3b8412c3f2431f15eb19c845f8522e/repo/master/.xml/couchdb-khash/khash.xml"
Reading XML for "/home/pete/wefwefwef/docs/other/a443e10cfa3b8412c3f2431f15eb19c845f8522e/repo/master/.xml/couchdb-khash/khash.xml"
Reading XML for "/home/pete/wefwefwef/docs/other/a443e10cfa3b8412c3f2431f15eb19c845f8522e/repo/master/.xml/specs_khash.xml"
Creating index.html ...
Creating erldocs_index.js ...
Woot, finished in 0 Minutes 0 Seconds
 :: Discovering other repos
$ 5000  `rm -r '/home/pete/wefwefwef/docs/other/a443e10cfa3b8412c3f2431f15eb19c845f8522e/couchdb-khash-branch-master'  2>&1`
 :: Finishing up
$ 5000  `rm -r '/home/pete/wefwefwef/docs/other/a443e10cfa3b8412c3f2431f15eb19c845f8522e/couchdb-khash'  2>&1`
