 :: Extracting meta information
$ 5000  `git ls-remote --heads --tags 'https://github.com/maxlapshin/gitty'  2>&1`
>>> [repo] 1 branches, 0 tags
 :: Writing meta to "/home/pete/wefwefwef/docs/other/5727085768/meta.txt"
 :: Processing https://github.com/maxlapshin/gitty	{rev,branch,"master","101ecf02a3e8f4fea39ca8e0fe0d4fa0c7636b60",undefined,[],[]}
 :: Fetching repo code
$ cd "/home/pete/wefwefwef/docs/other/5727085768/gitty-branch-master/gitty"
$ infinity  `curl --fail --silent --show-error --location --output 'master.zip' 'https://github.com/maxlapshin/gitty/archive/master.zip'  2>&1`
$ cd "/home/pete/wefwefwef/docs/erldocs_other.git"
$ cd "/home/pete/wefwefwef/docs/other/5727085768/gitty-branch-master/gitty"
$ 5000  `find -P . -type l -delete  2>&1`
$ cd "/home/pete/wefwefwef/docs/erldocs_other.git"
$ cd "/home/pete/wefwefwef/docs/other/5727085768/gitty-branch-master/gitty"
$ 5000  `find 'gitty-master' -mindepth 1 -maxdepth 1 -exec mv -t . -- {} +  2>&1`
$ cd "/home/pete/wefwefwef/docs/erldocs_other.git"
 :: Getting dependencies
$ cd "/home/pete/wefwefwef/docs/other/5727085768/gitty-branch-master/gitty"
$ 5000  `ls -1 deps/  2>&1`
$ cd "/home/pete/wefwefwef/docs/erldocs_other.git"
>>> [rebar] deps = []
 :: Generating erldocs into /home/pete/wefwefwef/docs/other/5727085768/repo/master
Building gitty
Generating Type Specs - "/home/pete/wefwefwef/docs/other/5727085768/gitty-branch-master/gitty/git.erl"
/home/pete/wefwefwef/docs/other/5727085768/gitty-branch-master/gitty/git.erl: at line 1: syntax error before: '#'
EDoc could not process file '/home/pete/wefwefwef/docs/other/5727085768/gitty-branch-master/gitty/git.erl'
Error generating type specs for "/home/pete/wefwefwef/docs/other/5727085768/gitty-branch-master/gitty/git.erl"
Generating Type Specs - "/home/pete/wefwefwef/docs/other/5727085768/gitty-branch-master/gitty/src/git.erl"
Generating Type Specs - "/home/pete/wefwefwef/docs/other/5727085768/gitty-branch-master/gitty/src/git_repo.erl"
Generating Type Specs - "/home/pete/wefwefwef/docs/other/5727085768/gitty-branch-master/gitty/src/gitty.erl"
Generating Type Specs - "/home/pete/wefwefwef/docs/other/5727085768/gitty-branch-master/gitty/src/gitty_app.erl"
Generating Type Specs - "/home/pete/wefwefwef/docs/other/5727085768/gitty-branch-master/gitty/src/gitty_sup.erl"
Generating XML for application gitty "/home/pete/wefwefwef/docs/other/5727085768/gitty-branch-master/gitty" -> "/home/pete/wefwefwef/docs/other/5727085768/repo/master/.xml/gitty"
Generated gitty XMLs: ["/home/pete/wefwefwef/docs/other/5727085768/repo/master/.xml/gitty/git_repo.xml",
                       "/home/pete/wefwefwef/docs/other/5727085768/repo/master/.xml/gitty/gitty_sup.xml",
                       "/home/pete/wefwefwef/docs/other/5727085768/repo/master/.xml/gitty/gitty.xml",
                       "/home/pete/wefwefwef/docs/other/5727085768/repo/master/.xml/gitty/git.xml",
                       "/home/pete/wefwefwef/docs/other/5727085768/repo/master/.xml/gitty/gitty_app.xml"]
Generating HTML - git_repo "/home/pete/wefwefwef/docs/other/5727085768/repo/master/.xml/gitty/git_repo.xml"
Generating HTML - gitty_sup "/home/pete/wefwefwef/docs/other/5727085768/repo/master/.xml/gitty/gitty_sup.xml"
Generating HTML - gitty "/home/pete/wefwefwef/docs/other/5727085768/repo/master/.xml/gitty/gitty.xml"
Generating HTML - gitty_app "/home/pete/wefwefwef/docs/other/5727085768/repo/master/.xml/gitty/gitty_app.xml"
Reading XML for "/home/pete/wefwefwef/docs/other/5727085768/repo/master/.xml/gitty/git_repo.xml"
Reading XML for "/home/pete/wefwefwef/docs/other/5727085768/repo/master/.xml/gitty/gitty_sup.xml"
Reading XML for "/home/pete/wefwefwef/docs/other/5727085768/repo/master/.xml/gitty/gitty.xml"
Reading XML for "/home/pete/wefwefwef/docs/other/5727085768/repo/master/.xml/gitty/gitty_app.xml"
Reading XML for "/home/pete/wefwefwef/docs/other/5727085768/repo/master/.xml/specs_gitty.xml"
Reading XML for "/home/pete/wefwefwef/docs/other/5727085768/repo/master/.xml/specs_gitty_sup.xml"
Reading XML for "/home/pete/wefwefwef/docs/other/5727085768/repo/master/.xml/specs_gitty_app.xml"
Reading XML for "/home/pete/wefwefwef/docs/other/5727085768/repo/master/.xml/specs_git_repo.xml"
Generating HTML - git "/home/pete/wefwefwef/docs/other/5727085768/repo/master/.xml/gitty/git.xml"
Reading XML for "/home/pete/wefwefwef/docs/other/5727085768/repo/master/.xml/gitty/git.xml"
Reading XML for "/home/pete/wefwefwef/docs/other/5727085768/repo/master/.xml/specs_git.xml"
Creating index.html ...
Creating erldocs_index.js ...
Woot, finished in 0 Minutes 0 Seconds
 :: Discovering other repos
$ 5000  `rm -r '/home/pete/wefwefwef/docs/other/5727085768/gitty-branch-master'  2>&1`
 :: Finishing up
$ 5000  `rm -r '/home/pete/wefwefwef/docs/other/5727085768/gitty'  2>&1`
