 :: Extracting meta information
$ infinity  `git ls-remote --heads --tags 'https://github.com/sovereignprime/rise'  2>&1`
>>> [repo] 2 branches, 32 tags
 :: Writing meta to "/home/pete/wefwefwef/docs/other/abb7ea6c87a06eeadf8daf384203d714/meta.txt"
 :: Skipping tag "rm"
 :: Skipping tag "v0.0.21"
 :: Skipping tag "v0.0.22"
 :: Skipping tag "v0.0.23"
 :: Skipping tag "v0.0.24"
 :: Skipping tag "v0.0.25"
 :: Skipping tag "v0.0.26"
 :: Skipping tag "v0.0.28"
 :: Skipping tag "v0.0.29"
 :: Skipping tag "v0.0.30"
 :: Skipping tag "v0.1.0"
 :: Skipping tag "v0.1.1"
 :: Skipping tag "v0.1.2"
 :: Skipping tag "v0.1.3b"
 :: Skipping tag "v0.1.4"
 :: Skipping tag "v0.1.5"
 :: Skipping tag "v2.1.0"
 :: Skipping tag "v2.2.0"
 :: Skipping tag "v2.2.1"
 :: Skipping tag "v2.2.2"
 :: Skipping tag "0.0.20"
 :: Skipping tag "current"
 :: Skipping tag "jk"
 :: Skipping tag "v0.0.27"
 :: Skipping tag "v0.1.3a"
 :: Skipping tag "v0.1.5-pre"
 :: Skipping tag "v1.0"
 :: Skipping tag "v2.0.0"
 :: Skipping tag "v2.0.1"
 :: Skipping tag "v2.0.2"
 :: Skipping tag "v2.0.3"
 :: Skipping tag "v2.0.4"
 :: Processing https://github.com/sovereignprime/rise	{rev,branch,"master","b69e16b2dcaf30cc94ffe5c66bd67a1a8a9fee7c",undefined,[],[]}
 :: Fetching repo code
$ cd '/home/pete/wefwefwef/docs/other/abb7ea6c87a06eeadf8daf384203d714/rise-branch-master'
$ infinity  `curl --fail --silent --show-error --location --output repo.tar.gz 'https://codeload.github.com/sovereignprime/rise/legacy.tar.gz/master'  2>&1`
$ cd '/home/pete/wefwefwef/docs/erldocs_other.git'
$ cd '/home/pete/wefwefwef/docs/other/abb7ea6c87a06eeadf8daf384203d714/rise-branch-master/SovereignPrime-RISE-b69e16b'
$ 5000  `find -P . -type l -delete  2>&1`
$ cd '/home/pete/wefwefwef/docs/erldocs_other.git'
$ 5000  `mv '/home/pete/wefwefwef/docs/other/abb7ea6c87a06eeadf8daf384203d714/rise-branch-master/SovereignPrime-RISE-b69e16b' '/home/pete/wefwefwef/docs/other/abb7ea6c87a06eeadf8daf384203d714/rise-branch-master/rise'  2>&1`
 :: Getting dependencies
$ cd '/home/pete/wefwefwef/docs/other/abb7ea6c87a06eeadf8daf384203d714/rise-branch-master/rise'
$ 5000  `ls -1 deps/  2>&1`
$ cd '/home/pete/wefwefwef/docs/erldocs_other.git'
>>> [rebar] deps = []
 :: Generating erldocs into /home/pete/wefwefwef/docs/other/abb7ea6c87a06eeadf8daf384203d714/repo/master
Building rise
Generating XML for application rise "/home/pete/wefwefwef/docs/other/abb7ea6c87a06eeadf8daf384203d714/rise-branch-master/rise" -> "/home/pete/wefwefwef/docs/other/abb7ea6c87a06eeadf8daf384203d714/repo/master/.xml/rise"
Generated rise XMLs: []
No documentation was generated!
Woot, finished in 0 Minutes 0 Seconds
 :: Discovering other repos
$ 5000  `rm -r '/home/pete/wefwefwef/docs/other/abb7ea6c87a06eeadf8daf384203d714/rise-branch-master'  2>&1`
 :: Processing https://github.com/sovereignprime/rise	{rev,branch,"develop","1f0f823b2767fb9a873f7986877ff7aa20d76178",undefined,[],[]}
 :: Fetching repo code
$ cd '/home/pete/wefwefwef/docs/other/abb7ea6c87a06eeadf8daf384203d714/rise-branch-develop'
$ infinity  `curl --fail --silent --show-error --location --output repo.tar.gz 'https://codeload.github.com/sovereignprime/rise/legacy.tar.gz/develop'  2>&1`
$ cd '/home/pete/wefwefwef/docs/erldocs_other.git'
$ cd '/home/pete/wefwefwef/docs/other/abb7ea6c87a06eeadf8daf384203d714/rise-branch-develop/SovereignPrime-RISE-1f0f823'
$ 5000  `find -P . -type l -delete  2>&1`
$ cd '/home/pete/wefwefwef/docs/erldocs_other.git'
$ 5000  `mv '/home/pete/wefwefwef/docs/other/abb7ea6c87a06eeadf8daf384203d714/rise-branch-develop/SovereignPrime-RISE-1f0f823' '/home/pete/wefwefwef/docs/other/abb7ea6c87a06eeadf8daf384203d714/rise-branch-develop/rise'  2>&1`
 :: Getting dependencies
$ cd '/home/pete/wefwefwef/docs/other/abb7ea6c87a06eeadf8daf384203d714/rise-branch-develop/rise'
$ 5000  `ls -1 deps/  2>&1`
$ cd '/home/pete/wefwefwef/docs/erldocs_other.git'
>>> [rebar] deps = []
 :: Generating erldocs into /home/pete/wefwefwef/docs/other/abb7ea6c87a06eeadf8daf384203d714/repo/develop
Building rise
Generating XML for application rise "/home/pete/wefwefwef/docs/other/abb7ea6c87a06eeadf8daf384203d714/rise-branch-develop/rise" -> "/home/pete/wefwefwef/docs/other/abb7ea6c87a06eeadf8daf384203d714/repo/develop/.xml/rise"
Generated rise XMLs: []
No documentation was generated!
Woot, finished in 0 Minutes 0 Seconds
 :: Discovering other repos
$ 5000  `rm -r '/home/pete/wefwefwef/docs/other/abb7ea6c87a06eeadf8daf384203d714/rise-branch-develop'  2>&1`
 :: Finishing up
$ 5000  `rm -r '/home/pete/wefwefwef/docs/other/abb7ea6c87a06eeadf8daf384203d714/rise'  2>&1`
$ 5000  `rm -r '/home/pete/wefwefwef/docs/other/abb7ea6c87a06eeadf8daf384203d714/repo/develop'  2>&1`
$ 5000  `rm -r '/home/pete/wefwefwef/docs/other/abb7ea6c87a06eeadf8daf384203d714/repo/master'  2>&1`
