 :: Extracting meta information
$ 5000  `git ls-remote --heads --tags 'https://github.com/burinov/xmpp_talker'  2>&1`
>>> [repo] 1 branches, 0 tags
 :: Writing meta to "/home/pete/wefwefwef/docs/other/4303694026/meta.txt"
 :: Processing https://github.com/burinov/xmpp_talker	{rev,branch,"master","44ac37c08ebab40f3c7ccb68ccee3b505af262f1",undefined,[],[]}
 :: Fetching repo code
$ cd "/home/pete/wefwefwef/docs/other/4303694026/xmpp_talker-branch-master/xmpp_talker"
$ infinity  `curl --fail --silent --show-error --location --output 'master.zip' 'https://github.com/burinov/xmpp_talker/archive/master.zip'  2>&1`
$ cd "/home/pete/wefwefwef/docs/erldocs_other.git"
$ cd "/home/pete/wefwefwef/docs/other/4303694026/xmpp_talker-branch-master/xmpp_talker"
$ 5000  `find -P . -type l -delete  2>&1`
$ cd "/home/pete/wefwefwef/docs/erldocs_other.git"
$ cd "/home/pete/wefwefwef/docs/other/4303694026/xmpp_talker-branch-master/xmpp_talker"
$ 5000  `find 'xmpp_talker-master' -mindepth 1 -maxdepth 1 -exec mv -t . -- {} +  2>&1`
$ cd "/home/pete/wefwefwef/docs/erldocs_other.git"
 :: Getting dependencies
$ cd "/home/pete/wefwefwef/docs/other/4303694026/xmpp_talker-branch-master/xmpp_talker"
$ 5000  `ls -1 deps/  2>&1`
$ cd "/home/pete/wefwefwef/docs/erldocs_other.git"
>>> [rebar] deps = []
 :: Generating erldocs into /home/pete/wefwefwef/docs/other/4303694026/repo/master
Building xmpp_talker
Generating Type Specs - "/home/pete/wefwefwef/docs/other/4303694026/xmpp_talker-branch-master/xmpp_talker/src/echo_worker.erl"
Generating Type Specs - "/home/pete/wefwefwef/docs/other/4303694026/xmpp_talker-branch-master/xmpp_talker/src/xmpp_talker.erl"
/home/pete/wefwefwef/docs/other/4303694026/xmpp_talker-branch-master/xmpp_talker/src/xmpp_talker.erl: at line 32: can't find include lib "exmpp/include/exmpp.hrl"
EDoc could not process file '/home/pete/wefwefwef/docs/other/4303694026/xmpp_talker-branch-master/xmpp_talker/src/xmpp_talker.erl'
Error generating type specs for "/home/pete/wefwefwef/docs/other/4303694026/xmpp_talker-branch-master/xmpp_talker/src/xmpp_talker.erl"
Generating Type Specs - "/home/pete/wefwefwef/docs/other/4303694026/xmpp_talker-branch-master/xmpp_talker/src/xmpp_talker_app.erl"
Generating Type Specs - "/home/pete/wefwefwef/docs/other/4303694026/xmpp_talker-branch-master/xmpp_talker/src/xmpp_talker_sup.erl"
Generating XML for application xmpp_talker "/home/pete/wefwefwef/docs/other/4303694026/xmpp_talker-branch-master/xmpp_talker" -> "/home/pete/wefwefwef/docs/other/4303694026/repo/master/.xml/xmpp_talker"
/home/pete/wefwefwef/docs/other/4303694026/xmpp_talker-branch-master/xmpp_talker/src/xmpp_talker.erl: at line 32: can't find include lib "exmpp/include/exmpp.hrl"
edoc: skipping source file '/home/pete/wefwefwef/docs/other/4303694026/xmpp_talker-branch-master/xmpp_talker/src/xmpp_talker.erl': {'EXIT',
                                                                                                                              error}.
edoc: error in doclet 'edoc_doclet': {'EXIT',error}.
Error generating xmpp_talker XMLs. Using fallback ...
Generating XML xmpp_talker - echo_worker "/home/pete/wefwefwef/docs/other/4303694026/xmpp_talker-branch-master/xmpp_talker/src/echo_worker.erl" -> "/home/pete/wefwefwef/docs/other/4303694026/repo/master/.xml/xmpp_talker/echo_worker.xml"
Generating XML xmpp_talker - xmpp_talker "/home/pete/wefwefwef/docs/other/4303694026/xmpp_talker-branch-master/xmpp_talker/src/xmpp_talker.erl" -> "/home/pete/wefwefwef/docs/other/4303694026/repo/master/.xml/xmpp_talker/xmpp_talker.xml"
/home/pete/wefwefwef/docs/other/4303694026/xmpp_talker-branch-master/xmpp_talker/src/xmpp_talker.erl: at line 32: can't find include lib "exmpp/include/exmpp.hrl"
Error generating XML ("/home/pete/wefwefwef/docs/other/4303694026/xmpp_talker-branch-master/xmpp_talker/src/xmpp_talker.erl"): {'EXIT',
                                                                                                                                error}
Generating XML xmpp_talker - xmpp_talker_app "/home/pete/wefwefwef/docs/other/4303694026/xmpp_talker-branch-master/xmpp_talker/src/xmpp_talker_app.erl" -> "/home/pete/wefwefwef/docs/other/4303694026/repo/master/.xml/xmpp_talker/xmpp_talker_app.xml"
Generating XML xmpp_talker - xmpp_talker_sup "/home/pete/wefwefwef/docs/other/4303694026/xmpp_talker-branch-master/xmpp_talker/src/xmpp_talker_sup.erl" -> "/home/pete/wefwefwef/docs/other/4303694026/repo/master/.xml/xmpp_talker/xmpp_talker_sup.xml"
Generating HTML - echo_worker "/home/pete/wefwefwef/docs/other/4303694026/repo/master/.xml/xmpp_talker/echo_worker.xml"
Reading XML for "/home/pete/wefwefwef/docs/other/4303694026/repo/master/.xml/xmpp_talker/echo_worker.xml"
Reading XML for "/home/pete/wefwefwef/docs/other/4303694026/repo/master/.xml/specs_echo_worker.xml"
Generating HTML - xmpp_talker_app "/home/pete/wefwefwef/docs/other/4303694026/repo/master/.xml/xmpp_talker/xmpp_talker_app.xml"
Reading XML for "/home/pete/wefwefwef/docs/other/4303694026/repo/master/.xml/xmpp_talker/xmpp_talker_app.xml"
Reading XML for "/home/pete/wefwefwef/docs/other/4303694026/repo/master/.xml/specs_xmpp_talker_app.xml"
Generating HTML - xmpp_talker_sup "/home/pete/wefwefwef/docs/other/4303694026/repo/master/.xml/xmpp_talker/xmpp_talker_sup.xml"
Reading XML for "/home/pete/wefwefwef/docs/other/4303694026/repo/master/.xml/xmpp_talker/xmpp_talker_sup.xml"
Reading XML for "/home/pete/wefwefwef/docs/other/4303694026/repo/master/.xml/specs_xmpp_talker_sup.xml"
Creating index.html ...
Creating erldocs_index.js ...
Woot, finished in 0 Minutes 0 Seconds
 :: Discovering other repos
$ 5000  `rm -r '/home/pete/wefwefwef/docs/other/4303694026/xmpp_talker-branch-master'  2>&1`
 :: Finishing up
$ 5000  `rm -r '/home/pete/wefwefwef/docs/other/4303694026/xmpp_talker'  2>&1`
