 :: Extracting meta information
$ infinity  `git ls-remote --heads --tags 'https://github.com/sebastian/constrictor'  2>&1`
>>> [repo] 1 branches, 0 tags
 :: Writing meta to "/home/pete/wefwefwef/docs/other/eead968a1482c87fadc58472e117b583/meta.txt"
 :: Processing https://github.com/sebastian/constrictor	{rev,branch,"master","9cfefd49e3a1bf0966d55364eaa7452716b75944",undefined,[],[]}
 :: Fetching repo code
$ cd '/home/pete/wefwefwef/docs/other/eead968a1482c87fadc58472e117b583/constrictor-branch-master'
$ infinity  `curl --fail --silent --show-error --location --output repo.tar.gz 'https://codeload.github.com/sebastian/constrictor/legacy.tar.gz/master'  2>&1`
$ cd '/home/pete/wefwefwef/docs/erldocs_other.git'
$ cd '/home/pete/wefwefwef/docs/other/eead968a1482c87fadc58472e117b583/constrictor-branch-master/sebastian-Constrictor-9cfefd4'
$ 5000  `find -P . -type l -delete  2>&1`
$ cd '/home/pete/wefwefwef/docs/erldocs_other.git'
$ 5000  `mv '/home/pete/wefwefwef/docs/other/eead968a1482c87fadc58472e117b583/constrictor-branch-master/sebastian-Constrictor-9cfefd4' '/home/pete/wefwefwef/docs/other/eead968a1482c87fadc58472e117b583/constrictor-branch-master/constrictor'  2>&1`
 :: Getting dependencies
$ cd '/home/pete/wefwefwef/docs/other/eead968a1482c87fadc58472e117b583/constrictor-branch-master/constrictor'
$ 5000  `ls -1 deps/  2>&1`
$ cd '/home/pete/wefwefwef/docs/erldocs_other.git'
>>> [rebar] deps = []
 :: Generating erldocs into /home/pete/wefwefwef/docs/other/eead968a1482c87fadc58472e117b583/repo/master
Building constrictor
Generating Type Specs - "/home/pete/wefwefwef/docs/other/eead968a1482c87fadc58472e117b583/constrictor-branch-master/constrictor/src/constrictor.erl"
Generating XML for application constrictor "/home/pete/wefwefwef/docs/other/eead968a1482c87fadc58472e117b583/constrictor-branch-master/constrictor" -> "/home/pete/wefwefwef/docs/other/eead968a1482c87fadc58472e117b583/repo/master/.xml/constrictor"
Generated constrictor XMLs: ["/home/pete/wefwefwef/docs/other/eead968a1482c87fadc58472e117b583/repo/master/.xml/constrictor/constrictor.xml"]
Generating HTML - constrictor "/home/pete/wefwefwef/docs/other/eead968a1482c87fadc58472e117b583/repo/master/.xml/constrictor/constrictor.xml"
Reading XML for "/home/pete/wefwefwef/docs/other/eead968a1482c87fadc58472e117b583/repo/master/.xml/constrictor/constrictor.xml"
Reading XML for "/home/pete/wefwefwef/docs/other/eead968a1482c87fadc58472e117b583/repo/master/.xml/specs_constrictor.xml"
Creating index.html ...
Creating erldocs_index.js ...
Woot, finished in 0 Minutes 0 Seconds
 :: Discovering other repos
$ 5000  `rm -r '/home/pete/wefwefwef/docs/other/eead968a1482c87fadc58472e117b583/constrictor-branch-master'  2>&1`
 :: Finishing up
$ 5000  `rm -r '/home/pete/wefwefwef/docs/other/eead968a1482c87fadc58472e117b583/constrictor'  2>&1`
