 :: Extracting meta information
$ 5000  `git ls-remote --heads --tags 'https://github.com/tonyrog/pacman'  2>&1`
>>> [repo] 1 branches, 0 tags
 :: Writing meta to "/home/pete/wefwefwef/docs/other/5967155998/meta.txt"
 :: Processing https://github.com/tonyrog/pacman	{rev,branch,"master","b8064a1fbf2a21e2cc776ea5da4d5e54d70ef95d",undefined,[],[]}
 :: Fetching repo code
$ cd "/home/pete/wefwefwef/docs/other/5967155998/pacman-branch-master/pacman"
$ infinity  `curl --fail --silent --show-error --location --output 'master.zip' 'https://github.com/tonyrog/pacman/archive/master.zip'  2>&1`
$ cd "/home/pete/wefwefwef/docs/erldocs_other.git"
$ cd "/home/pete/wefwefwef/docs/other/5967155998/pacman-branch-master/pacman"
$ 5000  `find -P . -type l -delete  2>&1`
$ cd "/home/pete/wefwefwef/docs/erldocs_other.git"
$ cd "/home/pete/wefwefwef/docs/other/5967155998/pacman-branch-master/pacman"
$ 5000  `find 'pacman-master' -mindepth 1 -maxdepth 1 -exec mv -t . -- {} +  2>&1`
$ cd "/home/pete/wefwefwef/docs/erldocs_other.git"
 :: Getting dependencies
$ cd "/home/pete/wefwefwef/docs/other/5967155998/pacman-branch-master/pacman"
$ 5000  `ls -1 deps/  2>&1`
$ cd "/home/pete/wefwefwef/docs/erldocs_other.git"
>>> [rebar] deps = []
 :: Generating erldocs into /home/pete/wefwefwef/docs/other/5967155998/repo/master
Building pacman
Generating Type Specs - "/home/pete/wefwefwef/docs/other/5967155998/pacman-branch-master/pacman/src/pacman.erl"
/home/pete/wefwefwef/docs/other/5967155998/pacman-branch-master/pacman/src/pacman.erl: at line 27: can't find include lib "epx/include/epx_image.hrl"
EDoc could not process file '/home/pete/wefwefwef/docs/other/5967155998/pacman-branch-master/pacman/src/pacman.erl'
Error generating type specs for "/home/pete/wefwefwef/docs/other/5967155998/pacman-branch-master/pacman/src/pacman.erl"
Generating Type Specs - "/home/pete/wefwefwef/docs/other/5967155998/pacman-branch-master/pacman/src/pacman_app.erl"
Generating Type Specs - "/home/pete/wefwefwef/docs/other/5967155998/pacman-branch-master/pacman/src/pacman_sup.erl"
Generating XML for application pacman "/home/pete/wefwefwef/docs/other/5967155998/pacman-branch-master/pacman" -> "/home/pete/wefwefwef/docs/other/5967155998/repo/master/.xml/pacman"
/home/pete/wefwefwef/docs/other/5967155998/pacman-branch-master/pacman/src/pacman.erl: at line 27: can't find include lib "epx/include/epx_image.hrl"
edoc: skipping source file '/home/pete/wefwefwef/docs/other/5967155998/pacman-branch-master/pacman/src/pacman.erl': {'EXIT',
                                                                                                               error}.
edoc: error in doclet 'edoc_doclet': {'EXIT',error}.
Error generating pacman XMLs. Using fallback ...
Generating XML pacman - pacman "/home/pete/wefwefwef/docs/other/5967155998/pacman-branch-master/pacman/src/pacman.erl" -> "/home/pete/wefwefwef/docs/other/5967155998/repo/master/.xml/pacman/pacman.xml"
/home/pete/wefwefwef/docs/other/5967155998/pacman-branch-master/pacman/src/pacman.erl: at line 27: can't find include lib "epx/include/epx_image.hrl"
Error generating XML ("/home/pete/wefwefwef/docs/other/5967155998/pacman-branch-master/pacman/src/pacman.erl"): {'EXIT',
                                                                                                                 error}
Generating XML pacman - pacman_app "/home/pete/wefwefwef/docs/other/5967155998/pacman-branch-master/pacman/src/pacman_app.erl" -> "/home/pete/wefwefwef/docs/other/5967155998/repo/master/.xml/pacman/pacman_app.xml"
Generating XML pacman - pacman_sup "/home/pete/wefwefwef/docs/other/5967155998/pacman-branch-master/pacman/src/pacman_sup.erl" -> "/home/pete/wefwefwef/docs/other/5967155998/repo/master/.xml/pacman/pacman_sup.xml"
Generating HTML - pacman_app "/home/pete/wefwefwef/docs/other/5967155998/repo/master/.xml/pacman/pacman_app.xml"
Reading XML for "/home/pete/wefwefwef/docs/other/5967155998/repo/master/.xml/pacman/pacman_app.xml"
Reading XML for "/home/pete/wefwefwef/docs/other/5967155998/repo/master/.xml/specs_pacman_app.xml"
Generating HTML - pacman_sup "/home/pete/wefwefwef/docs/other/5967155998/repo/master/.xml/pacman/pacman_sup.xml"
Reading XML for "/home/pete/wefwefwef/docs/other/5967155998/repo/master/.xml/pacman/pacman_sup.xml"
Reading XML for "/home/pete/wefwefwef/docs/other/5967155998/repo/master/.xml/specs_pacman_sup.xml"
Creating index.html ...
Creating erldocs_index.js ...
Woot, finished in 0 Minutes 0 Seconds
 :: Discovering other repos
$ 5000  `rm -r '/home/pete/wefwefwef/docs/other/5967155998/pacman-branch-master'  2>&1`
 :: Finishing up
$ 5000  `rm -r '/home/pete/wefwefwef/docs/other/5967155998/pacman'  2>&1`
