 :: Extracting meta information
$ infinity  `git ls-remote --heads --tags 'https://github.com/tank-bohr/rebar_hotsync_plugin'  2>&1`
>>> [repo] 1 branches, 1 tags
 :: Writing meta to "/home/pete/wefwefwef/docs/other/de271ae66d556fe626b0df15ea7a7074/meta.txt"
 :: Processing https://github.com/tank-bohr/rebar_hotsync_plugin	{rev,branch,"master","2a01ece526f781811bbeb1de013629e1dc3d89df",undefined,[],[]}
 :: Fetching repo code
$ cd '/home/pete/wefwefwef/docs/other/de271ae66d556fe626b0df15ea7a7074/rebar_hotsync_plugin-branch-master'
$ infinity  `curl --fail --silent --show-error --location --output repo.tar.gz 'https://codeload.github.com/tank-bohr/rebar_hotsync_plugin/legacy.tar.gz/master'  2>&1`
$ cd '/home/pete/wefwefwef/docs/erldocs_other.git'
$ cd '/home/pete/wefwefwef/docs/other/de271ae66d556fe626b0df15ea7a7074/rebar_hotsync_plugin-branch-master/SputnikTeam-rebar_grizzly-2a01ece'
$ 5000  `find -P . -type l -delete  2>&1`
$ cd '/home/pete/wefwefwef/docs/erldocs_other.git'
$ 5000  `mv '/home/pete/wefwefwef/docs/other/de271ae66d556fe626b0df15ea7a7074/rebar_hotsync_plugin-branch-master/SputnikTeam-rebar_grizzly-2a01ece' '/home/pete/wefwefwef/docs/other/de271ae66d556fe626b0df15ea7a7074/rebar_hotsync_plugin-branch-master/rebar_hotsync_plugin'  2>&1`
 :: Getting dependencies
$ cd '/home/pete/wefwefwef/docs/other/de271ae66d556fe626b0df15ea7a7074/rebar_hotsync_plugin-branch-master/rebar_hotsync_plugin'
$ 5000  `ls -1 deps/  2>&1`
$ cd '/home/pete/wefwefwef/docs/erldocs_other.git'
>>> [rebar] deps = []
 :: Generating erldocs into /home/pete/wefwefwef/docs/other/de271ae66d556fe626b0df15ea7a7074/repo/master
Building rebar_hotsync_plugin
Generating Type Specs - "/home/pete/wefwefwef/docs/other/de271ae66d556fe626b0df15ea7a7074/rebar_hotsync_plugin-branch-master/rebar_hotsync_plugin/src/45de73ed-8476-4947-be19-7200697325b2.erl"
Generating Type Specs - "/home/pete/wefwefwef/docs/other/de271ae66d556fe626b0df15ea7a7074/rebar_hotsync_plugin-branch-master/rebar_hotsync_plugin/src/grizzly.erl"
Generating Type Specs - "/home/pete/wefwefwef/docs/other/de271ae66d556fe626b0df15ea7a7074/rebar_hotsync_plugin-branch-master/rebar_hotsync_plugin/src/grizzly_utils.erl"
Generating XML for application rebar_hotsync_plugin "/home/pete/wefwefwef/docs/other/de271ae66d556fe626b0df15ea7a7074/rebar_hotsync_plugin-branch-master/rebar_hotsync_plugin" -> "/home/pete/wefwefwef/docs/other/de271ae66d556fe626b0df15ea7a7074/repo/master/.xml/rebar_hotsync_plugin"
Generated rebar_hotsync_plugin XMLs: ["/home/pete/wefwefwef/docs/other/de271ae66d556fe626b0df15ea7a7074/repo/master/.xml/rebar_hotsync_plugin/grizzly_utils.xml",
                                      "/home/pete/wefwefwef/docs/other/de271ae66d556fe626b0df15ea7a7074/repo/master/.xml/rebar_hotsync_plugin/grizzly.xml"]
Generating HTML - grizzly "/home/pete/wefwefwef/docs/other/de271ae66d556fe626b0df15ea7a7074/repo/master/.xml/rebar_hotsync_plugin/grizzly.xml"
Reading XML for "/home/pete/wefwefwef/docs/other/de271ae66d556fe626b0df15ea7a7074/repo/master/.xml/rebar_hotsync_plugin/grizzly.xml"
Reading XML for "/home/pete/wefwefwef/docs/other/de271ae66d556fe626b0df15ea7a7074/repo/master/.xml/specs_grizzly.xml"
Generating HTML - grizzly_utils "/home/pete/wefwefwef/docs/other/de271ae66d556fe626b0df15ea7a7074/repo/master/.xml/rebar_hotsync_plugin/grizzly_utils.xml"
Reading XML for "/home/pete/wefwefwef/docs/other/de271ae66d556fe626b0df15ea7a7074/repo/master/.xml/rebar_hotsync_plugin/grizzly_utils.xml"
Reading XML for "/home/pete/wefwefwef/docs/other/de271ae66d556fe626b0df15ea7a7074/repo/master/.xml/specs_grizzly_utils.xml"
Creating index.html ...
Creating erldocs_index.js ...
Woot, finished in 0 Minutes 0 Seconds
 :: Discovering other repos
$ 5000  `rm -r '/home/pete/wefwefwef/docs/other/de271ae66d556fe626b0df15ea7a7074/rebar_hotsync_plugin-branch-master'  2>&1`
 :: Processing https://github.com/tank-bohr/rebar_hotsync_plugin	{rev,tag,"1.0","bf22d8274ec665bdd28410574b54ea6bd77f242b",undefined,[],[]}
 :: Fetching repo code
$ cd '/home/pete/wefwefwef/docs/other/de271ae66d556fe626b0df15ea7a7074/rebar_hotsync_plugin-tag-1.0'
$ infinity  `curl --fail --silent --show-error --location --output repo.tar.gz 'https://codeload.github.com/tank-bohr/rebar_hotsync_plugin/legacy.tar.gz/1.0'  2>&1`
$ cd '/home/pete/wefwefwef/docs/erldocs_other.git'
$ cd '/home/pete/wefwefwef/docs/other/de271ae66d556fe626b0df15ea7a7074/rebar_hotsync_plugin-tag-1.0/SputnikTeam-rebar_grizzly-bf22d82'
$ 5000  `find -P . -type l -delete  2>&1`
$ cd '/home/pete/wefwefwef/docs/erldocs_other.git'
$ 5000  `mv '/home/pete/wefwefwef/docs/other/de271ae66d556fe626b0df15ea7a7074/rebar_hotsync_plugin-tag-1.0/SputnikTeam-rebar_grizzly-bf22d82' '/home/pete/wefwefwef/docs/other/de271ae66d556fe626b0df15ea7a7074/rebar_hotsync_plugin-tag-1.0/rebar_hotsync_plugin'  2>&1`
 :: Getting dependencies
$ cd '/home/pete/wefwefwef/docs/other/de271ae66d556fe626b0df15ea7a7074/rebar_hotsync_plugin-tag-1.0/rebar_hotsync_plugin'
$ 5000  `ls -1 deps/  2>&1`
$ cd '/home/pete/wefwefwef/docs/erldocs_other.git'
>>> [rebar] deps = []
 :: Generating erldocs into /home/pete/wefwefwef/docs/other/de271ae66d556fe626b0df15ea7a7074/repo/1.0
Building rebar_hotsync_plugin
Generating Type Specs - "/home/pete/wefwefwef/docs/other/de271ae66d556fe626b0df15ea7a7074/rebar_hotsync_plugin-tag-1.0/rebar_hotsync_plugin/src/45de73ed-8476-4947-be19-7200697325b2.erl"
Generating Type Specs - "/home/pete/wefwefwef/docs/other/de271ae66d556fe626b0df15ea7a7074/rebar_hotsync_plugin-tag-1.0/rebar_hotsync_plugin/src/grizzly.erl"
Generating Type Specs - "/home/pete/wefwefwef/docs/other/de271ae66d556fe626b0df15ea7a7074/rebar_hotsync_plugin-tag-1.0/rebar_hotsync_plugin/src/grizzly_utils.erl"
Generating XML for application rebar_hotsync_plugin "/home/pete/wefwefwef/docs/other/de271ae66d556fe626b0df15ea7a7074/rebar_hotsync_plugin-tag-1.0/rebar_hotsync_plugin" -> "/home/pete/wefwefwef/docs/other/de271ae66d556fe626b0df15ea7a7074/repo/1.0/.xml/rebar_hotsync_plugin"
Generated rebar_hotsync_plugin XMLs: ["/home/pete/wefwefwef/docs/other/de271ae66d556fe626b0df15ea7a7074/repo/1.0/.xml/rebar_hotsync_plugin/grizzly_utils.xml",
                                      "/home/pete/wefwefwef/docs/other/de271ae66d556fe626b0df15ea7a7074/repo/1.0/.xml/rebar_hotsync_plugin/grizzly.xml"]
Generating HTML - grizzly "/home/pete/wefwefwef/docs/other/de271ae66d556fe626b0df15ea7a7074/repo/1.0/.xml/rebar_hotsync_plugin/grizzly.xml"
Reading XML for "/home/pete/wefwefwef/docs/other/de271ae66d556fe626b0df15ea7a7074/repo/1.0/.xml/rebar_hotsync_plugin/grizzly.xml"
Reading XML for "/home/pete/wefwefwef/docs/other/de271ae66d556fe626b0df15ea7a7074/repo/1.0/.xml/specs_grizzly.xml"
Generating HTML - grizzly_utils "/home/pete/wefwefwef/docs/other/de271ae66d556fe626b0df15ea7a7074/repo/1.0/.xml/rebar_hotsync_plugin/grizzly_utils.xml"
Reading XML for "/home/pete/wefwefwef/docs/other/de271ae66d556fe626b0df15ea7a7074/repo/1.0/.xml/rebar_hotsync_plugin/grizzly_utils.xml"
Reading XML for "/home/pete/wefwefwef/docs/other/de271ae66d556fe626b0df15ea7a7074/repo/1.0/.xml/specs_grizzly_utils.xml"
Creating index.html ...
Creating erldocs_index.js ...
Woot, finished in 0 Minutes 0 Seconds
 :: Discovering other repos
$ 5000  `rm -r '/home/pete/wefwefwef/docs/other/de271ae66d556fe626b0df15ea7a7074/rebar_hotsync_plugin-tag-1.0'  2>&1`
 :: Finishing up
$ 5000  `rm -r '/home/pete/wefwefwef/docs/other/de271ae66d556fe626b0df15ea7a7074/rebar_hotsync_plugin'  2>&1`
