 :: Extracting meta information
$ infinity  `git ls-remote --heads --tags 'https://github.com/devaspot/syncml'  2>&1`
>>> [repo] 2 branches, 0 tags
 :: Writing meta to "/home/pete/wefwefwef/docs/other/871e967982447e9cc9421032d98b268b/meta.txt"
 :: Processing https://github.com/devaspot/syncml	{rev,branch,"master","c31b0ce274085a23ed937afdb70ca9e89c08a436",undefined,[],[]}
 :: Fetching repo code
$ cd '/home/pete/wefwefwef/docs/other/871e967982447e9cc9421032d98b268b/syncml-branch-master'
$ infinity  `curl --fail --silent --show-error --location --output repo.tar.gz 'https://codeload.github.com/devaspot/syncml/legacy.tar.gz/master'  2>&1`
$ cd '/home/pete/wefwefwef/docs/erldocs_other.git'
$ cd '/home/pete/wefwefwef/docs/other/871e967982447e9cc9421032d98b268b/syncml-branch-master/devaspot-syncml-c31b0ce'
$ 5000  `find -P . -type l -delete  2>&1`
$ cd '/home/pete/wefwefwef/docs/erldocs_other.git'
$ 5000  `mv '/home/pete/wefwefwef/docs/other/871e967982447e9cc9421032d98b268b/syncml-branch-master/devaspot-syncml-c31b0ce' '/home/pete/wefwefwef/docs/other/871e967982447e9cc9421032d98b268b/syncml-branch-master/syncml'  2>&1`
 :: Getting dependencies
$ cd '/home/pete/wefwefwef/docs/other/871e967982447e9cc9421032d98b268b/syncml-branch-master/syncml'
$ 5000  `ls -1 deps/  2>&1`
$ cd '/home/pete/wefwefwef/docs/erldocs_other.git'
>>> [rebar] deps = ["rebar.config"]
 :: Generating erldocs into /home/pete/wefwefwef/docs/other/871e967982447e9cc9421032d98b268b/repo/master
Building wbxml
Generating Type Specs - "/home/pete/wefwefwef/docs/other/871e967982447e9cc9421032d98b268b/syncml-branch-master/syncml/apps/wbxml/src/wbxml.erl"
Generating Type Specs - "/home/pete/wefwefwef/docs/other/871e967982447e9cc9421032d98b268b/syncml-branch-master/syncml/apps/wbxml/src/wbxml_app.erl"
Generating Type Specs - "/home/pete/wefwefwef/docs/other/871e967982447e9cc9421032d98b268b/syncml-branch-master/syncml/apps/wbxml/src/wbxml_encoder.erl"
Generating Type Specs - "/home/pete/wefwefwef/docs/other/871e967982447e9cc9421032d98b268b/syncml-branch-master/syncml/apps/wbxml/src/wbxml_sup.erl"
Generating XML for application wbxml "/home/pete/wefwefwef/docs/other/871e967982447e9cc9421032d98b268b/syncml-branch-master/syncml/apps/wbxml" -> "/home/pete/wefwefwef/docs/other/871e967982447e9cc9421032d98b268b/repo/master/.xml/wbxml"
Generated wbxml XMLs: ["/home/pete/wefwefwef/docs/other/871e967982447e9cc9421032d98b268b/repo/master/.xml/wbxml/wbxml.xml",
                       "/home/pete/wefwefwef/docs/other/871e967982447e9cc9421032d98b268b/repo/master/.xml/wbxml/syncml_11.xml",
                       "/home/pete/wefwefwef/docs/other/871e967982447e9cc9421032d98b268b/repo/master/.xml/wbxml/wbxml_encoder.xml",
                       "/home/pete/wefwefwef/docs/other/871e967982447e9cc9421032d98b268b/repo/master/.xml/wbxml/wbxml_app.xml",
                       "/home/pete/wefwefwef/docs/other/871e967982447e9cc9421032d98b268b/repo/master/.xml/wbxml/wbxml_sup.xml",
                       "/home/pete/wefwefwef/docs/other/871e967982447e9cc9421032d98b268b/repo/master/.xml/wbxml/wml_11.xml",
                       "/home/pete/wefwefwef/docs/other/871e967982447e9cc9421032d98b268b/repo/master/.xml/wbxml/devinf_11.xml"]
Generating HTML - wbxml "/home/pete/wefwefwef/docs/other/871e967982447e9cc9421032d98b268b/repo/master/.xml/wbxml/wbxml.xml"
Generating HTML - syncml_11 "/home/pete/wefwefwef/docs/other/871e967982447e9cc9421032d98b268b/repo/master/.xml/wbxml/syncml_11.xml"
Generating HTML - wbxml_encoder "/home/pete/wefwefwef/docs/other/871e967982447e9cc9421032d98b268b/repo/master/.xml/wbxml/wbxml_encoder.xml"
Generating HTML - devinf_11 "/home/pete/wefwefwef/docs/other/871e967982447e9cc9421032d98b268b/repo/master/.xml/wbxml/devinf_11.xml"
Reading XML for "/home/pete/wefwefwef/docs/other/871e967982447e9cc9421032d98b268b/repo/master/.xml/wbxml/wbxml.xml"
Reading XML for "/home/pete/wefwefwef/docs/other/871e967982447e9cc9421032d98b268b/repo/master/.xml/wbxml/syncml_11.xml"
Reading XML for "/home/pete/wefwefwef/docs/other/871e967982447e9cc9421032d98b268b/repo/master/.xml/wbxml/wbxml_encoder.xml"
Reading XML for "/home/pete/wefwefwef/docs/other/871e967982447e9cc9421032d98b268b/repo/master/.xml/wbxml/devinf_11.xml"
Reading XML for "/home/pete/wefwefwef/docs/other/871e967982447e9cc9421032d98b268b/repo/master/.xml/specs_wbxml.xml"
Generating HTML - wml_11 "/home/pete/wefwefwef/docs/other/871e967982447e9cc9421032d98b268b/repo/master/.xml/wbxml/wml_11.xml"
Reading XML for "/home/pete/wefwefwef/docs/other/871e967982447e9cc9421032d98b268b/repo/master/.xml/wbxml/wml_11.xml"
Reading XML for "/home/pete/wefwefwef/docs/other/871e967982447e9cc9421032d98b268b/repo/master/.xml/specs_wbxml_encoder.xml"
Generating HTML - wbxml_sup "/home/pete/wefwefwef/docs/other/871e967982447e9cc9421032d98b268b/repo/master/.xml/wbxml/wbxml_sup.xml"
Reading XML for "/home/pete/wefwefwef/docs/other/871e967982447e9cc9421032d98b268b/repo/master/.xml/wbxml/wbxml_sup.xml"
Reading XML for "/home/pete/wefwefwef/docs/other/871e967982447e9cc9421032d98b268b/repo/master/.xml/specs_wbxml_sup.xml"
Generating HTML - wbxml_app "/home/pete/wefwefwef/docs/other/871e967982447e9cc9421032d98b268b/repo/master/.xml/wbxml/wbxml_app.xml"
Reading XML for "/home/pete/wefwefwef/docs/other/871e967982447e9cc9421032d98b268b/repo/master/.xml/wbxml/wbxml_app.xml"
Reading XML for "/home/pete/wefwefwef/docs/other/871e967982447e9cc9421032d98b268b/repo/master/.xml/specs_wbxml_app.xml"
Building ucs
Generating Type Specs - "/home/pete/wefwefwef/docs/other/871e967982447e9cc9421032d98b268b/syncml-branch-master/syncml/apps/ucs/src/ucs.erl"
Generating Type Specs - "/home/pete/wefwefwef/docs/other/871e967982447e9cc9421032d98b268b/syncml-branch-master/syncml/apps/ucs/src/ucs_app.erl"
Generating Type Specs - "/home/pete/wefwefwef/docs/other/871e967982447e9cc9421032d98b268b/syncml-branch-master/syncml/apps/ucs/src/ucs_data.erl"
Generating Type Specs - "/home/pete/wefwefwef/docs/other/871e967982447e9cc9421032d98b268b/syncml-branch-master/syncml/apps/ucs/src/ucs_data_build.erl"
Generating Type Specs - "/home/pete/wefwefwef/docs/other/871e967982447e9cc9421032d98b268b/syncml-branch-master/syncml/apps/ucs/src/ucs_sup.erl"
Generating XML for application ucs "/home/pete/wefwefwef/docs/other/871e967982447e9cc9421032d98b268b/syncml-branch-master/syncml/apps/ucs" -> "/home/pete/wefwefwef/docs/other/871e967982447e9cc9421032d98b268b/repo/master/.xml/ucs"
Generated ucs XMLs: ["/home/pete/wefwefwef/docs/other/871e967982447e9cc9421032d98b268b/repo/master/.xml/ucs/ucs_sup.xml",
                     "/home/pete/wefwefwef/docs/other/871e967982447e9cc9421032d98b268b/repo/master/.xml/ucs/ucs_app.xml",
                     "/home/pete/wefwefwef/docs/other/871e967982447e9cc9421032d98b268b/repo/master/.xml/ucs/ucs_data.xml",
                     "/home/pete/wefwefwef/docs/other/871e967982447e9cc9421032d98b268b/repo/master/.xml/ucs/ucs.xml",
                     "/home/pete/wefwefwef/docs/other/871e967982447e9cc9421032d98b268b/repo/master/.xml/ucs/ucs_data_build.xml"]
Generating HTML - ucs_sup "/home/pete/wefwefwef/docs/other/871e967982447e9cc9421032d98b268b/repo/master/.xml/ucs/ucs_sup.xml"
Generating HTML - ucs_app "/home/pete/wefwefwef/docs/other/871e967982447e9cc9421032d98b268b/repo/master/.xml/ucs/ucs_app.xml"
Generating HTML - ucs_data "/home/pete/wefwefwef/docs/other/871e967982447e9cc9421032d98b268b/repo/master/.xml/ucs/ucs_data.xml"
Generating HTML - ucs_data_build "/home/pete/wefwefwef/docs/other/871e967982447e9cc9421032d98b268b/repo/master/.xml/ucs/ucs_data_build.xml"
Reading XML for "/home/pete/wefwefwef/docs/other/871e967982447e9cc9421032d98b268b/repo/master/.xml/ucs/ucs_sup.xml"
Reading XML for "/home/pete/wefwefwef/docs/other/871e967982447e9cc9421032d98b268b/repo/master/.xml/ucs/ucs_app.xml"
Reading XML for "/home/pete/wefwefwef/docs/other/871e967982447e9cc9421032d98b268b/repo/master/.xml/ucs/ucs_data.xml"
Reading XML for "/home/pete/wefwefwef/docs/other/871e967982447e9cc9421032d98b268b/repo/master/.xml/ucs/ucs_data_build.xml"
Reading XML for "/home/pete/wefwefwef/docs/other/871e967982447e9cc9421032d98b268b/repo/master/.xml/specs_ucs_sup.xml"
Reading XML for "/home/pete/wefwefwef/docs/other/871e967982447e9cc9421032d98b268b/repo/master/.xml/specs_ucs_app.xml"
Reading XML for "/home/pete/wefwefwef/docs/other/871e967982447e9cc9421032d98b268b/repo/master/.xml/specs_ucs_data_build.xml"
Generating HTML - ucs "/home/pete/wefwefwef/docs/other/871e967982447e9cc9421032d98b268b/repo/master/.xml/ucs/ucs.xml"
Reading XML for "/home/pete/wefwefwef/docs/other/871e967982447e9cc9421032d98b268b/repo/master/.xml/ucs/ucs.xml"
Reading XML for "/home/pete/wefwefwef/docs/other/871e967982447e9cc9421032d98b268b/repo/master/.xml/specs_ucs_data.xml"
Reading XML for "/home/pete/wefwefwef/docs/other/871e967982447e9cc9421032d98b268b/repo/master/.xml/specs_ucs.xml"
Building simple_sync
Generating Type Specs - "/home/pete/wefwefwef/docs/other/871e967982447e9cc9421032d98b268b/syncml-branch-master/syncml/apps/simple_sync/src/simple_sync.erl"
Generating Type Specs - "/home/pete/wefwefwef/docs/other/871e967982447e9cc9421032d98b268b/syncml-branch-master/syncml/apps/simple_sync/src/simple_sync_app.erl"
Generating Type Specs - "/home/pete/wefwefwef/docs/other/871e967982447e9cc9421032d98b268b/syncml-branch-master/syncml/apps/simple_sync/src/simple_sync_sup.erl"
Generating Type Specs - "/home/pete/wefwefwef/docs/other/871e967982447e9cc9421032d98b268b/syncml-branch-master/syncml/apps/simple_sync/src/sync_adapter.erl"
Generating Type Specs - "/home/pete/wefwefwef/docs/other/871e967982447e9cc9421032d98b268b/syncml-branch-master/syncml/apps/simple_sync/src/sync_server_sup.erl"
Generating Type Specs - "/home/pete/wefwefwef/docs/other/871e967982447e9cc9421032d98b268b/syncml-branch-master/syncml/apps/simple_sync/src/sync_store.erl"
Generating XML for application simple_sync "/home/pete/wefwefwef/docs/other/871e967982447e9cc9421032d98b268b/syncml-branch-master/syncml/apps/simple_sync" -> "/home/pete/wefwefwef/docs/other/871e967982447e9cc9421032d98b268b/repo/master/.xml/simple_sync"
Generated simple_sync XMLs: ["/home/pete/wefwefwef/docs/other/871e967982447e9cc9421032d98b268b/repo/master/.xml/simple_sync/sync_adapter.xml",
                             "/home/pete/wefwefwef/docs/other/871e967982447e9cc9421032d98b268b/repo/master/.xml/simple_sync/sync_store.xml",
                             "/home/pete/wefwefwef/docs/other/871e967982447e9cc9421032d98b268b/repo/master/.xml/simple_sync/sync_server_sup.xml",
                             "/home/pete/wefwefwef/docs/other/871e967982447e9cc9421032d98b268b/repo/master/.xml/simple_sync/simple_sync.xml",
                             "/home/pete/wefwefwef/docs/other/871e967982447e9cc9421032d98b268b/repo/master/.xml/simple_sync/simple_sync_sup.xml",
                             "/home/pete/wefwefwef/docs/other/871e967982447e9cc9421032d98b268b/repo/master/.xml/simple_sync/simple_sync_app.xml"]
Generating HTML - sync_adapter "/home/pete/wefwefwef/docs/other/871e967982447e9cc9421032d98b268b/repo/master/.xml/simple_sync/sync_adapter.xml"
Generating HTML - sync_store "/home/pete/wefwefwef/docs/other/871e967982447e9cc9421032d98b268b/repo/master/.xml/simple_sync/sync_store.xml"
Generating HTML - sync_server_sup "/home/pete/wefwefwef/docs/other/871e967982447e9cc9421032d98b268b/repo/master/.xml/simple_sync/sync_server_sup.xml"
Generating HTML - simple_sync_app "/home/pete/wefwefwef/docs/other/871e967982447e9cc9421032d98b268b/repo/master/.xml/simple_sync/simple_sync_app.xml"
Reading XML for "/home/pete/wefwefwef/docs/other/871e967982447e9cc9421032d98b268b/repo/master/.xml/simple_sync/sync_adapter.xml"
Reading XML for "/home/pete/wefwefwef/docs/other/871e967982447e9cc9421032d98b268b/repo/master/.xml/simple_sync/sync_store.xml"
Reading XML for "/home/pete/wefwefwef/docs/other/871e967982447e9cc9421032d98b268b/repo/master/.xml/simple_sync/sync_server_sup.xml"
Reading XML for "/home/pete/wefwefwef/docs/other/871e967982447e9cc9421032d98b268b/repo/master/.xml/simple_sync/simple_sync_app.xml"
Reading XML for "/home/pete/wefwefwef/docs/other/871e967982447e9cc9421032d98b268b/repo/master/.xml/specs_sync_adapter.xml"
Reading XML for "/home/pete/wefwefwef/docs/other/871e967982447e9cc9421032d98b268b/repo/master/.xml/specs_sync_server_sup.xml"
Reading XML for "/home/pete/wefwefwef/docs/other/871e967982447e9cc9421032d98b268b/repo/master/.xml/specs_simple_sync_app.xml"
Reading XML for "/home/pete/wefwefwef/docs/other/871e967982447e9cc9421032d98b268b/repo/master/.xml/specs_sync_store.xml"
Generating HTML - simple_sync_sup "/home/pete/wefwefwef/docs/other/871e967982447e9cc9421032d98b268b/repo/master/.xml/simple_sync/simple_sync_sup.xml"
Reading XML for "/home/pete/wefwefwef/docs/other/871e967982447e9cc9421032d98b268b/repo/master/.xml/simple_sync/simple_sync_sup.xml"
Reading XML for "/home/pete/wefwefwef/docs/other/871e967982447e9cc9421032d98b268b/repo/master/.xml/specs_simple_sync_sup.xml"
Generating HTML - simple_sync "/home/pete/wefwefwef/docs/other/871e967982447e9cc9421032d98b268b/repo/master/.xml/simple_sync/simple_sync.xml"
Reading XML for "/home/pete/wefwefwef/docs/other/871e967982447e9cc9421032d98b268b/repo/master/.xml/simple_sync/simple_sync.xml"
Reading XML for "/home/pete/wefwefwef/docs/other/871e967982447e9cc9421032d98b268b/repo/master/.xml/specs_simple_sync.xml"
Building syncml
Generating XML for application syncml "/home/pete/wefwefwef/docs/other/871e967982447e9cc9421032d98b268b/syncml-branch-master/syncml" -> "/home/pete/wefwefwef/docs/other/871e967982447e9cc9421032d98b268b/repo/master/.xml/syncml"
Generated syncml XMLs: ["/home/pete/wefwefwef/docs/other/871e967982447e9cc9421032d98b268b/repo/master/.xml/syncml/ucs_sup.xml",
                        "/home/pete/wefwefwef/docs/other/871e967982447e9cc9421032d98b268b/repo/master/.xml/syncml/wbxml.xml",
                        "/home/pete/wefwefwef/docs/other/871e967982447e9cc9421032d98b268b/repo/master/.xml/syncml/sync_adapter.xml",
                        "/home/pete/wefwefwef/docs/other/871e967982447e9cc9421032d98b268b/repo/master/.xml/syncml/sync_store.xml",
                        "/home/pete/wefwefwef/docs/other/871e967982447e9cc9421032d98b268b/repo/master/.xml/syncml/sync_server_sup.xml",
                        "/home/pete/wefwefwef/docs/other/871e967982447e9cc9421032d98b268b/repo/master/.xml/syncml/syncml_11.xml",
                        "/home/pete/wefwefwef/docs/other/871e967982447e9cc9421032d98b268b/repo/master/.xml/syncml/wbxml_encoder.xml",
                        "/home/pete/wefwefwef/docs/other/871e967982447e9cc9421032d98b268b/repo/master/.xml/syncml/simple_sync.xml",
                        "/home/pete/wefwefwef/docs/other/871e967982447e9cc9421032d98b268b/repo/master/.xml/syncml/simple_sync_sup.xml",
                        "/home/pete/wefwefwef/docs/other/871e967982447e9cc9421032d98b268b/repo/master/.xml/syncml/ucs_app.xml",
                        "/home/pete/wefwefwef/docs/other/871e967982447e9cc9421032d98b268b/repo/master/.xml/syncml/wbxml_app.xml",
                        "/home/pete/wefwefwef/docs/other/871e967982447e9cc9421032d98b268b/repo/master/.xml/syncml/ucs_data.xml",
                        "/home/pete/wefwefwef/docs/other/871e967982447e9cc9421032d98b268b/repo/master/.xml/syncml/wbxml_sup.xml",
                        "/home/pete/wefwefwef/docs/other/871e967982447e9cc9421032d98b268b/repo/master/.xml/syncml/ucs.xml",
                        "/home/pete/wefwefwef/docs/other/871e967982447e9cc9421032d98b268b/repo/master/.xml/syncml/simple_sync_app.xml",
                        "/home/pete/wefwefwef/docs/other/871e967982447e9cc9421032d98b268b/repo/master/.xml/syncml/ucs_data_build.xml",
                        "/home/pete/wefwefwef/docs/other/871e967982447e9cc9421032d98b268b/repo/master/.xml/syncml/wml_11.xml",
                        "/home/pete/wefwefwef/docs/other/871e967982447e9cc9421032d98b268b/repo/master/.xml/syncml/devinf_11.xml"]
Generating HTML - sync_store "/home/pete/wefwefwef/docs/other/871e967982447e9cc9421032d98b268b/repo/master/.xml/syncml/sync_store.xml"
Generating HTML - simple_sync "/home/pete/wefwefwef/docs/other/871e967982447e9cc9421032d98b268b/repo/master/.xml/syncml/simple_sync.xml"
Generating HTML - ucs_data "/home/pete/wefwefwef/docs/other/871e967982447e9cc9421032d98b268b/repo/master/.xml/syncml/ucs_data.xml"
Generating HTML - devinf_11 "/home/pete/wefwefwef/docs/other/871e967982447e9cc9421032d98b268b/repo/master/.xml/syncml/devinf_11.xml"
Reading XML for "/home/pete/wefwefwef/docs/other/871e967982447e9cc9421032d98b268b/repo/master/.xml/syncml/sync_store.xml"
Reading XML for "/home/pete/wefwefwef/docs/other/871e967982447e9cc9421032d98b268b/repo/master/.xml/syncml/simple_sync.xml"
Reading XML for "/home/pete/wefwefwef/docs/other/871e967982447e9cc9421032d98b268b/repo/master/.xml/syncml/ucs_data.xml"
Reading XML for "/home/pete/wefwefwef/docs/other/871e967982447e9cc9421032d98b268b/repo/master/.xml/syncml/devinf_11.xml"
Reading XML for "/home/pete/wefwefwef/docs/other/871e967982447e9cc9421032d98b268b/repo/master/.xml/specs_simple_sync.xml"
Reading XML for "/home/pete/wefwefwef/docs/other/871e967982447e9cc9421032d98b268b/repo/master/.xml/specs_sync_store.xml"
Reading XML for "/home/pete/wefwefwef/docs/other/871e967982447e9cc9421032d98b268b/repo/master/.xml/specs_ucs_data.xml"
Generating HTML - sync_adapter "/home/pete/wefwefwef/docs/other/871e967982447e9cc9421032d98b268b/repo/master/.xml/syncml/sync_adapter.xml"
Reading XML for "/home/pete/wefwefwef/docs/other/871e967982447e9cc9421032d98b268b/repo/master/.xml/syncml/sync_adapter.xml"
Generating HTML - wbxml_encoder "/home/pete/wefwefwef/docs/other/871e967982447e9cc9421032d98b268b/repo/master/.xml/syncml/wbxml_encoder.xml"
Reading XML for "/home/pete/wefwefwef/docs/other/871e967982447e9cc9421032d98b268b/repo/master/.xml/syncml/wbxml_encoder.xml"
Generating HTML - wbxml_app "/home/pete/wefwefwef/docs/other/871e967982447e9cc9421032d98b268b/repo/master/.xml/syncml/wbxml_app.xml"
Reading XML for "/home/pete/wefwefwef/docs/other/871e967982447e9cc9421032d98b268b/repo/master/.xml/syncml/wbxml_app.xml"
Generating HTML - wml_11 "/home/pete/wefwefwef/docs/other/871e967982447e9cc9421032d98b268b/repo/master/.xml/syncml/wml_11.xml"
Reading XML for "/home/pete/wefwefwef/docs/other/871e967982447e9cc9421032d98b268b/repo/master/.xml/syncml/wml_11.xml"
Reading XML for "/home/pete/wefwefwef/docs/other/871e967982447e9cc9421032d98b268b/repo/master/.xml/specs_sync_adapter.xml"
Generating HTML - wbxml "/home/pete/wefwefwef/docs/other/871e967982447e9cc9421032d98b268b/repo/master/.xml/syncml/wbxml.xml"
Reading XML for "/home/pete/wefwefwef/docs/other/871e967982447e9cc9421032d98b268b/repo/master/.xml/syncml/wbxml.xml"
Reading XML for "/home/pete/wefwefwef/docs/other/871e967982447e9cc9421032d98b268b/repo/master/.xml/specs_wbxml_app.xml"
Reading XML for "/home/pete/wefwefwef/docs/other/871e967982447e9cc9421032d98b268b/repo/master/.xml/specs_wbxml_encoder.xml"
Generating HTML - ucs_app "/home/pete/wefwefwef/docs/other/871e967982447e9cc9421032d98b268b/repo/master/.xml/syncml/ucs_app.xml"
Reading XML for "/home/pete/wefwefwef/docs/other/871e967982447e9cc9421032d98b268b/repo/master/.xml/syncml/ucs_app.xml"
Generating HTML - syncml_11 "/home/pete/wefwefwef/docs/other/871e967982447e9cc9421032d98b268b/repo/master/.xml/syncml/syncml_11.xml"
Reading XML for "/home/pete/wefwefwef/docs/other/871e967982447e9cc9421032d98b268b/repo/master/.xml/syncml/syncml_11.xml"
Generating HTML - ucs_data_build "/home/pete/wefwefwef/docs/other/871e967982447e9cc9421032d98b268b/repo/master/.xml/syncml/ucs_data_build.xml"
Reading XML for "/home/pete/wefwefwef/docs/other/871e967982447e9cc9421032d98b268b/repo/master/.xml/syncml/ucs_data_build.xml"
Reading XML for "/home/pete/wefwefwef/docs/other/871e967982447e9cc9421032d98b268b/repo/master/.xml/specs_wbxml.xml"
Generating HTML - ucs_sup "/home/pete/wefwefwef/docs/other/871e967982447e9cc9421032d98b268b/repo/master/.xml/syncml/ucs_sup.xml"
Reading XML for "/home/pete/wefwefwef/docs/other/871e967982447e9cc9421032d98b268b/repo/master/.xml/syncml/ucs_sup.xml"
Reading XML for "/home/pete/wefwefwef/docs/other/871e967982447e9cc9421032d98b268b/repo/master/.xml/specs_ucs_app.xml"
Generating HTML - simple_sync_sup "/home/pete/wefwefwef/docs/other/871e967982447e9cc9421032d98b268b/repo/master/.xml/syncml/simple_sync_sup.xml"
Reading XML for "/home/pete/wefwefwef/docs/other/871e967982447e9cc9421032d98b268b/repo/master/.xml/syncml/simple_sync_sup.xml"
Generating HTML - sync_server_sup "/home/pete/wefwefwef/docs/other/871e967982447e9cc9421032d98b268b/repo/master/.xml/syncml/sync_server_sup.xml"
Reading XML for "/home/pete/wefwefwef/docs/other/871e967982447e9cc9421032d98b268b/repo/master/.xml/syncml/sync_server_sup.xml"
Reading XML for "/home/pete/wefwefwef/docs/other/871e967982447e9cc9421032d98b268b/repo/master/.xml/specs_ucs_data_build.xml"
Generating HTML - simple_sync_app "/home/pete/wefwefwef/docs/other/871e967982447e9cc9421032d98b268b/repo/master/.xml/syncml/simple_sync_app.xml"
Reading XML for "/home/pete/wefwefwef/docs/other/871e967982447e9cc9421032d98b268b/repo/master/.xml/syncml/simple_sync_app.xml"
Reading XML for "/home/pete/wefwefwef/docs/other/871e967982447e9cc9421032d98b268b/repo/master/.xml/specs_ucs_sup.xml"
Reading XML for "/home/pete/wefwefwef/docs/other/871e967982447e9cc9421032d98b268b/repo/master/.xml/specs_simple_sync_sup.xml"
Reading XML for "/home/pete/wefwefwef/docs/other/871e967982447e9cc9421032d98b268b/repo/master/.xml/specs_sync_server_sup.xml"
Reading XML for "/home/pete/wefwefwef/docs/other/871e967982447e9cc9421032d98b268b/repo/master/.xml/specs_simple_sync_app.xml"
Generating HTML - ucs "/home/pete/wefwefwef/docs/other/871e967982447e9cc9421032d98b268b/repo/master/.xml/syncml/ucs.xml"
Reading XML for "/home/pete/wefwefwef/docs/other/871e967982447e9cc9421032d98b268b/repo/master/.xml/syncml/ucs.xml"
Reading XML for "/home/pete/wefwefwef/docs/other/871e967982447e9cc9421032d98b268b/repo/master/.xml/specs_ucs.xml"
Generating HTML - wbxml_sup "/home/pete/wefwefwef/docs/other/871e967982447e9cc9421032d98b268b/repo/master/.xml/syncml/wbxml_sup.xml"
Reading XML for "/home/pete/wefwefwef/docs/other/871e967982447e9cc9421032d98b268b/repo/master/.xml/syncml/wbxml_sup.xml"
Reading XML for "/home/pete/wefwefwef/docs/other/871e967982447e9cc9421032d98b268b/repo/master/.xml/specs_wbxml_sup.xml"
Creating index.html ...
Creating erldocs_index.js ...
Woot, finished in 0 Minutes 3 Seconds
 :: Discovering other repos
$ 5000  `rm -r '/home/pete/wefwefwef/docs/other/871e967982447e9cc9421032d98b268b/syncml-branch-master'  2>&1`
 :: Processing https://github.com/devaspot/syncml	{rev,branch,"issue/1/code_review","3f7ccf6b4fa2bc3b16cb9beaf8f66b8d1b865e07",undefined,[],[]}
 :: Fetching repo code
$ cd '/home/pete/wefwefwef/docs/other/871e967982447e9cc9421032d98b268b/syncml-branch-issue_1_code_review'
$ infinity  `curl --fail --silent --show-error --location --output repo.tar.gz 'https://codeload.github.com/devaspot/syncml/legacy.tar.gz/issue/1/code_review'  2>&1`
$ cd '/home/pete/wefwefwef/docs/erldocs_other.git'
$ cd '/home/pete/wefwefwef/docs/other/871e967982447e9cc9421032d98b268b/syncml-branch-issue_1_code_review/devaspot-syncml-3f7ccf6'
$ 5000  `find -P . -type l -delete  2>&1`
$ cd '/home/pete/wefwefwef/docs/erldocs_other.git'
$ 5000  `mv '/home/pete/wefwefwef/docs/other/871e967982447e9cc9421032d98b268b/syncml-branch-issue_1_code_review/devaspot-syncml-3f7ccf6' '/home/pete/wefwefwef/docs/other/871e967982447e9cc9421032d98b268b/syncml-branch-issue_1_code_review/syncml'  2>&1`
 :: Getting dependencies
$ cd '/home/pete/wefwefwef/docs/other/871e967982447e9cc9421032d98b268b/syncml-branch-issue_1_code_review/syncml'
$ 5000  `ls -1 deps/  2>&1`
$ cd '/home/pete/wefwefwef/docs/erldocs_other.git'
>>> [rebar] deps = []
 :: Generating erldocs into /home/pete/wefwefwef/docs/other/871e967982447e9cc9421032d98b268b/repo/issue/1/code_review
Building simple_sync
Generating Type Specs - "/home/pete/wefwefwef/docs/other/871e967982447e9cc9421032d98b268b/syncml-branch-issue_1_code_review/syncml/apps/simple_sync/src/simple_sync.erl"
Generating Type Specs - "/home/pete/wefwefwef/docs/other/871e967982447e9cc9421032d98b268b/syncml-branch-issue_1_code_review/syncml/apps/simple_sync/src/simple_sync_app.erl"
Generating Type Specs - "/home/pete/wefwefwef/docs/other/871e967982447e9cc9421032d98b268b/syncml-branch-issue_1_code_review/syncml/apps/simple_sync/src/simple_sync_server.erl"
Generating Type Specs - "/home/pete/wefwefwef/docs/other/871e967982447e9cc9421032d98b268b/syncml-branch-issue_1_code_review/syncml/apps/simple_sync/src/simple_sync_sup.erl"
Generating XML for application simple_sync "/home/pete/wefwefwef/docs/other/871e967982447e9cc9421032d98b268b/syncml-branch-issue_1_code_review/syncml/apps/simple_sync" -> "/home/pete/wefwefwef/docs/other/871e967982447e9cc9421032d98b268b/repo/issue/1/code_review/.xml/simple_sync"
Generated simple_sync XMLs: ["/home/pete/wefwefwef/docs/other/871e967982447e9cc9421032d98b268b/repo/issue/1/code_review/.xml/simple_sync/simple_sync.xml",
                             "/home/pete/wefwefwef/docs/other/871e967982447e9cc9421032d98b268b/repo/issue/1/code_review/.xml/simple_sync/simple_sync_sup.xml",
                             "/home/pete/wefwefwef/docs/other/871e967982447e9cc9421032d98b268b/repo/issue/1/code_review/.xml/simple_sync/simple_sync_server.xml",
                             "/home/pete/wefwefwef/docs/other/871e967982447e9cc9421032d98b268b/repo/issue/1/code_review/.xml/simple_sync/simple_sync_app.xml"]
Generating HTML - simple_sync "/home/pete/wefwefwef/docs/other/871e967982447e9cc9421032d98b268b/repo/issue/1/code_review/.xml/simple_sync/simple_sync.xml"
Generating HTML - simple_sync_sup "/home/pete/wefwefwef/docs/other/871e967982447e9cc9421032d98b268b/repo/issue/1/code_review/.xml/simple_sync/simple_sync_sup.xml"
Generating HTML - simple_sync_server "/home/pete/wefwefwef/docs/other/871e967982447e9cc9421032d98b268b/repo/issue/1/code_review/.xml/simple_sync/simple_sync_server.xml"
Generating HTML - simple_sync_app "/home/pete/wefwefwef/docs/other/871e967982447e9cc9421032d98b268b/repo/issue/1/code_review/.xml/simple_sync/simple_sync_app.xml"
Reading XML for "/home/pete/wefwefwef/docs/other/871e967982447e9cc9421032d98b268b/repo/issue/1/code_review/.xml/simple_sync/simple_sync.xml"
Reading XML for "/home/pete/wefwefwef/docs/other/871e967982447e9cc9421032d98b268b/repo/issue/1/code_review/.xml/simple_sync/simple_sync_sup.xml"
Reading XML for "/home/pete/wefwefwef/docs/other/871e967982447e9cc9421032d98b268b/repo/issue/1/code_review/.xml/simple_sync/simple_sync_server.xml"
Reading XML for "/home/pete/wefwefwef/docs/other/871e967982447e9cc9421032d98b268b/repo/issue/1/code_review/.xml/simple_sync/simple_sync_app.xml"
Reading XML for "/home/pete/wefwefwef/docs/other/871e967982447e9cc9421032d98b268b/repo/issue/1/code_review/.xml/specs_simple_sync_sup.xml"
Reading XML for "/home/pete/wefwefwef/docs/other/871e967982447e9cc9421032d98b268b/repo/issue/1/code_review/.xml/specs_simple_sync.xml"
Reading XML for "/home/pete/wefwefwef/docs/other/871e967982447e9cc9421032d98b268b/repo/issue/1/code_review/.xml/specs_simple_sync_app.xml"
Reading XML for "/home/pete/wefwefwef/docs/other/871e967982447e9cc9421032d98b268b/repo/issue/1/code_review/.xml/specs_simple_sync_server.xml"
Building syncml
Generating XML for application syncml "/home/pete/wefwefwef/docs/other/871e967982447e9cc9421032d98b268b/syncml-branch-issue_1_code_review/syncml" -> "/home/pete/wefwefwef/docs/other/871e967982447e9cc9421032d98b268b/repo/issue/1/code_review/.xml/syncml"
Generated syncml XMLs: ["/home/pete/wefwefwef/docs/other/871e967982447e9cc9421032d98b268b/repo/issue/1/code_review/.xml/syncml/simple_sync.xml",
                        "/home/pete/wefwefwef/docs/other/871e967982447e9cc9421032d98b268b/repo/issue/1/code_review/.xml/syncml/simple_sync_sup.xml",
                        "/home/pete/wefwefwef/docs/other/871e967982447e9cc9421032d98b268b/repo/issue/1/code_review/.xml/syncml/simple_sync_server.xml",
                        "/home/pete/wefwefwef/docs/other/871e967982447e9cc9421032d98b268b/repo/issue/1/code_review/.xml/syncml/simple_sync_app.xml"]
Generating HTML - simple_sync "/home/pete/wefwefwef/docs/other/871e967982447e9cc9421032d98b268b/repo/issue/1/code_review/.xml/syncml/simple_sync.xml"
Generating HTML - simple_sync_sup "/home/pete/wefwefwef/docs/other/871e967982447e9cc9421032d98b268b/repo/issue/1/code_review/.xml/syncml/simple_sync_sup.xml"
Generating HTML - simple_sync_server "/home/pete/wefwefwef/docs/other/871e967982447e9cc9421032d98b268b/repo/issue/1/code_review/.xml/syncml/simple_sync_server.xml"
Generating HTML - simple_sync_app "/home/pete/wefwefwef/docs/other/871e967982447e9cc9421032d98b268b/repo/issue/1/code_review/.xml/syncml/simple_sync_app.xml"
Reading XML for "/home/pete/wefwefwef/docs/other/871e967982447e9cc9421032d98b268b/repo/issue/1/code_review/.xml/syncml/simple_sync.xml"
Reading XML for "/home/pete/wefwefwef/docs/other/871e967982447e9cc9421032d98b268b/repo/issue/1/code_review/.xml/syncml/simple_sync_sup.xml"
Reading XML for "/home/pete/wefwefwef/docs/other/871e967982447e9cc9421032d98b268b/repo/issue/1/code_review/.xml/syncml/simple_sync_server.xml"
Reading XML for "/home/pete/wefwefwef/docs/other/871e967982447e9cc9421032d98b268b/repo/issue/1/code_review/.xml/syncml/simple_sync_app.xml"
Reading XML for "/home/pete/wefwefwef/docs/other/871e967982447e9cc9421032d98b268b/repo/issue/1/code_review/.xml/specs_simple_sync_server.xml"
Reading XML for "/home/pete/wefwefwef/docs/other/871e967982447e9cc9421032d98b268b/repo/issue/1/code_review/.xml/specs_simple_sync_sup.xml"
Reading XML for "/home/pete/wefwefwef/docs/other/871e967982447e9cc9421032d98b268b/repo/issue/1/code_review/.xml/specs_simple_sync.xml"
Reading XML for "/home/pete/wefwefwef/docs/other/871e967982447e9cc9421032d98b268b/repo/issue/1/code_review/.xml/specs_simple_sync_app.xml"
Creating index.html ...
Creating erldocs_index.js ...
Woot, finished in 0 Minutes 0 Seconds
 :: Discovering other repos
$ 5000  `rm -r '/home/pete/wefwefwef/docs/other/871e967982447e9cc9421032d98b268b/syncml-branch-issue_1_code_review'  2>&1`
 :: Finishing up
$ 5000  `rm -r '/home/pete/wefwefwef/docs/other/871e967982447e9cc9421032d98b268b/syncml'  2>&1`
