 :: Extracting meta information
$ 5000  `git ls-remote --heads --tags 'https://github.com/afiskon/erlang-simplicitydb'  2>&1`
>>> [repo] 1 branches, 0 tags
 :: Writing meta to "/home/pete/wefwefwef/docs/other/9176911567/meta.txt"
 :: Processing https://github.com/afiskon/erlang-simplicitydb	{rev,branch,"master","b1272bfc07b97f160de52aa86240827fb435862f"}
 :: Fetching repo code
$ cd "/home/pete/wefwefwef/docs/other/9176911567/erlang-simplicitydb-branch-master/erlang-simplicitydb"
$ infinity  `curl --fail --silent --show-error --location --output 'master.zip' 'https://github.com/afiskon/erlang-simplicitydb/archive/master.zip'  2>&1`
$ cd "/home/pete/wefwefwef/docs/erldocs_other.git"
$ cd "/home/pete/wefwefwef/docs/other/9176911567/erlang-simplicitydb-branch-master/erlang-simplicitydb"
$ 5000  `find -P . -type l -delete  2>&1`
$ cd "/home/pete/wefwefwef/docs/erldocs_other.git"
$ cd "/home/pete/wefwefwef/docs/other/9176911567/erlang-simplicitydb-branch-master/erlang-simplicitydb"
$ 5000  `find 'erlang-simplicitydb-master' -mindepth 1 -maxdepth 1 -exec mv -t . -- {} +  2>&1`
$ cd "/home/pete/wefwefwef/docs/erldocs_other.git"
 :: Getting dependencies
$ cd "/home/pete/wefwefwef/docs/other/9176911567/erlang-simplicitydb-branch-master/erlang-simplicitydb"
$ 5000  `ls -1 deps/  2>&1`
$ cd "/home/pete/wefwefwef/docs/erldocs_other.git"
>>> [rebar] deps = []
 :: Generating erldocs into /home/pete/wefwefwef/docs/other/9176911567/repo/master
Building simplicitydb
Generating Type Specs - "/home/pete/wefwefwef/docs/other/9176911567/erlang-simplicitydb-branch-master/erlang-simplicitydb/apps/simplicitydb/src/simplicitydb.erl"
Generating Type Specs - "/home/pete/wefwefwef/docs/other/9176911567/erlang-simplicitydb-branch-master/erlang-simplicitydb/apps/simplicitydb/src/simplicitydb_app.erl"
Generating Type Specs - "/home/pete/wefwefwef/docs/other/9176911567/erlang-simplicitydb-branch-master/erlang-simplicitydb/apps/simplicitydb/src/simplicitydb_storage_srv.erl"
Generating Type Specs - "/home/pete/wefwefwef/docs/other/9176911567/erlang-simplicitydb-branch-master/erlang-simplicitydb/apps/simplicitydb/src/simplicitydb_sup.erl"
Generating Type Specs - "/home/pete/wefwefwef/docs/other/9176911567/erlang-simplicitydb-branch-master/erlang-simplicitydb/apps/simplicitydb/src/simplicitydb_utils.erl"
Generating XML for application simplicitydb "/home/pete/wefwefwef/docs/other/9176911567/erlang-simplicitydb-branch-master/erlang-simplicitydb/apps/simplicitydb" -> "/home/pete/wefwefwef/docs/other/9176911567/repo/master/.xml/simplicitydb"
Generated simplicitydb XMLs: ["/home/pete/wefwefwef/docs/other/9176911567/repo/master/.xml/simplicitydb/simplicitydb_storage_srv.xml",
                              "/home/pete/wefwefwef/docs/other/9176911567/repo/master/.xml/simplicitydb/simplicitydb_app.xml",
                              "/home/pete/wefwefwef/docs/other/9176911567/repo/master/.xml/simplicitydb/simplicitydb_sup.xml",
                              "/home/pete/wefwefwef/docs/other/9176911567/repo/master/.xml/simplicitydb/simplicitydb.xml",
                              "/home/pete/wefwefwef/docs/other/9176911567/repo/master/.xml/simplicitydb/simplicitydb_utils.xml"]
Generating HTML - simplicitydb_storage_srv "/home/pete/wefwefwef/docs/other/9176911567/repo/master/.xml/simplicitydb/simplicitydb_storage_srv.xml"
Generating HTML - simplicitydb_app "/home/pete/wefwefwef/docs/other/9176911567/repo/master/.xml/simplicitydb/simplicitydb_app.xml"
Generating HTML - simplicitydb_sup "/home/pete/wefwefwef/docs/other/9176911567/repo/master/.xml/simplicitydb/simplicitydb_sup.xml"
Generating HTML - simplicitydb_utils "/home/pete/wefwefwef/docs/other/9176911567/repo/master/.xml/simplicitydb/simplicitydb_utils.xml"
Reading XML for "/home/pete/wefwefwef/docs/other/9176911567/repo/master/.xml/simplicitydb/simplicitydb_storage_srv.xml"
Reading XML for "/home/pete/wefwefwef/docs/other/9176911567/repo/master/.xml/simplicitydb/simplicitydb_app.xml"
Reading XML for "/home/pete/wefwefwef/docs/other/9176911567/repo/master/.xml/simplicitydb/simplicitydb_sup.xml"
Reading XML for "/home/pete/wefwefwef/docs/other/9176911567/repo/master/.xml/simplicitydb/simplicitydb_utils.xml"
Reading XML for "/home/pete/wefwefwef/docs/other/9176911567/repo/master/.xml/specs_simplicitydb_storage_srv.xml"
Reading XML for "/home/pete/wefwefwef/docs/other/9176911567/repo/master/.xml/specs_simplicitydb_app.xml"
Reading XML for "/home/pete/wefwefwef/docs/other/9176911567/repo/master/.xml/specs_simplicitydb_sup.xml"
Reading XML for "/home/pete/wefwefwef/docs/other/9176911567/repo/master/.xml/specs_simplicitydb_utils.xml"
Generating HTML - simplicitydb "/home/pete/wefwefwef/docs/other/9176911567/repo/master/.xml/simplicitydb/simplicitydb.xml"
Reading XML for "/home/pete/wefwefwef/docs/other/9176911567/repo/master/.xml/simplicitydb/simplicitydb.xml"
Reading XML for "/home/pete/wefwefwef/docs/other/9176911567/repo/master/.xml/specs_simplicitydb.xml"
Building erlang-simplicitydb
Generating XML for application erlang-simplicitydb "/home/pete/wefwefwef/docs/other/9176911567/erlang-simplicitydb-branch-master/erlang-simplicitydb" -> "/home/pete/wefwefwef/docs/other/9176911567/repo/master/.xml/erlang-simplicitydb"
Generated erlang-simplicitydb XMLs: ["/home/pete/wefwefwef/docs/other/9176911567/repo/master/.xml/erlang-simplicitydb/simplicitydb_storage_srv.xml",
                                     "/home/pete/wefwefwef/docs/other/9176911567/repo/master/.xml/erlang-simplicitydb/simplicitydb_app.xml",
                                     "/home/pete/wefwefwef/docs/other/9176911567/repo/master/.xml/erlang-simplicitydb/simplicitydb_sup.xml",
                                     "/home/pete/wefwefwef/docs/other/9176911567/repo/master/.xml/erlang-simplicitydb/simplicitydb.xml",
                                     "/home/pete/wefwefwef/docs/other/9176911567/repo/master/.xml/erlang-simplicitydb/simplicitydb_utils.xml"]
Generating HTML - simplicitydb_storage_srv "/home/pete/wefwefwef/docs/other/9176911567/repo/master/.xml/erlang-simplicitydb/simplicitydb_storage_srv.xml"
Generating HTML - simplicitydb_app "/home/pete/wefwefwef/docs/other/9176911567/repo/master/.xml/erlang-simplicitydb/simplicitydb_app.xml"
Generating HTML - simplicitydb_sup "/home/pete/wefwefwef/docs/other/9176911567/repo/master/.xml/erlang-simplicitydb/simplicitydb_sup.xml"
Generating HTML - simplicitydb_utils "/home/pete/wefwefwef/docs/other/9176911567/repo/master/.xml/erlang-simplicitydb/simplicitydb_utils.xml"
Reading XML for "/home/pete/wefwefwef/docs/other/9176911567/repo/master/.xml/erlang-simplicitydb/simplicitydb_storage_srv.xml"
Reading XML for "/home/pete/wefwefwef/docs/other/9176911567/repo/master/.xml/erlang-simplicitydb/simplicitydb_app.xml"
Reading XML for "/home/pete/wefwefwef/docs/other/9176911567/repo/master/.xml/erlang-simplicitydb/simplicitydb_sup.xml"
Reading XML for "/home/pete/wefwefwef/docs/other/9176911567/repo/master/.xml/erlang-simplicitydb/simplicitydb_utils.xml"
Reading XML for "/home/pete/wefwefwef/docs/other/9176911567/repo/master/.xml/specs_simplicitydb_sup.xml"
Reading XML for "/home/pete/wefwefwef/docs/other/9176911567/repo/master/.xml/specs_simplicitydb_app.xml"
Reading XML for "/home/pete/wefwefwef/docs/other/9176911567/repo/master/.xml/specs_simplicitydb_storage_srv.xml"
Reading XML for "/home/pete/wefwefwef/docs/other/9176911567/repo/master/.xml/specs_simplicitydb_utils.xml"
Generating HTML - simplicitydb "/home/pete/wefwefwef/docs/other/9176911567/repo/master/.xml/erlang-simplicitydb/simplicitydb.xml"
Reading XML for "/home/pete/wefwefwef/docs/other/9176911567/repo/master/.xml/erlang-simplicitydb/simplicitydb.xml"
Reading XML for "/home/pete/wefwefwef/docs/other/9176911567/repo/master/.xml/specs_simplicitydb.xml"
Creating index.html ...
Creating erldocs_index.js ...
Woot, finished in 0 Minutes 0 Seconds
 :: Discovering other repos
$ 5000  `rm -r '/home/pete/wefwefwef/docs/other/9176911567/erlang-simplicitydb-branch-master'  2>&1`
 :: Erldocs finishing up
$ 5000  `rm -r '/home/pete/wefwefwef/docs/other/9176911567/erlang-simplicitydb'  2>&1`
