 :: Extracting meta information
$ infinity  `git ls-remote --heads --tags 'https://github.com/romankuznietsov/enet'  2>&1`
>>> [repo] 3 branches, 0 tags
 :: Writing meta to "/home/pete/wefwefwef/docs/other/f9bb24b4045d39c5bb197bde2f75154e5e90d970/meta.txt"
 :: Skipping branch "master"
 :: Skipping branch "simple_backend"
 :: Processing https://github.com/romankuznietsov/enet	{rev,branch,"genes","865aa4793cf95fac8532f33a48a4470856848265",undefined,[],[]}
 :: Fetching repo code
$ cd '/home/pete/wefwefwef/docs/other/f9bb24b4045d39c5bb197bde2f75154e5e90d970/enet-branch-genes'
$ infinity  `curl --fail --silent --show-error --location --output repo.tar.gz 'https://codeload.github.com/romankuznietsov/enet/legacy.tar.gz/genes'  2>&1`
$ cd '/home/pete/wefwefwef/docs/erldocs_other.git'
$ cd '/home/pete/wefwefwef/docs/other/f9bb24b4045d39c5bb197bde2f75154e5e90d970/enet-branch-genes/romankuznietsov-enet-865aa47'
$ 5000  `find -P . -type l -delete  2>&1`
$ cd '/home/pete/wefwefwef/docs/erldocs_other.git'
$ 5000  `mv '/home/pete/wefwefwef/docs/other/f9bb24b4045d39c5bb197bde2f75154e5e90d970/enet-branch-genes/romankuznietsov-enet-865aa47' '/home/pete/wefwefwef/docs/other/f9bb24b4045d39c5bb197bde2f75154e5e90d970/enet-branch-genes/enet'  2>&1`
 :: Getting dependencies
$ cd '/home/pete/wefwefwef/docs/other/f9bb24b4045d39c5bb197bde2f75154e5e90d970/enet-branch-genes/enet'
$ 5000  `ls -1 deps/  2>&1`
$ cd '/home/pete/wefwefwef/docs/erldocs_other.git'
>>> [rebar] deps = []
 :: Generating erldocs into /home/pete/wefwefwef/docs/other/f9bb24b4045d39c5bb197bde2f75154e5e90d970/repo/genes
Building enet
Generating Type Specs - "/home/pete/wefwefwef/docs/other/f9bb24b4045d39c5bb197bde2f75154e5e90d970/enet-branch-genes/enet/src/activation_fns.erl"
Generating Type Specs - "/home/pete/wefwefwef/docs/other/f9bb24b4045d39c5bb197bde2f75154e5e90d970/enet-branch-genes/enet/src/console.erl"
Generating Type Specs - "/home/pete/wefwefwef/docs/other/f9bb24b4045d39c5bb197bde2f75154e5e90d970/enet-branch-genes/enet/src/enet.erl"
Generating Type Specs - "/home/pete/wefwefwef/docs/other/f9bb24b4045d39c5bb197bde2f75154e5e90d970/enet-branch-genes/enet/src/genotype.erl"
Generating Type Specs - "/home/pete/wefwefwef/docs/other/f9bb24b4045d39c5bb197bde2f75154e5e90d970/enet-branch-genes/enet/src/network.erl"
Generating Type Specs - "/home/pete/wefwefwef/docs/other/f9bb24b4045d39c5bb197bde2f75154e5e90d970/enet-branch-genes/enet/src/neuron.erl"
Generating Type Specs - "/home/pete/wefwefwef/docs/other/f9bb24b4045d39c5bb197bde2f75154e5e90d970/enet-branch-genes/enet/src/phenotype.erl"
/home/pete/wefwefwef/docs/other/f9bb24b4045d39c5bb197bde2f75154e5e90d970/enet-branch-genes/enet/src/phenotype.erl: at line 41: syntax error before: '.'
EDoc could not process file '/home/pete/wefwefwef/docs/other/f9bb24b4045d39c5bb197bde2f75154e5e90d970/enet-branch-genes/enet/src/phenotype.erl'
Error generating type specs for "/home/pete/wefwefwef/docs/other/f9bb24b4045d39c5bb197bde2f75154e5e90d970/enet-branch-genes/enet/src/phenotype.erl"
Generating Type Specs - "/home/pete/wefwefwef/docs/other/f9bb24b4045d39c5bb197bde2f75154e5e90d970/enet-branch-genes/enet/src/weight.erl"
Generating XML for application enet "/home/pete/wefwefwef/docs/other/f9bb24b4045d39c5bb197bde2f75154e5e90d970/enet-branch-genes/enet" -> "/home/pete/wefwefwef/docs/other/f9bb24b4045d39c5bb197bde2f75154e5e90d970/repo/genes/.xml/enet"
/home/pete/wefwefwef/docs/other/f9bb24b4045d39c5bb197bde2f75154e5e90d970/enet-branch-genes/enet/src/phenotype.erl: at line 41: syntax error before: '.'
edoc: skipping source file '/home/pete/wefwefwef/docs/other/f9bb24b4045d39c5bb197bde2f75154e5e90d970/enet-branch-genes/enet/src/phenotype.erl': {'EXIT',
                                                                                                                                           error}.
edoc: error in doclet 'edoc_doclet': {'EXIT',error}.
Error generating enet XMLs. Using fallback ...
Generating XML enet - activation_fns "/home/pete/wefwefwef/docs/other/f9bb24b4045d39c5bb197bde2f75154e5e90d970/enet-branch-genes/enet/src/activation_fns.erl" -> "/home/pete/wefwefwef/docs/other/f9bb24b4045d39c5bb197bde2f75154e5e90d970/repo/genes/.xml/enet/activation_fns.xml"
Generating XML enet - console "/home/pete/wefwefwef/docs/other/f9bb24b4045d39c5bb197bde2f75154e5e90d970/enet-branch-genes/enet/src/console.erl" -> "/home/pete/wefwefwef/docs/other/f9bb24b4045d39c5bb197bde2f75154e5e90d970/repo/genes/.xml/enet/console.xml"
Generating XML enet - enet "/home/pete/wefwefwef/docs/other/f9bb24b4045d39c5bb197bde2f75154e5e90d970/enet-branch-genes/enet/src/enet.erl" -> "/home/pete/wefwefwef/docs/other/f9bb24b4045d39c5bb197bde2f75154e5e90d970/repo/genes/.xml/enet/enet.xml"
Generating XML enet - genotype "/home/pete/wefwefwef/docs/other/f9bb24b4045d39c5bb197bde2f75154e5e90d970/enet-branch-genes/enet/src/genotype.erl" -> "/home/pete/wefwefwef/docs/other/f9bb24b4045d39c5bb197bde2f75154e5e90d970/repo/genes/.xml/enet/genotype.xml"
Generating XML enet - network "/home/pete/wefwefwef/docs/other/f9bb24b4045d39c5bb197bde2f75154e5e90d970/enet-branch-genes/enet/src/network.erl" -> "/home/pete/wefwefwef/docs/other/f9bb24b4045d39c5bb197bde2f75154e5e90d970/repo/genes/.xml/enet/network.xml"
Generating XML enet - neuron "/home/pete/wefwefwef/docs/other/f9bb24b4045d39c5bb197bde2f75154e5e90d970/enet-branch-genes/enet/src/neuron.erl" -> "/home/pete/wefwefwef/docs/other/f9bb24b4045d39c5bb197bde2f75154e5e90d970/repo/genes/.xml/enet/neuron.xml"
Generating XML enet - phenotype "/home/pete/wefwefwef/docs/other/f9bb24b4045d39c5bb197bde2f75154e5e90d970/enet-branch-genes/enet/src/phenotype.erl" -> "/home/pete/wefwefwef/docs/other/f9bb24b4045d39c5bb197bde2f75154e5e90d970/repo/genes/.xml/enet/phenotype.xml"
/home/pete/wefwefwef/docs/other/f9bb24b4045d39c5bb197bde2f75154e5e90d970/enet-branch-genes/enet/src/phenotype.erl: at line 41: syntax error before: '.'
Error generating XML ("/home/pete/wefwefwef/docs/other/f9bb24b4045d39c5bb197bde2f75154e5e90d970/enet-branch-genes/enet/src/phenotype.erl"): {'EXIT',
                                                                                                                                             error}
Generating XML enet - weight "/home/pete/wefwefwef/docs/other/f9bb24b4045d39c5bb197bde2f75154e5e90d970/enet-branch-genes/enet/src/weight.erl" -> "/home/pete/wefwefwef/docs/other/f9bb24b4045d39c5bb197bde2f75154e5e90d970/repo/genes/.xml/enet/weight.xml"
Generating HTML - weight "/home/pete/wefwefwef/docs/other/f9bb24b4045d39c5bb197bde2f75154e5e90d970/repo/genes/.xml/enet/weight.xml"
Generating HTML - neuron "/home/pete/wefwefwef/docs/other/f9bb24b4045d39c5bb197bde2f75154e5e90d970/repo/genes/.xml/enet/neuron.xml"
Generating HTML - network "/home/pete/wefwefwef/docs/other/f9bb24b4045d39c5bb197bde2f75154e5e90d970/repo/genes/.xml/enet/network.xml"
Generating HTML - activation_fns "/home/pete/wefwefwef/docs/other/f9bb24b4045d39c5bb197bde2f75154e5e90d970/repo/genes/.xml/enet/activation_fns.xml"
Reading XML for "/home/pete/wefwefwef/docs/other/f9bb24b4045d39c5bb197bde2f75154e5e90d970/repo/genes/.xml/enet/weight.xml"
Reading XML for "/home/pete/wefwefwef/docs/other/f9bb24b4045d39c5bb197bde2f75154e5e90d970/repo/genes/.xml/enet/neuron.xml"
Reading XML for "/home/pete/wefwefwef/docs/other/f9bb24b4045d39c5bb197bde2f75154e5e90d970/repo/genes/.xml/enet/network.xml"
Reading XML for "/home/pete/wefwefwef/docs/other/f9bb24b4045d39c5bb197bde2f75154e5e90d970/repo/genes/.xml/enet/activation_fns.xml"
Reading XML for "/home/pete/wefwefwef/docs/other/f9bb24b4045d39c5bb197bde2f75154e5e90d970/repo/genes/.xml/specs_neuron.xml"
Reading XML for "/home/pete/wefwefwef/docs/other/f9bb24b4045d39c5bb197bde2f75154e5e90d970/repo/genes/.xml/specs_network.xml"
Reading XML for "/home/pete/wefwefwef/docs/other/f9bb24b4045d39c5bb197bde2f75154e5e90d970/repo/genes/.xml/specs_activation_fns.xml"
Reading XML for "/home/pete/wefwefwef/docs/other/f9bb24b4045d39c5bb197bde2f75154e5e90d970/repo/genes/.xml/specs_weight.xml"
Generating HTML - console "/home/pete/wefwefwef/docs/other/f9bb24b4045d39c5bb197bde2f75154e5e90d970/repo/genes/.xml/enet/console.xml"
Reading XML for "/home/pete/wefwefwef/docs/other/f9bb24b4045d39c5bb197bde2f75154e5e90d970/repo/genes/.xml/enet/console.xml"
Reading XML for "/home/pete/wefwefwef/docs/other/f9bb24b4045d39c5bb197bde2f75154e5e90d970/repo/genes/.xml/specs_console.xml"
Generating HTML - enet "/home/pete/wefwefwef/docs/other/f9bb24b4045d39c5bb197bde2f75154e5e90d970/repo/genes/.xml/enet/enet.xml"
Reading XML for "/home/pete/wefwefwef/docs/other/f9bb24b4045d39c5bb197bde2f75154e5e90d970/repo/genes/.xml/enet/enet.xml"
Reading XML for "/home/pete/wefwefwef/docs/other/f9bb24b4045d39c5bb197bde2f75154e5e90d970/repo/genes/.xml/specs_enet.xml"
Generating HTML - genotype "/home/pete/wefwefwef/docs/other/f9bb24b4045d39c5bb197bde2f75154e5e90d970/repo/genes/.xml/enet/genotype.xml"
Reading XML for "/home/pete/wefwefwef/docs/other/f9bb24b4045d39c5bb197bde2f75154e5e90d970/repo/genes/.xml/enet/genotype.xml"
Reading XML for "/home/pete/wefwefwef/docs/other/f9bb24b4045d39c5bb197bde2f75154e5e90d970/repo/genes/.xml/specs_genotype.xml"
Creating index.html ...
Creating erldocs_index.js ...
Woot, finished in 0 Minutes 0 Seconds
 :: Discovering other repos
$ 5000  `rm -r '/home/pete/wefwefwef/docs/other/f9bb24b4045d39c5bb197bde2f75154e5e90d970/enet-branch-genes'  2>&1`
 :: Finishing up
$ 5000  `rm -r '/home/pete/wefwefwef/docs/other/f9bb24b4045d39c5bb197bde2f75154e5e90d970/enet'  2>&1`
