 :: Extracting meta information
$ infinity  `git ls-remote --heads --tags 'https://github.com/romankuznietsov/enet'  2>&1`
>>> [repo] 2 branches, 0 tags
 :: Writing meta to "/home/pete/wefwefwef/docs/other/2f39075c2947c14ebe07edcd07254202/meta.txt"
 :: Skipping branch "simple_backend"
 :: Processing https://github.com/romankuznietsov/enet	{rev,branch,"master","e0f5355346e52c6279c17f3e3b23952ccd67cb24",undefined,[],[]}
 :: Fetching repo code
$ cd '/home/pete/wefwefwef/docs/other/2f39075c2947c14ebe07edcd07254202/enet-branch-master'
$ infinity  `curl --fail --silent --show-error --location --output repo.tar.gz 'https://codeload.github.com/romankuznietsov/enet/legacy.tar.gz/master'  2>&1`
$ cd '/home/pete/wefwefwef/docs/erldocs_other.git'
$ cd '/home/pete/wefwefwef/docs/other/2f39075c2947c14ebe07edcd07254202/enet-branch-master/romankuznietsov-enet-e0f5355'
$ 5000  `find -P . -type l -delete  2>&1`
$ cd '/home/pete/wefwefwef/docs/erldocs_other.git'
$ 5000  `mv '/home/pete/wefwefwef/docs/other/2f39075c2947c14ebe07edcd07254202/enet-branch-master/romankuznietsov-enet-e0f5355' '/home/pete/wefwefwef/docs/other/2f39075c2947c14ebe07edcd07254202/enet-branch-master/enet'  2>&1`
 :: Getting dependencies
$ cd '/home/pete/wefwefwef/docs/other/2f39075c2947c14ebe07edcd07254202/enet-branch-master/enet'
$ 5000  `ls -1 deps/  2>&1`
$ cd '/home/pete/wefwefwef/docs/erldocs_other.git'
>>> [rebar] deps = []
 :: Generating erldocs into /home/pete/wefwefwef/docs/other/2f39075c2947c14ebe07edcd07254202/repo/master
Building enet
Generating Type Specs - "/home/pete/wefwefwef/docs/other/2f39075c2947c14ebe07edcd07254202/enet-branch-master/enet/src/activation_fns.erl"
Generating Type Specs - "/home/pete/wefwefwef/docs/other/2f39075c2947c14ebe07edcd07254202/enet-branch-master/enet/src/cloner.erl"
Generating Type Specs - "/home/pete/wefwefwef/docs/other/2f39075c2947c14ebe07edcd07254202/enet-branch-master/enet/src/console.erl"
Generating Type Specs - "/home/pete/wefwefwef/docs/other/2f39075c2947c14ebe07edcd07254202/enet-branch-master/enet/src/enet.erl"
Generating Type Specs - "/home/pete/wefwefwef/docs/other/2f39075c2947c14ebe07edcd07254202/enet-branch-master/enet/src/evolution.erl"
Generating Type Specs - "/home/pete/wefwefwef/docs/other/2f39075c2947c14ebe07edcd07254202/enet-branch-master/enet/src/mutation.erl"
Generating Type Specs - "/home/pete/wefwefwef/docs/other/2f39075c2947c14ebe07edcd07254202/enet-branch-master/enet/src/network.erl"
Generating Type Specs - "/home/pete/wefwefwef/docs/other/2f39075c2947c14ebe07edcd07254202/enet-branch-master/enet/src/neuron.erl"
Generating Type Specs - "/home/pete/wefwefwef/docs/other/2f39075c2947c14ebe07edcd07254202/enet-branch-master/enet/src/topology.erl"
Generating Type Specs - "/home/pete/wefwefwef/docs/other/2f39075c2947c14ebe07edcd07254202/enet-branch-master/enet/src/utils.erl"
Generating Type Specs - "/home/pete/wefwefwef/docs/other/2f39075c2947c14ebe07edcd07254202/enet-branch-master/enet/src/weight.erl"
Generating XML for application enet "/home/pete/wefwefwef/docs/other/2f39075c2947c14ebe07edcd07254202/enet-branch-master/enet" -> "/home/pete/wefwefwef/docs/other/2f39075c2947c14ebe07edcd07254202/repo/master/.xml/enet"
Generated enet XMLs: ["/home/pete/wefwefwef/docs/other/2f39075c2947c14ebe07edcd07254202/repo/master/.xml/enet/activation_fns.xml",
                      "/home/pete/wefwefwef/docs/other/2f39075c2947c14ebe07edcd07254202/repo/master/.xml/enet/enet.xml",
                      "/home/pete/wefwefwef/docs/other/2f39075c2947c14ebe07edcd07254202/repo/master/.xml/enet/network.xml",
                      "/home/pete/wefwefwef/docs/other/2f39075c2947c14ebe07edcd07254202/repo/master/.xml/enet/balance_scape.xml",
                      "/home/pete/wefwefwef/docs/other/2f39075c2947c14ebe07edcd07254202/repo/master/.xml/enet/weight.xml",
                      "/home/pete/wefwefwef/docs/other/2f39075c2947c14ebe07edcd07254202/repo/master/.xml/enet/neuron.xml",
                      "/home/pete/wefwefwef/docs/other/2f39075c2947c14ebe07edcd07254202/repo/master/.xml/enet/cloner.xml",
                      "/home/pete/wefwefwef/docs/other/2f39075c2947c14ebe07edcd07254202/repo/master/.xml/enet/topology.xml",
                      "/home/pete/wefwefwef/docs/other/2f39075c2947c14ebe07edcd07254202/repo/master/.xml/enet/utils.xml",
                      "/home/pete/wefwefwef/docs/other/2f39075c2947c14ebe07edcd07254202/repo/master/.xml/enet/evolution.xml",
                      "/home/pete/wefwefwef/docs/other/2f39075c2947c14ebe07edcd07254202/repo/master/.xml/enet/mutation.xml",
                      "/home/pete/wefwefwef/docs/other/2f39075c2947c14ebe07edcd07254202/repo/master/.xml/enet/console.xml"]
Generating HTML - network "/home/pete/wefwefwef/docs/other/2f39075c2947c14ebe07edcd07254202/repo/master/.xml/enet/network.xml"
Generating HTML - neuron "/home/pete/wefwefwef/docs/other/2f39075c2947c14ebe07edcd07254202/repo/master/.xml/enet/neuron.xml"
Generating HTML - utils "/home/pete/wefwefwef/docs/other/2f39075c2947c14ebe07edcd07254202/repo/master/.xml/enet/utils.xml"
Generating HTML - console "/home/pete/wefwefwef/docs/other/2f39075c2947c14ebe07edcd07254202/repo/master/.xml/enet/console.xml"
Reading XML for "/home/pete/wefwefwef/docs/other/2f39075c2947c14ebe07edcd07254202/repo/master/.xml/enet/network.xml"
Reading XML for "/home/pete/wefwefwef/docs/other/2f39075c2947c14ebe07edcd07254202/repo/master/.xml/enet/neuron.xml"
Reading XML for "/home/pete/wefwefwef/docs/other/2f39075c2947c14ebe07edcd07254202/repo/master/.xml/enet/utils.xml"
Reading XML for "/home/pete/wefwefwef/docs/other/2f39075c2947c14ebe07edcd07254202/repo/master/.xml/enet/console.xml"
Reading XML for "/home/pete/wefwefwef/docs/other/2f39075c2947c14ebe07edcd07254202/repo/master/.xml/specs_utils.xml"
Reading XML for "/home/pete/wefwefwef/docs/other/2f39075c2947c14ebe07edcd07254202/repo/master/.xml/specs_network.xml"
Reading XML for "/home/pete/wefwefwef/docs/other/2f39075c2947c14ebe07edcd07254202/repo/master/.xml/specs_console.xml"
Generating HTML - topology "/home/pete/wefwefwef/docs/other/2f39075c2947c14ebe07edcd07254202/repo/master/.xml/enet/topology.xml"
Reading XML for "/home/pete/wefwefwef/docs/other/2f39075c2947c14ebe07edcd07254202/repo/master/.xml/enet/topology.xml"
Reading XML for "/home/pete/wefwefwef/docs/other/2f39075c2947c14ebe07edcd07254202/repo/master/.xml/specs_neuron.xml"
Generating HTML - mutation "/home/pete/wefwefwef/docs/other/2f39075c2947c14ebe07edcd07254202/repo/master/.xml/enet/mutation.xml"
Reading XML for "/home/pete/wefwefwef/docs/other/2f39075c2947c14ebe07edcd07254202/repo/master/.xml/enet/mutation.xml"
Generating HTML - enet "/home/pete/wefwefwef/docs/other/2f39075c2947c14ebe07edcd07254202/repo/master/.xml/enet/enet.xml"
Reading XML for "/home/pete/wefwefwef/docs/other/2f39075c2947c14ebe07edcd07254202/repo/master/.xml/enet/enet.xml"
Generating HTML - weight "/home/pete/wefwefwef/docs/other/2f39075c2947c14ebe07edcd07254202/repo/master/.xml/enet/weight.xml"
Reading XML for "/home/pete/wefwefwef/docs/other/2f39075c2947c14ebe07edcd07254202/repo/master/.xml/enet/weight.xml"
Reading XML for "/home/pete/wefwefwef/docs/other/2f39075c2947c14ebe07edcd07254202/repo/master/.xml/specs_topology.xml"
Generating HTML - cloner "/home/pete/wefwefwef/docs/other/2f39075c2947c14ebe07edcd07254202/repo/master/.xml/enet/cloner.xml"
Reading XML for "/home/pete/wefwefwef/docs/other/2f39075c2947c14ebe07edcd07254202/repo/master/.xml/specs_mutation.xml"
Reading XML for "/home/pete/wefwefwef/docs/other/2f39075c2947c14ebe07edcd07254202/repo/master/.xml/enet/cloner.xml"
Reading XML for "/home/pete/wefwefwef/docs/other/2f39075c2947c14ebe07edcd07254202/repo/master/.xml/specs_enet.xml"
Reading XML for "/home/pete/wefwefwef/docs/other/2f39075c2947c14ebe07edcd07254202/repo/master/.xml/specs_weight.xml"
Generating HTML - evolution "/home/pete/wefwefwef/docs/other/2f39075c2947c14ebe07edcd07254202/repo/master/.xml/enet/evolution.xml"
Reading XML for "/home/pete/wefwefwef/docs/other/2f39075c2947c14ebe07edcd07254202/repo/master/.xml/enet/evolution.xml"
Generating HTML - activation_fns "/home/pete/wefwefwef/docs/other/2f39075c2947c14ebe07edcd07254202/repo/master/.xml/enet/activation_fns.xml"
Reading XML for "/home/pete/wefwefwef/docs/other/2f39075c2947c14ebe07edcd07254202/repo/master/.xml/enet/activation_fns.xml"
Generating HTML - balance_scape "/home/pete/wefwefwef/docs/other/2f39075c2947c14ebe07edcd07254202/repo/master/.xml/enet/balance_scape.xml"
Reading XML for "/home/pete/wefwefwef/docs/other/2f39075c2947c14ebe07edcd07254202/repo/master/.xml/enet/balance_scape.xml"
Reading XML for "/home/pete/wefwefwef/docs/other/2f39075c2947c14ebe07edcd07254202/repo/master/.xml/specs_cloner.xml"
Reading XML for "/home/pete/wefwefwef/docs/other/2f39075c2947c14ebe07edcd07254202/repo/master/.xml/specs_evolution.xml"
Reading XML for "/home/pete/wefwefwef/docs/other/2f39075c2947c14ebe07edcd07254202/repo/master/.xml/specs_activation_fns.xml"
Creating index.html ...
Creating erldocs_index.js ...
Woot, finished in 0 Minutes 0 Seconds
 :: Discovering other repos
$ 5000  `rm -r '/home/pete/wefwefwef/docs/other/2f39075c2947c14ebe07edcd07254202/enet-branch-master'  2>&1`
 :: Finishing up
$ 5000  `rm -r '/home/pete/wefwefwef/docs/other/2f39075c2947c14ebe07edcd07254202/enet'  2>&1`
