 :: Extracting meta information
$ infinity  `git ls-remote --heads --tags 'https://github.com/romankuznietsov/enet'  2>&1`
>>> [repo] 3 branches, 0 tags
 :: Writing meta to "/home/pete/wefwefwef/docs/other/f9bb24b4045d39c5bb197bde2f75154e5e90d970/meta.txt"
 :: Skipping branch "master"
 :: Skipping branch "simple_backend"
 :: Processing https://github.com/romankuznietsov/enet	{rev,branch,"genes","ef225a01d717019604b7c161c448bbbd63c38837",undefined,[],[]}
 :: Fetching repo code
$ cd '/home/pete/wefwefwef/docs/other/f9bb24b4045d39c5bb197bde2f75154e5e90d970/enet-branch-genes'
$ infinity  `curl --fail --silent --show-error --location --output repo.tar.gz 'https://codeload.github.com/romankuznietsov/enet/legacy.tar.gz/genes'  2>&1`
$ cd '/home/pete/wefwefwef/docs/erldocs_other.git'
$ cd '/home/pete/wefwefwef/docs/other/f9bb24b4045d39c5bb197bde2f75154e5e90d970/enet-branch-genes/romankuznietsov-enet-ef225a0'
$ 5000  `find -P . -type l -delete  2>&1`
$ cd '/home/pete/wefwefwef/docs/erldocs_other.git'
$ 5000  `mv '/home/pete/wefwefwef/docs/other/f9bb24b4045d39c5bb197bde2f75154e5e90d970/enet-branch-genes/romankuznietsov-enet-ef225a0' '/home/pete/wefwefwef/docs/other/f9bb24b4045d39c5bb197bde2f75154e5e90d970/enet-branch-genes/enet'  2>&1`
 :: Getting dependencies
$ cd '/home/pete/wefwefwef/docs/other/f9bb24b4045d39c5bb197bde2f75154e5e90d970/enet-branch-genes/enet'
$ 5000  `ls -1 deps/  2>&1`
$ cd '/home/pete/wefwefwef/docs/erldocs_other.git'
>>> [rebar] deps = []
 :: Generating erldocs into /home/pete/wefwefwef/docs/other/f9bb24b4045d39c5bb197bde2f75154e5e90d970/repo/genes
Building enet
Generating Type Specs - "/home/pete/wefwefwef/docs/other/f9bb24b4045d39c5bb197bde2f75154e5e90d970/enet-branch-genes/enet/src/activation_fns.erl"
Generating Type Specs - "/home/pete/wefwefwef/docs/other/f9bb24b4045d39c5bb197bde2f75154e5e90d970/enet-branch-genes/enet/src/console.erl"
Generating Type Specs - "/home/pete/wefwefwef/docs/other/f9bb24b4045d39c5bb197bde2f75154e5e90d970/enet-branch-genes/enet/src/enet.erl"
Generating Type Specs - "/home/pete/wefwefwef/docs/other/f9bb24b4045d39c5bb197bde2f75154e5e90d970/enet-branch-genes/enet/src/genotype.erl"
Generating Type Specs - "/home/pete/wefwefwef/docs/other/f9bb24b4045d39c5bb197bde2f75154e5e90d970/enet-branch-genes/enet/src/network.erl"
Generating Type Specs - "/home/pete/wefwefwef/docs/other/f9bb24b4045d39c5bb197bde2f75154e5e90d970/enet-branch-genes/enet/src/neuron.erl"
Generating Type Specs - "/home/pete/wefwefwef/docs/other/f9bb24b4045d39c5bb197bde2f75154e5e90d970/enet-branch-genes/enet/src/phenotype.erl"
Generating Type Specs - "/home/pete/wefwefwef/docs/other/f9bb24b4045d39c5bb197bde2f75154e5e90d970/enet-branch-genes/enet/src/weight.erl"
Generating XML for application enet "/home/pete/wefwefwef/docs/other/f9bb24b4045d39c5bb197bde2f75154e5e90d970/enet-branch-genes/enet" -> "/home/pete/wefwefwef/docs/other/f9bb24b4045d39c5bb197bde2f75154e5e90d970/repo/genes/.xml/enet"
Generated enet XMLs: ["/home/pete/wefwefwef/docs/other/f9bb24b4045d39c5bb197bde2f75154e5e90d970/repo/genes/.xml/enet/activation_fns.xml",
                      "/home/pete/wefwefwef/docs/other/f9bb24b4045d39c5bb197bde2f75154e5e90d970/repo/genes/.xml/enet/enet.xml",
                      "/home/pete/wefwefwef/docs/other/f9bb24b4045d39c5bb197bde2f75154e5e90d970/repo/genes/.xml/enet/network.xml",
                      "/home/pete/wefwefwef/docs/other/f9bb24b4045d39c5bb197bde2f75154e5e90d970/repo/genes/.xml/enet/phenotype.xml",
                      "/home/pete/wefwefwef/docs/other/f9bb24b4045d39c5bb197bde2f75154e5e90d970/repo/genes/.xml/enet/balance_scape.xml",
                      "/home/pete/wefwefwef/docs/other/f9bb24b4045d39c5bb197bde2f75154e5e90d970/repo/genes/.xml/enet/weight.xml",
                      "/home/pete/wefwefwef/docs/other/f9bb24b4045d39c5bb197bde2f75154e5e90d970/repo/genes/.xml/enet/neuron.xml",
                      "/home/pete/wefwefwef/docs/other/f9bb24b4045d39c5bb197bde2f75154e5e90d970/repo/genes/.xml/enet/genotype.xml",
                      "/home/pete/wefwefwef/docs/other/f9bb24b4045d39c5bb197bde2f75154e5e90d970/repo/genes/.xml/enet/console.xml"]
Generating HTML - enet "/home/pete/wefwefwef/docs/other/f9bb24b4045d39c5bb197bde2f75154e5e90d970/repo/genes/.xml/enet/enet.xml"
Generating HTML - phenotype "/home/pete/wefwefwef/docs/other/f9bb24b4045d39c5bb197bde2f75154e5e90d970/repo/genes/.xml/enet/phenotype.xml"
Generating HTML - weight "/home/pete/wefwefwef/docs/other/f9bb24b4045d39c5bb197bde2f75154e5e90d970/repo/genes/.xml/enet/weight.xml"
Generating HTML - console "/home/pete/wefwefwef/docs/other/f9bb24b4045d39c5bb197bde2f75154e5e90d970/repo/genes/.xml/enet/console.xml"
Reading XML for "/home/pete/wefwefwef/docs/other/f9bb24b4045d39c5bb197bde2f75154e5e90d970/repo/genes/.xml/enet/enet.xml"
Reading XML for "/home/pete/wefwefwef/docs/other/f9bb24b4045d39c5bb197bde2f75154e5e90d970/repo/genes/.xml/enet/phenotype.xml"
Reading XML for "/home/pete/wefwefwef/docs/other/f9bb24b4045d39c5bb197bde2f75154e5e90d970/repo/genes/.xml/enet/weight.xml"
Reading XML for "/home/pete/wefwefwef/docs/other/f9bb24b4045d39c5bb197bde2f75154e5e90d970/repo/genes/.xml/enet/console.xml"
Reading XML for "/home/pete/wefwefwef/docs/other/f9bb24b4045d39c5bb197bde2f75154e5e90d970/repo/genes/.xml/specs_enet.xml"
Generating HTML - activation_fns "/home/pete/wefwefwef/docs/other/f9bb24b4045d39c5bb197bde2f75154e5e90d970/repo/genes/.xml/enet/activation_fns.xml"
Reading XML for "/home/pete/wefwefwef/docs/other/f9bb24b4045d39c5bb197bde2f75154e5e90d970/repo/genes/.xml/enet/activation_fns.xml"
Reading XML for "/home/pete/wefwefwef/docs/other/f9bb24b4045d39c5bb197bde2f75154e5e90d970/repo/genes/.xml/specs_weight.xml"
Reading XML for "/home/pete/wefwefwef/docs/other/f9bb24b4045d39c5bb197bde2f75154e5e90d970/repo/genes/.xml/specs_console.xml"
Reading XML for "/home/pete/wefwefwef/docs/other/f9bb24b4045d39c5bb197bde2f75154e5e90d970/repo/genes/.xml/specs_phenotype.xml"
Generating HTML - balance_scape "/home/pete/wefwefwef/docs/other/f9bb24b4045d39c5bb197bde2f75154e5e90d970/repo/genes/.xml/enet/balance_scape.xml"
Reading XML for "/home/pete/wefwefwef/docs/other/f9bb24b4045d39c5bb197bde2f75154e5e90d970/repo/genes/.xml/enet/balance_scape.xml"
Generating HTML - genotype "/home/pete/wefwefwef/docs/other/f9bb24b4045d39c5bb197bde2f75154e5e90d970/repo/genes/.xml/enet/genotype.xml"
Reading XML for "/home/pete/wefwefwef/docs/other/f9bb24b4045d39c5bb197bde2f75154e5e90d970/repo/genes/.xml/enet/genotype.xml"
Generating HTML - network "/home/pete/wefwefwef/docs/other/f9bb24b4045d39c5bb197bde2f75154e5e90d970/repo/genes/.xml/enet/network.xml"
Reading XML for "/home/pete/wefwefwef/docs/other/f9bb24b4045d39c5bb197bde2f75154e5e90d970/repo/genes/.xml/enet/network.xml"
Reading XML for "/home/pete/wefwefwef/docs/other/f9bb24b4045d39c5bb197bde2f75154e5e90d970/repo/genes/.xml/specs_activation_fns.xml"
Reading XML for "/home/pete/wefwefwef/docs/other/f9bb24b4045d39c5bb197bde2f75154e5e90d970/repo/genes/.xml/specs_genotype.xml"
Reading XML for "/home/pete/wefwefwef/docs/other/f9bb24b4045d39c5bb197bde2f75154e5e90d970/repo/genes/.xml/specs_network.xml"
Generating HTML - neuron "/home/pete/wefwefwef/docs/other/f9bb24b4045d39c5bb197bde2f75154e5e90d970/repo/genes/.xml/enet/neuron.xml"
Reading XML for "/home/pete/wefwefwef/docs/other/f9bb24b4045d39c5bb197bde2f75154e5e90d970/repo/genes/.xml/enet/neuron.xml"
Reading XML for "/home/pete/wefwefwef/docs/other/f9bb24b4045d39c5bb197bde2f75154e5e90d970/repo/genes/.xml/specs_neuron.xml"
Creating index.html ...
Creating erldocs_index.js ...
Woot, finished in 0 Minutes 0 Seconds
 :: Discovering other repos
$ 5000  `rm -r '/home/pete/wefwefwef/docs/other/f9bb24b4045d39c5bb197bde2f75154e5e90d970/enet-branch-genes'  2>&1`
 :: Finishing up
$ 5000  `rm -r '/home/pete/wefwefwef/docs/other/f9bb24b4045d39c5bb197bde2f75154e5e90d970/enet'  2>&1`
