 :: Extracting meta information
$ 5000  `git ls-remote --heads --tags 'https://github.com/enouk/ssp'  2>&1`
>>> [repo] 1 branches, 0 tags
 :: Writing meta to "/home/pete/wefwefwef/docs/other/9840140807/meta.txt"
 :: Processing https://github.com/enouk/ssp	{rev,branch,"master","01a357f03443755cb3a8e1ebaafa6cb65caa8414",undefined,[],[]}
 :: Fetching repo code
$ cd "/home/pete/wefwefwef/docs/other/9840140807/ssp-branch-master/ssp"
$ infinity  `curl --fail --silent --show-error --location --output 'master.zip' 'https://github.com/enouk/ssp/archive/master.zip'  2>&1`
$ cd "/home/pete/wefwefwef/docs/erldocs_other.git"
$ cd "/home/pete/wefwefwef/docs/other/9840140807/ssp-branch-master/ssp"
$ 5000  `find -P . -type l -delete  2>&1`
$ cd "/home/pete/wefwefwef/docs/erldocs_other.git"
$ cd "/home/pete/wefwefwef/docs/other/9840140807/ssp-branch-master/ssp"
$ 5000  `find 'ssp-master' -mindepth 1 -maxdepth 1 -exec mv -t . -- {} +  2>&1`
$ cd "/home/pete/wefwefwef/docs/erldocs_other.git"
 :: Getting dependencies
$ cd "/home/pete/wefwefwef/docs/other/9840140807/ssp-branch-master/ssp"
$ 5000  `ls -1 deps/  2>&1`
$ cd "/home/pete/wefwefwef/docs/erldocs_other.git"
>>> [rebar] deps = []
 :: Generating erldocs into /home/pete/wefwefwef/docs/other/9840140807/repo/master
Building ssp
Generating Type Specs - "/home/pete/wefwefwef/docs/other/9840140807/ssp-branch-master/ssp/src/ssp_app.erl"
Generating Type Specs - "/home/pete/wefwefwef/docs/other/9840140807/ssp-branch-master/ssp/src/ssp_application.erl"
Generating Type Specs - "/home/pete/wefwefwef/docs/other/9840140807/ssp-branch-master/ssp/src/ssp_sup.erl"
Generating XML for application ssp "/home/pete/wefwefwef/docs/other/9840140807/ssp-branch-master/ssp" -> "/home/pete/wefwefwef/docs/other/9840140807/repo/master/.xml/ssp"
Generated ssp XMLs: ["/home/pete/wefwefwef/docs/other/9840140807/repo/master/.xml/ssp/ssp_app.xml",
                     "/home/pete/wefwefwef/docs/other/9840140807/repo/master/.xml/ssp/ssp_sup.xml",
                     "/home/pete/wefwefwef/docs/other/9840140807/repo/master/.xml/ssp/ssp_application.xml"]
Generating HTML - ssp_application "/home/pete/wefwefwef/docs/other/9840140807/repo/master/.xml/ssp/ssp_application.xml"
Reading XML for "/home/pete/wefwefwef/docs/other/9840140807/repo/master/.xml/ssp/ssp_application.xml"
Reading XML for "/home/pete/wefwefwef/docs/other/9840140807/repo/master/.xml/specs_ssp_application.xml"
Generating HTML - ssp_sup "/home/pete/wefwefwef/docs/other/9840140807/repo/master/.xml/ssp/ssp_sup.xml"
Reading XML for "/home/pete/wefwefwef/docs/other/9840140807/repo/master/.xml/ssp/ssp_sup.xml"
Reading XML for "/home/pete/wefwefwef/docs/other/9840140807/repo/master/.xml/specs_ssp_sup.xml"
Generating HTML - ssp_app "/home/pete/wefwefwef/docs/other/9840140807/repo/master/.xml/ssp/ssp_app.xml"
Reading XML for "/home/pete/wefwefwef/docs/other/9840140807/repo/master/.xml/ssp/ssp_app.xml"
Reading XML for "/home/pete/wefwefwef/docs/other/9840140807/repo/master/.xml/specs_ssp_app.xml"
Creating index.html ...
Creating erldocs_index.js ...
Woot, finished in 0 Minutes 0 Seconds
 :: Discovering other repos
$ 5000  `rm -r '/home/pete/wefwefwef/docs/other/9840140807/ssp-branch-master'  2>&1`
 :: Finishing up
$ 5000  `rm -r '/home/pete/wefwefwef/docs/other/9840140807/ssp'  2>&1`
