 :: Extracting meta information
$ infinity  `git ls-remote --heads --tags 'https://github.com/zotonic/z_stdlib'  2>&1`
>>> [repo] 1 branches, 0 tags
WTF {ok,{{"HTTP/1.1",200,"OK"},
         [{"cache-control","max-age=300"},
          {"connection","keep-alive"},
          {"date","Sun, 11 Oct 2015 07:22:43 GMT"},
          {"via","1.1 varnish"},
          {"accept-ranges","bytes"},
          {"etag","\"9710ce31054ef627a14a6939e68041ed5759f867\""},
          {"vary","Authorization,Accept-Encoding"},
          {"content-length","426"},
          {"content-type","text/plain; charset=utf-8"},
          {"expires","Sun, 11 Oct 2015 07:27:43 GMT"},
          {"content-security-policy","default-src 'none'"},
          {"x-xss-protection","1; mode=block"},
          {"x-frame-options","deny"},
          {"x-content-type-options","nosniff"},
          {"strict-transport-security","max-age=31536000"},
          {"x-served-by","cache-ams4124-AMS"},
          {"x-cache","MISS"},
          {"x-cache-hits","0"},
          {"access-control-allow-origin","*"},
          {"source-age","0"}],
         "{name,\"z_stdlib\"}.\n{target_path,\"github.com/zotonic/z_stdlib\"}.\n{url,\"https://github.com/zotonic/z_stdlib\"}.\n{vsn_format,2}.\n{vsn_pass,101}.\n{time_begin,{{2015,9,22},{14,32,12}}}.\n{method,git}.\n{count_tags,0}.\n{count_branches,1}.\n{revisions,[{rev,branch,\"master\",\"6f3376c225a11e018ed0d3b6b5194b5a165eaecd\",\n                 true,[],\n                 [\"https://github.com/rebar/rebar\"]}]}.\n{time_end,{{2015,9,22},{14,32,13}}}.\n"}}
 :: Writing meta to "/home/pete/wefwefwef/docs/other/b0f6dd254344eb67368c24abcb5210bee96817bc/meta.txt"
 :: Processing https://github.com/zotonic/z_stdlib	{rev,branch,"master","b069749faf00ea591005be6277a3fb72b2ec4858",undefined,[],[]}
 :: Fetching repo code
$ cd '/home/pete/wefwefwef/docs/other/b0f6dd254344eb67368c24abcb5210bee96817bc/z_stdlib-branch-master'
$ infinity  `curl --fail --silent --show-error --location --output repo.tar.gz 'https://codeload.github.com/zotonic/z_stdlib/tar.gz/master'  2>&1`
$ cd '/home/pete/wefwefwef/docs/erldocs_other.git'
$ cd '/home/pete/wefwefwef/docs/other/b0f6dd254344eb67368c24abcb5210bee96817bc/z_stdlib-branch-master/z_stdlib-master'
$ 5000  `find -P . -type l -delete  2>&1`
$ cd '/home/pete/wefwefwef/docs/erldocs_other.git'
$ 5000  `mv '/home/pete/wefwefwef/docs/other/b0f6dd254344eb67368c24abcb5210bee96817bc/z_stdlib-branch-master/z_stdlib-master' '/home/pete/wefwefwef/docs/other/b0f6dd254344eb67368c24abcb5210bee96817bc/z_stdlib-branch-master/z_stdlib'  2>&1`
 :: Getting dependencies
$ cd '/home/pete/wefwefwef/docs/other/b0f6dd254344eb67368c24abcb5210bee96817bc/z_stdlib-branch-master/z_stdlib'
$ 5000  `ls -1 deps/  2>&1`
$ cd '/home/pete/wefwefwef/docs/erldocs_other.git'
>>> [rebar] deps = []
 :: Generating erldocs into /home/pete/wefwefwef/docs/other/b0f6dd254344eb67368c24abcb5210bee96817bc/repo/master
Building z_stdlib
Generating Type Specs - "/home/pete/wefwefwef/docs/other/b0f6dd254344eb67368c24abcb5210bee96817bc/z_stdlib-branch-master/z_stdlib/src/proper_utils.erl"
Generating Type Specs - "/home/pete/wefwefwef/docs/other/b0f6dd254344eb67368c24abcb5210bee96817bc/z_stdlib-branch-master/z_stdlib/src/z_convert.erl"
Generating Type Specs - "/home/pete/wefwefwef/docs/other/b0f6dd254344eb67368c24abcb5210bee96817bc/z_stdlib-branch-master/z_stdlib/src/z_css.erl"
Generating Type Specs - "/home/pete/wefwefwef/docs/other/b0f6dd254344eb67368c24abcb5210bee96817bc/z_stdlib-branch-master/z_stdlib/src/z_dateformat.erl"
Generating Type Specs - "/home/pete/wefwefwef/docs/other/b0f6dd254344eb67368c24abcb5210bee96817bc/z_stdlib-branch-master/z_stdlib/src/z_email_dnsbl.erl"
Generating Type Specs - "/home/pete/wefwefwef/docs/other/b0f6dd254344eb67368c24abcb5210bee96817bc/z_stdlib-branch-master/z_stdlib/src/z_email_utils.erl"
Generating Type Specs - "/home/pete/wefwefwef/docs/other/b0f6dd254344eb67368c24abcb5210bee96817bc/z_stdlib-branch-master/z_stdlib/src/z_html.erl"
Generating Type Specs - "/home/pete/wefwefwef/docs/other/b0f6dd254344eb67368c24abcb5210bee96817bc/z_stdlib-branch-master/z_stdlib/src/z_html_charref.erl"
Generating Type Specs - "/home/pete/wefwefwef/docs/other/b0f6dd254344eb67368c24abcb5210bee96817bc/z_stdlib-branch-master/z_stdlib/src/z_string.erl"
Generating Type Specs - "/home/pete/wefwefwef/docs/other/b0f6dd254344eb67368c24abcb5210bee96817bc/z_stdlib-branch-master/z_stdlib/src/z_tempfile.erl"
Generating Type Specs - "/home/pete/wefwefwef/docs/other/b0f6dd254344eb67368c24abcb5210bee96817bc/z_stdlib-branch-master/z_stdlib/src/z_ubf.erl"
Generating Type Specs - "/home/pete/wefwefwef/docs/other/b0f6dd254344eb67368c24abcb5210bee96817bc/z_stdlib-branch-master/z_stdlib/src/z_url.erl"
Generating Type Specs - "/home/pete/wefwefwef/docs/other/b0f6dd254344eb67368c24abcb5210bee96817bc/z_stdlib-branch-master/z_stdlib/src/z_url_fetch.erl"
Generating Type Specs - "/home/pete/wefwefwef/docs/other/b0f6dd254344eb67368c24abcb5210bee96817bc/z_stdlib-branch-master/z_stdlib/src/z_url_metadata.erl"
Generating XML for application z_stdlib "/home/pete/wefwefwef/docs/other/b0f6dd254344eb67368c24abcb5210bee96817bc/z_stdlib-branch-master/z_stdlib" -> "/home/pete/wefwefwef/docs/other/b0f6dd254344eb67368c24abcb5210bee96817bc/repo/master/.xml/z_stdlib"
/home/pete/wefwefwef/docs/other/b0f6dd254344eb67368c24abcb5210bee96817bc/z_stdlib-branch-master/z_stdlib/src/z_dateformat.erl, in module header: at line 4: multiple @copyright tag.
edoc: skipping source file '/home/pete/wefwefwef/docs/other/b0f6dd254344eb67368c24abcb5210bee96817bc/z_stdlib-branch-master/z_stdlib/src/z_dateformat.erl': {'EXIT',
                                                                                                                                                       error}.
/home/pete/wefwefwef/docs/other/b0f6dd254344eb67368c24abcb5210bee96817bc/z_stdlib-branch-master/z_stdlib/src/z_html.erl, function sanitize/4: at line 483: unknown error parsing specification: {483,edoc_parser,
                                      ["syntax error before: ",[]]}.
edoc: skipping source file '/home/pete/wefwefwef/docs/other/b0f6dd254344eb67368c24abcb5210bee96817bc/z_stdlib-branch-master/z_stdlib/src/z_html.erl': {'EXIT',
                                                                                                                                                 error}.
edoc: error in doclet 'edoc_doclet': {'EXIT',error}.
Error generating z_stdlib XMLs. Using fallback ...
Generating XML z_stdlib - proper_utils "/home/pete/wefwefwef/docs/other/b0f6dd254344eb67368c24abcb5210bee96817bc/z_stdlib-branch-master/z_stdlib/src/proper_utils.erl" -> "/home/pete/wefwefwef/docs/other/b0f6dd254344eb67368c24abcb5210bee96817bc/repo/master/.xml/z_stdlib/proper_utils.xml"
Generating XML z_stdlib - z_convert "/home/pete/wefwefwef/docs/other/b0f6dd254344eb67368c24abcb5210bee96817bc/z_stdlib-branch-master/z_stdlib/src/z_convert.erl" -> "/home/pete/wefwefwef/docs/other/b0f6dd254344eb67368c24abcb5210bee96817bc/repo/master/.xml/z_stdlib/z_convert.xml"
Generating XML z_stdlib - z_css "/home/pete/wefwefwef/docs/other/b0f6dd254344eb67368c24abcb5210bee96817bc/z_stdlib-branch-master/z_stdlib/src/z_css.erl" -> "/home/pete/wefwefwef/docs/other/b0f6dd254344eb67368c24abcb5210bee96817bc/repo/master/.xml/z_stdlib/z_css.xml"
Generating XML z_stdlib - z_dateformat "/home/pete/wefwefwef/docs/other/b0f6dd254344eb67368c24abcb5210bee96817bc/z_stdlib-branch-master/z_stdlib/src/z_dateformat.erl" -> "/home/pete/wefwefwef/docs/other/b0f6dd254344eb67368c24abcb5210bee96817bc/repo/master/.xml/z_stdlib/z_dateformat.xml"
/home/pete/wefwefwef/docs/other/b0f6dd254344eb67368c24abcb5210bee96817bc/z_stdlib-branch-master/z_stdlib/src/z_dateformat.erl, in module header: at line 4: multiple @copyright tag.
Error generating XML ("/home/pete/wefwefwef/docs/other/b0f6dd254344eb67368c24abcb5210bee96817bc/z_stdlib-branch-master/z_stdlib/src/z_dateformat.erl"): {'EXIT',
                                                                                                                                                         error}
Generating XML z_stdlib - z_email_dnsbl "/home/pete/wefwefwef/docs/other/b0f6dd254344eb67368c24abcb5210bee96817bc/z_stdlib-branch-master/z_stdlib/src/z_email_dnsbl.erl" -> "/home/pete/wefwefwef/docs/other/b0f6dd254344eb67368c24abcb5210bee96817bc/repo/master/.xml/z_stdlib/z_email_dnsbl.xml"
Generating XML z_stdlib - z_email_utils "/home/pete/wefwefwef/docs/other/b0f6dd254344eb67368c24abcb5210bee96817bc/z_stdlib-branch-master/z_stdlib/src/z_email_utils.erl" -> "/home/pete/wefwefwef/docs/other/b0f6dd254344eb67368c24abcb5210bee96817bc/repo/master/.xml/z_stdlib/z_email_utils.xml"
Generating XML z_stdlib - z_html "/home/pete/wefwefwef/docs/other/b0f6dd254344eb67368c24abcb5210bee96817bc/z_stdlib-branch-master/z_stdlib/src/z_html.erl" -> "/home/pete/wefwefwef/docs/other/b0f6dd254344eb67368c24abcb5210bee96817bc/repo/master/.xml/z_stdlib/z_html.xml"
/home/pete/wefwefwef/docs/other/b0f6dd254344eb67368c24abcb5210bee96817bc/z_stdlib-branch-master/z_stdlib/src/z_html.erl, function sanitize/4: at line 483: unknown error parsing specification: {483,edoc_parser,
                                      ["syntax error before: ",[]]}.
Error generating XML ("/home/pete/wefwefwef/docs/other/b0f6dd254344eb67368c24abcb5210bee96817bc/z_stdlib-branch-master/z_stdlib/src/z_html.erl"): {'EXIT',
                                                                                                                                                   error}
Generating XML z_stdlib - z_html_charref "/home/pete/wefwefwef/docs/other/b0f6dd254344eb67368c24abcb5210bee96817bc/z_stdlib-branch-master/z_stdlib/src/z_html_charref.erl" -> "/home/pete/wefwefwef/docs/other/b0f6dd254344eb67368c24abcb5210bee96817bc/repo/master/.xml/z_stdlib/z_html_charref.xml"
Generating XML z_stdlib - z_string "/home/pete/wefwefwef/docs/other/b0f6dd254344eb67368c24abcb5210bee96817bc/z_stdlib-branch-master/z_stdlib/src/z_string.erl" -> "/home/pete/wefwefwef/docs/other/b0f6dd254344eb67368c24abcb5210bee96817bc/repo/master/.xml/z_stdlib/z_string.xml"
Generating XML z_stdlib - z_tempfile "/home/pete/wefwefwef/docs/other/b0f6dd254344eb67368c24abcb5210bee96817bc/z_stdlib-branch-master/z_stdlib/src/z_tempfile.erl" -> "/home/pete/wefwefwef/docs/other/b0f6dd254344eb67368c24abcb5210bee96817bc/repo/master/.xml/z_stdlib/z_tempfile.xml"
Generating XML z_stdlib - z_ubf "/home/pete/wefwefwef/docs/other/b0f6dd254344eb67368c24abcb5210bee96817bc/z_stdlib-branch-master/z_stdlib/src/z_ubf.erl" -> "/home/pete/wefwefwef/docs/other/b0f6dd254344eb67368c24abcb5210bee96817bc/repo/master/.xml/z_stdlib/z_ubf.xml"
Generating XML z_stdlib - z_url "/home/pete/wefwefwef/docs/other/b0f6dd254344eb67368c24abcb5210bee96817bc/z_stdlib-branch-master/z_stdlib/src/z_url.erl" -> "/home/pete/wefwefwef/docs/other/b0f6dd254344eb67368c24abcb5210bee96817bc/repo/master/.xml/z_stdlib/z_url.xml"
Generating XML z_stdlib - z_url_fetch "/home/pete/wefwefwef/docs/other/b0f6dd254344eb67368c24abcb5210bee96817bc/z_stdlib-branch-master/z_stdlib/src/z_url_fetch.erl" -> "/home/pete/wefwefwef/docs/other/b0f6dd254344eb67368c24abcb5210bee96817bc/repo/master/.xml/z_stdlib/z_url_fetch.xml"
Generating XML z_stdlib - z_url_metadata "/home/pete/wefwefwef/docs/other/b0f6dd254344eb67368c24abcb5210bee96817bc/z_stdlib-branch-master/z_stdlib/src/z_url_metadata.erl" -> "/home/pete/wefwefwef/docs/other/b0f6dd254344eb67368c24abcb5210bee96817bc/repo/master/.xml/z_stdlib/z_url_metadata.xml"
Generating HTML - z_url "/home/pete/wefwefwef/docs/other/b0f6dd254344eb67368c24abcb5210bee96817bc/repo/master/.xml/z_stdlib/z_url.xml"
Generating HTML - z_string "/home/pete/wefwefwef/docs/other/b0f6dd254344eb67368c24abcb5210bee96817bc/repo/master/.xml/z_stdlib/z_string.xml"
Generating HTML - z_email_dnsbl "/home/pete/wefwefwef/docs/other/b0f6dd254344eb67368c24abcb5210bee96817bc/repo/master/.xml/z_stdlib/z_email_dnsbl.xml"
Generating HTML - proper_utils "/home/pete/wefwefwef/docs/other/b0f6dd254344eb67368c24abcb5210bee96817bc/repo/master/.xml/z_stdlib/proper_utils.xml"
Reading XML for "/home/pete/wefwefwef/docs/other/b0f6dd254344eb67368c24abcb5210bee96817bc/repo/master/.xml/z_stdlib/z_url.xml"
Reading XML for "/home/pete/wefwefwef/docs/other/b0f6dd254344eb67368c24abcb5210bee96817bc/repo/master/.xml/z_stdlib/z_string.xml"
Reading XML for "/home/pete/wefwefwef/docs/other/b0f6dd254344eb67368c24abcb5210bee96817bc/repo/master/.xml/z_stdlib/z_email_dnsbl.xml"
Reading XML for "/home/pete/wefwefwef/docs/other/b0f6dd254344eb67368c24abcb5210bee96817bc/repo/master/.xml/z_stdlib/proper_utils.xml"
Reading XML for "/home/pete/wefwefwef/docs/other/b0f6dd254344eb67368c24abcb5210bee96817bc/repo/master/.xml/specs_z_url.xml"
Reading XML for "/home/pete/wefwefwef/docs/other/b0f6dd254344eb67368c24abcb5210bee96817bc/repo/master/.xml/specs_proper_utils.xml"
Reading XML for "/home/pete/wefwefwef/docs/other/b0f6dd254344eb67368c24abcb5210bee96817bc/repo/master/.xml/specs_z_email_dnsbl.xml"
Generating HTML - z_convert "/home/pete/wefwefwef/docs/other/b0f6dd254344eb67368c24abcb5210bee96817bc/repo/master/.xml/z_stdlib/z_convert.xml"
Reading XML for "/home/pete/wefwefwef/docs/other/b0f6dd254344eb67368c24abcb5210bee96817bc/repo/master/.xml/z_stdlib/z_convert.xml"
Reading XML for "/home/pete/wefwefwef/docs/other/b0f6dd254344eb67368c24abcb5210bee96817bc/repo/master/.xml/specs_z_string.xml"
Generating HTML - z_url_fetch "/home/pete/wefwefwef/docs/other/b0f6dd254344eb67368c24abcb5210bee96817bc/repo/master/.xml/z_stdlib/z_url_fetch.xml"
Reading XML for "/home/pete/wefwefwef/docs/other/b0f6dd254344eb67368c24abcb5210bee96817bc/repo/master/.xml/z_stdlib/z_url_fetch.xml"
Generating HTML - z_email_utils "/home/pete/wefwefwef/docs/other/b0f6dd254344eb67368c24abcb5210bee96817bc/repo/master/.xml/z_stdlib/z_email_utils.xml"
Reading XML for "/home/pete/wefwefwef/docs/other/b0f6dd254344eb67368c24abcb5210bee96817bc/repo/master/.xml/z_stdlib/z_email_utils.xml"
Generating HTML - z_tempfile "/home/pete/wefwefwef/docs/other/b0f6dd254344eb67368c24abcb5210bee96817bc/repo/master/.xml/z_stdlib/z_tempfile.xml"
Reading XML for "/home/pete/wefwefwef/docs/other/b0f6dd254344eb67368c24abcb5210bee96817bc/repo/master/.xml/z_stdlib/z_tempfile.xml"
Reading XML for "/home/pete/wefwefwef/docs/other/b0f6dd254344eb67368c24abcb5210bee96817bc/repo/master/.xml/specs_z_url_fetch.xml"
Reading XML for "/home/pete/wefwefwef/docs/other/b0f6dd254344eb67368c24abcb5210bee96817bc/repo/master/.xml/specs_z_convert.xml"
Reading XML for "/home/pete/wefwefwef/docs/other/b0f6dd254344eb67368c24abcb5210bee96817bc/repo/master/.xml/specs_z_email_utils.xml"
Reading XML for "/home/pete/wefwefwef/docs/other/b0f6dd254344eb67368c24abcb5210bee96817bc/repo/master/.xml/specs_z_tempfile.xml"
Generating HTML - z_html_charref "/home/pete/wefwefwef/docs/other/b0f6dd254344eb67368c24abcb5210bee96817bc/repo/master/.xml/z_stdlib/z_html_charref.xml"
Reading XML for "/home/pete/wefwefwef/docs/other/b0f6dd254344eb67368c24abcb5210bee96817bc/repo/master/.xml/z_stdlib/z_html_charref.xml"
Generating HTML - z_url_metadata "/home/pete/wefwefwef/docs/other/b0f6dd254344eb67368c24abcb5210bee96817bc/repo/master/.xml/z_stdlib/z_url_metadata.xml"
Reading XML for "/home/pete/wefwefwef/docs/other/b0f6dd254344eb67368c24abcb5210bee96817bc/repo/master/.xml/z_stdlib/z_url_metadata.xml"
Generating HTML - z_ubf "/home/pete/wefwefwef/docs/other/b0f6dd254344eb67368c24abcb5210bee96817bc/repo/master/.xml/z_stdlib/z_ubf.xml"
Reading XML for "/home/pete/wefwefwef/docs/other/b0f6dd254344eb67368c24abcb5210bee96817bc/repo/master/.xml/z_stdlib/z_ubf.xml"
Generating HTML - z_css "/home/pete/wefwefwef/docs/other/b0f6dd254344eb67368c24abcb5210bee96817bc/repo/master/.xml/z_stdlib/z_css.xml"
Reading XML for "/home/pete/wefwefwef/docs/other/b0f6dd254344eb67368c24abcb5210bee96817bc/repo/master/.xml/z_stdlib/z_css.xml"
Reading XML for "/home/pete/wefwefwef/docs/other/b0f6dd254344eb67368c24abcb5210bee96817bc/repo/master/.xml/specs_z_html_charref.xml"
Reading XML for "/home/pete/wefwefwef/docs/other/b0f6dd254344eb67368c24abcb5210bee96817bc/repo/master/.xml/specs_z_url_metadata.xml"
Reading XML for "/home/pete/wefwefwef/docs/other/b0f6dd254344eb67368c24abcb5210bee96817bc/repo/master/.xml/specs_z_css.xml"
Reading XML for "/home/pete/wefwefwef/docs/other/b0f6dd254344eb67368c24abcb5210bee96817bc/repo/master/.xml/specs_z_ubf.xml"
Creating index.html ...
Creating erldocs_index.js ...
Woot, finished in 0 Minutes 3 Seconds
 :: Discovering other repos
$ 5000  `rm -r '/home/pete/wefwefwef/docs/other/b0f6dd254344eb67368c24abcb5210bee96817bc/z_stdlib-branch-master'  2>&1`
 :: Finishing up
$ 5000  `rm -r '/home/pete/wefwefwef/docs/other/b0f6dd254344eb67368c24abcb5210bee96817bc/z_stdlib'  2>&1`
