 :: Extracting meta information
$ infinity  `git ls-remote --heads --tags 'https://github.com/zotonic/z_stdlib'  2>&1`
>>> [repo] 1 branches, 0 tags
 :: Writing meta to "/home/travis/build/erldocs/other.erldocs.com/other/1fa2b433cb86ccc764f1bd239d740a46/meta.txt"
 :: Processing https://github.com/zotonic/z_stdlib	{rev,branch,"master","ccf42a02393c3d188b87118dc6336103d3c57704",undefined,[],[]}
 :: Fetching repo code
$ cd '/home/travis/build/erldocs/other.erldocs.com/other/1fa2b433cb86ccc764f1bd239d740a46/z_stdlib-branch-master'
$ infinity  `curl --fail --silent --show-error --location --output repo.tar.gz 'https://codeload.github.com/zotonic/z_stdlib/legacy.tar.gz/master'  2>&1`
$ cd '/home/travis/build/erldocs/other.erldocs.com/erldocs_other.git'
$ cd '/home/travis/build/erldocs/other.erldocs.com/other/1fa2b433cb86ccc764f1bd239d740a46/z_stdlib-branch-master/zotonic-z_stdlib-ccf42a0'
$ 5000  `find -P . -type l -delete  2>&1`
$ cd '/home/travis/build/erldocs/other.erldocs.com/erldocs_other.git'
$ 5000  `mv '/home/travis/build/erldocs/other.erldocs.com/other/1fa2b433cb86ccc764f1bd239d740a46/z_stdlib-branch-master/zotonic-z_stdlib-ccf42a0' '/home/travis/build/erldocs/other.erldocs.com/other/1fa2b433cb86ccc764f1bd239d740a46/z_stdlib-branch-master/z_stdlib'  2>&1`
 :: Getting dependencies
$ cd '/home/travis/build/erldocs/other.erldocs.com/other/1fa2b433cb86ccc764f1bd239d740a46/z_stdlib-branch-master/z_stdlib'
$ 5000  `ls -1 deps/  2>&1`
$ cd '/home/travis/build/erldocs/other.erldocs.com/erldocs_other.git'
>>> [rebar] deps = []
 :: Generating erldocs into /home/travis/build/erldocs/other.erldocs.com/other/1fa2b433cb86ccc764f1bd239d740a46/repo/master
Building z_stdlib
Generating Type Specs - "/home/travis/build/erldocs/other.erldocs.com/other/1fa2b433cb86ccc764f1bd239d740a46/z_stdlib-branch-master/z_stdlib/src/proper_utils.erl"
Generating Type Specs - "/home/travis/build/erldocs/other.erldocs.com/other/1fa2b433cb86ccc764f1bd239d740a46/z_stdlib-branch-master/z_stdlib/src/z_convert.erl"
Generating Type Specs - "/home/travis/build/erldocs/other.erldocs.com/other/1fa2b433cb86ccc764f1bd239d740a46/z_stdlib-branch-master/z_stdlib/src/z_css.erl"
Generating Type Specs - "/home/travis/build/erldocs/other.erldocs.com/other/1fa2b433cb86ccc764f1bd239d740a46/z_stdlib-branch-master/z_stdlib/src/z_dateformat.erl"
Generating Type Specs - "/home/travis/build/erldocs/other.erldocs.com/other/1fa2b433cb86ccc764f1bd239d740a46/z_stdlib-branch-master/z_stdlib/src/z_email_dnsbl.erl"
Generating Type Specs - "/home/travis/build/erldocs/other.erldocs.com/other/1fa2b433cb86ccc764f1bd239d740a46/z_stdlib-branch-master/z_stdlib/src/z_email_utils.erl"
Generating Type Specs - "/home/travis/build/erldocs/other.erldocs.com/other/1fa2b433cb86ccc764f1bd239d740a46/z_stdlib-branch-master/z_stdlib/src/z_html.erl"
Generating Type Specs - "/home/travis/build/erldocs/other.erldocs.com/other/1fa2b433cb86ccc764f1bd239d740a46/z_stdlib-branch-master/z_stdlib/src/z_html_charref.erl"
Generating Type Specs - "/home/travis/build/erldocs/other.erldocs.com/other/1fa2b433cb86ccc764f1bd239d740a46/z_stdlib-branch-master/z_stdlib/src/z_string.erl"
Generating Type Specs - "/home/travis/build/erldocs/other.erldocs.com/other/1fa2b433cb86ccc764f1bd239d740a46/z_stdlib-branch-master/z_stdlib/src/z_tempfile.erl"
Generating Type Specs - "/home/travis/build/erldocs/other.erldocs.com/other/1fa2b433cb86ccc764f1bd239d740a46/z_stdlib-branch-master/z_stdlib/src/z_ubf.erl"
Generating Type Specs - "/home/travis/build/erldocs/other.erldocs.com/other/1fa2b433cb86ccc764f1bd239d740a46/z_stdlib-branch-master/z_stdlib/src/z_url.erl"
Generating Type Specs - "/home/travis/build/erldocs/other.erldocs.com/other/1fa2b433cb86ccc764f1bd239d740a46/z_stdlib-branch-master/z_stdlib/src/z_url_fetch.erl"
Generating Type Specs - "/home/travis/build/erldocs/other.erldocs.com/other/1fa2b433cb86ccc764f1bd239d740a46/z_stdlib-branch-master/z_stdlib/src/z_url_metadata.erl"
Generating XML for application z_stdlib "/home/travis/build/erldocs/other.erldocs.com/other/1fa2b433cb86ccc764f1bd239d740a46/z_stdlib-branch-master/z_stdlib" -> "/home/travis/build/erldocs/other.erldocs.com/other/1fa2b433cb86ccc764f1bd239d740a46/repo/master/.xml/z_stdlib"
/home/travis/build/erldocs/other.erldocs.com/other/1fa2b433cb86ccc764f1bd239d740a46/z_stdlib-branch-master/z_stdlib/src/z_dateformat.erl, in module header: at line 4: multiple @copyright tag.
edoc: skipping source file '/home/travis/build/erldocs/other.erldocs.com/other/1fa2b433cb86ccc764f1bd239d740a46/z_stdlib-branch-master/z_stdlib/src/z_dateformat.erl': {'EXIT',
                                                                                                                                                                  error}.
/home/travis/build/erldocs/other.erldocs.com/other/1fa2b433cb86ccc764f1bd239d740a46/z_stdlib-branch-master/z_stdlib/src/z_html.erl, function sanitize/4: at line 451: unknown error parsing specification: {451,edoc_parser,
                                      ["syntax error before: ",[]]}.
edoc: skipping source file '/home/travis/build/erldocs/other.erldocs.com/other/1fa2b433cb86ccc764f1bd239d740a46/z_stdlib-branch-master/z_stdlib/src/z_html.erl': {'EXIT',
                                                                                                                                                            error}.
edoc: error in doclet 'edoc_doclet': {'EXIT',error}.
Error generating z_stdlib XMLs. Using fallback ...
Generating XML z_stdlib - proper_utils "/home/travis/build/erldocs/other.erldocs.com/other/1fa2b433cb86ccc764f1bd239d740a46/z_stdlib-branch-master/z_stdlib/src/proper_utils.erl" -> "/home/travis/build/erldocs/other.erldocs.com/other/1fa2b433cb86ccc764f1bd239d740a46/repo/master/.xml/z_stdlib/proper_utils.xml"
Generating XML z_stdlib - z_convert "/home/travis/build/erldocs/other.erldocs.com/other/1fa2b433cb86ccc764f1bd239d740a46/z_stdlib-branch-master/z_stdlib/src/z_convert.erl" -> "/home/travis/build/erldocs/other.erldocs.com/other/1fa2b433cb86ccc764f1bd239d740a46/repo/master/.xml/z_stdlib/z_convert.xml"
Generating XML z_stdlib - z_css "/home/travis/build/erldocs/other.erldocs.com/other/1fa2b433cb86ccc764f1bd239d740a46/z_stdlib-branch-master/z_stdlib/src/z_css.erl" -> "/home/travis/build/erldocs/other.erldocs.com/other/1fa2b433cb86ccc764f1bd239d740a46/repo/master/.xml/z_stdlib/z_css.xml"
Generating XML z_stdlib - z_dateformat "/home/travis/build/erldocs/other.erldocs.com/other/1fa2b433cb86ccc764f1bd239d740a46/z_stdlib-branch-master/z_stdlib/src/z_dateformat.erl" -> "/home/travis/build/erldocs/other.erldocs.com/other/1fa2b433cb86ccc764f1bd239d740a46/repo/master/.xml/z_stdlib/z_dateformat.xml"
/home/travis/build/erldocs/other.erldocs.com/other/1fa2b433cb86ccc764f1bd239d740a46/z_stdlib-branch-master/z_stdlib/src/z_dateformat.erl, in module header: at line 4: multiple @copyright tag.
Error generating XML ("/home/travis/build/erldocs/other.erldocs.com/other/1fa2b433cb86ccc764f1bd239d740a46/z_stdlib-branch-master/z_stdlib/src/z_dateformat.erl"): {'EXIT',
                                                                                                                                                                    error}
Generating XML z_stdlib - z_email_dnsbl "/home/travis/build/erldocs/other.erldocs.com/other/1fa2b433cb86ccc764f1bd239d740a46/z_stdlib-branch-master/z_stdlib/src/z_email_dnsbl.erl" -> "/home/travis/build/erldocs/other.erldocs.com/other/1fa2b433cb86ccc764f1bd239d740a46/repo/master/.xml/z_stdlib/z_email_dnsbl.xml"
Generating XML z_stdlib - z_email_utils "/home/travis/build/erldocs/other.erldocs.com/other/1fa2b433cb86ccc764f1bd239d740a46/z_stdlib-branch-master/z_stdlib/src/z_email_utils.erl" -> "/home/travis/build/erldocs/other.erldocs.com/other/1fa2b433cb86ccc764f1bd239d740a46/repo/master/.xml/z_stdlib/z_email_utils.xml"
Generating XML z_stdlib - z_html "/home/travis/build/erldocs/other.erldocs.com/other/1fa2b433cb86ccc764f1bd239d740a46/z_stdlib-branch-master/z_stdlib/src/z_html.erl" -> "/home/travis/build/erldocs/other.erldocs.com/other/1fa2b433cb86ccc764f1bd239d740a46/repo/master/.xml/z_stdlib/z_html.xml"
/home/travis/build/erldocs/other.erldocs.com/other/1fa2b433cb86ccc764f1bd239d740a46/z_stdlib-branch-master/z_stdlib/src/z_html.erl, function sanitize/4: at line 451: unknown error parsing specification: {451,edoc_parser,
                                      ["syntax error before: ",[]]}.
Error generating XML ("/home/travis/build/erldocs/other.erldocs.com/other/1fa2b433cb86ccc764f1bd239d740a46/z_stdlib-branch-master/z_stdlib/src/z_html.erl"): {'EXIT',
                                                                                                                                                              error}
Generating XML z_stdlib - z_html_charref "/home/travis/build/erldocs/other.erldocs.com/other/1fa2b433cb86ccc764f1bd239d740a46/z_stdlib-branch-master/z_stdlib/src/z_html_charref.erl" -> "/home/travis/build/erldocs/other.erldocs.com/other/1fa2b433cb86ccc764f1bd239d740a46/repo/master/.xml/z_stdlib/z_html_charref.xml"
Generating XML z_stdlib - z_string "/home/travis/build/erldocs/other.erldocs.com/other/1fa2b433cb86ccc764f1bd239d740a46/z_stdlib-branch-master/z_stdlib/src/z_string.erl" -> "/home/travis/build/erldocs/other.erldocs.com/other/1fa2b433cb86ccc764f1bd239d740a46/repo/master/.xml/z_stdlib/z_string.xml"
Generating XML z_stdlib - z_tempfile "/home/travis/build/erldocs/other.erldocs.com/other/1fa2b433cb86ccc764f1bd239d740a46/z_stdlib-branch-master/z_stdlib/src/z_tempfile.erl" -> "/home/travis/build/erldocs/other.erldocs.com/other/1fa2b433cb86ccc764f1bd239d740a46/repo/master/.xml/z_stdlib/z_tempfile.xml"
Generating XML z_stdlib - z_ubf "/home/travis/build/erldocs/other.erldocs.com/other/1fa2b433cb86ccc764f1bd239d740a46/z_stdlib-branch-master/z_stdlib/src/z_ubf.erl" -> "/home/travis/build/erldocs/other.erldocs.com/other/1fa2b433cb86ccc764f1bd239d740a46/repo/master/.xml/z_stdlib/z_ubf.xml"
Generating XML z_stdlib - z_url "/home/travis/build/erldocs/other.erldocs.com/other/1fa2b433cb86ccc764f1bd239d740a46/z_stdlib-branch-master/z_stdlib/src/z_url.erl" -> "/home/travis/build/erldocs/other.erldocs.com/other/1fa2b433cb86ccc764f1bd239d740a46/repo/master/.xml/z_stdlib/z_url.xml"
Generating XML z_stdlib - z_url_fetch "/home/travis/build/erldocs/other.erldocs.com/other/1fa2b433cb86ccc764f1bd239d740a46/z_stdlib-branch-master/z_stdlib/src/z_url_fetch.erl" -> "/home/travis/build/erldocs/other.erldocs.com/other/1fa2b433cb86ccc764f1bd239d740a46/repo/master/.xml/z_stdlib/z_url_fetch.xml"
Generating XML z_stdlib - z_url_metadata "/home/travis/build/erldocs/other.erldocs.com/other/1fa2b433cb86ccc764f1bd239d740a46/z_stdlib-branch-master/z_stdlib/src/z_url_metadata.erl" -> "/home/travis/build/erldocs/other.erldocs.com/other/1fa2b433cb86ccc764f1bd239d740a46/repo/master/.xml/z_stdlib/z_url_metadata.xml"
Generating HTML - proper_utils "/home/travis/build/erldocs/other.erldocs.com/other/1fa2b433cb86ccc764f1bd239d740a46/repo/master/.xml/z_stdlib/proper_utils.xml"
Reading XML for "/home/travis/build/erldocs/other.erldocs.com/other/1fa2b433cb86ccc764f1bd239d740a46/repo/master/.xml/z_stdlib/proper_utils.xml"
Reading XML for "/home/travis/build/erldocs/other.erldocs.com/other/1fa2b433cb86ccc764f1bd239d740a46/repo/master/.xml/specs_proper_utils.xml"
Generating HTML - z_convert "/home/travis/build/erldocs/other.erldocs.com/other/1fa2b433cb86ccc764f1bd239d740a46/repo/master/.xml/z_stdlib/z_convert.xml"
Reading XML for "/home/travis/build/erldocs/other.erldocs.com/other/1fa2b433cb86ccc764f1bd239d740a46/repo/master/.xml/z_stdlib/z_convert.xml"
Reading XML for "/home/travis/build/erldocs/other.erldocs.com/other/1fa2b433cb86ccc764f1bd239d740a46/repo/master/.xml/specs_z_convert.xml"
Generating HTML - z_css "/home/travis/build/erldocs/other.erldocs.com/other/1fa2b433cb86ccc764f1bd239d740a46/repo/master/.xml/z_stdlib/z_css.xml"
Reading XML for "/home/travis/build/erldocs/other.erldocs.com/other/1fa2b433cb86ccc764f1bd239d740a46/repo/master/.xml/z_stdlib/z_css.xml"
Reading XML for "/home/travis/build/erldocs/other.erldocs.com/other/1fa2b433cb86ccc764f1bd239d740a46/repo/master/.xml/specs_z_css.xml"
Generating HTML - z_email_dnsbl "/home/travis/build/erldocs/other.erldocs.com/other/1fa2b433cb86ccc764f1bd239d740a46/repo/master/.xml/z_stdlib/z_email_dnsbl.xml"
Reading XML for "/home/travis/build/erldocs/other.erldocs.com/other/1fa2b433cb86ccc764f1bd239d740a46/repo/master/.xml/z_stdlib/z_email_dnsbl.xml"
Reading XML for "/home/travis/build/erldocs/other.erldocs.com/other/1fa2b433cb86ccc764f1bd239d740a46/repo/master/.xml/specs_z_email_dnsbl.xml"
Generating HTML - z_email_utils "/home/travis/build/erldocs/other.erldocs.com/other/1fa2b433cb86ccc764f1bd239d740a46/repo/master/.xml/z_stdlib/z_email_utils.xml"
Reading XML for "/home/travis/build/erldocs/other.erldocs.com/other/1fa2b433cb86ccc764f1bd239d740a46/repo/master/.xml/z_stdlib/z_email_utils.xml"
Reading XML for "/home/travis/build/erldocs/other.erldocs.com/other/1fa2b433cb86ccc764f1bd239d740a46/repo/master/.xml/specs_z_email_utils.xml"
Generating HTML - z_html_charref "/home/travis/build/erldocs/other.erldocs.com/other/1fa2b433cb86ccc764f1bd239d740a46/repo/master/.xml/z_stdlib/z_html_charref.xml"
Reading XML for "/home/travis/build/erldocs/other.erldocs.com/other/1fa2b433cb86ccc764f1bd239d740a46/repo/master/.xml/z_stdlib/z_html_charref.xml"
Reading XML for "/home/travis/build/erldocs/other.erldocs.com/other/1fa2b433cb86ccc764f1bd239d740a46/repo/master/.xml/specs_z_html_charref.xml"
Generating HTML - z_string "/home/travis/build/erldocs/other.erldocs.com/other/1fa2b433cb86ccc764f1bd239d740a46/repo/master/.xml/z_stdlib/z_string.xml"
Reading XML for "/home/travis/build/erldocs/other.erldocs.com/other/1fa2b433cb86ccc764f1bd239d740a46/repo/master/.xml/z_stdlib/z_string.xml"
Reading XML for "/home/travis/build/erldocs/other.erldocs.com/other/1fa2b433cb86ccc764f1bd239d740a46/repo/master/.xml/specs_z_string.xml"
Generating HTML - z_tempfile "/home/travis/build/erldocs/other.erldocs.com/other/1fa2b433cb86ccc764f1bd239d740a46/repo/master/.xml/z_stdlib/z_tempfile.xml"
Reading XML for "/home/travis/build/erldocs/other.erldocs.com/other/1fa2b433cb86ccc764f1bd239d740a46/repo/master/.xml/z_stdlib/z_tempfile.xml"
Reading XML for "/home/travis/build/erldocs/other.erldocs.com/other/1fa2b433cb86ccc764f1bd239d740a46/repo/master/.xml/specs_z_tempfile.xml"
Generating HTML - z_ubf "/home/travis/build/erldocs/other.erldocs.com/other/1fa2b433cb86ccc764f1bd239d740a46/repo/master/.xml/z_stdlib/z_ubf.xml"
Reading XML for "/home/travis/build/erldocs/other.erldocs.com/other/1fa2b433cb86ccc764f1bd239d740a46/repo/master/.xml/z_stdlib/z_ubf.xml"
Reading XML for "/home/travis/build/erldocs/other.erldocs.com/other/1fa2b433cb86ccc764f1bd239d740a46/repo/master/.xml/specs_z_ubf.xml"
Generating HTML - z_url "/home/travis/build/erldocs/other.erldocs.com/other/1fa2b433cb86ccc764f1bd239d740a46/repo/master/.xml/z_stdlib/z_url.xml"
Reading XML for "/home/travis/build/erldocs/other.erldocs.com/other/1fa2b433cb86ccc764f1bd239d740a46/repo/master/.xml/z_stdlib/z_url.xml"
Reading XML for "/home/travis/build/erldocs/other.erldocs.com/other/1fa2b433cb86ccc764f1bd239d740a46/repo/master/.xml/specs_z_url.xml"
Generating HTML - z_url_fetch "/home/travis/build/erldocs/other.erldocs.com/other/1fa2b433cb86ccc764f1bd239d740a46/repo/master/.xml/z_stdlib/z_url_fetch.xml"
Reading XML for "/home/travis/build/erldocs/other.erldocs.com/other/1fa2b433cb86ccc764f1bd239d740a46/repo/master/.xml/z_stdlib/z_url_fetch.xml"
Reading XML for "/home/travis/build/erldocs/other.erldocs.com/other/1fa2b433cb86ccc764f1bd239d740a46/repo/master/.xml/specs_z_url_fetch.xml"
Generating HTML - z_url_metadata "/home/travis/build/erldocs/other.erldocs.com/other/1fa2b433cb86ccc764f1bd239d740a46/repo/master/.xml/z_stdlib/z_url_metadata.xml"
Reading XML for "/home/travis/build/erldocs/other.erldocs.com/other/1fa2b433cb86ccc764f1bd239d740a46/repo/master/.xml/z_stdlib/z_url_metadata.xml"
Reading XML for "/home/travis/build/erldocs/other.erldocs.com/other/1fa2b433cb86ccc764f1bd239d740a46/repo/master/.xml/specs_z_url_metadata.xml"
Creating index.html ...
Creating erldocs_index.js ...
Woot, finished in 0 Minutes 1 Seconds
 :: Discovering other repos
$ 5000  `rm -r '/home/travis/build/erldocs/other.erldocs.com/other/1fa2b433cb86ccc764f1bd239d740a46/z_stdlib-branch-master'  2>&1`
 :: Finishing up
$ 5000  `rm -r '/home/travis/build/erldocs/other.erldocs.com/other/1fa2b433cb86ccc764f1bd239d740a46/z_stdlib'  2>&1`
