 :: Extracting meta information
$ infinity  `git ls-remote --heads --tags 'https://github.com/thekvs/erlang-murmurhash'  2>&1`
>>> [repo] 1 branches, 0 tags
 :: Writing meta to "/home/pete/wefwefwef/docs/other/b6e9e81ba6887e5ba7f3e68db2b68988415effc8/meta.txt"
 :: Processing https://github.com/thekvs/erlang-murmurhash	{rev,branch,"master","85a3e5d0e77d60e81e10013dfa9a698609477a9c",undefined,[],[]}
 :: Fetching repo code
$ cd '/home/pete/wefwefwef/docs/other/b6e9e81ba6887e5ba7f3e68db2b68988415effc8/erlang-murmurhash-branch-master'
$ infinity  `curl --fail --silent --show-error --location --output repo.tar.gz 'https://codeload.github.com/thekvs/erlang-murmurhash/tar.gz/master'  2>&1`
$ cd '/home/pete/wefwefwef/docs/erldocs_other.git'
$ cd '/home/pete/wefwefwef/docs/other/b6e9e81ba6887e5ba7f3e68db2b68988415effc8/erlang-murmurhash-branch-master/erlang-murmurhash-master'
$ 5000  `find -P . -type l -delete  2>&1`
$ cd '/home/pete/wefwefwef/docs/erldocs_other.git'
$ 5000  `mv '/home/pete/wefwefwef/docs/other/b6e9e81ba6887e5ba7f3e68db2b68988415effc8/erlang-murmurhash-branch-master/erlang-murmurhash-master' '/home/pete/wefwefwef/docs/other/b6e9e81ba6887e5ba7f3e68db2b68988415effc8/erlang-murmurhash-branch-master/erlang-murmurhash'  2>&1`
 :: Getting dependencies
$ cd '/home/pete/wefwefwef/docs/other/b6e9e81ba6887e5ba7f3e68db2b68988415effc8/erlang-murmurhash-branch-master/erlang-murmurhash'
$ 5000  `ls -1 deps/  2>&1`
$ cd '/home/pete/wefwefwef/docs/erldocs_other.git'
>>> [rebar] deps = []
 :: Generating erldocs into /home/pete/wefwefwef/docs/other/b6e9e81ba6887e5ba7f3e68db2b68988415effc8/repo/master
Building erlang-murmurhash
Generating Type Specs - "/home/pete/wefwefwef/docs/other/b6e9e81ba6887e5ba7f3e68db2b68988415effc8/erlang-murmurhash-branch-master/erlang-murmurhash/src/erlang_murmurhash.erl"
Generating XML for application erlang-murmurhash "/home/pete/wefwefwef/docs/other/b6e9e81ba6887e5ba7f3e68db2b68988415effc8/erlang-murmurhash-branch-master/erlang-murmurhash" -> "/home/pete/wefwefwef/docs/other/b6e9e81ba6887e5ba7f3e68db2b68988415effc8/repo/master/.xml/erlang-murmurhash"
Generated erlang-murmurhash XMLs: ["/home/pete/wefwefwef/docs/other/b6e9e81ba6887e5ba7f3e68db2b68988415effc8/repo/master/.xml/erlang-murmurhash/erlang_murmurhash.xml"]
Generating HTML - erlang_murmurhash "/home/pete/wefwefwef/docs/other/b6e9e81ba6887e5ba7f3e68db2b68988415effc8/repo/master/.xml/erlang-murmurhash/erlang_murmurhash.xml"
Reading XML for "/home/pete/wefwefwef/docs/other/b6e9e81ba6887e5ba7f3e68db2b68988415effc8/repo/master/.xml/erlang-murmurhash/erlang_murmurhash.xml"
Reading XML for "/home/pete/wefwefwef/docs/other/b6e9e81ba6887e5ba7f3e68db2b68988415effc8/repo/master/.xml/specs_erlang_murmurhash.xml"
Creating index.html ...
Creating erldocs_index.js ...
Woot, finished in 0 Minutes 0 Seconds
 :: Discovering other repos
$ 5000  `rm -r '/home/pete/wefwefwef/docs/other/b6e9e81ba6887e5ba7f3e68db2b68988415effc8/erlang-murmurhash-branch-master'  2>&1`
 :: Finishing up
$ 5000  `rm -r '/home/pete/wefwefwef/docs/other/b6e9e81ba6887e5ba7f3e68db2b68988415effc8/erlang-murmurhash'  2>&1`
