 :: Extracting meta information
$ 5000  `git ls-remote --heads --tags 'https://github.com/daqing/erlbtcd'  2>&1`
>>> [repo] 1 branches, 0 tags
 :: Writing meta to "/home/pete/wefwefwef/docs/other/7317896077/meta.txt"
 :: Processing https://github.com/daqing/erlbtcd	{rev,branch,"master","f309440940acdceb7d3bd41639baab0882a9be3e"}
 :: Fetching repo code
$ cd "/home/pete/wefwefwef/docs/other/7317896077/erlbtcd-branch-master/erlbtcd"
$ infinity  `curl --fail --silent --show-error --location --output 'master.zip' 'https://github.com/daqing/erlbtcd/archive/master.zip'  2>&1`
$ cd "/home/pete/wefwefwef/docs/erldocs_other.git"
$ cd "/home/pete/wefwefwef/docs/other/7317896077/erlbtcd-branch-master/erlbtcd"
$ 5000  `find -P . -type l -delete  2>&1`
$ cd "/home/pete/wefwefwef/docs/erldocs_other.git"
$ cd "/home/pete/wefwefwef/docs/other/7317896077/erlbtcd-branch-master/erlbtcd"
$ 5000  `find 'erlbtcd-master' -mindepth 1 -maxdepth 1 -exec mv -t . -- {} +  2>&1`
$ cd "/home/pete/wefwefwef/docs/erldocs_other.git"
 :: Getting dependencies
$ cd "/home/pete/wefwefwef/docs/other/7317896077/erlbtcd-branch-master/erlbtcd"
$ 5000  `ls -1 deps/  2>&1`
$ cd "/home/pete/wefwefwef/docs/erldocs_other.git"
>>> [rebar] deps = []
 :: Generating erldocs into /home/pete/wefwefwef/docs/other/7317896077/repo/master
Building erlbtcd
Generating Type Specs - "/home/pete/wefwefwef/docs/other/7317896077/erlbtcd-branch-master/erlbtcd/src/erlbtcd_app.erl"
Generating Type Specs - "/home/pete/wefwefwef/docs/other/7317896077/erlbtcd-branch-master/erlbtcd/src/erlbtcd_server.erl"
Generating Type Specs - "/home/pete/wefwefwef/docs/other/7317896077/erlbtcd-branch-master/erlbtcd/src/erlbtcd_sup.erl"
Generating XML for application erlbtcd "/home/pete/wefwefwef/docs/other/7317896077/erlbtcd-branch-master/erlbtcd" -> "/home/pete/wefwefwef/docs/other/7317896077/repo/master/.xml/erlbtcd"
Generated erlbtcd XMLs: ["/home/pete/wefwefwef/docs/other/7317896077/repo/master/.xml/erlbtcd/erlbtcd_app.xml",
                         "/home/pete/wefwefwef/docs/other/7317896077/repo/master/.xml/erlbtcd/erlbtcd_sup.xml",
                         "/home/pete/wefwefwef/docs/other/7317896077/repo/master/.xml/erlbtcd/erlbtcd_server.xml"]
Generating HTML - erlbtcd_server "/home/pete/wefwefwef/docs/other/7317896077/repo/master/.xml/erlbtcd/erlbtcd_server.xml"
Reading XML for "/home/pete/wefwefwef/docs/other/7317896077/repo/master/.xml/erlbtcd/erlbtcd_server.xml"
Reading XML for "/home/pete/wefwefwef/docs/other/7317896077/repo/master/.xml/specs_erlbtcd_server.xml"
Generating HTML - erlbtcd_sup "/home/pete/wefwefwef/docs/other/7317896077/repo/master/.xml/erlbtcd/erlbtcd_sup.xml"
Reading XML for "/home/pete/wefwefwef/docs/other/7317896077/repo/master/.xml/erlbtcd/erlbtcd_sup.xml"
Reading XML for "/home/pete/wefwefwef/docs/other/7317896077/repo/master/.xml/specs_erlbtcd_sup.xml"
Generating HTML - erlbtcd_app "/home/pete/wefwefwef/docs/other/7317896077/repo/master/.xml/erlbtcd/erlbtcd_app.xml"
Reading XML for "/home/pete/wefwefwef/docs/other/7317896077/repo/master/.xml/erlbtcd/erlbtcd_app.xml"
Reading XML for "/home/pete/wefwefwef/docs/other/7317896077/repo/master/.xml/specs_erlbtcd_app.xml"
Creating index.html ...
Creating erldocs_index.js ...
Woot, finished in 0 Minutes 0 Seconds
 :: Discovering other repos
$ 5000  `rm -r '/home/pete/wefwefwef/docs/other/7317896077/erlbtcd-branch-master'  2>&1`
 :: Erldocs finishing up
$ 5000  `rm -r '/home/pete/wefwefwef/docs/other/7317896077/erlbtcd'  2>&1`
