 :: Extracting meta information
$ infinity  `git ls-remote --heads --tags 'https://github.com/project-fifo/erltrace'  2>&1`
>>> [repo] 1 branches, 5 tags
WTF {ok,{{"HTTP/1.1",200,"OK"},
         [{"cache-control","max-age=300"},
          {"connection","keep-alive"},
          {"date","Sat, 10 Oct 2015 20:43:23 GMT"},
          {"via","1.1 varnish"},
          {"accept-ranges","bytes"},
          {"etag","\"77ac2bfe778168bfbb8be8df86aa2449796f310e\""},
          {"vary","Authorization,Accept-Encoding"},
          {"content-length","794"},
          {"content-type","text/plain; charset=utf-8"},
          {"expires","Sat, 10 Oct 2015 20:48:23 GMT"},
          {"content-security-policy","default-src 'none'"},
          {"x-xss-protection","1; mode=block"},
          {"x-frame-options","deny"},
          {"x-content-type-options","nosniff"},
          {"strict-transport-security","max-age=31536000"},
          {"x-served-by","cache-lhr6323-LHR"},
          {"x-cache","MISS"},
          {"x-cache-hits","0"},
          {"access-control-allow-origin","*"},
          {"source-age","0"}],
         "{name,\"erltrace\"}.\n{target_path,\"github.com/project-fifo/erltrace\"}.\n{url,\"https://github.com/project-fifo/erltrace\"}.\n{vsn_format,2}.\n{vsn_pass,101}.\n{time_begin,{{2015,9,22},{0,53,6}}}.\n{method,git}.\n{count_tags,4}.\n{count_branches,1}.\n{revisions,[{rev,branch,\"master\",\"3f422b674a06e34372487a259992cd9c0dd800f8\",\n                 true,[],[]},\n            {rev,tag,\"0.1.0\",\"006d1034bdcfb880c6eff9b9c2502c27b65a9ac8\",true,\n                 [],[]},\n            {rev,tag,\"0.1.1\",\"6d877ad0a24e8ea202f6c5c787cbc3e04d6a0b10\",true,\n                 [],[]},\n            {rev,tag,\"0.1.2\",\"9ae2172fe24f930a1e0924686ea5880d031eb828\",true,\n                 [],[]},\n            {rev,tag,\"0.1.3\",\"3f422b674a06e34372487a259992cd9c0dd800f8\",true,\n                 [],[]}]}.\n{time_end,{{2015,9,22},{0,53,7}}}.\n"}}
 :: Writing meta to "/home/pete/wefwefwef/docs/other/02667d3c9ce93810b5b0b141f74eeb53eb6ea5b4/meta.txt"
 :: Skipping tag "0.1.3"
 :: Skipping tag "0.1.0"
 :: Skipping tag "0.1.1"
 :: Skipping tag "0.1.2"
 :: Processing https://github.com/project-fifo/erltrace	{rev,branch,"master","28eaf841c577f9ab6ac6b8cb0a7d391adb35083f",undefined,[],[]}
 :: Fetching repo code
$ cd '/home/pete/wefwefwef/docs/other/02667d3c9ce93810b5b0b141f74eeb53eb6ea5b4/erltrace-branch-master'
$ infinity  `curl --fail --silent --show-error --location --output repo.tar.gz 'https://codeload.github.com/project-fifo/erltrace/tar.gz/master'  2>&1`
$ cd '/home/pete/wefwefwef/docs/erldocs_other.git'
$ cd '/home/pete/wefwefwef/docs/other/02667d3c9ce93810b5b0b141f74eeb53eb6ea5b4/erltrace-branch-master/erltrace-master'
$ 5000  `find -P . -type l -delete  2>&1`
$ cd '/home/pete/wefwefwef/docs/erldocs_other.git'
$ 5000  `mv '/home/pete/wefwefwef/docs/other/02667d3c9ce93810b5b0b141f74eeb53eb6ea5b4/erltrace-branch-master/erltrace-master' '/home/pete/wefwefwef/docs/other/02667d3c9ce93810b5b0b141f74eeb53eb6ea5b4/erltrace-branch-master/erltrace'  2>&1`
 :: Getting dependencies
$ cd '/home/pete/wefwefwef/docs/other/02667d3c9ce93810b5b0b141f74eeb53eb6ea5b4/erltrace-branch-master/erltrace'
$ 5000  `ls -1 deps/  2>&1`
$ cd '/home/pete/wefwefwef/docs/erldocs_other.git'
>>> [rebar] deps = []
 :: Generating erldocs into /home/pete/wefwefwef/docs/other/02667d3c9ce93810b5b0b141f74eeb53eb6ea5b4/repo/master
Building erltrace
Generating Type Specs - "/home/pete/wefwefwef/docs/other/02667d3c9ce93810b5b0b141f74eeb53eb6ea5b4/erltrace-branch-master/erltrace/src/erltrace.erl"
Generating Type Specs - "/home/pete/wefwefwef/docs/other/02667d3c9ce93810b5b0b141f74eeb53eb6ea5b4/erltrace-branch-master/erltrace/src/erltrace_app.erl"
Generating Type Specs - "/home/pete/wefwefwef/docs/other/02667d3c9ce93810b5b0b141f74eeb53eb6ea5b4/erltrace-branch-master/erltrace/src/erltrace_script.erl"
Generating Type Specs - "/home/pete/wefwefwef/docs/other/02667d3c9ce93810b5b0b141f74eeb53eb6ea5b4/erltrace-branch-master/erltrace/src/erltrace_sup.erl"
Generating XML for application erltrace "/home/pete/wefwefwef/docs/other/02667d3c9ce93810b5b0b141f74eeb53eb6ea5b4/erltrace-branch-master/erltrace" -> "/home/pete/wefwefwef/docs/other/02667d3c9ce93810b5b0b141f74eeb53eb6ea5b4/repo/master/.xml/erltrace"
Generated erltrace XMLs: ["/home/pete/wefwefwef/docs/other/02667d3c9ce93810b5b0b141f74eeb53eb6ea5b4/repo/master/.xml/erltrace/erltrace_app.xml",
                          "/home/pete/wefwefwef/docs/other/02667d3c9ce93810b5b0b141f74eeb53eb6ea5b4/repo/master/.xml/erltrace/erltrace_script.xml",
                          "/home/pete/wefwefwef/docs/other/02667d3c9ce93810b5b0b141f74eeb53eb6ea5b4/repo/master/.xml/erltrace/erltrace_sup.xml",
                          "/home/pete/wefwefwef/docs/other/02667d3c9ce93810b5b0b141f74eeb53eb6ea5b4/repo/master/.xml/erltrace/erltrace.xml"]
Generating HTML - erltrace_app "/home/pete/wefwefwef/docs/other/02667d3c9ce93810b5b0b141f74eeb53eb6ea5b4/repo/master/.xml/erltrace/erltrace_app.xml"
Generating HTML - erltrace_script "/home/pete/wefwefwef/docs/other/02667d3c9ce93810b5b0b141f74eeb53eb6ea5b4/repo/master/.xml/erltrace/erltrace_script.xml"
Generating HTML - erltrace_sup "/home/pete/wefwefwef/docs/other/02667d3c9ce93810b5b0b141f74eeb53eb6ea5b4/repo/master/.xml/erltrace/erltrace_sup.xml"
Generating HTML - erltrace "/home/pete/wefwefwef/docs/other/02667d3c9ce93810b5b0b141f74eeb53eb6ea5b4/repo/master/.xml/erltrace/erltrace.xml"
Reading XML for "/home/pete/wefwefwef/docs/other/02667d3c9ce93810b5b0b141f74eeb53eb6ea5b4/repo/master/.xml/erltrace/erltrace_app.xml"
Reading XML for "/home/pete/wefwefwef/docs/other/02667d3c9ce93810b5b0b141f74eeb53eb6ea5b4/repo/master/.xml/erltrace/erltrace_script.xml"
Reading XML for "/home/pete/wefwefwef/docs/other/02667d3c9ce93810b5b0b141f74eeb53eb6ea5b4/repo/master/.xml/erltrace/erltrace_sup.xml"
Reading XML for "/home/pete/wefwefwef/docs/other/02667d3c9ce93810b5b0b141f74eeb53eb6ea5b4/repo/master/.xml/erltrace/erltrace.xml"
Reading XML for "/home/pete/wefwefwef/docs/other/02667d3c9ce93810b5b0b141f74eeb53eb6ea5b4/repo/master/.xml/specs_erltrace_app.xml"
Reading XML for "/home/pete/wefwefwef/docs/other/02667d3c9ce93810b5b0b141f74eeb53eb6ea5b4/repo/master/.xml/specs_erltrace_script.xml"
Reading XML for "/home/pete/wefwefwef/docs/other/02667d3c9ce93810b5b0b141f74eeb53eb6ea5b4/repo/master/.xml/specs_erltrace_sup.xml"
Reading XML for "/home/pete/wefwefwef/docs/other/02667d3c9ce93810b5b0b141f74eeb53eb6ea5b4/repo/master/.xml/specs_erltrace.xml"
Creating index.html ...
Creating erldocs_index.js ...
Woot, finished in 0 Minutes 0 Seconds
 :: Discovering other repos
$ 5000  `rm -r '/home/pete/wefwefwef/docs/other/02667d3c9ce93810b5b0b141f74eeb53eb6ea5b4/erltrace-branch-master'  2>&1`
 :: Processing https://github.com/project-fifo/erltrace	{rev,tag,"0.1.4","28eaf841c577f9ab6ac6b8cb0a7d391adb35083f",undefined,[],[]}
 :: Fetching repo code
$ cd '/home/pete/wefwefwef/docs/other/02667d3c9ce93810b5b0b141f74eeb53eb6ea5b4/erltrace-tag-0.1.4'
$ infinity  `curl --fail --silent --show-error --location --output repo.tar.gz 'https://codeload.github.com/project-fifo/erltrace/tar.gz/0.1.4'  2>&1`
$ cd '/home/pete/wefwefwef/docs/erldocs_other.git'
$ cd '/home/pete/wefwefwef/docs/other/02667d3c9ce93810b5b0b141f74eeb53eb6ea5b4/erltrace-tag-0.1.4/erltrace-0.1.4'
$ 5000  `find -P . -type l -delete  2>&1`
$ cd '/home/pete/wefwefwef/docs/erldocs_other.git'
$ 5000  `mv '/home/pete/wefwefwef/docs/other/02667d3c9ce93810b5b0b141f74eeb53eb6ea5b4/erltrace-tag-0.1.4/erltrace-0.1.4' '/home/pete/wefwefwef/docs/other/02667d3c9ce93810b5b0b141f74eeb53eb6ea5b4/erltrace-tag-0.1.4/erltrace'  2>&1`
 :: Getting dependencies
$ cd '/home/pete/wefwefwef/docs/other/02667d3c9ce93810b5b0b141f74eeb53eb6ea5b4/erltrace-tag-0.1.4/erltrace'
$ 5000  `ls -1 deps/  2>&1`
$ cd '/home/pete/wefwefwef/docs/erldocs_other.git'
>>> [rebar] deps = []
 :: Generating erldocs into /home/pete/wefwefwef/docs/other/02667d3c9ce93810b5b0b141f74eeb53eb6ea5b4/repo/0.1.4
Building erltrace
Generating Type Specs - "/home/pete/wefwefwef/docs/other/02667d3c9ce93810b5b0b141f74eeb53eb6ea5b4/erltrace-tag-0.1.4/erltrace/src/erltrace.erl"
Generating Type Specs - "/home/pete/wefwefwef/docs/other/02667d3c9ce93810b5b0b141f74eeb53eb6ea5b4/erltrace-tag-0.1.4/erltrace/src/erltrace_app.erl"
Generating Type Specs - "/home/pete/wefwefwef/docs/other/02667d3c9ce93810b5b0b141f74eeb53eb6ea5b4/erltrace-tag-0.1.4/erltrace/src/erltrace_script.erl"
Generating Type Specs - "/home/pete/wefwefwef/docs/other/02667d3c9ce93810b5b0b141f74eeb53eb6ea5b4/erltrace-tag-0.1.4/erltrace/src/erltrace_sup.erl"
Generating XML for application erltrace "/home/pete/wefwefwef/docs/other/02667d3c9ce93810b5b0b141f74eeb53eb6ea5b4/erltrace-tag-0.1.4/erltrace" -> "/home/pete/wefwefwef/docs/other/02667d3c9ce93810b5b0b141f74eeb53eb6ea5b4/repo/0.1.4/.xml/erltrace"
Generated erltrace XMLs: ["/home/pete/wefwefwef/docs/other/02667d3c9ce93810b5b0b141f74eeb53eb6ea5b4/repo/0.1.4/.xml/erltrace/erltrace_app.xml",
                          "/home/pete/wefwefwef/docs/other/02667d3c9ce93810b5b0b141f74eeb53eb6ea5b4/repo/0.1.4/.xml/erltrace/erltrace_script.xml",
                          "/home/pete/wefwefwef/docs/other/02667d3c9ce93810b5b0b141f74eeb53eb6ea5b4/repo/0.1.4/.xml/erltrace/erltrace_sup.xml",
                          "/home/pete/wefwefwef/docs/other/02667d3c9ce93810b5b0b141f74eeb53eb6ea5b4/repo/0.1.4/.xml/erltrace/erltrace.xml"]
Generating HTML - erltrace_app "/home/pete/wefwefwef/docs/other/02667d3c9ce93810b5b0b141f74eeb53eb6ea5b4/repo/0.1.4/.xml/erltrace/erltrace_app.xml"
Generating HTML - erltrace_script "/home/pete/wefwefwef/docs/other/02667d3c9ce93810b5b0b141f74eeb53eb6ea5b4/repo/0.1.4/.xml/erltrace/erltrace_script.xml"
Generating HTML - erltrace_sup "/home/pete/wefwefwef/docs/other/02667d3c9ce93810b5b0b141f74eeb53eb6ea5b4/repo/0.1.4/.xml/erltrace/erltrace_sup.xml"
Generating HTML - erltrace "/home/pete/wefwefwef/docs/other/02667d3c9ce93810b5b0b141f74eeb53eb6ea5b4/repo/0.1.4/.xml/erltrace/erltrace.xml"
Reading XML for "/home/pete/wefwefwef/docs/other/02667d3c9ce93810b5b0b141f74eeb53eb6ea5b4/repo/0.1.4/.xml/erltrace/erltrace_app.xml"
Reading XML for "/home/pete/wefwefwef/docs/other/02667d3c9ce93810b5b0b141f74eeb53eb6ea5b4/repo/0.1.4/.xml/erltrace/erltrace_script.xml"
Reading XML for "/home/pete/wefwefwef/docs/other/02667d3c9ce93810b5b0b141f74eeb53eb6ea5b4/repo/0.1.4/.xml/erltrace/erltrace_sup.xml"
Reading XML for "/home/pete/wefwefwef/docs/other/02667d3c9ce93810b5b0b141f74eeb53eb6ea5b4/repo/0.1.4/.xml/erltrace/erltrace.xml"
Reading XML for "/home/pete/wefwefwef/docs/other/02667d3c9ce93810b5b0b141f74eeb53eb6ea5b4/repo/0.1.4/.xml/specs_erltrace_app.xml"
Reading XML for "/home/pete/wefwefwef/docs/other/02667d3c9ce93810b5b0b141f74eeb53eb6ea5b4/repo/0.1.4/.xml/specs_erltrace_sup.xml"
Reading XML for "/home/pete/wefwefwef/docs/other/02667d3c9ce93810b5b0b141f74eeb53eb6ea5b4/repo/0.1.4/.xml/specs_erltrace_script.xml"
Reading XML for "/home/pete/wefwefwef/docs/other/02667d3c9ce93810b5b0b141f74eeb53eb6ea5b4/repo/0.1.4/.xml/specs_erltrace.xml"
Creating index.html ...
Creating erldocs_index.js ...
Woot, finished in 0 Minutes 0 Seconds
 :: Discovering other repos
$ 5000  `rm -r '/home/pete/wefwefwef/docs/other/02667d3c9ce93810b5b0b141f74eeb53eb6ea5b4/erltrace-tag-0.1.4'  2>&1`
 :: Finishing up
$ 5000  `rm -r '/home/pete/wefwefwef/docs/other/02667d3c9ce93810b5b0b141f74eeb53eb6ea5b4/erltrace'  2>&1`
