 :: Extracting meta information
$ 5000  `git ls-remote --heads --tags 'https://github.com/project-fifo/erltrace'  2>&1`
>>> [repo] 1 branches, 3 tags
 :: Writing meta to "/home/pete/wefwefwef/docs/other/8341630805/meta.txt"
 :: Processing https://github.com/project-fifo/erltrace	{rev,tag,"0.1.0","006d1034bdcfb880c6eff9b9c2502c27b65a9ac8"}
 :: Fetching repo code
$ cd "/home/pete/wefwefwef/docs/other/8341630805/erltrace-tag-0.1.0/erltrace"
$ infinity  `curl --fail --silent --show-error --location --output '0.1.0.zip' 'https://github.com/project-fifo/erltrace/archive/0.1.0.zip'  2>&1`
$ cd "/home/pete/wefwefwef/docs/erldocs_other.git"
$ cd "/home/pete/wefwefwef/docs/other/8341630805/erltrace-tag-0.1.0/erltrace"
$ 5000  `find -P . -type l -delete  2>&1`
$ cd "/home/pete/wefwefwef/docs/erldocs_other.git"
$ cd "/home/pete/wefwefwef/docs/other/8341630805/erltrace-tag-0.1.0/erltrace"
$ 5000  `find 'erltrace-0.1.0' -mindepth 1 -maxdepth 1 -exec mv -t . -- {} +  2>&1`
$ cd "/home/pete/wefwefwef/docs/erldocs_other.git"
 :: Getting dependencies
$ cd "/home/pete/wefwefwef/docs/other/8341630805/erltrace-tag-0.1.0/erltrace"
$ 5000  `ls -1 deps/  2>&1`
$ cd "/home/pete/wefwefwef/docs/erldocs_other.git"
>>> [rebar] deps = []
 :: Generating erldocs into /home/pete/wefwefwef/docs/other/8341630805/repo/0.1.0
Building erltrace
Generating Type Specs - "/home/pete/wefwefwef/docs/other/8341630805/erltrace-tag-0.1.0/erltrace/src/erltrace.erl"
Generating Type Specs - "/home/pete/wefwefwef/docs/other/8341630805/erltrace-tag-0.1.0/erltrace/src/erltrace_app.erl"
Generating Type Specs - "/home/pete/wefwefwef/docs/other/8341630805/erltrace-tag-0.1.0/erltrace/src/erltrace_sup.erl"
Generating XML for application erltrace "/home/pete/wefwefwef/docs/other/8341630805/erltrace-tag-0.1.0/erltrace" -> "/home/pete/wefwefwef/docs/other/8341630805/repo/0.1.0/.xml/erltrace"
Generated erltrace XMLs: ["/home/pete/wefwefwef/docs/other/8341630805/repo/0.1.0/.xml/erltrace/erltrace_app.xml",
                          "/home/pete/wefwefwef/docs/other/8341630805/repo/0.1.0/.xml/erltrace/erltrace_sup.xml",
                          "/home/pete/wefwefwef/docs/other/8341630805/repo/0.1.0/.xml/erltrace/erltrace.xml"]
Generating HTML - erltrace "/home/pete/wefwefwef/docs/other/8341630805/repo/0.1.0/.xml/erltrace/erltrace.xml"
Reading XML for "/home/pete/wefwefwef/docs/other/8341630805/repo/0.1.0/.xml/erltrace/erltrace.xml"
Reading XML for "/home/pete/wefwefwef/docs/other/8341630805/repo/0.1.0/.xml/specs_erltrace.xml"
Generating HTML - erltrace_sup "/home/pete/wefwefwef/docs/other/8341630805/repo/0.1.0/.xml/erltrace/erltrace_sup.xml"
Reading XML for "/home/pete/wefwefwef/docs/other/8341630805/repo/0.1.0/.xml/erltrace/erltrace_sup.xml"
Reading XML for "/home/pete/wefwefwef/docs/other/8341630805/repo/0.1.0/.xml/specs_erltrace_sup.xml"
Generating HTML - erltrace_app "/home/pete/wefwefwef/docs/other/8341630805/repo/0.1.0/.xml/erltrace/erltrace_app.xml"
Reading XML for "/home/pete/wefwefwef/docs/other/8341630805/repo/0.1.0/.xml/erltrace/erltrace_app.xml"
Reading XML for "/home/pete/wefwefwef/docs/other/8341630805/repo/0.1.0/.xml/specs_erltrace_app.xml"
Creating index.html ...
Creating erldocs_index.js ...
Woot, finished in 0 Minutes 0 Seconds
 :: Discovering other repos
$ 5000  `rm -r '/home/pete/wefwefwef/docs/other/8341630805/erltrace-tag-0.1.0'  2>&1`
 :: Processing https://github.com/project-fifo/erltrace	{rev,tag,"0.1.1","6d877ad0a24e8ea202f6c5c787cbc3e04d6a0b10"}
 :: Fetching repo code
$ cd "/home/pete/wefwefwef/docs/other/8341630805/erltrace-tag-0.1.1/erltrace"
$ infinity  `curl --fail --silent --show-error --location --output '0.1.1.zip' 'https://github.com/project-fifo/erltrace/archive/0.1.1.zip'  2>&1`
$ cd "/home/pete/wefwefwef/docs/erldocs_other.git"
$ cd "/home/pete/wefwefwef/docs/other/8341630805/erltrace-tag-0.1.1/erltrace"
$ 5000  `find -P . -type l -delete  2>&1`
$ cd "/home/pete/wefwefwef/docs/erldocs_other.git"
$ cd "/home/pete/wefwefwef/docs/other/8341630805/erltrace-tag-0.1.1/erltrace"
$ 5000  `find 'erltrace-0.1.1' -mindepth 1 -maxdepth 1 -exec mv -t . -- {} +  2>&1`
$ cd "/home/pete/wefwefwef/docs/erldocs_other.git"
 :: Getting dependencies
$ cd "/home/pete/wefwefwef/docs/other/8341630805/erltrace-tag-0.1.1/erltrace"
$ 5000  `ls -1 deps/  2>&1`
$ cd "/home/pete/wefwefwef/docs/erldocs_other.git"
>>> [rebar] deps = []
 :: Generating erldocs into /home/pete/wefwefwef/docs/other/8341630805/repo/0.1.1
Building erltrace
Generating Type Specs - "/home/pete/wefwefwef/docs/other/8341630805/erltrace-tag-0.1.1/erltrace/src/erltrace.erl"
Generating Type Specs - "/home/pete/wefwefwef/docs/other/8341630805/erltrace-tag-0.1.1/erltrace/src/erltrace_app.erl"
Generating Type Specs - "/home/pete/wefwefwef/docs/other/8341630805/erltrace-tag-0.1.1/erltrace/src/erltrace_sup.erl"
Generating XML for application erltrace "/home/pete/wefwefwef/docs/other/8341630805/erltrace-tag-0.1.1/erltrace" -> "/home/pete/wefwefwef/docs/other/8341630805/repo/0.1.1/.xml/erltrace"
Generated erltrace XMLs: ["/home/pete/wefwefwef/docs/other/8341630805/repo/0.1.1/.xml/erltrace/erltrace_app.xml",
                          "/home/pete/wefwefwef/docs/other/8341630805/repo/0.1.1/.xml/erltrace/erltrace_sup.xml",
                          "/home/pete/wefwefwef/docs/other/8341630805/repo/0.1.1/.xml/erltrace/erltrace.xml"]
Generating HTML - erltrace "/home/pete/wefwefwef/docs/other/8341630805/repo/0.1.1/.xml/erltrace/erltrace.xml"
Reading XML for "/home/pete/wefwefwef/docs/other/8341630805/repo/0.1.1/.xml/erltrace/erltrace.xml"
Reading XML for "/home/pete/wefwefwef/docs/other/8341630805/repo/0.1.1/.xml/specs_erltrace.xml"
Generating HTML - erltrace_sup "/home/pete/wefwefwef/docs/other/8341630805/repo/0.1.1/.xml/erltrace/erltrace_sup.xml"
Reading XML for "/home/pete/wefwefwef/docs/other/8341630805/repo/0.1.1/.xml/erltrace/erltrace_sup.xml"
Reading XML for "/home/pete/wefwefwef/docs/other/8341630805/repo/0.1.1/.xml/specs_erltrace_sup.xml"
Generating HTML - erltrace_app "/home/pete/wefwefwef/docs/other/8341630805/repo/0.1.1/.xml/erltrace/erltrace_app.xml"
Reading XML for "/home/pete/wefwefwef/docs/other/8341630805/repo/0.1.1/.xml/erltrace/erltrace_app.xml"
Reading XML for "/home/pete/wefwefwef/docs/other/8341630805/repo/0.1.1/.xml/specs_erltrace_app.xml"
Creating index.html ...
Creating erldocs_index.js ...
Woot, finished in 0 Minutes 0 Seconds
 :: Discovering other repos
$ 5000  `rm -r '/home/pete/wefwefwef/docs/other/8341630805/erltrace-tag-0.1.1'  2>&1`
 :: Processing https://github.com/project-fifo/erltrace	{rev,tag,"0.1.2","9ae2172fe24f930a1e0924686ea5880d031eb828"}
 :: Fetching repo code
$ cd "/home/pete/wefwefwef/docs/other/8341630805/erltrace-tag-0.1.2/erltrace"
$ infinity  `curl --fail --silent --show-error --location --output '0.1.2.zip' 'https://github.com/project-fifo/erltrace/archive/0.1.2.zip'  2>&1`
$ cd "/home/pete/wefwefwef/docs/erldocs_other.git"
$ cd "/home/pete/wefwefwef/docs/other/8341630805/erltrace-tag-0.1.2/erltrace"
$ 5000  `find -P . -type l -delete  2>&1`
$ cd "/home/pete/wefwefwef/docs/erldocs_other.git"
$ cd "/home/pete/wefwefwef/docs/other/8341630805/erltrace-tag-0.1.2/erltrace"
$ 5000  `find 'erltrace-0.1.2' -mindepth 1 -maxdepth 1 -exec mv -t . -- {} +  2>&1`
$ cd "/home/pete/wefwefwef/docs/erldocs_other.git"
 :: Getting dependencies
$ cd "/home/pete/wefwefwef/docs/other/8341630805/erltrace-tag-0.1.2/erltrace"
$ 5000  `ls -1 deps/  2>&1`
$ cd "/home/pete/wefwefwef/docs/erldocs_other.git"
>>> [rebar] deps = []
 :: Generating erldocs into /home/pete/wefwefwef/docs/other/8341630805/repo/0.1.2
Building erltrace
Generating Type Specs - "/home/pete/wefwefwef/docs/other/8341630805/erltrace-tag-0.1.2/erltrace/src/erltrace.erl"
Generating Type Specs - "/home/pete/wefwefwef/docs/other/8341630805/erltrace-tag-0.1.2/erltrace/src/erltrace_app.erl"
Generating Type Specs - "/home/pete/wefwefwef/docs/other/8341630805/erltrace-tag-0.1.2/erltrace/src/erltrace_sup.erl"
Generating XML for application erltrace "/home/pete/wefwefwef/docs/other/8341630805/erltrace-tag-0.1.2/erltrace" -> "/home/pete/wefwefwef/docs/other/8341630805/repo/0.1.2/.xml/erltrace"
Generated erltrace XMLs: ["/home/pete/wefwefwef/docs/other/8341630805/repo/0.1.2/.xml/erltrace/erltrace_app.xml",
                          "/home/pete/wefwefwef/docs/other/8341630805/repo/0.1.2/.xml/erltrace/erltrace_sup.xml",
                          "/home/pete/wefwefwef/docs/other/8341630805/repo/0.1.2/.xml/erltrace/erltrace.xml"]
Generating HTML - erltrace "/home/pete/wefwefwef/docs/other/8341630805/repo/0.1.2/.xml/erltrace/erltrace.xml"
Reading XML for "/home/pete/wefwefwef/docs/other/8341630805/repo/0.1.2/.xml/erltrace/erltrace.xml"
Reading XML for "/home/pete/wefwefwef/docs/other/8341630805/repo/0.1.2/.xml/specs_erltrace.xml"
Generating HTML - erltrace_sup "/home/pete/wefwefwef/docs/other/8341630805/repo/0.1.2/.xml/erltrace/erltrace_sup.xml"
Reading XML for "/home/pete/wefwefwef/docs/other/8341630805/repo/0.1.2/.xml/erltrace/erltrace_sup.xml"
Reading XML for "/home/pete/wefwefwef/docs/other/8341630805/repo/0.1.2/.xml/specs_erltrace_sup.xml"
Generating HTML - erltrace_app "/home/pete/wefwefwef/docs/other/8341630805/repo/0.1.2/.xml/erltrace/erltrace_app.xml"
Reading XML for "/home/pete/wefwefwef/docs/other/8341630805/repo/0.1.2/.xml/erltrace/erltrace_app.xml"
Reading XML for "/home/pete/wefwefwef/docs/other/8341630805/repo/0.1.2/.xml/specs_erltrace_app.xml"
Creating index.html ...
Creating erldocs_index.js ...
Woot, finished in 0 Minutes 0 Seconds
 :: Discovering other repos
$ 5000  `rm -r '/home/pete/wefwefwef/docs/other/8341630805/erltrace-tag-0.1.2'  2>&1`
 :: Processing https://github.com/project-fifo/erltrace	{rev,branch,"master","4a171a70962f4414f3f29733fd329f557a440e00"}
 :: Fetching repo code
$ cd "/home/pete/wefwefwef/docs/other/8341630805/erltrace-branch-master/erltrace"
$ infinity  `curl --fail --silent --show-error --location --output 'master.zip' 'https://github.com/project-fifo/erltrace/archive/master.zip'  2>&1`
$ cd "/home/pete/wefwefwef/docs/erldocs_other.git"
$ cd "/home/pete/wefwefwef/docs/other/8341630805/erltrace-branch-master/erltrace"
$ 5000  `find -P . -type l -delete  2>&1`
$ cd "/home/pete/wefwefwef/docs/erldocs_other.git"
$ cd "/home/pete/wefwefwef/docs/other/8341630805/erltrace-branch-master/erltrace"
$ 5000  `find 'erltrace-master' -mindepth 1 -maxdepth 1 -exec mv -t . -- {} +  2>&1`
$ cd "/home/pete/wefwefwef/docs/erldocs_other.git"
 :: Getting dependencies
$ cd "/home/pete/wefwefwef/docs/other/8341630805/erltrace-branch-master/erltrace"
$ 5000  `ls -1 deps/  2>&1`
$ cd "/home/pete/wefwefwef/docs/erldocs_other.git"
>>> [rebar] deps = []
 :: Generating erldocs into /home/pete/wefwefwef/docs/other/8341630805/repo/master
Building erltrace
Generating Type Specs - "/home/pete/wefwefwef/docs/other/8341630805/erltrace-branch-master/erltrace/src/erltrace.erl"
Generating Type Specs - "/home/pete/wefwefwef/docs/other/8341630805/erltrace-branch-master/erltrace/src/erltrace_app.erl"
Generating Type Specs - "/home/pete/wefwefwef/docs/other/8341630805/erltrace-branch-master/erltrace/src/erltrace_sup.erl"
Generating XML for application erltrace "/home/pete/wefwefwef/docs/other/8341630805/erltrace-branch-master/erltrace" -> "/home/pete/wefwefwef/docs/other/8341630805/repo/master/.xml/erltrace"
Generated erltrace XMLs: ["/home/pete/wefwefwef/docs/other/8341630805/repo/master/.xml/erltrace/erltrace_app.xml",
                          "/home/pete/wefwefwef/docs/other/8341630805/repo/master/.xml/erltrace/erltrace_sup.xml",
                          "/home/pete/wefwefwef/docs/other/8341630805/repo/master/.xml/erltrace/erltrace.xml"]
Generating HTML - erltrace "/home/pete/wefwefwef/docs/other/8341630805/repo/master/.xml/erltrace/erltrace.xml"
Reading XML for "/home/pete/wefwefwef/docs/other/8341630805/repo/master/.xml/erltrace/erltrace.xml"
Reading XML for "/home/pete/wefwefwef/docs/other/8341630805/repo/master/.xml/specs_erltrace.xml"
Generating HTML - erltrace_sup "/home/pete/wefwefwef/docs/other/8341630805/repo/master/.xml/erltrace/erltrace_sup.xml"
Reading XML for "/home/pete/wefwefwef/docs/other/8341630805/repo/master/.xml/erltrace/erltrace_sup.xml"
Reading XML for "/home/pete/wefwefwef/docs/other/8341630805/repo/master/.xml/specs_erltrace_sup.xml"
Generating HTML - erltrace_app "/home/pete/wefwefwef/docs/other/8341630805/repo/master/.xml/erltrace/erltrace_app.xml"
Reading XML for "/home/pete/wefwefwef/docs/other/8341630805/repo/master/.xml/erltrace/erltrace_app.xml"
Reading XML for "/home/pete/wefwefwef/docs/other/8341630805/repo/master/.xml/specs_erltrace_app.xml"
Creating index.html ...
Creating erldocs_index.js ...
Woot, finished in 0 Minutes 0 Seconds
 :: Discovering other repos
$ 5000  `rm -r '/home/pete/wefwefwef/docs/other/8341630805/erltrace-branch-master'  2>&1`
 :: Erldocs finishing up
$ 5000  `rm -r '/home/pete/wefwefwef/docs/other/8341630805/erltrace'  2>&1`
