 :: Extracting meta information
$ 5000  `git ls-remote --heads --tags 'https://github.com/cloudi/cloudi_service_db_couchdb'  2>&1`
>>> [repo] 1 branches, 13 tags
 :: Writing meta to "/home/pete/wefwefwef/docs/other/2260917341/meta.txt"
 :: Processing https://github.com/cloudi/cloudi_service_db_couchdb	{rev,tag,"v1.3.0","803b067b99ecd01bc3fe5724119f68f95b9b4ff0",undefined,[],[]}
 :: Fetching repo code
$ cd "/home/pete/wefwefwef/docs/other/2260917341/cloudi_service_db_couchdb-tag-v1.3.0/cloudi_service_db_couchdb"
$ infinity  `curl --fail --silent --show-error --location --output 'v1.3.0.zip' 'https://github.com/cloudi/cloudi_service_db_couchdb/archive/v1.3.0.zip'  2>&1`
$ cd "/home/pete/wefwefwef/docs/erldocs_other.git"
$ cd "/home/pete/wefwefwef/docs/other/2260917341/cloudi_service_db_couchdb-tag-v1.3.0/cloudi_service_db_couchdb"
$ 5000  `find -P . -type l -delete  2>&1`
$ cd "/home/pete/wefwefwef/docs/erldocs_other.git"
$ cd "/home/pete/wefwefwef/docs/other/2260917341/cloudi_service_db_couchdb-tag-v1.3.0/cloudi_service_db_couchdb"
$ 5000  `find 'cloudi_service_db_couchdb-1.3.0' -mindepth 1 -maxdepth 1 -exec mv -t . -- {} +  2>&1`
$ cd "/home/pete/wefwefwef/docs/erldocs_other.git"
 :: Getting dependencies
$ cd "/home/pete/wefwefwef/docs/other/2260917341/cloudi_service_db_couchdb-tag-v1.3.0/cloudi_service_db_couchdb"
$ infinity  `rebar --config '/home/pete/wefwefwef/docs/other/2260917341/cloudi_service_db_couchdb-tag-v1.3.0/rebar_deps' get-deps  2>&1`
$ cd "/home/pete/wefwefwef/docs/erldocs_other.git"
$ cd "/home/pete/wefwefwef/docs/other/2260917341/cloudi_service_db_couchdb-tag-v1.3.0/cloudi_service_db_couchdb"
$ 5000  `find -P . -type l -delete  2>&1`
$ cd "/home/pete/wefwefwef/docs/erldocs_other.git"
$ cd "/home/pete/wefwefwef/docs/other/2260917341/cloudi_service_db_couchdb-tag-v1.3.0/cloudi_service_db_couchdb"
$ 5000  `ls -1 deps/  2>&1`
$ cd "/home/pete/wefwefwef/docs/erldocs_other.git"
>>> [rebar] deps = ["cloudi_core","cpg","dynamic_compile","ecouchdb",
                    "erlang_term","erlcloud","jsx","key2value","keys1value",
                    "lhttpc","meck","nodefinder","pqueue","quickrand",
                    "reltool_util","syslog","trie","uuid"]
 :: Generating erldocs into /home/pete/wefwefwef/docs/other/2260917341/repo/v1.3.0
Building cloudi_service_db_couchdb
Generating Type Specs - "/home/pete/wefwefwef/docs/other/2260917341/cloudi_service_db_couchdb-tag-v1.3.0/cloudi_service_db_couchdb/src/cloudi_service_db_couchdb.erl"
Generating XML for application cloudi_service_db_couchdb "/home/pete/wefwefwef/docs/other/2260917341/cloudi_service_db_couchdb-tag-v1.3.0/cloudi_service_db_couchdb" -> "/home/pete/wefwefwef/docs/other/2260917341/repo/v1.3.0/.xml/cloudi_service_db_couchdb"
Generated cloudi_service_db_couchdb XMLs: ["/home/pete/wefwefwef/docs/other/2260917341/repo/v1.3.0/.xml/cloudi_service_db_couchdb/cloudi_service_db_couchdb.xml"]
Generating HTML - cloudi_service_db_couchdb "/home/pete/wefwefwef/docs/other/2260917341/repo/v1.3.0/.xml/cloudi_service_db_couchdb/cloudi_service_db_couchdb.xml"
Reading XML for "/home/pete/wefwefwef/docs/other/2260917341/repo/v1.3.0/.xml/cloudi_service_db_couchdb/cloudi_service_db_couchdb.xml"
Reading XML for "/home/pete/wefwefwef/docs/other/2260917341/repo/v1.3.0/.xml/specs_cloudi_service_db_couchdb.xml"
Creating index.html ...
Creating erldocs_index.js ...
Woot, finished in 0 Minutes 0 Seconds
 :: Discovering other repos
$ 5000  `rm -r '/home/pete/wefwefwef/docs/other/2260917341/cloudi_service_db_couchdb-tag-v1.3.0'  2>&1`
 :: Processing https://github.com/cloudi/cloudi_service_db_couchdb	{rev,tag,"v1.3.1","93fe9f391097aa19c4fae451dd17f4292d36f709",undefined,[],[]}
 :: Fetching repo code
$ cd "/home/pete/wefwefwef/docs/other/2260917341/cloudi_service_db_couchdb-tag-v1.3.1/cloudi_service_db_couchdb"
$ infinity  `curl --fail --silent --show-error --location --output 'v1.3.1.zip' 'https://github.com/cloudi/cloudi_service_db_couchdb/archive/v1.3.1.zip'  2>&1`
$ cd "/home/pete/wefwefwef/docs/erldocs_other.git"
$ cd "/home/pete/wefwefwef/docs/other/2260917341/cloudi_service_db_couchdb-tag-v1.3.1/cloudi_service_db_couchdb"
$ 5000  `find -P . -type l -delete  2>&1`
$ cd "/home/pete/wefwefwef/docs/erldocs_other.git"
$ cd "/home/pete/wefwefwef/docs/other/2260917341/cloudi_service_db_couchdb-tag-v1.3.1/cloudi_service_db_couchdb"
$ 5000  `find 'cloudi_service_db_couchdb-1.3.1' -mindepth 1 -maxdepth 1 -exec mv -t . -- {} +  2>&1`
$ cd "/home/pete/wefwefwef/docs/erldocs_other.git"
 :: Getting dependencies
$ cd "/home/pete/wefwefwef/docs/other/2260917341/cloudi_service_db_couchdb-tag-v1.3.1/cloudi_service_db_couchdb"
$ infinity  `rebar --config '/home/pete/wefwefwef/docs/other/2260917341/cloudi_service_db_couchdb-tag-v1.3.1/rebar_deps' get-deps  2>&1`
$ cd "/home/pete/wefwefwef/docs/erldocs_other.git"
$ cd "/home/pete/wefwefwef/docs/other/2260917341/cloudi_service_db_couchdb-tag-v1.3.1/cloudi_service_db_couchdb"
$ 5000  `find -P . -type l -delete  2>&1`
$ cd "/home/pete/wefwefwef/docs/erldocs_other.git"
$ cd "/home/pete/wefwefwef/docs/other/2260917341/cloudi_service_db_couchdb-tag-v1.3.1/cloudi_service_db_couchdb"
$ 5000  `ls -1 deps/  2>&1`
$ cd "/home/pete/wefwefwef/docs/erldocs_other.git"
>>> [rebar] deps = ["cloudi_core","cpg","ecouchdb","key2value","pqueue",
                    "quickrand","reltool_util","trie","uuid"]
 :: Generating erldocs into /home/pete/wefwefwef/docs/other/2260917341/repo/v1.3.1
Building cloudi_service_db_couchdb
Generating Type Specs - "/home/pete/wefwefwef/docs/other/2260917341/cloudi_service_db_couchdb-tag-v1.3.1/cloudi_service_db_couchdb/src/cloudi_service_db_couchdb.erl"
Generating XML for application cloudi_service_db_couchdb "/home/pete/wefwefwef/docs/other/2260917341/cloudi_service_db_couchdb-tag-v1.3.1/cloudi_service_db_couchdb" -> "/home/pete/wefwefwef/docs/other/2260917341/repo/v1.3.1/.xml/cloudi_service_db_couchdb"
Generated cloudi_service_db_couchdb XMLs: ["/home/pete/wefwefwef/docs/other/2260917341/repo/v1.3.1/.xml/cloudi_service_db_couchdb/cloudi_service_db_couchdb.xml"]
Generating HTML - cloudi_service_db_couchdb "/home/pete/wefwefwef/docs/other/2260917341/repo/v1.3.1/.xml/cloudi_service_db_couchdb/cloudi_service_db_couchdb.xml"
Reading XML for "/home/pete/wefwefwef/docs/other/2260917341/repo/v1.3.1/.xml/cloudi_service_db_couchdb/cloudi_service_db_couchdb.xml"
Reading XML for "/home/pete/wefwefwef/docs/other/2260917341/repo/v1.3.1/.xml/specs_cloudi_service_db_couchdb.xml"
Creating index.html ...
Creating erldocs_index.js ...
Woot, finished in 0 Minutes 0 Seconds
 :: Discovering other repos
$ 5000  `rm -r '/home/pete/wefwefwef/docs/other/2260917341/cloudi_service_db_couchdb-tag-v1.3.1'  2>&1`
 :: Processing https://github.com/cloudi/cloudi_service_db_couchdb	{rev,tag,"v1.3.1.1","dddb6a0c15e7718654c12470cb078cbf756a0e1f",undefined,[],[]}
 :: Fetching repo code
$ cd "/home/pete/wefwefwef/docs/other/2260917341/cloudi_service_db_couchdb-tag-v1.3.1.1/cloudi_service_db_couchdb"
$ infinity  `curl --fail --silent --show-error --location --output 'v1.3.1.1.zip' 'https://github.com/cloudi/cloudi_service_db_couchdb/archive/v1.3.1.1.zip'  2>&1`
$ cd "/home/pete/wefwefwef/docs/erldocs_other.git"
$ cd "/home/pete/wefwefwef/docs/other/2260917341/cloudi_service_db_couchdb-tag-v1.3.1.1/cloudi_service_db_couchdb"
$ 5000  `find -P . -type l -delete  2>&1`
$ cd "/home/pete/wefwefwef/docs/erldocs_other.git"
$ cd "/home/pete/wefwefwef/docs/other/2260917341/cloudi_service_db_couchdb-tag-v1.3.1.1/cloudi_service_db_couchdb"
$ 5000  `find 'cloudi_service_db_couchdb-1.3.1.1' -mindepth 1 -maxdepth 1 -exec mv -t . -- {} +  2>&1`
$ cd "/home/pete/wefwefwef/docs/erldocs_other.git"
 :: Getting dependencies
$ cd "/home/pete/wefwefwef/docs/other/2260917341/cloudi_service_db_couchdb-tag-v1.3.1.1/cloudi_service_db_couchdb"
$ infinity  `rebar --config '/home/pete/wefwefwef/docs/other/2260917341/cloudi_service_db_couchdb-tag-v1.3.1.1/rebar_deps' get-deps  2>&1`
$ cd "/home/pete/wefwefwef/docs/erldocs_other.git"
$ cd "/home/pete/wefwefwef/docs/other/2260917341/cloudi_service_db_couchdb-tag-v1.3.1.1/cloudi_service_db_couchdb"
$ 5000  `find -P . -type l -delete  2>&1`
$ cd "/home/pete/wefwefwef/docs/erldocs_other.git"
$ cd "/home/pete/wefwefwef/docs/other/2260917341/cloudi_service_db_couchdb-tag-v1.3.1.1/cloudi_service_db_couchdb"
$ 5000  `ls -1 deps/  2>&1`
$ cd "/home/pete/wefwefwef/docs/erldocs_other.git"
>>> [rebar] deps = ["cloudi_core","cpg","dynamic_compile","ecouchdb",
                    "erlcloud","jsx","key2value","lhttpc","meck","nodefinder",
                    "pqueue","quickrand","reltool_util","syslog","trie",
                    "uuid"]
 :: Generating erldocs into /home/pete/wefwefwef/docs/other/2260917341/repo/v1.3.1.1
Building cloudi_service_db_couchdb
Generating Type Specs - "/home/pete/wefwefwef/docs/other/2260917341/cloudi_service_db_couchdb-tag-v1.3.1.1/cloudi_service_db_couchdb/src/cloudi_service_db_couchdb.erl"
Generating XML for application cloudi_service_db_couchdb "/home/pete/wefwefwef/docs/other/2260917341/cloudi_service_db_couchdb-tag-v1.3.1.1/cloudi_service_db_couchdb" -> "/home/pete/wefwefwef/docs/other/2260917341/repo/v1.3.1.1/.xml/cloudi_service_db_couchdb"
Generated cloudi_service_db_couchdb XMLs: ["/home/pete/wefwefwef/docs/other/2260917341/repo/v1.3.1.1/.xml/cloudi_service_db_couchdb/cloudi_service_db_couchdb.xml"]
Generating HTML - cloudi_service_db_couchdb "/home/pete/wefwefwef/docs/other/2260917341/repo/v1.3.1.1/.xml/cloudi_service_db_couchdb/cloudi_service_db_couchdb.xml"
Reading XML for "/home/pete/wefwefwef/docs/other/2260917341/repo/v1.3.1.1/.xml/cloudi_service_db_couchdb/cloudi_service_db_couchdb.xml"
Reading XML for "/home/pete/wefwefwef/docs/other/2260917341/repo/v1.3.1.1/.xml/specs_cloudi_service_db_couchdb.xml"
Creating index.html ...
Creating erldocs_index.js ...
Woot, finished in 0 Minutes 0 Seconds
 :: Discovering other repos
$ 5000  `rm -r '/home/pete/wefwefwef/docs/other/2260917341/cloudi_service_db_couchdb-tag-v1.3.1.1'  2>&1`
 :: Processing https://github.com/cloudi/cloudi_service_db_couchdb	{rev,tag,"v1.3.1.2","a38c8d86a7979d0e6674130732031cdf705858c0",undefined,[],[]}
 :: Fetching repo code
$ cd "/home/pete/wefwefwef/docs/other/2260917341/cloudi_service_db_couchdb-tag-v1.3.1.2/cloudi_service_db_couchdb"
$ infinity  `curl --fail --silent --show-error --location --output 'v1.3.1.2.zip' 'https://github.com/cloudi/cloudi_service_db_couchdb/archive/v1.3.1.2.zip'  2>&1`
$ cd "/home/pete/wefwefwef/docs/erldocs_other.git"
$ cd "/home/pete/wefwefwef/docs/other/2260917341/cloudi_service_db_couchdb-tag-v1.3.1.2/cloudi_service_db_couchdb"
$ 5000  `find -P . -type l -delete  2>&1`
$ cd "/home/pete/wefwefwef/docs/erldocs_other.git"
$ cd "/home/pete/wefwefwef/docs/other/2260917341/cloudi_service_db_couchdb-tag-v1.3.1.2/cloudi_service_db_couchdb"
$ 5000  `find 'cloudi_service_db_couchdb-1.3.1.2' -mindepth 1 -maxdepth 1 -exec mv -t . -- {} +  2>&1`
$ cd "/home/pete/wefwefwef/docs/erldocs_other.git"
 :: Getting dependencies
$ cd "/home/pete/wefwefwef/docs/other/2260917341/cloudi_service_db_couchdb-tag-v1.3.1.2/cloudi_service_db_couchdb"
$ infinity  `rebar --config '/home/pete/wefwefwef/docs/other/2260917341/cloudi_service_db_couchdb-tag-v1.3.1.2/rebar_deps' get-deps  2>&1`
$ cd "/home/pete/wefwefwef/docs/erldocs_other.git"
$ cd "/home/pete/wefwefwef/docs/other/2260917341/cloudi_service_db_couchdb-tag-v1.3.1.2/cloudi_service_db_couchdb"
$ 5000  `find -P . -type l -delete  2>&1`
$ cd "/home/pete/wefwefwef/docs/erldocs_other.git"
$ cd "/home/pete/wefwefwef/docs/other/2260917341/cloudi_service_db_couchdb-tag-v1.3.1.2/cloudi_service_db_couchdb"
$ 5000  `ls -1 deps/  2>&1`
$ cd "/home/pete/wefwefwef/docs/erldocs_other.git"
>>> [rebar] deps = ["cloudi_core","cpg","dynamic_compile","ecouchdb",
                    "erlcloud","jsx","key2value","lhttpc","meck","nodefinder",
                    "pqueue","quickrand","reltool_util","syslog","trie",
                    "uuid"]
 :: Generating erldocs into /home/pete/wefwefwef/docs/other/2260917341/repo/v1.3.1.2
Building cloudi_service_db_couchdb
Generating Type Specs - "/home/pete/wefwefwef/docs/other/2260917341/cloudi_service_db_couchdb-tag-v1.3.1.2/cloudi_service_db_couchdb/src/cloudi_service_db_couchdb.erl"
Generating XML for application cloudi_service_db_couchdb "/home/pete/wefwefwef/docs/other/2260917341/cloudi_service_db_couchdb-tag-v1.3.1.2/cloudi_service_db_couchdb" -> "/home/pete/wefwefwef/docs/other/2260917341/repo/v1.3.1.2/.xml/cloudi_service_db_couchdb"
Generated cloudi_service_db_couchdb XMLs: ["/home/pete/wefwefwef/docs/other/2260917341/repo/v1.3.1.2/.xml/cloudi_service_db_couchdb/cloudi_service_db_couchdb.xml"]
Generating HTML - cloudi_service_db_couchdb "/home/pete/wefwefwef/docs/other/2260917341/repo/v1.3.1.2/.xml/cloudi_service_db_couchdb/cloudi_service_db_couchdb.xml"
Reading XML for "/home/pete/wefwefwef/docs/other/2260917341/repo/v1.3.1.2/.xml/cloudi_service_db_couchdb/cloudi_service_db_couchdb.xml"
Reading XML for "/home/pete/wefwefwef/docs/other/2260917341/repo/v1.3.1.2/.xml/specs_cloudi_service_db_couchdb.xml"
Creating index.html ...
Creating erldocs_index.js ...
Woot, finished in 0 Minutes 0 Seconds
 :: Discovering other repos
$ 5000  `rm -r '/home/pete/wefwefwef/docs/other/2260917341/cloudi_service_db_couchdb-tag-v1.3.1.2'  2>&1`
 :: Processing https://github.com/cloudi/cloudi_service_db_couchdb	{rev,tag,"v1.3.1.3","caf8d46836f9d077546e63b63e836a1c97caf2e1",undefined,[],[]}
 :: Fetching repo code
$ cd "/home/pete/wefwefwef/docs/other/2260917341/cloudi_service_db_couchdb-tag-v1.3.1.3/cloudi_service_db_couchdb"
$ infinity  `curl --fail --silent --show-error --location --output 'v1.3.1.3.zip' 'https://github.com/cloudi/cloudi_service_db_couchdb/archive/v1.3.1.3.zip'  2>&1`
$ cd "/home/pete/wefwefwef/docs/erldocs_other.git"
$ cd "/home/pete/wefwefwef/docs/other/2260917341/cloudi_service_db_couchdb-tag-v1.3.1.3/cloudi_service_db_couchdb"
$ 5000  `find -P . -type l -delete  2>&1`
$ cd "/home/pete/wefwefwef/docs/erldocs_other.git"
$ cd "/home/pete/wefwefwef/docs/other/2260917341/cloudi_service_db_couchdb-tag-v1.3.1.3/cloudi_service_db_couchdb"
$ 5000  `find 'cloudi_service_db_couchdb-1.3.1.3' -mindepth 1 -maxdepth 1 -exec mv -t . -- {} +  2>&1`
$ cd "/home/pete/wefwefwef/docs/erldocs_other.git"
 :: Getting dependencies
$ cd "/home/pete/wefwefwef/docs/other/2260917341/cloudi_service_db_couchdb-tag-v1.3.1.3/cloudi_service_db_couchdb"
$ infinity  `rebar --config '/home/pete/wefwefwef/docs/other/2260917341/cloudi_service_db_couchdb-tag-v1.3.1.3/rebar_deps' get-deps  2>&1`
$ cd "/home/pete/wefwefwef/docs/erldocs_other.git"
$ cd "/home/pete/wefwefwef/docs/other/2260917341/cloudi_service_db_couchdb-tag-v1.3.1.3/cloudi_service_db_couchdb"
$ 5000  `find -P . -type l -delete  2>&1`
$ cd "/home/pete/wefwefwef/docs/erldocs_other.git"
$ cd "/home/pete/wefwefwef/docs/other/2260917341/cloudi_service_db_couchdb-tag-v1.3.1.3/cloudi_service_db_couchdb"
$ 5000  `ls -1 deps/  2>&1`
$ cd "/home/pete/wefwefwef/docs/erldocs_other.git"
>>> [rebar] deps = ["cloudi_core","cpg","dynamic_compile","ecouchdb",
                    "erlcloud","jsx","key2value","lhttpc","meck","nodefinder",
                    "pqueue","quickrand","reltool_util","syslog","trie",
                    "uuid"]
 :: Generating erldocs into /home/pete/wefwefwef/docs/other/2260917341/repo/v1.3.1.3
Building cloudi_service_db_couchdb
Generating Type Specs - "/home/pete/wefwefwef/docs/other/2260917341/cloudi_service_db_couchdb-tag-v1.3.1.3/cloudi_service_db_couchdb/src/cloudi_service_db_couchdb.erl"
Generating XML for application cloudi_service_db_couchdb "/home/pete/wefwefwef/docs/other/2260917341/cloudi_service_db_couchdb-tag-v1.3.1.3/cloudi_service_db_couchdb" -> "/home/pete/wefwefwef/docs/other/2260917341/repo/v1.3.1.3/.xml/cloudi_service_db_couchdb"
Generated cloudi_service_db_couchdb XMLs: ["/home/pete/wefwefwef/docs/other/2260917341/repo/v1.3.1.3/.xml/cloudi_service_db_couchdb/cloudi_service_db_couchdb.xml"]
Generating HTML - cloudi_service_db_couchdb "/home/pete/wefwefwef/docs/other/2260917341/repo/v1.3.1.3/.xml/cloudi_service_db_couchdb/cloudi_service_db_couchdb.xml"
Reading XML for "/home/pete/wefwefwef/docs/other/2260917341/repo/v1.3.1.3/.xml/cloudi_service_db_couchdb/cloudi_service_db_couchdb.xml"
Reading XML for "/home/pete/wefwefwef/docs/other/2260917341/repo/v1.3.1.3/.xml/specs_cloudi_service_db_couchdb.xml"
Creating index.html ...
Creating erldocs_index.js ...
Woot, finished in 0 Minutes 0 Seconds
 :: Discovering other repos
$ 5000  `rm -r '/home/pete/wefwefwef/docs/other/2260917341/cloudi_service_db_couchdb-tag-v1.3.1.3'  2>&1`
 :: Processing https://github.com/cloudi/cloudi_service_db_couchdb	{rev,tag,"v1.3.2","507ec1133d41e60b38df54da51eab55ef2c1a2b2",undefined,[],[]}
 :: Fetching repo code
$ cd "/home/pete/wefwefwef/docs/other/2260917341/cloudi_service_db_couchdb-tag-v1.3.2/cloudi_service_db_couchdb"
$ infinity  `curl --fail --silent --show-error --location --output 'v1.3.2.zip' 'https://github.com/cloudi/cloudi_service_db_couchdb/archive/v1.3.2.zip'  2>&1`
$ cd "/home/pete/wefwefwef/docs/erldocs_other.git"
$ cd "/home/pete/wefwefwef/docs/other/2260917341/cloudi_service_db_couchdb-tag-v1.3.2/cloudi_service_db_couchdb"
$ 5000  `find -P . -type l -delete  2>&1`
$ cd "/home/pete/wefwefwef/docs/erldocs_other.git"
$ cd "/home/pete/wefwefwef/docs/other/2260917341/cloudi_service_db_couchdb-tag-v1.3.2/cloudi_service_db_couchdb"
$ 5000  `find 'cloudi_service_db_couchdb-1.3.2' -mindepth 1 -maxdepth 1 -exec mv -t . -- {} +  2>&1`
$ cd "/home/pete/wefwefwef/docs/erldocs_other.git"
 :: Getting dependencies
$ cd "/home/pete/wefwefwef/docs/other/2260917341/cloudi_service_db_couchdb-tag-v1.3.2/cloudi_service_db_couchdb"
$ infinity  `rebar --config '/home/pete/wefwefwef/docs/other/2260917341/cloudi_service_db_couchdb-tag-v1.3.2/rebar_deps' get-deps  2>&1`
$ cd "/home/pete/wefwefwef/docs/erldocs_other.git"
$ cd "/home/pete/wefwefwef/docs/other/2260917341/cloudi_service_db_couchdb-tag-v1.3.2/cloudi_service_db_couchdb"
$ 5000  `find -P . -type l -delete  2>&1`
$ cd "/home/pete/wefwefwef/docs/erldocs_other.git"
$ cd "/home/pete/wefwefwef/docs/other/2260917341/cloudi_service_db_couchdb-tag-v1.3.2/cloudi_service_db_couchdb"
$ 5000  `ls -1 deps/  2>&1`
$ cd "/home/pete/wefwefwef/docs/erldocs_other.git"
>>> [rebar] deps = ["cloudi_core","cpg","dynamic_compile","ecouchdb",
                    "erlcloud","jsx","key2value","lhttpc","meck","nodefinder",
                    "pqueue","quickrand","reltool_util","syslog","trie",
                    "uuid"]
 :: Generating erldocs into /home/pete/wefwefwef/docs/other/2260917341/repo/v1.3.2
Building cloudi_service_db_couchdb
Generating Type Specs - "/home/pete/wefwefwef/docs/other/2260917341/cloudi_service_db_couchdb-tag-v1.3.2/cloudi_service_db_couchdb/src/cloudi_service_db_couchdb.erl"
Generating XML for application cloudi_service_db_couchdb "/home/pete/wefwefwef/docs/other/2260917341/cloudi_service_db_couchdb-tag-v1.3.2/cloudi_service_db_couchdb" -> "/home/pete/wefwefwef/docs/other/2260917341/repo/v1.3.2/.xml/cloudi_service_db_couchdb"
Generated cloudi_service_db_couchdb XMLs: ["/home/pete/wefwefwef/docs/other/2260917341/repo/v1.3.2/.xml/cloudi_service_db_couchdb/cloudi_service_db_couchdb.xml"]
Generating HTML - cloudi_service_db_couchdb "/home/pete/wefwefwef/docs/other/2260917341/repo/v1.3.2/.xml/cloudi_service_db_couchdb/cloudi_service_db_couchdb.xml"
Reading XML for "/home/pete/wefwefwef/docs/other/2260917341/repo/v1.3.2/.xml/cloudi_service_db_couchdb/cloudi_service_db_couchdb.xml"
Reading XML for "/home/pete/wefwefwef/docs/other/2260917341/repo/v1.3.2/.xml/specs_cloudi_service_db_couchdb.xml"
Creating index.html ...
Creating erldocs_index.js ...
Woot, finished in 0 Minutes 0 Seconds
 :: Discovering other repos
$ 5000  `rm -r '/home/pete/wefwefwef/docs/other/2260917341/cloudi_service_db_couchdb-tag-v1.3.2'  2>&1`
 :: Processing https://github.com/cloudi/cloudi_service_db_couchdb	{rev,tag,"v1.3.2.1","12ec392700db13dd84249fe07b5ccb865de78e81",undefined,[],[]}
 :: Fetching repo code
$ cd "/home/pete/wefwefwef/docs/other/2260917341/cloudi_service_db_couchdb-tag-v1.3.2.1/cloudi_service_db_couchdb"
$ infinity  `curl --fail --silent --show-error --location --output 'v1.3.2.1.zip' 'https://github.com/cloudi/cloudi_service_db_couchdb/archive/v1.3.2.1.zip'  2>&1`
$ cd "/home/pete/wefwefwef/docs/erldocs_other.git"
$ cd "/home/pete/wefwefwef/docs/other/2260917341/cloudi_service_db_couchdb-tag-v1.3.2.1/cloudi_service_db_couchdb"
$ 5000  `find -P . -type l -delete  2>&1`
$ cd "/home/pete/wefwefwef/docs/erldocs_other.git"
$ cd "/home/pete/wefwefwef/docs/other/2260917341/cloudi_service_db_couchdb-tag-v1.3.2.1/cloudi_service_db_couchdb"
$ 5000  `find 'cloudi_service_db_couchdb-1.3.2.1' -mindepth 1 -maxdepth 1 -exec mv -t . -- {} +  2>&1`
$ cd "/home/pete/wefwefwef/docs/erldocs_other.git"
 :: Getting dependencies
$ cd "/home/pete/wefwefwef/docs/other/2260917341/cloudi_service_db_couchdb-tag-v1.3.2.1/cloudi_service_db_couchdb"
$ infinity  `rebar --config '/home/pete/wefwefwef/docs/other/2260917341/cloudi_service_db_couchdb-tag-v1.3.2.1/rebar_deps' get-deps  2>&1`
$ cd "/home/pete/wefwefwef/docs/erldocs_other.git"
$ cd "/home/pete/wefwefwef/docs/other/2260917341/cloudi_service_db_couchdb-tag-v1.3.2.1/cloudi_service_db_couchdb"
$ 5000  `find -P . -type l -delete  2>&1`
$ cd "/home/pete/wefwefwef/docs/erldocs_other.git"
$ cd "/home/pete/wefwefwef/docs/other/2260917341/cloudi_service_db_couchdb-tag-v1.3.2.1/cloudi_service_db_couchdb"
$ 5000  `ls -1 deps/  2>&1`
$ cd "/home/pete/wefwefwef/docs/erldocs_other.git"
>>> [rebar] deps = ["cloudi_core","cpg","dynamic_compile","ecouchdb",
                    "erlcloud","jsx","key2value","lhttpc","meck","nodefinder",
                    "pqueue","quickrand","reltool_util","syslog","trie",
                    "uuid"]
 :: Generating erldocs into /home/pete/wefwefwef/docs/other/2260917341/repo/v1.3.2.1
Building cloudi_service_db_couchdb
Generating Type Specs - "/home/pete/wefwefwef/docs/other/2260917341/cloudi_service_db_couchdb-tag-v1.3.2.1/cloudi_service_db_couchdb/src/cloudi_service_db_couchdb.erl"
Generating XML for application cloudi_service_db_couchdb "/home/pete/wefwefwef/docs/other/2260917341/cloudi_service_db_couchdb-tag-v1.3.2.1/cloudi_service_db_couchdb" -> "/home/pete/wefwefwef/docs/other/2260917341/repo/v1.3.2.1/.xml/cloudi_service_db_couchdb"
Generated cloudi_service_db_couchdb XMLs: ["/home/pete/wefwefwef/docs/other/2260917341/repo/v1.3.2.1/.xml/cloudi_service_db_couchdb/cloudi_service_db_couchdb.xml"]
Generating HTML - cloudi_service_db_couchdb "/home/pete/wefwefwef/docs/other/2260917341/repo/v1.3.2.1/.xml/cloudi_service_db_couchdb/cloudi_service_db_couchdb.xml"
Reading XML for "/home/pete/wefwefwef/docs/other/2260917341/repo/v1.3.2.1/.xml/cloudi_service_db_couchdb/cloudi_service_db_couchdb.xml"
Reading XML for "/home/pete/wefwefwef/docs/other/2260917341/repo/v1.3.2.1/.xml/specs_cloudi_service_db_couchdb.xml"
Creating index.html ...
Creating erldocs_index.js ...
Woot, finished in 0 Minutes 0 Seconds
 :: Discovering other repos
$ 5000  `rm -r '/home/pete/wefwefwef/docs/other/2260917341/cloudi_service_db_couchdb-tag-v1.3.2.1'  2>&1`
 :: Processing https://github.com/cloudi/cloudi_service_db_couchdb	{rev,tag,"v1.3.2.2","476646b33ef17fe5f0ef47e96a64252637a4396b",undefined,[],[]}
 :: Fetching repo code
$ cd "/home/pete/wefwefwef/docs/other/2260917341/cloudi_service_db_couchdb-tag-v1.3.2.2/cloudi_service_db_couchdb"
$ infinity  `curl --fail --silent --show-error --location --output 'v1.3.2.2.zip' 'https://github.com/cloudi/cloudi_service_db_couchdb/archive/v1.3.2.2.zip'  2>&1`
$ cd "/home/pete/wefwefwef/docs/erldocs_other.git"
$ cd "/home/pete/wefwefwef/docs/other/2260917341/cloudi_service_db_couchdb-tag-v1.3.2.2/cloudi_service_db_couchdb"
$ 5000  `find -P . -type l -delete  2>&1`
$ cd "/home/pete/wefwefwef/docs/erldocs_other.git"
$ cd "/home/pete/wefwefwef/docs/other/2260917341/cloudi_service_db_couchdb-tag-v1.3.2.2/cloudi_service_db_couchdb"
$ 5000  `find 'cloudi_service_db_couchdb-1.3.2.2' -mindepth 1 -maxdepth 1 -exec mv -t . -- {} +  2>&1`
$ cd "/home/pete/wefwefwef/docs/erldocs_other.git"
 :: Getting dependencies
$ cd "/home/pete/wefwefwef/docs/other/2260917341/cloudi_service_db_couchdb-tag-v1.3.2.2/cloudi_service_db_couchdb"
$ infinity  `rebar --config '/home/pete/wefwefwef/docs/other/2260917341/cloudi_service_db_couchdb-tag-v1.3.2.2/rebar_deps' get-deps  2>&1`
$ cd "/home/pete/wefwefwef/docs/erldocs_other.git"
$ cd "/home/pete/wefwefwef/docs/other/2260917341/cloudi_service_db_couchdb-tag-v1.3.2.2/cloudi_service_db_couchdb"
$ 5000  `find -P . -type l -delete  2>&1`
$ cd "/home/pete/wefwefwef/docs/erldocs_other.git"
$ cd "/home/pete/wefwefwef/docs/other/2260917341/cloudi_service_db_couchdb-tag-v1.3.2.2/cloudi_service_db_couchdb"
$ 5000  `ls -1 deps/  2>&1`
$ cd "/home/pete/wefwefwef/docs/erldocs_other.git"
>>> [rebar] deps = ["cloudi_core","cpg","dynamic_compile","ecouchdb",
                    "erlcloud","jsx","key2value","keys1value","lhttpc","meck",
                    "nodefinder","pqueue","quickrand","reltool_util","syslog",
                    "trie","uuid"]
 :: Generating erldocs into /home/pete/wefwefwef/docs/other/2260917341/repo/v1.3.2.2
Building cloudi_service_db_couchdb
Generating Type Specs - "/home/pete/wefwefwef/docs/other/2260917341/cloudi_service_db_couchdb-tag-v1.3.2.2/cloudi_service_db_couchdb/src/cloudi_service_db_couchdb.erl"
Generating XML for application cloudi_service_db_couchdb "/home/pete/wefwefwef/docs/other/2260917341/cloudi_service_db_couchdb-tag-v1.3.2.2/cloudi_service_db_couchdb" -> "/home/pete/wefwefwef/docs/other/2260917341/repo/v1.3.2.2/.xml/cloudi_service_db_couchdb"
Generated cloudi_service_db_couchdb XMLs: ["/home/pete/wefwefwef/docs/other/2260917341/repo/v1.3.2.2/.xml/cloudi_service_db_couchdb/cloudi_service_db_couchdb.xml"]
Generating HTML - cloudi_service_db_couchdb "/home/pete/wefwefwef/docs/other/2260917341/repo/v1.3.2.2/.xml/cloudi_service_db_couchdb/cloudi_service_db_couchdb.xml"
Reading XML for "/home/pete/wefwefwef/docs/other/2260917341/repo/v1.3.2.2/.xml/cloudi_service_db_couchdb/cloudi_service_db_couchdb.xml"
Reading XML for "/home/pete/wefwefwef/docs/other/2260917341/repo/v1.3.2.2/.xml/specs_cloudi_service_db_couchdb.xml"
Creating index.html ...
Creating erldocs_index.js ...
Woot, finished in 0 Minutes 0 Seconds
 :: Discovering other repos
$ 5000  `rm -r '/home/pete/wefwefwef/docs/other/2260917341/cloudi_service_db_couchdb-tag-v1.3.2.2'  2>&1`
 :: Processing https://github.com/cloudi/cloudi_service_db_couchdb	{rev,tag,"v1.3.2.3","469f0fa1f703633fb3c15565b3e8a4002f443b32",undefined,[],[]}
 :: Fetching repo code
$ cd "/home/pete/wefwefwef/docs/other/2260917341/cloudi_service_db_couchdb-tag-v1.3.2.3/cloudi_service_db_couchdb"
$ infinity  `curl --fail --silent --show-error --location --output 'v1.3.2.3.zip' 'https://github.com/cloudi/cloudi_service_db_couchdb/archive/v1.3.2.3.zip'  2>&1`
$ cd "/home/pete/wefwefwef/docs/erldocs_other.git"
$ cd "/home/pete/wefwefwef/docs/other/2260917341/cloudi_service_db_couchdb-tag-v1.3.2.3/cloudi_service_db_couchdb"
$ 5000  `find -P . -type l -delete  2>&1`
$ cd "/home/pete/wefwefwef/docs/erldocs_other.git"
$ cd "/home/pete/wefwefwef/docs/other/2260917341/cloudi_service_db_couchdb-tag-v1.3.2.3/cloudi_service_db_couchdb"
$ 5000  `find 'cloudi_service_db_couchdb-1.3.2.3' -mindepth 1 -maxdepth 1 -exec mv -t . -- {} +  2>&1`
$ cd "/home/pete/wefwefwef/docs/erldocs_other.git"
 :: Getting dependencies
$ cd "/home/pete/wefwefwef/docs/other/2260917341/cloudi_service_db_couchdb-tag-v1.3.2.3/cloudi_service_db_couchdb"
$ infinity  `rebar --config '/home/pete/wefwefwef/docs/other/2260917341/cloudi_service_db_couchdb-tag-v1.3.2.3/rebar_deps' get-deps  2>&1`
$ cd "/home/pete/wefwefwef/docs/erldocs_other.git"
$ cd "/home/pete/wefwefwef/docs/other/2260917341/cloudi_service_db_couchdb-tag-v1.3.2.3/cloudi_service_db_couchdb"
$ 5000  `find -P . -type l -delete  2>&1`
$ cd "/home/pete/wefwefwef/docs/erldocs_other.git"
$ cd "/home/pete/wefwefwef/docs/other/2260917341/cloudi_service_db_couchdb-tag-v1.3.2.3/cloudi_service_db_couchdb"
$ 5000  `ls -1 deps/  2>&1`
$ cd "/home/pete/wefwefwef/docs/erldocs_other.git"
>>> [rebar] deps = ["cloudi_core","cpg","dynamic_compile","ecouchdb",
                    "erlang_term","erlcloud","jsx","key2value","keys1value",
                    "lhttpc","meck","nodefinder","pqueue","quickrand",
                    "reltool_util","syslog","trie","uuid"]
 :: Generating erldocs into /home/pete/wefwefwef/docs/other/2260917341/repo/v1.3.2.3
Building cloudi_service_db_couchdb
Generating Type Specs - "/home/pete/wefwefwef/docs/other/2260917341/cloudi_service_db_couchdb-tag-v1.3.2.3/cloudi_service_db_couchdb/src/cloudi_service_db_couchdb.erl"
Generating XML for application cloudi_service_db_couchdb "/home/pete/wefwefwef/docs/other/2260917341/cloudi_service_db_couchdb-tag-v1.3.2.3/cloudi_service_db_couchdb" -> "/home/pete/wefwefwef/docs/other/2260917341/repo/v1.3.2.3/.xml/cloudi_service_db_couchdb"
Generated cloudi_service_db_couchdb XMLs: ["/home/pete/wefwefwef/docs/other/2260917341/repo/v1.3.2.3/.xml/cloudi_service_db_couchdb/cloudi_service_db_couchdb.xml"]
Generating HTML - cloudi_service_db_couchdb "/home/pete/wefwefwef/docs/other/2260917341/repo/v1.3.2.3/.xml/cloudi_service_db_couchdb/cloudi_service_db_couchdb.xml"
Reading XML for "/home/pete/wefwefwef/docs/other/2260917341/repo/v1.3.2.3/.xml/cloudi_service_db_couchdb/cloudi_service_db_couchdb.xml"
Reading XML for "/home/pete/wefwefwef/docs/other/2260917341/repo/v1.3.2.3/.xml/specs_cloudi_service_db_couchdb.xml"
Creating index.html ...
Creating erldocs_index.js ...
Woot, finished in 0 Minutes 0 Seconds
 :: Discovering other repos
$ 5000  `rm -r '/home/pete/wefwefwef/docs/other/2260917341/cloudi_service_db_couchdb-tag-v1.3.2.3'  2>&1`
 :: Processing https://github.com/cloudi/cloudi_service_db_couchdb	{rev,tag,"v1.3.3","b45c8b7cc158763eae60c0d9d2098fbcb0f9a94d",undefined,[],[]}
 :: Fetching repo code
$ cd "/home/pete/wefwefwef/docs/other/2260917341/cloudi_service_db_couchdb-tag-v1.3.3/cloudi_service_db_couchdb"
$ infinity  `curl --fail --silent --show-error --location --output 'v1.3.3.zip' 'https://github.com/cloudi/cloudi_service_db_couchdb/archive/v1.3.3.zip'  2>&1`
$ cd "/home/pete/wefwefwef/docs/erldocs_other.git"
$ cd "/home/pete/wefwefwef/docs/other/2260917341/cloudi_service_db_couchdb-tag-v1.3.3/cloudi_service_db_couchdb"
$ 5000  `find -P . -type l -delete  2>&1`
$ cd "/home/pete/wefwefwef/docs/erldocs_other.git"
$ cd "/home/pete/wefwefwef/docs/other/2260917341/cloudi_service_db_couchdb-tag-v1.3.3/cloudi_service_db_couchdb"
$ 5000  `find 'cloudi_service_db_couchdb-1.3.3' -mindepth 1 -maxdepth 1 -exec mv -t . -- {} +  2>&1`
$ cd "/home/pete/wefwefwef/docs/erldocs_other.git"
 :: Getting dependencies
$ cd "/home/pete/wefwefwef/docs/other/2260917341/cloudi_service_db_couchdb-tag-v1.3.3/cloudi_service_db_couchdb"
$ infinity  `rebar --config '/home/pete/wefwefwef/docs/other/2260917341/cloudi_service_db_couchdb-tag-v1.3.3/rebar_deps' get-deps  2>&1`
$ cd "/home/pete/wefwefwef/docs/erldocs_other.git"
$ cd "/home/pete/wefwefwef/docs/other/2260917341/cloudi_service_db_couchdb-tag-v1.3.3/cloudi_service_db_couchdb"
$ 5000  `find -P . -type l -delete  2>&1`
$ cd "/home/pete/wefwefwef/docs/erldocs_other.git"
$ cd "/home/pete/wefwefwef/docs/other/2260917341/cloudi_service_db_couchdb-tag-v1.3.3/cloudi_service_db_couchdb"
$ 5000  `ls -1 deps/  2>&1`
$ cd "/home/pete/wefwefwef/docs/erldocs_other.git"
>>> [rebar] deps = ["cloudi_core","cpg","dynamic_compile","ecouchdb",
                    "erlang_term","erlcloud","jsx","key2value","keys1value",
                    "lhttpc","meck","nodefinder","pqueue","quickrand",
                    "reltool_util","syslog","trie","uuid"]
 :: Generating erldocs into /home/pete/wefwefwef/docs/other/2260917341/repo/v1.3.3
Building cloudi_service_db_couchdb
Generating Type Specs - "/home/pete/wefwefwef/docs/other/2260917341/cloudi_service_db_couchdb-tag-v1.3.3/cloudi_service_db_couchdb/src/cloudi_service_db_couchdb.erl"
Generating XML for application cloudi_service_db_couchdb "/home/pete/wefwefwef/docs/other/2260917341/cloudi_service_db_couchdb-tag-v1.3.3/cloudi_service_db_couchdb" -> "/home/pete/wefwefwef/docs/other/2260917341/repo/v1.3.3/.xml/cloudi_service_db_couchdb"
Generated cloudi_service_db_couchdb XMLs: ["/home/pete/wefwefwef/docs/other/2260917341/repo/v1.3.3/.xml/cloudi_service_db_couchdb/cloudi_service_db_couchdb.xml"]
Generating HTML - cloudi_service_db_couchdb "/home/pete/wefwefwef/docs/other/2260917341/repo/v1.3.3/.xml/cloudi_service_db_couchdb/cloudi_service_db_couchdb.xml"
Reading XML for "/home/pete/wefwefwef/docs/other/2260917341/repo/v1.3.3/.xml/cloudi_service_db_couchdb/cloudi_service_db_couchdb.xml"
Reading XML for "/home/pete/wefwefwef/docs/other/2260917341/repo/v1.3.3/.xml/specs_cloudi_service_db_couchdb.xml"
Creating index.html ...
Creating erldocs_index.js ...
Woot, finished in 0 Minutes 0 Seconds
 :: Discovering other repos
$ 5000  `rm -r '/home/pete/wefwefwef/docs/other/2260917341/cloudi_service_db_couchdb-tag-v1.3.3'  2>&1`
 :: Processing https://github.com/cloudi/cloudi_service_db_couchdb	{rev,tag,"v1.3.3.2","0adead955de691397ab2adce373be6b85541926f",undefined,[],[]}
 :: Fetching repo code
$ cd "/home/pete/wefwefwef/docs/other/2260917341/cloudi_service_db_couchdb-tag-v1.3.3.2/cloudi_service_db_couchdb"
$ infinity  `curl --fail --silent --show-error --location --output 'v1.3.3.2.zip' 'https://github.com/cloudi/cloudi_service_db_couchdb/archive/v1.3.3.2.zip'  2>&1`
$ cd "/home/pete/wefwefwef/docs/erldocs_other.git"
$ cd "/home/pete/wefwefwef/docs/other/2260917341/cloudi_service_db_couchdb-tag-v1.3.3.2/cloudi_service_db_couchdb"
$ 5000  `find -P . -type l -delete  2>&1`
$ cd "/home/pete/wefwefwef/docs/erldocs_other.git"
$ cd "/home/pete/wefwefwef/docs/other/2260917341/cloudi_service_db_couchdb-tag-v1.3.3.2/cloudi_service_db_couchdb"
$ 5000  `find 'cloudi_service_db_couchdb-1.3.3.2' -mindepth 1 -maxdepth 1 -exec mv -t . -- {} +  2>&1`
$ cd "/home/pete/wefwefwef/docs/erldocs_other.git"
 :: Getting dependencies
$ cd "/home/pete/wefwefwef/docs/other/2260917341/cloudi_service_db_couchdb-tag-v1.3.3.2/cloudi_service_db_couchdb"
$ infinity  `rebar --config '/home/pete/wefwefwef/docs/other/2260917341/cloudi_service_db_couchdb-tag-v1.3.3.2/rebar_deps' get-deps  2>&1`
$ cd "/home/pete/wefwefwef/docs/erldocs_other.git"
$ cd "/home/pete/wefwefwef/docs/other/2260917341/cloudi_service_db_couchdb-tag-v1.3.3.2/cloudi_service_db_couchdb"
$ 5000  `find -P . -type l -delete  2>&1`
$ cd "/home/pete/wefwefwef/docs/erldocs_other.git"
$ cd "/home/pete/wefwefwef/docs/other/2260917341/cloudi_service_db_couchdb-tag-v1.3.3.2/cloudi_service_db_couchdb"
$ 5000  `ls -1 deps/  2>&1`
$ cd "/home/pete/wefwefwef/docs/erldocs_other.git"
>>> [rebar] deps = ["cloudi_core","cpg","dynamic_compile","ecouchdb",
                    "erlang_term","erlcloud","jsx","key2value","keys1value",
                    "lhttpc","meck","nodefinder","pqueue","quickrand",
                    "reltool_util","syslog","trie","uuid"]
 :: Generating erldocs into /home/pete/wefwefwef/docs/other/2260917341/repo/v1.3.3.2
Building cloudi_service_db_couchdb
Generating Type Specs - "/home/pete/wefwefwef/docs/other/2260917341/cloudi_service_db_couchdb-tag-v1.3.3.2/cloudi_service_db_couchdb/src/cloudi_service_db_couchdb.erl"
Generating XML for application cloudi_service_db_couchdb "/home/pete/wefwefwef/docs/other/2260917341/cloudi_service_db_couchdb-tag-v1.3.3.2/cloudi_service_db_couchdb" -> "/home/pete/wefwefwef/docs/other/2260917341/repo/v1.3.3.2/.xml/cloudi_service_db_couchdb"
Generated cloudi_service_db_couchdb XMLs: ["/home/pete/wefwefwef/docs/other/2260917341/repo/v1.3.3.2/.xml/cloudi_service_db_couchdb/cloudi_service_db_couchdb.xml"]
Generating HTML - cloudi_service_db_couchdb "/home/pete/wefwefwef/docs/other/2260917341/repo/v1.3.3.2/.xml/cloudi_service_db_couchdb/cloudi_service_db_couchdb.xml"
Reading XML for "/home/pete/wefwefwef/docs/other/2260917341/repo/v1.3.3.2/.xml/cloudi_service_db_couchdb/cloudi_service_db_couchdb.xml"
Reading XML for "/home/pete/wefwefwef/docs/other/2260917341/repo/v1.3.3.2/.xml/specs_cloudi_service_db_couchdb.xml"
Creating index.html ...
Creating erldocs_index.js ...
Woot, finished in 0 Minutes 0 Seconds
 :: Discovering other repos
$ 5000  `rm -r '/home/pete/wefwefwef/docs/other/2260917341/cloudi_service_db_couchdb-tag-v1.3.3.2'  2>&1`
 :: Processing https://github.com/cloudi/cloudi_service_db_couchdb	{rev,tag,"v1.4.0","7c213c645a1db6cd4db93d416276554f7ec28a5b",undefined,[],[]}
 :: Fetching repo code
$ cd "/home/pete/wefwefwef/docs/other/2260917341/cloudi_service_db_couchdb-tag-v1.4.0/cloudi_service_db_couchdb"
$ infinity  `curl --fail --silent --show-error --location --output 'v1.4.0.zip' 'https://github.com/cloudi/cloudi_service_db_couchdb/archive/v1.4.0.zip'  2>&1`
$ cd "/home/pete/wefwefwef/docs/erldocs_other.git"
$ cd "/home/pete/wefwefwef/docs/other/2260917341/cloudi_service_db_couchdb-tag-v1.4.0/cloudi_service_db_couchdb"
$ 5000  `find -P . -type l -delete  2>&1`
$ cd "/home/pete/wefwefwef/docs/erldocs_other.git"
$ cd "/home/pete/wefwefwef/docs/other/2260917341/cloudi_service_db_couchdb-tag-v1.4.0/cloudi_service_db_couchdb"
$ 5000  `find 'cloudi_service_db_couchdb-1.4.0' -mindepth 1 -maxdepth 1 -exec mv -t . -- {} +  2>&1`
$ cd "/home/pete/wefwefwef/docs/erldocs_other.git"
 :: Getting dependencies
$ cd "/home/pete/wefwefwef/docs/other/2260917341/cloudi_service_db_couchdb-tag-v1.4.0/cloudi_service_db_couchdb"
$ infinity  `rebar --config '/home/pete/wefwefwef/docs/other/2260917341/cloudi_service_db_couchdb-tag-v1.4.0/rebar_deps' get-deps  2>&1`
$ cd "/home/pete/wefwefwef/docs/erldocs_other.git"
$ cd "/home/pete/wefwefwef/docs/other/2260917341/cloudi_service_db_couchdb-tag-v1.4.0/cloudi_service_db_couchdb"
$ 5000  `find -P . -type l -delete  2>&1`
$ cd "/home/pete/wefwefwef/docs/erldocs_other.git"
$ cd "/home/pete/wefwefwef/docs/other/2260917341/cloudi_service_db_couchdb-tag-v1.4.0/cloudi_service_db_couchdb"
$ 5000  `ls -1 deps/  2>&1`
$ cd "/home/pete/wefwefwef/docs/erldocs_other.git"
>>> [rebar] deps = ["cloudi_core","cpg","dynamic_compile","ecouchdb",
                    "erlang_term","erlcloud","jsx","key2value","keys1value",
                    "lhttpc","meck","nodefinder","pqueue","quickrand",
                    "reltool_util","syslog","trie","uuid"]
 :: Generating erldocs into /home/pete/wefwefwef/docs/other/2260917341/repo/v1.4.0
Building cloudi_service_db_couchdb
Generating Type Specs - "/home/pete/wefwefwef/docs/other/2260917341/cloudi_service_db_couchdb-tag-v1.4.0/cloudi_service_db_couchdb/src/cloudi_service_db_couchdb.erl"
Generating XML for application cloudi_service_db_couchdb "/home/pete/wefwefwef/docs/other/2260917341/cloudi_service_db_couchdb-tag-v1.4.0/cloudi_service_db_couchdb" -> "/home/pete/wefwefwef/docs/other/2260917341/repo/v1.4.0/.xml/cloudi_service_db_couchdb"
Generated cloudi_service_db_couchdb XMLs: ["/home/pete/wefwefwef/docs/other/2260917341/repo/v1.4.0/.xml/cloudi_service_db_couchdb/cloudi_service_db_couchdb.xml"]
Generating HTML - cloudi_service_db_couchdb "/home/pete/wefwefwef/docs/other/2260917341/repo/v1.4.0/.xml/cloudi_service_db_couchdb/cloudi_service_db_couchdb.xml"
Reading XML for "/home/pete/wefwefwef/docs/other/2260917341/repo/v1.4.0/.xml/cloudi_service_db_couchdb/cloudi_service_db_couchdb.xml"
Reading XML for "/home/pete/wefwefwef/docs/other/2260917341/repo/v1.4.0/.xml/specs_cloudi_service_db_couchdb.xml"
Creating index.html ...
Creating erldocs_index.js ...
Woot, finished in 0 Minutes 0 Seconds
 :: Discovering other repos
$ 5000  `rm -r '/home/pete/wefwefwef/docs/other/2260917341/cloudi_service_db_couchdb-tag-v1.4.0'  2>&1`
 :: Processing https://github.com/cloudi/cloudi_service_db_couchdb	{rev,tag,"v1.5.0","fb71dd5b87d04bc5bc4d68ba98b2d2b2bfeb6806",undefined,[],[]}
 :: Fetching repo code
$ cd "/home/pete/wefwefwef/docs/other/2260917341/cloudi_service_db_couchdb-tag-v1.5.0/cloudi_service_db_couchdb"
$ infinity  `curl --fail --silent --show-error --location --output 'v1.5.0.zip' 'https://github.com/cloudi/cloudi_service_db_couchdb/archive/v1.5.0.zip'  2>&1`
$ cd "/home/pete/wefwefwef/docs/erldocs_other.git"
$ cd "/home/pete/wefwefwef/docs/other/2260917341/cloudi_service_db_couchdb-tag-v1.5.0/cloudi_service_db_couchdb"
$ 5000  `find -P . -type l -delete  2>&1`
$ cd "/home/pete/wefwefwef/docs/erldocs_other.git"
$ cd "/home/pete/wefwefwef/docs/other/2260917341/cloudi_service_db_couchdb-tag-v1.5.0/cloudi_service_db_couchdb"
$ 5000  `find 'cloudi_service_db_couchdb-1.5.0' -mindepth 1 -maxdepth 1 -exec mv -t . -- {} +  2>&1`
$ cd "/home/pete/wefwefwef/docs/erldocs_other.git"
 :: Getting dependencies
$ cd "/home/pete/wefwefwef/docs/other/2260917341/cloudi_service_db_couchdb-tag-v1.5.0/cloudi_service_db_couchdb"
$ infinity  `rebar --config '/home/pete/wefwefwef/docs/other/2260917341/cloudi_service_db_couchdb-tag-v1.5.0/rebar_deps' get-deps  2>&1`
$ cd "/home/pete/wefwefwef/docs/erldocs_other.git"
$ cd "/home/pete/wefwefwef/docs/other/2260917341/cloudi_service_db_couchdb-tag-v1.5.0/cloudi_service_db_couchdb"
$ 5000  `find -P . -type l -delete  2>&1`
$ cd "/home/pete/wefwefwef/docs/erldocs_other.git"
$ cd "/home/pete/wefwefwef/docs/other/2260917341/cloudi_service_db_couchdb-tag-v1.5.0/cloudi_service_db_couchdb"
$ 5000  `ls -1 deps/  2>&1`
$ cd "/home/pete/wefwefwef/docs/erldocs_other.git"
>>> [rebar] deps = ["cloudi_core","cpg","dynamic_compile","ecouchdb",
                    "erlang_term","erlcloud","jsx","key2value","keys1value",
                    "lhttpc","meck","nodefinder","pqueue","quickrand",
                    "reltool_util","syslog","trie","uuid"]
 :: Generating erldocs into /home/pete/wefwefwef/docs/other/2260917341/repo/v1.5.0
Building cloudi_service_db_couchdb
Generating Type Specs - "/home/pete/wefwefwef/docs/other/2260917341/cloudi_service_db_couchdb-tag-v1.5.0/cloudi_service_db_couchdb/src/cloudi_service_db_couchdb.erl"
Generating XML for application cloudi_service_db_couchdb "/home/pete/wefwefwef/docs/other/2260917341/cloudi_service_db_couchdb-tag-v1.5.0/cloudi_service_db_couchdb" -> "/home/pete/wefwefwef/docs/other/2260917341/repo/v1.5.0/.xml/cloudi_service_db_couchdb"
Generated cloudi_service_db_couchdb XMLs: ["/home/pete/wefwefwef/docs/other/2260917341/repo/v1.5.0/.xml/cloudi_service_db_couchdb/cloudi_service_db_couchdb.xml"]
Generating HTML - cloudi_service_db_couchdb "/home/pete/wefwefwef/docs/other/2260917341/repo/v1.5.0/.xml/cloudi_service_db_couchdb/cloudi_service_db_couchdb.xml"
Reading XML for "/home/pete/wefwefwef/docs/other/2260917341/repo/v1.5.0/.xml/cloudi_service_db_couchdb/cloudi_service_db_couchdb.xml"
Reading XML for "/home/pete/wefwefwef/docs/other/2260917341/repo/v1.5.0/.xml/specs_cloudi_service_db_couchdb.xml"
Creating index.html ...
Creating erldocs_index.js ...
Woot, finished in 0 Minutes 0 Seconds
 :: Discovering other repos
$ 5000  `rm -r '/home/pete/wefwefwef/docs/other/2260917341/cloudi_service_db_couchdb-tag-v1.5.0'  2>&1`
 :: Processing https://github.com/cloudi/cloudi_service_db_couchdb	{rev,branch,"master","fb71dd5b87d04bc5bc4d68ba98b2d2b2bfeb6806",undefined,[],[]}
 :: Fetching repo code
$ cd "/home/pete/wefwefwef/docs/other/2260917341/cloudi_service_db_couchdb-branch-master/cloudi_service_db_couchdb"
$ infinity  `curl --fail --silent --show-error --location --output 'master.zip' 'https://github.com/cloudi/cloudi_service_db_couchdb/archive/master.zip'  2>&1`
$ cd "/home/pete/wefwefwef/docs/erldocs_other.git"
$ cd "/home/pete/wefwefwef/docs/other/2260917341/cloudi_service_db_couchdb-branch-master/cloudi_service_db_couchdb"
$ 5000  `find -P . -type l -delete  2>&1`
$ cd "/home/pete/wefwefwef/docs/erldocs_other.git"
$ cd "/home/pete/wefwefwef/docs/other/2260917341/cloudi_service_db_couchdb-branch-master/cloudi_service_db_couchdb"
$ 5000  `find 'cloudi_service_db_couchdb-master' -mindepth 1 -maxdepth 1 -exec mv -t . -- {} +  2>&1`
$ cd "/home/pete/wefwefwef/docs/erldocs_other.git"
 :: Getting dependencies
$ cd "/home/pete/wefwefwef/docs/other/2260917341/cloudi_service_db_couchdb-branch-master/cloudi_service_db_couchdb"
$ infinity  `rebar --config '/home/pete/wefwefwef/docs/other/2260917341/cloudi_service_db_couchdb-branch-master/rebar_deps' get-deps  2>&1`
$ cd "/home/pete/wefwefwef/docs/erldocs_other.git"
$ cd "/home/pete/wefwefwef/docs/other/2260917341/cloudi_service_db_couchdb-branch-master/cloudi_service_db_couchdb"
$ 5000  `find -P . -type l -delete  2>&1`
$ cd "/home/pete/wefwefwef/docs/erldocs_other.git"
$ cd "/home/pete/wefwefwef/docs/other/2260917341/cloudi_service_db_couchdb-branch-master/cloudi_service_db_couchdb"
$ 5000  `ls -1 deps/  2>&1`
$ cd "/home/pete/wefwefwef/docs/erldocs_other.git"
>>> [rebar] deps = ["cloudi_core","cpg","dynamic_compile","ecouchdb",
                    "erlang_term","erlcloud","jsx","key2value","keys1value",
                    "lhttpc","meck","nodefinder","pqueue","quickrand",
                    "reltool_util","syslog","trie","uuid"]
 :: Generating erldocs into /home/pete/wefwefwef/docs/other/2260917341/repo/master
Building cloudi_service_db_couchdb
Generating Type Specs - "/home/pete/wefwefwef/docs/other/2260917341/cloudi_service_db_couchdb-branch-master/cloudi_service_db_couchdb/src/cloudi_service_db_couchdb.erl"
Generating XML for application cloudi_service_db_couchdb "/home/pete/wefwefwef/docs/other/2260917341/cloudi_service_db_couchdb-branch-master/cloudi_service_db_couchdb" -> "/home/pete/wefwefwef/docs/other/2260917341/repo/master/.xml/cloudi_service_db_couchdb"
Generated cloudi_service_db_couchdb XMLs: ["/home/pete/wefwefwef/docs/other/2260917341/repo/master/.xml/cloudi_service_db_couchdb/cloudi_service_db_couchdb.xml"]
Generating HTML - cloudi_service_db_couchdb "/home/pete/wefwefwef/docs/other/2260917341/repo/master/.xml/cloudi_service_db_couchdb/cloudi_service_db_couchdb.xml"
Reading XML for "/home/pete/wefwefwef/docs/other/2260917341/repo/master/.xml/cloudi_service_db_couchdb/cloudi_service_db_couchdb.xml"
Reading XML for "/home/pete/wefwefwef/docs/other/2260917341/repo/master/.xml/specs_cloudi_service_db_couchdb.xml"
Creating index.html ...
Creating erldocs_index.js ...
Woot, finished in 0 Minutes 0 Seconds
 :: Discovering other repos
$ 5000  `rm -r '/home/pete/wefwefwef/docs/other/2260917341/cloudi_service_db_couchdb-branch-master'  2>&1`
 :: Finishing up
$ 5000  `rm -r '/home/pete/wefwefwef/docs/other/2260917341/cloudi_service_db_couchdb'  2>&1`
