 :: Extracting meta information
$ infinity  `git ls-remote --heads --tags 'https://github.com/choptastic/simple_bridge'  2>&1`
>>> [repo] 10 branches, 1 tags
 :: Writing meta to "/home/pete/wefwefwef/docs/other/b06353f45e5e58a2eb7abaeb9885af090910b488/meta.txt"
 :: Skipping tag "v1.1.0"
 :: Skipping branch "cowboy"
 :: Skipping branch "deep_post_update"
 :: Skipping branch "expose-actual-socket2"
 :: Skipping branch "fix-stack"
 :: Skipping branch "from-boss"
 :: Skipping branch "inets-cowboy-fixes"
 :: Skipping branch "mainline"
 :: Skipping branch "webmachine_updated"
 :: Skipping branch "ws"
 :: Processing https://github.com/choptastic/simple_bridge	{rev,branch,"master","1848ec782cb85e18a0a2ff3e93f27169c5772327",undefined,[],[]}
 :: Fetching repo code
$ cd '/home/pete/wefwefwef/docs/other/b06353f45e5e58a2eb7abaeb9885af090910b488/simple_bridge-branch-master'
$ infinity  `curl --fail --silent --show-error --location --output repo.tar.gz 'https://codeload.github.com/choptastic/simple_bridge/tar.gz/master'  2>&1`
$ cd '/home/pete/wefwefwef/docs/erldocs_other.git'
$ cd '/home/pete/wefwefwef/docs/other/b06353f45e5e58a2eb7abaeb9885af090910b488/simple_bridge-branch-master/simple_bridge-master'
$ 5000  `find -P . -type l -delete  2>&1`
$ cd '/home/pete/wefwefwef/docs/erldocs_other.git'
$ 5000  `mv '/home/pete/wefwefwef/docs/other/b06353f45e5e58a2eb7abaeb9885af090910b488/simple_bridge-branch-master/simple_bridge-master' '/home/pete/wefwefwef/docs/other/b06353f45e5e58a2eb7abaeb9885af090910b488/simple_bridge-branch-master/simple_bridge'  2>&1`
 :: Getting dependencies
$ cd '/home/pete/wefwefwef/docs/other/b06353f45e5e58a2eb7abaeb9885af090910b488/simple_bridge-branch-master/simple_bridge'
$ 5000  `ls -1 deps/  2>&1`
$ cd '/home/pete/wefwefwef/docs/erldocs_other.git'
>>> [rebar] deps = []
$ cd '/home/pete/wefwefwef/docs/other/b06353f45e5e58a2eb7abaeb9885af090910b488/simple_bridge-branch-master/simple_bridge'
$ infinity  `git submodule update --init --recursive  2>&1`
$ cd '/home/pete/wefwefwef/docs/erldocs_other.git'
 :: Generating erldocs into /home/pete/wefwefwef/docs/other/b06353f45e5e58a2eb7abaeb9885af090910b488/repo/master
Building simple_bridge
Generating Type Specs - "/home/pete/wefwefwef/docs/other/b06353f45e5e58a2eb7abaeb9885af090910b488/simple_bridge-branch-master/simple_bridge/src/sb_file_upload_handler.erl"
Generating Type Specs - "/home/pete/wefwefwef/docs/other/b06353f45e5e58a2eb7abaeb9885af090910b488/simple_bridge-branch-master/simple_bridge/src/sb_uploaded_file.erl"
Generating Type Specs - "/home/pete/wefwefwef/docs/other/b06353f45e5e58a2eb7abaeb9885af090910b488/simple_bridge-branch-master/simple_bridge/src/sbw.erl"
Generating Type Specs - "/home/pete/wefwefwef/docs/other/b06353f45e5e58a2eb7abaeb9885af090910b488/simple_bridge-branch-master/simple_bridge/src/simple_bridge.erl"
Generating Type Specs - "/home/pete/wefwefwef/docs/other/b06353f45e5e58a2eb7abaeb9885af090910b488/simple_bridge-branch-master/simple_bridge/src/simple_bridge_app.erl"
Generating Type Specs - "/home/pete/wefwefwef/docs/other/b06353f45e5e58a2eb7abaeb9885af090910b488/simple_bridge-branch-master/simple_bridge/src/simple_bridge_handler.erl"
Generating Type Specs - "/home/pete/wefwefwef/docs/other/b06353f45e5e58a2eb7abaeb9885af090910b488/simple_bridge-branch-master/simple_bridge/src/simple_bridge_handler_sample.erl"
Generating Type Specs - "/home/pete/wefwefwef/docs/other/b06353f45e5e58a2eb7abaeb9885af090910b488/simple_bridge-branch-master/simple_bridge/src/simple_bridge_multipart.erl"
Generating Type Specs - "/home/pete/wefwefwef/docs/other/b06353f45e5e58a2eb7abaeb9885af090910b488/simple_bridge-branch-master/simple_bridge/src/simple_bridge_util.erl"
Generating Type Specs - "/home/pete/wefwefwef/docs/other/b06353f45e5e58a2eb7abaeb9885af090910b488/simple_bridge-branch-master/simple_bridge/src/simple_bridge_websocket.erl"
/home/pete/wefwefwef/docs/other/b06353f45e5e58a2eb7abaeb9885af090910b488/simple_bridge-branch-master/simple_bridge/src/simple_bridge_websocket.erl: at line 18: can't find include file "crypto_compat.hrl"
EDoc could not process file '/home/pete/wefwefwef/docs/other/b06353f45e5e58a2eb7abaeb9885af090910b488/simple_bridge-branch-master/simple_bridge/src/simple_bridge_websocket.erl'
Error generating type specs for "/home/pete/wefwefwef/docs/other/b06353f45e5e58a2eb7abaeb9885af090910b488/simple_bridge-branch-master/simple_bridge/src/simple_bridge_websocket.erl"
Generating XML for application simple_bridge "/home/pete/wefwefwef/docs/other/b06353f45e5e58a2eb7abaeb9885af090910b488/simple_bridge-branch-master/simple_bridge" -> "/home/pete/wefwefwef/docs/other/b06353f45e5e58a2eb7abaeb9885af090910b488/repo/master/.xml/simple_bridge"
/home/pete/wefwefwef/docs/other/b06353f45e5e58a2eb7abaeb9885af090910b488/simple_bridge-branch-master/simple_bridge/src/webmachine_bridge_modules/webmachine_simple_bridge_static.erl: at line 22: can't find include file "crypto_compat.hrl"
edoc: skipping source file '/home/pete/wefwefwef/docs/other/b06353f45e5e58a2eb7abaeb9885af090910b488/simple_bridge-branch-master/simple_bridge/src/webmachine_bridge_modules/webmachine_simple_bridge_static.erl': {'EXIT',
                                                                                                                                                                                                              error}.
/home/pete/wefwefwef/docs/other/b06353f45e5e58a2eb7abaeb9885af090910b488/simple_bridge-branch-master/simple_bridge/src/simple_bridge_websocket.erl: at line 18: can't find include file "crypto_compat.hrl"
edoc: skipping source file '/home/pete/wefwefwef/docs/other/b06353f45e5e58a2eb7abaeb9885af090910b488/simple_bridge-branch-master/simple_bridge/src/simple_bridge_websocket.erl': {'EXIT',
                                                                                                                                                                            error}.
/home/pete/wefwefwef/docs/other/b06353f45e5e58a2eb7abaeb9885af090910b488/simple_bridge-branch-master/simple_bridge/src/simple_bridge_util.erl, function ensure_header/2: at line 191: `-quote ended unexpectedly at line 191
edoc: skipping source file '/home/pete/wefwefwef/docs/other/b06353f45e5e58a2eb7abaeb9885af090910b488/simple_bridge-branch-master/simple_bridge/src/simple_bridge_util.erl': {'EXIT',
                                                                                                                                                                       error}.
edoc: error in doclet 'edoc_doclet': {'EXIT',error}.
Error generating simple_bridge XMLs. Using fallback ...
Generating XML simple_bridge - sb_file_upload_handler "/home/pete/wefwefwef/docs/other/b06353f45e5e58a2eb7abaeb9885af090910b488/simple_bridge-branch-master/simple_bridge/src/sb_file_upload_handler.erl" -> "/home/pete/wefwefwef/docs/other/b06353f45e5e58a2eb7abaeb9885af090910b488/repo/master/.xml/simple_bridge/sb_file_upload_handler.xml"
Generating XML simple_bridge - sb_uploaded_file "/home/pete/wefwefwef/docs/other/b06353f45e5e58a2eb7abaeb9885af090910b488/simple_bridge-branch-master/simple_bridge/src/sb_uploaded_file.erl" -> "/home/pete/wefwefwef/docs/other/b06353f45e5e58a2eb7abaeb9885af090910b488/repo/master/.xml/simple_bridge/sb_uploaded_file.xml"
Generating XML simple_bridge - sbw "/home/pete/wefwefwef/docs/other/b06353f45e5e58a2eb7abaeb9885af090910b488/simple_bridge-branch-master/simple_bridge/src/sbw.erl" -> "/home/pete/wefwefwef/docs/other/b06353f45e5e58a2eb7abaeb9885af090910b488/repo/master/.xml/simple_bridge/sbw.xml"
Generating XML simple_bridge - simple_bridge "/home/pete/wefwefwef/docs/other/b06353f45e5e58a2eb7abaeb9885af090910b488/simple_bridge-branch-master/simple_bridge/src/simple_bridge.erl" -> "/home/pete/wefwefwef/docs/other/b06353f45e5e58a2eb7abaeb9885af090910b488/repo/master/.xml/simple_bridge/simple_bridge.xml"
Generating XML simple_bridge - simple_bridge_app "/home/pete/wefwefwef/docs/other/b06353f45e5e58a2eb7abaeb9885af090910b488/simple_bridge-branch-master/simple_bridge/src/simple_bridge_app.erl" -> "/home/pete/wefwefwef/docs/other/b06353f45e5e58a2eb7abaeb9885af090910b488/repo/master/.xml/simple_bridge/simple_bridge_app.xml"
Generating XML simple_bridge - simple_bridge_handler "/home/pete/wefwefwef/docs/other/b06353f45e5e58a2eb7abaeb9885af090910b488/simple_bridge-branch-master/simple_bridge/src/simple_bridge_handler.erl" -> "/home/pete/wefwefwef/docs/other/b06353f45e5e58a2eb7abaeb9885af090910b488/repo/master/.xml/simple_bridge/simple_bridge_handler.xml"
Generating XML simple_bridge - simple_bridge_handler_sample "/home/pete/wefwefwef/docs/other/b06353f45e5e58a2eb7abaeb9885af090910b488/simple_bridge-branch-master/simple_bridge/src/simple_bridge_handler_sample.erl" -> "/home/pete/wefwefwef/docs/other/b06353f45e5e58a2eb7abaeb9885af090910b488/repo/master/.xml/simple_bridge/simple_bridge_handler_sample.xml"
Generating XML simple_bridge - simple_bridge_multipart "/home/pete/wefwefwef/docs/other/b06353f45e5e58a2eb7abaeb9885af090910b488/simple_bridge-branch-master/simple_bridge/src/simple_bridge_multipart.erl" -> "/home/pete/wefwefwef/docs/other/b06353f45e5e58a2eb7abaeb9885af090910b488/repo/master/.xml/simple_bridge/simple_bridge_multipart.xml"
Generating XML simple_bridge - simple_bridge_util "/home/pete/wefwefwef/docs/other/b06353f45e5e58a2eb7abaeb9885af090910b488/simple_bridge-branch-master/simple_bridge/src/simple_bridge_util.erl" -> "/home/pete/wefwefwef/docs/other/b06353f45e5e58a2eb7abaeb9885af090910b488/repo/master/.xml/simple_bridge/simple_bridge_util.xml"
/home/pete/wefwefwef/docs/other/b06353f45e5e58a2eb7abaeb9885af090910b488/simple_bridge-branch-master/simple_bridge/src/simple_bridge_util.erl, function ensure_header/2: at line 191: `-quote ended unexpectedly at line 191
Error generating XML ("/home/pete/wefwefwef/docs/other/b06353f45e5e58a2eb7abaeb9885af090910b488/simple_bridge-branch-master/simple_bridge/src/simple_bridge_util.erl"): {'EXIT',
                                                                                                                                                                         error}
Generating XML simple_bridge - simple_bridge_websocket "/home/pete/wefwefwef/docs/other/b06353f45e5e58a2eb7abaeb9885af090910b488/simple_bridge-branch-master/simple_bridge/src/simple_bridge_websocket.erl" -> "/home/pete/wefwefwef/docs/other/b06353f45e5e58a2eb7abaeb9885af090910b488/repo/master/.xml/simple_bridge/simple_bridge_websocket.xml"
/home/pete/wefwefwef/docs/other/b06353f45e5e58a2eb7abaeb9885af090910b488/simple_bridge-branch-master/simple_bridge/src/simple_bridge_websocket.erl: at line 18: can't find include file "crypto_compat.hrl"
Error generating XML ("/home/pete/wefwefwef/docs/other/b06353f45e5e58a2eb7abaeb9885af090910b488/simple_bridge-branch-master/simple_bridge/src/simple_bridge_websocket.erl"): {'EXIT',
                                                                                                                                                                              error}
Generating HTML - simple_bridge_handler_sample "/home/pete/wefwefwef/docs/other/b06353f45e5e58a2eb7abaeb9885af090910b488/repo/master/.xml/simple_bridge/simple_bridge_handler_sample.xml"
Generating HTML - simple_bridge_app "/home/pete/wefwefwef/docs/other/b06353f45e5e58a2eb7abaeb9885af090910b488/repo/master/.xml/simple_bridge/simple_bridge_app.xml"
Generating HTML - sbw "/home/pete/wefwefwef/docs/other/b06353f45e5e58a2eb7abaeb9885af090910b488/repo/master/.xml/simple_bridge/sbw.xml"
Generating HTML - sb_file_upload_handler "/home/pete/wefwefwef/docs/other/b06353f45e5e58a2eb7abaeb9885af090910b488/repo/master/.xml/simple_bridge/sb_file_upload_handler.xml"
Reading XML for "/home/pete/wefwefwef/docs/other/b06353f45e5e58a2eb7abaeb9885af090910b488/repo/master/.xml/simple_bridge/simple_bridge_handler_sample.xml"
Reading XML for "/home/pete/wefwefwef/docs/other/b06353f45e5e58a2eb7abaeb9885af090910b488/repo/master/.xml/simple_bridge/simple_bridge_app.xml"
Reading XML for "/home/pete/wefwefwef/docs/other/b06353f45e5e58a2eb7abaeb9885af090910b488/repo/master/.xml/simple_bridge/sbw.xml"
Reading XML for "/home/pete/wefwefwef/docs/other/b06353f45e5e58a2eb7abaeb9885af090910b488/repo/master/.xml/simple_bridge/sb_file_upload_handler.xml"
Reading XML for "/home/pete/wefwefwef/docs/other/b06353f45e5e58a2eb7abaeb9885af090910b488/repo/master/.xml/specs_simple_bridge_handler_sample.xml"
Generating HTML - simple_bridge_multipart "/home/pete/wefwefwef/docs/other/b06353f45e5e58a2eb7abaeb9885af090910b488/repo/master/.xml/simple_bridge/simple_bridge_multipart.xml"
Reading XML for "/home/pete/wefwefwef/docs/other/b06353f45e5e58a2eb7abaeb9885af090910b488/repo/master/.xml/simple_bridge/simple_bridge_multipart.xml"
Reading XML for "/home/pete/wefwefwef/docs/other/b06353f45e5e58a2eb7abaeb9885af090910b488/repo/master/.xml/specs_simple_bridge_app.xml"
Reading XML for "/home/pete/wefwefwef/docs/other/b06353f45e5e58a2eb7abaeb9885af090910b488/repo/master/.xml/specs_sb_file_upload_handler.xml"
Generating HTML - simple_bridge_handler "/home/pete/wefwefwef/docs/other/b06353f45e5e58a2eb7abaeb9885af090910b488/repo/master/.xml/simple_bridge/simple_bridge_handler.xml"
Reading XML for "/home/pete/wefwefwef/docs/other/b06353f45e5e58a2eb7abaeb9885af090910b488/repo/master/.xml/simple_bridge/simple_bridge_handler.xml"
Reading XML for "/home/pete/wefwefwef/docs/other/b06353f45e5e58a2eb7abaeb9885af090910b488/repo/master/.xml/specs_sbw.xml"
Generating HTML - sb_uploaded_file "/home/pete/wefwefwef/docs/other/b06353f45e5e58a2eb7abaeb9885af090910b488/repo/master/.xml/simple_bridge/sb_uploaded_file.xml"
Reading XML for "/home/pete/wefwefwef/docs/other/b06353f45e5e58a2eb7abaeb9885af090910b488/repo/master/.xml/simple_bridge/sb_uploaded_file.xml"
Generating HTML - simple_bridge "/home/pete/wefwefwef/docs/other/b06353f45e5e58a2eb7abaeb9885af090910b488/repo/master/.xml/simple_bridge/simple_bridge.xml"
Reading XML for "/home/pete/wefwefwef/docs/other/b06353f45e5e58a2eb7abaeb9885af090910b488/repo/master/.xml/simple_bridge/simple_bridge.xml"
Reading XML for "/home/pete/wefwefwef/docs/other/b06353f45e5e58a2eb7abaeb9885af090910b488/repo/master/.xml/specs_simple_bridge_multipart.xml"
Reading XML for "/home/pete/wefwefwef/docs/other/b06353f45e5e58a2eb7abaeb9885af090910b488/repo/master/.xml/specs_simple_bridge_handler.xml"
Reading XML for "/home/pete/wefwefwef/docs/other/b06353f45e5e58a2eb7abaeb9885af090910b488/repo/master/.xml/specs_sb_uploaded_file.xml"
Reading XML for "/home/pete/wefwefwef/docs/other/b06353f45e5e58a2eb7abaeb9885af090910b488/repo/master/.xml/specs_simple_bridge.xml"
Creating index.html ...
Creating erldocs_index.js ...
Woot, finished in 0 Minutes 2 Seconds
 :: Discovering other repos
$ 5000  `rm -r '/home/pete/wefwefwef/docs/other/b06353f45e5e58a2eb7abaeb9885af090910b488/simple_bridge-branch-master'  2>&1`
 :: Finishing up
$ 5000  `rm -r '/home/pete/wefwefwef/docs/other/b06353f45e5e58a2eb7abaeb9885af090910b488/simple_bridge'  2>&1`
