 :: Extracting meta information
$ 5000  `git ls-remote --heads --tags 'https://github.com/matthias-endler/fs'  2>&1`
>>> [repo] 1 branches, 0 tags
 :: Writing meta to "/home/pete/wefwefwef/docs/other/7418550336/meta.txt"
 :: Processing https://github.com/matthias-endler/fs	{rev,branch,"master","79de9f4590ee03edfdd0f79c4077f4cdb7e49daf"}
 :: Fetching repo code
$ cd "/home/pete/wefwefwef/docs/other/7418550336/fs-branch-master/fs"
$ infinity  `curl --fail --silent --show-error --location --output 'master.zip' 'https://github.com/matthias-endler/fs/archive/master.zip'  2>&1`
$ cd "/home/pete/wefwefwef/docs/erldocs_other.git"
$ cd "/home/pete/wefwefwef/docs/other/7418550336/fs-branch-master/fs"
$ 5000  `find -P . -type l -delete  2>&1`
$ cd "/home/pete/wefwefwef/docs/erldocs_other.git"
$ cd "/home/pete/wefwefwef/docs/other/7418550336/fs-branch-master/fs"
$ 5000  `find 'fs-master' -mindepth 1 -maxdepth 1 -exec mv -t . -- {} +  2>&1`
$ cd "/home/pete/wefwefwef/docs/erldocs_other.git"
 :: Getting dependencies
$ cd "/home/pete/wefwefwef/docs/other/7418550336/fs-branch-master/fs"
$ 5000  `ls -1 deps/  2>&1`
$ cd "/home/pete/wefwefwef/docs/erldocs_other.git"
>>> [rebar] deps = []
 :: Generating erldocs into /home/pete/wefwefwef/docs/other/7418550336/repo/master
Building fs
Generating Type Specs - "/home/pete/wefwefwef/docs/other/7418550336/fs-branch-master/fs/src/fs.erl"
Generating Type Specs - "/home/pete/wefwefwef/docs/other/7418550336/fs-branch-master/fs/src/fs_app.erl"
Generating Type Specs - "/home/pete/wefwefwef/docs/other/7418550336/fs-branch-master/fs/src/fs_sup.erl"
Generating XML for application fs "/home/pete/wefwefwef/docs/other/7418550336/fs-branch-master/fs" -> "/home/pete/wefwefwef/docs/other/7418550336/repo/master/.xml/fs"
Generated fs XMLs: ["/home/pete/wefwefwef/docs/other/7418550336/repo/master/.xml/fs/fs.xml",
                    "/home/pete/wefwefwef/docs/other/7418550336/repo/master/.xml/fs/fs_app.xml",
                    "/home/pete/wefwefwef/docs/other/7418550336/repo/master/.xml/fs/fs_sup.xml"]
Generating HTML - fs_sup "/home/pete/wefwefwef/docs/other/7418550336/repo/master/.xml/fs/fs_sup.xml"
Reading XML for "/home/pete/wefwefwef/docs/other/7418550336/repo/master/.xml/fs/fs_sup.xml"
Reading XML for "/home/pete/wefwefwef/docs/other/7418550336/repo/master/.xml/specs_fs_sup.xml"
Generating HTML - fs_app "/home/pete/wefwefwef/docs/other/7418550336/repo/master/.xml/fs/fs_app.xml"
Reading XML for "/home/pete/wefwefwef/docs/other/7418550336/repo/master/.xml/fs/fs_app.xml"
Reading XML for "/home/pete/wefwefwef/docs/other/7418550336/repo/master/.xml/specs_fs_app.xml"
Generating HTML - fs "/home/pete/wefwefwef/docs/other/7418550336/repo/master/.xml/fs/fs.xml"
Reading XML for "/home/pete/wefwefwef/docs/other/7418550336/repo/master/.xml/fs/fs.xml"
Reading XML for "/home/pete/wefwefwef/docs/other/7418550336/repo/master/.xml/specs_fs.xml"
Creating index.html ...
Creating erldocs_index.js ...
Woot, finished in 0 Minutes 0 Seconds
 :: Discovering other repos
$ 5000  `rm -r '/home/pete/wefwefwef/docs/other/7418550336/fs-branch-master'  2>&1`
 :: Erldocs finishing up
$ 5000  `rm -r '/home/pete/wefwefwef/docs/other/7418550336/fs'  2>&1`
