 :: Extracting meta information
$ 5000  `git ls-remote --heads --tags 'https://github.com/rodo/tsung-typeahead'  2>&1`
>>> [repo] 1 branches, 0 tags
 :: Writing meta to "/home/pete/wefwefwef/docs/other/4295868812/meta.txt"
 :: Processing https://github.com/rodo/tsung-typeahead	{rev,branch,"master","bf0e9026072033844fe91fac1ba2757dcb0538e2",undefined,[],[]}
 :: Fetching repo code
$ cd "/home/pete/wefwefwef/docs/other/4295868812/tsung-typeahead-branch-master/tsung-typeahead"
$ infinity  `curl --fail --silent --show-error --location --output 'master.zip' 'https://github.com/rodo/tsung-typeahead/archive/master.zip'  2>&1`
$ cd "/home/pete/wefwefwef/docs/erldocs_other.git"
$ cd "/home/pete/wefwefwef/docs/other/4295868812/tsung-typeahead-branch-master/tsung-typeahead"
$ 5000  `find -P . -type l -delete  2>&1`
$ cd "/home/pete/wefwefwef/docs/erldocs_other.git"
$ cd "/home/pete/wefwefwef/docs/other/4295868812/tsung-typeahead-branch-master/tsung-typeahead"
$ 5000  `find 'tsung-typeahead-master' -mindepth 1 -maxdepth 1 -exec mv -t . -- {} +  2>&1`
$ cd "/home/pete/wefwefwef/docs/erldocs_other.git"
 :: Getting dependencies
$ cd "/home/pete/wefwefwef/docs/other/4295868812/tsung-typeahead-branch-master/tsung-typeahead"
$ 5000  `ls -1 deps/  2>&1`
$ cd "/home/pete/wefwefwef/docs/erldocs_other.git"
>>> [rebar] deps = []
 :: Generating erldocs into /home/pete/wefwefwef/docs/other/4295868812/repo/master
Building tsung-typeahead
Generating Type Specs - "/home/pete/wefwefwef/docs/other/4295868812/tsung-typeahead-branch-master/tsung-typeahead/src/typeahead.erl"
Generating XML for application tsung-typeahead "/home/pete/wefwefwef/docs/other/4295868812/tsung-typeahead-branch-master/tsung-typeahead" -> "/home/pete/wefwefwef/docs/other/4295868812/repo/master/.xml/tsung-typeahead"
Generated tsung-typeahead XMLs: ["/home/pete/wefwefwef/docs/other/4295868812/repo/master/.xml/tsung-typeahead/typeahead.xml"]
Generating HTML - typeahead "/home/pete/wefwefwef/docs/other/4295868812/repo/master/.xml/tsung-typeahead/typeahead.xml"
Reading XML for "/home/pete/wefwefwef/docs/other/4295868812/repo/master/.xml/tsung-typeahead/typeahead.xml"
Reading XML for "/home/pete/wefwefwef/docs/other/4295868812/repo/master/.xml/specs_typeahead.xml"
Creating index.html ...
Creating erldocs_index.js ...
Woot, finished in 0 Minutes 0 Seconds
 :: Discovering other repos
$ 5000  `rm -r '/home/pete/wefwefwef/docs/other/4295868812/tsung-typeahead-branch-master'  2>&1`
 :: Finishing up
$ 5000  `rm -r '/home/pete/wefwefwef/docs/other/4295868812/tsung-typeahead'  2>&1`
