 :: Extracting meta information
$ infinity  `git ls-remote --heads --tags 'https://github.com/ricardobcl/globallogicalclocks'  2>&1`
>>> [repo] 2 branches, 0 tags
 :: Writing meta to "/home/pete/wefwefwef/docs/other/3f24e9d02b55d1639c5a6822041516ebabeb7570/meta.txt"
 :: Skipping branch "master"
 :: Processing https://github.com/ricardobcl/globallogicalclocks	{rev,branch,"rebar3","f40a747c190bbeca6df8bf9a860813df979dbecf",undefined,[],[]}
 :: Fetching repo code
$ cd '/home/pete/wefwefwef/docs/other/3f24e9d02b55d1639c5a6822041516ebabeb7570/globallogicalclocks-branch-rebar3'
$ infinity  `curl --fail --silent --show-error --location --output repo.tar.gz 'https://codeload.github.com/ricardobcl/globallogicalclocks/tar.gz/rebar3'  2>&1`
$ cd '/home/pete/wefwefwef/docs/erldocs_other.git'
$ cd '/home/pete/wefwefwef/docs/other/3f24e9d02b55d1639c5a6822041516ebabeb7570/globallogicalclocks-branch-rebar3/ServerWideClocks-rebar3'
$ 5000  `find -P . -type l -delete  2>&1`
$ cd '/home/pete/wefwefwef/docs/erldocs_other.git'
$ 5000  `mv '/home/pete/wefwefwef/docs/other/3f24e9d02b55d1639c5a6822041516ebabeb7570/globallogicalclocks-branch-rebar3/ServerWideClocks-rebar3' '/home/pete/wefwefwef/docs/other/3f24e9d02b55d1639c5a6822041516ebabeb7570/globallogicalclocks-branch-rebar3/globallogicalclocks'  2>&1`
 :: Getting dependencies
$ cd '/home/pete/wefwefwef/docs/other/3f24e9d02b55d1639c5a6822041516ebabeb7570/globallogicalclocks-branch-rebar3/globallogicalclocks'
$ 5000  `ls -1 deps/  2>&1`
$ cd '/home/pete/wefwefwef/docs/erldocs_other.git'
>>> [rebar] deps = []
 :: Generating erldocs into /home/pete/wefwefwef/docs/other/3f24e9d02b55d1639c5a6822041516ebabeb7570/repo/rebar3
Building globallogicalclocks
Generating Type Specs - "/home/pete/wefwefwef/docs/other/3f24e9d02b55d1639c5a6822041516ebabeb7570/globallogicalclocks-branch-rebar3/globallogicalclocks/src/swc_kv.erl"
Generating Type Specs - "/home/pete/wefwefwef/docs/other/3f24e9d02b55d1639c5a6822041516ebabeb7570/globallogicalclocks-branch-rebar3/globallogicalclocks/src/swc_node.erl"
Generating Type Specs - "/home/pete/wefwefwef/docs/other/3f24e9d02b55d1639c5a6822041516ebabeb7570/globallogicalclocks-branch-rebar3/globallogicalclocks/src/swc_vv.erl"
Generating XML for application globallogicalclocks "/home/pete/wefwefwef/docs/other/3f24e9d02b55d1639c5a6822041516ebabeb7570/globallogicalclocks-branch-rebar3/globallogicalclocks" -> "/home/pete/wefwefwef/docs/other/3f24e9d02b55d1639c5a6822041516ebabeb7570/repo/rebar3/.xml/globallogicalclocks"
Generated globallogicalclocks XMLs: ["/home/pete/wefwefwef/docs/other/3f24e9d02b55d1639c5a6822041516ebabeb7570/repo/rebar3/.xml/globallogicalclocks/swc_node.xml",
                                     "/home/pete/wefwefwef/docs/other/3f24e9d02b55d1639c5a6822041516ebabeb7570/repo/rebar3/.xml/globallogicalclocks/swc_vv.xml",
                                     "/home/pete/wefwefwef/docs/other/3f24e9d02b55d1639c5a6822041516ebabeb7570/repo/rebar3/.xml/globallogicalclocks/swc_kv.xml"]
Generating HTML - swc_kv "/home/pete/wefwefwef/docs/other/3f24e9d02b55d1639c5a6822041516ebabeb7570/repo/rebar3/.xml/globallogicalclocks/swc_kv.xml"
Reading XML for "/home/pete/wefwefwef/docs/other/3f24e9d02b55d1639c5a6822041516ebabeb7570/repo/rebar3/.xml/globallogicalclocks/swc_kv.xml"
Reading XML for "/home/pete/wefwefwef/docs/other/3f24e9d02b55d1639c5a6822041516ebabeb7570/repo/rebar3/.xml/specs_swc_kv.xml"
Generating HTML - swc_vv "/home/pete/wefwefwef/docs/other/3f24e9d02b55d1639c5a6822041516ebabeb7570/repo/rebar3/.xml/globallogicalclocks/swc_vv.xml"
Reading XML for "/home/pete/wefwefwef/docs/other/3f24e9d02b55d1639c5a6822041516ebabeb7570/repo/rebar3/.xml/globallogicalclocks/swc_vv.xml"
Reading XML for "/home/pete/wefwefwef/docs/other/3f24e9d02b55d1639c5a6822041516ebabeb7570/repo/rebar3/.xml/specs_swc_vv.xml"
Generating HTML - swc_node "/home/pete/wefwefwef/docs/other/3f24e9d02b55d1639c5a6822041516ebabeb7570/repo/rebar3/.xml/globallogicalclocks/swc_node.xml"
Reading XML for "/home/pete/wefwefwef/docs/other/3f24e9d02b55d1639c5a6822041516ebabeb7570/repo/rebar3/.xml/globallogicalclocks/swc_node.xml"
Reading XML for "/home/pete/wefwefwef/docs/other/3f24e9d02b55d1639c5a6822041516ebabeb7570/repo/rebar3/.xml/specs_swc_node.xml"
Creating index.html ...
Creating erldocs_index.js ...
Woot, finished in 0 Minutes 0 Seconds
 :: Discovering other repos
$ 5000  `rm -r '/home/pete/wefwefwef/docs/other/3f24e9d02b55d1639c5a6822041516ebabeb7570/globallogicalclocks-branch-rebar3'  2>&1`
 :: Finishing up
$ 5000  `rm -r '/home/pete/wefwefwef/docs/other/3f24e9d02b55d1639c5a6822041516ebabeb7570/globallogicalclocks'  2>&1`
