 :: Extracting meta information
$ cd '.'
$ infinity  `svn ls --verbose http://ermdrawer.googlecode.com/svn/branches http://ermdrawer.googlecode.com/svn/tags http://ermdrawer.googlecode.com/svn/trunk`
>>> [repo] 1 branches, 0 tags
 :: Writing meta to "/home/pete/wefwefwef/docs/other/1d66510daf12c989ba25120e40a25190268bd5b5/meta.txt"
 :: Processing https://code.google.com/p/ermdrawer	{rev,branch,"trunk","1",undefined,[],[]}
 :: Fetching repo code
$ cd '/home/pete/wefwefwef/docs/other/1d66510daf12c989ba25120e40a25190268bd5b5/ermdrawer-branch-trunk'
$ infinity  `svn export -r 1 http://ermdrawer.googlecode.com/svn/trunk`
$ cd '/home/pete/wefwefwef/docs/other/1d66510daf12c989ba25120e40a25190268bd5b5/ermdrawer-branch-trunk/trunk'
$ 5000  `find -P . -type l -delete`
$ cd '.'
$ 5000  `mv /home/pete/wefwefwef/docs/other/1d66510daf12c989ba25120e40a25190268bd5b5/ermdrawer-branch-trunk/trunk /home/pete/wefwefwef/docs/other/1d66510daf12c989ba25120e40a25190268bd5b5/ermdrawer-branch-trunk/ermdrawer`
 :: Getting dependencies
 :: Generating erldocs into /home/pete/wefwefwef/docs/other/1d66510daf12c989ba25120e40a25190268bd5b5/repo/trunk
Building ermdrawer
Generating XML for application ermdrawer "/home/pete/wefwefwef/docs/other/1d66510daf12c989ba25120e40a25190268bd5b5/ermdrawer-branch-trunk/ermdrawer" -> "/home/pete/wefwefwef/docs/other/1d66510daf12c989ba25120e40a25190268bd5b5/repo/trunk/.xml/ermdrawer"
Generated ermdrawer XMLs: []
No documentation was generated!
Woot, finished in 0 Minutes 0 Seconds
 :: Discovering other repos
$ cd '.'
$ 5000  `rm -r /home/pete/wefwefwef/docs/other/1d66510daf12c989ba25120e40a25190268bd5b5/ermdrawer-branch-trunk`
 :: Finishing up
$ cd '.'
$ 5000  `rm -r /home/pete/wefwefwef/docs/other/1d66510daf12c989ba25120e40a25190268bd5b5/ermdrawer`
$ cd '.'
$ 5000  `rm -r /home/pete/wefwefwef/docs/other/1d66510daf12c989ba25120e40a25190268bd5b5/repo/trunk`
