 :: Extracting meta information
$ infinity  `git ls-remote --heads --tags 'https://github.com/jlouis/dht'  2>&1`
>>> [repo] 2 branches, 0 tags
 :: Writing meta to "/home/pete/wefwefwef/docs/other/9089e43f070f1041df1f4a45834ed8420e9bb8fb/meta.txt"
 :: Skipping branch "jl/1-fix-deadlock"
 :: Processing https://github.com/jlouis/dht	{rev,branch,"master","2e4811a69ef40aa77b037e453ad1fb4ec29abf1d",undefined,[],[]}
 :: Fetching repo code
$ cd '/home/pete/wefwefwef/docs/other/9089e43f070f1041df1f4a45834ed8420e9bb8fb/dht-branch-master'
$ infinity  `curl --fail --silent --show-error --location --output repo.tar.gz 'https://codeload.github.com/jlouis/dht/tar.gz/master'  2>&1`
$ cd '/home/pete/wefwefwef/docs/erldocs_other.git'
$ cd '/home/pete/wefwefwef/docs/other/9089e43f070f1041df1f4a45834ed8420e9bb8fb/dht-branch-master/dht-master'
$ 5000  `find -P . -type l -delete  2>&1`
$ cd '/home/pete/wefwefwef/docs/erldocs_other.git'
$ 5000  `mv '/home/pete/wefwefwef/docs/other/9089e43f070f1041df1f4a45834ed8420e9bb8fb/dht-branch-master/dht-master' '/home/pete/wefwefwef/docs/other/9089e43f070f1041df1f4a45834ed8420e9bb8fb/dht-branch-master/dht'  2>&1`
 :: Getting dependencies
$ cd '/home/pete/wefwefwef/docs/other/9089e43f070f1041df1f4a45834ed8420e9bb8fb/dht-branch-master/dht'
$ 5000  `ls -1 deps/  2>&1`
$ cd '/home/pete/wefwefwef/docs/erldocs_other.git'
>>> [rebar] deps = []
 :: Generating erldocs into /home/pete/wefwefwef/docs/other/9089e43f070f1041df1f4a45834ed8420e9bb8fb/repo/master
Building dht
Generating Type Specs - "/home/pete/wefwefwef/docs/other/9089e43f070f1041df1f4a45834ed8420e9bb8fb/dht-branch-master/dht/src/dht.erl"
Generating Type Specs - "/home/pete/wefwefwef/docs/other/9089e43f070f1041df1f4a45834ed8420e9bb8fb/dht-branch-master/dht/src/dht_app.erl"
Generating Type Specs - "/home/pete/wefwefwef/docs/other/9089e43f070f1041df1f4a45834ed8420e9bb8fb/dht-branch-master/dht/src/dht_metric.erl"
Generating Type Specs - "/home/pete/wefwefwef/docs/other/9089e43f070f1041df1f4a45834ed8420e9bb8fb/dht-branch-master/dht/src/dht_net.erl"
Generating Type Specs - "/home/pete/wefwefwef/docs/other/9089e43f070f1041df1f4a45834ed8420e9bb8fb/dht-branch-master/dht/src/dht_par.erl"
Generating Type Specs - "/home/pete/wefwefwef/docs/other/9089e43f070f1041df1f4a45834ed8420e9bb8fb/dht-branch-master/dht/src/dht_proto.erl"
Generating Type Specs - "/home/pete/wefwefwef/docs/other/9089e43f070f1041df1f4a45834ed8420e9bb8fb/dht-branch-master/dht/src/dht_rand.erl"
Generating Type Specs - "/home/pete/wefwefwef/docs/other/9089e43f070f1041df1f4a45834ed8420e9bb8fb/dht-branch-master/dht/src/dht_refresh.erl"
Generating Type Specs - "/home/pete/wefwefwef/docs/other/9089e43f070f1041df1f4a45834ed8420e9bb8fb/dht-branch-master/dht/src/dht_routing_meta.erl"
Generating Type Specs - "/home/pete/wefwefwef/docs/other/9089e43f070f1041df1f4a45834ed8420e9bb8fb/dht-branch-master/dht/src/dht_routing_table.erl"
Generating Type Specs - "/home/pete/wefwefwef/docs/other/9089e43f070f1041df1f4a45834ed8420e9bb8fb/dht-branch-master/dht/src/dht_search.erl"
Generating Type Specs - "/home/pete/wefwefwef/docs/other/9089e43f070f1041df1f4a45834ed8420e9bb8fb/dht-branch-master/dht/src/dht_socket.erl"
Generating Type Specs - "/home/pete/wefwefwef/docs/other/9089e43f070f1041df1f4a45834ed8420e9bb8fb/dht-branch-master/dht/src/dht_state.erl"
Generating Type Specs - "/home/pete/wefwefwef/docs/other/9089e43f070f1041df1f4a45834ed8420e9bb8fb/dht-branch-master/dht/src/dht_store.erl"
Generating Type Specs - "/home/pete/wefwefwef/docs/other/9089e43f070f1041df1f4a45834ed8420e9bb8fb/dht-branch-master/dht/src/dht_sup.erl"
Generating Type Specs - "/home/pete/wefwefwef/docs/other/9089e43f070f1041df1f4a45834ed8420e9bb8fb/dht-branch-master/dht/src/dht_time.erl"
Generating Type Specs - "/home/pete/wefwefwef/docs/other/9089e43f070f1041df1f4a45834ed8420e9bb8fb/dht-branch-master/dht/src/dht_track.erl"
Generating XML for application dht "/home/pete/wefwefwef/docs/other/9089e43f070f1041df1f4a45834ed8420e9bb8fb/dht-branch-master/dht" -> "/home/pete/wefwefwef/docs/other/9089e43f070f1041df1f4a45834ed8420e9bb8fb/repo/master/.xml/dht"
Generated dht XMLs: ["/home/pete/wefwefwef/docs/other/9089e43f070f1041df1f4a45834ed8420e9bb8fb/repo/master/.xml/dht/dht.xml"]
Generating HTML - dht "/home/pete/wefwefwef/docs/other/9089e43f070f1041df1f4a45834ed8420e9bb8fb/repo/master/.xml/dht/dht.xml"
Reading XML for "/home/pete/wefwefwef/docs/other/9089e43f070f1041df1f4a45834ed8420e9bb8fb/repo/master/.xml/dht/dht.xml"
Reading XML for "/home/pete/wefwefwef/docs/other/9089e43f070f1041df1f4a45834ed8420e9bb8fb/repo/master/.xml/specs_dht.xml"
Creating index.html ...
Creating erldocs_index.js ...
Woot, finished in 0 Minutes 1 Seconds
 :: Discovering other repos
$ 5000  `rm -r '/home/pete/wefwefwef/docs/other/9089e43f070f1041df1f4a45834ed8420e9bb8fb/dht-branch-master'  2>&1`
 :: Finishing up
$ 5000  `rm -r '/home/pete/wefwefwef/docs/other/9089e43f070f1041df1f4a45834ed8420e9bb8fb/dht'  2>&1`
