 :: Extracting meta information
$ infinity  `git ls-remote --heads --tags 'https://github.com/shiguredo/dorayaki'  2>&1`
>>> [repo] 2 branches, 5 tags
 :: Writing meta to "/home/pete/wefwefwef/docs/other/27238c7da1d6d7a67b4d7f777ac4a79ffc1c2026/meta.txt"
 :: Skipping tag "0.1.0"
 :: Skipping tag "0.1.1"
 :: Skipping tag "0.1.2"
 :: Skipping tag "0.1.3"
 :: Processing https://github.com/shiguredo/dorayaki	{rev,branch,"master","4f9ac9c70ac2a4816bfc71ed253d9adb4f16ed89",undefined,[],[]}
 :: Fetching repo code
$ cd '/home/pete/wefwefwef/docs/other/27238c7da1d6d7a67b4d7f777ac4a79ffc1c2026/dorayaki-branch-master'
$ infinity  `curl --fail --silent --show-error --location --output repo.tar.gz 'https://codeload.github.com/shiguredo/dorayaki/tar.gz/master'  2>&1`
$ cd '/home/pete/wefwefwef/docs/erldocs_other.git'
$ cd '/home/pete/wefwefwef/docs/other/27238c7da1d6d7a67b4d7f777ac4a79ffc1c2026/dorayaki-branch-master/dorayaki-master'
$ 5000  `find -P . -type l -delete  2>&1`
$ cd '/home/pete/wefwefwef/docs/erldocs_other.git'
$ 5000  `mv '/home/pete/wefwefwef/docs/other/27238c7da1d6d7a67b4d7f777ac4a79ffc1c2026/dorayaki-branch-master/dorayaki-master' '/home/pete/wefwefwef/docs/other/27238c7da1d6d7a67b4d7f777ac4a79ffc1c2026/dorayaki-branch-master/dorayaki'  2>&1`
 :: Getting dependencies
$ cd '/home/pete/wefwefwef/docs/other/27238c7da1d6d7a67b4d7f777ac4a79ffc1c2026/dorayaki-branch-master/dorayaki'
$ 5000  `ls -1 deps/  2>&1`
$ cd '/home/pete/wefwefwef/docs/erldocs_other.git'
>>> [rebar] deps = []
 :: Generating erldocs into /home/pete/wefwefwef/docs/other/27238c7da1d6d7a67b4d7f777ac4a79ffc1c2026/repo/master
Building dorayaki
Generating Type Specs - "/home/pete/wefwefwef/docs/other/27238c7da1d6d7a67b4d7f777ac4a79ffc1c2026/dorayaki-branch-master/dorayaki/src/dora_datetime.erl"
Generating Type Specs - "/home/pete/wefwefwef/docs/other/27238c7da1d6d7a67b4d7f777ac4a79ffc1c2026/dorayaki-branch-master/dorayaki/src/dora_validate.erl"
Generating XML for application dorayaki "/home/pete/wefwefwef/docs/other/27238c7da1d6d7a67b4d7f777ac4a79ffc1c2026/dorayaki-branch-master/dorayaki" -> "/home/pete/wefwefwef/docs/other/27238c7da1d6d7a67b4d7f777ac4a79ffc1c2026/repo/master/.xml/dorayaki"
Generated dorayaki XMLs: ["/home/pete/wefwefwef/docs/other/27238c7da1d6d7a67b4d7f777ac4a79ffc1c2026/repo/master/.xml/dorayaki/dora_datetime.xml",
                          "/home/pete/wefwefwef/docs/other/27238c7da1d6d7a67b4d7f777ac4a79ffc1c2026/repo/master/.xml/dorayaki/dora_validate.xml"]
Generating HTML - dora_validate "/home/pete/wefwefwef/docs/other/27238c7da1d6d7a67b4d7f777ac4a79ffc1c2026/repo/master/.xml/dorayaki/dora_validate.xml"
Reading XML for "/home/pete/wefwefwef/docs/other/27238c7da1d6d7a67b4d7f777ac4a79ffc1c2026/repo/master/.xml/dorayaki/dora_validate.xml"
Reading XML for "/home/pete/wefwefwef/docs/other/27238c7da1d6d7a67b4d7f777ac4a79ffc1c2026/repo/master/.xml/specs_dora_validate.xml"
Generating HTML - dora_datetime "/home/pete/wefwefwef/docs/other/27238c7da1d6d7a67b4d7f777ac4a79ffc1c2026/repo/master/.xml/dorayaki/dora_datetime.xml"
Reading XML for "/home/pete/wefwefwef/docs/other/27238c7da1d6d7a67b4d7f777ac4a79ffc1c2026/repo/master/.xml/dorayaki/dora_datetime.xml"
Reading XML for "/home/pete/wefwefwef/docs/other/27238c7da1d6d7a67b4d7f777ac4a79ffc1c2026/repo/master/.xml/specs_dora_datetime.xml"
Creating index.html ...
Creating erldocs_index.js ...
Woot, finished in 0 Minutes 0 Seconds
 :: Discovering other repos
$ 5000  `rm -r '/home/pete/wefwefwef/docs/other/27238c7da1d6d7a67b4d7f777ac4a79ffc1c2026/dorayaki-branch-master'  2>&1`
 :: Processing https://github.com/shiguredo/dorayaki	{rev,branch,"develop","7d8db73ec91a46a21bdb17482da7f27498721b11",undefined,[],[]}
 :: Fetching repo code
$ cd '/home/pete/wefwefwef/docs/other/27238c7da1d6d7a67b4d7f777ac4a79ffc1c2026/dorayaki-branch-develop'
$ infinity  `curl --fail --silent --show-error --location --output repo.tar.gz 'https://codeload.github.com/shiguredo/dorayaki/tar.gz/develop'  2>&1`
$ cd '/home/pete/wefwefwef/docs/erldocs_other.git'
$ cd '/home/pete/wefwefwef/docs/other/27238c7da1d6d7a67b4d7f777ac4a79ffc1c2026/dorayaki-branch-develop/dorayaki-develop'
$ 5000  `find -P . -type l -delete  2>&1`
$ cd '/home/pete/wefwefwef/docs/erldocs_other.git'
$ 5000  `mv '/home/pete/wefwefwef/docs/other/27238c7da1d6d7a67b4d7f777ac4a79ffc1c2026/dorayaki-branch-develop/dorayaki-develop' '/home/pete/wefwefwef/docs/other/27238c7da1d6d7a67b4d7f777ac4a79ffc1c2026/dorayaki-branch-develop/dorayaki'  2>&1`
 :: Getting dependencies
$ cd '/home/pete/wefwefwef/docs/other/27238c7da1d6d7a67b4d7f777ac4a79ffc1c2026/dorayaki-branch-develop/dorayaki'
$ infinity  `rebar --config '/home/pete/wefwefwef/docs/other/27238c7da1d6d7a67b4d7f777ac4a79ffc1c2026/dorayaki-branch-develop/rebar_deps' get-deps  2>&1`
$ cd '/home/pete/wefwefwef/docs/erldocs_other.git'
$ cd '/home/pete/wefwefwef/docs/other/27238c7da1d6d7a67b4d7f777ac4a79ffc1c2026/dorayaki-branch-develop/dorayaki'
$ 5000  `find -P . -type l -delete  2>&1`
$ cd '/home/pete/wefwefwef/docs/erldocs_other.git'
$ cd '/home/pete/wefwefwef/docs/other/27238c7da1d6d7a67b4d7f777ac4a79ffc1c2026/dorayaki-branch-develop/dorayaki'
$ 5000  `ls -1 deps/  2>&1`
$ cd '/home/pete/wefwefwef/docs/erldocs_other.git'
>>> [rebar] deps = []
 :: Generating erldocs into /home/pete/wefwefwef/docs/other/27238c7da1d6d7a67b4d7f777ac4a79ffc1c2026/repo/develop
Building dorayaki
Generating Type Specs - "/home/pete/wefwefwef/docs/other/27238c7da1d6d7a67b4d7f777ac4a79ffc1c2026/dorayaki-branch-develop/dorayaki/src/dora_datetime.erl"
Generating Type Specs - "/home/pete/wefwefwef/docs/other/27238c7da1d6d7a67b4d7f777ac4a79ffc1c2026/dorayaki-branch-develop/dorayaki/src/dora_validate.erl"
Generating XML for application dorayaki "/home/pete/wefwefwef/docs/other/27238c7da1d6d7a67b4d7f777ac4a79ffc1c2026/dorayaki-branch-develop/dorayaki" -> "/home/pete/wefwefwef/docs/other/27238c7da1d6d7a67b4d7f777ac4a79ffc1c2026/repo/develop/.xml/dorayaki"
Generated dorayaki XMLs: ["/home/pete/wefwefwef/docs/other/27238c7da1d6d7a67b4d7f777ac4a79ffc1c2026/repo/develop/.xml/dorayaki/dora_datetime.xml",
                          "/home/pete/wefwefwef/docs/other/27238c7da1d6d7a67b4d7f777ac4a79ffc1c2026/repo/develop/.xml/dorayaki/dora_validate.xml"]
Generating HTML - dora_validate "/home/pete/wefwefwef/docs/other/27238c7da1d6d7a67b4d7f777ac4a79ffc1c2026/repo/develop/.xml/dorayaki/dora_validate.xml"
Reading XML for "/home/pete/wefwefwef/docs/other/27238c7da1d6d7a67b4d7f777ac4a79ffc1c2026/repo/develop/.xml/dorayaki/dora_validate.xml"
Reading XML for "/home/pete/wefwefwef/docs/other/27238c7da1d6d7a67b4d7f777ac4a79ffc1c2026/repo/develop/.xml/specs_dora_validate.xml"
Generating HTML - dora_datetime "/home/pete/wefwefwef/docs/other/27238c7da1d6d7a67b4d7f777ac4a79ffc1c2026/repo/develop/.xml/dorayaki/dora_datetime.xml"
Reading XML for "/home/pete/wefwefwef/docs/other/27238c7da1d6d7a67b4d7f777ac4a79ffc1c2026/repo/develop/.xml/dorayaki/dora_datetime.xml"
Reading XML for "/home/pete/wefwefwef/docs/other/27238c7da1d6d7a67b4d7f777ac4a79ffc1c2026/repo/develop/.xml/specs_dora_datetime.xml"
Creating index.html ...
Creating erldocs_index.js ...
Woot, finished in 0 Minutes 0 Seconds
 :: Discovering other repos
$ 5000  `rm -r '/home/pete/wefwefwef/docs/other/27238c7da1d6d7a67b4d7f777ac4a79ffc1c2026/dorayaki-branch-develop'  2>&1`
 :: Processing https://github.com/shiguredo/dorayaki	{rev,tag,"0.2.0","4f9ac9c70ac2a4816bfc71ed253d9adb4f16ed89",undefined,[],[]}
 :: Fetching repo code
$ cd '/home/pete/wefwefwef/docs/other/27238c7da1d6d7a67b4d7f777ac4a79ffc1c2026/dorayaki-tag-0.2.0'
$ infinity  `curl --fail --silent --show-error --location --output repo.tar.gz 'https://codeload.github.com/shiguredo/dorayaki/tar.gz/0.2.0'  2>&1`
$ cd '/home/pete/wefwefwef/docs/erldocs_other.git'
$ cd '/home/pete/wefwefwef/docs/other/27238c7da1d6d7a67b4d7f777ac4a79ffc1c2026/dorayaki-tag-0.2.0/dorayaki-0.2.0'
$ 5000  `find -P . -type l -delete  2>&1`
$ cd '/home/pete/wefwefwef/docs/erldocs_other.git'
$ 5000  `mv '/home/pete/wefwefwef/docs/other/27238c7da1d6d7a67b4d7f777ac4a79ffc1c2026/dorayaki-tag-0.2.0/dorayaki-0.2.0' '/home/pete/wefwefwef/docs/other/27238c7da1d6d7a67b4d7f777ac4a79ffc1c2026/dorayaki-tag-0.2.0/dorayaki'  2>&1`
 :: Getting dependencies
$ cd '/home/pete/wefwefwef/docs/other/27238c7da1d6d7a67b4d7f777ac4a79ffc1c2026/dorayaki-tag-0.2.0/dorayaki'
$ 5000  `ls -1 deps/  2>&1`
$ cd '/home/pete/wefwefwef/docs/erldocs_other.git'
>>> [rebar] deps = []
 :: Generating erldocs into /home/pete/wefwefwef/docs/other/27238c7da1d6d7a67b4d7f777ac4a79ffc1c2026/repo/0.2.0
Building dorayaki
Generating Type Specs - "/home/pete/wefwefwef/docs/other/27238c7da1d6d7a67b4d7f777ac4a79ffc1c2026/dorayaki-tag-0.2.0/dorayaki/src/dora_datetime.erl"
Generating Type Specs - "/home/pete/wefwefwef/docs/other/27238c7da1d6d7a67b4d7f777ac4a79ffc1c2026/dorayaki-tag-0.2.0/dorayaki/src/dora_validate.erl"
Generating XML for application dorayaki "/home/pete/wefwefwef/docs/other/27238c7da1d6d7a67b4d7f777ac4a79ffc1c2026/dorayaki-tag-0.2.0/dorayaki" -> "/home/pete/wefwefwef/docs/other/27238c7da1d6d7a67b4d7f777ac4a79ffc1c2026/repo/0.2.0/.xml/dorayaki"
Generated dorayaki XMLs: ["/home/pete/wefwefwef/docs/other/27238c7da1d6d7a67b4d7f777ac4a79ffc1c2026/repo/0.2.0/.xml/dorayaki/dora_datetime.xml",
                          "/home/pete/wefwefwef/docs/other/27238c7da1d6d7a67b4d7f777ac4a79ffc1c2026/repo/0.2.0/.xml/dorayaki/dora_validate.xml"]
Generating HTML - dora_validate "/home/pete/wefwefwef/docs/other/27238c7da1d6d7a67b4d7f777ac4a79ffc1c2026/repo/0.2.0/.xml/dorayaki/dora_validate.xml"
Reading XML for "/home/pete/wefwefwef/docs/other/27238c7da1d6d7a67b4d7f777ac4a79ffc1c2026/repo/0.2.0/.xml/dorayaki/dora_validate.xml"
Reading XML for "/home/pete/wefwefwef/docs/other/27238c7da1d6d7a67b4d7f777ac4a79ffc1c2026/repo/0.2.0/.xml/specs_dora_validate.xml"
Generating HTML - dora_datetime "/home/pete/wefwefwef/docs/other/27238c7da1d6d7a67b4d7f777ac4a79ffc1c2026/repo/0.2.0/.xml/dorayaki/dora_datetime.xml"
Reading XML for "/home/pete/wefwefwef/docs/other/27238c7da1d6d7a67b4d7f777ac4a79ffc1c2026/repo/0.2.0/.xml/dorayaki/dora_datetime.xml"
Reading XML for "/home/pete/wefwefwef/docs/other/27238c7da1d6d7a67b4d7f777ac4a79ffc1c2026/repo/0.2.0/.xml/specs_dora_datetime.xml"
Creating index.html ...
Creating erldocs_index.js ...
Woot, finished in 0 Minutes 0 Seconds
 :: Discovering other repos
$ 5000  `rm -r '/home/pete/wefwefwef/docs/other/27238c7da1d6d7a67b4d7f777ac4a79ffc1c2026/dorayaki-tag-0.2.0'  2>&1`
 :: Finishing up
$ 5000  `rm -r '/home/pete/wefwefwef/docs/other/27238c7da1d6d7a67b4d7f777ac4a79ffc1c2026/dorayaki'  2>&1`
