 :: Extracting meta information
$ 5000  `git ls-remote --heads --tags 'https://github.com/sile/erl_pfad'  2>&1`
>>> [repo] 1 branches, 0 tags
 :: Writing meta to "/home/pete/wefwefwef/docs/other/5344847303/meta.txt"
 :: Processing https://github.com/sile/erl_pfad	{rev,branch,"master","977b2d91ab74931de652748005b30091cf510d28"}
 :: Fetching repo code
$ cd "/home/pete/wefwefwef/docs/other/5344847303/erl_pfad-branch-master/erl_pfad"
$ infinity  `curl --fail --silent --show-error --location --output 'master.zip' 'https://github.com/sile/erl_pfad/archive/master.zip'  2>&1`
$ cd "/home/pete/wefwefwef/docs/erldocs_other.git"
$ cd "/home/pete/wefwefwef/docs/other/5344847303/erl_pfad-branch-master/erl_pfad"
$ 5000  `find -P . -type l -delete  2>&1`
$ cd "/home/pete/wefwefwef/docs/erldocs_other.git"
$ cd "/home/pete/wefwefwef/docs/other/5344847303/erl_pfad-branch-master/erl_pfad"
$ 5000  `find 'erl_pfad-master' -mindepth 1 -maxdepth 1 -exec mv -t . -- {} +  2>&1`
$ cd "/home/pete/wefwefwef/docs/erldocs_other.git"
 :: Getting dependencies
$ cd "/home/pete/wefwefwef/docs/other/5344847303/erl_pfad-branch-master/erl_pfad"
$ 5000  `ls -1 deps/  2>&1`
$ cd "/home/pete/wefwefwef/docs/erldocs_other.git"
>>> [rebar] deps = []
 :: Generating erldocs into /home/pete/wefwefwef/docs/other/5344847303/repo/master
Building erl_pfad
Generating Type Specs - "/home/pete/wefwefwef/docs/other/5344847303/erl_pfad-branch-master/erl_pfad/src/pfad_ch01.erl"
Generating Type Specs - "/home/pete/wefwefwef/docs/other/5344847303/erl_pfad-branch-master/erl_pfad/src/pfad_ch02.erl"
Generating Type Specs - "/home/pete/wefwefwef/docs/other/5344847303/erl_pfad-branch-master/erl_pfad/src/pfad_ch03.erl"
Generating Type Specs - "/home/pete/wefwefwef/docs/other/5344847303/erl_pfad-branch-master/erl_pfad/src/pfad_ch04.erl"
Generating Type Specs - "/home/pete/wefwefwef/docs/other/5344847303/erl_pfad-branch-master/erl_pfad/src/pfad_ch05.erl"
Generating Type Specs - "/home/pete/wefwefwef/docs/other/5344847303/erl_pfad-branch-master/erl_pfad/src/pfad_ch06.erl"
Generating Type Specs - "/home/pete/wefwefwef/docs/other/5344847303/erl_pfad-branch-master/erl_pfad/src/pfad_ch07.erl"
Generating Type Specs - "/home/pete/wefwefwef/docs/other/5344847303/erl_pfad-branch-master/erl_pfad/src/pfad_ch08.erl"
Generating Type Specs - "/home/pete/wefwefwef/docs/other/5344847303/erl_pfad-branch-master/erl_pfad/src/pfad_ch09.erl"
Generating Type Specs - "/home/pete/wefwefwef/docs/other/5344847303/erl_pfad-branch-master/erl_pfad/src/pfad_ch10.erl"
Generating Type Specs - "/home/pete/wefwefwef/docs/other/5344847303/erl_pfad-branch-master/erl_pfad/src/pfad_ch11.erl"
Generating Type Specs - "/home/pete/wefwefwef/docs/other/5344847303/erl_pfad-branch-master/erl_pfad/src/pfad_ch12.erl"
Generating Type Specs - "/home/pete/wefwefwef/docs/other/5344847303/erl_pfad-branch-master/erl_pfad/src/pfad_ch13.erl"
Generating Type Specs - "/home/pete/wefwefwef/docs/other/5344847303/erl_pfad-branch-master/erl_pfad/src/pfad_ch14.erl"
Generating Type Specs - "/home/pete/wefwefwef/docs/other/5344847303/erl_pfad-branch-master/erl_pfad/src/pfad_ch15.erl"
Generating Type Specs - "/home/pete/wefwefwef/docs/other/5344847303/erl_pfad-branch-master/erl_pfad/src/pfad_ch16.erl"
Generating Type Specs - "/home/pete/wefwefwef/docs/other/5344847303/erl_pfad-branch-master/erl_pfad/src/pfad_ch17.erl"
Generating Type Specs - "/home/pete/wefwefwef/docs/other/5344847303/erl_pfad-branch-master/erl_pfad/src/pfad_ch18.erl"
Generating Type Specs - "/home/pete/wefwefwef/docs/other/5344847303/erl_pfad-branch-master/erl_pfad/src/pfad_ch19.erl"
Generating Type Specs - "/home/pete/wefwefwef/docs/other/5344847303/erl_pfad-branch-master/erl_pfad/src/pfad_ch20.erl"
Generating Type Specs - "/home/pete/wefwefwef/docs/other/5344847303/erl_pfad-branch-master/erl_pfad/src/pfad_ch22.erl"
Generating Type Specs - "/home/pete/wefwefwef/docs/other/5344847303/erl_pfad-branch-master/erl_pfad/src/pfad_ch23.erl"
Generating Type Specs - "/home/pete/wefwefwef/docs/other/5344847303/erl_pfad-branch-master/erl_pfad/src/pfad_ch24.erl"
Generating Type Specs - "/home/pete/wefwefwef/docs/other/5344847303/erl_pfad-branch-master/erl_pfad/src/pfad_ch25.erl"
Generating Type Specs - "/home/pete/wefwefwef/docs/other/5344847303/erl_pfad-branch-master/erl_pfad/src/pfad_ch26.erl"
Generating Type Specs - "/home/pete/wefwefwef/docs/other/5344847303/erl_pfad-branch-master/erl_pfad/src/pfad_ch28.erl"
Generating Type Specs - "/home/pete/wefwefwef/docs/other/5344847303/erl_pfad-branch-master/erl_pfad/src/pfad_ch29.erl"
Generating Type Specs - "/home/pete/wefwefwef/docs/other/5344847303/erl_pfad-branch-master/erl_pfad/src/pfad_ch30.erl"
Generating Type Specs - "/home/pete/wefwefwef/docs/other/5344847303/erl_pfad-branch-master/erl_pfad/src/pfad_util.erl"
Generating XML for application erl_pfad "/home/pete/wefwefwef/docs/other/5344847303/erl_pfad-branch-master/erl_pfad" -> "/home/pete/wefwefwef/docs/other/5344847303/repo/master/.xml/erl_pfad"
edoc: error in layout 'docgen_edoc_xml_cb': {'EXIT',
                                       {function_clause,
                                        [{docgen_edoc_xml_cb,t_type,
                                          [[{xmlElement,type,[],[],
                                             {xmlNamespace,[],[]},
                                             [{map_field,1},
                                              {map,...},
                                              {...}|...],
                                             1,[],
                                             [...],...},
                                            {xmlElement,type,[],[],
                                             {xmlNamespace,[],[]},
                                             [{map_field,...},{...}|...],
                                             2,[],...}]],
                                          [{file,"docgen_edoc_xml_cb.erl"},
                                           {line,1003}]},
                                         {docgen_edoc_xml_cb,seq,4,
                                          [{file,"docgen_edoc_xml_cb.erl"},
                                           {line,1116}]},
                                         {docgen_edoc_xml_cb,t_map,1,
                                          [{file,"docgen_edoc_xml_cb.erl"},
                                           {line,1071}]},
                                         {docgen_edoc_xml_cb,typedef,1,
                                          [{file,"docgen_edoc_xml_cb.erl"},
                                           {line,870}]},
                                         {docgen_edoc_xml_cb,typedecl,2,
                                          [{file,"docgen_edoc_xml_cb.erl"},
                                           {line,857}]},
                                         {lists,flatmap,2,
                                          [{file,"lists.erl"},{line,1248}]},
                                         {lists,flatmap,2,
                                          [{file,"lists.erl"},{line,1248}]},
                                         {docgen_edoc_xml_cb,types,1,
                                          [{file,[...]},{line,...}]}]}}.
edoc: error in doclet 'edoc_doclet': {'EXIT',error}.
Error generating erl_pfad XMLs. Using fallback ...
Generating XML erl_pfad - pfad_ch01 "/home/pete/wefwefwef/docs/other/5344847303/erl_pfad-branch-master/erl_pfad/src/pfad_ch01.erl" -> "/home/pete/wefwefwef/docs/other/5344847303/repo/master/.xml/erl_pfad/pfad_ch01.xml"
Generating XML erl_pfad - pfad_ch02 "/home/pete/wefwefwef/docs/other/5344847303/erl_pfad-branch-master/erl_pfad/src/pfad_ch02.erl" -> "/home/pete/wefwefwef/docs/other/5344847303/repo/master/.xml/erl_pfad/pfad_ch02.xml"
Generating XML erl_pfad - pfad_ch03 "/home/pete/wefwefwef/docs/other/5344847303/erl_pfad-branch-master/erl_pfad/src/pfad_ch03.erl" -> "/home/pete/wefwefwef/docs/other/5344847303/repo/master/.xml/erl_pfad/pfad_ch03.xml"
Generating XML erl_pfad - pfad_ch04 "/home/pete/wefwefwef/docs/other/5344847303/erl_pfad-branch-master/erl_pfad/src/pfad_ch04.erl" -> "/home/pete/wefwefwef/docs/other/5344847303/repo/master/.xml/erl_pfad/pfad_ch04.xml"
Generating XML erl_pfad - pfad_ch05 "/home/pete/wefwefwef/docs/other/5344847303/erl_pfad-branch-master/erl_pfad/src/pfad_ch05.erl" -> "/home/pete/wefwefwef/docs/other/5344847303/repo/master/.xml/erl_pfad/pfad_ch05.xml"
Generating XML erl_pfad - pfad_ch06 "/home/pete/wefwefwef/docs/other/5344847303/erl_pfad-branch-master/erl_pfad/src/pfad_ch06.erl" -> "/home/pete/wefwefwef/docs/other/5344847303/repo/master/.xml/erl_pfad/pfad_ch06.xml"
Generating XML erl_pfad - pfad_ch07 "/home/pete/wefwefwef/docs/other/5344847303/erl_pfad-branch-master/erl_pfad/src/pfad_ch07.erl" -> "/home/pete/wefwefwef/docs/other/5344847303/repo/master/.xml/erl_pfad/pfad_ch07.xml"
/home/pete/wefwefwef/docs/other/5344847303/erl_pfad-branch-master/erl_pfad/src/pfad_ch07.erl, function rollup/1: at line 46: multiple @doc tag.
Error generating XML ("/home/pete/wefwefwef/docs/other/5344847303/erl_pfad-branch-master/erl_pfad/src/pfad_ch07.erl"): {'EXIT',
                                                                                                                        error}
Generating XML erl_pfad - pfad_ch08 "/home/pete/wefwefwef/docs/other/5344847303/erl_pfad-branch-master/erl_pfad/src/pfad_ch08.erl" -> "/home/pete/wefwefwef/docs/other/5344847303/repo/master/.xml/erl_pfad/pfad_ch08.xml"
Generating XML erl_pfad - pfad_ch09 "/home/pete/wefwefwef/docs/other/5344847303/erl_pfad-branch-master/erl_pfad/src/pfad_ch09.erl" -> "/home/pete/wefwefwef/docs/other/5344847303/repo/master/.xml/erl_pfad/pfad_ch09.xml"
Generating XML erl_pfad - pfad_ch10 "/home/pete/wefwefwef/docs/other/5344847303/erl_pfad-branch-master/erl_pfad/src/pfad_ch10.erl" -> "/home/pete/wefwefwef/docs/other/5344847303/repo/master/.xml/erl_pfad/pfad_ch10.xml"
Generating XML erl_pfad - pfad_ch11 "/home/pete/wefwefwef/docs/other/5344847303/erl_pfad-branch-master/erl_pfad/src/pfad_ch11.erl" -> "/home/pete/wefwefwef/docs/other/5344847303/repo/master/.xml/erl_pfad/pfad_ch11.xml"
Generating XML erl_pfad - pfad_ch12 "/home/pete/wefwefwef/docs/other/5344847303/erl_pfad-branch-master/erl_pfad/src/pfad_ch12.erl" -> "/home/pete/wefwefwef/docs/other/5344847303/repo/master/.xml/erl_pfad/pfad_ch12.xml"
Generating XML erl_pfad - pfad_ch13 "/home/pete/wefwefwef/docs/other/5344847303/erl_pfad-branch-master/erl_pfad/src/pfad_ch13.erl" -> "/home/pete/wefwefwef/docs/other/5344847303/repo/master/.xml/erl_pfad/pfad_ch13.xml"
Generating XML erl_pfad - pfad_ch14 "/home/pete/wefwefwef/docs/other/5344847303/erl_pfad-branch-master/erl_pfad/src/pfad_ch14.erl" -> "/home/pete/wefwefwef/docs/other/5344847303/repo/master/.xml/erl_pfad/pfad_ch14.xml"
Generating XML erl_pfad - pfad_ch15 "/home/pete/wefwefwef/docs/other/5344847303/erl_pfad-branch-master/erl_pfad/src/pfad_ch15.erl" -> "/home/pete/wefwefwef/docs/other/5344847303/repo/master/.xml/erl_pfad/pfad_ch15.xml"
Generating XML erl_pfad - pfad_ch16 "/home/pete/wefwefwef/docs/other/5344847303/erl_pfad-branch-master/erl_pfad/src/pfad_ch16.erl" -> "/home/pete/wefwefwef/docs/other/5344847303/repo/master/.xml/erl_pfad/pfad_ch16.xml"
Generating XML erl_pfad - pfad_ch17 "/home/pete/wefwefwef/docs/other/5344847303/erl_pfad-branch-master/erl_pfad/src/pfad_ch17.erl" -> "/home/pete/wefwefwef/docs/other/5344847303/repo/master/.xml/erl_pfad/pfad_ch17.xml"
Generating XML erl_pfad - pfad_ch18 "/home/pete/wefwefwef/docs/other/5344847303/erl_pfad-branch-master/erl_pfad/src/pfad_ch18.erl" -> "/home/pete/wefwefwef/docs/other/5344847303/repo/master/.xml/erl_pfad/pfad_ch18.xml"
edoc: error in layout 'docgen_edoc_xml_cb': {'EXIT',
                                       {function_clause,
                                        [{docgen_edoc_xml_cb,t_type,
                                          [[{xmlElement,type,[],[],
                                             {xmlNamespace,[],[]},
                                             [{map_field,1},
                                              {map,...},
                                              {...}|...],
                                             1,[],
                                             [...],...},
                                            {xmlElement,type,[],[],
                                             {xmlNamespace,[],[]},
                                             [{map_field,...},{...}|...],
                                             2,[],...}]],
                                          [{file,"docgen_edoc_xml_cb.erl"},
                                           {line,1003}]},
                                         {docgen_edoc_xml_cb,seq,4,
                                          [{file,"docgen_edoc_xml_cb.erl"},
                                           {line,1116}]},
                                         {docgen_edoc_xml_cb,t_map,1,
                                          [{file,"docgen_edoc_xml_cb.erl"},
                                           {line,1071}]},
                                         {docgen_edoc_xml_cb,typedef,1,
                                          [{file,"docgen_edoc_xml_cb.erl"},
                                           {line,870}]},
                                         {docgen_edoc_xml_cb,typedecl,2,
                                          [{file,"docgen_edoc_xml_cb.erl"},
                                           {line,857}]},
                                         {lists,flatmap,2,
                                          [{file,"lists.erl"},{line,1248}]},
                                         {lists,flatmap,2,
                                          [{file,"lists.erl"},{line,1248}]},
                                         {docgen_edoc_xml_cb,types,1,
                                          [{file,[...]},{line,...}]}]}}.
Error generating XML ("/home/pete/wefwefwef/docs/other/5344847303/erl_pfad-branch-master/erl_pfad/src/pfad_ch18.erl"): {'EXIT',
                                                                                                                        error}
Generating XML erl_pfad - pfad_ch19 "/home/pete/wefwefwef/docs/other/5344847303/erl_pfad-branch-master/erl_pfad/src/pfad_ch19.erl" -> "/home/pete/wefwefwef/docs/other/5344847303/repo/master/.xml/erl_pfad/pfad_ch19.xml"
Generating XML erl_pfad - pfad_ch20 "/home/pete/wefwefwef/docs/other/5344847303/erl_pfad-branch-master/erl_pfad/src/pfad_ch20.erl" -> "/home/pete/wefwefwef/docs/other/5344847303/repo/master/.xml/erl_pfad/pfad_ch20.xml"
Generating XML erl_pfad - pfad_ch22 "/home/pete/wefwefwef/docs/other/5344847303/erl_pfad-branch-master/erl_pfad/src/pfad_ch22.erl" -> "/home/pete/wefwefwef/docs/other/5344847303/repo/master/.xml/erl_pfad/pfad_ch22.xml"
Generating XML erl_pfad - pfad_ch23 "/home/pete/wefwefwef/docs/other/5344847303/erl_pfad-branch-master/erl_pfad/src/pfad_ch23.erl" -> "/home/pete/wefwefwef/docs/other/5344847303/repo/master/.xml/erl_pfad/pfad_ch23.xml"
Generating XML erl_pfad - pfad_ch24 "/home/pete/wefwefwef/docs/other/5344847303/erl_pfad-branch-master/erl_pfad/src/pfad_ch24.erl" -> "/home/pete/wefwefwef/docs/other/5344847303/repo/master/.xml/erl_pfad/pfad_ch24.xml"
edoc: error in layout 'docgen_edoc_xml_cb': {'EXIT',
                                       {function_clause,
                                        [{docgen_edoc_xml_cb,t_type,
                                          [[{xmlElement,type,[],[],
                                             {xmlNamespace,[],[]},
                                             [{map_field,1},
                                              {map,...},
                                              {...}|...],
                                             1,[],
                                             [...],...},
                                            {xmlElement,type,[],[],
                                             {xmlNamespace,[],[]},
                                             [{map_field,...},{...}|...],
                                             2,[],...}]],
                                          [{file,"docgen_edoc_xml_cb.erl"},
                                           {line,1003}]},
                                         {docgen_edoc_xml_cb,seq,4,
                                          [{file,"docgen_edoc_xml_cb.erl"},
                                           {line,1116}]},
                                         {docgen_edoc_xml_cb,t_map,1,
                                          [{file,"docgen_edoc_xml_cb.erl"},
                                           {line,1071}]},
                                         {docgen_edoc_xml_cb,typedef,1,
                                          [{file,"docgen_edoc_xml_cb.erl"},
                                           {line,870}]},
                                         {docgen_edoc_xml_cb,typedecl,2,
                                          [{file,"docgen_edoc_xml_cb.erl"},
                                           {line,857}]},
                                         {lists,flatmap,2,
                                          [{file,"lists.erl"},{line,1248}]},
                                         {lists,flatmap,2,
                                          [{file,"lists.erl"},{line,1248}]},
                                         {docgen_edoc_xml_cb,types,1,
                                          [{file,[...]},{line,...}]}]}}.
Error generating XML ("/home/pete/wefwefwef/docs/other/5344847303/erl_pfad-branch-master/erl_pfad/src/pfad_ch24.erl"): {'EXIT',
                                                                                                                        error}
Generating XML erl_pfad - pfad_ch25 "/home/pete/wefwefwef/docs/other/5344847303/erl_pfad-branch-master/erl_pfad/src/pfad_ch25.erl" -> "/home/pete/wefwefwef/docs/other/5344847303/repo/master/.xml/erl_pfad/pfad_ch25.xml"
edoc: error in layout 'docgen_edoc_xml_cb': {'EXIT',
                                       {function_clause,
                                        [{docgen_edoc_xml_cb,t_type,
                                          [[{xmlElement,type,[],[],
                                             {xmlNamespace,[],[]},
                                             [{map_field,1},
                                              {map,...},
                                              {...}|...],
                                             1,[],
                                             [...],...},
                                            {xmlElement,type,[],[],
                                             {xmlNamespace,[],[]},
                                             [{map_field,...},{...}|...],
                                             2,[],...}]],
                                          [{file,"docgen_edoc_xml_cb.erl"},
                                           {line,1003}]},
                                         {docgen_edoc_xml_cb,seq,4,
                                          [{file,"docgen_edoc_xml_cb.erl"},
                                           {line,1116}]},
                                         {docgen_edoc_xml_cb,t_map,1,
                                          [{file,"docgen_edoc_xml_cb.erl"},
                                           {line,1071}]},
                                         {docgen_edoc_xml_cb,typedef,1,
                                          [{file,"docgen_edoc_xml_cb.erl"},
                                           {line,870}]},
                                         {docgen_edoc_xml_cb,typedecl,2,
                                          [{file,"docgen_edoc_xml_cb.erl"},
                                           {line,857}]},
                                         {lists,flatmap,2,
                                          [{file,"lists.erl"},{line,1248}]},
                                         {lists,flatmap,2,
                                          [{file,"lists.erl"},{line,1248}]},
                                         {docgen_edoc_xml_cb,types,1,
                                          [{file,[...]},{line,...}]}]}}.
Error generating XML ("/home/pete/wefwefwef/docs/other/5344847303/erl_pfad-branch-master/erl_pfad/src/pfad_ch25.erl"): {'EXIT',
                                                                                                                        error}
Generating XML erl_pfad - pfad_ch26 "/home/pete/wefwefwef/docs/other/5344847303/erl_pfad-branch-master/erl_pfad/src/pfad_ch26.erl" -> "/home/pete/wefwefwef/docs/other/5344847303/repo/master/.xml/erl_pfad/pfad_ch26.xml"
edoc: error in layout 'docgen_edoc_xml_cb': {'EXIT',
                                       {function_clause,
                                        [{docgen_edoc_xml_cb,t_type,
                                          [[{xmlElement,type,[],[],
                                             {xmlNamespace,[],[]},
                                             [{map_field,1},
                                              {map,...},
                                              {...}|...],
                                             1,[],
                                             [...],...},
                                            {xmlElement,type,[],[],
                                             {xmlNamespace,[],[]},
                                             [{map_field,...},{...}|...],
                                             2,[],...}]],
                                          [{file,"docgen_edoc_xml_cb.erl"},
                                           {line,1003}]},
                                         {docgen_edoc_xml_cb,seq,4,
                                          [{file,"docgen_edoc_xml_cb.erl"},
                                           {line,1116}]},
                                         {docgen_edoc_xml_cb,t_map,1,
                                          [{file,"docgen_edoc_xml_cb.erl"},
                                           {line,1071}]},
                                         {docgen_edoc_xml_cb,typedef,1,
                                          [{file,"docgen_edoc_xml_cb.erl"},
                                           {line,870}]},
                                         {docgen_edoc_xml_cb,typedecl,2,
                                          [{file,"docgen_edoc_xml_cb.erl"},
                                           {line,857}]},
                                         {lists,flatmap,2,
                                          [{file,"lists.erl"},{line,1248}]},
                                         {docgen_edoc_xml_cb,types,1,
                                          [{file,"docgen_edoc_xml_cb.erl"},
                                           {line,851}]},
                                         {docgen_edoc_xml_cb,layout_module,2,
                                          [{file,[...]},{line,...}]}]}}.
Error generating XML ("/home/pete/wefwefwef/docs/other/5344847303/erl_pfad-branch-master/erl_pfad/src/pfad_ch26.erl"): {'EXIT',
                                                                                                                        error}
Generating XML erl_pfad - pfad_ch28 "/home/pete/wefwefwef/docs/other/5344847303/erl_pfad-branch-master/erl_pfad/src/pfad_ch28.erl" -> "/home/pete/wefwefwef/docs/other/5344847303/repo/master/.xml/erl_pfad/pfad_ch28.xml"
Generating XML erl_pfad - pfad_ch29 "/home/pete/wefwefwef/docs/other/5344847303/erl_pfad-branch-master/erl_pfad/src/pfad_ch29.erl" -> "/home/pete/wefwefwef/docs/other/5344847303/repo/master/.xml/erl_pfad/pfad_ch29.xml"
Generating XML erl_pfad - pfad_ch30 "/home/pete/wefwefwef/docs/other/5344847303/erl_pfad-branch-master/erl_pfad/src/pfad_ch30.erl" -> "/home/pete/wefwefwef/docs/other/5344847303/repo/master/.xml/erl_pfad/pfad_ch30.xml"
Generating XML erl_pfad - pfad_util "/home/pete/wefwefwef/docs/other/5344847303/erl_pfad-branch-master/erl_pfad/src/pfad_util.erl" -> "/home/pete/wefwefwef/docs/other/5344847303/repo/master/.xml/erl_pfad/pfad_util.xml"
Generating HTML - pfad_ch22 "/home/pete/wefwefwef/docs/other/5344847303/repo/master/.xml/erl_pfad/pfad_ch22.xml"
Generating HTML - pfad_ch14 "/home/pete/wefwefwef/docs/other/5344847303/repo/master/.xml/erl_pfad/pfad_ch14.xml"
Generating HTML - pfad_ch08 "/home/pete/wefwefwef/docs/other/5344847303/repo/master/.xml/erl_pfad/pfad_ch08.xml"
Generating HTML - pfad_ch01 "/home/pete/wefwefwef/docs/other/5344847303/repo/master/.xml/erl_pfad/pfad_ch01.xml"
Reading XML for "/home/pete/wefwefwef/docs/other/5344847303/repo/master/.xml/erl_pfad/pfad_ch22.xml"
Reading XML for "/home/pete/wefwefwef/docs/other/5344847303/repo/master/.xml/erl_pfad/pfad_ch14.xml"
Reading XML for "/home/pete/wefwefwef/docs/other/5344847303/repo/master/.xml/erl_pfad/pfad_ch08.xml"
Reading XML for "/home/pete/wefwefwef/docs/other/5344847303/repo/master/.xml/erl_pfad/pfad_ch01.xml"
Reading XML for "/home/pete/wefwefwef/docs/other/5344847303/repo/master/.xml/specs_pfad_ch22.xml"
Reading XML for "/home/pete/wefwefwef/docs/other/5344847303/repo/master/.xml/specs_pfad_ch08.xml"
Reading XML for "/home/pete/wefwefwef/docs/other/5344847303/repo/master/.xml/specs_pfad_ch14.xml"
Generating HTML - pfad_ch23 "/home/pete/wefwefwef/docs/other/5344847303/repo/master/.xml/erl_pfad/pfad_ch23.xml"
Reading XML for "/home/pete/wefwefwef/docs/other/5344847303/repo/master/.xml/erl_pfad/pfad_ch23.xml"
Generating HTML - pfad_ch09 "/home/pete/wefwefwef/docs/other/5344847303/repo/master/.xml/erl_pfad/pfad_ch09.xml"
Reading XML for "/home/pete/wefwefwef/docs/other/5344847303/repo/master/.xml/erl_pfad/pfad_ch09.xml"
Reading XML for "/home/pete/wefwefwef/docs/other/5344847303/repo/master/.xml/specs_pfad_ch01.xml"
Generating HTML - pfad_ch15 "/home/pete/wefwefwef/docs/other/5344847303/repo/master/.xml/erl_pfad/pfad_ch15.xml"
Reading XML for "/home/pete/wefwefwef/docs/other/5344847303/repo/master/.xml/erl_pfad/pfad_ch15.xml"
Generating HTML - pfad_ch02 "/home/pete/wefwefwef/docs/other/5344847303/repo/master/.xml/erl_pfad/pfad_ch02.xml"
Reading XML for "/home/pete/wefwefwef/docs/other/5344847303/repo/master/.xml/erl_pfad/pfad_ch02.xml"
Reading XML for "/home/pete/wefwefwef/docs/other/5344847303/repo/master/.xml/specs_pfad_ch23.xml"
Reading XML for "/home/pete/wefwefwef/docs/other/5344847303/repo/master/.xml/specs_pfad_ch09.xml"
Reading XML for "/home/pete/wefwefwef/docs/other/5344847303/repo/master/.xml/specs_pfad_ch15.xml"
Generating HTML - pfad_ch28 "/home/pete/wefwefwef/docs/other/5344847303/repo/master/.xml/erl_pfad/pfad_ch28.xml"
Reading XML for "/home/pete/wefwefwef/docs/other/5344847303/repo/master/.xml/erl_pfad/pfad_ch28.xml"
Generating HTML - pfad_ch16 "/home/pete/wefwefwef/docs/other/5344847303/repo/master/.xml/erl_pfad/pfad_ch16.xml"
Generating HTML - pfad_ch10 "/home/pete/wefwefwef/docs/other/5344847303/repo/master/.xml/erl_pfad/pfad_ch10.xml"
Reading XML for "/home/pete/wefwefwef/docs/other/5344847303/repo/master/.xml/specs_pfad_ch02.xml"
Reading XML for "/home/pete/wefwefwef/docs/other/5344847303/repo/master/.xml/erl_pfad/pfad_ch16.xml"
Reading XML for "/home/pete/wefwefwef/docs/other/5344847303/repo/master/.xml/erl_pfad/pfad_ch10.xml"
Generating HTML - pfad_ch03 "/home/pete/wefwefwef/docs/other/5344847303/repo/master/.xml/erl_pfad/pfad_ch03.xml"
Reading XML for "/home/pete/wefwefwef/docs/other/5344847303/repo/master/.xml/erl_pfad/pfad_ch03.xml"
Reading XML for "/home/pete/wefwefwef/docs/other/5344847303/repo/master/.xml/specs_pfad_ch28.xml"
Reading XML for "/home/pete/wefwefwef/docs/other/5344847303/repo/master/.xml/specs_pfad_ch16.xml"
Reading XML for "/home/pete/wefwefwef/docs/other/5344847303/repo/master/.xml/specs_pfad_ch10.xml"
Generating HTML - pfad_ch11 "/home/pete/wefwefwef/docs/other/5344847303/repo/master/.xml/erl_pfad/pfad_ch11.xml"
Reading XML for "/home/pete/wefwefwef/docs/other/5344847303/repo/master/.xml/erl_pfad/pfad_ch11.xml"
Reading XML for "/home/pete/wefwefwef/docs/other/5344847303/repo/master/.xml/specs_pfad_ch03.xml"
Generating HTML - pfad_ch17 "/home/pete/wefwefwef/docs/other/5344847303/repo/master/.xml/erl_pfad/pfad_ch17.xml"
Reading XML for "/home/pete/wefwefwef/docs/other/5344847303/repo/master/.xml/erl_pfad/pfad_ch17.xml"
Generating HTML - pfad_ch29 "/home/pete/wefwefwef/docs/other/5344847303/repo/master/.xml/erl_pfad/pfad_ch29.xml"
Reading XML for "/home/pete/wefwefwef/docs/other/5344847303/repo/master/.xml/erl_pfad/pfad_ch29.xml"
Generating HTML - pfad_ch04 "/home/pete/wefwefwef/docs/other/5344847303/repo/master/.xml/erl_pfad/pfad_ch04.xml"
Reading XML for "/home/pete/wefwefwef/docs/other/5344847303/repo/master/.xml/erl_pfad/pfad_ch04.xml"
Reading XML for "/home/pete/wefwefwef/docs/other/5344847303/repo/master/.xml/specs_pfad_ch11.xml"
Reading XML for "/home/pete/wefwefwef/docs/other/5344847303/repo/master/.xml/specs_pfad_ch17.xml"
Generating HTML - pfad_ch12 "/home/pete/wefwefwef/docs/other/5344847303/repo/master/.xml/erl_pfad/pfad_ch12.xml"
Reading XML for "/home/pete/wefwefwef/docs/other/5344847303/repo/master/.xml/erl_pfad/pfad_ch12.xml"
Generating HTML - pfad_ch19 "/home/pete/wefwefwef/docs/other/5344847303/repo/master/.xml/erl_pfad/pfad_ch19.xml"
Reading XML for "/home/pete/wefwefwef/docs/other/5344847303/repo/master/.xml/specs_pfad_ch29.xml"
Reading XML for "/home/pete/wefwefwef/docs/other/5344847303/repo/master/.xml/erl_pfad/pfad_ch19.xml"
Generating HTML - pfad_ch30 "/home/pete/wefwefwef/docs/other/5344847303/repo/master/.xml/erl_pfad/pfad_ch30.xml"
Reading XML for "/home/pete/wefwefwef/docs/other/5344847303/repo/master/.xml/erl_pfad/pfad_ch30.xml"
Reading XML for "/home/pete/wefwefwef/docs/other/5344847303/repo/master/.xml/specs_pfad_ch04.xml"
Generating HTML - pfad_ch05 "/home/pete/wefwefwef/docs/other/5344847303/repo/master/.xml/erl_pfad/pfad_ch05.xml"
Reading XML for "/home/pete/wefwefwef/docs/other/5344847303/repo/master/.xml/erl_pfad/pfad_ch05.xml"
Reading XML for "/home/pete/wefwefwef/docs/other/5344847303/repo/master/.xml/specs_pfad_ch12.xml"
Generating HTML - pfad_ch13 "/home/pete/wefwefwef/docs/other/5344847303/repo/master/.xml/erl_pfad/pfad_ch13.xml"
Reading XML for "/home/pete/wefwefwef/docs/other/5344847303/repo/master/.xml/erl_pfad/pfad_ch13.xml"
Reading XML for "/home/pete/wefwefwef/docs/other/5344847303/repo/master/.xml/specs_pfad_ch19.xml"
Reading XML for "/home/pete/wefwefwef/docs/other/5344847303/repo/master/.xml/specs_pfad_ch30.xml"
Reading XML for "/home/pete/wefwefwef/docs/other/5344847303/repo/master/.xml/specs_pfad_ch05.xml"
Generating HTML - pfad_ch20 "/home/pete/wefwefwef/docs/other/5344847303/repo/master/.xml/erl_pfad/pfad_ch20.xml"
Reading XML for "/home/pete/wefwefwef/docs/other/5344847303/repo/master/.xml/erl_pfad/pfad_ch20.xml"
Generating HTML - pfad_ch06 "/home/pete/wefwefwef/docs/other/5344847303/repo/master/.xml/erl_pfad/pfad_ch06.xml"
Reading XML for "/home/pete/wefwefwef/docs/other/5344847303/repo/master/.xml/erl_pfad/pfad_ch06.xml"
Generating HTML - pfad_util "/home/pete/wefwefwef/docs/other/5344847303/repo/master/.xml/erl_pfad/pfad_util.xml"
Reading XML for "/home/pete/wefwefwef/docs/other/5344847303/repo/master/.xml/erl_pfad/pfad_util.xml"
Reading XML for "/home/pete/wefwefwef/docs/other/5344847303/repo/master/.xml/specs_pfad_ch13.xml"
Reading XML for "/home/pete/wefwefwef/docs/other/5344847303/repo/master/.xml/specs_pfad_ch20.xml"
Reading XML for "/home/pete/wefwefwef/docs/other/5344847303/repo/master/.xml/specs_pfad_ch06.xml"
Reading XML for "/home/pete/wefwefwef/docs/other/5344847303/repo/master/.xml/specs_pfad_util.xml"
Creating index.html ...
Creating erldocs_index.js ...
Woot, finished in 0 Minutes 4 Seconds
 :: Discovering other repos
$ 5000  `rm -r '/home/pete/wefwefwef/docs/other/5344847303/erl_pfad-branch-master'  2>&1`
 :: Erldocs finishing up
$ 5000  `rm -r '/home/pete/wefwefwef/docs/other/5344847303/erl_pfad'  2>&1`
