 :: Extracting meta information
$ 5000  `git ls-remote --heads --tags 'https://github.com/mondemand/mondemand-backend-stats-rrd'  2>&1`
>>> [repo] 1 branches, 8 tags
 :: Writing meta to "/home/pete/wefwefwef/docs/other/9336043961/meta.txt"
 :: Processing https://github.com/mondemand/mondemand-backend-stats-rrd	{rev,tag,"0.1.0","44cf20cd6a31ceef869f1ebd92236fb3160e082e"}
 :: Fetching repo code
$ cd "/home/pete/wefwefwef/docs/other/9336043961/mondemand-backend-stats-rrd-tag-0.1.0/mondemand-backend-stats-rrd"
$ infinity  `curl --fail --silent --show-error --location --output '0.1.0.zip' 'https://github.com/mondemand/mondemand-backend-stats-rrd/archive/0.1.0.zip'  2>&1`
$ cd "/home/pete/wefwefwef/docs/erldocs_other.git"
$ cd "/home/pete/wefwefwef/docs/other/9336043961/mondemand-backend-stats-rrd-tag-0.1.0/mondemand-backend-stats-rrd"
$ 5000  `find -P . -type l -delete  2>&1`
$ cd "/home/pete/wefwefwef/docs/erldocs_other.git"
$ cd "/home/pete/wefwefwef/docs/other/9336043961/mondemand-backend-stats-rrd-tag-0.1.0/mondemand-backend-stats-rrd"
$ 5000  `find 'mondemand-backend-stats-rrd-0.1.0' -mindepth 1 -maxdepth 1 -exec mv -t . -- {} +  2>&1`
$ cd "/home/pete/wefwefwef/docs/erldocs_other.git"
 :: Getting dependencies
$ cd "/home/pete/wefwefwef/docs/other/9336043961/mondemand-backend-stats-rrd-tag-0.1.0/mondemand-backend-stats-rrd"
$ infinity  `rebar --config '/home/pete/wefwefwef/docs/other/9336043961/mondemand-backend-stats-rrd-tag-0.1.0/rebar_deps' get-deps  2>&1`
$ cd "/home/pete/wefwefwef/docs/erldocs_other.git"
$ cd "/home/pete/wefwefwef/docs/other/9336043961/mondemand-backend-stats-rrd-tag-0.1.0/mondemand-backend-stats-rrd"
$ 5000  `find -P . -type l -delete  2>&1`
$ cd "/home/pete/wefwefwef/docs/erldocs_other.git"
$ cd "/home/pete/wefwefwef/docs/other/9336043961/mondemand-backend-stats-rrd-tag-0.1.0/mondemand-backend-stats-rrd"
$ 5000  `ls -1 deps/  2>&1`
$ cd "/home/pete/wefwefwef/docs/erldocs_other.git"
>>> [rebar] deps = ["afunix","edown","erlrrd","ibrowse","lwes","meck",
                    "mochiweb","mondemand_server","parse_trans","sidejob",
                    "webmachine"]
 :: Generating erldocs into /home/pete/wefwefwef/docs/other/9336043961/repo/0.1.0
Building mondemand-backend-stats-rrd
Generating Type Specs - "/home/pete/wefwefwef/docs/other/9336043961/mondemand-backend-stats-rrd-tag-0.1.0/mondemand-backend-stats-rrd/src/mondemand_backend_stats_rrd.erl"
Generating XML for application mondemand-backend-stats-rrd "/home/pete/wefwefwef/docs/other/9336043961/mondemand-backend-stats-rrd-tag-0.1.0/mondemand-backend-stats-rrd" -> "/home/pete/wefwefwef/docs/other/9336043961/repo/0.1.0/.xml/mondemand-backend-stats-rrd"
Generated mondemand-backend-stats-rrd XMLs: ["/home/pete/wefwefwef/docs/other/9336043961/repo/0.1.0/.xml/mondemand-backend-stats-rrd/mondemand_backend_stats_rrd.xml"]
Generating HTML - mondemand_backend_stats_rrd "/home/pete/wefwefwef/docs/other/9336043961/repo/0.1.0/.xml/mondemand-backend-stats-rrd/mondemand_backend_stats_rrd.xml"
Reading XML for "/home/pete/wefwefwef/docs/other/9336043961/repo/0.1.0/.xml/mondemand-backend-stats-rrd/mondemand_backend_stats_rrd.xml"
Reading XML for "/home/pete/wefwefwef/docs/other/9336043961/repo/0.1.0/.xml/specs_mondemand_backend_stats_rrd.xml"
Creating index.html ...
Creating erldocs_index.js ...
Woot, finished in 0 Minutes 0 Seconds
 :: Discovering other repos
$ 5000  `rm -r '/home/pete/wefwefwef/docs/other/9336043961/mondemand-backend-stats-rrd-tag-0.1.0'  2>&1`
 :: Processing https://github.com/mondemand/mondemand-backend-stats-rrd	{rev,tag,"0.1.1","44cf20cd6a31ceef869f1ebd92236fb3160e082e"}
 :: Fetching repo code
$ cd "/home/pete/wefwefwef/docs/other/9336043961/mondemand-backend-stats-rrd-tag-0.1.1/mondemand-backend-stats-rrd"
$ infinity  `curl --fail --silent --show-error --location --output '0.1.1.zip' 'https://github.com/mondemand/mondemand-backend-stats-rrd/archive/0.1.1.zip'  2>&1`
$ cd "/home/pete/wefwefwef/docs/erldocs_other.git"
$ cd "/home/pete/wefwefwef/docs/other/9336043961/mondemand-backend-stats-rrd-tag-0.1.1/mondemand-backend-stats-rrd"
$ 5000  `find -P . -type l -delete  2>&1`
$ cd "/home/pete/wefwefwef/docs/erldocs_other.git"
$ cd "/home/pete/wefwefwef/docs/other/9336043961/mondemand-backend-stats-rrd-tag-0.1.1/mondemand-backend-stats-rrd"
$ 5000  `find 'mondemand-backend-stats-rrd-0.1.1' -mindepth 1 -maxdepth 1 -exec mv -t . -- {} +  2>&1`
$ cd "/home/pete/wefwefwef/docs/erldocs_other.git"
 :: Getting dependencies
$ cd "/home/pete/wefwefwef/docs/other/9336043961/mondemand-backend-stats-rrd-tag-0.1.1/mondemand-backend-stats-rrd"
$ infinity  `rebar --config '/home/pete/wefwefwef/docs/other/9336043961/mondemand-backend-stats-rrd-tag-0.1.1/rebar_deps' get-deps  2>&1`
$ cd "/home/pete/wefwefwef/docs/erldocs_other.git"
$ cd "/home/pete/wefwefwef/docs/other/9336043961/mondemand-backend-stats-rrd-tag-0.1.1/mondemand-backend-stats-rrd"
$ 5000  `find -P . -type l -delete  2>&1`
$ cd "/home/pete/wefwefwef/docs/erldocs_other.git"
$ cd "/home/pete/wefwefwef/docs/other/9336043961/mondemand-backend-stats-rrd-tag-0.1.1/mondemand-backend-stats-rrd"
$ 5000  `ls -1 deps/  2>&1`
$ cd "/home/pete/wefwefwef/docs/erldocs_other.git"
>>> [rebar] deps = ["afunix","edown","erlrrd","ibrowse","lwes","meck",
                    "mochiweb","mondemand_server","parse_trans","sidejob",
                    "webmachine"]
 :: Generating erldocs into /home/pete/wefwefwef/docs/other/9336043961/repo/0.1.1
Building mondemand-backend-stats-rrd
Generating Type Specs - "/home/pete/wefwefwef/docs/other/9336043961/mondemand-backend-stats-rrd-tag-0.1.1/mondemand-backend-stats-rrd/src/mondemand_backend_stats_rrd.erl"
Generating XML for application mondemand-backend-stats-rrd "/home/pete/wefwefwef/docs/other/9336043961/mondemand-backend-stats-rrd-tag-0.1.1/mondemand-backend-stats-rrd" -> "/home/pete/wefwefwef/docs/other/9336043961/repo/0.1.1/.xml/mondemand-backend-stats-rrd"
Generated mondemand-backend-stats-rrd XMLs: ["/home/pete/wefwefwef/docs/other/9336043961/repo/0.1.1/.xml/mondemand-backend-stats-rrd/mondemand_backend_stats_rrd.xml"]
Generating HTML - mondemand_backend_stats_rrd "/home/pete/wefwefwef/docs/other/9336043961/repo/0.1.1/.xml/mondemand-backend-stats-rrd/mondemand_backend_stats_rrd.xml"
Reading XML for "/home/pete/wefwefwef/docs/other/9336043961/repo/0.1.1/.xml/mondemand-backend-stats-rrd/mondemand_backend_stats_rrd.xml"
Reading XML for "/home/pete/wefwefwef/docs/other/9336043961/repo/0.1.1/.xml/specs_mondemand_backend_stats_rrd.xml"
Creating index.html ...
Creating erldocs_index.js ...
Woot, finished in 0 Minutes 0 Seconds
 :: Discovering other repos
$ 5000  `rm -r '/home/pete/wefwefwef/docs/other/9336043961/mondemand-backend-stats-rrd-tag-0.1.1'  2>&1`
 :: Processing https://github.com/mondemand/mondemand-backend-stats-rrd	{rev,tag,"0.2.0","1bf89491e50253472adc0c0721cdccc1d8d923c0"}
 :: Fetching repo code
$ cd "/home/pete/wefwefwef/docs/other/9336043961/mondemand-backend-stats-rrd-tag-0.2.0/mondemand-backend-stats-rrd"
$ infinity  `curl --fail --silent --show-error --location --output '0.2.0.zip' 'https://github.com/mondemand/mondemand-backend-stats-rrd/archive/0.2.0.zip'  2>&1`
$ cd "/home/pete/wefwefwef/docs/erldocs_other.git"
$ cd "/home/pete/wefwefwef/docs/other/9336043961/mondemand-backend-stats-rrd-tag-0.2.0/mondemand-backend-stats-rrd"
$ 5000  `find -P . -type l -delete  2>&1`
$ cd "/home/pete/wefwefwef/docs/erldocs_other.git"
$ cd "/home/pete/wefwefwef/docs/other/9336043961/mondemand-backend-stats-rrd-tag-0.2.0/mondemand-backend-stats-rrd"
$ 5000  `find 'mondemand-backend-stats-rrd-0.2.0' -mindepth 1 -maxdepth 1 -exec mv -t . -- {} +  2>&1`
$ cd "/home/pete/wefwefwef/docs/erldocs_other.git"
 :: Getting dependencies
$ cd "/home/pete/wefwefwef/docs/other/9336043961/mondemand-backend-stats-rrd-tag-0.2.0/mondemand-backend-stats-rrd"
$ infinity  `rebar --config '/home/pete/wefwefwef/docs/other/9336043961/mondemand-backend-stats-rrd-tag-0.2.0/rebar_deps' get-deps  2>&1`
$ cd "/home/pete/wefwefwef/docs/erldocs_other.git"
$ cd "/home/pete/wefwefwef/docs/other/9336043961/mondemand-backend-stats-rrd-tag-0.2.0/mondemand-backend-stats-rrd"
$ 5000  `find -P . -type l -delete  2>&1`
$ cd "/home/pete/wefwefwef/docs/erldocs_other.git"
$ cd "/home/pete/wefwefwef/docs/other/9336043961/mondemand-backend-stats-rrd-tag-0.2.0/mondemand-backend-stats-rrd"
$ 5000  `ls -1 deps/  2>&1`
$ cd "/home/pete/wefwefwef/docs/erldocs_other.git"
>>> [rebar] deps = ["afunix","edown","erlrrd","gproc","ibrowse","lwes","meck",
                    "mochiweb","mondemand","mondemand_server","parse_trans",
                    "sidejob","webmachine"]
 :: Generating erldocs into /home/pete/wefwefwef/docs/other/9336043961/repo/0.2.0
Building mondemand-backend-stats-rrd
Generating Type Specs - "/home/pete/wefwefwef/docs/other/9336043961/mondemand-backend-stats-rrd-tag-0.2.0/mondemand-backend-stats-rrd/src/mondemand_backend_stats_rrd.erl"
Generating Type Specs - "/home/pete/wefwefwef/docs/other/9336043961/mondemand-backend-stats-rrd-tag-0.2.0/mondemand-backend-stats-rrd/src/mondemand_backend_stats_rrd_filecache.erl"
Generating XML for application mondemand-backend-stats-rrd "/home/pete/wefwefwef/docs/other/9336043961/mondemand-backend-stats-rrd-tag-0.2.0/mondemand-backend-stats-rrd" -> "/home/pete/wefwefwef/docs/other/9336043961/repo/0.2.0/.xml/mondemand-backend-stats-rrd"
Generated mondemand-backend-stats-rrd XMLs: ["/home/pete/wefwefwef/docs/other/9336043961/repo/0.2.0/.xml/mondemand-backend-stats-rrd/mondemand_backend_stats_rrd_filecache.xml",
                                             "/home/pete/wefwefwef/docs/other/9336043961/repo/0.2.0/.xml/mondemand-backend-stats-rrd/mondemand_backend_stats_rrd.xml"]
Generating HTML - mondemand_backend_stats_rrd "/home/pete/wefwefwef/docs/other/9336043961/repo/0.2.0/.xml/mondemand-backend-stats-rrd/mondemand_backend_stats_rrd.xml"
Reading XML for "/home/pete/wefwefwef/docs/other/9336043961/repo/0.2.0/.xml/mondemand-backend-stats-rrd/mondemand_backend_stats_rrd.xml"
Reading XML for "/home/pete/wefwefwef/docs/other/9336043961/repo/0.2.0/.xml/specs_mondemand_backend_stats_rrd.xml"
Generating HTML - mondemand_backend_stats_rrd_filecache "/home/pete/wefwefwef/docs/other/9336043961/repo/0.2.0/.xml/mondemand-backend-stats-rrd/mondemand_backend_stats_rrd_filecache.xml"
Reading XML for "/home/pete/wefwefwef/docs/other/9336043961/repo/0.2.0/.xml/mondemand-backend-stats-rrd/mondemand_backend_stats_rrd_filecache.xml"
Reading XML for "/home/pete/wefwefwef/docs/other/9336043961/repo/0.2.0/.xml/specs_mondemand_backend_stats_rrd_filecache.xml"
Creating index.html ...
Creating erldocs_index.js ...
Woot, finished in 0 Minutes 0 Seconds
 :: Discovering other repos
$ 5000  `rm -r '/home/pete/wefwefwef/docs/other/9336043961/mondemand-backend-stats-rrd-tag-0.2.0'  2>&1`
 :: Processing https://github.com/mondemand/mondemand-backend-stats-rrd	{rev,tag,"rpm-0_0_0-x86_64","38b02bf4d03b8e9506b574d190bb022c788d6683"}
 :: Fetching repo code
$ cd "/home/pete/wefwefwef/docs/other/9336043961/mondemand-backend-stats-rrd-tag-rpm-0_0_0-x86_64/mondemand-backend-stats-rrd"
$ infinity  `curl --fail --silent --show-error --location --output 'rpm-0_0_0-x86_64.zip' 'https://github.com/mondemand/mondemand-backend-stats-rrd/archive/rpm-0_0_0-x86_64.zip'  2>&1`
$ cd "/home/pete/wefwefwef/docs/erldocs_other.git"
$ cd "/home/pete/wefwefwef/docs/other/9336043961/mondemand-backend-stats-rrd-tag-rpm-0_0_0-x86_64/mondemand-backend-stats-rrd"
$ 5000  `find -P . -type l -delete  2>&1`
$ cd "/home/pete/wefwefwef/docs/erldocs_other.git"
$ cd "/home/pete/wefwefwef/docs/other/9336043961/mondemand-backend-stats-rrd-tag-rpm-0_0_0-x86_64/mondemand-backend-stats-rrd"
$ 5000  `find 'mondemand-backend-stats-rrd-rpm-0_0_0-x86_64' -mindepth 1 -maxdepth 1 -exec mv -t . -- {} +  2>&1`
$ cd "/home/pete/wefwefwef/docs/erldocs_other.git"
 :: Getting dependencies
 :: Generating erldocs into /home/pete/wefwefwef/docs/other/9336043961/repo/rpm-0_0_0-x86_64
Building mondemand-backend-stats-rrd
Generating Type Specs - "/home/pete/wefwefwef/docs/other/9336043961/mondemand-backend-stats-rrd-tag-rpm-0_0_0-x86_64/mondemand-backend-stats-rrd/src/mondemand_backend_stats_rrd.erl"
/home/pete/wefwefwef/docs/other/9336043961/mondemand-backend-stats-rrd-tag-rpm-0_0_0-x86_64/mondemand-backend-stats-rrd/src/mondemand_backend_stats_rrd.erl: at line 3: can't find include lib "lwes/include/lwes.hrl"
EDoc could not process file '/home/pete/wefwefwef/docs/other/9336043961/mondemand-backend-stats-rrd-tag-rpm-0_0_0-x86_64/mondemand-backend-stats-rrd/src/mondemand_backend_stats_rrd.erl'
Error generating type specs for "/home/pete/wefwefwef/docs/other/9336043961/mondemand-backend-stats-rrd-tag-rpm-0_0_0-x86_64/mondemand-backend-stats-rrd/src/mondemand_backend_stats_rrd.erl"
Generating XML for application mondemand-backend-stats-rrd "/home/pete/wefwefwef/docs/other/9336043961/mondemand-backend-stats-rrd-tag-rpm-0_0_0-x86_64/mondemand-backend-stats-rrd" -> "/home/pete/wefwefwef/docs/other/9336043961/repo/rpm-0_0_0-x86_64/.xml/mondemand-backend-stats-rrd"
/home/pete/wefwefwef/docs/other/9336043961/mondemand-backend-stats-rrd-tag-rpm-0_0_0-x86_64/mondemand-backend-stats-rrd/src/mondemand_backend_stats_rrd.erl: at line 3: can't find include lib "lwes/include/lwes.hrl"
edoc: skipping source file '/home/pete/wefwefwef/docs/other/9336043961/mondemand-backend-stats-rrd-tag-rpm-0_0_0-x86_64/mondemand-backend-stats-rrd/src/mondemand_backend_stats_rrd.erl': {'EXIT',
                                                                                                                                                                                     error}.
edoc: error in doclet 'edoc_doclet': {'EXIT',error}.
Error generating mondemand-backend-stats-rrd XMLs. Using fallback ...
Generating XML mondemand-backend-stats-rrd - mondemand_backend_stats_rrd "/home/pete/wefwefwef/docs/other/9336043961/mondemand-backend-stats-rrd-tag-rpm-0_0_0-x86_64/mondemand-backend-stats-rrd/src/mondemand_backend_stats_rrd.erl" -> "/home/pete/wefwefwef/docs/other/9336043961/repo/rpm-0_0_0-x86_64/.xml/mondemand-backend-stats-rrd/mondemand_backend_stats_rrd.xml"
/home/pete/wefwefwef/docs/other/9336043961/mondemand-backend-stats-rrd-tag-rpm-0_0_0-x86_64/mondemand-backend-stats-rrd/src/mondemand_backend_stats_rrd.erl: at line 3: can't find include lib "lwes/include/lwes.hrl"
Error generating XML ("/home/pete/wefwefwef/docs/other/9336043961/mondemand-backend-stats-rrd-tag-rpm-0_0_0-x86_64/mondemand-backend-stats-rrd/src/mondemand_backend_stats_rrd.erl"): {'EXIT',
                                                                                                                                                                                       error}
No documentation was generated!
Woot, finished in 0 Minutes 0 Seconds
 :: Discovering other repos
$ 5000  `rm -r '/home/pete/wefwefwef/docs/other/9336043961/mondemand-backend-stats-rrd-tag-rpm-0_0_0-x86_64'  2>&1`
 :: Processing https://github.com/mondemand/mondemand-backend-stats-rrd	{rev,tag,"0.1.2","a7ce6d4c4c66130f525d869c4a4eeb756a5b0d30"}
 :: Fetching repo code
$ cd "/home/pete/wefwefwef/docs/other/9336043961/mondemand-backend-stats-rrd-tag-0.1.2/mondemand-backend-stats-rrd"
$ infinity  `curl --fail --silent --show-error --location --output '0.1.2.zip' 'https://github.com/mondemand/mondemand-backend-stats-rrd/archive/0.1.2.zip'  2>&1`
$ cd "/home/pete/wefwefwef/docs/erldocs_other.git"
$ cd "/home/pete/wefwefwef/docs/other/9336043961/mondemand-backend-stats-rrd-tag-0.1.2/mondemand-backend-stats-rrd"
$ 5000  `find -P . -type l -delete  2>&1`
$ cd "/home/pete/wefwefwef/docs/erldocs_other.git"
$ cd "/home/pete/wefwefwef/docs/other/9336043961/mondemand-backend-stats-rrd-tag-0.1.2/mondemand-backend-stats-rrd"
$ 5000  `find 'mondemand-backend-stats-rrd-0.1.2' -mindepth 1 -maxdepth 1 -exec mv -t . -- {} +  2>&1`
$ cd "/home/pete/wefwefwef/docs/erldocs_other.git"
 :: Getting dependencies
$ cd "/home/pete/wefwefwef/docs/other/9336043961/mondemand-backend-stats-rrd-tag-0.1.2/mondemand-backend-stats-rrd"
$ infinity  `rebar --config '/home/pete/wefwefwef/docs/other/9336043961/mondemand-backend-stats-rrd-tag-0.1.2/rebar_deps' get-deps  2>&1`
$ cd "/home/pete/wefwefwef/docs/erldocs_other.git"
$ cd "/home/pete/wefwefwef/docs/other/9336043961/mondemand-backend-stats-rrd-tag-0.1.2/mondemand-backend-stats-rrd"
$ 5000  `find -P . -type l -delete  2>&1`
$ cd "/home/pete/wefwefwef/docs/erldocs_other.git"
$ cd "/home/pete/wefwefwef/docs/other/9336043961/mondemand-backend-stats-rrd-tag-0.1.2/mondemand-backend-stats-rrd"
$ 5000  `ls -1 deps/  2>&1`
$ cd "/home/pete/wefwefwef/docs/erldocs_other.git"
>>> [rebar] deps = ["afunix","edown","erlrrd","ibrowse","lwes","meck",
                    "mochiweb","mondemand_server","parse_trans","sidejob",
                    "webmachine"]
 :: Generating erldocs into /home/pete/wefwefwef/docs/other/9336043961/repo/0.1.2
Building mondemand-backend-stats-rrd
Generating Type Specs - "/home/pete/wefwefwef/docs/other/9336043961/mondemand-backend-stats-rrd-tag-0.1.2/mondemand-backend-stats-rrd/src/mondemand_backend_stats_rrd.erl"
Generating XML for application mondemand-backend-stats-rrd "/home/pete/wefwefwef/docs/other/9336043961/mondemand-backend-stats-rrd-tag-0.1.2/mondemand-backend-stats-rrd" -> "/home/pete/wefwefwef/docs/other/9336043961/repo/0.1.2/.xml/mondemand-backend-stats-rrd"
Generated mondemand-backend-stats-rrd XMLs: ["/home/pete/wefwefwef/docs/other/9336043961/repo/0.1.2/.xml/mondemand-backend-stats-rrd/mondemand_backend_stats_rrd.xml"]
Generating HTML - mondemand_backend_stats_rrd "/home/pete/wefwefwef/docs/other/9336043961/repo/0.1.2/.xml/mondemand-backend-stats-rrd/mondemand_backend_stats_rrd.xml"
Reading XML for "/home/pete/wefwefwef/docs/other/9336043961/repo/0.1.2/.xml/mondemand-backend-stats-rrd/mondemand_backend_stats_rrd.xml"
Reading XML for "/home/pete/wefwefwef/docs/other/9336043961/repo/0.1.2/.xml/specs_mondemand_backend_stats_rrd.xml"
Creating index.html ...
Creating erldocs_index.js ...
Woot, finished in 0 Minutes 0 Seconds
 :: Discovering other repos
$ 5000  `rm -r '/home/pete/wefwefwef/docs/other/9336043961/mondemand-backend-stats-rrd-tag-0.1.2'  2>&1`
 :: Processing https://github.com/mondemand/mondemand-backend-stats-rrd	{rev,tag,"0.1.3","a15c711f49fa549c4b0a6f4a42c3299155dbb053"}
 :: Fetching repo code
$ cd "/home/pete/wefwefwef/docs/other/9336043961/mondemand-backend-stats-rrd-tag-0.1.3/mondemand-backend-stats-rrd"
$ infinity  `curl --fail --silent --show-error --location --output '0.1.3.zip' 'https://github.com/mondemand/mondemand-backend-stats-rrd/archive/0.1.3.zip'  2>&1`
$ cd "/home/pete/wefwefwef/docs/erldocs_other.git"
$ cd "/home/pete/wefwefwef/docs/other/9336043961/mondemand-backend-stats-rrd-tag-0.1.3/mondemand-backend-stats-rrd"
$ 5000  `find -P . -type l -delete  2>&1`
$ cd "/home/pete/wefwefwef/docs/erldocs_other.git"
$ cd "/home/pete/wefwefwef/docs/other/9336043961/mondemand-backend-stats-rrd-tag-0.1.3/mondemand-backend-stats-rrd"
$ 5000  `find 'mondemand-backend-stats-rrd-0.1.3' -mindepth 1 -maxdepth 1 -exec mv -t . -- {} +  2>&1`
$ cd "/home/pete/wefwefwef/docs/erldocs_other.git"
 :: Getting dependencies
$ cd "/home/pete/wefwefwef/docs/other/9336043961/mondemand-backend-stats-rrd-tag-0.1.3/mondemand-backend-stats-rrd"
$ infinity  `rebar --config '/home/pete/wefwefwef/docs/other/9336043961/mondemand-backend-stats-rrd-tag-0.1.3/rebar_deps' get-deps  2>&1`
$ cd "/home/pete/wefwefwef/docs/erldocs_other.git"
$ cd "/home/pete/wefwefwef/docs/other/9336043961/mondemand-backend-stats-rrd-tag-0.1.3/mondemand-backend-stats-rrd"
$ 5000  `find -P . -type l -delete  2>&1`
$ cd "/home/pete/wefwefwef/docs/erldocs_other.git"
$ cd "/home/pete/wefwefwef/docs/other/9336043961/mondemand-backend-stats-rrd-tag-0.1.3/mondemand-backend-stats-rrd"
$ 5000  `ls -1 deps/  2>&1`
$ cd "/home/pete/wefwefwef/docs/erldocs_other.git"
>>> [rebar] deps = ["afunix","edown","erlrrd","ibrowse","lwes","meck",
                    "mochiweb","mondemand_server","parse_trans","sidejob",
                    "webmachine"]
 :: Generating erldocs into /home/pete/wefwefwef/docs/other/9336043961/repo/0.1.3
Building mondemand-backend-stats-rrd
Generating Type Specs - "/home/pete/wefwefwef/docs/other/9336043961/mondemand-backend-stats-rrd-tag-0.1.3/mondemand-backend-stats-rrd/src/mondemand_backend_stats_rrd.erl"
Generating XML for application mondemand-backend-stats-rrd "/home/pete/wefwefwef/docs/other/9336043961/mondemand-backend-stats-rrd-tag-0.1.3/mondemand-backend-stats-rrd" -> "/home/pete/wefwefwef/docs/other/9336043961/repo/0.1.3/.xml/mondemand-backend-stats-rrd"
Generated mondemand-backend-stats-rrd XMLs: ["/home/pete/wefwefwef/docs/other/9336043961/repo/0.1.3/.xml/mondemand-backend-stats-rrd/mondemand_backend_stats_rrd.xml"]
Generating HTML - mondemand_backend_stats_rrd "/home/pete/wefwefwef/docs/other/9336043961/repo/0.1.3/.xml/mondemand-backend-stats-rrd/mondemand_backend_stats_rrd.xml"
Reading XML for "/home/pete/wefwefwef/docs/other/9336043961/repo/0.1.3/.xml/mondemand-backend-stats-rrd/mondemand_backend_stats_rrd.xml"
Reading XML for "/home/pete/wefwefwef/docs/other/9336043961/repo/0.1.3/.xml/specs_mondemand_backend_stats_rrd.xml"
Creating index.html ...
Creating erldocs_index.js ...
Woot, finished in 0 Minutes 0 Seconds
 :: Discovering other repos
$ 5000  `rm -r '/home/pete/wefwefwef/docs/other/9336043961/mondemand-backend-stats-rrd-tag-0.1.3'  2>&1`
 :: Processing https://github.com/mondemand/mondemand-backend-stats-rrd	{rev,tag,"0.3.0","8fc492518b824ffa7ca02e06f56214fcc5178b1a"}
 :: Fetching repo code
$ cd "/home/pete/wefwefwef/docs/other/9336043961/mondemand-backend-stats-rrd-tag-0.3.0/mondemand-backend-stats-rrd"
$ infinity  `curl --fail --silent --show-error --location --output '0.3.0.zip' 'https://github.com/mondemand/mondemand-backend-stats-rrd/archive/0.3.0.zip'  2>&1`
$ cd "/home/pete/wefwefwef/docs/erldocs_other.git"
$ cd "/home/pete/wefwefwef/docs/other/9336043961/mondemand-backend-stats-rrd-tag-0.3.0/mondemand-backend-stats-rrd"
$ 5000  `find -P . -type l -delete  2>&1`
$ cd "/home/pete/wefwefwef/docs/erldocs_other.git"
$ cd "/home/pete/wefwefwef/docs/other/9336043961/mondemand-backend-stats-rrd-tag-0.3.0/mondemand-backend-stats-rrd"
$ 5000  `find 'mondemand-backend-stats-rrd-0.3.0' -mindepth 1 -maxdepth 1 -exec mv -t . -- {} +  2>&1`
$ cd "/home/pete/wefwefwef/docs/erldocs_other.git"
 :: Getting dependencies
$ cd "/home/pete/wefwefwef/docs/other/9336043961/mondemand-backend-stats-rrd-tag-0.3.0/mondemand-backend-stats-rrd"
$ infinity  `rebar --config '/home/pete/wefwefwef/docs/other/9336043961/mondemand-backend-stats-rrd-tag-0.3.0/rebar_deps' get-deps  2>&1`
$ cd "/home/pete/wefwefwef/docs/erldocs_other.git"
$ cd "/home/pete/wefwefwef/docs/other/9336043961/mondemand-backend-stats-rrd-tag-0.3.0/mondemand-backend-stats-rrd"
$ 5000  `find -P . -type l -delete  2>&1`
$ cd "/home/pete/wefwefwef/docs/erldocs_other.git"
$ cd "/home/pete/wefwefwef/docs/other/9336043961/mondemand-backend-stats-rrd-tag-0.3.0/mondemand-backend-stats-rrd"
$ 5000  `ls -1 deps/  2>&1`
$ cd "/home/pete/wefwefwef/docs/erldocs_other.git"
>>> [rebar] deps = ["afunix","edown","erlrrd","gproc","ibrowse","lwes","meck",
                    "mochiweb","mondemand","mondemand_server","parse_trans",
                    "sidejob","webmachine"]
 :: Generating erldocs into /home/pete/wefwefwef/docs/other/9336043961/repo/0.3.0
Building mondemand-backend-stats-rrd
Generating Type Specs - "/home/pete/wefwefwef/docs/other/9336043961/mondemand-backend-stats-rrd-tag-0.3.0/mondemand-backend-stats-rrd/src/mondemand_backend_stats_rrd.erl"
Generating Type Specs - "/home/pete/wefwefwef/docs/other/9336043961/mondemand-backend-stats-rrd-tag-0.3.0/mondemand-backend-stats-rrd/src/mondemand_backend_stats_rrd_filecache.erl"
Generating Type Specs - "/home/pete/wefwefwef/docs/other/9336043961/mondemand-backend-stats-rrd-tag-0.3.0/mondemand-backend-stats-rrd/src/mondemand_backend_stats_rrd_resource.erl"
Generating XML for application mondemand-backend-stats-rrd "/home/pete/wefwefwef/docs/other/9336043961/mondemand-backend-stats-rrd-tag-0.3.0/mondemand-backend-stats-rrd" -> "/home/pete/wefwefwef/docs/other/9336043961/repo/0.3.0/.xml/mondemand-backend-stats-rrd"
Generated mondemand-backend-stats-rrd XMLs: ["/home/pete/wefwefwef/docs/other/9336043961/repo/0.3.0/.xml/mondemand-backend-stats-rrd/mondemand_backend_stats_rrd_filecache.xml",
                                             "/home/pete/wefwefwef/docs/other/9336043961/repo/0.3.0/.xml/mondemand-backend-stats-rrd/mondemand_backend_stats_rrd_resource.xml",
                                             "/home/pete/wefwefwef/docs/other/9336043961/repo/0.3.0/.xml/mondemand-backend-stats-rrd/mondemand_backend_stats_rrd.xml"]
Generating HTML - mondemand_backend_stats_rrd "/home/pete/wefwefwef/docs/other/9336043961/repo/0.3.0/.xml/mondemand-backend-stats-rrd/mondemand_backend_stats_rrd.xml"
Reading XML for "/home/pete/wefwefwef/docs/other/9336043961/repo/0.3.0/.xml/mondemand-backend-stats-rrd/mondemand_backend_stats_rrd.xml"
Reading XML for "/home/pete/wefwefwef/docs/other/9336043961/repo/0.3.0/.xml/specs_mondemand_backend_stats_rrd.xml"
Generating HTML - mondemand_backend_stats_rrd_resource "/home/pete/wefwefwef/docs/other/9336043961/repo/0.3.0/.xml/mondemand-backend-stats-rrd/mondemand_backend_stats_rrd_resource.xml"
Reading XML for "/home/pete/wefwefwef/docs/other/9336043961/repo/0.3.0/.xml/mondemand-backend-stats-rrd/mondemand_backend_stats_rrd_resource.xml"
Reading XML for "/home/pete/wefwefwef/docs/other/9336043961/repo/0.3.0/.xml/specs_mondemand_backend_stats_rrd_resource.xml"
Generating HTML - mondemand_backend_stats_rrd_filecache "/home/pete/wefwefwef/docs/other/9336043961/repo/0.3.0/.xml/mondemand-backend-stats-rrd/mondemand_backend_stats_rrd_filecache.xml"
Reading XML for "/home/pete/wefwefwef/docs/other/9336043961/repo/0.3.0/.xml/mondemand-backend-stats-rrd/mondemand_backend_stats_rrd_filecache.xml"
Reading XML for "/home/pete/wefwefwef/docs/other/9336043961/repo/0.3.0/.xml/specs_mondemand_backend_stats_rrd_filecache.xml"
Creating index.html ...
Creating erldocs_index.js ...
Woot, finished in 0 Minutes 0 Seconds
 :: Discovering other repos
$ 5000  `rm -r '/home/pete/wefwefwef/docs/other/9336043961/mondemand-backend-stats-rrd-tag-0.3.0'  2>&1`
 :: Processing https://github.com/mondemand/mondemand-backend-stats-rrd	{rev,tag,"0.4.0","1332c70acbeacf0d333706c46121557e3237aeba"}
 :: Fetching repo code
$ cd "/home/pete/wefwefwef/docs/other/9336043961/mondemand-backend-stats-rrd-tag-0.4.0/mondemand-backend-stats-rrd"
$ infinity  `curl --fail --silent --show-error --location --output '0.4.0.zip' 'https://github.com/mondemand/mondemand-backend-stats-rrd/archive/0.4.0.zip'  2>&1`
$ cd "/home/pete/wefwefwef/docs/erldocs_other.git"
$ cd "/home/pete/wefwefwef/docs/other/9336043961/mondemand-backend-stats-rrd-tag-0.4.0/mondemand-backend-stats-rrd"
$ 5000  `find -P . -type l -delete  2>&1`
$ cd "/home/pete/wefwefwef/docs/erldocs_other.git"
$ cd "/home/pete/wefwefwef/docs/other/9336043961/mondemand-backend-stats-rrd-tag-0.4.0/mondemand-backend-stats-rrd"
$ 5000  `find 'mondemand-backend-stats-rrd-0.4.0' -mindepth 1 -maxdepth 1 -exec mv -t . -- {} +  2>&1`
$ cd "/home/pete/wefwefwef/docs/erldocs_other.git"
 :: Getting dependencies
$ cd "/home/pete/wefwefwef/docs/other/9336043961/mondemand-backend-stats-rrd-tag-0.4.0/mondemand-backend-stats-rrd"
$ infinity  `rebar --config '/home/pete/wefwefwef/docs/other/9336043961/mondemand-backend-stats-rrd-tag-0.4.0/rebar_deps' get-deps  2>&1`
$ cd "/home/pete/wefwefwef/docs/erldocs_other.git"
$ cd "/home/pete/wefwefwef/docs/other/9336043961/mondemand-backend-stats-rrd-tag-0.4.0/mondemand-backend-stats-rrd"
$ 5000  `find -P . -type l -delete  2>&1`
$ cd "/home/pete/wefwefwef/docs/erldocs_other.git"
$ cd "/home/pete/wefwefwef/docs/other/9336043961/mondemand-backend-stats-rrd-tag-0.4.0/mondemand-backend-stats-rrd"
$ 5000  `ls -1 deps/  2>&1`
$ cd "/home/pete/wefwefwef/docs/erldocs_other.git"
>>> [rebar] deps = ["afunix","edown","erlrrd","gproc","ibrowse","lwes","meck",
                    "mochiweb","mondemand","mondemand_server","parse_trans",
                    "sidejob","webmachine"]
 :: Generating erldocs into /home/pete/wefwefwef/docs/other/9336043961/repo/0.4.0
Building mondemand-backend-stats-rrd
Generating Type Specs - "/home/pete/wefwefwef/docs/other/9336043961/mondemand-backend-stats-rrd-tag-0.4.0/mondemand-backend-stats-rrd/src/mondemand_backend_stats_rrd.erl"
Generating Type Specs - "/home/pete/wefwefwef/docs/other/9336043961/mondemand-backend-stats-rrd-tag-0.4.0/mondemand-backend-stats-rrd/src/mondemand_backend_stats_rrd_filecache.erl"
Generating Type Specs - "/home/pete/wefwefwef/docs/other/9336043961/mondemand-backend-stats-rrd-tag-0.4.0/mondemand-backend-stats-rrd/src/mondemand_backend_stats_rrd_resource.erl"
Generating XML for application mondemand-backend-stats-rrd "/home/pete/wefwefwef/docs/other/9336043961/mondemand-backend-stats-rrd-tag-0.4.0/mondemand-backend-stats-rrd" -> "/home/pete/wefwefwef/docs/other/9336043961/repo/0.4.0/.xml/mondemand-backend-stats-rrd"
Generated mondemand-backend-stats-rrd XMLs: ["/home/pete/wefwefwef/docs/other/9336043961/repo/0.4.0/.xml/mondemand-backend-stats-rrd/mondemand_backend_stats_rrd_filecache.xml",
                                             "/home/pete/wefwefwef/docs/other/9336043961/repo/0.4.0/.xml/mondemand-backend-stats-rrd/mondemand_backend_stats_rrd_resource.xml",
                                             "/home/pete/wefwefwef/docs/other/9336043961/repo/0.4.0/.xml/mondemand-backend-stats-rrd/mondemand_backend_stats_rrd.xml"]
Generating HTML - mondemand_backend_stats_rrd "/home/pete/wefwefwef/docs/other/9336043961/repo/0.4.0/.xml/mondemand-backend-stats-rrd/mondemand_backend_stats_rrd.xml"
Reading XML for "/home/pete/wefwefwef/docs/other/9336043961/repo/0.4.0/.xml/mondemand-backend-stats-rrd/mondemand_backend_stats_rrd.xml"
Reading XML for "/home/pete/wefwefwef/docs/other/9336043961/repo/0.4.0/.xml/specs_mondemand_backend_stats_rrd.xml"
Generating HTML - mondemand_backend_stats_rrd_resource "/home/pete/wefwefwef/docs/other/9336043961/repo/0.4.0/.xml/mondemand-backend-stats-rrd/mondemand_backend_stats_rrd_resource.xml"
Reading XML for "/home/pete/wefwefwef/docs/other/9336043961/repo/0.4.0/.xml/mondemand-backend-stats-rrd/mondemand_backend_stats_rrd_resource.xml"
Reading XML for "/home/pete/wefwefwef/docs/other/9336043961/repo/0.4.0/.xml/specs_mondemand_backend_stats_rrd_resource.xml"
Generating HTML - mondemand_backend_stats_rrd_filecache "/home/pete/wefwefwef/docs/other/9336043961/repo/0.4.0/.xml/mondemand-backend-stats-rrd/mondemand_backend_stats_rrd_filecache.xml"
Reading XML for "/home/pete/wefwefwef/docs/other/9336043961/repo/0.4.0/.xml/mondemand-backend-stats-rrd/mondemand_backend_stats_rrd_filecache.xml"
Reading XML for "/home/pete/wefwefwef/docs/other/9336043961/repo/0.4.0/.xml/specs_mondemand_backend_stats_rrd_filecache.xml"
Creating index.html ...
Creating erldocs_index.js ...
Woot, finished in 0 Minutes 0 Seconds
 :: Discovering other repos
$ 5000  `rm -r '/home/pete/wefwefwef/docs/other/9336043961/mondemand-backend-stats-rrd-tag-0.4.0'  2>&1`
 :: Processing https://github.com/mondemand/mondemand-backend-stats-rrd	{rev,branch,"master","9d16c89f5e2dfcdf85365728636e3a64df31e300"}
 :: Fetching repo code
$ cd "/home/pete/wefwefwef/docs/other/9336043961/mondemand-backend-stats-rrd-branch-master/mondemand-backend-stats-rrd"
$ infinity  `curl --fail --silent --show-error --location --output 'master.zip' 'https://github.com/mondemand/mondemand-backend-stats-rrd/archive/master.zip'  2>&1`
$ cd "/home/pete/wefwefwef/docs/erldocs_other.git"
$ cd "/home/pete/wefwefwef/docs/other/9336043961/mondemand-backend-stats-rrd-branch-master/mondemand-backend-stats-rrd"
$ 5000  `find -P . -type l -delete  2>&1`
$ cd "/home/pete/wefwefwef/docs/erldocs_other.git"
$ cd "/home/pete/wefwefwef/docs/other/9336043961/mondemand-backend-stats-rrd-branch-master/mondemand-backend-stats-rrd"
$ 5000  `find 'mondemand-backend-stats-rrd-master' -mindepth 1 -maxdepth 1 -exec mv -t . -- {} +  2>&1`
$ cd "/home/pete/wefwefwef/docs/erldocs_other.git"
 :: Getting dependencies
$ cd "/home/pete/wefwefwef/docs/other/9336043961/mondemand-backend-stats-rrd-branch-master/mondemand-backend-stats-rrd"
$ infinity  `rebar --config '/home/pete/wefwefwef/docs/other/9336043961/mondemand-backend-stats-rrd-branch-master/rebar_deps' get-deps  2>&1`
$ cd "/home/pete/wefwefwef/docs/erldocs_other.git"
$ cd "/home/pete/wefwefwef/docs/other/9336043961/mondemand-backend-stats-rrd-branch-master/mondemand-backend-stats-rrd"
$ 5000  `find -P . -type l -delete  2>&1`
$ cd "/home/pete/wefwefwef/docs/erldocs_other.git"
$ cd "/home/pete/wefwefwef/docs/other/9336043961/mondemand-backend-stats-rrd-branch-master/mondemand-backend-stats-rrd"
$ 5000  `ls -1 deps/  2>&1`
$ cd "/home/pete/wefwefwef/docs/erldocs_other.git"
>>> [rebar] deps = ["afunix","edown","erlrrd","gproc","ibrowse","lwes","meck",
                    "mochiweb","mondemand","mondemand_server","parse_trans",
                    "sidejob","webmachine"]
 :: Generating erldocs into /home/pete/wefwefwef/docs/other/9336043961/repo/master
Building mondemand-backend-stats-rrd
Generating Type Specs - "/home/pete/wefwefwef/docs/other/9336043961/mondemand-backend-stats-rrd-branch-master/mondemand-backend-stats-rrd/src/mondemand_backend_stats_rrd.erl"
Generating Type Specs - "/home/pete/wefwefwef/docs/other/9336043961/mondemand-backend-stats-rrd-branch-master/mondemand-backend-stats-rrd/src/mondemand_backend_stats_rrd_filecache.erl"
Generating Type Specs - "/home/pete/wefwefwef/docs/other/9336043961/mondemand-backend-stats-rrd-branch-master/mondemand-backend-stats-rrd/src/mondemand_backend_stats_rrd_resource.erl"
Generating XML for application mondemand-backend-stats-rrd "/home/pete/wefwefwef/docs/other/9336043961/mondemand-backend-stats-rrd-branch-master/mondemand-backend-stats-rrd" -> "/home/pete/wefwefwef/docs/other/9336043961/repo/master/.xml/mondemand-backend-stats-rrd"
Generated mondemand-backend-stats-rrd XMLs: ["/home/pete/wefwefwef/docs/other/9336043961/repo/master/.xml/mondemand-backend-stats-rrd/mondemand_backend_stats_rrd_filecache.xml",
                                             "/home/pete/wefwefwef/docs/other/9336043961/repo/master/.xml/mondemand-backend-stats-rrd/mondemand_backend_stats_rrd_resource.xml",
                                             "/home/pete/wefwefwef/docs/other/9336043961/repo/master/.xml/mondemand-backend-stats-rrd/mondemand_backend_stats_rrd.xml"]
Generating HTML - mondemand_backend_stats_rrd "/home/pete/wefwefwef/docs/other/9336043961/repo/master/.xml/mondemand-backend-stats-rrd/mondemand_backend_stats_rrd.xml"
Reading XML for "/home/pete/wefwefwef/docs/other/9336043961/repo/master/.xml/mondemand-backend-stats-rrd/mondemand_backend_stats_rrd.xml"
Reading XML for "/home/pete/wefwefwef/docs/other/9336043961/repo/master/.xml/specs_mondemand_backend_stats_rrd.xml"
Generating HTML - mondemand_backend_stats_rrd_resource "/home/pete/wefwefwef/docs/other/9336043961/repo/master/.xml/mondemand-backend-stats-rrd/mondemand_backend_stats_rrd_resource.xml"
Reading XML for "/home/pete/wefwefwef/docs/other/9336043961/repo/master/.xml/mondemand-backend-stats-rrd/mondemand_backend_stats_rrd_resource.xml"
Reading XML for "/home/pete/wefwefwef/docs/other/9336043961/repo/master/.xml/specs_mondemand_backend_stats_rrd_resource.xml"
Generating HTML - mondemand_backend_stats_rrd_filecache "/home/pete/wefwefwef/docs/other/9336043961/repo/master/.xml/mondemand-backend-stats-rrd/mondemand_backend_stats_rrd_filecache.xml"
Reading XML for "/home/pete/wefwefwef/docs/other/9336043961/repo/master/.xml/mondemand-backend-stats-rrd/mondemand_backend_stats_rrd_filecache.xml"
Reading XML for "/home/pete/wefwefwef/docs/other/9336043961/repo/master/.xml/specs_mondemand_backend_stats_rrd_filecache.xml"
Creating index.html ...
Creating erldocs_index.js ...
Woot, finished in 0 Minutes 0 Seconds
 :: Discovering other repos
$ 5000  `rm -r '/home/pete/wefwefwef/docs/other/9336043961/mondemand-backend-stats-rrd-branch-master'  2>&1`
 :: Erldocs finishing up
$ 5000  `rm -r '/home/pete/wefwefwef/docs/other/9336043961/mondemand-backend-stats-rrd'  2>&1`
$ 5000  `rm -r '/home/pete/wefwefwef/docs/other/9336043961/repo/rpm-0_0_0-x86_64'  2>&1`
