 :: Extracting meta information
$ 5000  `git ls-remote --heads --tags 'https://github.com/mduk/erlbot'  2>&1`
>>> [repo] 1 branches, 0 tags
 :: Writing meta to "/home/pete/wefwefwef/docs/other/3659211980/meta.txt"
 :: Processing https://github.com/mduk/erlbot	{rev,branch,"master","0847634c4b3a1804ef3d963ca286aa8771a051bb"}
 :: Fetching repo code
$ cd "/home/pete/wefwefwef/docs/other/3659211980/erlbot-branch-master/erlbot"
$ infinity  `curl --fail --silent --show-error --location --output 'master.zip' 'https://github.com/mduk/erlbot/archive/master.zip'  2>&1`
$ cd "/home/pete/wefwefwef/docs/erldocs_other.git"
$ cd "/home/pete/wefwefwef/docs/other/3659211980/erlbot-branch-master/erlbot"
$ 5000  `find -P . -type l -delete  2>&1`
$ cd "/home/pete/wefwefwef/docs/erldocs_other.git"
$ cd "/home/pete/wefwefwef/docs/other/3659211980/erlbot-branch-master/erlbot"
$ 5000  `find 'erlbot-master' -mindepth 1 -maxdepth 1 -exec mv -t . -- {} +  2>&1`
$ cd "/home/pete/wefwefwef/docs/erldocs_other.git"
 :: Getting dependencies
$ cd "/home/pete/wefwefwef/docs/other/3659211980/erlbot-branch-master/erlbot"
$ 5000  `ls -1 deps/  2>&1`
$ cd "/home/pete/wefwefwef/docs/erldocs_other.git"
>>> [rebar] deps = []
 :: Generating erldocs into /home/pete/wefwefwef/docs/other/3659211980/repo/master
Building erlbot
Generating Type Specs - "/home/pete/wefwefwef/docs/other/3659211980/erlbot-branch-master/erlbot/config.erl"
/home/pete/wefwefwef/docs/other/3659211980/erlbot-branch-master/erlbot/config.erl: at line 1: syntax error before: '{'
EDoc could not process file '/home/pete/wefwefwef/docs/other/3659211980/erlbot-branch-master/erlbot/config.erl'
Error generating type specs for "/home/pete/wefwefwef/docs/other/3659211980/erlbot-branch-master/erlbot/config.erl"
Generating Type Specs - "/home/pete/wefwefwef/docs/other/3659211980/erlbot-branch-master/erlbot/src/channel.erl"
Generating Type Specs - "/home/pete/wefwefwef/docs/other/3659211980/erlbot-branch-master/erlbot/src/erlbot.erl"
Generating Type Specs - "/home/pete/wefwefwef/docs/other/3659211980/erlbot-branch-master/erlbot/src/erlbot_bot.erl"
Generating Type Specs - "/home/pete/wefwefwef/docs/other/3659211980/erlbot-branch-master/erlbot/src/erlbot_sup.erl"
Generating Type Specs - "/home/pete/wefwefwef/docs/other/3659211980/erlbot-branch-master/erlbot/src/foobar.erl"
Generating Type Specs - "/home/pete/wefwefwef/docs/other/3659211980/erlbot-branch-master/erlbot/src/irc.erl"
Generating Type Specs - "/home/pete/wefwefwef/docs/other/3659211980/erlbot-branch-master/erlbot/src/server.erl"
Generating Type Specs - "/home/pete/wefwefwef/docs/other/3659211980/erlbot-branch-master/erlbot/src/youtube.erl"
Generating XML for application erlbot "/home/pete/wefwefwef/docs/other/3659211980/erlbot-branch-master/erlbot" -> "/home/pete/wefwefwef/docs/other/3659211980/repo/master/.xml/erlbot"
Generated erlbot XMLs: ["/home/pete/wefwefwef/docs/other/3659211980/repo/master/.xml/erlbot/server.xml",
                        "/home/pete/wefwefwef/docs/other/3659211980/repo/master/.xml/erlbot/youtube.xml",
                        "/home/pete/wefwefwef/docs/other/3659211980/repo/master/.xml/erlbot/foobar.xml",
                        "/home/pete/wefwefwef/docs/other/3659211980/repo/master/.xml/erlbot/channel.xml",
                        "/home/pete/wefwefwef/docs/other/3659211980/repo/master/.xml/erlbot/erlbot_bot.xml",
                        "/home/pete/wefwefwef/docs/other/3659211980/repo/master/.xml/erlbot/erlbot_sup.xml",
                        "/home/pete/wefwefwef/docs/other/3659211980/repo/master/.xml/erlbot/erlbot.xml",
                        "/home/pete/wefwefwef/docs/other/3659211980/repo/master/.xml/erlbot/irc.xml"]
Generating HTML - youtube "/home/pete/wefwefwef/docs/other/3659211980/repo/master/.xml/erlbot/youtube.xml"
Generating HTML - channel "/home/pete/wefwefwef/docs/other/3659211980/repo/master/.xml/erlbot/channel.xml"
Generating HTML - erlbot_sup "/home/pete/wefwefwef/docs/other/3659211980/repo/master/.xml/erlbot/erlbot_sup.xml"
Generating HTML - irc "/home/pete/wefwefwef/docs/other/3659211980/repo/master/.xml/erlbot/irc.xml"
Reading XML for "/home/pete/wefwefwef/docs/other/3659211980/repo/master/.xml/erlbot/youtube.xml"
Reading XML for "/home/pete/wefwefwef/docs/other/3659211980/repo/master/.xml/erlbot/channel.xml"
Reading XML for "/home/pete/wefwefwef/docs/other/3659211980/repo/master/.xml/erlbot/erlbot_sup.xml"
Reading XML for "/home/pete/wefwefwef/docs/other/3659211980/repo/master/.xml/erlbot/irc.xml"
Reading XML for "/home/pete/wefwefwef/docs/other/3659211980/repo/master/.xml/specs_youtube.xml"
Reading XML for "/home/pete/wefwefwef/docs/other/3659211980/repo/master/.xml/specs_channel.xml"
Reading XML for "/home/pete/wefwefwef/docs/other/3659211980/repo/master/.xml/specs_irc.xml"
Generating HTML - server "/home/pete/wefwefwef/docs/other/3659211980/repo/master/.xml/erlbot/server.xml"
Reading XML for "/home/pete/wefwefwef/docs/other/3659211980/repo/master/.xml/erlbot/server.xml"
Generating HTML - erlbot "/home/pete/wefwefwef/docs/other/3659211980/repo/master/.xml/erlbot/erlbot.xml"
Reading XML for "/home/pete/wefwefwef/docs/other/3659211980/repo/master/.xml/erlbot/erlbot.xml"
Generating HTML - foobar "/home/pete/wefwefwef/docs/other/3659211980/repo/master/.xml/erlbot/foobar.xml"
Reading XML for "/home/pete/wefwefwef/docs/other/3659211980/repo/master/.xml/erlbot/foobar.xml"
Reading XML for "/home/pete/wefwefwef/docs/other/3659211980/repo/master/.xml/specs_erlbot_sup.xml"
Generating HTML - erlbot_bot "/home/pete/wefwefwef/docs/other/3659211980/repo/master/.xml/erlbot/erlbot_bot.xml"
Reading XML for "/home/pete/wefwefwef/docs/other/3659211980/repo/master/.xml/erlbot/erlbot_bot.xml"
Reading XML for "/home/pete/wefwefwef/docs/other/3659211980/repo/master/.xml/specs_erlbot.xml"
Reading XML for "/home/pete/wefwefwef/docs/other/3659211980/repo/master/.xml/specs_server.xml"
Reading XML for "/home/pete/wefwefwef/docs/other/3659211980/repo/master/.xml/specs_erlbot_bot.xml"
Reading XML for "/home/pete/wefwefwef/docs/other/3659211980/repo/master/.xml/specs_foobar.xml"
Creating index.html ...
Creating erldocs_index.js ...
Woot, finished in 0 Minutes 0 Seconds
 :: Discovering other repos
$ 5000  `rm -r '/home/pete/wefwefwef/docs/other/3659211980/erlbot-branch-master'  2>&1`
 :: Erldocs finishing up
$ 5000  `rm -r '/home/pete/wefwefwef/docs/other/3659211980/erlbot'  2>&1`
