 :: Extracting meta information
$ 5000  `git ls-remote --heads --tags 'https://github.com/jeastman/crime'  2>&1`
>>> [repo] 1 branches, 1 tags
 :: Writing meta to "/home/pete/wefwefwef/docs/other/6562895963/meta.txt"
 :: Processing https://github.com/jeastman/crime	{rev,tag,"Phase1","3a0b54614a2278d96e4ff3959628b85a5aaadf97"}
 :: Fetching repo code
$ cd "/home/pete/wefwefwef/docs/other/6562895963/crime-tag-Phase1/crime"
$ infinity  `curl --fail --silent --show-error --location --output 'Phase1.zip' 'https://github.com/jeastman/crime/archive/Phase1.zip'  2>&1`
$ cd "/home/pete/wefwefwef/docs/erldocs_other.git"
$ cd "/home/pete/wefwefwef/docs/other/6562895963/crime-tag-Phase1/crime"
$ 5000  `find -P . -type l -delete  2>&1`
$ cd "/home/pete/wefwefwef/docs/erldocs_other.git"
$ cd "/home/pete/wefwefwef/docs/other/6562895963/crime-tag-Phase1/crime"
$ 5000  `find 'crime-Phase1' -mindepth 1 -maxdepth 1 -exec mv -t . -- {} +  2>&1`
$ cd "/home/pete/wefwefwef/docs/erldocs_other.git"
 :: Getting dependencies
$ cd "/home/pete/wefwefwef/docs/other/6562895963/crime-tag-Phase1/crime"
$ 5000  `ls -1 deps/  2>&1`
$ cd "/home/pete/wefwefwef/docs/erldocs_other.git"
>>> [rebar] deps = []
 :: Generating erldocs into /home/pete/wefwefwef/docs/other/6562895963/repo/Phase1
Building crime_web
Generating Type Specs - "/home/pete/wefwefwef/docs/other/6562895963/crime-tag-Phase1/crime/apps/crime_web/src/crime_capabilities_resource.erl"
/home/pete/wefwefwef/docs/other/6562895963/crime-tag-Phase1/crime/apps/crime_web/src/crime_capabilities_resource.erl: at line 7: can't find include lib "webmachine/include/webmachine.hrl"
EDoc could not process file '/home/pete/wefwefwef/docs/other/6562895963/crime-tag-Phase1/crime/apps/crime_web/src/crime_capabilities_resource.erl'
Error generating type specs for "/home/pete/wefwefwef/docs/other/6562895963/crime-tag-Phase1/crime/apps/crime_web/src/crime_capabilities_resource.erl"
Generating Type Specs - "/home/pete/wefwefwef/docs/other/6562895963/crime-tag-Phase1/crime/apps/crime_web/src/crime_web.erl"
Generating Type Specs - "/home/pete/wefwefwef/docs/other/6562895963/crime-tag-Phase1/crime/apps/crime_web/src/crime_web_app.erl"
Generating Type Specs - "/home/pete/wefwefwef/docs/other/6562895963/crime-tag-Phase1/crime/apps/crime_web/src/crime_web_resource.erl"
/home/pete/wefwefwef/docs/other/6562895963/crime-tag-Phase1/crime/apps/crime_web/src/crime_web_resource.erl: at line 8: can't find include lib "webmachine/include/webmachine.hrl"
EDoc could not process file '/home/pete/wefwefwef/docs/other/6562895963/crime-tag-Phase1/crime/apps/crime_web/src/crime_web_resource.erl'
Error generating type specs for "/home/pete/wefwefwef/docs/other/6562895963/crime-tag-Phase1/crime/apps/crime_web/src/crime_web_resource.erl"
Generating Type Specs - "/home/pete/wefwefwef/docs/other/6562895963/crime-tag-Phase1/crime/apps/crime_web/src/crime_web_sup.erl"
Generating XML for application crime_web "/home/pete/wefwefwef/docs/other/6562895963/crime-tag-Phase1/crime/apps/crime_web" -> "/home/pete/wefwefwef/docs/other/6562895963/repo/Phase1/.xml/crime_web"
/home/pete/wefwefwef/docs/other/6562895963/crime-tag-Phase1/crime/apps/crime_web/src/crime_capabilities_resource.erl: at line 7: can't find include lib "webmachine/include/webmachine.hrl"
edoc: skipping source file '/home/pete/wefwefwef/docs/other/6562895963/crime-tag-Phase1/crime/apps/crime_web/src/crime_capabilities_resource.erl': {'EXIT',
                                                                                                                                              error}.
/home/pete/wefwefwef/docs/other/6562895963/crime-tag-Phase1/crime/apps/crime_web/src/crime_web_resource.erl: at line 8: can't find include lib "webmachine/include/webmachine.hrl"
edoc: skipping source file '/home/pete/wefwefwef/docs/other/6562895963/crime-tag-Phase1/crime/apps/crime_web/src/crime_web_resource.erl': {'EXIT',
                                                                                                                                     error}.
edoc: error in doclet 'edoc_doclet': {'EXIT',error}.
Error generating crime_web XMLs. Using fallback ...
Generating XML crime_web - crime_capabilities_resource "/home/pete/wefwefwef/docs/other/6562895963/crime-tag-Phase1/crime/apps/crime_web/src/crime_capabilities_resource.erl" -> "/home/pete/wefwefwef/docs/other/6562895963/repo/Phase1/.xml/crime_web/crime_capabilities_resource.xml"
/home/pete/wefwefwef/docs/other/6562895963/crime-tag-Phase1/crime/apps/crime_web/src/crime_capabilities_resource.erl: at line 7: can't find include lib "webmachine/include/webmachine.hrl"
Error generating XML ("/home/pete/wefwefwef/docs/other/6562895963/crime-tag-Phase1/crime/apps/crime_web/src/crime_capabilities_resource.erl"): {'EXIT',
                                                                                                                                                error}
Generating XML crime_web - crime_web "/home/pete/wefwefwef/docs/other/6562895963/crime-tag-Phase1/crime/apps/crime_web/src/crime_web.erl" -> "/home/pete/wefwefwef/docs/other/6562895963/repo/Phase1/.xml/crime_web/crime_web.xml"
Generating XML crime_web - crime_web_app "/home/pete/wefwefwef/docs/other/6562895963/crime-tag-Phase1/crime/apps/crime_web/src/crime_web_app.erl" -> "/home/pete/wefwefwef/docs/other/6562895963/repo/Phase1/.xml/crime_web/crime_web_app.xml"
Generating XML crime_web - crime_web_resource "/home/pete/wefwefwef/docs/other/6562895963/crime-tag-Phase1/crime/apps/crime_web/src/crime_web_resource.erl" -> "/home/pete/wefwefwef/docs/other/6562895963/repo/Phase1/.xml/crime_web/crime_web_resource.xml"
/home/pete/wefwefwef/docs/other/6562895963/crime-tag-Phase1/crime/apps/crime_web/src/crime_web_resource.erl: at line 8: can't find include lib "webmachine/include/webmachine.hrl"
Error generating XML ("/home/pete/wefwefwef/docs/other/6562895963/crime-tag-Phase1/crime/apps/crime_web/src/crime_web_resource.erl"): {'EXIT',
                                                                                                                                       error}
Generating XML crime_web - crime_web_sup "/home/pete/wefwefwef/docs/other/6562895963/crime-tag-Phase1/crime/apps/crime_web/src/crime_web_sup.erl" -> "/home/pete/wefwefwef/docs/other/6562895963/repo/Phase1/.xml/crime_web/crime_web_sup.xml"
Generating HTML - crime_web "/home/pete/wefwefwef/docs/other/6562895963/repo/Phase1/.xml/crime_web/crime_web.xml"
Reading XML for "/home/pete/wefwefwef/docs/other/6562895963/repo/Phase1/.xml/crime_web/crime_web.xml"
Reading XML for "/home/pete/wefwefwef/docs/other/6562895963/repo/Phase1/.xml/specs_crime_web.xml"
Generating HTML - crime_web_app "/home/pete/wefwefwef/docs/other/6562895963/repo/Phase1/.xml/crime_web/crime_web_app.xml"
Reading XML for "/home/pete/wefwefwef/docs/other/6562895963/repo/Phase1/.xml/crime_web/crime_web_app.xml"
Reading XML for "/home/pete/wefwefwef/docs/other/6562895963/repo/Phase1/.xml/specs_crime_web_app.xml"
Generating HTML - crime_web_sup "/home/pete/wefwefwef/docs/other/6562895963/repo/Phase1/.xml/crime_web/crime_web_sup.xml"
Reading XML for "/home/pete/wefwefwef/docs/other/6562895963/repo/Phase1/.xml/crime_web/crime_web_sup.xml"
Reading XML for "/home/pete/wefwefwef/docs/other/6562895963/repo/Phase1/.xml/specs_crime_web_sup.xml"
Building crime
Generating XML for application crime "/home/pete/wefwefwef/docs/other/6562895963/crime-tag-Phase1/crime" -> "/home/pete/wefwefwef/docs/other/6562895963/repo/Phase1/.xml/crime"
/home/pete/wefwefwef/docs/other/6562895963/crime-tag-Phase1/crime/apps/crime_web/src/crime_capabilities_resource.erl: at line 7: can't find include lib "webmachine/include/webmachine.hrl"
edoc: skipping source file '/home/pete/wefwefwef/docs/other/6562895963/crime-tag-Phase1/crime/apps/crime_web/src/crime_capabilities_resource.erl': {'EXIT',
                                                                                                                                              error}.
/home/pete/wefwefwef/docs/other/6562895963/crime-tag-Phase1/crime/apps/crime_web/src/crime_web_resource.erl: at line 8: can't find include lib "webmachine/include/webmachine.hrl"
edoc: skipping source file '/home/pete/wefwefwef/docs/other/6562895963/crime-tag-Phase1/crime/apps/crime_web/src/crime_web_resource.erl': {'EXIT',
                                                                                                                                     error}.
edoc: error in doclet 'edoc_doclet': {'EXIT',error}.
Error generating crime XMLs. Using fallback ...
Creating index.html ...
Creating erldocs_index.js ...
Woot, finished in 0 Minutes 0 Seconds
 :: Discovering other repos
$ 5000  `rm -r '/home/pete/wefwefwef/docs/other/6562895963/crime-tag-Phase1'  2>&1`
 :: Processing https://github.com/jeastman/crime	{rev,branch,"master","4af4dce9c6ca02edb8480782de1647ebdb5c8c65"}
 :: Fetching repo code
$ cd "/home/pete/wefwefwef/docs/other/6562895963/crime-branch-master/crime"
$ infinity  `curl --fail --silent --show-error --location --output 'master.zip' 'https://github.com/jeastman/crime/archive/master.zip'  2>&1`
$ cd "/home/pete/wefwefwef/docs/erldocs_other.git"
$ cd "/home/pete/wefwefwef/docs/other/6562895963/crime-branch-master/crime"
$ 5000  `find -P . -type l -delete  2>&1`
$ cd "/home/pete/wefwefwef/docs/erldocs_other.git"
$ cd "/home/pete/wefwefwef/docs/other/6562895963/crime-branch-master/crime"
$ 5000  `find 'crime-master' -mindepth 1 -maxdepth 1 -exec mv -t . -- {} +  2>&1`
$ cd "/home/pete/wefwefwef/docs/erldocs_other.git"
 :: Getting dependencies
$ cd "/home/pete/wefwefwef/docs/other/6562895963/crime-branch-master/crime"
$ 5000  `ls -1 deps/  2>&1`
$ cd "/home/pete/wefwefwef/docs/erldocs_other.git"
>>> [rebar] deps = []
 :: Generating erldocs into /home/pete/wefwefwef/docs/other/6562895963/repo/master
Building crime_web
Generating Type Specs - "/home/pete/wefwefwef/docs/other/6562895963/crime-branch-master/crime/apps/crime_web/src/crime_capabilities_resource.erl"
/home/pete/wefwefwef/docs/other/6562895963/crime-branch-master/crime/apps/crime_web/src/crime_capabilities_resource.erl: at line 7: can't find include lib "webmachine/include/webmachine.hrl"
EDoc could not process file '/home/pete/wefwefwef/docs/other/6562895963/crime-branch-master/crime/apps/crime_web/src/crime_capabilities_resource.erl'
Error generating type specs for "/home/pete/wefwefwef/docs/other/6562895963/crime-branch-master/crime/apps/crime_web/src/crime_capabilities_resource.erl"
Generating Type Specs - "/home/pete/wefwefwef/docs/other/6562895963/crime-branch-master/crime/apps/crime_web/src/crime_web.erl"
Generating Type Specs - "/home/pete/wefwefwef/docs/other/6562895963/crime-branch-master/crime/apps/crime_web/src/crime_web_app.erl"
Generating Type Specs - "/home/pete/wefwefwef/docs/other/6562895963/crime-branch-master/crime/apps/crime_web/src/crime_web_resource.erl"
/home/pete/wefwefwef/docs/other/6562895963/crime-branch-master/crime/apps/crime_web/src/crime_web_resource.erl: at line 8: can't find include lib "webmachine/include/webmachine.hrl"
EDoc could not process file '/home/pete/wefwefwef/docs/other/6562895963/crime-branch-master/crime/apps/crime_web/src/crime_web_resource.erl'
Error generating type specs for "/home/pete/wefwefwef/docs/other/6562895963/crime-branch-master/crime/apps/crime_web/src/crime_web_resource.erl"
Generating Type Specs - "/home/pete/wefwefwef/docs/other/6562895963/crime-branch-master/crime/apps/crime_web/src/crime_web_sup.erl"
Generating XML for application crime_web "/home/pete/wefwefwef/docs/other/6562895963/crime-branch-master/crime/apps/crime_web" -> "/home/pete/wefwefwef/docs/other/6562895963/repo/master/.xml/crime_web"
/home/pete/wefwefwef/docs/other/6562895963/crime-branch-master/crime/apps/crime_web/src/crime_capabilities_resource.erl: at line 7: can't find include lib "webmachine/include/webmachine.hrl"
edoc: skipping source file '/home/pete/wefwefwef/docs/other/6562895963/crime-branch-master/crime/apps/crime_web/src/crime_capabilities_resource.erl': {'EXIT',
                                                                                                                                                 error}.
/home/pete/wefwefwef/docs/other/6562895963/crime-branch-master/crime/apps/crime_web/src/crime_web_resource.erl: at line 8: can't find include lib "webmachine/include/webmachine.hrl"
edoc: skipping source file '/home/pete/wefwefwef/docs/other/6562895963/crime-branch-master/crime/apps/crime_web/src/crime_web_resource.erl': {'EXIT',
                                                                                                                                        error}.
edoc: error in doclet 'edoc_doclet': {'EXIT',error}.
Error generating crime_web XMLs. Using fallback ...
Generating XML crime_web - crime_capabilities_resource "/home/pete/wefwefwef/docs/other/6562895963/crime-branch-master/crime/apps/crime_web/src/crime_capabilities_resource.erl" -> "/home/pete/wefwefwef/docs/other/6562895963/repo/master/.xml/crime_web/crime_capabilities_resource.xml"
/home/pete/wefwefwef/docs/other/6562895963/crime-branch-master/crime/apps/crime_web/src/crime_capabilities_resource.erl: at line 7: can't find include lib "webmachine/include/webmachine.hrl"
Error generating XML ("/home/pete/wefwefwef/docs/other/6562895963/crime-branch-master/crime/apps/crime_web/src/crime_capabilities_resource.erl"): {'EXIT',
                                                                                                                                                   error}
Generating XML crime_web - crime_web "/home/pete/wefwefwef/docs/other/6562895963/crime-branch-master/crime/apps/crime_web/src/crime_web.erl" -> "/home/pete/wefwefwef/docs/other/6562895963/repo/master/.xml/crime_web/crime_web.xml"
Generating XML crime_web - crime_web_app "/home/pete/wefwefwef/docs/other/6562895963/crime-branch-master/crime/apps/crime_web/src/crime_web_app.erl" -> "/home/pete/wefwefwef/docs/other/6562895963/repo/master/.xml/crime_web/crime_web_app.xml"
Generating XML crime_web - crime_web_resource "/home/pete/wefwefwef/docs/other/6562895963/crime-branch-master/crime/apps/crime_web/src/crime_web_resource.erl" -> "/home/pete/wefwefwef/docs/other/6562895963/repo/master/.xml/crime_web/crime_web_resource.xml"
/home/pete/wefwefwef/docs/other/6562895963/crime-branch-master/crime/apps/crime_web/src/crime_web_resource.erl: at line 8: can't find include lib "webmachine/include/webmachine.hrl"
Error generating XML ("/home/pete/wefwefwef/docs/other/6562895963/crime-branch-master/crime/apps/crime_web/src/crime_web_resource.erl"): {'EXIT',
                                                                                                                                          error}
Generating XML crime_web - crime_web_sup "/home/pete/wefwefwef/docs/other/6562895963/crime-branch-master/crime/apps/crime_web/src/crime_web_sup.erl" -> "/home/pete/wefwefwef/docs/other/6562895963/repo/master/.xml/crime_web/crime_web_sup.xml"
Generating HTML - crime_web "/home/pete/wefwefwef/docs/other/6562895963/repo/master/.xml/crime_web/crime_web.xml"
Reading XML for "/home/pete/wefwefwef/docs/other/6562895963/repo/master/.xml/crime_web/crime_web.xml"
Reading XML for "/home/pete/wefwefwef/docs/other/6562895963/repo/master/.xml/specs_crime_web.xml"
Generating HTML - crime_web_app "/home/pete/wefwefwef/docs/other/6562895963/repo/master/.xml/crime_web/crime_web_app.xml"
Reading XML for "/home/pete/wefwefwef/docs/other/6562895963/repo/master/.xml/crime_web/crime_web_app.xml"
Reading XML for "/home/pete/wefwefwef/docs/other/6562895963/repo/master/.xml/specs_crime_web_app.xml"
Generating HTML - crime_web_sup "/home/pete/wefwefwef/docs/other/6562895963/repo/master/.xml/crime_web/crime_web_sup.xml"
Reading XML for "/home/pete/wefwefwef/docs/other/6562895963/repo/master/.xml/crime_web/crime_web_sup.xml"
Reading XML for "/home/pete/wefwefwef/docs/other/6562895963/repo/master/.xml/specs_crime_web_sup.xml"
Building crime_core
Generating Type Specs - "/home/pete/wefwefwef/docs/other/6562895963/crime-branch-master/crime/apps/crime_core/src/crc16.erl"
Generating Type Specs - "/home/pete/wefwefwef/docs/other/6562895963/crime-branch-master/crime/apps/crime_core/src/crime_core_app.erl"
Generating Type Specs - "/home/pete/wefwefwef/docs/other/6562895963/crime-branch-master/crime/apps/crime_core/src/crime_core_sup.erl"
Generating Type Specs - "/home/pete/wefwefwef/docs/other/6562895963/crime-branch-master/crime/apps/crime_core/src/objectid.erl"
Generating XML for application crime_core "/home/pete/wefwefwef/docs/other/6562895963/crime-branch-master/crime/apps/crime_core" -> "/home/pete/wefwefwef/docs/other/6562895963/repo/master/.xml/crime_core"
Generated crime_core XMLs: ["/home/pete/wefwefwef/docs/other/6562895963/repo/master/.xml/crime_core/objectid.xml",
                            "/home/pete/wefwefwef/docs/other/6562895963/repo/master/.xml/crime_core/crime_core_sup.xml",
                            "/home/pete/wefwefwef/docs/other/6562895963/repo/master/.xml/crime_core/crime_core_app.xml",
                            "/home/pete/wefwefwef/docs/other/6562895963/repo/master/.xml/crime_core/crc16.xml"]
Generating HTML - objectid "/home/pete/wefwefwef/docs/other/6562895963/repo/master/.xml/crime_core/objectid.xml"
Generating HTML - crime_core_sup "/home/pete/wefwefwef/docs/other/6562895963/repo/master/.xml/crime_core/crime_core_sup.xml"
Generating HTML - crime_core_app "/home/pete/wefwefwef/docs/other/6562895963/repo/master/.xml/crime_core/crime_core_app.xml"
Generating HTML - crc16 "/home/pete/wefwefwef/docs/other/6562895963/repo/master/.xml/crime_core/crc16.xml"
Reading XML for "/home/pete/wefwefwef/docs/other/6562895963/repo/master/.xml/crime_core/objectid.xml"
Reading XML for "/home/pete/wefwefwef/docs/other/6562895963/repo/master/.xml/crime_core/crime_core_sup.xml"
Reading XML for "/home/pete/wefwefwef/docs/other/6562895963/repo/master/.xml/crime_core/crime_core_app.xml"
Reading XML for "/home/pete/wefwefwef/docs/other/6562895963/repo/master/.xml/crime_core/crc16.xml"
Reading XML for "/home/pete/wefwefwef/docs/other/6562895963/repo/master/.xml/specs_objectid.xml"
Reading XML for "/home/pete/wefwefwef/docs/other/6562895963/repo/master/.xml/specs_crime_core_sup.xml"
Reading XML for "/home/pete/wefwefwef/docs/other/6562895963/repo/master/.xml/specs_crime_core_app.xml"
Reading XML for "/home/pete/wefwefwef/docs/other/6562895963/repo/master/.xml/specs_crc16.xml"
Building crime
Generating XML for application crime "/home/pete/wefwefwef/docs/other/6562895963/crime-branch-master/crime" -> "/home/pete/wefwefwef/docs/other/6562895963/repo/master/.xml/crime"
/home/pete/wefwefwef/docs/other/6562895963/crime-branch-master/crime/apps/crime_web/src/crime_capabilities_resource.erl: at line 7: can't find include lib "webmachine/include/webmachine.hrl"
edoc: skipping source file '/home/pete/wefwefwef/docs/other/6562895963/crime-branch-master/crime/apps/crime_web/src/crime_capabilities_resource.erl': {'EXIT',
                                                                                                                                                 error}.
/home/pete/wefwefwef/docs/other/6562895963/crime-branch-master/crime/apps/crime_web/src/crime_web_resource.erl: at line 8: can't find include lib "webmachine/include/webmachine.hrl"
edoc: skipping source file '/home/pete/wefwefwef/docs/other/6562895963/crime-branch-master/crime/apps/crime_web/src/crime_web_resource.erl': {'EXIT',
                                                                                                                                        error}.
edoc: error in doclet 'edoc_doclet': {'EXIT',error}.
Error generating crime XMLs. Using fallback ...
Creating index.html ...
Creating erldocs_index.js ...
Woot, finished in 0 Minutes 0 Seconds
 :: Discovering other repos
$ 5000  `rm -r '/home/pete/wefwefwef/docs/other/6562895963/crime-branch-master'  2>&1`
 :: Erldocs finishing up
$ 5000  `rm -r '/home/pete/wefwefwef/docs/other/6562895963/crime'  2>&1`
