 :: Extracting meta information
$ 5000  `git ls-remote --heads --tags 'https://github.com/fishcakez/hashdict'  2>&1`
>>> [repo] 1 branches, 0 tags
 :: Writing meta to "/home/pete/wefwefwef/docs/other/5488746489/meta.txt"
 :: Processing https://github.com/fishcakez/hashdict	{rev,branch,"master","4decf37082e98097776a387ec36f18632a17bddf",undefined,[],[]}
 :: Fetching repo code
$ cd "/home/pete/wefwefwef/docs/other/5488746489/hashdict-branch-master/hashdict"
$ infinity  `curl --fail --silent --show-error --location --output 'master.zip' 'https://github.com/fishcakez/hashdict/archive/master.zip'  2>&1`
$ cd "/home/pete/wefwefwef/docs/erldocs_other.git"
$ cd "/home/pete/wefwefwef/docs/other/5488746489/hashdict-branch-master/hashdict"
$ 5000  `find -P . -type l -delete  2>&1`
$ cd "/home/pete/wefwefwef/docs/erldocs_other.git"
$ cd "/home/pete/wefwefwef/docs/other/5488746489/hashdict-branch-master/hashdict"
$ 5000  `find 'hashdict-master' -mindepth 1 -maxdepth 1 -exec mv -t . -- {} +  2>&1`
$ cd "/home/pete/wefwefwef/docs/erldocs_other.git"
 :: Getting dependencies
$ cd "/home/pete/wefwefwef/docs/other/5488746489/hashdict-branch-master/hashdict"
$ 5000  `ls -1 deps/  2>&1`
$ cd "/home/pete/wefwefwef/docs/erldocs_other.git"
>>> [rebar] deps = []
 :: Generating erldocs into /home/pete/wefwefwef/docs/other/5488746489/repo/master
Building hashdict
Generating Type Specs - "/home/pete/wefwefwef/docs/other/5488746489/hashdict-branch-master/hashdict/src/hashdict.erl"
EDoc could not process file '/home/pete/wefwefwef/docs/other/5488746489/hashdict-branch-master/hashdict/src/hashdict.erl'
Error generating type specs for "/home/pete/wefwefwef/docs/other/5488746489/hashdict-branch-master/hashdict/src/hashdict.erl"
Generating XML for application hashdict "/home/pete/wefwefwef/docs/other/5488746489/hashdict-branch-master/hashdict" -> "/home/pete/wefwefwef/docs/other/5488746489/repo/master/.xml/hashdict"
/home/pete/wefwefwef/docs/other/5488746489/hashdict-branch-master/hashdict/src/hashdict.erl, function take/2: at line 117: error in XML parser: {system_limit,[{ets,new,[rules,[set|...]],[]},
                                    {xmerl_scan,initial_state,2,[{...}|...]},
                                    {xmerl_scan,int_string,4,[...]},
                                    {xmerl_scan,string,2,...},
                                    {edoc_wiki,parse_xml_1,...},
                                    {edoc_wiki,...},
                                    {...}|...]}.
edoc: skipping source file '/home/pete/wefwefwef/docs/other/5488746489/hashdict-branch-master/hashdict/src/hashdict.erl': {'EXIT',
                                                                                                                     error}.
edoc: error in doclet 'edoc_doclet': {'EXIT',error}.
Error generating hashdict XMLs. Using fallback ...
Generating XML hashdict - hashdict "/home/pete/wefwefwef/docs/other/5488746489/hashdict-branch-master/hashdict/src/hashdict.erl" -> "/home/pete/wefwefwef/docs/other/5488746489/repo/master/.xml/hashdict/hashdict.xml"
/home/pete/wefwefwef/docs/other/5488746489/hashdict-branch-master/hashdict/src/hashdict.erl, function take/2: at line 117: error in XML parser: {system_limit,[{ets,new,[rules,[set|...]],[]},
                                    {xmerl_scan,initial_state,2,[{...}|...]},
                                    {xmerl_scan,int_string,4,[...]},
                                    {xmerl_scan,string,2,...},
                                    {edoc_wiki,parse_xml_1,...},
                                    {edoc_wiki,...},
                                    {...}|...]}.
Error generating XML ("/home/pete/wefwefwef/docs/other/5488746489/hashdict-branch-master/hashdict/src/hashdict.erl"): {'EXIT',
                                                                                                                       error}
No documentation was generated!
Woot, finished in 0 Minutes 0 Seconds
 :: Discovering other repos
$ 5000  `rm -r '/home/pete/wefwefwef/docs/other/5488746489/hashdict-branch-master'  2>&1`
 :: Finishing up
$ 5000  `rm -r '/home/pete/wefwefwef/docs/other/5488746489/hashdict'  2>&1`
$ 5000  `rm -r '/home/pete/wefwefwef/docs/other/5488746489/repo/master'  2>&1`
