 :: Extracting meta information
$ 5000  `git ls-remote --heads --tags 'https://github.com/fishcakez/hashdict'  2>&1`
>>> [repo] 1 branches, 0 tags
 :: Writing meta to "/home/pete/wefwefwef/docs/other/2030742461/meta.txt"
 :: Processing https://github.com/fishcakez/hashdict	{rev,branch,"master","4decf37082e98097776a387ec36f18632a17bddf"}
 :: Fetching repo code
$ cd "/home/pete/wefwefwef/docs/other/2030742461/hashdict-branch-master/hashdict"
$ infinity  `curl --fail --silent --show-error --location --output 'master.zip' 'https://github.com/fishcakez/hashdict/archive/master.zip'  2>&1`
$ cd "/home/pete/wefwefwef/docs/erldocs_other.git"
$ cd "/home/pete/wefwefwef/docs/other/2030742461/hashdict-branch-master/hashdict"
$ 5000  `find -P . -type l -delete  2>&1`
$ cd "/home/pete/wefwefwef/docs/erldocs_other.git"
$ cd "/home/pete/wefwefwef/docs/other/2030742461/hashdict-branch-master/hashdict"
$ 5000  `find 'hashdict-master' -mindepth 1 -maxdepth 1 -exec mv -t . -- {} +  2>&1`
$ cd "/home/pete/wefwefwef/docs/erldocs_other.git"
 :: Getting dependencies
$ cd "/home/pete/wefwefwef/docs/other/2030742461/hashdict-branch-master/hashdict"
$ 5000  `ls -1 deps/  2>&1`
$ cd "/home/pete/wefwefwef/docs/erldocs_other.git"
>>> [rebar] deps = []
 :: Generating erldocs into /home/pete/wefwefwef/docs/other/2030742461/repo/master
Building hashdict
Generating Type Specs - "/home/pete/wefwefwef/docs/other/2030742461/hashdict-branch-master/hashdict/src/hashdict.erl"
Generating XML for application hashdict "/home/pete/wefwefwef/docs/other/2030742461/hashdict-branch-master/hashdict" -> "/home/pete/wefwefwef/docs/other/2030742461/repo/master/.xml/hashdict"
Generated hashdict XMLs: ["/home/pete/wefwefwef/docs/other/2030742461/repo/master/.xml/hashdict/hashdict.xml"]
Generating HTML - hashdict "/home/pete/wefwefwef/docs/other/2030742461/repo/master/.xml/hashdict/hashdict.xml"
Reading XML for "/home/pete/wefwefwef/docs/other/2030742461/repo/master/.xml/hashdict/hashdict.xml"
Reading XML for "/home/pete/wefwefwef/docs/other/2030742461/repo/master/.xml/specs_hashdict.xml"
Creating index.html ...
Creating erldocs_index.js ...
Woot, finished in 0 Minutes 0 Seconds
 :: Discovering other repos
$ 5000  `rm -r '/home/pete/wefwefwef/docs/other/2030742461/hashdict-branch-master'  2>&1`
 :: Erldocs finishing up
$ 5000  `rm -r '/home/pete/wefwefwef/docs/other/2030742461/hashdict'  2>&1`
