 :: Extracting meta information
$ infinity  `git ls-remote --heads --tags 'https://github.com/ghaskins/procket'  2>&1`
>>> [repo] 7 branches, 0 tags
 :: Writing meta to "/home/pete/wefwefwef/docs/other/dc7791656d621d8a3a9c61e9e2e586f1/meta.txt"
 :: Processing https://github.com/ghaskins/procket	{rev,branch,"writev-patch/v2","eb432ee37492012c5e5940e2488f155bdb2a41a3",undefined,[],[]}
 :: Fetching repo code
$ cd '/home/pete/wefwefwef/docs/other/dc7791656d621d8a3a9c61e9e2e586f1/procket-branch-writev-patch_v2'
$ infinity  `curl --fail --silent --show-error --location --output repo.tar.gz 'https://codeload.github.com/ghaskins/procket/legacy.tar.gz/writev-patch/v2'  2>&1`
$ cd '/home/pete/wefwefwef/docs/erldocs_other.git'
$ cd '/home/pete/wefwefwef/docs/other/dc7791656d621d8a3a9c61e9e2e586f1/procket-branch-writev-patch_v2/ghaskins-procket-eb432ee'
$ 5000  `find -P . -type l -delete  2>&1`
$ cd '/home/pete/wefwefwef/docs/erldocs_other.git'
$ 5000  `mv '/home/pete/wefwefwef/docs/other/dc7791656d621d8a3a9c61e9e2e586f1/procket-branch-writev-patch_v2/ghaskins-procket-eb432ee' '/home/pete/wefwefwef/docs/other/dc7791656d621d8a3a9c61e9e2e586f1/procket-branch-writev-patch_v2/procket'  2>&1`
 :: Getting dependencies
$ cd '/home/pete/wefwefwef/docs/other/dc7791656d621d8a3a9c61e9e2e586f1/procket-branch-writev-patch_v2/procket'
$ 5000  `ls -1 deps/  2>&1`
$ cd '/home/pete/wefwefwef/docs/erldocs_other.git'
>>> [rebar] deps = []
 :: Generating erldocs into /home/pete/wefwefwef/docs/other/dc7791656d621d8a3a9c61e9e2e586f1/repo/writev-patch/v2
Building procket
Generating Type Specs - "/home/pete/wefwefwef/docs/other/dc7791656d621d8a3a9c61e9e2e586f1/procket-branch-writev-patch_v2/procket/src/bpf.erl"
Generating Type Specs - "/home/pete/wefwefwef/docs/other/dc7791656d621d8a3a9c61e9e2e586f1/procket-branch-writev-patch_v2/procket/src/packet.erl"
Generating Type Specs - "/home/pete/wefwefwef/docs/other/dc7791656d621d8a3a9c61e9e2e586f1/procket-branch-writev-patch_v2/procket/src/procket.erl"
Generating Type Specs - "/home/pete/wefwefwef/docs/other/dc7791656d621d8a3a9c61e9e2e586f1/procket-branch-writev-patch_v2/procket/src/procket_ioctl.erl"
Generating Type Specs - "/home/pete/wefwefwef/docs/other/dc7791656d621d8a3a9c61e9e2e586f1/procket-branch-writev-patch_v2/procket/src/procket_mktmp.erl"
Generating XML for application procket "/home/pete/wefwefwef/docs/other/dc7791656d621d8a3a9c61e9e2e586f1/procket-branch-writev-patch_v2/procket" -> "/home/pete/wefwefwef/docs/other/dc7791656d621d8a3a9c61e9e2e586f1/repo/writev-patch/v2/.xml/procket"
Generated procket XMLs: ["/home/pete/wefwefwef/docs/other/dc7791656d621d8a3a9c61e9e2e586f1/repo/writev-patch/v2/.xml/procket/bpf.xml",
                         "/home/pete/wefwefwef/docs/other/dc7791656d621d8a3a9c61e9e2e586f1/repo/writev-patch/v2/.xml/procket/packet.xml",
                         "/home/pete/wefwefwef/docs/other/dc7791656d621d8a3a9c61e9e2e586f1/repo/writev-patch/v2/.xml/procket/procket_mktmp.xml",
                         "/home/pete/wefwefwef/docs/other/dc7791656d621d8a3a9c61e9e2e586f1/repo/writev-patch/v2/.xml/procket/procket.xml",
                         "/home/pete/wefwefwef/docs/other/dc7791656d621d8a3a9c61e9e2e586f1/repo/writev-patch/v2/.xml/procket/procket_ioctl.xml"]
Generating HTML - bpf "/home/pete/wefwefwef/docs/other/dc7791656d621d8a3a9c61e9e2e586f1/repo/writev-patch/v2/.xml/procket/bpf.xml"
Generating HTML - packet "/home/pete/wefwefwef/docs/other/dc7791656d621d8a3a9c61e9e2e586f1/repo/writev-patch/v2/.xml/procket/packet.xml"
Generating HTML - procket_mktmp "/home/pete/wefwefwef/docs/other/dc7791656d621d8a3a9c61e9e2e586f1/repo/writev-patch/v2/.xml/procket/procket_mktmp.xml"
Generating HTML - procket_ioctl "/home/pete/wefwefwef/docs/other/dc7791656d621d8a3a9c61e9e2e586f1/repo/writev-patch/v2/.xml/procket/procket_ioctl.xml"
Reading XML for "/home/pete/wefwefwef/docs/other/dc7791656d621d8a3a9c61e9e2e586f1/repo/writev-patch/v2/.xml/procket/bpf.xml"
Reading XML for "/home/pete/wefwefwef/docs/other/dc7791656d621d8a3a9c61e9e2e586f1/repo/writev-patch/v2/.xml/procket/packet.xml"
Reading XML for "/home/pete/wefwefwef/docs/other/dc7791656d621d8a3a9c61e9e2e586f1/repo/writev-patch/v2/.xml/procket/procket_mktmp.xml"
Reading XML for "/home/pete/wefwefwef/docs/other/dc7791656d621d8a3a9c61e9e2e586f1/repo/writev-patch/v2/.xml/procket/procket_ioctl.xml"
Reading XML for "/home/pete/wefwefwef/docs/other/dc7791656d621d8a3a9c61e9e2e586f1/repo/writev-patch/v2/.xml/specs_packet.xml"
Reading XML for "/home/pete/wefwefwef/docs/other/dc7791656d621d8a3a9c61e9e2e586f1/repo/writev-patch/v2/.xml/specs_procket_mktmp.xml"
Reading XML for "/home/pete/wefwefwef/docs/other/dc7791656d621d8a3a9c61e9e2e586f1/repo/writev-patch/v2/.xml/specs_bpf.xml"
Reading XML for "/home/pete/wefwefwef/docs/other/dc7791656d621d8a3a9c61e9e2e586f1/repo/writev-patch/v2/.xml/specs_procket_ioctl.xml"
Generating HTML - procket "/home/pete/wefwefwef/docs/other/dc7791656d621d8a3a9c61e9e2e586f1/repo/writev-patch/v2/.xml/procket/procket.xml"
Reading XML for "/home/pete/wefwefwef/docs/other/dc7791656d621d8a3a9c61e9e2e586f1/repo/writev-patch/v2/.xml/procket/procket.xml"
Reading XML for "/home/pete/wefwefwef/docs/other/dc7791656d621d8a3a9c61e9e2e586f1/repo/writev-patch/v2/.xml/specs_procket.xml"
Creating index.html ...
Creating erldocs_index.js ...
Woot, finished in 0 Minutes 0 Seconds
 :: Discovering other repos
$ 5000  `rm -r '/home/pete/wefwefwef/docs/other/dc7791656d621d8a3a9c61e9e2e586f1/procket-branch-writev-patch_v2'  2>&1`
 :: Processing https://github.com/ghaskins/procket	{rev,branch,"writev-patch/v1","ba0dc10fc90bf1ffdb18354cc4ad77155ca10bce",undefined,[],[]}
 :: Fetching repo code
$ cd '/home/pete/wefwefwef/docs/other/dc7791656d621d8a3a9c61e9e2e586f1/procket-branch-writev-patch_v1'
$ infinity  `curl --fail --silent --show-error --location --output repo.tar.gz 'https://codeload.github.com/ghaskins/procket/legacy.tar.gz/writev-patch/v1'  2>&1`
$ cd '/home/pete/wefwefwef/docs/erldocs_other.git'
$ cd '/home/pete/wefwefwef/docs/other/dc7791656d621d8a3a9c61e9e2e586f1/procket-branch-writev-patch_v1/ghaskins-procket-ba0dc10'
$ 5000  `find -P . -type l -delete  2>&1`
$ cd '/home/pete/wefwefwef/docs/erldocs_other.git'
$ 5000  `mv '/home/pete/wefwefwef/docs/other/dc7791656d621d8a3a9c61e9e2e586f1/procket-branch-writev-patch_v1/ghaskins-procket-ba0dc10' '/home/pete/wefwefwef/docs/other/dc7791656d621d8a3a9c61e9e2e586f1/procket-branch-writev-patch_v1/procket'  2>&1`
 :: Getting dependencies
$ cd '/home/pete/wefwefwef/docs/other/dc7791656d621d8a3a9c61e9e2e586f1/procket-branch-writev-patch_v1/procket'
$ 5000  `ls -1 deps/  2>&1`
$ cd '/home/pete/wefwefwef/docs/erldocs_other.git'
>>> [rebar] deps = []
 :: Generating erldocs into /home/pete/wefwefwef/docs/other/dc7791656d621d8a3a9c61e9e2e586f1/repo/writev-patch/v1
Building procket
Generating Type Specs - "/home/pete/wefwefwef/docs/other/dc7791656d621d8a3a9c61e9e2e586f1/procket-branch-writev-patch_v1/procket/src/bpf.erl"
Generating Type Specs - "/home/pete/wefwefwef/docs/other/dc7791656d621d8a3a9c61e9e2e586f1/procket-branch-writev-patch_v1/procket/src/packet.erl"
Generating Type Specs - "/home/pete/wefwefwef/docs/other/dc7791656d621d8a3a9c61e9e2e586f1/procket-branch-writev-patch_v1/procket/src/procket.erl"
Generating Type Specs - "/home/pete/wefwefwef/docs/other/dc7791656d621d8a3a9c61e9e2e586f1/procket-branch-writev-patch_v1/procket/src/procket_ioctl.erl"
Generating Type Specs - "/home/pete/wefwefwef/docs/other/dc7791656d621d8a3a9c61e9e2e586f1/procket-branch-writev-patch_v1/procket/src/procket_mktmp.erl"
Generating XML for application procket "/home/pete/wefwefwef/docs/other/dc7791656d621d8a3a9c61e9e2e586f1/procket-branch-writev-patch_v1/procket" -> "/home/pete/wefwefwef/docs/other/dc7791656d621d8a3a9c61e9e2e586f1/repo/writev-patch/v1/.xml/procket"
Generated procket XMLs: ["/home/pete/wefwefwef/docs/other/dc7791656d621d8a3a9c61e9e2e586f1/repo/writev-patch/v1/.xml/procket/bpf.xml",
                         "/home/pete/wefwefwef/docs/other/dc7791656d621d8a3a9c61e9e2e586f1/repo/writev-patch/v1/.xml/procket/packet.xml",
                         "/home/pete/wefwefwef/docs/other/dc7791656d621d8a3a9c61e9e2e586f1/repo/writev-patch/v1/.xml/procket/procket_mktmp.xml",
                         "/home/pete/wefwefwef/docs/other/dc7791656d621d8a3a9c61e9e2e586f1/repo/writev-patch/v1/.xml/procket/procket.xml",
                         "/home/pete/wefwefwef/docs/other/dc7791656d621d8a3a9c61e9e2e586f1/repo/writev-patch/v1/.xml/procket/procket_ioctl.xml"]
Generating HTML - bpf "/home/pete/wefwefwef/docs/other/dc7791656d621d8a3a9c61e9e2e586f1/repo/writev-patch/v1/.xml/procket/bpf.xml"
Generating HTML - packet "/home/pete/wefwefwef/docs/other/dc7791656d621d8a3a9c61e9e2e586f1/repo/writev-patch/v1/.xml/procket/packet.xml"
Generating HTML - procket_mktmp "/home/pete/wefwefwef/docs/other/dc7791656d621d8a3a9c61e9e2e586f1/repo/writev-patch/v1/.xml/procket/procket_mktmp.xml"
Generating HTML - procket_ioctl "/home/pete/wefwefwef/docs/other/dc7791656d621d8a3a9c61e9e2e586f1/repo/writev-patch/v1/.xml/procket/procket_ioctl.xml"
Reading XML for "/home/pete/wefwefwef/docs/other/dc7791656d621d8a3a9c61e9e2e586f1/repo/writev-patch/v1/.xml/procket/bpf.xml"
Reading XML for "/home/pete/wefwefwef/docs/other/dc7791656d621d8a3a9c61e9e2e586f1/repo/writev-patch/v1/.xml/procket/packet.xml"
Reading XML for "/home/pete/wefwefwef/docs/other/dc7791656d621d8a3a9c61e9e2e586f1/repo/writev-patch/v1/.xml/procket/procket_mktmp.xml"
Reading XML for "/home/pete/wefwefwef/docs/other/dc7791656d621d8a3a9c61e9e2e586f1/repo/writev-patch/v1/.xml/procket/procket_ioctl.xml"
Reading XML for "/home/pete/wefwefwef/docs/other/dc7791656d621d8a3a9c61e9e2e586f1/repo/writev-patch/v1/.xml/specs_procket_mktmp.xml"
Reading XML for "/home/pete/wefwefwef/docs/other/dc7791656d621d8a3a9c61e9e2e586f1/repo/writev-patch/v1/.xml/specs_bpf.xml"
Reading XML for "/home/pete/wefwefwef/docs/other/dc7791656d621d8a3a9c61e9e2e586f1/repo/writev-patch/v1/.xml/specs_packet.xml"
Reading XML for "/home/pete/wefwefwef/docs/other/dc7791656d621d8a3a9c61e9e2e586f1/repo/writev-patch/v1/.xml/specs_procket_ioctl.xml"
Generating HTML - procket "/home/pete/wefwefwef/docs/other/dc7791656d621d8a3a9c61e9e2e586f1/repo/writev-patch/v1/.xml/procket/procket.xml"
Reading XML for "/home/pete/wefwefwef/docs/other/dc7791656d621d8a3a9c61e9e2e586f1/repo/writev-patch/v1/.xml/procket/procket.xml"
Reading XML for "/home/pete/wefwefwef/docs/other/dc7791656d621d8a3a9c61e9e2e586f1/repo/writev-patch/v1/.xml/specs_procket.xml"
Creating index.html ...
Creating erldocs_index.js ...
Woot, finished in 0 Minutes 0 Seconds
 :: Discovering other repos
$ 5000  `rm -r '/home/pete/wefwefwef/docs/other/dc7791656d621d8a3a9c61e9e2e586f1/procket-branch-writev-patch_v1'  2>&1`
 :: Processing https://github.com/ghaskins/procket	{rev,branch,"master","4f1ae12b62617e3e1c2fc132ed69751b22704d07",undefined,[],[]}
 :: Fetching repo code
$ cd '/home/pete/wefwefwef/docs/other/dc7791656d621d8a3a9c61e9e2e586f1/procket-branch-master'
$ infinity  `curl --fail --silent --show-error --location --output repo.tar.gz 'https://codeload.github.com/ghaskins/procket/legacy.tar.gz/master'  2>&1`
$ cd '/home/pete/wefwefwef/docs/erldocs_other.git'
$ cd '/home/pete/wefwefwef/docs/other/dc7791656d621d8a3a9c61e9e2e586f1/procket-branch-master/ghaskins-procket-4f1ae12'
$ 5000  `find -P . -type l -delete  2>&1`
$ cd '/home/pete/wefwefwef/docs/erldocs_other.git'
$ 5000  `mv '/home/pete/wefwefwef/docs/other/dc7791656d621d8a3a9c61e9e2e586f1/procket-branch-master/ghaskins-procket-4f1ae12' '/home/pete/wefwefwef/docs/other/dc7791656d621d8a3a9c61e9e2e586f1/procket-branch-master/procket'  2>&1`
 :: Getting dependencies
$ cd '/home/pete/wefwefwef/docs/other/dc7791656d621d8a3a9c61e9e2e586f1/procket-branch-master/procket'
$ 5000  `ls -1 deps/  2>&1`
$ cd '/home/pete/wefwefwef/docs/erldocs_other.git'
>>> [rebar] deps = []
 :: Generating erldocs into /home/pete/wefwefwef/docs/other/dc7791656d621d8a3a9c61e9e2e586f1/repo/master
Building procket
Generating Type Specs - "/home/pete/wefwefwef/docs/other/dc7791656d621d8a3a9c61e9e2e586f1/procket-branch-master/procket/src/bpf.erl"
Generating Type Specs - "/home/pete/wefwefwef/docs/other/dc7791656d621d8a3a9c61e9e2e586f1/procket-branch-master/procket/src/packet.erl"
Generating Type Specs - "/home/pete/wefwefwef/docs/other/dc7791656d621d8a3a9c61e9e2e586f1/procket-branch-master/procket/src/procket.erl"
Generating Type Specs - "/home/pete/wefwefwef/docs/other/dc7791656d621d8a3a9c61e9e2e586f1/procket-branch-master/procket/src/procket_ioctl.erl"
Generating Type Specs - "/home/pete/wefwefwef/docs/other/dc7791656d621d8a3a9c61e9e2e586f1/procket-branch-master/procket/src/procket_mktmp.erl"
Generating XML for application procket "/home/pete/wefwefwef/docs/other/dc7791656d621d8a3a9c61e9e2e586f1/procket-branch-master/procket" -> "/home/pete/wefwefwef/docs/other/dc7791656d621d8a3a9c61e9e2e586f1/repo/master/.xml/procket"
Generated procket XMLs: ["/home/pete/wefwefwef/docs/other/dc7791656d621d8a3a9c61e9e2e586f1/repo/master/.xml/procket/bpf.xml",
                         "/home/pete/wefwefwef/docs/other/dc7791656d621d8a3a9c61e9e2e586f1/repo/master/.xml/procket/packet.xml",
                         "/home/pete/wefwefwef/docs/other/dc7791656d621d8a3a9c61e9e2e586f1/repo/master/.xml/procket/procket_mktmp.xml",
                         "/home/pete/wefwefwef/docs/other/dc7791656d621d8a3a9c61e9e2e586f1/repo/master/.xml/procket/procket.xml",
                         "/home/pete/wefwefwef/docs/other/dc7791656d621d8a3a9c61e9e2e586f1/repo/master/.xml/procket/procket_ioctl.xml"]
Generating HTML - bpf "/home/pete/wefwefwef/docs/other/dc7791656d621d8a3a9c61e9e2e586f1/repo/master/.xml/procket/bpf.xml"
Generating HTML - packet "/home/pete/wefwefwef/docs/other/dc7791656d621d8a3a9c61e9e2e586f1/repo/master/.xml/procket/packet.xml"
Generating HTML - procket_mktmp "/home/pete/wefwefwef/docs/other/dc7791656d621d8a3a9c61e9e2e586f1/repo/master/.xml/procket/procket_mktmp.xml"
Generating HTML - procket_ioctl "/home/pete/wefwefwef/docs/other/dc7791656d621d8a3a9c61e9e2e586f1/repo/master/.xml/procket/procket_ioctl.xml"
Reading XML for "/home/pete/wefwefwef/docs/other/dc7791656d621d8a3a9c61e9e2e586f1/repo/master/.xml/procket/bpf.xml"
Reading XML for "/home/pete/wefwefwef/docs/other/dc7791656d621d8a3a9c61e9e2e586f1/repo/master/.xml/procket/packet.xml"
Reading XML for "/home/pete/wefwefwef/docs/other/dc7791656d621d8a3a9c61e9e2e586f1/repo/master/.xml/procket/procket_mktmp.xml"
Reading XML for "/home/pete/wefwefwef/docs/other/dc7791656d621d8a3a9c61e9e2e586f1/repo/master/.xml/procket/procket_ioctl.xml"
Reading XML for "/home/pete/wefwefwef/docs/other/dc7791656d621d8a3a9c61e9e2e586f1/repo/master/.xml/specs_packet.xml"
Reading XML for "/home/pete/wefwefwef/docs/other/dc7791656d621d8a3a9c61e9e2e586f1/repo/master/.xml/specs_bpf.xml"
Reading XML for "/home/pete/wefwefwef/docs/other/dc7791656d621d8a3a9c61e9e2e586f1/repo/master/.xml/specs_procket_mktmp.xml"
Reading XML for "/home/pete/wefwefwef/docs/other/dc7791656d621d8a3a9c61e9e2e586f1/repo/master/.xml/specs_procket_ioctl.xml"
Generating HTML - procket "/home/pete/wefwefwef/docs/other/dc7791656d621d8a3a9c61e9e2e586f1/repo/master/.xml/procket/procket.xml"
Reading XML for "/home/pete/wefwefwef/docs/other/dc7791656d621d8a3a9c61e9e2e586f1/repo/master/.xml/procket/procket.xml"
Reading XML for "/home/pete/wefwefwef/docs/other/dc7791656d621d8a3a9c61e9e2e586f1/repo/master/.xml/specs_procket.xml"
Creating index.html ...
Creating erldocs_index.js ...
Woot, finished in 0 Minutes 0 Seconds
 :: Discovering other repos
$ 5000  `rm -r '/home/pete/wefwefwef/docs/other/dc7791656d621d8a3a9c61e9e2e586f1/procket-branch-master'  2>&1`
 :: Processing https://github.com/ghaskins/procket	{rev,branch,"libev-patch/v2","ca35538d1bc7dcbde17deb72cd2b2b47364f4b9c",undefined,[],[]}
 :: Fetching repo code
$ cd '/home/pete/wefwefwef/docs/other/dc7791656d621d8a3a9c61e9e2e586f1/procket-branch-libev-patch_v2'
$ infinity  `curl --fail --silent --show-error --location --output repo.tar.gz 'https://codeload.github.com/ghaskins/procket/legacy.tar.gz/libev-patch/v2'  2>&1`
$ cd '/home/pete/wefwefwef/docs/erldocs_other.git'
$ cd '/home/pete/wefwefwef/docs/other/dc7791656d621d8a3a9c61e9e2e586f1/procket-branch-libev-patch_v2/ghaskins-procket-ca35538'
$ 5000  `find -P . -type l -delete  2>&1`
$ cd '/home/pete/wefwefwef/docs/erldocs_other.git'
$ 5000  `mv '/home/pete/wefwefwef/docs/other/dc7791656d621d8a3a9c61e9e2e586f1/procket-branch-libev-patch_v2/ghaskins-procket-ca35538' '/home/pete/wefwefwef/docs/other/dc7791656d621d8a3a9c61e9e2e586f1/procket-branch-libev-patch_v2/procket'  2>&1`
 :: Getting dependencies
$ cd '/home/pete/wefwefwef/docs/other/dc7791656d621d8a3a9c61e9e2e586f1/procket-branch-libev-patch_v2/procket'
$ 5000  `ls -1 deps/  2>&1`
$ cd '/home/pete/wefwefwef/docs/erldocs_other.git'
>>> [rebar] deps = []
 :: Generating erldocs into /home/pete/wefwefwef/docs/other/dc7791656d621d8a3a9c61e9e2e586f1/repo/libev-patch/v2
Building procket
Generating Type Specs - "/home/pete/wefwefwef/docs/other/dc7791656d621d8a3a9c61e9e2e586f1/procket-branch-libev-patch_v2/procket/src/bpf.erl"
Generating Type Specs - "/home/pete/wefwefwef/docs/other/dc7791656d621d8a3a9c61e9e2e586f1/procket-branch-libev-patch_v2/procket/src/packet.erl"
Generating Type Specs - "/home/pete/wefwefwef/docs/other/dc7791656d621d8a3a9c61e9e2e586f1/procket-branch-libev-patch_v2/procket/src/procket.erl"
Generating Type Specs - "/home/pete/wefwefwef/docs/other/dc7791656d621d8a3a9c61e9e2e586f1/procket-branch-libev-patch_v2/procket/src/procket_ioctl.erl"
Generating Type Specs - "/home/pete/wefwefwef/docs/other/dc7791656d621d8a3a9c61e9e2e586f1/procket-branch-libev-patch_v2/procket/src/procket_mktmp.erl"
Generating XML for application procket "/home/pete/wefwefwef/docs/other/dc7791656d621d8a3a9c61e9e2e586f1/procket-branch-libev-patch_v2/procket" -> "/home/pete/wefwefwef/docs/other/dc7791656d621d8a3a9c61e9e2e586f1/repo/libev-patch/v2/.xml/procket"
Generated procket XMLs: ["/home/pete/wefwefwef/docs/other/dc7791656d621d8a3a9c61e9e2e586f1/repo/libev-patch/v2/.xml/procket/bpf.xml",
                         "/home/pete/wefwefwef/docs/other/dc7791656d621d8a3a9c61e9e2e586f1/repo/libev-patch/v2/.xml/procket/packet.xml",
                         "/home/pete/wefwefwef/docs/other/dc7791656d621d8a3a9c61e9e2e586f1/repo/libev-patch/v2/.xml/procket/procket_mktmp.xml",
                         "/home/pete/wefwefwef/docs/other/dc7791656d621d8a3a9c61e9e2e586f1/repo/libev-patch/v2/.xml/procket/procket.xml",
                         "/home/pete/wefwefwef/docs/other/dc7791656d621d8a3a9c61e9e2e586f1/repo/libev-patch/v2/.xml/procket/procket_ioctl.xml"]
Generating HTML - bpf "/home/pete/wefwefwef/docs/other/dc7791656d621d8a3a9c61e9e2e586f1/repo/libev-patch/v2/.xml/procket/bpf.xml"
Generating HTML - packet "/home/pete/wefwefwef/docs/other/dc7791656d621d8a3a9c61e9e2e586f1/repo/libev-patch/v2/.xml/procket/packet.xml"
Generating HTML - procket_mktmp "/home/pete/wefwefwef/docs/other/dc7791656d621d8a3a9c61e9e2e586f1/repo/libev-patch/v2/.xml/procket/procket_mktmp.xml"
Generating HTML - procket_ioctl "/home/pete/wefwefwef/docs/other/dc7791656d621d8a3a9c61e9e2e586f1/repo/libev-patch/v2/.xml/procket/procket_ioctl.xml"
Reading XML for "/home/pete/wefwefwef/docs/other/dc7791656d621d8a3a9c61e9e2e586f1/repo/libev-patch/v2/.xml/procket/bpf.xml"
Reading XML for "/home/pete/wefwefwef/docs/other/dc7791656d621d8a3a9c61e9e2e586f1/repo/libev-patch/v2/.xml/procket/packet.xml"
Reading XML for "/home/pete/wefwefwef/docs/other/dc7791656d621d8a3a9c61e9e2e586f1/repo/libev-patch/v2/.xml/procket/procket_mktmp.xml"
Reading XML for "/home/pete/wefwefwef/docs/other/dc7791656d621d8a3a9c61e9e2e586f1/repo/libev-patch/v2/.xml/procket/procket_ioctl.xml"
Reading XML for "/home/pete/wefwefwef/docs/other/dc7791656d621d8a3a9c61e9e2e586f1/repo/libev-patch/v2/.xml/specs_bpf.xml"
Reading XML for "/home/pete/wefwefwef/docs/other/dc7791656d621d8a3a9c61e9e2e586f1/repo/libev-patch/v2/.xml/specs_procket_mktmp.xml"
Reading XML for "/home/pete/wefwefwef/docs/other/dc7791656d621d8a3a9c61e9e2e586f1/repo/libev-patch/v2/.xml/specs_procket_ioctl.xml"
Reading XML for "/home/pete/wefwefwef/docs/other/dc7791656d621d8a3a9c61e9e2e586f1/repo/libev-patch/v2/.xml/specs_packet.xml"
Generating HTML - procket "/home/pete/wefwefwef/docs/other/dc7791656d621d8a3a9c61e9e2e586f1/repo/libev-patch/v2/.xml/procket/procket.xml"
Reading XML for "/home/pete/wefwefwef/docs/other/dc7791656d621d8a3a9c61e9e2e586f1/repo/libev-patch/v2/.xml/procket/procket.xml"
Reading XML for "/home/pete/wefwefwef/docs/other/dc7791656d621d8a3a9c61e9e2e586f1/repo/libev-patch/v2/.xml/specs_procket.xml"
Creating index.html ...
Creating erldocs_index.js ...
Woot, finished in 0 Minutes 0 Seconds
 :: Discovering other repos
$ 5000  `rm -r '/home/pete/wefwefwef/docs/other/dc7791656d621d8a3a9c61e9e2e586f1/procket-branch-libev-patch_v2'  2>&1`
 :: Processing https://github.com/ghaskins/procket	{rev,branch,"dev","d3cfbe2e0aa04bea98a2d99f1d37cdc90438d9bf",undefined,[],[]}
 :: Fetching repo code
$ cd '/home/pete/wefwefwef/docs/other/dc7791656d621d8a3a9c61e9e2e586f1/procket-branch-dev'
$ infinity  `curl --fail --silent --show-error --location --output repo.tar.gz 'https://codeload.github.com/ghaskins/procket/legacy.tar.gz/dev'  2>&1`
$ cd '/home/pete/wefwefwef/docs/erldocs_other.git'
$ cd '/home/pete/wefwefwef/docs/other/dc7791656d621d8a3a9c61e9e2e586f1/procket-branch-dev/ghaskins-procket-d3cfbe2'
$ 5000  `find -P . -type l -delete  2>&1`
$ cd '/home/pete/wefwefwef/docs/erldocs_other.git'
$ 5000  `mv '/home/pete/wefwefwef/docs/other/dc7791656d621d8a3a9c61e9e2e586f1/procket-branch-dev/ghaskins-procket-d3cfbe2' '/home/pete/wefwefwef/docs/other/dc7791656d621d8a3a9c61e9e2e586f1/procket-branch-dev/procket'  2>&1`
 :: Getting dependencies
$ cd '/home/pete/wefwefwef/docs/other/dc7791656d621d8a3a9c61e9e2e586f1/procket-branch-dev/procket'
$ 5000  `ls -1 deps/  2>&1`
$ cd '/home/pete/wefwefwef/docs/erldocs_other.git'
>>> [rebar] deps = []
 :: Generating erldocs into /home/pete/wefwefwef/docs/other/dc7791656d621d8a3a9c61e9e2e586f1/repo/dev
Building procket
Generating Type Specs - "/home/pete/wefwefwef/docs/other/dc7791656d621d8a3a9c61e9e2e586f1/procket-branch-dev/procket/src/echo.erl"
Generating Type Specs - "/home/pete/wefwefwef/docs/other/dc7791656d621d8a3a9c61e9e2e586f1/procket-branch-dev/procket/src/icmp.erl"
Generating Type Specs - "/home/pete/wefwefwef/docs/other/dc7791656d621d8a3a9c61e9e2e586f1/procket-branch-dev/procket/src/mktmp.erl"
Generating Type Specs - "/home/pete/wefwefwef/docs/other/dc7791656d621d8a3a9c61e9e2e586f1/procket-branch-dev/procket/src/packet.erl"
Generating Type Specs - "/home/pete/wefwefwef/docs/other/dc7791656d621d8a3a9c61e9e2e586f1/procket-branch-dev/procket/src/procket.erl"
Generating XML for application procket "/home/pete/wefwefwef/docs/other/dc7791656d621d8a3a9c61e9e2e586f1/procket-branch-dev/procket" -> "/home/pete/wefwefwef/docs/other/dc7791656d621d8a3a9c61e9e2e586f1/repo/dev/.xml/procket"
Generated procket XMLs: ["/home/pete/wefwefwef/docs/other/dc7791656d621d8a3a9c61e9e2e586f1/repo/dev/.xml/procket/icmp.xml",
                         "/home/pete/wefwefwef/docs/other/dc7791656d621d8a3a9c61e9e2e586f1/repo/dev/.xml/procket/packet.xml",
                         "/home/pete/wefwefwef/docs/other/dc7791656d621d8a3a9c61e9e2e586f1/repo/dev/.xml/procket/echo.xml",
                         "/home/pete/wefwefwef/docs/other/dc7791656d621d8a3a9c61e9e2e586f1/repo/dev/.xml/procket/mktmp.xml",
                         "/home/pete/wefwefwef/docs/other/dc7791656d621d8a3a9c61e9e2e586f1/repo/dev/.xml/procket/procket.xml"]
Generating HTML - icmp "/home/pete/wefwefwef/docs/other/dc7791656d621d8a3a9c61e9e2e586f1/repo/dev/.xml/procket/icmp.xml"
Generating HTML - packet "/home/pete/wefwefwef/docs/other/dc7791656d621d8a3a9c61e9e2e586f1/repo/dev/.xml/procket/packet.xml"
Generating HTML - echo "/home/pete/wefwefwef/docs/other/dc7791656d621d8a3a9c61e9e2e586f1/repo/dev/.xml/procket/echo.xml"
Generating HTML - procket "/home/pete/wefwefwef/docs/other/dc7791656d621d8a3a9c61e9e2e586f1/repo/dev/.xml/procket/procket.xml"
Reading XML for "/home/pete/wefwefwef/docs/other/dc7791656d621d8a3a9c61e9e2e586f1/repo/dev/.xml/procket/icmp.xml"
Reading XML for "/home/pete/wefwefwef/docs/other/dc7791656d621d8a3a9c61e9e2e586f1/repo/dev/.xml/procket/packet.xml"
Reading XML for "/home/pete/wefwefwef/docs/other/dc7791656d621d8a3a9c61e9e2e586f1/repo/dev/.xml/procket/echo.xml"
Reading XML for "/home/pete/wefwefwef/docs/other/dc7791656d621d8a3a9c61e9e2e586f1/repo/dev/.xml/procket/procket.xml"
Reading XML for "/home/pete/wefwefwef/docs/other/dc7791656d621d8a3a9c61e9e2e586f1/repo/dev/.xml/specs_icmp.xml"
Reading XML for "/home/pete/wefwefwef/docs/other/dc7791656d621d8a3a9c61e9e2e586f1/repo/dev/.xml/specs_echo.xml"
Reading XML for "/home/pete/wefwefwef/docs/other/dc7791656d621d8a3a9c61e9e2e586f1/repo/dev/.xml/specs_packet.xml"
Reading XML for "/home/pete/wefwefwef/docs/other/dc7791656d621d8a3a9c61e9e2e586f1/repo/dev/.xml/specs_procket.xml"
Generating HTML - mktmp "/home/pete/wefwefwef/docs/other/dc7791656d621d8a3a9c61e9e2e586f1/repo/dev/.xml/procket/mktmp.xml"
Reading XML for "/home/pete/wefwefwef/docs/other/dc7791656d621d8a3a9c61e9e2e586f1/repo/dev/.xml/procket/mktmp.xml"
Reading XML for "/home/pete/wefwefwef/docs/other/dc7791656d621d8a3a9c61e9e2e586f1/repo/dev/.xml/specs_mktmp.xml"
Creating index.html ...
Creating erldocs_index.js ...
Woot, finished in 0 Minutes 0 Seconds
 :: Discovering other repos
$ 5000  `rm -r '/home/pete/wefwefwef/docs/other/dc7791656d621d8a3a9c61e9e2e586f1/procket-branch-dev'  2>&1`
 :: Processing https://github.com/ghaskins/procket	{rev,branch,"R13B04","e7375d3b21735f0b861e25e499e6a32da576d5c4",undefined,[],[]}
 :: Fetching repo code
$ cd '/home/pete/wefwefwef/docs/other/dc7791656d621d8a3a9c61e9e2e586f1/procket-branch-R13B04'
$ infinity  `curl --fail --silent --show-error --location --output repo.tar.gz 'https://codeload.github.com/ghaskins/procket/legacy.tar.gz/R13B04'  2>&1`
$ cd '/home/pete/wefwefwef/docs/erldocs_other.git'
$ cd '/home/pete/wefwefwef/docs/other/dc7791656d621d8a3a9c61e9e2e586f1/procket-branch-R13B04/ghaskins-procket-e7375d3'
$ 5000  `find -P . -type l -delete  2>&1`
$ cd '/home/pete/wefwefwef/docs/erldocs_other.git'
$ 5000  `mv '/home/pete/wefwefwef/docs/other/dc7791656d621d8a3a9c61e9e2e586f1/procket-branch-R13B04/ghaskins-procket-e7375d3' '/home/pete/wefwefwef/docs/other/dc7791656d621d8a3a9c61e9e2e586f1/procket-branch-R13B04/procket'  2>&1`
 :: Getting dependencies
 :: Generating erldocs into /home/pete/wefwefwef/docs/other/dc7791656d621d8a3a9c61e9e2e586f1/repo/R13B04
Building procket
Generating Type Specs - "/home/pete/wefwefwef/docs/other/dc7791656d621d8a3a9c61e9e2e586f1/procket-branch-R13B04/procket/src/echo.erl"
Generating Type Specs - "/home/pete/wefwefwef/docs/other/dc7791656d621d8a3a9c61e9e2e586f1/procket-branch-R13B04/procket/src/icmp.erl"
Generating Type Specs - "/home/pete/wefwefwef/docs/other/dc7791656d621d8a3a9c61e9e2e586f1/procket-branch-R13B04/procket/src/mktmp.erl"
Generating Type Specs - "/home/pete/wefwefwef/docs/other/dc7791656d621d8a3a9c61e9e2e586f1/procket-branch-R13B04/procket/src/procket.erl"
Generating XML for application procket "/home/pete/wefwefwef/docs/other/dc7791656d621d8a3a9c61e9e2e586f1/procket-branch-R13B04/procket" -> "/home/pete/wefwefwef/docs/other/dc7791656d621d8a3a9c61e9e2e586f1/repo/R13B04/.xml/procket"
Generated procket XMLs: ["/home/pete/wefwefwef/docs/other/dc7791656d621d8a3a9c61e9e2e586f1/repo/R13B04/.xml/procket/icmp.xml",
                         "/home/pete/wefwefwef/docs/other/dc7791656d621d8a3a9c61e9e2e586f1/repo/R13B04/.xml/procket/echo.xml",
                         "/home/pete/wefwefwef/docs/other/dc7791656d621d8a3a9c61e9e2e586f1/repo/R13B04/.xml/procket/mktmp.xml",
                         "/home/pete/wefwefwef/docs/other/dc7791656d621d8a3a9c61e9e2e586f1/repo/R13B04/.xml/procket/procket.xml"]
Generating HTML - icmp "/home/pete/wefwefwef/docs/other/dc7791656d621d8a3a9c61e9e2e586f1/repo/R13B04/.xml/procket/icmp.xml"
Generating HTML - echo "/home/pete/wefwefwef/docs/other/dc7791656d621d8a3a9c61e9e2e586f1/repo/R13B04/.xml/procket/echo.xml"
Generating HTML - mktmp "/home/pete/wefwefwef/docs/other/dc7791656d621d8a3a9c61e9e2e586f1/repo/R13B04/.xml/procket/mktmp.xml"
Generating HTML - procket "/home/pete/wefwefwef/docs/other/dc7791656d621d8a3a9c61e9e2e586f1/repo/R13B04/.xml/procket/procket.xml"
Reading XML for "/home/pete/wefwefwef/docs/other/dc7791656d621d8a3a9c61e9e2e586f1/repo/R13B04/.xml/procket/icmp.xml"
Reading XML for "/home/pete/wefwefwef/docs/other/dc7791656d621d8a3a9c61e9e2e586f1/repo/R13B04/.xml/procket/echo.xml"
Reading XML for "/home/pete/wefwefwef/docs/other/dc7791656d621d8a3a9c61e9e2e586f1/repo/R13B04/.xml/procket/mktmp.xml"
Reading XML for "/home/pete/wefwefwef/docs/other/dc7791656d621d8a3a9c61e9e2e586f1/repo/R13B04/.xml/procket/procket.xml"
Reading XML for "/home/pete/wefwefwef/docs/other/dc7791656d621d8a3a9c61e9e2e586f1/repo/R13B04/.xml/specs_icmp.xml"
Reading XML for "/home/pete/wefwefwef/docs/other/dc7791656d621d8a3a9c61e9e2e586f1/repo/R13B04/.xml/specs_mktmp.xml"
Reading XML for "/home/pete/wefwefwef/docs/other/dc7791656d621d8a3a9c61e9e2e586f1/repo/R13B04/.xml/specs_procket.xml"
Reading XML for "/home/pete/wefwefwef/docs/other/dc7791656d621d8a3a9c61e9e2e586f1/repo/R13B04/.xml/specs_echo.xml"
Creating index.html ...
Creating erldocs_index.js ...
Woot, finished in 0 Minutes 0 Seconds
 :: Discovering other repos
$ 5000  `rm -r '/home/pete/wefwefwef/docs/other/dc7791656d621d8a3a9c61e9e2e586f1/procket-branch-R13B04'  2>&1`
 :: Processing https://github.com/ghaskins/procket	{rev,branch,"R13B03","795e6c7f6ce8f9f8affb5c462807b8c5d81a1e74",undefined,[],[]}
 :: Fetching repo code
$ cd '/home/pete/wefwefwef/docs/other/dc7791656d621d8a3a9c61e9e2e586f1/procket-branch-R13B03'
$ infinity  `curl --fail --silent --show-error --location --output repo.tar.gz 'https://codeload.github.com/ghaskins/procket/legacy.tar.gz/R13B03'  2>&1`
$ cd '/home/pete/wefwefwef/docs/erldocs_other.git'
$ cd '/home/pete/wefwefwef/docs/other/dc7791656d621d8a3a9c61e9e2e586f1/procket-branch-R13B03/ghaskins-procket-795e6c7'
$ 5000  `find -P . -type l -delete  2>&1`
$ cd '/home/pete/wefwefwef/docs/erldocs_other.git'
$ 5000  `mv '/home/pete/wefwefwef/docs/other/dc7791656d621d8a3a9c61e9e2e586f1/procket-branch-R13B03/ghaskins-procket-795e6c7' '/home/pete/wefwefwef/docs/other/dc7791656d621d8a3a9c61e9e2e586f1/procket-branch-R13B03/procket'  2>&1`
 :: Getting dependencies
 :: Generating erldocs into /home/pete/wefwefwef/docs/other/dc7791656d621d8a3a9c61e9e2e586f1/repo/R13B03
Building procket
Generating Type Specs - "/home/pete/wefwefwef/docs/other/dc7791656d621d8a3a9c61e9e2e586f1/procket-branch-R13B03/procket/src/echo.erl"
Generating Type Specs - "/home/pete/wefwefwef/docs/other/dc7791656d621d8a3a9c61e9e2e586f1/procket-branch-R13B03/procket/src/mktmp.erl"
Generating Type Specs - "/home/pete/wefwefwef/docs/other/dc7791656d621d8a3a9c61e9e2e586f1/procket-branch-R13B03/procket/src/procket.erl"
Generating XML for application procket "/home/pete/wefwefwef/docs/other/dc7791656d621d8a3a9c61e9e2e586f1/procket-branch-R13B03/procket" -> "/home/pete/wefwefwef/docs/other/dc7791656d621d8a3a9c61e9e2e586f1/repo/R13B03/.xml/procket"
Generated procket XMLs: ["/home/pete/wefwefwef/docs/other/dc7791656d621d8a3a9c61e9e2e586f1/repo/R13B03/.xml/procket/echo.xml",
                         "/home/pete/wefwefwef/docs/other/dc7791656d621d8a3a9c61e9e2e586f1/repo/R13B03/.xml/procket/mktmp.xml",
                         "/home/pete/wefwefwef/docs/other/dc7791656d621d8a3a9c61e9e2e586f1/repo/R13B03/.xml/procket/procket.xml"]
Generating HTML - procket "/home/pete/wefwefwef/docs/other/dc7791656d621d8a3a9c61e9e2e586f1/repo/R13B03/.xml/procket/procket.xml"
Reading XML for "/home/pete/wefwefwef/docs/other/dc7791656d621d8a3a9c61e9e2e586f1/repo/R13B03/.xml/procket/procket.xml"
Reading XML for "/home/pete/wefwefwef/docs/other/dc7791656d621d8a3a9c61e9e2e586f1/repo/R13B03/.xml/specs_procket.xml"
Generating HTML - mktmp "/home/pete/wefwefwef/docs/other/dc7791656d621d8a3a9c61e9e2e586f1/repo/R13B03/.xml/procket/mktmp.xml"
Reading XML for "/home/pete/wefwefwef/docs/other/dc7791656d621d8a3a9c61e9e2e586f1/repo/R13B03/.xml/procket/mktmp.xml"
Reading XML for "/home/pete/wefwefwef/docs/other/dc7791656d621d8a3a9c61e9e2e586f1/repo/R13B03/.xml/specs_mktmp.xml"
Generating HTML - echo "/home/pete/wefwefwef/docs/other/dc7791656d621d8a3a9c61e9e2e586f1/repo/R13B03/.xml/procket/echo.xml"
Reading XML for "/home/pete/wefwefwef/docs/other/dc7791656d621d8a3a9c61e9e2e586f1/repo/R13B03/.xml/procket/echo.xml"
Reading XML for "/home/pete/wefwefwef/docs/other/dc7791656d621d8a3a9c61e9e2e586f1/repo/R13B03/.xml/specs_echo.xml"
Creating index.html ...
Creating erldocs_index.js ...
Woot, finished in 0 Minutes 0 Seconds
 :: Discovering other repos
$ 5000  `rm -r '/home/pete/wefwefwef/docs/other/dc7791656d621d8a3a9c61e9e2e586f1/procket-branch-R13B03'  2>&1`
 :: Finishing up
$ 5000  `rm -r '/home/pete/wefwefwef/docs/other/dc7791656d621d8a3a9c61e9e2e586f1/procket'  2>&1`
