 :: Extracting meta information
$ infinity  `git ls-remote --heads --tags 'https://github.com/corbaguy/erl_sec'  2>&1`
>>> [repo] 1 branches, 0 tags
 :: Writing meta to "/home/pete/wefwefwef/docs/other/df29d1cc10baeb1fa036e5b7f9a7d60e/meta.txt"
 :: Processing https://github.com/corbaguy/erl_sec	{rev,branch,"master","6ff95cf1212c97472d7a75d83d283941241de6c5",undefined,[],[]}
 :: Fetching repo code
$ cd '/home/pete/wefwefwef/docs/other/df29d1cc10baeb1fa036e5b7f9a7d60e/erl_sec-branch-master'
$ infinity  `curl --fail --silent --show-error --location --output repo.zip 'https://github.com/corbaguy/erl_sec/archive/master.zip'  2>&1`
$ cd '/home/pete/wefwefwef/docs/erldocs_other.git'
$ cd '/home/pete/wefwefwef/docs/other/df29d1cc10baeb1fa036e5b7f9a7d60e/erl_sec-branch-master/erl_sec-master'
$ 5000  `find -P . -type l -delete  2>&1`
$ cd '/home/pete/wefwefwef/docs/erldocs_other.git'
$ 5000  `mv '/home/pete/wefwefwef/docs/other/df29d1cc10baeb1fa036e5b7f9a7d60e/erl_sec-branch-master/erl_sec-master' '/home/pete/wefwefwef/docs/other/df29d1cc10baeb1fa036e5b7f9a7d60e/erl_sec-branch-master/erl_sec'  2>&1`
 :: Getting dependencies
$ cd '/home/pete/wefwefwef/docs/other/df29d1cc10baeb1fa036e5b7f9a7d60e/erl_sec-branch-master/erl_sec'
$ 5000  `ls -1 deps/  2>&1`
$ cd '/home/pete/wefwefwef/docs/erldocs_other.git'
>>> [rebar] deps = []
 :: Generating erldocs into /home/pete/wefwefwef/docs/other/df29d1cc10baeb1fa036e5b7f9a7d60e/repo/master
Building erl_sec
Generating Type Specs - "/home/pete/wefwefwef/docs/other/df29d1cc10baeb1fa036e5b7f9a7d60e/erl_sec-branch-master/erl_sec/src/passwd.erl"
Generating Type Specs - "/home/pete/wefwefwef/docs/other/df29d1cc10baeb1fa036e5b7f9a7d60e/erl_sec-branch-master/erl_sec/src/x509.erl"
Generating Type Specs - "/home/pete/wefwefwef/docs/other/df29d1cc10baeb1fa036e5b7f9a7d60e/erl_sec-branch-master/erl_sec/src/x509_io.erl"
Generating Type Specs - "/home/pete/wefwefwef/docs/other/df29d1cc10baeb1fa036e5b7f9a7d60e/erl_sec-branch-master/erl_sec/src/x509_ts.erl"
Generating XML for application erl_sec "/home/pete/wefwefwef/docs/other/df29d1cc10baeb1fa036e5b7f9a7d60e/erl_sec-branch-master/erl_sec" -> "/home/pete/wefwefwef/docs/other/df29d1cc10baeb1fa036e5b7f9a7d60e/repo/master/.xml/erl_sec"
Generated erl_sec XMLs: ["/home/pete/wefwefwef/docs/other/df29d1cc10baeb1fa036e5b7f9a7d60e/repo/master/.xml/erl_sec/x509.xml",
                         "/home/pete/wefwefwef/docs/other/df29d1cc10baeb1fa036e5b7f9a7d60e/repo/master/.xml/erl_sec/x509_io.xml",
                         "/home/pete/wefwefwef/docs/other/df29d1cc10baeb1fa036e5b7f9a7d60e/repo/master/.xml/erl_sec/x509_ts.xml",
                         "/home/pete/wefwefwef/docs/other/df29d1cc10baeb1fa036e5b7f9a7d60e/repo/master/.xml/erl_sec/passwd.xml"]
Generating HTML - x509 "/home/pete/wefwefwef/docs/other/df29d1cc10baeb1fa036e5b7f9a7d60e/repo/master/.xml/erl_sec/x509.xml"
Generating HTML - x509_io "/home/pete/wefwefwef/docs/other/df29d1cc10baeb1fa036e5b7f9a7d60e/repo/master/.xml/erl_sec/x509_io.xml"
Generating HTML - x509_ts "/home/pete/wefwefwef/docs/other/df29d1cc10baeb1fa036e5b7f9a7d60e/repo/master/.xml/erl_sec/x509_ts.xml"
Generating HTML - passwd "/home/pete/wefwefwef/docs/other/df29d1cc10baeb1fa036e5b7f9a7d60e/repo/master/.xml/erl_sec/passwd.xml"
Reading XML for "/home/pete/wefwefwef/docs/other/df29d1cc10baeb1fa036e5b7f9a7d60e/repo/master/.xml/erl_sec/x509.xml"
Reading XML for "/home/pete/wefwefwef/docs/other/df29d1cc10baeb1fa036e5b7f9a7d60e/repo/master/.xml/erl_sec/x509_io.xml"
Reading XML for "/home/pete/wefwefwef/docs/other/df29d1cc10baeb1fa036e5b7f9a7d60e/repo/master/.xml/erl_sec/x509_ts.xml"
Reading XML for "/home/pete/wefwefwef/docs/other/df29d1cc10baeb1fa036e5b7f9a7d60e/repo/master/.xml/erl_sec/passwd.xml"
Reading XML for "/home/pete/wefwefwef/docs/other/df29d1cc10baeb1fa036e5b7f9a7d60e/repo/master/.xml/specs_passwd.xml"
Reading XML for "/home/pete/wefwefwef/docs/other/df29d1cc10baeb1fa036e5b7f9a7d60e/repo/master/.xml/specs_x509.xml"
Reading XML for "/home/pete/wefwefwef/docs/other/df29d1cc10baeb1fa036e5b7f9a7d60e/repo/master/.xml/specs_x509_io.xml"
Reading XML for "/home/pete/wefwefwef/docs/other/df29d1cc10baeb1fa036e5b7f9a7d60e/repo/master/.xml/specs_x509_ts.xml"
Creating index.html ...
Creating erldocs_index.js ...
Woot, finished in 0 Minutes 1 Seconds
 :: Discovering other repos
$ 5000  `rm -r '/home/pete/wefwefwef/docs/other/df29d1cc10baeb1fa036e5b7f9a7d60e/erl_sec-branch-master'  2>&1`
 :: Finishing up
$ 5000  `rm -r '/home/pete/wefwefwef/docs/other/df29d1cc10baeb1fa036e5b7f9a7d60e/erl_sec'  2>&1`
