 :: Extracting meta information
$ 5000  `git ls-remote --heads --tags 'https://github.com/aerosol/confetti'  2>&1`
>>> [repo] 1 branches, 0 tags
 :: Writing meta to "/home/pete/wefwefwef/docs/other/8942947894/meta.txt"
 :: Processing https://github.com/aerosol/confetti	{rev,branch,"master","8e2845921c6606ad5a85899b25eae3eac1448240",undefined,[],[]}
 :: Fetching repo code
$ cd "/home/pete/wefwefwef/docs/other/8942947894/confetti-branch-master/confetti"
$ infinity  `curl --fail --silent --show-error --location --output 'master.zip' 'https://github.com/aerosol/confetti/archive/master.zip'  2>&1`
$ cd "/home/pete/wefwefwef/docs/erldocs_other.git"
$ cd "/home/pete/wefwefwef/docs/other/8942947894/confetti-branch-master/confetti"
$ 5000  `find -P . -type l -delete  2>&1`
$ cd "/home/pete/wefwefwef/docs/erldocs_other.git"
$ cd "/home/pete/wefwefwef/docs/other/8942947894/confetti-branch-master/confetti"
$ 5000  `find 'confetti-master' -mindepth 1 -maxdepth 1 -exec mv -t . -- {} +  2>&1`
$ cd "/home/pete/wefwefwef/docs/erldocs_other.git"
 :: Getting dependencies
$ cd "/home/pete/wefwefwef/docs/other/8942947894/confetti-branch-master/confetti"
$ 5000  `ls -1 deps/  2>&1`
$ cd "/home/pete/wefwefwef/docs/erldocs_other.git"
>>> [rebar] deps = []
 :: Generating erldocs into /home/pete/wefwefwef/docs/other/8942947894/repo/master
Building confetti
Generating Type Specs - "/home/pete/wefwefwef/docs/other/8942947894/confetti-branch-master/confetti/src/confetti.erl"
Generating Type Specs - "/home/pete/wefwefwef/docs/other/8942947894/confetti-branch-master/confetti/src/confetti_app.erl"
Generating Type Specs - "/home/pete/wefwefwef/docs/other/8942947894/confetti-branch-master/confetti/src/confetti_mgmt.erl"
Generating Type Specs - "/home/pete/wefwefwef/docs/other/8942947894/confetti-branch-master/confetti/src/confetti_mgmt_cmnds.erl"
Generating Type Specs - "/home/pete/wefwefwef/docs/other/8942947894/confetti-branch-master/confetti/src/confetti_mgmt_sup.erl"
Generating Type Specs - "/home/pete/wefwefwef/docs/other/8942947894/confetti-branch-master/confetti/src/confetti_reader.erl"
Generating Type Specs - "/home/pete/wefwefwef/docs/other/8942947894/confetti-branch-master/confetti/src/confetti_sup.erl"
Generating Type Specs - "/home/pete/wefwefwef/docs/other/8942947894/confetti-branch-master/confetti/src/confetti_sup_sup.erl"
Generating Type Specs - "/home/pete/wefwefwef/docs/other/8942947894/confetti-branch-master/confetti/src/confetti_table_man.erl"
Generating Type Specs - "/home/pete/wefwefwef/docs/other/8942947894/confetti-branch-master/confetti/src/confetti_table_man_sup.erl"
Generating Type Specs - "/home/pete/wefwefwef/docs/other/8942947894/confetti-branch-master/confetti/src/confetti_utils.erl"
Generating Type Specs - "/home/pete/wefwefwef/docs/other/8942947894/confetti-branch-master/confetti/src/confetti_writer.erl"
Generating Type Specs - "/home/pete/wefwefwef/docs/other/8942947894/confetti-branch-master/confetti/src/example_srv.erl"
Generating Type Specs - "/home/pete/wefwefwef/docs/other/8942947894/confetti-branch-master/confetti/src/example_user_commands.erl"
Generating XML for application confetti "/home/pete/wefwefwef/docs/other/8942947894/confetti-branch-master/confetti" -> "/home/pete/wefwefwef/docs/other/8942947894/repo/master/.xml/confetti"
Generated confetti XMLs: ["/home/pete/wefwefwef/docs/other/8942947894/repo/master/.xml/confetti/confetti_reader.xml",
                          "/home/pete/wefwefwef/docs/other/8942947894/repo/master/.xml/confetti/confetti_sup_sup.xml",
                          "/home/pete/wefwefwef/docs/other/8942947894/repo/master/.xml/confetti/confetti_mgmt_sup.xml",
                          "/home/pete/wefwefwef/docs/other/8942947894/repo/master/.xml/confetti/confetti.xml",
                          "/home/pete/wefwefwef/docs/other/8942947894/repo/master/.xml/confetti/confetti_sup.xml",
                          "/home/pete/wefwefwef/docs/other/8942947894/repo/master/.xml/confetti/confetti_mgmt_cmnds.xml",
                          "/home/pete/wefwefwef/docs/other/8942947894/repo/master/.xml/confetti/confetti_app.xml",
                          "/home/pete/wefwefwef/docs/other/8942947894/repo/master/.xml/confetti/confetti_mgmt.xml",
                          "/home/pete/wefwefwef/docs/other/8942947894/repo/master/.xml/confetti/confetti_writer.xml",
                          "/home/pete/wefwefwef/docs/other/8942947894/repo/master/.xml/confetti/confetti_utils.xml",
                          "/home/pete/wefwefwef/docs/other/8942947894/repo/master/.xml/confetti/confetti_table_man.xml",
                          "/home/pete/wefwefwef/docs/other/8942947894/repo/master/.xml/confetti/example_user_commands.xml",
                          "/home/pete/wefwefwef/docs/other/8942947894/repo/master/.xml/confetti/example_srv.xml",
                          "/home/pete/wefwefwef/docs/other/8942947894/repo/master/.xml/confetti/confetti_table_man_sup.xml"]
Generating HTML - confetti_mgmt_sup "/home/pete/wefwefwef/docs/other/8942947894/repo/master/.xml/confetti/confetti_mgmt_sup.xml"
Generating HTML - confetti_mgmt_cmnds "/home/pete/wefwefwef/docs/other/8942947894/repo/master/.xml/confetti/confetti_mgmt_cmnds.xml"
Generating HTML - confetti_writer "/home/pete/wefwefwef/docs/other/8942947894/repo/master/.xml/confetti/confetti_writer.xml"
Generating HTML - confetti_table_man_sup "/home/pete/wefwefwef/docs/other/8942947894/repo/master/.xml/confetti/confetti_table_man_sup.xml"
Reading XML for "/home/pete/wefwefwef/docs/other/8942947894/repo/master/.xml/confetti/confetti_mgmt_sup.xml"
Reading XML for "/home/pete/wefwefwef/docs/other/8942947894/repo/master/.xml/confetti/confetti_mgmt_cmnds.xml"
Reading XML for "/home/pete/wefwefwef/docs/other/8942947894/repo/master/.xml/confetti/confetti_writer.xml"
Reading XML for "/home/pete/wefwefwef/docs/other/8942947894/repo/master/.xml/confetti/confetti_table_man_sup.xml"
Reading XML for "/home/pete/wefwefwef/docs/other/8942947894/repo/master/.xml/specs_confetti_writer.xml"
Reading XML for "/home/pete/wefwefwef/docs/other/8942947894/repo/master/.xml/specs_confetti_mgmt_cmnds.xml"
Reading XML for "/home/pete/wefwefwef/docs/other/8942947894/repo/master/.xml/specs_confetti_mgmt_sup.xml"
Generating HTML - confetti_mgmt "/home/pete/wefwefwef/docs/other/8942947894/repo/master/.xml/confetti/confetti_mgmt.xml"
Reading XML for "/home/pete/wefwefwef/docs/other/8942947894/repo/master/.xml/confetti/confetti_mgmt.xml"
Reading XML for "/home/pete/wefwefwef/docs/other/8942947894/repo/master/.xml/specs_confetti_table_man_sup.xml"
Generating HTML - confetti_sup_sup "/home/pete/wefwefwef/docs/other/8942947894/repo/master/.xml/confetti/confetti_sup_sup.xml"
Reading XML for "/home/pete/wefwefwef/docs/other/8942947894/repo/master/.xml/confetti/confetti_sup_sup.xml"
Generating HTML - example_srv "/home/pete/wefwefwef/docs/other/8942947894/repo/master/.xml/confetti/example_srv.xml"
Generating HTML - confetti_sup "/home/pete/wefwefwef/docs/other/8942947894/repo/master/.xml/confetti/confetti_sup.xml"
Reading XML for "/home/pete/wefwefwef/docs/other/8942947894/repo/master/.xml/confetti/example_srv.xml"
Reading XML for "/home/pete/wefwefwef/docs/other/8942947894/repo/master/.xml/confetti/confetti_sup.xml"
Reading XML for "/home/pete/wefwefwef/docs/other/8942947894/repo/master/.xml/specs_confetti_sup_sup.xml"
Reading XML for "/home/pete/wefwefwef/docs/other/8942947894/repo/master/.xml/specs_confetti_mgmt.xml"
Reading XML for "/home/pete/wefwefwef/docs/other/8942947894/repo/master/.xml/specs_example_srv.xml"
Generating HTML - confetti_reader "/home/pete/wefwefwef/docs/other/8942947894/repo/master/.xml/confetti/confetti_reader.xml"
Reading XML for "/home/pete/wefwefwef/docs/other/8942947894/repo/master/.xml/confetti/confetti_reader.xml"
Generating HTML - confetti_app "/home/pete/wefwefwef/docs/other/8942947894/repo/master/.xml/confetti/confetti_app.xml"
Reading XML for "/home/pete/wefwefwef/docs/other/8942947894/repo/master/.xml/confetti/confetti_app.xml"
Generating HTML - example_user_commands "/home/pete/wefwefwef/docs/other/8942947894/repo/master/.xml/confetti/example_user_commands.xml"
Reading XML for "/home/pete/wefwefwef/docs/other/8942947894/repo/master/.xml/confetti/example_user_commands.xml"
Reading XML for "/home/pete/wefwefwef/docs/other/8942947894/repo/master/.xml/specs_confetti_sup.xml"
Generating HTML - confetti "/home/pete/wefwefwef/docs/other/8942947894/repo/master/.xml/confetti/confetti.xml"
Reading XML for "/home/pete/wefwefwef/docs/other/8942947894/repo/master/.xml/confetti/confetti.xml"
Reading XML for "/home/pete/wefwefwef/docs/other/8942947894/repo/master/.xml/specs_confetti_reader.xml"
Reading XML for "/home/pete/wefwefwef/docs/other/8942947894/repo/master/.xml/specs_confetti_app.xml"
Reading XML for "/home/pete/wefwefwef/docs/other/8942947894/repo/master/.xml/specs_example_user_commands.xml"
Generating HTML - confetti_table_man "/home/pete/wefwefwef/docs/other/8942947894/repo/master/.xml/confetti/confetti_table_man.xml"
Reading XML for "/home/pete/wefwefwef/docs/other/8942947894/repo/master/.xml/confetti/confetti_table_man.xml"
Reading XML for "/home/pete/wefwefwef/docs/other/8942947894/repo/master/.xml/specs_confetti.xml"
Reading XML for "/home/pete/wefwefwef/docs/other/8942947894/repo/master/.xml/specs_confetti_table_man.xml"
Generating HTML - confetti_utils "/home/pete/wefwefwef/docs/other/8942947894/repo/master/.xml/confetti/confetti_utils.xml"
Reading XML for "/home/pete/wefwefwef/docs/other/8942947894/repo/master/.xml/confetti/confetti_utils.xml"
Reading XML for "/home/pete/wefwefwef/docs/other/8942947894/repo/master/.xml/specs_confetti_utils.xml"
Creating index.html ...
Creating erldocs_index.js ...
Woot, finished in 0 Minutes 1 Seconds
 :: Discovering other repos
$ 5000  `rm -r '/home/pete/wefwefwef/docs/other/8942947894/confetti-branch-master'  2>&1`
 :: Finishing up
$ 5000  `rm -r '/home/pete/wefwefwef/docs/other/8942947894/confetti'  2>&1`
