 :: Extracting meta information
$ 5000  `git ls-remote --heads --tags 'https://github.com/eproxus/color'  2>&1`
>>> [repo] 1 branches, 0 tags
 :: Writing meta to "/home/pete/wefwefwef/docs/other/6745978140/meta.txt"
 :: Processing https://github.com/eproxus/color	{rev,branch,"master","67fc570167073a314e7a0100479d2d253c3eac7d"}
 :: Fetching repo code
$ cd "/home/pete/wefwefwef/docs/other/6745978140/color-branch-master/color"
$ infinity  `curl --fail --silent --show-error --location --output 'master.zip' 'https://github.com/eproxus/color/archive/master.zip'  2>&1`
$ cd "/home/pete/wefwefwef/docs/erldocs_other.git"
$ cd "/home/pete/wefwefwef/docs/other/6745978140/color-branch-master/color"
$ 5000  `find -P . -type l -delete  2>&1`
$ cd "/home/pete/wefwefwef/docs/erldocs_other.git"
$ cd "/home/pete/wefwefwef/docs/other/6745978140/color-branch-master/color"
$ 5000  `find 'color-master' -mindepth 1 -maxdepth 1 -exec mv -t . -- {} +  2>&1`
$ cd "/home/pete/wefwefwef/docs/erldocs_other.git"
 :: Getting dependencies
$ cd "/home/pete/wefwefwef/docs/other/6745978140/color-branch-master/color"
$ 5000  `ls -1 deps/  2>&1`
$ cd "/home/pete/wefwefwef/docs/erldocs_other.git"
>>> [rebar] deps = []
 :: Generating erldocs into /home/pete/wefwefwef/docs/other/6745978140/repo/master
Building color
Generating Type Specs - "/home/pete/wefwefwef/docs/other/6745978140/color-branch-master/color/src/color.erl"
Generating XML for application color "/home/pete/wefwefwef/docs/other/6745978140/color-branch-master/color" -> "/home/pete/wefwefwef/docs/other/6745978140/repo/master/.xml/color"
Generated color XMLs: ["/home/pete/wefwefwef/docs/other/6745978140/repo/master/.xml/color/color.xml"]
Generating HTML - color "/home/pete/wefwefwef/docs/other/6745978140/repo/master/.xml/color/color.xml"
Reading XML for "/home/pete/wefwefwef/docs/other/6745978140/repo/master/.xml/color/color.xml"
Reading XML for "/home/pete/wefwefwef/docs/other/6745978140/repo/master/.xml/specs_color.xml"
Creating index.html ...
Creating erldocs_index.js ...
Woot, finished in 0 Minutes 0 Seconds
 :: Discovering other repos
$ 5000  `rm -r '/home/pete/wefwefwef/docs/other/6745978140/color-branch-master'  2>&1`
 :: Erldocs finishing up
$ 5000  `rm -r '/home/pete/wefwefwef/docs/other/6745978140/color'  2>&1`
