 :: Extracting meta information
$ cd '.'
$ infinity  `git ls-remote --heads --tags https://github.com/markusn/coveralls-erl`
>>> [repo] 2 branches, 3 tags
 :: Writing meta to "/home/pete/wefwefwef/docs/other/5aadd3d9fe83197ca2356ec37c72d6afd49a4c76/meta.txt"
 :: Skipping tag "1.0"
 :: Skipping tag "1.1"
 :: Skipping tag "1.2"
 :: Skipping branch "patch-1"
 :: Processing https://github.com/markusn/coveralls-erl	{rev,branch,"master","0792318ea28d78ef63284e8c392a93e831ccc0c8",undefined,[],[]}
 :: Fetching repo code
$ cd '/home/pete/wefwefwef/docs/other/5aadd3d9fe83197ca2356ec37c72d6afd49a4c76/coveralls-erl-branch-master'
$ infinity  `curl --fail --silent --show-error --location --output repo.tar.gz https://codeload.github.com/markusn/coveralls-erl/tar.gz/master`
$ cd '/home/pete/wefwefwef/docs/other/5aadd3d9fe83197ca2356ec37c72d6afd49a4c76/coveralls-erl-branch-master/coveralls-erl-master'
$ 5000  `find -P . -type l -delete`
$ cd '.'
$ 5000  `mv /home/pete/wefwefwef/docs/other/5aadd3d9fe83197ca2356ec37c72d6afd49a4c76/coveralls-erl-branch-master/coveralls-erl-master /home/pete/wefwefwef/docs/other/5aadd3d9fe83197ca2356ec37c72d6afd49a4c76/coveralls-erl-branch-master/coveralls-erl`
 :: Getting dependencies
$ cd '/home/pete/wefwefwef/docs/other/5aadd3d9fe83197ca2356ec37c72d6afd49a4c76/coveralls-erl-branch-master/coveralls-erl'
$ 5000  `ls -1 deps/`
>>> [rebar] deps = []
 :: Generating erldocs into /home/pete/wefwefwef/docs/other/5aadd3d9fe83197ca2356ec37c72d6afd49a4c76/repo/master
Building coveralls-erl
Generating Type Specs - "/home/pete/wefwefwef/docs/other/5aadd3d9fe83197ca2356ec37c72d6afd49a4c76/coveralls-erl-branch-master/coveralls-erl/src/coveralls.erl"
Generating Type Specs - "/home/pete/wefwefwef/docs/other/5aadd3d9fe83197ca2356ec37c72d6afd49a4c76/coveralls-erl-branch-master/coveralls-erl/src/rebar3_coveralls.erl"
Generating Type Specs - "/home/pete/wefwefwef/docs/other/5aadd3d9fe83197ca2356ec37c72d6afd49a4c76/coveralls-erl-branch-master/coveralls-erl/src/rebar_coveralls.erl"
Generating XML for application coveralls-erl "/home/pete/wefwefwef/docs/other/5aadd3d9fe83197ca2356ec37c72d6afd49a4c76/coveralls-erl-branch-master/coveralls-erl" -> "/home/pete/wefwefwef/docs/other/5aadd3d9fe83197ca2356ec37c72d6afd49a4c76/repo/master/.xml/coveralls-erl"
/home/pete/wefwefwef/docs/other/5aadd3d9fe83197ca2356ec37c72d6afd49a4c76/coveralls-erl-branch-master/coveralls-erl/src/rebar3_coveralls.erl, in module header: at line 6: warning: tag @license not recognized.
/home/pete/wefwefwef/docs/other/5aadd3d9fe83197ca2356ec37c72d6afd49a4c76/coveralls-erl-branch-master/coveralls-erl/src/coveralls.erl, in module header: at line 6: warning: tag @license not recognized.
/home/pete/wefwefwef/docs/other/5aadd3d9fe83197ca2356ec37c72d6afd49a4c76/coveralls-erl-branch-master/coveralls-erl/src/coveralls.erl, function convert_file/3: at line 66: `-quote ended unexpectedly at line 70
edoc: skipping source file '/home/pete/wefwefwef/docs/other/5aadd3d9fe83197ca2356ec37c72d6afd49a4c76/coveralls-erl-branch-master/coveralls-erl/src/coveralls.erl': {'EXIT',
                                                                                                                                                              error}.
/home/pete/wefwefwef/docs/other/5aadd3d9fe83197ca2356ec37c72d6afd49a4c76/coveralls-erl-branch-master/coveralls-erl/src/rebar_coveralls.erl, in module header: at line 6: warning: tag @license not recognized.
edoc: error in doclet 'edoc_doclet': {'EXIT',error}.
Error generating coveralls-erl XMLs. Using fallback ...
Generating XML coveralls-erl - coveralls "/home/pete/wefwefwef/docs/other/5aadd3d9fe83197ca2356ec37c72d6afd49a4c76/coveralls-erl-branch-master/coveralls-erl/src/coveralls.erl" -> "/home/pete/wefwefwef/docs/other/5aadd3d9fe83197ca2356ec37c72d6afd49a4c76/repo/master/.xml/coveralls-erl/coveralls.xml"
/home/pete/wefwefwef/docs/other/5aadd3d9fe83197ca2356ec37c72d6afd49a4c76/coveralls-erl-branch-master/coveralls-erl/src/coveralls.erl, in module header: at line 6: warning: tag @license not recognized.
/home/pete/wefwefwef/docs/other/5aadd3d9fe83197ca2356ec37c72d6afd49a4c76/coveralls-erl-branch-master/coveralls-erl/src/coveralls.erl, function convert_file/3: at line 66: `-quote ended unexpectedly at line 70
Error generating XML ("/home/pete/wefwefwef/docs/other/5aadd3d9fe83197ca2356ec37c72d6afd49a4c76/coveralls-erl-branch-master/coveralls-erl/src/coveralls.erl"): {'EXIT',
                                                                                                                                                                error}
Generating XML coveralls-erl - rebar3_coveralls "/home/pete/wefwefwef/docs/other/5aadd3d9fe83197ca2356ec37c72d6afd49a4c76/coveralls-erl-branch-master/coveralls-erl/src/rebar3_coveralls.erl" -> "/home/pete/wefwefwef/docs/other/5aadd3d9fe83197ca2356ec37c72d6afd49a4c76/repo/master/.xml/coveralls-erl/rebar3_coveralls.xml"
/home/pete/wefwefwef/docs/other/5aadd3d9fe83197ca2356ec37c72d6afd49a4c76/coveralls-erl-branch-master/coveralls-erl/src/rebar3_coveralls.erl, in module header: at line 6: warning: tag @license not recognized.
Generating XML coveralls-erl - rebar_coveralls "/home/pete/wefwefwef/docs/other/5aadd3d9fe83197ca2356ec37c72d6afd49a4c76/coveralls-erl-branch-master/coveralls-erl/src/rebar_coveralls.erl" -> "/home/pete/wefwefwef/docs/other/5aadd3d9fe83197ca2356ec37c72d6afd49a4c76/repo/master/.xml/coveralls-erl/rebar_coveralls.xml"
/home/pete/wefwefwef/docs/other/5aadd3d9fe83197ca2356ec37c72d6afd49a4c76/coveralls-erl-branch-master/coveralls-erl/src/rebar_coveralls.erl, in module header: at line 6: warning: tag @license not recognized.
Generating HTML - rebar3_coveralls "/home/pete/wefwefwef/docs/other/5aadd3d9fe83197ca2356ec37c72d6afd49a4c76/repo/master/.xml/coveralls-erl/rebar3_coveralls.xml"
Reading XML for "/home/pete/wefwefwef/docs/other/5aadd3d9fe83197ca2356ec37c72d6afd49a4c76/repo/master/.xml/coveralls-erl/rebar3_coveralls.xml"
Reading XML for "/home/pete/wefwefwef/docs/other/5aadd3d9fe83197ca2356ec37c72d6afd49a4c76/repo/master/.xml/specs_rebar3_coveralls.xml"
Generating HTML - rebar_coveralls "/home/pete/wefwefwef/docs/other/5aadd3d9fe83197ca2356ec37c72d6afd49a4c76/repo/master/.xml/coveralls-erl/rebar_coveralls.xml"
Reading XML for "/home/pete/wefwefwef/docs/other/5aadd3d9fe83197ca2356ec37c72d6afd49a4c76/repo/master/.xml/coveralls-erl/rebar_coveralls.xml"
Reading XML for "/home/pete/wefwefwef/docs/other/5aadd3d9fe83197ca2356ec37c72d6afd49a4c76/repo/master/.xml/specs_rebar_coveralls.xml"
Creating index.html ...
Creating erldocs_index.js ...
Woot, finished in 0 Minutes 1 Seconds
 :: Discovering other repos
$ cd '.'
$ 5000  `rm -r /home/pete/wefwefwef/docs/other/5aadd3d9fe83197ca2356ec37c72d6afd49a4c76/coveralls-erl-branch-master`
 :: Finishing up
$ cd '.'
$ 5000  `rm -r /home/pete/wefwefwef/docs/other/5aadd3d9fe83197ca2356ec37c72d6afd49a4c76/coveralls-erl`
