 :: Extracting meta information
$ 5000  `git ls-remote --heads --tags 'https://github.com/markusn/coveralls-erl'  2>&1`
>>> [repo] 1 branches, 1 tags
 :: Writing meta to "/home/pete/wefwefwef/docs/other/2056940697/meta.txt"
 :: Processing https://github.com/markusn/coveralls-erl	{rev,tag,"1.0","0798f953fe967ca75ba4eb79a4db1c4e9b549daf",undefined,[],[]}
 :: Fetching repo code
$ cd "/home/pete/wefwefwef/docs/other/2056940697/coveralls-erl-tag-1.0/coveralls-erl"
$ infinity  `curl --fail --silent --show-error --location --output '1.0.zip' 'https://github.com/markusn/coveralls-erl/archive/1.0.zip'  2>&1`
$ cd "/home/pete/wefwefwef/docs/erldocs_other.git"
$ cd "/home/pete/wefwefwef/docs/other/2056940697/coveralls-erl-tag-1.0/coveralls-erl"
$ 5000  `find -P . -type l -delete  2>&1`
$ cd "/home/pete/wefwefwef/docs/erldocs_other.git"
$ cd "/home/pete/wefwefwef/docs/other/2056940697/coveralls-erl-tag-1.0/coveralls-erl"
$ 5000  `find 'coveralls-erl-1.0' -mindepth 1 -maxdepth 1 -exec mv -t . -- {} +  2>&1`
$ cd "/home/pete/wefwefwef/docs/erldocs_other.git"
 :: Getting dependencies
$ cd "/home/pete/wefwefwef/docs/other/2056940697/coveralls-erl-tag-1.0/coveralls-erl"
$ 5000  `ls -1 deps/  2>&1`
$ cd "/home/pete/wefwefwef/docs/erldocs_other.git"
>>> [rebar] deps = []
 :: Generating erldocs into /home/pete/wefwefwef/docs/other/2056940697/repo/1.0
Building coveralls-erl
Generating Type Specs - "/home/pete/wefwefwef/docs/other/2056940697/coveralls-erl-tag-1.0/coveralls-erl/src/coveralls.erl"
Generating Type Specs - "/home/pete/wefwefwef/docs/other/2056940697/coveralls-erl-tag-1.0/coveralls-erl/src/rebar_coveralls.erl"
Generating XML for application coveralls-erl "/home/pete/wefwefwef/docs/other/2056940697/coveralls-erl-tag-1.0/coveralls-erl" -> "/home/pete/wefwefwef/docs/other/2056940697/repo/1.0/.xml/coveralls-erl"
/home/pete/wefwefwef/docs/other/2056940697/coveralls-erl-tag-1.0/coveralls-erl/src/coveralls.erl, in module header: at line 6: warning: tag @license not recognized.
/home/pete/wefwefwef/docs/other/2056940697/coveralls-erl-tag-1.0/coveralls-erl/src/coveralls.erl, function convert_file/3: at line 66: `-quote ended unexpectedly at line 70
edoc: skipping source file '/home/pete/wefwefwef/docs/other/2056940697/coveralls-erl-tag-1.0/coveralls-erl/src/coveralls.erl': {'EXIT',
                                                                                                                          error}.
/home/pete/wefwefwef/docs/other/2056940697/coveralls-erl-tag-1.0/coveralls-erl/src/rebar_coveralls.erl, in module header: at line 6: warning: tag @license not recognized.
edoc: error in doclet 'edoc_doclet': {'EXIT',error}.
Error generating coveralls-erl XMLs. Using fallback ...
Generating XML coveralls-erl - coveralls "/home/pete/wefwefwef/docs/other/2056940697/coveralls-erl-tag-1.0/coveralls-erl/src/coveralls.erl" -> "/home/pete/wefwefwef/docs/other/2056940697/repo/1.0/.xml/coveralls-erl/coveralls.xml"
/home/pete/wefwefwef/docs/other/2056940697/coveralls-erl-tag-1.0/coveralls-erl/src/coveralls.erl, in module header: at line 6: warning: tag @license not recognized.
/home/pete/wefwefwef/docs/other/2056940697/coveralls-erl-tag-1.0/coveralls-erl/src/coveralls.erl, function convert_file/3: at line 66: `-quote ended unexpectedly at line 70
Error generating XML ("/home/pete/wefwefwef/docs/other/2056940697/coveralls-erl-tag-1.0/coveralls-erl/src/coveralls.erl"): {'EXIT',
                                                                                                                            error}
Generating XML coveralls-erl - rebar_coveralls "/home/pete/wefwefwef/docs/other/2056940697/coveralls-erl-tag-1.0/coveralls-erl/src/rebar_coveralls.erl" -> "/home/pete/wefwefwef/docs/other/2056940697/repo/1.0/.xml/coveralls-erl/rebar_coveralls.xml"
/home/pete/wefwefwef/docs/other/2056940697/coveralls-erl-tag-1.0/coveralls-erl/src/rebar_coveralls.erl, in module header: at line 6: warning: tag @license not recognized.
Generating HTML - rebar_coveralls "/home/pete/wefwefwef/docs/other/2056940697/repo/1.0/.xml/coveralls-erl/rebar_coveralls.xml"
Reading XML for "/home/pete/wefwefwef/docs/other/2056940697/repo/1.0/.xml/coveralls-erl/rebar_coveralls.xml"
Reading XML for "/home/pete/wefwefwef/docs/other/2056940697/repo/1.0/.xml/specs_rebar_coveralls.xml"
Creating index.html ...
Creating erldocs_index.js ...
Woot, finished in 0 Minutes 0 Seconds
 :: Discovering other repos
$ 5000  `rm -r '/home/pete/wefwefwef/docs/other/2056940697/coveralls-erl-tag-1.0'  2>&1`
 :: Processing https://github.com/markusn/coveralls-erl	{rev,branch,"master","0798f953fe967ca75ba4eb79a4db1c4e9b549daf",undefined,[],[]}
 :: Fetching repo code
$ cd "/home/pete/wefwefwef/docs/other/2056940697/coveralls-erl-branch-master/coveralls-erl"
$ infinity  `curl --fail --silent --show-error --location --output 'master.zip' 'https://github.com/markusn/coveralls-erl/archive/master.zip'  2>&1`
$ cd "/home/pete/wefwefwef/docs/erldocs_other.git"
$ cd "/home/pete/wefwefwef/docs/other/2056940697/coveralls-erl-branch-master/coveralls-erl"
$ 5000  `find -P . -type l -delete  2>&1`
$ cd "/home/pete/wefwefwef/docs/erldocs_other.git"
$ cd "/home/pete/wefwefwef/docs/other/2056940697/coveralls-erl-branch-master/coveralls-erl"
$ 5000  `find 'coveralls-erl-master' -mindepth 1 -maxdepth 1 -exec mv -t . -- {} +  2>&1`
$ cd "/home/pete/wefwefwef/docs/erldocs_other.git"
 :: Getting dependencies
$ cd "/home/pete/wefwefwef/docs/other/2056940697/coveralls-erl-branch-master/coveralls-erl"
$ 5000  `ls -1 deps/  2>&1`
$ cd "/home/pete/wefwefwef/docs/erldocs_other.git"
>>> [rebar] deps = []
 :: Generating erldocs into /home/pete/wefwefwef/docs/other/2056940697/repo/master
Building coveralls-erl
Generating Type Specs - "/home/pete/wefwefwef/docs/other/2056940697/coveralls-erl-branch-master/coveralls-erl/src/coveralls.erl"
Generating Type Specs - "/home/pete/wefwefwef/docs/other/2056940697/coveralls-erl-branch-master/coveralls-erl/src/rebar_coveralls.erl"
Generating XML for application coveralls-erl "/home/pete/wefwefwef/docs/other/2056940697/coveralls-erl-branch-master/coveralls-erl" -> "/home/pete/wefwefwef/docs/other/2056940697/repo/master/.xml/coveralls-erl"
/home/pete/wefwefwef/docs/other/2056940697/coveralls-erl-branch-master/coveralls-erl/src/coveralls.erl, in module header: at line 6: warning: tag @license not recognized.
/home/pete/wefwefwef/docs/other/2056940697/coveralls-erl-branch-master/coveralls-erl/src/coveralls.erl, function convert_file/3: at line 66: `-quote ended unexpectedly at line 70
edoc: skipping source file '/home/pete/wefwefwef/docs/other/2056940697/coveralls-erl-branch-master/coveralls-erl/src/coveralls.erl': {'EXIT',
                                                                                                                                error}.
/home/pete/wefwefwef/docs/other/2056940697/coveralls-erl-branch-master/coveralls-erl/src/rebar_coveralls.erl, in module header: at line 6: warning: tag @license not recognized.
edoc: error in doclet 'edoc_doclet': {'EXIT',error}.
Error generating coveralls-erl XMLs. Using fallback ...
Generating XML coveralls-erl - coveralls "/home/pete/wefwefwef/docs/other/2056940697/coveralls-erl-branch-master/coveralls-erl/src/coveralls.erl" -> "/home/pete/wefwefwef/docs/other/2056940697/repo/master/.xml/coveralls-erl/coveralls.xml"
/home/pete/wefwefwef/docs/other/2056940697/coveralls-erl-branch-master/coveralls-erl/src/coveralls.erl, in module header: at line 6: warning: tag @license not recognized.
/home/pete/wefwefwef/docs/other/2056940697/coveralls-erl-branch-master/coveralls-erl/src/coveralls.erl, function convert_file/3: at line 66: `-quote ended unexpectedly at line 70
Error generating XML ("/home/pete/wefwefwef/docs/other/2056940697/coveralls-erl-branch-master/coveralls-erl/src/coveralls.erl"): {'EXIT',
                                                                                                                                  error}
Generating XML coveralls-erl - rebar_coveralls "/home/pete/wefwefwef/docs/other/2056940697/coveralls-erl-branch-master/coveralls-erl/src/rebar_coveralls.erl" -> "/home/pete/wefwefwef/docs/other/2056940697/repo/master/.xml/coveralls-erl/rebar_coveralls.xml"
/home/pete/wefwefwef/docs/other/2056940697/coveralls-erl-branch-master/coveralls-erl/src/rebar_coveralls.erl, in module header: at line 6: warning: tag @license not recognized.
Generating HTML - rebar_coveralls "/home/pete/wefwefwef/docs/other/2056940697/repo/master/.xml/coveralls-erl/rebar_coveralls.xml"
Reading XML for "/home/pete/wefwefwef/docs/other/2056940697/repo/master/.xml/coveralls-erl/rebar_coveralls.xml"
Reading XML for "/home/pete/wefwefwef/docs/other/2056940697/repo/master/.xml/specs_rebar_coveralls.xml"
Creating index.html ...
Creating erldocs_index.js ...
Woot, finished in 0 Minutes 0 Seconds
 :: Discovering other repos
$ 5000  `rm -r '/home/pete/wefwefwef/docs/other/2056940697/coveralls-erl-branch-master'  2>&1`
 :: Finishing up
$ 5000  `rm -r '/home/pete/wefwefwef/docs/other/2056940697/coveralls-erl'  2>&1`
