 :: Extracting meta information
$ 5000  `git ls-remote --heads --tags 'https://github.com/rpt/slurp'  2>&1`
>>> [repo] 1 branches, 1 tags
 :: Writing meta to "/home/pete/wefwefwef/docs/other/7935313855/meta.txt"
 :: Processing https://github.com/rpt/slurp	{rev,tag,"0.1.0","01c6321576f65fabc009523dcaa923a60e295907"}
 :: Fetching repo code
$ cd "/home/pete/wefwefwef/docs/other/7935313855/slurp-tag-0.1.0/slurp"
$ infinity  `curl --fail --silent --show-error --location --output '0.1.0.zip' 'https://github.com/rpt/slurp/archive/0.1.0.zip'  2>&1`
$ cd "/home/pete/wefwefwef/docs/erldocs_other.git"
$ cd "/home/pete/wefwefwef/docs/other/7935313855/slurp-tag-0.1.0/slurp"
$ 5000  `find -P . -type l -delete  2>&1`
$ cd "/home/pete/wefwefwef/docs/erldocs_other.git"
$ cd "/home/pete/wefwefwef/docs/other/7935313855/slurp-tag-0.1.0/slurp"
$ 5000  `find 'slurp-0.1.0' -mindepth 1 -maxdepth 1 -exec mv -t . -- {} +  2>&1`
$ cd "/home/pete/wefwefwef/docs/erldocs_other.git"
 :: Getting dependencies
$ cd "/home/pete/wefwefwef/docs/other/7935313855/slurp-tag-0.1.0/slurp"
$ 5000  `ls -1 deps/  2>&1`
$ cd "/home/pete/wefwefwef/docs/erldocs_other.git"
>>> [rebar] deps = []
 :: Generating erldocs into /home/pete/wefwefwef/docs/other/7935313855/repo/0.1.0
Building slurp
Generating Type Specs - "/home/pete/wefwefwef/docs/other/7935313855/slurp-tag-0.1.0/slurp/src/slurp.erl"
Generating XML for application slurp "/home/pete/wefwefwef/docs/other/7935313855/slurp-tag-0.1.0/slurp" -> "/home/pete/wefwefwef/docs/other/7935313855/repo/0.1.0/.xml/slurp"
Generated slurp XMLs: ["/home/pete/wefwefwef/docs/other/7935313855/repo/0.1.0/.xml/slurp/slurp.xml"]
Generating HTML - slurp "/home/pete/wefwefwef/docs/other/7935313855/repo/0.1.0/.xml/slurp/slurp.xml"
Reading XML for "/home/pete/wefwefwef/docs/other/7935313855/repo/0.1.0/.xml/slurp/slurp.xml"
Reading XML for "/home/pete/wefwefwef/docs/other/7935313855/repo/0.1.0/.xml/specs_slurp.xml"
Creating index.html ...
Creating erldocs_index.js ...
Woot, finished in 0 Minutes 0 Seconds
 :: Discovering other repos
$ 5000  `rm -r '/home/pete/wefwefwef/docs/other/7935313855/slurp-tag-0.1.0'  2>&1`
 :: Processing https://github.com/rpt/slurp	{rev,branch,"master","01c6321576f65fabc009523dcaa923a60e295907"}
 :: Fetching repo code
$ cd "/home/pete/wefwefwef/docs/other/7935313855/slurp-branch-master/slurp"
$ infinity  `curl --fail --silent --show-error --location --output 'master.zip' 'https://github.com/rpt/slurp/archive/master.zip'  2>&1`
$ cd "/home/pete/wefwefwef/docs/erldocs_other.git"
$ cd "/home/pete/wefwefwef/docs/other/7935313855/slurp-branch-master/slurp"
$ 5000  `find -P . -type l -delete  2>&1`
$ cd "/home/pete/wefwefwef/docs/erldocs_other.git"
$ cd "/home/pete/wefwefwef/docs/other/7935313855/slurp-branch-master/slurp"
$ 5000  `find 'slurp-master' -mindepth 1 -maxdepth 1 -exec mv -t . -- {} +  2>&1`
$ cd "/home/pete/wefwefwef/docs/erldocs_other.git"
 :: Getting dependencies
$ cd "/home/pete/wefwefwef/docs/other/7935313855/slurp-branch-master/slurp"
$ 5000  `ls -1 deps/  2>&1`
$ cd "/home/pete/wefwefwef/docs/erldocs_other.git"
>>> [rebar] deps = []
 :: Generating erldocs into /home/pete/wefwefwef/docs/other/7935313855/repo/master
Building slurp
Generating Type Specs - "/home/pete/wefwefwef/docs/other/7935313855/slurp-branch-master/slurp/src/slurp.erl"
Generating XML for application slurp "/home/pete/wefwefwef/docs/other/7935313855/slurp-branch-master/slurp" -> "/home/pete/wefwefwef/docs/other/7935313855/repo/master/.xml/slurp"
Generated slurp XMLs: ["/home/pete/wefwefwef/docs/other/7935313855/repo/master/.xml/slurp/slurp.xml"]
Generating HTML - slurp "/home/pete/wefwefwef/docs/other/7935313855/repo/master/.xml/slurp/slurp.xml"
Reading XML for "/home/pete/wefwefwef/docs/other/7935313855/repo/master/.xml/slurp/slurp.xml"
Reading XML for "/home/pete/wefwefwef/docs/other/7935313855/repo/master/.xml/specs_slurp.xml"
Creating index.html ...
Creating erldocs_index.js ...
Woot, finished in 0 Minutes 0 Seconds
 :: Discovering other repos
$ 5000  `rm -r '/home/pete/wefwefwef/docs/other/7935313855/slurp-branch-master'  2>&1`
 :: Erldocs finishing up
$ 5000  `rm -r '/home/pete/wefwefwef/docs/other/7935313855/slurp'  2>&1`
