 :: Extracting meta information
$ 5000  `git ls-remote --heads --tags 'https://github.com/vkletsko/postboy'  2>&1`
>>> [repo] 3 branches, 0 tags
 :: Writing meta to "/home/pete/wefwefwef/docs/other/9722064978/meta.txt"
 :: Processing https://github.com/vkletsko/postboy	{rev,branch,"0.2.0","4cfe8385989549c21a3b7659e50b18a821479861"}
 :: Fetching repo code
$ cd "/home/pete/wefwefwef/docs/other/9722064978/postboy-branch-0.2.0/postboy"
$ infinity  `curl --fail --silent --show-error --location --output '0.2.0.zip' 'https://github.com/vkletsko/postboy/archive/0.2.0.zip'  2>&1`
$ cd "/home/pete/wefwefwef/docs/erldocs_other.git"
$ cd "/home/pete/wefwefwef/docs/other/9722064978/postboy-branch-0.2.0/postboy"
$ 5000  `find -P . -type l -delete  2>&1`
$ cd "/home/pete/wefwefwef/docs/erldocs_other.git"
$ cd "/home/pete/wefwefwef/docs/other/9722064978/postboy-branch-0.2.0/postboy"
$ 5000  `find 'postboy-0.2.0' -mindepth 1 -maxdepth 1 -exec mv -t . -- {} +  2>&1`
$ cd "/home/pete/wefwefwef/docs/erldocs_other.git"
 :: Getting dependencies
$ cd "/home/pete/wefwefwef/docs/other/9722064978/postboy-branch-0.2.0/postboy"
$ 5000  `ls -1 deps/  2>&1`
$ cd "/home/pete/wefwefwef/docs/erldocs_other.git"
>>> [rebar] deps = []
 :: Generating erldocs into /home/pete/wefwefwef/docs/other/9722064978/repo/0.2.0
Building postboy
Generating Type Specs - "/home/pete/wefwefwef/docs/other/9722064978/postboy-branch-0.2.0/postboy/src/postboy.erl"
Generating Type Specs - "/home/pete/wefwefwef/docs/other/9722064978/postboy-branch-0.2.0/postboy/src/postboy_app.erl"
Generating Type Specs - "/home/pete/wefwefwef/docs/other/9722064978/postboy-branch-0.2.0/postboy/src/postboy_client.erl"
Generating Type Specs - "/home/pete/wefwefwef/docs/other/9722064978/postboy-branch-0.2.0/postboy/src/postboy_codec.erl"
Generating Type Specs - "/home/pete/wefwefwef/docs/other/9722064978/postboy-branch-0.2.0/postboy/src/postboy_mime.erl"
Generating Type Specs - "/home/pete/wefwefwef/docs/other/9722064978/postboy-branch-0.2.0/postboy/src/postboy_sock.erl"
Generating XML for application postboy "/home/pete/wefwefwef/docs/other/9722064978/postboy-branch-0.2.0/postboy" -> "/home/pete/wefwefwef/docs/other/9722064978/repo/0.2.0/.xml/postboy"
Generated postboy XMLs: ["/home/pete/wefwefwef/docs/other/9722064978/repo/0.2.0/.xml/postboy/postboy_client.xml",
                         "/home/pete/wefwefwef/docs/other/9722064978/repo/0.2.0/.xml/postboy/postboy_codec.xml",
                         "/home/pete/wefwefwef/docs/other/9722064978/repo/0.2.0/.xml/postboy/postboy_app.xml",
                         "/home/pete/wefwefwef/docs/other/9722064978/repo/0.2.0/.xml/postboy/postboy.xml",
                         "/home/pete/wefwefwef/docs/other/9722064978/repo/0.2.0/.xml/postboy/postboy_mime.xml",
                         "/home/pete/wefwefwef/docs/other/9722064978/repo/0.2.0/.xml/postboy/postboy_sock.xml"]
Generating HTML - postboy_client "/home/pete/wefwefwef/docs/other/9722064978/repo/0.2.0/.xml/postboy/postboy_client.xml"
Generating HTML - postboy_codec "/home/pete/wefwefwef/docs/other/9722064978/repo/0.2.0/.xml/postboy/postboy_codec.xml"
Generating HTML - postboy_app "/home/pete/wefwefwef/docs/other/9722064978/repo/0.2.0/.xml/postboy/postboy_app.xml"
Generating HTML - postboy_sock "/home/pete/wefwefwef/docs/other/9722064978/repo/0.2.0/.xml/postboy/postboy_sock.xml"
Reading XML for "/home/pete/wefwefwef/docs/other/9722064978/repo/0.2.0/.xml/postboy/postboy_client.xml"
Reading XML for "/home/pete/wefwefwef/docs/other/9722064978/repo/0.2.0/.xml/postboy/postboy_codec.xml"
Reading XML for "/home/pete/wefwefwef/docs/other/9722064978/repo/0.2.0/.xml/postboy/postboy_app.xml"
Reading XML for "/home/pete/wefwefwef/docs/other/9722064978/repo/0.2.0/.xml/postboy/postboy_sock.xml"
Reading XML for "/home/pete/wefwefwef/docs/other/9722064978/repo/0.2.0/.xml/specs_postboy_client.xml"
Reading XML for "/home/pete/wefwefwef/docs/other/9722064978/repo/0.2.0/.xml/specs_postboy_codec.xml"
Reading XML for "/home/pete/wefwefwef/docs/other/9722064978/repo/0.2.0/.xml/specs_postboy_app.xml"
Reading XML for "/home/pete/wefwefwef/docs/other/9722064978/repo/0.2.0/.xml/specs_postboy_sock.xml"
Generating HTML - postboy_mime "/home/pete/wefwefwef/docs/other/9722064978/repo/0.2.0/.xml/postboy/postboy_mime.xml"
Reading XML for "/home/pete/wefwefwef/docs/other/9722064978/repo/0.2.0/.xml/postboy/postboy_mime.xml"
Reading XML for "/home/pete/wefwefwef/docs/other/9722064978/repo/0.2.0/.xml/specs_postboy_mime.xml"
Generating HTML - postboy "/home/pete/wefwefwef/docs/other/9722064978/repo/0.2.0/.xml/postboy/postboy.xml"
Reading XML for "/home/pete/wefwefwef/docs/other/9722064978/repo/0.2.0/.xml/postboy/postboy.xml"
Reading XML for "/home/pete/wefwefwef/docs/other/9722064978/repo/0.2.0/.xml/specs_postboy.xml"
Creating index.html ...
Creating erldocs_index.js ...
Woot, finished in 0 Minutes 0 Seconds
 :: Discovering other repos
$ 5000  `rm -r '/home/pete/wefwefwef/docs/other/9722064978/postboy-branch-0.2.0'  2>&1`
 :: Processing https://github.com/vkletsko/postboy	{rev,branch,"0.3.0","2fccf092bea3a4e546fd77e37d4158783b0b7fb9"}
 :: Fetching repo code
$ cd "/home/pete/wefwefwef/docs/other/9722064978/postboy-branch-0.3.0/postboy"
$ infinity  `curl --fail --silent --show-error --location --output '0.3.0.zip' 'https://github.com/vkletsko/postboy/archive/0.3.0.zip'  2>&1`
$ cd "/home/pete/wefwefwef/docs/erldocs_other.git"
$ cd "/home/pete/wefwefwef/docs/other/9722064978/postboy-branch-0.3.0/postboy"
$ 5000  `find -P . -type l -delete  2>&1`
$ cd "/home/pete/wefwefwef/docs/erldocs_other.git"
$ cd "/home/pete/wefwefwef/docs/other/9722064978/postboy-branch-0.3.0/postboy"
$ 5000  `find 'postboy-0.3.0' -mindepth 1 -maxdepth 1 -exec mv -t . -- {} +  2>&1`
$ cd "/home/pete/wefwefwef/docs/erldocs_other.git"
 :: Getting dependencies
$ cd "/home/pete/wefwefwef/docs/other/9722064978/postboy-branch-0.3.0/postboy"
$ 5000  `ls -1 deps/  2>&1`
$ cd "/home/pete/wefwefwef/docs/erldocs_other.git"
>>> [rebar] deps = []
 :: Generating erldocs into /home/pete/wefwefwef/docs/other/9722064978/repo/0.3.0
Building postboy
Generating Type Specs - "/home/pete/wefwefwef/docs/other/9722064978/postboy-branch-0.3.0/postboy/src/postboy.erl"
Generating Type Specs - "/home/pete/wefwefwef/docs/other/9722064978/postboy-branch-0.3.0/postboy/src/postboy_app.erl"
Generating Type Specs - "/home/pete/wefwefwef/docs/other/9722064978/postboy-branch-0.3.0/postboy/src/postboy_client.erl"
Generating Type Specs - "/home/pete/wefwefwef/docs/other/9722064978/postboy-branch-0.3.0/postboy/src/postboy_codec.erl"
Generating Type Specs - "/home/pete/wefwefwef/docs/other/9722064978/postboy-branch-0.3.0/postboy/src/postboy_mime.erl"
Generating Type Specs - "/home/pete/wefwefwef/docs/other/9722064978/postboy-branch-0.3.0/postboy/src/postboy_sock.erl"
Generating XML for application postboy "/home/pete/wefwefwef/docs/other/9722064978/postboy-branch-0.3.0/postboy" -> "/home/pete/wefwefwef/docs/other/9722064978/repo/0.3.0/.xml/postboy"
Generated postboy XMLs: ["/home/pete/wefwefwef/docs/other/9722064978/repo/0.3.0/.xml/postboy/postboy_client.xml",
                         "/home/pete/wefwefwef/docs/other/9722064978/repo/0.3.0/.xml/postboy/postboy_codec.xml",
                         "/home/pete/wefwefwef/docs/other/9722064978/repo/0.3.0/.xml/postboy/postboy_app.xml",
                         "/home/pete/wefwefwef/docs/other/9722064978/repo/0.3.0/.xml/postboy/postboy.xml",
                         "/home/pete/wefwefwef/docs/other/9722064978/repo/0.3.0/.xml/postboy/postboy_mime.xml",
                         "/home/pete/wefwefwef/docs/other/9722064978/repo/0.3.0/.xml/postboy/postboy_sock.xml"]
Generating HTML - postboy_client "/home/pete/wefwefwef/docs/other/9722064978/repo/0.3.0/.xml/postboy/postboy_client.xml"
Generating HTML - postboy_codec "/home/pete/wefwefwef/docs/other/9722064978/repo/0.3.0/.xml/postboy/postboy_codec.xml"
Generating HTML - postboy_app "/home/pete/wefwefwef/docs/other/9722064978/repo/0.3.0/.xml/postboy/postboy_app.xml"
Generating HTML - postboy_sock "/home/pete/wefwefwef/docs/other/9722064978/repo/0.3.0/.xml/postboy/postboy_sock.xml"
Reading XML for "/home/pete/wefwefwef/docs/other/9722064978/repo/0.3.0/.xml/postboy/postboy_client.xml"
Reading XML for "/home/pete/wefwefwef/docs/other/9722064978/repo/0.3.0/.xml/postboy/postboy_codec.xml"
Reading XML for "/home/pete/wefwefwef/docs/other/9722064978/repo/0.3.0/.xml/postboy/postboy_app.xml"
Reading XML for "/home/pete/wefwefwef/docs/other/9722064978/repo/0.3.0/.xml/postboy/postboy_sock.xml"
Reading XML for "/home/pete/wefwefwef/docs/other/9722064978/repo/0.3.0/.xml/specs_postboy_app.xml"
Reading XML for "/home/pete/wefwefwef/docs/other/9722064978/repo/0.3.0/.xml/specs_postboy_client.xml"
Reading XML for "/home/pete/wefwefwef/docs/other/9722064978/repo/0.3.0/.xml/specs_postboy_codec.xml"
Reading XML for "/home/pete/wefwefwef/docs/other/9722064978/repo/0.3.0/.xml/specs_postboy_sock.xml"
Generating HTML - postboy_mime "/home/pete/wefwefwef/docs/other/9722064978/repo/0.3.0/.xml/postboy/postboy_mime.xml"
Reading XML for "/home/pete/wefwefwef/docs/other/9722064978/repo/0.3.0/.xml/postboy/postboy_mime.xml"
Reading XML for "/home/pete/wefwefwef/docs/other/9722064978/repo/0.3.0/.xml/specs_postboy_mime.xml"
Generating HTML - postboy "/home/pete/wefwefwef/docs/other/9722064978/repo/0.3.0/.xml/postboy/postboy.xml"
Reading XML for "/home/pete/wefwefwef/docs/other/9722064978/repo/0.3.0/.xml/postboy/postboy.xml"
Reading XML for "/home/pete/wefwefwef/docs/other/9722064978/repo/0.3.0/.xml/specs_postboy.xml"
Creating index.html ...
Creating erldocs_index.js ...
Woot, finished in 0 Minutes 0 Seconds
 :: Discovering other repos
$ 5000  `rm -r '/home/pete/wefwefwef/docs/other/9722064978/postboy-branch-0.3.0'  2>&1`
 :: Processing https://github.com/vkletsko/postboy	{rev,branch,"master","2fccf092bea3a4e546fd77e37d4158783b0b7fb9"}
 :: Fetching repo code
$ cd "/home/pete/wefwefwef/docs/other/9722064978/postboy-branch-master/postboy"
$ infinity  `curl --fail --silent --show-error --location --output 'master.zip' 'https://github.com/vkletsko/postboy/archive/master.zip'  2>&1`
$ cd "/home/pete/wefwefwef/docs/erldocs_other.git"
$ cd "/home/pete/wefwefwef/docs/other/9722064978/postboy-branch-master/postboy"
$ 5000  `find -P . -type l -delete  2>&1`
$ cd "/home/pete/wefwefwef/docs/erldocs_other.git"
$ cd "/home/pete/wefwefwef/docs/other/9722064978/postboy-branch-master/postboy"
$ 5000  `find 'postboy-master' -mindepth 1 -maxdepth 1 -exec mv -t . -- {} +  2>&1`
$ cd "/home/pete/wefwefwef/docs/erldocs_other.git"
 :: Getting dependencies
$ cd "/home/pete/wefwefwef/docs/other/9722064978/postboy-branch-master/postboy"
$ 5000  `ls -1 deps/  2>&1`
$ cd "/home/pete/wefwefwef/docs/erldocs_other.git"
>>> [rebar] deps = []
 :: Generating erldocs into /home/pete/wefwefwef/docs/other/9722064978/repo/master
Building postboy
Generating Type Specs - "/home/pete/wefwefwef/docs/other/9722064978/postboy-branch-master/postboy/src/postboy.erl"
Generating Type Specs - "/home/pete/wefwefwef/docs/other/9722064978/postboy-branch-master/postboy/src/postboy_app.erl"
Generating Type Specs - "/home/pete/wefwefwef/docs/other/9722064978/postboy-branch-master/postboy/src/postboy_client.erl"
Generating Type Specs - "/home/pete/wefwefwef/docs/other/9722064978/postboy-branch-master/postboy/src/postboy_codec.erl"
Generating Type Specs - "/home/pete/wefwefwef/docs/other/9722064978/postboy-branch-master/postboy/src/postboy_mime.erl"
Generating Type Specs - "/home/pete/wefwefwef/docs/other/9722064978/postboy-branch-master/postboy/src/postboy_sock.erl"
Generating XML for application postboy "/home/pete/wefwefwef/docs/other/9722064978/postboy-branch-master/postboy" -> "/home/pete/wefwefwef/docs/other/9722064978/repo/master/.xml/postboy"
Generated postboy XMLs: ["/home/pete/wefwefwef/docs/other/9722064978/repo/master/.xml/postboy/postboy_client.xml",
                         "/home/pete/wefwefwef/docs/other/9722064978/repo/master/.xml/postboy/postboy_codec.xml",
                         "/home/pete/wefwefwef/docs/other/9722064978/repo/master/.xml/postboy/postboy_app.xml",
                         "/home/pete/wefwefwef/docs/other/9722064978/repo/master/.xml/postboy/postboy.xml",
                         "/home/pete/wefwefwef/docs/other/9722064978/repo/master/.xml/postboy/postboy_mime.xml",
                         "/home/pete/wefwefwef/docs/other/9722064978/repo/master/.xml/postboy/postboy_sock.xml"]
Generating HTML - postboy_client "/home/pete/wefwefwef/docs/other/9722064978/repo/master/.xml/postboy/postboy_client.xml"
Generating HTML - postboy_codec "/home/pete/wefwefwef/docs/other/9722064978/repo/master/.xml/postboy/postboy_codec.xml"
Generating HTML - postboy_app "/home/pete/wefwefwef/docs/other/9722064978/repo/master/.xml/postboy/postboy_app.xml"
Generating HTML - postboy_sock "/home/pete/wefwefwef/docs/other/9722064978/repo/master/.xml/postboy/postboy_sock.xml"
Reading XML for "/home/pete/wefwefwef/docs/other/9722064978/repo/master/.xml/postboy/postboy_client.xml"
Reading XML for "/home/pete/wefwefwef/docs/other/9722064978/repo/master/.xml/postboy/postboy_codec.xml"
Reading XML for "/home/pete/wefwefwef/docs/other/9722064978/repo/master/.xml/postboy/postboy_app.xml"
Reading XML for "/home/pete/wefwefwef/docs/other/9722064978/repo/master/.xml/postboy/postboy_sock.xml"
Reading XML for "/home/pete/wefwefwef/docs/other/9722064978/repo/master/.xml/specs_postboy_codec.xml"
Reading XML for "/home/pete/wefwefwef/docs/other/9722064978/repo/master/.xml/specs_postboy_client.xml"
Reading XML for "/home/pete/wefwefwef/docs/other/9722064978/repo/master/.xml/specs_postboy_sock.xml"
Reading XML for "/home/pete/wefwefwef/docs/other/9722064978/repo/master/.xml/specs_postboy_app.xml"
Generating HTML - postboy_mime "/home/pete/wefwefwef/docs/other/9722064978/repo/master/.xml/postboy/postboy_mime.xml"
Reading XML for "/home/pete/wefwefwef/docs/other/9722064978/repo/master/.xml/postboy/postboy_mime.xml"
Reading XML for "/home/pete/wefwefwef/docs/other/9722064978/repo/master/.xml/specs_postboy_mime.xml"
Generating HTML - postboy "/home/pete/wefwefwef/docs/other/9722064978/repo/master/.xml/postboy/postboy.xml"
Reading XML for "/home/pete/wefwefwef/docs/other/9722064978/repo/master/.xml/postboy/postboy.xml"
Reading XML for "/home/pete/wefwefwef/docs/other/9722064978/repo/master/.xml/specs_postboy.xml"
Creating index.html ...
Creating erldocs_index.js ...
Woot, finished in 0 Minutes 0 Seconds
 :: Discovering other repos
$ 5000  `rm -r '/home/pete/wefwefwef/docs/other/9722064978/postboy-branch-master'  2>&1`
 :: Erldocs finishing up
$ 5000  `rm -r '/home/pete/wefwefwef/docs/other/9722064978/postboy'  2>&1`
