 :: Extracting meta information
$ 5000  `git ls-remote --heads --tags 'https://github.com/bradfordw/riak_csv'  2>&1`
>>> [repo] 1 branches, 0 tags
 :: Writing meta to "/home/pete/wefwefwef/docs/other/9751458017/meta.txt"
 :: Processing https://github.com/bradfordw/riak_csv	{rev,branch,"master","3208c5d718883b0f50813dc6765f06a6154afcaa"}
 :: Fetching repo code
$ cd "/home/pete/wefwefwef/docs/other/9751458017/riak_csv-branch-master/riak_csv"
$ infinity  `curl --fail --silent --show-error --location --output 'master.zip' 'https://github.com/bradfordw/riak_csv/archive/master.zip'  2>&1`
$ cd "/home/pete/wefwefwef/docs/erldocs_other.git"
$ cd "/home/pete/wefwefwef/docs/other/9751458017/riak_csv-branch-master/riak_csv"
$ 5000  `find -P . -type l -delete  2>&1`
$ cd "/home/pete/wefwefwef/docs/erldocs_other.git"
$ cd "/home/pete/wefwefwef/docs/other/9751458017/riak_csv-branch-master/riak_csv"
$ 5000  `find 'riak_csv-master' -mindepth 1 -maxdepth 1 -exec mv -t . -- {} +  2>&1`
$ cd "/home/pete/wefwefwef/docs/erldocs_other.git"
 :: Getting dependencies
$ cd "/home/pete/wefwefwef/docs/other/9751458017/riak_csv-branch-master/riak_csv"
$ 5000  `ls -1 deps/  2>&1`
$ cd "/home/pete/wefwefwef/docs/erldocs_other.git"
>>> [rebar] deps = []
 :: Generating erldocs into /home/pete/wefwefwef/docs/other/9751458017/repo/master
Building riak_csv
Generating Type Specs - "/home/pete/wefwefwef/docs/other/9751458017/riak_csv-branch-master/riak_csv/src/riak_csv_app.erl"
Generating Type Specs - "/home/pete/wefwefwef/docs/other/9751458017/riak_csv-branch-master/riak_csv/src/riak_csv_file.erl"
/home/pete/wefwefwef/docs/other/9751458017/riak_csv-branch-master/riak_csv/src/riak_csv_file.erl: at line 16: can't find include lib "webmachine/include/webmachine.hrl"
EDoc could not process file '/home/pete/wefwefwef/docs/other/9751458017/riak_csv-branch-master/riak_csv/src/riak_csv_file.erl'
Error generating type specs for "/home/pete/wefwefwef/docs/other/9751458017/riak_csv-branch-master/riak_csv/src/riak_csv_file.erl"
Generating Type Specs - "/home/pete/wefwefwef/docs/other/9751458017/riak_csv-branch-master/riak_csv/src/riak_csv_sup.erl"
Generating XML for application riak_csv "/home/pete/wefwefwef/docs/other/9751458017/riak_csv-branch-master/riak_csv" -> "/home/pete/wefwefwef/docs/other/9751458017/repo/master/.xml/riak_csv"
/home/pete/wefwefwef/docs/other/9751458017/riak_csv-branch-master/riak_csv/src/riak_csv_file.erl: at line 16: can't find include lib "webmachine/include/webmachine.hrl"
edoc: skipping source file '/home/pete/wefwefwef/docs/other/9751458017/riak_csv-branch-master/riak_csv/src/riak_csv_file.erl': {'EXIT',
                                                                                                                          error}.
edoc: error in doclet 'edoc_doclet': {'EXIT',error}.
Error generating riak_csv XMLs. Using fallback ...
Generating XML riak_csv - riak_csv_app "/home/pete/wefwefwef/docs/other/9751458017/riak_csv-branch-master/riak_csv/src/riak_csv_app.erl" -> "/home/pete/wefwefwef/docs/other/9751458017/repo/master/.xml/riak_csv/riak_csv_app.xml"
Generating XML riak_csv - riak_csv_file "/home/pete/wefwefwef/docs/other/9751458017/riak_csv-branch-master/riak_csv/src/riak_csv_file.erl" -> "/home/pete/wefwefwef/docs/other/9751458017/repo/master/.xml/riak_csv/riak_csv_file.xml"
/home/pete/wefwefwef/docs/other/9751458017/riak_csv-branch-master/riak_csv/src/riak_csv_file.erl: at line 16: can't find include lib "webmachine/include/webmachine.hrl"
Error generating XML ("/home/pete/wefwefwef/docs/other/9751458017/riak_csv-branch-master/riak_csv/src/riak_csv_file.erl"): {'EXIT',
                                                                                                                            error}
Generating XML riak_csv - riak_csv_sup "/home/pete/wefwefwef/docs/other/9751458017/riak_csv-branch-master/riak_csv/src/riak_csv_sup.erl" -> "/home/pete/wefwefwef/docs/other/9751458017/repo/master/.xml/riak_csv/riak_csv_sup.xml"
Generating HTML - riak_csv_app "/home/pete/wefwefwef/docs/other/9751458017/repo/master/.xml/riak_csv/riak_csv_app.xml"
Reading XML for "/home/pete/wefwefwef/docs/other/9751458017/repo/master/.xml/riak_csv/riak_csv_app.xml"
Reading XML for "/home/pete/wefwefwef/docs/other/9751458017/repo/master/.xml/specs_riak_csv_app.xml"
Generating HTML - riak_csv_sup "/home/pete/wefwefwef/docs/other/9751458017/repo/master/.xml/riak_csv/riak_csv_sup.xml"
Reading XML for "/home/pete/wefwefwef/docs/other/9751458017/repo/master/.xml/riak_csv/riak_csv_sup.xml"
Reading XML for "/home/pete/wefwefwef/docs/other/9751458017/repo/master/.xml/specs_riak_csv_sup.xml"
Creating index.html ...
Creating erldocs_index.js ...
Woot, finished in 0 Minutes 0 Seconds
 :: Discovering other repos
$ 5000  `rm -r '/home/pete/wefwefwef/docs/other/9751458017/riak_csv-branch-master'  2>&1`
 :: Erldocs finishing up
$ 5000  `rm -r '/home/pete/wefwefwef/docs/other/9751458017/riak_csv'  2>&1`
