 :: Extracting meta information
$ 5000  `git ls-remote --heads --tags 'https://github.com/dweldon/edate'  2>&1`
>>> [repo] 1 branches, 0 tags
 :: Writing meta to "/home/pete/wefwefwef/docs/other/8682836238/meta.txt"
 :: Processing https://github.com/dweldon/edate	{rev,branch,"master","640718ee7fde7d5bac0c5d228d0a4acd8712f719",undefined,[],[]}
 :: Fetching repo code
$ cd "/home/pete/wefwefwef/docs/other/8682836238/edate-branch-master/edate"
$ infinity  `curl --fail --silent --show-error --location --output 'master.zip' 'https://github.com/dweldon/edate/archive/master.zip'  2>&1`
$ cd "/home/pete/wefwefwef/docs/erldocs_other.git"
$ cd "/home/pete/wefwefwef/docs/other/8682836238/edate-branch-master/edate"
$ 5000  `find -P . -type l -delete  2>&1`
$ cd "/home/pete/wefwefwef/docs/erldocs_other.git"
$ cd "/home/pete/wefwefwef/docs/other/8682836238/edate-branch-master/edate"
$ 5000  `find 'edate-master' -mindepth 1 -maxdepth 1 -exec mv -t . -- {} +  2>&1`
$ cd "/home/pete/wefwefwef/docs/erldocs_other.git"
 :: Getting dependencies
$ cd "/home/pete/wefwefwef/docs/other/8682836238/edate-branch-master/edate"
$ 5000  `ls -1 deps/  2>&1`
$ cd "/home/pete/wefwefwef/docs/erldocs_other.git"
>>> [rebar] deps = []
 :: Generating erldocs into /home/pete/wefwefwef/docs/other/8682836238/repo/master
Building edate
Generating Type Specs - "/home/pete/wefwefwef/docs/other/8682836238/edate-branch-master/edate/src/edate.erl"
Generating XML for application edate "/home/pete/wefwefwef/docs/other/8682836238/edate-branch-master/edate" -> "/home/pete/wefwefwef/docs/other/8682836238/repo/master/.xml/edate"
Generated edate XMLs: ["/home/pete/wefwefwef/docs/other/8682836238/repo/master/.xml/edate/edate.xml"]
Generating HTML - edate "/home/pete/wefwefwef/docs/other/8682836238/repo/master/.xml/edate/edate.xml"
Reading XML for "/home/pete/wefwefwef/docs/other/8682836238/repo/master/.xml/edate/edate.xml"
Reading XML for "/home/pete/wefwefwef/docs/other/8682836238/repo/master/.xml/specs_edate.xml"
Creating index.html ...
Creating erldocs_index.js ...
Woot, finished in 0 Minutes 0 Seconds
 :: Discovering other repos
$ 5000  `rm -r '/home/pete/wefwefwef/docs/other/8682836238/edate-branch-master'  2>&1`
 :: Finishing up
$ 5000  `rm -r '/home/pete/wefwefwef/docs/other/8682836238/edate'  2>&1`
