 :: Extracting meta information
$ 5000  `git ls-remote --heads --tags 'https://github.com/urbanserj/robotparser'  2>&1`
>>> [repo] 1 branches, 4 tags
 :: Writing meta to "/home/pete/wefwefwef/docs/other/1996204654/meta.txt"
 :: Processing https://github.com/urbanserj/robotparser	{rev,tag,"0.1","57678f353bf15c738ebdaf61eee6a9316ffa2849",undefined,[],[]}
 :: Fetching repo code
$ cd "/home/pete/wefwefwef/docs/other/1996204654/robotparser-tag-0.1/robotparser"
$ infinity  `curl --fail --silent --show-error --location --output '0.1.zip' 'https://github.com/urbanserj/robotparser/archive/0.1.zip'  2>&1`
$ cd "/home/pete/wefwefwef/docs/erldocs_other.git"
$ cd "/home/pete/wefwefwef/docs/other/1996204654/robotparser-tag-0.1/robotparser"
$ 5000  `find -P . -type l -delete  2>&1`
$ cd "/home/pete/wefwefwef/docs/erldocs_other.git"
$ cd "/home/pete/wefwefwef/docs/other/1996204654/robotparser-tag-0.1/robotparser"
$ 5000  `find 'robotparser-0.1' -mindepth 1 -maxdepth 1 -exec mv -t . -- {} +  2>&1`
$ cd "/home/pete/wefwefwef/docs/erldocs_other.git"
 :: Getting dependencies
$ cd "/home/pete/wefwefwef/docs/other/1996204654/robotparser-tag-0.1/robotparser"
$ 5000  `ls -1 deps/  2>&1`
$ cd "/home/pete/wefwefwef/docs/erldocs_other.git"
>>> [rebar] deps = []
 :: Generating erldocs into /home/pete/wefwefwef/docs/other/1996204654/repo/0.1
Building robotparser
Generating Type Specs - "/home/pete/wefwefwef/docs/other/1996204654/robotparser-tag-0.1/robotparser/src/robotparser.erl"
Generating XML for application robotparser "/home/pete/wefwefwef/docs/other/1996204654/robotparser-tag-0.1/robotparser" -> "/home/pete/wefwefwef/docs/other/1996204654/repo/0.1/.xml/robotparser"
Generated robotparser XMLs: ["/home/pete/wefwefwef/docs/other/1996204654/repo/0.1/.xml/robotparser/robotparser.xml"]
Generating HTML - robotparser "/home/pete/wefwefwef/docs/other/1996204654/repo/0.1/.xml/robotparser/robotparser.xml"
Reading XML for "/home/pete/wefwefwef/docs/other/1996204654/repo/0.1/.xml/robotparser/robotparser.xml"
Reading XML for "/home/pete/wefwefwef/docs/other/1996204654/repo/0.1/.xml/specs_robotparser.xml"
Creating index.html ...
Creating erldocs_index.js ...
Woot, finished in 0 Minutes 0 Seconds
 :: Discovering other repos
$ 5000  `rm -r '/home/pete/wefwefwef/docs/other/1996204654/robotparser-tag-0.1'  2>&1`
 :: Processing https://github.com/urbanserj/robotparser	{rev,tag,"0.1.1","d5f37e8021b68896298046dff850519943682d70",undefined,[],[]}
 :: Fetching repo code
$ cd "/home/pete/wefwefwef/docs/other/1996204654/robotparser-tag-0.1.1/robotparser"
$ infinity  `curl --fail --silent --show-error --location --output '0.1.1.zip' 'https://github.com/urbanserj/robotparser/archive/0.1.1.zip'  2>&1`
$ cd "/home/pete/wefwefwef/docs/erldocs_other.git"
$ cd "/home/pete/wefwefwef/docs/other/1996204654/robotparser-tag-0.1.1/robotparser"
$ 5000  `find -P . -type l -delete  2>&1`
$ cd "/home/pete/wefwefwef/docs/erldocs_other.git"
$ cd "/home/pete/wefwefwef/docs/other/1996204654/robotparser-tag-0.1.1/robotparser"
$ 5000  `find 'robotparser-0.1.1' -mindepth 1 -maxdepth 1 -exec mv -t . -- {} +  2>&1`
$ cd "/home/pete/wefwefwef/docs/erldocs_other.git"
 :: Getting dependencies
$ cd "/home/pete/wefwefwef/docs/other/1996204654/robotparser-tag-0.1.1/robotparser"
$ 5000  `ls -1 deps/  2>&1`
$ cd "/home/pete/wefwefwef/docs/erldocs_other.git"
>>> [rebar] deps = []
 :: Generating erldocs into /home/pete/wefwefwef/docs/other/1996204654/repo/0.1.1
Building robotparser
Generating Type Specs - "/home/pete/wefwefwef/docs/other/1996204654/robotparser-tag-0.1.1/robotparser/src/robotparser.erl"
Generating XML for application robotparser "/home/pete/wefwefwef/docs/other/1996204654/robotparser-tag-0.1.1/robotparser" -> "/home/pete/wefwefwef/docs/other/1996204654/repo/0.1.1/.xml/robotparser"
Generated robotparser XMLs: ["/home/pete/wefwefwef/docs/other/1996204654/repo/0.1.1/.xml/robotparser/robotparser.xml"]
Generating HTML - robotparser "/home/pete/wefwefwef/docs/other/1996204654/repo/0.1.1/.xml/robotparser/robotparser.xml"
Reading XML for "/home/pete/wefwefwef/docs/other/1996204654/repo/0.1.1/.xml/robotparser/robotparser.xml"
Reading XML for "/home/pete/wefwefwef/docs/other/1996204654/repo/0.1.1/.xml/specs_robotparser.xml"
Creating index.html ...
Creating erldocs_index.js ...
Woot, finished in 0 Minutes 0 Seconds
 :: Discovering other repos
$ 5000  `rm -r '/home/pete/wefwefwef/docs/other/1996204654/robotparser-tag-0.1.1'  2>&1`
 :: Processing https://github.com/urbanserj/robotparser	{rev,tag,"0.1.2","17590e01fc2604210ba2e788bc0dcb5b2dccefed",undefined,[],[]}
 :: Fetching repo code
$ cd "/home/pete/wefwefwef/docs/other/1996204654/robotparser-tag-0.1.2/robotparser"
$ infinity  `curl --fail --silent --show-error --location --output '0.1.2.zip' 'https://github.com/urbanserj/robotparser/archive/0.1.2.zip'  2>&1`
$ cd "/home/pete/wefwefwef/docs/erldocs_other.git"
$ cd "/home/pete/wefwefwef/docs/other/1996204654/robotparser-tag-0.1.2/robotparser"
$ 5000  `find -P . -type l -delete  2>&1`
$ cd "/home/pete/wefwefwef/docs/erldocs_other.git"
$ cd "/home/pete/wefwefwef/docs/other/1996204654/robotparser-tag-0.1.2/robotparser"
$ 5000  `find 'robotparser-0.1.2' -mindepth 1 -maxdepth 1 -exec mv -t . -- {} +  2>&1`
$ cd "/home/pete/wefwefwef/docs/erldocs_other.git"
 :: Getting dependencies
$ cd "/home/pete/wefwefwef/docs/other/1996204654/robotparser-tag-0.1.2/robotparser"
$ 5000  `ls -1 deps/  2>&1`
$ cd "/home/pete/wefwefwef/docs/erldocs_other.git"
>>> [rebar] deps = []
 :: Generating erldocs into /home/pete/wefwefwef/docs/other/1996204654/repo/0.1.2
Building robotparser
Generating Type Specs - "/home/pete/wefwefwef/docs/other/1996204654/robotparser-tag-0.1.2/robotparser/src/robotparser.erl"
Generating XML for application robotparser "/home/pete/wefwefwef/docs/other/1996204654/robotparser-tag-0.1.2/robotparser" -> "/home/pete/wefwefwef/docs/other/1996204654/repo/0.1.2/.xml/robotparser"
Generated robotparser XMLs: ["/home/pete/wefwefwef/docs/other/1996204654/repo/0.1.2/.xml/robotparser/robotparser.xml"]
Generating HTML - robotparser "/home/pete/wefwefwef/docs/other/1996204654/repo/0.1.2/.xml/robotparser/robotparser.xml"
Reading XML for "/home/pete/wefwefwef/docs/other/1996204654/repo/0.1.2/.xml/robotparser/robotparser.xml"
Reading XML for "/home/pete/wefwefwef/docs/other/1996204654/repo/0.1.2/.xml/specs_robotparser.xml"
Creating index.html ...
Creating erldocs_index.js ...
Woot, finished in 0 Minutes 0 Seconds
 :: Discovering other repos
$ 5000  `rm -r '/home/pete/wefwefwef/docs/other/1996204654/robotparser-tag-0.1.2'  2>&1`
 :: Processing https://github.com/urbanserj/robotparser	{rev,tag,"0.2","6b19a73b2c260c25fc887e114ef6a24e6ea8f967",undefined,[],[]}
 :: Fetching repo code
$ cd "/home/pete/wefwefwef/docs/other/1996204654/robotparser-tag-0.2/robotparser"
$ infinity  `curl --fail --silent --show-error --location --output '0.2.zip' 'https://github.com/urbanserj/robotparser/archive/0.2.zip'  2>&1`
$ cd "/home/pete/wefwefwef/docs/erldocs_other.git"
$ cd "/home/pete/wefwefwef/docs/other/1996204654/robotparser-tag-0.2/robotparser"
$ 5000  `find -P . -type l -delete  2>&1`
$ cd "/home/pete/wefwefwef/docs/erldocs_other.git"
$ cd "/home/pete/wefwefwef/docs/other/1996204654/robotparser-tag-0.2/robotparser"
$ 5000  `find 'robotparser-0.2' -mindepth 1 -maxdepth 1 -exec mv -t . -- {} +  2>&1`
$ cd "/home/pete/wefwefwef/docs/erldocs_other.git"
 :: Getting dependencies
$ cd "/home/pete/wefwefwef/docs/other/1996204654/robotparser-tag-0.2/robotparser"
$ 5000  `ls -1 deps/  2>&1`
$ cd "/home/pete/wefwefwef/docs/erldocs_other.git"
>>> [rebar] deps = []
 :: Generating erldocs into /home/pete/wefwefwef/docs/other/1996204654/repo/0.2
Building robotparser
Generating Type Specs - "/home/pete/wefwefwef/docs/other/1996204654/robotparser-tag-0.2/robotparser/src/robotparser.erl"
Generating XML for application robotparser "/home/pete/wefwefwef/docs/other/1996204654/robotparser-tag-0.2/robotparser" -> "/home/pete/wefwefwef/docs/other/1996204654/repo/0.2/.xml/robotparser"
Generated robotparser XMLs: ["/home/pete/wefwefwef/docs/other/1996204654/repo/0.2/.xml/robotparser/robotparser.xml"]
Generating HTML - robotparser "/home/pete/wefwefwef/docs/other/1996204654/repo/0.2/.xml/robotparser/robotparser.xml"
Reading XML for "/home/pete/wefwefwef/docs/other/1996204654/repo/0.2/.xml/robotparser/robotparser.xml"
Reading XML for "/home/pete/wefwefwef/docs/other/1996204654/repo/0.2/.xml/specs_robotparser.xml"
Creating index.html ...
Creating erldocs_index.js ...
Woot, finished in 0 Minutes 0 Seconds
 :: Discovering other repos
$ 5000  `rm -r '/home/pete/wefwefwef/docs/other/1996204654/robotparser-tag-0.2'  2>&1`
 :: Processing https://github.com/urbanserj/robotparser	{rev,branch,"master","6b19a73b2c260c25fc887e114ef6a24e6ea8f967",undefined,[],[]}
 :: Fetching repo code
$ cd "/home/pete/wefwefwef/docs/other/1996204654/robotparser-branch-master/robotparser"
$ infinity  `curl --fail --silent --show-error --location --output 'master.zip' 'https://github.com/urbanserj/robotparser/archive/master.zip'  2>&1`
$ cd "/home/pete/wefwefwef/docs/erldocs_other.git"
$ cd "/home/pete/wefwefwef/docs/other/1996204654/robotparser-branch-master/robotparser"
$ 5000  `find -P . -type l -delete  2>&1`
$ cd "/home/pete/wefwefwef/docs/erldocs_other.git"
$ cd "/home/pete/wefwefwef/docs/other/1996204654/robotparser-branch-master/robotparser"
$ 5000  `find 'robotparser-master' -mindepth 1 -maxdepth 1 -exec mv -t . -- {} +  2>&1`
$ cd "/home/pete/wefwefwef/docs/erldocs_other.git"
 :: Getting dependencies
$ cd "/home/pete/wefwefwef/docs/other/1996204654/robotparser-branch-master/robotparser"
$ 5000  `ls -1 deps/  2>&1`
$ cd "/home/pete/wefwefwef/docs/erldocs_other.git"
>>> [rebar] deps = []
 :: Generating erldocs into /home/pete/wefwefwef/docs/other/1996204654/repo/master
Building robotparser
Generating Type Specs - "/home/pete/wefwefwef/docs/other/1996204654/robotparser-branch-master/robotparser/src/robotparser.erl"
Generating XML for application robotparser "/home/pete/wefwefwef/docs/other/1996204654/robotparser-branch-master/robotparser" -> "/home/pete/wefwefwef/docs/other/1996204654/repo/master/.xml/robotparser"
Generated robotparser XMLs: ["/home/pete/wefwefwef/docs/other/1996204654/repo/master/.xml/robotparser/robotparser.xml"]
Generating HTML - robotparser "/home/pete/wefwefwef/docs/other/1996204654/repo/master/.xml/robotparser/robotparser.xml"
Reading XML for "/home/pete/wefwefwef/docs/other/1996204654/repo/master/.xml/robotparser/robotparser.xml"
Reading XML for "/home/pete/wefwefwef/docs/other/1996204654/repo/master/.xml/specs_robotparser.xml"
Creating index.html ...
Creating erldocs_index.js ...
Woot, finished in 0 Minutes 0 Seconds
 :: Discovering other repos
$ 5000  `rm -r '/home/pete/wefwefwef/docs/other/1996204654/robotparser-branch-master'  2>&1`
 :: Finishing up
$ 5000  `rm -r '/home/pete/wefwefwef/docs/other/1996204654/robotparser'  2>&1`
