 :: Extracting meta information
$ 5000  `git ls-remote --heads --tags 'https://github.com/leebdeveloper/inoteefy'  2>&1`
>>> [repo] 1 branches, 0 tags
 :: Writing meta to "/home/pete/wefwefwef/docs/other/6791387262/meta.txt"
 :: Processing https://github.com/leebdeveloper/inoteefy	{rev,branch,"master","a54935758e6a5dda891647c3c2ae70a0744ab473",undefined,[],[]}
 :: Fetching repo code
$ cd "/home/pete/wefwefwef/docs/other/6791387262/inoteefy-branch-master/inoteefy"
$ infinity  `curl --fail --silent --show-error --location --output 'master.zip' 'https://github.com/leebdeveloper/inoteefy/archive/master.zip'  2>&1`
$ cd "/home/pete/wefwefwef/docs/erldocs_other.git"
$ cd "/home/pete/wefwefwef/docs/other/6791387262/inoteefy-branch-master/inoteefy"
$ 5000  `find -P . -type l -delete  2>&1`
$ cd "/home/pete/wefwefwef/docs/erldocs_other.git"
$ cd "/home/pete/wefwefwef/docs/other/6791387262/inoteefy-branch-master/inoteefy"
$ 5000  `find 'inoteefy-master' -mindepth 1 -maxdepth 1 -exec mv -t . -- {} +  2>&1`
$ cd "/home/pete/wefwefwef/docs/erldocs_other.git"
 :: Getting dependencies
$ cd "/home/pete/wefwefwef/docs/other/6791387262/inoteefy-branch-master/inoteefy"
$ 5000  `ls -1 deps/  2>&1`
$ cd "/home/pete/wefwefwef/docs/erldocs_other.git"
>>> [rebar] deps = []
 :: Generating erldocs into /home/pete/wefwefwef/docs/other/6791387262/repo/master
Building inoteefy
Generating Type Specs - "/home/pete/wefwefwef/docs/other/6791387262/inoteefy-branch-master/inoteefy/src/inoteefy.erl"
Generating Type Specs - "/home/pete/wefwefwef/docs/other/6791387262/inoteefy-branch-master/inoteefy/src/inoteefy_app.erl"
Generating Type Specs - "/home/pete/wefwefwef/docs/other/6791387262/inoteefy-branch-master/inoteefy/src/inoteefy_sup.erl"
Generating XML for application inoteefy "/home/pete/wefwefwef/docs/other/6791387262/inoteefy-branch-master/inoteefy" -> "/home/pete/wefwefwef/docs/other/6791387262/repo/master/.xml/inoteefy"
Generated inoteefy XMLs: ["/home/pete/wefwefwef/docs/other/6791387262/repo/master/.xml/inoteefy/inoteefy_app.xml",
                          "/home/pete/wefwefwef/docs/other/6791387262/repo/master/.xml/inoteefy/inoteefy_sup.xml",
                          "/home/pete/wefwefwef/docs/other/6791387262/repo/master/.xml/inoteefy/inoteefy.xml"]
Generating HTML - inoteefy "/home/pete/wefwefwef/docs/other/6791387262/repo/master/.xml/inoteefy/inoteefy.xml"
Reading XML for "/home/pete/wefwefwef/docs/other/6791387262/repo/master/.xml/inoteefy/inoteefy.xml"
Reading XML for "/home/pete/wefwefwef/docs/other/6791387262/repo/master/.xml/specs_inoteefy.xml"
Generating HTML - inoteefy_sup "/home/pete/wefwefwef/docs/other/6791387262/repo/master/.xml/inoteefy/inoteefy_sup.xml"
Reading XML for "/home/pete/wefwefwef/docs/other/6791387262/repo/master/.xml/inoteefy/inoteefy_sup.xml"
Reading XML for "/home/pete/wefwefwef/docs/other/6791387262/repo/master/.xml/specs_inoteefy_sup.xml"
Generating HTML - inoteefy_app "/home/pete/wefwefwef/docs/other/6791387262/repo/master/.xml/inoteefy/inoteefy_app.xml"
Reading XML for "/home/pete/wefwefwef/docs/other/6791387262/repo/master/.xml/inoteefy/inoteefy_app.xml"
Reading XML for "/home/pete/wefwefwef/docs/other/6791387262/repo/master/.xml/specs_inoteefy_app.xml"
Creating index.html ...
Creating erldocs_index.js ...
Woot, finished in 0 Minutes 0 Seconds
 :: Discovering other repos
$ 5000  `rm -r '/home/pete/wefwefwef/docs/other/6791387262/inoteefy-branch-master'  2>&1`
 :: Finishing up
$ 5000  `rm -r '/home/pete/wefwefwef/docs/other/6791387262/inoteefy'  2>&1`
