 :: Extracting meta information
$ 5000  `git ls-remote --heads --tags 'https://github.com/cypherfox/distributerl'  2>&1`
>>> [repo] 1 branches, 0 tags
 :: Writing meta to "/home/pete/wefwefwef/docs/other/3728626541/meta.txt"
 :: Processing https://github.com/cypherfox/distributerl	{rev,branch,"master","fe5f0bb903a61df9a6e46ad5484861564868674c",undefined,[],[]}
 :: Fetching repo code
$ cd "/home/pete/wefwefwef/docs/other/3728626541/distributerl-branch-master/distributerl"
$ infinity  `curl --fail --silent --show-error --location --output 'master.zip' 'https://github.com/cypherfox/distributerl/archive/master.zip'  2>&1`
$ cd "/home/pete/wefwefwef/docs/erldocs_other.git"
$ cd "/home/pete/wefwefwef/docs/other/3728626541/distributerl-branch-master/distributerl"
$ 5000  `find -P . -type l -delete  2>&1`
$ cd "/home/pete/wefwefwef/docs/erldocs_other.git"
$ cd "/home/pete/wefwefwef/docs/other/3728626541/distributerl-branch-master/distributerl"
$ 5000  `find 'distributerl-master' -mindepth 1 -maxdepth 1 -exec mv -t . -- {} +  2>&1`
$ cd "/home/pete/wefwefwef/docs/erldocs_other.git"
 :: Getting dependencies
$ cd "/home/pete/wefwefwef/docs/other/3728626541/distributerl-branch-master/distributerl"
$ 5000  `ls -1 deps/  2>&1`
$ cd "/home/pete/wefwefwef/docs/erldocs_other.git"
>>> [rebar] deps = []
 :: Generating erldocs into /home/pete/wefwefwef/docs/other/3728626541/repo/master
Building distributerl
Generating Type Specs - "/home/pete/wefwefwef/docs/other/3728626541/distributerl-branch-master/distributerl/src/chash.erl"
Generating Type Specs - "/home/pete/wefwefwef/docs/other/3728626541/distributerl-branch-master/distributerl/src/merkerl.erl"
Generating Type Specs - "/home/pete/wefwefwef/docs/other/3728626541/distributerl-branch-master/distributerl/src/vclock.erl"
Generating XML for application distributerl "/home/pete/wefwefwef/docs/other/3728626541/distributerl-branch-master/distributerl" -> "/home/pete/wefwefwef/docs/other/3728626541/repo/master/.xml/distributerl"
/home/pete/wefwefwef/docs/other/3728626541/distributerl-branch-master/distributerl/src/chash.erl, function fresh/2: at line 49: warning: redefining built-in type 'node'.
/home/pete/wefwefwef/docs/other/3728626541/distributerl-branch-master/distributerl/src/vclock.erl, function fresh/0: at line 38: warning: redefining built-in type 'node'.
Generated distributerl XMLs: ["/home/pete/wefwefwef/docs/other/3728626541/repo/master/.xml/distributerl/vclock.xml",
                              "/home/pete/wefwefwef/docs/other/3728626541/repo/master/.xml/distributerl/merkerl.xml",
                              "/home/pete/wefwefwef/docs/other/3728626541/repo/master/.xml/distributerl/chash.xml"]
Generating HTML - chash "/home/pete/wefwefwef/docs/other/3728626541/repo/master/.xml/distributerl/chash.xml"
Reading XML for "/home/pete/wefwefwef/docs/other/3728626541/repo/master/.xml/distributerl/chash.xml"
Reading XML for "/home/pete/wefwefwef/docs/other/3728626541/repo/master/.xml/specs_chash.xml"
Generating HTML - merkerl "/home/pete/wefwefwef/docs/other/3728626541/repo/master/.xml/distributerl/merkerl.xml"
Reading XML for "/home/pete/wefwefwef/docs/other/3728626541/repo/master/.xml/distributerl/merkerl.xml"
Reading XML for "/home/pete/wefwefwef/docs/other/3728626541/repo/master/.xml/specs_merkerl.xml"
Generating HTML - vclock "/home/pete/wefwefwef/docs/other/3728626541/repo/master/.xml/distributerl/vclock.xml"
Reading XML for "/home/pete/wefwefwef/docs/other/3728626541/repo/master/.xml/distributerl/vclock.xml"
Reading XML for "/home/pete/wefwefwef/docs/other/3728626541/repo/master/.xml/specs_vclock.xml"
Creating index.html ...
Creating erldocs_index.js ...
Woot, finished in 0 Minutes 0 Seconds
 :: Discovering other repos
$ 5000  `rm -r '/home/pete/wefwefwef/docs/other/3728626541/distributerl-branch-master'  2>&1`
 :: Finishing up
$ 5000  `rm -r '/home/pete/wefwefwef/docs/other/3728626541/distributerl'  2>&1`
