 :: Extracting meta information
$ 5000  `git ls-remote --heads --tags 'https://github.com/erlyvideo/udpts'  2>&1`
>>> [repo] 1 branches, 0 tags
 :: Writing meta to "/home/pete/wefwefwef/docs/other/9856521817/meta.txt"
 :: Processing https://github.com/erlyvideo/udpts	{rev,branch,"master","70ed6c43969369d6f094cca031c422264fb4d72c"}
 :: Fetching repo code
$ cd "/home/pete/wefwefwef/docs/other/9856521817/udpts-branch-master/udpts"
$ infinity  `curl --fail --silent --show-error --location --output 'master.zip' 'https://github.com/erlyvideo/udpts/archive/master.zip'  2>&1`
$ cd "/home/pete/wefwefwef/docs/erldocs_other.git"
$ cd "/home/pete/wefwefwef/docs/other/9856521817/udpts-branch-master/udpts"
$ 5000  `find -P . -type l -delete  2>&1`
$ cd "/home/pete/wefwefwef/docs/erldocs_other.git"
$ cd "/home/pete/wefwefwef/docs/other/9856521817/udpts-branch-master/udpts"
$ 5000  `find 'udpts-master' -mindepth 1 -maxdepth 1 -exec mv -t . -- {} +  2>&1`
$ cd "/home/pete/wefwefwef/docs/erldocs_other.git"
 :: Getting dependencies
$ cd "/home/pete/wefwefwef/docs/other/9856521817/udpts-branch-master/udpts"
$ 5000  `ls -1 deps/  2>&1`
$ cd "/home/pete/wefwefwef/docs/erldocs_other.git"
>>> [rebar] deps = []
 :: Generating erldocs into /home/pete/wefwefwef/docs/other/9856521817/repo/master
Building udpts
Generating Type Specs - "/home/pete/wefwefwef/docs/other/9856521817/udpts-branch-master/udpts/src/gen_listener.erl"
EDoc could not process file '/home/pete/wefwefwef/docs/other/9856521817/udpts-branch-master/udpts/src/gen_listener.erl'
Error generating type specs for "/home/pete/wefwefwef/docs/other/9856521817/udpts-branch-master/udpts/src/gen_listener.erl"
Generating Type Specs - "/home/pete/wefwefwef/docs/other/9856521817/udpts-branch-master/udpts/src/mochijson2.erl"
EDoc could not process file '/home/pete/wefwefwef/docs/other/9856521817/udpts-branch-master/udpts/src/mochijson2.erl'
Error generating type specs for "/home/pete/wefwefwef/docs/other/9856521817/udpts-branch-master/udpts/src/mochijson2.erl"
Generating Type Specs - "/home/pete/wefwefwef/docs/other/9856521817/udpts-branch-master/udpts/src/mochinum.erl"
EDoc could not process file '/home/pete/wefwefwef/docs/other/9856521817/udpts-branch-master/udpts/src/mochinum.erl'
Error generating type specs for "/home/pete/wefwefwef/docs/other/9856521817/udpts-branch-master/udpts/src/mochinum.erl"
Generating Type Specs - "/home/pete/wefwefwef/docs/other/9856521817/udpts-branch-master/udpts/src/mpegts_udp.erl"
EDoc could not process file '/home/pete/wefwefwef/docs/other/9856521817/udpts-branch-master/udpts/src/mpegts_udp.erl'
Error generating type specs for "/home/pete/wefwefwef/docs/other/9856521817/udpts-branch-master/udpts/src/mpegts_udp.erl"
Generating Type Specs - "/home/pete/wefwefwef/docs/other/9856521817/udpts-branch-master/udpts/src/udpts.erl"
EDoc could not process file '/home/pete/wefwefwef/docs/other/9856521817/udpts-branch-master/udpts/src/udpts.erl'
Error generating type specs for "/home/pete/wefwefwef/docs/other/9856521817/udpts-branch-master/udpts/src/udpts.erl"
Generating Type Specs - "/home/pete/wefwefwef/docs/other/9856521817/udpts-branch-master/udpts/src/udpts_config.erl"
EDoc could not process file '/home/pete/wefwefwef/docs/other/9856521817/udpts-branch-master/udpts/src/udpts_config.erl'
Error generating type specs for "/home/pete/wefwefwef/docs/other/9856521817/udpts-branch-master/udpts/src/udpts_config.erl"
Generating Type Specs - "/home/pete/wefwefwef/docs/other/9856521817/udpts-branch-master/udpts/src/udpts_http.erl"
EDoc could not process file '/home/pete/wefwefwef/docs/other/9856521817/udpts-branch-master/udpts/src/udpts_http.erl'
Error generating type specs for "/home/pete/wefwefwef/docs/other/9856521817/udpts-branch-master/udpts/src/udpts_http.erl"
Generating Type Specs - "/home/pete/wefwefwef/docs/other/9856521817/udpts-branch-master/udpts/src/udpts_reader.erl"
EDoc could not process file '/home/pete/wefwefwef/docs/other/9856521817/udpts-branch-master/udpts/src/udpts_reader.erl'
Error generating type specs for "/home/pete/wefwefwef/docs/other/9856521817/udpts-branch-master/udpts/src/udpts_reader.erl"
Generating Type Specs - "/home/pete/wefwefwef/docs/other/9856521817/udpts-branch-master/udpts/src/udpts_stats.erl"
EDoc could not process file '/home/pete/wefwefwef/docs/other/9856521817/udpts-branch-master/udpts/src/udpts_stats.erl'
Error generating type specs for "/home/pete/wefwefwef/docs/other/9856521817/udpts-branch-master/udpts/src/udpts_stats.erl"
Generating Type Specs - "/home/pete/wefwefwef/docs/other/9856521817/udpts-branch-master/udpts/src/udpts_sup.erl"
EDoc could not process file '/home/pete/wefwefwef/docs/other/9856521817/udpts-branch-master/udpts/src/udpts_sup.erl'
Error generating type specs for "/home/pete/wefwefwef/docs/other/9856521817/udpts-branch-master/udpts/src/udpts_sup.erl"
Generating XML for application udpts "/home/pete/wefwefwef/docs/other/9856521817/udpts-branch-master/udpts" -> "/home/pete/wefwefwef/docs/other/9856521817/repo/master/.xml/udpts"
edoc: skipping source file '/home/pete/wefwefwef/docs/other/9856521817/udpts-branch-master/udpts/src/udpts_stats.erl': {'EXIT',
                                                                                                                  {system_limit,
                                                                                                                   [{ets,
                                                                                                                     new,
                                                                                                                     [etypes,
                                                                                                                      [ordered_set]],
                                                                                                                     []},
                                                                                                                    {edoc_specs,
                                                                                                                     add_data,
                                                                                                                     4,
                                                                                                                     [{file,
                                                                                                                       "edoc_specs.erl"},
                                                                                                                      {line,
                                                                                                                       109}]},
                                                                                                                    {edoc_extract,
                                                                                                                     source1,
                                                                                                                     5,
                                                                                                                     [{file,
                                                                                                                       [...]},
                                                                                                                      {line,...}]},
                                                                                                                    {edoc_doclet,
                                                                                                                     source,
                                                                                                                     9,
                                                                                                                     [{file,...},
                                                                                                                      {...}]},
                                                                                                                    {lists,
                                                                                                                     foldl,
                                                                                                                     3,
                                                                                                                     [{...}|...]},
                                                                                                                    {edoc_doclet,
                                                                                                                     sources,
                                                                                                                     5,
                                                                                                                     [...]},
                                                                                                                    {edoc_doclet,
                                                                                                                     gen,
                                                                                                                     6,...},
                                                                                                                    {edoc_lib,
                                                                                                                     run_plugin,...}]}}.
/home/pete/wefwefwef/docs/other/9856521817/udpts-branch-master/udpts/src/udpts.erl, in module header: at line 3: error in XML parser: {system_limit,[{ets,new,[rules,[set|...]],[]},
                                    {xmerl_scan,initial_state,2,[{...}|...]},
                                    {xmerl_scan,int_string,4,[...]},
                                    {xmerl_scan,string,2,...},
                                    {edoc_wiki,parse_xml_1,...},
                                    {edoc_wiki,...},
                                    {...}|...]}.
edoc: skipping source file '/home/pete/wefwefwef/docs/other/9856521817/udpts-branch-master/udpts/src/udpts.erl': {'EXIT',
                                                                                                            error}.
/home/pete/wefwefwef/docs/other/9856521817/udpts-branch-master/udpts/src/udpts_reader.erl, in module header: at line 3: error in XML parser: {system_limit,[{ets,new,[rules,[set|...]],[]},
                                    {xmerl_scan,initial_state,2,[{...}|...]},
                                    {xmerl_scan,int_string,4,[...]},
                                    {xmerl_scan,string,2,...},
                                    {edoc_wiki,parse_xml_1,...},
                                    {edoc_wiki,...},
                                    {...}|...]}.
edoc: skipping source file '/home/pete/wefwefwef/docs/other/9856521817/udpts-branch-master/udpts/src/udpts_reader.erl': {'EXIT',
                                                                                                                   error}.
/home/pete/wefwefwef/docs/other/9856521817/udpts-branch-master/udpts/src/mochinum.erl, in module header: at line 4: error in XML parser: {system_limit,[{ets,new,[rules,[set|...]],[]},
                                    {xmerl_scan,initial_state,2,[{...}|...]},
                                    {xmerl_scan,int_string,4,[...]},
                                    {xmerl_scan,string,2,...},
                                    {edoc_wiki,parse_xml_1,...},
                                    {edoc_wiki,...},
                                    {...}|...]}.
edoc: skipping source file '/home/pete/wefwefwef/docs/other/9856521817/udpts-branch-master/udpts/src/mochinum.erl': {'EXIT',
                                                                                                               error}.
/home/pete/wefwefwef/docs/other/9856521817/udpts-branch-master/udpts/src/mpegts_udp.erl, in module header: at line 3: error in XML parser: {system_limit,[{ets,new,[rules,[set|...]],[]},
                                    {xmerl_scan,initial_state,2,[{...}|...]},
                                    {xmerl_scan,int_string,4,[...]},
                                    {xmerl_scan,string,2,...},
                                    {edoc_wiki,parse_xml_1,...},
                                    {edoc_wiki,...},
                                    {...}|...]}.
edoc: skipping source file '/home/pete/wefwefwef/docs/other/9856521817/udpts-branch-master/udpts/src/mpegts_udp.erl': {'EXIT',
                                                                                                                 error}.
/home/pete/wefwefwef/docs/other/9856521817/udpts-branch-master/udpts/src/mochijson2.erl, in module header: at line 4: error in XML parser: {system_limit,[{ets,new,[rules,[set|...]],[]},
                                    {xmerl_scan,initial_state,2,[{...}|...]},
                                    {xmerl_scan,int_string,4,[...]},
                                    {xmerl_scan,string,2,...},
                                    {edoc_wiki,parse_xml_1,...},
                                    {edoc_wiki,...},
                                    {...}|...]}.
edoc: skipping source file '/home/pete/wefwefwef/docs/other/9856521817/udpts-branch-master/udpts/src/mochijson2.erl': {'EXIT',
                                                                                                                 error}.
/home/pete/wefwefwef/docs/other/9856521817/udpts-branch-master/udpts/src/udpts_http.erl, in module header: at line 3: error in XML parser: {system_limit,[{ets,new,[rules,[set|...]],[]},
                                    {xmerl_scan,initial_state,2,[{...}|...]},
                                    {xmerl_scan,int_string,4,[...]},
                                    {xmerl_scan,string,2,...},
                                    {edoc_wiki,parse_xml_1,...},
                                    {edoc_wiki,...},
                                    {...}|...]}.
edoc: skipping source file '/home/pete/wefwefwef/docs/other/9856521817/udpts-branch-master/udpts/src/udpts_http.erl': {'EXIT',
                                                                                                                 error}.
/home/pete/wefwefwef/docs/other/9856521817/udpts-branch-master/udpts/src/udpts_sup.erl, in module header: at line 3: error in XML parser: {system_limit,[{ets,new,[rules,[set|...]],[]},
                                    {xmerl_scan,initial_state,2,[{...}|...]},
                                    {xmerl_scan,int_string,4,[...]},
                                    {xmerl_scan,string,2,...},
                                    {edoc_wiki,parse_xml_1,...},
                                    {edoc_wiki,...},
                                    {...}|...]}.
edoc: skipping source file '/home/pete/wefwefwef/docs/other/9856521817/udpts-branch-master/udpts/src/udpts_sup.erl': {'EXIT',
                                                                                                                error}.
edoc: skipping source file '/home/pete/wefwefwef/docs/other/9856521817/udpts-branch-master/udpts/src/udpts_config.erl': {'EXIT',
                                                                                                                   {system_limit,
                                                                                                                    [{ets,
                                                                                                                      new,
                                                                                                                      [etypes,
                                                                                                                       [ordered_set]],
                                                                                                                      []},
                                                                                                                     {edoc_specs,
                                                                                                                      add_data,
                                                                                                                      4,
                                                                                                                      [{file,
                                                                                                                        "edoc_specs.erl"},
                                                                                                                       {line,
                                                                                                                        109}]},
                                                                                                                     {edoc_extract,
                                                                                                                      source1,
                                                                                                                      5,
                                                                                                                      [{file,
                                                                                                                        [...]},
                                                                                                                       {line,...}]},
                                                                                                                     {edoc_doclet,
                                                                                                                      source,
                                                                                                                      9,
                                                                                                                      [{file,...},
                                                                                                                       {...}]},
                                                                                                                     {lists,
                                                                                                                      foldl,
                                                                                                                      3,
                                                                                                                      [{...}|...]},
                                                                                                                     {edoc_doclet,
                                                                                                                      sources,
                                                                                                                      5,
                                                                                                                      [...]},
                                                                                                                     {edoc_doclet,
                                                                                                                      gen,
                                                                                                                      6,...},
                                                                                                                     {edoc_lib,
                                                                                                                      run_plugin,...}]}}.
/home/pete/wefwefwef/docs/other/9856521817/udpts-branch-master/udpts/src/gen_listener.erl, in module header: at line 3: error in XML parser: {system_limit,[{ets,new,[rules,[set|...]],[]},
                                    {xmerl_scan,initial_state,2,[{...}|...]},
                                    {xmerl_scan,int_string,4,[...]},
                                    {xmerl_scan,string,2,...},
                                    {edoc_wiki,parse_xml_1,...},
                                    {edoc_wiki,...},
                                    {...}|...]}.
edoc: skipping source file '/home/pete/wefwefwef/docs/other/9856521817/udpts-branch-master/udpts/src/gen_listener.erl': {'EXIT',
                                                                                                                   error}.
edoc: error in doclet 'edoc_doclet': {'EXIT',error}.
Error generating udpts XMLs. Using fallback ...
Generating XML udpts - gen_listener "/home/pete/wefwefwef/docs/other/9856521817/udpts-branch-master/udpts/src/gen_listener.erl" -> "/home/pete/wefwefwef/docs/other/9856521817/repo/master/.xml/udpts/gen_listener.xml"
/home/pete/wefwefwef/docs/other/9856521817/udpts-branch-master/udpts/src/gen_listener.erl, in module header: at line 3: error in XML parser: {system_limit,[{ets,new,[rules,[set|...]],[]},
                                    {xmerl_scan,initial_state,2,[{...}|...]},
                                    {xmerl_scan,int_string,4,[...]},
                                    {xmerl_scan,string,2,...},
                                    {edoc_wiki,parse_xml_1,...},
                                    {edoc_wiki,...},
                                    {...}|...]}.
Error generating XML ("/home/pete/wefwefwef/docs/other/9856521817/udpts-branch-master/udpts/src/gen_listener.erl"): {'EXIT',
                                                                                                                     error}
Generating XML udpts - mochijson2 "/home/pete/wefwefwef/docs/other/9856521817/udpts-branch-master/udpts/src/mochijson2.erl" -> "/home/pete/wefwefwef/docs/other/9856521817/repo/master/.xml/udpts/mochijson2.xml"
/home/pete/wefwefwef/docs/other/9856521817/udpts-branch-master/udpts/src/mochijson2.erl, in module header: at line 4: error in XML parser: {system_limit,[{ets,new,[rules,[set|...]],[]},
                                    {xmerl_scan,initial_state,2,[{...}|...]},
                                    {xmerl_scan,int_string,4,[...]},
                                    {xmerl_scan,string,2,...},
                                    {edoc_wiki,parse_xml_1,...},
                                    {edoc_wiki,...},
                                    {...}|...]}.
Error generating XML ("/home/pete/wefwefwef/docs/other/9856521817/udpts-branch-master/udpts/src/mochijson2.erl"): {'EXIT',
                                                                                                                   error}
Generating XML udpts - mochinum "/home/pete/wefwefwef/docs/other/9856521817/udpts-branch-master/udpts/src/mochinum.erl" -> "/home/pete/wefwefwef/docs/other/9856521817/repo/master/.xml/udpts/mochinum.xml"
/home/pete/wefwefwef/docs/other/9856521817/udpts-branch-master/udpts/src/mochinum.erl, in module header: at line 4: error in XML parser: {system_limit,[{ets,new,[rules,[set|...]],[]},
                                    {xmerl_scan,initial_state,2,[{...}|...]},
                                    {xmerl_scan,int_string,4,[...]},
                                    {xmerl_scan,string,2,...},
                                    {edoc_wiki,parse_xml_1,...},
                                    {edoc_wiki,...},
                                    {...}|...]}.
Error generating XML ("/home/pete/wefwefwef/docs/other/9856521817/udpts-branch-master/udpts/src/mochinum.erl"): {'EXIT',
                                                                                                                 error}
Generating XML udpts - mpegts_udp "/home/pete/wefwefwef/docs/other/9856521817/udpts-branch-master/udpts/src/mpegts_udp.erl" -> "/home/pete/wefwefwef/docs/other/9856521817/repo/master/.xml/udpts/mpegts_udp.xml"
/home/pete/wefwefwef/docs/other/9856521817/udpts-branch-master/udpts/src/mpegts_udp.erl, in module header: at line 3: error in XML parser: {system_limit,[{ets,new,[rules,[set|...]],[]},
                                    {xmerl_scan,initial_state,2,[{...}|...]},
                                    {xmerl_scan,int_string,4,[...]},
                                    {xmerl_scan,string,2,...},
                                    {edoc_wiki,parse_xml_1,...},
                                    {edoc_wiki,...},
                                    {...}|...]}.
Error generating XML ("/home/pete/wefwefwef/docs/other/9856521817/udpts-branch-master/udpts/src/mpegts_udp.erl"): {'EXIT',
                                                                                                                   error}
Generating XML udpts - udpts "/home/pete/wefwefwef/docs/other/9856521817/udpts-branch-master/udpts/src/udpts.erl" -> "/home/pete/wefwefwef/docs/other/9856521817/repo/master/.xml/udpts/udpts.xml"
/home/pete/wefwefwef/docs/other/9856521817/udpts-branch-master/udpts/src/udpts.erl, in module header: at line 3: error in XML parser: {system_limit,[{ets,new,[rules,[set|...]],[]},
                                    {xmerl_scan,initial_state,2,[{...}|...]},
                                    {xmerl_scan,int_string,4,[...]},
                                    {xmerl_scan,string,2,...},
                                    {edoc_wiki,parse_xml_1,...},
                                    {edoc_wiki,...},
                                    {...}|...]}.
Error generating XML ("/home/pete/wefwefwef/docs/other/9856521817/udpts-branch-master/udpts/src/udpts.erl"): {'EXIT',
                                                                                                              error}
Generating XML udpts - udpts_config "/home/pete/wefwefwef/docs/other/9856521817/udpts-branch-master/udpts/src/udpts_config.erl" -> "/home/pete/wefwefwef/docs/other/9856521817/repo/master/.xml/udpts/udpts_config.xml"
Error generating XML ("/home/pete/wefwefwef/docs/other/9856521817/udpts-branch-master/udpts/src/udpts_config.erl"): {'EXIT',
                                                                                                                     {system_limit,
                                                                                                                      [{ets,
                                                                                                                        new,
                                                                                                                        [etypes,
                                                                                                                         [ordered_set]],
                                                                                                                        []},
                                                                                                                       {edoc_specs,
                                                                                                                        add_data,
                                                                                                                        4,
                                                                                                                        [{file,
                                                                                                                          "edoc_specs.erl"},
                                                                                                                         {line,
                                                                                                                          109}]},
                                                                                                                       {edoc_extract,
                                                                                                                        source1,
                                                                                                                        5,
                                                                                                                        [{file,
                                                                                                                          "edoc_extract.erl"},
                                                                                                                         {line,
                                                                                                                          130}]},
                                                                                                                       {edoc,
                                                                                                                        read,
                                                                                                                        2,
                                                                                                                        [{file,
                                                                                                                          "edoc.erl"},
                                                                                                                         {line,
                                                                                                                          538}]},
                                                                                                                       {edoc,
                                                                                                                        file,
                                                                                                                        2,
                                                                                                                        [{file,
                                                                                                                          "edoc.erl"},
                                                                                                                         {line,
                                                                                                                          116}]},
                                                                                                                       {erldocs_core,
                                                                                                                        '-gen_docsrc/4-fun-1-',
                                                                                                                        5,
                                                                                                                        [{file,
                                                                                                                          "src/erldocs_core.erl"},
                                                                                                                         {line,
                                                                                                                          201}]},
                                                                                                                       {lists,
                                                                                                                        foldl,
                                                                                                                        3,
                                                                                                                        [{file,
                                                                                                                          "lists.erl"},
                                                                                                                         {line,
                                                                                                                          1261}]},
                                                                                                                       {erldocs_core,
                                                                                                                        tmp_cd,
                                                                                                                        2,
                                                                                                                        [{file,
                                                                                                                          "src/erldocs_core.erl"},
                                                                                                                         {line,
                                                                                                                          224}]}]}}
Generating XML udpts - udpts_http "/home/pete/wefwefwef/docs/other/9856521817/udpts-branch-master/udpts/src/udpts_http.erl" -> "/home/pete/wefwefwef/docs/other/9856521817/repo/master/.xml/udpts/udpts_http.xml"
/home/pete/wefwefwef/docs/other/9856521817/udpts-branch-master/udpts/src/udpts_http.erl, in module header: at line 3: error in XML parser: {system_limit,[{ets,new,[rules,[set|...]],[]},
                                    {xmerl_scan,initial_state,2,[{...}|...]},
                                    {xmerl_scan,int_string,4,[...]},
                                    {xmerl_scan,string,2,...},
                                    {edoc_wiki,parse_xml_1,...},
                                    {edoc_wiki,...},
                                    {...}|...]}.
Error generating XML ("/home/pete/wefwefwef/docs/other/9856521817/udpts-branch-master/udpts/src/udpts_http.erl"): {'EXIT',
                                                                                                                   error}
Generating XML udpts - udpts_reader "/home/pete/wefwefwef/docs/other/9856521817/udpts-branch-master/udpts/src/udpts_reader.erl" -> "/home/pete/wefwefwef/docs/other/9856521817/repo/master/.xml/udpts/udpts_reader.xml"
/home/pete/wefwefwef/docs/other/9856521817/udpts-branch-master/udpts/src/udpts_reader.erl, in module header: at line 3: error in XML parser: {system_limit,[{ets,new,[rules,[set|...]],[]},
                                    {xmerl_scan,initial_state,2,[{...}|...]},
                                    {xmerl_scan,int_string,4,[...]},
                                    {xmerl_scan,string,2,...},
                                    {edoc_wiki,parse_xml_1,...},
                                    {edoc_wiki,...},
                                    {...}|...]}.
Error generating XML ("/home/pete/wefwefwef/docs/other/9856521817/udpts-branch-master/udpts/src/udpts_reader.erl"): {'EXIT',
                                                                                                                     error}
Generating XML udpts - udpts_stats "/home/pete/wefwefwef/docs/other/9856521817/udpts-branch-master/udpts/src/udpts_stats.erl" -> "/home/pete/wefwefwef/docs/other/9856521817/repo/master/.xml/udpts/udpts_stats.xml"
Error generating XML ("/home/pete/wefwefwef/docs/other/9856521817/udpts-branch-master/udpts/src/udpts_stats.erl"): {'EXIT',
                                                                                                                    {system_limit,
                                                                                                                     [{ets,
                                                                                                                       new,
                                                                                                                       [etypes,
                                                                                                                        [ordered_set]],
                                                                                                                       []},
                                                                                                                      {edoc_specs,
                                                                                                                       add_data,
                                                                                                                       4,
                                                                                                                       [{file,
                                                                                                                         "edoc_specs.erl"},
                                                                                                                        {line,
                                                                                                                         109}]},
                                                                                                                      {edoc_extract,
                                                                                                                       source1,
                                                                                                                       5,
                                                                                                                       [{file,
                                                                                                                         "edoc_extract.erl"},
                                                                                                                        {line,
                                                                                                                         130}]},
                                                                                                                      {edoc,
                                                                                                                       read,
                                                                                                                       2,
                                                                                                                       [{file,
                                                                                                                         "edoc.erl"},
                                                                                                                        {line,
                                                                                                                         538}]},
                                                                                                                      {edoc,
                                                                                                                       file,
                                                                                                                       2,
                                                                                                                       [{file,
                                                                                                                         "edoc.erl"},
                                                                                                                        {line,
                                                                                                                         116}]},
                                                                                                                      {erldocs_core,
                                                                                                                       '-gen_docsrc/4-fun-1-',
                                                                                                                       5,
                                                                                                                       [{file,
                                                                                                                         "src/erldocs_core.erl"},
                                                                                                                        {line,
                                                                                                                         201}]},
                                                                                                                      {lists,
                                                                                                                       foldl,
                                                                                                                       3,
                                                                                                                       [{file,
                                                                                                                         "lists.erl"},
                                                                                                                        {line,
                                                                                                                         1261}]},
                                                                                                                      {erldocs_core,
                                                                                                                       tmp_cd,
                                                                                                                       2,
                                                                                                                       [{file,
                                                                                                                         "src/erldocs_core.erl"},
                                                                                                                        {line,
                                                                                                                         224}]}]}}
Generating XML udpts - udpts_sup "/home/pete/wefwefwef/docs/other/9856521817/udpts-branch-master/udpts/src/udpts_sup.erl" -> "/home/pete/wefwefwef/docs/other/9856521817/repo/master/.xml/udpts/udpts_sup.xml"
/home/pete/wefwefwef/docs/other/9856521817/udpts-branch-master/udpts/src/udpts_sup.erl, in module header: at line 3: error in XML parser: {system_limit,[{ets,new,[rules,[set|...]],[]},
                                    {xmerl_scan,initial_state,2,[{...}|...]},
                                    {xmerl_scan,int_string,4,[...]},
                                    {xmerl_scan,string,2,...},
                                    {edoc_wiki,parse_xml_1,...},
                                    {edoc_wiki,...},
                                    {...}|...]}.
Error generating XML ("/home/pete/wefwefwef/docs/other/9856521817/udpts-branch-master/udpts/src/udpts_sup.erl"): {'EXIT',
                                                                                                                  error}
No documentation was generated!
Woot, finished in 0 Minutes 1 Seconds
 :: Discovering other repos
$ 5000  `rm -r '/home/pete/wefwefwef/docs/other/9856521817/udpts-branch-master'  2>&1`
 :: Erldocs finishing up
$ 5000  `rm -r '/home/pete/wefwefwef/docs/other/9856521817/udpts'  2>&1`
$ 5000  `rm -r '/home/pete/wefwefwef/docs/other/9856521817/repo/master'  2>&1`
