 :: Extracting meta information
$ 5000  `git ls-remote --heads --tags 'https://github.com/grammarly/erl_bin_utf'  2>&1`
>>> [repo] 1 branches, 0 tags
 :: Writing meta to "/home/pete/wefwefwef/docs/other/7189346696/meta.txt"
 :: Processing https://github.com/grammarly/erl_bin_utf	{rev,branch,"master","e0fd3e46e030da7e39fb287352de951a26d8f4f9"}
 :: Fetching repo code
$ cd "/home/pete/wefwefwef/docs/other/7189346696/erl_bin_utf-branch-master/erl_bin_utf"
$ infinity  `curl --fail --silent --show-error --location --output 'master.zip' 'https://github.com/grammarly/erl_bin_utf/archive/master.zip'  2>&1`
$ cd "/home/pete/wefwefwef/docs/erldocs_other.git"
$ cd "/home/pete/wefwefwef/docs/other/7189346696/erl_bin_utf-branch-master/erl_bin_utf"
$ 5000  `find -P . -type l -delete  2>&1`
$ cd "/home/pete/wefwefwef/docs/erldocs_other.git"
$ cd "/home/pete/wefwefwef/docs/other/7189346696/erl_bin_utf-branch-master/erl_bin_utf"
$ 5000  `find 'erl_bin_utf-master' -mindepth 1 -maxdepth 1 -exec mv -t . -- {} +  2>&1`
$ cd "/home/pete/wefwefwef/docs/erldocs_other.git"
 :: Getting dependencies
$ cd "/home/pete/wefwefwef/docs/other/7189346696/erl_bin_utf-branch-master/erl_bin_utf"
$ 5000  `ls -1 deps/  2>&1`
$ cd "/home/pete/wefwefwef/docs/erldocs_other.git"
>>> [rebar] deps = []
 :: Generating erldocs into /home/pete/wefwefwef/docs/other/7189346696/repo/master
Building erl_bin_utf
Generating Type Specs - "/home/pete/wefwefwef/docs/other/7189346696/erl_bin_utf-branch-master/erl_bin_utf/src/bin_utf.erl"
Generating XML for application erl_bin_utf "/home/pete/wefwefwef/docs/other/7189346696/erl_bin_utf-branch-master/erl_bin_utf" -> "/home/pete/wefwefwef/docs/other/7189346696/repo/master/.xml/erl_bin_utf"
Generated erl_bin_utf XMLs: ["/home/pete/wefwefwef/docs/other/7189346696/repo/master/.xml/erl_bin_utf/bin_utf.xml"]
Generating HTML - bin_utf "/home/pete/wefwefwef/docs/other/7189346696/repo/master/.xml/erl_bin_utf/bin_utf.xml"
Reading XML for "/home/pete/wefwefwef/docs/other/7189346696/repo/master/.xml/erl_bin_utf/bin_utf.xml"
Reading XML for "/home/pete/wefwefwef/docs/other/7189346696/repo/master/.xml/specs_bin_utf.xml"
Creating index.html ...
Creating erldocs_index.js ...
Woot, finished in 0 Minutes 0 Seconds
 :: Discovering other repos
$ 5000  `rm -r '/home/pete/wefwefwef/docs/other/7189346696/erl_bin_utf-branch-master'  2>&1`
 :: Erldocs finishing up
$ 5000  `rm -r '/home/pete/wefwefwef/docs/other/7189346696/erl_bin_utf'  2>&1`
