 :: Extracting meta information
$ 5000  `git ls-remote --heads --tags 'https://github.com/chinnurtb/mm_kernel'  2>&1`
>>> [repo] 1 branches, 0 tags
 :: Writing meta to "/home/pete/wefwefwef/docs/other/8501349686/meta.txt"
 :: Processing https://github.com/chinnurtb/mm_kernel	{rev,branch,"master","052af79281c2bfce7833b796e3b5ea8c888ed39a",undefined,[],[]}
 :: Fetching repo code
$ cd "/home/pete/wefwefwef/docs/other/8501349686/mm_kernel-branch-master/mm_kernel"
$ infinity  `curl --fail --silent --show-error --location --output 'master.zip' 'https://github.com/chinnurtb/mm_kernel/archive/master.zip'  2>&1`
$ cd "/home/pete/wefwefwef/docs/erldocs_other.git"
$ cd "/home/pete/wefwefwef/docs/other/8501349686/mm_kernel-branch-master/mm_kernel"
$ 5000  `find -P . -type l -delete  2>&1`
$ cd "/home/pete/wefwefwef/docs/erldocs_other.git"
$ cd "/home/pete/wefwefwef/docs/other/8501349686/mm_kernel-branch-master/mm_kernel"
$ 5000  `find 'mm_kernel-master' -mindepth 1 -maxdepth 1 -exec mv -t . -- {} +  2>&1`
$ cd "/home/pete/wefwefwef/docs/erldocs_other.git"
 :: Getting dependencies
$ cd "/home/pete/wefwefwef/docs/other/8501349686/mm_kernel-branch-master/mm_kernel"
$ 5000  `ls -1 deps/  2>&1`
$ cd "/home/pete/wefwefwef/docs/erldocs_other.git"
>>> [rebar] deps = []
 :: Generating erldocs into /home/pete/wefwefwef/docs/other/8501349686/repo/master
Building mm_kernel
Generating Type Specs - "/home/pete/wefwefwef/docs/other/8501349686/mm_kernel-branch-master/mm_kernel/src/cmd.erl"
Generating Type Specs - "/home/pete/wefwefwef/docs/other/8501349686/mm_kernel-branch-master/mm_kernel/src/csv.erl"
Generating Type Specs - "/home/pete/wefwefwef/docs/other/8501349686/mm_kernel-branch-master/mm_kernel/src/mm_kernel.erl"
Generating Type Specs - "/home/pete/wefwefwef/docs/other/8501349686/mm_kernel-branch-master/mm_kernel/src/mm_kernel_app.erl"
Generating Type Specs - "/home/pete/wefwefwef/docs/other/8501349686/mm_kernel-branch-master/mm_kernel/src/mm_kernel_sup.erl"
Generating Type Specs - "/home/pete/wefwefwef/docs/other/8501349686/mm_kernel-branch-master/mm_kernel/src/perftest.erl"
Generating Type Specs - "/home/pete/wefwefwef/docs/other/8501349686/mm_kernel-branch-master/mm_kernel/src/sha1.erl"
Generating Type Specs - "/home/pete/wefwefwef/docs/other/8501349686/mm_kernel-branch-master/mm_kernel/src/tools.erl"
Generating Type Specs - "/home/pete/wefwefwef/docs/other/8501349686/mm_kernel-branch-master/mm_kernel/src/uuid.erl"
Generating XML for application mm_kernel "/home/pete/wefwefwef/docs/other/8501349686/mm_kernel-branch-master/mm_kernel" -> "/home/pete/wefwefwef/docs/other/8501349686/repo/master/.xml/mm_kernel"
Generated mm_kernel XMLs: ["/home/pete/wefwefwef/docs/other/8501349686/repo/master/.xml/mm_kernel/mm_kernel.xml",
                           "/home/pete/wefwefwef/docs/other/8501349686/repo/master/.xml/mm_kernel/perftest.xml",
                           "/home/pete/wefwefwef/docs/other/8501349686/repo/master/.xml/mm_kernel/uuid.xml",
                           "/home/pete/wefwefwef/docs/other/8501349686/repo/master/.xml/mm_kernel/sha1.xml",
                           "/home/pete/wefwefwef/docs/other/8501349686/repo/master/.xml/mm_kernel/mm_kernel_app.xml",
                           "/home/pete/wefwefwef/docs/other/8501349686/repo/master/.xml/mm_kernel/csv.xml",
                           "/home/pete/wefwefwef/docs/other/8501349686/repo/master/.xml/mm_kernel/cmd.xml",
                           "/home/pete/wefwefwef/docs/other/8501349686/repo/master/.xml/mm_kernel/mm_kernel_sup.xml",
                           "/home/pete/wefwefwef/docs/other/8501349686/repo/master/.xml/mm_kernel/tools.xml"]
Generating HTML - perftest "/home/pete/wefwefwef/docs/other/8501349686/repo/master/.xml/mm_kernel/perftest.xml"
Generating HTML - sha1 "/home/pete/wefwefwef/docs/other/8501349686/repo/master/.xml/mm_kernel/sha1.xml"
Generating HTML - csv "/home/pete/wefwefwef/docs/other/8501349686/repo/master/.xml/mm_kernel/csv.xml"
Generating HTML - tools "/home/pete/wefwefwef/docs/other/8501349686/repo/master/.xml/mm_kernel/tools.xml"
Reading XML for "/home/pete/wefwefwef/docs/other/8501349686/repo/master/.xml/mm_kernel/perftest.xml"
Reading XML for "/home/pete/wefwefwef/docs/other/8501349686/repo/master/.xml/mm_kernel/sha1.xml"
Reading XML for "/home/pete/wefwefwef/docs/other/8501349686/repo/master/.xml/mm_kernel/csv.xml"
Reading XML for "/home/pete/wefwefwef/docs/other/8501349686/repo/master/.xml/mm_kernel/tools.xml"
Reading XML for "/home/pete/wefwefwef/docs/other/8501349686/repo/master/.xml/specs_sha1.xml"
Reading XML for "/home/pete/wefwefwef/docs/other/8501349686/repo/master/.xml/specs_tools.xml"
Reading XML for "/home/pete/wefwefwef/docs/other/8501349686/repo/master/.xml/specs_csv.xml"
Reading XML for "/home/pete/wefwefwef/docs/other/8501349686/repo/master/.xml/specs_perftest.xml"
Generating HTML - uuid "/home/pete/wefwefwef/docs/other/8501349686/repo/master/.xml/mm_kernel/uuid.xml"
Reading XML for "/home/pete/wefwefwef/docs/other/8501349686/repo/master/.xml/mm_kernel/uuid.xml"
Generating HTML - mm_kernel_app "/home/pete/wefwefwef/docs/other/8501349686/repo/master/.xml/mm_kernel/mm_kernel_app.xml"
Reading XML for "/home/pete/wefwefwef/docs/other/8501349686/repo/master/.xml/mm_kernel/mm_kernel_app.xml"
Generating HTML - mm_kernel "/home/pete/wefwefwef/docs/other/8501349686/repo/master/.xml/mm_kernel/mm_kernel.xml"
Reading XML for "/home/pete/wefwefwef/docs/other/8501349686/repo/master/.xml/mm_kernel/mm_kernel.xml"
Generating HTML - mm_kernel_sup "/home/pete/wefwefwef/docs/other/8501349686/repo/master/.xml/mm_kernel/mm_kernel_sup.xml"
Reading XML for "/home/pete/wefwefwef/docs/other/8501349686/repo/master/.xml/mm_kernel/mm_kernel_sup.xml"
Reading XML for "/home/pete/wefwefwef/docs/other/8501349686/repo/master/.xml/specs_mm_kernel_app.xml"
Reading XML for "/home/pete/wefwefwef/docs/other/8501349686/repo/master/.xml/specs_mm_kernel.xml"
Reading XML for "/home/pete/wefwefwef/docs/other/8501349686/repo/master/.xml/specs_uuid.xml"
Reading XML for "/home/pete/wefwefwef/docs/other/8501349686/repo/master/.xml/specs_mm_kernel_sup.xml"
Generating HTML - cmd "/home/pete/wefwefwef/docs/other/8501349686/repo/master/.xml/mm_kernel/cmd.xml"
Reading XML for "/home/pete/wefwefwef/docs/other/8501349686/repo/master/.xml/mm_kernel/cmd.xml"
Reading XML for "/home/pete/wefwefwef/docs/other/8501349686/repo/master/.xml/specs_cmd.xml"
Creating index.html ...
Creating erldocs_index.js ...
Woot, finished in 0 Minutes 0 Seconds
 :: Discovering other repos
$ 5000  `rm -r '/home/pete/wefwefwef/docs/other/8501349686/mm_kernel-branch-master'  2>&1`
 :: Finishing up
$ 5000  `rm -r '/home/pete/wefwefwef/docs/other/8501349686/mm_kernel'  2>&1`
