 :: Extracting meta information
$ 5000  `git ls-remote --heads --tags 'https://github.com/ulfl/fuse-lb'  2>&1`
>>> [repo] 6 branches, 6 tags
 :: Writing meta to "/home/pete/wefwefwef/docs/other/1192504046/meta.txt"
 :: Processing https://github.com/ulfl/fuse-lb	{rev,tag,"1.0.0","4595be9bd7ccb538e3e96f9a1b92ae2aba2926d2"}
 :: Fetching repo code
$ cd "/home/pete/wefwefwef/docs/other/1192504046/fuse-lb-tag-1.0.0/fuse-lb"
$ infinity  `curl --fail --silent --show-error --location --output '1.0.0.zip' 'https://github.com/ulfl/fuse-lb/archive/1.0.0.zip'  2>&1`
$ cd "/home/pete/wefwefwef/docs/erldocs_other.git"
$ cd "/home/pete/wefwefwef/docs/other/1192504046/fuse-lb-tag-1.0.0/fuse-lb"
$ 5000  `find -P . -type l -delete  2>&1`
$ cd "/home/pete/wefwefwef/docs/erldocs_other.git"
$ cd "/home/pete/wefwefwef/docs/other/1192504046/fuse-lb-tag-1.0.0/fuse-lb"
$ 5000  `find 'fuse-lb-1.0.0' -mindepth 1 -maxdepth 1 -exec mv -t . -- {} +  2>&1`
$ cd "/home/pete/wefwefwef/docs/erldocs_other.git"
 :: Getting dependencies
$ cd "/home/pete/wefwefwef/docs/other/1192504046/fuse-lb-tag-1.0.0/fuse-lb"
$ 5000  `ls -1 deps/  2>&1`
$ cd "/home/pete/wefwefwef/docs/erldocs_other.git"
>>> [rebar] deps = []
 :: Generating erldocs into /home/pete/wefwefwef/docs/other/1192504046/repo/1.0.0
Building fuse-lb
Generating Type Specs - "/home/pete/wefwefwef/docs/other/1192504046/fuse-lb-tag-1.0.0/fuse-lb/src/fuse.erl"
Generating Type Specs - "/home/pete/wefwefwef/docs/other/1192504046/fuse-lb-tag-1.0.0/fuse-lb/src/fuse_lb.erl"
Generating Type Specs - "/home/pete/wefwefwef/docs/other/1192504046/fuse-lb-tag-1.0.0/fuse-lb/src/fuse_misc.erl"
Generating Type Specs - "/home/pete/wefwefwef/docs/other/1192504046/fuse-lb-tag-1.0.0/fuse-lb/src/fuse_pool.erl"
Generating XML for application fuse-lb "/home/pete/wefwefwef/docs/other/1192504046/fuse-lb-tag-1.0.0/fuse-lb" -> "/home/pete/wefwefwef/docs/other/1192504046/repo/1.0.0/.xml/fuse-lb"
Generated fuse-lb XMLs: ["/home/pete/wefwefwef/docs/other/1192504046/repo/1.0.0/.xml/fuse-lb/fuse_misc.xml",
                         "/home/pete/wefwefwef/docs/other/1192504046/repo/1.0.0/.xml/fuse-lb/fuse_lb.xml",
                         "/home/pete/wefwefwef/docs/other/1192504046/repo/1.0.0/.xml/fuse-lb/fuse_pool.xml",
                         "/home/pete/wefwefwef/docs/other/1192504046/repo/1.0.0/.xml/fuse-lb/fuse.xml"]
Generating HTML - fuse_misc "/home/pete/wefwefwef/docs/other/1192504046/repo/1.0.0/.xml/fuse-lb/fuse_misc.xml"
Generating HTML - fuse_lb "/home/pete/wefwefwef/docs/other/1192504046/repo/1.0.0/.xml/fuse-lb/fuse_lb.xml"
Generating HTML - fuse_pool "/home/pete/wefwefwef/docs/other/1192504046/repo/1.0.0/.xml/fuse-lb/fuse_pool.xml"
Generating HTML - fuse "/home/pete/wefwefwef/docs/other/1192504046/repo/1.0.0/.xml/fuse-lb/fuse.xml"
Reading XML for "/home/pete/wefwefwef/docs/other/1192504046/repo/1.0.0/.xml/fuse-lb/fuse_misc.xml"
Reading XML for "/home/pete/wefwefwef/docs/other/1192504046/repo/1.0.0/.xml/fuse-lb/fuse_lb.xml"
Reading XML for "/home/pete/wefwefwef/docs/other/1192504046/repo/1.0.0/.xml/fuse-lb/fuse_pool.xml"
Reading XML for "/home/pete/wefwefwef/docs/other/1192504046/repo/1.0.0/.xml/fuse-lb/fuse.xml"
Reading XML for "/home/pete/wefwefwef/docs/other/1192504046/repo/1.0.0/.xml/specs_fuse.xml"
Reading XML for "/home/pete/wefwefwef/docs/other/1192504046/repo/1.0.0/.xml/specs_fuse_misc.xml"
Reading XML for "/home/pete/wefwefwef/docs/other/1192504046/repo/1.0.0/.xml/specs_fuse_lb.xml"
Reading XML for "/home/pete/wefwefwef/docs/other/1192504046/repo/1.0.0/.xml/specs_fuse_pool.xml"
Creating index.html ...
Creating erldocs_index.js ...
Woot, finished in 0 Minutes 0 Seconds
 :: Discovering other repos
$ 5000  `rm -r '/home/pete/wefwefwef/docs/other/1192504046/fuse-lb-tag-1.0.0'  2>&1`
 :: Processing https://github.com/ulfl/fuse-lb	{rev,tag,"1.1.0","041e39b1c73d1e451780cb7e1119610b3feb795d"}
 :: Fetching repo code
$ cd "/home/pete/wefwefwef/docs/other/1192504046/fuse-lb-tag-1.1.0/fuse-lb"
$ infinity  `curl --fail --silent --show-error --location --output '1.1.0.zip' 'https://github.com/ulfl/fuse-lb/archive/1.1.0.zip'  2>&1`
$ cd "/home/pete/wefwefwef/docs/erldocs_other.git"
$ cd "/home/pete/wefwefwef/docs/other/1192504046/fuse-lb-tag-1.1.0/fuse-lb"
$ 5000  `find -P . -type l -delete  2>&1`
$ cd "/home/pete/wefwefwef/docs/erldocs_other.git"
$ cd "/home/pete/wefwefwef/docs/other/1192504046/fuse-lb-tag-1.1.0/fuse-lb"
$ 5000  `find 'fuse-lb-1.1.0' -mindepth 1 -maxdepth 1 -exec mv -t . -- {} +  2>&1`
$ cd "/home/pete/wefwefwef/docs/erldocs_other.git"
 :: Getting dependencies
$ cd "/home/pete/wefwefwef/docs/other/1192504046/fuse-lb-tag-1.1.0/fuse-lb"
$ 5000  `ls -1 deps/  2>&1`
$ cd "/home/pete/wefwefwef/docs/erldocs_other.git"
>>> [rebar] deps = []
 :: Generating erldocs into /home/pete/wefwefwef/docs/other/1192504046/repo/1.1.0
Building fuse-lb
Generating Type Specs - "/home/pete/wefwefwef/docs/other/1192504046/fuse-lb-tag-1.1.0/fuse-lb/src/fuse.erl"
Generating Type Specs - "/home/pete/wefwefwef/docs/other/1192504046/fuse-lb-tag-1.1.0/fuse-lb/src/fuse_lb.erl"
Generating Type Specs - "/home/pete/wefwefwef/docs/other/1192504046/fuse-lb-tag-1.1.0/fuse-lb/src/fuse_misc.erl"
Generating Type Specs - "/home/pete/wefwefwef/docs/other/1192504046/fuse-lb-tag-1.1.0/fuse-lb/src/fuse_pool.erl"
Generating XML for application fuse-lb "/home/pete/wefwefwef/docs/other/1192504046/fuse-lb-tag-1.1.0/fuse-lb" -> "/home/pete/wefwefwef/docs/other/1192504046/repo/1.1.0/.xml/fuse-lb"
Generated fuse-lb XMLs: ["/home/pete/wefwefwef/docs/other/1192504046/repo/1.1.0/.xml/fuse-lb/fuse_misc.xml",
                         "/home/pete/wefwefwef/docs/other/1192504046/repo/1.1.0/.xml/fuse-lb/fuse_lb.xml",
                         "/home/pete/wefwefwef/docs/other/1192504046/repo/1.1.0/.xml/fuse-lb/fuse_pool.xml",
                         "/home/pete/wefwefwef/docs/other/1192504046/repo/1.1.0/.xml/fuse-lb/fuse.xml"]
Generating HTML - fuse_misc "/home/pete/wefwefwef/docs/other/1192504046/repo/1.1.0/.xml/fuse-lb/fuse_misc.xml"
Generating HTML - fuse_lb "/home/pete/wefwefwef/docs/other/1192504046/repo/1.1.0/.xml/fuse-lb/fuse_lb.xml"
Generating HTML - fuse_pool "/home/pete/wefwefwef/docs/other/1192504046/repo/1.1.0/.xml/fuse-lb/fuse_pool.xml"
Generating HTML - fuse "/home/pete/wefwefwef/docs/other/1192504046/repo/1.1.0/.xml/fuse-lb/fuse.xml"
Reading XML for "/home/pete/wefwefwef/docs/other/1192504046/repo/1.1.0/.xml/fuse-lb/fuse_misc.xml"
Reading XML for "/home/pete/wefwefwef/docs/other/1192504046/repo/1.1.0/.xml/fuse-lb/fuse_lb.xml"
Reading XML for "/home/pete/wefwefwef/docs/other/1192504046/repo/1.1.0/.xml/fuse-lb/fuse_pool.xml"
Reading XML for "/home/pete/wefwefwef/docs/other/1192504046/repo/1.1.0/.xml/fuse-lb/fuse.xml"
Reading XML for "/home/pete/wefwefwef/docs/other/1192504046/repo/1.1.0/.xml/specs_fuse_pool.xml"
Reading XML for "/home/pete/wefwefwef/docs/other/1192504046/repo/1.1.0/.xml/specs_fuse_lb.xml"
Reading XML for "/home/pete/wefwefwef/docs/other/1192504046/repo/1.1.0/.xml/specs_fuse.xml"
Reading XML for "/home/pete/wefwefwef/docs/other/1192504046/repo/1.1.0/.xml/specs_fuse_misc.xml"
Creating index.html ...
Creating erldocs_index.js ...
Woot, finished in 0 Minutes 0 Seconds
 :: Discovering other repos
$ 5000  `rm -r '/home/pete/wefwefwef/docs/other/1192504046/fuse-lb-tag-1.1.0'  2>&1`
 :: Processing https://github.com/ulfl/fuse-lb	{rev,tag,"1.2.0","973143c945400c05c9ee510db1af166689fb92e4"}
 :: Fetching repo code
$ cd "/home/pete/wefwefwef/docs/other/1192504046/fuse-lb-tag-1.2.0/fuse-lb"
$ infinity  `curl --fail --silent --show-error --location --output '1.2.0.zip' 'https://github.com/ulfl/fuse-lb/archive/1.2.0.zip'  2>&1`
$ cd "/home/pete/wefwefwef/docs/erldocs_other.git"
$ cd "/home/pete/wefwefwef/docs/other/1192504046/fuse-lb-tag-1.2.0/fuse-lb"
$ 5000  `find -P . -type l -delete  2>&1`
$ cd "/home/pete/wefwefwef/docs/erldocs_other.git"
$ cd "/home/pete/wefwefwef/docs/other/1192504046/fuse-lb-tag-1.2.0/fuse-lb"
$ 5000  `find 'fuse-lb-1.2.0' -mindepth 1 -maxdepth 1 -exec mv -t . -- {} +  2>&1`
$ cd "/home/pete/wefwefwef/docs/erldocs_other.git"
 :: Getting dependencies
$ cd "/home/pete/wefwefwef/docs/other/1192504046/fuse-lb-tag-1.2.0/fuse-lb"
$ 5000  `ls -1 deps/  2>&1`
$ cd "/home/pete/wefwefwef/docs/erldocs_other.git"
>>> [rebar] deps = []
 :: Generating erldocs into /home/pete/wefwefwef/docs/other/1192504046/repo/1.2.0
Building fuse-lb
Generating Type Specs - "/home/pete/wefwefwef/docs/other/1192504046/fuse-lb-tag-1.2.0/fuse-lb/src/fuse.erl"
Generating Type Specs - "/home/pete/wefwefwef/docs/other/1192504046/fuse-lb-tag-1.2.0/fuse-lb/src/fuse_lb.erl"
Generating Type Specs - "/home/pete/wefwefwef/docs/other/1192504046/fuse-lb-tag-1.2.0/fuse-lb/src/fuse_misc.erl"
Generating Type Specs - "/home/pete/wefwefwef/docs/other/1192504046/fuse-lb-tag-1.2.0/fuse-lb/src/fuse_pool.erl"
Generating XML for application fuse-lb "/home/pete/wefwefwef/docs/other/1192504046/fuse-lb-tag-1.2.0/fuse-lb" -> "/home/pete/wefwefwef/docs/other/1192504046/repo/1.2.0/.xml/fuse-lb"
Generated fuse-lb XMLs: ["/home/pete/wefwefwef/docs/other/1192504046/repo/1.2.0/.xml/fuse-lb/fuse_misc.xml",
                         "/home/pete/wefwefwef/docs/other/1192504046/repo/1.2.0/.xml/fuse-lb/fuse_lb.xml",
                         "/home/pete/wefwefwef/docs/other/1192504046/repo/1.2.0/.xml/fuse-lb/fuse_pool.xml",
                         "/home/pete/wefwefwef/docs/other/1192504046/repo/1.2.0/.xml/fuse-lb/fuse.xml"]
Generating HTML - fuse_misc "/home/pete/wefwefwef/docs/other/1192504046/repo/1.2.0/.xml/fuse-lb/fuse_misc.xml"
Generating HTML - fuse_lb "/home/pete/wefwefwef/docs/other/1192504046/repo/1.2.0/.xml/fuse-lb/fuse_lb.xml"
Generating HTML - fuse_pool "/home/pete/wefwefwef/docs/other/1192504046/repo/1.2.0/.xml/fuse-lb/fuse_pool.xml"
Generating HTML - fuse "/home/pete/wefwefwef/docs/other/1192504046/repo/1.2.0/.xml/fuse-lb/fuse.xml"
Reading XML for "/home/pete/wefwefwef/docs/other/1192504046/repo/1.2.0/.xml/fuse-lb/fuse_misc.xml"
Reading XML for "/home/pete/wefwefwef/docs/other/1192504046/repo/1.2.0/.xml/fuse-lb/fuse_lb.xml"
Reading XML for "/home/pete/wefwefwef/docs/other/1192504046/repo/1.2.0/.xml/fuse-lb/fuse_pool.xml"
Reading XML for "/home/pete/wefwefwef/docs/other/1192504046/repo/1.2.0/.xml/fuse-lb/fuse.xml"
Reading XML for "/home/pete/wefwefwef/docs/other/1192504046/repo/1.2.0/.xml/specs_fuse_lb.xml"
Reading XML for "/home/pete/wefwefwef/docs/other/1192504046/repo/1.2.0/.xml/specs_fuse_misc.xml"
Reading XML for "/home/pete/wefwefwef/docs/other/1192504046/repo/1.2.0/.xml/specs_fuse_pool.xml"
Reading XML for "/home/pete/wefwefwef/docs/other/1192504046/repo/1.2.0/.xml/specs_fuse.xml"
Creating index.html ...
Creating erldocs_index.js ...
Woot, finished in 0 Minutes 0 Seconds
 :: Discovering other repos
$ 5000  `rm -r '/home/pete/wefwefwef/docs/other/1192504046/fuse-lb-tag-1.2.0'  2>&1`
 :: Processing https://github.com/ulfl/fuse-lb	{rev,tag,"1.3.0","d0cc05486b36e76229b6513b49e1c96f868599b6"}
 :: Fetching repo code
$ cd "/home/pete/wefwefwef/docs/other/1192504046/fuse-lb-tag-1.3.0/fuse-lb"
$ infinity  `curl --fail --silent --show-error --location --output '1.3.0.zip' 'https://github.com/ulfl/fuse-lb/archive/1.3.0.zip'  2>&1`
$ cd "/home/pete/wefwefwef/docs/erldocs_other.git"
$ cd "/home/pete/wefwefwef/docs/other/1192504046/fuse-lb-tag-1.3.0/fuse-lb"
$ 5000  `find -P . -type l -delete  2>&1`
$ cd "/home/pete/wefwefwef/docs/erldocs_other.git"
$ cd "/home/pete/wefwefwef/docs/other/1192504046/fuse-lb-tag-1.3.0/fuse-lb"
$ 5000  `find 'fuse-lb-1.3.0' -mindepth 1 -maxdepth 1 -exec mv -t . -- {} +  2>&1`
$ cd "/home/pete/wefwefwef/docs/erldocs_other.git"
 :: Getting dependencies
$ cd "/home/pete/wefwefwef/docs/other/1192504046/fuse-lb-tag-1.3.0/fuse-lb"
$ 5000  `ls -1 deps/  2>&1`
$ cd "/home/pete/wefwefwef/docs/erldocs_other.git"
>>> [rebar] deps = []
 :: Generating erldocs into /home/pete/wefwefwef/docs/other/1192504046/repo/1.3.0
Building fuse-lb
Generating Type Specs - "/home/pete/wefwefwef/docs/other/1192504046/fuse-lb-tag-1.3.0/fuse-lb/src/fuse.erl"
Generating Type Specs - "/home/pete/wefwefwef/docs/other/1192504046/fuse-lb-tag-1.3.0/fuse-lb/src/fuse_lb.erl"
Generating Type Specs - "/home/pete/wefwefwef/docs/other/1192504046/fuse-lb-tag-1.3.0/fuse-lb/src/fuse_misc.erl"
Generating Type Specs - "/home/pete/wefwefwef/docs/other/1192504046/fuse-lb-tag-1.3.0/fuse-lb/src/fuse_pool.erl"
Generating XML for application fuse-lb "/home/pete/wefwefwef/docs/other/1192504046/fuse-lb-tag-1.3.0/fuse-lb" -> "/home/pete/wefwefwef/docs/other/1192504046/repo/1.3.0/.xml/fuse-lb"
Generated fuse-lb XMLs: ["/home/pete/wefwefwef/docs/other/1192504046/repo/1.3.0/.xml/fuse-lb/fuse_misc.xml",
                         "/home/pete/wefwefwef/docs/other/1192504046/repo/1.3.0/.xml/fuse-lb/fuse_lb.xml",
                         "/home/pete/wefwefwef/docs/other/1192504046/repo/1.3.0/.xml/fuse-lb/fuse_pool.xml",
                         "/home/pete/wefwefwef/docs/other/1192504046/repo/1.3.0/.xml/fuse-lb/fuse.xml"]
Generating HTML - fuse_misc "/home/pete/wefwefwef/docs/other/1192504046/repo/1.3.0/.xml/fuse-lb/fuse_misc.xml"
Generating HTML - fuse_lb "/home/pete/wefwefwef/docs/other/1192504046/repo/1.3.0/.xml/fuse-lb/fuse_lb.xml"
Generating HTML - fuse_pool "/home/pete/wefwefwef/docs/other/1192504046/repo/1.3.0/.xml/fuse-lb/fuse_pool.xml"
Generating HTML - fuse "/home/pete/wefwefwef/docs/other/1192504046/repo/1.3.0/.xml/fuse-lb/fuse.xml"
Reading XML for "/home/pete/wefwefwef/docs/other/1192504046/repo/1.3.0/.xml/fuse-lb/fuse_misc.xml"
Reading XML for "/home/pete/wefwefwef/docs/other/1192504046/repo/1.3.0/.xml/fuse-lb/fuse_lb.xml"
Reading XML for "/home/pete/wefwefwef/docs/other/1192504046/repo/1.3.0/.xml/fuse-lb/fuse_pool.xml"
Reading XML for "/home/pete/wefwefwef/docs/other/1192504046/repo/1.3.0/.xml/fuse-lb/fuse.xml"
Reading XML for "/home/pete/wefwefwef/docs/other/1192504046/repo/1.3.0/.xml/specs_fuse_misc.xml"
Reading XML for "/home/pete/wefwefwef/docs/other/1192504046/repo/1.3.0/.xml/specs_fuse_lb.xml"
Reading XML for "/home/pete/wefwefwef/docs/other/1192504046/repo/1.3.0/.xml/specs_fuse_pool.xml"
Reading XML for "/home/pete/wefwefwef/docs/other/1192504046/repo/1.3.0/.xml/specs_fuse.xml"
Creating index.html ...
Creating erldocs_index.js ...
Woot, finished in 0 Minutes 0 Seconds
 :: Discovering other repos
$ 5000  `rm -r '/home/pete/wefwefwef/docs/other/1192504046/fuse-lb-tag-1.3.0'  2>&1`
 :: Processing https://github.com/ulfl/fuse-lb	{rev,tag,"1.4.0","806ac3921b80649b9370d56c6f10cfe1beb95037"}
 :: Fetching repo code
$ cd "/home/pete/wefwefwef/docs/other/1192504046/fuse-lb-tag-1.4.0/fuse-lb"
$ infinity  `curl --fail --silent --show-error --location --output '1.4.0.zip' 'https://github.com/ulfl/fuse-lb/archive/1.4.0.zip'  2>&1`
$ cd "/home/pete/wefwefwef/docs/erldocs_other.git"
$ cd "/home/pete/wefwefwef/docs/other/1192504046/fuse-lb-tag-1.4.0/fuse-lb"
$ 5000  `find -P . -type l -delete  2>&1`
$ cd "/home/pete/wefwefwef/docs/erldocs_other.git"
$ cd "/home/pete/wefwefwef/docs/other/1192504046/fuse-lb-tag-1.4.0/fuse-lb"
$ 5000  `find 'fuse-lb-1.4.0' -mindepth 1 -maxdepth 1 -exec mv -t . -- {} +  2>&1`
$ cd "/home/pete/wefwefwef/docs/erldocs_other.git"
 :: Getting dependencies
$ cd "/home/pete/wefwefwef/docs/other/1192504046/fuse-lb-tag-1.4.0/fuse-lb"
$ 5000  `ls -1 deps/  2>&1`
$ cd "/home/pete/wefwefwef/docs/erldocs_other.git"
>>> [rebar] deps = []
 :: Generating erldocs into /home/pete/wefwefwef/docs/other/1192504046/repo/1.4.0
Building fuse-lb
Generating Type Specs - "/home/pete/wefwefwef/docs/other/1192504046/fuse-lb-tag-1.4.0/fuse-lb/src/fuse.erl"
Generating Type Specs - "/home/pete/wefwefwef/docs/other/1192504046/fuse-lb-tag-1.4.0/fuse-lb/src/fuse_lb.erl"
Generating Type Specs - "/home/pete/wefwefwef/docs/other/1192504046/fuse-lb-tag-1.4.0/fuse-lb/src/fuse_misc.erl"
Generating Type Specs - "/home/pete/wefwefwef/docs/other/1192504046/fuse-lb-tag-1.4.0/fuse-lb/src/fuse_pool.erl"
Generating XML for application fuse-lb "/home/pete/wefwefwef/docs/other/1192504046/fuse-lb-tag-1.4.0/fuse-lb" -> "/home/pete/wefwefwef/docs/other/1192504046/repo/1.4.0/.xml/fuse-lb"
Generated fuse-lb XMLs: ["/home/pete/wefwefwef/docs/other/1192504046/repo/1.4.0/.xml/fuse-lb/fuse_misc.xml",
                         "/home/pete/wefwefwef/docs/other/1192504046/repo/1.4.0/.xml/fuse-lb/fuse_lb.xml",
                         "/home/pete/wefwefwef/docs/other/1192504046/repo/1.4.0/.xml/fuse-lb/fuse_pool.xml",
                         "/home/pete/wefwefwef/docs/other/1192504046/repo/1.4.0/.xml/fuse-lb/fuse.xml"]
Generating HTML - fuse_misc "/home/pete/wefwefwef/docs/other/1192504046/repo/1.4.0/.xml/fuse-lb/fuse_misc.xml"
Generating HTML - fuse_lb "/home/pete/wefwefwef/docs/other/1192504046/repo/1.4.0/.xml/fuse-lb/fuse_lb.xml"
Generating HTML - fuse_pool "/home/pete/wefwefwef/docs/other/1192504046/repo/1.4.0/.xml/fuse-lb/fuse_pool.xml"
Generating HTML - fuse "/home/pete/wefwefwef/docs/other/1192504046/repo/1.4.0/.xml/fuse-lb/fuse.xml"
Reading XML for "/home/pete/wefwefwef/docs/other/1192504046/repo/1.4.0/.xml/fuse-lb/fuse_misc.xml"
Reading XML for "/home/pete/wefwefwef/docs/other/1192504046/repo/1.4.0/.xml/fuse-lb/fuse_lb.xml"
Reading XML for "/home/pete/wefwefwef/docs/other/1192504046/repo/1.4.0/.xml/fuse-lb/fuse_pool.xml"
Reading XML for "/home/pete/wefwefwef/docs/other/1192504046/repo/1.4.0/.xml/fuse-lb/fuse.xml"
Reading XML for "/home/pete/wefwefwef/docs/other/1192504046/repo/1.4.0/.xml/specs_fuse_misc.xml"
Reading XML for "/home/pete/wefwefwef/docs/other/1192504046/repo/1.4.0/.xml/specs_fuse_pool.xml"
Reading XML for "/home/pete/wefwefwef/docs/other/1192504046/repo/1.4.0/.xml/specs_fuse.xml"
Reading XML for "/home/pete/wefwefwef/docs/other/1192504046/repo/1.4.0/.xml/specs_fuse_lb.xml"
Creating index.html ...
Creating erldocs_index.js ...
Woot, finished in 0 Minutes 0 Seconds
 :: Discovering other repos
$ 5000  `rm -r '/home/pete/wefwefwef/docs/other/1192504046/fuse-lb-tag-1.4.0'  2>&1`
 :: Processing https://github.com/ulfl/fuse-lb	{rev,tag,"1.5.0","6f81c0c0bb72cec4f32b638a37668a0cbb9210ee"}
 :: Fetching repo code
$ cd "/home/pete/wefwefwef/docs/other/1192504046/fuse-lb-tag-1.5.0/fuse-lb"
$ infinity  `curl --fail --silent --show-error --location --output '1.5.0.zip' 'https://github.com/ulfl/fuse-lb/archive/1.5.0.zip'  2>&1`
$ cd "/home/pete/wefwefwef/docs/erldocs_other.git"
$ cd "/home/pete/wefwefwef/docs/other/1192504046/fuse-lb-tag-1.5.0/fuse-lb"
$ 5000  `find -P . -type l -delete  2>&1`
$ cd "/home/pete/wefwefwef/docs/erldocs_other.git"
$ cd "/home/pete/wefwefwef/docs/other/1192504046/fuse-lb-tag-1.5.0/fuse-lb"
$ 5000  `find 'fuse-lb-1.5.0' -mindepth 1 -maxdepth 1 -exec mv -t . -- {} +  2>&1`
$ cd "/home/pete/wefwefwef/docs/erldocs_other.git"
 :: Getting dependencies
$ cd "/home/pete/wefwefwef/docs/other/1192504046/fuse-lb-tag-1.5.0/fuse-lb"
$ 5000  `ls -1 deps/  2>&1`
$ cd "/home/pete/wefwefwef/docs/erldocs_other.git"
>>> [rebar] deps = []
 :: Generating erldocs into /home/pete/wefwefwef/docs/other/1192504046/repo/1.5.0
Building fuse-lb
Generating Type Specs - "/home/pete/wefwefwef/docs/other/1192504046/fuse-lb-tag-1.5.0/fuse-lb/src/fuse.erl"
Generating Type Specs - "/home/pete/wefwefwef/docs/other/1192504046/fuse-lb-tag-1.5.0/fuse-lb/src/fuse_lb.erl"
Generating Type Specs - "/home/pete/wefwefwef/docs/other/1192504046/fuse-lb-tag-1.5.0/fuse-lb/src/fuse_misc.erl"
Generating Type Specs - "/home/pete/wefwefwef/docs/other/1192504046/fuse-lb-tag-1.5.0/fuse-lb/src/fuse_pool.erl"
Generating XML for application fuse-lb "/home/pete/wefwefwef/docs/other/1192504046/fuse-lb-tag-1.5.0/fuse-lb" -> "/home/pete/wefwefwef/docs/other/1192504046/repo/1.5.0/.xml/fuse-lb"
Generated fuse-lb XMLs: ["/home/pete/wefwefwef/docs/other/1192504046/repo/1.5.0/.xml/fuse-lb/fuse_misc.xml",
                         "/home/pete/wefwefwef/docs/other/1192504046/repo/1.5.0/.xml/fuse-lb/fuse_lb.xml",
                         "/home/pete/wefwefwef/docs/other/1192504046/repo/1.5.0/.xml/fuse-lb/fuse_pool.xml",
                         "/home/pete/wefwefwef/docs/other/1192504046/repo/1.5.0/.xml/fuse-lb/fuse.xml"]
Generating HTML - fuse_misc "/home/pete/wefwefwef/docs/other/1192504046/repo/1.5.0/.xml/fuse-lb/fuse_misc.xml"
Generating HTML - fuse_lb "/home/pete/wefwefwef/docs/other/1192504046/repo/1.5.0/.xml/fuse-lb/fuse_lb.xml"
Generating HTML - fuse_pool "/home/pete/wefwefwef/docs/other/1192504046/repo/1.5.0/.xml/fuse-lb/fuse_pool.xml"
Generating HTML - fuse "/home/pete/wefwefwef/docs/other/1192504046/repo/1.5.0/.xml/fuse-lb/fuse.xml"
Reading XML for "/home/pete/wefwefwef/docs/other/1192504046/repo/1.5.0/.xml/fuse-lb/fuse_misc.xml"
Reading XML for "/home/pete/wefwefwef/docs/other/1192504046/repo/1.5.0/.xml/fuse-lb/fuse_lb.xml"
Reading XML for "/home/pete/wefwefwef/docs/other/1192504046/repo/1.5.0/.xml/fuse-lb/fuse_pool.xml"
Reading XML for "/home/pete/wefwefwef/docs/other/1192504046/repo/1.5.0/.xml/fuse-lb/fuse.xml"
Reading XML for "/home/pete/wefwefwef/docs/other/1192504046/repo/1.5.0/.xml/specs_fuse_pool.xml"
Reading XML for "/home/pete/wefwefwef/docs/other/1192504046/repo/1.5.0/.xml/specs_fuse_misc.xml"
Reading XML for "/home/pete/wefwefwef/docs/other/1192504046/repo/1.5.0/.xml/specs_fuse_lb.xml"
Reading XML for "/home/pete/wefwefwef/docs/other/1192504046/repo/1.5.0/.xml/specs_fuse.xml"
Creating index.html ...
Creating erldocs_index.js ...
Woot, finished in 0 Minutes 0 Seconds
 :: Discovering other repos
$ 5000  `rm -r '/home/pete/wefwefwef/docs/other/1192504046/fuse-lb-tag-1.5.0'  2>&1`
 :: Processing https://github.com/ulfl/fuse-lb	{rev,branch,"add-function-to-initialize-a-fuse","6765aacf3d46e0c778140ebd910d4d40e45f25bb"}
 :: Fetching repo code
$ cd "/home/pete/wefwefwef/docs/other/1192504046/fuse-lb-branch-add-function-to-initialize-a-fuse/fuse-lb"
$ infinity  `curl --fail --silent --show-error --location --output 'add-function-to-initialize-a-fuse.zip' 'https://github.com/ulfl/fuse-lb/archive/add-function-to-initialize-a-fuse.zip'  2>&1`
$ cd "/home/pete/wefwefwef/docs/erldocs_other.git"
$ cd "/home/pete/wefwefwef/docs/other/1192504046/fuse-lb-branch-add-function-to-initialize-a-fuse/fuse-lb"
$ 5000  `find -P . -type l -delete  2>&1`
$ cd "/home/pete/wefwefwef/docs/erldocs_other.git"
$ cd "/home/pete/wefwefwef/docs/other/1192504046/fuse-lb-branch-add-function-to-initialize-a-fuse/fuse-lb"
$ 5000  `find 'fuse-lb-add-function-to-initialize-a-fuse' -mindepth 1 -maxdepth 1 -exec mv -t . -- {} +  2>&1`
$ cd "/home/pete/wefwefwef/docs/erldocs_other.git"
 :: Getting dependencies
$ cd "/home/pete/wefwefwef/docs/other/1192504046/fuse-lb-branch-add-function-to-initialize-a-fuse/fuse-lb"
$ 5000  `ls -1 deps/  2>&1`
$ cd "/home/pete/wefwefwef/docs/erldocs_other.git"
>>> [rebar] deps = []
 :: Generating erldocs into /home/pete/wefwefwef/docs/other/1192504046/repo/add-function-to-initialize-a-fuse
Building fuse-lb
Generating Type Specs - "/home/pete/wefwefwef/docs/other/1192504046/fuse-lb-branch-add-function-to-initialize-a-fuse/fuse-lb/src/fuse.erl"
Generating Type Specs - "/home/pete/wefwefwef/docs/other/1192504046/fuse-lb-branch-add-function-to-initialize-a-fuse/fuse-lb/src/fuse_lb.erl"
Generating Type Specs - "/home/pete/wefwefwef/docs/other/1192504046/fuse-lb-branch-add-function-to-initialize-a-fuse/fuse-lb/src/fuse_misc.erl"
Generating Type Specs - "/home/pete/wefwefwef/docs/other/1192504046/fuse-lb-branch-add-function-to-initialize-a-fuse/fuse-lb/src/fuse_pool.erl"
Generating XML for application fuse-lb "/home/pete/wefwefwef/docs/other/1192504046/fuse-lb-branch-add-function-to-initialize-a-fuse/fuse-lb" -> "/home/pete/wefwefwef/docs/other/1192504046/repo/add-function-to-initialize-a-fuse/.xml/fuse-lb"
Generated fuse-lb XMLs: ["/home/pete/wefwefwef/docs/other/1192504046/repo/add-function-to-initialize-a-fuse/.xml/fuse-lb/fuse_misc.xml",
                         "/home/pete/wefwefwef/docs/other/1192504046/repo/add-function-to-initialize-a-fuse/.xml/fuse-lb/fuse_lb.xml",
                         "/home/pete/wefwefwef/docs/other/1192504046/repo/add-function-to-initialize-a-fuse/.xml/fuse-lb/fuse_pool.xml",
                         "/home/pete/wefwefwef/docs/other/1192504046/repo/add-function-to-initialize-a-fuse/.xml/fuse-lb/fuse.xml"]
Generating HTML - fuse_misc "/home/pete/wefwefwef/docs/other/1192504046/repo/add-function-to-initialize-a-fuse/.xml/fuse-lb/fuse_misc.xml"
Generating HTML - fuse_lb "/home/pete/wefwefwef/docs/other/1192504046/repo/add-function-to-initialize-a-fuse/.xml/fuse-lb/fuse_lb.xml"
Generating HTML - fuse_pool "/home/pete/wefwefwef/docs/other/1192504046/repo/add-function-to-initialize-a-fuse/.xml/fuse-lb/fuse_pool.xml"
Generating HTML - fuse "/home/pete/wefwefwef/docs/other/1192504046/repo/add-function-to-initialize-a-fuse/.xml/fuse-lb/fuse.xml"
Reading XML for "/home/pete/wefwefwef/docs/other/1192504046/repo/add-function-to-initialize-a-fuse/.xml/fuse-lb/fuse_misc.xml"
Reading XML for "/home/pete/wefwefwef/docs/other/1192504046/repo/add-function-to-initialize-a-fuse/.xml/fuse-lb/fuse_lb.xml"
Reading XML for "/home/pete/wefwefwef/docs/other/1192504046/repo/add-function-to-initialize-a-fuse/.xml/fuse-lb/fuse_pool.xml"
Reading XML for "/home/pete/wefwefwef/docs/other/1192504046/repo/add-function-to-initialize-a-fuse/.xml/fuse-lb/fuse.xml"
Reading XML for "/home/pete/wefwefwef/docs/other/1192504046/repo/add-function-to-initialize-a-fuse/.xml/specs_fuse_lb.xml"
Reading XML for "/home/pete/wefwefwef/docs/other/1192504046/repo/add-function-to-initialize-a-fuse/.xml/specs_fuse.xml"
Reading XML for "/home/pete/wefwefwef/docs/other/1192504046/repo/add-function-to-initialize-a-fuse/.xml/specs_fuse_misc.xml"
Reading XML for "/home/pete/wefwefwef/docs/other/1192504046/repo/add-function-to-initialize-a-fuse/.xml/specs_fuse_pool.xml"
Creating index.html ...
Creating erldocs_index.js ...
Woot, finished in 0 Minutes 0 Seconds
 :: Discovering other repos
$ 5000  `rm -r '/home/pete/wefwefwef/docs/other/1192504046/fuse-lb-branch-add-function-to-initialize-a-fuse'  2>&1`
 :: Processing https://github.com/ulfl/fuse-lb	{rev,branch,"burn-race","6c1105db9423694a1c16488446eec8c2237c3d55"}
 :: Fetching repo code
$ cd "/home/pete/wefwefwef/docs/other/1192504046/fuse-lb-branch-burn-race/fuse-lb"
$ infinity  `curl --fail --silent --show-error --location --output 'burn-race.zip' 'https://github.com/ulfl/fuse-lb/archive/burn-race.zip'  2>&1`
$ cd "/home/pete/wefwefwef/docs/erldocs_other.git"
$ cd "/home/pete/wefwefwef/docs/other/1192504046/fuse-lb-branch-burn-race/fuse-lb"
$ 5000  `find -P . -type l -delete  2>&1`
$ cd "/home/pete/wefwefwef/docs/erldocs_other.git"
$ cd "/home/pete/wefwefwef/docs/other/1192504046/fuse-lb-branch-burn-race/fuse-lb"
$ 5000  `find 'fuse-lb-burn-race' -mindepth 1 -maxdepth 1 -exec mv -t . -- {} +  2>&1`
$ cd "/home/pete/wefwefwef/docs/erldocs_other.git"
 :: Getting dependencies
$ cd "/home/pete/wefwefwef/docs/other/1192504046/fuse-lb-branch-burn-race/fuse-lb"
$ 5000  `ls -1 deps/  2>&1`
$ cd "/home/pete/wefwefwef/docs/erldocs_other.git"
>>> [rebar] deps = []
 :: Generating erldocs into /home/pete/wefwefwef/docs/other/1192504046/repo/burn-race
Building fuse-lb
Generating Type Specs - "/home/pete/wefwefwef/docs/other/1192504046/fuse-lb-branch-burn-race/fuse-lb/src/fuse.erl"
Generating Type Specs - "/home/pete/wefwefwef/docs/other/1192504046/fuse-lb-branch-burn-race/fuse-lb/src/fuse_lb.erl"
Generating Type Specs - "/home/pete/wefwefwef/docs/other/1192504046/fuse-lb-branch-burn-race/fuse-lb/src/fuse_misc.erl"
Generating Type Specs - "/home/pete/wefwefwef/docs/other/1192504046/fuse-lb-branch-burn-race/fuse-lb/src/fuse_pool.erl"
Generating XML for application fuse-lb "/home/pete/wefwefwef/docs/other/1192504046/fuse-lb-branch-burn-race/fuse-lb" -> "/home/pete/wefwefwef/docs/other/1192504046/repo/burn-race/.xml/fuse-lb"
Generated fuse-lb XMLs: ["/home/pete/wefwefwef/docs/other/1192504046/repo/burn-race/.xml/fuse-lb/fuse_misc.xml",
                         "/home/pete/wefwefwef/docs/other/1192504046/repo/burn-race/.xml/fuse-lb/fuse_lb.xml",
                         "/home/pete/wefwefwef/docs/other/1192504046/repo/burn-race/.xml/fuse-lb/fuse_pool.xml",
                         "/home/pete/wefwefwef/docs/other/1192504046/repo/burn-race/.xml/fuse-lb/fuse.xml"]
Generating HTML - fuse_misc "/home/pete/wefwefwef/docs/other/1192504046/repo/burn-race/.xml/fuse-lb/fuse_misc.xml"
Generating HTML - fuse_lb "/home/pete/wefwefwef/docs/other/1192504046/repo/burn-race/.xml/fuse-lb/fuse_lb.xml"
Generating HTML - fuse_pool "/home/pete/wefwefwef/docs/other/1192504046/repo/burn-race/.xml/fuse-lb/fuse_pool.xml"
Generating HTML - fuse "/home/pete/wefwefwef/docs/other/1192504046/repo/burn-race/.xml/fuse-lb/fuse.xml"
Reading XML for "/home/pete/wefwefwef/docs/other/1192504046/repo/burn-race/.xml/fuse-lb/fuse_misc.xml"
Reading XML for "/home/pete/wefwefwef/docs/other/1192504046/repo/burn-race/.xml/fuse-lb/fuse_lb.xml"
Reading XML for "/home/pete/wefwefwef/docs/other/1192504046/repo/burn-race/.xml/fuse-lb/fuse_pool.xml"
Reading XML for "/home/pete/wefwefwef/docs/other/1192504046/repo/burn-race/.xml/fuse-lb/fuse.xml"
Reading XML for "/home/pete/wefwefwef/docs/other/1192504046/repo/burn-race/.xml/specs_fuse_misc.xml"
Reading XML for "/home/pete/wefwefwef/docs/other/1192504046/repo/burn-race/.xml/specs_fuse_pool.xml"
Reading XML for "/home/pete/wefwefwef/docs/other/1192504046/repo/burn-race/.xml/specs_fuse_lb.xml"
Reading XML for "/home/pete/wefwefwef/docs/other/1192504046/repo/burn-race/.xml/specs_fuse.xml"
Creating index.html ...
Creating erldocs_index.js ...
Woot, finished in 0 Minutes 0 Seconds
 :: Discovering other repos
$ 5000  `rm -r '/home/pete/wefwefwef/docs/other/1192504046/fuse-lb-branch-burn-race'  2>&1`
 :: Processing https://github.com/ulfl/fuse-lb	{rev,branch,"fix-tests","09d4d4d7a6b8fb5aa650d88cba220e1aa47641b9"}
 :: Fetching repo code
$ cd "/home/pete/wefwefwef/docs/other/1192504046/fuse-lb-branch-fix-tests/fuse-lb"
$ infinity  `curl --fail --silent --show-error --location --output 'fix-tests.zip' 'https://github.com/ulfl/fuse-lb/archive/fix-tests.zip'  2>&1`
$ cd "/home/pete/wefwefwef/docs/erldocs_other.git"
$ cd "/home/pete/wefwefwef/docs/other/1192504046/fuse-lb-branch-fix-tests/fuse-lb"
$ 5000  `find -P . -type l -delete  2>&1`
$ cd "/home/pete/wefwefwef/docs/erldocs_other.git"
$ cd "/home/pete/wefwefwef/docs/other/1192504046/fuse-lb-branch-fix-tests/fuse-lb"
$ 5000  `find 'fuse-lb-fix-tests' -mindepth 1 -maxdepth 1 -exec mv -t . -- {} +  2>&1`
$ cd "/home/pete/wefwefwef/docs/erldocs_other.git"
 :: Getting dependencies
$ cd "/home/pete/wefwefwef/docs/other/1192504046/fuse-lb-branch-fix-tests/fuse-lb"
$ 5000  `ls -1 deps/  2>&1`
$ cd "/home/pete/wefwefwef/docs/erldocs_other.git"
>>> [rebar] deps = []
 :: Generating erldocs into /home/pete/wefwefwef/docs/other/1192504046/repo/fix-tests
Building fuse-lb
Generating Type Specs - "/home/pete/wefwefwef/docs/other/1192504046/fuse-lb-branch-fix-tests/fuse-lb/src/fuse.erl"
Generating Type Specs - "/home/pete/wefwefwef/docs/other/1192504046/fuse-lb-branch-fix-tests/fuse-lb/src/fuse_lb.erl"
Generating Type Specs - "/home/pete/wefwefwef/docs/other/1192504046/fuse-lb-branch-fix-tests/fuse-lb/src/fuse_misc.erl"
Generating Type Specs - "/home/pete/wefwefwef/docs/other/1192504046/fuse-lb-branch-fix-tests/fuse-lb/src/fuse_pool.erl"
Generating XML for application fuse-lb "/home/pete/wefwefwef/docs/other/1192504046/fuse-lb-branch-fix-tests/fuse-lb" -> "/home/pete/wefwefwef/docs/other/1192504046/repo/fix-tests/.xml/fuse-lb"
Generated fuse-lb XMLs: ["/home/pete/wefwefwef/docs/other/1192504046/repo/fix-tests/.xml/fuse-lb/fuse_misc.xml",
                         "/home/pete/wefwefwef/docs/other/1192504046/repo/fix-tests/.xml/fuse-lb/fuse_lb.xml",
                         "/home/pete/wefwefwef/docs/other/1192504046/repo/fix-tests/.xml/fuse-lb/fuse_pool.xml",
                         "/home/pete/wefwefwef/docs/other/1192504046/repo/fix-tests/.xml/fuse-lb/fuse.xml"]
Generating HTML - fuse_misc "/home/pete/wefwefwef/docs/other/1192504046/repo/fix-tests/.xml/fuse-lb/fuse_misc.xml"
Generating HTML - fuse_lb "/home/pete/wefwefwef/docs/other/1192504046/repo/fix-tests/.xml/fuse-lb/fuse_lb.xml"
Generating HTML - fuse_pool "/home/pete/wefwefwef/docs/other/1192504046/repo/fix-tests/.xml/fuse-lb/fuse_pool.xml"
Generating HTML - fuse "/home/pete/wefwefwef/docs/other/1192504046/repo/fix-tests/.xml/fuse-lb/fuse.xml"
Reading XML for "/home/pete/wefwefwef/docs/other/1192504046/repo/fix-tests/.xml/fuse-lb/fuse_misc.xml"
Reading XML for "/home/pete/wefwefwef/docs/other/1192504046/repo/fix-tests/.xml/fuse-lb/fuse_lb.xml"
Reading XML for "/home/pete/wefwefwef/docs/other/1192504046/repo/fix-tests/.xml/fuse-lb/fuse_pool.xml"
Reading XML for "/home/pete/wefwefwef/docs/other/1192504046/repo/fix-tests/.xml/fuse-lb/fuse.xml"
Reading XML for "/home/pete/wefwefwef/docs/other/1192504046/repo/fix-tests/.xml/specs_fuse_pool.xml"
Reading XML for "/home/pete/wefwefwef/docs/other/1192504046/repo/fix-tests/.xml/specs_fuse_misc.xml"
Reading XML for "/home/pete/wefwefwef/docs/other/1192504046/repo/fix-tests/.xml/specs_fuse_lb.xml"
Reading XML for "/home/pete/wefwefwef/docs/other/1192504046/repo/fix-tests/.xml/specs_fuse.xml"
Creating index.html ...
Creating erldocs_index.js ...
Woot, finished in 0 Minutes 0 Seconds
 :: Discovering other repos
$ 5000  `rm -r '/home/pete/wefwefwef/docs/other/1192504046/fuse-lb-branch-fix-tests'  2>&1`
 :: Processing https://github.com/ulfl/fuse-lb	{rev,branch,"fix-trap-exit-behavior","1779e44def1c0e6ac6131014b161873aed41723e"}
 :: Fetching repo code
$ cd "/home/pete/wefwefwef/docs/other/1192504046/fuse-lb-branch-fix-trap-exit-behavior/fuse-lb"
$ infinity  `curl --fail --silent --show-error --location --output 'fix-trap-exit-behavior.zip' 'https://github.com/ulfl/fuse-lb/archive/fix-trap-exit-behavior.zip'  2>&1`
$ cd "/home/pete/wefwefwef/docs/erldocs_other.git"
$ cd "/home/pete/wefwefwef/docs/other/1192504046/fuse-lb-branch-fix-trap-exit-behavior/fuse-lb"
$ 5000  `find -P . -type l -delete  2>&1`
$ cd "/home/pete/wefwefwef/docs/erldocs_other.git"
$ cd "/home/pete/wefwefwef/docs/other/1192504046/fuse-lb-branch-fix-trap-exit-behavior/fuse-lb"
$ 5000  `find 'fuse-lb-fix-trap-exit-behavior' -mindepth 1 -maxdepth 1 -exec mv -t . -- {} +  2>&1`
$ cd "/home/pete/wefwefwef/docs/erldocs_other.git"
 :: Getting dependencies
$ cd "/home/pete/wefwefwef/docs/other/1192504046/fuse-lb-branch-fix-trap-exit-behavior/fuse-lb"
$ 5000  `ls -1 deps/  2>&1`
$ cd "/home/pete/wefwefwef/docs/erldocs_other.git"
>>> [rebar] deps = []
 :: Generating erldocs into /home/pete/wefwefwef/docs/other/1192504046/repo/fix-trap-exit-behavior
Building fuse-lb
Generating Type Specs - "/home/pete/wefwefwef/docs/other/1192504046/fuse-lb-branch-fix-trap-exit-behavior/fuse-lb/src/fuse.erl"
Generating Type Specs - "/home/pete/wefwefwef/docs/other/1192504046/fuse-lb-branch-fix-trap-exit-behavior/fuse-lb/src/fuse_lb.erl"
Generating Type Specs - "/home/pete/wefwefwef/docs/other/1192504046/fuse-lb-branch-fix-trap-exit-behavior/fuse-lb/src/fuse_misc.erl"
Generating Type Specs - "/home/pete/wefwefwef/docs/other/1192504046/fuse-lb-branch-fix-trap-exit-behavior/fuse-lb/src/fuse_pool.erl"
Generating XML for application fuse-lb "/home/pete/wefwefwef/docs/other/1192504046/fuse-lb-branch-fix-trap-exit-behavior/fuse-lb" -> "/home/pete/wefwefwef/docs/other/1192504046/repo/fix-trap-exit-behavior/.xml/fuse-lb"
Generated fuse-lb XMLs: ["/home/pete/wefwefwef/docs/other/1192504046/repo/fix-trap-exit-behavior/.xml/fuse-lb/fuse_misc.xml",
                         "/home/pete/wefwefwef/docs/other/1192504046/repo/fix-trap-exit-behavior/.xml/fuse-lb/fuse_lb.xml",
                         "/home/pete/wefwefwef/docs/other/1192504046/repo/fix-trap-exit-behavior/.xml/fuse-lb/fuse_pool.xml",
                         "/home/pete/wefwefwef/docs/other/1192504046/repo/fix-trap-exit-behavior/.xml/fuse-lb/fuse.xml"]
Generating HTML - fuse_misc "/home/pete/wefwefwef/docs/other/1192504046/repo/fix-trap-exit-behavior/.xml/fuse-lb/fuse_misc.xml"
Generating HTML - fuse_lb "/home/pete/wefwefwef/docs/other/1192504046/repo/fix-trap-exit-behavior/.xml/fuse-lb/fuse_lb.xml"
Generating HTML - fuse_pool "/home/pete/wefwefwef/docs/other/1192504046/repo/fix-trap-exit-behavior/.xml/fuse-lb/fuse_pool.xml"
Generating HTML - fuse "/home/pete/wefwefwef/docs/other/1192504046/repo/fix-trap-exit-behavior/.xml/fuse-lb/fuse.xml"
Reading XML for "/home/pete/wefwefwef/docs/other/1192504046/repo/fix-trap-exit-behavior/.xml/fuse-lb/fuse_misc.xml"
Reading XML for "/home/pete/wefwefwef/docs/other/1192504046/repo/fix-trap-exit-behavior/.xml/fuse-lb/fuse_lb.xml"
Reading XML for "/home/pete/wefwefwef/docs/other/1192504046/repo/fix-trap-exit-behavior/.xml/fuse-lb/fuse_pool.xml"
Reading XML for "/home/pete/wefwefwef/docs/other/1192504046/repo/fix-trap-exit-behavior/.xml/fuse-lb/fuse.xml"
Reading XML for "/home/pete/wefwefwef/docs/other/1192504046/repo/fix-trap-exit-behavior/.xml/specs_fuse_misc.xml"
Reading XML for "/home/pete/wefwefwef/docs/other/1192504046/repo/fix-trap-exit-behavior/.xml/specs_fuse_lb.xml"
Reading XML for "/home/pete/wefwefwef/docs/other/1192504046/repo/fix-trap-exit-behavior/.xml/specs_fuse_pool.xml"
Reading XML for "/home/pete/wefwefwef/docs/other/1192504046/repo/fix-trap-exit-behavior/.xml/specs_fuse.xml"
Creating index.html ...
Creating erldocs_index.js ...
Woot, finished in 0 Minutes 0 Seconds
 :: Discovering other repos
$ 5000  `rm -r '/home/pete/wefwefwef/docs/other/1192504046/fuse-lb-branch-fix-trap-exit-behavior'  2>&1`
 :: Processing https://github.com/ulfl/fuse-lb	{rev,branch,"fuse-burn-issue","d0cc05486b36e76229b6513b49e1c96f868599b6"}
 :: Fetching repo code
$ cd "/home/pete/wefwefwef/docs/other/1192504046/fuse-lb-branch-fuse-burn-issue/fuse-lb"
$ infinity  `curl --fail --silent --show-error --location --output 'fuse-burn-issue.zip' 'https://github.com/ulfl/fuse-lb/archive/fuse-burn-issue.zip'  2>&1`
$ cd "/home/pete/wefwefwef/docs/erldocs_other.git"
$ cd "/home/pete/wefwefwef/docs/other/1192504046/fuse-lb-branch-fuse-burn-issue/fuse-lb"
$ 5000  `find -P . -type l -delete  2>&1`
$ cd "/home/pete/wefwefwef/docs/erldocs_other.git"
$ cd "/home/pete/wefwefwef/docs/other/1192504046/fuse-lb-branch-fuse-burn-issue/fuse-lb"
$ 5000  `find 'fuse-lb-fuse-burn-issue' -mindepth 1 -maxdepth 1 -exec mv -t . -- {} +  2>&1`
$ cd "/home/pete/wefwefwef/docs/erldocs_other.git"
 :: Getting dependencies
$ cd "/home/pete/wefwefwef/docs/other/1192504046/fuse-lb-branch-fuse-burn-issue/fuse-lb"
$ 5000  `ls -1 deps/  2>&1`
$ cd "/home/pete/wefwefwef/docs/erldocs_other.git"
>>> [rebar] deps = []
 :: Generating erldocs into /home/pete/wefwefwef/docs/other/1192504046/repo/fuse-burn-issue
Building fuse-lb
Generating Type Specs - "/home/pete/wefwefwef/docs/other/1192504046/fuse-lb-branch-fuse-burn-issue/fuse-lb/src/fuse.erl"
Generating Type Specs - "/home/pete/wefwefwef/docs/other/1192504046/fuse-lb-branch-fuse-burn-issue/fuse-lb/src/fuse_lb.erl"
Generating Type Specs - "/home/pete/wefwefwef/docs/other/1192504046/fuse-lb-branch-fuse-burn-issue/fuse-lb/src/fuse_misc.erl"
Generating Type Specs - "/home/pete/wefwefwef/docs/other/1192504046/fuse-lb-branch-fuse-burn-issue/fuse-lb/src/fuse_pool.erl"
Generating XML for application fuse-lb "/home/pete/wefwefwef/docs/other/1192504046/fuse-lb-branch-fuse-burn-issue/fuse-lb" -> "/home/pete/wefwefwef/docs/other/1192504046/repo/fuse-burn-issue/.xml/fuse-lb"
Generated fuse-lb XMLs: ["/home/pete/wefwefwef/docs/other/1192504046/repo/fuse-burn-issue/.xml/fuse-lb/fuse_misc.xml",
                         "/home/pete/wefwefwef/docs/other/1192504046/repo/fuse-burn-issue/.xml/fuse-lb/fuse_lb.xml",
                         "/home/pete/wefwefwef/docs/other/1192504046/repo/fuse-burn-issue/.xml/fuse-lb/fuse_pool.xml",
                         "/home/pete/wefwefwef/docs/other/1192504046/repo/fuse-burn-issue/.xml/fuse-lb/fuse.xml"]
Generating HTML - fuse_misc "/home/pete/wefwefwef/docs/other/1192504046/repo/fuse-burn-issue/.xml/fuse-lb/fuse_misc.xml"
Generating HTML - fuse_lb "/home/pete/wefwefwef/docs/other/1192504046/repo/fuse-burn-issue/.xml/fuse-lb/fuse_lb.xml"
Generating HTML - fuse_pool "/home/pete/wefwefwef/docs/other/1192504046/repo/fuse-burn-issue/.xml/fuse-lb/fuse_pool.xml"
Generating HTML - fuse "/home/pete/wefwefwef/docs/other/1192504046/repo/fuse-burn-issue/.xml/fuse-lb/fuse.xml"
Reading XML for "/home/pete/wefwefwef/docs/other/1192504046/repo/fuse-burn-issue/.xml/fuse-lb/fuse_misc.xml"
Reading XML for "/home/pete/wefwefwef/docs/other/1192504046/repo/fuse-burn-issue/.xml/fuse-lb/fuse_lb.xml"
Reading XML for "/home/pete/wefwefwef/docs/other/1192504046/repo/fuse-burn-issue/.xml/fuse-lb/fuse_pool.xml"
Reading XML for "/home/pete/wefwefwef/docs/other/1192504046/repo/fuse-burn-issue/.xml/fuse-lb/fuse.xml"
Reading XML for "/home/pete/wefwefwef/docs/other/1192504046/repo/fuse-burn-issue/.xml/specs_fuse_misc.xml"
Reading XML for "/home/pete/wefwefwef/docs/other/1192504046/repo/fuse-burn-issue/.xml/specs_fuse_pool.xml"
Reading XML for "/home/pete/wefwefwef/docs/other/1192504046/repo/fuse-burn-issue/.xml/specs_fuse_lb.xml"
Reading XML for "/home/pete/wefwefwef/docs/other/1192504046/repo/fuse-burn-issue/.xml/specs_fuse.xml"
Creating index.html ...
Creating erldocs_index.js ...
Woot, finished in 0 Minutes 0 Seconds
 :: Discovering other repos
$ 5000  `rm -r '/home/pete/wefwefwef/docs/other/1192504046/fuse-lb-branch-fuse-burn-issue'  2>&1`
 :: Processing https://github.com/ulfl/fuse-lb	{rev,branch,"master","6f81c0c0bb72cec4f32b638a37668a0cbb9210ee"}
 :: Fetching repo code
$ cd "/home/pete/wefwefwef/docs/other/1192504046/fuse-lb-branch-master/fuse-lb"
$ infinity  `curl --fail --silent --show-error --location --output 'master.zip' 'https://github.com/ulfl/fuse-lb/archive/master.zip'  2>&1`
$ cd "/home/pete/wefwefwef/docs/erldocs_other.git"
$ cd "/home/pete/wefwefwef/docs/other/1192504046/fuse-lb-branch-master/fuse-lb"
$ 5000  `find -P . -type l -delete  2>&1`
$ cd "/home/pete/wefwefwef/docs/erldocs_other.git"
$ cd "/home/pete/wefwefwef/docs/other/1192504046/fuse-lb-branch-master/fuse-lb"
$ 5000  `find 'fuse-lb-master' -mindepth 1 -maxdepth 1 -exec mv -t . -- {} +  2>&1`
$ cd "/home/pete/wefwefwef/docs/erldocs_other.git"
 :: Getting dependencies
$ cd "/home/pete/wefwefwef/docs/other/1192504046/fuse-lb-branch-master/fuse-lb"
$ 5000  `ls -1 deps/  2>&1`
$ cd "/home/pete/wefwefwef/docs/erldocs_other.git"
>>> [rebar] deps = []
 :: Generating erldocs into /home/pete/wefwefwef/docs/other/1192504046/repo/master
Building fuse-lb
Generating Type Specs - "/home/pete/wefwefwef/docs/other/1192504046/fuse-lb-branch-master/fuse-lb/src/fuse.erl"
Generating Type Specs - "/home/pete/wefwefwef/docs/other/1192504046/fuse-lb-branch-master/fuse-lb/src/fuse_lb.erl"
Generating Type Specs - "/home/pete/wefwefwef/docs/other/1192504046/fuse-lb-branch-master/fuse-lb/src/fuse_misc.erl"
Generating Type Specs - "/home/pete/wefwefwef/docs/other/1192504046/fuse-lb-branch-master/fuse-lb/src/fuse_pool.erl"
Generating XML for application fuse-lb "/home/pete/wefwefwef/docs/other/1192504046/fuse-lb-branch-master/fuse-lb" -> "/home/pete/wefwefwef/docs/other/1192504046/repo/master/.xml/fuse-lb"
Generated fuse-lb XMLs: ["/home/pete/wefwefwef/docs/other/1192504046/repo/master/.xml/fuse-lb/fuse_misc.xml",
                         "/home/pete/wefwefwef/docs/other/1192504046/repo/master/.xml/fuse-lb/fuse_lb.xml",
                         "/home/pete/wefwefwef/docs/other/1192504046/repo/master/.xml/fuse-lb/fuse_pool.xml",
                         "/home/pete/wefwefwef/docs/other/1192504046/repo/master/.xml/fuse-lb/fuse.xml"]
Generating HTML - fuse_misc "/home/pete/wefwefwef/docs/other/1192504046/repo/master/.xml/fuse-lb/fuse_misc.xml"
Generating HTML - fuse_lb "/home/pete/wefwefwef/docs/other/1192504046/repo/master/.xml/fuse-lb/fuse_lb.xml"
Generating HTML - fuse_pool "/home/pete/wefwefwef/docs/other/1192504046/repo/master/.xml/fuse-lb/fuse_pool.xml"
Generating HTML - fuse "/home/pete/wefwefwef/docs/other/1192504046/repo/master/.xml/fuse-lb/fuse.xml"
Reading XML for "/home/pete/wefwefwef/docs/other/1192504046/repo/master/.xml/fuse-lb/fuse_misc.xml"
Reading XML for "/home/pete/wefwefwef/docs/other/1192504046/repo/master/.xml/fuse-lb/fuse_lb.xml"
Reading XML for "/home/pete/wefwefwef/docs/other/1192504046/repo/master/.xml/fuse-lb/fuse_pool.xml"
Reading XML for "/home/pete/wefwefwef/docs/other/1192504046/repo/master/.xml/fuse-lb/fuse.xml"
Reading XML for "/home/pete/wefwefwef/docs/other/1192504046/repo/master/.xml/specs_fuse_misc.xml"
Reading XML for "/home/pete/wefwefwef/docs/other/1192504046/repo/master/.xml/specs_fuse_lb.xml"
Reading XML for "/home/pete/wefwefwef/docs/other/1192504046/repo/master/.xml/specs_fuse.xml"
Reading XML for "/home/pete/wefwefwef/docs/other/1192504046/repo/master/.xml/specs_fuse_pool.xml"
Creating index.html ...
Creating erldocs_index.js ...
Woot, finished in 0 Minutes 0 Seconds
 :: Discovering other repos
$ 5000  `rm -r '/home/pete/wefwefwef/docs/other/1192504046/fuse-lb-branch-master'  2>&1`
 :: Erldocs finishing up
$ 5000  `rm -r '/home/pete/wefwefwef/docs/other/1192504046/fuse-lb'  2>&1`
