 :: Extracting meta information
$ cd '.'
$ infinity  `git ls-remote --heads --tags https://github.com/project-fifo/cf`
>>> [repo] 1 branches, 3 tags
 :: Writing meta to "/home/pete/wefwefwef/docs/other/bcee4fa2d3ec9d3d2b71c26c579da7c3142a17e3/meta.txt"
 :: Skipping tag "0.1.1"
 :: Skipping tag "0.1.2"
 :: Skipping branch "master"
 :: Processing https://github.com/project-fifo/cf	{rev,tag,"0.2.0","8a113805bdfd7d9f2aba712f5035567ecb38a129",undefined,[],[]}
 :: Fetching repo code
$ cd '/home/pete/wefwefwef/docs/other/bcee4fa2d3ec9d3d2b71c26c579da7c3142a17e3/cf-tag-0.2.0'
$ infinity  `curl --fail --silent --show-error --location --output repo.tar.gz https://codeload.github.com/project-fifo/cf/tar.gz/0.2.0`
 :: Error running eo_core:
	[{eo_scm,fetch,2,[{file,"src/eo_scm.erl"},{line,81}]},
         {eo_core,do,7,[{file,"src/eo_core.erl"},{line,107}]},
         {eo_core,'-main_/1-lc$^0/1-0-',8,
             [{file,"src/eo_core.erl"},{line,85}]},
         {eo_core,main_,1,[{file,"src/eo_core.erl"},{line,85}]},
         {eo_core,main,1,[{file,"src/eo_core.erl"},{line,56}]},
         {eo_core,gen,1,[{file,"src/eo_core.erl"},{line,36}]},
         {gen_escript__escript__1446__638487__360690,seq_gen,4,
             [{file,"./gen.escript"},{line,53}]},
         {escript,run,2,[{file,"escript.erl"},{line,752}]}]
{error,{case_clause,["/home/pete/wefwefwef/docs/other/bcee4fa2d3ec9d3d2b71c26c579da7c3142a17e3/cf-tag-0.2.0/cf",
                     "/home/pete/wefwefwef/docs/other/bcee4fa2d3ec9d3d2b71c26c579da7c3142a17e3/cf-tag-0.2.0/cf-0.2.0"]}}
 :: Finishing up
$ cd '.'
$ 5000  `rm -r /home/pete/wefwefwef/docs/other/bcee4fa2d3ec9d3d2b71c26c579da7c3142a17e3/cf`
