 :: Extracting meta information
$ cd '.'
$ infinity  `git ls-remote --heads --tags https://github.com/project-fifo/cf`
>>> [repo] 1 branches, 3 tags
 :: Writing meta to "/home/pete/wefwefwef/docs/other/bcee4fa2d3ec9d3d2b71c26c579da7c3142a17e3/meta.txt"
 :: Processing https://github.com/project-fifo/cf	{rev,branch,"master","a6b395759e423aa0844825fb1d8bd2d022fc8ab5",undefined,[],[]}
 :: Fetching repo code
$ cd '/home/pete/wefwefwef/docs/other/bcee4fa2d3ec9d3d2b71c26c579da7c3142a17e3/cf-branch-master'
$ infinity  `curl --fail --silent --show-error --location --output repo.tar.gz https://codeload.github.com/project-fifo/cf/tar.gz/master`
$ cd '/home/pete/wefwefwef/docs/other/bcee4fa2d3ec9d3d2b71c26c579da7c3142a17e3/cf-branch-master/cf-master'
$ 5000  `find -P . -type l -delete`
$ cd '.'
$ 5000  `mv /home/pete/wefwefwef/docs/other/bcee4fa2d3ec9d3d2b71c26c579da7c3142a17e3/cf-branch-master/cf-master /home/pete/wefwefwef/docs/other/bcee4fa2d3ec9d3d2b71c26c579da7c3142a17e3/cf-branch-master/cf`
 :: Getting dependencies
$ cd '/home/pete/wefwefwef/docs/other/bcee4fa2d3ec9d3d2b71c26c579da7c3142a17e3/cf-branch-master/cf'
$ 5000  `ls -1 deps/`
>>> [rebar] deps = []
 :: Generating erldocs into /home/pete/wefwefwef/docs/other/bcee4fa2d3ec9d3d2b71c26c579da7c3142a17e3/repo/master
Building cf
Generating Type Specs - "/home/pete/wefwefwef/docs/other/bcee4fa2d3ec9d3d2b71c26c579da7c3142a17e3/cf-branch-master/cf/src/cf.erl"
Generating Type Specs - "/home/pete/wefwefwef/docs/other/bcee4fa2d3ec9d3d2b71c26c579da7c3142a17e3/cf-branch-master/cf/src/cf_term.erl"
Generating XML for application cf "/home/pete/wefwefwef/docs/other/bcee4fa2d3ec9d3d2b71c26c579da7c3142a17e3/cf-branch-master/cf" -> "/home/pete/wefwefwef/docs/other/bcee4fa2d3ec9d3d2b71c26c579da7c3142a17e3/repo/master/.xml/cf"
/home/pete/wefwefwef/docs/other/bcee4fa2d3ec9d3d2b71c26c579da7c3142a17e3/cf-branch-master/cf/src/cf.erl, function print/2: at line 26: `-quote ended unexpectedly at line 41
edoc: skipping source file '/home/pete/wefwefwef/docs/other/bcee4fa2d3ec9d3d2b71c26c579da7c3142a17e3/cf-branch-master/cf/src/cf.erl': {'EXIT',
                                                                                                                                 error}.
edoc: error in doclet 'edoc_doclet': {'EXIT',error}.
Error generating cf XMLs. Using fallback ...
Generating XML cf - cf "/home/pete/wefwefwef/docs/other/bcee4fa2d3ec9d3d2b71c26c579da7c3142a17e3/cf-branch-master/cf/src/cf.erl" -> "/home/pete/wefwefwef/docs/other/bcee4fa2d3ec9d3d2b71c26c579da7c3142a17e3/repo/master/.xml/cf/cf.xml"
/home/pete/wefwefwef/docs/other/bcee4fa2d3ec9d3d2b71c26c579da7c3142a17e3/cf-branch-master/cf/src/cf.erl, function print/2: at line 26: `-quote ended unexpectedly at line 41
Error generating XML ("/home/pete/wefwefwef/docs/other/bcee4fa2d3ec9d3d2b71c26c579da7c3142a17e3/cf-branch-master/cf/src/cf.erl"): {'EXIT',
                                                                                                                                   error}
Generating XML cf - cf_term "/home/pete/wefwefwef/docs/other/bcee4fa2d3ec9d3d2b71c26c579da7c3142a17e3/cf-branch-master/cf/src/cf_term.erl" -> "/home/pete/wefwefwef/docs/other/bcee4fa2d3ec9d3d2b71c26c579da7c3142a17e3/repo/master/.xml/cf/cf_term.xml"
Generating HTML - cf_term "/home/pete/wefwefwef/docs/other/bcee4fa2d3ec9d3d2b71c26c579da7c3142a17e3/repo/master/.xml/cf/cf_term.xml"
Reading XML for "/home/pete/wefwefwef/docs/other/bcee4fa2d3ec9d3d2b71c26c579da7c3142a17e3/repo/master/.xml/cf/cf_term.xml"
Reading XML for "/home/pete/wefwefwef/docs/other/bcee4fa2d3ec9d3d2b71c26c579da7c3142a17e3/repo/master/.xml/specs_cf_term.xml"
Creating index.html ...
Creating erldocs_index.js ...
Woot, finished in 0 Minutes 0 Seconds
 :: Discovering other repos
$ cd '.'
$ 5000  `rm -r /home/pete/wefwefwef/docs/other/bcee4fa2d3ec9d3d2b71c26c579da7c3142a17e3/cf-branch-master`
 :: Processing https://github.com/project-fifo/cf	{rev,tag,"0.2.0","8a113805bdfd7d9f2aba712f5035567ecb38a129",undefined,[],[]}
 :: Fetching repo code
$ cd '/home/pete/wefwefwef/docs/other/bcee4fa2d3ec9d3d2b71c26c579da7c3142a17e3/cf-tag-0.2.0'
$ infinity  `curl --fail --silent --show-error --location --output repo.tar.gz https://codeload.github.com/project-fifo/cf/tar.gz/0.2.0`
$ cd '/home/pete/wefwefwef/docs/other/bcee4fa2d3ec9d3d2b71c26c579da7c3142a17e3/cf-tag-0.2.0/cf-0.2.0'
$ 5000  `find -P . -type l -delete`
$ cd '.'
$ 5000  `mv /home/pete/wefwefwef/docs/other/bcee4fa2d3ec9d3d2b71c26c579da7c3142a17e3/cf-tag-0.2.0/cf-0.2.0 /home/pete/wefwefwef/docs/other/bcee4fa2d3ec9d3d2b71c26c579da7c3142a17e3/cf-tag-0.2.0/cf`
 :: Getting dependencies
 :: Error running eo_core:
	[{eo_core,sh,
                  ["/home/pete/wefwefwef/docs/other/bcee4fa2d3ec9d3d2b71c26c579da7c3142a17e3/cf-tag-0.2.0/cf",
                   ["rebar","--config",
                    "/home/pete/wefwefwef/docs/other/bcee4fa2d3ec9d3d2b71c26c579da7c3142a17e3/cf-tag-0.2.0/rebar_deps",
                    "get-deps"],
                   infinity],
                  []},
         {eo_util,get_deps,2,[{file,"src/eo_util.erl"},{line,123}]},
         {eo_util,rebar_get_deps,1,[{file,"src/eo_util.erl"},{line,88}]},
         {eo_core,get_deps,1,[{file,"src/eo_core.erl"},{line,339}]},
         {eo_core,do,7,[{file,"src/eo_core.erl"},{line,110}]},
         {eo_core,'-main_/1-lc$^0/1-0-',8,
                  [{file,"src/eo_core.erl"},{line,85}]},
         {eo_core,'-main_/1-lc$^0/1-0-',8,
                  [{file,"src/eo_core.erl"},{line,91}]},
         {eo_core,main_,1,[{file,"src/eo_core.erl"},{line,85}]}]
{error,undef}
 :: Processing https://github.com/project-fifo/cf	{rev,tag,"0.1.2","16dcc2b2a0817b006df4fb90f6f0fbe973f90a51",undefined,[],[]}
 :: Fetching repo code
$ cd '/home/pete/wefwefwef/docs/other/bcee4fa2d3ec9d3d2b71c26c579da7c3142a17e3/cf-tag-0.1.2'
$ infinity  `curl --fail --silent --show-error --location --output repo.tar.gz https://codeload.github.com/project-fifo/cf/tar.gz/0.1.2`
$ cd '/home/pete/wefwefwef/docs/other/bcee4fa2d3ec9d3d2b71c26c579da7c3142a17e3/cf-tag-0.1.2/cf-0.1.2'
$ 5000  `find -P . -type l -delete`
$ cd '.'
$ 5000  `mv /home/pete/wefwefwef/docs/other/bcee4fa2d3ec9d3d2b71c26c579da7c3142a17e3/cf-tag-0.1.2/cf-0.1.2 /home/pete/wefwefwef/docs/other/bcee4fa2d3ec9d3d2b71c26c579da7c3142a17e3/cf-tag-0.1.2/cf`
 :: Getting dependencies
$ cd '/home/pete/wefwefwef/docs/other/bcee4fa2d3ec9d3d2b71c26c579da7c3142a17e3/cf-tag-0.1.2/cf'
$ 5000  `ls -1 deps/`
>>> [rebar] deps = []
 :: Generating erldocs into /home/pete/wefwefwef/docs/other/bcee4fa2d3ec9d3d2b71c26c579da7c3142a17e3/repo/0.1.2
Building cf
Generating Type Specs - "/home/pete/wefwefwef/docs/other/bcee4fa2d3ec9d3d2b71c26c579da7c3142a17e3/cf-tag-0.1.2/cf/src/cf.erl"
Generating XML for application cf "/home/pete/wefwefwef/docs/other/bcee4fa2d3ec9d3d2b71c26c579da7c3142a17e3/cf-tag-0.1.2/cf" -> "/home/pete/wefwefwef/docs/other/bcee4fa2d3ec9d3d2b71c26c579da7c3142a17e3/repo/0.1.2/.xml/cf"
/home/pete/wefwefwef/docs/other/bcee4fa2d3ec9d3d2b71c26c579da7c3142a17e3/cf-tag-0.1.2/cf/src/cf.erl, function print/2: at line 26: `-quote ended unexpectedly at line 41
edoc: skipping source file '/home/pete/wefwefwef/docs/other/bcee4fa2d3ec9d3d2b71c26c579da7c3142a17e3/cf-tag-0.1.2/cf/src/cf.erl': {'EXIT',
                                                                                                                             error}.
edoc: error in doclet 'edoc_doclet': {'EXIT',error}.
Error generating cf XMLs. Using fallback ...
Generating XML cf - cf "/home/pete/wefwefwef/docs/other/bcee4fa2d3ec9d3d2b71c26c579da7c3142a17e3/cf-tag-0.1.2/cf/src/cf.erl" -> "/home/pete/wefwefwef/docs/other/bcee4fa2d3ec9d3d2b71c26c579da7c3142a17e3/repo/0.1.2/.xml/cf/cf.xml"
/home/pete/wefwefwef/docs/other/bcee4fa2d3ec9d3d2b71c26c579da7c3142a17e3/cf-tag-0.1.2/cf/src/cf.erl, function print/2: at line 26: `-quote ended unexpectedly at line 41
Error generating XML ("/home/pete/wefwefwef/docs/other/bcee4fa2d3ec9d3d2b71c26c579da7c3142a17e3/cf-tag-0.1.2/cf/src/cf.erl"): {'EXIT',
                                                                                                                               error}
No documentation was generated!
Woot, finished in 0 Minutes 0 Seconds
 :: Discovering other repos
$ cd '.'
$ 5000  `rm -r /home/pete/wefwefwef/docs/other/bcee4fa2d3ec9d3d2b71c26c579da7c3142a17e3/cf-tag-0.1.2`
 :: Processing https://github.com/project-fifo/cf	{rev,tag,"0.1.1","fb16185ba766e474c4fe81e0d7be0f4206604224",undefined,[],[]}
 :: Fetching repo code
$ cd '/home/pete/wefwefwef/docs/other/bcee4fa2d3ec9d3d2b71c26c579da7c3142a17e3/cf-tag-0.1.1'
$ infinity  `curl --fail --silent --show-error --location --output repo.tar.gz https://codeload.github.com/project-fifo/cf/tar.gz/0.1.1`
$ cd '/home/pete/wefwefwef/docs/other/bcee4fa2d3ec9d3d2b71c26c579da7c3142a17e3/cf-tag-0.1.1/cf-0.1.1'
$ 5000  `find -P . -type l -delete`
$ cd '.'
$ 5000  `mv /home/pete/wefwefwef/docs/other/bcee4fa2d3ec9d3d2b71c26c579da7c3142a17e3/cf-tag-0.1.1/cf-0.1.1 /home/pete/wefwefwef/docs/other/bcee4fa2d3ec9d3d2b71c26c579da7c3142a17e3/cf-tag-0.1.1/cf`
 :: Getting dependencies
$ cd '/home/pete/wefwefwef/docs/other/bcee4fa2d3ec9d3d2b71c26c579da7c3142a17e3/cf-tag-0.1.1/cf'
$ 5000  `ls -1 deps/`
>>> [rebar] deps = []
 :: Generating erldocs into /home/pete/wefwefwef/docs/other/bcee4fa2d3ec9d3d2b71c26c579da7c3142a17e3/repo/0.1.1
Building cf
Generating Type Specs - "/home/pete/wefwefwef/docs/other/bcee4fa2d3ec9d3d2b71c26c579da7c3142a17e3/cf-tag-0.1.1/cf/src/cf.erl"
Generating XML for application cf "/home/pete/wefwefwef/docs/other/bcee4fa2d3ec9d3d2b71c26c579da7c3142a17e3/cf-tag-0.1.1/cf" -> "/home/pete/wefwefwef/docs/other/bcee4fa2d3ec9d3d2b71c26c579da7c3142a17e3/repo/0.1.1/.xml/cf"
/home/pete/wefwefwef/docs/other/bcee4fa2d3ec9d3d2b71c26c579da7c3142a17e3/cf-tag-0.1.1/cf/src/cf.erl, function print/2: at line 26: `-quote ended unexpectedly at line 41
edoc: skipping source file '/home/pete/wefwefwef/docs/other/bcee4fa2d3ec9d3d2b71c26c579da7c3142a17e3/cf-tag-0.1.1/cf/src/cf.erl': {'EXIT',
                                                                                                                             error}.
edoc: error in doclet 'edoc_doclet': {'EXIT',error}.
Error generating cf XMLs. Using fallback ...
Generating XML cf - cf "/home/pete/wefwefwef/docs/other/bcee4fa2d3ec9d3d2b71c26c579da7c3142a17e3/cf-tag-0.1.1/cf/src/cf.erl" -> "/home/pete/wefwefwef/docs/other/bcee4fa2d3ec9d3d2b71c26c579da7c3142a17e3/repo/0.1.1/.xml/cf/cf.xml"
/home/pete/wefwefwef/docs/other/bcee4fa2d3ec9d3d2b71c26c579da7c3142a17e3/cf-tag-0.1.1/cf/src/cf.erl, function print/2: at line 26: `-quote ended unexpectedly at line 41
Error generating XML ("/home/pete/wefwefwef/docs/other/bcee4fa2d3ec9d3d2b71c26c579da7c3142a17e3/cf-tag-0.1.1/cf/src/cf.erl"): {'EXIT',
                                                                                                                               error}
No documentation was generated!
Woot, finished in 0 Minutes 0 Seconds
 :: Discovering other repos
$ cd '.'
$ 5000  `rm -r /home/pete/wefwefwef/docs/other/bcee4fa2d3ec9d3d2b71c26c579da7c3142a17e3/cf-tag-0.1.1`
 :: Finishing up
$ cd '.'
$ 5000  `rm -r /home/pete/wefwefwef/docs/other/bcee4fa2d3ec9d3d2b71c26c579da7c3142a17e3/cf`
$ cd '.'
$ 5000  `rm -r /home/pete/wefwefwef/docs/other/bcee4fa2d3ec9d3d2b71c26c579da7c3142a17e3/repo/0.1.2`
$ cd '.'
$ 5000  `rm -r /home/pete/wefwefwef/docs/other/bcee4fa2d3ec9d3d2b71c26c579da7c3142a17e3/repo/0.1.1`
