 :: Extracting meta information
$ 5000  `git ls-remote --heads --tags 'https://github.com/lpgauth/anchor'  2>&1`
>>> [repo] 3 branches, 11 tags
 :: Writing meta to "/home/pete/wefwefwef/docs/other/6919638687/meta.txt"
 :: Processing https://github.com/lpgauth/anchor	{rev,tag,"v0.1","844c8ac666beef7933596cdb83931e01c9036d51",undefined,[],[]}
 :: Fetching repo code
$ cd "/home/pete/wefwefwef/docs/other/6919638687/anchor-tag-v0.1/anchor"
$ infinity  `curl --fail --silent --show-error --location --output 'v0.1.zip' 'https://github.com/lpgauth/anchor/archive/v0.1.zip'  2>&1`
$ cd "/home/pete/wefwefwef/docs/erldocs_other.git"
$ cd "/home/pete/wefwefwef/docs/other/6919638687/anchor-tag-v0.1/anchor"
$ 5000  `find -P . -type l -delete  2>&1`
$ cd "/home/pete/wefwefwef/docs/erldocs_other.git"
$ cd "/home/pete/wefwefwef/docs/other/6919638687/anchor-tag-v0.1/anchor"
$ 5000  `find 'anchor-0.1' -mindepth 1 -maxdepth 1 -exec mv -t . -- {} +  2>&1`
$ cd "/home/pete/wefwefwef/docs/erldocs_other.git"
 :: Getting dependencies
$ cd "/home/pete/wefwefwef/docs/other/6919638687/anchor-tag-v0.1/anchor"
$ infinity  `rebar --config '/home/pete/wefwefwef/docs/other/6919638687/anchor-tag-v0.1/rebar_deps' get-deps  2>&1`
$ cd "/home/pete/wefwefwef/docs/erldocs_other.git"
$ cd "/home/pete/wefwefwef/docs/other/6919638687/anchor-tag-v0.1/anchor"
$ 5000  `find -P . -type l -delete  2>&1`
$ cd "/home/pete/wefwefwef/docs/erldocs_other.git"
$ cd "/home/pete/wefwefwef/docs/other/6919638687/anchor-tag-v0.1/anchor"
$ 5000  `ls -1 deps/  2>&1`
$ cd "/home/pete/wefwefwef/docs/erldocs_other.git"
>>> [rebar] deps = ["bear","timing"]
 :: Generating erldocs into /home/pete/wefwefwef/docs/other/6919638687/repo/v0.1
Building anchor
Generating Type Specs - "/home/pete/wefwefwef/docs/other/6919638687/anchor-tag-v0.1/anchor/src/anchor.erl"
Generating Type Specs - "/home/pete/wefwefwef/docs/other/6919638687/anchor-tag-v0.1/anchor/src/anchor_app.erl"
Generating Type Specs - "/home/pete/wefwefwef/docs/other/6919638687/anchor-tag-v0.1/anchor/src/anchor_protocol.erl"
Generating Type Specs - "/home/pete/wefwefwef/docs/other/6919638687/anchor-tag-v0.1/anchor/src/anchor_sup.erl"
Generating XML for application anchor "/home/pete/wefwefwef/docs/other/6919638687/anchor-tag-v0.1/anchor" -> "/home/pete/wefwefwef/docs/other/6919638687/repo/v0.1/.xml/anchor"
Generated anchor XMLs: ["/home/pete/wefwefwef/docs/other/6919638687/repo/v0.1/.xml/anchor/anchor_sup.xml",
                        "/home/pete/wefwefwef/docs/other/6919638687/repo/v0.1/.xml/anchor/anchor_app.xml",
                        "/home/pete/wefwefwef/docs/other/6919638687/repo/v0.1/.xml/anchor/anchor_protocol.xml",
                        "/home/pete/wefwefwef/docs/other/6919638687/repo/v0.1/.xml/anchor/anchor.xml"]
Generating HTML - anchor_sup "/home/pete/wefwefwef/docs/other/6919638687/repo/v0.1/.xml/anchor/anchor_sup.xml"
Generating HTML - anchor_app "/home/pete/wefwefwef/docs/other/6919638687/repo/v0.1/.xml/anchor/anchor_app.xml"
Generating HTML - anchor_protocol "/home/pete/wefwefwef/docs/other/6919638687/repo/v0.1/.xml/anchor/anchor_protocol.xml"
Generating HTML - anchor "/home/pete/wefwefwef/docs/other/6919638687/repo/v0.1/.xml/anchor/anchor.xml"
Reading XML for "/home/pete/wefwefwef/docs/other/6919638687/repo/v0.1/.xml/anchor/anchor_sup.xml"
Reading XML for "/home/pete/wefwefwef/docs/other/6919638687/repo/v0.1/.xml/anchor/anchor_app.xml"
Reading XML for "/home/pete/wefwefwef/docs/other/6919638687/repo/v0.1/.xml/anchor/anchor_protocol.xml"
Reading XML for "/home/pete/wefwefwef/docs/other/6919638687/repo/v0.1/.xml/anchor/anchor.xml"
Reading XML for "/home/pete/wefwefwef/docs/other/6919638687/repo/v0.1/.xml/specs_anchor_sup.xml"
Reading XML for "/home/pete/wefwefwef/docs/other/6919638687/repo/v0.1/.xml/specs_anchor_app.xml"
Reading XML for "/home/pete/wefwefwef/docs/other/6919638687/repo/v0.1/.xml/specs_anchor_protocol.xml"
Reading XML for "/home/pete/wefwefwef/docs/other/6919638687/repo/v0.1/.xml/specs_anchor.xml"
Creating index.html ...
Creating erldocs_index.js ...
Woot, finished in 0 Minutes 0 Seconds
 :: Discovering other repos
$ 5000  `rm -r '/home/pete/wefwefwef/docs/other/6919638687/anchor-tag-v0.1'  2>&1`
 :: Processing https://github.com/lpgauth/anchor	{rev,tag,"v0.1.1","07ce3edd616b26c583600df7a9bd4b9a426c79a7",undefined,[],[]}
 :: Fetching repo code
$ cd "/home/pete/wefwefwef/docs/other/6919638687/anchor-tag-v0.1.1/anchor"
$ infinity  `curl --fail --silent --show-error --location --output 'v0.1.1.zip' 'https://github.com/lpgauth/anchor/archive/v0.1.1.zip'  2>&1`
$ cd "/home/pete/wefwefwef/docs/erldocs_other.git"
$ cd "/home/pete/wefwefwef/docs/other/6919638687/anchor-tag-v0.1.1/anchor"
$ 5000  `find -P . -type l -delete  2>&1`
$ cd "/home/pete/wefwefwef/docs/erldocs_other.git"
$ cd "/home/pete/wefwefwef/docs/other/6919638687/anchor-tag-v0.1.1/anchor"
$ 5000  `find 'anchor-0.1.1' -mindepth 1 -maxdepth 1 -exec mv -t . -- {} +  2>&1`
$ cd "/home/pete/wefwefwef/docs/erldocs_other.git"
 :: Getting dependencies
$ cd "/home/pete/wefwefwef/docs/other/6919638687/anchor-tag-v0.1.1/anchor"
$ infinity  `rebar --config '/home/pete/wefwefwef/docs/other/6919638687/anchor-tag-v0.1.1/rebar_deps' get-deps  2>&1`
$ cd "/home/pete/wefwefwef/docs/erldocs_other.git"
$ cd "/home/pete/wefwefwef/docs/other/6919638687/anchor-tag-v0.1.1/anchor"
$ 5000  `find -P . -type l -delete  2>&1`
$ cd "/home/pete/wefwefwef/docs/erldocs_other.git"
$ cd "/home/pete/wefwefwef/docs/other/6919638687/anchor-tag-v0.1.1/anchor"
$ 5000  `ls -1 deps/  2>&1`
$ cd "/home/pete/wefwefwef/docs/erldocs_other.git"
>>> [rebar] deps = ["bear","timing"]
 :: Generating erldocs into /home/pete/wefwefwef/docs/other/6919638687/repo/v0.1.1
Building anchor
Generating Type Specs - "/home/pete/wefwefwef/docs/other/6919638687/anchor-tag-v0.1.1/anchor/src/anchor.erl"
Generating Type Specs - "/home/pete/wefwefwef/docs/other/6919638687/anchor-tag-v0.1.1/anchor/src/anchor_app.erl"
Generating Type Specs - "/home/pete/wefwefwef/docs/other/6919638687/anchor-tag-v0.1.1/anchor/src/anchor_protocol.erl"
Generating Type Specs - "/home/pete/wefwefwef/docs/other/6919638687/anchor-tag-v0.1.1/anchor/src/anchor_sup.erl"
Generating XML for application anchor "/home/pete/wefwefwef/docs/other/6919638687/anchor-tag-v0.1.1/anchor" -> "/home/pete/wefwefwef/docs/other/6919638687/repo/v0.1.1/.xml/anchor"
Generated anchor XMLs: ["/home/pete/wefwefwef/docs/other/6919638687/repo/v0.1.1/.xml/anchor/anchor_sup.xml",
                        "/home/pete/wefwefwef/docs/other/6919638687/repo/v0.1.1/.xml/anchor/anchor_app.xml",
                        "/home/pete/wefwefwef/docs/other/6919638687/repo/v0.1.1/.xml/anchor/anchor_protocol.xml",
                        "/home/pete/wefwefwef/docs/other/6919638687/repo/v0.1.1/.xml/anchor/anchor.xml"]
Generating HTML - anchor_sup "/home/pete/wefwefwef/docs/other/6919638687/repo/v0.1.1/.xml/anchor/anchor_sup.xml"
Generating HTML - anchor_app "/home/pete/wefwefwef/docs/other/6919638687/repo/v0.1.1/.xml/anchor/anchor_app.xml"
Generating HTML - anchor_protocol "/home/pete/wefwefwef/docs/other/6919638687/repo/v0.1.1/.xml/anchor/anchor_protocol.xml"
Generating HTML - anchor "/home/pete/wefwefwef/docs/other/6919638687/repo/v0.1.1/.xml/anchor/anchor.xml"
Reading XML for "/home/pete/wefwefwef/docs/other/6919638687/repo/v0.1.1/.xml/anchor/anchor_sup.xml"
Reading XML for "/home/pete/wefwefwef/docs/other/6919638687/repo/v0.1.1/.xml/anchor/anchor_app.xml"
Reading XML for "/home/pete/wefwefwef/docs/other/6919638687/repo/v0.1.1/.xml/anchor/anchor_protocol.xml"
Reading XML for "/home/pete/wefwefwef/docs/other/6919638687/repo/v0.1.1/.xml/anchor/anchor.xml"
Reading XML for "/home/pete/wefwefwef/docs/other/6919638687/repo/v0.1.1/.xml/specs_anchor_sup.xml"
Reading XML for "/home/pete/wefwefwef/docs/other/6919638687/repo/v0.1.1/.xml/specs_anchor_protocol.xml"
Reading XML for "/home/pete/wefwefwef/docs/other/6919638687/repo/v0.1.1/.xml/specs_anchor_app.xml"
Reading XML for "/home/pete/wefwefwef/docs/other/6919638687/repo/v0.1.1/.xml/specs_anchor.xml"
Creating index.html ...
Creating erldocs_index.js ...
Woot, finished in 0 Minutes 0 Seconds
 :: Discovering other repos
$ 5000  `rm -r '/home/pete/wefwefwef/docs/other/6919638687/anchor-tag-v0.1.1'  2>&1`
 :: Processing https://github.com/lpgauth/anchor	{rev,tag,"v0.1.10","e768dff43ab8e4962810df22768b0e358d4c144b",undefined,[],[]}
 :: Fetching repo code
$ cd "/home/pete/wefwefwef/docs/other/6919638687/anchor-tag-v0.1.10/anchor"
$ infinity  `curl --fail --silent --show-error --location --output 'v0.1.10.zip' 'https://github.com/lpgauth/anchor/archive/v0.1.10.zip'  2>&1`
$ cd "/home/pete/wefwefwef/docs/erldocs_other.git"
$ cd "/home/pete/wefwefwef/docs/other/6919638687/anchor-tag-v0.1.10/anchor"
$ 5000  `find -P . -type l -delete  2>&1`
$ cd "/home/pete/wefwefwef/docs/erldocs_other.git"
$ cd "/home/pete/wefwefwef/docs/other/6919638687/anchor-tag-v0.1.10/anchor"
$ 5000  `find 'anchor-0.1.10' -mindepth 1 -maxdepth 1 -exec mv -t . -- {} +  2>&1`
$ cd "/home/pete/wefwefwef/docs/erldocs_other.git"
 :: Getting dependencies
$ cd "/home/pete/wefwefwef/docs/other/6919638687/anchor-tag-v0.1.10/anchor"
$ infinity  `rebar --config '/home/pete/wefwefwef/docs/other/6919638687/anchor-tag-v0.1.10/rebar_deps' get-deps  2>&1`
$ cd "/home/pete/wefwefwef/docs/erldocs_other.git"
$ cd "/home/pete/wefwefwef/docs/other/6919638687/anchor-tag-v0.1.10/anchor"
$ 5000  `find -P . -type l -delete  2>&1`
$ cd "/home/pete/wefwefwef/docs/erldocs_other.git"
$ cd "/home/pete/wefwefwef/docs/other/6919638687/anchor-tag-v0.1.10/anchor"
$ 5000  `ls -1 deps/  2>&1`
$ cd "/home/pete/wefwefwef/docs/erldocs_other.git"
>>> [rebar] deps = ["edown"]
 :: Generating erldocs into /home/pete/wefwefwef/docs/other/6919638687/repo/v0.1.10
Building anchor
Generating Type Specs - "/home/pete/wefwefwef/docs/other/6919638687/anchor-tag-v0.1.10/anchor/src/anchor.erl"
Generating Type Specs - "/home/pete/wefwefwef/docs/other/6919638687/anchor-tag-v0.1.10/anchor/src/anchor_app.erl"
Generating Type Specs - "/home/pete/wefwefwef/docs/other/6919638687/anchor-tag-v0.1.10/anchor/src/anchor_backlog.erl"
Generating Type Specs - "/home/pete/wefwefwef/docs/other/6919638687/anchor-tag-v0.1.10/anchor/src/anchor_protocol.erl"
Generating Type Specs - "/home/pete/wefwefwef/docs/other/6919638687/anchor-tag-v0.1.10/anchor/src/anchor_server.erl"
Generating Type Specs - "/home/pete/wefwefwef/docs/other/6919638687/anchor-tag-v0.1.10/anchor/src/anchor_sup.erl"
Generating XML for application anchor "/home/pete/wefwefwef/docs/other/6919638687/anchor-tag-v0.1.10/anchor" -> "/home/pete/wefwefwef/docs/other/6919638687/repo/v0.1.10/.xml/anchor"
Generated anchor XMLs: ["/home/pete/wefwefwef/docs/other/6919638687/repo/v0.1.10/.xml/anchor/anchor_backlog.xml",
                        "/home/pete/wefwefwef/docs/other/6919638687/repo/v0.1.10/.xml/anchor/anchor_sup.xml",
                        "/home/pete/wefwefwef/docs/other/6919638687/repo/v0.1.10/.xml/anchor/anchor_server.xml",
                        "/home/pete/wefwefwef/docs/other/6919638687/repo/v0.1.10/.xml/anchor/anchor_app.xml",
                        "/home/pete/wefwefwef/docs/other/6919638687/repo/v0.1.10/.xml/anchor/anchor_protocol.xml",
                        "/home/pete/wefwefwef/docs/other/6919638687/repo/v0.1.10/.xml/anchor/anchor.xml"]
Generating HTML - anchor_backlog "/home/pete/wefwefwef/docs/other/6919638687/repo/v0.1.10/.xml/anchor/anchor_backlog.xml"
Generating HTML - anchor_sup "/home/pete/wefwefwef/docs/other/6919638687/repo/v0.1.10/.xml/anchor/anchor_sup.xml"
Generating HTML - anchor_server "/home/pete/wefwefwef/docs/other/6919638687/repo/v0.1.10/.xml/anchor/anchor_server.xml"
Generating HTML - anchor "/home/pete/wefwefwef/docs/other/6919638687/repo/v0.1.10/.xml/anchor/anchor.xml"
Reading XML for "/home/pete/wefwefwef/docs/other/6919638687/repo/v0.1.10/.xml/anchor/anchor_backlog.xml"
Reading XML for "/home/pete/wefwefwef/docs/other/6919638687/repo/v0.1.10/.xml/anchor/anchor_sup.xml"
Reading XML for "/home/pete/wefwefwef/docs/other/6919638687/repo/v0.1.10/.xml/anchor/anchor_server.xml"
Reading XML for "/home/pete/wefwefwef/docs/other/6919638687/repo/v0.1.10/.xml/anchor/anchor.xml"
Reading XML for "/home/pete/wefwefwef/docs/other/6919638687/repo/v0.1.10/.xml/specs_anchor_backlog.xml"
Reading XML for "/home/pete/wefwefwef/docs/other/6919638687/repo/v0.1.10/.xml/specs_anchor_server.xml"
Reading XML for "/home/pete/wefwefwef/docs/other/6919638687/repo/v0.1.10/.xml/specs_anchor_sup.xml"
Reading XML for "/home/pete/wefwefwef/docs/other/6919638687/repo/v0.1.10/.xml/specs_anchor.xml"
Generating HTML - anchor_protocol "/home/pete/wefwefwef/docs/other/6919638687/repo/v0.1.10/.xml/anchor/anchor_protocol.xml"
Reading XML for "/home/pete/wefwefwef/docs/other/6919638687/repo/v0.1.10/.xml/anchor/anchor_protocol.xml"
Reading XML for "/home/pete/wefwefwef/docs/other/6919638687/repo/v0.1.10/.xml/specs_anchor_protocol.xml"
Generating HTML - anchor_app "/home/pete/wefwefwef/docs/other/6919638687/repo/v0.1.10/.xml/anchor/anchor_app.xml"
Reading XML for "/home/pete/wefwefwef/docs/other/6919638687/repo/v0.1.10/.xml/anchor/anchor_app.xml"
Reading XML for "/home/pete/wefwefwef/docs/other/6919638687/repo/v0.1.10/.xml/specs_anchor_app.xml"
Creating index.html ...
Creating erldocs_index.js ...
Woot, finished in 0 Minutes 0 Seconds
 :: Discovering other repos
$ 5000  `rm -r '/home/pete/wefwefwef/docs/other/6919638687/anchor-tag-v0.1.10'  2>&1`
 :: Processing https://github.com/lpgauth/anchor	{rev,tag,"v0.1.2","8611f7330667576c04a2362bf3b5dea44d895306",undefined,[],[]}
 :: Fetching repo code
$ cd "/home/pete/wefwefwef/docs/other/6919638687/anchor-tag-v0.1.2/anchor"
$ infinity  `curl --fail --silent --show-error --location --output 'v0.1.2.zip' 'https://github.com/lpgauth/anchor/archive/v0.1.2.zip'  2>&1`
$ cd "/home/pete/wefwefwef/docs/erldocs_other.git"
$ cd "/home/pete/wefwefwef/docs/other/6919638687/anchor-tag-v0.1.2/anchor"
$ 5000  `find -P . -type l -delete  2>&1`
$ cd "/home/pete/wefwefwef/docs/erldocs_other.git"
$ cd "/home/pete/wefwefwef/docs/other/6919638687/anchor-tag-v0.1.2/anchor"
$ 5000  `find 'anchor-0.1.2' -mindepth 1 -maxdepth 1 -exec mv -t . -- {} +  2>&1`
$ cd "/home/pete/wefwefwef/docs/erldocs_other.git"
 :: Getting dependencies
$ cd "/home/pete/wefwefwef/docs/other/6919638687/anchor-tag-v0.1.2/anchor"
$ infinity  `rebar --config '/home/pete/wefwefwef/docs/other/6919638687/anchor-tag-v0.1.2/rebar_deps' get-deps  2>&1`
$ cd "/home/pete/wefwefwef/docs/erldocs_other.git"
$ cd "/home/pete/wefwefwef/docs/other/6919638687/anchor-tag-v0.1.2/anchor"
$ 5000  `find -P . -type l -delete  2>&1`
$ cd "/home/pete/wefwefwef/docs/erldocs_other.git"
$ cd "/home/pete/wefwefwef/docs/other/6919638687/anchor-tag-v0.1.2/anchor"
$ 5000  `ls -1 deps/  2>&1`
$ cd "/home/pete/wefwefwef/docs/erldocs_other.git"
>>> [rebar] deps = ["bear","timing"]
 :: Generating erldocs into /home/pete/wefwefwef/docs/other/6919638687/repo/v0.1.2
Building anchor
Generating Type Specs - "/home/pete/wefwefwef/docs/other/6919638687/anchor-tag-v0.1.2/anchor/src/anchor.erl"
Generating Type Specs - "/home/pete/wefwefwef/docs/other/6919638687/anchor-tag-v0.1.2/anchor/src/anchor_app.erl"
Generating Type Specs - "/home/pete/wefwefwef/docs/other/6919638687/anchor-tag-v0.1.2/anchor/src/anchor_protocol.erl"
Generating Type Specs - "/home/pete/wefwefwef/docs/other/6919638687/anchor-tag-v0.1.2/anchor/src/anchor_server.erl"
Generating Type Specs - "/home/pete/wefwefwef/docs/other/6919638687/anchor-tag-v0.1.2/anchor/src/anchor_sup.erl"
Generating XML for application anchor "/home/pete/wefwefwef/docs/other/6919638687/anchor-tag-v0.1.2/anchor" -> "/home/pete/wefwefwef/docs/other/6919638687/repo/v0.1.2/.xml/anchor"
Generated anchor XMLs: ["/home/pete/wefwefwef/docs/other/6919638687/repo/v0.1.2/.xml/anchor/anchor_sup.xml",
                        "/home/pete/wefwefwef/docs/other/6919638687/repo/v0.1.2/.xml/anchor/anchor_server.xml",
                        "/home/pete/wefwefwef/docs/other/6919638687/repo/v0.1.2/.xml/anchor/anchor_app.xml",
                        "/home/pete/wefwefwef/docs/other/6919638687/repo/v0.1.2/.xml/anchor/anchor_protocol.xml",
                        "/home/pete/wefwefwef/docs/other/6919638687/repo/v0.1.2/.xml/anchor/anchor.xml"]
Generating HTML - anchor_sup "/home/pete/wefwefwef/docs/other/6919638687/repo/v0.1.2/.xml/anchor/anchor_sup.xml"
Generating HTML - anchor_server "/home/pete/wefwefwef/docs/other/6919638687/repo/v0.1.2/.xml/anchor/anchor_server.xml"
Generating HTML - anchor_app "/home/pete/wefwefwef/docs/other/6919638687/repo/v0.1.2/.xml/anchor/anchor_app.xml"
Generating HTML - anchor "/home/pete/wefwefwef/docs/other/6919638687/repo/v0.1.2/.xml/anchor/anchor.xml"
Reading XML for "/home/pete/wefwefwef/docs/other/6919638687/repo/v0.1.2/.xml/anchor/anchor_sup.xml"
Reading XML for "/home/pete/wefwefwef/docs/other/6919638687/repo/v0.1.2/.xml/anchor/anchor_server.xml"
Reading XML for "/home/pete/wefwefwef/docs/other/6919638687/repo/v0.1.2/.xml/anchor/anchor_app.xml"
Reading XML for "/home/pete/wefwefwef/docs/other/6919638687/repo/v0.1.2/.xml/anchor/anchor.xml"
Reading XML for "/home/pete/wefwefwef/docs/other/6919638687/repo/v0.1.2/.xml/specs_anchor_sup.xml"
Reading XML for "/home/pete/wefwefwef/docs/other/6919638687/repo/v0.1.2/.xml/specs_anchor_app.xml"
Reading XML for "/home/pete/wefwefwef/docs/other/6919638687/repo/v0.1.2/.xml/specs_anchor_server.xml"
Reading XML for "/home/pete/wefwefwef/docs/other/6919638687/repo/v0.1.2/.xml/specs_anchor.xml"
Generating HTML - anchor_protocol "/home/pete/wefwefwef/docs/other/6919638687/repo/v0.1.2/.xml/anchor/anchor_protocol.xml"
Reading XML for "/home/pete/wefwefwef/docs/other/6919638687/repo/v0.1.2/.xml/anchor/anchor_protocol.xml"
Reading XML for "/home/pete/wefwefwef/docs/other/6919638687/repo/v0.1.2/.xml/specs_anchor_protocol.xml"
Creating index.html ...
Creating erldocs_index.js ...
Woot, finished in 0 Minutes 0 Seconds
 :: Discovering other repos
$ 5000  `rm -r '/home/pete/wefwefwef/docs/other/6919638687/anchor-tag-v0.1.2'  2>&1`
 :: Processing https://github.com/lpgauth/anchor	{rev,tag,"v0.1.3","800b92bdc2429b27dd4dbcb8095d298a149af559",undefined,[],[]}
 :: Fetching repo code
$ cd "/home/pete/wefwefwef/docs/other/6919638687/anchor-tag-v0.1.3/anchor"
$ infinity  `curl --fail --silent --show-error --location --output 'v0.1.3.zip' 'https://github.com/lpgauth/anchor/archive/v0.1.3.zip'  2>&1`
$ cd "/home/pete/wefwefwef/docs/erldocs_other.git"
$ cd "/home/pete/wefwefwef/docs/other/6919638687/anchor-tag-v0.1.3/anchor"
$ 5000  `find -P . -type l -delete  2>&1`
$ cd "/home/pete/wefwefwef/docs/erldocs_other.git"
$ cd "/home/pete/wefwefwef/docs/other/6919638687/anchor-tag-v0.1.3/anchor"
$ 5000  `find 'anchor-0.1.3' -mindepth 1 -maxdepth 1 -exec mv -t . -- {} +  2>&1`
$ cd "/home/pete/wefwefwef/docs/erldocs_other.git"
 :: Getting dependencies
$ cd "/home/pete/wefwefwef/docs/other/6919638687/anchor-tag-v0.1.3/anchor"
$ infinity  `rebar --config '/home/pete/wefwefwef/docs/other/6919638687/anchor-tag-v0.1.3/rebar_deps' get-deps  2>&1`
$ cd "/home/pete/wefwefwef/docs/erldocs_other.git"
$ cd "/home/pete/wefwefwef/docs/other/6919638687/anchor-tag-v0.1.3/anchor"
$ 5000  `find -P . -type l -delete  2>&1`
$ cd "/home/pete/wefwefwef/docs/erldocs_other.git"
$ cd "/home/pete/wefwefwef/docs/other/6919638687/anchor-tag-v0.1.3/anchor"
$ 5000  `ls -1 deps/  2>&1`
$ cd "/home/pete/wefwefwef/docs/erldocs_other.git"
>>> [rebar] deps = ["bear","timing"]
 :: Generating erldocs into /home/pete/wefwefwef/docs/other/6919638687/repo/v0.1.3
Building anchor
Generating Type Specs - "/home/pete/wefwefwef/docs/other/6919638687/anchor-tag-v0.1.3/anchor/src/anchor.erl"
Generating Type Specs - "/home/pete/wefwefwef/docs/other/6919638687/anchor-tag-v0.1.3/anchor/src/anchor_app.erl"
Generating Type Specs - "/home/pete/wefwefwef/docs/other/6919638687/anchor-tag-v0.1.3/anchor/src/anchor_protocol.erl"
Generating Type Specs - "/home/pete/wefwefwef/docs/other/6919638687/anchor-tag-v0.1.3/anchor/src/anchor_server.erl"
Generating Type Specs - "/home/pete/wefwefwef/docs/other/6919638687/anchor-tag-v0.1.3/anchor/src/anchor_sup.erl"
Generating XML for application anchor "/home/pete/wefwefwef/docs/other/6919638687/anchor-tag-v0.1.3/anchor" -> "/home/pete/wefwefwef/docs/other/6919638687/repo/v0.1.3/.xml/anchor"
Generated anchor XMLs: ["/home/pete/wefwefwef/docs/other/6919638687/repo/v0.1.3/.xml/anchor/anchor_sup.xml",
                        "/home/pete/wefwefwef/docs/other/6919638687/repo/v0.1.3/.xml/anchor/anchor_server.xml",
                        "/home/pete/wefwefwef/docs/other/6919638687/repo/v0.1.3/.xml/anchor/anchor_app.xml",
                        "/home/pete/wefwefwef/docs/other/6919638687/repo/v0.1.3/.xml/anchor/anchor_protocol.xml",
                        "/home/pete/wefwefwef/docs/other/6919638687/repo/v0.1.3/.xml/anchor/anchor.xml"]
Generating HTML - anchor_sup "/home/pete/wefwefwef/docs/other/6919638687/repo/v0.1.3/.xml/anchor/anchor_sup.xml"
Generating HTML - anchor_server "/home/pete/wefwefwef/docs/other/6919638687/repo/v0.1.3/.xml/anchor/anchor_server.xml"
Generating HTML - anchor_app "/home/pete/wefwefwef/docs/other/6919638687/repo/v0.1.3/.xml/anchor/anchor_app.xml"
Generating HTML - anchor "/home/pete/wefwefwef/docs/other/6919638687/repo/v0.1.3/.xml/anchor/anchor.xml"
Reading XML for "/home/pete/wefwefwef/docs/other/6919638687/repo/v0.1.3/.xml/anchor/anchor_sup.xml"
Reading XML for "/home/pete/wefwefwef/docs/other/6919638687/repo/v0.1.3/.xml/anchor/anchor_server.xml"
Reading XML for "/home/pete/wefwefwef/docs/other/6919638687/repo/v0.1.3/.xml/anchor/anchor_app.xml"
Reading XML for "/home/pete/wefwefwef/docs/other/6919638687/repo/v0.1.3/.xml/anchor/anchor.xml"
Reading XML for "/home/pete/wefwefwef/docs/other/6919638687/repo/v0.1.3/.xml/specs_anchor_sup.xml"
Reading XML for "/home/pete/wefwefwef/docs/other/6919638687/repo/v0.1.3/.xml/specs_anchor.xml"
Reading XML for "/home/pete/wefwefwef/docs/other/6919638687/repo/v0.1.3/.xml/specs_anchor_app.xml"
Reading XML for "/home/pete/wefwefwef/docs/other/6919638687/repo/v0.1.3/.xml/specs_anchor_server.xml"
Generating HTML - anchor_protocol "/home/pete/wefwefwef/docs/other/6919638687/repo/v0.1.3/.xml/anchor/anchor_protocol.xml"
Reading XML for "/home/pete/wefwefwef/docs/other/6919638687/repo/v0.1.3/.xml/anchor/anchor_protocol.xml"
Reading XML for "/home/pete/wefwefwef/docs/other/6919638687/repo/v0.1.3/.xml/specs_anchor_protocol.xml"
Creating index.html ...
Creating erldocs_index.js ...
Woot, finished in 0 Minutes 0 Seconds
 :: Discovering other repos
$ 5000  `rm -r '/home/pete/wefwefwef/docs/other/6919638687/anchor-tag-v0.1.3'  2>&1`
 :: Processing https://github.com/lpgauth/anchor	{rev,tag,"v0.1.4","3c59bd8a55a8c389671d5fa1c45d97a788a4173e",undefined,[],[]}
 :: Fetching repo code
$ cd "/home/pete/wefwefwef/docs/other/6919638687/anchor-tag-v0.1.4/anchor"
$ infinity  `curl --fail --silent --show-error --location --output 'v0.1.4.zip' 'https://github.com/lpgauth/anchor/archive/v0.1.4.zip'  2>&1`
$ cd "/home/pete/wefwefwef/docs/erldocs_other.git"
$ cd "/home/pete/wefwefwef/docs/other/6919638687/anchor-tag-v0.1.4/anchor"
$ 5000  `find -P . -type l -delete  2>&1`
$ cd "/home/pete/wefwefwef/docs/erldocs_other.git"
$ cd "/home/pete/wefwefwef/docs/other/6919638687/anchor-tag-v0.1.4/anchor"
$ 5000  `find 'anchor-0.1.4' -mindepth 1 -maxdepth 1 -exec mv -t . -- {} +  2>&1`
$ cd "/home/pete/wefwefwef/docs/erldocs_other.git"
 :: Getting dependencies
$ cd "/home/pete/wefwefwef/docs/other/6919638687/anchor-tag-v0.1.4/anchor"
$ infinity  `rebar --config '/home/pete/wefwefwef/docs/other/6919638687/anchor-tag-v0.1.4/rebar_deps' get-deps  2>&1`
$ cd "/home/pete/wefwefwef/docs/erldocs_other.git"
$ cd "/home/pete/wefwefwef/docs/other/6919638687/anchor-tag-v0.1.4/anchor"
$ 5000  `find -P . -type l -delete  2>&1`
$ cd "/home/pete/wefwefwef/docs/erldocs_other.git"
$ cd "/home/pete/wefwefwef/docs/other/6919638687/anchor-tag-v0.1.4/anchor"
$ 5000  `ls -1 deps/  2>&1`
$ cd "/home/pete/wefwefwef/docs/erldocs_other.git"
>>> [rebar] deps = ["edown"]
 :: Generating erldocs into /home/pete/wefwefwef/docs/other/6919638687/repo/v0.1.4
Building anchor
Generating Type Specs - "/home/pete/wefwefwef/docs/other/6919638687/anchor-tag-v0.1.4/anchor/src/anchor.erl"
Generating Type Specs - "/home/pete/wefwefwef/docs/other/6919638687/anchor-tag-v0.1.4/anchor/src/anchor_app.erl"
Generating Type Specs - "/home/pete/wefwefwef/docs/other/6919638687/anchor-tag-v0.1.4/anchor/src/anchor_protocol.erl"
Generating Type Specs - "/home/pete/wefwefwef/docs/other/6919638687/anchor-tag-v0.1.4/anchor/src/anchor_server.erl"
Generating Type Specs - "/home/pete/wefwefwef/docs/other/6919638687/anchor-tag-v0.1.4/anchor/src/anchor_sup.erl"
Generating XML for application anchor "/home/pete/wefwefwef/docs/other/6919638687/anchor-tag-v0.1.4/anchor" -> "/home/pete/wefwefwef/docs/other/6919638687/repo/v0.1.4/.xml/anchor"
Generated anchor XMLs: ["/home/pete/wefwefwef/docs/other/6919638687/repo/v0.1.4/.xml/anchor/anchor_sup.xml",
                        "/home/pete/wefwefwef/docs/other/6919638687/repo/v0.1.4/.xml/anchor/anchor_server.xml",
                        "/home/pete/wefwefwef/docs/other/6919638687/repo/v0.1.4/.xml/anchor/anchor_app.xml",
                        "/home/pete/wefwefwef/docs/other/6919638687/repo/v0.1.4/.xml/anchor/anchor_protocol.xml",
                        "/home/pete/wefwefwef/docs/other/6919638687/repo/v0.1.4/.xml/anchor/anchor.xml"]
Generating HTML - anchor_sup "/home/pete/wefwefwef/docs/other/6919638687/repo/v0.1.4/.xml/anchor/anchor_sup.xml"
Generating HTML - anchor_server "/home/pete/wefwefwef/docs/other/6919638687/repo/v0.1.4/.xml/anchor/anchor_server.xml"
Generating HTML - anchor_app "/home/pete/wefwefwef/docs/other/6919638687/repo/v0.1.4/.xml/anchor/anchor_app.xml"
Generating HTML - anchor "/home/pete/wefwefwef/docs/other/6919638687/repo/v0.1.4/.xml/anchor/anchor.xml"
Reading XML for "/home/pete/wefwefwef/docs/other/6919638687/repo/v0.1.4/.xml/anchor/anchor_sup.xml"
Reading XML for "/home/pete/wefwefwef/docs/other/6919638687/repo/v0.1.4/.xml/anchor/anchor_server.xml"
Reading XML for "/home/pete/wefwefwef/docs/other/6919638687/repo/v0.1.4/.xml/anchor/anchor_app.xml"
Reading XML for "/home/pete/wefwefwef/docs/other/6919638687/repo/v0.1.4/.xml/anchor/anchor.xml"
Reading XML for "/home/pete/wefwefwef/docs/other/6919638687/repo/v0.1.4/.xml/specs_anchor_sup.xml"
Reading XML for "/home/pete/wefwefwef/docs/other/6919638687/repo/v0.1.4/.xml/specs_anchor_app.xml"
Reading XML for "/home/pete/wefwefwef/docs/other/6919638687/repo/v0.1.4/.xml/specs_anchor_server.xml"
Reading XML for "/home/pete/wefwefwef/docs/other/6919638687/repo/v0.1.4/.xml/specs_anchor.xml"
Generating HTML - anchor_protocol "/home/pete/wefwefwef/docs/other/6919638687/repo/v0.1.4/.xml/anchor/anchor_protocol.xml"
Reading XML for "/home/pete/wefwefwef/docs/other/6919638687/repo/v0.1.4/.xml/anchor/anchor_protocol.xml"
Reading XML for "/home/pete/wefwefwef/docs/other/6919638687/repo/v0.1.4/.xml/specs_anchor_protocol.xml"
Creating index.html ...
Creating erldocs_index.js ...
Woot, finished in 0 Minutes 0 Seconds
 :: Discovering other repos
$ 5000  `rm -r '/home/pete/wefwefwef/docs/other/6919638687/anchor-tag-v0.1.4'  2>&1`
 :: Processing https://github.com/lpgauth/anchor	{rev,tag,"v0.1.5","a2ea58f258f188c133f488057b588a28d116d967",undefined,[],[]}
 :: Fetching repo code
$ cd "/home/pete/wefwefwef/docs/other/6919638687/anchor-tag-v0.1.5/anchor"
$ infinity  `curl --fail --silent --show-error --location --output 'v0.1.5.zip' 'https://github.com/lpgauth/anchor/archive/v0.1.5.zip'  2>&1`
$ cd "/home/pete/wefwefwef/docs/erldocs_other.git"
$ cd "/home/pete/wefwefwef/docs/other/6919638687/anchor-tag-v0.1.5/anchor"
$ 5000  `find -P . -type l -delete  2>&1`
$ cd "/home/pete/wefwefwef/docs/erldocs_other.git"
$ cd "/home/pete/wefwefwef/docs/other/6919638687/anchor-tag-v0.1.5/anchor"
$ 5000  `find 'anchor-0.1.5' -mindepth 1 -maxdepth 1 -exec mv -t . -- {} +  2>&1`
$ cd "/home/pete/wefwefwef/docs/erldocs_other.git"
 :: Getting dependencies
$ cd "/home/pete/wefwefwef/docs/other/6919638687/anchor-tag-v0.1.5/anchor"
$ infinity  `rebar --config '/home/pete/wefwefwef/docs/other/6919638687/anchor-tag-v0.1.5/rebar_deps' get-deps  2>&1`
$ cd "/home/pete/wefwefwef/docs/erldocs_other.git"
$ cd "/home/pete/wefwefwef/docs/other/6919638687/anchor-tag-v0.1.5/anchor"
$ 5000  `find -P . -type l -delete  2>&1`
$ cd "/home/pete/wefwefwef/docs/erldocs_other.git"
$ cd "/home/pete/wefwefwef/docs/other/6919638687/anchor-tag-v0.1.5/anchor"
$ 5000  `ls -1 deps/  2>&1`
$ cd "/home/pete/wefwefwef/docs/erldocs_other.git"
>>> [rebar] deps = ["edown"]
 :: Generating erldocs into /home/pete/wefwefwef/docs/other/6919638687/repo/v0.1.5
Building anchor
Generating Type Specs - "/home/pete/wefwefwef/docs/other/6919638687/anchor-tag-v0.1.5/anchor/src/anchor.erl"
Generating Type Specs - "/home/pete/wefwefwef/docs/other/6919638687/anchor-tag-v0.1.5/anchor/src/anchor_app.erl"
Generating Type Specs - "/home/pete/wefwefwef/docs/other/6919638687/anchor-tag-v0.1.5/anchor/src/anchor_protocol.erl"
Generating Type Specs - "/home/pete/wefwefwef/docs/other/6919638687/anchor-tag-v0.1.5/anchor/src/anchor_server.erl"
Generating Type Specs - "/home/pete/wefwefwef/docs/other/6919638687/anchor-tag-v0.1.5/anchor/src/anchor_sup.erl"
Generating XML for application anchor "/home/pete/wefwefwef/docs/other/6919638687/anchor-tag-v0.1.5/anchor" -> "/home/pete/wefwefwef/docs/other/6919638687/repo/v0.1.5/.xml/anchor"
Generated anchor XMLs: ["/home/pete/wefwefwef/docs/other/6919638687/repo/v0.1.5/.xml/anchor/anchor_sup.xml",
                        "/home/pete/wefwefwef/docs/other/6919638687/repo/v0.1.5/.xml/anchor/anchor_server.xml",
                        "/home/pete/wefwefwef/docs/other/6919638687/repo/v0.1.5/.xml/anchor/anchor_app.xml",
                        "/home/pete/wefwefwef/docs/other/6919638687/repo/v0.1.5/.xml/anchor/anchor_protocol.xml",
                        "/home/pete/wefwefwef/docs/other/6919638687/repo/v0.1.5/.xml/anchor/anchor.xml"]
Generating HTML - anchor_sup "/home/pete/wefwefwef/docs/other/6919638687/repo/v0.1.5/.xml/anchor/anchor_sup.xml"
Generating HTML - anchor_server "/home/pete/wefwefwef/docs/other/6919638687/repo/v0.1.5/.xml/anchor/anchor_server.xml"
Generating HTML - anchor_app "/home/pete/wefwefwef/docs/other/6919638687/repo/v0.1.5/.xml/anchor/anchor_app.xml"
Generating HTML - anchor "/home/pete/wefwefwef/docs/other/6919638687/repo/v0.1.5/.xml/anchor/anchor.xml"
Reading XML for "/home/pete/wefwefwef/docs/other/6919638687/repo/v0.1.5/.xml/anchor/anchor_sup.xml"
Reading XML for "/home/pete/wefwefwef/docs/other/6919638687/repo/v0.1.5/.xml/anchor/anchor_server.xml"
Reading XML for "/home/pete/wefwefwef/docs/other/6919638687/repo/v0.1.5/.xml/anchor/anchor_app.xml"
Reading XML for "/home/pete/wefwefwef/docs/other/6919638687/repo/v0.1.5/.xml/anchor/anchor.xml"
Reading XML for "/home/pete/wefwefwef/docs/other/6919638687/repo/v0.1.5/.xml/specs_anchor_sup.xml"
Reading XML for "/home/pete/wefwefwef/docs/other/6919638687/repo/v0.1.5/.xml/specs_anchor_server.xml"
Reading XML for "/home/pete/wefwefwef/docs/other/6919638687/repo/v0.1.5/.xml/specs_anchor_app.xml"
Reading XML for "/home/pete/wefwefwef/docs/other/6919638687/repo/v0.1.5/.xml/specs_anchor.xml"
Generating HTML - anchor_protocol "/home/pete/wefwefwef/docs/other/6919638687/repo/v0.1.5/.xml/anchor/anchor_protocol.xml"
Reading XML for "/home/pete/wefwefwef/docs/other/6919638687/repo/v0.1.5/.xml/anchor/anchor_protocol.xml"
Reading XML for "/home/pete/wefwefwef/docs/other/6919638687/repo/v0.1.5/.xml/specs_anchor_protocol.xml"
Creating index.html ...
Creating erldocs_index.js ...
Woot, finished in 0 Minutes 0 Seconds
 :: Discovering other repos
$ 5000  `rm -r '/home/pete/wefwefwef/docs/other/6919638687/anchor-tag-v0.1.5'  2>&1`
 :: Processing https://github.com/lpgauth/anchor	{rev,tag,"v0.1.6","df79fed45b5c48b850af9412a7f36f952408843e",undefined,[],[]}
 :: Fetching repo code
$ cd "/home/pete/wefwefwef/docs/other/6919638687/anchor-tag-v0.1.6/anchor"
$ infinity  `curl --fail --silent --show-error --location --output 'v0.1.6.zip' 'https://github.com/lpgauth/anchor/archive/v0.1.6.zip'  2>&1`
$ cd "/home/pete/wefwefwef/docs/erldocs_other.git"
$ cd "/home/pete/wefwefwef/docs/other/6919638687/anchor-tag-v0.1.6/anchor"
$ 5000  `find -P . -type l -delete  2>&1`
$ cd "/home/pete/wefwefwef/docs/erldocs_other.git"
$ cd "/home/pete/wefwefwef/docs/other/6919638687/anchor-tag-v0.1.6/anchor"
$ 5000  `find 'anchor-0.1.6' -mindepth 1 -maxdepth 1 -exec mv -t . -- {} +  2>&1`
$ cd "/home/pete/wefwefwef/docs/erldocs_other.git"
 :: Getting dependencies
$ cd "/home/pete/wefwefwef/docs/other/6919638687/anchor-tag-v0.1.6/anchor"
$ infinity  `rebar --config '/home/pete/wefwefwef/docs/other/6919638687/anchor-tag-v0.1.6/rebar_deps' get-deps  2>&1`
$ cd "/home/pete/wefwefwef/docs/erldocs_other.git"
$ cd "/home/pete/wefwefwef/docs/other/6919638687/anchor-tag-v0.1.6/anchor"
$ 5000  `find -P . -type l -delete  2>&1`
$ cd "/home/pete/wefwefwef/docs/erldocs_other.git"
$ cd "/home/pete/wefwefwef/docs/other/6919638687/anchor-tag-v0.1.6/anchor"
$ 5000  `ls -1 deps/  2>&1`
$ cd "/home/pete/wefwefwef/docs/erldocs_other.git"
>>> [rebar] deps = ["edown"]
 :: Generating erldocs into /home/pete/wefwefwef/docs/other/6919638687/repo/v0.1.6
Building anchor
Generating Type Specs - "/home/pete/wefwefwef/docs/other/6919638687/anchor-tag-v0.1.6/anchor/src/anchor.erl"
Generating Type Specs - "/home/pete/wefwefwef/docs/other/6919638687/anchor-tag-v0.1.6/anchor/src/anchor_app.erl"
Generating Type Specs - "/home/pete/wefwefwef/docs/other/6919638687/anchor-tag-v0.1.6/anchor/src/anchor_protocol.erl"
Generating Type Specs - "/home/pete/wefwefwef/docs/other/6919638687/anchor-tag-v0.1.6/anchor/src/anchor_server.erl"
Generating Type Specs - "/home/pete/wefwefwef/docs/other/6919638687/anchor-tag-v0.1.6/anchor/src/anchor_sup.erl"
Generating XML for application anchor "/home/pete/wefwefwef/docs/other/6919638687/anchor-tag-v0.1.6/anchor" -> "/home/pete/wefwefwef/docs/other/6919638687/repo/v0.1.6/.xml/anchor"
Generated anchor XMLs: ["/home/pete/wefwefwef/docs/other/6919638687/repo/v0.1.6/.xml/anchor/anchor_sup.xml",
                        "/home/pete/wefwefwef/docs/other/6919638687/repo/v0.1.6/.xml/anchor/anchor_server.xml",
                        "/home/pete/wefwefwef/docs/other/6919638687/repo/v0.1.6/.xml/anchor/anchor_app.xml",
                        "/home/pete/wefwefwef/docs/other/6919638687/repo/v0.1.6/.xml/anchor/anchor_protocol.xml",
                        "/home/pete/wefwefwef/docs/other/6919638687/repo/v0.1.6/.xml/anchor/anchor.xml"]
Generating HTML - anchor_sup "/home/pete/wefwefwef/docs/other/6919638687/repo/v0.1.6/.xml/anchor/anchor_sup.xml"
Generating HTML - anchor_server "/home/pete/wefwefwef/docs/other/6919638687/repo/v0.1.6/.xml/anchor/anchor_server.xml"
Generating HTML - anchor_app "/home/pete/wefwefwef/docs/other/6919638687/repo/v0.1.6/.xml/anchor/anchor_app.xml"
Generating HTML - anchor "/home/pete/wefwefwef/docs/other/6919638687/repo/v0.1.6/.xml/anchor/anchor.xml"
Reading XML for "/home/pete/wefwefwef/docs/other/6919638687/repo/v0.1.6/.xml/anchor/anchor_sup.xml"
Reading XML for "/home/pete/wefwefwef/docs/other/6919638687/repo/v0.1.6/.xml/anchor/anchor_server.xml"
Reading XML for "/home/pete/wefwefwef/docs/other/6919638687/repo/v0.1.6/.xml/anchor/anchor_app.xml"
Reading XML for "/home/pete/wefwefwef/docs/other/6919638687/repo/v0.1.6/.xml/anchor/anchor.xml"
Reading XML for "/home/pete/wefwefwef/docs/other/6919638687/repo/v0.1.6/.xml/specs_anchor_app.xml"
Reading XML for "/home/pete/wefwefwef/docs/other/6919638687/repo/v0.1.6/.xml/specs_anchor_server.xml"
Reading XML for "/home/pete/wefwefwef/docs/other/6919638687/repo/v0.1.6/.xml/specs_anchor_sup.xml"
Reading XML for "/home/pete/wefwefwef/docs/other/6919638687/repo/v0.1.6/.xml/specs_anchor.xml"
Generating HTML - anchor_protocol "/home/pete/wefwefwef/docs/other/6919638687/repo/v0.1.6/.xml/anchor/anchor_protocol.xml"
Reading XML for "/home/pete/wefwefwef/docs/other/6919638687/repo/v0.1.6/.xml/anchor/anchor_protocol.xml"
Reading XML for "/home/pete/wefwefwef/docs/other/6919638687/repo/v0.1.6/.xml/specs_anchor_protocol.xml"
Creating index.html ...
Creating erldocs_index.js ...
Woot, finished in 0 Minutes 0 Seconds
 :: Discovering other repos
$ 5000  `rm -r '/home/pete/wefwefwef/docs/other/6919638687/anchor-tag-v0.1.6'  2>&1`
 :: Processing https://github.com/lpgauth/anchor	{rev,tag,"v0.1.7","3dda99407db99801761831792a31f8a007bbdd50",undefined,[],[]}
 :: Fetching repo code
$ cd "/home/pete/wefwefwef/docs/other/6919638687/anchor-tag-v0.1.7/anchor"
$ infinity  `curl --fail --silent --show-error --location --output 'v0.1.7.zip' 'https://github.com/lpgauth/anchor/archive/v0.1.7.zip'  2>&1`
$ cd "/home/pete/wefwefwef/docs/erldocs_other.git"
$ cd "/home/pete/wefwefwef/docs/other/6919638687/anchor-tag-v0.1.7/anchor"
$ 5000  `find -P . -type l -delete  2>&1`
$ cd "/home/pete/wefwefwef/docs/erldocs_other.git"
$ cd "/home/pete/wefwefwef/docs/other/6919638687/anchor-tag-v0.1.7/anchor"
$ 5000  `find 'anchor-0.1.7' -mindepth 1 -maxdepth 1 -exec mv -t . -- {} +  2>&1`
$ cd "/home/pete/wefwefwef/docs/erldocs_other.git"
 :: Getting dependencies
$ cd "/home/pete/wefwefwef/docs/other/6919638687/anchor-tag-v0.1.7/anchor"
$ infinity  `rebar --config '/home/pete/wefwefwef/docs/other/6919638687/anchor-tag-v0.1.7/rebar_deps' get-deps  2>&1`
$ cd "/home/pete/wefwefwef/docs/erldocs_other.git"
$ cd "/home/pete/wefwefwef/docs/other/6919638687/anchor-tag-v0.1.7/anchor"
$ 5000  `find -P . -type l -delete  2>&1`
$ cd "/home/pete/wefwefwef/docs/erldocs_other.git"
$ cd "/home/pete/wefwefwef/docs/other/6919638687/anchor-tag-v0.1.7/anchor"
$ 5000  `ls -1 deps/  2>&1`
$ cd "/home/pete/wefwefwef/docs/erldocs_other.git"
>>> [rebar] deps = ["edown"]
 :: Generating erldocs into /home/pete/wefwefwef/docs/other/6919638687/repo/v0.1.7
Building anchor
Generating Type Specs - "/home/pete/wefwefwef/docs/other/6919638687/anchor-tag-v0.1.7/anchor/src/anchor.erl"
Generating Type Specs - "/home/pete/wefwefwef/docs/other/6919638687/anchor-tag-v0.1.7/anchor/src/anchor_app.erl"
Generating Type Specs - "/home/pete/wefwefwef/docs/other/6919638687/anchor-tag-v0.1.7/anchor/src/anchor_backlog.erl"
Generating Type Specs - "/home/pete/wefwefwef/docs/other/6919638687/anchor-tag-v0.1.7/anchor/src/anchor_protocol.erl"
Generating Type Specs - "/home/pete/wefwefwef/docs/other/6919638687/anchor-tag-v0.1.7/anchor/src/anchor_server.erl"
Generating Type Specs - "/home/pete/wefwefwef/docs/other/6919638687/anchor-tag-v0.1.7/anchor/src/anchor_sup.erl"
Generating XML for application anchor "/home/pete/wefwefwef/docs/other/6919638687/anchor-tag-v0.1.7/anchor" -> "/home/pete/wefwefwef/docs/other/6919638687/repo/v0.1.7/.xml/anchor"
Generated anchor XMLs: ["/home/pete/wefwefwef/docs/other/6919638687/repo/v0.1.7/.xml/anchor/anchor_backlog.xml",
                        "/home/pete/wefwefwef/docs/other/6919638687/repo/v0.1.7/.xml/anchor/anchor_sup.xml",
                        "/home/pete/wefwefwef/docs/other/6919638687/repo/v0.1.7/.xml/anchor/anchor_server.xml",
                        "/home/pete/wefwefwef/docs/other/6919638687/repo/v0.1.7/.xml/anchor/anchor_app.xml",
                        "/home/pete/wefwefwef/docs/other/6919638687/repo/v0.1.7/.xml/anchor/anchor_protocol.xml",
                        "/home/pete/wefwefwef/docs/other/6919638687/repo/v0.1.7/.xml/anchor/anchor.xml"]
Generating HTML - anchor_backlog "/home/pete/wefwefwef/docs/other/6919638687/repo/v0.1.7/.xml/anchor/anchor_backlog.xml"
Generating HTML - anchor_sup "/home/pete/wefwefwef/docs/other/6919638687/repo/v0.1.7/.xml/anchor/anchor_sup.xml"
Generating HTML - anchor_server "/home/pete/wefwefwef/docs/other/6919638687/repo/v0.1.7/.xml/anchor/anchor_server.xml"
Generating HTML - anchor "/home/pete/wefwefwef/docs/other/6919638687/repo/v0.1.7/.xml/anchor/anchor.xml"
Reading XML for "/home/pete/wefwefwef/docs/other/6919638687/repo/v0.1.7/.xml/anchor/anchor_backlog.xml"
Reading XML for "/home/pete/wefwefwef/docs/other/6919638687/repo/v0.1.7/.xml/anchor/anchor_sup.xml"
Reading XML for "/home/pete/wefwefwef/docs/other/6919638687/repo/v0.1.7/.xml/anchor/anchor_server.xml"
Reading XML for "/home/pete/wefwefwef/docs/other/6919638687/repo/v0.1.7/.xml/anchor/anchor.xml"
Reading XML for "/home/pete/wefwefwef/docs/other/6919638687/repo/v0.1.7/.xml/specs_anchor_backlog.xml"
Reading XML for "/home/pete/wefwefwef/docs/other/6919638687/repo/v0.1.7/.xml/specs_anchor_sup.xml"
Reading XML for "/home/pete/wefwefwef/docs/other/6919638687/repo/v0.1.7/.xml/specs_anchor_server.xml"
Reading XML for "/home/pete/wefwefwef/docs/other/6919638687/repo/v0.1.7/.xml/specs_anchor.xml"
Generating HTML - anchor_protocol "/home/pete/wefwefwef/docs/other/6919638687/repo/v0.1.7/.xml/anchor/anchor_protocol.xml"
Reading XML for "/home/pete/wefwefwef/docs/other/6919638687/repo/v0.1.7/.xml/anchor/anchor_protocol.xml"
Reading XML for "/home/pete/wefwefwef/docs/other/6919638687/repo/v0.1.7/.xml/specs_anchor_protocol.xml"
Generating HTML - anchor_app "/home/pete/wefwefwef/docs/other/6919638687/repo/v0.1.7/.xml/anchor/anchor_app.xml"
Reading XML for "/home/pete/wefwefwef/docs/other/6919638687/repo/v0.1.7/.xml/anchor/anchor_app.xml"
Reading XML for "/home/pete/wefwefwef/docs/other/6919638687/repo/v0.1.7/.xml/specs_anchor_app.xml"
Creating index.html ...
Creating erldocs_index.js ...
Woot, finished in 0 Minutes 0 Seconds
 :: Discovering other repos
$ 5000  `rm -r '/home/pete/wefwefwef/docs/other/6919638687/anchor-tag-v0.1.7'  2>&1`
 :: Processing https://github.com/lpgauth/anchor	{rev,tag,"v0.1.8","df3ffea02436c2c91aa2b94e78c993abf1861b82",undefined,[],[]}
 :: Fetching repo code
$ cd "/home/pete/wefwefwef/docs/other/6919638687/anchor-tag-v0.1.8/anchor"
$ infinity  `curl --fail --silent --show-error --location --output 'v0.1.8.zip' 'https://github.com/lpgauth/anchor/archive/v0.1.8.zip'  2>&1`
$ cd "/home/pete/wefwefwef/docs/erldocs_other.git"
$ cd "/home/pete/wefwefwef/docs/other/6919638687/anchor-tag-v0.1.8/anchor"
$ 5000  `find -P . -type l -delete  2>&1`
$ cd "/home/pete/wefwefwef/docs/erldocs_other.git"
$ cd "/home/pete/wefwefwef/docs/other/6919638687/anchor-tag-v0.1.8/anchor"
$ 5000  `find 'anchor-0.1.8' -mindepth 1 -maxdepth 1 -exec mv -t . -- {} +  2>&1`
$ cd "/home/pete/wefwefwef/docs/erldocs_other.git"
 :: Getting dependencies
$ cd "/home/pete/wefwefwef/docs/other/6919638687/anchor-tag-v0.1.8/anchor"
$ infinity  `rebar --config '/home/pete/wefwefwef/docs/other/6919638687/anchor-tag-v0.1.8/rebar_deps' get-deps  2>&1`
$ cd "/home/pete/wefwefwef/docs/erldocs_other.git"
$ cd "/home/pete/wefwefwef/docs/other/6919638687/anchor-tag-v0.1.8/anchor"
$ 5000  `find -P . -type l -delete  2>&1`
$ cd "/home/pete/wefwefwef/docs/erldocs_other.git"
$ cd "/home/pete/wefwefwef/docs/other/6919638687/anchor-tag-v0.1.8/anchor"
$ 5000  `ls -1 deps/  2>&1`
$ cd "/home/pete/wefwefwef/docs/erldocs_other.git"
>>> [rebar] deps = ["edown"]
 :: Generating erldocs into /home/pete/wefwefwef/docs/other/6919638687/repo/v0.1.8
Building anchor
Generating Type Specs - "/home/pete/wefwefwef/docs/other/6919638687/anchor-tag-v0.1.8/anchor/src/anchor.erl"
Generating Type Specs - "/home/pete/wefwefwef/docs/other/6919638687/anchor-tag-v0.1.8/anchor/src/anchor_app.erl"
Generating Type Specs - "/home/pete/wefwefwef/docs/other/6919638687/anchor-tag-v0.1.8/anchor/src/anchor_backlog.erl"
Generating Type Specs - "/home/pete/wefwefwef/docs/other/6919638687/anchor-tag-v0.1.8/anchor/src/anchor_protocol.erl"
Generating Type Specs - "/home/pete/wefwefwef/docs/other/6919638687/anchor-tag-v0.1.8/anchor/src/anchor_server.erl"
Generating Type Specs - "/home/pete/wefwefwef/docs/other/6919638687/anchor-tag-v0.1.8/anchor/src/anchor_sup.erl"
Generating XML for application anchor "/home/pete/wefwefwef/docs/other/6919638687/anchor-tag-v0.1.8/anchor" -> "/home/pete/wefwefwef/docs/other/6919638687/repo/v0.1.8/.xml/anchor"
Generated anchor XMLs: ["/home/pete/wefwefwef/docs/other/6919638687/repo/v0.1.8/.xml/anchor/anchor_backlog.xml",
                        "/home/pete/wefwefwef/docs/other/6919638687/repo/v0.1.8/.xml/anchor/anchor_sup.xml",
                        "/home/pete/wefwefwef/docs/other/6919638687/repo/v0.1.8/.xml/anchor/anchor_server.xml",
                        "/home/pete/wefwefwef/docs/other/6919638687/repo/v0.1.8/.xml/anchor/anchor_app.xml",
                        "/home/pete/wefwefwef/docs/other/6919638687/repo/v0.1.8/.xml/anchor/anchor_protocol.xml",
                        "/home/pete/wefwefwef/docs/other/6919638687/repo/v0.1.8/.xml/anchor/anchor.xml"]
Generating HTML - anchor_backlog "/home/pete/wefwefwef/docs/other/6919638687/repo/v0.1.8/.xml/anchor/anchor_backlog.xml"
Generating HTML - anchor_sup "/home/pete/wefwefwef/docs/other/6919638687/repo/v0.1.8/.xml/anchor/anchor_sup.xml"
Generating HTML - anchor_server "/home/pete/wefwefwef/docs/other/6919638687/repo/v0.1.8/.xml/anchor/anchor_server.xml"
Generating HTML - anchor "/home/pete/wefwefwef/docs/other/6919638687/repo/v0.1.8/.xml/anchor/anchor.xml"
Reading XML for "/home/pete/wefwefwef/docs/other/6919638687/repo/v0.1.8/.xml/anchor/anchor_backlog.xml"
Reading XML for "/home/pete/wefwefwef/docs/other/6919638687/repo/v0.1.8/.xml/anchor/anchor_sup.xml"
Reading XML for "/home/pete/wefwefwef/docs/other/6919638687/repo/v0.1.8/.xml/anchor/anchor_server.xml"
Reading XML for "/home/pete/wefwefwef/docs/other/6919638687/repo/v0.1.8/.xml/anchor/anchor.xml"
Reading XML for "/home/pete/wefwefwef/docs/other/6919638687/repo/v0.1.8/.xml/specs_anchor_backlog.xml"
Reading XML for "/home/pete/wefwefwef/docs/other/6919638687/repo/v0.1.8/.xml/specs_anchor_server.xml"
Reading XML for "/home/pete/wefwefwef/docs/other/6919638687/repo/v0.1.8/.xml/specs_anchor_sup.xml"
Reading XML for "/home/pete/wefwefwef/docs/other/6919638687/repo/v0.1.8/.xml/specs_anchor.xml"
Generating HTML - anchor_protocol "/home/pete/wefwefwef/docs/other/6919638687/repo/v0.1.8/.xml/anchor/anchor_protocol.xml"
Reading XML for "/home/pete/wefwefwef/docs/other/6919638687/repo/v0.1.8/.xml/anchor/anchor_protocol.xml"
Reading XML for "/home/pete/wefwefwef/docs/other/6919638687/repo/v0.1.8/.xml/specs_anchor_protocol.xml"
Generating HTML - anchor_app "/home/pete/wefwefwef/docs/other/6919638687/repo/v0.1.8/.xml/anchor/anchor_app.xml"
Reading XML for "/home/pete/wefwefwef/docs/other/6919638687/repo/v0.1.8/.xml/anchor/anchor_app.xml"
Reading XML for "/home/pete/wefwefwef/docs/other/6919638687/repo/v0.1.8/.xml/specs_anchor_app.xml"
Creating index.html ...
Creating erldocs_index.js ...
Woot, finished in 0 Minutes 0 Seconds
 :: Discovering other repos
$ 5000  `rm -r '/home/pete/wefwefwef/docs/other/6919638687/anchor-tag-v0.1.8'  2>&1`
 :: Processing https://github.com/lpgauth/anchor	{rev,tag,"v0.1.9","1f5516715753fb9703cffbb4426c7adb78f87be1",undefined,[],[]}
 :: Fetching repo code
$ cd "/home/pete/wefwefwef/docs/other/6919638687/anchor-tag-v0.1.9/anchor"
$ infinity  `curl --fail --silent --show-error --location --output 'v0.1.9.zip' 'https://github.com/lpgauth/anchor/archive/v0.1.9.zip'  2>&1`
$ cd "/home/pete/wefwefwef/docs/erldocs_other.git"
$ cd "/home/pete/wefwefwef/docs/other/6919638687/anchor-tag-v0.1.9/anchor"
$ 5000  `find -P . -type l -delete  2>&1`
$ cd "/home/pete/wefwefwef/docs/erldocs_other.git"
$ cd "/home/pete/wefwefwef/docs/other/6919638687/anchor-tag-v0.1.9/anchor"
$ 5000  `find 'anchor-0.1.9' -mindepth 1 -maxdepth 1 -exec mv -t . -- {} +  2>&1`
$ cd "/home/pete/wefwefwef/docs/erldocs_other.git"
 :: Getting dependencies
$ cd "/home/pete/wefwefwef/docs/other/6919638687/anchor-tag-v0.1.9/anchor"
$ infinity  `rebar --config '/home/pete/wefwefwef/docs/other/6919638687/anchor-tag-v0.1.9/rebar_deps' get-deps  2>&1`
$ cd "/home/pete/wefwefwef/docs/erldocs_other.git"
$ cd "/home/pete/wefwefwef/docs/other/6919638687/anchor-tag-v0.1.9/anchor"
$ 5000  `find -P . -type l -delete  2>&1`
$ cd "/home/pete/wefwefwef/docs/erldocs_other.git"
$ cd "/home/pete/wefwefwef/docs/other/6919638687/anchor-tag-v0.1.9/anchor"
$ 5000  `ls -1 deps/  2>&1`
$ cd "/home/pete/wefwefwef/docs/erldocs_other.git"
>>> [rebar] deps = ["edown"]
 :: Generating erldocs into /home/pete/wefwefwef/docs/other/6919638687/repo/v0.1.9
Building anchor
Generating Type Specs - "/home/pete/wefwefwef/docs/other/6919638687/anchor-tag-v0.1.9/anchor/src/anchor.erl"
Generating Type Specs - "/home/pete/wefwefwef/docs/other/6919638687/anchor-tag-v0.1.9/anchor/src/anchor_app.erl"
Generating Type Specs - "/home/pete/wefwefwef/docs/other/6919638687/anchor-tag-v0.1.9/anchor/src/anchor_backlog.erl"
Generating Type Specs - "/home/pete/wefwefwef/docs/other/6919638687/anchor-tag-v0.1.9/anchor/src/anchor_protocol.erl"
Generating Type Specs - "/home/pete/wefwefwef/docs/other/6919638687/anchor-tag-v0.1.9/anchor/src/anchor_server.erl"
Generating Type Specs - "/home/pete/wefwefwef/docs/other/6919638687/anchor-tag-v0.1.9/anchor/src/anchor_sup.erl"
Generating XML for application anchor "/home/pete/wefwefwef/docs/other/6919638687/anchor-tag-v0.1.9/anchor" -> "/home/pete/wefwefwef/docs/other/6919638687/repo/v0.1.9/.xml/anchor"
Generated anchor XMLs: ["/home/pete/wefwefwef/docs/other/6919638687/repo/v0.1.9/.xml/anchor/anchor_backlog.xml",
                        "/home/pete/wefwefwef/docs/other/6919638687/repo/v0.1.9/.xml/anchor/anchor_sup.xml",
                        "/home/pete/wefwefwef/docs/other/6919638687/repo/v0.1.9/.xml/anchor/anchor_server.xml",
                        "/home/pete/wefwefwef/docs/other/6919638687/repo/v0.1.9/.xml/anchor/anchor_app.xml",
                        "/home/pete/wefwefwef/docs/other/6919638687/repo/v0.1.9/.xml/anchor/anchor_protocol.xml",
                        "/home/pete/wefwefwef/docs/other/6919638687/repo/v0.1.9/.xml/anchor/anchor.xml"]
Generating HTML - anchor_backlog "/home/pete/wefwefwef/docs/other/6919638687/repo/v0.1.9/.xml/anchor/anchor_backlog.xml"
Generating HTML - anchor_sup "/home/pete/wefwefwef/docs/other/6919638687/repo/v0.1.9/.xml/anchor/anchor_sup.xml"
Generating HTML - anchor_server "/home/pete/wefwefwef/docs/other/6919638687/repo/v0.1.9/.xml/anchor/anchor_server.xml"
Generating HTML - anchor "/home/pete/wefwefwef/docs/other/6919638687/repo/v0.1.9/.xml/anchor/anchor.xml"
Reading XML for "/home/pete/wefwefwef/docs/other/6919638687/repo/v0.1.9/.xml/anchor/anchor_backlog.xml"
Reading XML for "/home/pete/wefwefwef/docs/other/6919638687/repo/v0.1.9/.xml/anchor/anchor_sup.xml"
Reading XML for "/home/pete/wefwefwef/docs/other/6919638687/repo/v0.1.9/.xml/anchor/anchor_server.xml"
Reading XML for "/home/pete/wefwefwef/docs/other/6919638687/repo/v0.1.9/.xml/anchor/anchor.xml"
Reading XML for "/home/pete/wefwefwef/docs/other/6919638687/repo/v0.1.9/.xml/specs_anchor_sup.xml"
Reading XML for "/home/pete/wefwefwef/docs/other/6919638687/repo/v0.1.9/.xml/specs_anchor_backlog.xml"
Reading XML for "/home/pete/wefwefwef/docs/other/6919638687/repo/v0.1.9/.xml/specs_anchor_server.xml"
Reading XML for "/home/pete/wefwefwef/docs/other/6919638687/repo/v0.1.9/.xml/specs_anchor.xml"
Generating HTML - anchor_protocol "/home/pete/wefwefwef/docs/other/6919638687/repo/v0.1.9/.xml/anchor/anchor_protocol.xml"
Reading XML for "/home/pete/wefwefwef/docs/other/6919638687/repo/v0.1.9/.xml/anchor/anchor_protocol.xml"
Reading XML for "/home/pete/wefwefwef/docs/other/6919638687/repo/v0.1.9/.xml/specs_anchor_protocol.xml"
Generating HTML - anchor_app "/home/pete/wefwefwef/docs/other/6919638687/repo/v0.1.9/.xml/anchor/anchor_app.xml"
Reading XML for "/home/pete/wefwefwef/docs/other/6919638687/repo/v0.1.9/.xml/anchor/anchor_app.xml"
Reading XML for "/home/pete/wefwefwef/docs/other/6919638687/repo/v0.1.9/.xml/specs_anchor_app.xml"
Creating index.html ...
Creating erldocs_index.js ...
Woot, finished in 0 Minutes 1 Seconds
 :: Discovering other repos
$ 5000  `rm -r '/home/pete/wefwefwef/docs/other/6919638687/anchor-tag-v0.1.9'  2>&1`
 :: Processing https://github.com/lpgauth/anchor	{rev,branch,"adgear","caeba6a2c133807eb796dfaf387c17baa064b397",undefined,[],[]}
 :: Fetching repo code
$ cd "/home/pete/wefwefwef/docs/other/6919638687/anchor-branch-adgear/anchor"
$ infinity  `curl --fail --silent --show-error --location --output 'adgear.zip' 'https://github.com/lpgauth/anchor/archive/adgear.zip'  2>&1`
$ cd "/home/pete/wefwefwef/docs/erldocs_other.git"
$ cd "/home/pete/wefwefwef/docs/other/6919638687/anchor-branch-adgear/anchor"
$ 5000  `find -P . -type l -delete  2>&1`
$ cd "/home/pete/wefwefwef/docs/erldocs_other.git"
$ cd "/home/pete/wefwefwef/docs/other/6919638687/anchor-branch-adgear/anchor"
$ 5000  `find 'anchor-adgear' -mindepth 1 -maxdepth 1 -exec mv -t . -- {} +  2>&1`
$ cd "/home/pete/wefwefwef/docs/erldocs_other.git"
 :: Getting dependencies
$ cd "/home/pete/wefwefwef/docs/other/6919638687/anchor-branch-adgear/anchor"
$ infinity  `rebar --config '/home/pete/wefwefwef/docs/other/6919638687/anchor-branch-adgear/rebar_deps' get-deps  2>&1`
$ cd "/home/pete/wefwefwef/docs/erldocs_other.git"
$ cd "/home/pete/wefwefwef/docs/other/6919638687/anchor-branch-adgear/anchor"
$ 5000  `find -P . -type l -delete  2>&1`
$ cd "/home/pete/wefwefwef/docs/erldocs_other.git"
$ cd "/home/pete/wefwefwef/docs/other/6919638687/anchor-branch-adgear/anchor"
$ 5000  `ls -1 deps/  2>&1`
$ cd "/home/pete/wefwefwef/docs/erldocs_other.git"
>>> [rebar] deps = ["edown"]
 :: Generating erldocs into /home/pete/wefwefwef/docs/other/6919638687/repo/adgear
Building anchor
Generating Type Specs - "/home/pete/wefwefwef/docs/other/6919638687/anchor-branch-adgear/anchor/src/anchor.erl"
Generating Type Specs - "/home/pete/wefwefwef/docs/other/6919638687/anchor-branch-adgear/anchor/src/anchor_app.erl"
Generating Type Specs - "/home/pete/wefwefwef/docs/other/6919638687/anchor-branch-adgear/anchor/src/anchor_backlog.erl"
Generating Type Specs - "/home/pete/wefwefwef/docs/other/6919638687/anchor-branch-adgear/anchor/src/anchor_protocol.erl"
Generating Type Specs - "/home/pete/wefwefwef/docs/other/6919638687/anchor-branch-adgear/anchor/src/anchor_server.erl"
Generating Type Specs - "/home/pete/wefwefwef/docs/other/6919638687/anchor-branch-adgear/anchor/src/anchor_sup.erl"
Generating XML for application anchor "/home/pete/wefwefwef/docs/other/6919638687/anchor-branch-adgear/anchor" -> "/home/pete/wefwefwef/docs/other/6919638687/repo/adgear/.xml/anchor"
Generated anchor XMLs: ["/home/pete/wefwefwef/docs/other/6919638687/repo/adgear/.xml/anchor/anchor_backlog.xml",
                        "/home/pete/wefwefwef/docs/other/6919638687/repo/adgear/.xml/anchor/anchor_sup.xml",
                        "/home/pete/wefwefwef/docs/other/6919638687/repo/adgear/.xml/anchor/anchor_server.xml",
                        "/home/pete/wefwefwef/docs/other/6919638687/repo/adgear/.xml/anchor/anchor_app.xml",
                        "/home/pete/wefwefwef/docs/other/6919638687/repo/adgear/.xml/anchor/anchor_protocol.xml",
                        "/home/pete/wefwefwef/docs/other/6919638687/repo/adgear/.xml/anchor/anchor.xml"]
Generating HTML - anchor_backlog "/home/pete/wefwefwef/docs/other/6919638687/repo/adgear/.xml/anchor/anchor_backlog.xml"
Generating HTML - anchor_sup "/home/pete/wefwefwef/docs/other/6919638687/repo/adgear/.xml/anchor/anchor_sup.xml"
Generating HTML - anchor_server "/home/pete/wefwefwef/docs/other/6919638687/repo/adgear/.xml/anchor/anchor_server.xml"
Generating HTML - anchor "/home/pete/wefwefwef/docs/other/6919638687/repo/adgear/.xml/anchor/anchor.xml"
Reading XML for "/home/pete/wefwefwef/docs/other/6919638687/repo/adgear/.xml/anchor/anchor_backlog.xml"
Reading XML for "/home/pete/wefwefwef/docs/other/6919638687/repo/adgear/.xml/anchor/anchor_sup.xml"
Reading XML for "/home/pete/wefwefwef/docs/other/6919638687/repo/adgear/.xml/anchor/anchor_server.xml"
Reading XML for "/home/pete/wefwefwef/docs/other/6919638687/repo/adgear/.xml/anchor/anchor.xml"
Reading XML for "/home/pete/wefwefwef/docs/other/6919638687/repo/adgear/.xml/specs_anchor_backlog.xml"
Reading XML for "/home/pete/wefwefwef/docs/other/6919638687/repo/adgear/.xml/specs_anchor_sup.xml"
Reading XML for "/home/pete/wefwefwef/docs/other/6919638687/repo/adgear/.xml/specs_anchor_server.xml"
Reading XML for "/home/pete/wefwefwef/docs/other/6919638687/repo/adgear/.xml/specs_anchor.xml"
Generating HTML - anchor_protocol "/home/pete/wefwefwef/docs/other/6919638687/repo/adgear/.xml/anchor/anchor_protocol.xml"
Reading XML for "/home/pete/wefwefwef/docs/other/6919638687/repo/adgear/.xml/anchor/anchor_protocol.xml"
Reading XML for "/home/pete/wefwefwef/docs/other/6919638687/repo/adgear/.xml/specs_anchor_protocol.xml"
Generating HTML - anchor_app "/home/pete/wefwefwef/docs/other/6919638687/repo/adgear/.xml/anchor/anchor_app.xml"
Reading XML for "/home/pete/wefwefwef/docs/other/6919638687/repo/adgear/.xml/anchor/anchor_app.xml"
Reading XML for "/home/pete/wefwefwef/docs/other/6919638687/repo/adgear/.xml/specs_anchor_app.xml"
Creating index.html ...
Creating erldocs_index.js ...
Woot, finished in 0 Minutes 0 Seconds
 :: Discovering other repos
$ 5000  `rm -r '/home/pete/wefwefwef/docs/other/6919638687/anchor-branch-adgear'  2>&1`
 :: Processing https://github.com/lpgauth/anchor	{rev,branch,"adgear_async","869264813f3139ea73e6ee7a2c94200ca8532b90",undefined,[],[]}
 :: Fetching repo code
$ cd "/home/pete/wefwefwef/docs/other/6919638687/anchor-branch-adgear_async/anchor"
$ infinity  `curl --fail --silent --show-error --location --output 'adgear_async.zip' 'https://github.com/lpgauth/anchor/archive/adgear_async.zip'  2>&1`
$ cd "/home/pete/wefwefwef/docs/erldocs_other.git"
$ cd "/home/pete/wefwefwef/docs/other/6919638687/anchor-branch-adgear_async/anchor"
$ 5000  `find -P . -type l -delete  2>&1`
$ cd "/home/pete/wefwefwef/docs/erldocs_other.git"
$ cd "/home/pete/wefwefwef/docs/other/6919638687/anchor-branch-adgear_async/anchor"
$ 5000  `find 'anchor-adgear_async' -mindepth 1 -maxdepth 1 -exec mv -t . -- {} +  2>&1`
$ cd "/home/pete/wefwefwef/docs/erldocs_other.git"
 :: Getting dependencies
$ cd "/home/pete/wefwefwef/docs/other/6919638687/anchor-branch-adgear_async/anchor"
$ infinity  `rebar --config '/home/pete/wefwefwef/docs/other/6919638687/anchor-branch-adgear_async/rebar_deps' get-deps  2>&1`
$ cd "/home/pete/wefwefwef/docs/erldocs_other.git"
$ cd "/home/pete/wefwefwef/docs/other/6919638687/anchor-branch-adgear_async/anchor"
$ 5000  `find -P . -type l -delete  2>&1`
$ cd "/home/pete/wefwefwef/docs/erldocs_other.git"
$ cd "/home/pete/wefwefwef/docs/other/6919638687/anchor-branch-adgear_async/anchor"
$ 5000  `ls -1 deps/  2>&1`
$ cd "/home/pete/wefwefwef/docs/erldocs_other.git"
>>> [rebar] deps = ["edown"]
 :: Generating erldocs into /home/pete/wefwefwef/docs/other/6919638687/repo/adgear_async
Building anchor
Generating Type Specs - "/home/pete/wefwefwef/docs/other/6919638687/anchor-branch-adgear_async/anchor/src/anchor.erl"
Generating Type Specs - "/home/pete/wefwefwef/docs/other/6919638687/anchor-branch-adgear_async/anchor/src/anchor_app.erl"
Generating Type Specs - "/home/pete/wefwefwef/docs/other/6919638687/anchor-branch-adgear_async/anchor/src/anchor_backlog.erl"
Generating Type Specs - "/home/pete/wefwefwef/docs/other/6919638687/anchor-branch-adgear_async/anchor/src/anchor_protocol.erl"
Generating Type Specs - "/home/pete/wefwefwef/docs/other/6919638687/anchor-branch-adgear_async/anchor/src/anchor_server.erl"
Generating Type Specs - "/home/pete/wefwefwef/docs/other/6919638687/anchor-branch-adgear_async/anchor/src/anchor_sup.erl"
Generating XML for application anchor "/home/pete/wefwefwef/docs/other/6919638687/anchor-branch-adgear_async/anchor" -> "/home/pete/wefwefwef/docs/other/6919638687/repo/adgear_async/.xml/anchor"
Generated anchor XMLs: ["/home/pete/wefwefwef/docs/other/6919638687/repo/adgear_async/.xml/anchor/anchor_backlog.xml",
                        "/home/pete/wefwefwef/docs/other/6919638687/repo/adgear_async/.xml/anchor/anchor_sup.xml",
                        "/home/pete/wefwefwef/docs/other/6919638687/repo/adgear_async/.xml/anchor/anchor_server.xml",
                        "/home/pete/wefwefwef/docs/other/6919638687/repo/adgear_async/.xml/anchor/anchor_app.xml",
                        "/home/pete/wefwefwef/docs/other/6919638687/repo/adgear_async/.xml/anchor/anchor_protocol.xml",
                        "/home/pete/wefwefwef/docs/other/6919638687/repo/adgear_async/.xml/anchor/anchor.xml"]
Generating HTML - anchor_backlog "/home/pete/wefwefwef/docs/other/6919638687/repo/adgear_async/.xml/anchor/anchor_backlog.xml"
Generating HTML - anchor_sup "/home/pete/wefwefwef/docs/other/6919638687/repo/adgear_async/.xml/anchor/anchor_sup.xml"
Generating HTML - anchor_server "/home/pete/wefwefwef/docs/other/6919638687/repo/adgear_async/.xml/anchor/anchor_server.xml"
Generating HTML - anchor "/home/pete/wefwefwef/docs/other/6919638687/repo/adgear_async/.xml/anchor/anchor.xml"
Reading XML for "/home/pete/wefwefwef/docs/other/6919638687/repo/adgear_async/.xml/anchor/anchor_backlog.xml"
Reading XML for "/home/pete/wefwefwef/docs/other/6919638687/repo/adgear_async/.xml/anchor/anchor_sup.xml"
Reading XML for "/home/pete/wefwefwef/docs/other/6919638687/repo/adgear_async/.xml/anchor/anchor_server.xml"
Reading XML for "/home/pete/wefwefwef/docs/other/6919638687/repo/adgear_async/.xml/anchor/anchor.xml"
Reading XML for "/home/pete/wefwefwef/docs/other/6919638687/repo/adgear_async/.xml/specs_anchor_server.xml"
Reading XML for "/home/pete/wefwefwef/docs/other/6919638687/repo/adgear_async/.xml/specs_anchor_sup.xml"
Reading XML for "/home/pete/wefwefwef/docs/other/6919638687/repo/adgear_async/.xml/specs_anchor_backlog.xml"
Reading XML for "/home/pete/wefwefwef/docs/other/6919638687/repo/adgear_async/.xml/specs_anchor.xml"
Generating HTML - anchor_protocol "/home/pete/wefwefwef/docs/other/6919638687/repo/adgear_async/.xml/anchor/anchor_protocol.xml"
Reading XML for "/home/pete/wefwefwef/docs/other/6919638687/repo/adgear_async/.xml/anchor/anchor_protocol.xml"
Reading XML for "/home/pete/wefwefwef/docs/other/6919638687/repo/adgear_async/.xml/specs_anchor_protocol.xml"
Generating HTML - anchor_app "/home/pete/wefwefwef/docs/other/6919638687/repo/adgear_async/.xml/anchor/anchor_app.xml"
Reading XML for "/home/pete/wefwefwef/docs/other/6919638687/repo/adgear_async/.xml/anchor/anchor_app.xml"
Reading XML for "/home/pete/wefwefwef/docs/other/6919638687/repo/adgear_async/.xml/specs_anchor_app.xml"
Creating index.html ...
Creating erldocs_index.js ...
Woot, finished in 0 Minutes 0 Seconds
 :: Discovering other repos
$ 5000  `rm -r '/home/pete/wefwefwef/docs/other/6919638687/anchor-branch-adgear_async'  2>&1`
 :: Processing https://github.com/lpgauth/anchor	{rev,branch,"master","c0a489cf9f3000c91657c05a83c74f31cd1111a5",undefined,[],[]}
 :: Fetching repo code
$ cd "/home/pete/wefwefwef/docs/other/6919638687/anchor-branch-master/anchor"
$ infinity  `curl --fail --silent --show-error --location --output 'master.zip' 'https://github.com/lpgauth/anchor/archive/master.zip'  2>&1`
$ cd "/home/pete/wefwefwef/docs/erldocs_other.git"
$ cd "/home/pete/wefwefwef/docs/other/6919638687/anchor-branch-master/anchor"
$ 5000  `find -P . -type l -delete  2>&1`
$ cd "/home/pete/wefwefwef/docs/erldocs_other.git"
$ cd "/home/pete/wefwefwef/docs/other/6919638687/anchor-branch-master/anchor"
$ 5000  `find 'anchor-master' -mindepth 1 -maxdepth 1 -exec mv -t . -- {} +  2>&1`
$ cd "/home/pete/wefwefwef/docs/erldocs_other.git"
 :: Getting dependencies
$ cd "/home/pete/wefwefwef/docs/other/6919638687/anchor-branch-master/anchor"
$ infinity  `rebar --config '/home/pete/wefwefwef/docs/other/6919638687/anchor-branch-master/rebar_deps' get-deps  2>&1`
$ cd "/home/pete/wefwefwef/docs/erldocs_other.git"
$ cd "/home/pete/wefwefwef/docs/other/6919638687/anchor-branch-master/anchor"
$ 5000  `find -P . -type l -delete  2>&1`
$ cd "/home/pete/wefwefwef/docs/erldocs_other.git"
$ cd "/home/pete/wefwefwef/docs/other/6919638687/anchor-branch-master/anchor"
$ 5000  `ls -1 deps/  2>&1`
$ cd "/home/pete/wefwefwef/docs/erldocs_other.git"
>>> [rebar] deps = ["edown"]
 :: Generating erldocs into /home/pete/wefwefwef/docs/other/6919638687/repo/master
Building anchor
Generating Type Specs - "/home/pete/wefwefwef/docs/other/6919638687/anchor-branch-master/anchor/src/anchor.erl"
Generating Type Specs - "/home/pete/wefwefwef/docs/other/6919638687/anchor-branch-master/anchor/src/anchor_app.erl"
Generating Type Specs - "/home/pete/wefwefwef/docs/other/6919638687/anchor-branch-master/anchor/src/anchor_backlog.erl"
Generating Type Specs - "/home/pete/wefwefwef/docs/other/6919638687/anchor-branch-master/anchor/src/anchor_protocol.erl"
Generating Type Specs - "/home/pete/wefwefwef/docs/other/6919638687/anchor-branch-master/anchor/src/anchor_server.erl"
Generating Type Specs - "/home/pete/wefwefwef/docs/other/6919638687/anchor-branch-master/anchor/src/anchor_sup.erl"
Generating XML for application anchor "/home/pete/wefwefwef/docs/other/6919638687/anchor-branch-master/anchor" -> "/home/pete/wefwefwef/docs/other/6919638687/repo/master/.xml/anchor"
Generated anchor XMLs: ["/home/pete/wefwefwef/docs/other/6919638687/repo/master/.xml/anchor/anchor_backlog.xml",
                        "/home/pete/wefwefwef/docs/other/6919638687/repo/master/.xml/anchor/anchor_sup.xml",
                        "/home/pete/wefwefwef/docs/other/6919638687/repo/master/.xml/anchor/anchor_server.xml",
                        "/home/pete/wefwefwef/docs/other/6919638687/repo/master/.xml/anchor/anchor_app.xml",
                        "/home/pete/wefwefwef/docs/other/6919638687/repo/master/.xml/anchor/anchor_protocol.xml",
                        "/home/pete/wefwefwef/docs/other/6919638687/repo/master/.xml/anchor/anchor.xml"]
Generating HTML - anchor_backlog "/home/pete/wefwefwef/docs/other/6919638687/repo/master/.xml/anchor/anchor_backlog.xml"
Generating HTML - anchor_sup "/home/pete/wefwefwef/docs/other/6919638687/repo/master/.xml/anchor/anchor_sup.xml"
Generating HTML - anchor_server "/home/pete/wefwefwef/docs/other/6919638687/repo/master/.xml/anchor/anchor_server.xml"
Generating HTML - anchor "/home/pete/wefwefwef/docs/other/6919638687/repo/master/.xml/anchor/anchor.xml"
Reading XML for "/home/pete/wefwefwef/docs/other/6919638687/repo/master/.xml/anchor/anchor_backlog.xml"
Reading XML for "/home/pete/wefwefwef/docs/other/6919638687/repo/master/.xml/anchor/anchor_sup.xml"
Reading XML for "/home/pete/wefwefwef/docs/other/6919638687/repo/master/.xml/anchor/anchor_server.xml"
Reading XML for "/home/pete/wefwefwef/docs/other/6919638687/repo/master/.xml/anchor/anchor.xml"
Reading XML for "/home/pete/wefwefwef/docs/other/6919638687/repo/master/.xml/specs_anchor_backlog.xml"
Reading XML for "/home/pete/wefwefwef/docs/other/6919638687/repo/master/.xml/specs_anchor_sup.xml"
Reading XML for "/home/pete/wefwefwef/docs/other/6919638687/repo/master/.xml/specs_anchor_server.xml"
Reading XML for "/home/pete/wefwefwef/docs/other/6919638687/repo/master/.xml/specs_anchor.xml"
Generating HTML - anchor_protocol "/home/pete/wefwefwef/docs/other/6919638687/repo/master/.xml/anchor/anchor_protocol.xml"
Reading XML for "/home/pete/wefwefwef/docs/other/6919638687/repo/master/.xml/anchor/anchor_protocol.xml"
Reading XML for "/home/pete/wefwefwef/docs/other/6919638687/repo/master/.xml/specs_anchor_protocol.xml"
Generating HTML - anchor_app "/home/pete/wefwefwef/docs/other/6919638687/repo/master/.xml/anchor/anchor_app.xml"
Reading XML for "/home/pete/wefwefwef/docs/other/6919638687/repo/master/.xml/anchor/anchor_app.xml"
Reading XML for "/home/pete/wefwefwef/docs/other/6919638687/repo/master/.xml/specs_anchor_app.xml"
Creating index.html ...
Creating erldocs_index.js ...
Woot, finished in 0 Minutes 0 Seconds
 :: Discovering other repos
$ 5000  `rm -r '/home/pete/wefwefwef/docs/other/6919638687/anchor-branch-master'  2>&1`
 :: Finishing up
$ 5000  `rm -r '/home/pete/wefwefwef/docs/other/6919638687/anchor'  2>&1`
