 :: Extracting meta information
$ 5000  `git ls-remote --heads --tags 'https://github.com/tensorwrench/lager_extras'  2>&1`
>>> [repo] 1 branches, 0 tags
 :: Writing meta to "/home/pete/wefwefwef/docs/other/8565488352/meta.txt"
 :: Processing https://github.com/tensorwrench/lager_extras	{rev,branch,"master","74f15872b0562302b3cd08280c072ec5e6a03a88"}
 :: Fetching repo code
$ cd "/home/pete/wefwefwef/docs/other/8565488352/lager_extras-branch-master/lager_extras"
$ infinity  `curl --fail --silent --show-error --location --output 'master.zip' 'https://github.com/tensorwrench/lager_extras/archive/master.zip'  2>&1`
$ cd "/home/pete/wefwefwef/docs/erldocs_other.git"
$ cd "/home/pete/wefwefwef/docs/other/8565488352/lager_extras-branch-master/lager_extras"
$ 5000  `find -P . -type l -delete  2>&1`
$ cd "/home/pete/wefwefwef/docs/erldocs_other.git"
$ cd "/home/pete/wefwefwef/docs/other/8565488352/lager_extras-branch-master/lager_extras"
$ 5000  `find 'lager_extras-master' -mindepth 1 -maxdepth 1 -exec mv -t . -- {} +  2>&1`
$ cd "/home/pete/wefwefwef/docs/erldocs_other.git"
 :: Getting dependencies
$ cd "/home/pete/wefwefwef/docs/other/8565488352/lager_extras-branch-master/lager_extras"
$ 5000  `ls -1 deps/  2>&1`
$ cd "/home/pete/wefwefwef/docs/erldocs_other.git"
>>> [rebar] deps = []
 :: Generating erldocs into /home/pete/wefwefwef/docs/other/8565488352/repo/master
Building lager_extras
Generating Type Specs - "/home/pete/wefwefwef/docs/other/8565488352/lager_extras-branch-master/lager_extras/src/lager_ansi_color_decorator.erl"
/home/pete/wefwefwef/docs/other/8565488352/lager_extras-branch-master/lager_extras/src/lager_ansi_color_decorator.erl: at line 34: can't find include lib "lager/include/lager.hrl"
EDoc could not process file '/home/pete/wefwefwef/docs/other/8565488352/lager_extras-branch-master/lager_extras/src/lager_ansi_color_decorator.erl'
Error generating type specs for "/home/pete/wefwefwef/docs/other/8565488352/lager_extras-branch-master/lager_extras/src/lager_ansi_color_decorator.erl"
Generating Type Specs - "/home/pete/wefwefwef/docs/other/8565488352/lager_extras-branch-master/lager_extras/src/lager_extras_mochijson2.erl"
Generating Type Specs - "/home/pete/wefwefwef/docs/other/8565488352/lager_extras-branch-master/lager_extras/src/lager_extras_mochinum.erl"
Generating Type Specs - "/home/pete/wefwefwef/docs/other/8565488352/lager_extras-branch-master/lager_extras/src/lager_gelf_formatter.erl"
/home/pete/wefwefwef/docs/other/8565488352/lager_extras-branch-master/lager_extras/src/lager_gelf_formatter.erl: at line 34: can't find include lib "lager/include/lager.hrl"
EDoc could not process file '/home/pete/wefwefwef/docs/other/8565488352/lager_extras-branch-master/lager_extras/src/lager_gelf_formatter.erl'
Error generating type specs for "/home/pete/wefwefwef/docs/other/8565488352/lager_extras-branch-master/lager_extras/src/lager_gelf_formatter.erl"
Generating Type Specs - "/home/pete/wefwefwef/docs/other/8565488352/lager_extras-branch-master/lager_extras/src/lager_json_formatter.erl"
/home/pete/wefwefwef/docs/other/8565488352/lager_extras-branch-master/lager_extras/src/lager_json_formatter.erl: at line 34: can't find include lib "lager/include/lager.hrl"
EDoc could not process file '/home/pete/wefwefwef/docs/other/8565488352/lager_extras-branch-master/lager_extras/src/lager_json_formatter.erl'
Error generating type specs for "/home/pete/wefwefwef/docs/other/8565488352/lager_extras-branch-master/lager_extras/src/lager_json_formatter.erl"
Generating Type Specs - "/home/pete/wefwefwef/docs/other/8565488352/lager_extras-branch-master/lager_extras/src/lager_udp_backend.erl"
/home/pete/wefwefwef/docs/other/8565488352/lager_extras-branch-master/lager_extras/src/lager_udp_backend.erl: at line 43: can't find include lib "lager/include/lager.hrl"
EDoc could not process file '/home/pete/wefwefwef/docs/other/8565488352/lager_extras-branch-master/lager_extras/src/lager_udp_backend.erl'
Error generating type specs for "/home/pete/wefwefwef/docs/other/8565488352/lager_extras-branch-master/lager_extras/src/lager_udp_backend.erl"
Generating Type Specs - "/home/pete/wefwefwef/docs/other/8565488352/lager_extras-branch-master/lager_extras/src/lager_zlib_decorator.erl"
/home/pete/wefwefwef/docs/other/8565488352/lager_extras-branch-master/lager_extras/src/lager_zlib_decorator.erl: at line 34: can't find include lib "lager/include/lager.hrl"
EDoc could not process file '/home/pete/wefwefwef/docs/other/8565488352/lager_extras-branch-master/lager_extras/src/lager_zlib_decorator.erl'
Error generating type specs for "/home/pete/wefwefwef/docs/other/8565488352/lager_extras-branch-master/lager_extras/src/lager_zlib_decorator.erl"
Generating XML for application lager_extras "/home/pete/wefwefwef/docs/other/8565488352/lager_extras-branch-master/lager_extras" -> "/home/pete/wefwefwef/docs/other/8565488352/repo/master/.xml/lager_extras"
/home/pete/wefwefwef/docs/other/8565488352/lager_extras-branch-master/lager_extras/src/lager_extras_mochijson2.erl, function encoder/1: at line 35: warning: redefining built-in type 'iolist'.
/home/pete/wefwefwef/docs/other/8565488352/lager_extras-branch-master/lager_extras/src/lager_extras_mochijson2.erl, function encoder/1: at line 36: warning: redefining built-in type 'iodata'.
/home/pete/wefwefwef/docs/other/8565488352/lager_extras-branch-master/lager_extras/src/lager_gelf_formatter.erl: at line 34: can't find include lib "lager/include/lager.hrl"
edoc: skipping source file '/home/pete/wefwefwef/docs/other/8565488352/lager_extras-branch-master/lager_extras/src/lager_gelf_formatter.erl': {'EXIT',
                                                                                                                                         error}.
/home/pete/wefwefwef/docs/other/8565488352/lager_extras-branch-master/lager_extras/src/lager_json_formatter.erl: at line 34: can't find include lib "lager/include/lager.hrl"
edoc: skipping source file '/home/pete/wefwefwef/docs/other/8565488352/lager_extras-branch-master/lager_extras/src/lager_json_formatter.erl': {'EXIT',
                                                                                                                                         error}.
/home/pete/wefwefwef/docs/other/8565488352/lager_extras-branch-master/lager_extras/src/lager_ansi_color_decorator.erl: at line 34: can't find include lib "lager/include/lager.hrl"
edoc: skipping source file '/home/pete/wefwefwef/docs/other/8565488352/lager_extras-branch-master/lager_extras/src/lager_ansi_color_decorator.erl': {'EXIT',
                                                                                                                                               error}.
/home/pete/wefwefwef/docs/other/8565488352/lager_extras-branch-master/lager_extras/src/lager_zlib_decorator.erl: at line 34: can't find include lib "lager/include/lager.hrl"
edoc: skipping source file '/home/pete/wefwefwef/docs/other/8565488352/lager_extras-branch-master/lager_extras/src/lager_zlib_decorator.erl': {'EXIT',
                                                                                                                                         error}.
/home/pete/wefwefwef/docs/other/8565488352/lager_extras-branch-master/lager_extras/src/lager_udp_backend.erl: at line 43: can't find include lib "lager/include/lager.hrl"
edoc: skipping source file '/home/pete/wefwefwef/docs/other/8565488352/lager_extras-branch-master/lager_extras/src/lager_udp_backend.erl': {'EXIT',
                                                                                                                                      error}.
edoc: error in doclet 'edoc_doclet': {'EXIT',error}.
Error generating lager_extras XMLs. Using fallback ...
Generating XML lager_extras - lager_ansi_color_decorator "/home/pete/wefwefwef/docs/other/8565488352/lager_extras-branch-master/lager_extras/src/lager_ansi_color_decorator.erl" -> "/home/pete/wefwefwef/docs/other/8565488352/repo/master/.xml/lager_extras/lager_ansi_color_decorator.xml"
/home/pete/wefwefwef/docs/other/8565488352/lager_extras-branch-master/lager_extras/src/lager_ansi_color_decorator.erl: at line 34: can't find include lib "lager/include/lager.hrl"
Error generating XML ("/home/pete/wefwefwef/docs/other/8565488352/lager_extras-branch-master/lager_extras/src/lager_ansi_color_decorator.erl"): {'EXIT',
                                                                                                                                                 error}
Generating XML lager_extras - lager_extras_mochijson2 "/home/pete/wefwefwef/docs/other/8565488352/lager_extras-branch-master/lager_extras/src/lager_extras_mochijson2.erl" -> "/home/pete/wefwefwef/docs/other/8565488352/repo/master/.xml/lager_extras/lager_extras_mochijson2.xml"
/home/pete/wefwefwef/docs/other/8565488352/lager_extras-branch-master/lager_extras/src/lager_extras_mochijson2.erl, function encoder/1: at line 35: warning: redefining built-in type 'iolist'.
/home/pete/wefwefwef/docs/other/8565488352/lager_extras-branch-master/lager_extras/src/lager_extras_mochijson2.erl, function encoder/1: at line 36: warning: redefining built-in type 'iodata'.
Generating XML lager_extras - lager_extras_mochinum "/home/pete/wefwefwef/docs/other/8565488352/lager_extras-branch-master/lager_extras/src/lager_extras_mochinum.erl" -> "/home/pete/wefwefwef/docs/other/8565488352/repo/master/.xml/lager_extras/lager_extras_mochinum.xml"
Generating XML lager_extras - lager_gelf_formatter "/home/pete/wefwefwef/docs/other/8565488352/lager_extras-branch-master/lager_extras/src/lager_gelf_formatter.erl" -> "/home/pete/wefwefwef/docs/other/8565488352/repo/master/.xml/lager_extras/lager_gelf_formatter.xml"
/home/pete/wefwefwef/docs/other/8565488352/lager_extras-branch-master/lager_extras/src/lager_gelf_formatter.erl: at line 34: can't find include lib "lager/include/lager.hrl"
Error generating XML ("/home/pete/wefwefwef/docs/other/8565488352/lager_extras-branch-master/lager_extras/src/lager_gelf_formatter.erl"): {'EXIT',
                                                                                                                                           error}
Generating XML lager_extras - lager_json_formatter "/home/pete/wefwefwef/docs/other/8565488352/lager_extras-branch-master/lager_extras/src/lager_json_formatter.erl" -> "/home/pete/wefwefwef/docs/other/8565488352/repo/master/.xml/lager_extras/lager_json_formatter.xml"
/home/pete/wefwefwef/docs/other/8565488352/lager_extras-branch-master/lager_extras/src/lager_json_formatter.erl: at line 34: can't find include lib "lager/include/lager.hrl"
Error generating XML ("/home/pete/wefwefwef/docs/other/8565488352/lager_extras-branch-master/lager_extras/src/lager_json_formatter.erl"): {'EXIT',
                                                                                                                                           error}
Generating XML lager_extras - lager_udp_backend "/home/pete/wefwefwef/docs/other/8565488352/lager_extras-branch-master/lager_extras/src/lager_udp_backend.erl" -> "/home/pete/wefwefwef/docs/other/8565488352/repo/master/.xml/lager_extras/lager_udp_backend.xml"
/home/pete/wefwefwef/docs/other/8565488352/lager_extras-branch-master/lager_extras/src/lager_udp_backend.erl: at line 43: can't find include lib "lager/include/lager.hrl"
Error generating XML ("/home/pete/wefwefwef/docs/other/8565488352/lager_extras-branch-master/lager_extras/src/lager_udp_backend.erl"): {'EXIT',
                                                                                                                                        error}
Generating XML lager_extras - lager_zlib_decorator "/home/pete/wefwefwef/docs/other/8565488352/lager_extras-branch-master/lager_extras/src/lager_zlib_decorator.erl" -> "/home/pete/wefwefwef/docs/other/8565488352/repo/master/.xml/lager_extras/lager_zlib_decorator.xml"
/home/pete/wefwefwef/docs/other/8565488352/lager_extras-branch-master/lager_extras/src/lager_zlib_decorator.erl: at line 34: can't find include lib "lager/include/lager.hrl"
Error generating XML ("/home/pete/wefwefwef/docs/other/8565488352/lager_extras-branch-master/lager_extras/src/lager_zlib_decorator.erl"): {'EXIT',
                                                                                                                                           error}
Generating HTML - lager_extras_mochijson2 "/home/pete/wefwefwef/docs/other/8565488352/repo/master/.xml/lager_extras/lager_extras_mochijson2.xml"
Reading XML for "/home/pete/wefwefwef/docs/other/8565488352/repo/master/.xml/lager_extras/lager_extras_mochijson2.xml"
Reading XML for "/home/pete/wefwefwef/docs/other/8565488352/repo/master/.xml/specs_lager_extras_mochijson2.xml"
Generating HTML - lager_extras_mochinum "/home/pete/wefwefwef/docs/other/8565488352/repo/master/.xml/lager_extras/lager_extras_mochinum.xml"
Reading XML for "/home/pete/wefwefwef/docs/other/8565488352/repo/master/.xml/lager_extras/lager_extras_mochinum.xml"
Reading XML for "/home/pete/wefwefwef/docs/other/8565488352/repo/master/.xml/specs_lager_extras_mochinum.xml"
Creating index.html ...
Creating erldocs_index.js ...
Woot, finished in 0 Minutes 1 Seconds
 :: Discovering other repos
$ 5000  `rm -r '/home/pete/wefwefwef/docs/other/8565488352/lager_extras-branch-master'  2>&1`
 :: Erldocs finishing up
$ 5000  `rm -r '/home/pete/wefwefwef/docs/other/8565488352/lager_extras'  2>&1`
