 :: Extracting meta information
$ 5000  `git ls-remote --heads --tags 'https://github.com/echou/memcached-client'  2>&1`
>>> [repo] 1 branches, 0 tags
 :: Writing meta to "/home/pete/wefwefwef/docs/other/1469712421/meta.txt"
 :: Processing https://github.com/echou/memcached-client	{rev,branch,"master","4881a499a0b729c242e9b350d08d9a1509652e2c",undefined,[],[]}
 :: Fetching repo code
$ cd "/home/pete/wefwefwef/docs/other/1469712421/memcached-client-branch-master/memcached-client"
$ infinity  `curl --fail --silent --show-error --location --output 'master.zip' 'https://github.com/echou/memcached-client/archive/master.zip'  2>&1`
$ cd "/home/pete/wefwefwef/docs/erldocs_other.git"
$ cd "/home/pete/wefwefwef/docs/other/1469712421/memcached-client-branch-master/memcached-client"
$ 5000  `find -P . -type l -delete  2>&1`
$ cd "/home/pete/wefwefwef/docs/erldocs_other.git"
$ cd "/home/pete/wefwefwef/docs/other/1469712421/memcached-client-branch-master/memcached-client"
$ 5000  `find 'memcached-client-master' -mindepth 1 -maxdepth 1 -exec mv -t . -- {} +  2>&1`
$ cd "/home/pete/wefwefwef/docs/erldocs_other.git"
 :: Getting dependencies
$ cd "/home/pete/wefwefwef/docs/other/1469712421/memcached-client-branch-master/memcached-client"
$ 5000  `ls -1 deps/  2>&1`
$ cd "/home/pete/wefwefwef/docs/erldocs_other.git"
>>> [rebar] deps = []
 :: Generating erldocs into /home/pete/wefwefwef/docs/other/1469712421/repo/master
Building memcached-client
Generating Type Specs - "/home/pete/wefwefwef/docs/other/1469712421/memcached-client-branch-master/memcached-client/src/dynamic_compile.erl"
Generating Type Specs - "/home/pete/wefwefwef/docs/other/1469712421/memcached-client-branch-master/memcached-client/src/mcache.erl"
Generating Type Specs - "/home/pete/wefwefwef/docs/other/1469712421/memcached-client-branch-master/memcached-client/src/mcache_app.erl"
Generating Type Specs - "/home/pete/wefwefwef/docs/other/1469712421/memcached-client-branch-master/memcached-client/src/mcache_config.erl"
Generating Type Specs - "/home/pete/wefwefwef/docs/other/1469712421/memcached-client-branch-master/memcached-client/src/mcache_memcached_drv_sup.erl"
Generating Type Specs - "/home/pete/wefwefwef/docs/other/1469712421/memcached-client-branch-master/memcached-client/src/mcache_test.erl"
/home/pete/wefwefwef/docs/other/1469712421/memcached-client-branch-master/memcached-client/src/mcache_test.erl: at line 17: syntax error before: '.'
EDoc could not process file '/home/pete/wefwefwef/docs/other/1469712421/memcached-client-branch-master/memcached-client/src/mcache_test.erl'
Error generating type specs for "/home/pete/wefwefwef/docs/other/1469712421/memcached-client-branch-master/memcached-client/src/mcache_test.erl"
Generating Type Specs - "/home/pete/wefwefwef/docs/other/1469712421/memcached-client-branch-master/memcached-client/src/mcache_util.erl"
Generating Type Specs - "/home/pete/wefwefwef/docs/other/1469712421/memcached-client-branch-master/memcached-client/src/memcached_drv.erl"
Generating Type Specs - "/home/pete/wefwefwef/docs/other/1469712421/memcached-client-branch-master/memcached-client/src/stresstest.erl"
Generating XML for application memcached-client "/home/pete/wefwefwef/docs/other/1469712421/memcached-client-branch-master/memcached-client" -> "/home/pete/wefwefwef/docs/other/1469712421/repo/master/.xml/memcached-client"
/home/pete/wefwefwef/docs/other/1469712421/memcached-client-branch-master/memcached-client/src/mcache_test.erl: at line 17: syntax error before: '.'
edoc: skipping source file '/home/pete/wefwefwef/docs/other/1469712421/memcached-client-branch-master/memcached-client/src/mcache_test.erl': {'EXIT',
                                                                                                                                        error}.
edoc: error in doclet 'edoc_doclet': {'EXIT',error}.
Error generating memcached-client XMLs. Using fallback ...
Generating XML memcached-client - dynamic_compile "/home/pete/wefwefwef/docs/other/1469712421/memcached-client-branch-master/memcached-client/src/dynamic_compile.erl" -> "/home/pete/wefwefwef/docs/other/1469712421/repo/master/.xml/memcached-client/dynamic_compile.xml"
Generating XML memcached-client - mcache "/home/pete/wefwefwef/docs/other/1469712421/memcached-client-branch-master/memcached-client/src/mcache.erl" -> "/home/pete/wefwefwef/docs/other/1469712421/repo/master/.xml/memcached-client/mcache.xml"
Generating XML memcached-client - mcache_app "/home/pete/wefwefwef/docs/other/1469712421/memcached-client-branch-master/memcached-client/src/mcache_app.erl" -> "/home/pete/wefwefwef/docs/other/1469712421/repo/master/.xml/memcached-client/mcache_app.xml"
Generating XML memcached-client - mcache_config "/home/pete/wefwefwef/docs/other/1469712421/memcached-client-branch-master/memcached-client/src/mcache_config.erl" -> "/home/pete/wefwefwef/docs/other/1469712421/repo/master/.xml/memcached-client/mcache_config.xml"
Generating XML memcached-client - mcache_memcached_drv_sup "/home/pete/wefwefwef/docs/other/1469712421/memcached-client-branch-master/memcached-client/src/mcache_memcached_drv_sup.erl" -> "/home/pete/wefwefwef/docs/other/1469712421/repo/master/.xml/memcached-client/mcache_memcached_drv_sup.xml"
Generating XML memcached-client - mcache_test "/home/pete/wefwefwef/docs/other/1469712421/memcached-client-branch-master/memcached-client/src/mcache_test.erl" -> "/home/pete/wefwefwef/docs/other/1469712421/repo/master/.xml/memcached-client/mcache_test.xml"
/home/pete/wefwefwef/docs/other/1469712421/memcached-client-branch-master/memcached-client/src/mcache_test.erl: at line 17: syntax error before: '.'
Error generating XML ("/home/pete/wefwefwef/docs/other/1469712421/memcached-client-branch-master/memcached-client/src/mcache_test.erl"): {'EXIT',
                                                                                                                                          error}
Generating XML memcached-client - mcache_util "/home/pete/wefwefwef/docs/other/1469712421/memcached-client-branch-master/memcached-client/src/mcache_util.erl" -> "/home/pete/wefwefwef/docs/other/1469712421/repo/master/.xml/memcached-client/mcache_util.xml"
Generating XML memcached-client - memcached_drv "/home/pete/wefwefwef/docs/other/1469712421/memcached-client-branch-master/memcached-client/src/memcached_drv.erl" -> "/home/pete/wefwefwef/docs/other/1469712421/repo/master/.xml/memcached-client/memcached_drv.xml"
Generating XML memcached-client - stresstest "/home/pete/wefwefwef/docs/other/1469712421/memcached-client-branch-master/memcached-client/src/stresstest.erl" -> "/home/pete/wefwefwef/docs/other/1469712421/repo/master/.xml/memcached-client/stresstest.xml"
Generating HTML - memcached_drv "/home/pete/wefwefwef/docs/other/1469712421/repo/master/.xml/memcached-client/memcached_drv.xml"
Generating HTML - mcache_app "/home/pete/wefwefwef/docs/other/1469712421/repo/master/.xml/memcached-client/mcache_app.xml"
Generating HTML - mcache_memcached_drv_sup "/home/pete/wefwefwef/docs/other/1469712421/repo/master/.xml/memcached-client/mcache_memcached_drv_sup.xml"
Generating HTML - dynamic_compile "/home/pete/wefwefwef/docs/other/1469712421/repo/master/.xml/memcached-client/dynamic_compile.xml"
Reading XML for "/home/pete/wefwefwef/docs/other/1469712421/repo/master/.xml/memcached-client/memcached_drv.xml"
Reading XML for "/home/pete/wefwefwef/docs/other/1469712421/repo/master/.xml/memcached-client/mcache_app.xml"
Reading XML for "/home/pete/wefwefwef/docs/other/1469712421/repo/master/.xml/memcached-client/mcache_memcached_drv_sup.xml"
Reading XML for "/home/pete/wefwefwef/docs/other/1469712421/repo/master/.xml/memcached-client/dynamic_compile.xml"
Reading XML for "/home/pete/wefwefwef/docs/other/1469712421/repo/master/.xml/specs_mcache_memcached_drv_sup.xml"
Generating HTML - mcache_util "/home/pete/wefwefwef/docs/other/1469712421/repo/master/.xml/memcached-client/mcache_util.xml"
Reading XML for "/home/pete/wefwefwef/docs/other/1469712421/repo/master/.xml/specs_memcached_drv.xml"
Reading XML for "/home/pete/wefwefwef/docs/other/1469712421/repo/master/.xml/specs_dynamic_compile.xml"
Reading XML for "/home/pete/wefwefwef/docs/other/1469712421/repo/master/.xml/memcached-client/mcache_util.xml"
Reading XML for "/home/pete/wefwefwef/docs/other/1469712421/repo/master/.xml/specs_mcache_app.xml"
Generating HTML - mcache "/home/pete/wefwefwef/docs/other/1469712421/repo/master/.xml/memcached-client/mcache.xml"
Reading XML for "/home/pete/wefwefwef/docs/other/1469712421/repo/master/.xml/memcached-client/mcache.xml"
Generating HTML - mcache_config "/home/pete/wefwefwef/docs/other/1469712421/repo/master/.xml/memcached-client/mcache_config.xml"
Reading XML for "/home/pete/wefwefwef/docs/other/1469712421/repo/master/.xml/memcached-client/mcache_config.xml"
Generating HTML - stresstest "/home/pete/wefwefwef/docs/other/1469712421/repo/master/.xml/memcached-client/stresstest.xml"
Reading XML for "/home/pete/wefwefwef/docs/other/1469712421/repo/master/.xml/memcached-client/stresstest.xml"
Reading XML for "/home/pete/wefwefwef/docs/other/1469712421/repo/master/.xml/specs_mcache_util.xml"
Reading XML for "/home/pete/wefwefwef/docs/other/1469712421/repo/master/.xml/specs_mcache.xml"
Reading XML for "/home/pete/wefwefwef/docs/other/1469712421/repo/master/.xml/specs_mcache_config.xml"
Reading XML for "/home/pete/wefwefwef/docs/other/1469712421/repo/master/.xml/specs_stresstest.xml"
Creating index.html ...
Creating erldocs_index.js ...
Woot, finished in 0 Minutes 1 Seconds
 :: Discovering other repos
$ 5000  `rm -r '/home/pete/wefwefwef/docs/other/1469712421/memcached-client-branch-master'  2>&1`
 :: Finishing up
$ 5000  `rm -r '/home/pete/wefwefwef/docs/other/1469712421/memcached-client'  2>&1`
