 :: Extracting meta information
$ 5000  `git ls-remote --heads --tags 'https://github.com/andrzejsliwa/pair'  2>&1`
>>> [repo] 1 branches, 0 tags
 :: Writing meta to "/home/pete/wefwefwef/docs/other/6872363616/meta.txt"
 :: Processing https://github.com/andrzejsliwa/pair	{rev,branch,"master","300a2e084be4d9648b1933761843d0975d607716"}
 :: Fetching repo code
$ cd "/home/pete/wefwefwef/docs/other/6872363616/pair-branch-master/pair"
$ infinity  `curl --fail --silent --show-error --location --output 'master.zip' 'https://github.com/andrzejsliwa/pair/archive/master.zip'  2>&1`
$ cd "/home/pete/wefwefwef/docs/erldocs_other.git"
$ cd "/home/pete/wefwefwef/docs/other/6872363616/pair-branch-master/pair"
$ 5000  `find -P . -type l -delete  2>&1`
$ cd "/home/pete/wefwefwef/docs/erldocs_other.git"
$ cd "/home/pete/wefwefwef/docs/other/6872363616/pair-branch-master/pair"
$ 5000  `find 'pair-master' -mindepth 1 -maxdepth 1 -exec mv -t . -- {} +  2>&1`
$ cd "/home/pete/wefwefwef/docs/erldocs_other.git"
 :: Getting dependencies
$ cd "/home/pete/wefwefwef/docs/other/6872363616/pair-branch-master/pair"
$ 5000  `ls -1 deps/  2>&1`
$ cd "/home/pete/wefwefwef/docs/erldocs_other.git"
>>> [rebar] deps = []
 :: Generating erldocs into /home/pete/wefwefwef/docs/other/6872363616/repo/master
Building pair
Generating Type Specs - "/home/pete/wefwefwef/docs/other/6872363616/pair-branch-master/pair/src/pair.erl"
Generating XML for application pair "/home/pete/wefwefwef/docs/other/6872363616/pair-branch-master/pair" -> "/home/pete/wefwefwef/docs/other/6872363616/repo/master/.xml/pair"
Generated pair XMLs: ["/home/pete/wefwefwef/docs/other/6872363616/repo/master/.xml/pair/pair.xml"]
Generating HTML - pair "/home/pete/wefwefwef/docs/other/6872363616/repo/master/.xml/pair/pair.xml"
Reading XML for "/home/pete/wefwefwef/docs/other/6872363616/repo/master/.xml/pair/pair.xml"
Reading XML for "/home/pete/wefwefwef/docs/other/6872363616/repo/master/.xml/specs_pair.xml"
Creating index.html ...
Creating erldocs_index.js ...
Woot, finished in 0 Minutes 0 Seconds
 :: Discovering other repos
$ 5000  `rm -r '/home/pete/wefwefwef/docs/other/6872363616/pair-branch-master'  2>&1`
 :: Erldocs finishing up
$ 5000  `rm -r '/home/pete/wefwefwef/docs/other/6872363616/pair'  2>&1`
