 :: Extracting meta information
$ 5000  `git ls-remote --heads --tags 'https://github.com/mad-cocktail/gin'  2>&1`
>>> [repo] 1 branches, 0 tags
 :: Writing meta to "/home/pete/wefwefwef/docs/other/6209667009/meta.txt"
 :: Processing https://github.com/mad-cocktail/gin	{rev,branch,"master","48fe4953d7e5453eba4de9368434a095a44bbe5d"}
 :: Fetching repo code
$ cd "/home/pete/wefwefwef/docs/other/6209667009/gin-branch-master/gin"
$ infinity  `curl --fail --silent --show-error --location --output 'master.zip' 'https://github.com/mad-cocktail/gin/archive/master.zip'  2>&1`
$ cd "/home/pete/wefwefwef/docs/erldocs_other.git"
$ cd "/home/pete/wefwefwef/docs/other/6209667009/gin-branch-master/gin"
$ 5000  `find -P . -type l -delete  2>&1`
$ cd "/home/pete/wefwefwef/docs/erldocs_other.git"
$ cd "/home/pete/wefwefwef/docs/other/6209667009/gin-branch-master/gin"
$ 5000  `find 'gin-master' -mindepth 1 -maxdepth 1 -exec mv -t . -- {} +  2>&1`
$ cd "/home/pete/wefwefwef/docs/erldocs_other.git"
 :: Getting dependencies
$ cd "/home/pete/wefwefwef/docs/other/6209667009/gin-branch-master/gin"
$ 5000  `ls -1 deps/  2>&1`
$ cd "/home/pete/wefwefwef/docs/erldocs_other.git"
>>> [rebar] deps = []
 :: Generating erldocs into /home/pete/wefwefwef/docs/other/6209667009/repo/master
Building gin
Generating Type Specs - "/home/pete/wefwefwef/docs/other/6209667009/gin-branch-master/gin/src/gin.erl"
Generating XML for application gin "/home/pete/wefwefwef/docs/other/6209667009/gin-branch-master/gin" -> "/home/pete/wefwefwef/docs/other/6209667009/repo/master/.xml/gin"
Generated gin XMLs: ["/home/pete/wefwefwef/docs/other/6209667009/repo/master/.xml/gin/gin.xml"]
Generating HTML - gin "/home/pete/wefwefwef/docs/other/6209667009/repo/master/.xml/gin/gin.xml"
Reading XML for "/home/pete/wefwefwef/docs/other/6209667009/repo/master/.xml/gin/gin.xml"
Reading XML for "/home/pete/wefwefwef/docs/other/6209667009/repo/master/.xml/specs_gin.xml"
Creating index.html ...
Creating erldocs_index.js ...
Woot, finished in 0 Minutes 0 Seconds
 :: Discovering other repos
$ 5000  `rm -r '/home/pete/wefwefwef/docs/other/6209667009/gin-branch-master'  2>&1`
 :: Erldocs finishing up
$ 5000  `rm -r '/home/pete/wefwefwef/docs/other/6209667009/gin'  2>&1`
