 :: Extracting meta information
$ 5000  `git ls-remote --heads --tags 'https://github.com/jacy/op'  2>&1`
>>> [repo] 1 branches, 0 tags
 :: Writing meta to "/home/pete/wefwefwef/docs/other/2912510991/meta.txt"
 :: Processing https://github.com/jacy/op	{rev,branch,"master","b2b3d918e38953c2aaf65fbadc68a6ddbf309e0b"}
 :: Fetching repo code
$ cd "/home/pete/wefwefwef/docs/other/2912510991/op-branch-master/op"
$ infinity  `curl --fail --silent --show-error --location --output 'master.zip' 'https://github.com/jacy/op/archive/master.zip'  2>&1`
$ cd "/home/pete/wefwefwef/docs/erldocs_other.git"
$ cd "/home/pete/wefwefwef/docs/other/2912510991/op-branch-master/op"
$ 5000  `find -P . -type l -delete  2>&1`
$ cd "/home/pete/wefwefwef/docs/erldocs_other.git"
$ cd "/home/pete/wefwefwef/docs/other/2912510991/op-branch-master/op"
$ 5000  `find 'op-master' -mindepth 1 -maxdepth 1 -exec mv -t . -- {} +  2>&1`
$ cd "/home/pete/wefwefwef/docs/erldocs_other.git"
 :: Getting dependencies
$ cd "/home/pete/wefwefwef/docs/other/2912510991/op-branch-master/op"
$ 5000  `ls -1 deps/  2>&1`
$ cd "/home/pete/wefwefwef/docs/erldocs_other.git"
>>> [rebar] deps = []
 :: Generating erldocs into /home/pete/wefwefwef/docs/other/2912510991/repo/master
Building op
Generating Type Specs - "/home/pete/wefwefwef/docs/other/2912510991/op-branch-master/op/src/ante.erl"
Generating Type Specs - "/home/pete/wefwefwef/docs/other/2912510991/op-branch-master/op/src/barrier.erl"
Generating Type Specs - "/home/pete/wefwefwef/docs/other/2912510991/op-branch-master/op/src/bb.erl"
Generating Type Specs - "/home/pete/wefwefwef/docs/other/2912510991/op-branch-master/op/src/betting.erl"
Generating Type Specs - "/home/pete/wefwefwef/docs/other/2912510991/op-branch-master/op/src/bits.erl"
Generating Type Specs - "/home/pete/wefwefwef/docs/other/2912510991/op-branch-master/op/src/blinds.erl"
Generating Type Specs - "/home/pete/wefwefwef/docs/other/2912510991/op-branch-master/op/src/bot.erl"
Generating Type Specs - "/home/pete/wefwefwef/docs/other/2912510991/op-branch-master/op/src/counter.erl"
Generating Type Specs - "/home/pete/wefwefwef/docs/other/2912510991/op-branch-master/op/src/db.erl"
Generating Type Specs - "/home/pete/wefwefwef/docs/other/2912510991/op-branch-master/op/src/deal_cards.erl"
Generating Type Specs - "/home/pete/wefwefwef/docs/other/2912510991/op-branch-master/op/src/deck.erl"
Generating Type Specs - "/home/pete/wefwefwef/docs/other/2912510991/op-branch-master/op/src/delay.erl"
Generating Type Specs - "/home/pete/wefwefwef/docs/other/2912510991/op-branch-master/op/src/delayed_exit.erl"
Generating Type Specs - "/home/pete/wefwefwef/docs/other/2912510991/op-branch-master/op/src/dmb.erl"
Generating Type Specs - "/home/pete/wefwefwef/docs/other/2912510991/op-branch-master/op/src/dumbo.erl"
Generating Type Specs - "/home/pete/wefwefwef/docs/other/2912510991/op-branch-master/op/src/exch.erl"
Generating Type Specs - "/home/pete/wefwefwef/docs/other/2912510991/op-branch-master/op/src/fixed_limit.erl"
Generating Type Specs - "/home/pete/wefwefwef/docs/other/2912510991/op-branch-master/op/src/g.erl"
Generating Type Specs - "/home/pete/wefwefwef/docs/other/2912510991/op-branch-master/op/src/game.erl"
Generating Type Specs - "/home/pete/wefwefwef/docs/other/2912510991/op-branch-master/op/src/game_start.erl"
Generating Type Specs - "/home/pete/wefwefwef/docs/other/2912510991/op-branch-master/op/src/game_wait_players.erl"
Generating Type Specs - "/home/pete/wefwefwef/docs/other/2912510991/op-branch-master/op/src/gateway.erl"
Generating Type Specs - "/home/pete/wefwefwef/docs/other/2912510991/op-branch-master/op/src/hand.erl"
Generating Type Specs - "/home/pete/wefwefwef/docs/other/2912510991/op-branch-master/op/src/id.erl"
Generating Type Specs - "/home/pete/wefwefwef/docs/other/2912510991/op-branch-master/op/src/ircdb.erl"
Generating Type Specs - "/home/pete/wefwefwef/docs/other/2912510991/op-branch-master/op/src/lang.erl"
Generating Type Specs - "/home/pete/wefwefwef/docs/other/2912510991/op-branch-master/op/src/limit.erl"
Generating Type Specs - "/home/pete/wefwefwef/docs/other/2912510991/op-branch-master/op/src/login.erl"
Generating Type Specs - "/home/pete/wefwefwef/docs/other/2912510991/op-branch-master/op/src/mb.erl"
Generating Type Specs - "/home/pete/wefwefwef/docs/other/2912510991/op-branch-master/op/src/mbu.erl"
Generating Type Specs - "/home/pete/wefwefwef/docs/other/2912510991/op-branch-master/op/src/no_limit.erl"
Generating Type Specs - "/home/pete/wefwefwef/docs/other/2912510991/op-branch-master/op/src/observer.erl"
Generating Type Specs - "/home/pete/wefwefwef/docs/other/2912510991/op-branch-master/op/src/pickle.erl"
Generating Type Specs - "/home/pete/wefwefwef/docs/other/2912510991/op-branch-master/op/src/player.erl"
Generating Type Specs - "/home/pete/wefwefwef/docs/other/2912510991/op-branch-master/op/src/pot.erl"
Generating Type Specs - "/home/pete/wefwefwef/docs/other/2912510991/op-branch-master/op/src/pot_limit.erl"
Generating Type Specs - "/home/pete/wefwefwef/docs/other/2912510991/op-branch-master/op/src/pp.erl"
Generating Type Specs - "/home/pete/wefwefwef/docs/other/2912510991/op-branch-master/op/src/restart.erl"
Generating Type Specs - "/home/pete/wefwefwef/docs/other/2912510991/op-branch-master/op/src/schema.erl"
Generating Type Specs - "/home/pete/wefwefwef/docs/other/2912510991/op-branch-master/op/src/server.erl"
Generating Type Specs - "/home/pete/wefwefwef/docs/other/2912510991/op-branch-master/op/src/showdown.erl"
Generating Type Specs - "/home/pete/wefwefwef/docs/other/2912510991/op-branch-master/op/src/stats.erl"
Generating Type Specs - "/home/pete/wefwefwef/docs/other/2912510991/op-branch-master/op/src/t.erl"
Generating Type Specs - "/home/pete/wefwefwef/docs/other/2912510991/op-branch-master/op/src/tcp_server.erl"
Generating Type Specs - "/home/pete/wefwefwef/docs/other/2912510991/op-branch-master/op/src/test.erl"
Generating Type Specs - "/home/pete/wefwefwef/docs/other/2912510991/op-branch-master/op/src/tourney.erl"
Generating Type Specs - "/home/pete/wefwefwef/docs/other/2912510991/op-branch-master/op/src/tourney_game_start.erl"
Generating Type Specs - "/home/pete/wefwefwef/docs/other/2912510991/op-branch-master/op/src/tourney_wait_players.erl"
Generating Type Specs - "/home/pete/wefwefwef/docs/other/2912510991/op-branch-master/op/src/tourney_wait_timer.erl"
Generating Type Specs - "/home/pete/wefwefwef/docs/other/2912510991/op-branch-master/op/src/util.erl"
Generating Type Specs - "/home/pete/wefwefwef/docs/other/2912510991/op-branch-master/op/src/visitor.erl"
Generating XML for application op "/home/pete/wefwefwef/docs/other/2912510991/op-branch-master/op" -> "/home/pete/wefwefwef/docs/other/2912510991/repo/master/.xml/op"
Generated op XMLs: ["/home/pete/wefwefwef/docs/other/2912510991/repo/master/.xml/op/visitor.xml",
                    "/home/pete/wefwefwef/docs/other/2912510991/repo/master/.xml/op/g.xml",
                    "/home/pete/wefwefwef/docs/other/2912510991/repo/master/.xml/op/server.xml",
                    "/home/pete/wefwefwef/docs/other/2912510991/repo/master/.xml/op/pp.xml",
                    "/home/pete/wefwefwef/docs/other/2912510991/repo/master/.xml/op/restart.xml",
                    "/home/pete/wefwefwef/docs/other/2912510991/repo/master/.xml/op/exch.xml",
                    "/home/pete/wefwefwef/docs/other/2912510991/repo/master/.xml/op/pot.xml",
                    "/home/pete/wefwefwef/docs/other/2912510991/repo/master/.xml/op/limit.xml",
                    "/home/pete/wefwefwef/docs/other/2912510991/repo/master/.xml/op/test.xml",
                    "/home/pete/wefwefwef/docs/other/2912510991/repo/master/.xml/op/id.xml",
                    "/home/pete/wefwefwef/docs/other/2912510991/repo/master/.xml/op/pickle.xml",
                    "/home/pete/wefwefwef/docs/other/2912510991/repo/master/.xml/op/mb.xml",
                    "/home/pete/wefwefwef/docs/other/2912510991/repo/master/.xml/op/hand.xml",
                    "/home/pete/wefwefwef/docs/other/2912510991/repo/master/.xml/op/deck.xml",
                    "/home/pete/wefwefwef/docs/other/2912510991/repo/master/.xml/op/dumbo.xml",
                    "/home/pete/wefwefwef/docs/other/2912510991/repo/master/.xml/op/bot.xml",
                    "/home/pete/wefwefwef/docs/other/2912510991/repo/master/.xml/op/stats.xml",
                    "/home/pete/wefwefwef/docs/other/2912510991/repo/master/.xml/op/ircdb.xml",
                    "/home/pete/wefwefwef/docs/other/2912510991/repo/master/.xml/op/pot_limit.xml",
                    "/home/pete/wefwefwef/docs/other/2912510991/repo/master/.xml/op/delayed_exit.xml",
                    "/home/pete/wefwefwef/docs/other/2912510991/repo/master/.xml/op/util.xml",
                    "/home/pete/wefwefwef/docs/other/2912510991/repo/master/.xml/op/player.xml",
                    "/home/pete/wefwefwef/docs/other/2912510991/repo/master/.xml/op/game_wait_players.xml",
                    "/home/pete/wefwefwef/docs/other/2912510991/repo/master/.xml/op/tourney_wait_players.xml",
                    "/home/pete/wefwefwef/docs/other/2912510991/repo/master/.xml/op/login.xml",
                    "/home/pete/wefwefwef/docs/other/2912510991/repo/master/.xml/op/schema.xml",
                    "/home/pete/wefwefwef/docs/other/2912510991/repo/master/.xml/op/game.xml",
                    "/home/pete/wefwefwef/docs/other/2912510991/repo/master/.xml/op/fixed_limit.xml",
                    "/home/pete/wefwefwef/docs/other/2912510991/repo/master/.xml/op/gateway.xml",
                    "/home/pete/wefwefwef/docs/other/2912510991/repo/master/.xml/op/bits.xml",
                    "/home/pete/wefwefwef/docs/other/2912510991/repo/master/.xml/op/bb.xml",
                    "/home/pete/wefwefwef/docs/other/2912510991/repo/master/.xml/op/no_limit.xml",
                    "/home/pete/wefwefwef/docs/other/2912510991/repo/master/.xml/op/mbu.xml",
                    "/home/pete/wefwefwef/docs/other/2912510991/repo/master/.xml/op/t.xml",
                    "/home/pete/wefwefwef/docs/other/2912510991/repo/master/.xml/op/showdown.xml",
                    "/home/pete/wefwefwef/docs/other/2912510991/repo/master/.xml/op/betting.xml",
                    "/home/pete/wefwefwef/docs/other/2912510991/repo/master/.xml/op/tourney.xml",
                    "/home/pete/wefwefwef/docs/other/2912510991/repo/master/.xml/op/blinds.xml",
                    "/home/pete/wefwefwef/docs/other/2912510991/repo/master/.xml/op/lang.xml",
                    "/home/pete/wefwefwef/docs/other/2912510991/repo/master/.xml/op/barrier.xml",
                    "/home/pete/wefwefwef/docs/other/2912510991/repo/master/.xml/op/tcp_server.xml",
                    "/home/pete/wefwefwef/docs/other/2912510991/repo/master/.xml/op/db.xml",
                    "/home/pete/wefwefwef/docs/other/2912510991/repo/master/.xml/op/tourney_wait_timer.xml",
                    "/home/pete/wefwefwef/docs/other/2912510991/repo/master/.xml/op/tourney_game_start.xml",
                    "/home/pete/wefwefwef/docs/other/2912510991/repo/master/.xml/op/counter.xml",
                    "/home/pete/wefwefwef/docs/other/2912510991/repo/master/.xml/op/deal_cards.xml",
                    "/home/pete/wefwefwef/docs/other/2912510991/repo/master/.xml/op/delay.xml",
                    "/home/pete/wefwefwef/docs/other/2912510991/repo/master/.xml/op/dmb.xml",
                    "/home/pete/wefwefwef/docs/other/2912510991/repo/master/.xml/op/observer.xml",
                    "/home/pete/wefwefwef/docs/other/2912510991/repo/master/.xml/op/game_start.xml",
                    "/home/pete/wefwefwef/docs/other/2912510991/repo/master/.xml/op/ante.xml"]
Generating HTML - mb "/home/pete/wefwefwef/docs/other/2912510991/repo/master/.xml/op/mb.xml"
Generating HTML - tourney_wait_players "/home/pete/wefwefwef/docs/other/2912510991/repo/master/.xml/op/tourney_wait_players.xml"
Generating HTML - betting "/home/pete/wefwefwef/docs/other/2912510991/repo/master/.xml/op/betting.xml"
Generating HTML - ante "/home/pete/wefwefwef/docs/other/2912510991/repo/master/.xml/op/ante.xml"
Reading XML for "/home/pete/wefwefwef/docs/other/2912510991/repo/master/.xml/op/mb.xml"
Reading XML for "/home/pete/wefwefwef/docs/other/2912510991/repo/master/.xml/op/tourney_wait_players.xml"
Reading XML for "/home/pete/wefwefwef/docs/other/2912510991/repo/master/.xml/op/betting.xml"
Reading XML for "/home/pete/wefwefwef/docs/other/2912510991/repo/master/.xml/op/ante.xml"
Reading XML for "/home/pete/wefwefwef/docs/other/2912510991/repo/master/.xml/specs_mb.xml"
Reading XML for "/home/pete/wefwefwef/docs/other/2912510991/repo/master/.xml/specs_tourney_wait_players.xml"
Reading XML for "/home/pete/wefwefwef/docs/other/2912510991/repo/master/.xml/specs_betting.xml"
Reading XML for "/home/pete/wefwefwef/docs/other/2912510991/repo/master/.xml/specs_ante.xml"
Generating HTML - game_wait_players "/home/pete/wefwefwef/docs/other/2912510991/repo/master/.xml/op/game_wait_players.xml"
Reading XML for "/home/pete/wefwefwef/docs/other/2912510991/repo/master/.xml/op/game_wait_players.xml"
Generating HTML - pickle "/home/pete/wefwefwef/docs/other/2912510991/repo/master/.xml/op/pickle.xml"
Reading XML for "/home/pete/wefwefwef/docs/other/2912510991/repo/master/.xml/op/pickle.xml"
Generating HTML - showdown "/home/pete/wefwefwef/docs/other/2912510991/repo/master/.xml/op/showdown.xml"
Reading XML for "/home/pete/wefwefwef/docs/other/2912510991/repo/master/.xml/op/showdown.xml"
Generating HTML - game_start "/home/pete/wefwefwef/docs/other/2912510991/repo/master/.xml/op/game_start.xml"
Reading XML for "/home/pete/wefwefwef/docs/other/2912510991/repo/master/.xml/op/game_start.xml"
Reading XML for "/home/pete/wefwefwef/docs/other/2912510991/repo/master/.xml/specs_game_wait_players.xml"
Reading XML for "/home/pete/wefwefwef/docs/other/2912510991/repo/master/.xml/specs_pickle.xml"
Generating HTML - id "/home/pete/wefwefwef/docs/other/2912510991/repo/master/.xml/op/id.xml"
Reading XML for "/home/pete/wefwefwef/docs/other/2912510991/repo/master/.xml/op/id.xml"
Generating HTML - player "/home/pete/wefwefwef/docs/other/2912510991/repo/master/.xml/op/player.xml"
Reading XML for "/home/pete/wefwefwef/docs/other/2912510991/repo/master/.xml/specs_showdown.xml"
Reading XML for "/home/pete/wefwefwef/docs/other/2912510991/repo/master/.xml/op/player.xml"
Reading XML for "/home/pete/wefwefwef/docs/other/2912510991/repo/master/.xml/specs_game_start.xml"
Generating HTML - t "/home/pete/wefwefwef/docs/other/2912510991/repo/master/.xml/op/t.xml"
Reading XML for "/home/pete/wefwefwef/docs/other/2912510991/repo/master/.xml/op/t.xml"
Generating HTML - observer "/home/pete/wefwefwef/docs/other/2912510991/repo/master/.xml/op/observer.xml"
Reading XML for "/home/pete/wefwefwef/docs/other/2912510991/repo/master/.xml/op/observer.xml"
Reading XML for "/home/pete/wefwefwef/docs/other/2912510991/repo/master/.xml/specs_id.xml"
Reading XML for "/home/pete/wefwefwef/docs/other/2912510991/repo/master/.xml/specs_observer.xml"
Reading XML for "/home/pete/wefwefwef/docs/other/2912510991/repo/master/.xml/specs_player.xml"
Generating HTML - test "/home/pete/wefwefwef/docs/other/2912510991/repo/master/.xml/op/test.xml"
Reading XML for "/home/pete/wefwefwef/docs/other/2912510991/repo/master/.xml/specs_t.xml"
Reading XML for "/home/pete/wefwefwef/docs/other/2912510991/repo/master/.xml/op/test.xml"
Generating HTML - dmb "/home/pete/wefwefwef/docs/other/2912510991/repo/master/.xml/op/dmb.xml"
Reading XML for "/home/pete/wefwefwef/docs/other/2912510991/repo/master/.xml/op/dmb.xml"
Generating HTML - mbu "/home/pete/wefwefwef/docs/other/2912510991/repo/master/.xml/op/mbu.xml"
Reading XML for "/home/pete/wefwefwef/docs/other/2912510991/repo/master/.xml/op/mbu.xml"
Generating HTML - util "/home/pete/wefwefwef/docs/other/2912510991/repo/master/.xml/op/util.xml"
Reading XML for "/home/pete/wefwefwef/docs/other/2912510991/repo/master/.xml/op/util.xml"
Reading XML for "/home/pete/wefwefwef/docs/other/2912510991/repo/master/.xml/specs_test.xml"
Reading XML for "/home/pete/wefwefwef/docs/other/2912510991/repo/master/.xml/specs_dmb.xml"
Generating HTML - limit "/home/pete/wefwefwef/docs/other/2912510991/repo/master/.xml/op/limit.xml"
Reading XML for "/home/pete/wefwefwef/docs/other/2912510991/repo/master/.xml/op/limit.xml"
Reading XML for "/home/pete/wefwefwef/docs/other/2912510991/repo/master/.xml/specs_mbu.xml"
Generating HTML - delay "/home/pete/wefwefwef/docs/other/2912510991/repo/master/.xml/op/delay.xml"
Reading XML for "/home/pete/wefwefwef/docs/other/2912510991/repo/master/.xml/specs_util.xml"
Reading XML for "/home/pete/wefwefwef/docs/other/2912510991/repo/master/.xml/op/delay.xml"
Generating HTML - delayed_exit "/home/pete/wefwefwef/docs/other/2912510991/repo/master/.xml/op/delayed_exit.xml"
Generating HTML - no_limit "/home/pete/wefwefwef/docs/other/2912510991/repo/master/.xml/op/no_limit.xml"
Reading XML for "/home/pete/wefwefwef/docs/other/2912510991/repo/master/.xml/op/delayed_exit.xml"
Reading XML for "/home/pete/wefwefwef/docs/other/2912510991/repo/master/.xml/op/no_limit.xml"
Reading XML for "/home/pete/wefwefwef/docs/other/2912510991/repo/master/.xml/specs_limit.xml"
Reading XML for "/home/pete/wefwefwef/docs/other/2912510991/repo/master/.xml/specs_delay.xml"
Generating HTML - pot "/home/pete/wefwefwef/docs/other/2912510991/repo/master/.xml/op/pot.xml"
Reading XML for "/home/pete/wefwefwef/docs/other/2912510991/repo/master/.xml/op/pot.xml"
Generating HTML - deal_cards "/home/pete/wefwefwef/docs/other/2912510991/repo/master/.xml/op/deal_cards.xml"
Reading XML for "/home/pete/wefwefwef/docs/other/2912510991/repo/master/.xml/op/deal_cards.xml"
Reading XML for "/home/pete/wefwefwef/docs/other/2912510991/repo/master/.xml/specs_delayed_exit.xml"
Reading XML for "/home/pete/wefwefwef/docs/other/2912510991/repo/master/.xml/specs_no_limit.xml"
Generating HTML - pot_limit "/home/pete/wefwefwef/docs/other/2912510991/repo/master/.xml/op/pot_limit.xml"
Reading XML for "/home/pete/wefwefwef/docs/other/2912510991/repo/master/.xml/op/pot_limit.xml"
Generating HTML - bb "/home/pete/wefwefwef/docs/other/2912510991/repo/master/.xml/op/bb.xml"
Reading XML for "/home/pete/wefwefwef/docs/other/2912510991/repo/master/.xml/op/bb.xml"
Reading XML for "/home/pete/wefwefwef/docs/other/2912510991/repo/master/.xml/specs_pot.xml"
Reading XML for "/home/pete/wefwefwef/docs/other/2912510991/repo/master/.xml/specs_deal_cards.xml"
Generating HTML - counter "/home/pete/wefwefwef/docs/other/2912510991/repo/master/.xml/op/counter.xml"
Reading XML for "/home/pete/wefwefwef/docs/other/2912510991/repo/master/.xml/op/counter.xml"
Generating HTML - exch "/home/pete/wefwefwef/docs/other/2912510991/repo/master/.xml/op/exch.xml"
Reading XML for "/home/pete/wefwefwef/docs/other/2912510991/repo/master/.xml/op/exch.xml"
Reading XML for "/home/pete/wefwefwef/docs/other/2912510991/repo/master/.xml/specs_pot_limit.xml"
Generating HTML - ircdb "/home/pete/wefwefwef/docs/other/2912510991/repo/master/.xml/op/ircdb.xml"
Reading XML for "/home/pete/wefwefwef/docs/other/2912510991/repo/master/.xml/op/ircdb.xml"
Reading XML for "/home/pete/wefwefwef/docs/other/2912510991/repo/master/.xml/specs_bb.xml"
Generating HTML - bits "/home/pete/wefwefwef/docs/other/2912510991/repo/master/.xml/op/bits.xml"
Reading XML for "/home/pete/wefwefwef/docs/other/2912510991/repo/master/.xml/op/bits.xml"
Reading XML for "/home/pete/wefwefwef/docs/other/2912510991/repo/master/.xml/specs_counter.xml"
Generating HTML - tourney_game_start "/home/pete/wefwefwef/docs/other/2912510991/repo/master/.xml/op/tourney_game_start.xml"
Reading XML for "/home/pete/wefwefwef/docs/other/2912510991/repo/master/.xml/op/tourney_game_start.xml"
Reading XML for "/home/pete/wefwefwef/docs/other/2912510991/repo/master/.xml/specs_exch.xml"
Reading XML for "/home/pete/wefwefwef/docs/other/2912510991/repo/master/.xml/specs_ircdb.xml"
Generating HTML - restart "/home/pete/wefwefwef/docs/other/2912510991/repo/master/.xml/op/restart.xml"
Reading XML for "/home/pete/wefwefwef/docs/other/2912510991/repo/master/.xml/op/restart.xml"
Generating HTML - stats "/home/pete/wefwefwef/docs/other/2912510991/repo/master/.xml/op/stats.xml"
Reading XML for "/home/pete/wefwefwef/docs/other/2912510991/repo/master/.xml/op/stats.xml"
Reading XML for "/home/pete/wefwefwef/docs/other/2912510991/repo/master/.xml/specs_bits.xml"
Generating HTML - gateway "/home/pete/wefwefwef/docs/other/2912510991/repo/master/.xml/op/gateway.xml"
Reading XML for "/home/pete/wefwefwef/docs/other/2912510991/repo/master/.xml/op/gateway.xml"
Reading XML for "/home/pete/wefwefwef/docs/other/2912510991/repo/master/.xml/specs_tourney_game_start.xml"
Generating HTML - tourney_wait_timer "/home/pete/wefwefwef/docs/other/2912510991/repo/master/.xml/op/tourney_wait_timer.xml"
Reading XML for "/home/pete/wefwefwef/docs/other/2912510991/repo/master/.xml/op/tourney_wait_timer.xml"
Reading XML for "/home/pete/wefwefwef/docs/other/2912510991/repo/master/.xml/specs_stats.xml"
Reading XML for "/home/pete/wefwefwef/docs/other/2912510991/repo/master/.xml/specs_restart.xml"
Generating HTML - pp "/home/pete/wefwefwef/docs/other/2912510991/repo/master/.xml/op/pp.xml"
Reading XML for "/home/pete/wefwefwef/docs/other/2912510991/repo/master/.xml/op/pp.xml"
Generating HTML - bot "/home/pete/wefwefwef/docs/other/2912510991/repo/master/.xml/op/bot.xml"
Reading XML for "/home/pete/wefwefwef/docs/other/2912510991/repo/master/.xml/op/bot.xml"
Reading XML for "/home/pete/wefwefwef/docs/other/2912510991/repo/master/.xml/specs_gateway.xml"
Reading XML for "/home/pete/wefwefwef/docs/other/2912510991/repo/master/.xml/specs_tourney_wait_timer.xml"
Generating HTML - fixed_limit "/home/pete/wefwefwef/docs/other/2912510991/repo/master/.xml/op/fixed_limit.xml"
Reading XML for "/home/pete/wefwefwef/docs/other/2912510991/repo/master/.xml/op/fixed_limit.xml"
Generating HTML - db "/home/pete/wefwefwef/docs/other/2912510991/repo/master/.xml/op/db.xml"
Reading XML for "/home/pete/wefwefwef/docs/other/2912510991/repo/master/.xml/op/db.xml"
Reading XML for "/home/pete/wefwefwef/docs/other/2912510991/repo/master/.xml/specs_pp.xml"
Reading XML for "/home/pete/wefwefwef/docs/other/2912510991/repo/master/.xml/specs_bot.xml"
Generating HTML - server "/home/pete/wefwefwef/docs/other/2912510991/repo/master/.xml/op/server.xml"
Reading XML for "/home/pete/wefwefwef/docs/other/2912510991/repo/master/.xml/op/server.xml"
Generating HTML - dumbo "/home/pete/wefwefwef/docs/other/2912510991/repo/master/.xml/op/dumbo.xml"
Reading XML for "/home/pete/wefwefwef/docs/other/2912510991/repo/master/.xml/op/dumbo.xml"
Reading XML for "/home/pete/wefwefwef/docs/other/2912510991/repo/master/.xml/specs_fixed_limit.xml"
Reading XML for "/home/pete/wefwefwef/docs/other/2912510991/repo/master/.xml/specs_db.xml"
Generating HTML - game "/home/pete/wefwefwef/docs/other/2912510991/repo/master/.xml/op/game.xml"
Reading XML for "/home/pete/wefwefwef/docs/other/2912510991/repo/master/.xml/op/game.xml"
Generating HTML - tcp_server "/home/pete/wefwefwef/docs/other/2912510991/repo/master/.xml/op/tcp_server.xml"
Reading XML for "/home/pete/wefwefwef/docs/other/2912510991/repo/master/.xml/op/tcp_server.xml"
Reading XML for "/home/pete/wefwefwef/docs/other/2912510991/repo/master/.xml/specs_server.xml"
Reading XML for "/home/pete/wefwefwef/docs/other/2912510991/repo/master/.xml/specs_dumbo.xml"
Generating HTML - g "/home/pete/wefwefwef/docs/other/2912510991/repo/master/.xml/op/g.xml"
Reading XML for "/home/pete/wefwefwef/docs/other/2912510991/repo/master/.xml/op/g.xml"
Generating HTML - deck "/home/pete/wefwefwef/docs/other/2912510991/repo/master/.xml/op/deck.xml"
Reading XML for "/home/pete/wefwefwef/docs/other/2912510991/repo/master/.xml/op/deck.xml"
Reading XML for "/home/pete/wefwefwef/docs/other/2912510991/repo/master/.xml/specs_game.xml"
Generating HTML - schema "/home/pete/wefwefwef/docs/other/2912510991/repo/master/.xml/op/schema.xml"
Reading XML for "/home/pete/wefwefwef/docs/other/2912510991/repo/master/.xml/specs_tcp_server.xml"
Reading XML for "/home/pete/wefwefwef/docs/other/2912510991/repo/master/.xml/op/schema.xml"
Generating HTML - barrier "/home/pete/wefwefwef/docs/other/2912510991/repo/master/.xml/op/barrier.xml"
Reading XML for "/home/pete/wefwefwef/docs/other/2912510991/repo/master/.xml/op/barrier.xml"
Reading XML for "/home/pete/wefwefwef/docs/other/2912510991/repo/master/.xml/specs_g.xml"
Reading XML for "/home/pete/wefwefwef/docs/other/2912510991/repo/master/.xml/specs_deck.xml"
Generating HTML - hand "/home/pete/wefwefwef/docs/other/2912510991/repo/master/.xml/op/hand.xml"
Reading XML for "/home/pete/wefwefwef/docs/other/2912510991/repo/master/.xml/op/hand.xml"
Generating HTML - visitor "/home/pete/wefwefwef/docs/other/2912510991/repo/master/.xml/op/visitor.xml"
Reading XML for "/home/pete/wefwefwef/docs/other/2912510991/repo/master/.xml/op/visitor.xml"
Reading XML for "/home/pete/wefwefwef/docs/other/2912510991/repo/master/.xml/specs_schema.xml"
Generating HTML - login "/home/pete/wefwefwef/docs/other/2912510991/repo/master/.xml/op/login.xml"
Reading XML for "/home/pete/wefwefwef/docs/other/2912510991/repo/master/.xml/op/login.xml"
Reading XML for "/home/pete/wefwefwef/docs/other/2912510991/repo/master/.xml/specs_barrier.xml"
Generating HTML - lang "/home/pete/wefwefwef/docs/other/2912510991/repo/master/.xml/op/lang.xml"
Reading XML for "/home/pete/wefwefwef/docs/other/2912510991/repo/master/.xml/op/lang.xml"
Reading XML for "/home/pete/wefwefwef/docs/other/2912510991/repo/master/.xml/specs_visitor.xml"
Reading XML for "/home/pete/wefwefwef/docs/other/2912510991/repo/master/.xml/specs_hand.xml"
Reading XML for "/home/pete/wefwefwef/docs/other/2912510991/repo/master/.xml/specs_login.xml"
Reading XML for "/home/pete/wefwefwef/docs/other/2912510991/repo/master/.xml/specs_lang.xml"
Generating HTML - blinds "/home/pete/wefwefwef/docs/other/2912510991/repo/master/.xml/op/blinds.xml"
Reading XML for "/home/pete/wefwefwef/docs/other/2912510991/repo/master/.xml/op/blinds.xml"
Reading XML for "/home/pete/wefwefwef/docs/other/2912510991/repo/master/.xml/specs_blinds.xml"
Generating HTML - tourney "/home/pete/wefwefwef/docs/other/2912510991/repo/master/.xml/op/tourney.xml"
Reading XML for "/home/pete/wefwefwef/docs/other/2912510991/repo/master/.xml/op/tourney.xml"
Reading XML for "/home/pete/wefwefwef/docs/other/2912510991/repo/master/.xml/specs_tourney.xml"
Creating index.html ...
Creating erldocs_index.js ...
Woot, finished in 0 Minutes 8 Seconds
 :: Discovering other repos
$ 5000  `rm -r '/home/pete/wefwefwef/docs/other/2912510991/op-branch-master'  2>&1`
 :: Erldocs finishing up
$ 5000  `rm -r '/home/pete/wefwefwef/docs/other/2912510991/op'  2>&1`
