 :: Extracting meta information
$ 5000  `git ls-remote --heads --tags 'https://github.com/segun/erlog'  2>&1`
>>> [repo] 2 branches, 0 tags
 :: Writing meta to "/home/pete/wefwefwef/docs/other/3150682327/meta.txt"
 :: Processing https://github.com/segun/erlog	{rev,branch,"devel","dbbb5ebf0c9350a2d415bb93683372e33a6b2e48",undefined,[],[]}
 :: Fetching repo code
$ cd "/home/pete/wefwefwef/docs/other/3150682327/erlog-branch-devel/erlog"
$ infinity  `curl --fail --silent --show-error --location --output 'devel.zip' 'https://github.com/segun/erlog/archive/devel.zip'  2>&1`
$ cd "/home/pete/wefwefwef/docs/erldocs_other.git"
$ cd "/home/pete/wefwefwef/docs/other/3150682327/erlog-branch-devel/erlog"
$ 5000  `find -P . -type l -delete  2>&1`
$ cd "/home/pete/wefwefwef/docs/erldocs_other.git"
$ cd "/home/pete/wefwefwef/docs/other/3150682327/erlog-branch-devel/erlog"
$ 5000  `find 'erlog-devel' -mindepth 1 -maxdepth 1 -exec mv -t . -- {} +  2>&1`
$ cd "/home/pete/wefwefwef/docs/erldocs_other.git"
 :: Getting dependencies
$ cd "/home/pete/wefwefwef/docs/other/3150682327/erlog-branch-devel/erlog"
$ 5000  `ls -1 deps/  2>&1`
$ cd "/home/pete/wefwefwef/docs/erldocs_other.git"
>>> [rebar] deps = []
 :: Generating erldocs into /home/pete/wefwefwef/docs/other/3150682327/repo/devel
Building erlog
Generating Type Specs - "/home/pete/wefwefwef/docs/other/3150682327/erlog-branch-devel/erlog/src/config_loader.erl"
Generating Type Specs - "/home/pete/wefwefwef/docs/other/3150682327/erlog-branch-devel/erlog/src/console_logger.erl"
Generating Type Specs - "/home/pete/wefwefwef/docs/other/3150682327/erlog-branch-devel/erlog/src/erlog.erl"
Generating Type Specs - "/home/pete/wefwefwef/docs/other/3150682327/erlog-branch-devel/erlog/src/erlog_app.erl"
Generating Type Specs - "/home/pete/wefwefwef/docs/other/3150682327/erlog-branch-devel/erlog/src/erlog_sup.erl"
Generating Type Specs - "/home/pete/wefwefwef/docs/other/3150682327/erlog-branch-devel/erlog/src/file_logger.erl"
Generating Type Specs - "/home/pete/wefwefwef/docs/other/3150682327/erlog-branch-devel/erlog/src/log_writer.erl"
Generating XML for application erlog "/home/pete/wefwefwef/docs/other/3150682327/erlog-branch-devel/erlog" -> "/home/pete/wefwefwef/docs/other/3150682327/repo/devel/.xml/erlog"
Generated erlog XMLs: ["/home/pete/wefwefwef/docs/other/3150682327/repo/devel/.xml/erlog/console_logger.xml",
                       "/home/pete/wefwefwef/docs/other/3150682327/repo/devel/.xml/erlog/config_loader.xml",
                       "/home/pete/wefwefwef/docs/other/3150682327/repo/devel/.xml/erlog/file_logger.xml",
                       "/home/pete/wefwefwef/docs/other/3150682327/repo/devel/.xml/erlog/erlog.xml",
                       "/home/pete/wefwefwef/docs/other/3150682327/repo/devel/.xml/erlog/log_writer.xml",
                       "/home/pete/wefwefwef/docs/other/3150682327/repo/devel/.xml/erlog/erlog_sup.xml",
                       "/home/pete/wefwefwef/docs/other/3150682327/repo/devel/.xml/erlog/erlog_app.xml"]
Generating HTML - console_logger "/home/pete/wefwefwef/docs/other/3150682327/repo/devel/.xml/erlog/console_logger.xml"
Generating HTML - config_loader "/home/pete/wefwefwef/docs/other/3150682327/repo/devel/.xml/erlog/config_loader.xml"
Generating HTML - file_logger "/home/pete/wefwefwef/docs/other/3150682327/repo/devel/.xml/erlog/file_logger.xml"
Generating HTML - erlog_app "/home/pete/wefwefwef/docs/other/3150682327/repo/devel/.xml/erlog/erlog_app.xml"
Reading XML for "/home/pete/wefwefwef/docs/other/3150682327/repo/devel/.xml/erlog/console_logger.xml"
Reading XML for "/home/pete/wefwefwef/docs/other/3150682327/repo/devel/.xml/erlog/config_loader.xml"
Reading XML for "/home/pete/wefwefwef/docs/other/3150682327/repo/devel/.xml/erlog/file_logger.xml"
Reading XML for "/home/pete/wefwefwef/docs/other/3150682327/repo/devel/.xml/erlog/erlog_app.xml"
Reading XML for "/home/pete/wefwefwef/docs/other/3150682327/repo/devel/.xml/specs_config_loader.xml"
Reading XML for "/home/pete/wefwefwef/docs/other/3150682327/repo/devel/.xml/specs_console_logger.xml"
Reading XML for "/home/pete/wefwefwef/docs/other/3150682327/repo/devel/.xml/specs_file_logger.xml"
Reading XML for "/home/pete/wefwefwef/docs/other/3150682327/repo/devel/.xml/specs_erlog_app.xml"
Generating HTML - erlog_sup "/home/pete/wefwefwef/docs/other/3150682327/repo/devel/.xml/erlog/erlog_sup.xml"
Reading XML for "/home/pete/wefwefwef/docs/other/3150682327/repo/devel/.xml/erlog/erlog_sup.xml"
Reading XML for "/home/pete/wefwefwef/docs/other/3150682327/repo/devel/.xml/specs_erlog_sup.xml"
Generating HTML - log_writer "/home/pete/wefwefwef/docs/other/3150682327/repo/devel/.xml/erlog/log_writer.xml"
Reading XML for "/home/pete/wefwefwef/docs/other/3150682327/repo/devel/.xml/erlog/log_writer.xml"
Reading XML for "/home/pete/wefwefwef/docs/other/3150682327/repo/devel/.xml/specs_log_writer.xml"
Generating HTML - erlog "/home/pete/wefwefwef/docs/other/3150682327/repo/devel/.xml/erlog/erlog.xml"
Reading XML for "/home/pete/wefwefwef/docs/other/3150682327/repo/devel/.xml/erlog/erlog.xml"
Reading XML for "/home/pete/wefwefwef/docs/other/3150682327/repo/devel/.xml/specs_erlog.xml"
Creating index.html ...
Creating erldocs_index.js ...
Woot, finished in 0 Minutes 0 Seconds
 :: Discovering other repos
$ 5000  `rm -r '/home/pete/wefwefwef/docs/other/3150682327/erlog-branch-devel'  2>&1`
 :: Processing https://github.com/segun/erlog	{rev,branch,"master","76825e0500b6b62b99f28411933dc15a1cb2817f",undefined,[],[]}
 :: Fetching repo code
$ cd "/home/pete/wefwefwef/docs/other/3150682327/erlog-branch-master/erlog"
$ infinity  `curl --fail --silent --show-error --location --output 'master.zip' 'https://github.com/segun/erlog/archive/master.zip'  2>&1`
$ cd "/home/pete/wefwefwef/docs/erldocs_other.git"
$ cd "/home/pete/wefwefwef/docs/other/3150682327/erlog-branch-master/erlog"
$ 5000  `find -P . -type l -delete  2>&1`
$ cd "/home/pete/wefwefwef/docs/erldocs_other.git"
$ cd "/home/pete/wefwefwef/docs/other/3150682327/erlog-branch-master/erlog"
$ 5000  `find 'erlog-master' -mindepth 1 -maxdepth 1 -exec mv -t . -- {} +  2>&1`
$ cd "/home/pete/wefwefwef/docs/erldocs_other.git"
 :: Getting dependencies
$ cd "/home/pete/wefwefwef/docs/other/3150682327/erlog-branch-master/erlog"
$ 5000  `ls -1 deps/  2>&1`
$ cd "/home/pete/wefwefwef/docs/erldocs_other.git"
>>> [rebar] deps = []
 :: Generating erldocs into /home/pete/wefwefwef/docs/other/3150682327/repo/master
Building erlog
Generating Type Specs - "/home/pete/wefwefwef/docs/other/3150682327/erlog-branch-master/erlog/src/config_loader.erl"
Generating Type Specs - "/home/pete/wefwefwef/docs/other/3150682327/erlog-branch-master/erlog/src/console_logger.erl"
Generating Type Specs - "/home/pete/wefwefwef/docs/other/3150682327/erlog-branch-master/erlog/src/erlog.erl"
Generating Type Specs - "/home/pete/wefwefwef/docs/other/3150682327/erlog-branch-master/erlog/src/erlog_app.erl"
Generating Type Specs - "/home/pete/wefwefwef/docs/other/3150682327/erlog-branch-master/erlog/src/erlog_sup.erl"
Generating Type Specs - "/home/pete/wefwefwef/docs/other/3150682327/erlog-branch-master/erlog/src/file_logger.erl"
Generating Type Specs - "/home/pete/wefwefwef/docs/other/3150682327/erlog-branch-master/erlog/src/log_writer.erl"
Generating XML for application erlog "/home/pete/wefwefwef/docs/other/3150682327/erlog-branch-master/erlog" -> "/home/pete/wefwefwef/docs/other/3150682327/repo/master/.xml/erlog"
Generated erlog XMLs: ["/home/pete/wefwefwef/docs/other/3150682327/repo/master/.xml/erlog/console_logger.xml",
                       "/home/pete/wefwefwef/docs/other/3150682327/repo/master/.xml/erlog/config_loader.xml",
                       "/home/pete/wefwefwef/docs/other/3150682327/repo/master/.xml/erlog/file_logger.xml",
                       "/home/pete/wefwefwef/docs/other/3150682327/repo/master/.xml/erlog/erlog.xml",
                       "/home/pete/wefwefwef/docs/other/3150682327/repo/master/.xml/erlog/log_writer.xml",
                       "/home/pete/wefwefwef/docs/other/3150682327/repo/master/.xml/erlog/erlog_sup.xml",
                       "/home/pete/wefwefwef/docs/other/3150682327/repo/master/.xml/erlog/erlog_app.xml"]
Generating HTML - console_logger "/home/pete/wefwefwef/docs/other/3150682327/repo/master/.xml/erlog/console_logger.xml"
Generating HTML - config_loader "/home/pete/wefwefwef/docs/other/3150682327/repo/master/.xml/erlog/config_loader.xml"
Generating HTML - file_logger "/home/pete/wefwefwef/docs/other/3150682327/repo/master/.xml/erlog/file_logger.xml"
Generating HTML - erlog_app "/home/pete/wefwefwef/docs/other/3150682327/repo/master/.xml/erlog/erlog_app.xml"
Reading XML for "/home/pete/wefwefwef/docs/other/3150682327/repo/master/.xml/erlog/console_logger.xml"
Reading XML for "/home/pete/wefwefwef/docs/other/3150682327/repo/master/.xml/erlog/config_loader.xml"
Reading XML for "/home/pete/wefwefwef/docs/other/3150682327/repo/master/.xml/erlog/file_logger.xml"
Reading XML for "/home/pete/wefwefwef/docs/other/3150682327/repo/master/.xml/erlog/erlog_app.xml"
Reading XML for "/home/pete/wefwefwef/docs/other/3150682327/repo/master/.xml/specs_file_logger.xml"
Reading XML for "/home/pete/wefwefwef/docs/other/3150682327/repo/master/.xml/specs_console_logger.xml"
Reading XML for "/home/pete/wefwefwef/docs/other/3150682327/repo/master/.xml/specs_config_loader.xml"
Reading XML for "/home/pete/wefwefwef/docs/other/3150682327/repo/master/.xml/specs_erlog_app.xml"
Generating HTML - erlog_sup "/home/pete/wefwefwef/docs/other/3150682327/repo/master/.xml/erlog/erlog_sup.xml"
Reading XML for "/home/pete/wefwefwef/docs/other/3150682327/repo/master/.xml/erlog/erlog_sup.xml"
Reading XML for "/home/pete/wefwefwef/docs/other/3150682327/repo/master/.xml/specs_erlog_sup.xml"
Generating HTML - log_writer "/home/pete/wefwefwef/docs/other/3150682327/repo/master/.xml/erlog/log_writer.xml"
Reading XML for "/home/pete/wefwefwef/docs/other/3150682327/repo/master/.xml/erlog/log_writer.xml"
Reading XML for "/home/pete/wefwefwef/docs/other/3150682327/repo/master/.xml/specs_log_writer.xml"
Generating HTML - erlog "/home/pete/wefwefwef/docs/other/3150682327/repo/master/.xml/erlog/erlog.xml"
Reading XML for "/home/pete/wefwefwef/docs/other/3150682327/repo/master/.xml/erlog/erlog.xml"
Reading XML for "/home/pete/wefwefwef/docs/other/3150682327/repo/master/.xml/specs_erlog.xml"
Creating index.html ...
Creating erldocs_index.js ...
Woot, finished in 0 Minutes 0 Seconds
 :: Discovering other repos
$ 5000  `rm -r '/home/pete/wefwefwef/docs/other/3150682327/erlog-branch-master'  2>&1`
 :: Finishing up
$ 5000  `rm -r '/home/pete/wefwefwef/docs/other/3150682327/erlog'  2>&1`
