 :: Extracting meta information
$ 5000  `git ls-remote --heads --tags 'https://github.com/fauxsoup/robin_q'  2>&1`
>>> [repo] 1 branches, 0 tags
 :: Writing meta to "/home/pete/wefwefwef/docs/other/5281637243/meta.txt"
 :: Processing https://github.com/fauxsoup/robin_q	{rev,branch,"master","626db1c3b9f373f2b9551312443bd261fbf982be",undefined,[],[]}
 :: Fetching repo code
$ cd "/home/pete/wefwefwef/docs/other/5281637243/robin_q-branch-master/robin_q"
$ infinity  `curl --fail --silent --show-error --location --output 'master.zip' 'https://github.com/fauxsoup/robin_q/archive/master.zip'  2>&1`
$ cd "/home/pete/wefwefwef/docs/erldocs_other.git"
$ cd "/home/pete/wefwefwef/docs/other/5281637243/robin_q-branch-master/robin_q"
$ 5000  `find -P . -type l -delete  2>&1`
$ cd "/home/pete/wefwefwef/docs/erldocs_other.git"
$ cd "/home/pete/wefwefwef/docs/other/5281637243/robin_q-branch-master/robin_q"
$ 5000  `find 'robin_q-master' -mindepth 1 -maxdepth 1 -exec mv -t . -- {} +  2>&1`
$ cd "/home/pete/wefwefwef/docs/erldocs_other.git"
 :: Getting dependencies
$ cd "/home/pete/wefwefwef/docs/other/5281637243/robin_q-branch-master/robin_q"
$ 5000  `ls -1 deps/  2>&1`
$ cd "/home/pete/wefwefwef/docs/erldocs_other.git"
>>> [rebar] deps = []
 :: Generating erldocs into /home/pete/wefwefwef/docs/other/5281637243/repo/master
Building robin_q
Generating Type Specs - "/home/pete/wefwefwef/docs/other/5281637243/robin_q-branch-master/robin_q/src/robin_q.erl"
EDoc could not process file '/home/pete/wefwefwef/docs/other/5281637243/robin_q-branch-master/robin_q/src/robin_q.erl'
Error generating type specs for "/home/pete/wefwefwef/docs/other/5281637243/robin_q-branch-master/robin_q/src/robin_q.erl"
Generating Type Specs - "/home/pete/wefwefwef/docs/other/5281637243/robin_q-branch-master/robin_q/src/robin_q_app.erl"
EDoc could not process file '/home/pete/wefwefwef/docs/other/5281637243/robin_q-branch-master/robin_q/src/robin_q_app.erl'
Error generating type specs for "/home/pete/wefwefwef/docs/other/5281637243/robin_q-branch-master/robin_q/src/robin_q_app.erl"
Generating Type Specs - "/home/pete/wefwefwef/docs/other/5281637243/robin_q-branch-master/robin_q/src/robin_q_sup.erl"
EDoc could not process file '/home/pete/wefwefwef/docs/other/5281637243/robin_q-branch-master/robin_q/src/robin_q_sup.erl'
Error generating type specs for "/home/pete/wefwefwef/docs/other/5281637243/robin_q-branch-master/robin_q/src/robin_q_sup.erl"
Generating XML for application robin_q "/home/pete/wefwefwef/docs/other/5281637243/robin_q-branch-master/robin_q" -> "/home/pete/wefwefwef/docs/other/5281637243/repo/master/.xml/robin_q"
edoc: skipping source file '/home/pete/wefwefwef/docs/other/5281637243/robin_q-branch-master/robin_q/src/robin_q_sup.erl': {'EXIT',
                                                                                                                      {system_limit,
                                                                                                                       [{ets,
                                                                                                                         new,
                                                                                                                         [etypes,
                                                                                                                          [ordered_set]],
                                                                                                                         []},
                                                                                                                        {edoc_specs,
                                                                                                                         add_data,
                                                                                                                         4,
                                                                                                                         [{file,
                                                                                                                           "edoc_specs.erl"},
                                                                                                                          {line,
                                                                                                                           109}]},
                                                                                                                        {edoc_extract,
                                                                                                                         source1,
                                                                                                                         5,
                                                                                                                         [{file,
                                                                                                                           [...]},
                                                                                                                          {line,...}]},
                                                                                                                        {edoc_doclet,
                                                                                                                         source,
                                                                                                                         9,
                                                                                                                         [{file,...},
                                                                                                                          {...}]},
                                                                                                                        {lists,
                                                                                                                         foldl,
                                                                                                                         3,
                                                                                                                         [{...}|...]},
                                                                                                                        {edoc_doclet,
                                                                                                                         sources,
                                                                                                                         5,
                                                                                                                         [...]},
                                                                                                                        {edoc_doclet,
                                                                                                                         gen,
                                                                                                                         6,...},
                                                                                                                        {edoc_lib,
                                                                                                                         run_plugin,...}]}}.
edoc: skipping source file '/home/pete/wefwefwef/docs/other/5281637243/robin_q-branch-master/robin_q/src/robin_q.erl': {'EXIT',
                                                                                                                  {system_limit,
                                                                                                                   [{ets,
                                                                                                                     new,
                                                                                                                     [etypes,
                                                                                                                      [ordered_set]],
                                                                                                                     []},
                                                                                                                    {edoc_specs,
                                                                                                                     add_data,
                                                                                                                     4,
                                                                                                                     [{file,
                                                                                                                       "edoc_specs.erl"},
                                                                                                                      {line,
                                                                                                                       109}]},
                                                                                                                    {edoc_extract,
                                                                                                                     source1,
                                                                                                                     5,
                                                                                                                     [{file,
                                                                                                                       [...]},
                                                                                                                      {line,...}]},
                                                                                                                    {edoc_doclet,
                                                                                                                     source,
                                                                                                                     9,
                                                                                                                     [{file,...},
                                                                                                                      {...}]},
                                                                                                                    {lists,
                                                                                                                     foldl,
                                                                                                                     3,
                                                                                                                     [{...}|...]},
                                                                                                                    {edoc_doclet,
                                                                                                                     sources,
                                                                                                                     5,
                                                                                                                     [...]},
                                                                                                                    {edoc_doclet,
                                                                                                                     gen,
                                                                                                                     6,...},
                                                                                                                    {edoc_lib,
                                                                                                                     run_plugin,...}]}}.
edoc: skipping source file '/home/pete/wefwefwef/docs/other/5281637243/robin_q-branch-master/robin_q/src/robin_q_app.erl': {'EXIT',
                                                                                                                      {system_limit,
                                                                                                                       [{ets,
                                                                                                                         new,
                                                                                                                         [etypes,
                                                                                                                          [ordered_set]],
                                                                                                                         []},
                                                                                                                        {edoc_specs,
                                                                                                                         add_data,
                                                                                                                         4,
                                                                                                                         [{file,
                                                                                                                           "edoc_specs.erl"},
                                                                                                                          {line,
                                                                                                                           109}]},
                                                                                                                        {edoc_extract,
                                                                                                                         source1,
                                                                                                                         5,
                                                                                                                         [{file,
                                                                                                                           [...]},
                                                                                                                          {line,...}]},
                                                                                                                        {edoc_doclet,
                                                                                                                         source,
                                                                                                                         9,
                                                                                                                         [{file,...},
                                                                                                                          {...}]},
                                                                                                                        {lists,
                                                                                                                         foldl,
                                                                                                                         3,
                                                                                                                         [{...}|...]},
                                                                                                                        {edoc_doclet,
                                                                                                                         sources,
                                                                                                                         5,
                                                                                                                         [...]},
                                                                                                                        {edoc_doclet,
                                                                                                                         gen,
                                                                                                                         6,...},
                                                                                                                        {edoc_lib,
                                                                                                                         run_plugin,...}]}}.
edoc: error in doclet 'edoc_doclet': {'EXIT',error}.
Error generating robin_q XMLs. Using fallback ...
Generating XML robin_q - robin_q "/home/pete/wefwefwef/docs/other/5281637243/robin_q-branch-master/robin_q/src/robin_q.erl" -> "/home/pete/wefwefwef/docs/other/5281637243/repo/master/.xml/robin_q/robin_q.xml"
Error generating XML ("/home/pete/wefwefwef/docs/other/5281637243/robin_q-branch-master/robin_q/src/robin_q.erl"): {'EXIT',
                                                                                                                    {system_limit,
                                                                                                                     [{ets,
                                                                                                                       new,
                                                                                                                       [etypes,
                                                                                                                        [ordered_set]],
                                                                                                                       []},
                                                                                                                      {edoc_specs,
                                                                                                                       add_data,
                                                                                                                       4,
                                                                                                                       [{file,
                                                                                                                         "edoc_specs.erl"},
                                                                                                                        {line,
                                                                                                                         109}]},
                                                                                                                      {edoc_extract,
                                                                                                                       source1,
                                                                                                                       5,
                                                                                                                       [{file,
                                                                                                                         "edoc_extract.erl"},
                                                                                                                        {line,
                                                                                                                         130}]},
                                                                                                                      {edoc,
                                                                                                                       read,
                                                                                                                       2,
                                                                                                                       [{file,
                                                                                                                         "edoc.erl"},
                                                                                                                        {line,
                                                                                                                         538}]},
                                                                                                                      {edoc,
                                                                                                                       file,
                                                                                                                       2,
                                                                                                                       [{file,
                                                                                                                         "edoc.erl"},
                                                                                                                        {line,
                                                                                                                         116}]},
                                                                                                                      {erldocs_core,
                                                                                                                       '-gen_docsrc/4-fun-1-',
                                                                                                                       5,
                                                                                                                       [{file,
                                                                                                                         "src/erldocs_core.erl"},
                                                                                                                        {line,
                                                                                                                         204}]},
                                                                                                                      {lists,
                                                                                                                       foldl,
                                                                                                                       3,
                                                                                                                       [{file,
                                                                                                                         "lists.erl"},
                                                                                                                        {line,
                                                                                                                         1261}]},
                                                                                                                      {erldocs_core,
                                                                                                                       tmp_cd,
                                                                                                                       2,
                                                                                                                       [{file,
                                                                                                                         "src/erldocs_core.erl"},
                                                                                                                        {line,
                                                                                                                         227}]}]}}
Generating XML robin_q - robin_q_app "/home/pete/wefwefwef/docs/other/5281637243/robin_q-branch-master/robin_q/src/robin_q_app.erl" -> "/home/pete/wefwefwef/docs/other/5281637243/repo/master/.xml/robin_q/robin_q_app.xml"
Error generating XML ("/home/pete/wefwefwef/docs/other/5281637243/robin_q-branch-master/robin_q/src/robin_q_app.erl"): {'EXIT',
                                                                                                                        {system_limit,
                                                                                                                         [{ets,
                                                                                                                           new,
                                                                                                                           [etypes,
                                                                                                                            [ordered_set]],
                                                                                                                           []},
                                                                                                                          {edoc_specs,
                                                                                                                           add_data,
                                                                                                                           4,
                                                                                                                           [{file,
                                                                                                                             "edoc_specs.erl"},
                                                                                                                            {line,
                                                                                                                             109}]},
                                                                                                                          {edoc_extract,
                                                                                                                           source1,
                                                                                                                           5,
                                                                                                                           [{file,
                                                                                                                             "edoc_extract.erl"},
                                                                                                                            {line,
                                                                                                                             130}]},
                                                                                                                          {edoc,
                                                                                                                           read,
                                                                                                                           2,
                                                                                                                           [{file,
                                                                                                                             "edoc.erl"},
                                                                                                                            {line,
                                                                                                                             538}]},
                                                                                                                          {edoc,
                                                                                                                           file,
                                                                                                                           2,
                                                                                                                           [{file,
                                                                                                                             "edoc.erl"},
                                                                                                                            {line,
                                                                                                                             116}]},
                                                                                                                          {erldocs_core,
                                                                                                                           '-gen_docsrc/4-fun-1-',
                                                                                                                           5,
                                                                                                                           [{file,
                                                                                                                             "src/erldocs_core.erl"},
                                                                                                                            {line,
                                                                                                                             204}]},
                                                                                                                          {lists,
                                                                                                                           foldl,
                                                                                                                           3,
                                                                                                                           [{file,
                                                                                                                             "lists.erl"},
                                                                                                                            {line,
                                                                                                                             1261}]},
                                                                                                                          {erldocs_core,
                                                                                                                           tmp_cd,
                                                                                                                           2,
                                                                                                                           [{file,
                                                                                                                             "src/erldocs_core.erl"},
                                                                                                                            {line,
                                                                                                                             227}]}]}}
Generating XML robin_q - robin_q_sup "/home/pete/wefwefwef/docs/other/5281637243/robin_q-branch-master/robin_q/src/robin_q_sup.erl" -> "/home/pete/wefwefwef/docs/other/5281637243/repo/master/.xml/robin_q/robin_q_sup.xml"
Error generating XML ("/home/pete/wefwefwef/docs/other/5281637243/robin_q-branch-master/robin_q/src/robin_q_sup.erl"): {'EXIT',
                                                                                                                        {system_limit,
                                                                                                                         [{ets,
                                                                                                                           new,
                                                                                                                           [etypes,
                                                                                                                            [ordered_set]],
                                                                                                                           []},
                                                                                                                          {edoc_specs,
                                                                                                                           add_data,
                                                                                                                           4,
                                                                                                                           [{file,
                                                                                                                             "edoc_specs.erl"},
                                                                                                                            {line,
                                                                                                                             109}]},
                                                                                                                          {edoc_extract,
                                                                                                                           source1,
                                                                                                                           5,
                                                                                                                           [{file,
                                                                                                                             "edoc_extract.erl"},
                                                                                                                            {line,
                                                                                                                             130}]},
                                                                                                                          {edoc,
                                                                                                                           read,
                                                                                                                           2,
                                                                                                                           [{file,
                                                                                                                             "edoc.erl"},
                                                                                                                            {line,
                                                                                                                             538}]},
                                                                                                                          {edoc,
                                                                                                                           file,
                                                                                                                           2,
                                                                                                                           [{file,
                                                                                                                             "edoc.erl"},
                                                                                                                            {line,
                                                                                                                             116}]},
                                                                                                                          {erldocs_core,
                                                                                                                           '-gen_docsrc/4-fun-1-',
                                                                                                                           5,
                                                                                                                           [{file,
                                                                                                                             "src/erldocs_core.erl"},
                                                                                                                            {line,
                                                                                                                             204}]},
                                                                                                                          {lists,
                                                                                                                           foldl,
                                                                                                                           3,
                                                                                                                           [{file,
                                                                                                                             "lists.erl"},
                                                                                                                            {line,
                                                                                                                             1261}]},
                                                                                                                          {erldocs_core,
                                                                                                                           tmp_cd,
                                                                                                                           2,
                                                                                                                           [{file,
                                                                                                                             "src/erldocs_core.erl"},
                                                                                                                            {line,
                                                                                                                             227}]}]}}
No documentation was generated!
Woot, finished in 0 Minutes 0 Seconds
 :: Discovering other repos
$ 5000  `rm -r '/home/pete/wefwefwef/docs/other/5281637243/robin_q-branch-master'  2>&1`
 :: Finishing up
$ 5000  `rm -r '/home/pete/wefwefwef/docs/other/5281637243/robin_q'  2>&1`
$ 5000  `rm -r '/home/pete/wefwefwef/docs/other/5281637243/repo/master'  2>&1`
