 :: Extracting meta information
$ 5000  `git ls-remote --heads --tags 'https://github.com/ggrise/wkt_parsec'  2>&1`
>>> [repo] 1 branches, 0 tags
 :: Writing meta to "/home/pete/wefwefwef/docs/other/1709835071/meta.txt"
 :: Processing https://github.com/ggrise/wkt_parsec	{rev,branch,"master","dec4a4554e9bc64dc66f11c418520047ae662194",undefined,[],[]}
 :: Fetching repo code
$ cd "/home/pete/wefwefwef/docs/other/1709835071/wkt_parsec-branch-master/wkt_parsec"
$ infinity  `curl --fail --silent --show-error --location --output 'master.zip' 'https://github.com/ggrise/wkt_parsec/archive/master.zip'  2>&1`
$ cd "/home/pete/wefwefwef/docs/erldocs_other.git"
$ cd "/home/pete/wefwefwef/docs/other/1709835071/wkt_parsec-branch-master/wkt_parsec"
$ 5000  `find -P . -type l -delete  2>&1`
$ cd "/home/pete/wefwefwef/docs/erldocs_other.git"
$ cd "/home/pete/wefwefwef/docs/other/1709835071/wkt_parsec-branch-master/wkt_parsec"
$ 5000  `find 'wkt_parsec-master' -mindepth 1 -maxdepth 1 -exec mv -t . -- {} +  2>&1`
$ cd "/home/pete/wefwefwef/docs/erldocs_other.git"
 :: Getting dependencies
$ cd "/home/pete/wefwefwef/docs/other/1709835071/wkt_parsec-branch-master/wkt_parsec"
$ 5000  `ls -1 deps/  2>&1`
$ cd "/home/pete/wefwefwef/docs/erldocs_other.git"
>>> [rebar] deps = ["parsec-erlang"]
 :: Generating erldocs into /home/pete/wefwefwef/docs/other/1709835071/repo/master
Building wkt_parsec
Generating Type Specs - "/home/pete/wefwefwef/docs/other/1709835071/wkt_parsec-branch-master/wkt_parsec/src/wkt.erl"
EDoc could not process file '/home/pete/wefwefwef/docs/other/1709835071/wkt_parsec-branch-master/wkt_parsec/src/wkt.erl'
Error generating type specs for "/home/pete/wefwefwef/docs/other/1709835071/wkt_parsec-branch-master/wkt_parsec/src/wkt.erl"
Generating XML for application wkt_parsec "/home/pete/wefwefwef/docs/other/1709835071/wkt_parsec-branch-master/wkt_parsec" -> "/home/pete/wefwefwef/docs/other/1709835071/repo/master/.xml/wkt_parsec"
edoc: skipping source file '/home/pete/wefwefwef/docs/other/1709835071/wkt_parsec-branch-master/wkt_parsec/src/wkt.erl': {'EXIT',
                                                                                                                    {system_limit,
                                                                                                                     [{ets,
                                                                                                                       new,
                                                                                                                       [etypes,
                                                                                                                        [ordered_set]],
                                                                                                                       []},
                                                                                                                      {edoc_specs,
                                                                                                                       add_data,
                                                                                                                       4,
                                                                                                                       [{file,
                                                                                                                         "edoc_specs.erl"},
                                                                                                                        {line,
                                                                                                                         109}]},
                                                                                                                      {edoc_extract,
                                                                                                                       source1,
                                                                                                                       5,
                                                                                                                       [{file,
                                                                                                                         [...]},
                                                                                                                        {line,...}]},
                                                                                                                      {edoc_doclet,
                                                                                                                       source,
                                                                                                                       9,
                                                                                                                       [{file,...},
                                                                                                                        {...}]},
                                                                                                                      {lists,
                                                                                                                       foldl,
                                                                                                                       3,
                                                                                                                       [{...}|...]},
                                                                                                                      {edoc_doclet,
                                                                                                                       sources,
                                                                                                                       5,
                                                                                                                       [...]},
                                                                                                                      {edoc_doclet,
                                                                                                                       gen,
                                                                                                                       6,...},
                                                                                                                      {edoc_lib,
                                                                                                                       run_plugin,...}]}}.
edoc: error in doclet 'edoc_doclet': {'EXIT',error}.
Error generating wkt_parsec XMLs. Using fallback ...
Generating XML wkt_parsec - wkt "/home/pete/wefwefwef/docs/other/1709835071/wkt_parsec-branch-master/wkt_parsec/src/wkt.erl" -> "/home/pete/wefwefwef/docs/other/1709835071/repo/master/.xml/wkt_parsec/wkt.xml"
Error generating XML ("/home/pete/wefwefwef/docs/other/1709835071/wkt_parsec-branch-master/wkt_parsec/src/wkt.erl"): {'EXIT',
                                                                                                                      {system_limit,
                                                                                                                       [{ets,
                                                                                                                         new,
                                                                                                                         [etypes,
                                                                                                                          [ordered_set]],
                                                                                                                         []},
                                                                                                                        {edoc_specs,
                                                                                                                         add_data,
                                                                                                                         4,
                                                                                                                         [{file,
                                                                                                                           "edoc_specs.erl"},
                                                                                                                          {line,
                                                                                                                           109}]},
                                                                                                                        {edoc_extract,
                                                                                                                         source1,
                                                                                                                         5,
                                                                                                                         [{file,
                                                                                                                           "edoc_extract.erl"},
                                                                                                                          {line,
                                                                                                                           130}]},
                                                                                                                        {edoc,
                                                                                                                         read,
                                                                                                                         2,
                                                                                                                         [{file,
                                                                                                                           "edoc.erl"},
                                                                                                                          {line,
                                                                                                                           538}]},
                                                                                                                        {edoc,
                                                                                                                         file,
                                                                                                                         2,
                                                                                                                         [{file,
                                                                                                                           "edoc.erl"},
                                                                                                                          {line,
                                                                                                                           116}]},
                                                                                                                        {erldocs_core,
                                                                                                                         '-gen_docsrc/4-fun-1-',
                                                                                                                         5,
                                                                                                                         [{file,
                                                                                                                           "src/erldocs_core.erl"},
                                                                                                                          {line,
                                                                                                                           204}]},
                                                                                                                        {lists,
                                                                                                                         foldl,
                                                                                                                         3,
                                                                                                                         [{file,
                                                                                                                           "lists.erl"},
                                                                                                                          {line,
                                                                                                                           1261}]},
                                                                                                                        {erldocs_core,
                                                                                                                         tmp_cd,
                                                                                                                         2,
                                                                                                                         [{file,
                                                                                                                           "src/erldocs_core.erl"},
                                                                                                                          {line,
                                                                                                                           227}]}]}}
No documentation was generated!
Woot, finished in 0 Minutes 0 Seconds
 :: Discovering other repos
$ 5000  `rm -r '/home/pete/wefwefwef/docs/other/1709835071/wkt_parsec-branch-master'  2>&1`
 :: Finishing up
$ 5000  `rm -r '/home/pete/wefwefwef/docs/other/1709835071/wkt_parsec'  2>&1`
$ 5000  `rm -r '/home/pete/wefwefwef/docs/other/1709835071/repo/master'  2>&1`
