 :: Extracting meta information
$ cd '.'
$ infinity  `git ls-remote --heads --tags https://github.com/cloudi/cloudi_core`
>>> [repo] 1 branches, 64 tags
 :: Writing meta to "/home/pete/wefwefwef/docs/other/f3e012ca03ac10f67e3363fd98f159683cc6ca89/meta.txt"
 :: Skipping tag "v1.3.0"
 :: Skipping tag "v1.3.1"
 :: Skipping tag "v1.3.1.1"
 :: Skipping tag "v1.3.1.10"
 :: Skipping tag "v1.3.1.11"
 :: Skipping tag "v1.3.1.12"
 :: Skipping tag "v1.3.1.13"
 :: Skipping tag "v1.3.1.14"
 :: Skipping tag "v1.3.1.15"
 :: Skipping tag "v1.3.1.16"
 :: Skipping tag "v1.3.1.17"
 :: Skipping tag "v1.3.1.18"
 :: Skipping tag "v1.3.1.19"
 :: Skipping tag "v1.3.1.2"
 :: Skipping tag "v1.3.1.20"
 :: Skipping tag "v1.3.1.21"
 :: Skipping tag "v1.3.1.22"
 :: Skipping tag "v1.3.1.23"
 :: Skipping tag "v1.3.1.3"
 :: Skipping tag "v1.3.1.4"
 :: Skipping tag "v1.3.1.5"
 :: Skipping tag "v1.3.1.6"
 :: Skipping tag "v1.3.1.7"
 :: Skipping tag "v1.3.1.8"
 :: Skipping tag "v1.3.1.9"
 :: Skipping tag "v1.3.2"
 :: Skipping tag "v1.3.2.1"
 :: Skipping tag "v1.3.2.10"
 :: Skipping tag "v1.3.2.11"
 :: Skipping tag "v1.3.2.12"
 :: Skipping tag "v1.3.2.13"
 :: Skipping tag "v1.3.2.14"
 :: Skipping tag "v1.3.2.16"
 :: Skipping tag "v1.3.2.17"
 :: Skipping tag "v1.3.2.18"
 :: Skipping tag "v1.3.2.19"
 :: Skipping tag "v1.3.2.2"
 :: Skipping tag "v1.3.2.20"
 :: Skipping tag "v1.3.2.21"
 :: Skipping tag "v1.3.2.22"
 :: Skipping tag "v1.3.2.23"
 :: Skipping tag "v1.3.2.24"
 :: Skipping tag "v1.3.2.25"
 :: Skipping tag "v1.3.2.26"
 :: Skipping tag "v1.3.2.27"
 :: Skipping tag "v1.3.2.28"
 :: Skipping tag "v1.3.2.3"
 :: Skipping tag "v1.3.2.4"
 :: Skipping tag "v1.3.2.5"
 :: Skipping tag "v1.3.2.6"
 :: Skipping tag "v1.3.2.7"
 :: Skipping tag "v1.3.2.8"
 :: Skipping tag "v1.3.2.9"
 :: Skipping tag "v1.3.3"
 :: Skipping tag "v1.3.3.1"
 :: Skipping tag "v1.3.3.2"
 :: Skipping tag "v1.3.3.3"
 :: Skipping tag "v1.4.0"
 :: Skipping tag "v1.4.0-rc.4"
 :: Skipping tag "v1.4.0-rc.5"
 :: Skipping tag "v1.4.1"
 :: Skipping tag "v1.4.1.1"
 :: Skipping tag "v1.5.0"
 :: Processing https://github.com/cloudi/cloudi_core	{rev,branch,"master","cba553f7bb18e6b4f834827414551e40e1152a63",undefined,[],[]}
 :: Fetching repo code
$ cd '/home/pete/wefwefwef/docs/other/f3e012ca03ac10f67e3363fd98f159683cc6ca89/cloudi_core-branch-master'
$ infinity  `curl --fail --silent --show-error --location --output repo.tar.gz https://codeload.github.com/cloudi/cloudi_core/tar.gz/master`
 :: Error running eo_core:
	[{eo_scm,fetch,2,[{file,"src/eo_scm.erl"},{line,81}]},
         {eo_core,do,7,[{file,"src/eo_core.erl"},{line,107}]},
         {eo_core,'-main_/1-lc$^0/1-0-',8,
             [{file,"src/eo_core.erl"},{line,85}]},
         {eo_core,main_,1,[{file,"src/eo_core.erl"},{line,85}]},
         {eo_core,main,1,[{file,"src/eo_core.erl"},{line,56}]},
         {eo_core,gen,1,[{file,"src/eo_core.erl"},{line,36}]},
         {gen_escript__escript__1446__722273__168068,seq_gen,4,
             [{file,"./gen.escript"},{line,53}]},
         {escript,run,2,[{file,"escript.erl"},{line,752}]}]
{error,{case_clause,["/home/pete/wefwefwef/docs/other/f3e012ca03ac10f67e3363fd98f159683cc6ca89/cloudi_core-branch-master/cloudi_core",
                     "/home/pete/wefwefwef/docs/other/f3e012ca03ac10f67e3363fd98f159683cc6ca89/cloudi_core-branch-master/cloudi_core-master"]}}
 :: Processing https://github.com/cloudi/cloudi_core	{rev,tag,"v1.3.2.15","c8126ce6659b1800abd6c950a1fd4b2e25fab21b",undefined,[],[]}
 :: Fetching repo code
$ cd '/home/pete/wefwefwef/docs/other/f3e012ca03ac10f67e3363fd98f159683cc6ca89/cloudi_core-tag-v1.3.2.15'
$ infinity  `curl --fail --silent --show-error --location --output repo.tar.gz https://codeload.github.com/cloudi/cloudi_core/tar.gz/v1.3.2.15`
 :: Error running eo_core:
	[{eo_scm,fetch,2,[{file,"src/eo_scm.erl"},{line,81}]},
         {eo_core,do,7,[{file,"src/eo_core.erl"},{line,107}]},
         {eo_core,'-main_/1-lc$^0/1-0-',8,
             [{file,"src/eo_core.erl"},{line,85}]},
         {eo_core,'-main_/1-lc$^0/1-0-',8,
             [{file,"src/eo_core.erl"},{line,91}]},
         {eo_core,main_,1,[{file,"src/eo_core.erl"},{line,85}]},
         {eo_core,main,1,[{file,"src/eo_core.erl"},{line,56}]},
         {eo_core,gen,1,[{file,"src/eo_core.erl"},{line,36}]},
         {gen_escript__escript__1446__722273__168068,seq_gen,4,
             [{file,"./gen.escript"},{line,53}]}]
{error,{case_clause,["/home/pete/wefwefwef/docs/other/f3e012ca03ac10f67e3363fd98f159683cc6ca89/cloudi_core-tag-v1.3.2.15/cloudi_core",
                     "/home/pete/wefwefwef/docs/other/f3e012ca03ac10f67e3363fd98f159683cc6ca89/cloudi_core-tag-v1.3.2.15/cloudi_core-1.3.2.15"]}}
 :: Finishing up
$ cd '.'
$ 5000  `rm -r /home/pete/wefwefwef/docs/other/f3e012ca03ac10f67e3363fd98f159683cc6ca89/cloudi_core`
