 :: Extracting meta information
$ cd '.'
$ infinity  `git ls-remote --heads --tags https://github.com/dmitryme/erlang_localtime`
>>> [repo] 1 branches, 0 tags
 :: Writing meta to "/home/pete/wefwefwef/docs/other/68d1e3946fe25bd8f740d0f583ac5504a60e08e9/meta.txt"
 :: Processing https://github.com/dmitryme/erlang_localtime	{rev,branch,"master","918ca174fe1c9d2c4988d98d43342d98dc50b92c",undefined,[],[]}
 :: Fetching repo code
$ cd '/home/pete/wefwefwef/docs/other/68d1e3946fe25bd8f740d0f583ac5504a60e08e9/erlang_localtime-branch-master'
$ infinity  `curl --fail --silent --show-error --location --output repo.tar.gz https://codeload.github.com/dmitryme/erlang_localtime/tar.gz/master`
$ cd '/home/pete/wefwefwef/docs/other/68d1e3946fe25bd8f740d0f583ac5504a60e08e9/erlang_localtime-branch-master/erlang_localtime-master'
$ 5000  `find -P . -type l -delete`
$ cd '.'
$ 5000  `mv /home/pete/wefwefwef/docs/other/68d1e3946fe25bd8f740d0f583ac5504a60e08e9/erlang_localtime-branch-master/erlang_localtime-master /home/pete/wefwefwef/docs/other/68d1e3946fe25bd8f740d0f583ac5504a60e08e9/erlang_localtime-branch-master/erlang_localtime`
 :: Getting dependencies
$ cd '/home/pete/wefwefwef/docs/other/68d1e3946fe25bd8f740d0f583ac5504a60e08e9/erlang_localtime-branch-master/erlang_localtime'
$ 5000  `ls -1 deps/`
>>> [rebar] deps = []
 :: Generating erldocs into /home/pete/wefwefwef/docs/other/68d1e3946fe25bd8f740d0f583ac5504a60e08e9/repo/master
Building erlang_localtime
Generating Type Specs - "/home/pete/wefwefwef/docs/other/68d1e3946fe25bd8f740d0f583ac5504a60e08e9/erlang_localtime-branch-master/erlang_localtime/src/ibuild.erl"
Generating Type Specs - "/home/pete/wefwefwef/docs/other/68d1e3946fe25bd8f740d0f583ac5504a60e08e9/erlang_localtime-branch-master/erlang_localtime/src/localtime.erl"
Generating Type Specs - "/home/pete/wefwefwef/docs/other/68d1e3946fe25bd8f740d0f583ac5504a60e08e9/erlang_localtime-branch-master/erlang_localtime/src/localtime_dst.erl"
Generating XML for application erlang_localtime "/home/pete/wefwefwef/docs/other/68d1e3946fe25bd8f740d0f583ac5504a60e08e9/erlang_localtime-branch-master/erlang_localtime" -> "/home/pete/wefwefwef/docs/other/68d1e3946fe25bd8f740d0f583ac5504a60e08e9/repo/master/.xml/erlang_localtime"
Generated erlang_localtime XMLs: ["/home/pete/wefwefwef/docs/other/68d1e3946fe25bd8f740d0f583ac5504a60e08e9/repo/master/.xml/erlang_localtime/localtime.xml",
                                  "/home/pete/wefwefwef/docs/other/68d1e3946fe25bd8f740d0f583ac5504a60e08e9/repo/master/.xml/erlang_localtime/ibuild.xml",
                                  "/home/pete/wefwefwef/docs/other/68d1e3946fe25bd8f740d0f583ac5504a60e08e9/repo/master/.xml/erlang_localtime/localtime_dst.xml"]
Generating HTML - localtime_dst "/home/pete/wefwefwef/docs/other/68d1e3946fe25bd8f740d0f583ac5504a60e08e9/repo/master/.xml/erlang_localtime/localtime_dst.xml"
Reading XML for "/home/pete/wefwefwef/docs/other/68d1e3946fe25bd8f740d0f583ac5504a60e08e9/repo/master/.xml/erlang_localtime/localtime_dst.xml"
Reading XML for "/home/pete/wefwefwef/docs/other/68d1e3946fe25bd8f740d0f583ac5504a60e08e9/repo/master/.xml/specs_localtime_dst.xml"
Generating HTML - ibuild "/home/pete/wefwefwef/docs/other/68d1e3946fe25bd8f740d0f583ac5504a60e08e9/repo/master/.xml/erlang_localtime/ibuild.xml"
Reading XML for "/home/pete/wefwefwef/docs/other/68d1e3946fe25bd8f740d0f583ac5504a60e08e9/repo/master/.xml/erlang_localtime/ibuild.xml"
Reading XML for "/home/pete/wefwefwef/docs/other/68d1e3946fe25bd8f740d0f583ac5504a60e08e9/repo/master/.xml/specs_ibuild.xml"
Generating HTML - localtime "/home/pete/wefwefwef/docs/other/68d1e3946fe25bd8f740d0f583ac5504a60e08e9/repo/master/.xml/erlang_localtime/localtime.xml"
Reading XML for "/home/pete/wefwefwef/docs/other/68d1e3946fe25bd8f740d0f583ac5504a60e08e9/repo/master/.xml/erlang_localtime/localtime.xml"
Reading XML for "/home/pete/wefwefwef/docs/other/68d1e3946fe25bd8f740d0f583ac5504a60e08e9/repo/master/.xml/specs_localtime.xml"
Creating index.html ...
Creating erldocs_index.js ...
Woot, finished in 0 Minutes 2 Seconds
 :: Discovering other repos
$ cd '.'
$ 5000  `rm -r /home/pete/wefwefwef/docs/other/68d1e3946fe25bd8f740d0f583ac5504a60e08e9/erlang_localtime-branch-master`
 :: Finishing up
$ cd '.'
$ 5000  `rm -r /home/pete/wefwefwef/docs/other/68d1e3946fe25bd8f740d0f583ac5504a60e08e9/erlang_localtime`
