 :: Extracting meta information
$ 5000  `git ls-remote --heads --tags 'https://github.com/yebyen/cb_tutorial'  2>&1`
>>> [repo] 4 branches, 0 tags
 :: Writing meta to "/home/pete/wefwefwef/docs/other/3656748787/meta.txt"
 :: Processing https://github.com/yebyen/cb_tutorial	{rev,branch,"fail","9c75806e98af291f201cdfe26fbde8f61831037b",undefined,[],[]}
 :: Fetching repo code
$ cd "/home/pete/wefwefwef/docs/other/3656748787/cb_tutorial-branch-fail/cb_tutorial"
$ infinity  `curl --fail --silent --show-error --location --output 'fail.zip' 'https://github.com/yebyen/cb_tutorial/archive/fail.zip'  2>&1`
$ cd "/home/pete/wefwefwef/docs/erldocs_other.git"
$ cd "/home/pete/wefwefwef/docs/other/3656748787/cb_tutorial-branch-fail/cb_tutorial"
$ 5000  `find -P . -type l -delete  2>&1`
$ cd "/home/pete/wefwefwef/docs/erldocs_other.git"
$ cd "/home/pete/wefwefwef/docs/other/3656748787/cb_tutorial-branch-fail/cb_tutorial"
$ 5000  `find 'cb_tutorial-fail' -mindepth 1 -maxdepth 1 -exec mv -t . -- {} +  2>&1`
$ cd "/home/pete/wefwefwef/docs/erldocs_other.git"
 :: Getting dependencies
$ cd "/home/pete/wefwefwef/docs/other/3656748787/cb_tutorial-branch-fail/cb_tutorial"
$ 5000  `ls -1 deps/  2>&1`
$ cd "/home/pete/wefwefwef/docs/erldocs_other.git"
>>> [rebar] deps = []
 :: Generating erldocs into /home/pete/wefwefwef/docs/other/3656748787/repo/fail
Building cb_tutorial
Generating XML for application cb_tutorial "/home/pete/wefwefwef/docs/other/3656748787/cb_tutorial-branch-fail/cb_tutorial" -> "/home/pete/wefwefwef/docs/other/3656748787/repo/fail/.xml/cb_tutorial"
Generated cb_tutorial XMLs: ["/home/pete/wefwefwef/docs/other/3656748787/repo/fail/.xml/cb_tutorial/cb_tutorial_outgoing_mail_controller.xml",
                             "/home/pete/wefwefwef/docs/other/3656748787/repo/fail/.xml/cb_tutorial/cb_tutorial_custom_filters.xml",
                             "/home/pete/wefwefwef/docs/other/3656748787/repo/fail/.xml/cb_tutorial/cb_tutorial_custom_tags.xml",
                             "/home/pete/wefwefwef/docs/other/3656748787/repo/fail/.xml/cb_tutorial/cb_tutorial_incoming_mail_controller.xml",
                             "/home/pete/wefwefwef/docs/other/3656748787/repo/fail/.xml/cb_tutorial/greeting.xml",
                             "/home/pete/wefwefwef/docs/other/3656748787/repo/fail/.xml/cb_tutorial/cb_tutorial_greeting_controller.xml"]
Generating HTML - cb_tutorial_greeting_controller "/home/pete/wefwefwef/docs/other/3656748787/repo/fail/.xml/cb_tutorial/cb_tutorial_greeting_controller.xml"
Generating HTML - cb_tutorial_custom_filters "/home/pete/wefwefwef/docs/other/3656748787/repo/fail/.xml/cb_tutorial/cb_tutorial_custom_filters.xml"
Generating HTML - cb_tutorial_outgoing_mail_controller "/home/pete/wefwefwef/docs/other/3656748787/repo/fail/.xml/cb_tutorial/cb_tutorial_outgoing_mail_controller.xml"
Generating HTML - cb_tutorial_custom_tags "/home/pete/wefwefwef/docs/other/3656748787/repo/fail/.xml/cb_tutorial/cb_tutorial_custom_tags.xml"
Reading XML for "/home/pete/wefwefwef/docs/other/3656748787/repo/fail/.xml/cb_tutorial/cb_tutorial_greeting_controller.xml"
Reading XML for "/home/pete/wefwefwef/docs/other/3656748787/repo/fail/.xml/cb_tutorial/cb_tutorial_custom_filters.xml"
Reading XML for "/home/pete/wefwefwef/docs/other/3656748787/repo/fail/.xml/cb_tutorial/cb_tutorial_outgoing_mail_controller.xml"
Reading XML for "/home/pete/wefwefwef/docs/other/3656748787/repo/fail/.xml/cb_tutorial/cb_tutorial_custom_tags.xml"
Generating HTML - greeting "/home/pete/wefwefwef/docs/other/3656748787/repo/fail/.xml/cb_tutorial/greeting.xml"
Reading XML for "/home/pete/wefwefwef/docs/other/3656748787/repo/fail/.xml/cb_tutorial/greeting.xml"
Generating HTML - cb_tutorial_incoming_mail_controller "/home/pete/wefwefwef/docs/other/3656748787/repo/fail/.xml/cb_tutorial/cb_tutorial_incoming_mail_controller.xml"
Reading XML for "/home/pete/wefwefwef/docs/other/3656748787/repo/fail/.xml/cb_tutorial/cb_tutorial_incoming_mail_controller.xml"
Creating index.html ...
Creating erldocs_index.js ...
Woot, finished in 0 Minutes 0 Seconds
 :: Discovering other repos
$ 5000  `rm -r '/home/pete/wefwefwef/docs/other/3656748787/cb_tutorial-branch-fail'  2>&1`
 :: Processing https://github.com/yebyen/cb_tutorial	{rev,branch,"master","02518d6fb02d6cc60de88acaf3504a9f7cf42efe",undefined,[],[]}
 :: Fetching repo code
$ cd "/home/pete/wefwefwef/docs/other/3656748787/cb_tutorial-branch-master/cb_tutorial"
$ infinity  `curl --fail --silent --show-error --location --output 'master.zip' 'https://github.com/yebyen/cb_tutorial/archive/master.zip'  2>&1`
$ cd "/home/pete/wefwefwef/docs/erldocs_other.git"
$ cd "/home/pete/wefwefwef/docs/other/3656748787/cb_tutorial-branch-master/cb_tutorial"
$ 5000  `find -P . -type l -delete  2>&1`
$ cd "/home/pete/wefwefwef/docs/erldocs_other.git"
$ cd "/home/pete/wefwefwef/docs/other/3656748787/cb_tutorial-branch-master/cb_tutorial"
$ 5000  `find 'cb_tutorial-master' -mindepth 1 -maxdepth 1 -exec mv -t . -- {} +  2>&1`
$ cd "/home/pete/wefwefwef/docs/erldocs_other.git"
 :: Getting dependencies
$ cd "/home/pete/wefwefwef/docs/other/3656748787/cb_tutorial-branch-master/cb_tutorial"
$ 5000  `ls -1 deps/  2>&1`
$ cd "/home/pete/wefwefwef/docs/erldocs_other.git"
>>> [rebar] deps = []
 :: Generating erldocs into /home/pete/wefwefwef/docs/other/3656748787/repo/master
Building cb_tutorial
Generating XML for application cb_tutorial "/home/pete/wefwefwef/docs/other/3656748787/cb_tutorial-branch-master/cb_tutorial" -> "/home/pete/wefwefwef/docs/other/3656748787/repo/master/.xml/cb_tutorial"
Generated cb_tutorial XMLs: ["/home/pete/wefwefwef/docs/other/3656748787/repo/master/.xml/cb_tutorial/cb_tutorial_outgoing_mail_controller.xml",
                             "/home/pete/wefwefwef/docs/other/3656748787/repo/master/.xml/cb_tutorial/cb_tutorial_custom_filters.xml",
                             "/home/pete/wefwefwef/docs/other/3656748787/repo/master/.xml/cb_tutorial/cb_tutorial_custom_tags.xml",
                             "/home/pete/wefwefwef/docs/other/3656748787/repo/master/.xml/cb_tutorial/cb_tutorial_incoming_mail_controller.xml",
                             "/home/pete/wefwefwef/docs/other/3656748787/repo/master/.xml/cb_tutorial/greeting.xml",
                             "/home/pete/wefwefwef/docs/other/3656748787/repo/master/.xml/cb_tutorial/cb_tutorial_greeting_controller.xml"]
Generating HTML - cb_tutorial_greeting_controller "/home/pete/wefwefwef/docs/other/3656748787/repo/master/.xml/cb_tutorial/cb_tutorial_greeting_controller.xml"
Generating HTML - cb_tutorial_custom_filters "/home/pete/wefwefwef/docs/other/3656748787/repo/master/.xml/cb_tutorial/cb_tutorial_custom_filters.xml"
Generating HTML - cb_tutorial_outgoing_mail_controller "/home/pete/wefwefwef/docs/other/3656748787/repo/master/.xml/cb_tutorial/cb_tutorial_outgoing_mail_controller.xml"
Generating HTML - cb_tutorial_custom_tags "/home/pete/wefwefwef/docs/other/3656748787/repo/master/.xml/cb_tutorial/cb_tutorial_custom_tags.xml"
Reading XML for "/home/pete/wefwefwef/docs/other/3656748787/repo/master/.xml/cb_tutorial/cb_tutorial_greeting_controller.xml"
Reading XML for "/home/pete/wefwefwef/docs/other/3656748787/repo/master/.xml/cb_tutorial/cb_tutorial_custom_filters.xml"
Reading XML for "/home/pete/wefwefwef/docs/other/3656748787/repo/master/.xml/cb_tutorial/cb_tutorial_outgoing_mail_controller.xml"
Reading XML for "/home/pete/wefwefwef/docs/other/3656748787/repo/master/.xml/cb_tutorial/cb_tutorial_custom_tags.xml"
Generating HTML - greeting "/home/pete/wefwefwef/docs/other/3656748787/repo/master/.xml/cb_tutorial/greeting.xml"
Reading XML for "/home/pete/wefwefwef/docs/other/3656748787/repo/master/.xml/cb_tutorial/greeting.xml"
Generating HTML - cb_tutorial_incoming_mail_controller "/home/pete/wefwefwef/docs/other/3656748787/repo/master/.xml/cb_tutorial/cb_tutorial_incoming_mail_controller.xml"
Reading XML for "/home/pete/wefwefwef/docs/other/3656748787/repo/master/.xml/cb_tutorial/cb_tutorial_incoming_mail_controller.xml"
Creating index.html ...
Creating erldocs_index.js ...
Woot, finished in 0 Minutes 0 Seconds
 :: Discovering other repos
$ 5000  `rm -r '/home/pete/wefwefwef/docs/other/3656748787/cb_tutorial-branch-master'  2>&1`
 :: Processing https://github.com/yebyen/cb_tutorial	{rev,branch,"minemat","987706cc6b93f176e01920d1fd3f61c3201b3352",undefined,[],[]}
 :: Fetching repo code
$ cd "/home/pete/wefwefwef/docs/other/3656748787/cb_tutorial-branch-minemat/cb_tutorial"
$ infinity  `curl --fail --silent --show-error --location --output 'minemat.zip' 'https://github.com/yebyen/cb_tutorial/archive/minemat.zip'  2>&1`
$ cd "/home/pete/wefwefwef/docs/erldocs_other.git"
$ cd "/home/pete/wefwefwef/docs/other/3656748787/cb_tutorial-branch-minemat/cb_tutorial"
$ 5000  `find -P . -type l -delete  2>&1`
$ cd "/home/pete/wefwefwef/docs/erldocs_other.git"
$ cd "/home/pete/wefwefwef/docs/other/3656748787/cb_tutorial-branch-minemat/cb_tutorial"
$ 5000  `find 'cb_tutorial-minemat' -mindepth 1 -maxdepth 1 -exec mv -t . -- {} +  2>&1`
$ cd "/home/pete/wefwefwef/docs/erldocs_other.git"
 :: Getting dependencies
$ cd "/home/pete/wefwefwef/docs/other/3656748787/cb_tutorial-branch-minemat/cb_tutorial"
$ 5000  `ls -1 deps/  2>&1`
$ cd "/home/pete/wefwefwef/docs/erldocs_other.git"
>>> [rebar] deps = []
 :: Generating erldocs into /home/pete/wefwefwef/docs/other/3656748787/repo/minemat
Building cb_tutorial
Generating XML for application cb_tutorial "/home/pete/wefwefwef/docs/other/3656748787/cb_tutorial-branch-minemat/cb_tutorial" -> "/home/pete/wefwefwef/docs/other/3656748787/repo/minemat/.xml/cb_tutorial"
Generated cb_tutorial XMLs: ["/home/pete/wefwefwef/docs/other/3656748787/repo/minemat/.xml/cb_tutorial/cb_tutorial_outgoing_mail_controller.xml",
                             "/home/pete/wefwefwef/docs/other/3656748787/repo/minemat/.xml/cb_tutorial/cb_tutorial_custom_filters.xml",
                             "/home/pete/wefwefwef/docs/other/3656748787/repo/minemat/.xml/cb_tutorial/cb_tutorial_custom_tags.xml",
                             "/home/pete/wefwefwef/docs/other/3656748787/repo/minemat/.xml/cb_tutorial/cb_tutorial_incoming_mail_controller.xml",
                             "/home/pete/wefwefwef/docs/other/3656748787/repo/minemat/.xml/cb_tutorial/greeting.xml",
                             "/home/pete/wefwefwef/docs/other/3656748787/repo/minemat/.xml/cb_tutorial/cb_tutorial_greeting_controller.xml"]
Generating HTML - cb_tutorial_custom_filters "/home/pete/wefwefwef/docs/other/3656748787/repo/minemat/.xml/cb_tutorial/cb_tutorial_custom_filters.xml"
Generating HTML - cb_tutorial_greeting_controller "/home/pete/wefwefwef/docs/other/3656748787/repo/minemat/.xml/cb_tutorial/cb_tutorial_greeting_controller.xml"
Generating HTML - cb_tutorial_custom_tags "/home/pete/wefwefwef/docs/other/3656748787/repo/minemat/.xml/cb_tutorial/cb_tutorial_custom_tags.xml"
Generating HTML - cb_tutorial_outgoing_mail_controller "/home/pete/wefwefwef/docs/other/3656748787/repo/minemat/.xml/cb_tutorial/cb_tutorial_outgoing_mail_controller.xml"
Reading XML for "/home/pete/wefwefwef/docs/other/3656748787/repo/minemat/.xml/cb_tutorial/cb_tutorial_custom_filters.xml"
Reading XML for "/home/pete/wefwefwef/docs/other/3656748787/repo/minemat/.xml/cb_tutorial/cb_tutorial_greeting_controller.xml"
Reading XML for "/home/pete/wefwefwef/docs/other/3656748787/repo/minemat/.xml/cb_tutorial/cb_tutorial_custom_tags.xml"
Reading XML for "/home/pete/wefwefwef/docs/other/3656748787/repo/minemat/.xml/cb_tutorial/cb_tutorial_outgoing_mail_controller.xml"
Generating HTML - greeting "/home/pete/wefwefwef/docs/other/3656748787/repo/minemat/.xml/cb_tutorial/greeting.xml"
Reading XML for "/home/pete/wefwefwef/docs/other/3656748787/repo/minemat/.xml/cb_tutorial/greeting.xml"
Generating HTML - cb_tutorial_incoming_mail_controller "/home/pete/wefwefwef/docs/other/3656748787/repo/minemat/.xml/cb_tutorial/cb_tutorial_incoming_mail_controller.xml"
Reading XML for "/home/pete/wefwefwef/docs/other/3656748787/repo/minemat/.xml/cb_tutorial/cb_tutorial_incoming_mail_controller.xml"
Creating index.html ...
Creating erldocs_index.js ...
Woot, finished in 0 Minutes 0 Seconds
 :: Discovering other repos
$ 5000  `rm -r '/home/pete/wefwefwef/docs/other/3656748787/cb_tutorial-branch-minemat'  2>&1`
 :: Processing https://github.com/yebyen/cb_tutorial	{rev,branch,"test-message","9fe05b320552b3ed1d7aaee5c4524717c155775b",undefined,[],[]}
 :: Fetching repo code
$ cd "/home/pete/wefwefwef/docs/other/3656748787/cb_tutorial-branch-test-message/cb_tutorial"
$ infinity  `curl --fail --silent --show-error --location --output 'test-message.zip' 'https://github.com/yebyen/cb_tutorial/archive/test-message.zip'  2>&1`
$ cd "/home/pete/wefwefwef/docs/erldocs_other.git"
$ cd "/home/pete/wefwefwef/docs/other/3656748787/cb_tutorial-branch-test-message/cb_tutorial"
$ 5000  `find -P . -type l -delete  2>&1`
$ cd "/home/pete/wefwefwef/docs/erldocs_other.git"
$ cd "/home/pete/wefwefwef/docs/other/3656748787/cb_tutorial-branch-test-message/cb_tutorial"
$ 5000  `find 'cb_tutorial-test-message' -mindepth 1 -maxdepth 1 -exec mv -t . -- {} +  2>&1`
$ cd "/home/pete/wefwefwef/docs/erldocs_other.git"
 :: Getting dependencies
$ cd "/home/pete/wefwefwef/docs/other/3656748787/cb_tutorial-branch-test-message/cb_tutorial"
$ 5000  `ls -1 deps/  2>&1`
$ cd "/home/pete/wefwefwef/docs/erldocs_other.git"
>>> [rebar] deps = []
 :: Generating erldocs into /home/pete/wefwefwef/docs/other/3656748787/repo/test-message
Building cb_tutorial
Generating XML for application cb_tutorial "/home/pete/wefwefwef/docs/other/3656748787/cb_tutorial-branch-test-message/cb_tutorial" -> "/home/pete/wefwefwef/docs/other/3656748787/repo/test-message/.xml/cb_tutorial"
Generated cb_tutorial XMLs: ["/home/pete/wefwefwef/docs/other/3656748787/repo/test-message/.xml/cb_tutorial/cb_tutorial_outgoing_mail_controller.xml",
                             "/home/pete/wefwefwef/docs/other/3656748787/repo/test-message/.xml/cb_tutorial/cb_tutorial_custom_filters.xml",
                             "/home/pete/wefwefwef/docs/other/3656748787/repo/test-message/.xml/cb_tutorial/cb_tutorial_custom_tags.xml",
                             "/home/pete/wefwefwef/docs/other/3656748787/repo/test-message/.xml/cb_tutorial/cb_tutorial_incoming_mail_controller.xml",
                             "/home/pete/wefwefwef/docs/other/3656748787/repo/test-message/.xml/cb_tutorial/greeting.xml",
                             "/home/pete/wefwefwef/docs/other/3656748787/repo/test-message/.xml/cb_tutorial/cb_tutorial_greeting_controller.xml"]
Generating HTML - cb_tutorial_outgoing_mail_controller "/home/pete/wefwefwef/docs/other/3656748787/repo/test-message/.xml/cb_tutorial/cb_tutorial_outgoing_mail_controller.xml"
Generating HTML - cb_tutorial_custom_filters "/home/pete/wefwefwef/docs/other/3656748787/repo/test-message/.xml/cb_tutorial/cb_tutorial_custom_filters.xml"
Generating HTML - cb_tutorial_custom_tags "/home/pete/wefwefwef/docs/other/3656748787/repo/test-message/.xml/cb_tutorial/cb_tutorial_custom_tags.xml"
Generating HTML - cb_tutorial_greeting_controller "/home/pete/wefwefwef/docs/other/3656748787/repo/test-message/.xml/cb_tutorial/cb_tutorial_greeting_controller.xml"
Reading XML for "/home/pete/wefwefwef/docs/other/3656748787/repo/test-message/.xml/cb_tutorial/cb_tutorial_outgoing_mail_controller.xml"
Reading XML for "/home/pete/wefwefwef/docs/other/3656748787/repo/test-message/.xml/cb_tutorial/cb_tutorial_custom_filters.xml"
Reading XML for "/home/pete/wefwefwef/docs/other/3656748787/repo/test-message/.xml/cb_tutorial/cb_tutorial_custom_tags.xml"
Reading XML for "/home/pete/wefwefwef/docs/other/3656748787/repo/test-message/.xml/cb_tutorial/cb_tutorial_greeting_controller.xml"
Generating HTML - greeting "/home/pete/wefwefwef/docs/other/3656748787/repo/test-message/.xml/cb_tutorial/greeting.xml"
Reading XML for "/home/pete/wefwefwef/docs/other/3656748787/repo/test-message/.xml/cb_tutorial/greeting.xml"
Generating HTML - cb_tutorial_incoming_mail_controller "/home/pete/wefwefwef/docs/other/3656748787/repo/test-message/.xml/cb_tutorial/cb_tutorial_incoming_mail_controller.xml"
Reading XML for "/home/pete/wefwefwef/docs/other/3656748787/repo/test-message/.xml/cb_tutorial/cb_tutorial_incoming_mail_controller.xml"
Creating index.html ...
Creating erldocs_index.js ...
Woot, finished in 0 Minutes 0 Seconds
 :: Discovering other repos
$ 5000  `rm -r '/home/pete/wefwefwef/docs/other/3656748787/cb_tutorial-branch-test-message'  2>&1`
 :: Finishing up
$ 5000  `rm -r '/home/pete/wefwefwef/docs/other/3656748787/cb_tutorial'  2>&1`
