 :: Extracting meta information
$ infinity  `git ls-remote --heads --tags 'https://github.com/ekiaa/gen_object'  2>&1`
>>> [repo] 3 branches, 0 tags
 :: Writing meta to "/home/pete/wefwefwef/docs/other/77dc64adae90c5cfa6ebdf0da6e67d4306c3903f/meta.txt"
 :: Processing https://github.com/ekiaa/gen_object	{rev,branch,"master","7b1694aed20347ba55a9e3faa3799de9a52dd69a",undefined,[],[]}
 :: Fetching repo code
$ cd '/home/pete/wefwefwef/docs/other/77dc64adae90c5cfa6ebdf0da6e67d4306c3903f/gen_object-branch-master'
$ infinity  `curl --fail --silent --show-error --location --output repo.tar.gz 'https://codeload.github.com/ekiaa/gen_object/tar.gz/master'  2>&1`
$ cd '/home/pete/wefwefwef/docs/erldocs_other.git'
$ cd '/home/pete/wefwefwef/docs/other/77dc64adae90c5cfa6ebdf0da6e67d4306c3903f/gen_object-branch-master/gen_object-master'
$ 5000  `find -P . -type l -delete  2>&1`
$ cd '/home/pete/wefwefwef/docs/erldocs_other.git'
$ 5000  `mv '/home/pete/wefwefwef/docs/other/77dc64adae90c5cfa6ebdf0da6e67d4306c3903f/gen_object-branch-master/gen_object-master' '/home/pete/wefwefwef/docs/other/77dc64adae90c5cfa6ebdf0da6e67d4306c3903f/gen_object-branch-master/gen_object'  2>&1`
 :: Getting dependencies
$ cd '/home/pete/wefwefwef/docs/other/77dc64adae90c5cfa6ebdf0da6e67d4306c3903f/gen_object-branch-master/gen_object'
$ 5000  `ls -1 deps/  2>&1`
$ cd '/home/pete/wefwefwef/docs/erldocs_other.git'
>>> [rebar] deps = []
 :: Generating erldocs into /home/pete/wefwefwef/docs/other/77dc64adae90c5cfa6ebdf0da6e67d4306c3903f/repo/master
Building gen_object
Generating Type Specs - "/home/pete/wefwefwef/docs/other/77dc64adae90c5cfa6ebdf0da6e67d4306c3903f/gen_object-branch-master/gen_object/src/gen_object.erl"
Generating Type Specs - "/home/pete/wefwefwef/docs/other/77dc64adae90c5cfa6ebdf0da6e67d4306c3903f/gen_object-branch-master/gen_object/src/gen_object_app.erl"
Generating Type Specs - "/home/pete/wefwefwef/docs/other/77dc64adae90c5cfa6ebdf0da6e67d4306c3903f/gen_object-branch-master/gen_object/src/gen_object_sup.erl"
Generating XML for application gen_object "/home/pete/wefwefwef/docs/other/77dc64adae90c5cfa6ebdf0da6e67d4306c3903f/gen_object-branch-master/gen_object" -> "/home/pete/wefwefwef/docs/other/77dc64adae90c5cfa6ebdf0da6e67d4306c3903f/repo/master/.xml/gen_object"
Generated gen_object XMLs: ["/home/pete/wefwefwef/docs/other/77dc64adae90c5cfa6ebdf0da6e67d4306c3903f/repo/master/.xml/gen_object/gen_object.xml",
                            "/home/pete/wefwefwef/docs/other/77dc64adae90c5cfa6ebdf0da6e67d4306c3903f/repo/master/.xml/gen_object/gen_object_app.xml",
                            "/home/pete/wefwefwef/docs/other/77dc64adae90c5cfa6ebdf0da6e67d4306c3903f/repo/master/.xml/gen_object/gen_object_sup.xml"]
Generating HTML - gen_object_sup "/home/pete/wefwefwef/docs/other/77dc64adae90c5cfa6ebdf0da6e67d4306c3903f/repo/master/.xml/gen_object/gen_object_sup.xml"
Reading XML for "/home/pete/wefwefwef/docs/other/77dc64adae90c5cfa6ebdf0da6e67d4306c3903f/repo/master/.xml/gen_object/gen_object_sup.xml"
Reading XML for "/home/pete/wefwefwef/docs/other/77dc64adae90c5cfa6ebdf0da6e67d4306c3903f/repo/master/.xml/specs_gen_object_sup.xml"
Generating HTML - gen_object_app "/home/pete/wefwefwef/docs/other/77dc64adae90c5cfa6ebdf0da6e67d4306c3903f/repo/master/.xml/gen_object/gen_object_app.xml"
Reading XML for "/home/pete/wefwefwef/docs/other/77dc64adae90c5cfa6ebdf0da6e67d4306c3903f/repo/master/.xml/gen_object/gen_object_app.xml"
Reading XML for "/home/pete/wefwefwef/docs/other/77dc64adae90c5cfa6ebdf0da6e67d4306c3903f/repo/master/.xml/specs_gen_object_app.xml"
Generating HTML - gen_object "/home/pete/wefwefwef/docs/other/77dc64adae90c5cfa6ebdf0da6e67d4306c3903f/repo/master/.xml/gen_object/gen_object.xml"
Reading XML for "/home/pete/wefwefwef/docs/other/77dc64adae90c5cfa6ebdf0da6e67d4306c3903f/repo/master/.xml/gen_object/gen_object.xml"
Reading XML for "/home/pete/wefwefwef/docs/other/77dc64adae90c5cfa6ebdf0da6e67d4306c3903f/repo/master/.xml/specs_gen_object.xml"
Creating index.html ...
Creating erldocs_index.js ...
Woot, finished in 0 Minutes 0 Seconds
 :: Discovering other repos
$ 5000  `rm -r '/home/pete/wefwefwef/docs/other/77dc64adae90c5cfa6ebdf0da6e67d4306c3903f/gen_object-branch-master'  2>&1`
 :: Processing https://github.com/ekiaa/gen_object	{rev,branch,"get-set","513be5ed178a1120e922a5ac0a05b00cbe84d6d3",undefined,[],[]}
 :: Fetching repo code
$ cd '/home/pete/wefwefwef/docs/other/77dc64adae90c5cfa6ebdf0da6e67d4306c3903f/gen_object-branch-get-set'
$ infinity  `curl --fail --silent --show-error --location --output repo.tar.gz 'https://codeload.github.com/ekiaa/gen_object/tar.gz/get-set'  2>&1`
$ cd '/home/pete/wefwefwef/docs/erldocs_other.git'
$ cd '/home/pete/wefwefwef/docs/other/77dc64adae90c5cfa6ebdf0da6e67d4306c3903f/gen_object-branch-get-set/gen_object-get-set'
$ 5000  `find -P . -type l -delete  2>&1`
$ cd '/home/pete/wefwefwef/docs/erldocs_other.git'
$ 5000  `mv '/home/pete/wefwefwef/docs/other/77dc64adae90c5cfa6ebdf0da6e67d4306c3903f/gen_object-branch-get-set/gen_object-get-set' '/home/pete/wefwefwef/docs/other/77dc64adae90c5cfa6ebdf0da6e67d4306c3903f/gen_object-branch-get-set/gen_object'  2>&1`
 :: Getting dependencies
$ cd '/home/pete/wefwefwef/docs/other/77dc64adae90c5cfa6ebdf0da6e67d4306c3903f/gen_object-branch-get-set/gen_object'
$ 5000  `ls -1 deps/  2>&1`
$ cd '/home/pete/wefwefwef/docs/erldocs_other.git'
>>> [rebar] deps = []
 :: Generating erldocs into /home/pete/wefwefwef/docs/other/77dc64adae90c5cfa6ebdf0da6e67d4306c3903f/repo/get-set
Building gen_object
Generating Type Specs - "/home/pete/wefwefwef/docs/other/77dc64adae90c5cfa6ebdf0da6e67d4306c3903f/gen_object-branch-get-set/gen_object/src/gen_object.erl"
Generating Type Specs - "/home/pete/wefwefwef/docs/other/77dc64adae90c5cfa6ebdf0da6e67d4306c3903f/gen_object-branch-get-set/gen_object/src/gen_object_app.erl"
Generating Type Specs - "/home/pete/wefwefwef/docs/other/77dc64adae90c5cfa6ebdf0da6e67d4306c3903f/gen_object-branch-get-set/gen_object/src/gen_object_sup.erl"
Generating Type Specs - "/home/pete/wefwefwef/docs/other/77dc64adae90c5cfa6ebdf0da6e67d4306c3903f/gen_object-branch-get-set/gen_object/src/testobj.erl"
Generating XML for application gen_object "/home/pete/wefwefwef/docs/other/77dc64adae90c5cfa6ebdf0da6e67d4306c3903f/gen_object-branch-get-set/gen_object" -> "/home/pete/wefwefwef/docs/other/77dc64adae90c5cfa6ebdf0da6e67d4306c3903f/repo/get-set/.xml/gen_object"
Generated gen_object XMLs: ["/home/pete/wefwefwef/docs/other/77dc64adae90c5cfa6ebdf0da6e67d4306c3903f/repo/get-set/.xml/gen_object/testobj.xml",
                            "/home/pete/wefwefwef/docs/other/77dc64adae90c5cfa6ebdf0da6e67d4306c3903f/repo/get-set/.xml/gen_object/gen_object.xml",
                            "/home/pete/wefwefwef/docs/other/77dc64adae90c5cfa6ebdf0da6e67d4306c3903f/repo/get-set/.xml/gen_object/gen_object_app.xml",
                            "/home/pete/wefwefwef/docs/other/77dc64adae90c5cfa6ebdf0da6e67d4306c3903f/repo/get-set/.xml/gen_object/gen_object_sup.xml"]
Generating HTML - testobj "/home/pete/wefwefwef/docs/other/77dc64adae90c5cfa6ebdf0da6e67d4306c3903f/repo/get-set/.xml/gen_object/testobj.xml"
Generating HTML - gen_object "/home/pete/wefwefwef/docs/other/77dc64adae90c5cfa6ebdf0da6e67d4306c3903f/repo/get-set/.xml/gen_object/gen_object.xml"
Generating HTML - gen_object_app "/home/pete/wefwefwef/docs/other/77dc64adae90c5cfa6ebdf0da6e67d4306c3903f/repo/get-set/.xml/gen_object/gen_object_app.xml"
Generating HTML - gen_object_sup "/home/pete/wefwefwef/docs/other/77dc64adae90c5cfa6ebdf0da6e67d4306c3903f/repo/get-set/.xml/gen_object/gen_object_sup.xml"
Reading XML for "/home/pete/wefwefwef/docs/other/77dc64adae90c5cfa6ebdf0da6e67d4306c3903f/repo/get-set/.xml/gen_object/testobj.xml"
Reading XML for "/home/pete/wefwefwef/docs/other/77dc64adae90c5cfa6ebdf0da6e67d4306c3903f/repo/get-set/.xml/gen_object/gen_object.xml"
Reading XML for "/home/pete/wefwefwef/docs/other/77dc64adae90c5cfa6ebdf0da6e67d4306c3903f/repo/get-set/.xml/gen_object/gen_object_app.xml"
Reading XML for "/home/pete/wefwefwef/docs/other/77dc64adae90c5cfa6ebdf0da6e67d4306c3903f/repo/get-set/.xml/gen_object/gen_object_sup.xml"
Reading XML for "/home/pete/wefwefwef/docs/other/77dc64adae90c5cfa6ebdf0da6e67d4306c3903f/repo/get-set/.xml/specs_gen_object_app.xml"
Reading XML for "/home/pete/wefwefwef/docs/other/77dc64adae90c5cfa6ebdf0da6e67d4306c3903f/repo/get-set/.xml/specs_testobj.xml"
Reading XML for "/home/pete/wefwefwef/docs/other/77dc64adae90c5cfa6ebdf0da6e67d4306c3903f/repo/get-set/.xml/specs_gen_object_sup.xml"
Reading XML for "/home/pete/wefwefwef/docs/other/77dc64adae90c5cfa6ebdf0da6e67d4306c3903f/repo/get-set/.xml/specs_gen_object.xml"
Creating index.html ...
Creating erldocs_index.js ...
Woot, finished in 0 Minutes 0 Seconds
 :: Discovering other repos
$ 5000  `rm -r '/home/pete/wefwefwef/docs/other/77dc64adae90c5cfa6ebdf0da6e67d4306c3903f/gen_object-branch-get-set'  2>&1`
 :: Processing https://github.com/ekiaa/gen_object	{rev,branch,"examples","066d9dc4a6ccc3581271789078b4750d4a0cca95",undefined,[],[]}
 :: Fetching repo code
$ cd '/home/pete/wefwefwef/docs/other/77dc64adae90c5cfa6ebdf0da6e67d4306c3903f/gen_object-branch-examples'
$ infinity  `curl --fail --silent --show-error --location --output repo.tar.gz 'https://codeload.github.com/ekiaa/gen_object/tar.gz/examples'  2>&1`
$ cd '/home/pete/wefwefwef/docs/erldocs_other.git'
$ cd '/home/pete/wefwefwef/docs/other/77dc64adae90c5cfa6ebdf0da6e67d4306c3903f/gen_object-branch-examples/gen_object-examples'
$ 5000  `find -P . -type l -delete  2>&1`
$ cd '/home/pete/wefwefwef/docs/erldocs_other.git'
$ 5000  `mv '/home/pete/wefwefwef/docs/other/77dc64adae90c5cfa6ebdf0da6e67d4306c3903f/gen_object-branch-examples/gen_object-examples' '/home/pete/wefwefwef/docs/other/77dc64adae90c5cfa6ebdf0da6e67d4306c3903f/gen_object-branch-examples/gen_object'  2>&1`
 :: Getting dependencies
$ cd '/home/pete/wefwefwef/docs/other/77dc64adae90c5cfa6ebdf0da6e67d4306c3903f/gen_object-branch-examples/gen_object'
$ 5000  `ls -1 deps/  2>&1`
$ cd '/home/pete/wefwefwef/docs/erldocs_other.git'
>>> [rebar] deps = []
 :: Generating erldocs into /home/pete/wefwefwef/docs/other/77dc64adae90c5cfa6ebdf0da6e67d4306c3903f/repo/examples
Building gen_object
Generating Type Specs - "/home/pete/wefwefwef/docs/other/77dc64adae90c5cfa6ebdf0da6e67d4306c3903f/gen_object-branch-examples/gen_object/src/gen_object.erl"
Generating Type Specs - "/home/pete/wefwefwef/docs/other/77dc64adae90c5cfa6ebdf0da6e67d4306c3903f/gen_object-branch-examples/gen_object/src/gen_object_app.erl"
Generating Type Specs - "/home/pete/wefwefwef/docs/other/77dc64adae90c5cfa6ebdf0da6e67d4306c3903f/gen_object-branch-examples/gen_object/src/gen_object_sup.erl"
Generating Type Specs - "/home/pete/wefwefwef/docs/other/77dc64adae90c5cfa6ebdf0da6e67d4306c3903f/gen_object-branch-examples/gen_object/src/testobj.erl"
Generating XML for application gen_object "/home/pete/wefwefwef/docs/other/77dc64adae90c5cfa6ebdf0da6e67d4306c3903f/gen_object-branch-examples/gen_object" -> "/home/pete/wefwefwef/docs/other/77dc64adae90c5cfa6ebdf0da6e67d4306c3903f/repo/examples/.xml/gen_object"
Generated gen_object XMLs: ["/home/pete/wefwefwef/docs/other/77dc64adae90c5cfa6ebdf0da6e67d4306c3903f/repo/examples/.xml/gen_object/testobj.xml",
                            "/home/pete/wefwefwef/docs/other/77dc64adae90c5cfa6ebdf0da6e67d4306c3903f/repo/examples/.xml/gen_object/gen_object.xml",
                            "/home/pete/wefwefwef/docs/other/77dc64adae90c5cfa6ebdf0da6e67d4306c3903f/repo/examples/.xml/gen_object/gen_object_app.xml",
                            "/home/pete/wefwefwef/docs/other/77dc64adae90c5cfa6ebdf0da6e67d4306c3903f/repo/examples/.xml/gen_object/gen_object_sup.xml"]
Generating HTML - testobj "/home/pete/wefwefwef/docs/other/77dc64adae90c5cfa6ebdf0da6e67d4306c3903f/repo/examples/.xml/gen_object/testobj.xml"
Generating HTML - gen_object "/home/pete/wefwefwef/docs/other/77dc64adae90c5cfa6ebdf0da6e67d4306c3903f/repo/examples/.xml/gen_object/gen_object.xml"
Generating HTML - gen_object_app "/home/pete/wefwefwef/docs/other/77dc64adae90c5cfa6ebdf0da6e67d4306c3903f/repo/examples/.xml/gen_object/gen_object_app.xml"
Generating HTML - gen_object_sup "/home/pete/wefwefwef/docs/other/77dc64adae90c5cfa6ebdf0da6e67d4306c3903f/repo/examples/.xml/gen_object/gen_object_sup.xml"
Reading XML for "/home/pete/wefwefwef/docs/other/77dc64adae90c5cfa6ebdf0da6e67d4306c3903f/repo/examples/.xml/gen_object/testobj.xml"
Reading XML for "/home/pete/wefwefwef/docs/other/77dc64adae90c5cfa6ebdf0da6e67d4306c3903f/repo/examples/.xml/gen_object/gen_object.xml"
Reading XML for "/home/pete/wefwefwef/docs/other/77dc64adae90c5cfa6ebdf0da6e67d4306c3903f/repo/examples/.xml/gen_object/gen_object_app.xml"
Reading XML for "/home/pete/wefwefwef/docs/other/77dc64adae90c5cfa6ebdf0da6e67d4306c3903f/repo/examples/.xml/gen_object/gen_object_sup.xml"
Reading XML for "/home/pete/wefwefwef/docs/other/77dc64adae90c5cfa6ebdf0da6e67d4306c3903f/repo/examples/.xml/specs_gen_object_app.xml"
Reading XML for "/home/pete/wefwefwef/docs/other/77dc64adae90c5cfa6ebdf0da6e67d4306c3903f/repo/examples/.xml/specs_testobj.xml"
Reading XML for "/home/pete/wefwefwef/docs/other/77dc64adae90c5cfa6ebdf0da6e67d4306c3903f/repo/examples/.xml/specs_gen_object_sup.xml"
Reading XML for "/home/pete/wefwefwef/docs/other/77dc64adae90c5cfa6ebdf0da6e67d4306c3903f/repo/examples/.xml/specs_gen_object.xml"
Creating index.html ...
Creating erldocs_index.js ...
Woot, finished in 0 Minutes 0 Seconds
 :: Discovering other repos
$ 5000  `rm -r '/home/pete/wefwefwef/docs/other/77dc64adae90c5cfa6ebdf0da6e67d4306c3903f/gen_object-branch-examples'  2>&1`
 :: Finishing up
$ 5000  `rm -r '/home/pete/wefwefwef/docs/other/77dc64adae90c5cfa6ebdf0da6e67d4306c3903f/gen_object'  2>&1`
