 :: Extracting meta information
$ 5000  `git ls-remote --heads --tags 'https://github.com/tsharju/hubbabubba'  2>&1`
>>> [repo] 1 branches, 0 tags
 :: Writing meta to "/home/pete/wefwefwef/docs/other/3457119071/meta.txt"
 :: Processing https://github.com/tsharju/hubbabubba	{rev,branch,"master","2d1b3c8fadde531107f356e4b75b1297a4a7831b",undefined,[],[]}
 :: Fetching repo code
$ cd "/home/pete/wefwefwef/docs/other/3457119071/hubbabubba-branch-master/hubbabubba"
$ infinity  `curl --fail --silent --show-error --location --output 'master.zip' 'https://github.com/tsharju/hubbabubba/archive/master.zip'  2>&1`
$ cd "/home/pete/wefwefwef/docs/erldocs_other.git"
$ cd "/home/pete/wefwefwef/docs/other/3457119071/hubbabubba-branch-master/hubbabubba"
$ 5000  `find -P . -type l -delete  2>&1`
$ cd "/home/pete/wefwefwef/docs/erldocs_other.git"
$ cd "/home/pete/wefwefwef/docs/other/3457119071/hubbabubba-branch-master/hubbabubba"
$ 5000  `find 'hubbabubba-master' -mindepth 1 -maxdepth 1 -exec mv -t . -- {} +  2>&1`
$ cd "/home/pete/wefwefwef/docs/erldocs_other.git"
 :: Getting dependencies
$ cd "/home/pete/wefwefwef/docs/other/3457119071/hubbabubba-branch-master/hubbabubba"
$ 5000  `ls -1 deps/  2>&1`
$ cd "/home/pete/wefwefwef/docs/erldocs_other.git"
>>> [rebar] deps = []
 :: Generating erldocs into /home/pete/wefwefwef/docs/other/3457119071/repo/master
Building hubbabubba
Generating Type Specs - "/home/pete/wefwefwef/docs/other/3457119071/hubbabubba-branch-master/hubbabubba/apps/hubbabubba/src/hubbabubba.erl"
Generating Type Specs - "/home/pete/wefwefwef/docs/other/3457119071/hubbabubba-branch-master/hubbabubba/apps/hubbabubba/src/hubbabubba_app.erl"
Generating Type Specs - "/home/pete/wefwefwef/docs/other/3457119071/hubbabubba-branch-master/hubbabubba/apps/hubbabubba/src/hubbabubba_callback_resource.erl"
/home/pete/wefwefwef/docs/other/3457119071/hubbabubba-branch-master/hubbabubba/apps/hubbabubba/src/hubbabubba_callback_resource.erl: at line 8: can't find include lib "webmachine/include/webmachine.hrl"
EDoc could not process file '/home/pete/wefwefwef/docs/other/3457119071/hubbabubba-branch-master/hubbabubba/apps/hubbabubba/src/hubbabubba_callback_resource.erl'
Error generating type specs for "/home/pete/wefwefwef/docs/other/3457119071/hubbabubba-branch-master/hubbabubba/apps/hubbabubba/src/hubbabubba_callback_resource.erl"
Generating Type Specs - "/home/pete/wefwefwef/docs/other/3457119071/hubbabubba-branch-master/hubbabubba/apps/hubbabubba/src/hubbabubba_error.erl"
Generating Type Specs - "/home/pete/wefwefwef/docs/other/3457119071/hubbabubba-branch-master/hubbabubba/apps/hubbabubba/src/hubbabubba_req_parser.erl"
Generating Type Specs - "/home/pete/wefwefwef/docs/other/3457119071/hubbabubba-branch-master/hubbabubba/apps/hubbabubba/src/hubbabubba_resource.erl"
/home/pete/wefwefwef/docs/other/3457119071/hubbabubba-branch-master/hubbabubba/apps/hubbabubba/src/hubbabubba_resource.erl: at line 13: can't find include lib "webmachine/include/webmachine.hrl"
EDoc could not process file '/home/pete/wefwefwef/docs/other/3457119071/hubbabubba-branch-master/hubbabubba/apps/hubbabubba/src/hubbabubba_resource.erl'
Error generating type specs for "/home/pete/wefwefwef/docs/other/3457119071/hubbabubba-branch-master/hubbabubba/apps/hubbabubba/src/hubbabubba_resource.erl"
Generating Type Specs - "/home/pete/wefwefwef/docs/other/3457119071/hubbabubba-branch-master/hubbabubba/apps/hubbabubba/src/hubbabubba_server.erl"
Generating Type Specs - "/home/pete/wefwefwef/docs/other/3457119071/hubbabubba-branch-master/hubbabubba/apps/hubbabubba/src/hubbabubba_sub_storage.erl"
Generating Type Specs - "/home/pete/wefwefwef/docs/other/3457119071/hubbabubba-branch-master/hubbabubba/apps/hubbabubba/src/hubbabubba_sup.erl"
Generating Type Specs - "/home/pete/wefwefwef/docs/other/3457119071/hubbabubba-branch-master/hubbabubba/apps/hubbabubba/src/hubbabubba_utils.erl"
Generating Type Specs - "/home/pete/wefwefwef/docs/other/3457119071/hubbabubba-branch-master/hubbabubba/apps/hubbabubba/src/hubbabubba_verifier.erl"
Generating Type Specs - "/home/pete/wefwefwef/docs/other/3457119071/hubbabubba-branch-master/hubbabubba/apps/hubbabubba/src/hubbabubba_web.erl"
Generating XML for application hubbabubba "/home/pete/wefwefwef/docs/other/3457119071/hubbabubba-branch-master/hubbabubba/apps/hubbabubba" -> "/home/pete/wefwefwef/docs/other/3457119071/repo/master/.xml/hubbabubba"
/home/pete/wefwefwef/docs/other/3457119071/hubbabubba-branch-master/hubbabubba/apps/hubbabubba/src/hubbabubba_resource.erl: at line 13: can't find include lib "webmachine/include/webmachine.hrl"
edoc: skipping source file '/home/pete/wefwefwef/docs/other/3457119071/hubbabubba-branch-master/hubbabubba/apps/hubbabubba/src/hubbabubba_resource.erl': {'EXIT',
                                                                                                                                                    error}.
/home/pete/wefwefwef/docs/other/3457119071/hubbabubba-branch-master/hubbabubba/apps/hubbabubba/src/hubbabubba_callback_resource.erl: at line 8: can't find include lib "webmachine/include/webmachine.hrl"
edoc: skipping source file '/home/pete/wefwefwef/docs/other/3457119071/hubbabubba-branch-master/hubbabubba/apps/hubbabubba/src/hubbabubba_callback_resource.erl': {'EXIT',
                                                                                                                                                             error}.
edoc: error in doclet 'edoc_doclet': {'EXIT',error}.
Error generating hubbabubba XMLs. Using fallback ...
Generating XML hubbabubba - hubbabubba "/home/pete/wefwefwef/docs/other/3457119071/hubbabubba-branch-master/hubbabubba/apps/hubbabubba/src/hubbabubba.erl" -> "/home/pete/wefwefwef/docs/other/3457119071/repo/master/.xml/hubbabubba/hubbabubba.xml"
Generating XML hubbabubba - hubbabubba_app "/home/pete/wefwefwef/docs/other/3457119071/hubbabubba-branch-master/hubbabubba/apps/hubbabubba/src/hubbabubba_app.erl" -> "/home/pete/wefwefwef/docs/other/3457119071/repo/master/.xml/hubbabubba/hubbabubba_app.xml"
Generating XML hubbabubba - hubbabubba_callback_resource "/home/pete/wefwefwef/docs/other/3457119071/hubbabubba-branch-master/hubbabubba/apps/hubbabubba/src/hubbabubba_callback_resource.erl" -> "/home/pete/wefwefwef/docs/other/3457119071/repo/master/.xml/hubbabubba/hubbabubba_callback_resource.xml"
/home/pete/wefwefwef/docs/other/3457119071/hubbabubba-branch-master/hubbabubba/apps/hubbabubba/src/hubbabubba_callback_resource.erl: at line 8: can't find include lib "webmachine/include/webmachine.hrl"
Error generating XML ("/home/pete/wefwefwef/docs/other/3457119071/hubbabubba-branch-master/hubbabubba/apps/hubbabubba/src/hubbabubba_callback_resource.erl"): {'EXIT',
                                                                                                                                                               error}
Generating XML hubbabubba - hubbabubba_error "/home/pete/wefwefwef/docs/other/3457119071/hubbabubba-branch-master/hubbabubba/apps/hubbabubba/src/hubbabubba_error.erl" -> "/home/pete/wefwefwef/docs/other/3457119071/repo/master/.xml/hubbabubba/hubbabubba_error.xml"
Generating XML hubbabubba - hubbabubba_req_parser "/home/pete/wefwefwef/docs/other/3457119071/hubbabubba-branch-master/hubbabubba/apps/hubbabubba/src/hubbabubba_req_parser.erl" -> "/home/pete/wefwefwef/docs/other/3457119071/repo/master/.xml/hubbabubba/hubbabubba_req_parser.xml"
Generating XML hubbabubba - hubbabubba_resource "/home/pete/wefwefwef/docs/other/3457119071/hubbabubba-branch-master/hubbabubba/apps/hubbabubba/src/hubbabubba_resource.erl" -> "/home/pete/wefwefwef/docs/other/3457119071/repo/master/.xml/hubbabubba/hubbabubba_resource.xml"
/home/pete/wefwefwef/docs/other/3457119071/hubbabubba-branch-master/hubbabubba/apps/hubbabubba/src/hubbabubba_resource.erl: at line 13: can't find include lib "webmachine/include/webmachine.hrl"
Error generating XML ("/home/pete/wefwefwef/docs/other/3457119071/hubbabubba-branch-master/hubbabubba/apps/hubbabubba/src/hubbabubba_resource.erl"): {'EXIT',
                                                                                                                                                      error}
Generating XML hubbabubba - hubbabubba_server "/home/pete/wefwefwef/docs/other/3457119071/hubbabubba-branch-master/hubbabubba/apps/hubbabubba/src/hubbabubba_server.erl" -> "/home/pete/wefwefwef/docs/other/3457119071/repo/master/.xml/hubbabubba/hubbabubba_server.xml"
Generating XML hubbabubba - hubbabubba_sub_storage "/home/pete/wefwefwef/docs/other/3457119071/hubbabubba-branch-master/hubbabubba/apps/hubbabubba/src/hubbabubba_sub_storage.erl" -> "/home/pete/wefwefwef/docs/other/3457119071/repo/master/.xml/hubbabubba/hubbabubba_sub_storage.xml"
Generating XML hubbabubba - hubbabubba_sup "/home/pete/wefwefwef/docs/other/3457119071/hubbabubba-branch-master/hubbabubba/apps/hubbabubba/src/hubbabubba_sup.erl" -> "/home/pete/wefwefwef/docs/other/3457119071/repo/master/.xml/hubbabubba/hubbabubba_sup.xml"
Generating XML hubbabubba - hubbabubba_utils "/home/pete/wefwefwef/docs/other/3457119071/hubbabubba-branch-master/hubbabubba/apps/hubbabubba/src/hubbabubba_utils.erl" -> "/home/pete/wefwefwef/docs/other/3457119071/repo/master/.xml/hubbabubba/hubbabubba_utils.xml"
Generating XML hubbabubba - hubbabubba_verifier "/home/pete/wefwefwef/docs/other/3457119071/hubbabubba-branch-master/hubbabubba/apps/hubbabubba/src/hubbabubba_verifier.erl" -> "/home/pete/wefwefwef/docs/other/3457119071/repo/master/.xml/hubbabubba/hubbabubba_verifier.xml"
Generating XML hubbabubba - hubbabubba_web "/home/pete/wefwefwef/docs/other/3457119071/hubbabubba-branch-master/hubbabubba/apps/hubbabubba/src/hubbabubba_web.erl" -> "/home/pete/wefwefwef/docs/other/3457119071/repo/master/.xml/hubbabubba/hubbabubba_web.xml"
Generating HTML - hubbabubba_verifier "/home/pete/wefwefwef/docs/other/3457119071/repo/master/.xml/hubbabubba/hubbabubba_verifier.xml"
Generating HTML - hubbabubba_sup "/home/pete/wefwefwef/docs/other/3457119071/repo/master/.xml/hubbabubba/hubbabubba_sup.xml"
Generating HTML - hubbabubba_server "/home/pete/wefwefwef/docs/other/3457119071/repo/master/.xml/hubbabubba/hubbabubba_server.xml"
Generating HTML - hubbabubba "/home/pete/wefwefwef/docs/other/3457119071/repo/master/.xml/hubbabubba/hubbabubba.xml"
Reading XML for "/home/pete/wefwefwef/docs/other/3457119071/repo/master/.xml/hubbabubba/hubbabubba_verifier.xml"
Reading XML for "/home/pete/wefwefwef/docs/other/3457119071/repo/master/.xml/hubbabubba/hubbabubba_sup.xml"
Reading XML for "/home/pete/wefwefwef/docs/other/3457119071/repo/master/.xml/hubbabubba/hubbabubba_server.xml"
Reading XML for "/home/pete/wefwefwef/docs/other/3457119071/repo/master/.xml/hubbabubba/hubbabubba.xml"
Reading XML for "/home/pete/wefwefwef/docs/other/3457119071/repo/master/.xml/specs_hubbabubba_verifier.xml"
Reading XML for "/home/pete/wefwefwef/docs/other/3457119071/repo/master/.xml/specs_hubbabubba_sup.xml"
Reading XML for "/home/pete/wefwefwef/docs/other/3457119071/repo/master/.xml/specs_hubbabubba_server.xml"
Generating HTML - hubbabubba_utils "/home/pete/wefwefwef/docs/other/3457119071/repo/master/.xml/hubbabubba/hubbabubba_utils.xml"
Reading XML for "/home/pete/wefwefwef/docs/other/3457119071/repo/master/.xml/hubbabubba/hubbabubba_utils.xml"
Generating HTML - hubbabubba_web "/home/pete/wefwefwef/docs/other/3457119071/repo/master/.xml/hubbabubba/hubbabubba_web.xml"
Reading XML for "/home/pete/wefwefwef/docs/other/3457119071/repo/master/.xml/specs_hubbabubba.xml"
Reading XML for "/home/pete/wefwefwef/docs/other/3457119071/repo/master/.xml/hubbabubba/hubbabubba_web.xml"
Generating HTML - hubbabubba_sub_storage "/home/pete/wefwefwef/docs/other/3457119071/repo/master/.xml/hubbabubba/hubbabubba_sub_storage.xml"
Reading XML for "/home/pete/wefwefwef/docs/other/3457119071/repo/master/.xml/hubbabubba/hubbabubba_sub_storage.xml"
Generating HTML - hubbabubba_app "/home/pete/wefwefwef/docs/other/3457119071/repo/master/.xml/hubbabubba/hubbabubba_app.xml"
Reading XML for "/home/pete/wefwefwef/docs/other/3457119071/repo/master/.xml/hubbabubba/hubbabubba_app.xml"
Reading XML for "/home/pete/wefwefwef/docs/other/3457119071/repo/master/.xml/specs_hubbabubba_utils.xml"
Reading XML for "/home/pete/wefwefwef/docs/other/3457119071/repo/master/.xml/specs_hubbabubba_web.xml"
Reading XML for "/home/pete/wefwefwef/docs/other/3457119071/repo/master/.xml/specs_hubbabubba_sub_storage.xml"
Reading XML for "/home/pete/wefwefwef/docs/other/3457119071/repo/master/.xml/specs_hubbabubba_app.xml"
Generating HTML - hubbabubba_error "/home/pete/wefwefwef/docs/other/3457119071/repo/master/.xml/hubbabubba/hubbabubba_error.xml"
Reading XML for "/home/pete/wefwefwef/docs/other/3457119071/repo/master/.xml/hubbabubba/hubbabubba_error.xml"
Reading XML for "/home/pete/wefwefwef/docs/other/3457119071/repo/master/.xml/specs_hubbabubba_error.xml"
Generating HTML - hubbabubba_req_parser "/home/pete/wefwefwef/docs/other/3457119071/repo/master/.xml/hubbabubba/hubbabubba_req_parser.xml"
Reading XML for "/home/pete/wefwefwef/docs/other/3457119071/repo/master/.xml/hubbabubba/hubbabubba_req_parser.xml"
Reading XML for "/home/pete/wefwefwef/docs/other/3457119071/repo/master/.xml/specs_hubbabubba_req_parser.xml"
Building hubbabubba
Generating XML for application hubbabubba "/home/pete/wefwefwef/docs/other/3457119071/hubbabubba-branch-master/hubbabubba" -> "/home/pete/wefwefwef/docs/other/3457119071/repo/master/.xml/hubbabubba"
/home/pete/wefwefwef/docs/other/3457119071/hubbabubba-branch-master/hubbabubba/apps/hubbabubba/src/hubbabubba_resource.erl: at line 13: can't find include lib "webmachine/include/webmachine.hrl"
edoc: skipping source file '/home/pete/wefwefwef/docs/other/3457119071/hubbabubba-branch-master/hubbabubba/apps/hubbabubba/src/hubbabubba_resource.erl': {'EXIT',
                                                                                                                                                    error}.
/home/pete/wefwefwef/docs/other/3457119071/hubbabubba-branch-master/hubbabubba/apps/hubbabubba/src/hubbabubba_callback_resource.erl: at line 8: can't find include lib "webmachine/include/webmachine.hrl"
edoc: skipping source file '/home/pete/wefwefwef/docs/other/3457119071/hubbabubba-branch-master/hubbabubba/apps/hubbabubba/src/hubbabubba_callback_resource.erl': {'EXIT',
                                                                                                                                                             error}.
edoc: error in doclet 'edoc_doclet': {'EXIT',error}.
Error generating hubbabubba XMLs. Using fallback ...
Creating index.html ...
Creating erldocs_index.js ...
Woot, finished in 0 Minutes 1 Seconds
 :: Discovering other repos
$ 5000  `rm -r '/home/pete/wefwefwef/docs/other/3457119071/hubbabubba-branch-master'  2>&1`
 :: Finishing up
$ 5000  `rm -r '/home/pete/wefwefwef/docs/other/3457119071/hubbabubba'  2>&1`
