 :: Extracting meta information
$ 5000  `git ls-remote --heads --tags 'https://github.com/inaka/erlang_training'  2>&1`
>>> [repo] 5 branches, 0 tags
 :: Writing meta to "/home/pete/wefwefwef/docs/other/2745660238/meta.txt"
 :: Processing https://github.com/inaka/erlang_training	{rev,branch,"euen.solutions","f58641752b3f06455c1f2b1582d3e253d1d721ad"}
 :: Fetching repo code
$ cd "/home/pete/wefwefwef/docs/other/2745660238/erlang_training-branch-euen.solutions/erlang_training"
$ infinity  `curl --fail --silent --show-error --location --output 'euen.solutions.zip' 'https://github.com/inaka/erlang_training/archive/euen.solutions.zip'  2>&1`
$ cd "/home/pete/wefwefwef/docs/erldocs_other.git"
$ cd "/home/pete/wefwefwef/docs/other/2745660238/erlang_training-branch-euen.solutions/erlang_training"
$ 5000  `find -P . -type l -delete  2>&1`
$ cd "/home/pete/wefwefwef/docs/erldocs_other.git"
$ cd "/home/pete/wefwefwef/docs/other/2745660238/erlang_training-branch-euen.solutions/erlang_training"
$ 5000  `find 'erlang_training-euen.solutions' -mindepth 1 -maxdepth 1 -exec mv -t . -- {} +  2>&1`
$ cd "/home/pete/wefwefwef/docs/erldocs_other.git"
 :: Getting dependencies
$ cd "/home/pete/wefwefwef/docs/other/2745660238/erlang_training-branch-euen.solutions/erlang_training"
$ infinity  `rebar --config '/home/pete/wefwefwef/docs/other/2745660238/erlang_training-branch-euen.solutions/rebar_deps' get-deps  2>&1`
$ cd "/home/pete/wefwefwef/docs/erldocs_other.git"
$ cd "/home/pete/wefwefwef/docs/other/2745660238/erlang_training-branch-euen.solutions/erlang_training"
$ 5000  `find -P . -type l -delete  2>&1`
$ cd "/home/pete/wefwefwef/docs/erldocs_other.git"
$ cd "/home/pete/wefwefwef/docs/other/2745660238/erlang_training-branch-euen.solutions/erlang_training"
$ 5000  `ls -1 deps/  2>&1`
$ cd "/home/pete/wefwefwef/docs/erldocs_other.git"
>>> [rebar] deps = ["lager"]
 :: Generating erldocs into /home/pete/wefwefwef/docs/other/2745660238/repo/euen.solutions
Building erlang_training
Generating Type Specs - "/home/pete/wefwefwef/docs/other/2745660238/erlang_training-branch-euen.solutions/erlang_training/src/et.erl"
Generating Type Specs - "/home/pete/wefwefwef/docs/other/2745660238/erlang_training-branch-euen.solutions/erlang_training/src/fiar.erl"
Generating Type Specs - "/home/pete/wefwefwef/docs/other/2745660238/erlang_training-branch-euen.solutions/erlang_training/src/lazy_server.erl"
Generating XML for application erlang_training "/home/pete/wefwefwef/docs/other/2745660238/erlang_training-branch-euen.solutions/erlang_training" -> "/home/pete/wefwefwef/docs/other/2745660238/repo/euen.solutions/.xml/erlang_training"
Generated erlang_training XMLs: ["/home/pete/wefwefwef/docs/other/2745660238/repo/euen.solutions/.xml/erlang_training/et.xml",
                                 "/home/pete/wefwefwef/docs/other/2745660238/repo/euen.solutions/.xml/erlang_training/lazy_server.xml",
                                 "/home/pete/wefwefwef/docs/other/2745660238/repo/euen.solutions/.xml/erlang_training/fiar.xml"]
Generating HTML - fiar "/home/pete/wefwefwef/docs/other/2745660238/repo/euen.solutions/.xml/erlang_training/fiar.xml"
Reading XML for "/home/pete/wefwefwef/docs/other/2745660238/repo/euen.solutions/.xml/erlang_training/fiar.xml"
Reading XML for "/home/pete/wefwefwef/docs/other/2745660238/repo/euen.solutions/.xml/specs_fiar.xml"
Generating HTML - lazy_server "/home/pete/wefwefwef/docs/other/2745660238/repo/euen.solutions/.xml/erlang_training/lazy_server.xml"
Reading XML for "/home/pete/wefwefwef/docs/other/2745660238/repo/euen.solutions/.xml/erlang_training/lazy_server.xml"
Reading XML for "/home/pete/wefwefwef/docs/other/2745660238/repo/euen.solutions/.xml/specs_lazy_server.xml"
Generating HTML - et "/home/pete/wefwefwef/docs/other/2745660238/repo/euen.solutions/.xml/erlang_training/et.xml"
Reading XML for "/home/pete/wefwefwef/docs/other/2745660238/repo/euen.solutions/.xml/erlang_training/et.xml"
Reading XML for "/home/pete/wefwefwef/docs/other/2745660238/repo/euen.solutions/.xml/specs_et.xml"
Creating index.html ...
Creating erldocs_index.js ...
Woot, finished in 0 Minutes 0 Seconds
 :: Discovering other repos
$ 5000  `rm -r '/home/pete/wefwefwef/docs/other/2745660238/erlang_training-branch-euen.solutions'  2>&1`
 :: Processing https://github.com/inaka/erlang_training	{rev,branch,"federico.solutions","1980f1598ab8709827789b314ceb5710b3faac2f"}
 :: Fetching repo code
$ cd "/home/pete/wefwefwef/docs/other/2745660238/erlang_training-branch-federico.solutions/erlang_training"
$ infinity  `curl --fail --silent --show-error --location --output 'federico.solutions.zip' 'https://github.com/inaka/erlang_training/archive/federico.solutions.zip'  2>&1`
$ cd "/home/pete/wefwefwef/docs/erldocs_other.git"
$ cd "/home/pete/wefwefwef/docs/other/2745660238/erlang_training-branch-federico.solutions/erlang_training"
$ 5000  `find -P . -type l -delete  2>&1`
$ cd "/home/pete/wefwefwef/docs/erldocs_other.git"
$ cd "/home/pete/wefwefwef/docs/other/2745660238/erlang_training-branch-federico.solutions/erlang_training"
$ 5000  `find 'erlang_training-federico.solutions' -mindepth 1 -maxdepth 1 -exec mv -t . -- {} +  2>&1`
$ cd "/home/pete/wefwefwef/docs/erldocs_other.git"
 :: Getting dependencies
$ cd "/home/pete/wefwefwef/docs/other/2745660238/erlang_training-branch-federico.solutions/erlang_training"
$ infinity  `rebar --config '/home/pete/wefwefwef/docs/other/2745660238/erlang_training-branch-federico.solutions/rebar_deps' get-deps  2>&1`
$ cd "/home/pete/wefwefwef/docs/erldocs_other.git"
$ cd "/home/pete/wefwefwef/docs/other/2745660238/erlang_training-branch-federico.solutions/erlang_training"
$ 5000  `find -P . -type l -delete  2>&1`
$ cd "/home/pete/wefwefwef/docs/erldocs_other.git"
$ cd "/home/pete/wefwefwef/docs/other/2745660238/erlang_training-branch-federico.solutions/erlang_training"
$ 5000  `ls -1 deps/  2>&1`
$ cd "/home/pete/wefwefwef/docs/erldocs_other.git"
>>> [rebar] deps = ["lager"]
 :: Generating erldocs into /home/pete/wefwefwef/docs/other/2745660238/repo/federico.solutions
Building erlang_training
Generating Type Specs - "/home/pete/wefwefwef/docs/other/2745660238/erlang_training-branch-federico.solutions/erlang_training/src/et.erl"
Generating Type Specs - "/home/pete/wefwefwef/docs/other/2745660238/erlang_training-branch-federico.solutions/erlang_training/src/lazy_server.erl"
Generating XML for application erlang_training "/home/pete/wefwefwef/docs/other/2745660238/erlang_training-branch-federico.solutions/erlang_training" -> "/home/pete/wefwefwef/docs/other/2745660238/repo/federico.solutions/.xml/erlang_training"
Generated erlang_training XMLs: ["/home/pete/wefwefwef/docs/other/2745660238/repo/federico.solutions/.xml/erlang_training/et.xml",
                                 "/home/pete/wefwefwef/docs/other/2745660238/repo/federico.solutions/.xml/erlang_training/lazy_server.xml"]
Generating HTML - lazy_server "/home/pete/wefwefwef/docs/other/2745660238/repo/federico.solutions/.xml/erlang_training/lazy_server.xml"
Reading XML for "/home/pete/wefwefwef/docs/other/2745660238/repo/federico.solutions/.xml/erlang_training/lazy_server.xml"
Reading XML for "/home/pete/wefwefwef/docs/other/2745660238/repo/federico.solutions/.xml/specs_lazy_server.xml"
Generating HTML - et "/home/pete/wefwefwef/docs/other/2745660238/repo/federico.solutions/.xml/erlang_training/et.xml"
Reading XML for "/home/pete/wefwefwef/docs/other/2745660238/repo/federico.solutions/.xml/erlang_training/et.xml"
Reading XML for "/home/pete/wefwefwef/docs/other/2745660238/repo/federico.solutions/.xml/specs_et.xml"
Creating index.html ...
Creating erldocs_index.js ...
Woot, finished in 0 Minutes 0 Seconds
 :: Discovering other repos
$ 5000  `rm -r '/home/pete/wefwefwef/docs/other/2745660238/erlang_training-branch-federico.solutions'  2>&1`
 :: Processing https://github.com/inaka/erlang_training	{rev,branch,"flavio.solutions","3cff52455e7a49440ea3f09a5d1da856c6ee31d2"}
 :: Fetching repo code
$ cd "/home/pete/wefwefwef/docs/other/2745660238/erlang_training-branch-flavio.solutions/erlang_training"
$ infinity  `curl --fail --silent --show-error --location --output 'flavio.solutions.zip' 'https://github.com/inaka/erlang_training/archive/flavio.solutions.zip'  2>&1`
$ cd "/home/pete/wefwefwef/docs/erldocs_other.git"
$ cd "/home/pete/wefwefwef/docs/other/2745660238/erlang_training-branch-flavio.solutions/erlang_training"
$ 5000  `find -P . -type l -delete  2>&1`
$ cd "/home/pete/wefwefwef/docs/erldocs_other.git"
$ cd "/home/pete/wefwefwef/docs/other/2745660238/erlang_training-branch-flavio.solutions/erlang_training"
$ 5000  `find 'erlang_training-flavio.solutions' -mindepth 1 -maxdepth 1 -exec mv -t . -- {} +  2>&1`
$ cd "/home/pete/wefwefwef/docs/erldocs_other.git"
 :: Getting dependencies
$ cd "/home/pete/wefwefwef/docs/other/2745660238/erlang_training-branch-flavio.solutions/erlang_training"
$ infinity  `rebar --config '/home/pete/wefwefwef/docs/other/2745660238/erlang_training-branch-flavio.solutions/rebar_deps' get-deps  2>&1`
$ cd "/home/pete/wefwefwef/docs/erldocs_other.git"
$ cd "/home/pete/wefwefwef/docs/other/2745660238/erlang_training-branch-flavio.solutions/erlang_training"
$ 5000  `find -P . -type l -delete  2>&1`
$ cd "/home/pete/wefwefwef/docs/erldocs_other.git"
$ cd "/home/pete/wefwefwef/docs/other/2745660238/erlang_training-branch-flavio.solutions/erlang_training"
$ 5000  `ls -1 deps/  2>&1`
$ cd "/home/pete/wefwefwef/docs/erldocs_other.git"
>>> [rebar] deps = ["lager"]
 :: Generating erldocs into /home/pete/wefwefwef/docs/other/2745660238/repo/flavio.solutions
Building erlang_training
Generating Type Specs - "/home/pete/wefwefwef/docs/other/2745660238/erlang_training-branch-flavio.solutions/erlang_training/src/et.erl"
Generating Type Specs - "/home/pete/wefwefwef/docs/other/2745660238/erlang_training-branch-flavio.solutions/erlang_training/src/lazy_server.erl"
Generating XML for application erlang_training "/home/pete/wefwefwef/docs/other/2745660238/erlang_training-branch-flavio.solutions/erlang_training" -> "/home/pete/wefwefwef/docs/other/2745660238/repo/flavio.solutions/.xml/erlang_training"
Generated erlang_training XMLs: ["/home/pete/wefwefwef/docs/other/2745660238/repo/flavio.solutions/.xml/erlang_training/et.xml",
                                 "/home/pete/wefwefwef/docs/other/2745660238/repo/flavio.solutions/.xml/erlang_training/lazy_server.xml"]
Generating HTML - lazy_server "/home/pete/wefwefwef/docs/other/2745660238/repo/flavio.solutions/.xml/erlang_training/lazy_server.xml"
Reading XML for "/home/pete/wefwefwef/docs/other/2745660238/repo/flavio.solutions/.xml/erlang_training/lazy_server.xml"
Reading XML for "/home/pete/wefwefwef/docs/other/2745660238/repo/flavio.solutions/.xml/specs_lazy_server.xml"
Generating HTML - et "/home/pete/wefwefwef/docs/other/2745660238/repo/flavio.solutions/.xml/erlang_training/et.xml"
Reading XML for "/home/pete/wefwefwef/docs/other/2745660238/repo/flavio.solutions/.xml/erlang_training/et.xml"
Reading XML for "/home/pete/wefwefwef/docs/other/2745660238/repo/flavio.solutions/.xml/specs_et.xml"
Creating index.html ...
Creating erldocs_index.js ...
Woot, finished in 0 Minutes 0 Seconds
 :: Discovering other repos
$ 5000  `rm -r '/home/pete/wefwefwef/docs/other/2745660238/erlang_training-branch-flavio.solutions'  2>&1`
 :: Processing https://github.com/inaka/erlang_training	{rev,branch,"jfacorro.solutions","525db0f4c0eeebb14724aa1e7d5202607af479ae"}
 :: Fetching repo code
$ cd "/home/pete/wefwefwef/docs/other/2745660238/erlang_training-branch-jfacorro.solutions/erlang_training"
$ infinity  `curl --fail --silent --show-error --location --output 'jfacorro.solutions.zip' 'https://github.com/inaka/erlang_training/archive/jfacorro.solutions.zip'  2>&1`
$ cd "/home/pete/wefwefwef/docs/erldocs_other.git"
$ cd "/home/pete/wefwefwef/docs/other/2745660238/erlang_training-branch-jfacorro.solutions/erlang_training"
$ 5000  `find -P . -type l -delete  2>&1`
$ cd "/home/pete/wefwefwef/docs/erldocs_other.git"
$ cd "/home/pete/wefwefwef/docs/other/2745660238/erlang_training-branch-jfacorro.solutions/erlang_training"
$ 5000  `find 'erlang_training-jfacorro.solutions' -mindepth 1 -maxdepth 1 -exec mv -t . -- {} +  2>&1`
$ cd "/home/pete/wefwefwef/docs/erldocs_other.git"
 :: Getting dependencies
$ cd "/home/pete/wefwefwef/docs/other/2745660238/erlang_training-branch-jfacorro.solutions/erlang_training"
$ infinity  `rebar --config '/home/pete/wefwefwef/docs/other/2745660238/erlang_training-branch-jfacorro.solutions/rebar_deps' get-deps  2>&1`
$ cd "/home/pete/wefwefwef/docs/erldocs_other.git"
$ cd "/home/pete/wefwefwef/docs/other/2745660238/erlang_training-branch-jfacorro.solutions/erlang_training"
$ 5000  `find -P . -type l -delete  2>&1`
$ cd "/home/pete/wefwefwef/docs/erldocs_other.git"
$ cd "/home/pete/wefwefwef/docs/other/2745660238/erlang_training-branch-jfacorro.solutions/erlang_training"
$ 5000  `ls -1 deps/  2>&1`
$ cd "/home/pete/wefwefwef/docs/erldocs_other.git"
>>> [rebar] deps = ["lager"]
 :: Generating erldocs into /home/pete/wefwefwef/docs/other/2745660238/repo/jfacorro.solutions
Building erlang_training
Generating Type Specs - "/home/pete/wefwefwef/docs/other/2745660238/erlang_training-branch-jfacorro.solutions/erlang_training/src/et.erl"
Generating Type Specs - "/home/pete/wefwefwef/docs/other/2745660238/erlang_training-branch-jfacorro.solutions/erlang_training/src/lazy_server.erl"
Generating XML for application erlang_training "/home/pete/wefwefwef/docs/other/2745660238/erlang_training-branch-jfacorro.solutions/erlang_training" -> "/home/pete/wefwefwef/docs/other/2745660238/repo/jfacorro.solutions/.xml/erlang_training"
Generated erlang_training XMLs: ["/home/pete/wefwefwef/docs/other/2745660238/repo/jfacorro.solutions/.xml/erlang_training/et.xml",
                                 "/home/pete/wefwefwef/docs/other/2745660238/repo/jfacorro.solutions/.xml/erlang_training/lazy_server.xml"]
Generating HTML - lazy_server "/home/pete/wefwefwef/docs/other/2745660238/repo/jfacorro.solutions/.xml/erlang_training/lazy_server.xml"
Reading XML for "/home/pete/wefwefwef/docs/other/2745660238/repo/jfacorro.solutions/.xml/erlang_training/lazy_server.xml"
Reading XML for "/home/pete/wefwefwef/docs/other/2745660238/repo/jfacorro.solutions/.xml/specs_lazy_server.xml"
Generating HTML - et "/home/pete/wefwefwef/docs/other/2745660238/repo/jfacorro.solutions/.xml/erlang_training/et.xml"
Reading XML for "/home/pete/wefwefwef/docs/other/2745660238/repo/jfacorro.solutions/.xml/erlang_training/et.xml"
Reading XML for "/home/pete/wefwefwef/docs/other/2745660238/repo/jfacorro.solutions/.xml/specs_et.xml"
Creating index.html ...
Creating erldocs_index.js ...
Woot, finished in 0 Minutes 0 Seconds
 :: Discovering other repos
$ 5000  `rm -r '/home/pete/wefwefwef/docs/other/2745660238/erlang_training-branch-jfacorro.solutions'  2>&1`
 :: Processing https://github.com/inaka/erlang_training	{rev,branch,"master","a1a04a486a413056b4e6d1e12a9eef846f0a77ea"}
 :: Fetching repo code
$ cd "/home/pete/wefwefwef/docs/other/2745660238/erlang_training-branch-master/erlang_training"
$ infinity  `curl --fail --silent --show-error --location --output 'master.zip' 'https://github.com/inaka/erlang_training/archive/master.zip'  2>&1`
$ cd "/home/pete/wefwefwef/docs/erldocs_other.git"
$ cd "/home/pete/wefwefwef/docs/other/2745660238/erlang_training-branch-master/erlang_training"
$ 5000  `find -P . -type l -delete  2>&1`
$ cd "/home/pete/wefwefwef/docs/erldocs_other.git"
$ cd "/home/pete/wefwefwef/docs/other/2745660238/erlang_training-branch-master/erlang_training"
$ 5000  `find 'erlang_training-master' -mindepth 1 -maxdepth 1 -exec mv -t . -- {} +  2>&1`
$ cd "/home/pete/wefwefwef/docs/erldocs_other.git"
 :: Getting dependencies
$ cd "/home/pete/wefwefwef/docs/other/2745660238/erlang_training-branch-master/erlang_training"
$ infinity  `rebar --config '/home/pete/wefwefwef/docs/other/2745660238/erlang_training-branch-master/rebar_deps' get-deps  2>&1`
$ cd "/home/pete/wefwefwef/docs/erldocs_other.git"
$ cd "/home/pete/wefwefwef/docs/other/2745660238/erlang_training-branch-master/erlang_training"
$ 5000  `find -P . -type l -delete  2>&1`
$ cd "/home/pete/wefwefwef/docs/erldocs_other.git"
$ cd "/home/pete/wefwefwef/docs/other/2745660238/erlang_training-branch-master/erlang_training"
$ 5000  `ls -1 deps/  2>&1`
$ cd "/home/pete/wefwefwef/docs/erldocs_other.git"
>>> [rebar] deps = ["lager"]
 :: Generating erldocs into /home/pete/wefwefwef/docs/other/2745660238/repo/master
Building erlang_training
Generating Type Specs - "/home/pete/wefwefwef/docs/other/2745660238/erlang_training-branch-master/erlang_training/src/et.erl"
Generating XML for application erlang_training "/home/pete/wefwefwef/docs/other/2745660238/erlang_training-branch-master/erlang_training" -> "/home/pete/wefwefwef/docs/other/2745660238/repo/master/.xml/erlang_training"
Generated erlang_training XMLs: ["/home/pete/wefwefwef/docs/other/2745660238/repo/master/.xml/erlang_training/et.xml"]
Generating HTML - et "/home/pete/wefwefwef/docs/other/2745660238/repo/master/.xml/erlang_training/et.xml"
Reading XML for "/home/pete/wefwefwef/docs/other/2745660238/repo/master/.xml/erlang_training/et.xml"
Reading XML for "/home/pete/wefwefwef/docs/other/2745660238/repo/master/.xml/specs_et.xml"
Creating index.html ...
Creating erldocs_index.js ...
Woot, finished in 0 Minutes 0 Seconds
 :: Discovering other repos
$ 5000  `rm -r '/home/pete/wefwefwef/docs/other/2745660238/erlang_training-branch-master'  2>&1`
 :: Erldocs finishing up
$ 5000  `rm -r '/home/pete/wefwefwef/docs/other/2745660238/erlang_training'  2>&1`
