 :: Extracting meta information
$ infinity  `git ls-remote --heads --tags 'https://github.com/lauramcastro/readspec'  2>&1`
>>> [repo] 2 branches, 0 tags
 :: Writing meta to "/home/pete/wefwefwef/docs/other/f03acddce0ea08e0e8fdc754d9ae18ad/meta.txt"
 :: Skipping branch "ci"
 :: Processing https://github.com/lauramcastro/readspec	{rev,branch,"master","4b53ef986963ec8eab0caa53aaf670ace6f35623",undefined,[],[]}
 :: Fetching repo code
$ cd '/home/pete/wefwefwef/docs/other/f03acddce0ea08e0e8fdc754d9ae18ad/readspec-branch-master'
$ infinity  `curl --fail --silent --show-error --location --output repo.tar.gz 'https://codeload.github.com/lauramcastro/readspec/legacy.tar.gz/master'  2>&1`
$ cd '/home/pete/wefwefwef/docs/erldocs_other.git'
$ cd '/home/pete/wefwefwef/docs/other/f03acddce0ea08e0e8fdc754d9ae18ad/readspec-branch-master/lauramcastro-readspec-4b53ef9'
$ 5000  `find -P . -type l -delete  2>&1`
$ cd '/home/pete/wefwefwef/docs/erldocs_other.git'
$ 5000  `mv '/home/pete/wefwefwef/docs/other/f03acddce0ea08e0e8fdc754d9ae18ad/readspec-branch-master/lauramcastro-readspec-4b53ef9' '/home/pete/wefwefwef/docs/other/f03acddce0ea08e0e8fdc754d9ae18ad/readspec-branch-master/readspec'  2>&1`
 :: Getting dependencies
$ cd '/home/pete/wefwefwef/docs/other/f03acddce0ea08e0e8fdc754d9ae18ad/readspec-branch-master/readspec'
$ 5000  `ls -1 deps/  2>&1`
$ cd '/home/pete/wefwefwef/docs/erldocs_other.git'
>>> [rebar] deps = []
 :: Generating erldocs into /home/pete/wefwefwef/docs/other/f03acddce0ea08e0e8fdc754d9ae18ad/repo/master
Building readspec
Generating Type Specs - "/home/pete/wefwefwef/docs/other/f03acddce0ea08e0e8fdc754d9ae18ad/readspec-branch-master/readspec/src/readspec.erl"
Generating Type Specs - "/home/pete/wefwefwef/docs/other/f03acddce0ea08e0e8fdc754d9ae18ad/readspec-branch-master/readspec/src/readspec_inspect.erl"
Generating XML for application readspec "/home/pete/wefwefwef/docs/other/f03acddce0ea08e0e8fdc754d9ae18ad/readspec-branch-master/readspec" -> "/home/pete/wefwefwef/docs/other/f03acddce0ea08e0e8fdc754d9ae18ad/repo/master/.xml/readspec"
Generated readspec XMLs: ["/home/pete/wefwefwef/docs/other/f03acddce0ea08e0e8fdc754d9ae18ad/repo/master/.xml/readspec/readspec.xml",
                          "/home/pete/wefwefwef/docs/other/f03acddce0ea08e0e8fdc754d9ae18ad/repo/master/.xml/readspec/readspec_inspect.xml"]
Generating HTML - readspec_inspect "/home/pete/wefwefwef/docs/other/f03acddce0ea08e0e8fdc754d9ae18ad/repo/master/.xml/readspec/readspec_inspect.xml"
Reading XML for "/home/pete/wefwefwef/docs/other/f03acddce0ea08e0e8fdc754d9ae18ad/repo/master/.xml/readspec/readspec_inspect.xml"
Reading XML for "/home/pete/wefwefwef/docs/other/f03acddce0ea08e0e8fdc754d9ae18ad/repo/master/.xml/specs_readspec_inspect.xml"
Generating HTML - readspec "/home/pete/wefwefwef/docs/other/f03acddce0ea08e0e8fdc754d9ae18ad/repo/master/.xml/readspec/readspec.xml"
Reading XML for "/home/pete/wefwefwef/docs/other/f03acddce0ea08e0e8fdc754d9ae18ad/repo/master/.xml/readspec/readspec.xml"
Reading XML for "/home/pete/wefwefwef/docs/other/f03acddce0ea08e0e8fdc754d9ae18ad/repo/master/.xml/specs_readspec.xml"
Creating index.html ...
Creating erldocs_index.js ...
Woot, finished in 0 Minutes 0 Seconds
 :: Discovering other repos
$ 5000  `rm -r '/home/pete/wefwefwef/docs/other/f03acddce0ea08e0e8fdc754d9ae18ad/readspec-branch-master'  2>&1`
 :: Finishing up
$ 5000  `rm -r '/home/pete/wefwefwef/docs/other/f03acddce0ea08e0e8fdc754d9ae18ad/readspec'  2>&1`
