 :: Extracting meta information
$ 5000  `git ls-remote --heads --tags 'https://github.com/romanshestakov/resource_discovery'  2>&1`
>>> [repo] 1 branches, 0 tags
 :: Writing meta to "/home/pete/wefwefwef/docs/other/462396994/meta.txt"
 :: Processing https://github.com/romanshestakov/resource_discovery	{rev,branch,"master","9460c5447f7f3209e01fd33b5239d3c361a2f5e7",undefined,[],[]}
 :: Fetching repo code
$ cd "/home/pete/wefwefwef/docs/other/462396994/resource_discovery-branch-master/resource_discovery"
$ infinity  `curl --fail --silent --show-error --location --output 'master.zip' 'https://github.com/romanshestakov/resource_discovery/archive/master.zip'  2>&1`
$ cd "/home/pete/wefwefwef/docs/erldocs_other.git"
$ cd "/home/pete/wefwefwef/docs/other/462396994/resource_discovery-branch-master/resource_discovery"
$ 5000  `find -P . -type l -delete  2>&1`
$ cd "/home/pete/wefwefwef/docs/erldocs_other.git"
$ cd "/home/pete/wefwefwef/docs/other/462396994/resource_discovery-branch-master/resource_discovery"
$ 5000  `find 'resource_discovery-master' -mindepth 1 -maxdepth 1 -exec mv -t . -- {} +  2>&1`
$ cd "/home/pete/wefwefwef/docs/erldocs_other.git"
 :: Getting dependencies
$ cd "/home/pete/wefwefwef/docs/other/462396994/resource_discovery-branch-master/resource_discovery"
$ 5000  `ls -1 deps/  2>&1`
$ cd "/home/pete/wefwefwef/docs/erldocs_other.git"
>>> [rebar] deps = []
 :: Generating erldocs into /home/pete/wefwefwef/docs/other/462396994/repo/master
Building resource_discovery
Generating Type Specs - "/home/pete/wefwefwef/docs/other/462396994/resource_discovery-branch-master/resource_discovery/src/rd_core.erl"
Generating Type Specs - "/home/pete/wefwefwef/docs/other/462396994/resource_discovery-branch-master/resource_discovery/src/rd_heartbeat.erl"
Generating Type Specs - "/home/pete/wefwefwef/docs/other/462396994/resource_discovery-branch-master/resource_discovery/src/rd_store.erl"
Generating Type Specs - "/home/pete/wefwefwef/docs/other/462396994/resource_discovery-branch-master/resource_discovery/src/rd_sup.erl"
Generating Type Specs - "/home/pete/wefwefwef/docs/other/462396994/resource_discovery-branch-master/resource_discovery/src/rd_util.erl"
Generating Type Specs - "/home/pete/wefwefwef/docs/other/462396994/resource_discovery-branch-master/resource_discovery/src/resource_discovery.erl"
Generating XML for application resource_discovery "/home/pete/wefwefwef/docs/other/462396994/resource_discovery-branch-master/resource_discovery" -> "/home/pete/wefwefwef/docs/other/462396994/repo/master/.xml/resource_discovery"
Generated resource_discovery XMLs: ["/home/pete/wefwefwef/docs/other/462396994/repo/master/.xml/resource_discovery/resource_discovery.xml",
                                    "/home/pete/wefwefwef/docs/other/462396994/repo/master/.xml/resource_discovery/rd_util.xml",
                                    "/home/pete/wefwefwef/docs/other/462396994/repo/master/.xml/resource_discovery/rd_store.xml",
                                    "/home/pete/wefwefwef/docs/other/462396994/repo/master/.xml/resource_discovery/rd_sup.xml",
                                    "/home/pete/wefwefwef/docs/other/462396994/repo/master/.xml/resource_discovery/rd_heartbeat.xml",
                                    "/home/pete/wefwefwef/docs/other/462396994/repo/master/.xml/resource_discovery/rd_core.xml"]
Generating HTML - resource_discovery "/home/pete/wefwefwef/docs/other/462396994/repo/master/.xml/resource_discovery/resource_discovery.xml"
Generating HTML - rd_util "/home/pete/wefwefwef/docs/other/462396994/repo/master/.xml/resource_discovery/rd_util.xml"
Generating HTML - rd_store "/home/pete/wefwefwef/docs/other/462396994/repo/master/.xml/resource_discovery/rd_store.xml"
Generating HTML - rd_core "/home/pete/wefwefwef/docs/other/462396994/repo/master/.xml/resource_discovery/rd_core.xml"
Reading XML for "/home/pete/wefwefwef/docs/other/462396994/repo/master/.xml/resource_discovery/resource_discovery.xml"
Reading XML for "/home/pete/wefwefwef/docs/other/462396994/repo/master/.xml/resource_discovery/rd_util.xml"
Reading XML for "/home/pete/wefwefwef/docs/other/462396994/repo/master/.xml/resource_discovery/rd_store.xml"
Reading XML for "/home/pete/wefwefwef/docs/other/462396994/repo/master/.xml/resource_discovery/rd_core.xml"
Reading XML for "/home/pete/wefwefwef/docs/other/462396994/repo/master/.xml/specs_rd_util.xml"
Reading XML for "/home/pete/wefwefwef/docs/other/462396994/repo/master/.xml/specs_rd_store.xml"
Reading XML for "/home/pete/wefwefwef/docs/other/462396994/repo/master/.xml/specs_rd_core.xml"
Reading XML for "/home/pete/wefwefwef/docs/other/462396994/repo/master/.xml/specs_resource_discovery.xml"
Generating HTML - rd_heartbeat "/home/pete/wefwefwef/docs/other/462396994/repo/master/.xml/resource_discovery/rd_heartbeat.xml"
Reading XML for "/home/pete/wefwefwef/docs/other/462396994/repo/master/.xml/resource_discovery/rd_heartbeat.xml"
Reading XML for "/home/pete/wefwefwef/docs/other/462396994/repo/master/.xml/specs_rd_heartbeat.xml"
Generating HTML - rd_sup "/home/pete/wefwefwef/docs/other/462396994/repo/master/.xml/resource_discovery/rd_sup.xml"
Reading XML for "/home/pete/wefwefwef/docs/other/462396994/repo/master/.xml/resource_discovery/rd_sup.xml"
Reading XML for "/home/pete/wefwefwef/docs/other/462396994/repo/master/.xml/specs_rd_sup.xml"
Creating index.html ...
Creating erldocs_index.js ...
Woot, finished in 0 Minutes 0 Seconds
 :: Discovering other repos
$ 5000  `rm -r '/home/pete/wefwefwef/docs/other/462396994/resource_discovery-branch-master'  2>&1`
 :: Finishing up
$ 5000  `rm -r '/home/pete/wefwefwef/docs/other/462396994/resource_discovery'  2>&1`
