 :: Extracting meta information
$ 5000  `git ls-remote --heads --tags 'https://github.com/tmcgilchrist/simple_cache'  2>&1`
>>> [repo] 1 branches, 0 tags
 :: Writing meta to "/home/pete/wefwefwef/docs/other/1615360853/meta.txt"
 :: Processing https://github.com/tmcgilchrist/simple_cache	{rev,branch,"master","75c668f7706c1ff845600adf711e426a258c374e",undefined,[],[]}
 :: Fetching repo code
$ cd "/home/pete/wefwefwef/docs/other/1615360853/simple_cache-branch-master/simple_cache"
$ infinity  `curl --fail --silent --show-error --location --output 'master.zip' 'https://github.com/tmcgilchrist/simple_cache/archive/master.zip'  2>&1`
$ cd "/home/pete/wefwefwef/docs/erldocs_other.git"
$ cd "/home/pete/wefwefwef/docs/other/1615360853/simple_cache-branch-master/simple_cache"
$ 5000  `find -P . -type l -delete  2>&1`
$ cd "/home/pete/wefwefwef/docs/erldocs_other.git"
$ cd "/home/pete/wefwefwef/docs/other/1615360853/simple_cache-branch-master/simple_cache"
$ 5000  `find 'simple_cache-master' -mindepth 1 -maxdepth 1 -exec mv -t . -- {} +  2>&1`
$ cd "/home/pete/wefwefwef/docs/erldocs_other.git"
 :: Getting dependencies
$ cd "/home/pete/wefwefwef/docs/other/1615360853/simple_cache-branch-master/simple_cache"
$ 5000  `ls -1 deps/  2>&1`
$ cd "/home/pete/wefwefwef/docs/erldocs_other.git"
>>> [rebar] deps = []
 :: Generating erldocs into /home/pete/wefwefwef/docs/other/1615360853/repo/master
Building simple_cache
Generating Type Specs - "/home/pete/wefwefwef/docs/other/1615360853/simple_cache-branch-master/simple_cache/apps/simple_cache/src/custom_error_report.erl"
Generating Type Specs - "/home/pete/wefwefwef/docs/other/1615360853/simple_cache-branch-master/simple_cache/apps/simple_cache/src/sc_app.erl"
Generating Type Specs - "/home/pete/wefwefwef/docs/other/1615360853/simple_cache-branch-master/simple_cache/apps/simple_cache/src/sc_element.erl"
Generating Type Specs - "/home/pete/wefwefwef/docs/other/1615360853/simple_cache-branch-master/simple_cache/apps/simple_cache/src/sc_element_sup.erl"
Generating Type Specs - "/home/pete/wefwefwef/docs/other/1615360853/simple_cache-branch-master/simple_cache/apps/simple_cache/src/sc_event.erl"
Generating Type Specs - "/home/pete/wefwefwef/docs/other/1615360853/simple_cache-branch-master/simple_cache/apps/simple_cache/src/sc_event_logger.erl"
Generating Type Specs - "/home/pete/wefwefwef/docs/other/1615360853/simple_cache-branch-master/simple_cache/apps/simple_cache/src/sc_store.erl"
Generating Type Specs - "/home/pete/wefwefwef/docs/other/1615360853/simple_cache-branch-master/simple_cache/apps/simple_cache/src/sc_sup.erl"
Generating Type Specs - "/home/pete/wefwefwef/docs/other/1615360853/simple_cache-branch-master/simple_cache/apps/simple_cache/src/simple_cache.erl"
Generating XML for application simple_cache "/home/pete/wefwefwef/docs/other/1615360853/simple_cache-branch-master/simple_cache/apps/simple_cache" -> "/home/pete/wefwefwef/docs/other/1615360853/repo/master/.xml/simple_cache"
Generated simple_cache XMLs: ["/home/pete/wefwefwef/docs/other/1615360853/repo/master/.xml/simple_cache/sc_element.xml",
                              "/home/pete/wefwefwef/docs/other/1615360853/repo/master/.xml/simple_cache/sc_element_sup.xml",
                              "/home/pete/wefwefwef/docs/other/1615360853/repo/master/.xml/simple_cache/sc_sup.xml",
                              "/home/pete/wefwefwef/docs/other/1615360853/repo/master/.xml/simple_cache/sc_event_logger.xml",
                              "/home/pete/wefwefwef/docs/other/1615360853/repo/master/.xml/simple_cache/simple_cache.xml",
                              "/home/pete/wefwefwef/docs/other/1615360853/repo/master/.xml/simple_cache/sc_store.xml",
                              "/home/pete/wefwefwef/docs/other/1615360853/repo/master/.xml/simple_cache/sc_event.xml",
                              "/home/pete/wefwefwef/docs/other/1615360853/repo/master/.xml/simple_cache/sc_app.xml",
                              "/home/pete/wefwefwef/docs/other/1615360853/repo/master/.xml/simple_cache/custom_error_report.xml"]
Generating HTML - sc_element_sup "/home/pete/wefwefwef/docs/other/1615360853/repo/master/.xml/simple_cache/sc_element_sup.xml"
Generating HTML - sc_event_logger "/home/pete/wefwefwef/docs/other/1615360853/repo/master/.xml/simple_cache/sc_event_logger.xml"
Generating HTML - sc_store "/home/pete/wefwefwef/docs/other/1615360853/repo/master/.xml/simple_cache/sc_store.xml"
Generating HTML - custom_error_report "/home/pete/wefwefwef/docs/other/1615360853/repo/master/.xml/simple_cache/custom_error_report.xml"
Reading XML for "/home/pete/wefwefwef/docs/other/1615360853/repo/master/.xml/simple_cache/sc_element_sup.xml"
Reading XML for "/home/pete/wefwefwef/docs/other/1615360853/repo/master/.xml/simple_cache/sc_event_logger.xml"
Reading XML for "/home/pete/wefwefwef/docs/other/1615360853/repo/master/.xml/simple_cache/sc_store.xml"
Reading XML for "/home/pete/wefwefwef/docs/other/1615360853/repo/master/.xml/simple_cache/custom_error_report.xml"
Reading XML for "/home/pete/wefwefwef/docs/other/1615360853/repo/master/.xml/specs_sc_element_sup.xml"
Generating HTML - sc_element "/home/pete/wefwefwef/docs/other/1615360853/repo/master/.xml/simple_cache/sc_element.xml"
Reading XML for "/home/pete/wefwefwef/docs/other/1615360853/repo/master/.xml/simple_cache/sc_element.xml"
Reading XML for "/home/pete/wefwefwef/docs/other/1615360853/repo/master/.xml/specs_custom_error_report.xml"
Reading XML for "/home/pete/wefwefwef/docs/other/1615360853/repo/master/.xml/specs_sc_event_logger.xml"
Reading XML for "/home/pete/wefwefwef/docs/other/1615360853/repo/master/.xml/specs_sc_store.xml"
Generating HTML - sc_app "/home/pete/wefwefwef/docs/other/1615360853/repo/master/.xml/simple_cache/sc_app.xml"
Reading XML for "/home/pete/wefwefwef/docs/other/1615360853/repo/master/.xml/simple_cache/sc_app.xml"
Generating HTML - simple_cache "/home/pete/wefwefwef/docs/other/1615360853/repo/master/.xml/simple_cache/simple_cache.xml"
Reading XML for "/home/pete/wefwefwef/docs/other/1615360853/repo/master/.xml/simple_cache/simple_cache.xml"
Generating HTML - sc_sup "/home/pete/wefwefwef/docs/other/1615360853/repo/master/.xml/simple_cache/sc_sup.xml"
Reading XML for "/home/pete/wefwefwef/docs/other/1615360853/repo/master/.xml/simple_cache/sc_sup.xml"
Reading XML for "/home/pete/wefwefwef/docs/other/1615360853/repo/master/.xml/specs_sc_element.xml"
Reading XML for "/home/pete/wefwefwef/docs/other/1615360853/repo/master/.xml/specs_sc_app.xml"
Generating HTML - sc_event "/home/pete/wefwefwef/docs/other/1615360853/repo/master/.xml/simple_cache/sc_event.xml"
Reading XML for "/home/pete/wefwefwef/docs/other/1615360853/repo/master/.xml/simple_cache/sc_event.xml"
Reading XML for "/home/pete/wefwefwef/docs/other/1615360853/repo/master/.xml/specs_sc_sup.xml"
Reading XML for "/home/pete/wefwefwef/docs/other/1615360853/repo/master/.xml/specs_simple_cache.xml"
Reading XML for "/home/pete/wefwefwef/docs/other/1615360853/repo/master/.xml/specs_sc_event.xml"
Building resource_discovery
Generating Type Specs - "/home/pete/wefwefwef/docs/other/1615360853/simple_cache-branch-master/simple_cache/apps/resource_discovery/src/rd_app.erl"
Generating Type Specs - "/home/pete/wefwefwef/docs/other/1615360853/simple_cache-branch-master/simple_cache/apps/resource_discovery/src/rd_server.erl"
Generating Type Specs - "/home/pete/wefwefwef/docs/other/1615360853/simple_cache-branch-master/simple_cache/apps/resource_discovery/src/rd_sup.erl"
Generating Type Specs - "/home/pete/wefwefwef/docs/other/1615360853/simple_cache-branch-master/simple_cache/apps/resource_discovery/src/resource_discovery.erl"
Generating XML for application resource_discovery "/home/pete/wefwefwef/docs/other/1615360853/simple_cache-branch-master/simple_cache/apps/resource_discovery" -> "/home/pete/wefwefwef/docs/other/1615360853/repo/master/.xml/resource_discovery"
Generated resource_discovery XMLs: ["/home/pete/wefwefwef/docs/other/1615360853/repo/master/.xml/resource_discovery/resource_discovery.xml",
                                    "/home/pete/wefwefwef/docs/other/1615360853/repo/master/.xml/resource_discovery/rd_server.xml",
                                    "/home/pete/wefwefwef/docs/other/1615360853/repo/master/.xml/resource_discovery/rd_sup.xml",
                                    "/home/pete/wefwefwef/docs/other/1615360853/repo/master/.xml/resource_discovery/rd_app.xml"]
Generating HTML - resource_discovery "/home/pete/wefwefwef/docs/other/1615360853/repo/master/.xml/resource_discovery/resource_discovery.xml"
Generating HTML - rd_server "/home/pete/wefwefwef/docs/other/1615360853/repo/master/.xml/resource_discovery/rd_server.xml"
Generating HTML - rd_sup "/home/pete/wefwefwef/docs/other/1615360853/repo/master/.xml/resource_discovery/rd_sup.xml"
Generating HTML - rd_app "/home/pete/wefwefwef/docs/other/1615360853/repo/master/.xml/resource_discovery/rd_app.xml"
Reading XML for "/home/pete/wefwefwef/docs/other/1615360853/repo/master/.xml/resource_discovery/resource_discovery.xml"
Reading XML for "/home/pete/wefwefwef/docs/other/1615360853/repo/master/.xml/resource_discovery/rd_server.xml"
Reading XML for "/home/pete/wefwefwef/docs/other/1615360853/repo/master/.xml/resource_discovery/rd_sup.xml"
Reading XML for "/home/pete/wefwefwef/docs/other/1615360853/repo/master/.xml/resource_discovery/rd_app.xml"
Reading XML for "/home/pete/wefwefwef/docs/other/1615360853/repo/master/.xml/specs_resource_discovery.xml"
Reading XML for "/home/pete/wefwefwef/docs/other/1615360853/repo/master/.xml/specs_rd_sup.xml"
Reading XML for "/home/pete/wefwefwef/docs/other/1615360853/repo/master/.xml/specs_rd_app.xml"
Reading XML for "/home/pete/wefwefwef/docs/other/1615360853/repo/master/.xml/specs_rd_server.xml"
Building simple_cache
Generating XML for application simple_cache "/home/pete/wefwefwef/docs/other/1615360853/simple_cache-branch-master/simple_cache" -> "/home/pete/wefwefwef/docs/other/1615360853/repo/master/.xml/simple_cache"
Generated simple_cache XMLs: ["/home/pete/wefwefwef/docs/other/1615360853/repo/master/.xml/simple_cache/resource_discovery.xml",
                              "/home/pete/wefwefwef/docs/other/1615360853/repo/master/.xml/simple_cache/sc_element.xml",
                              "/home/pete/wefwefwef/docs/other/1615360853/repo/master/.xml/simple_cache/rd_server.xml",
                              "/home/pete/wefwefwef/docs/other/1615360853/repo/master/.xml/simple_cache/sc_element_sup.xml",
                              "/home/pete/wefwefwef/docs/other/1615360853/repo/master/.xml/simple_cache/sc_sup.xml",
                              "/home/pete/wefwefwef/docs/other/1615360853/repo/master/.xml/simple_cache/sc_event_logger.xml",
                              "/home/pete/wefwefwef/docs/other/1615360853/repo/master/.xml/simple_cache/simple_cache.xml",
                              "/home/pete/wefwefwef/docs/other/1615360853/repo/master/.xml/simple_cache/rd_sup.xml",
                              "/home/pete/wefwefwef/docs/other/1615360853/repo/master/.xml/simple_cache/sc_store.xml",
                              "/home/pete/wefwefwef/docs/other/1615360853/repo/master/.xml/simple_cache/sc_event.xml",
                              "/home/pete/wefwefwef/docs/other/1615360853/repo/master/.xml/simple_cache/sc_app.xml",
                              "/home/pete/wefwefwef/docs/other/1615360853/repo/master/.xml/simple_cache/custom_error_report.xml",
                              "/home/pete/wefwefwef/docs/other/1615360853/repo/master/.xml/simple_cache/rd_app.xml"]
Generating HTML - rd_server "/home/pete/wefwefwef/docs/other/1615360853/repo/master/.xml/simple_cache/rd_server.xml"
Generating HTML - sc_event_logger "/home/pete/wefwefwef/docs/other/1615360853/repo/master/.xml/simple_cache/sc_event_logger.xml"
Generating HTML - sc_store "/home/pete/wefwefwef/docs/other/1615360853/repo/master/.xml/simple_cache/sc_store.xml"
Generating HTML - rd_app "/home/pete/wefwefwef/docs/other/1615360853/repo/master/.xml/simple_cache/rd_app.xml"
Reading XML for "/home/pete/wefwefwef/docs/other/1615360853/repo/master/.xml/simple_cache/rd_server.xml"
Reading XML for "/home/pete/wefwefwef/docs/other/1615360853/repo/master/.xml/simple_cache/sc_event_logger.xml"
Reading XML for "/home/pete/wefwefwef/docs/other/1615360853/repo/master/.xml/simple_cache/sc_store.xml"
Reading XML for "/home/pete/wefwefwef/docs/other/1615360853/repo/master/.xml/simple_cache/rd_app.xml"
Reading XML for "/home/pete/wefwefwef/docs/other/1615360853/repo/master/.xml/specs_rd_server.xml"
Reading XML for "/home/pete/wefwefwef/docs/other/1615360853/repo/master/.xml/specs_sc_event_logger.xml"
Reading XML for "/home/pete/wefwefwef/docs/other/1615360853/repo/master/.xml/specs_sc_store.xml"
Reading XML for "/home/pete/wefwefwef/docs/other/1615360853/repo/master/.xml/specs_rd_app.xml"
Generating HTML - sc_element "/home/pete/wefwefwef/docs/other/1615360853/repo/master/.xml/simple_cache/sc_element.xml"
Reading XML for "/home/pete/wefwefwef/docs/other/1615360853/repo/master/.xml/simple_cache/sc_element.xml"
Generating HTML - rd_sup "/home/pete/wefwefwef/docs/other/1615360853/repo/master/.xml/simple_cache/rd_sup.xml"
Reading XML for "/home/pete/wefwefwef/docs/other/1615360853/repo/master/.xml/simple_cache/rd_sup.xml"
Generating HTML - sc_sup "/home/pete/wefwefwef/docs/other/1615360853/repo/master/.xml/simple_cache/sc_sup.xml"
Generating HTML - custom_error_report "/home/pete/wefwefwef/docs/other/1615360853/repo/master/.xml/simple_cache/custom_error_report.xml"
Reading XML for "/home/pete/wefwefwef/docs/other/1615360853/repo/master/.xml/simple_cache/sc_sup.xml"
Reading XML for "/home/pete/wefwefwef/docs/other/1615360853/repo/master/.xml/simple_cache/custom_error_report.xml"
Reading XML for "/home/pete/wefwefwef/docs/other/1615360853/repo/master/.xml/specs_sc_element.xml"
Reading XML for "/home/pete/wefwefwef/docs/other/1615360853/repo/master/.xml/specs_rd_sup.xml"
Reading XML for "/home/pete/wefwefwef/docs/other/1615360853/repo/master/.xml/specs_sc_sup.xml"
Generating HTML - resource_discovery "/home/pete/wefwefwef/docs/other/1615360853/repo/master/.xml/simple_cache/resource_discovery.xml"
Reading XML for "/home/pete/wefwefwef/docs/other/1615360853/repo/master/.xml/simple_cache/resource_discovery.xml"
Reading XML for "/home/pete/wefwefwef/docs/other/1615360853/repo/master/.xml/specs_custom_error_report.xml"
Generating HTML - simple_cache "/home/pete/wefwefwef/docs/other/1615360853/repo/master/.xml/simple_cache/simple_cache.xml"
Reading XML for "/home/pete/wefwefwef/docs/other/1615360853/repo/master/.xml/simple_cache/simple_cache.xml"
Generating HTML - sc_element_sup "/home/pete/wefwefwef/docs/other/1615360853/repo/master/.xml/simple_cache/sc_element_sup.xml"
Reading XML for "/home/pete/wefwefwef/docs/other/1615360853/repo/master/.xml/simple_cache/sc_element_sup.xml"
Generating HTML - sc_app "/home/pete/wefwefwef/docs/other/1615360853/repo/master/.xml/simple_cache/sc_app.xml"
Reading XML for "/home/pete/wefwefwef/docs/other/1615360853/repo/master/.xml/simple_cache/sc_app.xml"
Reading XML for "/home/pete/wefwefwef/docs/other/1615360853/repo/master/.xml/specs_resource_discovery.xml"
Reading XML for "/home/pete/wefwefwef/docs/other/1615360853/repo/master/.xml/specs_simple_cache.xml"
Reading XML for "/home/pete/wefwefwef/docs/other/1615360853/repo/master/.xml/specs_sc_app.xml"
Reading XML for "/home/pete/wefwefwef/docs/other/1615360853/repo/master/.xml/specs_sc_element_sup.xml"
Generating HTML - sc_event "/home/pete/wefwefwef/docs/other/1615360853/repo/master/.xml/simple_cache/sc_event.xml"
Reading XML for "/home/pete/wefwefwef/docs/other/1615360853/repo/master/.xml/simple_cache/sc_event.xml"
Reading XML for "/home/pete/wefwefwef/docs/other/1615360853/repo/master/.xml/specs_sc_event.xml"
Creating index.html ...
Creating erldocs_index.js ...
Woot, finished in 0 Minutes 1 Seconds
 :: Discovering other repos
$ 5000  `rm -r '/home/pete/wefwefwef/docs/other/1615360853/simple_cache-branch-master'  2>&1`
 :: Finishing up
$ 5000  `rm -r '/home/pete/wefwefwef/docs/other/1615360853/simple_cache'  2>&1`
