 :: Extracting meta information
$ 5000  `git ls-remote --heads --tags 'https://github.com/chinnurtb/halfwordtest'  2>&1`
>>> [repo] 1 branches, 0 tags
 :: Writing meta to "/home/pete/wefwefwef/docs/other/7238698253/meta.txt"
 :: Processing https://github.com/chinnurtb/halfwordtest	{rev,branch,"master","db718355509fd6f329c569576c56a1b22f06dfff",undefined,[],[]}
 :: Fetching repo code
$ cd "/home/pete/wefwefwef/docs/other/7238698253/halfwordtest-branch-master/halfwordtest"
$ infinity  `curl --fail --silent --show-error --location --output 'master.zip' 'https://github.com/chinnurtb/halfwordtest/archive/master.zip'  2>&1`
$ cd "/home/pete/wefwefwef/docs/erldocs_other.git"
$ cd "/home/pete/wefwefwef/docs/other/7238698253/halfwordtest-branch-master/halfwordtest"
$ 5000  `find -P . -type l -delete  2>&1`
$ cd "/home/pete/wefwefwef/docs/erldocs_other.git"
$ cd "/home/pete/wefwefwef/docs/other/7238698253/halfwordtest-branch-master/halfwordtest"
$ 5000  `find 'halfwordtest-master' -mindepth 1 -maxdepth 1 -exec mv -t . -- {} +  2>&1`
$ cd "/home/pete/wefwefwef/docs/erldocs_other.git"
 :: Getting dependencies
$ cd "/home/pete/wefwefwef/docs/other/7238698253/halfwordtest-branch-master/halfwordtest"
$ 5000  `ls -1 deps/  2>&1`
$ cd "/home/pete/wefwefwef/docs/erldocs_other.git"
>>> [rebar] deps = []
 :: Generating erldocs into /home/pete/wefwefwef/docs/other/7238698253/repo/master
Building halfwordtest
Generating Type Specs - "/home/pete/wefwefwef/docs/other/7238698253/halfwordtest-branch-master/halfwordtest/src/halfwordtest.erl"
Generating XML for application halfwordtest "/home/pete/wefwefwef/docs/other/7238698253/halfwordtest-branch-master/halfwordtest" -> "/home/pete/wefwefwef/docs/other/7238698253/repo/master/.xml/halfwordtest"
Generated halfwordtest XMLs: ["/home/pete/wefwefwef/docs/other/7238698253/repo/master/.xml/halfwordtest/halfwordtest.xml"]
Generating HTML - halfwordtest "/home/pete/wefwefwef/docs/other/7238698253/repo/master/.xml/halfwordtest/halfwordtest.xml"
Reading XML for "/home/pete/wefwefwef/docs/other/7238698253/repo/master/.xml/halfwordtest/halfwordtest.xml"
Reading XML for "/home/pete/wefwefwef/docs/other/7238698253/repo/master/.xml/specs_halfwordtest.xml"
Creating index.html ...
Creating erldocs_index.js ...
Woot, finished in 0 Minutes 0 Seconds
 :: Discovering other repos
$ 5000  `rm -r '/home/pete/wefwefwef/docs/other/7238698253/halfwordtest-branch-master'  2>&1`
 :: Finishing up
$ 5000  `rm -r '/home/pete/wefwefwef/docs/other/7238698253/halfwordtest'  2>&1`
