 :: Extracting meta information
$ 5000  `git ls-remote --heads --tags 'https://github.com/cooldaemon/tcp_server'  2>&1`
>>> [repo] 1 branches, 0 tags
 :: Writing meta to "/home/pete/wefwefwef/docs/other/2629955373/meta.txt"
 :: Processing https://github.com/cooldaemon/tcp_server	{rev,branch,"master","e909a58052875d04debc1d19e80d310d07334c0d",undefined,[],[]}
 :: Fetching repo code
$ cd "/home/pete/wefwefwef/docs/other/2629955373/tcp_server-branch-master/tcp_server"
$ infinity  `curl --fail --silent --show-error --location --output 'master.zip' 'https://github.com/cooldaemon/tcp_server/archive/master.zip'  2>&1`
$ cd "/home/pete/wefwefwef/docs/erldocs_other.git"
$ cd "/home/pete/wefwefwef/docs/other/2629955373/tcp_server-branch-master/tcp_server"
$ 5000  `find -P . -type l -delete  2>&1`
$ cd "/home/pete/wefwefwef/docs/erldocs_other.git"
$ cd "/home/pete/wefwefwef/docs/other/2629955373/tcp_server-branch-master/tcp_server"
$ 5000  `find 'tcp_server-master' -mindepth 1 -maxdepth 1 -exec mv -t . -- {} +  2>&1`
$ cd "/home/pete/wefwefwef/docs/erldocs_other.git"
 :: Getting dependencies
$ cd "/home/pete/wefwefwef/docs/other/2629955373/tcp_server-branch-master/tcp_server"
$ 5000  `ls -1 deps/  2>&1`
$ cd "/home/pete/wefwefwef/docs/erldocs_other.git"
>>> [rebar] deps = []
 :: Generating erldocs into /home/pete/wefwefwef/docs/other/2629955373/repo/master
Building tcp_server
Generating Type Specs - "/home/pete/wefwefwef/docs/other/2629955373/tcp_server-branch-master/tcp_server/src/tcp_server.erl"
Generating Type Specs - "/home/pete/wefwefwef/docs/other/2629955373/tcp_server-branch-master/tcp_server/src/tcp_server_acceptor.erl"
Generating Type Specs - "/home/pete/wefwefwef/docs/other/2629955373/tcp_server-branch-master/tcp_server/src/tcp_server_app.erl"
Generating Type Specs - "/home/pete/wefwefwef/docs/other/2629955373/tcp_server-branch-master/tcp_server/src/tcp_server_monitor.erl"
Generating Type Specs - "/home/pete/wefwefwef/docs/other/2629955373/tcp_server-branch-master/tcp_server/src/tcp_server_sup.erl"
Generating XML for application tcp_server "/home/pete/wefwefwef/docs/other/2629955373/tcp_server-branch-master/tcp_server" -> "/home/pete/wefwefwef/docs/other/2629955373/repo/master/.xml/tcp_server"
Generated tcp_server XMLs: ["/home/pete/wefwefwef/docs/other/2629955373/repo/master/.xml/tcp_server/tcp_server_acceptor.xml",
                            "/home/pete/wefwefwef/docs/other/2629955373/repo/master/.xml/tcp_server/tcp_server_monitor.xml",
                            "/home/pete/wefwefwef/docs/other/2629955373/repo/master/.xml/tcp_server/tcp_server_app.xml",
                            "/home/pete/wefwefwef/docs/other/2629955373/repo/master/.xml/tcp_server/tcp_server_sup.xml",
                            "/home/pete/wefwefwef/docs/other/2629955373/repo/master/.xml/tcp_server/tcp_server.xml"]
Generating HTML - tcp_server_acceptor "/home/pete/wefwefwef/docs/other/2629955373/repo/master/.xml/tcp_server/tcp_server_acceptor.xml"
Generating HTML - tcp_server_monitor "/home/pete/wefwefwef/docs/other/2629955373/repo/master/.xml/tcp_server/tcp_server_monitor.xml"
Generating HTML - tcp_server_app "/home/pete/wefwefwef/docs/other/2629955373/repo/master/.xml/tcp_server/tcp_server_app.xml"
Generating HTML - tcp_server "/home/pete/wefwefwef/docs/other/2629955373/repo/master/.xml/tcp_server/tcp_server.xml"
Reading XML for "/home/pete/wefwefwef/docs/other/2629955373/repo/master/.xml/tcp_server/tcp_server_acceptor.xml"
Reading XML for "/home/pete/wefwefwef/docs/other/2629955373/repo/master/.xml/tcp_server/tcp_server_monitor.xml"
Reading XML for "/home/pete/wefwefwef/docs/other/2629955373/repo/master/.xml/tcp_server/tcp_server_app.xml"
Reading XML for "/home/pete/wefwefwef/docs/other/2629955373/repo/master/.xml/tcp_server/tcp_server.xml"
Reading XML for "/home/pete/wefwefwef/docs/other/2629955373/repo/master/.xml/specs_tcp_server_acceptor.xml"
Reading XML for "/home/pete/wefwefwef/docs/other/2629955373/repo/master/.xml/specs_tcp_server_app.xml"
Reading XML for "/home/pete/wefwefwef/docs/other/2629955373/repo/master/.xml/specs_tcp_server_monitor.xml"
Reading XML for "/home/pete/wefwefwef/docs/other/2629955373/repo/master/.xml/specs_tcp_server.xml"
Generating HTML - tcp_server_sup "/home/pete/wefwefwef/docs/other/2629955373/repo/master/.xml/tcp_server/tcp_server_sup.xml"
Reading XML for "/home/pete/wefwefwef/docs/other/2629955373/repo/master/.xml/tcp_server/tcp_server_sup.xml"
Reading XML for "/home/pete/wefwefwef/docs/other/2629955373/repo/master/.xml/specs_tcp_server_sup.xml"
Creating index.html ...
Creating erldocs_index.js ...
Woot, finished in 0 Minutes 0 Seconds
 :: Discovering other repos
$ 5000  `rm -r '/home/pete/wefwefwef/docs/other/2629955373/tcp_server-branch-master'  2>&1`
 :: Finishing up
$ 5000  `rm -r '/home/pete/wefwefwef/docs/other/2629955373/tcp_server'  2>&1`
