 :: Extracting meta information
$ 5000  `git ls-remote --heads --tags 'https://github.com/apache/couchdb-bear'  2>&1`
>>> [repo] 2 branches, 1 tags
 :: Writing meta to "/home/pete/wefwefwef/docs/other/8350865170/meta.txt"
 :: Processing https://github.com/apache/couchdb-bear	{rev,tag,"0.8.1","5f998064d178b1b8d01ed90c228d50d8097b12d3"}
 :: Fetching repo code
$ cd "/home/pete/wefwefwef/docs/other/8350865170/couchdb-bear-tag-0.8.1/couchdb-bear"
$ infinity  `curl --fail --silent --show-error --location --output '0.8.1.zip' 'https://github.com/apache/couchdb-bear/archive/0.8.1.zip'  2>&1`
$ cd "/home/pete/wefwefwef/docs/erldocs_other.git"
$ cd "/home/pete/wefwefwef/docs/other/8350865170/couchdb-bear-tag-0.8.1/couchdb-bear"
$ 5000  `find -P . -type l -delete  2>&1`
$ cd "/home/pete/wefwefwef/docs/erldocs_other.git"
$ cd "/home/pete/wefwefwef/docs/other/8350865170/couchdb-bear-tag-0.8.1/couchdb-bear"
$ 5000  `find 'couchdb-bear-0.8.1' -mindepth 1 -maxdepth 1 -exec mv -t . -- {} +  2>&1`
$ cd "/home/pete/wefwefwef/docs/erldocs_other.git"
 :: Getting dependencies
$ cd "/home/pete/wefwefwef/docs/other/8350865170/couchdb-bear-tag-0.8.1/couchdb-bear"
$ 5000  `ls -1 deps/  2>&1`
$ cd "/home/pete/wefwefwef/docs/erldocs_other.git"
>>> [rebar] deps = []
 :: Generating erldocs into /home/pete/wefwefwef/docs/other/8350865170/repo/0.8.1
Building couchdb-bear
Generating Type Specs - "/home/pete/wefwefwef/docs/other/8350865170/couchdb-bear-tag-0.8.1/couchdb-bear/src/bear.erl"
Generating XML for application couchdb-bear "/home/pete/wefwefwef/docs/other/8350865170/couchdb-bear-tag-0.8.1/couchdb-bear" -> "/home/pete/wefwefwef/docs/other/8350865170/repo/0.8.1/.xml/couchdb-bear"
Generated couchdb-bear XMLs: ["/home/pete/wefwefwef/docs/other/8350865170/repo/0.8.1/.xml/couchdb-bear/bear.xml"]
Generating HTML - bear "/home/pete/wefwefwef/docs/other/8350865170/repo/0.8.1/.xml/couchdb-bear/bear.xml"
Reading XML for "/home/pete/wefwefwef/docs/other/8350865170/repo/0.8.1/.xml/couchdb-bear/bear.xml"
Reading XML for "/home/pete/wefwefwef/docs/other/8350865170/repo/0.8.1/.xml/specs_bear.xml"
Creating index.html ...
Creating erldocs_index.js ...
Woot, finished in 0 Minutes 0 Seconds
 :: Discovering other repos
$ 5000  `rm -r '/home/pete/wefwefwef/docs/other/8350865170/couchdb-bear-tag-0.8.1'  2>&1`
 :: Processing https://github.com/apache/couchdb-bear	{rev,branch,"import-master","5f998064d178b1b8d01ed90c228d50d8097b12d3"}
 :: Fetching repo code
$ cd "/home/pete/wefwefwef/docs/other/8350865170/couchdb-bear-branch-import-master/couchdb-bear"
$ infinity  `curl --fail --silent --show-error --location --output 'import-master.zip' 'https://github.com/apache/couchdb-bear/archive/import-master.zip'  2>&1`
$ cd "/home/pete/wefwefwef/docs/erldocs_other.git"
$ cd "/home/pete/wefwefwef/docs/other/8350865170/couchdb-bear-branch-import-master/couchdb-bear"
$ 5000  `find -P . -type l -delete  2>&1`
$ cd "/home/pete/wefwefwef/docs/erldocs_other.git"
$ cd "/home/pete/wefwefwef/docs/other/8350865170/couchdb-bear-branch-import-master/couchdb-bear"
$ 5000  `find 'couchdb-bear-import-master' -mindepth 1 -maxdepth 1 -exec mv -t . -- {} +  2>&1`
$ cd "/home/pete/wefwefwef/docs/erldocs_other.git"
 :: Getting dependencies
$ cd "/home/pete/wefwefwef/docs/other/8350865170/couchdb-bear-branch-import-master/couchdb-bear"
$ 5000  `ls -1 deps/  2>&1`
$ cd "/home/pete/wefwefwef/docs/erldocs_other.git"
>>> [rebar] deps = []
 :: Generating erldocs into /home/pete/wefwefwef/docs/other/8350865170/repo/import-master
Building couchdb-bear
Generating Type Specs - "/home/pete/wefwefwef/docs/other/8350865170/couchdb-bear-branch-import-master/couchdb-bear/src/bear.erl"
Generating XML for application couchdb-bear "/home/pete/wefwefwef/docs/other/8350865170/couchdb-bear-branch-import-master/couchdb-bear" -> "/home/pete/wefwefwef/docs/other/8350865170/repo/import-master/.xml/couchdb-bear"
Generated couchdb-bear XMLs: ["/home/pete/wefwefwef/docs/other/8350865170/repo/import-master/.xml/couchdb-bear/bear.xml"]
Generating HTML - bear "/home/pete/wefwefwef/docs/other/8350865170/repo/import-master/.xml/couchdb-bear/bear.xml"
Reading XML for "/home/pete/wefwefwef/docs/other/8350865170/repo/import-master/.xml/couchdb-bear/bear.xml"
Reading XML for "/home/pete/wefwefwef/docs/other/8350865170/repo/import-master/.xml/specs_bear.xml"
Creating index.html ...
Creating erldocs_index.js ...
Woot, finished in 0 Minutes 0 Seconds
 :: Discovering other repos
$ 5000  `rm -r '/home/pete/wefwefwef/docs/other/8350865170/couchdb-bear-branch-import-master'  2>&1`
 :: Processing https://github.com/apache/couchdb-bear	{rev,branch,"master","37909387deddad658f5a64bdbf3451aeb7042e3c"}
 :: Fetching repo code
$ cd "/home/pete/wefwefwef/docs/other/8350865170/couchdb-bear-branch-master/couchdb-bear"
$ infinity  `curl --fail --silent --show-error --location --output 'master.zip' 'https://github.com/apache/couchdb-bear/archive/master.zip'  2>&1`
$ cd "/home/pete/wefwefwef/docs/erldocs_other.git"
$ cd "/home/pete/wefwefwef/docs/other/8350865170/couchdb-bear-branch-master/couchdb-bear"
$ 5000  `find -P . -type l -delete  2>&1`
$ cd "/home/pete/wefwefwef/docs/erldocs_other.git"
$ cd "/home/pete/wefwefwef/docs/other/8350865170/couchdb-bear-branch-master/couchdb-bear"
$ 5000  `find 'couchdb-bear-master' -mindepth 1 -maxdepth 1 -exec mv -t . -- {} +  2>&1`
$ cd "/home/pete/wefwefwef/docs/erldocs_other.git"
 :: Getting dependencies
$ cd "/home/pete/wefwefwef/docs/other/8350865170/couchdb-bear-branch-master/couchdb-bear"
$ 5000  `ls -1 deps/  2>&1`
$ cd "/home/pete/wefwefwef/docs/erldocs_other.git"
>>> [rebar] deps = []
 :: Generating erldocs into /home/pete/wefwefwef/docs/other/8350865170/repo/master
Building couchdb-bear
Generating Type Specs - "/home/pete/wefwefwef/docs/other/8350865170/couchdb-bear-branch-master/couchdb-bear/src/bear.erl"
Generating XML for application couchdb-bear "/home/pete/wefwefwef/docs/other/8350865170/couchdb-bear-branch-master/couchdb-bear" -> "/home/pete/wefwefwef/docs/other/8350865170/repo/master/.xml/couchdb-bear"
Generated couchdb-bear XMLs: ["/home/pete/wefwefwef/docs/other/8350865170/repo/master/.xml/couchdb-bear/bear.xml"]
Generating HTML - bear "/home/pete/wefwefwef/docs/other/8350865170/repo/master/.xml/couchdb-bear/bear.xml"
Reading XML for "/home/pete/wefwefwef/docs/other/8350865170/repo/master/.xml/couchdb-bear/bear.xml"
Reading XML for "/home/pete/wefwefwef/docs/other/8350865170/repo/master/.xml/specs_bear.xml"
Creating index.html ...
Creating erldocs_index.js ...
Woot, finished in 0 Minutes 0 Seconds
 :: Discovering other repos
$ 5000  `rm -r '/home/pete/wefwefwef/docs/other/8350865170/couchdb-bear-branch-master'  2>&1`
 :: Erldocs finishing up
$ 5000  `rm -r '/home/pete/wefwefwef/docs/other/8350865170/couchdb-bear'  2>&1`
