 :: Extracting meta information
$ infinity  `git ls-remote --heads --tags 'https://github.com/emqtt/emqttd_stomp'  2>&1`
>>> [repo] 1 branches, 0 tags
 :: Writing meta to "/home/pete/wefwefwef/docs/other/22619ed76f275f8d24a58fa7828e30acccb21fa6/meta.txt"
 :: Processing https://github.com/emqtt/emqttd_stomp	{rev,branch,"master","fa130ad36d0923f851dac423c7a206c58d8cf590",undefined,[],[]}
 :: Fetching repo code
$ cd '/home/pete/wefwefwef/docs/other/22619ed76f275f8d24a58fa7828e30acccb21fa6/emqttd_stomp-branch-master'
$ infinity  `curl --fail --silent --show-error --location --output repo.tar.gz 'https://codeload.github.com/emqtt/emqttd_stomp/tar.gz/master'  2>&1`
$ cd '/home/pete/wefwefwef/docs/erldocs_other.git'
$ cd '/home/pete/wefwefwef/docs/other/22619ed76f275f8d24a58fa7828e30acccb21fa6/emqttd_stomp-branch-master/emqttd_stomp-master'
$ 5000  `find -P . -type l -delete  2>&1`
$ cd '/home/pete/wefwefwef/docs/erldocs_other.git'
$ 5000  `mv '/home/pete/wefwefwef/docs/other/22619ed76f275f8d24a58fa7828e30acccb21fa6/emqttd_stomp-branch-master/emqttd_stomp-master' '/home/pete/wefwefwef/docs/other/22619ed76f275f8d24a58fa7828e30acccb21fa6/emqttd_stomp-branch-master/emqttd_stomp'  2>&1`
 :: Getting dependencies
$ cd '/home/pete/wefwefwef/docs/other/22619ed76f275f8d24a58fa7828e30acccb21fa6/emqttd_stomp-branch-master/emqttd_stomp'
$ 5000  `ls -1 deps/  2>&1`
$ cd '/home/pete/wefwefwef/docs/erldocs_other.git'
>>> [rebar] deps = []
 :: Generating erldocs into /home/pete/wefwefwef/docs/other/22619ed76f275f8d24a58fa7828e30acccb21fa6/repo/master
Building emqttd_stomp
Generating Type Specs - "/home/pete/wefwefwef/docs/other/22619ed76f275f8d24a58fa7828e30acccb21fa6/emqttd_stomp-branch-master/emqttd_stomp/src/emqttd_stomp.erl"
Generating Type Specs - "/home/pete/wefwefwef/docs/other/22619ed76f275f8d24a58fa7828e30acccb21fa6/emqttd_stomp-branch-master/emqttd_stomp/src/emqttd_stomp_app.erl"
Generating Type Specs - "/home/pete/wefwefwef/docs/other/22619ed76f275f8d24a58fa7828e30acccb21fa6/emqttd_stomp-branch-master/emqttd_stomp/src/emqttd_stomp_conn.erl"
Generating Type Specs - "/home/pete/wefwefwef/docs/other/22619ed76f275f8d24a58fa7828e30acccb21fa6/emqttd_stomp-branch-master/emqttd_stomp/src/emqttd_stomp_frame.erl"
Generating Type Specs - "/home/pete/wefwefwef/docs/other/22619ed76f275f8d24a58fa7828e30acccb21fa6/emqttd_stomp-branch-master/emqttd_stomp/src/emqttd_stomp_proto.erl"
/home/pete/wefwefwef/docs/other/22619ed76f275f8d24a58fa7828e30acccb21fa6/emqttd_stomp-branch-master/emqttd_stomp/src/emqttd_stomp_proto.erl: at line 34: can't find include lib "emqttd/include/emqttd.hrl"
EDoc could not process file '/home/pete/wefwefwef/docs/other/22619ed76f275f8d24a58fa7828e30acccb21fa6/emqttd_stomp-branch-master/emqttd_stomp/src/emqttd_stomp_proto.erl'
Error generating type specs for "/home/pete/wefwefwef/docs/other/22619ed76f275f8d24a58fa7828e30acccb21fa6/emqttd_stomp-branch-master/emqttd_stomp/src/emqttd_stomp_proto.erl"
Generating Type Specs - "/home/pete/wefwefwef/docs/other/22619ed76f275f8d24a58fa7828e30acccb21fa6/emqttd_stomp-branch-master/emqttd_stomp/src/emqttd_stomp_sup.erl"
Generating XML for application emqttd_stomp "/home/pete/wefwefwef/docs/other/22619ed76f275f8d24a58fa7828e30acccb21fa6/emqttd_stomp-branch-master/emqttd_stomp" -> "/home/pete/wefwefwef/docs/other/22619ed76f275f8d24a58fa7828e30acccb21fa6/repo/master/.xml/emqttd_stomp"
2915- fatal: assignment_expected
edoc: skipping source file '/home/pete/wefwefwef/docs/other/22619ed76f275f8d24a58fa7828e30acccb21fa6/emqttd_stomp-branch-master/emqttd_stomp/src/emqttd_stomp_frame.erl': {error,
                                                                                                                                                                     36,
                                                                                                                                                                     {"error in XML parser: ~P.",
                                                                                                                                                                      [{fatal,
                                                                                                                                                                        {assignment_expected,
                                                                                                                                                                         {file,
                                                                                                                                                                          file_name_unknown},
                                                                                                                                                                         {line,
                                                                                                                                                                          39},
                                                                                                                                                                         {col,
                                                                                                                                                                          40}}},
                                                                                                                                                                       10]}}.
/home/pete/wefwefwef/docs/other/22619ed76f275f8d24a58fa7828e30acccb21fa6/emqttd_stomp-branch-master/emqttd_stomp/src/emqttd_stomp_proto.erl: at line 34: can't find include lib "emqttd/include/emqttd.hrl"
edoc: skipping source file '/home/pete/wefwefwef/docs/other/22619ed76f275f8d24a58fa7828e30acccb21fa6/emqttd_stomp-branch-master/emqttd_stomp/src/emqttd_stomp_proto.erl': {'EXIT',
                                                                                                                                                                     error}.
edoc: error in doclet 'edoc_doclet': {'EXIT',error}.
Error generating emqttd_stomp XMLs. Using fallback ...
Generating XML emqttd_stomp - emqttd_stomp "/home/pete/wefwefwef/docs/other/22619ed76f275f8d24a58fa7828e30acccb21fa6/emqttd_stomp-branch-master/emqttd_stomp/src/emqttd_stomp.erl" -> "/home/pete/wefwefwef/docs/other/22619ed76f275f8d24a58fa7828e30acccb21fa6/repo/master/.xml/emqttd_stomp/emqttd_stomp.xml"
Generating XML emqttd_stomp - emqttd_stomp_app "/home/pete/wefwefwef/docs/other/22619ed76f275f8d24a58fa7828e30acccb21fa6/emqttd_stomp-branch-master/emqttd_stomp/src/emqttd_stomp_app.erl" -> "/home/pete/wefwefwef/docs/other/22619ed76f275f8d24a58fa7828e30acccb21fa6/repo/master/.xml/emqttd_stomp/emqttd_stomp_app.xml"
Generating XML emqttd_stomp - emqttd_stomp_conn "/home/pete/wefwefwef/docs/other/22619ed76f275f8d24a58fa7828e30acccb21fa6/emqttd_stomp-branch-master/emqttd_stomp/src/emqttd_stomp_conn.erl" -> "/home/pete/wefwefwef/docs/other/22619ed76f275f8d24a58fa7828e30acccb21fa6/repo/master/.xml/emqttd_stomp/emqttd_stomp_conn.xml"
Generating XML emqttd_stomp - emqttd_stomp_frame "/home/pete/wefwefwef/docs/other/22619ed76f275f8d24a58fa7828e30acccb21fa6/emqttd_stomp-branch-master/emqttd_stomp/src/emqttd_stomp_frame.erl" -> "/home/pete/wefwefwef/docs/other/22619ed76f275f8d24a58fa7828e30acccb21fa6/repo/master/.xml/emqttd_stomp/emqttd_stomp_frame.xml"
2915- fatal: assignment_expected
Error generating XML ("/home/pete/wefwefwef/docs/other/22619ed76f275f8d24a58fa7828e30acccb21fa6/emqttd_stomp-branch-master/emqttd_stomp/src/emqttd_stomp_frame.erl"): {error,
                                                                                                                                                                       36,
                                                                                                                                                                       {"error in XML parser: ~P.",
                                                                                                                                                                        [{fatal,
                                                                                                                                                                          {assignment_expected,
                                                                                                                                                                           {file,
                                                                                                                                                                            file_name_unknown},
                                                                                                                                                                           {line,
                                                                                                                                                                            39},
                                                                                                                                                                           {col,
                                                                                                                                                                            40}}},
                                                                                                                                                                         10]}}
Generating XML emqttd_stomp - emqttd_stomp_proto "/home/pete/wefwefwef/docs/other/22619ed76f275f8d24a58fa7828e30acccb21fa6/emqttd_stomp-branch-master/emqttd_stomp/src/emqttd_stomp_proto.erl" -> "/home/pete/wefwefwef/docs/other/22619ed76f275f8d24a58fa7828e30acccb21fa6/repo/master/.xml/emqttd_stomp/emqttd_stomp_proto.xml"
/home/pete/wefwefwef/docs/other/22619ed76f275f8d24a58fa7828e30acccb21fa6/emqttd_stomp-branch-master/emqttd_stomp/src/emqttd_stomp_proto.erl: at line 34: can't find include lib "emqttd/include/emqttd.hrl"
Error generating XML ("/home/pete/wefwefwef/docs/other/22619ed76f275f8d24a58fa7828e30acccb21fa6/emqttd_stomp-branch-master/emqttd_stomp/src/emqttd_stomp_proto.erl"): {'EXIT',
                                                                                                                                                                       error}
Generating XML emqttd_stomp - emqttd_stomp_sup "/home/pete/wefwefwef/docs/other/22619ed76f275f8d24a58fa7828e30acccb21fa6/emqttd_stomp-branch-master/emqttd_stomp/src/emqttd_stomp_sup.erl" -> "/home/pete/wefwefwef/docs/other/22619ed76f275f8d24a58fa7828e30acccb21fa6/repo/master/.xml/emqttd_stomp/emqttd_stomp_sup.xml"
Generating HTML - emqttd_stomp_sup "/home/pete/wefwefwef/docs/other/22619ed76f275f8d24a58fa7828e30acccb21fa6/repo/master/.xml/emqttd_stomp/emqttd_stomp_sup.xml"
Generating HTML - emqttd_stomp_conn "/home/pete/wefwefwef/docs/other/22619ed76f275f8d24a58fa7828e30acccb21fa6/repo/master/.xml/emqttd_stomp/emqttd_stomp_conn.xml"
Generating HTML - emqttd_stomp_app "/home/pete/wefwefwef/docs/other/22619ed76f275f8d24a58fa7828e30acccb21fa6/repo/master/.xml/emqttd_stomp/emqttd_stomp_app.xml"
Generating HTML - emqttd_stomp "/home/pete/wefwefwef/docs/other/22619ed76f275f8d24a58fa7828e30acccb21fa6/repo/master/.xml/emqttd_stomp/emqttd_stomp.xml"
Reading XML for "/home/pete/wefwefwef/docs/other/22619ed76f275f8d24a58fa7828e30acccb21fa6/repo/master/.xml/emqttd_stomp/emqttd_stomp_sup.xml"
Reading XML for "/home/pete/wefwefwef/docs/other/22619ed76f275f8d24a58fa7828e30acccb21fa6/repo/master/.xml/emqttd_stomp/emqttd_stomp_conn.xml"
Reading XML for "/home/pete/wefwefwef/docs/other/22619ed76f275f8d24a58fa7828e30acccb21fa6/repo/master/.xml/emqttd_stomp/emqttd_stomp_app.xml"
Reading XML for "/home/pete/wefwefwef/docs/other/22619ed76f275f8d24a58fa7828e30acccb21fa6/repo/master/.xml/emqttd_stomp/emqttd_stomp.xml"
Reading XML for "/home/pete/wefwefwef/docs/other/22619ed76f275f8d24a58fa7828e30acccb21fa6/repo/master/.xml/specs_emqttd_stomp_sup.xml"
Reading XML for "/home/pete/wefwefwef/docs/other/22619ed76f275f8d24a58fa7828e30acccb21fa6/repo/master/.xml/specs_emqttd_stomp_app.xml"
Reading XML for "/home/pete/wefwefwef/docs/other/22619ed76f275f8d24a58fa7828e30acccb21fa6/repo/master/.xml/specs_emqttd_stomp_conn.xml"
Reading XML for "/home/pete/wefwefwef/docs/other/22619ed76f275f8d24a58fa7828e30acccb21fa6/repo/master/.xml/specs_emqttd_stomp.xml"
Creating index.html ...
Creating erldocs_index.js ...
Woot, finished in 0 Minutes 0 Seconds
 :: Discovering other repos
$ 5000  `rm -r '/home/pete/wefwefwef/docs/other/22619ed76f275f8d24a58fa7828e30acccb21fa6/emqttd_stomp-branch-master'  2>&1`
 :: Finishing up
$ 5000  `rm -r '/home/pete/wefwefwef/docs/other/22619ed76f275f8d24a58fa7828e30acccb21fa6/emqttd_stomp'  2>&1`
