 :: Extracting meta information
$ infinity  `git ls-remote --heads --tags 'https://github.com/emqtt/emqttd_stomp'  2>&1`
>>> [repo] 1 branches, 0 tags
WTF {ok,{{"HTTP/1.1",200,"OK"},
         [{"cache-control","max-age=300"},
          {"connection","keep-alive"},
          {"date","Sun, 11 Oct 2015 17:53:22 GMT"},
          {"via","1.1 varnish"},
          {"accept-ranges","bytes"},
          {"etag","\"2ca72fd64f276c6a5e5eb9716bba7907d3d9fec3\""},
          {"vary","Authorization,Accept-Encoding"},
          {"content-length","378"},
          {"content-type","text/plain; charset=utf-8"},
          {"expires","Sun, 11 Oct 2015 17:58:22 GMT"},
          {"content-security-policy","default-src 'none'"},
          {"x-xss-protection","1; mode=block"},
          {"x-frame-options","deny"},
          {"x-content-type-options","nosniff"},
          {"strict-transport-security","max-age=31536000"},
          {"x-served-by","cache-lhr6330-LHR"},
          {"x-cache","MISS"},
          {"x-cache-hits","0"},
          {"access-control-allow-origin","*"},
          {"source-age","0"}],
         "{name,\"emqttd_stomp\"}.\n{target_path,\"github.com/emqtt/emqttd_stomp\"}.\n{url,\"https://github.com/emqtt/emqttd_stomp\"}.\n{vsn_format,2}.\n{vsn_pass,1}.\n{time_begin,{{2015,9,21},{16,7,0}}}.\n{method,git}.\n{count_tags,0}.\n{count_branches,1}.\n{revisions,[{rev,branch,\"master\",\"fa130ad36d0923f851dac423c7a206c58d8cf590\",\n                 true,[],[]}]}.\n{time_end,{{2015,9,21},{16,7,2}}}.\n"}}
 :: Writing meta to "/home/pete/wefwefwef/docs/other/22619ed76f275f8d24a58fa7828e30acccb21fa6/meta.txt"
 :: Processing https://github.com/emqtt/emqttd_stomp	{rev,branch,"master","657191e76b00fed35e1945fb6eed8436499207c5",undefined,[],[]}
 :: Fetching repo code
$ cd '/home/pete/wefwefwef/docs/other/22619ed76f275f8d24a58fa7828e30acccb21fa6/emqttd_stomp-branch-master'
$ infinity  `curl --fail --silent --show-error --location --output repo.tar.gz 'https://codeload.github.com/emqtt/emqttd_stomp/tar.gz/master'  2>&1`
$ cd '/home/pete/wefwefwef/docs/erldocs_other.git'
$ cd '/home/pete/wefwefwef/docs/other/22619ed76f275f8d24a58fa7828e30acccb21fa6/emqttd_stomp-branch-master/emqttd_stomp-master'
$ 5000  `find -P . -type l -delete  2>&1`
$ cd '/home/pete/wefwefwef/docs/erldocs_other.git'
$ 5000  `mv '/home/pete/wefwefwef/docs/other/22619ed76f275f8d24a58fa7828e30acccb21fa6/emqttd_stomp-branch-master/emqttd_stomp-master' '/home/pete/wefwefwef/docs/other/22619ed76f275f8d24a58fa7828e30acccb21fa6/emqttd_stomp-branch-master/emqttd_stomp'  2>&1`
 :: Getting dependencies
$ cd '/home/pete/wefwefwef/docs/other/22619ed76f275f8d24a58fa7828e30acccb21fa6/emqttd_stomp-branch-master/emqttd_stomp'
$ 5000  `ls -1 deps/  2>&1`
$ cd '/home/pete/wefwefwef/docs/erldocs_other.git'
>>> [rebar] deps = []
 :: Generating erldocs into /home/pete/wefwefwef/docs/other/22619ed76f275f8d24a58fa7828e30acccb21fa6/repo/master
Building emqttd_stomp
Generating Type Specs - "/home/pete/wefwefwef/docs/other/22619ed76f275f8d24a58fa7828e30acccb21fa6/emqttd_stomp-branch-master/emqttd_stomp/src/emqttd_stomp.erl"
Generating Type Specs - "/home/pete/wefwefwef/docs/other/22619ed76f275f8d24a58fa7828e30acccb21fa6/emqttd_stomp-branch-master/emqttd_stomp/src/emqttd_stomp_app.erl"
Generating Type Specs - "/home/pete/wefwefwef/docs/other/22619ed76f275f8d24a58fa7828e30acccb21fa6/emqttd_stomp-branch-master/emqttd_stomp/src/emqttd_stomp_client.erl"
Generating Type Specs - "/home/pete/wefwefwef/docs/other/22619ed76f275f8d24a58fa7828e30acccb21fa6/emqttd_stomp-branch-master/emqttd_stomp/src/emqttd_stomp_frame.erl"
Generating Type Specs - "/home/pete/wefwefwef/docs/other/22619ed76f275f8d24a58fa7828e30acccb21fa6/emqttd_stomp-branch-master/emqttd_stomp/src/emqttd_stomp_heartbeat.erl"
Generating Type Specs - "/home/pete/wefwefwef/docs/other/22619ed76f275f8d24a58fa7828e30acccb21fa6/emqttd_stomp-branch-master/emqttd_stomp/src/emqttd_stomp_proto.erl"
/home/pete/wefwefwef/docs/other/22619ed76f275f8d24a58fa7828e30acccb21fa6/emqttd_stomp-branch-master/emqttd_stomp/src/emqttd_stomp_proto.erl: at line 34: can't find include lib "emqttd/include/emqttd.hrl"
EDoc could not process file '/home/pete/wefwefwef/docs/other/22619ed76f275f8d24a58fa7828e30acccb21fa6/emqttd_stomp-branch-master/emqttd_stomp/src/emqttd_stomp_proto.erl'
Error generating type specs for "/home/pete/wefwefwef/docs/other/22619ed76f275f8d24a58fa7828e30acccb21fa6/emqttd_stomp-branch-master/emqttd_stomp/src/emqttd_stomp_proto.erl"
Generating Type Specs - "/home/pete/wefwefwef/docs/other/22619ed76f275f8d24a58fa7828e30acccb21fa6/emqttd_stomp-branch-master/emqttd_stomp/src/emqttd_stomp_sup.erl"
Generating Type Specs - "/home/pete/wefwefwef/docs/other/22619ed76f275f8d24a58fa7828e30acccb21fa6/emqttd_stomp-branch-master/emqttd_stomp/src/emqttd_stomp_transaction.erl"
Generating XML for application emqttd_stomp "/home/pete/wefwefwef/docs/other/22619ed76f275f8d24a58fa7828e30acccb21fa6/emqttd_stomp-branch-master/emqttd_stomp" -> "/home/pete/wefwefwef/docs/other/22619ed76f275f8d24a58fa7828e30acccb21fa6/repo/master/.xml/emqttd_stomp"
2915- fatal: assignment_expected
edoc: skipping source file '/home/pete/wefwefwef/docs/other/22619ed76f275f8d24a58fa7828e30acccb21fa6/emqttd_stomp-branch-master/emqttd_stomp/src/emqttd_stomp_frame.erl': {error,
                                                                                                                                                                     36,
                                                                                                                                                                     {"error in XML parser: ~P.",
                                                                                                                                                                      [{fatal,
                                                                                                                                                                        {assignment_expected,
                                                                                                                                                                         {file,
                                                                                                                                                                          file_name_unknown},
                                                                                                                                                                         {line,
                                                                                                                                                                          39},
                                                                                                                                                                         {col,
                                                                                                                                                                          40}}},
                                                                                                                                                                       10]}}.
/home/pete/wefwefwef/docs/other/22619ed76f275f8d24a58fa7828e30acccb21fa6/emqttd_stomp-branch-master/emqttd_stomp/src/emqttd_stomp_proto.erl: at line 34: can't find include lib "emqttd/include/emqttd.hrl"
edoc: skipping source file '/home/pete/wefwefwef/docs/other/22619ed76f275f8d24a58fa7828e30acccb21fa6/emqttd_stomp-branch-master/emqttd_stomp/src/emqttd_stomp_proto.erl': {'EXIT',
                                                                                                                                                                     error}.
edoc: error in doclet 'edoc_doclet': {'EXIT',error}.
Error generating emqttd_stomp XMLs. Using fallback ...
Generating XML emqttd_stomp - emqttd_stomp "/home/pete/wefwefwef/docs/other/22619ed76f275f8d24a58fa7828e30acccb21fa6/emqttd_stomp-branch-master/emqttd_stomp/src/emqttd_stomp.erl" -> "/home/pete/wefwefwef/docs/other/22619ed76f275f8d24a58fa7828e30acccb21fa6/repo/master/.xml/emqttd_stomp/emqttd_stomp.xml"
Generating XML emqttd_stomp - emqttd_stomp_app "/home/pete/wefwefwef/docs/other/22619ed76f275f8d24a58fa7828e30acccb21fa6/emqttd_stomp-branch-master/emqttd_stomp/src/emqttd_stomp_app.erl" -> "/home/pete/wefwefwef/docs/other/22619ed76f275f8d24a58fa7828e30acccb21fa6/repo/master/.xml/emqttd_stomp/emqttd_stomp_app.xml"
Generating XML emqttd_stomp - emqttd_stomp_client "/home/pete/wefwefwef/docs/other/22619ed76f275f8d24a58fa7828e30acccb21fa6/emqttd_stomp-branch-master/emqttd_stomp/src/emqttd_stomp_client.erl" -> "/home/pete/wefwefwef/docs/other/22619ed76f275f8d24a58fa7828e30acccb21fa6/repo/master/.xml/emqttd_stomp/emqttd_stomp_client.xml"
Generating XML emqttd_stomp - emqttd_stomp_frame "/home/pete/wefwefwef/docs/other/22619ed76f275f8d24a58fa7828e30acccb21fa6/emqttd_stomp-branch-master/emqttd_stomp/src/emqttd_stomp_frame.erl" -> "/home/pete/wefwefwef/docs/other/22619ed76f275f8d24a58fa7828e30acccb21fa6/repo/master/.xml/emqttd_stomp/emqttd_stomp_frame.xml"
2915- fatal: assignment_expected
Error generating XML ("/home/pete/wefwefwef/docs/other/22619ed76f275f8d24a58fa7828e30acccb21fa6/emqttd_stomp-branch-master/emqttd_stomp/src/emqttd_stomp_frame.erl"): {error,
                                                                                                                                                                       36,
                                                                                                                                                                       {"error in XML parser: ~P.",
                                                                                                                                                                        [{fatal,
                                                                                                                                                                          {assignment_expected,
                                                                                                                                                                           {file,
                                                                                                                                                                            file_name_unknown},
                                                                                                                                                                           {line,
                                                                                                                                                                            39},
                                                                                                                                                                           {col,
                                                                                                                                                                            40}}},
                                                                                                                                                                         10]}}
Generating XML emqttd_stomp - emqttd_stomp_heartbeat "/home/pete/wefwefwef/docs/other/22619ed76f275f8d24a58fa7828e30acccb21fa6/emqttd_stomp-branch-master/emqttd_stomp/src/emqttd_stomp_heartbeat.erl" -> "/home/pete/wefwefwef/docs/other/22619ed76f275f8d24a58fa7828e30acccb21fa6/repo/master/.xml/emqttd_stomp/emqttd_stomp_heartbeat.xml"
Generating XML emqttd_stomp - emqttd_stomp_proto "/home/pete/wefwefwef/docs/other/22619ed76f275f8d24a58fa7828e30acccb21fa6/emqttd_stomp-branch-master/emqttd_stomp/src/emqttd_stomp_proto.erl" -> "/home/pete/wefwefwef/docs/other/22619ed76f275f8d24a58fa7828e30acccb21fa6/repo/master/.xml/emqttd_stomp/emqttd_stomp_proto.xml"
/home/pete/wefwefwef/docs/other/22619ed76f275f8d24a58fa7828e30acccb21fa6/emqttd_stomp-branch-master/emqttd_stomp/src/emqttd_stomp_proto.erl: at line 34: can't find include lib "emqttd/include/emqttd.hrl"
Error generating XML ("/home/pete/wefwefwef/docs/other/22619ed76f275f8d24a58fa7828e30acccb21fa6/emqttd_stomp-branch-master/emqttd_stomp/src/emqttd_stomp_proto.erl"): {'EXIT',
                                                                                                                                                                       error}
Generating XML emqttd_stomp - emqttd_stomp_sup "/home/pete/wefwefwef/docs/other/22619ed76f275f8d24a58fa7828e30acccb21fa6/emqttd_stomp-branch-master/emqttd_stomp/src/emqttd_stomp_sup.erl" -> "/home/pete/wefwefwef/docs/other/22619ed76f275f8d24a58fa7828e30acccb21fa6/repo/master/.xml/emqttd_stomp/emqttd_stomp_sup.xml"
Generating XML emqttd_stomp - emqttd_stomp_transaction "/home/pete/wefwefwef/docs/other/22619ed76f275f8d24a58fa7828e30acccb21fa6/emqttd_stomp-branch-master/emqttd_stomp/src/emqttd_stomp_transaction.erl" -> "/home/pete/wefwefwef/docs/other/22619ed76f275f8d24a58fa7828e30acccb21fa6/repo/master/.xml/emqttd_stomp/emqttd_stomp_transaction.xml"
Generating HTML - emqttd_stomp_transaction "/home/pete/wefwefwef/docs/other/22619ed76f275f8d24a58fa7828e30acccb21fa6/repo/master/.xml/emqttd_stomp/emqttd_stomp_transaction.xml"
Generating HTML - emqttd_stomp_sup "/home/pete/wefwefwef/docs/other/22619ed76f275f8d24a58fa7828e30acccb21fa6/repo/master/.xml/emqttd_stomp/emqttd_stomp_sup.xml"
Generating HTML - emqttd_stomp_heartbeat "/home/pete/wefwefwef/docs/other/22619ed76f275f8d24a58fa7828e30acccb21fa6/repo/master/.xml/emqttd_stomp/emqttd_stomp_heartbeat.xml"
Generating HTML - emqttd_stomp "/home/pete/wefwefwef/docs/other/22619ed76f275f8d24a58fa7828e30acccb21fa6/repo/master/.xml/emqttd_stomp/emqttd_stomp.xml"
Reading XML for "/home/pete/wefwefwef/docs/other/22619ed76f275f8d24a58fa7828e30acccb21fa6/repo/master/.xml/emqttd_stomp/emqttd_stomp_transaction.xml"
Reading XML for "/home/pete/wefwefwef/docs/other/22619ed76f275f8d24a58fa7828e30acccb21fa6/repo/master/.xml/emqttd_stomp/emqttd_stomp_sup.xml"
Reading XML for "/home/pete/wefwefwef/docs/other/22619ed76f275f8d24a58fa7828e30acccb21fa6/repo/master/.xml/emqttd_stomp/emqttd_stomp_heartbeat.xml"
Reading XML for "/home/pete/wefwefwef/docs/other/22619ed76f275f8d24a58fa7828e30acccb21fa6/repo/master/.xml/emqttd_stomp/emqttd_stomp.xml"
Reading XML for "/home/pete/wefwefwef/docs/other/22619ed76f275f8d24a58fa7828e30acccb21fa6/repo/master/.xml/specs_emqttd_stomp_heartbeat.xml"
Reading XML for "/home/pete/wefwefwef/docs/other/22619ed76f275f8d24a58fa7828e30acccb21fa6/repo/master/.xml/specs_emqttd_stomp.xml"
Reading XML for "/home/pete/wefwefwef/docs/other/22619ed76f275f8d24a58fa7828e30acccb21fa6/repo/master/.xml/specs_emqttd_stomp_transaction.xml"
Generating HTML - emqttd_stomp_app "/home/pete/wefwefwef/docs/other/22619ed76f275f8d24a58fa7828e30acccb21fa6/repo/master/.xml/emqttd_stomp/emqttd_stomp_app.xml"
Reading XML for "/home/pete/wefwefwef/docs/other/22619ed76f275f8d24a58fa7828e30acccb21fa6/repo/master/.xml/emqttd_stomp/emqttd_stomp_app.xml"
Reading XML for "/home/pete/wefwefwef/docs/other/22619ed76f275f8d24a58fa7828e30acccb21fa6/repo/master/.xml/specs_emqttd_stomp_sup.xml"
Reading XML for "/home/pete/wefwefwef/docs/other/22619ed76f275f8d24a58fa7828e30acccb21fa6/repo/master/.xml/specs_emqttd_stomp_app.xml"
Generating HTML - emqttd_stomp_client "/home/pete/wefwefwef/docs/other/22619ed76f275f8d24a58fa7828e30acccb21fa6/repo/master/.xml/emqttd_stomp/emqttd_stomp_client.xml"
Reading XML for "/home/pete/wefwefwef/docs/other/22619ed76f275f8d24a58fa7828e30acccb21fa6/repo/master/.xml/emqttd_stomp/emqttd_stomp_client.xml"
Reading XML for "/home/pete/wefwefwef/docs/other/22619ed76f275f8d24a58fa7828e30acccb21fa6/repo/master/.xml/specs_emqttd_stomp_client.xml"
Creating index.html ...
Creating erldocs_index.js ...
Woot, finished in 0 Minutes 1 Seconds
 :: Discovering other repos
$ 5000  `rm -r '/home/pete/wefwefwef/docs/other/22619ed76f275f8d24a58fa7828e30acccb21fa6/emqttd_stomp-branch-master'  2>&1`
 :: Finishing up
$ 5000  `rm -r '/home/pete/wefwefwef/docs/other/22619ed76f275f8d24a58fa7828e30acccb21fa6/emqttd_stomp'  2>&1`
