 :: Extracting meta information
$ 5000  `git ls-remote --heads --tags 'https://github.com/cmeiklejohn/rebar_js_stylus_plugin'  2>&1`
>>> [repo] 1 branches, 0 tags
 :: Writing meta to "/home/pete/wefwefwef/docs/other/9474929033/meta.txt"
 :: Processing https://github.com/cmeiklejohn/rebar_js_stylus_plugin	{rev,branch,"master","6529da5dea197835cef829c7629a1a95849cd108"}
 :: Fetching repo code
$ cd "/home/pete/wefwefwef/docs/other/9474929033/rebar_js_stylus_plugin-branch-master/rebar_js_stylus_plugin"
$ infinity  `curl --fail --silent --show-error --location --output 'master.zip' 'https://github.com/cmeiklejohn/rebar_js_stylus_plugin/archive/master.zip'  2>&1`
$ cd "/home/pete/wefwefwef/docs/erldocs_other.git"
$ cd "/home/pete/wefwefwef/docs/other/9474929033/rebar_js_stylus_plugin-branch-master/rebar_js_stylus_plugin"
$ 5000  `find -P . -type l -delete  2>&1`
$ cd "/home/pete/wefwefwef/docs/erldocs_other.git"
$ cd "/home/pete/wefwefwef/docs/other/9474929033/rebar_js_stylus_plugin-branch-master/rebar_js_stylus_plugin"
$ 5000  `find 'rebar_js_stylus_plugin-master' -mindepth 1 -maxdepth 1 -exec mv -t . -- {} +  2>&1`
$ cd "/home/pete/wefwefwef/docs/erldocs_other.git"
 :: Getting dependencies
$ cd "/home/pete/wefwefwef/docs/other/9474929033/rebar_js_stylus_plugin-branch-master/rebar_js_stylus_plugin"
$ 5000  `ls -1 deps/  2>&1`
$ cd "/home/pete/wefwefwef/docs/erldocs_other.git"
>>> [rebar] deps = []
 :: Generating erldocs into /home/pete/wefwefwef/docs/other/9474929033/repo/master
Building rebar_js_stylus_plugin
Generating Type Specs - "/home/pete/wefwefwef/docs/other/9474929033/rebar_js_stylus_plugin-branch-master/rebar_js_stylus_plugin/src/rebar_js_stylus_plugin.erl"
Generating XML for application rebar_js_stylus_plugin "/home/pete/wefwefwef/docs/other/9474929033/rebar_js_stylus_plugin-branch-master/rebar_js_stylus_plugin" -> "/home/pete/wefwefwef/docs/other/9474929033/repo/master/.xml/rebar_js_stylus_plugin"
Generated rebar_js_stylus_plugin XMLs: ["/home/pete/wefwefwef/docs/other/9474929033/repo/master/.xml/rebar_js_stylus_plugin/rebar_js_stylus_plugin.xml"]
Generating HTML - rebar_js_stylus_plugin "/home/pete/wefwefwef/docs/other/9474929033/repo/master/.xml/rebar_js_stylus_plugin/rebar_js_stylus_plugin.xml"
Reading XML for "/home/pete/wefwefwef/docs/other/9474929033/repo/master/.xml/rebar_js_stylus_plugin/rebar_js_stylus_plugin.xml"
Reading XML for "/home/pete/wefwefwef/docs/other/9474929033/repo/master/.xml/specs_rebar_js_stylus_plugin.xml"
Creating index.html ...
Creating erldocs_index.js ...
Woot, finished in 0 Minutes 0 Seconds
 :: Discovering other repos
$ 5000  `rm -r '/home/pete/wefwefwef/docs/other/9474929033/rebar_js_stylus_plugin-branch-master'  2>&1`
 :: Erldocs finishing up
$ 5000  `rm -r '/home/pete/wefwefwef/docs/other/9474929033/rebar_js_stylus_plugin'  2>&1`
