 :: Extracting meta information
$ 5000  `git ls-remote --heads --tags 'https://github.com/klaustrainer/mytrie'  2>&1`
>>> [repo] 1 branches, 0 tags
 :: Writing meta to "/home/pete/wefwefwef/docs/other/3378067464/meta.txt"
 :: Processing https://github.com/klaustrainer/mytrie	{rev,branch,"master","75259d9e801c5f537b204b48c4650282538a6b39"}
 :: Fetching repo code
$ cd "/home/pete/wefwefwef/docs/other/3378067464/mytrie-branch-master/mytrie"
$ infinity  `curl --fail --silent --show-error --location --output 'master.zip' 'https://github.com/klaustrainer/mytrie/archive/master.zip'  2>&1`
$ cd "/home/pete/wefwefwef/docs/erldocs_other.git"
$ cd "/home/pete/wefwefwef/docs/other/3378067464/mytrie-branch-master/mytrie"
$ 5000  `find -P . -type l -delete  2>&1`
$ cd "/home/pete/wefwefwef/docs/erldocs_other.git"
$ cd "/home/pete/wefwefwef/docs/other/3378067464/mytrie-branch-master/mytrie"
$ 5000  `find 'mytrie-master' -mindepth 1 -maxdepth 1 -exec mv -t . -- {} +  2>&1`
$ cd "/home/pete/wefwefwef/docs/erldocs_other.git"
 :: Getting dependencies
$ cd "/home/pete/wefwefwef/docs/other/3378067464/mytrie-branch-master/mytrie"
$ 5000  `ls -1 deps/  2>&1`
$ cd "/home/pete/wefwefwef/docs/erldocs_other.git"
>>> [rebar] deps = []
 :: Generating erldocs into /home/pete/wefwefwef/docs/other/3378067464/repo/master
Building mytrie
Generating Type Specs - "/home/pete/wefwefwef/docs/other/3378067464/mytrie-branch-master/mytrie/src/mytrie.erl"
Generating XML for application mytrie "/home/pete/wefwefwef/docs/other/3378067464/mytrie-branch-master/mytrie" -> "/home/pete/wefwefwef/docs/other/3378067464/repo/master/.xml/mytrie"
Generated mytrie XMLs: ["/home/pete/wefwefwef/docs/other/3378067464/repo/master/.xml/mytrie/mytrie.xml"]
Generating HTML - mytrie "/home/pete/wefwefwef/docs/other/3378067464/repo/master/.xml/mytrie/mytrie.xml"
Reading XML for "/home/pete/wefwefwef/docs/other/3378067464/repo/master/.xml/mytrie/mytrie.xml"
Reading XML for "/home/pete/wefwefwef/docs/other/3378067464/repo/master/.xml/specs_mytrie.xml"
Creating index.html ...
Creating erldocs_index.js ...
Woot, finished in 0 Minutes 0 Seconds
 :: Discovering other repos
$ 5000  `rm -r '/home/pete/wefwefwef/docs/other/3378067464/mytrie-branch-master'  2>&1`
 :: Erldocs finishing up
$ 5000  `rm -r '/home/pete/wefwefwef/docs/other/3378067464/mytrie'  2>&1`
