 :: Extracting meta information
$ 5000  `git ls-remote --heads --tags 'https://github.com/noblesamurai/mockgyver'  2>&1`
>>> [repo] 1 branches, 5 tags
 :: Writing meta to "/home/pete/wefwefwef/docs/other/6083947734/meta.txt"
 :: Processing https://github.com/noblesamurai/mockgyver	{rev,tag,"v0.1","fbcc40c91d8b34e8e5d00fb56b26554241de2023"}
 :: Fetching repo code
$ cd "/home/pete/wefwefwef/docs/other/6083947734/mockgyver-tag-v0.1/mockgyver"
$ infinity  `curl --fail --silent --show-error --location --output 'v0.1.zip' 'https://github.com/noblesamurai/mockgyver/archive/v0.1.zip'  2>&1`
$ cd "/home/pete/wefwefwef/docs/erldocs_other.git"
$ cd "/home/pete/wefwefwef/docs/other/6083947734/mockgyver-tag-v0.1/mockgyver"
$ 5000  `find -P . -type l -delete  2>&1`
$ cd "/home/pete/wefwefwef/docs/erldocs_other.git"
$ cd "/home/pete/wefwefwef/docs/other/6083947734/mockgyver-tag-v0.1/mockgyver"
$ 5000  `find 'mockgyver-0.1' -mindepth 1 -maxdepth 1 -exec mv -t . -- {} +  2>&1`
$ cd "/home/pete/wefwefwef/docs/erldocs_other.git"
 :: Getting dependencies
$ cd "/home/pete/wefwefwef/docs/other/6083947734/mockgyver-tag-v0.1/mockgyver"
$ infinity  `rebar --config '/home/pete/wefwefwef/docs/other/6083947734/mockgyver-tag-v0.1/rebar_deps' get-deps  2>&1`
$ cd "/home/pete/wefwefwef/docs/erldocs_other.git"
$ cd "/home/pete/wefwefwef/docs/other/6083947734/mockgyver-tag-v0.1/mockgyver"
$ 5000  `find -P . -type l -delete  2>&1`
$ cd "/home/pete/wefwefwef/docs/erldocs_other.git"
$ cd "/home/pete/wefwefwef/docs/other/6083947734/mockgyver-tag-v0.1/mockgyver"
$ 5000  `ls -1 deps/  2>&1`
$ cd "/home/pete/wefwefwef/docs/erldocs_other.git"
>>> [rebar] deps = ["edown","parse_trans"]
 :: Generating erldocs into /home/pete/wefwefwef/docs/other/6083947734/repo/v0.1
Building mockgyver
Generating Type Specs - "/home/pete/wefwefwef/docs/other/6083947734/mockgyver-tag-v0.1/mockgyver/src/mockgyver.erl"
Generating Type Specs - "/home/pete/wefwefwef/docs/other/6083947734/mockgyver-tag-v0.1/mockgyver/src/mockgyver_xform.erl"
Generating XML for application mockgyver "/home/pete/wefwefwef/docs/other/6083947734/mockgyver-tag-v0.1/mockgyver" -> "/home/pete/wefwefwef/docs/other/6083947734/repo/v0.1/.xml/mockgyver"
Generated mockgyver XMLs: ["/home/pete/wefwefwef/docs/other/6083947734/repo/v0.1/.xml/mockgyver/mockgyver_xform.xml",
                           "/home/pete/wefwefwef/docs/other/6083947734/repo/v0.1/.xml/mockgyver/mockgyver.xml"]
Generating HTML - mockgyver "/home/pete/wefwefwef/docs/other/6083947734/repo/v0.1/.xml/mockgyver/mockgyver.xml"
Reading XML for "/home/pete/wefwefwef/docs/other/6083947734/repo/v0.1/.xml/mockgyver/mockgyver.xml"
Reading XML for "/home/pete/wefwefwef/docs/other/6083947734/repo/v0.1/.xml/specs_mockgyver.xml"
Generating HTML - mockgyver_xform "/home/pete/wefwefwef/docs/other/6083947734/repo/v0.1/.xml/mockgyver/mockgyver_xform.xml"
Reading XML for "/home/pete/wefwefwef/docs/other/6083947734/repo/v0.1/.xml/mockgyver/mockgyver_xform.xml"
Reading XML for "/home/pete/wefwefwef/docs/other/6083947734/repo/v0.1/.xml/specs_mockgyver_xform.xml"
Creating index.html ...
Creating erldocs_index.js ...
Woot, finished in 0 Minutes 0 Seconds
 :: Discovering other repos
$ 5000  `rm -r '/home/pete/wefwefwef/docs/other/6083947734/mockgyver-tag-v0.1'  2>&1`
 :: Processing https://github.com/noblesamurai/mockgyver	{rev,tag,"v0.2","7e6fff0b761d3182ccc11b2183fac7edb35120a2"}
 :: Fetching repo code
$ cd "/home/pete/wefwefwef/docs/other/6083947734/mockgyver-tag-v0.2/mockgyver"
$ infinity  `curl --fail --silent --show-error --location --output 'v0.2.zip' 'https://github.com/noblesamurai/mockgyver/archive/v0.2.zip'  2>&1`
$ cd "/home/pete/wefwefwef/docs/erldocs_other.git"
$ cd "/home/pete/wefwefwef/docs/other/6083947734/mockgyver-tag-v0.2/mockgyver"
$ 5000  `find -P . -type l -delete  2>&1`
$ cd "/home/pete/wefwefwef/docs/erldocs_other.git"
$ cd "/home/pete/wefwefwef/docs/other/6083947734/mockgyver-tag-v0.2/mockgyver"
$ 5000  `find 'mockgyver-0.2' -mindepth 1 -maxdepth 1 -exec mv -t . -- {} +  2>&1`
$ cd "/home/pete/wefwefwef/docs/erldocs_other.git"
 :: Getting dependencies
$ cd "/home/pete/wefwefwef/docs/other/6083947734/mockgyver-tag-v0.2/mockgyver"
$ infinity  `rebar --config '/home/pete/wefwefwef/docs/other/6083947734/mockgyver-tag-v0.2/rebar_deps' get-deps  2>&1`
$ cd "/home/pete/wefwefwef/docs/erldocs_other.git"
$ cd "/home/pete/wefwefwef/docs/other/6083947734/mockgyver-tag-v0.2/mockgyver"
$ 5000  `find -P . -type l -delete  2>&1`
$ cd "/home/pete/wefwefwef/docs/erldocs_other.git"
$ cd "/home/pete/wefwefwef/docs/other/6083947734/mockgyver-tag-v0.2/mockgyver"
$ 5000  `ls -1 deps/  2>&1`
$ cd "/home/pete/wefwefwef/docs/erldocs_other.git"
>>> [rebar] deps = ["edown","parse_trans"]
 :: Generating erldocs into /home/pete/wefwefwef/docs/other/6083947734/repo/v0.2
Building mockgyver
Generating Type Specs - "/home/pete/wefwefwef/docs/other/6083947734/mockgyver-tag-v0.2/mockgyver/src/mockgyver.erl"
Generating Type Specs - "/home/pete/wefwefwef/docs/other/6083947734/mockgyver-tag-v0.2/mockgyver/src/mockgyver_xform.erl"
Generating XML for application mockgyver "/home/pete/wefwefwef/docs/other/6083947734/mockgyver-tag-v0.2/mockgyver" -> "/home/pete/wefwefwef/docs/other/6083947734/repo/v0.2/.xml/mockgyver"
Generated mockgyver XMLs: ["/home/pete/wefwefwef/docs/other/6083947734/repo/v0.2/.xml/mockgyver/mockgyver_xform.xml",
                           "/home/pete/wefwefwef/docs/other/6083947734/repo/v0.2/.xml/mockgyver/mockgyver.xml"]
Generating HTML - mockgyver "/home/pete/wefwefwef/docs/other/6083947734/repo/v0.2/.xml/mockgyver/mockgyver.xml"
Reading XML for "/home/pete/wefwefwef/docs/other/6083947734/repo/v0.2/.xml/mockgyver/mockgyver.xml"
Reading XML for "/home/pete/wefwefwef/docs/other/6083947734/repo/v0.2/.xml/specs_mockgyver.xml"
Generating HTML - mockgyver_xform "/home/pete/wefwefwef/docs/other/6083947734/repo/v0.2/.xml/mockgyver/mockgyver_xform.xml"
Reading XML for "/home/pete/wefwefwef/docs/other/6083947734/repo/v0.2/.xml/mockgyver/mockgyver_xform.xml"
Reading XML for "/home/pete/wefwefwef/docs/other/6083947734/repo/v0.2/.xml/specs_mockgyver_xform.xml"
Creating index.html ...
Creating erldocs_index.js ...
Woot, finished in 0 Minutes 0 Seconds
 :: Discovering other repos
$ 5000  `rm -r '/home/pete/wefwefwef/docs/other/6083947734/mockgyver-tag-v0.2'  2>&1`
 :: Processing https://github.com/noblesamurai/mockgyver	{rev,tag,"v0.3","41a5538242ddfd97211ea277bc65c43121c03478"}
 :: Fetching repo code
$ cd "/home/pete/wefwefwef/docs/other/6083947734/mockgyver-tag-v0.3/mockgyver"
$ infinity  `curl --fail --silent --show-error --location --output 'v0.3.zip' 'https://github.com/noblesamurai/mockgyver/archive/v0.3.zip'  2>&1`
$ cd "/home/pete/wefwefwef/docs/erldocs_other.git"
$ cd "/home/pete/wefwefwef/docs/other/6083947734/mockgyver-tag-v0.3/mockgyver"
$ 5000  `find -P . -type l -delete  2>&1`
$ cd "/home/pete/wefwefwef/docs/erldocs_other.git"
$ cd "/home/pete/wefwefwef/docs/other/6083947734/mockgyver-tag-v0.3/mockgyver"
$ 5000  `find 'mockgyver-0.3' -mindepth 1 -maxdepth 1 -exec mv -t . -- {} +  2>&1`
$ cd "/home/pete/wefwefwef/docs/erldocs_other.git"
 :: Getting dependencies
$ cd "/home/pete/wefwefwef/docs/other/6083947734/mockgyver-tag-v0.3/mockgyver"
$ infinity  `rebar --config '/home/pete/wefwefwef/docs/other/6083947734/mockgyver-tag-v0.3/rebar_deps' get-deps  2>&1`
$ cd "/home/pete/wefwefwef/docs/erldocs_other.git"
$ cd "/home/pete/wefwefwef/docs/other/6083947734/mockgyver-tag-v0.3/mockgyver"
$ 5000  `find -P . -type l -delete  2>&1`
$ cd "/home/pete/wefwefwef/docs/erldocs_other.git"
$ cd "/home/pete/wefwefwef/docs/other/6083947734/mockgyver-tag-v0.3/mockgyver"
$ 5000  `ls -1 deps/  2>&1`
$ cd "/home/pete/wefwefwef/docs/erldocs_other.git"
>>> [rebar] deps = ["edown","parse_trans"]
 :: Generating erldocs into /home/pete/wefwefwef/docs/other/6083947734/repo/v0.3
Building mockgyver
Generating Type Specs - "/home/pete/wefwefwef/docs/other/6083947734/mockgyver-tag-v0.3/mockgyver/src/mockgyver.erl"
Generating Type Specs - "/home/pete/wefwefwef/docs/other/6083947734/mockgyver-tag-v0.3/mockgyver/src/mockgyver_xform.erl"
Generating XML for application mockgyver "/home/pete/wefwefwef/docs/other/6083947734/mockgyver-tag-v0.3/mockgyver" -> "/home/pete/wefwefwef/docs/other/6083947734/repo/v0.3/.xml/mockgyver"
Generated mockgyver XMLs: ["/home/pete/wefwefwef/docs/other/6083947734/repo/v0.3/.xml/mockgyver/mockgyver_xform.xml",
                           "/home/pete/wefwefwef/docs/other/6083947734/repo/v0.3/.xml/mockgyver/mockgyver.xml"]
Generating HTML - mockgyver "/home/pete/wefwefwef/docs/other/6083947734/repo/v0.3/.xml/mockgyver/mockgyver.xml"
Reading XML for "/home/pete/wefwefwef/docs/other/6083947734/repo/v0.3/.xml/mockgyver/mockgyver.xml"
Reading XML for "/home/pete/wefwefwef/docs/other/6083947734/repo/v0.3/.xml/specs_mockgyver.xml"
Generating HTML - mockgyver_xform "/home/pete/wefwefwef/docs/other/6083947734/repo/v0.3/.xml/mockgyver/mockgyver_xform.xml"
Reading XML for "/home/pete/wefwefwef/docs/other/6083947734/repo/v0.3/.xml/mockgyver/mockgyver_xform.xml"
Reading XML for "/home/pete/wefwefwef/docs/other/6083947734/repo/v0.3/.xml/specs_mockgyver_xform.xml"
Creating index.html ...
Creating erldocs_index.js ...
Woot, finished in 0 Minutes 0 Seconds
 :: Discovering other repos
$ 5000  `rm -r '/home/pete/wefwefwef/docs/other/6083947734/mockgyver-tag-v0.3'  2>&1`
 :: Processing https://github.com/noblesamurai/mockgyver	{rev,tag,"v0.4","12305fa8593d1951e00fee76397d39f7cff10d27"}
 :: Fetching repo code
$ cd "/home/pete/wefwefwef/docs/other/6083947734/mockgyver-tag-v0.4/mockgyver"
$ infinity  `curl --fail --silent --show-error --location --output 'v0.4.zip' 'https://github.com/noblesamurai/mockgyver/archive/v0.4.zip'  2>&1`
$ cd "/home/pete/wefwefwef/docs/erldocs_other.git"
$ cd "/home/pete/wefwefwef/docs/other/6083947734/mockgyver-tag-v0.4/mockgyver"
$ 5000  `find -P . -type l -delete  2>&1`
$ cd "/home/pete/wefwefwef/docs/erldocs_other.git"
$ cd "/home/pete/wefwefwef/docs/other/6083947734/mockgyver-tag-v0.4/mockgyver"
$ 5000  `find 'mockgyver-0.4' -mindepth 1 -maxdepth 1 -exec mv -t . -- {} +  2>&1`
$ cd "/home/pete/wefwefwef/docs/erldocs_other.git"
 :: Getting dependencies
$ cd "/home/pete/wefwefwef/docs/other/6083947734/mockgyver-tag-v0.4/mockgyver"
$ infinity  `rebar --config '/home/pete/wefwefwef/docs/other/6083947734/mockgyver-tag-v0.4/rebar_deps' get-deps  2>&1`
$ cd "/home/pete/wefwefwef/docs/erldocs_other.git"
$ cd "/home/pete/wefwefwef/docs/other/6083947734/mockgyver-tag-v0.4/mockgyver"
$ 5000  `find -P . -type l -delete  2>&1`
$ cd "/home/pete/wefwefwef/docs/erldocs_other.git"
$ cd "/home/pete/wefwefwef/docs/other/6083947734/mockgyver-tag-v0.4/mockgyver"
$ 5000  `ls -1 deps/  2>&1`
$ cd "/home/pete/wefwefwef/docs/erldocs_other.git"
>>> [rebar] deps = ["edown","parse_trans"]
 :: Generating erldocs into /home/pete/wefwefwef/docs/other/6083947734/repo/v0.4
Building mockgyver
Generating Type Specs - "/home/pete/wefwefwef/docs/other/6083947734/mockgyver-tag-v0.4/mockgyver/src/mockgyver.erl"
Generating Type Specs - "/home/pete/wefwefwef/docs/other/6083947734/mockgyver-tag-v0.4/mockgyver/src/mockgyver_xform.erl"
Generating XML for application mockgyver "/home/pete/wefwefwef/docs/other/6083947734/mockgyver-tag-v0.4/mockgyver" -> "/home/pete/wefwefwef/docs/other/6083947734/repo/v0.4/.xml/mockgyver"
Generated mockgyver XMLs: ["/home/pete/wefwefwef/docs/other/6083947734/repo/v0.4/.xml/mockgyver/mockgyver_xform.xml",
                           "/home/pete/wefwefwef/docs/other/6083947734/repo/v0.4/.xml/mockgyver/mockgyver.xml"]
Generating HTML - mockgyver "/home/pete/wefwefwef/docs/other/6083947734/repo/v0.4/.xml/mockgyver/mockgyver.xml"
Reading XML for "/home/pete/wefwefwef/docs/other/6083947734/repo/v0.4/.xml/mockgyver/mockgyver.xml"
Reading XML for "/home/pete/wefwefwef/docs/other/6083947734/repo/v0.4/.xml/specs_mockgyver.xml"
Generating HTML - mockgyver_xform "/home/pete/wefwefwef/docs/other/6083947734/repo/v0.4/.xml/mockgyver/mockgyver_xform.xml"
Reading XML for "/home/pete/wefwefwef/docs/other/6083947734/repo/v0.4/.xml/mockgyver/mockgyver_xform.xml"
Reading XML for "/home/pete/wefwefwef/docs/other/6083947734/repo/v0.4/.xml/specs_mockgyver_xform.xml"
Creating index.html ...
Creating erldocs_index.js ...
Woot, finished in 0 Minutes 0 Seconds
 :: Discovering other repos
$ 5000  `rm -r '/home/pete/wefwefwef/docs/other/6083947734/mockgyver-tag-v0.4'  2>&1`
 :: Processing https://github.com/noblesamurai/mockgyver	{rev,tag,"v0.5","264eb48dfb59cc4616803b71e6c418a4420ebfea"}
 :: Fetching repo code
$ cd "/home/pete/wefwefwef/docs/other/6083947734/mockgyver-tag-v0.5/mockgyver"
$ infinity  `curl --fail --silent --show-error --location --output 'v0.5.zip' 'https://github.com/noblesamurai/mockgyver/archive/v0.5.zip'  2>&1`
$ cd "/home/pete/wefwefwef/docs/erldocs_other.git"
$ cd "/home/pete/wefwefwef/docs/other/6083947734/mockgyver-tag-v0.5/mockgyver"
$ 5000  `find -P . -type l -delete  2>&1`
$ cd "/home/pete/wefwefwef/docs/erldocs_other.git"
$ cd "/home/pete/wefwefwef/docs/other/6083947734/mockgyver-tag-v0.5/mockgyver"
$ 5000  `find 'mockgyver-0.5' -mindepth 1 -maxdepth 1 -exec mv -t . -- {} +  2>&1`
$ cd "/home/pete/wefwefwef/docs/erldocs_other.git"
 :: Getting dependencies
$ cd "/home/pete/wefwefwef/docs/other/6083947734/mockgyver-tag-v0.5/mockgyver"
$ infinity  `rebar --config '/home/pete/wefwefwef/docs/other/6083947734/mockgyver-tag-v0.5/rebar_deps' get-deps  2>&1`
$ cd "/home/pete/wefwefwef/docs/erldocs_other.git"
$ cd "/home/pete/wefwefwef/docs/other/6083947734/mockgyver-tag-v0.5/mockgyver"
$ 5000  `find -P . -type l -delete  2>&1`
$ cd "/home/pete/wefwefwef/docs/erldocs_other.git"
$ cd "/home/pete/wefwefwef/docs/other/6083947734/mockgyver-tag-v0.5/mockgyver"
$ 5000  `ls -1 deps/  2>&1`
$ cd "/home/pete/wefwefwef/docs/erldocs_other.git"
>>> [rebar] deps = ["edown","eunit_addons","parse_trans"]
 :: Generating erldocs into /home/pete/wefwefwef/docs/other/6083947734/repo/v0.5
Building mockgyver
Generating Type Specs - "/home/pete/wefwefwef/docs/other/6083947734/mockgyver-tag-v0.5/mockgyver/src/mockgyver.erl"
Generating Type Specs - "/home/pete/wefwefwef/docs/other/6083947734/mockgyver-tag-v0.5/mockgyver/src/mockgyver_app.erl"
Generating Type Specs - "/home/pete/wefwefwef/docs/other/6083947734/mockgyver-tag-v0.5/mockgyver/src/mockgyver_sup.erl"
Generating Type Specs - "/home/pete/wefwefwef/docs/other/6083947734/mockgyver-tag-v0.5/mockgyver/src/mockgyver_xform.erl"
Generating XML for application mockgyver "/home/pete/wefwefwef/docs/other/6083947734/mockgyver-tag-v0.5/mockgyver" -> "/home/pete/wefwefwef/docs/other/6083947734/repo/v0.5/.xml/mockgyver"
Generated mockgyver XMLs: ["/home/pete/wefwefwef/docs/other/6083947734/repo/v0.5/.xml/mockgyver/mockgyver.xml"]
Generating HTML - mockgyver "/home/pete/wefwefwef/docs/other/6083947734/repo/v0.5/.xml/mockgyver/mockgyver.xml"
Reading XML for "/home/pete/wefwefwef/docs/other/6083947734/repo/v0.5/.xml/mockgyver/mockgyver.xml"
Reading XML for "/home/pete/wefwefwef/docs/other/6083947734/repo/v0.5/.xml/specs_mockgyver.xml"
Creating index.html ...
Creating erldocs_index.js ...
Woot, finished in 0 Minutes 0 Seconds
 :: Discovering other repos
$ 5000  `rm -r '/home/pete/wefwefwef/docs/other/6083947734/mockgyver-tag-v0.5'  2>&1`
 :: Processing https://github.com/noblesamurai/mockgyver	{rev,branch,"master","1a2e09fc42fb44142871a074332e52383b925044"}
 :: Fetching repo code
$ cd "/home/pete/wefwefwef/docs/other/6083947734/mockgyver-branch-master/mockgyver"
$ infinity  `curl --fail --silent --show-error --location --output 'master.zip' 'https://github.com/noblesamurai/mockgyver/archive/master.zip'  2>&1`
$ cd "/home/pete/wefwefwef/docs/erldocs_other.git"
$ cd "/home/pete/wefwefwef/docs/other/6083947734/mockgyver-branch-master/mockgyver"
$ 5000  `find -P . -type l -delete  2>&1`
$ cd "/home/pete/wefwefwef/docs/erldocs_other.git"
$ cd "/home/pete/wefwefwef/docs/other/6083947734/mockgyver-branch-master/mockgyver"
$ 5000  `find 'mockgyver-master' -mindepth 1 -maxdepth 1 -exec mv -t . -- {} +  2>&1`
$ cd "/home/pete/wefwefwef/docs/erldocs_other.git"
 :: Getting dependencies
$ cd "/home/pete/wefwefwef/docs/other/6083947734/mockgyver-branch-master/mockgyver"
$ infinity  `rebar --config '/home/pete/wefwefwef/docs/other/6083947734/mockgyver-branch-master/rebar_deps' get-deps  2>&1`
$ cd "/home/pete/wefwefwef/docs/erldocs_other.git"
$ cd "/home/pete/wefwefwef/docs/other/6083947734/mockgyver-branch-master/mockgyver"
$ 5000  `find -P . -type l -delete  2>&1`
$ cd "/home/pete/wefwefwef/docs/erldocs_other.git"
$ cd "/home/pete/wefwefwef/docs/other/6083947734/mockgyver-branch-master/mockgyver"
$ 5000  `ls -1 deps/  2>&1`
$ cd "/home/pete/wefwefwef/docs/erldocs_other.git"
>>> [rebar] deps = ["edown","eunit_addons","parse_trans"]
 :: Generating erldocs into /home/pete/wefwefwef/docs/other/6083947734/repo/master
Building mockgyver
Generating Type Specs - "/home/pete/wefwefwef/docs/other/6083947734/mockgyver-branch-master/mockgyver/src/mockgyver.erl"
Generating Type Specs - "/home/pete/wefwefwef/docs/other/6083947734/mockgyver-branch-master/mockgyver/src/mockgyver_app.erl"
Generating Type Specs - "/home/pete/wefwefwef/docs/other/6083947734/mockgyver-branch-master/mockgyver/src/mockgyver_sup.erl"
Generating Type Specs - "/home/pete/wefwefwef/docs/other/6083947734/mockgyver-branch-master/mockgyver/src/mockgyver_xform.erl"
Generating XML for application mockgyver "/home/pete/wefwefwef/docs/other/6083947734/mockgyver-branch-master/mockgyver" -> "/home/pete/wefwefwef/docs/other/6083947734/repo/master/.xml/mockgyver"
Generated mockgyver XMLs: ["/home/pete/wefwefwef/docs/other/6083947734/repo/master/.xml/mockgyver/mockgyver.xml"]
Generating HTML - mockgyver "/home/pete/wefwefwef/docs/other/6083947734/repo/master/.xml/mockgyver/mockgyver.xml"
Reading XML for "/home/pete/wefwefwef/docs/other/6083947734/repo/master/.xml/mockgyver/mockgyver.xml"
Reading XML for "/home/pete/wefwefwef/docs/other/6083947734/repo/master/.xml/specs_mockgyver.xml"
Creating index.html ...
Creating erldocs_index.js ...
Woot, finished in 0 Minutes 0 Seconds
 :: Discovering other repos
$ 5000  `rm -r '/home/pete/wefwefwef/docs/other/6083947734/mockgyver-branch-master'  2>&1`
 :: Erldocs finishing up
$ 5000  `rm -r '/home/pete/wefwefwef/docs/other/6083947734/mockgyver'  2>&1`
