 :: Extracting meta information
$ cd '.'
$ infinity  `git ls-remote --heads --tags https://github.com/irr/erl-tutorials`
>>> [repo] 1 branches, 0 tags
 :: Writing meta to "/home/pete/wefwefwef/docs/other/e409f67225e538b6871a3399b047f48ae47d8310/meta.txt"
 :: Processing https://github.com/irr/erl-tutorials	{rev,branch,"master","f4e337961ea64a5f12ce41eaab680239220ca8ec",undefined,[],[]}
 :: Fetching repo code
$ cd '/home/pete/wefwefwef/docs/other/e409f67225e538b6871a3399b047f48ae47d8310/erl-tutorials-branch-master'
$ infinity  `curl --fail --silent --show-error --location --output repo.tar.gz https://codeload.github.com/irr/erl-tutorials/tar.gz/master`
$ cd '/home/pete/wefwefwef/docs/other/e409f67225e538b6871a3399b047f48ae47d8310/erl-tutorials-branch-master/erl-tutorials-master'
$ 5000  `find -P . -type l -delete`
$ cd '.'
$ 5000  `mv /home/pete/wefwefwef/docs/other/e409f67225e538b6871a3399b047f48ae47d8310/erl-tutorials-branch-master/erl-tutorials-master /home/pete/wefwefwef/docs/other/e409f67225e538b6871a3399b047f48ae47d8310/erl-tutorials-branch-master/erl-tutorials`
 :: Getting dependencies
 :: Generating erldocs into /home/pete/wefwefwef/docs/other/e409f67225e538b6871a3399b047f48ae47d8310/repo/master
Building erl-tutorials
Generating XML for application erl-tutorials "/home/pete/wefwefwef/docs/other/e409f67225e538b6871a3399b047f48ae47d8310/erl-tutorials-branch-master/erl-tutorials" -> "/home/pete/wefwefwef/docs/other/e409f67225e538b6871a3399b047f48ae47d8310/repo/master/.xml/erl-tutorials"
/home/pete/wefwefwef/docs/other/e409f67225e538b6871a3399b047f48ae47d8310/erl-tutorials-branch-master/erl-tutorials/mysql/src/mysql.erl, function log/4: at line 75: unknown error parsing type definition: {75,edoc_parser,
                                        ["syntax error before: ","'='"]}.
edoc: skipping source file '/home/pete/wefwefwef/docs/other/e409f67225e538b6871a3399b047f48ae47d8310/erl-tutorials-branch-master/erl-tutorials/mysql/src/mysql.erl': {'EXIT',
                                                                                                                                                                error}.
/home/pete/wefwefwef/docs/other/e409f67225e538b6871a3399b047f48ae47d8310/erl-tutorials-branch-master/erl-tutorials/et/src/etrader.erl, function source/1: at line 42: @spec name does not match.
edoc: skipping source file '/home/pete/wefwefwef/docs/other/e409f67225e538b6871a3399b047f48ae47d8310/erl-tutorials-branch-master/erl-tutorials/et/src/etrader.erl': {'EXIT',
                                                                                                                                                               error}.
edoc: error in doclet 'edoc_doclet': {'EXIT',error}.
Error generating erl-tutorials XMLs. Using fallback ...
No documentation was generated!
Woot, finished in 0 Minutes 0 Seconds
 :: Discovering other repos
$ cd '.'
$ 5000  `rm -r /home/pete/wefwefwef/docs/other/e409f67225e538b6871a3399b047f48ae47d8310/erl-tutorials-branch-master`
 :: Finishing up
$ cd '.'
$ 5000  `rm -r /home/pete/wefwefwef/docs/other/e409f67225e538b6871a3399b047f48ae47d8310/erl-tutorials`
$ cd '.'
$ 5000  `rm -r /home/pete/wefwefwef/docs/other/e409f67225e538b6871a3399b047f48ae47d8310/repo/master`
