 :: Extracting meta information
$ 5000  `git ls-remote --heads --tags 'https://github.com/qingliangcn/mslog'  2>&1`
>>> [repo] 1 branches, 3 tags
 :: Writing meta to "/home/pete/wefwefwef/docs/other/9029411995/meta.txt"
 :: Processing https://github.com/qingliangcn/mslog	{rev,tag,"r0.1","4056defa175122b8576a40bec4e34fa8a962ee28",undefined,[],[]}
 :: Fetching repo code
$ cd "/home/pete/wefwefwef/docs/other/9029411995/mslog-tag-r0.1/mslog"
$ infinity  `curl --fail --silent --show-error --location --output 'r0.1.zip' 'https://github.com/qingliangcn/mslog/archive/r0.1.zip'  2>&1`
$ cd "/home/pete/wefwefwef/docs/erldocs_other.git"
$ cd "/home/pete/wefwefwef/docs/other/9029411995/mslog-tag-r0.1/mslog"
$ 5000  `find -P . -type l -delete  2>&1`
$ cd "/home/pete/wefwefwef/docs/erldocs_other.git"
$ cd "/home/pete/wefwefwef/docs/other/9029411995/mslog-tag-r0.1/mslog"
$ 5000  `find 'mslog-r0.1' -mindepth 1 -maxdepth 1 -exec mv -t . -- {} +  2>&1`
$ cd "/home/pete/wefwefwef/docs/erldocs_other.git"
 :: Getting dependencies
$ cd "/home/pete/wefwefwef/docs/other/9029411995/mslog-tag-r0.1/mslog"
$ 5000  `ls -1 deps/  2>&1`
$ cd "/home/pete/wefwefwef/docs/erldocs_other.git"
>>> [rebar] deps = []
 :: Generating erldocs into /home/pete/wefwefwef/docs/other/9029411995/repo/r0.1
Building mslog
Generating Type Specs - "/home/pete/wefwefwef/docs/other/9029411995/mslog-tag-r0.1/mslog/src/dynamic_compile.erl"
Generating Type Specs - "/home/pete/wefwefwef/docs/other/9029411995/mslog-tag-r0.1/mslog/src/mslog.erl"
Generating Type Specs - "/home/pete/wefwefwef/docs/other/9029411995/mslog-tag-r0.1/mslog/src/mslog_app.erl"
Generating Type Specs - "/home/pete/wefwefwef/docs/other/9029411995/mslog-tag-r0.1/mslog/src/mslog_logger.erl"
Generating Type Specs - "/home/pete/wefwefwef/docs/other/9029411995/mslog-tag-r0.1/mslog/src/mslog_logger_h.erl"
Generating Type Specs - "/home/pete/wefwefwef/docs/other/9029411995/mslog-tag-r0.1/mslog/src/mslog_loglevel.erl"
Generating Type Specs - "/home/pete/wefwefwef/docs/other/9029411995/mslog-tag-r0.1/mslog/src/mslog_sup.erl"
Generating XML for application mslog "/home/pete/wefwefwef/docs/other/9029411995/mslog-tag-r0.1/mslog" -> "/home/pete/wefwefwef/docs/other/9029411995/repo/r0.1/.xml/mslog"
Generated mslog XMLs: ["/home/pete/wefwefwef/docs/other/9029411995/repo/r0.1/.xml/mslog/mslog_logger.xml",
                       "/home/pete/wefwefwef/docs/other/9029411995/repo/r0.1/.xml/mslog/dynamic_compile.xml",
                       "/home/pete/wefwefwef/docs/other/9029411995/repo/r0.1/.xml/mslog/mslog.xml",
                       "/home/pete/wefwefwef/docs/other/9029411995/repo/r0.1/.xml/mslog/mslog_sup.xml",
                       "/home/pete/wefwefwef/docs/other/9029411995/repo/r0.1/.xml/mslog/mslog_app.xml",
                       "/home/pete/wefwefwef/docs/other/9029411995/repo/r0.1/.xml/mslog/mslog_logger_h.xml",
                       "/home/pete/wefwefwef/docs/other/9029411995/repo/r0.1/.xml/mslog/mslog_loglevel.xml"]
Generating HTML - mslog_loglevel "/home/pete/wefwefwef/docs/other/9029411995/repo/r0.1/.xml/mslog/mslog_loglevel.xml"
Generating HTML - dynamic_compile "/home/pete/wefwefwef/docs/other/9029411995/repo/r0.1/.xml/mslog/dynamic_compile.xml"
Generating HTML - mslog "/home/pete/wefwefwef/docs/other/9029411995/repo/r0.1/.xml/mslog/mslog.xml"
Generating HTML - mslog_logger "/home/pete/wefwefwef/docs/other/9029411995/repo/r0.1/.xml/mslog/mslog_logger.xml"
Reading XML for "/home/pete/wefwefwef/docs/other/9029411995/repo/r0.1/.xml/mslog/mslog_loglevel.xml"
Reading XML for "/home/pete/wefwefwef/docs/other/9029411995/repo/r0.1/.xml/mslog/dynamic_compile.xml"
Reading XML for "/home/pete/wefwefwef/docs/other/9029411995/repo/r0.1/.xml/mslog/mslog.xml"
Reading XML for "/home/pete/wefwefwef/docs/other/9029411995/repo/r0.1/.xml/mslog/mslog_logger.xml"
Reading XML for "/home/pete/wefwefwef/docs/other/9029411995/repo/r0.1/.xml/specs_mslog.xml"
Reading XML for "/home/pete/wefwefwef/docs/other/9029411995/repo/r0.1/.xml/specs_mslog_loglevel.xml"
Reading XML for "/home/pete/wefwefwef/docs/other/9029411995/repo/r0.1/.xml/specs_mslog_logger.xml"
Reading XML for "/home/pete/wefwefwef/docs/other/9029411995/repo/r0.1/.xml/specs_dynamic_compile.xml"
Generating HTML - mslog_logger_h "/home/pete/wefwefwef/docs/other/9029411995/repo/r0.1/.xml/mslog/mslog_logger_h.xml"
Reading XML for "/home/pete/wefwefwef/docs/other/9029411995/repo/r0.1/.xml/mslog/mslog_logger_h.xml"
Reading XML for "/home/pete/wefwefwef/docs/other/9029411995/repo/r0.1/.xml/specs_mslog_logger_h.xml"
Generating HTML - mslog_app "/home/pete/wefwefwef/docs/other/9029411995/repo/r0.1/.xml/mslog/mslog_app.xml"
Reading XML for "/home/pete/wefwefwef/docs/other/9029411995/repo/r0.1/.xml/mslog/mslog_app.xml"
Reading XML for "/home/pete/wefwefwef/docs/other/9029411995/repo/r0.1/.xml/specs_mslog_app.xml"
Generating HTML - mslog_sup "/home/pete/wefwefwef/docs/other/9029411995/repo/r0.1/.xml/mslog/mslog_sup.xml"
Reading XML for "/home/pete/wefwefwef/docs/other/9029411995/repo/r0.1/.xml/mslog/mslog_sup.xml"
Reading XML for "/home/pete/wefwefwef/docs/other/9029411995/repo/r0.1/.xml/specs_mslog_sup.xml"
Creating index.html ...
Creating erldocs_index.js ...
Woot, finished in 0 Minutes 0 Seconds
 :: Discovering other repos
$ 5000  `rm -r '/home/pete/wefwefwef/docs/other/9029411995/mslog-tag-r0.1'  2>&1`
 :: Processing https://github.com/qingliangcn/mslog	{rev,tag,"r0.2","a3511dfeab714ad34448a460ae2c8843e56b0492",undefined,[],[]}
 :: Fetching repo code
$ cd "/home/pete/wefwefwef/docs/other/9029411995/mslog-tag-r0.2/mslog"
$ infinity  `curl --fail --silent --show-error --location --output 'r0.2.zip' 'https://github.com/qingliangcn/mslog/archive/r0.2.zip'  2>&1`
$ cd "/home/pete/wefwefwef/docs/erldocs_other.git"
$ cd "/home/pete/wefwefwef/docs/other/9029411995/mslog-tag-r0.2/mslog"
$ 5000  `find -P . -type l -delete  2>&1`
$ cd "/home/pete/wefwefwef/docs/erldocs_other.git"
$ cd "/home/pete/wefwefwef/docs/other/9029411995/mslog-tag-r0.2/mslog"
$ 5000  `find 'mslog-r0.2' -mindepth 1 -maxdepth 1 -exec mv -t . -- {} +  2>&1`
$ cd "/home/pete/wefwefwef/docs/erldocs_other.git"
 :: Getting dependencies
$ cd "/home/pete/wefwefwef/docs/other/9029411995/mslog-tag-r0.2/mslog"
$ 5000  `ls -1 deps/  2>&1`
$ cd "/home/pete/wefwefwef/docs/erldocs_other.git"
>>> [rebar] deps = []
 :: Generating erldocs into /home/pete/wefwefwef/docs/other/9029411995/repo/r0.2
Building mslog
Generating Type Specs - "/home/pete/wefwefwef/docs/other/9029411995/mslog-tag-r0.2/mslog/src/dynamic_compile.erl"
Generating Type Specs - "/home/pete/wefwefwef/docs/other/9029411995/mslog-tag-r0.2/mslog/src/mslog.erl"
Generating Type Specs - "/home/pete/wefwefwef/docs/other/9029411995/mslog-tag-r0.2/mslog/src/mslog_app.erl"
Generating Type Specs - "/home/pete/wefwefwef/docs/other/9029411995/mslog-tag-r0.2/mslog/src/mslog_logger.erl"
Generating Type Specs - "/home/pete/wefwefwef/docs/other/9029411995/mslog-tag-r0.2/mslog/src/mslog_logger_h.erl"
Generating Type Specs - "/home/pete/wefwefwef/docs/other/9029411995/mslog-tag-r0.2/mslog/src/mslog_loglevel.erl"
Generating Type Specs - "/home/pete/wefwefwef/docs/other/9029411995/mslog-tag-r0.2/mslog/src/mslog_sup.erl"
Generating XML for application mslog "/home/pete/wefwefwef/docs/other/9029411995/mslog-tag-r0.2/mslog" -> "/home/pete/wefwefwef/docs/other/9029411995/repo/r0.2/.xml/mslog"
Generated mslog XMLs: ["/home/pete/wefwefwef/docs/other/9029411995/repo/r0.2/.xml/mslog/mslog_logger.xml",
                       "/home/pete/wefwefwef/docs/other/9029411995/repo/r0.2/.xml/mslog/dynamic_compile.xml",
                       "/home/pete/wefwefwef/docs/other/9029411995/repo/r0.2/.xml/mslog/mslog.xml",
                       "/home/pete/wefwefwef/docs/other/9029411995/repo/r0.2/.xml/mslog/mslog_sup.xml",
                       "/home/pete/wefwefwef/docs/other/9029411995/repo/r0.2/.xml/mslog/mslog_app.xml",
                       "/home/pete/wefwefwef/docs/other/9029411995/repo/r0.2/.xml/mslog/mslog_logger_h.xml",
                       "/home/pete/wefwefwef/docs/other/9029411995/repo/r0.2/.xml/mslog/mslog_loglevel.xml"]
Generating HTML - dynamic_compile "/home/pete/wefwefwef/docs/other/9029411995/repo/r0.2/.xml/mslog/dynamic_compile.xml"
Generating HTML - mslog_loglevel "/home/pete/wefwefwef/docs/other/9029411995/repo/r0.2/.xml/mslog/mslog_loglevel.xml"
Generating HTML - mslog "/home/pete/wefwefwef/docs/other/9029411995/repo/r0.2/.xml/mslog/mslog.xml"
Generating HTML - mslog_logger "/home/pete/wefwefwef/docs/other/9029411995/repo/r0.2/.xml/mslog/mslog_logger.xml"
Reading XML for "/home/pete/wefwefwef/docs/other/9029411995/repo/r0.2/.xml/mslog/dynamic_compile.xml"
Reading XML for "/home/pete/wefwefwef/docs/other/9029411995/repo/r0.2/.xml/mslog/mslog_loglevel.xml"
Reading XML for "/home/pete/wefwefwef/docs/other/9029411995/repo/r0.2/.xml/mslog/mslog.xml"
Reading XML for "/home/pete/wefwefwef/docs/other/9029411995/repo/r0.2/.xml/mslog/mslog_logger.xml"
Reading XML for "/home/pete/wefwefwef/docs/other/9029411995/repo/r0.2/.xml/specs_dynamic_compile.xml"
Reading XML for "/home/pete/wefwefwef/docs/other/9029411995/repo/r0.2/.xml/specs_mslog.xml"
Reading XML for "/home/pete/wefwefwef/docs/other/9029411995/repo/r0.2/.xml/specs_mslog_loglevel.xml"
Generating HTML - mslog_logger_h "/home/pete/wefwefwef/docs/other/9029411995/repo/r0.2/.xml/mslog/mslog_logger_h.xml"
Reading XML for "/home/pete/wefwefwef/docs/other/9029411995/repo/r0.2/.xml/mslog/mslog_logger_h.xml"
Reading XML for "/home/pete/wefwefwef/docs/other/9029411995/repo/r0.2/.xml/specs_mslog_logger.xml"
Reading XML for "/home/pete/wefwefwef/docs/other/9029411995/repo/r0.2/.xml/specs_mslog_logger_h.xml"
Generating HTML - mslog_app "/home/pete/wefwefwef/docs/other/9029411995/repo/r0.2/.xml/mslog/mslog_app.xml"
Reading XML for "/home/pete/wefwefwef/docs/other/9029411995/repo/r0.2/.xml/mslog/mslog_app.xml"
Reading XML for "/home/pete/wefwefwef/docs/other/9029411995/repo/r0.2/.xml/specs_mslog_app.xml"
Generating HTML - mslog_sup "/home/pete/wefwefwef/docs/other/9029411995/repo/r0.2/.xml/mslog/mslog_sup.xml"
Reading XML for "/home/pete/wefwefwef/docs/other/9029411995/repo/r0.2/.xml/mslog/mslog_sup.xml"
Reading XML for "/home/pete/wefwefwef/docs/other/9029411995/repo/r0.2/.xml/specs_mslog_sup.xml"
Creating index.html ...
Creating erldocs_index.js ...
Woot, finished in 0 Minutes 0 Seconds
 :: Discovering other repos
$ 5000  `rm -r '/home/pete/wefwefwef/docs/other/9029411995/mslog-tag-r0.2'  2>&1`
 :: Processing https://github.com/qingliangcn/mslog	{rev,tag,"r0.2.1","f028841b5832779d747442f091e103e849d646d8",undefined,[],[]}
 :: Fetching repo code
$ cd "/home/pete/wefwefwef/docs/other/9029411995/mslog-tag-r0.2.1/mslog"
$ infinity  `curl --fail --silent --show-error --location --output 'r0.2.1.zip' 'https://github.com/qingliangcn/mslog/archive/r0.2.1.zip'  2>&1`
$ cd "/home/pete/wefwefwef/docs/erldocs_other.git"
$ cd "/home/pete/wefwefwef/docs/other/9029411995/mslog-tag-r0.2.1/mslog"
$ 5000  `find -P . -type l -delete  2>&1`
$ cd "/home/pete/wefwefwef/docs/erldocs_other.git"
$ cd "/home/pete/wefwefwef/docs/other/9029411995/mslog-tag-r0.2.1/mslog"
$ 5000  `find 'mslog-r0.2.1' -mindepth 1 -maxdepth 1 -exec mv -t . -- {} +  2>&1`
$ cd "/home/pete/wefwefwef/docs/erldocs_other.git"
 :: Getting dependencies
$ cd "/home/pete/wefwefwef/docs/other/9029411995/mslog-tag-r0.2.1/mslog"
$ 5000  `ls -1 deps/  2>&1`
$ cd "/home/pete/wefwefwef/docs/erldocs_other.git"
>>> [rebar] deps = []
 :: Generating erldocs into /home/pete/wefwefwef/docs/other/9029411995/repo/r0.2.1
Building mslog
Generating Type Specs - "/home/pete/wefwefwef/docs/other/9029411995/mslog-tag-r0.2.1/mslog/src/dynamic_compile.erl"
Generating Type Specs - "/home/pete/wefwefwef/docs/other/9029411995/mslog-tag-r0.2.1/mslog/src/mslog.erl"
Generating Type Specs - "/home/pete/wefwefwef/docs/other/9029411995/mslog-tag-r0.2.1/mslog/src/mslog_app.erl"
Generating Type Specs - "/home/pete/wefwefwef/docs/other/9029411995/mslog-tag-r0.2.1/mslog/src/mslog_logger.erl"
Generating Type Specs - "/home/pete/wefwefwef/docs/other/9029411995/mslog-tag-r0.2.1/mslog/src/mslog_logger_h.erl"
Generating Type Specs - "/home/pete/wefwefwef/docs/other/9029411995/mslog-tag-r0.2.1/mslog/src/mslog_loglevel.erl"
Generating Type Specs - "/home/pete/wefwefwef/docs/other/9029411995/mslog-tag-r0.2.1/mslog/src/mslog_sup.erl"
Generating XML for application mslog "/home/pete/wefwefwef/docs/other/9029411995/mslog-tag-r0.2.1/mslog" -> "/home/pete/wefwefwef/docs/other/9029411995/repo/r0.2.1/.xml/mslog"
Generated mslog XMLs: ["/home/pete/wefwefwef/docs/other/9029411995/repo/r0.2.1/.xml/mslog/mslog_logger.xml",
                       "/home/pete/wefwefwef/docs/other/9029411995/repo/r0.2.1/.xml/mslog/dynamic_compile.xml",
                       "/home/pete/wefwefwef/docs/other/9029411995/repo/r0.2.1/.xml/mslog/mslog.xml",
                       "/home/pete/wefwefwef/docs/other/9029411995/repo/r0.2.1/.xml/mslog/mslog_sup.xml",
                       "/home/pete/wefwefwef/docs/other/9029411995/repo/r0.2.1/.xml/mslog/mslog_app.xml",
                       "/home/pete/wefwefwef/docs/other/9029411995/repo/r0.2.1/.xml/mslog/mslog_logger_h.xml",
                       "/home/pete/wefwefwef/docs/other/9029411995/repo/r0.2.1/.xml/mslog/mslog_loglevel.xml"]
Generating HTML - mslog_logger "/home/pete/wefwefwef/docs/other/9029411995/repo/r0.2.1/.xml/mslog/mslog_logger.xml"
Generating HTML - dynamic_compile "/home/pete/wefwefwef/docs/other/9029411995/repo/r0.2.1/.xml/mslog/dynamic_compile.xml"
Generating HTML - mslog "/home/pete/wefwefwef/docs/other/9029411995/repo/r0.2.1/.xml/mslog/mslog.xml"
Generating HTML - mslog_loglevel "/home/pete/wefwefwef/docs/other/9029411995/repo/r0.2.1/.xml/mslog/mslog_loglevel.xml"
Reading XML for "/home/pete/wefwefwef/docs/other/9029411995/repo/r0.2.1/.xml/mslog/mslog_logger.xml"
Reading XML for "/home/pete/wefwefwef/docs/other/9029411995/repo/r0.2.1/.xml/mslog/dynamic_compile.xml"
Reading XML for "/home/pete/wefwefwef/docs/other/9029411995/repo/r0.2.1/.xml/mslog/mslog.xml"
Reading XML for "/home/pete/wefwefwef/docs/other/9029411995/repo/r0.2.1/.xml/mslog/mslog_loglevel.xml"
Reading XML for "/home/pete/wefwefwef/docs/other/9029411995/repo/r0.2.1/.xml/specs_mslog_logger.xml"
Reading XML for "/home/pete/wefwefwef/docs/other/9029411995/repo/r0.2.1/.xml/specs_dynamic_compile.xml"
Reading XML for "/home/pete/wefwefwef/docs/other/9029411995/repo/r0.2.1/.xml/specs_mslog.xml"
Reading XML for "/home/pete/wefwefwef/docs/other/9029411995/repo/r0.2.1/.xml/specs_mslog_loglevel.xml"
Generating HTML - mslog_logger_h "/home/pete/wefwefwef/docs/other/9029411995/repo/r0.2.1/.xml/mslog/mslog_logger_h.xml"
Reading XML for "/home/pete/wefwefwef/docs/other/9029411995/repo/r0.2.1/.xml/mslog/mslog_logger_h.xml"
Reading XML for "/home/pete/wefwefwef/docs/other/9029411995/repo/r0.2.1/.xml/specs_mslog_logger_h.xml"
Generating HTML - mslog_app "/home/pete/wefwefwef/docs/other/9029411995/repo/r0.2.1/.xml/mslog/mslog_app.xml"
Reading XML for "/home/pete/wefwefwef/docs/other/9029411995/repo/r0.2.1/.xml/mslog/mslog_app.xml"
Reading XML for "/home/pete/wefwefwef/docs/other/9029411995/repo/r0.2.1/.xml/specs_mslog_app.xml"
Generating HTML - mslog_sup "/home/pete/wefwefwef/docs/other/9029411995/repo/r0.2.1/.xml/mslog/mslog_sup.xml"
Reading XML for "/home/pete/wefwefwef/docs/other/9029411995/repo/r0.2.1/.xml/mslog/mslog_sup.xml"
Reading XML for "/home/pete/wefwefwef/docs/other/9029411995/repo/r0.2.1/.xml/specs_mslog_sup.xml"
Creating index.html ...
Creating erldocs_index.js ...
Woot, finished in 0 Minutes 0 Seconds
 :: Discovering other repos
$ 5000  `rm -r '/home/pete/wefwefwef/docs/other/9029411995/mslog-tag-r0.2.1'  2>&1`
 :: Processing https://github.com/qingliangcn/mslog	{rev,branch,"master","f028841b5832779d747442f091e103e849d646d8",undefined,[],[]}
 :: Fetching repo code
$ cd "/home/pete/wefwefwef/docs/other/9029411995/mslog-branch-master/mslog"
$ infinity  `curl --fail --silent --show-error --location --output 'master.zip' 'https://github.com/qingliangcn/mslog/archive/master.zip'  2>&1`
$ cd "/home/pete/wefwefwef/docs/erldocs_other.git"
$ cd "/home/pete/wefwefwef/docs/other/9029411995/mslog-branch-master/mslog"
$ 5000  `find -P . -type l -delete  2>&1`
$ cd "/home/pete/wefwefwef/docs/erldocs_other.git"
$ cd "/home/pete/wefwefwef/docs/other/9029411995/mslog-branch-master/mslog"
$ 5000  `find 'mslog-master' -mindepth 1 -maxdepth 1 -exec mv -t . -- {} +  2>&1`
$ cd "/home/pete/wefwefwef/docs/erldocs_other.git"
 :: Getting dependencies
$ cd "/home/pete/wefwefwef/docs/other/9029411995/mslog-branch-master/mslog"
$ 5000  `ls -1 deps/  2>&1`
$ cd "/home/pete/wefwefwef/docs/erldocs_other.git"
>>> [rebar] deps = []
 :: Generating erldocs into /home/pete/wefwefwef/docs/other/9029411995/repo/master
Building mslog
Generating Type Specs - "/home/pete/wefwefwef/docs/other/9029411995/mslog-branch-master/mslog/src/dynamic_compile.erl"
Generating Type Specs - "/home/pete/wefwefwef/docs/other/9029411995/mslog-branch-master/mslog/src/mslog.erl"
Generating Type Specs - "/home/pete/wefwefwef/docs/other/9029411995/mslog-branch-master/mslog/src/mslog_app.erl"
Generating Type Specs - "/home/pete/wefwefwef/docs/other/9029411995/mslog-branch-master/mslog/src/mslog_logger.erl"
Generating Type Specs - "/home/pete/wefwefwef/docs/other/9029411995/mslog-branch-master/mslog/src/mslog_logger_h.erl"
Generating Type Specs - "/home/pete/wefwefwef/docs/other/9029411995/mslog-branch-master/mslog/src/mslog_loglevel.erl"
Generating Type Specs - "/home/pete/wefwefwef/docs/other/9029411995/mslog-branch-master/mslog/src/mslog_sup.erl"
Generating XML for application mslog "/home/pete/wefwefwef/docs/other/9029411995/mslog-branch-master/mslog" -> "/home/pete/wefwefwef/docs/other/9029411995/repo/master/.xml/mslog"
Generated mslog XMLs: ["/home/pete/wefwefwef/docs/other/9029411995/repo/master/.xml/mslog/mslog_logger.xml",
                       "/home/pete/wefwefwef/docs/other/9029411995/repo/master/.xml/mslog/dynamic_compile.xml",
                       "/home/pete/wefwefwef/docs/other/9029411995/repo/master/.xml/mslog/mslog.xml",
                       "/home/pete/wefwefwef/docs/other/9029411995/repo/master/.xml/mslog/mslog_sup.xml",
                       "/home/pete/wefwefwef/docs/other/9029411995/repo/master/.xml/mslog/mslog_app.xml",
                       "/home/pete/wefwefwef/docs/other/9029411995/repo/master/.xml/mslog/mslog_logger_h.xml",
                       "/home/pete/wefwefwef/docs/other/9029411995/repo/master/.xml/mslog/mslog_loglevel.xml"]
Generating HTML - mslog_logger "/home/pete/wefwefwef/docs/other/9029411995/repo/master/.xml/mslog/mslog_logger.xml"
Generating HTML - dynamic_compile "/home/pete/wefwefwef/docs/other/9029411995/repo/master/.xml/mslog/dynamic_compile.xml"
Generating HTML - mslog "/home/pete/wefwefwef/docs/other/9029411995/repo/master/.xml/mslog/mslog.xml"
Generating HTML - mslog_loglevel "/home/pete/wefwefwef/docs/other/9029411995/repo/master/.xml/mslog/mslog_loglevel.xml"
Reading XML for "/home/pete/wefwefwef/docs/other/9029411995/repo/master/.xml/mslog/mslog_logger.xml"
Reading XML for "/home/pete/wefwefwef/docs/other/9029411995/repo/master/.xml/mslog/dynamic_compile.xml"
Reading XML for "/home/pete/wefwefwef/docs/other/9029411995/repo/master/.xml/mslog/mslog.xml"
Reading XML for "/home/pete/wefwefwef/docs/other/9029411995/repo/master/.xml/mslog/mslog_loglevel.xml"
Reading XML for "/home/pete/wefwefwef/docs/other/9029411995/repo/master/.xml/specs_mslog_logger.xml"
Reading XML for "/home/pete/wefwefwef/docs/other/9029411995/repo/master/.xml/specs_dynamic_compile.xml"
Reading XML for "/home/pete/wefwefwef/docs/other/9029411995/repo/master/.xml/specs_mslog.xml"
Reading XML for "/home/pete/wefwefwef/docs/other/9029411995/repo/master/.xml/specs_mslog_loglevel.xml"
Generating HTML - mslog_logger_h "/home/pete/wefwefwef/docs/other/9029411995/repo/master/.xml/mslog/mslog_logger_h.xml"
Reading XML for "/home/pete/wefwefwef/docs/other/9029411995/repo/master/.xml/mslog/mslog_logger_h.xml"
Reading XML for "/home/pete/wefwefwef/docs/other/9029411995/repo/master/.xml/specs_mslog_logger_h.xml"
Generating HTML - mslog_app "/home/pete/wefwefwef/docs/other/9029411995/repo/master/.xml/mslog/mslog_app.xml"
Reading XML for "/home/pete/wefwefwef/docs/other/9029411995/repo/master/.xml/mslog/mslog_app.xml"
Reading XML for "/home/pete/wefwefwef/docs/other/9029411995/repo/master/.xml/specs_mslog_app.xml"
Generating HTML - mslog_sup "/home/pete/wefwefwef/docs/other/9029411995/repo/master/.xml/mslog/mslog_sup.xml"
Reading XML for "/home/pete/wefwefwef/docs/other/9029411995/repo/master/.xml/mslog/mslog_sup.xml"
Reading XML for "/home/pete/wefwefwef/docs/other/9029411995/repo/master/.xml/specs_mslog_sup.xml"
Creating index.html ...
Creating erldocs_index.js ...
Woot, finished in 0 Minutes 0 Seconds
 :: Discovering other repos
$ 5000  `rm -r '/home/pete/wefwefwef/docs/other/9029411995/mslog-branch-master'  2>&1`
 :: Finishing up
$ 5000  `rm -r '/home/pete/wefwefwef/docs/other/9029411995/mslog'  2>&1`
