 :: Extracting meta information
$ 5000  `git ls-remote --heads --tags 'https://github.com/daleharvey/dh_date'  2>&1`
>>> [repo] 1 branches, 0 tags
 :: Writing meta to "/home/pete/wefwefwef/docs/other/2523572737/meta.txt"
 :: Processing https://github.com/daleharvey/dh_date	{rev,branch,"master","23e5a61381d1f155520958ff28eba6a3480e9a10"}
 :: Fetching repo code
$ cd "/home/pete/wefwefwef/docs/other/2523572737/dh_date-branch-master/dh_date"
$ infinity  `curl --fail --silent --show-error --location --output 'master.zip' 'https://github.com/daleharvey/dh_date/archive/master.zip'  2>&1`
$ cd "/home/pete/wefwefwef/docs/erldocs_other.git"
$ cd "/home/pete/wefwefwef/docs/other/2523572737/dh_date-branch-master/dh_date"
$ 5000  `find -P . -type l -delete  2>&1`
$ cd "/home/pete/wefwefwef/docs/erldocs_other.git"
$ cd "/home/pete/wefwefwef/docs/other/2523572737/dh_date-branch-master/dh_date"
$ 5000  `find 'dh_date-master' -mindepth 1 -maxdepth 1 -exec mv -t . -- {} +  2>&1`
$ cd "/home/pete/wefwefwef/docs/erldocs_other.git"
 :: Getting dependencies
$ cd "/home/pete/wefwefwef/docs/other/2523572737/dh_date-branch-master/dh_date"
$ 5000  `ls -1 deps/  2>&1`
$ cd "/home/pete/wefwefwef/docs/erldocs_other.git"
>>> [rebar] deps = []
 :: Generating erldocs into /home/pete/wefwefwef/docs/other/2523572737/repo/master
Building dh_date
Generating Type Specs - "/home/pete/wefwefwef/docs/other/2523572737/dh_date-branch-master/dh_date/src/dh_date.erl"
Generating XML for application dh_date "/home/pete/wefwefwef/docs/other/2523572737/dh_date-branch-master/dh_date" -> "/home/pete/wefwefwef/docs/other/2523572737/repo/master/.xml/dh_date"
Generated dh_date XMLs: ["/home/pete/wefwefwef/docs/other/2523572737/repo/master/.xml/dh_date/dh_date.xml"]
Generating HTML - dh_date "/home/pete/wefwefwef/docs/other/2523572737/repo/master/.xml/dh_date/dh_date.xml"
Reading XML for "/home/pete/wefwefwef/docs/other/2523572737/repo/master/.xml/dh_date/dh_date.xml"
Reading XML for "/home/pete/wefwefwef/docs/other/2523572737/repo/master/.xml/specs_dh_date.xml"
Creating index.html ...
Creating erldocs_index.js ...
Woot, finished in 0 Minutes 0 Seconds
 :: Discovering other repos
$ 5000  `rm -r '/home/pete/wefwefwef/docs/other/2523572737/dh_date-branch-master'  2>&1`
 :: Erldocs finishing up
$ 5000  `rm -r '/home/pete/wefwefwef/docs/other/2523572737/dh_date'  2>&1`
