 :: Extracting meta information
$ cd '.'
$ infinity  `git ls-remote --heads --tags https://github.com/project-fifo/snarl`
>>> [repo] 7 branches, 67 tags
 :: Writing meta to "/home/pete/wefwefwef/docs/other/9589c60bce89059de478254ba6d408ccf3d653a6/meta.txt"
 :: Skipping tag "0.2.0"
 :: Skipping tag "0.4.4"
 :: Skipping tag "0.4.5"
 :: Skipping tag "0.4.5p1"
 :: Skipping tag "0.4.5p2"
 :: Skipping tag "0.4.5p3"
 :: Skipping tag "0.4.5p4"
 :: Skipping tag "0.6.0"
 :: Skipping tag "0.6.0p1"
 :: Skipping tag "0.6.0p10"
 :: Skipping tag "0.6.0p11"
 :: Skipping tag "0.6.0p12"
 :: Skipping tag "0.6.0p13"
 :: Skipping tag "0.6.0p2"
 :: Skipping tag "0.6.0p3"
 :: Skipping tag "0.6.0p4"
 :: Skipping tag "0.6.0p5"
 :: Skipping tag "0.6.0p6"
 :: Skipping tag "0.6.0p7"
 :: Skipping tag "0.6.0p8"
 :: Skipping tag "0.6.0p9"
 :: Skipping tag "0.6.1"
 :: Skipping tag "0.6.1p1"
 :: Skipping tag "0.6.1p2"
 :: Skipping tag "0.6.1p3"
 :: Skipping tag "0.6.1p4"
 :: Skipping tag "0.6.1p5"
 :: Skipping tag "0.7.0"
 :: Skipping tag "0.7.0p1"
 :: Skipping tag "0.7.0p2"
 :: Skipping tag "0.1.0"
 :: Skipping tag "0.1.0p1"
 :: Skipping tag "0.1.0p10"
 :: Skipping tag "0.1.0p11"
 :: Skipping tag "0.1.0p12"
 :: Skipping tag "0.1.0p13"
 :: Skipping tag "0.1.0p14"
 :: Skipping tag "0.1.0p15"
 :: Skipping tag "0.1.0p17"
 :: Skipping tag "0.1.0p18"
 :: Skipping tag "0.1.0p19"
 :: Skipping tag "0.1.0p2"
 :: Skipping tag "0.1.0p20"
 :: Skipping tag "0.1.0p3"
 :: Skipping tag "0.1.0p4"
 :: Skipping tag "0.1.0p5"
 :: Skipping tag "0.1.0p6"
 :: Skipping tag "0.1.0p7"
 :: Skipping tag "0.1.0p8"
 :: Skipping tag "0.1.0p9"
 :: Skipping tag "0.1.1p1"
 :: Skipping tag "0.3.0"
 :: Skipping tag "0.3.1"
 :: Skipping tag "0.3.2"
 :: Skipping tag "0.3.3"
 :: Skipping tag "0.3.4"
 :: Skipping tag "0.3.5"
 :: Skipping tag "0.3.5p1"
 :: Skipping tag "0.3.6"
 :: Skipping tag "0.3.7"
 :: Skipping tag "0.4.1"
 :: Skipping tag "0.4.2"
 :: Skipping tag "0.4.2p1"
 :: Skipping tag "0.4.2p2"
 :: Skipping tag "0.4.3"
 :: Skipping tag "0.4.3p2"
 :: Skipping tag "0.4.3p3"
 :: Skipping branch "dev"
 :: Skipping branch "kevinmeziere-patch-1"
 :: Skipping branch "kevinmeziere-patch-1-1"
 :: Skipping branch "master"
 :: Skipping branch "oauth2"
 :: Skipping branch "rebar3"
 :: Processing https://github.com/project-fifo/snarl	{rev,branch,"test","6cde48722e7694c73cafa6ebdc64286ad9193a29",undefined,[],[]}
 :: Fetching repo code
$ cd '/home/pete/wefwefwef/docs/other/9589c60bce89059de478254ba6d408ccf3d653a6/snarl-branch-test'
$ infinity  `curl --fail --silent --show-error --location --output repo.tar.gz https://codeload.github.com/project-fifo/snarl/tar.gz/test`
$ cd '/home/pete/wefwefwef/docs/other/9589c60bce89059de478254ba6d408ccf3d653a6/snarl-branch-test/snarl-test'
$ 5000  `find -P . -type l -delete`
$ cd '.'
$ 5000  `mv /home/pete/wefwefwef/docs/other/9589c60bce89059de478254ba6d408ccf3d653a6/snarl-branch-test/snarl-test /home/pete/wefwefwef/docs/other/9589c60bce89059de478254ba6d408ccf3d653a6/snarl-branch-test/snarl`
 :: Getting dependencies
 :: Error running eo_core:
	[{eo_core,sh,
                  ["/home/pete/wefwefwef/docs/other/9589c60bce89059de478254ba6d408ccf3d653a6/snarl-branch-test/snarl",
                   ["rebar","--config",
                    "/home/pete/wefwefwef/docs/other/9589c60bce89059de478254ba6d408ccf3d653a6/snarl-branch-test/rebar_deps",
                    "get-deps"],
                   infinity],
                  []},
         {eo_util,get_deps,2,[{file,"src/eo_util.erl"},{line,123}]},
         {eo_util,rebar_get_deps,1,[{file,"src/eo_util.erl"},{line,88}]},
         {eo_core,get_deps,1,[{file,"src/eo_core.erl"},{line,339}]},
         {eo_core,do,7,[{file,"src/eo_core.erl"},{line,110}]},
         {eo_core,'-main_/1-lc$^0/1-0-',8,
                  [{file,"src/eo_core.erl"},{line,85}]},
         {eo_core,main_,1,[{file,"src/eo_core.erl"},{line,85}]},
         {eo_core,main,1,[{file,"src/eo_core.erl"},{line,56}]}]
{error,undef}
 :: Finishing up
$ cd '.'
$ 5000  `rm -r /home/pete/wefwefwef/docs/other/9589c60bce89059de478254ba6d408ccf3d653a6/snarl`
