 :: Extracting meta information
$ 5000  `git ls-remote --heads --tags 'https://github.com/arjan/esqlite'  2>&1`
>>> [repo] 2 branches, 0 tags
 :: Writing meta to "/home/pete/wefwefwef/docs/other/5214981840/meta.txt"
 :: Processing https://github.com/arjan/esqlite	{rev,branch,"master","af213d6df7bcc765b6050ac01e0b512d7b25e967",undefined,[],[]}
 :: Fetching repo code
$ cd "/home/pete/wefwefwef/docs/other/5214981840/esqlite-branch-master/esqlite"
$ infinity  `curl --fail --silent --show-error --location --output 'master.zip' 'https://github.com/arjan/esqlite/archive/master.zip'  2>&1`
$ cd "/home/pete/wefwefwef/docs/erldocs_other.git"
$ cd "/home/pete/wefwefwef/docs/other/5214981840/esqlite-branch-master/esqlite"
$ 5000  `find -P . -type l -delete  2>&1`
$ cd "/home/pete/wefwefwef/docs/erldocs_other.git"
$ cd "/home/pete/wefwefwef/docs/other/5214981840/esqlite-branch-master/esqlite"
$ 5000  `find 'esqlite-master' -mindepth 1 -maxdepth 1 -exec mv -t . -- {} +  2>&1`
$ cd "/home/pete/wefwefwef/docs/erldocs_other.git"
 :: Getting dependencies
$ cd "/home/pete/wefwefwef/docs/other/5214981840/esqlite-branch-master/esqlite"
$ 5000  `ls -1 deps/  2>&1`
$ cd "/home/pete/wefwefwef/docs/erldocs_other.git"
>>> [rebar] deps = []
 :: Generating erldocs into /home/pete/wefwefwef/docs/other/5214981840/repo/master
Building esqlite
Generating Type Specs - "/home/pete/wefwefwef/docs/other/5214981840/esqlite-branch-master/esqlite/src/esqlite3.erl"
Generating Type Specs - "/home/pete/wefwefwef/docs/other/5214981840/esqlite-branch-master/esqlite/src/esqlite3_nif.erl"
Generating XML for application esqlite "/home/pete/wefwefwef/docs/other/5214981840/esqlite-branch-master/esqlite" -> "/home/pete/wefwefwef/docs/other/5214981840/repo/master/.xml/esqlite"
Generated esqlite XMLs: ["/home/pete/wefwefwef/docs/other/5214981840/repo/master/.xml/esqlite/esqlite3.xml",
                         "/home/pete/wefwefwef/docs/other/5214981840/repo/master/.xml/esqlite/esqlite3_nif.xml"]
Generating HTML - esqlite3_nif "/home/pete/wefwefwef/docs/other/5214981840/repo/master/.xml/esqlite/esqlite3_nif.xml"
Reading XML for "/home/pete/wefwefwef/docs/other/5214981840/repo/master/.xml/esqlite/esqlite3_nif.xml"
Reading XML for "/home/pete/wefwefwef/docs/other/5214981840/repo/master/.xml/specs_esqlite3_nif.xml"
Generating HTML - esqlite3 "/home/pete/wefwefwef/docs/other/5214981840/repo/master/.xml/esqlite/esqlite3.xml"
Reading XML for "/home/pete/wefwefwef/docs/other/5214981840/repo/master/.xml/esqlite/esqlite3.xml"
Reading XML for "/home/pete/wefwefwef/docs/other/5214981840/repo/master/.xml/specs_esqlite3.xml"
Creating index.html ...
Creating erldocs_index.js ...
Woot, finished in 0 Minutes 0 Seconds
 :: Discovering other repos
$ 5000  `rm -r '/home/pete/wefwefwef/docs/other/5214981840/esqlite-branch-master'  2>&1`
 :: Processing https://github.com/arjan/esqlite	{rev,branch,"parametrized-exec","9ca051542daad7015caf5df1517f893aff9c679b",undefined,[],[]}
 :: Fetching repo code
$ cd "/home/pete/wefwefwef/docs/other/5214981840/esqlite-branch-parametrized-exec/esqlite"
$ infinity  `curl --fail --silent --show-error --location --output 'parametrized-exec.zip' 'https://github.com/arjan/esqlite/archive/parametrized-exec.zip'  2>&1`
$ cd "/home/pete/wefwefwef/docs/erldocs_other.git"
$ cd "/home/pete/wefwefwef/docs/other/5214981840/esqlite-branch-parametrized-exec/esqlite"
$ 5000  `find -P . -type l -delete  2>&1`
$ cd "/home/pete/wefwefwef/docs/erldocs_other.git"
$ cd "/home/pete/wefwefwef/docs/other/5214981840/esqlite-branch-parametrized-exec/esqlite"
$ 5000  `find 'esqlite-parametrized-exec' -mindepth 1 -maxdepth 1 -exec mv -t . -- {} +  2>&1`
$ cd "/home/pete/wefwefwef/docs/erldocs_other.git"
 :: Getting dependencies
$ cd "/home/pete/wefwefwef/docs/other/5214981840/esqlite-branch-parametrized-exec/esqlite"
$ 5000  `ls -1 deps/  2>&1`
$ cd "/home/pete/wefwefwef/docs/erldocs_other.git"
>>> [rebar] deps = []
 :: Generating erldocs into /home/pete/wefwefwef/docs/other/5214981840/repo/parametrized-exec
Building esqlite
Generating Type Specs - "/home/pete/wefwefwef/docs/other/5214981840/esqlite-branch-parametrized-exec/esqlite/src/esqlite3.erl"
Generating Type Specs - "/home/pete/wefwefwef/docs/other/5214981840/esqlite-branch-parametrized-exec/esqlite/src/esqlite3_nif.erl"
Generating XML for application esqlite "/home/pete/wefwefwef/docs/other/5214981840/esqlite-branch-parametrized-exec/esqlite" -> "/home/pete/wefwefwef/docs/other/5214981840/repo/parametrized-exec/.xml/esqlite"
Generated esqlite XMLs: ["/home/pete/wefwefwef/docs/other/5214981840/repo/parametrized-exec/.xml/esqlite/esqlite3.xml",
                         "/home/pete/wefwefwef/docs/other/5214981840/repo/parametrized-exec/.xml/esqlite/esqlite3_nif.xml"]
Generating HTML - esqlite3_nif "/home/pete/wefwefwef/docs/other/5214981840/repo/parametrized-exec/.xml/esqlite/esqlite3_nif.xml"
Reading XML for "/home/pete/wefwefwef/docs/other/5214981840/repo/parametrized-exec/.xml/esqlite/esqlite3_nif.xml"
Reading XML for "/home/pete/wefwefwef/docs/other/5214981840/repo/parametrized-exec/.xml/specs_esqlite3_nif.xml"
Generating HTML - esqlite3 "/home/pete/wefwefwef/docs/other/5214981840/repo/parametrized-exec/.xml/esqlite/esqlite3.xml"
Reading XML for "/home/pete/wefwefwef/docs/other/5214981840/repo/parametrized-exec/.xml/esqlite/esqlite3.xml"
Reading XML for "/home/pete/wefwefwef/docs/other/5214981840/repo/parametrized-exec/.xml/specs_esqlite3.xml"
Creating index.html ...
Creating erldocs_index.js ...
Woot, finished in 0 Minutes 0 Seconds
 :: Discovering other repos
$ 5000  `rm -r '/home/pete/wefwefwef/docs/other/5214981840/esqlite-branch-parametrized-exec'  2>&1`
 :: Finishing up
$ 5000  `rm -r '/home/pete/wefwefwef/docs/other/5214981840/esqlite'  2>&1`
