 :: Extracting meta information
$ infinity  `git ls-remote --heads --tags 'https://github.com/276361270/resource_discovery'  2>&1`
>>> [repo] 1 branches, 0 tags
 :: Writing meta to "/home/pete/wefwefwef/docs/other/c741e9ad8402d4ab569fc3ecc83d259775cef16c/meta.txt"
 :: Processing https://github.com/276361270/resource_discovery	{rev,branch,"master","72b13659ae469a8313c090d9905aa5c30092a109",undefined,[],[]}
 :: Fetching repo code
$ cd '/home/pete/wefwefwef/docs/other/c741e9ad8402d4ab569fc3ecc83d259775cef16c/resource_discovery-branch-master'
$ infinity  `curl --fail --silent --show-error --location --output repo.tar.gz 'https://codeload.github.com/276361270/resource_discovery/tar.gz/master'  2>&1`
$ cd '/home/pete/wefwefwef/docs/erldocs_other.git'
$ cd '/home/pete/wefwefwef/docs/other/c741e9ad8402d4ab569fc3ecc83d259775cef16c/resource_discovery-branch-master/resource_discovery-master'
$ 5000  `find -P . -type l -delete  2>&1`
$ cd '/home/pete/wefwefwef/docs/erldocs_other.git'
$ 5000  `mv '/home/pete/wefwefwef/docs/other/c741e9ad8402d4ab569fc3ecc83d259775cef16c/resource_discovery-branch-master/resource_discovery-master' '/home/pete/wefwefwef/docs/other/c741e9ad8402d4ab569fc3ecc83d259775cef16c/resource_discovery-branch-master/resource_discovery'  2>&1`
 :: Getting dependencies
$ cd '/home/pete/wefwefwef/docs/other/c741e9ad8402d4ab569fc3ecc83d259775cef16c/resource_discovery-branch-master/resource_discovery'
$ 5000  `ls -1 deps/  2>&1`
$ cd '/home/pete/wefwefwef/docs/erldocs_other.git'
>>> [rebar] deps = []
 :: Generating erldocs into /home/pete/wefwefwef/docs/other/c741e9ad8402d4ab569fc3ecc83d259775cef16c/repo/master
Building resource_discovery
Generating Type Specs - "/home/pete/wefwefwef/docs/other/c741e9ad8402d4ab569fc3ecc83d259775cef16c/resource_discovery-branch-master/resource_discovery/src/rd_core.erl"
Generating Type Specs - "/home/pete/wefwefwef/docs/other/c741e9ad8402d4ab569fc3ecc83d259775cef16c/resource_discovery-branch-master/resource_discovery/src/rd_heartbeat.erl"
Generating Type Specs - "/home/pete/wefwefwef/docs/other/c741e9ad8402d4ab569fc3ecc83d259775cef16c/resource_discovery-branch-master/resource_discovery/src/rd_store.erl"
Generating Type Specs - "/home/pete/wefwefwef/docs/other/c741e9ad8402d4ab569fc3ecc83d259775cef16c/resource_discovery-branch-master/resource_discovery/src/rd_sup.erl"
Generating Type Specs - "/home/pete/wefwefwef/docs/other/c741e9ad8402d4ab569fc3ecc83d259775cef16c/resource_discovery-branch-master/resource_discovery/src/rd_util.erl"
Generating Type Specs - "/home/pete/wefwefwef/docs/other/c741e9ad8402d4ab569fc3ecc83d259775cef16c/resource_discovery-branch-master/resource_discovery/src/resource_discovery.erl"
Generating XML for application resource_discovery "/home/pete/wefwefwef/docs/other/c741e9ad8402d4ab569fc3ecc83d259775cef16c/resource_discovery-branch-master/resource_discovery" -> "/home/pete/wefwefwef/docs/other/c741e9ad8402d4ab569fc3ecc83d259775cef16c/repo/master/.xml/resource_discovery"
Generated resource_discovery XMLs: ["/home/pete/wefwefwef/docs/other/c741e9ad8402d4ab569fc3ecc83d259775cef16c/repo/master/.xml/resource_discovery/resource_discovery.xml",
                                    "/home/pete/wefwefwef/docs/other/c741e9ad8402d4ab569fc3ecc83d259775cef16c/repo/master/.xml/resource_discovery/rd_util.xml",
                                    "/home/pete/wefwefwef/docs/other/c741e9ad8402d4ab569fc3ecc83d259775cef16c/repo/master/.xml/resource_discovery/rd_store.xml",
                                    "/home/pete/wefwefwef/docs/other/c741e9ad8402d4ab569fc3ecc83d259775cef16c/repo/master/.xml/resource_discovery/rd_sup.xml",
                                    "/home/pete/wefwefwef/docs/other/c741e9ad8402d4ab569fc3ecc83d259775cef16c/repo/master/.xml/resource_discovery/rd_heartbeat.xml",
                                    "/home/pete/wefwefwef/docs/other/c741e9ad8402d4ab569fc3ecc83d259775cef16c/repo/master/.xml/resource_discovery/rd_core.xml"]
Generating HTML - resource_discovery "/home/pete/wefwefwef/docs/other/c741e9ad8402d4ab569fc3ecc83d259775cef16c/repo/master/.xml/resource_discovery/resource_discovery.xml"
Generating HTML - rd_util "/home/pete/wefwefwef/docs/other/c741e9ad8402d4ab569fc3ecc83d259775cef16c/repo/master/.xml/resource_discovery/rd_util.xml"
Generating HTML - rd_store "/home/pete/wefwefwef/docs/other/c741e9ad8402d4ab569fc3ecc83d259775cef16c/repo/master/.xml/resource_discovery/rd_store.xml"
Generating HTML - rd_core "/home/pete/wefwefwef/docs/other/c741e9ad8402d4ab569fc3ecc83d259775cef16c/repo/master/.xml/resource_discovery/rd_core.xml"
Reading XML for "/home/pete/wefwefwef/docs/other/c741e9ad8402d4ab569fc3ecc83d259775cef16c/repo/master/.xml/resource_discovery/resource_discovery.xml"
Reading XML for "/home/pete/wefwefwef/docs/other/c741e9ad8402d4ab569fc3ecc83d259775cef16c/repo/master/.xml/resource_discovery/rd_util.xml"
Reading XML for "/home/pete/wefwefwef/docs/other/c741e9ad8402d4ab569fc3ecc83d259775cef16c/repo/master/.xml/resource_discovery/rd_store.xml"
Reading XML for "/home/pete/wefwefwef/docs/other/c741e9ad8402d4ab569fc3ecc83d259775cef16c/repo/master/.xml/resource_discovery/rd_core.xml"
Reading XML for "/home/pete/wefwefwef/docs/other/c741e9ad8402d4ab569fc3ecc83d259775cef16c/repo/master/.xml/specs_rd_util.xml"
Reading XML for "/home/pete/wefwefwef/docs/other/c741e9ad8402d4ab569fc3ecc83d259775cef16c/repo/master/.xml/specs_resource_discovery.xml"
Reading XML for "/home/pete/wefwefwef/docs/other/c741e9ad8402d4ab569fc3ecc83d259775cef16c/repo/master/.xml/specs_rd_store.xml"
Reading XML for "/home/pete/wefwefwef/docs/other/c741e9ad8402d4ab569fc3ecc83d259775cef16c/repo/master/.xml/specs_rd_core.xml"
Generating HTML - rd_heartbeat "/home/pete/wefwefwef/docs/other/c741e9ad8402d4ab569fc3ecc83d259775cef16c/repo/master/.xml/resource_discovery/rd_heartbeat.xml"
Reading XML for "/home/pete/wefwefwef/docs/other/c741e9ad8402d4ab569fc3ecc83d259775cef16c/repo/master/.xml/resource_discovery/rd_heartbeat.xml"
Reading XML for "/home/pete/wefwefwef/docs/other/c741e9ad8402d4ab569fc3ecc83d259775cef16c/repo/master/.xml/specs_rd_heartbeat.xml"
Generating HTML - rd_sup "/home/pete/wefwefwef/docs/other/c741e9ad8402d4ab569fc3ecc83d259775cef16c/repo/master/.xml/resource_discovery/rd_sup.xml"
Reading XML for "/home/pete/wefwefwef/docs/other/c741e9ad8402d4ab569fc3ecc83d259775cef16c/repo/master/.xml/resource_discovery/rd_sup.xml"
Reading XML for "/home/pete/wefwefwef/docs/other/c741e9ad8402d4ab569fc3ecc83d259775cef16c/repo/master/.xml/specs_rd_sup.xml"
Creating index.html ...
Creating erldocs_index.js ...
Woot, finished in 0 Minutes 0 Seconds
 :: Discovering other repos
$ 5000  `rm -r '/home/pete/wefwefwef/docs/other/c741e9ad8402d4ab569fc3ecc83d259775cef16c/resource_discovery-branch-master'  2>&1`
 :: Finishing up
$ 5000  `rm -r '/home/pete/wefwefwef/docs/other/c741e9ad8402d4ab569fc3ecc83d259775cef16c/resource_discovery'  2>&1`
