 :: Extracting meta information
$ 5000  `git ls-remote --heads --tags 'https://github.com/c-bik/mnesia_trans_async'  2>&1`
>>> [repo] 1 branches, 0 tags
 :: Writing meta to "/home/pete/wefwefwef/docs/other/286346194/meta.txt"
 :: Processing https://github.com/c-bik/mnesia_trans_async	{rev,branch,"master","9a1d486461a49bdf513add6fe33f1be5ccfccd65",undefined,[],[]}
 :: Fetching repo code
$ cd "/home/pete/wefwefwef/docs/other/286346194/mnesia_trans_async-branch-master/mnesia_trans_async"
$ infinity  `curl --fail --silent --show-error --location --output 'master.zip' 'https://github.com/c-bik/mnesia_trans_async/archive/master.zip'  2>&1`
$ cd "/home/pete/wefwefwef/docs/erldocs_other.git"
$ cd "/home/pete/wefwefwef/docs/other/286346194/mnesia_trans_async-branch-master/mnesia_trans_async"
$ 5000  `find -P . -type l -delete  2>&1`
$ cd "/home/pete/wefwefwef/docs/erldocs_other.git"
$ cd "/home/pete/wefwefwef/docs/other/286346194/mnesia_trans_async-branch-master/mnesia_trans_async"
$ 5000  `find 'mnesia_trans_async-master' -mindepth 1 -maxdepth 1 -exec mv -t . -- {} +  2>&1`
$ cd "/home/pete/wefwefwef/docs/erldocs_other.git"
 :: Getting dependencies
$ cd "/home/pete/wefwefwef/docs/other/286346194/mnesia_trans_async-branch-master/mnesia_trans_async"
$ 5000  `ls -1 deps/  2>&1`
$ cd "/home/pete/wefwefwef/docs/erldocs_other.git"
>>> [rebar] deps = []
 :: Generating erldocs into /home/pete/wefwefwef/docs/other/286346194/repo/master
Building mnesia_trans_async
Generating Type Specs - "/home/pete/wefwefwef/docs/other/286346194/mnesia_trans_async-branch-master/mnesia_trans_async/src/mnesia_trans_async.erl"
Generating Type Specs - "/home/pete/wefwefwef/docs/other/286346194/mnesia_trans_async-branch-master/mnesia_trans_async/src/mnesia_trans_async_app.erl"
Generating Type Specs - "/home/pete/wefwefwef/docs/other/286346194/mnesia_trans_async-branch-master/mnesia_trans_async/src/mnesia_trans_async_sup.erl"
Generating XML for application mnesia_trans_async "/home/pete/wefwefwef/docs/other/286346194/mnesia_trans_async-branch-master/mnesia_trans_async" -> "/home/pete/wefwefwef/docs/other/286346194/repo/master/.xml/mnesia_trans_async"
Generated mnesia_trans_async XMLs: ["/home/pete/wefwefwef/docs/other/286346194/repo/master/.xml/mnesia_trans_async/mnesia_trans_async_app.xml",
                                    "/home/pete/wefwefwef/docs/other/286346194/repo/master/.xml/mnesia_trans_async/mnesia_trans_async.xml",
                                    "/home/pete/wefwefwef/docs/other/286346194/repo/master/.xml/mnesia_trans_async/mnesia_trans_async_sup.xml"]
Generating HTML - mnesia_trans_async_sup "/home/pete/wefwefwef/docs/other/286346194/repo/master/.xml/mnesia_trans_async/mnesia_trans_async_sup.xml"
Reading XML for "/home/pete/wefwefwef/docs/other/286346194/repo/master/.xml/mnesia_trans_async/mnesia_trans_async_sup.xml"
Reading XML for "/home/pete/wefwefwef/docs/other/286346194/repo/master/.xml/specs_mnesia_trans_async_sup.xml"
Generating HTML - mnesia_trans_async "/home/pete/wefwefwef/docs/other/286346194/repo/master/.xml/mnesia_trans_async/mnesia_trans_async.xml"
Reading XML for "/home/pete/wefwefwef/docs/other/286346194/repo/master/.xml/mnesia_trans_async/mnesia_trans_async.xml"
Reading XML for "/home/pete/wefwefwef/docs/other/286346194/repo/master/.xml/specs_mnesia_trans_async.xml"
Generating HTML - mnesia_trans_async_app "/home/pete/wefwefwef/docs/other/286346194/repo/master/.xml/mnesia_trans_async/mnesia_trans_async_app.xml"
Reading XML for "/home/pete/wefwefwef/docs/other/286346194/repo/master/.xml/mnesia_trans_async/mnesia_trans_async_app.xml"
Reading XML for "/home/pete/wefwefwef/docs/other/286346194/repo/master/.xml/specs_mnesia_trans_async_app.xml"
Creating index.html ...
Creating erldocs_index.js ...
Woot, finished in 0 Minutes 0 Seconds
 :: Discovering other repos
$ 5000  `rm -r '/home/pete/wefwefwef/docs/other/286346194/mnesia_trans_async-branch-master'  2>&1`
 :: Finishing up
$ 5000  `rm -r '/home/pete/wefwefwef/docs/other/286346194/mnesia_trans_async'  2>&1`
