 :: Extracting meta information
$ 5000  `git ls-remote --heads --tags 'https://github.com/introducingerlang/todolist'  2>&1`
>>> [repo] 1 branches, 0 tags
 :: Writing meta to "/home/pete/wefwefwef/docs/other/6770215753/meta.txt"
 :: Processing https://github.com/introducingerlang/todolist	{rev,branch,"master","0f3775090b9d65a6873eb15dcb321e8e4841440f"}
 :: Fetching repo code
$ cd "/home/pete/wefwefwef/docs/other/6770215753/todolist-branch-master/todolist"
$ infinity  `curl --fail --silent --show-error --location --output 'master.zip' 'https://github.com/introducingerlang/todolist/archive/master.zip'  2>&1`
$ cd "/home/pete/wefwefwef/docs/erldocs_other.git"
$ cd "/home/pete/wefwefwef/docs/other/6770215753/todolist-branch-master/todolist"
$ 5000  `find -P . -type l -delete  2>&1`
$ cd "/home/pete/wefwefwef/docs/erldocs_other.git"
$ cd "/home/pete/wefwefwef/docs/other/6770215753/todolist-branch-master/todolist"
$ 5000  `find 'todolist-master' -mindepth 1 -maxdepth 1 -exec mv -t . -- {} +  2>&1`
$ cd "/home/pete/wefwefwef/docs/erldocs_other.git"
 :: Getting dependencies
$ cd "/home/pete/wefwefwef/docs/other/6770215753/todolist-branch-master/todolist"
$ 5000  `ls -1 deps/  2>&1`
$ cd "/home/pete/wefwefwef/docs/erldocs_other.git"
>>> [rebar] deps = []
 :: Generating erldocs into /home/pete/wefwefwef/docs/other/6770215753/repo/master
Building todolist
Generating Type Specs - "/home/pete/wefwefwef/docs/other/6770215753/todolist-branch-master/todolist/src/task_srv.erl"
Generating Type Specs - "/home/pete/wefwefwef/docs/other/6770215753/todolist-branch-master/todolist/src/todolist.erl"
Generating Type Specs - "/home/pete/wefwefwef/docs/other/6770215753/todolist-branch-master/todolist/src/todolist_sup.erl"
Generating XML for application todolist "/home/pete/wefwefwef/docs/other/6770215753/todolist-branch-master/todolist" -> "/home/pete/wefwefwef/docs/other/6770215753/repo/master/.xml/todolist"
Generated todolist XMLs: ["/home/pete/wefwefwef/docs/other/6770215753/repo/master/.xml/todolist/todolist_sup.xml",
                          "/home/pete/wefwefwef/docs/other/6770215753/repo/master/.xml/todolist/task_srv.xml",
                          "/home/pete/wefwefwef/docs/other/6770215753/repo/master/.xml/todolist/todolist.xml"]
Generating HTML - todolist "/home/pete/wefwefwef/docs/other/6770215753/repo/master/.xml/todolist/todolist.xml"
Reading XML for "/home/pete/wefwefwef/docs/other/6770215753/repo/master/.xml/todolist/todolist.xml"
Reading XML for "/home/pete/wefwefwef/docs/other/6770215753/repo/master/.xml/specs_todolist.xml"
Generating HTML - task_srv "/home/pete/wefwefwef/docs/other/6770215753/repo/master/.xml/todolist/task_srv.xml"
Reading XML for "/home/pete/wefwefwef/docs/other/6770215753/repo/master/.xml/todolist/task_srv.xml"
Reading XML for "/home/pete/wefwefwef/docs/other/6770215753/repo/master/.xml/specs_task_srv.xml"
Generating HTML - todolist_sup "/home/pete/wefwefwef/docs/other/6770215753/repo/master/.xml/todolist/todolist_sup.xml"
Reading XML for "/home/pete/wefwefwef/docs/other/6770215753/repo/master/.xml/todolist/todolist_sup.xml"
Reading XML for "/home/pete/wefwefwef/docs/other/6770215753/repo/master/.xml/specs_todolist_sup.xml"
Creating index.html ...
Creating erldocs_index.js ...
Woot, finished in 0 Minutes 0 Seconds
 :: Discovering other repos
$ 5000  `rm -r '/home/pete/wefwefwef/docs/other/6770215753/todolist-branch-master'  2>&1`
 :: Erldocs finishing up
$ 5000  `rm -r '/home/pete/wefwefwef/docs/other/6770215753/todolist'  2>&1`
