 :: Extracting meta information
$ 5000  `git ls-remote --heads --tags 'https://github.com/velimir0xff/cache'  2>&1`
>>> [repo] 1 branches, 0 tags
 :: Writing meta to "/home/pete/wefwefwef/docs/other/80420753/meta.txt"
 :: Processing https://github.com/velimir0xff/cache	{rev,branch,"master","cd83f7a98540272c43b46b670bf35c2613f89116"}
 :: Fetching repo code
$ cd "/home/pete/wefwefwef/docs/other/80420753/cache-branch-master/cache"
$ infinity  `curl --fail --silent --show-error --location --output 'master.zip' 'https://github.com/velimir0xff/cache/archive/master.zip'  2>&1`
$ cd "/home/pete/wefwefwef/docs/erldocs_other.git"
$ cd "/home/pete/wefwefwef/docs/other/80420753/cache-branch-master/cache"
$ 5000  `find -P . -type l -delete  2>&1`
$ cd "/home/pete/wefwefwef/docs/erldocs_other.git"
$ cd "/home/pete/wefwefwef/docs/other/80420753/cache-branch-master/cache"
$ 5000  `find 'cache-master' -mindepth 1 -maxdepth 1 -exec mv -t . -- {} +  2>&1`
$ cd "/home/pete/wefwefwef/docs/erldocs_other.git"
 :: Getting dependencies
$ cd "/home/pete/wefwefwef/docs/other/80420753/cache-branch-master/cache"
$ 5000  `ls -1 deps/  2>&1`
$ cd "/home/pete/wefwefwef/docs/erldocs_other.git"
>>> [rebar] deps = []
 :: Generating erldocs into /home/pete/wefwefwef/docs/other/80420753/repo/master
Building cache
Generating Type Specs - "/home/pete/wefwefwef/docs/other/80420753/cache-branch-master/cache/src/cache_app.erl"
Generating Type Specs - "/home/pete/wefwefwef/docs/other/80420753/cache-branch-master/cache/src/cache_element.erl"
Generating Type Specs - "/home/pete/wefwefwef/docs/other/80420753/cache-branch-master/cache/src/cache_element_sup.erl"
Generating Type Specs - "/home/pete/wefwefwef/docs/other/80420753/cache-branch-master/cache/src/cache_event.erl"
Generating Type Specs - "/home/pete/wefwefwef/docs/other/80420753/cache-branch-master/cache/src/cache_event_logger.erl"
Generating Type Specs - "/home/pete/wefwefwef/docs/other/80420753/cache-branch-master/cache/src/cache_store.erl"
Generating Type Specs - "/home/pete/wefwefwef/docs/other/80420753/cache-branch-master/cache/src/cache_sup.erl"
Generating Type Specs - "/home/pete/wefwefwef/docs/other/80420753/cache-branch-master/cache/src/simple_cache.erl"
Generating XML for application cache "/home/pete/wefwefwef/docs/other/80420753/cache-branch-master/cache" -> "/home/pete/wefwefwef/docs/other/80420753/repo/master/.xml/cache"
Generated cache XMLs: ["/home/pete/wefwefwef/docs/other/80420753/repo/master/.xml/cache/cache_event.xml",
                       "/home/pete/wefwefwef/docs/other/80420753/repo/master/.xml/cache/cache_sup.xml",
                       "/home/pete/wefwefwef/docs/other/80420753/repo/master/.xml/cache/simple_cache.xml",
                       "/home/pete/wefwefwef/docs/other/80420753/repo/master/.xml/cache/cache_event_logger.xml",
                       "/home/pete/wefwefwef/docs/other/80420753/repo/master/.xml/cache/cache_store.xml",
                       "/home/pete/wefwefwef/docs/other/80420753/repo/master/.xml/cache/cache_app.xml",
                       "/home/pete/wefwefwef/docs/other/80420753/repo/master/.xml/cache/cache_element.xml",
                       "/home/pete/wefwefwef/docs/other/80420753/repo/master/.xml/cache/cache_element_sup.xml"]
Generating HTML - cache_sup "/home/pete/wefwefwef/docs/other/80420753/repo/master/.xml/cache/cache_sup.xml"
Generating HTML - cache_event_logger "/home/pete/wefwefwef/docs/other/80420753/repo/master/.xml/cache/cache_event_logger.xml"
Generating HTML - cache_app "/home/pete/wefwefwef/docs/other/80420753/repo/master/.xml/cache/cache_app.xml"
Generating HTML - cache_element_sup "/home/pete/wefwefwef/docs/other/80420753/repo/master/.xml/cache/cache_element_sup.xml"
Reading XML for "/home/pete/wefwefwef/docs/other/80420753/repo/master/.xml/cache/cache_sup.xml"
Reading XML for "/home/pete/wefwefwef/docs/other/80420753/repo/master/.xml/cache/cache_event_logger.xml"
Reading XML for "/home/pete/wefwefwef/docs/other/80420753/repo/master/.xml/cache/cache_app.xml"
Reading XML for "/home/pete/wefwefwef/docs/other/80420753/repo/master/.xml/cache/cache_element_sup.xml"
Reading XML for "/home/pete/wefwefwef/docs/other/80420753/repo/master/.xml/specs_cache_element_sup.xml"
Reading XML for "/home/pete/wefwefwef/docs/other/80420753/repo/master/.xml/specs_cache_sup.xml"
Reading XML for "/home/pete/wefwefwef/docs/other/80420753/repo/master/.xml/specs_cache_event_logger.xml"
Generating HTML - cache_element "/home/pete/wefwefwef/docs/other/80420753/repo/master/.xml/cache/cache_element.xml"
Generating HTML - cache_event "/home/pete/wefwefwef/docs/other/80420753/repo/master/.xml/cache/cache_event.xml"
Reading XML for "/home/pete/wefwefwef/docs/other/80420753/repo/master/.xml/specs_cache_app.xml"
Reading XML for "/home/pete/wefwefwef/docs/other/80420753/repo/master/.xml/cache/cache_element.xml"
Reading XML for "/home/pete/wefwefwef/docs/other/80420753/repo/master/.xml/cache/cache_event.xml"
Generating HTML - simple_cache "/home/pete/wefwefwef/docs/other/80420753/repo/master/.xml/cache/simple_cache.xml"
Reading XML for "/home/pete/wefwefwef/docs/other/80420753/repo/master/.xml/cache/simple_cache.xml"
Generating HTML - cache_store "/home/pete/wefwefwef/docs/other/80420753/repo/master/.xml/cache/cache_store.xml"
Reading XML for "/home/pete/wefwefwef/docs/other/80420753/repo/master/.xml/cache/cache_store.xml"
Reading XML for "/home/pete/wefwefwef/docs/other/80420753/repo/master/.xml/specs_cache_element.xml"
Reading XML for "/home/pete/wefwefwef/docs/other/80420753/repo/master/.xml/specs_simple_cache.xml"
Reading XML for "/home/pete/wefwefwef/docs/other/80420753/repo/master/.xml/specs_cache_event.xml"
Reading XML for "/home/pete/wefwefwef/docs/other/80420753/repo/master/.xml/specs_cache_store.xml"
Creating index.html ...
Creating erldocs_index.js ...
Woot, finished in 0 Minutes 0 Seconds
 :: Discovering other repos
$ 5000  `rm -r '/home/pete/wefwefwef/docs/other/80420753/cache-branch-master'  2>&1`
 :: Erldocs finishing up
$ 5000  `rm -r '/home/pete/wefwefwef/docs/other/80420753/cache'  2>&1`
