 :: Extracting meta information
$ infinity  `git ls-remote --heads --tags 'https://github.com/stevenproctor/markov-erlang'  2>&1`
>>> [repo] 1 branches, 1 tags
 :: Writing meta to "/home/pete/wefwefwef/docs/other/c1761ee2c7d99c0a620a117aaac09476975d9f34/meta.txt"
 :: Processing https://github.com/stevenproctor/markov-erlang	{rev,branch,"master","ab4853890924ed2124d4d01e3a94a1888b041ffa",undefined,[],[]}
 :: Fetching repo code
$ cd '/home/pete/wefwefwef/docs/other/c1761ee2c7d99c0a620a117aaac09476975d9f34/markov-erlang-branch-master'
$ infinity  `curl --fail --silent --show-error --location --output repo.tar.gz 'https://codeload.github.com/stevenproctor/markov-erlang/tar.gz/master'  2>&1`
$ cd '/home/pete/wefwefwef/docs/erldocs_other.git'
$ cd '/home/pete/wefwefwef/docs/other/c1761ee2c7d99c0a620a117aaac09476975d9f34/markov-erlang-branch-master/markov-erlang-master'
$ 5000  `find -P . -type l -delete  2>&1`
$ cd '/home/pete/wefwefwef/docs/erldocs_other.git'
$ 5000  `mv '/home/pete/wefwefwef/docs/other/c1761ee2c7d99c0a620a117aaac09476975d9f34/markov-erlang-branch-master/markov-erlang-master' '/home/pete/wefwefwef/docs/other/c1761ee2c7d99c0a620a117aaac09476975d9f34/markov-erlang-branch-master/markov-erlang'  2>&1`
 :: Getting dependencies
$ cd '/home/pete/wefwefwef/docs/other/c1761ee2c7d99c0a620a117aaac09476975d9f34/markov-erlang-branch-master/markov-erlang'
$ 5000  `ls -1 deps/  2>&1`
$ cd '/home/pete/wefwefwef/docs/erldocs_other.git'
>>> [rebar] deps = []
 :: Generating erldocs into /home/pete/wefwefwef/docs/other/c1761ee2c7d99c0a620a117aaac09476975d9f34/repo/master
Building markov-erlang
Generating Type Specs - "/home/pete/wefwefwef/docs/other/c1761ee2c7d99c0a620a117aaac09476975d9f34/markov-erlang-branch-master/markov-erlang/src/markov.erl"
Generating Type Specs - "/home/pete/wefwefwef/docs/other/c1761ee2c7d99c0a620a117aaac09476975d9f34/markov-erlang-branch-master/markov-erlang/src/markov_app.erl"
Generating Type Specs - "/home/pete/wefwefwef/docs/other/c1761ee2c7d99c0a620a117aaac09476975d9f34/markov-erlang-branch-master/markov-erlang/src/markov_generator.erl"
Generating Type Specs - "/home/pete/wefwefwef/docs/other/c1761ee2c7d99c0a620a117aaac09476975d9f34/markov-erlang-branch-master/markov-erlang/src/markov_generator_sup.erl"
Generating Type Specs - "/home/pete/wefwefwef/docs/other/c1761ee2c7d99c0a620a117aaac09476975d9f34/markov-erlang-branch-master/markov-erlang/src/markov_sup.erl"
Generating Type Specs - "/home/pete/wefwefwef/docs/other/c1761ee2c7d99c0a620a117aaac09476975d9f34/markov-erlang-branch-master/markov-erlang/src/markov_word.erl"
Generating Type Specs - "/home/pete/wefwefwef/docs/other/c1761ee2c7d99c0a620a117aaac09476975d9f34/markov-erlang-branch-master/markov-erlang/src/markov_word_sup.erl"
Generating XML for application markov-erlang "/home/pete/wefwefwef/docs/other/c1761ee2c7d99c0a620a117aaac09476975d9f34/markov-erlang-branch-master/markov-erlang" -> "/home/pete/wefwefwef/docs/other/c1761ee2c7d99c0a620a117aaac09476975d9f34/repo/master/.xml/markov-erlang"
/home/pete/wefwefwef/docs/other/c1761ee2c7d99c0a620a117aaac09476975d9f34/markov-erlang-branch-master/markov-erlang/src/markov_word.erl, function start_link/1: at line 38: @spec arity does not match.
edoc: skipping source file '/home/pete/wefwefwef/docs/other/c1761ee2c7d99c0a620a117aaac09476975d9f34/markov-erlang-branch-master/markov-erlang/src/markov_word.erl': {'EXIT',
                                                                                                                                                                error}.
edoc: error in doclet 'edoc_doclet': {'EXIT',error}.
Error generating markov-erlang XMLs. Using fallback ...
Generating XML markov-erlang - markov "/home/pete/wefwefwef/docs/other/c1761ee2c7d99c0a620a117aaac09476975d9f34/markov-erlang-branch-master/markov-erlang/src/markov.erl" -> "/home/pete/wefwefwef/docs/other/c1761ee2c7d99c0a620a117aaac09476975d9f34/repo/master/.xml/markov-erlang/markov.xml"
Generating XML markov-erlang - markov_app "/home/pete/wefwefwef/docs/other/c1761ee2c7d99c0a620a117aaac09476975d9f34/markov-erlang-branch-master/markov-erlang/src/markov_app.erl" -> "/home/pete/wefwefwef/docs/other/c1761ee2c7d99c0a620a117aaac09476975d9f34/repo/master/.xml/markov-erlang/markov_app.xml"
Generating XML markov-erlang - markov_generator "/home/pete/wefwefwef/docs/other/c1761ee2c7d99c0a620a117aaac09476975d9f34/markov-erlang-branch-master/markov-erlang/src/markov_generator.erl" -> "/home/pete/wefwefwef/docs/other/c1761ee2c7d99c0a620a117aaac09476975d9f34/repo/master/.xml/markov-erlang/markov_generator.xml"
Generating XML markov-erlang - markov_generator_sup "/home/pete/wefwefwef/docs/other/c1761ee2c7d99c0a620a117aaac09476975d9f34/markov-erlang-branch-master/markov-erlang/src/markov_generator_sup.erl" -> "/home/pete/wefwefwef/docs/other/c1761ee2c7d99c0a620a117aaac09476975d9f34/repo/master/.xml/markov-erlang/markov_generator_sup.xml"
Generating XML markov-erlang - markov_sup "/home/pete/wefwefwef/docs/other/c1761ee2c7d99c0a620a117aaac09476975d9f34/markov-erlang-branch-master/markov-erlang/src/markov_sup.erl" -> "/home/pete/wefwefwef/docs/other/c1761ee2c7d99c0a620a117aaac09476975d9f34/repo/master/.xml/markov-erlang/markov_sup.xml"
Generating XML markov-erlang - markov_word "/home/pete/wefwefwef/docs/other/c1761ee2c7d99c0a620a117aaac09476975d9f34/markov-erlang-branch-master/markov-erlang/src/markov_word.erl" -> "/home/pete/wefwefwef/docs/other/c1761ee2c7d99c0a620a117aaac09476975d9f34/repo/master/.xml/markov-erlang/markov_word.xml"
/home/pete/wefwefwef/docs/other/c1761ee2c7d99c0a620a117aaac09476975d9f34/markov-erlang-branch-master/markov-erlang/src/markov_word.erl, function start_link/1: at line 38: @spec arity does not match.
Error generating XML ("/home/pete/wefwefwef/docs/other/c1761ee2c7d99c0a620a117aaac09476975d9f34/markov-erlang-branch-master/markov-erlang/src/markov_word.erl"): {'EXIT',
                                                                                                                                                                  error}
Generating XML markov-erlang - markov_word_sup "/home/pete/wefwefwef/docs/other/c1761ee2c7d99c0a620a117aaac09476975d9f34/markov-erlang-branch-master/markov-erlang/src/markov_word_sup.erl" -> "/home/pete/wefwefwef/docs/other/c1761ee2c7d99c0a620a117aaac09476975d9f34/repo/master/.xml/markov-erlang/markov_word_sup.xml"
Generating HTML - markov_word_sup "/home/pete/wefwefwef/docs/other/c1761ee2c7d99c0a620a117aaac09476975d9f34/repo/master/.xml/markov-erlang/markov_word_sup.xml"
Generating HTML - markov_sup "/home/pete/wefwefwef/docs/other/c1761ee2c7d99c0a620a117aaac09476975d9f34/repo/master/.xml/markov-erlang/markov_sup.xml"
Generating HTML - markov_generator_sup "/home/pete/wefwefwef/docs/other/c1761ee2c7d99c0a620a117aaac09476975d9f34/repo/master/.xml/markov-erlang/markov_generator_sup.xml"
Generating HTML - markov "/home/pete/wefwefwef/docs/other/c1761ee2c7d99c0a620a117aaac09476975d9f34/repo/master/.xml/markov-erlang/markov.xml"
Reading XML for "/home/pete/wefwefwef/docs/other/c1761ee2c7d99c0a620a117aaac09476975d9f34/repo/master/.xml/markov-erlang/markov_word_sup.xml"
Reading XML for "/home/pete/wefwefwef/docs/other/c1761ee2c7d99c0a620a117aaac09476975d9f34/repo/master/.xml/markov-erlang/markov_sup.xml"
Reading XML for "/home/pete/wefwefwef/docs/other/c1761ee2c7d99c0a620a117aaac09476975d9f34/repo/master/.xml/markov-erlang/markov_generator_sup.xml"
Reading XML for "/home/pete/wefwefwef/docs/other/c1761ee2c7d99c0a620a117aaac09476975d9f34/repo/master/.xml/markov-erlang/markov.xml"
Reading XML for "/home/pete/wefwefwef/docs/other/c1761ee2c7d99c0a620a117aaac09476975d9f34/repo/master/.xml/specs_markov_word_sup.xml"
Reading XML for "/home/pete/wefwefwef/docs/other/c1761ee2c7d99c0a620a117aaac09476975d9f34/repo/master/.xml/specs_markov_sup.xml"
Reading XML for "/home/pete/wefwefwef/docs/other/c1761ee2c7d99c0a620a117aaac09476975d9f34/repo/master/.xml/specs_markov.xml"
Generating HTML - markov_app "/home/pete/wefwefwef/docs/other/c1761ee2c7d99c0a620a117aaac09476975d9f34/repo/master/.xml/markov-erlang/markov_app.xml"
Reading XML for "/home/pete/wefwefwef/docs/other/c1761ee2c7d99c0a620a117aaac09476975d9f34/repo/master/.xml/markov-erlang/markov_app.xml"
Reading XML for "/home/pete/wefwefwef/docs/other/c1761ee2c7d99c0a620a117aaac09476975d9f34/repo/master/.xml/specs_markov_generator_sup.xml"
Reading XML for "/home/pete/wefwefwef/docs/other/c1761ee2c7d99c0a620a117aaac09476975d9f34/repo/master/.xml/specs_markov_app.xml"
Generating HTML - markov_generator "/home/pete/wefwefwef/docs/other/c1761ee2c7d99c0a620a117aaac09476975d9f34/repo/master/.xml/markov-erlang/markov_generator.xml"
Reading XML for "/home/pete/wefwefwef/docs/other/c1761ee2c7d99c0a620a117aaac09476975d9f34/repo/master/.xml/markov-erlang/markov_generator.xml"
Reading XML for "/home/pete/wefwefwef/docs/other/c1761ee2c7d99c0a620a117aaac09476975d9f34/repo/master/.xml/specs_markov_generator.xml"
Creating index.html ...
Creating erldocs_index.js ...
Woot, finished in 0 Minutes 0 Seconds
 :: Discovering other repos
$ 5000  `rm -r '/home/pete/wefwefwef/docs/other/c1761ee2c7d99c0a620a117aaac09476975d9f34/markov-erlang-branch-master'  2>&1`
 :: Processing https://github.com/stevenproctor/markov-erlang	{rev,tag,"breaks_when_no_following_word","a0fbd104cba433865fb2654e1c744df8f0add731",undefined,[],[]}
 :: Fetching repo code
$ cd '/home/pete/wefwefwef/docs/other/c1761ee2c7d99c0a620a117aaac09476975d9f34/markov-erlang-tag-breaks_when_no_following_word'
$ infinity  `curl --fail --silent --show-error --location --output repo.tar.gz 'https://codeload.github.com/stevenproctor/markov-erlang/tar.gz/breaks_when_no_following_word'  2>&1`
$ cd '/home/pete/wefwefwef/docs/erldocs_other.git'
$ cd '/home/pete/wefwefwef/docs/other/c1761ee2c7d99c0a620a117aaac09476975d9f34/markov-erlang-tag-breaks_when_no_following_word/markov-erlang-breaks_when_no_following_word'
$ 5000  `find -P . -type l -delete  2>&1`
$ cd '/home/pete/wefwefwef/docs/erldocs_other.git'
$ 5000  `mv '/home/pete/wefwefwef/docs/other/c1761ee2c7d99c0a620a117aaac09476975d9f34/markov-erlang-tag-breaks_when_no_following_word/markov-erlang-breaks_when_no_following_word' '/home/pete/wefwefwef/docs/other/c1761ee2c7d99c0a620a117aaac09476975d9f34/markov-erlang-tag-breaks_when_no_following_word/markov-erlang'  2>&1`
 :: Getting dependencies
$ cd '/home/pete/wefwefwef/docs/other/c1761ee2c7d99c0a620a117aaac09476975d9f34/markov-erlang-tag-breaks_when_no_following_word/markov-erlang'
$ 5000  `ls -1 deps/  2>&1`
$ cd '/home/pete/wefwefwef/docs/erldocs_other.git'
>>> [rebar] deps = []
 :: Generating erldocs into /home/pete/wefwefwef/docs/other/c1761ee2c7d99c0a620a117aaac09476975d9f34/repo/breaks_when_no_following_word
Building markov-erlang
Generating Type Specs - "/home/pete/wefwefwef/docs/other/c1761ee2c7d99c0a620a117aaac09476975d9f34/markov-erlang-tag-breaks_when_no_following_word/markov-erlang/src/markov.erl"
Generating Type Specs - "/home/pete/wefwefwef/docs/other/c1761ee2c7d99c0a620a117aaac09476975d9f34/markov-erlang-tag-breaks_when_no_following_word/markov-erlang/src/markov_app.erl"
Generating Type Specs - "/home/pete/wefwefwef/docs/other/c1761ee2c7d99c0a620a117aaac09476975d9f34/markov-erlang-tag-breaks_when_no_following_word/markov-erlang/src/markov_generator.erl"
Generating Type Specs - "/home/pete/wefwefwef/docs/other/c1761ee2c7d99c0a620a117aaac09476975d9f34/markov-erlang-tag-breaks_when_no_following_word/markov-erlang/src/markov_generator_sup.erl"
Generating Type Specs - "/home/pete/wefwefwef/docs/other/c1761ee2c7d99c0a620a117aaac09476975d9f34/markov-erlang-tag-breaks_when_no_following_word/markov-erlang/src/markov_sup.erl"
Generating Type Specs - "/home/pete/wefwefwef/docs/other/c1761ee2c7d99c0a620a117aaac09476975d9f34/markov-erlang-tag-breaks_when_no_following_word/markov-erlang/src/markov_word.erl"
Generating Type Specs - "/home/pete/wefwefwef/docs/other/c1761ee2c7d99c0a620a117aaac09476975d9f34/markov-erlang-tag-breaks_when_no_following_word/markov-erlang/src/markov_word_sup.erl"
Generating XML for application markov-erlang "/home/pete/wefwefwef/docs/other/c1761ee2c7d99c0a620a117aaac09476975d9f34/markov-erlang-tag-breaks_when_no_following_word/markov-erlang" -> "/home/pete/wefwefwef/docs/other/c1761ee2c7d99c0a620a117aaac09476975d9f34/repo/breaks_when_no_following_word/.xml/markov-erlang"
/home/pete/wefwefwef/docs/other/c1761ee2c7d99c0a620a117aaac09476975d9f34/markov-erlang-tag-breaks_when_no_following_word/markov-erlang/src/markov_word.erl, function start_link/1: at line 38: @spec arity does not match.
edoc: skipping source file '/home/pete/wefwefwef/docs/other/c1761ee2c7d99c0a620a117aaac09476975d9f34/markov-erlang-tag-breaks_when_no_following_word/markov-erlang/src/markov_word.erl': {'EXIT',
                                                                                                                                                                                    error}.
edoc: error in doclet 'edoc_doclet': {'EXIT',error}.
Error generating markov-erlang XMLs. Using fallback ...
Generating XML markov-erlang - markov "/home/pete/wefwefwef/docs/other/c1761ee2c7d99c0a620a117aaac09476975d9f34/markov-erlang-tag-breaks_when_no_following_word/markov-erlang/src/markov.erl" -> "/home/pete/wefwefwef/docs/other/c1761ee2c7d99c0a620a117aaac09476975d9f34/repo/breaks_when_no_following_word/.xml/markov-erlang/markov.xml"
Generating XML markov-erlang - markov_app "/home/pete/wefwefwef/docs/other/c1761ee2c7d99c0a620a117aaac09476975d9f34/markov-erlang-tag-breaks_when_no_following_word/markov-erlang/src/markov_app.erl" -> "/home/pete/wefwefwef/docs/other/c1761ee2c7d99c0a620a117aaac09476975d9f34/repo/breaks_when_no_following_word/.xml/markov-erlang/markov_app.xml"
Generating XML markov-erlang - markov_generator "/home/pete/wefwefwef/docs/other/c1761ee2c7d99c0a620a117aaac09476975d9f34/markov-erlang-tag-breaks_when_no_following_word/markov-erlang/src/markov_generator.erl" -> "/home/pete/wefwefwef/docs/other/c1761ee2c7d99c0a620a117aaac09476975d9f34/repo/breaks_when_no_following_word/.xml/markov-erlang/markov_generator.xml"
Generating XML markov-erlang - markov_generator_sup "/home/pete/wefwefwef/docs/other/c1761ee2c7d99c0a620a117aaac09476975d9f34/markov-erlang-tag-breaks_when_no_following_word/markov-erlang/src/markov_generator_sup.erl" -> "/home/pete/wefwefwef/docs/other/c1761ee2c7d99c0a620a117aaac09476975d9f34/repo/breaks_when_no_following_word/.xml/markov-erlang/markov_generator_sup.xml"
Generating XML markov-erlang - markov_sup "/home/pete/wefwefwef/docs/other/c1761ee2c7d99c0a620a117aaac09476975d9f34/markov-erlang-tag-breaks_when_no_following_word/markov-erlang/src/markov_sup.erl" -> "/home/pete/wefwefwef/docs/other/c1761ee2c7d99c0a620a117aaac09476975d9f34/repo/breaks_when_no_following_word/.xml/markov-erlang/markov_sup.xml"
Generating XML markov-erlang - markov_word "/home/pete/wefwefwef/docs/other/c1761ee2c7d99c0a620a117aaac09476975d9f34/markov-erlang-tag-breaks_when_no_following_word/markov-erlang/src/markov_word.erl" -> "/home/pete/wefwefwef/docs/other/c1761ee2c7d99c0a620a117aaac09476975d9f34/repo/breaks_when_no_following_word/.xml/markov-erlang/markov_word.xml"
/home/pete/wefwefwef/docs/other/c1761ee2c7d99c0a620a117aaac09476975d9f34/markov-erlang-tag-breaks_when_no_following_word/markov-erlang/src/markov_word.erl, function start_link/1: at line 38: @spec arity does not match.
Error generating XML ("/home/pete/wefwefwef/docs/other/c1761ee2c7d99c0a620a117aaac09476975d9f34/markov-erlang-tag-breaks_when_no_following_word/markov-erlang/src/markov_word.erl"): {'EXIT',
                                                                                                                                                                                      error}
Generating XML markov-erlang - markov_word_sup "/home/pete/wefwefwef/docs/other/c1761ee2c7d99c0a620a117aaac09476975d9f34/markov-erlang-tag-breaks_when_no_following_word/markov-erlang/src/markov_word_sup.erl" -> "/home/pete/wefwefwef/docs/other/c1761ee2c7d99c0a620a117aaac09476975d9f34/repo/breaks_when_no_following_word/.xml/markov-erlang/markov_word_sup.xml"
Generating HTML - markov_word_sup "/home/pete/wefwefwef/docs/other/c1761ee2c7d99c0a620a117aaac09476975d9f34/repo/breaks_when_no_following_word/.xml/markov-erlang/markov_word_sup.xml"
Generating HTML - markov_sup "/home/pete/wefwefwef/docs/other/c1761ee2c7d99c0a620a117aaac09476975d9f34/repo/breaks_when_no_following_word/.xml/markov-erlang/markov_sup.xml"
Generating HTML - markov_generator_sup "/home/pete/wefwefwef/docs/other/c1761ee2c7d99c0a620a117aaac09476975d9f34/repo/breaks_when_no_following_word/.xml/markov-erlang/markov_generator_sup.xml"
Generating HTML - markov "/home/pete/wefwefwef/docs/other/c1761ee2c7d99c0a620a117aaac09476975d9f34/repo/breaks_when_no_following_word/.xml/markov-erlang/markov.xml"
Reading XML for "/home/pete/wefwefwef/docs/other/c1761ee2c7d99c0a620a117aaac09476975d9f34/repo/breaks_when_no_following_word/.xml/markov-erlang/markov_word_sup.xml"
Reading XML for "/home/pete/wefwefwef/docs/other/c1761ee2c7d99c0a620a117aaac09476975d9f34/repo/breaks_when_no_following_word/.xml/markov-erlang/markov_sup.xml"
Reading XML for "/home/pete/wefwefwef/docs/other/c1761ee2c7d99c0a620a117aaac09476975d9f34/repo/breaks_when_no_following_word/.xml/markov-erlang/markov_generator_sup.xml"
Reading XML for "/home/pete/wefwefwef/docs/other/c1761ee2c7d99c0a620a117aaac09476975d9f34/repo/breaks_when_no_following_word/.xml/markov-erlang/markov.xml"
Reading XML for "/home/pete/wefwefwef/docs/other/c1761ee2c7d99c0a620a117aaac09476975d9f34/repo/breaks_when_no_following_word/.xml/specs_markov_sup.xml"
Reading XML for "/home/pete/wefwefwef/docs/other/c1761ee2c7d99c0a620a117aaac09476975d9f34/repo/breaks_when_no_following_word/.xml/specs_markov_generator_sup.xml"
Reading XML for "/home/pete/wefwefwef/docs/other/c1761ee2c7d99c0a620a117aaac09476975d9f34/repo/breaks_when_no_following_word/.xml/specs_markov.xml"
Reading XML for "/home/pete/wefwefwef/docs/other/c1761ee2c7d99c0a620a117aaac09476975d9f34/repo/breaks_when_no_following_word/.xml/specs_markov_word_sup.xml"
Generating HTML - markov_app "/home/pete/wefwefwef/docs/other/c1761ee2c7d99c0a620a117aaac09476975d9f34/repo/breaks_when_no_following_word/.xml/markov-erlang/markov_app.xml"
Reading XML for "/home/pete/wefwefwef/docs/other/c1761ee2c7d99c0a620a117aaac09476975d9f34/repo/breaks_when_no_following_word/.xml/markov-erlang/markov_app.xml"
Reading XML for "/home/pete/wefwefwef/docs/other/c1761ee2c7d99c0a620a117aaac09476975d9f34/repo/breaks_when_no_following_word/.xml/specs_markov_app.xml"
Generating HTML - markov_generator "/home/pete/wefwefwef/docs/other/c1761ee2c7d99c0a620a117aaac09476975d9f34/repo/breaks_when_no_following_word/.xml/markov-erlang/markov_generator.xml"
Reading XML for "/home/pete/wefwefwef/docs/other/c1761ee2c7d99c0a620a117aaac09476975d9f34/repo/breaks_when_no_following_word/.xml/markov-erlang/markov_generator.xml"
Reading XML for "/home/pete/wefwefwef/docs/other/c1761ee2c7d99c0a620a117aaac09476975d9f34/repo/breaks_when_no_following_word/.xml/specs_markov_generator.xml"
Creating index.html ...
Creating erldocs_index.js ...
Woot, finished in 0 Minutes 0 Seconds
 :: Discovering other repos
$ 5000  `rm -r '/home/pete/wefwefwef/docs/other/c1761ee2c7d99c0a620a117aaac09476975d9f34/markov-erlang-tag-breaks_when_no_following_word'  2>&1`
 :: Finishing up
$ 5000  `rm -r '/home/pete/wefwefwef/docs/other/c1761ee2c7d99c0a620a117aaac09476975d9f34/markov-erlang'  2>&1`
