 :: Extracting meta information
$ cd '.'
$ infinity  `git ls-remote --heads --tags https://github.com/opscode/opscode-pushy-server`
>>> [repo] 16 branches, 11 tags
 :: Writing meta to "/home/pete/wefwefwef/docs/other/67c328b04fe840cad681d6b434084c4bb38961fc/meta.txt"
 :: Skipping tag "1.0.1"
 :: Skipping tag "1.1.0"
 :: Skipping tag "2.0.0-alpha.0"
 :: Skipping tag "2.0.0-alpha.1"
 :: Skipping tag "2.0.0-alpha.2"
 :: Skipping tag "2.0.0-alpha.3"
 :: Skipping tag "0.0.7"
 :: Skipping tag "1.0.0"
 :: Skipping tag "1.1.1"
 :: Skipping tag "1.2.0"
 :: Skipping branch "cm/OC-9976-0MQ3"
 :: Skipping branch "cm/gen_zmq2"
 :: Skipping branch "cm/nuke-db"
 :: Skipping branch "kas/fanout"
 :: Skipping branch "kas/fanout2"
 :: Skipping branch "kas/oc-4290-abort-msg-deadlock"
 :: Skipping branch "kas/refactor_state_machine"
 :: Skipping branch "kas/state"
 :: Skipping branch "ma/add_counters"
 :: Skipping branch "ma/add_heartbeat_time"
 :: Skipping branch "ma/benchmarking_inst2"
 :: Skipping branch "ma/command_optimization"
 :: Skipping branch "ma/performance_hack"
 :: Skipping branch "master"
 :: Processing https://github.com/opscode/opscode-pushy-server	{rev,branch,"ma/update_erlang","f8237e3b3afb1d75132eaa8875e69c9c8760b9da",undefined,[],[]}
 :: Fetching repo code
$ cd '/home/pete/wefwefwef/docs/other/67c328b04fe840cad681d6b434084c4bb38961fc/opscode-pushy-server-branch-ma_update_erlang'
$ infinity  `curl --fail --silent --show-error --location --output repo.tar.gz https://codeload.github.com/opscode/opscode-pushy-server/tar.gz/ma/update_erlang`
$ cd '/home/pete/wefwefwef/docs/other/67c328b04fe840cad681d6b434084c4bb38961fc/opscode-pushy-server-branch-ma_update_erlang/opscode-pushy-server-ma-update_erlang'
$ 5000  `find -P . -type l -delete`
$ cd '.'
$ 5000  `mv /home/pete/wefwefwef/docs/other/67c328b04fe840cad681d6b434084c4bb38961fc/opscode-pushy-server-branch-ma_update_erlang/opscode-pushy-server-ma-update_erlang /home/pete/wefwefwef/docs/other/67c328b04fe840cad681d6b434084c4bb38961fc/opscode-pushy-server-branch-ma_update_erlang/opscode-pushy-server`
 :: Getting dependencies
 :: Error running eo_core:
	[{eo_core,sh,
                  ["/home/pete/wefwefwef/docs/other/67c328b04fe840cad681d6b434084c4bb38961fc/opscode-pushy-server-branch-ma_update_erlang/opscode-pushy-server",
                   ["rebar","--config",
                    "/home/pete/wefwefwef/docs/other/67c328b04fe840cad681d6b434084c4bb38961fc/opscode-pushy-server-branch-ma_update_erlang/rebar_deps",
                    "get-deps"],
                   infinity],
                  []},
         {eo_util,get_deps,2,[{file,"src/eo_util.erl"},{line,123}]},
         {eo_util,rebar_get_deps,1,[{file,"src/eo_util.erl"},{line,88}]},
         {eo_core,get_deps,1,[{file,"src/eo_core.erl"},{line,339}]},
         {eo_core,do,7,[{file,"src/eo_core.erl"},{line,110}]},
         {eo_core,'-main_/1-lc$^0/1-0-',8,
                  [{file,"src/eo_core.erl"},{line,85}]},
         {eo_core,main_,1,[{file,"src/eo_core.erl"},{line,85}]},
         {eo_core,main,1,[{file,"src/eo_core.erl"},{line,56}]}]
{error,undef}
 :: Processing https://github.com/opscode/opscode-pushy-server	{rev,branch,"1.3-stable","fd976b6cb267a20c3e3f796349566570fd76fa85",undefined,[],[]}
 :: Fetching repo code
$ cd '/home/pete/wefwefwef/docs/other/67c328b04fe840cad681d6b434084c4bb38961fc/opscode-pushy-server-branch-1.3-stable'
$ infinity  `curl --fail --silent --show-error --location --output repo.tar.gz https://codeload.github.com/opscode/opscode-pushy-server/tar.gz/1.3-stable`
$ cd '/home/pete/wefwefwef/docs/other/67c328b04fe840cad681d6b434084c4bb38961fc/opscode-pushy-server-branch-1.3-stable/opscode-pushy-server-1.3-stable'
$ 5000  `find -P . -type l -delete`
$ cd '.'
$ 5000  `mv /home/pete/wefwefwef/docs/other/67c328b04fe840cad681d6b434084c4bb38961fc/opscode-pushy-server-branch-1.3-stable/opscode-pushy-server-1.3-stable /home/pete/wefwefwef/docs/other/67c328b04fe840cad681d6b434084c4bb38961fc/opscode-pushy-server-branch-1.3-stable/opscode-pushy-server`
 :: Getting dependencies
 :: Error running eo_core:
	[{eo_core,sh,
                  ["/home/pete/wefwefwef/docs/other/67c328b04fe840cad681d6b434084c4bb38961fc/opscode-pushy-server-branch-1.3-stable/opscode-pushy-server",
                   ["rebar","--config",
                    "/home/pete/wefwefwef/docs/other/67c328b04fe840cad681d6b434084c4bb38961fc/opscode-pushy-server-branch-1.3-stable/rebar_deps",
                    "get-deps"],
                   infinity],
                  []},
         {eo_util,get_deps,2,[{file,"src/eo_util.erl"},{line,123}]},
         {eo_util,rebar_get_deps,1,[{file,"src/eo_util.erl"},{line,88}]},
         {eo_core,get_deps,1,[{file,"src/eo_core.erl"},{line,339}]},
         {eo_core,do,7,[{file,"src/eo_core.erl"},{line,110}]},
         {eo_core,'-main_/1-lc$^0/1-0-',8,
                  [{file,"src/eo_core.erl"},{line,85}]},
         {eo_core,'-main_/1-lc$^0/1-0-',8,
                  [{file,"src/eo_core.erl"},{line,91}]},
         {eo_core,main_,1,[{file,"src/eo_core.erl"},{line,85}]}]
{error,undef}
 :: Processing https://github.com/opscode/opscode-pushy-server	{rev,tag,"1.3.4","fd976b6cb267a20c3e3f796349566570fd76fa85",undefined,[],[]}
 :: Fetching repo code
$ cd '/home/pete/wefwefwef/docs/other/67c328b04fe840cad681d6b434084c4bb38961fc/opscode-pushy-server-tag-1.3.4'
$ infinity  `curl --fail --silent --show-error --location --output repo.tar.gz https://codeload.github.com/opscode/opscode-pushy-server/tar.gz/1.3.4`
 :: Error running eo_core:
	[{eo_scm,fetch,2,[{file,"src/eo_scm.erl"},{line,81}]},
         {eo_core,do,7,[{file,"src/eo_core.erl"},{line,107}]},
         {eo_core,'-main_/1-lc$^0/1-0-',8,
             [{file,"src/eo_core.erl"},{line,85}]},
         {eo_core,'-main_/1-lc$^0/1-0-',8,
             [{file,"src/eo_core.erl"},{line,91}]},
         {eo_core,main_,1,[{file,"src/eo_core.erl"},{line,85}]},
         {eo_core,main,1,[{file,"src/eo_core.erl"},{line,56}]},
         {eo_core,gen,1,[{file,"src/eo_core.erl"},{line,36}]},
         {gen_escript__escript__1446__722273__168068,seq_gen,4,
             [{file,"./gen.escript"},{line,53}]}]
{error,{case_clause,["/home/pete/wefwefwef/docs/other/67c328b04fe840cad681d6b434084c4bb38961fc/opscode-pushy-server-tag-1.3.4/opscode-pushy-server",
                     "/home/pete/wefwefwef/docs/other/67c328b04fe840cad681d6b434084c4bb38961fc/opscode-pushy-server-tag-1.3.4/opscode-pushy-server-1.3.4"]}}
 :: Finishing up
$ cd '.'
$ 5000  `rm -r /home/pete/wefwefwef/docs/other/67c328b04fe840cad681d6b434084c4bb38961fc/opscode-pushy-server`
