 :: Extracting meta information
$ 5000  `git ls-remote --heads --tags 'https://github.com/eshubin/interval'  2>&1`
>>> [repo] 1 branches, 0 tags
 :: Writing meta to "/home/pete/wefwefwef/docs/other/8426648048/meta.txt"
 :: Processing https://github.com/eshubin/interval	{rev,branch,"master","3828aebfe3d63721b78d5a391daab6a50a336c74"}
 :: Fetching repo code
$ cd "/home/pete/wefwefwef/docs/other/8426648048/interval-branch-master/interval"
$ infinity  `curl --fail --silent --show-error --location --output 'master.zip' 'https://github.com/eshubin/interval/archive/master.zip'  2>&1`
$ cd "/home/pete/wefwefwef/docs/erldocs_other.git"
$ cd "/home/pete/wefwefwef/docs/other/8426648048/interval-branch-master/interval"
$ 5000  `find -P . -type l -delete  2>&1`
$ cd "/home/pete/wefwefwef/docs/erldocs_other.git"
$ cd "/home/pete/wefwefwef/docs/other/8426648048/interval-branch-master/interval"
$ 5000  `find 'interval-master' -mindepth 1 -maxdepth 1 -exec mv -t . -- {} +  2>&1`
$ cd "/home/pete/wefwefwef/docs/erldocs_other.git"
 :: Getting dependencies
$ cd "/home/pete/wefwefwef/docs/other/8426648048/interval-branch-master/interval"
$ 5000  `ls -1 deps/  2>&1`
$ cd "/home/pete/wefwefwef/docs/erldocs_other.git"
>>> [rebar] deps = []
 :: Generating erldocs into /home/pete/wefwefwef/docs/other/8426648048/repo/master
Building interval
Generating Type Specs - "/home/pete/wefwefwef/docs/other/8426648048/interval-branch-master/interval/src/gb_trees_ext.erl"
Generating Type Specs - "/home/pete/wefwefwef/docs/other/8426648048/interval-branch-master/interval/src/interval.erl"
Generating Type Specs - "/home/pete/wefwefwef/docs/other/8426648048/interval-branch-master/interval/src/interval_app.erl"
Generating Type Specs - "/home/pete/wefwefwef/docs/other/8426648048/interval-branch-master/interval/src/interval_container.erl"
Generating Type Specs - "/home/pete/wefwefwef/docs/other/8426648048/interval-branch-master/interval/src/interval_reader.erl"
Generating Type Specs - "/home/pete/wefwefwef/docs/other/8426648048/interval-branch-master/interval/src/interval_srv.erl"
Generating Type Specs - "/home/pete/wefwefwef/docs/other/8426648048/interval-branch-master/interval/src/interval_sup.erl"
Generating XML for application interval "/home/pete/wefwefwef/docs/other/8426648048/interval-branch-master/interval" -> "/home/pete/wefwefwef/docs/other/8426648048/repo/master/.xml/interval"
Generated interval XMLs: ["/home/pete/wefwefwef/docs/other/8426648048/repo/master/.xml/interval/gb_trees_ext.xml",
                          "/home/pete/wefwefwef/docs/other/8426648048/repo/master/.xml/interval/interval_app.xml",
                          "/home/pete/wefwefwef/docs/other/8426648048/repo/master/.xml/interval/interval_sup.xml",
                          "/home/pete/wefwefwef/docs/other/8426648048/repo/master/.xml/interval/interval_reader.xml",
                          "/home/pete/wefwefwef/docs/other/8426648048/repo/master/.xml/interval/interval_srv.xml",
                          "/home/pete/wefwefwef/docs/other/8426648048/repo/master/.xml/interval/interval_container.xml",
                          "/home/pete/wefwefwef/docs/other/8426648048/repo/master/.xml/interval/interval.xml"]
Generating HTML - gb_trees_ext "/home/pete/wefwefwef/docs/other/8426648048/repo/master/.xml/interval/gb_trees_ext.xml"
Generating HTML - interval_app "/home/pete/wefwefwef/docs/other/8426648048/repo/master/.xml/interval/interval_app.xml"
Generating HTML - interval_sup "/home/pete/wefwefwef/docs/other/8426648048/repo/master/.xml/interval/interval_sup.xml"
Generating HTML - interval "/home/pete/wefwefwef/docs/other/8426648048/repo/master/.xml/interval/interval.xml"
Reading XML for "/home/pete/wefwefwef/docs/other/8426648048/repo/master/.xml/interval/gb_trees_ext.xml"
Reading XML for "/home/pete/wefwefwef/docs/other/8426648048/repo/master/.xml/interval/interval_app.xml"
Reading XML for "/home/pete/wefwefwef/docs/other/8426648048/repo/master/.xml/interval/interval_sup.xml"
Reading XML for "/home/pete/wefwefwef/docs/other/8426648048/repo/master/.xml/interval/interval.xml"
Reading XML for "/home/pete/wefwefwef/docs/other/8426648048/repo/master/.xml/specs_interval_app.xml"
Reading XML for "/home/pete/wefwefwef/docs/other/8426648048/repo/master/.xml/specs_interval_sup.xml"
Reading XML for "/home/pete/wefwefwef/docs/other/8426648048/repo/master/.xml/specs_interval.xml"
Reading XML for "/home/pete/wefwefwef/docs/other/8426648048/repo/master/.xml/specs_gb_trees_ext.xml"
Generating HTML - interval_container "/home/pete/wefwefwef/docs/other/8426648048/repo/master/.xml/interval/interval_container.xml"
Reading XML for "/home/pete/wefwefwef/docs/other/8426648048/repo/master/.xml/interval/interval_container.xml"
Reading XML for "/home/pete/wefwefwef/docs/other/8426648048/repo/master/.xml/specs_interval_container.xml"
Generating HTML - interval_srv "/home/pete/wefwefwef/docs/other/8426648048/repo/master/.xml/interval/interval_srv.xml"
Reading XML for "/home/pete/wefwefwef/docs/other/8426648048/repo/master/.xml/interval/interval_srv.xml"
Reading XML for "/home/pete/wefwefwef/docs/other/8426648048/repo/master/.xml/specs_interval_srv.xml"
Generating HTML - interval_reader "/home/pete/wefwefwef/docs/other/8426648048/repo/master/.xml/interval/interval_reader.xml"
Reading XML for "/home/pete/wefwefwef/docs/other/8426648048/repo/master/.xml/interval/interval_reader.xml"
Reading XML for "/home/pete/wefwefwef/docs/other/8426648048/repo/master/.xml/specs_interval_reader.xml"
Creating index.html ...
Creating erldocs_index.js ...
Woot, finished in 0 Minutes 0 Seconds
 :: Discovering other repos
$ 5000  `rm -r '/home/pete/wefwefwef/docs/other/8426648048/interval-branch-master'  2>&1`
 :: Erldocs finishing up
$ 5000  `rm -r '/home/pete/wefwefwef/docs/other/8426648048/interval'  2>&1`
