 :: Extracting meta information
$ cd '.'
$ infinity  `git ls-remote --heads --tags https://github.com/disco-framework/disco`
>>> [repo] 2 branches, 0 tags
 :: Writing meta to "/home/pete/wefwefwef/docs/other/837e4b79988f4e015d2bcd8b0edf0296ce938dd1/meta.txt"
 :: Skipping branch "master"
 :: Processing https://github.com/disco-framework/disco	{rev,branch,"add-integration-tests","4ad8361aaee8107e26f4c50761f411df19aa51ee",undefined,[],[]}
 :: Fetching repo code
$ cd '/home/pete/wefwefwef/docs/other/837e4b79988f4e015d2bcd8b0edf0296ce938dd1/disco-branch-add-integration-tests'
$ infinity  `curl --fail --silent --show-error --location --output repo.tar.gz https://codeload.github.com/disco-framework/disco/tar.gz/add-integration-tests`
$ cd '/home/pete/wefwefwef/docs/other/837e4b79988f4e015d2bcd8b0edf0296ce938dd1/disco-branch-add-integration-tests/disco-add-integration-tests'
$ 5000  `find -P . -type l -delete`
$ cd '.'
$ 5000  `mv /home/pete/wefwefwef/docs/other/837e4b79988f4e015d2bcd8b0edf0296ce938dd1/disco-branch-add-integration-tests/disco-add-integration-tests /home/pete/wefwefwef/docs/other/837e4b79988f4e015d2bcd8b0edf0296ce938dd1/disco-branch-add-integration-tests/disco`
 :: Getting dependencies
 :: Error running eo_core:
	[{eo_core,sh,
                  ["/home/pete/wefwefwef/docs/other/837e4b79988f4e015d2bcd8b0edf0296ce938dd1/disco-branch-add-integration-tests/disco",
                   ["rebar","--config",
                    "/home/pete/wefwefwef/docs/other/837e4b79988f4e015d2bcd8b0edf0296ce938dd1/disco-branch-add-integration-tests/rebar_deps",
                    "get-deps"],
                   infinity],
                  []},
         {eo_util,get_deps,2,[{file,"src/eo_util.erl"},{line,123}]},
         {eo_util,rebar_get_deps,1,[{file,"src/eo_util.erl"},{line,88}]},
         {eo_core,get_deps,1,[{file,"src/eo_core.erl"},{line,339}]},
         {eo_core,do,7,[{file,"src/eo_core.erl"},{line,110}]},
         {eo_core,'-main_/1-lc$^0/1-0-',8,
                  [{file,"src/eo_core.erl"},{line,85}]},
         {eo_core,main_,1,[{file,"src/eo_core.erl"},{line,85}]},
         {eo_core,main,1,[{file,"src/eo_core.erl"},{line,56}]}]
{error,undef}
 :: Finishing up
$ cd '.'
$ 5000  `rm -r /home/pete/wefwefwef/docs/other/837e4b79988f4e015d2bcd8b0edf0296ce938dd1/disco`
