 :: Extracting meta information
$ 5000  `git ls-remote --heads --tags 'https://github.com/jrwest/easy_test'  2>&1`
>>> [repo] 2 branches, 0 tags
 :: Writing meta to "/home/pete/wefwefwef/docs/other/1055862067/meta.txt"
 :: Processing https://github.com/jrwest/easy_test	{rev,branch,"groups","6848e485af81942428a40e67ac11e5f35af62092"}
 :: Fetching repo code
$ cd "/home/pete/wefwefwef/docs/other/1055862067/easy_test-branch-groups/easy_test"
$ infinity  `curl --fail --silent --show-error --location --output 'groups.zip' 'https://github.com/jrwest/easy_test/archive/groups.zip'  2>&1`
$ cd "/home/pete/wefwefwef/docs/erldocs_other.git"
$ cd "/home/pete/wefwefwef/docs/other/1055862067/easy_test-branch-groups/easy_test"
$ 5000  `find -P . -type l -delete  2>&1`
$ cd "/home/pete/wefwefwef/docs/erldocs_other.git"
$ cd "/home/pete/wefwefwef/docs/other/1055862067/easy_test-branch-groups/easy_test"
$ 5000  `find 'easy_test-groups' -mindepth 1 -maxdepth 1 -exec mv -t . -- {} +  2>&1`
$ cd "/home/pete/wefwefwef/docs/erldocs_other.git"
 :: Getting dependencies
$ cd "/home/pete/wefwefwef/docs/other/1055862067/easy_test-branch-groups/easy_test"
$ 5000  `ls -1 deps/  2>&1`
$ cd "/home/pete/wefwefwef/docs/erldocs_other.git"
>>> [rebar] deps = []
 :: Generating erldocs into /home/pete/wefwefwef/docs/other/1055862067/repo/groups
Building easy_test
Generating Type Specs - "/home/pete/wefwefwef/docs/other/1055862067/easy_test-branch-groups/easy_test/src/easy_test.erl"
Generating XML for application easy_test "/home/pete/wefwefwef/docs/other/1055862067/easy_test-branch-groups/easy_test" -> "/home/pete/wefwefwef/docs/other/1055862067/repo/groups/.xml/easy_test"
Generated easy_test XMLs: ["/home/pete/wefwefwef/docs/other/1055862067/repo/groups/.xml/easy_test/easy_test.xml"]
Generating HTML - easy_test "/home/pete/wefwefwef/docs/other/1055862067/repo/groups/.xml/easy_test/easy_test.xml"
Reading XML for "/home/pete/wefwefwef/docs/other/1055862067/repo/groups/.xml/easy_test/easy_test.xml"
Reading XML for "/home/pete/wefwefwef/docs/other/1055862067/repo/groups/.xml/specs_easy_test.xml"
Creating index.html ...
Creating erldocs_index.js ...
Woot, finished in 0 Minutes 0 Seconds
 :: Discovering other repos
$ 5000  `rm -r '/home/pete/wefwefwef/docs/other/1055862067/easy_test-branch-groups'  2>&1`
 :: Processing https://github.com/jrwest/easy_test	{rev,branch,"master","a04ffef6908c650e761894982fc996e5b00a0b6a"}
 :: Fetching repo code
$ cd "/home/pete/wefwefwef/docs/other/1055862067/easy_test-branch-master/easy_test"
$ infinity  `curl --fail --silent --show-error --location --output 'master.zip' 'https://github.com/jrwest/easy_test/archive/master.zip'  2>&1`
$ cd "/home/pete/wefwefwef/docs/erldocs_other.git"
$ cd "/home/pete/wefwefwef/docs/other/1055862067/easy_test-branch-master/easy_test"
$ 5000  `find -P . -type l -delete  2>&1`
$ cd "/home/pete/wefwefwef/docs/erldocs_other.git"
$ cd "/home/pete/wefwefwef/docs/other/1055862067/easy_test-branch-master/easy_test"
$ 5000  `find 'easy_test-master' -mindepth 1 -maxdepth 1 -exec mv -t . -- {} +  2>&1`
$ cd "/home/pete/wefwefwef/docs/erldocs_other.git"
 :: Getting dependencies
$ cd "/home/pete/wefwefwef/docs/other/1055862067/easy_test-branch-master/easy_test"
$ 5000  `ls -1 deps/  2>&1`
$ cd "/home/pete/wefwefwef/docs/erldocs_other.git"
>>> [rebar] deps = []
 :: Generating erldocs into /home/pete/wefwefwef/docs/other/1055862067/repo/master
Building easy_test
Generating Type Specs - "/home/pete/wefwefwef/docs/other/1055862067/easy_test-branch-master/easy_test/src/easy_test.erl"
Generating XML for application easy_test "/home/pete/wefwefwef/docs/other/1055862067/easy_test-branch-master/easy_test" -> "/home/pete/wefwefwef/docs/other/1055862067/repo/master/.xml/easy_test"
Generated easy_test XMLs: ["/home/pete/wefwefwef/docs/other/1055862067/repo/master/.xml/easy_test/easy_test.xml"]
Generating HTML - easy_test "/home/pete/wefwefwef/docs/other/1055862067/repo/master/.xml/easy_test/easy_test.xml"
Reading XML for "/home/pete/wefwefwef/docs/other/1055862067/repo/master/.xml/easy_test/easy_test.xml"
Reading XML for "/home/pete/wefwefwef/docs/other/1055862067/repo/master/.xml/specs_easy_test.xml"
Creating index.html ...
Creating erldocs_index.js ...
Woot, finished in 0 Minutes 0 Seconds
 :: Discovering other repos
$ 5000  `rm -r '/home/pete/wefwefwef/docs/other/1055862067/easy_test-branch-master'  2>&1`
 :: Erldocs finishing up
$ 5000  `rm -r '/home/pete/wefwefwef/docs/other/1055862067/easy_test'  2>&1`
