 :: Extracting meta information
$ cd '.'
$ infinity  `git ls-remote --heads --tags https://github.com/emqtt/emqttd_plugin_mysql`
>>> [repo] 3 branches, 1 tags
 :: Writing meta to "/home/pete/wefwefwef/docs/other/0f723868e1cb401528f081ed540e41182d8cb082/meta.txt"
 :: Skipping tag "0.10.0-beta"
 :: Skipping branch "dev"
 :: Skipping branch "pbkdf2"
 :: Processing https://github.com/emqtt/emqttd_plugin_mysql	{rev,branch,"master","e827b83abacff66dc8c229f1cf79c667d65d646d",undefined,[],[]}
 :: Fetching repo code
$ cd '/home/pete/wefwefwef/docs/other/0f723868e1cb401528f081ed540e41182d8cb082/emqttd_plugin_mysql-branch-master'
$ infinity  `curl --fail --silent --show-error --location --output repo.tar.gz https://codeload.github.com/emqtt/emqttd_plugin_mysql/tar.gz/master`
 :: Error running eo_core:
	[{eo_scm,fetch,2,[{file,"src/eo_scm.erl"},{line,81}]},
         {eo_core,do,7,[{file,"src/eo_core.erl"},{line,107}]},
         {eo_core,'-main_/1-lc$^0/1-0-',8,
             [{file,"src/eo_core.erl"},{line,85}]},
         {eo_core,main_,1,[{file,"src/eo_core.erl"},{line,85}]},
         {eo_core,main,1,[{file,"src/eo_core.erl"},{line,56}]},
         {eo_core,gen,1,[{file,"src/eo_core.erl"},{line,36}]},
         {gen_escript__escript__1446__722273__168068,seq_gen,4,
             [{file,"./gen.escript"},{line,53}]},
         {escript,run,2,[{file,"escript.erl"},{line,752}]}]
{error,{case_clause,["/home/pete/wefwefwef/docs/other/0f723868e1cb401528f081ed540e41182d8cb082/emqttd_plugin_mysql-branch-master/emqttd_plugin_mysql",
                     "/home/pete/wefwefwef/docs/other/0f723868e1cb401528f081ed540e41182d8cb082/emqttd_plugin_mysql-branch-master/emqttd_plugin_mysql-master"]}}
 :: Finishing up
$ cd '.'
$ 5000  `rm -r /home/pete/wefwefwef/docs/other/0f723868e1cb401528f081ed540e41182d8cb082/emqttd_plugin_mysql`
