 :: Extracting meta information
$ 5000  `git ls-remote --heads --tags 'https://github.com/krestenkrab/erlang-lz4'  2>&1`
>>> [repo] 1 branches, 0 tags
 :: Writing meta to "/home/pete/wefwefwef/docs/other/2520080870/meta.txt"
 :: Processing https://github.com/krestenkrab/erlang-lz4	{rev,branch,"master","5fd90ca1e2345bdc359ee43d958da87fafb4fd78"}
 :: Fetching repo code
$ cd "/home/pete/wefwefwef/docs/other/2520080870/erlang-lz4-branch-master/erlang-lz4"
$ infinity  `curl --fail --silent --show-error --location --output 'master.zip' 'https://github.com/krestenkrab/erlang-lz4/archive/master.zip'  2>&1`
$ cd "/home/pete/wefwefwef/docs/erldocs_other.git"
$ cd "/home/pete/wefwefwef/docs/other/2520080870/erlang-lz4-branch-master/erlang-lz4"
$ 5000  `find -P . -type l -delete  2>&1`
$ cd "/home/pete/wefwefwef/docs/erldocs_other.git"
$ cd "/home/pete/wefwefwef/docs/other/2520080870/erlang-lz4-branch-master/erlang-lz4"
$ 5000  `find 'erlang-lz4-master' -mindepth 1 -maxdepth 1 -exec mv -t . -- {} +  2>&1`
$ cd "/home/pete/wefwefwef/docs/erldocs_other.git"
 :: Getting dependencies
$ cd "/home/pete/wefwefwef/docs/other/2520080870/erlang-lz4-branch-master/erlang-lz4"
$ 5000  `ls -1 deps/  2>&1`
$ cd "/home/pete/wefwefwef/docs/erldocs_other.git"
>>> [rebar] deps = []
 :: Generating erldocs into /home/pete/wefwefwef/docs/other/2520080870/repo/master
Building erlang-lz4
Generating Type Specs - "/home/pete/wefwefwef/docs/other/2520080870/erlang-lz4-branch-master/erlang-lz4/src/lz4.erl"
Generating XML for application erlang-lz4 "/home/pete/wefwefwef/docs/other/2520080870/erlang-lz4-branch-master/erlang-lz4" -> "/home/pete/wefwefwef/docs/other/2520080870/repo/master/.xml/erlang-lz4"
Generated erlang-lz4 XMLs: ["/home/pete/wefwefwef/docs/other/2520080870/repo/master/.xml/erlang-lz4/lz4.xml"]
Generating HTML - lz4 "/home/pete/wefwefwef/docs/other/2520080870/repo/master/.xml/erlang-lz4/lz4.xml"
Reading XML for "/home/pete/wefwefwef/docs/other/2520080870/repo/master/.xml/erlang-lz4/lz4.xml"
Reading XML for "/home/pete/wefwefwef/docs/other/2520080870/repo/master/.xml/specs_lz4.xml"
Creating index.html ...
Creating erldocs_index.js ...
Woot, finished in 0 Minutes 0 Seconds
 :: Discovering other repos
$ 5000  `rm -r '/home/pete/wefwefwef/docs/other/2520080870/erlang-lz4-branch-master'  2>&1`
 :: Erldocs finishing up
$ 5000  `rm -r '/home/pete/wefwefwef/docs/other/2520080870/erlang-lz4'  2>&1`
