 :: Extracting meta information
$ 5000  `git ls-remote --heads --tags 'https://github.com/milo-hyben/etalib'  2>&1`
>>> [repo] 1 branches, 0 tags
 :: Writing meta to "/home/pete/wefwefwef/docs/other/953072906/meta.txt"
 :: Processing https://github.com/milo-hyben/etalib	{rev,branch,"master","99e835ca160835b6ad402e8338df435ffbf9c8a2",undefined,[],[]}
 :: Fetching repo code
$ cd "/home/pete/wefwefwef/docs/other/953072906/etalib-branch-master/etalib"
$ infinity  `curl --fail --silent --show-error --location --output 'master.zip' 'https://github.com/milo-hyben/etalib/archive/master.zip'  2>&1`
$ cd "/home/pete/wefwefwef/docs/erldocs_other.git"
$ cd "/home/pete/wefwefwef/docs/other/953072906/etalib-branch-master/etalib"
$ 5000  `find -P . -type l -delete  2>&1`
$ cd "/home/pete/wefwefwef/docs/erldocs_other.git"
$ cd "/home/pete/wefwefwef/docs/other/953072906/etalib-branch-master/etalib"
$ 5000  `find 'etalib-master' -mindepth 1 -maxdepth 1 -exec mv -t . -- {} +  2>&1`
$ cd "/home/pete/wefwefwef/docs/erldocs_other.git"
 :: Getting dependencies
$ cd "/home/pete/wefwefwef/docs/other/953072906/etalib-branch-master/etalib"
$ 5000  `ls -1 deps/  2>&1`
$ cd "/home/pete/wefwefwef/docs/erldocs_other.git"
>>> [rebar] deps = []
 :: Generating erldocs into /home/pete/wefwefwef/docs/other/953072906/repo/master
Building etalib
Generating Type Specs - "/home/pete/wefwefwef/docs/other/953072906/etalib-branch-master/etalib/src/etalib.erl"
Generating XML for application etalib "/home/pete/wefwefwef/docs/other/953072906/etalib-branch-master/etalib" -> "/home/pete/wefwefwef/docs/other/953072906/repo/master/.xml/etalib"
Generated etalib XMLs: ["/home/pete/wefwefwef/docs/other/953072906/repo/master/.xml/etalib/etalib.xml"]
Generating HTML - etalib "/home/pete/wefwefwef/docs/other/953072906/repo/master/.xml/etalib/etalib.xml"
Reading XML for "/home/pete/wefwefwef/docs/other/953072906/repo/master/.xml/etalib/etalib.xml"
Reading XML for "/home/pete/wefwefwef/docs/other/953072906/repo/master/.xml/specs_etalib.xml"
Creating index.html ...
Creating erldocs_index.js ...
Woot, finished in 0 Minutes 0 Seconds
 :: Discovering other repos
$ 5000  `rm -r '/home/pete/wefwefwef/docs/other/953072906/etalib-branch-master'  2>&1`
 :: Finishing up
$ 5000  `rm -r '/home/pete/wefwefwef/docs/other/953072906/etalib'  2>&1`
