 :: Extracting meta information
$ 5000  `git ls-remote --heads --tags 'https://github.com/andytill/gen_io'  2>&1`
>>> [repo] 1 branches, 0 tags
 :: Writing meta to "/home/pete/wefwefwef/docs/other/814947823/meta.txt"
 :: Processing https://github.com/andytill/gen_io	{rev,branch,"master","c341e2ca4f6ce33a236524c6e757471d59cea82a"}
 :: Fetching repo code
$ cd "/home/pete/wefwefwef/docs/other/814947823/gen_io-branch-master/gen_io"
$ infinity  `curl --fail --silent --show-error --location --output 'master.zip' 'https://github.com/andytill/gen_io/archive/master.zip'  2>&1`
$ cd "/home/pete/wefwefwef/docs/erldocs_other.git"
$ cd "/home/pete/wefwefwef/docs/other/814947823/gen_io-branch-master/gen_io"
$ 5000  `find -P . -type l -delete  2>&1`
$ cd "/home/pete/wefwefwef/docs/erldocs_other.git"
$ cd "/home/pete/wefwefwef/docs/other/814947823/gen_io-branch-master/gen_io"
$ 5000  `find 'gen_io-master' -mindepth 1 -maxdepth 1 -exec mv -t . -- {} +  2>&1`
$ cd "/home/pete/wefwefwef/docs/erldocs_other.git"
 :: Getting dependencies
$ cd "/home/pete/wefwefwef/docs/other/814947823/gen_io-branch-master/gen_io"
$ 5000  `ls -1 deps/  2>&1`
$ cd "/home/pete/wefwefwef/docs/erldocs_other.git"
>>> [rebar] deps = []
 :: Generating erldocs into /home/pete/wefwefwef/docs/other/814947823/repo/master
Building gen_io
Generating Type Specs - "/home/pete/wefwefwef/docs/other/814947823/gen_io-branch-master/gen_io/src/gen_io.erl"
Generating Type Specs - "/home/pete/wefwefwef/docs/other/814947823/gen_io-branch-master/gen_io/src/gen_io_app.erl"
Generating Type Specs - "/home/pete/wefwefwef/docs/other/814947823/gen_io-branch-master/gen_io/src/gen_io_sup.erl"
Generating Type Specs - "/home/pete/wefwefwef/docs/other/814947823/gen_io-branch-master/gen_io/src/gen_io_tester.erl"
Generating XML for application gen_io "/home/pete/wefwefwef/docs/other/814947823/gen_io-branch-master/gen_io" -> "/home/pete/wefwefwef/docs/other/814947823/repo/master/.xml/gen_io"
Generated gen_io XMLs: ["/home/pete/wefwefwef/docs/other/814947823/repo/master/.xml/gen_io/gen_io_tester.xml",
                        "/home/pete/wefwefwef/docs/other/814947823/repo/master/.xml/gen_io/gen_io_sup.xml",
                        "/home/pete/wefwefwef/docs/other/814947823/repo/master/.xml/gen_io/gen_io.xml",
                        "/home/pete/wefwefwef/docs/other/814947823/repo/master/.xml/gen_io/gen_io_app.xml"]
Generating HTML - gen_io_tester "/home/pete/wefwefwef/docs/other/814947823/repo/master/.xml/gen_io/gen_io_tester.xml"
Generating HTML - gen_io_sup "/home/pete/wefwefwef/docs/other/814947823/repo/master/.xml/gen_io/gen_io_sup.xml"
Generating HTML - gen_io "/home/pete/wefwefwef/docs/other/814947823/repo/master/.xml/gen_io/gen_io.xml"
Generating HTML - gen_io_app "/home/pete/wefwefwef/docs/other/814947823/repo/master/.xml/gen_io/gen_io_app.xml"
Reading XML for "/home/pete/wefwefwef/docs/other/814947823/repo/master/.xml/gen_io/gen_io_tester.xml"
Reading XML for "/home/pete/wefwefwef/docs/other/814947823/repo/master/.xml/gen_io/gen_io_sup.xml"
Reading XML for "/home/pete/wefwefwef/docs/other/814947823/repo/master/.xml/gen_io/gen_io.xml"
Reading XML for "/home/pete/wefwefwef/docs/other/814947823/repo/master/.xml/gen_io/gen_io_app.xml"
Reading XML for "/home/pete/wefwefwef/docs/other/814947823/repo/master/.xml/specs_gen_io_app.xml"
Reading XML for "/home/pete/wefwefwef/docs/other/814947823/repo/master/.xml/specs_gen_io_tester.xml"
Reading XML for "/home/pete/wefwefwef/docs/other/814947823/repo/master/.xml/specs_gen_io_sup.xml"
Reading XML for "/home/pete/wefwefwef/docs/other/814947823/repo/master/.xml/specs_gen_io.xml"
Creating index.html ...
Creating erldocs_index.js ...
Woot, finished in 0 Minutes 0 Seconds
 :: Discovering other repos
$ 5000  `rm -r '/home/pete/wefwefwef/docs/other/814947823/gen_io-branch-master'  2>&1`
 :: Erldocs finishing up
$ 5000  `rm -r '/home/pete/wefwefwef/docs/other/814947823/gen_io'  2>&1`
