 :: Extracting meta information
$ 5000  `git ls-remote --heads --tags 'https://github.com/evanmiller/jerome'  2>&1`
>>> [repo] 1 branches, 0 tags
 :: Writing meta to "/home/pete/wefwefwef/docs/other/8938160146/meta.txt"
 :: Processing https://github.com/evanmiller/jerome	{rev,branch,"master","4fadd44fa6f8a29824e613474358c0aeae314321"}
 :: Fetching repo code
$ cd "/home/pete/wefwefwef/docs/other/8938160146/jerome-branch-master/jerome"
$ infinity  `curl --fail --silent --show-error --location --output 'master.zip' 'https://github.com/evanmiller/jerome/archive/master.zip'  2>&1`
$ cd "/home/pete/wefwefwef/docs/erldocs_other.git"
$ cd "/home/pete/wefwefwef/docs/other/8938160146/jerome-branch-master/jerome"
$ 5000  `find -P . -type l -delete  2>&1`
$ cd "/home/pete/wefwefwef/docs/erldocs_other.git"
$ cd "/home/pete/wefwefwef/docs/other/8938160146/jerome-branch-master/jerome"
$ 5000  `find 'jerome-master' -mindepth 1 -maxdepth 1 -exec mv -t . -- {} +  2>&1`
$ cd "/home/pete/wefwefwef/docs/erldocs_other.git"
 :: Getting dependencies
$ cd "/home/pete/wefwefwef/docs/other/8938160146/jerome-branch-master/jerome"
$ 5000  `ls -1 deps/  2>&1`
$ cd "/home/pete/wefwefwef/docs/erldocs_other.git"
>>> [rebar] deps = []
 :: Generating erldocs into /home/pete/wefwefwef/docs/other/8938160146/repo/master
Building jerome
Generating Type Specs - "/home/pete/wefwefwef/docs/other/8938160146/jerome-branch-master/jerome/src/jerome.erl"
Generating Type Specs - "/home/pete/wefwefwef/docs/other/8938160146/jerome-branch-master/jerome/src/jerome_bbcode_consumer.erl"
Generating Type Specs - "/home/pete/wefwefwef/docs/other/8938160146/jerome-branch-master/jerome/src/jerome_bbcode_generator.erl"
Generating Type Specs - "/home/pete/wefwefwef/docs/other/8938160146/jerome-branch-master/jerome/src/jerome_bbcode_scanner.erl"
Generating Type Specs - "/home/pete/wefwefwef/docs/other/8938160146/jerome-branch-master/jerome/src/jerome_html_consumer.erl"
Generating Type Specs - "/home/pete/wefwefwef/docs/other/8938160146/jerome-branch-master/jerome/src/jerome_html_generator.erl"
Generating Type Specs - "/home/pete/wefwefwef/docs/other/8938160146/jerome-branch-master/jerome/src/jerome_html_scanner.erl"
Generating Type Specs - "/home/pete/wefwefwef/docs/other/8938160146/jerome-branch-master/jerome/src/jerome_rtf_consumer.erl"
Generating Type Specs - "/home/pete/wefwefwef/docs/other/8938160146/jerome-branch-master/jerome/src/jerome_rtf_generator.erl"
Generating Type Specs - "/home/pete/wefwefwef/docs/other/8938160146/jerome-branch-master/jerome/src/jerome_rtf_scanner.erl"
Generating Type Specs - "/home/pete/wefwefwef/docs/other/8938160146/jerome-branch-master/jerome/src/jerome_textile_consumer.erl"
Generating Type Specs - "/home/pete/wefwefwef/docs/other/8938160146/jerome-branch-master/jerome/src/jerome_textile_generator.erl"
Generating Type Specs - "/home/pete/wefwefwef/docs/other/8938160146/jerome-branch-master/jerome/src/jerome_textile_scanner.erl"
Generating XML for application jerome "/home/pete/wefwefwef/docs/other/8938160146/jerome-branch-master/jerome" -> "/home/pete/wefwefwef/docs/other/8938160146/repo/master/.xml/jerome"
Generated jerome XMLs: ["/home/pete/wefwefwef/docs/other/8938160146/repo/master/.xml/jerome/jerome_textile_scanner.xml",
                        "/home/pete/wefwefwef/docs/other/8938160146/repo/master/.xml/jerome/jerome_bbcode_consumer.xml",
                        "/home/pete/wefwefwef/docs/other/8938160146/repo/master/.xml/jerome/jerome_html_consumer.xml",
                        "/home/pete/wefwefwef/docs/other/8938160146/repo/master/.xml/jerome/jerome_bbcode_generator.xml",
                        "/home/pete/wefwefwef/docs/other/8938160146/repo/master/.xml/jerome/jerome_textile_consumer.xml",
                        "/home/pete/wefwefwef/docs/other/8938160146/repo/master/.xml/jerome/jerome_html_scanner.xml",
                        "/home/pete/wefwefwef/docs/other/8938160146/repo/master/.xml/jerome/jerome_rtf_generator.xml",
                        "/home/pete/wefwefwef/docs/other/8938160146/repo/master/.xml/jerome/jerome_textile_generator.xml",
                        "/home/pete/wefwefwef/docs/other/8938160146/repo/master/.xml/jerome/jerome_rtf_consumer.xml",
                        "/home/pete/wefwefwef/docs/other/8938160146/repo/master/.xml/jerome/jerome_rtf_scanner.xml",
                        "/home/pete/wefwefwef/docs/other/8938160146/repo/master/.xml/jerome/jerome_bbcode_scanner.xml",
                        "/home/pete/wefwefwef/docs/other/8938160146/repo/master/.xml/jerome/jerome.xml",
                        "/home/pete/wefwefwef/docs/other/8938160146/repo/master/.xml/jerome/jerome_html_generator.xml"]
Generating HTML - jerome_html_consumer "/home/pete/wefwefwef/docs/other/8938160146/repo/master/.xml/jerome/jerome_html_consumer.xml"
Generating HTML - jerome_html_scanner "/home/pete/wefwefwef/docs/other/8938160146/repo/master/.xml/jerome/jerome_html_scanner.xml"
Generating HTML - jerome_rtf_consumer "/home/pete/wefwefwef/docs/other/8938160146/repo/master/.xml/jerome/jerome_rtf_consumer.xml"
Generating HTML - jerome_html_generator "/home/pete/wefwefwef/docs/other/8938160146/repo/master/.xml/jerome/jerome_html_generator.xml"
Reading XML for "/home/pete/wefwefwef/docs/other/8938160146/repo/master/.xml/jerome/jerome_html_consumer.xml"
Reading XML for "/home/pete/wefwefwef/docs/other/8938160146/repo/master/.xml/jerome/jerome_html_scanner.xml"
Reading XML for "/home/pete/wefwefwef/docs/other/8938160146/repo/master/.xml/jerome/jerome_rtf_consumer.xml"
Reading XML for "/home/pete/wefwefwef/docs/other/8938160146/repo/master/.xml/jerome/jerome_html_generator.xml"
Reading XML for "/home/pete/wefwefwef/docs/other/8938160146/repo/master/.xml/specs_jerome_html_consumer.xml"
Reading XML for "/home/pete/wefwefwef/docs/other/8938160146/repo/master/.xml/specs_jerome_html_scanner.xml"
Reading XML for "/home/pete/wefwefwef/docs/other/8938160146/repo/master/.xml/specs_jerome_html_generator.xml"
Reading XML for "/home/pete/wefwefwef/docs/other/8938160146/repo/master/.xml/specs_jerome_rtf_consumer.xml"
Generating HTML - jerome_bbcode_consumer "/home/pete/wefwefwef/docs/other/8938160146/repo/master/.xml/jerome/jerome_bbcode_consumer.xml"
Reading XML for "/home/pete/wefwefwef/docs/other/8938160146/repo/master/.xml/jerome/jerome_bbcode_consumer.xml"
Generating HTML - jerome "/home/pete/wefwefwef/docs/other/8938160146/repo/master/.xml/jerome/jerome.xml"
Generating HTML - jerome_textile_consumer "/home/pete/wefwefwef/docs/other/8938160146/repo/master/.xml/jerome/jerome_textile_consumer.xml"
Reading XML for "/home/pete/wefwefwef/docs/other/8938160146/repo/master/.xml/jerome/jerome.xml"
Generating HTML - jerome_textile_generator "/home/pete/wefwefwef/docs/other/8938160146/repo/master/.xml/jerome/jerome_textile_generator.xml"
Reading XML for "/home/pete/wefwefwef/docs/other/8938160146/repo/master/.xml/jerome/jerome_textile_consumer.xml"
Reading XML for "/home/pete/wefwefwef/docs/other/8938160146/repo/master/.xml/jerome/jerome_textile_generator.xml"
Reading XML for "/home/pete/wefwefwef/docs/other/8938160146/repo/master/.xml/specs_jerome_bbcode_consumer.xml"
Reading XML for "/home/pete/wefwefwef/docs/other/8938160146/repo/master/.xml/specs_jerome.xml"
Generating HTML - jerome_textile_scanner "/home/pete/wefwefwef/docs/other/8938160146/repo/master/.xml/jerome/jerome_textile_scanner.xml"
Reading XML for "/home/pete/wefwefwef/docs/other/8938160146/repo/master/.xml/jerome/jerome_textile_scanner.xml"
Generating HTML - jerome_bbcode_scanner "/home/pete/wefwefwef/docs/other/8938160146/repo/master/.xml/jerome/jerome_bbcode_scanner.xml"
Reading XML for "/home/pete/wefwefwef/docs/other/8938160146/repo/master/.xml/jerome/jerome_bbcode_scanner.xml"
Reading XML for "/home/pete/wefwefwef/docs/other/8938160146/repo/master/.xml/specs_jerome_textile_consumer.xml"
Generating HTML - jerome_bbcode_generator "/home/pete/wefwefwef/docs/other/8938160146/repo/master/.xml/jerome/jerome_bbcode_generator.xml"
Reading XML for "/home/pete/wefwefwef/docs/other/8938160146/repo/master/.xml/specs_jerome_textile_generator.xml"
Reading XML for "/home/pete/wefwefwef/docs/other/8938160146/repo/master/.xml/jerome/jerome_bbcode_generator.xml"
Generating HTML - jerome_rtf_generator "/home/pete/wefwefwef/docs/other/8938160146/repo/master/.xml/jerome/jerome_rtf_generator.xml"
Reading XML for "/home/pete/wefwefwef/docs/other/8938160146/repo/master/.xml/jerome/jerome_rtf_generator.xml"
Reading XML for "/home/pete/wefwefwef/docs/other/8938160146/repo/master/.xml/specs_jerome_textile_scanner.xml"
Reading XML for "/home/pete/wefwefwef/docs/other/8938160146/repo/master/.xml/specs_jerome_bbcode_scanner.xml"
Generating HTML - jerome_rtf_scanner "/home/pete/wefwefwef/docs/other/8938160146/repo/master/.xml/jerome/jerome_rtf_scanner.xml"
Reading XML for "/home/pete/wefwefwef/docs/other/8938160146/repo/master/.xml/specs_jerome_bbcode_generator.xml"
Reading XML for "/home/pete/wefwefwef/docs/other/8938160146/repo/master/.xml/jerome/jerome_rtf_scanner.xml"
Reading XML for "/home/pete/wefwefwef/docs/other/8938160146/repo/master/.xml/specs_jerome_rtf_generator.xml"
Reading XML for "/home/pete/wefwefwef/docs/other/8938160146/repo/master/.xml/specs_jerome_rtf_scanner.xml"
Creating index.html ...
Creating erldocs_index.js ...
Woot, finished in 0 Minutes 1 Seconds
 :: Discovering other repos
$ 5000  `rm -r '/home/pete/wefwefwef/docs/other/8938160146/jerome-branch-master'  2>&1`
 :: Erldocs finishing up
$ 5000  `rm -r '/home/pete/wefwefwef/docs/other/8938160146/jerome'  2>&1`
