 :: Extracting meta information
$ 5000  `git ls-remote --heads --tags 'https://github.com/trifork/deltazip-erlang'  2>&1`
>>> [repo] 3 branches, 0 tags
 :: Writing meta to "/home/pete/wefwefwef/docs/other/7148919000/meta.txt"
 :: Processing https://github.com/trifork/deltazip-erlang	{rev,branch,"master","e6db37316f00b0f62392fcbbdf49f02c642e36ad"}
 :: Fetching repo code
$ cd "/home/pete/wefwefwef/docs/other/7148919000/deltazip-erlang-branch-master/deltazip-erlang"
$ infinity  `curl --fail --silent --show-error --location --output 'master.zip' 'https://github.com/trifork/deltazip-erlang/archive/master.zip'  2>&1`
$ cd "/home/pete/wefwefwef/docs/erldocs_other.git"
$ cd "/home/pete/wefwefwef/docs/other/7148919000/deltazip-erlang-branch-master/deltazip-erlang"
$ 5000  `find -P . -type l -delete  2>&1`
$ cd "/home/pete/wefwefwef/docs/erldocs_other.git"
$ cd "/home/pete/wefwefwef/docs/other/7148919000/deltazip-erlang-branch-master/deltazip-erlang"
$ 5000  `find 'deltazip-erlang-master' -mindepth 1 -maxdepth 1 -exec mv -t . -- {} +  2>&1`
$ cd "/home/pete/wefwefwef/docs/erldocs_other.git"
 :: Getting dependencies
$ cd "/home/pete/wefwefwef/docs/other/7148919000/deltazip-erlang-branch-master/deltazip-erlang"
$ 5000  `ls -1 deps/  2>&1`
$ cd "/home/pete/wefwefwef/docs/erldocs_other.git"
>>> [rebar] deps = []
 :: Generating erldocs into /home/pete/wefwefwef/docs/other/7148919000/repo/master
Building deltazip-erlang
Generating Type Specs - "/home/pete/wefwefwef/docs/other/7148919000/deltazip-erlang-branch-master/deltazip-erlang/src/deltazip.erl"
Generating Type Specs - "/home/pete/wefwefwef/docs/other/7148919000/deltazip-erlang-branch-master/deltazip-erlang/src/deltazip_cli.erl"
Generating Type Specs - "/home/pete/wefwefwef/docs/other/7148919000/deltazip-erlang-branch-master/deltazip-erlang/src/deltazip_util.erl"
Generating Type Specs - "/home/pete/wefwefwef/docs/other/7148919000/deltazip-erlang-branch-master/deltazip-erlang/src/dittoflate.erl"
Generating XML for application deltazip-erlang "/home/pete/wefwefwef/docs/other/7148919000/deltazip-erlang-branch-master/deltazip-erlang" -> "/home/pete/wefwefwef/docs/other/7148919000/repo/master/.xml/deltazip-erlang"
Generated deltazip-erlang XMLs: ["/home/pete/wefwefwef/docs/other/7148919000/repo/master/.xml/deltazip-erlang/deltazip_cli.xml",
                                 "/home/pete/wefwefwef/docs/other/7148919000/repo/master/.xml/deltazip-erlang/dittoflate.xml",
                                 "/home/pete/wefwefwef/docs/other/7148919000/repo/master/.xml/deltazip-erlang/deltazip.xml",
                                 "/home/pete/wefwefwef/docs/other/7148919000/repo/master/.xml/deltazip-erlang/deltazip_util.xml"]
Generating HTML - deltazip_cli "/home/pete/wefwefwef/docs/other/7148919000/repo/master/.xml/deltazip-erlang/deltazip_cli.xml"
Generating HTML - dittoflate "/home/pete/wefwefwef/docs/other/7148919000/repo/master/.xml/deltazip-erlang/dittoflate.xml"
Generating HTML - deltazip "/home/pete/wefwefwef/docs/other/7148919000/repo/master/.xml/deltazip-erlang/deltazip.xml"
Generating HTML - deltazip_util "/home/pete/wefwefwef/docs/other/7148919000/repo/master/.xml/deltazip-erlang/deltazip_util.xml"
Reading XML for "/home/pete/wefwefwef/docs/other/7148919000/repo/master/.xml/deltazip-erlang/deltazip_cli.xml"
Reading XML for "/home/pete/wefwefwef/docs/other/7148919000/repo/master/.xml/deltazip-erlang/dittoflate.xml"
Reading XML for "/home/pete/wefwefwef/docs/other/7148919000/repo/master/.xml/deltazip-erlang/deltazip.xml"
Reading XML for "/home/pete/wefwefwef/docs/other/7148919000/repo/master/.xml/deltazip-erlang/deltazip_util.xml"
Reading XML for "/home/pete/wefwefwef/docs/other/7148919000/repo/master/.xml/specs_dittoflate.xml"
Reading XML for "/home/pete/wefwefwef/docs/other/7148919000/repo/master/.xml/specs_deltazip_util.xml"
Reading XML for "/home/pete/wefwefwef/docs/other/7148919000/repo/master/.xml/specs_deltazip_cli.xml"
Reading XML for "/home/pete/wefwefwef/docs/other/7148919000/repo/master/.xml/specs_deltazip.xml"
Creating index.html ...
Creating erldocs_index.js ...
Woot, finished in 0 Minutes 0 Seconds
 :: Discovering other repos
$ 5000  `rm -r '/home/pete/wefwefwef/docs/other/7148919000/deltazip-erlang-branch-master'  2>&1`
 :: Processing https://github.com/trifork/deltazip-erlang	{rev,branch,"metadata","3c0aa865b4bee915c8a28e2107f2818dee1be1e0"}
 :: Fetching repo code
$ cd "/home/pete/wefwefwef/docs/other/7148919000/deltazip-erlang-branch-metadata/deltazip-erlang"
$ infinity  `curl --fail --silent --show-error --location --output 'metadata.zip' 'https://github.com/trifork/deltazip-erlang/archive/metadata.zip'  2>&1`
$ cd "/home/pete/wefwefwef/docs/erldocs_other.git"
$ cd "/home/pete/wefwefwef/docs/other/7148919000/deltazip-erlang-branch-metadata/deltazip-erlang"
$ 5000  `find -P . -type l -delete  2>&1`
$ cd "/home/pete/wefwefwef/docs/erldocs_other.git"
$ cd "/home/pete/wefwefwef/docs/other/7148919000/deltazip-erlang-branch-metadata/deltazip-erlang"
$ 5000  `find 'deltazip-erlang-metadata' -mindepth 1 -maxdepth 1 -exec mv -t . -- {} +  2>&1`
$ cd "/home/pete/wefwefwef/docs/erldocs_other.git"
 :: Getting dependencies
$ cd "/home/pete/wefwefwef/docs/other/7148919000/deltazip-erlang-branch-metadata/deltazip-erlang"
$ 5000  `ls -1 deps/  2>&1`
$ cd "/home/pete/wefwefwef/docs/erldocs_other.git"
>>> [rebar] deps = []
 :: Generating erldocs into /home/pete/wefwefwef/docs/other/7148919000/repo/metadata
Building deltazip-erlang
Generating Type Specs - "/home/pete/wefwefwef/docs/other/7148919000/deltazip-erlang-branch-metadata/deltazip-erlang/src/deltazip.erl"
Generating Type Specs - "/home/pete/wefwefwef/docs/other/7148919000/deltazip-erlang-branch-metadata/deltazip-erlang/src/deltazip_cli.erl"
Generating Type Specs - "/home/pete/wefwefwef/docs/other/7148919000/deltazip-erlang-branch-metadata/deltazip-erlang/src/deltazip_iutil.erl"
Generating Type Specs - "/home/pete/wefwefwef/docs/other/7148919000/deltazip-erlang-branch-metadata/deltazip-erlang/src/deltazip_metadata.erl"
Generating Type Specs - "/home/pete/wefwefwef/docs/other/7148919000/deltazip-erlang-branch-metadata/deltazip-erlang/src/deltazip_util.erl"
Generating Type Specs - "/home/pete/wefwefwef/docs/other/7148919000/deltazip-erlang-branch-metadata/deltazip-erlang/src/dittoflate.erl"
Generating XML for application deltazip-erlang "/home/pete/wefwefwef/docs/other/7148919000/deltazip-erlang-branch-metadata/deltazip-erlang" -> "/home/pete/wefwefwef/docs/other/7148919000/repo/metadata/.xml/deltazip-erlang"
Generated deltazip-erlang XMLs: ["/home/pete/wefwefwef/docs/other/7148919000/repo/metadata/.xml/deltazip-erlang/deltazip_cli.xml",
                                 "/home/pete/wefwefwef/docs/other/7148919000/repo/metadata/.xml/deltazip-erlang/deltazip_metadata.xml",
                                 "/home/pete/wefwefwef/docs/other/7148919000/repo/metadata/.xml/deltazip-erlang/dittoflate.xml",
                                 "/home/pete/wefwefwef/docs/other/7148919000/repo/metadata/.xml/deltazip-erlang/deltazip.xml",
                                 "/home/pete/wefwefwef/docs/other/7148919000/repo/metadata/.xml/deltazip-erlang/deltazip_iutil.xml",
                                 "/home/pete/wefwefwef/docs/other/7148919000/repo/metadata/.xml/deltazip-erlang/deltazip_util.xml"]
Generating HTML - deltazip_cli "/home/pete/wefwefwef/docs/other/7148919000/repo/metadata/.xml/deltazip-erlang/deltazip_cli.xml"
Generating HTML - deltazip_metadata "/home/pete/wefwefwef/docs/other/7148919000/repo/metadata/.xml/deltazip-erlang/deltazip_metadata.xml"
Generating HTML - dittoflate "/home/pete/wefwefwef/docs/other/7148919000/repo/metadata/.xml/deltazip-erlang/dittoflate.xml"
Generating HTML - deltazip_util "/home/pete/wefwefwef/docs/other/7148919000/repo/metadata/.xml/deltazip-erlang/deltazip_util.xml"
Reading XML for "/home/pete/wefwefwef/docs/other/7148919000/repo/metadata/.xml/deltazip-erlang/deltazip_cli.xml"
Reading XML for "/home/pete/wefwefwef/docs/other/7148919000/repo/metadata/.xml/deltazip-erlang/deltazip_metadata.xml"
Reading XML for "/home/pete/wefwefwef/docs/other/7148919000/repo/metadata/.xml/deltazip-erlang/dittoflate.xml"
Reading XML for "/home/pete/wefwefwef/docs/other/7148919000/repo/metadata/.xml/deltazip-erlang/deltazip_util.xml"
Reading XML for "/home/pete/wefwefwef/docs/other/7148919000/repo/metadata/.xml/specs_deltazip_cli.xml"
Reading XML for "/home/pete/wefwefwef/docs/other/7148919000/repo/metadata/.xml/specs_deltazip_metadata.xml"
Reading XML for "/home/pete/wefwefwef/docs/other/7148919000/repo/metadata/.xml/specs_deltazip_util.xml"
Generating HTML - deltazip_iutil "/home/pete/wefwefwef/docs/other/7148919000/repo/metadata/.xml/deltazip-erlang/deltazip_iutil.xml"
Reading XML for "/home/pete/wefwefwef/docs/other/7148919000/repo/metadata/.xml/deltazip-erlang/deltazip_iutil.xml"
Reading XML for "/home/pete/wefwefwef/docs/other/7148919000/repo/metadata/.xml/specs_dittoflate.xml"
Reading XML for "/home/pete/wefwefwef/docs/other/7148919000/repo/metadata/.xml/specs_deltazip_iutil.xml"
Generating HTML - deltazip "/home/pete/wefwefwef/docs/other/7148919000/repo/metadata/.xml/deltazip-erlang/deltazip.xml"
Reading XML for "/home/pete/wefwefwef/docs/other/7148919000/repo/metadata/.xml/deltazip-erlang/deltazip.xml"
Reading XML for "/home/pete/wefwefwef/docs/other/7148919000/repo/metadata/.xml/specs_deltazip.xml"
Creating index.html ...
Creating erldocs_index.js ...
Woot, finished in 0 Minutes 1 Seconds
 :: Discovering other repos
$ 5000  `rm -r '/home/pete/wefwefwef/docs/other/7148919000/deltazip-erlang-branch-metadata'  2>&1`
 :: Processing https://github.com/trifork/deltazip-erlang	{rev,branch,"origin/metadata","668b0de1d47e07a8040cdeb340d7638f5739451e"}
 :: Fetching repo code
$ cd "/home/pete/wefwefwef/docs/other/7148919000/deltazip-erlang-branch-origin/metadata/deltazip-erlang"
$ infinity  `curl --fail --silent --show-error --location --output 'origin/metadata.zip' 'https://github.com/trifork/deltazip-erlang/archive/origin/metadata.zip'  2>&1`
$ cd "/home/pete/wefwefwef/docs/erldocs_other.git"
>>> [stdout] "curl: (23) Failed writing body (0 != 852)"
 :: Error running eo_core:
	[{eo_os,chk,2,[{file,"src/eo_os.erl"},{line,55}]},
         {eo_scm,fetch,2,[{file,"src/eo_scm.erl"},{line,85}]},
         {eo_core,copy_repo,5,[{file,"src/eo_core.erl"},{line,238}]},
         {eo_core,main_,11,[{file,"src/eo_core.erl"},{line,85}]},
         {eo_core,main,1,[{file,"src/eo_core.erl"},{line,47}]},
         {eo_core,gen,1,[{file,"src/eo_core.erl"},{line,28}]},
         {gen_escript__escript__1427__565489__767955,seq_gen,3,
             [{file,"./gen.escript"},{line,47}]},
         {escript,run,2,[{file,"escript.erl"},{line,752}]}]
{throw,{sh,fetch_curl,error,23,
           [{"curl: "},{"(23) Failed writing body (0 != "},{"852)"}]}}
