 :: Extracting meta information
$ infinity  `git ls-remote --heads --tags 'https://github.com/drfloob/ezic'  2>&1`
>>> [repo] 4 branches, 0 tags
 :: Writing meta to "/home/pete/wefwefwef/docs/other/17e8061a5594f37af4198a6b87b24a35/meta.txt"
 :: Processing https://github.com/drfloob/ezic	{rev,branch,"v0.3.0","3ebf1cf31f246293d44318944c9a559ba206cc48",undefined,[],[]}
 :: Fetching repo code
$ cd '/home/pete/wefwefwef/docs/other/17e8061a5594f37af4198a6b87b24a35/ezic-branch-v0.3.0'
$ infinity  `curl --fail --silent --show-error --location --output repo.tar.gz 'https://codeload.github.com/drfloob/ezic/legacy.tar.gz/v0.3.0'  2>&1`
$ cd '/home/pete/wefwefwef/docs/erldocs_other.git'
$ cd '/home/pete/wefwefwef/docs/other/17e8061a5594f37af4198a6b87b24a35/ezic-branch-v0.3.0/drfloob-ezic-3ebf1cf'
$ 5000  `find -P . -type l -delete  2>&1`
$ cd '/home/pete/wefwefwef/docs/erldocs_other.git'
$ 5000  `mv '/home/pete/wefwefwef/docs/other/17e8061a5594f37af4198a6b87b24a35/ezic-branch-v0.3.0/drfloob-ezic-3ebf1cf' '/home/pete/wefwefwef/docs/other/17e8061a5594f37af4198a6b87b24a35/ezic-branch-v0.3.0/ezic'  2>&1`
 :: Getting dependencies
 :: Generating erldocs into /home/pete/wefwefwef/docs/other/17e8061a5594f37af4198a6b87b24a35/repo/v0.3.0
Building ezic
Generating Type Specs - "/home/pete/wefwefwef/docs/other/17e8061a5594f37af4198a6b87b24a35/ezic-branch-v0.3.0/ezic/src/erldev.erl"
Generating Type Specs - "/home/pete/wefwefwef/docs/other/17e8061a5594f37af4198a6b87b24a35/ezic-branch-v0.3.0/ezic/src/ezic.erl"
Generating Type Specs - "/home/pete/wefwefwef/docs/other/17e8061a5594f37af4198a6b87b24a35/ezic-branch-v0.3.0/ezic/src/ezic_app.erl"
Generating Type Specs - "/home/pete/wefwefwef/docs/other/17e8061a5594f37af4198a6b87b24a35/ezic-branch-v0.3.0/ezic/src/ezic_date.erl"
Generating Type Specs - "/home/pete/wefwefwef/docs/other/17e8061a5594f37af4198a6b87b24a35/ezic-branch-v0.3.0/ezic/src/ezic_db.erl"
Generating Type Specs - "/home/pete/wefwefwef/docs/other/17e8061a5594f37af4198a6b87b24a35/ezic-branch-v0.3.0/ezic/src/ezic_db_ets.erl"
Generating Type Specs - "/home/pete/wefwefwef/docs/other/17e8061a5594f37af4198a6b87b24a35/ezic-branch-v0.3.0/ezic/src/ezic_db_mnesia.erl"
Generating Type Specs - "/home/pete/wefwefwef/docs/other/17e8061a5594f37af4198a6b87b24a35/ezic-branch-v0.3.0/ezic/src/ezic_flatten.erl"
Generating Type Specs - "/home/pete/wefwefwef/docs/other/17e8061a5594f37af4198a6b87b24a35/ezic-branch-v0.3.0/ezic/src/ezic_loader.erl"
Generating Type Specs - "/home/pete/wefwefwef/docs/other/17e8061a5594f37af4198a6b87b24a35/ezic-branch-v0.3.0/ezic/src/ezic_parse.erl"
Generating Type Specs - "/home/pete/wefwefwef/docs/other/17e8061a5594f37af4198a6b87b24a35/ezic-branch-v0.3.0/ezic/src/ezic_record.erl"
Generating Type Specs - "/home/pete/wefwefwef/docs/other/17e8061a5594f37af4198a6b87b24a35/ezic-branch-v0.3.0/ezic/src/ezic_rule.erl"
Generating Type Specs - "/home/pete/wefwefwef/docs/other/17e8061a5594f37af4198a6b87b24a35/ezic-branch-v0.3.0/ezic/src/ezic_sup.erl"
Generating Type Specs - "/home/pete/wefwefwef/docs/other/17e8061a5594f37af4198a6b87b24a35/ezic-branch-v0.3.0/ezic/src/ezic_zone.erl"
Generating XML for application ezic "/home/pete/wefwefwef/docs/other/17e8061a5594f37af4198a6b87b24a35/ezic-branch-v0.3.0/ezic" -> "/home/pete/wefwefwef/docs/other/17e8061a5594f37af4198a6b87b24a35/repo/v0.3.0/.xml/ezic"
/home/pete/wefwefwef/docs/other/17e8061a5594f37af4198a6b87b24a35/ezic-branch-v0.3.0/ezic/src/ezic_zone.erl, function offset_sec/1: at line 64: warning: tag @bug not recognized.
/home/pete/wefwefwef/docs/other/17e8061a5594f37af4198a6b87b24a35/ezic-branch-v0.3.0/ezic/src/ezic_date.erl, function for_rule/5: at line 97: warning: tag @bug not recognized.
Generated ezic XMLs: ["/home/pete/wefwefwef/docs/other/17e8061a5594f37af4198a6b87b24a35/repo/v0.3.0/.xml/ezic/ezic_sup.xml",
                      "/home/pete/wefwefwef/docs/other/17e8061a5594f37af4198a6b87b24a35/repo/v0.3.0/.xml/ezic/ezic_parse.xml",
                      "/home/pete/wefwefwef/docs/other/17e8061a5594f37af4198a6b87b24a35/repo/v0.3.0/.xml/ezic/ezic_db_ets.xml",
                      "/home/pete/wefwefwef/docs/other/17e8061a5594f37af4198a6b87b24a35/repo/v0.3.0/.xml/ezic/ezic_record.xml",
                      "/home/pete/wefwefwef/docs/other/17e8061a5594f37af4198a6b87b24a35/repo/v0.3.0/.xml/ezic/ezic.xml",
                      "/home/pete/wefwefwef/docs/other/17e8061a5594f37af4198a6b87b24a35/repo/v0.3.0/.xml/ezic/ezic_rule.xml",
                      "/home/pete/wefwefwef/docs/other/17e8061a5594f37af4198a6b87b24a35/repo/v0.3.0/.xml/ezic/ezic_db.xml",
                      "/home/pete/wefwefwef/docs/other/17e8061a5594f37af4198a6b87b24a35/repo/v0.3.0/.xml/ezic/ezic_loader.xml",
                      "/home/pete/wefwefwef/docs/other/17e8061a5594f37af4198a6b87b24a35/repo/v0.3.0/.xml/ezic/ezic_zone.xml",
                      "/home/pete/wefwefwef/docs/other/17e8061a5594f37af4198a6b87b24a35/repo/v0.3.0/.xml/ezic/ezic_db_mnesia.xml",
                      "/home/pete/wefwefwef/docs/other/17e8061a5594f37af4198a6b87b24a35/repo/v0.3.0/.xml/ezic/ezic_app.xml",
                      "/home/pete/wefwefwef/docs/other/17e8061a5594f37af4198a6b87b24a35/repo/v0.3.0/.xml/ezic/ezic_date.xml",
                      "/home/pete/wefwefwef/docs/other/17e8061a5594f37af4198a6b87b24a35/repo/v0.3.0/.xml/ezic/erldev.xml",
                      "/home/pete/wefwefwef/docs/other/17e8061a5594f37af4198a6b87b24a35/repo/v0.3.0/.xml/ezic/ezic_flatten.xml"]
Generating HTML - ezic_db_ets "/home/pete/wefwefwef/docs/other/17e8061a5594f37af4198a6b87b24a35/repo/v0.3.0/.xml/ezic/ezic_db_ets.xml"
Generating HTML - ezic_rule "/home/pete/wefwefwef/docs/other/17e8061a5594f37af4198a6b87b24a35/repo/v0.3.0/.xml/ezic/ezic_rule.xml"
Generating HTML - ezic_zone "/home/pete/wefwefwef/docs/other/17e8061a5594f37af4198a6b87b24a35/repo/v0.3.0/.xml/ezic/ezic_zone.xml"
Generating HTML - ezic_flatten "/home/pete/wefwefwef/docs/other/17e8061a5594f37af4198a6b87b24a35/repo/v0.3.0/.xml/ezic/ezic_flatten.xml"
Reading XML for "/home/pete/wefwefwef/docs/other/17e8061a5594f37af4198a6b87b24a35/repo/v0.3.0/.xml/ezic/ezic_db_ets.xml"
Reading XML for "/home/pete/wefwefwef/docs/other/17e8061a5594f37af4198a6b87b24a35/repo/v0.3.0/.xml/ezic/ezic_rule.xml"
Reading XML for "/home/pete/wefwefwef/docs/other/17e8061a5594f37af4198a6b87b24a35/repo/v0.3.0/.xml/ezic/ezic_zone.xml"
Reading XML for "/home/pete/wefwefwef/docs/other/17e8061a5594f37af4198a6b87b24a35/repo/v0.3.0/.xml/ezic/ezic_flatten.xml"
Reading XML for "/home/pete/wefwefwef/docs/other/17e8061a5594f37af4198a6b87b24a35/repo/v0.3.0/.xml/specs_ezic_db_ets.xml"
Reading XML for "/home/pete/wefwefwef/docs/other/17e8061a5594f37af4198a6b87b24a35/repo/v0.3.0/.xml/specs_ezic_rule.xml"
Reading XML for "/home/pete/wefwefwef/docs/other/17e8061a5594f37af4198a6b87b24a35/repo/v0.3.0/.xml/specs_ezic_zone.xml"
Reading XML for "/home/pete/wefwefwef/docs/other/17e8061a5594f37af4198a6b87b24a35/repo/v0.3.0/.xml/specs_ezic_flatten.xml"
Generating HTML - ezic "/home/pete/wefwefwef/docs/other/17e8061a5594f37af4198a6b87b24a35/repo/v0.3.0/.xml/ezic/ezic.xml"
Reading XML for "/home/pete/wefwefwef/docs/other/17e8061a5594f37af4198a6b87b24a35/repo/v0.3.0/.xml/ezic/ezic.xml"
Generating HTML - erldev "/home/pete/wefwefwef/docs/other/17e8061a5594f37af4198a6b87b24a35/repo/v0.3.0/.xml/ezic/erldev.xml"
Reading XML for "/home/pete/wefwefwef/docs/other/17e8061a5594f37af4198a6b87b24a35/repo/v0.3.0/.xml/ezic/erldev.xml"
Reading XML for "/home/pete/wefwefwef/docs/other/17e8061a5594f37af4198a6b87b24a35/repo/v0.3.0/.xml/specs_ezic.xml"
Reading XML for "/home/pete/wefwefwef/docs/other/17e8061a5594f37af4198a6b87b24a35/repo/v0.3.0/.xml/specs_erldev.xml"
Generating HTML - ezic_date "/home/pete/wefwefwef/docs/other/17e8061a5594f37af4198a6b87b24a35/repo/v0.3.0/.xml/ezic/ezic_date.xml"
Reading XML for "/home/pete/wefwefwef/docs/other/17e8061a5594f37af4198a6b87b24a35/repo/v0.3.0/.xml/ezic/ezic_date.xml"
Reading XML for "/home/pete/wefwefwef/docs/other/17e8061a5594f37af4198a6b87b24a35/repo/v0.3.0/.xml/specs_ezic_date.xml"
Error running script:
[{erlang,'++',
     [{badrpc,
          {'EXIT',
              {{case_clause,{'EXIT',[],[]}},
               [{erldocs_core,build_file_map,3,
                    [{file,"src/erldocs_core.erl"},{line,84}]},
                {erldocs_core,'-mapreduce/4-fun-0-',4,
                    [{file,"src/erldocs_core.erl"},{line,831}]},
                {lists,foldl,3,[{file,"lists.erl"},{line,1261}]},
                {rpc,local_call,3,[{file,"rpc.erl"},{line,329}]},
                {rpc,'-async_call/4-fun-0-',5,
                    [{file,"rpc.erl"},{line,647}]}]}}},
      []],
     []},
 {lists,append,2,[{file,"lists.erl"},{line,114}]},
 {lists,foldl,3,[{file,"lists.erl"},{line,1261}]},
 {erldocs_core,build_apps,3,[{file,"src/erldocs_core.erl"},{line,74}]},
 {lists,foldl,3,[{file,"lists.erl"},{line,1261}]},
 {erldocs_core,build,1,[{file,"src/erldocs_core.erl"},{line,53}]},
 {erldocs_core,dispatch,1,[{file,"src/erldocs_core.erl"},{line,39}]},
 {erldocs,run,1,[{file,"src/erldocs.erl"},{line,64}]}]
{error,badarg}
 :: Discovering other repos
$ 5000  `rm -r '/home/pete/wefwefwef/docs/other/17e8061a5594f37af4198a6b87b24a35/ezic-branch-v0.3.0'  2>&1`
 :: Processing https://github.com/drfloob/ezic	{rev,branch,"master","d95e92d1dc5ac763558da52c271b8a1b76f48122",undefined,[],[]}
 :: Fetching repo code
$ cd '/home/pete/wefwefwef/docs/other/17e8061a5594f37af4198a6b87b24a35/ezic-branch-master'
$ infinity  `curl --fail --silent --show-error --location --output repo.tar.gz 'https://codeload.github.com/drfloob/ezic/legacy.tar.gz/master'  2>&1`
$ cd '/home/pete/wefwefwef/docs/erldocs_other.git'
$ cd '/home/pete/wefwefwef/docs/other/17e8061a5594f37af4198a6b87b24a35/ezic-branch-master/drfloob-ezic-d95e92d'
$ 5000  `find -P . -type l -delete  2>&1`
$ cd '/home/pete/wefwefwef/docs/erldocs_other.git'
$ 5000  `mv '/home/pete/wefwefwef/docs/other/17e8061a5594f37af4198a6b87b24a35/ezic-branch-master/drfloob-ezic-d95e92d' '/home/pete/wefwefwef/docs/other/17e8061a5594f37af4198a6b87b24a35/ezic-branch-master/ezic'  2>&1`
 :: Getting dependencies
 :: Generating erldocs into /home/pete/wefwefwef/docs/other/17e8061a5594f37af4198a6b87b24a35/repo/master
Building ezic
Generating Type Specs - "/home/pete/wefwefwef/docs/other/17e8061a5594f37af4198a6b87b24a35/ezic-branch-master/ezic/src/erldev.erl"
Generating Type Specs - "/home/pete/wefwefwef/docs/other/17e8061a5594f37af4198a6b87b24a35/ezic-branch-master/ezic/src/ezic.erl"
Generating Type Specs - "/home/pete/wefwefwef/docs/other/17e8061a5594f37af4198a6b87b24a35/ezic-branch-master/ezic/src/ezic_app.erl"
Generating Type Specs - "/home/pete/wefwefwef/docs/other/17e8061a5594f37af4198a6b87b24a35/ezic-branch-master/ezic/src/ezic_date.erl"
Generating Type Specs - "/home/pete/wefwefwef/docs/other/17e8061a5594f37af4198a6b87b24a35/ezic-branch-master/ezic/src/ezic_db.erl"
Generating Type Specs - "/home/pete/wefwefwef/docs/other/17e8061a5594f37af4198a6b87b24a35/ezic-branch-master/ezic/src/ezic_db_ets.erl"
Generating Type Specs - "/home/pete/wefwefwef/docs/other/17e8061a5594f37af4198a6b87b24a35/ezic-branch-master/ezic/src/ezic_db_mnesia.erl"
Generating Type Specs - "/home/pete/wefwefwef/docs/other/17e8061a5594f37af4198a6b87b24a35/ezic-branch-master/ezic/src/ezic_flatten.erl"
Generating Type Specs - "/home/pete/wefwefwef/docs/other/17e8061a5594f37af4198a6b87b24a35/ezic-branch-master/ezic/src/ezic_loader.erl"
Generating Type Specs - "/home/pete/wefwefwef/docs/other/17e8061a5594f37af4198a6b87b24a35/ezic-branch-master/ezic/src/ezic_parse.erl"
Generating Type Specs - "/home/pete/wefwefwef/docs/other/17e8061a5594f37af4198a6b87b24a35/ezic-branch-master/ezic/src/ezic_record.erl"
Generating Type Specs - "/home/pete/wefwefwef/docs/other/17e8061a5594f37af4198a6b87b24a35/ezic-branch-master/ezic/src/ezic_rule.erl"
Generating Type Specs - "/home/pete/wefwefwef/docs/other/17e8061a5594f37af4198a6b87b24a35/ezic-branch-master/ezic/src/ezic_sup.erl"
Generating Type Specs - "/home/pete/wefwefwef/docs/other/17e8061a5594f37af4198a6b87b24a35/ezic-branch-master/ezic/src/ezic_zone.erl"
Generating XML for application ezic "/home/pete/wefwefwef/docs/other/17e8061a5594f37af4198a6b87b24a35/ezic-branch-master/ezic" -> "/home/pete/wefwefwef/docs/other/17e8061a5594f37af4198a6b87b24a35/repo/master/.xml/ezic"
/home/pete/wefwefwef/docs/other/17e8061a5594f37af4198a6b87b24a35/ezic-branch-master/ezic/src/ezic_zone.erl, function offset_sec/1: at line 64: warning: tag @bug not recognized.
/home/pete/wefwefwef/docs/other/17e8061a5594f37af4198a6b87b24a35/ezic-branch-master/ezic/src/ezic_date.erl, function for_rule/5: at line 98: warning: tag @bug not recognized.
Generated ezic XMLs: ["/home/pete/wefwefwef/docs/other/17e8061a5594f37af4198a6b87b24a35/repo/master/.xml/ezic/ezic_sup.xml",
                      "/home/pete/wefwefwef/docs/other/17e8061a5594f37af4198a6b87b24a35/repo/master/.xml/ezic/ezic_parse.xml",
                      "/home/pete/wefwefwef/docs/other/17e8061a5594f37af4198a6b87b24a35/repo/master/.xml/ezic/ezic_db_ets.xml",
                      "/home/pete/wefwefwef/docs/other/17e8061a5594f37af4198a6b87b24a35/repo/master/.xml/ezic/ezic_record.xml",
                      "/home/pete/wefwefwef/docs/other/17e8061a5594f37af4198a6b87b24a35/repo/master/.xml/ezic/ezic.xml",
                      "/home/pete/wefwefwef/docs/other/17e8061a5594f37af4198a6b87b24a35/repo/master/.xml/ezic/ezic_rule.xml",
                      "/home/pete/wefwefwef/docs/other/17e8061a5594f37af4198a6b87b24a35/repo/master/.xml/ezic/ezic_db.xml",
                      "/home/pete/wefwefwef/docs/other/17e8061a5594f37af4198a6b87b24a35/repo/master/.xml/ezic/ezic_loader.xml",
                      "/home/pete/wefwefwef/docs/other/17e8061a5594f37af4198a6b87b24a35/repo/master/.xml/ezic/ezic_zone.xml",
                      "/home/pete/wefwefwef/docs/other/17e8061a5594f37af4198a6b87b24a35/repo/master/.xml/ezic/ezic_db_mnesia.xml",
                      "/home/pete/wefwefwef/docs/other/17e8061a5594f37af4198a6b87b24a35/repo/master/.xml/ezic/ezic_app.xml",
                      "/home/pete/wefwefwef/docs/other/17e8061a5594f37af4198a6b87b24a35/repo/master/.xml/ezic/ezic_date.xml",
                      "/home/pete/wefwefwef/docs/other/17e8061a5594f37af4198a6b87b24a35/repo/master/.xml/ezic/erldev.xml",
                      "/home/pete/wefwefwef/docs/other/17e8061a5594f37af4198a6b87b24a35/repo/master/.xml/ezic/ezic_flatten.xml"]
Generating HTML - ezic_db_ets "/home/pete/wefwefwef/docs/other/17e8061a5594f37af4198a6b87b24a35/repo/master/.xml/ezic/ezic_db_ets.xml"
Generating HTML - ezic_rule "/home/pete/wefwefwef/docs/other/17e8061a5594f37af4198a6b87b24a35/repo/master/.xml/ezic/ezic_rule.xml"
Generating HTML - ezic_zone "/home/pete/wefwefwef/docs/other/17e8061a5594f37af4198a6b87b24a35/repo/master/.xml/ezic/ezic_zone.xml"
Generating HTML - ezic_flatten "/home/pete/wefwefwef/docs/other/17e8061a5594f37af4198a6b87b24a35/repo/master/.xml/ezic/ezic_flatten.xml"
Reading XML for "/home/pete/wefwefwef/docs/other/17e8061a5594f37af4198a6b87b24a35/repo/master/.xml/ezic/ezic_db_ets.xml"
Reading XML for "/home/pete/wefwefwef/docs/other/17e8061a5594f37af4198a6b87b24a35/repo/master/.xml/ezic/ezic_rule.xml"
Reading XML for "/home/pete/wefwefwef/docs/other/17e8061a5594f37af4198a6b87b24a35/repo/master/.xml/ezic/ezic_zone.xml"
Reading XML for "/home/pete/wefwefwef/docs/other/17e8061a5594f37af4198a6b87b24a35/repo/master/.xml/ezic/ezic_flatten.xml"
Reading XML for "/home/pete/wefwefwef/docs/other/17e8061a5594f37af4198a6b87b24a35/repo/master/.xml/specs_ezic_rule.xml"
Reading XML for "/home/pete/wefwefwef/docs/other/17e8061a5594f37af4198a6b87b24a35/repo/master/.xml/specs_ezic_zone.xml"
Reading XML for "/home/pete/wefwefwef/docs/other/17e8061a5594f37af4198a6b87b24a35/repo/master/.xml/specs_ezic_db_ets.xml"
Reading XML for "/home/pete/wefwefwef/docs/other/17e8061a5594f37af4198a6b87b24a35/repo/master/.xml/specs_ezic_flatten.xml"
Generating HTML - ezic_loader "/home/pete/wefwefwef/docs/other/17e8061a5594f37af4198a6b87b24a35/repo/master/.xml/ezic/ezic_loader.xml"
Generating HTML - erldev "/home/pete/wefwefwef/docs/other/17e8061a5594f37af4198a6b87b24a35/repo/master/.xml/ezic/erldev.xml"
Reading XML for "/home/pete/wefwefwef/docs/other/17e8061a5594f37af4198a6b87b24a35/repo/master/.xml/ezic/ezic_loader.xml"
Reading XML for "/home/pete/wefwefwef/docs/other/17e8061a5594f37af4198a6b87b24a35/repo/master/.xml/ezic/erldev.xml"
Reading XML for "/home/pete/wefwefwef/docs/other/17e8061a5594f37af4198a6b87b24a35/repo/master/.xml/specs_ezic_loader.xml"
Reading XML for "/home/pete/wefwefwef/docs/other/17e8061a5594f37af4198a6b87b24a35/repo/master/.xml/specs_erldev.xml"
Generating HTML - ezic_date "/home/pete/wefwefwef/docs/other/17e8061a5594f37af4198a6b87b24a35/repo/master/.xml/ezic/ezic_date.xml"
Reading XML for "/home/pete/wefwefwef/docs/other/17e8061a5594f37af4198a6b87b24a35/repo/master/.xml/ezic/ezic_date.xml"
Reading XML for "/home/pete/wefwefwef/docs/other/17e8061a5594f37af4198a6b87b24a35/repo/master/.xml/specs_ezic_date.xml"
Error running script:
[{erlang,'++',
     [{badrpc,
          {'EXIT',
              {{case_clause,{'EXIT',[],[]}},
               [{erldocs_core,build_file_map,3,
                    [{file,"src/erldocs_core.erl"},{line,84}]},
                {erldocs_core,'-mapreduce/4-fun-0-',4,
                    [{file,"src/erldocs_core.erl"},{line,831}]},
                {lists,foldl,3,[{file,"lists.erl"},{line,1261}]},
                {rpc,local_call,3,[{file,"rpc.erl"},{line,329}]},
                {rpc,'-async_call/4-fun-0-',5,
                    [{file,"rpc.erl"},{line,647}]}]}}},
      []],
     []},
 {lists,append,2,[{file,"lists.erl"},{line,114}]},
 {lists,foldl,3,[{file,"lists.erl"},{line,1261}]},
 {erldocs_core,build_apps,3,[{file,"src/erldocs_core.erl"},{line,74}]},
 {lists,foldl,3,[{file,"lists.erl"},{line,1261}]},
 {erldocs_core,build,1,[{file,"src/erldocs_core.erl"},{line,53}]},
 {erldocs_core,dispatch,1,[{file,"src/erldocs_core.erl"},{line,39}]},
 {erldocs,run,1,[{file,"src/erldocs.erl"},{line,64}]}]
{error,badarg}
 :: Discovering other repos
$ 5000  `rm -r '/home/pete/wefwefwef/docs/other/17e8061a5594f37af4198a6b87b24a35/ezic-branch-master'  2>&1`
 :: Processing https://github.com/drfloob/ezic	{rev,branch,"invalid_dates","9875f1eea77f79a7207497dcce991adbbbcaaa02",undefined,[],[]}
 :: Fetching repo code
$ cd '/home/pete/wefwefwef/docs/other/17e8061a5594f37af4198a6b87b24a35/ezic-branch-invalid_dates'
$ infinity  `curl --fail --silent --show-error --location --output repo.tar.gz 'https://codeload.github.com/drfloob/ezic/legacy.tar.gz/invalid_dates'  2>&1`
$ cd '/home/pete/wefwefwef/docs/erldocs_other.git'
$ cd '/home/pete/wefwefwef/docs/other/17e8061a5594f37af4198a6b87b24a35/ezic-branch-invalid_dates/drfloob-ezic-9875f1e'
$ 5000  `find -P . -type l -delete  2>&1`
$ cd '/home/pete/wefwefwef/docs/erldocs_other.git'
$ 5000  `mv '/home/pete/wefwefwef/docs/other/17e8061a5594f37af4198a6b87b24a35/ezic-branch-invalid_dates/drfloob-ezic-9875f1e' '/home/pete/wefwefwef/docs/other/17e8061a5594f37af4198a6b87b24a35/ezic-branch-invalid_dates/ezic'  2>&1`
 :: Getting dependencies
 :: Generating erldocs into /home/pete/wefwefwef/docs/other/17e8061a5594f37af4198a6b87b24a35/repo/invalid_dates
Building ezic
Generating Type Specs - "/home/pete/wefwefwef/docs/other/17e8061a5594f37af4198a6b87b24a35/ezic-branch-invalid_dates/ezic/src/erldev.erl"
Generating Type Specs - "/home/pete/wefwefwef/docs/other/17e8061a5594f37af4198a6b87b24a35/ezic-branch-invalid_dates/ezic/src/ezic.erl"
Generating Type Specs - "/home/pete/wefwefwef/docs/other/17e8061a5594f37af4198a6b87b24a35/ezic-branch-invalid_dates/ezic/src/ezic_app.erl"
Generating Type Specs - "/home/pete/wefwefwef/docs/other/17e8061a5594f37af4198a6b87b24a35/ezic-branch-invalid_dates/ezic/src/ezic_date.erl"
Generating Type Specs - "/home/pete/wefwefwef/docs/other/17e8061a5594f37af4198a6b87b24a35/ezic-branch-invalid_dates/ezic/src/ezic_db.erl"
Generating Type Specs - "/home/pete/wefwefwef/docs/other/17e8061a5594f37af4198a6b87b24a35/ezic-branch-invalid_dates/ezic/src/ezic_db_ets.erl"
Generating Type Specs - "/home/pete/wefwefwef/docs/other/17e8061a5594f37af4198a6b87b24a35/ezic-branch-invalid_dates/ezic/src/ezic_db_mnesia.erl"
Generating Type Specs - "/home/pete/wefwefwef/docs/other/17e8061a5594f37af4198a6b87b24a35/ezic-branch-invalid_dates/ezic/src/ezic_flatten.erl"
Generating Type Specs - "/home/pete/wefwefwef/docs/other/17e8061a5594f37af4198a6b87b24a35/ezic-branch-invalid_dates/ezic/src/ezic_loader.erl"
Generating Type Specs - "/home/pete/wefwefwef/docs/other/17e8061a5594f37af4198a6b87b24a35/ezic-branch-invalid_dates/ezic/src/ezic_parse.erl"
Generating Type Specs - "/home/pete/wefwefwef/docs/other/17e8061a5594f37af4198a6b87b24a35/ezic-branch-invalid_dates/ezic/src/ezic_record.erl"
Generating Type Specs - "/home/pete/wefwefwef/docs/other/17e8061a5594f37af4198a6b87b24a35/ezic-branch-invalid_dates/ezic/src/ezic_rule.erl"
Generating Type Specs - "/home/pete/wefwefwef/docs/other/17e8061a5594f37af4198a6b87b24a35/ezic-branch-invalid_dates/ezic/src/ezic_sup.erl"
Generating Type Specs - "/home/pete/wefwefwef/docs/other/17e8061a5594f37af4198a6b87b24a35/ezic-branch-invalid_dates/ezic/src/ezic_zone.erl"
Generating XML for application ezic "/home/pete/wefwefwef/docs/other/17e8061a5594f37af4198a6b87b24a35/ezic-branch-invalid_dates/ezic" -> "/home/pete/wefwefwef/docs/other/17e8061a5594f37af4198a6b87b24a35/repo/invalid_dates/.xml/ezic"
/home/pete/wefwefwef/docs/other/17e8061a5594f37af4198a6b87b24a35/ezic-branch-invalid_dates/ezic/src/ezic_zone.erl, function offset_sec/1: at line 64: warning: tag @bug not recognized.
/home/pete/wefwefwef/docs/other/17e8061a5594f37af4198a6b87b24a35/ezic-branch-invalid_dates/ezic/src/ezic_date.erl, function for_rule/5: at line 97: warning: tag @bug not recognized.
Generated ezic XMLs: ["/home/pete/wefwefwef/docs/other/17e8061a5594f37af4198a6b87b24a35/repo/invalid_dates/.xml/ezic/ezic_sup.xml",
                      "/home/pete/wefwefwef/docs/other/17e8061a5594f37af4198a6b87b24a35/repo/invalid_dates/.xml/ezic/ezic_parse.xml",
                      "/home/pete/wefwefwef/docs/other/17e8061a5594f37af4198a6b87b24a35/repo/invalid_dates/.xml/ezic/ezic_db_ets.xml",
                      "/home/pete/wefwefwef/docs/other/17e8061a5594f37af4198a6b87b24a35/repo/invalid_dates/.xml/ezic/ezic_record.xml",
                      "/home/pete/wefwefwef/docs/other/17e8061a5594f37af4198a6b87b24a35/repo/invalid_dates/.xml/ezic/ezic.xml",
                      "/home/pete/wefwefwef/docs/other/17e8061a5594f37af4198a6b87b24a35/repo/invalid_dates/.xml/ezic/ezic_rule.xml",
                      "/home/pete/wefwefwef/docs/other/17e8061a5594f37af4198a6b87b24a35/repo/invalid_dates/.xml/ezic/ezic_db.xml",
                      "/home/pete/wefwefwef/docs/other/17e8061a5594f37af4198a6b87b24a35/repo/invalid_dates/.xml/ezic/ezic_loader.xml",
                      "/home/pete/wefwefwef/docs/other/17e8061a5594f37af4198a6b87b24a35/repo/invalid_dates/.xml/ezic/ezic_zone.xml",
                      "/home/pete/wefwefwef/docs/other/17e8061a5594f37af4198a6b87b24a35/repo/invalid_dates/.xml/ezic/ezic_db_mnesia.xml",
                      "/home/pete/wefwefwef/docs/other/17e8061a5594f37af4198a6b87b24a35/repo/invalid_dates/.xml/ezic/ezic_app.xml",
                      "/home/pete/wefwefwef/docs/other/17e8061a5594f37af4198a6b87b24a35/repo/invalid_dates/.xml/ezic/ezic_date.xml",
                      "/home/pete/wefwefwef/docs/other/17e8061a5594f37af4198a6b87b24a35/repo/invalid_dates/.xml/ezic/erldev.xml",
                      "/home/pete/wefwefwef/docs/other/17e8061a5594f37af4198a6b87b24a35/repo/invalid_dates/.xml/ezic/ezic_flatten.xml"]
Generating HTML - ezic_db_ets "/home/pete/wefwefwef/docs/other/17e8061a5594f37af4198a6b87b24a35/repo/invalid_dates/.xml/ezic/ezic_db_ets.xml"
Generating HTML - ezic_rule "/home/pete/wefwefwef/docs/other/17e8061a5594f37af4198a6b87b24a35/repo/invalid_dates/.xml/ezic/ezic_rule.xml"
Generating HTML - ezic_zone "/home/pete/wefwefwef/docs/other/17e8061a5594f37af4198a6b87b24a35/repo/invalid_dates/.xml/ezic/ezic_zone.xml"
Generating HTML - ezic_flatten "/home/pete/wefwefwef/docs/other/17e8061a5594f37af4198a6b87b24a35/repo/invalid_dates/.xml/ezic/ezic_flatten.xml"
Reading XML for "/home/pete/wefwefwef/docs/other/17e8061a5594f37af4198a6b87b24a35/repo/invalid_dates/.xml/ezic/ezic_db_ets.xml"
Reading XML for "/home/pete/wefwefwef/docs/other/17e8061a5594f37af4198a6b87b24a35/repo/invalid_dates/.xml/ezic/ezic_rule.xml"
Reading XML for "/home/pete/wefwefwef/docs/other/17e8061a5594f37af4198a6b87b24a35/repo/invalid_dates/.xml/ezic/ezic_zone.xml"
Reading XML for "/home/pete/wefwefwef/docs/other/17e8061a5594f37af4198a6b87b24a35/repo/invalid_dates/.xml/ezic/ezic_flatten.xml"
Reading XML for "/home/pete/wefwefwef/docs/other/17e8061a5594f37af4198a6b87b24a35/repo/invalid_dates/.xml/specs_ezic_rule.xml"
Reading XML for "/home/pete/wefwefwef/docs/other/17e8061a5594f37af4198a6b87b24a35/repo/invalid_dates/.xml/specs_ezic_db_ets.xml"
Reading XML for "/home/pete/wefwefwef/docs/other/17e8061a5594f37af4198a6b87b24a35/repo/invalid_dates/.xml/specs_ezic_flatten.xml"
Reading XML for "/home/pete/wefwefwef/docs/other/17e8061a5594f37af4198a6b87b24a35/repo/invalid_dates/.xml/specs_ezic_zone.xml"
Error running script:
[{erlang,'++',
     [{badrpc,
          {'EXIT',
              {{case_clause,{'EXIT',[],[]}},
               [{erldocs_core,build_file_map,3,
                    [{file,"src/erldocs_core.erl"},{line,84}]},
                {erldocs_core,'-mapreduce/4-fun-0-',4,
                    [{file,"src/erldocs_core.erl"},{line,831}]},
                {lists,foldl,3,[{file,"lists.erl"},{line,1261}]},
                {rpc,local_call,3,[{file,"rpc.erl"},{line,329}]},
                {rpc,'-async_call/4-fun-0-',5,
                    [{file,"rpc.erl"},{line,647}]}]}}},
      []],
     []},
 {lists,append,2,[{file,"lists.erl"},{line,114}]},
 {lists,foldl,3,[{file,"lists.erl"},{line,1261}]},
 {erldocs_core,build_apps,3,[{file,"src/erldocs_core.erl"},{line,74}]},
 {lists,foldl,3,[{file,"lists.erl"},{line,1261}]},
 {erldocs_core,build,1,[{file,"src/erldocs_core.erl"},{line,53}]},
 {erldocs_core,dispatch,1,[{file,"src/erldocs_core.erl"},{line,39}]},
 {erldocs,run,1,[{file,"src/erldocs.erl"},{line,64}]}]
{error,badarg}
Generating HTML - ezic_parse "/home/pete/wefwefwef/docs/other/17e8061a5594f37af4198a6b87b24a35/repo/invalid_dates/.xml/ezic/ezic_parse.xml"
Generating HTML - ezic_loader "/home/pete/wefwefwef/docs/other/17e8061a5594f37af4198a6b87b24a35/repo/invalid_dates/.xml/ezic/ezic_loader.xml"
 :: Discovering other repos
Reading XML for "/home/pete/wefwefwef/docs/other/17e8061a5594f37af4198a6b87b24a35/repo/invalid_dates/.xml/ezic/ezic_parse.xml"
Reading XML for "/home/pete/wefwefwef/docs/other/17e8061a5594f37af4198a6b87b24a35/repo/invalid_dates/.xml/ezic/ezic_loader.xml"
$ 5000  `rm -r '/home/pete/wefwefwef/docs/other/17e8061a5594f37af4198a6b87b24a35/ezic-branch-invalid_dates'  2>&1`
 :: Processing https://github.com/drfloob/ezic	{rev,branch,"db_mod_env","8ba228b5209d34dfde94914ecaea12bc9cfd4218",undefined,[],[]}
 :: Fetching repo code
Reading XML for "/home/pete/wefwefwef/docs/other/17e8061a5594f37af4198a6b87b24a35/repo/invalid_dates/.xml/specs_ezic_loader.xml"
Reading XML for "/home/pete/wefwefwef/docs/other/17e8061a5594f37af4198a6b87b24a35/repo/invalid_dates/.xml/specs_ezic_parse.xml"
$ cd '/home/pete/wefwefwef/docs/other/17e8061a5594f37af4198a6b87b24a35/ezic-branch-db_mod_env'
Generating HTML - ezic_sup "/home/pete/wefwefwef/docs/other/17e8061a5594f37af4198a6b87b24a35/repo/invalid_dates/.xml/ezic/ezic_sup.xml"
$ infinity  `curl --fail --silent --show-error --location --output repo.tar.gz 'https://codeload.github.com/drfloob/ezic/legacy.tar.gz/db_mod_env'  2>&1`
Reading XML for "/home/pete/wefwefwef/docs/other/17e8061a5594f37af4198a6b87b24a35/repo/invalid_dates/.xml/ezic/ezic_sup.xml"
Reading XML for "/home/pete/wefwefwef/docs/other/17e8061a5594f37af4198a6b87b24a35/repo/invalid_dates/.xml/specs_ezic_sup.xml"
$ cd '/home/pete/wefwefwef/docs/erldocs_other.git'
$ cd '/home/pete/wefwefwef/docs/other/17e8061a5594f37af4198a6b87b24a35/ezic-branch-db_mod_env/drfloob-ezic-8ba228b'
$ 5000  `find -P . -type l -delete  2>&1`
$ cd '/home/pete/wefwefwef/docs/erldocs_other.git'
$ 5000  `mv '/home/pete/wefwefwef/docs/other/17e8061a5594f37af4198a6b87b24a35/ezic-branch-db_mod_env/drfloob-ezic-8ba228b' '/home/pete/wefwefwef/docs/other/17e8061a5594f37af4198a6b87b24a35/ezic-branch-db_mod_env/ezic'  2>&1`
 :: Getting dependencies
 :: Generating erldocs into /home/pete/wefwefwef/docs/other/17e8061a5594f37af4198a6b87b24a35/repo/db_mod_env
Building ezic
Generating Type Specs - "/home/pete/wefwefwef/docs/other/17e8061a5594f37af4198a6b87b24a35/ezic-branch-db_mod_env/ezic/src/erldev.erl"
Generating Type Specs - "/home/pete/wefwefwef/docs/other/17e8061a5594f37af4198a6b87b24a35/ezic-branch-db_mod_env/ezic/src/ezic.erl"
Generating Type Specs - "/home/pete/wefwefwef/docs/other/17e8061a5594f37af4198a6b87b24a35/ezic-branch-db_mod_env/ezic/src/ezic_app.erl"
Generating Type Specs - "/home/pete/wefwefwef/docs/other/17e8061a5594f37af4198a6b87b24a35/ezic-branch-db_mod_env/ezic/src/ezic_date.erl"
Generating Type Specs - "/home/pete/wefwefwef/docs/other/17e8061a5594f37af4198a6b87b24a35/ezic-branch-db_mod_env/ezic/src/ezic_db.erl"
Generating Type Specs - "/home/pete/wefwefwef/docs/other/17e8061a5594f37af4198a6b87b24a35/ezic-branch-db_mod_env/ezic/src/ezic_db_ets.erl"
Generating Type Specs - "/home/pete/wefwefwef/docs/other/17e8061a5594f37af4198a6b87b24a35/ezic-branch-db_mod_env/ezic/src/ezic_db_mnesia.erl"
Generating Type Specs - "/home/pete/wefwefwef/docs/other/17e8061a5594f37af4198a6b87b24a35/ezic-branch-db_mod_env/ezic/src/ezic_flatten.erl"
Generating Type Specs - "/home/pete/wefwefwef/docs/other/17e8061a5594f37af4198a6b87b24a35/ezic-branch-db_mod_env/ezic/src/ezic_loader.erl"
Generating Type Specs - "/home/pete/wefwefwef/docs/other/17e8061a5594f37af4198a6b87b24a35/ezic-branch-db_mod_env/ezic/src/ezic_parse.erl"
Generating Type Specs - "/home/pete/wefwefwef/docs/other/17e8061a5594f37af4198a6b87b24a35/ezic-branch-db_mod_env/ezic/src/ezic_record.erl"
Generating Type Specs - "/home/pete/wefwefwef/docs/other/17e8061a5594f37af4198a6b87b24a35/ezic-branch-db_mod_env/ezic/src/ezic_rule.erl"
Generating Type Specs - "/home/pete/wefwefwef/docs/other/17e8061a5594f37af4198a6b87b24a35/ezic-branch-db_mod_env/ezic/src/ezic_sup.erl"
Generating Type Specs - "/home/pete/wefwefwef/docs/other/17e8061a5594f37af4198a6b87b24a35/ezic-branch-db_mod_env/ezic/src/ezic_zone.erl"
Generating XML for application ezic "/home/pete/wefwefwef/docs/other/17e8061a5594f37af4198a6b87b24a35/ezic-branch-db_mod_env/ezic" -> "/home/pete/wefwefwef/docs/other/17e8061a5594f37af4198a6b87b24a35/repo/db_mod_env/.xml/ezic"
/home/pete/wefwefwef/docs/other/17e8061a5594f37af4198a6b87b24a35/ezic-branch-db_mod_env/ezic/src/ezic_zone.erl, function offset_sec/1: at line 64: warning: tag @bug not recognized.
/home/pete/wefwefwef/docs/other/17e8061a5594f37af4198a6b87b24a35/ezic-branch-db_mod_env/ezic/src/ezic_date.erl, function for_rule/5: at line 98: warning: tag @bug not recognized.
Generated ezic XMLs: ["/home/pete/wefwefwef/docs/other/17e8061a5594f37af4198a6b87b24a35/repo/db_mod_env/.xml/ezic/ezic_sup.xml",
                      "/home/pete/wefwefwef/docs/other/17e8061a5594f37af4198a6b87b24a35/repo/db_mod_env/.xml/ezic/ezic_parse.xml",
                      "/home/pete/wefwefwef/docs/other/17e8061a5594f37af4198a6b87b24a35/repo/db_mod_env/.xml/ezic/ezic_db_ets.xml",
                      "/home/pete/wefwefwef/docs/other/17e8061a5594f37af4198a6b87b24a35/repo/db_mod_env/.xml/ezic/ezic_record.xml",
                      "/home/pete/wefwefwef/docs/other/17e8061a5594f37af4198a6b87b24a35/repo/db_mod_env/.xml/ezic/ezic.xml",
                      "/home/pete/wefwefwef/docs/other/17e8061a5594f37af4198a6b87b24a35/repo/db_mod_env/.xml/ezic/ezic_rule.xml",
                      "/home/pete/wefwefwef/docs/other/17e8061a5594f37af4198a6b87b24a35/repo/db_mod_env/.xml/ezic/ezic_db.xml",
                      "/home/pete/wefwefwef/docs/other/17e8061a5594f37af4198a6b87b24a35/repo/db_mod_env/.xml/ezic/ezic_loader.xml",
                      "/home/pete/wefwefwef/docs/other/17e8061a5594f37af4198a6b87b24a35/repo/db_mod_env/.xml/ezic/ezic_zone.xml",
                      "/home/pete/wefwefwef/docs/other/17e8061a5594f37af4198a6b87b24a35/repo/db_mod_env/.xml/ezic/ezic_db_mnesia.xml",
                      "/home/pete/wefwefwef/docs/other/17e8061a5594f37af4198a6b87b24a35/repo/db_mod_env/.xml/ezic/ezic_app.xml",
                      "/home/pete/wefwefwef/docs/other/17e8061a5594f37af4198a6b87b24a35/repo/db_mod_env/.xml/ezic/ezic_date.xml",
                      "/home/pete/wefwefwef/docs/other/17e8061a5594f37af4198a6b87b24a35/repo/db_mod_env/.xml/ezic/erldev.xml",
                      "/home/pete/wefwefwef/docs/other/17e8061a5594f37af4198a6b87b24a35/repo/db_mod_env/.xml/ezic/ezic_flatten.xml"]
Generating HTML - ezic_db_ets "/home/pete/wefwefwef/docs/other/17e8061a5594f37af4198a6b87b24a35/repo/db_mod_env/.xml/ezic/ezic_db_ets.xml"
Generating HTML - ezic_rule "/home/pete/wefwefwef/docs/other/17e8061a5594f37af4198a6b87b24a35/repo/db_mod_env/.xml/ezic/ezic_rule.xml"
Generating HTML - ezic_zone "/home/pete/wefwefwef/docs/other/17e8061a5594f37af4198a6b87b24a35/repo/db_mod_env/.xml/ezic/ezic_zone.xml"
Generating HTML - ezic_flatten "/home/pete/wefwefwef/docs/other/17e8061a5594f37af4198a6b87b24a35/repo/db_mod_env/.xml/ezic/ezic_flatten.xml"
Reading XML for "/home/pete/wefwefwef/docs/other/17e8061a5594f37af4198a6b87b24a35/repo/db_mod_env/.xml/ezic/ezic_db_ets.xml"
Reading XML for "/home/pete/wefwefwef/docs/other/17e8061a5594f37af4198a6b87b24a35/repo/db_mod_env/.xml/ezic/ezic_rule.xml"
Reading XML for "/home/pete/wefwefwef/docs/other/17e8061a5594f37af4198a6b87b24a35/repo/db_mod_env/.xml/ezic/ezic_zone.xml"
Reading XML for "/home/pete/wefwefwef/docs/other/17e8061a5594f37af4198a6b87b24a35/repo/db_mod_env/.xml/ezic/ezic_flatten.xml"
Reading XML for "/home/pete/wefwefwef/docs/other/17e8061a5594f37af4198a6b87b24a35/repo/db_mod_env/.xml/specs_ezic_db_ets.xml"
Reading XML for "/home/pete/wefwefwef/docs/other/17e8061a5594f37af4198a6b87b24a35/repo/db_mod_env/.xml/specs_ezic_rule.xml"
Reading XML for "/home/pete/wefwefwef/docs/other/17e8061a5594f37af4198a6b87b24a35/repo/db_mod_env/.xml/specs_ezic_zone.xml"
Generating HTML - ezic "/home/pete/wefwefwef/docs/other/17e8061a5594f37af4198a6b87b24a35/repo/db_mod_env/.xml/ezic/ezic.xml"
Reading XML for "/home/pete/wefwefwef/docs/other/17e8061a5594f37af4198a6b87b24a35/repo/db_mod_env/.xml/specs_ezic_flatten.xml"
Reading XML for "/home/pete/wefwefwef/docs/other/17e8061a5594f37af4198a6b87b24a35/repo/db_mod_env/.xml/ezic/ezic.xml"
Generating HTML - ezic_loader "/home/pete/wefwefwef/docs/other/17e8061a5594f37af4198a6b87b24a35/repo/db_mod_env/.xml/ezic/ezic_loader.xml"
Reading XML for "/home/pete/wefwefwef/docs/other/17e8061a5594f37af4198a6b87b24a35/repo/db_mod_env/.xml/ezic/ezic_loader.xml"
Error running script:
[{erlang,'++',
     [{badrpc,
          {'EXIT',
              {{case_clause,{'EXIT',[],[]}},
               [{erldocs_core,build_file_map,3,
                    [{file,"src/erldocs_core.erl"},{line,84}]},
                {erldocs_core,'-mapreduce/4-fun-0-',4,
                    [{file,"src/erldocs_core.erl"},{line,831}]},
                {lists,foldl,3,[{file,"lists.erl"},{line,1261}]},
                {rpc,local_call,3,[{file,"rpc.erl"},{line,329}]},
                {rpc,'-async_call/4-fun-0-',5,
                    [{file,"rpc.erl"},{line,647}]}]}}},
      []],
     []},
 {lists,append,2,[{file,"lists.erl"},{line,114}]},
 {lists,foldl,3,[{file,"lists.erl"},{line,1261}]},
 {erldocs_core,build_apps,3,[{file,"src/erldocs_core.erl"},{line,74}]},
 {lists,foldl,3,[{file,"lists.erl"},{line,1261}]},
 {erldocs_core,build,1,[{file,"src/erldocs_core.erl"},{line,53}]},
 {erldocs_core,dispatch,1,[{file,"src/erldocs_core.erl"},{line,39}]},
 {erldocs,run,1,[{file,"src/erldocs.erl"},{line,64}]}]
{error,badarg}
 :: Discovering other repos
$ 5000  `rm -r '/home/pete/wefwefwef/docs/other/17e8061a5594f37af4198a6b87b24a35/ezic-branch-db_mod_env'  2>&1`
Reading XML for "/home/pete/wefwefwef/docs/other/17e8061a5594f37af4198a6b87b24a35/repo/db_mod_env/.xml/specs_ezic.xml"
Reading XML for "/home/pete/wefwefwef/docs/other/17e8061a5594f37af4198a6b87b24a35/repo/db_mod_env/.xml/specs_ezic_loader.xml"
 :: Finishing up
Generating HTML - ezic_db "/home/pete/wefwefwef/docs/other/17e8061a5594f37af4198a6b87b24a35/repo/db_mod_env/.xml/ezic/ezic_db.xml"
$ 5000  `rm -r '/home/pete/wefwefwef/docs/other/17e8061a5594f37af4198a6b87b24a35/ezic'  2>&1`
Reading XML for "/home/pete/wefwefwef/docs/other/17e8061a5594f37af4198a6b87b24a35/repo/db_mod_env/.xml/ezic/ezic_db.xml"
$ 5000  `rm -r '/home/pete/wefwefwef/docs/other/17e8061a5594f37af4198a6b87b24a35/repo/db_mod_env'  2>&1`
Reading XML for "/home/pete/wefwefwef/docs/other/17e8061a5594f37af4198a6b87b24a35/repo/db_mod_env/.xml/specs_ezic_db.xml"
$ 5000  `rm -r '/home/pete/wefwefwef/docs/other/17e8061a5594f37af4198a6b87b24a35/repo/invalid_dates'  2>&1`
$ 5000  `rm -r '/home/pete/wefwefwef/docs/other/17e8061a5594f37af4198a6b87b24a35/repo/master'  2>&1`
$ 5000  `rm -r '/home/pete/wefwefwef/docs/other/17e8061a5594f37af4198a6b87b24a35/repo/v0.3.0'  2>&1`
