 :: Extracting meta information
$ 5000  `git ls-remote --heads --tags 'https://github.com/lemenkov/erlrtpproxy-notifier'  2>&1`
>>> [repo] 1 branches, 12 tags
 :: Writing meta to "/home/pete/wefwefwef/docs/other/3024559107/meta.txt"
 :: Processing https://github.com/lemenkov/erlrtpproxy-notifier	{rev,tag,"0.0.1","4f95462dc7852ff8329487a6a02a4c11796603a8",undefined,[],[]}
 :: Fetching repo code
$ cd "/home/pete/wefwefwef/docs/other/3024559107/erlrtpproxy-notifier-tag-0.0.1/erlrtpproxy-notifier"
$ infinity  `curl --fail --silent --show-error --location --output '0.0.1.zip' 'https://github.com/lemenkov/erlrtpproxy-notifier/archive/0.0.1.zip'  2>&1`
$ cd "/home/pete/wefwefwef/docs/erldocs_other.git"
$ cd "/home/pete/wefwefwef/docs/other/3024559107/erlrtpproxy-notifier-tag-0.0.1/erlrtpproxy-notifier"
$ 5000  `find -P . -type l -delete  2>&1`
$ cd "/home/pete/wefwefwef/docs/erldocs_other.git"
$ cd "/home/pete/wefwefwef/docs/other/3024559107/erlrtpproxy-notifier-tag-0.0.1/erlrtpproxy-notifier"
$ 5000  `find 'erlrtpproxy-notifier-0.0.1' -mindepth 1 -maxdepth 1 -exec mv -t . -- {} +  2>&1`
$ cd "/home/pete/wefwefwef/docs/erldocs_other.git"
 :: Getting dependencies
$ cd "/home/pete/wefwefwef/docs/other/3024559107/erlrtpproxy-notifier-tag-0.0.1/erlrtpproxy-notifier"
$ 5000  `ls -1 deps/  2>&1`
$ cd "/home/pete/wefwefwef/docs/erldocs_other.git"
>>> [rebar] deps = []
 :: Generating erldocs into /home/pete/wefwefwef/docs/other/3024559107/repo/0.0.1
Building erlrtpproxy-notifier
Generating Type Specs - "/home/pete/wefwefwef/docs/other/3024559107/erlrtpproxy-notifier-tag-0.0.1/erlrtpproxy-notifier/src/rtpproxy_radius.erl"
/home/pete/wefwefwef/docs/other/3024559107/erlrtpproxy-notifier-tag-0.0.1/erlrtpproxy-notifier/src/rtpproxy_radius.erl: at line 13: can't find include lib "eradius/include/eradius_lib.hrl"
EDoc could not process file '/home/pete/wefwefwef/docs/other/3024559107/erlrtpproxy-notifier-tag-0.0.1/erlrtpproxy-notifier/src/rtpproxy_radius.erl'
Error generating type specs for "/home/pete/wefwefwef/docs/other/3024559107/erlrtpproxy-notifier-tag-0.0.1/erlrtpproxy-notifier/src/rtpproxy_radius.erl"
Generating Type Specs - "/home/pete/wefwefwef/docs/other/3024559107/erlrtpproxy-notifier-tag-0.0.1/erlrtpproxy-notifier/src/rtpproxy_radius_app.erl"
Generating Type Specs - "/home/pete/wefwefwef/docs/other/3024559107/erlrtpproxy-notifier-tag-0.0.1/erlrtpproxy-notifier/src/rtpproxy_radius_sup.erl"
Generating XML for application erlrtpproxy-notifier "/home/pete/wefwefwef/docs/other/3024559107/erlrtpproxy-notifier-tag-0.0.1/erlrtpproxy-notifier" -> "/home/pete/wefwefwef/docs/other/3024559107/repo/0.0.1/.xml/erlrtpproxy-notifier"
/home/pete/wefwefwef/docs/other/3024559107/erlrtpproxy-notifier-tag-0.0.1/erlrtpproxy-notifier/src/rtpproxy_radius.erl: at line 13: can't find include lib "eradius/include/eradius_lib.hrl"
edoc: skipping source file '/home/pete/wefwefwef/docs/other/3024559107/erlrtpproxy-notifier-tag-0.0.1/erlrtpproxy-notifier/src/rtpproxy_radius.erl': {'EXIT',
                                                                                                                                                error}.
edoc: error in doclet 'edoc_doclet': {'EXIT',error}.
Error generating erlrtpproxy-notifier XMLs. Using fallback ...
Generating XML erlrtpproxy-notifier - rtpproxy_radius "/home/pete/wefwefwef/docs/other/3024559107/erlrtpproxy-notifier-tag-0.0.1/erlrtpproxy-notifier/src/rtpproxy_radius.erl" -> "/home/pete/wefwefwef/docs/other/3024559107/repo/0.0.1/.xml/erlrtpproxy-notifier/rtpproxy_radius.xml"
/home/pete/wefwefwef/docs/other/3024559107/erlrtpproxy-notifier-tag-0.0.1/erlrtpproxy-notifier/src/rtpproxy_radius.erl: at line 13: can't find include lib "eradius/include/eradius_lib.hrl"
Error generating XML ("/home/pete/wefwefwef/docs/other/3024559107/erlrtpproxy-notifier-tag-0.0.1/erlrtpproxy-notifier/src/rtpproxy_radius.erl"): {'EXIT',
                                                                                                                                                  error}
Generating XML erlrtpproxy-notifier - rtpproxy_radius_app "/home/pete/wefwefwef/docs/other/3024559107/erlrtpproxy-notifier-tag-0.0.1/erlrtpproxy-notifier/src/rtpproxy_radius_app.erl" -> "/home/pete/wefwefwef/docs/other/3024559107/repo/0.0.1/.xml/erlrtpproxy-notifier/rtpproxy_radius_app.xml"
Generating XML erlrtpproxy-notifier - rtpproxy_radius_sup "/home/pete/wefwefwef/docs/other/3024559107/erlrtpproxy-notifier-tag-0.0.1/erlrtpproxy-notifier/src/rtpproxy_radius_sup.erl" -> "/home/pete/wefwefwef/docs/other/3024559107/repo/0.0.1/.xml/erlrtpproxy-notifier/rtpproxy_radius_sup.xml"
Generating HTML - rtpproxy_radius_app "/home/pete/wefwefwef/docs/other/3024559107/repo/0.0.1/.xml/erlrtpproxy-notifier/rtpproxy_radius_app.xml"
Reading XML for "/home/pete/wefwefwef/docs/other/3024559107/repo/0.0.1/.xml/erlrtpproxy-notifier/rtpproxy_radius_app.xml"
Reading XML for "/home/pete/wefwefwef/docs/other/3024559107/repo/0.0.1/.xml/specs_rtpproxy_radius_app.xml"
Generating HTML - rtpproxy_radius_sup "/home/pete/wefwefwef/docs/other/3024559107/repo/0.0.1/.xml/erlrtpproxy-notifier/rtpproxy_radius_sup.xml"
Reading XML for "/home/pete/wefwefwef/docs/other/3024559107/repo/0.0.1/.xml/erlrtpproxy-notifier/rtpproxy_radius_sup.xml"
Reading XML for "/home/pete/wefwefwef/docs/other/3024559107/repo/0.0.1/.xml/specs_rtpproxy_radius_sup.xml"
Creating index.html ...
Creating erldocs_index.js ...
Woot, finished in 0 Minutes 0 Seconds
 :: Discovering other repos
$ 5000  `rm -r '/home/pete/wefwefwef/docs/other/3024559107/erlrtpproxy-notifier-tag-0.0.1'  2>&1`
 :: Processing https://github.com/lemenkov/erlrtpproxy-notifier	{rev,tag,"0.0.10","4f2e6a5fa037d0f7054113e9d5128aca114c7d2d",undefined,[],[]}
 :: Fetching repo code
$ cd "/home/pete/wefwefwef/docs/other/3024559107/erlrtpproxy-notifier-tag-0.0.10/erlrtpproxy-notifier"
$ infinity  `curl --fail --silent --show-error --location --output '0.0.10.zip' 'https://github.com/lemenkov/erlrtpproxy-notifier/archive/0.0.10.zip'  2>&1`
$ cd "/home/pete/wefwefwef/docs/erldocs_other.git"
$ cd "/home/pete/wefwefwef/docs/other/3024559107/erlrtpproxy-notifier-tag-0.0.10/erlrtpproxy-notifier"
$ 5000  `find -P . -type l -delete  2>&1`
$ cd "/home/pete/wefwefwef/docs/erldocs_other.git"
$ cd "/home/pete/wefwefwef/docs/other/3024559107/erlrtpproxy-notifier-tag-0.0.10/erlrtpproxy-notifier"
$ 5000  `find 'erlrtpproxy-notifier-0.0.10' -mindepth 1 -maxdepth 1 -exec mv -t . -- {} +  2>&1`
$ cd "/home/pete/wefwefwef/docs/erldocs_other.git"
 :: Getting dependencies
$ cd "/home/pete/wefwefwef/docs/other/3024559107/erlrtpproxy-notifier-tag-0.0.10/erlrtpproxy-notifier"
$ 5000  `ls -1 deps/  2>&1`
$ cd "/home/pete/wefwefwef/docs/erldocs_other.git"
>>> [rebar] deps = []
 :: Generating erldocs into /home/pete/wefwefwef/docs/other/3024559107/repo/0.0.10
Building erlrtpproxy-notifier
Generating Type Specs - "/home/pete/wefwefwef/docs/other/3024559107/erlrtpproxy-notifier-tag-0.0.10/erlrtpproxy-notifier/src/backend_sup.erl"
Generating Type Specs - "/home/pete/wefwefwef/docs/other/3024559107/erlrtpproxy-notifier-tag-0.0.10/erlrtpproxy-notifier/src/rtpproxy_notifier.erl"
Generating Type Specs - "/home/pete/wefwefwef/docs/other/3024559107/erlrtpproxy-notifier-tag-0.0.10/erlrtpproxy-notifier/src/rtpproxy_notifier_app.erl"
Generating Type Specs - "/home/pete/wefwefwef/docs/other/3024559107/erlrtpproxy-notifier-tag-0.0.10/erlrtpproxy-notifier/src/rtpproxy_notifier_backend_notify.erl"
Generating Type Specs - "/home/pete/wefwefwef/docs/other/3024559107/erlrtpproxy-notifier-tag-0.0.10/erlrtpproxy-notifier/src/rtpproxy_notifier_backend_radius.erl"
/home/pete/wefwefwef/docs/other/3024559107/erlrtpproxy-notifier-tag-0.0.10/erlrtpproxy-notifier/src/rtpproxy_notifier_backend_radius.erl: at line 13: can't find include lib "eradius/include/eradius_lib.hrl"
EDoc could not process file '/home/pete/wefwefwef/docs/other/3024559107/erlrtpproxy-notifier-tag-0.0.10/erlrtpproxy-notifier/src/rtpproxy_notifier_backend_radius.erl'
Error generating type specs for "/home/pete/wefwefwef/docs/other/3024559107/erlrtpproxy-notifier-tag-0.0.10/erlrtpproxy-notifier/src/rtpproxy_notifier_backend_radius.erl"
Generating Type Specs - "/home/pete/wefwefwef/docs/other/3024559107/erlrtpproxy-notifier-tag-0.0.10/erlrtpproxy-notifier/src/rtpproxy_notifier_sup.erl"
Generating XML for application erlrtpproxy-notifier "/home/pete/wefwefwef/docs/other/3024559107/erlrtpproxy-notifier-tag-0.0.10/erlrtpproxy-notifier" -> "/home/pete/wefwefwef/docs/other/3024559107/repo/0.0.10/.xml/erlrtpproxy-notifier"
/home/pete/wefwefwef/docs/other/3024559107/erlrtpproxy-notifier-tag-0.0.10/erlrtpproxy-notifier/src/rtpproxy_notifier_backend_radius.erl: at line 13: can't find include lib "eradius/include/eradius_lib.hrl"
edoc: skipping source file '/home/pete/wefwefwef/docs/other/3024559107/erlrtpproxy-notifier-tag-0.0.10/erlrtpproxy-notifier/src/rtpproxy_notifier_backend_radius.erl': {'EXIT',
                                                                                                                                                                  error}.
edoc: error in doclet 'edoc_doclet': {'EXIT',error}.
Error generating erlrtpproxy-notifier XMLs. Using fallback ...
Generating XML erlrtpproxy-notifier - backend_sup "/home/pete/wefwefwef/docs/other/3024559107/erlrtpproxy-notifier-tag-0.0.10/erlrtpproxy-notifier/src/backend_sup.erl" -> "/home/pete/wefwefwef/docs/other/3024559107/repo/0.0.10/.xml/erlrtpproxy-notifier/backend_sup.xml"
Generating XML erlrtpproxy-notifier - rtpproxy_notifier "/home/pete/wefwefwef/docs/other/3024559107/erlrtpproxy-notifier-tag-0.0.10/erlrtpproxy-notifier/src/rtpproxy_notifier.erl" -> "/home/pete/wefwefwef/docs/other/3024559107/repo/0.0.10/.xml/erlrtpproxy-notifier/rtpproxy_notifier.xml"
Generating XML erlrtpproxy-notifier - rtpproxy_notifier_app "/home/pete/wefwefwef/docs/other/3024559107/erlrtpproxy-notifier-tag-0.0.10/erlrtpproxy-notifier/src/rtpproxy_notifier_app.erl" -> "/home/pete/wefwefwef/docs/other/3024559107/repo/0.0.10/.xml/erlrtpproxy-notifier/rtpproxy_notifier_app.xml"
Generating XML erlrtpproxy-notifier - rtpproxy_notifier_backend_notify "/home/pete/wefwefwef/docs/other/3024559107/erlrtpproxy-notifier-tag-0.0.10/erlrtpproxy-notifier/src/rtpproxy_notifier_backend_notify.erl" -> "/home/pete/wefwefwef/docs/other/3024559107/repo/0.0.10/.xml/erlrtpproxy-notifier/rtpproxy_notifier_backend_notify.xml"
Generating XML erlrtpproxy-notifier - rtpproxy_notifier_backend_radius "/home/pete/wefwefwef/docs/other/3024559107/erlrtpproxy-notifier-tag-0.0.10/erlrtpproxy-notifier/src/rtpproxy_notifier_backend_radius.erl" -> "/home/pete/wefwefwef/docs/other/3024559107/repo/0.0.10/.xml/erlrtpproxy-notifier/rtpproxy_notifier_backend_radius.xml"
/home/pete/wefwefwef/docs/other/3024559107/erlrtpproxy-notifier-tag-0.0.10/erlrtpproxy-notifier/src/rtpproxy_notifier_backend_radius.erl: at line 13: can't find include lib "eradius/include/eradius_lib.hrl"
Error generating XML ("/home/pete/wefwefwef/docs/other/3024559107/erlrtpproxy-notifier-tag-0.0.10/erlrtpproxy-notifier/src/rtpproxy_notifier_backend_radius.erl"): {'EXIT',
                                                                                                                                                                    error}
Generating XML erlrtpproxy-notifier - rtpproxy_notifier_sup "/home/pete/wefwefwef/docs/other/3024559107/erlrtpproxy-notifier-tag-0.0.10/erlrtpproxy-notifier/src/rtpproxy_notifier_sup.erl" -> "/home/pete/wefwefwef/docs/other/3024559107/repo/0.0.10/.xml/erlrtpproxy-notifier/rtpproxy_notifier_sup.xml"
Generating HTML - rtpproxy_notifier_sup "/home/pete/wefwefwef/docs/other/3024559107/repo/0.0.10/.xml/erlrtpproxy-notifier/rtpproxy_notifier_sup.xml"
Generating HTML - rtpproxy_notifier_backend_notify "/home/pete/wefwefwef/docs/other/3024559107/repo/0.0.10/.xml/erlrtpproxy-notifier/rtpproxy_notifier_backend_notify.xml"
Generating HTML - rtpproxy_notifier_app "/home/pete/wefwefwef/docs/other/3024559107/repo/0.0.10/.xml/erlrtpproxy-notifier/rtpproxy_notifier_app.xml"
Generating HTML - backend_sup "/home/pete/wefwefwef/docs/other/3024559107/repo/0.0.10/.xml/erlrtpproxy-notifier/backend_sup.xml"
Reading XML for "/home/pete/wefwefwef/docs/other/3024559107/repo/0.0.10/.xml/erlrtpproxy-notifier/rtpproxy_notifier_sup.xml"
Reading XML for "/home/pete/wefwefwef/docs/other/3024559107/repo/0.0.10/.xml/erlrtpproxy-notifier/rtpproxy_notifier_backend_notify.xml"
Reading XML for "/home/pete/wefwefwef/docs/other/3024559107/repo/0.0.10/.xml/erlrtpproxy-notifier/rtpproxy_notifier_app.xml"
Reading XML for "/home/pete/wefwefwef/docs/other/3024559107/repo/0.0.10/.xml/erlrtpproxy-notifier/backend_sup.xml"
Reading XML for "/home/pete/wefwefwef/docs/other/3024559107/repo/0.0.10/.xml/specs_rtpproxy_notifier_app.xml"
Reading XML for "/home/pete/wefwefwef/docs/other/3024559107/repo/0.0.10/.xml/specs_rtpproxy_notifier_backend_notify.xml"
Reading XML for "/home/pete/wefwefwef/docs/other/3024559107/repo/0.0.10/.xml/specs_rtpproxy_notifier_sup.xml"
Reading XML for "/home/pete/wefwefwef/docs/other/3024559107/repo/0.0.10/.xml/specs_backend_sup.xml"
Generating HTML - rtpproxy_notifier "/home/pete/wefwefwef/docs/other/3024559107/repo/0.0.10/.xml/erlrtpproxy-notifier/rtpproxy_notifier.xml"
Reading XML for "/home/pete/wefwefwef/docs/other/3024559107/repo/0.0.10/.xml/erlrtpproxy-notifier/rtpproxy_notifier.xml"
Reading XML for "/home/pete/wefwefwef/docs/other/3024559107/repo/0.0.10/.xml/specs_rtpproxy_notifier.xml"
Creating index.html ...
Creating erldocs_index.js ...
Woot, finished in 0 Minutes 0 Seconds
 :: Discovering other repos
$ 5000  `rm -r '/home/pete/wefwefwef/docs/other/3024559107/erlrtpproxy-notifier-tag-0.0.10'  2>&1`
 :: Processing https://github.com/lemenkov/erlrtpproxy-notifier	{rev,tag,"0.0.11","dc31b8537402b924d180e26186c293ab1c3c940a",undefined,[],[]}
 :: Fetching repo code
$ cd "/home/pete/wefwefwef/docs/other/3024559107/erlrtpproxy-notifier-tag-0.0.11/erlrtpproxy-notifier"
$ infinity  `curl --fail --silent --show-error --location --output '0.0.11.zip' 'https://github.com/lemenkov/erlrtpproxy-notifier/archive/0.0.11.zip'  2>&1`
$ cd "/home/pete/wefwefwef/docs/erldocs_other.git"
$ cd "/home/pete/wefwefwef/docs/other/3024559107/erlrtpproxy-notifier-tag-0.0.11/erlrtpproxy-notifier"
$ 5000  `find -P . -type l -delete  2>&1`
$ cd "/home/pete/wefwefwef/docs/erldocs_other.git"
$ cd "/home/pete/wefwefwef/docs/other/3024559107/erlrtpproxy-notifier-tag-0.0.11/erlrtpproxy-notifier"
$ 5000  `find 'erlrtpproxy-notifier-0.0.11' -mindepth 1 -maxdepth 1 -exec mv -t . -- {} +  2>&1`
$ cd "/home/pete/wefwefwef/docs/erldocs_other.git"
 :: Getting dependencies
$ cd "/home/pete/wefwefwef/docs/other/3024559107/erlrtpproxy-notifier-tag-0.0.11/erlrtpproxy-notifier"
$ 5000  `ls -1 deps/  2>&1`
$ cd "/home/pete/wefwefwef/docs/erldocs_other.git"
>>> [rebar] deps = []
 :: Generating erldocs into /home/pete/wefwefwef/docs/other/3024559107/repo/0.0.11
Building erlrtpproxy-notifier
Generating Type Specs - "/home/pete/wefwefwef/docs/other/3024559107/erlrtpproxy-notifier-tag-0.0.11/erlrtpproxy-notifier/src/backend_sup.erl"
Generating Type Specs - "/home/pete/wefwefwef/docs/other/3024559107/erlrtpproxy-notifier-tag-0.0.11/erlrtpproxy-notifier/src/rtpproxy_notifier.erl"
Generating Type Specs - "/home/pete/wefwefwef/docs/other/3024559107/erlrtpproxy-notifier-tag-0.0.11/erlrtpproxy-notifier/src/rtpproxy_notifier_app.erl"
Generating Type Specs - "/home/pete/wefwefwef/docs/other/3024559107/erlrtpproxy-notifier-tag-0.0.11/erlrtpproxy-notifier/src/rtpproxy_notifier_backend_notify.erl"
Generating Type Specs - "/home/pete/wefwefwef/docs/other/3024559107/erlrtpproxy-notifier-tag-0.0.11/erlrtpproxy-notifier/src/rtpproxy_notifier_backend_radius.erl"
/home/pete/wefwefwef/docs/other/3024559107/erlrtpproxy-notifier-tag-0.0.11/erlrtpproxy-notifier/src/rtpproxy_notifier_backend_radius.erl: at line 13: can't find include lib "eradius/include/eradius_lib.hrl"
EDoc could not process file '/home/pete/wefwefwef/docs/other/3024559107/erlrtpproxy-notifier-tag-0.0.11/erlrtpproxy-notifier/src/rtpproxy_notifier_backend_radius.erl'
Error generating type specs for "/home/pete/wefwefwef/docs/other/3024559107/erlrtpproxy-notifier-tag-0.0.11/erlrtpproxy-notifier/src/rtpproxy_notifier_backend_radius.erl"
Generating Type Specs - "/home/pete/wefwefwef/docs/other/3024559107/erlrtpproxy-notifier-tag-0.0.11/erlrtpproxy-notifier/src/rtpproxy_notifier_sup.erl"
Generating XML for application erlrtpproxy-notifier "/home/pete/wefwefwef/docs/other/3024559107/erlrtpproxy-notifier-tag-0.0.11/erlrtpproxy-notifier" -> "/home/pete/wefwefwef/docs/other/3024559107/repo/0.0.11/.xml/erlrtpproxy-notifier"
/home/pete/wefwefwef/docs/other/3024559107/erlrtpproxy-notifier-tag-0.0.11/erlrtpproxy-notifier/src/rtpproxy_notifier_backend_radius.erl: at line 13: can't find include lib "eradius/include/eradius_lib.hrl"
edoc: skipping source file '/home/pete/wefwefwef/docs/other/3024559107/erlrtpproxy-notifier-tag-0.0.11/erlrtpproxy-notifier/src/rtpproxy_notifier_backend_radius.erl': {'EXIT',
                                                                                                                                                                  error}.
edoc: error in doclet 'edoc_doclet': {'EXIT',error}.
Error generating erlrtpproxy-notifier XMLs. Using fallback ...
Generating XML erlrtpproxy-notifier - backend_sup "/home/pete/wefwefwef/docs/other/3024559107/erlrtpproxy-notifier-tag-0.0.11/erlrtpproxy-notifier/src/backend_sup.erl" -> "/home/pete/wefwefwef/docs/other/3024559107/repo/0.0.11/.xml/erlrtpproxy-notifier/backend_sup.xml"
Generating XML erlrtpproxy-notifier - rtpproxy_notifier "/home/pete/wefwefwef/docs/other/3024559107/erlrtpproxy-notifier-tag-0.0.11/erlrtpproxy-notifier/src/rtpproxy_notifier.erl" -> "/home/pete/wefwefwef/docs/other/3024559107/repo/0.0.11/.xml/erlrtpproxy-notifier/rtpproxy_notifier.xml"
Generating XML erlrtpproxy-notifier - rtpproxy_notifier_app "/home/pete/wefwefwef/docs/other/3024559107/erlrtpproxy-notifier-tag-0.0.11/erlrtpproxy-notifier/src/rtpproxy_notifier_app.erl" -> "/home/pete/wefwefwef/docs/other/3024559107/repo/0.0.11/.xml/erlrtpproxy-notifier/rtpproxy_notifier_app.xml"
Generating XML erlrtpproxy-notifier - rtpproxy_notifier_backend_notify "/home/pete/wefwefwef/docs/other/3024559107/erlrtpproxy-notifier-tag-0.0.11/erlrtpproxy-notifier/src/rtpproxy_notifier_backend_notify.erl" -> "/home/pete/wefwefwef/docs/other/3024559107/repo/0.0.11/.xml/erlrtpproxy-notifier/rtpproxy_notifier_backend_notify.xml"
Generating XML erlrtpproxy-notifier - rtpproxy_notifier_backend_radius "/home/pete/wefwefwef/docs/other/3024559107/erlrtpproxy-notifier-tag-0.0.11/erlrtpproxy-notifier/src/rtpproxy_notifier_backend_radius.erl" -> "/home/pete/wefwefwef/docs/other/3024559107/repo/0.0.11/.xml/erlrtpproxy-notifier/rtpproxy_notifier_backend_radius.xml"
/home/pete/wefwefwef/docs/other/3024559107/erlrtpproxy-notifier-tag-0.0.11/erlrtpproxy-notifier/src/rtpproxy_notifier_backend_radius.erl: at line 13: can't find include lib "eradius/include/eradius_lib.hrl"
Error generating XML ("/home/pete/wefwefwef/docs/other/3024559107/erlrtpproxy-notifier-tag-0.0.11/erlrtpproxy-notifier/src/rtpproxy_notifier_backend_radius.erl"): {'EXIT',
                                                                                                                                                                    error}
Generating XML erlrtpproxy-notifier - rtpproxy_notifier_sup "/home/pete/wefwefwef/docs/other/3024559107/erlrtpproxy-notifier-tag-0.0.11/erlrtpproxy-notifier/src/rtpproxy_notifier_sup.erl" -> "/home/pete/wefwefwef/docs/other/3024559107/repo/0.0.11/.xml/erlrtpproxy-notifier/rtpproxy_notifier_sup.xml"
Generating HTML - rtpproxy_notifier_sup "/home/pete/wefwefwef/docs/other/3024559107/repo/0.0.11/.xml/erlrtpproxy-notifier/rtpproxy_notifier_sup.xml"
Generating HTML - rtpproxy_notifier_backend_notify "/home/pete/wefwefwef/docs/other/3024559107/repo/0.0.11/.xml/erlrtpproxy-notifier/rtpproxy_notifier_backend_notify.xml"
Generating HTML - rtpproxy_notifier_app "/home/pete/wefwefwef/docs/other/3024559107/repo/0.0.11/.xml/erlrtpproxy-notifier/rtpproxy_notifier_app.xml"
Generating HTML - backend_sup "/home/pete/wefwefwef/docs/other/3024559107/repo/0.0.11/.xml/erlrtpproxy-notifier/backend_sup.xml"
Reading XML for "/home/pete/wefwefwef/docs/other/3024559107/repo/0.0.11/.xml/erlrtpproxy-notifier/rtpproxy_notifier_sup.xml"
Reading XML for "/home/pete/wefwefwef/docs/other/3024559107/repo/0.0.11/.xml/erlrtpproxy-notifier/rtpproxy_notifier_backend_notify.xml"
Reading XML for "/home/pete/wefwefwef/docs/other/3024559107/repo/0.0.11/.xml/erlrtpproxy-notifier/rtpproxy_notifier_app.xml"
Reading XML for "/home/pete/wefwefwef/docs/other/3024559107/repo/0.0.11/.xml/erlrtpproxy-notifier/backend_sup.xml"
Reading XML for "/home/pete/wefwefwef/docs/other/3024559107/repo/0.0.11/.xml/specs_rtpproxy_notifier_sup.xml"
Reading XML for "/home/pete/wefwefwef/docs/other/3024559107/repo/0.0.11/.xml/specs_backend_sup.xml"
Reading XML for "/home/pete/wefwefwef/docs/other/3024559107/repo/0.0.11/.xml/specs_rtpproxy_notifier_app.xml"
Reading XML for "/home/pete/wefwefwef/docs/other/3024559107/repo/0.0.11/.xml/specs_rtpproxy_notifier_backend_notify.xml"
Generating HTML - rtpproxy_notifier "/home/pete/wefwefwef/docs/other/3024559107/repo/0.0.11/.xml/erlrtpproxy-notifier/rtpproxy_notifier.xml"
Reading XML for "/home/pete/wefwefwef/docs/other/3024559107/repo/0.0.11/.xml/erlrtpproxy-notifier/rtpproxy_notifier.xml"
Reading XML for "/home/pete/wefwefwef/docs/other/3024559107/repo/0.0.11/.xml/specs_rtpproxy_notifier.xml"
Creating index.html ...
Creating erldocs_index.js ...
Woot, finished in 0 Minutes 0 Seconds
 :: Discovering other repos
$ 5000  `rm -r '/home/pete/wefwefwef/docs/other/3024559107/erlrtpproxy-notifier-tag-0.0.11'  2>&1`
 :: Processing https://github.com/lemenkov/erlrtpproxy-notifier	{rev,tag,"0.0.12","b55b29f1b5a3c85e83018e2feca625818f64da0f",undefined,[],[]}
 :: Fetching repo code
$ cd "/home/pete/wefwefwef/docs/other/3024559107/erlrtpproxy-notifier-tag-0.0.12/erlrtpproxy-notifier"
$ infinity  `curl --fail --silent --show-error --location --output '0.0.12.zip' 'https://github.com/lemenkov/erlrtpproxy-notifier/archive/0.0.12.zip'  2>&1`
$ cd "/home/pete/wefwefwef/docs/erldocs_other.git"
$ cd "/home/pete/wefwefwef/docs/other/3024559107/erlrtpproxy-notifier-tag-0.0.12/erlrtpproxy-notifier"
$ 5000  `find -P . -type l -delete  2>&1`
$ cd "/home/pete/wefwefwef/docs/erldocs_other.git"
$ cd "/home/pete/wefwefwef/docs/other/3024559107/erlrtpproxy-notifier-tag-0.0.12/erlrtpproxy-notifier"
$ 5000  `find 'erlrtpproxy-notifier-0.0.12' -mindepth 1 -maxdepth 1 -exec mv -t . -- {} +  2>&1`
$ cd "/home/pete/wefwefwef/docs/erldocs_other.git"
 :: Getting dependencies
$ cd "/home/pete/wefwefwef/docs/other/3024559107/erlrtpproxy-notifier-tag-0.0.12/erlrtpproxy-notifier"
$ 5000  `ls -1 deps/  2>&1`
$ cd "/home/pete/wefwefwef/docs/erldocs_other.git"
>>> [rebar] deps = []
 :: Generating erldocs into /home/pete/wefwefwef/docs/other/3024559107/repo/0.0.12
Building erlrtpproxy-notifier
Generating Type Specs - "/home/pete/wefwefwef/docs/other/3024559107/erlrtpproxy-notifier-tag-0.0.12/erlrtpproxy-notifier/src/backend_sup.erl"
Generating Type Specs - "/home/pete/wefwefwef/docs/other/3024559107/erlrtpproxy-notifier-tag-0.0.12/erlrtpproxy-notifier/src/rtpproxy_notifier.erl"
Generating Type Specs - "/home/pete/wefwefwef/docs/other/3024559107/erlrtpproxy-notifier-tag-0.0.12/erlrtpproxy-notifier/src/rtpproxy_notifier_app.erl"
Generating Type Specs - "/home/pete/wefwefwef/docs/other/3024559107/erlrtpproxy-notifier-tag-0.0.12/erlrtpproxy-notifier/src/rtpproxy_notifier_backend_notify.erl"
Generating Type Specs - "/home/pete/wefwefwef/docs/other/3024559107/erlrtpproxy-notifier-tag-0.0.12/erlrtpproxy-notifier/src/rtpproxy_notifier_backend_radius.erl"
/home/pete/wefwefwef/docs/other/3024559107/erlrtpproxy-notifier-tag-0.0.12/erlrtpproxy-notifier/src/rtpproxy_notifier_backend_radius.erl: at line 13: can't find include lib "eradius/include/eradius_lib.hrl"
EDoc could not process file '/home/pete/wefwefwef/docs/other/3024559107/erlrtpproxy-notifier-tag-0.0.12/erlrtpproxy-notifier/src/rtpproxy_notifier_backend_radius.erl'
Error generating type specs for "/home/pete/wefwefwef/docs/other/3024559107/erlrtpproxy-notifier-tag-0.0.12/erlrtpproxy-notifier/src/rtpproxy_notifier_backend_radius.erl"
Generating Type Specs - "/home/pete/wefwefwef/docs/other/3024559107/erlrtpproxy-notifier-tag-0.0.12/erlrtpproxy-notifier/src/rtpproxy_notifier_sup.erl"
Generating XML for application erlrtpproxy-notifier "/home/pete/wefwefwef/docs/other/3024559107/erlrtpproxy-notifier-tag-0.0.12/erlrtpproxy-notifier" -> "/home/pete/wefwefwef/docs/other/3024559107/repo/0.0.12/.xml/erlrtpproxy-notifier"
/home/pete/wefwefwef/docs/other/3024559107/erlrtpproxy-notifier-tag-0.0.12/erlrtpproxy-notifier/src/rtpproxy_notifier_backend_radius.erl: at line 13: can't find include lib "eradius/include/eradius_lib.hrl"
edoc: skipping source file '/home/pete/wefwefwef/docs/other/3024559107/erlrtpproxy-notifier-tag-0.0.12/erlrtpproxy-notifier/src/rtpproxy_notifier_backend_radius.erl': {'EXIT',
                                                                                                                                                                  error}.
edoc: error in doclet 'edoc_doclet': {'EXIT',error}.
Error generating erlrtpproxy-notifier XMLs. Using fallback ...
Generating XML erlrtpproxy-notifier - backend_sup "/home/pete/wefwefwef/docs/other/3024559107/erlrtpproxy-notifier-tag-0.0.12/erlrtpproxy-notifier/src/backend_sup.erl" -> "/home/pete/wefwefwef/docs/other/3024559107/repo/0.0.12/.xml/erlrtpproxy-notifier/backend_sup.xml"
Generating XML erlrtpproxy-notifier - rtpproxy_notifier "/home/pete/wefwefwef/docs/other/3024559107/erlrtpproxy-notifier-tag-0.0.12/erlrtpproxy-notifier/src/rtpproxy_notifier.erl" -> "/home/pete/wefwefwef/docs/other/3024559107/repo/0.0.12/.xml/erlrtpproxy-notifier/rtpproxy_notifier.xml"
Generating XML erlrtpproxy-notifier - rtpproxy_notifier_app "/home/pete/wefwefwef/docs/other/3024559107/erlrtpproxy-notifier-tag-0.0.12/erlrtpproxy-notifier/src/rtpproxy_notifier_app.erl" -> "/home/pete/wefwefwef/docs/other/3024559107/repo/0.0.12/.xml/erlrtpproxy-notifier/rtpproxy_notifier_app.xml"
Generating XML erlrtpproxy-notifier - rtpproxy_notifier_backend_notify "/home/pete/wefwefwef/docs/other/3024559107/erlrtpproxy-notifier-tag-0.0.12/erlrtpproxy-notifier/src/rtpproxy_notifier_backend_notify.erl" -> "/home/pete/wefwefwef/docs/other/3024559107/repo/0.0.12/.xml/erlrtpproxy-notifier/rtpproxy_notifier_backend_notify.xml"
Generating XML erlrtpproxy-notifier - rtpproxy_notifier_backend_radius "/home/pete/wefwefwef/docs/other/3024559107/erlrtpproxy-notifier-tag-0.0.12/erlrtpproxy-notifier/src/rtpproxy_notifier_backend_radius.erl" -> "/home/pete/wefwefwef/docs/other/3024559107/repo/0.0.12/.xml/erlrtpproxy-notifier/rtpproxy_notifier_backend_radius.xml"
/home/pete/wefwefwef/docs/other/3024559107/erlrtpproxy-notifier-tag-0.0.12/erlrtpproxy-notifier/src/rtpproxy_notifier_backend_radius.erl: at line 13: can't find include lib "eradius/include/eradius_lib.hrl"
Error generating XML ("/home/pete/wefwefwef/docs/other/3024559107/erlrtpproxy-notifier-tag-0.0.12/erlrtpproxy-notifier/src/rtpproxy_notifier_backend_radius.erl"): {'EXIT',
                                                                                                                                                                    error}
Generating XML erlrtpproxy-notifier - rtpproxy_notifier_sup "/home/pete/wefwefwef/docs/other/3024559107/erlrtpproxy-notifier-tag-0.0.12/erlrtpproxy-notifier/src/rtpproxy_notifier_sup.erl" -> "/home/pete/wefwefwef/docs/other/3024559107/repo/0.0.12/.xml/erlrtpproxy-notifier/rtpproxy_notifier_sup.xml"
Generating HTML - rtpproxy_notifier_sup "/home/pete/wefwefwef/docs/other/3024559107/repo/0.0.12/.xml/erlrtpproxy-notifier/rtpproxy_notifier_sup.xml"
Generating HTML - rtpproxy_notifier_backend_notify "/home/pete/wefwefwef/docs/other/3024559107/repo/0.0.12/.xml/erlrtpproxy-notifier/rtpproxy_notifier_backend_notify.xml"
Generating HTML - rtpproxy_notifier_app "/home/pete/wefwefwef/docs/other/3024559107/repo/0.0.12/.xml/erlrtpproxy-notifier/rtpproxy_notifier_app.xml"
Generating HTML - backend_sup "/home/pete/wefwefwef/docs/other/3024559107/repo/0.0.12/.xml/erlrtpproxy-notifier/backend_sup.xml"
Reading XML for "/home/pete/wefwefwef/docs/other/3024559107/repo/0.0.12/.xml/erlrtpproxy-notifier/rtpproxy_notifier_sup.xml"
Reading XML for "/home/pete/wefwefwef/docs/other/3024559107/repo/0.0.12/.xml/erlrtpproxy-notifier/rtpproxy_notifier_backend_notify.xml"
Reading XML for "/home/pete/wefwefwef/docs/other/3024559107/repo/0.0.12/.xml/erlrtpproxy-notifier/rtpproxy_notifier_app.xml"
Reading XML for "/home/pete/wefwefwef/docs/other/3024559107/repo/0.0.12/.xml/erlrtpproxy-notifier/backend_sup.xml"
Reading XML for "/home/pete/wefwefwef/docs/other/3024559107/repo/0.0.12/.xml/specs_rtpproxy_notifier_backend_notify.xml"
Reading XML for "/home/pete/wefwefwef/docs/other/3024559107/repo/0.0.12/.xml/specs_rtpproxy_notifier_sup.xml"
Reading XML for "/home/pete/wefwefwef/docs/other/3024559107/repo/0.0.12/.xml/specs_backend_sup.xml"
Reading XML for "/home/pete/wefwefwef/docs/other/3024559107/repo/0.0.12/.xml/specs_rtpproxy_notifier_app.xml"
Generating HTML - rtpproxy_notifier "/home/pete/wefwefwef/docs/other/3024559107/repo/0.0.12/.xml/erlrtpproxy-notifier/rtpproxy_notifier.xml"
Reading XML for "/home/pete/wefwefwef/docs/other/3024559107/repo/0.0.12/.xml/erlrtpproxy-notifier/rtpproxy_notifier.xml"
Reading XML for "/home/pete/wefwefwef/docs/other/3024559107/repo/0.0.12/.xml/specs_rtpproxy_notifier.xml"
Creating index.html ...
Creating erldocs_index.js ...
Woot, finished in 0 Minutes 0 Seconds
 :: Discovering other repos
$ 5000  `rm -r '/home/pete/wefwefwef/docs/other/3024559107/erlrtpproxy-notifier-tag-0.0.12'  2>&1`
 :: Processing https://github.com/lemenkov/erlrtpproxy-notifier	{rev,tag,"0.0.2","8b597744b0b0dc6f32482f81da4929c2997ca3d5",undefined,[],[]}
 :: Fetching repo code
$ cd "/home/pete/wefwefwef/docs/other/3024559107/erlrtpproxy-notifier-tag-0.0.2/erlrtpproxy-notifier"
$ infinity  `curl --fail --silent --show-error --location --output '0.0.2.zip' 'https://github.com/lemenkov/erlrtpproxy-notifier/archive/0.0.2.zip'  2>&1`
$ cd "/home/pete/wefwefwef/docs/erldocs_other.git"
$ cd "/home/pete/wefwefwef/docs/other/3024559107/erlrtpproxy-notifier-tag-0.0.2/erlrtpproxy-notifier"
$ 5000  `find -P . -type l -delete  2>&1`
$ cd "/home/pete/wefwefwef/docs/erldocs_other.git"
$ cd "/home/pete/wefwefwef/docs/other/3024559107/erlrtpproxy-notifier-tag-0.0.2/erlrtpproxy-notifier"
$ 5000  `find 'erlrtpproxy-notifier-0.0.2' -mindepth 1 -maxdepth 1 -exec mv -t . -- {} +  2>&1`
$ cd "/home/pete/wefwefwef/docs/erldocs_other.git"
 :: Getting dependencies
$ cd "/home/pete/wefwefwef/docs/other/3024559107/erlrtpproxy-notifier-tag-0.0.2/erlrtpproxy-notifier"
$ 5000  `ls -1 deps/  2>&1`
$ cd "/home/pete/wefwefwef/docs/erldocs_other.git"
>>> [rebar] deps = []
 :: Generating erldocs into /home/pete/wefwefwef/docs/other/3024559107/repo/0.0.2
Building erlrtpproxy-notifier
Generating Type Specs - "/home/pete/wefwefwef/docs/other/3024559107/erlrtpproxy-notifier-tag-0.0.2/erlrtpproxy-notifier/src/rtpproxy_radius.erl"
/home/pete/wefwefwef/docs/other/3024559107/erlrtpproxy-notifier-tag-0.0.2/erlrtpproxy-notifier/src/rtpproxy_radius.erl: at line 13: can't find include lib "eradius/include/eradius_lib.hrl"
EDoc could not process file '/home/pete/wefwefwef/docs/other/3024559107/erlrtpproxy-notifier-tag-0.0.2/erlrtpproxy-notifier/src/rtpproxy_radius.erl'
Error generating type specs for "/home/pete/wefwefwef/docs/other/3024559107/erlrtpproxy-notifier-tag-0.0.2/erlrtpproxy-notifier/src/rtpproxy_radius.erl"
Generating Type Specs - "/home/pete/wefwefwef/docs/other/3024559107/erlrtpproxy-notifier-tag-0.0.2/erlrtpproxy-notifier/src/rtpproxy_radius_app.erl"
Generating Type Specs - "/home/pete/wefwefwef/docs/other/3024559107/erlrtpproxy-notifier-tag-0.0.2/erlrtpproxy-notifier/src/rtpproxy_radius_sup.erl"
Generating XML for application erlrtpproxy-notifier "/home/pete/wefwefwef/docs/other/3024559107/erlrtpproxy-notifier-tag-0.0.2/erlrtpproxy-notifier" -> "/home/pete/wefwefwef/docs/other/3024559107/repo/0.0.2/.xml/erlrtpproxy-notifier"
/home/pete/wefwefwef/docs/other/3024559107/erlrtpproxy-notifier-tag-0.0.2/erlrtpproxy-notifier/src/rtpproxy_radius.erl: at line 13: can't find include lib "eradius/include/eradius_lib.hrl"
edoc: skipping source file '/home/pete/wefwefwef/docs/other/3024559107/erlrtpproxy-notifier-tag-0.0.2/erlrtpproxy-notifier/src/rtpproxy_radius.erl': {'EXIT',
                                                                                                                                                error}.
edoc: error in doclet 'edoc_doclet': {'EXIT',error}.
Error generating erlrtpproxy-notifier XMLs. Using fallback ...
Generating XML erlrtpproxy-notifier - rtpproxy_radius "/home/pete/wefwefwef/docs/other/3024559107/erlrtpproxy-notifier-tag-0.0.2/erlrtpproxy-notifier/src/rtpproxy_radius.erl" -> "/home/pete/wefwefwef/docs/other/3024559107/repo/0.0.2/.xml/erlrtpproxy-notifier/rtpproxy_radius.xml"
/home/pete/wefwefwef/docs/other/3024559107/erlrtpproxy-notifier-tag-0.0.2/erlrtpproxy-notifier/src/rtpproxy_radius.erl: at line 13: can't find include lib "eradius/include/eradius_lib.hrl"
Error generating XML ("/home/pete/wefwefwef/docs/other/3024559107/erlrtpproxy-notifier-tag-0.0.2/erlrtpproxy-notifier/src/rtpproxy_radius.erl"): {'EXIT',
                                                                                                                                                  error}
Generating XML erlrtpproxy-notifier - rtpproxy_radius_app "/home/pete/wefwefwef/docs/other/3024559107/erlrtpproxy-notifier-tag-0.0.2/erlrtpproxy-notifier/src/rtpproxy_radius_app.erl" -> "/home/pete/wefwefwef/docs/other/3024559107/repo/0.0.2/.xml/erlrtpproxy-notifier/rtpproxy_radius_app.xml"
Generating XML erlrtpproxy-notifier - rtpproxy_radius_sup "/home/pete/wefwefwef/docs/other/3024559107/erlrtpproxy-notifier-tag-0.0.2/erlrtpproxy-notifier/src/rtpproxy_radius_sup.erl" -> "/home/pete/wefwefwef/docs/other/3024559107/repo/0.0.2/.xml/erlrtpproxy-notifier/rtpproxy_radius_sup.xml"
Generating HTML - rtpproxy_radius_app "/home/pete/wefwefwef/docs/other/3024559107/repo/0.0.2/.xml/erlrtpproxy-notifier/rtpproxy_radius_app.xml"
Reading XML for "/home/pete/wefwefwef/docs/other/3024559107/repo/0.0.2/.xml/erlrtpproxy-notifier/rtpproxy_radius_app.xml"
Reading XML for "/home/pete/wefwefwef/docs/other/3024559107/repo/0.0.2/.xml/specs_rtpproxy_radius_app.xml"
Generating HTML - rtpproxy_radius_sup "/home/pete/wefwefwef/docs/other/3024559107/repo/0.0.2/.xml/erlrtpproxy-notifier/rtpproxy_radius_sup.xml"
Reading XML for "/home/pete/wefwefwef/docs/other/3024559107/repo/0.0.2/.xml/erlrtpproxy-notifier/rtpproxy_radius_sup.xml"
Reading XML for "/home/pete/wefwefwef/docs/other/3024559107/repo/0.0.2/.xml/specs_rtpproxy_radius_sup.xml"
Creating index.html ...
Creating erldocs_index.js ...
Woot, finished in 0 Minutes 0 Seconds
 :: Discovering other repos
$ 5000  `rm -r '/home/pete/wefwefwef/docs/other/3024559107/erlrtpproxy-notifier-tag-0.0.2'  2>&1`
 :: Processing https://github.com/lemenkov/erlrtpproxy-notifier	{rev,tag,"0.0.3","ce2020118897b9ae3e973c819ae38c5344b2e585",undefined,[],[]}
 :: Fetching repo code
$ cd "/home/pete/wefwefwef/docs/other/3024559107/erlrtpproxy-notifier-tag-0.0.3/erlrtpproxy-notifier"
$ infinity  `curl --fail --silent --show-error --location --output '0.0.3.zip' 'https://github.com/lemenkov/erlrtpproxy-notifier/archive/0.0.3.zip'  2>&1`
$ cd "/home/pete/wefwefwef/docs/erldocs_other.git"
$ cd "/home/pete/wefwefwef/docs/other/3024559107/erlrtpproxy-notifier-tag-0.0.3/erlrtpproxy-notifier"
$ 5000  `find -P . -type l -delete  2>&1`
$ cd "/home/pete/wefwefwef/docs/erldocs_other.git"
$ cd "/home/pete/wefwefwef/docs/other/3024559107/erlrtpproxy-notifier-tag-0.0.3/erlrtpproxy-notifier"
$ 5000  `find 'erlrtpproxy-notifier-0.0.3' -mindepth 1 -maxdepth 1 -exec mv -t . -- {} +  2>&1`
$ cd "/home/pete/wefwefwef/docs/erldocs_other.git"
 :: Getting dependencies
$ cd "/home/pete/wefwefwef/docs/other/3024559107/erlrtpproxy-notifier-tag-0.0.3/erlrtpproxy-notifier"
$ 5000  `ls -1 deps/  2>&1`
$ cd "/home/pete/wefwefwef/docs/erldocs_other.git"
>>> [rebar] deps = []
 :: Generating erldocs into /home/pete/wefwefwef/docs/other/3024559107/repo/0.0.3
Building erlrtpproxy-notifier
Generating Type Specs - "/home/pete/wefwefwef/docs/other/3024559107/erlrtpproxy-notifier-tag-0.0.3/erlrtpproxy-notifier/src/rtpproxy_radius.erl"
/home/pete/wefwefwef/docs/other/3024559107/erlrtpproxy-notifier-tag-0.0.3/erlrtpproxy-notifier/src/rtpproxy_radius.erl: at line 13: can't find include lib "eradius/include/eradius_lib.hrl"
EDoc could not process file '/home/pete/wefwefwef/docs/other/3024559107/erlrtpproxy-notifier-tag-0.0.3/erlrtpproxy-notifier/src/rtpproxy_radius.erl'
Error generating type specs for "/home/pete/wefwefwef/docs/other/3024559107/erlrtpproxy-notifier-tag-0.0.3/erlrtpproxy-notifier/src/rtpproxy_radius.erl"
Generating Type Specs - "/home/pete/wefwefwef/docs/other/3024559107/erlrtpproxy-notifier-tag-0.0.3/erlrtpproxy-notifier/src/rtpproxy_radius_app.erl"
Generating Type Specs - "/home/pete/wefwefwef/docs/other/3024559107/erlrtpproxy-notifier-tag-0.0.3/erlrtpproxy-notifier/src/rtpproxy_radius_sup.erl"
Generating XML for application erlrtpproxy-notifier "/home/pete/wefwefwef/docs/other/3024559107/erlrtpproxy-notifier-tag-0.0.3/erlrtpproxy-notifier" -> "/home/pete/wefwefwef/docs/other/3024559107/repo/0.0.3/.xml/erlrtpproxy-notifier"
/home/pete/wefwefwef/docs/other/3024559107/erlrtpproxy-notifier-tag-0.0.3/erlrtpproxy-notifier/src/rtpproxy_radius.erl: at line 13: can't find include lib "eradius/include/eradius_lib.hrl"
edoc: skipping source file '/home/pete/wefwefwef/docs/other/3024559107/erlrtpproxy-notifier-tag-0.0.3/erlrtpproxy-notifier/src/rtpproxy_radius.erl': {'EXIT',
                                                                                                                                                error}.
edoc: error in doclet 'edoc_doclet': {'EXIT',error}.
Error generating erlrtpproxy-notifier XMLs. Using fallback ...
Generating XML erlrtpproxy-notifier - rtpproxy_radius "/home/pete/wefwefwef/docs/other/3024559107/erlrtpproxy-notifier-tag-0.0.3/erlrtpproxy-notifier/src/rtpproxy_radius.erl" -> "/home/pete/wefwefwef/docs/other/3024559107/repo/0.0.3/.xml/erlrtpproxy-notifier/rtpproxy_radius.xml"
/home/pete/wefwefwef/docs/other/3024559107/erlrtpproxy-notifier-tag-0.0.3/erlrtpproxy-notifier/src/rtpproxy_radius.erl: at line 13: can't find include lib "eradius/include/eradius_lib.hrl"
Error generating XML ("/home/pete/wefwefwef/docs/other/3024559107/erlrtpproxy-notifier-tag-0.0.3/erlrtpproxy-notifier/src/rtpproxy_radius.erl"): {'EXIT',
                                                                                                                                                  error}
Generating XML erlrtpproxy-notifier - rtpproxy_radius_app "/home/pete/wefwefwef/docs/other/3024559107/erlrtpproxy-notifier-tag-0.0.3/erlrtpproxy-notifier/src/rtpproxy_radius_app.erl" -> "/home/pete/wefwefwef/docs/other/3024559107/repo/0.0.3/.xml/erlrtpproxy-notifier/rtpproxy_radius_app.xml"
Generating XML erlrtpproxy-notifier - rtpproxy_radius_sup "/home/pete/wefwefwef/docs/other/3024559107/erlrtpproxy-notifier-tag-0.0.3/erlrtpproxy-notifier/src/rtpproxy_radius_sup.erl" -> "/home/pete/wefwefwef/docs/other/3024559107/repo/0.0.3/.xml/erlrtpproxy-notifier/rtpproxy_radius_sup.xml"
Generating HTML - rtpproxy_radius_app "/home/pete/wefwefwef/docs/other/3024559107/repo/0.0.3/.xml/erlrtpproxy-notifier/rtpproxy_radius_app.xml"
Reading XML for "/home/pete/wefwefwef/docs/other/3024559107/repo/0.0.3/.xml/erlrtpproxy-notifier/rtpproxy_radius_app.xml"
Reading XML for "/home/pete/wefwefwef/docs/other/3024559107/repo/0.0.3/.xml/specs_rtpproxy_radius_app.xml"
Generating HTML - rtpproxy_radius_sup "/home/pete/wefwefwef/docs/other/3024559107/repo/0.0.3/.xml/erlrtpproxy-notifier/rtpproxy_radius_sup.xml"
Reading XML for "/home/pete/wefwefwef/docs/other/3024559107/repo/0.0.3/.xml/erlrtpproxy-notifier/rtpproxy_radius_sup.xml"
Reading XML for "/home/pete/wefwefwef/docs/other/3024559107/repo/0.0.3/.xml/specs_rtpproxy_radius_sup.xml"
Creating index.html ...
Creating erldocs_index.js ...
Woot, finished in 0 Minutes 0 Seconds
 :: Discovering other repos
$ 5000  `rm -r '/home/pete/wefwefwef/docs/other/3024559107/erlrtpproxy-notifier-tag-0.0.3'  2>&1`
 :: Processing https://github.com/lemenkov/erlrtpproxy-notifier	{rev,tag,"0.0.4","5d300f3b8657139a0909fd75dafd0794ea4eff0f",undefined,[],[]}
 :: Fetching repo code
$ cd "/home/pete/wefwefwef/docs/other/3024559107/erlrtpproxy-notifier-tag-0.0.4/erlrtpproxy-notifier"
$ infinity  `curl --fail --silent --show-error --location --output '0.0.4.zip' 'https://github.com/lemenkov/erlrtpproxy-notifier/archive/0.0.4.zip'  2>&1`
$ cd "/home/pete/wefwefwef/docs/erldocs_other.git"
$ cd "/home/pete/wefwefwef/docs/other/3024559107/erlrtpproxy-notifier-tag-0.0.4/erlrtpproxy-notifier"
$ 5000  `find -P . -type l -delete  2>&1`
$ cd "/home/pete/wefwefwef/docs/erldocs_other.git"
$ cd "/home/pete/wefwefwef/docs/other/3024559107/erlrtpproxy-notifier-tag-0.0.4/erlrtpproxy-notifier"
$ 5000  `find 'erlrtpproxy-notifier-0.0.4' -mindepth 1 -maxdepth 1 -exec mv -t . -- {} +  2>&1`
$ cd "/home/pete/wefwefwef/docs/erldocs_other.git"
 :: Getting dependencies
$ cd "/home/pete/wefwefwef/docs/other/3024559107/erlrtpproxy-notifier-tag-0.0.4/erlrtpproxy-notifier"
$ 5000  `ls -1 deps/  2>&1`
$ cd "/home/pete/wefwefwef/docs/erldocs_other.git"
>>> [rebar] deps = []
 :: Generating erldocs into /home/pete/wefwefwef/docs/other/3024559107/repo/0.0.4
Building erlrtpproxy-notifier
Generating Type Specs - "/home/pete/wefwefwef/docs/other/3024559107/erlrtpproxy-notifier-tag-0.0.4/erlrtpproxy-notifier/src/rtpproxy_radius.erl"
/home/pete/wefwefwef/docs/other/3024559107/erlrtpproxy-notifier-tag-0.0.4/erlrtpproxy-notifier/src/rtpproxy_radius.erl: at line 13: can't find include lib "eradius/include/eradius_lib.hrl"
EDoc could not process file '/home/pete/wefwefwef/docs/other/3024559107/erlrtpproxy-notifier-tag-0.0.4/erlrtpproxy-notifier/src/rtpproxy_radius.erl'
Error generating type specs for "/home/pete/wefwefwef/docs/other/3024559107/erlrtpproxy-notifier-tag-0.0.4/erlrtpproxy-notifier/src/rtpproxy_radius.erl"
Generating Type Specs - "/home/pete/wefwefwef/docs/other/3024559107/erlrtpproxy-notifier-tag-0.0.4/erlrtpproxy-notifier/src/rtpproxy_radius_app.erl"
Generating Type Specs - "/home/pete/wefwefwef/docs/other/3024559107/erlrtpproxy-notifier-tag-0.0.4/erlrtpproxy-notifier/src/rtpproxy_radius_sup.erl"
Generating XML for application erlrtpproxy-notifier "/home/pete/wefwefwef/docs/other/3024559107/erlrtpproxy-notifier-tag-0.0.4/erlrtpproxy-notifier" -> "/home/pete/wefwefwef/docs/other/3024559107/repo/0.0.4/.xml/erlrtpproxy-notifier"
/home/pete/wefwefwef/docs/other/3024559107/erlrtpproxy-notifier-tag-0.0.4/erlrtpproxy-notifier/src/rtpproxy_radius.erl: at line 13: can't find include lib "eradius/include/eradius_lib.hrl"
edoc: skipping source file '/home/pete/wefwefwef/docs/other/3024559107/erlrtpproxy-notifier-tag-0.0.4/erlrtpproxy-notifier/src/rtpproxy_radius.erl': {'EXIT',
                                                                                                                                                error}.
edoc: error in doclet 'edoc_doclet': {'EXIT',error}.
Error generating erlrtpproxy-notifier XMLs. Using fallback ...
Generating XML erlrtpproxy-notifier - rtpproxy_radius "/home/pete/wefwefwef/docs/other/3024559107/erlrtpproxy-notifier-tag-0.0.4/erlrtpproxy-notifier/src/rtpproxy_radius.erl" -> "/home/pete/wefwefwef/docs/other/3024559107/repo/0.0.4/.xml/erlrtpproxy-notifier/rtpproxy_radius.xml"
/home/pete/wefwefwef/docs/other/3024559107/erlrtpproxy-notifier-tag-0.0.4/erlrtpproxy-notifier/src/rtpproxy_radius.erl: at line 13: can't find include lib "eradius/include/eradius_lib.hrl"
Error generating XML ("/home/pete/wefwefwef/docs/other/3024559107/erlrtpproxy-notifier-tag-0.0.4/erlrtpproxy-notifier/src/rtpproxy_radius.erl"): {'EXIT',
                                                                                                                                                  error}
Generating XML erlrtpproxy-notifier - rtpproxy_radius_app "/home/pete/wefwefwef/docs/other/3024559107/erlrtpproxy-notifier-tag-0.0.4/erlrtpproxy-notifier/src/rtpproxy_radius_app.erl" -> "/home/pete/wefwefwef/docs/other/3024559107/repo/0.0.4/.xml/erlrtpproxy-notifier/rtpproxy_radius_app.xml"
Generating XML erlrtpproxy-notifier - rtpproxy_radius_sup "/home/pete/wefwefwef/docs/other/3024559107/erlrtpproxy-notifier-tag-0.0.4/erlrtpproxy-notifier/src/rtpproxy_radius_sup.erl" -> "/home/pete/wefwefwef/docs/other/3024559107/repo/0.0.4/.xml/erlrtpproxy-notifier/rtpproxy_radius_sup.xml"
Generating HTML - rtpproxy_radius_app "/home/pete/wefwefwef/docs/other/3024559107/repo/0.0.4/.xml/erlrtpproxy-notifier/rtpproxy_radius_app.xml"
Reading XML for "/home/pete/wefwefwef/docs/other/3024559107/repo/0.0.4/.xml/erlrtpproxy-notifier/rtpproxy_radius_app.xml"
Reading XML for "/home/pete/wefwefwef/docs/other/3024559107/repo/0.0.4/.xml/specs_rtpproxy_radius_app.xml"
Generating HTML - rtpproxy_radius_sup "/home/pete/wefwefwef/docs/other/3024559107/repo/0.0.4/.xml/erlrtpproxy-notifier/rtpproxy_radius_sup.xml"
Reading XML for "/home/pete/wefwefwef/docs/other/3024559107/repo/0.0.4/.xml/erlrtpproxy-notifier/rtpproxy_radius_sup.xml"
Reading XML for "/home/pete/wefwefwef/docs/other/3024559107/repo/0.0.4/.xml/specs_rtpproxy_radius_sup.xml"
Creating index.html ...
Creating erldocs_index.js ...
Woot, finished in 0 Minutes 0 Seconds
 :: Discovering other repos
$ 5000  `rm -r '/home/pete/wefwefwef/docs/other/3024559107/erlrtpproxy-notifier-tag-0.0.4'  2>&1`
 :: Processing https://github.com/lemenkov/erlrtpproxy-notifier	{rev,tag,"0.0.5","d6bfb879c1bc974f299d3d9d37baf9b30e07d455",undefined,[],[]}
 :: Fetching repo code
$ cd "/home/pete/wefwefwef/docs/other/3024559107/erlrtpproxy-notifier-tag-0.0.5/erlrtpproxy-notifier"
$ infinity  `curl --fail --silent --show-error --location --output '0.0.5.zip' 'https://github.com/lemenkov/erlrtpproxy-notifier/archive/0.0.5.zip'  2>&1`
$ cd "/home/pete/wefwefwef/docs/erldocs_other.git"
$ cd "/home/pete/wefwefwef/docs/other/3024559107/erlrtpproxy-notifier-tag-0.0.5/erlrtpproxy-notifier"
$ 5000  `find -P . -type l -delete  2>&1`
$ cd "/home/pete/wefwefwef/docs/erldocs_other.git"
$ cd "/home/pete/wefwefwef/docs/other/3024559107/erlrtpproxy-notifier-tag-0.0.5/erlrtpproxy-notifier"
$ 5000  `find 'erlrtpproxy-notifier-0.0.5' -mindepth 1 -maxdepth 1 -exec mv -t . -- {} +  2>&1`
$ cd "/home/pete/wefwefwef/docs/erldocs_other.git"
 :: Getting dependencies
$ cd "/home/pete/wefwefwef/docs/other/3024559107/erlrtpproxy-notifier-tag-0.0.5/erlrtpproxy-notifier"
$ 5000  `ls -1 deps/  2>&1`
$ cd "/home/pete/wefwefwef/docs/erldocs_other.git"
>>> [rebar] deps = []
 :: Generating erldocs into /home/pete/wefwefwef/docs/other/3024559107/repo/0.0.5
Building erlrtpproxy-notifier
Generating Type Specs - "/home/pete/wefwefwef/docs/other/3024559107/erlrtpproxy-notifier-tag-0.0.5/erlrtpproxy-notifier/src/backend_sup.erl"
Generating Type Specs - "/home/pete/wefwefwef/docs/other/3024559107/erlrtpproxy-notifier-tag-0.0.5/erlrtpproxy-notifier/src/rtpproxy_notifier.erl"
Generating Type Specs - "/home/pete/wefwefwef/docs/other/3024559107/erlrtpproxy-notifier-tag-0.0.5/erlrtpproxy-notifier/src/rtpproxy_notifier_app.erl"
Generating Type Specs - "/home/pete/wefwefwef/docs/other/3024559107/erlrtpproxy-notifier-tag-0.0.5/erlrtpproxy-notifier/src/rtpproxy_notifier_backend_notify.erl"
Generating Type Specs - "/home/pete/wefwefwef/docs/other/3024559107/erlrtpproxy-notifier-tag-0.0.5/erlrtpproxy-notifier/src/rtpproxy_notifier_backend_radius.erl"
/home/pete/wefwefwef/docs/other/3024559107/erlrtpproxy-notifier-tag-0.0.5/erlrtpproxy-notifier/src/rtpproxy_notifier_backend_radius.erl: at line 13: can't find include lib "eradius/include/eradius_lib.hrl"
EDoc could not process file '/home/pete/wefwefwef/docs/other/3024559107/erlrtpproxy-notifier-tag-0.0.5/erlrtpproxy-notifier/src/rtpproxy_notifier_backend_radius.erl'
Error generating type specs for "/home/pete/wefwefwef/docs/other/3024559107/erlrtpproxy-notifier-tag-0.0.5/erlrtpproxy-notifier/src/rtpproxy_notifier_backend_radius.erl"
Generating Type Specs - "/home/pete/wefwefwef/docs/other/3024559107/erlrtpproxy-notifier-tag-0.0.5/erlrtpproxy-notifier/src/rtpproxy_notifier_sup.erl"
Generating XML for application erlrtpproxy-notifier "/home/pete/wefwefwef/docs/other/3024559107/erlrtpproxy-notifier-tag-0.0.5/erlrtpproxy-notifier" -> "/home/pete/wefwefwef/docs/other/3024559107/repo/0.0.5/.xml/erlrtpproxy-notifier"
/home/pete/wefwefwef/docs/other/3024559107/erlrtpproxy-notifier-tag-0.0.5/erlrtpproxy-notifier/src/rtpproxy_notifier_backend_radius.erl: at line 13: can't find include lib "eradius/include/eradius_lib.hrl"
edoc: skipping source file '/home/pete/wefwefwef/docs/other/3024559107/erlrtpproxy-notifier-tag-0.0.5/erlrtpproxy-notifier/src/rtpproxy_notifier_backend_radius.erl': {'EXIT',
                                                                                                                                                                 error}.
edoc: error in doclet 'edoc_doclet': {'EXIT',error}.
Error generating erlrtpproxy-notifier XMLs. Using fallback ...
Generating XML erlrtpproxy-notifier - backend_sup "/home/pete/wefwefwef/docs/other/3024559107/erlrtpproxy-notifier-tag-0.0.5/erlrtpproxy-notifier/src/backend_sup.erl" -> "/home/pete/wefwefwef/docs/other/3024559107/repo/0.0.5/.xml/erlrtpproxy-notifier/backend_sup.xml"
Generating XML erlrtpproxy-notifier - rtpproxy_notifier "/home/pete/wefwefwef/docs/other/3024559107/erlrtpproxy-notifier-tag-0.0.5/erlrtpproxy-notifier/src/rtpproxy_notifier.erl" -> "/home/pete/wefwefwef/docs/other/3024559107/repo/0.0.5/.xml/erlrtpproxy-notifier/rtpproxy_notifier.xml"
Generating XML erlrtpproxy-notifier - rtpproxy_notifier_app "/home/pete/wefwefwef/docs/other/3024559107/erlrtpproxy-notifier-tag-0.0.5/erlrtpproxy-notifier/src/rtpproxy_notifier_app.erl" -> "/home/pete/wefwefwef/docs/other/3024559107/repo/0.0.5/.xml/erlrtpproxy-notifier/rtpproxy_notifier_app.xml"
Generating XML erlrtpproxy-notifier - rtpproxy_notifier_backend_notify "/home/pete/wefwefwef/docs/other/3024559107/erlrtpproxy-notifier-tag-0.0.5/erlrtpproxy-notifier/src/rtpproxy_notifier_backend_notify.erl" -> "/home/pete/wefwefwef/docs/other/3024559107/repo/0.0.5/.xml/erlrtpproxy-notifier/rtpproxy_notifier_backend_notify.xml"
Generating XML erlrtpproxy-notifier - rtpproxy_notifier_backend_radius "/home/pete/wefwefwef/docs/other/3024559107/erlrtpproxy-notifier-tag-0.0.5/erlrtpproxy-notifier/src/rtpproxy_notifier_backend_radius.erl" -> "/home/pete/wefwefwef/docs/other/3024559107/repo/0.0.5/.xml/erlrtpproxy-notifier/rtpproxy_notifier_backend_radius.xml"
/home/pete/wefwefwef/docs/other/3024559107/erlrtpproxy-notifier-tag-0.0.5/erlrtpproxy-notifier/src/rtpproxy_notifier_backend_radius.erl: at line 13: can't find include lib "eradius/include/eradius_lib.hrl"
Error generating XML ("/home/pete/wefwefwef/docs/other/3024559107/erlrtpproxy-notifier-tag-0.0.5/erlrtpproxy-notifier/src/rtpproxy_notifier_backend_radius.erl"): {'EXIT',
                                                                                                                                                                   error}
Generating XML erlrtpproxy-notifier - rtpproxy_notifier_sup "/home/pete/wefwefwef/docs/other/3024559107/erlrtpproxy-notifier-tag-0.0.5/erlrtpproxy-notifier/src/rtpproxy_notifier_sup.erl" -> "/home/pete/wefwefwef/docs/other/3024559107/repo/0.0.5/.xml/erlrtpproxy-notifier/rtpproxy_notifier_sup.xml"
Generating HTML - rtpproxy_notifier_sup "/home/pete/wefwefwef/docs/other/3024559107/repo/0.0.5/.xml/erlrtpproxy-notifier/rtpproxy_notifier_sup.xml"
Generating HTML - rtpproxy_notifier_backend_notify "/home/pete/wefwefwef/docs/other/3024559107/repo/0.0.5/.xml/erlrtpproxy-notifier/rtpproxy_notifier_backend_notify.xml"
Generating HTML - rtpproxy_notifier_app "/home/pete/wefwefwef/docs/other/3024559107/repo/0.0.5/.xml/erlrtpproxy-notifier/rtpproxy_notifier_app.xml"
Generating HTML - backend_sup "/home/pete/wefwefwef/docs/other/3024559107/repo/0.0.5/.xml/erlrtpproxy-notifier/backend_sup.xml"
Reading XML for "/home/pete/wefwefwef/docs/other/3024559107/repo/0.0.5/.xml/erlrtpproxy-notifier/rtpproxy_notifier_sup.xml"
Reading XML for "/home/pete/wefwefwef/docs/other/3024559107/repo/0.0.5/.xml/erlrtpproxy-notifier/rtpproxy_notifier_backend_notify.xml"
Reading XML for "/home/pete/wefwefwef/docs/other/3024559107/repo/0.0.5/.xml/erlrtpproxy-notifier/rtpproxy_notifier_app.xml"
Reading XML for "/home/pete/wefwefwef/docs/other/3024559107/repo/0.0.5/.xml/erlrtpproxy-notifier/backend_sup.xml"
Reading XML for "/home/pete/wefwefwef/docs/other/3024559107/repo/0.0.5/.xml/specs_rtpproxy_notifier_sup.xml"
Reading XML for "/home/pete/wefwefwef/docs/other/3024559107/repo/0.0.5/.xml/specs_backend_sup.xml"
Generating HTML - rtpproxy_notifier "/home/pete/wefwefwef/docs/other/3024559107/repo/0.0.5/.xml/erlrtpproxy-notifier/rtpproxy_notifier.xml"
Reading XML for "/home/pete/wefwefwef/docs/other/3024559107/repo/0.0.5/.xml/erlrtpproxy-notifier/rtpproxy_notifier.xml"
Reading XML for "/home/pete/wefwefwef/docs/other/3024559107/repo/0.0.5/.xml/specs_rtpproxy_notifier_app.xml"
Reading XML for "/home/pete/wefwefwef/docs/other/3024559107/repo/0.0.5/.xml/specs_rtpproxy_notifier_backend_notify.xml"
Reading XML for "/home/pete/wefwefwef/docs/other/3024559107/repo/0.0.5/.xml/specs_rtpproxy_notifier.xml"
Creating index.html ...
Creating erldocs_index.js ...
Woot, finished in 0 Minutes 0 Seconds
 :: Discovering other repos
$ 5000  `rm -r '/home/pete/wefwefwef/docs/other/3024559107/erlrtpproxy-notifier-tag-0.0.5'  2>&1`
 :: Processing https://github.com/lemenkov/erlrtpproxy-notifier	{rev,tag,"0.0.6","083024fcd7382f145ff60433cd6f8bd937e9ad78",undefined,[],[]}
 :: Fetching repo code
$ cd "/home/pete/wefwefwef/docs/other/3024559107/erlrtpproxy-notifier-tag-0.0.6/erlrtpproxy-notifier"
$ infinity  `curl --fail --silent --show-error --location --output '0.0.6.zip' 'https://github.com/lemenkov/erlrtpproxy-notifier/archive/0.0.6.zip'  2>&1`
$ cd "/home/pete/wefwefwef/docs/erldocs_other.git"
$ cd "/home/pete/wefwefwef/docs/other/3024559107/erlrtpproxy-notifier-tag-0.0.6/erlrtpproxy-notifier"
$ 5000  `find -P . -type l -delete  2>&1`
$ cd "/home/pete/wefwefwef/docs/erldocs_other.git"
$ cd "/home/pete/wefwefwef/docs/other/3024559107/erlrtpproxy-notifier-tag-0.0.6/erlrtpproxy-notifier"
$ 5000  `find 'erlrtpproxy-notifier-0.0.6' -mindepth 1 -maxdepth 1 -exec mv -t . -- {} +  2>&1`
$ cd "/home/pete/wefwefwef/docs/erldocs_other.git"
 :: Getting dependencies
$ cd "/home/pete/wefwefwef/docs/other/3024559107/erlrtpproxy-notifier-tag-0.0.6/erlrtpproxy-notifier"
$ 5000  `ls -1 deps/  2>&1`
$ cd "/home/pete/wefwefwef/docs/erldocs_other.git"
>>> [rebar] deps = []
 :: Generating erldocs into /home/pete/wefwefwef/docs/other/3024559107/repo/0.0.6
Building erlrtpproxy-notifier
Generating Type Specs - "/home/pete/wefwefwef/docs/other/3024559107/erlrtpproxy-notifier-tag-0.0.6/erlrtpproxy-notifier/src/backend_sup.erl"
Generating Type Specs - "/home/pete/wefwefwef/docs/other/3024559107/erlrtpproxy-notifier-tag-0.0.6/erlrtpproxy-notifier/src/rtpproxy_notifier.erl"
Generating Type Specs - "/home/pete/wefwefwef/docs/other/3024559107/erlrtpproxy-notifier-tag-0.0.6/erlrtpproxy-notifier/src/rtpproxy_notifier_app.erl"
Generating Type Specs - "/home/pete/wefwefwef/docs/other/3024559107/erlrtpproxy-notifier-tag-0.0.6/erlrtpproxy-notifier/src/rtpproxy_notifier_backend_notify.erl"
Generating Type Specs - "/home/pete/wefwefwef/docs/other/3024559107/erlrtpproxy-notifier-tag-0.0.6/erlrtpproxy-notifier/src/rtpproxy_notifier_backend_radius.erl"
/home/pete/wefwefwef/docs/other/3024559107/erlrtpproxy-notifier-tag-0.0.6/erlrtpproxy-notifier/src/rtpproxy_notifier_backend_radius.erl: at line 13: can't find include lib "eradius/include/eradius_lib.hrl"
EDoc could not process file '/home/pete/wefwefwef/docs/other/3024559107/erlrtpproxy-notifier-tag-0.0.6/erlrtpproxy-notifier/src/rtpproxy_notifier_backend_radius.erl'
Error generating type specs for "/home/pete/wefwefwef/docs/other/3024559107/erlrtpproxy-notifier-tag-0.0.6/erlrtpproxy-notifier/src/rtpproxy_notifier_backend_radius.erl"
Generating Type Specs - "/home/pete/wefwefwef/docs/other/3024559107/erlrtpproxy-notifier-tag-0.0.6/erlrtpproxy-notifier/src/rtpproxy_notifier_sup.erl"
Generating XML for application erlrtpproxy-notifier "/home/pete/wefwefwef/docs/other/3024559107/erlrtpproxy-notifier-tag-0.0.6/erlrtpproxy-notifier" -> "/home/pete/wefwefwef/docs/other/3024559107/repo/0.0.6/.xml/erlrtpproxy-notifier"
/home/pete/wefwefwef/docs/other/3024559107/erlrtpproxy-notifier-tag-0.0.6/erlrtpproxy-notifier/src/rtpproxy_notifier_backend_radius.erl: at line 13: can't find include lib "eradius/include/eradius_lib.hrl"
edoc: skipping source file '/home/pete/wefwefwef/docs/other/3024559107/erlrtpproxy-notifier-tag-0.0.6/erlrtpproxy-notifier/src/rtpproxy_notifier_backend_radius.erl': {'EXIT',
                                                                                                                                                                 error}.
edoc: error in doclet 'edoc_doclet': {'EXIT',error}.
Error generating erlrtpproxy-notifier XMLs. Using fallback ...
Generating XML erlrtpproxy-notifier - backend_sup "/home/pete/wefwefwef/docs/other/3024559107/erlrtpproxy-notifier-tag-0.0.6/erlrtpproxy-notifier/src/backend_sup.erl" -> "/home/pete/wefwefwef/docs/other/3024559107/repo/0.0.6/.xml/erlrtpproxy-notifier/backend_sup.xml"
Generating XML erlrtpproxy-notifier - rtpproxy_notifier "/home/pete/wefwefwef/docs/other/3024559107/erlrtpproxy-notifier-tag-0.0.6/erlrtpproxy-notifier/src/rtpproxy_notifier.erl" -> "/home/pete/wefwefwef/docs/other/3024559107/repo/0.0.6/.xml/erlrtpproxy-notifier/rtpproxy_notifier.xml"
Generating XML erlrtpproxy-notifier - rtpproxy_notifier_app "/home/pete/wefwefwef/docs/other/3024559107/erlrtpproxy-notifier-tag-0.0.6/erlrtpproxy-notifier/src/rtpproxy_notifier_app.erl" -> "/home/pete/wefwefwef/docs/other/3024559107/repo/0.0.6/.xml/erlrtpproxy-notifier/rtpproxy_notifier_app.xml"
Generating XML erlrtpproxy-notifier - rtpproxy_notifier_backend_notify "/home/pete/wefwefwef/docs/other/3024559107/erlrtpproxy-notifier-tag-0.0.6/erlrtpproxy-notifier/src/rtpproxy_notifier_backend_notify.erl" -> "/home/pete/wefwefwef/docs/other/3024559107/repo/0.0.6/.xml/erlrtpproxy-notifier/rtpproxy_notifier_backend_notify.xml"
Generating XML erlrtpproxy-notifier - rtpproxy_notifier_backend_radius "/home/pete/wefwefwef/docs/other/3024559107/erlrtpproxy-notifier-tag-0.0.6/erlrtpproxy-notifier/src/rtpproxy_notifier_backend_radius.erl" -> "/home/pete/wefwefwef/docs/other/3024559107/repo/0.0.6/.xml/erlrtpproxy-notifier/rtpproxy_notifier_backend_radius.xml"
/home/pete/wefwefwef/docs/other/3024559107/erlrtpproxy-notifier-tag-0.0.6/erlrtpproxy-notifier/src/rtpproxy_notifier_backend_radius.erl: at line 13: can't find include lib "eradius/include/eradius_lib.hrl"
Error generating XML ("/home/pete/wefwefwef/docs/other/3024559107/erlrtpproxy-notifier-tag-0.0.6/erlrtpproxy-notifier/src/rtpproxy_notifier_backend_radius.erl"): {'EXIT',
                                                                                                                                                                   error}
Generating XML erlrtpproxy-notifier - rtpproxy_notifier_sup "/home/pete/wefwefwef/docs/other/3024559107/erlrtpproxy-notifier-tag-0.0.6/erlrtpproxy-notifier/src/rtpproxy_notifier_sup.erl" -> "/home/pete/wefwefwef/docs/other/3024559107/repo/0.0.6/.xml/erlrtpproxy-notifier/rtpproxy_notifier_sup.xml"
Generating HTML - rtpproxy_notifier_sup "/home/pete/wefwefwef/docs/other/3024559107/repo/0.0.6/.xml/erlrtpproxy-notifier/rtpproxy_notifier_sup.xml"
Generating HTML - rtpproxy_notifier_backend_notify "/home/pete/wefwefwef/docs/other/3024559107/repo/0.0.6/.xml/erlrtpproxy-notifier/rtpproxy_notifier_backend_notify.xml"
Generating HTML - rtpproxy_notifier_app "/home/pete/wefwefwef/docs/other/3024559107/repo/0.0.6/.xml/erlrtpproxy-notifier/rtpproxy_notifier_app.xml"
Generating HTML - backend_sup "/home/pete/wefwefwef/docs/other/3024559107/repo/0.0.6/.xml/erlrtpproxy-notifier/backend_sup.xml"
Reading XML for "/home/pete/wefwefwef/docs/other/3024559107/repo/0.0.6/.xml/erlrtpproxy-notifier/rtpproxy_notifier_sup.xml"
Reading XML for "/home/pete/wefwefwef/docs/other/3024559107/repo/0.0.6/.xml/erlrtpproxy-notifier/rtpproxy_notifier_backend_notify.xml"
Reading XML for "/home/pete/wefwefwef/docs/other/3024559107/repo/0.0.6/.xml/erlrtpproxy-notifier/rtpproxy_notifier_app.xml"
Reading XML for "/home/pete/wefwefwef/docs/other/3024559107/repo/0.0.6/.xml/erlrtpproxy-notifier/backend_sup.xml"
Reading XML for "/home/pete/wefwefwef/docs/other/3024559107/repo/0.0.6/.xml/specs_rtpproxy_notifier_app.xml"
Reading XML for "/home/pete/wefwefwef/docs/other/3024559107/repo/0.0.6/.xml/specs_backend_sup.xml"
Generating HTML - rtpproxy_notifier "/home/pete/wefwefwef/docs/other/3024559107/repo/0.0.6/.xml/erlrtpproxy-notifier/rtpproxy_notifier.xml"
Reading XML for "/home/pete/wefwefwef/docs/other/3024559107/repo/0.0.6/.xml/specs_rtpproxy_notifier_sup.xml"
Reading XML for "/home/pete/wefwefwef/docs/other/3024559107/repo/0.0.6/.xml/specs_rtpproxy_notifier_backend_notify.xml"
Reading XML for "/home/pete/wefwefwef/docs/other/3024559107/repo/0.0.6/.xml/erlrtpproxy-notifier/rtpproxy_notifier.xml"
Reading XML for "/home/pete/wefwefwef/docs/other/3024559107/repo/0.0.6/.xml/specs_rtpproxy_notifier.xml"
Creating index.html ...
Creating erldocs_index.js ...
Woot, finished in 0 Minutes 0 Seconds
 :: Discovering other repos
$ 5000  `rm -r '/home/pete/wefwefwef/docs/other/3024559107/erlrtpproxy-notifier-tag-0.0.6'  2>&1`
 :: Processing https://github.com/lemenkov/erlrtpproxy-notifier	{rev,tag,"0.0.7","b5793d73c2d9642727028509bd20f32adc1a73f7",undefined,[],[]}
 :: Fetching repo code
$ cd "/home/pete/wefwefwef/docs/other/3024559107/erlrtpproxy-notifier-tag-0.0.7/erlrtpproxy-notifier"
$ infinity  `curl --fail --silent --show-error --location --output '0.0.7.zip' 'https://github.com/lemenkov/erlrtpproxy-notifier/archive/0.0.7.zip'  2>&1`
$ cd "/home/pete/wefwefwef/docs/erldocs_other.git"
$ cd "/home/pete/wefwefwef/docs/other/3024559107/erlrtpproxy-notifier-tag-0.0.7/erlrtpproxy-notifier"
$ 5000  `find -P . -type l -delete  2>&1`
$ cd "/home/pete/wefwefwef/docs/erldocs_other.git"
$ cd "/home/pete/wefwefwef/docs/other/3024559107/erlrtpproxy-notifier-tag-0.0.7/erlrtpproxy-notifier"
$ 5000  `find 'erlrtpproxy-notifier-0.0.7' -mindepth 1 -maxdepth 1 -exec mv -t . -- {} +  2>&1`
$ cd "/home/pete/wefwefwef/docs/erldocs_other.git"
 :: Getting dependencies
$ cd "/home/pete/wefwefwef/docs/other/3024559107/erlrtpproxy-notifier-tag-0.0.7/erlrtpproxy-notifier"
$ 5000  `ls -1 deps/  2>&1`
$ cd "/home/pete/wefwefwef/docs/erldocs_other.git"
>>> [rebar] deps = []
 :: Generating erldocs into /home/pete/wefwefwef/docs/other/3024559107/repo/0.0.7
Building erlrtpproxy-notifier
Generating Type Specs - "/home/pete/wefwefwef/docs/other/3024559107/erlrtpproxy-notifier-tag-0.0.7/erlrtpproxy-notifier/src/backend_sup.erl"
Generating Type Specs - "/home/pete/wefwefwef/docs/other/3024559107/erlrtpproxy-notifier-tag-0.0.7/erlrtpproxy-notifier/src/rtpproxy_notifier.erl"
Generating Type Specs - "/home/pete/wefwefwef/docs/other/3024559107/erlrtpproxy-notifier-tag-0.0.7/erlrtpproxy-notifier/src/rtpproxy_notifier_app.erl"
Generating Type Specs - "/home/pete/wefwefwef/docs/other/3024559107/erlrtpproxy-notifier-tag-0.0.7/erlrtpproxy-notifier/src/rtpproxy_notifier_backend_notify.erl"
Generating Type Specs - "/home/pete/wefwefwef/docs/other/3024559107/erlrtpproxy-notifier-tag-0.0.7/erlrtpproxy-notifier/src/rtpproxy_notifier_backend_radius.erl"
/home/pete/wefwefwef/docs/other/3024559107/erlrtpproxy-notifier-tag-0.0.7/erlrtpproxy-notifier/src/rtpproxy_notifier_backend_radius.erl: at line 13: can't find include lib "eradius/include/eradius_lib.hrl"
EDoc could not process file '/home/pete/wefwefwef/docs/other/3024559107/erlrtpproxy-notifier-tag-0.0.7/erlrtpproxy-notifier/src/rtpproxy_notifier_backend_radius.erl'
Error generating type specs for "/home/pete/wefwefwef/docs/other/3024559107/erlrtpproxy-notifier-tag-0.0.7/erlrtpproxy-notifier/src/rtpproxy_notifier_backend_radius.erl"
Generating Type Specs - "/home/pete/wefwefwef/docs/other/3024559107/erlrtpproxy-notifier-tag-0.0.7/erlrtpproxy-notifier/src/rtpproxy_notifier_sup.erl"
Generating XML for application erlrtpproxy-notifier "/home/pete/wefwefwef/docs/other/3024559107/erlrtpproxy-notifier-tag-0.0.7/erlrtpproxy-notifier" -> "/home/pete/wefwefwef/docs/other/3024559107/repo/0.0.7/.xml/erlrtpproxy-notifier"
/home/pete/wefwefwef/docs/other/3024559107/erlrtpproxy-notifier-tag-0.0.7/erlrtpproxy-notifier/src/rtpproxy_notifier_backend_radius.erl: at line 13: can't find include lib "eradius/include/eradius_lib.hrl"
edoc: skipping source file '/home/pete/wefwefwef/docs/other/3024559107/erlrtpproxy-notifier-tag-0.0.7/erlrtpproxy-notifier/src/rtpproxy_notifier_backend_radius.erl': {'EXIT',
                                                                                                                                                                 error}.
edoc: error in doclet 'edoc_doclet': {'EXIT',error}.
Error generating erlrtpproxy-notifier XMLs. Using fallback ...
Generating XML erlrtpproxy-notifier - backend_sup "/home/pete/wefwefwef/docs/other/3024559107/erlrtpproxy-notifier-tag-0.0.7/erlrtpproxy-notifier/src/backend_sup.erl" -> "/home/pete/wefwefwef/docs/other/3024559107/repo/0.0.7/.xml/erlrtpproxy-notifier/backend_sup.xml"
Generating XML erlrtpproxy-notifier - rtpproxy_notifier "/home/pete/wefwefwef/docs/other/3024559107/erlrtpproxy-notifier-tag-0.0.7/erlrtpproxy-notifier/src/rtpproxy_notifier.erl" -> "/home/pete/wefwefwef/docs/other/3024559107/repo/0.0.7/.xml/erlrtpproxy-notifier/rtpproxy_notifier.xml"
Generating XML erlrtpproxy-notifier - rtpproxy_notifier_app "/home/pete/wefwefwef/docs/other/3024559107/erlrtpproxy-notifier-tag-0.0.7/erlrtpproxy-notifier/src/rtpproxy_notifier_app.erl" -> "/home/pete/wefwefwef/docs/other/3024559107/repo/0.0.7/.xml/erlrtpproxy-notifier/rtpproxy_notifier_app.xml"
Generating XML erlrtpproxy-notifier - rtpproxy_notifier_backend_notify "/home/pete/wefwefwef/docs/other/3024559107/erlrtpproxy-notifier-tag-0.0.7/erlrtpproxy-notifier/src/rtpproxy_notifier_backend_notify.erl" -> "/home/pete/wefwefwef/docs/other/3024559107/repo/0.0.7/.xml/erlrtpproxy-notifier/rtpproxy_notifier_backend_notify.xml"
Generating XML erlrtpproxy-notifier - rtpproxy_notifier_backend_radius "/home/pete/wefwefwef/docs/other/3024559107/erlrtpproxy-notifier-tag-0.0.7/erlrtpproxy-notifier/src/rtpproxy_notifier_backend_radius.erl" -> "/home/pete/wefwefwef/docs/other/3024559107/repo/0.0.7/.xml/erlrtpproxy-notifier/rtpproxy_notifier_backend_radius.xml"
/home/pete/wefwefwef/docs/other/3024559107/erlrtpproxy-notifier-tag-0.0.7/erlrtpproxy-notifier/src/rtpproxy_notifier_backend_radius.erl: at line 13: can't find include lib "eradius/include/eradius_lib.hrl"
Error generating XML ("/home/pete/wefwefwef/docs/other/3024559107/erlrtpproxy-notifier-tag-0.0.7/erlrtpproxy-notifier/src/rtpproxy_notifier_backend_radius.erl"): {'EXIT',
                                                                                                                                                                   error}
Generating XML erlrtpproxy-notifier - rtpproxy_notifier_sup "/home/pete/wefwefwef/docs/other/3024559107/erlrtpproxy-notifier-tag-0.0.7/erlrtpproxy-notifier/src/rtpproxy_notifier_sup.erl" -> "/home/pete/wefwefwef/docs/other/3024559107/repo/0.0.7/.xml/erlrtpproxy-notifier/rtpproxy_notifier_sup.xml"
Generating HTML - rtpproxy_notifier_sup "/home/pete/wefwefwef/docs/other/3024559107/repo/0.0.7/.xml/erlrtpproxy-notifier/rtpproxy_notifier_sup.xml"
Generating HTML - rtpproxy_notifier_backend_notify "/home/pete/wefwefwef/docs/other/3024559107/repo/0.0.7/.xml/erlrtpproxy-notifier/rtpproxy_notifier_backend_notify.xml"
Generating HTML - rtpproxy_notifier_app "/home/pete/wefwefwef/docs/other/3024559107/repo/0.0.7/.xml/erlrtpproxy-notifier/rtpproxy_notifier_app.xml"
Generating HTML - backend_sup "/home/pete/wefwefwef/docs/other/3024559107/repo/0.0.7/.xml/erlrtpproxy-notifier/backend_sup.xml"
Reading XML for "/home/pete/wefwefwef/docs/other/3024559107/repo/0.0.7/.xml/erlrtpproxy-notifier/rtpproxy_notifier_sup.xml"
Reading XML for "/home/pete/wefwefwef/docs/other/3024559107/repo/0.0.7/.xml/erlrtpproxy-notifier/rtpproxy_notifier_backend_notify.xml"
Reading XML for "/home/pete/wefwefwef/docs/other/3024559107/repo/0.0.7/.xml/erlrtpproxy-notifier/rtpproxy_notifier_app.xml"
Reading XML for "/home/pete/wefwefwef/docs/other/3024559107/repo/0.0.7/.xml/erlrtpproxy-notifier/backend_sup.xml"
Reading XML for "/home/pete/wefwefwef/docs/other/3024559107/repo/0.0.7/.xml/specs_rtpproxy_notifier_sup.xml"
Reading XML for "/home/pete/wefwefwef/docs/other/3024559107/repo/0.0.7/.xml/specs_rtpproxy_notifier_app.xml"
Reading XML for "/home/pete/wefwefwef/docs/other/3024559107/repo/0.0.7/.xml/specs_rtpproxy_notifier_backend_notify.xml"
Reading XML for "/home/pete/wefwefwef/docs/other/3024559107/repo/0.0.7/.xml/specs_backend_sup.xml"
Generating HTML - rtpproxy_notifier "/home/pete/wefwefwef/docs/other/3024559107/repo/0.0.7/.xml/erlrtpproxy-notifier/rtpproxy_notifier.xml"
Reading XML for "/home/pete/wefwefwef/docs/other/3024559107/repo/0.0.7/.xml/erlrtpproxy-notifier/rtpproxy_notifier.xml"
Reading XML for "/home/pete/wefwefwef/docs/other/3024559107/repo/0.0.7/.xml/specs_rtpproxy_notifier.xml"
Creating index.html ...
Creating erldocs_index.js ...
Woot, finished in 0 Minutes 0 Seconds
 :: Discovering other repos
$ 5000  `rm -r '/home/pete/wefwefwef/docs/other/3024559107/erlrtpproxy-notifier-tag-0.0.7'  2>&1`
 :: Processing https://github.com/lemenkov/erlrtpproxy-notifier	{rev,tag,"0.0.8","a4e73147d392658bd7dfeef5178e94e4ddc8d404",undefined,[],[]}
 :: Fetching repo code
$ cd "/home/pete/wefwefwef/docs/other/3024559107/erlrtpproxy-notifier-tag-0.0.8/erlrtpproxy-notifier"
$ infinity  `curl --fail --silent --show-error --location --output '0.0.8.zip' 'https://github.com/lemenkov/erlrtpproxy-notifier/archive/0.0.8.zip'  2>&1`
$ cd "/home/pete/wefwefwef/docs/erldocs_other.git"
$ cd "/home/pete/wefwefwef/docs/other/3024559107/erlrtpproxy-notifier-tag-0.0.8/erlrtpproxy-notifier"
$ 5000  `find -P . -type l -delete  2>&1`
$ cd "/home/pete/wefwefwef/docs/erldocs_other.git"
$ cd "/home/pete/wefwefwef/docs/other/3024559107/erlrtpproxy-notifier-tag-0.0.8/erlrtpproxy-notifier"
$ 5000  `find 'erlrtpproxy-notifier-0.0.8' -mindepth 1 -maxdepth 1 -exec mv -t . -- {} +  2>&1`
$ cd "/home/pete/wefwefwef/docs/erldocs_other.git"
 :: Getting dependencies
$ cd "/home/pete/wefwefwef/docs/other/3024559107/erlrtpproxy-notifier-tag-0.0.8/erlrtpproxy-notifier"
$ 5000  `ls -1 deps/  2>&1`
$ cd "/home/pete/wefwefwef/docs/erldocs_other.git"
>>> [rebar] deps = []
 :: Generating erldocs into /home/pete/wefwefwef/docs/other/3024559107/repo/0.0.8
Building erlrtpproxy-notifier
Generating Type Specs - "/home/pete/wefwefwef/docs/other/3024559107/erlrtpproxy-notifier-tag-0.0.8/erlrtpproxy-notifier/src/backend_sup.erl"
Generating Type Specs - "/home/pete/wefwefwef/docs/other/3024559107/erlrtpproxy-notifier-tag-0.0.8/erlrtpproxy-notifier/src/rtpproxy_notifier.erl"
Generating Type Specs - "/home/pete/wefwefwef/docs/other/3024559107/erlrtpproxy-notifier-tag-0.0.8/erlrtpproxy-notifier/src/rtpproxy_notifier_app.erl"
Generating Type Specs - "/home/pete/wefwefwef/docs/other/3024559107/erlrtpproxy-notifier-tag-0.0.8/erlrtpproxy-notifier/src/rtpproxy_notifier_backend_notify.erl"
Generating Type Specs - "/home/pete/wefwefwef/docs/other/3024559107/erlrtpproxy-notifier-tag-0.0.8/erlrtpproxy-notifier/src/rtpproxy_notifier_backend_radius.erl"
/home/pete/wefwefwef/docs/other/3024559107/erlrtpproxy-notifier-tag-0.0.8/erlrtpproxy-notifier/src/rtpproxy_notifier_backend_radius.erl: at line 13: can't find include lib "eradius/include/eradius_lib.hrl"
EDoc could not process file '/home/pete/wefwefwef/docs/other/3024559107/erlrtpproxy-notifier-tag-0.0.8/erlrtpproxy-notifier/src/rtpproxy_notifier_backend_radius.erl'
Error generating type specs for "/home/pete/wefwefwef/docs/other/3024559107/erlrtpproxy-notifier-tag-0.0.8/erlrtpproxy-notifier/src/rtpproxy_notifier_backend_radius.erl"
Generating Type Specs - "/home/pete/wefwefwef/docs/other/3024559107/erlrtpproxy-notifier-tag-0.0.8/erlrtpproxy-notifier/src/rtpproxy_notifier_sup.erl"
Generating XML for application erlrtpproxy-notifier "/home/pete/wefwefwef/docs/other/3024559107/erlrtpproxy-notifier-tag-0.0.8/erlrtpproxy-notifier" -> "/home/pete/wefwefwef/docs/other/3024559107/repo/0.0.8/.xml/erlrtpproxy-notifier"
/home/pete/wefwefwef/docs/other/3024559107/erlrtpproxy-notifier-tag-0.0.8/erlrtpproxy-notifier/src/rtpproxy_notifier_backend_radius.erl: at line 13: can't find include lib "eradius/include/eradius_lib.hrl"
edoc: skipping source file '/home/pete/wefwefwef/docs/other/3024559107/erlrtpproxy-notifier-tag-0.0.8/erlrtpproxy-notifier/src/rtpproxy_notifier_backend_radius.erl': {'EXIT',
                                                                                                                                                                 error}.
edoc: error in doclet 'edoc_doclet': {'EXIT',error}.
Error generating erlrtpproxy-notifier XMLs. Using fallback ...
Generating XML erlrtpproxy-notifier - backend_sup "/home/pete/wefwefwef/docs/other/3024559107/erlrtpproxy-notifier-tag-0.0.8/erlrtpproxy-notifier/src/backend_sup.erl" -> "/home/pete/wefwefwef/docs/other/3024559107/repo/0.0.8/.xml/erlrtpproxy-notifier/backend_sup.xml"
Generating XML erlrtpproxy-notifier - rtpproxy_notifier "/home/pete/wefwefwef/docs/other/3024559107/erlrtpproxy-notifier-tag-0.0.8/erlrtpproxy-notifier/src/rtpproxy_notifier.erl" -> "/home/pete/wefwefwef/docs/other/3024559107/repo/0.0.8/.xml/erlrtpproxy-notifier/rtpproxy_notifier.xml"
Generating XML erlrtpproxy-notifier - rtpproxy_notifier_app "/home/pete/wefwefwef/docs/other/3024559107/erlrtpproxy-notifier-tag-0.0.8/erlrtpproxy-notifier/src/rtpproxy_notifier_app.erl" -> "/home/pete/wefwefwef/docs/other/3024559107/repo/0.0.8/.xml/erlrtpproxy-notifier/rtpproxy_notifier_app.xml"
Generating XML erlrtpproxy-notifier - rtpproxy_notifier_backend_notify "/home/pete/wefwefwef/docs/other/3024559107/erlrtpproxy-notifier-tag-0.0.8/erlrtpproxy-notifier/src/rtpproxy_notifier_backend_notify.erl" -> "/home/pete/wefwefwef/docs/other/3024559107/repo/0.0.8/.xml/erlrtpproxy-notifier/rtpproxy_notifier_backend_notify.xml"
Generating XML erlrtpproxy-notifier - rtpproxy_notifier_backend_radius "/home/pete/wefwefwef/docs/other/3024559107/erlrtpproxy-notifier-tag-0.0.8/erlrtpproxy-notifier/src/rtpproxy_notifier_backend_radius.erl" -> "/home/pete/wefwefwef/docs/other/3024559107/repo/0.0.8/.xml/erlrtpproxy-notifier/rtpproxy_notifier_backend_radius.xml"
/home/pete/wefwefwef/docs/other/3024559107/erlrtpproxy-notifier-tag-0.0.8/erlrtpproxy-notifier/src/rtpproxy_notifier_backend_radius.erl: at line 13: can't find include lib "eradius/include/eradius_lib.hrl"
Error generating XML ("/home/pete/wefwefwef/docs/other/3024559107/erlrtpproxy-notifier-tag-0.0.8/erlrtpproxy-notifier/src/rtpproxy_notifier_backend_radius.erl"): {'EXIT',
                                                                                                                                                                   error}
Generating XML erlrtpproxy-notifier - rtpproxy_notifier_sup "/home/pete/wefwefwef/docs/other/3024559107/erlrtpproxy-notifier-tag-0.0.8/erlrtpproxy-notifier/src/rtpproxy_notifier_sup.erl" -> "/home/pete/wefwefwef/docs/other/3024559107/repo/0.0.8/.xml/erlrtpproxy-notifier/rtpproxy_notifier_sup.xml"
Generating HTML - rtpproxy_notifier_sup "/home/pete/wefwefwef/docs/other/3024559107/repo/0.0.8/.xml/erlrtpproxy-notifier/rtpproxy_notifier_sup.xml"
Generating HTML - rtpproxy_notifier_backend_notify "/home/pete/wefwefwef/docs/other/3024559107/repo/0.0.8/.xml/erlrtpproxy-notifier/rtpproxy_notifier_backend_notify.xml"
Generating HTML - rtpproxy_notifier_app "/home/pete/wefwefwef/docs/other/3024559107/repo/0.0.8/.xml/erlrtpproxy-notifier/rtpproxy_notifier_app.xml"
Generating HTML - backend_sup "/home/pete/wefwefwef/docs/other/3024559107/repo/0.0.8/.xml/erlrtpproxy-notifier/backend_sup.xml"
Reading XML for "/home/pete/wefwefwef/docs/other/3024559107/repo/0.0.8/.xml/erlrtpproxy-notifier/rtpproxy_notifier_sup.xml"
Reading XML for "/home/pete/wefwefwef/docs/other/3024559107/repo/0.0.8/.xml/erlrtpproxy-notifier/rtpproxy_notifier_backend_notify.xml"
Reading XML for "/home/pete/wefwefwef/docs/other/3024559107/repo/0.0.8/.xml/erlrtpproxy-notifier/rtpproxy_notifier_app.xml"
Reading XML for "/home/pete/wefwefwef/docs/other/3024559107/repo/0.0.8/.xml/erlrtpproxy-notifier/backend_sup.xml"
Reading XML for "/home/pete/wefwefwef/docs/other/3024559107/repo/0.0.8/.xml/specs_rtpproxy_notifier_sup.xml"
Reading XML for "/home/pete/wefwefwef/docs/other/3024559107/repo/0.0.8/.xml/specs_rtpproxy_notifier_app.xml"
Reading XML for "/home/pete/wefwefwef/docs/other/3024559107/repo/0.0.8/.xml/specs_backend_sup.xml"
Reading XML for "/home/pete/wefwefwef/docs/other/3024559107/repo/0.0.8/.xml/specs_rtpproxy_notifier_backend_notify.xml"
Generating HTML - rtpproxy_notifier "/home/pete/wefwefwef/docs/other/3024559107/repo/0.0.8/.xml/erlrtpproxy-notifier/rtpproxy_notifier.xml"
Reading XML for "/home/pete/wefwefwef/docs/other/3024559107/repo/0.0.8/.xml/erlrtpproxy-notifier/rtpproxy_notifier.xml"
Reading XML for "/home/pete/wefwefwef/docs/other/3024559107/repo/0.0.8/.xml/specs_rtpproxy_notifier.xml"
Creating index.html ...
Creating erldocs_index.js ...
Woot, finished in 0 Minutes 0 Seconds
 :: Discovering other repos
$ 5000  `rm -r '/home/pete/wefwefwef/docs/other/3024559107/erlrtpproxy-notifier-tag-0.0.8'  2>&1`
 :: Processing https://github.com/lemenkov/erlrtpproxy-notifier	{rev,tag,"0.0.9","2d2ddfbd0e4c66aee3d54235e2e508d706e72be8",undefined,[],[]}
 :: Fetching repo code
$ cd "/home/pete/wefwefwef/docs/other/3024559107/erlrtpproxy-notifier-tag-0.0.9/erlrtpproxy-notifier"
$ infinity  `curl --fail --silent --show-error --location --output '0.0.9.zip' 'https://github.com/lemenkov/erlrtpproxy-notifier/archive/0.0.9.zip'  2>&1`
$ cd "/home/pete/wefwefwef/docs/erldocs_other.git"
$ cd "/home/pete/wefwefwef/docs/other/3024559107/erlrtpproxy-notifier-tag-0.0.9/erlrtpproxy-notifier"
$ 5000  `find -P . -type l -delete  2>&1`
$ cd "/home/pete/wefwefwef/docs/erldocs_other.git"
$ cd "/home/pete/wefwefwef/docs/other/3024559107/erlrtpproxy-notifier-tag-0.0.9/erlrtpproxy-notifier"
$ 5000  `find 'erlrtpproxy-notifier-0.0.9' -mindepth 1 -maxdepth 1 -exec mv -t . -- {} +  2>&1`
$ cd "/home/pete/wefwefwef/docs/erldocs_other.git"
 :: Getting dependencies
$ cd "/home/pete/wefwefwef/docs/other/3024559107/erlrtpproxy-notifier-tag-0.0.9/erlrtpproxy-notifier"
$ 5000  `ls -1 deps/  2>&1`
$ cd "/home/pete/wefwefwef/docs/erldocs_other.git"
>>> [rebar] deps = []
 :: Generating erldocs into /home/pete/wefwefwef/docs/other/3024559107/repo/0.0.9
Building erlrtpproxy-notifier
Generating Type Specs - "/home/pete/wefwefwef/docs/other/3024559107/erlrtpproxy-notifier-tag-0.0.9/erlrtpproxy-notifier/src/backend_sup.erl"
Generating Type Specs - "/home/pete/wefwefwef/docs/other/3024559107/erlrtpproxy-notifier-tag-0.0.9/erlrtpproxy-notifier/src/rtpproxy_notifier.erl"
Generating Type Specs - "/home/pete/wefwefwef/docs/other/3024559107/erlrtpproxy-notifier-tag-0.0.9/erlrtpproxy-notifier/src/rtpproxy_notifier_app.erl"
Generating Type Specs - "/home/pete/wefwefwef/docs/other/3024559107/erlrtpproxy-notifier-tag-0.0.9/erlrtpproxy-notifier/src/rtpproxy_notifier_backend_notify.erl"
Generating Type Specs - "/home/pete/wefwefwef/docs/other/3024559107/erlrtpproxy-notifier-tag-0.0.9/erlrtpproxy-notifier/src/rtpproxy_notifier_backend_radius.erl"
/home/pete/wefwefwef/docs/other/3024559107/erlrtpproxy-notifier-tag-0.0.9/erlrtpproxy-notifier/src/rtpproxy_notifier_backend_radius.erl: at line 13: can't find include lib "eradius/include/eradius_lib.hrl"
EDoc could not process file '/home/pete/wefwefwef/docs/other/3024559107/erlrtpproxy-notifier-tag-0.0.9/erlrtpproxy-notifier/src/rtpproxy_notifier_backend_radius.erl'
Error generating type specs for "/home/pete/wefwefwef/docs/other/3024559107/erlrtpproxy-notifier-tag-0.0.9/erlrtpproxy-notifier/src/rtpproxy_notifier_backend_radius.erl"
Generating Type Specs - "/home/pete/wefwefwef/docs/other/3024559107/erlrtpproxy-notifier-tag-0.0.9/erlrtpproxy-notifier/src/rtpproxy_notifier_sup.erl"
Generating XML for application erlrtpproxy-notifier "/home/pete/wefwefwef/docs/other/3024559107/erlrtpproxy-notifier-tag-0.0.9/erlrtpproxy-notifier" -> "/home/pete/wefwefwef/docs/other/3024559107/repo/0.0.9/.xml/erlrtpproxy-notifier"
/home/pete/wefwefwef/docs/other/3024559107/erlrtpproxy-notifier-tag-0.0.9/erlrtpproxy-notifier/src/rtpproxy_notifier_backend_radius.erl: at line 13: can't find include lib "eradius/include/eradius_lib.hrl"
edoc: skipping source file '/home/pete/wefwefwef/docs/other/3024559107/erlrtpproxy-notifier-tag-0.0.9/erlrtpproxy-notifier/src/rtpproxy_notifier_backend_radius.erl': {'EXIT',
                                                                                                                                                                 error}.
edoc: error in doclet 'edoc_doclet': {'EXIT',error}.
Error generating erlrtpproxy-notifier XMLs. Using fallback ...
Generating XML erlrtpproxy-notifier - backend_sup "/home/pete/wefwefwef/docs/other/3024559107/erlrtpproxy-notifier-tag-0.0.9/erlrtpproxy-notifier/src/backend_sup.erl" -> "/home/pete/wefwefwef/docs/other/3024559107/repo/0.0.9/.xml/erlrtpproxy-notifier/backend_sup.xml"
Generating XML erlrtpproxy-notifier - rtpproxy_notifier "/home/pete/wefwefwef/docs/other/3024559107/erlrtpproxy-notifier-tag-0.0.9/erlrtpproxy-notifier/src/rtpproxy_notifier.erl" -> "/home/pete/wefwefwef/docs/other/3024559107/repo/0.0.9/.xml/erlrtpproxy-notifier/rtpproxy_notifier.xml"
Generating XML erlrtpproxy-notifier - rtpproxy_notifier_app "/home/pete/wefwefwef/docs/other/3024559107/erlrtpproxy-notifier-tag-0.0.9/erlrtpproxy-notifier/src/rtpproxy_notifier_app.erl" -> "/home/pete/wefwefwef/docs/other/3024559107/repo/0.0.9/.xml/erlrtpproxy-notifier/rtpproxy_notifier_app.xml"
Generating XML erlrtpproxy-notifier - rtpproxy_notifier_backend_notify "/home/pete/wefwefwef/docs/other/3024559107/erlrtpproxy-notifier-tag-0.0.9/erlrtpproxy-notifier/src/rtpproxy_notifier_backend_notify.erl" -> "/home/pete/wefwefwef/docs/other/3024559107/repo/0.0.9/.xml/erlrtpproxy-notifier/rtpproxy_notifier_backend_notify.xml"
Generating XML erlrtpproxy-notifier - rtpproxy_notifier_backend_radius "/home/pete/wefwefwef/docs/other/3024559107/erlrtpproxy-notifier-tag-0.0.9/erlrtpproxy-notifier/src/rtpproxy_notifier_backend_radius.erl" -> "/home/pete/wefwefwef/docs/other/3024559107/repo/0.0.9/.xml/erlrtpproxy-notifier/rtpproxy_notifier_backend_radius.xml"
/home/pete/wefwefwef/docs/other/3024559107/erlrtpproxy-notifier-tag-0.0.9/erlrtpproxy-notifier/src/rtpproxy_notifier_backend_radius.erl: at line 13: can't find include lib "eradius/include/eradius_lib.hrl"
Error generating XML ("/home/pete/wefwefwef/docs/other/3024559107/erlrtpproxy-notifier-tag-0.0.9/erlrtpproxy-notifier/src/rtpproxy_notifier_backend_radius.erl"): {'EXIT',
                                                                                                                                                                   error}
Generating XML erlrtpproxy-notifier - rtpproxy_notifier_sup "/home/pete/wefwefwef/docs/other/3024559107/erlrtpproxy-notifier-tag-0.0.9/erlrtpproxy-notifier/src/rtpproxy_notifier_sup.erl" -> "/home/pete/wefwefwef/docs/other/3024559107/repo/0.0.9/.xml/erlrtpproxy-notifier/rtpproxy_notifier_sup.xml"
Generating HTML - rtpproxy_notifier_sup "/home/pete/wefwefwef/docs/other/3024559107/repo/0.0.9/.xml/erlrtpproxy-notifier/rtpproxy_notifier_sup.xml"
Generating HTML - rtpproxy_notifier_backend_notify "/home/pete/wefwefwef/docs/other/3024559107/repo/0.0.9/.xml/erlrtpproxy-notifier/rtpproxy_notifier_backend_notify.xml"
Generating HTML - rtpproxy_notifier_app "/home/pete/wefwefwef/docs/other/3024559107/repo/0.0.9/.xml/erlrtpproxy-notifier/rtpproxy_notifier_app.xml"
Generating HTML - backend_sup "/home/pete/wefwefwef/docs/other/3024559107/repo/0.0.9/.xml/erlrtpproxy-notifier/backend_sup.xml"
Reading XML for "/home/pete/wefwefwef/docs/other/3024559107/repo/0.0.9/.xml/erlrtpproxy-notifier/rtpproxy_notifier_sup.xml"
Reading XML for "/home/pete/wefwefwef/docs/other/3024559107/repo/0.0.9/.xml/erlrtpproxy-notifier/rtpproxy_notifier_backend_notify.xml"
Reading XML for "/home/pete/wefwefwef/docs/other/3024559107/repo/0.0.9/.xml/erlrtpproxy-notifier/rtpproxy_notifier_app.xml"
Reading XML for "/home/pete/wefwefwef/docs/other/3024559107/repo/0.0.9/.xml/erlrtpproxy-notifier/backend_sup.xml"
Reading XML for "/home/pete/wefwefwef/docs/other/3024559107/repo/0.0.9/.xml/specs_rtpproxy_notifier_sup.xml"
Reading XML for "/home/pete/wefwefwef/docs/other/3024559107/repo/0.0.9/.xml/specs_rtpproxy_notifier_backend_notify.xml"
Reading XML for "/home/pete/wefwefwef/docs/other/3024559107/repo/0.0.9/.xml/specs_rtpproxy_notifier_app.xml"
Reading XML for "/home/pete/wefwefwef/docs/other/3024559107/repo/0.0.9/.xml/specs_backend_sup.xml"
Generating HTML - rtpproxy_notifier "/home/pete/wefwefwef/docs/other/3024559107/repo/0.0.9/.xml/erlrtpproxy-notifier/rtpproxy_notifier.xml"
Reading XML for "/home/pete/wefwefwef/docs/other/3024559107/repo/0.0.9/.xml/erlrtpproxy-notifier/rtpproxy_notifier.xml"
Reading XML for "/home/pete/wefwefwef/docs/other/3024559107/repo/0.0.9/.xml/specs_rtpproxy_notifier.xml"
Creating index.html ...
Creating erldocs_index.js ...
Woot, finished in 0 Minutes 0 Seconds
 :: Discovering other repos
$ 5000  `rm -r '/home/pete/wefwefwef/docs/other/3024559107/erlrtpproxy-notifier-tag-0.0.9'  2>&1`
 :: Processing https://github.com/lemenkov/erlrtpproxy-notifier	{rev,branch,"master","b55b29f1b5a3c85e83018e2feca625818f64da0f",undefined,[],[]}
 :: Fetching repo code
$ cd "/home/pete/wefwefwef/docs/other/3024559107/erlrtpproxy-notifier-branch-master/erlrtpproxy-notifier"
$ infinity  `curl --fail --silent --show-error --location --output 'master.zip' 'https://github.com/lemenkov/erlrtpproxy-notifier/archive/master.zip'  2>&1`
$ cd "/home/pete/wefwefwef/docs/erldocs_other.git"
$ cd "/home/pete/wefwefwef/docs/other/3024559107/erlrtpproxy-notifier-branch-master/erlrtpproxy-notifier"
$ 5000  `find -P . -type l -delete  2>&1`
$ cd "/home/pete/wefwefwef/docs/erldocs_other.git"
$ cd "/home/pete/wefwefwef/docs/other/3024559107/erlrtpproxy-notifier-branch-master/erlrtpproxy-notifier"
$ 5000  `find 'erlrtpproxy-notifier-master' -mindepth 1 -maxdepth 1 -exec mv -t . -- {} +  2>&1`
$ cd "/home/pete/wefwefwef/docs/erldocs_other.git"
 :: Getting dependencies
$ cd "/home/pete/wefwefwef/docs/other/3024559107/erlrtpproxy-notifier-branch-master/erlrtpproxy-notifier"
$ 5000  `ls -1 deps/  2>&1`
$ cd "/home/pete/wefwefwef/docs/erldocs_other.git"
>>> [rebar] deps = []
 :: Generating erldocs into /home/pete/wefwefwef/docs/other/3024559107/repo/master
Building erlrtpproxy-notifier
Generating Type Specs - "/home/pete/wefwefwef/docs/other/3024559107/erlrtpproxy-notifier-branch-master/erlrtpproxy-notifier/src/backend_sup.erl"
Generating Type Specs - "/home/pete/wefwefwef/docs/other/3024559107/erlrtpproxy-notifier-branch-master/erlrtpproxy-notifier/src/rtpproxy_notifier.erl"
Generating Type Specs - "/home/pete/wefwefwef/docs/other/3024559107/erlrtpproxy-notifier-branch-master/erlrtpproxy-notifier/src/rtpproxy_notifier_app.erl"
Generating Type Specs - "/home/pete/wefwefwef/docs/other/3024559107/erlrtpproxy-notifier-branch-master/erlrtpproxy-notifier/src/rtpproxy_notifier_backend_notify.erl"
Generating Type Specs - "/home/pete/wefwefwef/docs/other/3024559107/erlrtpproxy-notifier-branch-master/erlrtpproxy-notifier/src/rtpproxy_notifier_backend_radius.erl"
/home/pete/wefwefwef/docs/other/3024559107/erlrtpproxy-notifier-branch-master/erlrtpproxy-notifier/src/rtpproxy_notifier_backend_radius.erl: at line 13: can't find include lib "eradius/include/eradius_lib.hrl"
EDoc could not process file '/home/pete/wefwefwef/docs/other/3024559107/erlrtpproxy-notifier-branch-master/erlrtpproxy-notifier/src/rtpproxy_notifier_backend_radius.erl'
Error generating type specs for "/home/pete/wefwefwef/docs/other/3024559107/erlrtpproxy-notifier-branch-master/erlrtpproxy-notifier/src/rtpproxy_notifier_backend_radius.erl"
Generating Type Specs - "/home/pete/wefwefwef/docs/other/3024559107/erlrtpproxy-notifier-branch-master/erlrtpproxy-notifier/src/rtpproxy_notifier_sup.erl"
Generating XML for application erlrtpproxy-notifier "/home/pete/wefwefwef/docs/other/3024559107/erlrtpproxy-notifier-branch-master/erlrtpproxy-notifier" -> "/home/pete/wefwefwef/docs/other/3024559107/repo/master/.xml/erlrtpproxy-notifier"
/home/pete/wefwefwef/docs/other/3024559107/erlrtpproxy-notifier-branch-master/erlrtpproxy-notifier/src/rtpproxy_notifier_backend_radius.erl: at line 13: can't find include lib "eradius/include/eradius_lib.hrl"
edoc: skipping source file '/home/pete/wefwefwef/docs/other/3024559107/erlrtpproxy-notifier-branch-master/erlrtpproxy-notifier/src/rtpproxy_notifier_backend_radius.erl': {'EXIT',
                                                                                                                                                                     error}.
edoc: error in doclet 'edoc_doclet': {'EXIT',error}.
Error generating erlrtpproxy-notifier XMLs. Using fallback ...
Generating XML erlrtpproxy-notifier - backend_sup "/home/pete/wefwefwef/docs/other/3024559107/erlrtpproxy-notifier-branch-master/erlrtpproxy-notifier/src/backend_sup.erl" -> "/home/pete/wefwefwef/docs/other/3024559107/repo/master/.xml/erlrtpproxy-notifier/backend_sup.xml"
Generating XML erlrtpproxy-notifier - rtpproxy_notifier "/home/pete/wefwefwef/docs/other/3024559107/erlrtpproxy-notifier-branch-master/erlrtpproxy-notifier/src/rtpproxy_notifier.erl" -> "/home/pete/wefwefwef/docs/other/3024559107/repo/master/.xml/erlrtpproxy-notifier/rtpproxy_notifier.xml"
Generating XML erlrtpproxy-notifier - rtpproxy_notifier_app "/home/pete/wefwefwef/docs/other/3024559107/erlrtpproxy-notifier-branch-master/erlrtpproxy-notifier/src/rtpproxy_notifier_app.erl" -> "/home/pete/wefwefwef/docs/other/3024559107/repo/master/.xml/erlrtpproxy-notifier/rtpproxy_notifier_app.xml"
Generating XML erlrtpproxy-notifier - rtpproxy_notifier_backend_notify "/home/pete/wefwefwef/docs/other/3024559107/erlrtpproxy-notifier-branch-master/erlrtpproxy-notifier/src/rtpproxy_notifier_backend_notify.erl" -> "/home/pete/wefwefwef/docs/other/3024559107/repo/master/.xml/erlrtpproxy-notifier/rtpproxy_notifier_backend_notify.xml"
Generating XML erlrtpproxy-notifier - rtpproxy_notifier_backend_radius "/home/pete/wefwefwef/docs/other/3024559107/erlrtpproxy-notifier-branch-master/erlrtpproxy-notifier/src/rtpproxy_notifier_backend_radius.erl" -> "/home/pete/wefwefwef/docs/other/3024559107/repo/master/.xml/erlrtpproxy-notifier/rtpproxy_notifier_backend_radius.xml"
/home/pete/wefwefwef/docs/other/3024559107/erlrtpproxy-notifier-branch-master/erlrtpproxy-notifier/src/rtpproxy_notifier_backend_radius.erl: at line 13: can't find include lib "eradius/include/eradius_lib.hrl"
Error generating XML ("/home/pete/wefwefwef/docs/other/3024559107/erlrtpproxy-notifier-branch-master/erlrtpproxy-notifier/src/rtpproxy_notifier_backend_radius.erl"): {'EXIT',
                                                                                                                                                                       error}
Generating XML erlrtpproxy-notifier - rtpproxy_notifier_sup "/home/pete/wefwefwef/docs/other/3024559107/erlrtpproxy-notifier-branch-master/erlrtpproxy-notifier/src/rtpproxy_notifier_sup.erl" -> "/home/pete/wefwefwef/docs/other/3024559107/repo/master/.xml/erlrtpproxy-notifier/rtpproxy_notifier_sup.xml"
Generating HTML - rtpproxy_notifier_sup "/home/pete/wefwefwef/docs/other/3024559107/repo/master/.xml/erlrtpproxy-notifier/rtpproxy_notifier_sup.xml"
Generating HTML - rtpproxy_notifier_backend_notify "/home/pete/wefwefwef/docs/other/3024559107/repo/master/.xml/erlrtpproxy-notifier/rtpproxy_notifier_backend_notify.xml"
Generating HTML - rtpproxy_notifier_app "/home/pete/wefwefwef/docs/other/3024559107/repo/master/.xml/erlrtpproxy-notifier/rtpproxy_notifier_app.xml"
Generating HTML - backend_sup "/home/pete/wefwefwef/docs/other/3024559107/repo/master/.xml/erlrtpproxy-notifier/backend_sup.xml"
Reading XML for "/home/pete/wefwefwef/docs/other/3024559107/repo/master/.xml/erlrtpproxy-notifier/rtpproxy_notifier_sup.xml"
Reading XML for "/home/pete/wefwefwef/docs/other/3024559107/repo/master/.xml/erlrtpproxy-notifier/rtpproxy_notifier_backend_notify.xml"
Reading XML for "/home/pete/wefwefwef/docs/other/3024559107/repo/master/.xml/erlrtpproxy-notifier/rtpproxy_notifier_app.xml"
Reading XML for "/home/pete/wefwefwef/docs/other/3024559107/repo/master/.xml/erlrtpproxy-notifier/backend_sup.xml"
Reading XML for "/home/pete/wefwefwef/docs/other/3024559107/repo/master/.xml/specs_rtpproxy_notifier_app.xml"
Reading XML for "/home/pete/wefwefwef/docs/other/3024559107/repo/master/.xml/specs_rtpproxy_notifier_backend_notify.xml"
Reading XML for "/home/pete/wefwefwef/docs/other/3024559107/repo/master/.xml/specs_rtpproxy_notifier_sup.xml"
Reading XML for "/home/pete/wefwefwef/docs/other/3024559107/repo/master/.xml/specs_backend_sup.xml"
Generating HTML - rtpproxy_notifier "/home/pete/wefwefwef/docs/other/3024559107/repo/master/.xml/erlrtpproxy-notifier/rtpproxy_notifier.xml"
Reading XML for "/home/pete/wefwefwef/docs/other/3024559107/repo/master/.xml/erlrtpproxy-notifier/rtpproxy_notifier.xml"
Reading XML for "/home/pete/wefwefwef/docs/other/3024559107/repo/master/.xml/specs_rtpproxy_notifier.xml"
Creating index.html ...
Creating erldocs_index.js ...
Woot, finished in 0 Minutes 0 Seconds
 :: Discovering other repos
$ 5000  `rm -r '/home/pete/wefwefwef/docs/other/3024559107/erlrtpproxy-notifier-branch-master'  2>&1`
 :: Finishing up
$ 5000  `rm -r '/home/pete/wefwefwef/docs/other/3024559107/erlrtpproxy-notifier'  2>&1`
