 :: Extracting meta information
$ cd '.'
$ infinity  `git ls-remote --heads --tags https://github.com/lavrin/travis-cookbooks`
>>> [repo] 19 branches, 67 tags
 :: Writing meta to "/home/pete/wefwefwef/docs/other/5a9b6e8546256e1e628fb672426c98f741163e58/meta.txt"
 :: Skipping tag "7.0.0"
 :: Skipping tag "v0.1.0"
 :: Skipping tag "v1.0.0"
 :: Skipping tag "v1.0.1"
 :: Skipping tag "v1.0.2"
 :: Skipping tag "v1.0.3"
 :: Skipping tag "v1.0.4"
 :: Skipping tag "v1.0.5"
 :: Skipping tag "v1.0.6"
 :: Skipping tag "v1.1.0"
 :: Skipping tag "v1.1.1"
 :: Skipping tag "v1.10.0"
 :: Skipping tag "v1.11.0"
 :: Skipping tag "v1.12.0"
 :: Skipping tag "v1.2.0"
 :: Skipping tag "v1.3.0"
 :: Skipping tag "v1.4.0"
 :: Skipping tag "v1.5.0"
 :: Skipping tag "v1.6.0"
 :: Skipping tag "v1.7.0"
 :: Skipping tag "v1.8.0"
 :: Skipping tag "v1.9.0"
 :: Skipping tag "v2.0.0"
 :: Skipping tag "v2.1.0"
 :: Skipping tag "v2.10.0"
 :: Skipping tag "v2.11.0"
 :: Skipping tag "v2.12.0"
 :: Skipping tag "v2.13.0"
 :: Skipping tag "v2.2.0"
 :: Skipping tag "v2.3.0"
 :: Skipping tag "v2.4.0"
 :: Skipping tag "v2.5.0"
 :: Skipping tag "v2.6.0"
 :: Skipping tag "v2.7.0"
 :: Skipping tag "v2.8.0"
 :: Skipping tag "v2.9.0"
 :: Skipping tag "v3.0.0"
 :: Skipping tag "v3.1.0"
 :: Skipping tag "v3.2.0"
 :: Skipping tag "v3.3.0"
 :: Skipping tag "v3.4.0"
 :: Skipping tag "v3.5.0"
 :: Skipping tag "v3.6.0"
 :: Skipping tag "v3.7.0"
 :: Skipping tag "v3.8.0"
 :: Skipping tag "v4.0.0"
 :: Skipping tag "v4.1.0"
 :: Skipping tag "v4.10.0"
 :: Skipping tag "v4.3.0"
 :: Skipping tag "v4.4.0"
 :: Skipping tag "v4.5.0"
 :: Skipping tag "v4.6.0"
 :: Skipping tag "v4.7.0"
 :: Skipping tag "v4.8.0"
 :: Skipping tag "v4.9.0"
 :: Skipping tag "v5.0.0"
 :: Skipping tag "v5.1.0"
 :: Skipping tag "v5.2.0"
 :: Skipping tag "v5.3.0"
 :: Skipping tag "v5.4.0"
 :: Skipping tag "v5.5.0"
 :: Skipping tag "v6.0.0"
 :: Skipping tag "v6.1.0"
 :: Skipping tag "v6.2.0"
 :: Skipping tag "v6.3.0"
 :: Skipping tag "v6.4.0"
 :: Skipping branch "bluebox"
 :: Skipping branch "cassandra"
 :: Skipping branch "erlang-plts"
 :: Skipping branch "euc-2014"
 :: Skipping branch "ha-bug-gh_ci_1752_perlbrew_flag"
 :: Skipping branch "ha-feature-ci_gh730_d_support"
 :: Skipping branch "ha-feature-ci_pr_1537"
 :: Skipping branch "ha-feature-windows"
 :: Skipping branch "jk_couchdb"
 :: Skipping branch "just-mongooseim"
 :: Skipping branch "kestrel"
 :: Skipping branch "master"
 :: Skipping branch "mm-cassandra-ipv6"
 :: Skipping branch "osx"
 :: Skipping branch "readme"
 :: Skipping branch "rkh-ruby-2.0.0"
 :: Skipping branch "support_disabling_host_updates"
 :: Skipping branch "travis_user"
 :: Skipping branch "worker-box"
 :: Processing https://github.com/lavrin/travis-cookbooks	{rev,tag,"v4.2.0","61efbc781b7a2c77f75fa737cc5c78e3a6e02683",undefined,[],[]}
 :: Fetching repo code
$ cd '/home/pete/wefwefwef/docs/other/5a9b6e8546256e1e628fb672426c98f741163e58/travis-cookbooks-tag-v4.2.0'
$ infinity  `curl --fail --silent --show-error --location --output repo.tar.gz https://codeload.github.com/lavrin/travis-cookbooks/tar.gz/v4.2.0`
$ cd '/home/pete/wefwefwef/docs/other/5a9b6e8546256e1e628fb672426c98f741163e58/travis-cookbooks-tag-v4.2.0/travis-cookbooks-4.2.0'
$ 5000  `find -P . -type l -delete`
$ cd '.'
$ 5000  `mv /home/pete/wefwefwef/docs/other/5a9b6e8546256e1e628fb672426c98f741163e58/travis-cookbooks-tag-v4.2.0/travis-cookbooks-4.2.0 /home/pete/wefwefwef/docs/other/5a9b6e8546256e1e628fb672426c98f741163e58/travis-cookbooks-tag-v4.2.0/travis-cookbooks`
 :: Getting dependencies
 :: Generating erldocs into /home/pete/wefwefwef/docs/other/5a9b6e8546256e1e628fb672426c98f741163e58/repo/v4.2.0
Building travis-cookbooks
Generating XML for application travis-cookbooks "/home/pete/wefwefwef/docs/other/5a9b6e8546256e1e628fb672426c98f741163e58/travis-cookbooks-tag-v4.2.0/travis-cookbooks" -> "/home/pete/wefwefwef/docs/other/5a9b6e8546256e1e628fb672426c98f741163e58/repo/v4.2.0/.xml/travis-cookbooks"
Generated travis-cookbooks XMLs: []
No documentation was generated!
Woot, finished in 0 Minutes 0 Seconds
 :: Discovering other repos
$ cd '.'
$ 5000  `rm -r /home/pete/wefwefwef/docs/other/5a9b6e8546256e1e628fb672426c98f741163e58/travis-cookbooks-tag-v4.2.0`
 :: Finishing up
$ cd '.'
$ 5000  `rm -r /home/pete/wefwefwef/docs/other/5a9b6e8546256e1e628fb672426c98f741163e58/travis-cookbooks`
$ cd '.'
$ 5000  `rm -r /home/pete/wefwefwef/docs/other/5a9b6e8546256e1e628fb672426c98f741163e58/repo/v4.2.0`
