 :: Extracting meta information
$ 5000  `git ls-remote --heads --tags 'https://github.com/jeremyong/websocket_client'  2>&1`
>>> [repo] 1 branches, 5 tags
 :: Writing meta to "/home/pete/wefwefwef/docs/other/4357769750/meta.txt"
 :: Processing https://github.com/jeremyong/websocket_client	{rev,tag,"0.5.0","fb4224996e6d46c67ffbe4293f8698bc516acb6d",undefined,[],[]}
 :: Fetching repo code
$ cd "/home/pete/wefwefwef/docs/other/4357769750/websocket_client-tag-0.5.0/websocket_client"
$ infinity  `curl --fail --silent --show-error --location --output '0.5.0.zip' 'https://github.com/jeremyong/websocket_client/archive/0.5.0.zip'  2>&1`
$ cd "/home/pete/wefwefwef/docs/erldocs_other.git"
$ cd "/home/pete/wefwefwef/docs/other/4357769750/websocket_client-tag-0.5.0/websocket_client"
$ 5000  `find -P . -type l -delete  2>&1`
$ cd "/home/pete/wefwefwef/docs/erldocs_other.git"
$ cd "/home/pete/wefwefwef/docs/other/4357769750/websocket_client-tag-0.5.0/websocket_client"
$ 5000  `find 'websocket_client-0.5.0' -mindepth 1 -maxdepth 1 -exec mv -t . -- {} +  2>&1`
$ cd "/home/pete/wefwefwef/docs/erldocs_other.git"
 :: Getting dependencies
$ cd "/home/pete/wefwefwef/docs/other/4357769750/websocket_client-tag-0.5.0/websocket_client"
$ 5000  `ls -1 deps/  2>&1`
$ cd "/home/pete/wefwefwef/docs/erldocs_other.git"
>>> [rebar] deps = []
 :: Generating erldocs into /home/pete/wefwefwef/docs/other/4357769750/repo/0.5.0
Building websocket_client
Generating Type Specs - "/home/pete/wefwefwef/docs/other/4357769750/websocket_client-tag-0.5.0/websocket_client/src/websocket_client.erl"
EDoc could not process file '/home/pete/wefwefwef/docs/other/4357769750/websocket_client-tag-0.5.0/websocket_client/src/websocket_client.erl'
Error generating type specs for "/home/pete/wefwefwef/docs/other/4357769750/websocket_client-tag-0.5.0/websocket_client/src/websocket_client.erl"
Generating Type Specs - "/home/pete/wefwefwef/docs/other/4357769750/websocket_client-tag-0.5.0/websocket_client/src/websocket_client_handler.erl"
EDoc could not process file '/home/pete/wefwefwef/docs/other/4357769750/websocket_client-tag-0.5.0/websocket_client/src/websocket_client_handler.erl'
Error generating type specs for "/home/pete/wefwefwef/docs/other/4357769750/websocket_client-tag-0.5.0/websocket_client/src/websocket_client_handler.erl"
Generating Type Specs - "/home/pete/wefwefwef/docs/other/4357769750/websocket_client-tag-0.5.0/websocket_client/src/websocket_req.erl"
EDoc could not process file '/home/pete/wefwefwef/docs/other/4357769750/websocket_client-tag-0.5.0/websocket_client/src/websocket_req.erl'
Error generating type specs for "/home/pete/wefwefwef/docs/other/4357769750/websocket_client-tag-0.5.0/websocket_client/src/websocket_req.erl"
Generating XML for application websocket_client "/home/pete/wefwefwef/docs/other/4357769750/websocket_client-tag-0.5.0/websocket_client" -> "/home/pete/wefwefwef/docs/other/4357769750/repo/0.5.0/.xml/websocket_client"
/home/pete/wefwefwef/docs/other/4357769750/websocket_client-tag-0.5.0/websocket_client/src/websocket_req.erl, function opcode_to_name/1: at line 73: error in XML parser: {system_limit,[{ets,new,[rules,[set|...]],[]},
                                    {xmerl_scan,initial_state,2,[{...}|...]},
                                    {xmerl_scan,int_string,4,[...]},
                                    {xmerl_scan,string,2,...},
                                    {edoc_wiki,parse_xml_1,...},
                                    {edoc_wiki,...},
                                    {...}|...]}.
edoc: skipping source file '/home/pete/wefwefwef/docs/other/4357769750/websocket_client-tag-0.5.0/websocket_client/src/websocket_req.erl': {'EXIT',
                                                                                                                                      error}.
/home/pete/wefwefwef/docs/other/4357769750/websocket_client-tag-0.5.0/websocket_client/src/websocket_client.erl, in module header: at line 2: error in XML parser: {system_limit,[{ets,new,[rules,[set|...]],[]},
                                    {xmerl_scan,initial_state,2,[{...}|...]},
                                    {xmerl_scan,int_string,4,[...]},
                                    {xmerl_scan,string,2,...},
                                    {edoc_wiki,parse_xml_1,...},
                                    {edoc_wiki,...},
                                    {...}|...]}.
edoc: skipping source file '/home/pete/wefwefwef/docs/other/4357769750/websocket_client-tag-0.5.0/websocket_client/src/websocket_client.erl': {'EXIT',
                                                                                                                                         error}.
edoc: skipping source file '/home/pete/wefwefwef/docs/other/4357769750/websocket_client-tag-0.5.0/websocket_client/src/websocket_client_handler.erl': {error,
                                                                                                                                                 3,
                                                                                                                                                 {"error in XML parser: ~P.",
                                                                                                                                                  [{system_limit,
                                                                                                                                                    [{ets,
                                                                                                                                                      new,
                                                                                                                                                      [rules,
                                                                                                                                                       [...]],
                                                                                                                                                      []},
                                                                                                                                                     {xmerl_scan,
                                                                                                                                                      initial_state,
                                                                                                                                                      2,
                                                                                                                                                      [...]},
                                                                                                                                                     {xmerl_scan,
                                                                                                                                                      int_string,
                                                                                                                                                      4,...},
                                                                                                                                                     {xmerl_scan,
                                                                                                                                                      string,...},
                                                                                                                                                     {edoc_wiki,...},
                                                                                                                                                     {...}|...]},
                                                                                                                                                   10]}}.
edoc: error in doclet 'edoc_doclet': {'EXIT',error}.
Error generating websocket_client XMLs. Using fallback ...
Generating XML websocket_client - websocket_client "/home/pete/wefwefwef/docs/other/4357769750/websocket_client-tag-0.5.0/websocket_client/src/websocket_client.erl" -> "/home/pete/wefwefwef/docs/other/4357769750/repo/0.5.0/.xml/websocket_client/websocket_client.xml"
/home/pete/wefwefwef/docs/other/4357769750/websocket_client-tag-0.5.0/websocket_client/src/websocket_client.erl, in module header: at line 2: error in XML parser: {system_limit,[{ets,new,[rules,[set|...]],[]},
                                    {xmerl_scan,initial_state,2,[{...}|...]},
                                    {xmerl_scan,int_string,4,[...]},
                                    {xmerl_scan,string,2,...},
                                    {edoc_wiki,parse_xml_1,...},
                                    {edoc_wiki,...},
                                    {...}|...]}.
Error generating XML ("/home/pete/wefwefwef/docs/other/4357769750/websocket_client-tag-0.5.0/websocket_client/src/websocket_client.erl"): {'EXIT',
                                                                                                                                           error}
Generating XML websocket_client - websocket_client_handler "/home/pete/wefwefwef/docs/other/4357769750/websocket_client-tag-0.5.0/websocket_client/src/websocket_client_handler.erl" -> "/home/pete/wefwefwef/docs/other/4357769750/repo/0.5.0/.xml/websocket_client/websocket_client_handler.xml"
Error generating XML ("/home/pete/wefwefwef/docs/other/4357769750/websocket_client-tag-0.5.0/websocket_client/src/websocket_client_handler.erl"): {error,
                                                                                                                                                   3,
                                                                                                                                                   {"error in XML parser: ~P.",
                                                                                                                                                    [{system_limit,
                                                                                                                                                      [{ets,
                                                                                                                                                        new,
                                                                                                                                                        [rules,
                                                                                                                                                         [set,
                                                                                                                                                          public]],
                                                                                                                                                        []},
                                                                                                                                                       {xmerl_scan,
                                                                                                                                                        initial_state,
                                                                                                                                                        2,
                                                                                                                                                        [{file,
                                                                                                                                                          "xmerl_scan.erl"},
                                                                                                                                                         {line,
                                                                                                                                                          413}]},
                                                                                                                                                       {xmerl_scan,
                                                                                                                                                        int_string,
                                                                                                                                                        4,
                                                                                                                                                        [{file,
                                                                                                                                                          "xmerl_scan.erl"},
                                                                                                                                                         {line,
                                                                                                                                                          295}]},
                                                                                                                                                       {xmerl_scan,
                                                                                                                                                        string,
                                                                                                                                                        2,
                                                                                                                                                        [{file,
                                                                                                                                                          "xmerl_scan.erl"},
                                                                                                                                                         {line,
                                                                                                                                                          286}]},
                                                                                                                                                       {edoc_wiki,
                                                                                                                                                        parse_xml_1,
                                                                                                                                                        2,
                                                                                                                                                        [{file,
                                                                                                                                                          "edoc_wiki.erl"},
                                                                                                                                                         {line,
                                                                                                                                                          85}]},
                                                                                                                                                       {edoc_wiki,
                                                                                                                                                        parse_xml,
                                                                                                                                                        2,
                                                                                                                                                        [{file,
                                                                                                                                                          "edoc_wiki.erl"},
                                                                                                                                                         {line,
                                                                                                                                                          79}]},
                                                                                                                                                       {edoc_specs,
                                                                                                                                                        find_type_docs,
                                                                                                                                                        3,
                                                                                                                                                        [{file,
                                                                                                                                                          "edoc_specs.erl"},
                                                                                                                                                         {line,
                                                                                                                                                          150}]},
                                                                                                                                                       {edoc_extract,
                                                                                                                                                        source,
                                                                                                                                                        5,
                                                                                                                                                        [{file,
                                                                                                                                                          "edoc_extract.erl"},
                                                                                                                                                         {line,
                                                                                                                                                          78}]}]},
                                                                                                                                                     10]}}
Generating XML websocket_client - websocket_req "/home/pete/wefwefwef/docs/other/4357769750/websocket_client-tag-0.5.0/websocket_client/src/websocket_req.erl" -> "/home/pete/wefwefwef/docs/other/4357769750/repo/0.5.0/.xml/websocket_client/websocket_req.xml"
/home/pete/wefwefwef/docs/other/4357769750/websocket_client-tag-0.5.0/websocket_client/src/websocket_req.erl, function opcode_to_name/1: at line 73: error in XML parser: {system_limit,[{ets,new,[rules,[set|...]],[]},
                                    {xmerl_scan,initial_state,2,[{...}|...]},
                                    {xmerl_scan,int_string,4,[...]},
                                    {xmerl_scan,string,2,...},
                                    {edoc_wiki,parse_xml_1,...},
                                    {edoc_wiki,...},
                                    {...}|...]}.
Error generating XML ("/home/pete/wefwefwef/docs/other/4357769750/websocket_client-tag-0.5.0/websocket_client/src/websocket_req.erl"): {'EXIT',
                                                                                                                                        error}
No documentation was generated!
Woot, finished in 0 Minutes 0 Seconds
 :: Discovering other repos
$ 5000  `rm -r '/home/pete/wefwefwef/docs/other/4357769750/websocket_client-tag-0.5.0'  2>&1`
 :: Processing https://github.com/jeremyong/websocket_client	{rev,tag,"0.5.1","bde4e581010b7711aa227915e6bd04f0bf368972",undefined,[],[]}
 :: Fetching repo code
$ cd "/home/pete/wefwefwef/docs/other/4357769750/websocket_client-tag-0.5.1/websocket_client"
$ infinity  `curl --fail --silent --show-error --location --output '0.5.1.zip' 'https://github.com/jeremyong/websocket_client/archive/0.5.1.zip'  2>&1`
$ cd "/home/pete/wefwefwef/docs/erldocs_other.git"
$ cd "/home/pete/wefwefwef/docs/other/4357769750/websocket_client-tag-0.5.1/websocket_client"
$ 5000  `find -P . -type l -delete  2>&1`
$ cd "/home/pete/wefwefwef/docs/erldocs_other.git"
$ cd "/home/pete/wefwefwef/docs/other/4357769750/websocket_client-tag-0.5.1/websocket_client"
$ 5000  `find 'websocket_client-0.5.1' -mindepth 1 -maxdepth 1 -exec mv -t . -- {} +  2>&1`
$ cd "/home/pete/wefwefwef/docs/erldocs_other.git"
 :: Getting dependencies
$ cd "/home/pete/wefwefwef/docs/other/4357769750/websocket_client-tag-0.5.1/websocket_client"
$ 5000  `ls -1 deps/  2>&1`
$ cd "/home/pete/wefwefwef/docs/erldocs_other.git"
>>> [rebar] deps = []
 :: Generating erldocs into /home/pete/wefwefwef/docs/other/4357769750/repo/0.5.1
Building websocket_client
Generating Type Specs - "/home/pete/wefwefwef/docs/other/4357769750/websocket_client-tag-0.5.1/websocket_client/src/websocket_client.erl"
EDoc could not process file '/home/pete/wefwefwef/docs/other/4357769750/websocket_client-tag-0.5.1/websocket_client/src/websocket_client.erl'
Error generating type specs for "/home/pete/wefwefwef/docs/other/4357769750/websocket_client-tag-0.5.1/websocket_client/src/websocket_client.erl"
Generating Type Specs - "/home/pete/wefwefwef/docs/other/4357769750/websocket_client-tag-0.5.1/websocket_client/src/websocket_client_handler.erl"
EDoc could not process file '/home/pete/wefwefwef/docs/other/4357769750/websocket_client-tag-0.5.1/websocket_client/src/websocket_client_handler.erl'
Error generating type specs for "/home/pete/wefwefwef/docs/other/4357769750/websocket_client-tag-0.5.1/websocket_client/src/websocket_client_handler.erl"
Generating Type Specs - "/home/pete/wefwefwef/docs/other/4357769750/websocket_client-tag-0.5.1/websocket_client/src/websocket_req.erl"
EDoc could not process file '/home/pete/wefwefwef/docs/other/4357769750/websocket_client-tag-0.5.1/websocket_client/src/websocket_req.erl'
Error generating type specs for "/home/pete/wefwefwef/docs/other/4357769750/websocket_client-tag-0.5.1/websocket_client/src/websocket_req.erl"
Generating XML for application websocket_client "/home/pete/wefwefwef/docs/other/4357769750/websocket_client-tag-0.5.1/websocket_client" -> "/home/pete/wefwefwef/docs/other/4357769750/repo/0.5.1/.xml/websocket_client"
/home/pete/wefwefwef/docs/other/4357769750/websocket_client-tag-0.5.1/websocket_client/src/websocket_req.erl, function opcode_to_name/1: at line 77: error in XML parser: {system_limit,[{ets,new,[rules,[set|...]],[]},
                                    {xmerl_scan,initial_state,2,[{...}|...]},
                                    {xmerl_scan,int_string,4,[...]},
                                    {xmerl_scan,string,2,...},
                                    {edoc_wiki,parse_xml_1,...},
                                    {edoc_wiki,...},
                                    {...}|...]}.
edoc: skipping source file '/home/pete/wefwefwef/docs/other/4357769750/websocket_client-tag-0.5.1/websocket_client/src/websocket_req.erl': {'EXIT',
                                                                                                                                      error}.
/home/pete/wefwefwef/docs/other/4357769750/websocket_client-tag-0.5.1/websocket_client/src/websocket_client.erl, in module header: at line 2: error in XML parser: {system_limit,[{ets,new,[rules,[set|...]],[]},
                                    {xmerl_scan,initial_state,2,[{...}|...]},
                                    {xmerl_scan,int_string,4,[...]},
                                    {xmerl_scan,string,2,...},
                                    {edoc_wiki,parse_xml_1,...},
                                    {edoc_wiki,...},
                                    {...}|...]}.
edoc: skipping source file '/home/pete/wefwefwef/docs/other/4357769750/websocket_client-tag-0.5.1/websocket_client/src/websocket_client.erl': {'EXIT',
                                                                                                                                         error}.
edoc: skipping source file '/home/pete/wefwefwef/docs/other/4357769750/websocket_client-tag-0.5.1/websocket_client/src/websocket_client_handler.erl': {error,
                                                                                                                                                 3,
                                                                                                                                                 {"error in XML parser: ~P.",
                                                                                                                                                  [{system_limit,
                                                                                                                                                    [{ets,
                                                                                                                                                      new,
                                                                                                                                                      [rules,
                                                                                                                                                       [...]],
                                                                                                                                                      []},
                                                                                                                                                     {xmerl_scan,
                                                                                                                                                      initial_state,
                                                                                                                                                      2,
                                                                                                                                                      [...]},
                                                                                                                                                     {xmerl_scan,
                                                                                                                                                      int_string,
                                                                                                                                                      4,...},
                                                                                                                                                     {xmerl_scan,
                                                                                                                                                      string,...},
                                                                                                                                                     {edoc_wiki,...},
                                                                                                                                                     {...}|...]},
                                                                                                                                                   10]}}.
edoc: error in doclet 'edoc_doclet': {'EXIT',error}.
Error generating websocket_client XMLs. Using fallback ...
Generating XML websocket_client - websocket_client "/home/pete/wefwefwef/docs/other/4357769750/websocket_client-tag-0.5.1/websocket_client/src/websocket_client.erl" -> "/home/pete/wefwefwef/docs/other/4357769750/repo/0.5.1/.xml/websocket_client/websocket_client.xml"
/home/pete/wefwefwef/docs/other/4357769750/websocket_client-tag-0.5.1/websocket_client/src/websocket_client.erl, in module header: at line 2: error in XML parser: {system_limit,[{ets,new,[rules,[set|...]],[]},
                                    {xmerl_scan,initial_state,2,[{...}|...]},
                                    {xmerl_scan,int_string,4,[...]},
                                    {xmerl_scan,string,2,...},
                                    {edoc_wiki,parse_xml_1,...},
                                    {edoc_wiki,...},
                                    {...}|...]}.
Error generating XML ("/home/pete/wefwefwef/docs/other/4357769750/websocket_client-tag-0.5.1/websocket_client/src/websocket_client.erl"): {'EXIT',
                                                                                                                                           error}
Generating XML websocket_client - websocket_client_handler "/home/pete/wefwefwef/docs/other/4357769750/websocket_client-tag-0.5.1/websocket_client/src/websocket_client_handler.erl" -> "/home/pete/wefwefwef/docs/other/4357769750/repo/0.5.1/.xml/websocket_client/websocket_client_handler.xml"
Error generating XML ("/home/pete/wefwefwef/docs/other/4357769750/websocket_client-tag-0.5.1/websocket_client/src/websocket_client_handler.erl"): {error,
                                                                                                                                                   3,
                                                                                                                                                   {"error in XML parser: ~P.",
                                                                                                                                                    [{system_limit,
                                                                                                                                                      [{ets,
                                                                                                                                                        new,
                                                                                                                                                        [rules,
                                                                                                                                                         [set,
                                                                                                                                                          public]],
                                                                                                                                                        []},
                                                                                                                                                       {xmerl_scan,
                                                                                                                                                        initial_state,
                                                                                                                                                        2,
                                                                                                                                                        [{file,
                                                                                                                                                          "xmerl_scan.erl"},
                                                                                                                                                         {line,
                                                                                                                                                          413}]},
                                                                                                                                                       {xmerl_scan,
                                                                                                                                                        int_string,
                                                                                                                                                        4,
                                                                                                                                                        [{file,
                                                                                                                                                          "xmerl_scan.erl"},
                                                                                                                                                         {line,
                                                                                                                                                          295}]},
                                                                                                                                                       {xmerl_scan,
                                                                                                                                                        string,
                                                                                                                                                        2,
                                                                                                                                                        [{file,
                                                                                                                                                          "xmerl_scan.erl"},
                                                                                                                                                         {line,
                                                                                                                                                          286}]},
                                                                                                                                                       {edoc_wiki,
                                                                                                                                                        parse_xml_1,
                                                                                                                                                        2,
                                                                                                                                                        [{file,
                                                                                                                                                          "edoc_wiki.erl"},
                                                                                                                                                         {line,
                                                                                                                                                          85}]},
                                                                                                                                                       {edoc_wiki,
                                                                                                                                                        parse_xml,
                                                                                                                                                        2,
                                                                                                                                                        [{file,
                                                                                                                                                          "edoc_wiki.erl"},
                                                                                                                                                         {line,
                                                                                                                                                          79}]},
                                                                                                                                                       {edoc_specs,
                                                                                                                                                        find_type_docs,
                                                                                                                                                        3,
                                                                                                                                                        [{file,
                                                                                                                                                          "edoc_specs.erl"},
                                                                                                                                                         {line,
                                                                                                                                                          150}]},
                                                                                                                                                       {edoc_extract,
                                                                                                                                                        source,
                                                                                                                                                        5,
                                                                                                                                                        [{file,
                                                                                                                                                          "edoc_extract.erl"},
                                                                                                                                                         {line,
                                                                                                                                                          78}]}]},
                                                                                                                                                     10]}}
Generating XML websocket_client - websocket_req "/home/pete/wefwefwef/docs/other/4357769750/websocket_client-tag-0.5.1/websocket_client/src/websocket_req.erl" -> "/home/pete/wefwefwef/docs/other/4357769750/repo/0.5.1/.xml/websocket_client/websocket_req.xml"
/home/pete/wefwefwef/docs/other/4357769750/websocket_client-tag-0.5.1/websocket_client/src/websocket_req.erl, function opcode_to_name/1: at line 77: error in XML parser: {system_limit,[{ets,new,[rules,[set|...]],[]},
                                    {xmerl_scan,initial_state,2,[{...}|...]},
                                    {xmerl_scan,int_string,4,[...]},
                                    {xmerl_scan,string,2,...},
                                    {edoc_wiki,parse_xml_1,...},
                                    {edoc_wiki,...},
                                    {...}|...]}.
Error generating XML ("/home/pete/wefwefwef/docs/other/4357769750/websocket_client-tag-0.5.1/websocket_client/src/websocket_req.erl"): {'EXIT',
                                                                                                                                        error}
No documentation was generated!
Woot, finished in 0 Minutes 0 Seconds
 :: Discovering other repos
$ 5000  `rm -r '/home/pete/wefwefwef/docs/other/4357769750/websocket_client-tag-0.5.1'  2>&1`
 :: Processing https://github.com/jeremyong/websocket_client	{rev,tag,"v0.6","4d5576cd73feb4125bdf46a4fd0eae43cb8ddf8f",undefined,[],[]}
 :: Fetching repo code
$ cd "/home/pete/wefwefwef/docs/other/4357769750/websocket_client-tag-v0.6/websocket_client"
$ infinity  `curl --fail --silent --show-error --location --output 'v0.6.zip' 'https://github.com/jeremyong/websocket_client/archive/v0.6.zip'  2>&1`
$ cd "/home/pete/wefwefwef/docs/erldocs_other.git"
$ cd "/home/pete/wefwefwef/docs/other/4357769750/websocket_client-tag-v0.6/websocket_client"
$ 5000  `find -P . -type l -delete  2>&1`
$ cd "/home/pete/wefwefwef/docs/erldocs_other.git"
$ cd "/home/pete/wefwefwef/docs/other/4357769750/websocket_client-tag-v0.6/websocket_client"
$ 5000  `find 'websocket_client-0.6' -mindepth 1 -maxdepth 1 -exec mv -t . -- {} +  2>&1`
$ cd "/home/pete/wefwefwef/docs/erldocs_other.git"
 :: Getting dependencies
$ cd "/home/pete/wefwefwef/docs/other/4357769750/websocket_client-tag-v0.6/websocket_client"
$ 5000  `ls -1 deps/  2>&1`
$ cd "/home/pete/wefwefwef/docs/erldocs_other.git"
>>> [rebar] deps = []
 :: Generating erldocs into /home/pete/wefwefwef/docs/other/4357769750/repo/v0.6
Building websocket_client
Generating Type Specs - "/home/pete/wefwefwef/docs/other/4357769750/websocket_client-tag-v0.6/websocket_client/src/websocket_client.erl"
EDoc could not process file '/home/pete/wefwefwef/docs/other/4357769750/websocket_client-tag-v0.6/websocket_client/src/websocket_client.erl'
Error generating type specs for "/home/pete/wefwefwef/docs/other/4357769750/websocket_client-tag-v0.6/websocket_client/src/websocket_client.erl"
Generating Type Specs - "/home/pete/wefwefwef/docs/other/4357769750/websocket_client-tag-v0.6/websocket_client/src/websocket_client_handler.erl"
EDoc could not process file '/home/pete/wefwefwef/docs/other/4357769750/websocket_client-tag-v0.6/websocket_client/src/websocket_client_handler.erl'
Error generating type specs for "/home/pete/wefwefwef/docs/other/4357769750/websocket_client-tag-v0.6/websocket_client/src/websocket_client_handler.erl"
Generating Type Specs - "/home/pete/wefwefwef/docs/other/4357769750/websocket_client-tag-v0.6/websocket_client/src/websocket_req.erl"
EDoc could not process file '/home/pete/wefwefwef/docs/other/4357769750/websocket_client-tag-v0.6/websocket_client/src/websocket_req.erl'
Error generating type specs for "/home/pete/wefwefwef/docs/other/4357769750/websocket_client-tag-v0.6/websocket_client/src/websocket_req.erl"
Generating XML for application websocket_client "/home/pete/wefwefwef/docs/other/4357769750/websocket_client-tag-v0.6/websocket_client" -> "/home/pete/wefwefwef/docs/other/4357769750/repo/v0.6/.xml/websocket_client"
/home/pete/wefwefwef/docs/other/4357769750/websocket_client-tag-v0.6/websocket_client/src/websocket_req.erl, in module header: at line 1: error in XML parser: {system_limit,[{ets,new,[rules,[set|...]],[]},
                                    {xmerl_scan,initial_state,2,[{...}|...]},
                                    {xmerl_scan,int_string,4,[...]},
                                    {xmerl_scan,string,2,...},
                                    {edoc_wiki,parse_xml_1,...},
                                    {edoc_wiki,...},
                                    {...}|...]}.
edoc: skipping source file '/home/pete/wefwefwef/docs/other/4357769750/websocket_client-tag-v0.6/websocket_client/src/websocket_req.erl': {'EXIT',
                                                                                                                                     error}.
/home/pete/wefwefwef/docs/other/4357769750/websocket_client-tag-v0.6/websocket_client/src/websocket_client.erl, in module header: at line 2: error in XML parser: {system_limit,[{ets,new,[rules,[set|...]],[]},
                                    {xmerl_scan,initial_state,2,[{...}|...]},
                                    {xmerl_scan,int_string,4,[...]},
                                    {xmerl_scan,string,2,...},
                                    {edoc_wiki,parse_xml_1,...},
                                    {edoc_wiki,...},
                                    {...}|...]}.
edoc: skipping source file '/home/pete/wefwefwef/docs/other/4357769750/websocket_client-tag-v0.6/websocket_client/src/websocket_client.erl': {'EXIT',
                                                                                                                                        error}.
edoc: skipping source file '/home/pete/wefwefwef/docs/other/4357769750/websocket_client-tag-v0.6/websocket_client/src/websocket_client_handler.erl': {'EXIT',
                                                                                                                                                {system_limit,
                                                                                                                                                 [{ets,
                                                                                                                                                   new,
                                                                                                                                                   [etypes,
                                                                                                                                                    [ordered_set]],
                                                                                                                                                   []},
                                                                                                                                                  {edoc_specs,
                                                                                                                                                   add_data,
                                                                                                                                                   4,
                                                                                                                                                   [{file,
                                                                                                                                                     "edoc_specs.erl"},
                                                                                                                                                    {line,
                                                                                                                                                     109}]},
                                                                                                                                                  {edoc_extract,
                                                                                                                                                   source1,
                                                                                                                                                   5,
                                                                                                                                                   [{file,
                                                                                                                                                     [...]},
                                                                                                                                                    {line,...}]},
                                                                                                                                                  {edoc_doclet,
                                                                                                                                                   source,
                                                                                                                                                   9,
                                                                                                                                                   [{file,...},
                                                                                                                                                    {...}]},
                                                                                                                                                  {lists,
                                                                                                                                                   foldl,
                                                                                                                                                   3,
                                                                                                                                                   [{...}|...]},
                                                                                                                                                  {edoc_doclet,
                                                                                                                                                   sources,
                                                                                                                                                   5,
                                                                                                                                                   [...]},
                                                                                                                                                  {edoc_doclet,
                                                                                                                                                   gen,
                                                                                                                                                   6,...},
                                                                                                                                                  {edoc_lib,
                                                                                                                                                   run_plugin,...}]}}.
edoc: error in doclet 'edoc_doclet': {'EXIT',error}.
Error generating websocket_client XMLs. Using fallback ...
Generating XML websocket_client - websocket_client "/home/pete/wefwefwef/docs/other/4357769750/websocket_client-tag-v0.6/websocket_client/src/websocket_client.erl" -> "/home/pete/wefwefwef/docs/other/4357769750/repo/v0.6/.xml/websocket_client/websocket_client.xml"
/home/pete/wefwefwef/docs/other/4357769750/websocket_client-tag-v0.6/websocket_client/src/websocket_client.erl, in module header: at line 2: error in XML parser: {system_limit,[{ets,new,[rules,[set|...]],[]},
                                    {xmerl_scan,initial_state,2,[{...}|...]},
                                    {xmerl_scan,int_string,4,[...]},
                                    {xmerl_scan,string,2,...},
                                    {edoc_wiki,parse_xml_1,...},
                                    {edoc_wiki,...},
                                    {...}|...]}.
Error generating XML ("/home/pete/wefwefwef/docs/other/4357769750/websocket_client-tag-v0.6/websocket_client/src/websocket_client.erl"): {'EXIT',
                                                                                                                                          error}
Generating XML websocket_client - websocket_client_handler "/home/pete/wefwefwef/docs/other/4357769750/websocket_client-tag-v0.6/websocket_client/src/websocket_client_handler.erl" -> "/home/pete/wefwefwef/docs/other/4357769750/repo/v0.6/.xml/websocket_client/websocket_client_handler.xml"
Error generating XML ("/home/pete/wefwefwef/docs/other/4357769750/websocket_client-tag-v0.6/websocket_client/src/websocket_client_handler.erl"): {'EXIT',
                                                                                                                                                  {system_limit,
                                                                                                                                                   [{ets,
                                                                                                                                                     new,
                                                                                                                                                     [etypes,
                                                                                                                                                      [ordered_set]],
                                                                                                                                                     []},
                                                                                                                                                    {edoc_specs,
                                                                                                                                                     add_data,
                                                                                                                                                     4,
                                                                                                                                                     [{file,
                                                                                                                                                       "edoc_specs.erl"},
                                                                                                                                                      {line,
                                                                                                                                                       109}]},
                                                                                                                                                    {edoc_extract,
                                                                                                                                                     source1,
                                                                                                                                                     5,
                                                                                                                                                     [{file,
                                                                                                                                                       "edoc_extract.erl"},
                                                                                                                                                      {line,
                                                                                                                                                       130}]},
                                                                                                                                                    {edoc,
                                                                                                                                                     read,
                                                                                                                                                     2,
                                                                                                                                                     [{file,
                                                                                                                                                       "edoc.erl"},
                                                                                                                                                      {line,
                                                                                                                                                       538}]},
                                                                                                                                                    {edoc,
                                                                                                                                                     file,
                                                                                                                                                     2,
                                                                                                                                                     [{file,
                                                                                                                                                       "edoc.erl"},
                                                                                                                                                      {line,
                                                                                                                                                       116}]},
                                                                                                                                                    {erldocs_core,
                                                                                                                                                     '-gen_docsrc/4-fun-1-',
                                                                                                                                                     5,
                                                                                                                                                     [{file,
                                                                                                                                                       "src/erldocs_core.erl"},
                                                                                                                                                      {line,
                                                                                                                                                       204}]},
                                                                                                                                                    {lists,
                                                                                                                                                     foldl,
                                                                                                                                                     3,
                                                                                                                                                     [{file,
                                                                                                                                                       "lists.erl"},
                                                                                                                                                      {line,
                                                                                                                                                       1261}]},
                                                                                                                                                    {erldocs_core,
                                                                                                                                                     tmp_cd,
                                                                                                                                                     2,
                                                                                                                                                     [{file,
                                                                                                                                                       "src/erldocs_core.erl"},
                                                                                                                                                      {line,
                                                                                                                                                       227}]}]}}
Generating XML websocket_client - websocket_req "/home/pete/wefwefwef/docs/other/4357769750/websocket_client-tag-v0.6/websocket_client/src/websocket_req.erl" -> "/home/pete/wefwefwef/docs/other/4357769750/repo/v0.6/.xml/websocket_client/websocket_req.xml"
/home/pete/wefwefwef/docs/other/4357769750/websocket_client-tag-v0.6/websocket_client/src/websocket_req.erl, in module header: at line 1: error in XML parser: {system_limit,[{ets,new,[rules,[set|...]],[]},
                                    {xmerl_scan,initial_state,2,[{...}|...]},
                                    {xmerl_scan,int_string,4,[...]},
                                    {xmerl_scan,string,2,...},
                                    {edoc_wiki,parse_xml_1,...},
                                    {edoc_wiki,...},
                                    {...}|...]}.
Error generating XML ("/home/pete/wefwefwef/docs/other/4357769750/websocket_client-tag-v0.6/websocket_client/src/websocket_req.erl"): {'EXIT',
                                                                                                                                       error}
No documentation was generated!
Woot, finished in 0 Minutes 0 Seconds
 :: Discovering other repos
$ 5000  `rm -r '/home/pete/wefwefwef/docs/other/4357769750/websocket_client-tag-v0.6'  2>&1`
 :: Processing https://github.com/jeremyong/websocket_client	{rev,tag,"v0.6.1","f0334f066edd8a535ab5933cb8e0101317c39bf4",undefined,[],[]}
 :: Fetching repo code
$ cd "/home/pete/wefwefwef/docs/other/4357769750/websocket_client-tag-v0.6.1/websocket_client"
$ infinity  `curl --fail --silent --show-error --location --output 'v0.6.1.zip' 'https://github.com/jeremyong/websocket_client/archive/v0.6.1.zip'  2>&1`
$ cd "/home/pete/wefwefwef/docs/erldocs_other.git"
$ cd "/home/pete/wefwefwef/docs/other/4357769750/websocket_client-tag-v0.6.1/websocket_client"
$ 5000  `find -P . -type l -delete  2>&1`
$ cd "/home/pete/wefwefwef/docs/erldocs_other.git"
$ cd "/home/pete/wefwefwef/docs/other/4357769750/websocket_client-tag-v0.6.1/websocket_client"
$ 5000  `find 'websocket_client-0.6.1' -mindepth 1 -maxdepth 1 -exec mv -t . -- {} +  2>&1`
$ cd "/home/pete/wefwefwef/docs/erldocs_other.git"
 :: Getting dependencies
$ cd "/home/pete/wefwefwef/docs/other/4357769750/websocket_client-tag-v0.6.1/websocket_client"
$ 5000  `ls -1 deps/  2>&1`
$ cd "/home/pete/wefwefwef/docs/erldocs_other.git"
>>> [rebar] deps = []
 :: Generating erldocs into /home/pete/wefwefwef/docs/other/4357769750/repo/v0.6.1
Building websocket_client
Generating Type Specs - "/home/pete/wefwefwef/docs/other/4357769750/websocket_client-tag-v0.6.1/websocket_client/src/websocket_client.erl"
EDoc could not process file '/home/pete/wefwefwef/docs/other/4357769750/websocket_client-tag-v0.6.1/websocket_client/src/websocket_client.erl'
Error generating type specs for "/home/pete/wefwefwef/docs/other/4357769750/websocket_client-tag-v0.6.1/websocket_client/src/websocket_client.erl"
Generating Type Specs - "/home/pete/wefwefwef/docs/other/4357769750/websocket_client-tag-v0.6.1/websocket_client/src/websocket_client_handler.erl"
EDoc could not process file '/home/pete/wefwefwef/docs/other/4357769750/websocket_client-tag-v0.6.1/websocket_client/src/websocket_client_handler.erl'
Error generating type specs for "/home/pete/wefwefwef/docs/other/4357769750/websocket_client-tag-v0.6.1/websocket_client/src/websocket_client_handler.erl"
Generating Type Specs - "/home/pete/wefwefwef/docs/other/4357769750/websocket_client-tag-v0.6.1/websocket_client/src/websocket_req.erl"
EDoc could not process file '/home/pete/wefwefwef/docs/other/4357769750/websocket_client-tag-v0.6.1/websocket_client/src/websocket_req.erl'
Error generating type specs for "/home/pete/wefwefwef/docs/other/4357769750/websocket_client-tag-v0.6.1/websocket_client/src/websocket_req.erl"
Generating XML for application websocket_client "/home/pete/wefwefwef/docs/other/4357769750/websocket_client-tag-v0.6.1/websocket_client" -> "/home/pete/wefwefwef/docs/other/4357769750/repo/v0.6.1/.xml/websocket_client"
/home/pete/wefwefwef/docs/other/4357769750/websocket_client-tag-v0.6.1/websocket_client/src/websocket_req.erl, in module header: at line 1: error in XML parser: {system_limit,[{ets,new,[rules,[set|...]],[]},
                                    {xmerl_scan,initial_state,2,[{...}|...]},
                                    {xmerl_scan,int_string,4,[...]},
                                    {xmerl_scan,string,2,...},
                                    {edoc_wiki,parse_xml_1,...},
                                    {edoc_wiki,...},
                                    {...}|...]}.
edoc: skipping source file '/home/pete/wefwefwef/docs/other/4357769750/websocket_client-tag-v0.6.1/websocket_client/src/websocket_req.erl': {'EXIT',
                                                                                                                                       error}.
/home/pete/wefwefwef/docs/other/4357769750/websocket_client-tag-v0.6.1/websocket_client/src/websocket_client.erl, in module header: at line 2: error in XML parser: {system_limit,[{ets,new,[rules,[set|...]],[]},
                                    {xmerl_scan,initial_state,2,[{...}|...]},
                                    {xmerl_scan,int_string,4,[...]},
                                    {xmerl_scan,string,2,...},
                                    {edoc_wiki,parse_xml_1,...},
                                    {edoc_wiki,...},
                                    {...}|...]}.
edoc: skipping source file '/home/pete/wefwefwef/docs/other/4357769750/websocket_client-tag-v0.6.1/websocket_client/src/websocket_client.erl': {'EXIT',
                                                                                                                                          error}.
edoc: skipping source file '/home/pete/wefwefwef/docs/other/4357769750/websocket_client-tag-v0.6.1/websocket_client/src/websocket_client_handler.erl': {'EXIT',
                                                                                                                                                  {system_limit,
                                                                                                                                                   [{ets,
                                                                                                                                                     new,
                                                                                                                                                     [etypes,
                                                                                                                                                      [ordered_set]],
                                                                                                                                                     []},
                                                                                                                                                    {edoc_specs,
                                                                                                                                                     add_data,
                                                                                                                                                     4,
                                                                                                                                                     [{file,
                                                                                                                                                       "edoc_specs.erl"},
                                                                                                                                                      {line,
                                                                                                                                                       109}]},
                                                                                                                                                    {edoc_extract,
                                                                                                                                                     source1,
                                                                                                                                                     5,
                                                                                                                                                     [{file,
                                                                                                                                                       [...]},
                                                                                                                                                      {line,...}]},
                                                                                                                                                    {edoc_doclet,
                                                                                                                                                     source,
                                                                                                                                                     9,
                                                                                                                                                     [{file,...},
                                                                                                                                                      {...}]},
                                                                                                                                                    {lists,
                                                                                                                                                     foldl,
                                                                                                                                                     3,
                                                                                                                                                     [{...}|...]},
                                                                                                                                                    {edoc_doclet,
                                                                                                                                                     sources,
                                                                                                                                                     5,
                                                                                                                                                     [...]},
                                                                                                                                                    {edoc_doclet,
                                                                                                                                                     gen,
                                                                                                                                                     6,...},
                                                                                                                                                    {edoc_lib,
                                                                                                                                                     run_plugin,...}]}}.
edoc: error in doclet 'edoc_doclet': {'EXIT',error}.
Error generating websocket_client XMLs. Using fallback ...
Generating XML websocket_client - websocket_client "/home/pete/wefwefwef/docs/other/4357769750/websocket_client-tag-v0.6.1/websocket_client/src/websocket_client.erl" -> "/home/pete/wefwefwef/docs/other/4357769750/repo/v0.6.1/.xml/websocket_client/websocket_client.xml"
/home/pete/wefwefwef/docs/other/4357769750/websocket_client-tag-v0.6.1/websocket_client/src/websocket_client.erl, in module header: at line 2: error in XML parser: {system_limit,[{ets,new,[rules,[set|...]],[]},
                                    {xmerl_scan,initial_state,2,[{...}|...]},
                                    {xmerl_scan,int_string,4,[...]},
                                    {xmerl_scan,string,2,...},
                                    {edoc_wiki,parse_xml_1,...},
                                    {edoc_wiki,...},
                                    {...}|...]}.
Error generating XML ("/home/pete/wefwefwef/docs/other/4357769750/websocket_client-tag-v0.6.1/websocket_client/src/websocket_client.erl"): {'EXIT',
                                                                                                                                            error}
Generating XML websocket_client - websocket_client_handler "/home/pete/wefwefwef/docs/other/4357769750/websocket_client-tag-v0.6.1/websocket_client/src/websocket_client_handler.erl" -> "/home/pete/wefwefwef/docs/other/4357769750/repo/v0.6.1/.xml/websocket_client/websocket_client_handler.xml"
Error generating XML ("/home/pete/wefwefwef/docs/other/4357769750/websocket_client-tag-v0.6.1/websocket_client/src/websocket_client_handler.erl"): {'EXIT',
                                                                                                                                                    {system_limit,
                                                                                                                                                     [{ets,
                                                                                                                                                       new,
                                                                                                                                                       [etypes,
                                                                                                                                                        [ordered_set]],
                                                                                                                                                       []},
                                                                                                                                                      {edoc_specs,
                                                                                                                                                       add_data,
                                                                                                                                                       4,
                                                                                                                                                       [{file,
                                                                                                                                                         "edoc_specs.erl"},
                                                                                                                                                        {line,
                                                                                                                                                         109}]},
                                                                                                                                                      {edoc_extract,
                                                                                                                                                       source1,
                                                                                                                                                       5,
                                                                                                                                                       [{file,
                                                                                                                                                         "edoc_extract.erl"},
                                                                                                                                                        {line,
                                                                                                                                                         130}]},
                                                                                                                                                      {edoc,
                                                                                                                                                       read,
                                                                                                                                                       2,
                                                                                                                                                       [{file,
                                                                                                                                                         "edoc.erl"},
                                                                                                                                                        {line,
                                                                                                                                                         538}]},
                                                                                                                                                      {edoc,
                                                                                                                                                       file,
                                                                                                                                                       2,
                                                                                                                                                       [{file,
                                                                                                                                                         "edoc.erl"},
                                                                                                                                                        {line,
                                                                                                                                                         116}]},
                                                                                                                                                      {erldocs_core,
                                                                                                                                                       '-gen_docsrc/4-fun-1-',
                                                                                                                                                       5,
                                                                                                                                                       [{file,
                                                                                                                                                         "src/erldocs_core.erl"},
                                                                                                                                                        {line,
                                                                                                                                                         204}]},
                                                                                                                                                      {lists,
                                                                                                                                                       foldl,
                                                                                                                                                       3,
                                                                                                                                                       [{file,
                                                                                                                                                         "lists.erl"},
                                                                                                                                                        {line,
                                                                                                                                                         1261}]},
                                                                                                                                                      {erldocs_core,
                                                                                                                                                       tmp_cd,
                                                                                                                                                       2,
                                                                                                                                                       [{file,
                                                                                                                                                         "src/erldocs_core.erl"},
                                                                                                                                                        {line,
                                                                                                                                                         227}]}]}}
Generating XML websocket_client - websocket_req "/home/pete/wefwefwef/docs/other/4357769750/websocket_client-tag-v0.6.1/websocket_client/src/websocket_req.erl" -> "/home/pete/wefwefwef/docs/other/4357769750/repo/v0.6.1/.xml/websocket_client/websocket_req.xml"
/home/pete/wefwefwef/docs/other/4357769750/websocket_client-tag-v0.6.1/websocket_client/src/websocket_req.erl, in module header: at line 1: error in XML parser: {system_limit,[{ets,new,[rules,[set|...]],[]},
                                    {xmerl_scan,initial_state,2,[{...}|...]},
                                    {xmerl_scan,int_string,4,[...]},
                                    {xmerl_scan,string,2,...},
                                    {edoc_wiki,parse_xml_1,...},
                                    {edoc_wiki,...},
                                    {...}|...]}.
Error generating XML ("/home/pete/wefwefwef/docs/other/4357769750/websocket_client-tag-v0.6.1/websocket_client/src/websocket_req.erl"): {'EXIT',
                                                                                                                                         error}
No documentation was generated!
Woot, finished in 0 Minutes 0 Seconds
 :: Discovering other repos
$ 5000  `rm -r '/home/pete/wefwefwef/docs/other/4357769750/websocket_client-tag-v0.6.1'  2>&1`
 :: Processing https://github.com/jeremyong/websocket_client	{rev,tag,"v0.7","f465f229958293949e4a192bea65a7e47bb2f762",undefined,[],[]}
 :: Fetching repo code
$ cd "/home/pete/wefwefwef/docs/other/4357769750/websocket_client-tag-v0.7/websocket_client"
$ infinity  `curl --fail --silent --show-error --location --output 'v0.7.zip' 'https://github.com/jeremyong/websocket_client/archive/v0.7.zip'  2>&1`
$ cd "/home/pete/wefwefwef/docs/erldocs_other.git"
$ cd "/home/pete/wefwefwef/docs/other/4357769750/websocket_client-tag-v0.7/websocket_client"
$ 5000  `find -P . -type l -delete  2>&1`
$ cd "/home/pete/wefwefwef/docs/erldocs_other.git"
$ cd "/home/pete/wefwefwef/docs/other/4357769750/websocket_client-tag-v0.7/websocket_client"
$ 5000  `find 'websocket_client-0.7' -mindepth 1 -maxdepth 1 -exec mv -t . -- {} +  2>&1`
$ cd "/home/pete/wefwefwef/docs/erldocs_other.git"
 :: Getting dependencies
$ cd "/home/pete/wefwefwef/docs/other/4357769750/websocket_client-tag-v0.7/websocket_client"
$ 5000  `ls -1 deps/  2>&1`
$ cd "/home/pete/wefwefwef/docs/erldocs_other.git"
>>> [rebar] deps = []
 :: Generating erldocs into /home/pete/wefwefwef/docs/other/4357769750/repo/v0.7
Building websocket_client
Generating Type Specs - "/home/pete/wefwefwef/docs/other/4357769750/websocket_client-tag-v0.7/websocket_client/src/websocket_client.erl"
EDoc could not process file '/home/pete/wefwefwef/docs/other/4357769750/websocket_client-tag-v0.7/websocket_client/src/websocket_client.erl'
Error generating type specs for "/home/pete/wefwefwef/docs/other/4357769750/websocket_client-tag-v0.7/websocket_client/src/websocket_client.erl"
Generating Type Specs - "/home/pete/wefwefwef/docs/other/4357769750/websocket_client-tag-v0.7/websocket_client/src/websocket_client_handler.erl"
EDoc could not process file '/home/pete/wefwefwef/docs/other/4357769750/websocket_client-tag-v0.7/websocket_client/src/websocket_client_handler.erl'
Error generating type specs for "/home/pete/wefwefwef/docs/other/4357769750/websocket_client-tag-v0.7/websocket_client/src/websocket_client_handler.erl"
Generating Type Specs - "/home/pete/wefwefwef/docs/other/4357769750/websocket_client-tag-v0.7/websocket_client/src/websocket_req.erl"
EDoc could not process file '/home/pete/wefwefwef/docs/other/4357769750/websocket_client-tag-v0.7/websocket_client/src/websocket_req.erl'
Error generating type specs for "/home/pete/wefwefwef/docs/other/4357769750/websocket_client-tag-v0.7/websocket_client/src/websocket_req.erl"
Generating XML for application websocket_client "/home/pete/wefwefwef/docs/other/4357769750/websocket_client-tag-v0.7/websocket_client" -> "/home/pete/wefwefwef/docs/other/4357769750/repo/v0.7/.xml/websocket_client"
/home/pete/wefwefwef/docs/other/4357769750/websocket_client-tag-v0.7/websocket_client/src/websocket_req.erl, in module header: at line 1: error in XML parser: {system_limit,[{ets,new,[rules,[set|...]],[]},
                                    {xmerl_scan,initial_state,2,[{...}|...]},
                                    {xmerl_scan,int_string,4,[...]},
                                    {xmerl_scan,string,2,...},
                                    {edoc_wiki,parse_xml_1,...},
                                    {edoc_wiki,...},
                                    {...}|...]}.
edoc: skipping source file '/home/pete/wefwefwef/docs/other/4357769750/websocket_client-tag-v0.7/websocket_client/src/websocket_req.erl': {'EXIT',
                                                                                                                                     error}.
/home/pete/wefwefwef/docs/other/4357769750/websocket_client-tag-v0.7/websocket_client/src/websocket_client.erl, in module header: at line 2: error in XML parser: {system_limit,[{ets,new,[rules,[set|...]],[]},
                                    {xmerl_scan,initial_state,2,[{...}|...]},
                                    {xmerl_scan,int_string,4,[...]},
                                    {xmerl_scan,string,2,...},
                                    {edoc_wiki,parse_xml_1,...},
                                    {edoc_wiki,...},
                                    {...}|...]}.
edoc: skipping source file '/home/pete/wefwefwef/docs/other/4357769750/websocket_client-tag-v0.7/websocket_client/src/websocket_client.erl': {'EXIT',
                                                                                                                                        error}.
edoc: skipping source file '/home/pete/wefwefwef/docs/other/4357769750/websocket_client-tag-v0.7/websocket_client/src/websocket_client_handler.erl': {'EXIT',
                                                                                                                                                {system_limit,
                                                                                                                                                 [{ets,
                                                                                                                                                   new,
                                                                                                                                                   [etypes,
                                                                                                                                                    [ordered_set]],
                                                                                                                                                   []},
                                                                                                                                                  {edoc_specs,
                                                                                                                                                   add_data,
                                                                                                                                                   4,
                                                                                                                                                   [{file,
                                                                                                                                                     "edoc_specs.erl"},
                                                                                                                                                    {line,
                                                                                                                                                     109}]},
                                                                                                                                                  {edoc_extract,
                                                                                                                                                   source1,
                                                                                                                                                   5,
                                                                                                                                                   [{file,
                                                                                                                                                     [...]},
                                                                                                                                                    {line,...}]},
                                                                                                                                                  {edoc_doclet,
                                                                                                                                                   source,
                                                                                                                                                   9,
                                                                                                                                                   [{file,...},
                                                                                                                                                    {...}]},
                                                                                                                                                  {lists,
                                                                                                                                                   foldl,
                                                                                                                                                   3,
                                                                                                                                                   [{...}|...]},
                                                                                                                                                  {edoc_doclet,
                                                                                                                                                   sources,
                                                                                                                                                   5,
                                                                                                                                                   [...]},
                                                                                                                                                  {edoc_doclet,
                                                                                                                                                   gen,
                                                                                                                                                   6,...},
                                                                                                                                                  {edoc_lib,
                                                                                                                                                   run_plugin,...}]}}.
edoc: error in doclet 'edoc_doclet': {'EXIT',error}.
Error generating websocket_client XMLs. Using fallback ...
Generating XML websocket_client - websocket_client "/home/pete/wefwefwef/docs/other/4357769750/websocket_client-tag-v0.7/websocket_client/src/websocket_client.erl" -> "/home/pete/wefwefwef/docs/other/4357769750/repo/v0.7/.xml/websocket_client/websocket_client.xml"
/home/pete/wefwefwef/docs/other/4357769750/websocket_client-tag-v0.7/websocket_client/src/websocket_client.erl, in module header: at line 2: error in XML parser: {system_limit,[{ets,new,[rules,[set|...]],[]},
                                    {xmerl_scan,initial_state,2,[{...}|...]},
                                    {xmerl_scan,int_string,4,[...]},
                                    {xmerl_scan,string,2,...},
                                    {edoc_wiki,parse_xml_1,...},
                                    {edoc_wiki,...},
                                    {...}|...]}.
Error generating XML ("/home/pete/wefwefwef/docs/other/4357769750/websocket_client-tag-v0.7/websocket_client/src/websocket_client.erl"): {'EXIT',
                                                                                                                                          error}
Generating XML websocket_client - websocket_client_handler "/home/pete/wefwefwef/docs/other/4357769750/websocket_client-tag-v0.7/websocket_client/src/websocket_client_handler.erl" -> "/home/pete/wefwefwef/docs/other/4357769750/repo/v0.7/.xml/websocket_client/websocket_client_handler.xml"
Error generating XML ("/home/pete/wefwefwef/docs/other/4357769750/websocket_client-tag-v0.7/websocket_client/src/websocket_client_handler.erl"): {'EXIT',
                                                                                                                                                  {system_limit,
                                                                                                                                                   [{ets,
                                                                                                                                                     new,
                                                                                                                                                     [etypes,
                                                                                                                                                      [ordered_set]],
                                                                                                                                                     []},
                                                                                                                                                    {edoc_specs,
                                                                                                                                                     add_data,
                                                                                                                                                     4,
                                                                                                                                                     [{file,
                                                                                                                                                       "edoc_specs.erl"},
                                                                                                                                                      {line,
                                                                                                                                                       109}]},
                                                                                                                                                    {edoc_extract,
                                                                                                                                                     source1,
                                                                                                                                                     5,
                                                                                                                                                     [{file,
                                                                                                                                                       "edoc_extract.erl"},
                                                                                                                                                      {line,
                                                                                                                                                       130}]},
                                                                                                                                                    {edoc,
                                                                                                                                                     read,
                                                                                                                                                     2,
                                                                                                                                                     [{file,
                                                                                                                                                       "edoc.erl"},
                                                                                                                                                      {line,
                                                                                                                                                       538}]},
                                                                                                                                                    {edoc,
                                                                                                                                                     file,
                                                                                                                                                     2,
                                                                                                                                                     [{file,
                                                                                                                                                       "edoc.erl"},
                                                                                                                                                      {line,
                                                                                                                                                       116}]},
                                                                                                                                                    {erldocs_core,
                                                                                                                                                     '-gen_docsrc/4-fun-1-',
                                                                                                                                                     5,
                                                                                                                                                     [{file,
                                                                                                                                                       "src/erldocs_core.erl"},
                                                                                                                                                      {line,
                                                                                                                                                       204}]},
                                                                                                                                                    {lists,
                                                                                                                                                     foldl,
                                                                                                                                                     3,
                                                                                                                                                     [{file,
                                                                                                                                                       "lists.erl"},
                                                                                                                                                      {line,
                                                                                                                                                       1261}]},
                                                                                                                                                    {erldocs_core,
                                                                                                                                                     tmp_cd,
                                                                                                                                                     2,
                                                                                                                                                     [{file,
                                                                                                                                                       "src/erldocs_core.erl"},
                                                                                                                                                      {line,
                                                                                                                                                       227}]}]}}
Generating XML websocket_client - websocket_req "/home/pete/wefwefwef/docs/other/4357769750/websocket_client-tag-v0.7/websocket_client/src/websocket_req.erl" -> "/home/pete/wefwefwef/docs/other/4357769750/repo/v0.7/.xml/websocket_client/websocket_req.xml"
/home/pete/wefwefwef/docs/other/4357769750/websocket_client-tag-v0.7/websocket_client/src/websocket_req.erl, in module header: at line 1: error in XML parser: {system_limit,[{ets,new,[rules,[set|...]],[]},
                                    {xmerl_scan,initial_state,2,[{...}|...]},
                                    {xmerl_scan,int_string,4,[...]},
                                    {xmerl_scan,string,2,...},
                                    {edoc_wiki,parse_xml_1,...},
                                    {edoc_wiki,...},
                                    {...}|...]}.
Error generating XML ("/home/pete/wefwefwef/docs/other/4357769750/websocket_client-tag-v0.7/websocket_client/src/websocket_req.erl"): {'EXIT',
                                                                                                                                       error}
No documentation was generated!
Woot, finished in 0 Minutes 0 Seconds
 :: Discovering other repos
$ 5000  `rm -r '/home/pete/wefwefwef/docs/other/4357769750/websocket_client-tag-v0.7'  2>&1`
 :: Processing https://github.com/jeremyong/websocket_client	{rev,branch,"master","f465f229958293949e4a192bea65a7e47bb2f762",undefined,[],[]}
 :: Fetching repo code
$ cd "/home/pete/wefwefwef/docs/other/4357769750/websocket_client-branch-master/websocket_client"
$ infinity  `curl --fail --silent --show-error --location --output 'master.zip' 'https://github.com/jeremyong/websocket_client/archive/master.zip'  2>&1`
$ cd "/home/pete/wefwefwef/docs/erldocs_other.git"
$ cd "/home/pete/wefwefwef/docs/other/4357769750/websocket_client-branch-master/websocket_client"
$ 5000  `find -P . -type l -delete  2>&1`
$ cd "/home/pete/wefwefwef/docs/erldocs_other.git"
$ cd "/home/pete/wefwefwef/docs/other/4357769750/websocket_client-branch-master/websocket_client"
$ 5000  `find 'websocket_client-master' -mindepth 1 -maxdepth 1 -exec mv -t . -- {} +  2>&1`
$ cd "/home/pete/wefwefwef/docs/erldocs_other.git"
 :: Getting dependencies
$ cd "/home/pete/wefwefwef/docs/other/4357769750/websocket_client-branch-master/websocket_client"
$ 5000  `ls -1 deps/  2>&1`
$ cd "/home/pete/wefwefwef/docs/erldocs_other.git"
>>> [rebar] deps = []
 :: Generating erldocs into /home/pete/wefwefwef/docs/other/4357769750/repo/master
Building websocket_client
Generating Type Specs - "/home/pete/wefwefwef/docs/other/4357769750/websocket_client-branch-master/websocket_client/src/websocket_client.erl"
EDoc could not process file '/home/pete/wefwefwef/docs/other/4357769750/websocket_client-branch-master/websocket_client/src/websocket_client.erl'
Error generating type specs for "/home/pete/wefwefwef/docs/other/4357769750/websocket_client-branch-master/websocket_client/src/websocket_client.erl"
Generating Type Specs - "/home/pete/wefwefwef/docs/other/4357769750/websocket_client-branch-master/websocket_client/src/websocket_client_handler.erl"
EDoc could not process file '/home/pete/wefwefwef/docs/other/4357769750/websocket_client-branch-master/websocket_client/src/websocket_client_handler.erl'
Error generating type specs for "/home/pete/wefwefwef/docs/other/4357769750/websocket_client-branch-master/websocket_client/src/websocket_client_handler.erl"
Generating Type Specs - "/home/pete/wefwefwef/docs/other/4357769750/websocket_client-branch-master/websocket_client/src/websocket_req.erl"
EDoc could not process file '/home/pete/wefwefwef/docs/other/4357769750/websocket_client-branch-master/websocket_client/src/websocket_req.erl'
Error generating type specs for "/home/pete/wefwefwef/docs/other/4357769750/websocket_client-branch-master/websocket_client/src/websocket_req.erl"
Generating XML for application websocket_client "/home/pete/wefwefwef/docs/other/4357769750/websocket_client-branch-master/websocket_client" -> "/home/pete/wefwefwef/docs/other/4357769750/repo/master/.xml/websocket_client"
/home/pete/wefwefwef/docs/other/4357769750/websocket_client-branch-master/websocket_client/src/websocket_req.erl, in module header: at line 1: error in XML parser: {system_limit,[{ets,new,[rules,[set|...]],[]},
                                    {xmerl_scan,initial_state,2,[{...}|...]},
                                    {xmerl_scan,int_string,4,[...]},
                                    {xmerl_scan,string,2,...},
                                    {edoc_wiki,parse_xml_1,...},
                                    {edoc_wiki,...},
                                    {...}|...]}.
edoc: skipping source file '/home/pete/wefwefwef/docs/other/4357769750/websocket_client-branch-master/websocket_client/src/websocket_req.erl': {'EXIT',
                                                                                                                                          error}.
/home/pete/wefwefwef/docs/other/4357769750/websocket_client-branch-master/websocket_client/src/websocket_client.erl, in module header: at line 2: error in XML parser: {system_limit,[{ets,new,[rules,[set|...]],[]},
                                    {xmerl_scan,initial_state,2,[{...}|...]},
                                    {xmerl_scan,int_string,4,[...]},
                                    {xmerl_scan,string,2,...},
                                    {edoc_wiki,parse_xml_1,...},
                                    {edoc_wiki,...},
                                    {...}|...]}.
edoc: skipping source file '/home/pete/wefwefwef/docs/other/4357769750/websocket_client-branch-master/websocket_client/src/websocket_client.erl': {'EXIT',
                                                                                                                                             error}.
edoc: skipping source file '/home/pete/wefwefwef/docs/other/4357769750/websocket_client-branch-master/websocket_client/src/websocket_client_handler.erl': {'EXIT',
                                                                                                                                                     {system_limit,
                                                                                                                                                      [{ets,
                                                                                                                                                        new,
                                                                                                                                                        [etypes,
                                                                                                                                                         [ordered_set]],
                                                                                                                                                        []},
                                                                                                                                                       {edoc_specs,
                                                                                                                                                        add_data,
                                                                                                                                                        4,
                                                                                                                                                        [{file,
                                                                                                                                                          "edoc_specs.erl"},
                                                                                                                                                         {line,
                                                                                                                                                          109}]},
                                                                                                                                                       {edoc_extract,
                                                                                                                                                        source1,
                                                                                                                                                        5,
                                                                                                                                                        [{file,
                                                                                                                                                          [...]},
                                                                                                                                                         {line,...}]},
                                                                                                                                                       {edoc_doclet,
                                                                                                                                                        source,
                                                                                                                                                        9,
                                                                                                                                                        [{file,...},
                                                                                                                                                         {...}]},
                                                                                                                                                       {lists,
                                                                                                                                                        foldl,
                                                                                                                                                        3,
                                                                                                                                                        [{...}|...]},
                                                                                                                                                       {edoc_doclet,
                                                                                                                                                        sources,
                                                                                                                                                        5,
                                                                                                                                                        [...]},
                                                                                                                                                       {edoc_doclet,
                                                                                                                                                        gen,
                                                                                                                                                        6,...},
                                                                                                                                                       {edoc_lib,
                                                                                                                                                        run_plugin,...}]}}.
edoc: error in doclet 'edoc_doclet': {'EXIT',error}.
Error generating websocket_client XMLs. Using fallback ...
Generating XML websocket_client - websocket_client "/home/pete/wefwefwef/docs/other/4357769750/websocket_client-branch-master/websocket_client/src/websocket_client.erl" -> "/home/pete/wefwefwef/docs/other/4357769750/repo/master/.xml/websocket_client/websocket_client.xml"
/home/pete/wefwefwef/docs/other/4357769750/websocket_client-branch-master/websocket_client/src/websocket_client.erl, in module header: at line 2: error in XML parser: {system_limit,[{ets,new,[rules,[set|...]],[]},
                                    {xmerl_scan,initial_state,2,[{...}|...]},
                                    {xmerl_scan,int_string,4,[...]},
                                    {xmerl_scan,string,2,...},
                                    {edoc_wiki,parse_xml_1,...},
                                    {edoc_wiki,...},
                                    {...}|...]}.
Error generating XML ("/home/pete/wefwefwef/docs/other/4357769750/websocket_client-branch-master/websocket_client/src/websocket_client.erl"): {'EXIT',
                                                                                                                                               error}
Generating XML websocket_client - websocket_client_handler "/home/pete/wefwefwef/docs/other/4357769750/websocket_client-branch-master/websocket_client/src/websocket_client_handler.erl" -> "/home/pete/wefwefwef/docs/other/4357769750/repo/master/.xml/websocket_client/websocket_client_handler.xml"
Error generating XML ("/home/pete/wefwefwef/docs/other/4357769750/websocket_client-branch-master/websocket_client/src/websocket_client_handler.erl"): {'EXIT',
                                                                                                                                                       {system_limit,
                                                                                                                                                        [{ets,
                                                                                                                                                          new,
                                                                                                                                                          [etypes,
                                                                                                                                                           [ordered_set]],
                                                                                                                                                          []},
                                                                                                                                                         {edoc_specs,
                                                                                                                                                          add_data,
                                                                                                                                                          4,
                                                                                                                                                          [{file,
                                                                                                                                                            "edoc_specs.erl"},
                                                                                                                                                           {line,
                                                                                                                                                            109}]},
                                                                                                                                                         {edoc_extract,
                                                                                                                                                          source1,
                                                                                                                                                          5,
                                                                                                                                                          [{file,
                                                                                                                                                            "edoc_extract.erl"},
                                                                                                                                                           {line,
                                                                                                                                                            130}]},
                                                                                                                                                         {edoc,
                                                                                                                                                          read,
                                                                                                                                                          2,
                                                                                                                                                          [{file,
                                                                                                                                                            "edoc.erl"},
                                                                                                                                                           {line,
                                                                                                                                                            538}]},
                                                                                                                                                         {edoc,
                                                                                                                                                          file,
                                                                                                                                                          2,
                                                                                                                                                          [{file,
                                                                                                                                                            "edoc.erl"},
                                                                                                                                                           {line,
                                                                                                                                                            116}]},
                                                                                                                                                         {erldocs_core,
                                                                                                                                                          '-gen_docsrc/4-fun-1-',
                                                                                                                                                          5,
                                                                                                                                                          [{file,
                                                                                                                                                            "src/erldocs_core.erl"},
                                                                                                                                                           {line,
                                                                                                                                                            204}]},
                                                                                                                                                         {lists,
                                                                                                                                                          foldl,
                                                                                                                                                          3,
                                                                                                                                                          [{file,
                                                                                                                                                            "lists.erl"},
                                                                                                                                                           {line,
                                                                                                                                                            1261}]},
                                                                                                                                                         {erldocs_core,
                                                                                                                                                          tmp_cd,
                                                                                                                                                          2,
                                                                                                                                                          [{file,
                                                                                                                                                            "src/erldocs_core.erl"},
                                                                                                                                                           {line,
                                                                                                                                                            227}]}]}}
Generating XML websocket_client - websocket_req "/home/pete/wefwefwef/docs/other/4357769750/websocket_client-branch-master/websocket_client/src/websocket_req.erl" -> "/home/pete/wefwefwef/docs/other/4357769750/repo/master/.xml/websocket_client/websocket_req.xml"
/home/pete/wefwefwef/docs/other/4357769750/websocket_client-branch-master/websocket_client/src/websocket_req.erl, in module header: at line 1: error in XML parser: {system_limit,[{ets,new,[rules,[set|...]],[]},
                                    {xmerl_scan,initial_state,2,[{...}|...]},
                                    {xmerl_scan,int_string,4,[...]},
                                    {xmerl_scan,string,2,...},
                                    {edoc_wiki,parse_xml_1,...},
                                    {edoc_wiki,...},
                                    {...}|...]}.
Error generating XML ("/home/pete/wefwefwef/docs/other/4357769750/websocket_client-branch-master/websocket_client/src/websocket_req.erl"): {'EXIT',
                                                                                                                                            error}
No documentation was generated!
Woot, finished in 0 Minutes 0 Seconds
 :: Discovering other repos
$ 5000  `rm -r '/home/pete/wefwefwef/docs/other/4357769750/websocket_client-branch-master'  2>&1`
 :: Finishing up
$ 5000  `rm -r '/home/pete/wefwefwef/docs/other/4357769750/websocket_client'  2>&1`
$ 5000  `rm -r '/home/pete/wefwefwef/docs/other/4357769750/repo/0.5.0'  2>&1`
$ 5000  `rm -r '/home/pete/wefwefwef/docs/other/4357769750/repo/0.5.1'  2>&1`
$ 5000  `rm -r '/home/pete/wefwefwef/docs/other/4357769750/repo/v0.6'  2>&1`
$ 5000  `rm -r '/home/pete/wefwefwef/docs/other/4357769750/repo/v0.6.1'  2>&1`
$ 5000  `rm -r '/home/pete/wefwefwef/docs/other/4357769750/repo/v0.7'  2>&1`
$ 5000  `rm -r '/home/pete/wefwefwef/docs/other/4357769750/repo/master'  2>&1`
