 :: Extracting meta information
$ 5000  `git ls-remote --heads --tags 'https://github.com/biokoda/actordb'  2>&1`
>>> [repo] 2 branches, 11 tags
 :: Writing meta to "/home/pete/wefwefwef/docs/other/5173168376/meta.txt"
 :: Processing https://github.com/biokoda/actordb	{rev,tag,"0.5","e8357b78853da9aedafbfcc9abfc3088e83ac171",undefined,[],[]}
 :: Fetching repo code
$ cd "/home/pete/wefwefwef/docs/other/5173168376/actordb-tag-0.5/actordb"
$ infinity  `curl --fail --silent --show-error --location --output '0.5.zip' 'https://github.com/biokoda/actordb/archive/0.5.zip'  2>&1`
$ cd "/home/pete/wefwefwef/docs/erldocs_other.git"
$ cd "/home/pete/wefwefwef/docs/other/5173168376/actordb-tag-0.5/actordb"
$ 5000  `find -P . -type l -delete  2>&1`
$ cd "/home/pete/wefwefwef/docs/erldocs_other.git"
$ cd "/home/pete/wefwefwef/docs/other/5173168376/actordb-tag-0.5/actordb"
$ 5000  `find 'actordb-0.5' -mindepth 1 -maxdepth 1 -exec mv -t . -- {} +  2>&1`
$ cd "/home/pete/wefwefwef/docs/erldocs_other.git"
 :: Getting dependencies
$ cd "/home/pete/wefwefwef/docs/other/5173168376/actordb-tag-0.5/actordb"
$ infinity  `rebar --config '/home/pete/wefwefwef/docs/other/5173168376/actordb-tag-0.5/rebar_deps' get-deps  2>&1`
$ cd "/home/pete/wefwefwef/docs/erldocs_other.git"
$ cd "/home/pete/wefwefwef/docs/other/5173168376/actordb-tag-0.5/actordb"
$ 5000  `find -P . -type l -delete  2>&1`
$ cd "/home/pete/wefwefwef/docs/erldocs_other.git"
$ cd "/home/pete/wefwefwef/docs/other/5173168376/actordb-tag-0.5/actordb"
$ 5000  `ls -1 deps/  2>&1`
$ cd "/home/pete/wefwefwef/docs/erldocs_other.git"
>>> [rebar] deps = ["actordb_core","actordb_driver","bkdcore","distreg",
                    "emurmur3","esqlite","goldrush","lager","node_package",
                    "ranch","yamerl"]
 :: Generating erldocs into /home/pete/wefwefwef/docs/other/5173168376/repo/0.5
Building actordb
Generating Type Specs - "/home/pete/wefwefwef/docs/other/5173168376/actordb-tag-0.5/actordb/src/etop_txt.erl"
Generating XML for application actordb "/home/pete/wefwefwef/docs/other/5173168376/actordb-tag-0.5/actordb" -> "/home/pete/wefwefwef/docs/other/5173168376/repo/0.5/.xml/actordb"
Generated actordb XMLs: ["/home/pete/wefwefwef/docs/other/5173168376/repo/0.5/.xml/actordb/etop_txt.xml"]
Generating HTML - etop_txt "/home/pete/wefwefwef/docs/other/5173168376/repo/0.5/.xml/actordb/etop_txt.xml"
Reading XML for "/home/pete/wefwefwef/docs/other/5173168376/repo/0.5/.xml/actordb/etop_txt.xml"
Reading XML for "/home/pete/wefwefwef/docs/other/5173168376/repo/0.5/.xml/specs_etop_txt.xml"
Creating index.html ...
Creating erldocs_index.js ...
Woot, finished in 0 Minutes 0 Seconds
 :: Discovering other repos
$ 5000  `rm -r '/home/pete/wefwefwef/docs/other/5173168376/actordb-tag-0.5'  2>&1`
 :: Processing https://github.com/biokoda/actordb	{rev,tag,"0.5.1","83545226227df3981aa6dcca78588a6b269ee124",undefined,[],[]}
 :: Fetching repo code
$ cd "/home/pete/wefwefwef/docs/other/5173168376/actordb-tag-0.5.1/actordb"
$ infinity  `curl --fail --silent --show-error --location --output '0.5.1.zip' 'https://github.com/biokoda/actordb/archive/0.5.1.zip'  2>&1`
$ cd "/home/pete/wefwefwef/docs/erldocs_other.git"
$ cd "/home/pete/wefwefwef/docs/other/5173168376/actordb-tag-0.5.1/actordb"
$ 5000  `find -P . -type l -delete  2>&1`
$ cd "/home/pete/wefwefwef/docs/erldocs_other.git"
$ cd "/home/pete/wefwefwef/docs/other/5173168376/actordb-tag-0.5.1/actordb"
$ 5000  `find 'actordb-0.5.1' -mindepth 1 -maxdepth 1 -exec mv -t . -- {} +  2>&1`
$ cd "/home/pete/wefwefwef/docs/erldocs_other.git"
 :: Getting dependencies
$ cd "/home/pete/wefwefwef/docs/other/5173168376/actordb-tag-0.5.1/actordb"
$ infinity  `rebar --config '/home/pete/wefwefwef/docs/other/5173168376/actordb-tag-0.5.1/rebar_deps' get-deps  2>&1`
$ cd "/home/pete/wefwefwef/docs/erldocs_other.git"
$ cd "/home/pete/wefwefwef/docs/other/5173168376/actordb-tag-0.5.1/actordb"
$ 5000  `find -P . -type l -delete  2>&1`
$ cd "/home/pete/wefwefwef/docs/erldocs_other.git"
$ cd "/home/pete/wefwefwef/docs/other/5173168376/actordb-tag-0.5.1/actordb"
$ 5000  `ls -1 deps/  2>&1`
$ cd "/home/pete/wefwefwef/docs/erldocs_other.git"
>>> [rebar] deps = ["actordb_core","actordb_driver","bkdcore","distreg",
                    "emurmur3","esqlite","goldrush","lager","node_package",
                    "ranch","yamerl"]
 :: Generating erldocs into /home/pete/wefwefwef/docs/other/5173168376/repo/0.5.1
Building actordb
Generating Type Specs - "/home/pete/wefwefwef/docs/other/5173168376/actordb-tag-0.5.1/actordb/src/etop_txt.erl"
Generating XML for application actordb "/home/pete/wefwefwef/docs/other/5173168376/actordb-tag-0.5.1/actordb" -> "/home/pete/wefwefwef/docs/other/5173168376/repo/0.5.1/.xml/actordb"
Generated actordb XMLs: ["/home/pete/wefwefwef/docs/other/5173168376/repo/0.5.1/.xml/actordb/etop_txt.xml"]
Generating HTML - etop_txt "/home/pete/wefwefwef/docs/other/5173168376/repo/0.5.1/.xml/actordb/etop_txt.xml"
Reading XML for "/home/pete/wefwefwef/docs/other/5173168376/repo/0.5.1/.xml/actordb/etop_txt.xml"
Reading XML for "/home/pete/wefwefwef/docs/other/5173168376/repo/0.5.1/.xml/specs_etop_txt.xml"
Creating index.html ...
Creating erldocs_index.js ...
Woot, finished in 0 Minutes 0 Seconds
 :: Discovering other repos
$ 5000  `rm -r '/home/pete/wefwefwef/docs/other/5173168376/actordb-tag-0.5.1'  2>&1`
 :: Processing https://github.com/biokoda/actordb	{rev,tag,"0.5.2","fb16384ba19a76162b58217c60a04faedd77da03",undefined,[],[]}
 :: Fetching repo code
$ cd "/home/pete/wefwefwef/docs/other/5173168376/actordb-tag-0.5.2/actordb"
$ infinity  `curl --fail --silent --show-error --location --output '0.5.2.zip' 'https://github.com/biokoda/actordb/archive/0.5.2.zip'  2>&1`
$ cd "/home/pete/wefwefwef/docs/erldocs_other.git"
$ cd "/home/pete/wefwefwef/docs/other/5173168376/actordb-tag-0.5.2/actordb"
$ 5000  `find -P . -type l -delete  2>&1`
$ cd "/home/pete/wefwefwef/docs/erldocs_other.git"
$ cd "/home/pete/wefwefwef/docs/other/5173168376/actordb-tag-0.5.2/actordb"
$ 5000  `find 'actordb-0.5.2' -mindepth 1 -maxdepth 1 -exec mv -t . -- {} +  2>&1`
$ cd "/home/pete/wefwefwef/docs/erldocs_other.git"
 :: Getting dependencies
$ cd "/home/pete/wefwefwef/docs/other/5173168376/actordb-tag-0.5.2/actordb"
$ infinity  `rebar --config '/home/pete/wefwefwef/docs/other/5173168376/actordb-tag-0.5.2/rebar_deps' get-deps  2>&1`
$ cd "/home/pete/wefwefwef/docs/erldocs_other.git"
$ cd "/home/pete/wefwefwef/docs/other/5173168376/actordb-tag-0.5.2/actordb"
$ 5000  `find -P . -type l -delete  2>&1`
$ cd "/home/pete/wefwefwef/docs/erldocs_other.git"
$ cd "/home/pete/wefwefwef/docs/other/5173168376/actordb-tag-0.5.2/actordb"
$ 5000  `ls -1 deps/  2>&1`
$ cd "/home/pete/wefwefwef/docs/erldocs_other.git"
>>> [rebar] deps = ["actordb_core","bkdcore","distreg","emurmur3","esqlite",
                    "goldrush","lager","node_package","ranch","yamerl"]
 :: Generating erldocs into /home/pete/wefwefwef/docs/other/5173168376/repo/0.5.2
Building actordb
Generating Type Specs - "/home/pete/wefwefwef/docs/other/5173168376/actordb-tag-0.5.2/actordb/src/etop_txt.erl"
Generating XML for application actordb "/home/pete/wefwefwef/docs/other/5173168376/actordb-tag-0.5.2/actordb" -> "/home/pete/wefwefwef/docs/other/5173168376/repo/0.5.2/.xml/actordb"
Generated actordb XMLs: ["/home/pete/wefwefwef/docs/other/5173168376/repo/0.5.2/.xml/actordb/etop_txt.xml"]
Generating HTML - etop_txt "/home/pete/wefwefwef/docs/other/5173168376/repo/0.5.2/.xml/actordb/etop_txt.xml"
Reading XML for "/home/pete/wefwefwef/docs/other/5173168376/repo/0.5.2/.xml/actordb/etop_txt.xml"
Reading XML for "/home/pete/wefwefwef/docs/other/5173168376/repo/0.5.2/.xml/specs_etop_txt.xml"
Creating index.html ...
Creating erldocs_index.js ...
Woot, finished in 0 Minutes 0 Seconds
 :: Discovering other repos
$ 5000  `rm -r '/home/pete/wefwefwef/docs/other/5173168376/actordb-tag-0.5.2'  2>&1`
 :: Processing https://github.com/biokoda/actordb	{rev,tag,"0.9pre1","acf33266fe87af1e0c7ea200447fef6185c9d5fa",undefined,[],[]}
 :: Fetching repo code
$ cd "/home/pete/wefwefwef/docs/other/5173168376/actordb-tag-0.9pre1/actordb"
$ infinity  `curl --fail --silent --show-error --location --output '0.9pre1.zip' 'https://github.com/biokoda/actordb/archive/0.9pre1.zip'  2>&1`
$ cd "/home/pete/wefwefwef/docs/erldocs_other.git"
$ cd "/home/pete/wefwefwef/docs/other/5173168376/actordb-tag-0.9pre1/actordb"
$ 5000  `find -P . -type l -delete  2>&1`
$ cd "/home/pete/wefwefwef/docs/erldocs_other.git"
$ cd "/home/pete/wefwefwef/docs/other/5173168376/actordb-tag-0.9pre1/actordb"
$ 5000  `find 'actordb-0.9pre1' -mindepth 1 -maxdepth 1 -exec mv -t . -- {} +  2>&1`
$ cd "/home/pete/wefwefwef/docs/erldocs_other.git"
 :: Getting dependencies
$ cd "/home/pete/wefwefwef/docs/other/5173168376/actordb-tag-0.9pre1/actordb"
$ infinity  `rebar --config '/home/pete/wefwefwef/docs/other/5173168376/actordb-tag-0.9pre1/rebar_deps' get-deps  2>&1`
$ cd "/home/pete/wefwefwef/docs/erldocs_other.git"
$ cd "/home/pete/wefwefwef/docs/other/5173168376/actordb-tag-0.9pre1/actordb"
$ 5000  `find -P . -type l -delete  2>&1`
$ cd "/home/pete/wefwefwef/docs/erldocs_other.git"
$ cd "/home/pete/wefwefwef/docs/other/5173168376/actordb-tag-0.9pre1/actordb"
$ 5000  `ls -1 deps/  2>&1`
$ cd "/home/pete/wefwefwef/docs/erldocs_other.git"
>>> [rebar] deps = ["actordb_core","actordb_driver","bkdcore","distreg",
                    "emurmur3","esqlite","goldrush","lager","node_package",
                    "ranch","yamerl"]
 :: Generating erldocs into /home/pete/wefwefwef/docs/other/5173168376/repo/0.9pre1
Building actordb
Generating Type Specs - "/home/pete/wefwefwef/docs/other/5173168376/actordb-tag-0.9pre1/actordb/src/etop_txt.erl"
Generating XML for application actordb "/home/pete/wefwefwef/docs/other/5173168376/actordb-tag-0.9pre1/actordb" -> "/home/pete/wefwefwef/docs/other/5173168376/repo/0.9pre1/.xml/actordb"
Generated actordb XMLs: ["/home/pete/wefwefwef/docs/other/5173168376/repo/0.9pre1/.xml/actordb/etop_txt.xml"]
Generating HTML - etop_txt "/home/pete/wefwefwef/docs/other/5173168376/repo/0.9pre1/.xml/actordb/etop_txt.xml"
Reading XML for "/home/pete/wefwefwef/docs/other/5173168376/repo/0.9pre1/.xml/actordb/etop_txt.xml"
Reading XML for "/home/pete/wefwefwef/docs/other/5173168376/repo/0.9pre1/.xml/specs_etop_txt.xml"
Creating index.html ...
Creating erldocs_index.js ...
Woot, finished in 0 Minutes 0 Seconds
 :: Discovering other repos
$ 5000  `rm -r '/home/pete/wefwefwef/docs/other/5173168376/actordb-tag-0.9pre1'  2>&1`
 :: Processing https://github.com/biokoda/actordb	{rev,tag,"0.9pre2","a976cca2325a4033688cd81371b5752c1717afe9",undefined,[],[]}
 :: Fetching repo code
$ cd "/home/pete/wefwefwef/docs/other/5173168376/actordb-tag-0.9pre2/actordb"
$ infinity  `curl --fail --silent --show-error --location --output '0.9pre2.zip' 'https://github.com/biokoda/actordb/archive/0.9pre2.zip'  2>&1`
$ cd "/home/pete/wefwefwef/docs/erldocs_other.git"
$ cd "/home/pete/wefwefwef/docs/other/5173168376/actordb-tag-0.9pre2/actordb"
$ 5000  `find -P . -type l -delete  2>&1`
$ cd "/home/pete/wefwefwef/docs/erldocs_other.git"
$ cd "/home/pete/wefwefwef/docs/other/5173168376/actordb-tag-0.9pre2/actordb"
$ 5000  `find 'actordb-0.9pre2' -mindepth 1 -maxdepth 1 -exec mv -t . -- {} +  2>&1`
$ cd "/home/pete/wefwefwef/docs/erldocs_other.git"
 :: Getting dependencies
$ cd "/home/pete/wefwefwef/docs/other/5173168376/actordb-tag-0.9pre2/actordb"
$ infinity  `rebar --config '/home/pete/wefwefwef/docs/other/5173168376/actordb-tag-0.9pre2/rebar_deps' get-deps  2>&1`
$ cd "/home/pete/wefwefwef/docs/erldocs_other.git"
$ cd "/home/pete/wefwefwef/docs/other/5173168376/actordb-tag-0.9pre2/actordb"
$ 5000  `find -P . -type l -delete  2>&1`
$ cd "/home/pete/wefwefwef/docs/erldocs_other.git"
$ cd "/home/pete/wefwefwef/docs/other/5173168376/actordb-tag-0.9pre2/actordb"
$ 5000  `ls -1 deps/  2>&1`
$ cd "/home/pete/wefwefwef/docs/erldocs_other.git"
>>> [rebar] deps = ["actordb_core","actordb_driver","bkdcore","distreg",
                    "emurmur3","esqlite","goldrush","lager","node_package",
                    "ranch","yamerl"]
 :: Generating erldocs into /home/pete/wefwefwef/docs/other/5173168376/repo/0.9pre2
Building actordb
Generating Type Specs - "/home/pete/wefwefwef/docs/other/5173168376/actordb-tag-0.9pre2/actordb/src/etop_txt.erl"
Generating XML for application actordb "/home/pete/wefwefwef/docs/other/5173168376/actordb-tag-0.9pre2/actordb" -> "/home/pete/wefwefwef/docs/other/5173168376/repo/0.9pre2/.xml/actordb"
Generated actordb XMLs: ["/home/pete/wefwefwef/docs/other/5173168376/repo/0.9pre2/.xml/actordb/etop_txt.xml"]
Generating HTML - etop_txt "/home/pete/wefwefwef/docs/other/5173168376/repo/0.9pre2/.xml/actordb/etop_txt.xml"
Reading XML for "/home/pete/wefwefwef/docs/other/5173168376/repo/0.9pre2/.xml/actordb/etop_txt.xml"
Reading XML for "/home/pete/wefwefwef/docs/other/5173168376/repo/0.9pre2/.xml/specs_etop_txt.xml"
Creating index.html ...
Creating erldocs_index.js ...
Woot, finished in 0 Minutes 0 Seconds
 :: Discovering other repos
$ 5000  `rm -r '/home/pete/wefwefwef/docs/other/5173168376/actordb-tag-0.9pre2'  2>&1`
 :: Processing https://github.com/biokoda/actordb	{rev,tag,"0.9pre3","d26858586bc7f523d6981493ecf3150d1df055b5",undefined,[],[]}
 :: Fetching repo code
$ cd "/home/pete/wefwefwef/docs/other/5173168376/actordb-tag-0.9pre3/actordb"
$ infinity  `curl --fail --silent --show-error --location --output '0.9pre3.zip' 'https://github.com/biokoda/actordb/archive/0.9pre3.zip'  2>&1`
$ cd "/home/pete/wefwefwef/docs/erldocs_other.git"
$ cd "/home/pete/wefwefwef/docs/other/5173168376/actordb-tag-0.9pre3/actordb"
$ 5000  `find -P . -type l -delete  2>&1`
$ cd "/home/pete/wefwefwef/docs/erldocs_other.git"
$ cd "/home/pete/wefwefwef/docs/other/5173168376/actordb-tag-0.9pre3/actordb"
$ 5000  `find 'actordb-0.9pre3' -mindepth 1 -maxdepth 1 -exec mv -t . -- {} +  2>&1`
$ cd "/home/pete/wefwefwef/docs/erldocs_other.git"
 :: Getting dependencies
$ cd "/home/pete/wefwefwef/docs/other/5173168376/actordb-tag-0.9pre3/actordb"
$ infinity  `rebar --config '/home/pete/wefwefwef/docs/other/5173168376/actordb-tag-0.9pre3/rebar_deps' get-deps  2>&1`
$ cd "/home/pete/wefwefwef/docs/erldocs_other.git"
$ cd "/home/pete/wefwefwef/docs/other/5173168376/actordb-tag-0.9pre3/actordb"
$ 5000  `find -P . -type l -delete  2>&1`
$ cd "/home/pete/wefwefwef/docs/erldocs_other.git"
$ cd "/home/pete/wefwefwef/docs/other/5173168376/actordb-tag-0.9pre3/actordb"
$ 5000  `ls -1 deps/  2>&1`
$ cd "/home/pete/wefwefwef/docs/erldocs_other.git"
>>> [rebar] deps = ["actordb_core","actordb_driver","bkdcore","distreg",
                    "emurmur3","esqlite","goldrush","lager","node_package",
                    "ranch","yamerl"]
 :: Generating erldocs into /home/pete/wefwefwef/docs/other/5173168376/repo/0.9pre3
Building actordb
Generating Type Specs - "/home/pete/wefwefwef/docs/other/5173168376/actordb-tag-0.9pre3/actordb/src/etop_txt.erl"
Generating XML for application actordb "/home/pete/wefwefwef/docs/other/5173168376/actordb-tag-0.9pre3/actordb" -> "/home/pete/wefwefwef/docs/other/5173168376/repo/0.9pre3/.xml/actordb"
Generated actordb XMLs: ["/home/pete/wefwefwef/docs/other/5173168376/repo/0.9pre3/.xml/actordb/etop_txt.xml"]
Generating HTML - etop_txt "/home/pete/wefwefwef/docs/other/5173168376/repo/0.9pre3/.xml/actordb/etop_txt.xml"
Reading XML for "/home/pete/wefwefwef/docs/other/5173168376/repo/0.9pre3/.xml/actordb/etop_txt.xml"
Reading XML for "/home/pete/wefwefwef/docs/other/5173168376/repo/0.9pre3/.xml/specs_etop_txt.xml"
Creating index.html ...
Creating erldocs_index.js ...
Woot, finished in 0 Minutes 0 Seconds
 :: Discovering other repos
$ 5000  `rm -r '/home/pete/wefwefwef/docs/other/5173168376/actordb-tag-0.9pre3'  2>&1`
 :: Processing https://github.com/biokoda/actordb	{rev,tag,"0.9pre4","86cb685e9afee138b557281a2f797abaecf4ae52",undefined,[],[]}
 :: Fetching repo code
$ cd "/home/pete/wefwefwef/docs/other/5173168376/actordb-tag-0.9pre4/actordb"
$ infinity  `curl --fail --silent --show-error --location --output '0.9pre4.zip' 'https://github.com/biokoda/actordb/archive/0.9pre4.zip'  2>&1`
$ cd "/home/pete/wefwefwef/docs/erldocs_other.git"
$ cd "/home/pete/wefwefwef/docs/other/5173168376/actordb-tag-0.9pre4/actordb"
$ 5000  `find -P . -type l -delete  2>&1`
$ cd "/home/pete/wefwefwef/docs/erldocs_other.git"
$ cd "/home/pete/wefwefwef/docs/other/5173168376/actordb-tag-0.9pre4/actordb"
$ 5000  `find 'actordb-0.9pre4' -mindepth 1 -maxdepth 1 -exec mv -t . -- {} +  2>&1`
$ cd "/home/pete/wefwefwef/docs/erldocs_other.git"
 :: Getting dependencies
$ cd "/home/pete/wefwefwef/docs/other/5173168376/actordb-tag-0.9pre4/actordb"
$ infinity  `rebar --config '/home/pete/wefwefwef/docs/other/5173168376/actordb-tag-0.9pre4/rebar_deps' get-deps  2>&1`
$ cd "/home/pete/wefwefwef/docs/erldocs_other.git"
$ cd "/home/pete/wefwefwef/docs/other/5173168376/actordb-tag-0.9pre4/actordb"
$ 5000  `find -P . -type l -delete  2>&1`
$ cd "/home/pete/wefwefwef/docs/erldocs_other.git"
$ cd "/home/pete/wefwefwef/docs/other/5173168376/actordb-tag-0.9pre4/actordb"
$ 5000  `ls -1 deps/  2>&1`
$ cd "/home/pete/wefwefwef/docs/erldocs_other.git"
>>> [rebar] deps = ["actordb_core","actordb_driver","actordb_thrift",
                    "bkdcore","distreg","emurmur3","esqlite","goldrush",
                    "lager","node_package","ranch","thrift","yamerl"]
 :: Generating erldocs into /home/pete/wefwefwef/docs/other/5173168376/repo/0.9pre4
Building actordb
Generating Type Specs - "/home/pete/wefwefwef/docs/other/5173168376/actordb-tag-0.9pre4/actordb/src/etop_txt.erl"
Generating XML for application actordb "/home/pete/wefwefwef/docs/other/5173168376/actordb-tag-0.9pre4/actordb" -> "/home/pete/wefwefwef/docs/other/5173168376/repo/0.9pre4/.xml/actordb"
Generated actordb XMLs: ["/home/pete/wefwefwef/docs/other/5173168376/repo/0.9pre4/.xml/actordb/etop_txt.xml"]
Generating HTML - etop_txt "/home/pete/wefwefwef/docs/other/5173168376/repo/0.9pre4/.xml/actordb/etop_txt.xml"
Reading XML for "/home/pete/wefwefwef/docs/other/5173168376/repo/0.9pre4/.xml/actordb/etop_txt.xml"
Reading XML for "/home/pete/wefwefwef/docs/other/5173168376/repo/0.9pre4/.xml/specs_etop_txt.xml"
Creating index.html ...
Creating erldocs_index.js ...
Woot, finished in 0 Minutes 0 Seconds
 :: Discovering other repos
$ 5000  `rm -r '/home/pete/wefwefwef/docs/other/5173168376/actordb-tag-0.9pre4'  2>&1`
 :: Processing https://github.com/biokoda/actordb	{rev,tag,"0.9pre5","f45c49fdff19dd63199594ef4d1dca300545dcf1",undefined,[],[]}
 :: Fetching repo code
$ cd "/home/pete/wefwefwef/docs/other/5173168376/actordb-tag-0.9pre5/actordb"
$ infinity  `curl --fail --silent --show-error --location --output '0.9pre5.zip' 'https://github.com/biokoda/actordb/archive/0.9pre5.zip'  2>&1`
$ cd "/home/pete/wefwefwef/docs/erldocs_other.git"
$ cd "/home/pete/wefwefwef/docs/other/5173168376/actordb-tag-0.9pre5/actordb"
$ 5000  `find -P . -type l -delete  2>&1`
$ cd "/home/pete/wefwefwef/docs/erldocs_other.git"
$ cd "/home/pete/wefwefwef/docs/other/5173168376/actordb-tag-0.9pre5/actordb"
$ 5000  `find 'actordb-0.9pre5' -mindepth 1 -maxdepth 1 -exec mv -t . -- {} +  2>&1`
$ cd "/home/pete/wefwefwef/docs/erldocs_other.git"
 :: Getting dependencies
$ cd "/home/pete/wefwefwef/docs/other/5173168376/actordb-tag-0.9pre5/actordb"
$ infinity  `rebar --config '/home/pete/wefwefwef/docs/other/5173168376/actordb-tag-0.9pre5/rebar_deps' get-deps  2>&1`
$ cd "/home/pete/wefwefwef/docs/erldocs_other.git"
$ cd "/home/pete/wefwefwef/docs/other/5173168376/actordb-tag-0.9pre5/actordb"
$ 5000  `find -P . -type l -delete  2>&1`
$ cd "/home/pete/wefwefwef/docs/erldocs_other.git"
$ cd "/home/pete/wefwefwef/docs/other/5173168376/actordb-tag-0.9pre5/actordb"
$ 5000  `ls -1 deps/  2>&1`
$ cd "/home/pete/wefwefwef/docs/erldocs_other.git"
>>> [rebar] deps = ["actordb_core","actordb_driver","actordb_thrift",
                    "bkdcore","distreg","emurmur3","esqlite","goldrush",
                    "lager","node_package","ranch","thrift","yamerl"]
 :: Generating erldocs into /home/pete/wefwefwef/docs/other/5173168376/repo/0.9pre5
Building actordb
Generating Type Specs - "/home/pete/wefwefwef/docs/other/5173168376/actordb-tag-0.9pre5/actordb/src/etop_txt.erl"
Generating XML for application actordb "/home/pete/wefwefwef/docs/other/5173168376/actordb-tag-0.9pre5/actordb" -> "/home/pete/wefwefwef/docs/other/5173168376/repo/0.9pre5/.xml/actordb"
Generated actordb XMLs: ["/home/pete/wefwefwef/docs/other/5173168376/repo/0.9pre5/.xml/actordb/etop_txt.xml"]
Generating HTML - etop_txt "/home/pete/wefwefwef/docs/other/5173168376/repo/0.9pre5/.xml/actordb/etop_txt.xml"
Reading XML for "/home/pete/wefwefwef/docs/other/5173168376/repo/0.9pre5/.xml/actordb/etop_txt.xml"
Reading XML for "/home/pete/wefwefwef/docs/other/5173168376/repo/0.9pre5/.xml/specs_etop_txt.xml"
Creating index.html ...
Creating erldocs_index.js ...
Woot, finished in 0 Minutes 0 Seconds
 :: Discovering other repos
$ 5000  `rm -r '/home/pete/wefwefwef/docs/other/5173168376/actordb-tag-0.9pre5'  2>&1`
 :: Processing https://github.com/biokoda/actordb	{rev,tag,"0.9pre6","9165035b0894b49f300587fc9e3ed7419ff729a8",undefined,[],[]}
 :: Fetching repo code
$ cd "/home/pete/wefwefwef/docs/other/5173168376/actordb-tag-0.9pre6/actordb"
$ infinity  `curl --fail --silent --show-error --location --output '0.9pre6.zip' 'https://github.com/biokoda/actordb/archive/0.9pre6.zip'  2>&1`
$ cd "/home/pete/wefwefwef/docs/erldocs_other.git"
$ cd "/home/pete/wefwefwef/docs/other/5173168376/actordb-tag-0.9pre6/actordb"
$ 5000  `find -P . -type l -delete  2>&1`
$ cd "/home/pete/wefwefwef/docs/erldocs_other.git"
$ cd "/home/pete/wefwefwef/docs/other/5173168376/actordb-tag-0.9pre6/actordb"
$ 5000  `find 'actordb-0.9pre6' -mindepth 1 -maxdepth 1 -exec mv -t . -- {} +  2>&1`
$ cd "/home/pete/wefwefwef/docs/erldocs_other.git"
 :: Getting dependencies
$ cd "/home/pete/wefwefwef/docs/other/5173168376/actordb-tag-0.9pre6/actordb"
$ infinity  `rebar --config '/home/pete/wefwefwef/docs/other/5173168376/actordb-tag-0.9pre6/rebar_deps' get-deps  2>&1`
$ cd "/home/pete/wefwefwef/docs/erldocs_other.git"
$ cd "/home/pete/wefwefwef/docs/other/5173168376/actordb-tag-0.9pre6/actordb"
$ 5000  `find -P . -type l -delete  2>&1`
$ cd "/home/pete/wefwefwef/docs/erldocs_other.git"
$ cd "/home/pete/wefwefwef/docs/other/5173168376/actordb-tag-0.9pre6/actordb"
$ 5000  `ls -1 deps/  2>&1`
$ cd "/home/pete/wefwefwef/docs/erldocs_other.git"
>>> [rebar] deps = ["actordb_core","actordb_driver","actordb_thrift",
                    "bkdcore","distreg","emurmur3","esqlite","goldrush",
                    "lager","node_package","ranch","thrift","yamerl"]
 :: Generating erldocs into /home/pete/wefwefwef/docs/other/5173168376/repo/0.9pre6
Building actordb
Generating Type Specs - "/home/pete/wefwefwef/docs/other/5173168376/actordb-tag-0.9pre6/actordb/src/etop_txt.erl"
Generating XML for application actordb "/home/pete/wefwefwef/docs/other/5173168376/actordb-tag-0.9pre6/actordb" -> "/home/pete/wefwefwef/docs/other/5173168376/repo/0.9pre6/.xml/actordb"
Generated actordb XMLs: ["/home/pete/wefwefwef/docs/other/5173168376/repo/0.9pre6/.xml/actordb/etop_txt.xml"]
Generating HTML - etop_txt "/home/pete/wefwefwef/docs/other/5173168376/repo/0.9pre6/.xml/actordb/etop_txt.xml"
Reading XML for "/home/pete/wefwefwef/docs/other/5173168376/repo/0.9pre6/.xml/actordb/etop_txt.xml"
Reading XML for "/home/pete/wefwefwef/docs/other/5173168376/repo/0.9pre6/.xml/specs_etop_txt.xml"
Creating index.html ...
Creating erldocs_index.js ...
Woot, finished in 0 Minutes 0 Seconds
 :: Discovering other repos
$ 5000  `rm -r '/home/pete/wefwefwef/docs/other/5173168376/actordb-tag-0.9pre6'  2>&1`
 :: Processing https://github.com/biokoda/actordb	{rev,tag,"0.9pre7","98ffd669862af5283b0134673040204e8f24bcf8",undefined,[],[]}
 :: Fetching repo code
$ cd "/home/pete/wefwefwef/docs/other/5173168376/actordb-tag-0.9pre7/actordb"
$ infinity  `curl --fail --silent --show-error --location --output '0.9pre7.zip' 'https://github.com/biokoda/actordb/archive/0.9pre7.zip'  2>&1`
$ cd "/home/pete/wefwefwef/docs/erldocs_other.git"
$ cd "/home/pete/wefwefwef/docs/other/5173168376/actordb-tag-0.9pre7/actordb"
$ 5000  `find -P . -type l -delete  2>&1`
$ cd "/home/pete/wefwefwef/docs/erldocs_other.git"
$ cd "/home/pete/wefwefwef/docs/other/5173168376/actordb-tag-0.9pre7/actordb"
$ 5000  `find 'actordb-0.9pre7' -mindepth 1 -maxdepth 1 -exec mv -t . -- {} +  2>&1`
$ cd "/home/pete/wefwefwef/docs/erldocs_other.git"
 :: Getting dependencies
$ cd "/home/pete/wefwefwef/docs/other/5173168376/actordb-tag-0.9pre7/actordb"
$ infinity  `rebar --config '/home/pete/wefwefwef/docs/other/5173168376/actordb-tag-0.9pre7/rebar_deps' get-deps  2>&1`
$ cd "/home/pete/wefwefwef/docs/erldocs_other.git"
$ cd "/home/pete/wefwefwef/docs/other/5173168376/actordb-tag-0.9pre7/actordb"
$ 5000  `find -P . -type l -delete  2>&1`
$ cd "/home/pete/wefwefwef/docs/erldocs_other.git"
$ cd "/home/pete/wefwefwef/docs/other/5173168376/actordb-tag-0.9pre7/actordb"
$ 5000  `ls -1 deps/  2>&1`
$ cd "/home/pete/wefwefwef/docs/erldocs_other.git"
>>> [rebar] deps = ["actordb_core","actordb_driver","actordb_thrift",
                    "bkdcore","distreg","emurmur3","esqlite","goldrush",
                    "lager","node_package","ranch","thrift","yamerl"]
 :: Generating erldocs into /home/pete/wefwefwef/docs/other/5173168376/repo/0.9pre7
Building actordb
Generating Type Specs - "/home/pete/wefwefwef/docs/other/5173168376/actordb-tag-0.9pre7/actordb/src/etop_txt.erl"
Generating XML for application actordb "/home/pete/wefwefwef/docs/other/5173168376/actordb-tag-0.9pre7/actordb" -> "/home/pete/wefwefwef/docs/other/5173168376/repo/0.9pre7/.xml/actordb"
Generated actordb XMLs: ["/home/pete/wefwefwef/docs/other/5173168376/repo/0.9pre7/.xml/actordb/etop_txt.xml"]
Generating HTML - etop_txt "/home/pete/wefwefwef/docs/other/5173168376/repo/0.9pre7/.xml/actordb/etop_txt.xml"
Reading XML for "/home/pete/wefwefwef/docs/other/5173168376/repo/0.9pre7/.xml/actordb/etop_txt.xml"
Reading XML for "/home/pete/wefwefwef/docs/other/5173168376/repo/0.9pre7/.xml/specs_etop_txt.xml"
Creating index.html ...
Creating erldocs_index.js ...
Woot, finished in 0 Minutes 0 Seconds
 :: Discovering other repos
$ 5000  `rm -r '/home/pete/wefwefwef/docs/other/5173168376/actordb-tag-0.9pre7'  2>&1`
 :: Processing https://github.com/biokoda/actordb	{rev,tag,"0.9pre8","e62f510e9645bfdcbc6c1171cb1b237300ea1cbd",undefined,[],[]}
 :: Fetching repo code
$ cd "/home/pete/wefwefwef/docs/other/5173168376/actordb-tag-0.9pre8/actordb"
$ infinity  `curl --fail --silent --show-error --location --output '0.9pre8.zip' 'https://github.com/biokoda/actordb/archive/0.9pre8.zip'  2>&1`
$ cd "/home/pete/wefwefwef/docs/erldocs_other.git"
$ cd "/home/pete/wefwefwef/docs/other/5173168376/actordb-tag-0.9pre8/actordb"
$ 5000  `find -P . -type l -delete  2>&1`
$ cd "/home/pete/wefwefwef/docs/erldocs_other.git"
$ cd "/home/pete/wefwefwef/docs/other/5173168376/actordb-tag-0.9pre8/actordb"
$ 5000  `find 'actordb-0.9pre8' -mindepth 1 -maxdepth 1 -exec mv -t . -- {} +  2>&1`
$ cd "/home/pete/wefwefwef/docs/erldocs_other.git"
 :: Getting dependencies
$ cd "/home/pete/wefwefwef/docs/other/5173168376/actordb-tag-0.9pre8/actordb"
$ infinity  `rebar --config '/home/pete/wefwefwef/docs/other/5173168376/actordb-tag-0.9pre8/rebar_deps' get-deps  2>&1`
$ cd "/home/pete/wefwefwef/docs/erldocs_other.git"
$ cd "/home/pete/wefwefwef/docs/other/5173168376/actordb-tag-0.9pre8/actordb"
$ 5000  `find -P . -type l -delete  2>&1`
$ cd "/home/pete/wefwefwef/docs/erldocs_other.git"
$ cd "/home/pete/wefwefwef/docs/other/5173168376/actordb-tag-0.9pre8/actordb"
$ 5000  `ls -1 deps/  2>&1`
$ cd "/home/pete/wefwefwef/docs/erldocs_other.git"
>>> [rebar] deps = ["actordb_core","actordb_driver","actordb_thrift",
                    "bkdcore","distreg","emurmur3","esqlite","goldrush",
                    "lager","node_package","ranch","thrift","yamerl"]
 :: Generating erldocs into /home/pete/wefwefwef/docs/other/5173168376/repo/0.9pre8
Building actordb
Generating Type Specs - "/home/pete/wefwefwef/docs/other/5173168376/actordb-tag-0.9pre8/actordb/src/etop_txt.erl"
Generating XML for application actordb "/home/pete/wefwefwef/docs/other/5173168376/actordb-tag-0.9pre8/actordb" -> "/home/pete/wefwefwef/docs/other/5173168376/repo/0.9pre8/.xml/actordb"
Generated actordb XMLs: ["/home/pete/wefwefwef/docs/other/5173168376/repo/0.9pre8/.xml/actordb/etop_txt.xml"]
Generating HTML - etop_txt "/home/pete/wefwefwef/docs/other/5173168376/repo/0.9pre8/.xml/actordb/etop_txt.xml"
Reading XML for "/home/pete/wefwefwef/docs/other/5173168376/repo/0.9pre8/.xml/actordb/etop_txt.xml"
Reading XML for "/home/pete/wefwefwef/docs/other/5173168376/repo/0.9pre8/.xml/specs_etop_txt.xml"
Creating index.html ...
Creating erldocs_index.js ...
Woot, finished in 0 Minutes 0 Seconds
 :: Discovering other repos
$ 5000  `rm -r '/home/pete/wefwefwef/docs/other/5173168376/actordb-tag-0.9pre8'  2>&1`
 :: Processing https://github.com/biokoda/actordb	{rev,branch,"gh-pages","c56e3766f84bccea48dc00f9bb1ec1c626c9df73",undefined,[],[]}
 :: Fetching repo code
$ cd "/home/pete/wefwefwef/docs/other/5173168376/actordb-branch-gh-pages/actordb"
$ infinity  `curl --fail --silent --show-error --location --output 'gh-pages.zip' 'https://github.com/biokoda/actordb/archive/gh-pages.zip'  2>&1`
$ cd "/home/pete/wefwefwef/docs/erldocs_other.git"
$ cd "/home/pete/wefwefwef/docs/other/5173168376/actordb-branch-gh-pages/actordb"
$ 5000  `find -P . -type l -delete  2>&1`
$ cd "/home/pete/wefwefwef/docs/erldocs_other.git"
$ cd "/home/pete/wefwefwef/docs/other/5173168376/actordb-branch-gh-pages/actordb"
$ 5000  `find 'actordb-gh-pages' -mindepth 1 -maxdepth 1 -exec mv -t . -- {} +  2>&1`
$ cd "/home/pete/wefwefwef/docs/erldocs_other.git"
 :: Getting dependencies
 :: Generating erldocs into /home/pete/wefwefwef/docs/other/5173168376/repo/gh-pages
Building actordb
Generating XML for application actordb "/home/pete/wefwefwef/docs/other/5173168376/actordb-branch-gh-pages/actordb" -> "/home/pete/wefwefwef/docs/other/5173168376/repo/gh-pages/.xml/actordb"
Generated actordb XMLs: []
No documentation was generated!
Woot, finished in 0 Minutes 0 Seconds
 :: Discovering other repos
$ 5000  `rm -r '/home/pete/wefwefwef/docs/other/5173168376/actordb-branch-gh-pages'  2>&1`
 :: Processing https://github.com/biokoda/actordb	{rev,branch,"master","55cc16189dc17abda8f68fd2ac25fc8cb8dec0fe",undefined,[],[]}
 :: Fetching repo code
$ cd "/home/pete/wefwefwef/docs/other/5173168376/actordb-branch-master/actordb"
$ infinity  `curl --fail --silent --show-error --location --output 'master.zip' 'https://github.com/biokoda/actordb/archive/master.zip'  2>&1`
$ cd "/home/pete/wefwefwef/docs/erldocs_other.git"
$ cd "/home/pete/wefwefwef/docs/other/5173168376/actordb-branch-master/actordb"
$ 5000  `find -P . -type l -delete  2>&1`
$ cd "/home/pete/wefwefwef/docs/erldocs_other.git"
$ cd "/home/pete/wefwefwef/docs/other/5173168376/actordb-branch-master/actordb"
$ 5000  `find 'actordb-master' -mindepth 1 -maxdepth 1 -exec mv -t . -- {} +  2>&1`
$ cd "/home/pete/wefwefwef/docs/erldocs_other.git"
 :: Getting dependencies
$ cd "/home/pete/wefwefwef/docs/other/5173168376/actordb-branch-master/actordb"
$ infinity  `rebar --config '/home/pete/wefwefwef/docs/other/5173168376/actordb-branch-master/rebar_deps' get-deps  2>&1`
$ cd "/home/pete/wefwefwef/docs/erldocs_other.git"
$ cd "/home/pete/wefwefwef/docs/other/5173168376/actordb-branch-master/actordb"
$ 5000  `find -P . -type l -delete  2>&1`
$ cd "/home/pete/wefwefwef/docs/erldocs_other.git"
$ cd "/home/pete/wefwefwef/docs/other/5173168376/actordb-branch-master/actordb"
$ 5000  `ls -1 deps/  2>&1`
$ cd "/home/pete/wefwefwef/docs/erldocs_other.git"
>>> [rebar] deps = ["actordb_core","actordb_driver","actordb_thrift",
                    "bkdcore","distreg","emurmur3","esqlite","goldrush",
                    "lager","node_package","ranch","thrift","yamerl"]
 :: Generating erldocs into /home/pete/wefwefwef/docs/other/5173168376/repo/master
Building actordb
Generating Type Specs - "/home/pete/wefwefwef/docs/other/5173168376/actordb-branch-master/actordb/src/etop_txt.erl"
Generating XML for application actordb "/home/pete/wefwefwef/docs/other/5173168376/actordb-branch-master/actordb" -> "/home/pete/wefwefwef/docs/other/5173168376/repo/master/.xml/actordb"
Generated actordb XMLs: ["/home/pete/wefwefwef/docs/other/5173168376/repo/master/.xml/actordb/etop_txt.xml"]
Generating HTML - etop_txt "/home/pete/wefwefwef/docs/other/5173168376/repo/master/.xml/actordb/etop_txt.xml"
Reading XML for "/home/pete/wefwefwef/docs/other/5173168376/repo/master/.xml/actordb/etop_txt.xml"
Reading XML for "/home/pete/wefwefwef/docs/other/5173168376/repo/master/.xml/specs_etop_txt.xml"
Creating index.html ...
Creating erldocs_index.js ...
Woot, finished in 0 Minutes 0 Seconds
 :: Discovering other repos
$ 5000  `rm -r '/home/pete/wefwefwef/docs/other/5173168376/actordb-branch-master'  2>&1`
 :: Finishing up
$ 5000  `rm -r '/home/pete/wefwefwef/docs/other/5173168376/actordb'  2>&1`
$ 5000  `rm -r '/home/pete/wefwefwef/docs/other/5173168376/repo/gh-pages'  2>&1`
