 :: Extracting meta information
$ 5000  `git ls-remote --heads --tags 'https://github.com/okeuday/key2value'  2>&1`
>>> [repo] 1 branches, 9 tags
 :: Writing meta to "/home/pete/wefwefwef/docs/other/2222884753/meta.txt"
 :: Processing https://github.com/okeuday/key2value	{rev,tag,"v1.3.0","e89574aa03bb551481e8eec8ff77fb9bac6ba902"}
 :: Fetching repo code
$ cd "/home/pete/wefwefwef/docs/other/2222884753/key2value-tag-v1.3.0/key2value"
$ infinity  `curl --fail --silent --show-error --location --output 'v1.3.0.zip' 'https://github.com/okeuday/key2value/archive/v1.3.0.zip'  2>&1`
$ cd "/home/pete/wefwefwef/docs/erldocs_other.git"
$ cd "/home/pete/wefwefwef/docs/other/2222884753/key2value-tag-v1.3.0/key2value"
$ 5000  `find -P . -type l -delete  2>&1`
$ cd "/home/pete/wefwefwef/docs/erldocs_other.git"
$ cd "/home/pete/wefwefwef/docs/other/2222884753/key2value-tag-v1.3.0/key2value"
$ 5000  `find 'key2value-1.3.0' -mindepth 1 -maxdepth 1 -exec mv -t . -- {} +  2>&1`
$ cd "/home/pete/wefwefwef/docs/erldocs_other.git"
 :: Getting dependencies
$ cd "/home/pete/wefwefwef/docs/other/2222884753/key2value-tag-v1.3.0/key2value"
$ 5000  `ls -1 deps/  2>&1`
$ cd "/home/pete/wefwefwef/docs/erldocs_other.git"
>>> [rebar] deps = []
 :: Generating erldocs into /home/pete/wefwefwef/docs/other/2222884753/repo/v1.3.0
Building key2value
Generating Type Specs - "/home/pete/wefwefwef/docs/other/2222884753/key2value-tag-v1.3.0/key2value/src/key2value.erl"
Generating XML for application key2value "/home/pete/wefwefwef/docs/other/2222884753/key2value-tag-v1.3.0/key2value" -> "/home/pete/wefwefwef/docs/other/2222884753/repo/v1.3.0/.xml/key2value"
Generated key2value XMLs: ["/home/pete/wefwefwef/docs/other/2222884753/repo/v1.3.0/.xml/key2value/key2value.xml"]
Generating HTML - key2value "/home/pete/wefwefwef/docs/other/2222884753/repo/v1.3.0/.xml/key2value/key2value.xml"
Reading XML for "/home/pete/wefwefwef/docs/other/2222884753/repo/v1.3.0/.xml/key2value/key2value.xml"
Reading XML for "/home/pete/wefwefwef/docs/other/2222884753/repo/v1.3.0/.xml/specs_key2value.xml"
Creating index.html ...
Creating erldocs_index.js ...
Woot, finished in 0 Minutes 0 Seconds
 :: Discovering other repos
$ 5000  `rm -r '/home/pete/wefwefwef/docs/other/2222884753/key2value-tag-v1.3.0'  2>&1`
 :: Processing https://github.com/okeuday/key2value	{rev,tag,"v1.3.1","8f4714cffaae4b8abee6514b56586321e7064a86"}
 :: Fetching repo code
$ cd "/home/pete/wefwefwef/docs/other/2222884753/key2value-tag-v1.3.1/key2value"
$ infinity  `curl --fail --silent --show-error --location --output 'v1.3.1.zip' 'https://github.com/okeuday/key2value/archive/v1.3.1.zip'  2>&1`
$ cd "/home/pete/wefwefwef/docs/erldocs_other.git"
$ cd "/home/pete/wefwefwef/docs/other/2222884753/key2value-tag-v1.3.1/key2value"
$ 5000  `find -P . -type l -delete  2>&1`
$ cd "/home/pete/wefwefwef/docs/erldocs_other.git"
$ cd "/home/pete/wefwefwef/docs/other/2222884753/key2value-tag-v1.3.1/key2value"
$ 5000  `find 'key2value-1.3.1' -mindepth 1 -maxdepth 1 -exec mv -t . -- {} +  2>&1`
$ cd "/home/pete/wefwefwef/docs/erldocs_other.git"
 :: Getting dependencies
$ cd "/home/pete/wefwefwef/docs/other/2222884753/key2value-tag-v1.3.1/key2value"
$ 5000  `ls -1 deps/  2>&1`
$ cd "/home/pete/wefwefwef/docs/erldocs_other.git"
>>> [rebar] deps = []
 :: Generating erldocs into /home/pete/wefwefwef/docs/other/2222884753/repo/v1.3.1
Building key2value
Generating Type Specs - "/home/pete/wefwefwef/docs/other/2222884753/key2value-tag-v1.3.1/key2value/src/key2value.erl"
Generating XML for application key2value "/home/pete/wefwefwef/docs/other/2222884753/key2value-tag-v1.3.1/key2value" -> "/home/pete/wefwefwef/docs/other/2222884753/repo/v1.3.1/.xml/key2value"
Generated key2value XMLs: ["/home/pete/wefwefwef/docs/other/2222884753/repo/v1.3.1/.xml/key2value/key2value.xml"]
Generating HTML - key2value "/home/pete/wefwefwef/docs/other/2222884753/repo/v1.3.1/.xml/key2value/key2value.xml"
Reading XML for "/home/pete/wefwefwef/docs/other/2222884753/repo/v1.3.1/.xml/key2value/key2value.xml"
Reading XML for "/home/pete/wefwefwef/docs/other/2222884753/repo/v1.3.1/.xml/specs_key2value.xml"
Creating index.html ...
Creating erldocs_index.js ...
Woot, finished in 0 Minutes 0 Seconds
 :: Discovering other repos
$ 5000  `rm -r '/home/pete/wefwefwef/docs/other/2222884753/key2value-tag-v1.3.1'  2>&1`
 :: Processing https://github.com/okeuday/key2value	{rev,tag,"v1.3.1.1","e071ad5581448287013ca32b1a264f7aa8a76503"}
 :: Fetching repo code
$ cd "/home/pete/wefwefwef/docs/other/2222884753/key2value-tag-v1.3.1.1/key2value"
$ infinity  `curl --fail --silent --show-error --location --output 'v1.3.1.1.zip' 'https://github.com/okeuday/key2value/archive/v1.3.1.1.zip'  2>&1`
$ cd "/home/pete/wefwefwef/docs/erldocs_other.git"
$ cd "/home/pete/wefwefwef/docs/other/2222884753/key2value-tag-v1.3.1.1/key2value"
$ 5000  `find -P . -type l -delete  2>&1`
$ cd "/home/pete/wefwefwef/docs/erldocs_other.git"
$ cd "/home/pete/wefwefwef/docs/other/2222884753/key2value-tag-v1.3.1.1/key2value"
$ 5000  `find 'key2value-1.3.1.1' -mindepth 1 -maxdepth 1 -exec mv -t . -- {} +  2>&1`
$ cd "/home/pete/wefwefwef/docs/erldocs_other.git"
 :: Getting dependencies
 :: Generating erldocs into /home/pete/wefwefwef/docs/other/2222884753/repo/v1.3.1.1
Building key2value
Generating Type Specs - "/home/pete/wefwefwef/docs/other/2222884753/key2value-tag-v1.3.1.1/key2value/src/key2value.erl"
Generating XML for application key2value "/home/pete/wefwefwef/docs/other/2222884753/key2value-tag-v1.3.1.1/key2value" -> "/home/pete/wefwefwef/docs/other/2222884753/repo/v1.3.1.1/.xml/key2value"
Generated key2value XMLs: ["/home/pete/wefwefwef/docs/other/2222884753/repo/v1.3.1.1/.xml/key2value/key2value.xml"]
Generating HTML - key2value "/home/pete/wefwefwef/docs/other/2222884753/repo/v1.3.1.1/.xml/key2value/key2value.xml"
Reading XML for "/home/pete/wefwefwef/docs/other/2222884753/repo/v1.3.1.1/.xml/key2value/key2value.xml"
Reading XML for "/home/pete/wefwefwef/docs/other/2222884753/repo/v1.3.1.1/.xml/specs_key2value.xml"
Creating index.html ...
Creating erldocs_index.js ...
Woot, finished in 0 Minutes 0 Seconds
 :: Discovering other repos
$ 5000  `rm -r '/home/pete/wefwefwef/docs/other/2222884753/key2value-tag-v1.3.1.1'  2>&1`
 :: Processing https://github.com/okeuday/key2value	{rev,tag,"v1.3.2","022589865a35be9efb9f71fbf2b9e27bf5632c75"}
 :: Fetching repo code
$ cd "/home/pete/wefwefwef/docs/other/2222884753/key2value-tag-v1.3.2/key2value"
$ infinity  `curl --fail --silent --show-error --location --output 'v1.3.2.zip' 'https://github.com/okeuday/key2value/archive/v1.3.2.zip'  2>&1`
$ cd "/home/pete/wefwefwef/docs/erldocs_other.git"
$ cd "/home/pete/wefwefwef/docs/other/2222884753/key2value-tag-v1.3.2/key2value"
$ 5000  `find -P . -type l -delete  2>&1`
$ cd "/home/pete/wefwefwef/docs/erldocs_other.git"
$ cd "/home/pete/wefwefwef/docs/other/2222884753/key2value-tag-v1.3.2/key2value"
$ 5000  `find 'key2value-1.3.2' -mindepth 1 -maxdepth 1 -exec mv -t . -- {} +  2>&1`
$ cd "/home/pete/wefwefwef/docs/erldocs_other.git"
 :: Getting dependencies
 :: Generating erldocs into /home/pete/wefwefwef/docs/other/2222884753/repo/v1.3.2
Building key2value
Generating Type Specs - "/home/pete/wefwefwef/docs/other/2222884753/key2value-tag-v1.3.2/key2value/src/key2value.erl"
Generating XML for application key2value "/home/pete/wefwefwef/docs/other/2222884753/key2value-tag-v1.3.2/key2value" -> "/home/pete/wefwefwef/docs/other/2222884753/repo/v1.3.2/.xml/key2value"
Generated key2value XMLs: ["/home/pete/wefwefwef/docs/other/2222884753/repo/v1.3.2/.xml/key2value/key2value.xml"]
Generating HTML - key2value "/home/pete/wefwefwef/docs/other/2222884753/repo/v1.3.2/.xml/key2value/key2value.xml"
Reading XML for "/home/pete/wefwefwef/docs/other/2222884753/repo/v1.3.2/.xml/key2value/key2value.xml"
Reading XML for "/home/pete/wefwefwef/docs/other/2222884753/repo/v1.3.2/.xml/specs_key2value.xml"
Creating index.html ...
Creating erldocs_index.js ...
Woot, finished in 0 Minutes 0 Seconds
 :: Discovering other repos
$ 5000  `rm -r '/home/pete/wefwefwef/docs/other/2222884753/key2value-tag-v1.3.2'  2>&1`
 :: Processing https://github.com/okeuday/key2value	{rev,tag,"v1.3.2.1","02297503d2fee84fbeaa5fe243f6e40f1e1279fe"}
 :: Fetching repo code
$ cd "/home/pete/wefwefwef/docs/other/2222884753/key2value-tag-v1.3.2.1/key2value"
$ infinity  `curl --fail --silent --show-error --location --output 'v1.3.2.1.zip' 'https://github.com/okeuday/key2value/archive/v1.3.2.1.zip'  2>&1`
$ cd "/home/pete/wefwefwef/docs/erldocs_other.git"
$ cd "/home/pete/wefwefwef/docs/other/2222884753/key2value-tag-v1.3.2.1/key2value"
$ 5000  `find -P . -type l -delete  2>&1`
$ cd "/home/pete/wefwefwef/docs/erldocs_other.git"
$ cd "/home/pete/wefwefwef/docs/other/2222884753/key2value-tag-v1.3.2.1/key2value"
$ 5000  `find 'key2value-1.3.2.1' -mindepth 1 -maxdepth 1 -exec mv -t . -- {} +  2>&1`
$ cd "/home/pete/wefwefwef/docs/erldocs_other.git"
 :: Getting dependencies
 :: Generating erldocs into /home/pete/wefwefwef/docs/other/2222884753/repo/v1.3.2.1
Building key2value
Generating Type Specs - "/home/pete/wefwefwef/docs/other/2222884753/key2value-tag-v1.3.2.1/key2value/src/key2value.erl"
Generating XML for application key2value "/home/pete/wefwefwef/docs/other/2222884753/key2value-tag-v1.3.2.1/key2value" -> "/home/pete/wefwefwef/docs/other/2222884753/repo/v1.3.2.1/.xml/key2value"
Generated key2value XMLs: ["/home/pete/wefwefwef/docs/other/2222884753/repo/v1.3.2.1/.xml/key2value/key2value.xml"]
Generating HTML - key2value "/home/pete/wefwefwef/docs/other/2222884753/repo/v1.3.2.1/.xml/key2value/key2value.xml"
Reading XML for "/home/pete/wefwefwef/docs/other/2222884753/repo/v1.3.2.1/.xml/key2value/key2value.xml"
Reading XML for "/home/pete/wefwefwef/docs/other/2222884753/repo/v1.3.2.1/.xml/specs_key2value.xml"
Creating index.html ...
Creating erldocs_index.js ...
Woot, finished in 0 Minutes 0 Seconds
 :: Discovering other repos
$ 5000  `rm -r '/home/pete/wefwefwef/docs/other/2222884753/key2value-tag-v1.3.2.1'  2>&1`
 :: Processing https://github.com/okeuday/key2value	{rev,tag,"v1.3.2.2","36d55c008c1add521b2c227234e183960cdd0e19"}
 :: Fetching repo code
$ cd "/home/pete/wefwefwef/docs/other/2222884753/key2value-tag-v1.3.2.2/key2value"
$ infinity  `curl --fail --silent --show-error --location --output 'v1.3.2.2.zip' 'https://github.com/okeuday/key2value/archive/v1.3.2.2.zip'  2>&1`
$ cd "/home/pete/wefwefwef/docs/erldocs_other.git"
$ cd "/home/pete/wefwefwef/docs/other/2222884753/key2value-tag-v1.3.2.2/key2value"
$ 5000  `find -P . -type l -delete  2>&1`
$ cd "/home/pete/wefwefwef/docs/erldocs_other.git"
$ cd "/home/pete/wefwefwef/docs/other/2222884753/key2value-tag-v1.3.2.2/key2value"
$ 5000  `find 'key2value-1.3.2.2' -mindepth 1 -maxdepth 1 -exec mv -t . -- {} +  2>&1`
$ cd "/home/pete/wefwefwef/docs/erldocs_other.git"
 :: Getting dependencies
 :: Generating erldocs into /home/pete/wefwefwef/docs/other/2222884753/repo/v1.3.2.2
Building key2value
Generating Type Specs - "/home/pete/wefwefwef/docs/other/2222884753/key2value-tag-v1.3.2.2/key2value/src/key2value.erl"
Generating XML for application key2value "/home/pete/wefwefwef/docs/other/2222884753/key2value-tag-v1.3.2.2/key2value" -> "/home/pete/wefwefwef/docs/other/2222884753/repo/v1.3.2.2/.xml/key2value"
Generated key2value XMLs: ["/home/pete/wefwefwef/docs/other/2222884753/repo/v1.3.2.2/.xml/key2value/key2value.xml"]
Generating HTML - key2value "/home/pete/wefwefwef/docs/other/2222884753/repo/v1.3.2.2/.xml/key2value/key2value.xml"
Reading XML for "/home/pete/wefwefwef/docs/other/2222884753/repo/v1.3.2.2/.xml/key2value/key2value.xml"
Reading XML for "/home/pete/wefwefwef/docs/other/2222884753/repo/v1.3.2.2/.xml/specs_key2value.xml"
Creating index.html ...
Creating erldocs_index.js ...
Woot, finished in 0 Minutes 0 Seconds
 :: Discovering other repos
$ 5000  `rm -r '/home/pete/wefwefwef/docs/other/2222884753/key2value-tag-v1.3.2.2'  2>&1`
 :: Processing https://github.com/okeuday/key2value	{rev,tag,"v1.3.3","eea20d4a5667ed134a0972b81c8012efca30f354"}
 :: Fetching repo code
$ cd "/home/pete/wefwefwef/docs/other/2222884753/key2value-tag-v1.3.3/key2value"
$ infinity  `curl --fail --silent --show-error --location --output 'v1.3.3.zip' 'https://github.com/okeuday/key2value/archive/v1.3.3.zip'  2>&1`
$ cd "/home/pete/wefwefwef/docs/erldocs_other.git"
$ cd "/home/pete/wefwefwef/docs/other/2222884753/key2value-tag-v1.3.3/key2value"
$ 5000  `find -P . -type l -delete  2>&1`
$ cd "/home/pete/wefwefwef/docs/erldocs_other.git"
$ cd "/home/pete/wefwefwef/docs/other/2222884753/key2value-tag-v1.3.3/key2value"
$ 5000  `find 'key2value-1.3.3' -mindepth 1 -maxdepth 1 -exec mv -t . -- {} +  2>&1`
$ cd "/home/pete/wefwefwef/docs/erldocs_other.git"
 :: Getting dependencies
 :: Generating erldocs into /home/pete/wefwefwef/docs/other/2222884753/repo/v1.3.3
Building key2value
Generating Type Specs - "/home/pete/wefwefwef/docs/other/2222884753/key2value-tag-v1.3.3/key2value/src/key2value.erl"
Generating XML for application key2value "/home/pete/wefwefwef/docs/other/2222884753/key2value-tag-v1.3.3/key2value" -> "/home/pete/wefwefwef/docs/other/2222884753/repo/v1.3.3/.xml/key2value"
Generated key2value XMLs: ["/home/pete/wefwefwef/docs/other/2222884753/repo/v1.3.3/.xml/key2value/key2value.xml"]
Generating HTML - key2value "/home/pete/wefwefwef/docs/other/2222884753/repo/v1.3.3/.xml/key2value/key2value.xml"
Reading XML for "/home/pete/wefwefwef/docs/other/2222884753/repo/v1.3.3/.xml/key2value/key2value.xml"
Reading XML for "/home/pete/wefwefwef/docs/other/2222884753/repo/v1.3.3/.xml/specs_key2value.xml"
Creating index.html ...
Creating erldocs_index.js ...
Woot, finished in 0 Minutes 0 Seconds
 :: Discovering other repos
$ 5000  `rm -r '/home/pete/wefwefwef/docs/other/2222884753/key2value-tag-v1.3.3'  2>&1`
 :: Processing https://github.com/okeuday/key2value	{rev,tag,"v1.4.0","e9a53f207d48f42002a36dc7b80fc4cccd4a1522"}
 :: Fetching repo code
$ cd "/home/pete/wefwefwef/docs/other/2222884753/key2value-tag-v1.4.0/key2value"
$ infinity  `curl --fail --silent --show-error --location --output 'v1.4.0.zip' 'https://github.com/okeuday/key2value/archive/v1.4.0.zip'  2>&1`
$ cd "/home/pete/wefwefwef/docs/erldocs_other.git"
$ cd "/home/pete/wefwefwef/docs/other/2222884753/key2value-tag-v1.4.0/key2value"
$ 5000  `find -P . -type l -delete  2>&1`
$ cd "/home/pete/wefwefwef/docs/erldocs_other.git"
$ cd "/home/pete/wefwefwef/docs/other/2222884753/key2value-tag-v1.4.0/key2value"
$ 5000  `find 'key2value-1.4.0' -mindepth 1 -maxdepth 1 -exec mv -t . -- {} +  2>&1`
$ cd "/home/pete/wefwefwef/docs/erldocs_other.git"
 :: Getting dependencies
$ cd "/home/pete/wefwefwef/docs/other/2222884753/key2value-tag-v1.4.0/key2value"
$ 5000  `ls -1 deps/  2>&1`
$ cd "/home/pete/wefwefwef/docs/erldocs_other.git"
>>> [rebar] deps = []
 :: Generating erldocs into /home/pete/wefwefwef/docs/other/2222884753/repo/v1.4.0
Building key2value
Generating Type Specs - "/home/pete/wefwefwef/docs/other/2222884753/key2value-tag-v1.4.0/key2value/src/key2value.erl"
Generating XML for application key2value "/home/pete/wefwefwef/docs/other/2222884753/key2value-tag-v1.4.0/key2value" -> "/home/pete/wefwefwef/docs/other/2222884753/repo/v1.4.0/.xml/key2value"
Generated key2value XMLs: ["/home/pete/wefwefwef/docs/other/2222884753/repo/v1.4.0/.xml/key2value/key2value.xml"]
Generating HTML - key2value "/home/pete/wefwefwef/docs/other/2222884753/repo/v1.4.0/.xml/key2value/key2value.xml"
Reading XML for "/home/pete/wefwefwef/docs/other/2222884753/repo/v1.4.0/.xml/key2value/key2value.xml"
Reading XML for "/home/pete/wefwefwef/docs/other/2222884753/repo/v1.4.0/.xml/specs_key2value.xml"
Creating index.html ...
Creating erldocs_index.js ...
Woot, finished in 0 Minutes 0 Seconds
 :: Discovering other repos
$ 5000  `rm -r '/home/pete/wefwefwef/docs/other/2222884753/key2value-tag-v1.4.0'  2>&1`
 :: Processing https://github.com/okeuday/key2value	{rev,tag,"v1.4.0-rc.4","b7cf7264dba18f5ed0801ec30eb10435cc879c85"}
 :: Fetching repo code
$ cd "/home/pete/wefwefwef/docs/other/2222884753/key2value-tag-v1.4.0-rc.4/key2value"
$ infinity  `curl --fail --silent --show-error --location --output 'v1.4.0-rc.4.zip' 'https://github.com/okeuday/key2value/archive/v1.4.0-rc.4.zip'  2>&1`
$ cd "/home/pete/wefwefwef/docs/erldocs_other.git"
$ cd "/home/pete/wefwefwef/docs/other/2222884753/key2value-tag-v1.4.0-rc.4/key2value"
$ 5000  `find -P . -type l -delete  2>&1`
$ cd "/home/pete/wefwefwef/docs/erldocs_other.git"
$ cd "/home/pete/wefwefwef/docs/other/2222884753/key2value-tag-v1.4.0-rc.4/key2value"
$ 5000  `find 'key2value-1.4.0-rc.4' -mindepth 1 -maxdepth 1 -exec mv -t . -- {} +  2>&1`
$ cd "/home/pete/wefwefwef/docs/erldocs_other.git"
 :: Getting dependencies
$ cd "/home/pete/wefwefwef/docs/other/2222884753/key2value-tag-v1.4.0-rc.4/key2value"
$ 5000  `ls -1 deps/  2>&1`
$ cd "/home/pete/wefwefwef/docs/erldocs_other.git"
>>> [rebar] deps = []
 :: Generating erldocs into /home/pete/wefwefwef/docs/other/2222884753/repo/v1.4.0-rc.4
Building key2value
Generating Type Specs - "/home/pete/wefwefwef/docs/other/2222884753/key2value-tag-v1.4.0-rc.4/key2value/src/key2value.erl"
Generating XML for application key2value "/home/pete/wefwefwef/docs/other/2222884753/key2value-tag-v1.4.0-rc.4/key2value" -> "/home/pete/wefwefwef/docs/other/2222884753/repo/v1.4.0-rc.4/.xml/key2value"
Generated key2value XMLs: ["/home/pete/wefwefwef/docs/other/2222884753/repo/v1.4.0-rc.4/.xml/key2value/key2value.xml"]
Generating HTML - key2value "/home/pete/wefwefwef/docs/other/2222884753/repo/v1.4.0-rc.4/.xml/key2value/key2value.xml"
Reading XML for "/home/pete/wefwefwef/docs/other/2222884753/repo/v1.4.0-rc.4/.xml/key2value/key2value.xml"
Reading XML for "/home/pete/wefwefwef/docs/other/2222884753/repo/v1.4.0-rc.4/.xml/specs_key2value.xml"
Creating index.html ...
Creating erldocs_index.js ...
Woot, finished in 0 Minutes 0 Seconds
 :: Discovering other repos
$ 5000  `rm -r '/home/pete/wefwefwef/docs/other/2222884753/key2value-tag-v1.4.0-rc.4'  2>&1`
 :: Processing https://github.com/okeuday/key2value	{rev,branch,"master","e9a53f207d48f42002a36dc7b80fc4cccd4a1522"}
 :: Fetching repo code
$ cd "/home/pete/wefwefwef/docs/other/2222884753/key2value-branch-master/key2value"
$ infinity  `curl --fail --silent --show-error --location --output 'master.zip' 'https://github.com/okeuday/key2value/archive/master.zip'  2>&1`
$ cd "/home/pete/wefwefwef/docs/erldocs_other.git"
$ cd "/home/pete/wefwefwef/docs/other/2222884753/key2value-branch-master/key2value"
$ 5000  `find -P . -type l -delete  2>&1`
$ cd "/home/pete/wefwefwef/docs/erldocs_other.git"
$ cd "/home/pete/wefwefwef/docs/other/2222884753/key2value-branch-master/key2value"
$ 5000  `find 'key2value-master' -mindepth 1 -maxdepth 1 -exec mv -t . -- {} +  2>&1`
$ cd "/home/pete/wefwefwef/docs/erldocs_other.git"
 :: Getting dependencies
$ cd "/home/pete/wefwefwef/docs/other/2222884753/key2value-branch-master/key2value"
$ 5000  `ls -1 deps/  2>&1`
$ cd "/home/pete/wefwefwef/docs/erldocs_other.git"
>>> [rebar] deps = []
 :: Generating erldocs into /home/pete/wefwefwef/docs/other/2222884753/repo/master
Building key2value
Generating Type Specs - "/home/pete/wefwefwef/docs/other/2222884753/key2value-branch-master/key2value/src/key2value.erl"
Generating XML for application key2value "/home/pete/wefwefwef/docs/other/2222884753/key2value-branch-master/key2value" -> "/home/pete/wefwefwef/docs/other/2222884753/repo/master/.xml/key2value"
Generated key2value XMLs: ["/home/pete/wefwefwef/docs/other/2222884753/repo/master/.xml/key2value/key2value.xml"]
Generating HTML - key2value "/home/pete/wefwefwef/docs/other/2222884753/repo/master/.xml/key2value/key2value.xml"
Reading XML for "/home/pete/wefwefwef/docs/other/2222884753/repo/master/.xml/key2value/key2value.xml"
Reading XML for "/home/pete/wefwefwef/docs/other/2222884753/repo/master/.xml/specs_key2value.xml"
Creating index.html ...
Creating erldocs_index.js ...
Woot, finished in 0 Minutes 0 Seconds
 :: Discovering other repos
$ 5000  `rm -r '/home/pete/wefwefwef/docs/other/2222884753/key2value-branch-master'  2>&1`
 :: Erldocs finishing up
$ 5000  `rm -r '/home/pete/wefwefwef/docs/other/2222884753/key2value'  2>&1`
