 :: Extracting meta information
$ infinity  `git ls-remote --heads --tags 'https://github.com/okeuday/key2value'  2>&1`
>>> [repo] 1 branches, 10 tags
 :: Writing meta to "/home/pete/wefwefwef/docs/other/5b43a8444e1cfc295945bcad94e2b09e/meta.txt"
 :: Skipping tag "v1.3.0"
 :: Skipping tag "v1.3.1"
 :: Skipping tag "v1.3.1.1"
 :: Skipping tag "v1.3.2"
 :: Skipping tag "v1.3.2.1"
 :: Skipping tag "v1.3.2.2"
 :: Skipping tag "v1.3.3"
 :: Skipping tag "v1.4.0"
 :: Skipping tag "v1.4.0-rc.4"
 :: Skipping tag "v1.5.0"
 :: Processing https://github.com/okeuday/key2value	{rev,branch,"master","11ff1e3f4e2fa10f772b7274689d966ea4b24af2",undefined,[],[]}
 :: Fetching repo code
$ cd '/home/pete/wefwefwef/docs/other/5b43a8444e1cfc295945bcad94e2b09e/key2value-branch-master'
$ infinity  `curl --fail --silent --show-error --location --output repo.tar.gz 'https://codeload.github.com/okeuday/key2value/legacy.tar.gz/master'  2>&1`
$ cd '/home/pete/wefwefwef/docs/erldocs_other.git'
$ cd '/home/pete/wefwefwef/docs/other/5b43a8444e1cfc295945bcad94e2b09e/key2value-branch-master/okeuday-key2value-11ff1e3'
$ 5000  `find -P . -type l -delete  2>&1`
$ cd '/home/pete/wefwefwef/docs/erldocs_other.git'
$ 5000  `mv '/home/pete/wefwefwef/docs/other/5b43a8444e1cfc295945bcad94e2b09e/key2value-branch-master/okeuday-key2value-11ff1e3' '/home/pete/wefwefwef/docs/other/5b43a8444e1cfc295945bcad94e2b09e/key2value-branch-master/key2value'  2>&1`
 :: Getting dependencies
$ cd '/home/pete/wefwefwef/docs/other/5b43a8444e1cfc295945bcad94e2b09e/key2value-branch-master/key2value'
$ 5000  `ls -1 deps/  2>&1`
$ cd '/home/pete/wefwefwef/docs/erldocs_other.git'
>>> [rebar] deps = []
 :: Generating erldocs into /home/pete/wefwefwef/docs/other/5b43a8444e1cfc295945bcad94e2b09e/repo/master
Building key2value
Generating Type Specs - "/home/pete/wefwefwef/docs/other/5b43a8444e1cfc295945bcad94e2b09e/key2value-branch-master/key2value/src/key2value.erl"
Generating XML for application key2value "/home/pete/wefwefwef/docs/other/5b43a8444e1cfc295945bcad94e2b09e/key2value-branch-master/key2value" -> "/home/pete/wefwefwef/docs/other/5b43a8444e1cfc295945bcad94e2b09e/repo/master/.xml/key2value"
Generated key2value XMLs: ["/home/pete/wefwefwef/docs/other/5b43a8444e1cfc295945bcad94e2b09e/repo/master/.xml/key2value/key2value.xml"]
Generating HTML - key2value "/home/pete/wefwefwef/docs/other/5b43a8444e1cfc295945bcad94e2b09e/repo/master/.xml/key2value/key2value.xml"
Reading XML for "/home/pete/wefwefwef/docs/other/5b43a8444e1cfc295945bcad94e2b09e/repo/master/.xml/key2value/key2value.xml"
Reading XML for "/home/pete/wefwefwef/docs/other/5b43a8444e1cfc295945bcad94e2b09e/repo/master/.xml/specs_key2value.xml"
Creating index.html ...
Creating erldocs_index.js ...
Woot, finished in 0 Minutes 0 Seconds
 :: Discovering other repos
$ 5000  `rm -r '/home/pete/wefwefwef/docs/other/5b43a8444e1cfc295945bcad94e2b09e/key2value-branch-master'  2>&1`
 :: Finishing up
$ 5000  `rm -r '/home/pete/wefwefwef/docs/other/5b43a8444e1cfc295945bcad94e2b09e/key2value'  2>&1`
