 :: Extracting meta information
$ 5000  `git ls-remote --heads --tags 'https://github.com/iced/vfe'  2>&1`
>>> [repo] 1 branches, 0 tags
 :: Writing meta to "/home/pete/wefwefwef/docs/other/5568271817/meta.txt"
 :: Processing https://github.com/iced/vfe	{rev,branch,"master","95a5ba4c3852fa7641e01a2c5d5bcd68fcf997af"}
 :: Fetching repo code
$ cd "/home/pete/wefwefwef/docs/other/5568271817/vfe-branch-master/vfe"
$ infinity  `curl --fail --silent --show-error --location --output 'master.zip' 'https://github.com/iced/vfe/archive/master.zip'  2>&1`
$ cd "/home/pete/wefwefwef/docs/erldocs_other.git"
$ cd "/home/pete/wefwefwef/docs/other/5568271817/vfe-branch-master/vfe"
$ 5000  `find -P . -type l -delete  2>&1`
$ cd "/home/pete/wefwefwef/docs/erldocs_other.git"
$ cd "/home/pete/wefwefwef/docs/other/5568271817/vfe-branch-master/vfe"
$ 5000  `find 'vfe-master' -mindepth 1 -maxdepth 1 -exec mv -t . -- {} +  2>&1`
$ cd "/home/pete/wefwefwef/docs/erldocs_other.git"
 :: Getting dependencies
$ cd "/home/pete/wefwefwef/docs/other/5568271817/vfe-branch-master/vfe"
$ 5000  `ls -1 deps/  2>&1`
$ cd "/home/pete/wefwefwef/docs/erldocs_other.git"
>>> [rebar] deps = []
 :: Generating erldocs into /home/pete/wefwefwef/docs/other/5568271817/repo/master
Building vfe
Generating Type Specs - "/home/pete/wefwefwef/docs/other/5568271817/vfe-branch-master/vfe/src/vfe.erl"
Generating XML for application vfe "/home/pete/wefwefwef/docs/other/5568271817/vfe-branch-master/vfe" -> "/home/pete/wefwefwef/docs/other/5568271817/repo/master/.xml/vfe"
Generated vfe XMLs: ["/home/pete/wefwefwef/docs/other/5568271817/repo/master/.xml/vfe/vfe.xml"]
Generating HTML - vfe "/home/pete/wefwefwef/docs/other/5568271817/repo/master/.xml/vfe/vfe.xml"
Reading XML for "/home/pete/wefwefwef/docs/other/5568271817/repo/master/.xml/vfe/vfe.xml"
Reading XML for "/home/pete/wefwefwef/docs/other/5568271817/repo/master/.xml/specs_vfe.xml"
Creating index.html ...
Creating erldocs_index.js ...
Woot, finished in 0 Minutes 0 Seconds
 :: Discovering other repos
$ 5000  `rm -r '/home/pete/wefwefwef/docs/other/5568271817/vfe-branch-master'  2>&1`
 :: Erldocs finishing up
$ 5000  `rm -r '/home/pete/wefwefwef/docs/other/5568271817/vfe'  2>&1`
