 :: Extracting meta information
$ cd '.'
$ infinity  `git ls-remote --heads --tags https://github.com/biokoda/actordb_thrift`
>>> [repo] 2 branches, 6 tags
 :: Writing meta to "/home/pete/wefwefwef/docs/other/241f1681f6a930a7256059f42f5052a5aeb250e3/meta.txt"
 :: Skipping tag "0.10"
 :: Skipping tag "0.10.1"
 :: Skipping tag "0.10.4"
 :: Skipping tag "0.10.5"
 :: Skipping tag "0.9pre6"
 :: Skipping tag "0.9pre9"
 :: Skipping branch "sql_auth"
 :: Processing https://github.com/biokoda/actordb_thrift	{rev,branch,"master","54844eb91a7a53e4aab17d1ff39cb325c6f7afc0",undefined,[],[]}
 :: Fetching repo code
$ cd '/home/pete/wefwefwef/docs/other/241f1681f6a930a7256059f42f5052a5aeb250e3/actordb_thrift-branch-master'
$ infinity  `curl --fail --silent --show-error --location --output repo.tar.gz https://codeload.github.com/biokoda/actordb_thrift/tar.gz/master`
 :: Error running eo_core:
	[{eo_scm,fetch,2,[{file,"src/eo_scm.erl"},{line,81}]},
         {eo_core,do,7,[{file,"src/eo_core.erl"},{line,107}]},
         {eo_core,'-main_/1-lc$^0/1-0-',8,
             [{file,"src/eo_core.erl"},{line,85}]},
         {eo_core,main_,1,[{file,"src/eo_core.erl"},{line,85}]},
         {eo_core,main,1,[{file,"src/eo_core.erl"},{line,56}]},
         {eo_core,gen,1,[{file,"src/eo_core.erl"},{line,36}]},
         {gen_escript__escript__1446__638487__360690,seq_gen,4,
             [{file,"./gen.escript"},{line,53}]},
         {escript,run,2,[{file,"escript.erl"},{line,752}]}]
{error,{case_clause,["/home/pete/wefwefwef/docs/other/241f1681f6a930a7256059f42f5052a5aeb250e3/actordb_thrift-branch-master/actordb_thrift",
                     "/home/pete/wefwefwef/docs/other/241f1681f6a930a7256059f42f5052a5aeb250e3/actordb_thrift-branch-master/actordb_thrift-master"]}}
 :: Finishing up
$ cd '.'
$ 5000  `rm -r /home/pete/wefwefwef/docs/other/241f1681f6a930a7256059f42f5052a5aeb250e3/actordb_thrift`
