 :: Extracting meta information
$ 5000  `git ls-remote --heads --tags 'https://github.com/erylee/emysql'  2>&1`
>>> [repo] 1 branches, 2 tags
 :: Writing meta to "/home/pete/wefwefwef/docs/other/5242488826/meta.txt"
 :: Processing https://github.com/erylee/emysql	{rev,tag,"3.0","69e83f7735a0a235d158de122937ccc1508bde39"}
 :: Fetching repo code
$ cd "/home/pete/wefwefwef/docs/other/5242488826/emysql-tag-3.0/emysql"
$ infinity  `curl --fail --silent --show-error --location --output '3.0.zip' 'https://github.com/erylee/emysql/archive/3.0.zip'  2>&1`
$ cd "/home/pete/wefwefwef/docs/erldocs_other.git"
$ cd "/home/pete/wefwefwef/docs/other/5242488826/emysql-tag-3.0/emysql"
$ 5000  `find -P . -type l -delete  2>&1`
$ cd "/home/pete/wefwefwef/docs/erldocs_other.git"
$ cd "/home/pete/wefwefwef/docs/other/5242488826/emysql-tag-3.0/emysql"
$ 5000  `find 'emysql-3.0' -mindepth 1 -maxdepth 1 -exec mv -t . -- {} +  2>&1`
$ cd "/home/pete/wefwefwef/docs/erldocs_other.git"
 :: Getting dependencies
$ cd "/home/pete/wefwefwef/docs/other/5242488826/emysql-tag-3.0/emysql"
$ 5000  `ls -1 deps/  2>&1`
$ cd "/home/pete/wefwefwef/docs/erldocs_other.git"
>>> [rebar] deps = []
 :: Generating erldocs into /home/pete/wefwefwef/docs/other/5242488826/repo/3.0
Building emysql
Generating Type Specs - "/home/pete/wefwefwef/docs/other/5242488826/emysql-tag-3.0/emysql/src/emysql.erl"
Generating Type Specs - "/home/pete/wefwefwef/docs/other/5242488826/emysql-tag-3.0/emysql/src/emysql_app.erl"
Generating Type Specs - "/home/pete/wefwefwef/docs/other/5242488826/emysql-tag-3.0/emysql/src/emysql_auth.erl"
Generating Type Specs - "/home/pete/wefwefwef/docs/other/5242488826/emysql-tag-3.0/emysql/src/emysql_conn.erl"
Generating Type Specs - "/home/pete/wefwefwef/docs/other/5242488826/emysql-tag-3.0/emysql/src/emysql_recv.erl"
Generating Type Specs - "/home/pete/wefwefwef/docs/other/5242488826/emysql-tag-3.0/emysql/src/emysql_sup.erl"
Generating Type Specs - "/home/pete/wefwefwef/docs/other/5242488826/emysql-tag-3.0/emysql/src/gen_server2.erl"
Generating Type Specs - "/home/pete/wefwefwef/docs/other/5242488826/emysql-tag-3.0/emysql/src/priority_queue.erl"
Generating XML for application emysql "/home/pete/wefwefwef/docs/other/5242488826/emysql-tag-3.0/emysql" -> "/home/pete/wefwefwef/docs/other/5242488826/repo/3.0/.xml/emysql"
Generated emysql XMLs: ["/home/pete/wefwefwef/docs/other/5242488826/repo/3.0/.xml/emysql/emysql_auth.xml",
                        "/home/pete/wefwefwef/docs/other/5242488826/repo/3.0/.xml/emysql/emysql_recv.xml",
                        "/home/pete/wefwefwef/docs/other/5242488826/repo/3.0/.xml/emysql/gen_server2.xml",
                        "/home/pete/wefwefwef/docs/other/5242488826/repo/3.0/.xml/emysql/emysql_sup.xml",
                        "/home/pete/wefwefwef/docs/other/5242488826/repo/3.0/.xml/emysql/emysql_conn.xml",
                        "/home/pete/wefwefwef/docs/other/5242488826/repo/3.0/.xml/emysql/priority_queue.xml",
                        "/home/pete/wefwefwef/docs/other/5242488826/repo/3.0/.xml/emysql/emysql.xml",
                        "/home/pete/wefwefwef/docs/other/5242488826/repo/3.0/.xml/emysql/emysql_app.xml"]
Generating HTML - emysql_recv "/home/pete/wefwefwef/docs/other/5242488826/repo/3.0/.xml/emysql/emysql_recv.xml"
Generating HTML - emysql_sup "/home/pete/wefwefwef/docs/other/5242488826/repo/3.0/.xml/emysql/emysql_sup.xml"
Generating HTML - priority_queue "/home/pete/wefwefwef/docs/other/5242488826/repo/3.0/.xml/emysql/priority_queue.xml"
Generating HTML - emysql_app "/home/pete/wefwefwef/docs/other/5242488826/repo/3.0/.xml/emysql/emysql_app.xml"
Reading XML for "/home/pete/wefwefwef/docs/other/5242488826/repo/3.0/.xml/emysql/emysql_recv.xml"
Reading XML for "/home/pete/wefwefwef/docs/other/5242488826/repo/3.0/.xml/emysql/emysql_sup.xml"
Reading XML for "/home/pete/wefwefwef/docs/other/5242488826/repo/3.0/.xml/emysql/priority_queue.xml"
Reading XML for "/home/pete/wefwefwef/docs/other/5242488826/repo/3.0/.xml/emysql/emysql_app.xml"
Reading XML for "/home/pete/wefwefwef/docs/other/5242488826/repo/3.0/.xml/specs_emysql_recv.xml"
Generating HTML - emysql_auth "/home/pete/wefwefwef/docs/other/5242488826/repo/3.0/.xml/emysql/emysql_auth.xml"
Reading XML for "/home/pete/wefwefwef/docs/other/5242488826/repo/3.0/.xml/specs_emysql_sup.xml"
Reading XML for "/home/pete/wefwefwef/docs/other/5242488826/repo/3.0/.xml/emysql/emysql_auth.xml"
Generating HTML - gen_server2 "/home/pete/wefwefwef/docs/other/5242488826/repo/3.0/.xml/emysql/gen_server2.xml"
Reading XML for "/home/pete/wefwefwef/docs/other/5242488826/repo/3.0/.xml/emysql/gen_server2.xml"
Reading XML for "/home/pete/wefwefwef/docs/other/5242488826/repo/3.0/.xml/specs_emysql_app.xml"
Reading XML for "/home/pete/wefwefwef/docs/other/5242488826/repo/3.0/.xml/specs_priority_queue.xml"
Generating HTML - emysql "/home/pete/wefwefwef/docs/other/5242488826/repo/3.0/.xml/emysql/emysql.xml"
Reading XML for "/home/pete/wefwefwef/docs/other/5242488826/repo/3.0/.xml/emysql/emysql.xml"
Generating HTML - emysql_conn "/home/pete/wefwefwef/docs/other/5242488826/repo/3.0/.xml/emysql/emysql_conn.xml"
Reading XML for "/home/pete/wefwefwef/docs/other/5242488826/repo/3.0/.xml/emysql/emysql_conn.xml"
Reading XML for "/home/pete/wefwefwef/docs/other/5242488826/repo/3.0/.xml/specs_emysql_auth.xml"
Reading XML for "/home/pete/wefwefwef/docs/other/5242488826/repo/3.0/.xml/specs_gen_server2.xml"
Reading XML for "/home/pete/wefwefwef/docs/other/5242488826/repo/3.0/.xml/specs_emysql.xml"
Reading XML for "/home/pete/wefwefwef/docs/other/5242488826/repo/3.0/.xml/specs_emysql_conn.xml"
Creating index.html ...
Creating erldocs_index.js ...
Woot, finished in 0 Minutes 0 Seconds
 :: Discovering other repos
$ 5000  `rm -r '/home/pete/wefwefwef/docs/other/5242488826/emysql-tag-3.0'  2>&1`
 :: Processing https://github.com/erylee/emysql	{rev,tag,"3.0.1","d0e6393baf879810dfe629e19907d0fad6671545"}
 :: Fetching repo code
$ cd "/home/pete/wefwefwef/docs/other/5242488826/emysql-tag-3.0.1/emysql"
$ infinity  `curl --fail --silent --show-error --location --output '3.0.1.zip' 'https://github.com/erylee/emysql/archive/3.0.1.zip'  2>&1`
$ cd "/home/pete/wefwefwef/docs/erldocs_other.git"
$ cd "/home/pete/wefwefwef/docs/other/5242488826/emysql-tag-3.0.1/emysql"
$ 5000  `find -P . -type l -delete  2>&1`
$ cd "/home/pete/wefwefwef/docs/erldocs_other.git"
$ cd "/home/pete/wefwefwef/docs/other/5242488826/emysql-tag-3.0.1/emysql"
$ 5000  `find 'emysql-3.0.1' -mindepth 1 -maxdepth 1 -exec mv -t . -- {} +  2>&1`
$ cd "/home/pete/wefwefwef/docs/erldocs_other.git"
 :: Getting dependencies
$ cd "/home/pete/wefwefwef/docs/other/5242488826/emysql-tag-3.0.1/emysql"
$ 5000  `ls -1 deps/  2>&1`
$ cd "/home/pete/wefwefwef/docs/erldocs_other.git"
>>> [rebar] deps = []
 :: Generating erldocs into /home/pete/wefwefwef/docs/other/5242488826/repo/3.0.1
Building emysql
Generating Type Specs - "/home/pete/wefwefwef/docs/other/5242488826/emysql-tag-3.0.1/emysql/src/emysql.erl"
Generating Type Specs - "/home/pete/wefwefwef/docs/other/5242488826/emysql-tag-3.0.1/emysql/src/emysql_app.erl"
Generating Type Specs - "/home/pete/wefwefwef/docs/other/5242488826/emysql-tag-3.0.1/emysql/src/emysql_auth.erl"
Generating Type Specs - "/home/pete/wefwefwef/docs/other/5242488826/emysql-tag-3.0.1/emysql/src/emysql_conn.erl"
Generating Type Specs - "/home/pete/wefwefwef/docs/other/5242488826/emysql-tag-3.0.1/emysql/src/emysql_recv.erl"
Generating Type Specs - "/home/pete/wefwefwef/docs/other/5242488826/emysql-tag-3.0.1/emysql/src/emysql_sup.erl"
Generating Type Specs - "/home/pete/wefwefwef/docs/other/5242488826/emysql-tag-3.0.1/emysql/src/gen_server2.erl"
Generating Type Specs - "/home/pete/wefwefwef/docs/other/5242488826/emysql-tag-3.0.1/emysql/src/priority_queue.erl"
Generating XML for application emysql "/home/pete/wefwefwef/docs/other/5242488826/emysql-tag-3.0.1/emysql" -> "/home/pete/wefwefwef/docs/other/5242488826/repo/3.0.1/.xml/emysql"
Generated emysql XMLs: ["/home/pete/wefwefwef/docs/other/5242488826/repo/3.0.1/.xml/emysql/emysql_auth.xml",
                        "/home/pete/wefwefwef/docs/other/5242488826/repo/3.0.1/.xml/emysql/emysql_recv.xml",
                        "/home/pete/wefwefwef/docs/other/5242488826/repo/3.0.1/.xml/emysql/gen_server2.xml",
                        "/home/pete/wefwefwef/docs/other/5242488826/repo/3.0.1/.xml/emysql/emysql_sup.xml",
                        "/home/pete/wefwefwef/docs/other/5242488826/repo/3.0.1/.xml/emysql/emysql_conn.xml",
                        "/home/pete/wefwefwef/docs/other/5242488826/repo/3.0.1/.xml/emysql/priority_queue.xml",
                        "/home/pete/wefwefwef/docs/other/5242488826/repo/3.0.1/.xml/emysql/emysql.xml",
                        "/home/pete/wefwefwef/docs/other/5242488826/repo/3.0.1/.xml/emysql/emysql_app.xml"]
Generating HTML - emysql_recv "/home/pete/wefwefwef/docs/other/5242488826/repo/3.0.1/.xml/emysql/emysql_recv.xml"
Generating HTML - emysql_sup "/home/pete/wefwefwef/docs/other/5242488826/repo/3.0.1/.xml/emysql/emysql_sup.xml"
Generating HTML - priority_queue "/home/pete/wefwefwef/docs/other/5242488826/repo/3.0.1/.xml/emysql/priority_queue.xml"
Generating HTML - emysql_app "/home/pete/wefwefwef/docs/other/5242488826/repo/3.0.1/.xml/emysql/emysql_app.xml"
Reading XML for "/home/pete/wefwefwef/docs/other/5242488826/repo/3.0.1/.xml/emysql/emysql_recv.xml"
Reading XML for "/home/pete/wefwefwef/docs/other/5242488826/repo/3.0.1/.xml/emysql/emysql_sup.xml"
Reading XML for "/home/pete/wefwefwef/docs/other/5242488826/repo/3.0.1/.xml/emysql/priority_queue.xml"
Reading XML for "/home/pete/wefwefwef/docs/other/5242488826/repo/3.0.1/.xml/emysql/emysql_app.xml"
Reading XML for "/home/pete/wefwefwef/docs/other/5242488826/repo/3.0.1/.xml/specs_emysql_recv.xml"
Reading XML for "/home/pete/wefwefwef/docs/other/5242488826/repo/3.0.1/.xml/specs_priority_queue.xml"
Reading XML for "/home/pete/wefwefwef/docs/other/5242488826/repo/3.0.1/.xml/specs_emysql_app.xml"
Generating HTML - emysql_auth "/home/pete/wefwefwef/docs/other/5242488826/repo/3.0.1/.xml/emysql/emysql_auth.xml"
Reading XML for "/home/pete/wefwefwef/docs/other/5242488826/repo/3.0.1/.xml/emysql/emysql_auth.xml"
Reading XML for "/home/pete/wefwefwef/docs/other/5242488826/repo/3.0.1/.xml/specs_emysql_sup.xml"
Generating HTML - emysql_conn "/home/pete/wefwefwef/docs/other/5242488826/repo/3.0.1/.xml/emysql/emysql_conn.xml"
Reading XML for "/home/pete/wefwefwef/docs/other/5242488826/repo/3.0.1/.xml/emysql/emysql_conn.xml"
Generating HTML - emysql "/home/pete/wefwefwef/docs/other/5242488826/repo/3.0.1/.xml/emysql/emysql.xml"
Reading XML for "/home/pete/wefwefwef/docs/other/5242488826/repo/3.0.1/.xml/emysql/emysql.xml"
Generating HTML - gen_server2 "/home/pete/wefwefwef/docs/other/5242488826/repo/3.0.1/.xml/emysql/gen_server2.xml"
Reading XML for "/home/pete/wefwefwef/docs/other/5242488826/repo/3.0.1/.xml/emysql/gen_server2.xml"
Reading XML for "/home/pete/wefwefwef/docs/other/5242488826/repo/3.0.1/.xml/specs_emysql_auth.xml"
Reading XML for "/home/pete/wefwefwef/docs/other/5242488826/repo/3.0.1/.xml/specs_emysql.xml"
Reading XML for "/home/pete/wefwefwef/docs/other/5242488826/repo/3.0.1/.xml/specs_emysql_conn.xml"
Reading XML for "/home/pete/wefwefwef/docs/other/5242488826/repo/3.0.1/.xml/specs_gen_server2.xml"
Creating index.html ...
Creating erldocs_index.js ...
Woot, finished in 0 Minutes 1 Seconds
 :: Discovering other repos
$ 5000  `rm -r '/home/pete/wefwefwef/docs/other/5242488826/emysql-tag-3.0.1'  2>&1`
 :: Processing https://github.com/erylee/emysql	{rev,branch,"master","fe8ad81b6a859a361558e25fd0da8bed9563d603"}
 :: Fetching repo code
$ cd "/home/pete/wefwefwef/docs/other/5242488826/emysql-branch-master/emysql"
$ infinity  `curl --fail --silent --show-error --location --output 'master.zip' 'https://github.com/erylee/emysql/archive/master.zip'  2>&1`
$ cd "/home/pete/wefwefwef/docs/erldocs_other.git"
$ cd "/home/pete/wefwefwef/docs/other/5242488826/emysql-branch-master/emysql"
$ 5000  `find -P . -type l -delete  2>&1`
$ cd "/home/pete/wefwefwef/docs/erldocs_other.git"
$ cd "/home/pete/wefwefwef/docs/other/5242488826/emysql-branch-master/emysql"
$ 5000  `find 'emysql-master' -mindepth 1 -maxdepth 1 -exec mv -t . -- {} +  2>&1`
$ cd "/home/pete/wefwefwef/docs/erldocs_other.git"
 :: Getting dependencies
$ cd "/home/pete/wefwefwef/docs/other/5242488826/emysql-branch-master/emysql"
$ 5000  `ls -1 deps/  2>&1`
$ cd "/home/pete/wefwefwef/docs/erldocs_other.git"
>>> [rebar] deps = []
 :: Generating erldocs into /home/pete/wefwefwef/docs/other/5242488826/repo/master
Building emysql
Generating Type Specs - "/home/pete/wefwefwef/docs/other/5242488826/emysql-branch-master/emysql/src/emysql.erl"
Generating Type Specs - "/home/pete/wefwefwef/docs/other/5242488826/emysql-branch-master/emysql/src/emysql_app.erl"
Generating Type Specs - "/home/pete/wefwefwef/docs/other/5242488826/emysql-branch-master/emysql/src/emysql_auth.erl"
Generating Type Specs - "/home/pete/wefwefwef/docs/other/5242488826/emysql-branch-master/emysql/src/emysql_conn.erl"
Generating Type Specs - "/home/pete/wefwefwef/docs/other/5242488826/emysql-branch-master/emysql/src/emysql_recv.erl"
Generating Type Specs - "/home/pete/wefwefwef/docs/other/5242488826/emysql-branch-master/emysql/src/emysql_sup.erl"
Generating Type Specs - "/home/pete/wefwefwef/docs/other/5242488826/emysql-branch-master/emysql/src/gen_server2.erl"
Generating Type Specs - "/home/pete/wefwefwef/docs/other/5242488826/emysql-branch-master/emysql/src/priority_queue.erl"
Generating XML for application emysql "/home/pete/wefwefwef/docs/other/5242488826/emysql-branch-master/emysql" -> "/home/pete/wefwefwef/docs/other/5242488826/repo/master/.xml/emysql"
Generated emysql XMLs: ["/home/pete/wefwefwef/docs/other/5242488826/repo/master/.xml/emysql/emysql_auth.xml",
                        "/home/pete/wefwefwef/docs/other/5242488826/repo/master/.xml/emysql/emysql_recv.xml",
                        "/home/pete/wefwefwef/docs/other/5242488826/repo/master/.xml/emysql/gen_server2.xml",
                        "/home/pete/wefwefwef/docs/other/5242488826/repo/master/.xml/emysql/emysql_sup.xml",
                        "/home/pete/wefwefwef/docs/other/5242488826/repo/master/.xml/emysql/emysql_conn.xml",
                        "/home/pete/wefwefwef/docs/other/5242488826/repo/master/.xml/emysql/priority_queue.xml",
                        "/home/pete/wefwefwef/docs/other/5242488826/repo/master/.xml/emysql/emysql.xml",
                        "/home/pete/wefwefwef/docs/other/5242488826/repo/master/.xml/emysql/emysql_app.xml"]
Generating HTML - emysql_recv "/home/pete/wefwefwef/docs/other/5242488826/repo/master/.xml/emysql/emysql_recv.xml"
Generating HTML - emysql_sup "/home/pete/wefwefwef/docs/other/5242488826/repo/master/.xml/emysql/emysql_sup.xml"
Generating HTML - priority_queue "/home/pete/wefwefwef/docs/other/5242488826/repo/master/.xml/emysql/priority_queue.xml"
Generating HTML - emysql_app "/home/pete/wefwefwef/docs/other/5242488826/repo/master/.xml/emysql/emysql_app.xml"
Reading XML for "/home/pete/wefwefwef/docs/other/5242488826/repo/master/.xml/emysql/emysql_recv.xml"
Reading XML for "/home/pete/wefwefwef/docs/other/5242488826/repo/master/.xml/emysql/emysql_sup.xml"
Reading XML for "/home/pete/wefwefwef/docs/other/5242488826/repo/master/.xml/emysql/priority_queue.xml"
Reading XML for "/home/pete/wefwefwef/docs/other/5242488826/repo/master/.xml/emysql/emysql_app.xml"
Reading XML for "/home/pete/wefwefwef/docs/other/5242488826/repo/master/.xml/specs_emysql_recv.xml"
Reading XML for "/home/pete/wefwefwef/docs/other/5242488826/repo/master/.xml/specs_emysql_sup.xml"
Generating HTML - emysql_auth "/home/pete/wefwefwef/docs/other/5242488826/repo/master/.xml/emysql/emysql_auth.xml"
Reading XML for "/home/pete/wefwefwef/docs/other/5242488826/repo/master/.xml/specs_priority_queue.xml"
Reading XML for "/home/pete/wefwefwef/docs/other/5242488826/repo/master/.xml/emysql/emysql_auth.xml"
Generating HTML - gen_server2 "/home/pete/wefwefwef/docs/other/5242488826/repo/master/.xml/emysql/gen_server2.xml"
Reading XML for "/home/pete/wefwefwef/docs/other/5242488826/repo/master/.xml/emysql/gen_server2.xml"
Reading XML for "/home/pete/wefwefwef/docs/other/5242488826/repo/master/.xml/specs_emysql_app.xml"
Generating HTML - emysql_conn "/home/pete/wefwefwef/docs/other/5242488826/repo/master/.xml/emysql/emysql_conn.xml"
Reading XML for "/home/pete/wefwefwef/docs/other/5242488826/repo/master/.xml/emysql/emysql_conn.xml"
Generating HTML - emysql "/home/pete/wefwefwef/docs/other/5242488826/repo/master/.xml/emysql/emysql.xml"
Reading XML for "/home/pete/wefwefwef/docs/other/5242488826/repo/master/.xml/emysql/emysql.xml"
Reading XML for "/home/pete/wefwefwef/docs/other/5242488826/repo/master/.xml/specs_emysql_auth.xml"
Reading XML for "/home/pete/wefwefwef/docs/other/5242488826/repo/master/.xml/specs_gen_server2.xml"
Reading XML for "/home/pete/wefwefwef/docs/other/5242488826/repo/master/.xml/specs_emysql_conn.xml"
Reading XML for "/home/pete/wefwefwef/docs/other/5242488826/repo/master/.xml/specs_emysql.xml"
Creating index.html ...
Creating erldocs_index.js ...
Woot, finished in 0 Minutes 1 Seconds
 :: Discovering other repos
$ 5000  `rm -r '/home/pete/wefwefwef/docs/other/5242488826/emysql-branch-master'  2>&1`
 :: Erldocs finishing up
$ 5000  `rm -r '/home/pete/wefwefwef/docs/other/5242488826/emysql'  2>&1`
