 :: Extracting meta information
$ infinity  `git ls-remote --heads --tags 'https://github.com/janhenrynystrom/jhn'  2>&1`
>>> [repo] 1 branches, 0 tags
WTF {ok,{{"HTTP/1.1",200,"OK"},
         [{"cache-control","max-age=300"},
          {"connection","keep-alive"},
          {"date","Sun, 11 Oct 2015 20:01:15 GMT"},
          {"via","1.1 varnish"},
          {"accept-ranges","bytes"},
          {"etag","\"0a706da5340ee7fc30582385c1aadf4d1a3ee83c\""},
          {"vary","Authorization,Accept-Encoding"},
          {"content-length","442"},
          {"content-type","text/plain; charset=utf-8"},
          {"expires","Sun, 11 Oct 2015 20:06:15 GMT"},
          {"content-security-policy","default-src 'none'"},
          {"x-xss-protection","1; mode=block"},
          {"x-frame-options","deny"},
          {"x-content-type-options","nosniff"},
          {"strict-transport-security","max-age=31536000"},
          {"x-served-by","cache-fra1224-FRA"},
          {"x-cache","MISS"},
          {"x-cache-hits","0"},
          {"access-control-allow-origin","*"},
          {"source-age","0"}],
         "{name,\"jhn\"}.\n{target_path,\"github.com/janhenrynystrom/jhn\"}.\n{url,\"https://github.com/janhenrynystrom/jhn\"}.\n{vsn_format,2}.\n{vsn_pass,101}.\n{time_begin,{{2015,9,21},{18,36,39}}}.\n{method,git}.\n{count_tags,0}.\n{count_branches,1}.\n{revisions,[{rev,branch,\"master\",\"fb02204c6eb0a270a623720fe38b19322ab69b0b\",\n                 false,[],\n                 [\"https://github.com/janhenrynystrom/makefiles\"]}]}.\n{time_end,{{2015,9,21},{18,36,40}}}.\n"}}
 :: Writing meta to "/home/pete/wefwefwef/docs/other/56dfbf727f783a76816f7b6178b6462cf5f3c07d/meta.txt"
 :: Processing https://github.com/janhenrynystrom/jhn	{rev,branch,"master","a1ced826ddd7cc2ce99ba722e21f081e8cfe3786",undefined,[],[]}
 :: Fetching repo code
$ cd '/home/pete/wefwefwef/docs/other/56dfbf727f783a76816f7b6178b6462cf5f3c07d/jhn-branch-master'
$ infinity  `curl --fail --silent --show-error --location --output repo.tar.gz 'https://codeload.github.com/janhenrynystrom/jhn/tar.gz/master'  2>&1`
$ cd '/home/pete/wefwefwef/docs/erldocs_other.git'
$ cd '/home/pete/wefwefwef/docs/other/56dfbf727f783a76816f7b6178b6462cf5f3c07d/jhn-branch-master/jhn-master'
$ 5000  `find -P . -type l -delete  2>&1`
$ cd '/home/pete/wefwefwef/docs/erldocs_other.git'
$ 5000  `mv '/home/pete/wefwefwef/docs/other/56dfbf727f783a76816f7b6178b6462cf5f3c07d/jhn-branch-master/jhn-master' '/home/pete/wefwefwef/docs/other/56dfbf727f783a76816f7b6178b6462cf5f3c07d/jhn-branch-master/jhn'  2>&1`
 :: Getting dependencies
$ cd '/home/pete/wefwefwef/docs/other/56dfbf727f783a76816f7b6178b6462cf5f3c07d/jhn-branch-master/jhn'
$ 5000  `ls -1 deps/  2>&1`
$ cd '/home/pete/wefwefwef/docs/erldocs_other.git'
>>> [rebar] deps = []
 :: Generating erldocs into /home/pete/wefwefwef/docs/other/56dfbf727f783a76816f7b6178b6462cf5f3c07d/repo/master
Building jhn
Generating Type Specs - "/home/pete/wefwefwef/docs/other/56dfbf727f783a76816f7b6178b6462cf5f3c07d/jhn-branch-master/jhn/src/jhn_fsm.erl"
Generating Type Specs - "/home/pete/wefwefwef/docs/other/56dfbf727f783a76816f7b6178b6462cf5f3c07d/jhn-branch-master/jhn/src/jhn_server.erl"
Generating XML for application jhn "/home/pete/wefwefwef/docs/other/56dfbf727f783a76816f7b6178b6462cf5f3c07d/jhn-branch-master/jhn" -> "/home/pete/wefwefwef/docs/other/56dfbf727f783a76816f7b6178b6462cf5f3c07d/repo/master/.xml/jhn"
Generated jhn XMLs: ["/home/pete/wefwefwef/docs/other/56dfbf727f783a76816f7b6178b6462cf5f3c07d/repo/master/.xml/jhn/jhn_server.xml",
                     "/home/pete/wefwefwef/docs/other/56dfbf727f783a76816f7b6178b6462cf5f3c07d/repo/master/.xml/jhn/jhn_fsm.xml"]
Generating HTML - jhn_fsm "/home/pete/wefwefwef/docs/other/56dfbf727f783a76816f7b6178b6462cf5f3c07d/repo/master/.xml/jhn/jhn_fsm.xml"
Reading XML for "/home/pete/wefwefwef/docs/other/56dfbf727f783a76816f7b6178b6462cf5f3c07d/repo/master/.xml/jhn/jhn_fsm.xml"
Reading XML for "/home/pete/wefwefwef/docs/other/56dfbf727f783a76816f7b6178b6462cf5f3c07d/repo/master/.xml/specs_jhn_fsm.xml"
Generating HTML - jhn_server "/home/pete/wefwefwef/docs/other/56dfbf727f783a76816f7b6178b6462cf5f3c07d/repo/master/.xml/jhn/jhn_server.xml"
Reading XML for "/home/pete/wefwefwef/docs/other/56dfbf727f783a76816f7b6178b6462cf5f3c07d/repo/master/.xml/jhn/jhn_server.xml"
Reading XML for "/home/pete/wefwefwef/docs/other/56dfbf727f783a76816f7b6178b6462cf5f3c07d/repo/master/.xml/specs_jhn_server.xml"
Creating index.html ...
Creating erldocs_index.js ...
Woot, finished in 0 Minutes 0 Seconds
 :: Discovering other repos
$ 5000  `rm -r '/home/pete/wefwefwef/docs/other/56dfbf727f783a76816f7b6178b6462cf5f3c07d/jhn-branch-master'  2>&1`
 :: Finishing up
$ 5000  `rm -r '/home/pete/wefwefwef/docs/other/56dfbf727f783a76816f7b6178b6462cf5f3c07d/jhn'  2>&1`
