 :: Extracting meta information
$ 5000  `git ls-remote --heads --tags 'https://github.com/chvanikoff/cmd'  2>&1`
>>> [repo] 1 branches, 0 tags
 :: Writing meta to "/home/pete/wefwefwef/docs/other/90068116/meta.txt"
 :: Processing https://github.com/chvanikoff/cmd	{rev,branch,"master","d877704720bbf4a7ebf4646ed5f14e0dde7df469"}
 :: Fetching repo code
$ cd "/home/pete/wefwefwef/docs/other/90068116/cmd-branch-master/cmd"
$ infinity  `curl --fail --silent --show-error --location --output 'master.zip' 'https://github.com/chvanikoff/cmd/archive/master.zip'  2>&1`
$ cd "/home/pete/wefwefwef/docs/erldocs_other.git"
$ cd "/home/pete/wefwefwef/docs/other/90068116/cmd-branch-master/cmd"
$ 5000  `find -P . -type l -delete  2>&1`
$ cd "/home/pete/wefwefwef/docs/erldocs_other.git"
$ cd "/home/pete/wefwefwef/docs/other/90068116/cmd-branch-master/cmd"
$ 5000  `find 'cmd-master' -mindepth 1 -maxdepth 1 -exec mv -t . -- {} +  2>&1`
$ cd "/home/pete/wefwefwef/docs/erldocs_other.git"
 :: Getting dependencies
$ cd "/home/pete/wefwefwef/docs/other/90068116/cmd-branch-master/cmd"
$ 5000  `ls -1 deps/  2>&1`
$ cd "/home/pete/wefwefwef/docs/erldocs_other.git"
>>> [rebar] deps = []
 :: Generating erldocs into /home/pete/wefwefwef/docs/other/90068116/repo/master
Building cmd
Generating Type Specs - "/home/pete/wefwefwef/docs/other/90068116/cmd-branch-master/cmd/src/cmd.erl"
Generating XML for application cmd "/home/pete/wefwefwef/docs/other/90068116/cmd-branch-master/cmd" -> "/home/pete/wefwefwef/docs/other/90068116/repo/master/.xml/cmd"
Generated cmd XMLs: ["/home/pete/wefwefwef/docs/other/90068116/repo/master/.xml/cmd/cmd.xml"]
Generating HTML - cmd "/home/pete/wefwefwef/docs/other/90068116/repo/master/.xml/cmd/cmd.xml"
Reading XML for "/home/pete/wefwefwef/docs/other/90068116/repo/master/.xml/cmd/cmd.xml"
Reading XML for "/home/pete/wefwefwef/docs/other/90068116/repo/master/.xml/specs_cmd.xml"
Creating index.html ...
Creating erldocs_index.js ...
Woot, finished in 0 Minutes 0 Seconds
 :: Discovering other repos
$ 5000  `rm -r '/home/pete/wefwefwef/docs/other/90068116/cmd-branch-master'  2>&1`
 :: Erldocs finishing up
$ 5000  `rm -r '/home/pete/wefwefwef/docs/other/90068116/cmd'  2>&1`
