 :: Extracting meta information
$ 5000  `git ls-remote --heads --tags 'https://github.com/liskin/proper_eunit'  2>&1`
>>> [repo] 1 branches, 0 tags
 :: Writing meta to "/home/pete/wefwefwef/docs/other/2233814671/meta.txt"
 :: Processing https://github.com/liskin/proper_eunit	{rev,branch,"master","09c0059d277750a363506e1a0daf7f9eae80975d",undefined,[],[]}
 :: Fetching repo code
$ cd "/home/pete/wefwefwef/docs/other/2233814671/proper_eunit-branch-master/proper_eunit"
$ infinity  `curl --fail --silent --show-error --location --output 'master.zip' 'https://github.com/liskin/proper_eunit/archive/master.zip'  2>&1`
$ cd "/home/pete/wefwefwef/docs/erldocs_other.git"
$ cd "/home/pete/wefwefwef/docs/other/2233814671/proper_eunit-branch-master/proper_eunit"
$ 5000  `find -P . -type l -delete  2>&1`
$ cd "/home/pete/wefwefwef/docs/erldocs_other.git"
$ cd "/home/pete/wefwefwef/docs/other/2233814671/proper_eunit-branch-master/proper_eunit"
$ 5000  `find 'proper_eunit-master' -mindepth 1 -maxdepth 1 -exec mv -t . -- {} +  2>&1`
$ cd "/home/pete/wefwefwef/docs/erldocs_other.git"
 :: Getting dependencies
$ cd "/home/pete/wefwefwef/docs/other/2233814671/proper_eunit-branch-master/proper_eunit"
$ 5000  `ls -1 deps/  2>&1`
$ cd "/home/pete/wefwefwef/docs/erldocs_other.git"
>>> [rebar] deps = []
 :: Generating erldocs into /home/pete/wefwefwef/docs/other/2233814671/repo/master
Building proper_eunit
Generating Type Specs - "/home/pete/wefwefwef/docs/other/2233814671/proper_eunit-branch-master/proper_eunit/src/pt_proper_eunit.erl"
Generating XML for application proper_eunit "/home/pete/wefwefwef/docs/other/2233814671/proper_eunit-branch-master/proper_eunit" -> "/home/pete/wefwefwef/docs/other/2233814671/repo/master/.xml/proper_eunit"
Generated proper_eunit XMLs: ["/home/pete/wefwefwef/docs/other/2233814671/repo/master/.xml/proper_eunit/pt_proper_eunit.xml"]
Generating HTML - pt_proper_eunit "/home/pete/wefwefwef/docs/other/2233814671/repo/master/.xml/proper_eunit/pt_proper_eunit.xml"
Reading XML for "/home/pete/wefwefwef/docs/other/2233814671/repo/master/.xml/proper_eunit/pt_proper_eunit.xml"
Reading XML for "/home/pete/wefwefwef/docs/other/2233814671/repo/master/.xml/specs_pt_proper_eunit.xml"
Creating index.html ...
Creating erldocs_index.js ...
Woot, finished in 0 Minutes 0 Seconds
 :: Discovering other repos
$ 5000  `rm -r '/home/pete/wefwefwef/docs/other/2233814671/proper_eunit-branch-master'  2>&1`
 :: Finishing up
$ 5000  `rm -r '/home/pete/wefwefwef/docs/other/2233814671/proper_eunit'  2>&1`
