 :: Extracting meta information
$ 5000  `git ls-remote --heads --tags 'https://github.com/blt/grey_code'  2>&1`
>>> [repo] 1 branches, 0 tags
 :: Writing meta to "/home/pete/wefwefwef/docs/other/1020992317/meta.txt"
 :: Processing https://github.com/blt/grey_code	{rev,branch,"master","0cc3584eef39634177e8db1128f8c0214ea37d40",undefined,[],[]}
 :: Fetching repo code
$ cd "/home/pete/wefwefwef/docs/other/1020992317/grey_code-branch-master/grey_code"
$ infinity  `curl --fail --silent --show-error --location --output 'master.zip' 'https://github.com/blt/grey_code/archive/master.zip'  2>&1`
$ cd "/home/pete/wefwefwef/docs/erldocs_other.git"
$ cd "/home/pete/wefwefwef/docs/other/1020992317/grey_code-branch-master/grey_code"
$ 5000  `find -P . -type l -delete  2>&1`
$ cd "/home/pete/wefwefwef/docs/erldocs_other.git"
$ cd "/home/pete/wefwefwef/docs/other/1020992317/grey_code-branch-master/grey_code"
$ 5000  `find 'grey_code-master' -mindepth 1 -maxdepth 1 -exec mv -t . -- {} +  2>&1`
$ cd "/home/pete/wefwefwef/docs/erldocs_other.git"
 :: Getting dependencies
$ cd "/home/pete/wefwefwef/docs/other/1020992317/grey_code-branch-master/grey_code"
$ 5000  `ls -1 deps/  2>&1`
$ cd "/home/pete/wefwefwef/docs/erldocs_other.git"
>>> [rebar] deps = []
 :: Generating erldocs into /home/pete/wefwefwef/docs/other/1020992317/repo/master
Building grey_code
Generating Type Specs - "/home/pete/wefwefwef/docs/other/1020992317/grey_code-branch-master/grey_code/src/grey_code.erl"
Generating XML for application grey_code "/home/pete/wefwefwef/docs/other/1020992317/grey_code-branch-master/grey_code" -> "/home/pete/wefwefwef/docs/other/1020992317/repo/master/.xml/grey_code"
Generated grey_code XMLs: ["/home/pete/wefwefwef/docs/other/1020992317/repo/master/.xml/grey_code/grey_code.xml"]
Generating HTML - grey_code "/home/pete/wefwefwef/docs/other/1020992317/repo/master/.xml/grey_code/grey_code.xml"
Reading XML for "/home/pete/wefwefwef/docs/other/1020992317/repo/master/.xml/grey_code/grey_code.xml"
Reading XML for "/home/pete/wefwefwef/docs/other/1020992317/repo/master/.xml/specs_grey_code.xml"
Creating index.html ...
Creating erldocs_index.js ...
Woot, finished in 0 Minutes 0 Seconds
 :: Discovering other repos
$ 5000  `rm -r '/home/pete/wefwefwef/docs/other/1020992317/grey_code-branch-master'  2>&1`
 :: Finishing up
$ 5000  `rm -r '/home/pete/wefwefwef/docs/other/1020992317/grey_code'  2>&1`
