 :: Extracting meta information
$ cd '.'
$ infinity  `git ls-remote --heads --tags https://github.com/shun159/fou`
>>> [repo] 6 branches, 0 tags
 :: Writing meta to "/home/pete/wefwefwef/docs/other/4ee6bac026ba3f974461bd4e8ed059a31c8ba4e1/meta.txt"
 :: Skipping branch "feature/conntrack"
 :: Skipping branch "feature/get_geneve_table_stats"
 :: Skipping branch "feature/global_notifier"
 :: Skipping branch "feature/netconf"
 :: Skipping branch "master"
 :: Processing https://github.com/shun159/fou	{rev,branch,"develop","998250d4279d04442fd756346485ab6b8fb5aefe",undefined,[],[]}
 :: Fetching repo code
$ cd '/home/pete/wefwefwef/docs/other/4ee6bac026ba3f974461bd4e8ed059a31c8ba4e1/fou-branch-develop'
$ infinity  `curl --fail --silent --show-error --location --output repo.tar.gz https://codeload.github.com/shun159/fou/tar.gz/develop`
 :: Error running eo_core:
	[{eo_scm,fetch,2,[{file,"src/eo_scm.erl"},{line,81}]},
         {eo_core,do,7,[{file,"src/eo_core.erl"},{line,107}]},
         {eo_core,'-main_/1-lc$^0/1-0-',8,
             [{file,"src/eo_core.erl"},{line,85}]},
         {eo_core,main_,1,[{file,"src/eo_core.erl"},{line,85}]},
         {eo_core,main,1,[{file,"src/eo_core.erl"},{line,56}]},
         {eo_core,gen,1,[{file,"src/eo_core.erl"},{line,36}]},
         {gen_escript__escript__1446__722273__168068,seq_gen,4,
             [{file,"./gen.escript"},{line,53}]},
         {escript,run,2,[{file,"escript.erl"},{line,752}]}]
{error,{case_clause,["/home/pete/wefwefwef/docs/other/4ee6bac026ba3f974461bd4e8ed059a31c8ba4e1/fou-branch-develop/fou",
                     "/home/pete/wefwefwef/docs/other/4ee6bac026ba3f974461bd4e8ed059a31c8ba4e1/fou-branch-develop/fou-develop"]}}
 :: Finishing up
$ cd '.'
$ 5000  `rm -r /home/pete/wefwefwef/docs/other/4ee6bac026ba3f974461bd4e8ed059a31c8ba4e1/fou`
