 :: Extracting meta information
$ 5000  `git ls-remote --heads --tags 'https://github.com/pvieytes/klogger'  2>&1`
>>> [repo] 2 branches, 0 tags
 :: Writing meta to "/home/pete/wefwefwef/docs/other/1213994836/meta.txt"
 :: Processing https://github.com/pvieytes/klogger	{rev,branch,"master","25fbff431a273507bcb6ecd2a73c42073ae9cead",undefined,[],[]}
 :: Fetching repo code
$ cd "/home/pete/wefwefwef/docs/other/1213994836/klogger-branch-master/klogger"
$ infinity  `curl --fail --silent --show-error --location --output 'master.zip' 'https://github.com/pvieytes/klogger/archive/master.zip'  2>&1`
$ cd "/home/pete/wefwefwef/docs/erldocs_other.git"
$ cd "/home/pete/wefwefwef/docs/other/1213994836/klogger-branch-master/klogger"
$ 5000  `find -P . -type l -delete  2>&1`
$ cd "/home/pete/wefwefwef/docs/erldocs_other.git"
$ cd "/home/pete/wefwefwef/docs/other/1213994836/klogger-branch-master/klogger"
$ 5000  `find 'klogger-master' -mindepth 1 -maxdepth 1 -exec mv -t . -- {} +  2>&1`
$ cd "/home/pete/wefwefwef/docs/erldocs_other.git"
 :: Getting dependencies
$ cd "/home/pete/wefwefwef/docs/other/1213994836/klogger-branch-master/klogger"
$ 5000  `ls -1 deps/  2>&1`
$ cd "/home/pete/wefwefwef/docs/erldocs_other.git"
>>> [rebar] deps = []
 :: Generating erldocs into /home/pete/wefwefwef/docs/other/1213994836/repo/master
Building klogger
Generating Type Specs - "/home/pete/wefwefwef/docs/other/1213994836/klogger-branch-master/klogger/src/dynamic_compile.erl"
Generating Type Specs - "/home/pete/wefwefwef/docs/other/1213994836/klogger-branch-master/klogger/src/error_logger_klogger_handler.erl"
Generating Type Specs - "/home/pete/wefwefwef/docs/other/1213994836/klogger-branch-master/klogger/src/klogger.erl"
Generating Type Specs - "/home/pete/wefwefwef/docs/other/1213994836/klogger-branch-master/klogger/src/klogger_app.erl"
Generating Type Specs - "/home/pete/wefwefwef/docs/other/1213994836/klogger-branch-master/klogger/src/klogger_handler.erl"
Generating Type Specs - "/home/pete/wefwefwef/docs/other/1213994836/klogger-branch-master/klogger/src/klogger_log.erl"
Generating Type Specs - "/home/pete/wefwefwef/docs/other/1213994836/klogger-branch-master/klogger/src/klogger_msg.erl"
Generating Type Specs - "/home/pete/wefwefwef/docs/other/1213994836/klogger-branch-master/klogger/src/klogger_sup.erl"
Generating XML for application klogger "/home/pete/wefwefwef/docs/other/1213994836/klogger-branch-master/klogger" -> "/home/pete/wefwefwef/docs/other/1213994836/repo/master/.xml/klogger"
/home/pete/wefwefwef/docs/other/1213994836/klogger-branch-master/klogger/src/klogger_handler.erl, function get_error_logger/3: at line 60: unknown error parsing specification: {60,edoc_parser,
                                      ["syntax error before: ",[]]}.
edoc: skipping source file '/home/pete/wefwefwef/docs/other/1213994836/klogger-branch-master/klogger/src/klogger_handler.erl': {'EXIT',
                                                                                                                          error}.
/home/pete/wefwefwef/docs/other/1213994836/klogger-branch-master/klogger/src/klogger_log.erl, function get_code/2: at line 152: @spec arity does not match.
edoc: skipping source file '/home/pete/wefwefwef/docs/other/1213994836/klogger-branch-master/klogger/src/klogger_log.erl': {'EXIT',
                                                                                                                      error}.
edoc: error in doclet 'edoc_doclet': {'EXIT',error}.
Error generating klogger XMLs. Using fallback ...
Generating XML klogger - dynamic_compile "/home/pete/wefwefwef/docs/other/1213994836/klogger-branch-master/klogger/src/dynamic_compile.erl" -> "/home/pete/wefwefwef/docs/other/1213994836/repo/master/.xml/klogger/dynamic_compile.xml"
Generating XML klogger - error_logger_klogger_handler "/home/pete/wefwefwef/docs/other/1213994836/klogger-branch-master/klogger/src/error_logger_klogger_handler.erl" -> "/home/pete/wefwefwef/docs/other/1213994836/repo/master/.xml/klogger/error_logger_klogger_handler.xml"
Generating XML klogger - klogger "/home/pete/wefwefwef/docs/other/1213994836/klogger-branch-master/klogger/src/klogger.erl" -> "/home/pete/wefwefwef/docs/other/1213994836/repo/master/.xml/klogger/klogger.xml"
Generating XML klogger - klogger_app "/home/pete/wefwefwef/docs/other/1213994836/klogger-branch-master/klogger/src/klogger_app.erl" -> "/home/pete/wefwefwef/docs/other/1213994836/repo/master/.xml/klogger/klogger_app.xml"
Generating XML klogger - klogger_handler "/home/pete/wefwefwef/docs/other/1213994836/klogger-branch-master/klogger/src/klogger_handler.erl" -> "/home/pete/wefwefwef/docs/other/1213994836/repo/master/.xml/klogger/klogger_handler.xml"
/home/pete/wefwefwef/docs/other/1213994836/klogger-branch-master/klogger/src/klogger_handler.erl, function get_error_logger/3: at line 60: unknown error parsing specification: {60,edoc_parser,
                                      ["syntax error before: ",[]]}.
Error generating XML ("/home/pete/wefwefwef/docs/other/1213994836/klogger-branch-master/klogger/src/klogger_handler.erl"): {'EXIT',
                                                                                                                            error}
Generating XML klogger - klogger_log "/home/pete/wefwefwef/docs/other/1213994836/klogger-branch-master/klogger/src/klogger_log.erl" -> "/home/pete/wefwefwef/docs/other/1213994836/repo/master/.xml/klogger/klogger_log.xml"
/home/pete/wefwefwef/docs/other/1213994836/klogger-branch-master/klogger/src/klogger_log.erl, function get_code/2: at line 152: @spec arity does not match.
Error generating XML ("/home/pete/wefwefwef/docs/other/1213994836/klogger-branch-master/klogger/src/klogger_log.erl"): {'EXIT',
                                                                                                                        error}
Generating XML klogger - klogger_msg "/home/pete/wefwefwef/docs/other/1213994836/klogger-branch-master/klogger/src/klogger_msg.erl" -> "/home/pete/wefwefwef/docs/other/1213994836/repo/master/.xml/klogger/klogger_msg.xml"
Generating XML klogger - klogger_sup "/home/pete/wefwefwef/docs/other/1213994836/klogger-branch-master/klogger/src/klogger_sup.erl" -> "/home/pete/wefwefwef/docs/other/1213994836/repo/master/.xml/klogger/klogger_sup.xml"
Generating HTML - klogger_sup "/home/pete/wefwefwef/docs/other/1213994836/repo/master/.xml/klogger/klogger_sup.xml"
Generating HTML - klogger_app "/home/pete/wefwefwef/docs/other/1213994836/repo/master/.xml/klogger/klogger_app.xml"
Generating HTML - klogger_msg "/home/pete/wefwefwef/docs/other/1213994836/repo/master/.xml/klogger/klogger_msg.xml"
Generating HTML - dynamic_compile "/home/pete/wefwefwef/docs/other/1213994836/repo/master/.xml/klogger/dynamic_compile.xml"
Reading XML for "/home/pete/wefwefwef/docs/other/1213994836/repo/master/.xml/klogger/klogger_sup.xml"
Reading XML for "/home/pete/wefwefwef/docs/other/1213994836/repo/master/.xml/klogger/klogger_app.xml"
Reading XML for "/home/pete/wefwefwef/docs/other/1213994836/repo/master/.xml/klogger/klogger_msg.xml"
Reading XML for "/home/pete/wefwefwef/docs/other/1213994836/repo/master/.xml/klogger/dynamic_compile.xml"
Reading XML for "/home/pete/wefwefwef/docs/other/1213994836/repo/master/.xml/specs_klogger_sup.xml"
Reading XML for "/home/pete/wefwefwef/docs/other/1213994836/repo/master/.xml/specs_klogger_app.xml"
Reading XML for "/home/pete/wefwefwef/docs/other/1213994836/repo/master/.xml/specs_klogger_msg.xml"
Reading XML for "/home/pete/wefwefwef/docs/other/1213994836/repo/master/.xml/specs_dynamic_compile.xml"
Generating HTML - error_logger_klogger_handler "/home/pete/wefwefwef/docs/other/1213994836/repo/master/.xml/klogger/error_logger_klogger_handler.xml"
Reading XML for "/home/pete/wefwefwef/docs/other/1213994836/repo/master/.xml/klogger/error_logger_klogger_handler.xml"
Reading XML for "/home/pete/wefwefwef/docs/other/1213994836/repo/master/.xml/specs_error_logger_klogger_handler.xml"
Generating HTML - klogger "/home/pete/wefwefwef/docs/other/1213994836/repo/master/.xml/klogger/klogger.xml"
Reading XML for "/home/pete/wefwefwef/docs/other/1213994836/repo/master/.xml/klogger/klogger.xml"
Reading XML for "/home/pete/wefwefwef/docs/other/1213994836/repo/master/.xml/specs_klogger.xml"
Creating index.html ...
Creating erldocs_index.js ...
Woot, finished in 0 Minutes 1 Seconds
 :: Discovering other repos
$ 5000  `rm -r '/home/pete/wefwefwef/docs/other/1213994836/klogger-branch-master'  2>&1`
 :: Processing https://github.com/pvieytes/klogger	{rev,branch,"next","8bc7a5c5af7239eb4160f68146fdbb0c393511ca",undefined,[],[]}
 :: Fetching repo code
$ cd "/home/pete/wefwefwef/docs/other/1213994836/klogger-branch-next/klogger"
$ infinity  `curl --fail --silent --show-error --location --output 'next.zip' 'https://github.com/pvieytes/klogger/archive/next.zip'  2>&1`
$ cd "/home/pete/wefwefwef/docs/erldocs_other.git"
$ cd "/home/pete/wefwefwef/docs/other/1213994836/klogger-branch-next/klogger"
$ 5000  `find -P . -type l -delete  2>&1`
$ cd "/home/pete/wefwefwef/docs/erldocs_other.git"
$ cd "/home/pete/wefwefwef/docs/other/1213994836/klogger-branch-next/klogger"
$ 5000  `find 'klogger-next' -mindepth 1 -maxdepth 1 -exec mv -t . -- {} +  2>&1`
$ cd "/home/pete/wefwefwef/docs/erldocs_other.git"
 :: Getting dependencies
$ cd "/home/pete/wefwefwef/docs/other/1213994836/klogger-branch-next/klogger"
$ 5000  `ls -1 deps/  2>&1`
$ cd "/home/pete/wefwefwef/docs/erldocs_other.git"
>>> [rebar] deps = []
 :: Generating erldocs into /home/pete/wefwefwef/docs/other/1213994836/repo/next
Building klogger
Generating Type Specs - "/home/pete/wefwefwef/docs/other/1213994836/klogger-branch-next/klogger/src/dynamic_compile.erl"
Generating Type Specs - "/home/pete/wefwefwef/docs/other/1213994836/klogger-branch-next/klogger/src/error_logger_klogger_handler.erl"
Generating Type Specs - "/home/pete/wefwefwef/docs/other/1213994836/klogger-branch-next/klogger/src/klogger.erl"
Generating Type Specs - "/home/pete/wefwefwef/docs/other/1213994836/klogger-branch-next/klogger/src/klogger_app.erl"
Generating Type Specs - "/home/pete/wefwefwef/docs/other/1213994836/klogger-branch-next/klogger/src/klogger_handler.erl"
Generating Type Specs - "/home/pete/wefwefwef/docs/other/1213994836/klogger-branch-next/klogger/src/klogger_log.erl"
Generating Type Specs - "/home/pete/wefwefwef/docs/other/1213994836/klogger-branch-next/klogger/src/klogger_msg.erl"
Generating Type Specs - "/home/pete/wefwefwef/docs/other/1213994836/klogger-branch-next/klogger/src/klogger_sup.erl"
Generating XML for application klogger "/home/pete/wefwefwef/docs/other/1213994836/klogger-branch-next/klogger" -> "/home/pete/wefwefwef/docs/other/1213994836/repo/next/.xml/klogger"
/home/pete/wefwefwef/docs/other/1213994836/klogger-branch-next/klogger/src/klogger_handler.erl, function get_error_logger/3: at line 60: unknown error parsing specification: {60,edoc_parser,
                                      ["syntax error before: ",[]]}.
edoc: skipping source file '/home/pete/wefwefwef/docs/other/1213994836/klogger-branch-next/klogger/src/klogger_handler.erl': {'EXIT',
                                                                                                                        error}.
/home/pete/wefwefwef/docs/other/1213994836/klogger-branch-next/klogger/src/klogger_log.erl, function get_code/2: at line 152: @spec arity does not match.
edoc: skipping source file '/home/pete/wefwefwef/docs/other/1213994836/klogger-branch-next/klogger/src/klogger_log.erl': {'EXIT',
                                                                                                                    error}.
edoc: error in doclet 'edoc_doclet': {'EXIT',error}.
Error generating klogger XMLs. Using fallback ...
Generating XML klogger - dynamic_compile "/home/pete/wefwefwef/docs/other/1213994836/klogger-branch-next/klogger/src/dynamic_compile.erl" -> "/home/pete/wefwefwef/docs/other/1213994836/repo/next/.xml/klogger/dynamic_compile.xml"
Generating XML klogger - error_logger_klogger_handler "/home/pete/wefwefwef/docs/other/1213994836/klogger-branch-next/klogger/src/error_logger_klogger_handler.erl" -> "/home/pete/wefwefwef/docs/other/1213994836/repo/next/.xml/klogger/error_logger_klogger_handler.xml"
Generating XML klogger - klogger "/home/pete/wefwefwef/docs/other/1213994836/klogger-branch-next/klogger/src/klogger.erl" -> "/home/pete/wefwefwef/docs/other/1213994836/repo/next/.xml/klogger/klogger.xml"
Generating XML klogger - klogger_app "/home/pete/wefwefwef/docs/other/1213994836/klogger-branch-next/klogger/src/klogger_app.erl" -> "/home/pete/wefwefwef/docs/other/1213994836/repo/next/.xml/klogger/klogger_app.xml"
Generating XML klogger - klogger_handler "/home/pete/wefwefwef/docs/other/1213994836/klogger-branch-next/klogger/src/klogger_handler.erl" -> "/home/pete/wefwefwef/docs/other/1213994836/repo/next/.xml/klogger/klogger_handler.xml"
/home/pete/wefwefwef/docs/other/1213994836/klogger-branch-next/klogger/src/klogger_handler.erl, function get_error_logger/3: at line 60: unknown error parsing specification: {60,edoc_parser,
                                      ["syntax error before: ",[]]}.
Error generating XML ("/home/pete/wefwefwef/docs/other/1213994836/klogger-branch-next/klogger/src/klogger_handler.erl"): {'EXIT',
                                                                                                                          error}
Generating XML klogger - klogger_log "/home/pete/wefwefwef/docs/other/1213994836/klogger-branch-next/klogger/src/klogger_log.erl" -> "/home/pete/wefwefwef/docs/other/1213994836/repo/next/.xml/klogger/klogger_log.xml"
/home/pete/wefwefwef/docs/other/1213994836/klogger-branch-next/klogger/src/klogger_log.erl, function get_code/2: at line 152: @spec arity does not match.
Error generating XML ("/home/pete/wefwefwef/docs/other/1213994836/klogger-branch-next/klogger/src/klogger_log.erl"): {'EXIT',
                                                                                                                      error}
Generating XML klogger - klogger_msg "/home/pete/wefwefwef/docs/other/1213994836/klogger-branch-next/klogger/src/klogger_msg.erl" -> "/home/pete/wefwefwef/docs/other/1213994836/repo/next/.xml/klogger/klogger_msg.xml"
Generating XML klogger - klogger_sup "/home/pete/wefwefwef/docs/other/1213994836/klogger-branch-next/klogger/src/klogger_sup.erl" -> "/home/pete/wefwefwef/docs/other/1213994836/repo/next/.xml/klogger/klogger_sup.xml"
Generating HTML - klogger_app "/home/pete/wefwefwef/docs/other/1213994836/repo/next/.xml/klogger/klogger_app.xml"
Generating HTML - klogger_sup "/home/pete/wefwefwef/docs/other/1213994836/repo/next/.xml/klogger/klogger_sup.xml"
Generating HTML - dynamic_compile "/home/pete/wefwefwef/docs/other/1213994836/repo/next/.xml/klogger/dynamic_compile.xml"
Generating HTML - klogger_msg "/home/pete/wefwefwef/docs/other/1213994836/repo/next/.xml/klogger/klogger_msg.xml"
Reading XML for "/home/pete/wefwefwef/docs/other/1213994836/repo/next/.xml/klogger/klogger_app.xml"
Reading XML for "/home/pete/wefwefwef/docs/other/1213994836/repo/next/.xml/klogger/klogger_sup.xml"
Reading XML for "/home/pete/wefwefwef/docs/other/1213994836/repo/next/.xml/klogger/dynamic_compile.xml"
Reading XML for "/home/pete/wefwefwef/docs/other/1213994836/repo/next/.xml/klogger/klogger_msg.xml"
Reading XML for "/home/pete/wefwefwef/docs/other/1213994836/repo/next/.xml/specs_klogger_app.xml"
Reading XML for "/home/pete/wefwefwef/docs/other/1213994836/repo/next/.xml/specs_klogger_msg.xml"
Reading XML for "/home/pete/wefwefwef/docs/other/1213994836/repo/next/.xml/specs_klogger_sup.xml"
Reading XML for "/home/pete/wefwefwef/docs/other/1213994836/repo/next/.xml/specs_dynamic_compile.xml"
Generating HTML - error_logger_klogger_handler "/home/pete/wefwefwef/docs/other/1213994836/repo/next/.xml/klogger/error_logger_klogger_handler.xml"
Reading XML for "/home/pete/wefwefwef/docs/other/1213994836/repo/next/.xml/klogger/error_logger_klogger_handler.xml"
Reading XML for "/home/pete/wefwefwef/docs/other/1213994836/repo/next/.xml/specs_error_logger_klogger_handler.xml"
Generating HTML - klogger "/home/pete/wefwefwef/docs/other/1213994836/repo/next/.xml/klogger/klogger.xml"
Reading XML for "/home/pete/wefwefwef/docs/other/1213994836/repo/next/.xml/klogger/klogger.xml"
Reading XML for "/home/pete/wefwefwef/docs/other/1213994836/repo/next/.xml/specs_klogger.xml"
Creating index.html ...
Creating erldocs_index.js ...
Woot, finished in 0 Minutes 1 Seconds
 :: Discovering other repos
$ 5000  `rm -r '/home/pete/wefwefwef/docs/other/1213994836/klogger-branch-next'  2>&1`
 :: Finishing up
$ 5000  `rm -r '/home/pete/wefwefwef/docs/other/1213994836/klogger'  2>&1`
