 :: Extracting meta information
$ 5000  `git ls-remote --heads --tags 'https://github.com/basho/riak_sysmon'  2>&1`
>>> [repo] 4 branches, 10 tags
 :: Writing meta to "/home/pete/wefwefwef/docs/other/8918915413/meta.txt"
 :: Processing https://github.com/basho/riak_sysmon	{rev,tag,"1.0","64ea0cd3aac08eafd6394b52be8f833dde248689",undefined,[],[]}
 :: Fetching repo code
$ cd "/home/pete/wefwefwef/docs/other/8918915413/riak_sysmon-tag-1.0/riak_sysmon"
$ infinity  `curl --fail --silent --show-error --location --output '1.0.zip' 'https://github.com/basho/riak_sysmon/archive/1.0.zip'  2>&1`
$ cd "/home/pete/wefwefwef/docs/erldocs_other.git"
$ cd "/home/pete/wefwefwef/docs/other/8918915413/riak_sysmon-tag-1.0/riak_sysmon"
$ 5000  `find -P . -type l -delete  2>&1`
$ cd "/home/pete/wefwefwef/docs/erldocs_other.git"
$ cd "/home/pete/wefwefwef/docs/other/8918915413/riak_sysmon-tag-1.0/riak_sysmon"
$ 5000  `find 'riak_sysmon-1.0' -mindepth 1 -maxdepth 1 -exec mv -t . -- {} +  2>&1`
$ cd "/home/pete/wefwefwef/docs/erldocs_other.git"
 :: Getting dependencies
$ cd "/home/pete/wefwefwef/docs/other/8918915413/riak_sysmon-tag-1.0/riak_sysmon"
$ 5000  `ls -1 deps/  2>&1`
$ cd "/home/pete/wefwefwef/docs/erldocs_other.git"
>>> [rebar] deps = []
 :: Generating erldocs into /home/pete/wefwefwef/docs/other/8918915413/repo/1.0
Building riak_sysmon
Generating Type Specs - "/home/pete/wefwefwef/docs/other/8918915413/riak_sysmon-tag-1.0/riak_sysmon/src/riak_sysmon_app.erl"
Generating Type Specs - "/home/pete/wefwefwef/docs/other/8918915413/riak_sysmon-tag-1.0/riak_sysmon/src/riak_sysmon_example_handler.erl"
Generating Type Specs - "/home/pete/wefwefwef/docs/other/8918915413/riak_sysmon-tag-1.0/riak_sysmon/src/riak_sysmon_filter.erl"
Generating Type Specs - "/home/pete/wefwefwef/docs/other/8918915413/riak_sysmon-tag-1.0/riak_sysmon/src/riak_sysmon_sup.erl"
Generating Type Specs - "/home/pete/wefwefwef/docs/other/8918915413/riak_sysmon-tag-1.0/riak_sysmon/src/riak_sysmon_testhandler.erl"
Generating XML for application riak_sysmon "/home/pete/wefwefwef/docs/other/8918915413/riak_sysmon-tag-1.0/riak_sysmon" -> "/home/pete/wefwefwef/docs/other/8918915413/repo/1.0/.xml/riak_sysmon"
/home/pete/wefwefwef/docs/other/8918915413/riak_sysmon-tag-1.0/riak_sysmon/src/riak_sysmon_testhandler.erl, in module footer: at line 41: tag @doc not allowed here.
/home/pete/wefwefwef/docs/other/8918915413/riak_sysmon-tag-1.0/riak_sysmon/src/riak_sysmon_testhandler.erl, in module footer: at line 44: tag @spec not allowed here.
/home/pete/wefwefwef/docs/other/8918915413/riak_sysmon-tag-1.0/riak_sysmon/src/riak_sysmon_testhandler.erl, in module footer: at line 51: multiple @doc tag.
/home/pete/wefwefwef/docs/other/8918915413/riak_sysmon-tag-1.0/riak_sysmon/src/riak_sysmon_testhandler.erl, in module footer: at line 54: multiple @spec tag.
/home/pete/wefwefwef/docs/other/8918915413/riak_sysmon-tag-1.0/riak_sysmon/src/riak_sysmon_testhandler.erl, in module footer: at line 68: tag @private not allowed here.
/home/pete/wefwefwef/docs/other/8918915413/riak_sysmon-tag-1.0/riak_sysmon/src/riak_sysmon_testhandler.erl, in module footer: at line 69: multiple @doc tag.
/home/pete/wefwefwef/docs/other/8918915413/riak_sysmon-tag-1.0/riak_sysmon/src/riak_sysmon_testhandler.erl, in module footer: at line 73: multiple @spec tag.
/home/pete/wefwefwef/docs/other/8918915413/riak_sysmon-tag-1.0/riak_sysmon/src/riak_sysmon_testhandler.erl, in module footer: at line 80: multiple @private tag.
/home/pete/wefwefwef/docs/other/8918915413/riak_sysmon-tag-1.0/riak_sysmon/src/riak_sysmon_testhandler.erl, in module footer: at line 81: multiple @doc tag.
/home/pete/wefwefwef/docs/other/8918915413/riak_sysmon-tag-1.0/riak_sysmon/src/riak_sysmon_testhandler.erl, in module footer: at line 86: multiple @spec tag.
/home/pete/wefwefwef/docs/other/8918915413/riak_sysmon-tag-1.0/riak_sysmon/src/riak_sysmon_testhandler.erl, in module footer: at line 96: multiple @private tag.
/home/pete/wefwefwef/docs/other/8918915413/riak_sysmon-tag-1.0/riak_sysmon/src/riak_sysmon_testhandler.erl, in module footer: at line 97: multiple @doc tag.
/home/pete/wefwefwef/docs/other/8918915413/riak_sysmon-tag-1.0/riak_sysmon/src/riak_sysmon_testhandler.erl, in module footer: at line 102: multiple @spec tag.
/home/pete/wefwefwef/docs/other/8918915413/riak_sysmon-tag-1.0/riak_sysmon/src/riak_sysmon_testhandler.erl, in module footer: at line 115: multiple @private tag.
/home/pete/wefwefwef/docs/other/8918915413/riak_sysmon-tag-1.0/riak_sysmon/src/riak_sysmon_testhandler.erl, in module footer: at line 116: multiple @doc tag.
/home/pete/wefwefwef/docs/other/8918915413/riak_sysmon-tag-1.0/riak_sysmon/src/riak_sysmon_testhandler.erl, in module footer: at line 121: multiple @spec tag.
/home/pete/wefwefwef/docs/other/8918915413/riak_sysmon-tag-1.0/riak_sysmon/src/riak_sysmon_testhandler.erl, in module footer: at line 131: multiple @private tag.
/home/pete/wefwefwef/docs/other/8918915413/riak_sysmon-tag-1.0/riak_sysmon/src/riak_sysmon_testhandler.erl, in module footer: at line 132: multiple @doc tag.
/home/pete/wefwefwef/docs/other/8918915413/riak_sysmon-tag-1.0/riak_sysmon/src/riak_sysmon_testhandler.erl, in module footer: at line 137: multiple @spec tag.
/home/pete/wefwefwef/docs/other/8918915413/riak_sysmon-tag-1.0/riak_sysmon/src/riak_sysmon_testhandler.erl, in module footer: at line 144: multiple @private tag.
/home/pete/wefwefwef/docs/other/8918915413/riak_sysmon-tag-1.0/riak_sysmon/src/riak_sysmon_testhandler.erl, in module footer: at line 145: multiple @doc tag.
/home/pete/wefwefwef/docs/other/8918915413/riak_sysmon-tag-1.0/riak_sysmon/src/riak_sysmon_testhandler.erl, in module footer: at line 148: multiple @spec tag.
edoc: skipping source file '/home/pete/wefwefwef/docs/other/8918915413/riak_sysmon-tag-1.0/riak_sysmon/src/riak_sysmon_testhandler.erl': {'EXIT',
                                                                                                                                    error}.
edoc: error in doclet 'edoc_doclet': {'EXIT',error}.
Error generating riak_sysmon XMLs. Using fallback ...
Generating XML riak_sysmon - riak_sysmon_app "/home/pete/wefwefwef/docs/other/8918915413/riak_sysmon-tag-1.0/riak_sysmon/src/riak_sysmon_app.erl" -> "/home/pete/wefwefwef/docs/other/8918915413/repo/1.0/.xml/riak_sysmon/riak_sysmon_app.xml"
Generating XML riak_sysmon - riak_sysmon_example_handler "/home/pete/wefwefwef/docs/other/8918915413/riak_sysmon-tag-1.0/riak_sysmon/src/riak_sysmon_example_handler.erl" -> "/home/pete/wefwefwef/docs/other/8918915413/repo/1.0/.xml/riak_sysmon/riak_sysmon_example_handler.xml"
Generating XML riak_sysmon - riak_sysmon_filter "/home/pete/wefwefwef/docs/other/8918915413/riak_sysmon-tag-1.0/riak_sysmon/src/riak_sysmon_filter.erl" -> "/home/pete/wefwefwef/docs/other/8918915413/repo/1.0/.xml/riak_sysmon/riak_sysmon_filter.xml"
Generating XML riak_sysmon - riak_sysmon_sup "/home/pete/wefwefwef/docs/other/8918915413/riak_sysmon-tag-1.0/riak_sysmon/src/riak_sysmon_sup.erl" -> "/home/pete/wefwefwef/docs/other/8918915413/repo/1.0/.xml/riak_sysmon/riak_sysmon_sup.xml"
Generating XML riak_sysmon - riak_sysmon_testhandler "/home/pete/wefwefwef/docs/other/8918915413/riak_sysmon-tag-1.0/riak_sysmon/src/riak_sysmon_testhandler.erl" -> "/home/pete/wefwefwef/docs/other/8918915413/repo/1.0/.xml/riak_sysmon/riak_sysmon_testhandler.xml"
/home/pete/wefwefwef/docs/other/8918915413/riak_sysmon-tag-1.0/riak_sysmon/src/riak_sysmon_testhandler.erl, in module footer: at line 41: tag @doc not allowed here.
/home/pete/wefwefwef/docs/other/8918915413/riak_sysmon-tag-1.0/riak_sysmon/src/riak_sysmon_testhandler.erl, in module footer: at line 44: tag @spec not allowed here.
/home/pete/wefwefwef/docs/other/8918915413/riak_sysmon-tag-1.0/riak_sysmon/src/riak_sysmon_testhandler.erl, in module footer: at line 51: multiple @doc tag.
/home/pete/wefwefwef/docs/other/8918915413/riak_sysmon-tag-1.0/riak_sysmon/src/riak_sysmon_testhandler.erl, in module footer: at line 54: multiple @spec tag.
/home/pete/wefwefwef/docs/other/8918915413/riak_sysmon-tag-1.0/riak_sysmon/src/riak_sysmon_testhandler.erl, in module footer: at line 68: tag @private not allowed here.
/home/pete/wefwefwef/docs/other/8918915413/riak_sysmon-tag-1.0/riak_sysmon/src/riak_sysmon_testhandler.erl, in module footer: at line 69: multiple @doc tag.
/home/pete/wefwefwef/docs/other/8918915413/riak_sysmon-tag-1.0/riak_sysmon/src/riak_sysmon_testhandler.erl, in module footer: at line 73: multiple @spec tag.
/home/pete/wefwefwef/docs/other/8918915413/riak_sysmon-tag-1.0/riak_sysmon/src/riak_sysmon_testhandler.erl, in module footer: at line 80: multiple @private tag.
/home/pete/wefwefwef/docs/other/8918915413/riak_sysmon-tag-1.0/riak_sysmon/src/riak_sysmon_testhandler.erl, in module footer: at line 81: multiple @doc tag.
/home/pete/wefwefwef/docs/other/8918915413/riak_sysmon-tag-1.0/riak_sysmon/src/riak_sysmon_testhandler.erl, in module footer: at line 86: multiple @spec tag.
/home/pete/wefwefwef/docs/other/8918915413/riak_sysmon-tag-1.0/riak_sysmon/src/riak_sysmon_testhandler.erl, in module footer: at line 96: multiple @private tag.
/home/pete/wefwefwef/docs/other/8918915413/riak_sysmon-tag-1.0/riak_sysmon/src/riak_sysmon_testhandler.erl, in module footer: at line 97: multiple @doc tag.
/home/pete/wefwefwef/docs/other/8918915413/riak_sysmon-tag-1.0/riak_sysmon/src/riak_sysmon_testhandler.erl, in module footer: at line 102: multiple @spec tag.
/home/pete/wefwefwef/docs/other/8918915413/riak_sysmon-tag-1.0/riak_sysmon/src/riak_sysmon_testhandler.erl, in module footer: at line 115: multiple @private tag.
/home/pete/wefwefwef/docs/other/8918915413/riak_sysmon-tag-1.0/riak_sysmon/src/riak_sysmon_testhandler.erl, in module footer: at line 116: multiple @doc tag.
/home/pete/wefwefwef/docs/other/8918915413/riak_sysmon-tag-1.0/riak_sysmon/src/riak_sysmon_testhandler.erl, in module footer: at line 121: multiple @spec tag.
/home/pete/wefwefwef/docs/other/8918915413/riak_sysmon-tag-1.0/riak_sysmon/src/riak_sysmon_testhandler.erl, in module footer: at line 131: multiple @private tag.
/home/pete/wefwefwef/docs/other/8918915413/riak_sysmon-tag-1.0/riak_sysmon/src/riak_sysmon_testhandler.erl, in module footer: at line 132: multiple @doc tag.
/home/pete/wefwefwef/docs/other/8918915413/riak_sysmon-tag-1.0/riak_sysmon/src/riak_sysmon_testhandler.erl, in module footer: at line 137: multiple @spec tag.
/home/pete/wefwefwef/docs/other/8918915413/riak_sysmon-tag-1.0/riak_sysmon/src/riak_sysmon_testhandler.erl, in module footer: at line 144: multiple @private tag.
/home/pete/wefwefwef/docs/other/8918915413/riak_sysmon-tag-1.0/riak_sysmon/src/riak_sysmon_testhandler.erl, in module footer: at line 145: multiple @doc tag.
/home/pete/wefwefwef/docs/other/8918915413/riak_sysmon-tag-1.0/riak_sysmon/src/riak_sysmon_testhandler.erl, in module footer: at line 148: multiple @spec tag.
Error generating XML ("/home/pete/wefwefwef/docs/other/8918915413/riak_sysmon-tag-1.0/riak_sysmon/src/riak_sysmon_testhandler.erl"): {'EXIT',
                                                                                                                                      error}
Generating HTML - riak_sysmon_sup "/home/pete/wefwefwef/docs/other/8918915413/repo/1.0/.xml/riak_sysmon/riak_sysmon_sup.xml"
Generating HTML - riak_sysmon_filter "/home/pete/wefwefwef/docs/other/8918915413/repo/1.0/.xml/riak_sysmon/riak_sysmon_filter.xml"
Generating HTML - riak_sysmon_example_handler "/home/pete/wefwefwef/docs/other/8918915413/repo/1.0/.xml/riak_sysmon/riak_sysmon_example_handler.xml"
Generating HTML - riak_sysmon_app "/home/pete/wefwefwef/docs/other/8918915413/repo/1.0/.xml/riak_sysmon/riak_sysmon_app.xml"
Reading XML for "/home/pete/wefwefwef/docs/other/8918915413/repo/1.0/.xml/riak_sysmon/riak_sysmon_sup.xml"
Reading XML for "/home/pete/wefwefwef/docs/other/8918915413/repo/1.0/.xml/riak_sysmon/riak_sysmon_filter.xml"
Reading XML for "/home/pete/wefwefwef/docs/other/8918915413/repo/1.0/.xml/riak_sysmon/riak_sysmon_example_handler.xml"
Reading XML for "/home/pete/wefwefwef/docs/other/8918915413/repo/1.0/.xml/riak_sysmon/riak_sysmon_app.xml"
Reading XML for "/home/pete/wefwefwef/docs/other/8918915413/repo/1.0/.xml/specs_riak_sysmon_sup.xml"
Reading XML for "/home/pete/wefwefwef/docs/other/8918915413/repo/1.0/.xml/specs_riak_sysmon_example_handler.xml"
Reading XML for "/home/pete/wefwefwef/docs/other/8918915413/repo/1.0/.xml/specs_riak_sysmon_filter.xml"
Reading XML for "/home/pete/wefwefwef/docs/other/8918915413/repo/1.0/.xml/specs_riak_sysmon_app.xml"
Creating index.html ...
Creating erldocs_index.js ...
Woot, finished in 0 Minutes 0 Seconds
 :: Discovering other repos
$ 5000  `rm -r '/home/pete/wefwefwef/docs/other/8918915413/riak_sysmon-tag-1.0'  2>&1`
 :: Processing https://github.com/basho/riak_sysmon	{rev,tag,"1.0.0","64ea0cd3aac08eafd6394b52be8f833dde248689",undefined,[],[]}
 :: Fetching repo code
$ cd "/home/pete/wefwefwef/docs/other/8918915413/riak_sysmon-tag-1.0.0/riak_sysmon"
$ infinity  `curl --fail --silent --show-error --location --output '1.0.0.zip' 'https://github.com/basho/riak_sysmon/archive/1.0.0.zip'  2>&1`
$ cd "/home/pete/wefwefwef/docs/erldocs_other.git"
$ cd "/home/pete/wefwefwef/docs/other/8918915413/riak_sysmon-tag-1.0.0/riak_sysmon"
$ 5000  `find -P . -type l -delete  2>&1`
$ cd "/home/pete/wefwefwef/docs/erldocs_other.git"
$ cd "/home/pete/wefwefwef/docs/other/8918915413/riak_sysmon-tag-1.0.0/riak_sysmon"
$ 5000  `find 'riak_sysmon-1.0.0' -mindepth 1 -maxdepth 1 -exec mv -t . -- {} +  2>&1`
$ cd "/home/pete/wefwefwef/docs/erldocs_other.git"
 :: Getting dependencies
$ cd "/home/pete/wefwefwef/docs/other/8918915413/riak_sysmon-tag-1.0.0/riak_sysmon"
$ 5000  `ls -1 deps/  2>&1`
$ cd "/home/pete/wefwefwef/docs/erldocs_other.git"
>>> [rebar] deps = []
 :: Generating erldocs into /home/pete/wefwefwef/docs/other/8918915413/repo/1.0.0
Building riak_sysmon
Generating Type Specs - "/home/pete/wefwefwef/docs/other/8918915413/riak_sysmon-tag-1.0.0/riak_sysmon/src/riak_sysmon_app.erl"
Generating Type Specs - "/home/pete/wefwefwef/docs/other/8918915413/riak_sysmon-tag-1.0.0/riak_sysmon/src/riak_sysmon_example_handler.erl"
Generating Type Specs - "/home/pete/wefwefwef/docs/other/8918915413/riak_sysmon-tag-1.0.0/riak_sysmon/src/riak_sysmon_filter.erl"
Generating Type Specs - "/home/pete/wefwefwef/docs/other/8918915413/riak_sysmon-tag-1.0.0/riak_sysmon/src/riak_sysmon_sup.erl"
Generating Type Specs - "/home/pete/wefwefwef/docs/other/8918915413/riak_sysmon-tag-1.0.0/riak_sysmon/src/riak_sysmon_testhandler.erl"
Generating XML for application riak_sysmon "/home/pete/wefwefwef/docs/other/8918915413/riak_sysmon-tag-1.0.0/riak_sysmon" -> "/home/pete/wefwefwef/docs/other/8918915413/repo/1.0.0/.xml/riak_sysmon"
/home/pete/wefwefwef/docs/other/8918915413/riak_sysmon-tag-1.0.0/riak_sysmon/src/riak_sysmon_testhandler.erl, in module footer: at line 41: tag @doc not allowed here.
/home/pete/wefwefwef/docs/other/8918915413/riak_sysmon-tag-1.0.0/riak_sysmon/src/riak_sysmon_testhandler.erl, in module footer: at line 44: tag @spec not allowed here.
/home/pete/wefwefwef/docs/other/8918915413/riak_sysmon-tag-1.0.0/riak_sysmon/src/riak_sysmon_testhandler.erl, in module footer: at line 51: multiple @doc tag.
/home/pete/wefwefwef/docs/other/8918915413/riak_sysmon-tag-1.0.0/riak_sysmon/src/riak_sysmon_testhandler.erl, in module footer: at line 54: multiple @spec tag.
/home/pete/wefwefwef/docs/other/8918915413/riak_sysmon-tag-1.0.0/riak_sysmon/src/riak_sysmon_testhandler.erl, in module footer: at line 68: tag @private not allowed here.
/home/pete/wefwefwef/docs/other/8918915413/riak_sysmon-tag-1.0.0/riak_sysmon/src/riak_sysmon_testhandler.erl, in module footer: at line 69: multiple @doc tag.
/home/pete/wefwefwef/docs/other/8918915413/riak_sysmon-tag-1.0.0/riak_sysmon/src/riak_sysmon_testhandler.erl, in module footer: at line 73: multiple @spec tag.
/home/pete/wefwefwef/docs/other/8918915413/riak_sysmon-tag-1.0.0/riak_sysmon/src/riak_sysmon_testhandler.erl, in module footer: at line 80: multiple @private tag.
/home/pete/wefwefwef/docs/other/8918915413/riak_sysmon-tag-1.0.0/riak_sysmon/src/riak_sysmon_testhandler.erl, in module footer: at line 81: multiple @doc tag.
/home/pete/wefwefwef/docs/other/8918915413/riak_sysmon-tag-1.0.0/riak_sysmon/src/riak_sysmon_testhandler.erl, in module footer: at line 86: multiple @spec tag.
/home/pete/wefwefwef/docs/other/8918915413/riak_sysmon-tag-1.0.0/riak_sysmon/src/riak_sysmon_testhandler.erl, in module footer: at line 96: multiple @private tag.
/home/pete/wefwefwef/docs/other/8918915413/riak_sysmon-tag-1.0.0/riak_sysmon/src/riak_sysmon_testhandler.erl, in module footer: at line 97: multiple @doc tag.
/home/pete/wefwefwef/docs/other/8918915413/riak_sysmon-tag-1.0.0/riak_sysmon/src/riak_sysmon_testhandler.erl, in module footer: at line 102: multiple @spec tag.
/home/pete/wefwefwef/docs/other/8918915413/riak_sysmon-tag-1.0.0/riak_sysmon/src/riak_sysmon_testhandler.erl, in module footer: at line 115: multiple @private tag.
/home/pete/wefwefwef/docs/other/8918915413/riak_sysmon-tag-1.0.0/riak_sysmon/src/riak_sysmon_testhandler.erl, in module footer: at line 116: multiple @doc tag.
/home/pete/wefwefwef/docs/other/8918915413/riak_sysmon-tag-1.0.0/riak_sysmon/src/riak_sysmon_testhandler.erl, in module footer: at line 121: multiple @spec tag.
/home/pete/wefwefwef/docs/other/8918915413/riak_sysmon-tag-1.0.0/riak_sysmon/src/riak_sysmon_testhandler.erl, in module footer: at line 131: multiple @private tag.
/home/pete/wefwefwef/docs/other/8918915413/riak_sysmon-tag-1.0.0/riak_sysmon/src/riak_sysmon_testhandler.erl, in module footer: at line 132: multiple @doc tag.
/home/pete/wefwefwef/docs/other/8918915413/riak_sysmon-tag-1.0.0/riak_sysmon/src/riak_sysmon_testhandler.erl, in module footer: at line 137: multiple @spec tag.
/home/pete/wefwefwef/docs/other/8918915413/riak_sysmon-tag-1.0.0/riak_sysmon/src/riak_sysmon_testhandler.erl, in module footer: at line 144: multiple @private tag.
/home/pete/wefwefwef/docs/other/8918915413/riak_sysmon-tag-1.0.0/riak_sysmon/src/riak_sysmon_testhandler.erl, in module footer: at line 145: multiple @doc tag.
/home/pete/wefwefwef/docs/other/8918915413/riak_sysmon-tag-1.0.0/riak_sysmon/src/riak_sysmon_testhandler.erl, in module footer: at line 148: multiple @spec tag.
edoc: skipping source file '/home/pete/wefwefwef/docs/other/8918915413/riak_sysmon-tag-1.0.0/riak_sysmon/src/riak_sysmon_testhandler.erl': {'EXIT',
                                                                                                                                      error}.
edoc: error in doclet 'edoc_doclet': {'EXIT',error}.
Error generating riak_sysmon XMLs. Using fallback ...
Generating XML riak_sysmon - riak_sysmon_app "/home/pete/wefwefwef/docs/other/8918915413/riak_sysmon-tag-1.0.0/riak_sysmon/src/riak_sysmon_app.erl" -> "/home/pete/wefwefwef/docs/other/8918915413/repo/1.0.0/.xml/riak_sysmon/riak_sysmon_app.xml"
Generating XML riak_sysmon - riak_sysmon_example_handler "/home/pete/wefwefwef/docs/other/8918915413/riak_sysmon-tag-1.0.0/riak_sysmon/src/riak_sysmon_example_handler.erl" -> "/home/pete/wefwefwef/docs/other/8918915413/repo/1.0.0/.xml/riak_sysmon/riak_sysmon_example_handler.xml"
Generating XML riak_sysmon - riak_sysmon_filter "/home/pete/wefwefwef/docs/other/8918915413/riak_sysmon-tag-1.0.0/riak_sysmon/src/riak_sysmon_filter.erl" -> "/home/pete/wefwefwef/docs/other/8918915413/repo/1.0.0/.xml/riak_sysmon/riak_sysmon_filter.xml"
Generating XML riak_sysmon - riak_sysmon_sup "/home/pete/wefwefwef/docs/other/8918915413/riak_sysmon-tag-1.0.0/riak_sysmon/src/riak_sysmon_sup.erl" -> "/home/pete/wefwefwef/docs/other/8918915413/repo/1.0.0/.xml/riak_sysmon/riak_sysmon_sup.xml"
Generating XML riak_sysmon - riak_sysmon_testhandler "/home/pete/wefwefwef/docs/other/8918915413/riak_sysmon-tag-1.0.0/riak_sysmon/src/riak_sysmon_testhandler.erl" -> "/home/pete/wefwefwef/docs/other/8918915413/repo/1.0.0/.xml/riak_sysmon/riak_sysmon_testhandler.xml"
/home/pete/wefwefwef/docs/other/8918915413/riak_sysmon-tag-1.0.0/riak_sysmon/src/riak_sysmon_testhandler.erl, in module footer: at line 41: tag @doc not allowed here.
/home/pete/wefwefwef/docs/other/8918915413/riak_sysmon-tag-1.0.0/riak_sysmon/src/riak_sysmon_testhandler.erl, in module footer: at line 44: tag @spec not allowed here.
/home/pete/wefwefwef/docs/other/8918915413/riak_sysmon-tag-1.0.0/riak_sysmon/src/riak_sysmon_testhandler.erl, in module footer: at line 51: multiple @doc tag.
/home/pete/wefwefwef/docs/other/8918915413/riak_sysmon-tag-1.0.0/riak_sysmon/src/riak_sysmon_testhandler.erl, in module footer: at line 54: multiple @spec tag.
/home/pete/wefwefwef/docs/other/8918915413/riak_sysmon-tag-1.0.0/riak_sysmon/src/riak_sysmon_testhandler.erl, in module footer: at line 68: tag @private not allowed here.
/home/pete/wefwefwef/docs/other/8918915413/riak_sysmon-tag-1.0.0/riak_sysmon/src/riak_sysmon_testhandler.erl, in module footer: at line 69: multiple @doc tag.
/home/pete/wefwefwef/docs/other/8918915413/riak_sysmon-tag-1.0.0/riak_sysmon/src/riak_sysmon_testhandler.erl, in module footer: at line 73: multiple @spec tag.
/home/pete/wefwefwef/docs/other/8918915413/riak_sysmon-tag-1.0.0/riak_sysmon/src/riak_sysmon_testhandler.erl, in module footer: at line 80: multiple @private tag.
/home/pete/wefwefwef/docs/other/8918915413/riak_sysmon-tag-1.0.0/riak_sysmon/src/riak_sysmon_testhandler.erl, in module footer: at line 81: multiple @doc tag.
/home/pete/wefwefwef/docs/other/8918915413/riak_sysmon-tag-1.0.0/riak_sysmon/src/riak_sysmon_testhandler.erl, in module footer: at line 86: multiple @spec tag.
/home/pete/wefwefwef/docs/other/8918915413/riak_sysmon-tag-1.0.0/riak_sysmon/src/riak_sysmon_testhandler.erl, in module footer: at line 96: multiple @private tag.
/home/pete/wefwefwef/docs/other/8918915413/riak_sysmon-tag-1.0.0/riak_sysmon/src/riak_sysmon_testhandler.erl, in module footer: at line 97: multiple @doc tag.
/home/pete/wefwefwef/docs/other/8918915413/riak_sysmon-tag-1.0.0/riak_sysmon/src/riak_sysmon_testhandler.erl, in module footer: at line 102: multiple @spec tag.
/home/pete/wefwefwef/docs/other/8918915413/riak_sysmon-tag-1.0.0/riak_sysmon/src/riak_sysmon_testhandler.erl, in module footer: at line 115: multiple @private tag.
/home/pete/wefwefwef/docs/other/8918915413/riak_sysmon-tag-1.0.0/riak_sysmon/src/riak_sysmon_testhandler.erl, in module footer: at line 116: multiple @doc tag.
/home/pete/wefwefwef/docs/other/8918915413/riak_sysmon-tag-1.0.0/riak_sysmon/src/riak_sysmon_testhandler.erl, in module footer: at line 121: multiple @spec tag.
/home/pete/wefwefwef/docs/other/8918915413/riak_sysmon-tag-1.0.0/riak_sysmon/src/riak_sysmon_testhandler.erl, in module footer: at line 131: multiple @private tag.
/home/pete/wefwefwef/docs/other/8918915413/riak_sysmon-tag-1.0.0/riak_sysmon/src/riak_sysmon_testhandler.erl, in module footer: at line 132: multiple @doc tag.
/home/pete/wefwefwef/docs/other/8918915413/riak_sysmon-tag-1.0.0/riak_sysmon/src/riak_sysmon_testhandler.erl, in module footer: at line 137: multiple @spec tag.
/home/pete/wefwefwef/docs/other/8918915413/riak_sysmon-tag-1.0.0/riak_sysmon/src/riak_sysmon_testhandler.erl, in module footer: at line 144: multiple @private tag.
/home/pete/wefwefwef/docs/other/8918915413/riak_sysmon-tag-1.0.0/riak_sysmon/src/riak_sysmon_testhandler.erl, in module footer: at line 145: multiple @doc tag.
/home/pete/wefwefwef/docs/other/8918915413/riak_sysmon-tag-1.0.0/riak_sysmon/src/riak_sysmon_testhandler.erl, in module footer: at line 148: multiple @spec tag.
Error generating XML ("/home/pete/wefwefwef/docs/other/8918915413/riak_sysmon-tag-1.0.0/riak_sysmon/src/riak_sysmon_testhandler.erl"): {'EXIT',
                                                                                                                                        error}
Generating HTML - riak_sysmon_sup "/home/pete/wefwefwef/docs/other/8918915413/repo/1.0.0/.xml/riak_sysmon/riak_sysmon_sup.xml"
Generating HTML - riak_sysmon_filter "/home/pete/wefwefwef/docs/other/8918915413/repo/1.0.0/.xml/riak_sysmon/riak_sysmon_filter.xml"
Generating HTML - riak_sysmon_example_handler "/home/pete/wefwefwef/docs/other/8918915413/repo/1.0.0/.xml/riak_sysmon/riak_sysmon_example_handler.xml"
Generating HTML - riak_sysmon_app "/home/pete/wefwefwef/docs/other/8918915413/repo/1.0.0/.xml/riak_sysmon/riak_sysmon_app.xml"
Reading XML for "/home/pete/wefwefwef/docs/other/8918915413/repo/1.0.0/.xml/riak_sysmon/riak_sysmon_sup.xml"
Reading XML for "/home/pete/wefwefwef/docs/other/8918915413/repo/1.0.0/.xml/riak_sysmon/riak_sysmon_filter.xml"
Reading XML for "/home/pete/wefwefwef/docs/other/8918915413/repo/1.0.0/.xml/riak_sysmon/riak_sysmon_example_handler.xml"
Reading XML for "/home/pete/wefwefwef/docs/other/8918915413/repo/1.0.0/.xml/riak_sysmon/riak_sysmon_app.xml"
Reading XML for "/home/pete/wefwefwef/docs/other/8918915413/repo/1.0.0/.xml/specs_riak_sysmon_app.xml"
Reading XML for "/home/pete/wefwefwef/docs/other/8918915413/repo/1.0.0/.xml/specs_riak_sysmon_sup.xml"
Reading XML for "/home/pete/wefwefwef/docs/other/8918915413/repo/1.0.0/.xml/specs_riak_sysmon_filter.xml"
Reading XML for "/home/pete/wefwefwef/docs/other/8918915413/repo/1.0.0/.xml/specs_riak_sysmon_example_handler.xml"
Creating index.html ...
Creating erldocs_index.js ...
Woot, finished in 0 Minutes 0 Seconds
 :: Discovering other repos
$ 5000  `rm -r '/home/pete/wefwefwef/docs/other/8918915413/riak_sysmon-tag-1.0.0'  2>&1`
 :: Processing https://github.com/basho/riak_sysmon	{rev,tag,"1.1.0","1d0934f3a16d66586fbee38e56ba9997fd72a37d",undefined,[],[]}
 :: Fetching repo code
$ cd "/home/pete/wefwefwef/docs/other/8918915413/riak_sysmon-tag-1.1.0/riak_sysmon"
$ infinity  `curl --fail --silent --show-error --location --output '1.1.0.zip' 'https://github.com/basho/riak_sysmon/archive/1.1.0.zip'  2>&1`
$ cd "/home/pete/wefwefwef/docs/erldocs_other.git"
$ cd "/home/pete/wefwefwef/docs/other/8918915413/riak_sysmon-tag-1.1.0/riak_sysmon"
$ 5000  `find -P . -type l -delete  2>&1`
$ cd "/home/pete/wefwefwef/docs/erldocs_other.git"
$ cd "/home/pete/wefwefwef/docs/other/8918915413/riak_sysmon-tag-1.1.0/riak_sysmon"
$ 5000  `find 'riak_sysmon-1.1.0' -mindepth 1 -maxdepth 1 -exec mv -t . -- {} +  2>&1`
$ cd "/home/pete/wefwefwef/docs/erldocs_other.git"
 :: Getting dependencies
$ cd "/home/pete/wefwefwef/docs/other/8918915413/riak_sysmon-tag-1.1.0/riak_sysmon"
$ 5000  `ls -1 deps/  2>&1`
$ cd "/home/pete/wefwefwef/docs/erldocs_other.git"
>>> [rebar] deps = []
 :: Generating erldocs into /home/pete/wefwefwef/docs/other/8918915413/repo/1.1.0
Building riak_sysmon
Generating Type Specs - "/home/pete/wefwefwef/docs/other/8918915413/riak_sysmon-tag-1.1.0/riak_sysmon/src/riak_sysmon_app.erl"
Generating Type Specs - "/home/pete/wefwefwef/docs/other/8918915413/riak_sysmon-tag-1.1.0/riak_sysmon/src/riak_sysmon_example_handler.erl"
Generating Type Specs - "/home/pete/wefwefwef/docs/other/8918915413/riak_sysmon-tag-1.1.0/riak_sysmon/src/riak_sysmon_filter.erl"
Generating Type Specs - "/home/pete/wefwefwef/docs/other/8918915413/riak_sysmon-tag-1.1.0/riak_sysmon/src/riak_sysmon_sup.erl"
Generating Type Specs - "/home/pete/wefwefwef/docs/other/8918915413/riak_sysmon-tag-1.1.0/riak_sysmon/src/riak_sysmon_testhandler.erl"
Generating XML for application riak_sysmon "/home/pete/wefwefwef/docs/other/8918915413/riak_sysmon-tag-1.1.0/riak_sysmon" -> "/home/pete/wefwefwef/docs/other/8918915413/repo/1.1.0/.xml/riak_sysmon"
/home/pete/wefwefwef/docs/other/8918915413/riak_sysmon-tag-1.1.0/riak_sysmon/src/riak_sysmon_testhandler.erl, in module footer: at line 41: tag @doc not allowed here.
/home/pete/wefwefwef/docs/other/8918915413/riak_sysmon-tag-1.1.0/riak_sysmon/src/riak_sysmon_testhandler.erl, in module footer: at line 44: tag @spec not allowed here.
/home/pete/wefwefwef/docs/other/8918915413/riak_sysmon-tag-1.1.0/riak_sysmon/src/riak_sysmon_testhandler.erl, in module footer: at line 51: multiple @doc tag.
/home/pete/wefwefwef/docs/other/8918915413/riak_sysmon-tag-1.1.0/riak_sysmon/src/riak_sysmon_testhandler.erl, in module footer: at line 54: multiple @spec tag.
/home/pete/wefwefwef/docs/other/8918915413/riak_sysmon-tag-1.1.0/riak_sysmon/src/riak_sysmon_testhandler.erl, in module footer: at line 68: tag @private not allowed here.
/home/pete/wefwefwef/docs/other/8918915413/riak_sysmon-tag-1.1.0/riak_sysmon/src/riak_sysmon_testhandler.erl, in module footer: at line 69: multiple @doc tag.
/home/pete/wefwefwef/docs/other/8918915413/riak_sysmon-tag-1.1.0/riak_sysmon/src/riak_sysmon_testhandler.erl, in module footer: at line 73: multiple @spec tag.
/home/pete/wefwefwef/docs/other/8918915413/riak_sysmon-tag-1.1.0/riak_sysmon/src/riak_sysmon_testhandler.erl, in module footer: at line 80: multiple @private tag.
/home/pete/wefwefwef/docs/other/8918915413/riak_sysmon-tag-1.1.0/riak_sysmon/src/riak_sysmon_testhandler.erl, in module footer: at line 81: multiple @doc tag.
/home/pete/wefwefwef/docs/other/8918915413/riak_sysmon-tag-1.1.0/riak_sysmon/src/riak_sysmon_testhandler.erl, in module footer: at line 86: multiple @spec tag.
/home/pete/wefwefwef/docs/other/8918915413/riak_sysmon-tag-1.1.0/riak_sysmon/src/riak_sysmon_testhandler.erl, in module footer: at line 96: multiple @private tag.
/home/pete/wefwefwef/docs/other/8918915413/riak_sysmon-tag-1.1.0/riak_sysmon/src/riak_sysmon_testhandler.erl, in module footer: at line 97: multiple @doc tag.
/home/pete/wefwefwef/docs/other/8918915413/riak_sysmon-tag-1.1.0/riak_sysmon/src/riak_sysmon_testhandler.erl, in module footer: at line 102: multiple @spec tag.
/home/pete/wefwefwef/docs/other/8918915413/riak_sysmon-tag-1.1.0/riak_sysmon/src/riak_sysmon_testhandler.erl, in module footer: at line 115: multiple @private tag.
/home/pete/wefwefwef/docs/other/8918915413/riak_sysmon-tag-1.1.0/riak_sysmon/src/riak_sysmon_testhandler.erl, in module footer: at line 116: multiple @doc tag.
/home/pete/wefwefwef/docs/other/8918915413/riak_sysmon-tag-1.1.0/riak_sysmon/src/riak_sysmon_testhandler.erl, in module footer: at line 121: multiple @spec tag.
/home/pete/wefwefwef/docs/other/8918915413/riak_sysmon-tag-1.1.0/riak_sysmon/src/riak_sysmon_testhandler.erl, in module footer: at line 131: multiple @private tag.
/home/pete/wefwefwef/docs/other/8918915413/riak_sysmon-tag-1.1.0/riak_sysmon/src/riak_sysmon_testhandler.erl, in module footer: at line 132: multiple @doc tag.
/home/pete/wefwefwef/docs/other/8918915413/riak_sysmon-tag-1.1.0/riak_sysmon/src/riak_sysmon_testhandler.erl, in module footer: at line 137: multiple @spec tag.
/home/pete/wefwefwef/docs/other/8918915413/riak_sysmon-tag-1.1.0/riak_sysmon/src/riak_sysmon_testhandler.erl, in module footer: at line 144: multiple @private tag.
/home/pete/wefwefwef/docs/other/8918915413/riak_sysmon-tag-1.1.0/riak_sysmon/src/riak_sysmon_testhandler.erl, in module footer: at line 145: multiple @doc tag.
/home/pete/wefwefwef/docs/other/8918915413/riak_sysmon-tag-1.1.0/riak_sysmon/src/riak_sysmon_testhandler.erl, in module footer: at line 148: multiple @spec tag.
edoc: skipping source file '/home/pete/wefwefwef/docs/other/8918915413/riak_sysmon-tag-1.1.0/riak_sysmon/src/riak_sysmon_testhandler.erl': {'EXIT',
                                                                                                                                      error}.
edoc: error in doclet 'edoc_doclet': {'EXIT',error}.
Error generating riak_sysmon XMLs. Using fallback ...
Generating XML riak_sysmon - riak_sysmon_app "/home/pete/wefwefwef/docs/other/8918915413/riak_sysmon-tag-1.1.0/riak_sysmon/src/riak_sysmon_app.erl" -> "/home/pete/wefwefwef/docs/other/8918915413/repo/1.1.0/.xml/riak_sysmon/riak_sysmon_app.xml"
Generating XML riak_sysmon - riak_sysmon_example_handler "/home/pete/wefwefwef/docs/other/8918915413/riak_sysmon-tag-1.1.0/riak_sysmon/src/riak_sysmon_example_handler.erl" -> "/home/pete/wefwefwef/docs/other/8918915413/repo/1.1.0/.xml/riak_sysmon/riak_sysmon_example_handler.xml"
Generating XML riak_sysmon - riak_sysmon_filter "/home/pete/wefwefwef/docs/other/8918915413/riak_sysmon-tag-1.1.0/riak_sysmon/src/riak_sysmon_filter.erl" -> "/home/pete/wefwefwef/docs/other/8918915413/repo/1.1.0/.xml/riak_sysmon/riak_sysmon_filter.xml"
Generating XML riak_sysmon - riak_sysmon_sup "/home/pete/wefwefwef/docs/other/8918915413/riak_sysmon-tag-1.1.0/riak_sysmon/src/riak_sysmon_sup.erl" -> "/home/pete/wefwefwef/docs/other/8918915413/repo/1.1.0/.xml/riak_sysmon/riak_sysmon_sup.xml"
Generating XML riak_sysmon - riak_sysmon_testhandler "/home/pete/wefwefwef/docs/other/8918915413/riak_sysmon-tag-1.1.0/riak_sysmon/src/riak_sysmon_testhandler.erl" -> "/home/pete/wefwefwef/docs/other/8918915413/repo/1.1.0/.xml/riak_sysmon/riak_sysmon_testhandler.xml"
/home/pete/wefwefwef/docs/other/8918915413/riak_sysmon-tag-1.1.0/riak_sysmon/src/riak_sysmon_testhandler.erl, in module footer: at line 41: tag @doc not allowed here.
/home/pete/wefwefwef/docs/other/8918915413/riak_sysmon-tag-1.1.0/riak_sysmon/src/riak_sysmon_testhandler.erl, in module footer: at line 44: tag @spec not allowed here.
/home/pete/wefwefwef/docs/other/8918915413/riak_sysmon-tag-1.1.0/riak_sysmon/src/riak_sysmon_testhandler.erl, in module footer: at line 51: multiple @doc tag.
/home/pete/wefwefwef/docs/other/8918915413/riak_sysmon-tag-1.1.0/riak_sysmon/src/riak_sysmon_testhandler.erl, in module footer: at line 54: multiple @spec tag.
/home/pete/wefwefwef/docs/other/8918915413/riak_sysmon-tag-1.1.0/riak_sysmon/src/riak_sysmon_testhandler.erl, in module footer: at line 68: tag @private not allowed here.
/home/pete/wefwefwef/docs/other/8918915413/riak_sysmon-tag-1.1.0/riak_sysmon/src/riak_sysmon_testhandler.erl, in module footer: at line 69: multiple @doc tag.
/home/pete/wefwefwef/docs/other/8918915413/riak_sysmon-tag-1.1.0/riak_sysmon/src/riak_sysmon_testhandler.erl, in module footer: at line 73: multiple @spec tag.
/home/pete/wefwefwef/docs/other/8918915413/riak_sysmon-tag-1.1.0/riak_sysmon/src/riak_sysmon_testhandler.erl, in module footer: at line 80: multiple @private tag.
/home/pete/wefwefwef/docs/other/8918915413/riak_sysmon-tag-1.1.0/riak_sysmon/src/riak_sysmon_testhandler.erl, in module footer: at line 81: multiple @doc tag.
/home/pete/wefwefwef/docs/other/8918915413/riak_sysmon-tag-1.1.0/riak_sysmon/src/riak_sysmon_testhandler.erl, in module footer: at line 86: multiple @spec tag.
/home/pete/wefwefwef/docs/other/8918915413/riak_sysmon-tag-1.1.0/riak_sysmon/src/riak_sysmon_testhandler.erl, in module footer: at line 96: multiple @private tag.
/home/pete/wefwefwef/docs/other/8918915413/riak_sysmon-tag-1.1.0/riak_sysmon/src/riak_sysmon_testhandler.erl, in module footer: at line 97: multiple @doc tag.
/home/pete/wefwefwef/docs/other/8918915413/riak_sysmon-tag-1.1.0/riak_sysmon/src/riak_sysmon_testhandler.erl, in module footer: at line 102: multiple @spec tag.
/home/pete/wefwefwef/docs/other/8918915413/riak_sysmon-tag-1.1.0/riak_sysmon/src/riak_sysmon_testhandler.erl, in module footer: at line 115: multiple @private tag.
/home/pete/wefwefwef/docs/other/8918915413/riak_sysmon-tag-1.1.0/riak_sysmon/src/riak_sysmon_testhandler.erl, in module footer: at line 116: multiple @doc tag.
/home/pete/wefwefwef/docs/other/8918915413/riak_sysmon-tag-1.1.0/riak_sysmon/src/riak_sysmon_testhandler.erl, in module footer: at line 121: multiple @spec tag.
/home/pete/wefwefwef/docs/other/8918915413/riak_sysmon-tag-1.1.0/riak_sysmon/src/riak_sysmon_testhandler.erl, in module footer: at line 131: multiple @private tag.
/home/pete/wefwefwef/docs/other/8918915413/riak_sysmon-tag-1.1.0/riak_sysmon/src/riak_sysmon_testhandler.erl, in module footer: at line 132: multiple @doc tag.
/home/pete/wefwefwef/docs/other/8918915413/riak_sysmon-tag-1.1.0/riak_sysmon/src/riak_sysmon_testhandler.erl, in module footer: at line 137: multiple @spec tag.
/home/pete/wefwefwef/docs/other/8918915413/riak_sysmon-tag-1.1.0/riak_sysmon/src/riak_sysmon_testhandler.erl, in module footer: at line 144: multiple @private tag.
/home/pete/wefwefwef/docs/other/8918915413/riak_sysmon-tag-1.1.0/riak_sysmon/src/riak_sysmon_testhandler.erl, in module footer: at line 145: multiple @doc tag.
/home/pete/wefwefwef/docs/other/8918915413/riak_sysmon-tag-1.1.0/riak_sysmon/src/riak_sysmon_testhandler.erl, in module footer: at line 148: multiple @spec tag.
Error generating XML ("/home/pete/wefwefwef/docs/other/8918915413/riak_sysmon-tag-1.1.0/riak_sysmon/src/riak_sysmon_testhandler.erl"): {'EXIT',
                                                                                                                                        error}
Generating HTML - riak_sysmon_sup "/home/pete/wefwefwef/docs/other/8918915413/repo/1.1.0/.xml/riak_sysmon/riak_sysmon_sup.xml"
Generating HTML - riak_sysmon_filter "/home/pete/wefwefwef/docs/other/8918915413/repo/1.1.0/.xml/riak_sysmon/riak_sysmon_filter.xml"
Generating HTML - riak_sysmon_example_handler "/home/pete/wefwefwef/docs/other/8918915413/repo/1.1.0/.xml/riak_sysmon/riak_sysmon_example_handler.xml"
Generating HTML - riak_sysmon_app "/home/pete/wefwefwef/docs/other/8918915413/repo/1.1.0/.xml/riak_sysmon/riak_sysmon_app.xml"
Reading XML for "/home/pete/wefwefwef/docs/other/8918915413/repo/1.1.0/.xml/riak_sysmon/riak_sysmon_sup.xml"
Reading XML for "/home/pete/wefwefwef/docs/other/8918915413/repo/1.1.0/.xml/riak_sysmon/riak_sysmon_filter.xml"
Reading XML for "/home/pete/wefwefwef/docs/other/8918915413/repo/1.1.0/.xml/riak_sysmon/riak_sysmon_example_handler.xml"
Reading XML for "/home/pete/wefwefwef/docs/other/8918915413/repo/1.1.0/.xml/riak_sysmon/riak_sysmon_app.xml"
Reading XML for "/home/pete/wefwefwef/docs/other/8918915413/repo/1.1.0/.xml/specs_riak_sysmon_app.xml"
Reading XML for "/home/pete/wefwefwef/docs/other/8918915413/repo/1.1.0/.xml/specs_riak_sysmon_filter.xml"
Reading XML for "/home/pete/wefwefwef/docs/other/8918915413/repo/1.1.0/.xml/specs_riak_sysmon_example_handler.xml"
Reading XML for "/home/pete/wefwefwef/docs/other/8918915413/repo/1.1.0/.xml/specs_riak_sysmon_sup.xml"
Creating index.html ...
Creating erldocs_index.js ...
Woot, finished in 0 Minutes 0 Seconds
 :: Discovering other repos
$ 5000  `rm -r '/home/pete/wefwefwef/docs/other/8918915413/riak_sysmon-tag-1.1.0'  2>&1`
 :: Processing https://github.com/basho/riak_sysmon	{rev,tag,"1.1.2","aab77064dfc4db66c1a3ac81e9a33bfd7cd863d7",undefined,[],[]}
 :: Fetching repo code
$ cd "/home/pete/wefwefwef/docs/other/8918915413/riak_sysmon-tag-1.1.2/riak_sysmon"
$ infinity  `curl --fail --silent --show-error --location --output '1.1.2.zip' 'https://github.com/basho/riak_sysmon/archive/1.1.2.zip'  2>&1`
$ cd "/home/pete/wefwefwef/docs/erldocs_other.git"
$ cd "/home/pete/wefwefwef/docs/other/8918915413/riak_sysmon-tag-1.1.2/riak_sysmon"
$ 5000  `find -P . -type l -delete  2>&1`
$ cd "/home/pete/wefwefwef/docs/erldocs_other.git"
$ cd "/home/pete/wefwefwef/docs/other/8918915413/riak_sysmon-tag-1.1.2/riak_sysmon"
$ 5000  `find 'riak_sysmon-1.1.2' -mindepth 1 -maxdepth 1 -exec mv -t . -- {} +  2>&1`
$ cd "/home/pete/wefwefwef/docs/erldocs_other.git"
 :: Getting dependencies
$ cd "/home/pete/wefwefwef/docs/other/8918915413/riak_sysmon-tag-1.1.2/riak_sysmon"
$ 5000  `ls -1 deps/  2>&1`
$ cd "/home/pete/wefwefwef/docs/erldocs_other.git"
>>> [rebar] deps = []
 :: Generating erldocs into /home/pete/wefwefwef/docs/other/8918915413/repo/1.1.2
Building riak_sysmon
Generating Type Specs - "/home/pete/wefwefwef/docs/other/8918915413/riak_sysmon-tag-1.1.2/riak_sysmon/src/riak_sysmon_app.erl"
Generating Type Specs - "/home/pete/wefwefwef/docs/other/8918915413/riak_sysmon-tag-1.1.2/riak_sysmon/src/riak_sysmon_example_handler.erl"
Generating Type Specs - "/home/pete/wefwefwef/docs/other/8918915413/riak_sysmon-tag-1.1.2/riak_sysmon/src/riak_sysmon_filter.erl"
Generating Type Specs - "/home/pete/wefwefwef/docs/other/8918915413/riak_sysmon-tag-1.1.2/riak_sysmon/src/riak_sysmon_sup.erl"
Generating Type Specs - "/home/pete/wefwefwef/docs/other/8918915413/riak_sysmon-tag-1.1.2/riak_sysmon/src/riak_sysmon_testhandler.erl"
Generating XML for application riak_sysmon "/home/pete/wefwefwef/docs/other/8918915413/riak_sysmon-tag-1.1.2/riak_sysmon" -> "/home/pete/wefwefwef/docs/other/8918915413/repo/1.1.2/.xml/riak_sysmon"
/home/pete/wefwefwef/docs/other/8918915413/riak_sysmon-tag-1.1.2/riak_sysmon/src/riak_sysmon_testhandler.erl, in module footer: at line 41: tag @doc not allowed here.
/home/pete/wefwefwef/docs/other/8918915413/riak_sysmon-tag-1.1.2/riak_sysmon/src/riak_sysmon_testhandler.erl, in module footer: at line 44: tag @spec not allowed here.
/home/pete/wefwefwef/docs/other/8918915413/riak_sysmon-tag-1.1.2/riak_sysmon/src/riak_sysmon_testhandler.erl, in module footer: at line 51: multiple @doc tag.
/home/pete/wefwefwef/docs/other/8918915413/riak_sysmon-tag-1.1.2/riak_sysmon/src/riak_sysmon_testhandler.erl, in module footer: at line 54: multiple @spec tag.
/home/pete/wefwefwef/docs/other/8918915413/riak_sysmon-tag-1.1.2/riak_sysmon/src/riak_sysmon_testhandler.erl, in module footer: at line 68: tag @private not allowed here.
/home/pete/wefwefwef/docs/other/8918915413/riak_sysmon-tag-1.1.2/riak_sysmon/src/riak_sysmon_testhandler.erl, in module footer: at line 69: multiple @doc tag.
/home/pete/wefwefwef/docs/other/8918915413/riak_sysmon-tag-1.1.2/riak_sysmon/src/riak_sysmon_testhandler.erl, in module footer: at line 73: multiple @spec tag.
/home/pete/wefwefwef/docs/other/8918915413/riak_sysmon-tag-1.1.2/riak_sysmon/src/riak_sysmon_testhandler.erl, in module footer: at line 80: multiple @private tag.
/home/pete/wefwefwef/docs/other/8918915413/riak_sysmon-tag-1.1.2/riak_sysmon/src/riak_sysmon_testhandler.erl, in module footer: at line 81: multiple @doc tag.
/home/pete/wefwefwef/docs/other/8918915413/riak_sysmon-tag-1.1.2/riak_sysmon/src/riak_sysmon_testhandler.erl, in module footer: at line 86: multiple @spec tag.
/home/pete/wefwefwef/docs/other/8918915413/riak_sysmon-tag-1.1.2/riak_sysmon/src/riak_sysmon_testhandler.erl, in module footer: at line 96: multiple @private tag.
/home/pete/wefwefwef/docs/other/8918915413/riak_sysmon-tag-1.1.2/riak_sysmon/src/riak_sysmon_testhandler.erl, in module footer: at line 97: multiple @doc tag.
/home/pete/wefwefwef/docs/other/8918915413/riak_sysmon-tag-1.1.2/riak_sysmon/src/riak_sysmon_testhandler.erl, in module footer: at line 102: multiple @spec tag.
/home/pete/wefwefwef/docs/other/8918915413/riak_sysmon-tag-1.1.2/riak_sysmon/src/riak_sysmon_testhandler.erl, in module footer: at line 115: multiple @private tag.
/home/pete/wefwefwef/docs/other/8918915413/riak_sysmon-tag-1.1.2/riak_sysmon/src/riak_sysmon_testhandler.erl, in module footer: at line 116: multiple @doc tag.
/home/pete/wefwefwef/docs/other/8918915413/riak_sysmon-tag-1.1.2/riak_sysmon/src/riak_sysmon_testhandler.erl, in module footer: at line 121: multiple @spec tag.
/home/pete/wefwefwef/docs/other/8918915413/riak_sysmon-tag-1.1.2/riak_sysmon/src/riak_sysmon_testhandler.erl, in module footer: at line 131: multiple @private tag.
/home/pete/wefwefwef/docs/other/8918915413/riak_sysmon-tag-1.1.2/riak_sysmon/src/riak_sysmon_testhandler.erl, in module footer: at line 132: multiple @doc tag.
/home/pete/wefwefwef/docs/other/8918915413/riak_sysmon-tag-1.1.2/riak_sysmon/src/riak_sysmon_testhandler.erl, in module footer: at line 137: multiple @spec tag.
/home/pete/wefwefwef/docs/other/8918915413/riak_sysmon-tag-1.1.2/riak_sysmon/src/riak_sysmon_testhandler.erl, in module footer: at line 144: multiple @private tag.
/home/pete/wefwefwef/docs/other/8918915413/riak_sysmon-tag-1.1.2/riak_sysmon/src/riak_sysmon_testhandler.erl, in module footer: at line 145: multiple @doc tag.
/home/pete/wefwefwef/docs/other/8918915413/riak_sysmon-tag-1.1.2/riak_sysmon/src/riak_sysmon_testhandler.erl, in module footer: at line 148: multiple @spec tag.
edoc: skipping source file '/home/pete/wefwefwef/docs/other/8918915413/riak_sysmon-tag-1.1.2/riak_sysmon/src/riak_sysmon_testhandler.erl': {'EXIT',
                                                                                                                                      error}.
edoc: error in doclet 'edoc_doclet': {'EXIT',error}.
Error generating riak_sysmon XMLs. Using fallback ...
Generating XML riak_sysmon - riak_sysmon_app "/home/pete/wefwefwef/docs/other/8918915413/riak_sysmon-tag-1.1.2/riak_sysmon/src/riak_sysmon_app.erl" -> "/home/pete/wefwefwef/docs/other/8918915413/repo/1.1.2/.xml/riak_sysmon/riak_sysmon_app.xml"
Generating XML riak_sysmon - riak_sysmon_example_handler "/home/pete/wefwefwef/docs/other/8918915413/riak_sysmon-tag-1.1.2/riak_sysmon/src/riak_sysmon_example_handler.erl" -> "/home/pete/wefwefwef/docs/other/8918915413/repo/1.1.2/.xml/riak_sysmon/riak_sysmon_example_handler.xml"
Generating XML riak_sysmon - riak_sysmon_filter "/home/pete/wefwefwef/docs/other/8918915413/riak_sysmon-tag-1.1.2/riak_sysmon/src/riak_sysmon_filter.erl" -> "/home/pete/wefwefwef/docs/other/8918915413/repo/1.1.2/.xml/riak_sysmon/riak_sysmon_filter.xml"
Generating XML riak_sysmon - riak_sysmon_sup "/home/pete/wefwefwef/docs/other/8918915413/riak_sysmon-tag-1.1.2/riak_sysmon/src/riak_sysmon_sup.erl" -> "/home/pete/wefwefwef/docs/other/8918915413/repo/1.1.2/.xml/riak_sysmon/riak_sysmon_sup.xml"
Generating XML riak_sysmon - riak_sysmon_testhandler "/home/pete/wefwefwef/docs/other/8918915413/riak_sysmon-tag-1.1.2/riak_sysmon/src/riak_sysmon_testhandler.erl" -> "/home/pete/wefwefwef/docs/other/8918915413/repo/1.1.2/.xml/riak_sysmon/riak_sysmon_testhandler.xml"
/home/pete/wefwefwef/docs/other/8918915413/riak_sysmon-tag-1.1.2/riak_sysmon/src/riak_sysmon_testhandler.erl, in module footer: at line 41: tag @doc not allowed here.
/home/pete/wefwefwef/docs/other/8918915413/riak_sysmon-tag-1.1.2/riak_sysmon/src/riak_sysmon_testhandler.erl, in module footer: at line 44: tag @spec not allowed here.
/home/pete/wefwefwef/docs/other/8918915413/riak_sysmon-tag-1.1.2/riak_sysmon/src/riak_sysmon_testhandler.erl, in module footer: at line 51: multiple @doc tag.
/home/pete/wefwefwef/docs/other/8918915413/riak_sysmon-tag-1.1.2/riak_sysmon/src/riak_sysmon_testhandler.erl, in module footer: at line 54: multiple @spec tag.
/home/pete/wefwefwef/docs/other/8918915413/riak_sysmon-tag-1.1.2/riak_sysmon/src/riak_sysmon_testhandler.erl, in module footer: at line 68: tag @private not allowed here.
/home/pete/wefwefwef/docs/other/8918915413/riak_sysmon-tag-1.1.2/riak_sysmon/src/riak_sysmon_testhandler.erl, in module footer: at line 69: multiple @doc tag.
/home/pete/wefwefwef/docs/other/8918915413/riak_sysmon-tag-1.1.2/riak_sysmon/src/riak_sysmon_testhandler.erl, in module footer: at line 73: multiple @spec tag.
/home/pete/wefwefwef/docs/other/8918915413/riak_sysmon-tag-1.1.2/riak_sysmon/src/riak_sysmon_testhandler.erl, in module footer: at line 80: multiple @private tag.
/home/pete/wefwefwef/docs/other/8918915413/riak_sysmon-tag-1.1.2/riak_sysmon/src/riak_sysmon_testhandler.erl, in module footer: at line 81: multiple @doc tag.
/home/pete/wefwefwef/docs/other/8918915413/riak_sysmon-tag-1.1.2/riak_sysmon/src/riak_sysmon_testhandler.erl, in module footer: at line 86: multiple @spec tag.
/home/pete/wefwefwef/docs/other/8918915413/riak_sysmon-tag-1.1.2/riak_sysmon/src/riak_sysmon_testhandler.erl, in module footer: at line 96: multiple @private tag.
/home/pete/wefwefwef/docs/other/8918915413/riak_sysmon-tag-1.1.2/riak_sysmon/src/riak_sysmon_testhandler.erl, in module footer: at line 97: multiple @doc tag.
/home/pete/wefwefwef/docs/other/8918915413/riak_sysmon-tag-1.1.2/riak_sysmon/src/riak_sysmon_testhandler.erl, in module footer: at line 102: multiple @spec tag.
/home/pete/wefwefwef/docs/other/8918915413/riak_sysmon-tag-1.1.2/riak_sysmon/src/riak_sysmon_testhandler.erl, in module footer: at line 115: multiple @private tag.
/home/pete/wefwefwef/docs/other/8918915413/riak_sysmon-tag-1.1.2/riak_sysmon/src/riak_sysmon_testhandler.erl, in module footer: at line 116: multiple @doc tag.
/home/pete/wefwefwef/docs/other/8918915413/riak_sysmon-tag-1.1.2/riak_sysmon/src/riak_sysmon_testhandler.erl, in module footer: at line 121: multiple @spec tag.
/home/pete/wefwefwef/docs/other/8918915413/riak_sysmon-tag-1.1.2/riak_sysmon/src/riak_sysmon_testhandler.erl, in module footer: at line 131: multiple @private tag.
/home/pete/wefwefwef/docs/other/8918915413/riak_sysmon-tag-1.1.2/riak_sysmon/src/riak_sysmon_testhandler.erl, in module footer: at line 132: multiple @doc tag.
/home/pete/wefwefwef/docs/other/8918915413/riak_sysmon-tag-1.1.2/riak_sysmon/src/riak_sysmon_testhandler.erl, in module footer: at line 137: multiple @spec tag.
/home/pete/wefwefwef/docs/other/8918915413/riak_sysmon-tag-1.1.2/riak_sysmon/src/riak_sysmon_testhandler.erl, in module footer: at line 144: multiple @private tag.
/home/pete/wefwefwef/docs/other/8918915413/riak_sysmon-tag-1.1.2/riak_sysmon/src/riak_sysmon_testhandler.erl, in module footer: at line 145: multiple @doc tag.
/home/pete/wefwefwef/docs/other/8918915413/riak_sysmon-tag-1.1.2/riak_sysmon/src/riak_sysmon_testhandler.erl, in module footer: at line 148: multiple @spec tag.
Error generating XML ("/home/pete/wefwefwef/docs/other/8918915413/riak_sysmon-tag-1.1.2/riak_sysmon/src/riak_sysmon_testhandler.erl"): {'EXIT',
                                                                                                                                        error}
Generating HTML - riak_sysmon_sup "/home/pete/wefwefwef/docs/other/8918915413/repo/1.1.2/.xml/riak_sysmon/riak_sysmon_sup.xml"
Generating HTML - riak_sysmon_filter "/home/pete/wefwefwef/docs/other/8918915413/repo/1.1.2/.xml/riak_sysmon/riak_sysmon_filter.xml"
Generating HTML - riak_sysmon_example_handler "/home/pete/wefwefwef/docs/other/8918915413/repo/1.1.2/.xml/riak_sysmon/riak_sysmon_example_handler.xml"
Generating HTML - riak_sysmon_app "/home/pete/wefwefwef/docs/other/8918915413/repo/1.1.2/.xml/riak_sysmon/riak_sysmon_app.xml"
Reading XML for "/home/pete/wefwefwef/docs/other/8918915413/repo/1.1.2/.xml/riak_sysmon/riak_sysmon_sup.xml"
Reading XML for "/home/pete/wefwefwef/docs/other/8918915413/repo/1.1.2/.xml/riak_sysmon/riak_sysmon_filter.xml"
Reading XML for "/home/pete/wefwefwef/docs/other/8918915413/repo/1.1.2/.xml/riak_sysmon/riak_sysmon_example_handler.xml"
Reading XML for "/home/pete/wefwefwef/docs/other/8918915413/repo/1.1.2/.xml/riak_sysmon/riak_sysmon_app.xml"
Reading XML for "/home/pete/wefwefwef/docs/other/8918915413/repo/1.1.2/.xml/specs_riak_sysmon_sup.xml"
Reading XML for "/home/pete/wefwefwef/docs/other/8918915413/repo/1.1.2/.xml/specs_riak_sysmon_filter.xml"
Reading XML for "/home/pete/wefwefwef/docs/other/8918915413/repo/1.1.2/.xml/specs_riak_sysmon_app.xml"
Reading XML for "/home/pete/wefwefwef/docs/other/8918915413/repo/1.1.2/.xml/specs_riak_sysmon_example_handler.xml"
Creating index.html ...
Creating erldocs_index.js ...
Woot, finished in 0 Minutes 0 Seconds
 :: Discovering other repos
$ 5000  `rm -r '/home/pete/wefwefwef/docs/other/8918915413/riak_sysmon-tag-1.1.2'  2>&1`
 :: Processing https://github.com/basho/riak_sysmon	{rev,tag,"1.1.3","abe744c76688bd59527130e150c2cf82f211f5c2",undefined,[],[]}
 :: Fetching repo code
$ cd "/home/pete/wefwefwef/docs/other/8918915413/riak_sysmon-tag-1.1.3/riak_sysmon"
$ infinity  `curl --fail --silent --show-error --location --output '1.1.3.zip' 'https://github.com/basho/riak_sysmon/archive/1.1.3.zip'  2>&1`
$ cd "/home/pete/wefwefwef/docs/erldocs_other.git"
$ cd "/home/pete/wefwefwef/docs/other/8918915413/riak_sysmon-tag-1.1.3/riak_sysmon"
$ 5000  `find -P . -type l -delete  2>&1`
$ cd "/home/pete/wefwefwef/docs/erldocs_other.git"
$ cd "/home/pete/wefwefwef/docs/other/8918915413/riak_sysmon-tag-1.1.3/riak_sysmon"
$ 5000  `find 'riak_sysmon-1.1.3' -mindepth 1 -maxdepth 1 -exec mv -t . -- {} +  2>&1`
$ cd "/home/pete/wefwefwef/docs/erldocs_other.git"
 :: Getting dependencies
$ cd "/home/pete/wefwefwef/docs/other/8918915413/riak_sysmon-tag-1.1.3/riak_sysmon"
$ 5000  `ls -1 deps/  2>&1`
$ cd "/home/pete/wefwefwef/docs/erldocs_other.git"
>>> [rebar] deps = []
 :: Generating erldocs into /home/pete/wefwefwef/docs/other/8918915413/repo/1.1.3
Building riak_sysmon
Generating Type Specs - "/home/pete/wefwefwef/docs/other/8918915413/riak_sysmon-tag-1.1.3/riak_sysmon/src/riak_sysmon_app.erl"
Generating Type Specs - "/home/pete/wefwefwef/docs/other/8918915413/riak_sysmon-tag-1.1.3/riak_sysmon/src/riak_sysmon_example_handler.erl"
Generating Type Specs - "/home/pete/wefwefwef/docs/other/8918915413/riak_sysmon-tag-1.1.3/riak_sysmon/src/riak_sysmon_filter.erl"
Generating Type Specs - "/home/pete/wefwefwef/docs/other/8918915413/riak_sysmon-tag-1.1.3/riak_sysmon/src/riak_sysmon_sup.erl"
Generating Type Specs - "/home/pete/wefwefwef/docs/other/8918915413/riak_sysmon-tag-1.1.3/riak_sysmon/src/riak_sysmon_testhandler.erl"
Generating XML for application riak_sysmon "/home/pete/wefwefwef/docs/other/8918915413/riak_sysmon-tag-1.1.3/riak_sysmon" -> "/home/pete/wefwefwef/docs/other/8918915413/repo/1.1.3/.xml/riak_sysmon"
/home/pete/wefwefwef/docs/other/8918915413/riak_sysmon-tag-1.1.3/riak_sysmon/src/riak_sysmon_testhandler.erl, in module footer: at line 41: tag @doc not allowed here.
/home/pete/wefwefwef/docs/other/8918915413/riak_sysmon-tag-1.1.3/riak_sysmon/src/riak_sysmon_testhandler.erl, in module footer: at line 44: tag @spec not allowed here.
/home/pete/wefwefwef/docs/other/8918915413/riak_sysmon-tag-1.1.3/riak_sysmon/src/riak_sysmon_testhandler.erl, in module footer: at line 51: multiple @doc tag.
/home/pete/wefwefwef/docs/other/8918915413/riak_sysmon-tag-1.1.3/riak_sysmon/src/riak_sysmon_testhandler.erl, in module footer: at line 54: multiple @spec tag.
/home/pete/wefwefwef/docs/other/8918915413/riak_sysmon-tag-1.1.3/riak_sysmon/src/riak_sysmon_testhandler.erl, in module footer: at line 68: tag @private not allowed here.
/home/pete/wefwefwef/docs/other/8918915413/riak_sysmon-tag-1.1.3/riak_sysmon/src/riak_sysmon_testhandler.erl, in module footer: at line 69: multiple @doc tag.
/home/pete/wefwefwef/docs/other/8918915413/riak_sysmon-tag-1.1.3/riak_sysmon/src/riak_sysmon_testhandler.erl, in module footer: at line 73: multiple @spec tag.
/home/pete/wefwefwef/docs/other/8918915413/riak_sysmon-tag-1.1.3/riak_sysmon/src/riak_sysmon_testhandler.erl, in module footer: at line 80: multiple @private tag.
/home/pete/wefwefwef/docs/other/8918915413/riak_sysmon-tag-1.1.3/riak_sysmon/src/riak_sysmon_testhandler.erl, in module footer: at line 81: multiple @doc tag.
/home/pete/wefwefwef/docs/other/8918915413/riak_sysmon-tag-1.1.3/riak_sysmon/src/riak_sysmon_testhandler.erl, in module footer: at line 86: multiple @spec tag.
/home/pete/wefwefwef/docs/other/8918915413/riak_sysmon-tag-1.1.3/riak_sysmon/src/riak_sysmon_testhandler.erl, in module footer: at line 96: multiple @private tag.
/home/pete/wefwefwef/docs/other/8918915413/riak_sysmon-tag-1.1.3/riak_sysmon/src/riak_sysmon_testhandler.erl, in module footer: at line 97: multiple @doc tag.
/home/pete/wefwefwef/docs/other/8918915413/riak_sysmon-tag-1.1.3/riak_sysmon/src/riak_sysmon_testhandler.erl, in module footer: at line 102: multiple @spec tag.
/home/pete/wefwefwef/docs/other/8918915413/riak_sysmon-tag-1.1.3/riak_sysmon/src/riak_sysmon_testhandler.erl, in module footer: at line 115: multiple @private tag.
/home/pete/wefwefwef/docs/other/8918915413/riak_sysmon-tag-1.1.3/riak_sysmon/src/riak_sysmon_testhandler.erl, in module footer: at line 116: multiple @doc tag.
/home/pete/wefwefwef/docs/other/8918915413/riak_sysmon-tag-1.1.3/riak_sysmon/src/riak_sysmon_testhandler.erl, in module footer: at line 121: multiple @spec tag.
/home/pete/wefwefwef/docs/other/8918915413/riak_sysmon-tag-1.1.3/riak_sysmon/src/riak_sysmon_testhandler.erl, in module footer: at line 131: multiple @private tag.
/home/pete/wefwefwef/docs/other/8918915413/riak_sysmon-tag-1.1.3/riak_sysmon/src/riak_sysmon_testhandler.erl, in module footer: at line 132: multiple @doc tag.
/home/pete/wefwefwef/docs/other/8918915413/riak_sysmon-tag-1.1.3/riak_sysmon/src/riak_sysmon_testhandler.erl, in module footer: at line 137: multiple @spec tag.
/home/pete/wefwefwef/docs/other/8918915413/riak_sysmon-tag-1.1.3/riak_sysmon/src/riak_sysmon_testhandler.erl, in module footer: at line 144: multiple @private tag.
/home/pete/wefwefwef/docs/other/8918915413/riak_sysmon-tag-1.1.3/riak_sysmon/src/riak_sysmon_testhandler.erl, in module footer: at line 145: multiple @doc tag.
/home/pete/wefwefwef/docs/other/8918915413/riak_sysmon-tag-1.1.3/riak_sysmon/src/riak_sysmon_testhandler.erl, in module footer: at line 148: multiple @spec tag.
edoc: skipping source file '/home/pete/wefwefwef/docs/other/8918915413/riak_sysmon-tag-1.1.3/riak_sysmon/src/riak_sysmon_testhandler.erl': {'EXIT',
                                                                                                                                      error}.
edoc: error in doclet 'edoc_doclet': {'EXIT',error}.
Error generating riak_sysmon XMLs. Using fallback ...
Generating XML riak_sysmon - riak_sysmon_app "/home/pete/wefwefwef/docs/other/8918915413/riak_sysmon-tag-1.1.3/riak_sysmon/src/riak_sysmon_app.erl" -> "/home/pete/wefwefwef/docs/other/8918915413/repo/1.1.3/.xml/riak_sysmon/riak_sysmon_app.xml"
Generating XML riak_sysmon - riak_sysmon_example_handler "/home/pete/wefwefwef/docs/other/8918915413/riak_sysmon-tag-1.1.3/riak_sysmon/src/riak_sysmon_example_handler.erl" -> "/home/pete/wefwefwef/docs/other/8918915413/repo/1.1.3/.xml/riak_sysmon/riak_sysmon_example_handler.xml"
Generating XML riak_sysmon - riak_sysmon_filter "/home/pete/wefwefwef/docs/other/8918915413/riak_sysmon-tag-1.1.3/riak_sysmon/src/riak_sysmon_filter.erl" -> "/home/pete/wefwefwef/docs/other/8918915413/repo/1.1.3/.xml/riak_sysmon/riak_sysmon_filter.xml"
Generating XML riak_sysmon - riak_sysmon_sup "/home/pete/wefwefwef/docs/other/8918915413/riak_sysmon-tag-1.1.3/riak_sysmon/src/riak_sysmon_sup.erl" -> "/home/pete/wefwefwef/docs/other/8918915413/repo/1.1.3/.xml/riak_sysmon/riak_sysmon_sup.xml"
Generating XML riak_sysmon - riak_sysmon_testhandler "/home/pete/wefwefwef/docs/other/8918915413/riak_sysmon-tag-1.1.3/riak_sysmon/src/riak_sysmon_testhandler.erl" -> "/home/pete/wefwefwef/docs/other/8918915413/repo/1.1.3/.xml/riak_sysmon/riak_sysmon_testhandler.xml"
/home/pete/wefwefwef/docs/other/8918915413/riak_sysmon-tag-1.1.3/riak_sysmon/src/riak_sysmon_testhandler.erl, in module footer: at line 41: tag @doc not allowed here.
/home/pete/wefwefwef/docs/other/8918915413/riak_sysmon-tag-1.1.3/riak_sysmon/src/riak_sysmon_testhandler.erl, in module footer: at line 44: tag @spec not allowed here.
/home/pete/wefwefwef/docs/other/8918915413/riak_sysmon-tag-1.1.3/riak_sysmon/src/riak_sysmon_testhandler.erl, in module footer: at line 51: multiple @doc tag.
/home/pete/wefwefwef/docs/other/8918915413/riak_sysmon-tag-1.1.3/riak_sysmon/src/riak_sysmon_testhandler.erl, in module footer: at line 54: multiple @spec tag.
/home/pete/wefwefwef/docs/other/8918915413/riak_sysmon-tag-1.1.3/riak_sysmon/src/riak_sysmon_testhandler.erl, in module footer: at line 68: tag @private not allowed here.
/home/pete/wefwefwef/docs/other/8918915413/riak_sysmon-tag-1.1.3/riak_sysmon/src/riak_sysmon_testhandler.erl, in module footer: at line 69: multiple @doc tag.
/home/pete/wefwefwef/docs/other/8918915413/riak_sysmon-tag-1.1.3/riak_sysmon/src/riak_sysmon_testhandler.erl, in module footer: at line 73: multiple @spec tag.
/home/pete/wefwefwef/docs/other/8918915413/riak_sysmon-tag-1.1.3/riak_sysmon/src/riak_sysmon_testhandler.erl, in module footer: at line 80: multiple @private tag.
/home/pete/wefwefwef/docs/other/8918915413/riak_sysmon-tag-1.1.3/riak_sysmon/src/riak_sysmon_testhandler.erl, in module footer: at line 81: multiple @doc tag.
/home/pete/wefwefwef/docs/other/8918915413/riak_sysmon-tag-1.1.3/riak_sysmon/src/riak_sysmon_testhandler.erl, in module footer: at line 86: multiple @spec tag.
/home/pete/wefwefwef/docs/other/8918915413/riak_sysmon-tag-1.1.3/riak_sysmon/src/riak_sysmon_testhandler.erl, in module footer: at line 96: multiple @private tag.
/home/pete/wefwefwef/docs/other/8918915413/riak_sysmon-tag-1.1.3/riak_sysmon/src/riak_sysmon_testhandler.erl, in module footer: at line 97: multiple @doc tag.
/home/pete/wefwefwef/docs/other/8918915413/riak_sysmon-tag-1.1.3/riak_sysmon/src/riak_sysmon_testhandler.erl, in module footer: at line 102: multiple @spec tag.
/home/pete/wefwefwef/docs/other/8918915413/riak_sysmon-tag-1.1.3/riak_sysmon/src/riak_sysmon_testhandler.erl, in module footer: at line 115: multiple @private tag.
/home/pete/wefwefwef/docs/other/8918915413/riak_sysmon-tag-1.1.3/riak_sysmon/src/riak_sysmon_testhandler.erl, in module footer: at line 116: multiple @doc tag.
/home/pete/wefwefwef/docs/other/8918915413/riak_sysmon-tag-1.1.3/riak_sysmon/src/riak_sysmon_testhandler.erl, in module footer: at line 121: multiple @spec tag.
/home/pete/wefwefwef/docs/other/8918915413/riak_sysmon-tag-1.1.3/riak_sysmon/src/riak_sysmon_testhandler.erl, in module footer: at line 131: multiple @private tag.
/home/pete/wefwefwef/docs/other/8918915413/riak_sysmon-tag-1.1.3/riak_sysmon/src/riak_sysmon_testhandler.erl, in module footer: at line 132: multiple @doc tag.
/home/pete/wefwefwef/docs/other/8918915413/riak_sysmon-tag-1.1.3/riak_sysmon/src/riak_sysmon_testhandler.erl, in module footer: at line 137: multiple @spec tag.
/home/pete/wefwefwef/docs/other/8918915413/riak_sysmon-tag-1.1.3/riak_sysmon/src/riak_sysmon_testhandler.erl, in module footer: at line 144: multiple @private tag.
/home/pete/wefwefwef/docs/other/8918915413/riak_sysmon-tag-1.1.3/riak_sysmon/src/riak_sysmon_testhandler.erl, in module footer: at line 145: multiple @doc tag.
/home/pete/wefwefwef/docs/other/8918915413/riak_sysmon-tag-1.1.3/riak_sysmon/src/riak_sysmon_testhandler.erl, in module footer: at line 148: multiple @spec tag.
Error generating XML ("/home/pete/wefwefwef/docs/other/8918915413/riak_sysmon-tag-1.1.3/riak_sysmon/src/riak_sysmon_testhandler.erl"): {'EXIT',
                                                                                                                                        error}
Generating HTML - riak_sysmon_sup "/home/pete/wefwefwef/docs/other/8918915413/repo/1.1.3/.xml/riak_sysmon/riak_sysmon_sup.xml"
Generating HTML - riak_sysmon_filter "/home/pete/wefwefwef/docs/other/8918915413/repo/1.1.3/.xml/riak_sysmon/riak_sysmon_filter.xml"
Generating HTML - riak_sysmon_example_handler "/home/pete/wefwefwef/docs/other/8918915413/repo/1.1.3/.xml/riak_sysmon/riak_sysmon_example_handler.xml"
Generating HTML - riak_sysmon_app "/home/pete/wefwefwef/docs/other/8918915413/repo/1.1.3/.xml/riak_sysmon/riak_sysmon_app.xml"
Reading XML for "/home/pete/wefwefwef/docs/other/8918915413/repo/1.1.3/.xml/riak_sysmon/riak_sysmon_sup.xml"
Reading XML for "/home/pete/wefwefwef/docs/other/8918915413/repo/1.1.3/.xml/riak_sysmon/riak_sysmon_filter.xml"
Reading XML for "/home/pete/wefwefwef/docs/other/8918915413/repo/1.1.3/.xml/riak_sysmon/riak_sysmon_example_handler.xml"
Reading XML for "/home/pete/wefwefwef/docs/other/8918915413/repo/1.1.3/.xml/riak_sysmon/riak_sysmon_app.xml"
Reading XML for "/home/pete/wefwefwef/docs/other/8918915413/repo/1.1.3/.xml/specs_riak_sysmon_sup.xml"
Reading XML for "/home/pete/wefwefwef/docs/other/8918915413/repo/1.1.3/.xml/specs_riak_sysmon_filter.xml"
Reading XML for "/home/pete/wefwefwef/docs/other/8918915413/repo/1.1.3/.xml/specs_riak_sysmon_app.xml"
Reading XML for "/home/pete/wefwefwef/docs/other/8918915413/repo/1.1.3/.xml/specs_riak_sysmon_example_handler.xml"
Creating index.html ...
Creating erldocs_index.js ...
Woot, finished in 0 Minutes 0 Seconds
 :: Discovering other repos
$ 5000  `rm -r '/home/pete/wefwefwef/docs/other/8918915413/riak_sysmon-tag-1.1.3'  2>&1`
 :: Processing https://github.com/basho/riak_sysmon	{rev,tag,"2.0.0","8362bc1046c8f5c749b1f6e61eb9571b0d5a5f47",undefined,[],[]}
 :: Fetching repo code
$ cd "/home/pete/wefwefwef/docs/other/8918915413/riak_sysmon-tag-2.0.0/riak_sysmon"
$ infinity  `curl --fail --silent --show-error --location --output '2.0.0.zip' 'https://github.com/basho/riak_sysmon/archive/2.0.0.zip'  2>&1`
$ cd "/home/pete/wefwefwef/docs/erldocs_other.git"
$ cd "/home/pete/wefwefwef/docs/other/8918915413/riak_sysmon-tag-2.0.0/riak_sysmon"
$ 5000  `find -P . -type l -delete  2>&1`
$ cd "/home/pete/wefwefwef/docs/erldocs_other.git"
$ cd "/home/pete/wefwefwef/docs/other/8918915413/riak_sysmon-tag-2.0.0/riak_sysmon"
$ 5000  `find 'riak_sysmon-2.0.0' -mindepth 1 -maxdepth 1 -exec mv -t . -- {} +  2>&1`
$ cd "/home/pete/wefwefwef/docs/erldocs_other.git"
 :: Getting dependencies
$ cd "/home/pete/wefwefwef/docs/other/8918915413/riak_sysmon-tag-2.0.0/riak_sysmon"
$ infinity  `rebar --config '/home/pete/wefwefwef/docs/other/8918915413/riak_sysmon-tag-2.0.0/rebar_deps' get-deps  2>&1`
$ cd "/home/pete/wefwefwef/docs/erldocs_other.git"
$ cd "/home/pete/wefwefwef/docs/other/8918915413/riak_sysmon-tag-2.0.0/riak_sysmon"
$ 5000  `find -P . -type l -delete  2>&1`
$ cd "/home/pete/wefwefwef/docs/erldocs_other.git"
$ cd "/home/pete/wefwefwef/docs/other/8918915413/riak_sysmon-tag-2.0.0/riak_sysmon"
$ 5000  `ls -1 deps/  2>&1`
$ cd "/home/pete/wefwefwef/docs/erldocs_other.git"
>>> [rebar] deps = ["cuttlefish","getopt","goldrush","lager","neotoma"]
 :: Generating erldocs into /home/pete/wefwefwef/docs/other/8918915413/repo/2.0.0
Building riak_sysmon
Generating Type Specs - "/home/pete/wefwefwef/docs/other/8918915413/riak_sysmon-tag-2.0.0/riak_sysmon/src/riak_sysmon_app.erl"
Generating Type Specs - "/home/pete/wefwefwef/docs/other/8918915413/riak_sysmon-tag-2.0.0/riak_sysmon/src/riak_sysmon_example_handler.erl"
Generating Type Specs - "/home/pete/wefwefwef/docs/other/8918915413/riak_sysmon-tag-2.0.0/riak_sysmon/src/riak_sysmon_filter.erl"
Generating Type Specs - "/home/pete/wefwefwef/docs/other/8918915413/riak_sysmon-tag-2.0.0/riak_sysmon/src/riak_sysmon_sup.erl"
Generating Type Specs - "/home/pete/wefwefwef/docs/other/8918915413/riak_sysmon-tag-2.0.0/riak_sysmon/src/riak_sysmon_testhandler.erl"
Generating XML for application riak_sysmon "/home/pete/wefwefwef/docs/other/8918915413/riak_sysmon-tag-2.0.0/riak_sysmon" -> "/home/pete/wefwefwef/docs/other/8918915413/repo/2.0.0/.xml/riak_sysmon"
/home/pete/wefwefwef/docs/other/8918915413/riak_sysmon-tag-2.0.0/riak_sysmon/src/riak_sysmon_testhandler.erl, in module footer: at line 41: tag @doc not allowed here.
/home/pete/wefwefwef/docs/other/8918915413/riak_sysmon-tag-2.0.0/riak_sysmon/src/riak_sysmon_testhandler.erl, in module footer: at line 44: tag @spec not allowed here.
/home/pete/wefwefwef/docs/other/8918915413/riak_sysmon-tag-2.0.0/riak_sysmon/src/riak_sysmon_testhandler.erl, in module footer: at line 51: multiple @doc tag.
/home/pete/wefwefwef/docs/other/8918915413/riak_sysmon-tag-2.0.0/riak_sysmon/src/riak_sysmon_testhandler.erl, in module footer: at line 54: multiple @spec tag.
/home/pete/wefwefwef/docs/other/8918915413/riak_sysmon-tag-2.0.0/riak_sysmon/src/riak_sysmon_testhandler.erl, in module footer: at line 68: tag @private not allowed here.
/home/pete/wefwefwef/docs/other/8918915413/riak_sysmon-tag-2.0.0/riak_sysmon/src/riak_sysmon_testhandler.erl, in module footer: at line 69: multiple @doc tag.
/home/pete/wefwefwef/docs/other/8918915413/riak_sysmon-tag-2.0.0/riak_sysmon/src/riak_sysmon_testhandler.erl, in module footer: at line 73: multiple @spec tag.
/home/pete/wefwefwef/docs/other/8918915413/riak_sysmon-tag-2.0.0/riak_sysmon/src/riak_sysmon_testhandler.erl, in module footer: at line 80: multiple @private tag.
/home/pete/wefwefwef/docs/other/8918915413/riak_sysmon-tag-2.0.0/riak_sysmon/src/riak_sysmon_testhandler.erl, in module footer: at line 81: multiple @doc tag.
/home/pete/wefwefwef/docs/other/8918915413/riak_sysmon-tag-2.0.0/riak_sysmon/src/riak_sysmon_testhandler.erl, in module footer: at line 86: multiple @spec tag.
/home/pete/wefwefwef/docs/other/8918915413/riak_sysmon-tag-2.0.0/riak_sysmon/src/riak_sysmon_testhandler.erl, in module footer: at line 96: multiple @private tag.
/home/pete/wefwefwef/docs/other/8918915413/riak_sysmon-tag-2.0.0/riak_sysmon/src/riak_sysmon_testhandler.erl, in module footer: at line 97: multiple @doc tag.
/home/pete/wefwefwef/docs/other/8918915413/riak_sysmon-tag-2.0.0/riak_sysmon/src/riak_sysmon_testhandler.erl, in module footer: at line 102: multiple @spec tag.
/home/pete/wefwefwef/docs/other/8918915413/riak_sysmon-tag-2.0.0/riak_sysmon/src/riak_sysmon_testhandler.erl, in module footer: at line 115: multiple @private tag.
/home/pete/wefwefwef/docs/other/8918915413/riak_sysmon-tag-2.0.0/riak_sysmon/src/riak_sysmon_testhandler.erl, in module footer: at line 116: multiple @doc tag.
/home/pete/wefwefwef/docs/other/8918915413/riak_sysmon-tag-2.0.0/riak_sysmon/src/riak_sysmon_testhandler.erl, in module footer: at line 121: multiple @spec tag.
/home/pete/wefwefwef/docs/other/8918915413/riak_sysmon-tag-2.0.0/riak_sysmon/src/riak_sysmon_testhandler.erl, in module footer: at line 131: multiple @private tag.
/home/pete/wefwefwef/docs/other/8918915413/riak_sysmon-tag-2.0.0/riak_sysmon/src/riak_sysmon_testhandler.erl, in module footer: at line 132: multiple @doc tag.
/home/pete/wefwefwef/docs/other/8918915413/riak_sysmon-tag-2.0.0/riak_sysmon/src/riak_sysmon_testhandler.erl, in module footer: at line 137: multiple @spec tag.
/home/pete/wefwefwef/docs/other/8918915413/riak_sysmon-tag-2.0.0/riak_sysmon/src/riak_sysmon_testhandler.erl, in module footer: at line 144: multiple @private tag.
/home/pete/wefwefwef/docs/other/8918915413/riak_sysmon-tag-2.0.0/riak_sysmon/src/riak_sysmon_testhandler.erl, in module footer: at line 145: multiple @doc tag.
/home/pete/wefwefwef/docs/other/8918915413/riak_sysmon-tag-2.0.0/riak_sysmon/src/riak_sysmon_testhandler.erl, in module footer: at line 148: multiple @spec tag.
edoc: skipping source file '/home/pete/wefwefwef/docs/other/8918915413/riak_sysmon-tag-2.0.0/riak_sysmon/src/riak_sysmon_testhandler.erl': {'EXIT',
                                                                                                                                      error}.
edoc: error in doclet 'edoc_doclet': {'EXIT',error}.
Error generating riak_sysmon XMLs. Using fallback ...
Generating XML riak_sysmon - riak_sysmon_app "/home/pete/wefwefwef/docs/other/8918915413/riak_sysmon-tag-2.0.0/riak_sysmon/src/riak_sysmon_app.erl" -> "/home/pete/wefwefwef/docs/other/8918915413/repo/2.0.0/.xml/riak_sysmon/riak_sysmon_app.xml"
Generating XML riak_sysmon - riak_sysmon_example_handler "/home/pete/wefwefwef/docs/other/8918915413/riak_sysmon-tag-2.0.0/riak_sysmon/src/riak_sysmon_example_handler.erl" -> "/home/pete/wefwefwef/docs/other/8918915413/repo/2.0.0/.xml/riak_sysmon/riak_sysmon_example_handler.xml"
Generating XML riak_sysmon - riak_sysmon_filter "/home/pete/wefwefwef/docs/other/8918915413/riak_sysmon-tag-2.0.0/riak_sysmon/src/riak_sysmon_filter.erl" -> "/home/pete/wefwefwef/docs/other/8918915413/repo/2.0.0/.xml/riak_sysmon/riak_sysmon_filter.xml"
Generating XML riak_sysmon - riak_sysmon_sup "/home/pete/wefwefwef/docs/other/8918915413/riak_sysmon-tag-2.0.0/riak_sysmon/src/riak_sysmon_sup.erl" -> "/home/pete/wefwefwef/docs/other/8918915413/repo/2.0.0/.xml/riak_sysmon/riak_sysmon_sup.xml"
Generating XML riak_sysmon - riak_sysmon_testhandler "/home/pete/wefwefwef/docs/other/8918915413/riak_sysmon-tag-2.0.0/riak_sysmon/src/riak_sysmon_testhandler.erl" -> "/home/pete/wefwefwef/docs/other/8918915413/repo/2.0.0/.xml/riak_sysmon/riak_sysmon_testhandler.xml"
/home/pete/wefwefwef/docs/other/8918915413/riak_sysmon-tag-2.0.0/riak_sysmon/src/riak_sysmon_testhandler.erl, in module footer: at line 41: tag @doc not allowed here.
/home/pete/wefwefwef/docs/other/8918915413/riak_sysmon-tag-2.0.0/riak_sysmon/src/riak_sysmon_testhandler.erl, in module footer: at line 44: tag @spec not allowed here.
/home/pete/wefwefwef/docs/other/8918915413/riak_sysmon-tag-2.0.0/riak_sysmon/src/riak_sysmon_testhandler.erl, in module footer: at line 51: multiple @doc tag.
/home/pete/wefwefwef/docs/other/8918915413/riak_sysmon-tag-2.0.0/riak_sysmon/src/riak_sysmon_testhandler.erl, in module footer: at line 54: multiple @spec tag.
/home/pete/wefwefwef/docs/other/8918915413/riak_sysmon-tag-2.0.0/riak_sysmon/src/riak_sysmon_testhandler.erl, in module footer: at line 68: tag @private not allowed here.
/home/pete/wefwefwef/docs/other/8918915413/riak_sysmon-tag-2.0.0/riak_sysmon/src/riak_sysmon_testhandler.erl, in module footer: at line 69: multiple @doc tag.
/home/pete/wefwefwef/docs/other/8918915413/riak_sysmon-tag-2.0.0/riak_sysmon/src/riak_sysmon_testhandler.erl, in module footer: at line 73: multiple @spec tag.
/home/pete/wefwefwef/docs/other/8918915413/riak_sysmon-tag-2.0.0/riak_sysmon/src/riak_sysmon_testhandler.erl, in module footer: at line 80: multiple @private tag.
/home/pete/wefwefwef/docs/other/8918915413/riak_sysmon-tag-2.0.0/riak_sysmon/src/riak_sysmon_testhandler.erl, in module footer: at line 81: multiple @doc tag.
/home/pete/wefwefwef/docs/other/8918915413/riak_sysmon-tag-2.0.0/riak_sysmon/src/riak_sysmon_testhandler.erl, in module footer: at line 86: multiple @spec tag.
/home/pete/wefwefwef/docs/other/8918915413/riak_sysmon-tag-2.0.0/riak_sysmon/src/riak_sysmon_testhandler.erl, in module footer: at line 96: multiple @private tag.
/home/pete/wefwefwef/docs/other/8918915413/riak_sysmon-tag-2.0.0/riak_sysmon/src/riak_sysmon_testhandler.erl, in module footer: at line 97: multiple @doc tag.
/home/pete/wefwefwef/docs/other/8918915413/riak_sysmon-tag-2.0.0/riak_sysmon/src/riak_sysmon_testhandler.erl, in module footer: at line 102: multiple @spec tag.
/home/pete/wefwefwef/docs/other/8918915413/riak_sysmon-tag-2.0.0/riak_sysmon/src/riak_sysmon_testhandler.erl, in module footer: at line 115: multiple @private tag.
/home/pete/wefwefwef/docs/other/8918915413/riak_sysmon-tag-2.0.0/riak_sysmon/src/riak_sysmon_testhandler.erl, in module footer: at line 116: multiple @doc tag.
/home/pete/wefwefwef/docs/other/8918915413/riak_sysmon-tag-2.0.0/riak_sysmon/src/riak_sysmon_testhandler.erl, in module footer: at line 121: multiple @spec tag.
/home/pete/wefwefwef/docs/other/8918915413/riak_sysmon-tag-2.0.0/riak_sysmon/src/riak_sysmon_testhandler.erl, in module footer: at line 131: multiple @private tag.
/home/pete/wefwefwef/docs/other/8918915413/riak_sysmon-tag-2.0.0/riak_sysmon/src/riak_sysmon_testhandler.erl, in module footer: at line 132: multiple @doc tag.
/home/pete/wefwefwef/docs/other/8918915413/riak_sysmon-tag-2.0.0/riak_sysmon/src/riak_sysmon_testhandler.erl, in module footer: at line 137: multiple @spec tag.
/home/pete/wefwefwef/docs/other/8918915413/riak_sysmon-tag-2.0.0/riak_sysmon/src/riak_sysmon_testhandler.erl, in module footer: at line 144: multiple @private tag.
/home/pete/wefwefwef/docs/other/8918915413/riak_sysmon-tag-2.0.0/riak_sysmon/src/riak_sysmon_testhandler.erl, in module footer: at line 145: multiple @doc tag.
/home/pete/wefwefwef/docs/other/8918915413/riak_sysmon-tag-2.0.0/riak_sysmon/src/riak_sysmon_testhandler.erl, in module footer: at line 148: multiple @spec tag.
Error generating XML ("/home/pete/wefwefwef/docs/other/8918915413/riak_sysmon-tag-2.0.0/riak_sysmon/src/riak_sysmon_testhandler.erl"): {'EXIT',
                                                                                                                                        error}
Generating HTML - riak_sysmon_sup "/home/pete/wefwefwef/docs/other/8918915413/repo/2.0.0/.xml/riak_sysmon/riak_sysmon_sup.xml"
Generating HTML - riak_sysmon_filter "/home/pete/wefwefwef/docs/other/8918915413/repo/2.0.0/.xml/riak_sysmon/riak_sysmon_filter.xml"
Generating HTML - riak_sysmon_example_handler "/home/pete/wefwefwef/docs/other/8918915413/repo/2.0.0/.xml/riak_sysmon/riak_sysmon_example_handler.xml"
Generating HTML - riak_sysmon_app "/home/pete/wefwefwef/docs/other/8918915413/repo/2.0.0/.xml/riak_sysmon/riak_sysmon_app.xml"
Reading XML for "/home/pete/wefwefwef/docs/other/8918915413/repo/2.0.0/.xml/riak_sysmon/riak_sysmon_sup.xml"
Reading XML for "/home/pete/wefwefwef/docs/other/8918915413/repo/2.0.0/.xml/riak_sysmon/riak_sysmon_filter.xml"
Reading XML for "/home/pete/wefwefwef/docs/other/8918915413/repo/2.0.0/.xml/riak_sysmon/riak_sysmon_example_handler.xml"
Reading XML for "/home/pete/wefwefwef/docs/other/8918915413/repo/2.0.0/.xml/riak_sysmon/riak_sysmon_app.xml"
Reading XML for "/home/pete/wefwefwef/docs/other/8918915413/repo/2.0.0/.xml/specs_riak_sysmon_sup.xml"
Reading XML for "/home/pete/wefwefwef/docs/other/8918915413/repo/2.0.0/.xml/specs_riak_sysmon_filter.xml"
Reading XML for "/home/pete/wefwefwef/docs/other/8918915413/repo/2.0.0/.xml/specs_riak_sysmon_example_handler.xml"
Reading XML for "/home/pete/wefwefwef/docs/other/8918915413/repo/2.0.0/.xml/specs_riak_sysmon_app.xml"
Creating index.html ...
Creating erldocs_index.js ...
Woot, finished in 0 Minutes 0 Seconds
 :: Discovering other repos
$ 5000  `rm -r '/home/pete/wefwefwef/docs/other/8918915413/riak_sysmon-tag-2.0.0'  2>&1`
 :: Processing https://github.com/basho/riak_sysmon	{rev,tag,"2.0.0beta1","ee3bb982452f0ac224001c197e46ef7952effeb2",undefined,[],[]}
 :: Fetching repo code
$ cd "/home/pete/wefwefwef/docs/other/8918915413/riak_sysmon-tag-2.0.0beta1/riak_sysmon"
$ infinity  `curl --fail --silent --show-error --location --output '2.0.0beta1.zip' 'https://github.com/basho/riak_sysmon/archive/2.0.0beta1.zip'  2>&1`
$ cd "/home/pete/wefwefwef/docs/erldocs_other.git"
$ cd "/home/pete/wefwefwef/docs/other/8918915413/riak_sysmon-tag-2.0.0beta1/riak_sysmon"
$ 5000  `find -P . -type l -delete  2>&1`
$ cd "/home/pete/wefwefwef/docs/erldocs_other.git"
$ cd "/home/pete/wefwefwef/docs/other/8918915413/riak_sysmon-tag-2.0.0beta1/riak_sysmon"
$ 5000  `find 'riak_sysmon-2.0.0beta1' -mindepth 1 -maxdepth 1 -exec mv -t . -- {} +  2>&1`
$ cd "/home/pete/wefwefwef/docs/erldocs_other.git"
 :: Getting dependencies
$ cd "/home/pete/wefwefwef/docs/other/8918915413/riak_sysmon-tag-2.0.0beta1/riak_sysmon"
$ infinity  `rebar --config '/home/pete/wefwefwef/docs/other/8918915413/riak_sysmon-tag-2.0.0beta1/rebar_deps' get-deps  2>&1`
$ cd "/home/pete/wefwefwef/docs/erldocs_other.git"
$ cd "/home/pete/wefwefwef/docs/other/8918915413/riak_sysmon-tag-2.0.0beta1/riak_sysmon"
$ 5000  `find -P . -type l -delete  2>&1`
$ cd "/home/pete/wefwefwef/docs/erldocs_other.git"
$ cd "/home/pete/wefwefwef/docs/other/8918915413/riak_sysmon-tag-2.0.0beta1/riak_sysmon"
$ 5000  `ls -1 deps/  2>&1`
$ cd "/home/pete/wefwefwef/docs/erldocs_other.git"
>>> [rebar] deps = ["cuttlefish","getopt","goldrush","lager","neotoma"]
 :: Generating erldocs into /home/pete/wefwefwef/docs/other/8918915413/repo/2.0.0beta1
Building riak_sysmon
Generating Type Specs - "/home/pete/wefwefwef/docs/other/8918915413/riak_sysmon-tag-2.0.0beta1/riak_sysmon/src/riak_sysmon_app.erl"
Generating Type Specs - "/home/pete/wefwefwef/docs/other/8918915413/riak_sysmon-tag-2.0.0beta1/riak_sysmon/src/riak_sysmon_example_handler.erl"
Generating Type Specs - "/home/pete/wefwefwef/docs/other/8918915413/riak_sysmon-tag-2.0.0beta1/riak_sysmon/src/riak_sysmon_filter.erl"
Generating Type Specs - "/home/pete/wefwefwef/docs/other/8918915413/riak_sysmon-tag-2.0.0beta1/riak_sysmon/src/riak_sysmon_sup.erl"
Generating Type Specs - "/home/pete/wefwefwef/docs/other/8918915413/riak_sysmon-tag-2.0.0beta1/riak_sysmon/src/riak_sysmon_testhandler.erl"
Generating XML for application riak_sysmon "/home/pete/wefwefwef/docs/other/8918915413/riak_sysmon-tag-2.0.0beta1/riak_sysmon" -> "/home/pete/wefwefwef/docs/other/8918915413/repo/2.0.0beta1/.xml/riak_sysmon"
/home/pete/wefwefwef/docs/other/8918915413/riak_sysmon-tag-2.0.0beta1/riak_sysmon/src/riak_sysmon_testhandler.erl, in module footer: at line 41: tag @doc not allowed here.
/home/pete/wefwefwef/docs/other/8918915413/riak_sysmon-tag-2.0.0beta1/riak_sysmon/src/riak_sysmon_testhandler.erl, in module footer: at line 44: tag @spec not allowed here.
/home/pete/wefwefwef/docs/other/8918915413/riak_sysmon-tag-2.0.0beta1/riak_sysmon/src/riak_sysmon_testhandler.erl, in module footer: at line 51: multiple @doc tag.
/home/pete/wefwefwef/docs/other/8918915413/riak_sysmon-tag-2.0.0beta1/riak_sysmon/src/riak_sysmon_testhandler.erl, in module footer: at line 54: multiple @spec tag.
/home/pete/wefwefwef/docs/other/8918915413/riak_sysmon-tag-2.0.0beta1/riak_sysmon/src/riak_sysmon_testhandler.erl, in module footer: at line 68: tag @private not allowed here.
/home/pete/wefwefwef/docs/other/8918915413/riak_sysmon-tag-2.0.0beta1/riak_sysmon/src/riak_sysmon_testhandler.erl, in module footer: at line 69: multiple @doc tag.
/home/pete/wefwefwef/docs/other/8918915413/riak_sysmon-tag-2.0.0beta1/riak_sysmon/src/riak_sysmon_testhandler.erl, in module footer: at line 73: multiple @spec tag.
/home/pete/wefwefwef/docs/other/8918915413/riak_sysmon-tag-2.0.0beta1/riak_sysmon/src/riak_sysmon_testhandler.erl, in module footer: at line 80: multiple @private tag.
/home/pete/wefwefwef/docs/other/8918915413/riak_sysmon-tag-2.0.0beta1/riak_sysmon/src/riak_sysmon_testhandler.erl, in module footer: at line 81: multiple @doc tag.
/home/pete/wefwefwef/docs/other/8918915413/riak_sysmon-tag-2.0.0beta1/riak_sysmon/src/riak_sysmon_testhandler.erl, in module footer: at line 86: multiple @spec tag.
/home/pete/wefwefwef/docs/other/8918915413/riak_sysmon-tag-2.0.0beta1/riak_sysmon/src/riak_sysmon_testhandler.erl, in module footer: at line 96: multiple @private tag.
/home/pete/wefwefwef/docs/other/8918915413/riak_sysmon-tag-2.0.0beta1/riak_sysmon/src/riak_sysmon_testhandler.erl, in module footer: at line 97: multiple @doc tag.
/home/pete/wefwefwef/docs/other/8918915413/riak_sysmon-tag-2.0.0beta1/riak_sysmon/src/riak_sysmon_testhandler.erl, in module footer: at line 102: multiple @spec tag.
/home/pete/wefwefwef/docs/other/8918915413/riak_sysmon-tag-2.0.0beta1/riak_sysmon/src/riak_sysmon_testhandler.erl, in module footer: at line 115: multiple @private tag.
/home/pete/wefwefwef/docs/other/8918915413/riak_sysmon-tag-2.0.0beta1/riak_sysmon/src/riak_sysmon_testhandler.erl, in module footer: at line 116: multiple @doc tag.
/home/pete/wefwefwef/docs/other/8918915413/riak_sysmon-tag-2.0.0beta1/riak_sysmon/src/riak_sysmon_testhandler.erl, in module footer: at line 121: multiple @spec tag.
/home/pete/wefwefwef/docs/other/8918915413/riak_sysmon-tag-2.0.0beta1/riak_sysmon/src/riak_sysmon_testhandler.erl, in module footer: at line 131: multiple @private tag.
/home/pete/wefwefwef/docs/other/8918915413/riak_sysmon-tag-2.0.0beta1/riak_sysmon/src/riak_sysmon_testhandler.erl, in module footer: at line 132: multiple @doc tag.
/home/pete/wefwefwef/docs/other/8918915413/riak_sysmon-tag-2.0.0beta1/riak_sysmon/src/riak_sysmon_testhandler.erl, in module footer: at line 137: multiple @spec tag.
/home/pete/wefwefwef/docs/other/8918915413/riak_sysmon-tag-2.0.0beta1/riak_sysmon/src/riak_sysmon_testhandler.erl, in module footer: at line 144: multiple @private tag.
/home/pete/wefwefwef/docs/other/8918915413/riak_sysmon-tag-2.0.0beta1/riak_sysmon/src/riak_sysmon_testhandler.erl, in module footer: at line 145: multiple @doc tag.
/home/pete/wefwefwef/docs/other/8918915413/riak_sysmon-tag-2.0.0beta1/riak_sysmon/src/riak_sysmon_testhandler.erl, in module footer: at line 148: multiple @spec tag.
edoc: skipping source file '/home/pete/wefwefwef/docs/other/8918915413/riak_sysmon-tag-2.0.0beta1/riak_sysmon/src/riak_sysmon_testhandler.erl': {'EXIT',
                                                                                                                                           error}.
edoc: error in doclet 'edoc_doclet': {'EXIT',error}.
Error generating riak_sysmon XMLs. Using fallback ...
Generating XML riak_sysmon - riak_sysmon_app "/home/pete/wefwefwef/docs/other/8918915413/riak_sysmon-tag-2.0.0beta1/riak_sysmon/src/riak_sysmon_app.erl" -> "/home/pete/wefwefwef/docs/other/8918915413/repo/2.0.0beta1/.xml/riak_sysmon/riak_sysmon_app.xml"
Generating XML riak_sysmon - riak_sysmon_example_handler "/home/pete/wefwefwef/docs/other/8918915413/riak_sysmon-tag-2.0.0beta1/riak_sysmon/src/riak_sysmon_example_handler.erl" -> "/home/pete/wefwefwef/docs/other/8918915413/repo/2.0.0beta1/.xml/riak_sysmon/riak_sysmon_example_handler.xml"
Generating XML riak_sysmon - riak_sysmon_filter "/home/pete/wefwefwef/docs/other/8918915413/riak_sysmon-tag-2.0.0beta1/riak_sysmon/src/riak_sysmon_filter.erl" -> "/home/pete/wefwefwef/docs/other/8918915413/repo/2.0.0beta1/.xml/riak_sysmon/riak_sysmon_filter.xml"
Generating XML riak_sysmon - riak_sysmon_sup "/home/pete/wefwefwef/docs/other/8918915413/riak_sysmon-tag-2.0.0beta1/riak_sysmon/src/riak_sysmon_sup.erl" -> "/home/pete/wefwefwef/docs/other/8918915413/repo/2.0.0beta1/.xml/riak_sysmon/riak_sysmon_sup.xml"
Generating XML riak_sysmon - riak_sysmon_testhandler "/home/pete/wefwefwef/docs/other/8918915413/riak_sysmon-tag-2.0.0beta1/riak_sysmon/src/riak_sysmon_testhandler.erl" -> "/home/pete/wefwefwef/docs/other/8918915413/repo/2.0.0beta1/.xml/riak_sysmon/riak_sysmon_testhandler.xml"
/home/pete/wefwefwef/docs/other/8918915413/riak_sysmon-tag-2.0.0beta1/riak_sysmon/src/riak_sysmon_testhandler.erl, in module footer: at line 41: tag @doc not allowed here.
/home/pete/wefwefwef/docs/other/8918915413/riak_sysmon-tag-2.0.0beta1/riak_sysmon/src/riak_sysmon_testhandler.erl, in module footer: at line 44: tag @spec not allowed here.
/home/pete/wefwefwef/docs/other/8918915413/riak_sysmon-tag-2.0.0beta1/riak_sysmon/src/riak_sysmon_testhandler.erl, in module footer: at line 51: multiple @doc tag.
/home/pete/wefwefwef/docs/other/8918915413/riak_sysmon-tag-2.0.0beta1/riak_sysmon/src/riak_sysmon_testhandler.erl, in module footer: at line 54: multiple @spec tag.
/home/pete/wefwefwef/docs/other/8918915413/riak_sysmon-tag-2.0.0beta1/riak_sysmon/src/riak_sysmon_testhandler.erl, in module footer: at line 68: tag @private not allowed here.
/home/pete/wefwefwef/docs/other/8918915413/riak_sysmon-tag-2.0.0beta1/riak_sysmon/src/riak_sysmon_testhandler.erl, in module footer: at line 69: multiple @doc tag.
/home/pete/wefwefwef/docs/other/8918915413/riak_sysmon-tag-2.0.0beta1/riak_sysmon/src/riak_sysmon_testhandler.erl, in module footer: at line 73: multiple @spec tag.
/home/pete/wefwefwef/docs/other/8918915413/riak_sysmon-tag-2.0.0beta1/riak_sysmon/src/riak_sysmon_testhandler.erl, in module footer: at line 80: multiple @private tag.
/home/pete/wefwefwef/docs/other/8918915413/riak_sysmon-tag-2.0.0beta1/riak_sysmon/src/riak_sysmon_testhandler.erl, in module footer: at line 81: multiple @doc tag.
/home/pete/wefwefwef/docs/other/8918915413/riak_sysmon-tag-2.0.0beta1/riak_sysmon/src/riak_sysmon_testhandler.erl, in module footer: at line 86: multiple @spec tag.
/home/pete/wefwefwef/docs/other/8918915413/riak_sysmon-tag-2.0.0beta1/riak_sysmon/src/riak_sysmon_testhandler.erl, in module footer: at line 96: multiple @private tag.
/home/pete/wefwefwef/docs/other/8918915413/riak_sysmon-tag-2.0.0beta1/riak_sysmon/src/riak_sysmon_testhandler.erl, in module footer: at line 97: multiple @doc tag.
/home/pete/wefwefwef/docs/other/8918915413/riak_sysmon-tag-2.0.0beta1/riak_sysmon/src/riak_sysmon_testhandler.erl, in module footer: at line 102: multiple @spec tag.
/home/pete/wefwefwef/docs/other/8918915413/riak_sysmon-tag-2.0.0beta1/riak_sysmon/src/riak_sysmon_testhandler.erl, in module footer: at line 115: multiple @private tag.
/home/pete/wefwefwef/docs/other/8918915413/riak_sysmon-tag-2.0.0beta1/riak_sysmon/src/riak_sysmon_testhandler.erl, in module footer: at line 116: multiple @doc tag.
/home/pete/wefwefwef/docs/other/8918915413/riak_sysmon-tag-2.0.0beta1/riak_sysmon/src/riak_sysmon_testhandler.erl, in module footer: at line 121: multiple @spec tag.
/home/pete/wefwefwef/docs/other/8918915413/riak_sysmon-tag-2.0.0beta1/riak_sysmon/src/riak_sysmon_testhandler.erl, in module footer: at line 131: multiple @private tag.
/home/pete/wefwefwef/docs/other/8918915413/riak_sysmon-tag-2.0.0beta1/riak_sysmon/src/riak_sysmon_testhandler.erl, in module footer: at line 132: multiple @doc tag.
/home/pete/wefwefwef/docs/other/8918915413/riak_sysmon-tag-2.0.0beta1/riak_sysmon/src/riak_sysmon_testhandler.erl, in module footer: at line 137: multiple @spec tag.
/home/pete/wefwefwef/docs/other/8918915413/riak_sysmon-tag-2.0.0beta1/riak_sysmon/src/riak_sysmon_testhandler.erl, in module footer: at line 144: multiple @private tag.
/home/pete/wefwefwef/docs/other/8918915413/riak_sysmon-tag-2.0.0beta1/riak_sysmon/src/riak_sysmon_testhandler.erl, in module footer: at line 145: multiple @doc tag.
/home/pete/wefwefwef/docs/other/8918915413/riak_sysmon-tag-2.0.0beta1/riak_sysmon/src/riak_sysmon_testhandler.erl, in module footer: at line 148: multiple @spec tag.
Error generating XML ("/home/pete/wefwefwef/docs/other/8918915413/riak_sysmon-tag-2.0.0beta1/riak_sysmon/src/riak_sysmon_testhandler.erl"): {'EXIT',
                                                                                                                                             error}
Generating HTML - riak_sysmon_sup "/home/pete/wefwefwef/docs/other/8918915413/repo/2.0.0beta1/.xml/riak_sysmon/riak_sysmon_sup.xml"
Generating HTML - riak_sysmon_filter "/home/pete/wefwefwef/docs/other/8918915413/repo/2.0.0beta1/.xml/riak_sysmon/riak_sysmon_filter.xml"
Generating HTML - riak_sysmon_example_handler "/home/pete/wefwefwef/docs/other/8918915413/repo/2.0.0beta1/.xml/riak_sysmon/riak_sysmon_example_handler.xml"
Generating HTML - riak_sysmon_app "/home/pete/wefwefwef/docs/other/8918915413/repo/2.0.0beta1/.xml/riak_sysmon/riak_sysmon_app.xml"
Reading XML for "/home/pete/wefwefwef/docs/other/8918915413/repo/2.0.0beta1/.xml/riak_sysmon/riak_sysmon_sup.xml"
Reading XML for "/home/pete/wefwefwef/docs/other/8918915413/repo/2.0.0beta1/.xml/riak_sysmon/riak_sysmon_filter.xml"
Reading XML for "/home/pete/wefwefwef/docs/other/8918915413/repo/2.0.0beta1/.xml/riak_sysmon/riak_sysmon_example_handler.xml"
Reading XML for "/home/pete/wefwefwef/docs/other/8918915413/repo/2.0.0beta1/.xml/riak_sysmon/riak_sysmon_app.xml"
Reading XML for "/home/pete/wefwefwef/docs/other/8918915413/repo/2.0.0beta1/.xml/specs_riak_sysmon_sup.xml"
Reading XML for "/home/pete/wefwefwef/docs/other/8918915413/repo/2.0.0beta1/.xml/specs_riak_sysmon_example_handler.xml"
Reading XML for "/home/pete/wefwefwef/docs/other/8918915413/repo/2.0.0beta1/.xml/specs_riak_sysmon_app.xml"
Reading XML for "/home/pete/wefwefwef/docs/other/8918915413/repo/2.0.0beta1/.xml/specs_riak_sysmon_filter.xml"
Creating index.html ...
Creating erldocs_index.js ...
Woot, finished in 0 Minutes 0 Seconds
 :: Discovering other repos
$ 5000  `rm -r '/home/pete/wefwefwef/docs/other/8918915413/riak_sysmon-tag-2.0.0beta1'  2>&1`
 :: Processing https://github.com/basho/riak_sysmon	{rev,tag,"2.0.0rc1","ee3bb982452f0ac224001c197e46ef7952effeb2",undefined,[],[]}
 :: Fetching repo code
$ cd "/home/pete/wefwefwef/docs/other/8918915413/riak_sysmon-tag-2.0.0rc1/riak_sysmon"
$ infinity  `curl --fail --silent --show-error --location --output '2.0.0rc1.zip' 'https://github.com/basho/riak_sysmon/archive/2.0.0rc1.zip'  2>&1`
$ cd "/home/pete/wefwefwef/docs/erldocs_other.git"
$ cd "/home/pete/wefwefwef/docs/other/8918915413/riak_sysmon-tag-2.0.0rc1/riak_sysmon"
$ 5000  `find -P . -type l -delete  2>&1`
$ cd "/home/pete/wefwefwef/docs/erldocs_other.git"
$ cd "/home/pete/wefwefwef/docs/other/8918915413/riak_sysmon-tag-2.0.0rc1/riak_sysmon"
$ 5000  `find 'riak_sysmon-2.0.0rc1' -mindepth 1 -maxdepth 1 -exec mv -t . -- {} +  2>&1`
$ cd "/home/pete/wefwefwef/docs/erldocs_other.git"
 :: Getting dependencies
$ cd "/home/pete/wefwefwef/docs/other/8918915413/riak_sysmon-tag-2.0.0rc1/riak_sysmon"
$ infinity  `rebar --config '/home/pete/wefwefwef/docs/other/8918915413/riak_sysmon-tag-2.0.0rc1/rebar_deps' get-deps  2>&1`
$ cd "/home/pete/wefwefwef/docs/erldocs_other.git"
$ cd "/home/pete/wefwefwef/docs/other/8918915413/riak_sysmon-tag-2.0.0rc1/riak_sysmon"
$ 5000  `find -P . -type l -delete  2>&1`
$ cd "/home/pete/wefwefwef/docs/erldocs_other.git"
$ cd "/home/pete/wefwefwef/docs/other/8918915413/riak_sysmon-tag-2.0.0rc1/riak_sysmon"
$ 5000  `ls -1 deps/  2>&1`
$ cd "/home/pete/wefwefwef/docs/erldocs_other.git"
>>> [rebar] deps = ["cuttlefish","getopt","goldrush","lager","neotoma"]
 :: Generating erldocs into /home/pete/wefwefwef/docs/other/8918915413/repo/2.0.0rc1
Building riak_sysmon
Generating Type Specs - "/home/pete/wefwefwef/docs/other/8918915413/riak_sysmon-tag-2.0.0rc1/riak_sysmon/src/riak_sysmon_app.erl"
Generating Type Specs - "/home/pete/wefwefwef/docs/other/8918915413/riak_sysmon-tag-2.0.0rc1/riak_sysmon/src/riak_sysmon_example_handler.erl"
Generating Type Specs - "/home/pete/wefwefwef/docs/other/8918915413/riak_sysmon-tag-2.0.0rc1/riak_sysmon/src/riak_sysmon_filter.erl"
Generating Type Specs - "/home/pete/wefwefwef/docs/other/8918915413/riak_sysmon-tag-2.0.0rc1/riak_sysmon/src/riak_sysmon_sup.erl"
Generating Type Specs - "/home/pete/wefwefwef/docs/other/8918915413/riak_sysmon-tag-2.0.0rc1/riak_sysmon/src/riak_sysmon_testhandler.erl"
Generating XML for application riak_sysmon "/home/pete/wefwefwef/docs/other/8918915413/riak_sysmon-tag-2.0.0rc1/riak_sysmon" -> "/home/pete/wefwefwef/docs/other/8918915413/repo/2.0.0rc1/.xml/riak_sysmon"
/home/pete/wefwefwef/docs/other/8918915413/riak_sysmon-tag-2.0.0rc1/riak_sysmon/src/riak_sysmon_testhandler.erl, in module footer: at line 41: tag @doc not allowed here.
/home/pete/wefwefwef/docs/other/8918915413/riak_sysmon-tag-2.0.0rc1/riak_sysmon/src/riak_sysmon_testhandler.erl, in module footer: at line 44: tag @spec not allowed here.
/home/pete/wefwefwef/docs/other/8918915413/riak_sysmon-tag-2.0.0rc1/riak_sysmon/src/riak_sysmon_testhandler.erl, in module footer: at line 51: multiple @doc tag.
/home/pete/wefwefwef/docs/other/8918915413/riak_sysmon-tag-2.0.0rc1/riak_sysmon/src/riak_sysmon_testhandler.erl, in module footer: at line 54: multiple @spec tag.
/home/pete/wefwefwef/docs/other/8918915413/riak_sysmon-tag-2.0.0rc1/riak_sysmon/src/riak_sysmon_testhandler.erl, in module footer: at line 68: tag @private not allowed here.
/home/pete/wefwefwef/docs/other/8918915413/riak_sysmon-tag-2.0.0rc1/riak_sysmon/src/riak_sysmon_testhandler.erl, in module footer: at line 69: multiple @doc tag.
/home/pete/wefwefwef/docs/other/8918915413/riak_sysmon-tag-2.0.0rc1/riak_sysmon/src/riak_sysmon_testhandler.erl, in module footer: at line 73: multiple @spec tag.
/home/pete/wefwefwef/docs/other/8918915413/riak_sysmon-tag-2.0.0rc1/riak_sysmon/src/riak_sysmon_testhandler.erl, in module footer: at line 80: multiple @private tag.
/home/pete/wefwefwef/docs/other/8918915413/riak_sysmon-tag-2.0.0rc1/riak_sysmon/src/riak_sysmon_testhandler.erl, in module footer: at line 81: multiple @doc tag.
/home/pete/wefwefwef/docs/other/8918915413/riak_sysmon-tag-2.0.0rc1/riak_sysmon/src/riak_sysmon_testhandler.erl, in module footer: at line 86: multiple @spec tag.
/home/pete/wefwefwef/docs/other/8918915413/riak_sysmon-tag-2.0.0rc1/riak_sysmon/src/riak_sysmon_testhandler.erl, in module footer: at line 96: multiple @private tag.
/home/pete/wefwefwef/docs/other/8918915413/riak_sysmon-tag-2.0.0rc1/riak_sysmon/src/riak_sysmon_testhandler.erl, in module footer: at line 97: multiple @doc tag.
/home/pete/wefwefwef/docs/other/8918915413/riak_sysmon-tag-2.0.0rc1/riak_sysmon/src/riak_sysmon_testhandler.erl, in module footer: at line 102: multiple @spec tag.
/home/pete/wefwefwef/docs/other/8918915413/riak_sysmon-tag-2.0.0rc1/riak_sysmon/src/riak_sysmon_testhandler.erl, in module footer: at line 115: multiple @private tag.
/home/pete/wefwefwef/docs/other/8918915413/riak_sysmon-tag-2.0.0rc1/riak_sysmon/src/riak_sysmon_testhandler.erl, in module footer: at line 116: multiple @doc tag.
/home/pete/wefwefwef/docs/other/8918915413/riak_sysmon-tag-2.0.0rc1/riak_sysmon/src/riak_sysmon_testhandler.erl, in module footer: at line 121: multiple @spec tag.
/home/pete/wefwefwef/docs/other/8918915413/riak_sysmon-tag-2.0.0rc1/riak_sysmon/src/riak_sysmon_testhandler.erl, in module footer: at line 131: multiple @private tag.
/home/pete/wefwefwef/docs/other/8918915413/riak_sysmon-tag-2.0.0rc1/riak_sysmon/src/riak_sysmon_testhandler.erl, in module footer: at line 132: multiple @doc tag.
/home/pete/wefwefwef/docs/other/8918915413/riak_sysmon-tag-2.0.0rc1/riak_sysmon/src/riak_sysmon_testhandler.erl, in module footer: at line 137: multiple @spec tag.
/home/pete/wefwefwef/docs/other/8918915413/riak_sysmon-tag-2.0.0rc1/riak_sysmon/src/riak_sysmon_testhandler.erl, in module footer: at line 144: multiple @private tag.
/home/pete/wefwefwef/docs/other/8918915413/riak_sysmon-tag-2.0.0rc1/riak_sysmon/src/riak_sysmon_testhandler.erl, in module footer: at line 145: multiple @doc tag.
/home/pete/wefwefwef/docs/other/8918915413/riak_sysmon-tag-2.0.0rc1/riak_sysmon/src/riak_sysmon_testhandler.erl, in module footer: at line 148: multiple @spec tag.
edoc: skipping source file '/home/pete/wefwefwef/docs/other/8918915413/riak_sysmon-tag-2.0.0rc1/riak_sysmon/src/riak_sysmon_testhandler.erl': {'EXIT',
                                                                                                                                         error}.
edoc: error in doclet 'edoc_doclet': {'EXIT',error}.
Error generating riak_sysmon XMLs. Using fallback ...
Generating XML riak_sysmon - riak_sysmon_app "/home/pete/wefwefwef/docs/other/8918915413/riak_sysmon-tag-2.0.0rc1/riak_sysmon/src/riak_sysmon_app.erl" -> "/home/pete/wefwefwef/docs/other/8918915413/repo/2.0.0rc1/.xml/riak_sysmon/riak_sysmon_app.xml"
Generating XML riak_sysmon - riak_sysmon_example_handler "/home/pete/wefwefwef/docs/other/8918915413/riak_sysmon-tag-2.0.0rc1/riak_sysmon/src/riak_sysmon_example_handler.erl" -> "/home/pete/wefwefwef/docs/other/8918915413/repo/2.0.0rc1/.xml/riak_sysmon/riak_sysmon_example_handler.xml"
Generating XML riak_sysmon - riak_sysmon_filter "/home/pete/wefwefwef/docs/other/8918915413/riak_sysmon-tag-2.0.0rc1/riak_sysmon/src/riak_sysmon_filter.erl" -> "/home/pete/wefwefwef/docs/other/8918915413/repo/2.0.0rc1/.xml/riak_sysmon/riak_sysmon_filter.xml"
Generating XML riak_sysmon - riak_sysmon_sup "/home/pete/wefwefwef/docs/other/8918915413/riak_sysmon-tag-2.0.0rc1/riak_sysmon/src/riak_sysmon_sup.erl" -> "/home/pete/wefwefwef/docs/other/8918915413/repo/2.0.0rc1/.xml/riak_sysmon/riak_sysmon_sup.xml"
Generating XML riak_sysmon - riak_sysmon_testhandler "/home/pete/wefwefwef/docs/other/8918915413/riak_sysmon-tag-2.0.0rc1/riak_sysmon/src/riak_sysmon_testhandler.erl" -> "/home/pete/wefwefwef/docs/other/8918915413/repo/2.0.0rc1/.xml/riak_sysmon/riak_sysmon_testhandler.xml"
/home/pete/wefwefwef/docs/other/8918915413/riak_sysmon-tag-2.0.0rc1/riak_sysmon/src/riak_sysmon_testhandler.erl, in module footer: at line 41: tag @doc not allowed here.
/home/pete/wefwefwef/docs/other/8918915413/riak_sysmon-tag-2.0.0rc1/riak_sysmon/src/riak_sysmon_testhandler.erl, in module footer: at line 44: tag @spec not allowed here.
/home/pete/wefwefwef/docs/other/8918915413/riak_sysmon-tag-2.0.0rc1/riak_sysmon/src/riak_sysmon_testhandler.erl, in module footer: at line 51: multiple @doc tag.
/home/pete/wefwefwef/docs/other/8918915413/riak_sysmon-tag-2.0.0rc1/riak_sysmon/src/riak_sysmon_testhandler.erl, in module footer: at line 54: multiple @spec tag.
/home/pete/wefwefwef/docs/other/8918915413/riak_sysmon-tag-2.0.0rc1/riak_sysmon/src/riak_sysmon_testhandler.erl, in module footer: at line 68: tag @private not allowed here.
/home/pete/wefwefwef/docs/other/8918915413/riak_sysmon-tag-2.0.0rc1/riak_sysmon/src/riak_sysmon_testhandler.erl, in module footer: at line 69: multiple @doc tag.
/home/pete/wefwefwef/docs/other/8918915413/riak_sysmon-tag-2.0.0rc1/riak_sysmon/src/riak_sysmon_testhandler.erl, in module footer: at line 73: multiple @spec tag.
/home/pete/wefwefwef/docs/other/8918915413/riak_sysmon-tag-2.0.0rc1/riak_sysmon/src/riak_sysmon_testhandler.erl, in module footer: at line 80: multiple @private tag.
/home/pete/wefwefwef/docs/other/8918915413/riak_sysmon-tag-2.0.0rc1/riak_sysmon/src/riak_sysmon_testhandler.erl, in module footer: at line 81: multiple @doc tag.
/home/pete/wefwefwef/docs/other/8918915413/riak_sysmon-tag-2.0.0rc1/riak_sysmon/src/riak_sysmon_testhandler.erl, in module footer: at line 86: multiple @spec tag.
/home/pete/wefwefwef/docs/other/8918915413/riak_sysmon-tag-2.0.0rc1/riak_sysmon/src/riak_sysmon_testhandler.erl, in module footer: at line 96: multiple @private tag.
/home/pete/wefwefwef/docs/other/8918915413/riak_sysmon-tag-2.0.0rc1/riak_sysmon/src/riak_sysmon_testhandler.erl, in module footer: at line 97: multiple @doc tag.
/home/pete/wefwefwef/docs/other/8918915413/riak_sysmon-tag-2.0.0rc1/riak_sysmon/src/riak_sysmon_testhandler.erl, in module footer: at line 102: multiple @spec tag.
/home/pete/wefwefwef/docs/other/8918915413/riak_sysmon-tag-2.0.0rc1/riak_sysmon/src/riak_sysmon_testhandler.erl, in module footer: at line 115: multiple @private tag.
/home/pete/wefwefwef/docs/other/8918915413/riak_sysmon-tag-2.0.0rc1/riak_sysmon/src/riak_sysmon_testhandler.erl, in module footer: at line 116: multiple @doc tag.
/home/pete/wefwefwef/docs/other/8918915413/riak_sysmon-tag-2.0.0rc1/riak_sysmon/src/riak_sysmon_testhandler.erl, in module footer: at line 121: multiple @spec tag.
/home/pete/wefwefwef/docs/other/8918915413/riak_sysmon-tag-2.0.0rc1/riak_sysmon/src/riak_sysmon_testhandler.erl, in module footer: at line 131: multiple @private tag.
/home/pete/wefwefwef/docs/other/8918915413/riak_sysmon-tag-2.0.0rc1/riak_sysmon/src/riak_sysmon_testhandler.erl, in module footer: at line 132: multiple @doc tag.
/home/pete/wefwefwef/docs/other/8918915413/riak_sysmon-tag-2.0.0rc1/riak_sysmon/src/riak_sysmon_testhandler.erl, in module footer: at line 137: multiple @spec tag.
/home/pete/wefwefwef/docs/other/8918915413/riak_sysmon-tag-2.0.0rc1/riak_sysmon/src/riak_sysmon_testhandler.erl, in module footer: at line 144: multiple @private tag.
/home/pete/wefwefwef/docs/other/8918915413/riak_sysmon-tag-2.0.0rc1/riak_sysmon/src/riak_sysmon_testhandler.erl, in module footer: at line 145: multiple @doc tag.
/home/pete/wefwefwef/docs/other/8918915413/riak_sysmon-tag-2.0.0rc1/riak_sysmon/src/riak_sysmon_testhandler.erl, in module footer: at line 148: multiple @spec tag.
Error generating XML ("/home/pete/wefwefwef/docs/other/8918915413/riak_sysmon-tag-2.0.0rc1/riak_sysmon/src/riak_sysmon_testhandler.erl"): {'EXIT',
                                                                                                                                           error}
Generating HTML - riak_sysmon_sup "/home/pete/wefwefwef/docs/other/8918915413/repo/2.0.0rc1/.xml/riak_sysmon/riak_sysmon_sup.xml"
Generating HTML - riak_sysmon_filter "/home/pete/wefwefwef/docs/other/8918915413/repo/2.0.0rc1/.xml/riak_sysmon/riak_sysmon_filter.xml"
Generating HTML - riak_sysmon_example_handler "/home/pete/wefwefwef/docs/other/8918915413/repo/2.0.0rc1/.xml/riak_sysmon/riak_sysmon_example_handler.xml"
Generating HTML - riak_sysmon_app "/home/pete/wefwefwef/docs/other/8918915413/repo/2.0.0rc1/.xml/riak_sysmon/riak_sysmon_app.xml"
Reading XML for "/home/pete/wefwefwef/docs/other/8918915413/repo/2.0.0rc1/.xml/riak_sysmon/riak_sysmon_sup.xml"
Reading XML for "/home/pete/wefwefwef/docs/other/8918915413/repo/2.0.0rc1/.xml/riak_sysmon/riak_sysmon_filter.xml"
Reading XML for "/home/pete/wefwefwef/docs/other/8918915413/repo/2.0.0rc1/.xml/riak_sysmon/riak_sysmon_example_handler.xml"
Reading XML for "/home/pete/wefwefwef/docs/other/8918915413/repo/2.0.0rc1/.xml/riak_sysmon/riak_sysmon_app.xml"
Reading XML for "/home/pete/wefwefwef/docs/other/8918915413/repo/2.0.0rc1/.xml/specs_riak_sysmon_sup.xml"
Reading XML for "/home/pete/wefwefwef/docs/other/8918915413/repo/2.0.0rc1/.xml/specs_riak_sysmon_example_handler.xml"
Reading XML for "/home/pete/wefwefwef/docs/other/8918915413/repo/2.0.0rc1/.xml/specs_riak_sysmon_filter.xml"
Reading XML for "/home/pete/wefwefwef/docs/other/8918915413/repo/2.0.0rc1/.xml/specs_riak_sysmon_app.xml"
Creating index.html ...
Creating erldocs_index.js ...
Woot, finished in 0 Minutes 0 Seconds
 :: Discovering other repos
$ 5000  `rm -r '/home/pete/wefwefwef/docs/other/8918915413/riak_sysmon-tag-2.0.0rc1'  2>&1`
 :: Processing https://github.com/basho/riak_sysmon	{rev,tag,"2.0.0rc2","efb3b4b7262919d4d9a6cbea93b87921e654b660",undefined,[],[]}
 :: Fetching repo code
$ cd "/home/pete/wefwefwef/docs/other/8918915413/riak_sysmon-tag-2.0.0rc2/riak_sysmon"
$ infinity  `curl --fail --silent --show-error --location --output '2.0.0rc2.zip' 'https://github.com/basho/riak_sysmon/archive/2.0.0rc2.zip'  2>&1`
$ cd "/home/pete/wefwefwef/docs/erldocs_other.git"
$ cd "/home/pete/wefwefwef/docs/other/8918915413/riak_sysmon-tag-2.0.0rc2/riak_sysmon"
$ 5000  `find -P . -type l -delete  2>&1`
$ cd "/home/pete/wefwefwef/docs/erldocs_other.git"
$ cd "/home/pete/wefwefwef/docs/other/8918915413/riak_sysmon-tag-2.0.0rc2/riak_sysmon"
$ 5000  `find 'riak_sysmon-2.0.0rc2' -mindepth 1 -maxdepth 1 -exec mv -t . -- {} +  2>&1`
$ cd "/home/pete/wefwefwef/docs/erldocs_other.git"
 :: Getting dependencies
$ cd "/home/pete/wefwefwef/docs/other/8918915413/riak_sysmon-tag-2.0.0rc2/riak_sysmon"
$ infinity  `rebar --config '/home/pete/wefwefwef/docs/other/8918915413/riak_sysmon-tag-2.0.0rc2/rebar_deps' get-deps  2>&1`
$ cd "/home/pete/wefwefwef/docs/erldocs_other.git"
$ cd "/home/pete/wefwefwef/docs/other/8918915413/riak_sysmon-tag-2.0.0rc2/riak_sysmon"
$ 5000  `find -P . -type l -delete  2>&1`
$ cd "/home/pete/wefwefwef/docs/erldocs_other.git"
$ cd "/home/pete/wefwefwef/docs/other/8918915413/riak_sysmon-tag-2.0.0rc2/riak_sysmon"
$ 5000  `ls -1 deps/  2>&1`
$ cd "/home/pete/wefwefwef/docs/erldocs_other.git"
>>> [rebar] deps = ["cuttlefish","getopt","goldrush","lager","neotoma"]
 :: Generating erldocs into /home/pete/wefwefwef/docs/other/8918915413/repo/2.0.0rc2
Building riak_sysmon
Generating Type Specs - "/home/pete/wefwefwef/docs/other/8918915413/riak_sysmon-tag-2.0.0rc2/riak_sysmon/src/riak_sysmon_app.erl"
Generating Type Specs - "/home/pete/wefwefwef/docs/other/8918915413/riak_sysmon-tag-2.0.0rc2/riak_sysmon/src/riak_sysmon_example_handler.erl"
Generating Type Specs - "/home/pete/wefwefwef/docs/other/8918915413/riak_sysmon-tag-2.0.0rc2/riak_sysmon/src/riak_sysmon_filter.erl"
Generating Type Specs - "/home/pete/wefwefwef/docs/other/8918915413/riak_sysmon-tag-2.0.0rc2/riak_sysmon/src/riak_sysmon_sup.erl"
Generating Type Specs - "/home/pete/wefwefwef/docs/other/8918915413/riak_sysmon-tag-2.0.0rc2/riak_sysmon/src/riak_sysmon_testhandler.erl"
Generating XML for application riak_sysmon "/home/pete/wefwefwef/docs/other/8918915413/riak_sysmon-tag-2.0.0rc2/riak_sysmon" -> "/home/pete/wefwefwef/docs/other/8918915413/repo/2.0.0rc2/.xml/riak_sysmon"
/home/pete/wefwefwef/docs/other/8918915413/riak_sysmon-tag-2.0.0rc2/riak_sysmon/src/riak_sysmon_testhandler.erl, in module footer: at line 41: tag @doc not allowed here.
/home/pete/wefwefwef/docs/other/8918915413/riak_sysmon-tag-2.0.0rc2/riak_sysmon/src/riak_sysmon_testhandler.erl, in module footer: at line 44: tag @spec not allowed here.
/home/pete/wefwefwef/docs/other/8918915413/riak_sysmon-tag-2.0.0rc2/riak_sysmon/src/riak_sysmon_testhandler.erl, in module footer: at line 51: multiple @doc tag.
/home/pete/wefwefwef/docs/other/8918915413/riak_sysmon-tag-2.0.0rc2/riak_sysmon/src/riak_sysmon_testhandler.erl, in module footer: at line 54: multiple @spec tag.
/home/pete/wefwefwef/docs/other/8918915413/riak_sysmon-tag-2.0.0rc2/riak_sysmon/src/riak_sysmon_testhandler.erl, in module footer: at line 68: tag @private not allowed here.
/home/pete/wefwefwef/docs/other/8918915413/riak_sysmon-tag-2.0.0rc2/riak_sysmon/src/riak_sysmon_testhandler.erl, in module footer: at line 69: multiple @doc tag.
/home/pete/wefwefwef/docs/other/8918915413/riak_sysmon-tag-2.0.0rc2/riak_sysmon/src/riak_sysmon_testhandler.erl, in module footer: at line 73: multiple @spec tag.
/home/pete/wefwefwef/docs/other/8918915413/riak_sysmon-tag-2.0.0rc2/riak_sysmon/src/riak_sysmon_testhandler.erl, in module footer: at line 80: multiple @private tag.
/home/pete/wefwefwef/docs/other/8918915413/riak_sysmon-tag-2.0.0rc2/riak_sysmon/src/riak_sysmon_testhandler.erl, in module footer: at line 81: multiple @doc tag.
/home/pete/wefwefwef/docs/other/8918915413/riak_sysmon-tag-2.0.0rc2/riak_sysmon/src/riak_sysmon_testhandler.erl, in module footer: at line 86: multiple @spec tag.
/home/pete/wefwefwef/docs/other/8918915413/riak_sysmon-tag-2.0.0rc2/riak_sysmon/src/riak_sysmon_testhandler.erl, in module footer: at line 96: multiple @private tag.
/home/pete/wefwefwef/docs/other/8918915413/riak_sysmon-tag-2.0.0rc2/riak_sysmon/src/riak_sysmon_testhandler.erl, in module footer: at line 97: multiple @doc tag.
/home/pete/wefwefwef/docs/other/8918915413/riak_sysmon-tag-2.0.0rc2/riak_sysmon/src/riak_sysmon_testhandler.erl, in module footer: at line 102: multiple @spec tag.
/home/pete/wefwefwef/docs/other/8918915413/riak_sysmon-tag-2.0.0rc2/riak_sysmon/src/riak_sysmon_testhandler.erl, in module footer: at line 115: multiple @private tag.
/home/pete/wefwefwef/docs/other/8918915413/riak_sysmon-tag-2.0.0rc2/riak_sysmon/src/riak_sysmon_testhandler.erl, in module footer: at line 116: multiple @doc tag.
/home/pete/wefwefwef/docs/other/8918915413/riak_sysmon-tag-2.0.0rc2/riak_sysmon/src/riak_sysmon_testhandler.erl, in module footer: at line 121: multiple @spec tag.
/home/pete/wefwefwef/docs/other/8918915413/riak_sysmon-tag-2.0.0rc2/riak_sysmon/src/riak_sysmon_testhandler.erl, in module footer: at line 131: multiple @private tag.
/home/pete/wefwefwef/docs/other/8918915413/riak_sysmon-tag-2.0.0rc2/riak_sysmon/src/riak_sysmon_testhandler.erl, in module footer: at line 132: multiple @doc tag.
/home/pete/wefwefwef/docs/other/8918915413/riak_sysmon-tag-2.0.0rc2/riak_sysmon/src/riak_sysmon_testhandler.erl, in module footer: at line 137: multiple @spec tag.
/home/pete/wefwefwef/docs/other/8918915413/riak_sysmon-tag-2.0.0rc2/riak_sysmon/src/riak_sysmon_testhandler.erl, in module footer: at line 144: multiple @private tag.
/home/pete/wefwefwef/docs/other/8918915413/riak_sysmon-tag-2.0.0rc2/riak_sysmon/src/riak_sysmon_testhandler.erl, in module footer: at line 145: multiple @doc tag.
/home/pete/wefwefwef/docs/other/8918915413/riak_sysmon-tag-2.0.0rc2/riak_sysmon/src/riak_sysmon_testhandler.erl, in module footer: at line 148: multiple @spec tag.
edoc: skipping source file '/home/pete/wefwefwef/docs/other/8918915413/riak_sysmon-tag-2.0.0rc2/riak_sysmon/src/riak_sysmon_testhandler.erl': {'EXIT',
                                                                                                                                         error}.
edoc: error in doclet 'edoc_doclet': {'EXIT',error}.
Error generating riak_sysmon XMLs. Using fallback ...
Generating XML riak_sysmon - riak_sysmon_app "/home/pete/wefwefwef/docs/other/8918915413/riak_sysmon-tag-2.0.0rc2/riak_sysmon/src/riak_sysmon_app.erl" -> "/home/pete/wefwefwef/docs/other/8918915413/repo/2.0.0rc2/.xml/riak_sysmon/riak_sysmon_app.xml"
Generating XML riak_sysmon - riak_sysmon_example_handler "/home/pete/wefwefwef/docs/other/8918915413/riak_sysmon-tag-2.0.0rc2/riak_sysmon/src/riak_sysmon_example_handler.erl" -> "/home/pete/wefwefwef/docs/other/8918915413/repo/2.0.0rc2/.xml/riak_sysmon/riak_sysmon_example_handler.xml"
Generating XML riak_sysmon - riak_sysmon_filter "/home/pete/wefwefwef/docs/other/8918915413/riak_sysmon-tag-2.0.0rc2/riak_sysmon/src/riak_sysmon_filter.erl" -> "/home/pete/wefwefwef/docs/other/8918915413/repo/2.0.0rc2/.xml/riak_sysmon/riak_sysmon_filter.xml"
Generating XML riak_sysmon - riak_sysmon_sup "/home/pete/wefwefwef/docs/other/8918915413/riak_sysmon-tag-2.0.0rc2/riak_sysmon/src/riak_sysmon_sup.erl" -> "/home/pete/wefwefwef/docs/other/8918915413/repo/2.0.0rc2/.xml/riak_sysmon/riak_sysmon_sup.xml"
Generating XML riak_sysmon - riak_sysmon_testhandler "/home/pete/wefwefwef/docs/other/8918915413/riak_sysmon-tag-2.0.0rc2/riak_sysmon/src/riak_sysmon_testhandler.erl" -> "/home/pete/wefwefwef/docs/other/8918915413/repo/2.0.0rc2/.xml/riak_sysmon/riak_sysmon_testhandler.xml"
/home/pete/wefwefwef/docs/other/8918915413/riak_sysmon-tag-2.0.0rc2/riak_sysmon/src/riak_sysmon_testhandler.erl, in module footer: at line 41: tag @doc not allowed here.
/home/pete/wefwefwef/docs/other/8918915413/riak_sysmon-tag-2.0.0rc2/riak_sysmon/src/riak_sysmon_testhandler.erl, in module footer: at line 44: tag @spec not allowed here.
/home/pete/wefwefwef/docs/other/8918915413/riak_sysmon-tag-2.0.0rc2/riak_sysmon/src/riak_sysmon_testhandler.erl, in module footer: at line 51: multiple @doc tag.
/home/pete/wefwefwef/docs/other/8918915413/riak_sysmon-tag-2.0.0rc2/riak_sysmon/src/riak_sysmon_testhandler.erl, in module footer: at line 54: multiple @spec tag.
/home/pete/wefwefwef/docs/other/8918915413/riak_sysmon-tag-2.0.0rc2/riak_sysmon/src/riak_sysmon_testhandler.erl, in module footer: at line 68: tag @private not allowed here.
/home/pete/wefwefwef/docs/other/8918915413/riak_sysmon-tag-2.0.0rc2/riak_sysmon/src/riak_sysmon_testhandler.erl, in module footer: at line 69: multiple @doc tag.
/home/pete/wefwefwef/docs/other/8918915413/riak_sysmon-tag-2.0.0rc2/riak_sysmon/src/riak_sysmon_testhandler.erl, in module footer: at line 73: multiple @spec tag.
/home/pete/wefwefwef/docs/other/8918915413/riak_sysmon-tag-2.0.0rc2/riak_sysmon/src/riak_sysmon_testhandler.erl, in module footer: at line 80: multiple @private tag.
/home/pete/wefwefwef/docs/other/8918915413/riak_sysmon-tag-2.0.0rc2/riak_sysmon/src/riak_sysmon_testhandler.erl, in module footer: at line 81: multiple @doc tag.
/home/pete/wefwefwef/docs/other/8918915413/riak_sysmon-tag-2.0.0rc2/riak_sysmon/src/riak_sysmon_testhandler.erl, in module footer: at line 86: multiple @spec tag.
/home/pete/wefwefwef/docs/other/8918915413/riak_sysmon-tag-2.0.0rc2/riak_sysmon/src/riak_sysmon_testhandler.erl, in module footer: at line 96: multiple @private tag.
/home/pete/wefwefwef/docs/other/8918915413/riak_sysmon-tag-2.0.0rc2/riak_sysmon/src/riak_sysmon_testhandler.erl, in module footer: at line 97: multiple @doc tag.
/home/pete/wefwefwef/docs/other/8918915413/riak_sysmon-tag-2.0.0rc2/riak_sysmon/src/riak_sysmon_testhandler.erl, in module footer: at line 102: multiple @spec tag.
/home/pete/wefwefwef/docs/other/8918915413/riak_sysmon-tag-2.0.0rc2/riak_sysmon/src/riak_sysmon_testhandler.erl, in module footer: at line 115: multiple @private tag.
/home/pete/wefwefwef/docs/other/8918915413/riak_sysmon-tag-2.0.0rc2/riak_sysmon/src/riak_sysmon_testhandler.erl, in module footer: at line 116: multiple @doc tag.
/home/pete/wefwefwef/docs/other/8918915413/riak_sysmon-tag-2.0.0rc2/riak_sysmon/src/riak_sysmon_testhandler.erl, in module footer: at line 121: multiple @spec tag.
/home/pete/wefwefwef/docs/other/8918915413/riak_sysmon-tag-2.0.0rc2/riak_sysmon/src/riak_sysmon_testhandler.erl, in module footer: at line 131: multiple @private tag.
/home/pete/wefwefwef/docs/other/8918915413/riak_sysmon-tag-2.0.0rc2/riak_sysmon/src/riak_sysmon_testhandler.erl, in module footer: at line 132: multiple @doc tag.
/home/pete/wefwefwef/docs/other/8918915413/riak_sysmon-tag-2.0.0rc2/riak_sysmon/src/riak_sysmon_testhandler.erl, in module footer: at line 137: multiple @spec tag.
/home/pete/wefwefwef/docs/other/8918915413/riak_sysmon-tag-2.0.0rc2/riak_sysmon/src/riak_sysmon_testhandler.erl, in module footer: at line 144: multiple @private tag.
/home/pete/wefwefwef/docs/other/8918915413/riak_sysmon-tag-2.0.0rc2/riak_sysmon/src/riak_sysmon_testhandler.erl, in module footer: at line 145: multiple @doc tag.
/home/pete/wefwefwef/docs/other/8918915413/riak_sysmon-tag-2.0.0rc2/riak_sysmon/src/riak_sysmon_testhandler.erl, in module footer: at line 148: multiple @spec tag.
Error generating XML ("/home/pete/wefwefwef/docs/other/8918915413/riak_sysmon-tag-2.0.0rc2/riak_sysmon/src/riak_sysmon_testhandler.erl"): {'EXIT',
                                                                                                                                           error}
Generating HTML - riak_sysmon_sup "/home/pete/wefwefwef/docs/other/8918915413/repo/2.0.0rc2/.xml/riak_sysmon/riak_sysmon_sup.xml"
Generating HTML - riak_sysmon_filter "/home/pete/wefwefwef/docs/other/8918915413/repo/2.0.0rc2/.xml/riak_sysmon/riak_sysmon_filter.xml"
Generating HTML - riak_sysmon_example_handler "/home/pete/wefwefwef/docs/other/8918915413/repo/2.0.0rc2/.xml/riak_sysmon/riak_sysmon_example_handler.xml"
Generating HTML - riak_sysmon_app "/home/pete/wefwefwef/docs/other/8918915413/repo/2.0.0rc2/.xml/riak_sysmon/riak_sysmon_app.xml"
Reading XML for "/home/pete/wefwefwef/docs/other/8918915413/repo/2.0.0rc2/.xml/riak_sysmon/riak_sysmon_sup.xml"
Reading XML for "/home/pete/wefwefwef/docs/other/8918915413/repo/2.0.0rc2/.xml/riak_sysmon/riak_sysmon_filter.xml"
Reading XML for "/home/pete/wefwefwef/docs/other/8918915413/repo/2.0.0rc2/.xml/riak_sysmon/riak_sysmon_example_handler.xml"
Reading XML for "/home/pete/wefwefwef/docs/other/8918915413/repo/2.0.0rc2/.xml/riak_sysmon/riak_sysmon_app.xml"
Reading XML for "/home/pete/wefwefwef/docs/other/8918915413/repo/2.0.0rc2/.xml/specs_riak_sysmon_sup.xml"
Reading XML for "/home/pete/wefwefwef/docs/other/8918915413/repo/2.0.0rc2/.xml/specs_riak_sysmon_app.xml"
Reading XML for "/home/pete/wefwefwef/docs/other/8918915413/repo/2.0.0rc2/.xml/specs_riak_sysmon_example_handler.xml"
Reading XML for "/home/pete/wefwefwef/docs/other/8918915413/repo/2.0.0rc2/.xml/specs_riak_sysmon_filter.xml"
Creating index.html ...
Creating erldocs_index.js ...
Woot, finished in 0 Minutes 0 Seconds
 :: Discovering other repos
$ 5000  `rm -r '/home/pete/wefwefwef/docs/other/8918915413/riak_sysmon-tag-2.0.0rc2'  2>&1`
 :: Processing https://github.com/basho/riak_sysmon	{rev,tag,"2.0.1","26a58bcaba96d07df885f7b3db4d4306f995ce14",undefined,[],[]}
 :: Fetching repo code
$ cd "/home/pete/wefwefwef/docs/other/8918915413/riak_sysmon-tag-2.0.1/riak_sysmon"
$ infinity  `curl --fail --silent --show-error --location --output '2.0.1.zip' 'https://github.com/basho/riak_sysmon/archive/2.0.1.zip'  2>&1`
$ cd "/home/pete/wefwefwef/docs/erldocs_other.git"
$ cd "/home/pete/wefwefwef/docs/other/8918915413/riak_sysmon-tag-2.0.1/riak_sysmon"
$ 5000  `find -P . -type l -delete  2>&1`
$ cd "/home/pete/wefwefwef/docs/erldocs_other.git"
$ cd "/home/pete/wefwefwef/docs/other/8918915413/riak_sysmon-tag-2.0.1/riak_sysmon"
$ 5000  `find 'riak_sysmon-2.0.1' -mindepth 1 -maxdepth 1 -exec mv -t . -- {} +  2>&1`
$ cd "/home/pete/wefwefwef/docs/erldocs_other.git"
 :: Getting dependencies
$ cd "/home/pete/wefwefwef/docs/other/8918915413/riak_sysmon-tag-2.0.1/riak_sysmon"
$ infinity  `rebar --config '/home/pete/wefwefwef/docs/other/8918915413/riak_sysmon-tag-2.0.1/rebar_deps' get-deps  2>&1`
$ cd "/home/pete/wefwefwef/docs/erldocs_other.git"
$ cd "/home/pete/wefwefwef/docs/other/8918915413/riak_sysmon-tag-2.0.1/riak_sysmon"
$ 5000  `find -P . -type l -delete  2>&1`
$ cd "/home/pete/wefwefwef/docs/erldocs_other.git"
$ cd "/home/pete/wefwefwef/docs/other/8918915413/riak_sysmon-tag-2.0.1/riak_sysmon"
$ 5000  `ls -1 deps/  2>&1`
$ cd "/home/pete/wefwefwef/docs/erldocs_other.git"
>>> [rebar] deps = ["cuttlefish","getopt","goldrush","lager","neotoma"]
 :: Generating erldocs into /home/pete/wefwefwef/docs/other/8918915413/repo/2.0.1
Building riak_sysmon
Generating Type Specs - "/home/pete/wefwefwef/docs/other/8918915413/riak_sysmon-tag-2.0.1/riak_sysmon/src/riak_sysmon_app.erl"
Generating Type Specs - "/home/pete/wefwefwef/docs/other/8918915413/riak_sysmon-tag-2.0.1/riak_sysmon/src/riak_sysmon_example_handler.erl"
Generating Type Specs - "/home/pete/wefwefwef/docs/other/8918915413/riak_sysmon-tag-2.0.1/riak_sysmon/src/riak_sysmon_filter.erl"
Generating Type Specs - "/home/pete/wefwefwef/docs/other/8918915413/riak_sysmon-tag-2.0.1/riak_sysmon/src/riak_sysmon_sup.erl"
Generating Type Specs - "/home/pete/wefwefwef/docs/other/8918915413/riak_sysmon-tag-2.0.1/riak_sysmon/src/riak_sysmon_testhandler.erl"
Generating XML for application riak_sysmon "/home/pete/wefwefwef/docs/other/8918915413/riak_sysmon-tag-2.0.1/riak_sysmon" -> "/home/pete/wefwefwef/docs/other/8918915413/repo/2.0.1/.xml/riak_sysmon"
/home/pete/wefwefwef/docs/other/8918915413/riak_sysmon-tag-2.0.1/riak_sysmon/src/riak_sysmon_testhandler.erl, in module footer: at line 41: tag @doc not allowed here.
/home/pete/wefwefwef/docs/other/8918915413/riak_sysmon-tag-2.0.1/riak_sysmon/src/riak_sysmon_testhandler.erl, in module footer: at line 44: tag @spec not allowed here.
/home/pete/wefwefwef/docs/other/8918915413/riak_sysmon-tag-2.0.1/riak_sysmon/src/riak_sysmon_testhandler.erl, in module footer: at line 51: multiple @doc tag.
/home/pete/wefwefwef/docs/other/8918915413/riak_sysmon-tag-2.0.1/riak_sysmon/src/riak_sysmon_testhandler.erl, in module footer: at line 54: multiple @spec tag.
/home/pete/wefwefwef/docs/other/8918915413/riak_sysmon-tag-2.0.1/riak_sysmon/src/riak_sysmon_testhandler.erl, in module footer: at line 68: tag @private not allowed here.
/home/pete/wefwefwef/docs/other/8918915413/riak_sysmon-tag-2.0.1/riak_sysmon/src/riak_sysmon_testhandler.erl, in module footer: at line 69: multiple @doc tag.
/home/pete/wefwefwef/docs/other/8918915413/riak_sysmon-tag-2.0.1/riak_sysmon/src/riak_sysmon_testhandler.erl, in module footer: at line 73: multiple @spec tag.
/home/pete/wefwefwef/docs/other/8918915413/riak_sysmon-tag-2.0.1/riak_sysmon/src/riak_sysmon_testhandler.erl, in module footer: at line 80: multiple @private tag.
/home/pete/wefwefwef/docs/other/8918915413/riak_sysmon-tag-2.0.1/riak_sysmon/src/riak_sysmon_testhandler.erl, in module footer: at line 81: multiple @doc tag.
/home/pete/wefwefwef/docs/other/8918915413/riak_sysmon-tag-2.0.1/riak_sysmon/src/riak_sysmon_testhandler.erl, in module footer: at line 86: multiple @spec tag.
/home/pete/wefwefwef/docs/other/8918915413/riak_sysmon-tag-2.0.1/riak_sysmon/src/riak_sysmon_testhandler.erl, in module footer: at line 96: multiple @private tag.
/home/pete/wefwefwef/docs/other/8918915413/riak_sysmon-tag-2.0.1/riak_sysmon/src/riak_sysmon_testhandler.erl, in module footer: at line 97: multiple @doc tag.
/home/pete/wefwefwef/docs/other/8918915413/riak_sysmon-tag-2.0.1/riak_sysmon/src/riak_sysmon_testhandler.erl, in module footer: at line 102: multiple @spec tag.
/home/pete/wefwefwef/docs/other/8918915413/riak_sysmon-tag-2.0.1/riak_sysmon/src/riak_sysmon_testhandler.erl, in module footer: at line 115: multiple @private tag.
/home/pete/wefwefwef/docs/other/8918915413/riak_sysmon-tag-2.0.1/riak_sysmon/src/riak_sysmon_testhandler.erl, in module footer: at line 116: multiple @doc tag.
/home/pete/wefwefwef/docs/other/8918915413/riak_sysmon-tag-2.0.1/riak_sysmon/src/riak_sysmon_testhandler.erl, in module footer: at line 121: multiple @spec tag.
/home/pete/wefwefwef/docs/other/8918915413/riak_sysmon-tag-2.0.1/riak_sysmon/src/riak_sysmon_testhandler.erl, in module footer: at line 131: multiple @private tag.
/home/pete/wefwefwef/docs/other/8918915413/riak_sysmon-tag-2.0.1/riak_sysmon/src/riak_sysmon_testhandler.erl, in module footer: at line 132: multiple @doc tag.
/home/pete/wefwefwef/docs/other/8918915413/riak_sysmon-tag-2.0.1/riak_sysmon/src/riak_sysmon_testhandler.erl, in module footer: at line 137: multiple @spec tag.
/home/pete/wefwefwef/docs/other/8918915413/riak_sysmon-tag-2.0.1/riak_sysmon/src/riak_sysmon_testhandler.erl, in module footer: at line 144: multiple @private tag.
/home/pete/wefwefwef/docs/other/8918915413/riak_sysmon-tag-2.0.1/riak_sysmon/src/riak_sysmon_testhandler.erl, in module footer: at line 145: multiple @doc tag.
/home/pete/wefwefwef/docs/other/8918915413/riak_sysmon-tag-2.0.1/riak_sysmon/src/riak_sysmon_testhandler.erl, in module footer: at line 148: multiple @spec tag.
edoc: skipping source file '/home/pete/wefwefwef/docs/other/8918915413/riak_sysmon-tag-2.0.1/riak_sysmon/src/riak_sysmon_testhandler.erl': {'EXIT',
                                                                                                                                      error}.
edoc: error in doclet 'edoc_doclet': {'EXIT',error}.
Error generating riak_sysmon XMLs. Using fallback ...
Generating XML riak_sysmon - riak_sysmon_app "/home/pete/wefwefwef/docs/other/8918915413/riak_sysmon-tag-2.0.1/riak_sysmon/src/riak_sysmon_app.erl" -> "/home/pete/wefwefwef/docs/other/8918915413/repo/2.0.1/.xml/riak_sysmon/riak_sysmon_app.xml"
Generating XML riak_sysmon - riak_sysmon_example_handler "/home/pete/wefwefwef/docs/other/8918915413/riak_sysmon-tag-2.0.1/riak_sysmon/src/riak_sysmon_example_handler.erl" -> "/home/pete/wefwefwef/docs/other/8918915413/repo/2.0.1/.xml/riak_sysmon/riak_sysmon_example_handler.xml"
Generating XML riak_sysmon - riak_sysmon_filter "/home/pete/wefwefwef/docs/other/8918915413/riak_sysmon-tag-2.0.1/riak_sysmon/src/riak_sysmon_filter.erl" -> "/home/pete/wefwefwef/docs/other/8918915413/repo/2.0.1/.xml/riak_sysmon/riak_sysmon_filter.xml"
Generating XML riak_sysmon - riak_sysmon_sup "/home/pete/wefwefwef/docs/other/8918915413/riak_sysmon-tag-2.0.1/riak_sysmon/src/riak_sysmon_sup.erl" -> "/home/pete/wefwefwef/docs/other/8918915413/repo/2.0.1/.xml/riak_sysmon/riak_sysmon_sup.xml"
Generating XML riak_sysmon - riak_sysmon_testhandler "/home/pete/wefwefwef/docs/other/8918915413/riak_sysmon-tag-2.0.1/riak_sysmon/src/riak_sysmon_testhandler.erl" -> "/home/pete/wefwefwef/docs/other/8918915413/repo/2.0.1/.xml/riak_sysmon/riak_sysmon_testhandler.xml"
/home/pete/wefwefwef/docs/other/8918915413/riak_sysmon-tag-2.0.1/riak_sysmon/src/riak_sysmon_testhandler.erl, in module footer: at line 41: tag @doc not allowed here.
/home/pete/wefwefwef/docs/other/8918915413/riak_sysmon-tag-2.0.1/riak_sysmon/src/riak_sysmon_testhandler.erl, in module footer: at line 44: tag @spec not allowed here.
/home/pete/wefwefwef/docs/other/8918915413/riak_sysmon-tag-2.0.1/riak_sysmon/src/riak_sysmon_testhandler.erl, in module footer: at line 51: multiple @doc tag.
/home/pete/wefwefwef/docs/other/8918915413/riak_sysmon-tag-2.0.1/riak_sysmon/src/riak_sysmon_testhandler.erl, in module footer: at line 54: multiple @spec tag.
/home/pete/wefwefwef/docs/other/8918915413/riak_sysmon-tag-2.0.1/riak_sysmon/src/riak_sysmon_testhandler.erl, in module footer: at line 68: tag @private not allowed here.
/home/pete/wefwefwef/docs/other/8918915413/riak_sysmon-tag-2.0.1/riak_sysmon/src/riak_sysmon_testhandler.erl, in module footer: at line 69: multiple @doc tag.
/home/pete/wefwefwef/docs/other/8918915413/riak_sysmon-tag-2.0.1/riak_sysmon/src/riak_sysmon_testhandler.erl, in module footer: at line 73: multiple @spec tag.
/home/pete/wefwefwef/docs/other/8918915413/riak_sysmon-tag-2.0.1/riak_sysmon/src/riak_sysmon_testhandler.erl, in module footer: at line 80: multiple @private tag.
/home/pete/wefwefwef/docs/other/8918915413/riak_sysmon-tag-2.0.1/riak_sysmon/src/riak_sysmon_testhandler.erl, in module footer: at line 81: multiple @doc tag.
/home/pete/wefwefwef/docs/other/8918915413/riak_sysmon-tag-2.0.1/riak_sysmon/src/riak_sysmon_testhandler.erl, in module footer: at line 86: multiple @spec tag.
/home/pete/wefwefwef/docs/other/8918915413/riak_sysmon-tag-2.0.1/riak_sysmon/src/riak_sysmon_testhandler.erl, in module footer: at line 96: multiple @private tag.
/home/pete/wefwefwef/docs/other/8918915413/riak_sysmon-tag-2.0.1/riak_sysmon/src/riak_sysmon_testhandler.erl, in module footer: at line 97: multiple @doc tag.
/home/pete/wefwefwef/docs/other/8918915413/riak_sysmon-tag-2.0.1/riak_sysmon/src/riak_sysmon_testhandler.erl, in module footer: at line 102: multiple @spec tag.
/home/pete/wefwefwef/docs/other/8918915413/riak_sysmon-tag-2.0.1/riak_sysmon/src/riak_sysmon_testhandler.erl, in module footer: at line 115: multiple @private tag.
/home/pete/wefwefwef/docs/other/8918915413/riak_sysmon-tag-2.0.1/riak_sysmon/src/riak_sysmon_testhandler.erl, in module footer: at line 116: multiple @doc tag.
/home/pete/wefwefwef/docs/other/8918915413/riak_sysmon-tag-2.0.1/riak_sysmon/src/riak_sysmon_testhandler.erl, in module footer: at line 121: multiple @spec tag.
/home/pete/wefwefwef/docs/other/8918915413/riak_sysmon-tag-2.0.1/riak_sysmon/src/riak_sysmon_testhandler.erl, in module footer: at line 131: multiple @private tag.
/home/pete/wefwefwef/docs/other/8918915413/riak_sysmon-tag-2.0.1/riak_sysmon/src/riak_sysmon_testhandler.erl, in module footer: at line 132: multiple @doc tag.
/home/pete/wefwefwef/docs/other/8918915413/riak_sysmon-tag-2.0.1/riak_sysmon/src/riak_sysmon_testhandler.erl, in module footer: at line 137: multiple @spec tag.
/home/pete/wefwefwef/docs/other/8918915413/riak_sysmon-tag-2.0.1/riak_sysmon/src/riak_sysmon_testhandler.erl, in module footer: at line 144: multiple @private tag.
/home/pete/wefwefwef/docs/other/8918915413/riak_sysmon-tag-2.0.1/riak_sysmon/src/riak_sysmon_testhandler.erl, in module footer: at line 145: multiple @doc tag.
/home/pete/wefwefwef/docs/other/8918915413/riak_sysmon-tag-2.0.1/riak_sysmon/src/riak_sysmon_testhandler.erl, in module footer: at line 148: multiple @spec tag.
Error generating XML ("/home/pete/wefwefwef/docs/other/8918915413/riak_sysmon-tag-2.0.1/riak_sysmon/src/riak_sysmon_testhandler.erl"): {'EXIT',
                                                                                                                                        error}
Generating HTML - riak_sysmon_sup "/home/pete/wefwefwef/docs/other/8918915413/repo/2.0.1/.xml/riak_sysmon/riak_sysmon_sup.xml"
Generating HTML - riak_sysmon_filter "/home/pete/wefwefwef/docs/other/8918915413/repo/2.0.1/.xml/riak_sysmon/riak_sysmon_filter.xml"
Generating HTML - riak_sysmon_example_handler "/home/pete/wefwefwef/docs/other/8918915413/repo/2.0.1/.xml/riak_sysmon/riak_sysmon_example_handler.xml"
Generating HTML - riak_sysmon_app "/home/pete/wefwefwef/docs/other/8918915413/repo/2.0.1/.xml/riak_sysmon/riak_sysmon_app.xml"
Reading XML for "/home/pete/wefwefwef/docs/other/8918915413/repo/2.0.1/.xml/riak_sysmon/riak_sysmon_sup.xml"
Reading XML for "/home/pete/wefwefwef/docs/other/8918915413/repo/2.0.1/.xml/riak_sysmon/riak_sysmon_filter.xml"
Reading XML for "/home/pete/wefwefwef/docs/other/8918915413/repo/2.0.1/.xml/riak_sysmon/riak_sysmon_example_handler.xml"
Reading XML for "/home/pete/wefwefwef/docs/other/8918915413/repo/2.0.1/.xml/riak_sysmon/riak_sysmon_app.xml"
Reading XML for "/home/pete/wefwefwef/docs/other/8918915413/repo/2.0.1/.xml/specs_riak_sysmon_sup.xml"
Reading XML for "/home/pete/wefwefwef/docs/other/8918915413/repo/2.0.1/.xml/specs_riak_sysmon_example_handler.xml"
Reading XML for "/home/pete/wefwefwef/docs/other/8918915413/repo/2.0.1/.xml/specs_riak_sysmon_filter.xml"
Reading XML for "/home/pete/wefwefwef/docs/other/8918915413/repo/2.0.1/.xml/specs_riak_sysmon_app.xml"
Creating index.html ...
Creating erldocs_index.js ...
Woot, finished in 0 Minutes 0 Seconds
 :: Discovering other repos
$ 5000  `rm -r '/home/pete/wefwefwef/docs/other/8918915413/riak_sysmon-tag-2.0.1'  2>&1`
 :: Processing https://github.com/basho/riak_sysmon	{rev,branch,"2.0","5373f8acd110fc091b0d0379aa45b51dd8a721b4",undefined,[],[]}
 :: Fetching repo code
$ cd "/home/pete/wefwefwef/docs/other/8918915413/riak_sysmon-branch-2.0/riak_sysmon"
$ infinity  `curl --fail --silent --show-error --location --output '2.0.zip' 'https://github.com/basho/riak_sysmon/archive/2.0.zip'  2>&1`
$ cd "/home/pete/wefwefwef/docs/erldocs_other.git"
$ cd "/home/pete/wefwefwef/docs/other/8918915413/riak_sysmon-branch-2.0/riak_sysmon"
$ 5000  `find -P . -type l -delete  2>&1`
$ cd "/home/pete/wefwefwef/docs/erldocs_other.git"
$ cd "/home/pete/wefwefwef/docs/other/8918915413/riak_sysmon-branch-2.0/riak_sysmon"
$ 5000  `find 'riak_sysmon-2.0' -mindepth 1 -maxdepth 1 -exec mv -t . -- {} +  2>&1`
$ cd "/home/pete/wefwefwef/docs/erldocs_other.git"
 :: Getting dependencies
$ cd "/home/pete/wefwefwef/docs/other/8918915413/riak_sysmon-branch-2.0/riak_sysmon"
$ infinity  `rebar --config '/home/pete/wefwefwef/docs/other/8918915413/riak_sysmon-branch-2.0/rebar_deps' get-deps  2>&1`
$ cd "/home/pete/wefwefwef/docs/erldocs_other.git"
$ cd "/home/pete/wefwefwef/docs/other/8918915413/riak_sysmon-branch-2.0/riak_sysmon"
$ 5000  `find -P . -type l -delete  2>&1`
$ cd "/home/pete/wefwefwef/docs/erldocs_other.git"
$ cd "/home/pete/wefwefwef/docs/other/8918915413/riak_sysmon-branch-2.0/riak_sysmon"
$ 5000  `ls -1 deps/  2>&1`
$ cd "/home/pete/wefwefwef/docs/erldocs_other.git"
>>> [rebar] deps = ["cuttlefish","getopt","goldrush","lager","neotoma"]
 :: Generating erldocs into /home/pete/wefwefwef/docs/other/8918915413/repo/2.0
Building riak_sysmon
Generating Type Specs - "/home/pete/wefwefwef/docs/other/8918915413/riak_sysmon-branch-2.0/riak_sysmon/src/riak_sysmon_app.erl"
Generating Type Specs - "/home/pete/wefwefwef/docs/other/8918915413/riak_sysmon-branch-2.0/riak_sysmon/src/riak_sysmon_example_handler.erl"
Generating Type Specs - "/home/pete/wefwefwef/docs/other/8918915413/riak_sysmon-branch-2.0/riak_sysmon/src/riak_sysmon_filter.erl"
Generating Type Specs - "/home/pete/wefwefwef/docs/other/8918915413/riak_sysmon-branch-2.0/riak_sysmon/src/riak_sysmon_sup.erl"
Generating Type Specs - "/home/pete/wefwefwef/docs/other/8918915413/riak_sysmon-branch-2.0/riak_sysmon/src/riak_sysmon_testhandler.erl"
Generating XML for application riak_sysmon "/home/pete/wefwefwef/docs/other/8918915413/riak_sysmon-branch-2.0/riak_sysmon" -> "/home/pete/wefwefwef/docs/other/8918915413/repo/2.0/.xml/riak_sysmon"
/home/pete/wefwefwef/docs/other/8918915413/riak_sysmon-branch-2.0/riak_sysmon/src/riak_sysmon_testhandler.erl, in module footer: at line 41: tag @doc not allowed here.
/home/pete/wefwefwef/docs/other/8918915413/riak_sysmon-branch-2.0/riak_sysmon/src/riak_sysmon_testhandler.erl, in module footer: at line 44: tag @spec not allowed here.
/home/pete/wefwefwef/docs/other/8918915413/riak_sysmon-branch-2.0/riak_sysmon/src/riak_sysmon_testhandler.erl, in module footer: at line 51: multiple @doc tag.
/home/pete/wefwefwef/docs/other/8918915413/riak_sysmon-branch-2.0/riak_sysmon/src/riak_sysmon_testhandler.erl, in module footer: at line 54: multiple @spec tag.
/home/pete/wefwefwef/docs/other/8918915413/riak_sysmon-branch-2.0/riak_sysmon/src/riak_sysmon_testhandler.erl, in module footer: at line 68: tag @private not allowed here.
/home/pete/wefwefwef/docs/other/8918915413/riak_sysmon-branch-2.0/riak_sysmon/src/riak_sysmon_testhandler.erl, in module footer: at line 69: multiple @doc tag.
/home/pete/wefwefwef/docs/other/8918915413/riak_sysmon-branch-2.0/riak_sysmon/src/riak_sysmon_testhandler.erl, in module footer: at line 73: multiple @spec tag.
/home/pete/wefwefwef/docs/other/8918915413/riak_sysmon-branch-2.0/riak_sysmon/src/riak_sysmon_testhandler.erl, in module footer: at line 80: multiple @private tag.
/home/pete/wefwefwef/docs/other/8918915413/riak_sysmon-branch-2.0/riak_sysmon/src/riak_sysmon_testhandler.erl, in module footer: at line 81: multiple @doc tag.
/home/pete/wefwefwef/docs/other/8918915413/riak_sysmon-branch-2.0/riak_sysmon/src/riak_sysmon_testhandler.erl, in module footer: at line 86: multiple @spec tag.
/home/pete/wefwefwef/docs/other/8918915413/riak_sysmon-branch-2.0/riak_sysmon/src/riak_sysmon_testhandler.erl, in module footer: at line 96: multiple @private tag.
/home/pete/wefwefwef/docs/other/8918915413/riak_sysmon-branch-2.0/riak_sysmon/src/riak_sysmon_testhandler.erl, in module footer: at line 97: multiple @doc tag.
/home/pete/wefwefwef/docs/other/8918915413/riak_sysmon-branch-2.0/riak_sysmon/src/riak_sysmon_testhandler.erl, in module footer: at line 102: multiple @spec tag.
/home/pete/wefwefwef/docs/other/8918915413/riak_sysmon-branch-2.0/riak_sysmon/src/riak_sysmon_testhandler.erl, in module footer: at line 115: multiple @private tag.
/home/pete/wefwefwef/docs/other/8918915413/riak_sysmon-branch-2.0/riak_sysmon/src/riak_sysmon_testhandler.erl, in module footer: at line 116: multiple @doc tag.
/home/pete/wefwefwef/docs/other/8918915413/riak_sysmon-branch-2.0/riak_sysmon/src/riak_sysmon_testhandler.erl, in module footer: at line 121: multiple @spec tag.
/home/pete/wefwefwef/docs/other/8918915413/riak_sysmon-branch-2.0/riak_sysmon/src/riak_sysmon_testhandler.erl, in module footer: at line 131: multiple @private tag.
/home/pete/wefwefwef/docs/other/8918915413/riak_sysmon-branch-2.0/riak_sysmon/src/riak_sysmon_testhandler.erl, in module footer: at line 132: multiple @doc tag.
/home/pete/wefwefwef/docs/other/8918915413/riak_sysmon-branch-2.0/riak_sysmon/src/riak_sysmon_testhandler.erl, in module footer: at line 137: multiple @spec tag.
/home/pete/wefwefwef/docs/other/8918915413/riak_sysmon-branch-2.0/riak_sysmon/src/riak_sysmon_testhandler.erl, in module footer: at line 144: multiple @private tag.
/home/pete/wefwefwef/docs/other/8918915413/riak_sysmon-branch-2.0/riak_sysmon/src/riak_sysmon_testhandler.erl, in module footer: at line 145: multiple @doc tag.
/home/pete/wefwefwef/docs/other/8918915413/riak_sysmon-branch-2.0/riak_sysmon/src/riak_sysmon_testhandler.erl, in module footer: at line 148: multiple @spec tag.
edoc: skipping source file '/home/pete/wefwefwef/docs/other/8918915413/riak_sysmon-branch-2.0/riak_sysmon/src/riak_sysmon_testhandler.erl': {'EXIT',
                                                                                                                                       error}.
edoc: error in doclet 'edoc_doclet': {'EXIT',error}.
Error generating riak_sysmon XMLs. Using fallback ...
Generating XML riak_sysmon - riak_sysmon_app "/home/pete/wefwefwef/docs/other/8918915413/riak_sysmon-branch-2.0/riak_sysmon/src/riak_sysmon_app.erl" -> "/home/pete/wefwefwef/docs/other/8918915413/repo/2.0/.xml/riak_sysmon/riak_sysmon_app.xml"
Generating XML riak_sysmon - riak_sysmon_example_handler "/home/pete/wefwefwef/docs/other/8918915413/riak_sysmon-branch-2.0/riak_sysmon/src/riak_sysmon_example_handler.erl" -> "/home/pete/wefwefwef/docs/other/8918915413/repo/2.0/.xml/riak_sysmon/riak_sysmon_example_handler.xml"
Generating XML riak_sysmon - riak_sysmon_filter "/home/pete/wefwefwef/docs/other/8918915413/riak_sysmon-branch-2.0/riak_sysmon/src/riak_sysmon_filter.erl" -> "/home/pete/wefwefwef/docs/other/8918915413/repo/2.0/.xml/riak_sysmon/riak_sysmon_filter.xml"
Generating XML riak_sysmon - riak_sysmon_sup "/home/pete/wefwefwef/docs/other/8918915413/riak_sysmon-branch-2.0/riak_sysmon/src/riak_sysmon_sup.erl" -> "/home/pete/wefwefwef/docs/other/8918915413/repo/2.0/.xml/riak_sysmon/riak_sysmon_sup.xml"
Generating XML riak_sysmon - riak_sysmon_testhandler "/home/pete/wefwefwef/docs/other/8918915413/riak_sysmon-branch-2.0/riak_sysmon/src/riak_sysmon_testhandler.erl" -> "/home/pete/wefwefwef/docs/other/8918915413/repo/2.0/.xml/riak_sysmon/riak_sysmon_testhandler.xml"
/home/pete/wefwefwef/docs/other/8918915413/riak_sysmon-branch-2.0/riak_sysmon/src/riak_sysmon_testhandler.erl, in module footer: at line 41: tag @doc not allowed here.
/home/pete/wefwefwef/docs/other/8918915413/riak_sysmon-branch-2.0/riak_sysmon/src/riak_sysmon_testhandler.erl, in module footer: at line 44: tag @spec not allowed here.
/home/pete/wefwefwef/docs/other/8918915413/riak_sysmon-branch-2.0/riak_sysmon/src/riak_sysmon_testhandler.erl, in module footer: at line 51: multiple @doc tag.
/home/pete/wefwefwef/docs/other/8918915413/riak_sysmon-branch-2.0/riak_sysmon/src/riak_sysmon_testhandler.erl, in module footer: at line 54: multiple @spec tag.
/home/pete/wefwefwef/docs/other/8918915413/riak_sysmon-branch-2.0/riak_sysmon/src/riak_sysmon_testhandler.erl, in module footer: at line 68: tag @private not allowed here.
/home/pete/wefwefwef/docs/other/8918915413/riak_sysmon-branch-2.0/riak_sysmon/src/riak_sysmon_testhandler.erl, in module footer: at line 69: multiple @doc tag.
/home/pete/wefwefwef/docs/other/8918915413/riak_sysmon-branch-2.0/riak_sysmon/src/riak_sysmon_testhandler.erl, in module footer: at line 73: multiple @spec tag.
/home/pete/wefwefwef/docs/other/8918915413/riak_sysmon-branch-2.0/riak_sysmon/src/riak_sysmon_testhandler.erl, in module footer: at line 80: multiple @private tag.
/home/pete/wefwefwef/docs/other/8918915413/riak_sysmon-branch-2.0/riak_sysmon/src/riak_sysmon_testhandler.erl, in module footer: at line 81: multiple @doc tag.
/home/pete/wefwefwef/docs/other/8918915413/riak_sysmon-branch-2.0/riak_sysmon/src/riak_sysmon_testhandler.erl, in module footer: at line 86: multiple @spec tag.
/home/pete/wefwefwef/docs/other/8918915413/riak_sysmon-branch-2.0/riak_sysmon/src/riak_sysmon_testhandler.erl, in module footer: at line 96: multiple @private tag.
/home/pete/wefwefwef/docs/other/8918915413/riak_sysmon-branch-2.0/riak_sysmon/src/riak_sysmon_testhandler.erl, in module footer: at line 97: multiple @doc tag.
/home/pete/wefwefwef/docs/other/8918915413/riak_sysmon-branch-2.0/riak_sysmon/src/riak_sysmon_testhandler.erl, in module footer: at line 102: multiple @spec tag.
/home/pete/wefwefwef/docs/other/8918915413/riak_sysmon-branch-2.0/riak_sysmon/src/riak_sysmon_testhandler.erl, in module footer: at line 115: multiple @private tag.
/home/pete/wefwefwef/docs/other/8918915413/riak_sysmon-branch-2.0/riak_sysmon/src/riak_sysmon_testhandler.erl, in module footer: at line 116: multiple @doc tag.
/home/pete/wefwefwef/docs/other/8918915413/riak_sysmon-branch-2.0/riak_sysmon/src/riak_sysmon_testhandler.erl, in module footer: at line 121: multiple @spec tag.
/home/pete/wefwefwef/docs/other/8918915413/riak_sysmon-branch-2.0/riak_sysmon/src/riak_sysmon_testhandler.erl, in module footer: at line 131: multiple @private tag.
/home/pete/wefwefwef/docs/other/8918915413/riak_sysmon-branch-2.0/riak_sysmon/src/riak_sysmon_testhandler.erl, in module footer: at line 132: multiple @doc tag.
/home/pete/wefwefwef/docs/other/8918915413/riak_sysmon-branch-2.0/riak_sysmon/src/riak_sysmon_testhandler.erl, in module footer: at line 137: multiple @spec tag.
/home/pete/wefwefwef/docs/other/8918915413/riak_sysmon-branch-2.0/riak_sysmon/src/riak_sysmon_testhandler.erl, in module footer: at line 144: multiple @private tag.
/home/pete/wefwefwef/docs/other/8918915413/riak_sysmon-branch-2.0/riak_sysmon/src/riak_sysmon_testhandler.erl, in module footer: at line 145: multiple @doc tag.
/home/pete/wefwefwef/docs/other/8918915413/riak_sysmon-branch-2.0/riak_sysmon/src/riak_sysmon_testhandler.erl, in module footer: at line 148: multiple @spec tag.
Error generating XML ("/home/pete/wefwefwef/docs/other/8918915413/riak_sysmon-branch-2.0/riak_sysmon/src/riak_sysmon_testhandler.erl"): {'EXIT',
                                                                                                                                         error}
Generating HTML - riak_sysmon_sup "/home/pete/wefwefwef/docs/other/8918915413/repo/2.0/.xml/riak_sysmon/riak_sysmon_sup.xml"
Generating HTML - riak_sysmon_filter "/home/pete/wefwefwef/docs/other/8918915413/repo/2.0/.xml/riak_sysmon/riak_sysmon_filter.xml"
Generating HTML - riak_sysmon_example_handler "/home/pete/wefwefwef/docs/other/8918915413/repo/2.0/.xml/riak_sysmon/riak_sysmon_example_handler.xml"
Generating HTML - riak_sysmon_app "/home/pete/wefwefwef/docs/other/8918915413/repo/2.0/.xml/riak_sysmon/riak_sysmon_app.xml"
Reading XML for "/home/pete/wefwefwef/docs/other/8918915413/repo/2.0/.xml/riak_sysmon/riak_sysmon_sup.xml"
Reading XML for "/home/pete/wefwefwef/docs/other/8918915413/repo/2.0/.xml/riak_sysmon/riak_sysmon_filter.xml"
Reading XML for "/home/pete/wefwefwef/docs/other/8918915413/repo/2.0/.xml/riak_sysmon/riak_sysmon_example_handler.xml"
Reading XML for "/home/pete/wefwefwef/docs/other/8918915413/repo/2.0/.xml/riak_sysmon/riak_sysmon_app.xml"
Reading XML for "/home/pete/wefwefwef/docs/other/8918915413/repo/2.0/.xml/specs_riak_sysmon_sup.xml"
Reading XML for "/home/pete/wefwefwef/docs/other/8918915413/repo/2.0/.xml/specs_riak_sysmon_example_handler.xml"
Reading XML for "/home/pete/wefwefwef/docs/other/8918915413/repo/2.0/.xml/specs_riak_sysmon_app.xml"
Reading XML for "/home/pete/wefwefwef/docs/other/8918915413/repo/2.0/.xml/specs_riak_sysmon_filter.xml"
Creating index.html ...
Creating erldocs_index.js ...
Woot, finished in 0 Minutes 0 Seconds
 :: Discovering other repos
$ 5000  `rm -r '/home/pete/wefwefwef/docs/other/8918915413/riak_sysmon-branch-2.0'  2>&1`
 :: Processing https://github.com/basho/riak_sysmon	{rev,branch,"develop","26a58bcaba96d07df885f7b3db4d4306f995ce14",undefined,[],[]}
 :: Fetching repo code
$ cd "/home/pete/wefwefwef/docs/other/8918915413/riak_sysmon-branch-develop/riak_sysmon"
$ infinity  `curl --fail --silent --show-error --location --output 'develop.zip' 'https://github.com/basho/riak_sysmon/archive/develop.zip'  2>&1`
$ cd "/home/pete/wefwefwef/docs/erldocs_other.git"
$ cd "/home/pete/wefwefwef/docs/other/8918915413/riak_sysmon-branch-develop/riak_sysmon"
$ 5000  `find -P . -type l -delete  2>&1`
$ cd "/home/pete/wefwefwef/docs/erldocs_other.git"
$ cd "/home/pete/wefwefwef/docs/other/8918915413/riak_sysmon-branch-develop/riak_sysmon"
$ 5000  `find 'riak_sysmon-develop' -mindepth 1 -maxdepth 1 -exec mv -t . -- {} +  2>&1`
$ cd "/home/pete/wefwefwef/docs/erldocs_other.git"
 :: Getting dependencies
$ cd "/home/pete/wefwefwef/docs/other/8918915413/riak_sysmon-branch-develop/riak_sysmon"
$ infinity  `rebar --config '/home/pete/wefwefwef/docs/other/8918915413/riak_sysmon-branch-develop/rebar_deps' get-deps  2>&1`
$ cd "/home/pete/wefwefwef/docs/erldocs_other.git"
$ cd "/home/pete/wefwefwef/docs/other/8918915413/riak_sysmon-branch-develop/riak_sysmon"
$ 5000  `find -P . -type l -delete  2>&1`
$ cd "/home/pete/wefwefwef/docs/erldocs_other.git"
$ cd "/home/pete/wefwefwef/docs/other/8918915413/riak_sysmon-branch-develop/riak_sysmon"
$ 5000  `ls -1 deps/  2>&1`
$ cd "/home/pete/wefwefwef/docs/erldocs_other.git"
>>> [rebar] deps = ["cuttlefish","getopt","goldrush","lager","neotoma"]
 :: Generating erldocs into /home/pete/wefwefwef/docs/other/8918915413/repo/develop
Building riak_sysmon
Generating Type Specs - "/home/pete/wefwefwef/docs/other/8918915413/riak_sysmon-branch-develop/riak_sysmon/src/riak_sysmon_app.erl"
Generating Type Specs - "/home/pete/wefwefwef/docs/other/8918915413/riak_sysmon-branch-develop/riak_sysmon/src/riak_sysmon_example_handler.erl"
Generating Type Specs - "/home/pete/wefwefwef/docs/other/8918915413/riak_sysmon-branch-develop/riak_sysmon/src/riak_sysmon_filter.erl"
Generating Type Specs - "/home/pete/wefwefwef/docs/other/8918915413/riak_sysmon-branch-develop/riak_sysmon/src/riak_sysmon_sup.erl"
Generating Type Specs - "/home/pete/wefwefwef/docs/other/8918915413/riak_sysmon-branch-develop/riak_sysmon/src/riak_sysmon_testhandler.erl"
Generating XML for application riak_sysmon "/home/pete/wefwefwef/docs/other/8918915413/riak_sysmon-branch-develop/riak_sysmon" -> "/home/pete/wefwefwef/docs/other/8918915413/repo/develop/.xml/riak_sysmon"
/home/pete/wefwefwef/docs/other/8918915413/riak_sysmon-branch-develop/riak_sysmon/src/riak_sysmon_testhandler.erl, in module footer: at line 41: tag @doc not allowed here.
/home/pete/wefwefwef/docs/other/8918915413/riak_sysmon-branch-develop/riak_sysmon/src/riak_sysmon_testhandler.erl, in module footer: at line 44: tag @spec not allowed here.
/home/pete/wefwefwef/docs/other/8918915413/riak_sysmon-branch-develop/riak_sysmon/src/riak_sysmon_testhandler.erl, in module footer: at line 51: multiple @doc tag.
/home/pete/wefwefwef/docs/other/8918915413/riak_sysmon-branch-develop/riak_sysmon/src/riak_sysmon_testhandler.erl, in module footer: at line 54: multiple @spec tag.
/home/pete/wefwefwef/docs/other/8918915413/riak_sysmon-branch-develop/riak_sysmon/src/riak_sysmon_testhandler.erl, in module footer: at line 68: tag @private not allowed here.
/home/pete/wefwefwef/docs/other/8918915413/riak_sysmon-branch-develop/riak_sysmon/src/riak_sysmon_testhandler.erl, in module footer: at line 69: multiple @doc tag.
/home/pete/wefwefwef/docs/other/8918915413/riak_sysmon-branch-develop/riak_sysmon/src/riak_sysmon_testhandler.erl, in module footer: at line 73: multiple @spec tag.
/home/pete/wefwefwef/docs/other/8918915413/riak_sysmon-branch-develop/riak_sysmon/src/riak_sysmon_testhandler.erl, in module footer: at line 80: multiple @private tag.
/home/pete/wefwefwef/docs/other/8918915413/riak_sysmon-branch-develop/riak_sysmon/src/riak_sysmon_testhandler.erl, in module footer: at line 81: multiple @doc tag.
/home/pete/wefwefwef/docs/other/8918915413/riak_sysmon-branch-develop/riak_sysmon/src/riak_sysmon_testhandler.erl, in module footer: at line 86: multiple @spec tag.
/home/pete/wefwefwef/docs/other/8918915413/riak_sysmon-branch-develop/riak_sysmon/src/riak_sysmon_testhandler.erl, in module footer: at line 96: multiple @private tag.
/home/pete/wefwefwef/docs/other/8918915413/riak_sysmon-branch-develop/riak_sysmon/src/riak_sysmon_testhandler.erl, in module footer: at line 97: multiple @doc tag.
/home/pete/wefwefwef/docs/other/8918915413/riak_sysmon-branch-develop/riak_sysmon/src/riak_sysmon_testhandler.erl, in module footer: at line 102: multiple @spec tag.
/home/pete/wefwefwef/docs/other/8918915413/riak_sysmon-branch-develop/riak_sysmon/src/riak_sysmon_testhandler.erl, in module footer: at line 115: multiple @private tag.
/home/pete/wefwefwef/docs/other/8918915413/riak_sysmon-branch-develop/riak_sysmon/src/riak_sysmon_testhandler.erl, in module footer: at line 116: multiple @doc tag.
/home/pete/wefwefwef/docs/other/8918915413/riak_sysmon-branch-develop/riak_sysmon/src/riak_sysmon_testhandler.erl, in module footer: at line 121: multiple @spec tag.
/home/pete/wefwefwef/docs/other/8918915413/riak_sysmon-branch-develop/riak_sysmon/src/riak_sysmon_testhandler.erl, in module footer: at line 131: multiple @private tag.
/home/pete/wefwefwef/docs/other/8918915413/riak_sysmon-branch-develop/riak_sysmon/src/riak_sysmon_testhandler.erl, in module footer: at line 132: multiple @doc tag.
/home/pete/wefwefwef/docs/other/8918915413/riak_sysmon-branch-develop/riak_sysmon/src/riak_sysmon_testhandler.erl, in module footer: at line 137: multiple @spec tag.
/home/pete/wefwefwef/docs/other/8918915413/riak_sysmon-branch-develop/riak_sysmon/src/riak_sysmon_testhandler.erl, in module footer: at line 144: multiple @private tag.
/home/pete/wefwefwef/docs/other/8918915413/riak_sysmon-branch-develop/riak_sysmon/src/riak_sysmon_testhandler.erl, in module footer: at line 145: multiple @doc tag.
/home/pete/wefwefwef/docs/other/8918915413/riak_sysmon-branch-develop/riak_sysmon/src/riak_sysmon_testhandler.erl, in module footer: at line 148: multiple @spec tag.
edoc: skipping source file '/home/pete/wefwefwef/docs/other/8918915413/riak_sysmon-branch-develop/riak_sysmon/src/riak_sysmon_testhandler.erl': {'EXIT',
                                                                                                                                           error}.
edoc: error in doclet 'edoc_doclet': {'EXIT',error}.
Error generating riak_sysmon XMLs. Using fallback ...
Generating XML riak_sysmon - riak_sysmon_app "/home/pete/wefwefwef/docs/other/8918915413/riak_sysmon-branch-develop/riak_sysmon/src/riak_sysmon_app.erl" -> "/home/pete/wefwefwef/docs/other/8918915413/repo/develop/.xml/riak_sysmon/riak_sysmon_app.xml"
Generating XML riak_sysmon - riak_sysmon_example_handler "/home/pete/wefwefwef/docs/other/8918915413/riak_sysmon-branch-develop/riak_sysmon/src/riak_sysmon_example_handler.erl" -> "/home/pete/wefwefwef/docs/other/8918915413/repo/develop/.xml/riak_sysmon/riak_sysmon_example_handler.xml"
Generating XML riak_sysmon - riak_sysmon_filter "/home/pete/wefwefwef/docs/other/8918915413/riak_sysmon-branch-develop/riak_sysmon/src/riak_sysmon_filter.erl" -> "/home/pete/wefwefwef/docs/other/8918915413/repo/develop/.xml/riak_sysmon/riak_sysmon_filter.xml"
Generating XML riak_sysmon - riak_sysmon_sup "/home/pete/wefwefwef/docs/other/8918915413/riak_sysmon-branch-develop/riak_sysmon/src/riak_sysmon_sup.erl" -> "/home/pete/wefwefwef/docs/other/8918915413/repo/develop/.xml/riak_sysmon/riak_sysmon_sup.xml"
Generating XML riak_sysmon - riak_sysmon_testhandler "/home/pete/wefwefwef/docs/other/8918915413/riak_sysmon-branch-develop/riak_sysmon/src/riak_sysmon_testhandler.erl" -> "/home/pete/wefwefwef/docs/other/8918915413/repo/develop/.xml/riak_sysmon/riak_sysmon_testhandler.xml"
/home/pete/wefwefwef/docs/other/8918915413/riak_sysmon-branch-develop/riak_sysmon/src/riak_sysmon_testhandler.erl, in module footer: at line 41: tag @doc not allowed here.
/home/pete/wefwefwef/docs/other/8918915413/riak_sysmon-branch-develop/riak_sysmon/src/riak_sysmon_testhandler.erl, in module footer: at line 44: tag @spec not allowed here.
/home/pete/wefwefwef/docs/other/8918915413/riak_sysmon-branch-develop/riak_sysmon/src/riak_sysmon_testhandler.erl, in module footer: at line 51: multiple @doc tag.
/home/pete/wefwefwef/docs/other/8918915413/riak_sysmon-branch-develop/riak_sysmon/src/riak_sysmon_testhandler.erl, in module footer: at line 54: multiple @spec tag.
/home/pete/wefwefwef/docs/other/8918915413/riak_sysmon-branch-develop/riak_sysmon/src/riak_sysmon_testhandler.erl, in module footer: at line 68: tag @private not allowed here.
/home/pete/wefwefwef/docs/other/8918915413/riak_sysmon-branch-develop/riak_sysmon/src/riak_sysmon_testhandler.erl, in module footer: at line 69: multiple @doc tag.
/home/pete/wefwefwef/docs/other/8918915413/riak_sysmon-branch-develop/riak_sysmon/src/riak_sysmon_testhandler.erl, in module footer: at line 73: multiple @spec tag.
/home/pete/wefwefwef/docs/other/8918915413/riak_sysmon-branch-develop/riak_sysmon/src/riak_sysmon_testhandler.erl, in module footer: at line 80: multiple @private tag.
/home/pete/wefwefwef/docs/other/8918915413/riak_sysmon-branch-develop/riak_sysmon/src/riak_sysmon_testhandler.erl, in module footer: at line 81: multiple @doc tag.
/home/pete/wefwefwef/docs/other/8918915413/riak_sysmon-branch-develop/riak_sysmon/src/riak_sysmon_testhandler.erl, in module footer: at line 86: multiple @spec tag.
/home/pete/wefwefwef/docs/other/8918915413/riak_sysmon-branch-develop/riak_sysmon/src/riak_sysmon_testhandler.erl, in module footer: at line 96: multiple @private tag.
/home/pete/wefwefwef/docs/other/8918915413/riak_sysmon-branch-develop/riak_sysmon/src/riak_sysmon_testhandler.erl, in module footer: at line 97: multiple @doc tag.
/home/pete/wefwefwef/docs/other/8918915413/riak_sysmon-branch-develop/riak_sysmon/src/riak_sysmon_testhandler.erl, in module footer: at line 102: multiple @spec tag.
/home/pete/wefwefwef/docs/other/8918915413/riak_sysmon-branch-develop/riak_sysmon/src/riak_sysmon_testhandler.erl, in module footer: at line 115: multiple @private tag.
/home/pete/wefwefwef/docs/other/8918915413/riak_sysmon-branch-develop/riak_sysmon/src/riak_sysmon_testhandler.erl, in module footer: at line 116: multiple @doc tag.
/home/pete/wefwefwef/docs/other/8918915413/riak_sysmon-branch-develop/riak_sysmon/src/riak_sysmon_testhandler.erl, in module footer: at line 121: multiple @spec tag.
/home/pete/wefwefwef/docs/other/8918915413/riak_sysmon-branch-develop/riak_sysmon/src/riak_sysmon_testhandler.erl, in module footer: at line 131: multiple @private tag.
/home/pete/wefwefwef/docs/other/8918915413/riak_sysmon-branch-develop/riak_sysmon/src/riak_sysmon_testhandler.erl, in module footer: at line 132: multiple @doc tag.
/home/pete/wefwefwef/docs/other/8918915413/riak_sysmon-branch-develop/riak_sysmon/src/riak_sysmon_testhandler.erl, in module footer: at line 137: multiple @spec tag.
/home/pete/wefwefwef/docs/other/8918915413/riak_sysmon-branch-develop/riak_sysmon/src/riak_sysmon_testhandler.erl, in module footer: at line 144: multiple @private tag.
/home/pete/wefwefwef/docs/other/8918915413/riak_sysmon-branch-develop/riak_sysmon/src/riak_sysmon_testhandler.erl, in module footer: at line 145: multiple @doc tag.
/home/pete/wefwefwef/docs/other/8918915413/riak_sysmon-branch-develop/riak_sysmon/src/riak_sysmon_testhandler.erl, in module footer: at line 148: multiple @spec tag.
Error generating XML ("/home/pete/wefwefwef/docs/other/8918915413/riak_sysmon-branch-develop/riak_sysmon/src/riak_sysmon_testhandler.erl"): {'EXIT',
                                                                                                                                             error}
Generating HTML - riak_sysmon_sup "/home/pete/wefwefwef/docs/other/8918915413/repo/develop/.xml/riak_sysmon/riak_sysmon_sup.xml"
Generating HTML - riak_sysmon_filter "/home/pete/wefwefwef/docs/other/8918915413/repo/develop/.xml/riak_sysmon/riak_sysmon_filter.xml"
Generating HTML - riak_sysmon_example_handler "/home/pete/wefwefwef/docs/other/8918915413/repo/develop/.xml/riak_sysmon/riak_sysmon_example_handler.xml"
Generating HTML - riak_sysmon_app "/home/pete/wefwefwef/docs/other/8918915413/repo/develop/.xml/riak_sysmon/riak_sysmon_app.xml"
Reading XML for "/home/pete/wefwefwef/docs/other/8918915413/repo/develop/.xml/riak_sysmon/riak_sysmon_sup.xml"
Reading XML for "/home/pete/wefwefwef/docs/other/8918915413/repo/develop/.xml/riak_sysmon/riak_sysmon_filter.xml"
Reading XML for "/home/pete/wefwefwef/docs/other/8918915413/repo/develop/.xml/riak_sysmon/riak_sysmon_example_handler.xml"
Reading XML for "/home/pete/wefwefwef/docs/other/8918915413/repo/develop/.xml/riak_sysmon/riak_sysmon_app.xml"
Reading XML for "/home/pete/wefwefwef/docs/other/8918915413/repo/develop/.xml/specs_riak_sysmon_sup.xml"
Reading XML for "/home/pete/wefwefwef/docs/other/8918915413/repo/develop/.xml/specs_riak_sysmon_example_handler.xml"
Reading XML for "/home/pete/wefwefwef/docs/other/8918915413/repo/develop/.xml/specs_riak_sysmon_filter.xml"
Reading XML for "/home/pete/wefwefwef/docs/other/8918915413/repo/develop/.xml/specs_riak_sysmon_app.xml"
Creating index.html ...
Creating erldocs_index.js ...
Woot, finished in 0 Minutes 0 Seconds
 :: Discovering other repos
$ 5000  `rm -r '/home/pete/wefwefwef/docs/other/8918915413/riak_sysmon-branch-develop'  2>&1`
 :: Processing https://github.com/basho/riak_sysmon	{rev,branch,"feature/otp-17","ba347f5515ac4ad70f66a0ba8945df87446198c1",undefined,[],[]}
 :: Fetching repo code
$ cd "/home/pete/wefwefwef/docs/other/8918915413/riak_sysmon-branch-feature/otp-17/riak_sysmon"
$ infinity  `curl --fail --silent --show-error --location --output 'feature/otp-17.zip' 'https://github.com/basho/riak_sysmon/archive/feature/otp-17.zip'  2>&1`
$ cd "/home/pete/wefwefwef/docs/erldocs_other.git"
>>> [stdout] "curl: (23) Failed writing body (0 != 857)"
 :: Error running eo_core:
	[{eo_os,chk,2,[{file,"src/eo_os.erl"},{line,55}]},
         {eo_scm,fetch,2,[{file,"src/eo_scm.erl"},{line,80}]},
         {eo_core,copy_repo,5,[{file,"src/eo_core.erl"},{line,235}]},
         {eo_core,do,7,[{file,"src/eo_core.erl"},{line,94}]},
         {eo_core,'-main_/1-lc$^0/1-0-',8,
                  [{file,"src/eo_core.erl"},{line,77}]},
         {eo_core,'-main_/1-lc$^0/1-0-',8,
                  [{file,"src/eo_core.erl"},{line,78}]},
         {eo_core,main_,1,[{file,"src/eo_core.erl"},{line,77}]},
         {eo_core,main,1,[{file,"src/eo_core.erl"},{line,47}]}]
{throw,{sh,fetch_curl,error,23,
           [{"curl: (23) Failed writing body (0 != "},{"857)"}]}}
