 :: Extracting meta information
$ 5000  `git ls-remote --heads --tags 'https://github.com/esl/usec'  2>&1`
>>> [repo] 1 branches, 1 tags
 :: Writing meta to "/home/pete/wefwefwef/docs/other/7040062088/meta.txt"
 :: Processing https://github.com/esl/usec	{rev,tag,"0.1","afea352c07e118daee35899872da6a5920da7f6d",undefined,[],[]}
 :: Fetching repo code
$ cd "/home/pete/wefwefwef/docs/other/7040062088/usec-tag-0.1/usec"
$ infinity  `curl --fail --silent --show-error --location --output '0.1.zip' 'https://github.com/esl/usec/archive/0.1.zip'  2>&1`
$ cd "/home/pete/wefwefwef/docs/erldocs_other.git"
$ cd "/home/pete/wefwefwef/docs/other/7040062088/usec-tag-0.1/usec"
$ 5000  `find -P . -type l -delete  2>&1`
$ cd "/home/pete/wefwefwef/docs/erldocs_other.git"
$ cd "/home/pete/wefwefwef/docs/other/7040062088/usec-tag-0.1/usec"
$ 5000  `find 'usec-0.1' -mindepth 1 -maxdepth 1 -exec mv -t . -- {} +  2>&1`
$ cd "/home/pete/wefwefwef/docs/erldocs_other.git"
 :: Getting dependencies
$ cd "/home/pete/wefwefwef/docs/other/7040062088/usec-tag-0.1/usec"
$ 5000  `ls -1 deps/  2>&1`
$ cd "/home/pete/wefwefwef/docs/erldocs_other.git"
>>> [rebar] deps = []
 :: Generating erldocs into /home/pete/wefwefwef/docs/other/7040062088/repo/0.1
Building usec
Generating Type Specs - "/home/pete/wefwefwef/docs/other/7040062088/usec-tag-0.1/usec/src/usec.erl"
Generating XML for application usec "/home/pete/wefwefwef/docs/other/7040062088/usec-tag-0.1/usec" -> "/home/pete/wefwefwef/docs/other/7040062088/repo/0.1/.xml/usec"
Generated usec XMLs: ["/home/pete/wefwefwef/docs/other/7040062088/repo/0.1/.xml/usec/usec.xml"]
Generating HTML - usec "/home/pete/wefwefwef/docs/other/7040062088/repo/0.1/.xml/usec/usec.xml"
Reading XML for "/home/pete/wefwefwef/docs/other/7040062088/repo/0.1/.xml/usec/usec.xml"
Reading XML for "/home/pete/wefwefwef/docs/other/7040062088/repo/0.1/.xml/specs_usec.xml"
Creating index.html ...
Creating erldocs_index.js ...
Woot, finished in 0 Minutes 0 Seconds
 :: Discovering other repos
$ 5000  `rm -r '/home/pete/wefwefwef/docs/other/7040062088/usec-tag-0.1'  2>&1`
 :: Processing https://github.com/esl/usec	{rev,branch,"master","f85ffd8350d7000c26392c18bdfcdbb30f3b5ee8",undefined,[],[]}
 :: Fetching repo code
$ cd "/home/pete/wefwefwef/docs/other/7040062088/usec-branch-master/usec"
$ infinity  `curl --fail --silent --show-error --location --output 'master.zip' 'https://github.com/esl/usec/archive/master.zip'  2>&1`
$ cd "/home/pete/wefwefwef/docs/erldocs_other.git"
$ cd "/home/pete/wefwefwef/docs/other/7040062088/usec-branch-master/usec"
$ 5000  `find -P . -type l -delete  2>&1`
$ cd "/home/pete/wefwefwef/docs/erldocs_other.git"
$ cd "/home/pete/wefwefwef/docs/other/7040062088/usec-branch-master/usec"
$ 5000  `find 'usec-master' -mindepth 1 -maxdepth 1 -exec mv -t . -- {} +  2>&1`
$ cd "/home/pete/wefwefwef/docs/erldocs_other.git"
 :: Getting dependencies
$ cd "/home/pete/wefwefwef/docs/other/7040062088/usec-branch-master/usec"
$ 5000  `ls -1 deps/  2>&1`
$ cd "/home/pete/wefwefwef/docs/erldocs_other.git"
>>> [rebar] deps = []
 :: Generating erldocs into /home/pete/wefwefwef/docs/other/7040062088/repo/master
Building usec
Generating Type Specs - "/home/pete/wefwefwef/docs/other/7040062088/usec-branch-master/usec/src/usec.erl"
Generating XML for application usec "/home/pete/wefwefwef/docs/other/7040062088/usec-branch-master/usec" -> "/home/pete/wefwefwef/docs/other/7040062088/repo/master/.xml/usec"
Generated usec XMLs: ["/home/pete/wefwefwef/docs/other/7040062088/repo/master/.xml/usec/usec.xml"]
Generating HTML - usec "/home/pete/wefwefwef/docs/other/7040062088/repo/master/.xml/usec/usec.xml"
Reading XML for "/home/pete/wefwefwef/docs/other/7040062088/repo/master/.xml/usec/usec.xml"
Reading XML for "/home/pete/wefwefwef/docs/other/7040062088/repo/master/.xml/specs_usec.xml"
Creating index.html ...
Creating erldocs_index.js ...
Woot, finished in 0 Minutes 0 Seconds
 :: Discovering other repos
$ 5000  `rm -r '/home/pete/wefwefwef/docs/other/7040062088/usec-branch-master'  2>&1`
 :: Finishing up
$ 5000  `rm -r '/home/pete/wefwefwef/docs/other/7040062088/usec'  2>&1`
