 :: Extracting meta information
$ 5000  `git ls-remote --heads --tags 'https://github.com/challenge/jiffy'  2>&1`
>>> [repo] 3 branches, 12 tags
 :: Writing meta to "/home/pete/wefwefwef/docs/other/4738300649/meta.txt"
 :: Processing https://github.com/challenge/jiffy	{rev,tag,"0.1.0","d1a4738dada0fa0391cca903cd9f96dd353b7825"}
 :: Fetching repo code
$ cd "/home/pete/wefwefwef/docs/other/4738300649/jiffy-tag-0.1.0/jiffy"
$ infinity  `curl --fail --silent --show-error --location --output '0.1.0.zip' 'https://github.com/challenge/jiffy/archive/0.1.0.zip'  2>&1`
$ cd "/home/pete/wefwefwef/docs/erldocs_other.git"
$ cd "/home/pete/wefwefwef/docs/other/4738300649/jiffy-tag-0.1.0/jiffy"
$ 5000  `find -P . -type l -delete  2>&1`
$ cd "/home/pete/wefwefwef/docs/erldocs_other.git"
$ cd "/home/pete/wefwefwef/docs/other/4738300649/jiffy-tag-0.1.0/jiffy"
$ 5000  `find 'jiffy-0.1.0' -mindepth 1 -maxdepth 1 -exec mv -t . -- {} +  2>&1`
$ cd "/home/pete/wefwefwef/docs/erldocs_other.git"
 :: Getting dependencies
$ cd "/home/pete/wefwefwef/docs/other/4738300649/jiffy-tag-0.1.0/jiffy"
$ 5000  `ls -1 deps/  2>&1`
$ cd "/home/pete/wefwefwef/docs/erldocs_other.git"
>>> [rebar] deps = []
 :: Generating erldocs into /home/pete/wefwefwef/docs/other/4738300649/repo/0.1.0
Building jiffy
Generating Type Specs - "/home/pete/wefwefwef/docs/other/4738300649/jiffy-tag-0.1.0/jiffy/src/jiffy.erl"
Generating XML for application jiffy "/home/pete/wefwefwef/docs/other/4738300649/jiffy-tag-0.1.0/jiffy" -> "/home/pete/wefwefwef/docs/other/4738300649/repo/0.1.0/.xml/jiffy"
Generated jiffy XMLs: ["/home/pete/wefwefwef/docs/other/4738300649/repo/0.1.0/.xml/jiffy/jiffy.xml"]
Generating HTML - jiffy "/home/pete/wefwefwef/docs/other/4738300649/repo/0.1.0/.xml/jiffy/jiffy.xml"
Reading XML for "/home/pete/wefwefwef/docs/other/4738300649/repo/0.1.0/.xml/jiffy/jiffy.xml"
Reading XML for "/home/pete/wefwefwef/docs/other/4738300649/repo/0.1.0/.xml/specs_jiffy.xml"
Creating index.html ...
Creating erldocs_index.js ...
Woot, finished in 0 Minutes 0 Seconds
 :: Discovering other repos
$ 5000  `rm -r '/home/pete/wefwefwef/docs/other/4738300649/jiffy-tag-0.1.0'  2>&1`
 :: Processing https://github.com/challenge/jiffy	{rev,tag,"0.2.0","79bd4c5a520c12a46e583cf2e86aae8ce5cfc17e"}
 :: Fetching repo code
$ cd "/home/pete/wefwefwef/docs/other/4738300649/jiffy-tag-0.2.0/jiffy"
$ infinity  `curl --fail --silent --show-error --location --output '0.2.0.zip' 'https://github.com/challenge/jiffy/archive/0.2.0.zip'  2>&1`
$ cd "/home/pete/wefwefwef/docs/erldocs_other.git"
$ cd "/home/pete/wefwefwef/docs/other/4738300649/jiffy-tag-0.2.0/jiffy"
$ 5000  `find -P . -type l -delete  2>&1`
$ cd "/home/pete/wefwefwef/docs/erldocs_other.git"
$ cd "/home/pete/wefwefwef/docs/other/4738300649/jiffy-tag-0.2.0/jiffy"
$ 5000  `find 'jiffy-0.2.0' -mindepth 1 -maxdepth 1 -exec mv -t . -- {} +  2>&1`
$ cd "/home/pete/wefwefwef/docs/erldocs_other.git"
 :: Getting dependencies
$ cd "/home/pete/wefwefwef/docs/other/4738300649/jiffy-tag-0.2.0/jiffy"
$ 5000  `ls -1 deps/  2>&1`
$ cd "/home/pete/wefwefwef/docs/erldocs_other.git"
>>> [rebar] deps = []
 :: Generating erldocs into /home/pete/wefwefwef/docs/other/4738300649/repo/0.2.0
Building jiffy
Generating Type Specs - "/home/pete/wefwefwef/docs/other/4738300649/jiffy-tag-0.2.0/jiffy/src/jiffy.erl"
Generating XML for application jiffy "/home/pete/wefwefwef/docs/other/4738300649/jiffy-tag-0.2.0/jiffy" -> "/home/pete/wefwefwef/docs/other/4738300649/repo/0.2.0/.xml/jiffy"
Generated jiffy XMLs: ["/home/pete/wefwefwef/docs/other/4738300649/repo/0.2.0/.xml/jiffy/jiffy.xml"]
Generating HTML - jiffy "/home/pete/wefwefwef/docs/other/4738300649/repo/0.2.0/.xml/jiffy/jiffy.xml"
Reading XML for "/home/pete/wefwefwef/docs/other/4738300649/repo/0.2.0/.xml/jiffy/jiffy.xml"
Reading XML for "/home/pete/wefwefwef/docs/other/4738300649/repo/0.2.0/.xml/specs_jiffy.xml"
Creating index.html ...
Creating erldocs_index.js ...
Woot, finished in 0 Minutes 0 Seconds
 :: Discovering other repos
$ 5000  `rm -r '/home/pete/wefwefwef/docs/other/4738300649/jiffy-tag-0.2.0'  2>&1`
 :: Processing https://github.com/challenge/jiffy	{rev,tag,"0.3.0","061e8f4f706000a255505594921b0a8ed55d43a5"}
 :: Fetching repo code
$ cd "/home/pete/wefwefwef/docs/other/4738300649/jiffy-tag-0.3.0/jiffy"
$ infinity  `curl --fail --silent --show-error --location --output '0.3.0.zip' 'https://github.com/challenge/jiffy/archive/0.3.0.zip'  2>&1`
$ cd "/home/pete/wefwefwef/docs/erldocs_other.git"
$ cd "/home/pete/wefwefwef/docs/other/4738300649/jiffy-tag-0.3.0/jiffy"
$ 5000  `find -P . -type l -delete  2>&1`
$ cd "/home/pete/wefwefwef/docs/erldocs_other.git"
$ cd "/home/pete/wefwefwef/docs/other/4738300649/jiffy-tag-0.3.0/jiffy"
$ 5000  `find 'jiffy-0.3.0' -mindepth 1 -maxdepth 1 -exec mv -t . -- {} +  2>&1`
$ cd "/home/pete/wefwefwef/docs/erldocs_other.git"
 :: Getting dependencies
$ cd "/home/pete/wefwefwef/docs/other/4738300649/jiffy-tag-0.3.0/jiffy"
$ infinity  `rebar --config '/home/pete/wefwefwef/docs/other/4738300649/jiffy-tag-0.3.0/rebar_deps' get-deps  2>&1`
$ cd "/home/pete/wefwefwef/docs/erldocs_other.git"
$ cd "/home/pete/wefwefwef/docs/other/4738300649/jiffy-tag-0.3.0/jiffy"
$ 5000  `find -P . -type l -delete  2>&1`
$ cd "/home/pete/wefwefwef/docs/erldocs_other.git"
$ cd "/home/pete/wefwefwef/docs/other/4738300649/jiffy-tag-0.3.0/jiffy"
$ 5000  `ls -1 deps/  2>&1`
$ cd "/home/pete/wefwefwef/docs/erldocs_other.git"
>>> [rebar] deps = ["proper"]
 :: Generating erldocs into /home/pete/wefwefwef/docs/other/4738300649/repo/0.3.0
Building jiffy
Generating Type Specs - "/home/pete/wefwefwef/docs/other/4738300649/jiffy-tag-0.3.0/jiffy/src/jiffy.erl"
Generating XML for application jiffy "/home/pete/wefwefwef/docs/other/4738300649/jiffy-tag-0.3.0/jiffy" -> "/home/pete/wefwefwef/docs/other/4738300649/repo/0.3.0/.xml/jiffy"
Generated jiffy XMLs: ["/home/pete/wefwefwef/docs/other/4738300649/repo/0.3.0/.xml/jiffy/jiffy.xml"]
Generating HTML - jiffy "/home/pete/wefwefwef/docs/other/4738300649/repo/0.3.0/.xml/jiffy/jiffy.xml"
Reading XML for "/home/pete/wefwefwef/docs/other/4738300649/repo/0.3.0/.xml/jiffy/jiffy.xml"
Reading XML for "/home/pete/wefwefwef/docs/other/4738300649/repo/0.3.0/.xml/specs_jiffy.xml"
Creating index.html ...
Creating erldocs_index.js ...
Woot, finished in 0 Minutes 0 Seconds
 :: Discovering other repos
$ 5000  `rm -r '/home/pete/wefwefwef/docs/other/4738300649/jiffy-tag-0.3.0'  2>&1`
 :: Processing https://github.com/challenge/jiffy	{rev,tag,"0.4.0","56e60433aee70a598908253dfb74fe83f48e1e9c"}
 :: Fetching repo code
$ cd "/home/pete/wefwefwef/docs/other/4738300649/jiffy-tag-0.4.0/jiffy"
$ infinity  `curl --fail --silent --show-error --location --output '0.4.0.zip' 'https://github.com/challenge/jiffy/archive/0.4.0.zip'  2>&1`
$ cd "/home/pete/wefwefwef/docs/erldocs_other.git"
$ cd "/home/pete/wefwefwef/docs/other/4738300649/jiffy-tag-0.4.0/jiffy"
$ 5000  `find -P . -type l -delete  2>&1`
$ cd "/home/pete/wefwefwef/docs/erldocs_other.git"
$ cd "/home/pete/wefwefwef/docs/other/4738300649/jiffy-tag-0.4.0/jiffy"
$ 5000  `find 'jiffy-0.4.0' -mindepth 1 -maxdepth 1 -exec mv -t . -- {} +  2>&1`
$ cd "/home/pete/wefwefwef/docs/erldocs_other.git"
 :: Getting dependencies
$ cd "/home/pete/wefwefwef/docs/other/4738300649/jiffy-tag-0.4.0/jiffy"
$ infinity  `rebar --config '/home/pete/wefwefwef/docs/other/4738300649/jiffy-tag-0.4.0/rebar_deps' get-deps  2>&1`
$ cd "/home/pete/wefwefwef/docs/erldocs_other.git"
$ cd "/home/pete/wefwefwef/docs/other/4738300649/jiffy-tag-0.4.0/jiffy"
$ 5000  `find -P . -type l -delete  2>&1`
$ cd "/home/pete/wefwefwef/docs/erldocs_other.git"
$ cd "/home/pete/wefwefwef/docs/other/4738300649/jiffy-tag-0.4.0/jiffy"
$ 5000  `ls -1 deps/  2>&1`
$ cd "/home/pete/wefwefwef/docs/erldocs_other.git"
>>> [rebar] deps = ["proper"]
 :: Generating erldocs into /home/pete/wefwefwef/docs/other/4738300649/repo/0.4.0
Building jiffy
Generating Type Specs - "/home/pete/wefwefwef/docs/other/4738300649/jiffy-tag-0.4.0/jiffy/src/jiffy.erl"
Generating XML for application jiffy "/home/pete/wefwefwef/docs/other/4738300649/jiffy-tag-0.4.0/jiffy" -> "/home/pete/wefwefwef/docs/other/4738300649/repo/0.4.0/.xml/jiffy"
Generated jiffy XMLs: ["/home/pete/wefwefwef/docs/other/4738300649/repo/0.4.0/.xml/jiffy/jiffy.xml"]
Generating HTML - jiffy "/home/pete/wefwefwef/docs/other/4738300649/repo/0.4.0/.xml/jiffy/jiffy.xml"
Reading XML for "/home/pete/wefwefwef/docs/other/4738300649/repo/0.4.0/.xml/jiffy/jiffy.xml"
Reading XML for "/home/pete/wefwefwef/docs/other/4738300649/repo/0.4.0/.xml/specs_jiffy.xml"
Creating index.html ...
Creating erldocs_index.js ...
Woot, finished in 0 Minutes 0 Seconds
 :: Discovering other repos
$ 5000  `rm -r '/home/pete/wefwefwef/docs/other/4738300649/jiffy-tag-0.4.0'  2>&1`
 :: Processing https://github.com/challenge/jiffy	{rev,tag,"0.4.1","12bf41ee6161c066c199054cdd74d023c6ac4d23"}
 :: Fetching repo code
$ cd "/home/pete/wefwefwef/docs/other/4738300649/jiffy-tag-0.4.1/jiffy"
$ infinity  `curl --fail --silent --show-error --location --output '0.4.1.zip' 'https://github.com/challenge/jiffy/archive/0.4.1.zip'  2>&1`
$ cd "/home/pete/wefwefwef/docs/erldocs_other.git"
$ cd "/home/pete/wefwefwef/docs/other/4738300649/jiffy-tag-0.4.1/jiffy"
$ 5000  `find -P . -type l -delete  2>&1`
$ cd "/home/pete/wefwefwef/docs/erldocs_other.git"
$ cd "/home/pete/wefwefwef/docs/other/4738300649/jiffy-tag-0.4.1/jiffy"
$ 5000  `find 'jiffy-0.4.1' -mindepth 1 -maxdepth 1 -exec mv -t . -- {} +  2>&1`
$ cd "/home/pete/wefwefwef/docs/erldocs_other.git"
 :: Getting dependencies
$ cd "/home/pete/wefwefwef/docs/other/4738300649/jiffy-tag-0.4.1/jiffy"
$ infinity  `rebar --config '/home/pete/wefwefwef/docs/other/4738300649/jiffy-tag-0.4.1/rebar_deps' get-deps  2>&1`
$ cd "/home/pete/wefwefwef/docs/erldocs_other.git"
$ cd "/home/pete/wefwefwef/docs/other/4738300649/jiffy-tag-0.4.1/jiffy"
$ 5000  `find -P . -type l -delete  2>&1`
$ cd "/home/pete/wefwefwef/docs/erldocs_other.git"
$ cd "/home/pete/wefwefwef/docs/other/4738300649/jiffy-tag-0.4.1/jiffy"
$ 5000  `ls -1 deps/  2>&1`
$ cd "/home/pete/wefwefwef/docs/erldocs_other.git"
>>> [rebar] deps = ["proper"]
 :: Generating erldocs into /home/pete/wefwefwef/docs/other/4738300649/repo/0.4.1
Building jiffy
Generating Type Specs - "/home/pete/wefwefwef/docs/other/4738300649/jiffy-tag-0.4.1/jiffy/src/jiffy.erl"
Generating XML for application jiffy "/home/pete/wefwefwef/docs/other/4738300649/jiffy-tag-0.4.1/jiffy" -> "/home/pete/wefwefwef/docs/other/4738300649/repo/0.4.1/.xml/jiffy"
Generated jiffy XMLs: ["/home/pete/wefwefwef/docs/other/4738300649/repo/0.4.1/.xml/jiffy/jiffy.xml"]
Generating HTML - jiffy "/home/pete/wefwefwef/docs/other/4738300649/repo/0.4.1/.xml/jiffy/jiffy.xml"
Reading XML for "/home/pete/wefwefwef/docs/other/4738300649/repo/0.4.1/.xml/jiffy/jiffy.xml"
Reading XML for "/home/pete/wefwefwef/docs/other/4738300649/repo/0.4.1/.xml/specs_jiffy.xml"
Creating index.html ...
Creating erldocs_index.js ...
Woot, finished in 0 Minutes 0 Seconds
 :: Discovering other repos
$ 5000  `rm -r '/home/pete/wefwefwef/docs/other/4738300649/jiffy-tag-0.4.1'  2>&1`
 :: Processing https://github.com/challenge/jiffy	{rev,tag,"0.4.2","d127364b13526848ff7ebe36ccecb6fb3862355d"}
 :: Fetching repo code
$ cd "/home/pete/wefwefwef/docs/other/4738300649/jiffy-tag-0.4.2/jiffy"
$ infinity  `curl --fail --silent --show-error --location --output '0.4.2.zip' 'https://github.com/challenge/jiffy/archive/0.4.2.zip'  2>&1`
$ cd "/home/pete/wefwefwef/docs/erldocs_other.git"
$ cd "/home/pete/wefwefwef/docs/other/4738300649/jiffy-tag-0.4.2/jiffy"
$ 5000  `find -P . -type l -delete  2>&1`
$ cd "/home/pete/wefwefwef/docs/erldocs_other.git"
$ cd "/home/pete/wefwefwef/docs/other/4738300649/jiffy-tag-0.4.2/jiffy"
$ 5000  `find 'jiffy-0.4.2' -mindepth 1 -maxdepth 1 -exec mv -t . -- {} +  2>&1`
$ cd "/home/pete/wefwefwef/docs/erldocs_other.git"
 :: Getting dependencies
$ cd "/home/pete/wefwefwef/docs/other/4738300649/jiffy-tag-0.4.2/jiffy"
$ infinity  `rebar --config '/home/pete/wefwefwef/docs/other/4738300649/jiffy-tag-0.4.2/rebar_deps' get-deps  2>&1`
$ cd "/home/pete/wefwefwef/docs/erldocs_other.git"
$ cd "/home/pete/wefwefwef/docs/other/4738300649/jiffy-tag-0.4.2/jiffy"
$ 5000  `find -P . -type l -delete  2>&1`
$ cd "/home/pete/wefwefwef/docs/erldocs_other.git"
$ cd "/home/pete/wefwefwef/docs/other/4738300649/jiffy-tag-0.4.2/jiffy"
$ 5000  `ls -1 deps/  2>&1`
$ cd "/home/pete/wefwefwef/docs/erldocs_other.git"
>>> [rebar] deps = ["proper"]
 :: Generating erldocs into /home/pete/wefwefwef/docs/other/4738300649/repo/0.4.2
Building jiffy
Generating Type Specs - "/home/pete/wefwefwef/docs/other/4738300649/jiffy-tag-0.4.2/jiffy/src/jiffy.erl"
Generating XML for application jiffy "/home/pete/wefwefwef/docs/other/4738300649/jiffy-tag-0.4.2/jiffy" -> "/home/pete/wefwefwef/docs/other/4738300649/repo/0.4.2/.xml/jiffy"
Generated jiffy XMLs: ["/home/pete/wefwefwef/docs/other/4738300649/repo/0.4.2/.xml/jiffy/jiffy.xml"]
Generating HTML - jiffy "/home/pete/wefwefwef/docs/other/4738300649/repo/0.4.2/.xml/jiffy/jiffy.xml"
Reading XML for "/home/pete/wefwefwef/docs/other/4738300649/repo/0.4.2/.xml/jiffy/jiffy.xml"
Reading XML for "/home/pete/wefwefwef/docs/other/4738300649/repo/0.4.2/.xml/specs_jiffy.xml"
Creating index.html ...
Creating erldocs_index.js ...
Woot, finished in 0 Minutes 0 Seconds
 :: Discovering other repos
$ 5000  `rm -r '/home/pete/wefwefwef/docs/other/4738300649/jiffy-tag-0.4.2'  2>&1`
 :: Processing https://github.com/challenge/jiffy	{rev,tag,"0.4.3","6f589d457673a3bbdf4329103fbe2b10b302ec87"}
 :: Fetching repo code
$ cd "/home/pete/wefwefwef/docs/other/4738300649/jiffy-tag-0.4.3/jiffy"
$ infinity  `curl --fail --silent --show-error --location --output '0.4.3.zip' 'https://github.com/challenge/jiffy/archive/0.4.3.zip'  2>&1`
$ cd "/home/pete/wefwefwef/docs/erldocs_other.git"
$ cd "/home/pete/wefwefwef/docs/other/4738300649/jiffy-tag-0.4.3/jiffy"
$ 5000  `find -P . -type l -delete  2>&1`
$ cd "/home/pete/wefwefwef/docs/erldocs_other.git"
$ cd "/home/pete/wefwefwef/docs/other/4738300649/jiffy-tag-0.4.3/jiffy"
$ 5000  `find 'jiffy-0.4.3' -mindepth 1 -maxdepth 1 -exec mv -t . -- {} +  2>&1`
$ cd "/home/pete/wefwefwef/docs/erldocs_other.git"
 :: Getting dependencies
$ cd "/home/pete/wefwefwef/docs/other/4738300649/jiffy-tag-0.4.3/jiffy"
$ infinity  `rebar --config '/home/pete/wefwefwef/docs/other/4738300649/jiffy-tag-0.4.3/rebar_deps' get-deps  2>&1`
$ cd "/home/pete/wefwefwef/docs/erldocs_other.git"
$ cd "/home/pete/wefwefwef/docs/other/4738300649/jiffy-tag-0.4.3/jiffy"
$ 5000  `find -P . -type l -delete  2>&1`
$ cd "/home/pete/wefwefwef/docs/erldocs_other.git"
$ cd "/home/pete/wefwefwef/docs/other/4738300649/jiffy-tag-0.4.3/jiffy"
$ 5000  `ls -1 deps/  2>&1`
$ cd "/home/pete/wefwefwef/docs/erldocs_other.git"
>>> [rebar] deps = ["proper"]
 :: Generating erldocs into /home/pete/wefwefwef/docs/other/4738300649/repo/0.4.3
Building jiffy
Generating Type Specs - "/home/pete/wefwefwef/docs/other/4738300649/jiffy-tag-0.4.3/jiffy/src/jiffy.erl"
Generating XML for application jiffy "/home/pete/wefwefwef/docs/other/4738300649/jiffy-tag-0.4.3/jiffy" -> "/home/pete/wefwefwef/docs/other/4738300649/repo/0.4.3/.xml/jiffy"
Generated jiffy XMLs: ["/home/pete/wefwefwef/docs/other/4738300649/repo/0.4.3/.xml/jiffy/jiffy.xml"]
Generating HTML - jiffy "/home/pete/wefwefwef/docs/other/4738300649/repo/0.4.3/.xml/jiffy/jiffy.xml"
Reading XML for "/home/pete/wefwefwef/docs/other/4738300649/repo/0.4.3/.xml/jiffy/jiffy.xml"
Reading XML for "/home/pete/wefwefwef/docs/other/4738300649/repo/0.4.3/.xml/specs_jiffy.xml"
Creating index.html ...
Creating erldocs_index.js ...
Woot, finished in 0 Minutes 0 Seconds
 :: Discovering other repos
$ 5000  `rm -r '/home/pete/wefwefwef/docs/other/4738300649/jiffy-tag-0.4.3'  2>&1`
 :: Processing https://github.com/challenge/jiffy	{rev,tag,"0.4.4","414827d604b0f28974bd666f7da1068bb36b44ae"}
 :: Fetching repo code
$ cd "/home/pete/wefwefwef/docs/other/4738300649/jiffy-tag-0.4.4/jiffy"
$ infinity  `curl --fail --silent --show-error --location --output '0.4.4.zip' 'https://github.com/challenge/jiffy/archive/0.4.4.zip'  2>&1`
$ cd "/home/pete/wefwefwef/docs/erldocs_other.git"
$ cd "/home/pete/wefwefwef/docs/other/4738300649/jiffy-tag-0.4.4/jiffy"
$ 5000  `find -P . -type l -delete  2>&1`
$ cd "/home/pete/wefwefwef/docs/erldocs_other.git"
$ cd "/home/pete/wefwefwef/docs/other/4738300649/jiffy-tag-0.4.4/jiffy"
$ 5000  `find 'jiffy-0.4.4' -mindepth 1 -maxdepth 1 -exec mv -t . -- {} +  2>&1`
$ cd "/home/pete/wefwefwef/docs/erldocs_other.git"
 :: Getting dependencies
$ cd "/home/pete/wefwefwef/docs/other/4738300649/jiffy-tag-0.4.4/jiffy"
$ infinity  `rebar --config '/home/pete/wefwefwef/docs/other/4738300649/jiffy-tag-0.4.4/rebar_deps' get-deps  2>&1`
$ cd "/home/pete/wefwefwef/docs/erldocs_other.git"
$ cd "/home/pete/wefwefwef/docs/other/4738300649/jiffy-tag-0.4.4/jiffy"
$ 5000  `find -P . -type l -delete  2>&1`
$ cd "/home/pete/wefwefwef/docs/erldocs_other.git"
$ cd "/home/pete/wefwefwef/docs/other/4738300649/jiffy-tag-0.4.4/jiffy"
$ 5000  `ls -1 deps/  2>&1`
$ cd "/home/pete/wefwefwef/docs/erldocs_other.git"
>>> [rebar] deps = ["proper"]
 :: Generating erldocs into /home/pete/wefwefwef/docs/other/4738300649/repo/0.4.4
Building jiffy
Generating Type Specs - "/home/pete/wefwefwef/docs/other/4738300649/jiffy-tag-0.4.4/jiffy/src/jiffy.erl"
Generating Type Specs - "/home/pete/wefwefwef/docs/other/4738300649/jiffy-tag-0.4.4/jiffy/src/jiffy_utf8.erl"
Generating XML for application jiffy "/home/pete/wefwefwef/docs/other/4738300649/jiffy-tag-0.4.4/jiffy" -> "/home/pete/wefwefwef/docs/other/4738300649/repo/0.4.4/.xml/jiffy"
Generated jiffy XMLs: ["/home/pete/wefwefwef/docs/other/4738300649/repo/0.4.4/.xml/jiffy/jiffy_utf8.xml",
                       "/home/pete/wefwefwef/docs/other/4738300649/repo/0.4.4/.xml/jiffy/jiffy.xml"]
Generating HTML - jiffy "/home/pete/wefwefwef/docs/other/4738300649/repo/0.4.4/.xml/jiffy/jiffy.xml"
Reading XML for "/home/pete/wefwefwef/docs/other/4738300649/repo/0.4.4/.xml/jiffy/jiffy.xml"
Reading XML for "/home/pete/wefwefwef/docs/other/4738300649/repo/0.4.4/.xml/specs_jiffy.xml"
Generating HTML - jiffy_utf8 "/home/pete/wefwefwef/docs/other/4738300649/repo/0.4.4/.xml/jiffy/jiffy_utf8.xml"
Reading XML for "/home/pete/wefwefwef/docs/other/4738300649/repo/0.4.4/.xml/jiffy/jiffy_utf8.xml"
Reading XML for "/home/pete/wefwefwef/docs/other/4738300649/repo/0.4.4/.xml/specs_jiffy_utf8.xml"
Creating index.html ...
Creating erldocs_index.js ...
Woot, finished in 0 Minutes 0 Seconds
 :: Discovering other repos
$ 5000  `rm -r '/home/pete/wefwefwef/docs/other/4738300649/jiffy-tag-0.4.4'  2>&1`
 :: Processing https://github.com/challenge/jiffy	{rev,tag,"0.4.5","5eea00e4973e89c4245754694150582ed81079ef"}
 :: Fetching repo code
$ cd "/home/pete/wefwefwef/docs/other/4738300649/jiffy-tag-0.4.5/jiffy"
$ infinity  `curl --fail --silent --show-error --location --output '0.4.5.zip' 'https://github.com/challenge/jiffy/archive/0.4.5.zip'  2>&1`
$ cd "/home/pete/wefwefwef/docs/erldocs_other.git"
$ cd "/home/pete/wefwefwef/docs/other/4738300649/jiffy-tag-0.4.5/jiffy"
$ 5000  `find -P . -type l -delete  2>&1`
$ cd "/home/pete/wefwefwef/docs/erldocs_other.git"
$ cd "/home/pete/wefwefwef/docs/other/4738300649/jiffy-tag-0.4.5/jiffy"
$ 5000  `find 'jiffy-0.4.5' -mindepth 1 -maxdepth 1 -exec mv -t . -- {} +  2>&1`
$ cd "/home/pete/wefwefwef/docs/erldocs_other.git"
 :: Getting dependencies
$ cd "/home/pete/wefwefwef/docs/other/4738300649/jiffy-tag-0.4.5/jiffy"
$ infinity  `rebar --config '/home/pete/wefwefwef/docs/other/4738300649/jiffy-tag-0.4.5/rebar_deps' get-deps  2>&1`
$ cd "/home/pete/wefwefwef/docs/erldocs_other.git"
$ cd "/home/pete/wefwefwef/docs/other/4738300649/jiffy-tag-0.4.5/jiffy"
$ 5000  `find -P . -type l -delete  2>&1`
$ cd "/home/pete/wefwefwef/docs/erldocs_other.git"
$ cd "/home/pete/wefwefwef/docs/other/4738300649/jiffy-tag-0.4.5/jiffy"
$ 5000  `ls -1 deps/  2>&1`
$ cd "/home/pete/wefwefwef/docs/erldocs_other.git"
>>> [rebar] deps = ["proper"]
 :: Generating erldocs into /home/pete/wefwefwef/docs/other/4738300649/repo/0.4.5
Building jiffy
Generating Type Specs - "/home/pete/wefwefwef/docs/other/4738300649/jiffy-tag-0.4.5/jiffy/src/jiffy.erl"
Generating Type Specs - "/home/pete/wefwefwef/docs/other/4738300649/jiffy-tag-0.4.5/jiffy/src/jiffy_utf8.erl"
Generating XML for application jiffy "/home/pete/wefwefwef/docs/other/4738300649/jiffy-tag-0.4.5/jiffy" -> "/home/pete/wefwefwef/docs/other/4738300649/repo/0.4.5/.xml/jiffy"
Generated jiffy XMLs: ["/home/pete/wefwefwef/docs/other/4738300649/repo/0.4.5/.xml/jiffy/jiffy_utf8.xml",
                       "/home/pete/wefwefwef/docs/other/4738300649/repo/0.4.5/.xml/jiffy/jiffy.xml"]
Generating HTML - jiffy "/home/pete/wefwefwef/docs/other/4738300649/repo/0.4.5/.xml/jiffy/jiffy.xml"
Reading XML for "/home/pete/wefwefwef/docs/other/4738300649/repo/0.4.5/.xml/jiffy/jiffy.xml"
Reading XML for "/home/pete/wefwefwef/docs/other/4738300649/repo/0.4.5/.xml/specs_jiffy.xml"
Generating HTML - jiffy_utf8 "/home/pete/wefwefwef/docs/other/4738300649/repo/0.4.5/.xml/jiffy/jiffy_utf8.xml"
Reading XML for "/home/pete/wefwefwef/docs/other/4738300649/repo/0.4.5/.xml/jiffy/jiffy_utf8.xml"
Reading XML for "/home/pete/wefwefwef/docs/other/4738300649/repo/0.4.5/.xml/specs_jiffy_utf8.xml"
Creating index.html ...
Creating erldocs_index.js ...
Woot, finished in 0 Minutes 0 Seconds
 :: Discovering other repos
$ 5000  `rm -r '/home/pete/wefwefwef/docs/other/4738300649/jiffy-tag-0.4.5'  2>&1`
 :: Processing https://github.com/challenge/jiffy	{rev,tag,"0.5.0","0bf440d141f467b07970833b4f94669dc21af0e3"}
 :: Fetching repo code
$ cd "/home/pete/wefwefwef/docs/other/4738300649/jiffy-tag-0.5.0/jiffy"
$ infinity  `curl --fail --silent --show-error --location --output '0.5.0.zip' 'https://github.com/challenge/jiffy/archive/0.5.0.zip'  2>&1`
$ cd "/home/pete/wefwefwef/docs/erldocs_other.git"
$ cd "/home/pete/wefwefwef/docs/other/4738300649/jiffy-tag-0.5.0/jiffy"
$ 5000  `find -P . -type l -delete  2>&1`
$ cd "/home/pete/wefwefwef/docs/erldocs_other.git"
$ cd "/home/pete/wefwefwef/docs/other/4738300649/jiffy-tag-0.5.0/jiffy"
$ 5000  `find 'jiffy-0.5.0' -mindepth 1 -maxdepth 1 -exec mv -t . -- {} +  2>&1`
$ cd "/home/pete/wefwefwef/docs/erldocs_other.git"
 :: Getting dependencies
$ cd "/home/pete/wefwefwef/docs/other/4738300649/jiffy-tag-0.5.0/jiffy"
$ infinity  `rebar --config '/home/pete/wefwefwef/docs/other/4738300649/jiffy-tag-0.5.0/rebar_deps' get-deps  2>&1`
$ cd "/home/pete/wefwefwef/docs/erldocs_other.git"
$ cd "/home/pete/wefwefwef/docs/other/4738300649/jiffy-tag-0.5.0/jiffy"
$ 5000  `find -P . -type l -delete  2>&1`
$ cd "/home/pete/wefwefwef/docs/erldocs_other.git"
$ cd "/home/pete/wefwefwef/docs/other/4738300649/jiffy-tag-0.5.0/jiffy"
$ 5000  `ls -1 deps/  2>&1`
$ cd "/home/pete/wefwefwef/docs/erldocs_other.git"
>>> [rebar] deps = ["proper"]
 :: Generating erldocs into /home/pete/wefwefwef/docs/other/4738300649/repo/0.5.0
Building jiffy
Generating Type Specs - "/home/pete/wefwefwef/docs/other/4738300649/jiffy-tag-0.5.0/jiffy/src/jiffy.erl"
Generating Type Specs - "/home/pete/wefwefwef/docs/other/4738300649/jiffy-tag-0.5.0/jiffy/src/jiffy_utf8.erl"
Generating XML for application jiffy "/home/pete/wefwefwef/docs/other/4738300649/jiffy-tag-0.5.0/jiffy" -> "/home/pete/wefwefwef/docs/other/4738300649/repo/0.5.0/.xml/jiffy"
Generated jiffy XMLs: ["/home/pete/wefwefwef/docs/other/4738300649/repo/0.5.0/.xml/jiffy/jiffy_utf8.xml",
                       "/home/pete/wefwefwef/docs/other/4738300649/repo/0.5.0/.xml/jiffy/jiffy.xml"]
Generating HTML - jiffy "/home/pete/wefwefwef/docs/other/4738300649/repo/0.5.0/.xml/jiffy/jiffy.xml"
Reading XML for "/home/pete/wefwefwef/docs/other/4738300649/repo/0.5.0/.xml/jiffy/jiffy.xml"
Reading XML for "/home/pete/wefwefwef/docs/other/4738300649/repo/0.5.0/.xml/specs_jiffy.xml"
Generating HTML - jiffy_utf8 "/home/pete/wefwefwef/docs/other/4738300649/repo/0.5.0/.xml/jiffy/jiffy_utf8.xml"
Reading XML for "/home/pete/wefwefwef/docs/other/4738300649/repo/0.5.0/.xml/jiffy/jiffy_utf8.xml"
Reading XML for "/home/pete/wefwefwef/docs/other/4738300649/repo/0.5.0/.xml/specs_jiffy_utf8.xml"
Creating index.html ...
Creating erldocs_index.js ...
Woot, finished in 0 Minutes 0 Seconds
 :: Discovering other repos
$ 5000  `rm -r '/home/pete/wefwefwef/docs/other/4738300649/jiffy-tag-0.5.0'  2>&1`
 :: Processing https://github.com/challenge/jiffy	{rev,tag,"0.5.1","1772539a42ab91ee3d03a6b86df8df959853d1dc"}
 :: Fetching repo code
$ cd "/home/pete/wefwefwef/docs/other/4738300649/jiffy-tag-0.5.1/jiffy"
$ infinity  `curl --fail --silent --show-error --location --output '0.5.1.zip' 'https://github.com/challenge/jiffy/archive/0.5.1.zip'  2>&1`
$ cd "/home/pete/wefwefwef/docs/erldocs_other.git"
$ cd "/home/pete/wefwefwef/docs/other/4738300649/jiffy-tag-0.5.1/jiffy"
$ 5000  `find -P . -type l -delete  2>&1`
$ cd "/home/pete/wefwefwef/docs/erldocs_other.git"
$ cd "/home/pete/wefwefwef/docs/other/4738300649/jiffy-tag-0.5.1/jiffy"
$ 5000  `find 'jiffy-0.5.1' -mindepth 1 -maxdepth 1 -exec mv -t . -- {} +  2>&1`
$ cd "/home/pete/wefwefwef/docs/erldocs_other.git"
 :: Getting dependencies
$ cd "/home/pete/wefwefwef/docs/other/4738300649/jiffy-tag-0.5.1/jiffy"
$ infinity  `rebar --config '/home/pete/wefwefwef/docs/other/4738300649/jiffy-tag-0.5.1/rebar_deps' get-deps  2>&1`
$ cd "/home/pete/wefwefwef/docs/erldocs_other.git"
$ cd "/home/pete/wefwefwef/docs/other/4738300649/jiffy-tag-0.5.1/jiffy"
$ 5000  `find -P . -type l -delete  2>&1`
$ cd "/home/pete/wefwefwef/docs/erldocs_other.git"
$ cd "/home/pete/wefwefwef/docs/other/4738300649/jiffy-tag-0.5.1/jiffy"
$ 5000  `ls -1 deps/  2>&1`
$ cd "/home/pete/wefwefwef/docs/erldocs_other.git"
>>> [rebar] deps = ["proper"]
 :: Generating erldocs into /home/pete/wefwefwef/docs/other/4738300649/repo/0.5.1
Building jiffy
Generating Type Specs - "/home/pete/wefwefwef/docs/other/4738300649/jiffy-tag-0.5.1/jiffy/src/jiffy.erl"
Generating Type Specs - "/home/pete/wefwefwef/docs/other/4738300649/jiffy-tag-0.5.1/jiffy/src/jiffy_utf8.erl"
Generating XML for application jiffy "/home/pete/wefwefwef/docs/other/4738300649/jiffy-tag-0.5.1/jiffy" -> "/home/pete/wefwefwef/docs/other/4738300649/repo/0.5.1/.xml/jiffy"
Generated jiffy XMLs: ["/home/pete/wefwefwef/docs/other/4738300649/repo/0.5.1/.xml/jiffy/jiffy_utf8.xml",
                       "/home/pete/wefwefwef/docs/other/4738300649/repo/0.5.1/.xml/jiffy/jiffy.xml"]
Generating HTML - jiffy "/home/pete/wefwefwef/docs/other/4738300649/repo/0.5.1/.xml/jiffy/jiffy.xml"
Reading XML for "/home/pete/wefwefwef/docs/other/4738300649/repo/0.5.1/.xml/jiffy/jiffy.xml"
Reading XML for "/home/pete/wefwefwef/docs/other/4738300649/repo/0.5.1/.xml/specs_jiffy.xml"
Generating HTML - jiffy_utf8 "/home/pete/wefwefwef/docs/other/4738300649/repo/0.5.1/.xml/jiffy/jiffy_utf8.xml"
Reading XML for "/home/pete/wefwefwef/docs/other/4738300649/repo/0.5.1/.xml/jiffy/jiffy_utf8.xml"
Reading XML for "/home/pete/wefwefwef/docs/other/4738300649/repo/0.5.1/.xml/specs_jiffy_utf8.xml"
Creating index.html ...
Creating erldocs_index.js ...
Woot, finished in 0 Minutes 0 Seconds
 :: Discovering other repos
$ 5000  `rm -r '/home/pete/wefwefwef/docs/other/4738300649/jiffy-tag-0.5.1'  2>&1`
 :: Processing https://github.com/challenge/jiffy	{rev,tag,"0.5.2","f71616198f008c13a1f8571bb2f7d726ba84764d"}
 :: Fetching repo code
$ cd "/home/pete/wefwefwef/docs/other/4738300649/jiffy-tag-0.5.2/jiffy"
$ infinity  `curl --fail --silent --show-error --location --output '0.5.2.zip' 'https://github.com/challenge/jiffy/archive/0.5.2.zip'  2>&1`
$ cd "/home/pete/wefwefwef/docs/erldocs_other.git"
$ cd "/home/pete/wefwefwef/docs/other/4738300649/jiffy-tag-0.5.2/jiffy"
$ 5000  `find -P . -type l -delete  2>&1`
$ cd "/home/pete/wefwefwef/docs/erldocs_other.git"
$ cd "/home/pete/wefwefwef/docs/other/4738300649/jiffy-tag-0.5.2/jiffy"
$ 5000  `find 'jiffy-0.5.2' -mindepth 1 -maxdepth 1 -exec mv -t . -- {} +  2>&1`
$ cd "/home/pete/wefwefwef/docs/erldocs_other.git"
 :: Getting dependencies
$ cd "/home/pete/wefwefwef/docs/other/4738300649/jiffy-tag-0.5.2/jiffy"
$ infinity  `rebar --config '/home/pete/wefwefwef/docs/other/4738300649/jiffy-tag-0.5.2/rebar_deps' get-deps  2>&1`
$ cd "/home/pete/wefwefwef/docs/erldocs_other.git"
$ cd "/home/pete/wefwefwef/docs/other/4738300649/jiffy-tag-0.5.2/jiffy"
$ 5000  `find -P . -type l -delete  2>&1`
$ cd "/home/pete/wefwefwef/docs/erldocs_other.git"
$ cd "/home/pete/wefwefwef/docs/other/4738300649/jiffy-tag-0.5.2/jiffy"
$ 5000  `ls -1 deps/  2>&1`
$ cd "/home/pete/wefwefwef/docs/erldocs_other.git"
>>> [rebar] deps = ["proper"]
 :: Generating erldocs into /home/pete/wefwefwef/docs/other/4738300649/repo/0.5.2
Building jiffy
Generating Type Specs - "/home/pete/wefwefwef/docs/other/4738300649/jiffy-tag-0.5.2/jiffy/src/jiffy.erl"
Generating Type Specs - "/home/pete/wefwefwef/docs/other/4738300649/jiffy-tag-0.5.2/jiffy/src/jiffy_utf8.erl"
Generating XML for application jiffy "/home/pete/wefwefwef/docs/other/4738300649/jiffy-tag-0.5.2/jiffy" -> "/home/pete/wefwefwef/docs/other/4738300649/repo/0.5.2/.xml/jiffy"
Generated jiffy XMLs: ["/home/pete/wefwefwef/docs/other/4738300649/repo/0.5.2/.xml/jiffy/jiffy_utf8.xml",
                       "/home/pete/wefwefwef/docs/other/4738300649/repo/0.5.2/.xml/jiffy/jiffy.xml"]
Generating HTML - jiffy "/home/pete/wefwefwef/docs/other/4738300649/repo/0.5.2/.xml/jiffy/jiffy.xml"
Reading XML for "/home/pete/wefwefwef/docs/other/4738300649/repo/0.5.2/.xml/jiffy/jiffy.xml"
Reading XML for "/home/pete/wefwefwef/docs/other/4738300649/repo/0.5.2/.xml/specs_jiffy.xml"
Generating HTML - jiffy_utf8 "/home/pete/wefwefwef/docs/other/4738300649/repo/0.5.2/.xml/jiffy/jiffy_utf8.xml"
Reading XML for "/home/pete/wefwefwef/docs/other/4738300649/repo/0.5.2/.xml/jiffy/jiffy_utf8.xml"
Reading XML for "/home/pete/wefwefwef/docs/other/4738300649/repo/0.5.2/.xml/specs_jiffy_utf8.xml"
Creating index.html ...
Creating erldocs_index.js ...
Woot, finished in 0 Minutes 0 Seconds
 :: Discovering other repos
$ 5000  `rm -r '/home/pete/wefwefwef/docs/other/4738300649/jiffy-tag-0.5.2'  2>&1`
 :: Processing https://github.com/challenge/jiffy	{rev,branch,"fix-decimals","5042cc946008ee413cc66b9b0addcf33ecd2fd93"}
 :: Fetching repo code
$ cd "/home/pete/wefwefwef/docs/other/4738300649/jiffy-branch-fix-decimals/jiffy"
$ infinity  `curl --fail --silent --show-error --location --output 'fix-decimals.zip' 'https://github.com/challenge/jiffy/archive/fix-decimals.zip'  2>&1`
$ cd "/home/pete/wefwefwef/docs/erldocs_other.git"
$ cd "/home/pete/wefwefwef/docs/other/4738300649/jiffy-branch-fix-decimals/jiffy"
$ 5000  `find -P . -type l -delete  2>&1`
$ cd "/home/pete/wefwefwef/docs/erldocs_other.git"
$ cd "/home/pete/wefwefwef/docs/other/4738300649/jiffy-branch-fix-decimals/jiffy"
$ 5000  `find 'jiffy-fix-decimals' -mindepth 1 -maxdepth 1 -exec mv -t . -- {} +  2>&1`
$ cd "/home/pete/wefwefwef/docs/erldocs_other.git"
 :: Getting dependencies
$ cd "/home/pete/wefwefwef/docs/other/4738300649/jiffy-branch-fix-decimals/jiffy"
$ infinity  `rebar --config '/home/pete/wefwefwef/docs/other/4738300649/jiffy-branch-fix-decimals/rebar_deps' get-deps  2>&1`
$ cd "/home/pete/wefwefwef/docs/erldocs_other.git"
$ cd "/home/pete/wefwefwef/docs/other/4738300649/jiffy-branch-fix-decimals/jiffy"
$ 5000  `find -P . -type l -delete  2>&1`
$ cd "/home/pete/wefwefwef/docs/erldocs_other.git"
$ cd "/home/pete/wefwefwef/docs/other/4738300649/jiffy-branch-fix-decimals/jiffy"
$ 5000  `ls -1 deps/  2>&1`
$ cd "/home/pete/wefwefwef/docs/erldocs_other.git"
>>> [rebar] deps = ["proper"]
 :: Generating erldocs into /home/pete/wefwefwef/docs/other/4738300649/repo/fix-decimals
Building jiffy
Generating Type Specs - "/home/pete/wefwefwef/docs/other/4738300649/jiffy-branch-fix-decimals/jiffy/src/jiffy.erl"
Generating XML for application jiffy "/home/pete/wefwefwef/docs/other/4738300649/jiffy-branch-fix-decimals/jiffy" -> "/home/pete/wefwefwef/docs/other/4738300649/repo/fix-decimals/.xml/jiffy"
Generated jiffy XMLs: ["/home/pete/wefwefwef/docs/other/4738300649/repo/fix-decimals/.xml/jiffy/jiffy.xml"]
Generating HTML - jiffy "/home/pete/wefwefwef/docs/other/4738300649/repo/fix-decimals/.xml/jiffy/jiffy.xml"
Reading XML for "/home/pete/wefwefwef/docs/other/4738300649/repo/fix-decimals/.xml/jiffy/jiffy.xml"
Reading XML for "/home/pete/wefwefwef/docs/other/4738300649/repo/fix-decimals/.xml/specs_jiffy.xml"
Creating index.html ...
Creating erldocs_index.js ...
Woot, finished in 0 Minutes 0 Seconds
 :: Discovering other repos
$ 5000  `rm -r '/home/pete/wefwefwef/docs/other/4738300649/jiffy-branch-fix-decimals'  2>&1`
 :: Processing https://github.com/challenge/jiffy	{rev,branch,"master","5fb2f0ca0aecf461276391ea7423e088a0ae5522"}
 :: Fetching repo code
$ cd "/home/pete/wefwefwef/docs/other/4738300649/jiffy-branch-master/jiffy"
$ infinity  `curl --fail --silent --show-error --location --output 'master.zip' 'https://github.com/challenge/jiffy/archive/master.zip'  2>&1`
$ cd "/home/pete/wefwefwef/docs/erldocs_other.git"
$ cd "/home/pete/wefwefwef/docs/other/4738300649/jiffy-branch-master/jiffy"
$ 5000  `find -P . -type l -delete  2>&1`
$ cd "/home/pete/wefwefwef/docs/erldocs_other.git"
$ cd "/home/pete/wefwefwef/docs/other/4738300649/jiffy-branch-master/jiffy"
$ 5000  `find 'jiffy-master' -mindepth 1 -maxdepth 1 -exec mv -t . -- {} +  2>&1`
$ cd "/home/pete/wefwefwef/docs/erldocs_other.git"
 :: Getting dependencies
$ cd "/home/pete/wefwefwef/docs/other/4738300649/jiffy-branch-master/jiffy"
$ infinity  `rebar --config '/home/pete/wefwefwef/docs/other/4738300649/jiffy-branch-master/rebar_deps' get-deps  2>&1`
$ cd "/home/pete/wefwefwef/docs/erldocs_other.git"
$ cd "/home/pete/wefwefwef/docs/other/4738300649/jiffy-branch-master/jiffy"
$ 5000  `find -P . -type l -delete  2>&1`
$ cd "/home/pete/wefwefwef/docs/erldocs_other.git"
$ cd "/home/pete/wefwefwef/docs/other/4738300649/jiffy-branch-master/jiffy"
$ 5000  `ls -1 deps/  2>&1`
$ cd "/home/pete/wefwefwef/docs/erldocs_other.git"
>>> [rebar] deps = ["proper"]
 :: Generating erldocs into /home/pete/wefwefwef/docs/other/4738300649/repo/master
Building jiffy
Generating Type Specs - "/home/pete/wefwefwef/docs/other/4738300649/jiffy-branch-master/jiffy/src/jiffy.erl"
Generating Type Specs - "/home/pete/wefwefwef/docs/other/4738300649/jiffy-branch-master/jiffy/src/jiffy_utf8.erl"
Generating XML for application jiffy "/home/pete/wefwefwef/docs/other/4738300649/jiffy-branch-master/jiffy" -> "/home/pete/wefwefwef/docs/other/4738300649/repo/master/.xml/jiffy"
Generated jiffy XMLs: ["/home/pete/wefwefwef/docs/other/4738300649/repo/master/.xml/jiffy/jiffy_utf8.xml",
                       "/home/pete/wefwefwef/docs/other/4738300649/repo/master/.xml/jiffy/jiffy.xml"]
Generating HTML - jiffy "/home/pete/wefwefwef/docs/other/4738300649/repo/master/.xml/jiffy/jiffy.xml"
Reading XML for "/home/pete/wefwefwef/docs/other/4738300649/repo/master/.xml/jiffy/jiffy.xml"
Reading XML for "/home/pete/wefwefwef/docs/other/4738300649/repo/master/.xml/specs_jiffy.xml"
Generating HTML - jiffy_utf8 "/home/pete/wefwefwef/docs/other/4738300649/repo/master/.xml/jiffy/jiffy_utf8.xml"
Reading XML for "/home/pete/wefwefwef/docs/other/4738300649/repo/master/.xml/jiffy/jiffy_utf8.xml"
Reading XML for "/home/pete/wefwefwef/docs/other/4738300649/repo/master/.xml/specs_jiffy_utf8.xml"
Creating index.html ...
Creating erldocs_index.js ...
Woot, finished in 0 Minutes 0 Seconds
 :: Discovering other repos
$ 5000  `rm -r '/home/pete/wefwefwef/docs/other/4738300649/jiffy-branch-master'  2>&1`
 :: Processing https://github.com/challenge/jiffy	{rev,branch,"precoder","6650215e1044d94c92cfaacf1d33c8bc0124450c"}
 :: Fetching repo code
$ cd "/home/pete/wefwefwef/docs/other/4738300649/jiffy-branch-precoder/jiffy"
$ infinity  `curl --fail --silent --show-error --location --output 'precoder.zip' 'https://github.com/challenge/jiffy/archive/precoder.zip'  2>&1`
$ cd "/home/pete/wefwefwef/docs/erldocs_other.git"
$ cd "/home/pete/wefwefwef/docs/other/4738300649/jiffy-branch-precoder/jiffy"
$ 5000  `find -P . -type l -delete  2>&1`
$ cd "/home/pete/wefwefwef/docs/erldocs_other.git"
$ cd "/home/pete/wefwefwef/docs/other/4738300649/jiffy-branch-precoder/jiffy"
$ 5000  `find 'jiffy-precoder' -mindepth 1 -maxdepth 1 -exec mv -t . -- {} +  2>&1`
$ cd "/home/pete/wefwefwef/docs/erldocs_other.git"
 :: Getting dependencies
$ cd "/home/pete/wefwefwef/docs/other/4738300649/jiffy-branch-precoder/jiffy"
$ infinity  `rebar --config '/home/pete/wefwefwef/docs/other/4738300649/jiffy-branch-precoder/rebar_deps' get-deps  2>&1`
$ cd "/home/pete/wefwefwef/docs/erldocs_other.git"
$ cd "/home/pete/wefwefwef/docs/other/4738300649/jiffy-branch-precoder/jiffy"
$ 5000  `find -P . -type l -delete  2>&1`
$ cd "/home/pete/wefwefwef/docs/erldocs_other.git"
$ cd "/home/pete/wefwefwef/docs/other/4738300649/jiffy-branch-precoder/jiffy"
$ 5000  `ls -1 deps/  2>&1`
$ cd "/home/pete/wefwefwef/docs/erldocs_other.git"
>>> [rebar] deps = ["proper"]
 :: Generating erldocs into /home/pete/wefwefwef/docs/other/4738300649/repo/precoder
Building jiffy
Generating Type Specs - "/home/pete/wefwefwef/docs/other/4738300649/jiffy-branch-precoder/jiffy/src/jiffy.erl"
Generating XML for application jiffy "/home/pete/wefwefwef/docs/other/4738300649/jiffy-branch-precoder/jiffy" -> "/home/pete/wefwefwef/docs/other/4738300649/repo/precoder/.xml/jiffy"
Generated jiffy XMLs: ["/home/pete/wefwefwef/docs/other/4738300649/repo/precoder/.xml/jiffy/jiffy.xml"]
Generating HTML - jiffy "/home/pete/wefwefwef/docs/other/4738300649/repo/precoder/.xml/jiffy/jiffy.xml"
Reading XML for "/home/pete/wefwefwef/docs/other/4738300649/repo/precoder/.xml/jiffy/jiffy.xml"
Reading XML for "/home/pete/wefwefwef/docs/other/4738300649/repo/precoder/.xml/specs_jiffy.xml"
Creating index.html ...
Creating erldocs_index.js ...
Woot, finished in 0 Minutes 0 Seconds
 :: Discovering other repos
$ 5000  `rm -r '/home/pete/wefwefwef/docs/other/4738300649/jiffy-branch-precoder'  2>&1`
 :: Erldocs finishing up
$ 5000  `rm -r '/home/pete/wefwefwef/docs/other/4738300649/jiffy'  2>&1`
