 :: Extracting meta information
$ 5000  `git ls-remote --heads --tags 'https://github.com/basho/skerl'  2>&1`
>>> [repo] 2 branches, 3 tags
 :: Writing meta to "/home/pete/wefwefwef/docs/other/7371439539/meta.txt"
 :: Processing https://github.com/basho/skerl	{rev,tag,"1.1.0","908d05a951863baf5f032aa9eea0cbc133b090cf"}
 :: Fetching repo code
$ cd "/home/pete/wefwefwef/docs/other/7371439539/skerl-tag-1.1.0/skerl"
$ infinity  `curl --fail --silent --show-error --location --output '1.1.0.zip' 'https://github.com/basho/skerl/archive/1.1.0.zip'  2>&1`
$ cd "/home/pete/wefwefwef/docs/erldocs_other.git"
$ cd "/home/pete/wefwefwef/docs/other/7371439539/skerl-tag-1.1.0/skerl"
$ 5000  `find -P . -type l -delete  2>&1`
$ cd "/home/pete/wefwefwef/docs/erldocs_other.git"
$ cd "/home/pete/wefwefwef/docs/other/7371439539/skerl-tag-1.1.0/skerl"
$ 5000  `find 'skerl-1.1.0' -mindepth 1 -maxdepth 1 -exec mv -t . -- {} +  2>&1`
$ cd "/home/pete/wefwefwef/docs/erldocs_other.git"
 :: Getting dependencies
$ cd "/home/pete/wefwefwef/docs/other/7371439539/skerl-tag-1.1.0/skerl"
$ 5000  `ls -1 deps/  2>&1`
$ cd "/home/pete/wefwefwef/docs/erldocs_other.git"
>>> [rebar] deps = []
 :: Generating erldocs into /home/pete/wefwefwef/docs/other/7371439539/repo/1.1.0
Building skerl
Generating Type Specs - "/home/pete/wefwefwef/docs/other/7371439539/skerl-tag-1.1.0/skerl/src/hex.erl"
Generating Type Specs - "/home/pete/wefwefwef/docs/other/7371439539/skerl-tag-1.1.0/skerl/src/skerl.erl"
Generating XML for application skerl "/home/pete/wefwefwef/docs/other/7371439539/skerl-tag-1.1.0/skerl" -> "/home/pete/wefwefwef/docs/other/7371439539/repo/1.1.0/.xml/skerl"
Generated skerl XMLs: ["/home/pete/wefwefwef/docs/other/7371439539/repo/1.1.0/.xml/skerl/hex.xml",
                       "/home/pete/wefwefwef/docs/other/7371439539/repo/1.1.0/.xml/skerl/skerl.xml"]
Generating HTML - skerl "/home/pete/wefwefwef/docs/other/7371439539/repo/1.1.0/.xml/skerl/skerl.xml"
Reading XML for "/home/pete/wefwefwef/docs/other/7371439539/repo/1.1.0/.xml/skerl/skerl.xml"
Reading XML for "/home/pete/wefwefwef/docs/other/7371439539/repo/1.1.0/.xml/specs_skerl.xml"
Generating HTML - hex "/home/pete/wefwefwef/docs/other/7371439539/repo/1.1.0/.xml/skerl/hex.xml"
Reading XML for "/home/pete/wefwefwef/docs/other/7371439539/repo/1.1.0/.xml/skerl/hex.xml"
Reading XML for "/home/pete/wefwefwef/docs/other/7371439539/repo/1.1.0/.xml/specs_hex.xml"
Creating index.html ...
Creating erldocs_index.js ...
Woot, finished in 0 Minutes 0 Seconds
 :: Discovering other repos
$ 5000  `rm -r '/home/pete/wefwefwef/docs/other/7371439539/skerl-tag-1.1.0'  2>&1`
 :: Processing https://github.com/basho/skerl	{rev,tag,"skerl-1.0.0","2c1ee57065eaa29369159ddfa8a535f3a6338f55"}
 :: Fetching repo code
$ cd "/home/pete/wefwefwef/docs/other/7371439539/skerl-tag-skerl-1.0.0/skerl"
$ infinity  `curl --fail --silent --show-error --location --output 'skerl-1.0.0.zip' 'https://github.com/basho/skerl/archive/skerl-1.0.0.zip'  2>&1`
$ cd "/home/pete/wefwefwef/docs/erldocs_other.git"
$ cd "/home/pete/wefwefwef/docs/other/7371439539/skerl-tag-skerl-1.0.0/skerl"
$ 5000  `find -P . -type l -delete  2>&1`
$ cd "/home/pete/wefwefwef/docs/erldocs_other.git"
$ cd "/home/pete/wefwefwef/docs/other/7371439539/skerl-tag-skerl-1.0.0/skerl"
$ 5000  `find 'skerl-skerl-1.0.0' -mindepth 1 -maxdepth 1 -exec mv -t . -- {} +  2>&1`
$ cd "/home/pete/wefwefwef/docs/erldocs_other.git"
 :: Getting dependencies
$ cd "/home/pete/wefwefwef/docs/other/7371439539/skerl-tag-skerl-1.0.0/skerl"
$ 5000  `ls -1 deps/  2>&1`
$ cd "/home/pete/wefwefwef/docs/erldocs_other.git"
>>> [rebar] deps = []
 :: Generating erldocs into /home/pete/wefwefwef/docs/other/7371439539/repo/skerl-1.0.0
Building skerl
Generating Type Specs - "/home/pete/wefwefwef/docs/other/7371439539/skerl-tag-skerl-1.0.0/skerl/src/hex.erl"
Generating Type Specs - "/home/pete/wefwefwef/docs/other/7371439539/skerl-tag-skerl-1.0.0/skerl/src/skerl.erl"
Generating XML for application skerl "/home/pete/wefwefwef/docs/other/7371439539/skerl-tag-skerl-1.0.0/skerl" -> "/home/pete/wefwefwef/docs/other/7371439539/repo/skerl-1.0.0/.xml/skerl"
Generated skerl XMLs: ["/home/pete/wefwefwef/docs/other/7371439539/repo/skerl-1.0.0/.xml/skerl/hex.xml",
                       "/home/pete/wefwefwef/docs/other/7371439539/repo/skerl-1.0.0/.xml/skerl/skerl.xml"]
Generating HTML - skerl "/home/pete/wefwefwef/docs/other/7371439539/repo/skerl-1.0.0/.xml/skerl/skerl.xml"
Reading XML for "/home/pete/wefwefwef/docs/other/7371439539/repo/skerl-1.0.0/.xml/skerl/skerl.xml"
Reading XML for "/home/pete/wefwefwef/docs/other/7371439539/repo/skerl-1.0.0/.xml/specs_skerl.xml"
Generating HTML - hex "/home/pete/wefwefwef/docs/other/7371439539/repo/skerl-1.0.0/.xml/skerl/hex.xml"
Reading XML for "/home/pete/wefwefwef/docs/other/7371439539/repo/skerl-1.0.0/.xml/skerl/hex.xml"
Reading XML for "/home/pete/wefwefwef/docs/other/7371439539/repo/skerl-1.0.0/.xml/specs_hex.xml"
Creating index.html ...
Creating erldocs_index.js ...
Woot, finished in 0 Minutes 0 Seconds
 :: Discovering other repos
$ 5000  `rm -r '/home/pete/wefwefwef/docs/other/7371439539/skerl-tag-skerl-1.0.0'  2>&1`
 :: Processing https://github.com/basho/skerl	{rev,tag,"skerl-1.0.1","3a413a9eeefea0a705a3da2788469157c80e3383"}
 :: Fetching repo code
$ cd "/home/pete/wefwefwef/docs/other/7371439539/skerl-tag-skerl-1.0.1/skerl"
$ infinity  `curl --fail --silent --show-error --location --output 'skerl-1.0.1.zip' 'https://github.com/basho/skerl/archive/skerl-1.0.1.zip'  2>&1`
$ cd "/home/pete/wefwefwef/docs/erldocs_other.git"
$ cd "/home/pete/wefwefwef/docs/other/7371439539/skerl-tag-skerl-1.0.1/skerl"
$ 5000  `find -P . -type l -delete  2>&1`
$ cd "/home/pete/wefwefwef/docs/erldocs_other.git"
$ cd "/home/pete/wefwefwef/docs/other/7371439539/skerl-tag-skerl-1.0.1/skerl"
$ 5000  `find 'skerl-skerl-1.0.1' -mindepth 1 -maxdepth 1 -exec mv -t . -- {} +  2>&1`
$ cd "/home/pete/wefwefwef/docs/erldocs_other.git"
 :: Getting dependencies
$ cd "/home/pete/wefwefwef/docs/other/7371439539/skerl-tag-skerl-1.0.1/skerl"
$ 5000  `ls -1 deps/  2>&1`
$ cd "/home/pete/wefwefwef/docs/erldocs_other.git"
>>> [rebar] deps = []
 :: Generating erldocs into /home/pete/wefwefwef/docs/other/7371439539/repo/skerl-1.0.1
Building skerl
Generating Type Specs - "/home/pete/wefwefwef/docs/other/7371439539/skerl-tag-skerl-1.0.1/skerl/src/hex.erl"
Generating Type Specs - "/home/pete/wefwefwef/docs/other/7371439539/skerl-tag-skerl-1.0.1/skerl/src/skerl.erl"
Generating XML for application skerl "/home/pete/wefwefwef/docs/other/7371439539/skerl-tag-skerl-1.0.1/skerl" -> "/home/pete/wefwefwef/docs/other/7371439539/repo/skerl-1.0.1/.xml/skerl"
Generated skerl XMLs: ["/home/pete/wefwefwef/docs/other/7371439539/repo/skerl-1.0.1/.xml/skerl/hex.xml",
                       "/home/pete/wefwefwef/docs/other/7371439539/repo/skerl-1.0.1/.xml/skerl/skerl.xml"]
Generating HTML - skerl "/home/pete/wefwefwef/docs/other/7371439539/repo/skerl-1.0.1/.xml/skerl/skerl.xml"
Reading XML for "/home/pete/wefwefwef/docs/other/7371439539/repo/skerl-1.0.1/.xml/skerl/skerl.xml"
Reading XML for "/home/pete/wefwefwef/docs/other/7371439539/repo/skerl-1.0.1/.xml/specs_skerl.xml"
Generating HTML - hex "/home/pete/wefwefwef/docs/other/7371439539/repo/skerl-1.0.1/.xml/skerl/hex.xml"
Reading XML for "/home/pete/wefwefwef/docs/other/7371439539/repo/skerl-1.0.1/.xml/skerl/hex.xml"
Reading XML for "/home/pete/wefwefwef/docs/other/7371439539/repo/skerl-1.0.1/.xml/specs_hex.xml"
Creating index.html ...
Creating erldocs_index.js ...
Woot, finished in 0 Minutes 0 Seconds
 :: Discovering other repos
$ 5000  `rm -r '/home/pete/wefwefwef/docs/other/7371439539/skerl-tag-skerl-1.0.1'  2>&1`
 :: Processing https://github.com/basho/skerl	{rev,branch,"adt-bsd-support","deddcf6e6f12960c4beed032d978c95905f62451"}
 :: Fetching repo code
$ cd "/home/pete/wefwefwef/docs/other/7371439539/skerl-branch-adt-bsd-support/skerl"
$ infinity  `curl --fail --silent --show-error --location --output 'adt-bsd-support.zip' 'https://github.com/basho/skerl/archive/adt-bsd-support.zip'  2>&1`
$ cd "/home/pete/wefwefwef/docs/erldocs_other.git"
$ cd "/home/pete/wefwefwef/docs/other/7371439539/skerl-branch-adt-bsd-support/skerl"
$ 5000  `find -P . -type l -delete  2>&1`
$ cd "/home/pete/wefwefwef/docs/erldocs_other.git"
$ cd "/home/pete/wefwefwef/docs/other/7371439539/skerl-branch-adt-bsd-support/skerl"
$ 5000  `find 'skerl-adt-bsd-support' -mindepth 1 -maxdepth 1 -exec mv -t . -- {} +  2>&1`
$ cd "/home/pete/wefwefwef/docs/erldocs_other.git"
 :: Getting dependencies
$ cd "/home/pete/wefwefwef/docs/other/7371439539/skerl-branch-adt-bsd-support/skerl"
$ 5000  `ls -1 deps/  2>&1`
$ cd "/home/pete/wefwefwef/docs/erldocs_other.git"
>>> [rebar] deps = []
 :: Generating erldocs into /home/pete/wefwefwef/docs/other/7371439539/repo/adt-bsd-support
Building skerl
Generating Type Specs - "/home/pete/wefwefwef/docs/other/7371439539/skerl-branch-adt-bsd-support/skerl/src/hex.erl"
Generating Type Specs - "/home/pete/wefwefwef/docs/other/7371439539/skerl-branch-adt-bsd-support/skerl/src/skerl.erl"
Generating XML for application skerl "/home/pete/wefwefwef/docs/other/7371439539/skerl-branch-adt-bsd-support/skerl" -> "/home/pete/wefwefwef/docs/other/7371439539/repo/adt-bsd-support/.xml/skerl"
Generated skerl XMLs: ["/home/pete/wefwefwef/docs/other/7371439539/repo/adt-bsd-support/.xml/skerl/hex.xml",
                       "/home/pete/wefwefwef/docs/other/7371439539/repo/adt-bsd-support/.xml/skerl/skerl.xml"]
Generating HTML - skerl "/home/pete/wefwefwef/docs/other/7371439539/repo/adt-bsd-support/.xml/skerl/skerl.xml"
Reading XML for "/home/pete/wefwefwef/docs/other/7371439539/repo/adt-bsd-support/.xml/skerl/skerl.xml"
Reading XML for "/home/pete/wefwefwef/docs/other/7371439539/repo/adt-bsd-support/.xml/specs_skerl.xml"
Generating HTML - hex "/home/pete/wefwefwef/docs/other/7371439539/repo/adt-bsd-support/.xml/skerl/hex.xml"
Reading XML for "/home/pete/wefwefwef/docs/other/7371439539/repo/adt-bsd-support/.xml/skerl/hex.xml"
Reading XML for "/home/pete/wefwefwef/docs/other/7371439539/repo/adt-bsd-support/.xml/specs_hex.xml"
Creating index.html ...
Creating erldocs_index.js ...
Woot, finished in 0 Minutes 0 Seconds
 :: Discovering other repos
$ 5000  `rm -r '/home/pete/wefwefwef/docs/other/7371439539/skerl-branch-adt-bsd-support'  2>&1`
 :: Processing https://github.com/basho/skerl	{rev,branch,"master","cd531f8fe23ed9b4584d39027f5fd5d6ea942972"}
 :: Fetching repo code
$ cd "/home/pete/wefwefwef/docs/other/7371439539/skerl-branch-master/skerl"
$ infinity  `curl --fail --silent --show-error --location --output 'master.zip' 'https://github.com/basho/skerl/archive/master.zip'  2>&1`
$ cd "/home/pete/wefwefwef/docs/erldocs_other.git"
$ cd "/home/pete/wefwefwef/docs/other/7371439539/skerl-branch-master/skerl"
$ 5000  `find -P . -type l -delete  2>&1`
$ cd "/home/pete/wefwefwef/docs/erldocs_other.git"
$ cd "/home/pete/wefwefwef/docs/other/7371439539/skerl-branch-master/skerl"
$ 5000  `find 'skerl-master' -mindepth 1 -maxdepth 1 -exec mv -t . -- {} +  2>&1`
$ cd "/home/pete/wefwefwef/docs/erldocs_other.git"
 :: Getting dependencies
$ cd "/home/pete/wefwefwef/docs/other/7371439539/skerl-branch-master/skerl"
$ 5000  `ls -1 deps/  2>&1`
$ cd "/home/pete/wefwefwef/docs/erldocs_other.git"
>>> [rebar] deps = []
 :: Generating erldocs into /home/pete/wefwefwef/docs/other/7371439539/repo/master
Building skerl
Generating Type Specs - "/home/pete/wefwefwef/docs/other/7371439539/skerl-branch-master/skerl/src/hex.erl"
Generating Type Specs - "/home/pete/wefwefwef/docs/other/7371439539/skerl-branch-master/skerl/src/skerl.erl"
Generating XML for application skerl "/home/pete/wefwefwef/docs/other/7371439539/skerl-branch-master/skerl" -> "/home/pete/wefwefwef/docs/other/7371439539/repo/master/.xml/skerl"
Generated skerl XMLs: ["/home/pete/wefwefwef/docs/other/7371439539/repo/master/.xml/skerl/hex.xml",
                       "/home/pete/wefwefwef/docs/other/7371439539/repo/master/.xml/skerl/skerl.xml"]
Generating HTML - skerl "/home/pete/wefwefwef/docs/other/7371439539/repo/master/.xml/skerl/skerl.xml"
Reading XML for "/home/pete/wefwefwef/docs/other/7371439539/repo/master/.xml/skerl/skerl.xml"
Reading XML for "/home/pete/wefwefwef/docs/other/7371439539/repo/master/.xml/specs_skerl.xml"
Generating HTML - hex "/home/pete/wefwefwef/docs/other/7371439539/repo/master/.xml/skerl/hex.xml"
Reading XML for "/home/pete/wefwefwef/docs/other/7371439539/repo/master/.xml/skerl/hex.xml"
Reading XML for "/home/pete/wefwefwef/docs/other/7371439539/repo/master/.xml/specs_hex.xml"
Creating index.html ...
Creating erldocs_index.js ...
Woot, finished in 0 Minutes 0 Seconds
 :: Discovering other repos
$ 5000  `rm -r '/home/pete/wefwefwef/docs/other/7371439539/skerl-branch-master'  2>&1`
 :: Erldocs finishing up
$ 5000  `rm -r '/home/pete/wefwefwef/docs/other/7371439539/skerl'  2>&1`
