 :: Extracting meta information
$ 5000  `git ls-remote --heads --tags 'https://github.com/chrisyunker/exml'  2>&1`
>>> [repo] 4 branches, 6 tags
 :: Writing meta to "/home/pete/wefwefwef/docs/other/8455606570/meta.txt"
 :: Processing https://github.com/chrisyunker/exml	{rev,tag,"2.1.0","82edd7ed15dae6eac6d8e8aa024571aaa743aa9f",undefined,[],[]}
 :: Fetching repo code
$ cd "/home/pete/wefwefwef/docs/other/8455606570/exml-tag-2.1.0/exml"
$ infinity  `curl --fail --silent --show-error --location --output '2.1.0.zip' 'https://github.com/chrisyunker/exml/archive/2.1.0.zip'  2>&1`
$ cd "/home/pete/wefwefwef/docs/erldocs_other.git"
$ cd "/home/pete/wefwefwef/docs/other/8455606570/exml-tag-2.1.0/exml"
$ 5000  `find -P . -type l -delete  2>&1`
$ cd "/home/pete/wefwefwef/docs/erldocs_other.git"
$ cd "/home/pete/wefwefwef/docs/other/8455606570/exml-tag-2.1.0/exml"
$ 5000  `find 'exml-2.1.0' -mindepth 1 -maxdepth 1 -exec mv -t . -- {} +  2>&1`
$ cd "/home/pete/wefwefwef/docs/erldocs_other.git"
 :: Getting dependencies
$ cd "/home/pete/wefwefwef/docs/other/8455606570/exml-tag-2.1.0/exml"
$ 5000  `ls -1 deps/  2>&1`
$ cd "/home/pete/wefwefwef/docs/erldocs_other.git"
>>> [rebar] deps = []
 :: Generating erldocs into /home/pete/wefwefwef/docs/other/8455606570/repo/2.1.0
Building exml
Generating Type Specs - "/home/pete/wefwefwef/docs/other/8455606570/exml-tag-2.1.0/exml/src/exml.erl"
Generating Type Specs - "/home/pete/wefwefwef/docs/other/8455606570/exml-tag-2.1.0/exml/src/exml_event.erl"
Generating Type Specs - "/home/pete/wefwefwef/docs/other/8455606570/exml-tag-2.1.0/exml/src/exml_query.erl"
Generating Type Specs - "/home/pete/wefwefwef/docs/other/8455606570/exml-tag-2.1.0/exml/src/exml_stream.erl"
Generating XML for application exml "/home/pete/wefwefwef/docs/other/8455606570/exml-tag-2.1.0/exml" -> "/home/pete/wefwefwef/docs/other/8455606570/repo/2.1.0/.xml/exml"
Generated exml XMLs: ["/home/pete/wefwefwef/docs/other/8455606570/repo/2.1.0/.xml/exml/exml.xml",
                      "/home/pete/wefwefwef/docs/other/8455606570/repo/2.1.0/.xml/exml/exml_stream.xml",
                      "/home/pete/wefwefwef/docs/other/8455606570/repo/2.1.0/.xml/exml/exml_query.xml",
                      "/home/pete/wefwefwef/docs/other/8455606570/repo/2.1.0/.xml/exml/exml_event.xml"]
Generating HTML - exml "/home/pete/wefwefwef/docs/other/8455606570/repo/2.1.0/.xml/exml/exml.xml"
Generating HTML - exml_stream "/home/pete/wefwefwef/docs/other/8455606570/repo/2.1.0/.xml/exml/exml_stream.xml"
Generating HTML - exml_query "/home/pete/wefwefwef/docs/other/8455606570/repo/2.1.0/.xml/exml/exml_query.xml"
Generating HTML - exml_event "/home/pete/wefwefwef/docs/other/8455606570/repo/2.1.0/.xml/exml/exml_event.xml"
Reading XML for "/home/pete/wefwefwef/docs/other/8455606570/repo/2.1.0/.xml/exml/exml.xml"
Reading XML for "/home/pete/wefwefwef/docs/other/8455606570/repo/2.1.0/.xml/exml/exml_stream.xml"
Reading XML for "/home/pete/wefwefwef/docs/other/8455606570/repo/2.1.0/.xml/exml/exml_query.xml"
Reading XML for "/home/pete/wefwefwef/docs/other/8455606570/repo/2.1.0/.xml/exml/exml_event.xml"
Reading XML for "/home/pete/wefwefwef/docs/other/8455606570/repo/2.1.0/.xml/specs_exml_stream.xml"
Reading XML for "/home/pete/wefwefwef/docs/other/8455606570/repo/2.1.0/.xml/specs_exml.xml"
Reading XML for "/home/pete/wefwefwef/docs/other/8455606570/repo/2.1.0/.xml/specs_exml_event.xml"
Reading XML for "/home/pete/wefwefwef/docs/other/8455606570/repo/2.1.0/.xml/specs_exml_query.xml"
Creating index.html ...
Creating erldocs_index.js ...
Woot, finished in 0 Minutes 0 Seconds
 :: Discovering other repos
$ 5000  `rm -r '/home/pete/wefwefwef/docs/other/8455606570/exml-tag-2.1.0'  2>&1`
 :: Processing https://github.com/chrisyunker/exml	{rev,tag,"1.5.0","367681cef2304f4ff7e53f0c6f9f54395c6c96ae",undefined,[],[]}
 :: Fetching repo code
$ cd "/home/pete/wefwefwef/docs/other/8455606570/exml-tag-1.5.0/exml"
$ infinity  `curl --fail --silent --show-error --location --output '1.5.0.zip' 'https://github.com/chrisyunker/exml/archive/1.5.0.zip'  2>&1`
$ cd "/home/pete/wefwefwef/docs/erldocs_other.git"
$ cd "/home/pete/wefwefwef/docs/other/8455606570/exml-tag-1.5.0/exml"
$ 5000  `find -P . -type l -delete  2>&1`
$ cd "/home/pete/wefwefwef/docs/erldocs_other.git"
$ cd "/home/pete/wefwefwef/docs/other/8455606570/exml-tag-1.5.0/exml"
$ 5000  `find 'exml-1.5.0' -mindepth 1 -maxdepth 1 -exec mv -t . -- {} +  2>&1`
$ cd "/home/pete/wefwefwef/docs/erldocs_other.git"
 :: Getting dependencies
$ cd "/home/pete/wefwefwef/docs/other/8455606570/exml-tag-1.5.0/exml"
$ 5000  `ls -1 deps/  2>&1`
$ cd "/home/pete/wefwefwef/docs/erldocs_other.git"
>>> [rebar] deps = []
 :: Generating erldocs into /home/pete/wefwefwef/docs/other/8455606570/repo/1.5.0
Building exml
Generating Type Specs - "/home/pete/wefwefwef/docs/other/8455606570/exml-tag-1.5.0/exml/src/exml.erl"
Generating Type Specs - "/home/pete/wefwefwef/docs/other/8455606570/exml-tag-1.5.0/exml/src/exml_event.erl"
Generating Type Specs - "/home/pete/wefwefwef/docs/other/8455606570/exml-tag-1.5.0/exml/src/exml_query.erl"
Generating Type Specs - "/home/pete/wefwefwef/docs/other/8455606570/exml-tag-1.5.0/exml/src/exml_stream.erl"
Generating XML for application exml "/home/pete/wefwefwef/docs/other/8455606570/exml-tag-1.5.0/exml" -> "/home/pete/wefwefwef/docs/other/8455606570/repo/1.5.0/.xml/exml"
Generated exml XMLs: ["/home/pete/wefwefwef/docs/other/8455606570/repo/1.5.0/.xml/exml/exml.xml",
                      "/home/pete/wefwefwef/docs/other/8455606570/repo/1.5.0/.xml/exml/exml_stream.xml",
                      "/home/pete/wefwefwef/docs/other/8455606570/repo/1.5.0/.xml/exml/exml_query.xml",
                      "/home/pete/wefwefwef/docs/other/8455606570/repo/1.5.0/.xml/exml/exml_event.xml"]
Generating HTML - exml "/home/pete/wefwefwef/docs/other/8455606570/repo/1.5.0/.xml/exml/exml.xml"
Generating HTML - exml_stream "/home/pete/wefwefwef/docs/other/8455606570/repo/1.5.0/.xml/exml/exml_stream.xml"
Generating HTML - exml_query "/home/pete/wefwefwef/docs/other/8455606570/repo/1.5.0/.xml/exml/exml_query.xml"
Generating HTML - exml_event "/home/pete/wefwefwef/docs/other/8455606570/repo/1.5.0/.xml/exml/exml_event.xml"
Reading XML for "/home/pete/wefwefwef/docs/other/8455606570/repo/1.5.0/.xml/exml/exml.xml"
Reading XML for "/home/pete/wefwefwef/docs/other/8455606570/repo/1.5.0/.xml/exml/exml_stream.xml"
Reading XML for "/home/pete/wefwefwef/docs/other/8455606570/repo/1.5.0/.xml/exml/exml_query.xml"
Reading XML for "/home/pete/wefwefwef/docs/other/8455606570/repo/1.5.0/.xml/exml/exml_event.xml"
Reading XML for "/home/pete/wefwefwef/docs/other/8455606570/repo/1.5.0/.xml/specs_exml.xml"
Reading XML for "/home/pete/wefwefwef/docs/other/8455606570/repo/1.5.0/.xml/specs_exml_stream.xml"
Reading XML for "/home/pete/wefwefwef/docs/other/8455606570/repo/1.5.0/.xml/specs_exml_event.xml"
Reading XML for "/home/pete/wefwefwef/docs/other/8455606570/repo/1.5.0/.xml/specs_exml_query.xml"
Creating index.html ...
Creating erldocs_index.js ...
Woot, finished in 0 Minutes 0 Seconds
 :: Discovering other repos
$ 5000  `rm -r '/home/pete/wefwefwef/docs/other/8455606570/exml-tag-1.5.0'  2>&1`
 :: Processing https://github.com/chrisyunker/exml	{rev,tag,"2.0.0","b76667cde6d4a043e7eb1eba36c5a2f39dec258d",undefined,[],[]}
 :: Fetching repo code
$ cd "/home/pete/wefwefwef/docs/other/8455606570/exml-tag-2.0.0/exml"
$ infinity  `curl --fail --silent --show-error --location --output '2.0.0.zip' 'https://github.com/chrisyunker/exml/archive/2.0.0.zip'  2>&1`
$ cd "/home/pete/wefwefwef/docs/erldocs_other.git"
$ cd "/home/pete/wefwefwef/docs/other/8455606570/exml-tag-2.0.0/exml"
$ 5000  `find -P . -type l -delete  2>&1`
$ cd "/home/pete/wefwefwef/docs/erldocs_other.git"
$ cd "/home/pete/wefwefwef/docs/other/8455606570/exml-tag-2.0.0/exml"
$ 5000  `find 'exml-2.0.0' -mindepth 1 -maxdepth 1 -exec mv -t . -- {} +  2>&1`
$ cd "/home/pete/wefwefwef/docs/erldocs_other.git"
 :: Getting dependencies
$ cd "/home/pete/wefwefwef/docs/other/8455606570/exml-tag-2.0.0/exml"
$ 5000  `ls -1 deps/  2>&1`
$ cd "/home/pete/wefwefwef/docs/erldocs_other.git"
>>> [rebar] deps = []
 :: Generating erldocs into /home/pete/wefwefwef/docs/other/8455606570/repo/2.0.0
Building exml
Generating Type Specs - "/home/pete/wefwefwef/docs/other/8455606570/exml-tag-2.0.0/exml/src/exml.erl"
Generating Type Specs - "/home/pete/wefwefwef/docs/other/8455606570/exml-tag-2.0.0/exml/src/exml_event.erl"
Generating Type Specs - "/home/pete/wefwefwef/docs/other/8455606570/exml-tag-2.0.0/exml/src/exml_query.erl"
Generating Type Specs - "/home/pete/wefwefwef/docs/other/8455606570/exml-tag-2.0.0/exml/src/exml_stream.erl"
Generating XML for application exml "/home/pete/wefwefwef/docs/other/8455606570/exml-tag-2.0.0/exml" -> "/home/pete/wefwefwef/docs/other/8455606570/repo/2.0.0/.xml/exml"
Generated exml XMLs: ["/home/pete/wefwefwef/docs/other/8455606570/repo/2.0.0/.xml/exml/exml.xml",
                      "/home/pete/wefwefwef/docs/other/8455606570/repo/2.0.0/.xml/exml/exml_stream.xml",
                      "/home/pete/wefwefwef/docs/other/8455606570/repo/2.0.0/.xml/exml/exml_query.xml",
                      "/home/pete/wefwefwef/docs/other/8455606570/repo/2.0.0/.xml/exml/exml_event.xml"]
Generating HTML - exml "/home/pete/wefwefwef/docs/other/8455606570/repo/2.0.0/.xml/exml/exml.xml"
Generating HTML - exml_stream "/home/pete/wefwefwef/docs/other/8455606570/repo/2.0.0/.xml/exml/exml_stream.xml"
Generating HTML - exml_query "/home/pete/wefwefwef/docs/other/8455606570/repo/2.0.0/.xml/exml/exml_query.xml"
Generating HTML - exml_event "/home/pete/wefwefwef/docs/other/8455606570/repo/2.0.0/.xml/exml/exml_event.xml"
Reading XML for "/home/pete/wefwefwef/docs/other/8455606570/repo/2.0.0/.xml/exml/exml.xml"
Reading XML for "/home/pete/wefwefwef/docs/other/8455606570/repo/2.0.0/.xml/exml/exml_stream.xml"
Reading XML for "/home/pete/wefwefwef/docs/other/8455606570/repo/2.0.0/.xml/exml/exml_query.xml"
Reading XML for "/home/pete/wefwefwef/docs/other/8455606570/repo/2.0.0/.xml/exml/exml_event.xml"
Reading XML for "/home/pete/wefwefwef/docs/other/8455606570/repo/2.0.0/.xml/specs_exml_stream.xml"
Reading XML for "/home/pete/wefwefwef/docs/other/8455606570/repo/2.0.0/.xml/specs_exml.xml"
Reading XML for "/home/pete/wefwefwef/docs/other/8455606570/repo/2.0.0/.xml/specs_exml_event.xml"
Reading XML for "/home/pete/wefwefwef/docs/other/8455606570/repo/2.0.0/.xml/specs_exml_query.xml"
Creating index.html ...
Creating erldocs_index.js ...
Woot, finished in 0 Minutes 0 Seconds
 :: Discovering other repos
$ 5000  `rm -r '/home/pete/wefwefwef/docs/other/8455606570/exml-tag-2.0.0'  2>&1`
 :: Processing https://github.com/chrisyunker/exml	{rev,tag,"2.0.1","f2ab1be2267c92745ccc06c1a4ff409fa6e0cce3",undefined,[],[]}
 :: Fetching repo code
$ cd "/home/pete/wefwefwef/docs/other/8455606570/exml-tag-2.0.1/exml"
$ infinity  `curl --fail --silent --show-error --location --output '2.0.1.zip' 'https://github.com/chrisyunker/exml/archive/2.0.1.zip'  2>&1`
$ cd "/home/pete/wefwefwef/docs/erldocs_other.git"
$ cd "/home/pete/wefwefwef/docs/other/8455606570/exml-tag-2.0.1/exml"
$ 5000  `find -P . -type l -delete  2>&1`
$ cd "/home/pete/wefwefwef/docs/erldocs_other.git"
$ cd "/home/pete/wefwefwef/docs/other/8455606570/exml-tag-2.0.1/exml"
$ 5000  `find 'exml-2.0.1' -mindepth 1 -maxdepth 1 -exec mv -t . -- {} +  2>&1`
$ cd "/home/pete/wefwefwef/docs/erldocs_other.git"
 :: Getting dependencies
$ cd "/home/pete/wefwefwef/docs/other/8455606570/exml-tag-2.0.1/exml"
$ 5000  `ls -1 deps/  2>&1`
$ cd "/home/pete/wefwefwef/docs/erldocs_other.git"
>>> [rebar] deps = []
 :: Generating erldocs into /home/pete/wefwefwef/docs/other/8455606570/repo/2.0.1
Building exml
Generating Type Specs - "/home/pete/wefwefwef/docs/other/8455606570/exml-tag-2.0.1/exml/src/exml.erl"
Generating Type Specs - "/home/pete/wefwefwef/docs/other/8455606570/exml-tag-2.0.1/exml/src/exml_event.erl"
Generating Type Specs - "/home/pete/wefwefwef/docs/other/8455606570/exml-tag-2.0.1/exml/src/exml_query.erl"
Generating Type Specs - "/home/pete/wefwefwef/docs/other/8455606570/exml-tag-2.0.1/exml/src/exml_stream.erl"
Generating XML for application exml "/home/pete/wefwefwef/docs/other/8455606570/exml-tag-2.0.1/exml" -> "/home/pete/wefwefwef/docs/other/8455606570/repo/2.0.1/.xml/exml"
Generated exml XMLs: ["/home/pete/wefwefwef/docs/other/8455606570/repo/2.0.1/.xml/exml/exml.xml",
                      "/home/pete/wefwefwef/docs/other/8455606570/repo/2.0.1/.xml/exml/exml_stream.xml",
                      "/home/pete/wefwefwef/docs/other/8455606570/repo/2.0.1/.xml/exml/exml_query.xml",
                      "/home/pete/wefwefwef/docs/other/8455606570/repo/2.0.1/.xml/exml/exml_event.xml"]
Generating HTML - exml "/home/pete/wefwefwef/docs/other/8455606570/repo/2.0.1/.xml/exml/exml.xml"
Generating HTML - exml_stream "/home/pete/wefwefwef/docs/other/8455606570/repo/2.0.1/.xml/exml/exml_stream.xml"
Generating HTML - exml_query "/home/pete/wefwefwef/docs/other/8455606570/repo/2.0.1/.xml/exml/exml_query.xml"
Generating HTML - exml_event "/home/pete/wefwefwef/docs/other/8455606570/repo/2.0.1/.xml/exml/exml_event.xml"
Reading XML for "/home/pete/wefwefwef/docs/other/8455606570/repo/2.0.1/.xml/exml/exml.xml"
Reading XML for "/home/pete/wefwefwef/docs/other/8455606570/repo/2.0.1/.xml/exml/exml_stream.xml"
Reading XML for "/home/pete/wefwefwef/docs/other/8455606570/repo/2.0.1/.xml/exml/exml_query.xml"
Reading XML for "/home/pete/wefwefwef/docs/other/8455606570/repo/2.0.1/.xml/exml/exml_event.xml"
Reading XML for "/home/pete/wefwefwef/docs/other/8455606570/repo/2.0.1/.xml/specs_exml.xml"
Reading XML for "/home/pete/wefwefwef/docs/other/8455606570/repo/2.0.1/.xml/specs_exml_event.xml"
Reading XML for "/home/pete/wefwefwef/docs/other/8455606570/repo/2.0.1/.xml/specs_exml_stream.xml"
Reading XML for "/home/pete/wefwefwef/docs/other/8455606570/repo/2.0.1/.xml/specs_exml_query.xml"
Creating index.html ...
Creating erldocs_index.js ...
Woot, finished in 0 Minutes 0 Seconds
 :: Discovering other repos
$ 5000  `rm -r '/home/pete/wefwefwef/docs/other/8455606570/exml-tag-2.0.1'  2>&1`
 :: Processing https://github.com/chrisyunker/exml	{rev,tag,"2.1.1","bbccdfd52cee615a1de520a9e573ff1843710dc3",undefined,[],[]}
 :: Fetching repo code
$ cd "/home/pete/wefwefwef/docs/other/8455606570/exml-tag-2.1.1/exml"
$ infinity  `curl --fail --silent --show-error --location --output '2.1.1.zip' 'https://github.com/chrisyunker/exml/archive/2.1.1.zip'  2>&1`
$ cd "/home/pete/wefwefwef/docs/erldocs_other.git"
$ cd "/home/pete/wefwefwef/docs/other/8455606570/exml-tag-2.1.1/exml"
$ 5000  `find -P . -type l -delete  2>&1`
$ cd "/home/pete/wefwefwef/docs/erldocs_other.git"
$ cd "/home/pete/wefwefwef/docs/other/8455606570/exml-tag-2.1.1/exml"
$ 5000  `find 'exml-2.1.1' -mindepth 1 -maxdepth 1 -exec mv -t . -- {} +  2>&1`
$ cd "/home/pete/wefwefwef/docs/erldocs_other.git"
 :: Getting dependencies
$ cd "/home/pete/wefwefwef/docs/other/8455606570/exml-tag-2.1.1/exml"
$ 5000  `ls -1 deps/  2>&1`
$ cd "/home/pete/wefwefwef/docs/erldocs_other.git"
>>> [rebar] deps = []
 :: Generating erldocs into /home/pete/wefwefwef/docs/other/8455606570/repo/2.1.1
Building exml
Generating Type Specs - "/home/pete/wefwefwef/docs/other/8455606570/exml-tag-2.1.1/exml/src/exml.erl"
Generating Type Specs - "/home/pete/wefwefwef/docs/other/8455606570/exml-tag-2.1.1/exml/src/exml_event.erl"
Generating Type Specs - "/home/pete/wefwefwef/docs/other/8455606570/exml-tag-2.1.1/exml/src/exml_query.erl"
Generating Type Specs - "/home/pete/wefwefwef/docs/other/8455606570/exml-tag-2.1.1/exml/src/exml_stream.erl"
Generating XML for application exml "/home/pete/wefwefwef/docs/other/8455606570/exml-tag-2.1.1/exml" -> "/home/pete/wefwefwef/docs/other/8455606570/repo/2.1.1/.xml/exml"
Generated exml XMLs: ["/home/pete/wefwefwef/docs/other/8455606570/repo/2.1.1/.xml/exml/exml.xml",
                      "/home/pete/wefwefwef/docs/other/8455606570/repo/2.1.1/.xml/exml/exml_stream.xml",
                      "/home/pete/wefwefwef/docs/other/8455606570/repo/2.1.1/.xml/exml/exml_query.xml",
                      "/home/pete/wefwefwef/docs/other/8455606570/repo/2.1.1/.xml/exml/exml_event.xml"]
Generating HTML - exml "/home/pete/wefwefwef/docs/other/8455606570/repo/2.1.1/.xml/exml/exml.xml"
Generating HTML - exml_stream "/home/pete/wefwefwef/docs/other/8455606570/repo/2.1.1/.xml/exml/exml_stream.xml"
Generating HTML - exml_query "/home/pete/wefwefwef/docs/other/8455606570/repo/2.1.1/.xml/exml/exml_query.xml"
Generating HTML - exml_event "/home/pete/wefwefwef/docs/other/8455606570/repo/2.1.1/.xml/exml/exml_event.xml"
Reading XML for "/home/pete/wefwefwef/docs/other/8455606570/repo/2.1.1/.xml/exml/exml.xml"
Reading XML for "/home/pete/wefwefwef/docs/other/8455606570/repo/2.1.1/.xml/exml/exml_stream.xml"
Reading XML for "/home/pete/wefwefwef/docs/other/8455606570/repo/2.1.1/.xml/exml/exml_query.xml"
Reading XML for "/home/pete/wefwefwef/docs/other/8455606570/repo/2.1.1/.xml/exml/exml_event.xml"
Reading XML for "/home/pete/wefwefwef/docs/other/8455606570/repo/2.1.1/.xml/specs_exml_stream.xml"
Reading XML for "/home/pete/wefwefwef/docs/other/8455606570/repo/2.1.1/.xml/specs_exml.xml"
Reading XML for "/home/pete/wefwefwef/docs/other/8455606570/repo/2.1.1/.xml/specs_exml_event.xml"
Reading XML for "/home/pete/wefwefwef/docs/other/8455606570/repo/2.1.1/.xml/specs_exml_query.xml"
Creating index.html ...
Creating erldocs_index.js ...
Woot, finished in 0 Minutes 0 Seconds
 :: Discovering other repos
$ 5000  `rm -r '/home/pete/wefwefwef/docs/other/8455606570/exml-tag-2.1.1'  2>&1`
 :: Processing https://github.com/chrisyunker/exml	{rev,tag,"2.1.2","86c7dbe31ba28b525a427233b58f1c90d8edbbb1",undefined,[],[]}
 :: Fetching repo code
$ cd "/home/pete/wefwefwef/docs/other/8455606570/exml-tag-2.1.2/exml"
$ infinity  `curl --fail --silent --show-error --location --output '2.1.2.zip' 'https://github.com/chrisyunker/exml/archive/2.1.2.zip'  2>&1`
$ cd "/home/pete/wefwefwef/docs/erldocs_other.git"
$ cd "/home/pete/wefwefwef/docs/other/8455606570/exml-tag-2.1.2/exml"
$ 5000  `find -P . -type l -delete  2>&1`
$ cd "/home/pete/wefwefwef/docs/erldocs_other.git"
$ cd "/home/pete/wefwefwef/docs/other/8455606570/exml-tag-2.1.2/exml"
$ 5000  `find 'exml-2.1.2' -mindepth 1 -maxdepth 1 -exec mv -t . -- {} +  2>&1`
$ cd "/home/pete/wefwefwef/docs/erldocs_other.git"
 :: Getting dependencies
$ cd "/home/pete/wefwefwef/docs/other/8455606570/exml-tag-2.1.2/exml"
$ 5000  `ls -1 deps/  2>&1`
$ cd "/home/pete/wefwefwef/docs/erldocs_other.git"
>>> [rebar] deps = []
 :: Generating erldocs into /home/pete/wefwefwef/docs/other/8455606570/repo/2.1.2
Building exml
Generating Type Specs - "/home/pete/wefwefwef/docs/other/8455606570/exml-tag-2.1.2/exml/src/exml.erl"
Generating Type Specs - "/home/pete/wefwefwef/docs/other/8455606570/exml-tag-2.1.2/exml/src/exml_event.erl"
Generating Type Specs - "/home/pete/wefwefwef/docs/other/8455606570/exml-tag-2.1.2/exml/src/exml_query.erl"
Generating Type Specs - "/home/pete/wefwefwef/docs/other/8455606570/exml-tag-2.1.2/exml/src/exml_stream.erl"
Generating XML for application exml "/home/pete/wefwefwef/docs/other/8455606570/exml-tag-2.1.2/exml" -> "/home/pete/wefwefwef/docs/other/8455606570/repo/2.1.2/.xml/exml"
Generated exml XMLs: ["/home/pete/wefwefwef/docs/other/8455606570/repo/2.1.2/.xml/exml/exml.xml",
                      "/home/pete/wefwefwef/docs/other/8455606570/repo/2.1.2/.xml/exml/exml_stream.xml",
                      "/home/pete/wefwefwef/docs/other/8455606570/repo/2.1.2/.xml/exml/exml_query.xml",
                      "/home/pete/wefwefwef/docs/other/8455606570/repo/2.1.2/.xml/exml/exml_event.xml"]
Generating HTML - exml "/home/pete/wefwefwef/docs/other/8455606570/repo/2.1.2/.xml/exml/exml.xml"
Generating HTML - exml_stream "/home/pete/wefwefwef/docs/other/8455606570/repo/2.1.2/.xml/exml/exml_stream.xml"
Generating HTML - exml_query "/home/pete/wefwefwef/docs/other/8455606570/repo/2.1.2/.xml/exml/exml_query.xml"
Generating HTML - exml_event "/home/pete/wefwefwef/docs/other/8455606570/repo/2.1.2/.xml/exml/exml_event.xml"
Reading XML for "/home/pete/wefwefwef/docs/other/8455606570/repo/2.1.2/.xml/exml/exml.xml"
Reading XML for "/home/pete/wefwefwef/docs/other/8455606570/repo/2.1.2/.xml/exml/exml_stream.xml"
Reading XML for "/home/pete/wefwefwef/docs/other/8455606570/repo/2.1.2/.xml/exml/exml_query.xml"
Reading XML for "/home/pete/wefwefwef/docs/other/8455606570/repo/2.1.2/.xml/exml/exml_event.xml"
Reading XML for "/home/pete/wefwefwef/docs/other/8455606570/repo/2.1.2/.xml/specs_exml_event.xml"
Reading XML for "/home/pete/wefwefwef/docs/other/8455606570/repo/2.1.2/.xml/specs_exml_stream.xml"
Reading XML for "/home/pete/wefwefwef/docs/other/8455606570/repo/2.1.2/.xml/specs_exml.xml"
Reading XML for "/home/pete/wefwefwef/docs/other/8455606570/repo/2.1.2/.xml/specs_exml_query.xml"
Creating index.html ...
Creating erldocs_index.js ...
Woot, finished in 0 Minutes 0 Seconds
 :: Discovering other repos
$ 5000  `rm -r '/home/pete/wefwefwef/docs/other/8455606570/exml-tag-2.1.2'  2>&1`
 :: Processing https://github.com/chrisyunker/exml	{rev,branch,"api_cleanup","65c593e2421d4a5f44294944cba4552822e61e74",undefined,[],[]}
 :: Fetching repo code
$ cd "/home/pete/wefwefwef/docs/other/8455606570/exml-branch-api_cleanup/exml"
$ infinity  `curl --fail --silent --show-error --location --output 'api_cleanup.zip' 'https://github.com/chrisyunker/exml/archive/api_cleanup.zip'  2>&1`
$ cd "/home/pete/wefwefwef/docs/erldocs_other.git"
$ cd "/home/pete/wefwefwef/docs/other/8455606570/exml-branch-api_cleanup/exml"
$ 5000  `find -P . -type l -delete  2>&1`
$ cd "/home/pete/wefwefwef/docs/erldocs_other.git"
$ cd "/home/pete/wefwefwef/docs/other/8455606570/exml-branch-api_cleanup/exml"
$ 5000  `find 'exml-api_cleanup' -mindepth 1 -maxdepth 1 -exec mv -t . -- {} +  2>&1`
$ cd "/home/pete/wefwefwef/docs/erldocs_other.git"
 :: Getting dependencies
$ cd "/home/pete/wefwefwef/docs/other/8455606570/exml-branch-api_cleanup/exml"
$ 5000  `ls -1 deps/  2>&1`
$ cd "/home/pete/wefwefwef/docs/erldocs_other.git"
>>> [rebar] deps = []
 :: Generating erldocs into /home/pete/wefwefwef/docs/other/8455606570/repo/api_cleanup
Building exml
Generating Type Specs - "/home/pete/wefwefwef/docs/other/8455606570/exml-branch-api_cleanup/exml/src/exml.erl"
Generating Type Specs - "/home/pete/wefwefwef/docs/other/8455606570/exml-branch-api_cleanup/exml/src/exml_event.erl"
Generating Type Specs - "/home/pete/wefwefwef/docs/other/8455606570/exml-branch-api_cleanup/exml/src/exml_query.erl"
Generating Type Specs - "/home/pete/wefwefwef/docs/other/8455606570/exml-branch-api_cleanup/exml/src/exml_stream.erl"
Generating XML for application exml "/home/pete/wefwefwef/docs/other/8455606570/exml-branch-api_cleanup/exml" -> "/home/pete/wefwefwef/docs/other/8455606570/repo/api_cleanup/.xml/exml"
Generated exml XMLs: ["/home/pete/wefwefwef/docs/other/8455606570/repo/api_cleanup/.xml/exml/exml.xml",
                      "/home/pete/wefwefwef/docs/other/8455606570/repo/api_cleanup/.xml/exml/exml_stream.xml",
                      "/home/pete/wefwefwef/docs/other/8455606570/repo/api_cleanup/.xml/exml/exml_query.xml",
                      "/home/pete/wefwefwef/docs/other/8455606570/repo/api_cleanup/.xml/exml/exml_event.xml"]
Generating HTML - exml "/home/pete/wefwefwef/docs/other/8455606570/repo/api_cleanup/.xml/exml/exml.xml"
Generating HTML - exml_stream "/home/pete/wefwefwef/docs/other/8455606570/repo/api_cleanup/.xml/exml/exml_stream.xml"
Generating HTML - exml_query "/home/pete/wefwefwef/docs/other/8455606570/repo/api_cleanup/.xml/exml/exml_query.xml"
Generating HTML - exml_event "/home/pete/wefwefwef/docs/other/8455606570/repo/api_cleanup/.xml/exml/exml_event.xml"
Reading XML for "/home/pete/wefwefwef/docs/other/8455606570/repo/api_cleanup/.xml/exml/exml.xml"
Reading XML for "/home/pete/wefwefwef/docs/other/8455606570/repo/api_cleanup/.xml/exml/exml_stream.xml"
Reading XML for "/home/pete/wefwefwef/docs/other/8455606570/repo/api_cleanup/.xml/exml/exml_query.xml"
Reading XML for "/home/pete/wefwefwef/docs/other/8455606570/repo/api_cleanup/.xml/exml/exml_event.xml"
Reading XML for "/home/pete/wefwefwef/docs/other/8455606570/repo/api_cleanup/.xml/specs_exml.xml"
Reading XML for "/home/pete/wefwefwef/docs/other/8455606570/repo/api_cleanup/.xml/specs_exml_stream.xml"
Reading XML for "/home/pete/wefwefwef/docs/other/8455606570/repo/api_cleanup/.xml/specs_exml_event.xml"
Reading XML for "/home/pete/wefwefwef/docs/other/8455606570/repo/api_cleanup/.xml/specs_exml_query.xml"
Creating index.html ...
Creating erldocs_index.js ...
Woot, finished in 0 Minutes 0 Seconds
 :: Discovering other repos
$ 5000  `rm -r '/home/pete/wefwefwef/docs/other/8455606570/exml-branch-api_cleanup'  2>&1`
 :: Processing https://github.com/chrisyunker/exml	{rev,branch,"master","b55e20e1b1b9d9d4d36e23026694128cc9c29f54",undefined,[],[]}
 :: Fetching repo code
$ cd "/home/pete/wefwefwef/docs/other/8455606570/exml-branch-master/exml"
$ infinity  `curl --fail --silent --show-error --location --output 'master.zip' 'https://github.com/chrisyunker/exml/archive/master.zip'  2>&1`
$ cd "/home/pete/wefwefwef/docs/erldocs_other.git"
$ cd "/home/pete/wefwefwef/docs/other/8455606570/exml-branch-master/exml"
$ 5000  `find -P . -type l -delete  2>&1`
$ cd "/home/pete/wefwefwef/docs/erldocs_other.git"
$ cd "/home/pete/wefwefwef/docs/other/8455606570/exml-branch-master/exml"
$ 5000  `find 'exml-master' -mindepth 1 -maxdepth 1 -exec mv -t . -- {} +  2>&1`
$ cd "/home/pete/wefwefwef/docs/erldocs_other.git"
 :: Getting dependencies
$ cd "/home/pete/wefwefwef/docs/other/8455606570/exml-branch-master/exml"
$ 5000  `ls -1 deps/  2>&1`
$ cd "/home/pete/wefwefwef/docs/erldocs_other.git"
>>> [rebar] deps = []
 :: Generating erldocs into /home/pete/wefwefwef/docs/other/8455606570/repo/master
Building exml
Generating Type Specs - "/home/pete/wefwefwef/docs/other/8455606570/exml-branch-master/exml/src/exml.erl"
Generating Type Specs - "/home/pete/wefwefwef/docs/other/8455606570/exml-branch-master/exml/src/exml_event.erl"
Generating Type Specs - "/home/pete/wefwefwef/docs/other/8455606570/exml-branch-master/exml/src/exml_query.erl"
Generating Type Specs - "/home/pete/wefwefwef/docs/other/8455606570/exml-branch-master/exml/src/exml_stream.erl"
Generating XML for application exml "/home/pete/wefwefwef/docs/other/8455606570/exml-branch-master/exml" -> "/home/pete/wefwefwef/docs/other/8455606570/repo/master/.xml/exml"
Generated exml XMLs: ["/home/pete/wefwefwef/docs/other/8455606570/repo/master/.xml/exml/exml.xml",
                      "/home/pete/wefwefwef/docs/other/8455606570/repo/master/.xml/exml/exml_stream.xml",
                      "/home/pete/wefwefwef/docs/other/8455606570/repo/master/.xml/exml/exml_query.xml",
                      "/home/pete/wefwefwef/docs/other/8455606570/repo/master/.xml/exml/exml_event.xml"]
Generating HTML - exml "/home/pete/wefwefwef/docs/other/8455606570/repo/master/.xml/exml/exml.xml"
Generating HTML - exml_stream "/home/pete/wefwefwef/docs/other/8455606570/repo/master/.xml/exml/exml_stream.xml"
Generating HTML - exml_query "/home/pete/wefwefwef/docs/other/8455606570/repo/master/.xml/exml/exml_query.xml"
Generating HTML - exml_event "/home/pete/wefwefwef/docs/other/8455606570/repo/master/.xml/exml/exml_event.xml"
Reading XML for "/home/pete/wefwefwef/docs/other/8455606570/repo/master/.xml/exml/exml.xml"
Reading XML for "/home/pete/wefwefwef/docs/other/8455606570/repo/master/.xml/exml/exml_stream.xml"
Reading XML for "/home/pete/wefwefwef/docs/other/8455606570/repo/master/.xml/exml/exml_query.xml"
Reading XML for "/home/pete/wefwefwef/docs/other/8455606570/repo/master/.xml/exml/exml_event.xml"
Reading XML for "/home/pete/wefwefwef/docs/other/8455606570/repo/master/.xml/specs_exml.xml"
Reading XML for "/home/pete/wefwefwef/docs/other/8455606570/repo/master/.xml/specs_exml_event.xml"
Reading XML for "/home/pete/wefwefwef/docs/other/8455606570/repo/master/.xml/specs_exml_query.xml"
Reading XML for "/home/pete/wefwefwef/docs/other/8455606570/repo/master/.xml/specs_exml_stream.xml"
Creating index.html ...
Creating erldocs_index.js ...
Woot, finished in 0 Minutes 0 Seconds
 :: Discovering other repos
$ 5000  `rm -r '/home/pete/wefwefwef/docs/other/8455606570/exml-branch-master'  2>&1`
 :: Processing https://github.com/chrisyunker/exml	{rev,branch,"quote_apos","2f753fbc16fbfb7fc66e2c9de9a5eaef5507f297",undefined,[],[]}
 :: Fetching repo code
$ cd "/home/pete/wefwefwef/docs/other/8455606570/exml-branch-quote_apos/exml"
$ infinity  `curl --fail --silent --show-error --location --output 'quote_apos.zip' 'https://github.com/chrisyunker/exml/archive/quote_apos.zip'  2>&1`
$ cd "/home/pete/wefwefwef/docs/erldocs_other.git"
$ cd "/home/pete/wefwefwef/docs/other/8455606570/exml-branch-quote_apos/exml"
$ 5000  `find -P . -type l -delete  2>&1`
$ cd "/home/pete/wefwefwef/docs/erldocs_other.git"
$ cd "/home/pete/wefwefwef/docs/other/8455606570/exml-branch-quote_apos/exml"
$ 5000  `find 'exml-quote_apos' -mindepth 1 -maxdepth 1 -exec mv -t . -- {} +  2>&1`
$ cd "/home/pete/wefwefwef/docs/erldocs_other.git"
 :: Getting dependencies
$ cd "/home/pete/wefwefwef/docs/other/8455606570/exml-branch-quote_apos/exml"
$ 5000  `ls -1 deps/  2>&1`
$ cd "/home/pete/wefwefwef/docs/erldocs_other.git"
>>> [rebar] deps = []
 :: Generating erldocs into /home/pete/wefwefwef/docs/other/8455606570/repo/quote_apos
Building exml
Generating Type Specs - "/home/pete/wefwefwef/docs/other/8455606570/exml-branch-quote_apos/exml/src/exml.erl"
Generating Type Specs - "/home/pete/wefwefwef/docs/other/8455606570/exml-branch-quote_apos/exml/src/exml_event.erl"
Generating Type Specs - "/home/pete/wefwefwef/docs/other/8455606570/exml-branch-quote_apos/exml/src/exml_query.erl"
Generating Type Specs - "/home/pete/wefwefwef/docs/other/8455606570/exml-branch-quote_apos/exml/src/exml_stream.erl"
Generating XML for application exml "/home/pete/wefwefwef/docs/other/8455606570/exml-branch-quote_apos/exml" -> "/home/pete/wefwefwef/docs/other/8455606570/repo/quote_apos/.xml/exml"
Generated exml XMLs: ["/home/pete/wefwefwef/docs/other/8455606570/repo/quote_apos/.xml/exml/exml.xml",
                      "/home/pete/wefwefwef/docs/other/8455606570/repo/quote_apos/.xml/exml/exml_stream.xml",
                      "/home/pete/wefwefwef/docs/other/8455606570/repo/quote_apos/.xml/exml/exml_query.xml",
                      "/home/pete/wefwefwef/docs/other/8455606570/repo/quote_apos/.xml/exml/exml_event.xml"]
Generating HTML - exml "/home/pete/wefwefwef/docs/other/8455606570/repo/quote_apos/.xml/exml/exml.xml"
Generating HTML - exml_stream "/home/pete/wefwefwef/docs/other/8455606570/repo/quote_apos/.xml/exml/exml_stream.xml"
Generating HTML - exml_query "/home/pete/wefwefwef/docs/other/8455606570/repo/quote_apos/.xml/exml/exml_query.xml"
Generating HTML - exml_event "/home/pete/wefwefwef/docs/other/8455606570/repo/quote_apos/.xml/exml/exml_event.xml"
Reading XML for "/home/pete/wefwefwef/docs/other/8455606570/repo/quote_apos/.xml/exml/exml.xml"
Reading XML for "/home/pete/wefwefwef/docs/other/8455606570/repo/quote_apos/.xml/exml/exml_stream.xml"
Reading XML for "/home/pete/wefwefwef/docs/other/8455606570/repo/quote_apos/.xml/exml/exml_query.xml"
Reading XML for "/home/pete/wefwefwef/docs/other/8455606570/repo/quote_apos/.xml/exml/exml_event.xml"
Reading XML for "/home/pete/wefwefwef/docs/other/8455606570/repo/quote_apos/.xml/specs_exml.xml"
Reading XML for "/home/pete/wefwefwef/docs/other/8455606570/repo/quote_apos/.xml/specs_exml_stream.xml"
Reading XML for "/home/pete/wefwefwef/docs/other/8455606570/repo/quote_apos/.xml/specs_exml_query.xml"
Reading XML for "/home/pete/wefwefwef/docs/other/8455606570/repo/quote_apos/.xml/specs_exml_event.xml"
Creating index.html ...
Creating erldocs_index.js ...
Woot, finished in 0 Minutes 0 Seconds
 :: Discovering other repos
$ 5000  `rm -r '/home/pete/wefwefwef/docs/other/8455606570/exml-branch-quote_apos'  2>&1`
 :: Processing https://github.com/chrisyunker/exml	{rev,branch,"refc_bins","a2b577246acb216a9b9d4192e4f3881b20efd69f",undefined,[],[]}
 :: Fetching repo code
$ cd "/home/pete/wefwefwef/docs/other/8455606570/exml-branch-refc_bins/exml"
$ infinity  `curl --fail --silent --show-error --location --output 'refc_bins.zip' 'https://github.com/chrisyunker/exml/archive/refc_bins.zip'  2>&1`
$ cd "/home/pete/wefwefwef/docs/erldocs_other.git"
$ cd "/home/pete/wefwefwef/docs/other/8455606570/exml-branch-refc_bins/exml"
$ 5000  `find -P . -type l -delete  2>&1`
$ cd "/home/pete/wefwefwef/docs/erldocs_other.git"
$ cd "/home/pete/wefwefwef/docs/other/8455606570/exml-branch-refc_bins/exml"
$ 5000  `find 'exml-refc_bins' -mindepth 1 -maxdepth 1 -exec mv -t . -- {} +  2>&1`
$ cd "/home/pete/wefwefwef/docs/erldocs_other.git"
 :: Getting dependencies
$ cd "/home/pete/wefwefwef/docs/other/8455606570/exml-branch-refc_bins/exml"
$ 5000  `ls -1 deps/  2>&1`
$ cd "/home/pete/wefwefwef/docs/erldocs_other.git"
>>> [rebar] deps = []
 :: Generating erldocs into /home/pete/wefwefwef/docs/other/8455606570/repo/refc_bins
Building exml
Generating Type Specs - "/home/pete/wefwefwef/docs/other/8455606570/exml-branch-refc_bins/exml/src/exml.erl"
Generating Type Specs - "/home/pete/wefwefwef/docs/other/8455606570/exml-branch-refc_bins/exml/src/exml_app.erl"
Generating Type Specs - "/home/pete/wefwefwef/docs/other/8455606570/exml-branch-refc_bins/exml/src/exml_event.erl"
Generating Type Specs - "/home/pete/wefwefwef/docs/other/8455606570/exml-branch-refc_bins/exml/src/exml_gc.erl"
Generating Type Specs - "/home/pete/wefwefwef/docs/other/8455606570/exml-branch-refc_bins/exml/src/exml_query.erl"
Generating Type Specs - "/home/pete/wefwefwef/docs/other/8455606570/exml-branch-refc_bins/exml/src/exml_stream.erl"
Generating Type Specs - "/home/pete/wefwefwef/docs/other/8455606570/exml-branch-refc_bins/exml/src/exml_sup.erl"
Generating XML for application exml "/home/pete/wefwefwef/docs/other/8455606570/exml-branch-refc_bins/exml" -> "/home/pete/wefwefwef/docs/other/8455606570/repo/refc_bins/.xml/exml"
/home/pete/wefwefwef/docs/other/8455606570/exml-branch-refc_bins/exml/src/exml_gc.erl, function start_link/1: at line 36: @spec arity does not match.
edoc: skipping source file '/home/pete/wefwefwef/docs/other/8455606570/exml-branch-refc_bins/exml/src/exml_gc.erl': {'EXIT',
                                                                                                               error}.
edoc: error in doclet 'edoc_doclet': {'EXIT',error}.
Error generating exml XMLs. Using fallback ...
Generating XML exml - exml "/home/pete/wefwefwef/docs/other/8455606570/exml-branch-refc_bins/exml/src/exml.erl" -> "/home/pete/wefwefwef/docs/other/8455606570/repo/refc_bins/.xml/exml/exml.xml"
Generating XML exml - exml_app "/home/pete/wefwefwef/docs/other/8455606570/exml-branch-refc_bins/exml/src/exml_app.erl" -> "/home/pete/wefwefwef/docs/other/8455606570/repo/refc_bins/.xml/exml/exml_app.xml"
Generating XML exml - exml_event "/home/pete/wefwefwef/docs/other/8455606570/exml-branch-refc_bins/exml/src/exml_event.erl" -> "/home/pete/wefwefwef/docs/other/8455606570/repo/refc_bins/.xml/exml/exml_event.xml"
Generating XML exml - exml_gc "/home/pete/wefwefwef/docs/other/8455606570/exml-branch-refc_bins/exml/src/exml_gc.erl" -> "/home/pete/wefwefwef/docs/other/8455606570/repo/refc_bins/.xml/exml/exml_gc.xml"
/home/pete/wefwefwef/docs/other/8455606570/exml-branch-refc_bins/exml/src/exml_gc.erl, function start_link/1: at line 36: @spec arity does not match.
Error generating XML ("/home/pete/wefwefwef/docs/other/8455606570/exml-branch-refc_bins/exml/src/exml_gc.erl"): {'EXIT',
                                                                                                                 error}
Generating XML exml - exml_query "/home/pete/wefwefwef/docs/other/8455606570/exml-branch-refc_bins/exml/src/exml_query.erl" -> "/home/pete/wefwefwef/docs/other/8455606570/repo/refc_bins/.xml/exml/exml_query.xml"
Generating XML exml - exml_stream "/home/pete/wefwefwef/docs/other/8455606570/exml-branch-refc_bins/exml/src/exml_stream.erl" -> "/home/pete/wefwefwef/docs/other/8455606570/repo/refc_bins/.xml/exml/exml_stream.xml"
Generating XML exml - exml_sup "/home/pete/wefwefwef/docs/other/8455606570/exml-branch-refc_bins/exml/src/exml_sup.erl" -> "/home/pete/wefwefwef/docs/other/8455606570/repo/refc_bins/.xml/exml/exml_sup.xml"
Generating HTML - exml_sup "/home/pete/wefwefwef/docs/other/8455606570/repo/refc_bins/.xml/exml/exml_sup.xml"
Generating HTML - exml_stream "/home/pete/wefwefwef/docs/other/8455606570/repo/refc_bins/.xml/exml/exml_stream.xml"
Generating HTML - exml_query "/home/pete/wefwefwef/docs/other/8455606570/repo/refc_bins/.xml/exml/exml_query.xml"
Generating HTML - exml "/home/pete/wefwefwef/docs/other/8455606570/repo/refc_bins/.xml/exml/exml.xml"
Reading XML for "/home/pete/wefwefwef/docs/other/8455606570/repo/refc_bins/.xml/exml/exml_sup.xml"
Reading XML for "/home/pete/wefwefwef/docs/other/8455606570/repo/refc_bins/.xml/exml/exml_stream.xml"
Reading XML for "/home/pete/wefwefwef/docs/other/8455606570/repo/refc_bins/.xml/exml/exml_query.xml"
Reading XML for "/home/pete/wefwefwef/docs/other/8455606570/repo/refc_bins/.xml/exml/exml.xml"
Reading XML for "/home/pete/wefwefwef/docs/other/8455606570/repo/refc_bins/.xml/specs_exml_sup.xml"
Reading XML for "/home/pete/wefwefwef/docs/other/8455606570/repo/refc_bins/.xml/specs_exml_stream.xml"
Reading XML for "/home/pete/wefwefwef/docs/other/8455606570/repo/refc_bins/.xml/specs_exml.xml"
Reading XML for "/home/pete/wefwefwef/docs/other/8455606570/repo/refc_bins/.xml/specs_exml_query.xml"
Generating HTML - exml_app "/home/pete/wefwefwef/docs/other/8455606570/repo/refc_bins/.xml/exml/exml_app.xml"
Reading XML for "/home/pete/wefwefwef/docs/other/8455606570/repo/refc_bins/.xml/exml/exml_app.xml"
Reading XML for "/home/pete/wefwefwef/docs/other/8455606570/repo/refc_bins/.xml/specs_exml_app.xml"
Generating HTML - exml_event "/home/pete/wefwefwef/docs/other/8455606570/repo/refc_bins/.xml/exml/exml_event.xml"
Reading XML for "/home/pete/wefwefwef/docs/other/8455606570/repo/refc_bins/.xml/exml/exml_event.xml"
Reading XML for "/home/pete/wefwefwef/docs/other/8455606570/repo/refc_bins/.xml/specs_exml_event.xml"
Creating index.html ...
Creating erldocs_index.js ...
Woot, finished in 0 Minutes 1 Seconds
 :: Discovering other repos
$ 5000  `rm -r '/home/pete/wefwefwef/docs/other/8455606570/exml-branch-refc_bins'  2>&1`
 :: Finishing up
$ 5000  `rm -r '/home/pete/wefwefwef/docs/other/8455606570/exml'  2>&1`
