 :: Extracting meta information
$ infinity  `git ls-remote --heads --tags 'https://github.com/dstar4138/erlam'  2>&1`
>>> [repo] 3 branches, 0 tags
 :: Writing meta to "/home/pete/wefwefwef/docs/other/2a0fab9514c7e2f85441a37c1f62c324/meta.txt"
 :: Processing https://github.com/dstar4138/erlam	{rev,branch,"master","f4ac866aef0bfeab117ba0ed4cd5ca9c8b16f77d",undefined,[],[]}
 :: Fetching repo code
$ cd '/home/pete/wefwefwef/docs/other/2a0fab9514c7e2f85441a37c1f62c324/erlam-branch-master'
$ infinity  `curl --fail --silent --show-error --location --output repo.tar.gz 'https://codeload.github.com/dstar4138/erlam/legacy.tar.gz/master'  2>&1`
$ cd '/home/pete/wefwefwef/docs/erldocs_other.git'
$ cd '/home/pete/wefwefwef/docs/other/2a0fab9514c7e2f85441a37c1f62c324/erlam-branch-master/dstar4138-erlam-f4ac866'
$ 5000  `find -P . -type l -delete  2>&1`
$ cd '/home/pete/wefwefwef/docs/erldocs_other.git'
$ 5000  `mv '/home/pete/wefwefwef/docs/other/2a0fab9514c7e2f85441a37c1f62c324/erlam-branch-master/dstar4138-erlam-f4ac866' '/home/pete/wefwefwef/docs/other/2a0fab9514c7e2f85441a37c1f62c324/erlam-branch-master/erlam'  2>&1`
 :: Getting dependencies
$ cd '/home/pete/wefwefwef/docs/other/2a0fab9514c7e2f85441a37c1f62c324/erlam-branch-master/erlam'
$ 5000  `ls -1 deps/  2>&1`
$ cd '/home/pete/wefwefwef/docs/erldocs_other.git'
>>> [rebar] deps = []
 :: Generating erldocs into /home/pete/wefwefwef/docs/other/2a0fab9514c7e2f85441a37c1f62c324/repo/master
Building erlam
Generating Type Specs - "/home/pete/wefwefwef/docs/other/2a0fab9514c7e2f85441a37c1f62c324/erlam-branch-master/erlam/src/erlam.erl"
Generating Type Specs - "/home/pete/wefwefwef/docs/other/2a0fab9514c7e2f85441a37c1f62c324/erlam-branch-master/erlam/src/erlam_chan.erl"
Generating Type Specs - "/home/pete/wefwefwef/docs/other/2a0fab9514c7e2f85441a37c1f62c324/erlam-branch-master/erlam/src/erlam_chan_absorb.erl"
Generating Type Specs - "/home/pete/wefwefwef/docs/other/2a0fab9514c7e2f85441a37c1f62c324/erlam-branch-master/erlam/src/erlam_chan_block.erl"
Generating Type Specs - "/home/pete/wefwefwef/docs/other/2a0fab9514c7e2f85441a37c1f62c324/erlam-branch-master/erlam/src/erlam_chan_serve.erl"
Generating Type Specs - "/home/pete/wefwefwef/docs/other/2a0fab9514c7e2f85441a37c1f62c324/erlam-branch-master/erlam/src/erlam_compile.erl"
/home/pete/wefwefwef/docs/other/2a0fab9514c7e2f85441a37c1f62c324/erlam-branch-master/erlam/src/erlam_compile.erl: at line 8: can't find include file "gen_ebin.hrl"
EDoc could not process file '/home/pete/wefwefwef/docs/other/2a0fab9514c7e2f85441a37c1f62c324/erlam-branch-master/erlam/src/erlam_compile.erl'
Error generating type specs for "/home/pete/wefwefwef/docs/other/2a0fab9514c7e2f85441a37c1f62c324/erlam-branch-master/erlam/src/erlam_compile.erl"
Generating Type Specs - "/home/pete/wefwefwef/docs/other/2a0fab9514c7e2f85441a37c1f62c324/erlam-branch-master/erlam/src/erlam_interp.erl"
Generating Type Specs - "/home/pete/wefwefwef/docs/other/2a0fab9514c7e2f85441a37c1f62c324/erlam-branch-master/erlam/src/erlam_lang.erl"
Generating Type Specs - "/home/pete/wefwefwef/docs/other/2a0fab9514c7e2f85441a37c1f62c324/erlam-branch-master/erlam/src/erlam_lib.erl"
/home/pete/wefwefwef/docs/other/2a0fab9514c7e2f85441a37c1f62c324/erlam-branch-master/erlam/src/erlam_lib.erl: at line 9: can't find include file "gen_lib.hrl"
EDoc could not process file '/home/pete/wefwefwef/docs/other/2a0fab9514c7e2f85441a37c1f62c324/erlam-branch-master/erlam/src/erlam_lib.erl'
Error generating type specs for "/home/pete/wefwefwef/docs/other/2a0fab9514c7e2f85441a37c1f62c324/erlam-branch-master/erlam/src/erlam_lib.erl"
Generating Type Specs - "/home/pete/wefwefwef/docs/other/2a0fab9514c7e2f85441a37c1f62c324/erlam-branch-master/erlam/src/erlam_rts.erl"
Generating Type Specs - "/home/pete/wefwefwef/docs/other/2a0fab9514c7e2f85441a37c1f62c324/erlam-branch-master/erlam/src/erlam_sched.erl"
Generating Type Specs - "/home/pete/wefwefwef/docs/other/2a0fab9514c7e2f85441a37c1f62c324/erlam-branch-master/erlam/src/erlam_sched_sup.erl"
Generating Type Specs - "/home/pete/wefwefwef/docs/other/2a0fab9514c7e2f85441a37c1f62c324/erlam-branch-master/erlam/src/erlam_scheduler.erl"
Generating Type Specs - "/home/pete/wefwefwef/docs/other/2a0fab9514c7e2f85441a37c1f62c324/erlam-branch-master/erlam/src/erlam_state.erl"
Generating Type Specs - "/home/pete/wefwefwef/docs/other/2a0fab9514c7e2f85441a37c1f62c324/erlam-branch-master/erlam/src/erlam_trans.erl"
Generating XML for application erlam "/home/pete/wefwefwef/docs/other/2a0fab9514c7e2f85441a37c1f62c324/erlam-branch-master/erlam" -> "/home/pete/wefwefwef/docs/other/2a0fab9514c7e2f85441a37c1f62c324/repo/master/.xml/erlam"
/home/pete/wefwefwef/docs/other/2a0fab9514c7e2f85441a37c1f62c324/erlam-branch-master/erlam/src/erlam_lib.erl: at line 9: can't find include file "gen_lib.hrl"
edoc: skipping source file '/home/pete/wefwefwef/docs/other/2a0fab9514c7e2f85441a37c1f62c324/erlam-branch-master/erlam/src/erlam_lib.erl': {'EXIT',
                                                                                                                                      error}.
/home/pete/wefwefwef/docs/other/2a0fab9514c7e2f85441a37c1f62c324/erlam-branch-master/erlam/src/erlam_compile.erl: at line 8: can't find include file "gen_ebin.hrl"
edoc: skipping source file '/home/pete/wefwefwef/docs/other/2a0fab9514c7e2f85441a37c1f62c324/erlam-branch-master/erlam/src/erlam_compile.erl': {'EXIT',
                                                                                                                                          error}.
edoc: error in doclet 'edoc_doclet': {'EXIT',error}.
Error generating erlam XMLs. Using fallback ...
Generating XML erlam - erlam "/home/pete/wefwefwef/docs/other/2a0fab9514c7e2f85441a37c1f62c324/erlam-branch-master/erlam/src/erlam.erl" -> "/home/pete/wefwefwef/docs/other/2a0fab9514c7e2f85441a37c1f62c324/repo/master/.xml/erlam/erlam.xml"
Generating XML erlam - erlam_chan "/home/pete/wefwefwef/docs/other/2a0fab9514c7e2f85441a37c1f62c324/erlam-branch-master/erlam/src/erlam_chan.erl" -> "/home/pete/wefwefwef/docs/other/2a0fab9514c7e2f85441a37c1f62c324/repo/master/.xml/erlam/erlam_chan.xml"
Generating XML erlam - erlam_chan_absorb "/home/pete/wefwefwef/docs/other/2a0fab9514c7e2f85441a37c1f62c324/erlam-branch-master/erlam/src/erlam_chan_absorb.erl" -> "/home/pete/wefwefwef/docs/other/2a0fab9514c7e2f85441a37c1f62c324/repo/master/.xml/erlam/erlam_chan_absorb.xml"
Generating XML erlam - erlam_chan_block "/home/pete/wefwefwef/docs/other/2a0fab9514c7e2f85441a37c1f62c324/erlam-branch-master/erlam/src/erlam_chan_block.erl" -> "/home/pete/wefwefwef/docs/other/2a0fab9514c7e2f85441a37c1f62c324/repo/master/.xml/erlam/erlam_chan_block.xml"
Generating XML erlam - erlam_chan_serve "/home/pete/wefwefwef/docs/other/2a0fab9514c7e2f85441a37c1f62c324/erlam-branch-master/erlam/src/erlam_chan_serve.erl" -> "/home/pete/wefwefwef/docs/other/2a0fab9514c7e2f85441a37c1f62c324/repo/master/.xml/erlam/erlam_chan_serve.xml"
Generating XML erlam - erlam_compile "/home/pete/wefwefwef/docs/other/2a0fab9514c7e2f85441a37c1f62c324/erlam-branch-master/erlam/src/erlam_compile.erl" -> "/home/pete/wefwefwef/docs/other/2a0fab9514c7e2f85441a37c1f62c324/repo/master/.xml/erlam/erlam_compile.xml"
/home/pete/wefwefwef/docs/other/2a0fab9514c7e2f85441a37c1f62c324/erlam-branch-master/erlam/src/erlam_compile.erl: at line 8: can't find include file "gen_ebin.hrl"
Error generating XML ("/home/pete/wefwefwef/docs/other/2a0fab9514c7e2f85441a37c1f62c324/erlam-branch-master/erlam/src/erlam_compile.erl"): {'EXIT',
                                                                                                                                            error}
Generating XML erlam - erlam_interp "/home/pete/wefwefwef/docs/other/2a0fab9514c7e2f85441a37c1f62c324/erlam-branch-master/erlam/src/erlam_interp.erl" -> "/home/pete/wefwefwef/docs/other/2a0fab9514c7e2f85441a37c1f62c324/repo/master/.xml/erlam/erlam_interp.xml"
Generating XML erlam - erlam_lang "/home/pete/wefwefwef/docs/other/2a0fab9514c7e2f85441a37c1f62c324/erlam-branch-master/erlam/src/erlam_lang.erl" -> "/home/pete/wefwefwef/docs/other/2a0fab9514c7e2f85441a37c1f62c324/repo/master/.xml/erlam/erlam_lang.xml"
Generating XML erlam - erlam_lib "/home/pete/wefwefwef/docs/other/2a0fab9514c7e2f85441a37c1f62c324/erlam-branch-master/erlam/src/erlam_lib.erl" -> "/home/pete/wefwefwef/docs/other/2a0fab9514c7e2f85441a37c1f62c324/repo/master/.xml/erlam/erlam_lib.xml"
/home/pete/wefwefwef/docs/other/2a0fab9514c7e2f85441a37c1f62c324/erlam-branch-master/erlam/src/erlam_lib.erl: at line 9: can't find include file "gen_lib.hrl"
Error generating XML ("/home/pete/wefwefwef/docs/other/2a0fab9514c7e2f85441a37c1f62c324/erlam-branch-master/erlam/src/erlam_lib.erl"): {'EXIT',
                                                                                                                                        error}
Generating XML erlam - erlam_rts "/home/pete/wefwefwef/docs/other/2a0fab9514c7e2f85441a37c1f62c324/erlam-branch-master/erlam/src/erlam_rts.erl" -> "/home/pete/wefwefwef/docs/other/2a0fab9514c7e2f85441a37c1f62c324/repo/master/.xml/erlam/erlam_rts.xml"
Generating XML erlam - erlam_sched "/home/pete/wefwefwef/docs/other/2a0fab9514c7e2f85441a37c1f62c324/erlam-branch-master/erlam/src/erlam_sched.erl" -> "/home/pete/wefwefwef/docs/other/2a0fab9514c7e2f85441a37c1f62c324/repo/master/.xml/erlam/erlam_sched.xml"
Generating XML erlam - erlam_sched_sup "/home/pete/wefwefwef/docs/other/2a0fab9514c7e2f85441a37c1f62c324/erlam-branch-master/erlam/src/erlam_sched_sup.erl" -> "/home/pete/wefwefwef/docs/other/2a0fab9514c7e2f85441a37c1f62c324/repo/master/.xml/erlam/erlam_sched_sup.xml"
Generating XML erlam - erlam_scheduler "/home/pete/wefwefwef/docs/other/2a0fab9514c7e2f85441a37c1f62c324/erlam-branch-master/erlam/src/erlam_scheduler.erl" -> "/home/pete/wefwefwef/docs/other/2a0fab9514c7e2f85441a37c1f62c324/repo/master/.xml/erlam/erlam_scheduler.xml"
Generating XML erlam - erlam_state "/home/pete/wefwefwef/docs/other/2a0fab9514c7e2f85441a37c1f62c324/erlam-branch-master/erlam/src/erlam_state.erl" -> "/home/pete/wefwefwef/docs/other/2a0fab9514c7e2f85441a37c1f62c324/repo/master/.xml/erlam/erlam_state.xml"
Generating XML erlam - erlam_trans "/home/pete/wefwefwef/docs/other/2a0fab9514c7e2f85441a37c1f62c324/erlam-branch-master/erlam/src/erlam_trans.erl" -> "/home/pete/wefwefwef/docs/other/2a0fab9514c7e2f85441a37c1f62c324/repo/master/.xml/erlam/erlam_trans.xml"
Generating HTML - erlam_scheduler "/home/pete/wefwefwef/docs/other/2a0fab9514c7e2f85441a37c1f62c324/repo/master/.xml/erlam/erlam_scheduler.xml"
Generating HTML - erlam_chan_serve "/home/pete/wefwefwef/docs/other/2a0fab9514c7e2f85441a37c1f62c324/repo/master/.xml/erlam/erlam_chan_serve.xml"
Generating HTML - erlam_rts "/home/pete/wefwefwef/docs/other/2a0fab9514c7e2f85441a37c1f62c324/repo/master/.xml/erlam/erlam_rts.xml"
Generating HTML - erlam "/home/pete/wefwefwef/docs/other/2a0fab9514c7e2f85441a37c1f62c324/repo/master/.xml/erlam/erlam.xml"
Reading XML for "/home/pete/wefwefwef/docs/other/2a0fab9514c7e2f85441a37c1f62c324/repo/master/.xml/erlam/erlam_scheduler.xml"
Reading XML for "/home/pete/wefwefwef/docs/other/2a0fab9514c7e2f85441a37c1f62c324/repo/master/.xml/erlam/erlam_chan_serve.xml"
Reading XML for "/home/pete/wefwefwef/docs/other/2a0fab9514c7e2f85441a37c1f62c324/repo/master/.xml/erlam/erlam_rts.xml"
Reading XML for "/home/pete/wefwefwef/docs/other/2a0fab9514c7e2f85441a37c1f62c324/repo/master/.xml/erlam/erlam.xml"
Reading XML for "/home/pete/wefwefwef/docs/other/2a0fab9514c7e2f85441a37c1f62c324/repo/master/.xml/specs_erlam_chan_serve.xml"
Reading XML for "/home/pete/wefwefwef/docs/other/2a0fab9514c7e2f85441a37c1f62c324/repo/master/.xml/specs_erlam_scheduler.xml"
Reading XML for "/home/pete/wefwefwef/docs/other/2a0fab9514c7e2f85441a37c1f62c324/repo/master/.xml/specs_erlam.xml"
Generating HTML - erlam_state "/home/pete/wefwefwef/docs/other/2a0fab9514c7e2f85441a37c1f62c324/repo/master/.xml/erlam/erlam_state.xml"
Reading XML for "/home/pete/wefwefwef/docs/other/2a0fab9514c7e2f85441a37c1f62c324/repo/master/.xml/erlam/erlam_state.xml"
Generating HTML - erlam_chan "/home/pete/wefwefwef/docs/other/2a0fab9514c7e2f85441a37c1f62c324/repo/master/.xml/erlam/erlam_chan.xml"
Reading XML for "/home/pete/wefwefwef/docs/other/2a0fab9514c7e2f85441a37c1f62c324/repo/master/.xml/erlam/erlam_chan.xml"
Reading XML for "/home/pete/wefwefwef/docs/other/2a0fab9514c7e2f85441a37c1f62c324/repo/master/.xml/specs_erlam_rts.xml"
Generating HTML - erlam_interp "/home/pete/wefwefwef/docs/other/2a0fab9514c7e2f85441a37c1f62c324/repo/master/.xml/erlam/erlam_interp.xml"
Reading XML for "/home/pete/wefwefwef/docs/other/2a0fab9514c7e2f85441a37c1f62c324/repo/master/.xml/erlam/erlam_interp.xml"
Generating HTML - erlam_sched "/home/pete/wefwefwef/docs/other/2a0fab9514c7e2f85441a37c1f62c324/repo/master/.xml/erlam/erlam_sched.xml"
Reading XML for "/home/pete/wefwefwef/docs/other/2a0fab9514c7e2f85441a37c1f62c324/repo/master/.xml/erlam/erlam_sched.xml"
Reading XML for "/home/pete/wefwefwef/docs/other/2a0fab9514c7e2f85441a37c1f62c324/repo/master/.xml/specs_erlam_state.xml"
Reading XML for "/home/pete/wefwefwef/docs/other/2a0fab9514c7e2f85441a37c1f62c324/repo/master/.xml/specs_erlam_interp.xml"
Reading XML for "/home/pete/wefwefwef/docs/other/2a0fab9514c7e2f85441a37c1f62c324/repo/master/.xml/specs_erlam_chan.xml"
Generating HTML - erlam_lang "/home/pete/wefwefwef/docs/other/2a0fab9514c7e2f85441a37c1f62c324/repo/master/.xml/erlam/erlam_lang.xml"
Reading XML for "/home/pete/wefwefwef/docs/other/2a0fab9514c7e2f85441a37c1f62c324/repo/master/.xml/erlam/erlam_lang.xml"
Generating HTML - erlam_trans "/home/pete/wefwefwef/docs/other/2a0fab9514c7e2f85441a37c1f62c324/repo/master/.xml/erlam/erlam_trans.xml"
Reading XML for "/home/pete/wefwefwef/docs/other/2a0fab9514c7e2f85441a37c1f62c324/repo/master/.xml/erlam/erlam_trans.xml"
Reading XML for "/home/pete/wefwefwef/docs/other/2a0fab9514c7e2f85441a37c1f62c324/repo/master/.xml/specs_erlam_sched.xml"
Generating HTML - erlam_sched_sup "/home/pete/wefwefwef/docs/other/2a0fab9514c7e2f85441a37c1f62c324/repo/master/.xml/erlam/erlam_sched_sup.xml"
Reading XML for "/home/pete/wefwefwef/docs/other/2a0fab9514c7e2f85441a37c1f62c324/repo/master/.xml/erlam/erlam_sched_sup.xml"
Generating HTML - erlam_chan_absorb "/home/pete/wefwefwef/docs/other/2a0fab9514c7e2f85441a37c1f62c324/repo/master/.xml/erlam/erlam_chan_absorb.xml"
Reading XML for "/home/pete/wefwefwef/docs/other/2a0fab9514c7e2f85441a37c1f62c324/repo/master/.xml/erlam/erlam_chan_absorb.xml"
Reading XML for "/home/pete/wefwefwef/docs/other/2a0fab9514c7e2f85441a37c1f62c324/repo/master/.xml/specs_erlam_lang.xml"
Reading XML for "/home/pete/wefwefwef/docs/other/2a0fab9514c7e2f85441a37c1f62c324/repo/master/.xml/specs_erlam_trans.xml"
Reading XML for "/home/pete/wefwefwef/docs/other/2a0fab9514c7e2f85441a37c1f62c324/repo/master/.xml/specs_erlam_sched_sup.xml"
Reading XML for "/home/pete/wefwefwef/docs/other/2a0fab9514c7e2f85441a37c1f62c324/repo/master/.xml/specs_erlam_chan_absorb.xml"
Generating HTML - erlam_chan_block "/home/pete/wefwefwef/docs/other/2a0fab9514c7e2f85441a37c1f62c324/repo/master/.xml/erlam/erlam_chan_block.xml"
Reading XML for "/home/pete/wefwefwef/docs/other/2a0fab9514c7e2f85441a37c1f62c324/repo/master/.xml/erlam/erlam_chan_block.xml"
Reading XML for "/home/pete/wefwefwef/docs/other/2a0fab9514c7e2f85441a37c1f62c324/repo/master/.xml/specs_erlam_chan_block.xml"
Creating index.html ...
Creating erldocs_index.js ...
Woot, finished in 0 Minutes 3 Seconds
 :: Discovering other repos
$ 5000  `rm -r '/home/pete/wefwefwef/docs/other/2a0fab9514c7e2f85441a37c1f62c324/erlam-branch-master'  2>&1`
 :: Processing https://github.com/dstar4138/erlam	{rev,branch,"feature/sched_binder","2fd57d81b4192f42383b9a62c575f5995be744d8",undefined,[],[]}
 :: Fetching repo code
$ cd '/home/pete/wefwefwef/docs/other/2a0fab9514c7e2f85441a37c1f62c324/erlam-branch-feature_sched_binder'
$ infinity  `curl --fail --silent --show-error --location --output repo.tar.gz 'https://codeload.github.com/dstar4138/erlam/legacy.tar.gz/feature/sched_binder'  2>&1`
$ cd '/home/pete/wefwefwef/docs/erldocs_other.git'
$ cd '/home/pete/wefwefwef/docs/other/2a0fab9514c7e2f85441a37c1f62c324/erlam-branch-feature_sched_binder/dstar4138-erlam-2fd57d8'
$ 5000  `find -P . -type l -delete  2>&1`
$ cd '/home/pete/wefwefwef/docs/erldocs_other.git'
$ 5000  `mv '/home/pete/wefwefwef/docs/other/2a0fab9514c7e2f85441a37c1f62c324/erlam-branch-feature_sched_binder/dstar4138-erlam-2fd57d8' '/home/pete/wefwefwef/docs/other/2a0fab9514c7e2f85441a37c1f62c324/erlam-branch-feature_sched_binder/erlam'  2>&1`
 :: Getting dependencies
$ cd '/home/pete/wefwefwef/docs/other/2a0fab9514c7e2f85441a37c1f62c324/erlam-branch-feature_sched_binder/erlam'
$ 5000  `ls -1 deps/  2>&1`
$ cd '/home/pete/wefwefwef/docs/erldocs_other.git'
>>> [rebar] deps = []
 :: Generating erldocs into /home/pete/wefwefwef/docs/other/2a0fab9514c7e2f85441a37c1f62c324/repo/feature/sched_binder
Building erlam
Generating Type Specs - "/home/pete/wefwefwef/docs/other/2a0fab9514c7e2f85441a37c1f62c324/erlam-branch-feature_sched_binder/erlam/src/erlam.erl"
Generating Type Specs - "/home/pete/wefwefwef/docs/other/2a0fab9514c7e2f85441a37c1f62c324/erlam-branch-feature_sched_binder/erlam/src/erlam_chan.erl"
Generating Type Specs - "/home/pete/wefwefwef/docs/other/2a0fab9514c7e2f85441a37c1f62c324/erlam-branch-feature_sched_binder/erlam/src/erlam_chan_serve.erl"
Generating Type Specs - "/home/pete/wefwefwef/docs/other/2a0fab9514c7e2f85441a37c1f62c324/erlam-branch-feature_sched_binder/erlam/src/erlam_compile.erl"
/home/pete/wefwefwef/docs/other/2a0fab9514c7e2f85441a37c1f62c324/erlam-branch-feature_sched_binder/erlam/src/erlam_compile.erl: at line 8: can't find include file "gen_ebin.hrl"
EDoc could not process file '/home/pete/wefwefwef/docs/other/2a0fab9514c7e2f85441a37c1f62c324/erlam-branch-feature_sched_binder/erlam/src/erlam_compile.erl'
Error generating type specs for "/home/pete/wefwefwef/docs/other/2a0fab9514c7e2f85441a37c1f62c324/erlam-branch-feature_sched_binder/erlam/src/erlam_compile.erl"
Generating Type Specs - "/home/pete/wefwefwef/docs/other/2a0fab9514c7e2f85441a37c1f62c324/erlam-branch-feature_sched_binder/erlam/src/erlam_interp.erl"
Generating Type Specs - "/home/pete/wefwefwef/docs/other/2a0fab9514c7e2f85441a37c1f62c324/erlam-branch-feature_sched_binder/erlam/src/erlam_lang.erl"
Generating Type Specs - "/home/pete/wefwefwef/docs/other/2a0fab9514c7e2f85441a37c1f62c324/erlam-branch-feature_sched_binder/erlam/src/erlam_lib.erl"
/home/pete/wefwefwef/docs/other/2a0fab9514c7e2f85441a37c1f62c324/erlam-branch-feature_sched_binder/erlam/src/erlam_lib.erl: at line 9: can't find include file "gen_lib.hrl"
EDoc could not process file '/home/pete/wefwefwef/docs/other/2a0fab9514c7e2f85441a37c1f62c324/erlam-branch-feature_sched_binder/erlam/src/erlam_lib.erl'
Error generating type specs for "/home/pete/wefwefwef/docs/other/2a0fab9514c7e2f85441a37c1f62c324/erlam-branch-feature_sched_binder/erlam/src/erlam_lib.erl"
Generating Type Specs - "/home/pete/wefwefwef/docs/other/2a0fab9514c7e2f85441a37c1f62c324/erlam-branch-feature_sched_binder/erlam/src/erlam_rts.erl"
Generating Type Specs - "/home/pete/wefwefwef/docs/other/2a0fab9514c7e2f85441a37c1f62c324/erlam-branch-feature_sched_binder/erlam/src/erlam_sched.erl"
Generating Type Specs - "/home/pete/wefwefwef/docs/other/2a0fab9514c7e2f85441a37c1f62c324/erlam-branch-feature_sched_binder/erlam/src/erlam_sched_sup.erl"
Generating Type Specs - "/home/pete/wefwefwef/docs/other/2a0fab9514c7e2f85441a37c1f62c324/erlam-branch-feature_sched_binder/erlam/src/erlam_scheduler.erl"
Generating Type Specs - "/home/pete/wefwefwef/docs/other/2a0fab9514c7e2f85441a37c1f62c324/erlam-branch-feature_sched_binder/erlam/src/erlam_state.erl"
Generating Type Specs - "/home/pete/wefwefwef/docs/other/2a0fab9514c7e2f85441a37c1f62c324/erlam-branch-feature_sched_binder/erlam/src/erlam_trans.erl"
Generating XML for application erlam "/home/pete/wefwefwef/docs/other/2a0fab9514c7e2f85441a37c1f62c324/erlam-branch-feature_sched_binder/erlam" -> "/home/pete/wefwefwef/docs/other/2a0fab9514c7e2f85441a37c1f62c324/repo/feature/sched_binder/.xml/erlam"
/home/pete/wefwefwef/docs/other/2a0fab9514c7e2f85441a37c1f62c324/erlam-branch-feature_sched_binder/erlam/src/erlam_lib.erl: at line 9: can't find include file "gen_lib.hrl"
edoc: skipping source file '/home/pete/wefwefwef/docs/other/2a0fab9514c7e2f85441a37c1f62c324/erlam-branch-feature_sched_binder/erlam/src/erlam_lib.erl': {'EXIT',
                                                                                                                                                    error}.
/home/pete/wefwefwef/docs/other/2a0fab9514c7e2f85441a37c1f62c324/erlam-branch-feature_sched_binder/erlam/src/erlam_compile.erl: at line 8: can't find include file "gen_ebin.hrl"
edoc: skipping source file '/home/pete/wefwefwef/docs/other/2a0fab9514c7e2f85441a37c1f62c324/erlam-branch-feature_sched_binder/erlam/src/erlam_compile.erl': {'EXIT',
                                                                                                                                                        error}.
edoc: error in doclet 'edoc_doclet': {'EXIT',error}.
Error generating erlam XMLs. Using fallback ...
Generating XML erlam - erlam "/home/pete/wefwefwef/docs/other/2a0fab9514c7e2f85441a37c1f62c324/erlam-branch-feature_sched_binder/erlam/src/erlam.erl" -> "/home/pete/wefwefwef/docs/other/2a0fab9514c7e2f85441a37c1f62c324/repo/feature/sched_binder/.xml/erlam/erlam.xml"
Generating XML erlam - erlam_chan "/home/pete/wefwefwef/docs/other/2a0fab9514c7e2f85441a37c1f62c324/erlam-branch-feature_sched_binder/erlam/src/erlam_chan.erl" -> "/home/pete/wefwefwef/docs/other/2a0fab9514c7e2f85441a37c1f62c324/repo/feature/sched_binder/.xml/erlam/erlam_chan.xml"
Generating XML erlam - erlam_chan_serve "/home/pete/wefwefwef/docs/other/2a0fab9514c7e2f85441a37c1f62c324/erlam-branch-feature_sched_binder/erlam/src/erlam_chan_serve.erl" -> "/home/pete/wefwefwef/docs/other/2a0fab9514c7e2f85441a37c1f62c324/repo/feature/sched_binder/.xml/erlam/erlam_chan_serve.xml"
Generating XML erlam - erlam_compile "/home/pete/wefwefwef/docs/other/2a0fab9514c7e2f85441a37c1f62c324/erlam-branch-feature_sched_binder/erlam/src/erlam_compile.erl" -> "/home/pete/wefwefwef/docs/other/2a0fab9514c7e2f85441a37c1f62c324/repo/feature/sched_binder/.xml/erlam/erlam_compile.xml"
/home/pete/wefwefwef/docs/other/2a0fab9514c7e2f85441a37c1f62c324/erlam-branch-feature_sched_binder/erlam/src/erlam_compile.erl: at line 8: can't find include file "gen_ebin.hrl"
Error generating XML ("/home/pete/wefwefwef/docs/other/2a0fab9514c7e2f85441a37c1f62c324/erlam-branch-feature_sched_binder/erlam/src/erlam_compile.erl"): {'EXIT',
                                                                                                                                                          error}
Generating XML erlam - erlam_interp "/home/pete/wefwefwef/docs/other/2a0fab9514c7e2f85441a37c1f62c324/erlam-branch-feature_sched_binder/erlam/src/erlam_interp.erl" -> "/home/pete/wefwefwef/docs/other/2a0fab9514c7e2f85441a37c1f62c324/repo/feature/sched_binder/.xml/erlam/erlam_interp.xml"
Generating XML erlam - erlam_lang "/home/pete/wefwefwef/docs/other/2a0fab9514c7e2f85441a37c1f62c324/erlam-branch-feature_sched_binder/erlam/src/erlam_lang.erl" -> "/home/pete/wefwefwef/docs/other/2a0fab9514c7e2f85441a37c1f62c324/repo/feature/sched_binder/.xml/erlam/erlam_lang.xml"
Generating XML erlam - erlam_lib "/home/pete/wefwefwef/docs/other/2a0fab9514c7e2f85441a37c1f62c324/erlam-branch-feature_sched_binder/erlam/src/erlam_lib.erl" -> "/home/pete/wefwefwef/docs/other/2a0fab9514c7e2f85441a37c1f62c324/repo/feature/sched_binder/.xml/erlam/erlam_lib.xml"
/home/pete/wefwefwef/docs/other/2a0fab9514c7e2f85441a37c1f62c324/erlam-branch-feature_sched_binder/erlam/src/erlam_lib.erl: at line 9: can't find include file "gen_lib.hrl"
Error generating XML ("/home/pete/wefwefwef/docs/other/2a0fab9514c7e2f85441a37c1f62c324/erlam-branch-feature_sched_binder/erlam/src/erlam_lib.erl"): {'EXIT',
                                                                                                                                                      error}
Generating XML erlam - erlam_rts "/home/pete/wefwefwef/docs/other/2a0fab9514c7e2f85441a37c1f62c324/erlam-branch-feature_sched_binder/erlam/src/erlam_rts.erl" -> "/home/pete/wefwefwef/docs/other/2a0fab9514c7e2f85441a37c1f62c324/repo/feature/sched_binder/.xml/erlam/erlam_rts.xml"
Generating XML erlam - erlam_sched "/home/pete/wefwefwef/docs/other/2a0fab9514c7e2f85441a37c1f62c324/erlam-branch-feature_sched_binder/erlam/src/erlam_sched.erl" -> "/home/pete/wefwefwef/docs/other/2a0fab9514c7e2f85441a37c1f62c324/repo/feature/sched_binder/.xml/erlam/erlam_sched.xml"
Generating XML erlam - erlam_sched_sup "/home/pete/wefwefwef/docs/other/2a0fab9514c7e2f85441a37c1f62c324/erlam-branch-feature_sched_binder/erlam/src/erlam_sched_sup.erl" -> "/home/pete/wefwefwef/docs/other/2a0fab9514c7e2f85441a37c1f62c324/repo/feature/sched_binder/.xml/erlam/erlam_sched_sup.xml"
Generating XML erlam - erlam_scheduler "/home/pete/wefwefwef/docs/other/2a0fab9514c7e2f85441a37c1f62c324/erlam-branch-feature_sched_binder/erlam/src/erlam_scheduler.erl" -> "/home/pete/wefwefwef/docs/other/2a0fab9514c7e2f85441a37c1f62c324/repo/feature/sched_binder/.xml/erlam/erlam_scheduler.xml"
Generating XML erlam - erlam_state "/home/pete/wefwefwef/docs/other/2a0fab9514c7e2f85441a37c1f62c324/erlam-branch-feature_sched_binder/erlam/src/erlam_state.erl" -> "/home/pete/wefwefwef/docs/other/2a0fab9514c7e2f85441a37c1f62c324/repo/feature/sched_binder/.xml/erlam/erlam_state.xml"
Generating XML erlam - erlam_trans "/home/pete/wefwefwef/docs/other/2a0fab9514c7e2f85441a37c1f62c324/erlam-branch-feature_sched_binder/erlam/src/erlam_trans.erl" -> "/home/pete/wefwefwef/docs/other/2a0fab9514c7e2f85441a37c1f62c324/repo/feature/sched_binder/.xml/erlam/erlam_trans.xml"
Generating HTML - erlam_rts "/home/pete/wefwefwef/docs/other/2a0fab9514c7e2f85441a37c1f62c324/repo/feature/sched_binder/.xml/erlam/erlam_rts.xml"
Generating HTML - erlam_state "/home/pete/wefwefwef/docs/other/2a0fab9514c7e2f85441a37c1f62c324/repo/feature/sched_binder/.xml/erlam/erlam_state.xml"
Generating HTML - erlam_sched_sup "/home/pete/wefwefwef/docs/other/2a0fab9514c7e2f85441a37c1f62c324/repo/feature/sched_binder/.xml/erlam/erlam_sched_sup.xml"
Generating HTML - erlam "/home/pete/wefwefwef/docs/other/2a0fab9514c7e2f85441a37c1f62c324/repo/feature/sched_binder/.xml/erlam/erlam.xml"
Reading XML for "/home/pete/wefwefwef/docs/other/2a0fab9514c7e2f85441a37c1f62c324/repo/feature/sched_binder/.xml/erlam/erlam_rts.xml"
Reading XML for "/home/pete/wefwefwef/docs/other/2a0fab9514c7e2f85441a37c1f62c324/repo/feature/sched_binder/.xml/erlam/erlam_state.xml"
Reading XML for "/home/pete/wefwefwef/docs/other/2a0fab9514c7e2f85441a37c1f62c324/repo/feature/sched_binder/.xml/erlam/erlam_sched_sup.xml"
Reading XML for "/home/pete/wefwefwef/docs/other/2a0fab9514c7e2f85441a37c1f62c324/repo/feature/sched_binder/.xml/erlam/erlam.xml"
Reading XML for "/home/pete/wefwefwef/docs/other/2a0fab9514c7e2f85441a37c1f62c324/repo/feature/sched_binder/.xml/specs_erlam.xml"
Reading XML for "/home/pete/wefwefwef/docs/other/2a0fab9514c7e2f85441a37c1f62c324/repo/feature/sched_binder/.xml/specs_erlam_sched_sup.xml"
Reading XML for "/home/pete/wefwefwef/docs/other/2a0fab9514c7e2f85441a37c1f62c324/repo/feature/sched_binder/.xml/specs_erlam_state.xml"
Generating HTML - erlam_chan "/home/pete/wefwefwef/docs/other/2a0fab9514c7e2f85441a37c1f62c324/repo/feature/sched_binder/.xml/erlam/erlam_chan.xml"
Reading XML for "/home/pete/wefwefwef/docs/other/2a0fab9514c7e2f85441a37c1f62c324/repo/feature/sched_binder/.xml/erlam/erlam_chan.xml"
Generating HTML - erlam_scheduler "/home/pete/wefwefwef/docs/other/2a0fab9514c7e2f85441a37c1f62c324/repo/feature/sched_binder/.xml/erlam/erlam_scheduler.xml"
Reading XML for "/home/pete/wefwefwef/docs/other/2a0fab9514c7e2f85441a37c1f62c324/repo/feature/sched_binder/.xml/erlam/erlam_scheduler.xml"
Generating HTML - erlam_trans "/home/pete/wefwefwef/docs/other/2a0fab9514c7e2f85441a37c1f62c324/repo/feature/sched_binder/.xml/erlam/erlam_trans.xml"
Reading XML for "/home/pete/wefwefwef/docs/other/2a0fab9514c7e2f85441a37c1f62c324/repo/feature/sched_binder/.xml/erlam/erlam_trans.xml"
Reading XML for "/home/pete/wefwefwef/docs/other/2a0fab9514c7e2f85441a37c1f62c324/repo/feature/sched_binder/.xml/specs_erlam_rts.xml"
Generating HTML - erlam_sched "/home/pete/wefwefwef/docs/other/2a0fab9514c7e2f85441a37c1f62c324/repo/feature/sched_binder/.xml/erlam/erlam_sched.xml"
Reading XML for "/home/pete/wefwefwef/docs/other/2a0fab9514c7e2f85441a37c1f62c324/repo/feature/sched_binder/.xml/erlam/erlam_sched.xml"
Reading XML for "/home/pete/wefwefwef/docs/other/2a0fab9514c7e2f85441a37c1f62c324/repo/feature/sched_binder/.xml/specs_erlam_scheduler.xml"
Reading XML for "/home/pete/wefwefwef/docs/other/2a0fab9514c7e2f85441a37c1f62c324/repo/feature/sched_binder/.xml/specs_erlam_trans.xml"
Reading XML for "/home/pete/wefwefwef/docs/other/2a0fab9514c7e2f85441a37c1f62c324/repo/feature/sched_binder/.xml/specs_erlam_chan.xml"
Reading XML for "/home/pete/wefwefwef/docs/other/2a0fab9514c7e2f85441a37c1f62c324/repo/feature/sched_binder/.xml/specs_erlam_sched.xml"
Generating HTML - erlam_chan_serve "/home/pete/wefwefwef/docs/other/2a0fab9514c7e2f85441a37c1f62c324/repo/feature/sched_binder/.xml/erlam/erlam_chan_serve.xml"
Reading XML for "/home/pete/wefwefwef/docs/other/2a0fab9514c7e2f85441a37c1f62c324/repo/feature/sched_binder/.xml/erlam/erlam_chan_serve.xml"
Reading XML for "/home/pete/wefwefwef/docs/other/2a0fab9514c7e2f85441a37c1f62c324/repo/feature/sched_binder/.xml/specs_erlam_chan_serve.xml"
Generating HTML - erlam_interp "/home/pete/wefwefwef/docs/other/2a0fab9514c7e2f85441a37c1f62c324/repo/feature/sched_binder/.xml/erlam/erlam_interp.xml"
Reading XML for "/home/pete/wefwefwef/docs/other/2a0fab9514c7e2f85441a37c1f62c324/repo/feature/sched_binder/.xml/erlam/erlam_interp.xml"
Reading XML for "/home/pete/wefwefwef/docs/other/2a0fab9514c7e2f85441a37c1f62c324/repo/feature/sched_binder/.xml/specs_erlam_interp.xml"
Generating HTML - erlam_lang "/home/pete/wefwefwef/docs/other/2a0fab9514c7e2f85441a37c1f62c324/repo/feature/sched_binder/.xml/erlam/erlam_lang.xml"
Reading XML for "/home/pete/wefwefwef/docs/other/2a0fab9514c7e2f85441a37c1f62c324/repo/feature/sched_binder/.xml/erlam/erlam_lang.xml"
Reading XML for "/home/pete/wefwefwef/docs/other/2a0fab9514c7e2f85441a37c1f62c324/repo/feature/sched_binder/.xml/specs_erlam_lang.xml"
Creating index.html ...
Creating erldocs_index.js ...
Woot, finished in 0 Minutes 2 Seconds
 :: Discovering other repos
$ 5000  `rm -r '/home/pete/wefwefwef/docs/other/2a0fab9514c7e2f85441a37c1f62c324/erlam-branch-feature_sched_binder'  2>&1`
 :: Processing https://github.com/dstar4138/erlam	{rev,branch,"develop","3f74dafd36821efb8813ee0766394058eca43ece",undefined,[],[]}
 :: Fetching repo code
$ cd '/home/pete/wefwefwef/docs/other/2a0fab9514c7e2f85441a37c1f62c324/erlam-branch-develop'
$ infinity  `curl --fail --silent --show-error --location --output repo.tar.gz 'https://codeload.github.com/dstar4138/erlam/legacy.tar.gz/develop'  2>&1`
$ cd '/home/pete/wefwefwef/docs/erldocs_other.git'
$ cd '/home/pete/wefwefwef/docs/other/2a0fab9514c7e2f85441a37c1f62c324/erlam-branch-develop/dstar4138-erlam-3f74daf'
$ 5000  `find -P . -type l -delete  2>&1`
$ cd '/home/pete/wefwefwef/docs/erldocs_other.git'
$ 5000  `mv '/home/pete/wefwefwef/docs/other/2a0fab9514c7e2f85441a37c1f62c324/erlam-branch-develop/dstar4138-erlam-3f74daf' '/home/pete/wefwefwef/docs/other/2a0fab9514c7e2f85441a37c1f62c324/erlam-branch-develop/erlam'  2>&1`
 :: Getting dependencies
$ cd '/home/pete/wefwefwef/docs/other/2a0fab9514c7e2f85441a37c1f62c324/erlam-branch-develop/erlam'
$ 5000  `ls -1 deps/  2>&1`
$ cd '/home/pete/wefwefwef/docs/erldocs_other.git'
>>> [rebar] deps = []
 :: Generating erldocs into /home/pete/wefwefwef/docs/other/2a0fab9514c7e2f85441a37c1f62c324/repo/develop
Building erlam
Generating Type Specs - "/home/pete/wefwefwef/docs/other/2a0fab9514c7e2f85441a37c1f62c324/erlam-branch-develop/erlam/src/erlam.erl"
Generating Type Specs - "/home/pete/wefwefwef/docs/other/2a0fab9514c7e2f85441a37c1f62c324/erlam-branch-develop/erlam/src/erlam_chan.erl"
Generating Type Specs - "/home/pete/wefwefwef/docs/other/2a0fab9514c7e2f85441a37c1f62c324/erlam-branch-develop/erlam/src/erlam_chan_serve.erl"
Generating Type Specs - "/home/pete/wefwefwef/docs/other/2a0fab9514c7e2f85441a37c1f62c324/erlam-branch-develop/erlam/src/erlam_compile.erl"
/home/pete/wefwefwef/docs/other/2a0fab9514c7e2f85441a37c1f62c324/erlam-branch-develop/erlam/src/erlam_compile.erl: at line 8: can't find include file "gen_ebin.hrl"
EDoc could not process file '/home/pete/wefwefwef/docs/other/2a0fab9514c7e2f85441a37c1f62c324/erlam-branch-develop/erlam/src/erlam_compile.erl'
Error generating type specs for "/home/pete/wefwefwef/docs/other/2a0fab9514c7e2f85441a37c1f62c324/erlam-branch-develop/erlam/src/erlam_compile.erl"
Generating Type Specs - "/home/pete/wefwefwef/docs/other/2a0fab9514c7e2f85441a37c1f62c324/erlam-branch-develop/erlam/src/erlam_interp.erl"
Generating Type Specs - "/home/pete/wefwefwef/docs/other/2a0fab9514c7e2f85441a37c1f62c324/erlam-branch-develop/erlam/src/erlam_lang.erl"
Generating Type Specs - "/home/pete/wefwefwef/docs/other/2a0fab9514c7e2f85441a37c1f62c324/erlam-branch-develop/erlam/src/erlam_lib.erl"
/home/pete/wefwefwef/docs/other/2a0fab9514c7e2f85441a37c1f62c324/erlam-branch-develop/erlam/src/erlam_lib.erl: at line 9: can't find include file "gen_lib.hrl"
EDoc could not process file '/home/pete/wefwefwef/docs/other/2a0fab9514c7e2f85441a37c1f62c324/erlam-branch-develop/erlam/src/erlam_lib.erl'
Error generating type specs for "/home/pete/wefwefwef/docs/other/2a0fab9514c7e2f85441a37c1f62c324/erlam-branch-develop/erlam/src/erlam_lib.erl"
Generating Type Specs - "/home/pete/wefwefwef/docs/other/2a0fab9514c7e2f85441a37c1f62c324/erlam-branch-develop/erlam/src/erlam_rts.erl"
Generating Type Specs - "/home/pete/wefwefwef/docs/other/2a0fab9514c7e2f85441a37c1f62c324/erlam-branch-develop/erlam/src/erlam_sched.erl"
Generating Type Specs - "/home/pete/wefwefwef/docs/other/2a0fab9514c7e2f85441a37c1f62c324/erlam-branch-develop/erlam/src/erlam_sched_sup.erl"
Generating Type Specs - "/home/pete/wefwefwef/docs/other/2a0fab9514c7e2f85441a37c1f62c324/erlam-branch-develop/erlam/src/erlam_scheduler.erl"
Generating Type Specs - "/home/pete/wefwefwef/docs/other/2a0fab9514c7e2f85441a37c1f62c324/erlam-branch-develop/erlam/src/erlam_state.erl"
Generating Type Specs - "/home/pete/wefwefwef/docs/other/2a0fab9514c7e2f85441a37c1f62c324/erlam-branch-develop/erlam/src/erlam_trans.erl"
Generating XML for application erlam "/home/pete/wefwefwef/docs/other/2a0fab9514c7e2f85441a37c1f62c324/erlam-branch-develop/erlam" -> "/home/pete/wefwefwef/docs/other/2a0fab9514c7e2f85441a37c1f62c324/repo/develop/.xml/erlam"
/home/pete/wefwefwef/docs/other/2a0fab9514c7e2f85441a37c1f62c324/erlam-branch-develop/erlam/src/erlam_lib.erl: at line 9: can't find include file "gen_lib.hrl"
edoc: skipping source file '/home/pete/wefwefwef/docs/other/2a0fab9514c7e2f85441a37c1f62c324/erlam-branch-develop/erlam/src/erlam_lib.erl': {'EXIT',
                                                                                                                                       error}.
/home/pete/wefwefwef/docs/other/2a0fab9514c7e2f85441a37c1f62c324/erlam-branch-develop/erlam/src/erlam_compile.erl: at line 8: can't find include file "gen_ebin.hrl"
edoc: skipping source file '/home/pete/wefwefwef/docs/other/2a0fab9514c7e2f85441a37c1f62c324/erlam-branch-develop/erlam/src/erlam_compile.erl': {'EXIT',
                                                                                                                                           error}.
edoc: error in doclet 'edoc_doclet': {'EXIT',error}.
Error generating erlam XMLs. Using fallback ...
Generating XML erlam - erlam "/home/pete/wefwefwef/docs/other/2a0fab9514c7e2f85441a37c1f62c324/erlam-branch-develop/erlam/src/erlam.erl" -> "/home/pete/wefwefwef/docs/other/2a0fab9514c7e2f85441a37c1f62c324/repo/develop/.xml/erlam/erlam.xml"
Generating XML erlam - erlam_chan "/home/pete/wefwefwef/docs/other/2a0fab9514c7e2f85441a37c1f62c324/erlam-branch-develop/erlam/src/erlam_chan.erl" -> "/home/pete/wefwefwef/docs/other/2a0fab9514c7e2f85441a37c1f62c324/repo/develop/.xml/erlam/erlam_chan.xml"
Generating XML erlam - erlam_chan_serve "/home/pete/wefwefwef/docs/other/2a0fab9514c7e2f85441a37c1f62c324/erlam-branch-develop/erlam/src/erlam_chan_serve.erl" -> "/home/pete/wefwefwef/docs/other/2a0fab9514c7e2f85441a37c1f62c324/repo/develop/.xml/erlam/erlam_chan_serve.xml"
Generating XML erlam - erlam_compile "/home/pete/wefwefwef/docs/other/2a0fab9514c7e2f85441a37c1f62c324/erlam-branch-develop/erlam/src/erlam_compile.erl" -> "/home/pete/wefwefwef/docs/other/2a0fab9514c7e2f85441a37c1f62c324/repo/develop/.xml/erlam/erlam_compile.xml"
/home/pete/wefwefwef/docs/other/2a0fab9514c7e2f85441a37c1f62c324/erlam-branch-develop/erlam/src/erlam_compile.erl: at line 8: can't find include file "gen_ebin.hrl"
Error generating XML ("/home/pete/wefwefwef/docs/other/2a0fab9514c7e2f85441a37c1f62c324/erlam-branch-develop/erlam/src/erlam_compile.erl"): {'EXIT',
                                                                                                                                             error}
Generating XML erlam - erlam_interp "/home/pete/wefwefwef/docs/other/2a0fab9514c7e2f85441a37c1f62c324/erlam-branch-develop/erlam/src/erlam_interp.erl" -> "/home/pete/wefwefwef/docs/other/2a0fab9514c7e2f85441a37c1f62c324/repo/develop/.xml/erlam/erlam_interp.xml"
Generating XML erlam - erlam_lang "/home/pete/wefwefwef/docs/other/2a0fab9514c7e2f85441a37c1f62c324/erlam-branch-develop/erlam/src/erlam_lang.erl" -> "/home/pete/wefwefwef/docs/other/2a0fab9514c7e2f85441a37c1f62c324/repo/develop/.xml/erlam/erlam_lang.xml"
Generating XML erlam - erlam_lib "/home/pete/wefwefwef/docs/other/2a0fab9514c7e2f85441a37c1f62c324/erlam-branch-develop/erlam/src/erlam_lib.erl" -> "/home/pete/wefwefwef/docs/other/2a0fab9514c7e2f85441a37c1f62c324/repo/develop/.xml/erlam/erlam_lib.xml"
/home/pete/wefwefwef/docs/other/2a0fab9514c7e2f85441a37c1f62c324/erlam-branch-develop/erlam/src/erlam_lib.erl: at line 9: can't find include file "gen_lib.hrl"
Error generating XML ("/home/pete/wefwefwef/docs/other/2a0fab9514c7e2f85441a37c1f62c324/erlam-branch-develop/erlam/src/erlam_lib.erl"): {'EXIT',
                                                                                                                                         error}
Generating XML erlam - erlam_rts "/home/pete/wefwefwef/docs/other/2a0fab9514c7e2f85441a37c1f62c324/erlam-branch-develop/erlam/src/erlam_rts.erl" -> "/home/pete/wefwefwef/docs/other/2a0fab9514c7e2f85441a37c1f62c324/repo/develop/.xml/erlam/erlam_rts.xml"
Generating XML erlam - erlam_sched "/home/pete/wefwefwef/docs/other/2a0fab9514c7e2f85441a37c1f62c324/erlam-branch-develop/erlam/src/erlam_sched.erl" -> "/home/pete/wefwefwef/docs/other/2a0fab9514c7e2f85441a37c1f62c324/repo/develop/.xml/erlam/erlam_sched.xml"
Generating XML erlam - erlam_sched_sup "/home/pete/wefwefwef/docs/other/2a0fab9514c7e2f85441a37c1f62c324/erlam-branch-develop/erlam/src/erlam_sched_sup.erl" -> "/home/pete/wefwefwef/docs/other/2a0fab9514c7e2f85441a37c1f62c324/repo/develop/.xml/erlam/erlam_sched_sup.xml"
Generating XML erlam - erlam_scheduler "/home/pete/wefwefwef/docs/other/2a0fab9514c7e2f85441a37c1f62c324/erlam-branch-develop/erlam/src/erlam_scheduler.erl" -> "/home/pete/wefwefwef/docs/other/2a0fab9514c7e2f85441a37c1f62c324/repo/develop/.xml/erlam/erlam_scheduler.xml"
Generating XML erlam - erlam_state "/home/pete/wefwefwef/docs/other/2a0fab9514c7e2f85441a37c1f62c324/erlam-branch-develop/erlam/src/erlam_state.erl" -> "/home/pete/wefwefwef/docs/other/2a0fab9514c7e2f85441a37c1f62c324/repo/develop/.xml/erlam/erlam_state.xml"
Generating XML erlam - erlam_trans "/home/pete/wefwefwef/docs/other/2a0fab9514c7e2f85441a37c1f62c324/erlam-branch-develop/erlam/src/erlam_trans.erl" -> "/home/pete/wefwefwef/docs/other/2a0fab9514c7e2f85441a37c1f62c324/repo/develop/.xml/erlam/erlam_trans.xml"
Generating HTML - erlam_rts "/home/pete/wefwefwef/docs/other/2a0fab9514c7e2f85441a37c1f62c324/repo/develop/.xml/erlam/erlam_rts.xml"
Generating HTML - erlam_state "/home/pete/wefwefwef/docs/other/2a0fab9514c7e2f85441a37c1f62c324/repo/develop/.xml/erlam/erlam_state.xml"
Generating HTML - erlam "/home/pete/wefwefwef/docs/other/2a0fab9514c7e2f85441a37c1f62c324/repo/develop/.xml/erlam/erlam.xml"
Generating HTML - erlam_sched_sup "/home/pete/wefwefwef/docs/other/2a0fab9514c7e2f85441a37c1f62c324/repo/develop/.xml/erlam/erlam_sched_sup.xml"
Reading XML for "/home/pete/wefwefwef/docs/other/2a0fab9514c7e2f85441a37c1f62c324/repo/develop/.xml/erlam/erlam_rts.xml"
Reading XML for "/home/pete/wefwefwef/docs/other/2a0fab9514c7e2f85441a37c1f62c324/repo/develop/.xml/erlam/erlam_state.xml"
Reading XML for "/home/pete/wefwefwef/docs/other/2a0fab9514c7e2f85441a37c1f62c324/repo/develop/.xml/erlam/erlam.xml"
Reading XML for "/home/pete/wefwefwef/docs/other/2a0fab9514c7e2f85441a37c1f62c324/repo/develop/.xml/erlam/erlam_sched_sup.xml"
Reading XML for "/home/pete/wefwefwef/docs/other/2a0fab9514c7e2f85441a37c1f62c324/repo/develop/.xml/specs_erlam_sched_sup.xml"
Reading XML for "/home/pete/wefwefwef/docs/other/2a0fab9514c7e2f85441a37c1f62c324/repo/develop/.xml/specs_erlam.xml"
Reading XML for "/home/pete/wefwefwef/docs/other/2a0fab9514c7e2f85441a37c1f62c324/repo/develop/.xml/specs_erlam_state.xml"
Reading XML for "/home/pete/wefwefwef/docs/other/2a0fab9514c7e2f85441a37c1f62c324/repo/develop/.xml/specs_erlam_rts.xml"
Generating HTML - erlam_scheduler "/home/pete/wefwefwef/docs/other/2a0fab9514c7e2f85441a37c1f62c324/repo/develop/.xml/erlam/erlam_scheduler.xml"
Reading XML for "/home/pete/wefwefwef/docs/other/2a0fab9514c7e2f85441a37c1f62c324/repo/develop/.xml/erlam/erlam_scheduler.xml"
Generating HTML - erlam_chan "/home/pete/wefwefwef/docs/other/2a0fab9514c7e2f85441a37c1f62c324/repo/develop/.xml/erlam/erlam_chan.xml"
Reading XML for "/home/pete/wefwefwef/docs/other/2a0fab9514c7e2f85441a37c1f62c324/repo/develop/.xml/erlam/erlam_chan.xml"
Generating HTML - erlam_trans "/home/pete/wefwefwef/docs/other/2a0fab9514c7e2f85441a37c1f62c324/repo/develop/.xml/erlam/erlam_trans.xml"
Reading XML for "/home/pete/wefwefwef/docs/other/2a0fab9514c7e2f85441a37c1f62c324/repo/develop/.xml/erlam/erlam_trans.xml"
Generating HTML - erlam_sched "/home/pete/wefwefwef/docs/other/2a0fab9514c7e2f85441a37c1f62c324/repo/develop/.xml/erlam/erlam_sched.xml"
Reading XML for "/home/pete/wefwefwef/docs/other/2a0fab9514c7e2f85441a37c1f62c324/repo/develop/.xml/erlam/erlam_sched.xml"
Reading XML for "/home/pete/wefwefwef/docs/other/2a0fab9514c7e2f85441a37c1f62c324/repo/develop/.xml/specs_erlam_scheduler.xml"
Reading XML for "/home/pete/wefwefwef/docs/other/2a0fab9514c7e2f85441a37c1f62c324/repo/develop/.xml/specs_erlam_trans.xml"
Reading XML for "/home/pete/wefwefwef/docs/other/2a0fab9514c7e2f85441a37c1f62c324/repo/develop/.xml/specs_erlam_chan.xml"
Reading XML for "/home/pete/wefwefwef/docs/other/2a0fab9514c7e2f85441a37c1f62c324/repo/develop/.xml/specs_erlam_sched.xml"
Generating HTML - erlam_chan_serve "/home/pete/wefwefwef/docs/other/2a0fab9514c7e2f85441a37c1f62c324/repo/develop/.xml/erlam/erlam_chan_serve.xml"
Reading XML for "/home/pete/wefwefwef/docs/other/2a0fab9514c7e2f85441a37c1f62c324/repo/develop/.xml/erlam/erlam_chan_serve.xml"
Reading XML for "/home/pete/wefwefwef/docs/other/2a0fab9514c7e2f85441a37c1f62c324/repo/develop/.xml/specs_erlam_chan_serve.xml"
Generating HTML - erlam_interp "/home/pete/wefwefwef/docs/other/2a0fab9514c7e2f85441a37c1f62c324/repo/develop/.xml/erlam/erlam_interp.xml"
Reading XML for "/home/pete/wefwefwef/docs/other/2a0fab9514c7e2f85441a37c1f62c324/repo/develop/.xml/erlam/erlam_interp.xml"
Reading XML for "/home/pete/wefwefwef/docs/other/2a0fab9514c7e2f85441a37c1f62c324/repo/develop/.xml/specs_erlam_interp.xml"
Generating HTML - erlam_lang "/home/pete/wefwefwef/docs/other/2a0fab9514c7e2f85441a37c1f62c324/repo/develop/.xml/erlam/erlam_lang.xml"
Reading XML for "/home/pete/wefwefwef/docs/other/2a0fab9514c7e2f85441a37c1f62c324/repo/develop/.xml/erlam/erlam_lang.xml"
Reading XML for "/home/pete/wefwefwef/docs/other/2a0fab9514c7e2f85441a37c1f62c324/repo/develop/.xml/specs_erlam_lang.xml"
Creating index.html ...
Creating erldocs_index.js ...
Woot, finished in 0 Minutes 2 Seconds
 :: Discovering other repos
$ 5000  `rm -r '/home/pete/wefwefwef/docs/other/2a0fab9514c7e2f85441a37c1f62c324/erlam-branch-develop'  2>&1`
 :: Finishing up
$ 5000  `rm -r '/home/pete/wefwefwef/docs/other/2a0fab9514c7e2f85441a37c1f62c324/erlam'  2>&1`
