 :: Extracting meta information
$ cd '.'
$ infinity  `git ls-remote --heads --tags https://github.com/chef/chef-mover`
>>> [repo] 40 branches, 62 tags
 :: Writing meta to "/home/pete/wefwefwef/docs/other/72d9ddd3178253cb4655a7f92ed13a82772b3d6e/meta.txt"
 :: Skipping tag "1.0.10"
 :: Skipping tag "1.0.11"
 :: Skipping tag "1.0.12"
 :: Skipping tag "1.0.13"
 :: Skipping tag "1.0.14"
 :: Skipping tag "1.0.15"
 :: Skipping tag "1.0.16"
 :: Skipping tag "1.0.17"
 :: Skipping tag "1.0.18"
 :: Skipping tag "1.0.19"
 :: Skipping tag "1.0.20"
 :: Skipping tag "1.0.21"
 :: Skipping tag "1.0.22"
 :: Skipping tag "1.0.23"
 :: Skipping tag "1.0.24"
 :: Skipping tag "1.0.25"
 :: Skipping tag "1.0.26"
 :: Skipping tag "1.0.6"
 :: Skipping tag "1.0.7"
 :: Skipping tag "1.0.9"
 :: Skipping tag "1.1.0"
 :: Skipping tag "1.1.1"
 :: Skipping tag "1.1.2"
 :: Skipping tag "1.1.3.1"
 :: Skipping tag "2.0.0"
 :: Skipping tag "2.1.0"
 :: Skipping tag "2.1.2"
 :: Skipping tag "2.1.3"
 :: Skipping tag "2.1.4"
 :: Skipping tag "2.1.5"
 :: Skipping tag "2.1.6"
 :: Skipping tag "2.1.7"
 :: Skipping tag "2.2.0"
 :: Skipping tag "2.2.1"
 :: Skipping tag "2.2.10"
 :: Skipping tag "2.2.11"
 :: Skipping tag "2.2.12"
 :: Skipping tag "2.2.13"
 :: Skipping tag "2.2.14"
 :: Skipping tag "2.2.15"
 :: Skipping tag "2.2.16"
 :: Skipping tag "2.2.17"
 :: Skipping tag "2.2.19"
 :: Skipping tag "2.2.20"
 :: Skipping tag "2.2.3"
 :: Skipping tag "2.2.4"
 :: Skipping tag "2.2.5"
 :: Skipping tag "2.2.6"
 :: Skipping tag "2.2.7"
 :: Skipping tag "2.2.8"
 :: Skipping tag "2.2.9"
 :: Skipping tag "2.3.0"
 :: Skipping tag "dev-1.0.0"
 :: Skipping tag "dev-1.0.1"
 :: Skipping tag "dev-1.0.2"
 :: Skipping tag "dev-1.0.3"
 :: Skipping tag "1.1.3"
 :: Skipping tag "1.1.4"
 :: Skipping tag "2.1.1"
 :: Skipping tag "dev-1.0.4"
 :: Skipping tag "dev-1.0.5"
 :: Skipping branch "11-stable"
 :: Skipping branch "hh/OC-10841/bcrypt-upgrade"
 :: Skipping branch "hh/OC-10841/bcrypt-upgrade-r1"
 :: Skipping branch "hh/OC-7606/unmigrated-orgs-xdl"
 :: Skipping branch "ma/dets"
 :: Skipping branch "ma/fix_lager"
 :: Skipping branch "ma/moser-soft-validation"
 :: Skipping branch "master"
 :: Skipping branch "mp/OC-10105"
 :: Skipping branch "mp/OC-8602"
 :: Skipping branch "mp/OC-9934"
 :: Skipping branch "mp/add-scripts-to-deploy"
 :: Skipping branch "mp/capture-authz-failures"
 :: Skipping branch "mp/remove-node-migration-components"
 :: Skipping branch "mp/remove-org-data-delete-from-reset"
 :: Skipping branch "mp/update-jenkins-script"
 :: Skipping branch "of/OC-7755"
 :: Skipping branch "of/nif_fast_xs"
 :: Skipping branch "of/reindex_fixes"
 :: Skipping branch "of/test_2.2.7"
 :: Skipping branch "redis_pool"
 :: Skipping branch "sd/CS-77"
 :: Skipping branch "sd/ext3_to_ext4"
 :: Skipping branch "sd/migration-validation"
 :: Skipping branch "sd/migrator-dry-run"
 :: Skipping branch "sd/migrator-dry-run-2"
 :: Skipping branch "sd/sleep-after-503"
 :: Skipping branch "sf/dets"
 :: Skipping branch "sf/expander"
 :: Skipping branch "sf/moser"
 :: Skipping branch "sf/new-vagrant"
 :: Skipping branch "ssd/CS-77-quick"
 :: Skipping branch "ssd/moved-to-merged"
 :: Skipping branch "tc/global-containers-migration-build"
 :: Skipping branch "tc/global-orgs-migration-testing"
 :: Skipping branch "tc/orgs-migration-pre-prod-testing"
 :: Skipping branch "tc/pre-prod-test"
 :: Skipping branch "tc/refactor-org-reset"
 :: Skipping branch "tc/testing"
 :: Skipping branch "tc/upstream-groups-migration"
 :: Processing https://github.com/chef/chef-mover	{rev,tag,"2.2.2","2316f45945eec79117e151ada76666c8566fa334",undefined,[],[]}
 :: Fetching repo code
$ cd '/home/pete/wefwefwef/docs/other/72d9ddd3178253cb4655a7f92ed13a82772b3d6e/chef-mover-tag-2.2.2'
$ infinity  `curl --fail --silent --show-error --location --output repo.tar.gz https://codeload.github.com/chef/chef-mover/tar.gz/2.2.2`
 :: Error running eo_core:
	[{eo_scm,fetch,2,[{file,"src/eo_scm.erl"},{line,81}]},
         {eo_core,do,7,[{file,"src/eo_core.erl"},{line,107}]},
         {eo_core,'-main_/1-lc$^0/1-0-',8,
             [{file,"src/eo_core.erl"},{line,85}]},
         {eo_core,main_,1,[{file,"src/eo_core.erl"},{line,85}]},
         {eo_core,main,1,[{file,"src/eo_core.erl"},{line,56}]},
         {eo_core,gen,1,[{file,"src/eo_core.erl"},{line,36}]},
         {gen_escript__escript__1446__722273__168068,seq_gen,4,
             [{file,"./gen.escript"},{line,53}]},
         {escript,run,2,[{file,"escript.erl"},{line,752}]}]
{error,{case_clause,["/home/pete/wefwefwef/docs/other/72d9ddd3178253cb4655a7f92ed13a82772b3d6e/chef-mover-tag-2.2.2/chef-mover",
                     "/home/pete/wefwefwef/docs/other/72d9ddd3178253cb4655a7f92ed13a82772b3d6e/chef-mover-tag-2.2.2/chef-mover-2.2.2"]}}
 :: Finishing up
$ cd '.'
$ 5000  `rm -r /home/pete/wefwefwef/docs/other/72d9ddd3178253cb4655a7f92ed13a82772b3d6e/chef-mover`
