 :: Extracting meta information
$ 5000  `git ls-remote --heads --tags 'https://github.com/tonyrog/spi'  2>&1`
>>> [repo] 1 branches, 0 tags
 :: Writing meta to "/home/pete/wefwefwef/docs/other/4798133622/meta.txt"
 :: Processing https://github.com/tonyrog/spi	{rev,branch,"master","787653a8cc71e886a3fa27e8a0875229662fc678"}
 :: Fetching repo code
$ cd "/home/pete/wefwefwef/docs/other/4798133622/spi-branch-master/spi"
$ infinity  `curl --fail --silent --show-error --location --output 'master.zip' 'https://github.com/tonyrog/spi/archive/master.zip'  2>&1`
$ cd "/home/pete/wefwefwef/docs/erldocs_other.git"
$ cd "/home/pete/wefwefwef/docs/other/4798133622/spi-branch-master/spi"
$ 5000  `find -P . -type l -delete  2>&1`
$ cd "/home/pete/wefwefwef/docs/erldocs_other.git"
$ cd "/home/pete/wefwefwef/docs/other/4798133622/spi-branch-master/spi"
$ 5000  `find 'spi-master' -mindepth 1 -maxdepth 1 -exec mv -t . -- {} +  2>&1`
$ cd "/home/pete/wefwefwef/docs/erldocs_other.git"
 :: Getting dependencies
$ cd "/home/pete/wefwefwef/docs/other/4798133622/spi-branch-master/spi"
$ 5000  `ls -1 deps/  2>&1`
$ cd "/home/pete/wefwefwef/docs/erldocs_other.git"
>>> [rebar] deps = []
 :: Generating erldocs into /home/pete/wefwefwef/docs/other/4798133622/repo/master
Building spi
Generating Type Specs - "/home/pete/wefwefwef/docs/other/4798133622/spi-branch-master/spi/src/spi.erl"
Generating Type Specs - "/home/pete/wefwefwef/docs/other/4798133622/spi-branch-master/spi/src/spi_adcdac.erl"
Generating Type Specs - "/home/pete/wefwefwef/docs/other/4798133622/spi-branch-master/spi/src/spi_app.erl"
Generating Type Specs - "/home/pete/wefwefwef/docs/other/4798133622/spi-branch-master/spi/src/spi_sup.erl"
Generating Type Specs - "/home/pete/wefwefwef/docs/other/4798133622/spi-branch-master/spi/src/ssd1289.erl"
Generating XML for application spi "/home/pete/wefwefwef/docs/other/4798133622/spi-branch-master/spi" -> "/home/pete/wefwefwef/docs/other/4798133622/repo/master/.xml/spi"
Generated spi XMLs: ["/home/pete/wefwefwef/docs/other/4798133622/repo/master/.xml/spi/spi_sup.xml",
                     "/home/pete/wefwefwef/docs/other/4798133622/repo/master/.xml/spi/spi.xml",
                     "/home/pete/wefwefwef/docs/other/4798133622/repo/master/.xml/spi/spi_app.xml",
                     "/home/pete/wefwefwef/docs/other/4798133622/repo/master/.xml/spi/ssd1289.xml",
                     "/home/pete/wefwefwef/docs/other/4798133622/repo/master/.xml/spi/spi_adcdac.xml"]
Generating HTML - spi_sup "/home/pete/wefwefwef/docs/other/4798133622/repo/master/.xml/spi/spi_sup.xml"
Generating HTML - spi "/home/pete/wefwefwef/docs/other/4798133622/repo/master/.xml/spi/spi.xml"
Generating HTML - spi_app "/home/pete/wefwefwef/docs/other/4798133622/repo/master/.xml/spi/spi_app.xml"
Generating HTML - spi_adcdac "/home/pete/wefwefwef/docs/other/4798133622/repo/master/.xml/spi/spi_adcdac.xml"
Reading XML for "/home/pete/wefwefwef/docs/other/4798133622/repo/master/.xml/spi/spi_sup.xml"
Reading XML for "/home/pete/wefwefwef/docs/other/4798133622/repo/master/.xml/spi/spi.xml"
Reading XML for "/home/pete/wefwefwef/docs/other/4798133622/repo/master/.xml/spi/spi_app.xml"
Reading XML for "/home/pete/wefwefwef/docs/other/4798133622/repo/master/.xml/spi/spi_adcdac.xml"
Reading XML for "/home/pete/wefwefwef/docs/other/4798133622/repo/master/.xml/specs_spi_sup.xml"
Reading XML for "/home/pete/wefwefwef/docs/other/4798133622/repo/master/.xml/specs_spi.xml"
Reading XML for "/home/pete/wefwefwef/docs/other/4798133622/repo/master/.xml/specs_spi_app.xml"
Reading XML for "/home/pete/wefwefwef/docs/other/4798133622/repo/master/.xml/specs_spi_adcdac.xml"
Generating HTML - ssd1289 "/home/pete/wefwefwef/docs/other/4798133622/repo/master/.xml/spi/ssd1289.xml"
Reading XML for "/home/pete/wefwefwef/docs/other/4798133622/repo/master/.xml/spi/ssd1289.xml"
Reading XML for "/home/pete/wefwefwef/docs/other/4798133622/repo/master/.xml/specs_ssd1289.xml"
Creating index.html ...
Creating erldocs_index.js ...
Woot, finished in 0 Minutes 0 Seconds
 :: Discovering other repos
$ 5000  `rm -r '/home/pete/wefwefwef/docs/other/4798133622/spi-branch-master'  2>&1`
 :: Erldocs finishing up
$ 5000  `rm -r '/home/pete/wefwefwef/docs/other/4798133622/spi'  2>&1`
