 :: Extracting meta information
$ infinity  `git ls-remote --heads --tags 'https://github.com/shun159/of_config'  2>&1`
>>> [repo] 1 branches, 0 tags
 :: Writing meta to "/home/pete/wefwefwef/docs/other/1a593fdf4e610ee94b72568bc8c88d1982752d70/meta.txt"
 :: Processing https://github.com/shun159/of_config	{rev,branch,"master","09c38882b24547818e965cb0bb5df03c838f0783",undefined,[],[]}
 :: Fetching repo code
$ cd '/home/pete/wefwefwef/docs/other/1a593fdf4e610ee94b72568bc8c88d1982752d70/of_config-branch-master'
$ infinity  `curl --fail --silent --show-error --location --output repo.tar.gz 'https://codeload.github.com/shun159/of_config/tar.gz/master'  2>&1`
$ cd '/home/pete/wefwefwef/docs/erldocs_other.git'
$ cd '/home/pete/wefwefwef/docs/other/1a593fdf4e610ee94b72568bc8c88d1982752d70/of_config-branch-master/of_config-master'
$ 5000  `find -P . -type l -delete  2>&1`
$ cd '/home/pete/wefwefwef/docs/erldocs_other.git'
$ 5000  `mv '/home/pete/wefwefwef/docs/other/1a593fdf4e610ee94b72568bc8c88d1982752d70/of_config-branch-master/of_config-master' '/home/pete/wefwefwef/docs/other/1a593fdf4e610ee94b72568bc8c88d1982752d70/of_config-branch-master/of_config'  2>&1`
 :: Getting dependencies
$ cd '/home/pete/wefwefwef/docs/other/1a593fdf4e610ee94b72568bc8c88d1982752d70/of_config-branch-master/of_config'
$ 5000  `ls -1 deps/  2>&1`
$ cd '/home/pete/wefwefwef/docs/erldocs_other.git'
>>> [rebar] deps = []
 :: Generating erldocs into /home/pete/wefwefwef/docs/other/1a593fdf4e610ee94b72568bc8c88d1982752d70/repo/master
Building of_config
Generating Type Specs - "/home/pete/wefwefwef/docs/other/1a593fdf4e610ee94b72568bc8c88d1982752d70/of_config-branch-master/of_config/src/of_config.erl"
Generating Type Specs - "/home/pete/wefwefwef/docs/other/1a593fdf4e610ee94b72568bc8c88d1982752d70/of_config-branch-master/of_config/src/of_config_decoder.erl"
Generating Type Specs - "/home/pete/wefwefwef/docs/other/1a593fdf4e610ee94b72568bc8c88d1982752d70/of_config-branch-master/of_config/src/of_config_encoder.erl"
Generating XML for application of_config "/home/pete/wefwefwef/docs/other/1a593fdf4e610ee94b72568bc8c88d1982752d70/of_config-branch-master/of_config" -> "/home/pete/wefwefwef/docs/other/1a593fdf4e610ee94b72568bc8c88d1982752d70/repo/master/.xml/of_config"
Generated of_config XMLs: ["/home/pete/wefwefwef/docs/other/1a593fdf4e610ee94b72568bc8c88d1982752d70/repo/master/.xml/of_config/of_config_encoder.xml",
                           "/home/pete/wefwefwef/docs/other/1a593fdf4e610ee94b72568bc8c88d1982752d70/repo/master/.xml/of_config/of_config_decoder.xml",
                           "/home/pete/wefwefwef/docs/other/1a593fdf4e610ee94b72568bc8c88d1982752d70/repo/master/.xml/of_config/of_config.xml"]
Generating HTML - of_config "/home/pete/wefwefwef/docs/other/1a593fdf4e610ee94b72568bc8c88d1982752d70/repo/master/.xml/of_config/of_config.xml"
Reading XML for "/home/pete/wefwefwef/docs/other/1a593fdf4e610ee94b72568bc8c88d1982752d70/repo/master/.xml/of_config/of_config.xml"
Reading XML for "/home/pete/wefwefwef/docs/other/1a593fdf4e610ee94b72568bc8c88d1982752d70/repo/master/.xml/specs_of_config.xml"
Generating HTML - of_config_decoder "/home/pete/wefwefwef/docs/other/1a593fdf4e610ee94b72568bc8c88d1982752d70/repo/master/.xml/of_config/of_config_decoder.xml"
Reading XML for "/home/pete/wefwefwef/docs/other/1a593fdf4e610ee94b72568bc8c88d1982752d70/repo/master/.xml/of_config/of_config_decoder.xml"
Reading XML for "/home/pete/wefwefwef/docs/other/1a593fdf4e610ee94b72568bc8c88d1982752d70/repo/master/.xml/specs_of_config_decoder.xml"
Generating HTML - of_config_encoder "/home/pete/wefwefwef/docs/other/1a593fdf4e610ee94b72568bc8c88d1982752d70/repo/master/.xml/of_config/of_config_encoder.xml"
Reading XML for "/home/pete/wefwefwef/docs/other/1a593fdf4e610ee94b72568bc8c88d1982752d70/repo/master/.xml/of_config/of_config_encoder.xml"
Reading XML for "/home/pete/wefwefwef/docs/other/1a593fdf4e610ee94b72568bc8c88d1982752d70/repo/master/.xml/specs_of_config_encoder.xml"
Creating index.html ...
Creating erldocs_index.js ...
Woot, finished in 0 Minutes 2 Seconds
 :: Discovering other repos
$ 5000  `rm -r '/home/pete/wefwefwef/docs/other/1a593fdf4e610ee94b72568bc8c88d1982752d70/of_config-branch-master'  2>&1`
 :: Finishing up
$ 5000  `rm -r '/home/pete/wefwefwef/docs/other/1a593fdf4e610ee94b72568bc8c88d1982752d70/of_config'  2>&1`
