 :: Extracting meta information
$ 5000  `git ls-remote --heads --tags 'https://github.com/fredrikt/erlang-yubico'  2>&1`
>>> [repo] 1 branches, 0 tags
 :: Writing meta to "/home/pete/wefwefwef/docs/other/6732366885/meta.txt"
 :: Processing https://github.com/fredrikt/erlang-yubico	{rev,branch,"master","8fb10ddac6e401d170a93bba93b74b49af85b4a3",undefined,[],[]}
 :: Fetching repo code
$ cd "/home/pete/wefwefwef/docs/other/6732366885/erlang-yubico-branch-master/erlang-yubico"
$ infinity  `curl --fail --silent --show-error --location --output 'master.zip' 'https://github.com/fredrikt/erlang-yubico/archive/master.zip'  2>&1`
$ cd "/home/pete/wefwefwef/docs/erldocs_other.git"
$ cd "/home/pete/wefwefwef/docs/other/6732366885/erlang-yubico-branch-master/erlang-yubico"
$ 5000  `find -P . -type l -delete  2>&1`
$ cd "/home/pete/wefwefwef/docs/erldocs_other.git"
$ cd "/home/pete/wefwefwef/docs/other/6732366885/erlang-yubico-branch-master/erlang-yubico"
$ 5000  `find 'erlang-yubico-master' -mindepth 1 -maxdepth 1 -exec mv -t . -- {} +  2>&1`
$ cd "/home/pete/wefwefwef/docs/erldocs_other.git"
 :: Getting dependencies
$ cd "/home/pete/wefwefwef/docs/other/6732366885/erlang-yubico-branch-master/erlang-yubico"
$ 5000  `ls -1 deps/  2>&1`
$ cd "/home/pete/wefwefwef/docs/erldocs_other.git"
>>> [rebar] deps = []
 :: Generating erldocs into /home/pete/wefwefwef/docs/other/6732366885/repo/master
Building erlang-yubico
Generating Type Specs - "/home/pete/wefwefwef/docs/other/6732366885/erlang-yubico-branch-master/erlang-yubico/src/yubico.erl"
EDoc could not process file '/home/pete/wefwefwef/docs/other/6732366885/erlang-yubico-branch-master/erlang-yubico/src/yubico.erl'
Error generating type specs for "/home/pete/wefwefwef/docs/other/6732366885/erlang-yubico-branch-master/erlang-yubico/src/yubico.erl"
Generating Type Specs - "/home/pete/wefwefwef/docs/other/6732366885/erlang-yubico-branch-master/erlang-yubico/src/yubico_http_client.erl"
EDoc could not process file '/home/pete/wefwefwef/docs/other/6732366885/erlang-yubico-branch-master/erlang-yubico/src/yubico_http_client.erl'
Error generating type specs for "/home/pete/wefwefwef/docs/other/6732366885/erlang-yubico-branch-master/erlang-yubico/src/yubico_http_client.erl"
Generating Type Specs - "/home/pete/wefwefwef/docs/other/6732366885/erlang-yubico-branch-master/erlang-yubico/src/yubico_log.erl"
EDoc could not process file '/home/pete/wefwefwef/docs/other/6732366885/erlang-yubico-branch-master/erlang-yubico/src/yubico_log.erl'
Error generating type specs for "/home/pete/wefwefwef/docs/other/6732366885/erlang-yubico-branch-master/erlang-yubico/src/yubico_log.erl"
Generating Type Specs - "/home/pete/wefwefwef/docs/other/6732366885/erlang-yubico-branch-master/erlang-yubico/src/yubico_response.erl"
EDoc could not process file '/home/pete/wefwefwef/docs/other/6732366885/erlang-yubico-branch-master/erlang-yubico/src/yubico_response.erl'
Error generating type specs for "/home/pete/wefwefwef/docs/other/6732366885/erlang-yubico-branch-master/erlang-yubico/src/yubico_response.erl"
Generating Type Specs - "/home/pete/wefwefwef/docs/other/6732366885/erlang-yubico-branch-master/erlang-yubico/src/yubico_util.erl"
EDoc could not process file '/home/pete/wefwefwef/docs/other/6732366885/erlang-yubico-branch-master/erlang-yubico/src/yubico_util.erl'
Error generating type specs for "/home/pete/wefwefwef/docs/other/6732366885/erlang-yubico-branch-master/erlang-yubico/src/yubico_util.erl"
Generating Type Specs - "/home/pete/wefwefwef/docs/other/6732366885/erlang-yubico-branch-master/erlang-yubico/src/yubico_verify.erl"
EDoc could not process file '/home/pete/wefwefwef/docs/other/6732366885/erlang-yubico-branch-master/erlang-yubico/src/yubico_verify.erl'
Error generating type specs for "/home/pete/wefwefwef/docs/other/6732366885/erlang-yubico-branch-master/erlang-yubico/src/yubico_verify.erl"
Generating XML for application erlang-yubico "/home/pete/wefwefwef/docs/other/6732366885/erlang-yubico-branch-master/erlang-yubico" -> "/home/pete/wefwefwef/docs/other/6732366885/repo/master/.xml/erlang-yubico"
/home/pete/wefwefwef/docs/other/6732366885/erlang-yubico-branch-master/erlang-yubico/src/yubico_http_client.erl, in module header: at line 4: error in XML parser: {system_limit,[{ets,new,[rules,[set|...]],[]},
                                    {xmerl_scan,initial_state,2,[{...}|...]},
                                    {xmerl_scan,int_string,4,[...]},
                                    {xmerl_scan,string,2,...},
                                    {edoc_wiki,parse_xml_1,...},
                                    {edoc_wiki,...},
                                    {...}|...]}.
edoc: skipping source file '/home/pete/wefwefwef/docs/other/6732366885/erlang-yubico-branch-master/erlang-yubico/src/yubico_http_client.erl': {'EXIT',
                                                                                                                                         error}.
/home/pete/wefwefwef/docs/other/6732366885/erlang-yubico-branch-master/erlang-yubico/src/yubico_log.erl, in module header: at line 4: error in XML parser: {system_limit,[{ets,new,[rules,[set|...]],[]},
                                    {xmerl_scan,initial_state,2,[{...}|...]},
                                    {xmerl_scan,int_string,4,[...]},
                                    {xmerl_scan,string,2,...},
                                    {edoc_wiki,parse_xml_1,...},
                                    {edoc_wiki,...},
                                    {...}|...]}.
edoc: skipping source file '/home/pete/wefwefwef/docs/other/6732366885/erlang-yubico-branch-master/erlang-yubico/src/yubico_log.erl': {'EXIT',
                                                                                                                                 error}.
/home/pete/wefwefwef/docs/other/6732366885/erlang-yubico-branch-master/erlang-yubico/src/yubico_response.erl, in module header: at line 4: error in XML parser: {system_limit,[{ets,new,[rules,[set|...]],[]},
                                    {xmerl_scan,initial_state,2,[{...}|...]},
                                    {xmerl_scan,int_string,4,[...]},
                                    {xmerl_scan,string,2,...},
                                    {edoc_wiki,parse_xml_1,...},
                                    {edoc_wiki,...},
                                    {...}|...]}.
edoc: skipping source file '/home/pete/wefwefwef/docs/other/6732366885/erlang-yubico-branch-master/erlang-yubico/src/yubico_response.erl': {'EXIT',
                                                                                                                                      error}.
/home/pete/wefwefwef/docs/other/6732366885/erlang-yubico-branch-master/erlang-yubico/src/yubico.erl, in module header: at line 4: error in XML parser: {system_limit,[{ets,new,[rules,[set|...]],[]},
                                    {xmerl_scan,initial_state,2,[{...}|...]},
                                    {xmerl_scan,int_string,4,[...]},
                                    {xmerl_scan,string,2,...},
                                    {edoc_wiki,parse_xml_1,...},
                                    {edoc_wiki,...},
                                    {...}|...]}.
edoc: skipping source file '/home/pete/wefwefwef/docs/other/6732366885/erlang-yubico-branch-master/erlang-yubico/src/yubico.erl': {'EXIT',
                                                                                                                             error}.
/home/pete/wefwefwef/docs/other/6732366885/erlang-yubico-branch-master/erlang-yubico/src/yubico_verify.erl, in module header: at line 4: error in XML parser: {system_limit,[{ets,new,[rules,[set|...]],[]},
                                    {xmerl_scan,initial_state,2,[{...}|...]},
                                    {xmerl_scan,int_string,4,[...]},
                                    {xmerl_scan,string,2,...},
                                    {edoc_wiki,parse_xml_1,...},
                                    {edoc_wiki,...},
                                    {...}|...]}.
edoc: skipping source file '/home/pete/wefwefwef/docs/other/6732366885/erlang-yubico-branch-master/erlang-yubico/src/yubico_verify.erl': {'EXIT',
                                                                                                                                    error}.
/home/pete/wefwefwef/docs/other/6732366885/erlang-yubico-branch-master/erlang-yubico/src/yubico_util.erl, in module header: at line 4: error in XML parser: {system_limit,[{ets,new,[rules,[set|...]],[]},
                                    {xmerl_scan,initial_state,2,[{...}|...]},
                                    {xmerl_scan,int_string,4,[...]},
                                    {xmerl_scan,string,2,...},
                                    {edoc_wiki,parse_xml_1,...},
                                    {edoc_wiki,...},
                                    {...}|...]}.
edoc: skipping source file '/home/pete/wefwefwef/docs/other/6732366885/erlang-yubico-branch-master/erlang-yubico/src/yubico_util.erl': {'EXIT',
                                                                                                                                  error}.
edoc: error in doclet 'edoc_doclet': {'EXIT',error}.
Error generating erlang-yubico XMLs. Using fallback ...
Generating XML erlang-yubico - yubico "/home/pete/wefwefwef/docs/other/6732366885/erlang-yubico-branch-master/erlang-yubico/src/yubico.erl" -> "/home/pete/wefwefwef/docs/other/6732366885/repo/master/.xml/erlang-yubico/yubico.xml"
/home/pete/wefwefwef/docs/other/6732366885/erlang-yubico-branch-master/erlang-yubico/src/yubico.erl, in module header: at line 4: error in XML parser: {system_limit,[{ets,new,[rules,[set|...]],[]},
                                    {xmerl_scan,initial_state,2,[{...}|...]},
                                    {xmerl_scan,int_string,4,[...]},
                                    {xmerl_scan,string,2,...},
                                    {edoc_wiki,parse_xml_1,...},
                                    {edoc_wiki,...},
                                    {...}|...]}.
Error generating XML ("/home/pete/wefwefwef/docs/other/6732366885/erlang-yubico-branch-master/erlang-yubico/src/yubico.erl"): {'EXIT',
                                                                                                                               error}
Generating XML erlang-yubico - yubico_http_client "/home/pete/wefwefwef/docs/other/6732366885/erlang-yubico-branch-master/erlang-yubico/src/yubico_http_client.erl" -> "/home/pete/wefwefwef/docs/other/6732366885/repo/master/.xml/erlang-yubico/yubico_http_client.xml"
/home/pete/wefwefwef/docs/other/6732366885/erlang-yubico-branch-master/erlang-yubico/src/yubico_http_client.erl, in module header: at line 4: error in XML parser: {system_limit,[{ets,new,[rules,[set|...]],[]},
                                    {xmerl_scan,initial_state,2,[{...}|...]},
                                    {xmerl_scan,int_string,4,[...]},
                                    {xmerl_scan,string,2,...},
                                    {edoc_wiki,parse_xml_1,...},
                                    {edoc_wiki,...},
                                    {...}|...]}.
Error generating XML ("/home/pete/wefwefwef/docs/other/6732366885/erlang-yubico-branch-master/erlang-yubico/src/yubico_http_client.erl"): {'EXIT',
                                                                                                                                           error}
Generating XML erlang-yubico - yubico_log "/home/pete/wefwefwef/docs/other/6732366885/erlang-yubico-branch-master/erlang-yubico/src/yubico_log.erl" -> "/home/pete/wefwefwef/docs/other/6732366885/repo/master/.xml/erlang-yubico/yubico_log.xml"
/home/pete/wefwefwef/docs/other/6732366885/erlang-yubico-branch-master/erlang-yubico/src/yubico_log.erl, in module header: at line 4: error in XML parser: {system_limit,[{ets,new,[rules,[set|...]],[]},
                                    {xmerl_scan,initial_state,2,[{...}|...]},
                                    {xmerl_scan,int_string,4,[...]},
                                    {xmerl_scan,string,2,...},
                                    {edoc_wiki,parse_xml_1,...},
                                    {edoc_wiki,...},
                                    {...}|...]}.
Error generating XML ("/home/pete/wefwefwef/docs/other/6732366885/erlang-yubico-branch-master/erlang-yubico/src/yubico_log.erl"): {'EXIT',
                                                                                                                                   error}
Generating XML erlang-yubico - yubico_response "/home/pete/wefwefwef/docs/other/6732366885/erlang-yubico-branch-master/erlang-yubico/src/yubico_response.erl" -> "/home/pete/wefwefwef/docs/other/6732366885/repo/master/.xml/erlang-yubico/yubico_response.xml"
/home/pete/wefwefwef/docs/other/6732366885/erlang-yubico-branch-master/erlang-yubico/src/yubico_response.erl, in module header: at line 4: error in XML parser: {system_limit,[{ets,new,[rules,[set|...]],[]},
                                    {xmerl_scan,initial_state,2,[{...}|...]},
                                    {xmerl_scan,int_string,4,[...]},
                                    {xmerl_scan,string,2,...},
                                    {edoc_wiki,parse_xml_1,...},
                                    {edoc_wiki,...},
                                    {...}|...]}.
Error generating XML ("/home/pete/wefwefwef/docs/other/6732366885/erlang-yubico-branch-master/erlang-yubico/src/yubico_response.erl"): {'EXIT',
                                                                                                                                        error}
Generating XML erlang-yubico - yubico_util "/home/pete/wefwefwef/docs/other/6732366885/erlang-yubico-branch-master/erlang-yubico/src/yubico_util.erl" -> "/home/pete/wefwefwef/docs/other/6732366885/repo/master/.xml/erlang-yubico/yubico_util.xml"
/home/pete/wefwefwef/docs/other/6732366885/erlang-yubico-branch-master/erlang-yubico/src/yubico_util.erl, in module header: at line 4: error in XML parser: {system_limit,[{ets,new,[rules,[set|...]],[]},
                                    {xmerl_scan,initial_state,2,[{...}|...]},
                                    {xmerl_scan,int_string,4,[...]},
                                    {xmerl_scan,string,2,...},
                                    {edoc_wiki,parse_xml_1,...},
                                    {edoc_wiki,...},
                                    {...}|...]}.
Error generating XML ("/home/pete/wefwefwef/docs/other/6732366885/erlang-yubico-branch-master/erlang-yubico/src/yubico_util.erl"): {'EXIT',
                                                                                                                                    error}
Generating XML erlang-yubico - yubico_verify "/home/pete/wefwefwef/docs/other/6732366885/erlang-yubico-branch-master/erlang-yubico/src/yubico_verify.erl" -> "/home/pete/wefwefwef/docs/other/6732366885/repo/master/.xml/erlang-yubico/yubico_verify.xml"
/home/pete/wefwefwef/docs/other/6732366885/erlang-yubico-branch-master/erlang-yubico/src/yubico_verify.erl, in module header: at line 4: error in XML parser: {system_limit,[{ets,new,[rules,[set|...]],[]},
                                    {xmerl_scan,initial_state,2,[{...}|...]},
                                    {xmerl_scan,int_string,4,[...]},
                                    {xmerl_scan,string,2,...},
                                    {edoc_wiki,parse_xml_1,...},
                                    {edoc_wiki,...},
                                    {...}|...]}.
Error generating XML ("/home/pete/wefwefwef/docs/other/6732366885/erlang-yubico-branch-master/erlang-yubico/src/yubico_verify.erl"): {'EXIT',
                                                                                                                                      error}
No documentation was generated!
Woot, finished in 0 Minutes 0 Seconds
 :: Discovering other repos
$ 5000  `rm -r '/home/pete/wefwefwef/docs/other/6732366885/erlang-yubico-branch-master'  2>&1`
 :: Finishing up
$ 5000  `rm -r '/home/pete/wefwefwef/docs/other/6732366885/erlang-yubico'  2>&1`
$ 5000  `rm -r '/home/pete/wefwefwef/docs/other/6732366885/repo/master'  2>&1`
