 :: Extracting meta information
$ 5000  `git ls-remote --heads --tags 'https://github.com/hypernumbers/literate-erlang'  2>&1`
>>> [repo] 1 branches, 0 tags
 :: Writing meta to "/home/pete/wefwefwef/docs/other/3220572019/meta.txt"
 :: Processing https://github.com/hypernumbers/literate-erlang	{rev,branch,"master","662f62bbf198b475fae8d2ffa433fb601c71e963",undefined,[],[]}
 :: Fetching repo code
$ cd "/home/pete/wefwefwef/docs/other/3220572019/literate-erlang-branch-master/literate-erlang"
$ infinity  `curl --fail --silent --show-error --location --output 'master.zip' 'https://github.com/hypernumbers/literate-erlang/archive/master.zip'  2>&1`
$ cd "/home/pete/wefwefwef/docs/erldocs_other.git"
$ cd "/home/pete/wefwefwef/docs/other/3220572019/literate-erlang-branch-master/literate-erlang"
$ 5000  `find -P . -type l -delete  2>&1`
$ cd "/home/pete/wefwefwef/docs/erldocs_other.git"
$ cd "/home/pete/wefwefwef/docs/other/3220572019/literate-erlang-branch-master/literate-erlang"
$ 5000  `find 'literate-erlang-master' -mindepth 1 -maxdepth 1 -exec mv -t . -- {} +  2>&1`
$ cd "/home/pete/wefwefwef/docs/erldocs_other.git"
 :: Getting dependencies
$ cd "/home/pete/wefwefwef/docs/other/3220572019/literate-erlang-branch-master/literate-erlang"
$ 5000  `ls -1 deps/  2>&1`
$ cd "/home/pete/wefwefwef/docs/erldocs_other.git"
>>> [rebar] deps = []
 :: Generating erldocs into /home/pete/wefwefwef/docs/other/3220572019/repo/master
Building literate-erlang
Generating XML for application literate-erlang "/home/pete/wefwefwef/docs/other/3220572019/literate-erlang-branch-master/literate-erlang" -> "/home/pete/wefwefwef/docs/other/3220572019/repo/master/.xml/literate-erlang"
/home/pete/wefwefwef/docs/other/3220572019/literate-erlang-branch-master/literate-erlang/priv/rebar_plugins/markup.erl, in module header: at line 3: error in XML parser: {system_limit,[{ets,new,[rules,[set|...]],[]},
                                    {xmerl_scan,initial_state,2,[{...}|...]},
                                    {xmerl_scan,int_string,4,[...]},
                                    {xmerl_scan,string,2,...},
                                    {edoc_wiki,parse_xml_1,...},
                                    {edoc_wiki,...},
                                    {...}|...]}.
edoc: skipping source file '/home/pete/wefwefwef/docs/other/3220572019/literate-erlang-branch-master/literate-erlang/priv/rebar_plugins/markup.erl': {'EXIT',
                                                                                                                                                error}.
/home/pete/wefwefwef/docs/other/3220572019/literate-erlang-branch-master/literate-erlang/priv/rebar_plugins/compile_literate.erl, in module header: at line 3: error in XML parser: {system_limit,[{ets,new,[rules,[set|...]],[]},
                                    {xmerl_scan,initial_state,2,[{...}|...]},
                                    {xmerl_scan,int_string,4,[...]},
                                    {xmerl_scan,string,2,...},
                                    {edoc_wiki,parse_xml_1,...},
                                    {edoc_wiki,...},
                                    {...}|...]}.
edoc: skipping source file '/home/pete/wefwefwef/docs/other/3220572019/literate-erlang-branch-master/literate-erlang/priv/rebar_plugins/compile_literate.erl': {'EXIT',
                                                                                                                                                          error}.
edoc: error in doclet 'edoc_doclet': {'EXIT',error}.
Error generating literate-erlang XMLs. Using fallback ...
No documentation was generated!
Woot, finished in 0 Minutes 0 Seconds
 :: Discovering other repos
$ 5000  `rm -r '/home/pete/wefwefwef/docs/other/3220572019/literate-erlang-branch-master'  2>&1`
 :: Finishing up
$ 5000  `rm -r '/home/pete/wefwefwef/docs/other/3220572019/literate-erlang'  2>&1`
$ 5000  `rm -r '/home/pete/wefwefwef/docs/other/3220572019/repo/master'  2>&1`
