 :: Extracting meta information
$ 5000  `git ls-remote --heads --tags 'https://github.com/chinnurtb/rt_chat_server'  2>&1`
>>> [repo] 1 branches, 0 tags
 :: Writing meta to "/home/pete/wefwefwef/docs/other/7219778465/meta.txt"
 :: Processing https://github.com/chinnurtb/rt_chat_server	{rev,branch,"master","a370dd9bdf781386e9851aeeccae179e42d32440"}
 :: Fetching repo code
$ cd "/home/pete/wefwefwef/docs/other/7219778465/rt_chat_server-branch-master/rt_chat_server"
$ infinity  `curl --fail --silent --show-error --location --output 'master.zip' 'https://github.com/chinnurtb/rt_chat_server/archive/master.zip'  2>&1`
$ cd "/home/pete/wefwefwef/docs/erldocs_other.git"
$ cd "/home/pete/wefwefwef/docs/other/7219778465/rt_chat_server-branch-master/rt_chat_server"
$ 5000  `find -P . -type l -delete  2>&1`
$ cd "/home/pete/wefwefwef/docs/erldocs_other.git"
$ cd "/home/pete/wefwefwef/docs/other/7219778465/rt_chat_server-branch-master/rt_chat_server"
$ 5000  `find 'rt_chat_server-master' -mindepth 1 -maxdepth 1 -exec mv -t . -- {} +  2>&1`
$ cd "/home/pete/wefwefwef/docs/erldocs_other.git"
 :: Getting dependencies
$ cd "/home/pete/wefwefwef/docs/other/7219778465/rt_chat_server-branch-master/rt_chat_server"
$ 5000  `ls -1 deps/  2>&1`
$ cd "/home/pete/wefwefwef/docs/erldocs_other.git"
>>> [rebar] deps = []
 :: Generating erldocs into /home/pete/wefwefwef/docs/other/7219778465/repo/master
Building rt_chat_server
Generating XML for application rt_chat_server "/home/pete/wefwefwef/docs/other/7219778465/rt_chat_server-branch-master/rt_chat_server" -> "/home/pete/wefwefwef/docs/other/7219778465/repo/master/.xml/rt_chat_server"
Generated rt_chat_server XMLs: ["/home/pete/wefwefwef/docs/other/7219778465/repo/master/.xml/rt_chat_server/rt_chat_server_incoming_mail_controller.xml",
                                "/home/pete/wefwefwef/docs/other/7219778465/repo/master/.xml/rt_chat_server/rt_chat_server_outgoing_mail_controller.xml",
                                "/home/pete/wefwefwef/docs/other/7219778465/repo/master/.xml/rt_chat_server/rt_chat_server_custom_tags.xml",
                                "/home/pete/wefwefwef/docs/other/7219778465/repo/master/.xml/rt_chat_server/rt_chat_server_custom_filters.xml",
                                "/home/pete/wefwefwef/docs/other/7219778465/repo/master/.xml/rt_chat_server/message.xml",
                                "/home/pete/wefwefwef/docs/other/7219778465/repo/master/.xml/rt_chat_server/rt_chat_server_message_controller.xml"]
Generating HTML - rt_chat_server_incoming_mail_controller "/home/pete/wefwefwef/docs/other/7219778465/repo/master/.xml/rt_chat_server/rt_chat_server_incoming_mail_controller.xml"
Generating HTML - rt_chat_server_outgoing_mail_controller "/home/pete/wefwefwef/docs/other/7219778465/repo/master/.xml/rt_chat_server/rt_chat_server_outgoing_mail_controller.xml"
Generating HTML - rt_chat_server_custom_tags "/home/pete/wefwefwef/docs/other/7219778465/repo/master/.xml/rt_chat_server/rt_chat_server_custom_tags.xml"
Generating HTML - rt_chat_server_message_controller "/home/pete/wefwefwef/docs/other/7219778465/repo/master/.xml/rt_chat_server/rt_chat_server_message_controller.xml"
Reading XML for "/home/pete/wefwefwef/docs/other/7219778465/repo/master/.xml/rt_chat_server/rt_chat_server_incoming_mail_controller.xml"
Reading XML for "/home/pete/wefwefwef/docs/other/7219778465/repo/master/.xml/rt_chat_server/rt_chat_server_outgoing_mail_controller.xml"
Reading XML for "/home/pete/wefwefwef/docs/other/7219778465/repo/master/.xml/rt_chat_server/rt_chat_server_custom_tags.xml"
Reading XML for "/home/pete/wefwefwef/docs/other/7219778465/repo/master/.xml/rt_chat_server/rt_chat_server_message_controller.xml"
Generating HTML - message "/home/pete/wefwefwef/docs/other/7219778465/repo/master/.xml/rt_chat_server/message.xml"
Reading XML for "/home/pete/wefwefwef/docs/other/7219778465/repo/master/.xml/rt_chat_server/message.xml"
Generating HTML - rt_chat_server_custom_filters "/home/pete/wefwefwef/docs/other/7219778465/repo/master/.xml/rt_chat_server/rt_chat_server_custom_filters.xml"
Reading XML for "/home/pete/wefwefwef/docs/other/7219778465/repo/master/.xml/rt_chat_server/rt_chat_server_custom_filters.xml"
Creating index.html ...
Creating erldocs_index.js ...
Woot, finished in 0 Minutes 0 Seconds
 :: Discovering other repos
$ 5000  `rm -r '/home/pete/wefwefwef/docs/other/7219778465/rt_chat_server-branch-master'  2>&1`
 :: Erldocs finishing up
$ 5000  `rm -r '/home/pete/wefwefwef/docs/other/7219778465/rt_chat_server'  2>&1`
