 :: Extracting meta information
$ 5000  `git ls-remote --heads --tags 'https://github.com/pearsoneducation/subpub'  2>&1`
>>> [repo] 1 branches, 0 tags
 :: Writing meta to "/home/pete/wefwefwef/docs/other/4951996257/meta.txt"
 :: Processing https://github.com/pearsoneducation/subpub	{rev,branch,"master","f2275c5da24d8860d206cff81d1ce87ecd956c72",undefined,[],[]}
 :: Fetching repo code
$ cd "/home/pete/wefwefwef/docs/other/4951996257/subpub-branch-master/subpub"
$ infinity  `curl --fail --silent --show-error --location --output 'master.zip' 'https://github.com/pearsoneducation/subpub/archive/master.zip'  2>&1`
$ cd "/home/pete/wefwefwef/docs/erldocs_other.git"
$ cd "/home/pete/wefwefwef/docs/other/4951996257/subpub-branch-master/subpub"
$ 5000  `find -P . -type l -delete  2>&1`
$ cd "/home/pete/wefwefwef/docs/erldocs_other.git"
$ cd "/home/pete/wefwefwef/docs/other/4951996257/subpub-branch-master/subpub"
$ 5000  `find 'subpub-master' -mindepth 1 -maxdepth 1 -exec mv -t . -- {} +  2>&1`
$ cd "/home/pete/wefwefwef/docs/erldocs_other.git"
 :: Getting dependencies
$ cd "/home/pete/wefwefwef/docs/other/4951996257/subpub-branch-master/subpub"
$ 5000  `ls -1 deps/  2>&1`
$ cd "/home/pete/wefwefwef/docs/erldocs_other.git"
>>> [rebar] deps = ["erlang","install_erlang.sh","install_rabbit.sh",
                    "upgrade_to_r3.sh","vm_install.sh"]
 :: Generating erldocs into /home/pete/wefwefwef/docs/other/4951996257/repo/master
Building subpub
Generating Type Specs - "/home/pete/wefwefwef/docs/other/4951996257/subpub-branch-master/subpub/src/amqp_balanced_publisher.erl"
Generating Type Specs - "/home/pete/wefwefwef/docs/other/4951996257/subpub-branch-master/subpub/src/amqp_consume_manager.erl"
Generating Type Specs - "/home/pete/wefwefwef/docs/other/4951996257/subpub-branch-master/subpub/src/amqp_managed_connection.erl"
/home/pete/wefwefwef/docs/other/4951996257/subpub-branch-master/subpub/src/amqp_managed_connection.erl: at line 66: can't find include lib "amqp_client/include/amqp_client.hrl"
EDoc could not process file '/home/pete/wefwefwef/docs/other/4951996257/subpub-branch-master/subpub/src/amqp_managed_connection.erl'
Error generating type specs for "/home/pete/wefwefwef/docs/other/4951996257/subpub-branch-master/subpub/src/amqp_managed_connection.erl"
Generating Type Specs - "/home/pete/wefwefwef/docs/other/4951996257/subpub-branch-master/subpub/src/amqp_manager.erl"
/home/pete/wefwefwef/docs/other/4951996257/subpub-branch-master/subpub/src/amqp_manager.erl: at line 34: can't find include lib "amqp_client/include/amqp_client.hrl"
EDoc could not process file '/home/pete/wefwefwef/docs/other/4951996257/subpub-branch-master/subpub/src/amqp_manager.erl'
Error generating type specs for "/home/pete/wefwefwef/docs/other/4951996257/subpub-branch-master/subpub/src/amqp_manager.erl"
Generating Type Specs - "/home/pete/wefwefwef/docs/other/4951996257/subpub-branch-master/subpub/src/event_manager.erl"
Generating Type Specs - "/home/pete/wefwefwef/docs/other/4951996257/subpub-branch-master/subpub/src/hex.erl"
Generating Type Specs - "/home/pete/wefwefwef/docs/other/4951996257/subpub-branch-master/subpub/src/mime.erl"
Generating Type Specs - "/home/pete/wefwefwef/docs/other/4951996257/subpub-branch-master/subpub/src/omac1.erl"
Generating Type Specs - "/home/pete/wefwefwef/docs/other/4951996257/subpub-branch-master/subpub/src/pe_admin.erl"
Generating Type Specs - "/home/pete/wefwefwef/docs/other/4951996257/subpub-branch-master/subpub/src/pe_admin_auth.erl"
Generating Type Specs - "/home/pete/wefwefwef/docs/other/4951996257/subpub-branch-master/subpub/src/pe_app.erl"
Generating Type Specs - "/home/pete/wefwefwef/docs/other/4951996257/subpub-branch-master/subpub/src/pe_audit.erl"
Generating Type Specs - "/home/pete/wefwefwef/docs/other/4951996257/subpub-branch-master/subpub/src/pe_auth.erl"
Generating Type Specs - "/home/pete/wefwefwef/docs/other/4951996257/subpub-branch-master/subpub/src/pe_collect.erl"
Generating Type Specs - "/home/pete/wefwefwef/docs/other/4951996257/subpub-branch-master/subpub/src/pe_config.erl"
Generating Type Specs - "/home/pete/wefwefwef/docs/other/4951996257/subpub-branch-master/subpub/src/pe_delivery.erl"
Generating Type Specs - "/home/pete/wefwefwef/docs/other/4951996257/subpub-branch-master/subpub/src/pe_delivery_pool.erl"
Generating Type Specs - "/home/pete/wefwefwef/docs/other/4951996257/subpub-branch-master/subpub/src/pe_export.erl"
Generating Type Specs - "/home/pete/wefwefwef/docs/other/4951996257/subpub-branch-master/subpub/src/pe_id_broker.erl"
Generating Type Specs - "/home/pete/wefwefwef/docs/other/4951996257/subpub-branch-master/subpub/src/pe_import.erl"
Generating Type Specs - "/home/pete/wefwefwef/docs/other/4951996257/subpub-branch-master/subpub/src/pe_json.erl"
Generating Type Specs - "/home/pete/wefwefwef/docs/other/4951996257/subpub-branch-master/subpub/src/pe_membership.erl"
Generating Type Specs - "/home/pete/wefwefwef/docs/other/4951996257/subpub-branch-master/subpub/src/pe_migrate.erl"
Generating Type Specs - "/home/pete/wefwefwef/docs/other/4951996257/subpub-branch-master/subpub/src/pe_migrate_functions.erl"
Generating Type Specs - "/home/pete/wefwefwef/docs/other/4951996257/subpub-branch-master/subpub/src/pe_mnesia.erl"
Generating Type Specs - "/home/pete/wefwefwef/docs/other/4951996257/subpub-branch-master/subpub/src/pe_msg_event_handler.erl"
Generating Type Specs - "/home/pete/wefwefwef/docs/other/4951996257/subpub-branch-master/subpub/src/pe_msg_intake.erl"
Generating Type Specs - "/home/pete/wefwefwef/docs/other/4951996257/subpub-branch-master/subpub/src/pe_principal.erl"
Generating Type Specs - "/home/pete/wefwefwef/docs/other/4951996257/subpub-branch-master/subpub/src/pe_principal_event_handler.erl"
Generating Type Specs - "/home/pete/wefwefwef/docs/other/4951996257/subpub-branch-master/subpub/src/pe_principal_intake.erl"
Generating Type Specs - "/home/pete/wefwefwef/docs/other/4951996257/subpub-branch-master/subpub/src/pe_principal_store.erl"
Generating Type Specs - "/home/pete/wefwefwef/docs/other/4951996257/subpub-branch-master/subpub/src/pe_realm.erl"
Generating Type Specs - "/home/pete/wefwefwef/docs/other/4951996257/subpub-branch-master/subpub/src/pe_remote.erl"
Generating Type Specs - "/home/pete/wefwefwef/docs/other/4951996257/subpub-branch-master/subpub/src/pe_rest.erl"
Generating Type Specs - "/home/pete/wefwefwef/docs/other/4951996257/subpub-branch-master/subpub/src/pe_startup.erl"
Generating Type Specs - "/home/pete/wefwefwef/docs/other/4951996257/subpub-branch-master/subpub/src/pe_stats_event_handler.erl"
Generating Type Specs - "/home/pete/wefwefwef/docs/other/4951996257/subpub-branch-master/subpub/src/pe_status.erl"
Generating Type Specs - "/home/pete/wefwefwef/docs/other/4951996257/subpub-branch-master/subpub/src/pe_sub.erl"
Generating Type Specs - "/home/pete/wefwefwef/docs/other/4951996257/subpub-branch-master/subpub/src/pe_sub_event_handler.erl"
Generating Type Specs - "/home/pete/wefwefwef/docs/other/4951996257/subpub-branch-master/subpub/src/pe_sub_intake.erl"
Generating Type Specs - "/home/pete/wefwefwef/docs/other/4951996257/subpub-branch-master/subpub/src/pe_sub_store.erl"
Generating Type Specs - "/home/pete/wefwefwef/docs/other/4951996257/subpub-branch-master/subpub/src/pe_sup.erl"
Generating Type Specs - "/home/pete/wefwefwef/docs/other/4951996257/subpub-branch-master/subpub/src/pe_tag_store.erl"
Generating Type Specs - "/home/pete/wefwefwef/docs/other/4951996257/subpub-branch-master/subpub/src/pe_tag_util.erl"
Generating Type Specs - "/home/pete/wefwefwef/docs/other/4951996257/subpub-branch-master/subpub/src/pe_test_manual.erl"
Generating Type Specs - "/home/pete/wefwefwef/docs/other/4951996257/subpub-branch-master/subpub/src/pe_test_rest.erl"
Generating Type Specs - "/home/pete/wefwefwef/docs/other/4951996257/subpub-branch-master/subpub/src/pe_test_sprint.erl"
Generating Type Specs - "/home/pete/wefwefwef/docs/other/4951996257/subpub-branch-master/subpub/src/pe_time.erl"
Generating Type Specs - "/home/pete/wefwefwef/docs/other/4951996257/subpub-branch-master/subpub/src/pe_trace.erl"
Generating Type Specs - "/home/pete/wefwefwef/docs/other/4951996257/subpub-branch-master/subpub/src/pe_util.erl"
Generating Type Specs - "/home/pete/wefwefwef/docs/other/4951996257/subpub-branch-master/subpub/src/sha2.erl"
Generating Type Specs - "/home/pete/wefwefwef/docs/other/4951996257/subpub-branch-master/subpub/src/statsd.erl"
Generating Type Specs - "/home/pete/wefwefwef/docs/other/4951996257/subpub-branch-master/subpub/src/sxml.erl"
Generating Type Specs - "/home/pete/wefwefwef/docs/other/4951996257/subpub-branch-master/subpub/src/uuid.erl"
Generating XML for application subpub "/home/pete/wefwefwef/docs/other/4951996257/subpub-branch-master/subpub" -> "/home/pete/wefwefwef/docs/other/4951996257/repo/master/.xml/subpub"
/home/pete/wefwefwef/docs/other/4951996257/subpub-branch-master/subpub/src/amqp_manager.erl: at line 34: can't find include lib "amqp_client/include/amqp_client.hrl"
edoc: skipping source file '/home/pete/wefwefwef/docs/other/4951996257/subpub-branch-master/subpub/src/amqp_manager.erl': {'EXIT',
                                                                                                                     error}.
/home/pete/wefwefwef/docs/other/4951996257/subpub-branch-master/subpub/src/amqp_managed_connection.erl: at line 66: can't find include lib "amqp_client/include/amqp_client.hrl"
edoc: skipping source file '/home/pete/wefwefwef/docs/other/4951996257/subpub-branch-master/subpub/src/amqp_managed_connection.erl': {'EXIT',
                                                                                                                                error}.
edoc: error in doclet 'edoc_doclet': {'EXIT',error}.
Error generating subpub XMLs. Using fallback ...
Generating XML subpub - amqp_balanced_publisher "/home/pete/wefwefwef/docs/other/4951996257/subpub-branch-master/subpub/src/amqp_balanced_publisher.erl" -> "/home/pete/wefwefwef/docs/other/4951996257/repo/master/.xml/subpub/amqp_balanced_publisher.xml"
Generating XML subpub - amqp_consume_manager "/home/pete/wefwefwef/docs/other/4951996257/subpub-branch-master/subpub/src/amqp_consume_manager.erl" -> "/home/pete/wefwefwef/docs/other/4951996257/repo/master/.xml/subpub/amqp_consume_manager.xml"
Generating XML subpub - amqp_managed_connection "/home/pete/wefwefwef/docs/other/4951996257/subpub-branch-master/subpub/src/amqp_managed_connection.erl" -> "/home/pete/wefwefwef/docs/other/4951996257/repo/master/.xml/subpub/amqp_managed_connection.xml"
/home/pete/wefwefwef/docs/other/4951996257/subpub-branch-master/subpub/src/amqp_managed_connection.erl: at line 66: can't find include lib "amqp_client/include/amqp_client.hrl"
Error generating XML ("/home/pete/wefwefwef/docs/other/4951996257/subpub-branch-master/subpub/src/amqp_managed_connection.erl"): {'EXIT',
                                                                                                                                  error}
Generating XML subpub - amqp_manager "/home/pete/wefwefwef/docs/other/4951996257/subpub-branch-master/subpub/src/amqp_manager.erl" -> "/home/pete/wefwefwef/docs/other/4951996257/repo/master/.xml/subpub/amqp_manager.xml"
/home/pete/wefwefwef/docs/other/4951996257/subpub-branch-master/subpub/src/amqp_manager.erl: at line 34: can't find include lib "amqp_client/include/amqp_client.hrl"
Error generating XML ("/home/pete/wefwefwef/docs/other/4951996257/subpub-branch-master/subpub/src/amqp_manager.erl"): {'EXIT',
                                                                                                                       error}
Generating XML subpub - event_manager "/home/pete/wefwefwef/docs/other/4951996257/subpub-branch-master/subpub/src/event_manager.erl" -> "/home/pete/wefwefwef/docs/other/4951996257/repo/master/.xml/subpub/event_manager.xml"
Generating XML subpub - hex "/home/pete/wefwefwef/docs/other/4951996257/subpub-branch-master/subpub/src/hex.erl" -> "/home/pete/wefwefwef/docs/other/4951996257/repo/master/.xml/subpub/hex.xml"
Generating XML subpub - mime "/home/pete/wefwefwef/docs/other/4951996257/subpub-branch-master/subpub/src/mime.erl" -> "/home/pete/wefwefwef/docs/other/4951996257/repo/master/.xml/subpub/mime.xml"
Generating XML subpub - omac1 "/home/pete/wefwefwef/docs/other/4951996257/subpub-branch-master/subpub/src/omac1.erl" -> "/home/pete/wefwefwef/docs/other/4951996257/repo/master/.xml/subpub/omac1.xml"
Generating XML subpub - pe_admin "/home/pete/wefwefwef/docs/other/4951996257/subpub-branch-master/subpub/src/pe_admin.erl" -> "/home/pete/wefwefwef/docs/other/4951996257/repo/master/.xml/subpub/pe_admin.xml"
Generating XML subpub - pe_admin_auth "/home/pete/wefwefwef/docs/other/4951996257/subpub-branch-master/subpub/src/pe_admin_auth.erl" -> "/home/pete/wefwefwef/docs/other/4951996257/repo/master/.xml/subpub/pe_admin_auth.xml"
Generating XML subpub - pe_app "/home/pete/wefwefwef/docs/other/4951996257/subpub-branch-master/subpub/src/pe_app.erl" -> "/home/pete/wefwefwef/docs/other/4951996257/repo/master/.xml/subpub/pe_app.xml"
Generating XML subpub - pe_audit "/home/pete/wefwefwef/docs/other/4951996257/subpub-branch-master/subpub/src/pe_audit.erl" -> "/home/pete/wefwefwef/docs/other/4951996257/repo/master/.xml/subpub/pe_audit.xml"
Generating XML subpub - pe_auth "/home/pete/wefwefwef/docs/other/4951996257/subpub-branch-master/subpub/src/pe_auth.erl" -> "/home/pete/wefwefwef/docs/other/4951996257/repo/master/.xml/subpub/pe_auth.xml"
Generating XML subpub - pe_collect "/home/pete/wefwefwef/docs/other/4951996257/subpub-branch-master/subpub/src/pe_collect.erl" -> "/home/pete/wefwefwef/docs/other/4951996257/repo/master/.xml/subpub/pe_collect.xml"
Generating XML subpub - pe_config "/home/pete/wefwefwef/docs/other/4951996257/subpub-branch-master/subpub/src/pe_config.erl" -> "/home/pete/wefwefwef/docs/other/4951996257/repo/master/.xml/subpub/pe_config.xml"
Generating XML subpub - pe_delivery "/home/pete/wefwefwef/docs/other/4951996257/subpub-branch-master/subpub/src/pe_delivery.erl" -> "/home/pete/wefwefwef/docs/other/4951996257/repo/master/.xml/subpub/pe_delivery.xml"
Generating XML subpub - pe_delivery_pool "/home/pete/wefwefwef/docs/other/4951996257/subpub-branch-master/subpub/src/pe_delivery_pool.erl" -> "/home/pete/wefwefwef/docs/other/4951996257/repo/master/.xml/subpub/pe_delivery_pool.xml"
Generating XML subpub - pe_export "/home/pete/wefwefwef/docs/other/4951996257/subpub-branch-master/subpub/src/pe_export.erl" -> "/home/pete/wefwefwef/docs/other/4951996257/repo/master/.xml/subpub/pe_export.xml"
Generating XML subpub - pe_id_broker "/home/pete/wefwefwef/docs/other/4951996257/subpub-branch-master/subpub/src/pe_id_broker.erl" -> "/home/pete/wefwefwef/docs/other/4951996257/repo/master/.xml/subpub/pe_id_broker.xml"
Generating XML subpub - pe_import "/home/pete/wefwefwef/docs/other/4951996257/subpub-branch-master/subpub/src/pe_import.erl" -> "/home/pete/wefwefwef/docs/other/4951996257/repo/master/.xml/subpub/pe_import.xml"
Generating XML subpub - pe_json "/home/pete/wefwefwef/docs/other/4951996257/subpub-branch-master/subpub/src/pe_json.erl" -> "/home/pete/wefwefwef/docs/other/4951996257/repo/master/.xml/subpub/pe_json.xml"
Generating XML subpub - pe_membership "/home/pete/wefwefwef/docs/other/4951996257/subpub-branch-master/subpub/src/pe_membership.erl" -> "/home/pete/wefwefwef/docs/other/4951996257/repo/master/.xml/subpub/pe_membership.xml"
Generating XML subpub - pe_migrate "/home/pete/wefwefwef/docs/other/4951996257/subpub-branch-master/subpub/src/pe_migrate.erl" -> "/home/pete/wefwefwef/docs/other/4951996257/repo/master/.xml/subpub/pe_migrate.xml"
Generating XML subpub - pe_migrate_functions "/home/pete/wefwefwef/docs/other/4951996257/subpub-branch-master/subpub/src/pe_migrate_functions.erl" -> "/home/pete/wefwefwef/docs/other/4951996257/repo/master/.xml/subpub/pe_migrate_functions.xml"
Generating XML subpub - pe_mnesia "/home/pete/wefwefwef/docs/other/4951996257/subpub-branch-master/subpub/src/pe_mnesia.erl" -> "/home/pete/wefwefwef/docs/other/4951996257/repo/master/.xml/subpub/pe_mnesia.xml"
Generating XML subpub - pe_msg_event_handler "/home/pete/wefwefwef/docs/other/4951996257/subpub-branch-master/subpub/src/pe_msg_event_handler.erl" -> "/home/pete/wefwefwef/docs/other/4951996257/repo/master/.xml/subpub/pe_msg_event_handler.xml"
Generating XML subpub - pe_msg_intake "/home/pete/wefwefwef/docs/other/4951996257/subpub-branch-master/subpub/src/pe_msg_intake.erl" -> "/home/pete/wefwefwef/docs/other/4951996257/repo/master/.xml/subpub/pe_msg_intake.xml"
Generating XML subpub - pe_principal "/home/pete/wefwefwef/docs/other/4951996257/subpub-branch-master/subpub/src/pe_principal.erl" -> "/home/pete/wefwefwef/docs/other/4951996257/repo/master/.xml/subpub/pe_principal.xml"
Generating XML subpub - pe_principal_event_handler "/home/pete/wefwefwef/docs/other/4951996257/subpub-branch-master/subpub/src/pe_principal_event_handler.erl" -> "/home/pete/wefwefwef/docs/other/4951996257/repo/master/.xml/subpub/pe_principal_event_handler.xml"
Generating XML subpub - pe_principal_intake "/home/pete/wefwefwef/docs/other/4951996257/subpub-branch-master/subpub/src/pe_principal_intake.erl" -> "/home/pete/wefwefwef/docs/other/4951996257/repo/master/.xml/subpub/pe_principal_intake.xml"
Generating XML subpub - pe_principal_store "/home/pete/wefwefwef/docs/other/4951996257/subpub-branch-master/subpub/src/pe_principal_store.erl" -> "/home/pete/wefwefwef/docs/other/4951996257/repo/master/.xml/subpub/pe_principal_store.xml"
Generating XML subpub - pe_realm "/home/pete/wefwefwef/docs/other/4951996257/subpub-branch-master/subpub/src/pe_realm.erl" -> "/home/pete/wefwefwef/docs/other/4951996257/repo/master/.xml/subpub/pe_realm.xml"
Generating XML subpub - pe_remote "/home/pete/wefwefwef/docs/other/4951996257/subpub-branch-master/subpub/src/pe_remote.erl" -> "/home/pete/wefwefwef/docs/other/4951996257/repo/master/.xml/subpub/pe_remote.xml"
Generating XML subpub - pe_rest "/home/pete/wefwefwef/docs/other/4951996257/subpub-branch-master/subpub/src/pe_rest.erl" -> "/home/pete/wefwefwef/docs/other/4951996257/repo/master/.xml/subpub/pe_rest.xml"
Generating XML subpub - pe_startup "/home/pete/wefwefwef/docs/other/4951996257/subpub-branch-master/subpub/src/pe_startup.erl" -> "/home/pete/wefwefwef/docs/other/4951996257/repo/master/.xml/subpub/pe_startup.xml"
Generating XML subpub - pe_stats_event_handler "/home/pete/wefwefwef/docs/other/4951996257/subpub-branch-master/subpub/src/pe_stats_event_handler.erl" -> "/home/pete/wefwefwef/docs/other/4951996257/repo/master/.xml/subpub/pe_stats_event_handler.xml"
Generating XML subpub - pe_status "/home/pete/wefwefwef/docs/other/4951996257/subpub-branch-master/subpub/src/pe_status.erl" -> "/home/pete/wefwefwef/docs/other/4951996257/repo/master/.xml/subpub/pe_status.xml"
Generating XML subpub - pe_sub "/home/pete/wefwefwef/docs/other/4951996257/subpub-branch-master/subpub/src/pe_sub.erl" -> "/home/pete/wefwefwef/docs/other/4951996257/repo/master/.xml/subpub/pe_sub.xml"
Generating XML subpub - pe_sub_event_handler "/home/pete/wefwefwef/docs/other/4951996257/subpub-branch-master/subpub/src/pe_sub_event_handler.erl" -> "/home/pete/wefwefwef/docs/other/4951996257/repo/master/.xml/subpub/pe_sub_event_handler.xml"
Generating XML subpub - pe_sub_intake "/home/pete/wefwefwef/docs/other/4951996257/subpub-branch-master/subpub/src/pe_sub_intake.erl" -> "/home/pete/wefwefwef/docs/other/4951996257/repo/master/.xml/subpub/pe_sub_intake.xml"
Generating XML subpub - pe_sub_store "/home/pete/wefwefwef/docs/other/4951996257/subpub-branch-master/subpub/src/pe_sub_store.erl" -> "/home/pete/wefwefwef/docs/other/4951996257/repo/master/.xml/subpub/pe_sub_store.xml"
Generating XML subpub - pe_sup "/home/pete/wefwefwef/docs/other/4951996257/subpub-branch-master/subpub/src/pe_sup.erl" -> "/home/pete/wefwefwef/docs/other/4951996257/repo/master/.xml/subpub/pe_sup.xml"
Generating XML subpub - pe_tag_store "/home/pete/wefwefwef/docs/other/4951996257/subpub-branch-master/subpub/src/pe_tag_store.erl" -> "/home/pete/wefwefwef/docs/other/4951996257/repo/master/.xml/subpub/pe_tag_store.xml"
Generating XML subpub - pe_tag_util "/home/pete/wefwefwef/docs/other/4951996257/subpub-branch-master/subpub/src/pe_tag_util.erl" -> "/home/pete/wefwefwef/docs/other/4951996257/repo/master/.xml/subpub/pe_tag_util.xml"
Generating XML subpub - pe_test_manual "/home/pete/wefwefwef/docs/other/4951996257/subpub-branch-master/subpub/src/pe_test_manual.erl" -> "/home/pete/wefwefwef/docs/other/4951996257/repo/master/.xml/subpub/pe_test_manual.xml"
Generating XML subpub - pe_test_rest "/home/pete/wefwefwef/docs/other/4951996257/subpub-branch-master/subpub/src/pe_test_rest.erl" -> "/home/pete/wefwefwef/docs/other/4951996257/repo/master/.xml/subpub/pe_test_rest.xml"
Generating XML subpub - pe_test_sprint "/home/pete/wefwefwef/docs/other/4951996257/subpub-branch-master/subpub/src/pe_test_sprint.erl" -> "/home/pete/wefwefwef/docs/other/4951996257/repo/master/.xml/subpub/pe_test_sprint.xml"
Generating XML subpub - pe_time "/home/pete/wefwefwef/docs/other/4951996257/subpub-branch-master/subpub/src/pe_time.erl" -> "/home/pete/wefwefwef/docs/other/4951996257/repo/master/.xml/subpub/pe_time.xml"
Generating XML subpub - pe_trace "/home/pete/wefwefwef/docs/other/4951996257/subpub-branch-master/subpub/src/pe_trace.erl" -> "/home/pete/wefwefwef/docs/other/4951996257/repo/master/.xml/subpub/pe_trace.xml"
Generating XML subpub - pe_util "/home/pete/wefwefwef/docs/other/4951996257/subpub-branch-master/subpub/src/pe_util.erl" -> "/home/pete/wefwefwef/docs/other/4951996257/repo/master/.xml/subpub/pe_util.xml"
Generating XML subpub - sha2 "/home/pete/wefwefwef/docs/other/4951996257/subpub-branch-master/subpub/src/sha2.erl" -> "/home/pete/wefwefwef/docs/other/4951996257/repo/master/.xml/subpub/sha2.xml"
Generating XML subpub - statsd "/home/pete/wefwefwef/docs/other/4951996257/subpub-branch-master/subpub/src/statsd.erl" -> "/home/pete/wefwefwef/docs/other/4951996257/repo/master/.xml/subpub/statsd.xml"
Generating XML subpub - sxml "/home/pete/wefwefwef/docs/other/4951996257/subpub-branch-master/subpub/src/sxml.erl" -> "/home/pete/wefwefwef/docs/other/4951996257/repo/master/.xml/subpub/sxml.xml"
Generating XML subpub - uuid "/home/pete/wefwefwef/docs/other/4951996257/subpub-branch-master/subpub/src/uuid.erl" -> "/home/pete/wefwefwef/docs/other/4951996257/repo/master/.xml/subpub/uuid.xml"
Generating HTML - pe_sup "/home/pete/wefwefwef/docs/other/4951996257/repo/master/.xml/subpub/pe_sup.xml"
Generating HTML - pe_principal_event_handler "/home/pete/wefwefwef/docs/other/4951996257/repo/master/.xml/subpub/pe_principal_event_handler.xml"
Generating HTML - pe_delivery "/home/pete/wefwefwef/docs/other/4951996257/repo/master/.xml/subpub/pe_delivery.xml"
Generating HTML - amqp_balanced_publisher "/home/pete/wefwefwef/docs/other/4951996257/repo/master/.xml/subpub/amqp_balanced_publisher.xml"
Reading XML for "/home/pete/wefwefwef/docs/other/4951996257/repo/master/.xml/subpub/pe_sup.xml"
Reading XML for "/home/pete/wefwefwef/docs/other/4951996257/repo/master/.xml/subpub/pe_principal_event_handler.xml"
Reading XML for "/home/pete/wefwefwef/docs/other/4951996257/repo/master/.xml/subpub/pe_delivery.xml"
Reading XML for "/home/pete/wefwefwef/docs/other/4951996257/repo/master/.xml/subpub/amqp_balanced_publisher.xml"
Reading XML for "/home/pete/wefwefwef/docs/other/4951996257/repo/master/.xml/specs_amqp_balanced_publisher.xml"
Reading XML for "/home/pete/wefwefwef/docs/other/4951996257/repo/master/.xml/specs_pe_sup.xml"
Reading XML for "/home/pete/wefwefwef/docs/other/4951996257/repo/master/.xml/specs_pe_delivery.xml"
Reading XML for "/home/pete/wefwefwef/docs/other/4951996257/repo/master/.xml/specs_pe_principal_event_handler.xml"
Generating HTML - pe_tag_store "/home/pete/wefwefwef/docs/other/4951996257/repo/master/.xml/subpub/pe_tag_store.xml"
Reading XML for "/home/pete/wefwefwef/docs/other/4951996257/repo/master/.xml/subpub/pe_tag_store.xml"
Generating HTML - amqp_consume_manager "/home/pete/wefwefwef/docs/other/4951996257/repo/master/.xml/subpub/amqp_consume_manager.xml"
Reading XML for "/home/pete/wefwefwef/docs/other/4951996257/repo/master/.xml/subpub/amqp_consume_manager.xml"
Generating HTML - pe_delivery_pool "/home/pete/wefwefwef/docs/other/4951996257/repo/master/.xml/subpub/pe_delivery_pool.xml"
Reading XML for "/home/pete/wefwefwef/docs/other/4951996257/repo/master/.xml/subpub/pe_delivery_pool.xml"
Generating HTML - pe_principal_intake "/home/pete/wefwefwef/docs/other/4951996257/repo/master/.xml/subpub/pe_principal_intake.xml"
Reading XML for "/home/pete/wefwefwef/docs/other/4951996257/repo/master/.xml/subpub/pe_principal_intake.xml"
Reading XML for "/home/pete/wefwefwef/docs/other/4951996257/repo/master/.xml/specs_pe_tag_store.xml"
Generating HTML - pe_tag_util "/home/pete/wefwefwef/docs/other/4951996257/repo/master/.xml/subpub/pe_tag_util.xml"
Reading XML for "/home/pete/wefwefwef/docs/other/4951996257/repo/master/.xml/subpub/pe_tag_util.xml"
Reading XML for "/home/pete/wefwefwef/docs/other/4951996257/repo/master/.xml/specs_amqp_consume_manager.xml"
Reading XML for "/home/pete/wefwefwef/docs/other/4951996257/repo/master/.xml/specs_pe_principal_intake.xml"
Reading XML for "/home/pete/wefwefwef/docs/other/4951996257/repo/master/.xml/specs_pe_delivery_pool.xml"
Generating HTML - event_manager "/home/pete/wefwefwef/docs/other/4951996257/repo/master/.xml/subpub/event_manager.xml"
Reading XML for "/home/pete/wefwefwef/docs/other/4951996257/repo/master/.xml/subpub/event_manager.xml"
Generating HTML - pe_export "/home/pete/wefwefwef/docs/other/4951996257/repo/master/.xml/subpub/pe_export.xml"
Reading XML for "/home/pete/wefwefwef/docs/other/4951996257/repo/master/.xml/subpub/pe_export.xml"
Generating HTML - pe_principal_store "/home/pete/wefwefwef/docs/other/4951996257/repo/master/.xml/subpub/pe_principal_store.xml"
Reading XML for "/home/pete/wefwefwef/docs/other/4951996257/repo/master/.xml/subpub/pe_principal_store.xml"
Reading XML for "/home/pete/wefwefwef/docs/other/4951996257/repo/master/.xml/specs_event_manager.xml"
Reading XML for "/home/pete/wefwefwef/docs/other/4951996257/repo/master/.xml/specs_pe_tag_util.xml"
Generating HTML - hex "/home/pete/wefwefwef/docs/other/4951996257/repo/master/.xml/subpub/hex.xml"
Reading XML for "/home/pete/wefwefwef/docs/other/4951996257/repo/master/.xml/subpub/hex.xml"
Reading XML for "/home/pete/wefwefwef/docs/other/4951996257/repo/master/.xml/specs_pe_export.xml"
Generating HTML - pe_test_manual "/home/pete/wefwefwef/docs/other/4951996257/repo/master/.xml/subpub/pe_test_manual.xml"
Generating HTML - pe_id_broker "/home/pete/wefwefwef/docs/other/4951996257/repo/master/.xml/subpub/pe_id_broker.xml"
Reading XML for "/home/pete/wefwefwef/docs/other/4951996257/repo/master/.xml/subpub/pe_test_manual.xml"
Reading XML for "/home/pete/wefwefwef/docs/other/4951996257/repo/master/.xml/subpub/pe_id_broker.xml"
Reading XML for "/home/pete/wefwefwef/docs/other/4951996257/repo/master/.xml/specs_pe_principal_store.xml"
Generating HTML - pe_realm "/home/pete/wefwefwef/docs/other/4951996257/repo/master/.xml/subpub/pe_realm.xml"
Reading XML for "/home/pete/wefwefwef/docs/other/4951996257/repo/master/.xml/subpub/pe_realm.xml"
Reading XML for "/home/pete/wefwefwef/docs/other/4951996257/repo/master/.xml/specs_hex.xml"
Generating HTML - mime "/home/pete/wefwefwef/docs/other/4951996257/repo/master/.xml/subpub/mime.xml"
Reading XML for "/home/pete/wefwefwef/docs/other/4951996257/repo/master/.xml/subpub/mime.xml"
Reading XML for "/home/pete/wefwefwef/docs/other/4951996257/repo/master/.xml/specs_pe_test_manual.xml"
Generating HTML - pe_test_rest "/home/pete/wefwefwef/docs/other/4951996257/repo/master/.xml/subpub/pe_test_rest.xml"
Reading XML for "/home/pete/wefwefwef/docs/other/4951996257/repo/master/.xml/subpub/pe_test_rest.xml"
Reading XML for "/home/pete/wefwefwef/docs/other/4951996257/repo/master/.xml/specs_pe_id_broker.xml"
Reading XML for "/home/pete/wefwefwef/docs/other/4951996257/repo/master/.xml/specs_pe_realm.xml"
Generating HTML - pe_import "/home/pete/wefwefwef/docs/other/4951996257/repo/master/.xml/subpub/pe_import.xml"
Reading XML for "/home/pete/wefwefwef/docs/other/4951996257/repo/master/.xml/subpub/pe_import.xml"
Generating HTML - pe_remote "/home/pete/wefwefwef/docs/other/4951996257/repo/master/.xml/subpub/pe_remote.xml"
Reading XML for "/home/pete/wefwefwef/docs/other/4951996257/repo/master/.xml/subpub/pe_remote.xml"
Reading XML for "/home/pete/wefwefwef/docs/other/4951996257/repo/master/.xml/specs_mime.xml"
Generating HTML - omac1 "/home/pete/wefwefwef/docs/other/4951996257/repo/master/.xml/subpub/omac1.xml"
Reading XML for "/home/pete/wefwefwef/docs/other/4951996257/repo/master/.xml/subpub/omac1.xml"
Reading XML for "/home/pete/wefwefwef/docs/other/4951996257/repo/master/.xml/specs_pe_test_rest.xml"
Generating HTML - pe_test_sprint "/home/pete/wefwefwef/docs/other/4951996257/repo/master/.xml/subpub/pe_test_sprint.xml"
Reading XML for "/home/pete/wefwefwef/docs/other/4951996257/repo/master/.xml/subpub/pe_test_sprint.xml"
Reading XML for "/home/pete/wefwefwef/docs/other/4951996257/repo/master/.xml/specs_pe_import.xml"
Generating HTML - pe_json "/home/pete/wefwefwef/docs/other/4951996257/repo/master/.xml/subpub/pe_json.xml"
Reading XML for "/home/pete/wefwefwef/docs/other/4951996257/repo/master/.xml/subpub/pe_json.xml"
Reading XML for "/home/pete/wefwefwef/docs/other/4951996257/repo/master/.xml/specs_omac1.xml"
Generating HTML - pe_admin "/home/pete/wefwefwef/docs/other/4951996257/repo/master/.xml/subpub/pe_admin.xml"
Reading XML for "/home/pete/wefwefwef/docs/other/4951996257/repo/master/.xml/subpub/pe_admin.xml"
Reading XML for "/home/pete/wefwefwef/docs/other/4951996257/repo/master/.xml/specs_pe_remote.xml"
Generating HTML - pe_rest "/home/pete/wefwefwef/docs/other/4951996257/repo/master/.xml/subpub/pe_rest.xml"
Reading XML for "/home/pete/wefwefwef/docs/other/4951996257/repo/master/.xml/specs_pe_test_sprint.xml"
Reading XML for "/home/pete/wefwefwef/docs/other/4951996257/repo/master/.xml/subpub/pe_rest.xml"
Generating HTML - pe_time "/home/pete/wefwefwef/docs/other/4951996257/repo/master/.xml/subpub/pe_time.xml"
Reading XML for "/home/pete/wefwefwef/docs/other/4951996257/repo/master/.xml/subpub/pe_time.xml"
Reading XML for "/home/pete/wefwefwef/docs/other/4951996257/repo/master/.xml/specs_pe_json.xml"
Reading XML for "/home/pete/wefwefwef/docs/other/4951996257/repo/master/.xml/specs_pe_admin.xml"
Generating HTML - pe_admin_auth "/home/pete/wefwefwef/docs/other/4951996257/repo/master/.xml/subpub/pe_admin_auth.xml"
Reading XML for "/home/pete/wefwefwef/docs/other/4951996257/repo/master/.xml/subpub/pe_admin_auth.xml"
Generating HTML - pe_membership "/home/pete/wefwefwef/docs/other/4951996257/repo/master/.xml/subpub/pe_membership.xml"
Reading XML for "/home/pete/wefwefwef/docs/other/4951996257/repo/master/.xml/subpub/pe_membership.xml"
Reading XML for "/home/pete/wefwefwef/docs/other/4951996257/repo/master/.xml/specs_pe_rest.xml"
Generating HTML - pe_startup "/home/pete/wefwefwef/docs/other/4951996257/repo/master/.xml/subpub/pe_startup.xml"
Reading XML for "/home/pete/wefwefwef/docs/other/4951996257/repo/master/.xml/specs_pe_time.xml"
Reading XML for "/home/pete/wefwefwef/docs/other/4951996257/repo/master/.xml/subpub/pe_startup.xml"
Generating HTML - pe_trace "/home/pete/wefwefwef/docs/other/4951996257/repo/master/.xml/subpub/pe_trace.xml"
Reading XML for "/home/pete/wefwefwef/docs/other/4951996257/repo/master/.xml/subpub/pe_trace.xml"
Reading XML for "/home/pete/wefwefwef/docs/other/4951996257/repo/master/.xml/specs_pe_admin_auth.xml"
Generating HTML - pe_app "/home/pete/wefwefwef/docs/other/4951996257/repo/master/.xml/subpub/pe_app.xml"
Reading XML for "/home/pete/wefwefwef/docs/other/4951996257/repo/master/.xml/specs_pe_membership.xml"
Reading XML for "/home/pete/wefwefwef/docs/other/4951996257/repo/master/.xml/subpub/pe_app.xml"
Generating HTML - pe_migrate "/home/pete/wefwefwef/docs/other/4951996257/repo/master/.xml/subpub/pe_migrate.xml"
Reading XML for "/home/pete/wefwefwef/docs/other/4951996257/repo/master/.xml/subpub/pe_migrate.xml"
Reading XML for "/home/pete/wefwefwef/docs/other/4951996257/repo/master/.xml/specs_pe_startup.xml"
Generating HTML - pe_stats_event_handler "/home/pete/wefwefwef/docs/other/4951996257/repo/master/.xml/subpub/pe_stats_event_handler.xml"
Reading XML for "/home/pete/wefwefwef/docs/other/4951996257/repo/master/.xml/subpub/pe_stats_event_handler.xml"
Reading XML for "/home/pete/wefwefwef/docs/other/4951996257/repo/master/.xml/specs_pe_trace.xml"
Generating HTML - pe_util "/home/pete/wefwefwef/docs/other/4951996257/repo/master/.xml/subpub/pe_util.xml"
Reading XML for "/home/pete/wefwefwef/docs/other/4951996257/repo/master/.xml/subpub/pe_util.xml"
Reading XML for "/home/pete/wefwefwef/docs/other/4951996257/repo/master/.xml/specs_pe_app.xml"
Generating HTML - pe_audit "/home/pete/wefwefwef/docs/other/4951996257/repo/master/.xml/subpub/pe_audit.xml"
Reading XML for "/home/pete/wefwefwef/docs/other/4951996257/repo/master/.xml/subpub/pe_audit.xml"
Reading XML for "/home/pete/wefwefwef/docs/other/4951996257/repo/master/.xml/specs_pe_migrate.xml"
Generating HTML - pe_migrate_functions "/home/pete/wefwefwef/docs/other/4951996257/repo/master/.xml/subpub/pe_migrate_functions.xml"
Reading XML for "/home/pete/wefwefwef/docs/other/4951996257/repo/master/.xml/subpub/pe_migrate_functions.xml"
Reading XML for "/home/pete/wefwefwef/docs/other/4951996257/repo/master/.xml/specs_pe_stats_event_handler.xml"
Generating HTML - pe_status "/home/pete/wefwefwef/docs/other/4951996257/repo/master/.xml/subpub/pe_status.xml"
Reading XML for "/home/pete/wefwefwef/docs/other/4951996257/repo/master/.xml/subpub/pe_status.xml"
Reading XML for "/home/pete/wefwefwef/docs/other/4951996257/repo/master/.xml/specs_pe_util.xml"
Reading XML for "/home/pete/wefwefwef/docs/other/4951996257/repo/master/.xml/specs_pe_audit.xml"
Generating HTML - sha2 "/home/pete/wefwefwef/docs/other/4951996257/repo/master/.xml/subpub/sha2.xml"
Reading XML for "/home/pete/wefwefwef/docs/other/4951996257/repo/master/.xml/subpub/sha2.xml"
Generating HTML - pe_auth "/home/pete/wefwefwef/docs/other/4951996257/repo/master/.xml/subpub/pe_auth.xml"
Reading XML for "/home/pete/wefwefwef/docs/other/4951996257/repo/master/.xml/specs_pe_migrate_functions.xml"
Reading XML for "/home/pete/wefwefwef/docs/other/4951996257/repo/master/.xml/subpub/pe_auth.xml"
Generating HTML - pe_mnesia "/home/pete/wefwefwef/docs/other/4951996257/repo/master/.xml/subpub/pe_mnesia.xml"
Reading XML for "/home/pete/wefwefwef/docs/other/4951996257/repo/master/.xml/subpub/pe_mnesia.xml"
Reading XML for "/home/pete/wefwefwef/docs/other/4951996257/repo/master/.xml/specs_pe_status.xml"
Generating HTML - pe_sub "/home/pete/wefwefwef/docs/other/4951996257/repo/master/.xml/subpub/pe_sub.xml"
Reading XML for "/home/pete/wefwefwef/docs/other/4951996257/repo/master/.xml/subpub/pe_sub.xml"
Reading XML for "/home/pete/wefwefwef/docs/other/4951996257/repo/master/.xml/specs_sha2.xml"
Reading XML for "/home/pete/wefwefwef/docs/other/4951996257/repo/master/.xml/specs_pe_auth.xml"
Generating HTML - statsd "/home/pete/wefwefwef/docs/other/4951996257/repo/master/.xml/subpub/statsd.xml"
Reading XML for "/home/pete/wefwefwef/docs/other/4951996257/repo/master/.xml/specs_pe_mnesia.xml"
Reading XML for "/home/pete/wefwefwef/docs/other/4951996257/repo/master/.xml/subpub/statsd.xml"
Generating HTML - pe_collect "/home/pete/wefwefwef/docs/other/4951996257/repo/master/.xml/subpub/pe_collect.xml"
Reading XML for "/home/pete/wefwefwef/docs/other/4951996257/repo/master/.xml/subpub/pe_collect.xml"
Generating HTML - pe_msg_event_handler "/home/pete/wefwefwef/docs/other/4951996257/repo/master/.xml/subpub/pe_msg_event_handler.xml"
Reading XML for "/home/pete/wefwefwef/docs/other/4951996257/repo/master/.xml/subpub/pe_msg_event_handler.xml"
Reading XML for "/home/pete/wefwefwef/docs/other/4951996257/repo/master/.xml/specs_pe_sub.xml"
Generating HTML - pe_sub_event_handler "/home/pete/wefwefwef/docs/other/4951996257/repo/master/.xml/subpub/pe_sub_event_handler.xml"
Reading XML for "/home/pete/wefwefwef/docs/other/4951996257/repo/master/.xml/subpub/pe_sub_event_handler.xml"
Reading XML for "/home/pete/wefwefwef/docs/other/4951996257/repo/master/.xml/specs_statsd.xml"
Reading XML for "/home/pete/wefwefwef/docs/other/4951996257/repo/master/.xml/specs_pe_collect.xml"
Generating HTML - sxml "/home/pete/wefwefwef/docs/other/4951996257/repo/master/.xml/subpub/sxml.xml"
Reading XML for "/home/pete/wefwefwef/docs/other/4951996257/repo/master/.xml/subpub/sxml.xml"
Reading XML for "/home/pete/wefwefwef/docs/other/4951996257/repo/master/.xml/specs_pe_msg_event_handler.xml"
Generating HTML - pe_config "/home/pete/wefwefwef/docs/other/4951996257/repo/master/.xml/subpub/pe_config.xml"
Reading XML for "/home/pete/wefwefwef/docs/other/4951996257/repo/master/.xml/subpub/pe_config.xml"
Generating HTML - pe_msg_intake "/home/pete/wefwefwef/docs/other/4951996257/repo/master/.xml/subpub/pe_msg_intake.xml"
Reading XML for "/home/pete/wefwefwef/docs/other/4951996257/repo/master/.xml/subpub/pe_msg_intake.xml"
Reading XML for "/home/pete/wefwefwef/docs/other/4951996257/repo/master/.xml/specs_pe_sub_event_handler.xml"
Generating HTML - pe_sub_intake "/home/pete/wefwefwef/docs/other/4951996257/repo/master/.xml/subpub/pe_sub_intake.xml"
Reading XML for "/home/pete/wefwefwef/docs/other/4951996257/repo/master/.xml/subpub/pe_sub_intake.xml"
Reading XML for "/home/pete/wefwefwef/docs/other/4951996257/repo/master/.xml/specs_pe_config.xml"
Reading XML for "/home/pete/wefwefwef/docs/other/4951996257/repo/master/.xml/specs_sxml.xml"
Generating HTML - uuid "/home/pete/wefwefwef/docs/other/4951996257/repo/master/.xml/subpub/uuid.xml"
Reading XML for "/home/pete/wefwefwef/docs/other/4951996257/repo/master/.xml/subpub/uuid.xml"
Reading XML for "/home/pete/wefwefwef/docs/other/4951996257/repo/master/.xml/specs_pe_msg_intake.xml"
Generating HTML - pe_principal "/home/pete/wefwefwef/docs/other/4951996257/repo/master/.xml/subpub/pe_principal.xml"
Reading XML for "/home/pete/wefwefwef/docs/other/4951996257/repo/master/.xml/subpub/pe_principal.xml"
Reading XML for "/home/pete/wefwefwef/docs/other/4951996257/repo/master/.xml/specs_pe_sub_intake.xml"
Generating HTML - pe_sub_store "/home/pete/wefwefwef/docs/other/4951996257/repo/master/.xml/subpub/pe_sub_store.xml"
Reading XML for "/home/pete/wefwefwef/docs/other/4951996257/repo/master/.xml/subpub/pe_sub_store.xml"
Reading XML for "/home/pete/wefwefwef/docs/other/4951996257/repo/master/.xml/specs_uuid.xml"
Reading XML for "/home/pete/wefwefwef/docs/other/4951996257/repo/master/.xml/specs_pe_principal.xml"
Reading XML for "/home/pete/wefwefwef/docs/other/4951996257/repo/master/.xml/specs_pe_sub_store.xml"
Creating index.html ...
Creating erldocs_index.js ...
Woot, finished in 0 Minutes 7 Seconds
 :: Discovering other repos
$ 5000  `rm -r '/home/pete/wefwefwef/docs/other/4951996257/subpub-branch-master'  2>&1`
 :: Finishing up
$ 5000  `rm -r '/home/pete/wefwefwef/docs/other/4951996257/subpub'  2>&1`
