 :: Extracting meta information
$ 5000  `git ls-remote --heads --tags 'https://github.com/lpgauth/swirl-ui'  2>&1`
>>> [repo] 4 branches, 1 tags
 :: Writing meta to "/home/pete/wefwefwef/docs/other/7586999745/meta.txt"
 :: Processing https://github.com/lpgauth/swirl-ui	{rev,tag,"v0.1","8d77cdeef8c0d51b9db060496ff0093c1b89aa2f"}
 :: Fetching repo code
$ cd "/home/pete/wefwefwef/docs/other/7586999745/swirl-ui-tag-v0.1/swirl-ui"
$ infinity  `curl --fail --silent --show-error --location --output 'v0.1.zip' 'https://github.com/lpgauth/swirl-ui/archive/v0.1.zip'  2>&1`
$ cd "/home/pete/wefwefwef/docs/erldocs_other.git"
$ cd "/home/pete/wefwefwef/docs/other/7586999745/swirl-ui-tag-v0.1/swirl-ui"
$ 5000  `find -P . -type l -delete  2>&1`
$ cd "/home/pete/wefwefwef/docs/erldocs_other.git"
$ cd "/home/pete/wefwefwef/docs/other/7586999745/swirl-ui-tag-v0.1/swirl-ui"
$ 5000  `find 'swirl-ui-0.1' -mindepth 1 -maxdepth 1 -exec mv -t . -- {} +  2>&1`
$ cd "/home/pete/wefwefwef/docs/erldocs_other.git"
 :: Getting dependencies
$ cd "/home/pete/wefwefwef/docs/other/7586999745/swirl-ui-tag-v0.1/swirl-ui"
$ infinity  `rebar --config '/home/pete/wefwefwef/docs/other/7586999745/swirl-ui-tag-v0.1/rebar_deps' get-deps  2>&1`
$ cd "/home/pete/wefwefwef/docs/erldocs_other.git"
$ cd "/home/pete/wefwefwef/docs/other/7586999745/swirl-ui-tag-v0.1/swirl-ui"
$ 5000  `find -P . -type l -delete  2>&1`
$ cd "/home/pete/wefwefwef/docs/erldocs_other.git"
$ cd "/home/pete/wefwefwef/docs/other/7586999745/swirl-ui-tag-v0.1/swirl-ui"
$ 5000  `ls -1 deps/  2>&1`
$ cd "/home/pete/wefwefwef/docs/erldocs_other.git"
>>> [rebar] deps = ["cowboy","cowlib","erlydtl","ranch"]
 :: Generating erldocs into /home/pete/wefwefwef/docs/other/7586999745/repo/v0.1
Building swirl-ui
Generating Type Specs - "/home/pete/wefwefwef/docs/other/7586999745/swirl-ui-tag-v0.1/swirl-ui/src/swirl_ui.erl"
Generating Type Specs - "/home/pete/wefwefwef/docs/other/7586999745/swirl-ui-tag-v0.1/swirl-ui/src/swirl_ui_handler.erl"
Generating Type Specs - "/home/pete/wefwefwef/docs/other/7586999745/swirl-ui-tag-v0.1/swirl-ui/src/swirl_ui_helpers.erl"
Generating Type Specs - "/home/pete/wefwefwef/docs/other/7586999745/swirl-ui-tag-v0.1/swirl-ui/src/swirl_ui_sup.erl"
Generating XML for application swirl-ui "/home/pete/wefwefwef/docs/other/7586999745/swirl-ui-tag-v0.1/swirl-ui" -> "/home/pete/wefwefwef/docs/other/7586999745/repo/v0.1/.xml/swirl-ui"
Generated swirl-ui XMLs: ["/home/pete/wefwefwef/docs/other/7586999745/repo/v0.1/.xml/swirl-ui/swirl_ui_helpers.xml",
                          "/home/pete/wefwefwef/docs/other/7586999745/repo/v0.1/.xml/swirl-ui/swirl_ui_handler.xml",
                          "/home/pete/wefwefwef/docs/other/7586999745/repo/v0.1/.xml/swirl-ui/swirl_ui.xml",
                          "/home/pete/wefwefwef/docs/other/7586999745/repo/v0.1/.xml/swirl-ui/swirl_ui_sup.xml"]
Generating HTML - swirl_ui_helpers "/home/pete/wefwefwef/docs/other/7586999745/repo/v0.1/.xml/swirl-ui/swirl_ui_helpers.xml"
Generating HTML - swirl_ui_handler "/home/pete/wefwefwef/docs/other/7586999745/repo/v0.1/.xml/swirl-ui/swirl_ui_handler.xml"
Generating HTML - swirl_ui "/home/pete/wefwefwef/docs/other/7586999745/repo/v0.1/.xml/swirl-ui/swirl_ui.xml"
Generating HTML - swirl_ui_sup "/home/pete/wefwefwef/docs/other/7586999745/repo/v0.1/.xml/swirl-ui/swirl_ui_sup.xml"
Reading XML for "/home/pete/wefwefwef/docs/other/7586999745/repo/v0.1/.xml/swirl-ui/swirl_ui_helpers.xml"
Reading XML for "/home/pete/wefwefwef/docs/other/7586999745/repo/v0.1/.xml/swirl-ui/swirl_ui_handler.xml"
Reading XML for "/home/pete/wefwefwef/docs/other/7586999745/repo/v0.1/.xml/swirl-ui/swirl_ui.xml"
Reading XML for "/home/pete/wefwefwef/docs/other/7586999745/repo/v0.1/.xml/swirl-ui/swirl_ui_sup.xml"
Reading XML for "/home/pete/wefwefwef/docs/other/7586999745/repo/v0.1/.xml/specs_swirl_ui_helpers.xml"
Reading XML for "/home/pete/wefwefwef/docs/other/7586999745/repo/v0.1/.xml/specs_swirl_ui_handler.xml"
Reading XML for "/home/pete/wefwefwef/docs/other/7586999745/repo/v0.1/.xml/specs_swirl_ui.xml"
Reading XML for "/home/pete/wefwefwef/docs/other/7586999745/repo/v0.1/.xml/specs_swirl_ui_sup.xml"
Creating index.html ...
Creating erldocs_index.js ...
Woot, finished in 0 Minutes 0 Seconds
 :: Discovering other repos
$ 5000  `rm -r '/home/pete/wefwefwef/docs/other/7586999745/swirl-ui-tag-v0.1'  2>&1`
 :: Processing https://github.com/lpgauth/swirl-ui	{rev,branch,"adgear","98ed3e83e676fb7b78579772808adb6748b08bf8"}
 :: Fetching repo code
$ cd "/home/pete/wefwefwef/docs/other/7586999745/swirl-ui-branch-adgear/swirl-ui"
$ infinity  `curl --fail --silent --show-error --location --output 'adgear.zip' 'https://github.com/lpgauth/swirl-ui/archive/adgear.zip'  2>&1`
$ cd "/home/pete/wefwefwef/docs/erldocs_other.git"
$ cd "/home/pete/wefwefwef/docs/other/7586999745/swirl-ui-branch-adgear/swirl-ui"
$ 5000  `find -P . -type l -delete  2>&1`
$ cd "/home/pete/wefwefwef/docs/erldocs_other.git"
$ cd "/home/pete/wefwefwef/docs/other/7586999745/swirl-ui-branch-adgear/swirl-ui"
$ 5000  `find 'swirl-ui-adgear' -mindepth 1 -maxdepth 1 -exec mv -t . -- {} +  2>&1`
$ cd "/home/pete/wefwefwef/docs/erldocs_other.git"
 :: Getting dependencies
$ cd "/home/pete/wefwefwef/docs/other/7586999745/swirl-ui-branch-adgear/swirl-ui"
$ infinity  `rebar --config '/home/pete/wefwefwef/docs/other/7586999745/swirl-ui-branch-adgear/rebar_deps' get-deps  2>&1`
$ cd "/home/pete/wefwefwef/docs/erldocs_other.git"
$ cd "/home/pete/wefwefwef/docs/other/7586999745/swirl-ui-branch-adgear/swirl-ui"
$ 5000  `find -P . -type l -delete  2>&1`
$ cd "/home/pete/wefwefwef/docs/erldocs_other.git"
$ cd "/home/pete/wefwefwef/docs/other/7586999745/swirl-ui-branch-adgear/swirl-ui"
$ 5000  `ls -1 deps/  2>&1`
$ cd "/home/pete/wefwefwef/docs/erldocs_other.git"
>>> [rebar] deps = ["cowboy","erlydtl","ranch","statsderl"]
 :: Generating erldocs into /home/pete/wefwefwef/docs/other/7586999745/repo/adgear
Building swirl-ui
Generating Type Specs - "/home/pete/wefwefwef/docs/other/7586999745/swirl-ui-branch-adgear/swirl-ui/src/swirl_ui.erl"
Generating Type Specs - "/home/pete/wefwefwef/docs/other/7586999745/swirl-ui-branch-adgear/swirl-ui/src/swirl_ui_handler.erl"
Generating Type Specs - "/home/pete/wefwefwef/docs/other/7586999745/swirl-ui-branch-adgear/swirl-ui/src/swirl_ui_helpers.erl"
Generating Type Specs - "/home/pete/wefwefwef/docs/other/7586999745/swirl-ui-branch-adgear/swirl-ui/src/swirl_ui_sup.erl"
Generating XML for application swirl-ui "/home/pete/wefwefwef/docs/other/7586999745/swirl-ui-branch-adgear/swirl-ui" -> "/home/pete/wefwefwef/docs/other/7586999745/repo/adgear/.xml/swirl-ui"
Generated swirl-ui XMLs: ["/home/pete/wefwefwef/docs/other/7586999745/repo/adgear/.xml/swirl-ui/swirl_ui_helpers.xml",
                          "/home/pete/wefwefwef/docs/other/7586999745/repo/adgear/.xml/swirl-ui/swirl_ui_handler.xml",
                          "/home/pete/wefwefwef/docs/other/7586999745/repo/adgear/.xml/swirl-ui/swirl_ui.xml",
                          "/home/pete/wefwefwef/docs/other/7586999745/repo/adgear/.xml/swirl-ui/swirl_ui_sup.xml"]
Generating HTML - swirl_ui_helpers "/home/pete/wefwefwef/docs/other/7586999745/repo/adgear/.xml/swirl-ui/swirl_ui_helpers.xml"
Generating HTML - swirl_ui_handler "/home/pete/wefwefwef/docs/other/7586999745/repo/adgear/.xml/swirl-ui/swirl_ui_handler.xml"
Generating HTML - swirl_ui "/home/pete/wefwefwef/docs/other/7586999745/repo/adgear/.xml/swirl-ui/swirl_ui.xml"
Generating HTML - swirl_ui_sup "/home/pete/wefwefwef/docs/other/7586999745/repo/adgear/.xml/swirl-ui/swirl_ui_sup.xml"
Reading XML for "/home/pete/wefwefwef/docs/other/7586999745/repo/adgear/.xml/swirl-ui/swirl_ui_helpers.xml"
Reading XML for "/home/pete/wefwefwef/docs/other/7586999745/repo/adgear/.xml/swirl-ui/swirl_ui_handler.xml"
Reading XML for "/home/pete/wefwefwef/docs/other/7586999745/repo/adgear/.xml/swirl-ui/swirl_ui.xml"
Reading XML for "/home/pete/wefwefwef/docs/other/7586999745/repo/adgear/.xml/swirl-ui/swirl_ui_sup.xml"
Reading XML for "/home/pete/wefwefwef/docs/other/7586999745/repo/adgear/.xml/specs_swirl_ui_helpers.xml"
Reading XML for "/home/pete/wefwefwef/docs/other/7586999745/repo/adgear/.xml/specs_swirl_ui_handler.xml"
Reading XML for "/home/pete/wefwefwef/docs/other/7586999745/repo/adgear/.xml/specs_swirl_ui_sup.xml"
Reading XML for "/home/pete/wefwefwef/docs/other/7586999745/repo/adgear/.xml/specs_swirl_ui.xml"
Creating index.html ...
Creating erldocs_index.js ...
Woot, finished in 0 Minutes 0 Seconds
 :: Discovering other repos
$ 5000  `rm -r '/home/pete/wefwefwef/docs/other/7586999745/swirl-ui-branch-adgear'  2>&1`
 :: Processing https://github.com/lpgauth/swirl-ui	{rev,branch,"adgear-v1.0","bc7194aa65422026c60fe187b1fabc391d9cff37"}
 :: Fetching repo code
$ cd "/home/pete/wefwefwef/docs/other/7586999745/swirl-ui-branch-adgear-v1.0/swirl-ui"
$ infinity  `curl --fail --silent --show-error --location --output 'adgear-v1.0.zip' 'https://github.com/lpgauth/swirl-ui/archive/adgear-v1.0.zip'  2>&1`
$ cd "/home/pete/wefwefwef/docs/erldocs_other.git"
$ cd "/home/pete/wefwefwef/docs/other/7586999745/swirl-ui-branch-adgear-v1.0/swirl-ui"
$ 5000  `find -P . -type l -delete  2>&1`
$ cd "/home/pete/wefwefwef/docs/erldocs_other.git"
$ cd "/home/pete/wefwefwef/docs/other/7586999745/swirl-ui-branch-adgear-v1.0/swirl-ui"
$ 5000  `find 'swirl-ui-adgear-v1.0' -mindepth 1 -maxdepth 1 -exec mv -t . -- {} +  2>&1`
$ cd "/home/pete/wefwefwef/docs/erldocs_other.git"
 :: Getting dependencies
$ cd "/home/pete/wefwefwef/docs/other/7586999745/swirl-ui-branch-adgear-v1.0/swirl-ui"
$ infinity  `rebar --config '/home/pete/wefwefwef/docs/other/7586999745/swirl-ui-branch-adgear-v1.0/rebar_deps' get-deps  2>&1`
$ cd "/home/pete/wefwefwef/docs/erldocs_other.git"
$ cd "/home/pete/wefwefwef/docs/other/7586999745/swirl-ui-branch-adgear-v1.0/swirl-ui"
$ 5000  `find -P . -type l -delete  2>&1`
$ cd "/home/pete/wefwefwef/docs/erldocs_other.git"
$ cd "/home/pete/wefwefwef/docs/other/7586999745/swirl-ui-branch-adgear-v1.0/swirl-ui"
$ 5000  `ls -1 deps/  2>&1`
$ cd "/home/pete/wefwefwef/docs/erldocs_other.git"
>>> [rebar] deps = ["cowboy","cowlib","erlydtl","ranch"]
 :: Generating erldocs into /home/pete/wefwefwef/docs/other/7586999745/repo/adgear-v1.0
Building swirl-ui
Generating Type Specs - "/home/pete/wefwefwef/docs/other/7586999745/swirl-ui-branch-adgear-v1.0/swirl-ui/src/swirl_ui.erl"
Generating Type Specs - "/home/pete/wefwefwef/docs/other/7586999745/swirl-ui-branch-adgear-v1.0/swirl-ui/src/swirl_ui_handler.erl"
Generating Type Specs - "/home/pete/wefwefwef/docs/other/7586999745/swirl-ui-branch-adgear-v1.0/swirl-ui/src/swirl_ui_helpers.erl"
Generating Type Specs - "/home/pete/wefwefwef/docs/other/7586999745/swirl-ui-branch-adgear-v1.0/swirl-ui/src/swirl_ui_sup.erl"
Generating XML for application swirl-ui "/home/pete/wefwefwef/docs/other/7586999745/swirl-ui-branch-adgear-v1.0/swirl-ui" -> "/home/pete/wefwefwef/docs/other/7586999745/repo/adgear-v1.0/.xml/swirl-ui"
Generated swirl-ui XMLs: ["/home/pete/wefwefwef/docs/other/7586999745/repo/adgear-v1.0/.xml/swirl-ui/swirl_ui_helpers.xml",
                          "/home/pete/wefwefwef/docs/other/7586999745/repo/adgear-v1.0/.xml/swirl-ui/swirl_ui_handler.xml",
                          "/home/pete/wefwefwef/docs/other/7586999745/repo/adgear-v1.0/.xml/swirl-ui/swirl_ui.xml",
                          "/home/pete/wefwefwef/docs/other/7586999745/repo/adgear-v1.0/.xml/swirl-ui/swirl_ui_sup.xml"]
Generating HTML - swirl_ui_helpers "/home/pete/wefwefwef/docs/other/7586999745/repo/adgear-v1.0/.xml/swirl-ui/swirl_ui_helpers.xml"
Generating HTML - swirl_ui_handler "/home/pete/wefwefwef/docs/other/7586999745/repo/adgear-v1.0/.xml/swirl-ui/swirl_ui_handler.xml"
Generating HTML - swirl_ui "/home/pete/wefwefwef/docs/other/7586999745/repo/adgear-v1.0/.xml/swirl-ui/swirl_ui.xml"
Generating HTML - swirl_ui_sup "/home/pete/wefwefwef/docs/other/7586999745/repo/adgear-v1.0/.xml/swirl-ui/swirl_ui_sup.xml"
Reading XML for "/home/pete/wefwefwef/docs/other/7586999745/repo/adgear-v1.0/.xml/swirl-ui/swirl_ui_helpers.xml"
Reading XML for "/home/pete/wefwefwef/docs/other/7586999745/repo/adgear-v1.0/.xml/swirl-ui/swirl_ui_handler.xml"
Reading XML for "/home/pete/wefwefwef/docs/other/7586999745/repo/adgear-v1.0/.xml/swirl-ui/swirl_ui.xml"
Reading XML for "/home/pete/wefwefwef/docs/other/7586999745/repo/adgear-v1.0/.xml/swirl-ui/swirl_ui_sup.xml"
Reading XML for "/home/pete/wefwefwef/docs/other/7586999745/repo/adgear-v1.0/.xml/specs_swirl_ui_helpers.xml"
Reading XML for "/home/pete/wefwefwef/docs/other/7586999745/repo/adgear-v1.0/.xml/specs_swirl_ui.xml"
Reading XML for "/home/pete/wefwefwef/docs/other/7586999745/repo/adgear-v1.0/.xml/specs_swirl_ui_handler.xml"
Reading XML for "/home/pete/wefwefwef/docs/other/7586999745/repo/adgear-v1.0/.xml/specs_swirl_ui_sup.xml"
Creating index.html ...
Creating erldocs_index.js ...
Woot, finished in 0 Minutes 0 Seconds
 :: Discovering other repos
$ 5000  `rm -r '/home/pete/wefwefwef/docs/other/7586999745/swirl-ui-branch-adgear-v1.0'  2>&1`
 :: Processing https://github.com/lpgauth/swirl-ui	{rev,branch,"dev","552a0aad342b92fd6e0d6e77009fc7336c948218"}
 :: Fetching repo code
$ cd "/home/pete/wefwefwef/docs/other/7586999745/swirl-ui-branch-dev/swirl-ui"
$ infinity  `curl --fail --silent --show-error --location --output 'dev.zip' 'https://github.com/lpgauth/swirl-ui/archive/dev.zip'  2>&1`
$ cd "/home/pete/wefwefwef/docs/erldocs_other.git"
$ cd "/home/pete/wefwefwef/docs/other/7586999745/swirl-ui-branch-dev/swirl-ui"
$ 5000  `find -P . -type l -delete  2>&1`
$ cd "/home/pete/wefwefwef/docs/erldocs_other.git"
$ cd "/home/pete/wefwefwef/docs/other/7586999745/swirl-ui-branch-dev/swirl-ui"
$ 5000  `find 'swirl-ui-dev' -mindepth 1 -maxdepth 1 -exec mv -t . -- {} +  2>&1`
$ cd "/home/pete/wefwefwef/docs/erldocs_other.git"
 :: Getting dependencies
$ cd "/home/pete/wefwefwef/docs/other/7586999745/swirl-ui-branch-dev/swirl-ui"
$ infinity  `rebar --config '/home/pete/wefwefwef/docs/other/7586999745/swirl-ui-branch-dev/rebar_deps' get-deps  2>&1`
$ cd "/home/pete/wefwefwef/docs/erldocs_other.git"
$ cd "/home/pete/wefwefwef/docs/other/7586999745/swirl-ui-branch-dev/swirl-ui"
$ 5000  `find -P . -type l -delete  2>&1`
$ cd "/home/pete/wefwefwef/docs/erldocs_other.git"
$ cd "/home/pete/wefwefwef/docs/other/7586999745/swirl-ui-branch-dev/swirl-ui"
$ 5000  `ls -1 deps/  2>&1`
$ cd "/home/pete/wefwefwef/docs/erldocs_other.git"
>>> [rebar] deps = ["cowboy","cowlib","erlydtl","ranch"]
 :: Generating erldocs into /home/pete/wefwefwef/docs/other/7586999745/repo/dev
Building swirl-ui
Generating Type Specs - "/home/pete/wefwefwef/docs/other/7586999745/swirl-ui-branch-dev/swirl-ui/src/swirl_ui.erl"
Generating Type Specs - "/home/pete/wefwefwef/docs/other/7586999745/swirl-ui-branch-dev/swirl-ui/src/swirl_ui_handler.erl"
Generating Type Specs - "/home/pete/wefwefwef/docs/other/7586999745/swirl-ui-branch-dev/swirl-ui/src/swirl_ui_helpers.erl"
/home/pete/wefwefwef/docs/other/7586999745/swirl-ui-branch-dev/swirl-ui/src/swirl_ui_helpers.erl: at line 2: can't find include lib "../../include/swirl.hrl"
EDoc could not process file '/home/pete/wefwefwef/docs/other/7586999745/swirl-ui-branch-dev/swirl-ui/src/swirl_ui_helpers.erl'
Error generating type specs for "/home/pete/wefwefwef/docs/other/7586999745/swirl-ui-branch-dev/swirl-ui/src/swirl_ui_helpers.erl"
Generating Type Specs - "/home/pete/wefwefwef/docs/other/7586999745/swirl-ui-branch-dev/swirl-ui/src/swirl_ui_router.erl"
Generating Type Specs - "/home/pete/wefwefwef/docs/other/7586999745/swirl-ui-branch-dev/swirl-ui/src/swirl_ui_sup.erl"
Generating Type Specs - "/home/pete/wefwefwef/docs/other/7586999745/swirl-ui-branch-dev/swirl-ui/src/swirl_ui_utils.erl"
Generating Type Specs - "/home/pete/wefwefwef/docs/other/7586999745/swirl-ui-branch-dev/swirl-ui/src/swirl_ui_views.erl"
Generating XML for application swirl-ui "/home/pete/wefwefwef/docs/other/7586999745/swirl-ui-branch-dev/swirl-ui" -> "/home/pete/wefwefwef/docs/other/7586999745/repo/dev/.xml/swirl-ui"
/home/pete/wefwefwef/docs/other/7586999745/swirl-ui-branch-dev/swirl-ui/src/swirl_ui_helpers.erl: at line 2: can't find include lib "../../include/swirl.hrl"
edoc: skipping source file '/home/pete/wefwefwef/docs/other/7586999745/swirl-ui-branch-dev/swirl-ui/src/swirl_ui_helpers.erl': {'EXIT',
                                                                                                                          error}.
edoc: error in doclet 'edoc_doclet': {'EXIT',error}.
Error generating swirl-ui XMLs. Using fallback ...
Generating XML swirl-ui - swirl_ui "/home/pete/wefwefwef/docs/other/7586999745/swirl-ui-branch-dev/swirl-ui/src/swirl_ui.erl" -> "/home/pete/wefwefwef/docs/other/7586999745/repo/dev/.xml/swirl-ui/swirl_ui.xml"
Generating XML swirl-ui - swirl_ui_handler "/home/pete/wefwefwef/docs/other/7586999745/swirl-ui-branch-dev/swirl-ui/src/swirl_ui_handler.erl" -> "/home/pete/wefwefwef/docs/other/7586999745/repo/dev/.xml/swirl-ui/swirl_ui_handler.xml"
Generating XML swirl-ui - swirl_ui_helpers "/home/pete/wefwefwef/docs/other/7586999745/swirl-ui-branch-dev/swirl-ui/src/swirl_ui_helpers.erl" -> "/home/pete/wefwefwef/docs/other/7586999745/repo/dev/.xml/swirl-ui/swirl_ui_helpers.xml"
/home/pete/wefwefwef/docs/other/7586999745/swirl-ui-branch-dev/swirl-ui/src/swirl_ui_helpers.erl: at line 2: can't find include lib "../../include/swirl.hrl"
Error generating XML ("/home/pete/wefwefwef/docs/other/7586999745/swirl-ui-branch-dev/swirl-ui/src/swirl_ui_helpers.erl"): {'EXIT',
                                                                                                                            error}
Generating XML swirl-ui - swirl_ui_router "/home/pete/wefwefwef/docs/other/7586999745/swirl-ui-branch-dev/swirl-ui/src/swirl_ui_router.erl" -> "/home/pete/wefwefwef/docs/other/7586999745/repo/dev/.xml/swirl-ui/swirl_ui_router.xml"
Generating XML swirl-ui - swirl_ui_sup "/home/pete/wefwefwef/docs/other/7586999745/swirl-ui-branch-dev/swirl-ui/src/swirl_ui_sup.erl" -> "/home/pete/wefwefwef/docs/other/7586999745/repo/dev/.xml/swirl-ui/swirl_ui_sup.xml"
Generating XML swirl-ui - swirl_ui_utils "/home/pete/wefwefwef/docs/other/7586999745/swirl-ui-branch-dev/swirl-ui/src/swirl_ui_utils.erl" -> "/home/pete/wefwefwef/docs/other/7586999745/repo/dev/.xml/swirl-ui/swirl_ui_utils.xml"
Generating XML swirl-ui - swirl_ui_views "/home/pete/wefwefwef/docs/other/7586999745/swirl-ui-branch-dev/swirl-ui/src/swirl_ui_views.erl" -> "/home/pete/wefwefwef/docs/other/7586999745/repo/dev/.xml/swirl-ui/swirl_ui_views.xml"
Generating HTML - swirl_ui_views "/home/pete/wefwefwef/docs/other/7586999745/repo/dev/.xml/swirl-ui/swirl_ui_views.xml"
Generating HTML - swirl_ui_utils "/home/pete/wefwefwef/docs/other/7586999745/repo/dev/.xml/swirl-ui/swirl_ui_utils.xml"
Generating HTML - swirl_ui_sup "/home/pete/wefwefwef/docs/other/7586999745/repo/dev/.xml/swirl-ui/swirl_ui_sup.xml"
Generating HTML - swirl_ui "/home/pete/wefwefwef/docs/other/7586999745/repo/dev/.xml/swirl-ui/swirl_ui.xml"
Reading XML for "/home/pete/wefwefwef/docs/other/7586999745/repo/dev/.xml/swirl-ui/swirl_ui_views.xml"
Reading XML for "/home/pete/wefwefwef/docs/other/7586999745/repo/dev/.xml/swirl-ui/swirl_ui_utils.xml"
Reading XML for "/home/pete/wefwefwef/docs/other/7586999745/repo/dev/.xml/swirl-ui/swirl_ui_sup.xml"
Reading XML for "/home/pete/wefwefwef/docs/other/7586999745/repo/dev/.xml/swirl-ui/swirl_ui.xml"
Reading XML for "/home/pete/wefwefwef/docs/other/7586999745/repo/dev/.xml/specs_swirl_ui_views.xml"
Reading XML for "/home/pete/wefwefwef/docs/other/7586999745/repo/dev/.xml/specs_swirl_ui_utils.xml"
Reading XML for "/home/pete/wefwefwef/docs/other/7586999745/repo/dev/.xml/specs_swirl_ui.xml"
Reading XML for "/home/pete/wefwefwef/docs/other/7586999745/repo/dev/.xml/specs_swirl_ui_sup.xml"
Generating HTML - swirl_ui_handler "/home/pete/wefwefwef/docs/other/7586999745/repo/dev/.xml/swirl-ui/swirl_ui_handler.xml"
Reading XML for "/home/pete/wefwefwef/docs/other/7586999745/repo/dev/.xml/swirl-ui/swirl_ui_handler.xml"
Reading XML for "/home/pete/wefwefwef/docs/other/7586999745/repo/dev/.xml/specs_swirl_ui_handler.xml"
Generating HTML - swirl_ui_router "/home/pete/wefwefwef/docs/other/7586999745/repo/dev/.xml/swirl-ui/swirl_ui_router.xml"
Reading XML for "/home/pete/wefwefwef/docs/other/7586999745/repo/dev/.xml/swirl-ui/swirl_ui_router.xml"
Reading XML for "/home/pete/wefwefwef/docs/other/7586999745/repo/dev/.xml/specs_swirl_ui_router.xml"
Creating index.html ...
Creating erldocs_index.js ...
Woot, finished in 0 Minutes 0 Seconds
 :: Discovering other repos
$ 5000  `rm -r '/home/pete/wefwefwef/docs/other/7586999745/swirl-ui-branch-dev'  2>&1`
 :: Processing https://github.com/lpgauth/swirl-ui	{rev,branch,"master","1668a43e7822d45055a61511a30ba03177ed7e17"}
 :: Fetching repo code
$ cd "/home/pete/wefwefwef/docs/other/7586999745/swirl-ui-branch-master/swirl-ui"
$ infinity  `curl --fail --silent --show-error --location --output 'master.zip' 'https://github.com/lpgauth/swirl-ui/archive/master.zip'  2>&1`
$ cd "/home/pete/wefwefwef/docs/erldocs_other.git"
$ cd "/home/pete/wefwefwef/docs/other/7586999745/swirl-ui-branch-master/swirl-ui"
$ 5000  `find -P . -type l -delete  2>&1`
$ cd "/home/pete/wefwefwef/docs/erldocs_other.git"
$ cd "/home/pete/wefwefwef/docs/other/7586999745/swirl-ui-branch-master/swirl-ui"
$ 5000  `find 'swirl-ui-master' -mindepth 1 -maxdepth 1 -exec mv -t . -- {} +  2>&1`
$ cd "/home/pete/wefwefwef/docs/erldocs_other.git"
 :: Getting dependencies
$ cd "/home/pete/wefwefwef/docs/other/7586999745/swirl-ui-branch-master/swirl-ui"
$ infinity  `rebar --config '/home/pete/wefwefwef/docs/other/7586999745/swirl-ui-branch-master/rebar_deps' get-deps  2>&1`
$ cd "/home/pete/wefwefwef/docs/erldocs_other.git"
$ cd "/home/pete/wefwefwef/docs/other/7586999745/swirl-ui-branch-master/swirl-ui"
$ 5000  `find -P . -type l -delete  2>&1`
$ cd "/home/pete/wefwefwef/docs/erldocs_other.git"
$ cd "/home/pete/wefwefwef/docs/other/7586999745/swirl-ui-branch-master/swirl-ui"
$ 5000  `ls -1 deps/  2>&1`
$ cd "/home/pete/wefwefwef/docs/erldocs_other.git"
>>> [rebar] deps = ["cowboy","cowlib","erlydtl","ranch"]
 :: Generating erldocs into /home/pete/wefwefwef/docs/other/7586999745/repo/master
Building swirl-ui
Generating Type Specs - "/home/pete/wefwefwef/docs/other/7586999745/swirl-ui-branch-master/swirl-ui/src/swirl_ui.erl"
Generating Type Specs - "/home/pete/wefwefwef/docs/other/7586999745/swirl-ui-branch-master/swirl-ui/src/swirl_ui_handler.erl"
Generating Type Specs - "/home/pete/wefwefwef/docs/other/7586999745/swirl-ui-branch-master/swirl-ui/src/swirl_ui_helpers.erl"
Generating Type Specs - "/home/pete/wefwefwef/docs/other/7586999745/swirl-ui-branch-master/swirl-ui/src/swirl_ui_sup.erl"
Generating XML for application swirl-ui "/home/pete/wefwefwef/docs/other/7586999745/swirl-ui-branch-master/swirl-ui" -> "/home/pete/wefwefwef/docs/other/7586999745/repo/master/.xml/swirl-ui"
Generated swirl-ui XMLs: ["/home/pete/wefwefwef/docs/other/7586999745/repo/master/.xml/swirl-ui/swirl_ui_helpers.xml",
                          "/home/pete/wefwefwef/docs/other/7586999745/repo/master/.xml/swirl-ui/swirl_ui_handler.xml",
                          "/home/pete/wefwefwef/docs/other/7586999745/repo/master/.xml/swirl-ui/swirl_ui.xml",
                          "/home/pete/wefwefwef/docs/other/7586999745/repo/master/.xml/swirl-ui/swirl_ui_sup.xml"]
Generating HTML - swirl_ui_helpers "/home/pete/wefwefwef/docs/other/7586999745/repo/master/.xml/swirl-ui/swirl_ui_helpers.xml"
Generating HTML - swirl_ui_handler "/home/pete/wefwefwef/docs/other/7586999745/repo/master/.xml/swirl-ui/swirl_ui_handler.xml"
Generating HTML - swirl_ui "/home/pete/wefwefwef/docs/other/7586999745/repo/master/.xml/swirl-ui/swirl_ui.xml"
Generating HTML - swirl_ui_sup "/home/pete/wefwefwef/docs/other/7586999745/repo/master/.xml/swirl-ui/swirl_ui_sup.xml"
Reading XML for "/home/pete/wefwefwef/docs/other/7586999745/repo/master/.xml/swirl-ui/swirl_ui_helpers.xml"
Reading XML for "/home/pete/wefwefwef/docs/other/7586999745/repo/master/.xml/swirl-ui/swirl_ui_handler.xml"
Reading XML for "/home/pete/wefwefwef/docs/other/7586999745/repo/master/.xml/swirl-ui/swirl_ui.xml"
Reading XML for "/home/pete/wefwefwef/docs/other/7586999745/repo/master/.xml/swirl-ui/swirl_ui_sup.xml"
Reading XML for "/home/pete/wefwefwef/docs/other/7586999745/repo/master/.xml/specs_swirl_ui_helpers.xml"
Reading XML for "/home/pete/wefwefwef/docs/other/7586999745/repo/master/.xml/specs_swirl_ui_handler.xml"
Reading XML for "/home/pete/wefwefwef/docs/other/7586999745/repo/master/.xml/specs_swirl_ui.xml"
Reading XML for "/home/pete/wefwefwef/docs/other/7586999745/repo/master/.xml/specs_swirl_ui_sup.xml"
Creating index.html ...
Creating erldocs_index.js ...
Woot, finished in 0 Minutes 0 Seconds
 :: Discovering other repos
$ 5000  `rm -r '/home/pete/wefwefwef/docs/other/7586999745/swirl-ui-branch-master'  2>&1`
 :: Erldocs finishing up
$ 5000  `rm -r '/home/pete/wefwefwef/docs/other/7586999745/swirl-ui'  2>&1`
