 :: Extracting meta information
$ 5000  `git ls-remote --heads --tags 'https://github.com/iamaleksey/gsm0338'  2>&1`
>>> [repo] 2 branches, 0 tags
 :: Writing meta to "/home/pete/wefwefwef/docs/other/9400887822/meta.txt"
 :: Processing https://github.com/iamaleksey/gsm0338	{rev,branch,"master","2e60ce861f39398cbf5d5b18fd4b5521a7e8221c",undefined,[],[]}
 :: Fetching repo code
$ cd "/home/pete/wefwefwef/docs/other/9400887822/gsm0338-branch-master/gsm0338"
$ infinity  `curl --fail --silent --show-error --location --output 'master.zip' 'https://github.com/iamaleksey/gsm0338/archive/master.zip'  2>&1`
$ cd "/home/pete/wefwefwef/docs/erldocs_other.git"
$ cd "/home/pete/wefwefwef/docs/other/9400887822/gsm0338-branch-master/gsm0338"
$ 5000  `find -P . -type l -delete  2>&1`
$ cd "/home/pete/wefwefwef/docs/erldocs_other.git"
$ cd "/home/pete/wefwefwef/docs/other/9400887822/gsm0338-branch-master/gsm0338"
$ 5000  `find 'gsm0338-master' -mindepth 1 -maxdepth 1 -exec mv -t . -- {} +  2>&1`
$ cd "/home/pete/wefwefwef/docs/erldocs_other.git"
 :: Getting dependencies
$ cd "/home/pete/wefwefwef/docs/other/9400887822/gsm0338-branch-master/gsm0338"
$ 5000  `ls -1 deps/  2>&1`
$ cd "/home/pete/wefwefwef/docs/erldocs_other.git"
>>> [rebar] deps = []
 :: Generating erldocs into /home/pete/wefwefwef/docs/other/9400887822/repo/master
Building gsm0338
Generating Type Specs - "/home/pete/wefwefwef/docs/other/9400887822/gsm0338-branch-master/gsm0338/src/gsm0338.erl"
EDoc could not process file '/home/pete/wefwefwef/docs/other/9400887822/gsm0338-branch-master/gsm0338/src/gsm0338.erl'
Error generating type specs for "/home/pete/wefwefwef/docs/other/9400887822/gsm0338-branch-master/gsm0338/src/gsm0338.erl"
Generating XML for application gsm0338 "/home/pete/wefwefwef/docs/other/9400887822/gsm0338-branch-master/gsm0338" -> "/home/pete/wefwefwef/docs/other/9400887822/repo/master/.xml/gsm0338"
edoc: skipping source file '/home/pete/wefwefwef/docs/other/9400887822/gsm0338-branch-master/gsm0338/src/gsm0338.erl': {'EXIT',
                                                                                                                  {system_limit,
                                                                                                                   [{ets,
                                                                                                                     new,
                                                                                                                     [etypes,
                                                                                                                      [ordered_set]],
                                                                                                                     []},
                                                                                                                    {edoc_specs,
                                                                                                                     add_data,
                                                                                                                     4,
                                                                                                                     [{file,
                                                                                                                       "edoc_specs.erl"},
                                                                                                                      {line,
                                                                                                                       109}]},
                                                                                                                    {edoc_extract,
                                                                                                                     source1,
                                                                                                                     5,
                                                                                                                     [{file,
                                                                                                                       [...]},
                                                                                                                      {line,...}]},
                                                                                                                    {edoc_doclet,
                                                                                                                     source,
                                                                                                                     9,
                                                                                                                     [{file,...},
                                                                                                                      {...}]},
                                                                                                                    {lists,
                                                                                                                     foldl,
                                                                                                                     3,
                                                                                                                     [{...}|...]},
                                                                                                                    {edoc_doclet,
                                                                                                                     sources,
                                                                                                                     5,
                                                                                                                     [...]},
                                                                                                                    {edoc_doclet,
                                                                                                                     gen,
                                                                                                                     6,...},
                                                                                                                    {edoc_lib,
                                                                                                                     run_plugin,...}]}}.
edoc: error in doclet 'edoc_doclet': {'EXIT',error}.
Error generating gsm0338 XMLs. Using fallback ...
Generating XML gsm0338 - gsm0338 "/home/pete/wefwefwef/docs/other/9400887822/gsm0338-branch-master/gsm0338/src/gsm0338.erl" -> "/home/pete/wefwefwef/docs/other/9400887822/repo/master/.xml/gsm0338/gsm0338.xml"
Error generating XML ("/home/pete/wefwefwef/docs/other/9400887822/gsm0338-branch-master/gsm0338/src/gsm0338.erl"): {'EXIT',
                                                                                                                    {system_limit,
                                                                                                                     [{ets,
                                                                                                                       new,
                                                                                                                       [etypes,
                                                                                                                        [ordered_set]],
                                                                                                                       []},
                                                                                                                      {edoc_specs,
                                                                                                                       add_data,
                                                                                                                       4,
                                                                                                                       [{file,
                                                                                                                         "edoc_specs.erl"},
                                                                                                                        {line,
                                                                                                                         109}]},
                                                                                                                      {edoc_extract,
                                                                                                                       source1,
                                                                                                                       5,
                                                                                                                       [{file,
                                                                                                                         "edoc_extract.erl"},
                                                                                                                        {line,
                                                                                                                         130}]},
                                                                                                                      {edoc,
                                                                                                                       read,
                                                                                                                       2,
                                                                                                                       [{file,
                                                                                                                         "edoc.erl"},
                                                                                                                        {line,
                                                                                                                         538}]},
                                                                                                                      {edoc,
                                                                                                                       file,
                                                                                                                       2,
                                                                                                                       [{file,
                                                                                                                         "edoc.erl"},
                                                                                                                        {line,
                                                                                                                         116}]},
                                                                                                                      {erldocs_core,
                                                                                                                       '-gen_docsrc/4-fun-1-',
                                                                                                                       5,
                                                                                                                       [{file,
                                                                                                                         "src/erldocs_core.erl"},
                                                                                                                        {line,
                                                                                                                         204}]},
                                                                                                                      {lists,
                                                                                                                       foldl,
                                                                                                                       3,
                                                                                                                       [{file,
                                                                                                                         "lists.erl"},
                                                                                                                        {line,
                                                                                                                         1261}]},
                                                                                                                      {erldocs_core,
                                                                                                                       tmp_cd,
                                                                                                                       2,
                                                                                                                       [{file,
                                                                                                                         "src/erldocs_core.erl"},
                                                                                                                        {line,
                                                                                                                         227}]}]}}
No documentation was generated!
Woot, finished in 0 Minutes 0 Seconds
 :: Discovering other repos
$ 5000  `rm -r '/home/pete/wefwefwef/docs/other/9400887822/gsm0338-branch-master'  2>&1`
 :: Processing https://github.com/iamaleksey/gsm0338	{rev,branch,"pure-erlang","da2cc18bed0b89776ae47f3473ec8b4bb58eb956",undefined,[],[]}
 :: Fetching repo code
$ cd "/home/pete/wefwefwef/docs/other/9400887822/gsm0338-branch-pure-erlang/gsm0338"
$ infinity  `curl --fail --silent --show-error --location --output 'pure-erlang.zip' 'https://github.com/iamaleksey/gsm0338/archive/pure-erlang.zip'  2>&1`
$ cd "/home/pete/wefwefwef/docs/erldocs_other.git"
$ cd "/home/pete/wefwefwef/docs/other/9400887822/gsm0338-branch-pure-erlang/gsm0338"
$ 5000  `find -P . -type l -delete  2>&1`
$ cd "/home/pete/wefwefwef/docs/erldocs_other.git"
$ cd "/home/pete/wefwefwef/docs/other/9400887822/gsm0338-branch-pure-erlang/gsm0338"
$ 5000  `find 'gsm0338-pure-erlang' -mindepth 1 -maxdepth 1 -exec mv -t . -- {} +  2>&1`
$ cd "/home/pete/wefwefwef/docs/erldocs_other.git"
 :: Getting dependencies
$ cd "/home/pete/wefwefwef/docs/other/9400887822/gsm0338-branch-pure-erlang/gsm0338"
$ 5000  `ls -1 deps/  2>&1`
$ cd "/home/pete/wefwefwef/docs/erldocs_other.git"
>>> [rebar] deps = []
 :: Generating erldocs into /home/pete/wefwefwef/docs/other/9400887822/repo/pure-erlang
Building gsm0338
Generating Type Specs - "/home/pete/wefwefwef/docs/other/9400887822/gsm0338-branch-pure-erlang/gsm0338/src/gsm0338.erl"
EDoc could not process file '/home/pete/wefwefwef/docs/other/9400887822/gsm0338-branch-pure-erlang/gsm0338/src/gsm0338.erl'
Error generating type specs for "/home/pete/wefwefwef/docs/other/9400887822/gsm0338-branch-pure-erlang/gsm0338/src/gsm0338.erl"
Generating XML for application gsm0338 "/home/pete/wefwefwef/docs/other/9400887822/gsm0338-branch-pure-erlang/gsm0338" -> "/home/pete/wefwefwef/docs/other/9400887822/repo/pure-erlang/.xml/gsm0338"
edoc: skipping source file '/home/pete/wefwefwef/docs/other/9400887822/gsm0338-branch-pure-erlang/gsm0338/src/gsm0338.erl': {'EXIT',
                                                                                                                       {system_limit,
                                                                                                                        [{ets,
                                                                                                                          new,
                                                                                                                          [etypes,
                                                                                                                           [ordered_set]],
                                                                                                                          []},
                                                                                                                         {edoc_specs,
                                                                                                                          add_data,
                                                                                                                          4,
                                                                                                                          [{file,
                                                                                                                            "edoc_specs.erl"},
                                                                                                                           {line,
                                                                                                                            109}]},
                                                                                                                         {edoc_extract,
                                                                                                                          source1,
                                                                                                                          5,
                                                                                                                          [{file,
                                                                                                                            [...]},
                                                                                                                           {line,...}]},
                                                                                                                         {edoc_doclet,
                                                                                                                          source,
                                                                                                                          9,
                                                                                                                          [{file,...},
                                                                                                                           {...}]},
                                                                                                                         {lists,
                                                                                                                          foldl,
                                                                                                                          3,
                                                                                                                          [{...}|...]},
                                                                                                                         {edoc_doclet,
                                                                                                                          sources,
                                                                                                                          5,
                                                                                                                          [...]},
                                                                                                                         {edoc_doclet,
                                                                                                                          gen,
                                                                                                                          6,...},
                                                                                                                         {edoc_lib,
                                                                                                                          run_plugin,...}]}}.
edoc: error in doclet 'edoc_doclet': {'EXIT',error}.
Error generating gsm0338 XMLs. Using fallback ...
Generating XML gsm0338 - gsm0338 "/home/pete/wefwefwef/docs/other/9400887822/gsm0338-branch-pure-erlang/gsm0338/src/gsm0338.erl" -> "/home/pete/wefwefwef/docs/other/9400887822/repo/pure-erlang/.xml/gsm0338/gsm0338.xml"
Error generating XML ("/home/pete/wefwefwef/docs/other/9400887822/gsm0338-branch-pure-erlang/gsm0338/src/gsm0338.erl"): {'EXIT',
                                                                                                                         {system_limit,
                                                                                                                          [{ets,
                                                                                                                            new,
                                                                                                                            [etypes,
                                                                                                                             [ordered_set]],
                                                                                                                            []},
                                                                                                                           {edoc_specs,
                                                                                                                            add_data,
                                                                                                                            4,
                                                                                                                            [{file,
                                                                                                                              "edoc_specs.erl"},
                                                                                                                             {line,
                                                                                                                              109}]},
                                                                                                                           {edoc_extract,
                                                                                                                            source1,
                                                                                                                            5,
                                                                                                                            [{file,
                                                                                                                              "edoc_extract.erl"},
                                                                                                                             {line,
                                                                                                                              130}]},
                                                                                                                           {edoc,
                                                                                                                            read,
                                                                                                                            2,
                                                                                                                            [{file,
                                                                                                                              "edoc.erl"},
                                                                                                                             {line,
                                                                                                                              538}]},
                                                                                                                           {edoc,
                                                                                                                            file,
                                                                                                                            2,
                                                                                                                            [{file,
                                                                                                                              "edoc.erl"},
                                                                                                                             {line,
                                                                                                                              116}]},
                                                                                                                           {erldocs_core,
                                                                                                                            '-gen_docsrc/4-fun-1-',
                                                                                                                            5,
                                                                                                                            [{file,
                                                                                                                              "src/erldocs_core.erl"},
                                                                                                                             {line,
                                                                                                                              204}]},
                                                                                                                           {lists,
                                                                                                                            foldl,
                                                                                                                            3,
                                                                                                                            [{file,
                                                                                                                              "lists.erl"},
                                                                                                                             {line,
                                                                                                                              1261}]},
                                                                                                                           {erldocs_core,
                                                                                                                            tmp_cd,
                                                                                                                            2,
                                                                                                                            [{file,
                                                                                                                              "src/erldocs_core.erl"},
                                                                                                                             {line,
                                                                                                                              227}]}]}}
No documentation was generated!
Woot, finished in 0 Minutes 0 Seconds
 :: Discovering other repos
$ 5000  `rm -r '/home/pete/wefwefwef/docs/other/9400887822/gsm0338-branch-pure-erlang'  2>&1`
 :: Finishing up
$ 5000  `rm -r '/home/pete/wefwefwef/docs/other/9400887822/gsm0338'  2>&1`
$ 5000  `rm -r '/home/pete/wefwefwef/docs/other/9400887822/repo/master'  2>&1`
$ 5000  `rm -r '/home/pete/wefwefwef/docs/other/9400887822/repo/pure-erlang'  2>&1`
