 :: Extracting meta information
$ 5000  `git ls-remote --heads --tags 'https://github.com/secyoure/rebar_idl_compiler'  2>&1`
>>> [repo] 1 branches, 0 tags
 :: Writing meta to "/home/pete/wefwefwef/docs/other/4993012087/meta.txt"
 :: Processing https://github.com/secyoure/rebar_idl_compiler	{rev,branch,"master","fde7434902053da26ea25b894dd3b7934191d11e",undefined,[],[]}
 :: Fetching repo code
$ cd "/home/pete/wefwefwef/docs/other/4993012087/rebar_idl_compiler-branch-master/rebar_idl_compiler"
$ infinity  `curl --fail --silent --show-error --location --output 'master.zip' 'https://github.com/secyoure/rebar_idl_compiler/archive/master.zip'  2>&1`
$ cd "/home/pete/wefwefwef/docs/erldocs_other.git"
$ cd "/home/pete/wefwefwef/docs/other/4993012087/rebar_idl_compiler-branch-master/rebar_idl_compiler"
$ 5000  `find -P . -type l -delete  2>&1`
$ cd "/home/pete/wefwefwef/docs/erldocs_other.git"
$ cd "/home/pete/wefwefwef/docs/other/4993012087/rebar_idl_compiler-branch-master/rebar_idl_compiler"
$ 5000  `find 'rebar_idl_compiler-master' -mindepth 1 -maxdepth 1 -exec mv -t . -- {} +  2>&1`
$ cd "/home/pete/wefwefwef/docs/erldocs_other.git"
 :: Getting dependencies
$ cd "/home/pete/wefwefwef/docs/other/4993012087/rebar_idl_compiler-branch-master/rebar_idl_compiler"
$ 5000  `ls -1 deps/  2>&1`
$ cd "/home/pete/wefwefwef/docs/erldocs_other.git"
>>> [rebar] deps = []
 :: Generating erldocs into /home/pete/wefwefwef/docs/other/4993012087/repo/master
Building rebar_idl_compiler
Generating Type Specs - "/home/pete/wefwefwef/docs/other/4993012087/rebar_idl_compiler-branch-master/rebar_idl_compiler/src/rebar_idl_compiler.erl"
Generating XML for application rebar_idl_compiler "/home/pete/wefwefwef/docs/other/4993012087/rebar_idl_compiler-branch-master/rebar_idl_compiler" -> "/home/pete/wefwefwef/docs/other/4993012087/repo/master/.xml/rebar_idl_compiler"
Generated rebar_idl_compiler XMLs: ["/home/pete/wefwefwef/docs/other/4993012087/repo/master/.xml/rebar_idl_compiler/rebar_idl_compiler.xml"]
Generating HTML - rebar_idl_compiler "/home/pete/wefwefwef/docs/other/4993012087/repo/master/.xml/rebar_idl_compiler/rebar_idl_compiler.xml"
Reading XML for "/home/pete/wefwefwef/docs/other/4993012087/repo/master/.xml/rebar_idl_compiler/rebar_idl_compiler.xml"
Reading XML for "/home/pete/wefwefwef/docs/other/4993012087/repo/master/.xml/specs_rebar_idl_compiler.xml"
Creating index.html ...
Creating erldocs_index.js ...
Woot, finished in 0 Minutes 0 Seconds
 :: Discovering other repos
$ 5000  `rm -r '/home/pete/wefwefwef/docs/other/4993012087/rebar_idl_compiler-branch-master'  2>&1`
 :: Finishing up
$ 5000  `rm -r '/home/pete/wefwefwef/docs/other/4993012087/rebar_idl_compiler'  2>&1`
