 :: Extracting meta information
$ cd '.'
$ infinity  `git ls-remote --heads --tags https://github.com/odo/erlang_slink`
>>> [repo] 1 branches, 0 tags
 :: Writing meta to "/home/pete/wefwefwef/docs/other/36f454488eaf6f8e0bf8d257be70bd5da37d6387/meta.txt"
 :: Processing https://github.com/odo/erlang_slink	{rev,branch,"master","cf42ff4f6ada25eef2a100fad331c1a737f7ea9b",undefined,[],[]}
 :: Fetching repo code
$ cd '/home/pete/wefwefwef/docs/other/36f454488eaf6f8e0bf8d257be70bd5da37d6387/erlang_slink-branch-master'
$ infinity  `curl --fail --silent --show-error --location --output repo.tar.gz https://codeload.github.com/odo/erlang_slink/tar.gz/master`
$ cd '/home/pete/wefwefwef/docs/other/36f454488eaf6f8e0bf8d257be70bd5da37d6387/erlang_slink-branch-master/erlang_slink-master'
$ 5000  `find -P . -type l -delete`
$ cd '.'
$ 5000  `mv /home/pete/wefwefwef/docs/other/36f454488eaf6f8e0bf8d257be70bd5da37d6387/erlang_slink-branch-master/erlang_slink-master /home/pete/wefwefwef/docs/other/36f454488eaf6f8e0bf8d257be70bd5da37d6387/erlang_slink-branch-master/erlang_slink`
 :: Getting dependencies
 :: Error running eo_core:
	[{eo_core,sh,
                  ["/home/pete/wefwefwef/docs/other/36f454488eaf6f8e0bf8d257be70bd5da37d6387/erlang_slink-branch-master/erlang_slink",
                   ["rebar","--config",
                    "/home/pete/wefwefwef/docs/other/36f454488eaf6f8e0bf8d257be70bd5da37d6387/erlang_slink-branch-master/rebar_deps",
                    "get-deps"],
                   infinity],
                  []},
         {eo_util,get_deps,2,[{file,"src/eo_util.erl"},{line,123}]},
         {eo_util,rebar_get_deps,1,[{file,"src/eo_util.erl"},{line,88}]},
         {eo_core,get_deps,1,[{file,"src/eo_core.erl"},{line,339}]},
         {eo_core,do,7,[{file,"src/eo_core.erl"},{line,110}]},
         {eo_core,'-main_/1-lc$^0/1-0-',8,
                  [{file,"src/eo_core.erl"},{line,85}]},
         {eo_core,main_,1,[{file,"src/eo_core.erl"},{line,85}]},
         {eo_core,main,1,[{file,"src/eo_core.erl"},{line,56}]}]
{error,undef}
 :: Finishing up
$ cd '.'
$ 5000  `rm -r /home/pete/wefwefwef/docs/other/36f454488eaf6f8e0bf8d257be70bd5da37d6387/erlang_slink`
