 :: Extracting meta information
$ 5000  `git ls-remote --heads --tags 'https://github.com/kevsmith/hammy'  2>&1`
>>> [repo] 2 branches, 1 tags
 :: Writing meta to "/home/pete/wefwefwef/docs/other/6028416646/meta.txt"
 :: Processing https://github.com/kevsmith/hammy	{rev,tag,"hammy_0.1","130a277ee4302d76aa6e0e768c68fedfee2dad67",undefined,[],[]}
 :: Fetching repo code
$ cd "/home/pete/wefwefwef/docs/other/6028416646/hammy-tag-hammy_0.1/hammy"
$ infinity  `curl --fail --silent --show-error --location --output 'hammy_0.1.zip' 'https://github.com/kevsmith/hammy/archive/hammy_0.1.zip'  2>&1`
$ cd "/home/pete/wefwefwef/docs/erldocs_other.git"
$ cd "/home/pete/wefwefwef/docs/other/6028416646/hammy-tag-hammy_0.1/hammy"
$ 5000  `find -P . -type l -delete  2>&1`
$ cd "/home/pete/wefwefwef/docs/erldocs_other.git"
$ cd "/home/pete/wefwefwef/docs/other/6028416646/hammy-tag-hammy_0.1/hammy"
$ 5000  `find 'hammy-hammy_0.1' -mindepth 1 -maxdepth 1 -exec mv -t . -- {} +  2>&1`
$ cd "/home/pete/wefwefwef/docs/erldocs_other.git"
 :: Getting dependencies
$ cd "/home/pete/wefwefwef/docs/other/6028416646/hammy-tag-hammy_0.1/hammy"
$ 5000  `ls -1 deps/  2>&1`
$ cd "/home/pete/wefwefwef/docs/erldocs_other.git"
>>> [rebar] deps = []
 :: Generating erldocs into /home/pete/wefwefwef/docs/other/6028416646/repo/hammy_0.1
Building hammy
Generating Type Specs - "/home/pete/wefwefwef/docs/other/6028416646/hammy-tag-hammy_0.1/hammy/src/hammy.erl"
Generating Type Specs - "/home/pete/wefwefwef/docs/other/6028416646/hammy-tag-hammy_0.1/hammy/src/hammy_bench.erl"
Generating Type Specs - "/home/pete/wefwefwef/docs/other/6028416646/hammy-tag-hammy_0.1/hammy/src/hammy_nifs.erl"
Generating XML for application hammy "/home/pete/wefwefwef/docs/other/6028416646/hammy-tag-hammy_0.1/hammy" -> "/home/pete/wefwefwef/docs/other/6028416646/repo/hammy_0.1/.xml/hammy"
Generated hammy XMLs: ["/home/pete/wefwefwef/docs/other/6028416646/repo/hammy_0.1/.xml/hammy/hammy_nifs.xml",
                       "/home/pete/wefwefwef/docs/other/6028416646/repo/hammy_0.1/.xml/hammy/hammy_bench.xml",
                       "/home/pete/wefwefwef/docs/other/6028416646/repo/hammy_0.1/.xml/hammy/hammy.xml"]
Generating HTML - hammy "/home/pete/wefwefwef/docs/other/6028416646/repo/hammy_0.1/.xml/hammy/hammy.xml"
Reading XML for "/home/pete/wefwefwef/docs/other/6028416646/repo/hammy_0.1/.xml/hammy/hammy.xml"
Reading XML for "/home/pete/wefwefwef/docs/other/6028416646/repo/hammy_0.1/.xml/specs_hammy.xml"
Generating HTML - hammy_bench "/home/pete/wefwefwef/docs/other/6028416646/repo/hammy_0.1/.xml/hammy/hammy_bench.xml"
Reading XML for "/home/pete/wefwefwef/docs/other/6028416646/repo/hammy_0.1/.xml/hammy/hammy_bench.xml"
Reading XML for "/home/pete/wefwefwef/docs/other/6028416646/repo/hammy_0.1/.xml/specs_hammy_bench.xml"
Generating HTML - hammy_nifs "/home/pete/wefwefwef/docs/other/6028416646/repo/hammy_0.1/.xml/hammy/hammy_nifs.xml"
Reading XML for "/home/pete/wefwefwef/docs/other/6028416646/repo/hammy_0.1/.xml/hammy/hammy_nifs.xml"
Reading XML for "/home/pete/wefwefwef/docs/other/6028416646/repo/hammy_0.1/.xml/specs_hammy_nifs.xml"
Creating index.html ...
Creating erldocs_index.js ...
Woot, finished in 0 Minutes 0 Seconds
 :: Discovering other repos
$ 5000  `rm -r '/home/pete/wefwefwef/docs/other/6028416646/hammy-tag-hammy_0.1'  2>&1`
 :: Processing https://github.com/kevsmith/hammy	{rev,branch,"master","130a277ee4302d76aa6e0e768c68fedfee2dad67",undefined,[],[]}
 :: Fetching repo code
$ cd "/home/pete/wefwefwef/docs/other/6028416646/hammy-branch-master/hammy"
$ infinity  `curl --fail --silent --show-error --location --output 'master.zip' 'https://github.com/kevsmith/hammy/archive/master.zip'  2>&1`
$ cd "/home/pete/wefwefwef/docs/erldocs_other.git"
$ cd "/home/pete/wefwefwef/docs/other/6028416646/hammy-branch-master/hammy"
$ 5000  `find -P . -type l -delete  2>&1`
$ cd "/home/pete/wefwefwef/docs/erldocs_other.git"
$ cd "/home/pete/wefwefwef/docs/other/6028416646/hammy-branch-master/hammy"
$ 5000  `find 'hammy-master' -mindepth 1 -maxdepth 1 -exec mv -t . -- {} +  2>&1`
$ cd "/home/pete/wefwefwef/docs/erldocs_other.git"
 :: Getting dependencies
$ cd "/home/pete/wefwefwef/docs/other/6028416646/hammy-branch-master/hammy"
$ 5000  `ls -1 deps/  2>&1`
$ cd "/home/pete/wefwefwef/docs/erldocs_other.git"
>>> [rebar] deps = []
 :: Generating erldocs into /home/pete/wefwefwef/docs/other/6028416646/repo/master
Building hammy
Generating Type Specs - "/home/pete/wefwefwef/docs/other/6028416646/hammy-branch-master/hammy/src/hammy.erl"
Generating Type Specs - "/home/pete/wefwefwef/docs/other/6028416646/hammy-branch-master/hammy/src/hammy_bench.erl"
Generating Type Specs - "/home/pete/wefwefwef/docs/other/6028416646/hammy-branch-master/hammy/src/hammy_nifs.erl"
Generating XML for application hammy "/home/pete/wefwefwef/docs/other/6028416646/hammy-branch-master/hammy" -> "/home/pete/wefwefwef/docs/other/6028416646/repo/master/.xml/hammy"
Generated hammy XMLs: ["/home/pete/wefwefwef/docs/other/6028416646/repo/master/.xml/hammy/hammy_nifs.xml",
                       "/home/pete/wefwefwef/docs/other/6028416646/repo/master/.xml/hammy/hammy_bench.xml",
                       "/home/pete/wefwefwef/docs/other/6028416646/repo/master/.xml/hammy/hammy.xml"]
Generating HTML - hammy "/home/pete/wefwefwef/docs/other/6028416646/repo/master/.xml/hammy/hammy.xml"
Reading XML for "/home/pete/wefwefwef/docs/other/6028416646/repo/master/.xml/hammy/hammy.xml"
Reading XML for "/home/pete/wefwefwef/docs/other/6028416646/repo/master/.xml/specs_hammy.xml"
Generating HTML - hammy_bench "/home/pete/wefwefwef/docs/other/6028416646/repo/master/.xml/hammy/hammy_bench.xml"
Reading XML for "/home/pete/wefwefwef/docs/other/6028416646/repo/master/.xml/hammy/hammy_bench.xml"
Reading XML for "/home/pete/wefwefwef/docs/other/6028416646/repo/master/.xml/specs_hammy_bench.xml"
Generating HTML - hammy_nifs "/home/pete/wefwefwef/docs/other/6028416646/repo/master/.xml/hammy/hammy_nifs.xml"
Reading XML for "/home/pete/wefwefwef/docs/other/6028416646/repo/master/.xml/hammy/hammy_nifs.xml"
Reading XML for "/home/pete/wefwefwef/docs/other/6028416646/repo/master/.xml/specs_hammy_nifs.xml"
Creating index.html ...
Creating erldocs_index.js ...
Woot, finished in 0 Minutes 0 Seconds
 :: Discovering other repos
$ 5000  `rm -r '/home/pete/wefwefwef/docs/other/6028416646/hammy-branch-master'  2>&1`
 :: Processing https://github.com/kevsmith/hammy	{rev,branch,"user_defined_indices","130a277ee4302d76aa6e0e768c68fedfee2dad67",undefined,[],[]}
 :: Fetching repo code
$ cd "/home/pete/wefwefwef/docs/other/6028416646/hammy-branch-user_defined_indices/hammy"
$ infinity  `curl --fail --silent --show-error --location --output 'user_defined_indices.zip' 'https://github.com/kevsmith/hammy/archive/user_defined_indices.zip'  2>&1`
$ cd "/home/pete/wefwefwef/docs/erldocs_other.git"
$ cd "/home/pete/wefwefwef/docs/other/6028416646/hammy-branch-user_defined_indices/hammy"
$ 5000  `find -P . -type l -delete  2>&1`
$ cd "/home/pete/wefwefwef/docs/erldocs_other.git"
$ cd "/home/pete/wefwefwef/docs/other/6028416646/hammy-branch-user_defined_indices/hammy"
$ 5000  `find 'hammy-user_defined_indices' -mindepth 1 -maxdepth 1 -exec mv -t . -- {} +  2>&1`
$ cd "/home/pete/wefwefwef/docs/erldocs_other.git"
 :: Getting dependencies
$ cd "/home/pete/wefwefwef/docs/other/6028416646/hammy-branch-user_defined_indices/hammy"
$ 5000  `ls -1 deps/  2>&1`
$ cd "/home/pete/wefwefwef/docs/erldocs_other.git"
>>> [rebar] deps = []
 :: Generating erldocs into /home/pete/wefwefwef/docs/other/6028416646/repo/user_defined_indices
Building hammy
Generating Type Specs - "/home/pete/wefwefwef/docs/other/6028416646/hammy-branch-user_defined_indices/hammy/src/hammy.erl"
Generating Type Specs - "/home/pete/wefwefwef/docs/other/6028416646/hammy-branch-user_defined_indices/hammy/src/hammy_bench.erl"
Generating Type Specs - "/home/pete/wefwefwef/docs/other/6028416646/hammy-branch-user_defined_indices/hammy/src/hammy_nifs.erl"
Generating XML for application hammy "/home/pete/wefwefwef/docs/other/6028416646/hammy-branch-user_defined_indices/hammy" -> "/home/pete/wefwefwef/docs/other/6028416646/repo/user_defined_indices/.xml/hammy"
Generated hammy XMLs: ["/home/pete/wefwefwef/docs/other/6028416646/repo/user_defined_indices/.xml/hammy/hammy_nifs.xml",
                       "/home/pete/wefwefwef/docs/other/6028416646/repo/user_defined_indices/.xml/hammy/hammy_bench.xml",
                       "/home/pete/wefwefwef/docs/other/6028416646/repo/user_defined_indices/.xml/hammy/hammy.xml"]
Generating HTML - hammy "/home/pete/wefwefwef/docs/other/6028416646/repo/user_defined_indices/.xml/hammy/hammy.xml"
Reading XML for "/home/pete/wefwefwef/docs/other/6028416646/repo/user_defined_indices/.xml/hammy/hammy.xml"
Reading XML for "/home/pete/wefwefwef/docs/other/6028416646/repo/user_defined_indices/.xml/specs_hammy.xml"
Generating HTML - hammy_bench "/home/pete/wefwefwef/docs/other/6028416646/repo/user_defined_indices/.xml/hammy/hammy_bench.xml"
Reading XML for "/home/pete/wefwefwef/docs/other/6028416646/repo/user_defined_indices/.xml/hammy/hammy_bench.xml"
Reading XML for "/home/pete/wefwefwef/docs/other/6028416646/repo/user_defined_indices/.xml/specs_hammy_bench.xml"
Generating HTML - hammy_nifs "/home/pete/wefwefwef/docs/other/6028416646/repo/user_defined_indices/.xml/hammy/hammy_nifs.xml"
Reading XML for "/home/pete/wefwefwef/docs/other/6028416646/repo/user_defined_indices/.xml/hammy/hammy_nifs.xml"
Reading XML for "/home/pete/wefwefwef/docs/other/6028416646/repo/user_defined_indices/.xml/specs_hammy_nifs.xml"
Creating index.html ...
Creating erldocs_index.js ...
Woot, finished in 0 Minutes 0 Seconds
 :: Discovering other repos
$ 5000  `rm -r '/home/pete/wefwefwef/docs/other/6028416646/hammy-branch-user_defined_indices'  2>&1`
 :: Finishing up
$ 5000  `rm -r '/home/pete/wefwefwef/docs/other/6028416646/hammy'  2>&1`
