 :: Extracting meta information
$ 5000  `git ls-remote --heads --tags 'https://github.com/diegorubin/vortex'  2>&1`
>>> [repo] 1 branches, 0 tags
 :: Writing meta to "/home/pete/wefwefwef/docs/other/2858373915/meta.txt"
 :: Processing https://github.com/diegorubin/vortex	{rev,branch,"master","a4e055513ebb78f4ab0402d02019fec5fdc05fa9",undefined,[],[]}
 :: Fetching repo code
$ cd "/home/pete/wefwefwef/docs/other/2858373915/vortex-branch-master/vortex"
$ infinity  `curl --fail --silent --show-error --location --output 'master.zip' 'https://github.com/diegorubin/vortex/archive/master.zip'  2>&1`
$ cd "/home/pete/wefwefwef/docs/erldocs_other.git"
$ cd "/home/pete/wefwefwef/docs/other/2858373915/vortex-branch-master/vortex"
$ 5000  `find -P . -type l -delete  2>&1`
$ cd "/home/pete/wefwefwef/docs/erldocs_other.git"
$ cd "/home/pete/wefwefwef/docs/other/2858373915/vortex-branch-master/vortex"
$ 5000  `find 'vortex-master' -mindepth 1 -maxdepth 1 -exec mv -t . -- {} +  2>&1`
$ cd "/home/pete/wefwefwef/docs/erldocs_other.git"
 :: Getting dependencies
$ cd "/home/pete/wefwefwef/docs/other/2858373915/vortex-branch-master/vortex"
$ 5000  `ls -1 deps/  2>&1`
$ cd "/home/pete/wefwefwef/docs/erldocs_other.git"
>>> [rebar] deps = []
 :: Generating erldocs into /home/pete/wefwefwef/docs/other/2858373915/repo/master
Building vortex_web
Generating Type Specs - "/home/pete/wefwefwef/docs/other/2858373915/vortex-branch-master/vortex/apps/vortex_web/src/vortex_web.erl"
Generating Type Specs - "/home/pete/wefwefwef/docs/other/2858373915/vortex-branch-master/vortex/apps/vortex_web/src/vortex_web_app.erl"
Generating Type Specs - "/home/pete/wefwefwef/docs/other/2858373915/vortex-branch-master/vortex/apps/vortex_web/src/vortex_web_domain.erl"
/home/pete/wefwefwef/docs/other/2858373915/vortex-branch-master/vortex/apps/vortex_web/src/vortex_web_domain.erl: at line 6: can't find include lib "webmachine/include/webmachine.hrl"
EDoc could not process file '/home/pete/wefwefwef/docs/other/2858373915/vortex-branch-master/vortex/apps/vortex_web/src/vortex_web_domain.erl'
Error generating type specs for "/home/pete/wefwefwef/docs/other/2858373915/vortex-branch-master/vortex/apps/vortex_web/src/vortex_web_domain.erl"
Generating Type Specs - "/home/pete/wefwefwef/docs/other/2858373915/vortex-branch-master/vortex/apps/vortex_web/src/vortex_web_home.erl"
/home/pete/wefwefwef/docs/other/2858373915/vortex-branch-master/vortex/apps/vortex_web/src/vortex_web_home.erl: at line 4: can't find include lib "webmachine/include/webmachine.hrl"
EDoc could not process file '/home/pete/wefwefwef/docs/other/2858373915/vortex-branch-master/vortex/apps/vortex_web/src/vortex_web_home.erl'
Error generating type specs for "/home/pete/wefwefwef/docs/other/2858373915/vortex-branch-master/vortex/apps/vortex_web/src/vortex_web_home.erl"
Generating Type Specs - "/home/pete/wefwefwef/docs/other/2858373915/vortex-branch-master/vortex/apps/vortex_web/src/vortex_web_page.erl"
/home/pete/wefwefwef/docs/other/2858373915/vortex-branch-master/vortex/apps/vortex_web/src/vortex_web_page.erl: at line 6: can't find include lib "webmachine/include/webmachine.hrl"
EDoc could not process file '/home/pete/wefwefwef/docs/other/2858373915/vortex-branch-master/vortex/apps/vortex_web/src/vortex_web_page.erl'
Error generating type specs for "/home/pete/wefwefwef/docs/other/2858373915/vortex-branch-master/vortex/apps/vortex_web/src/vortex_web_page.erl"
Generating Type Specs - "/home/pete/wefwefwef/docs/other/2858373915/vortex-branch-master/vortex/apps/vortex_web/src/vortex_web_sup.erl"
Generating Type Specs - "/home/pete/wefwefwef/docs/other/2858373915/vortex-branch-master/vortex/apps/vortex_web/src/vortex_web_watch.erl"
/home/pete/wefwefwef/docs/other/2858373915/vortex-branch-master/vortex/apps/vortex_web/src/vortex_web_watch.erl: at line 6: can't find include lib "webmachine/include/webmachine.hrl"
EDoc could not process file '/home/pete/wefwefwef/docs/other/2858373915/vortex-branch-master/vortex/apps/vortex_web/src/vortex_web_watch.erl'
Error generating type specs for "/home/pete/wefwefwef/docs/other/2858373915/vortex-branch-master/vortex/apps/vortex_web/src/vortex_web_watch.erl"
Generating XML for application vortex_web "/home/pete/wefwefwef/docs/other/2858373915/vortex-branch-master/vortex/apps/vortex_web" -> "/home/pete/wefwefwef/docs/other/2858373915/repo/master/.xml/vortex_web"
/home/pete/wefwefwef/docs/other/2858373915/vortex-branch-master/vortex/apps/vortex_web/src/vortex_web_domain.erl: at line 6: can't find include lib "webmachine/include/webmachine.hrl"
edoc: skipping source file '/home/pete/wefwefwef/docs/other/2858373915/vortex-branch-master/vortex/apps/vortex_web/src/vortex_web_domain.erl': {'EXIT',
                                                                                                                                          error}.
/home/pete/wefwefwef/docs/other/2858373915/vortex-branch-master/vortex/apps/vortex_web/src/vortex_web_home.erl: at line 4: can't find include lib "webmachine/include/webmachine.hrl"
edoc: skipping source file '/home/pete/wefwefwef/docs/other/2858373915/vortex-branch-master/vortex/apps/vortex_web/src/vortex_web_home.erl': {'EXIT',
                                                                                                                                        error}.
/home/pete/wefwefwef/docs/other/2858373915/vortex-branch-master/vortex/apps/vortex_web/src/vortex_web_watch.erl: at line 6: can't find include lib "webmachine/include/webmachine.hrl"
edoc: skipping source file '/home/pete/wefwefwef/docs/other/2858373915/vortex-branch-master/vortex/apps/vortex_web/src/vortex_web_watch.erl': {'EXIT',
                                                                                                                                         error}.
/home/pete/wefwefwef/docs/other/2858373915/vortex-branch-master/vortex/apps/vortex_web/src/vortex_web_page.erl: at line 6: can't find include lib "webmachine/include/webmachine.hrl"
edoc: skipping source file '/home/pete/wefwefwef/docs/other/2858373915/vortex-branch-master/vortex/apps/vortex_web/src/vortex_web_page.erl': {'EXIT',
                                                                                                                                        error}.
edoc: error in doclet 'edoc_doclet': {'EXIT',error}.
Error generating vortex_web XMLs. Using fallback ...
Generating XML vortex_web - vortex_web "/home/pete/wefwefwef/docs/other/2858373915/vortex-branch-master/vortex/apps/vortex_web/src/vortex_web.erl" -> "/home/pete/wefwefwef/docs/other/2858373915/repo/master/.xml/vortex_web/vortex_web.xml"
Generating XML vortex_web - vortex_web_app "/home/pete/wefwefwef/docs/other/2858373915/vortex-branch-master/vortex/apps/vortex_web/src/vortex_web_app.erl" -> "/home/pete/wefwefwef/docs/other/2858373915/repo/master/.xml/vortex_web/vortex_web_app.xml"
Generating XML vortex_web - vortex_web_domain "/home/pete/wefwefwef/docs/other/2858373915/vortex-branch-master/vortex/apps/vortex_web/src/vortex_web_domain.erl" -> "/home/pete/wefwefwef/docs/other/2858373915/repo/master/.xml/vortex_web/vortex_web_domain.xml"
/home/pete/wefwefwef/docs/other/2858373915/vortex-branch-master/vortex/apps/vortex_web/src/vortex_web_domain.erl: at line 6: can't find include lib "webmachine/include/webmachine.hrl"
Error generating XML ("/home/pete/wefwefwef/docs/other/2858373915/vortex-branch-master/vortex/apps/vortex_web/src/vortex_web_domain.erl"): {'EXIT',
                                                                                                                                            error}
Generating XML vortex_web - vortex_web_home "/home/pete/wefwefwef/docs/other/2858373915/vortex-branch-master/vortex/apps/vortex_web/src/vortex_web_home.erl" -> "/home/pete/wefwefwef/docs/other/2858373915/repo/master/.xml/vortex_web/vortex_web_home.xml"
/home/pete/wefwefwef/docs/other/2858373915/vortex-branch-master/vortex/apps/vortex_web/src/vortex_web_home.erl: at line 4: can't find include lib "webmachine/include/webmachine.hrl"
Error generating XML ("/home/pete/wefwefwef/docs/other/2858373915/vortex-branch-master/vortex/apps/vortex_web/src/vortex_web_home.erl"): {'EXIT',
                                                                                                                                          error}
Generating XML vortex_web - vortex_web_page "/home/pete/wefwefwef/docs/other/2858373915/vortex-branch-master/vortex/apps/vortex_web/src/vortex_web_page.erl" -> "/home/pete/wefwefwef/docs/other/2858373915/repo/master/.xml/vortex_web/vortex_web_page.xml"
/home/pete/wefwefwef/docs/other/2858373915/vortex-branch-master/vortex/apps/vortex_web/src/vortex_web_page.erl: at line 6: can't find include lib "webmachine/include/webmachine.hrl"
Error generating XML ("/home/pete/wefwefwef/docs/other/2858373915/vortex-branch-master/vortex/apps/vortex_web/src/vortex_web_page.erl"): {'EXIT',
                                                                                                                                          error}
Generating XML vortex_web - vortex_web_sup "/home/pete/wefwefwef/docs/other/2858373915/vortex-branch-master/vortex/apps/vortex_web/src/vortex_web_sup.erl" -> "/home/pete/wefwefwef/docs/other/2858373915/repo/master/.xml/vortex_web/vortex_web_sup.xml"
Generating XML vortex_web - vortex_web_watch "/home/pete/wefwefwef/docs/other/2858373915/vortex-branch-master/vortex/apps/vortex_web/src/vortex_web_watch.erl" -> "/home/pete/wefwefwef/docs/other/2858373915/repo/master/.xml/vortex_web/vortex_web_watch.xml"
/home/pete/wefwefwef/docs/other/2858373915/vortex-branch-master/vortex/apps/vortex_web/src/vortex_web_watch.erl: at line 6: can't find include lib "webmachine/include/webmachine.hrl"
Error generating XML ("/home/pete/wefwefwef/docs/other/2858373915/vortex-branch-master/vortex/apps/vortex_web/src/vortex_web_watch.erl"): {'EXIT',
                                                                                                                                           error}
Generating HTML - vortex_web "/home/pete/wefwefwef/docs/other/2858373915/repo/master/.xml/vortex_web/vortex_web.xml"
Reading XML for "/home/pete/wefwefwef/docs/other/2858373915/repo/master/.xml/vortex_web/vortex_web.xml"
Reading XML for "/home/pete/wefwefwef/docs/other/2858373915/repo/master/.xml/specs_vortex_web.xml"
Generating HTML - vortex_web_app "/home/pete/wefwefwef/docs/other/2858373915/repo/master/.xml/vortex_web/vortex_web_app.xml"
Reading XML for "/home/pete/wefwefwef/docs/other/2858373915/repo/master/.xml/vortex_web/vortex_web_app.xml"
Reading XML for "/home/pete/wefwefwef/docs/other/2858373915/repo/master/.xml/specs_vortex_web_app.xml"
Generating HTML - vortex_web_sup "/home/pete/wefwefwef/docs/other/2858373915/repo/master/.xml/vortex_web/vortex_web_sup.xml"
Reading XML for "/home/pete/wefwefwef/docs/other/2858373915/repo/master/.xml/vortex_web/vortex_web_sup.xml"
Reading XML for "/home/pete/wefwefwef/docs/other/2858373915/repo/master/.xml/specs_vortex_web_sup.xml"
Building vortex_indexer
Generating Type Specs - "/home/pete/wefwefwef/docs/other/2858373915/vortex-branch-master/vortex/apps/vortex_indexer/src/vortex_indexer.erl"
Generating Type Specs - "/home/pete/wefwefwef/docs/other/2858373915/vortex-branch-master/vortex/apps/vortex_indexer/src/vortex_indexer_app.erl"
Generating Type Specs - "/home/pete/wefwefwef/docs/other/2858373915/vortex-branch-master/vortex/apps/vortex_indexer/src/vortex_indexer_dwarf.erl"
Generating Type Specs - "/home/pete/wefwefwef/docs/other/2858373915/vortex-branch-master/vortex/apps/vortex_indexer/src/vortex_indexer_sup.erl"
Generating XML for application vortex_indexer "/home/pete/wefwefwef/docs/other/2858373915/vortex-branch-master/vortex/apps/vortex_indexer" -> "/home/pete/wefwefwef/docs/other/2858373915/repo/master/.xml/vortex_indexer"
Generated vortex_indexer XMLs: ["/home/pete/wefwefwef/docs/other/2858373915/repo/master/.xml/vortex_indexer/vortex_indexer_dwarf.xml",
                                "/home/pete/wefwefwef/docs/other/2858373915/repo/master/.xml/vortex_indexer/vortex_indexer_app.xml",
                                "/home/pete/wefwefwef/docs/other/2858373915/repo/master/.xml/vortex_indexer/vortex_indexer.xml",
                                "/home/pete/wefwefwef/docs/other/2858373915/repo/master/.xml/vortex_indexer/vortex_indexer_sup.xml"]
Generating HTML - vortex_indexer_dwarf "/home/pete/wefwefwef/docs/other/2858373915/repo/master/.xml/vortex_indexer/vortex_indexer_dwarf.xml"
Generating HTML - vortex_indexer_app "/home/pete/wefwefwef/docs/other/2858373915/repo/master/.xml/vortex_indexer/vortex_indexer_app.xml"
Generating HTML - vortex_indexer "/home/pete/wefwefwef/docs/other/2858373915/repo/master/.xml/vortex_indexer/vortex_indexer.xml"
Generating HTML - vortex_indexer_sup "/home/pete/wefwefwef/docs/other/2858373915/repo/master/.xml/vortex_indexer/vortex_indexer_sup.xml"
Reading XML for "/home/pete/wefwefwef/docs/other/2858373915/repo/master/.xml/vortex_indexer/vortex_indexer_dwarf.xml"
Reading XML for "/home/pete/wefwefwef/docs/other/2858373915/repo/master/.xml/vortex_indexer/vortex_indexer_app.xml"
Reading XML for "/home/pete/wefwefwef/docs/other/2858373915/repo/master/.xml/vortex_indexer/vortex_indexer.xml"
Reading XML for "/home/pete/wefwefwef/docs/other/2858373915/repo/master/.xml/vortex_indexer/vortex_indexer_sup.xml"
Reading XML for "/home/pete/wefwefwef/docs/other/2858373915/repo/master/.xml/specs_vortex_indexer_app.xml"
Reading XML for "/home/pete/wefwefwef/docs/other/2858373915/repo/master/.xml/specs_vortex_indexer_dwarf.xml"
Reading XML for "/home/pete/wefwefwef/docs/other/2858373915/repo/master/.xml/specs_vortex_indexer.xml"
Reading XML for "/home/pete/wefwefwef/docs/other/2858373915/repo/master/.xml/specs_vortex_indexer_sup.xml"
Building vortex_core
Generating Type Specs - "/home/pete/wefwefwef/docs/other/2858373915/vortex-branch-master/vortex/apps/vortex_core/src/vortex_core.erl"
Generating Type Specs - "/home/pete/wefwefwef/docs/other/2858373915/vortex-branch-master/vortex/apps/vortex_core/src/vortex_core_app.erl"
Generating Type Specs - "/home/pete/wefwefwef/docs/other/2858373915/vortex-branch-master/vortex/apps/vortex_core/src/vortex_core_extractdata.erl"
Generating Type Specs - "/home/pete/wefwefwef/docs/other/2858373915/vortex-branch-master/vortex/apps/vortex_core/src/vortex_core_indexes.erl"
Generating Type Specs - "/home/pete/wefwefwef/docs/other/2858373915/vortex-branch-master/vortex/apps/vortex_core/src/vortex_core_json.erl"
Generating Type Specs - "/home/pete/wefwefwef/docs/other/2858373915/vortex-branch-master/vortex/apps/vortex_core/src/vortex_core_page.erl"
Generating Type Specs - "/home/pete/wefwefwef/docs/other/2858373915/vortex-branch-master/vortex/apps/vortex_core/src/vortex_core_riak.erl"
Generating Type Specs - "/home/pete/wefwefwef/docs/other/2858373915/vortex-branch-master/vortex/apps/vortex_core/src/vortex_core_riak_config.erl"
Generating Type Specs - "/home/pete/wefwefwef/docs/other/2858373915/vortex-branch-master/vortex/apps/vortex_core/src/vortex_core_sup.erl"
Generating Type Specs - "/home/pete/wefwefwef/docs/other/2858373915/vortex-branch-master/vortex/apps/vortex_core/src/vortex_core_utils.erl"
Generating XML for application vortex_core "/home/pete/wefwefwef/docs/other/2858373915/vortex-branch-master/vortex/apps/vortex_core" -> "/home/pete/wefwefwef/docs/other/2858373915/repo/master/.xml/vortex_core"
Generated vortex_core XMLs: ["/home/pete/wefwefwef/docs/other/2858373915/repo/master/.xml/vortex_core/vortex_core_sup.xml",
                             "/home/pete/wefwefwef/docs/other/2858373915/repo/master/.xml/vortex_core/vortex_core_riak.xml",
                             "/home/pete/wefwefwef/docs/other/2858373915/repo/master/.xml/vortex_core/vortex_core_riak_config.xml",
                             "/home/pete/wefwefwef/docs/other/2858373915/repo/master/.xml/vortex_core/vortex_core_page.xml",
                             "/home/pete/wefwefwef/docs/other/2858373915/repo/master/.xml/vortex_core/vortex_core_json.xml",
                             "/home/pete/wefwefwef/docs/other/2858373915/repo/master/.xml/vortex_core/vortex_core_utils.xml",
                             "/home/pete/wefwefwef/docs/other/2858373915/repo/master/.xml/vortex_core/vortex_core_extractdata.xml",
                             "/home/pete/wefwefwef/docs/other/2858373915/repo/master/.xml/vortex_core/vortex_core_app.xml",
                             "/home/pete/wefwefwef/docs/other/2858373915/repo/master/.xml/vortex_core/vortex_core.xml",
                             "/home/pete/wefwefwef/docs/other/2858373915/repo/master/.xml/vortex_core/vortex_core_indexes.xml"]
Generating HTML - vortex_core_riak "/home/pete/wefwefwef/docs/other/2858373915/repo/master/.xml/vortex_core/vortex_core_riak.xml"
Generating HTML - vortex_core_page "/home/pete/wefwefwef/docs/other/2858373915/repo/master/.xml/vortex_core/vortex_core_page.xml"
Generating HTML - vortex_core_utils "/home/pete/wefwefwef/docs/other/2858373915/repo/master/.xml/vortex_core/vortex_core_utils.xml"
Generating HTML - vortex_core_indexes "/home/pete/wefwefwef/docs/other/2858373915/repo/master/.xml/vortex_core/vortex_core_indexes.xml"
Reading XML for "/home/pete/wefwefwef/docs/other/2858373915/repo/master/.xml/vortex_core/vortex_core_riak.xml"
Reading XML for "/home/pete/wefwefwef/docs/other/2858373915/repo/master/.xml/vortex_core/vortex_core_page.xml"
Reading XML for "/home/pete/wefwefwef/docs/other/2858373915/repo/master/.xml/vortex_core/vortex_core_utils.xml"
Reading XML for "/home/pete/wefwefwef/docs/other/2858373915/repo/master/.xml/vortex_core/vortex_core_indexes.xml"
Reading XML for "/home/pete/wefwefwef/docs/other/2858373915/repo/master/.xml/specs_vortex_core_page.xml"
Reading XML for "/home/pete/wefwefwef/docs/other/2858373915/repo/master/.xml/specs_vortex_core_utils.xml"
Reading XML for "/home/pete/wefwefwef/docs/other/2858373915/repo/master/.xml/specs_vortex_core_riak.xml"
Generating HTML - vortex_core_riak_config "/home/pete/wefwefwef/docs/other/2858373915/repo/master/.xml/vortex_core/vortex_core_riak_config.xml"
Reading XML for "/home/pete/wefwefwef/docs/other/2858373915/repo/master/.xml/specs_vortex_core_indexes.xml"
Reading XML for "/home/pete/wefwefwef/docs/other/2858373915/repo/master/.xml/vortex_core/vortex_core_riak_config.xml"
Generating HTML - vortex_core_json "/home/pete/wefwefwef/docs/other/2858373915/repo/master/.xml/vortex_core/vortex_core_json.xml"
Reading XML for "/home/pete/wefwefwef/docs/other/2858373915/repo/master/.xml/vortex_core/vortex_core_json.xml"
Generating HTML - vortex_core_sup "/home/pete/wefwefwef/docs/other/2858373915/repo/master/.xml/vortex_core/vortex_core_sup.xml"
Reading XML for "/home/pete/wefwefwef/docs/other/2858373915/repo/master/.xml/vortex_core/vortex_core_sup.xml"
Generating HTML - vortex_core "/home/pete/wefwefwef/docs/other/2858373915/repo/master/.xml/vortex_core/vortex_core.xml"
Reading XML for "/home/pete/wefwefwef/docs/other/2858373915/repo/master/.xml/vortex_core/vortex_core.xml"
Reading XML for "/home/pete/wefwefwef/docs/other/2858373915/repo/master/.xml/specs_vortex_core_sup.xml"
Reading XML for "/home/pete/wefwefwef/docs/other/2858373915/repo/master/.xml/specs_vortex_core_riak_config.xml"
Reading XML for "/home/pete/wefwefwef/docs/other/2858373915/repo/master/.xml/specs_vortex_core_json.xml"
Reading XML for "/home/pete/wefwefwef/docs/other/2858373915/repo/master/.xml/specs_vortex_core.xml"
Generating HTML - vortex_core_app "/home/pete/wefwefwef/docs/other/2858373915/repo/master/.xml/vortex_core/vortex_core_app.xml"
Reading XML for "/home/pete/wefwefwef/docs/other/2858373915/repo/master/.xml/vortex_core/vortex_core_app.xml"
Reading XML for "/home/pete/wefwefwef/docs/other/2858373915/repo/master/.xml/specs_vortex_core_app.xml"
Generating HTML - vortex_core_extractdata "/home/pete/wefwefwef/docs/other/2858373915/repo/master/.xml/vortex_core/vortex_core_extractdata.xml"
Reading XML for "/home/pete/wefwefwef/docs/other/2858373915/repo/master/.xml/vortex_core/vortex_core_extractdata.xml"
Reading XML for "/home/pete/wefwefwef/docs/other/2858373915/repo/master/.xml/specs_vortex_core_extractdata.xml"
Building vortex
Generating XML for application vortex "/home/pete/wefwefwef/docs/other/2858373915/vortex-branch-master/vortex" -> "/home/pete/wefwefwef/docs/other/2858373915/repo/master/.xml/vortex"
/home/pete/wefwefwef/docs/other/2858373915/vortex-branch-master/vortex/apps/vortex_web/src/vortex_web_domain.erl: at line 6: can't find include lib "webmachine/include/webmachine.hrl"
edoc: skipping source file '/home/pete/wefwefwef/docs/other/2858373915/vortex-branch-master/vortex/apps/vortex_web/src/vortex_web_domain.erl': {'EXIT',
                                                                                                                                          error}.
/home/pete/wefwefwef/docs/other/2858373915/vortex-branch-master/vortex/apps/vortex_web/src/vortex_web_home.erl: at line 4: can't find include lib "webmachine/include/webmachine.hrl"
edoc: skipping source file '/home/pete/wefwefwef/docs/other/2858373915/vortex-branch-master/vortex/apps/vortex_web/src/vortex_web_home.erl': {'EXIT',
                                                                                                                                        error}.
/home/pete/wefwefwef/docs/other/2858373915/vortex-branch-master/vortex/apps/vortex_web/src/vortex_web_watch.erl: at line 6: can't find include lib "webmachine/include/webmachine.hrl"
edoc: skipping source file '/home/pete/wefwefwef/docs/other/2858373915/vortex-branch-master/vortex/apps/vortex_web/src/vortex_web_watch.erl': {'EXIT',
                                                                                                                                         error}.
/home/pete/wefwefwef/docs/other/2858373915/vortex-branch-master/vortex/apps/vortex_web/src/vortex_web_page.erl: at line 6: can't find include lib "webmachine/include/webmachine.hrl"
edoc: skipping source file '/home/pete/wefwefwef/docs/other/2858373915/vortex-branch-master/vortex/apps/vortex_web/src/vortex_web_page.erl': {'EXIT',
                                                                                                                                        error}.
edoc: error in doclet 'edoc_doclet': {'EXIT',error}.
Error generating vortex XMLs. Using fallback ...
Creating index.html ...
Creating erldocs_index.js ...
Woot, finished in 0 Minutes 2 Seconds
 :: Discovering other repos
$ 5000  `rm -r '/home/pete/wefwefwef/docs/other/2858373915/vortex-branch-master'  2>&1`
 :: Finishing up
$ 5000  `rm -r '/home/pete/wefwefwef/docs/other/2858373915/vortex'  2>&1`
