 :: Extracting meta information
$ 5000  `git ls-remote --heads --tags 'https://github.com/trez/omesc'  2>&1`
>>> [repo] 1 branches, 0 tags
 :: Writing meta to "/home/pete/wefwefwef/docs/other/2708058384/meta.txt"
 :: Processing https://github.com/trez/omesc	{rev,branch,"master","6732f4a122c73d307b18f18e1006a50d444c8560"}
 :: Fetching repo code
$ cd "/home/pete/wefwefwef/docs/other/2708058384/omesc-branch-master/omesc"
$ infinity  `curl --fail --silent --show-error --location --output 'master.zip' 'https://github.com/trez/omesc/archive/master.zip'  2>&1`
$ cd "/home/pete/wefwefwef/docs/erldocs_other.git"
$ cd "/home/pete/wefwefwef/docs/other/2708058384/omesc-branch-master/omesc"
$ 5000  `find -P . -type l -delete  2>&1`
$ cd "/home/pete/wefwefwef/docs/erldocs_other.git"
$ cd "/home/pete/wefwefwef/docs/other/2708058384/omesc-branch-master/omesc"
$ 5000  `find 'omesc-master' -mindepth 1 -maxdepth 1 -exec mv -t . -- {} +  2>&1`
$ cd "/home/pete/wefwefwef/docs/erldocs_other.git"
 :: Getting dependencies
$ cd "/home/pete/wefwefwef/docs/other/2708058384/omesc-branch-master/omesc"
$ 5000  `ls -1 deps/  2>&1`
$ cd "/home/pete/wefwefwef/docs/erldocs_other.git"
>>> [rebar] deps = []
 :: Generating erldocs into /home/pete/wefwefwef/docs/other/2708058384/repo/master
Building omesc
Generating Type Specs - "/home/pete/wefwefwef/docs/other/2708058384/omesc-branch-master/omesc/src/ainterface.erl"
Generating Type Specs - "/home/pete/wefwefwef/docs/other/2708058384/omesc-branch-master/omesc/src/bssap.erl"
Generating Type Specs - "/home/pete/wefwefwef/docs/other/2708058384/omesc-branch-master/omesc/src/bssap_decode.erl"
Generating Type Specs - "/home/pete/wefwefwef/docs/other/2708058384/omesc-branch-master/omesc/src/bssap_encode.erl"
Generating Type Specs - "/home/pete/wefwefwef/docs/other/2708058384/omesc-branch-master/omesc/src/connection_handler.erl"
Generating Type Specs - "/home/pete/wefwefwef/docs/other/2708058384/omesc-branch-master/omesc/src/ipaccess.erl"
Generating Type Specs - "/home/pete/wefwefwef/docs/other/2708058384/omesc-branch-master/omesc/src/omesc_app.erl"
Generating Type Specs - "/home/pete/wefwefwef/docs/other/2708058384/omesc-branch-master/omesc/src/omesc_sup.erl"
Generating XML for application omesc "/home/pete/wefwefwef/docs/other/2708058384/omesc-branch-master/omesc" -> "/home/pete/wefwefwef/docs/other/2708058384/repo/master/.xml/omesc"
Generated omesc XMLs: ["/home/pete/wefwefwef/docs/other/2708058384/repo/master/.xml/omesc/omesc_sup.xml",
                       "/home/pete/wefwefwef/docs/other/2708058384/repo/master/.xml/omesc/bssap.xml",
                       "/home/pete/wefwefwef/docs/other/2708058384/repo/master/.xml/omesc/ainterface.xml",
                       "/home/pete/wefwefwef/docs/other/2708058384/repo/master/.xml/omesc/bssap_encode.xml",
                       "/home/pete/wefwefwef/docs/other/2708058384/repo/master/.xml/omesc/connection_handler.xml",
                       "/home/pete/wefwefwef/docs/other/2708058384/repo/master/.xml/omesc/bssap_decode.xml",
                       "/home/pete/wefwefwef/docs/other/2708058384/repo/master/.xml/omesc/ipaccess.xml",
                       "/home/pete/wefwefwef/docs/other/2708058384/repo/master/.xml/omesc/omesc_app.xml"]
Generating HTML - bssap "/home/pete/wefwefwef/docs/other/2708058384/repo/master/.xml/omesc/bssap.xml"
Generating HTML - bssap_encode "/home/pete/wefwefwef/docs/other/2708058384/repo/master/.xml/omesc/bssap_encode.xml"
Generating HTML - bssap_decode "/home/pete/wefwefwef/docs/other/2708058384/repo/master/.xml/omesc/bssap_decode.xml"
Generating HTML - omesc_app "/home/pete/wefwefwef/docs/other/2708058384/repo/master/.xml/omesc/omesc_app.xml"
Reading XML for "/home/pete/wefwefwef/docs/other/2708058384/repo/master/.xml/omesc/bssap.xml"
Reading XML for "/home/pete/wefwefwef/docs/other/2708058384/repo/master/.xml/omesc/bssap_encode.xml"
Reading XML for "/home/pete/wefwefwef/docs/other/2708058384/repo/master/.xml/omesc/bssap_decode.xml"
Reading XML for "/home/pete/wefwefwef/docs/other/2708058384/repo/master/.xml/omesc/omesc_app.xml"
Reading XML for "/home/pete/wefwefwef/docs/other/2708058384/repo/master/.xml/specs_bssap_decode.xml"
Generating HTML - connection_handler "/home/pete/wefwefwef/docs/other/2708058384/repo/master/.xml/omesc/connection_handler.xml"
Reading XML for "/home/pete/wefwefwef/docs/other/2708058384/repo/master/.xml/omesc/connection_handler.xml"
Reading XML for "/home/pete/wefwefwef/docs/other/2708058384/repo/master/.xml/specs_omesc_app.xml"
Reading XML for "/home/pete/wefwefwef/docs/other/2708058384/repo/master/.xml/specs_bssap_encode.xml"
Generating HTML - ipaccess "/home/pete/wefwefwef/docs/other/2708058384/repo/master/.xml/omesc/ipaccess.xml"
Reading XML for "/home/pete/wefwefwef/docs/other/2708058384/repo/master/.xml/omesc/ipaccess.xml"
Generating HTML - ainterface "/home/pete/wefwefwef/docs/other/2708058384/repo/master/.xml/omesc/ainterface.xml"
Reading XML for "/home/pete/wefwefwef/docs/other/2708058384/repo/master/.xml/omesc/ainterface.xml"
Reading XML for "/home/pete/wefwefwef/docs/other/2708058384/repo/master/.xml/specs_bssap.xml"
Generating HTML - omesc_sup "/home/pete/wefwefwef/docs/other/2708058384/repo/master/.xml/omesc/omesc_sup.xml"
Reading XML for "/home/pete/wefwefwef/docs/other/2708058384/repo/master/.xml/omesc/omesc_sup.xml"
Reading XML for "/home/pete/wefwefwef/docs/other/2708058384/repo/master/.xml/specs_connection_handler.xml"
Reading XML for "/home/pete/wefwefwef/docs/other/2708058384/repo/master/.xml/specs_ipaccess.xml"
Reading XML for "/home/pete/wefwefwef/docs/other/2708058384/repo/master/.xml/specs_omesc_sup.xml"
Reading XML for "/home/pete/wefwefwef/docs/other/2708058384/repo/master/.xml/specs_ainterface.xml"
Creating index.html ...
Creating erldocs_index.js ...
Woot, finished in 0 Minutes 0 Seconds
 :: Discovering other repos
$ 5000  `rm -r '/home/pete/wefwefwef/docs/other/2708058384/omesc-branch-master'  2>&1`
 :: Erldocs finishing up
$ 5000  `rm -r '/home/pete/wefwefwef/docs/other/2708058384/omesc'  2>&1`
