 :: Extracting meta information
$ 5000  `git ls-remote --heads --tags 'https://github.com/mdevilliers/ring_buffer'  2>&1`
>>> [repo] 1 branches, 0 tags
 :: Writing meta to "/home/pete/wefwefwef/docs/other/4071772676/meta.txt"
 :: Processing https://github.com/mdevilliers/ring_buffer	{rev,branch,"master","c7c5855331d06967c6196c404f9c44a417d53ffd",undefined,[],[]}
 :: Fetching repo code
$ cd "/home/pete/wefwefwef/docs/other/4071772676/ring_buffer-branch-master/ring_buffer"
$ infinity  `curl --fail --silent --show-error --location --output 'master.zip' 'https://github.com/mdevilliers/ring_buffer/archive/master.zip'  2>&1`
$ cd "/home/pete/wefwefwef/docs/erldocs_other.git"
$ cd "/home/pete/wefwefwef/docs/other/4071772676/ring_buffer-branch-master/ring_buffer"
$ 5000  `find -P . -type l -delete  2>&1`
$ cd "/home/pete/wefwefwef/docs/erldocs_other.git"
$ cd "/home/pete/wefwefwef/docs/other/4071772676/ring_buffer-branch-master/ring_buffer"
$ 5000  `find 'ring_buffer-master' -mindepth 1 -maxdepth 1 -exec mv -t . -- {} +  2>&1`
$ cd "/home/pete/wefwefwef/docs/erldocs_other.git"
 :: Getting dependencies
$ cd "/home/pete/wefwefwef/docs/other/4071772676/ring_buffer-branch-master/ring_buffer"
$ 5000  `ls -1 deps/  2>&1`
$ cd "/home/pete/wefwefwef/docs/erldocs_other.git"
>>> [rebar] deps = []
 :: Generating erldocs into /home/pete/wefwefwef/docs/other/4071772676/repo/master
Building ring_buffer
Generating Type Specs - "/home/pete/wefwefwef/docs/other/4071772676/ring_buffer-branch-master/ring_buffer/src/ring_buffer.erl"
Generating Type Specs - "/home/pete/wefwefwef/docs/other/4071772676/ring_buffer-branch-master/ring_buffer/src/ring_buffer_app.erl"
Generating Type Specs - "/home/pete/wefwefwef/docs/other/4071772676/ring_buffer-branch-master/ring_buffer/src/ring_buffer_server.erl"
Generating Type Specs - "/home/pete/wefwefwef/docs/other/4071772676/ring_buffer-branch-master/ring_buffer/src/ring_buffer_store.erl"
Generating Type Specs - "/home/pete/wefwefwef/docs/other/4071772676/ring_buffer-branch-master/ring_buffer/src/ring_buffer_sup.erl"
Generating XML for application ring_buffer "/home/pete/wefwefwef/docs/other/4071772676/ring_buffer-branch-master/ring_buffer" -> "/home/pete/wefwefwef/docs/other/4071772676/repo/master/.xml/ring_buffer"
Generated ring_buffer XMLs: ["/home/pete/wefwefwef/docs/other/4071772676/repo/master/.xml/ring_buffer/ring_buffer_server.xml",
                             "/home/pete/wefwefwef/docs/other/4071772676/repo/master/.xml/ring_buffer/ring_buffer_store.xml",
                             "/home/pete/wefwefwef/docs/other/4071772676/repo/master/.xml/ring_buffer/ring_buffer_app.xml",
                             "/home/pete/wefwefwef/docs/other/4071772676/repo/master/.xml/ring_buffer/ring_buffer.xml",
                             "/home/pete/wefwefwef/docs/other/4071772676/repo/master/.xml/ring_buffer/ring_buffer_sup.xml"]
Generating HTML - ring_buffer_server "/home/pete/wefwefwef/docs/other/4071772676/repo/master/.xml/ring_buffer/ring_buffer_server.xml"
Generating HTML - ring_buffer_store "/home/pete/wefwefwef/docs/other/4071772676/repo/master/.xml/ring_buffer/ring_buffer_store.xml"
Generating HTML - ring_buffer_app "/home/pete/wefwefwef/docs/other/4071772676/repo/master/.xml/ring_buffer/ring_buffer_app.xml"
Generating HTML - ring_buffer_sup "/home/pete/wefwefwef/docs/other/4071772676/repo/master/.xml/ring_buffer/ring_buffer_sup.xml"
Reading XML for "/home/pete/wefwefwef/docs/other/4071772676/repo/master/.xml/ring_buffer/ring_buffer_server.xml"
Reading XML for "/home/pete/wefwefwef/docs/other/4071772676/repo/master/.xml/ring_buffer/ring_buffer_store.xml"
Reading XML for "/home/pete/wefwefwef/docs/other/4071772676/repo/master/.xml/ring_buffer/ring_buffer_app.xml"
Reading XML for "/home/pete/wefwefwef/docs/other/4071772676/repo/master/.xml/ring_buffer/ring_buffer_sup.xml"
Reading XML for "/home/pete/wefwefwef/docs/other/4071772676/repo/master/.xml/specs_ring_buffer_server.xml"
Reading XML for "/home/pete/wefwefwef/docs/other/4071772676/repo/master/.xml/specs_ring_buffer_app.xml"
Reading XML for "/home/pete/wefwefwef/docs/other/4071772676/repo/master/.xml/specs_ring_buffer_store.xml"
Reading XML for "/home/pete/wefwefwef/docs/other/4071772676/repo/master/.xml/specs_ring_buffer_sup.xml"
Generating HTML - ring_buffer "/home/pete/wefwefwef/docs/other/4071772676/repo/master/.xml/ring_buffer/ring_buffer.xml"
Reading XML for "/home/pete/wefwefwef/docs/other/4071772676/repo/master/.xml/ring_buffer/ring_buffer.xml"
Reading XML for "/home/pete/wefwefwef/docs/other/4071772676/repo/master/.xml/specs_ring_buffer.xml"
Creating index.html ...
Creating erldocs_index.js ...
Woot, finished in 0 Minutes 0 Seconds
 :: Discovering other repos
$ 5000  `rm -r '/home/pete/wefwefwef/docs/other/4071772676/ring_buffer-branch-master'  2>&1`
 :: Finishing up
$ 5000  `rm -r '/home/pete/wefwefwef/docs/other/4071772676/ring_buffer'  2>&1`
