 :: Extracting meta information
$ 5000  `git ls-remote --heads --tags 'https://github.com/bonnefoa/erlstream'  2>&1`
>>> [repo] 1 branches, 0 tags
 :: Writing meta to "/home/pete/wefwefwef/docs/other/2738886699/meta.txt"
 :: Processing https://github.com/bonnefoa/erlstream	{rev,branch,"master","b06bb259a9ac0c2b53493b9085a592091103423f",undefined,[],[]}
 :: Fetching repo code
$ cd "/home/pete/wefwefwef/docs/other/2738886699/erlstream-branch-master/erlstream"
$ infinity  `curl --fail --silent --show-error --location --output 'master.zip' 'https://github.com/bonnefoa/erlstream/archive/master.zip'  2>&1`
$ cd "/home/pete/wefwefwef/docs/erldocs_other.git"
$ cd "/home/pete/wefwefwef/docs/other/2738886699/erlstream-branch-master/erlstream"
$ 5000  `find -P . -type l -delete  2>&1`
$ cd "/home/pete/wefwefwef/docs/erldocs_other.git"
$ cd "/home/pete/wefwefwef/docs/other/2738886699/erlstream-branch-master/erlstream"
$ 5000  `find 'erlstream-master' -mindepth 1 -maxdepth 1 -exec mv -t . -- {} +  2>&1`
$ cd "/home/pete/wefwefwef/docs/erldocs_other.git"
 :: Getting dependencies
$ cd "/home/pete/wefwefwef/docs/other/2738886699/erlstream-branch-master/erlstream"
$ 5000  `ls -1 deps/  2>&1`
$ cd "/home/pete/wefwefwef/docs/erldocs_other.git"
>>> [rebar] deps = []
 :: Generating erldocs into /home/pete/wefwefwef/docs/other/2738886699/repo/master
Building erlstream
Generating Type Specs - "/home/pete/wefwefwef/docs/other/2738886699/erlstream-branch-master/erlstream/apps/erlstream/src/counter_serv.erl"
Generating Type Specs - "/home/pete/wefwefwef/docs/other/2738886699/erlstream-branch-master/erlstream/apps/erlstream/src/erlstream.erl"
Generating Type Specs - "/home/pete/wefwefwef/docs/other/2738886699/erlstream-branch-master/erlstream/apps/erlstream/src/erlstream_app.erl"
Generating Type Specs - "/home/pete/wefwefwef/docs/other/2738886699/erlstream-branch-master/erlstream/apps/erlstream/src/erlstream_sup.erl"
Generating Type Specs - "/home/pete/wefwefwef/docs/other/2738886699/erlstream-branch-master/erlstream/apps/erlstream/src/erlstream_worker.erl"
Generating Type Specs - "/home/pete/wefwefwef/docs/other/2738886699/erlstream-branch-master/erlstream/apps/erlstream/src/parse_config.erl"
/home/pete/wefwefwef/docs/other/2738886699/erlstream-branch-master/erlstream/apps/erlstream/src/parse_config.erl: at line 20: can't find include lib "rabbit_common/include/rabbit.hrl"
EDoc could not process file '/home/pete/wefwefwef/docs/other/2738886699/erlstream-branch-master/erlstream/apps/erlstream/src/parse_config.erl'
Error generating type specs for "/home/pete/wefwefwef/docs/other/2738886699/erlstream-branch-master/erlstream/apps/erlstream/src/parse_config.erl"
Generating Type Specs - "/home/pete/wefwefwef/docs/other/2738886699/erlstream-branch-master/erlstream/apps/erlstream/src/queue_manager.erl"
/home/pete/wefwefwef/docs/other/2738886699/erlstream-branch-master/erlstream/apps/erlstream/src/queue_manager.erl: at line 20: can't find include lib "rabbit_common/include/rabbit.hrl"
EDoc could not process file '/home/pete/wefwefwef/docs/other/2738886699/erlstream-branch-master/erlstream/apps/erlstream/src/queue_manager.erl'
Error generating type specs for "/home/pete/wefwefwef/docs/other/2738886699/erlstream-branch-master/erlstream/apps/erlstream/src/queue_manager.erl"
Generating Type Specs - "/home/pete/wefwefwef/docs/other/2738886699/erlstream-branch-master/erlstream/apps/erlstream/src/twitter_process.erl"
Generating Type Specs - "/home/pete/wefwefwef/docs/other/2738886699/erlstream-branch-master/erlstream/apps/erlstream/src/twitter_status.erl"
Generating Type Specs - "/home/pete/wefwefwef/docs/other/2738886699/erlstream-branch-master/erlstream/apps/erlstream/src/twitter_stream.erl"
Generating XML for application erlstream "/home/pete/wefwefwef/docs/other/2738886699/erlstream-branch-master/erlstream/apps/erlstream" -> "/home/pete/wefwefwef/docs/other/2738886699/repo/master/.xml/erlstream"
/home/pete/wefwefwef/docs/other/2738886699/erlstream-branch-master/erlstream/apps/erlstream/src/queue_manager.erl: at line 20: can't find include lib "rabbit_common/include/rabbit.hrl"
edoc: skipping source file '/home/pete/wefwefwef/docs/other/2738886699/erlstream-branch-master/erlstream/apps/erlstream/src/queue_manager.erl': {'EXIT',
                                                                                                                                           error}.
/home/pete/wefwefwef/docs/other/2738886699/erlstream-branch-master/erlstream/apps/erlstream/src/erlstream_sup.erl, function start_link/1: at line 22: @spec arity does not match.
edoc: skipping source file '/home/pete/wefwefwef/docs/other/2738886699/erlstream-branch-master/erlstream/apps/erlstream/src/erlstream_sup.erl': {'EXIT',
                                                                                                                                           error}.
/home/pete/wefwefwef/docs/other/2738886699/erlstream-branch-master/erlstream/apps/erlstream/src/parse_config.erl: at line 20: can't find include lib "rabbit_common/include/rabbit.hrl"
edoc: skipping source file '/home/pete/wefwefwef/docs/other/2738886699/erlstream-branch-master/erlstream/apps/erlstream/src/parse_config.erl': {'EXIT',
                                                                                                                                          error}.
edoc: error in doclet 'edoc_doclet': {'EXIT',error}.
Error generating erlstream XMLs. Using fallback ...
Generating XML erlstream - counter_serv "/home/pete/wefwefwef/docs/other/2738886699/erlstream-branch-master/erlstream/apps/erlstream/src/counter_serv.erl" -> "/home/pete/wefwefwef/docs/other/2738886699/repo/master/.xml/erlstream/counter_serv.xml"
Generating XML erlstream - erlstream "/home/pete/wefwefwef/docs/other/2738886699/erlstream-branch-master/erlstream/apps/erlstream/src/erlstream.erl" -> "/home/pete/wefwefwef/docs/other/2738886699/repo/master/.xml/erlstream/erlstream.xml"
Generating XML erlstream - erlstream_app "/home/pete/wefwefwef/docs/other/2738886699/erlstream-branch-master/erlstream/apps/erlstream/src/erlstream_app.erl" -> "/home/pete/wefwefwef/docs/other/2738886699/repo/master/.xml/erlstream/erlstream_app.xml"
Generating XML erlstream - erlstream_sup "/home/pete/wefwefwef/docs/other/2738886699/erlstream-branch-master/erlstream/apps/erlstream/src/erlstream_sup.erl" -> "/home/pete/wefwefwef/docs/other/2738886699/repo/master/.xml/erlstream/erlstream_sup.xml"
/home/pete/wefwefwef/docs/other/2738886699/erlstream-branch-master/erlstream/apps/erlstream/src/erlstream_sup.erl, function start_link/1: at line 22: @spec arity does not match.
Error generating XML ("/home/pete/wefwefwef/docs/other/2738886699/erlstream-branch-master/erlstream/apps/erlstream/src/erlstream_sup.erl"): {'EXIT',
                                                                                                                                             error}
Generating XML erlstream - erlstream_worker "/home/pete/wefwefwef/docs/other/2738886699/erlstream-branch-master/erlstream/apps/erlstream/src/erlstream_worker.erl" -> "/home/pete/wefwefwef/docs/other/2738886699/repo/master/.xml/erlstream/erlstream_worker.xml"
Generating XML erlstream - parse_config "/home/pete/wefwefwef/docs/other/2738886699/erlstream-branch-master/erlstream/apps/erlstream/src/parse_config.erl" -> "/home/pete/wefwefwef/docs/other/2738886699/repo/master/.xml/erlstream/parse_config.xml"
/home/pete/wefwefwef/docs/other/2738886699/erlstream-branch-master/erlstream/apps/erlstream/src/parse_config.erl: at line 20: can't find include lib "rabbit_common/include/rabbit.hrl"
Error generating XML ("/home/pete/wefwefwef/docs/other/2738886699/erlstream-branch-master/erlstream/apps/erlstream/src/parse_config.erl"): {'EXIT',
                                                                                                                                            error}
Generating XML erlstream - queue_manager "/home/pete/wefwefwef/docs/other/2738886699/erlstream-branch-master/erlstream/apps/erlstream/src/queue_manager.erl" -> "/home/pete/wefwefwef/docs/other/2738886699/repo/master/.xml/erlstream/queue_manager.xml"
/home/pete/wefwefwef/docs/other/2738886699/erlstream-branch-master/erlstream/apps/erlstream/src/queue_manager.erl: at line 20: can't find include lib "rabbit_common/include/rabbit.hrl"
Error generating XML ("/home/pete/wefwefwef/docs/other/2738886699/erlstream-branch-master/erlstream/apps/erlstream/src/queue_manager.erl"): {'EXIT',
                                                                                                                                             error}
Generating XML erlstream - twitter_process "/home/pete/wefwefwef/docs/other/2738886699/erlstream-branch-master/erlstream/apps/erlstream/src/twitter_process.erl" -> "/home/pete/wefwefwef/docs/other/2738886699/repo/master/.xml/erlstream/twitter_process.xml"
Generating XML erlstream - twitter_status "/home/pete/wefwefwef/docs/other/2738886699/erlstream-branch-master/erlstream/apps/erlstream/src/twitter_status.erl" -> "/home/pete/wefwefwef/docs/other/2738886699/repo/master/.xml/erlstream/twitter_status.xml"
Generating XML erlstream - twitter_stream "/home/pete/wefwefwef/docs/other/2738886699/erlstream-branch-master/erlstream/apps/erlstream/src/twitter_stream.erl" -> "/home/pete/wefwefwef/docs/other/2738886699/repo/master/.xml/erlstream/twitter_stream.xml"
Generating HTML - twitter_stream "/home/pete/wefwefwef/docs/other/2738886699/repo/master/.xml/erlstream/twitter_stream.xml"
Generating HTML - twitter_status "/home/pete/wefwefwef/docs/other/2738886699/repo/master/.xml/erlstream/twitter_status.xml"
Generating HTML - twitter_process "/home/pete/wefwefwef/docs/other/2738886699/repo/master/.xml/erlstream/twitter_process.xml"
Generating HTML - counter_serv "/home/pete/wefwefwef/docs/other/2738886699/repo/master/.xml/erlstream/counter_serv.xml"
Reading XML for "/home/pete/wefwefwef/docs/other/2738886699/repo/master/.xml/erlstream/twitter_stream.xml"
Reading XML for "/home/pete/wefwefwef/docs/other/2738886699/repo/master/.xml/erlstream/twitter_status.xml"
Reading XML for "/home/pete/wefwefwef/docs/other/2738886699/repo/master/.xml/erlstream/twitter_process.xml"
Reading XML for "/home/pete/wefwefwef/docs/other/2738886699/repo/master/.xml/erlstream/counter_serv.xml"
Reading XML for "/home/pete/wefwefwef/docs/other/2738886699/repo/master/.xml/specs_twitter_stream.xml"
Reading XML for "/home/pete/wefwefwef/docs/other/2738886699/repo/master/.xml/specs_counter_serv.xml"
Reading XML for "/home/pete/wefwefwef/docs/other/2738886699/repo/master/.xml/specs_twitter_status.xml"
Reading XML for "/home/pete/wefwefwef/docs/other/2738886699/repo/master/.xml/specs_twitter_process.xml"
Generating HTML - erlstream "/home/pete/wefwefwef/docs/other/2738886699/repo/master/.xml/erlstream/erlstream.xml"
Reading XML for "/home/pete/wefwefwef/docs/other/2738886699/repo/master/.xml/erlstream/erlstream.xml"
Reading XML for "/home/pete/wefwefwef/docs/other/2738886699/repo/master/.xml/specs_erlstream.xml"
Generating HTML - erlstream_app "/home/pete/wefwefwef/docs/other/2738886699/repo/master/.xml/erlstream/erlstream_app.xml"
Reading XML for "/home/pete/wefwefwef/docs/other/2738886699/repo/master/.xml/erlstream/erlstream_app.xml"
Reading XML for "/home/pete/wefwefwef/docs/other/2738886699/repo/master/.xml/specs_erlstream_app.xml"
Generating HTML - erlstream_worker "/home/pete/wefwefwef/docs/other/2738886699/repo/master/.xml/erlstream/erlstream_worker.xml"
Reading XML for "/home/pete/wefwefwef/docs/other/2738886699/repo/master/.xml/erlstream/erlstream_worker.xml"
Reading XML for "/home/pete/wefwefwef/docs/other/2738886699/repo/master/.xml/specs_erlstream_worker.xml"
Building erlstream
Generating XML for application erlstream "/home/pete/wefwefwef/docs/other/2738886699/erlstream-branch-master/erlstream" -> "/home/pete/wefwefwef/docs/other/2738886699/repo/master/.xml/erlstream"
/home/pete/wefwefwef/docs/other/2738886699/erlstream-branch-master/erlstream/apps/erlstream/src/queue_manager.erl: at line 20: can't find include lib "rabbit_common/include/rabbit.hrl"
edoc: skipping source file '/home/pete/wefwefwef/docs/other/2738886699/erlstream-branch-master/erlstream/apps/erlstream/src/queue_manager.erl': {'EXIT',
                                                                                                                                           error}.
/home/pete/wefwefwef/docs/other/2738886699/erlstream-branch-master/erlstream/apps/erlstream/src/erlstream_sup.erl, function start_link/1: at line 22: @spec arity does not match.
edoc: skipping source file '/home/pete/wefwefwef/docs/other/2738886699/erlstream-branch-master/erlstream/apps/erlstream/src/erlstream_sup.erl': {'EXIT',
                                                                                                                                           error}.
/home/pete/wefwefwef/docs/other/2738886699/erlstream-branch-master/erlstream/apps/erlstream/src/parse_config.erl: at line 20: can't find include lib "rabbit_common/include/rabbit.hrl"
edoc: skipping source file '/home/pete/wefwefwef/docs/other/2738886699/erlstream-branch-master/erlstream/apps/erlstream/src/parse_config.erl': {'EXIT',
                                                                                                                                          error}.
edoc: error in doclet 'edoc_doclet': {'EXIT',error}.
Error generating erlstream XMLs. Using fallback ...
Creating index.html ...
Creating erldocs_index.js ...
Woot, finished in 0 Minutes 1 Seconds
 :: Discovering other repos
$ 5000  `rm -r '/home/pete/wefwefwef/docs/other/2738886699/erlstream-branch-master'  2>&1`
 :: Finishing up
$ 5000  `rm -r '/home/pete/wefwefwef/docs/other/2738886699/erlstream'  2>&1`
