 :: Extracting meta information
$ 5000  `git ls-remote --heads --tags 'https://github.com/spilgames/erl-decorator-pt'  2>&1`
>>> [repo] 2 branches, 4 tags
 :: Writing meta to "/home/pete/wefwefwef/docs/other/7046703125/meta.txt"
 :: Processing https://github.com/spilgames/erl-decorator-pt	{rev,tag,"0.0.0","2bfa2608a67b007e332bb55eead2f0d44a86c399"}
 :: Fetching repo code
$ cd "/home/pete/wefwefwef/docs/other/7046703125/erl-decorator-pt-tag-0.0.0/erl-decorator-pt"
$ infinity  `curl --fail --silent --show-error --location --output '0.0.0.zip' 'https://github.com/spilgames/erl-decorator-pt/archive/0.0.0.zip'  2>&1`
$ cd "/home/pete/wefwefwef/docs/erldocs_other.git"
$ cd "/home/pete/wefwefwef/docs/other/7046703125/erl-decorator-pt-tag-0.0.0/erl-decorator-pt"
$ 5000  `find -P . -type l -delete  2>&1`
$ cd "/home/pete/wefwefwef/docs/erldocs_other.git"
$ cd "/home/pete/wefwefwef/docs/other/7046703125/erl-decorator-pt-tag-0.0.0/erl-decorator-pt"
$ 5000  `find 'erl-decorator-pt-0.0.0' -mindepth 1 -maxdepth 1 -exec mv -t . -- {} +  2>&1`
$ cd "/home/pete/wefwefwef/docs/erldocs_other.git"
 :: Getting dependencies
$ cd "/home/pete/wefwefwef/docs/other/7046703125/erl-decorator-pt-tag-0.0.0/erl-decorator-pt"
$ 5000  `ls -1 deps/  2>&1`
$ cd "/home/pete/wefwefwef/docs/erldocs_other.git"
>>> [rebar] deps = []
 :: Generating erldocs into /home/pete/wefwefwef/docs/other/7046703125/repo/0.0.0
Building erl-decorator-pt
Generating Type Specs - "/home/pete/wefwefwef/docs/other/7046703125/erl-decorator-pt-tag-0.0.0/erl-decorator-pt/src/decorator_pt_fun.erl"
Generating XML for application erl-decorator-pt "/home/pete/wefwefwef/docs/other/7046703125/erl-decorator-pt-tag-0.0.0/erl-decorator-pt" -> "/home/pete/wefwefwef/docs/other/7046703125/repo/0.0.0/.xml/erl-decorator-pt"
Generated erl-decorator-pt XMLs: ["/home/pete/wefwefwef/docs/other/7046703125/repo/0.0.0/.xml/erl-decorator-pt/decorator_pt_fun.xml"]
Generating HTML - decorator_pt_fun "/home/pete/wefwefwef/docs/other/7046703125/repo/0.0.0/.xml/erl-decorator-pt/decorator_pt_fun.xml"
Reading XML for "/home/pete/wefwefwef/docs/other/7046703125/repo/0.0.0/.xml/erl-decorator-pt/decorator_pt_fun.xml"
Reading XML for "/home/pete/wefwefwef/docs/other/7046703125/repo/0.0.0/.xml/specs_decorator_pt_fun.xml"
Creating index.html ...
Creating erldocs_index.js ...
Woot, finished in 0 Minutes 0 Seconds
 :: Discovering other repos
$ 5000  `rm -r '/home/pete/wefwefwef/docs/other/7046703125/erl-decorator-pt-tag-0.0.0'  2>&1`
 :: Processing https://github.com/spilgames/erl-decorator-pt	{rev,tag,"1.0.0","4991961e4ec0b932a34a93190b9ca5ea6dbd0a8c"}
 :: Fetching repo code
$ cd "/home/pete/wefwefwef/docs/other/7046703125/erl-decorator-pt-tag-1.0.0/erl-decorator-pt"
$ infinity  `curl --fail --silent --show-error --location --output '1.0.0.zip' 'https://github.com/spilgames/erl-decorator-pt/archive/1.0.0.zip'  2>&1`
$ cd "/home/pete/wefwefwef/docs/erldocs_other.git"
$ cd "/home/pete/wefwefwef/docs/other/7046703125/erl-decorator-pt-tag-1.0.0/erl-decorator-pt"
$ 5000  `find -P . -type l -delete  2>&1`
$ cd "/home/pete/wefwefwef/docs/erldocs_other.git"
$ cd "/home/pete/wefwefwef/docs/other/7046703125/erl-decorator-pt-tag-1.0.0/erl-decorator-pt"
$ 5000  `find 'erl-decorator-pt-1.0.0' -mindepth 1 -maxdepth 1 -exec mv -t . -- {} +  2>&1`
$ cd "/home/pete/wefwefwef/docs/erldocs_other.git"
 :: Getting dependencies
$ cd "/home/pete/wefwefwef/docs/other/7046703125/erl-decorator-pt-tag-1.0.0/erl-decorator-pt"
$ 5000  `ls -1 deps/  2>&1`
$ cd "/home/pete/wefwefwef/docs/erldocs_other.git"
>>> [rebar] deps = []
 :: Generating erldocs into /home/pete/wefwefwef/docs/other/7046703125/repo/1.0.0
Building erl-decorator-pt
Generating Type Specs - "/home/pete/wefwefwef/docs/other/7046703125/erl-decorator-pt-tag-1.0.0/erl-decorator-pt/src/decorator_pt_core.erl"
Generating Type Specs - "/home/pete/wefwefwef/docs/other/7046703125/erl-decorator-pt-tag-1.0.0/erl-decorator-pt/src/decorator_pt_fun.erl"
Generating XML for application erl-decorator-pt "/home/pete/wefwefwef/docs/other/7046703125/erl-decorator-pt-tag-1.0.0/erl-decorator-pt" -> "/home/pete/wefwefwef/docs/other/7046703125/repo/1.0.0/.xml/erl-decorator-pt"
Generated erl-decorator-pt XMLs: ["/home/pete/wefwefwef/docs/other/7046703125/repo/1.0.0/.xml/erl-decorator-pt/decorator_pt_fun.xml",
                                  "/home/pete/wefwefwef/docs/other/7046703125/repo/1.0.0/.xml/erl-decorator-pt/decorator_pt_core.xml"]
Generating HTML - decorator_pt_core "/home/pete/wefwefwef/docs/other/7046703125/repo/1.0.0/.xml/erl-decorator-pt/decorator_pt_core.xml"
Reading XML for "/home/pete/wefwefwef/docs/other/7046703125/repo/1.0.0/.xml/erl-decorator-pt/decorator_pt_core.xml"
Reading XML for "/home/pete/wefwefwef/docs/other/7046703125/repo/1.0.0/.xml/specs_decorator_pt_core.xml"
Generating HTML - decorator_pt_fun "/home/pete/wefwefwef/docs/other/7046703125/repo/1.0.0/.xml/erl-decorator-pt/decorator_pt_fun.xml"
Reading XML for "/home/pete/wefwefwef/docs/other/7046703125/repo/1.0.0/.xml/erl-decorator-pt/decorator_pt_fun.xml"
Reading XML for "/home/pete/wefwefwef/docs/other/7046703125/repo/1.0.0/.xml/specs_decorator_pt_fun.xml"
Creating index.html ...
Creating erldocs_index.js ...
Woot, finished in 0 Minutes 0 Seconds
 :: Discovering other repos
$ 5000  `rm -r '/home/pete/wefwefwef/docs/other/7046703125/erl-decorator-pt-tag-1.0.0'  2>&1`
 :: Processing https://github.com/spilgames/erl-decorator-pt	{rev,tag,"1.0.1","43c28644565ffd3ce8ecf944bd2aece32d3230d2"}
 :: Fetching repo code
$ cd "/home/pete/wefwefwef/docs/other/7046703125/erl-decorator-pt-tag-1.0.1/erl-decorator-pt"
$ infinity  `curl --fail --silent --show-error --location --output '1.0.1.zip' 'https://github.com/spilgames/erl-decorator-pt/archive/1.0.1.zip'  2>&1`
$ cd "/home/pete/wefwefwef/docs/erldocs_other.git"
$ cd "/home/pete/wefwefwef/docs/other/7046703125/erl-decorator-pt-tag-1.0.1/erl-decorator-pt"
$ 5000  `find -P . -type l -delete  2>&1`
$ cd "/home/pete/wefwefwef/docs/erldocs_other.git"
$ cd "/home/pete/wefwefwef/docs/other/7046703125/erl-decorator-pt-tag-1.0.1/erl-decorator-pt"
$ 5000  `find 'erl-decorator-pt-1.0.1' -mindepth 1 -maxdepth 1 -exec mv -t . -- {} +  2>&1`
$ cd "/home/pete/wefwefwef/docs/erldocs_other.git"
 :: Getting dependencies
$ cd "/home/pete/wefwefwef/docs/other/7046703125/erl-decorator-pt-tag-1.0.1/erl-decorator-pt"
$ 5000  `ls -1 deps/  2>&1`
$ cd "/home/pete/wefwefwef/docs/erldocs_other.git"
>>> [rebar] deps = []
 :: Generating erldocs into /home/pete/wefwefwef/docs/other/7046703125/repo/1.0.1
Building erl-decorator-pt
Generating Type Specs - "/home/pete/wefwefwef/docs/other/7046703125/erl-decorator-pt-tag-1.0.1/erl-decorator-pt/src/decorator_pt_core.erl"
Generating Type Specs - "/home/pete/wefwefwef/docs/other/7046703125/erl-decorator-pt-tag-1.0.1/erl-decorator-pt/src/decorator_pt_fun.erl"
Generating XML for application erl-decorator-pt "/home/pete/wefwefwef/docs/other/7046703125/erl-decorator-pt-tag-1.0.1/erl-decorator-pt" -> "/home/pete/wefwefwef/docs/other/7046703125/repo/1.0.1/.xml/erl-decorator-pt"
Generated erl-decorator-pt XMLs: ["/home/pete/wefwefwef/docs/other/7046703125/repo/1.0.1/.xml/erl-decorator-pt/decorator_pt_fun.xml",
                                  "/home/pete/wefwefwef/docs/other/7046703125/repo/1.0.1/.xml/erl-decorator-pt/decorator_pt_core.xml"]
Generating HTML - decorator_pt_core "/home/pete/wefwefwef/docs/other/7046703125/repo/1.0.1/.xml/erl-decorator-pt/decorator_pt_core.xml"
Reading XML for "/home/pete/wefwefwef/docs/other/7046703125/repo/1.0.1/.xml/erl-decorator-pt/decorator_pt_core.xml"
Reading XML for "/home/pete/wefwefwef/docs/other/7046703125/repo/1.0.1/.xml/specs_decorator_pt_core.xml"
Generating HTML - decorator_pt_fun "/home/pete/wefwefwef/docs/other/7046703125/repo/1.0.1/.xml/erl-decorator-pt/decorator_pt_fun.xml"
Reading XML for "/home/pete/wefwefwef/docs/other/7046703125/repo/1.0.1/.xml/erl-decorator-pt/decorator_pt_fun.xml"
Reading XML for "/home/pete/wefwefwef/docs/other/7046703125/repo/1.0.1/.xml/specs_decorator_pt_fun.xml"
Creating index.html ...
Creating erldocs_index.js ...
Woot, finished in 0 Minutes 0 Seconds
 :: Discovering other repos
$ 5000  `rm -r '/home/pete/wefwefwef/docs/other/7046703125/erl-decorator-pt-tag-1.0.1'  2>&1`
 :: Processing https://github.com/spilgames/erl-decorator-pt	{rev,tag,"1.0.2","67bebc740d5512e136dc502451387c7f0cad6859"}
 :: Fetching repo code
$ cd "/home/pete/wefwefwef/docs/other/7046703125/erl-decorator-pt-tag-1.0.2/erl-decorator-pt"
$ infinity  `curl --fail --silent --show-error --location --output '1.0.2.zip' 'https://github.com/spilgames/erl-decorator-pt/archive/1.0.2.zip'  2>&1`
$ cd "/home/pete/wefwefwef/docs/erldocs_other.git"
$ cd "/home/pete/wefwefwef/docs/other/7046703125/erl-decorator-pt-tag-1.0.2/erl-decorator-pt"
$ 5000  `find -P . -type l -delete  2>&1`
$ cd "/home/pete/wefwefwef/docs/erldocs_other.git"
$ cd "/home/pete/wefwefwef/docs/other/7046703125/erl-decorator-pt-tag-1.0.2/erl-decorator-pt"
$ 5000  `find 'erl-decorator-pt-1.0.2' -mindepth 1 -maxdepth 1 -exec mv -t . -- {} +  2>&1`
$ cd "/home/pete/wefwefwef/docs/erldocs_other.git"
 :: Getting dependencies
$ cd "/home/pete/wefwefwef/docs/other/7046703125/erl-decorator-pt-tag-1.0.2/erl-decorator-pt"
$ 5000  `ls -1 deps/  2>&1`
$ cd "/home/pete/wefwefwef/docs/erldocs_other.git"
>>> [rebar] deps = []
 :: Generating erldocs into /home/pete/wefwefwef/docs/other/7046703125/repo/1.0.2
Building erl-decorator-pt
Generating Type Specs - "/home/pete/wefwefwef/docs/other/7046703125/erl-decorator-pt-tag-1.0.2/erl-decorator-pt/src/decorator_pt_core.erl"
Generating Type Specs - "/home/pete/wefwefwef/docs/other/7046703125/erl-decorator-pt-tag-1.0.2/erl-decorator-pt/src/decorator_pt_fun.erl"
Generating XML for application erl-decorator-pt "/home/pete/wefwefwef/docs/other/7046703125/erl-decorator-pt-tag-1.0.2/erl-decorator-pt" -> "/home/pete/wefwefwef/docs/other/7046703125/repo/1.0.2/.xml/erl-decorator-pt"
Generated erl-decorator-pt XMLs: ["/home/pete/wefwefwef/docs/other/7046703125/repo/1.0.2/.xml/erl-decorator-pt/decorator_pt_fun.xml",
                                  "/home/pete/wefwefwef/docs/other/7046703125/repo/1.0.2/.xml/erl-decorator-pt/decorator_pt_core.xml"]
Generating HTML - decorator_pt_core "/home/pete/wefwefwef/docs/other/7046703125/repo/1.0.2/.xml/erl-decorator-pt/decorator_pt_core.xml"
Reading XML for "/home/pete/wefwefwef/docs/other/7046703125/repo/1.0.2/.xml/erl-decorator-pt/decorator_pt_core.xml"
Reading XML for "/home/pete/wefwefwef/docs/other/7046703125/repo/1.0.2/.xml/specs_decorator_pt_core.xml"
Generating HTML - decorator_pt_fun "/home/pete/wefwefwef/docs/other/7046703125/repo/1.0.2/.xml/erl-decorator-pt/decorator_pt_fun.xml"
Reading XML for "/home/pete/wefwefwef/docs/other/7046703125/repo/1.0.2/.xml/erl-decorator-pt/decorator_pt_fun.xml"
Reading XML for "/home/pete/wefwefwef/docs/other/7046703125/repo/1.0.2/.xml/specs_decorator_pt_fun.xml"
Creating index.html ...
Creating erldocs_index.js ...
Woot, finished in 0 Minutes 0 Seconds
 :: Discovering other repos
$ 5000  `rm -r '/home/pete/wefwefwef/docs/other/7046703125/erl-decorator-pt-tag-1.0.2'  2>&1`
 :: Processing https://github.com/spilgames/erl-decorator-pt	{rev,branch,"master","67bebc740d5512e136dc502451387c7f0cad6859"}
 :: Fetching repo code
$ cd "/home/pete/wefwefwef/docs/other/7046703125/erl-decorator-pt-branch-master/erl-decorator-pt"
$ infinity  `curl --fail --silent --show-error --location --output 'master.zip' 'https://github.com/spilgames/erl-decorator-pt/archive/master.zip'  2>&1`
$ cd "/home/pete/wefwefwef/docs/erldocs_other.git"
$ cd "/home/pete/wefwefwef/docs/other/7046703125/erl-decorator-pt-branch-master/erl-decorator-pt"
$ 5000  `find -P . -type l -delete  2>&1`
$ cd "/home/pete/wefwefwef/docs/erldocs_other.git"
$ cd "/home/pete/wefwefwef/docs/other/7046703125/erl-decorator-pt-branch-master/erl-decorator-pt"
$ 5000  `find 'erl-decorator-pt-master' -mindepth 1 -maxdepth 1 -exec mv -t . -- {} +  2>&1`
$ cd "/home/pete/wefwefwef/docs/erldocs_other.git"
 :: Getting dependencies
$ cd "/home/pete/wefwefwef/docs/other/7046703125/erl-decorator-pt-branch-master/erl-decorator-pt"
$ 5000  `ls -1 deps/  2>&1`
$ cd "/home/pete/wefwefwef/docs/erldocs_other.git"
>>> [rebar] deps = []
 :: Generating erldocs into /home/pete/wefwefwef/docs/other/7046703125/repo/master
Building erl-decorator-pt
Generating Type Specs - "/home/pete/wefwefwef/docs/other/7046703125/erl-decorator-pt-branch-master/erl-decorator-pt/src/decorator_pt_core.erl"
Generating Type Specs - "/home/pete/wefwefwef/docs/other/7046703125/erl-decorator-pt-branch-master/erl-decorator-pt/src/decorator_pt_fun.erl"
Generating XML for application erl-decorator-pt "/home/pete/wefwefwef/docs/other/7046703125/erl-decorator-pt-branch-master/erl-decorator-pt" -> "/home/pete/wefwefwef/docs/other/7046703125/repo/master/.xml/erl-decorator-pt"
Generated erl-decorator-pt XMLs: ["/home/pete/wefwefwef/docs/other/7046703125/repo/master/.xml/erl-decorator-pt/decorator_pt_fun.xml",
                                  "/home/pete/wefwefwef/docs/other/7046703125/repo/master/.xml/erl-decorator-pt/decorator_pt_core.xml"]
Generating HTML - decorator_pt_core "/home/pete/wefwefwef/docs/other/7046703125/repo/master/.xml/erl-decorator-pt/decorator_pt_core.xml"
Reading XML for "/home/pete/wefwefwef/docs/other/7046703125/repo/master/.xml/erl-decorator-pt/decorator_pt_core.xml"
Reading XML for "/home/pete/wefwefwef/docs/other/7046703125/repo/master/.xml/specs_decorator_pt_core.xml"
Generating HTML - decorator_pt_fun "/home/pete/wefwefwef/docs/other/7046703125/repo/master/.xml/erl-decorator-pt/decorator_pt_fun.xml"
Reading XML for "/home/pete/wefwefwef/docs/other/7046703125/repo/master/.xml/erl-decorator-pt/decorator_pt_fun.xml"
Reading XML for "/home/pete/wefwefwef/docs/other/7046703125/repo/master/.xml/specs_decorator_pt_fun.xml"
Creating index.html ...
Creating erldocs_index.js ...
Woot, finished in 0 Minutes 0 Seconds
 :: Discovering other repos
$ 5000  `rm -r '/home/pete/wefwefwef/docs/other/7046703125/erl-decorator-pt-branch-master'  2>&1`
 :: Processing https://github.com/spilgames/erl-decorator-pt	{rev,branch,"support_multiple_function_clauses","a145f94ff3ef3521cc99b2bd3171b6f58b57f8b4"}
 :: Fetching repo code
$ cd "/home/pete/wefwefwef/docs/other/7046703125/erl-decorator-pt-branch-support_multiple_function_clauses/erl-decorator-pt"
$ infinity  `curl --fail --silent --show-error --location --output 'support_multiple_function_clauses.zip' 'https://github.com/spilgames/erl-decorator-pt/archive/support_multiple_function_clauses.zip'  2>&1`
$ cd "/home/pete/wefwefwef/docs/erldocs_other.git"
$ cd "/home/pete/wefwefwef/docs/other/7046703125/erl-decorator-pt-branch-support_multiple_function_clauses/erl-decorator-pt"
$ 5000  `find -P . -type l -delete  2>&1`
$ cd "/home/pete/wefwefwef/docs/erldocs_other.git"
$ cd "/home/pete/wefwefwef/docs/other/7046703125/erl-decorator-pt-branch-support_multiple_function_clauses/erl-decorator-pt"
$ 5000  `find 'erl-decorator-pt-support_multiple_function_clauses' -mindepth 1 -maxdepth 1 -exec mv -t . -- {} +  2>&1`
$ cd "/home/pete/wefwefwef/docs/erldocs_other.git"
 :: Getting dependencies
$ cd "/home/pete/wefwefwef/docs/other/7046703125/erl-decorator-pt-branch-support_multiple_function_clauses/erl-decorator-pt"
$ 5000  `ls -1 deps/  2>&1`
$ cd "/home/pete/wefwefwef/docs/erldocs_other.git"
>>> [rebar] deps = []
 :: Generating erldocs into /home/pete/wefwefwef/docs/other/7046703125/repo/support_multiple_function_clauses
Building erl-decorator-pt
Generating Type Specs - "/home/pete/wefwefwef/docs/other/7046703125/erl-decorator-pt-branch-support_multiple_function_clauses/erl-decorator-pt/src/decorator_pt_core.erl"
Generating Type Specs - "/home/pete/wefwefwef/docs/other/7046703125/erl-decorator-pt-branch-support_multiple_function_clauses/erl-decorator-pt/src/decorator_pt_fun.erl"
Generating XML for application erl-decorator-pt "/home/pete/wefwefwef/docs/other/7046703125/erl-decorator-pt-branch-support_multiple_function_clauses/erl-decorator-pt" -> "/home/pete/wefwefwef/docs/other/7046703125/repo/support_multiple_function_clauses/.xml/erl-decorator-pt"
Generated erl-decorator-pt XMLs: ["/home/pete/wefwefwef/docs/other/7046703125/repo/support_multiple_function_clauses/.xml/erl-decorator-pt/decorator_pt_fun.xml",
                                  "/home/pete/wefwefwef/docs/other/7046703125/repo/support_multiple_function_clauses/.xml/erl-decorator-pt/decorator_pt_core.xml"]
Generating HTML - decorator_pt_core "/home/pete/wefwefwef/docs/other/7046703125/repo/support_multiple_function_clauses/.xml/erl-decorator-pt/decorator_pt_core.xml"
Reading XML for "/home/pete/wefwefwef/docs/other/7046703125/repo/support_multiple_function_clauses/.xml/erl-decorator-pt/decorator_pt_core.xml"
Reading XML for "/home/pete/wefwefwef/docs/other/7046703125/repo/support_multiple_function_clauses/.xml/specs_decorator_pt_core.xml"
Generating HTML - decorator_pt_fun "/home/pete/wefwefwef/docs/other/7046703125/repo/support_multiple_function_clauses/.xml/erl-decorator-pt/decorator_pt_fun.xml"
Reading XML for "/home/pete/wefwefwef/docs/other/7046703125/repo/support_multiple_function_clauses/.xml/erl-decorator-pt/decorator_pt_fun.xml"
Reading XML for "/home/pete/wefwefwef/docs/other/7046703125/repo/support_multiple_function_clauses/.xml/specs_decorator_pt_fun.xml"
Creating index.html ...
Creating erldocs_index.js ...
Woot, finished in 0 Minutes 0 Seconds
 :: Discovering other repos
$ 5000  `rm -r '/home/pete/wefwefwef/docs/other/7046703125/erl-decorator-pt-branch-support_multiple_function_clauses'  2>&1`
 :: Erldocs finishing up
$ 5000  `rm -r '/home/pete/wefwefwef/docs/other/7046703125/erl-decorator-pt'  2>&1`
