 :: Extracting meta information
$ 5000  `git ls-remote --heads --tags 'https://github.com/tjarvstrand/elx'  2>&1`
>>> [repo] 1 branches, 0 tags
 :: Writing meta to "/home/pete/wefwefwef/docs/other/7965173626/meta.txt"
 :: Processing https://github.com/tjarvstrand/elx	{rev,branch,"master","8e394e36788a786a452c57b001330474f07cf8bb"}
 :: Fetching repo code
$ cd "/home/pete/wefwefwef/docs/other/7965173626/elx-branch-master/elx"
$ infinity  `curl --fail --silent --show-error --location --output 'master.zip' 'https://github.com/tjarvstrand/elx/archive/master.zip'  2>&1`
$ cd "/home/pete/wefwefwef/docs/erldocs_other.git"
$ cd "/home/pete/wefwefwef/docs/other/7965173626/elx-branch-master/elx"
$ 5000  `find -P . -type l -delete  2>&1`
$ cd "/home/pete/wefwefwef/docs/erldocs_other.git"
$ cd "/home/pete/wefwefwef/docs/other/7965173626/elx-branch-master/elx"
$ 5000  `find 'elx-master' -mindepth 1 -maxdepth 1 -exec mv -t . -- {} +  2>&1`
$ cd "/home/pete/wefwefwef/docs/erldocs_other.git"
 :: Getting dependencies
$ cd "/home/pete/wefwefwef/docs/other/7965173626/elx-branch-master/elx"
$ 5000  `ls -1 deps/  2>&1`
$ cd "/home/pete/wefwefwef/docs/erldocs_other.git"
>>> [rebar] deps = []
 :: Generating erldocs into /home/pete/wefwefwef/docs/other/7965173626/repo/master
Building elx
Generating Type Specs - "/home/pete/wefwefwef/docs/other/7965173626/elx-branch-master/elx/src/elx.erl"
Generating Type Specs - "/home/pete/wefwefwef/docs/other/7965173626/elx-branch-master/elx/src/elx_dfa.erl"
Generating Type Specs - "/home/pete/wefwefwef/docs/other/7965173626/elx-branch-master/elx/src/elx_grammar.erl"
Generating Type Specs - "/home/pete/wefwefwef/docs/other/7965173626/elx-branch-master/elx/src/elx_lex.erl"
Generating Type Specs - "/home/pete/wefwefwef/docs/other/7965173626/elx-branch-master/elx/src/elx_parse_engine.erl"
Generating XML for application elx "/home/pete/wefwefwef/docs/other/7965173626/elx-branch-master/elx" -> "/home/pete/wefwefwef/docs/other/7965173626/repo/master/.xml/elx"
/home/pete/wefwefwef/docs/other/7965173626/elx-branch-master/elx/src/elx.erl, function token/0: at line 99: syntax error before: '..'
edoc: skipping source file '/home/pete/wefwefwef/docs/other/7965173626/elx-branch-master/elx/src/elx.erl': {'EXIT',
                                                                                                      error}.
/home/pete/wefwefwef/docs/other/7965173626/elx-branch-master/elx/src/elx_lex.erl, function string/2: at line 142: syntax error before: '..'
edoc: skipping source file '/home/pete/wefwefwef/docs/other/7965173626/elx-branch-master/elx/src/elx_lex.erl': {'EXIT',
                                                                                                          error}.
edoc: error in doclet 'edoc_doclet': {'EXIT',error}.
Error generating elx XMLs. Using fallback ...
Generating XML elx - elx "/home/pete/wefwefwef/docs/other/7965173626/elx-branch-master/elx/src/elx.erl" -> "/home/pete/wefwefwef/docs/other/7965173626/repo/master/.xml/elx/elx.xml"
/home/pete/wefwefwef/docs/other/7965173626/elx-branch-master/elx/src/elx.erl, function token/0: at line 99: syntax error before: '..'
Error generating XML ("/home/pete/wefwefwef/docs/other/7965173626/elx-branch-master/elx/src/elx.erl"): {'EXIT',
                                                                                                        error}
Generating XML elx - elx_dfa "/home/pete/wefwefwef/docs/other/7965173626/elx-branch-master/elx/src/elx_dfa.erl" -> "/home/pete/wefwefwef/docs/other/7965173626/repo/master/.xml/elx/elx_dfa.xml"
Generating XML elx - elx_grammar "/home/pete/wefwefwef/docs/other/7965173626/elx-branch-master/elx/src/elx_grammar.erl" -> "/home/pete/wefwefwef/docs/other/7965173626/repo/master/.xml/elx/elx_grammar.xml"
Generating XML elx - elx_lex "/home/pete/wefwefwef/docs/other/7965173626/elx-branch-master/elx/src/elx_lex.erl" -> "/home/pete/wefwefwef/docs/other/7965173626/repo/master/.xml/elx/elx_lex.xml"
/home/pete/wefwefwef/docs/other/7965173626/elx-branch-master/elx/src/elx_lex.erl, function string/2: at line 142: syntax error before: '..'
Error generating XML ("/home/pete/wefwefwef/docs/other/7965173626/elx-branch-master/elx/src/elx_lex.erl"): {'EXIT',
                                                                                                            error}
Generating XML elx - elx_parse_engine "/home/pete/wefwefwef/docs/other/7965173626/elx-branch-master/elx/src/elx_parse_engine.erl" -> "/home/pete/wefwefwef/docs/other/7965173626/repo/master/.xml/elx/elx_parse_engine.xml"
Generating HTML - elx_dfa "/home/pete/wefwefwef/docs/other/7965173626/repo/master/.xml/elx/elx_dfa.xml"
Reading XML for "/home/pete/wefwefwef/docs/other/7965173626/repo/master/.xml/elx/elx_dfa.xml"
Reading XML for "/home/pete/wefwefwef/docs/other/7965173626/repo/master/.xml/specs_elx_dfa.xml"
Generating HTML - elx_grammar "/home/pete/wefwefwef/docs/other/7965173626/repo/master/.xml/elx/elx_grammar.xml"
Reading XML for "/home/pete/wefwefwef/docs/other/7965173626/repo/master/.xml/elx/elx_grammar.xml"
Reading XML for "/home/pete/wefwefwef/docs/other/7965173626/repo/master/.xml/specs_elx_grammar.xml"
Generating HTML - elx_parse_engine "/home/pete/wefwefwef/docs/other/7965173626/repo/master/.xml/elx/elx_parse_engine.xml"
Reading XML for "/home/pete/wefwefwef/docs/other/7965173626/repo/master/.xml/elx/elx_parse_engine.xml"
Reading XML for "/home/pete/wefwefwef/docs/other/7965173626/repo/master/.xml/specs_elx_parse_engine.xml"
Creating index.html ...
Creating erldocs_index.js ...
Woot, finished in 0 Minutes 2 Seconds
 :: Discovering other repos
$ 5000  `rm -r '/home/pete/wefwefwef/docs/other/7965173626/elx-branch-master'  2>&1`
 :: Erldocs finishing up
$ 5000  `rm -r '/home/pete/wefwefwef/docs/other/7965173626/elx'  2>&1`
