 :: Extracting meta information
$ 5000  `git ls-remote --heads --tags 'https://github.com/olgeni/elib_gd'  2>&1`
>>> [repo] 1 branches, 1 tags
 :: Writing meta to "/home/pete/wefwefwef/docs/other/693451105/meta.txt"
 :: Processing https://github.com/olgeni/elib_gd	{rev,tag,"v2.0.0","cc0ec9a8407f0eb5dd076c9c5d40c01bef61ea03",undefined,[],[]}
 :: Fetching repo code
$ cd "/home/pete/wefwefwef/docs/other/693451105/elib_gd-tag-v2.0.0/elib_gd"
$ infinity  `curl --fail --silent --show-error --location --output 'v2.0.0.zip' 'https://github.com/olgeni/elib_gd/archive/v2.0.0.zip'  2>&1`
$ cd "/home/pete/wefwefwef/docs/erldocs_other.git"
$ cd "/home/pete/wefwefwef/docs/other/693451105/elib_gd-tag-v2.0.0/elib_gd"
$ 5000  `find -P . -type l -delete  2>&1`
$ cd "/home/pete/wefwefwef/docs/erldocs_other.git"
$ cd "/home/pete/wefwefwef/docs/other/693451105/elib_gd-tag-v2.0.0/elib_gd"
$ 5000  `find 'elib_gd-2.0.0' -mindepth 1 -maxdepth 1 -exec mv -t . -- {} +  2>&1`
$ cd "/home/pete/wefwefwef/docs/erldocs_other.git"
 :: Getting dependencies
$ cd "/home/pete/wefwefwef/docs/other/693451105/elib_gd-tag-v2.0.0/elib_gd"
$ 5000  `ls -1 deps/  2>&1`
$ cd "/home/pete/wefwefwef/docs/erldocs_other.git"
>>> [rebar] deps = []
 :: Generating erldocs into /home/pete/wefwefwef/docs/other/693451105/repo/v2.0.0
Building elib_gd
Generating Type Specs - "/home/pete/wefwefwef/docs/other/693451105/elib_gd-tag-v2.0.0/elib_gd/src/elib_gd_app.erl"
Generating Type Specs - "/home/pete/wefwefwef/docs/other/693451105/elib_gd-tag-v2.0.0/elib_gd/src/elib_gd_drv.erl"
Generating Type Specs - "/home/pete/wefwefwef/docs/other/693451105/elib_gd-tag-v2.0.0/elib_gd/src/elib_gd_sup.erl"
Generating Type Specs - "/home/pete/wefwefwef/docs/other/693451105/elib_gd-tag-v2.0.0/elib_gd/src/gd.erl"
Generating Type Specs - "/home/pete/wefwefwef/docs/other/693451105/elib_gd-tag-v2.0.0/elib_gd/src/gd_bounds.erl"
Generating Type Specs - "/home/pete/wefwefwef/docs/other/693451105/elib_gd-tag-v2.0.0/elib_gd/src/gd_face.erl"
Generating Type Specs - "/home/pete/wefwefwef/docs/other/693451105/elib_gd-tag-v2.0.0/elib_gd/src/gd_font.erl"
Generating Type Specs - "/home/pete/wefwefwef/docs/other/693451105/elib_gd-tag-v2.0.0/elib_gd/src/gd_font_metrics.erl"
Generating XML for application elib_gd "/home/pete/wefwefwef/docs/other/693451105/elib_gd-tag-v2.0.0/elib_gd" -> "/home/pete/wefwefwef/docs/other/693451105/repo/v2.0.0/.xml/elib_gd"
Generated elib_gd XMLs: ["/home/pete/wefwefwef/docs/other/693451105/repo/v2.0.0/.xml/elib_gd/gd_font.xml",
                         "/home/pete/wefwefwef/docs/other/693451105/repo/v2.0.0/.xml/elib_gd/gd_font_metrics.xml",
                         "/home/pete/wefwefwef/docs/other/693451105/repo/v2.0.0/.xml/elib_gd/elib_gd_sup.xml",
                         "/home/pete/wefwefwef/docs/other/693451105/repo/v2.0.0/.xml/elib_gd/gd.xml",
                         "/home/pete/wefwefwef/docs/other/693451105/repo/v2.0.0/.xml/elib_gd/elib_gd_app.xml",
                         "/home/pete/wefwefwef/docs/other/693451105/repo/v2.0.0/.xml/elib_gd/gd_bounds.xml",
                         "/home/pete/wefwefwef/docs/other/693451105/repo/v2.0.0/.xml/elib_gd/gd_face.xml",
                         "/home/pete/wefwefwef/docs/other/693451105/repo/v2.0.0/.xml/elib_gd/elib_gd_drv.xml"]
Generating HTML - gd_font_metrics "/home/pete/wefwefwef/docs/other/693451105/repo/v2.0.0/.xml/elib_gd/gd_font_metrics.xml"
Generating HTML - gd "/home/pete/wefwefwef/docs/other/693451105/repo/v2.0.0/.xml/elib_gd/gd.xml"
Generating HTML - gd_bounds "/home/pete/wefwefwef/docs/other/693451105/repo/v2.0.0/.xml/elib_gd/gd_bounds.xml"
Generating HTML - elib_gd_drv "/home/pete/wefwefwef/docs/other/693451105/repo/v2.0.0/.xml/elib_gd/elib_gd_drv.xml"
Reading XML for "/home/pete/wefwefwef/docs/other/693451105/repo/v2.0.0/.xml/elib_gd/gd_font_metrics.xml"
Reading XML for "/home/pete/wefwefwef/docs/other/693451105/repo/v2.0.0/.xml/elib_gd/gd.xml"
Reading XML for "/home/pete/wefwefwef/docs/other/693451105/repo/v2.0.0/.xml/elib_gd/gd_bounds.xml"
Reading XML for "/home/pete/wefwefwef/docs/other/693451105/repo/v2.0.0/.xml/elib_gd/elib_gd_drv.xml"
Reading XML for "/home/pete/wefwefwef/docs/other/693451105/repo/v2.0.0/.xml/specs_gd_font_metrics.xml"
Reading XML for "/home/pete/wefwefwef/docs/other/693451105/repo/v2.0.0/.xml/specs_gd_bounds.xml"
Reading XML for "/home/pete/wefwefwef/docs/other/693451105/repo/v2.0.0/.xml/specs_elib_gd_drv.xml"
Generating HTML - gd_font "/home/pete/wefwefwef/docs/other/693451105/repo/v2.0.0/.xml/elib_gd/gd_font.xml"
Generating HTML - gd_face "/home/pete/wefwefwef/docs/other/693451105/repo/v2.0.0/.xml/elib_gd/gd_face.xml"
Reading XML for "/home/pete/wefwefwef/docs/other/693451105/repo/v2.0.0/.xml/elib_gd/gd_font.xml"
Generating HTML - elib_gd_app "/home/pete/wefwefwef/docs/other/693451105/repo/v2.0.0/.xml/elib_gd/elib_gd_app.xml"
Reading XML for "/home/pete/wefwefwef/docs/other/693451105/repo/v2.0.0/.xml/elib_gd/gd_face.xml"
Reading XML for "/home/pete/wefwefwef/docs/other/693451105/repo/v2.0.0/.xml/elib_gd/elib_gd_app.xml"
Reading XML for "/home/pete/wefwefwef/docs/other/693451105/repo/v2.0.0/.xml/specs_gd.xml"
Reading XML for "/home/pete/wefwefwef/docs/other/693451105/repo/v2.0.0/.xml/specs_gd_font.xml"
Reading XML for "/home/pete/wefwefwef/docs/other/693451105/repo/v2.0.0/.xml/specs_elib_gd_app.xml"
Reading XML for "/home/pete/wefwefwef/docs/other/693451105/repo/v2.0.0/.xml/specs_gd_face.xml"
Generating HTML - elib_gd_sup "/home/pete/wefwefwef/docs/other/693451105/repo/v2.0.0/.xml/elib_gd/elib_gd_sup.xml"
Reading XML for "/home/pete/wefwefwef/docs/other/693451105/repo/v2.0.0/.xml/elib_gd/elib_gd_sup.xml"
Reading XML for "/home/pete/wefwefwef/docs/other/693451105/repo/v2.0.0/.xml/specs_elib_gd_sup.xml"
Creating index.html ...
Creating erldocs_index.js ...
Woot, finished in 0 Minutes 0 Seconds
 :: Discovering other repos
$ 5000  `rm -r '/home/pete/wefwefwef/docs/other/693451105/elib_gd-tag-v2.0.0'  2>&1`
 :: Processing https://github.com/olgeni/elib_gd	{rev,branch,"master","a5c3d9c97b08e599a6968c0c4126d3b0691c7a33",undefined,[],[]}
 :: Fetching repo code
$ cd "/home/pete/wefwefwef/docs/other/693451105/elib_gd-branch-master/elib_gd"
$ infinity  `curl --fail --silent --show-error --location --output 'master.zip' 'https://github.com/olgeni/elib_gd/archive/master.zip'  2>&1`
$ cd "/home/pete/wefwefwef/docs/erldocs_other.git"
$ cd "/home/pete/wefwefwef/docs/other/693451105/elib_gd-branch-master/elib_gd"
$ 5000  `find -P . -type l -delete  2>&1`
$ cd "/home/pete/wefwefwef/docs/erldocs_other.git"
$ cd "/home/pete/wefwefwef/docs/other/693451105/elib_gd-branch-master/elib_gd"
$ 5000  `find 'elib_gd-master' -mindepth 1 -maxdepth 1 -exec mv -t . -- {} +  2>&1`
$ cd "/home/pete/wefwefwef/docs/erldocs_other.git"
 :: Getting dependencies
$ cd "/home/pete/wefwefwef/docs/other/693451105/elib_gd-branch-master/elib_gd"
$ 5000  `ls -1 deps/  2>&1`
$ cd "/home/pete/wefwefwef/docs/erldocs_other.git"
>>> [rebar] deps = []
 :: Generating erldocs into /home/pete/wefwefwef/docs/other/693451105/repo/master
Building elib_gd
Generating Type Specs - "/home/pete/wefwefwef/docs/other/693451105/elib_gd-branch-master/elib_gd/src/elib_gd_app.erl"
Generating Type Specs - "/home/pete/wefwefwef/docs/other/693451105/elib_gd-branch-master/elib_gd/src/elib_gd_drv.erl"
Generating Type Specs - "/home/pete/wefwefwef/docs/other/693451105/elib_gd-branch-master/elib_gd/src/elib_gd_sup.erl"
Generating Type Specs - "/home/pete/wefwefwef/docs/other/693451105/elib_gd-branch-master/elib_gd/src/gd.erl"
Generating Type Specs - "/home/pete/wefwefwef/docs/other/693451105/elib_gd-branch-master/elib_gd/src/gd_bounds.erl"
Generating Type Specs - "/home/pete/wefwefwef/docs/other/693451105/elib_gd-branch-master/elib_gd/src/gd_clip.erl"
Generating Type Specs - "/home/pete/wefwefwef/docs/other/693451105/elib_gd-branch-master/elib_gd/src/gd_face.erl"
Generating Type Specs - "/home/pete/wefwefwef/docs/other/693451105/elib_gd-branch-master/elib_gd/src/gd_font.erl"
Generating Type Specs - "/home/pete/wefwefwef/docs/other/693451105/elib_gd-branch-master/elib_gd/src/gd_font_metrics.erl"
Generating XML for application elib_gd "/home/pete/wefwefwef/docs/other/693451105/elib_gd-branch-master/elib_gd" -> "/home/pete/wefwefwef/docs/other/693451105/repo/master/.xml/elib_gd"
Generated elib_gd XMLs: ["/home/pete/wefwefwef/docs/other/693451105/repo/master/.xml/elib_gd/gd_font.xml",
                         "/home/pete/wefwefwef/docs/other/693451105/repo/master/.xml/elib_gd/gd_font_metrics.xml",
                         "/home/pete/wefwefwef/docs/other/693451105/repo/master/.xml/elib_gd/gd_clip.xml",
                         "/home/pete/wefwefwef/docs/other/693451105/repo/master/.xml/elib_gd/elib_gd_sup.xml",
                         "/home/pete/wefwefwef/docs/other/693451105/repo/master/.xml/elib_gd/gd.xml",
                         "/home/pete/wefwefwef/docs/other/693451105/repo/master/.xml/elib_gd/elib_gd_app.xml",
                         "/home/pete/wefwefwef/docs/other/693451105/repo/master/.xml/elib_gd/gd_bounds.xml",
                         "/home/pete/wefwefwef/docs/other/693451105/repo/master/.xml/elib_gd/gd_face.xml",
                         "/home/pete/wefwefwef/docs/other/693451105/repo/master/.xml/elib_gd/elib_gd_drv.xml"]
Generating HTML - gd_font_metrics "/home/pete/wefwefwef/docs/other/693451105/repo/master/.xml/elib_gd/gd_font_metrics.xml"
Generating HTML - elib_gd_sup "/home/pete/wefwefwef/docs/other/693451105/repo/master/.xml/elib_gd/elib_gd_sup.xml"
Generating HTML - elib_gd_app "/home/pete/wefwefwef/docs/other/693451105/repo/master/.xml/elib_gd/elib_gd_app.xml"
Generating HTML - elib_gd_drv "/home/pete/wefwefwef/docs/other/693451105/repo/master/.xml/elib_gd/elib_gd_drv.xml"
Reading XML for "/home/pete/wefwefwef/docs/other/693451105/repo/master/.xml/elib_gd/gd_font_metrics.xml"
Reading XML for "/home/pete/wefwefwef/docs/other/693451105/repo/master/.xml/elib_gd/elib_gd_sup.xml"
Reading XML for "/home/pete/wefwefwef/docs/other/693451105/repo/master/.xml/elib_gd/elib_gd_app.xml"
Reading XML for "/home/pete/wefwefwef/docs/other/693451105/repo/master/.xml/elib_gd/elib_gd_drv.xml"
Reading XML for "/home/pete/wefwefwef/docs/other/693451105/repo/master/.xml/specs_elib_gd_app.xml"
Reading XML for "/home/pete/wefwefwef/docs/other/693451105/repo/master/.xml/specs_elib_gd_sup.xml"
Reading XML for "/home/pete/wefwefwef/docs/other/693451105/repo/master/.xml/specs_gd_font_metrics.xml"
Generating HTML - gd "/home/pete/wefwefwef/docs/other/693451105/repo/master/.xml/elib_gd/gd.xml"
Reading XML for "/home/pete/wefwefwef/docs/other/693451105/repo/master/.xml/elib_gd/gd.xml"
Generating HTML - gd_clip "/home/pete/wefwefwef/docs/other/693451105/repo/master/.xml/elib_gd/gd_clip.xml"
Reading XML for "/home/pete/wefwefwef/docs/other/693451105/repo/master/.xml/specs_elib_gd_drv.xml"
Reading XML for "/home/pete/wefwefwef/docs/other/693451105/repo/master/.xml/elib_gd/gd_clip.xml"
Generating HTML - gd_face "/home/pete/wefwefwef/docs/other/693451105/repo/master/.xml/elib_gd/gd_face.xml"
Reading XML for "/home/pete/wefwefwef/docs/other/693451105/repo/master/.xml/elib_gd/gd_face.xml"
Generating HTML - gd_font "/home/pete/wefwefwef/docs/other/693451105/repo/master/.xml/elib_gd/gd_font.xml"
Reading XML for "/home/pete/wefwefwef/docs/other/693451105/repo/master/.xml/elib_gd/gd_font.xml"
Reading XML for "/home/pete/wefwefwef/docs/other/693451105/repo/master/.xml/specs_gd_clip.xml"
Reading XML for "/home/pete/wefwefwef/docs/other/693451105/repo/master/.xml/specs_gd_face.xml"
Reading XML for "/home/pete/wefwefwef/docs/other/693451105/repo/master/.xml/specs_gd_font.xml"
Generating HTML - gd_bounds "/home/pete/wefwefwef/docs/other/693451105/repo/master/.xml/elib_gd/gd_bounds.xml"
Reading XML for "/home/pete/wefwefwef/docs/other/693451105/repo/master/.xml/elib_gd/gd_bounds.xml"
Reading XML for "/home/pete/wefwefwef/docs/other/693451105/repo/master/.xml/specs_gd.xml"
Reading XML for "/home/pete/wefwefwef/docs/other/693451105/repo/master/.xml/specs_gd_bounds.xml"
Creating index.html ...
Creating erldocs_index.js ...
Woot, finished in 0 Minutes 1 Seconds
 :: Discovering other repos
$ 5000  `rm -r '/home/pete/wefwefwef/docs/other/693451105/elib_gd-branch-master'  2>&1`
 :: Finishing up
$ 5000  `rm -r '/home/pete/wefwefwef/docs/other/693451105/elib_gd'  2>&1`
