 :: Extracting meta information
$ infinity  `git ls-remote --heads --tags 'https://github.com/elixir-lang/elixir'  2>&1`
>>> [repo] 3 branches, 43 tags
 :: Writing meta to "/home/pete/wefwefwef/docs/other/3b579c5a3b1443d36ac7dc6168e27700/meta.txt"
 :: Skipping tag "v0.10.0"
 :: Skipping tag "v0.10.1"
 :: Skipping tag "v0.10.2"
 :: Skipping tag "v0.10.3"
 :: Skipping tag "v0.11.0"
 :: Skipping tag "v0.11.1"
 :: Skipping tag "v0.11.2"
 :: Skipping tag "v0.12.0"
 :: Skipping tag "v0.12.1"
 :: Skipping tag "v0.12.2"
 :: Skipping tag "v0.12.3"
 :: Skipping tag "v0.12.4"
 :: Skipping tag "v0.12.5"
 :: Skipping tag "v0.13.0"
 :: Skipping tag "v0.13.1"
 :: Skipping tag "v0.13.2"
 :: Skipping tag "v0.13.3"
 :: Skipping tag "v0.14.0"
 :: Skipping tag "v0.14.1"
 :: Skipping tag "v0.14.2"
 :: Skipping tag "v0.14.3"
 :: Skipping tag "v0.15.0"
 :: Skipping tag "v0.15.1"
 :: Skipping tag "v0.5.0"
 :: Skipping tag "v0.6.0"
 :: Skipping tag "v0.7.0"
 :: Skipping tag "v0.7.1"
 :: Skipping tag "v0.7.2"
 :: Skipping tag "v0.8.0"
 :: Skipping tag "v0.8.1"
 :: Skipping tag "v0.8.2"
 :: Skipping tag "v0.8.3"
 :: Skipping tag "v0.9.0"
 :: Skipping tag "v0.9.1"
 :: Skipping tag "v0.9.2"
 :: Skipping tag "v0.9.3"
 :: Skipping tag "v1.0.0"
 :: Skipping tag "v1.0.0-rc1"
 :: Skipping tag "v1.0.0-rc2"
 :: Skipping tag "v1.0.1"
 :: Skipping tag "v1.0.2"
 :: Skipping tag "v1.0.3"
 :: Skipping tag "v1.0.4"
 :: Skipping branch "emj-multi-assert"
 :: Processing https://github.com/elixir-lang/elixir	{rev,branch,"v1.0","45fe1cb08400ff82be4473fbda51e344d5f625ba",undefined,[],[]}
 :: Fetching repo code
$ cd '/home/pete/wefwefwef/docs/other/3b579c5a3b1443d36ac7dc6168e27700/elixir-branch-v1.0'
$ infinity  `curl --fail --silent --show-error --location --output repo.tar.gz 'https://codeload.github.com/elixir-lang/elixir/legacy.tar.gz/v1.0'  2>&1`
$ cd '/home/pete/wefwefwef/docs/erldocs_other.git'
$ cd '/home/pete/wefwefwef/docs/other/3b579c5a3b1443d36ac7dc6168e27700/elixir-branch-v1.0/elixir-lang-elixir-45fe1cb'
$ 5000  `find -P . -type l -delete  2>&1`
$ cd '/home/pete/wefwefwef/docs/erldocs_other.git'
$ 5000  `mv '/home/pete/wefwefwef/docs/other/3b579c5a3b1443d36ac7dc6168e27700/elixir-branch-v1.0/elixir-lang-elixir-45fe1cb' '/home/pete/wefwefwef/docs/other/3b579c5a3b1443d36ac7dc6168e27700/elixir-branch-v1.0/elixir'  2>&1`
 :: Getting dependencies
$ cd '/home/pete/wefwefwef/docs/other/3b579c5a3b1443d36ac7dc6168e27700/elixir-branch-v1.0/elixir'
$ 5000  `ls -1 deps/  2>&1`
$ cd '/home/pete/wefwefwef/docs/erldocs_other.git'
>>> [rebar] deps = []
 :: Generating erldocs into /home/pete/wefwefwef/docs/other/3b579c5a3b1443d36ac7dc6168e27700/repo/v1.0
Building elixir
Generating XML for application elixir "/home/pete/wefwefwef/docs/other/3b579c5a3b1443d36ac7dc6168e27700/elixir-branch-v1.0/elixir" -> "/home/pete/wefwefwef/docs/other/3b579c5a3b1443d36ac7dc6168e27700/repo/v1.0/.xml/elixir"
Generated elixir XMLs: []
No documentation was generated!
Woot, finished in 0 Minutes 0 Seconds
 :: Discovering other repos
$ 5000  `rm -r '/home/pete/wefwefwef/docs/other/3b579c5a3b1443d36ac7dc6168e27700/elixir-branch-v1.0'  2>&1`
 :: Processing https://github.com/elixir-lang/elixir	{rev,branch,"master","6f380e80d6e4c64b5c0965e6a288deb55442b5d3",undefined,[],[]}
 :: Fetching repo code
$ cd '/home/pete/wefwefwef/docs/other/3b579c5a3b1443d36ac7dc6168e27700/elixir-branch-master'
$ infinity  `curl --fail --silent --show-error --location --output repo.tar.gz 'https://codeload.github.com/elixir-lang/elixir/legacy.tar.gz/master'  2>&1`
$ cd '/home/pete/wefwefwef/docs/erldocs_other.git'
$ cd '/home/pete/wefwefwef/docs/other/3b579c5a3b1443d36ac7dc6168e27700/elixir-branch-master/elixir-lang-elixir-6f380e8'
$ 5000  `find -P . -type l -delete  2>&1`
$ cd '/home/pete/wefwefwef/docs/erldocs_other.git'
$ 5000  `mv '/home/pete/wefwefwef/docs/other/3b579c5a3b1443d36ac7dc6168e27700/elixir-branch-master/elixir-lang-elixir-6f380e8' '/home/pete/wefwefwef/docs/other/3b579c5a3b1443d36ac7dc6168e27700/elixir-branch-master/elixir'  2>&1`
 :: Getting dependencies
$ cd '/home/pete/wefwefwef/docs/other/3b579c5a3b1443d36ac7dc6168e27700/elixir-branch-master/elixir'
$ 5000  `ls -1 deps/  2>&1`
$ cd '/home/pete/wefwefwef/docs/erldocs_other.git'
>>> [rebar] deps = []
 :: Generating erldocs into /home/pete/wefwefwef/docs/other/3b579c5a3b1443d36ac7dc6168e27700/repo/master
Building elixir
Generating XML for application elixir "/home/pete/wefwefwef/docs/other/3b579c5a3b1443d36ac7dc6168e27700/elixir-branch-master/elixir" -> "/home/pete/wefwefwef/docs/other/3b579c5a3b1443d36ac7dc6168e27700/repo/master/.xml/elixir"
Generated elixir XMLs: []
No documentation was generated!
Woot, finished in 0 Minutes 0 Seconds
 :: Discovering other repos
$ 5000  `rm -r '/home/pete/wefwefwef/docs/other/3b579c5a3b1443d36ac7dc6168e27700/elixir-branch-master'  2>&1`
 :: Finishing up
$ 5000  `rm -r '/home/pete/wefwefwef/docs/other/3b579c5a3b1443d36ac7dc6168e27700/elixir'  2>&1`
$ 5000  `rm -r '/home/pete/wefwefwef/docs/other/3b579c5a3b1443d36ac7dc6168e27700/repo/master'  2>&1`
$ 5000  `rm -r '/home/pete/wefwefwef/docs/other/3b579c5a3b1443d36ac7dc6168e27700/repo/v1.0'  2>&1`
