 :: Extracting meta information
$ 5000  `git ls-remote --heads --tags 'https://github.com/elixir-lang/elixir'  2>&1`
>>> [repo] 2 branches, 42 tags
 :: Writing meta to "/home/pete/wefwefwef/docs/other/783639489/meta.txt"
 :: Processing https://github.com/elixir-lang/elixir	{rev,tag,"v0.10.0","83591b9d7660f5267d8ecd6a5a7087ee22fda8d7"}
 :: Fetching repo code
$ cd "/home/pete/wefwefwef/docs/other/783639489/elixir-tag-v0.10.0/elixir"
$ infinity  `curl --fail --silent --show-error --location --output 'v0.10.0.zip' 'https://github.com/elixir-lang/elixir/archive/v0.10.0.zip'  2>&1`
$ cd "/home/pete/wefwefwef/docs/erldocs_other.git"
$ cd "/home/pete/wefwefwef/docs/other/783639489/elixir-tag-v0.10.0/elixir"
$ 5000  `find -P . -type l -delete  2>&1`
$ cd "/home/pete/wefwefwef/docs/erldocs_other.git"
$ cd "/home/pete/wefwefwef/docs/other/783639489/elixir-tag-v0.10.0/elixir"
$ 5000  `find 'elixir-0.10.0' -mindepth 1 -maxdepth 1 -exec mv -t . -- {} +  2>&1`
$ cd "/home/pete/wefwefwef/docs/erldocs_other.git"
 :: Getting dependencies
$ cd "/home/pete/wefwefwef/docs/other/783639489/elixir-tag-v0.10.0/elixir"
$ 5000  `ls -1 deps/  2>&1`
$ cd "/home/pete/wefwefwef/docs/erldocs_other.git"
>>> [rebar] deps = []
 :: Generating erldocs into /home/pete/wefwefwef/docs/other/783639489/repo/v0.10.0
Building elixir
Generating XML for application elixir "/home/pete/wefwefwef/docs/other/783639489/elixir-tag-v0.10.0/elixir" -> "/home/pete/wefwefwef/docs/other/783639489/repo/v0.10.0/.xml/elixir"
Generated elixir XMLs: []
No documentation was generated!
Woot, finished in 0 Minutes 0 Seconds
 :: Discovering other repos
$ 5000  `rm -r '/home/pete/wefwefwef/docs/other/783639489/elixir-tag-v0.10.0'  2>&1`
 :: Processing https://github.com/elixir-lang/elixir	{rev,tag,"v0.10.1","0523789c334f48cc15fddae70af30a9f045aa617"}
 :: Fetching repo code
$ cd "/home/pete/wefwefwef/docs/other/783639489/elixir-tag-v0.10.1/elixir"
$ infinity  `curl --fail --silent --show-error --location --output 'v0.10.1.zip' 'https://github.com/elixir-lang/elixir/archive/v0.10.1.zip'  2>&1`
$ cd "/home/pete/wefwefwef/docs/erldocs_other.git"
$ cd "/home/pete/wefwefwef/docs/other/783639489/elixir-tag-v0.10.1/elixir"
$ 5000  `find -P . -type l -delete  2>&1`
$ cd "/home/pete/wefwefwef/docs/erldocs_other.git"
$ cd "/home/pete/wefwefwef/docs/other/783639489/elixir-tag-v0.10.1/elixir"
$ 5000  `find 'elixir-0.10.1' -mindepth 1 -maxdepth 1 -exec mv -t . -- {} +  2>&1`
$ cd "/home/pete/wefwefwef/docs/erldocs_other.git"
 :: Getting dependencies
$ cd "/home/pete/wefwefwef/docs/other/783639489/elixir-tag-v0.10.1/elixir"
$ 5000  `ls -1 deps/  2>&1`
$ cd "/home/pete/wefwefwef/docs/erldocs_other.git"
>>> [rebar] deps = []
 :: Generating erldocs into /home/pete/wefwefwef/docs/other/783639489/repo/v0.10.1
Building elixir
Generating XML for application elixir "/home/pete/wefwefwef/docs/other/783639489/elixir-tag-v0.10.1/elixir" -> "/home/pete/wefwefwef/docs/other/783639489/repo/v0.10.1/.xml/elixir"
Generated elixir XMLs: []
No documentation was generated!
Woot, finished in 0 Minutes 0 Seconds
 :: Discovering other repos
$ 5000  `rm -r '/home/pete/wefwefwef/docs/other/783639489/elixir-tag-v0.10.1'  2>&1`
 :: Processing https://github.com/elixir-lang/elixir	{rev,tag,"v0.10.2","e654f73762291ced87afbd2655f51d83730bb519"}
 :: Fetching repo code
$ cd "/home/pete/wefwefwef/docs/other/783639489/elixir-tag-v0.10.2/elixir"
$ infinity  `curl --fail --silent --show-error --location --output 'v0.10.2.zip' 'https://github.com/elixir-lang/elixir/archive/v0.10.2.zip'  2>&1`
$ cd "/home/pete/wefwefwef/docs/erldocs_other.git"
$ cd "/home/pete/wefwefwef/docs/other/783639489/elixir-tag-v0.10.2/elixir"
$ 5000  `find -P . -type l -delete  2>&1`
$ cd "/home/pete/wefwefwef/docs/erldocs_other.git"
$ cd "/home/pete/wefwefwef/docs/other/783639489/elixir-tag-v0.10.2/elixir"
$ 5000  `find 'elixir-0.10.2' -mindepth 1 -maxdepth 1 -exec mv -t . -- {} +  2>&1`
$ cd "/home/pete/wefwefwef/docs/erldocs_other.git"
 :: Getting dependencies
$ cd "/home/pete/wefwefwef/docs/other/783639489/elixir-tag-v0.10.2/elixir"
$ 5000  `ls -1 deps/  2>&1`
$ cd "/home/pete/wefwefwef/docs/erldocs_other.git"
>>> [rebar] deps = []
 :: Generating erldocs into /home/pete/wefwefwef/docs/other/783639489/repo/v0.10.2
Building elixir
Generating XML for application elixir "/home/pete/wefwefwef/docs/other/783639489/elixir-tag-v0.10.2/elixir" -> "/home/pete/wefwefwef/docs/other/783639489/repo/v0.10.2/.xml/elixir"
Generated elixir XMLs: []
No documentation was generated!
Woot, finished in 0 Minutes 0 Seconds
 :: Discovering other repos
$ 5000  `rm -r '/home/pete/wefwefwef/docs/other/783639489/elixir-tag-v0.10.2'  2>&1`
 :: Processing https://github.com/elixir-lang/elixir	{rev,tag,"v0.10.3","6a770579105f7b58877ac1a0e0b039513a8e85fc"}
 :: Fetching repo code
$ cd "/home/pete/wefwefwef/docs/other/783639489/elixir-tag-v0.10.3/elixir"
$ infinity  `curl --fail --silent --show-error --location --output 'v0.10.3.zip' 'https://github.com/elixir-lang/elixir/archive/v0.10.3.zip'  2>&1`
$ cd "/home/pete/wefwefwef/docs/erldocs_other.git"
$ cd "/home/pete/wefwefwef/docs/other/783639489/elixir-tag-v0.10.3/elixir"
$ 5000  `find -P . -type l -delete  2>&1`
$ cd "/home/pete/wefwefwef/docs/erldocs_other.git"
$ cd "/home/pete/wefwefwef/docs/other/783639489/elixir-tag-v0.10.3/elixir"
$ 5000  `find 'elixir-0.10.3' -mindepth 1 -maxdepth 1 -exec mv -t . -- {} +  2>&1`
$ cd "/home/pete/wefwefwef/docs/erldocs_other.git"
 :: Getting dependencies
$ cd "/home/pete/wefwefwef/docs/other/783639489/elixir-tag-v0.10.3/elixir"
$ 5000  `ls -1 deps/  2>&1`
$ cd "/home/pete/wefwefwef/docs/erldocs_other.git"
>>> [rebar] deps = []
 :: Generating erldocs into /home/pete/wefwefwef/docs/other/783639489/repo/v0.10.3
Building elixir
Generating XML for application elixir "/home/pete/wefwefwef/docs/other/783639489/elixir-tag-v0.10.3/elixir" -> "/home/pete/wefwefwef/docs/other/783639489/repo/v0.10.3/.xml/elixir"
Generated elixir XMLs: []
No documentation was generated!
Woot, finished in 0 Minutes 0 Seconds
 :: Discovering other repos
$ 5000  `rm -r '/home/pete/wefwefwef/docs/other/783639489/elixir-tag-v0.10.3'  2>&1`
 :: Processing https://github.com/elixir-lang/elixir	{rev,tag,"v0.11.0","83ceee54b3d663fb38e354063269e3cb1910a99f"}
 :: Fetching repo code
$ cd "/home/pete/wefwefwef/docs/other/783639489/elixir-tag-v0.11.0/elixir"
$ infinity  `curl --fail --silent --show-error --location --output 'v0.11.0.zip' 'https://github.com/elixir-lang/elixir/archive/v0.11.0.zip'  2>&1`
$ cd "/home/pete/wefwefwef/docs/erldocs_other.git"
$ cd "/home/pete/wefwefwef/docs/other/783639489/elixir-tag-v0.11.0/elixir"
$ 5000  `find -P . -type l -delete  2>&1`
$ cd "/home/pete/wefwefwef/docs/erldocs_other.git"
$ cd "/home/pete/wefwefwef/docs/other/783639489/elixir-tag-v0.11.0/elixir"
$ 5000  `find 'elixir-0.11.0' -mindepth 1 -maxdepth 1 -exec mv -t . -- {} +  2>&1`
$ cd "/home/pete/wefwefwef/docs/erldocs_other.git"
 :: Getting dependencies
$ cd "/home/pete/wefwefwef/docs/other/783639489/elixir-tag-v0.11.0/elixir"
$ 5000  `ls -1 deps/  2>&1`
$ cd "/home/pete/wefwefwef/docs/erldocs_other.git"
>>> [rebar] deps = []
 :: Generating erldocs into /home/pete/wefwefwef/docs/other/783639489/repo/v0.11.0
Building elixir
Generating XML for application elixir "/home/pete/wefwefwef/docs/other/783639489/elixir-tag-v0.11.0/elixir" -> "/home/pete/wefwefwef/docs/other/783639489/repo/v0.11.0/.xml/elixir"
Generated elixir XMLs: []
No documentation was generated!
Woot, finished in 0 Minutes 0 Seconds
 :: Discovering other repos
$ 5000  `rm -r '/home/pete/wefwefwef/docs/other/783639489/elixir-tag-v0.11.0'  2>&1`
 :: Processing https://github.com/elixir-lang/elixir	{rev,tag,"v0.11.1","7159da57807a7cdc51899f4c3be85d277e1fa080"}
 :: Fetching repo code
$ cd "/home/pete/wefwefwef/docs/other/783639489/elixir-tag-v0.11.1/elixir"
$ infinity  `curl --fail --silent --show-error --location --output 'v0.11.1.zip' 'https://github.com/elixir-lang/elixir/archive/v0.11.1.zip'  2>&1`
$ cd "/home/pete/wefwefwef/docs/erldocs_other.git"
$ cd "/home/pete/wefwefwef/docs/other/783639489/elixir-tag-v0.11.1/elixir"
$ 5000  `find -P . -type l -delete  2>&1`
$ cd "/home/pete/wefwefwef/docs/erldocs_other.git"
$ cd "/home/pete/wefwefwef/docs/other/783639489/elixir-tag-v0.11.1/elixir"
$ 5000  `find 'elixir-0.11.1' -mindepth 1 -maxdepth 1 -exec mv -t . -- {} +  2>&1`
$ cd "/home/pete/wefwefwef/docs/erldocs_other.git"
 :: Getting dependencies
$ cd "/home/pete/wefwefwef/docs/other/783639489/elixir-tag-v0.11.1/elixir"
$ 5000  `ls -1 deps/  2>&1`
$ cd "/home/pete/wefwefwef/docs/erldocs_other.git"
>>> [rebar] deps = []
 :: Generating erldocs into /home/pete/wefwefwef/docs/other/783639489/repo/v0.11.1
Building elixir
Generating XML for application elixir "/home/pete/wefwefwef/docs/other/783639489/elixir-tag-v0.11.1/elixir" -> "/home/pete/wefwefwef/docs/other/783639489/repo/v0.11.1/.xml/elixir"
Generated elixir XMLs: []
No documentation was generated!
Woot, finished in 0 Minutes 0 Seconds
 :: Discovering other repos
$ 5000  `rm -r '/home/pete/wefwefwef/docs/other/783639489/elixir-tag-v0.11.1'  2>&1`
 :: Processing https://github.com/elixir-lang/elixir	{rev,tag,"v0.11.2","b70fc122f88ee5e2f3b68ca1e72461c649420d77"}
 :: Fetching repo code
$ cd "/home/pete/wefwefwef/docs/other/783639489/elixir-tag-v0.11.2/elixir"
$ infinity  `curl --fail --silent --show-error --location --output 'v0.11.2.zip' 'https://github.com/elixir-lang/elixir/archive/v0.11.2.zip'  2>&1`
$ cd "/home/pete/wefwefwef/docs/erldocs_other.git"
$ cd "/home/pete/wefwefwef/docs/other/783639489/elixir-tag-v0.11.2/elixir"
$ 5000  `find -P . -type l -delete  2>&1`
$ cd "/home/pete/wefwefwef/docs/erldocs_other.git"
$ cd "/home/pete/wefwefwef/docs/other/783639489/elixir-tag-v0.11.2/elixir"
$ 5000  `find 'elixir-0.11.2' -mindepth 1 -maxdepth 1 -exec mv -t . -- {} +  2>&1`
$ cd "/home/pete/wefwefwef/docs/erldocs_other.git"
 :: Getting dependencies
$ cd "/home/pete/wefwefwef/docs/other/783639489/elixir-tag-v0.11.2/elixir"
$ 5000  `ls -1 deps/  2>&1`
$ cd "/home/pete/wefwefwef/docs/erldocs_other.git"
>>> [rebar] deps = []
 :: Generating erldocs into /home/pete/wefwefwef/docs/other/783639489/repo/v0.11.2
Building elixir
Generating XML for application elixir "/home/pete/wefwefwef/docs/other/783639489/elixir-tag-v0.11.2/elixir" -> "/home/pete/wefwefwef/docs/other/783639489/repo/v0.11.2/.xml/elixir"
Generated elixir XMLs: []
No documentation was generated!
Woot, finished in 0 Minutes 0 Seconds
 :: Discovering other repos
$ 5000  `rm -r '/home/pete/wefwefwef/docs/other/783639489/elixir-tag-v0.11.2'  2>&1`
 :: Processing https://github.com/elixir-lang/elixir	{rev,tag,"v0.12.0","6d3624147e234a646be3707602e920ac3d48cd17"}
 :: Fetching repo code
$ cd "/home/pete/wefwefwef/docs/other/783639489/elixir-tag-v0.12.0/elixir"
$ infinity  `curl --fail --silent --show-error --location --output 'v0.12.0.zip' 'https://github.com/elixir-lang/elixir/archive/v0.12.0.zip'  2>&1`
$ cd "/home/pete/wefwefwef/docs/erldocs_other.git"
$ cd "/home/pete/wefwefwef/docs/other/783639489/elixir-tag-v0.12.0/elixir"
$ 5000  `find -P . -type l -delete  2>&1`
$ cd "/home/pete/wefwefwef/docs/erldocs_other.git"
$ cd "/home/pete/wefwefwef/docs/other/783639489/elixir-tag-v0.12.0/elixir"
$ 5000  `find 'elixir-0.12.0' -mindepth 1 -maxdepth 1 -exec mv -t . -- {} +  2>&1`
$ cd "/home/pete/wefwefwef/docs/erldocs_other.git"
 :: Getting dependencies
$ cd "/home/pete/wefwefwef/docs/other/783639489/elixir-tag-v0.12.0/elixir"
$ 5000  `ls -1 deps/  2>&1`
$ cd "/home/pete/wefwefwef/docs/erldocs_other.git"
>>> [rebar] deps = []
 :: Generating erldocs into /home/pete/wefwefwef/docs/other/783639489/repo/v0.12.0
Building elixir
Generating XML for application elixir "/home/pete/wefwefwef/docs/other/783639489/elixir-tag-v0.12.0/elixir" -> "/home/pete/wefwefwef/docs/other/783639489/repo/v0.12.0/.xml/elixir"
Generated elixir XMLs: []
No documentation was generated!
Woot, finished in 0 Minutes 0 Seconds
 :: Discovering other repos
$ 5000  `rm -r '/home/pete/wefwefwef/docs/other/783639489/elixir-tag-v0.12.0'  2>&1`
 :: Processing https://github.com/elixir-lang/elixir	{rev,tag,"v0.12.1","05beafd5bb7630e8bb1dcf1dd55e59c2256612ca"}
 :: Fetching repo code
$ cd "/home/pete/wefwefwef/docs/other/783639489/elixir-tag-v0.12.1/elixir"
$ infinity  `curl --fail --silent --show-error --location --output 'v0.12.1.zip' 'https://github.com/elixir-lang/elixir/archive/v0.12.1.zip'  2>&1`
$ cd "/home/pete/wefwefwef/docs/erldocs_other.git"
$ cd "/home/pete/wefwefwef/docs/other/783639489/elixir-tag-v0.12.1/elixir"
$ 5000  `find -P . -type l -delete  2>&1`
$ cd "/home/pete/wefwefwef/docs/erldocs_other.git"
$ cd "/home/pete/wefwefwef/docs/other/783639489/elixir-tag-v0.12.1/elixir"
$ 5000  `find 'elixir-0.12.1' -mindepth 1 -maxdepth 1 -exec mv -t . -- {} +  2>&1`
$ cd "/home/pete/wefwefwef/docs/erldocs_other.git"
 :: Getting dependencies
$ cd "/home/pete/wefwefwef/docs/other/783639489/elixir-tag-v0.12.1/elixir"
$ 5000  `ls -1 deps/  2>&1`
$ cd "/home/pete/wefwefwef/docs/erldocs_other.git"
>>> [rebar] deps = []
 :: Generating erldocs into /home/pete/wefwefwef/docs/other/783639489/repo/v0.12.1
Building elixir
Generating XML for application elixir "/home/pete/wefwefwef/docs/other/783639489/elixir-tag-v0.12.1/elixir" -> "/home/pete/wefwefwef/docs/other/783639489/repo/v0.12.1/.xml/elixir"
Generated elixir XMLs: []
No documentation was generated!
Woot, finished in 0 Minutes 0 Seconds
 :: Discovering other repos
$ 5000  `rm -r '/home/pete/wefwefwef/docs/other/783639489/elixir-tag-v0.12.1'  2>&1`
 :: Processing https://github.com/elixir-lang/elixir	{rev,tag,"v0.12.2","ddc6b48a4988ea596456eb7b2129269b33d0a99f"}
 :: Fetching repo code
$ cd "/home/pete/wefwefwef/docs/other/783639489/elixir-tag-v0.12.2/elixir"
$ infinity  `curl --fail --silent --show-error --location --output 'v0.12.2.zip' 'https://github.com/elixir-lang/elixir/archive/v0.12.2.zip'  2>&1`
$ cd "/home/pete/wefwefwef/docs/erldocs_other.git"
$ cd "/home/pete/wefwefwef/docs/other/783639489/elixir-tag-v0.12.2/elixir"
$ 5000  `find -P . -type l -delete  2>&1`
$ cd "/home/pete/wefwefwef/docs/erldocs_other.git"
$ cd "/home/pete/wefwefwef/docs/other/783639489/elixir-tag-v0.12.2/elixir"
$ 5000  `find 'elixir-0.12.2' -mindepth 1 -maxdepth 1 -exec mv -t . -- {} +  2>&1`
$ cd "/home/pete/wefwefwef/docs/erldocs_other.git"
 :: Getting dependencies
$ cd "/home/pete/wefwefwef/docs/other/783639489/elixir-tag-v0.12.2/elixir"
$ 5000  `ls -1 deps/  2>&1`
$ cd "/home/pete/wefwefwef/docs/erldocs_other.git"
>>> [rebar] deps = []
 :: Generating erldocs into /home/pete/wefwefwef/docs/other/783639489/repo/v0.12.2
Building elixir
Generating XML for application elixir "/home/pete/wefwefwef/docs/other/783639489/elixir-tag-v0.12.2/elixir" -> "/home/pete/wefwefwef/docs/other/783639489/repo/v0.12.2/.xml/elixir"
Generated elixir XMLs: []
No documentation was generated!
Woot, finished in 0 Minutes 0 Seconds
 :: Discovering other repos
$ 5000  `rm -r '/home/pete/wefwefwef/docs/other/783639489/elixir-tag-v0.12.2'  2>&1`
 :: Processing https://github.com/elixir-lang/elixir	{rev,tag,"v0.12.3","0159de8a2137a79e472f61834fadf0c8ff839f8b"}
 :: Fetching repo code
$ cd "/home/pete/wefwefwef/docs/other/783639489/elixir-tag-v0.12.3/elixir"
$ infinity  `curl --fail --silent --show-error --location --output 'v0.12.3.zip' 'https://github.com/elixir-lang/elixir/archive/v0.12.3.zip'  2>&1`
$ cd "/home/pete/wefwefwef/docs/erldocs_other.git"
$ cd "/home/pete/wefwefwef/docs/other/783639489/elixir-tag-v0.12.3/elixir"
$ 5000  `find -P . -type l -delete  2>&1`
$ cd "/home/pete/wefwefwef/docs/erldocs_other.git"
$ cd "/home/pete/wefwefwef/docs/other/783639489/elixir-tag-v0.12.3/elixir"
$ 5000  `find 'elixir-0.12.3' -mindepth 1 -maxdepth 1 -exec mv -t . -- {} +  2>&1`
$ cd "/home/pete/wefwefwef/docs/erldocs_other.git"
 :: Getting dependencies
$ cd "/home/pete/wefwefwef/docs/other/783639489/elixir-tag-v0.12.3/elixir"
$ 5000  `ls -1 deps/  2>&1`
$ cd "/home/pete/wefwefwef/docs/erldocs_other.git"
>>> [rebar] deps = []
 :: Generating erldocs into /home/pete/wefwefwef/docs/other/783639489/repo/v0.12.3
Building elixir
Generating XML for application elixir "/home/pete/wefwefwef/docs/other/783639489/elixir-tag-v0.12.3/elixir" -> "/home/pete/wefwefwef/docs/other/783639489/repo/v0.12.3/.xml/elixir"
Generated elixir XMLs: []
No documentation was generated!
Woot, finished in 0 Minutes 0 Seconds
 :: Discovering other repos
$ 5000  `rm -r '/home/pete/wefwefwef/docs/other/783639489/elixir-tag-v0.12.3'  2>&1`
 :: Processing https://github.com/elixir-lang/elixir	{rev,tag,"v0.12.4","543dfdeac80cfaf3483927c189cf9974f1e361eb"}
 :: Fetching repo code
$ cd "/home/pete/wefwefwef/docs/other/783639489/elixir-tag-v0.12.4/elixir"
$ infinity  `curl --fail --silent --show-error --location --output 'v0.12.4.zip' 'https://github.com/elixir-lang/elixir/archive/v0.12.4.zip'  2>&1`
$ cd "/home/pete/wefwefwef/docs/erldocs_other.git"
$ cd "/home/pete/wefwefwef/docs/other/783639489/elixir-tag-v0.12.4/elixir"
$ 5000  `find -P . -type l -delete  2>&1`
$ cd "/home/pete/wefwefwef/docs/erldocs_other.git"
$ cd "/home/pete/wefwefwef/docs/other/783639489/elixir-tag-v0.12.4/elixir"
$ 5000  `find 'elixir-0.12.4' -mindepth 1 -maxdepth 1 -exec mv -t . -- {} +  2>&1`
$ cd "/home/pete/wefwefwef/docs/erldocs_other.git"
 :: Getting dependencies
$ cd "/home/pete/wefwefwef/docs/other/783639489/elixir-tag-v0.12.4/elixir"
$ 5000  `ls -1 deps/  2>&1`
$ cd "/home/pete/wefwefwef/docs/erldocs_other.git"
>>> [rebar] deps = []
 :: Generating erldocs into /home/pete/wefwefwef/docs/other/783639489/repo/v0.12.4
Building elixir
Generating XML for application elixir "/home/pete/wefwefwef/docs/other/783639489/elixir-tag-v0.12.4/elixir" -> "/home/pete/wefwefwef/docs/other/783639489/repo/v0.12.4/.xml/elixir"
Generated elixir XMLs: []
No documentation was generated!
Woot, finished in 0 Minutes 0 Seconds
 :: Discovering other repos
$ 5000  `rm -r '/home/pete/wefwefwef/docs/other/783639489/elixir-tag-v0.12.4'  2>&1`
 :: Processing https://github.com/elixir-lang/elixir	{rev,tag,"v0.12.5","b07fbcf8b73e9353cc336107050a8aac5fdabd11"}
 :: Fetching repo code
$ cd "/home/pete/wefwefwef/docs/other/783639489/elixir-tag-v0.12.5/elixir"
$ infinity  `curl --fail --silent --show-error --location --output 'v0.12.5.zip' 'https://github.com/elixir-lang/elixir/archive/v0.12.5.zip'  2>&1`
$ cd "/home/pete/wefwefwef/docs/erldocs_other.git"
$ cd "/home/pete/wefwefwef/docs/other/783639489/elixir-tag-v0.12.5/elixir"
$ 5000  `find -P . -type l -delete  2>&1`
$ cd "/home/pete/wefwefwef/docs/erldocs_other.git"
$ cd "/home/pete/wefwefwef/docs/other/783639489/elixir-tag-v0.12.5/elixir"
$ 5000  `find 'elixir-0.12.5' -mindepth 1 -maxdepth 1 -exec mv -t . -- {} +  2>&1`
$ cd "/home/pete/wefwefwef/docs/erldocs_other.git"
 :: Getting dependencies
$ cd "/home/pete/wefwefwef/docs/other/783639489/elixir-tag-v0.12.5/elixir"
$ 5000  `ls -1 deps/  2>&1`
$ cd "/home/pete/wefwefwef/docs/erldocs_other.git"
>>> [rebar] deps = []
 :: Generating erldocs into /home/pete/wefwefwef/docs/other/783639489/repo/v0.12.5
Building elixir
Generating XML for application elixir "/home/pete/wefwefwef/docs/other/783639489/elixir-tag-v0.12.5/elixir" -> "/home/pete/wefwefwef/docs/other/783639489/repo/v0.12.5/.xml/elixir"
Generated elixir XMLs: []
No documentation was generated!
Woot, finished in 0 Minutes 0 Seconds
 :: Discovering other repos
$ 5000  `rm -r '/home/pete/wefwefwef/docs/other/783639489/elixir-tag-v0.12.5'  2>&1`
 :: Processing https://github.com/elixir-lang/elixir	{rev,tag,"v0.13.0","ada53524caa6ea27ffaa1a373f5c86bd6cadb0d5"}
 :: Fetching repo code
$ cd "/home/pete/wefwefwef/docs/other/783639489/elixir-tag-v0.13.0/elixir"
$ infinity  `curl --fail --silent --show-error --location --output 'v0.13.0.zip' 'https://github.com/elixir-lang/elixir/archive/v0.13.0.zip'  2>&1`
$ cd "/home/pete/wefwefwef/docs/erldocs_other.git"
$ cd "/home/pete/wefwefwef/docs/other/783639489/elixir-tag-v0.13.0/elixir"
$ 5000  `find -P . -type l -delete  2>&1`
$ cd "/home/pete/wefwefwef/docs/erldocs_other.git"
$ cd "/home/pete/wefwefwef/docs/other/783639489/elixir-tag-v0.13.0/elixir"
$ 5000  `find 'elixir-0.13.0' -mindepth 1 -maxdepth 1 -exec mv -t . -- {} +  2>&1`
$ cd "/home/pete/wefwefwef/docs/erldocs_other.git"
 :: Getting dependencies
$ cd "/home/pete/wefwefwef/docs/other/783639489/elixir-tag-v0.13.0/elixir"
$ 5000  `ls -1 deps/  2>&1`
$ cd "/home/pete/wefwefwef/docs/erldocs_other.git"
>>> [rebar] deps = []
 :: Generating erldocs into /home/pete/wefwefwef/docs/other/783639489/repo/v0.13.0
Building elixir
Generating XML for application elixir "/home/pete/wefwefwef/docs/other/783639489/elixir-tag-v0.13.0/elixir" -> "/home/pete/wefwefwef/docs/other/783639489/repo/v0.13.0/.xml/elixir"
Generated elixir XMLs: []
No documentation was generated!
Woot, finished in 0 Minutes 0 Seconds
 :: Discovering other repos
$ 5000  `rm -r '/home/pete/wefwefwef/docs/other/783639489/elixir-tag-v0.13.0'  2>&1`
 :: Processing https://github.com/elixir-lang/elixir	{rev,tag,"v0.13.1","c03d42b0ccf38b31dcaef0cb7e9ea8851cb39907"}
 :: Fetching repo code
$ cd "/home/pete/wefwefwef/docs/other/783639489/elixir-tag-v0.13.1/elixir"
$ infinity  `curl --fail --silent --show-error --location --output 'v0.13.1.zip' 'https://github.com/elixir-lang/elixir/archive/v0.13.1.zip'  2>&1`
$ cd "/home/pete/wefwefwef/docs/erldocs_other.git"
$ cd "/home/pete/wefwefwef/docs/other/783639489/elixir-tag-v0.13.1/elixir"
$ 5000  `find -P . -type l -delete  2>&1`
$ cd "/home/pete/wefwefwef/docs/erldocs_other.git"
$ cd "/home/pete/wefwefwef/docs/other/783639489/elixir-tag-v0.13.1/elixir"
$ 5000  `find 'elixir-0.13.1' -mindepth 1 -maxdepth 1 -exec mv -t . -- {} +  2>&1`
$ cd "/home/pete/wefwefwef/docs/erldocs_other.git"
 :: Getting dependencies
$ cd "/home/pete/wefwefwef/docs/other/783639489/elixir-tag-v0.13.1/elixir"
$ 5000  `ls -1 deps/  2>&1`
$ cd "/home/pete/wefwefwef/docs/erldocs_other.git"
>>> [rebar] deps = []
 :: Generating erldocs into /home/pete/wefwefwef/docs/other/783639489/repo/v0.13.1
Building elixir
Generating XML for application elixir "/home/pete/wefwefwef/docs/other/783639489/elixir-tag-v0.13.1/elixir" -> "/home/pete/wefwefwef/docs/other/783639489/repo/v0.13.1/.xml/elixir"
Generated elixir XMLs: []
No documentation was generated!
Woot, finished in 0 Minutes 0 Seconds
 :: Discovering other repos
$ 5000  `rm -r '/home/pete/wefwefwef/docs/other/783639489/elixir-tag-v0.13.1'  2>&1`
 :: Processing https://github.com/elixir-lang/elixir	{rev,tag,"v0.13.2","7a24767137c596a84014a0ed1a8dde64e45f9666"}
 :: Fetching repo code
$ cd "/home/pete/wefwefwef/docs/other/783639489/elixir-tag-v0.13.2/elixir"
$ infinity  `curl --fail --silent --show-error --location --output 'v0.13.2.zip' 'https://github.com/elixir-lang/elixir/archive/v0.13.2.zip'  2>&1`
$ cd "/home/pete/wefwefwef/docs/erldocs_other.git"
$ cd "/home/pete/wefwefwef/docs/other/783639489/elixir-tag-v0.13.2/elixir"
$ 5000  `find -P . -type l -delete  2>&1`
$ cd "/home/pete/wefwefwef/docs/erldocs_other.git"
$ cd "/home/pete/wefwefwef/docs/other/783639489/elixir-tag-v0.13.2/elixir"
$ 5000  `find 'elixir-0.13.2' -mindepth 1 -maxdepth 1 -exec mv -t . -- {} +  2>&1`
$ cd "/home/pete/wefwefwef/docs/erldocs_other.git"
 :: Getting dependencies
$ cd "/home/pete/wefwefwef/docs/other/783639489/elixir-tag-v0.13.2/elixir"
$ 5000  `ls -1 deps/  2>&1`
$ cd "/home/pete/wefwefwef/docs/erldocs_other.git"
>>> [rebar] deps = []
 :: Generating erldocs into /home/pete/wefwefwef/docs/other/783639489/repo/v0.13.2
Building elixir
Generating XML for application elixir "/home/pete/wefwefwef/docs/other/783639489/elixir-tag-v0.13.2/elixir" -> "/home/pete/wefwefwef/docs/other/783639489/repo/v0.13.2/.xml/elixir"
Generated elixir XMLs: []
No documentation was generated!
Woot, finished in 0 Minutes 0 Seconds
 :: Discovering other repos
$ 5000  `rm -r '/home/pete/wefwefwef/docs/other/783639489/elixir-tag-v0.13.2'  2>&1`
 :: Processing https://github.com/elixir-lang/elixir	{rev,tag,"v0.13.3","3c48099718cd718d25527875a407cc842cf72565"}
 :: Fetching repo code
$ cd "/home/pete/wefwefwef/docs/other/783639489/elixir-tag-v0.13.3/elixir"
$ infinity  `curl --fail --silent --show-error --location --output 'v0.13.3.zip' 'https://github.com/elixir-lang/elixir/archive/v0.13.3.zip'  2>&1`
$ cd "/home/pete/wefwefwef/docs/erldocs_other.git"
$ cd "/home/pete/wefwefwef/docs/other/783639489/elixir-tag-v0.13.3/elixir"
$ 5000  `find -P . -type l -delete  2>&1`
$ cd "/home/pete/wefwefwef/docs/erldocs_other.git"
$ cd "/home/pete/wefwefwef/docs/other/783639489/elixir-tag-v0.13.3/elixir"
$ 5000  `find 'elixir-0.13.3' -mindepth 1 -maxdepth 1 -exec mv -t . -- {} +  2>&1`
$ cd "/home/pete/wefwefwef/docs/erldocs_other.git"
 :: Getting dependencies
$ cd "/home/pete/wefwefwef/docs/other/783639489/elixir-tag-v0.13.3/elixir"
$ 5000  `ls -1 deps/  2>&1`
$ cd "/home/pete/wefwefwef/docs/erldocs_other.git"
>>> [rebar] deps = []
 :: Generating erldocs into /home/pete/wefwefwef/docs/other/783639489/repo/v0.13.3
Building elixir
Generating XML for application elixir "/home/pete/wefwefwef/docs/other/783639489/elixir-tag-v0.13.3/elixir" -> "/home/pete/wefwefwef/docs/other/783639489/repo/v0.13.3/.xml/elixir"
Generated elixir XMLs: []
No documentation was generated!
Woot, finished in 0 Minutes 0 Seconds
 :: Discovering other repos
$ 5000  `rm -r '/home/pete/wefwefwef/docs/other/783639489/elixir-tag-v0.13.3'  2>&1`
 :: Processing https://github.com/elixir-lang/elixir	{rev,tag,"v0.14.0","9cff61493e9e3626e8d243dfe8aec07230a7fe73"}
 :: Fetching repo code
$ cd "/home/pete/wefwefwef/docs/other/783639489/elixir-tag-v0.14.0/elixir"
$ infinity  `curl --fail --silent --show-error --location --output 'v0.14.0.zip' 'https://github.com/elixir-lang/elixir/archive/v0.14.0.zip'  2>&1`
$ cd "/home/pete/wefwefwef/docs/erldocs_other.git"
$ cd "/home/pete/wefwefwef/docs/other/783639489/elixir-tag-v0.14.0/elixir"
$ 5000  `find -P . -type l -delete  2>&1`
$ cd "/home/pete/wefwefwef/docs/erldocs_other.git"
$ cd "/home/pete/wefwefwef/docs/other/783639489/elixir-tag-v0.14.0/elixir"
$ 5000  `find 'elixir-0.14.0' -mindepth 1 -maxdepth 1 -exec mv -t . -- {} +  2>&1`
$ cd "/home/pete/wefwefwef/docs/erldocs_other.git"
 :: Getting dependencies
$ cd "/home/pete/wefwefwef/docs/other/783639489/elixir-tag-v0.14.0/elixir"
$ 5000  `ls -1 deps/  2>&1`
$ cd "/home/pete/wefwefwef/docs/erldocs_other.git"
>>> [rebar] deps = []
 :: Generating erldocs into /home/pete/wefwefwef/docs/other/783639489/repo/v0.14.0
Building elixir
Generating XML for application elixir "/home/pete/wefwefwef/docs/other/783639489/elixir-tag-v0.14.0/elixir" -> "/home/pete/wefwefwef/docs/other/783639489/repo/v0.14.0/.xml/elixir"
Generated elixir XMLs: []
No documentation was generated!
Woot, finished in 0 Minutes 0 Seconds
 :: Discovering other repos
$ 5000  `rm -r '/home/pete/wefwefwef/docs/other/783639489/elixir-tag-v0.14.0'  2>&1`
 :: Processing https://github.com/elixir-lang/elixir	{rev,tag,"v0.14.1","22f3a50ebabfefd36be1a8472c8b78257df6affa"}
 :: Fetching repo code
$ cd "/home/pete/wefwefwef/docs/other/783639489/elixir-tag-v0.14.1/elixir"
$ infinity  `curl --fail --silent --show-error --location --output 'v0.14.1.zip' 'https://github.com/elixir-lang/elixir/archive/v0.14.1.zip'  2>&1`
$ cd "/home/pete/wefwefwef/docs/erldocs_other.git"
$ cd "/home/pete/wefwefwef/docs/other/783639489/elixir-tag-v0.14.1/elixir"
$ 5000  `find -P . -type l -delete  2>&1`
$ cd "/home/pete/wefwefwef/docs/erldocs_other.git"
$ cd "/home/pete/wefwefwef/docs/other/783639489/elixir-tag-v0.14.1/elixir"
$ 5000  `find 'elixir-0.14.1' -mindepth 1 -maxdepth 1 -exec mv -t . -- {} +  2>&1`
$ cd "/home/pete/wefwefwef/docs/erldocs_other.git"
 :: Getting dependencies
$ cd "/home/pete/wefwefwef/docs/other/783639489/elixir-tag-v0.14.1/elixir"
$ 5000  `ls -1 deps/  2>&1`
$ cd "/home/pete/wefwefwef/docs/erldocs_other.git"
>>> [rebar] deps = []
 :: Generating erldocs into /home/pete/wefwefwef/docs/other/783639489/repo/v0.14.1
Building elixir
Generating XML for application elixir "/home/pete/wefwefwef/docs/other/783639489/elixir-tag-v0.14.1/elixir" -> "/home/pete/wefwefwef/docs/other/783639489/repo/v0.14.1/.xml/elixir"
Generated elixir XMLs: []
No documentation was generated!
Woot, finished in 0 Minutes 0 Seconds
 :: Discovering other repos
$ 5000  `rm -r '/home/pete/wefwefwef/docs/other/783639489/elixir-tag-v0.14.1'  2>&1`
 :: Processing https://github.com/elixir-lang/elixir	{rev,tag,"v0.14.2","44b04120425c83984c867ee6b06974b7c139ba52"}
 :: Fetching repo code
$ cd "/home/pete/wefwefwef/docs/other/783639489/elixir-tag-v0.14.2/elixir"
$ infinity  `curl --fail --silent --show-error --location --output 'v0.14.2.zip' 'https://github.com/elixir-lang/elixir/archive/v0.14.2.zip'  2>&1`
$ cd "/home/pete/wefwefwef/docs/erldocs_other.git"
$ cd "/home/pete/wefwefwef/docs/other/783639489/elixir-tag-v0.14.2/elixir"
$ 5000  `find -P . -type l -delete  2>&1`
$ cd "/home/pete/wefwefwef/docs/erldocs_other.git"
$ cd "/home/pete/wefwefwef/docs/other/783639489/elixir-tag-v0.14.2/elixir"
$ 5000  `find 'elixir-0.14.2' -mindepth 1 -maxdepth 1 -exec mv -t . -- {} +  2>&1`
$ cd "/home/pete/wefwefwef/docs/erldocs_other.git"
 :: Getting dependencies
$ cd "/home/pete/wefwefwef/docs/other/783639489/elixir-tag-v0.14.2/elixir"
$ 5000  `ls -1 deps/  2>&1`
$ cd "/home/pete/wefwefwef/docs/erldocs_other.git"
>>> [rebar] deps = []
 :: Generating erldocs into /home/pete/wefwefwef/docs/other/783639489/repo/v0.14.2
Building elixir
Generating XML for application elixir "/home/pete/wefwefwef/docs/other/783639489/elixir-tag-v0.14.2/elixir" -> "/home/pete/wefwefwef/docs/other/783639489/repo/v0.14.2/.xml/elixir"
Generated elixir XMLs: []
No documentation was generated!
Woot, finished in 0 Minutes 0 Seconds
 :: Discovering other repos
$ 5000  `rm -r '/home/pete/wefwefwef/docs/other/783639489/elixir-tag-v0.14.2'  2>&1`
 :: Processing https://github.com/elixir-lang/elixir	{rev,tag,"v0.14.3","82535feb90ba1a27ad12b9389d86b11b8311a618"}
 :: Fetching repo code
$ cd "/home/pete/wefwefwef/docs/other/783639489/elixir-tag-v0.14.3/elixir"
$ infinity  `curl --fail --silent --show-error --location --output 'v0.14.3.zip' 'https://github.com/elixir-lang/elixir/archive/v0.14.3.zip'  2>&1`
$ cd "/home/pete/wefwefwef/docs/erldocs_other.git"
$ cd "/home/pete/wefwefwef/docs/other/783639489/elixir-tag-v0.14.3/elixir"
$ 5000  `find -P . -type l -delete  2>&1`
$ cd "/home/pete/wefwefwef/docs/erldocs_other.git"
$ cd "/home/pete/wefwefwef/docs/other/783639489/elixir-tag-v0.14.3/elixir"
$ 5000  `find 'elixir-0.14.3' -mindepth 1 -maxdepth 1 -exec mv -t . -- {} +  2>&1`
$ cd "/home/pete/wefwefwef/docs/erldocs_other.git"
 :: Getting dependencies
$ cd "/home/pete/wefwefwef/docs/other/783639489/elixir-tag-v0.14.3/elixir"
$ 5000  `ls -1 deps/  2>&1`
$ cd "/home/pete/wefwefwef/docs/erldocs_other.git"
>>> [rebar] deps = []
 :: Generating erldocs into /home/pete/wefwefwef/docs/other/783639489/repo/v0.14.3
Building elixir
Generating XML for application elixir "/home/pete/wefwefwef/docs/other/783639489/elixir-tag-v0.14.3/elixir" -> "/home/pete/wefwefwef/docs/other/783639489/repo/v0.14.3/.xml/elixir"
Generated elixir XMLs: []
No documentation was generated!
Woot, finished in 0 Minutes 0 Seconds
 :: Discovering other repos
$ 5000  `rm -r '/home/pete/wefwefwef/docs/other/783639489/elixir-tag-v0.14.3'  2>&1`
 :: Processing https://github.com/elixir-lang/elixir	{rev,tag,"v0.15.0","2f2a52a64874a0a5b6d5c1fab812a80e94d982bc"}
 :: Fetching repo code
$ cd "/home/pete/wefwefwef/docs/other/783639489/elixir-tag-v0.15.0/elixir"
$ infinity  `curl --fail --silent --show-error --location --output 'v0.15.0.zip' 'https://github.com/elixir-lang/elixir/archive/v0.15.0.zip'  2>&1`
$ cd "/home/pete/wefwefwef/docs/erldocs_other.git"
$ cd "/home/pete/wefwefwef/docs/other/783639489/elixir-tag-v0.15.0/elixir"
$ 5000  `find -P . -type l -delete  2>&1`
$ cd "/home/pete/wefwefwef/docs/erldocs_other.git"
$ cd "/home/pete/wefwefwef/docs/other/783639489/elixir-tag-v0.15.0/elixir"
$ 5000  `find 'elixir-0.15.0' -mindepth 1 -maxdepth 1 -exec mv -t . -- {} +  2>&1`
$ cd "/home/pete/wefwefwef/docs/erldocs_other.git"
 :: Getting dependencies
$ cd "/home/pete/wefwefwef/docs/other/783639489/elixir-tag-v0.15.0/elixir"
$ 5000  `ls -1 deps/  2>&1`
$ cd "/home/pete/wefwefwef/docs/erldocs_other.git"
>>> [rebar] deps = []
 :: Generating erldocs into /home/pete/wefwefwef/docs/other/783639489/repo/v0.15.0
Building elixir
Generating XML for application elixir "/home/pete/wefwefwef/docs/other/783639489/elixir-tag-v0.15.0/elixir" -> "/home/pete/wefwefwef/docs/other/783639489/repo/v0.15.0/.xml/elixir"
Generated elixir XMLs: []
No documentation was generated!
Woot, finished in 0 Minutes 0 Seconds
 :: Discovering other repos
$ 5000  `rm -r '/home/pete/wefwefwef/docs/other/783639489/elixir-tag-v0.15.0'  2>&1`
 :: Processing https://github.com/elixir-lang/elixir	{rev,tag,"v0.15.1","a54d9212b89da61ec0dd4227ed24e59f37738fe5"}
 :: Fetching repo code
$ cd "/home/pete/wefwefwef/docs/other/783639489/elixir-tag-v0.15.1/elixir"
$ infinity  `curl --fail --silent --show-error --location --output 'v0.15.1.zip' 'https://github.com/elixir-lang/elixir/archive/v0.15.1.zip'  2>&1`
$ cd "/home/pete/wefwefwef/docs/erldocs_other.git"
$ cd "/home/pete/wefwefwef/docs/other/783639489/elixir-tag-v0.15.1/elixir"
$ 5000  `find -P . -type l -delete  2>&1`
$ cd "/home/pete/wefwefwef/docs/erldocs_other.git"
$ cd "/home/pete/wefwefwef/docs/other/783639489/elixir-tag-v0.15.1/elixir"
$ 5000  `find 'elixir-0.15.1' -mindepth 1 -maxdepth 1 -exec mv -t . -- {} +  2>&1`
$ cd "/home/pete/wefwefwef/docs/erldocs_other.git"
 :: Getting dependencies
$ cd "/home/pete/wefwefwef/docs/other/783639489/elixir-tag-v0.15.1/elixir"
$ 5000  `ls -1 deps/  2>&1`
$ cd "/home/pete/wefwefwef/docs/erldocs_other.git"
>>> [rebar] deps = []
 :: Generating erldocs into /home/pete/wefwefwef/docs/other/783639489/repo/v0.15.1
Building elixir
Generating XML for application elixir "/home/pete/wefwefwef/docs/other/783639489/elixir-tag-v0.15.1/elixir" -> "/home/pete/wefwefwef/docs/other/783639489/repo/v0.15.1/.xml/elixir"
Generated elixir XMLs: []
No documentation was generated!
Woot, finished in 0 Minutes 0 Seconds
 :: Discovering other repos
$ 5000  `rm -r '/home/pete/wefwefwef/docs/other/783639489/elixir-tag-v0.15.1'  2>&1`
 :: Processing https://github.com/elixir-lang/elixir	{rev,tag,"v0.5.0","6052352b6281752b905b30eb5b08fac0f51f68cd"}
 :: Fetching repo code
$ cd "/home/pete/wefwefwef/docs/other/783639489/elixir-tag-v0.5.0/elixir"
$ infinity  `curl --fail --silent --show-error --location --output 'v0.5.0.zip' 'https://github.com/elixir-lang/elixir/archive/v0.5.0.zip'  2>&1`
$ cd "/home/pete/wefwefwef/docs/erldocs_other.git"
$ cd "/home/pete/wefwefwef/docs/other/783639489/elixir-tag-v0.5.0/elixir"
$ 5000  `find -P . -type l -delete  2>&1`
$ cd "/home/pete/wefwefwef/docs/erldocs_other.git"
$ cd "/home/pete/wefwefwef/docs/other/783639489/elixir-tag-v0.5.0/elixir"
$ 5000  `find 'elixir-0.5.0' -mindepth 1 -maxdepth 1 -exec mv -t . -- {} +  2>&1`
$ cd "/home/pete/wefwefwef/docs/erldocs_other.git"
 :: Getting dependencies
$ cd "/home/pete/wefwefwef/docs/other/783639489/elixir-tag-v0.5.0/elixir"
$ 5000  `ls -1 deps/  2>&1`
$ cd "/home/pete/wefwefwef/docs/erldocs_other.git"
>>> [rebar] deps = []
 :: Generating erldocs into /home/pete/wefwefwef/docs/other/783639489/repo/v0.5.0
Building elixir
Generating Type Specs - "/home/pete/wefwefwef/docs/other/783639489/elixir-tag-v0.5.0/elixir/src/elixir.erl"
Generating Type Specs - "/home/pete/wefwefwef/docs/other/783639489/elixir-tag-v0.5.0/elixir/src/elixir_clauses.erl"
Generating Type Specs - "/home/pete/wefwefwef/docs/other/783639489/elixir-tag-v0.5.0/elixir/src/elixir_code_server.erl"
Generating Type Specs - "/home/pete/wefwefwef/docs/other/783639489/elixir-tag-v0.5.0/elixir/src/elixir_compiler.erl"
Generating Type Specs - "/home/pete/wefwefwef/docs/other/783639489/elixir-tag-v0.5.0/elixir/src/elixir_def.erl"
Generating Type Specs - "/home/pete/wefwefwef/docs/other/783639489/elixir-tag-v0.5.0/elixir/src/elixir_def_defaults.erl"
Generating Type Specs - "/home/pete/wefwefwef/docs/other/783639489/elixir-tag-v0.5.0/elixir/src/elixir_def_local.erl"
Generating Type Specs - "/home/pete/wefwefwef/docs/other/783639489/elixir-tag-v0.5.0/elixir/src/elixir_def_overridable.erl"
Generating Type Specs - "/home/pete/wefwefwef/docs/other/783639489/elixir-tag-v0.5.0/elixir/src/elixir_dispatch.erl"
Generating Type Specs - "/home/pete/wefwefwef/docs/other/783639489/elixir-tag-v0.5.0/elixir/src/elixir_errors.erl"
Generating Type Specs - "/home/pete/wefwefwef/docs/other/783639489/elixir-tag-v0.5.0/elixir/src/elixir_glob.erl"
Generating Type Specs - "/home/pete/wefwefwef/docs/other/783639489/elixir-tag-v0.5.0/elixir/src/elixir_import.erl"
Generating Type Specs - "/home/pete/wefwefwef/docs/other/783639489/elixir-tag-v0.5.0/elixir/src/elixir_interpolation.erl"
Generating Type Specs - "/home/pete/wefwefwef/docs/other/783639489/elixir-tag-v0.5.0/elixir/src/elixir_macros.erl"
Generating Type Specs - "/home/pete/wefwefwef/docs/other/783639489/elixir-tag-v0.5.0/elixir/src/elixir_module.erl"
Generating Type Specs - "/home/pete/wefwefwef/docs/other/783639489/elixir-tag-v0.5.0/elixir/src/elixir_quote.erl"
Generating Type Specs - "/home/pete/wefwefwef/docs/other/783639489/elixir-tag-v0.5.0/elixir/src/elixir_ref.erl"
Generating Type Specs - "/home/pete/wefwefwef/docs/other/783639489/elixir-tag-v0.5.0/elixir/src/elixir_sup.erl"
Generating Type Specs - "/home/pete/wefwefwef/docs/other/783639489/elixir-tag-v0.5.0/elixir/src/elixir_tokenizer.erl"
Generating Type Specs - "/home/pete/wefwefwef/docs/other/783639489/elixir-tag-v0.5.0/elixir/src/elixir_translator.erl"
Generating Type Specs - "/home/pete/wefwefwef/docs/other/783639489/elixir-tag-v0.5.0/elixir/src/elixir_tree_helpers.erl"
Generating Type Specs - "/home/pete/wefwefwef/docs/other/783639489/elixir-tag-v0.5.0/elixir/src/elixir_try.erl"
Generating Type Specs - "/home/pete/wefwefwef/docs/other/783639489/elixir-tag-v0.5.0/elixir/src/elixir_variables.erl"
Generating XML for application elixir "/home/pete/wefwefwef/docs/other/783639489/elixir-tag-v0.5.0/elixir" -> "/home/pete/wefwefwef/docs/other/783639489/repo/v0.5.0/.xml/elixir"
Generated elixir XMLs: ["/home/pete/wefwefwef/docs/other/783639489/repo/v0.5.0/.xml/elixir/elixir_macros.xml",
                        "/home/pete/wefwefwef/docs/other/783639489/repo/v0.5.0/.xml/elixir/elixir_dispatch.xml",
                        "/home/pete/wefwefwef/docs/other/783639489/repo/v0.5.0/.xml/elixir/elixir_variables.xml",
                        "/home/pete/wefwefwef/docs/other/783639489/repo/v0.5.0/.xml/elixir/elixir_tokenizer.xml",
                        "/home/pete/wefwefwef/docs/other/783639489/repo/v0.5.0/.xml/elixir/elixir.xml",
                        "/home/pete/wefwefwef/docs/other/783639489/repo/v0.5.0/.xml/elixir/elixir_interpolation.xml",
                        "/home/pete/wefwefwef/docs/other/783639489/repo/v0.5.0/.xml/elixir/elixir_def_defaults.xml",
                        "/home/pete/wefwefwef/docs/other/783639489/repo/v0.5.0/.xml/elixir/elixir_clauses.xml",
                        "/home/pete/wefwefwef/docs/other/783639489/repo/v0.5.0/.xml/elixir/elixir_quote.xml",
                        "/home/pete/wefwefwef/docs/other/783639489/repo/v0.5.0/.xml/elixir/elixir_tree_helpers.xml",
                        "/home/pete/wefwefwef/docs/other/783639489/repo/v0.5.0/.xml/elixir/elixir_def_local.xml",
                        "/home/pete/wefwefwef/docs/other/783639489/repo/v0.5.0/.xml/elixir/elixir_def_overridable.xml",
                        "/home/pete/wefwefwef/docs/other/783639489/repo/v0.5.0/.xml/elixir/elixir_def.xml",
                        "/home/pete/wefwefwef/docs/other/783639489/repo/v0.5.0/.xml/elixir/elixir_compiler.xml",
                        "/home/pete/wefwefwef/docs/other/783639489/repo/v0.5.0/.xml/elixir/elixir_code_server.xml",
                        "/home/pete/wefwefwef/docs/other/783639489/repo/v0.5.0/.xml/elixir/elixir_errors.xml",
                        "/home/pete/wefwefwef/docs/other/783639489/repo/v0.5.0/.xml/elixir/elixir_sup.xml",
                        "/home/pete/wefwefwef/docs/other/783639489/repo/v0.5.0/.xml/elixir/elixir_glob.xml",
                        "/home/pete/wefwefwef/docs/other/783639489/repo/v0.5.0/.xml/elixir/elixir_import.xml",
                        "/home/pete/wefwefwef/docs/other/783639489/repo/v0.5.0/.xml/elixir/elixir_module.xml",
                        "/home/pete/wefwefwef/docs/other/783639489/repo/v0.5.0/.xml/elixir/elixir_ref.xml",
                        "/home/pete/wefwefwef/docs/other/783639489/repo/v0.5.0/.xml/elixir/elixir_try.xml",
                        "/home/pete/wefwefwef/docs/other/783639489/repo/v0.5.0/.xml/elixir/elixir_translator.xml"]
Generating HTML - elixir "/home/pete/wefwefwef/docs/other/783639489/repo/v0.5.0/.xml/elixir/elixir.xml"
Generating HTML - elixir_tree_helpers "/home/pete/wefwefwef/docs/other/783639489/repo/v0.5.0/.xml/elixir/elixir_tree_helpers.xml"
Generating HTML - elixir_code_server "/home/pete/wefwefwef/docs/other/783639489/repo/v0.5.0/.xml/elixir/elixir_code_server.xml"
Generating HTML - elixir_translator "/home/pete/wefwefwef/docs/other/783639489/repo/v0.5.0/.xml/elixir/elixir_translator.xml"
Reading XML for "/home/pete/wefwefwef/docs/other/783639489/repo/v0.5.0/.xml/elixir/elixir.xml"
Reading XML for "/home/pete/wefwefwef/docs/other/783639489/repo/v0.5.0/.xml/elixir/elixir_tree_helpers.xml"
Reading XML for "/home/pete/wefwefwef/docs/other/783639489/repo/v0.5.0/.xml/elixir/elixir_code_server.xml"
Reading XML for "/home/pete/wefwefwef/docs/other/783639489/repo/v0.5.0/.xml/elixir/elixir_translator.xml"
Reading XML for "/home/pete/wefwefwef/docs/other/783639489/repo/v0.5.0/.xml/specs_elixir_code_server.xml"
Reading XML for "/home/pete/wefwefwef/docs/other/783639489/repo/v0.5.0/.xml/specs_elixir.xml"
Reading XML for "/home/pete/wefwefwef/docs/other/783639489/repo/v0.5.0/.xml/specs_elixir_tree_helpers.xml"
Reading XML for "/home/pete/wefwefwef/docs/other/783639489/repo/v0.5.0/.xml/specs_elixir_translator.xml"
Generating HTML - elixir_compiler "/home/pete/wefwefwef/docs/other/783639489/repo/v0.5.0/.xml/elixir/elixir_compiler.xml"
Reading XML for "/home/pete/wefwefwef/docs/other/783639489/repo/v0.5.0/.xml/elixir/elixir_compiler.xml"
Generating HTML - elixir_quote "/home/pete/wefwefwef/docs/other/783639489/repo/v0.5.0/.xml/elixir/elixir_quote.xml"
Reading XML for "/home/pete/wefwefwef/docs/other/783639489/repo/v0.5.0/.xml/elixir/elixir_quote.xml"
Generating HTML - elixir_tokenizer "/home/pete/wefwefwef/docs/other/783639489/repo/v0.5.0/.xml/elixir/elixir_tokenizer.xml"
Reading XML for "/home/pete/wefwefwef/docs/other/783639489/repo/v0.5.0/.xml/elixir/elixir_tokenizer.xml"
Generating HTML - elixir_try "/home/pete/wefwefwef/docs/other/783639489/repo/v0.5.0/.xml/elixir/elixir_try.xml"
Reading XML for "/home/pete/wefwefwef/docs/other/783639489/repo/v0.5.0/.xml/elixir/elixir_try.xml"
Reading XML for "/home/pete/wefwefwef/docs/other/783639489/repo/v0.5.0/.xml/specs_elixir_try.xml"
Generating HTML - elixir_ref "/home/pete/wefwefwef/docs/other/783639489/repo/v0.5.0/.xml/elixir/elixir_ref.xml"
Reading XML for "/home/pete/wefwefwef/docs/other/783639489/repo/v0.5.0/.xml/specs_elixir_compiler.xml"
Reading XML for "/home/pete/wefwefwef/docs/other/783639489/repo/v0.5.0/.xml/elixir/elixir_ref.xml"
Reading XML for "/home/pete/wefwefwef/docs/other/783639489/repo/v0.5.0/.xml/specs_elixir_quote.xml"
Reading XML for "/home/pete/wefwefwef/docs/other/783639489/repo/v0.5.0/.xml/specs_elixir_tokenizer.xml"
Generating HTML - elixir_clauses "/home/pete/wefwefwef/docs/other/783639489/repo/v0.5.0/.xml/elixir/elixir_clauses.xml"
Reading XML for "/home/pete/wefwefwef/docs/other/783639489/repo/v0.5.0/.xml/elixir/elixir_clauses.xml"
Generating HTML - elixir_def "/home/pete/wefwefwef/docs/other/783639489/repo/v0.5.0/.xml/elixir/elixir_def.xml"
Reading XML for "/home/pete/wefwefwef/docs/other/783639489/repo/v0.5.0/.xml/elixir/elixir_def.xml"
Generating HTML - elixir_variables "/home/pete/wefwefwef/docs/other/783639489/repo/v0.5.0/.xml/elixir/elixir_variables.xml"
Reading XML for "/home/pete/wefwefwef/docs/other/783639489/repo/v0.5.0/.xml/elixir/elixir_variables.xml"
Reading XML for "/home/pete/wefwefwef/docs/other/783639489/repo/v0.5.0/.xml/specs_elixir_ref.xml"
Generating HTML - elixir_module "/home/pete/wefwefwef/docs/other/783639489/repo/v0.5.0/.xml/elixir/elixir_module.xml"
Reading XML for "/home/pete/wefwefwef/docs/other/783639489/repo/v0.5.0/.xml/specs_elixir_clauses.xml"
Reading XML for "/home/pete/wefwefwef/docs/other/783639489/repo/v0.5.0/.xml/elixir/elixir_module.xml"
Reading XML for "/home/pete/wefwefwef/docs/other/783639489/repo/v0.5.0/.xml/specs_elixir_def.xml"
Generating HTML - elixir_def_defaults "/home/pete/wefwefwef/docs/other/783639489/repo/v0.5.0/.xml/elixir/elixir_def_defaults.xml"
Reading XML for "/home/pete/wefwefwef/docs/other/783639489/repo/v0.5.0/.xml/elixir/elixir_def_defaults.xml"
Reading XML for "/home/pete/wefwefwef/docs/other/783639489/repo/v0.5.0/.xml/specs_elixir_variables.xml"
Generating HTML - elixir_def_overridable "/home/pete/wefwefwef/docs/other/783639489/repo/v0.5.0/.xml/elixir/elixir_def_overridable.xml"
Reading XML for "/home/pete/wefwefwef/docs/other/783639489/repo/v0.5.0/.xml/elixir/elixir_def_overridable.xml"
Generating HTML - elixir_dispatch "/home/pete/wefwefwef/docs/other/783639489/repo/v0.5.0/.xml/elixir/elixir_dispatch.xml"
Reading XML for "/home/pete/wefwefwef/docs/other/783639489/repo/v0.5.0/.xml/elixir/elixir_dispatch.xml"
Reading XML for "/home/pete/wefwefwef/docs/other/783639489/repo/v0.5.0/.xml/specs_elixir_module.xml"
Reading XML for "/home/pete/wefwefwef/docs/other/783639489/repo/v0.5.0/.xml/specs_elixir_def_defaults.xml"
Generating HTML - elixir_interpolation "/home/pete/wefwefwef/docs/other/783639489/repo/v0.5.0/.xml/elixir/elixir_interpolation.xml"
Reading XML for "/home/pete/wefwefwef/docs/other/783639489/repo/v0.5.0/.xml/specs_elixir_def_overridable.xml"
Reading XML for "/home/pete/wefwefwef/docs/other/783639489/repo/v0.5.0/.xml/elixir/elixir_interpolation.xml"
Generating HTML - elixir_import "/home/pete/wefwefwef/docs/other/783639489/repo/v0.5.0/.xml/elixir/elixir_import.xml"
Reading XML for "/home/pete/wefwefwef/docs/other/783639489/repo/v0.5.0/.xml/elixir/elixir_import.xml"
Generating HTML - elixir_def_local "/home/pete/wefwefwef/docs/other/783639489/repo/v0.5.0/.xml/elixir/elixir_def_local.xml"
Reading XML for "/home/pete/wefwefwef/docs/other/783639489/repo/v0.5.0/.xml/elixir/elixir_def_local.xml"
Reading XML for "/home/pete/wefwefwef/docs/other/783639489/repo/v0.5.0/.xml/specs_elixir_dispatch.xml"
Generating HTML - elixir_macros "/home/pete/wefwefwef/docs/other/783639489/repo/v0.5.0/.xml/elixir/elixir_macros.xml"
Reading XML for "/home/pete/wefwefwef/docs/other/783639489/repo/v0.5.0/.xml/elixir/elixir_macros.xml"
Reading XML for "/home/pete/wefwefwef/docs/other/783639489/repo/v0.5.0/.xml/specs_elixir_interpolation.xml"
Reading XML for "/home/pete/wefwefwef/docs/other/783639489/repo/v0.5.0/.xml/specs_elixir_import.xml"
Reading XML for "/home/pete/wefwefwef/docs/other/783639489/repo/v0.5.0/.xml/specs_elixir_def_local.xml"
Generating HTML - elixir_glob "/home/pete/wefwefwef/docs/other/783639489/repo/v0.5.0/.xml/elixir/elixir_glob.xml"
Reading XML for "/home/pete/wefwefwef/docs/other/783639489/repo/v0.5.0/.xml/elixir/elixir_glob.xml"
Reading XML for "/home/pete/wefwefwef/docs/other/783639489/repo/v0.5.0/.xml/specs_elixir_macros.xml"
Reading XML for "/home/pete/wefwefwef/docs/other/783639489/repo/v0.5.0/.xml/specs_elixir_glob.xml"
Generating HTML - elixir_sup "/home/pete/wefwefwef/docs/other/783639489/repo/v0.5.0/.xml/elixir/elixir_sup.xml"
Reading XML for "/home/pete/wefwefwef/docs/other/783639489/repo/v0.5.0/.xml/elixir/elixir_sup.xml"
Reading XML for "/home/pete/wefwefwef/docs/other/783639489/repo/v0.5.0/.xml/specs_elixir_sup.xml"
Generating HTML - elixir_errors "/home/pete/wefwefwef/docs/other/783639489/repo/v0.5.0/.xml/elixir/elixir_errors.xml"
Reading XML for "/home/pete/wefwefwef/docs/other/783639489/repo/v0.5.0/.xml/elixir/elixir_errors.xml"
Reading XML for "/home/pete/wefwefwef/docs/other/783639489/repo/v0.5.0/.xml/specs_elixir_errors.xml"
Creating index.html ...
Creating erldocs_index.js ...
Woot, finished in 0 Minutes 2 Seconds
 :: Discovering other repos
$ 5000  `rm -r '/home/pete/wefwefwef/docs/other/783639489/elixir-tag-v0.5.0'  2>&1`
 :: Processing https://github.com/elixir-lang/elixir	{rev,tag,"v0.6.0","8d543cd122c0f5a5d12e15b1b8822b861aae8bef"}
 :: Fetching repo code
$ cd "/home/pete/wefwefwef/docs/other/783639489/elixir-tag-v0.6.0/elixir"
$ infinity  `curl --fail --silent --show-error --location --output 'v0.6.0.zip' 'https://github.com/elixir-lang/elixir/archive/v0.6.0.zip'  2>&1`
$ cd "/home/pete/wefwefwef/docs/erldocs_other.git"
$ cd "/home/pete/wefwefwef/docs/other/783639489/elixir-tag-v0.6.0/elixir"
$ 5000  `find -P . -type l -delete  2>&1`
$ cd "/home/pete/wefwefwef/docs/erldocs_other.git"
$ cd "/home/pete/wefwefwef/docs/other/783639489/elixir-tag-v0.6.0/elixir"
$ 5000  `find 'elixir-0.6.0' -mindepth 1 -maxdepth 1 -exec mv -t . -- {} +  2>&1`
$ cd "/home/pete/wefwefwef/docs/erldocs_other.git"
 :: Getting dependencies
$ cd "/home/pete/wefwefwef/docs/other/783639489/elixir-tag-v0.6.0/elixir"
$ 5000  `ls -1 deps/  2>&1`
$ cd "/home/pete/wefwefwef/docs/erldocs_other.git"
>>> [rebar] deps = []
 :: Generating erldocs into /home/pete/wefwefwef/docs/other/783639489/repo/v0.6.0
Building elixir
Generating XML for application elixir "/home/pete/wefwefwef/docs/other/783639489/elixir-tag-v0.6.0/elixir" -> "/home/pete/wefwefwef/docs/other/783639489/repo/v0.6.0/.xml/elixir"
Generated elixir XMLs: []
No documentation was generated!
Woot, finished in 0 Minutes 0 Seconds
 :: Discovering other repos
$ 5000  `rm -r '/home/pete/wefwefwef/docs/other/783639489/elixir-tag-v0.6.0'  2>&1`
 :: Processing https://github.com/elixir-lang/elixir	{rev,tag,"v0.7.0","833e9e97830caa2dad48321338772346da0114bc"}
 :: Fetching repo code
$ cd "/home/pete/wefwefwef/docs/other/783639489/elixir-tag-v0.7.0/elixir"
$ infinity  `curl --fail --silent --show-error --location --output 'v0.7.0.zip' 'https://github.com/elixir-lang/elixir/archive/v0.7.0.zip'  2>&1`
$ cd "/home/pete/wefwefwef/docs/erldocs_other.git"
$ cd "/home/pete/wefwefwef/docs/other/783639489/elixir-tag-v0.7.0/elixir"
$ 5000  `find -P . -type l -delete  2>&1`
$ cd "/home/pete/wefwefwef/docs/erldocs_other.git"
$ cd "/home/pete/wefwefwef/docs/other/783639489/elixir-tag-v0.7.0/elixir"
$ 5000  `find 'elixir-0.7.0' -mindepth 1 -maxdepth 1 -exec mv -t . -- {} +  2>&1`
$ cd "/home/pete/wefwefwef/docs/erldocs_other.git"
 :: Getting dependencies
$ cd "/home/pete/wefwefwef/docs/other/783639489/elixir-tag-v0.7.0/elixir"
$ 5000  `ls -1 deps/  2>&1`
$ cd "/home/pete/wefwefwef/docs/erldocs_other.git"
>>> [rebar] deps = []
 :: Generating erldocs into /home/pete/wefwefwef/docs/other/783639489/repo/v0.7.0
Building elixir
Generating XML for application elixir "/home/pete/wefwefwef/docs/other/783639489/elixir-tag-v0.7.0/elixir" -> "/home/pete/wefwefwef/docs/other/783639489/repo/v0.7.0/.xml/elixir"
Generated elixir XMLs: []
No documentation was generated!
Woot, finished in 0 Minutes 0 Seconds
 :: Discovering other repos
$ 5000  `rm -r '/home/pete/wefwefwef/docs/other/783639489/elixir-tag-v0.7.0'  2>&1`
 :: Processing https://github.com/elixir-lang/elixir	{rev,tag,"v0.7.1","8cede65b0fc00ea69261460a95a203a6f29a6236"}
 :: Fetching repo code
$ cd "/home/pete/wefwefwef/docs/other/783639489/elixir-tag-v0.7.1/elixir"
$ infinity  `curl --fail --silent --show-error --location --output 'v0.7.1.zip' 'https://github.com/elixir-lang/elixir/archive/v0.7.1.zip'  2>&1`
$ cd "/home/pete/wefwefwef/docs/erldocs_other.git"
$ cd "/home/pete/wefwefwef/docs/other/783639489/elixir-tag-v0.7.1/elixir"
$ 5000  `find -P . -type l -delete  2>&1`
$ cd "/home/pete/wefwefwef/docs/erldocs_other.git"
$ cd "/home/pete/wefwefwef/docs/other/783639489/elixir-tag-v0.7.1/elixir"
$ 5000  `find 'elixir-0.7.1' -mindepth 1 -maxdepth 1 -exec mv -t . -- {} +  2>&1`
$ cd "/home/pete/wefwefwef/docs/erldocs_other.git"
 :: Getting dependencies
$ cd "/home/pete/wefwefwef/docs/other/783639489/elixir-tag-v0.7.1/elixir"
$ 5000  `ls -1 deps/  2>&1`
$ cd "/home/pete/wefwefwef/docs/erldocs_other.git"
>>> [rebar] deps = []
 :: Generating erldocs into /home/pete/wefwefwef/docs/other/783639489/repo/v0.7.1
Building elixir
Generating XML for application elixir "/home/pete/wefwefwef/docs/other/783639489/elixir-tag-v0.7.1/elixir" -> "/home/pete/wefwefwef/docs/other/783639489/repo/v0.7.1/.xml/elixir"
Generated elixir XMLs: []
No documentation was generated!
Woot, finished in 0 Minutes 0 Seconds
 :: Discovering other repos
$ 5000  `rm -r '/home/pete/wefwefwef/docs/other/783639489/elixir-tag-v0.7.1'  2>&1`
 :: Processing https://github.com/elixir-lang/elixir	{rev,tag,"v0.7.2","243433d9d3355f4e2f85939e1a3bb1b0ea92091a"}
 :: Fetching repo code
$ cd "/home/pete/wefwefwef/docs/other/783639489/elixir-tag-v0.7.2/elixir"
$ infinity  `curl --fail --silent --show-error --location --output 'v0.7.2.zip' 'https://github.com/elixir-lang/elixir/archive/v0.7.2.zip'  2>&1`
$ cd "/home/pete/wefwefwef/docs/erldocs_other.git"
$ cd "/home/pete/wefwefwef/docs/other/783639489/elixir-tag-v0.7.2/elixir"
$ 5000  `find -P . -type l -delete  2>&1`
$ cd "/home/pete/wefwefwef/docs/erldocs_other.git"
$ cd "/home/pete/wefwefwef/docs/other/783639489/elixir-tag-v0.7.2/elixir"
$ 5000  `find 'elixir-0.7.2' -mindepth 1 -maxdepth 1 -exec mv -t . -- {} +  2>&1`
$ cd "/home/pete/wefwefwef/docs/erldocs_other.git"
 :: Getting dependencies
$ cd "/home/pete/wefwefwef/docs/other/783639489/elixir-tag-v0.7.2/elixir"
$ 5000  `ls -1 deps/  2>&1`
$ cd "/home/pete/wefwefwef/docs/erldocs_other.git"
>>> [rebar] deps = []
 :: Generating erldocs into /home/pete/wefwefwef/docs/other/783639489/repo/v0.7.2
Building elixir
Generating XML for application elixir "/home/pete/wefwefwef/docs/other/783639489/elixir-tag-v0.7.2/elixir" -> "/home/pete/wefwefwef/docs/other/783639489/repo/v0.7.2/.xml/elixir"
Generated elixir XMLs: []
No documentation was generated!
Woot, finished in 0 Minutes 0 Seconds
 :: Discovering other repos
$ 5000  `rm -r '/home/pete/wefwefwef/docs/other/783639489/elixir-tag-v0.7.2'  2>&1`
 :: Processing https://github.com/elixir-lang/elixir	{rev,tag,"v0.8.0","437adc1dd0bec0999a7bdf69a85faba4d5a5a11e"}
 :: Fetching repo code
$ cd "/home/pete/wefwefwef/docs/other/783639489/elixir-tag-v0.8.0/elixir"
$ infinity  `curl --fail --silent --show-error --location --output 'v0.8.0.zip' 'https://github.com/elixir-lang/elixir/archive/v0.8.0.zip'  2>&1`
$ cd "/home/pete/wefwefwef/docs/erldocs_other.git"
$ cd "/home/pete/wefwefwef/docs/other/783639489/elixir-tag-v0.8.0/elixir"
$ 5000  `find -P . -type l -delete  2>&1`
$ cd "/home/pete/wefwefwef/docs/erldocs_other.git"
$ cd "/home/pete/wefwefwef/docs/other/783639489/elixir-tag-v0.8.0/elixir"
$ 5000  `find 'elixir-0.8.0' -mindepth 1 -maxdepth 1 -exec mv -t . -- {} +  2>&1`
$ cd "/home/pete/wefwefwef/docs/erldocs_other.git"
 :: Getting dependencies
$ cd "/home/pete/wefwefwef/docs/other/783639489/elixir-tag-v0.8.0/elixir"
$ 5000  `ls -1 deps/  2>&1`
$ cd "/home/pete/wefwefwef/docs/erldocs_other.git"
>>> [rebar] deps = []
 :: Generating erldocs into /home/pete/wefwefwef/docs/other/783639489/repo/v0.8.0
Building elixir
Generating XML for application elixir "/home/pete/wefwefwef/docs/other/783639489/elixir-tag-v0.8.0/elixir" -> "/home/pete/wefwefwef/docs/other/783639489/repo/v0.8.0/.xml/elixir"
Generated elixir XMLs: []
No documentation was generated!
Woot, finished in 0 Minutes 0 Seconds
 :: Discovering other repos
$ 5000  `rm -r '/home/pete/wefwefwef/docs/other/783639489/elixir-tag-v0.8.0'  2>&1`
 :: Processing https://github.com/elixir-lang/elixir	{rev,tag,"v0.8.1","90ff71b0cc2dd28014adeae6cd7bf7f0bea9efc3"}
 :: Fetching repo code
$ cd "/home/pete/wefwefwef/docs/other/783639489/elixir-tag-v0.8.1/elixir"
$ infinity  `curl --fail --silent --show-error --location --output 'v0.8.1.zip' 'https://github.com/elixir-lang/elixir/archive/v0.8.1.zip'  2>&1`
$ cd "/home/pete/wefwefwef/docs/erldocs_other.git"
$ cd "/home/pete/wefwefwef/docs/other/783639489/elixir-tag-v0.8.1/elixir"
$ 5000  `find -P . -type l -delete  2>&1`
$ cd "/home/pete/wefwefwef/docs/erldocs_other.git"
$ cd "/home/pete/wefwefwef/docs/other/783639489/elixir-tag-v0.8.1/elixir"
$ 5000  `find 'elixir-0.8.1' -mindepth 1 -maxdepth 1 -exec mv -t . -- {} +  2>&1`
$ cd "/home/pete/wefwefwef/docs/erldocs_other.git"
 :: Getting dependencies
$ cd "/home/pete/wefwefwef/docs/other/783639489/elixir-tag-v0.8.1/elixir"
$ 5000  `ls -1 deps/  2>&1`
$ cd "/home/pete/wefwefwef/docs/erldocs_other.git"
>>> [rebar] deps = []
 :: Generating erldocs into /home/pete/wefwefwef/docs/other/783639489/repo/v0.8.1
Building elixir
Generating XML for application elixir "/home/pete/wefwefwef/docs/other/783639489/elixir-tag-v0.8.1/elixir" -> "/home/pete/wefwefwef/docs/other/783639489/repo/v0.8.1/.xml/elixir"
Generated elixir XMLs: []
No documentation was generated!
Woot, finished in 0 Minutes 0 Seconds
 :: Discovering other repos
$ 5000  `rm -r '/home/pete/wefwefwef/docs/other/783639489/elixir-tag-v0.8.1'  2>&1`
 :: Processing https://github.com/elixir-lang/elixir	{rev,tag,"v0.8.2","ed27611f48ba150404c95fe15f1d6058a4287330"}
 :: Fetching repo code
$ cd "/home/pete/wefwefwef/docs/other/783639489/elixir-tag-v0.8.2/elixir"
$ infinity  `curl --fail --silent --show-error --location --output 'v0.8.2.zip' 'https://github.com/elixir-lang/elixir/archive/v0.8.2.zip'  2>&1`
$ cd "/home/pete/wefwefwef/docs/erldocs_other.git"
$ cd "/home/pete/wefwefwef/docs/other/783639489/elixir-tag-v0.8.2/elixir"
$ 5000  `find -P . -type l -delete  2>&1`
$ cd "/home/pete/wefwefwef/docs/erldocs_other.git"
$ cd "/home/pete/wefwefwef/docs/other/783639489/elixir-tag-v0.8.2/elixir"
$ 5000  `find 'elixir-0.8.2' -mindepth 1 -maxdepth 1 -exec mv -t . -- {} +  2>&1`
$ cd "/home/pete/wefwefwef/docs/erldocs_other.git"
 :: Getting dependencies
$ cd "/home/pete/wefwefwef/docs/other/783639489/elixir-tag-v0.8.2/elixir"
$ 5000  `ls -1 deps/  2>&1`
$ cd "/home/pete/wefwefwef/docs/erldocs_other.git"
>>> [rebar] deps = []
 :: Generating erldocs into /home/pete/wefwefwef/docs/other/783639489/repo/v0.8.2
Building elixir
Generating XML for application elixir "/home/pete/wefwefwef/docs/other/783639489/elixir-tag-v0.8.2/elixir" -> "/home/pete/wefwefwef/docs/other/783639489/repo/v0.8.2/.xml/elixir"
Generated elixir XMLs: []
No documentation was generated!
Woot, finished in 0 Minutes 0 Seconds
 :: Discovering other repos
$ 5000  `rm -r '/home/pete/wefwefwef/docs/other/783639489/elixir-tag-v0.8.2'  2>&1`
 :: Processing https://github.com/elixir-lang/elixir	{rev,tag,"v0.8.3","59d6448609ae788273976d0de1565b2598b9611e"}
 :: Fetching repo code
$ cd "/home/pete/wefwefwef/docs/other/783639489/elixir-tag-v0.8.3/elixir"
$ infinity  `curl --fail --silent --show-error --location --output 'v0.8.3.zip' 'https://github.com/elixir-lang/elixir/archive/v0.8.3.zip'  2>&1`
$ cd "/home/pete/wefwefwef/docs/erldocs_other.git"
$ cd "/home/pete/wefwefwef/docs/other/783639489/elixir-tag-v0.8.3/elixir"
$ 5000  `find -P . -type l -delete  2>&1`
$ cd "/home/pete/wefwefwef/docs/erldocs_other.git"
$ cd "/home/pete/wefwefwef/docs/other/783639489/elixir-tag-v0.8.3/elixir"
$ 5000  `find 'elixir-0.8.3' -mindepth 1 -maxdepth 1 -exec mv -t . -- {} +  2>&1`
$ cd "/home/pete/wefwefwef/docs/erldocs_other.git"
 :: Getting dependencies
$ cd "/home/pete/wefwefwef/docs/other/783639489/elixir-tag-v0.8.3/elixir"
$ 5000  `ls -1 deps/  2>&1`
$ cd "/home/pete/wefwefwef/docs/erldocs_other.git"
>>> [rebar] deps = []
 :: Generating erldocs into /home/pete/wefwefwef/docs/other/783639489/repo/v0.8.3
Building elixir
Generating XML for application elixir "/home/pete/wefwefwef/docs/other/783639489/elixir-tag-v0.8.3/elixir" -> "/home/pete/wefwefwef/docs/other/783639489/repo/v0.8.3/.xml/elixir"
Generated elixir XMLs: []
No documentation was generated!
Woot, finished in 0 Minutes 0 Seconds
 :: Discovering other repos
$ 5000  `rm -r '/home/pete/wefwefwef/docs/other/783639489/elixir-tag-v0.8.3'  2>&1`
 :: Processing https://github.com/elixir-lang/elixir	{rev,tag,"v0.9.0","91e8e21242560f9a19910d8c1c6496482710ab69"}
 :: Fetching repo code
$ cd "/home/pete/wefwefwef/docs/other/783639489/elixir-tag-v0.9.0/elixir"
$ infinity  `curl --fail --silent --show-error --location --output 'v0.9.0.zip' 'https://github.com/elixir-lang/elixir/archive/v0.9.0.zip'  2>&1`
$ cd "/home/pete/wefwefwef/docs/erldocs_other.git"
$ cd "/home/pete/wefwefwef/docs/other/783639489/elixir-tag-v0.9.0/elixir"
$ 5000  `find -P . -type l -delete  2>&1`
$ cd "/home/pete/wefwefwef/docs/erldocs_other.git"
$ cd "/home/pete/wefwefwef/docs/other/783639489/elixir-tag-v0.9.0/elixir"
$ 5000  `find 'elixir-0.9.0' -mindepth 1 -maxdepth 1 -exec mv -t . -- {} +  2>&1`
$ cd "/home/pete/wefwefwef/docs/erldocs_other.git"
 :: Getting dependencies
$ cd "/home/pete/wefwefwef/docs/other/783639489/elixir-tag-v0.9.0/elixir"
$ 5000  `ls -1 deps/  2>&1`
$ cd "/home/pete/wefwefwef/docs/erldocs_other.git"
>>> [rebar] deps = []
 :: Generating erldocs into /home/pete/wefwefwef/docs/other/783639489/repo/v0.9.0
Building elixir
Generating XML for application elixir "/home/pete/wefwefwef/docs/other/783639489/elixir-tag-v0.9.0/elixir" -> "/home/pete/wefwefwef/docs/other/783639489/repo/v0.9.0/.xml/elixir"
Generated elixir XMLs: []
No documentation was generated!
Woot, finished in 0 Minutes 0 Seconds
 :: Discovering other repos
$ 5000  `rm -r '/home/pete/wefwefwef/docs/other/783639489/elixir-tag-v0.9.0'  2>&1`
 :: Processing https://github.com/elixir-lang/elixir	{rev,tag,"v0.9.1","24c6623a2bbf23cbdc63f4bf3842df4ac75de052"}
 :: Fetching repo code
$ cd "/home/pete/wefwefwef/docs/other/783639489/elixir-tag-v0.9.1/elixir"
$ infinity  `curl --fail --silent --show-error --location --output 'v0.9.1.zip' 'https://github.com/elixir-lang/elixir/archive/v0.9.1.zip'  2>&1`
$ cd "/home/pete/wefwefwef/docs/erldocs_other.git"
$ cd "/home/pete/wefwefwef/docs/other/783639489/elixir-tag-v0.9.1/elixir"
$ 5000  `find -P . -type l -delete  2>&1`
$ cd "/home/pete/wefwefwef/docs/erldocs_other.git"
$ cd "/home/pete/wefwefwef/docs/other/783639489/elixir-tag-v0.9.1/elixir"
$ 5000  `find 'elixir-0.9.1' -mindepth 1 -maxdepth 1 -exec mv -t . -- {} +  2>&1`
$ cd "/home/pete/wefwefwef/docs/erldocs_other.git"
 :: Getting dependencies
$ cd "/home/pete/wefwefwef/docs/other/783639489/elixir-tag-v0.9.1/elixir"
$ 5000  `ls -1 deps/  2>&1`
$ cd "/home/pete/wefwefwef/docs/erldocs_other.git"
>>> [rebar] deps = []
 :: Generating erldocs into /home/pete/wefwefwef/docs/other/783639489/repo/v0.9.1
Building elixir
Generating XML for application elixir "/home/pete/wefwefwef/docs/other/783639489/elixir-tag-v0.9.1/elixir" -> "/home/pete/wefwefwef/docs/other/783639489/repo/v0.9.1/.xml/elixir"
Generated elixir XMLs: []
No documentation was generated!
Woot, finished in 0 Minutes 0 Seconds
 :: Discovering other repos
$ 5000  `rm -r '/home/pete/wefwefwef/docs/other/783639489/elixir-tag-v0.9.1'  2>&1`
 :: Processing https://github.com/elixir-lang/elixir	{rev,tag,"v0.9.2","a613445f78721950f954d891566f023f8d16a39d"}
 :: Fetching repo code
$ cd "/home/pete/wefwefwef/docs/other/783639489/elixir-tag-v0.9.2/elixir"
$ infinity  `curl --fail --silent --show-error --location --output 'v0.9.2.zip' 'https://github.com/elixir-lang/elixir/archive/v0.9.2.zip'  2>&1`
$ cd "/home/pete/wefwefwef/docs/erldocs_other.git"
$ cd "/home/pete/wefwefwef/docs/other/783639489/elixir-tag-v0.9.2/elixir"
$ 5000  `find -P . -type l -delete  2>&1`
$ cd "/home/pete/wefwefwef/docs/erldocs_other.git"
$ cd "/home/pete/wefwefwef/docs/other/783639489/elixir-tag-v0.9.2/elixir"
$ 5000  `find 'elixir-0.9.2' -mindepth 1 -maxdepth 1 -exec mv -t . -- {} +  2>&1`
$ cd "/home/pete/wefwefwef/docs/erldocs_other.git"
 :: Getting dependencies
$ cd "/home/pete/wefwefwef/docs/other/783639489/elixir-tag-v0.9.2/elixir"
$ 5000  `ls -1 deps/  2>&1`
$ cd "/home/pete/wefwefwef/docs/erldocs_other.git"
>>> [rebar] deps = []
 :: Generating erldocs into /home/pete/wefwefwef/docs/other/783639489/repo/v0.9.2
Building elixir
Generating XML for application elixir "/home/pete/wefwefwef/docs/other/783639489/elixir-tag-v0.9.2/elixir" -> "/home/pete/wefwefwef/docs/other/783639489/repo/v0.9.2/.xml/elixir"
Generated elixir XMLs: []
No documentation was generated!
Woot, finished in 0 Minutes 0 Seconds
 :: Discovering other repos
$ 5000  `rm -r '/home/pete/wefwefwef/docs/other/783639489/elixir-tag-v0.9.2'  2>&1`
 :: Processing https://github.com/elixir-lang/elixir	{rev,tag,"v0.9.3","32d4739dada6e4df753c13edf27f3120bc34d365"}
 :: Fetching repo code
$ cd "/home/pete/wefwefwef/docs/other/783639489/elixir-tag-v0.9.3/elixir"
$ infinity  `curl --fail --silent --show-error --location --output 'v0.9.3.zip' 'https://github.com/elixir-lang/elixir/archive/v0.9.3.zip'  2>&1`
$ cd "/home/pete/wefwefwef/docs/erldocs_other.git"
$ cd "/home/pete/wefwefwef/docs/other/783639489/elixir-tag-v0.9.3/elixir"
$ 5000  `find -P . -type l -delete  2>&1`
$ cd "/home/pete/wefwefwef/docs/erldocs_other.git"
$ cd "/home/pete/wefwefwef/docs/other/783639489/elixir-tag-v0.9.3/elixir"
$ 5000  `find 'elixir-0.9.3' -mindepth 1 -maxdepth 1 -exec mv -t . -- {} +  2>&1`
$ cd "/home/pete/wefwefwef/docs/erldocs_other.git"
 :: Getting dependencies
$ cd "/home/pete/wefwefwef/docs/other/783639489/elixir-tag-v0.9.3/elixir"
$ 5000  `ls -1 deps/  2>&1`
$ cd "/home/pete/wefwefwef/docs/erldocs_other.git"
>>> [rebar] deps = []
 :: Generating erldocs into /home/pete/wefwefwef/docs/other/783639489/repo/v0.9.3
Building elixir
Generating XML for application elixir "/home/pete/wefwefwef/docs/other/783639489/elixir-tag-v0.9.3/elixir" -> "/home/pete/wefwefwef/docs/other/783639489/repo/v0.9.3/.xml/elixir"
Generated elixir XMLs: []
No documentation was generated!
Woot, finished in 0 Minutes 0 Seconds
 :: Discovering other repos
$ 5000  `rm -r '/home/pete/wefwefwef/docs/other/783639489/elixir-tag-v0.9.3'  2>&1`
 :: Processing https://github.com/elixir-lang/elixir	{rev,tag,"v1.0.0","52ff7e96867c027745d29f5d3feb77f546f22c4f"}
 :: Fetching repo code
$ cd "/home/pete/wefwefwef/docs/other/783639489/elixir-tag-v1.0.0/elixir"
$ infinity  `curl --fail --silent --show-error --location --output 'v1.0.0.zip' 'https://github.com/elixir-lang/elixir/archive/v1.0.0.zip'  2>&1`
$ cd "/home/pete/wefwefwef/docs/erldocs_other.git"
$ cd "/home/pete/wefwefwef/docs/other/783639489/elixir-tag-v1.0.0/elixir"
$ 5000  `find -P . -type l -delete  2>&1`
$ cd "/home/pete/wefwefwef/docs/erldocs_other.git"
$ cd "/home/pete/wefwefwef/docs/other/783639489/elixir-tag-v1.0.0/elixir"
$ 5000  `find 'elixir-1.0.0' -mindepth 1 -maxdepth 1 -exec mv -t . -- {} +  2>&1`
$ cd "/home/pete/wefwefwef/docs/erldocs_other.git"
 :: Getting dependencies
$ cd "/home/pete/wefwefwef/docs/other/783639489/elixir-tag-v1.0.0/elixir"
$ 5000  `ls -1 deps/  2>&1`
$ cd "/home/pete/wefwefwef/docs/erldocs_other.git"
>>> [rebar] deps = []
 :: Generating erldocs into /home/pete/wefwefwef/docs/other/783639489/repo/v1.0.0
Building elixir
Generating XML for application elixir "/home/pete/wefwefwef/docs/other/783639489/elixir-tag-v1.0.0/elixir" -> "/home/pete/wefwefwef/docs/other/783639489/repo/v1.0.0/.xml/elixir"
Generated elixir XMLs: []
No documentation was generated!
Woot, finished in 0 Minutes 0 Seconds
 :: Discovering other repos
$ 5000  `rm -r '/home/pete/wefwefwef/docs/other/783639489/elixir-tag-v1.0.0'  2>&1`
 :: Processing https://github.com/elixir-lang/elixir	{rev,tag,"v1.0.0-rc1","5b4497fa6b2da7831418cf1307248dc73b4ee34b"}
 :: Fetching repo code
$ cd "/home/pete/wefwefwef/docs/other/783639489/elixir-tag-v1.0.0-rc1/elixir"
$ infinity  `curl --fail --silent --show-error --location --output 'v1.0.0-rc1.zip' 'https://github.com/elixir-lang/elixir/archive/v1.0.0-rc1.zip'  2>&1`
$ cd "/home/pete/wefwefwef/docs/erldocs_other.git"
$ cd "/home/pete/wefwefwef/docs/other/783639489/elixir-tag-v1.0.0-rc1/elixir"
$ 5000  `find -P . -type l -delete  2>&1`
$ cd "/home/pete/wefwefwef/docs/erldocs_other.git"
$ cd "/home/pete/wefwefwef/docs/other/783639489/elixir-tag-v1.0.0-rc1/elixir"
$ 5000  `find 'elixir-1.0.0-rc1' -mindepth 1 -maxdepth 1 -exec mv -t . -- {} +  2>&1`
$ cd "/home/pete/wefwefwef/docs/erldocs_other.git"
 :: Getting dependencies
$ cd "/home/pete/wefwefwef/docs/other/783639489/elixir-tag-v1.0.0-rc1/elixir"
$ 5000  `ls -1 deps/  2>&1`
$ cd "/home/pete/wefwefwef/docs/erldocs_other.git"
>>> [rebar] deps = []
 :: Generating erldocs into /home/pete/wefwefwef/docs/other/783639489/repo/v1.0.0-rc1
Building elixir
Generating XML for application elixir "/home/pete/wefwefwef/docs/other/783639489/elixir-tag-v1.0.0-rc1/elixir" -> "/home/pete/wefwefwef/docs/other/783639489/repo/v1.0.0-rc1/.xml/elixir"
Generated elixir XMLs: []
No documentation was generated!
Woot, finished in 0 Minutes 0 Seconds
 :: Discovering other repos
$ 5000  `rm -r '/home/pete/wefwefwef/docs/other/783639489/elixir-tag-v1.0.0-rc1'  2>&1`
 :: Processing https://github.com/elixir-lang/elixir	{rev,tag,"v1.0.0-rc2","8931f345826b71056ab3df0fba7dbb1b9c3bce25"}
 :: Fetching repo code
$ cd "/home/pete/wefwefwef/docs/other/783639489/elixir-tag-v1.0.0-rc2/elixir"
$ infinity  `curl --fail --silent --show-error --location --output 'v1.0.0-rc2.zip' 'https://github.com/elixir-lang/elixir/archive/v1.0.0-rc2.zip'  2>&1`
$ cd "/home/pete/wefwefwef/docs/erldocs_other.git"
$ cd "/home/pete/wefwefwef/docs/other/783639489/elixir-tag-v1.0.0-rc2/elixir"
$ 5000  `find -P . -type l -delete  2>&1`
$ cd "/home/pete/wefwefwef/docs/erldocs_other.git"
$ cd "/home/pete/wefwefwef/docs/other/783639489/elixir-tag-v1.0.0-rc2/elixir"
$ 5000  `find 'elixir-1.0.0-rc2' -mindepth 1 -maxdepth 1 -exec mv -t . -- {} +  2>&1`
$ cd "/home/pete/wefwefwef/docs/erldocs_other.git"
 :: Getting dependencies
$ cd "/home/pete/wefwefwef/docs/other/783639489/elixir-tag-v1.0.0-rc2/elixir"
$ 5000  `ls -1 deps/  2>&1`
$ cd "/home/pete/wefwefwef/docs/erldocs_other.git"
>>> [rebar] deps = []
 :: Generating erldocs into /home/pete/wefwefwef/docs/other/783639489/repo/v1.0.0-rc2
Building elixir
Generating XML for application elixir "/home/pete/wefwefwef/docs/other/783639489/elixir-tag-v1.0.0-rc2/elixir" -> "/home/pete/wefwefwef/docs/other/783639489/repo/v1.0.0-rc2/.xml/elixir"
Generated elixir XMLs: []
No documentation was generated!
Woot, finished in 0 Minutes 0 Seconds
 :: Discovering other repos
$ 5000  `rm -r '/home/pete/wefwefwef/docs/other/783639489/elixir-tag-v1.0.0-rc2'  2>&1`
 :: Processing https://github.com/elixir-lang/elixir	{rev,tag,"v1.0.1","89460154bb1ab3faa9a7aad4a1edc621cc35d1de"}
 :: Fetching repo code
$ cd "/home/pete/wefwefwef/docs/other/783639489/elixir-tag-v1.0.1/elixir"
$ infinity  `curl --fail --silent --show-error --location --output 'v1.0.1.zip' 'https://github.com/elixir-lang/elixir/archive/v1.0.1.zip'  2>&1`
$ cd "/home/pete/wefwefwef/docs/erldocs_other.git"
$ cd "/home/pete/wefwefwef/docs/other/783639489/elixir-tag-v1.0.1/elixir"
$ 5000  `find -P . -type l -delete  2>&1`
$ cd "/home/pete/wefwefwef/docs/erldocs_other.git"
$ cd "/home/pete/wefwefwef/docs/other/783639489/elixir-tag-v1.0.1/elixir"
$ 5000  `find 'elixir-1.0.1' -mindepth 1 -maxdepth 1 -exec mv -t . -- {} +  2>&1`
$ cd "/home/pete/wefwefwef/docs/erldocs_other.git"
 :: Getting dependencies
$ cd "/home/pete/wefwefwef/docs/other/783639489/elixir-tag-v1.0.1/elixir"
$ 5000  `ls -1 deps/  2>&1`
$ cd "/home/pete/wefwefwef/docs/erldocs_other.git"
>>> [rebar] deps = []
 :: Generating erldocs into /home/pete/wefwefwef/docs/other/783639489/repo/v1.0.1
Building elixir
Generating XML for application elixir "/home/pete/wefwefwef/docs/other/783639489/elixir-tag-v1.0.1/elixir" -> "/home/pete/wefwefwef/docs/other/783639489/repo/v1.0.1/.xml/elixir"
Generated elixir XMLs: []
No documentation was generated!
Woot, finished in 0 Minutes 0 Seconds
 :: Discovering other repos
$ 5000  `rm -r '/home/pete/wefwefwef/docs/other/783639489/elixir-tag-v1.0.1'  2>&1`
 :: Processing https://github.com/elixir-lang/elixir	{rev,tag,"v1.0.2","34df8176385200d483ab483a973c498ffa62e580"}
 :: Fetching repo code
$ cd "/home/pete/wefwefwef/docs/other/783639489/elixir-tag-v1.0.2/elixir"
$ infinity  `curl --fail --silent --show-error --location --output 'v1.0.2.zip' 'https://github.com/elixir-lang/elixir/archive/v1.0.2.zip'  2>&1`
$ cd "/home/pete/wefwefwef/docs/erldocs_other.git"
$ cd "/home/pete/wefwefwef/docs/other/783639489/elixir-tag-v1.0.2/elixir"
$ 5000  `find -P . -type l -delete  2>&1`
$ cd "/home/pete/wefwefwef/docs/erldocs_other.git"
$ cd "/home/pete/wefwefwef/docs/other/783639489/elixir-tag-v1.0.2/elixir"
$ 5000  `find 'elixir-1.0.2' -mindepth 1 -maxdepth 1 -exec mv -t . -- {} +  2>&1`
$ cd "/home/pete/wefwefwef/docs/erldocs_other.git"
 :: Getting dependencies
$ cd "/home/pete/wefwefwef/docs/other/783639489/elixir-tag-v1.0.2/elixir"
$ 5000  `ls -1 deps/  2>&1`
$ cd "/home/pete/wefwefwef/docs/erldocs_other.git"
>>> [rebar] deps = []
 :: Generating erldocs into /home/pete/wefwefwef/docs/other/783639489/repo/v1.0.2
Building elixir
Generating XML for application elixir "/home/pete/wefwefwef/docs/other/783639489/elixir-tag-v1.0.2/elixir" -> "/home/pete/wefwefwef/docs/other/783639489/repo/v1.0.2/.xml/elixir"
Generated elixir XMLs: []
No documentation was generated!
Woot, finished in 0 Minutes 0 Seconds
 :: Discovering other repos
$ 5000  `rm -r '/home/pete/wefwefwef/docs/other/783639489/elixir-tag-v1.0.2'  2>&1`
 :: Processing https://github.com/elixir-lang/elixir	{rev,tag,"v1.0.3","307675284cfde2e2e3ff4b868ff5c2253dac3936"}
 :: Fetching repo code
$ cd "/home/pete/wefwefwef/docs/other/783639489/elixir-tag-v1.0.3/elixir"
$ infinity  `curl --fail --silent --show-error --location --output 'v1.0.3.zip' 'https://github.com/elixir-lang/elixir/archive/v1.0.3.zip'  2>&1`
$ cd "/home/pete/wefwefwef/docs/erldocs_other.git"
$ cd "/home/pete/wefwefwef/docs/other/783639489/elixir-tag-v1.0.3/elixir"
$ 5000  `find -P . -type l -delete  2>&1`
$ cd "/home/pete/wefwefwef/docs/erldocs_other.git"
$ cd "/home/pete/wefwefwef/docs/other/783639489/elixir-tag-v1.0.3/elixir"
$ 5000  `find 'elixir-1.0.3' -mindepth 1 -maxdepth 1 -exec mv -t . -- {} +  2>&1`
$ cd "/home/pete/wefwefwef/docs/erldocs_other.git"
 :: Getting dependencies
$ cd "/home/pete/wefwefwef/docs/other/783639489/elixir-tag-v1.0.3/elixir"
$ 5000  `ls -1 deps/  2>&1`
$ cd "/home/pete/wefwefwef/docs/erldocs_other.git"
>>> [rebar] deps = []
 :: Generating erldocs into /home/pete/wefwefwef/docs/other/783639489/repo/v1.0.3
Building elixir
Generating XML for application elixir "/home/pete/wefwefwef/docs/other/783639489/elixir-tag-v1.0.3/elixir" -> "/home/pete/wefwefwef/docs/other/783639489/repo/v1.0.3/.xml/elixir"
Generated elixir XMLs: []
No documentation was generated!
Woot, finished in 0 Minutes 0 Seconds
 :: Discovering other repos
$ 5000  `rm -r '/home/pete/wefwefwef/docs/other/783639489/elixir-tag-v1.0.3'  2>&1`
 :: Processing https://github.com/elixir-lang/elixir	{rev,branch,"master","fc0f92b67207b534022da0a298d394b53deec936"}
 :: Fetching repo code
$ cd "/home/pete/wefwefwef/docs/other/783639489/elixir-branch-master/elixir"
$ infinity  `curl --fail --silent --show-error --location --output 'master.zip' 'https://github.com/elixir-lang/elixir/archive/master.zip'  2>&1`
$ cd "/home/pete/wefwefwef/docs/erldocs_other.git"
$ cd "/home/pete/wefwefwef/docs/other/783639489/elixir-branch-master/elixir"
$ 5000  `find -P . -type l -delete  2>&1`
$ cd "/home/pete/wefwefwef/docs/erldocs_other.git"
$ cd "/home/pete/wefwefwef/docs/other/783639489/elixir-branch-master/elixir"
$ 5000  `find 'elixir-master' -mindepth 1 -maxdepth 1 -exec mv -t . -- {} +  2>&1`
$ cd "/home/pete/wefwefwef/docs/erldocs_other.git"
 :: Getting dependencies
$ cd "/home/pete/wefwefwef/docs/other/783639489/elixir-branch-master/elixir"
$ 5000  `ls -1 deps/  2>&1`
$ cd "/home/pete/wefwefwef/docs/erldocs_other.git"
>>> [rebar] deps = []
 :: Generating erldocs into /home/pete/wefwefwef/docs/other/783639489/repo/master
Building elixir
Generating XML for application elixir "/home/pete/wefwefwef/docs/other/783639489/elixir-branch-master/elixir" -> "/home/pete/wefwefwef/docs/other/783639489/repo/master/.xml/elixir"
Generated elixir XMLs: []
No documentation was generated!
Woot, finished in 0 Minutes 0 Seconds
 :: Discovering other repos
$ 5000  `rm -r '/home/pete/wefwefwef/docs/other/783639489/elixir-branch-master'  2>&1`
 :: Processing https://github.com/elixir-lang/elixir	{rev,branch,"v1.0","9e2c5a29a4b3b6542ca1adaaafc3e9f61c1231c8"}
 :: Fetching repo code
$ cd "/home/pete/wefwefwef/docs/other/783639489/elixir-branch-v1.0/elixir"
$ infinity  `curl --fail --silent --show-error --location --output 'v1.0.zip' 'https://github.com/elixir-lang/elixir/archive/v1.0.zip'  2>&1`
$ cd "/home/pete/wefwefwef/docs/erldocs_other.git"
$ cd "/home/pete/wefwefwef/docs/other/783639489/elixir-branch-v1.0/elixir"
$ 5000  `find -P . -type l -delete  2>&1`
$ cd "/home/pete/wefwefwef/docs/erldocs_other.git"
$ cd "/home/pete/wefwefwef/docs/other/783639489/elixir-branch-v1.0/elixir"
$ 5000  `find 'elixir-v1.0' -mindepth 1 -maxdepth 1 -exec mv -t . -- {} +  2>&1`
$ cd "/home/pete/wefwefwef/docs/erldocs_other.git"
>>> [stdout] "find: `elixir-v1.0': No such file or directory"
 :: Error running eo_core:
	[{eo_os,chk,2,[{file,"src/eo_os.erl"},{line,55}]},
         {eo_scm,fetch,2,[{file,"src/eo_scm.erl"},{line,92}]},
         {eo_core,copy_repo,5,[{file,"src/eo_core.erl"},{line,238}]},
         {eo_core,main_,11,[{file,"src/eo_core.erl"},{line,85}]},
         {eo_core,main,1,[{file,"src/eo_core.erl"},{line,47}]},
         {eo_core,gen,1,[{file,"src/eo_core.erl"},{line,28}]},
         {gen_escript__escript__1427__137280__786502,seq_gen,3,
             [{file,"./gen.escript"},{line,47}]},
         {escript,run,2,[{file,"escript.erl"},{line,752}]}]
{throw,{sh,mv_all,error,1,
           [{"find: `elixir-v1.0'"},{": No such file or directory"}]}}
