 :: Extracting meta information
$ cd '.'
$ infinity  `git ls-remote --heads --tags https://github.com/project-fifo/sniffle`
>>> [repo] 5 branches, 70 tags
 :: Writing meta to "/home/pete/wefwefwef/docs/other/e949bd83640fa0827b05bd5d31adbdac04aba5f7/meta.txt"
 :: Skipping tag "0.2.0"
 :: Skipping tag "0.4.4"
 :: Skipping tag "0.4.4p1"
 :: Skipping tag "0.4.4p2"
 :: Skipping tag "0.4.4p3"
 :: Skipping tag "0.4.4p4"
 :: Skipping tag "0.4.4p5"
 :: Skipping tag "0.4.5"
 :: Skipping tag "0.4.5p1"
 :: Skipping tag "0.4.5p2"
 :: Skipping tag "0.4.5p3"
 :: Skipping tag "0.4.5p4"
 :: Skipping tag "0.4.5p5"
 :: Skipping tag "0.4.5p6"
 :: Skipping tag "0.4.5p7"
 :: Skipping tag "0.6.0"
 :: Skipping tag "0.6.0p1"
 :: Skipping tag "0.6.0p10"
 :: Skipping tag "0.6.0p2"
 :: Skipping tag "0.6.0p3"
 :: Skipping tag "0.6.0p4"
 :: Skipping tag "0.6.0p5"
 :: Skipping tag "0.6.0p6"
 :: Skipping tag "0.6.0p7"
 :: Skipping tag "0.6.0p8"
 :: Skipping tag "0.6.0p9"
 :: Skipping tag "0.6.1"
 :: Skipping tag "0.6.1p1"
 :: Skipping tag "0.6.1p10"
 :: Skipping tag "0.6.1p11"
 :: Skipping tag "0.6.1p12"
 :: Skipping tag "0.6.1p13"
 :: Skipping tag "0.6.1p2"
 :: Skipping tag "0.6.1p3"
 :: Skipping tag "0.6.1p4"
 :: Skipping tag "0.6.1p5"
 :: Skipping tag "0.6.1p6"
 :: Skipping tag "0.6.1p7"
 :: Skipping tag "0.6.1p8"
 :: Skipping tag "0.6.1p9"
 :: Skipping tag "0.7.0"
 :: Skipping tag "0.1.0"
 :: Skipping tag "0.1.0p1"
 :: Skipping tag "0.1.0p10"
 :: Skipping tag "0.1.0p11"
 :: Skipping tag "0.1.0p2"
 :: Skipping tag "0.1.0p3"
 :: Skipping tag "0.1.0p4"
 :: Skipping tag "0.1.0p5"
 :: Skipping tag "0.1.0p6"
 :: Skipping tag "0.1.0p7"
 :: Skipping tag "0.1.0p8"
 :: Skipping tag "0.1.0p9"
 :: Skipping tag "0.1.1p1"
 :: Skipping tag "0.3.0"
 :: Skipping tag "0.3.1"
 :: Skipping tag "0.3.2"
 :: Skipping tag "0.3.3"
 :: Skipping tag "0.3.4"
 :: Skipping tag "0.3.4p1"
 :: Skipping tag "0.3.5"
 :: Skipping tag "0.3.5p1"
 :: Skipping tag "0.3.6"
 :: Skipping tag "0.3.7"
 :: Skipping tag "0.4.1"
 :: Skipping tag "0.4.2"
 :: Skipping tag "0.4.3"
 :: Skipping tag "0.4.3p1"
 :: Skipping branch "dev"
 :: Skipping branch "rebar2"
 :: Skipping branch "rebar3"
 :: Processing https://github.com/project-fifo/sniffle	{rev,branch,"test","0514375d5bd040cad983c78c5519e3afc8a4a898",undefined,[],[]}
 :: Fetching repo code
$ cd '/home/pete/wefwefwef/docs/other/e949bd83640fa0827b05bd5d31adbdac04aba5f7/sniffle-branch-test'
$ infinity  `curl --fail --silent --show-error --location --output repo.tar.gz https://codeload.github.com/project-fifo/sniffle/tar.gz/test`
 :: Error running eo_core:
	[{eo_scm,fetch,2,[{file,"src/eo_scm.erl"},{line,81}]},
         {eo_core,do,7,[{file,"src/eo_core.erl"},{line,107}]},
         {eo_core,'-main_/1-lc$^0/1-0-',8,
             [{file,"src/eo_core.erl"},{line,85}]},
         {eo_core,main_,1,[{file,"src/eo_core.erl"},{line,85}]},
         {eo_core,main,1,[{file,"src/eo_core.erl"},{line,56}]},
         {eo_core,gen,1,[{file,"src/eo_core.erl"},{line,36}]},
         {gen_escript__escript__1446__722273__168068,seq_gen,4,
             [{file,"./gen.escript"},{line,53}]},
         {escript,run,2,[{file,"escript.erl"},{line,752}]}]
{error,{case_clause,["/home/pete/wefwefwef/docs/other/e949bd83640fa0827b05bd5d31adbdac04aba5f7/sniffle-branch-test/sniffle",
                     "/home/pete/wefwefwef/docs/other/e949bd83640fa0827b05bd5d31adbdac04aba5f7/sniffle-branch-test/sniffle-test"]}}
 :: Processing https://github.com/project-fifo/sniffle	{rev,branch,"master","2038b5565b05db5186c27b00ccff5c01bdc5f4b4",undefined,[],[]}
 :: Fetching repo code
$ cd '/home/pete/wefwefwef/docs/other/e949bd83640fa0827b05bd5d31adbdac04aba5f7/sniffle-branch-master'
$ infinity  `curl --fail --silent --show-error --location --output repo.tar.gz https://codeload.github.com/project-fifo/sniffle/tar.gz/master`
 :: Error running eo_core:
	[{eo_scm,fetch,2,[{file,"src/eo_scm.erl"},{line,81}]},
         {eo_core,do,7,[{file,"src/eo_core.erl"},{line,107}]},
         {eo_core,'-main_/1-lc$^0/1-0-',8,
             [{file,"src/eo_core.erl"},{line,85}]},
         {eo_core,'-main_/1-lc$^0/1-0-',8,
             [{file,"src/eo_core.erl"},{line,91}]},
         {eo_core,main_,1,[{file,"src/eo_core.erl"},{line,85}]},
         {eo_core,main,1,[{file,"src/eo_core.erl"},{line,56}]},
         {eo_core,gen,1,[{file,"src/eo_core.erl"},{line,36}]},
         {gen_escript__escript__1446__722273__168068,seq_gen,4,
             [{file,"./gen.escript"},{line,53}]}]
{error,{case_clause,["/home/pete/wefwefwef/docs/other/e949bd83640fa0827b05bd5d31adbdac04aba5f7/sniffle-branch-master/sniffle",
                     "/home/pete/wefwefwef/docs/other/e949bd83640fa0827b05bd5d31adbdac04aba5f7/sniffle-branch-master/sniffle-master"]}}
 :: Processing https://github.com/project-fifo/sniffle	{rev,tag,"0.7.0p1","2038b5565b05db5186c27b00ccff5c01bdc5f4b4",undefined,[],[]}
 :: Fetching repo code
$ cd '/home/pete/wefwefwef/docs/other/e949bd83640fa0827b05bd5d31adbdac04aba5f7/sniffle-tag-0.7.0p1'
$ infinity  `curl --fail --silent --show-error --location --output repo.tar.gz https://codeload.github.com/project-fifo/sniffle/tar.gz/0.7.0p1`
 :: Error running eo_core:
	[{eo_scm,fetch,2,[{file,"src/eo_scm.erl"},{line,81}]},
         {eo_core,do,7,[{file,"src/eo_core.erl"},{line,107}]},
         {eo_core,'-main_/1-lc$^0/1-0-',8,
             [{file,"src/eo_core.erl"},{line,85}]},
         {eo_core,'-main_/1-lc$^0/1-0-',8,
             [{file,"src/eo_core.erl"},{line,91}]},
         {eo_core,main_,1,[{file,"src/eo_core.erl"},{line,85}]},
         {eo_core,main,1,[{file,"src/eo_core.erl"},{line,56}]},
         {eo_core,gen,1,[{file,"src/eo_core.erl"},{line,36}]},
         {gen_escript__escript__1446__722273__168068,seq_gen,4,
             [{file,"./gen.escript"},{line,53}]}]
{error,{case_clause,["/home/pete/wefwefwef/docs/other/e949bd83640fa0827b05bd5d31adbdac04aba5f7/sniffle-tag-0.7.0p1/sniffle",
                     "/home/pete/wefwefwef/docs/other/e949bd83640fa0827b05bd5d31adbdac04aba5f7/sniffle-tag-0.7.0p1/sniffle-0.7.0p1"]}}
 :: Processing https://github.com/project-fifo/sniffle	{rev,tag,"0.6.0p11","d28c402bb1f6fe1934cc2675c05f4a548a7d8db1",undefined,[],[]}
 :: Fetching repo code
$ cd '/home/pete/wefwefwef/docs/other/e949bd83640fa0827b05bd5d31adbdac04aba5f7/sniffle-tag-0.6.0p11'
$ infinity  `curl --fail --silent --show-error --location --output repo.tar.gz https://codeload.github.com/project-fifo/sniffle/tar.gz/0.6.0p11`
 :: Error running eo_core:
	[{eo_scm,fetch,2,[{file,"src/eo_scm.erl"},{line,81}]},
         {eo_core,do,7,[{file,"src/eo_core.erl"},{line,107}]},
         {eo_core,'-main_/1-lc$^0/1-0-',8,
             [{file,"src/eo_core.erl"},{line,85}]},
         {eo_core,'-main_/1-lc$^0/1-0-',8,
             [{file,"src/eo_core.erl"},{line,91}]},
         {eo_core,main_,1,[{file,"src/eo_core.erl"},{line,85}]},
         {eo_core,main,1,[{file,"src/eo_core.erl"},{line,56}]},
         {eo_core,gen,1,[{file,"src/eo_core.erl"},{line,36}]},
         {gen_escript__escript__1446__722273__168068,seq_gen,4,
             [{file,"./gen.escript"},{line,53}]}]
{error,{case_clause,["/home/pete/wefwefwef/docs/other/e949bd83640fa0827b05bd5d31adbdac04aba5f7/sniffle-tag-0.6.0p11/sniffle",
                     "/home/pete/wefwefwef/docs/other/e949bd83640fa0827b05bd5d31adbdac04aba5f7/sniffle-tag-0.6.0p11/sniffle-0.6.0p11"]}}
 :: Finishing up
$ cd '.'
$ 5000  `rm -r /home/pete/wefwefwef/docs/other/e949bd83640fa0827b05bd5d31adbdac04aba5f7/sniffle`
