 :: Extracting meta information
$ infinity  `git ls-remote --heads --tags 'https://github.com/msantos/inert'  2>&1`
>>> [repo] 1 branches, 6 tags
 :: Writing meta to "/home/pete/wefwefwef/docs/other/4f577b4e89114aca0030a132b39ce92d265cc95a/meta.txt"
 :: Skipping tag "0.2.1"
 :: Skipping tag "0.4.3"
 :: Skipping tag "0.5.2"
 :: Skipping tag "0.6.0"
 :: Skipping tag "0.6.1"
 :: Skipping tag "0.6.2"
 :: Processing https://github.com/msantos/inert	{rev,branch,"master","80e30a1e39af02d49bbc3533e949b505e02f2c1a",undefined,[],[]}
 :: Fetching repo code
$ cd '/home/pete/wefwefwef/docs/other/4f577b4e89114aca0030a132b39ce92d265cc95a/inert-branch-master'
$ infinity  `curl --fail --silent --show-error --location --output repo.tar.gz 'https://codeload.github.com/msantos/inert/tar.gz/master'  2>&1`
$ cd '/home/pete/wefwefwef/docs/erldocs_other.git'
$ cd '/home/pete/wefwefwef/docs/other/4f577b4e89114aca0030a132b39ce92d265cc95a/inert-branch-master/inert-master'
$ 5000  `find -P . -type l -delete  2>&1`
$ cd '/home/pete/wefwefwef/docs/erldocs_other.git'
$ 5000  `mv '/home/pete/wefwefwef/docs/other/4f577b4e89114aca0030a132b39ce92d265cc95a/inert-branch-master/inert-master' '/home/pete/wefwefwef/docs/other/4f577b4e89114aca0030a132b39ce92d265cc95a/inert-branch-master/inert'  2>&1`
 :: Getting dependencies
$ cd '/home/pete/wefwefwef/docs/other/4f577b4e89114aca0030a132b39ce92d265cc95a/inert-branch-master/inert'
$ 5000  `ls -1 deps/  2>&1`
$ cd '/home/pete/wefwefwef/docs/erldocs_other.git'
>>> [rebar] deps = []
 :: Generating erldocs into /home/pete/wefwefwef/docs/other/4f577b4e89114aca0030a132b39ce92d265cc95a/repo/master
Building inert
Generating Type Specs - "/home/pete/wefwefwef/docs/other/4f577b4e89114aca0030a132b39ce92d265cc95a/inert-branch-master/inert/src/inert.erl"
Generating Type Specs - "/home/pete/wefwefwef/docs/other/4f577b4e89114aca0030a132b39ce92d265cc95a/inert-branch-master/inert/src/inert_drv.erl"
Generating Type Specs - "/home/pete/wefwefwef/docs/other/4f577b4e89114aca0030a132b39ce92d265cc95a/inert-branch-master/inert/src/prim_inert.erl"
Generating XML for application inert "/home/pete/wefwefwef/docs/other/4f577b4e89114aca0030a132b39ce92d265cc95a/inert-branch-master/inert" -> "/home/pete/wefwefwef/docs/other/4f577b4e89114aca0030a132b39ce92d265cc95a/repo/master/.xml/inert"
Generated inert XMLs: ["/home/pete/wefwefwef/docs/other/4f577b4e89114aca0030a132b39ce92d265cc95a/repo/master/.xml/inert/prim_inert.xml",
                       "/home/pete/wefwefwef/docs/other/4f577b4e89114aca0030a132b39ce92d265cc95a/repo/master/.xml/inert/inert_drv.xml",
                       "/home/pete/wefwefwef/docs/other/4f577b4e89114aca0030a132b39ce92d265cc95a/repo/master/.xml/inert/inert.xml"]
Generating HTML - inert "/home/pete/wefwefwef/docs/other/4f577b4e89114aca0030a132b39ce92d265cc95a/repo/master/.xml/inert/inert.xml"
Reading XML for "/home/pete/wefwefwef/docs/other/4f577b4e89114aca0030a132b39ce92d265cc95a/repo/master/.xml/inert/inert.xml"
Reading XML for "/home/pete/wefwefwef/docs/other/4f577b4e89114aca0030a132b39ce92d265cc95a/repo/master/.xml/specs_inert.xml"
Generating HTML - inert_drv "/home/pete/wefwefwef/docs/other/4f577b4e89114aca0030a132b39ce92d265cc95a/repo/master/.xml/inert/inert_drv.xml"
Reading XML for "/home/pete/wefwefwef/docs/other/4f577b4e89114aca0030a132b39ce92d265cc95a/repo/master/.xml/inert/inert_drv.xml"
Reading XML for "/home/pete/wefwefwef/docs/other/4f577b4e89114aca0030a132b39ce92d265cc95a/repo/master/.xml/specs_inert_drv.xml"
Generating HTML - prim_inert "/home/pete/wefwefwef/docs/other/4f577b4e89114aca0030a132b39ce92d265cc95a/repo/master/.xml/inert/prim_inert.xml"
Reading XML for "/home/pete/wefwefwef/docs/other/4f577b4e89114aca0030a132b39ce92d265cc95a/repo/master/.xml/inert/prim_inert.xml"
Reading XML for "/home/pete/wefwefwef/docs/other/4f577b4e89114aca0030a132b39ce92d265cc95a/repo/master/.xml/specs_prim_inert.xml"
Creating index.html ...
Creating erldocs_index.js ...
Woot, finished in 0 Minutes 0 Seconds
 :: Discovering other repos
$ 5000  `rm -r '/home/pete/wefwefwef/docs/other/4f577b4e89114aca0030a132b39ce92d265cc95a/inert-branch-master'  2>&1`
 :: Finishing up
$ 5000  `rm -r '/home/pete/wefwefwef/docs/other/4f577b4e89114aca0030a132b39ce92d265cc95a/inert'  2>&1`
