 :: Extracting meta information
$ 5000  `git ls-remote --heads --tags 'https://github.com/aartamonau/ezk'  2>&1`
>>> [repo] 1 branches, 0 tags
 :: Writing meta to "/home/pete/wefwefwef/docs/other/5023602354/meta.txt"
 :: Processing https://github.com/aartamonau/ezk	{rev,branch,"master","460fdb700fbb55aa597671c3aa172ee95f4d0a95"}
 :: Fetching repo code
$ cd "/home/pete/wefwefwef/docs/other/5023602354/ezk-branch-master/ezk"
$ infinity  `curl --fail --silent --show-error --location --output 'master.zip' 'https://github.com/aartamonau/ezk/archive/master.zip'  2>&1`
$ cd "/home/pete/wefwefwef/docs/erldocs_other.git"
$ cd "/home/pete/wefwefwef/docs/other/5023602354/ezk-branch-master/ezk"
$ 5000  `find -P . -type l -delete  2>&1`
$ cd "/home/pete/wefwefwef/docs/erldocs_other.git"
$ cd "/home/pete/wefwefwef/docs/other/5023602354/ezk-branch-master/ezk"
$ 5000  `find 'ezk-master' -mindepth 1 -maxdepth 1 -exec mv -t . -- {} +  2>&1`
$ cd "/home/pete/wefwefwef/docs/erldocs_other.git"
 :: Getting dependencies
$ cd "/home/pete/wefwefwef/docs/other/5023602354/ezk-branch-master/ezk"
$ 5000  `ls -1 deps/  2>&1`
$ cd "/home/pete/wefwefwef/docs/erldocs_other.git"
>>> [rebar] deps = []
 :: Generating erldocs into /home/pete/wefwefwef/docs/other/5023602354/repo/master
Building ezk
Generating Type Specs - "/home/pete/wefwefwef/docs/other/5023602354/ezk-branch-master/ezk/src/ezk.erl"
Generating Type Specs - "/home/pete/wefwefwef/docs/other/5023602354/ezk-branch-master/ezk/src/ezk_app.erl"
Generating Type Specs - "/home/pete/wefwefwef/docs/other/5023602354/ezk-branch-master/ezk/src/ezk_connection.erl"
Generating Type Specs - "/home/pete/wefwefwef/docs/other/5023602354/ezk-branch-master/ezk/src/ezk_connection_manager.erl"
Generating Type Specs - "/home/pete/wefwefwef/docs/other/5023602354/ezk-branch-master/ezk/src/ezk_highlander.erl"
Generating Type Specs - "/home/pete/wefwefwef/docs/other/5023602354/ezk-branch-master/ezk/src/ezk_log.erl"
Generating Type Specs - "/home/pete/wefwefwef/docs/other/5023602354/ezk-branch-master/ezk/src/ezk_message_2_packet.erl"
Generating Type Specs - "/home/pete/wefwefwef/docs/other/5023602354/ezk-branch-master/ezk/src/ezk_packet_2_message.erl"
Generating Type Specs - "/home/pete/wefwefwef/docs/other/5023602354/ezk-branch-master/ezk/src/ezk_sup.erl"
Generating XML for application ezk "/home/pete/wefwefwef/docs/other/5023602354/ezk-branch-master/ezk" -> "/home/pete/wefwefwef/docs/other/5023602354/repo/master/.xml/ezk"
Generated ezk XMLs: ["/home/pete/wefwefwef/docs/other/5023602354/repo/master/.xml/ezk/ezk_app.xml",
                     "/home/pete/wefwefwef/docs/other/5023602354/repo/master/.xml/ezk/ezk_connection_manager.xml",
                     "/home/pete/wefwefwef/docs/other/5023602354/repo/master/.xml/ezk/ezk.xml",
                     "/home/pete/wefwefwef/docs/other/5023602354/repo/master/.xml/ezk/ezk_packet_2_message.xml",
                     "/home/pete/wefwefwef/docs/other/5023602354/repo/master/.xml/ezk/ezk_highlander.xml",
                     "/home/pete/wefwefwef/docs/other/5023602354/repo/master/.xml/ezk/ezk_message_2_packet.xml",
                     "/home/pete/wefwefwef/docs/other/5023602354/repo/master/.xml/ezk/ezk_log.xml",
                     "/home/pete/wefwefwef/docs/other/5023602354/repo/master/.xml/ezk/ezk_sup.xml",
                     "/home/pete/wefwefwef/docs/other/5023602354/repo/master/.xml/ezk/ezk_connection.xml"]
Generating HTML - ezk_connection_manager "/home/pete/wefwefwef/docs/other/5023602354/repo/master/.xml/ezk/ezk_connection_manager.xml"
Generating HTML - ezk_packet_2_message "/home/pete/wefwefwef/docs/other/5023602354/repo/master/.xml/ezk/ezk_packet_2_message.xml"
Generating HTML - ezk_message_2_packet "/home/pete/wefwefwef/docs/other/5023602354/repo/master/.xml/ezk/ezk_message_2_packet.xml"
Generating HTML - ezk_connection "/home/pete/wefwefwef/docs/other/5023602354/repo/master/.xml/ezk/ezk_connection.xml"
Reading XML for "/home/pete/wefwefwef/docs/other/5023602354/repo/master/.xml/ezk/ezk_connection_manager.xml"
Reading XML for "/home/pete/wefwefwef/docs/other/5023602354/repo/master/.xml/ezk/ezk_packet_2_message.xml"
Reading XML for "/home/pete/wefwefwef/docs/other/5023602354/repo/master/.xml/ezk/ezk_message_2_packet.xml"
Reading XML for "/home/pete/wefwefwef/docs/other/5023602354/repo/master/.xml/ezk/ezk_connection.xml"
Reading XML for "/home/pete/wefwefwef/docs/other/5023602354/repo/master/.xml/specs_ezk_packet_2_message.xml"
Reading XML for "/home/pete/wefwefwef/docs/other/5023602354/repo/master/.xml/specs_ezk_message_2_packet.xml"
Generating HTML - ezk "/home/pete/wefwefwef/docs/other/5023602354/repo/master/.xml/ezk/ezk.xml"
Reading XML for "/home/pete/wefwefwef/docs/other/5023602354/repo/master/.xml/ezk/ezk.xml"
Generating HTML - ezk_highlander "/home/pete/wefwefwef/docs/other/5023602354/repo/master/.xml/ezk/ezk_highlander.xml"
Reading XML for "/home/pete/wefwefwef/docs/other/5023602354/repo/master/.xml/ezk/ezk_highlander.xml"
Reading XML for "/home/pete/wefwefwef/docs/other/5023602354/repo/master/.xml/specs_ezk_connection_manager.xml"
Generating HTML - ezk_app "/home/pete/wefwefwef/docs/other/5023602354/repo/master/.xml/ezk/ezk_app.xml"
Reading XML for "/home/pete/wefwefwef/docs/other/5023602354/repo/master/.xml/ezk/ezk_app.xml"
Reading XML for "/home/pete/wefwefwef/docs/other/5023602354/repo/master/.xml/specs_ezk_connection.xml"
Reading XML for "/home/pete/wefwefwef/docs/other/5023602354/repo/master/.xml/specs_ezk_highlander.xml"
Generating HTML - ezk_sup "/home/pete/wefwefwef/docs/other/5023602354/repo/master/.xml/ezk/ezk_sup.xml"
Reading XML for "/home/pete/wefwefwef/docs/other/5023602354/repo/master/.xml/ezk/ezk_sup.xml"
Reading XML for "/home/pete/wefwefwef/docs/other/5023602354/repo/master/.xml/specs_ezk_app.xml"
Reading XML for "/home/pete/wefwefwef/docs/other/5023602354/repo/master/.xml/specs_ezk.xml"
Reading XML for "/home/pete/wefwefwef/docs/other/5023602354/repo/master/.xml/specs_ezk_sup.xml"
Generating HTML - ezk_log "/home/pete/wefwefwef/docs/other/5023602354/repo/master/.xml/ezk/ezk_log.xml"
Reading XML for "/home/pete/wefwefwef/docs/other/5023602354/repo/master/.xml/ezk/ezk_log.xml"
Reading XML for "/home/pete/wefwefwef/docs/other/5023602354/repo/master/.xml/specs_ezk_log.xml"
Creating index.html ...
Creating erldocs_index.js ...
Woot, finished in 0 Minutes 1 Seconds
 :: Discovering other repos
$ 5000  `rm -r '/home/pete/wefwefwef/docs/other/5023602354/ezk-branch-master'  2>&1`
 :: Erldocs finishing up
$ 5000  `rm -r '/home/pete/wefwefwef/docs/other/5023602354/ezk'  2>&1`
