 :: Extracting meta information
$ infinity  `git ls-remote --heads --tags 'https://github.com/massemanet/eper'  2>&1`
>>> [repo] 4 branches, 33 tags
 :: Writing meta to "/home/pete/wefwefwef/docs/other/8df29375c3a91122955f2b18fd7e72355061f094/meta.txt"
 :: Skipping tag "0.60.0"
 :: Skipping tag "0.71"
 :: Skipping tag "0.72"
 :: Skipping tag "0.73"
 :: Skipping tag "0.73-0.3.0"
 :: Skipping tag "0.74"
 :: Skipping tag "0.74-0.3.1"
 :: Skipping tag "0.75"
 :: Skipping tag "0.76"
 :: Skipping tag "0.77"
 :: Skipping tag "0.77-0.3.2"
 :: Skipping tag "0.78"
 :: Skipping tag "0.78-0.3.3"
 :: Skipping tag "0.79-0.3.4"
 :: Skipping tag "0.80.0"
 :: Skipping tag "0.81.0"
 :: Skipping tag "0.82.0"
 :: Skipping tag "0.83.0"
 :: Skipping tag "0.83.1"
 :: Skipping tag "0.84.0"
 :: Skipping tag "0.85.0"
 :: Skipping tag "0.86.0"
 :: Skipping tag "0.87.0"
 :: Skipping tag "0.88.0"
 :: Skipping tag "0.89.0"
 :: Skipping tag "0.90.0"
 :: Skipping tag "0.91.0"
 :: Skipping tag "0.92.0"
 :: Skipping tag "0.93.0"
 :: Skipping tag "0.94.0"
 :: Skipping tag "0.95.0"
 :: Skipping tag "0.70"
 :: Skipping branch "cleanup_sherk"
 :: Skipping branch "exec_examples"
 :: Skipping branch "gh-pages"
 :: Processing https://github.com/massemanet/eper	{rev,branch,"master","c961e14071c16ce31c934422308372531e8b0043",undefined,[],[]}
 :: Fetching repo code
$ cd '/home/pete/wefwefwef/docs/other/8df29375c3a91122955f2b18fd7e72355061f094/eper-branch-master'
$ infinity  `curl --fail --silent --show-error --location --output repo.tar.gz 'https://codeload.github.com/massemanet/eper/tar.gz/master'  2>&1`
$ cd '/home/pete/wefwefwef/docs/erldocs_other.git'
$ cd '/home/pete/wefwefwef/docs/other/8df29375c3a91122955f2b18fd7e72355061f094/eper-branch-master/eper-master'
$ 5000  `find -P . -type l -delete  2>&1`
$ cd '/home/pete/wefwefwef/docs/erldocs_other.git'
$ 5000  `mv '/home/pete/wefwefwef/docs/other/8df29375c3a91122955f2b18fd7e72355061f094/eper-branch-master/eper-master' '/home/pete/wefwefwef/docs/other/8df29375c3a91122955f2b18fd7e72355061f094/eper-branch-master/eper'  2>&1`
 :: Getting dependencies
$ cd '/home/pete/wefwefwef/docs/other/8df29375c3a91122955f2b18fd7e72355061f094/eper-branch-master/eper'
$ 5000  `ls -1 deps/  2>&1`
$ cd '/home/pete/wefwefwef/docs/erldocs_other.git'
>>> [rebar] deps = []
 :: Generating erldocs into /home/pete/wefwefwef/docs/other/8df29375c3a91122955f2b18fd7e72355061f094/repo/master
Building eper
Generating Type Specs - "/home/pete/wefwefwef/docs/other/8df29375c3a91122955f2b18fd7e72355061f094/eper-branch-master/eper/src/atop.erl"
Generating Type Specs - "/home/pete/wefwefwef/docs/other/8df29375c3a91122955f2b18fd7e72355061f094/eper-branch-master/eper/src/bread.erl"
Generating Type Specs - "/home/pete/wefwefwef/docs/other/8df29375c3a91122955f2b18fd7e72355061f094/eper-branch-master/eper/src/bread_server.erl"
Generating Type Specs - "/home/pete/wefwefwef/docs/other/8df29375c3a91122955f2b18fd7e72355061f094/eper-branch-master/eper/src/dogConsumer.erl"
Generating Type Specs - "/home/pete/wefwefwef/docs/other/8df29375c3a91122955f2b18fd7e72355061f094/eper-branch-master/eper/src/dtop.erl"
Generating Type Specs - "/home/pete/wefwefwef/docs/other/8df29375c3a91122955f2b18fd7e72355061f094/eper-branch-master/eper/src/dtopConsumer.erl"
Generating Type Specs - "/home/pete/wefwefwef/docs/other/8df29375c3a91122955f2b18fd7e72355061f094/eper-branch-master/eper/src/dtop_replay.erl"
Generating Type Specs - "/home/pete/wefwefwef/docs/other/8df29375c3a91122955f2b18fd7e72355061f094/eper-branch-master/eper/src/eper.erl"
Generating Type Specs - "/home/pete/wefwefwef/docs/other/8df29375c3a91122955f2b18fd7e72355061f094/eper-branch-master/eper/src/gen_serv.erl"
Generating Type Specs - "/home/pete/wefwefwef/docs/other/8df29375c3a91122955f2b18fd7e72355061f094/eper-branch-master/eper/src/getoptw.erl"
Generating Type Specs - "/home/pete/wefwefwef/docs/other/8df29375c3a91122955f2b18fd7e72355061f094/eper-branch-master/eper/src/logReader.erl"
Generating Type Specs - "/home/pete/wefwefwef/docs/other/8df29375c3a91122955f2b18fd7e72355061f094/eper-branch-master/eper/src/loggerConsumer.erl"
Generating Type Specs - "/home/pete/wefwefwef/docs/other/8df29375c3a91122955f2b18fd7e72355061f094/eper-branch-master/eper/src/ntop.erl"
Generating Type Specs - "/home/pete/wefwefwef/docs/other/8df29375c3a91122955f2b18fd7e72355061f094/eper-branch-master/eper/src/ntopConsumer.erl"
Generating Type Specs - "/home/pete/wefwefwef/docs/other/8df29375c3a91122955f2b18fd7e72355061f094/eper-branch-master/eper/src/prf.erl"
Generating Type Specs - "/home/pete/wefwefwef/docs/other/8df29375c3a91122955f2b18fd7e72355061f094/eper-branch-master/eper/src/prfConsumer.erl"
Generating Type Specs - "/home/pete/wefwefwef/docs/other/8df29375c3a91122955f2b18fd7e72355061f094/eper-branch-master/eper/src/prfDist.erl"
Generating Type Specs - "/home/pete/wefwefwef/docs/other/8df29375c3a91122955f2b18fd7e72355061f094/eper-branch-master/eper/src/prfDog.erl"
Generating Type Specs - "/home/pete/wefwefwef/docs/other/8df29375c3a91122955f2b18fd7e72355061f094/eper-branch-master/eper/src/prfHost.erl"
Generating Type Specs - "/home/pete/wefwefwef/docs/other/8df29375c3a91122955f2b18fd7e72355061f094/eper-branch-master/eper/src/prfMnesia.erl"
Generating Type Specs - "/home/pete/wefwefwef/docs/other/8df29375c3a91122955f2b18fd7e72355061f094/eper-branch-master/eper/src/prfNet.erl"
Generating Type Specs - "/home/pete/wefwefwef/docs/other/8df29375c3a91122955f2b18fd7e72355061f094/eper-branch-master/eper/src/prfPrc.erl"
Generating Type Specs - "/home/pete/wefwefwef/docs/other/8df29375c3a91122955f2b18fd7e72355061f094/eper-branch-master/eper/src/prfSys.erl"
Generating Type Specs - "/home/pete/wefwefwef/docs/other/8df29375c3a91122955f2b18fd7e72355061f094/eper-branch-master/eper/src/prfTarg.erl"
Generating Type Specs - "/home/pete/wefwefwef/docs/other/8df29375c3a91122955f2b18fd7e72355061f094/eper-branch-master/eper/src/prfTime.erl"
Generating Type Specs - "/home/pete/wefwefwef/docs/other/8df29375c3a91122955f2b18fd7e72355061f094/eper-branch-master/eper/src/prfTrc.erl"
Generating Type Specs - "/home/pete/wefwefwef/docs/other/8df29375c3a91122955f2b18fd7e72355061f094/eper-branch-master/eper/src/prf_crypto.erl"
Generating Type Specs - "/home/pete/wefwefwef/docs/other/8df29375c3a91122955f2b18fd7e72355061f094/eper-branch-master/eper/src/redbug.erl"
Generating Type Specs - "/home/pete/wefwefwef/docs/other/8df29375c3a91122955f2b18fd7e72355061f094/eper-branch-master/eper/src/redbugConsumer.erl"
Generating Type Specs - "/home/pete/wefwefwef/docs/other/8df29375c3a91122955f2b18fd7e72355061f094/eper-branch-master/eper/src/redbug_eunit.erl"
Generating Type Specs - "/home/pete/wefwefwef/docs/other/8df29375c3a91122955f2b18fd7e72355061f094/eper-branch-master/eper/src/redbug_msc.erl"
Generating Type Specs - "/home/pete/wefwefwef/docs/other/8df29375c3a91122955f2b18fd7e72355061f094/eper-branch-master/eper/src/replay_trc.erl"
Generating Type Specs - "/home/pete/wefwefwef/docs/other/8df29375c3a91122955f2b18fd7e72355061f094/eper-branch-master/eper/src/watchdog.erl"
Generating Type Specs - "/home/pete/wefwefwef/docs/other/8df29375c3a91122955f2b18fd7e72355061f094/eper-branch-master/eper/src/watchdogConsumer.erl"
Generating Type Specs - "/home/pete/wefwefwef/docs/other/8df29375c3a91122955f2b18fd7e72355061f094/eper-branch-master/eper/src/watchdogLogger.erl"
Generating XML for application eper "/home/pete/wefwefwef/docs/other/8df29375c3a91122955f2b18fd7e72355061f094/eper-branch-master/eper" -> "/home/pete/wefwefwef/docs/other/8df29375c3a91122955f2b18fd7e72355061f094/repo/master/.xml/eper"
Generated eper XMLs: ["/home/pete/wefwefwef/docs/other/8df29375c3a91122955f2b18fd7e72355061f094/repo/master/.xml/eper/bread.xml",
                      "/home/pete/wefwefwef/docs/other/8df29375c3a91122955f2b18fd7e72355061f094/repo/master/.xml/eper/dogConsumer.xml",
                      "/home/pete/wefwefwef/docs/other/8df29375c3a91122955f2b18fd7e72355061f094/repo/master/.xml/eper/gen_serv.xml",
                      "/home/pete/wefwefwef/docs/other/8df29375c3a91122955f2b18fd7e72355061f094/repo/master/.xml/eper/watchdogLogger.xml",
                      "/home/pete/wefwefwef/docs/other/8df29375c3a91122955f2b18fd7e72355061f094/repo/master/.xml/eper/redbug.xml",
                      "/home/pete/wefwefwef/docs/other/8df29375c3a91122955f2b18fd7e72355061f094/repo/master/.xml/eper/prfHost.xml",
                      "/home/pete/wefwefwef/docs/other/8df29375c3a91122955f2b18fd7e72355061f094/repo/master/.xml/eper/atop.xml",
                      "/home/pete/wefwefwef/docs/other/8df29375c3a91122955f2b18fd7e72355061f094/repo/master/.xml/eper/prfConsumer.xml",
                      "/home/pete/wefwefwef/docs/other/8df29375c3a91122955f2b18fd7e72355061f094/repo/master/.xml/eper/dtop_replay.xml",
                      "/home/pete/wefwefwef/docs/other/8df29375c3a91122955f2b18fd7e72355061f094/repo/master/.xml/eper/prfDist.xml",
                      "/home/pete/wefwefwef/docs/other/8df29375c3a91122955f2b18fd7e72355061f094/repo/master/.xml/eper/prfTrc.xml",
                      "/home/pete/wefwefwef/docs/other/8df29375c3a91122955f2b18fd7e72355061f094/repo/master/.xml/eper/prfTime.xml",
                      "/home/pete/wefwefwef/docs/other/8df29375c3a91122955f2b18fd7e72355061f094/repo/master/.xml/eper/prf_crypto.xml",
                      "/home/pete/wefwefwef/docs/other/8df29375c3a91122955f2b18fd7e72355061f094/repo/master/.xml/eper/prfMnesia.xml",
                      "/home/pete/wefwefwef/docs/other/8df29375c3a91122955f2b18fd7e72355061f094/repo/master/.xml/eper/prf.xml",
                      "/home/pete/wefwefwef/docs/other/8df29375c3a91122955f2b18fd7e72355061f094/repo/master/.xml/eper/dtopConsumer.xml",
                      "/home/pete/wefwefwef/docs/other/8df29375c3a91122955f2b18fd7e72355061f094/repo/master/.xml/eper/dtop.xml",
                      "/home/pete/wefwefwef/docs/other/8df29375c3a91122955f2b18fd7e72355061f094/repo/master/.xml/eper/logReader.xml",
                      "/home/pete/wefwefwef/docs/other/8df29375c3a91122955f2b18fd7e72355061f094/repo/master/.xml/eper/replay_trc.xml",
                      "/home/pete/wefwefwef/docs/other/8df29375c3a91122955f2b18fd7e72355061f094/repo/master/.xml/eper/prfSys.xml",
                      "/home/pete/wefwefwef/docs/other/8df29375c3a91122955f2b18fd7e72355061f094/repo/master/.xml/eper/eper.xml",
                      "/home/pete/wefwefwef/docs/other/8df29375c3a91122955f2b18fd7e72355061f094/repo/master/.xml/eper/redbug_msc.xml",
                      "/home/pete/wefwefwef/docs/other/8df29375c3a91122955f2b18fd7e72355061f094/repo/master/.xml/eper/getoptw.xml",
                      "/home/pete/wefwefwef/docs/other/8df29375c3a91122955f2b18fd7e72355061f094/repo/master/.xml/eper/watchdog.xml",
                      "/home/pete/wefwefwef/docs/other/8df29375c3a91122955f2b18fd7e72355061f094/repo/master/.xml/eper/ntopConsumer.xml",
                      "/home/pete/wefwefwef/docs/other/8df29375c3a91122955f2b18fd7e72355061f094/repo/master/.xml/eper/prfNet.xml",
                      "/home/pete/wefwefwef/docs/other/8df29375c3a91122955f2b18fd7e72355061f094/repo/master/.xml/eper/prfDog.xml",
                      "/home/pete/wefwefwef/docs/other/8df29375c3a91122955f2b18fd7e72355061f094/repo/master/.xml/eper/redbug_eunit.xml",
                      "/home/pete/wefwefwef/docs/other/8df29375c3a91122955f2b18fd7e72355061f094/repo/master/.xml/eper/prfPrc.xml",
                      "/home/pete/wefwefwef/docs/other/8df29375c3a91122955f2b18fd7e72355061f094/repo/master/.xml/eper/bread_server.xml",
                      "/home/pete/wefwefwef/docs/other/8df29375c3a91122955f2b18fd7e72355061f094/repo/master/.xml/eper/loggerConsumer.xml",
                      "/home/pete/wefwefwef/docs/other/8df29375c3a91122955f2b18fd7e72355061f094/repo/master/.xml/eper/watchdogConsumer.xml",
                      "/home/pete/wefwefwef/docs/other/8df29375c3a91122955f2b18fd7e72355061f094/repo/master/.xml/eper/redbugConsumer.xml",
                      "/home/pete/wefwefwef/docs/other/8df29375c3a91122955f2b18fd7e72355061f094/repo/master/.xml/eper/ntop.xml",
                      "/home/pete/wefwefwef/docs/other/8df29375c3a91122955f2b18fd7e72355061f094/repo/master/.xml/eper/prfTarg.xml"]
Generating HTML - prfConsumer "/home/pete/wefwefwef/docs/other/8df29375c3a91122955f2b18fd7e72355061f094/repo/master/.xml/eper/prfConsumer.xml"
Generating HTML - dtopConsumer "/home/pete/wefwefwef/docs/other/8df29375c3a91122955f2b18fd7e72355061f094/repo/master/.xml/eper/dtopConsumer.xml"
Generating HTML - watchdog "/home/pete/wefwefwef/docs/other/8df29375c3a91122955f2b18fd7e72355061f094/repo/master/.xml/eper/watchdog.xml"
Generating HTML - prfTarg "/home/pete/wefwefwef/docs/other/8df29375c3a91122955f2b18fd7e72355061f094/repo/master/.xml/eper/prfTarg.xml"
Reading XML for "/home/pete/wefwefwef/docs/other/8df29375c3a91122955f2b18fd7e72355061f094/repo/master/.xml/eper/prfConsumer.xml"
Reading XML for "/home/pete/wefwefwef/docs/other/8df29375c3a91122955f2b18fd7e72355061f094/repo/master/.xml/eper/dtopConsumer.xml"
Reading XML for "/home/pete/wefwefwef/docs/other/8df29375c3a91122955f2b18fd7e72355061f094/repo/master/.xml/eper/watchdog.xml"
Reading XML for "/home/pete/wefwefwef/docs/other/8df29375c3a91122955f2b18fd7e72355061f094/repo/master/.xml/eper/prfTarg.xml"
Reading XML for "/home/pete/wefwefwef/docs/other/8df29375c3a91122955f2b18fd7e72355061f094/repo/master/.xml/specs_dtopConsumer.xml"
Reading XML for "/home/pete/wefwefwef/docs/other/8df29375c3a91122955f2b18fd7e72355061f094/repo/master/.xml/specs_prfConsumer.xml"
Reading XML for "/home/pete/wefwefwef/docs/other/8df29375c3a91122955f2b18fd7e72355061f094/repo/master/.xml/specs_watchdog.xml"
Generating HTML - prf "/home/pete/wefwefwef/docs/other/8df29375c3a91122955f2b18fd7e72355061f094/repo/master/.xml/eper/prf.xml"
Reading XML for "/home/pete/wefwefwef/docs/other/8df29375c3a91122955f2b18fd7e72355061f094/repo/master/.xml/eper/prf.xml"
Generating HTML - atop "/home/pete/wefwefwef/docs/other/8df29375c3a91122955f2b18fd7e72355061f094/repo/master/.xml/eper/atop.xml"
Reading XML for "/home/pete/wefwefwef/docs/other/8df29375c3a91122955f2b18fd7e72355061f094/repo/master/.xml/specs_prfTarg.xml"
Reading XML for "/home/pete/wefwefwef/docs/other/8df29375c3a91122955f2b18fd7e72355061f094/repo/master/.xml/eper/atop.xml"
Generating HTML - ntop "/home/pete/wefwefwef/docs/other/8df29375c3a91122955f2b18fd7e72355061f094/repo/master/.xml/eper/ntop.xml"
Reading XML for "/home/pete/wefwefwef/docs/other/8df29375c3a91122955f2b18fd7e72355061f094/repo/master/.xml/eper/ntop.xml"
Generating HTML - getoptw "/home/pete/wefwefwef/docs/other/8df29375c3a91122955f2b18fd7e72355061f094/repo/master/.xml/eper/getoptw.xml"
Reading XML for "/home/pete/wefwefwef/docs/other/8df29375c3a91122955f2b18fd7e72355061f094/repo/master/.xml/eper/getoptw.xml"
Reading XML for "/home/pete/wefwefwef/docs/other/8df29375c3a91122955f2b18fd7e72355061f094/repo/master/.xml/specs_prf.xml"
Reading XML for "/home/pete/wefwefwef/docs/other/8df29375c3a91122955f2b18fd7e72355061f094/repo/master/.xml/specs_atop.xml"
Reading XML for "/home/pete/wefwefwef/docs/other/8df29375c3a91122955f2b18fd7e72355061f094/repo/master/.xml/specs_ntop.xml"
Generating HTML - prfMnesia "/home/pete/wefwefwef/docs/other/8df29375c3a91122955f2b18fd7e72355061f094/repo/master/.xml/eper/prfMnesia.xml"
Reading XML for "/home/pete/wefwefwef/docs/other/8df29375c3a91122955f2b18fd7e72355061f094/repo/master/.xml/eper/prfMnesia.xml"
Generating HTML - redbugConsumer "/home/pete/wefwefwef/docs/other/8df29375c3a91122955f2b18fd7e72355061f094/repo/master/.xml/eper/redbugConsumer.xml"
Generating HTML - prfHost "/home/pete/wefwefwef/docs/other/8df29375c3a91122955f2b18fd7e72355061f094/repo/master/.xml/eper/prfHost.xml"
Reading XML for "/home/pete/wefwefwef/docs/other/8df29375c3a91122955f2b18fd7e72355061f094/repo/master/.xml/eper/redbugConsumer.xml"
Reading XML for "/home/pete/wefwefwef/docs/other/8df29375c3a91122955f2b18fd7e72355061f094/repo/master/.xml/eper/prfHost.xml"
Reading XML for "/home/pete/wefwefwef/docs/other/8df29375c3a91122955f2b18fd7e72355061f094/repo/master/.xml/specs_getoptw.xml"
Generating HTML - redbug_msc "/home/pete/wefwefwef/docs/other/8df29375c3a91122955f2b18fd7e72355061f094/repo/master/.xml/eper/redbug_msc.xml"
Reading XML for "/home/pete/wefwefwef/docs/other/8df29375c3a91122955f2b18fd7e72355061f094/repo/master/.xml/eper/redbug_msc.xml"
Reading XML for "/home/pete/wefwefwef/docs/other/8df29375c3a91122955f2b18fd7e72355061f094/repo/master/.xml/specs_prfMnesia.xml"
Reading XML for "/home/pete/wefwefwef/docs/other/8df29375c3a91122955f2b18fd7e72355061f094/repo/master/.xml/specs_redbugConsumer.xml"
Reading XML for "/home/pete/wefwefwef/docs/other/8df29375c3a91122955f2b18fd7e72355061f094/repo/master/.xml/specs_prfHost.xml"
Generating HTML - watchdogConsumer "/home/pete/wefwefwef/docs/other/8df29375c3a91122955f2b18fd7e72355061f094/repo/master/.xml/eper/watchdogConsumer.xml"
Reading XML for "/home/pete/wefwefwef/docs/other/8df29375c3a91122955f2b18fd7e72355061f094/repo/master/.xml/eper/watchdogConsumer.xml"
Generating HTML - redbug "/home/pete/wefwefwef/docs/other/8df29375c3a91122955f2b18fd7e72355061f094/repo/master/.xml/eper/redbug.xml"
Reading XML for "/home/pete/wefwefwef/docs/other/8df29375c3a91122955f2b18fd7e72355061f094/repo/master/.xml/eper/redbug.xml"
Generating HTML - prf_crypto "/home/pete/wefwefwef/docs/other/8df29375c3a91122955f2b18fd7e72355061f094/repo/master/.xml/eper/prf_crypto.xml"
Reading XML for "/home/pete/wefwefwef/docs/other/8df29375c3a91122955f2b18fd7e72355061f094/repo/master/.xml/eper/prf_crypto.xml"
Reading XML for "/home/pete/wefwefwef/docs/other/8df29375c3a91122955f2b18fd7e72355061f094/repo/master/.xml/specs_redbug_msc.xml"
Generating HTML - eper "/home/pete/wefwefwef/docs/other/8df29375c3a91122955f2b18fd7e72355061f094/repo/master/.xml/eper/eper.xml"
Reading XML for "/home/pete/wefwefwef/docs/other/8df29375c3a91122955f2b18fd7e72355061f094/repo/master/.xml/eper/eper.xml"
Reading XML for "/home/pete/wefwefwef/docs/other/8df29375c3a91122955f2b18fd7e72355061f094/repo/master/.xml/specs_watchdogConsumer.xml"
Reading XML for "/home/pete/wefwefwef/docs/other/8df29375c3a91122955f2b18fd7e72355061f094/repo/master/.xml/specs_redbug.xml"
Generating HTML - loggerConsumer "/home/pete/wefwefwef/docs/other/8df29375c3a91122955f2b18fd7e72355061f094/repo/master/.xml/eper/loggerConsumer.xml"
Reading XML for "/home/pete/wefwefwef/docs/other/8df29375c3a91122955f2b18fd7e72355061f094/repo/master/.xml/eper/loggerConsumer.xml"
Reading XML for "/home/pete/wefwefwef/docs/other/8df29375c3a91122955f2b18fd7e72355061f094/repo/master/.xml/specs_prf_crypto.xml"
Generating HTML - watchdogLogger "/home/pete/wefwefwef/docs/other/8df29375c3a91122955f2b18fd7e72355061f094/repo/master/.xml/eper/watchdogLogger.xml"
Reading XML for "/home/pete/wefwefwef/docs/other/8df29375c3a91122955f2b18fd7e72355061f094/repo/master/.xml/eper/watchdogLogger.xml"
Generating HTML - prfTime "/home/pete/wefwefwef/docs/other/8df29375c3a91122955f2b18fd7e72355061f094/repo/master/.xml/eper/prfTime.xml"
Reading XML for "/home/pete/wefwefwef/docs/other/8df29375c3a91122955f2b18fd7e72355061f094/repo/master/.xml/eper/prfTime.xml"
Reading XML for "/home/pete/wefwefwef/docs/other/8df29375c3a91122955f2b18fd7e72355061f094/repo/master/.xml/specs_eper.xml"
Generating HTML - prfSys "/home/pete/wefwefwef/docs/other/8df29375c3a91122955f2b18fd7e72355061f094/repo/master/.xml/eper/prfSys.xml"
Reading XML for "/home/pete/wefwefwef/docs/other/8df29375c3a91122955f2b18fd7e72355061f094/repo/master/.xml/eper/prfSys.xml"
Reading XML for "/home/pete/wefwefwef/docs/other/8df29375c3a91122955f2b18fd7e72355061f094/repo/master/.xml/specs_loggerConsumer.xml"
Generating HTML - bread_server "/home/pete/wefwefwef/docs/other/8df29375c3a91122955f2b18fd7e72355061f094/repo/master/.xml/eper/bread_server.xml"
Reading XML for "/home/pete/wefwefwef/docs/other/8df29375c3a91122955f2b18fd7e72355061f094/repo/master/.xml/eper/bread_server.xml"
Reading XML for "/home/pete/wefwefwef/docs/other/8df29375c3a91122955f2b18fd7e72355061f094/repo/master/.xml/specs_watchdogLogger.xml"
Reading XML for "/home/pete/wefwefwef/docs/other/8df29375c3a91122955f2b18fd7e72355061f094/repo/master/.xml/specs_prfTime.xml"
Generating HTML - prfTrc "/home/pete/wefwefwef/docs/other/8df29375c3a91122955f2b18fd7e72355061f094/repo/master/.xml/eper/prfTrc.xml"
Reading XML for "/home/pete/wefwefwef/docs/other/8df29375c3a91122955f2b18fd7e72355061f094/repo/master/.xml/eper/prfTrc.xml"
Generating HTML - gen_serv "/home/pete/wefwefwef/docs/other/8df29375c3a91122955f2b18fd7e72355061f094/repo/master/.xml/eper/gen_serv.xml"
Reading XML for "/home/pete/wefwefwef/docs/other/8df29375c3a91122955f2b18fd7e72355061f094/repo/master/.xml/eper/gen_serv.xml"
Reading XML for "/home/pete/wefwefwef/docs/other/8df29375c3a91122955f2b18fd7e72355061f094/repo/master/.xml/specs_prfSys.xml"
Generating HTML - replay_trc "/home/pete/wefwefwef/docs/other/8df29375c3a91122955f2b18fd7e72355061f094/repo/master/.xml/eper/replay_trc.xml"
Reading XML for "/home/pete/wefwefwef/docs/other/8df29375c3a91122955f2b18fd7e72355061f094/repo/master/.xml/eper/replay_trc.xml"
Reading XML for "/home/pete/wefwefwef/docs/other/8df29375c3a91122955f2b18fd7e72355061f094/repo/master/.xml/specs_bread_server.xml"
Reading XML for "/home/pete/wefwefwef/docs/other/8df29375c3a91122955f2b18fd7e72355061f094/repo/master/.xml/specs_prfTrc.xml"
Generating HTML - prfPrc "/home/pete/wefwefwef/docs/other/8df29375c3a91122955f2b18fd7e72355061f094/repo/master/.xml/eper/prfPrc.xml"
Reading XML for "/home/pete/wefwefwef/docs/other/8df29375c3a91122955f2b18fd7e72355061f094/repo/master/.xml/eper/prfPrc.xml"
Generating HTML - prfDist "/home/pete/wefwefwef/docs/other/8df29375c3a91122955f2b18fd7e72355061f094/repo/master/.xml/eper/prfDist.xml"
Reading XML for "/home/pete/wefwefwef/docs/other/8df29375c3a91122955f2b18fd7e72355061f094/repo/master/.xml/eper/prfDist.xml"
Reading XML for "/home/pete/wefwefwef/docs/other/8df29375c3a91122955f2b18fd7e72355061f094/repo/master/.xml/specs_gen_serv.xml"
Generating HTML - dogConsumer "/home/pete/wefwefwef/docs/other/8df29375c3a91122955f2b18fd7e72355061f094/repo/master/.xml/eper/dogConsumer.xml"
Reading XML for "/home/pete/wefwefwef/docs/other/8df29375c3a91122955f2b18fd7e72355061f094/repo/master/.xml/eper/dogConsumer.xml"
Reading XML for "/home/pete/wefwefwef/docs/other/8df29375c3a91122955f2b18fd7e72355061f094/repo/master/.xml/specs_replay_trc.xml"
Generating HTML - logReader "/home/pete/wefwefwef/docs/other/8df29375c3a91122955f2b18fd7e72355061f094/repo/master/.xml/eper/logReader.xml"
Reading XML for "/home/pete/wefwefwef/docs/other/8df29375c3a91122955f2b18fd7e72355061f094/repo/master/.xml/eper/logReader.xml"
Reading XML for "/home/pete/wefwefwef/docs/other/8df29375c3a91122955f2b18fd7e72355061f094/repo/master/.xml/specs_prfPrc.xml"
Reading XML for "/home/pete/wefwefwef/docs/other/8df29375c3a91122955f2b18fd7e72355061f094/repo/master/.xml/specs_prfDist.xml"
Generating HTML - redbug_eunit "/home/pete/wefwefwef/docs/other/8df29375c3a91122955f2b18fd7e72355061f094/repo/master/.xml/eper/redbug_eunit.xml"
Reading XML for "/home/pete/wefwefwef/docs/other/8df29375c3a91122955f2b18fd7e72355061f094/repo/master/.xml/eper/redbug_eunit.xml"
Reading XML for "/home/pete/wefwefwef/docs/other/8df29375c3a91122955f2b18fd7e72355061f094/repo/master/.xml/specs_dogConsumer.xml"
Generating HTML - dtop_replay "/home/pete/wefwefwef/docs/other/8df29375c3a91122955f2b18fd7e72355061f094/repo/master/.xml/eper/dtop_replay.xml"
Reading XML for "/home/pete/wefwefwef/docs/other/8df29375c3a91122955f2b18fd7e72355061f094/repo/master/.xml/eper/dtop_replay.xml"
Generating HTML - bread "/home/pete/wefwefwef/docs/other/8df29375c3a91122955f2b18fd7e72355061f094/repo/master/.xml/eper/bread.xml"
Reading XML for "/home/pete/wefwefwef/docs/other/8df29375c3a91122955f2b18fd7e72355061f094/repo/master/.xml/eper/bread.xml"
Reading XML for "/home/pete/wefwefwef/docs/other/8df29375c3a91122955f2b18fd7e72355061f094/repo/master/.xml/specs_logReader.xml"
Reading XML for "/home/pete/wefwefwef/docs/other/8df29375c3a91122955f2b18fd7e72355061f094/repo/master/.xml/specs_redbug_eunit.xml"
Generating HTML - dtop "/home/pete/wefwefwef/docs/other/8df29375c3a91122955f2b18fd7e72355061f094/repo/master/.xml/eper/dtop.xml"
Reading XML for "/home/pete/wefwefwef/docs/other/8df29375c3a91122955f2b18fd7e72355061f094/repo/master/.xml/eper/dtop.xml"
Generating HTML - prfDog "/home/pete/wefwefwef/docs/other/8df29375c3a91122955f2b18fd7e72355061f094/repo/master/.xml/eper/prfDog.xml"
Reading XML for "/home/pete/wefwefwef/docs/other/8df29375c3a91122955f2b18fd7e72355061f094/repo/master/.xml/eper/prfDog.xml"
Reading XML for "/home/pete/wefwefwef/docs/other/8df29375c3a91122955f2b18fd7e72355061f094/repo/master/.xml/specs_dtop_replay.xml"
Reading XML for "/home/pete/wefwefwef/docs/other/8df29375c3a91122955f2b18fd7e72355061f094/repo/master/.xml/specs_bread.xml"
Reading XML for "/home/pete/wefwefwef/docs/other/8df29375c3a91122955f2b18fd7e72355061f094/repo/master/.xml/specs_dtop.xml"
Reading XML for "/home/pete/wefwefwef/docs/other/8df29375c3a91122955f2b18fd7e72355061f094/repo/master/.xml/specs_prfDog.xml"
Generating HTML - prfNet "/home/pete/wefwefwef/docs/other/8df29375c3a91122955f2b18fd7e72355061f094/repo/master/.xml/eper/prfNet.xml"
Reading XML for "/home/pete/wefwefwef/docs/other/8df29375c3a91122955f2b18fd7e72355061f094/repo/master/.xml/eper/prfNet.xml"
Reading XML for "/home/pete/wefwefwef/docs/other/8df29375c3a91122955f2b18fd7e72355061f094/repo/master/.xml/specs_prfNet.xml"
Generating HTML - ntopConsumer "/home/pete/wefwefwef/docs/other/8df29375c3a91122955f2b18fd7e72355061f094/repo/master/.xml/eper/ntopConsumer.xml"
Reading XML for "/home/pete/wefwefwef/docs/other/8df29375c3a91122955f2b18fd7e72355061f094/repo/master/.xml/eper/ntopConsumer.xml"
Reading XML for "/home/pete/wefwefwef/docs/other/8df29375c3a91122955f2b18fd7e72355061f094/repo/master/.xml/specs_ntopConsumer.xml"
Creating index.html ...
Creating erldocs_index.js ...
Woot, finished in 0 Minutes 3 Seconds
 :: Discovering other repos
$ 5000  `rm -r '/home/pete/wefwefwef/docs/other/8df29375c3a91122955f2b18fd7e72355061f094/eper-branch-master'  2>&1`
 :: Processing https://github.com/massemanet/eper	{rev,tag,"0.96.0","e8b0043",undefined,[],[]}
 :: Fetching repo code
$ cd '/home/pete/wefwefwef/docs/other/8df29375c3a91122955f2b18fd7e72355061f094/eper-tag-0.96.0'
$ infinity  `curl --fail --silent --show-error --location --output repo.tar.gz 'https://codeload.github.com/massemanet/eper/tar.gz/0.96.0'  2>&1`
$ cd '/home/pete/wefwefwef/docs/erldocs_other.git'
$ cd '/home/pete/wefwefwef/docs/other/8df29375c3a91122955f2b18fd7e72355061f094/eper-tag-0.96.0/eper-0.96.0'
$ 5000  `find -P . -type l -delete  2>&1`
$ cd '/home/pete/wefwefwef/docs/erldocs_other.git'
$ 5000  `mv '/home/pete/wefwefwef/docs/other/8df29375c3a91122955f2b18fd7e72355061f094/eper-tag-0.96.0/eper-0.96.0' '/home/pete/wefwefwef/docs/other/8df29375c3a91122955f2b18fd7e72355061f094/eper-tag-0.96.0/eper'  2>&1`
 :: Getting dependencies
$ cd '/home/pete/wefwefwef/docs/other/8df29375c3a91122955f2b18fd7e72355061f094/eper-tag-0.96.0/eper'
$ 5000  `ls -1 deps/  2>&1`
$ cd '/home/pete/wefwefwef/docs/erldocs_other.git'
>>> [rebar] deps = []
 :: Generating erldocs into /home/pete/wefwefwef/docs/other/8df29375c3a91122955f2b18fd7e72355061f094/repo/0.96.0
Building eper
Generating Type Specs - "/home/pete/wefwefwef/docs/other/8df29375c3a91122955f2b18fd7e72355061f094/eper-tag-0.96.0/eper/src/atop.erl"
Generating Type Specs - "/home/pete/wefwefwef/docs/other/8df29375c3a91122955f2b18fd7e72355061f094/eper-tag-0.96.0/eper/src/bread.erl"
Generating Type Specs - "/home/pete/wefwefwef/docs/other/8df29375c3a91122955f2b18fd7e72355061f094/eper-tag-0.96.0/eper/src/bread_server.erl"
Generating Type Specs - "/home/pete/wefwefwef/docs/other/8df29375c3a91122955f2b18fd7e72355061f094/eper-tag-0.96.0/eper/src/dogConsumer.erl"
Generating Type Specs - "/home/pete/wefwefwef/docs/other/8df29375c3a91122955f2b18fd7e72355061f094/eper-tag-0.96.0/eper/src/dtop.erl"
Generating Type Specs - "/home/pete/wefwefwef/docs/other/8df29375c3a91122955f2b18fd7e72355061f094/eper-tag-0.96.0/eper/src/dtopConsumer.erl"
Generating Type Specs - "/home/pete/wefwefwef/docs/other/8df29375c3a91122955f2b18fd7e72355061f094/eper-tag-0.96.0/eper/src/dtop_replay.erl"
Generating Type Specs - "/home/pete/wefwefwef/docs/other/8df29375c3a91122955f2b18fd7e72355061f094/eper-tag-0.96.0/eper/src/eper.erl"
Generating Type Specs - "/home/pete/wefwefwef/docs/other/8df29375c3a91122955f2b18fd7e72355061f094/eper-tag-0.96.0/eper/src/gen_serv.erl"
Generating Type Specs - "/home/pete/wefwefwef/docs/other/8df29375c3a91122955f2b18fd7e72355061f094/eper-tag-0.96.0/eper/src/getoptw.erl"
Generating Type Specs - "/home/pete/wefwefwef/docs/other/8df29375c3a91122955f2b18fd7e72355061f094/eper-tag-0.96.0/eper/src/logReader.erl"
Generating Type Specs - "/home/pete/wefwefwef/docs/other/8df29375c3a91122955f2b18fd7e72355061f094/eper-tag-0.96.0/eper/src/loggerConsumer.erl"
Generating Type Specs - "/home/pete/wefwefwef/docs/other/8df29375c3a91122955f2b18fd7e72355061f094/eper-tag-0.96.0/eper/src/ntop.erl"
Generating Type Specs - "/home/pete/wefwefwef/docs/other/8df29375c3a91122955f2b18fd7e72355061f094/eper-tag-0.96.0/eper/src/ntopConsumer.erl"
Generating Type Specs - "/home/pete/wefwefwef/docs/other/8df29375c3a91122955f2b18fd7e72355061f094/eper-tag-0.96.0/eper/src/prf.erl"
Generating Type Specs - "/home/pete/wefwefwef/docs/other/8df29375c3a91122955f2b18fd7e72355061f094/eper-tag-0.96.0/eper/src/prfConsumer.erl"
Generating Type Specs - "/home/pete/wefwefwef/docs/other/8df29375c3a91122955f2b18fd7e72355061f094/eper-tag-0.96.0/eper/src/prfDist.erl"
Generating Type Specs - "/home/pete/wefwefwef/docs/other/8df29375c3a91122955f2b18fd7e72355061f094/eper-tag-0.96.0/eper/src/prfDog.erl"
Generating Type Specs - "/home/pete/wefwefwef/docs/other/8df29375c3a91122955f2b18fd7e72355061f094/eper-tag-0.96.0/eper/src/prfHost.erl"
Generating Type Specs - "/home/pete/wefwefwef/docs/other/8df29375c3a91122955f2b18fd7e72355061f094/eper-tag-0.96.0/eper/src/prfMnesia.erl"
Generating Type Specs - "/home/pete/wefwefwef/docs/other/8df29375c3a91122955f2b18fd7e72355061f094/eper-tag-0.96.0/eper/src/prfNet.erl"
Generating Type Specs - "/home/pete/wefwefwef/docs/other/8df29375c3a91122955f2b18fd7e72355061f094/eper-tag-0.96.0/eper/src/prfPrc.erl"
Generating Type Specs - "/home/pete/wefwefwef/docs/other/8df29375c3a91122955f2b18fd7e72355061f094/eper-tag-0.96.0/eper/src/prfSys.erl"
Generating Type Specs - "/home/pete/wefwefwef/docs/other/8df29375c3a91122955f2b18fd7e72355061f094/eper-tag-0.96.0/eper/src/prfTarg.erl"
Generating Type Specs - "/home/pete/wefwefwef/docs/other/8df29375c3a91122955f2b18fd7e72355061f094/eper-tag-0.96.0/eper/src/prfTime.erl"
Generating Type Specs - "/home/pete/wefwefwef/docs/other/8df29375c3a91122955f2b18fd7e72355061f094/eper-tag-0.96.0/eper/src/prfTrc.erl"
Generating Type Specs - "/home/pete/wefwefwef/docs/other/8df29375c3a91122955f2b18fd7e72355061f094/eper-tag-0.96.0/eper/src/prf_crypto.erl"
Generating Type Specs - "/home/pete/wefwefwef/docs/other/8df29375c3a91122955f2b18fd7e72355061f094/eper-tag-0.96.0/eper/src/redbug.erl"
Generating Type Specs - "/home/pete/wefwefwef/docs/other/8df29375c3a91122955f2b18fd7e72355061f094/eper-tag-0.96.0/eper/src/redbugConsumer.erl"
Generating Type Specs - "/home/pete/wefwefwef/docs/other/8df29375c3a91122955f2b18fd7e72355061f094/eper-tag-0.96.0/eper/src/redbug_eunit.erl"
Generating Type Specs - "/home/pete/wefwefwef/docs/other/8df29375c3a91122955f2b18fd7e72355061f094/eper-tag-0.96.0/eper/src/redbug_msc.erl"
Generating Type Specs - "/home/pete/wefwefwef/docs/other/8df29375c3a91122955f2b18fd7e72355061f094/eper-tag-0.96.0/eper/src/replay_trc.erl"
Generating Type Specs - "/home/pete/wefwefwef/docs/other/8df29375c3a91122955f2b18fd7e72355061f094/eper-tag-0.96.0/eper/src/watchdog.erl"
Generating Type Specs - "/home/pete/wefwefwef/docs/other/8df29375c3a91122955f2b18fd7e72355061f094/eper-tag-0.96.0/eper/src/watchdogConsumer.erl"
Generating Type Specs - "/home/pete/wefwefwef/docs/other/8df29375c3a91122955f2b18fd7e72355061f094/eper-tag-0.96.0/eper/src/watchdogLogger.erl"
Generating XML for application eper "/home/pete/wefwefwef/docs/other/8df29375c3a91122955f2b18fd7e72355061f094/eper-tag-0.96.0/eper" -> "/home/pete/wefwefwef/docs/other/8df29375c3a91122955f2b18fd7e72355061f094/repo/0.96.0/.xml/eper"
Generated eper XMLs: ["/home/pete/wefwefwef/docs/other/8df29375c3a91122955f2b18fd7e72355061f094/repo/0.96.0/.xml/eper/bread.xml",
                      "/home/pete/wefwefwef/docs/other/8df29375c3a91122955f2b18fd7e72355061f094/repo/0.96.0/.xml/eper/dogConsumer.xml",
                      "/home/pete/wefwefwef/docs/other/8df29375c3a91122955f2b18fd7e72355061f094/repo/0.96.0/.xml/eper/gen_serv.xml",
                      "/home/pete/wefwefwef/docs/other/8df29375c3a91122955f2b18fd7e72355061f094/repo/0.96.0/.xml/eper/watchdogLogger.xml",
                      "/home/pete/wefwefwef/docs/other/8df29375c3a91122955f2b18fd7e72355061f094/repo/0.96.0/.xml/eper/redbug.xml",
                      "/home/pete/wefwefwef/docs/other/8df29375c3a91122955f2b18fd7e72355061f094/repo/0.96.0/.xml/eper/prfHost.xml",
                      "/home/pete/wefwefwef/docs/other/8df29375c3a91122955f2b18fd7e72355061f094/repo/0.96.0/.xml/eper/atop.xml",
                      "/home/pete/wefwefwef/docs/other/8df29375c3a91122955f2b18fd7e72355061f094/repo/0.96.0/.xml/eper/prfConsumer.xml",
                      "/home/pete/wefwefwef/docs/other/8df29375c3a91122955f2b18fd7e72355061f094/repo/0.96.0/.xml/eper/dtop_replay.xml",
                      "/home/pete/wefwefwef/docs/other/8df29375c3a91122955f2b18fd7e72355061f094/repo/0.96.0/.xml/eper/prfDist.xml",
                      "/home/pete/wefwefwef/docs/other/8df29375c3a91122955f2b18fd7e72355061f094/repo/0.96.0/.xml/eper/prfTrc.xml",
                      "/home/pete/wefwefwef/docs/other/8df29375c3a91122955f2b18fd7e72355061f094/repo/0.96.0/.xml/eper/prfTime.xml",
                      "/home/pete/wefwefwef/docs/other/8df29375c3a91122955f2b18fd7e72355061f094/repo/0.96.0/.xml/eper/prf_crypto.xml",
                      "/home/pete/wefwefwef/docs/other/8df29375c3a91122955f2b18fd7e72355061f094/repo/0.96.0/.xml/eper/prfMnesia.xml",
                      "/home/pete/wefwefwef/docs/other/8df29375c3a91122955f2b18fd7e72355061f094/repo/0.96.0/.xml/eper/prf.xml",
                      "/home/pete/wefwefwef/docs/other/8df29375c3a91122955f2b18fd7e72355061f094/repo/0.96.0/.xml/eper/dtopConsumer.xml",
                      "/home/pete/wefwefwef/docs/other/8df29375c3a91122955f2b18fd7e72355061f094/repo/0.96.0/.xml/eper/dtop.xml",
                      "/home/pete/wefwefwef/docs/other/8df29375c3a91122955f2b18fd7e72355061f094/repo/0.96.0/.xml/eper/logReader.xml",
                      "/home/pete/wefwefwef/docs/other/8df29375c3a91122955f2b18fd7e72355061f094/repo/0.96.0/.xml/eper/replay_trc.xml",
                      "/home/pete/wefwefwef/docs/other/8df29375c3a91122955f2b18fd7e72355061f094/repo/0.96.0/.xml/eper/prfSys.xml",
                      "/home/pete/wefwefwef/docs/other/8df29375c3a91122955f2b18fd7e72355061f094/repo/0.96.0/.xml/eper/eper.xml",
                      "/home/pete/wefwefwef/docs/other/8df29375c3a91122955f2b18fd7e72355061f094/repo/0.96.0/.xml/eper/redbug_msc.xml",
                      "/home/pete/wefwefwef/docs/other/8df29375c3a91122955f2b18fd7e72355061f094/repo/0.96.0/.xml/eper/getoptw.xml",
                      "/home/pete/wefwefwef/docs/other/8df29375c3a91122955f2b18fd7e72355061f094/repo/0.96.0/.xml/eper/watchdog.xml",
                      "/home/pete/wefwefwef/docs/other/8df29375c3a91122955f2b18fd7e72355061f094/repo/0.96.0/.xml/eper/ntopConsumer.xml",
                      "/home/pete/wefwefwef/docs/other/8df29375c3a91122955f2b18fd7e72355061f094/repo/0.96.0/.xml/eper/prfNet.xml",
                      "/home/pete/wefwefwef/docs/other/8df29375c3a91122955f2b18fd7e72355061f094/repo/0.96.0/.xml/eper/prfDog.xml",
                      "/home/pete/wefwefwef/docs/other/8df29375c3a91122955f2b18fd7e72355061f094/repo/0.96.0/.xml/eper/redbug_eunit.xml",
                      "/home/pete/wefwefwef/docs/other/8df29375c3a91122955f2b18fd7e72355061f094/repo/0.96.0/.xml/eper/prfPrc.xml",
                      "/home/pete/wefwefwef/docs/other/8df29375c3a91122955f2b18fd7e72355061f094/repo/0.96.0/.xml/eper/bread_server.xml",
                      "/home/pete/wefwefwef/docs/other/8df29375c3a91122955f2b18fd7e72355061f094/repo/0.96.0/.xml/eper/loggerConsumer.xml",
                      "/home/pete/wefwefwef/docs/other/8df29375c3a91122955f2b18fd7e72355061f094/repo/0.96.0/.xml/eper/watchdogConsumer.xml",
                      "/home/pete/wefwefwef/docs/other/8df29375c3a91122955f2b18fd7e72355061f094/repo/0.96.0/.xml/eper/redbugConsumer.xml",
                      "/home/pete/wefwefwef/docs/other/8df29375c3a91122955f2b18fd7e72355061f094/repo/0.96.0/.xml/eper/ntop.xml",
                      "/home/pete/wefwefwef/docs/other/8df29375c3a91122955f2b18fd7e72355061f094/repo/0.96.0/.xml/eper/prfTarg.xml"]
Generating HTML - prfConsumer "/home/pete/wefwefwef/docs/other/8df29375c3a91122955f2b18fd7e72355061f094/repo/0.96.0/.xml/eper/prfConsumer.xml"
Generating HTML - dtopConsumer "/home/pete/wefwefwef/docs/other/8df29375c3a91122955f2b18fd7e72355061f094/repo/0.96.0/.xml/eper/dtopConsumer.xml"
Generating HTML - watchdog "/home/pete/wefwefwef/docs/other/8df29375c3a91122955f2b18fd7e72355061f094/repo/0.96.0/.xml/eper/watchdog.xml"
Generating HTML - prfTarg "/home/pete/wefwefwef/docs/other/8df29375c3a91122955f2b18fd7e72355061f094/repo/0.96.0/.xml/eper/prfTarg.xml"
Reading XML for "/home/pete/wefwefwef/docs/other/8df29375c3a91122955f2b18fd7e72355061f094/repo/0.96.0/.xml/eper/prfConsumer.xml"
Reading XML for "/home/pete/wefwefwef/docs/other/8df29375c3a91122955f2b18fd7e72355061f094/repo/0.96.0/.xml/eper/dtopConsumer.xml"
Reading XML for "/home/pete/wefwefwef/docs/other/8df29375c3a91122955f2b18fd7e72355061f094/repo/0.96.0/.xml/eper/watchdog.xml"
Reading XML for "/home/pete/wefwefwef/docs/other/8df29375c3a91122955f2b18fd7e72355061f094/repo/0.96.0/.xml/eper/prfTarg.xml"
Reading XML for "/home/pete/wefwefwef/docs/other/8df29375c3a91122955f2b18fd7e72355061f094/repo/0.96.0/.xml/specs_dtopConsumer.xml"
Generating HTML - prf "/home/pete/wefwefwef/docs/other/8df29375c3a91122955f2b18fd7e72355061f094/repo/0.96.0/.xml/eper/prf.xml"
Reading XML for "/home/pete/wefwefwef/docs/other/8df29375c3a91122955f2b18fd7e72355061f094/repo/0.96.0/.xml/eper/prf.xml"
Reading XML for "/home/pete/wefwefwef/docs/other/8df29375c3a91122955f2b18fd7e72355061f094/repo/0.96.0/.xml/specs_prfConsumer.xml"
Reading XML for "/home/pete/wefwefwef/docs/other/8df29375c3a91122955f2b18fd7e72355061f094/repo/0.96.0/.xml/specs_prfTarg.xml"
Reading XML for "/home/pete/wefwefwef/docs/other/8df29375c3a91122955f2b18fd7e72355061f094/repo/0.96.0/.xml/specs_watchdog.xml"
Generating HTML - atop "/home/pete/wefwefwef/docs/other/8df29375c3a91122955f2b18fd7e72355061f094/repo/0.96.0/.xml/eper/atop.xml"
Reading XML for "/home/pete/wefwefwef/docs/other/8df29375c3a91122955f2b18fd7e72355061f094/repo/0.96.0/.xml/eper/atop.xml"
Generating HTML - ntop "/home/pete/wefwefwef/docs/other/8df29375c3a91122955f2b18fd7e72355061f094/repo/0.96.0/.xml/eper/ntop.xml"
Reading XML for "/home/pete/wefwefwef/docs/other/8df29375c3a91122955f2b18fd7e72355061f094/repo/0.96.0/.xml/eper/ntop.xml"
Generating HTML - getoptw "/home/pete/wefwefwef/docs/other/8df29375c3a91122955f2b18fd7e72355061f094/repo/0.96.0/.xml/eper/getoptw.xml"
Reading XML for "/home/pete/wefwefwef/docs/other/8df29375c3a91122955f2b18fd7e72355061f094/repo/0.96.0/.xml/eper/getoptw.xml"
Reading XML for "/home/pete/wefwefwef/docs/other/8df29375c3a91122955f2b18fd7e72355061f094/repo/0.96.0/.xml/specs_prf.xml"
Generating HTML - prfMnesia "/home/pete/wefwefwef/docs/other/8df29375c3a91122955f2b18fd7e72355061f094/repo/0.96.0/.xml/eper/prfMnesia.xml"
Reading XML for "/home/pete/wefwefwef/docs/other/8df29375c3a91122955f2b18fd7e72355061f094/repo/0.96.0/.xml/eper/prfMnesia.xml"
Reading XML for "/home/pete/wefwefwef/docs/other/8df29375c3a91122955f2b18fd7e72355061f094/repo/0.96.0/.xml/specs_atop.xml"
Reading XML for "/home/pete/wefwefwef/docs/other/8df29375c3a91122955f2b18fd7e72355061f094/repo/0.96.0/.xml/specs_ntop.xml"
Generating HTML - prfHost "/home/pete/wefwefwef/docs/other/8df29375c3a91122955f2b18fd7e72355061f094/repo/0.96.0/.xml/eper/prfHost.xml"
Reading XML for "/home/pete/wefwefwef/docs/other/8df29375c3a91122955f2b18fd7e72355061f094/repo/0.96.0/.xml/eper/prfHost.xml"
Generating HTML - redbugConsumer "/home/pete/wefwefwef/docs/other/8df29375c3a91122955f2b18fd7e72355061f094/repo/0.96.0/.xml/eper/redbugConsumer.xml"
Reading XML for "/home/pete/wefwefwef/docs/other/8df29375c3a91122955f2b18fd7e72355061f094/repo/0.96.0/.xml/eper/redbugConsumer.xml"
Reading XML for "/home/pete/wefwefwef/docs/other/8df29375c3a91122955f2b18fd7e72355061f094/repo/0.96.0/.xml/specs_getoptw.xml"
Reading XML for "/home/pete/wefwefwef/docs/other/8df29375c3a91122955f2b18fd7e72355061f094/repo/0.96.0/.xml/specs_prfMnesia.xml"
Generating HTML - redbug_msc "/home/pete/wefwefwef/docs/other/8df29375c3a91122955f2b18fd7e72355061f094/repo/0.96.0/.xml/eper/redbug_msc.xml"
Reading XML for "/home/pete/wefwefwef/docs/other/8df29375c3a91122955f2b18fd7e72355061f094/repo/0.96.0/.xml/eper/redbug_msc.xml"
Reading XML for "/home/pete/wefwefwef/docs/other/8df29375c3a91122955f2b18fd7e72355061f094/repo/0.96.0/.xml/specs_prfHost.xml"
Generating HTML - prf_crypto "/home/pete/wefwefwef/docs/other/8df29375c3a91122955f2b18fd7e72355061f094/repo/0.96.0/.xml/eper/prf_crypto.xml"
Reading XML for "/home/pete/wefwefwef/docs/other/8df29375c3a91122955f2b18fd7e72355061f094/repo/0.96.0/.xml/eper/prf_crypto.xml"
Reading XML for "/home/pete/wefwefwef/docs/other/8df29375c3a91122955f2b18fd7e72355061f094/repo/0.96.0/.xml/specs_redbugConsumer.xml"
Generating HTML - redbug "/home/pete/wefwefwef/docs/other/8df29375c3a91122955f2b18fd7e72355061f094/repo/0.96.0/.xml/eper/redbug.xml"
Reading XML for "/home/pete/wefwefwef/docs/other/8df29375c3a91122955f2b18fd7e72355061f094/repo/0.96.0/.xml/eper/redbug.xml"
Generating HTML - watchdogConsumer "/home/pete/wefwefwef/docs/other/8df29375c3a91122955f2b18fd7e72355061f094/repo/0.96.0/.xml/eper/watchdogConsumer.xml"
Reading XML for "/home/pete/wefwefwef/docs/other/8df29375c3a91122955f2b18fd7e72355061f094/repo/0.96.0/.xml/eper/watchdogConsumer.xml"
Reading XML for "/home/pete/wefwefwef/docs/other/8df29375c3a91122955f2b18fd7e72355061f094/repo/0.96.0/.xml/specs_redbug_msc.xml"
Generating HTML - eper "/home/pete/wefwefwef/docs/other/8df29375c3a91122955f2b18fd7e72355061f094/repo/0.96.0/.xml/eper/eper.xml"
Reading XML for "/home/pete/wefwefwef/docs/other/8df29375c3a91122955f2b18fd7e72355061f094/repo/0.96.0/.xml/eper/eper.xml"
Reading XML for "/home/pete/wefwefwef/docs/other/8df29375c3a91122955f2b18fd7e72355061f094/repo/0.96.0/.xml/specs_prf_crypto.xml"
Reading XML for "/home/pete/wefwefwef/docs/other/8df29375c3a91122955f2b18fd7e72355061f094/repo/0.96.0/.xml/specs_watchdogConsumer.xml"
Reading XML for "/home/pete/wefwefwef/docs/other/8df29375c3a91122955f2b18fd7e72355061f094/repo/0.96.0/.xml/specs_redbug.xml"
Generating HTML - prfTime "/home/pete/wefwefwef/docs/other/8df29375c3a91122955f2b18fd7e72355061f094/repo/0.96.0/.xml/eper/prfTime.xml"
Reading XML for "/home/pete/wefwefwef/docs/other/8df29375c3a91122955f2b18fd7e72355061f094/repo/0.96.0/.xml/eper/prfTime.xml"
Generating HTML - loggerConsumer "/home/pete/wefwefwef/docs/other/8df29375c3a91122955f2b18fd7e72355061f094/repo/0.96.0/.xml/eper/loggerConsumer.xml"
Reading XML for "/home/pete/wefwefwef/docs/other/8df29375c3a91122955f2b18fd7e72355061f094/repo/0.96.0/.xml/eper/loggerConsumer.xml"
Generating HTML - watchdogLogger "/home/pete/wefwefwef/docs/other/8df29375c3a91122955f2b18fd7e72355061f094/repo/0.96.0/.xml/eper/watchdogLogger.xml"
Reading XML for "/home/pete/wefwefwef/docs/other/8df29375c3a91122955f2b18fd7e72355061f094/repo/0.96.0/.xml/eper/watchdogLogger.xml"
Reading XML for "/home/pete/wefwefwef/docs/other/8df29375c3a91122955f2b18fd7e72355061f094/repo/0.96.0/.xml/specs_eper.xml"
Generating HTML - prfSys "/home/pete/wefwefwef/docs/other/8df29375c3a91122955f2b18fd7e72355061f094/repo/0.96.0/.xml/eper/prfSys.xml"
Reading XML for "/home/pete/wefwefwef/docs/other/8df29375c3a91122955f2b18fd7e72355061f094/repo/0.96.0/.xml/specs_prfTime.xml"
Reading XML for "/home/pete/wefwefwef/docs/other/8df29375c3a91122955f2b18fd7e72355061f094/repo/0.96.0/.xml/eper/prfSys.xml"
Generating HTML - prfTrc "/home/pete/wefwefwef/docs/other/8df29375c3a91122955f2b18fd7e72355061f094/repo/0.96.0/.xml/eper/prfTrc.xml"
Reading XML for "/home/pete/wefwefwef/docs/other/8df29375c3a91122955f2b18fd7e72355061f094/repo/0.96.0/.xml/eper/prfTrc.xml"
Reading XML for "/home/pete/wefwefwef/docs/other/8df29375c3a91122955f2b18fd7e72355061f094/repo/0.96.0/.xml/specs_loggerConsumer.xml"
Reading XML for "/home/pete/wefwefwef/docs/other/8df29375c3a91122955f2b18fd7e72355061f094/repo/0.96.0/.xml/specs_watchdogLogger.xml"
Generating HTML - bread_server "/home/pete/wefwefwef/docs/other/8df29375c3a91122955f2b18fd7e72355061f094/repo/0.96.0/.xml/eper/bread_server.xml"
Reading XML for "/home/pete/wefwefwef/docs/other/8df29375c3a91122955f2b18fd7e72355061f094/repo/0.96.0/.xml/eper/bread_server.xml"
Generating HTML - gen_serv "/home/pete/wefwefwef/docs/other/8df29375c3a91122955f2b18fd7e72355061f094/repo/0.96.0/.xml/eper/gen_serv.xml"
Reading XML for "/home/pete/wefwefwef/docs/other/8df29375c3a91122955f2b18fd7e72355061f094/repo/0.96.0/.xml/eper/gen_serv.xml"
Reading XML for "/home/pete/wefwefwef/docs/other/8df29375c3a91122955f2b18fd7e72355061f094/repo/0.96.0/.xml/specs_prfSys.xml"
Generating HTML - replay_trc "/home/pete/wefwefwef/docs/other/8df29375c3a91122955f2b18fd7e72355061f094/repo/0.96.0/.xml/eper/replay_trc.xml"
Reading XML for "/home/pete/wefwefwef/docs/other/8df29375c3a91122955f2b18fd7e72355061f094/repo/0.96.0/.xml/eper/replay_trc.xml"
Reading XML for "/home/pete/wefwefwef/docs/other/8df29375c3a91122955f2b18fd7e72355061f094/repo/0.96.0/.xml/specs_prfTrc.xml"
Generating HTML - prfDist "/home/pete/wefwefwef/docs/other/8df29375c3a91122955f2b18fd7e72355061f094/repo/0.96.0/.xml/eper/prfDist.xml"
Reading XML for "/home/pete/wefwefwef/docs/other/8df29375c3a91122955f2b18fd7e72355061f094/repo/0.96.0/.xml/eper/prfDist.xml"
Reading XML for "/home/pete/wefwefwef/docs/other/8df29375c3a91122955f2b18fd7e72355061f094/repo/0.96.0/.xml/specs_bread_server.xml"
Reading XML for "/home/pete/wefwefwef/docs/other/8df29375c3a91122955f2b18fd7e72355061f094/repo/0.96.0/.xml/specs_gen_serv.xml"
Generating HTML - prfPrc "/home/pete/wefwefwef/docs/other/8df29375c3a91122955f2b18fd7e72355061f094/repo/0.96.0/.xml/eper/prfPrc.xml"
Reading XML for "/home/pete/wefwefwef/docs/other/8df29375c3a91122955f2b18fd7e72355061f094/repo/0.96.0/.xml/eper/prfPrc.xml"
Generating HTML - dogConsumer "/home/pete/wefwefwef/docs/other/8df29375c3a91122955f2b18fd7e72355061f094/repo/0.96.0/.xml/eper/dogConsumer.xml"
Reading XML for "/home/pete/wefwefwef/docs/other/8df29375c3a91122955f2b18fd7e72355061f094/repo/0.96.0/.xml/eper/dogConsumer.xml"
Reading XML for "/home/pete/wefwefwef/docs/other/8df29375c3a91122955f2b18fd7e72355061f094/repo/0.96.0/.xml/specs_replay_trc.xml"
Generating HTML - logReader "/home/pete/wefwefwef/docs/other/8df29375c3a91122955f2b18fd7e72355061f094/repo/0.96.0/.xml/eper/logReader.xml"
Reading XML for "/home/pete/wefwefwef/docs/other/8df29375c3a91122955f2b18fd7e72355061f094/repo/0.96.0/.xml/eper/logReader.xml"
Reading XML for "/home/pete/wefwefwef/docs/other/8df29375c3a91122955f2b18fd7e72355061f094/repo/0.96.0/.xml/specs_prfDist.xml"
Generating HTML - dtop_replay "/home/pete/wefwefwef/docs/other/8df29375c3a91122955f2b18fd7e72355061f094/repo/0.96.0/.xml/eper/dtop_replay.xml"
Reading XML for "/home/pete/wefwefwef/docs/other/8df29375c3a91122955f2b18fd7e72355061f094/repo/0.96.0/.xml/eper/dtop_replay.xml"
Reading XML for "/home/pete/wefwefwef/docs/other/8df29375c3a91122955f2b18fd7e72355061f094/repo/0.96.0/.xml/specs_prfPrc.xml"
Reading XML for "/home/pete/wefwefwef/docs/other/8df29375c3a91122955f2b18fd7e72355061f094/repo/0.96.0/.xml/specs_dogConsumer.xml"
Generating HTML - redbug_eunit "/home/pete/wefwefwef/docs/other/8df29375c3a91122955f2b18fd7e72355061f094/repo/0.96.0/.xml/eper/redbug_eunit.xml"
Reading XML for "/home/pete/wefwefwef/docs/other/8df29375c3a91122955f2b18fd7e72355061f094/repo/0.96.0/.xml/eper/redbug_eunit.xml"
Generating HTML - bread "/home/pete/wefwefwef/docs/other/8df29375c3a91122955f2b18fd7e72355061f094/repo/0.96.0/.xml/eper/bread.xml"
Reading XML for "/home/pete/wefwefwef/docs/other/8df29375c3a91122955f2b18fd7e72355061f094/repo/0.96.0/.xml/eper/bread.xml"
Reading XML for "/home/pete/wefwefwef/docs/other/8df29375c3a91122955f2b18fd7e72355061f094/repo/0.96.0/.xml/specs_logReader.xml"
Generating HTML - dtop "/home/pete/wefwefwef/docs/other/8df29375c3a91122955f2b18fd7e72355061f094/repo/0.96.0/.xml/eper/dtop.xml"
Reading XML for "/home/pete/wefwefwef/docs/other/8df29375c3a91122955f2b18fd7e72355061f094/repo/0.96.0/.xml/eper/dtop.xml"
Reading XML for "/home/pete/wefwefwef/docs/other/8df29375c3a91122955f2b18fd7e72355061f094/repo/0.96.0/.xml/specs_dtop_replay.xml"
Reading XML for "/home/pete/wefwefwef/docs/other/8df29375c3a91122955f2b18fd7e72355061f094/repo/0.96.0/.xml/specs_bread.xml"
Reading XML for "/home/pete/wefwefwef/docs/other/8df29375c3a91122955f2b18fd7e72355061f094/repo/0.96.0/.xml/specs_redbug_eunit.xml"
Generating HTML - prfDog "/home/pete/wefwefwef/docs/other/8df29375c3a91122955f2b18fd7e72355061f094/repo/0.96.0/.xml/eper/prfDog.xml"
Reading XML for "/home/pete/wefwefwef/docs/other/8df29375c3a91122955f2b18fd7e72355061f094/repo/0.96.0/.xml/eper/prfDog.xml"
Reading XML for "/home/pete/wefwefwef/docs/other/8df29375c3a91122955f2b18fd7e72355061f094/repo/0.96.0/.xml/specs_dtop.xml"
Reading XML for "/home/pete/wefwefwef/docs/other/8df29375c3a91122955f2b18fd7e72355061f094/repo/0.96.0/.xml/specs_prfDog.xml"
Generating HTML - prfNet "/home/pete/wefwefwef/docs/other/8df29375c3a91122955f2b18fd7e72355061f094/repo/0.96.0/.xml/eper/prfNet.xml"
Reading XML for "/home/pete/wefwefwef/docs/other/8df29375c3a91122955f2b18fd7e72355061f094/repo/0.96.0/.xml/eper/prfNet.xml"
Reading XML for "/home/pete/wefwefwef/docs/other/8df29375c3a91122955f2b18fd7e72355061f094/repo/0.96.0/.xml/specs_prfNet.xml"
Generating HTML - ntopConsumer "/home/pete/wefwefwef/docs/other/8df29375c3a91122955f2b18fd7e72355061f094/repo/0.96.0/.xml/eper/ntopConsumer.xml"
Reading XML for "/home/pete/wefwefwef/docs/other/8df29375c3a91122955f2b18fd7e72355061f094/repo/0.96.0/.xml/eper/ntopConsumer.xml"
Reading XML for "/home/pete/wefwefwef/docs/other/8df29375c3a91122955f2b18fd7e72355061f094/repo/0.96.0/.xml/specs_ntopConsumer.xml"
Creating index.html ...
Creating erldocs_index.js ...
Woot, finished in 0 Minutes 3 Seconds
 :: Discovering other repos
$ 5000  `rm -r '/home/pete/wefwefwef/docs/other/8df29375c3a91122955f2b18fd7e72355061f094/eper-tag-0.96.0'  2>&1`
 :: Finishing up
$ 5000  `rm -r '/home/pete/wefwefwef/docs/other/8df29375c3a91122955f2b18fd7e72355061f094/eper'  2>&1`
