 :: Extracting meta information
$ 5000  `git ls-remote --heads --tags 'https://github.com/processone/p1_yaml'  2>&1`
>>> [repo] 1 branches, 0 tags
 :: Writing meta to "/home/pete/wefwefwef/docs/other/9107345407/meta.txt"
 :: Processing https://github.com/processone/p1_yaml	{rev,branch,"master","e1f081e1bbf34c35fc60c1b988d62a07fbead3e8",undefined,[],[]}
 :: Fetching repo code
$ cd "/home/pete/wefwefwef/docs/other/9107345407/p1_yaml-branch-master/p1_yaml"
$ infinity  `curl --fail --silent --show-error --location --output 'master.zip' 'https://github.com/processone/p1_yaml/archive/master.zip'  2>&1`
$ cd "/home/pete/wefwefwef/docs/erldocs_other.git"
$ cd "/home/pete/wefwefwef/docs/other/9107345407/p1_yaml-branch-master/p1_yaml"
$ 5000  `find -P . -type l -delete  2>&1`
$ cd "/home/pete/wefwefwef/docs/erldocs_other.git"
$ cd "/home/pete/wefwefwef/docs/other/9107345407/p1_yaml-branch-master/p1_yaml"
$ 5000  `find 'p1_yaml-master' -mindepth 1 -maxdepth 1 -exec mv -t . -- {} +  2>&1`
$ cd "/home/pete/wefwefwef/docs/erldocs_other.git"
 :: Getting dependencies
$ cd "/home/pete/wefwefwef/docs/other/9107345407/p1_yaml-branch-master/p1_yaml"
$ 5000  `ls -1 deps/  2>&1`
$ cd "/home/pete/wefwefwef/docs/erldocs_other.git"
>>> [rebar] deps = []
 :: Generating erldocs into /home/pete/wefwefwef/docs/other/9107345407/repo/master
Building p1_yaml
Generating Type Specs - "/home/pete/wefwefwef/docs/other/9107345407/p1_yaml-branch-master/p1_yaml/src/p1_yaml.erl"
Generating Type Specs - "/home/pete/wefwefwef/docs/other/9107345407/p1_yaml-branch-master/p1_yaml/src/p1_yaml_app.erl"
Generating Type Specs - "/home/pete/wefwefwef/docs/other/9107345407/p1_yaml-branch-master/p1_yaml/src/p1_yaml_sup.erl"
Generating XML for application p1_yaml "/home/pete/wefwefwef/docs/other/9107345407/p1_yaml-branch-master/p1_yaml" -> "/home/pete/wefwefwef/docs/other/9107345407/repo/master/.xml/p1_yaml"
Generated p1_yaml XMLs: ["/home/pete/wefwefwef/docs/other/9107345407/repo/master/.xml/p1_yaml/p1_yaml.xml",
                         "/home/pete/wefwefwef/docs/other/9107345407/repo/master/.xml/p1_yaml/p1_yaml_app.xml",
                         "/home/pete/wefwefwef/docs/other/9107345407/repo/master/.xml/p1_yaml/p1_yaml_sup.xml"]
Generating HTML - p1_yaml_sup "/home/pete/wefwefwef/docs/other/9107345407/repo/master/.xml/p1_yaml/p1_yaml_sup.xml"
Reading XML for "/home/pete/wefwefwef/docs/other/9107345407/repo/master/.xml/p1_yaml/p1_yaml_sup.xml"
Reading XML for "/home/pete/wefwefwef/docs/other/9107345407/repo/master/.xml/specs_p1_yaml_sup.xml"
Generating HTML - p1_yaml_app "/home/pete/wefwefwef/docs/other/9107345407/repo/master/.xml/p1_yaml/p1_yaml_app.xml"
Reading XML for "/home/pete/wefwefwef/docs/other/9107345407/repo/master/.xml/p1_yaml/p1_yaml_app.xml"
Reading XML for "/home/pete/wefwefwef/docs/other/9107345407/repo/master/.xml/specs_p1_yaml_app.xml"
Generating HTML - p1_yaml "/home/pete/wefwefwef/docs/other/9107345407/repo/master/.xml/p1_yaml/p1_yaml.xml"
Reading XML for "/home/pete/wefwefwef/docs/other/9107345407/repo/master/.xml/p1_yaml/p1_yaml.xml"
Reading XML for "/home/pete/wefwefwef/docs/other/9107345407/repo/master/.xml/specs_p1_yaml.xml"
Creating index.html ...
Creating erldocs_index.js ...
Woot, finished in 0 Minutes 0 Seconds
 :: Discovering other repos
$ 5000  `rm -r '/home/pete/wefwefwef/docs/other/9107345407/p1_yaml-branch-master'  2>&1`
 :: Finishing up
$ 5000  `rm -r '/home/pete/wefwefwef/docs/other/9107345407/p1_yaml'  2>&1`
