 :: Extracting meta information
$ cd '.'
$ infinity  `git ls-remote --heads --tags https://github.com/opscode/webmachine`
>>> [repo] 34 branches, 30 tags
 :: Writing meta to "/home/pete/wefwefwef/docs/other/b7539b6bf3a2c3b8c0b8208876416557e8d262cd/meta.txt"
 :: Skipping tag "1.10.0"
 :: Skipping tag "1.10.1"
 :: Skipping tag "1.10.2"
 :: Skipping tag "1.10.3"
 :: Skipping tag "1.10.4"
 :: Skipping tag "1.10.4p1"
 :: Skipping tag "1.10.4p2"
 :: Skipping tag "1.10.5"
 :: Skipping tag "1.10.5.1"
 :: Skipping tag "1.10.5.2"
 :: Skipping tag "1.10.5.3"
 :: Skipping tag "1.9.0"
 :: Skipping tag "1.9.0-mochifix"
 :: Skipping tag "1.9.0p1"
 :: Skipping tag "1.9.1"
 :: Skipping tag "1.9.2"
 :: Skipping tag "1.9.2p1"
 :: Skipping tag "1.9.3"
 :: Skipping tag "webmachine-1.2"
 :: Skipping tag "webmachine-1.3"
 :: Skipping tag "webmachine-1.4"
 :: Skipping tag "webmachine-1.5"
 :: Skipping tag "webmachine-1.6"
 :: Skipping tag "webmachine-1.6.1"
 :: Skipping tag "webmachine-1.7.1"
 :: Skipping tag "webmachine-1.7.2"
 :: Skipping tag "webmachine-1.7.3"
 :: Skipping tag "webmachine-1.8.0"
 :: Skipping tag "webmachine-1.8.1"
 :: Skipping branch "1.9"
 :: Skipping branch "AZ564-improve-guard"
 :: Skipping branch "RTK-default_dispatch_list"
 :: Skipping branch "adt-fix-exit-normal-error"
 :: Skipping branch "adt-os-timestamp-and-timer"
 :: Skipping branch "arg-rewrite-hack"
 :: Skipping branch "az976-rewrite-module"
 :: Skipping branch "bwf-edoc-fix"
 :: Skipping branch "bwf-no-send-exit"
 :: Skipping branch "bz107-etag-quoting"
 :: Skipping branch "bz884-etag-list"
 :: Skipping branch "dev-only-deps"
 :: Skipping branch "dip_rebar2.0"
 :: Skipping branch "djr-skeleton_sup_child_spec_module"
 :: Skipping branch "ipv6"
 :: Skipping branch "ipv6-2014"
 :: Skipping branch "ipv6-fix-default-port"
 :: Skipping branch "jjs-1.8.1-vsn"
 :: Skipping branch "jrm-fix-doc-link"
 :: Skipping branch "jw/meck"
 :: Skipping branch "klm-fix-wmvsn"
 :: Skipping branch "master"
 :: Skipping branch "mp/ipv6-preserve-literal"
 :: Skipping branch "opscode"
 :: Skipping branch "riak-1.0.x"
 :: Skipping branch "sf/ipv6"
 :: Skipping branch "skel-priv-dir"
 :: Skipping branch "slf-201204-type-fixes"
 :: Skipping branch "slf-fix-media_type_to_detail"
 :: Skipping branch "slf-master-fix-media_type_to_detail"
 :: Skipping branch "validate-content-md5"
 :: Skipping branch "wrd-content-length-with-streaming"
 :: Skipping branch "wrd-content-length-with-streaming-bwf-no-send-exit"
 :: Skipping branch "wrd-streaming-multipart-form-accepting"
 :: Processing https://github.com/opscode/webmachine	{rev,tag,"1.9.0-mochifix-2","d061cbab32bdc8abd1f5bc0093a4215eafa3a994",undefined,[],[]}
 :: Fetching repo code
$ cd '/home/pete/wefwefwef/docs/other/b7539b6bf3a2c3b8c0b8208876416557e8d262cd/webmachine-tag-1.9.0-mochifix-2'
$ infinity  `curl --fail --silent --show-error --location --output repo.tar.gz https://codeload.github.com/opscode/webmachine/tar.gz/1.9.0-mochifix-2`
$ cd '/home/pete/wefwefwef/docs/other/b7539b6bf3a2c3b8c0b8208876416557e8d262cd/webmachine-tag-1.9.0-mochifix-2/webmachine-1.9.0-mochifix-2'
$ 5000  `find -P . -type l -delete`
$ cd '.'
$ 5000  `mv /home/pete/wefwefwef/docs/other/b7539b6bf3a2c3b8c0b8208876416557e8d262cd/webmachine-tag-1.9.0-mochifix-2/webmachine-1.9.0-mochifix-2 /home/pete/wefwefwef/docs/other/b7539b6bf3a2c3b8c0b8208876416557e8d262cd/webmachine-tag-1.9.0-mochifix-2/webmachine`
 :: Getting dependencies
 :: Error running eo_core:
	[{eo_core,sh,
                  ["/home/pete/wefwefwef/docs/other/b7539b6bf3a2c3b8c0b8208876416557e8d262cd/webmachine-tag-1.9.0-mochifix-2/webmachine",
                   ["rebar","--config",
                    "/home/pete/wefwefwef/docs/other/b7539b6bf3a2c3b8c0b8208876416557e8d262cd/webmachine-tag-1.9.0-mochifix-2/rebar_deps",
                    "get-deps"],
                   infinity],
                  []},
         {eo_util,get_deps,2,[{file,"src/eo_util.erl"},{line,123}]},
         {eo_util,rebar_get_deps,1,[{file,"src/eo_util.erl"},{line,88}]},
         {eo_core,get_deps,1,[{file,"src/eo_core.erl"},{line,339}]},
         {eo_core,do,7,[{file,"src/eo_core.erl"},{line,110}]},
         {eo_core,'-main_/1-lc$^0/1-0-',8,
                  [{file,"src/eo_core.erl"},{line,85}]},
         {eo_core,main_,1,[{file,"src/eo_core.erl"},{line,85}]},
         {eo_core,main,1,[{file,"src/eo_core.erl"},{line,56}]}]
{error,undef}
 :: Finishing up
$ cd '.'
$ 5000  `rm -r /home/pete/wefwefwef/docs/other/b7539b6bf3a2c3b8c0b8208876416557e8d262cd/webmachine`
