 :: Extracting meta information
$ cd '.'
$ infinity  `git ls-remote --heads --tags https://github.com/klarna/ponos`
>>> [repo] 2 branches, 8 tags
 :: Writing meta to "/home/pete/wefwefwef/docs/other/97fc96b178c631593ea86861767638ed22a89b09/meta.txt"
 :: Skipping tag "1.0.0"
 :: Skipping tag "1.1.0"
 :: Skipping tag "1.2.0"
 :: Skipping tag "1.2.1"
 :: Skipping tag "1.2.2"
 :: Skipping tag "1.3.0"
 :: Skipping tag "1.4.0"
 :: Skipping branch "fix-intensity-update"
 :: Processing https://github.com/klarna/ponos	{rev,branch,"master","b06e3883a312d820b7db1fe047df1cce984fd5a6",undefined,[],[]}
 :: Fetching repo code
$ cd '/home/pete/wefwefwef/docs/other/97fc96b178c631593ea86861767638ed22a89b09/ponos-branch-master'
$ infinity  `curl --fail --silent --show-error --location --output repo.tar.gz https://codeload.github.com/klarna/ponos/tar.gz/master`
$ cd '/home/pete/wefwefwef/docs/other/97fc96b178c631593ea86861767638ed22a89b09/ponos-branch-master/ponos-master'
$ 5000  `find -P . -type l -delete`
$ cd '.'
$ 5000  `mv /home/pete/wefwefwef/docs/other/97fc96b178c631593ea86861767638ed22a89b09/ponos-branch-master/ponos-master /home/pete/wefwefwef/docs/other/97fc96b178c631593ea86861767638ed22a89b09/ponos-branch-master/ponos`
 :: Getting dependencies
$ cd '/home/pete/wefwefwef/docs/other/97fc96b178c631593ea86861767638ed22a89b09/ponos-branch-master/ponos'
$ 5000  `ls -1 deps/`
>>> [rebar] deps = []
 :: Generating erldocs into /home/pete/wefwefwef/docs/other/97fc96b178c631593ea86861767638ed22a89b09/repo/master
Building ponos
Generating Type Specs - "/home/pete/wefwefwef/docs/other/97fc96b178c631593ea86861767638ed22a89b09/ponos-branch-master/ponos/src/ponos.erl"
Generating Type Specs - "/home/pete/wefwefwef/docs/other/97fc96b178c631593ea86861767638ed22a89b09/ponos-branch-master/ponos/src/ponos_app.erl"
Generating Type Specs - "/home/pete/wefwefwef/docs/other/97fc96b178c631593ea86861767638ed22a89b09/ponos-branch-master/ponos/src/ponos_default_task_runner.erl"
Generating Type Specs - "/home/pete/wefwefwef/docs/other/97fc96b178c631593ea86861767638ed22a89b09/ponos-branch-master/ponos/src/ponos_file_task_runner.erl"
Generating Type Specs - "/home/pete/wefwefwef/docs/other/97fc96b178c631593ea86861767638ed22a89b09/ponos-branch-master/ponos/src/ponos_load_generator.erl"
Generating Type Specs - "/home/pete/wefwefwef/docs/other/97fc96b178c631593ea86861767638ed22a89b09/ponos-branch-master/ponos/src/ponos_load_generator_sup.erl"
Generating Type Specs - "/home/pete/wefwefwef/docs/other/97fc96b178c631593ea86861767638ed22a89b09/ponos-branch-master/ponos/src/ponos_load_specs.erl"
Generating Type Specs - "/home/pete/wefwefwef/docs/other/97fc96b178c631593ea86861767638ed22a89b09/ponos-branch-master/ponos/src/ponos_serv.erl"
Generating Type Specs - "/home/pete/wefwefwef/docs/other/97fc96b178c631593ea86861767638ed22a89b09/ponos-branch-master/ponos/src/ponos_sup.erl"
Generating Type Specs - "/home/pete/wefwefwef/docs/other/97fc96b178c631593ea86861767638ed22a89b09/ponos-branch-master/ponos/src/ponos_task_runner_callbacks.erl"
Generating Type Specs - "/home/pete/wefwefwef/docs/other/97fc96b178c631593ea86861767638ed22a89b09/ponos-branch-master/ponos/src/ptop.erl"
Generating XML for application ponos "/home/pete/wefwefwef/docs/other/97fc96b178c631593ea86861767638ed22a89b09/ponos-branch-master/ponos" -> "/home/pete/wefwefwef/docs/other/97fc96b178c631593ea86861767638ed22a89b09/repo/master/.xml/ponos"
Generated ponos XMLs: ["/home/pete/wefwefwef/docs/other/97fc96b178c631593ea86861767638ed22a89b09/repo/master/.xml/ponos/ponos_file_task_runner.xml",
                       "/home/pete/wefwefwef/docs/other/97fc96b178c631593ea86861767638ed22a89b09/repo/master/.xml/ponos/ponos_default_task_runner.xml",
                       "/home/pete/wefwefwef/docs/other/97fc96b178c631593ea86861767638ed22a89b09/repo/master/.xml/ponos/ponos_task_runner_callbacks.xml",
                       "/home/pete/wefwefwef/docs/other/97fc96b178c631593ea86861767638ed22a89b09/repo/master/.xml/ponos/ptop.xml",
                       "/home/pete/wefwefwef/docs/other/97fc96b178c631593ea86861767638ed22a89b09/repo/master/.xml/ponos/ponos_load_specs.xml",
                       "/home/pete/wefwefwef/docs/other/97fc96b178c631593ea86861767638ed22a89b09/repo/master/.xml/ponos/ponos.xml"]
Generating HTML - ponos_file_task_runner "/home/pete/wefwefwef/docs/other/97fc96b178c631593ea86861767638ed22a89b09/repo/master/.xml/ponos/ponos_file_task_runner.xml"
Generating HTML - ponos_default_task_runner "/home/pete/wefwefwef/docs/other/97fc96b178c631593ea86861767638ed22a89b09/repo/master/.xml/ponos/ponos_default_task_runner.xml"
Generating HTML - ponos_task_runner_callbacks "/home/pete/wefwefwef/docs/other/97fc96b178c631593ea86861767638ed22a89b09/repo/master/.xml/ponos/ponos_task_runner_callbacks.xml"
Generating HTML - ponos "/home/pete/wefwefwef/docs/other/97fc96b178c631593ea86861767638ed22a89b09/repo/master/.xml/ponos/ponos.xml"
Reading XML for "/home/pete/wefwefwef/docs/other/97fc96b178c631593ea86861767638ed22a89b09/repo/master/.xml/ponos/ponos_file_task_runner.xml"
Reading XML for "/home/pete/wefwefwef/docs/other/97fc96b178c631593ea86861767638ed22a89b09/repo/master/.xml/ponos/ponos_default_task_runner.xml"
Reading XML for "/home/pete/wefwefwef/docs/other/97fc96b178c631593ea86861767638ed22a89b09/repo/master/.xml/ponos/ponos_task_runner_callbacks.xml"
Reading XML for "/home/pete/wefwefwef/docs/other/97fc96b178c631593ea86861767638ed22a89b09/repo/master/.xml/ponos/ponos.xml"
Reading XML for "/home/pete/wefwefwef/docs/other/97fc96b178c631593ea86861767638ed22a89b09/repo/master/.xml/specs_ponos_file_task_runner.xml"
Reading XML for "/home/pete/wefwefwef/docs/other/97fc96b178c631593ea86861767638ed22a89b09/repo/master/.xml/specs_ponos_default_task_runner.xml"
Reading XML for "/home/pete/wefwefwef/docs/other/97fc96b178c631593ea86861767638ed22a89b09/repo/master/.xml/specs_ponos_task_runner_callbacks.xml"
Reading XML for "/home/pete/wefwefwef/docs/other/97fc96b178c631593ea86861767638ed22a89b09/repo/master/.xml/specs_ponos.xml"
Generating HTML - ponos_load_specs "/home/pete/wefwefwef/docs/other/97fc96b178c631593ea86861767638ed22a89b09/repo/master/.xml/ponos/ponos_load_specs.xml"
Reading XML for "/home/pete/wefwefwef/docs/other/97fc96b178c631593ea86861767638ed22a89b09/repo/master/.xml/ponos/ponos_load_specs.xml"
Reading XML for "/home/pete/wefwefwef/docs/other/97fc96b178c631593ea86861767638ed22a89b09/repo/master/.xml/specs_ponos_load_specs.xml"
Generating HTML - ptop "/home/pete/wefwefwef/docs/other/97fc96b178c631593ea86861767638ed22a89b09/repo/master/.xml/ponos/ptop.xml"
Reading XML for "/home/pete/wefwefwef/docs/other/97fc96b178c631593ea86861767638ed22a89b09/repo/master/.xml/ponos/ptop.xml"
Reading XML for "/home/pete/wefwefwef/docs/other/97fc96b178c631593ea86861767638ed22a89b09/repo/master/.xml/specs_ptop.xml"
Creating index.html ...
Creating erldocs_index.js ...
Woot, finished in 0 Minutes 1 Seconds
 :: Discovering other repos
$ cd '.'
$ 5000  `rm -r /home/pete/wefwefwef/docs/other/97fc96b178c631593ea86861767638ed22a89b09/ponos-branch-master`
 :: Processing https://github.com/klarna/ponos	{rev,tag,"1.5.0","55c8b10711b371b6dc54984758f68e793ada7486",undefined,[],[]}
 :: Fetching repo code
$ cd '/home/pete/wefwefwef/docs/other/97fc96b178c631593ea86861767638ed22a89b09/ponos-tag-1.5.0'
$ infinity  `curl --fail --silent --show-error --location --output repo.tar.gz https://codeload.github.com/klarna/ponos/tar.gz/1.5.0`
$ cd '/home/pete/wefwefwef/docs/other/97fc96b178c631593ea86861767638ed22a89b09/ponos-tag-1.5.0/ponos-1.5.0'
$ 5000  `find -P . -type l -delete`
$ cd '.'
$ 5000  `mv /home/pete/wefwefwef/docs/other/97fc96b178c631593ea86861767638ed22a89b09/ponos-tag-1.5.0/ponos-1.5.0 /home/pete/wefwefwef/docs/other/97fc96b178c631593ea86861767638ed22a89b09/ponos-tag-1.5.0/ponos`
 :: Getting dependencies
$ cd '/home/pete/wefwefwef/docs/other/97fc96b178c631593ea86861767638ed22a89b09/ponos-tag-1.5.0/ponos'
$ 5000  `ls -1 deps/`
>>> [rebar] deps = []
 :: Generating erldocs into /home/pete/wefwefwef/docs/other/97fc96b178c631593ea86861767638ed22a89b09/repo/1.5.0
Building ponos
Generating Type Specs - "/home/pete/wefwefwef/docs/other/97fc96b178c631593ea86861767638ed22a89b09/ponos-tag-1.5.0/ponos/src/ponos.erl"
Generating Type Specs - "/home/pete/wefwefwef/docs/other/97fc96b178c631593ea86861767638ed22a89b09/ponos-tag-1.5.0/ponos/src/ponos_app.erl"
Generating Type Specs - "/home/pete/wefwefwef/docs/other/97fc96b178c631593ea86861767638ed22a89b09/ponos-tag-1.5.0/ponos/src/ponos_default_task_runner.erl"
Generating Type Specs - "/home/pete/wefwefwef/docs/other/97fc96b178c631593ea86861767638ed22a89b09/ponos-tag-1.5.0/ponos/src/ponos_file_task_runner.erl"
Generating Type Specs - "/home/pete/wefwefwef/docs/other/97fc96b178c631593ea86861767638ed22a89b09/ponos-tag-1.5.0/ponos/src/ponos_load_generator.erl"
Generating Type Specs - "/home/pete/wefwefwef/docs/other/97fc96b178c631593ea86861767638ed22a89b09/ponos-tag-1.5.0/ponos/src/ponos_load_generator_sup.erl"
Generating Type Specs - "/home/pete/wefwefwef/docs/other/97fc96b178c631593ea86861767638ed22a89b09/ponos-tag-1.5.0/ponos/src/ponos_load_specs.erl"
Generating Type Specs - "/home/pete/wefwefwef/docs/other/97fc96b178c631593ea86861767638ed22a89b09/ponos-tag-1.5.0/ponos/src/ponos_serv.erl"
Generating Type Specs - "/home/pete/wefwefwef/docs/other/97fc96b178c631593ea86861767638ed22a89b09/ponos-tag-1.5.0/ponos/src/ponos_sup.erl"
Generating Type Specs - "/home/pete/wefwefwef/docs/other/97fc96b178c631593ea86861767638ed22a89b09/ponos-tag-1.5.0/ponos/src/ponos_task_runner_callbacks.erl"
Generating Type Specs - "/home/pete/wefwefwef/docs/other/97fc96b178c631593ea86861767638ed22a89b09/ponos-tag-1.5.0/ponos/src/ptop.erl"
Generating XML for application ponos "/home/pete/wefwefwef/docs/other/97fc96b178c631593ea86861767638ed22a89b09/ponos-tag-1.5.0/ponos" -> "/home/pete/wefwefwef/docs/other/97fc96b178c631593ea86861767638ed22a89b09/repo/1.5.0/.xml/ponos"
Generated ponos XMLs: ["/home/pete/wefwefwef/docs/other/97fc96b178c631593ea86861767638ed22a89b09/repo/1.5.0/.xml/ponos/ponos_file_task_runner.xml",
                       "/home/pete/wefwefwef/docs/other/97fc96b178c631593ea86861767638ed22a89b09/repo/1.5.0/.xml/ponos/ponos_default_task_runner.xml",
                       "/home/pete/wefwefwef/docs/other/97fc96b178c631593ea86861767638ed22a89b09/repo/1.5.0/.xml/ponos/ponos_task_runner_callbacks.xml",
                       "/home/pete/wefwefwef/docs/other/97fc96b178c631593ea86861767638ed22a89b09/repo/1.5.0/.xml/ponos/ptop.xml",
                       "/home/pete/wefwefwef/docs/other/97fc96b178c631593ea86861767638ed22a89b09/repo/1.5.0/.xml/ponos/ponos_load_specs.xml",
                       "/home/pete/wefwefwef/docs/other/97fc96b178c631593ea86861767638ed22a89b09/repo/1.5.0/.xml/ponos/ponos.xml"]
Generating HTML - ponos_file_task_runner "/home/pete/wefwefwef/docs/other/97fc96b178c631593ea86861767638ed22a89b09/repo/1.5.0/.xml/ponos/ponos_file_task_runner.xml"
Generating HTML - ponos_default_task_runner "/home/pete/wefwefwef/docs/other/97fc96b178c631593ea86861767638ed22a89b09/repo/1.5.0/.xml/ponos/ponos_default_task_runner.xml"
Generating HTML - ponos_task_runner_callbacks "/home/pete/wefwefwef/docs/other/97fc96b178c631593ea86861767638ed22a89b09/repo/1.5.0/.xml/ponos/ponos_task_runner_callbacks.xml"
Generating HTML - ponos "/home/pete/wefwefwef/docs/other/97fc96b178c631593ea86861767638ed22a89b09/repo/1.5.0/.xml/ponos/ponos.xml"
Reading XML for "/home/pete/wefwefwef/docs/other/97fc96b178c631593ea86861767638ed22a89b09/repo/1.5.0/.xml/ponos/ponos_file_task_runner.xml"
Reading XML for "/home/pete/wefwefwef/docs/other/97fc96b178c631593ea86861767638ed22a89b09/repo/1.5.0/.xml/ponos/ponos_default_task_runner.xml"
Reading XML for "/home/pete/wefwefwef/docs/other/97fc96b178c631593ea86861767638ed22a89b09/repo/1.5.0/.xml/ponos/ponos_task_runner_callbacks.xml"
Reading XML for "/home/pete/wefwefwef/docs/other/97fc96b178c631593ea86861767638ed22a89b09/repo/1.5.0/.xml/ponos/ponos.xml"
Reading XML for "/home/pete/wefwefwef/docs/other/97fc96b178c631593ea86861767638ed22a89b09/repo/1.5.0/.xml/specs_ponos_file_task_runner.xml"
Reading XML for "/home/pete/wefwefwef/docs/other/97fc96b178c631593ea86861767638ed22a89b09/repo/1.5.0/.xml/specs_ponos_task_runner_callbacks.xml"
Reading XML for "/home/pete/wefwefwef/docs/other/97fc96b178c631593ea86861767638ed22a89b09/repo/1.5.0/.xml/specs_ponos_default_task_runner.xml"
Reading XML for "/home/pete/wefwefwef/docs/other/97fc96b178c631593ea86861767638ed22a89b09/repo/1.5.0/.xml/specs_ponos.xml"
Generating HTML - ponos_load_specs "/home/pete/wefwefwef/docs/other/97fc96b178c631593ea86861767638ed22a89b09/repo/1.5.0/.xml/ponos/ponos_load_specs.xml"
Reading XML for "/home/pete/wefwefwef/docs/other/97fc96b178c631593ea86861767638ed22a89b09/repo/1.5.0/.xml/ponos/ponos_load_specs.xml"
Reading XML for "/home/pete/wefwefwef/docs/other/97fc96b178c631593ea86861767638ed22a89b09/repo/1.5.0/.xml/specs_ponos_load_specs.xml"
Generating HTML - ptop "/home/pete/wefwefwef/docs/other/97fc96b178c631593ea86861767638ed22a89b09/repo/1.5.0/.xml/ponos/ptop.xml"
Reading XML for "/home/pete/wefwefwef/docs/other/97fc96b178c631593ea86861767638ed22a89b09/repo/1.5.0/.xml/ponos/ptop.xml"
Reading XML for "/home/pete/wefwefwef/docs/other/97fc96b178c631593ea86861767638ed22a89b09/repo/1.5.0/.xml/specs_ptop.xml"
Creating index.html ...
Creating erldocs_index.js ...
Woot, finished in 0 Minutes 1 Seconds
 :: Discovering other repos
$ cd '.'
$ 5000  `rm -r /home/pete/wefwefwef/docs/other/97fc96b178c631593ea86861767638ed22a89b09/ponos-tag-1.5.0`
 :: Finishing up
$ cd '.'
$ 5000  `rm -r /home/pete/wefwefwef/docs/other/97fc96b178c631593ea86861767638ed22a89b09/ponos`
