 :: Extracting meta information
$ infinity  `git ls-remote --heads --tags 'https://github.com/opscode/concrete'  2>&1`
>>> [repo] 6 branches, 0 tags
 :: Writing meta to "/home/pete/wefwefwef/docs/other/ef5e216bad840c6bb97b8d7914a0ac5b/meta.txt"
 :: Skipping branch "jd/fix-rebar-lager-parse-transform"
 :: Skipping branch "jd/no-src"
 :: Skipping branch "jd/override-proj"
 :: Skipping branch "jw/relx1"
 :: Skipping branch "ssd/clean-hook"
 :: Processing https://github.com/opscode/concrete	{rev,branch,"master","a61f12a687c90605d6c7653ca76490e1c8fcf970",undefined,[],[]}
 :: Fetching repo code
$ cd '/home/pete/wefwefwef/docs/other/ef5e216bad840c6bb97b8d7914a0ac5b/concrete-branch-master'
$ infinity  `curl --fail --silent --show-error --location --output repo.tar.gz 'https://codeload.github.com/opscode/concrete/legacy.tar.gz/master'  2>&1`
$ cd '/home/pete/wefwefwef/docs/erldocs_other.git'
$ cd '/home/pete/wefwefwef/docs/other/ef5e216bad840c6bb97b8d7914a0ac5b/concrete-branch-master/chef-concrete-a61f12a'
$ 5000  `find -P . -type l -delete  2>&1`
$ cd '/home/pete/wefwefwef/docs/erldocs_other.git'
$ 5000  `mv '/home/pete/wefwefwef/docs/other/ef5e216bad840c6bb97b8d7914a0ac5b/concrete-branch-master/chef-concrete-a61f12a' '/home/pete/wefwefwef/docs/other/ef5e216bad840c6bb97b8d7914a0ac5b/concrete-branch-master/concrete'  2>&1`
 :: Getting dependencies
$ cd '/home/pete/wefwefwef/docs/other/ef5e216bad840c6bb97b8d7914a0ac5b/concrete-branch-master/concrete'
$ 5000  `ls -1 deps/  2>&1`
$ cd '/home/pete/wefwefwef/docs/erldocs_other.git'
>>> [rebar] deps = []
 :: Generating erldocs into /home/pete/wefwefwef/docs/other/ef5e216bad840c6bb97b8d7914a0ac5b/repo/master
Building concrete
Generating Type Specs - "/home/pete/wefwefwef/docs/other/ef5e216bad840c6bb97b8d7914a0ac5b/concrete-branch-master/concrete/src/concrete.erl"
Generating XML for application concrete "/home/pete/wefwefwef/docs/other/ef5e216bad840c6bb97b8d7914a0ac5b/concrete-branch-master/concrete" -> "/home/pete/wefwefwef/docs/other/ef5e216bad840c6bb97b8d7914a0ac5b/repo/master/.xml/concrete"
Generated concrete XMLs: ["/home/pete/wefwefwef/docs/other/ef5e216bad840c6bb97b8d7914a0ac5b/repo/master/.xml/concrete/concrete.xml"]
Generating HTML - concrete "/home/pete/wefwefwef/docs/other/ef5e216bad840c6bb97b8d7914a0ac5b/repo/master/.xml/concrete/concrete.xml"
Reading XML for "/home/pete/wefwefwef/docs/other/ef5e216bad840c6bb97b8d7914a0ac5b/repo/master/.xml/concrete/concrete.xml"
Reading XML for "/home/pete/wefwefwef/docs/other/ef5e216bad840c6bb97b8d7914a0ac5b/repo/master/.xml/specs_concrete.xml"
Creating index.html ...
Creating erldocs_index.js ...
Woot, finished in 0 Minutes 0 Seconds
 :: Discovering other repos
$ 5000  `rm -r '/home/pete/wefwefwef/docs/other/ef5e216bad840c6bb97b8d7914a0ac5b/concrete-branch-master'  2>&1`
 :: Finishing up
$ 5000  `rm -r '/home/pete/wefwefwef/docs/other/ef5e216bad840c6bb97b8d7914a0ac5b/concrete'  2>&1`
