 :: Extracting meta information
$ 5000  `git ls-remote --heads --tags 'https://github.com/esl/fusco'  2>&1`
>>> [repo] 1 branches, 0 tags
 :: Writing meta to "/home/pete/wefwefwef/docs/other/1093168354/meta.txt"
 :: Processing https://github.com/esl/fusco	{rev,branch,"master","0a428471aefb3a38207c2141249181e6c018e565"}
 :: Fetching repo code
$ cd "/home/pete/wefwefwef/docs/other/1093168354/fusco-branch-master/fusco"
$ infinity  `curl --fail --silent --show-error --location --output 'master.zip' 'https://github.com/esl/fusco/archive/master.zip'  2>&1`
$ cd "/home/pete/wefwefwef/docs/erldocs_other.git"
$ cd "/home/pete/wefwefwef/docs/other/1093168354/fusco-branch-master/fusco"
$ 5000  `find -P . -type l -delete  2>&1`
$ cd "/home/pete/wefwefwef/docs/erldocs_other.git"
$ cd "/home/pete/wefwefwef/docs/other/1093168354/fusco-branch-master/fusco"
$ 5000  `find 'fusco-master' -mindepth 1 -maxdepth 1 -exec mv -t . -- {} +  2>&1`
$ cd "/home/pete/wefwefwef/docs/erldocs_other.git"
 :: Getting dependencies
$ cd "/home/pete/wefwefwef/docs/other/1093168354/fusco-branch-master/fusco"
$ 5000  `ls -1 deps/  2>&1`
$ cd "/home/pete/wefwefwef/docs/erldocs_other.git"
>>> [rebar] deps = []
 :: Generating erldocs into /home/pete/wefwefwef/docs/other/1093168354/repo/master
Building fusco
Generating Type Specs - "/home/pete/wefwefwef/docs/other/1093168354/fusco-branch-master/fusco/src/fusco.erl"
Generating Type Specs - "/home/pete/wefwefwef/docs/other/1093168354/fusco-branch-master/fusco/src/fusco_binary.erl"
Generating Type Specs - "/home/pete/wefwefwef/docs/other/1093168354/fusco-branch-master/fusco/src/fusco_cp.erl"
Generating Type Specs - "/home/pete/wefwefwef/docs/other/1093168354/fusco-branch-master/fusco/src/fusco_lib.erl"
Generating Type Specs - "/home/pete/wefwefwef/docs/other/1093168354/fusco-branch-master/fusco/src/fusco_protocol.erl"
Generating Type Specs - "/home/pete/wefwefwef/docs/other/1093168354/fusco-branch-master/fusco/src/fusco_sock.erl"
Generating XML for application fusco "/home/pete/wefwefwef/docs/other/1093168354/fusco-branch-master/fusco" -> "/home/pete/wefwefwef/docs/other/1093168354/repo/master/.xml/fusco"
Generated fusco XMLs: ["/home/pete/wefwefwef/docs/other/1093168354/repo/master/.xml/fusco/fusco_sock.xml",
                       "/home/pete/wefwefwef/docs/other/1093168354/repo/master/.xml/fusco/fusco_cp.xml",
                       "/home/pete/wefwefwef/docs/other/1093168354/repo/master/.xml/fusco/fusco_binary.xml",
                       "/home/pete/wefwefwef/docs/other/1093168354/repo/master/.xml/fusco/fusco_lib.xml",
                       "/home/pete/wefwefwef/docs/other/1093168354/repo/master/.xml/fusco/fusco.xml",
                       "/home/pete/wefwefwef/docs/other/1093168354/repo/master/.xml/fusco/fusco_protocol.xml"]
Generating HTML - fusco_sock "/home/pete/wefwefwef/docs/other/1093168354/repo/master/.xml/fusco/fusco_sock.xml"
Generating HTML - fusco_cp "/home/pete/wefwefwef/docs/other/1093168354/repo/master/.xml/fusco/fusco_cp.xml"
Generating HTML - fusco_binary "/home/pete/wefwefwef/docs/other/1093168354/repo/master/.xml/fusco/fusco_binary.xml"
Generating HTML - fusco_protocol "/home/pete/wefwefwef/docs/other/1093168354/repo/master/.xml/fusco/fusco_protocol.xml"
Reading XML for "/home/pete/wefwefwef/docs/other/1093168354/repo/master/.xml/fusco/fusco_sock.xml"
Reading XML for "/home/pete/wefwefwef/docs/other/1093168354/repo/master/.xml/fusco/fusco_cp.xml"
Reading XML for "/home/pete/wefwefwef/docs/other/1093168354/repo/master/.xml/fusco/fusco_binary.xml"
Reading XML for "/home/pete/wefwefwef/docs/other/1093168354/repo/master/.xml/fusco/fusco_protocol.xml"
Reading XML for "/home/pete/wefwefwef/docs/other/1093168354/repo/master/.xml/specs_fusco_sock.xml"
Reading XML for "/home/pete/wefwefwef/docs/other/1093168354/repo/master/.xml/specs_fusco_protocol.xml"
Reading XML for "/home/pete/wefwefwef/docs/other/1093168354/repo/master/.xml/specs_fusco_cp.xml"
Reading XML for "/home/pete/wefwefwef/docs/other/1093168354/repo/master/.xml/specs_fusco_binary.xml"
Generating HTML - fusco "/home/pete/wefwefwef/docs/other/1093168354/repo/master/.xml/fusco/fusco.xml"
Reading XML for "/home/pete/wefwefwef/docs/other/1093168354/repo/master/.xml/fusco/fusco.xml"
Reading XML for "/home/pete/wefwefwef/docs/other/1093168354/repo/master/.xml/specs_fusco.xml"
Generating HTML - fusco_lib "/home/pete/wefwefwef/docs/other/1093168354/repo/master/.xml/fusco/fusco_lib.xml"
Reading XML for "/home/pete/wefwefwef/docs/other/1093168354/repo/master/.xml/fusco/fusco_lib.xml"
Reading XML for "/home/pete/wefwefwef/docs/other/1093168354/repo/master/.xml/specs_fusco_lib.xml"
Creating index.html ...
Creating erldocs_index.js ...
Woot, finished in 0 Minutes 1 Seconds
 :: Discovering other repos
$ 5000  `rm -r '/home/pete/wefwefwef/docs/other/1093168354/fusco-branch-master'  2>&1`
 :: Erldocs finishing up
$ 5000  `rm -r '/home/pete/wefwefwef/docs/other/1093168354/fusco'  2>&1`
