 :: Extracting meta information
$ 5000  `git ls-remote --heads --tags 'https://github.com/davidalphafox/hasher'  2>&1`
>>> [repo] 1 branches, 0 tags
 :: Writing meta to "/home/pete/wefwefwef/docs/other/5381256039/meta.txt"
 :: Processing https://github.com/davidalphafox/hasher	{rev,branch,"master","289dc52d7532b585553b47754ae3fb21b0e987f0",undefined,[],[]}
 :: Fetching repo code
$ cd "/home/pete/wefwefwef/docs/other/5381256039/hasher-branch-master/hasher"
$ infinity  `curl --fail --silent --show-error --location --output 'master.zip' 'https://github.com/davidalphafox/hasher/archive/master.zip'  2>&1`
$ cd "/home/pete/wefwefwef/docs/erldocs_other.git"
$ cd "/home/pete/wefwefwef/docs/other/5381256039/hasher-branch-master/hasher"
$ 5000  `find -P . -type l -delete  2>&1`
$ cd "/home/pete/wefwefwef/docs/erldocs_other.git"
$ cd "/home/pete/wefwefwef/docs/other/5381256039/hasher-branch-master/hasher"
$ 5000  `find 'hasher-master' -mindepth 1 -maxdepth 1 -exec mv -t . -- {} +  2>&1`
$ cd "/home/pete/wefwefwef/docs/erldocs_other.git"
 :: Getting dependencies
$ cd "/home/pete/wefwefwef/docs/other/5381256039/hasher-branch-master/hasher"
$ 5000  `ls -1 deps/  2>&1`
$ cd "/home/pete/wefwefwef/docs/erldocs_other.git"
>>> [rebar] deps = []
 :: Generating erldocs into /home/pete/wefwefwef/docs/other/5381256039/repo/master
Building hasher
Generating Type Specs - "/home/pete/wefwefwef/docs/other/5381256039/hasher-branch-master/hasher/src/hasher.erl"
Generating XML for application hasher "/home/pete/wefwefwef/docs/other/5381256039/hasher-branch-master/hasher" -> "/home/pete/wefwefwef/docs/other/5381256039/repo/master/.xml/hasher"
Generated hasher XMLs: ["/home/pete/wefwefwef/docs/other/5381256039/repo/master/.xml/hasher/hasher.xml"]
Generating HTML - hasher "/home/pete/wefwefwef/docs/other/5381256039/repo/master/.xml/hasher/hasher.xml"
Reading XML for "/home/pete/wefwefwef/docs/other/5381256039/repo/master/.xml/hasher/hasher.xml"
Reading XML for "/home/pete/wefwefwef/docs/other/5381256039/repo/master/.xml/specs_hasher.xml"
Creating index.html ...
Creating erldocs_index.js ...
Woot, finished in 0 Minutes 0 Seconds
 :: Discovering other repos
$ 5000  `rm -r '/home/pete/wefwefwef/docs/other/5381256039/hasher-branch-master'  2>&1`
 :: Finishing up
$ 5000  `rm -r '/home/pete/wefwefwef/docs/other/5381256039/hasher'  2>&1`
