 :: Extracting meta information
$ 5000  `git ls-remote --heads --tags 'https://github.com/jlarky/erlang-oauth-2.0'  2>&1`
>>> [repo] 1 branches, 0 tags
 :: Writing meta to "/home/pete/wefwefwef/docs/other/2144032773/meta.txt"
 :: Processing https://github.com/jlarky/erlang-oauth-2.0	{rev,branch,"master","4574f25a8fe7d8d6261f9a8f4ae84100315b821d"}
 :: Fetching repo code
$ cd "/home/pete/wefwefwef/docs/other/2144032773/erlang-oauth-2.0-branch-master/erlang-oauth-2.0"
$ infinity  `curl --fail --silent --show-error --location --output 'master.zip' 'https://github.com/jlarky/erlang-oauth-2.0/archive/master.zip'  2>&1`
$ cd "/home/pete/wefwefwef/docs/erldocs_other.git"
$ cd "/home/pete/wefwefwef/docs/other/2144032773/erlang-oauth-2.0-branch-master/erlang-oauth-2.0"
$ 5000  `find -P . -type l -delete  2>&1`
$ cd "/home/pete/wefwefwef/docs/erldocs_other.git"
$ cd "/home/pete/wefwefwef/docs/other/2144032773/erlang-oauth-2.0-branch-master/erlang-oauth-2.0"
$ 5000  `find 'erlang-oauth-2.0-master' -mindepth 1 -maxdepth 1 -exec mv -t . -- {} +  2>&1`
$ cd "/home/pete/wefwefwef/docs/erldocs_other.git"
 :: Getting dependencies
$ cd "/home/pete/wefwefwef/docs/other/2144032773/erlang-oauth-2.0-branch-master/erlang-oauth-2.0"
$ 5000  `ls -1 deps/  2>&1`
$ cd "/home/pete/wefwefwef/docs/erldocs_other.git"
>>> [rebar] deps = []
 :: Generating erldocs into /home/pete/wefwefwef/docs/other/2144032773/repo/master
Building erlang-oauth-2.0
Generating Type Specs - "/home/pete/wefwefwef/docs/other/2144032773/erlang-oauth-2.0-branch-master/erlang-oauth-2.0/src/erl_oauth2.erl"
Generating XML for application erlang-oauth-2.0 "/home/pete/wefwefwef/docs/other/2144032773/erlang-oauth-2.0-branch-master/erlang-oauth-2.0" -> "/home/pete/wefwefwef/docs/other/2144032773/repo/master/.xml/erlang-oauth-2.0"
Generated erlang-oauth-2.0 XMLs: ["/home/pete/wefwefwef/docs/other/2144032773/repo/master/.xml/erlang-oauth-2.0/erl_oauth2.xml"]
Generating HTML - erl_oauth2 "/home/pete/wefwefwef/docs/other/2144032773/repo/master/.xml/erlang-oauth-2.0/erl_oauth2.xml"
Reading XML for "/home/pete/wefwefwef/docs/other/2144032773/repo/master/.xml/erlang-oauth-2.0/erl_oauth2.xml"
Reading XML for "/home/pete/wefwefwef/docs/other/2144032773/repo/master/.xml/specs_erl_oauth2.xml"
Creating index.html ...
Creating erldocs_index.js ...
Woot, finished in 0 Minutes 0 Seconds
 :: Discovering other repos
$ 5000  `rm -r '/home/pete/wefwefwef/docs/other/2144032773/erlang-oauth-2.0-branch-master'  2>&1`
 :: Erldocs finishing up
$ 5000  `rm -r '/home/pete/wefwefwef/docs/other/2144032773/erlang-oauth-2.0'  2>&1`
