 :: Extracting meta information
$ 5000  `git ls-remote --heads --tags 'https://github.com/seansawyer/erlzmq2'  2>&1`
>>> [repo] 3 branches, 0 tags
 :: Writing meta to "/home/pete/wefwefwef/docs/other/2852490183/meta.txt"
 :: Processing https://github.com/seansawyer/erlzmq2	{rev,branch,"2-1","3a36833c89f9709b9ce0b67352a686fa3de1a7d9",undefined,[],[]}
 :: Fetching repo code
$ cd "/home/pete/wefwefwef/docs/other/2852490183/erlzmq2-branch-2-1/erlzmq2"
$ infinity  `curl --fail --silent --show-error --location --output '2-1.zip' 'https://github.com/seansawyer/erlzmq2/archive/2-1.zip'  2>&1`
$ cd "/home/pete/wefwefwef/docs/erldocs_other.git"
$ cd "/home/pete/wefwefwef/docs/other/2852490183/erlzmq2-branch-2-1/erlzmq2"
$ 5000  `find -P . -type l -delete  2>&1`
$ cd "/home/pete/wefwefwef/docs/erldocs_other.git"
$ cd "/home/pete/wefwefwef/docs/other/2852490183/erlzmq2-branch-2-1/erlzmq2"
$ 5000  `find 'erlzmq2-2-1' -mindepth 1 -maxdepth 1 -exec mv -t . -- {} +  2>&1`
$ cd "/home/pete/wefwefwef/docs/erldocs_other.git"
 :: Getting dependencies
$ cd "/home/pete/wefwefwef/docs/other/2852490183/erlzmq2-branch-2-1/erlzmq2"
$ 5000  `ls -1 deps/  2>&1`
$ cd "/home/pete/wefwefwef/docs/erldocs_other.git"
>>> [rebar] deps = []
 :: Generating erldocs into /home/pete/wefwefwef/docs/other/2852490183/repo/2-1
Building erlzmq2
Generating Type Specs - "/home/pete/wefwefwef/docs/other/2852490183/erlzmq2-branch-2-1/erlzmq2/src/erlzmq.erl"
Generating Type Specs - "/home/pete/wefwefwef/docs/other/2852490183/erlzmq2-branch-2-1/erlzmq2/src/erlzmq_nif.erl"
Generating XML for application erlzmq2 "/home/pete/wefwefwef/docs/other/2852490183/erlzmq2-branch-2-1/erlzmq2" -> "/home/pete/wefwefwef/docs/other/2852490183/repo/2-1/.xml/erlzmq2"
Generated erlzmq2 XMLs: ["/home/pete/wefwefwef/docs/other/2852490183/repo/2-1/.xml/erlzmq2/erlzmq.xml"]
Generating HTML - erlzmq "/home/pete/wefwefwef/docs/other/2852490183/repo/2-1/.xml/erlzmq2/erlzmq.xml"
Reading XML for "/home/pete/wefwefwef/docs/other/2852490183/repo/2-1/.xml/erlzmq2/erlzmq.xml"
Reading XML for "/home/pete/wefwefwef/docs/other/2852490183/repo/2-1/.xml/specs_erlzmq.xml"
Creating index.html ...
Creating erldocs_index.js ...
Woot, finished in 0 Minutes 0 Seconds
 :: Discovering other repos
$ 5000  `rm -r '/home/pete/wefwefwef/docs/other/2852490183/erlzmq2-branch-2-1'  2>&1`
 :: Processing https://github.com/seansawyer/erlzmq2	{rev,branch,"gh-pages","a796a9eecfc513944cdc0c8cb886a550466e3b93",undefined,[],[]}
 :: Fetching repo code
$ cd "/home/pete/wefwefwef/docs/other/2852490183/erlzmq2-branch-gh-pages/erlzmq2"
$ infinity  `curl --fail --silent --show-error --location --output 'gh-pages.zip' 'https://github.com/seansawyer/erlzmq2/archive/gh-pages.zip'  2>&1`
$ cd "/home/pete/wefwefwef/docs/erldocs_other.git"
$ cd "/home/pete/wefwefwef/docs/other/2852490183/erlzmq2-branch-gh-pages/erlzmq2"
$ 5000  `find -P . -type l -delete  2>&1`
$ cd "/home/pete/wefwefwef/docs/erldocs_other.git"
$ cd "/home/pete/wefwefwef/docs/other/2852490183/erlzmq2-branch-gh-pages/erlzmq2"
$ 5000  `find 'erlzmq2-gh-pages' -mindepth 1 -maxdepth 1 -exec mv -t . -- {} +  2>&1`
$ cd "/home/pete/wefwefwef/docs/erldocs_other.git"
 :: Getting dependencies
 :: Generating erldocs into /home/pete/wefwefwef/docs/other/2852490183/repo/gh-pages
Building erlzmq2
Generating XML for application erlzmq2 "/home/pete/wefwefwef/docs/other/2852490183/erlzmq2-branch-gh-pages/erlzmq2" -> "/home/pete/wefwefwef/docs/other/2852490183/repo/gh-pages/.xml/erlzmq2"
Generated erlzmq2 XMLs: []
No documentation was generated!
Woot, finished in 0 Minutes 0 Seconds
 :: Discovering other repos
$ 5000  `rm -r '/home/pete/wefwefwef/docs/other/2852490183/erlzmq2-branch-gh-pages'  2>&1`
 :: Processing https://github.com/seansawyer/erlzmq2	{rev,branch,"master","a020028eae17cca2fe972ea9c2e5c07f3a028237",undefined,[],[]}
 :: Fetching repo code
$ cd "/home/pete/wefwefwef/docs/other/2852490183/erlzmq2-branch-master/erlzmq2"
$ infinity  `curl --fail --silent --show-error --location --output 'master.zip' 'https://github.com/seansawyer/erlzmq2/archive/master.zip'  2>&1`
$ cd "/home/pete/wefwefwef/docs/erldocs_other.git"
$ cd "/home/pete/wefwefwef/docs/other/2852490183/erlzmq2-branch-master/erlzmq2"
$ 5000  `find -P . -type l -delete  2>&1`
$ cd "/home/pete/wefwefwef/docs/erldocs_other.git"
$ cd "/home/pete/wefwefwef/docs/other/2852490183/erlzmq2-branch-master/erlzmq2"
$ 5000  `find 'erlzmq2-master' -mindepth 1 -maxdepth 1 -exec mv -t . -- {} +  2>&1`
$ cd "/home/pete/wefwefwef/docs/erldocs_other.git"
 :: Getting dependencies
$ cd "/home/pete/wefwefwef/docs/other/2852490183/erlzmq2-branch-master/erlzmq2"
$ 5000  `ls -1 deps/  2>&1`
$ cd "/home/pete/wefwefwef/docs/erldocs_other.git"
>>> [rebar] deps = []
 :: Generating erldocs into /home/pete/wefwefwef/docs/other/2852490183/repo/master
Building erlzmq2
Generating Type Specs - "/home/pete/wefwefwef/docs/other/2852490183/erlzmq2-branch-master/erlzmq2/src/erlzmq.erl"
Generating Type Specs - "/home/pete/wefwefwef/docs/other/2852490183/erlzmq2-branch-master/erlzmq2/src/erlzmq_nif.erl"
Generating XML for application erlzmq2 "/home/pete/wefwefwef/docs/other/2852490183/erlzmq2-branch-master/erlzmq2" -> "/home/pete/wefwefwef/docs/other/2852490183/repo/master/.xml/erlzmq2"
Generated erlzmq2 XMLs: ["/home/pete/wefwefwef/docs/other/2852490183/repo/master/.xml/erlzmq2/erlzmq.xml"]
Generating HTML - erlzmq "/home/pete/wefwefwef/docs/other/2852490183/repo/master/.xml/erlzmq2/erlzmq.xml"
Reading XML for "/home/pete/wefwefwef/docs/other/2852490183/repo/master/.xml/erlzmq2/erlzmq.xml"
Reading XML for "/home/pete/wefwefwef/docs/other/2852490183/repo/master/.xml/specs_erlzmq.xml"
Creating index.html ...
Creating erldocs_index.js ...
Woot, finished in 0 Minutes 0 Seconds
 :: Discovering other repos
$ 5000  `rm -r '/home/pete/wefwefwef/docs/other/2852490183/erlzmq2-branch-master'  2>&1`
 :: Finishing up
$ 5000  `rm -r '/home/pete/wefwefwef/docs/other/2852490183/erlzmq2'  2>&1`
$ 5000  `rm -r '/home/pete/wefwefwef/docs/other/2852490183/repo/gh-pages'  2>&1`
