 :: Extracting meta information
$ cd '.'
$ infinity  `git ls-remote --heads --tags https://github.com/henglinli/base`
>>> [repo] 1 branches, 0 tags
 :: Writing meta to "/home/pete/wefwefwef/docs/other/78ced79ed3c612d546bb6a5873aa09a48611f90e/meta.txt"
 :: Processing https://github.com/henglinli/base	{rev,branch,"master","35f86de4f53950ae564215f6db9c070c356e8e13",undefined,[],[]}
 :: Fetching repo code
$ cd '/home/pete/wefwefwef/docs/other/78ced79ed3c612d546bb6a5873aa09a48611f90e/base-branch-master'
$ infinity  `curl --fail --silent --show-error --location --output repo.tar.gz https://codeload.github.com/henglinli/base/tar.gz/master`
$ cd '/home/pete/wefwefwef/docs/other/78ced79ed3c612d546bb6a5873aa09a48611f90e/base-branch-master/base-master'
$ 5000  `find -P . -type l -delete`
$ cd '.'
$ 5000  `mv /home/pete/wefwefwef/docs/other/78ced79ed3c612d546bb6a5873aa09a48611f90e/base-branch-master/base-master /home/pete/wefwefwef/docs/other/78ced79ed3c612d546bb6a5873aa09a48611f90e/base-branch-master/base`
 :: Getting dependencies
$ cd '/home/pete/wefwefwef/docs/other/78ced79ed3c612d546bb6a5873aa09a48611f90e/base-branch-master/base'
$ infinity  `git submodule update --init --recursive`
 :: Generating erldocs into /home/pete/wefwefwef/docs/other/78ced79ed3c612d546bb6a5873aa09a48611f90e/repo/master
Building base
Generating XML for application base "/home/pete/wefwefwef/docs/other/78ced79ed3c612d546bb6a5873aa09a48611f90e/base-branch-master/base" -> "/home/pete/wefwefwef/docs/other/78ced79ed3c612d546bb6a5873aa09a48611f90e/repo/master/.xml/base"
Generated base XMLs: []
No documentation was generated!
Woot, finished in 0 Minutes 0 Seconds
 :: Discovering other repos
$ cd '.'
$ 5000  `rm -r /home/pete/wefwefwef/docs/other/78ced79ed3c612d546bb6a5873aa09a48611f90e/base-branch-master`
 :: Finishing up
$ cd '.'
$ 5000  `rm -r /home/pete/wefwefwef/docs/other/78ced79ed3c612d546bb6a5873aa09a48611f90e/base`
$ cd '.'
$ 5000  `rm -r /home/pete/wefwefwef/docs/other/78ced79ed3c612d546bb6a5873aa09a48611f90e/repo/master`
