 :: Extracting meta information
$ 5000  `git ls-remote --heads --tags 'https://github.com/hyperthunk/slx'  2>&1`
>>> [repo] 1 branches, 0 tags
 :: Writing meta to "/home/pete/wefwefwef/docs/other/7649341298/meta.txt"
 :: Processing https://github.com/hyperthunk/slx	{rev,branch,"master","b5651a4fa94b111009096cb04da3928131783994"}
 :: Fetching repo code
$ cd "/home/pete/wefwefwef/docs/other/7649341298/slx-branch-master/slx"
$ infinity  `curl --fail --silent --show-error --location --output 'master.zip' 'https://github.com/hyperthunk/slx/archive/master.zip'  2>&1`
$ cd "/home/pete/wefwefwef/docs/erldocs_other.git"
$ cd "/home/pete/wefwefwef/docs/other/7649341298/slx-branch-master/slx"
$ 5000  `find -P . -type l -delete  2>&1`
$ cd "/home/pete/wefwefwef/docs/erldocs_other.git"
$ cd "/home/pete/wefwefwef/docs/other/7649341298/slx-branch-master/slx"
$ 5000  `find 'slx-master' -mindepth 1 -maxdepth 1 -exec mv -t . -- {} +  2>&1`
$ cd "/home/pete/wefwefwef/docs/erldocs_other.git"
 :: Getting dependencies
$ cd "/home/pete/wefwefwef/docs/other/7649341298/slx-branch-master/slx"
$ 5000  `ls -1 deps/  2>&1`
$ cd "/home/pete/wefwefwef/docs/erldocs_other.git"
>>> [rebar] deps = []
 :: Generating erldocs into /home/pete/wefwefwef/docs/other/7649341298/repo/master
Building slx
Generating Type Specs - "/home/pete/wefwefwef/docs/other/7649341298/slx-branch-master/slx/src/slx.erl"
Generating XML for application slx "/home/pete/wefwefwef/docs/other/7649341298/slx-branch-master/slx" -> "/home/pete/wefwefwef/docs/other/7649341298/repo/master/.xml/slx"
Generated slx XMLs: ["/home/pete/wefwefwef/docs/other/7649341298/repo/master/.xml/slx/slx.xml"]
Generating HTML - slx "/home/pete/wefwefwef/docs/other/7649341298/repo/master/.xml/slx/slx.xml"
Reading XML for "/home/pete/wefwefwef/docs/other/7649341298/repo/master/.xml/slx/slx.xml"
Reading XML for "/home/pete/wefwefwef/docs/other/7649341298/repo/master/.xml/specs_slx.xml"
Creating index.html ...
Creating erldocs_index.js ...
Woot, finished in 0 Minutes 0 Seconds
 :: Discovering other repos
$ 5000  `rm -r '/home/pete/wefwefwef/docs/other/7649341298/slx-branch-master'  2>&1`
 :: Erldocs finishing up
$ 5000  `rm -r '/home/pete/wefwefwef/docs/other/7649341298/slx'  2>&1`
