 :: Extracting meta information
$ infinity  `git ls-remote --heads --tags 'https://github.com/opscode/erlang-bcrypt'  2>&1`
>>> [repo] 3 branches, 7 tags
 :: Writing meta to "/home/pete/wefwefwef/docs/other/ff74cfc675ea410cf3501f0f161e795e/meta.txt"
 :: Processing https://github.com/opscode/erlang-bcrypt	{rev,branch,"rebar-config-cleanup","258a8f8d836e2430102d1214f9562f88c1c9a719",undefined,[],[]}
 :: Fetching repo code
$ cd '/home/pete/wefwefwef/docs/other/ff74cfc675ea410cf3501f0f161e795e/erlang-bcrypt-branch-rebar-config-cleanup'
$ infinity  `curl --fail --silent --show-error --location --output repo.tar.gz 'https://codeload.github.com/opscode/erlang-bcrypt/legacy.tar.gz/rebar-config-cleanup'  2>&1`
$ cd '/home/pete/wefwefwef/docs/erldocs_other.git'
$ cd '/home/pete/wefwefwef/docs/other/ff74cfc675ea410cf3501f0f161e795e/erlang-bcrypt-branch-rebar-config-cleanup/chef-erlang-bcrypt-258a8f8'
$ 5000  `find -P . -type l -delete  2>&1`
$ cd '/home/pete/wefwefwef/docs/erldocs_other.git'
$ 5000  `mv '/home/pete/wefwefwef/docs/other/ff74cfc675ea410cf3501f0f161e795e/erlang-bcrypt-branch-rebar-config-cleanup/chef-erlang-bcrypt-258a8f8' '/home/pete/wefwefwef/docs/other/ff74cfc675ea410cf3501f0f161e795e/erlang-bcrypt-branch-rebar-config-cleanup/erlang-bcrypt'  2>&1`
 :: Getting dependencies
$ cd '/home/pete/wefwefwef/docs/other/ff74cfc675ea410cf3501f0f161e795e/erlang-bcrypt-branch-rebar-config-cleanup/erlang-bcrypt'
$ 5000  `ls -1 deps/  2>&1`
$ cd '/home/pete/wefwefwef/docs/erldocs_other.git'
>>> [rebar] deps = []
 :: Generating erldocs into /home/pete/wefwefwef/docs/other/ff74cfc675ea410cf3501f0f161e795e/repo/rebar-config-cleanup
Building erlang-bcrypt
Generating Type Specs - "/home/pete/wefwefwef/docs/other/ff74cfc675ea410cf3501f0f161e795e/erlang-bcrypt-branch-rebar-config-cleanup/erlang-bcrypt/src/bcrypt.erl"
Generating Type Specs - "/home/pete/wefwefwef/docs/other/ff74cfc675ea410cf3501f0f161e795e/erlang-bcrypt-branch-rebar-config-cleanup/erlang-bcrypt/src/bcrypt_app.erl"
Generating Type Specs - "/home/pete/wefwefwef/docs/other/ff74cfc675ea410cf3501f0f161e795e/erlang-bcrypt-branch-rebar-config-cleanup/erlang-bcrypt/src/bcrypt_nif.erl"
Generating Type Specs - "/home/pete/wefwefwef/docs/other/ff74cfc675ea410cf3501f0f161e795e/erlang-bcrypt-branch-rebar-config-cleanup/erlang-bcrypt/src/bcrypt_nif_worker.erl"
Generating Type Specs - "/home/pete/wefwefwef/docs/other/ff74cfc675ea410cf3501f0f161e795e/erlang-bcrypt-branch-rebar-config-cleanup/erlang-bcrypt/src/bcrypt_pool.erl"
Generating Type Specs - "/home/pete/wefwefwef/docs/other/ff74cfc675ea410cf3501f0f161e795e/erlang-bcrypt-branch-rebar-config-cleanup/erlang-bcrypt/src/bcrypt_port.erl"
Generating Type Specs - "/home/pete/wefwefwef/docs/other/ff74cfc675ea410cf3501f0f161e795e/erlang-bcrypt-branch-rebar-config-cleanup/erlang-bcrypt/src/bcrypt_port_sup.erl"
Generating Type Specs - "/home/pete/wefwefwef/docs/other/ff74cfc675ea410cf3501f0f161e795e/erlang-bcrypt-branch-rebar-config-cleanup/erlang-bcrypt/src/bcrypt_sup.erl"
Generating XML for application erlang-bcrypt "/home/pete/wefwefwef/docs/other/ff74cfc675ea410cf3501f0f161e795e/erlang-bcrypt-branch-rebar-config-cleanup/erlang-bcrypt" -> "/home/pete/wefwefwef/docs/other/ff74cfc675ea410cf3501f0f161e795e/repo/rebar-config-cleanup/.xml/erlang-bcrypt"
Generated erlang-bcrypt XMLs: ["/home/pete/wefwefwef/docs/other/ff74cfc675ea410cf3501f0f161e795e/repo/rebar-config-cleanup/.xml/erlang-bcrypt/bcrypt_nif.xml",
                               "/home/pete/wefwefwef/docs/other/ff74cfc675ea410cf3501f0f161e795e/repo/rebar-config-cleanup/.xml/erlang-bcrypt/bcrypt_nif_worker.xml",
                               "/home/pete/wefwefwef/docs/other/ff74cfc675ea410cf3501f0f161e795e/repo/rebar-config-cleanup/.xml/erlang-bcrypt/bcrypt_app.xml",
                               "/home/pete/wefwefwef/docs/other/ff74cfc675ea410cf3501f0f161e795e/repo/rebar-config-cleanup/.xml/erlang-bcrypt/bcrypt_pool.xml",
                               "/home/pete/wefwefwef/docs/other/ff74cfc675ea410cf3501f0f161e795e/repo/rebar-config-cleanup/.xml/erlang-bcrypt/bcrypt.xml",
                               "/home/pete/wefwefwef/docs/other/ff74cfc675ea410cf3501f0f161e795e/repo/rebar-config-cleanup/.xml/erlang-bcrypt/bcrypt_port.xml",
                               "/home/pete/wefwefwef/docs/other/ff74cfc675ea410cf3501f0f161e795e/repo/rebar-config-cleanup/.xml/erlang-bcrypt/bcrypt_port_sup.xml",
                               "/home/pete/wefwefwef/docs/other/ff74cfc675ea410cf3501f0f161e795e/repo/rebar-config-cleanup/.xml/erlang-bcrypt/bcrypt_sup.xml"]
Generating HTML - bcrypt_nif_worker "/home/pete/wefwefwef/docs/other/ff74cfc675ea410cf3501f0f161e795e/repo/rebar-config-cleanup/.xml/erlang-bcrypt/bcrypt_nif_worker.xml"
Generating HTML - bcrypt_pool "/home/pete/wefwefwef/docs/other/ff74cfc675ea410cf3501f0f161e795e/repo/rebar-config-cleanup/.xml/erlang-bcrypt/bcrypt_pool.xml"
Generating HTML - bcrypt_port "/home/pete/wefwefwef/docs/other/ff74cfc675ea410cf3501f0f161e795e/repo/rebar-config-cleanup/.xml/erlang-bcrypt/bcrypt_port.xml"
Generating HTML - bcrypt_sup "/home/pete/wefwefwef/docs/other/ff74cfc675ea410cf3501f0f161e795e/repo/rebar-config-cleanup/.xml/erlang-bcrypt/bcrypt_sup.xml"
Reading XML for "/home/pete/wefwefwef/docs/other/ff74cfc675ea410cf3501f0f161e795e/repo/rebar-config-cleanup/.xml/erlang-bcrypt/bcrypt_nif_worker.xml"
Reading XML for "/home/pete/wefwefwef/docs/other/ff74cfc675ea410cf3501f0f161e795e/repo/rebar-config-cleanup/.xml/erlang-bcrypt/bcrypt_pool.xml"
Reading XML for "/home/pete/wefwefwef/docs/other/ff74cfc675ea410cf3501f0f161e795e/repo/rebar-config-cleanup/.xml/erlang-bcrypt/bcrypt_port.xml"
Reading XML for "/home/pete/wefwefwef/docs/other/ff74cfc675ea410cf3501f0f161e795e/repo/rebar-config-cleanup/.xml/erlang-bcrypt/bcrypt_sup.xml"
Reading XML for "/home/pete/wefwefwef/docs/other/ff74cfc675ea410cf3501f0f161e795e/repo/rebar-config-cleanup/.xml/specs_bcrypt_nif_worker.xml"
Generating HTML - bcrypt_nif "/home/pete/wefwefwef/docs/other/ff74cfc675ea410cf3501f0f161e795e/repo/rebar-config-cleanup/.xml/erlang-bcrypt/bcrypt_nif.xml"
Reading XML for "/home/pete/wefwefwef/docs/other/ff74cfc675ea410cf3501f0f161e795e/repo/rebar-config-cleanup/.xml/erlang-bcrypt/bcrypt_nif.xml"
Reading XML for "/home/pete/wefwefwef/docs/other/ff74cfc675ea410cf3501f0f161e795e/repo/rebar-config-cleanup/.xml/specs_bcrypt_port.xml"
Reading XML for "/home/pete/wefwefwef/docs/other/ff74cfc675ea410cf3501f0f161e795e/repo/rebar-config-cleanup/.xml/specs_bcrypt_sup.xml"
Reading XML for "/home/pete/wefwefwef/docs/other/ff74cfc675ea410cf3501f0f161e795e/repo/rebar-config-cleanup/.xml/specs_bcrypt_pool.xml"
Generating HTML - bcrypt_port_sup "/home/pete/wefwefwef/docs/other/ff74cfc675ea410cf3501f0f161e795e/repo/rebar-config-cleanup/.xml/erlang-bcrypt/bcrypt_port_sup.xml"
Reading XML for "/home/pete/wefwefwef/docs/other/ff74cfc675ea410cf3501f0f161e795e/repo/rebar-config-cleanup/.xml/erlang-bcrypt/bcrypt_port_sup.xml"
Generating HTML - bcrypt "/home/pete/wefwefwef/docs/other/ff74cfc675ea410cf3501f0f161e795e/repo/rebar-config-cleanup/.xml/erlang-bcrypt/bcrypt.xml"
Reading XML for "/home/pete/wefwefwef/docs/other/ff74cfc675ea410cf3501f0f161e795e/repo/rebar-config-cleanup/.xml/erlang-bcrypt/bcrypt.xml"
Generating HTML - bcrypt_app "/home/pete/wefwefwef/docs/other/ff74cfc675ea410cf3501f0f161e795e/repo/rebar-config-cleanup/.xml/erlang-bcrypt/bcrypt_app.xml"
Reading XML for "/home/pete/wefwefwef/docs/other/ff74cfc675ea410cf3501f0f161e795e/repo/rebar-config-cleanup/.xml/erlang-bcrypt/bcrypt_app.xml"
Reading XML for "/home/pete/wefwefwef/docs/other/ff74cfc675ea410cf3501f0f161e795e/repo/rebar-config-cleanup/.xml/specs_bcrypt.xml"
Reading XML for "/home/pete/wefwefwef/docs/other/ff74cfc675ea410cf3501f0f161e795e/repo/rebar-config-cleanup/.xml/specs_bcrypt_port_sup.xml"
Reading XML for "/home/pete/wefwefwef/docs/other/ff74cfc675ea410cf3501f0f161e795e/repo/rebar-config-cleanup/.xml/specs_bcrypt_nif.xml"
Reading XML for "/home/pete/wefwefwef/docs/other/ff74cfc675ea410cf3501f0f161e795e/repo/rebar-config-cleanup/.xml/specs_bcrypt_app.xml"
Creating index.html ...
Creating erldocs_index.js ...
Woot, finished in 0 Minutes 0 Seconds
 :: Discovering other repos
$ 5000  `rm -r '/home/pete/wefwefwef/docs/other/ff74cfc675ea410cf3501f0f161e795e/erlang-bcrypt-branch-rebar-config-cleanup'  2>&1`
 :: Processing https://github.com/opscode/erlang-bcrypt	{rev,branch,"of/OC-8549","a239e7e40a8e338689bbcd7b648154996ca8353f",undefined,[],[]}
 :: Fetching repo code
$ cd '/home/pete/wefwefwef/docs/other/ff74cfc675ea410cf3501f0f161e795e/erlang-bcrypt-branch-of_OC-8549'
$ infinity  `curl --fail --silent --show-error --location --output repo.tar.gz 'https://codeload.github.com/opscode/erlang-bcrypt/legacy.tar.gz/of/OC-8549'  2>&1`
$ cd '/home/pete/wefwefwef/docs/erldocs_other.git'
$ cd '/home/pete/wefwefwef/docs/other/ff74cfc675ea410cf3501f0f161e795e/erlang-bcrypt-branch-of_OC-8549/chef-erlang-bcrypt-a239e7e'
$ 5000  `find -P . -type l -delete  2>&1`
$ cd '/home/pete/wefwefwef/docs/erldocs_other.git'
$ 5000  `mv '/home/pete/wefwefwef/docs/other/ff74cfc675ea410cf3501f0f161e795e/erlang-bcrypt-branch-of_OC-8549/chef-erlang-bcrypt-a239e7e' '/home/pete/wefwefwef/docs/other/ff74cfc675ea410cf3501f0f161e795e/erlang-bcrypt-branch-of_OC-8549/erlang-bcrypt'  2>&1`
 :: Getting dependencies
$ cd '/home/pete/wefwefwef/docs/other/ff74cfc675ea410cf3501f0f161e795e/erlang-bcrypt-branch-of_OC-8549/erlang-bcrypt'
$ infinity  `rebar --config '/home/pete/wefwefwef/docs/other/ff74cfc675ea410cf3501f0f161e795e/erlang-bcrypt-branch-of_OC-8549/rebar_deps' get-deps  2>&1`
$ cd '/home/pete/wefwefwef/docs/erldocs_other.git'
$ cd '/home/pete/wefwefwef/docs/other/ff74cfc675ea410cf3501f0f161e795e/erlang-bcrypt-branch-of_OC-8549/erlang-bcrypt'
$ 5000  `find -P . -type l -delete  2>&1`
$ cd '/home/pete/wefwefwef/docs/erldocs_other.git'
$ cd '/home/pete/wefwefwef/docs/other/ff74cfc675ea410cf3501f0f161e795e/erlang-bcrypt-branch-of_OC-8549/erlang-bcrypt'
$ 5000  `ls -1 deps/  2>&1`
$ cd '/home/pete/wefwefwef/docs/erldocs_other.git'
>>> [rebar] deps = ["envy"]
 :: Generating erldocs into /home/pete/wefwefwef/docs/other/ff74cfc675ea410cf3501f0f161e795e/repo/of/OC-8549
Building erlang-bcrypt
Generating Type Specs - "/home/pete/wefwefwef/docs/other/ff74cfc675ea410cf3501f0f161e795e/erlang-bcrypt-branch-of_OC-8549/erlang-bcrypt/src/bcrypt.erl"
Generating Type Specs - "/home/pete/wefwefwef/docs/other/ff74cfc675ea410cf3501f0f161e795e/erlang-bcrypt-branch-of_OC-8549/erlang-bcrypt/src/bcrypt_app.erl"
Generating Type Specs - "/home/pete/wefwefwef/docs/other/ff74cfc675ea410cf3501f0f161e795e/erlang-bcrypt-branch-of_OC-8549/erlang-bcrypt/src/bcrypt_nif.erl"
Generating Type Specs - "/home/pete/wefwefwef/docs/other/ff74cfc675ea410cf3501f0f161e795e/erlang-bcrypt-branch-of_OC-8549/erlang-bcrypt/src/bcrypt_nif_worker.erl"
Generating Type Specs - "/home/pete/wefwefwef/docs/other/ff74cfc675ea410cf3501f0f161e795e/erlang-bcrypt-branch-of_OC-8549/erlang-bcrypt/src/bcrypt_pool.erl"
Generating Type Specs - "/home/pete/wefwefwef/docs/other/ff74cfc675ea410cf3501f0f161e795e/erlang-bcrypt-branch-of_OC-8549/erlang-bcrypt/src/bcrypt_port.erl"
Generating Type Specs - "/home/pete/wefwefwef/docs/other/ff74cfc675ea410cf3501f0f161e795e/erlang-bcrypt-branch-of_OC-8549/erlang-bcrypt/src/bcrypt_port_sup.erl"
Generating Type Specs - "/home/pete/wefwefwef/docs/other/ff74cfc675ea410cf3501f0f161e795e/erlang-bcrypt-branch-of_OC-8549/erlang-bcrypt/src/bcrypt_sup.erl"
Generating XML for application erlang-bcrypt "/home/pete/wefwefwef/docs/other/ff74cfc675ea410cf3501f0f161e795e/erlang-bcrypt-branch-of_OC-8549/erlang-bcrypt" -> "/home/pete/wefwefwef/docs/other/ff74cfc675ea410cf3501f0f161e795e/repo/of/OC-8549/.xml/erlang-bcrypt"
Generated erlang-bcrypt XMLs: ["/home/pete/wefwefwef/docs/other/ff74cfc675ea410cf3501f0f161e795e/repo/of/OC-8549/.xml/erlang-bcrypt/bcrypt_nif.xml",
                               "/home/pete/wefwefwef/docs/other/ff74cfc675ea410cf3501f0f161e795e/repo/of/OC-8549/.xml/erlang-bcrypt/bcrypt_nif_worker.xml",
                               "/home/pete/wefwefwef/docs/other/ff74cfc675ea410cf3501f0f161e795e/repo/of/OC-8549/.xml/erlang-bcrypt/bcrypt_app.xml",
                               "/home/pete/wefwefwef/docs/other/ff74cfc675ea410cf3501f0f161e795e/repo/of/OC-8549/.xml/erlang-bcrypt/bcrypt_pool.xml",
                               "/home/pete/wefwefwef/docs/other/ff74cfc675ea410cf3501f0f161e795e/repo/of/OC-8549/.xml/erlang-bcrypt/bcrypt.xml",
                               "/home/pete/wefwefwef/docs/other/ff74cfc675ea410cf3501f0f161e795e/repo/of/OC-8549/.xml/erlang-bcrypt/bcrypt_port.xml",
                               "/home/pete/wefwefwef/docs/other/ff74cfc675ea410cf3501f0f161e795e/repo/of/OC-8549/.xml/erlang-bcrypt/bcrypt_port_sup.xml",
                               "/home/pete/wefwefwef/docs/other/ff74cfc675ea410cf3501f0f161e795e/repo/of/OC-8549/.xml/erlang-bcrypt/bcrypt_sup.xml"]
Generating HTML - bcrypt_nif_worker "/home/pete/wefwefwef/docs/other/ff74cfc675ea410cf3501f0f161e795e/repo/of/OC-8549/.xml/erlang-bcrypt/bcrypt_nif_worker.xml"
Generating HTML - bcrypt_pool "/home/pete/wefwefwef/docs/other/ff74cfc675ea410cf3501f0f161e795e/repo/of/OC-8549/.xml/erlang-bcrypt/bcrypt_pool.xml"
Generating HTML - bcrypt_port "/home/pete/wefwefwef/docs/other/ff74cfc675ea410cf3501f0f161e795e/repo/of/OC-8549/.xml/erlang-bcrypt/bcrypt_port.xml"
Generating HTML - bcrypt_sup "/home/pete/wefwefwef/docs/other/ff74cfc675ea410cf3501f0f161e795e/repo/of/OC-8549/.xml/erlang-bcrypt/bcrypt_sup.xml"
Reading XML for "/home/pete/wefwefwef/docs/other/ff74cfc675ea410cf3501f0f161e795e/repo/of/OC-8549/.xml/erlang-bcrypt/bcrypt_nif_worker.xml"
Reading XML for "/home/pete/wefwefwef/docs/other/ff74cfc675ea410cf3501f0f161e795e/repo/of/OC-8549/.xml/erlang-bcrypt/bcrypt_pool.xml"
Reading XML for "/home/pete/wefwefwef/docs/other/ff74cfc675ea410cf3501f0f161e795e/repo/of/OC-8549/.xml/erlang-bcrypt/bcrypt_port.xml"
Reading XML for "/home/pete/wefwefwef/docs/other/ff74cfc675ea410cf3501f0f161e795e/repo/of/OC-8549/.xml/erlang-bcrypt/bcrypt_sup.xml"
Reading XML for "/home/pete/wefwefwef/docs/other/ff74cfc675ea410cf3501f0f161e795e/repo/of/OC-8549/.xml/specs_bcrypt_nif_worker.xml"
Reading XML for "/home/pete/wefwefwef/docs/other/ff74cfc675ea410cf3501f0f161e795e/repo/of/OC-8549/.xml/specs_bcrypt_port.xml"
Reading XML for "/home/pete/wefwefwef/docs/other/ff74cfc675ea410cf3501f0f161e795e/repo/of/OC-8549/.xml/specs_bcrypt_sup.xml"
Reading XML for "/home/pete/wefwefwef/docs/other/ff74cfc675ea410cf3501f0f161e795e/repo/of/OC-8549/.xml/specs_bcrypt_pool.xml"
Generating HTML - bcrypt "/home/pete/wefwefwef/docs/other/ff74cfc675ea410cf3501f0f161e795e/repo/of/OC-8549/.xml/erlang-bcrypt/bcrypt.xml"
Reading XML for "/home/pete/wefwefwef/docs/other/ff74cfc675ea410cf3501f0f161e795e/repo/of/OC-8549/.xml/erlang-bcrypt/bcrypt.xml"
Generating HTML - bcrypt_port_sup "/home/pete/wefwefwef/docs/other/ff74cfc675ea410cf3501f0f161e795e/repo/of/OC-8549/.xml/erlang-bcrypt/bcrypt_port_sup.xml"
Reading XML for "/home/pete/wefwefwef/docs/other/ff74cfc675ea410cf3501f0f161e795e/repo/of/OC-8549/.xml/erlang-bcrypt/bcrypt_port_sup.xml"
Generating HTML - bcrypt_nif "/home/pete/wefwefwef/docs/other/ff74cfc675ea410cf3501f0f161e795e/repo/of/OC-8549/.xml/erlang-bcrypt/bcrypt_nif.xml"
Reading XML for "/home/pete/wefwefwef/docs/other/ff74cfc675ea410cf3501f0f161e795e/repo/of/OC-8549/.xml/erlang-bcrypt/bcrypt_nif.xml"
Generating HTML - bcrypt_app "/home/pete/wefwefwef/docs/other/ff74cfc675ea410cf3501f0f161e795e/repo/of/OC-8549/.xml/erlang-bcrypt/bcrypt_app.xml"
Reading XML for "/home/pete/wefwefwef/docs/other/ff74cfc675ea410cf3501f0f161e795e/repo/of/OC-8549/.xml/erlang-bcrypt/bcrypt_app.xml"
Reading XML for "/home/pete/wefwefwef/docs/other/ff74cfc675ea410cf3501f0f161e795e/repo/of/OC-8549/.xml/specs_bcrypt.xml"
Reading XML for "/home/pete/wefwefwef/docs/other/ff74cfc675ea410cf3501f0f161e795e/repo/of/OC-8549/.xml/specs_bcrypt_port_sup.xml"
Reading XML for "/home/pete/wefwefwef/docs/other/ff74cfc675ea410cf3501f0f161e795e/repo/of/OC-8549/.xml/specs_bcrypt_app.xml"
Reading XML for "/home/pete/wefwefwef/docs/other/ff74cfc675ea410cf3501f0f161e795e/repo/of/OC-8549/.xml/specs_bcrypt_nif.xml"
Creating index.html ...
Creating erldocs_index.js ...
Woot, finished in 0 Minutes 0 Seconds
 :: Discovering other repos
$ 5000  `rm -r '/home/pete/wefwefwef/docs/other/ff74cfc675ea410cf3501f0f161e795e/erlang-bcrypt-branch-of_OC-8549'  2>&1`
 :: Processing https://github.com/opscode/erlang-bcrypt	{rev,branch,"master","7515e80a5e16f62aef149709f6cc09995dd480be",undefined,[],[]}
 :: Fetching repo code
$ cd '/home/pete/wefwefwef/docs/other/ff74cfc675ea410cf3501f0f161e795e/erlang-bcrypt-branch-master'
$ infinity  `curl --fail --silent --show-error --location --output repo.tar.gz 'https://codeload.github.com/opscode/erlang-bcrypt/legacy.tar.gz/master'  2>&1`
$ cd '/home/pete/wefwefwef/docs/erldocs_other.git'
$ cd '/home/pete/wefwefwef/docs/other/ff74cfc675ea410cf3501f0f161e795e/erlang-bcrypt-branch-master/chef-erlang-bcrypt-7515e80'
$ 5000  `find -P . -type l -delete  2>&1`
$ cd '/home/pete/wefwefwef/docs/erldocs_other.git'
$ 5000  `mv '/home/pete/wefwefwef/docs/other/ff74cfc675ea410cf3501f0f161e795e/erlang-bcrypt-branch-master/chef-erlang-bcrypt-7515e80' '/home/pete/wefwefwef/docs/other/ff74cfc675ea410cf3501f0f161e795e/erlang-bcrypt-branch-master/erlang-bcrypt'  2>&1`
 :: Getting dependencies
$ cd '/home/pete/wefwefwef/docs/other/ff74cfc675ea410cf3501f0f161e795e/erlang-bcrypt-branch-master/erlang-bcrypt'
$ 5000  `ls -1 deps/  2>&1`
$ cd '/home/pete/wefwefwef/docs/erldocs_other.git'
>>> [rebar] deps = []
 :: Generating erldocs into /home/pete/wefwefwef/docs/other/ff74cfc675ea410cf3501f0f161e795e/repo/master
Building erlang-bcrypt
Generating Type Specs - "/home/pete/wefwefwef/docs/other/ff74cfc675ea410cf3501f0f161e795e/erlang-bcrypt-branch-master/erlang-bcrypt/src/bcrypt.erl"
Generating Type Specs - "/home/pete/wefwefwef/docs/other/ff74cfc675ea410cf3501f0f161e795e/erlang-bcrypt-branch-master/erlang-bcrypt/src/bcrypt_app.erl"
Generating Type Specs - "/home/pete/wefwefwef/docs/other/ff74cfc675ea410cf3501f0f161e795e/erlang-bcrypt-branch-master/erlang-bcrypt/src/bcrypt_nif.erl"
Generating Type Specs - "/home/pete/wefwefwef/docs/other/ff74cfc675ea410cf3501f0f161e795e/erlang-bcrypt-branch-master/erlang-bcrypt/src/bcrypt_nif_worker.erl"
Generating Type Specs - "/home/pete/wefwefwef/docs/other/ff74cfc675ea410cf3501f0f161e795e/erlang-bcrypt-branch-master/erlang-bcrypt/src/bcrypt_pool.erl"
Generating Type Specs - "/home/pete/wefwefwef/docs/other/ff74cfc675ea410cf3501f0f161e795e/erlang-bcrypt-branch-master/erlang-bcrypt/src/bcrypt_port.erl"
Generating Type Specs - "/home/pete/wefwefwef/docs/other/ff74cfc675ea410cf3501f0f161e795e/erlang-bcrypt-branch-master/erlang-bcrypt/src/bcrypt_port_sup.erl"
Generating Type Specs - "/home/pete/wefwefwef/docs/other/ff74cfc675ea410cf3501f0f161e795e/erlang-bcrypt-branch-master/erlang-bcrypt/src/bcrypt_sup.erl"
Generating XML for application erlang-bcrypt "/home/pete/wefwefwef/docs/other/ff74cfc675ea410cf3501f0f161e795e/erlang-bcrypt-branch-master/erlang-bcrypt" -> "/home/pete/wefwefwef/docs/other/ff74cfc675ea410cf3501f0f161e795e/repo/master/.xml/erlang-bcrypt"
Generated erlang-bcrypt XMLs: ["/home/pete/wefwefwef/docs/other/ff74cfc675ea410cf3501f0f161e795e/repo/master/.xml/erlang-bcrypt/bcrypt_nif.xml",
                               "/home/pete/wefwefwef/docs/other/ff74cfc675ea410cf3501f0f161e795e/repo/master/.xml/erlang-bcrypt/bcrypt_nif_worker.xml",
                               "/home/pete/wefwefwef/docs/other/ff74cfc675ea410cf3501f0f161e795e/repo/master/.xml/erlang-bcrypt/bcrypt_app.xml",
                               "/home/pete/wefwefwef/docs/other/ff74cfc675ea410cf3501f0f161e795e/repo/master/.xml/erlang-bcrypt/bcrypt_pool.xml",
                               "/home/pete/wefwefwef/docs/other/ff74cfc675ea410cf3501f0f161e795e/repo/master/.xml/erlang-bcrypt/bcrypt.xml",
                               "/home/pete/wefwefwef/docs/other/ff74cfc675ea410cf3501f0f161e795e/repo/master/.xml/erlang-bcrypt/bcrypt_port.xml",
                               "/home/pete/wefwefwef/docs/other/ff74cfc675ea410cf3501f0f161e795e/repo/master/.xml/erlang-bcrypt/bcrypt_port_sup.xml",
                               "/home/pete/wefwefwef/docs/other/ff74cfc675ea410cf3501f0f161e795e/repo/master/.xml/erlang-bcrypt/bcrypt_sup.xml"]
Generating HTML - bcrypt_nif_worker "/home/pete/wefwefwef/docs/other/ff74cfc675ea410cf3501f0f161e795e/repo/master/.xml/erlang-bcrypt/bcrypt_nif_worker.xml"
Generating HTML - bcrypt_pool "/home/pete/wefwefwef/docs/other/ff74cfc675ea410cf3501f0f161e795e/repo/master/.xml/erlang-bcrypt/bcrypt_pool.xml"
Generating HTML - bcrypt_port "/home/pete/wefwefwef/docs/other/ff74cfc675ea410cf3501f0f161e795e/repo/master/.xml/erlang-bcrypt/bcrypt_port.xml"
Generating HTML - bcrypt_sup "/home/pete/wefwefwef/docs/other/ff74cfc675ea410cf3501f0f161e795e/repo/master/.xml/erlang-bcrypt/bcrypt_sup.xml"
Reading XML for "/home/pete/wefwefwef/docs/other/ff74cfc675ea410cf3501f0f161e795e/repo/master/.xml/erlang-bcrypt/bcrypt_nif_worker.xml"
Reading XML for "/home/pete/wefwefwef/docs/other/ff74cfc675ea410cf3501f0f161e795e/repo/master/.xml/erlang-bcrypt/bcrypt_pool.xml"
Reading XML for "/home/pete/wefwefwef/docs/other/ff74cfc675ea410cf3501f0f161e795e/repo/master/.xml/erlang-bcrypt/bcrypt_port.xml"
Reading XML for "/home/pete/wefwefwef/docs/other/ff74cfc675ea410cf3501f0f161e795e/repo/master/.xml/erlang-bcrypt/bcrypt_sup.xml"
Reading XML for "/home/pete/wefwefwef/docs/other/ff74cfc675ea410cf3501f0f161e795e/repo/master/.xml/specs_bcrypt_nif_worker.xml"
Reading XML for "/home/pete/wefwefwef/docs/other/ff74cfc675ea410cf3501f0f161e795e/repo/master/.xml/specs_bcrypt_port.xml"
Generating HTML - bcrypt_nif "/home/pete/wefwefwef/docs/other/ff74cfc675ea410cf3501f0f161e795e/repo/master/.xml/erlang-bcrypt/bcrypt_nif.xml"
Reading XML for "/home/pete/wefwefwef/docs/other/ff74cfc675ea410cf3501f0f161e795e/repo/master/.xml/specs_bcrypt_sup.xml"
Reading XML for "/home/pete/wefwefwef/docs/other/ff74cfc675ea410cf3501f0f161e795e/repo/master/.xml/erlang-bcrypt/bcrypt_nif.xml"
Generating HTML - bcrypt_port_sup "/home/pete/wefwefwef/docs/other/ff74cfc675ea410cf3501f0f161e795e/repo/master/.xml/erlang-bcrypt/bcrypt_port_sup.xml"
Reading XML for "/home/pete/wefwefwef/docs/other/ff74cfc675ea410cf3501f0f161e795e/repo/master/.xml/erlang-bcrypt/bcrypt_port_sup.xml"
Generating HTML - bcrypt "/home/pete/wefwefwef/docs/other/ff74cfc675ea410cf3501f0f161e795e/repo/master/.xml/erlang-bcrypt/bcrypt.xml"
Reading XML for "/home/pete/wefwefwef/docs/other/ff74cfc675ea410cf3501f0f161e795e/repo/master/.xml/erlang-bcrypt/bcrypt.xml"
Reading XML for "/home/pete/wefwefwef/docs/other/ff74cfc675ea410cf3501f0f161e795e/repo/master/.xml/specs_bcrypt_pool.xml"
Generating HTML - bcrypt_app "/home/pete/wefwefwef/docs/other/ff74cfc675ea410cf3501f0f161e795e/repo/master/.xml/erlang-bcrypt/bcrypt_app.xml"
Reading XML for "/home/pete/wefwefwef/docs/other/ff74cfc675ea410cf3501f0f161e795e/repo/master/.xml/erlang-bcrypt/bcrypt_app.xml"
Reading XML for "/home/pete/wefwefwef/docs/other/ff74cfc675ea410cf3501f0f161e795e/repo/master/.xml/specs_bcrypt_nif.xml"
Reading XML for "/home/pete/wefwefwef/docs/other/ff74cfc675ea410cf3501f0f161e795e/repo/master/.xml/specs_bcrypt_port_sup.xml"
Reading XML for "/home/pete/wefwefwef/docs/other/ff74cfc675ea410cf3501f0f161e795e/repo/master/.xml/specs_bcrypt.xml"
Reading XML for "/home/pete/wefwefwef/docs/other/ff74cfc675ea410cf3501f0f161e795e/repo/master/.xml/specs_bcrypt_app.xml"
Creating index.html ...
Creating erldocs_index.js ...
Woot, finished in 0 Minutes 0 Seconds
 :: Discovering other repos
$ 5000  `rm -r '/home/pete/wefwefwef/docs/other/ff74cfc675ea410cf3501f0f161e795e/erlang-bcrypt-branch-master'  2>&1`
 :: Processing https://github.com/opscode/erlang-bcrypt	{rev,tag,"0.5.0","f98feb6804c83dcb649c4826f204587097d40739",undefined,[],[]}
 :: Fetching repo code
$ cd '/home/pete/wefwefwef/docs/other/ff74cfc675ea410cf3501f0f161e795e/erlang-bcrypt-tag-0.5.0'
$ infinity  `curl --fail --silent --show-error --location --output repo.tar.gz 'https://codeload.github.com/opscode/erlang-bcrypt/legacy.tar.gz/0.5.0'  2>&1`
$ cd '/home/pete/wefwefwef/docs/erldocs_other.git'
$ cd '/home/pete/wefwefwef/docs/other/ff74cfc675ea410cf3501f0f161e795e/erlang-bcrypt-tag-0.5.0/chef-erlang-bcrypt-f98feb6'
$ 5000  `find -P . -type l -delete  2>&1`
$ cd '/home/pete/wefwefwef/docs/erldocs_other.git'
$ 5000  `mv '/home/pete/wefwefwef/docs/other/ff74cfc675ea410cf3501f0f161e795e/erlang-bcrypt-tag-0.5.0/chef-erlang-bcrypt-f98feb6' '/home/pete/wefwefwef/docs/other/ff74cfc675ea410cf3501f0f161e795e/erlang-bcrypt-tag-0.5.0/erlang-bcrypt'  2>&1`
 :: Getting dependencies
$ cd '/home/pete/wefwefwef/docs/other/ff74cfc675ea410cf3501f0f161e795e/erlang-bcrypt-tag-0.5.0/erlang-bcrypt'
$ 5000  `ls -1 deps/  2>&1`
$ cd '/home/pete/wefwefwef/docs/erldocs_other.git'
>>> [rebar] deps = []
 :: Generating erldocs into /home/pete/wefwefwef/docs/other/ff74cfc675ea410cf3501f0f161e795e/repo/0.5.0
Building erlang-bcrypt
Generating Type Specs - "/home/pete/wefwefwef/docs/other/ff74cfc675ea410cf3501f0f161e795e/erlang-bcrypt-tag-0.5.0/erlang-bcrypt/src/bcrypt.erl"
Generating Type Specs - "/home/pete/wefwefwef/docs/other/ff74cfc675ea410cf3501f0f161e795e/erlang-bcrypt-tag-0.5.0/erlang-bcrypt/src/bcrypt_app.erl"
Generating Type Specs - "/home/pete/wefwefwef/docs/other/ff74cfc675ea410cf3501f0f161e795e/erlang-bcrypt-tag-0.5.0/erlang-bcrypt/src/bcrypt_nif.erl"
Generating Type Specs - "/home/pete/wefwefwef/docs/other/ff74cfc675ea410cf3501f0f161e795e/erlang-bcrypt-tag-0.5.0/erlang-bcrypt/src/bcrypt_nif_worker.erl"
Generating Type Specs - "/home/pete/wefwefwef/docs/other/ff74cfc675ea410cf3501f0f161e795e/erlang-bcrypt-tag-0.5.0/erlang-bcrypt/src/bcrypt_pool.erl"
Generating Type Specs - "/home/pete/wefwefwef/docs/other/ff74cfc675ea410cf3501f0f161e795e/erlang-bcrypt-tag-0.5.0/erlang-bcrypt/src/bcrypt_port.erl"
Generating Type Specs - "/home/pete/wefwefwef/docs/other/ff74cfc675ea410cf3501f0f161e795e/erlang-bcrypt-tag-0.5.0/erlang-bcrypt/src/bcrypt_port_sup.erl"
Generating Type Specs - "/home/pete/wefwefwef/docs/other/ff74cfc675ea410cf3501f0f161e795e/erlang-bcrypt-tag-0.5.0/erlang-bcrypt/src/bcrypt_sup.erl"
Generating XML for application erlang-bcrypt "/home/pete/wefwefwef/docs/other/ff74cfc675ea410cf3501f0f161e795e/erlang-bcrypt-tag-0.5.0/erlang-bcrypt" -> "/home/pete/wefwefwef/docs/other/ff74cfc675ea410cf3501f0f161e795e/repo/0.5.0/.xml/erlang-bcrypt"
Generated erlang-bcrypt XMLs: ["/home/pete/wefwefwef/docs/other/ff74cfc675ea410cf3501f0f161e795e/repo/0.5.0/.xml/erlang-bcrypt/bcrypt_nif.xml",
                               "/home/pete/wefwefwef/docs/other/ff74cfc675ea410cf3501f0f161e795e/repo/0.5.0/.xml/erlang-bcrypt/bcrypt_nif_worker.xml",
                               "/home/pete/wefwefwef/docs/other/ff74cfc675ea410cf3501f0f161e795e/repo/0.5.0/.xml/erlang-bcrypt/bcrypt_app.xml",
                               "/home/pete/wefwefwef/docs/other/ff74cfc675ea410cf3501f0f161e795e/repo/0.5.0/.xml/erlang-bcrypt/bcrypt_pool.xml",
                               "/home/pete/wefwefwef/docs/other/ff74cfc675ea410cf3501f0f161e795e/repo/0.5.0/.xml/erlang-bcrypt/bcrypt.xml",
                               "/home/pete/wefwefwef/docs/other/ff74cfc675ea410cf3501f0f161e795e/repo/0.5.0/.xml/erlang-bcrypt/bcrypt_port.xml",
                               "/home/pete/wefwefwef/docs/other/ff74cfc675ea410cf3501f0f161e795e/repo/0.5.0/.xml/erlang-bcrypt/bcrypt_port_sup.xml",
                               "/home/pete/wefwefwef/docs/other/ff74cfc675ea410cf3501f0f161e795e/repo/0.5.0/.xml/erlang-bcrypt/bcrypt_sup.xml"]
Generating HTML - bcrypt_nif_worker "/home/pete/wefwefwef/docs/other/ff74cfc675ea410cf3501f0f161e795e/repo/0.5.0/.xml/erlang-bcrypt/bcrypt_nif_worker.xml"
Generating HTML - bcrypt_pool "/home/pete/wefwefwef/docs/other/ff74cfc675ea410cf3501f0f161e795e/repo/0.5.0/.xml/erlang-bcrypt/bcrypt_pool.xml"
Generating HTML - bcrypt_port "/home/pete/wefwefwef/docs/other/ff74cfc675ea410cf3501f0f161e795e/repo/0.5.0/.xml/erlang-bcrypt/bcrypt_port.xml"
Generating HTML - bcrypt_sup "/home/pete/wefwefwef/docs/other/ff74cfc675ea410cf3501f0f161e795e/repo/0.5.0/.xml/erlang-bcrypt/bcrypt_sup.xml"
Reading XML for "/home/pete/wefwefwef/docs/other/ff74cfc675ea410cf3501f0f161e795e/repo/0.5.0/.xml/erlang-bcrypt/bcrypt_nif_worker.xml"
Reading XML for "/home/pete/wefwefwef/docs/other/ff74cfc675ea410cf3501f0f161e795e/repo/0.5.0/.xml/erlang-bcrypt/bcrypt_pool.xml"
Reading XML for "/home/pete/wefwefwef/docs/other/ff74cfc675ea410cf3501f0f161e795e/repo/0.5.0/.xml/erlang-bcrypt/bcrypt_port.xml"
Reading XML for "/home/pete/wefwefwef/docs/other/ff74cfc675ea410cf3501f0f161e795e/repo/0.5.0/.xml/erlang-bcrypt/bcrypt_sup.xml"
Reading XML for "/home/pete/wefwefwef/docs/other/ff74cfc675ea410cf3501f0f161e795e/repo/0.5.0/.xml/specs_bcrypt_sup.xml"
Reading XML for "/home/pete/wefwefwef/docs/other/ff74cfc675ea410cf3501f0f161e795e/repo/0.5.0/.xml/specs_bcrypt_port.xml"
Generating HTML - bcrypt_port_sup "/home/pete/wefwefwef/docs/other/ff74cfc675ea410cf3501f0f161e795e/repo/0.5.0/.xml/erlang-bcrypt/bcrypt_port_sup.xml"
Reading XML for "/home/pete/wefwefwef/docs/other/ff74cfc675ea410cf3501f0f161e795e/repo/0.5.0/.xml/erlang-bcrypt/bcrypt_port_sup.xml"
Reading XML for "/home/pete/wefwefwef/docs/other/ff74cfc675ea410cf3501f0f161e795e/repo/0.5.0/.xml/specs_bcrypt_nif_worker.xml"
Generating HTML - bcrypt "/home/pete/wefwefwef/docs/other/ff74cfc675ea410cf3501f0f161e795e/repo/0.5.0/.xml/erlang-bcrypt/bcrypt.xml"
Reading XML for "/home/pete/wefwefwef/docs/other/ff74cfc675ea410cf3501f0f161e795e/repo/0.5.0/.xml/erlang-bcrypt/bcrypt.xml"
Reading XML for "/home/pete/wefwefwef/docs/other/ff74cfc675ea410cf3501f0f161e795e/repo/0.5.0/.xml/specs_bcrypt_pool.xml"
Generating HTML - bcrypt_nif "/home/pete/wefwefwef/docs/other/ff74cfc675ea410cf3501f0f161e795e/repo/0.5.0/.xml/erlang-bcrypt/bcrypt_nif.xml"
Reading XML for "/home/pete/wefwefwef/docs/other/ff74cfc675ea410cf3501f0f161e795e/repo/0.5.0/.xml/erlang-bcrypt/bcrypt_nif.xml"
Generating HTML - bcrypt_app "/home/pete/wefwefwef/docs/other/ff74cfc675ea410cf3501f0f161e795e/repo/0.5.0/.xml/erlang-bcrypt/bcrypt_app.xml"
Reading XML for "/home/pete/wefwefwef/docs/other/ff74cfc675ea410cf3501f0f161e795e/repo/0.5.0/.xml/erlang-bcrypt/bcrypt_app.xml"
Reading XML for "/home/pete/wefwefwef/docs/other/ff74cfc675ea410cf3501f0f161e795e/repo/0.5.0/.xml/specs_bcrypt_port_sup.xml"
Reading XML for "/home/pete/wefwefwef/docs/other/ff74cfc675ea410cf3501f0f161e795e/repo/0.5.0/.xml/specs_bcrypt_app.xml"
Reading XML for "/home/pete/wefwefwef/docs/other/ff74cfc675ea410cf3501f0f161e795e/repo/0.5.0/.xml/specs_bcrypt.xml"
Reading XML for "/home/pete/wefwefwef/docs/other/ff74cfc675ea410cf3501f0f161e795e/repo/0.5.0/.xml/specs_bcrypt_nif.xml"
Creating index.html ...
Creating erldocs_index.js ...
Woot, finished in 0 Minutes 0 Seconds
 :: Discovering other repos
$ 5000  `rm -r '/home/pete/wefwefwef/docs/other/ff74cfc675ea410cf3501f0f161e795e/erlang-bcrypt-tag-0.5.0'  2>&1`
 :: Processing https://github.com/opscode/erlang-bcrypt	{rev,tag,"0.4.1","300195f29292ec511da8175ee5eb43b2778f3c20",undefined,[],[]}
 :: Fetching repo code
$ cd '/home/pete/wefwefwef/docs/other/ff74cfc675ea410cf3501f0f161e795e/erlang-bcrypt-tag-0.4.1'
$ infinity  `curl --fail --silent --show-error --location --output repo.tar.gz 'https://codeload.github.com/opscode/erlang-bcrypt/legacy.tar.gz/0.4.1'  2>&1`
$ cd '/home/pete/wefwefwef/docs/erldocs_other.git'
$ cd '/home/pete/wefwefwef/docs/other/ff74cfc675ea410cf3501f0f161e795e/erlang-bcrypt-tag-0.4.1/chef-erlang-bcrypt-300195f'
$ 5000  `find -P . -type l -delete  2>&1`
$ cd '/home/pete/wefwefwef/docs/erldocs_other.git'
$ 5000  `mv '/home/pete/wefwefwef/docs/other/ff74cfc675ea410cf3501f0f161e795e/erlang-bcrypt-tag-0.4.1/chef-erlang-bcrypt-300195f' '/home/pete/wefwefwef/docs/other/ff74cfc675ea410cf3501f0f161e795e/erlang-bcrypt-tag-0.4.1/erlang-bcrypt'  2>&1`
 :: Getting dependencies
$ cd '/home/pete/wefwefwef/docs/other/ff74cfc675ea410cf3501f0f161e795e/erlang-bcrypt-tag-0.4.1/erlang-bcrypt'
$ 5000  `ls -1 deps/  2>&1`
$ cd '/home/pete/wefwefwef/docs/erldocs_other.git'
>>> [rebar] deps = []
 :: Generating erldocs into /home/pete/wefwefwef/docs/other/ff74cfc675ea410cf3501f0f161e795e/repo/0.4.1
Building erlang-bcrypt
Generating Type Specs - "/home/pete/wefwefwef/docs/other/ff74cfc675ea410cf3501f0f161e795e/erlang-bcrypt-tag-0.4.1/erlang-bcrypt/src/bcrypt.erl"
Generating Type Specs - "/home/pete/wefwefwef/docs/other/ff74cfc675ea410cf3501f0f161e795e/erlang-bcrypt-tag-0.4.1/erlang-bcrypt/src/bcrypt_app.erl"
Generating Type Specs - "/home/pete/wefwefwef/docs/other/ff74cfc675ea410cf3501f0f161e795e/erlang-bcrypt-tag-0.4.1/erlang-bcrypt/src/bcrypt_nif.erl"
Generating Type Specs - "/home/pete/wefwefwef/docs/other/ff74cfc675ea410cf3501f0f161e795e/erlang-bcrypt-tag-0.4.1/erlang-bcrypt/src/bcrypt_nif_worker.erl"
Generating Type Specs - "/home/pete/wefwefwef/docs/other/ff74cfc675ea410cf3501f0f161e795e/erlang-bcrypt-tag-0.4.1/erlang-bcrypt/src/bcrypt_pool.erl"
Generating Type Specs - "/home/pete/wefwefwef/docs/other/ff74cfc675ea410cf3501f0f161e795e/erlang-bcrypt-tag-0.4.1/erlang-bcrypt/src/bcrypt_port.erl"
Generating Type Specs - "/home/pete/wefwefwef/docs/other/ff74cfc675ea410cf3501f0f161e795e/erlang-bcrypt-tag-0.4.1/erlang-bcrypt/src/bcrypt_port_sup.erl"
Generating Type Specs - "/home/pete/wefwefwef/docs/other/ff74cfc675ea410cf3501f0f161e795e/erlang-bcrypt-tag-0.4.1/erlang-bcrypt/src/bcrypt_sup.erl"
Generating XML for application erlang-bcrypt "/home/pete/wefwefwef/docs/other/ff74cfc675ea410cf3501f0f161e795e/erlang-bcrypt-tag-0.4.1/erlang-bcrypt" -> "/home/pete/wefwefwef/docs/other/ff74cfc675ea410cf3501f0f161e795e/repo/0.4.1/.xml/erlang-bcrypt"
Generated erlang-bcrypt XMLs: ["/home/pete/wefwefwef/docs/other/ff74cfc675ea410cf3501f0f161e795e/repo/0.4.1/.xml/erlang-bcrypt/bcrypt_nif.xml",
                               "/home/pete/wefwefwef/docs/other/ff74cfc675ea410cf3501f0f161e795e/repo/0.4.1/.xml/erlang-bcrypt/bcrypt_nif_worker.xml",
                               "/home/pete/wefwefwef/docs/other/ff74cfc675ea410cf3501f0f161e795e/repo/0.4.1/.xml/erlang-bcrypt/bcrypt_app.xml",
                               "/home/pete/wefwefwef/docs/other/ff74cfc675ea410cf3501f0f161e795e/repo/0.4.1/.xml/erlang-bcrypt/bcrypt_pool.xml",
                               "/home/pete/wefwefwef/docs/other/ff74cfc675ea410cf3501f0f161e795e/repo/0.4.1/.xml/erlang-bcrypt/bcrypt.xml",
                               "/home/pete/wefwefwef/docs/other/ff74cfc675ea410cf3501f0f161e795e/repo/0.4.1/.xml/erlang-bcrypt/bcrypt_port.xml",
                               "/home/pete/wefwefwef/docs/other/ff74cfc675ea410cf3501f0f161e795e/repo/0.4.1/.xml/erlang-bcrypt/bcrypt_port_sup.xml",
                               "/home/pete/wefwefwef/docs/other/ff74cfc675ea410cf3501f0f161e795e/repo/0.4.1/.xml/erlang-bcrypt/bcrypt_sup.xml"]
Generating HTML - bcrypt_nif_worker "/home/pete/wefwefwef/docs/other/ff74cfc675ea410cf3501f0f161e795e/repo/0.4.1/.xml/erlang-bcrypt/bcrypt_nif_worker.xml"
Generating HTML - bcrypt_pool "/home/pete/wefwefwef/docs/other/ff74cfc675ea410cf3501f0f161e795e/repo/0.4.1/.xml/erlang-bcrypt/bcrypt_pool.xml"
Generating HTML - bcrypt_port "/home/pete/wefwefwef/docs/other/ff74cfc675ea410cf3501f0f161e795e/repo/0.4.1/.xml/erlang-bcrypt/bcrypt_port.xml"
Generating HTML - bcrypt_sup "/home/pete/wefwefwef/docs/other/ff74cfc675ea410cf3501f0f161e795e/repo/0.4.1/.xml/erlang-bcrypt/bcrypt_sup.xml"
Reading XML for "/home/pete/wefwefwef/docs/other/ff74cfc675ea410cf3501f0f161e795e/repo/0.4.1/.xml/erlang-bcrypt/bcrypt_nif_worker.xml"
Reading XML for "/home/pete/wefwefwef/docs/other/ff74cfc675ea410cf3501f0f161e795e/repo/0.4.1/.xml/erlang-bcrypt/bcrypt_pool.xml"
Reading XML for "/home/pete/wefwefwef/docs/other/ff74cfc675ea410cf3501f0f161e795e/repo/0.4.1/.xml/erlang-bcrypt/bcrypt_port.xml"
Reading XML for "/home/pete/wefwefwef/docs/other/ff74cfc675ea410cf3501f0f161e795e/repo/0.4.1/.xml/erlang-bcrypt/bcrypt_sup.xml"
Reading XML for "/home/pete/wefwefwef/docs/other/ff74cfc675ea410cf3501f0f161e795e/repo/0.4.1/.xml/specs_bcrypt_nif_worker.xml"
Reading XML for "/home/pete/wefwefwef/docs/other/ff74cfc675ea410cf3501f0f161e795e/repo/0.4.1/.xml/specs_bcrypt_port.xml"
Reading XML for "/home/pete/wefwefwef/docs/other/ff74cfc675ea410cf3501f0f161e795e/repo/0.4.1/.xml/specs_bcrypt_pool.xml"
Reading XML for "/home/pete/wefwefwef/docs/other/ff74cfc675ea410cf3501f0f161e795e/repo/0.4.1/.xml/specs_bcrypt_sup.xml"
Generating HTML - bcrypt_nif "/home/pete/wefwefwef/docs/other/ff74cfc675ea410cf3501f0f161e795e/repo/0.4.1/.xml/erlang-bcrypt/bcrypt_nif.xml"
Generating HTML - bcrypt "/home/pete/wefwefwef/docs/other/ff74cfc675ea410cf3501f0f161e795e/repo/0.4.1/.xml/erlang-bcrypt/bcrypt.xml"
Reading XML for "/home/pete/wefwefwef/docs/other/ff74cfc675ea410cf3501f0f161e795e/repo/0.4.1/.xml/erlang-bcrypt/bcrypt_nif.xml"
Reading XML for "/home/pete/wefwefwef/docs/other/ff74cfc675ea410cf3501f0f161e795e/repo/0.4.1/.xml/erlang-bcrypt/bcrypt.xml"
Generating HTML - bcrypt_port_sup "/home/pete/wefwefwef/docs/other/ff74cfc675ea410cf3501f0f161e795e/repo/0.4.1/.xml/erlang-bcrypt/bcrypt_port_sup.xml"
Reading XML for "/home/pete/wefwefwef/docs/other/ff74cfc675ea410cf3501f0f161e795e/repo/0.4.1/.xml/erlang-bcrypt/bcrypt_port_sup.xml"
Generating HTML - bcrypt_app "/home/pete/wefwefwef/docs/other/ff74cfc675ea410cf3501f0f161e795e/repo/0.4.1/.xml/erlang-bcrypt/bcrypt_app.xml"
Reading XML for "/home/pete/wefwefwef/docs/other/ff74cfc675ea410cf3501f0f161e795e/repo/0.4.1/.xml/erlang-bcrypt/bcrypt_app.xml"
Reading XML for "/home/pete/wefwefwef/docs/other/ff74cfc675ea410cf3501f0f161e795e/repo/0.4.1/.xml/specs_bcrypt_nif.xml"
Reading XML for "/home/pete/wefwefwef/docs/other/ff74cfc675ea410cf3501f0f161e795e/repo/0.4.1/.xml/specs_bcrypt.xml"
Reading XML for "/home/pete/wefwefwef/docs/other/ff74cfc675ea410cf3501f0f161e795e/repo/0.4.1/.xml/specs_bcrypt_port_sup.xml"
Reading XML for "/home/pete/wefwefwef/docs/other/ff74cfc675ea410cf3501f0f161e795e/repo/0.4.1/.xml/specs_bcrypt_app.xml"
Creating index.html ...
Creating erldocs_index.js ...
Woot, finished in 0 Minutes 0 Seconds
 :: Discovering other repos
$ 5000  `rm -r '/home/pete/wefwefwef/docs/other/ff74cfc675ea410cf3501f0f161e795e/erlang-bcrypt-tag-0.4.1'  2>&1`
 :: Processing https://github.com/opscode/erlang-bcrypt	{rev,tag,"0.4.0","ec72d49efb50c59e29bf2b70e4784af8cc0ee917",undefined,[],[]}
 :: Fetching repo code
$ cd '/home/pete/wefwefwef/docs/other/ff74cfc675ea410cf3501f0f161e795e/erlang-bcrypt-tag-0.4.0'
$ infinity  `curl --fail --silent --show-error --location --output repo.tar.gz 'https://codeload.github.com/opscode/erlang-bcrypt/legacy.tar.gz/0.4.0'  2>&1`
$ cd '/home/pete/wefwefwef/docs/erldocs_other.git'
$ cd '/home/pete/wefwefwef/docs/other/ff74cfc675ea410cf3501f0f161e795e/erlang-bcrypt-tag-0.4.0/chef-erlang-bcrypt-ec72d49'
$ 5000  `find -P . -type l -delete  2>&1`
$ cd '/home/pete/wefwefwef/docs/erldocs_other.git'
$ 5000  `mv '/home/pete/wefwefwef/docs/other/ff74cfc675ea410cf3501f0f161e795e/erlang-bcrypt-tag-0.4.0/chef-erlang-bcrypt-ec72d49' '/home/pete/wefwefwef/docs/other/ff74cfc675ea410cf3501f0f161e795e/erlang-bcrypt-tag-0.4.0/erlang-bcrypt'  2>&1`
 :: Getting dependencies
$ cd '/home/pete/wefwefwef/docs/other/ff74cfc675ea410cf3501f0f161e795e/erlang-bcrypt-tag-0.4.0/erlang-bcrypt'
$ 5000  `ls -1 deps/  2>&1`
$ cd '/home/pete/wefwefwef/docs/erldocs_other.git'
>>> [rebar] deps = []
 :: Generating erldocs into /home/pete/wefwefwef/docs/other/ff74cfc675ea410cf3501f0f161e795e/repo/0.4.0
Building erlang-bcrypt
Generating Type Specs - "/home/pete/wefwefwef/docs/other/ff74cfc675ea410cf3501f0f161e795e/erlang-bcrypt-tag-0.4.0/erlang-bcrypt/src/bcrypt.erl"
Generating Type Specs - "/home/pete/wefwefwef/docs/other/ff74cfc675ea410cf3501f0f161e795e/erlang-bcrypt-tag-0.4.0/erlang-bcrypt/src/bcrypt_app.erl"
Generating Type Specs - "/home/pete/wefwefwef/docs/other/ff74cfc675ea410cf3501f0f161e795e/erlang-bcrypt-tag-0.4.0/erlang-bcrypt/src/bcrypt_nif.erl"
Generating Type Specs - "/home/pete/wefwefwef/docs/other/ff74cfc675ea410cf3501f0f161e795e/erlang-bcrypt-tag-0.4.0/erlang-bcrypt/src/bcrypt_nif_worker.erl"
Generating Type Specs - "/home/pete/wefwefwef/docs/other/ff74cfc675ea410cf3501f0f161e795e/erlang-bcrypt-tag-0.4.0/erlang-bcrypt/src/bcrypt_pool.erl"
Generating Type Specs - "/home/pete/wefwefwef/docs/other/ff74cfc675ea410cf3501f0f161e795e/erlang-bcrypt-tag-0.4.0/erlang-bcrypt/src/bcrypt_port.erl"
Generating Type Specs - "/home/pete/wefwefwef/docs/other/ff74cfc675ea410cf3501f0f161e795e/erlang-bcrypt-tag-0.4.0/erlang-bcrypt/src/bcrypt_port_sup.erl"
Generating Type Specs - "/home/pete/wefwefwef/docs/other/ff74cfc675ea410cf3501f0f161e795e/erlang-bcrypt-tag-0.4.0/erlang-bcrypt/src/bcrypt_sup.erl"
Generating XML for application erlang-bcrypt "/home/pete/wefwefwef/docs/other/ff74cfc675ea410cf3501f0f161e795e/erlang-bcrypt-tag-0.4.0/erlang-bcrypt" -> "/home/pete/wefwefwef/docs/other/ff74cfc675ea410cf3501f0f161e795e/repo/0.4.0/.xml/erlang-bcrypt"
Generated erlang-bcrypt XMLs: ["/home/pete/wefwefwef/docs/other/ff74cfc675ea410cf3501f0f161e795e/repo/0.4.0/.xml/erlang-bcrypt/bcrypt_nif.xml",
                               "/home/pete/wefwefwef/docs/other/ff74cfc675ea410cf3501f0f161e795e/repo/0.4.0/.xml/erlang-bcrypt/bcrypt_nif_worker.xml",
                               "/home/pete/wefwefwef/docs/other/ff74cfc675ea410cf3501f0f161e795e/repo/0.4.0/.xml/erlang-bcrypt/bcrypt_app.xml",
                               "/home/pete/wefwefwef/docs/other/ff74cfc675ea410cf3501f0f161e795e/repo/0.4.0/.xml/erlang-bcrypt/bcrypt_pool.xml",
                               "/home/pete/wefwefwef/docs/other/ff74cfc675ea410cf3501f0f161e795e/repo/0.4.0/.xml/erlang-bcrypt/bcrypt.xml",
                               "/home/pete/wefwefwef/docs/other/ff74cfc675ea410cf3501f0f161e795e/repo/0.4.0/.xml/erlang-bcrypt/bcrypt_port.xml",
                               "/home/pete/wefwefwef/docs/other/ff74cfc675ea410cf3501f0f161e795e/repo/0.4.0/.xml/erlang-bcrypt/bcrypt_port_sup.xml",
                               "/home/pete/wefwefwef/docs/other/ff74cfc675ea410cf3501f0f161e795e/repo/0.4.0/.xml/erlang-bcrypt/bcrypt_sup.xml"]
Generating HTML - bcrypt_nif_worker "/home/pete/wefwefwef/docs/other/ff74cfc675ea410cf3501f0f161e795e/repo/0.4.0/.xml/erlang-bcrypt/bcrypt_nif_worker.xml"
Generating HTML - bcrypt_pool "/home/pete/wefwefwef/docs/other/ff74cfc675ea410cf3501f0f161e795e/repo/0.4.0/.xml/erlang-bcrypt/bcrypt_pool.xml"
Generating HTML - bcrypt_port "/home/pete/wefwefwef/docs/other/ff74cfc675ea410cf3501f0f161e795e/repo/0.4.0/.xml/erlang-bcrypt/bcrypt_port.xml"
Generating HTML - bcrypt_sup "/home/pete/wefwefwef/docs/other/ff74cfc675ea410cf3501f0f161e795e/repo/0.4.0/.xml/erlang-bcrypt/bcrypt_sup.xml"
Reading XML for "/home/pete/wefwefwef/docs/other/ff74cfc675ea410cf3501f0f161e795e/repo/0.4.0/.xml/erlang-bcrypt/bcrypt_nif_worker.xml"
Reading XML for "/home/pete/wefwefwef/docs/other/ff74cfc675ea410cf3501f0f161e795e/repo/0.4.0/.xml/erlang-bcrypt/bcrypt_pool.xml"
Reading XML for "/home/pete/wefwefwef/docs/other/ff74cfc675ea410cf3501f0f161e795e/repo/0.4.0/.xml/erlang-bcrypt/bcrypt_port.xml"
Reading XML for "/home/pete/wefwefwef/docs/other/ff74cfc675ea410cf3501f0f161e795e/repo/0.4.0/.xml/erlang-bcrypt/bcrypt_sup.xml"
Reading XML for "/home/pete/wefwefwef/docs/other/ff74cfc675ea410cf3501f0f161e795e/repo/0.4.0/.xml/specs_bcrypt_pool.xml"
Reading XML for "/home/pete/wefwefwef/docs/other/ff74cfc675ea410cf3501f0f161e795e/repo/0.4.0/.xml/specs_bcrypt_nif_worker.xml"
Reading XML for "/home/pete/wefwefwef/docs/other/ff74cfc675ea410cf3501f0f161e795e/repo/0.4.0/.xml/specs_bcrypt_port.xml"
Generating HTML - bcrypt_app "/home/pete/wefwefwef/docs/other/ff74cfc675ea410cf3501f0f161e795e/repo/0.4.0/.xml/erlang-bcrypt/bcrypt_app.xml"
Reading XML for "/home/pete/wefwefwef/docs/other/ff74cfc675ea410cf3501f0f161e795e/repo/0.4.0/.xml/erlang-bcrypt/bcrypt_app.xml"
Generating HTML - bcrypt_nif "/home/pete/wefwefwef/docs/other/ff74cfc675ea410cf3501f0f161e795e/repo/0.4.0/.xml/erlang-bcrypt/bcrypt_nif.xml"
Reading XML for "/home/pete/wefwefwef/docs/other/ff74cfc675ea410cf3501f0f161e795e/repo/0.4.0/.xml/erlang-bcrypt/bcrypt_nif.xml"
Generating HTML - bcrypt "/home/pete/wefwefwef/docs/other/ff74cfc675ea410cf3501f0f161e795e/repo/0.4.0/.xml/erlang-bcrypt/bcrypt.xml"
Reading XML for "/home/pete/wefwefwef/docs/other/ff74cfc675ea410cf3501f0f161e795e/repo/0.4.0/.xml/erlang-bcrypt/bcrypt.xml"
Reading XML for "/home/pete/wefwefwef/docs/other/ff74cfc675ea410cf3501f0f161e795e/repo/0.4.0/.xml/specs_bcrypt_sup.xml"
Generating HTML - bcrypt_port_sup "/home/pete/wefwefwef/docs/other/ff74cfc675ea410cf3501f0f161e795e/repo/0.4.0/.xml/erlang-bcrypt/bcrypt_port_sup.xml"
Reading XML for "/home/pete/wefwefwef/docs/other/ff74cfc675ea410cf3501f0f161e795e/repo/0.4.0/.xml/erlang-bcrypt/bcrypt_port_sup.xml"
Reading XML for "/home/pete/wefwefwef/docs/other/ff74cfc675ea410cf3501f0f161e795e/repo/0.4.0/.xml/specs_bcrypt_app.xml"
Reading XML for "/home/pete/wefwefwef/docs/other/ff74cfc675ea410cf3501f0f161e795e/repo/0.4.0/.xml/specs_bcrypt_nif.xml"
Reading XML for "/home/pete/wefwefwef/docs/other/ff74cfc675ea410cf3501f0f161e795e/repo/0.4.0/.xml/specs_bcrypt.xml"
Reading XML for "/home/pete/wefwefwef/docs/other/ff74cfc675ea410cf3501f0f161e795e/repo/0.4.0/.xml/specs_bcrypt_port_sup.xml"
Creating index.html ...
Creating erldocs_index.js ...
Woot, finished in 0 Minutes 0 Seconds
 :: Discovering other repos
$ 5000  `rm -r '/home/pete/wefwefwef/docs/other/ff74cfc675ea410cf3501f0f161e795e/erlang-bcrypt-tag-0.4.0'  2>&1`
 :: Processing https://github.com/opscode/erlang-bcrypt	{rev,tag,"0.5.0.3","820283b0d329368f298afd22038340c888689a39",undefined,[],[]}
 :: Fetching repo code
$ cd '/home/pete/wefwefwef/docs/other/ff74cfc675ea410cf3501f0f161e795e/erlang-bcrypt-tag-0.5.0.3'
$ infinity  `curl --fail --silent --show-error --location --output repo.tar.gz 'https://codeload.github.com/opscode/erlang-bcrypt/legacy.tar.gz/0.5.0.3'  2>&1`
$ cd '/home/pete/wefwefwef/docs/erldocs_other.git'
$ cd '/home/pete/wefwefwef/docs/other/ff74cfc675ea410cf3501f0f161e795e/erlang-bcrypt-tag-0.5.0.3/chef-erlang-bcrypt-466f0e3'
$ 5000  `find -P . -type l -delete  2>&1`
$ cd '/home/pete/wefwefwef/docs/erldocs_other.git'
$ 5000  `mv '/home/pete/wefwefwef/docs/other/ff74cfc675ea410cf3501f0f161e795e/erlang-bcrypt-tag-0.5.0.3/chef-erlang-bcrypt-466f0e3' '/home/pete/wefwefwef/docs/other/ff74cfc675ea410cf3501f0f161e795e/erlang-bcrypt-tag-0.5.0.3/erlang-bcrypt'  2>&1`
 :: Getting dependencies
$ cd '/home/pete/wefwefwef/docs/other/ff74cfc675ea410cf3501f0f161e795e/erlang-bcrypt-tag-0.5.0.3/erlang-bcrypt'
$ 5000  `ls -1 deps/  2>&1`
$ cd '/home/pete/wefwefwef/docs/erldocs_other.git'
>>> [rebar] deps = []
 :: Generating erldocs into /home/pete/wefwefwef/docs/other/ff74cfc675ea410cf3501f0f161e795e/repo/0.5.0.3
Building erlang-bcrypt
Generating Type Specs - "/home/pete/wefwefwef/docs/other/ff74cfc675ea410cf3501f0f161e795e/erlang-bcrypt-tag-0.5.0.3/erlang-bcrypt/src/bcrypt.erl"
Generating Type Specs - "/home/pete/wefwefwef/docs/other/ff74cfc675ea410cf3501f0f161e795e/erlang-bcrypt-tag-0.5.0.3/erlang-bcrypt/src/bcrypt_app.erl"
Generating Type Specs - "/home/pete/wefwefwef/docs/other/ff74cfc675ea410cf3501f0f161e795e/erlang-bcrypt-tag-0.5.0.3/erlang-bcrypt/src/bcrypt_nif.erl"
Generating Type Specs - "/home/pete/wefwefwef/docs/other/ff74cfc675ea410cf3501f0f161e795e/erlang-bcrypt-tag-0.5.0.3/erlang-bcrypt/src/bcrypt_nif_worker.erl"
Generating Type Specs - "/home/pete/wefwefwef/docs/other/ff74cfc675ea410cf3501f0f161e795e/erlang-bcrypt-tag-0.5.0.3/erlang-bcrypt/src/bcrypt_pool.erl"
Generating Type Specs - "/home/pete/wefwefwef/docs/other/ff74cfc675ea410cf3501f0f161e795e/erlang-bcrypt-tag-0.5.0.3/erlang-bcrypt/src/bcrypt_port.erl"
Generating Type Specs - "/home/pete/wefwefwef/docs/other/ff74cfc675ea410cf3501f0f161e795e/erlang-bcrypt-tag-0.5.0.3/erlang-bcrypt/src/bcrypt_port_sup.erl"
Generating Type Specs - "/home/pete/wefwefwef/docs/other/ff74cfc675ea410cf3501f0f161e795e/erlang-bcrypt-tag-0.5.0.3/erlang-bcrypt/src/bcrypt_sup.erl"
Generating XML for application erlang-bcrypt "/home/pete/wefwefwef/docs/other/ff74cfc675ea410cf3501f0f161e795e/erlang-bcrypt-tag-0.5.0.3/erlang-bcrypt" -> "/home/pete/wefwefwef/docs/other/ff74cfc675ea410cf3501f0f161e795e/repo/0.5.0.3/.xml/erlang-bcrypt"
Generated erlang-bcrypt XMLs: ["/home/pete/wefwefwef/docs/other/ff74cfc675ea410cf3501f0f161e795e/repo/0.5.0.3/.xml/erlang-bcrypt/bcrypt_nif.xml",
                               "/home/pete/wefwefwef/docs/other/ff74cfc675ea410cf3501f0f161e795e/repo/0.5.0.3/.xml/erlang-bcrypt/bcrypt_nif_worker.xml",
                               "/home/pete/wefwefwef/docs/other/ff74cfc675ea410cf3501f0f161e795e/repo/0.5.0.3/.xml/erlang-bcrypt/bcrypt_app.xml",
                               "/home/pete/wefwefwef/docs/other/ff74cfc675ea410cf3501f0f161e795e/repo/0.5.0.3/.xml/erlang-bcrypt/bcrypt_pool.xml",
                               "/home/pete/wefwefwef/docs/other/ff74cfc675ea410cf3501f0f161e795e/repo/0.5.0.3/.xml/erlang-bcrypt/bcrypt.xml",
                               "/home/pete/wefwefwef/docs/other/ff74cfc675ea410cf3501f0f161e795e/repo/0.5.0.3/.xml/erlang-bcrypt/bcrypt_port.xml",
                               "/home/pete/wefwefwef/docs/other/ff74cfc675ea410cf3501f0f161e795e/repo/0.5.0.3/.xml/erlang-bcrypt/bcrypt_port_sup.xml",
                               "/home/pete/wefwefwef/docs/other/ff74cfc675ea410cf3501f0f161e795e/repo/0.5.0.3/.xml/erlang-bcrypt/bcrypt_sup.xml"]
Generating HTML - bcrypt_nif_worker "/home/pete/wefwefwef/docs/other/ff74cfc675ea410cf3501f0f161e795e/repo/0.5.0.3/.xml/erlang-bcrypt/bcrypt_nif_worker.xml"
Generating HTML - bcrypt_pool "/home/pete/wefwefwef/docs/other/ff74cfc675ea410cf3501f0f161e795e/repo/0.5.0.3/.xml/erlang-bcrypt/bcrypt_pool.xml"
Generating HTML - bcrypt_port "/home/pete/wefwefwef/docs/other/ff74cfc675ea410cf3501f0f161e795e/repo/0.5.0.3/.xml/erlang-bcrypt/bcrypt_port.xml"
Generating HTML - bcrypt_sup "/home/pete/wefwefwef/docs/other/ff74cfc675ea410cf3501f0f161e795e/repo/0.5.0.3/.xml/erlang-bcrypt/bcrypt_sup.xml"
Reading XML for "/home/pete/wefwefwef/docs/other/ff74cfc675ea410cf3501f0f161e795e/repo/0.5.0.3/.xml/erlang-bcrypt/bcrypt_nif_worker.xml"
Reading XML for "/home/pete/wefwefwef/docs/other/ff74cfc675ea410cf3501f0f161e795e/repo/0.5.0.3/.xml/erlang-bcrypt/bcrypt_pool.xml"
Reading XML for "/home/pete/wefwefwef/docs/other/ff74cfc675ea410cf3501f0f161e795e/repo/0.5.0.3/.xml/erlang-bcrypt/bcrypt_port.xml"
Reading XML for "/home/pete/wefwefwef/docs/other/ff74cfc675ea410cf3501f0f161e795e/repo/0.5.0.3/.xml/erlang-bcrypt/bcrypt_sup.xml"
Reading XML for "/home/pete/wefwefwef/docs/other/ff74cfc675ea410cf3501f0f161e795e/repo/0.5.0.3/.xml/specs_bcrypt_nif_worker.xml"
Reading XML for "/home/pete/wefwefwef/docs/other/ff74cfc675ea410cf3501f0f161e795e/repo/0.5.0.3/.xml/specs_bcrypt_sup.xml"
Generating HTML - bcrypt_port_sup "/home/pete/wefwefwef/docs/other/ff74cfc675ea410cf3501f0f161e795e/repo/0.5.0.3/.xml/erlang-bcrypt/bcrypt_port_sup.xml"
Reading XML for "/home/pete/wefwefwef/docs/other/ff74cfc675ea410cf3501f0f161e795e/repo/0.5.0.3/.xml/erlang-bcrypt/bcrypt_port_sup.xml"
Generating HTML - bcrypt_nif "/home/pete/wefwefwef/docs/other/ff74cfc675ea410cf3501f0f161e795e/repo/0.5.0.3/.xml/erlang-bcrypt/bcrypt_nif.xml"
Reading XML for "/home/pete/wefwefwef/docs/other/ff74cfc675ea410cf3501f0f161e795e/repo/0.5.0.3/.xml/erlang-bcrypt/bcrypt_nif.xml"
Reading XML for "/home/pete/wefwefwef/docs/other/ff74cfc675ea410cf3501f0f161e795e/repo/0.5.0.3/.xml/specs_bcrypt_port.xml"
Reading XML for "/home/pete/wefwefwef/docs/other/ff74cfc675ea410cf3501f0f161e795e/repo/0.5.0.3/.xml/specs_bcrypt_pool.xml"
Generating HTML - bcrypt "/home/pete/wefwefwef/docs/other/ff74cfc675ea410cf3501f0f161e795e/repo/0.5.0.3/.xml/erlang-bcrypt/bcrypt.xml"
Reading XML for "/home/pete/wefwefwef/docs/other/ff74cfc675ea410cf3501f0f161e795e/repo/0.5.0.3/.xml/erlang-bcrypt/bcrypt.xml"
Generating HTML - bcrypt_app "/home/pete/wefwefwef/docs/other/ff74cfc675ea410cf3501f0f161e795e/repo/0.5.0.3/.xml/erlang-bcrypt/bcrypt_app.xml"
Reading XML for "/home/pete/wefwefwef/docs/other/ff74cfc675ea410cf3501f0f161e795e/repo/0.5.0.3/.xml/erlang-bcrypt/bcrypt_app.xml"
Reading XML for "/home/pete/wefwefwef/docs/other/ff74cfc675ea410cf3501f0f161e795e/repo/0.5.0.3/.xml/specs_bcrypt_port_sup.xml"
Reading XML for "/home/pete/wefwefwef/docs/other/ff74cfc675ea410cf3501f0f161e795e/repo/0.5.0.3/.xml/specs_bcrypt_nif.xml"
Reading XML for "/home/pete/wefwefwef/docs/other/ff74cfc675ea410cf3501f0f161e795e/repo/0.5.0.3/.xml/specs_bcrypt.xml"
Reading XML for "/home/pete/wefwefwef/docs/other/ff74cfc675ea410cf3501f0f161e795e/repo/0.5.0.3/.xml/specs_bcrypt_app.xml"
Creating index.html ...
Creating erldocs_index.js ...
Woot, finished in 0 Minutes 0 Seconds
 :: Discovering other repos
$ 5000  `rm -r '/home/pete/wefwefwef/docs/other/ff74cfc675ea410cf3501f0f161e795e/erlang-bcrypt-tag-0.5.0.3'  2>&1`
 :: Processing https://github.com/opscode/erlang-bcrypt	{rev,tag,"0.5.0.2","3566f5e0844ec81c712224e8020f6a6987d48456",undefined,[],[]}
 :: Fetching repo code
$ cd '/home/pete/wefwefwef/docs/other/ff74cfc675ea410cf3501f0f161e795e/erlang-bcrypt-tag-0.5.0.2'
$ infinity  `curl --fail --silent --show-error --location --output repo.tar.gz 'https://codeload.github.com/opscode/erlang-bcrypt/legacy.tar.gz/0.5.0.2'  2>&1`
$ cd '/home/pete/wefwefwef/docs/erldocs_other.git'
$ cd '/home/pete/wefwefwef/docs/other/ff74cfc675ea410cf3501f0f161e795e/erlang-bcrypt-tag-0.5.0.2/chef-erlang-bcrypt-93e0ff6'
$ 5000  `find -P . -type l -delete  2>&1`
$ cd '/home/pete/wefwefwef/docs/erldocs_other.git'
$ 5000  `mv '/home/pete/wefwefwef/docs/other/ff74cfc675ea410cf3501f0f161e795e/erlang-bcrypt-tag-0.5.0.2/chef-erlang-bcrypt-93e0ff6' '/home/pete/wefwefwef/docs/other/ff74cfc675ea410cf3501f0f161e795e/erlang-bcrypt-tag-0.5.0.2/erlang-bcrypt'  2>&1`
 :: Getting dependencies
$ cd '/home/pete/wefwefwef/docs/other/ff74cfc675ea410cf3501f0f161e795e/erlang-bcrypt-tag-0.5.0.2/erlang-bcrypt'
$ 5000  `ls -1 deps/  2>&1`
$ cd '/home/pete/wefwefwef/docs/erldocs_other.git'
>>> [rebar] deps = []
 :: Generating erldocs into /home/pete/wefwefwef/docs/other/ff74cfc675ea410cf3501f0f161e795e/repo/0.5.0.2
Building erlang-bcrypt
Generating Type Specs - "/home/pete/wefwefwef/docs/other/ff74cfc675ea410cf3501f0f161e795e/erlang-bcrypt-tag-0.5.0.2/erlang-bcrypt/src/bcrypt.erl"
Generating Type Specs - "/home/pete/wefwefwef/docs/other/ff74cfc675ea410cf3501f0f161e795e/erlang-bcrypt-tag-0.5.0.2/erlang-bcrypt/src/bcrypt_app.erl"
Generating Type Specs - "/home/pete/wefwefwef/docs/other/ff74cfc675ea410cf3501f0f161e795e/erlang-bcrypt-tag-0.5.0.2/erlang-bcrypt/src/bcrypt_nif.erl"
Generating Type Specs - "/home/pete/wefwefwef/docs/other/ff74cfc675ea410cf3501f0f161e795e/erlang-bcrypt-tag-0.5.0.2/erlang-bcrypt/src/bcrypt_nif_worker.erl"
Generating Type Specs - "/home/pete/wefwefwef/docs/other/ff74cfc675ea410cf3501f0f161e795e/erlang-bcrypt-tag-0.5.0.2/erlang-bcrypt/src/bcrypt_pool.erl"
Generating Type Specs - "/home/pete/wefwefwef/docs/other/ff74cfc675ea410cf3501f0f161e795e/erlang-bcrypt-tag-0.5.0.2/erlang-bcrypt/src/bcrypt_port.erl"
Generating Type Specs - "/home/pete/wefwefwef/docs/other/ff74cfc675ea410cf3501f0f161e795e/erlang-bcrypt-tag-0.5.0.2/erlang-bcrypt/src/bcrypt_port_sup.erl"
Generating Type Specs - "/home/pete/wefwefwef/docs/other/ff74cfc675ea410cf3501f0f161e795e/erlang-bcrypt-tag-0.5.0.2/erlang-bcrypt/src/bcrypt_sup.erl"
Generating XML for application erlang-bcrypt "/home/pete/wefwefwef/docs/other/ff74cfc675ea410cf3501f0f161e795e/erlang-bcrypt-tag-0.5.0.2/erlang-bcrypt" -> "/home/pete/wefwefwef/docs/other/ff74cfc675ea410cf3501f0f161e795e/repo/0.5.0.2/.xml/erlang-bcrypt"
Generated erlang-bcrypt XMLs: ["/home/pete/wefwefwef/docs/other/ff74cfc675ea410cf3501f0f161e795e/repo/0.5.0.2/.xml/erlang-bcrypt/bcrypt_nif.xml",
                               "/home/pete/wefwefwef/docs/other/ff74cfc675ea410cf3501f0f161e795e/repo/0.5.0.2/.xml/erlang-bcrypt/bcrypt_nif_worker.xml",
                               "/home/pete/wefwefwef/docs/other/ff74cfc675ea410cf3501f0f161e795e/repo/0.5.0.2/.xml/erlang-bcrypt/bcrypt_app.xml",
                               "/home/pete/wefwefwef/docs/other/ff74cfc675ea410cf3501f0f161e795e/repo/0.5.0.2/.xml/erlang-bcrypt/bcrypt_pool.xml",
                               "/home/pete/wefwefwef/docs/other/ff74cfc675ea410cf3501f0f161e795e/repo/0.5.0.2/.xml/erlang-bcrypt/bcrypt.xml",
                               "/home/pete/wefwefwef/docs/other/ff74cfc675ea410cf3501f0f161e795e/repo/0.5.0.2/.xml/erlang-bcrypt/bcrypt_port.xml",
                               "/home/pete/wefwefwef/docs/other/ff74cfc675ea410cf3501f0f161e795e/repo/0.5.0.2/.xml/erlang-bcrypt/bcrypt_port_sup.xml",
                               "/home/pete/wefwefwef/docs/other/ff74cfc675ea410cf3501f0f161e795e/repo/0.5.0.2/.xml/erlang-bcrypt/bcrypt_sup.xml"]
Generating HTML - bcrypt_nif_worker "/home/pete/wefwefwef/docs/other/ff74cfc675ea410cf3501f0f161e795e/repo/0.5.0.2/.xml/erlang-bcrypt/bcrypt_nif_worker.xml"
Generating HTML - bcrypt_pool "/home/pete/wefwefwef/docs/other/ff74cfc675ea410cf3501f0f161e795e/repo/0.5.0.2/.xml/erlang-bcrypt/bcrypt_pool.xml"
Generating HTML - bcrypt_port "/home/pete/wefwefwef/docs/other/ff74cfc675ea410cf3501f0f161e795e/repo/0.5.0.2/.xml/erlang-bcrypt/bcrypt_port.xml"
Generating HTML - bcrypt_sup "/home/pete/wefwefwef/docs/other/ff74cfc675ea410cf3501f0f161e795e/repo/0.5.0.2/.xml/erlang-bcrypt/bcrypt_sup.xml"
Reading XML for "/home/pete/wefwefwef/docs/other/ff74cfc675ea410cf3501f0f161e795e/repo/0.5.0.2/.xml/erlang-bcrypt/bcrypt_nif_worker.xml"
Reading XML for "/home/pete/wefwefwef/docs/other/ff74cfc675ea410cf3501f0f161e795e/repo/0.5.0.2/.xml/erlang-bcrypt/bcrypt_pool.xml"
Reading XML for "/home/pete/wefwefwef/docs/other/ff74cfc675ea410cf3501f0f161e795e/repo/0.5.0.2/.xml/erlang-bcrypt/bcrypt_port.xml"
Reading XML for "/home/pete/wefwefwef/docs/other/ff74cfc675ea410cf3501f0f161e795e/repo/0.5.0.2/.xml/erlang-bcrypt/bcrypt_sup.xml"
Reading XML for "/home/pete/wefwefwef/docs/other/ff74cfc675ea410cf3501f0f161e795e/repo/0.5.0.2/.xml/specs_bcrypt_pool.xml"
Reading XML for "/home/pete/wefwefwef/docs/other/ff74cfc675ea410cf3501f0f161e795e/repo/0.5.0.2/.xml/specs_bcrypt_nif_worker.xml"
Generating HTML - bcrypt_app "/home/pete/wefwefwef/docs/other/ff74cfc675ea410cf3501f0f161e795e/repo/0.5.0.2/.xml/erlang-bcrypt/bcrypt_app.xml"
Generating HTML - bcrypt_nif "/home/pete/wefwefwef/docs/other/ff74cfc675ea410cf3501f0f161e795e/repo/0.5.0.2/.xml/erlang-bcrypt/bcrypt_nif.xml"
Reading XML for "/home/pete/wefwefwef/docs/other/ff74cfc675ea410cf3501f0f161e795e/repo/0.5.0.2/.xml/erlang-bcrypt/bcrypt_app.xml"
Reading XML for "/home/pete/wefwefwef/docs/other/ff74cfc675ea410cf3501f0f161e795e/repo/0.5.0.2/.xml/erlang-bcrypt/bcrypt_nif.xml"
Reading XML for "/home/pete/wefwefwef/docs/other/ff74cfc675ea410cf3501f0f161e795e/repo/0.5.0.2/.xml/specs_bcrypt_port.xml"
Reading XML for "/home/pete/wefwefwef/docs/other/ff74cfc675ea410cf3501f0f161e795e/repo/0.5.0.2/.xml/specs_bcrypt_sup.xml"
Generating HTML - bcrypt "/home/pete/wefwefwef/docs/other/ff74cfc675ea410cf3501f0f161e795e/repo/0.5.0.2/.xml/erlang-bcrypt/bcrypt.xml"
Reading XML for "/home/pete/wefwefwef/docs/other/ff74cfc675ea410cf3501f0f161e795e/repo/0.5.0.2/.xml/erlang-bcrypt/bcrypt.xml"
Generating HTML - bcrypt_port_sup "/home/pete/wefwefwef/docs/other/ff74cfc675ea410cf3501f0f161e795e/repo/0.5.0.2/.xml/erlang-bcrypt/bcrypt_port_sup.xml"
Reading XML for "/home/pete/wefwefwef/docs/other/ff74cfc675ea410cf3501f0f161e795e/repo/0.5.0.2/.xml/erlang-bcrypt/bcrypt_port_sup.xml"
Reading XML for "/home/pete/wefwefwef/docs/other/ff74cfc675ea410cf3501f0f161e795e/repo/0.5.0.2/.xml/specs_bcrypt_nif.xml"
Reading XML for "/home/pete/wefwefwef/docs/other/ff74cfc675ea410cf3501f0f161e795e/repo/0.5.0.2/.xml/specs_bcrypt_app.xml"
Reading XML for "/home/pete/wefwefwef/docs/other/ff74cfc675ea410cf3501f0f161e795e/repo/0.5.0.2/.xml/specs_bcrypt.xml"
Reading XML for "/home/pete/wefwefwef/docs/other/ff74cfc675ea410cf3501f0f161e795e/repo/0.5.0.2/.xml/specs_bcrypt_port_sup.xml"
Creating index.html ...
Creating erldocs_index.js ...
Woot, finished in 0 Minutes 0 Seconds
 :: Discovering other repos
$ 5000  `rm -r '/home/pete/wefwefwef/docs/other/ff74cfc675ea410cf3501f0f161e795e/erlang-bcrypt-tag-0.5.0.2'  2>&1`
 :: Processing https://github.com/opscode/erlang-bcrypt	{rev,tag,"0.5.0.1","3c067743df07973e1b10bbb0e87bea9cccae4ec6",undefined,[],[]}
 :: Fetching repo code
$ cd '/home/pete/wefwefwef/docs/other/ff74cfc675ea410cf3501f0f161e795e/erlang-bcrypt-tag-0.5.0.1'
$ infinity  `curl --fail --silent --show-error --location --output repo.tar.gz 'https://codeload.github.com/opscode/erlang-bcrypt/legacy.tar.gz/0.5.0.1'  2>&1`
$ cd '/home/pete/wefwefwef/docs/erldocs_other.git'
$ cd '/home/pete/wefwefwef/docs/other/ff74cfc675ea410cf3501f0f161e795e/erlang-bcrypt-tag-0.5.0.1/chef-erlang-bcrypt-488ba7e'
$ 5000  `find -P . -type l -delete  2>&1`
$ cd '/home/pete/wefwefwef/docs/erldocs_other.git'
$ 5000  `mv '/home/pete/wefwefwef/docs/other/ff74cfc675ea410cf3501f0f161e795e/erlang-bcrypt-tag-0.5.0.1/chef-erlang-bcrypt-488ba7e' '/home/pete/wefwefwef/docs/other/ff74cfc675ea410cf3501f0f161e795e/erlang-bcrypt-tag-0.5.0.1/erlang-bcrypt'  2>&1`
 :: Getting dependencies
$ cd '/home/pete/wefwefwef/docs/other/ff74cfc675ea410cf3501f0f161e795e/erlang-bcrypt-tag-0.5.0.1/erlang-bcrypt'
$ 5000  `ls -1 deps/  2>&1`
$ cd '/home/pete/wefwefwef/docs/erldocs_other.git'
>>> [rebar] deps = []
 :: Generating erldocs into /home/pete/wefwefwef/docs/other/ff74cfc675ea410cf3501f0f161e795e/repo/0.5.0.1
Building erlang-bcrypt
Generating Type Specs - "/home/pete/wefwefwef/docs/other/ff74cfc675ea410cf3501f0f161e795e/erlang-bcrypt-tag-0.5.0.1/erlang-bcrypt/src/bcrypt.erl"
Generating Type Specs - "/home/pete/wefwefwef/docs/other/ff74cfc675ea410cf3501f0f161e795e/erlang-bcrypt-tag-0.5.0.1/erlang-bcrypt/src/bcrypt_app.erl"
Generating Type Specs - "/home/pete/wefwefwef/docs/other/ff74cfc675ea410cf3501f0f161e795e/erlang-bcrypt-tag-0.5.0.1/erlang-bcrypt/src/bcrypt_nif.erl"
Generating Type Specs - "/home/pete/wefwefwef/docs/other/ff74cfc675ea410cf3501f0f161e795e/erlang-bcrypt-tag-0.5.0.1/erlang-bcrypt/src/bcrypt_nif_worker.erl"
Generating Type Specs - "/home/pete/wefwefwef/docs/other/ff74cfc675ea410cf3501f0f161e795e/erlang-bcrypt-tag-0.5.0.1/erlang-bcrypt/src/bcrypt_pool.erl"
Generating Type Specs - "/home/pete/wefwefwef/docs/other/ff74cfc675ea410cf3501f0f161e795e/erlang-bcrypt-tag-0.5.0.1/erlang-bcrypt/src/bcrypt_port.erl"
Generating Type Specs - "/home/pete/wefwefwef/docs/other/ff74cfc675ea410cf3501f0f161e795e/erlang-bcrypt-tag-0.5.0.1/erlang-bcrypt/src/bcrypt_port_sup.erl"
Generating Type Specs - "/home/pete/wefwefwef/docs/other/ff74cfc675ea410cf3501f0f161e795e/erlang-bcrypt-tag-0.5.0.1/erlang-bcrypt/src/bcrypt_sup.erl"
Generating XML for application erlang-bcrypt "/home/pete/wefwefwef/docs/other/ff74cfc675ea410cf3501f0f161e795e/erlang-bcrypt-tag-0.5.0.1/erlang-bcrypt" -> "/home/pete/wefwefwef/docs/other/ff74cfc675ea410cf3501f0f161e795e/repo/0.5.0.1/.xml/erlang-bcrypt"
Generated erlang-bcrypt XMLs: ["/home/pete/wefwefwef/docs/other/ff74cfc675ea410cf3501f0f161e795e/repo/0.5.0.1/.xml/erlang-bcrypt/bcrypt_nif.xml",
                               "/home/pete/wefwefwef/docs/other/ff74cfc675ea410cf3501f0f161e795e/repo/0.5.0.1/.xml/erlang-bcrypt/bcrypt_nif_worker.xml",
                               "/home/pete/wefwefwef/docs/other/ff74cfc675ea410cf3501f0f161e795e/repo/0.5.0.1/.xml/erlang-bcrypt/bcrypt_app.xml",
                               "/home/pete/wefwefwef/docs/other/ff74cfc675ea410cf3501f0f161e795e/repo/0.5.0.1/.xml/erlang-bcrypt/bcrypt_pool.xml",
                               "/home/pete/wefwefwef/docs/other/ff74cfc675ea410cf3501f0f161e795e/repo/0.5.0.1/.xml/erlang-bcrypt/bcrypt.xml",
                               "/home/pete/wefwefwef/docs/other/ff74cfc675ea410cf3501f0f161e795e/repo/0.5.0.1/.xml/erlang-bcrypt/bcrypt_port.xml",
                               "/home/pete/wefwefwef/docs/other/ff74cfc675ea410cf3501f0f161e795e/repo/0.5.0.1/.xml/erlang-bcrypt/bcrypt_port_sup.xml",
                               "/home/pete/wefwefwef/docs/other/ff74cfc675ea410cf3501f0f161e795e/repo/0.5.0.1/.xml/erlang-bcrypt/bcrypt_sup.xml"]
Generating HTML - bcrypt_nif_worker "/home/pete/wefwefwef/docs/other/ff74cfc675ea410cf3501f0f161e795e/repo/0.5.0.1/.xml/erlang-bcrypt/bcrypt_nif_worker.xml"
Generating HTML - bcrypt_pool "/home/pete/wefwefwef/docs/other/ff74cfc675ea410cf3501f0f161e795e/repo/0.5.0.1/.xml/erlang-bcrypt/bcrypt_pool.xml"
Generating HTML - bcrypt_port "/home/pete/wefwefwef/docs/other/ff74cfc675ea410cf3501f0f161e795e/repo/0.5.0.1/.xml/erlang-bcrypt/bcrypt_port.xml"
Generating HTML - bcrypt_sup "/home/pete/wefwefwef/docs/other/ff74cfc675ea410cf3501f0f161e795e/repo/0.5.0.1/.xml/erlang-bcrypt/bcrypt_sup.xml"
Reading XML for "/home/pete/wefwefwef/docs/other/ff74cfc675ea410cf3501f0f161e795e/repo/0.5.0.1/.xml/erlang-bcrypt/bcrypt_nif_worker.xml"
Reading XML for "/home/pete/wefwefwef/docs/other/ff74cfc675ea410cf3501f0f161e795e/repo/0.5.0.1/.xml/erlang-bcrypt/bcrypt_pool.xml"
Reading XML for "/home/pete/wefwefwef/docs/other/ff74cfc675ea410cf3501f0f161e795e/repo/0.5.0.1/.xml/erlang-bcrypt/bcrypt_port.xml"
Reading XML for "/home/pete/wefwefwef/docs/other/ff74cfc675ea410cf3501f0f161e795e/repo/0.5.0.1/.xml/erlang-bcrypt/bcrypt_sup.xml"
Reading XML for "/home/pete/wefwefwef/docs/other/ff74cfc675ea410cf3501f0f161e795e/repo/0.5.0.1/.xml/specs_bcrypt_pool.xml"
Reading XML for "/home/pete/wefwefwef/docs/other/ff74cfc675ea410cf3501f0f161e795e/repo/0.5.0.1/.xml/specs_bcrypt_nif_worker.xml"
Generating HTML - bcrypt_app "/home/pete/wefwefwef/docs/other/ff74cfc675ea410cf3501f0f161e795e/repo/0.5.0.1/.xml/erlang-bcrypt/bcrypt_app.xml"
Generating HTML - bcrypt_nif "/home/pete/wefwefwef/docs/other/ff74cfc675ea410cf3501f0f161e795e/repo/0.5.0.1/.xml/erlang-bcrypt/bcrypt_nif.xml"
Reading XML for "/home/pete/wefwefwef/docs/other/ff74cfc675ea410cf3501f0f161e795e/repo/0.5.0.1/.xml/erlang-bcrypt/bcrypt_app.xml"
Reading XML for "/home/pete/wefwefwef/docs/other/ff74cfc675ea410cf3501f0f161e795e/repo/0.5.0.1/.xml/erlang-bcrypt/bcrypt_nif.xml"
Reading XML for "/home/pete/wefwefwef/docs/other/ff74cfc675ea410cf3501f0f161e795e/repo/0.5.0.1/.xml/specs_bcrypt_port.xml"
Reading XML for "/home/pete/wefwefwef/docs/other/ff74cfc675ea410cf3501f0f161e795e/repo/0.5.0.1/.xml/specs_bcrypt_sup.xml"
Generating HTML - bcrypt "/home/pete/wefwefwef/docs/other/ff74cfc675ea410cf3501f0f161e795e/repo/0.5.0.1/.xml/erlang-bcrypt/bcrypt.xml"
Reading XML for "/home/pete/wefwefwef/docs/other/ff74cfc675ea410cf3501f0f161e795e/repo/0.5.0.1/.xml/erlang-bcrypt/bcrypt.xml"
Generating HTML - bcrypt_port_sup "/home/pete/wefwefwef/docs/other/ff74cfc675ea410cf3501f0f161e795e/repo/0.5.0.1/.xml/erlang-bcrypt/bcrypt_port_sup.xml"
Reading XML for "/home/pete/wefwefwef/docs/other/ff74cfc675ea410cf3501f0f161e795e/repo/0.5.0.1/.xml/erlang-bcrypt/bcrypt_port_sup.xml"
Reading XML for "/home/pete/wefwefwef/docs/other/ff74cfc675ea410cf3501f0f161e795e/repo/0.5.0.1/.xml/specs_bcrypt_nif.xml"
Reading XML for "/home/pete/wefwefwef/docs/other/ff74cfc675ea410cf3501f0f161e795e/repo/0.5.0.1/.xml/specs_bcrypt_app.xml"
Reading XML for "/home/pete/wefwefwef/docs/other/ff74cfc675ea410cf3501f0f161e795e/repo/0.5.0.1/.xml/specs_bcrypt.xml"
Reading XML for "/home/pete/wefwefwef/docs/other/ff74cfc675ea410cf3501f0f161e795e/repo/0.5.0.1/.xml/specs_bcrypt_port_sup.xml"
Creating index.html ...
Creating erldocs_index.js ...
Woot, finished in 0 Minutes 0 Seconds
 :: Discovering other repos
$ 5000  `rm -r '/home/pete/wefwefwef/docs/other/ff74cfc675ea410cf3501f0f161e795e/erlang-bcrypt-tag-0.5.0.1'  2>&1`
 :: Processing https://github.com/opscode/erlang-bcrypt	{rev,tag,"0.2","40dce638c9d34f975be670a37a6900b9cf6f97be",undefined,[],[]}
 :: Fetching repo code
$ cd '/home/pete/wefwefwef/docs/other/ff74cfc675ea410cf3501f0f161e795e/erlang-bcrypt-tag-0.2'
$ infinity  `curl --fail --silent --show-error --location --output repo.tar.gz 'https://codeload.github.com/opscode/erlang-bcrypt/legacy.tar.gz/0.2'  2>&1`
$ cd '/home/pete/wefwefwef/docs/erldocs_other.git'
$ cd '/home/pete/wefwefwef/docs/other/ff74cfc675ea410cf3501f0f161e795e/erlang-bcrypt-tag-0.2/chef-erlang-bcrypt-ecd8018'
$ 5000  `find -P . -type l -delete  2>&1`
$ cd '/home/pete/wefwefwef/docs/erldocs_other.git'
$ 5000  `mv '/home/pete/wefwefwef/docs/other/ff74cfc675ea410cf3501f0f161e795e/erlang-bcrypt-tag-0.2/chef-erlang-bcrypt-ecd8018' '/home/pete/wefwefwef/docs/other/ff74cfc675ea410cf3501f0f161e795e/erlang-bcrypt-tag-0.2/erlang-bcrypt'  2>&1`
 :: Getting dependencies
 :: Generating erldocs into /home/pete/wefwefwef/docs/other/ff74cfc675ea410cf3501f0f161e795e/repo/0.2
Building erlang-bcrypt
Generating XML for application erlang-bcrypt "/home/pete/wefwefwef/docs/other/ff74cfc675ea410cf3501f0f161e795e/erlang-bcrypt-tag-0.2/erlang-bcrypt" -> "/home/pete/wefwefwef/docs/other/ff74cfc675ea410cf3501f0f161e795e/repo/0.2/.xml/erlang-bcrypt"
Generated erlang-bcrypt XMLs: ["/home/pete/wefwefwef/docs/other/ff74cfc675ea410cf3501f0f161e795e/repo/0.2/.xml/erlang-bcrypt/bcrypt_app.xml",
                               "/home/pete/wefwefwef/docs/other/ff74cfc675ea410cf3501f0f161e795e/repo/0.2/.xml/erlang-bcrypt/bcrypt.xml",
                               "/home/pete/wefwefwef/docs/other/ff74cfc675ea410cf3501f0f161e795e/repo/0.2/.xml/erlang-bcrypt/bcrypt_sup.xml"]
Generating HTML - bcrypt_sup "/home/pete/wefwefwef/docs/other/ff74cfc675ea410cf3501f0f161e795e/repo/0.2/.xml/erlang-bcrypt/bcrypt_sup.xml"
Reading XML for "/home/pete/wefwefwef/docs/other/ff74cfc675ea410cf3501f0f161e795e/repo/0.2/.xml/erlang-bcrypt/bcrypt_sup.xml"
Generating HTML - bcrypt "/home/pete/wefwefwef/docs/other/ff74cfc675ea410cf3501f0f161e795e/repo/0.2/.xml/erlang-bcrypt/bcrypt.xml"
Reading XML for "/home/pete/wefwefwef/docs/other/ff74cfc675ea410cf3501f0f161e795e/repo/0.2/.xml/erlang-bcrypt/bcrypt.xml"
Generating HTML - bcrypt_app "/home/pete/wefwefwef/docs/other/ff74cfc675ea410cf3501f0f161e795e/repo/0.2/.xml/erlang-bcrypt/bcrypt_app.xml"
Reading XML for "/home/pete/wefwefwef/docs/other/ff74cfc675ea410cf3501f0f161e795e/repo/0.2/.xml/erlang-bcrypt/bcrypt_app.xml"
Creating index.html ...
Creating erldocs_index.js ...
Woot, finished in 0 Minutes 0 Seconds
 :: Discovering other repos
$ 5000  `rm -r '/home/pete/wefwefwef/docs/other/ff74cfc675ea410cf3501f0f161e795e/erlang-bcrypt-tag-0.2'  2>&1`
 :: Finishing up
$ 5000  `rm -r '/home/pete/wefwefwef/docs/other/ff74cfc675ea410cf3501f0f161e795e/erlang-bcrypt'  2>&1`
