 :: Extracting meta information
$ 5000  `git ls-remote --heads --tags 'https://github.com/maxelton/wbuildr'  2>&1`
>>> [repo] 1 branches, 0 tags
 :: Writing meta to "/home/pete/wefwefwef/docs/other/6081447291/meta.txt"
 :: Processing https://github.com/maxelton/wbuildr	{rev,branch,"master","52aa119f23228d26191865b0ff7e99bbc3bcc4be"}
 :: Fetching repo code
$ cd "/home/pete/wefwefwef/docs/other/6081447291/wbuildr-branch-master/wbuildr"
$ infinity  `curl --fail --silent --show-error --location --output 'master.zip' 'https://github.com/maxelton/wbuildr/archive/master.zip'  2>&1`
$ cd "/home/pete/wefwefwef/docs/erldocs_other.git"
$ cd "/home/pete/wefwefwef/docs/other/6081447291/wbuildr-branch-master/wbuildr"
$ 5000  `find -P . -type l -delete  2>&1`
$ cd "/home/pete/wefwefwef/docs/erldocs_other.git"
$ cd "/home/pete/wefwefwef/docs/other/6081447291/wbuildr-branch-master/wbuildr"
$ 5000  `find 'wbuildr-master' -mindepth 1 -maxdepth 1 -exec mv -t . -- {} +  2>&1`
$ cd "/home/pete/wefwefwef/docs/erldocs_other.git"
 :: Getting dependencies
$ cd "/home/pete/wefwefwef/docs/other/6081447291/wbuildr-branch-master/wbuildr"
$ 5000  `ls -1 deps/  2>&1`
$ cd "/home/pete/wefwefwef/docs/erldocs_other.git"
>>> [rebar] deps = []
 :: Generating erldocs into /home/pete/wefwefwef/docs/other/6081447291/repo/master
Building wbuildr
Generating Type Specs - "/home/pete/wefwefwef/docs/other/6081447291/wbuildr-branch-master/wbuildr/apps/wbuildr/src/reloader.erl"
Generating Type Specs - "/home/pete/wefwefwef/docs/other/6081447291/wbuildr-branch-master/wbuildr/apps/wbuildr/src/wbuildr.erl"
Generating XML for application wbuildr "/home/pete/wefwefwef/docs/other/6081447291/wbuildr-branch-master/wbuildr/apps/wbuildr" -> "/home/pete/wefwefwef/docs/other/6081447291/repo/master/.xml/wbuildr"
Generated wbuildr XMLs: ["/home/pete/wefwefwef/docs/other/6081447291/repo/master/.xml/wbuildr/wbuildr.xml",
                         "/home/pete/wefwefwef/docs/other/6081447291/repo/master/.xml/wbuildr/reloader.xml"]
Generating HTML - reloader "/home/pete/wefwefwef/docs/other/6081447291/repo/master/.xml/wbuildr/reloader.xml"
Reading XML for "/home/pete/wefwefwef/docs/other/6081447291/repo/master/.xml/wbuildr/reloader.xml"
Reading XML for "/home/pete/wefwefwef/docs/other/6081447291/repo/master/.xml/specs_reloader.xml"
Generating HTML - wbuildr "/home/pete/wefwefwef/docs/other/6081447291/repo/master/.xml/wbuildr/wbuildr.xml"
Reading XML for "/home/pete/wefwefwef/docs/other/6081447291/repo/master/.xml/wbuildr/wbuildr.xml"
Reading XML for "/home/pete/wefwefwef/docs/other/6081447291/repo/master/.xml/specs_wbuildr.xml"
Building wbuildr
Generating XML for application wbuildr "/home/pete/wefwefwef/docs/other/6081447291/wbuildr-branch-master/wbuildr" -> "/home/pete/wefwefwef/docs/other/6081447291/repo/master/.xml/wbuildr"
Generated wbuildr XMLs: ["/home/pete/wefwefwef/docs/other/6081447291/repo/master/.xml/wbuildr/wbuildr.xml",
                         "/home/pete/wefwefwef/docs/other/6081447291/repo/master/.xml/wbuildr/reloader.xml"]
Generating HTML - reloader "/home/pete/wefwefwef/docs/other/6081447291/repo/master/.xml/wbuildr/reloader.xml"
Reading XML for "/home/pete/wefwefwef/docs/other/6081447291/repo/master/.xml/wbuildr/reloader.xml"
Reading XML for "/home/pete/wefwefwef/docs/other/6081447291/repo/master/.xml/specs_reloader.xml"
Generating HTML - wbuildr "/home/pete/wefwefwef/docs/other/6081447291/repo/master/.xml/wbuildr/wbuildr.xml"
Reading XML for "/home/pete/wefwefwef/docs/other/6081447291/repo/master/.xml/wbuildr/wbuildr.xml"
Reading XML for "/home/pete/wefwefwef/docs/other/6081447291/repo/master/.xml/specs_wbuildr.xml"
Creating index.html ...
Creating erldocs_index.js ...
Woot, finished in 0 Minutes 0 Seconds
 :: Discovering other repos
$ 5000  `rm -r '/home/pete/wefwefwef/docs/other/6081447291/wbuildr-branch-master'  2>&1`
 :: Erldocs finishing up
$ 5000  `rm -r '/home/pete/wefwefwef/docs/other/6081447291/wbuildr'  2>&1`
