 :: Extracting meta information
$ infinity  `git ls-remote --heads --tags 'https://github.com/maciaslopez/wsdl-dsl'  2>&1`
>>> [repo] 2 branches, 0 tags
 :: Writing meta to "/home/pete/wefwefwef/docs/other/577b55e0abce7d609c481a1b7bb3fdc5/meta.txt"
 :: Processing https://github.com/maciaslopez/wsdl-dsl	{rev,branch,"wstoolkit","6215a4b1f516c63a10a71e78be1a1862070e19e2",undefined,[],[]}
 :: Fetching repo code
$ cd '/home/pete/wefwefwef/docs/other/577b55e0abce7d609c481a1b7bb3fdc5/wsdl-dsl-branch-wstoolkit'
$ infinity  `curl --fail --silent --show-error --location --output repo.tar.gz 'https://codeload.github.com/maciaslopez/wsdl-dsl/legacy.tar.gz/wstoolkit'  2>&1`
$ cd '/home/pete/wefwefwef/docs/erldocs_other.git'
$ cd '/home/pete/wefwefwef/docs/other/577b55e0abce7d609c481a1b7bb3fdc5/wsdl-dsl-branch-wstoolkit/maciaslopez-WSDL-DSL-6215a4b'
$ 5000  `find -P . -type l -delete  2>&1`
$ cd '/home/pete/wefwefwef/docs/erldocs_other.git'
$ 5000  `mv '/home/pete/wefwefwef/docs/other/577b55e0abce7d609c481a1b7bb3fdc5/wsdl-dsl-branch-wstoolkit/maciaslopez-WSDL-DSL-6215a4b' '/home/pete/wefwefwef/docs/other/577b55e0abce7d609c481a1b7bb3fdc5/wsdl-dsl-branch-wstoolkit/wsdl-dsl'  2>&1`
 :: Getting dependencies
$ cd '/home/pete/wefwefwef/docs/other/577b55e0abce7d609c481a1b7bb3fdc5/wsdl-dsl-branch-wstoolkit/wsdl-dsl'
$ 5000  `ls -1 deps/  2>&1`
$ cd '/home/pete/wefwefwef/docs/erldocs_other.git'
>>> [rebar] deps = []
 :: Generating erldocs into /home/pete/wefwefwef/docs/other/577b55e0abce7d609c481a1b7bb3fdc5/repo/wstoolkit
Building wsdl-dsl
Generating Type Specs - "/home/pete/wefwefwef/docs/other/577b55e0abce7d609c481a1b7bb3fdc5/wsdl-dsl-branch-wstoolkit/wsdl-dsl/src/erlang_regexp.erl"
Generating Type Specs - "/home/pete/wefwefwef/docs/other/577b55e0abce7d609c481a1b7bb3fdc5/wsdl-dsl-branch-wstoolkit/wsdl-dsl/src/regexp_gen.erl"
/home/pete/wefwefwef/docs/other/577b55e0abce7d609c481a1b7bb3fdc5/wsdl-dsl-branch-wstoolkit/wsdl-dsl/src/regexp_gen.erl: at line 10: can't find include lib "eqc/include/eqc.hrl"
EDoc could not process file '/home/pete/wefwefwef/docs/other/577b55e0abce7d609c481a1b7bb3fdc5/wsdl-dsl-branch-wstoolkit/wsdl-dsl/src/regexp_gen.erl'
Error generating type specs for "/home/pete/wefwefwef/docs/other/577b55e0abce7d609c481a1b7bb3fdc5/wsdl-dsl-branch-wstoolkit/wsdl-dsl/src/regexp_gen.erl"
Generating Type Specs - "/home/pete/wefwefwef/docs/other/577b55e0abce7d609c481a1b7bb3fdc5/wsdl-dsl-branch-wstoolkit/wsdl-dsl/src/wsdl_dsl.erl"
/home/pete/wefwefwef/docs/other/577b55e0abce7d609c481a1b7bb3fdc5/wsdl-dsl-branch-wstoolkit/wsdl-dsl/src/wsdl_dsl.erl: at line 19: can't find include lib "eqc/include/eqc.hrl"
EDoc could not process file '/home/pete/wefwefwef/docs/other/577b55e0abce7d609c481a1b7bb3fdc5/wsdl-dsl-branch-wstoolkit/wsdl-dsl/src/wsdl_dsl.erl'
Error generating type specs for "/home/pete/wefwefwef/docs/other/577b55e0abce7d609c481a1b7bb3fdc5/wsdl-dsl-branch-wstoolkit/wsdl-dsl/src/wsdl_dsl.erl"
Generating Type Specs - "/home/pete/wefwefwef/docs/other/577b55e0abce7d609c481a1b7bb3fdc5/wsdl-dsl-branch-wstoolkit/wsdl-dsl/src/wsdl_dsl_pp.erl"
Generating XML for application wsdl-dsl "/home/pete/wefwefwef/docs/other/577b55e0abce7d609c481a1b7bb3fdc5/wsdl-dsl-branch-wstoolkit/wsdl-dsl" -> "/home/pete/wefwefwef/docs/other/577b55e0abce7d609c481a1b7bb3fdc5/repo/wstoolkit/.xml/wsdl-dsl"
/home/pete/wefwefwef/docs/other/577b55e0abce7d609c481a1b7bb3fdc5/wsdl-dsl-branch-wstoolkit/wsdl-dsl/src/regexp_gen.erl: at line 10: can't find include lib "eqc/include/eqc.hrl"
edoc: skipping source file '/home/pete/wefwefwef/docs/other/577b55e0abce7d609c481a1b7bb3fdc5/wsdl-dsl-branch-wstoolkit/wsdl-dsl/src/regexp_gen.erl': {'EXIT',
                                                                                                                                                error}.
/home/pete/wefwefwef/docs/other/577b55e0abce7d609c481a1b7bb3fdc5/wsdl-dsl-branch-wstoolkit/wsdl-dsl/src/wsdl_dsl.erl: at line 19: can't find include lib "eqc/include/eqc.hrl"
edoc: skipping source file '/home/pete/wefwefwef/docs/other/577b55e0abce7d609c481a1b7bb3fdc5/wsdl-dsl-branch-wstoolkit/wsdl-dsl/src/wsdl_dsl.erl': {'EXIT',
                                                                                                                                              error}.
edoc: error in doclet 'edoc_doclet': {'EXIT',error}.
Error generating wsdl-dsl XMLs. Using fallback ...
Generating XML wsdl-dsl - erlang_regexp "/home/pete/wefwefwef/docs/other/577b55e0abce7d609c481a1b7bb3fdc5/wsdl-dsl-branch-wstoolkit/wsdl-dsl/src/erlang_regexp.erl" -> "/home/pete/wefwefwef/docs/other/577b55e0abce7d609c481a1b7bb3fdc5/repo/wstoolkit/.xml/wsdl-dsl/erlang_regexp.xml"
Generating XML wsdl-dsl - regexp_gen "/home/pete/wefwefwef/docs/other/577b55e0abce7d609c481a1b7bb3fdc5/wsdl-dsl-branch-wstoolkit/wsdl-dsl/src/regexp_gen.erl" -> "/home/pete/wefwefwef/docs/other/577b55e0abce7d609c481a1b7bb3fdc5/repo/wstoolkit/.xml/wsdl-dsl/regexp_gen.xml"
/home/pete/wefwefwef/docs/other/577b55e0abce7d609c481a1b7bb3fdc5/wsdl-dsl-branch-wstoolkit/wsdl-dsl/src/regexp_gen.erl: at line 10: can't find include lib "eqc/include/eqc.hrl"
Error generating XML ("/home/pete/wefwefwef/docs/other/577b55e0abce7d609c481a1b7bb3fdc5/wsdl-dsl-branch-wstoolkit/wsdl-dsl/src/regexp_gen.erl"): {'EXIT',
                                                                                                                                                  error}
Generating XML wsdl-dsl - wsdl_dsl "/home/pete/wefwefwef/docs/other/577b55e0abce7d609c481a1b7bb3fdc5/wsdl-dsl-branch-wstoolkit/wsdl-dsl/src/wsdl_dsl.erl" -> "/home/pete/wefwefwef/docs/other/577b55e0abce7d609c481a1b7bb3fdc5/repo/wstoolkit/.xml/wsdl-dsl/wsdl_dsl.xml"
/home/pete/wefwefwef/docs/other/577b55e0abce7d609c481a1b7bb3fdc5/wsdl-dsl-branch-wstoolkit/wsdl-dsl/src/wsdl_dsl.erl: at line 19: can't find include lib "eqc/include/eqc.hrl"
Error generating XML ("/home/pete/wefwefwef/docs/other/577b55e0abce7d609c481a1b7bb3fdc5/wsdl-dsl-branch-wstoolkit/wsdl-dsl/src/wsdl_dsl.erl"): {'EXIT',
                                                                                                                                                error}
Generating XML wsdl-dsl - wsdl_dsl_pp "/home/pete/wefwefwef/docs/other/577b55e0abce7d609c481a1b7bb3fdc5/wsdl-dsl-branch-wstoolkit/wsdl-dsl/src/wsdl_dsl_pp.erl" -> "/home/pete/wefwefwef/docs/other/577b55e0abce7d609c481a1b7bb3fdc5/repo/wstoolkit/.xml/wsdl-dsl/wsdl_dsl_pp.xml"
Generating HTML - erlang_regexp "/home/pete/wefwefwef/docs/other/577b55e0abce7d609c481a1b7bb3fdc5/repo/wstoolkit/.xml/wsdl-dsl/erlang_regexp.xml"
Reading XML for "/home/pete/wefwefwef/docs/other/577b55e0abce7d609c481a1b7bb3fdc5/repo/wstoolkit/.xml/wsdl-dsl/erlang_regexp.xml"
Reading XML for "/home/pete/wefwefwef/docs/other/577b55e0abce7d609c481a1b7bb3fdc5/repo/wstoolkit/.xml/specs_erlang_regexp.xml"
Generating HTML - wsdl_dsl_pp "/home/pete/wefwefwef/docs/other/577b55e0abce7d609c481a1b7bb3fdc5/repo/wstoolkit/.xml/wsdl-dsl/wsdl_dsl_pp.xml"
Reading XML for "/home/pete/wefwefwef/docs/other/577b55e0abce7d609c481a1b7bb3fdc5/repo/wstoolkit/.xml/wsdl-dsl/wsdl_dsl_pp.xml"
Reading XML for "/home/pete/wefwefwef/docs/other/577b55e0abce7d609c481a1b7bb3fdc5/repo/wstoolkit/.xml/specs_wsdl_dsl_pp.xml"
Creating index.html ...
Creating erldocs_index.js ...
Woot, finished in 0 Minutes 0 Seconds
 :: Discovering other repos
$ 5000  `rm -r '/home/pete/wefwefwef/docs/other/577b55e0abce7d609c481a1b7bb3fdc5/wsdl-dsl-branch-wstoolkit'  2>&1`
 :: Processing https://github.com/maciaslopez/wsdl-dsl	{rev,branch,"master","4063bd9d56bb04e59ca0c34f8127853e0dccbd9e",undefined,[],[]}
 :: Fetching repo code
$ cd '/home/pete/wefwefwef/docs/other/577b55e0abce7d609c481a1b7bb3fdc5/wsdl-dsl-branch-master'
$ infinity  `curl --fail --silent --show-error --location --output repo.tar.gz 'https://codeload.github.com/maciaslopez/wsdl-dsl/legacy.tar.gz/master'  2>&1`
$ cd '/home/pete/wefwefwef/docs/erldocs_other.git'
$ cd '/home/pete/wefwefwef/docs/other/577b55e0abce7d609c481a1b7bb3fdc5/wsdl-dsl-branch-master/maciaslopez-WSDL-DSL-4063bd9'
$ 5000  `find -P . -type l -delete  2>&1`
$ cd '/home/pete/wefwefwef/docs/erldocs_other.git'
$ 5000  `mv '/home/pete/wefwefwef/docs/other/577b55e0abce7d609c481a1b7bb3fdc5/wsdl-dsl-branch-master/maciaslopez-WSDL-DSL-4063bd9' '/home/pete/wefwefwef/docs/other/577b55e0abce7d609c481a1b7bb3fdc5/wsdl-dsl-branch-master/wsdl-dsl'  2>&1`
 :: Getting dependencies
$ cd '/home/pete/wefwefwef/docs/other/577b55e0abce7d609c481a1b7bb3fdc5/wsdl-dsl-branch-master/wsdl-dsl'
$ 5000  `ls -1 deps/  2>&1`
$ cd '/home/pete/wefwefwef/docs/erldocs_other.git'
>>> [rebar] deps = []
 :: Generating erldocs into /home/pete/wefwefwef/docs/other/577b55e0abce7d609c481a1b7bb3fdc5/repo/master
Building wsdl-dsl
Generating Type Specs - "/home/pete/wefwefwef/docs/other/577b55e0abce7d609c481a1b7bb3fdc5/wsdl-dsl-branch-master/wsdl-dsl/src/erlang_regexp.erl"
Generating Type Specs - "/home/pete/wefwefwef/docs/other/577b55e0abce7d609c481a1b7bb3fdc5/wsdl-dsl-branch-master/wsdl-dsl/src/regexp_gen.erl"
/home/pete/wefwefwef/docs/other/577b55e0abce7d609c481a1b7bb3fdc5/wsdl-dsl-branch-master/wsdl-dsl/src/regexp_gen.erl: at line 10: can't find include lib "eqc/include/eqc.hrl"
EDoc could not process file '/home/pete/wefwefwef/docs/other/577b55e0abce7d609c481a1b7bb3fdc5/wsdl-dsl-branch-master/wsdl-dsl/src/regexp_gen.erl'
Error generating type specs for "/home/pete/wefwefwef/docs/other/577b55e0abce7d609c481a1b7bb3fdc5/wsdl-dsl-branch-master/wsdl-dsl/src/regexp_gen.erl"
Generating Type Specs - "/home/pete/wefwefwef/docs/other/577b55e0abce7d609c481a1b7bb3fdc5/wsdl-dsl-branch-master/wsdl-dsl/src/wsdl_dsl.erl"
/home/pete/wefwefwef/docs/other/577b55e0abce7d609c481a1b7bb3fdc5/wsdl-dsl-branch-master/wsdl-dsl/src/wsdl_dsl.erl: at line 19: can't find include lib "eqc/include/eqc.hrl"
EDoc could not process file '/home/pete/wefwefwef/docs/other/577b55e0abce7d609c481a1b7bb3fdc5/wsdl-dsl-branch-master/wsdl-dsl/src/wsdl_dsl.erl'
Error generating type specs for "/home/pete/wefwefwef/docs/other/577b55e0abce7d609c481a1b7bb3fdc5/wsdl-dsl-branch-master/wsdl-dsl/src/wsdl_dsl.erl"
Generating Type Specs - "/home/pete/wefwefwef/docs/other/577b55e0abce7d609c481a1b7bb3fdc5/wsdl-dsl-branch-master/wsdl-dsl/src/wsdl_dsl_pp.erl"
Generating XML for application wsdl-dsl "/home/pete/wefwefwef/docs/other/577b55e0abce7d609c481a1b7bb3fdc5/wsdl-dsl-branch-master/wsdl-dsl" -> "/home/pete/wefwefwef/docs/other/577b55e0abce7d609c481a1b7bb3fdc5/repo/master/.xml/wsdl-dsl"
/home/pete/wefwefwef/docs/other/577b55e0abce7d609c481a1b7bb3fdc5/wsdl-dsl-branch-master/wsdl-dsl/src/regexp_gen.erl: at line 10: can't find include lib "eqc/include/eqc.hrl"
edoc: skipping source file '/home/pete/wefwefwef/docs/other/577b55e0abce7d609c481a1b7bb3fdc5/wsdl-dsl-branch-master/wsdl-dsl/src/regexp_gen.erl': {'EXIT',
                                                                                                                                             error}.
/home/pete/wefwefwef/docs/other/577b55e0abce7d609c481a1b7bb3fdc5/wsdl-dsl-branch-master/wsdl-dsl/src/wsdl_dsl.erl: at line 19: can't find include lib "eqc/include/eqc.hrl"
edoc: skipping source file '/home/pete/wefwefwef/docs/other/577b55e0abce7d609c481a1b7bb3fdc5/wsdl-dsl-branch-master/wsdl-dsl/src/wsdl_dsl.erl': {'EXIT',
                                                                                                                                           error}.
edoc: error in doclet 'edoc_doclet': {'EXIT',error}.
Error generating wsdl-dsl XMLs. Using fallback ...
Generating XML wsdl-dsl - erlang_regexp "/home/pete/wefwefwef/docs/other/577b55e0abce7d609c481a1b7bb3fdc5/wsdl-dsl-branch-master/wsdl-dsl/src/erlang_regexp.erl" -> "/home/pete/wefwefwef/docs/other/577b55e0abce7d609c481a1b7bb3fdc5/repo/master/.xml/wsdl-dsl/erlang_regexp.xml"
Generating XML wsdl-dsl - regexp_gen "/home/pete/wefwefwef/docs/other/577b55e0abce7d609c481a1b7bb3fdc5/wsdl-dsl-branch-master/wsdl-dsl/src/regexp_gen.erl" -> "/home/pete/wefwefwef/docs/other/577b55e0abce7d609c481a1b7bb3fdc5/repo/master/.xml/wsdl-dsl/regexp_gen.xml"
/home/pete/wefwefwef/docs/other/577b55e0abce7d609c481a1b7bb3fdc5/wsdl-dsl-branch-master/wsdl-dsl/src/regexp_gen.erl: at line 10: can't find include lib "eqc/include/eqc.hrl"
Error generating XML ("/home/pete/wefwefwef/docs/other/577b55e0abce7d609c481a1b7bb3fdc5/wsdl-dsl-branch-master/wsdl-dsl/src/regexp_gen.erl"): {'EXIT',
                                                                                                                                               error}
Generating XML wsdl-dsl - wsdl_dsl "/home/pete/wefwefwef/docs/other/577b55e0abce7d609c481a1b7bb3fdc5/wsdl-dsl-branch-master/wsdl-dsl/src/wsdl_dsl.erl" -> "/home/pete/wefwefwef/docs/other/577b55e0abce7d609c481a1b7bb3fdc5/repo/master/.xml/wsdl-dsl/wsdl_dsl.xml"
/home/pete/wefwefwef/docs/other/577b55e0abce7d609c481a1b7bb3fdc5/wsdl-dsl-branch-master/wsdl-dsl/src/wsdl_dsl.erl: at line 19: can't find include lib "eqc/include/eqc.hrl"
Error generating XML ("/home/pete/wefwefwef/docs/other/577b55e0abce7d609c481a1b7bb3fdc5/wsdl-dsl-branch-master/wsdl-dsl/src/wsdl_dsl.erl"): {'EXIT',
                                                                                                                                             error}
Generating XML wsdl-dsl - wsdl_dsl_pp "/home/pete/wefwefwef/docs/other/577b55e0abce7d609c481a1b7bb3fdc5/wsdl-dsl-branch-master/wsdl-dsl/src/wsdl_dsl_pp.erl" -> "/home/pete/wefwefwef/docs/other/577b55e0abce7d609c481a1b7bb3fdc5/repo/master/.xml/wsdl-dsl/wsdl_dsl_pp.xml"
Generating HTML - erlang_regexp "/home/pete/wefwefwef/docs/other/577b55e0abce7d609c481a1b7bb3fdc5/repo/master/.xml/wsdl-dsl/erlang_regexp.xml"
Reading XML for "/home/pete/wefwefwef/docs/other/577b55e0abce7d609c481a1b7bb3fdc5/repo/master/.xml/wsdl-dsl/erlang_regexp.xml"
Reading XML for "/home/pete/wefwefwef/docs/other/577b55e0abce7d609c481a1b7bb3fdc5/repo/master/.xml/specs_erlang_regexp.xml"
Generating HTML - wsdl_dsl_pp "/home/pete/wefwefwef/docs/other/577b55e0abce7d609c481a1b7bb3fdc5/repo/master/.xml/wsdl-dsl/wsdl_dsl_pp.xml"
Reading XML for "/home/pete/wefwefwef/docs/other/577b55e0abce7d609c481a1b7bb3fdc5/repo/master/.xml/wsdl-dsl/wsdl_dsl_pp.xml"
Reading XML for "/home/pete/wefwefwef/docs/other/577b55e0abce7d609c481a1b7bb3fdc5/repo/master/.xml/specs_wsdl_dsl_pp.xml"
Creating index.html ...
Creating erldocs_index.js ...
Woot, finished in 0 Minutes 0 Seconds
 :: Discovering other repos
$ 5000  `rm -r '/home/pete/wefwefwef/docs/other/577b55e0abce7d609c481a1b7bb3fdc5/wsdl-dsl-branch-master'  2>&1`
 :: Finishing up
$ 5000  `rm -r '/home/pete/wefwefwef/docs/other/577b55e0abce7d609c481a1b7bb3fdc5/wsdl-dsl'  2>&1`
