 :: Extracting meta information
$ 5000  `git ls-remote --heads --tags 'https://github.com/layerhq/thrift-erl'  2>&1`
>>> [repo] 2 branches, 0 tags
 :: Writing meta to "/home/pete/wefwefwef/docs/other/3836977333/meta.txt"
 :: Processing https://github.com/layerhq/thrift-erl	{rev,branch,"master","73f168aec1f43a840d484a9ec69e7c232e0b6115",undefined,[],[]}
 :: Fetching repo code
$ cd "/home/pete/wefwefwef/docs/other/3836977333/thrift-erl-branch-master/thrift-erl"
$ infinity  `curl --fail --silent --show-error --location --output 'master.zip' 'https://github.com/layerhq/thrift-erl/archive/master.zip'  2>&1`
$ cd "/home/pete/wefwefwef/docs/erldocs_other.git"
$ cd "/home/pete/wefwefwef/docs/other/3836977333/thrift-erl-branch-master/thrift-erl"
$ 5000  `find -P . -type l -delete  2>&1`
$ cd "/home/pete/wefwefwef/docs/erldocs_other.git"
$ cd "/home/pete/wefwefwef/docs/other/3836977333/thrift-erl-branch-master/thrift-erl"
$ 5000  `find 'thrift-erl-master' -mindepth 1 -maxdepth 1 -exec mv -t . -- {} +  2>&1`
$ cd "/home/pete/wefwefwef/docs/erldocs_other.git"
 :: Getting dependencies
$ cd "/home/pete/wefwefwef/docs/other/3836977333/thrift-erl-branch-master/thrift-erl"
$ 5000  `ls -1 deps/  2>&1`
$ cd "/home/pete/wefwefwef/docs/erldocs_other.git"
>>> [rebar] deps = []
 :: Generating erldocs into /home/pete/wefwefwef/docs/other/3836977333/repo/master
Building thrift-erl
Generating Type Specs - "/home/pete/wefwefwef/docs/other/3836977333/thrift-erl-branch-master/thrift-erl/src/thrift_base64_transport.erl"
/home/pete/wefwefwef/docs/other/3836977333/thrift-erl-branch-master/thrift-erl/src/thrift_base64_transport.erl, function new/1: at line 28: @spec name does not match.
EDoc could not process file '/home/pete/wefwefwef/docs/other/3836977333/thrift-erl-branch-master/thrift-erl/src/thrift_base64_transport.erl'
Error generating type specs for "/home/pete/wefwefwef/docs/other/3836977333/thrift-erl-branch-master/thrift-erl/src/thrift_base64_transport.erl"
Generating Type Specs - "/home/pete/wefwefwef/docs/other/3836977333/thrift-erl-branch-master/thrift-erl/src/thrift_binary_protocol.erl"
/home/pete/wefwefwef/docs/other/3836977333/thrift-erl-branch-master/thrift-erl/src/thrift_binary_protocol.erl, function new/1: at line 32: @spec arity does not match.
EDoc could not process file '/home/pete/wefwefwef/docs/other/3836977333/thrift-erl-branch-master/thrift-erl/src/thrift_binary_protocol.erl'
Error generating type specs for "/home/pete/wefwefwef/docs/other/3836977333/thrift-erl-branch-master/thrift-erl/src/thrift_binary_protocol.erl"
Generating Type Specs - "/home/pete/wefwefwef/docs/other/3836977333/thrift-erl-branch-master/thrift-erl/src/thrift_buffered_transport.erl"
/home/pete/wefwefwef/docs/other/3836977333/thrift-erl-branch-master/thrift-erl/src/thrift_buffered_transport.erl, function new/1: at line 28: @spec name does not match.
EDoc could not process file '/home/pete/wefwefwef/docs/other/3836977333/thrift-erl-branch-master/thrift-erl/src/thrift_buffered_transport.erl'
Error generating type specs for "/home/pete/wefwefwef/docs/other/3836977333/thrift-erl-branch-master/thrift-erl/src/thrift_buffered_transport.erl"
Generating Type Specs - "/home/pete/wefwefwef/docs/other/3836977333/thrift-erl-branch-master/thrift-erl/src/thrift_client.erl"
Generating Type Specs - "/home/pete/wefwefwef/docs/other/3836977333/thrift-erl-branch-master/thrift-erl/src/thrift_client_util.erl"
Generating Type Specs - "/home/pete/wefwefwef/docs/other/3836977333/thrift-erl-branch-master/thrift-erl/src/thrift_compact_protocol.erl"
/home/pete/wefwefwef/docs/other/3836977333/thrift-erl-branch-master/thrift-erl/src/thrift_compact_protocol.erl, function new/1: at line 32: @spec arity does not match.
EDoc could not process file '/home/pete/wefwefwef/docs/other/3836977333/thrift-erl-branch-master/thrift-erl/src/thrift_compact_protocol.erl'
Error generating type specs for "/home/pete/wefwefwef/docs/other/3836977333/thrift-erl-branch-master/thrift-erl/src/thrift_compact_protocol.erl"
Generating Type Specs - "/home/pete/wefwefwef/docs/other/3836977333/thrift-erl-branch-master/thrift-erl/src/thrift_disk_log_transport.erl"
/home/pete/wefwefwef/docs/other/3836977333/thrift-erl-branch-master/thrift-erl/src/thrift_disk_log_transport.erl, function new/2: at line 28: @spec arity does not match.
EDoc could not process file '/home/pete/wefwefwef/docs/other/3836977333/thrift-erl-branch-master/thrift-erl/src/thrift_disk_log_transport.erl'
Error generating type specs for "/home/pete/wefwefwef/docs/other/3836977333/thrift-erl-branch-master/thrift-erl/src/thrift_disk_log_transport.erl"
Generating Type Specs - "/home/pete/wefwefwef/docs/other/3836977333/thrift-erl-branch-master/thrift-erl/src/thrift_file_transport.erl"
/home/pete/wefwefwef/docs/other/3836977333/thrift-erl-branch-master/thrift-erl/src/thrift_file_transport.erl, function new_reader/1: at line 28: @spec name does not match.
EDoc could not process file '/home/pete/wefwefwef/docs/other/3836977333/thrift-erl-branch-master/thrift-erl/src/thrift_file_transport.erl'
Error generating type specs for "/home/pete/wefwefwef/docs/other/3836977333/thrift-erl-branch-master/thrift-erl/src/thrift_file_transport.erl"
Generating Type Specs - "/home/pete/wefwefwef/docs/other/3836977333/thrift-erl-branch-master/thrift-erl/src/thrift_framed_transport.erl"
/home/pete/wefwefwef/docs/other/3836977333/thrift-erl-branch-master/thrift-erl/src/thrift_framed_transport.erl, function new/1: at line 28: @spec name does not match.
EDoc could not process file '/home/pete/wefwefwef/docs/other/3836977333/thrift-erl-branch-master/thrift-erl/src/thrift_framed_transport.erl'
Error generating type specs for "/home/pete/wefwefwef/docs/other/3836977333/thrift-erl-branch-master/thrift-erl/src/thrift_framed_transport.erl"
Generating Type Specs - "/home/pete/wefwefwef/docs/other/3836977333/thrift-erl-branch-master/thrift-erl/src/thrift_http_transport.erl"
/home/pete/wefwefwef/docs/other/3836977333/thrift-erl-branch-master/thrift-erl/src/thrift_http_transport.erl, function new/2: at line 28: @spec arity does not match.
EDoc could not process file '/home/pete/wefwefwef/docs/other/3836977333/thrift-erl-branch-master/thrift-erl/src/thrift_http_transport.erl'
Error generating type specs for "/home/pete/wefwefwef/docs/other/3836977333/thrift-erl-branch-master/thrift-erl/src/thrift_http_transport.erl"
Generating Type Specs - "/home/pete/wefwefwef/docs/other/3836977333/thrift-erl-branch-master/thrift-erl/src/thrift_memory_buffer.erl"
/home/pete/wefwefwef/docs/other/3836977333/thrift-erl-branch-master/thrift-erl/src/thrift_memory_buffer.erl, function new/0: at line 28: @spec arity does not match.
EDoc could not process file '/home/pete/wefwefwef/docs/other/3836977333/thrift-erl-branch-master/thrift-erl/src/thrift_memory_buffer.erl'
Error generating type specs for "/home/pete/wefwefwef/docs/other/3836977333/thrift-erl-branch-master/thrift-erl/src/thrift_memory_buffer.erl"
Generating Type Specs - "/home/pete/wefwefwef/docs/other/3836977333/thrift-erl-branch-master/thrift-erl/src/thrift_processor.erl"
Generating Type Specs - "/home/pete/wefwefwef/docs/other/3836977333/thrift-erl-branch-master/thrift-erl/src/thrift_protocol.erl"
Generating Type Specs - "/home/pete/wefwefwef/docs/other/3836977333/thrift-erl-branch-master/thrift-erl/src/thrift_reconnecting_client.erl"
Generating Type Specs - "/home/pete/wefwefwef/docs/other/3836977333/thrift-erl-branch-master/thrift-erl/src/thrift_server.erl"
Generating Type Specs - "/home/pete/wefwefwef/docs/other/3836977333/thrift-erl-branch-master/thrift-erl/src/thrift_service.erl"
Generating Type Specs - "/home/pete/wefwefwef/docs/other/3836977333/thrift-erl-branch-master/thrift-erl/src/thrift_socket_server.erl"
Generating Type Specs - "/home/pete/wefwefwef/docs/other/3836977333/thrift-erl-branch-master/thrift-erl/src/thrift_socket_transport.erl"
/home/pete/wefwefwef/docs/other/3836977333/thrift-erl-branch-master/thrift-erl/src/thrift_socket_transport.erl, function new/1: at line 28: @spec name does not match.
EDoc could not process file '/home/pete/wefwefwef/docs/other/3836977333/thrift-erl-branch-master/thrift-erl/src/thrift_socket_transport.erl'
Error generating type specs for "/home/pete/wefwefwef/docs/other/3836977333/thrift-erl-branch-master/thrift-erl/src/thrift_socket_transport.erl"
Generating Type Specs - "/home/pete/wefwefwef/docs/other/3836977333/thrift-erl-branch-master/thrift-erl/src/thrift_transport.erl"
Generating Type Specs - "/home/pete/wefwefwef/docs/other/3836977333/thrift-erl-branch-master/thrift-erl/src/thrift_transport_state_test.erl"
/home/pete/wefwefwef/docs/other/3836977333/thrift-erl-branch-master/thrift-erl/src/thrift_transport_state_test.erl, function new/1: at line 28: @spec name does not match.
EDoc could not process file '/home/pete/wefwefwef/docs/other/3836977333/thrift-erl-branch-master/thrift-erl/src/thrift_transport_state_test.erl'
Error generating type specs for "/home/pete/wefwefwef/docs/other/3836977333/thrift-erl-branch-master/thrift-erl/src/thrift_transport_state_test.erl"
Generating XML for application thrift-erl "/home/pete/wefwefwef/docs/other/3836977333/thrift-erl-branch-master/thrift-erl" -> "/home/pete/wefwefwef/docs/other/3836977333/repo/master/.xml/thrift-erl"
/home/pete/wefwefwef/docs/other/3836977333/thrift-erl-branch-master/thrift-erl/src/thrift_base64_transport.erl, function new/1: at line 27: multiple @spec tag.
/home/pete/wefwefwef/docs/other/3836977333/thrift-erl-branch-master/thrift-erl/src/thrift_base64_transport.erl, function new/1: at line 26: multiple @spec tag.
/home/pete/wefwefwef/docs/other/3836977333/thrift-erl-branch-master/thrift-erl/src/thrift_base64_transport.erl, function new/1: at line 25: multiple @spec tag.
edoc: skipping source file '/home/pete/wefwefwef/docs/other/3836977333/thrift-erl-branch-master/thrift-erl/src/thrift_base64_transport.erl': {'EXIT',
                                                                                                                                        error}.
/home/pete/wefwefwef/docs/other/3836977333/thrift-erl-branch-master/thrift-erl/src/thrift_transport_state_test.erl, function new/1: at line 27: multiple @spec tag.
/home/pete/wefwefwef/docs/other/3836977333/thrift-erl-branch-master/thrift-erl/src/thrift_transport_state_test.erl, function new/1: at line 26: multiple @spec tag.
/home/pete/wefwefwef/docs/other/3836977333/thrift-erl-branch-master/thrift-erl/src/thrift_transport_state_test.erl, function new/1: at line 25: multiple @spec tag.
edoc: skipping source file '/home/pete/wefwefwef/docs/other/3836977333/thrift-erl-branch-master/thrift-erl/src/thrift_transport_state_test.erl': {'EXIT',
                                                                                                                                            error}.
/home/pete/wefwefwef/docs/other/3836977333/thrift-erl-branch-master/thrift-erl/src/thrift_disk_log_transport.erl, function new/2: at line 27: multiple @spec tag.
/home/pete/wefwefwef/docs/other/3836977333/thrift-erl-branch-master/thrift-erl/src/thrift_disk_log_transport.erl, function new/2: at line 26: multiple @spec tag.
/home/pete/wefwefwef/docs/other/3836977333/thrift-erl-branch-master/thrift-erl/src/thrift_disk_log_transport.erl, function new/2: at line 25: multiple @spec tag.
edoc: skipping source file '/home/pete/wefwefwef/docs/other/3836977333/thrift-erl-branch-master/thrift-erl/src/thrift_disk_log_transport.erl': {'EXIT',
                                                                                                                                          error}.
/home/pete/wefwefwef/docs/other/3836977333/thrift-erl-branch-master/thrift-erl/src/thrift_compact_protocol.erl, function new/1: at line 28: multiple @spec tag.
/home/pete/wefwefwef/docs/other/3836977333/thrift-erl-branch-master/thrift-erl/src/thrift_compact_protocol.erl, function new/1: at line 26: multiple @spec tag.
/home/pete/wefwefwef/docs/other/3836977333/thrift-erl-branch-master/thrift-erl/src/thrift_compact_protocol.erl, function new/1: at line 25: multiple @spec tag.
edoc: skipping source file '/home/pete/wefwefwef/docs/other/3836977333/thrift-erl-branch-master/thrift-erl/src/thrift_compact_protocol.erl': {'EXIT',
                                                                                                                                        error}.
/home/pete/wefwefwef/docs/other/3836977333/thrift-erl-branch-master/thrift-erl/src/thrift_binary_protocol.erl, function new/1: at line 28: multiple @spec tag.
/home/pete/wefwefwef/docs/other/3836977333/thrift-erl-branch-master/thrift-erl/src/thrift_binary_protocol.erl, function new/1: at line 26: multiple @spec tag.
/home/pete/wefwefwef/docs/other/3836977333/thrift-erl-branch-master/thrift-erl/src/thrift_binary_protocol.erl, function new/1: at line 25: multiple @spec tag.
edoc: skipping source file '/home/pete/wefwefwef/docs/other/3836977333/thrift-erl-branch-master/thrift-erl/src/thrift_binary_protocol.erl': {'EXIT',
                                                                                                                                       error}.
/home/pete/wefwefwef/docs/other/3836977333/thrift-erl-branch-master/thrift-erl/src/thrift_buffered_transport.erl, function new/1: at line 27: multiple @spec tag.
/home/pete/wefwefwef/docs/other/3836977333/thrift-erl-branch-master/thrift-erl/src/thrift_buffered_transport.erl, function new/1: at line 26: multiple @spec tag.
/home/pete/wefwefwef/docs/other/3836977333/thrift-erl-branch-master/thrift-erl/src/thrift_buffered_transport.erl, function new/1: at line 25: multiple @spec tag.
edoc: skipping source file '/home/pete/wefwefwef/docs/other/3836977333/thrift-erl-branch-master/thrift-erl/src/thrift_buffered_transport.erl': {'EXIT',
                                                                                                                                          error}.
/home/pete/wefwefwef/docs/other/3836977333/thrift-erl-branch-master/thrift-erl/src/thrift_http_transport.erl, function new/2: at line 27: multiple @spec tag.
/home/pete/wefwefwef/docs/other/3836977333/thrift-erl-branch-master/thrift-erl/src/thrift_http_transport.erl, function new/2: at line 26: multiple @spec tag.
/home/pete/wefwefwef/docs/other/3836977333/thrift-erl-branch-master/thrift-erl/src/thrift_http_transport.erl, function new/2: at line 25: multiple @spec tag.
edoc: skipping source file '/home/pete/wefwefwef/docs/other/3836977333/thrift-erl-branch-master/thrift-erl/src/thrift_http_transport.erl': {'EXIT',
                                                                                                                                      error}.
/home/pete/wefwefwef/docs/other/3836977333/thrift-erl-branch-master/thrift-erl/src/thrift_file_transport.erl, function new_reader/1: at line 27: multiple @spec tag.
/home/pete/wefwefwef/docs/other/3836977333/thrift-erl-branch-master/thrift-erl/src/thrift_file_transport.erl, function new_reader/1: at line 26: multiple @spec tag.
/home/pete/wefwefwef/docs/other/3836977333/thrift-erl-branch-master/thrift-erl/src/thrift_file_transport.erl, function new_reader/1: at line 25: multiple @spec tag.
edoc: skipping source file '/home/pete/wefwefwef/docs/other/3836977333/thrift-erl-branch-master/thrift-erl/src/thrift_file_transport.erl': {'EXIT',
                                                                                                                                      error}.
/home/pete/wefwefwef/docs/other/3836977333/thrift-erl-branch-master/thrift-erl/src/thrift_memory_buffer.erl, function new/0: at line 27: multiple @spec tag.
/home/pete/wefwefwef/docs/other/3836977333/thrift-erl-branch-master/thrift-erl/src/thrift_memory_buffer.erl, function new/0: at line 26: multiple @spec tag.
/home/pete/wefwefwef/docs/other/3836977333/thrift-erl-branch-master/thrift-erl/src/thrift_memory_buffer.erl, function new/0: at line 25: multiple @spec tag.
edoc: skipping source file '/home/pete/wefwefwef/docs/other/3836977333/thrift-erl-branch-master/thrift-erl/src/thrift_memory_buffer.erl': {'EXIT',
                                                                                                                                     error}.
/home/pete/wefwefwef/docs/other/3836977333/thrift-erl-branch-master/thrift-erl/src/thrift_framed_transport.erl, function new/1: at line 27: multiple @spec tag.
/home/pete/wefwefwef/docs/other/3836977333/thrift-erl-branch-master/thrift-erl/src/thrift_framed_transport.erl, function new/1: at line 26: multiple @spec tag.
/home/pete/wefwefwef/docs/other/3836977333/thrift-erl-branch-master/thrift-erl/src/thrift_framed_transport.erl, function new/1: at line 25: multiple @spec tag.
edoc: skipping source file '/home/pete/wefwefwef/docs/other/3836977333/thrift-erl-branch-master/thrift-erl/src/thrift_framed_transport.erl': {'EXIT',
                                                                                                                                        error}.
/home/pete/wefwefwef/docs/other/3836977333/thrift-erl-branch-master/thrift-erl/src/thrift_socket_transport.erl, function new/1: at line 27: multiple @spec tag.
/home/pete/wefwefwef/docs/other/3836977333/thrift-erl-branch-master/thrift-erl/src/thrift_socket_transport.erl, function new/1: at line 26: multiple @spec tag.
/home/pete/wefwefwef/docs/other/3836977333/thrift-erl-branch-master/thrift-erl/src/thrift_socket_transport.erl, function new/1: at line 25: multiple @spec tag.
edoc: skipping source file '/home/pete/wefwefwef/docs/other/3836977333/thrift-erl-branch-master/thrift-erl/src/thrift_socket_transport.erl': {'EXIT',
                                                                                                                                        error}.
edoc: error in doclet 'edoc_doclet': {'EXIT',error}.
Error generating thrift-erl XMLs. Using fallback ...
Generating XML thrift-erl - thrift_base64_transport "/home/pete/wefwefwef/docs/other/3836977333/thrift-erl-branch-master/thrift-erl/src/thrift_base64_transport.erl" -> "/home/pete/wefwefwef/docs/other/3836977333/repo/master/.xml/thrift-erl/thrift_base64_transport.xml"
/home/pete/wefwefwef/docs/other/3836977333/thrift-erl-branch-master/thrift-erl/src/thrift_base64_transport.erl, function new/1: at line 27: multiple @spec tag.
/home/pete/wefwefwef/docs/other/3836977333/thrift-erl-branch-master/thrift-erl/src/thrift_base64_transport.erl, function new/1: at line 26: multiple @spec tag.
/home/pete/wefwefwef/docs/other/3836977333/thrift-erl-branch-master/thrift-erl/src/thrift_base64_transport.erl, function new/1: at line 25: multiple @spec tag.
Error generating XML ("/home/pete/wefwefwef/docs/other/3836977333/thrift-erl-branch-master/thrift-erl/src/thrift_base64_transport.erl"): {'EXIT',
                                                                                                                                          error}
Generating XML thrift-erl - thrift_binary_protocol "/home/pete/wefwefwef/docs/other/3836977333/thrift-erl-branch-master/thrift-erl/src/thrift_binary_protocol.erl" -> "/home/pete/wefwefwef/docs/other/3836977333/repo/master/.xml/thrift-erl/thrift_binary_protocol.xml"
/home/pete/wefwefwef/docs/other/3836977333/thrift-erl-branch-master/thrift-erl/src/thrift_binary_protocol.erl, function new/1: at line 28: multiple @spec tag.
/home/pete/wefwefwef/docs/other/3836977333/thrift-erl-branch-master/thrift-erl/src/thrift_binary_protocol.erl, function new/1: at line 26: multiple @spec tag.
/home/pete/wefwefwef/docs/other/3836977333/thrift-erl-branch-master/thrift-erl/src/thrift_binary_protocol.erl, function new/1: at line 25: multiple @spec tag.
Error generating XML ("/home/pete/wefwefwef/docs/other/3836977333/thrift-erl-branch-master/thrift-erl/src/thrift_binary_protocol.erl"): {'EXIT',
                                                                                                                                         error}
Generating XML thrift-erl - thrift_buffered_transport "/home/pete/wefwefwef/docs/other/3836977333/thrift-erl-branch-master/thrift-erl/src/thrift_buffered_transport.erl" -> "/home/pete/wefwefwef/docs/other/3836977333/repo/master/.xml/thrift-erl/thrift_buffered_transport.xml"
/home/pete/wefwefwef/docs/other/3836977333/thrift-erl-branch-master/thrift-erl/src/thrift_buffered_transport.erl, function new/1: at line 27: multiple @spec tag.
/home/pete/wefwefwef/docs/other/3836977333/thrift-erl-branch-master/thrift-erl/src/thrift_buffered_transport.erl, function new/1: at line 26: multiple @spec tag.
/home/pete/wefwefwef/docs/other/3836977333/thrift-erl-branch-master/thrift-erl/src/thrift_buffered_transport.erl, function new/1: at line 25: multiple @spec tag.
Error generating XML ("/home/pete/wefwefwef/docs/other/3836977333/thrift-erl-branch-master/thrift-erl/src/thrift_buffered_transport.erl"): {'EXIT',
                                                                                                                                            error}
Generating XML thrift-erl - thrift_client "/home/pete/wefwefwef/docs/other/3836977333/thrift-erl-branch-master/thrift-erl/src/thrift_client.erl" -> "/home/pete/wefwefwef/docs/other/3836977333/repo/master/.xml/thrift-erl/thrift_client.xml"
Generating XML thrift-erl - thrift_client_util "/home/pete/wefwefwef/docs/other/3836977333/thrift-erl-branch-master/thrift-erl/src/thrift_client_util.erl" -> "/home/pete/wefwefwef/docs/other/3836977333/repo/master/.xml/thrift-erl/thrift_client_util.xml"
Generating XML thrift-erl - thrift_compact_protocol "/home/pete/wefwefwef/docs/other/3836977333/thrift-erl-branch-master/thrift-erl/src/thrift_compact_protocol.erl" -> "/home/pete/wefwefwef/docs/other/3836977333/repo/master/.xml/thrift-erl/thrift_compact_protocol.xml"
/home/pete/wefwefwef/docs/other/3836977333/thrift-erl-branch-master/thrift-erl/src/thrift_compact_protocol.erl, function new/1: at line 28: multiple @spec tag.
/home/pete/wefwefwef/docs/other/3836977333/thrift-erl-branch-master/thrift-erl/src/thrift_compact_protocol.erl, function new/1: at line 26: multiple @spec tag.
/home/pete/wefwefwef/docs/other/3836977333/thrift-erl-branch-master/thrift-erl/src/thrift_compact_protocol.erl, function new/1: at line 25: multiple @spec tag.
Error generating XML ("/home/pete/wefwefwef/docs/other/3836977333/thrift-erl-branch-master/thrift-erl/src/thrift_compact_protocol.erl"): {'EXIT',
                                                                                                                                          error}
Generating XML thrift-erl - thrift_disk_log_transport "/home/pete/wefwefwef/docs/other/3836977333/thrift-erl-branch-master/thrift-erl/src/thrift_disk_log_transport.erl" -> "/home/pete/wefwefwef/docs/other/3836977333/repo/master/.xml/thrift-erl/thrift_disk_log_transport.xml"
/home/pete/wefwefwef/docs/other/3836977333/thrift-erl-branch-master/thrift-erl/src/thrift_disk_log_transport.erl, function new/2: at line 27: multiple @spec tag.
/home/pete/wefwefwef/docs/other/3836977333/thrift-erl-branch-master/thrift-erl/src/thrift_disk_log_transport.erl, function new/2: at line 26: multiple @spec tag.
/home/pete/wefwefwef/docs/other/3836977333/thrift-erl-branch-master/thrift-erl/src/thrift_disk_log_transport.erl, function new/2: at line 25: multiple @spec tag.
Error generating XML ("/home/pete/wefwefwef/docs/other/3836977333/thrift-erl-branch-master/thrift-erl/src/thrift_disk_log_transport.erl"): {'EXIT',
                                                                                                                                            error}
Generating XML thrift-erl - thrift_file_transport "/home/pete/wefwefwef/docs/other/3836977333/thrift-erl-branch-master/thrift-erl/src/thrift_file_transport.erl" -> "/home/pete/wefwefwef/docs/other/3836977333/repo/master/.xml/thrift-erl/thrift_file_transport.xml"
/home/pete/wefwefwef/docs/other/3836977333/thrift-erl-branch-master/thrift-erl/src/thrift_file_transport.erl, function new_reader/1: at line 27: multiple @spec tag.
/home/pete/wefwefwef/docs/other/3836977333/thrift-erl-branch-master/thrift-erl/src/thrift_file_transport.erl, function new_reader/1: at line 26: multiple @spec tag.
/home/pete/wefwefwef/docs/other/3836977333/thrift-erl-branch-master/thrift-erl/src/thrift_file_transport.erl, function new_reader/1: at line 25: multiple @spec tag.
Error generating XML ("/home/pete/wefwefwef/docs/other/3836977333/thrift-erl-branch-master/thrift-erl/src/thrift_file_transport.erl"): {'EXIT',
                                                                                                                                        error}
Generating XML thrift-erl - thrift_framed_transport "/home/pete/wefwefwef/docs/other/3836977333/thrift-erl-branch-master/thrift-erl/src/thrift_framed_transport.erl" -> "/home/pete/wefwefwef/docs/other/3836977333/repo/master/.xml/thrift-erl/thrift_framed_transport.xml"
/home/pete/wefwefwef/docs/other/3836977333/thrift-erl-branch-master/thrift-erl/src/thrift_framed_transport.erl, function new/1: at line 27: multiple @spec tag.
/home/pete/wefwefwef/docs/other/3836977333/thrift-erl-branch-master/thrift-erl/src/thrift_framed_transport.erl, function new/1: at line 26: multiple @spec tag.
/home/pete/wefwefwef/docs/other/3836977333/thrift-erl-branch-master/thrift-erl/src/thrift_framed_transport.erl, function new/1: at line 25: multiple @spec tag.
Error generating XML ("/home/pete/wefwefwef/docs/other/3836977333/thrift-erl-branch-master/thrift-erl/src/thrift_framed_transport.erl"): {'EXIT',
                                                                                                                                          error}
Generating XML thrift-erl - thrift_http_transport "/home/pete/wefwefwef/docs/other/3836977333/thrift-erl-branch-master/thrift-erl/src/thrift_http_transport.erl" -> "/home/pete/wefwefwef/docs/other/3836977333/repo/master/.xml/thrift-erl/thrift_http_transport.xml"
/home/pete/wefwefwef/docs/other/3836977333/thrift-erl-branch-master/thrift-erl/src/thrift_http_transport.erl, function new/2: at line 27: multiple @spec tag.
/home/pete/wefwefwef/docs/other/3836977333/thrift-erl-branch-master/thrift-erl/src/thrift_http_transport.erl, function new/2: at line 26: multiple @spec tag.
/home/pete/wefwefwef/docs/other/3836977333/thrift-erl-branch-master/thrift-erl/src/thrift_http_transport.erl, function new/2: at line 25: multiple @spec tag.
Error generating XML ("/home/pete/wefwefwef/docs/other/3836977333/thrift-erl-branch-master/thrift-erl/src/thrift_http_transport.erl"): {'EXIT',
                                                                                                                                        error}
Generating XML thrift-erl - thrift_memory_buffer "/home/pete/wefwefwef/docs/other/3836977333/thrift-erl-branch-master/thrift-erl/src/thrift_memory_buffer.erl" -> "/home/pete/wefwefwef/docs/other/3836977333/repo/master/.xml/thrift-erl/thrift_memory_buffer.xml"
/home/pete/wefwefwef/docs/other/3836977333/thrift-erl-branch-master/thrift-erl/src/thrift_memory_buffer.erl, function new/0: at line 27: multiple @spec tag.
/home/pete/wefwefwef/docs/other/3836977333/thrift-erl-branch-master/thrift-erl/src/thrift_memory_buffer.erl, function new/0: at line 26: multiple @spec tag.
/home/pete/wefwefwef/docs/other/3836977333/thrift-erl-branch-master/thrift-erl/src/thrift_memory_buffer.erl, function new/0: at line 25: multiple @spec tag.
Error generating XML ("/home/pete/wefwefwef/docs/other/3836977333/thrift-erl-branch-master/thrift-erl/src/thrift_memory_buffer.erl"): {'EXIT',
                                                                                                                                       error}
Generating XML thrift-erl - thrift_processor "/home/pete/wefwefwef/docs/other/3836977333/thrift-erl-branch-master/thrift-erl/src/thrift_processor.erl" -> "/home/pete/wefwefwef/docs/other/3836977333/repo/master/.xml/thrift-erl/thrift_processor.xml"
Generating XML thrift-erl - thrift_protocol "/home/pete/wefwefwef/docs/other/3836977333/thrift-erl-branch-master/thrift-erl/src/thrift_protocol.erl" -> "/home/pete/wefwefwef/docs/other/3836977333/repo/master/.xml/thrift-erl/thrift_protocol.xml"
Generating XML thrift-erl - thrift_reconnecting_client "/home/pete/wefwefwef/docs/other/3836977333/thrift-erl-branch-master/thrift-erl/src/thrift_reconnecting_client.erl" -> "/home/pete/wefwefwef/docs/other/3836977333/repo/master/.xml/thrift-erl/thrift_reconnecting_client.xml"
Generating XML thrift-erl - thrift_server "/home/pete/wefwefwef/docs/other/3836977333/thrift-erl-branch-master/thrift-erl/src/thrift_server.erl" -> "/home/pete/wefwefwef/docs/other/3836977333/repo/master/.xml/thrift-erl/thrift_server.xml"
Generating XML thrift-erl - thrift_service "/home/pete/wefwefwef/docs/other/3836977333/thrift-erl-branch-master/thrift-erl/src/thrift_service.erl" -> "/home/pete/wefwefwef/docs/other/3836977333/repo/master/.xml/thrift-erl/thrift_service.xml"
Generating XML thrift-erl - thrift_socket_server "/home/pete/wefwefwef/docs/other/3836977333/thrift-erl-branch-master/thrift-erl/src/thrift_socket_server.erl" -> "/home/pete/wefwefwef/docs/other/3836977333/repo/master/.xml/thrift-erl/thrift_socket_server.xml"
Generating XML thrift-erl - thrift_socket_transport "/home/pete/wefwefwef/docs/other/3836977333/thrift-erl-branch-master/thrift-erl/src/thrift_socket_transport.erl" -> "/home/pete/wefwefwef/docs/other/3836977333/repo/master/.xml/thrift-erl/thrift_socket_transport.xml"
/home/pete/wefwefwef/docs/other/3836977333/thrift-erl-branch-master/thrift-erl/src/thrift_socket_transport.erl, function new/1: at line 27: multiple @spec tag.
/home/pete/wefwefwef/docs/other/3836977333/thrift-erl-branch-master/thrift-erl/src/thrift_socket_transport.erl, function new/1: at line 26: multiple @spec tag.
/home/pete/wefwefwef/docs/other/3836977333/thrift-erl-branch-master/thrift-erl/src/thrift_socket_transport.erl, function new/1: at line 25: multiple @spec tag.
Error generating XML ("/home/pete/wefwefwef/docs/other/3836977333/thrift-erl-branch-master/thrift-erl/src/thrift_socket_transport.erl"): {'EXIT',
                                                                                                                                          error}
Generating XML thrift-erl - thrift_transport "/home/pete/wefwefwef/docs/other/3836977333/thrift-erl-branch-master/thrift-erl/src/thrift_transport.erl" -> "/home/pete/wefwefwef/docs/other/3836977333/repo/master/.xml/thrift-erl/thrift_transport.xml"
Generating XML thrift-erl - thrift_transport_state_test "/home/pete/wefwefwef/docs/other/3836977333/thrift-erl-branch-master/thrift-erl/src/thrift_transport_state_test.erl" -> "/home/pete/wefwefwef/docs/other/3836977333/repo/master/.xml/thrift-erl/thrift_transport_state_test.xml"
/home/pete/wefwefwef/docs/other/3836977333/thrift-erl-branch-master/thrift-erl/src/thrift_transport_state_test.erl, function new/1: at line 27: multiple @spec tag.
/home/pete/wefwefwef/docs/other/3836977333/thrift-erl-branch-master/thrift-erl/src/thrift_transport_state_test.erl, function new/1: at line 26: multiple @spec tag.
/home/pete/wefwefwef/docs/other/3836977333/thrift-erl-branch-master/thrift-erl/src/thrift_transport_state_test.erl, function new/1: at line 25: multiple @spec tag.
Error generating XML ("/home/pete/wefwefwef/docs/other/3836977333/thrift-erl-branch-master/thrift-erl/src/thrift_transport_state_test.erl"): {'EXIT',
                                                                                                                                              error}
Generating HTML - thrift_socket_server "/home/pete/wefwefwef/docs/other/3836977333/repo/master/.xml/thrift-erl/thrift_socket_server.xml"
Generating HTML - thrift_server "/home/pete/wefwefwef/docs/other/3836977333/repo/master/.xml/thrift-erl/thrift_server.xml"
Generating HTML - thrift_protocol "/home/pete/wefwefwef/docs/other/3836977333/repo/master/.xml/thrift-erl/thrift_protocol.xml"
Generating HTML - thrift_client "/home/pete/wefwefwef/docs/other/3836977333/repo/master/.xml/thrift-erl/thrift_client.xml"
Reading XML for "/home/pete/wefwefwef/docs/other/3836977333/repo/master/.xml/thrift-erl/thrift_socket_server.xml"
Reading XML for "/home/pete/wefwefwef/docs/other/3836977333/repo/master/.xml/thrift-erl/thrift_server.xml"
Reading XML for "/home/pete/wefwefwef/docs/other/3836977333/repo/master/.xml/thrift-erl/thrift_protocol.xml"
Reading XML for "/home/pete/wefwefwef/docs/other/3836977333/repo/master/.xml/thrift-erl/thrift_client.xml"
Reading XML for "/home/pete/wefwefwef/docs/other/3836977333/repo/master/.xml/specs_thrift_socket_server.xml"
Reading XML for "/home/pete/wefwefwef/docs/other/3836977333/repo/master/.xml/specs_thrift_server.xml"
Reading XML for "/home/pete/wefwefwef/docs/other/3836977333/repo/master/.xml/specs_thrift_client.xml"
Generating HTML - thrift_transport "/home/pete/wefwefwef/docs/other/3836977333/repo/master/.xml/thrift-erl/thrift_transport.xml"
Generating HTML - thrift_service "/home/pete/wefwefwef/docs/other/3836977333/repo/master/.xml/thrift-erl/thrift_service.xml"
Reading XML for "/home/pete/wefwefwef/docs/other/3836977333/repo/master/.xml/thrift-erl/thrift_transport.xml"
Reading XML for "/home/pete/wefwefwef/docs/other/3836977333/repo/master/.xml/thrift-erl/thrift_service.xml"
Reading XML for "/home/pete/wefwefwef/docs/other/3836977333/repo/master/.xml/specs_thrift_protocol.xml"
Generating HTML - thrift_client_util "/home/pete/wefwefwef/docs/other/3836977333/repo/master/.xml/thrift-erl/thrift_client_util.xml"
Reading XML for "/home/pete/wefwefwef/docs/other/3836977333/repo/master/.xml/thrift-erl/thrift_client_util.xml"
Generating HTML - thrift_reconnecting_client "/home/pete/wefwefwef/docs/other/3836977333/repo/master/.xml/thrift-erl/thrift_reconnecting_client.xml"
Reading XML for "/home/pete/wefwefwef/docs/other/3836977333/repo/master/.xml/thrift-erl/thrift_reconnecting_client.xml"
Reading XML for "/home/pete/wefwefwef/docs/other/3836977333/repo/master/.xml/specs_thrift_transport.xml"
Reading XML for "/home/pete/wefwefwef/docs/other/3836977333/repo/master/.xml/specs_thrift_service.xml"
Reading XML for "/home/pete/wefwefwef/docs/other/3836977333/repo/master/.xml/specs_thrift_client_util.xml"
Generating HTML - thrift_processor "/home/pete/wefwefwef/docs/other/3836977333/repo/master/.xml/thrift-erl/thrift_processor.xml"
Reading XML for "/home/pete/wefwefwef/docs/other/3836977333/repo/master/.xml/thrift-erl/thrift_processor.xml"
Reading XML for "/home/pete/wefwefwef/docs/other/3836977333/repo/master/.xml/specs_thrift_reconnecting_client.xml"
Reading XML for "/home/pete/wefwefwef/docs/other/3836977333/repo/master/.xml/specs_thrift_processor.xml"
Creating index.html ...
Creating erldocs_index.js ...
Woot, finished in 0 Minutes 2 Seconds
 :: Discovering other repos
$ 5000  `rm -r '/home/pete/wefwefwef/docs/other/3836977333/thrift-erl-branch-master'  2>&1`
 :: Processing https://github.com/layerhq/thrift-erl	{rev,branch,"noah","73f168aec1f43a840d484a9ec69e7c232e0b6115",undefined,[],[]}
 :: Fetching repo code
$ cd "/home/pete/wefwefwef/docs/other/3836977333/thrift-erl-branch-noah/thrift-erl"
$ infinity  `curl --fail --silent --show-error --location --output 'noah.zip' 'https://github.com/layerhq/thrift-erl/archive/noah.zip'  2>&1`
$ cd "/home/pete/wefwefwef/docs/erldocs_other.git"
$ cd "/home/pete/wefwefwef/docs/other/3836977333/thrift-erl-branch-noah/thrift-erl"
$ 5000  `find -P . -type l -delete  2>&1`
$ cd "/home/pete/wefwefwef/docs/erldocs_other.git"
$ cd "/home/pete/wefwefwef/docs/other/3836977333/thrift-erl-branch-noah/thrift-erl"
$ 5000  `find 'thrift-erl-noah' -mindepth 1 -maxdepth 1 -exec mv -t . -- {} +  2>&1`
$ cd "/home/pete/wefwefwef/docs/erldocs_other.git"
 :: Getting dependencies
$ cd "/home/pete/wefwefwef/docs/other/3836977333/thrift-erl-branch-noah/thrift-erl"
$ 5000  `ls -1 deps/  2>&1`
$ cd "/home/pete/wefwefwef/docs/erldocs_other.git"
>>> [rebar] deps = []
 :: Generating erldocs into /home/pete/wefwefwef/docs/other/3836977333/repo/noah
Building thrift-erl
Generating Type Specs - "/home/pete/wefwefwef/docs/other/3836977333/thrift-erl-branch-noah/thrift-erl/src/thrift_base64_transport.erl"
/home/pete/wefwefwef/docs/other/3836977333/thrift-erl-branch-noah/thrift-erl/src/thrift_base64_transport.erl, function new/1: at line 28: @spec name does not match.
EDoc could not process file '/home/pete/wefwefwef/docs/other/3836977333/thrift-erl-branch-noah/thrift-erl/src/thrift_base64_transport.erl'
Error generating type specs for "/home/pete/wefwefwef/docs/other/3836977333/thrift-erl-branch-noah/thrift-erl/src/thrift_base64_transport.erl"
Generating Type Specs - "/home/pete/wefwefwef/docs/other/3836977333/thrift-erl-branch-noah/thrift-erl/src/thrift_binary_protocol.erl"
/home/pete/wefwefwef/docs/other/3836977333/thrift-erl-branch-noah/thrift-erl/src/thrift_binary_protocol.erl, function new/1: at line 32: @spec arity does not match.
EDoc could not process file '/home/pete/wefwefwef/docs/other/3836977333/thrift-erl-branch-noah/thrift-erl/src/thrift_binary_protocol.erl'
Error generating type specs for "/home/pete/wefwefwef/docs/other/3836977333/thrift-erl-branch-noah/thrift-erl/src/thrift_binary_protocol.erl"
Generating Type Specs - "/home/pete/wefwefwef/docs/other/3836977333/thrift-erl-branch-noah/thrift-erl/src/thrift_buffered_transport.erl"
/home/pete/wefwefwef/docs/other/3836977333/thrift-erl-branch-noah/thrift-erl/src/thrift_buffered_transport.erl, function new/1: at line 28: @spec name does not match.
EDoc could not process file '/home/pete/wefwefwef/docs/other/3836977333/thrift-erl-branch-noah/thrift-erl/src/thrift_buffered_transport.erl'
Error generating type specs for "/home/pete/wefwefwef/docs/other/3836977333/thrift-erl-branch-noah/thrift-erl/src/thrift_buffered_transport.erl"
Generating Type Specs - "/home/pete/wefwefwef/docs/other/3836977333/thrift-erl-branch-noah/thrift-erl/src/thrift_client.erl"
Generating Type Specs - "/home/pete/wefwefwef/docs/other/3836977333/thrift-erl-branch-noah/thrift-erl/src/thrift_client_util.erl"
Generating Type Specs - "/home/pete/wefwefwef/docs/other/3836977333/thrift-erl-branch-noah/thrift-erl/src/thrift_compact_protocol.erl"
/home/pete/wefwefwef/docs/other/3836977333/thrift-erl-branch-noah/thrift-erl/src/thrift_compact_protocol.erl, function new/1: at line 32: @spec arity does not match.
EDoc could not process file '/home/pete/wefwefwef/docs/other/3836977333/thrift-erl-branch-noah/thrift-erl/src/thrift_compact_protocol.erl'
Error generating type specs for "/home/pete/wefwefwef/docs/other/3836977333/thrift-erl-branch-noah/thrift-erl/src/thrift_compact_protocol.erl"
Generating Type Specs - "/home/pete/wefwefwef/docs/other/3836977333/thrift-erl-branch-noah/thrift-erl/src/thrift_disk_log_transport.erl"
/home/pete/wefwefwef/docs/other/3836977333/thrift-erl-branch-noah/thrift-erl/src/thrift_disk_log_transport.erl, function new/2: at line 28: @spec arity does not match.
EDoc could not process file '/home/pete/wefwefwef/docs/other/3836977333/thrift-erl-branch-noah/thrift-erl/src/thrift_disk_log_transport.erl'
Error generating type specs for "/home/pete/wefwefwef/docs/other/3836977333/thrift-erl-branch-noah/thrift-erl/src/thrift_disk_log_transport.erl"
Generating Type Specs - "/home/pete/wefwefwef/docs/other/3836977333/thrift-erl-branch-noah/thrift-erl/src/thrift_file_transport.erl"
/home/pete/wefwefwef/docs/other/3836977333/thrift-erl-branch-noah/thrift-erl/src/thrift_file_transport.erl, function new_reader/1: at line 28: @spec name does not match.
EDoc could not process file '/home/pete/wefwefwef/docs/other/3836977333/thrift-erl-branch-noah/thrift-erl/src/thrift_file_transport.erl'
Error generating type specs for "/home/pete/wefwefwef/docs/other/3836977333/thrift-erl-branch-noah/thrift-erl/src/thrift_file_transport.erl"
Generating Type Specs - "/home/pete/wefwefwef/docs/other/3836977333/thrift-erl-branch-noah/thrift-erl/src/thrift_framed_transport.erl"
/home/pete/wefwefwef/docs/other/3836977333/thrift-erl-branch-noah/thrift-erl/src/thrift_framed_transport.erl, function new/1: at line 28: @spec name does not match.
EDoc could not process file '/home/pete/wefwefwef/docs/other/3836977333/thrift-erl-branch-noah/thrift-erl/src/thrift_framed_transport.erl'
Error generating type specs for "/home/pete/wefwefwef/docs/other/3836977333/thrift-erl-branch-noah/thrift-erl/src/thrift_framed_transport.erl"
Generating Type Specs - "/home/pete/wefwefwef/docs/other/3836977333/thrift-erl-branch-noah/thrift-erl/src/thrift_http_transport.erl"
/home/pete/wefwefwef/docs/other/3836977333/thrift-erl-branch-noah/thrift-erl/src/thrift_http_transport.erl, function new/2: at line 28: @spec arity does not match.
EDoc could not process file '/home/pete/wefwefwef/docs/other/3836977333/thrift-erl-branch-noah/thrift-erl/src/thrift_http_transport.erl'
Error generating type specs for "/home/pete/wefwefwef/docs/other/3836977333/thrift-erl-branch-noah/thrift-erl/src/thrift_http_transport.erl"
Generating Type Specs - "/home/pete/wefwefwef/docs/other/3836977333/thrift-erl-branch-noah/thrift-erl/src/thrift_memory_buffer.erl"
/home/pete/wefwefwef/docs/other/3836977333/thrift-erl-branch-noah/thrift-erl/src/thrift_memory_buffer.erl, function new/0: at line 28: @spec arity does not match.
EDoc could not process file '/home/pete/wefwefwef/docs/other/3836977333/thrift-erl-branch-noah/thrift-erl/src/thrift_memory_buffer.erl'
Error generating type specs for "/home/pete/wefwefwef/docs/other/3836977333/thrift-erl-branch-noah/thrift-erl/src/thrift_memory_buffer.erl"
Generating Type Specs - "/home/pete/wefwefwef/docs/other/3836977333/thrift-erl-branch-noah/thrift-erl/src/thrift_processor.erl"
Generating Type Specs - "/home/pete/wefwefwef/docs/other/3836977333/thrift-erl-branch-noah/thrift-erl/src/thrift_protocol.erl"
Generating Type Specs - "/home/pete/wefwefwef/docs/other/3836977333/thrift-erl-branch-noah/thrift-erl/src/thrift_reconnecting_client.erl"
Generating Type Specs - "/home/pete/wefwefwef/docs/other/3836977333/thrift-erl-branch-noah/thrift-erl/src/thrift_server.erl"
Generating Type Specs - "/home/pete/wefwefwef/docs/other/3836977333/thrift-erl-branch-noah/thrift-erl/src/thrift_service.erl"
Generating Type Specs - "/home/pete/wefwefwef/docs/other/3836977333/thrift-erl-branch-noah/thrift-erl/src/thrift_socket_server.erl"
Generating Type Specs - "/home/pete/wefwefwef/docs/other/3836977333/thrift-erl-branch-noah/thrift-erl/src/thrift_socket_transport.erl"
/home/pete/wefwefwef/docs/other/3836977333/thrift-erl-branch-noah/thrift-erl/src/thrift_socket_transport.erl, function new/1: at line 28: @spec name does not match.
EDoc could not process file '/home/pete/wefwefwef/docs/other/3836977333/thrift-erl-branch-noah/thrift-erl/src/thrift_socket_transport.erl'
Error generating type specs for "/home/pete/wefwefwef/docs/other/3836977333/thrift-erl-branch-noah/thrift-erl/src/thrift_socket_transport.erl"
Generating Type Specs - "/home/pete/wefwefwef/docs/other/3836977333/thrift-erl-branch-noah/thrift-erl/src/thrift_transport.erl"
Generating Type Specs - "/home/pete/wefwefwef/docs/other/3836977333/thrift-erl-branch-noah/thrift-erl/src/thrift_transport_state_test.erl"
/home/pete/wefwefwef/docs/other/3836977333/thrift-erl-branch-noah/thrift-erl/src/thrift_transport_state_test.erl, function new/1: at line 28: @spec name does not match.
EDoc could not process file '/home/pete/wefwefwef/docs/other/3836977333/thrift-erl-branch-noah/thrift-erl/src/thrift_transport_state_test.erl'
Error generating type specs for "/home/pete/wefwefwef/docs/other/3836977333/thrift-erl-branch-noah/thrift-erl/src/thrift_transport_state_test.erl"
Generating XML for application thrift-erl "/home/pete/wefwefwef/docs/other/3836977333/thrift-erl-branch-noah/thrift-erl" -> "/home/pete/wefwefwef/docs/other/3836977333/repo/noah/.xml/thrift-erl"
/home/pete/wefwefwef/docs/other/3836977333/thrift-erl-branch-noah/thrift-erl/src/thrift_base64_transport.erl, function new/1: at line 27: multiple @spec tag.
/home/pete/wefwefwef/docs/other/3836977333/thrift-erl-branch-noah/thrift-erl/src/thrift_base64_transport.erl, function new/1: at line 26: multiple @spec tag.
/home/pete/wefwefwef/docs/other/3836977333/thrift-erl-branch-noah/thrift-erl/src/thrift_base64_transport.erl, function new/1: at line 25: multiple @spec tag.
edoc: skipping source file '/home/pete/wefwefwef/docs/other/3836977333/thrift-erl-branch-noah/thrift-erl/src/thrift_base64_transport.erl': {'EXIT',
                                                                                                                                      error}.
/home/pete/wefwefwef/docs/other/3836977333/thrift-erl-branch-noah/thrift-erl/src/thrift_transport_state_test.erl, function new/1: at line 27: multiple @spec tag.
/home/pete/wefwefwef/docs/other/3836977333/thrift-erl-branch-noah/thrift-erl/src/thrift_transport_state_test.erl, function new/1: at line 26: multiple @spec tag.
/home/pete/wefwefwef/docs/other/3836977333/thrift-erl-branch-noah/thrift-erl/src/thrift_transport_state_test.erl, function new/1: at line 25: multiple @spec tag.
edoc: skipping source file '/home/pete/wefwefwef/docs/other/3836977333/thrift-erl-branch-noah/thrift-erl/src/thrift_transport_state_test.erl': {'EXIT',
                                                                                                                                          error}.
/home/pete/wefwefwef/docs/other/3836977333/thrift-erl-branch-noah/thrift-erl/src/thrift_disk_log_transport.erl, function new/2: at line 27: multiple @spec tag.
/home/pete/wefwefwef/docs/other/3836977333/thrift-erl-branch-noah/thrift-erl/src/thrift_disk_log_transport.erl, function new/2: at line 26: multiple @spec tag.
/home/pete/wefwefwef/docs/other/3836977333/thrift-erl-branch-noah/thrift-erl/src/thrift_disk_log_transport.erl, function new/2: at line 25: multiple @spec tag.
edoc: skipping source file '/home/pete/wefwefwef/docs/other/3836977333/thrift-erl-branch-noah/thrift-erl/src/thrift_disk_log_transport.erl': {'EXIT',
                                                                                                                                        error}.
/home/pete/wefwefwef/docs/other/3836977333/thrift-erl-branch-noah/thrift-erl/src/thrift_compact_protocol.erl, function new/1: at line 28: multiple @spec tag.
/home/pete/wefwefwef/docs/other/3836977333/thrift-erl-branch-noah/thrift-erl/src/thrift_compact_protocol.erl, function new/1: at line 26: multiple @spec tag.
/home/pete/wefwefwef/docs/other/3836977333/thrift-erl-branch-noah/thrift-erl/src/thrift_compact_protocol.erl, function new/1: at line 25: multiple @spec tag.
edoc: skipping source file '/home/pete/wefwefwef/docs/other/3836977333/thrift-erl-branch-noah/thrift-erl/src/thrift_compact_protocol.erl': {'EXIT',
                                                                                                                                      error}.
/home/pete/wefwefwef/docs/other/3836977333/thrift-erl-branch-noah/thrift-erl/src/thrift_binary_protocol.erl, function new/1: at line 28: multiple @spec tag.
/home/pete/wefwefwef/docs/other/3836977333/thrift-erl-branch-noah/thrift-erl/src/thrift_binary_protocol.erl, function new/1: at line 26: multiple @spec tag.
/home/pete/wefwefwef/docs/other/3836977333/thrift-erl-branch-noah/thrift-erl/src/thrift_binary_protocol.erl, function new/1: at line 25: multiple @spec tag.
edoc: skipping source file '/home/pete/wefwefwef/docs/other/3836977333/thrift-erl-branch-noah/thrift-erl/src/thrift_binary_protocol.erl': {'EXIT',
                                                                                                                                     error}.
/home/pete/wefwefwef/docs/other/3836977333/thrift-erl-branch-noah/thrift-erl/src/thrift_buffered_transport.erl, function new/1: at line 27: multiple @spec tag.
/home/pete/wefwefwef/docs/other/3836977333/thrift-erl-branch-noah/thrift-erl/src/thrift_buffered_transport.erl, function new/1: at line 26: multiple @spec tag.
/home/pete/wefwefwef/docs/other/3836977333/thrift-erl-branch-noah/thrift-erl/src/thrift_buffered_transport.erl, function new/1: at line 25: multiple @spec tag.
edoc: skipping source file '/home/pete/wefwefwef/docs/other/3836977333/thrift-erl-branch-noah/thrift-erl/src/thrift_buffered_transport.erl': {'EXIT',
                                                                                                                                        error}.
/home/pete/wefwefwef/docs/other/3836977333/thrift-erl-branch-noah/thrift-erl/src/thrift_http_transport.erl, function new/2: at line 27: multiple @spec tag.
/home/pete/wefwefwef/docs/other/3836977333/thrift-erl-branch-noah/thrift-erl/src/thrift_http_transport.erl, function new/2: at line 26: multiple @spec tag.
/home/pete/wefwefwef/docs/other/3836977333/thrift-erl-branch-noah/thrift-erl/src/thrift_http_transport.erl, function new/2: at line 25: multiple @spec tag.
edoc: skipping source file '/home/pete/wefwefwef/docs/other/3836977333/thrift-erl-branch-noah/thrift-erl/src/thrift_http_transport.erl': {'EXIT',
                                                                                                                                    error}.
/home/pete/wefwefwef/docs/other/3836977333/thrift-erl-branch-noah/thrift-erl/src/thrift_file_transport.erl, function new_reader/1: at line 27: multiple @spec tag.
/home/pete/wefwefwef/docs/other/3836977333/thrift-erl-branch-noah/thrift-erl/src/thrift_file_transport.erl, function new_reader/1: at line 26: multiple @spec tag.
/home/pete/wefwefwef/docs/other/3836977333/thrift-erl-branch-noah/thrift-erl/src/thrift_file_transport.erl, function new_reader/1: at line 25: multiple @spec tag.
edoc: skipping source file '/home/pete/wefwefwef/docs/other/3836977333/thrift-erl-branch-noah/thrift-erl/src/thrift_file_transport.erl': {'EXIT',
                                                                                                                                    error}.
/home/pete/wefwefwef/docs/other/3836977333/thrift-erl-branch-noah/thrift-erl/src/thrift_memory_buffer.erl, function new/0: at line 27: multiple @spec tag.
/home/pete/wefwefwef/docs/other/3836977333/thrift-erl-branch-noah/thrift-erl/src/thrift_memory_buffer.erl, function new/0: at line 26: multiple @spec tag.
/home/pete/wefwefwef/docs/other/3836977333/thrift-erl-branch-noah/thrift-erl/src/thrift_memory_buffer.erl, function new/0: at line 25: multiple @spec tag.
edoc: skipping source file '/home/pete/wefwefwef/docs/other/3836977333/thrift-erl-branch-noah/thrift-erl/src/thrift_memory_buffer.erl': {'EXIT',
                                                                                                                                   error}.
/home/pete/wefwefwef/docs/other/3836977333/thrift-erl-branch-noah/thrift-erl/src/thrift_framed_transport.erl, function new/1: at line 27: multiple @spec tag.
/home/pete/wefwefwef/docs/other/3836977333/thrift-erl-branch-noah/thrift-erl/src/thrift_framed_transport.erl, function new/1: at line 26: multiple @spec tag.
/home/pete/wefwefwef/docs/other/3836977333/thrift-erl-branch-noah/thrift-erl/src/thrift_framed_transport.erl, function new/1: at line 25: multiple @spec tag.
edoc: skipping source file '/home/pete/wefwefwef/docs/other/3836977333/thrift-erl-branch-noah/thrift-erl/src/thrift_framed_transport.erl': {'EXIT',
                                                                                                                                      error}.
/home/pete/wefwefwef/docs/other/3836977333/thrift-erl-branch-noah/thrift-erl/src/thrift_socket_transport.erl, function new/1: at line 27: multiple @spec tag.
/home/pete/wefwefwef/docs/other/3836977333/thrift-erl-branch-noah/thrift-erl/src/thrift_socket_transport.erl, function new/1: at line 26: multiple @spec tag.
/home/pete/wefwefwef/docs/other/3836977333/thrift-erl-branch-noah/thrift-erl/src/thrift_socket_transport.erl, function new/1: at line 25: multiple @spec tag.
edoc: skipping source file '/home/pete/wefwefwef/docs/other/3836977333/thrift-erl-branch-noah/thrift-erl/src/thrift_socket_transport.erl': {'EXIT',
                                                                                                                                      error}.
edoc: error in doclet 'edoc_doclet': {'EXIT',error}.
Error generating thrift-erl XMLs. Using fallback ...
Generating XML thrift-erl - thrift_base64_transport "/home/pete/wefwefwef/docs/other/3836977333/thrift-erl-branch-noah/thrift-erl/src/thrift_base64_transport.erl" -> "/home/pete/wefwefwef/docs/other/3836977333/repo/noah/.xml/thrift-erl/thrift_base64_transport.xml"
/home/pete/wefwefwef/docs/other/3836977333/thrift-erl-branch-noah/thrift-erl/src/thrift_base64_transport.erl, function new/1: at line 27: multiple @spec tag.
/home/pete/wefwefwef/docs/other/3836977333/thrift-erl-branch-noah/thrift-erl/src/thrift_base64_transport.erl, function new/1: at line 26: multiple @spec tag.
/home/pete/wefwefwef/docs/other/3836977333/thrift-erl-branch-noah/thrift-erl/src/thrift_base64_transport.erl, function new/1: at line 25: multiple @spec tag.
Error generating XML ("/home/pete/wefwefwef/docs/other/3836977333/thrift-erl-branch-noah/thrift-erl/src/thrift_base64_transport.erl"): {'EXIT',
                                                                                                                                        error}
Generating XML thrift-erl - thrift_binary_protocol "/home/pete/wefwefwef/docs/other/3836977333/thrift-erl-branch-noah/thrift-erl/src/thrift_binary_protocol.erl" -> "/home/pete/wefwefwef/docs/other/3836977333/repo/noah/.xml/thrift-erl/thrift_binary_protocol.xml"
/home/pete/wefwefwef/docs/other/3836977333/thrift-erl-branch-noah/thrift-erl/src/thrift_binary_protocol.erl, function new/1: at line 28: multiple @spec tag.
/home/pete/wefwefwef/docs/other/3836977333/thrift-erl-branch-noah/thrift-erl/src/thrift_binary_protocol.erl, function new/1: at line 26: multiple @spec tag.
/home/pete/wefwefwef/docs/other/3836977333/thrift-erl-branch-noah/thrift-erl/src/thrift_binary_protocol.erl, function new/1: at line 25: multiple @spec tag.
Error generating XML ("/home/pete/wefwefwef/docs/other/3836977333/thrift-erl-branch-noah/thrift-erl/src/thrift_binary_protocol.erl"): {'EXIT',
                                                                                                                                       error}
Generating XML thrift-erl - thrift_buffered_transport "/home/pete/wefwefwef/docs/other/3836977333/thrift-erl-branch-noah/thrift-erl/src/thrift_buffered_transport.erl" -> "/home/pete/wefwefwef/docs/other/3836977333/repo/noah/.xml/thrift-erl/thrift_buffered_transport.xml"
/home/pete/wefwefwef/docs/other/3836977333/thrift-erl-branch-noah/thrift-erl/src/thrift_buffered_transport.erl, function new/1: at line 27: multiple @spec tag.
/home/pete/wefwefwef/docs/other/3836977333/thrift-erl-branch-noah/thrift-erl/src/thrift_buffered_transport.erl, function new/1: at line 26: multiple @spec tag.
/home/pete/wefwefwef/docs/other/3836977333/thrift-erl-branch-noah/thrift-erl/src/thrift_buffered_transport.erl, function new/1: at line 25: multiple @spec tag.
Error generating XML ("/home/pete/wefwefwef/docs/other/3836977333/thrift-erl-branch-noah/thrift-erl/src/thrift_buffered_transport.erl"): {'EXIT',
                                                                                                                                          error}
Generating XML thrift-erl - thrift_client "/home/pete/wefwefwef/docs/other/3836977333/thrift-erl-branch-noah/thrift-erl/src/thrift_client.erl" -> "/home/pete/wefwefwef/docs/other/3836977333/repo/noah/.xml/thrift-erl/thrift_client.xml"
Generating XML thrift-erl - thrift_client_util "/home/pete/wefwefwef/docs/other/3836977333/thrift-erl-branch-noah/thrift-erl/src/thrift_client_util.erl" -> "/home/pete/wefwefwef/docs/other/3836977333/repo/noah/.xml/thrift-erl/thrift_client_util.xml"
Generating XML thrift-erl - thrift_compact_protocol "/home/pete/wefwefwef/docs/other/3836977333/thrift-erl-branch-noah/thrift-erl/src/thrift_compact_protocol.erl" -> "/home/pete/wefwefwef/docs/other/3836977333/repo/noah/.xml/thrift-erl/thrift_compact_protocol.xml"
/home/pete/wefwefwef/docs/other/3836977333/thrift-erl-branch-noah/thrift-erl/src/thrift_compact_protocol.erl, function new/1: at line 28: multiple @spec tag.
/home/pete/wefwefwef/docs/other/3836977333/thrift-erl-branch-noah/thrift-erl/src/thrift_compact_protocol.erl, function new/1: at line 26: multiple @spec tag.
/home/pete/wefwefwef/docs/other/3836977333/thrift-erl-branch-noah/thrift-erl/src/thrift_compact_protocol.erl, function new/1: at line 25: multiple @spec tag.
Error generating XML ("/home/pete/wefwefwef/docs/other/3836977333/thrift-erl-branch-noah/thrift-erl/src/thrift_compact_protocol.erl"): {'EXIT',
                                                                                                                                        error}
Generating XML thrift-erl - thrift_disk_log_transport "/home/pete/wefwefwef/docs/other/3836977333/thrift-erl-branch-noah/thrift-erl/src/thrift_disk_log_transport.erl" -> "/home/pete/wefwefwef/docs/other/3836977333/repo/noah/.xml/thrift-erl/thrift_disk_log_transport.xml"
/home/pete/wefwefwef/docs/other/3836977333/thrift-erl-branch-noah/thrift-erl/src/thrift_disk_log_transport.erl, function new/2: at line 27: multiple @spec tag.
/home/pete/wefwefwef/docs/other/3836977333/thrift-erl-branch-noah/thrift-erl/src/thrift_disk_log_transport.erl, function new/2: at line 26: multiple @spec tag.
/home/pete/wefwefwef/docs/other/3836977333/thrift-erl-branch-noah/thrift-erl/src/thrift_disk_log_transport.erl, function new/2: at line 25: multiple @spec tag.
Error generating XML ("/home/pete/wefwefwef/docs/other/3836977333/thrift-erl-branch-noah/thrift-erl/src/thrift_disk_log_transport.erl"): {'EXIT',
                                                                                                                                          error}
Generating XML thrift-erl - thrift_file_transport "/home/pete/wefwefwef/docs/other/3836977333/thrift-erl-branch-noah/thrift-erl/src/thrift_file_transport.erl" -> "/home/pete/wefwefwef/docs/other/3836977333/repo/noah/.xml/thrift-erl/thrift_file_transport.xml"
/home/pete/wefwefwef/docs/other/3836977333/thrift-erl-branch-noah/thrift-erl/src/thrift_file_transport.erl, function new_reader/1: at line 27: multiple @spec tag.
/home/pete/wefwefwef/docs/other/3836977333/thrift-erl-branch-noah/thrift-erl/src/thrift_file_transport.erl, function new_reader/1: at line 26: multiple @spec tag.
/home/pete/wefwefwef/docs/other/3836977333/thrift-erl-branch-noah/thrift-erl/src/thrift_file_transport.erl, function new_reader/1: at line 25: multiple @spec tag.
Error generating XML ("/home/pete/wefwefwef/docs/other/3836977333/thrift-erl-branch-noah/thrift-erl/src/thrift_file_transport.erl"): {'EXIT',
                                                                                                                                      error}
Generating XML thrift-erl - thrift_framed_transport "/home/pete/wefwefwef/docs/other/3836977333/thrift-erl-branch-noah/thrift-erl/src/thrift_framed_transport.erl" -> "/home/pete/wefwefwef/docs/other/3836977333/repo/noah/.xml/thrift-erl/thrift_framed_transport.xml"
/home/pete/wefwefwef/docs/other/3836977333/thrift-erl-branch-noah/thrift-erl/src/thrift_framed_transport.erl, function new/1: at line 27: multiple @spec tag.
/home/pete/wefwefwef/docs/other/3836977333/thrift-erl-branch-noah/thrift-erl/src/thrift_framed_transport.erl, function new/1: at line 26: multiple @spec tag.
/home/pete/wefwefwef/docs/other/3836977333/thrift-erl-branch-noah/thrift-erl/src/thrift_framed_transport.erl, function new/1: at line 25: multiple @spec tag.
Error generating XML ("/home/pete/wefwefwef/docs/other/3836977333/thrift-erl-branch-noah/thrift-erl/src/thrift_framed_transport.erl"): {'EXIT',
                                                                                                                                        error}
Generating XML thrift-erl - thrift_http_transport "/home/pete/wefwefwef/docs/other/3836977333/thrift-erl-branch-noah/thrift-erl/src/thrift_http_transport.erl" -> "/home/pete/wefwefwef/docs/other/3836977333/repo/noah/.xml/thrift-erl/thrift_http_transport.xml"
/home/pete/wefwefwef/docs/other/3836977333/thrift-erl-branch-noah/thrift-erl/src/thrift_http_transport.erl, function new/2: at line 27: multiple @spec tag.
/home/pete/wefwefwef/docs/other/3836977333/thrift-erl-branch-noah/thrift-erl/src/thrift_http_transport.erl, function new/2: at line 26: multiple @spec tag.
/home/pete/wefwefwef/docs/other/3836977333/thrift-erl-branch-noah/thrift-erl/src/thrift_http_transport.erl, function new/2: at line 25: multiple @spec tag.
Error generating XML ("/home/pete/wefwefwef/docs/other/3836977333/thrift-erl-branch-noah/thrift-erl/src/thrift_http_transport.erl"): {'EXIT',
                                                                                                                                      error}
Generating XML thrift-erl - thrift_memory_buffer "/home/pete/wefwefwef/docs/other/3836977333/thrift-erl-branch-noah/thrift-erl/src/thrift_memory_buffer.erl" -> "/home/pete/wefwefwef/docs/other/3836977333/repo/noah/.xml/thrift-erl/thrift_memory_buffer.xml"
/home/pete/wefwefwef/docs/other/3836977333/thrift-erl-branch-noah/thrift-erl/src/thrift_memory_buffer.erl, function new/0: at line 27: multiple @spec tag.
/home/pete/wefwefwef/docs/other/3836977333/thrift-erl-branch-noah/thrift-erl/src/thrift_memory_buffer.erl, function new/0: at line 26: multiple @spec tag.
/home/pete/wefwefwef/docs/other/3836977333/thrift-erl-branch-noah/thrift-erl/src/thrift_memory_buffer.erl, function new/0: at line 25: multiple @spec tag.
Error generating XML ("/home/pete/wefwefwef/docs/other/3836977333/thrift-erl-branch-noah/thrift-erl/src/thrift_memory_buffer.erl"): {'EXIT',
                                                                                                                                     error}
Generating XML thrift-erl - thrift_processor "/home/pete/wefwefwef/docs/other/3836977333/thrift-erl-branch-noah/thrift-erl/src/thrift_processor.erl" -> "/home/pete/wefwefwef/docs/other/3836977333/repo/noah/.xml/thrift-erl/thrift_processor.xml"
Generating XML thrift-erl - thrift_protocol "/home/pete/wefwefwef/docs/other/3836977333/thrift-erl-branch-noah/thrift-erl/src/thrift_protocol.erl" -> "/home/pete/wefwefwef/docs/other/3836977333/repo/noah/.xml/thrift-erl/thrift_protocol.xml"
Generating XML thrift-erl - thrift_reconnecting_client "/home/pete/wefwefwef/docs/other/3836977333/thrift-erl-branch-noah/thrift-erl/src/thrift_reconnecting_client.erl" -> "/home/pete/wefwefwef/docs/other/3836977333/repo/noah/.xml/thrift-erl/thrift_reconnecting_client.xml"
Generating XML thrift-erl - thrift_server "/home/pete/wefwefwef/docs/other/3836977333/thrift-erl-branch-noah/thrift-erl/src/thrift_server.erl" -> "/home/pete/wefwefwef/docs/other/3836977333/repo/noah/.xml/thrift-erl/thrift_server.xml"
Generating XML thrift-erl - thrift_service "/home/pete/wefwefwef/docs/other/3836977333/thrift-erl-branch-noah/thrift-erl/src/thrift_service.erl" -> "/home/pete/wefwefwef/docs/other/3836977333/repo/noah/.xml/thrift-erl/thrift_service.xml"
Generating XML thrift-erl - thrift_socket_server "/home/pete/wefwefwef/docs/other/3836977333/thrift-erl-branch-noah/thrift-erl/src/thrift_socket_server.erl" -> "/home/pete/wefwefwef/docs/other/3836977333/repo/noah/.xml/thrift-erl/thrift_socket_server.xml"
Generating XML thrift-erl - thrift_socket_transport "/home/pete/wefwefwef/docs/other/3836977333/thrift-erl-branch-noah/thrift-erl/src/thrift_socket_transport.erl" -> "/home/pete/wefwefwef/docs/other/3836977333/repo/noah/.xml/thrift-erl/thrift_socket_transport.xml"
/home/pete/wefwefwef/docs/other/3836977333/thrift-erl-branch-noah/thrift-erl/src/thrift_socket_transport.erl, function new/1: at line 27: multiple @spec tag.
/home/pete/wefwefwef/docs/other/3836977333/thrift-erl-branch-noah/thrift-erl/src/thrift_socket_transport.erl, function new/1: at line 26: multiple @spec tag.
/home/pete/wefwefwef/docs/other/3836977333/thrift-erl-branch-noah/thrift-erl/src/thrift_socket_transport.erl, function new/1: at line 25: multiple @spec tag.
Error generating XML ("/home/pete/wefwefwef/docs/other/3836977333/thrift-erl-branch-noah/thrift-erl/src/thrift_socket_transport.erl"): {'EXIT',
                                                                                                                                        error}
Generating XML thrift-erl - thrift_transport "/home/pete/wefwefwef/docs/other/3836977333/thrift-erl-branch-noah/thrift-erl/src/thrift_transport.erl" -> "/home/pete/wefwefwef/docs/other/3836977333/repo/noah/.xml/thrift-erl/thrift_transport.xml"
Generating XML thrift-erl - thrift_transport_state_test "/home/pete/wefwefwef/docs/other/3836977333/thrift-erl-branch-noah/thrift-erl/src/thrift_transport_state_test.erl" -> "/home/pete/wefwefwef/docs/other/3836977333/repo/noah/.xml/thrift-erl/thrift_transport_state_test.xml"
/home/pete/wefwefwef/docs/other/3836977333/thrift-erl-branch-noah/thrift-erl/src/thrift_transport_state_test.erl, function new/1: at line 27: multiple @spec tag.
/home/pete/wefwefwef/docs/other/3836977333/thrift-erl-branch-noah/thrift-erl/src/thrift_transport_state_test.erl, function new/1: at line 26: multiple @spec tag.
/home/pete/wefwefwef/docs/other/3836977333/thrift-erl-branch-noah/thrift-erl/src/thrift_transport_state_test.erl, function new/1: at line 25: multiple @spec tag.
Error generating XML ("/home/pete/wefwefwef/docs/other/3836977333/thrift-erl-branch-noah/thrift-erl/src/thrift_transport_state_test.erl"): {'EXIT',
                                                                                                                                            error}
Generating HTML - thrift_socket_server "/home/pete/wefwefwef/docs/other/3836977333/repo/noah/.xml/thrift-erl/thrift_socket_server.xml"
Generating HTML - thrift_server "/home/pete/wefwefwef/docs/other/3836977333/repo/noah/.xml/thrift-erl/thrift_server.xml"
Generating HTML - thrift_protocol "/home/pete/wefwefwef/docs/other/3836977333/repo/noah/.xml/thrift-erl/thrift_protocol.xml"
Generating HTML - thrift_client "/home/pete/wefwefwef/docs/other/3836977333/repo/noah/.xml/thrift-erl/thrift_client.xml"
Reading XML for "/home/pete/wefwefwef/docs/other/3836977333/repo/noah/.xml/thrift-erl/thrift_socket_server.xml"
Reading XML for "/home/pete/wefwefwef/docs/other/3836977333/repo/noah/.xml/thrift-erl/thrift_server.xml"
Reading XML for "/home/pete/wefwefwef/docs/other/3836977333/repo/noah/.xml/thrift-erl/thrift_protocol.xml"
Reading XML for "/home/pete/wefwefwef/docs/other/3836977333/repo/noah/.xml/thrift-erl/thrift_client.xml"
Reading XML for "/home/pete/wefwefwef/docs/other/3836977333/repo/noah/.xml/specs_thrift_socket_server.xml"
Reading XML for "/home/pete/wefwefwef/docs/other/3836977333/repo/noah/.xml/specs_thrift_server.xml"
Reading XML for "/home/pete/wefwefwef/docs/other/3836977333/repo/noah/.xml/specs_thrift_client.xml"
Generating HTML - thrift_transport "/home/pete/wefwefwef/docs/other/3836977333/repo/noah/.xml/thrift-erl/thrift_transport.xml"
Reading XML for "/home/pete/wefwefwef/docs/other/3836977333/repo/noah/.xml/specs_thrift_protocol.xml"
Reading XML for "/home/pete/wefwefwef/docs/other/3836977333/repo/noah/.xml/thrift-erl/thrift_transport.xml"
Generating HTML - thrift_service "/home/pete/wefwefwef/docs/other/3836977333/repo/noah/.xml/thrift-erl/thrift_service.xml"
Reading XML for "/home/pete/wefwefwef/docs/other/3836977333/repo/noah/.xml/thrift-erl/thrift_service.xml"
Generating HTML - thrift_client_util "/home/pete/wefwefwef/docs/other/3836977333/repo/noah/.xml/thrift-erl/thrift_client_util.xml"
Reading XML for "/home/pete/wefwefwef/docs/other/3836977333/repo/noah/.xml/thrift-erl/thrift_client_util.xml"
Generating HTML - thrift_reconnecting_client "/home/pete/wefwefwef/docs/other/3836977333/repo/noah/.xml/thrift-erl/thrift_reconnecting_client.xml"
Reading XML for "/home/pete/wefwefwef/docs/other/3836977333/repo/noah/.xml/thrift-erl/thrift_reconnecting_client.xml"
Reading XML for "/home/pete/wefwefwef/docs/other/3836977333/repo/noah/.xml/specs_thrift_transport.xml"
Reading XML for "/home/pete/wefwefwef/docs/other/3836977333/repo/noah/.xml/specs_thrift_service.xml"
Reading XML for "/home/pete/wefwefwef/docs/other/3836977333/repo/noah/.xml/specs_thrift_client_util.xml"
Generating HTML - thrift_processor "/home/pete/wefwefwef/docs/other/3836977333/repo/noah/.xml/thrift-erl/thrift_processor.xml"
Reading XML for "/home/pete/wefwefwef/docs/other/3836977333/repo/noah/.xml/thrift-erl/thrift_processor.xml"
Reading XML for "/home/pete/wefwefwef/docs/other/3836977333/repo/noah/.xml/specs_thrift_reconnecting_client.xml"
Reading XML for "/home/pete/wefwefwef/docs/other/3836977333/repo/noah/.xml/specs_thrift_processor.xml"
Creating index.html ...
Creating erldocs_index.js ...
Woot, finished in 0 Minutes 2 Seconds
 :: Discovering other repos
$ 5000  `rm -r '/home/pete/wefwefwef/docs/other/3836977333/thrift-erl-branch-noah'  2>&1`
 :: Finishing up
$ 5000  `rm -r '/home/pete/wefwefwef/docs/other/3836977333/thrift-erl'  2>&1`
