 :: Extracting meta information
$ 5000  `git ls-remote --heads --tags 'https://github.com/esl/wsecli'  2>&1`
>>> [repo] 4 branches, 7 tags
 :: Writing meta to "/home/pete/wefwefwef/docs/other/2709925310/meta.txt"
 :: Processing https://github.com/esl/wsecli	{rev,tag,"0.1.0","68e3f4ff665d7fb3e9a3869036ca3da8f43c7437",undefined,[],[]}
 :: Fetching repo code
$ cd "/home/pete/wefwefwef/docs/other/2709925310/wsecli-tag-0.1.0/wsecli"
$ infinity  `curl --fail --silent --show-error --location --output '0.1.0.zip' 'https://github.com/esl/wsecli/archive/0.1.0.zip'  2>&1`
$ cd "/home/pete/wefwefwef/docs/erldocs_other.git"
$ cd "/home/pete/wefwefwef/docs/other/2709925310/wsecli-tag-0.1.0/wsecli"
$ 5000  `find -P . -type l -delete  2>&1`
$ cd "/home/pete/wefwefwef/docs/erldocs_other.git"
$ cd "/home/pete/wefwefwef/docs/other/2709925310/wsecli-tag-0.1.0/wsecli"
$ 5000  `find 'wsecli-0.1.0' -mindepth 1 -maxdepth 1 -exec mv -t . -- {} +  2>&1`
$ cd "/home/pete/wefwefwef/docs/erldocs_other.git"
 :: Getting dependencies
$ cd "/home/pete/wefwefwef/docs/other/2709925310/wsecli-tag-0.1.0/wsecli"
$ infinity  `rebar --config '/home/pete/wefwefwef/docs/other/2709925310/wsecli-tag-0.1.0/rebar_deps' get-deps  2>&1`
$ cd "/home/pete/wefwefwef/docs/erldocs_other.git"
$ cd "/home/pete/wefwefwef/docs/other/2709925310/wsecli-tag-0.1.0/wsecli"
$ 5000  `find -P . -type l -delete  2>&1`
$ cd "/home/pete/wefwefwef/docs/erldocs_other.git"
$ cd "/home/pete/wefwefwef/docs/other/2709925310/wsecli-tag-0.1.0/wsecli"
$ 5000  `ls -1 deps/  2>&1`
$ cd "/home/pete/wefwefwef/docs/erldocs_other.git"
>>> [rebar] deps = ["cucumberl","espec","hamcrest","meck",
                    "rebar_feature_runner","reloader","wsock"]
 :: Generating erldocs into /home/pete/wefwefwef/docs/other/2709925310/repo/0.1.0
Building wsecli
Generating Type Specs - "/home/pete/wefwefwef/docs/other/2709925310/wsecli-tag-0.1.0/wsecli/src/mock_http_server.erl"
Generating Type Specs - "/home/pete/wefwefwef/docs/other/2709925310/wsecli-tag-0.1.0/wsecli/src/wsecli.erl"
Generating Type Specs - "/home/pete/wefwefwef/docs/other/2709925310/wsecli-tag-0.1.0/wsecli/src/wsecli_app.erl"
Generating Type Specs - "/home/pete/wefwefwef/docs/other/2709925310/wsecli-tag-0.1.0/wsecli/src/wsecli_sup.erl"
Generating XML for application wsecli "/home/pete/wefwefwef/docs/other/2709925310/wsecli-tag-0.1.0/wsecli" -> "/home/pete/wefwefwef/docs/other/2709925310/repo/0.1.0/.xml/wsecli"
Generated wsecli XMLs: ["/home/pete/wefwefwef/docs/other/2709925310/repo/0.1.0/.xml/wsecli/wsecli.xml"]
Generating HTML - wsecli "/home/pete/wefwefwef/docs/other/2709925310/repo/0.1.0/.xml/wsecli/wsecli.xml"
Reading XML for "/home/pete/wefwefwef/docs/other/2709925310/repo/0.1.0/.xml/wsecli/wsecli.xml"
Reading XML for "/home/pete/wefwefwef/docs/other/2709925310/repo/0.1.0/.xml/specs_wsecli.xml"
Creating index.html ...
Creating erldocs_index.js ...
Woot, finished in 0 Minutes 1 Seconds
 :: Discovering other repos
$ 5000  `rm -r '/home/pete/wefwefwef/docs/other/2709925310/wsecli-tag-0.1.0'  2>&1`
 :: Processing https://github.com/esl/wsecli	{rev,tag,"0.1.1","a6d09a18def135e58c74e8f33b023804ca9651ef",undefined,[],[]}
 :: Fetching repo code
$ cd "/home/pete/wefwefwef/docs/other/2709925310/wsecli-tag-0.1.1/wsecli"
$ infinity  `curl --fail --silent --show-error --location --output '0.1.1.zip' 'https://github.com/esl/wsecli/archive/0.1.1.zip'  2>&1`
$ cd "/home/pete/wefwefwef/docs/erldocs_other.git"
$ cd "/home/pete/wefwefwef/docs/other/2709925310/wsecli-tag-0.1.1/wsecli"
$ 5000  `find -P . -type l -delete  2>&1`
$ cd "/home/pete/wefwefwef/docs/erldocs_other.git"
$ cd "/home/pete/wefwefwef/docs/other/2709925310/wsecli-tag-0.1.1/wsecli"
$ 5000  `find 'wsecli-0.1.1' -mindepth 1 -maxdepth 1 -exec mv -t . -- {} +  2>&1`
$ cd "/home/pete/wefwefwef/docs/erldocs_other.git"
 :: Getting dependencies
$ cd "/home/pete/wefwefwef/docs/other/2709925310/wsecli-tag-0.1.1/wsecli"
$ infinity  `rebar --config '/home/pete/wefwefwef/docs/other/2709925310/wsecli-tag-0.1.1/rebar_deps' get-deps  2>&1`
$ cd "/home/pete/wefwefwef/docs/erldocs_other.git"
$ cd "/home/pete/wefwefwef/docs/other/2709925310/wsecli-tag-0.1.1/wsecli"
$ 5000  `find -P . -type l -delete  2>&1`
$ cd "/home/pete/wefwefwef/docs/erldocs_other.git"
$ cd "/home/pete/wefwefwef/docs/other/2709925310/wsecli-tag-0.1.1/wsecli"
$ 5000  `ls -1 deps/  2>&1`
$ cd "/home/pete/wefwefwef/docs/erldocs_other.git"
>>> [rebar] deps = ["cucumberl","espec","hamcrest","meck",
                    "rebar_feature_runner","reloader","wsock"]
 :: Generating erldocs into /home/pete/wefwefwef/docs/other/2709925310/repo/0.1.1
Building wsecli
Generating Type Specs - "/home/pete/wefwefwef/docs/other/2709925310/wsecli-tag-0.1.1/wsecli/src/mock_http_server.erl"
Generating Type Specs - "/home/pete/wefwefwef/docs/other/2709925310/wsecli-tag-0.1.1/wsecli/src/wsecli.erl"
Generating Type Specs - "/home/pete/wefwefwef/docs/other/2709925310/wsecli-tag-0.1.1/wsecli/src/wsecli_app.erl"
Generating Type Specs - "/home/pete/wefwefwef/docs/other/2709925310/wsecli-tag-0.1.1/wsecli/src/wsecli_sup.erl"
Generating XML for application wsecli "/home/pete/wefwefwef/docs/other/2709925310/wsecli-tag-0.1.1/wsecli" -> "/home/pete/wefwefwef/docs/other/2709925310/repo/0.1.1/.xml/wsecli"
Generated wsecli XMLs: ["/home/pete/wefwefwef/docs/other/2709925310/repo/0.1.1/.xml/wsecli/wsecli.xml"]
Generating HTML - wsecli "/home/pete/wefwefwef/docs/other/2709925310/repo/0.1.1/.xml/wsecli/wsecli.xml"
Reading XML for "/home/pete/wefwefwef/docs/other/2709925310/repo/0.1.1/.xml/wsecli/wsecli.xml"
Reading XML for "/home/pete/wefwefwef/docs/other/2709925310/repo/0.1.1/.xml/specs_wsecli.xml"
Creating index.html ...
Creating erldocs_index.js ...
Woot, finished in 0 Minutes 1 Seconds
 :: Discovering other repos
$ 5000  `rm -r '/home/pete/wefwefwef/docs/other/2709925310/wsecli-tag-0.1.1'  2>&1`
 :: Processing https://github.com/esl/wsecli	{rev,tag,"0.2.0","368fa72df70dd11b39578608a534e7f06563fe50",undefined,[],[]}
 :: Fetching repo code
$ cd "/home/pete/wefwefwef/docs/other/2709925310/wsecli-tag-0.2.0/wsecli"
$ infinity  `curl --fail --silent --show-error --location --output '0.2.0.zip' 'https://github.com/esl/wsecli/archive/0.2.0.zip'  2>&1`
$ cd "/home/pete/wefwefwef/docs/erldocs_other.git"
$ cd "/home/pete/wefwefwef/docs/other/2709925310/wsecli-tag-0.2.0/wsecli"
$ 5000  `find -P . -type l -delete  2>&1`
$ cd "/home/pete/wefwefwef/docs/erldocs_other.git"
$ cd "/home/pete/wefwefwef/docs/other/2709925310/wsecli-tag-0.2.0/wsecli"
$ 5000  `find 'wsecli-0.2.0' -mindepth 1 -maxdepth 1 -exec mv -t . -- {} +  2>&1`
$ cd "/home/pete/wefwefwef/docs/erldocs_other.git"
 :: Getting dependencies
$ cd "/home/pete/wefwefwef/docs/other/2709925310/wsecli-tag-0.2.0/wsecli"
$ infinity  `rebar --config '/home/pete/wefwefwef/docs/other/2709925310/wsecli-tag-0.2.0/rebar_deps' get-deps  2>&1`
$ cd "/home/pete/wefwefwef/docs/erldocs_other.git"
$ cd "/home/pete/wefwefwef/docs/other/2709925310/wsecli-tag-0.2.0/wsecli"
$ 5000  `find -P . -type l -delete  2>&1`
$ cd "/home/pete/wefwefwef/docs/erldocs_other.git"
$ cd "/home/pete/wefwefwef/docs/other/2709925310/wsecli-tag-0.2.0/wsecli"
$ 5000  `ls -1 deps/  2>&1`
$ cd "/home/pete/wefwefwef/docs/erldocs_other.git"
>>> [rebar] deps = ["cucumberl","espec","hamcrest","meck",
                    "rebar_feature_runner","reloader","wsock"]
 :: Generating erldocs into /home/pete/wefwefwef/docs/other/2709925310/repo/0.2.0
Building wsecli
Generating Type Specs - "/home/pete/wefwefwef/docs/other/2709925310/wsecli-tag-0.2.0/wsecli/src/mock_http_server.erl"
Generating Type Specs - "/home/pete/wefwefwef/docs/other/2709925310/wsecli-tag-0.2.0/wsecli/src/wsecli.erl"
Generating Type Specs - "/home/pete/wefwefwef/docs/other/2709925310/wsecli-tag-0.2.0/wsecli/src/wsecli_app.erl"
Generating Type Specs - "/home/pete/wefwefwef/docs/other/2709925310/wsecli-tag-0.2.0/wsecli/src/wsecli_sup.erl"
Generating XML for application wsecli "/home/pete/wefwefwef/docs/other/2709925310/wsecli-tag-0.2.0/wsecli" -> "/home/pete/wefwefwef/docs/other/2709925310/repo/0.2.0/.xml/wsecli"
Generated wsecli XMLs: ["/home/pete/wefwefwef/docs/other/2709925310/repo/0.2.0/.xml/wsecli/wsecli.xml"]
Generating HTML - wsecli "/home/pete/wefwefwef/docs/other/2709925310/repo/0.2.0/.xml/wsecli/wsecli.xml"
Reading XML for "/home/pete/wefwefwef/docs/other/2709925310/repo/0.2.0/.xml/wsecli/wsecli.xml"
Reading XML for "/home/pete/wefwefwef/docs/other/2709925310/repo/0.2.0/.xml/specs_wsecli.xml"
Creating index.html ...
Creating erldocs_index.js ...
Woot, finished in 0 Minutes 1 Seconds
 :: Discovering other repos
$ 5000  `rm -r '/home/pete/wefwefwef/docs/other/2709925310/wsecli-tag-0.2.0'  2>&1`
 :: Processing https://github.com/esl/wsecli	{rev,tag,"0.2.1","94e278870bdc9cb93c116d7bb62f886e556a8892",undefined,[],[]}
 :: Fetching repo code
$ cd "/home/pete/wefwefwef/docs/other/2709925310/wsecli-tag-0.2.1/wsecli"
$ infinity  `curl --fail --silent --show-error --location --output '0.2.1.zip' 'https://github.com/esl/wsecli/archive/0.2.1.zip'  2>&1`
$ cd "/home/pete/wefwefwef/docs/erldocs_other.git"
$ cd "/home/pete/wefwefwef/docs/other/2709925310/wsecli-tag-0.2.1/wsecli"
$ 5000  `find -P . -type l -delete  2>&1`
$ cd "/home/pete/wefwefwef/docs/erldocs_other.git"
$ cd "/home/pete/wefwefwef/docs/other/2709925310/wsecli-tag-0.2.1/wsecli"
$ 5000  `find 'wsecli-0.2.1' -mindepth 1 -maxdepth 1 -exec mv -t . -- {} +  2>&1`
$ cd "/home/pete/wefwefwef/docs/erldocs_other.git"
 :: Getting dependencies
$ cd "/home/pete/wefwefwef/docs/other/2709925310/wsecli-tag-0.2.1/wsecli"
$ infinity  `rebar --config '/home/pete/wefwefwef/docs/other/2709925310/wsecli-tag-0.2.1/rebar_deps' get-deps  2>&1`
$ cd "/home/pete/wefwefwef/docs/erldocs_other.git"
$ cd "/home/pete/wefwefwef/docs/other/2709925310/wsecli-tag-0.2.1/wsecli"
$ 5000  `find -P . -type l -delete  2>&1`
$ cd "/home/pete/wefwefwef/docs/erldocs_other.git"
$ cd "/home/pete/wefwefwef/docs/other/2709925310/wsecli-tag-0.2.1/wsecli"
$ 5000  `ls -1 deps/  2>&1`
$ cd "/home/pete/wefwefwef/docs/erldocs_other.git"
>>> [rebar] deps = ["cucumberl","espec","hamcrest","meck",
                    "rebar_feature_runner","reloader","wsock"]
 :: Generating erldocs into /home/pete/wefwefwef/docs/other/2709925310/repo/0.2.1
Building wsecli
Generating Type Specs - "/home/pete/wefwefwef/docs/other/2709925310/wsecli-tag-0.2.1/wsecli/src/mock_http_server.erl"
Generating Type Specs - "/home/pete/wefwefwef/docs/other/2709925310/wsecli-tag-0.2.1/wsecli/src/wsecli.erl"
Generating Type Specs - "/home/pete/wefwefwef/docs/other/2709925310/wsecli-tag-0.2.1/wsecli/src/wsecli_app.erl"
Generating Type Specs - "/home/pete/wefwefwef/docs/other/2709925310/wsecli-tag-0.2.1/wsecli/src/wsecli_sup.erl"
Generating XML for application wsecli "/home/pete/wefwefwef/docs/other/2709925310/wsecli-tag-0.2.1/wsecli" -> "/home/pete/wefwefwef/docs/other/2709925310/repo/0.2.1/.xml/wsecli"
Generated wsecli XMLs: ["/home/pete/wefwefwef/docs/other/2709925310/repo/0.2.1/.xml/wsecli/wsecli.xml"]
Generating HTML - wsecli "/home/pete/wefwefwef/docs/other/2709925310/repo/0.2.1/.xml/wsecli/wsecli.xml"
Reading XML for "/home/pete/wefwefwef/docs/other/2709925310/repo/0.2.1/.xml/wsecli/wsecli.xml"
Reading XML for "/home/pete/wefwefwef/docs/other/2709925310/repo/0.2.1/.xml/specs_wsecli.xml"
Creating index.html ...
Creating erldocs_index.js ...
Woot, finished in 0 Minutes 1 Seconds
 :: Discovering other repos
$ 5000  `rm -r '/home/pete/wefwefwef/docs/other/2709925310/wsecli-tag-0.2.1'  2>&1`
 :: Processing https://github.com/esl/wsecli	{rev,tag,"1.0.0","6a8467c6712942d17aea6543de7adbf067a09a9a",undefined,[],[]}
 :: Fetching repo code
$ cd "/home/pete/wefwefwef/docs/other/2709925310/wsecli-tag-1.0.0/wsecli"
$ infinity  `curl --fail --silent --show-error --location --output '1.0.0.zip' 'https://github.com/esl/wsecli/archive/1.0.0.zip'  2>&1`
$ cd "/home/pete/wefwefwef/docs/erldocs_other.git"
$ cd "/home/pete/wefwefwef/docs/other/2709925310/wsecli-tag-1.0.0/wsecli"
$ 5000  `find -P . -type l -delete  2>&1`
$ cd "/home/pete/wefwefwef/docs/erldocs_other.git"
$ cd "/home/pete/wefwefwef/docs/other/2709925310/wsecli-tag-1.0.0/wsecli"
$ 5000  `find 'wsecli-1.0.0' -mindepth 1 -maxdepth 1 -exec mv -t . -- {} +  2>&1`
$ cd "/home/pete/wefwefwef/docs/erldocs_other.git"
 :: Getting dependencies
$ cd "/home/pete/wefwefwef/docs/other/2709925310/wsecli-tag-1.0.0/wsecli"
$ infinity  `rebar --config '/home/pete/wefwefwef/docs/other/2709925310/wsecli-tag-1.0.0/rebar_deps' get-deps  2>&1`
$ cd "/home/pete/wefwefwef/docs/erldocs_other.git"
$ cd "/home/pete/wefwefwef/docs/other/2709925310/wsecli-tag-1.0.0/wsecli"
$ 5000  `find -P . -type l -delete  2>&1`
$ cd "/home/pete/wefwefwef/docs/erldocs_other.git"
$ cd "/home/pete/wefwefwef/docs/other/2709925310/wsecli-tag-1.0.0/wsecli"
$ 5000  `ls -1 deps/  2>&1`
$ cd "/home/pete/wefwefwef/docs/erldocs_other.git"
>>> [rebar] deps = ["cucumberl","espec","hamcrest","meck",
                    "rebar_feature_runner","reloader"]
 :: Generating erldocs into /home/pete/wefwefwef/docs/other/2709925310/repo/1.0.0
Building wsecli
Generating Type Specs - "/home/pete/wefwefwef/docs/other/2709925310/wsecli-tag-1.0.0/wsecli/src/mock_http_server.erl"
Generating Type Specs - "/home/pete/wefwefwef/docs/other/2709925310/wsecli-tag-1.0.0/wsecli/src/wsecli.erl"
/home/pete/wefwefwef/docs/other/2709925310/wsecli-tag-1.0.0/wsecli/src/wsecli.erl: at line 22: can't find include lib "wsock/include/wsock.hrl"
EDoc could not process file '/home/pete/wefwefwef/docs/other/2709925310/wsecli-tag-1.0.0/wsecli/src/wsecli.erl'
Error generating type specs for "/home/pete/wefwefwef/docs/other/2709925310/wsecli-tag-1.0.0/wsecli/src/wsecli.erl"
Generating Type Specs - "/home/pete/wefwefwef/docs/other/2709925310/wsecli-tag-1.0.0/wsecli/src/wsecli_app.erl"
Generating Type Specs - "/home/pete/wefwefwef/docs/other/2709925310/wsecli-tag-1.0.0/wsecli/src/wsecli_socket.erl"
Generating Type Specs - "/home/pete/wefwefwef/docs/other/2709925310/wsecli-tag-1.0.0/wsecli/src/wsecli_socket_plain.erl"
Generating Type Specs - "/home/pete/wefwefwef/docs/other/2709925310/wsecli-tag-1.0.0/wsecli/src/wsecli_socket_ssl.erl"
Generating Type Specs - "/home/pete/wefwefwef/docs/other/2709925310/wsecli-tag-1.0.0/wsecli/src/wsecli_sup.erl"
Generating XML for application wsecli "/home/pete/wefwefwef/docs/other/2709925310/wsecli-tag-1.0.0/wsecli" -> "/home/pete/wefwefwef/docs/other/2709925310/repo/1.0.0/.xml/wsecli"
/home/pete/wefwefwef/docs/other/2709925310/wsecli-tag-1.0.0/wsecli/src/wsecli.erl: at line 22: can't find include lib "wsock/include/wsock.hrl"
edoc: skipping source file '/home/pete/wefwefwef/docs/other/2709925310/wsecli-tag-1.0.0/wsecli/src/wsecli.erl': {'EXIT',
                                                                                                           error}.
edoc: error in doclet 'edoc_doclet': {'EXIT',error}.
Error generating wsecli XMLs. Using fallback ...
Generating XML wsecli - mock_http_server "/home/pete/wefwefwef/docs/other/2709925310/wsecli-tag-1.0.0/wsecli/src/mock_http_server.erl" -> "/home/pete/wefwefwef/docs/other/2709925310/repo/1.0.0/.xml/wsecli/mock_http_server.xml"
Generating XML wsecli - wsecli "/home/pete/wefwefwef/docs/other/2709925310/wsecli-tag-1.0.0/wsecli/src/wsecli.erl" -> "/home/pete/wefwefwef/docs/other/2709925310/repo/1.0.0/.xml/wsecli/wsecli.xml"
/home/pete/wefwefwef/docs/other/2709925310/wsecli-tag-1.0.0/wsecli/src/wsecli.erl: at line 22: can't find include lib "wsock/include/wsock.hrl"
Error generating XML ("/home/pete/wefwefwef/docs/other/2709925310/wsecli-tag-1.0.0/wsecli/src/wsecli.erl"): {'EXIT',
                                                                                                             error}
Generating XML wsecli - wsecli_app "/home/pete/wefwefwef/docs/other/2709925310/wsecli-tag-1.0.0/wsecli/src/wsecli_app.erl" -> "/home/pete/wefwefwef/docs/other/2709925310/repo/1.0.0/.xml/wsecli/wsecli_app.xml"
Generating XML wsecli - wsecli_socket "/home/pete/wefwefwef/docs/other/2709925310/wsecli-tag-1.0.0/wsecli/src/wsecli_socket.erl" -> "/home/pete/wefwefwef/docs/other/2709925310/repo/1.0.0/.xml/wsecli/wsecli_socket.xml"
Generating XML wsecli - wsecli_socket_plain "/home/pete/wefwefwef/docs/other/2709925310/wsecli-tag-1.0.0/wsecli/src/wsecli_socket_plain.erl" -> "/home/pete/wefwefwef/docs/other/2709925310/repo/1.0.0/.xml/wsecli/wsecli_socket_plain.xml"
Generating XML wsecli - wsecli_socket_ssl "/home/pete/wefwefwef/docs/other/2709925310/wsecli-tag-1.0.0/wsecli/src/wsecli_socket_ssl.erl" -> "/home/pete/wefwefwef/docs/other/2709925310/repo/1.0.0/.xml/wsecli/wsecli_socket_ssl.xml"
Generating XML wsecli - wsecli_sup "/home/pete/wefwefwef/docs/other/2709925310/wsecli-tag-1.0.0/wsecli/src/wsecli_sup.erl" -> "/home/pete/wefwefwef/docs/other/2709925310/repo/1.0.0/.xml/wsecli/wsecli_sup.xml"
Generating HTML - wsecli_socket_plain "/home/pete/wefwefwef/docs/other/2709925310/repo/1.0.0/.xml/wsecli/wsecli_socket_plain.xml"
Generating HTML - wsecli_sup "/home/pete/wefwefwef/docs/other/2709925310/repo/1.0.0/.xml/wsecli/wsecli_sup.xml"
Generating HTML - mock_http_server "/home/pete/wefwefwef/docs/other/2709925310/repo/1.0.0/.xml/wsecli/mock_http_server.xml"
Generating HTML - wsecli_socket_ssl "/home/pete/wefwefwef/docs/other/2709925310/repo/1.0.0/.xml/wsecli/wsecli_socket_ssl.xml"
Reading XML for "/home/pete/wefwefwef/docs/other/2709925310/repo/1.0.0/.xml/wsecli/wsecli_socket_plain.xml"
Reading XML for "/home/pete/wefwefwef/docs/other/2709925310/repo/1.0.0/.xml/wsecli/wsecli_sup.xml"
Reading XML for "/home/pete/wefwefwef/docs/other/2709925310/repo/1.0.0/.xml/wsecli/mock_http_server.xml"
Reading XML for "/home/pete/wefwefwef/docs/other/2709925310/repo/1.0.0/.xml/wsecli/wsecli_socket_ssl.xml"
Reading XML for "/home/pete/wefwefwef/docs/other/2709925310/repo/1.0.0/.xml/specs_wsecli_sup.xml"
Reading XML for "/home/pete/wefwefwef/docs/other/2709925310/repo/1.0.0/.xml/specs_wsecli_socket_plain.xml"
Reading XML for "/home/pete/wefwefwef/docs/other/2709925310/repo/1.0.0/.xml/specs_wsecli_socket_ssl.xml"
Reading XML for "/home/pete/wefwefwef/docs/other/2709925310/repo/1.0.0/.xml/specs_mock_http_server.xml"
Generating HTML - wsecli_app "/home/pete/wefwefwef/docs/other/2709925310/repo/1.0.0/.xml/wsecli/wsecli_app.xml"
Reading XML for "/home/pete/wefwefwef/docs/other/2709925310/repo/1.0.0/.xml/wsecli/wsecli_app.xml"
Reading XML for "/home/pete/wefwefwef/docs/other/2709925310/repo/1.0.0/.xml/specs_wsecli_app.xml"
Generating HTML - wsecli_socket "/home/pete/wefwefwef/docs/other/2709925310/repo/1.0.0/.xml/wsecli/wsecli_socket.xml"
Reading XML for "/home/pete/wefwefwef/docs/other/2709925310/repo/1.0.0/.xml/wsecli/wsecli_socket.xml"
Reading XML for "/home/pete/wefwefwef/docs/other/2709925310/repo/1.0.0/.xml/specs_wsecli_socket.xml"
Creating index.html ...
Creating erldocs_index.js ...
Woot, finished in 0 Minutes 0 Seconds
 :: Discovering other repos
$ 5000  `rm -r '/home/pete/wefwefwef/docs/other/2709925310/wsecli-tag-1.0.0'  2>&1`
 :: Processing https://github.com/esl/wsecli	{rev,tag,"1.1.0","f968a83545116b020991a6f1a2846555edbc809c",undefined,[],[]}
 :: Fetching repo code
$ cd "/home/pete/wefwefwef/docs/other/2709925310/wsecli-tag-1.1.0/wsecli"
$ infinity  `curl --fail --silent --show-error --location --output '1.1.0.zip' 'https://github.com/esl/wsecli/archive/1.1.0.zip'  2>&1`
$ cd "/home/pete/wefwefwef/docs/erldocs_other.git"
$ cd "/home/pete/wefwefwef/docs/other/2709925310/wsecli-tag-1.1.0/wsecli"
$ 5000  `find -P . -type l -delete  2>&1`
$ cd "/home/pete/wefwefwef/docs/erldocs_other.git"
$ cd "/home/pete/wefwefwef/docs/other/2709925310/wsecli-tag-1.1.0/wsecli"
$ 5000  `find 'wsecli-1.1.0' -mindepth 1 -maxdepth 1 -exec mv -t . -- {} +  2>&1`
$ cd "/home/pete/wefwefwef/docs/erldocs_other.git"
 :: Getting dependencies
$ cd "/home/pete/wefwefwef/docs/other/2709925310/wsecli-tag-1.1.0/wsecli"
$ infinity  `rebar --config '/home/pete/wefwefwef/docs/other/2709925310/wsecli-tag-1.1.0/rebar_deps' get-deps  2>&1`
$ cd "/home/pete/wefwefwef/docs/erldocs_other.git"
$ cd "/home/pete/wefwefwef/docs/other/2709925310/wsecli-tag-1.1.0/wsecli"
$ 5000  `find -P . -type l -delete  2>&1`
$ cd "/home/pete/wefwefwef/docs/erldocs_other.git"
$ cd "/home/pete/wefwefwef/docs/other/2709925310/wsecli-tag-1.1.0/wsecli"
$ 5000  `ls -1 deps/  2>&1`
$ cd "/home/pete/wefwefwef/docs/erldocs_other.git"
>>> [rebar] deps = ["cucumberl","espec","hamcrest","meck",
                    "rebar_feature_runner","reloader"]
 :: Generating erldocs into /home/pete/wefwefwef/docs/other/2709925310/repo/1.1.0
Building wsecli
Generating Type Specs - "/home/pete/wefwefwef/docs/other/2709925310/wsecli-tag-1.1.0/wsecli/src/mock_http_server.erl"
Generating Type Specs - "/home/pete/wefwefwef/docs/other/2709925310/wsecli-tag-1.1.0/wsecli/src/wsecli.erl"
/home/pete/wefwefwef/docs/other/2709925310/wsecli-tag-1.1.0/wsecli/src/wsecli.erl: at line 22: can't find include lib "wsock/include/wsock.hrl"
EDoc could not process file '/home/pete/wefwefwef/docs/other/2709925310/wsecli-tag-1.1.0/wsecli/src/wsecli.erl'
Error generating type specs for "/home/pete/wefwefwef/docs/other/2709925310/wsecli-tag-1.1.0/wsecli/src/wsecli.erl"
Generating Type Specs - "/home/pete/wefwefwef/docs/other/2709925310/wsecli-tag-1.1.0/wsecli/src/wsecli_app.erl"
Generating Type Specs - "/home/pete/wefwefwef/docs/other/2709925310/wsecli-tag-1.1.0/wsecli/src/wsecli_socket.erl"
Generating Type Specs - "/home/pete/wefwefwef/docs/other/2709925310/wsecli-tag-1.1.0/wsecli/src/wsecli_socket_plain.erl"
Generating Type Specs - "/home/pete/wefwefwef/docs/other/2709925310/wsecli-tag-1.1.0/wsecli/src/wsecli_socket_ssl.erl"
Generating Type Specs - "/home/pete/wefwefwef/docs/other/2709925310/wsecli-tag-1.1.0/wsecli/src/wsecli_sup.erl"
Generating XML for application wsecli "/home/pete/wefwefwef/docs/other/2709925310/wsecli-tag-1.1.0/wsecli" -> "/home/pete/wefwefwef/docs/other/2709925310/repo/1.1.0/.xml/wsecli"
/home/pete/wefwefwef/docs/other/2709925310/wsecli-tag-1.1.0/wsecli/src/wsecli.erl: at line 22: can't find include lib "wsock/include/wsock.hrl"
edoc: skipping source file '/home/pete/wefwefwef/docs/other/2709925310/wsecli-tag-1.1.0/wsecli/src/wsecli.erl': {'EXIT',
                                                                                                           error}.
edoc: error in doclet 'edoc_doclet': {'EXIT',error}.
Error generating wsecli XMLs. Using fallback ...
Generating XML wsecli - mock_http_server "/home/pete/wefwefwef/docs/other/2709925310/wsecli-tag-1.1.0/wsecli/src/mock_http_server.erl" -> "/home/pete/wefwefwef/docs/other/2709925310/repo/1.1.0/.xml/wsecli/mock_http_server.xml"
Generating XML wsecli - wsecli "/home/pete/wefwefwef/docs/other/2709925310/wsecli-tag-1.1.0/wsecli/src/wsecli.erl" -> "/home/pete/wefwefwef/docs/other/2709925310/repo/1.1.0/.xml/wsecli/wsecli.xml"
/home/pete/wefwefwef/docs/other/2709925310/wsecli-tag-1.1.0/wsecli/src/wsecli.erl: at line 22: can't find include lib "wsock/include/wsock.hrl"
Error generating XML ("/home/pete/wefwefwef/docs/other/2709925310/wsecli-tag-1.1.0/wsecli/src/wsecli.erl"): {'EXIT',
                                                                                                             error}
Generating XML wsecli - wsecli_app "/home/pete/wefwefwef/docs/other/2709925310/wsecli-tag-1.1.0/wsecli/src/wsecli_app.erl" -> "/home/pete/wefwefwef/docs/other/2709925310/repo/1.1.0/.xml/wsecli/wsecli_app.xml"
Generating XML wsecli - wsecli_socket "/home/pete/wefwefwef/docs/other/2709925310/wsecli-tag-1.1.0/wsecli/src/wsecli_socket.erl" -> "/home/pete/wefwefwef/docs/other/2709925310/repo/1.1.0/.xml/wsecli/wsecli_socket.xml"
Generating XML wsecli - wsecli_socket_plain "/home/pete/wefwefwef/docs/other/2709925310/wsecli-tag-1.1.0/wsecli/src/wsecli_socket_plain.erl" -> "/home/pete/wefwefwef/docs/other/2709925310/repo/1.1.0/.xml/wsecli/wsecli_socket_plain.xml"
Generating XML wsecli - wsecli_socket_ssl "/home/pete/wefwefwef/docs/other/2709925310/wsecli-tag-1.1.0/wsecli/src/wsecli_socket_ssl.erl" -> "/home/pete/wefwefwef/docs/other/2709925310/repo/1.1.0/.xml/wsecli/wsecli_socket_ssl.xml"
Generating XML wsecli - wsecli_sup "/home/pete/wefwefwef/docs/other/2709925310/wsecli-tag-1.1.0/wsecli/src/wsecli_sup.erl" -> "/home/pete/wefwefwef/docs/other/2709925310/repo/1.1.0/.xml/wsecli/wsecli_sup.xml"
Generating HTML - wsecli_socket_ssl "/home/pete/wefwefwef/docs/other/2709925310/repo/1.1.0/.xml/wsecli/wsecli_socket_ssl.xml"
Generating HTML - mock_http_server "/home/pete/wefwefwef/docs/other/2709925310/repo/1.1.0/.xml/wsecli/mock_http_server.xml"
Generating HTML - wsecli_socket_plain "/home/pete/wefwefwef/docs/other/2709925310/repo/1.1.0/.xml/wsecli/wsecli_socket_plain.xml"
Generating HTML - wsecli_sup "/home/pete/wefwefwef/docs/other/2709925310/repo/1.1.0/.xml/wsecli/wsecli_sup.xml"
Reading XML for "/home/pete/wefwefwef/docs/other/2709925310/repo/1.1.0/.xml/wsecli/wsecli_socket_ssl.xml"
Reading XML for "/home/pete/wefwefwef/docs/other/2709925310/repo/1.1.0/.xml/wsecli/mock_http_server.xml"
Reading XML for "/home/pete/wefwefwef/docs/other/2709925310/repo/1.1.0/.xml/wsecli/wsecli_socket_plain.xml"
Reading XML for "/home/pete/wefwefwef/docs/other/2709925310/repo/1.1.0/.xml/wsecli/wsecli_sup.xml"
Reading XML for "/home/pete/wefwefwef/docs/other/2709925310/repo/1.1.0/.xml/specs_wsecli_socket_ssl.xml"
Reading XML for "/home/pete/wefwefwef/docs/other/2709925310/repo/1.1.0/.xml/specs_wsecli_socket_plain.xml"
Reading XML for "/home/pete/wefwefwef/docs/other/2709925310/repo/1.1.0/.xml/specs_mock_http_server.xml"
Reading XML for "/home/pete/wefwefwef/docs/other/2709925310/repo/1.1.0/.xml/specs_wsecli_sup.xml"
Generating HTML - wsecli_app "/home/pete/wefwefwef/docs/other/2709925310/repo/1.1.0/.xml/wsecli/wsecli_app.xml"
Reading XML for "/home/pete/wefwefwef/docs/other/2709925310/repo/1.1.0/.xml/wsecli/wsecli_app.xml"
Reading XML for "/home/pete/wefwefwef/docs/other/2709925310/repo/1.1.0/.xml/specs_wsecli_app.xml"
Generating HTML - wsecli_socket "/home/pete/wefwefwef/docs/other/2709925310/repo/1.1.0/.xml/wsecli/wsecli_socket.xml"
Reading XML for "/home/pete/wefwefwef/docs/other/2709925310/repo/1.1.0/.xml/wsecli/wsecli_socket.xml"
Reading XML for "/home/pete/wefwefwef/docs/other/2709925310/repo/1.1.0/.xml/specs_wsecli_socket.xml"
Creating index.html ...
Creating erldocs_index.js ...
Woot, finished in 0 Minutes 0 Seconds
 :: Discovering other repos
$ 5000  `rm -r '/home/pete/wefwefwef/docs/other/2709925310/wsecli-tag-1.1.0'  2>&1`
 :: Processing https://github.com/esl/wsecli	{rev,tag,"1.1.1","f17e9250f95d48783126cf972b42d306f171213c",undefined,[],[]}
 :: Fetching repo code
$ cd "/home/pete/wefwefwef/docs/other/2709925310/wsecli-tag-1.1.1/wsecli"
$ infinity  `curl --fail --silent --show-error --location --output '1.1.1.zip' 'https://github.com/esl/wsecli/archive/1.1.1.zip'  2>&1`
$ cd "/home/pete/wefwefwef/docs/erldocs_other.git"
$ cd "/home/pete/wefwefwef/docs/other/2709925310/wsecli-tag-1.1.1/wsecli"
$ 5000  `find -P . -type l -delete  2>&1`
$ cd "/home/pete/wefwefwef/docs/erldocs_other.git"
$ cd "/home/pete/wefwefwef/docs/other/2709925310/wsecli-tag-1.1.1/wsecli"
$ 5000  `find 'wsecli-1.1.1' -mindepth 1 -maxdepth 1 -exec mv -t . -- {} +  2>&1`
$ cd "/home/pete/wefwefwef/docs/erldocs_other.git"
 :: Getting dependencies
$ cd "/home/pete/wefwefwef/docs/other/2709925310/wsecli-tag-1.1.1/wsecli"
$ infinity  `rebar --config '/home/pete/wefwefwef/docs/other/2709925310/wsecli-tag-1.1.1/rebar_deps' get-deps  2>&1`
$ cd "/home/pete/wefwefwef/docs/erldocs_other.git"
$ cd "/home/pete/wefwefwef/docs/other/2709925310/wsecli-tag-1.1.1/wsecli"
$ 5000  `find -P . -type l -delete  2>&1`
$ cd "/home/pete/wefwefwef/docs/erldocs_other.git"
$ cd "/home/pete/wefwefwef/docs/other/2709925310/wsecli-tag-1.1.1/wsecli"
$ 5000  `ls -1 deps/  2>&1`
$ cd "/home/pete/wefwefwef/docs/erldocs_other.git"
>>> [rebar] deps = ["cucumberl","espec","hamcrest","meck",
                    "rebar_feature_runner","reloader"]
 :: Generating erldocs into /home/pete/wefwefwef/docs/other/2709925310/repo/1.1.1
Building wsecli
Generating Type Specs - "/home/pete/wefwefwef/docs/other/2709925310/wsecli-tag-1.1.1/wsecli/src/mock_http_server.erl"
Generating Type Specs - "/home/pete/wefwefwef/docs/other/2709925310/wsecli-tag-1.1.1/wsecli/src/wsecli.erl"
/home/pete/wefwefwef/docs/other/2709925310/wsecli-tag-1.1.1/wsecli/src/wsecli.erl: at line 22: can't find include lib "wsock/include/wsock.hrl"
EDoc could not process file '/home/pete/wefwefwef/docs/other/2709925310/wsecli-tag-1.1.1/wsecli/src/wsecli.erl'
Error generating type specs for "/home/pete/wefwefwef/docs/other/2709925310/wsecli-tag-1.1.1/wsecli/src/wsecli.erl"
Generating Type Specs - "/home/pete/wefwefwef/docs/other/2709925310/wsecli-tag-1.1.1/wsecli/src/wsecli_app.erl"
Generating Type Specs - "/home/pete/wefwefwef/docs/other/2709925310/wsecli-tag-1.1.1/wsecli/src/wsecli_socket.erl"
Generating Type Specs - "/home/pete/wefwefwef/docs/other/2709925310/wsecli-tag-1.1.1/wsecli/src/wsecli_socket_plain.erl"
Generating Type Specs - "/home/pete/wefwefwef/docs/other/2709925310/wsecli-tag-1.1.1/wsecli/src/wsecli_socket_ssl.erl"
Generating Type Specs - "/home/pete/wefwefwef/docs/other/2709925310/wsecli-tag-1.1.1/wsecli/src/wsecli_sup.erl"
Generating XML for application wsecli "/home/pete/wefwefwef/docs/other/2709925310/wsecli-tag-1.1.1/wsecli" -> "/home/pete/wefwefwef/docs/other/2709925310/repo/1.1.1/.xml/wsecli"
/home/pete/wefwefwef/docs/other/2709925310/wsecli-tag-1.1.1/wsecli/src/wsecli.erl: at line 22: can't find include lib "wsock/include/wsock.hrl"
edoc: skipping source file '/home/pete/wefwefwef/docs/other/2709925310/wsecli-tag-1.1.1/wsecli/src/wsecli.erl': {'EXIT',
                                                                                                           error}.
edoc: error in doclet 'edoc_doclet': {'EXIT',error}.
Error generating wsecli XMLs. Using fallback ...
Generating XML wsecli - mock_http_server "/home/pete/wefwefwef/docs/other/2709925310/wsecli-tag-1.1.1/wsecli/src/mock_http_server.erl" -> "/home/pete/wefwefwef/docs/other/2709925310/repo/1.1.1/.xml/wsecli/mock_http_server.xml"
Generating XML wsecli - wsecli "/home/pete/wefwefwef/docs/other/2709925310/wsecli-tag-1.1.1/wsecli/src/wsecli.erl" -> "/home/pete/wefwefwef/docs/other/2709925310/repo/1.1.1/.xml/wsecli/wsecli.xml"
/home/pete/wefwefwef/docs/other/2709925310/wsecli-tag-1.1.1/wsecli/src/wsecli.erl: at line 22: can't find include lib "wsock/include/wsock.hrl"
Error generating XML ("/home/pete/wefwefwef/docs/other/2709925310/wsecli-tag-1.1.1/wsecli/src/wsecli.erl"): {'EXIT',
                                                                                                             error}
Generating XML wsecli - wsecli_app "/home/pete/wefwefwef/docs/other/2709925310/wsecli-tag-1.1.1/wsecli/src/wsecli_app.erl" -> "/home/pete/wefwefwef/docs/other/2709925310/repo/1.1.1/.xml/wsecli/wsecli_app.xml"
Generating XML wsecli - wsecli_socket "/home/pete/wefwefwef/docs/other/2709925310/wsecli-tag-1.1.1/wsecli/src/wsecli_socket.erl" -> "/home/pete/wefwefwef/docs/other/2709925310/repo/1.1.1/.xml/wsecli/wsecli_socket.xml"
Generating XML wsecli - wsecli_socket_plain "/home/pete/wefwefwef/docs/other/2709925310/wsecli-tag-1.1.1/wsecli/src/wsecli_socket_plain.erl" -> "/home/pete/wefwefwef/docs/other/2709925310/repo/1.1.1/.xml/wsecli/wsecli_socket_plain.xml"
Generating XML wsecli - wsecli_socket_ssl "/home/pete/wefwefwef/docs/other/2709925310/wsecli-tag-1.1.1/wsecli/src/wsecli_socket_ssl.erl" -> "/home/pete/wefwefwef/docs/other/2709925310/repo/1.1.1/.xml/wsecli/wsecli_socket_ssl.xml"
Generating XML wsecli - wsecli_sup "/home/pete/wefwefwef/docs/other/2709925310/wsecli-tag-1.1.1/wsecli/src/wsecli_sup.erl" -> "/home/pete/wefwefwef/docs/other/2709925310/repo/1.1.1/.xml/wsecli/wsecli_sup.xml"
Generating HTML - wsecli_sup "/home/pete/wefwefwef/docs/other/2709925310/repo/1.1.1/.xml/wsecli/wsecli_sup.xml"
Generating HTML - wsecli_socket_ssl "/home/pete/wefwefwef/docs/other/2709925310/repo/1.1.1/.xml/wsecli/wsecli_socket_ssl.xml"
Generating HTML - wsecli_socket_plain "/home/pete/wefwefwef/docs/other/2709925310/repo/1.1.1/.xml/wsecli/wsecli_socket_plain.xml"
Generating HTML - mock_http_server "/home/pete/wefwefwef/docs/other/2709925310/repo/1.1.1/.xml/wsecli/mock_http_server.xml"
Reading XML for "/home/pete/wefwefwef/docs/other/2709925310/repo/1.1.1/.xml/wsecli/wsecli_sup.xml"
Reading XML for "/home/pete/wefwefwef/docs/other/2709925310/repo/1.1.1/.xml/wsecli/wsecli_socket_ssl.xml"
Reading XML for "/home/pete/wefwefwef/docs/other/2709925310/repo/1.1.1/.xml/wsecli/wsecli_socket_plain.xml"
Reading XML for "/home/pete/wefwefwef/docs/other/2709925310/repo/1.1.1/.xml/wsecli/mock_http_server.xml"
Reading XML for "/home/pete/wefwefwef/docs/other/2709925310/repo/1.1.1/.xml/specs_wsecli_sup.xml"
Reading XML for "/home/pete/wefwefwef/docs/other/2709925310/repo/1.1.1/.xml/specs_wsecli_socket_ssl.xml"
Reading XML for "/home/pete/wefwefwef/docs/other/2709925310/repo/1.1.1/.xml/specs_wsecli_socket_plain.xml"
Reading XML for "/home/pete/wefwefwef/docs/other/2709925310/repo/1.1.1/.xml/specs_mock_http_server.xml"
Generating HTML - wsecli_app "/home/pete/wefwefwef/docs/other/2709925310/repo/1.1.1/.xml/wsecli/wsecli_app.xml"
Reading XML for "/home/pete/wefwefwef/docs/other/2709925310/repo/1.1.1/.xml/wsecli/wsecli_app.xml"
Reading XML for "/home/pete/wefwefwef/docs/other/2709925310/repo/1.1.1/.xml/specs_wsecli_app.xml"
Generating HTML - wsecli_socket "/home/pete/wefwefwef/docs/other/2709925310/repo/1.1.1/.xml/wsecli/wsecli_socket.xml"
Reading XML for "/home/pete/wefwefwef/docs/other/2709925310/repo/1.1.1/.xml/wsecli/wsecli_socket.xml"
Reading XML for "/home/pete/wefwefwef/docs/other/2709925310/repo/1.1.1/.xml/specs_wsecli_socket.xml"
Creating index.html ...
Creating erldocs_index.js ...
Woot, finished in 0 Minutes 0 Seconds
 :: Discovering other repos
$ 5000  `rm -r '/home/pete/wefwefwef/docs/other/2709925310/wsecli-tag-1.1.1'  2>&1`
 :: Processing https://github.com/esl/wsecli	{rev,branch,"erlang-17","7808ceaed8297b18bb37e833ce82957ba544bbc2",undefined,[],[]}
 :: Fetching repo code
$ cd "/home/pete/wefwefwef/docs/other/2709925310/wsecli-branch-erlang-17/wsecli"
$ infinity  `curl --fail --silent --show-error --location --output 'erlang-17.zip' 'https://github.com/esl/wsecli/archive/erlang-17.zip'  2>&1`
$ cd "/home/pete/wefwefwef/docs/erldocs_other.git"
$ cd "/home/pete/wefwefwef/docs/other/2709925310/wsecli-branch-erlang-17/wsecli"
$ 5000  `find -P . -type l -delete  2>&1`
$ cd "/home/pete/wefwefwef/docs/erldocs_other.git"
$ cd "/home/pete/wefwefwef/docs/other/2709925310/wsecli-branch-erlang-17/wsecli"
$ 5000  `find 'wsecli-erlang-17' -mindepth 1 -maxdepth 1 -exec mv -t . -- {} +  2>&1`
$ cd "/home/pete/wefwefwef/docs/erldocs_other.git"
 :: Getting dependencies
$ cd "/home/pete/wefwefwef/docs/other/2709925310/wsecli-branch-erlang-17/wsecli"
$ infinity  `rebar --config '/home/pete/wefwefwef/docs/other/2709925310/wsecli-branch-erlang-17/rebar_deps' get-deps  2>&1`
$ cd "/home/pete/wefwefwef/docs/erldocs_other.git"
$ cd "/home/pete/wefwefwef/docs/other/2709925310/wsecli-branch-erlang-17/wsecli"
$ 5000  `find -P . -type l -delete  2>&1`
$ cd "/home/pete/wefwefwef/docs/erldocs_other.git"
$ cd "/home/pete/wefwefwef/docs/other/2709925310/wsecli-branch-erlang-17/wsecli"
$ 5000  `ls -1 deps/  2>&1`
$ cd "/home/pete/wefwefwef/docs/erldocs_other.git"
>>> [rebar] deps = ["cucumberl","espec","hamcrest","meck",
                    "rebar_feature_runner","reloader"]
 :: Generating erldocs into /home/pete/wefwefwef/docs/other/2709925310/repo/erlang-17
Building wsecli
Generating Type Specs - "/home/pete/wefwefwef/docs/other/2709925310/wsecli-branch-erlang-17/wsecli/src/mock_http_server.erl"
Generating Type Specs - "/home/pete/wefwefwef/docs/other/2709925310/wsecli-branch-erlang-17/wsecli/src/wsecli.erl"
/home/pete/wefwefwef/docs/other/2709925310/wsecli-branch-erlang-17/wsecli/src/wsecli.erl: at line 22: can't find include lib "wsock/include/wsock.hrl"
EDoc could not process file '/home/pete/wefwefwef/docs/other/2709925310/wsecli-branch-erlang-17/wsecli/src/wsecli.erl'
Error generating type specs for "/home/pete/wefwefwef/docs/other/2709925310/wsecli-branch-erlang-17/wsecli/src/wsecli.erl"
Generating Type Specs - "/home/pete/wefwefwef/docs/other/2709925310/wsecli-branch-erlang-17/wsecli/src/wsecli_app.erl"
Generating Type Specs - "/home/pete/wefwefwef/docs/other/2709925310/wsecli-branch-erlang-17/wsecli/src/wsecli_socket.erl"
Generating Type Specs - "/home/pete/wefwefwef/docs/other/2709925310/wsecli-branch-erlang-17/wsecli/src/wsecli_socket_plain.erl"
Generating Type Specs - "/home/pete/wefwefwef/docs/other/2709925310/wsecli-branch-erlang-17/wsecli/src/wsecli_socket_ssl.erl"
Generating Type Specs - "/home/pete/wefwefwef/docs/other/2709925310/wsecli-branch-erlang-17/wsecli/src/wsecli_sup.erl"
Generating XML for application wsecli "/home/pete/wefwefwef/docs/other/2709925310/wsecli-branch-erlang-17/wsecli" -> "/home/pete/wefwefwef/docs/other/2709925310/repo/erlang-17/.xml/wsecli"
/home/pete/wefwefwef/docs/other/2709925310/wsecli-branch-erlang-17/wsecli/src/wsecli.erl: at line 22: can't find include lib "wsock/include/wsock.hrl"
edoc: skipping source file '/home/pete/wefwefwef/docs/other/2709925310/wsecli-branch-erlang-17/wsecli/src/wsecli.erl': {'EXIT',
                                                                                                                  error}.
edoc: error in doclet 'edoc_doclet': {'EXIT',error}.
Error generating wsecli XMLs. Using fallback ...
Generating XML wsecli - mock_http_server "/home/pete/wefwefwef/docs/other/2709925310/wsecli-branch-erlang-17/wsecli/src/mock_http_server.erl" -> "/home/pete/wefwefwef/docs/other/2709925310/repo/erlang-17/.xml/wsecli/mock_http_server.xml"
Generating XML wsecli - wsecli "/home/pete/wefwefwef/docs/other/2709925310/wsecli-branch-erlang-17/wsecli/src/wsecli.erl" -> "/home/pete/wefwefwef/docs/other/2709925310/repo/erlang-17/.xml/wsecli/wsecli.xml"
/home/pete/wefwefwef/docs/other/2709925310/wsecli-branch-erlang-17/wsecli/src/wsecli.erl: at line 22: can't find include lib "wsock/include/wsock.hrl"
Error generating XML ("/home/pete/wefwefwef/docs/other/2709925310/wsecli-branch-erlang-17/wsecli/src/wsecli.erl"): {'EXIT',
                                                                                                                    error}
Generating XML wsecli - wsecli_app "/home/pete/wefwefwef/docs/other/2709925310/wsecli-branch-erlang-17/wsecli/src/wsecli_app.erl" -> "/home/pete/wefwefwef/docs/other/2709925310/repo/erlang-17/.xml/wsecli/wsecli_app.xml"
Generating XML wsecli - wsecli_socket "/home/pete/wefwefwef/docs/other/2709925310/wsecli-branch-erlang-17/wsecli/src/wsecli_socket.erl" -> "/home/pete/wefwefwef/docs/other/2709925310/repo/erlang-17/.xml/wsecli/wsecli_socket.xml"
Generating XML wsecli - wsecli_socket_plain "/home/pete/wefwefwef/docs/other/2709925310/wsecli-branch-erlang-17/wsecli/src/wsecli_socket_plain.erl" -> "/home/pete/wefwefwef/docs/other/2709925310/repo/erlang-17/.xml/wsecli/wsecli_socket_plain.xml"
Generating XML wsecli - wsecli_socket_ssl "/home/pete/wefwefwef/docs/other/2709925310/wsecli-branch-erlang-17/wsecli/src/wsecli_socket_ssl.erl" -> "/home/pete/wefwefwef/docs/other/2709925310/repo/erlang-17/.xml/wsecli/wsecli_socket_ssl.xml"
Generating XML wsecli - wsecli_sup "/home/pete/wefwefwef/docs/other/2709925310/wsecli-branch-erlang-17/wsecli/src/wsecli_sup.erl" -> "/home/pete/wefwefwef/docs/other/2709925310/repo/erlang-17/.xml/wsecli/wsecli_sup.xml"
Generating HTML - wsecli_socket_plain "/home/pete/wefwefwef/docs/other/2709925310/repo/erlang-17/.xml/wsecli/wsecli_socket_plain.xml"
Generating HTML - wsecli_sup "/home/pete/wefwefwef/docs/other/2709925310/repo/erlang-17/.xml/wsecli/wsecli_sup.xml"
Generating HTML - wsecli_socket_ssl "/home/pete/wefwefwef/docs/other/2709925310/repo/erlang-17/.xml/wsecli/wsecli_socket_ssl.xml"
Generating HTML - mock_http_server "/home/pete/wefwefwef/docs/other/2709925310/repo/erlang-17/.xml/wsecli/mock_http_server.xml"
Reading XML for "/home/pete/wefwefwef/docs/other/2709925310/repo/erlang-17/.xml/wsecli/wsecli_socket_plain.xml"
Reading XML for "/home/pete/wefwefwef/docs/other/2709925310/repo/erlang-17/.xml/wsecli/wsecli_sup.xml"
Reading XML for "/home/pete/wefwefwef/docs/other/2709925310/repo/erlang-17/.xml/wsecli/wsecli_socket_ssl.xml"
Reading XML for "/home/pete/wefwefwef/docs/other/2709925310/repo/erlang-17/.xml/wsecli/mock_http_server.xml"
Reading XML for "/home/pete/wefwefwef/docs/other/2709925310/repo/erlang-17/.xml/specs_wsecli_socket_plain.xml"
Reading XML for "/home/pete/wefwefwef/docs/other/2709925310/repo/erlang-17/.xml/specs_wsecli_sup.xml"
Reading XML for "/home/pete/wefwefwef/docs/other/2709925310/repo/erlang-17/.xml/specs_mock_http_server.xml"
Reading XML for "/home/pete/wefwefwef/docs/other/2709925310/repo/erlang-17/.xml/specs_wsecli_socket_ssl.xml"
Generating HTML - wsecli_app "/home/pete/wefwefwef/docs/other/2709925310/repo/erlang-17/.xml/wsecli/wsecli_app.xml"
Reading XML for "/home/pete/wefwefwef/docs/other/2709925310/repo/erlang-17/.xml/wsecli/wsecli_app.xml"
Reading XML for "/home/pete/wefwefwef/docs/other/2709925310/repo/erlang-17/.xml/specs_wsecli_app.xml"
Generating HTML - wsecli_socket "/home/pete/wefwefwef/docs/other/2709925310/repo/erlang-17/.xml/wsecli/wsecli_socket.xml"
Reading XML for "/home/pete/wefwefwef/docs/other/2709925310/repo/erlang-17/.xml/wsecli/wsecli_socket.xml"
Reading XML for "/home/pete/wefwefwef/docs/other/2709925310/repo/erlang-17/.xml/specs_wsecli_socket.xml"
Creating index.html ...
Creating erldocs_index.js ...
Woot, finished in 0 Minutes 0 Seconds
 :: Discovering other repos
$ 5000  `rm -r '/home/pete/wefwefwef/docs/other/2709925310/wsecli-branch-erlang-17'  2>&1`
 :: Processing https://github.com/esl/wsecli	{rev,branch,"fragmented-connect","4f8a45a71542067f9811829d720329eaaaa30bed",undefined,[],[]}
 :: Fetching repo code
$ cd "/home/pete/wefwefwef/docs/other/2709925310/wsecli-branch-fragmented-connect/wsecli"
$ infinity  `curl --fail --silent --show-error --location --output 'fragmented-connect.zip' 'https://github.com/esl/wsecli/archive/fragmented-connect.zip'  2>&1`
$ cd "/home/pete/wefwefwef/docs/erldocs_other.git"
$ cd "/home/pete/wefwefwef/docs/other/2709925310/wsecli-branch-fragmented-connect/wsecli"
$ 5000  `find -P . -type l -delete  2>&1`
$ cd "/home/pete/wefwefwef/docs/erldocs_other.git"
$ cd "/home/pete/wefwefwef/docs/other/2709925310/wsecli-branch-fragmented-connect/wsecli"
$ 5000  `find 'wsecli-fragmented-connect' -mindepth 1 -maxdepth 1 -exec mv -t . -- {} +  2>&1`
$ cd "/home/pete/wefwefwef/docs/erldocs_other.git"
 :: Getting dependencies
$ cd "/home/pete/wefwefwef/docs/other/2709925310/wsecli-branch-fragmented-connect/wsecli"
$ infinity  `rebar --config '/home/pete/wefwefwef/docs/other/2709925310/wsecli-branch-fragmented-connect/rebar_deps' get-deps  2>&1`
$ cd "/home/pete/wefwefwef/docs/erldocs_other.git"
$ cd "/home/pete/wefwefwef/docs/other/2709925310/wsecli-branch-fragmented-connect/wsecli"
$ 5000  `find -P . -type l -delete  2>&1`
$ cd "/home/pete/wefwefwef/docs/erldocs_other.git"
$ cd "/home/pete/wefwefwef/docs/other/2709925310/wsecli-branch-fragmented-connect/wsecli"
$ 5000  `ls -1 deps/  2>&1`
$ cd "/home/pete/wefwefwef/docs/erldocs_other.git"
>>> [rebar] deps = ["cucumberl","espec","hamcrest","meck",
                    "rebar_feature_runner","reloader","wsock"]
 :: Generating erldocs into /home/pete/wefwefwef/docs/other/2709925310/repo/fragmented-connect
Building wsecli
Generating Type Specs - "/home/pete/wefwefwef/docs/other/2709925310/wsecli-branch-fragmented-connect/wsecli/src/mock_http_server.erl"
Generating Type Specs - "/home/pete/wefwefwef/docs/other/2709925310/wsecli-branch-fragmented-connect/wsecli/src/wsecli.erl"
Generating Type Specs - "/home/pete/wefwefwef/docs/other/2709925310/wsecli-branch-fragmented-connect/wsecli/src/wsecli_app.erl"
Generating Type Specs - "/home/pete/wefwefwef/docs/other/2709925310/wsecli-branch-fragmented-connect/wsecli/src/wsecli_socket.erl"
Generating Type Specs - "/home/pete/wefwefwef/docs/other/2709925310/wsecli-branch-fragmented-connect/wsecli/src/wsecli_socket_plain.erl"
Generating Type Specs - "/home/pete/wefwefwef/docs/other/2709925310/wsecli-branch-fragmented-connect/wsecli/src/wsecli_socket_ssl.erl"
Generating Type Specs - "/home/pete/wefwefwef/docs/other/2709925310/wsecli-branch-fragmented-connect/wsecli/src/wsecli_sup.erl"
Generating XML for application wsecli "/home/pete/wefwefwef/docs/other/2709925310/wsecli-branch-fragmented-connect/wsecli" -> "/home/pete/wefwefwef/docs/other/2709925310/repo/fragmented-connect/.xml/wsecli"
Generated wsecli XMLs: ["/home/pete/wefwefwef/docs/other/2709925310/repo/fragmented-connect/.xml/wsecli/wsecli.xml"]
Generating HTML - wsecli "/home/pete/wefwefwef/docs/other/2709925310/repo/fragmented-connect/.xml/wsecli/wsecli.xml"
Reading XML for "/home/pete/wefwefwef/docs/other/2709925310/repo/fragmented-connect/.xml/wsecli/wsecli.xml"
Reading XML for "/home/pete/wefwefwef/docs/other/2709925310/repo/fragmented-connect/.xml/specs_wsecli.xml"
Creating index.html ...
Creating erldocs_index.js ...
Woot, finished in 0 Minutes 1 Seconds
 :: Discovering other repos
$ 5000  `rm -r '/home/pete/wefwefwef/docs/other/2709925310/wsecli-branch-fragmented-connect'  2>&1`
 :: Processing https://github.com/esl/wsecli	{rev,branch,"internal-ml","80447160688bc841595eecd6dbec60521bbafee4",undefined,[],[]}
 :: Fetching repo code
$ cd "/home/pete/wefwefwef/docs/other/2709925310/wsecli-branch-internal-ml/wsecli"
$ infinity  `curl --fail --silent --show-error --location --output 'internal-ml.zip' 'https://github.com/esl/wsecli/archive/internal-ml.zip'  2>&1`
$ cd "/home/pete/wefwefwef/docs/erldocs_other.git"
$ cd "/home/pete/wefwefwef/docs/other/2709925310/wsecli-branch-internal-ml/wsecli"
$ 5000  `find -P . -type l -delete  2>&1`
$ cd "/home/pete/wefwefwef/docs/erldocs_other.git"
$ cd "/home/pete/wefwefwef/docs/other/2709925310/wsecli-branch-internal-ml/wsecli"
$ 5000  `find 'wsecli-internal-ml' -mindepth 1 -maxdepth 1 -exec mv -t . -- {} +  2>&1`
$ cd "/home/pete/wefwefwef/docs/erldocs_other.git"
 :: Getting dependencies
$ cd "/home/pete/wefwefwef/docs/other/2709925310/wsecli-branch-internal-ml/wsecli"
$ infinity  `rebar --config '/home/pete/wefwefwef/docs/other/2709925310/wsecli-branch-internal-ml/rebar_deps' get-deps  2>&1`
$ cd "/home/pete/wefwefwef/docs/erldocs_other.git"
$ cd "/home/pete/wefwefwef/docs/other/2709925310/wsecli-branch-internal-ml/wsecli"
$ 5000  `find -P . -type l -delete  2>&1`
$ cd "/home/pete/wefwefwef/docs/erldocs_other.git"
$ cd "/home/pete/wefwefwef/docs/other/2709925310/wsecli-branch-internal-ml/wsecli"
$ 5000  `ls -1 deps/  2>&1`
$ cd "/home/pete/wefwefwef/docs/erldocs_other.git"
>>> [rebar] deps = ["cucumberl","espec","hamcrest","meck",
                    "rebar_feature_runner","reloader","wsock"]
 :: Generating erldocs into /home/pete/wefwefwef/docs/other/2709925310/repo/internal-ml
Building wsecli
Generating Type Specs - "/home/pete/wefwefwef/docs/other/2709925310/wsecli-branch-internal-ml/wsecli/src/mock_http_server.erl"
Generating Type Specs - "/home/pete/wefwefwef/docs/other/2709925310/wsecli-branch-internal-ml/wsecli/src/wsecli.erl"
Generating Type Specs - "/home/pete/wefwefwef/docs/other/2709925310/wsecli-branch-internal-ml/wsecli/src/wsecli_app.erl"
Generating Type Specs - "/home/pete/wefwefwef/docs/other/2709925310/wsecli-branch-internal-ml/wsecli/src/wsecli_socket.erl"
Generating Type Specs - "/home/pete/wefwefwef/docs/other/2709925310/wsecli-branch-internal-ml/wsecli/src/wsecli_socket_plain.erl"
Generating Type Specs - "/home/pete/wefwefwef/docs/other/2709925310/wsecli-branch-internal-ml/wsecli/src/wsecli_socket_ssl.erl"
Generating Type Specs - "/home/pete/wefwefwef/docs/other/2709925310/wsecli-branch-internal-ml/wsecli/src/wsecli_sup.erl"
Generating XML for application wsecli "/home/pete/wefwefwef/docs/other/2709925310/wsecli-branch-internal-ml/wsecli" -> "/home/pete/wefwefwef/docs/other/2709925310/repo/internal-ml/.xml/wsecli"
Generated wsecli XMLs: ["/home/pete/wefwefwef/docs/other/2709925310/repo/internal-ml/.xml/wsecli/wsecli.xml"]
Generating HTML - wsecli "/home/pete/wefwefwef/docs/other/2709925310/repo/internal-ml/.xml/wsecli/wsecli.xml"
Reading XML for "/home/pete/wefwefwef/docs/other/2709925310/repo/internal-ml/.xml/wsecli/wsecli.xml"
Reading XML for "/home/pete/wefwefwef/docs/other/2709925310/repo/internal-ml/.xml/specs_wsecli.xml"
Creating index.html ...
Creating erldocs_index.js ...
Woot, finished in 0 Minutes 1 Seconds
 :: Discovering other repos
$ 5000  `rm -r '/home/pete/wefwefwef/docs/other/2709925310/wsecli-branch-internal-ml'  2>&1`
 :: Processing https://github.com/esl/wsecli	{rev,branch,"master","f27ac5c192b60af27d241e2d055069164e9812b9",undefined,[],[]}
 :: Fetching repo code
$ cd "/home/pete/wefwefwef/docs/other/2709925310/wsecli-branch-master/wsecli"
$ infinity  `curl --fail --silent --show-error --location --output 'master.zip' 'https://github.com/esl/wsecli/archive/master.zip'  2>&1`
$ cd "/home/pete/wefwefwef/docs/erldocs_other.git"
$ cd "/home/pete/wefwefwef/docs/other/2709925310/wsecli-branch-master/wsecli"
$ 5000  `find -P . -type l -delete  2>&1`
$ cd "/home/pete/wefwefwef/docs/erldocs_other.git"
$ cd "/home/pete/wefwefwef/docs/other/2709925310/wsecli-branch-master/wsecli"
$ 5000  `find 'wsecli-master' -mindepth 1 -maxdepth 1 -exec mv -t . -- {} +  2>&1`
$ cd "/home/pete/wefwefwef/docs/erldocs_other.git"
 :: Getting dependencies
$ cd "/home/pete/wefwefwef/docs/other/2709925310/wsecli-branch-master/wsecli"
$ infinity  `rebar --config '/home/pete/wefwefwef/docs/other/2709925310/wsecli-branch-master/rebar_deps' get-deps  2>&1`
$ cd "/home/pete/wefwefwef/docs/erldocs_other.git"
$ cd "/home/pete/wefwefwef/docs/other/2709925310/wsecli-branch-master/wsecli"
$ 5000  `find -P . -type l -delete  2>&1`
$ cd "/home/pete/wefwefwef/docs/erldocs_other.git"
$ cd "/home/pete/wefwefwef/docs/other/2709925310/wsecli-branch-master/wsecli"
$ 5000  `ls -1 deps/  2>&1`
$ cd "/home/pete/wefwefwef/docs/erldocs_other.git"
>>> [rebar] deps = ["hamcrest","wsock"]
 :: Generating erldocs into /home/pete/wefwefwef/docs/other/2709925310/repo/master
Building wsecli
Generating Type Specs - "/home/pete/wefwefwef/docs/other/2709925310/wsecli-branch-master/wsecli/src/wsecli.erl"
Generating Type Specs - "/home/pete/wefwefwef/docs/other/2709925310/wsecli-branch-master/wsecli/src/wsecli_app.erl"
Generating Type Specs - "/home/pete/wefwefwef/docs/other/2709925310/wsecli-branch-master/wsecli/src/wsecli_socket.erl"
Generating Type Specs - "/home/pete/wefwefwef/docs/other/2709925310/wsecli-branch-master/wsecli/src/wsecli_socket_plain.erl"
Generating Type Specs - "/home/pete/wefwefwef/docs/other/2709925310/wsecli-branch-master/wsecli/src/wsecli_socket_ssl.erl"
Generating Type Specs - "/home/pete/wefwefwef/docs/other/2709925310/wsecli-branch-master/wsecli/src/wsecli_sup.erl"
Generating XML for application wsecli "/home/pete/wefwefwef/docs/other/2709925310/wsecli-branch-master/wsecli" -> "/home/pete/wefwefwef/docs/other/2709925310/repo/master/.xml/wsecli"
Generated wsecli XMLs: ["/home/pete/wefwefwef/docs/other/2709925310/repo/master/.xml/wsecli/wsecli.xml"]
Generating HTML - wsecli "/home/pete/wefwefwef/docs/other/2709925310/repo/master/.xml/wsecli/wsecli.xml"
Reading XML for "/home/pete/wefwefwef/docs/other/2709925310/repo/master/.xml/wsecli/wsecli.xml"
Reading XML for "/home/pete/wefwefwef/docs/other/2709925310/repo/master/.xml/specs_wsecli.xml"
Creating index.html ...
Creating erldocs_index.js ...
Woot, finished in 0 Minutes 0 Seconds
 :: Discovering other repos
$ 5000  `rm -r '/home/pete/wefwefwef/docs/other/2709925310/wsecli-branch-master'  2>&1`
 :: Finishing up
$ 5000  `rm -r '/home/pete/wefwefwef/docs/other/2709925310/wsecli'  2>&1`
