 :: Extracting meta information
$ 5000  `git ls-remote --heads --tags 'https://github.com/feuerlabs/setup'  2>&1`
>>> [repo] 1 branches, 11 tags
 :: Writing meta to "/home/pete/wefwefwef/docs/other/3932944193/meta.txt"
 :: Processing https://github.com/feuerlabs/setup	{rev,tag,"1.2.9","e04ac8eb8251b02be629cc4dafff8830a21bd6ea"}
 :: Fetching repo code
$ cd "/home/pete/wefwefwef/docs/other/3932944193/setup-tag-1.2.9/setup"
$ infinity  `curl --fail --silent --show-error --location --output '1.2.9.zip' 'https://github.com/feuerlabs/setup/archive/1.2.9.zip'  2>&1`
$ cd "/home/pete/wefwefwef/docs/erldocs_other.git"
$ cd "/home/pete/wefwefwef/docs/other/3932944193/setup-tag-1.2.9/setup"
$ 5000  `find -P . -type l -delete  2>&1`
$ cd "/home/pete/wefwefwef/docs/erldocs_other.git"
$ cd "/home/pete/wefwefwef/docs/other/3932944193/setup-tag-1.2.9/setup"
$ 5000  `find 'setup-1.2.9' -mindepth 1 -maxdepth 1 -exec mv -t . -- {} +  2>&1`
$ cd "/home/pete/wefwefwef/docs/erldocs_other.git"
 :: Getting dependencies
$ cd "/home/pete/wefwefwef/docs/other/3932944193/setup-tag-1.2.9/setup"
$ infinity  `rebar --config '/home/pete/wefwefwef/docs/other/3932944193/setup-tag-1.2.9/rebar_deps' get-deps  2>&1`
$ cd "/home/pete/wefwefwef/docs/erldocs_other.git"
$ cd "/home/pete/wefwefwef/docs/other/3932944193/setup-tag-1.2.9/setup"
$ 5000  `find -P . -type l -delete  2>&1`
$ cd "/home/pete/wefwefwef/docs/erldocs_other.git"
$ cd "/home/pete/wefwefwef/docs/other/3932944193/setup-tag-1.2.9/setup"
$ 5000  `ls -1 deps/  2>&1`
$ cd "/home/pete/wefwefwef/docs/erldocs_other.git"
>>> [rebar] deps = ["edown"]
 :: Generating erldocs into /home/pete/wefwefwef/docs/other/3932944193/repo/1.2.9
Building setup
Generating Type Specs - "/home/pete/wefwefwef/docs/other/3932944193/setup-tag-1.2.9/setup/src/setup.erl"
Generating Type Specs - "/home/pete/wefwefwef/docs/other/3932944193/setup-tag-1.2.9/setup/src/setup_gen.erl"
Generating Type Specs - "/home/pete/wefwefwef/docs/other/3932944193/setup-tag-1.2.9/setup/src/setup_lib.erl"
Generating XML for application setup "/home/pete/wefwefwef/docs/other/3932944193/setup-tag-1.2.9/setup" -> "/home/pete/wefwefwef/docs/other/3932944193/repo/1.2.9/.xml/setup"
Generated setup XMLs: ["/home/pete/wefwefwef/docs/other/3932944193/repo/1.2.9/.xml/setup/setup_lib.xml",
                       "/home/pete/wefwefwef/docs/other/3932944193/repo/1.2.9/.xml/setup/setup.xml",
                       "/home/pete/wefwefwef/docs/other/3932944193/repo/1.2.9/.xml/setup/setup_gen.xml"]
Generating HTML - setup_gen "/home/pete/wefwefwef/docs/other/3932944193/repo/1.2.9/.xml/setup/setup_gen.xml"
Reading XML for "/home/pete/wefwefwef/docs/other/3932944193/repo/1.2.9/.xml/setup/setup_gen.xml"
Reading XML for "/home/pete/wefwefwef/docs/other/3932944193/repo/1.2.9/.xml/specs_setup_gen.xml"
Generating HTML - setup "/home/pete/wefwefwef/docs/other/3932944193/repo/1.2.9/.xml/setup/setup.xml"
Reading XML for "/home/pete/wefwefwef/docs/other/3932944193/repo/1.2.9/.xml/setup/setup.xml"
Reading XML for "/home/pete/wefwefwef/docs/other/3932944193/repo/1.2.9/.xml/specs_setup.xml"
Generating HTML - setup_lib "/home/pete/wefwefwef/docs/other/3932944193/repo/1.2.9/.xml/setup/setup_lib.xml"
Reading XML for "/home/pete/wefwefwef/docs/other/3932944193/repo/1.2.9/.xml/setup/setup_lib.xml"
Reading XML for "/home/pete/wefwefwef/docs/other/3932944193/repo/1.2.9/.xml/specs_setup_lib.xml"
Creating index.html ...
Creating erldocs_index.js ...
Woot, finished in 0 Minutes 0 Seconds
 :: Discovering other repos
$ 5000  `rm -r '/home/pete/wefwefwef/docs/other/3932944193/setup-tag-1.2.9'  2>&1`
 :: Processing https://github.com/feuerlabs/setup	{rev,tag,"1.1","c4e78cf41937766bc3c09ad7e8ba7961eb49fd42"}
 :: Fetching repo code
$ cd "/home/pete/wefwefwef/docs/other/3932944193/setup-tag-1.1/setup"
$ infinity  `curl --fail --silent --show-error --location --output '1.1.zip' 'https://github.com/feuerlabs/setup/archive/1.1.zip'  2>&1`
$ cd "/home/pete/wefwefwef/docs/erldocs_other.git"
$ cd "/home/pete/wefwefwef/docs/other/3932944193/setup-tag-1.1/setup"
$ 5000  `find -P . -type l -delete  2>&1`
$ cd "/home/pete/wefwefwef/docs/erldocs_other.git"
$ cd "/home/pete/wefwefwef/docs/other/3932944193/setup-tag-1.1/setup"
$ 5000  `find 'setup-1.1' -mindepth 1 -maxdepth 1 -exec mv -t . -- {} +  2>&1`
$ cd "/home/pete/wefwefwef/docs/erldocs_other.git"
 :: Getting dependencies
$ cd "/home/pete/wefwefwef/docs/other/3932944193/setup-tag-1.1/setup"
$ infinity  `rebar --config '/home/pete/wefwefwef/docs/other/3932944193/setup-tag-1.1/rebar_deps' get-deps  2>&1`
$ cd "/home/pete/wefwefwef/docs/erldocs_other.git"
$ cd "/home/pete/wefwefwef/docs/other/3932944193/setup-tag-1.1/setup"
$ 5000  `find -P . -type l -delete  2>&1`
$ cd "/home/pete/wefwefwef/docs/erldocs_other.git"
$ cd "/home/pete/wefwefwef/docs/other/3932944193/setup-tag-1.1/setup"
$ 5000  `ls -1 deps/  2>&1`
$ cd "/home/pete/wefwefwef/docs/erldocs_other.git"
>>> [rebar] deps = ["edown"]
 :: Generating erldocs into /home/pete/wefwefwef/docs/other/3932944193/repo/1.1
Building setup
Generating Type Specs - "/home/pete/wefwefwef/docs/other/3932944193/setup-tag-1.1/setup/src/setup.erl"
Generating Type Specs - "/home/pete/wefwefwef/docs/other/3932944193/setup-tag-1.1/setup/src/setup_gen.erl"
Generating XML for application setup "/home/pete/wefwefwef/docs/other/3932944193/setup-tag-1.1/setup" -> "/home/pete/wefwefwef/docs/other/3932944193/repo/1.1/.xml/setup"
Generated setup XMLs: ["/home/pete/wefwefwef/docs/other/3932944193/repo/1.1/.xml/setup/setup.xml",
                       "/home/pete/wefwefwef/docs/other/3932944193/repo/1.1/.xml/setup/setup_gen.xml"]
Generating HTML - setup_gen "/home/pete/wefwefwef/docs/other/3932944193/repo/1.1/.xml/setup/setup_gen.xml"
Reading XML for "/home/pete/wefwefwef/docs/other/3932944193/repo/1.1/.xml/setup/setup_gen.xml"
Reading XML for "/home/pete/wefwefwef/docs/other/3932944193/repo/1.1/.xml/specs_setup_gen.xml"
Generating HTML - setup "/home/pete/wefwefwef/docs/other/3932944193/repo/1.1/.xml/setup/setup.xml"
Reading XML for "/home/pete/wefwefwef/docs/other/3932944193/repo/1.1/.xml/setup/setup.xml"
Reading XML for "/home/pete/wefwefwef/docs/other/3932944193/repo/1.1/.xml/specs_setup.xml"
Creating index.html ...
Creating erldocs_index.js ...
Woot, finished in 0 Minutes 0 Seconds
 :: Discovering other repos
$ 5000  `rm -r '/home/pete/wefwefwef/docs/other/3932944193/setup-tag-1.1'  2>&1`
 :: Processing https://github.com/feuerlabs/setup	{rev,tag,"1.2","00f650bd9c9a532f29ef8c7db55f1318de3187f8"}
 :: Fetching repo code
$ cd "/home/pete/wefwefwef/docs/other/3932944193/setup-tag-1.2/setup"
$ infinity  `curl --fail --silent --show-error --location --output '1.2.zip' 'https://github.com/feuerlabs/setup/archive/1.2.zip'  2>&1`
$ cd "/home/pete/wefwefwef/docs/erldocs_other.git"
$ cd "/home/pete/wefwefwef/docs/other/3932944193/setup-tag-1.2/setup"
$ 5000  `find -P . -type l -delete  2>&1`
$ cd "/home/pete/wefwefwef/docs/erldocs_other.git"
$ cd "/home/pete/wefwefwef/docs/other/3932944193/setup-tag-1.2/setup"
$ 5000  `find 'setup-1.2' -mindepth 1 -maxdepth 1 -exec mv -t . -- {} +  2>&1`
$ cd "/home/pete/wefwefwef/docs/erldocs_other.git"
 :: Getting dependencies
$ cd "/home/pete/wefwefwef/docs/other/3932944193/setup-tag-1.2/setup"
$ infinity  `rebar --config '/home/pete/wefwefwef/docs/other/3932944193/setup-tag-1.2/rebar_deps' get-deps  2>&1`
$ cd "/home/pete/wefwefwef/docs/erldocs_other.git"
$ cd "/home/pete/wefwefwef/docs/other/3932944193/setup-tag-1.2/setup"
$ 5000  `find -P . -type l -delete  2>&1`
$ cd "/home/pete/wefwefwef/docs/erldocs_other.git"
$ cd "/home/pete/wefwefwef/docs/other/3932944193/setup-tag-1.2/setup"
$ 5000  `ls -1 deps/  2>&1`
$ cd "/home/pete/wefwefwef/docs/erldocs_other.git"
>>> [rebar] deps = ["edown"]
 :: Generating erldocs into /home/pete/wefwefwef/docs/other/3932944193/repo/1.2
Building setup
Generating Type Specs - "/home/pete/wefwefwef/docs/other/3932944193/setup-tag-1.2/setup/src/setup.erl"
Generating Type Specs - "/home/pete/wefwefwef/docs/other/3932944193/setup-tag-1.2/setup/src/setup_gen.erl"
Generating Type Specs - "/home/pete/wefwefwef/docs/other/3932944193/setup-tag-1.2/setup/src/setup_lib.erl"
Generating XML for application setup "/home/pete/wefwefwef/docs/other/3932944193/setup-tag-1.2/setup" -> "/home/pete/wefwefwef/docs/other/3932944193/repo/1.2/.xml/setup"
Generated setup XMLs: ["/home/pete/wefwefwef/docs/other/3932944193/repo/1.2/.xml/setup/setup_lib.xml",
                       "/home/pete/wefwefwef/docs/other/3932944193/repo/1.2/.xml/setup/setup.xml",
                       "/home/pete/wefwefwef/docs/other/3932944193/repo/1.2/.xml/setup/setup_gen.xml"]
Generating HTML - setup_gen "/home/pete/wefwefwef/docs/other/3932944193/repo/1.2/.xml/setup/setup_gen.xml"
Reading XML for "/home/pete/wefwefwef/docs/other/3932944193/repo/1.2/.xml/setup/setup_gen.xml"
Reading XML for "/home/pete/wefwefwef/docs/other/3932944193/repo/1.2/.xml/specs_setup_gen.xml"
Generating HTML - setup "/home/pete/wefwefwef/docs/other/3932944193/repo/1.2/.xml/setup/setup.xml"
Reading XML for "/home/pete/wefwefwef/docs/other/3932944193/repo/1.2/.xml/setup/setup.xml"
Reading XML for "/home/pete/wefwefwef/docs/other/3932944193/repo/1.2/.xml/specs_setup.xml"
Generating HTML - setup_lib "/home/pete/wefwefwef/docs/other/3932944193/repo/1.2/.xml/setup/setup_lib.xml"
Reading XML for "/home/pete/wefwefwef/docs/other/3932944193/repo/1.2/.xml/setup/setup_lib.xml"
Reading XML for "/home/pete/wefwefwef/docs/other/3932944193/repo/1.2/.xml/specs_setup_lib.xml"
Creating index.html ...
Creating erldocs_index.js ...
Woot, finished in 0 Minutes 0 Seconds
 :: Discovering other repos
$ 5000  `rm -r '/home/pete/wefwefwef/docs/other/3932944193/setup-tag-1.2'  2>&1`
 :: Processing https://github.com/feuerlabs/setup	{rev,tag,"1.2.1","6a1bd409f64126749f9057cd0f68cf353286e817"}
 :: Fetching repo code
$ cd "/home/pete/wefwefwef/docs/other/3932944193/setup-tag-1.2.1/setup"
$ infinity  `curl --fail --silent --show-error --location --output '1.2.1.zip' 'https://github.com/feuerlabs/setup/archive/1.2.1.zip'  2>&1`
$ cd "/home/pete/wefwefwef/docs/erldocs_other.git"
$ cd "/home/pete/wefwefwef/docs/other/3932944193/setup-tag-1.2.1/setup"
$ 5000  `find -P . -type l -delete  2>&1`
$ cd "/home/pete/wefwefwef/docs/erldocs_other.git"
$ cd "/home/pete/wefwefwef/docs/other/3932944193/setup-tag-1.2.1/setup"
$ 5000  `find 'setup-1.2.1' -mindepth 1 -maxdepth 1 -exec mv -t . -- {} +  2>&1`
$ cd "/home/pete/wefwefwef/docs/erldocs_other.git"
 :: Getting dependencies
$ cd "/home/pete/wefwefwef/docs/other/3932944193/setup-tag-1.2.1/setup"
$ infinity  `rebar --config '/home/pete/wefwefwef/docs/other/3932944193/setup-tag-1.2.1/rebar_deps' get-deps  2>&1`
$ cd "/home/pete/wefwefwef/docs/erldocs_other.git"
$ cd "/home/pete/wefwefwef/docs/other/3932944193/setup-tag-1.2.1/setup"
$ 5000  `find -P . -type l -delete  2>&1`
$ cd "/home/pete/wefwefwef/docs/erldocs_other.git"
$ cd "/home/pete/wefwefwef/docs/other/3932944193/setup-tag-1.2.1/setup"
$ 5000  `ls -1 deps/  2>&1`
$ cd "/home/pete/wefwefwef/docs/erldocs_other.git"
>>> [rebar] deps = ["edown"]
 :: Generating erldocs into /home/pete/wefwefwef/docs/other/3932944193/repo/1.2.1
Building setup
Generating Type Specs - "/home/pete/wefwefwef/docs/other/3932944193/setup-tag-1.2.1/setup/src/setup.erl"
Generating Type Specs - "/home/pete/wefwefwef/docs/other/3932944193/setup-tag-1.2.1/setup/src/setup_gen.erl"
Generating Type Specs - "/home/pete/wefwefwef/docs/other/3932944193/setup-tag-1.2.1/setup/src/setup_lib.erl"
Generating XML for application setup "/home/pete/wefwefwef/docs/other/3932944193/setup-tag-1.2.1/setup" -> "/home/pete/wefwefwef/docs/other/3932944193/repo/1.2.1/.xml/setup"
Generated setup XMLs: ["/home/pete/wefwefwef/docs/other/3932944193/repo/1.2.1/.xml/setup/setup_lib.xml",
                       "/home/pete/wefwefwef/docs/other/3932944193/repo/1.2.1/.xml/setup/setup.xml",
                       "/home/pete/wefwefwef/docs/other/3932944193/repo/1.2.1/.xml/setup/setup_gen.xml"]
Generating HTML - setup_gen "/home/pete/wefwefwef/docs/other/3932944193/repo/1.2.1/.xml/setup/setup_gen.xml"
Reading XML for "/home/pete/wefwefwef/docs/other/3932944193/repo/1.2.1/.xml/setup/setup_gen.xml"
Reading XML for "/home/pete/wefwefwef/docs/other/3932944193/repo/1.2.1/.xml/specs_setup_gen.xml"
Generating HTML - setup "/home/pete/wefwefwef/docs/other/3932944193/repo/1.2.1/.xml/setup/setup.xml"
Reading XML for "/home/pete/wefwefwef/docs/other/3932944193/repo/1.2.1/.xml/setup/setup.xml"
Reading XML for "/home/pete/wefwefwef/docs/other/3932944193/repo/1.2.1/.xml/specs_setup.xml"
Generating HTML - setup_lib "/home/pete/wefwefwef/docs/other/3932944193/repo/1.2.1/.xml/setup/setup_lib.xml"
Reading XML for "/home/pete/wefwefwef/docs/other/3932944193/repo/1.2.1/.xml/setup/setup_lib.xml"
Reading XML for "/home/pete/wefwefwef/docs/other/3932944193/repo/1.2.1/.xml/specs_setup_lib.xml"
Creating index.html ...
Creating erldocs_index.js ...
Woot, finished in 0 Minutes 0 Seconds
 :: Discovering other repos
$ 5000  `rm -r '/home/pete/wefwefwef/docs/other/3932944193/setup-tag-1.2.1'  2>&1`
 :: Processing https://github.com/feuerlabs/setup	{rev,tag,"1.2.2","90e14da250be682b86772f35ad479b3af1c02ac7"}
 :: Fetching repo code
$ cd "/home/pete/wefwefwef/docs/other/3932944193/setup-tag-1.2.2/setup"
$ infinity  `curl --fail --silent --show-error --location --output '1.2.2.zip' 'https://github.com/feuerlabs/setup/archive/1.2.2.zip'  2>&1`
$ cd "/home/pete/wefwefwef/docs/erldocs_other.git"
$ cd "/home/pete/wefwefwef/docs/other/3932944193/setup-tag-1.2.2/setup"
$ 5000  `find -P . -type l -delete  2>&1`
$ cd "/home/pete/wefwefwef/docs/erldocs_other.git"
$ cd "/home/pete/wefwefwef/docs/other/3932944193/setup-tag-1.2.2/setup"
$ 5000  `find 'setup-1.2.2' -mindepth 1 -maxdepth 1 -exec mv -t . -- {} +  2>&1`
$ cd "/home/pete/wefwefwef/docs/erldocs_other.git"
 :: Getting dependencies
$ cd "/home/pete/wefwefwef/docs/other/3932944193/setup-tag-1.2.2/setup"
$ infinity  `rebar --config '/home/pete/wefwefwef/docs/other/3932944193/setup-tag-1.2.2/rebar_deps' get-deps  2>&1`
$ cd "/home/pete/wefwefwef/docs/erldocs_other.git"
$ cd "/home/pete/wefwefwef/docs/other/3932944193/setup-tag-1.2.2/setup"
$ 5000  `find -P . -type l -delete  2>&1`
$ cd "/home/pete/wefwefwef/docs/erldocs_other.git"
$ cd "/home/pete/wefwefwef/docs/other/3932944193/setup-tag-1.2.2/setup"
$ 5000  `ls -1 deps/  2>&1`
$ cd "/home/pete/wefwefwef/docs/erldocs_other.git"
>>> [rebar] deps = ["edown"]
 :: Generating erldocs into /home/pete/wefwefwef/docs/other/3932944193/repo/1.2.2
Building setup
Generating Type Specs - "/home/pete/wefwefwef/docs/other/3932944193/setup-tag-1.2.2/setup/src/setup.erl"
Generating Type Specs - "/home/pete/wefwefwef/docs/other/3932944193/setup-tag-1.2.2/setup/src/setup_gen.erl"
Generating Type Specs - "/home/pete/wefwefwef/docs/other/3932944193/setup-tag-1.2.2/setup/src/setup_lib.erl"
Generating XML for application setup "/home/pete/wefwefwef/docs/other/3932944193/setup-tag-1.2.2/setup" -> "/home/pete/wefwefwef/docs/other/3932944193/repo/1.2.2/.xml/setup"
Generated setup XMLs: ["/home/pete/wefwefwef/docs/other/3932944193/repo/1.2.2/.xml/setup/setup_lib.xml",
                       "/home/pete/wefwefwef/docs/other/3932944193/repo/1.2.2/.xml/setup/setup.xml",
                       "/home/pete/wefwefwef/docs/other/3932944193/repo/1.2.2/.xml/setup/setup_gen.xml"]
Generating HTML - setup_gen "/home/pete/wefwefwef/docs/other/3932944193/repo/1.2.2/.xml/setup/setup_gen.xml"
Reading XML for "/home/pete/wefwefwef/docs/other/3932944193/repo/1.2.2/.xml/setup/setup_gen.xml"
Reading XML for "/home/pete/wefwefwef/docs/other/3932944193/repo/1.2.2/.xml/specs_setup_gen.xml"
Generating HTML - setup "/home/pete/wefwefwef/docs/other/3932944193/repo/1.2.2/.xml/setup/setup.xml"
Reading XML for "/home/pete/wefwefwef/docs/other/3932944193/repo/1.2.2/.xml/setup/setup.xml"
Reading XML for "/home/pete/wefwefwef/docs/other/3932944193/repo/1.2.2/.xml/specs_setup.xml"
Generating HTML - setup_lib "/home/pete/wefwefwef/docs/other/3932944193/repo/1.2.2/.xml/setup/setup_lib.xml"
Reading XML for "/home/pete/wefwefwef/docs/other/3932944193/repo/1.2.2/.xml/setup/setup_lib.xml"
Reading XML for "/home/pete/wefwefwef/docs/other/3932944193/repo/1.2.2/.xml/specs_setup_lib.xml"
Creating index.html ...
Creating erldocs_index.js ...
Woot, finished in 0 Minutes 0 Seconds
 :: Discovering other repos
$ 5000  `rm -r '/home/pete/wefwefwef/docs/other/3932944193/setup-tag-1.2.2'  2>&1`
 :: Processing https://github.com/feuerlabs/setup	{rev,tag,"1.2.3","9d07e3088f3b7829f6b47eb7019442796832b9a9"}
 :: Fetching repo code
$ cd "/home/pete/wefwefwef/docs/other/3932944193/setup-tag-1.2.3/setup"
$ infinity  `curl --fail --silent --show-error --location --output '1.2.3.zip' 'https://github.com/feuerlabs/setup/archive/1.2.3.zip'  2>&1`
$ cd "/home/pete/wefwefwef/docs/erldocs_other.git"
$ cd "/home/pete/wefwefwef/docs/other/3932944193/setup-tag-1.2.3/setup"
$ 5000  `find -P . -type l -delete  2>&1`
$ cd "/home/pete/wefwefwef/docs/erldocs_other.git"
$ cd "/home/pete/wefwefwef/docs/other/3932944193/setup-tag-1.2.3/setup"
$ 5000  `find 'setup-1.2.3' -mindepth 1 -maxdepth 1 -exec mv -t . -- {} +  2>&1`
$ cd "/home/pete/wefwefwef/docs/erldocs_other.git"
 :: Getting dependencies
$ cd "/home/pete/wefwefwef/docs/other/3932944193/setup-tag-1.2.3/setup"
$ infinity  `rebar --config '/home/pete/wefwefwef/docs/other/3932944193/setup-tag-1.2.3/rebar_deps' get-deps  2>&1`
$ cd "/home/pete/wefwefwef/docs/erldocs_other.git"
$ cd "/home/pete/wefwefwef/docs/other/3932944193/setup-tag-1.2.3/setup"
$ 5000  `find -P . -type l -delete  2>&1`
$ cd "/home/pete/wefwefwef/docs/erldocs_other.git"
$ cd "/home/pete/wefwefwef/docs/other/3932944193/setup-tag-1.2.3/setup"
$ 5000  `ls -1 deps/  2>&1`
$ cd "/home/pete/wefwefwef/docs/erldocs_other.git"
>>> [rebar] deps = ["edown"]
 :: Generating erldocs into /home/pete/wefwefwef/docs/other/3932944193/repo/1.2.3
Building setup
Generating Type Specs - "/home/pete/wefwefwef/docs/other/3932944193/setup-tag-1.2.3/setup/src/setup.erl"
Generating Type Specs - "/home/pete/wefwefwef/docs/other/3932944193/setup-tag-1.2.3/setup/src/setup_gen.erl"
Generating Type Specs - "/home/pete/wefwefwef/docs/other/3932944193/setup-tag-1.2.3/setup/src/setup_lib.erl"
Generating XML for application setup "/home/pete/wefwefwef/docs/other/3932944193/setup-tag-1.2.3/setup" -> "/home/pete/wefwefwef/docs/other/3932944193/repo/1.2.3/.xml/setup"
Generated setup XMLs: ["/home/pete/wefwefwef/docs/other/3932944193/repo/1.2.3/.xml/setup/setup_lib.xml",
                       "/home/pete/wefwefwef/docs/other/3932944193/repo/1.2.3/.xml/setup/setup.xml",
                       "/home/pete/wefwefwef/docs/other/3932944193/repo/1.2.3/.xml/setup/setup_gen.xml"]
Generating HTML - setup_gen "/home/pete/wefwefwef/docs/other/3932944193/repo/1.2.3/.xml/setup/setup_gen.xml"
Reading XML for "/home/pete/wefwefwef/docs/other/3932944193/repo/1.2.3/.xml/setup/setup_gen.xml"
Reading XML for "/home/pete/wefwefwef/docs/other/3932944193/repo/1.2.3/.xml/specs_setup_gen.xml"
Generating HTML - setup "/home/pete/wefwefwef/docs/other/3932944193/repo/1.2.3/.xml/setup/setup.xml"
Reading XML for "/home/pete/wefwefwef/docs/other/3932944193/repo/1.2.3/.xml/setup/setup.xml"
Reading XML for "/home/pete/wefwefwef/docs/other/3932944193/repo/1.2.3/.xml/specs_setup.xml"
Generating HTML - setup_lib "/home/pete/wefwefwef/docs/other/3932944193/repo/1.2.3/.xml/setup/setup_lib.xml"
Reading XML for "/home/pete/wefwefwef/docs/other/3932944193/repo/1.2.3/.xml/setup/setup_lib.xml"
Reading XML for "/home/pete/wefwefwef/docs/other/3932944193/repo/1.2.3/.xml/specs_setup_lib.xml"
Creating index.html ...
Creating erldocs_index.js ...
Woot, finished in 0 Minutes 0 Seconds
 :: Discovering other repos
$ 5000  `rm -r '/home/pete/wefwefwef/docs/other/3932944193/setup-tag-1.2.3'  2>&1`
 :: Processing https://github.com/feuerlabs/setup	{rev,tag,"1.2.4","917c8a1c2103558ba946ec8b802eb3bfe4edbdad"}
 :: Fetching repo code
$ cd "/home/pete/wefwefwef/docs/other/3932944193/setup-tag-1.2.4/setup"
$ infinity  `curl --fail --silent --show-error --location --output '1.2.4.zip' 'https://github.com/feuerlabs/setup/archive/1.2.4.zip'  2>&1`
$ cd "/home/pete/wefwefwef/docs/erldocs_other.git"
$ cd "/home/pete/wefwefwef/docs/other/3932944193/setup-tag-1.2.4/setup"
$ 5000  `find -P . -type l -delete  2>&1`
$ cd "/home/pete/wefwefwef/docs/erldocs_other.git"
$ cd "/home/pete/wefwefwef/docs/other/3932944193/setup-tag-1.2.4/setup"
$ 5000  `find 'setup-1.2.4' -mindepth 1 -maxdepth 1 -exec mv -t . -- {} +  2>&1`
$ cd "/home/pete/wefwefwef/docs/erldocs_other.git"
 :: Getting dependencies
$ cd "/home/pete/wefwefwef/docs/other/3932944193/setup-tag-1.2.4/setup"
$ infinity  `rebar --config '/home/pete/wefwefwef/docs/other/3932944193/setup-tag-1.2.4/rebar_deps' get-deps  2>&1`
$ cd "/home/pete/wefwefwef/docs/erldocs_other.git"
$ cd "/home/pete/wefwefwef/docs/other/3932944193/setup-tag-1.2.4/setup"
$ 5000  `find -P . -type l -delete  2>&1`
$ cd "/home/pete/wefwefwef/docs/erldocs_other.git"
$ cd "/home/pete/wefwefwef/docs/other/3932944193/setup-tag-1.2.4/setup"
$ 5000  `ls -1 deps/  2>&1`
$ cd "/home/pete/wefwefwef/docs/erldocs_other.git"
>>> [rebar] deps = ["edown"]
 :: Generating erldocs into /home/pete/wefwefwef/docs/other/3932944193/repo/1.2.4
Building setup
Generating Type Specs - "/home/pete/wefwefwef/docs/other/3932944193/setup-tag-1.2.4/setup/src/setup.erl"
Generating Type Specs - "/home/pete/wefwefwef/docs/other/3932944193/setup-tag-1.2.4/setup/src/setup_gen.erl"
Generating Type Specs - "/home/pete/wefwefwef/docs/other/3932944193/setup-tag-1.2.4/setup/src/setup_lib.erl"
Generating XML for application setup "/home/pete/wefwefwef/docs/other/3932944193/setup-tag-1.2.4/setup" -> "/home/pete/wefwefwef/docs/other/3932944193/repo/1.2.4/.xml/setup"
Generated setup XMLs: ["/home/pete/wefwefwef/docs/other/3932944193/repo/1.2.4/.xml/setup/setup_lib.xml",
                       "/home/pete/wefwefwef/docs/other/3932944193/repo/1.2.4/.xml/setup/setup.xml",
                       "/home/pete/wefwefwef/docs/other/3932944193/repo/1.2.4/.xml/setup/setup_gen.xml"]
Generating HTML - setup_gen "/home/pete/wefwefwef/docs/other/3932944193/repo/1.2.4/.xml/setup/setup_gen.xml"
Reading XML for "/home/pete/wefwefwef/docs/other/3932944193/repo/1.2.4/.xml/setup/setup_gen.xml"
Reading XML for "/home/pete/wefwefwef/docs/other/3932944193/repo/1.2.4/.xml/specs_setup_gen.xml"
Generating HTML - setup "/home/pete/wefwefwef/docs/other/3932944193/repo/1.2.4/.xml/setup/setup.xml"
Reading XML for "/home/pete/wefwefwef/docs/other/3932944193/repo/1.2.4/.xml/setup/setup.xml"
Reading XML for "/home/pete/wefwefwef/docs/other/3932944193/repo/1.2.4/.xml/specs_setup.xml"
Generating HTML - setup_lib "/home/pete/wefwefwef/docs/other/3932944193/repo/1.2.4/.xml/setup/setup_lib.xml"
Reading XML for "/home/pete/wefwefwef/docs/other/3932944193/repo/1.2.4/.xml/setup/setup_lib.xml"
Reading XML for "/home/pete/wefwefwef/docs/other/3932944193/repo/1.2.4/.xml/specs_setup_lib.xml"
Creating index.html ...
Creating erldocs_index.js ...
Woot, finished in 0 Minutes 0 Seconds
 :: Discovering other repos
$ 5000  `rm -r '/home/pete/wefwefwef/docs/other/3932944193/setup-tag-1.2.4'  2>&1`
 :: Processing https://github.com/feuerlabs/setup	{rev,tag,"1.2.5","4d768bf13abdfbdadf9c02887d9af6f59157fdb9"}
 :: Fetching repo code
$ cd "/home/pete/wefwefwef/docs/other/3932944193/setup-tag-1.2.5/setup"
$ infinity  `curl --fail --silent --show-error --location --output '1.2.5.zip' 'https://github.com/feuerlabs/setup/archive/1.2.5.zip'  2>&1`
$ cd "/home/pete/wefwefwef/docs/erldocs_other.git"
$ cd "/home/pete/wefwefwef/docs/other/3932944193/setup-tag-1.2.5/setup"
$ 5000  `find -P . -type l -delete  2>&1`
$ cd "/home/pete/wefwefwef/docs/erldocs_other.git"
$ cd "/home/pete/wefwefwef/docs/other/3932944193/setup-tag-1.2.5/setup"
$ 5000  `find 'setup-1.2.5' -mindepth 1 -maxdepth 1 -exec mv -t . -- {} +  2>&1`
$ cd "/home/pete/wefwefwef/docs/erldocs_other.git"
 :: Getting dependencies
$ cd "/home/pete/wefwefwef/docs/other/3932944193/setup-tag-1.2.5/setup"
$ infinity  `rebar --config '/home/pete/wefwefwef/docs/other/3932944193/setup-tag-1.2.5/rebar_deps' get-deps  2>&1`
$ cd "/home/pete/wefwefwef/docs/erldocs_other.git"
$ cd "/home/pete/wefwefwef/docs/other/3932944193/setup-tag-1.2.5/setup"
$ 5000  `find -P . -type l -delete  2>&1`
$ cd "/home/pete/wefwefwef/docs/erldocs_other.git"
$ cd "/home/pete/wefwefwef/docs/other/3932944193/setup-tag-1.2.5/setup"
$ 5000  `ls -1 deps/  2>&1`
$ cd "/home/pete/wefwefwef/docs/erldocs_other.git"
>>> [rebar] deps = ["edown"]
 :: Generating erldocs into /home/pete/wefwefwef/docs/other/3932944193/repo/1.2.5
Building setup
Generating Type Specs - "/home/pete/wefwefwef/docs/other/3932944193/setup-tag-1.2.5/setup/src/setup.erl"
Generating Type Specs - "/home/pete/wefwefwef/docs/other/3932944193/setup-tag-1.2.5/setup/src/setup_gen.erl"
Generating Type Specs - "/home/pete/wefwefwef/docs/other/3932944193/setup-tag-1.2.5/setup/src/setup_lib.erl"
Generating XML for application setup "/home/pete/wefwefwef/docs/other/3932944193/setup-tag-1.2.5/setup" -> "/home/pete/wefwefwef/docs/other/3932944193/repo/1.2.5/.xml/setup"
Generated setup XMLs: ["/home/pete/wefwefwef/docs/other/3932944193/repo/1.2.5/.xml/setup/setup_lib.xml",
                       "/home/pete/wefwefwef/docs/other/3932944193/repo/1.2.5/.xml/setup/setup.xml",
                       "/home/pete/wefwefwef/docs/other/3932944193/repo/1.2.5/.xml/setup/setup_gen.xml"]
Generating HTML - setup_gen "/home/pete/wefwefwef/docs/other/3932944193/repo/1.2.5/.xml/setup/setup_gen.xml"
Reading XML for "/home/pete/wefwefwef/docs/other/3932944193/repo/1.2.5/.xml/setup/setup_gen.xml"
Reading XML for "/home/pete/wefwefwef/docs/other/3932944193/repo/1.2.5/.xml/specs_setup_gen.xml"
Generating HTML - setup "/home/pete/wefwefwef/docs/other/3932944193/repo/1.2.5/.xml/setup/setup.xml"
Reading XML for "/home/pete/wefwefwef/docs/other/3932944193/repo/1.2.5/.xml/setup/setup.xml"
Reading XML for "/home/pete/wefwefwef/docs/other/3932944193/repo/1.2.5/.xml/specs_setup.xml"
Generating HTML - setup_lib "/home/pete/wefwefwef/docs/other/3932944193/repo/1.2.5/.xml/setup/setup_lib.xml"
Reading XML for "/home/pete/wefwefwef/docs/other/3932944193/repo/1.2.5/.xml/setup/setup_lib.xml"
Reading XML for "/home/pete/wefwefwef/docs/other/3932944193/repo/1.2.5/.xml/specs_setup_lib.xml"
Creating index.html ...
Creating erldocs_index.js ...
Woot, finished in 0 Minutes 0 Seconds
 :: Discovering other repos
$ 5000  `rm -r '/home/pete/wefwefwef/docs/other/3932944193/setup-tag-1.2.5'  2>&1`
 :: Processing https://github.com/feuerlabs/setup	{rev,tag,"1.2.6","07b35416a5dff14a68e36be763617e6d7397d81d"}
 :: Fetching repo code
$ cd "/home/pete/wefwefwef/docs/other/3932944193/setup-tag-1.2.6/setup"
$ infinity  `curl --fail --silent --show-error --location --output '1.2.6.zip' 'https://github.com/feuerlabs/setup/archive/1.2.6.zip'  2>&1`
$ cd "/home/pete/wefwefwef/docs/erldocs_other.git"
$ cd "/home/pete/wefwefwef/docs/other/3932944193/setup-tag-1.2.6/setup"
$ 5000  `find -P . -type l -delete  2>&1`
$ cd "/home/pete/wefwefwef/docs/erldocs_other.git"
$ cd "/home/pete/wefwefwef/docs/other/3932944193/setup-tag-1.2.6/setup"
$ 5000  `find 'setup-1.2.6' -mindepth 1 -maxdepth 1 -exec mv -t . -- {} +  2>&1`
$ cd "/home/pete/wefwefwef/docs/erldocs_other.git"
 :: Getting dependencies
$ cd "/home/pete/wefwefwef/docs/other/3932944193/setup-tag-1.2.6/setup"
$ infinity  `rebar --config '/home/pete/wefwefwef/docs/other/3932944193/setup-tag-1.2.6/rebar_deps' get-deps  2>&1`
$ cd "/home/pete/wefwefwef/docs/erldocs_other.git"
$ cd "/home/pete/wefwefwef/docs/other/3932944193/setup-tag-1.2.6/setup"
$ 5000  `find -P . -type l -delete  2>&1`
$ cd "/home/pete/wefwefwef/docs/erldocs_other.git"
$ cd "/home/pete/wefwefwef/docs/other/3932944193/setup-tag-1.2.6/setup"
$ 5000  `ls -1 deps/  2>&1`
$ cd "/home/pete/wefwefwef/docs/erldocs_other.git"
>>> [rebar] deps = ["edown"]
 :: Generating erldocs into /home/pete/wefwefwef/docs/other/3932944193/repo/1.2.6
Building setup
Generating Type Specs - "/home/pete/wefwefwef/docs/other/3932944193/setup-tag-1.2.6/setup/src/setup.erl"
Generating Type Specs - "/home/pete/wefwefwef/docs/other/3932944193/setup-tag-1.2.6/setup/src/setup_gen.erl"
Generating Type Specs - "/home/pete/wefwefwef/docs/other/3932944193/setup-tag-1.2.6/setup/src/setup_lib.erl"
Generating XML for application setup "/home/pete/wefwefwef/docs/other/3932944193/setup-tag-1.2.6/setup" -> "/home/pete/wefwefwef/docs/other/3932944193/repo/1.2.6/.xml/setup"
Generated setup XMLs: ["/home/pete/wefwefwef/docs/other/3932944193/repo/1.2.6/.xml/setup/setup_lib.xml",
                       "/home/pete/wefwefwef/docs/other/3932944193/repo/1.2.6/.xml/setup/setup.xml",
                       "/home/pete/wefwefwef/docs/other/3932944193/repo/1.2.6/.xml/setup/setup_gen.xml"]
Generating HTML - setup_gen "/home/pete/wefwefwef/docs/other/3932944193/repo/1.2.6/.xml/setup/setup_gen.xml"
Reading XML for "/home/pete/wefwefwef/docs/other/3932944193/repo/1.2.6/.xml/setup/setup_gen.xml"
Reading XML for "/home/pete/wefwefwef/docs/other/3932944193/repo/1.2.6/.xml/specs_setup_gen.xml"
Generating HTML - setup "/home/pete/wefwefwef/docs/other/3932944193/repo/1.2.6/.xml/setup/setup.xml"
Reading XML for "/home/pete/wefwefwef/docs/other/3932944193/repo/1.2.6/.xml/setup/setup.xml"
Reading XML for "/home/pete/wefwefwef/docs/other/3932944193/repo/1.2.6/.xml/specs_setup.xml"
Generating HTML - setup_lib "/home/pete/wefwefwef/docs/other/3932944193/repo/1.2.6/.xml/setup/setup_lib.xml"
Reading XML for "/home/pete/wefwefwef/docs/other/3932944193/repo/1.2.6/.xml/setup/setup_lib.xml"
Reading XML for "/home/pete/wefwefwef/docs/other/3932944193/repo/1.2.6/.xml/specs_setup_lib.xml"
Creating index.html ...
Creating erldocs_index.js ...
Woot, finished in 0 Minutes 0 Seconds
 :: Discovering other repos
$ 5000  `rm -r '/home/pete/wefwefwef/docs/other/3932944193/setup-tag-1.2.6'  2>&1`
 :: Processing https://github.com/feuerlabs/setup	{rev,tag,"1.2.7","4a78a91438138d3cfe6c5e0c9b6440fff7681a72"}
 :: Fetching repo code
$ cd "/home/pete/wefwefwef/docs/other/3932944193/setup-tag-1.2.7/setup"
$ infinity  `curl --fail --silent --show-error --location --output '1.2.7.zip' 'https://github.com/feuerlabs/setup/archive/1.2.7.zip'  2>&1`
$ cd "/home/pete/wefwefwef/docs/erldocs_other.git"
$ cd "/home/pete/wefwefwef/docs/other/3932944193/setup-tag-1.2.7/setup"
$ 5000  `find -P . -type l -delete  2>&1`
$ cd "/home/pete/wefwefwef/docs/erldocs_other.git"
$ cd "/home/pete/wefwefwef/docs/other/3932944193/setup-tag-1.2.7/setup"
$ 5000  `find 'setup-1.2.7' -mindepth 1 -maxdepth 1 -exec mv -t . -- {} +  2>&1`
$ cd "/home/pete/wefwefwef/docs/erldocs_other.git"
 :: Getting dependencies
$ cd "/home/pete/wefwefwef/docs/other/3932944193/setup-tag-1.2.7/setup"
$ infinity  `rebar --config '/home/pete/wefwefwef/docs/other/3932944193/setup-tag-1.2.7/rebar_deps' get-deps  2>&1`
$ cd "/home/pete/wefwefwef/docs/erldocs_other.git"
$ cd "/home/pete/wefwefwef/docs/other/3932944193/setup-tag-1.2.7/setup"
$ 5000  `find -P . -type l -delete  2>&1`
$ cd "/home/pete/wefwefwef/docs/erldocs_other.git"
$ cd "/home/pete/wefwefwef/docs/other/3932944193/setup-tag-1.2.7/setup"
$ 5000  `ls -1 deps/  2>&1`
$ cd "/home/pete/wefwefwef/docs/erldocs_other.git"
>>> [rebar] deps = ["edown"]
 :: Generating erldocs into /home/pete/wefwefwef/docs/other/3932944193/repo/1.2.7
Building setup
Generating Type Specs - "/home/pete/wefwefwef/docs/other/3932944193/setup-tag-1.2.7/setup/src/setup.erl"
Generating Type Specs - "/home/pete/wefwefwef/docs/other/3932944193/setup-tag-1.2.7/setup/src/setup_gen.erl"
Generating Type Specs - "/home/pete/wefwefwef/docs/other/3932944193/setup-tag-1.2.7/setup/src/setup_lib.erl"
Generating XML for application setup "/home/pete/wefwefwef/docs/other/3932944193/setup-tag-1.2.7/setup" -> "/home/pete/wefwefwef/docs/other/3932944193/repo/1.2.7/.xml/setup"
Generated setup XMLs: ["/home/pete/wefwefwef/docs/other/3932944193/repo/1.2.7/.xml/setup/setup_lib.xml",
                       "/home/pete/wefwefwef/docs/other/3932944193/repo/1.2.7/.xml/setup/setup.xml",
                       "/home/pete/wefwefwef/docs/other/3932944193/repo/1.2.7/.xml/setup/setup_gen.xml"]
Generating HTML - setup_gen "/home/pete/wefwefwef/docs/other/3932944193/repo/1.2.7/.xml/setup/setup_gen.xml"
Reading XML for "/home/pete/wefwefwef/docs/other/3932944193/repo/1.2.7/.xml/setup/setup_gen.xml"
Reading XML for "/home/pete/wefwefwef/docs/other/3932944193/repo/1.2.7/.xml/specs_setup_gen.xml"
Generating HTML - setup "/home/pete/wefwefwef/docs/other/3932944193/repo/1.2.7/.xml/setup/setup.xml"
Reading XML for "/home/pete/wefwefwef/docs/other/3932944193/repo/1.2.7/.xml/setup/setup.xml"
Reading XML for "/home/pete/wefwefwef/docs/other/3932944193/repo/1.2.7/.xml/specs_setup.xml"
Generating HTML - setup_lib "/home/pete/wefwefwef/docs/other/3932944193/repo/1.2.7/.xml/setup/setup_lib.xml"
Reading XML for "/home/pete/wefwefwef/docs/other/3932944193/repo/1.2.7/.xml/setup/setup_lib.xml"
Reading XML for "/home/pete/wefwefwef/docs/other/3932944193/repo/1.2.7/.xml/specs_setup_lib.xml"
Creating index.html ...
Creating erldocs_index.js ...
Woot, finished in 0 Minutes 0 Seconds
 :: Discovering other repos
$ 5000  `rm -r '/home/pete/wefwefwef/docs/other/3932944193/setup-tag-1.2.7'  2>&1`
 :: Processing https://github.com/feuerlabs/setup	{rev,tag,"1.2.8","7828cfd9a78f14a50ebc21bf604a0d96aac333f2"}
 :: Fetching repo code
$ cd "/home/pete/wefwefwef/docs/other/3932944193/setup-tag-1.2.8/setup"
$ infinity  `curl --fail --silent --show-error --location --output '1.2.8.zip' 'https://github.com/feuerlabs/setup/archive/1.2.8.zip'  2>&1`
$ cd "/home/pete/wefwefwef/docs/erldocs_other.git"
$ cd "/home/pete/wefwefwef/docs/other/3932944193/setup-tag-1.2.8/setup"
$ 5000  `find -P . -type l -delete  2>&1`
$ cd "/home/pete/wefwefwef/docs/erldocs_other.git"
$ cd "/home/pete/wefwefwef/docs/other/3932944193/setup-tag-1.2.8/setup"
$ 5000  `find 'setup-1.2.8' -mindepth 1 -maxdepth 1 -exec mv -t . -- {} +  2>&1`
$ cd "/home/pete/wefwefwef/docs/erldocs_other.git"
 :: Getting dependencies
$ cd "/home/pete/wefwefwef/docs/other/3932944193/setup-tag-1.2.8/setup"
$ infinity  `rebar --config '/home/pete/wefwefwef/docs/other/3932944193/setup-tag-1.2.8/rebar_deps' get-deps  2>&1`
$ cd "/home/pete/wefwefwef/docs/erldocs_other.git"
$ cd "/home/pete/wefwefwef/docs/other/3932944193/setup-tag-1.2.8/setup"
$ 5000  `find -P . -type l -delete  2>&1`
$ cd "/home/pete/wefwefwef/docs/erldocs_other.git"
$ cd "/home/pete/wefwefwef/docs/other/3932944193/setup-tag-1.2.8/setup"
$ 5000  `ls -1 deps/  2>&1`
$ cd "/home/pete/wefwefwef/docs/erldocs_other.git"
>>> [rebar] deps = ["edown"]
 :: Generating erldocs into /home/pete/wefwefwef/docs/other/3932944193/repo/1.2.8
Building setup
Generating Type Specs - "/home/pete/wefwefwef/docs/other/3932944193/setup-tag-1.2.8/setup/src/setup.erl"
Generating Type Specs - "/home/pete/wefwefwef/docs/other/3932944193/setup-tag-1.2.8/setup/src/setup_gen.erl"
Generating Type Specs - "/home/pete/wefwefwef/docs/other/3932944193/setup-tag-1.2.8/setup/src/setup_lib.erl"
Generating XML for application setup "/home/pete/wefwefwef/docs/other/3932944193/setup-tag-1.2.8/setup" -> "/home/pete/wefwefwef/docs/other/3932944193/repo/1.2.8/.xml/setup"
Generated setup XMLs: ["/home/pete/wefwefwef/docs/other/3932944193/repo/1.2.8/.xml/setup/setup_lib.xml",
                       "/home/pete/wefwefwef/docs/other/3932944193/repo/1.2.8/.xml/setup/setup.xml",
                       "/home/pete/wefwefwef/docs/other/3932944193/repo/1.2.8/.xml/setup/setup_gen.xml"]
Generating HTML - setup_gen "/home/pete/wefwefwef/docs/other/3932944193/repo/1.2.8/.xml/setup/setup_gen.xml"
Reading XML for "/home/pete/wefwefwef/docs/other/3932944193/repo/1.2.8/.xml/setup/setup_gen.xml"
Reading XML for "/home/pete/wefwefwef/docs/other/3932944193/repo/1.2.8/.xml/specs_setup_gen.xml"
Generating HTML - setup "/home/pete/wefwefwef/docs/other/3932944193/repo/1.2.8/.xml/setup/setup.xml"
Reading XML for "/home/pete/wefwefwef/docs/other/3932944193/repo/1.2.8/.xml/setup/setup.xml"
Reading XML for "/home/pete/wefwefwef/docs/other/3932944193/repo/1.2.8/.xml/specs_setup.xml"
Generating HTML - setup_lib "/home/pete/wefwefwef/docs/other/3932944193/repo/1.2.8/.xml/setup/setup_lib.xml"
Reading XML for "/home/pete/wefwefwef/docs/other/3932944193/repo/1.2.8/.xml/setup/setup_lib.xml"
Reading XML for "/home/pete/wefwefwef/docs/other/3932944193/repo/1.2.8/.xml/specs_setup_lib.xml"
Creating index.html ...
Creating erldocs_index.js ...
Woot, finished in 0 Minutes 0 Seconds
 :: Discovering other repos
$ 5000  `rm -r '/home/pete/wefwefwef/docs/other/3932944193/setup-tag-1.2.8'  2>&1`
 :: Processing https://github.com/feuerlabs/setup	{rev,branch,"master","e45ce7d97099467c307fb25dd6668640a41e4e65"}
 :: Fetching repo code
$ cd "/home/pete/wefwefwef/docs/other/3932944193/setup-branch-master/setup"
$ infinity  `curl --fail --silent --show-error --location --output 'master.zip' 'https://github.com/feuerlabs/setup/archive/master.zip'  2>&1`
$ cd "/home/pete/wefwefwef/docs/erldocs_other.git"
$ cd "/home/pete/wefwefwef/docs/other/3932944193/setup-branch-master/setup"
$ 5000  `find -P . -type l -delete  2>&1`
$ cd "/home/pete/wefwefwef/docs/erldocs_other.git"
$ cd "/home/pete/wefwefwef/docs/other/3932944193/setup-branch-master/setup"
$ 5000  `find 'setup-master' -mindepth 1 -maxdepth 1 -exec mv -t . -- {} +  2>&1`
$ cd "/home/pete/wefwefwef/docs/erldocs_other.git"
 :: Getting dependencies
$ cd "/home/pete/wefwefwef/docs/other/3932944193/setup-branch-master/setup"
$ infinity  `rebar --config '/home/pete/wefwefwef/docs/other/3932944193/setup-branch-master/rebar_deps' get-deps  2>&1`
$ cd "/home/pete/wefwefwef/docs/erldocs_other.git"
$ cd "/home/pete/wefwefwef/docs/other/3932944193/setup-branch-master/setup"
$ 5000  `find -P . -type l -delete  2>&1`
$ cd "/home/pete/wefwefwef/docs/erldocs_other.git"
$ cd "/home/pete/wefwefwef/docs/other/3932944193/setup-branch-master/setup"
$ 5000  `ls -1 deps/  2>&1`
$ cd "/home/pete/wefwefwef/docs/erldocs_other.git"
>>> [rebar] deps = ["edown"]
 :: Generating erldocs into /home/pete/wefwefwef/docs/other/3932944193/repo/master
Building setup
Generating Type Specs - "/home/pete/wefwefwef/docs/other/3932944193/setup-branch-master/setup/src/setup.erl"
Generating Type Specs - "/home/pete/wefwefwef/docs/other/3932944193/setup-branch-master/setup/src/setup_gen.erl"
Generating Type Specs - "/home/pete/wefwefwef/docs/other/3932944193/setup-branch-master/setup/src/setup_lib.erl"
Generating XML for application setup "/home/pete/wefwefwef/docs/other/3932944193/setup-branch-master/setup" -> "/home/pete/wefwefwef/docs/other/3932944193/repo/master/.xml/setup"
Generated setup XMLs: ["/home/pete/wefwefwef/docs/other/3932944193/repo/master/.xml/setup/setup_lib.xml",
                       "/home/pete/wefwefwef/docs/other/3932944193/repo/master/.xml/setup/setup.xml",
                       "/home/pete/wefwefwef/docs/other/3932944193/repo/master/.xml/setup/setup_gen.xml"]
Generating HTML - setup_gen "/home/pete/wefwefwef/docs/other/3932944193/repo/master/.xml/setup/setup_gen.xml"
Reading XML for "/home/pete/wefwefwef/docs/other/3932944193/repo/master/.xml/setup/setup_gen.xml"
Reading XML for "/home/pete/wefwefwef/docs/other/3932944193/repo/master/.xml/specs_setup_gen.xml"
Generating HTML - setup "/home/pete/wefwefwef/docs/other/3932944193/repo/master/.xml/setup/setup.xml"
Reading XML for "/home/pete/wefwefwef/docs/other/3932944193/repo/master/.xml/setup/setup.xml"
Reading XML for "/home/pete/wefwefwef/docs/other/3932944193/repo/master/.xml/specs_setup.xml"
Generating HTML - setup_lib "/home/pete/wefwefwef/docs/other/3932944193/repo/master/.xml/setup/setup_lib.xml"
Reading XML for "/home/pete/wefwefwef/docs/other/3932944193/repo/master/.xml/setup/setup_lib.xml"
Reading XML for "/home/pete/wefwefwef/docs/other/3932944193/repo/master/.xml/specs_setup_lib.xml"
Creating index.html ...
Creating erldocs_index.js ...
Woot, finished in 0 Minutes 0 Seconds
 :: Discovering other repos
$ 5000  `rm -r '/home/pete/wefwefwef/docs/other/3932944193/setup-branch-master'  2>&1`
 :: Erldocs finishing up
$ 5000  `rm -r '/home/pete/wefwefwef/docs/other/3932944193/setup'  2>&1`
