 :: Extracting meta information
$ cd '.'
$ infinity  `git ls-remote --heads --tags https://github.com/leo-project/leo_s3_libs`
>>> [repo] 3 branches, 65 tags
 :: Writing meta to "/home/pete/wefwefwef/docs/other/22ed210560db5043c41513caf4d61b76bbefabf4/meta.txt"
 :: Skipping tag "0.10.0"
 :: Skipping tag "0.10.1"
 :: Skipping tag "0.10.2"
 :: Skipping tag "0.10.3"
 :: Skipping tag "0.10.4"
 :: Skipping tag "0.10.5"
 :: Skipping tag "0.10.6"
 :: Skipping tag "0.10.7"
 :: Skipping tag "0.12.0"
 :: Skipping tag "0.12.1"
 :: Skipping tag "0.12.10"
 :: Skipping tag "0.12.11"
 :: Skipping tag "0.12.12"
 :: Skipping tag "0.12.13"
 :: Skipping tag "0.12.14"
 :: Skipping tag "0.12.15"
 :: Skipping tag "0.12.16"
 :: Skipping tag "0.12.17"
 :: Skipping tag "0.12.18"
 :: Skipping tag "0.12.19"
 :: Skipping tag "0.12.2"
 :: Skipping tag "0.12.20"
 :: Skipping tag "0.12.21"
 :: Skipping tag "0.12.22"
 :: Skipping tag "0.12.23"
 :: Skipping tag "0.12.24"
 :: Skipping tag "0.12.25"
 :: Skipping tag "0.12.26"
 :: Skipping tag "0.12.27"
 :: Skipping tag "0.12.28"
 :: Skipping tag "0.12.3"
 :: Skipping tag "0.12.4"
 :: Skipping tag "0.12.6"
 :: Skipping tag "0.12.7"
 :: Skipping tag "0.12.8"
 :: Skipping tag "0.12.9"
 :: Skipping tag "0.4.0"
 :: Skipping tag "0.6.0"
 :: Skipping tag "0.6.1"
 :: Skipping tag "0.6.2"
 :: Skipping tag "0.6.3"
 :: Skipping tag "0.6.4"
 :: Skipping tag "0.6.5"
 :: Skipping tag "0.8.0"
 :: Skipping tag "1.0.0"
 :: Skipping tag "1.0.1"
 :: Skipping tag "1.0.3"
 :: Skipping tag "1.0.4"
 :: Skipping tag "1.0.5"
 :: Skipping tag "1.1.1"
 :: Skipping tag "1.1.2"
 :: Skipping tag "1.1.3"
 :: Skipping tag "1.1.4"
 :: Skipping tag "1.1.5"
 :: Skipping tag "1.1.6"
 :: Skipping tag "1.1.7"
 :: Skipping tag "1.1.8"
 :: Skipping tag "1.2.0"
 :: Skipping tag "1.2.1"
 :: Skipping tag "1.2.2"
 :: Skipping tag "1.2.3"
 :: Skipping tag "1.1.0"
 :: Skipping tag "1.1.10"
 :: Skipping tag "1.1.9"
 :: Skipping branch "develop"
 :: Skipping branch "leofs-1.2"
 :: Skipping branch "master"
 :: Processing https://github.com/leo-project/leo_s3_libs	{rev,tag,"0.12.5","381b7958e2c7ee08989f4334b07ec3147df8c135",undefined,[],[]}
 :: Fetching repo code
$ cd '/home/pete/wefwefwef/docs/other/22ed210560db5043c41513caf4d61b76bbefabf4/leo_s3_libs-tag-0.12.5'
$ infinity  `curl --fail --silent --show-error --location --output repo.tar.gz https://codeload.github.com/leo-project/leo_s3_libs/tar.gz/0.12.5`
 :: Error running eo_core:
	[{eo_scm,fetch,2,[{file,"src/eo_scm.erl"},{line,81}]},
         {eo_core,do,7,[{file,"src/eo_core.erl"},{line,107}]},
         {eo_core,'-main_/1-lc$^0/1-0-',8,
             [{file,"src/eo_core.erl"},{line,85}]},
         {eo_core,main_,1,[{file,"src/eo_core.erl"},{line,85}]},
         {eo_core,main,1,[{file,"src/eo_core.erl"},{line,56}]},
         {eo_core,gen,1,[{file,"src/eo_core.erl"},{line,36}]},
         {gen_escript__escript__1446__722273__168068,seq_gen,4,
             [{file,"./gen.escript"},{line,53}]},
         {escript,run,2,[{file,"escript.erl"},{line,752}]}]
{error,{case_clause,["/home/pete/wefwefwef/docs/other/22ed210560db5043c41513caf4d61b76bbefabf4/leo_s3_libs-tag-0.12.5/leo_s3_libs",
                     "/home/pete/wefwefwef/docs/other/22ed210560db5043c41513caf4d61b76bbefabf4/leo_s3_libs-tag-0.12.5/leo_s3_libs-0.12.5"]}}
 :: Finishing up
$ cd '.'
$ 5000  `rm -r /home/pete/wefwefwef/docs/other/22ed210560db5043c41513caf4d61b76bbefabf4/leo_s3_libs`
