 :: Extracting meta information
$ 5000  `git ls-remote --heads --tags 'https://github.com/efcasado/chorderl'  2>&1`
>>> [repo] 1 branches, 0 tags
 :: Writing meta to "/home/pete/wefwefwef/docs/other/521789725/meta.txt"
 :: Processing https://github.com/efcasado/chorderl	{rev,branch,"master","0b61f9e9abf1491d46ad3cfcf9e4e386f7438e01",undefined,[],[]}
 :: Fetching repo code
$ cd "/home/pete/wefwefwef/docs/other/521789725/chorderl-branch-master/chorderl"
$ infinity  `curl --fail --silent --show-error --location --output 'master.zip' 'https://github.com/efcasado/chorderl/archive/master.zip'  2>&1`
$ cd "/home/pete/wefwefwef/docs/erldocs_other.git"
$ cd "/home/pete/wefwefwef/docs/other/521789725/chorderl-branch-master/chorderl"
$ 5000  `find -P . -type l -delete  2>&1`
$ cd "/home/pete/wefwefwef/docs/erldocs_other.git"
$ cd "/home/pete/wefwefwef/docs/other/521789725/chorderl-branch-master/chorderl"
$ 5000  `find 'chorderl-master' -mindepth 1 -maxdepth 1 -exec mv -t . -- {} +  2>&1`
$ cd "/home/pete/wefwefwef/docs/erldocs_other.git"
 :: Getting dependencies
$ cd "/home/pete/wefwefwef/docs/other/521789725/chorderl-branch-master/chorderl"
$ 5000  `ls -1 deps/  2>&1`
$ cd "/home/pete/wefwefwef/docs/erldocs_other.git"
>>> [rebar] deps = []
 :: Generating erldocs into /home/pete/wefwefwef/docs/other/521789725/repo/master
Building chorderl
Generating Type Specs - "/home/pete/wefwefwef/docs/other/521789725/chorderl-branch-master/chorderl/src/chorderl.erl"
Generating Type Specs - "/home/pete/wefwefwef/docs/other/521789725/chorderl-branch-master/chorderl/src/chorderl_app.erl"
Generating Type Specs - "/home/pete/wefwefwef/docs/other/521789725/chorderl-branch-master/chorderl/src/chorderl_comm.erl"
Generating Type Specs - "/home/pete/wefwefwef/docs/other/521789725/chorderl-branch-master/chorderl/src/chorderl_sup.erl"
Generating Type Specs - "/home/pete/wefwefwef/docs/other/521789725/chorderl-branch-master/chorderl/src/chorderl_utils.erl"
Generating XML for application chorderl "/home/pete/wefwefwef/docs/other/521789725/chorderl-branch-master/chorderl" -> "/home/pete/wefwefwef/docs/other/521789725/repo/master/.xml/chorderl"
Generated chorderl XMLs: ["/home/pete/wefwefwef/docs/other/521789725/repo/master/.xml/chorderl/chorderl_utils.xml",
                          "/home/pete/wefwefwef/docs/other/521789725/repo/master/.xml/chorderl/chorderl_sup.xml",
                          "/home/pete/wefwefwef/docs/other/521789725/repo/master/.xml/chorderl/chorderl_comm.xml",
                          "/home/pete/wefwefwef/docs/other/521789725/repo/master/.xml/chorderl/chorderl.xml",
                          "/home/pete/wefwefwef/docs/other/521789725/repo/master/.xml/chorderl/chorderl_app.xml"]
Generating HTML - chorderl_utils "/home/pete/wefwefwef/docs/other/521789725/repo/master/.xml/chorderl/chorderl_utils.xml"
Generating HTML - chorderl_sup "/home/pete/wefwefwef/docs/other/521789725/repo/master/.xml/chorderl/chorderl_sup.xml"
Generating HTML - chorderl_comm "/home/pete/wefwefwef/docs/other/521789725/repo/master/.xml/chorderl/chorderl_comm.xml"
Generating HTML - chorderl_app "/home/pete/wefwefwef/docs/other/521789725/repo/master/.xml/chorderl/chorderl_app.xml"
Reading XML for "/home/pete/wefwefwef/docs/other/521789725/repo/master/.xml/chorderl/chorderl_utils.xml"
Reading XML for "/home/pete/wefwefwef/docs/other/521789725/repo/master/.xml/chorderl/chorderl_sup.xml"
Reading XML for "/home/pete/wefwefwef/docs/other/521789725/repo/master/.xml/chorderl/chorderl_comm.xml"
Reading XML for "/home/pete/wefwefwef/docs/other/521789725/repo/master/.xml/chorderl/chorderl_app.xml"
Reading XML for "/home/pete/wefwefwef/docs/other/521789725/repo/master/.xml/specs_chorderl_utils.xml"
Reading XML for "/home/pete/wefwefwef/docs/other/521789725/repo/master/.xml/specs_chorderl_sup.xml"
Reading XML for "/home/pete/wefwefwef/docs/other/521789725/repo/master/.xml/specs_chorderl_comm.xml"
Reading XML for "/home/pete/wefwefwef/docs/other/521789725/repo/master/.xml/specs_chorderl_app.xml"
Generating HTML - chorderl "/home/pete/wefwefwef/docs/other/521789725/repo/master/.xml/chorderl/chorderl.xml"
Reading XML for "/home/pete/wefwefwef/docs/other/521789725/repo/master/.xml/chorderl/chorderl.xml"
Reading XML for "/home/pete/wefwefwef/docs/other/521789725/repo/master/.xml/specs_chorderl.xml"
Creating index.html ...
Creating erldocs_index.js ...
Woot, finished in 0 Minutes 0 Seconds
 :: Discovering other repos
$ 5000  `rm -r '/home/pete/wefwefwef/docs/other/521789725/chorderl-branch-master'  2>&1`
 :: Finishing up
$ 5000  `rm -r '/home/pete/wefwefwef/docs/other/521789725/chorderl'  2>&1`
