 :: Extracting meta information
$ 5000  `git ls-remote --heads --tags 'https://github.com/okeuday/reltool_util'  2>&1`
>>> [repo] 1 branches, 10 tags
 :: Writing meta to "/home/pete/wefwefwef/docs/other/1698799702/meta.txt"
 :: Processing https://github.com/okeuday/reltool_util	{rev,tag,"v1.3.0","1c71fb77a678bb8da4e27e016605988cab55dfb0",undefined,[],[]}
 :: Fetching repo code
$ cd "/home/pete/wefwefwef/docs/other/1698799702/reltool_util-tag-v1.3.0/reltool_util"
$ infinity  `curl --fail --silent --show-error --location --output 'v1.3.0.zip' 'https://github.com/okeuday/reltool_util/archive/v1.3.0.zip'  2>&1`
$ cd "/home/pete/wefwefwef/docs/erldocs_other.git"
$ cd "/home/pete/wefwefwef/docs/other/1698799702/reltool_util-tag-v1.3.0/reltool_util"
$ 5000  `find -P . -type l -delete  2>&1`
$ cd "/home/pete/wefwefwef/docs/erldocs_other.git"
$ cd "/home/pete/wefwefwef/docs/other/1698799702/reltool_util-tag-v1.3.0/reltool_util"
$ 5000  `find 'reltool_util-1.3.0' -mindepth 1 -maxdepth 1 -exec mv -t . -- {} +  2>&1`
$ cd "/home/pete/wefwefwef/docs/erldocs_other.git"
 :: Getting dependencies
$ cd "/home/pete/wefwefwef/docs/other/1698799702/reltool_util-tag-v1.3.0/reltool_util"
$ 5000  `ls -1 deps/  2>&1`
$ cd "/home/pete/wefwefwef/docs/erldocs_other.git"
>>> [rebar] deps = []
 :: Generating erldocs into /home/pete/wefwefwef/docs/other/1698799702/repo/v1.3.0
Building reltool_util
Generating Type Specs - "/home/pete/wefwefwef/docs/other/1698799702/reltool_util-tag-v1.3.0/reltool_util/src/reltool_util.erl"
Generating XML for application reltool_util "/home/pete/wefwefwef/docs/other/1698799702/reltool_util-tag-v1.3.0/reltool_util" -> "/home/pete/wefwefwef/docs/other/1698799702/repo/v1.3.0/.xml/reltool_util"
Generated reltool_util XMLs: ["/home/pete/wefwefwef/docs/other/1698799702/repo/v1.3.0/.xml/reltool_util/reltool_util.xml"]
Generating HTML - reltool_util "/home/pete/wefwefwef/docs/other/1698799702/repo/v1.3.0/.xml/reltool_util/reltool_util.xml"
Reading XML for "/home/pete/wefwefwef/docs/other/1698799702/repo/v1.3.0/.xml/reltool_util/reltool_util.xml"
Reading XML for "/home/pete/wefwefwef/docs/other/1698799702/repo/v1.3.0/.xml/specs_reltool_util.xml"
Creating index.html ...
Creating erldocs_index.js ...
Woot, finished in 0 Minutes 0 Seconds
 :: Discovering other repos
$ 5000  `rm -r '/home/pete/wefwefwef/docs/other/1698799702/reltool_util-tag-v1.3.0'  2>&1`
 :: Processing https://github.com/okeuday/reltool_util	{rev,tag,"v1.3.1","ce39e4ce888fead7714cf87b1a1bba8789f871a2",undefined,[],[]}
 :: Fetching repo code
$ cd "/home/pete/wefwefwef/docs/other/1698799702/reltool_util-tag-v1.3.1/reltool_util"
$ infinity  `curl --fail --silent --show-error --location --output 'v1.3.1.zip' 'https://github.com/okeuday/reltool_util/archive/v1.3.1.zip'  2>&1`
$ cd "/home/pete/wefwefwef/docs/erldocs_other.git"
$ cd "/home/pete/wefwefwef/docs/other/1698799702/reltool_util-tag-v1.3.1/reltool_util"
$ 5000  `find -P . -type l -delete  2>&1`
$ cd "/home/pete/wefwefwef/docs/erldocs_other.git"
$ cd "/home/pete/wefwefwef/docs/other/1698799702/reltool_util-tag-v1.3.1/reltool_util"
$ 5000  `find 'reltool_util-1.3.1' -mindepth 1 -maxdepth 1 -exec mv -t . -- {} +  2>&1`
$ cd "/home/pete/wefwefwef/docs/erldocs_other.git"
 :: Getting dependencies
$ cd "/home/pete/wefwefwef/docs/other/1698799702/reltool_util-tag-v1.3.1/reltool_util"
$ 5000  `ls -1 deps/  2>&1`
$ cd "/home/pete/wefwefwef/docs/erldocs_other.git"
>>> [rebar] deps = []
 :: Generating erldocs into /home/pete/wefwefwef/docs/other/1698799702/repo/v1.3.1
Building reltool_util
Generating Type Specs - "/home/pete/wefwefwef/docs/other/1698799702/reltool_util-tag-v1.3.1/reltool_util/src/reltool_util.erl"
Generating XML for application reltool_util "/home/pete/wefwefwef/docs/other/1698799702/reltool_util-tag-v1.3.1/reltool_util" -> "/home/pete/wefwefwef/docs/other/1698799702/repo/v1.3.1/.xml/reltool_util"
Generated reltool_util XMLs: ["/home/pete/wefwefwef/docs/other/1698799702/repo/v1.3.1/.xml/reltool_util/reltool_util.xml"]
Generating HTML - reltool_util "/home/pete/wefwefwef/docs/other/1698799702/repo/v1.3.1/.xml/reltool_util/reltool_util.xml"
Reading XML for "/home/pete/wefwefwef/docs/other/1698799702/repo/v1.3.1/.xml/reltool_util/reltool_util.xml"
Reading XML for "/home/pete/wefwefwef/docs/other/1698799702/repo/v1.3.1/.xml/specs_reltool_util.xml"
Creating index.html ...
Creating erldocs_index.js ...
Woot, finished in 0 Minutes 0 Seconds
 :: Discovering other repos
$ 5000  `rm -r '/home/pete/wefwefwef/docs/other/1698799702/reltool_util-tag-v1.3.1'  2>&1`
 :: Processing https://github.com/okeuday/reltool_util	{rev,tag,"v1.3.1.1","87dae2abe08fe28d67a73291d76db4c20bd00dc5",undefined,[],[]}
 :: Fetching repo code
$ cd "/home/pete/wefwefwef/docs/other/1698799702/reltool_util-tag-v1.3.1.1/reltool_util"
$ infinity  `curl --fail --silent --show-error --location --output 'v1.3.1.1.zip' 'https://github.com/okeuday/reltool_util/archive/v1.3.1.1.zip'  2>&1`
$ cd "/home/pete/wefwefwef/docs/erldocs_other.git"
$ cd "/home/pete/wefwefwef/docs/other/1698799702/reltool_util-tag-v1.3.1.1/reltool_util"
$ 5000  `find -P . -type l -delete  2>&1`
$ cd "/home/pete/wefwefwef/docs/erldocs_other.git"
$ cd "/home/pete/wefwefwef/docs/other/1698799702/reltool_util-tag-v1.3.1.1/reltool_util"
$ 5000  `find 'reltool_util-1.3.1.1' -mindepth 1 -maxdepth 1 -exec mv -t . -- {} +  2>&1`
$ cd "/home/pete/wefwefwef/docs/erldocs_other.git"
 :: Getting dependencies
$ cd "/home/pete/wefwefwef/docs/other/1698799702/reltool_util-tag-v1.3.1.1/reltool_util"
$ 5000  `ls -1 deps/  2>&1`
$ cd "/home/pete/wefwefwef/docs/erldocs_other.git"
>>> [rebar] deps = []
 :: Generating erldocs into /home/pete/wefwefwef/docs/other/1698799702/repo/v1.3.1.1
Building reltool_util
Generating Type Specs - "/home/pete/wefwefwef/docs/other/1698799702/reltool_util-tag-v1.3.1.1/reltool_util/src/reltool_util.erl"
Generating XML for application reltool_util "/home/pete/wefwefwef/docs/other/1698799702/reltool_util-tag-v1.3.1.1/reltool_util" -> "/home/pete/wefwefwef/docs/other/1698799702/repo/v1.3.1.1/.xml/reltool_util"
Generated reltool_util XMLs: ["/home/pete/wefwefwef/docs/other/1698799702/repo/v1.3.1.1/.xml/reltool_util/reltool_util.xml"]
Generating HTML - reltool_util "/home/pete/wefwefwef/docs/other/1698799702/repo/v1.3.1.1/.xml/reltool_util/reltool_util.xml"
Reading XML for "/home/pete/wefwefwef/docs/other/1698799702/repo/v1.3.1.1/.xml/reltool_util/reltool_util.xml"
Reading XML for "/home/pete/wefwefwef/docs/other/1698799702/repo/v1.3.1.1/.xml/specs_reltool_util.xml"
Creating index.html ...
Creating erldocs_index.js ...
Woot, finished in 0 Minutes 0 Seconds
 :: Discovering other repos
$ 5000  `rm -r '/home/pete/wefwefwef/docs/other/1698799702/reltool_util-tag-v1.3.1.1'  2>&1`
 :: Processing https://github.com/okeuday/reltool_util	{rev,tag,"v1.3.2","baf7e9f61d9152197c5da4da22d745eeb5ef0a53",undefined,[],[]}
 :: Fetching repo code
$ cd "/home/pete/wefwefwef/docs/other/1698799702/reltool_util-tag-v1.3.2/reltool_util"
$ infinity  `curl --fail --silent --show-error --location --output 'v1.3.2.zip' 'https://github.com/okeuday/reltool_util/archive/v1.3.2.zip'  2>&1`
$ cd "/home/pete/wefwefwef/docs/erldocs_other.git"
$ cd "/home/pete/wefwefwef/docs/other/1698799702/reltool_util-tag-v1.3.2/reltool_util"
$ 5000  `find -P . -type l -delete  2>&1`
$ cd "/home/pete/wefwefwef/docs/erldocs_other.git"
$ cd "/home/pete/wefwefwef/docs/other/1698799702/reltool_util-tag-v1.3.2/reltool_util"
$ 5000  `find 'reltool_util-1.3.2' -mindepth 1 -maxdepth 1 -exec mv -t . -- {} +  2>&1`
$ cd "/home/pete/wefwefwef/docs/erldocs_other.git"
 :: Getting dependencies
$ cd "/home/pete/wefwefwef/docs/other/1698799702/reltool_util-tag-v1.3.2/reltool_util"
$ 5000  `ls -1 deps/  2>&1`
$ cd "/home/pete/wefwefwef/docs/erldocs_other.git"
>>> [rebar] deps = []
 :: Generating erldocs into /home/pete/wefwefwef/docs/other/1698799702/repo/v1.3.2
Building reltool_util
Generating Type Specs - "/home/pete/wefwefwef/docs/other/1698799702/reltool_util-tag-v1.3.2/reltool_util/src/reltool_util.erl"
Generating XML for application reltool_util "/home/pete/wefwefwef/docs/other/1698799702/reltool_util-tag-v1.3.2/reltool_util" -> "/home/pete/wefwefwef/docs/other/1698799702/repo/v1.3.2/.xml/reltool_util"
Generated reltool_util XMLs: ["/home/pete/wefwefwef/docs/other/1698799702/repo/v1.3.2/.xml/reltool_util/reltool_util.xml"]
Generating HTML - reltool_util "/home/pete/wefwefwef/docs/other/1698799702/repo/v1.3.2/.xml/reltool_util/reltool_util.xml"
Reading XML for "/home/pete/wefwefwef/docs/other/1698799702/repo/v1.3.2/.xml/reltool_util/reltool_util.xml"
Reading XML for "/home/pete/wefwefwef/docs/other/1698799702/repo/v1.3.2/.xml/specs_reltool_util.xml"
Creating index.html ...
Creating erldocs_index.js ...
Woot, finished in 0 Minutes 0 Seconds
 :: Discovering other repos
$ 5000  `rm -r '/home/pete/wefwefwef/docs/other/1698799702/reltool_util-tag-v1.3.2'  2>&1`
 :: Processing https://github.com/okeuday/reltool_util	{rev,tag,"v1.3.2.1","abadfd7b1aeed9c64dd5bc564aff346f6c40a3c8",undefined,[],[]}
 :: Fetching repo code
$ cd "/home/pete/wefwefwef/docs/other/1698799702/reltool_util-tag-v1.3.2.1/reltool_util"
$ infinity  `curl --fail --silent --show-error --location --output 'v1.3.2.1.zip' 'https://github.com/okeuday/reltool_util/archive/v1.3.2.1.zip'  2>&1`
$ cd "/home/pete/wefwefwef/docs/erldocs_other.git"
$ cd "/home/pete/wefwefwef/docs/other/1698799702/reltool_util-tag-v1.3.2.1/reltool_util"
$ 5000  `find -P . -type l -delete  2>&1`
$ cd "/home/pete/wefwefwef/docs/erldocs_other.git"
$ cd "/home/pete/wefwefwef/docs/other/1698799702/reltool_util-tag-v1.3.2.1/reltool_util"
$ 5000  `find 'reltool_util-1.3.2.1' -mindepth 1 -maxdepth 1 -exec mv -t . -- {} +  2>&1`
$ cd "/home/pete/wefwefwef/docs/erldocs_other.git"
 :: Getting dependencies
$ cd "/home/pete/wefwefwef/docs/other/1698799702/reltool_util-tag-v1.3.2.1/reltool_util"
$ 5000  `ls -1 deps/  2>&1`
$ cd "/home/pete/wefwefwef/docs/erldocs_other.git"
>>> [rebar] deps = []
 :: Generating erldocs into /home/pete/wefwefwef/docs/other/1698799702/repo/v1.3.2.1
Building reltool_util
Generating Type Specs - "/home/pete/wefwefwef/docs/other/1698799702/reltool_util-tag-v1.3.2.1/reltool_util/src/reltool_util.erl"
Generating XML for application reltool_util "/home/pete/wefwefwef/docs/other/1698799702/reltool_util-tag-v1.3.2.1/reltool_util" -> "/home/pete/wefwefwef/docs/other/1698799702/repo/v1.3.2.1/.xml/reltool_util"
Generated reltool_util XMLs: ["/home/pete/wefwefwef/docs/other/1698799702/repo/v1.3.2.1/.xml/reltool_util/reltool_util.xml"]
Generating HTML - reltool_util "/home/pete/wefwefwef/docs/other/1698799702/repo/v1.3.2.1/.xml/reltool_util/reltool_util.xml"
Reading XML for "/home/pete/wefwefwef/docs/other/1698799702/repo/v1.3.2.1/.xml/reltool_util/reltool_util.xml"
Reading XML for "/home/pete/wefwefwef/docs/other/1698799702/repo/v1.3.2.1/.xml/specs_reltool_util.xml"
Creating index.html ...
Creating erldocs_index.js ...
Woot, finished in 0 Minutes 0 Seconds
 :: Discovering other repos
$ 5000  `rm -r '/home/pete/wefwefwef/docs/other/1698799702/reltool_util-tag-v1.3.2.1'  2>&1`
 :: Processing https://github.com/okeuday/reltool_util	{rev,tag,"v1.3.2.2","dff6b2add0c1553a953f5ed853d8d2ac60fad978",undefined,[],[]}
 :: Fetching repo code
$ cd "/home/pete/wefwefwef/docs/other/1698799702/reltool_util-tag-v1.3.2.2/reltool_util"
$ infinity  `curl --fail --silent --show-error --location --output 'v1.3.2.2.zip' 'https://github.com/okeuday/reltool_util/archive/v1.3.2.2.zip'  2>&1`
$ cd "/home/pete/wefwefwef/docs/erldocs_other.git"
$ cd "/home/pete/wefwefwef/docs/other/1698799702/reltool_util-tag-v1.3.2.2/reltool_util"
$ 5000  `find -P . -type l -delete  2>&1`
$ cd "/home/pete/wefwefwef/docs/erldocs_other.git"
$ cd "/home/pete/wefwefwef/docs/other/1698799702/reltool_util-tag-v1.3.2.2/reltool_util"
$ 5000  `find 'reltool_util-1.3.2.2' -mindepth 1 -maxdepth 1 -exec mv -t . -- {} +  2>&1`
$ cd "/home/pete/wefwefwef/docs/erldocs_other.git"
 :: Getting dependencies
$ cd "/home/pete/wefwefwef/docs/other/1698799702/reltool_util-tag-v1.3.2.2/reltool_util"
$ 5000  `ls -1 deps/  2>&1`
$ cd "/home/pete/wefwefwef/docs/erldocs_other.git"
>>> [rebar] deps = []
 :: Generating erldocs into /home/pete/wefwefwef/docs/other/1698799702/repo/v1.3.2.2
Building reltool_util
Generating Type Specs - "/home/pete/wefwefwef/docs/other/1698799702/reltool_util-tag-v1.3.2.2/reltool_util/src/reltool_util.erl"
Generating XML for application reltool_util "/home/pete/wefwefwef/docs/other/1698799702/reltool_util-tag-v1.3.2.2/reltool_util" -> "/home/pete/wefwefwef/docs/other/1698799702/repo/v1.3.2.2/.xml/reltool_util"
Generated reltool_util XMLs: ["/home/pete/wefwefwef/docs/other/1698799702/repo/v1.3.2.2/.xml/reltool_util/reltool_util.xml"]
Generating HTML - reltool_util "/home/pete/wefwefwef/docs/other/1698799702/repo/v1.3.2.2/.xml/reltool_util/reltool_util.xml"
Reading XML for "/home/pete/wefwefwef/docs/other/1698799702/repo/v1.3.2.2/.xml/reltool_util/reltool_util.xml"
Reading XML for "/home/pete/wefwefwef/docs/other/1698799702/repo/v1.3.2.2/.xml/specs_reltool_util.xml"
Creating index.html ...
Creating erldocs_index.js ...
Woot, finished in 0 Minutes 0 Seconds
 :: Discovering other repos
$ 5000  `rm -r '/home/pete/wefwefwef/docs/other/1698799702/reltool_util-tag-v1.3.2.2'  2>&1`
 :: Processing https://github.com/okeuday/reltool_util	{rev,tag,"v1.3.3","29267e4294f052ae1045e15be6be4d3e3266be90",undefined,[],[]}
 :: Fetching repo code
$ cd "/home/pete/wefwefwef/docs/other/1698799702/reltool_util-tag-v1.3.3/reltool_util"
$ infinity  `curl --fail --silent --show-error --location --output 'v1.3.3.zip' 'https://github.com/okeuday/reltool_util/archive/v1.3.3.zip'  2>&1`
$ cd "/home/pete/wefwefwef/docs/erldocs_other.git"
$ cd "/home/pete/wefwefwef/docs/other/1698799702/reltool_util-tag-v1.3.3/reltool_util"
$ 5000  `find -P . -type l -delete  2>&1`
$ cd "/home/pete/wefwefwef/docs/erldocs_other.git"
$ cd "/home/pete/wefwefwef/docs/other/1698799702/reltool_util-tag-v1.3.3/reltool_util"
$ 5000  `find 'reltool_util-1.3.3' -mindepth 1 -maxdepth 1 -exec mv -t . -- {} +  2>&1`
$ cd "/home/pete/wefwefwef/docs/erldocs_other.git"
 :: Getting dependencies
$ cd "/home/pete/wefwefwef/docs/other/1698799702/reltool_util-tag-v1.3.3/reltool_util"
$ 5000  `ls -1 deps/  2>&1`
$ cd "/home/pete/wefwefwef/docs/erldocs_other.git"
>>> [rebar] deps = []
 :: Generating erldocs into /home/pete/wefwefwef/docs/other/1698799702/repo/v1.3.3
Building reltool_util
Generating Type Specs - "/home/pete/wefwefwef/docs/other/1698799702/reltool_util-tag-v1.3.3/reltool_util/src/reltool_util.erl"
Generating XML for application reltool_util "/home/pete/wefwefwef/docs/other/1698799702/reltool_util-tag-v1.3.3/reltool_util" -> "/home/pete/wefwefwef/docs/other/1698799702/repo/v1.3.3/.xml/reltool_util"
Generated reltool_util XMLs: ["/home/pete/wefwefwef/docs/other/1698799702/repo/v1.3.3/.xml/reltool_util/reltool_util.xml"]
Generating HTML - reltool_util "/home/pete/wefwefwef/docs/other/1698799702/repo/v1.3.3/.xml/reltool_util/reltool_util.xml"
Reading XML for "/home/pete/wefwefwef/docs/other/1698799702/repo/v1.3.3/.xml/reltool_util/reltool_util.xml"
Reading XML for "/home/pete/wefwefwef/docs/other/1698799702/repo/v1.3.3/.xml/specs_reltool_util.xml"
Creating index.html ...
Creating erldocs_index.js ...
Woot, finished in 0 Minutes 0 Seconds
 :: Discovering other repos
$ 5000  `rm -r '/home/pete/wefwefwef/docs/other/1698799702/reltool_util-tag-v1.3.3'  2>&1`
 :: Processing https://github.com/okeuday/reltool_util	{rev,tag,"v1.4.0","f64ecb6ce302b9dd54ad91545284c462c9bd8791",undefined,[],[]}
 :: Fetching repo code
$ cd "/home/pete/wefwefwef/docs/other/1698799702/reltool_util-tag-v1.4.0/reltool_util"
$ infinity  `curl --fail --silent --show-error --location --output 'v1.4.0.zip' 'https://github.com/okeuday/reltool_util/archive/v1.4.0.zip'  2>&1`
$ cd "/home/pete/wefwefwef/docs/erldocs_other.git"
$ cd "/home/pete/wefwefwef/docs/other/1698799702/reltool_util-tag-v1.4.0/reltool_util"
$ 5000  `find -P . -type l -delete  2>&1`
$ cd "/home/pete/wefwefwef/docs/erldocs_other.git"
$ cd "/home/pete/wefwefwef/docs/other/1698799702/reltool_util-tag-v1.4.0/reltool_util"
$ 5000  `find 'reltool_util-1.4.0' -mindepth 1 -maxdepth 1 -exec mv -t . -- {} +  2>&1`
$ cd "/home/pete/wefwefwef/docs/erldocs_other.git"
 :: Getting dependencies
$ cd "/home/pete/wefwefwef/docs/other/1698799702/reltool_util-tag-v1.4.0/reltool_util"
$ 5000  `ls -1 deps/  2>&1`
$ cd "/home/pete/wefwefwef/docs/erldocs_other.git"
>>> [rebar] deps = []
 :: Generating erldocs into /home/pete/wefwefwef/docs/other/1698799702/repo/v1.4.0
Building reltool_util
Generating Type Specs - "/home/pete/wefwefwef/docs/other/1698799702/reltool_util-tag-v1.4.0/reltool_util/src/reltool_util.erl"
Generating XML for application reltool_util "/home/pete/wefwefwef/docs/other/1698799702/reltool_util-tag-v1.4.0/reltool_util" -> "/home/pete/wefwefwef/docs/other/1698799702/repo/v1.4.0/.xml/reltool_util"
Generated reltool_util XMLs: ["/home/pete/wefwefwef/docs/other/1698799702/repo/v1.4.0/.xml/reltool_util/reltool_util.xml"]
Generating HTML - reltool_util "/home/pete/wefwefwef/docs/other/1698799702/repo/v1.4.0/.xml/reltool_util/reltool_util.xml"
Reading XML for "/home/pete/wefwefwef/docs/other/1698799702/repo/v1.4.0/.xml/reltool_util/reltool_util.xml"
Reading XML for "/home/pete/wefwefwef/docs/other/1698799702/repo/v1.4.0/.xml/specs_reltool_util.xml"
Creating index.html ...
Creating erldocs_index.js ...
Woot, finished in 0 Minutes 0 Seconds
 :: Discovering other repos
$ 5000  `rm -r '/home/pete/wefwefwef/docs/other/1698799702/reltool_util-tag-v1.4.0'  2>&1`
 :: Processing https://github.com/okeuday/reltool_util	{rev,tag,"v1.4.0-rc.4","fb95a76381656cc32cf339d0c0d91276de33afb6",undefined,[],[]}
 :: Fetching repo code
$ cd "/home/pete/wefwefwef/docs/other/1698799702/reltool_util-tag-v1.4.0-rc.4/reltool_util"
$ infinity  `curl --fail --silent --show-error --location --output 'v1.4.0-rc.4.zip' 'https://github.com/okeuday/reltool_util/archive/v1.4.0-rc.4.zip'  2>&1`
$ cd "/home/pete/wefwefwef/docs/erldocs_other.git"
$ cd "/home/pete/wefwefwef/docs/other/1698799702/reltool_util-tag-v1.4.0-rc.4/reltool_util"
$ 5000  `find -P . -type l -delete  2>&1`
$ cd "/home/pete/wefwefwef/docs/erldocs_other.git"
$ cd "/home/pete/wefwefwef/docs/other/1698799702/reltool_util-tag-v1.4.0-rc.4/reltool_util"
$ 5000  `find 'reltool_util-1.4.0-rc.4' -mindepth 1 -maxdepth 1 -exec mv -t . -- {} +  2>&1`
$ cd "/home/pete/wefwefwef/docs/erldocs_other.git"
 :: Getting dependencies
$ cd "/home/pete/wefwefwef/docs/other/1698799702/reltool_util-tag-v1.4.0-rc.4/reltool_util"
$ 5000  `ls -1 deps/  2>&1`
$ cd "/home/pete/wefwefwef/docs/erldocs_other.git"
>>> [rebar] deps = []
 :: Generating erldocs into /home/pete/wefwefwef/docs/other/1698799702/repo/v1.4.0-rc.4
Building reltool_util
Generating Type Specs - "/home/pete/wefwefwef/docs/other/1698799702/reltool_util-tag-v1.4.0-rc.4/reltool_util/src/reltool_util.erl"
Generating XML for application reltool_util "/home/pete/wefwefwef/docs/other/1698799702/reltool_util-tag-v1.4.0-rc.4/reltool_util" -> "/home/pete/wefwefwef/docs/other/1698799702/repo/v1.4.0-rc.4/.xml/reltool_util"
Generated reltool_util XMLs: ["/home/pete/wefwefwef/docs/other/1698799702/repo/v1.4.0-rc.4/.xml/reltool_util/reltool_util.xml"]
Generating HTML - reltool_util "/home/pete/wefwefwef/docs/other/1698799702/repo/v1.4.0-rc.4/.xml/reltool_util/reltool_util.xml"
Reading XML for "/home/pete/wefwefwef/docs/other/1698799702/repo/v1.4.0-rc.4/.xml/reltool_util/reltool_util.xml"
Reading XML for "/home/pete/wefwefwef/docs/other/1698799702/repo/v1.4.0-rc.4/.xml/specs_reltool_util.xml"
Creating index.html ...
Creating erldocs_index.js ...
Woot, finished in 0 Minutes 0 Seconds
 :: Discovering other repos
$ 5000  `rm -r '/home/pete/wefwefwef/docs/other/1698799702/reltool_util-tag-v1.4.0-rc.4'  2>&1`
 :: Processing https://github.com/okeuday/reltool_util	{rev,tag,"v1.5.0","7307aee5a9ab071fd2eb4f20f5452e4caf35d275",undefined,[],[]}
 :: Fetching repo code
$ cd "/home/pete/wefwefwef/docs/other/1698799702/reltool_util-tag-v1.5.0/reltool_util"
$ infinity  `curl --fail --silent --show-error --location --output 'v1.5.0.zip' 'https://github.com/okeuday/reltool_util/archive/v1.5.0.zip'  2>&1`
$ cd "/home/pete/wefwefwef/docs/erldocs_other.git"
$ cd "/home/pete/wefwefwef/docs/other/1698799702/reltool_util-tag-v1.5.0/reltool_util"
$ 5000  `find -P . -type l -delete  2>&1`
$ cd "/home/pete/wefwefwef/docs/erldocs_other.git"
$ cd "/home/pete/wefwefwef/docs/other/1698799702/reltool_util-tag-v1.5.0/reltool_util"
$ 5000  `find 'reltool_util-1.5.0' -mindepth 1 -maxdepth 1 -exec mv -t . -- {} +  2>&1`
$ cd "/home/pete/wefwefwef/docs/erldocs_other.git"
 :: Getting dependencies
$ cd "/home/pete/wefwefwef/docs/other/1698799702/reltool_util-tag-v1.5.0/reltool_util"
$ 5000  `ls -1 deps/  2>&1`
$ cd "/home/pete/wefwefwef/docs/erldocs_other.git"
>>> [rebar] deps = []
 :: Generating erldocs into /home/pete/wefwefwef/docs/other/1698799702/repo/v1.5.0
Building reltool_util
Generating Type Specs - "/home/pete/wefwefwef/docs/other/1698799702/reltool_util-tag-v1.5.0/reltool_util/src/reltool_util.erl"
Generating XML for application reltool_util "/home/pete/wefwefwef/docs/other/1698799702/reltool_util-tag-v1.5.0/reltool_util" -> "/home/pete/wefwefwef/docs/other/1698799702/repo/v1.5.0/.xml/reltool_util"
Generated reltool_util XMLs: ["/home/pete/wefwefwef/docs/other/1698799702/repo/v1.5.0/.xml/reltool_util/reltool_util.xml"]
Generating HTML - reltool_util "/home/pete/wefwefwef/docs/other/1698799702/repo/v1.5.0/.xml/reltool_util/reltool_util.xml"
Reading XML for "/home/pete/wefwefwef/docs/other/1698799702/repo/v1.5.0/.xml/reltool_util/reltool_util.xml"
Reading XML for "/home/pete/wefwefwef/docs/other/1698799702/repo/v1.5.0/.xml/specs_reltool_util.xml"
Creating index.html ...
Creating erldocs_index.js ...
Woot, finished in 0 Minutes 0 Seconds
 :: Discovering other repos
$ 5000  `rm -r '/home/pete/wefwefwef/docs/other/1698799702/reltool_util-tag-v1.5.0'  2>&1`
 :: Processing https://github.com/okeuday/reltool_util	{rev,branch,"master","7307aee5a9ab071fd2eb4f20f5452e4caf35d275",undefined,[],[]}
 :: Fetching repo code
$ cd "/home/pete/wefwefwef/docs/other/1698799702/reltool_util-branch-master/reltool_util"
$ infinity  `curl --fail --silent --show-error --location --output 'master.zip' 'https://github.com/okeuday/reltool_util/archive/master.zip'  2>&1`
$ cd "/home/pete/wefwefwef/docs/erldocs_other.git"
$ cd "/home/pete/wefwefwef/docs/other/1698799702/reltool_util-branch-master/reltool_util"
$ 5000  `find -P . -type l -delete  2>&1`
$ cd "/home/pete/wefwefwef/docs/erldocs_other.git"
$ cd "/home/pete/wefwefwef/docs/other/1698799702/reltool_util-branch-master/reltool_util"
$ 5000  `find 'reltool_util-master' -mindepth 1 -maxdepth 1 -exec mv -t . -- {} +  2>&1`
$ cd "/home/pete/wefwefwef/docs/erldocs_other.git"
 :: Getting dependencies
$ cd "/home/pete/wefwefwef/docs/other/1698799702/reltool_util-branch-master/reltool_util"
$ 5000  `ls -1 deps/  2>&1`
$ cd "/home/pete/wefwefwef/docs/erldocs_other.git"
>>> [rebar] deps = []
 :: Generating erldocs into /home/pete/wefwefwef/docs/other/1698799702/repo/master
Building reltool_util
Generating Type Specs - "/home/pete/wefwefwef/docs/other/1698799702/reltool_util-branch-master/reltool_util/src/reltool_util.erl"
Generating XML for application reltool_util "/home/pete/wefwefwef/docs/other/1698799702/reltool_util-branch-master/reltool_util" -> "/home/pete/wefwefwef/docs/other/1698799702/repo/master/.xml/reltool_util"
Generated reltool_util XMLs: ["/home/pete/wefwefwef/docs/other/1698799702/repo/master/.xml/reltool_util/reltool_util.xml"]
Generating HTML - reltool_util "/home/pete/wefwefwef/docs/other/1698799702/repo/master/.xml/reltool_util/reltool_util.xml"
Reading XML for "/home/pete/wefwefwef/docs/other/1698799702/repo/master/.xml/reltool_util/reltool_util.xml"
Reading XML for "/home/pete/wefwefwef/docs/other/1698799702/repo/master/.xml/specs_reltool_util.xml"
Creating index.html ...
Creating erldocs_index.js ...
Woot, finished in 0 Minutes 0 Seconds
 :: Discovering other repos
$ 5000  `rm -r '/home/pete/wefwefwef/docs/other/1698799702/reltool_util-branch-master'  2>&1`
 :: Finishing up
$ 5000  `rm -r '/home/pete/wefwefwef/docs/other/1698799702/reltool_util'  2>&1`
