 :: Extracting meta information
$ infinity  `git ls-remote --heads --tags 'https://github.com/travelping/ejournald'  2>&1`
>>> [repo] 1 branches, 6 tags
 :: Writing meta to "/home/pete/wefwefwef/docs/other/74839699e349e4199ba267c784217ee4/meta.txt"
 :: Skipping tag "1.0.1"
 :: Skipping tag "1.1.0"
 :: Skipping tag "1.0.0"
 :: Skipping tag "1.2.0"
 :: Skipping tag "1.3.0"
 :: Processing https://github.com/travelping/ejournald	{rev,branch,"master","2c54d548de698eabd171fa0acd973b203135c880",undefined,[],[]}
 :: Fetching repo code
$ cd '/home/pete/wefwefwef/docs/other/74839699e349e4199ba267c784217ee4/ejournald-branch-master'
$ infinity  `curl --fail --silent --show-error --location --output repo.tar.gz 'https://codeload.github.com/travelping/ejournald/legacy.tar.gz/master'  2>&1`
$ cd '/home/pete/wefwefwef/docs/erldocs_other.git'
$ cd '/home/pete/wefwefwef/docs/other/74839699e349e4199ba267c784217ee4/ejournald-branch-master/systemd-ejournald-2c54d54'
$ 5000  `find -P . -type l -delete  2>&1`
$ cd '/home/pete/wefwefwef/docs/erldocs_other.git'
$ 5000  `mv '/home/pete/wefwefwef/docs/other/74839699e349e4199ba267c784217ee4/ejournald-branch-master/systemd-ejournald-2c54d54' '/home/pete/wefwefwef/docs/other/74839699e349e4199ba267c784217ee4/ejournald-branch-master/ejournald'  2>&1`
 :: Getting dependencies
$ cd '/home/pete/wefwefwef/docs/other/74839699e349e4199ba267c784217ee4/ejournald-branch-master/ejournald'
$ 5000  `ls -1 deps/  2>&1`
$ cd '/home/pete/wefwefwef/docs/erldocs_other.git'
>>> [rebar] deps = []
 :: Generating erldocs into /home/pete/wefwefwef/docs/other/74839699e349e4199ba267c784217ee4/repo/master
Building ejournald
Generating Type Specs - "/home/pete/wefwefwef/docs/other/74839699e349e4199ba267c784217ee4/ejournald-branch-master/ejournald/src/ejournald.erl"
Generating Type Specs - "/home/pete/wefwefwef/docs/other/74839699e349e4199ba267c784217ee4/ejournald-branch-master/ejournald/src/ejournald_helpers.erl"
Generating Type Specs - "/home/pete/wefwefwef/docs/other/74839699e349e4199ba267c784217ee4/ejournald-branch-master/ejournald/src/ejournald_io_server.erl"
Generating Type Specs - "/home/pete/wefwefwef/docs/other/74839699e349e4199ba267c784217ee4/ejournald-branch-master/ejournald/src/ejournald_notifier.erl"
Generating Type Specs - "/home/pete/wefwefwef/docs/other/74839699e349e4199ba267c784217ee4/ejournald-branch-master/ejournald/src/ejournald_notifier_sup.erl"
Generating Type Specs - "/home/pete/wefwefwef/docs/other/74839699e349e4199ba267c784217ee4/ejournald-branch-master/ejournald/src/ejournald_reader.erl"
Generating Type Specs - "/home/pete/wefwefwef/docs/other/74839699e349e4199ba267c784217ee4/ejournald-branch-master/ejournald/src/ejournald_sup.erl"
Generating Type Specs - "/home/pete/wefwefwef/docs/other/74839699e349e4199ba267c784217ee4/ejournald-branch-master/ejournald/src/journald_api.erl"
Generating XML for application ejournald "/home/pete/wefwefwef/docs/other/74839699e349e4199ba267c784217ee4/ejournald-branch-master/ejournald" -> "/home/pete/wefwefwef/docs/other/74839699e349e4199ba267c784217ee4/repo/master/.xml/ejournald"
Generated ejournald XMLs: ["/home/pete/wefwefwef/docs/other/74839699e349e4199ba267c784217ee4/repo/master/.xml/ejournald/ejournald.xml"]
Generating HTML - ejournald "/home/pete/wefwefwef/docs/other/74839699e349e4199ba267c784217ee4/repo/master/.xml/ejournald/ejournald.xml"
Reading XML for "/home/pete/wefwefwef/docs/other/74839699e349e4199ba267c784217ee4/repo/master/.xml/ejournald/ejournald.xml"
Reading XML for "/home/pete/wefwefwef/docs/other/74839699e349e4199ba267c784217ee4/repo/master/.xml/specs_ejournald.xml"
Creating index.html ...
Creating erldocs_index.js ...
Woot, finished in 0 Minutes 0 Seconds
 :: Discovering other repos
$ 5000  `rm -r '/home/pete/wefwefwef/docs/other/74839699e349e4199ba267c784217ee4/ejournald-branch-master'  2>&1`
 :: Processing https://github.com/travelping/ejournald	{rev,tag,"2.0.0","2c54d548de698eabd171fa0acd973b203135c880",undefined,[],[]}
 :: Fetching repo code
$ cd '/home/pete/wefwefwef/docs/other/74839699e349e4199ba267c784217ee4/ejournald-tag-2.0.0'
$ infinity  `curl --fail --silent --show-error --location --output repo.tar.gz 'https://codeload.github.com/travelping/ejournald/legacy.tar.gz/2.0.0'  2>&1`
$ cd '/home/pete/wefwefwef/docs/erldocs_other.git'
$ cd '/home/pete/wefwefwef/docs/other/74839699e349e4199ba267c784217ee4/ejournald-tag-2.0.0/systemd-ejournald-2c54d54'
$ 5000  `find -P . -type l -delete  2>&1`
$ cd '/home/pete/wefwefwef/docs/erldocs_other.git'
$ 5000  `mv '/home/pete/wefwefwef/docs/other/74839699e349e4199ba267c784217ee4/ejournald-tag-2.0.0/systemd-ejournald-2c54d54' '/home/pete/wefwefwef/docs/other/74839699e349e4199ba267c784217ee4/ejournald-tag-2.0.0/ejournald'  2>&1`
 :: Getting dependencies
$ cd '/home/pete/wefwefwef/docs/other/74839699e349e4199ba267c784217ee4/ejournald-tag-2.0.0/ejournald'
$ 5000  `ls -1 deps/  2>&1`
$ cd '/home/pete/wefwefwef/docs/erldocs_other.git'
>>> [rebar] deps = []
 :: Generating erldocs into /home/pete/wefwefwef/docs/other/74839699e349e4199ba267c784217ee4/repo/2.0.0
Building ejournald
Generating Type Specs - "/home/pete/wefwefwef/docs/other/74839699e349e4199ba267c784217ee4/ejournald-tag-2.0.0/ejournald/src/ejournald.erl"
Generating Type Specs - "/home/pete/wefwefwef/docs/other/74839699e349e4199ba267c784217ee4/ejournald-tag-2.0.0/ejournald/src/ejournald_helpers.erl"
Generating Type Specs - "/home/pete/wefwefwef/docs/other/74839699e349e4199ba267c784217ee4/ejournald-tag-2.0.0/ejournald/src/ejournald_io_server.erl"
Generating Type Specs - "/home/pete/wefwefwef/docs/other/74839699e349e4199ba267c784217ee4/ejournald-tag-2.0.0/ejournald/src/ejournald_notifier.erl"
Generating Type Specs - "/home/pete/wefwefwef/docs/other/74839699e349e4199ba267c784217ee4/ejournald-tag-2.0.0/ejournald/src/ejournald_notifier_sup.erl"
Generating Type Specs - "/home/pete/wefwefwef/docs/other/74839699e349e4199ba267c784217ee4/ejournald-tag-2.0.0/ejournald/src/ejournald_reader.erl"
Generating Type Specs - "/home/pete/wefwefwef/docs/other/74839699e349e4199ba267c784217ee4/ejournald-tag-2.0.0/ejournald/src/ejournald_sup.erl"
Generating Type Specs - "/home/pete/wefwefwef/docs/other/74839699e349e4199ba267c784217ee4/ejournald-tag-2.0.0/ejournald/src/journald_api.erl"
Generating XML for application ejournald "/home/pete/wefwefwef/docs/other/74839699e349e4199ba267c784217ee4/ejournald-tag-2.0.0/ejournald" -> "/home/pete/wefwefwef/docs/other/74839699e349e4199ba267c784217ee4/repo/2.0.0/.xml/ejournald"
Generated ejournald XMLs: ["/home/pete/wefwefwef/docs/other/74839699e349e4199ba267c784217ee4/repo/2.0.0/.xml/ejournald/ejournald.xml"]
Generating HTML - ejournald "/home/pete/wefwefwef/docs/other/74839699e349e4199ba267c784217ee4/repo/2.0.0/.xml/ejournald/ejournald.xml"
Reading XML for "/home/pete/wefwefwef/docs/other/74839699e349e4199ba267c784217ee4/repo/2.0.0/.xml/ejournald/ejournald.xml"
Reading XML for "/home/pete/wefwefwef/docs/other/74839699e349e4199ba267c784217ee4/repo/2.0.0/.xml/specs_ejournald.xml"
Creating index.html ...
Creating erldocs_index.js ...
Woot, finished in 0 Minutes 0 Seconds
 :: Discovering other repos
$ 5000  `rm -r '/home/pete/wefwefwef/docs/other/74839699e349e4199ba267c784217ee4/ejournald-tag-2.0.0'  2>&1`
 :: Finishing up
$ 5000  `rm -r '/home/pete/wefwefwef/docs/other/74839699e349e4199ba267c784217ee4/ejournald'  2>&1`
