 :: Extracting meta information
$ 5000  `git ls-remote --heads --tags 'https://github.com/phillipknauss/grs'  2>&1`
>>> [repo] 1 branches, 0 tags
 :: Writing meta to "/home/pete/wefwefwef/docs/other/5448678651/meta.txt"
 :: Processing https://github.com/phillipknauss/grs	{rev,branch,"master","155f96e78f940cf2f352babb50b3f4d6439f0f83",undefined,[],[]}
 :: Fetching repo code
$ cd "/home/pete/wefwefwef/docs/other/5448678651/grs-branch-master/grs"
$ infinity  `curl --fail --silent --show-error --location --output 'master.zip' 'https://github.com/phillipknauss/grs/archive/master.zip'  2>&1`
$ cd "/home/pete/wefwefwef/docs/erldocs_other.git"
$ cd "/home/pete/wefwefwef/docs/other/5448678651/grs-branch-master/grs"
$ 5000  `find -P . -type l -delete  2>&1`
$ cd "/home/pete/wefwefwef/docs/erldocs_other.git"
$ cd "/home/pete/wefwefwef/docs/other/5448678651/grs-branch-master/grs"
$ 5000  `find 'grs-master' -mindepth 1 -maxdepth 1 -exec mv -t . -- {} +  2>&1`
$ cd "/home/pete/wefwefwef/docs/erldocs_other.git"
 :: Getting dependencies
$ cd "/home/pete/wefwefwef/docs/other/5448678651/grs-branch-master/grs"
$ 5000  `ls -1 deps/  2>&1`
$ cd "/home/pete/wefwefwef/docs/erldocs_other.git"
>>> [rebar] deps = []
 :: Generating erldocs into /home/pete/wefwefwef/docs/other/5448678651/repo/master
Building grs
Generating Type Specs - "/home/pete/wefwefwef/docs/other/5448678651/grs-branch-master/grs/src/grs_app.erl"
Generating Type Specs - "/home/pete/wefwefwef/docs/other/5448678651/grs-branch-master/grs/src/grs_dg.erl"
Generating Type Specs - "/home/pete/wefwefwef/docs/other/5448678651/grs-branch-master/grs/src/grs_sup.erl"
Generating XML for application grs "/home/pete/wefwefwef/docs/other/5448678651/grs-branch-master/grs" -> "/home/pete/wefwefwef/docs/other/5448678651/repo/master/.xml/grs"
Generated grs XMLs: ["/home/pete/wefwefwef/docs/other/5448678651/repo/master/.xml/grs/grs_dg.xml",
                     "/home/pete/wefwefwef/docs/other/5448678651/repo/master/.xml/grs/grs_app.xml",
                     "/home/pete/wefwefwef/docs/other/5448678651/repo/master/.xml/grs/grs_sup.xml"]
Generating HTML - grs_sup "/home/pete/wefwefwef/docs/other/5448678651/repo/master/.xml/grs/grs_sup.xml"
Reading XML for "/home/pete/wefwefwef/docs/other/5448678651/repo/master/.xml/grs/grs_sup.xml"
Reading XML for "/home/pete/wefwefwef/docs/other/5448678651/repo/master/.xml/specs_grs_sup.xml"
Generating HTML - grs_app "/home/pete/wefwefwef/docs/other/5448678651/repo/master/.xml/grs/grs_app.xml"
Reading XML for "/home/pete/wefwefwef/docs/other/5448678651/repo/master/.xml/grs/grs_app.xml"
Reading XML for "/home/pete/wefwefwef/docs/other/5448678651/repo/master/.xml/specs_grs_app.xml"
Generating HTML - grs_dg "/home/pete/wefwefwef/docs/other/5448678651/repo/master/.xml/grs/grs_dg.xml"
Reading XML for "/home/pete/wefwefwef/docs/other/5448678651/repo/master/.xml/grs/grs_dg.xml"
Reading XML for "/home/pete/wefwefwef/docs/other/5448678651/repo/master/.xml/specs_grs_dg.xml"
Creating index.html ...
Creating erldocs_index.js ...
Woot, finished in 0 Minutes 0 Seconds
 :: Discovering other repos
$ 5000  `rm -r '/home/pete/wefwefwef/docs/other/5448678651/grs-branch-master'  2>&1`
 :: Finishing up
$ 5000  `rm -r '/home/pete/wefwefwef/docs/other/5448678651/grs'  2>&1`
