 :: Extracting meta information
$ 5000  `git ls-remote --heads --tags 'https://github.com/jwilberding/spot_check'  2>&1`
>>> [repo] 1 branches, 0 tags
 :: Writing meta to "/home/pete/wefwefwef/docs/other/1041057253/meta.txt"
 :: Processing https://github.com/jwilberding/spot_check	{rev,branch,"master","3cae148679d8379339fa07ae3a31df694822f624"}
 :: Fetching repo code
$ cd "/home/pete/wefwefwef/docs/other/1041057253/spot_check-branch-master/spot_check"
$ infinity  `curl --fail --silent --show-error --location --output 'master.zip' 'https://github.com/jwilberding/spot_check/archive/master.zip'  2>&1`
$ cd "/home/pete/wefwefwef/docs/erldocs_other.git"
$ cd "/home/pete/wefwefwef/docs/other/1041057253/spot_check-branch-master/spot_check"
$ 5000  `find -P . -type l -delete  2>&1`
$ cd "/home/pete/wefwefwef/docs/erldocs_other.git"
$ cd "/home/pete/wefwefwef/docs/other/1041057253/spot_check-branch-master/spot_check"
$ 5000  `find 'spot_check-master' -mindepth 1 -maxdepth 1 -exec mv -t . -- {} +  2>&1`
$ cd "/home/pete/wefwefwef/docs/erldocs_other.git"
 :: Getting dependencies
$ cd "/home/pete/wefwefwef/docs/other/1041057253/spot_check-branch-master/spot_check"
$ 5000  `ls -1 deps/  2>&1`
$ cd "/home/pete/wefwefwef/docs/erldocs_other.git"
>>> [rebar] deps = []
 :: Generating erldocs into /home/pete/wefwefwef/docs/other/1041057253/repo/master
Building spot_check
Generating Type Specs - "/home/pete/wefwefwef/docs/other/1041057253/spot_check-branch-master/spot_check/src/spot_check.erl"
Generating XML for application spot_check "/home/pete/wefwefwef/docs/other/1041057253/spot_check-branch-master/spot_check" -> "/home/pete/wefwefwef/docs/other/1041057253/repo/master/.xml/spot_check"
Generated spot_check XMLs: ["/home/pete/wefwefwef/docs/other/1041057253/repo/master/.xml/spot_check/spot_check.xml"]
Generating HTML - spot_check "/home/pete/wefwefwef/docs/other/1041057253/repo/master/.xml/spot_check/spot_check.xml"
Reading XML for "/home/pete/wefwefwef/docs/other/1041057253/repo/master/.xml/spot_check/spot_check.xml"
Reading XML for "/home/pete/wefwefwef/docs/other/1041057253/repo/master/.xml/specs_spot_check.xml"
Creating index.html ...
Creating erldocs_index.js ...
Woot, finished in 0 Minutes 0 Seconds
 :: Discovering other repos
$ 5000  `rm -r '/home/pete/wefwefwef/docs/other/1041057253/spot_check-branch-master'  2>&1`
 :: Erldocs finishing up
$ 5000  `rm -r '/home/pete/wefwefwef/docs/other/1041057253/spot_check'  2>&1`
