 :: Extracting meta information
$ infinity  `git ls-remote --heads --tags 'https://github.com/sile/safeexec'  2>&1`
>>> [repo] 1 branches, 8 tags
 :: Writing meta to "/home/pete/wefwefwef/docs/other/f38dd4ae93070299c3242c6f79c8a453/meta.txt"
 :: Skipping tag "v0.1.0"
 :: Skipping tag "v0.1.1"
 :: Skipping tag "v0.1.2"
 :: Skipping tag "v0.1.3"
 :: Skipping tag "v0.1.4"
 :: Skipping tag "v0.1.5"
 :: Skipping tag "v0.1.6"
 :: Processing https://github.com/sile/safeexec	{rev,branch,"master","0d719d2bcd5a2d6466b70689cf1c68538710fd06",undefined,[],[]}
 :: Fetching repo code
$ cd '/home/pete/wefwefwef/docs/other/f38dd4ae93070299c3242c6f79c8a453/safeexec-branch-master'
$ infinity  `curl --fail --silent --show-error --location --output repo.tar.gz 'https://codeload.github.com/sile/safeexec/legacy.tar.gz/master'  2>&1`
$ cd '/home/pete/wefwefwef/docs/erldocs_other.git'
$ cd '/home/pete/wefwefwef/docs/other/f38dd4ae93070299c3242c6f79c8a453/safeexec-branch-master/sile-safeexec-0d719d2'
$ 5000  `find -P . -type l -delete  2>&1`
$ cd '/home/pete/wefwefwef/docs/erldocs_other.git'
$ 5000  `mv '/home/pete/wefwefwef/docs/other/f38dd4ae93070299c3242c6f79c8a453/safeexec-branch-master/sile-safeexec-0d719d2' '/home/pete/wefwefwef/docs/other/f38dd4ae93070299c3242c6f79c8a453/safeexec-branch-master/safeexec'  2>&1`
 :: Getting dependencies
$ cd '/home/pete/wefwefwef/docs/other/f38dd4ae93070299c3242c6f79c8a453/safeexec-branch-master/safeexec'
$ 5000  `ls -1 deps/  2>&1`
$ cd '/home/pete/wefwefwef/docs/erldocs_other.git'
>>> [rebar] deps = []
 :: Generating erldocs into /home/pete/wefwefwef/docs/other/f38dd4ae93070299c3242c6f79c8a453/repo/master
Building safeexec
Generating Type Specs - "/home/pete/wefwefwef/docs/other/f38dd4ae93070299c3242c6f79c8a453/safeexec-branch-master/safeexec/src/safeexec.erl"
Generating XML for application safeexec "/home/pete/wefwefwef/docs/other/f38dd4ae93070299c3242c6f79c8a453/safeexec-branch-master/safeexec" -> "/home/pete/wefwefwef/docs/other/f38dd4ae93070299c3242c6f79c8a453/repo/master/.xml/safeexec"
Generated safeexec XMLs: ["/home/pete/wefwefwef/docs/other/f38dd4ae93070299c3242c6f79c8a453/repo/master/.xml/safeexec/safeexec.xml"]
Generating HTML - safeexec "/home/pete/wefwefwef/docs/other/f38dd4ae93070299c3242c6f79c8a453/repo/master/.xml/safeexec/safeexec.xml"
Reading XML for "/home/pete/wefwefwef/docs/other/f38dd4ae93070299c3242c6f79c8a453/repo/master/.xml/safeexec/safeexec.xml"
Reading XML for "/home/pete/wefwefwef/docs/other/f38dd4ae93070299c3242c6f79c8a453/repo/master/.xml/specs_safeexec.xml"
Creating index.html ...
Creating erldocs_index.js ...
Woot, finished in 0 Minutes 0 Seconds
 :: Discovering other repos
$ 5000  `rm -r '/home/pete/wefwefwef/docs/other/f38dd4ae93070299c3242c6f79c8a453/safeexec-branch-master'  2>&1`
 :: Processing https://github.com/sile/safeexec	{rev,tag,"v0.1.7","0d719d2bcd5a2d6466b70689cf1c68538710fd06",undefined,[],[]}
 :: Fetching repo code
$ cd '/home/pete/wefwefwef/docs/other/f38dd4ae93070299c3242c6f79c8a453/safeexec-tag-v0.1.7'
$ infinity  `curl --fail --silent --show-error --location --output repo.tar.gz 'https://codeload.github.com/sile/safeexec/legacy.tar.gz/v0.1.7'  2>&1`
$ cd '/home/pete/wefwefwef/docs/erldocs_other.git'
$ cd '/home/pete/wefwefwef/docs/other/f38dd4ae93070299c3242c6f79c8a453/safeexec-tag-v0.1.7/sile-safeexec-0d719d2'
$ 5000  `find -P . -type l -delete  2>&1`
$ cd '/home/pete/wefwefwef/docs/erldocs_other.git'
$ 5000  `mv '/home/pete/wefwefwef/docs/other/f38dd4ae93070299c3242c6f79c8a453/safeexec-tag-v0.1.7/sile-safeexec-0d719d2' '/home/pete/wefwefwef/docs/other/f38dd4ae93070299c3242c6f79c8a453/safeexec-tag-v0.1.7/safeexec'  2>&1`
 :: Getting dependencies
$ cd '/home/pete/wefwefwef/docs/other/f38dd4ae93070299c3242c6f79c8a453/safeexec-tag-v0.1.7/safeexec'
$ 5000  `ls -1 deps/  2>&1`
$ cd '/home/pete/wefwefwef/docs/erldocs_other.git'
>>> [rebar] deps = []
 :: Generating erldocs into /home/pete/wefwefwef/docs/other/f38dd4ae93070299c3242c6f79c8a453/repo/v0.1.7
Building safeexec
Generating Type Specs - "/home/pete/wefwefwef/docs/other/f38dd4ae93070299c3242c6f79c8a453/safeexec-tag-v0.1.7/safeexec/src/safeexec.erl"
Generating XML for application safeexec "/home/pete/wefwefwef/docs/other/f38dd4ae93070299c3242c6f79c8a453/safeexec-tag-v0.1.7/safeexec" -> "/home/pete/wefwefwef/docs/other/f38dd4ae93070299c3242c6f79c8a453/repo/v0.1.7/.xml/safeexec"
Generated safeexec XMLs: ["/home/pete/wefwefwef/docs/other/f38dd4ae93070299c3242c6f79c8a453/repo/v0.1.7/.xml/safeexec/safeexec.xml"]
Generating HTML - safeexec "/home/pete/wefwefwef/docs/other/f38dd4ae93070299c3242c6f79c8a453/repo/v0.1.7/.xml/safeexec/safeexec.xml"
Reading XML for "/home/pete/wefwefwef/docs/other/f38dd4ae93070299c3242c6f79c8a453/repo/v0.1.7/.xml/safeexec/safeexec.xml"
Reading XML for "/home/pete/wefwefwef/docs/other/f38dd4ae93070299c3242c6f79c8a453/repo/v0.1.7/.xml/specs_safeexec.xml"
Creating index.html ...
Creating erldocs_index.js ...
Woot, finished in 0 Minutes 0 Seconds
 :: Discovering other repos
$ 5000  `rm -r '/home/pete/wefwefwef/docs/other/f38dd4ae93070299c3242c6f79c8a453/safeexec-tag-v0.1.7'  2>&1`
 :: Finishing up
$ 5000  `rm -r '/home/pete/wefwefwef/docs/other/f38dd4ae93070299c3242c6f79c8a453/safeexec'  2>&1`
