 :: Extracting meta information
$ 5000  `git ls-remote --heads --tags 'https://github.com/echoteam/kvdbc'  2>&1`
>>> [repo] 7 branches, 4 tags
 :: Writing meta to "/home/pete/wefwefwef/docs/other/2666510970/meta.txt"
 :: Processing https://github.com/echoteam/kvdbc	{rev,tag,"v0.1.5","0dbf1492535d66d84f3916a87deacc32f12631b1"}
 :: Fetching repo code
$ cd "/home/pete/wefwefwef/docs/other/2666510970/kvdbc-tag-v0.1.5/kvdbc"
$ infinity  `curl --fail --silent --show-error --location --output 'v0.1.5.zip' 'https://github.com/echoteam/kvdbc/archive/v0.1.5.zip'  2>&1`
$ cd "/home/pete/wefwefwef/docs/erldocs_other.git"
$ cd "/home/pete/wefwefwef/docs/other/2666510970/kvdbc-tag-v0.1.5/kvdbc"
$ 5000  `find -P . -type l -delete  2>&1`
$ cd "/home/pete/wefwefwef/docs/erldocs_other.git"
$ cd "/home/pete/wefwefwef/docs/other/2666510970/kvdbc-tag-v0.1.5/kvdbc"
$ 5000  `find 'kvdbc-0.1.5' -mindepth 1 -maxdepth 1 -exec mv -t . -- {} +  2>&1`
$ cd "/home/pete/wefwefwef/docs/erldocs_other.git"
 :: Getting dependencies
$ cd "/home/pete/wefwefwef/docs/other/2666510970/kvdbc-tag-v0.1.5/kvdbc"
$ infinity  `rebar --config '/home/pete/wefwefwef/docs/other/2666510970/kvdbc-tag-v0.1.5/rebar_deps' get-deps  2>&1`
$ cd "/home/pete/wefwefwef/docs/erldocs_other.git"
$ cd "/home/pete/wefwefwef/docs/other/2666510970/kvdbc-tag-v0.1.5/kvdbc"
$ 5000  `find -P . -type l -delete  2>&1`
$ cd "/home/pete/wefwefwef/docs/erldocs_other.git"
$ cd "/home/pete/wefwefwef/docs/other/2666510970/kvdbc-tag-v0.1.5/kvdbc"
$ 5000  `ls -1 deps/  2>&1`
$ cd "/home/pete/wefwefwef/docs/erldocs_other.git"
>>> [rebar] deps = ["edown","mavg","meck","mod_gen","perftest","poolboy",
                    "protobuffs","riakc","riakc_cluster","riak_pb",
                    "test_utils"]
 :: Generating erldocs into /home/pete/wefwefwef/docs/other/2666510970/repo/v0.1.5
Building kvdbc
Generating Type Specs - "/home/pete/wefwefwef/docs/other/2666510970/kvdbc-tag-v0.1.5/kvdbc/src/kvdbc.erl"
Generating Type Specs - "/home/pete/wefwefwef/docs/other/2666510970/kvdbc-tag-v0.1.5/kvdbc/src/kvdbc_app.erl"
Generating Type Specs - "/home/pete/wefwefwef/docs/other/2666510970/kvdbc-tag-v0.1.5/kvdbc/src/kvdbc_backend.erl"
Generating Type Specs - "/home/pete/wefwefwef/docs/other/2666510970/kvdbc-tag-v0.1.5/kvdbc/src/kvdbc_cached_backend.erl"
Generating Type Specs - "/home/pete/wefwefwef/docs/other/2666510970/kvdbc-tag-v0.1.5/kvdbc/src/kvdbc_riak_backend.erl"
Generating Type Specs - "/home/pete/wefwefwef/docs/other/2666510970/kvdbc-tag-v0.1.5/kvdbc/src/kvdbc_sup.erl"
Generating XML for application kvdbc "/home/pete/wefwefwef/docs/other/2666510970/kvdbc-tag-v0.1.5/kvdbc" -> "/home/pete/wefwefwef/docs/other/2666510970/repo/v0.1.5/.xml/kvdbc"
Generated kvdbc XMLs: ["/home/pete/wefwefwef/docs/other/2666510970/repo/v0.1.5/.xml/kvdbc/kvdbc_app.xml",
                       "/home/pete/wefwefwef/docs/other/2666510970/repo/v0.1.5/.xml/kvdbc/kvdbc_sup.xml",
                       "/home/pete/wefwefwef/docs/other/2666510970/repo/v0.1.5/.xml/kvdbc/kvdbc_backend.xml",
                       "/home/pete/wefwefwef/docs/other/2666510970/repo/v0.1.5/.xml/kvdbc/kvdbc_cached_backend.xml",
                       "/home/pete/wefwefwef/docs/other/2666510970/repo/v0.1.5/.xml/kvdbc/kvdbc_riak_backend.xml",
                       "/home/pete/wefwefwef/docs/other/2666510970/repo/v0.1.5/.xml/kvdbc/kvdbc.xml"]
Generating HTML - kvdbc_app "/home/pete/wefwefwef/docs/other/2666510970/repo/v0.1.5/.xml/kvdbc/kvdbc_app.xml"
Generating HTML - kvdbc_sup "/home/pete/wefwefwef/docs/other/2666510970/repo/v0.1.5/.xml/kvdbc/kvdbc_sup.xml"
Generating HTML - kvdbc_backend "/home/pete/wefwefwef/docs/other/2666510970/repo/v0.1.5/.xml/kvdbc/kvdbc_backend.xml"
Generating HTML - kvdbc "/home/pete/wefwefwef/docs/other/2666510970/repo/v0.1.5/.xml/kvdbc/kvdbc.xml"
Reading XML for "/home/pete/wefwefwef/docs/other/2666510970/repo/v0.1.5/.xml/kvdbc/kvdbc_app.xml"
Reading XML for "/home/pete/wefwefwef/docs/other/2666510970/repo/v0.1.5/.xml/kvdbc/kvdbc_sup.xml"
Reading XML for "/home/pete/wefwefwef/docs/other/2666510970/repo/v0.1.5/.xml/kvdbc/kvdbc_backend.xml"
Reading XML for "/home/pete/wefwefwef/docs/other/2666510970/repo/v0.1.5/.xml/kvdbc/kvdbc.xml"
Reading XML for "/home/pete/wefwefwef/docs/other/2666510970/repo/v0.1.5/.xml/specs_kvdbc_app.xml"
Reading XML for "/home/pete/wefwefwef/docs/other/2666510970/repo/v0.1.5/.xml/specs_kvdbc_sup.xml"
Reading XML for "/home/pete/wefwefwef/docs/other/2666510970/repo/v0.1.5/.xml/specs_kvdbc_backend.xml"
Reading XML for "/home/pete/wefwefwef/docs/other/2666510970/repo/v0.1.5/.xml/specs_kvdbc.xml"
Generating HTML - kvdbc_riak_backend "/home/pete/wefwefwef/docs/other/2666510970/repo/v0.1.5/.xml/kvdbc/kvdbc_riak_backend.xml"
Reading XML for "/home/pete/wefwefwef/docs/other/2666510970/repo/v0.1.5/.xml/kvdbc/kvdbc_riak_backend.xml"
Reading XML for "/home/pete/wefwefwef/docs/other/2666510970/repo/v0.1.5/.xml/specs_kvdbc_riak_backend.xml"
Generating HTML - kvdbc_cached_backend "/home/pete/wefwefwef/docs/other/2666510970/repo/v0.1.5/.xml/kvdbc/kvdbc_cached_backend.xml"
Reading XML for "/home/pete/wefwefwef/docs/other/2666510970/repo/v0.1.5/.xml/kvdbc/kvdbc_cached_backend.xml"
Reading XML for "/home/pete/wefwefwef/docs/other/2666510970/repo/v0.1.5/.xml/specs_kvdbc_cached_backend.xml"
Creating index.html ...
Creating erldocs_index.js ...
Woot, finished in 0 Minutes 0 Seconds
 :: Discovering other repos
$ 5000  `rm -r '/home/pete/wefwefwef/docs/other/2666510970/kvdbc-tag-v0.1.5'  2>&1`
 :: Processing https://github.com/echoteam/kvdbc	{rev,tag,"v0.1.6","daf364f1878baafdd05bf56e3b9e601f7bc90606"}
 :: Fetching repo code
$ cd "/home/pete/wefwefwef/docs/other/2666510970/kvdbc-tag-v0.1.6/kvdbc"
$ infinity  `curl --fail --silent --show-error --location --output 'v0.1.6.zip' 'https://github.com/echoteam/kvdbc/archive/v0.1.6.zip'  2>&1`
$ cd "/home/pete/wefwefwef/docs/erldocs_other.git"
$ cd "/home/pete/wefwefwef/docs/other/2666510970/kvdbc-tag-v0.1.6/kvdbc"
$ 5000  `find -P . -type l -delete  2>&1`
$ cd "/home/pete/wefwefwef/docs/erldocs_other.git"
$ cd "/home/pete/wefwefwef/docs/other/2666510970/kvdbc-tag-v0.1.6/kvdbc"
$ 5000  `find 'kvdbc-0.1.6' -mindepth 1 -maxdepth 1 -exec mv -t . -- {} +  2>&1`
$ cd "/home/pete/wefwefwef/docs/erldocs_other.git"
 :: Getting dependencies
$ cd "/home/pete/wefwefwef/docs/other/2666510970/kvdbc-tag-v0.1.6/kvdbc"
$ infinity  `rebar --config '/home/pete/wefwefwef/docs/other/2666510970/kvdbc-tag-v0.1.6/rebar_deps' get-deps  2>&1`
$ cd "/home/pete/wefwefwef/docs/erldocs_other.git"
$ cd "/home/pete/wefwefwef/docs/other/2666510970/kvdbc-tag-v0.1.6/kvdbc"
$ 5000  `find -P . -type l -delete  2>&1`
$ cd "/home/pete/wefwefwef/docs/erldocs_other.git"
$ cd "/home/pete/wefwefwef/docs/other/2666510970/kvdbc-tag-v0.1.6/kvdbc"
$ 5000  `ls -1 deps/  2>&1`
$ cd "/home/pete/wefwefwef/docs/erldocs_other.git"
>>> [rebar] deps = ["edown","mavg","meck","mod_gen","perftest","poolboy",
                    "protobuffs","riakc","riakc_cluster","riak_pb",
                    "test_utils"]
 :: Generating erldocs into /home/pete/wefwefwef/docs/other/2666510970/repo/v0.1.6
Building kvdbc
Generating Type Specs - "/home/pete/wefwefwef/docs/other/2666510970/kvdbc-tag-v0.1.6/kvdbc/src/kvdbc.erl"
Generating Type Specs - "/home/pete/wefwefwef/docs/other/2666510970/kvdbc-tag-v0.1.6/kvdbc/src/kvdbc_app.erl"
Generating Type Specs - "/home/pete/wefwefwef/docs/other/2666510970/kvdbc-tag-v0.1.6/kvdbc/src/kvdbc_backend.erl"
Generating Type Specs - "/home/pete/wefwefwef/docs/other/2666510970/kvdbc-tag-v0.1.6/kvdbc/src/kvdbc_cached_backend.erl"
Generating Type Specs - "/home/pete/wefwefwef/docs/other/2666510970/kvdbc-tag-v0.1.6/kvdbc/src/kvdbc_riak_backend.erl"
Generating Type Specs - "/home/pete/wefwefwef/docs/other/2666510970/kvdbc-tag-v0.1.6/kvdbc/src/kvdbc_sup.erl"
Generating XML for application kvdbc "/home/pete/wefwefwef/docs/other/2666510970/kvdbc-tag-v0.1.6/kvdbc" -> "/home/pete/wefwefwef/docs/other/2666510970/repo/v0.1.6/.xml/kvdbc"
Generated kvdbc XMLs: ["/home/pete/wefwefwef/docs/other/2666510970/repo/v0.1.6/.xml/kvdbc/kvdbc_app.xml",
                       "/home/pete/wefwefwef/docs/other/2666510970/repo/v0.1.6/.xml/kvdbc/kvdbc_sup.xml",
                       "/home/pete/wefwefwef/docs/other/2666510970/repo/v0.1.6/.xml/kvdbc/kvdbc_backend.xml",
                       "/home/pete/wefwefwef/docs/other/2666510970/repo/v0.1.6/.xml/kvdbc/kvdbc_cached_backend.xml",
                       "/home/pete/wefwefwef/docs/other/2666510970/repo/v0.1.6/.xml/kvdbc/kvdbc_riak_backend.xml",
                       "/home/pete/wefwefwef/docs/other/2666510970/repo/v0.1.6/.xml/kvdbc/kvdbc.xml"]
Generating HTML - kvdbc_app "/home/pete/wefwefwef/docs/other/2666510970/repo/v0.1.6/.xml/kvdbc/kvdbc_app.xml"
Generating HTML - kvdbc_sup "/home/pete/wefwefwef/docs/other/2666510970/repo/v0.1.6/.xml/kvdbc/kvdbc_sup.xml"
Generating HTML - kvdbc_backend "/home/pete/wefwefwef/docs/other/2666510970/repo/v0.1.6/.xml/kvdbc/kvdbc_backend.xml"
Generating HTML - kvdbc "/home/pete/wefwefwef/docs/other/2666510970/repo/v0.1.6/.xml/kvdbc/kvdbc.xml"
Reading XML for "/home/pete/wefwefwef/docs/other/2666510970/repo/v0.1.6/.xml/kvdbc/kvdbc_app.xml"
Reading XML for "/home/pete/wefwefwef/docs/other/2666510970/repo/v0.1.6/.xml/kvdbc/kvdbc_sup.xml"
Reading XML for "/home/pete/wefwefwef/docs/other/2666510970/repo/v0.1.6/.xml/kvdbc/kvdbc_backend.xml"
Reading XML for "/home/pete/wefwefwef/docs/other/2666510970/repo/v0.1.6/.xml/kvdbc/kvdbc.xml"
Reading XML for "/home/pete/wefwefwef/docs/other/2666510970/repo/v0.1.6/.xml/specs_kvdbc_sup.xml"
Reading XML for "/home/pete/wefwefwef/docs/other/2666510970/repo/v0.1.6/.xml/specs_kvdbc_backend.xml"
Reading XML for "/home/pete/wefwefwef/docs/other/2666510970/repo/v0.1.6/.xml/specs_kvdbc_app.xml"
Reading XML for "/home/pete/wefwefwef/docs/other/2666510970/repo/v0.1.6/.xml/specs_kvdbc.xml"
Generating HTML - kvdbc_riak_backend "/home/pete/wefwefwef/docs/other/2666510970/repo/v0.1.6/.xml/kvdbc/kvdbc_riak_backend.xml"
Reading XML for "/home/pete/wefwefwef/docs/other/2666510970/repo/v0.1.6/.xml/kvdbc/kvdbc_riak_backend.xml"
Reading XML for "/home/pete/wefwefwef/docs/other/2666510970/repo/v0.1.6/.xml/specs_kvdbc_riak_backend.xml"
Generating HTML - kvdbc_cached_backend "/home/pete/wefwefwef/docs/other/2666510970/repo/v0.1.6/.xml/kvdbc/kvdbc_cached_backend.xml"
Reading XML for "/home/pete/wefwefwef/docs/other/2666510970/repo/v0.1.6/.xml/kvdbc/kvdbc_cached_backend.xml"
Reading XML for "/home/pete/wefwefwef/docs/other/2666510970/repo/v0.1.6/.xml/specs_kvdbc_cached_backend.xml"
Creating index.html ...
Creating erldocs_index.js ...
Woot, finished in 0 Minutes 0 Seconds
 :: Discovering other repos
$ 5000  `rm -r '/home/pete/wefwefwef/docs/other/2666510970/kvdbc-tag-v0.1.6'  2>&1`
 :: Processing https://github.com/echoteam/kvdbc	{rev,tag,"v0.1.0","4f64cd180bf98a6672a9afc17f18a8bb8300118f"}
 :: Fetching repo code
$ cd "/home/pete/wefwefwef/docs/other/2666510970/kvdbc-tag-v0.1.0/kvdbc"
$ infinity  `curl --fail --silent --show-error --location --output 'v0.1.0.zip' 'https://github.com/echoteam/kvdbc/archive/v0.1.0.zip'  2>&1`
$ cd "/home/pete/wefwefwef/docs/erldocs_other.git"
$ cd "/home/pete/wefwefwef/docs/other/2666510970/kvdbc-tag-v0.1.0/kvdbc"
$ 5000  `find -P . -type l -delete  2>&1`
$ cd "/home/pete/wefwefwef/docs/erldocs_other.git"
$ cd "/home/pete/wefwefwef/docs/other/2666510970/kvdbc-tag-v0.1.0/kvdbc"
$ 5000  `find 'kvdbc-0.1.0' -mindepth 1 -maxdepth 1 -exec mv -t . -- {} +  2>&1`
$ cd "/home/pete/wefwefwef/docs/erldocs_other.git"
 :: Getting dependencies
$ cd "/home/pete/wefwefwef/docs/other/2666510970/kvdbc-tag-v0.1.0/kvdbc"
$ infinity  `rebar --config '/home/pete/wefwefwef/docs/other/2666510970/kvdbc-tag-v0.1.0/rebar_deps' get-deps  2>&1`
$ cd "/home/pete/wefwefwef/docs/erldocs_other.git"
$ cd "/home/pete/wefwefwef/docs/other/2666510970/kvdbc-tag-v0.1.0/kvdbc"
$ 5000  `find -P . -type l -delete  2>&1`
$ cd "/home/pete/wefwefwef/docs/erldocs_other.git"
$ cd "/home/pete/wefwefwef/docs/other/2666510970/kvdbc-tag-v0.1.0/kvdbc"
$ 5000  `ls -1 deps/  2>&1`
$ cd "/home/pete/wefwefwef/docs/erldocs_other.git"
>>> [rebar] deps = ["edown","mavg","meck","mod_gen","perftest","poolboy",
                    "protobuffs","riakc","riakc_cluster","riak_pb",
                    "test_utils"]
 :: Generating erldocs into /home/pete/wefwefwef/docs/other/2666510970/repo/v0.1.0
Building kvdbc
Generating Type Specs - "/home/pete/wefwefwef/docs/other/2666510970/kvdbc-tag-v0.1.0/kvdbc/src/kvdbc.erl"
Generating Type Specs - "/home/pete/wefwefwef/docs/other/2666510970/kvdbc-tag-v0.1.0/kvdbc/src/kvdbc_app.erl"
Generating Type Specs - "/home/pete/wefwefwef/docs/other/2666510970/kvdbc-tag-v0.1.0/kvdbc/src/kvdbc_backend.erl"
Generating Type Specs - "/home/pete/wefwefwef/docs/other/2666510970/kvdbc-tag-v0.1.0/kvdbc/src/kvdbc_cached_backend.erl"
Generating Type Specs - "/home/pete/wefwefwef/docs/other/2666510970/kvdbc-tag-v0.1.0/kvdbc/src/kvdbc_riak_backend.erl"
Generating Type Specs - "/home/pete/wefwefwef/docs/other/2666510970/kvdbc-tag-v0.1.0/kvdbc/src/kvdbc_sup.erl"
Generating XML for application kvdbc "/home/pete/wefwefwef/docs/other/2666510970/kvdbc-tag-v0.1.0/kvdbc" -> "/home/pete/wefwefwef/docs/other/2666510970/repo/v0.1.0/.xml/kvdbc"
Generated kvdbc XMLs: ["/home/pete/wefwefwef/docs/other/2666510970/repo/v0.1.0/.xml/kvdbc/kvdbc_app.xml",
                       "/home/pete/wefwefwef/docs/other/2666510970/repo/v0.1.0/.xml/kvdbc/kvdbc_sup.xml",
                       "/home/pete/wefwefwef/docs/other/2666510970/repo/v0.1.0/.xml/kvdbc/kvdbc_backend.xml",
                       "/home/pete/wefwefwef/docs/other/2666510970/repo/v0.1.0/.xml/kvdbc/kvdbc_cached_backend.xml",
                       "/home/pete/wefwefwef/docs/other/2666510970/repo/v0.1.0/.xml/kvdbc/kvdbc_riak_backend.xml",
                       "/home/pete/wefwefwef/docs/other/2666510970/repo/v0.1.0/.xml/kvdbc/kvdbc.xml"]
Generating HTML - kvdbc_app "/home/pete/wefwefwef/docs/other/2666510970/repo/v0.1.0/.xml/kvdbc/kvdbc_app.xml"
Generating HTML - kvdbc_sup "/home/pete/wefwefwef/docs/other/2666510970/repo/v0.1.0/.xml/kvdbc/kvdbc_sup.xml"
Generating HTML - kvdbc_backend "/home/pete/wefwefwef/docs/other/2666510970/repo/v0.1.0/.xml/kvdbc/kvdbc_backend.xml"
Generating HTML - kvdbc "/home/pete/wefwefwef/docs/other/2666510970/repo/v0.1.0/.xml/kvdbc/kvdbc.xml"
Reading XML for "/home/pete/wefwefwef/docs/other/2666510970/repo/v0.1.0/.xml/kvdbc/kvdbc_app.xml"
Reading XML for "/home/pete/wefwefwef/docs/other/2666510970/repo/v0.1.0/.xml/kvdbc/kvdbc_sup.xml"
Reading XML for "/home/pete/wefwefwef/docs/other/2666510970/repo/v0.1.0/.xml/kvdbc/kvdbc_backend.xml"
Reading XML for "/home/pete/wefwefwef/docs/other/2666510970/repo/v0.1.0/.xml/kvdbc/kvdbc.xml"
Reading XML for "/home/pete/wefwefwef/docs/other/2666510970/repo/v0.1.0/.xml/specs_kvdbc_app.xml"
Reading XML for "/home/pete/wefwefwef/docs/other/2666510970/repo/v0.1.0/.xml/specs_kvdbc_sup.xml"
Reading XML for "/home/pete/wefwefwef/docs/other/2666510970/repo/v0.1.0/.xml/specs_kvdbc_backend.xml"
Reading XML for "/home/pete/wefwefwef/docs/other/2666510970/repo/v0.1.0/.xml/specs_kvdbc.xml"
Generating HTML - kvdbc_riak_backend "/home/pete/wefwefwef/docs/other/2666510970/repo/v0.1.0/.xml/kvdbc/kvdbc_riak_backend.xml"
Reading XML for "/home/pete/wefwefwef/docs/other/2666510970/repo/v0.1.0/.xml/kvdbc/kvdbc_riak_backend.xml"
Reading XML for "/home/pete/wefwefwef/docs/other/2666510970/repo/v0.1.0/.xml/specs_kvdbc_riak_backend.xml"
Generating HTML - kvdbc_cached_backend "/home/pete/wefwefwef/docs/other/2666510970/repo/v0.1.0/.xml/kvdbc/kvdbc_cached_backend.xml"
Reading XML for "/home/pete/wefwefwef/docs/other/2666510970/repo/v0.1.0/.xml/kvdbc/kvdbc_cached_backend.xml"
Reading XML for "/home/pete/wefwefwef/docs/other/2666510970/repo/v0.1.0/.xml/specs_kvdbc_cached_backend.xml"
Creating index.html ...
Creating erldocs_index.js ...
Woot, finished in 0 Minutes 0 Seconds
 :: Discovering other repos
$ 5000  `rm -r '/home/pete/wefwefwef/docs/other/2666510970/kvdbc-tag-v0.1.0'  2>&1`
 :: Processing https://github.com/echoteam/kvdbc	{rev,tag,"v0.1.4","6e0a9477524a9a66ab2d65b6d552fb0562a5baaf"}
 :: Fetching repo code
$ cd "/home/pete/wefwefwef/docs/other/2666510970/kvdbc-tag-v0.1.4/kvdbc"
$ infinity  `curl --fail --silent --show-error --location --output 'v0.1.4.zip' 'https://github.com/echoteam/kvdbc/archive/v0.1.4.zip'  2>&1`
$ cd "/home/pete/wefwefwef/docs/erldocs_other.git"
$ cd "/home/pete/wefwefwef/docs/other/2666510970/kvdbc-tag-v0.1.4/kvdbc"
$ 5000  `find -P . -type l -delete  2>&1`
$ cd "/home/pete/wefwefwef/docs/erldocs_other.git"
$ cd "/home/pete/wefwefwef/docs/other/2666510970/kvdbc-tag-v0.1.4/kvdbc"
$ 5000  `find 'kvdbc-0.1.4' -mindepth 1 -maxdepth 1 -exec mv -t . -- {} +  2>&1`
$ cd "/home/pete/wefwefwef/docs/erldocs_other.git"
 :: Getting dependencies
$ cd "/home/pete/wefwefwef/docs/other/2666510970/kvdbc-tag-v0.1.4/kvdbc"
$ infinity  `rebar --config '/home/pete/wefwefwef/docs/other/2666510970/kvdbc-tag-v0.1.4/rebar_deps' get-deps  2>&1`
$ cd "/home/pete/wefwefwef/docs/erldocs_other.git"
$ cd "/home/pete/wefwefwef/docs/other/2666510970/kvdbc-tag-v0.1.4/kvdbc"
$ 5000  `find -P . -type l -delete  2>&1`
$ cd "/home/pete/wefwefwef/docs/erldocs_other.git"
$ cd "/home/pete/wefwefwef/docs/other/2666510970/kvdbc-tag-v0.1.4/kvdbc"
$ 5000  `ls -1 deps/  2>&1`
$ cd "/home/pete/wefwefwef/docs/erldocs_other.git"
>>> [rebar] deps = ["edown","mavg","meck","mod_gen","perftest","poolboy",
                    "protobuffs","riakc","riakc_cluster","riak_pb",
                    "test_utils"]
 :: Generating erldocs into /home/pete/wefwefwef/docs/other/2666510970/repo/v0.1.4
Building kvdbc
Generating Type Specs - "/home/pete/wefwefwef/docs/other/2666510970/kvdbc-tag-v0.1.4/kvdbc/src/kvdbc.erl"
Generating Type Specs - "/home/pete/wefwefwef/docs/other/2666510970/kvdbc-tag-v0.1.4/kvdbc/src/kvdbc_app.erl"
Generating Type Specs - "/home/pete/wefwefwef/docs/other/2666510970/kvdbc-tag-v0.1.4/kvdbc/src/kvdbc_backend.erl"
Generating Type Specs - "/home/pete/wefwefwef/docs/other/2666510970/kvdbc-tag-v0.1.4/kvdbc/src/kvdbc_cached_backend.erl"
Generating Type Specs - "/home/pete/wefwefwef/docs/other/2666510970/kvdbc-tag-v0.1.4/kvdbc/src/kvdbc_riak_backend.erl"
Generating Type Specs - "/home/pete/wefwefwef/docs/other/2666510970/kvdbc-tag-v0.1.4/kvdbc/src/kvdbc_sup.erl"
Generating XML for application kvdbc "/home/pete/wefwefwef/docs/other/2666510970/kvdbc-tag-v0.1.4/kvdbc" -> "/home/pete/wefwefwef/docs/other/2666510970/repo/v0.1.4/.xml/kvdbc"
Generated kvdbc XMLs: ["/home/pete/wefwefwef/docs/other/2666510970/repo/v0.1.4/.xml/kvdbc/kvdbc_app.xml",
                       "/home/pete/wefwefwef/docs/other/2666510970/repo/v0.1.4/.xml/kvdbc/kvdbc_sup.xml",
                       "/home/pete/wefwefwef/docs/other/2666510970/repo/v0.1.4/.xml/kvdbc/kvdbc_backend.xml",
                       "/home/pete/wefwefwef/docs/other/2666510970/repo/v0.1.4/.xml/kvdbc/kvdbc_cached_backend.xml",
                       "/home/pete/wefwefwef/docs/other/2666510970/repo/v0.1.4/.xml/kvdbc/kvdbc_riak_backend.xml",
                       "/home/pete/wefwefwef/docs/other/2666510970/repo/v0.1.4/.xml/kvdbc/kvdbc.xml"]
Generating HTML - kvdbc_app "/home/pete/wefwefwef/docs/other/2666510970/repo/v0.1.4/.xml/kvdbc/kvdbc_app.xml"
Generating HTML - kvdbc_sup "/home/pete/wefwefwef/docs/other/2666510970/repo/v0.1.4/.xml/kvdbc/kvdbc_sup.xml"
Generating HTML - kvdbc_backend "/home/pete/wefwefwef/docs/other/2666510970/repo/v0.1.4/.xml/kvdbc/kvdbc_backend.xml"
Generating HTML - kvdbc "/home/pete/wefwefwef/docs/other/2666510970/repo/v0.1.4/.xml/kvdbc/kvdbc.xml"
Reading XML for "/home/pete/wefwefwef/docs/other/2666510970/repo/v0.1.4/.xml/kvdbc/kvdbc_app.xml"
Reading XML for "/home/pete/wefwefwef/docs/other/2666510970/repo/v0.1.4/.xml/kvdbc/kvdbc_sup.xml"
Reading XML for "/home/pete/wefwefwef/docs/other/2666510970/repo/v0.1.4/.xml/kvdbc/kvdbc_backend.xml"
Reading XML for "/home/pete/wefwefwef/docs/other/2666510970/repo/v0.1.4/.xml/kvdbc/kvdbc.xml"
Reading XML for "/home/pete/wefwefwef/docs/other/2666510970/repo/v0.1.4/.xml/specs_kvdbc_app.xml"
Reading XML for "/home/pete/wefwefwef/docs/other/2666510970/repo/v0.1.4/.xml/specs_kvdbc_backend.xml"
Reading XML for "/home/pete/wefwefwef/docs/other/2666510970/repo/v0.1.4/.xml/specs_kvdbc_sup.xml"
Reading XML for "/home/pete/wefwefwef/docs/other/2666510970/repo/v0.1.4/.xml/specs_kvdbc.xml"
Generating HTML - kvdbc_riak_backend "/home/pete/wefwefwef/docs/other/2666510970/repo/v0.1.4/.xml/kvdbc/kvdbc_riak_backend.xml"
Reading XML for "/home/pete/wefwefwef/docs/other/2666510970/repo/v0.1.4/.xml/kvdbc/kvdbc_riak_backend.xml"
Reading XML for "/home/pete/wefwefwef/docs/other/2666510970/repo/v0.1.4/.xml/specs_kvdbc_riak_backend.xml"
Generating HTML - kvdbc_cached_backend "/home/pete/wefwefwef/docs/other/2666510970/repo/v0.1.4/.xml/kvdbc/kvdbc_cached_backend.xml"
Reading XML for "/home/pete/wefwefwef/docs/other/2666510970/repo/v0.1.4/.xml/kvdbc/kvdbc_cached_backend.xml"
Reading XML for "/home/pete/wefwefwef/docs/other/2666510970/repo/v0.1.4/.xml/specs_kvdbc_cached_backend.xml"
Creating index.html ...
Creating erldocs_index.js ...
Woot, finished in 0 Minutes 0 Seconds
 :: Discovering other repos
$ 5000  `rm -r '/home/pete/wefwefwef/docs/other/2666510970/kvdbc-tag-v0.1.4'  2>&1`
 :: Processing https://github.com/echoteam/kvdbc	{rev,branch,"aovchinn/f1995-turn-on-dynamodb-writes-in-parallel","efde829192b0aebf623eff30b41d6ed784163f89"}
 :: Fetching repo code
$ cd "/home/pete/wefwefwef/docs/other/2666510970/kvdbc-branch-aovchinn/f1995-turn-on-dynamodb-writes-in-parallel/kvdbc"
$ infinity  `curl --fail --silent --show-error --location --output 'aovchinn/f1995-turn-on-dynamodb-writes-in-parallel.zip' 'https://github.com/echoteam/kvdbc/archive/aovchinn/f1995-turn-on-dynamodb-writes-in-parallel.zip'  2>&1`
$ cd "/home/pete/wefwefwef/docs/erldocs_other.git"
>>> [stdout] "curl: (23) Failed writing body (0 != 827)"
 :: Error running eo_core:
	[{eo_os,chk,2,[{file,"src/eo_os.erl"},{line,55}]},
         {eo_scm,fetch,2,[{file,"src/eo_scm.erl"},{line,85}]},
         {eo_core,copy_repo,5,[{file,"src/eo_core.erl"},{line,238}]},
         {eo_core,main_,11,[{file,"src/eo_core.erl"},{line,85}]},
         {eo_core,main,1,[{file,"src/eo_core.erl"},{line,47}]},
         {eo_core,gen,1,[{file,"src/eo_core.erl"},{line,28}]},
         {gen_escript__escript__1427__73500__860686,seq_gen,3,
             [{file,"./gen.escript"},{line,47}]},
         {escript,run,2,[{file,"escript.erl"},{line,752}]}]
{throw,{sh,fetch_curl,error,23,
           [{"curl: (23) "},{"Failed w"},{"riting body (0 != "},{"827)"}]}}
