 :: Extracting meta information
$ infinity  `git ls-remote --heads --tags 'https://github.com/jjmrocha/jsondoc'  2>&1`
>>> [repo] 1 branches, 2 tags
WTF {ok,{{"HTTP/1.1",200,"OK"},
         [{"cache-control","max-age=300"},
          {"connection","keep-alive"},
          {"date","Sat, 10 Oct 2015 18:40:20 GMT"},
          {"via","1.1 varnish"},
          {"accept-ranges","bytes"},
          {"etag","\"b1fae67a1b962ccbca0f29d4bf0d302cdce38ebd\""},
          {"vary","Authorization,Accept-Encoding"},
          {"content-length","682"},
          {"content-type","text/plain; charset=utf-8"},
          {"expires","Sat, 10 Oct 2015 18:45:20 GMT"},
          {"content-security-policy","default-src 'none'"},
          {"x-xss-protection","1; mode=block"},
          {"x-frame-options","deny"},
          {"x-content-type-options","nosniff"},
          {"strict-transport-security","max-age=31536000"},
          {"x-served-by","cache-fra1246-FRA"},
          {"x-cache","MISS"},
          {"x-cache-hits","0"},
          {"access-control-allow-origin","*"},
          {"source-age","0"}],
         "{name,\"jsondoc\"}.\n{target_path,\"github.com/jjmrocha/jsondoc\"}.\n{url,\"https://github.com/jjmrocha/jsondoc\"}.\n{vsn_format,2}.\n{vsn_pass,22}.\n{time_begin,{{2015,9,21},{18,55,33}}}.\n{method,git}.\n{count_tags,2}.\n{count_branches,1}.\n{revisions,[{rev,branch,\"master\",\"7ae14ea71ef1f2c20ff967f59339a8b9fe0b2b8f\",\n                 true,[],[]},\n            {rev,tag,\"0.6.0\",\"19c2a55c6eef8172b50bb212467060ddc487ae95\",true,\n                 [],\n                 [\"https://github.com/davisp/jiffy\"]},\n            {rev,tag,\"0.6.1\",\"433dcc0d8b5edcc47e0a319c5206bd8106062036\",true,\n                 [],\n                 [\"https://github.com/davisp/jiffy\"]}]}.\n{time_end,{{2015,9,21},{18,55,34}}}.\n"}}
 :: Writing meta to "/home/pete/wefwefwef/docs/other/aae67c825567bbaa0149388401e0ded29bd5bc40/meta.txt"
 :: Skipping tag "0.6.0"
 :: Skipping tag "0.6.1"
 :: Processing https://github.com/jjmrocha/jsondoc	{rev,branch,"master","313a016ffb875b85836c161db554456ce8649567",undefined,[],[]}
 :: Fetching repo code
$ cd '/home/pete/wefwefwef/docs/other/aae67c825567bbaa0149388401e0ded29bd5bc40/jsondoc-branch-master'
$ infinity  `curl --fail --silent --show-error --location --output repo.tar.gz 'https://codeload.github.com/jjmrocha/jsondoc/tar.gz/master'  2>&1`
$ cd '/home/pete/wefwefwef/docs/erldocs_other.git'
$ cd '/home/pete/wefwefwef/docs/other/aae67c825567bbaa0149388401e0ded29bd5bc40/jsondoc-branch-master/jsondoc-master'
$ 5000  `find -P . -type l -delete  2>&1`
$ cd '/home/pete/wefwefwef/docs/erldocs_other.git'
$ 5000  `mv '/home/pete/wefwefwef/docs/other/aae67c825567bbaa0149388401e0ded29bd5bc40/jsondoc-branch-master/jsondoc-master' '/home/pete/wefwefwef/docs/other/aae67c825567bbaa0149388401e0ded29bd5bc40/jsondoc-branch-master/jsondoc'  2>&1`
 :: Getting dependencies
$ cd '/home/pete/wefwefwef/docs/other/aae67c825567bbaa0149388401e0ded29bd5bc40/jsondoc-branch-master/jsondoc'
$ 5000  `ls -1 deps/  2>&1`
$ cd '/home/pete/wefwefwef/docs/erldocs_other.git'
>>> [rebar] deps = []
 :: Generating erldocs into /home/pete/wefwefwef/docs/other/aae67c825567bbaa0149388401e0ded29bd5bc40/repo/master
Building jsondoc
Generating Type Specs - "/home/pete/wefwefwef/docs/other/aae67c825567bbaa0149388401e0ded29bd5bc40/jsondoc-branch-master/jsondoc/src/jsondoc.erl"
Generating Type Specs - "/home/pete/wefwefwef/docs/other/aae67c825567bbaa0149388401e0ded29bd5bc40/jsondoc-branch-master/jsondoc/src/jsondoc_json.erl"
Generating Type Specs - "/home/pete/wefwefwef/docs/other/aae67c825567bbaa0149388401e0ded29bd5bc40/jsondoc-branch-master/jsondoc/src/jsondoc_map.erl"
Generating Type Specs - "/home/pete/wefwefwef/docs/other/aae67c825567bbaa0149388401e0ded29bd5bc40/jsondoc-branch-master/jsondoc/src/jsondoc_proplist.erl"
Generating Type Specs - "/home/pete/wefwefwef/docs/other/aae67c825567bbaa0149388401e0ded29bd5bc40/jsondoc-branch-master/jsondoc/src/jsondoc_query.erl"
Generating XML for application jsondoc "/home/pete/wefwefwef/docs/other/aae67c825567bbaa0149388401e0ded29bd5bc40/jsondoc-branch-master/jsondoc" -> "/home/pete/wefwefwef/docs/other/aae67c825567bbaa0149388401e0ded29bd5bc40/repo/master/.xml/jsondoc"
Generated jsondoc XMLs: ["/home/pete/wefwefwef/docs/other/aae67c825567bbaa0149388401e0ded29bd5bc40/repo/master/.xml/jsondoc/jsondoc_map.xml",
                         "/home/pete/wefwefwef/docs/other/aae67c825567bbaa0149388401e0ded29bd5bc40/repo/master/.xml/jsondoc/jsondoc_proplist.xml",
                         "/home/pete/wefwefwef/docs/other/aae67c825567bbaa0149388401e0ded29bd5bc40/repo/master/.xml/jsondoc/jsondoc_query.xml",
                         "/home/pete/wefwefwef/docs/other/aae67c825567bbaa0149388401e0ded29bd5bc40/repo/master/.xml/jsondoc/jsondoc.xml",
                         "/home/pete/wefwefwef/docs/other/aae67c825567bbaa0149388401e0ded29bd5bc40/repo/master/.xml/jsondoc/jsondoc_json.xml"]
Generating HTML - jsondoc_map "/home/pete/wefwefwef/docs/other/aae67c825567bbaa0149388401e0ded29bd5bc40/repo/master/.xml/jsondoc/jsondoc_map.xml"
Generating HTML - jsondoc_query "/home/pete/wefwefwef/docs/other/aae67c825567bbaa0149388401e0ded29bd5bc40/repo/master/.xml/jsondoc/jsondoc_query.xml"
Generating HTML - jsondoc_proplist "/home/pete/wefwefwef/docs/other/aae67c825567bbaa0149388401e0ded29bd5bc40/repo/master/.xml/jsondoc/jsondoc_proplist.xml"
Generating HTML - jsondoc_json "/home/pete/wefwefwef/docs/other/aae67c825567bbaa0149388401e0ded29bd5bc40/repo/master/.xml/jsondoc/jsondoc_json.xml"
Reading XML for "/home/pete/wefwefwef/docs/other/aae67c825567bbaa0149388401e0ded29bd5bc40/repo/master/.xml/jsondoc/jsondoc_map.xml"
Reading XML for "/home/pete/wefwefwef/docs/other/aae67c825567bbaa0149388401e0ded29bd5bc40/repo/master/.xml/jsondoc/jsondoc_query.xml"
Reading XML for "/home/pete/wefwefwef/docs/other/aae67c825567bbaa0149388401e0ded29bd5bc40/repo/master/.xml/jsondoc/jsondoc_proplist.xml"
Reading XML for "/home/pete/wefwefwef/docs/other/aae67c825567bbaa0149388401e0ded29bd5bc40/repo/master/.xml/jsondoc/jsondoc_json.xml"
Reading XML for "/home/pete/wefwefwef/docs/other/aae67c825567bbaa0149388401e0ded29bd5bc40/repo/master/.xml/specs_jsondoc_query.xml"
Reading XML for "/home/pete/wefwefwef/docs/other/aae67c825567bbaa0149388401e0ded29bd5bc40/repo/master/.xml/specs_jsondoc_json.xml"
Reading XML for "/home/pete/wefwefwef/docs/other/aae67c825567bbaa0149388401e0ded29bd5bc40/repo/master/.xml/specs_jsondoc_map.xml"
Generating HTML - jsondoc "/home/pete/wefwefwef/docs/other/aae67c825567bbaa0149388401e0ded29bd5bc40/repo/master/.xml/jsondoc/jsondoc.xml"
Reading XML for "/home/pete/wefwefwef/docs/other/aae67c825567bbaa0149388401e0ded29bd5bc40/repo/master/.xml/jsondoc/jsondoc.xml"
Reading XML for "/home/pete/wefwefwef/docs/other/aae67c825567bbaa0149388401e0ded29bd5bc40/repo/master/.xml/specs_jsondoc_proplist.xml"
Reading XML for "/home/pete/wefwefwef/docs/other/aae67c825567bbaa0149388401e0ded29bd5bc40/repo/master/.xml/specs_jsondoc.xml"
Creating index.html ...
Creating erldocs_index.js ...
Woot, finished in 0 Minutes 0 Seconds
 :: Discovering other repos
$ 5000  `rm -r '/home/pete/wefwefwef/docs/other/aae67c825567bbaa0149388401e0ded29bd5bc40/jsondoc-branch-master'  2>&1`
 :: Finishing up
$ 5000  `rm -r '/home/pete/wefwefwef/docs/other/aae67c825567bbaa0149388401e0ded29bd5bc40/jsondoc'  2>&1`
