 :: Extracting meta information
$ 5000  `git ls-remote --heads --tags 'https://github.com/sasa1977/fun_chain'  2>&1`
>>> [repo] 1 branches, 0 tags
 :: Writing meta to "/home/pete/wefwefwef/docs/other/4942406775/meta.txt"
 :: Processing https://github.com/sasa1977/fun_chain	{rev,branch,"master","e6eede57b74e7588f7aadcf21602023a21c18910"}
 :: Fetching repo code
$ cd "/home/pete/wefwefwef/docs/other/4942406775/fun_chain-branch-master/fun_chain"
$ infinity  `curl --fail --silent --show-error --location --output 'master.zip' 'https://github.com/sasa1977/fun_chain/archive/master.zip'  2>&1`
$ cd "/home/pete/wefwefwef/docs/erldocs_other.git"
$ cd "/home/pete/wefwefwef/docs/other/4942406775/fun_chain-branch-master/fun_chain"
$ 5000  `find -P . -type l -delete  2>&1`
$ cd "/home/pete/wefwefwef/docs/erldocs_other.git"
$ cd "/home/pete/wefwefwef/docs/other/4942406775/fun_chain-branch-master/fun_chain"
$ 5000  `find 'fun_chain-master' -mindepth 1 -maxdepth 1 -exec mv -t . -- {} +  2>&1`
$ cd "/home/pete/wefwefwef/docs/erldocs_other.git"
 :: Getting dependencies
$ cd "/home/pete/wefwefwef/docs/other/4942406775/fun_chain-branch-master/fun_chain"
$ 5000  `ls -1 deps/  2>&1`
$ cd "/home/pete/wefwefwef/docs/erldocs_other.git"
>>> [rebar] deps = []
 :: Generating erldocs into /home/pete/wefwefwef/docs/other/4942406775/repo/master
Building fun_chain
Generating Type Specs - "/home/pete/wefwefwef/docs/other/4942406775/fun_chain-branch-master/fun_chain/src/fun_chain.erl"
Generating XML for application fun_chain "/home/pete/wefwefwef/docs/other/4942406775/fun_chain-branch-master/fun_chain" -> "/home/pete/wefwefwef/docs/other/4942406775/repo/master/.xml/fun_chain"
Generated fun_chain XMLs: ["/home/pete/wefwefwef/docs/other/4942406775/repo/master/.xml/fun_chain/fun_chain.xml"]
Generating HTML - fun_chain "/home/pete/wefwefwef/docs/other/4942406775/repo/master/.xml/fun_chain/fun_chain.xml"
Reading XML for "/home/pete/wefwefwef/docs/other/4942406775/repo/master/.xml/fun_chain/fun_chain.xml"
Reading XML for "/home/pete/wefwefwef/docs/other/4942406775/repo/master/.xml/specs_fun_chain.xml"
Creating index.html ...
Creating erldocs_index.js ...
Woot, finished in 0 Minutes 0 Seconds
 :: Discovering other repos
$ 5000  `rm -r '/home/pete/wefwefwef/docs/other/4942406775/fun_chain-branch-master'  2>&1`
 :: Erldocs finishing up
$ 5000  `rm -r '/home/pete/wefwefwef/docs/other/4942406775/fun_chain'  2>&1`
