 :: Extracting meta information
$ 5000  `git ls-remote --heads --tags 'https://github.com/camshaft/ring_buf'  2>&1`
>>> [repo] 1 branches, 0 tags
 :: Writing meta to "/home/pete/wefwefwef/docs/other/4921689766/meta.txt"
 :: Processing https://github.com/camshaft/ring_buf	{rev,branch,"master","fe7c961941e1be42c9340db85ece4748261fa577"}
 :: Fetching repo code
$ cd "/home/pete/wefwefwef/docs/other/4921689766/ring_buf-branch-master/ring_buf"
$ infinity  `curl --fail --silent --show-error --location --output 'master.zip' 'https://github.com/camshaft/ring_buf/archive/master.zip'  2>&1`
$ cd "/home/pete/wefwefwef/docs/erldocs_other.git"
$ cd "/home/pete/wefwefwef/docs/other/4921689766/ring_buf-branch-master/ring_buf"
$ 5000  `find -P . -type l -delete  2>&1`
$ cd "/home/pete/wefwefwef/docs/erldocs_other.git"
$ cd "/home/pete/wefwefwef/docs/other/4921689766/ring_buf-branch-master/ring_buf"
$ 5000  `find 'ring_buf-master' -mindepth 1 -maxdepth 1 -exec mv -t . -- {} +  2>&1`
$ cd "/home/pete/wefwefwef/docs/erldocs_other.git"
 :: Getting dependencies
$ cd "/home/pete/wefwefwef/docs/other/4921689766/ring_buf-branch-master/ring_buf"
$ 5000  `ls -1 deps/  2>&1`
$ cd "/home/pete/wefwefwef/docs/erldocs_other.git"
>>> [rebar] deps = []
 :: Generating erldocs into /home/pete/wefwefwef/docs/other/4921689766/repo/master
Building ring_buf
Generating Type Specs - "/home/pete/wefwefwef/docs/other/4921689766/ring_buf-branch-master/ring_buf/src/ring_buf.erl"
Generating Type Specs - "/home/pete/wefwefwef/docs/other/4921689766/ring_buf-branch-master/ring_buf/src/ring_buf_server.erl"
Generating XML for application ring_buf "/home/pete/wefwefwef/docs/other/4921689766/ring_buf-branch-master/ring_buf" -> "/home/pete/wefwefwef/docs/other/4921689766/repo/master/.xml/ring_buf"
Generated ring_buf XMLs: ["/home/pete/wefwefwef/docs/other/4921689766/repo/master/.xml/ring_buf/ring_buf.xml",
                          "/home/pete/wefwefwef/docs/other/4921689766/repo/master/.xml/ring_buf/ring_buf_server.xml"]
Generating HTML - ring_buf_server "/home/pete/wefwefwef/docs/other/4921689766/repo/master/.xml/ring_buf/ring_buf_server.xml"
Reading XML for "/home/pete/wefwefwef/docs/other/4921689766/repo/master/.xml/ring_buf/ring_buf_server.xml"
Reading XML for "/home/pete/wefwefwef/docs/other/4921689766/repo/master/.xml/specs_ring_buf_server.xml"
Generating HTML - ring_buf "/home/pete/wefwefwef/docs/other/4921689766/repo/master/.xml/ring_buf/ring_buf.xml"
Reading XML for "/home/pete/wefwefwef/docs/other/4921689766/repo/master/.xml/ring_buf/ring_buf.xml"
Reading XML for "/home/pete/wefwefwef/docs/other/4921689766/repo/master/.xml/specs_ring_buf.xml"
Creating index.html ...
Creating erldocs_index.js ...
Woot, finished in 0 Minutes 0 Seconds
 :: Discovering other repos
$ 5000  `rm -r '/home/pete/wefwefwef/docs/other/4921689766/ring_buf-branch-master'  2>&1`
 :: Erldocs finishing up
$ 5000  `rm -r '/home/pete/wefwefwef/docs/other/4921689766/ring_buf'  2>&1`
