 :: Extracting meta information
$ 5000  `git ls-remote --heads --tags 'https://github.com/connorsml/erl_evercam'  2>&1`
>>> [repo] 1 branches, 0 tags
 :: Writing meta to "/home/pete/wefwefwef/docs/other/2258985836/meta.txt"
 :: Processing https://github.com/connorsml/erl_evercam	{rev,branch,"master","a3da726ca415d87e1eeea202971e64b838ac0761",undefined,[],[]}
 :: Fetching repo code
$ cd "/home/pete/wefwefwef/docs/other/2258985836/erl_evercam-branch-master/erl_evercam"
$ infinity  `curl --fail --silent --show-error --location --output 'master.zip' 'https://github.com/connorsml/erl_evercam/archive/master.zip'  2>&1`
$ cd "/home/pete/wefwefwef/docs/erldocs_other.git"
$ cd "/home/pete/wefwefwef/docs/other/2258985836/erl_evercam-branch-master/erl_evercam"
$ 5000  `find -P . -type l -delete  2>&1`
$ cd "/home/pete/wefwefwef/docs/erldocs_other.git"
$ cd "/home/pete/wefwefwef/docs/other/2258985836/erl_evercam-branch-master/erl_evercam"
$ 5000  `find 'erl_evercam-master' -mindepth 1 -maxdepth 1 -exec mv -t . -- {} +  2>&1`
$ cd "/home/pete/wefwefwef/docs/erldocs_other.git"
 :: Getting dependencies
$ cd "/home/pete/wefwefwef/docs/other/2258985836/erl_evercam-branch-master/erl_evercam"
$ 5000  `ls -1 deps/  2>&1`
$ cd "/home/pete/wefwefwef/docs/erldocs_other.git"
>>> [rebar] deps = []
 :: Generating erldocs into /home/pete/wefwefwef/docs/other/2258985836/repo/master
Building erl_evercam
Generating Type Specs - "/home/pete/wefwefwef/docs/other/2258985836/erl_evercam-branch-master/erl_evercam/src/erl_evercam_app.erl"
Generating Type Specs - "/home/pete/wefwefwef/docs/other/2258985836/erl_evercam-branch-master/erl_evercam/src/erl_evercam_sup.erl"
Generating Type Specs - "/home/pete/wefwefwef/docs/other/2258985836/erl_evercam-branch-master/erl_evercam/src/model.erl"
Generating Type Specs - "/home/pete/wefwefwef/docs/other/2258985836/erl_evercam-branch-master/erl_evercam/src/utils.erl"
/home/pete/wefwefwef/docs/other/2258985836/erl_evercam-branch-master/erl_evercam/src/utils.erl: at line 5: can't find include file "evercam.hrl"
EDoc could not process file '/home/pete/wefwefwef/docs/other/2258985836/erl_evercam-branch-master/erl_evercam/src/utils.erl'
Error generating type specs for "/home/pete/wefwefwef/docs/other/2258985836/erl_evercam-branch-master/erl_evercam/src/utils.erl"
Generating XML for application erl_evercam "/home/pete/wefwefwef/docs/other/2258985836/erl_evercam-branch-master/erl_evercam" -> "/home/pete/wefwefwef/docs/other/2258985836/repo/master/.xml/erl_evercam"
/home/pete/wefwefwef/docs/other/2258985836/erl_evercam-branch-master/erl_evercam/src/utils.erl: at line 5: can't find include file "evercam.hrl"
edoc: skipping source file '/home/pete/wefwefwef/docs/other/2258985836/erl_evercam-branch-master/erl_evercam/src/utils.erl': {'EXIT',
                                                                                                                        error}.
edoc: error in doclet 'edoc_doclet': {'EXIT',error}.
Error generating erl_evercam XMLs. Using fallback ...
Generating XML erl_evercam - erl_evercam_app "/home/pete/wefwefwef/docs/other/2258985836/erl_evercam-branch-master/erl_evercam/src/erl_evercam_app.erl" -> "/home/pete/wefwefwef/docs/other/2258985836/repo/master/.xml/erl_evercam/erl_evercam_app.xml"
Generating XML erl_evercam - erl_evercam_sup "/home/pete/wefwefwef/docs/other/2258985836/erl_evercam-branch-master/erl_evercam/src/erl_evercam_sup.erl" -> "/home/pete/wefwefwef/docs/other/2258985836/repo/master/.xml/erl_evercam/erl_evercam_sup.xml"
Generating XML erl_evercam - model "/home/pete/wefwefwef/docs/other/2258985836/erl_evercam-branch-master/erl_evercam/src/model.erl" -> "/home/pete/wefwefwef/docs/other/2258985836/repo/master/.xml/erl_evercam/model.xml"
Generating XML erl_evercam - utils "/home/pete/wefwefwef/docs/other/2258985836/erl_evercam-branch-master/erl_evercam/src/utils.erl" -> "/home/pete/wefwefwef/docs/other/2258985836/repo/master/.xml/erl_evercam/utils.xml"
/home/pete/wefwefwef/docs/other/2258985836/erl_evercam-branch-master/erl_evercam/src/utils.erl: at line 5: can't find include file "evercam.hrl"
Error generating XML ("/home/pete/wefwefwef/docs/other/2258985836/erl_evercam-branch-master/erl_evercam/src/utils.erl"): {'EXIT',
                                                                                                                          error}
Generating HTML - erl_evercam_app "/home/pete/wefwefwef/docs/other/2258985836/repo/master/.xml/erl_evercam/erl_evercam_app.xml"
Reading XML for "/home/pete/wefwefwef/docs/other/2258985836/repo/master/.xml/erl_evercam/erl_evercam_app.xml"
Reading XML for "/home/pete/wefwefwef/docs/other/2258985836/repo/master/.xml/specs_erl_evercam_app.xml"
Generating HTML - erl_evercam_sup "/home/pete/wefwefwef/docs/other/2258985836/repo/master/.xml/erl_evercam/erl_evercam_sup.xml"
Reading XML for "/home/pete/wefwefwef/docs/other/2258985836/repo/master/.xml/erl_evercam/erl_evercam_sup.xml"
Reading XML for "/home/pete/wefwefwef/docs/other/2258985836/repo/master/.xml/specs_erl_evercam_sup.xml"
Generating HTML - model "/home/pete/wefwefwef/docs/other/2258985836/repo/master/.xml/erl_evercam/model.xml"
Reading XML for "/home/pete/wefwefwef/docs/other/2258985836/repo/master/.xml/erl_evercam/model.xml"
Reading XML for "/home/pete/wefwefwef/docs/other/2258985836/repo/master/.xml/specs_model.xml"
Creating index.html ...
Creating erldocs_index.js ...
Woot, finished in 0 Minutes 0 Seconds
 :: Discovering other repos
$ 5000  `rm -r '/home/pete/wefwefwef/docs/other/2258985836/erl_evercam-branch-master'  2>&1`
 :: Finishing up
$ 5000  `rm -r '/home/pete/wefwefwef/docs/other/2258985836/erl_evercam'  2>&1`
