 :: Extracting meta information
$ 5000  `git ls-remote --heads --tags 'https://github.com/etrepum/kvc'  2>&1`
>>> [repo] 2 branches, 10 tags
 :: Writing meta to "/home/pete/wefwefwef/docs/other/3170997713/meta.txt"
 :: Processing https://github.com/etrepum/kvc	{rev,tag,"1.0.0","d627c36cfd1bdbbd5580c5783434db9c2559459d"}
 :: Fetching repo code
$ cd "/home/pete/wefwefwef/docs/other/3170997713/kvc-tag-1.0.0/kvc"
$ infinity  `curl --fail --silent --show-error --location --output '1.0.0.zip' 'https://github.com/etrepum/kvc/archive/1.0.0.zip'  2>&1`
$ cd "/home/pete/wefwefwef/docs/erldocs_other.git"
$ cd "/home/pete/wefwefwef/docs/other/3170997713/kvc-tag-1.0.0/kvc"
$ 5000  `find -P . -type l -delete  2>&1`
$ cd "/home/pete/wefwefwef/docs/erldocs_other.git"
$ cd "/home/pete/wefwefwef/docs/other/3170997713/kvc-tag-1.0.0/kvc"
$ 5000  `find 'kvc-1.0.0' -mindepth 1 -maxdepth 1 -exec mv -t . -- {} +  2>&1`
$ cd "/home/pete/wefwefwef/docs/erldocs_other.git"
 :: Getting dependencies
$ cd "/home/pete/wefwefwef/docs/other/3170997713/kvc-tag-1.0.0/kvc"
$ 5000  `ls -1 deps/  2>&1`
$ cd "/home/pete/wefwefwef/docs/erldocs_other.git"
>>> [rebar] deps = []
 :: Generating erldocs into /home/pete/wefwefwef/docs/other/3170997713/repo/1.0.0
Building kvc
Generating Type Specs - "/home/pete/wefwefwef/docs/other/3170997713/kvc-tag-1.0.0/kvc/src/kvc.erl"
EDoc could not process file '/home/pete/wefwefwef/docs/other/3170997713/kvc-tag-1.0.0/kvc/src/kvc.erl'
Error generating type specs for "/home/pete/wefwefwef/docs/other/3170997713/kvc-tag-1.0.0/kvc/src/kvc.erl"
Generating XML for application kvc "/home/pete/wefwefwef/docs/other/3170997713/kvc-tag-1.0.0/kvc" -> "/home/pete/wefwefwef/docs/other/3170997713/repo/1.0.0/.xml/kvc"
/home/pete/wefwefwef/docs/other/3170997713/kvc-tag-1.0.0/kvc/src/kvc.erl, in module header: at line 4: error in XML parser: {system_limit,[{ets,new,[rules,[set|...]],[]},
                                    {xmerl_scan,initial_state,2,[{...}|...]},
                                    {xmerl_scan,int_string,4,[...]},
                                    {xmerl_scan,string,2,...},
                                    {edoc_wiki,parse_xml_1,...},
                                    {edoc_wiki,...},
                                    {...}|...]}.
edoc: skipping source file '/home/pete/wefwefwef/docs/other/3170997713/kvc-tag-1.0.0/kvc/src/kvc.erl': {'EXIT',
                                                                                                  error}.
edoc: error in doclet 'edoc_doclet': {'EXIT',error}.
Error generating kvc XMLs. Using fallback ...
Generating XML kvc - kvc "/home/pete/wefwefwef/docs/other/3170997713/kvc-tag-1.0.0/kvc/src/kvc.erl" -> "/home/pete/wefwefwef/docs/other/3170997713/repo/1.0.0/.xml/kvc/kvc.xml"
/home/pete/wefwefwef/docs/other/3170997713/kvc-tag-1.0.0/kvc/src/kvc.erl, in module header: at line 4: error in XML parser: {system_limit,[{ets,new,[rules,[set|...]],[]},
                                    {xmerl_scan,initial_state,2,[{...}|...]},
                                    {xmerl_scan,int_string,4,[...]},
                                    {xmerl_scan,string,2,...},
                                    {edoc_wiki,parse_xml_1,...},
                                    {edoc_wiki,...},
                                    {...}|...]}.
Error generating XML ("/home/pete/wefwefwef/docs/other/3170997713/kvc-tag-1.0.0/kvc/src/kvc.erl"): {'EXIT',
                                                                                                    error}
No documentation was generated!
Woot, finished in 0 Minutes 0 Seconds
 :: Discovering other repos
$ 5000  `rm -r '/home/pete/wefwefwef/docs/other/3170997713/kvc-tag-1.0.0'  2>&1`
 :: Processing https://github.com/etrepum/kvc	{rev,tag,"v1.0.0","d627c36cfd1bdbbd5580c5783434db9c2559459d"}
 :: Fetching repo code
$ cd "/home/pete/wefwefwef/docs/other/3170997713/kvc-tag-v1.0.0/kvc"
$ infinity  `curl --fail --silent --show-error --location --output 'v1.0.0.zip' 'https://github.com/etrepum/kvc/archive/v1.0.0.zip'  2>&1`
$ cd "/home/pete/wefwefwef/docs/erldocs_other.git"
$ cd "/home/pete/wefwefwef/docs/other/3170997713/kvc-tag-v1.0.0/kvc"
$ 5000  `find -P . -type l -delete  2>&1`
$ cd "/home/pete/wefwefwef/docs/erldocs_other.git"
$ cd "/home/pete/wefwefwef/docs/other/3170997713/kvc-tag-v1.0.0/kvc"
$ 5000  `find 'kvc-1.0.0' -mindepth 1 -maxdepth 1 -exec mv -t . -- {} +  2>&1`
$ cd "/home/pete/wefwefwef/docs/erldocs_other.git"
 :: Getting dependencies
$ cd "/home/pete/wefwefwef/docs/other/3170997713/kvc-tag-v1.0.0/kvc"
$ 5000  `ls -1 deps/  2>&1`
$ cd "/home/pete/wefwefwef/docs/erldocs_other.git"
>>> [rebar] deps = []
 :: Generating erldocs into /home/pete/wefwefwef/docs/other/3170997713/repo/v1.0.0
Building kvc
Generating Type Specs - "/home/pete/wefwefwef/docs/other/3170997713/kvc-tag-v1.0.0/kvc/src/kvc.erl"
EDoc could not process file '/home/pete/wefwefwef/docs/other/3170997713/kvc-tag-v1.0.0/kvc/src/kvc.erl'
Error generating type specs for "/home/pete/wefwefwef/docs/other/3170997713/kvc-tag-v1.0.0/kvc/src/kvc.erl"
Generating XML for application kvc "/home/pete/wefwefwef/docs/other/3170997713/kvc-tag-v1.0.0/kvc" -> "/home/pete/wefwefwef/docs/other/3170997713/repo/v1.0.0/.xml/kvc"
/home/pete/wefwefwef/docs/other/3170997713/kvc-tag-v1.0.0/kvc/src/kvc.erl, in module header: at line 4: error in XML parser: {system_limit,[{ets,new,[rules,[set|...]],[]},
                                    {xmerl_scan,initial_state,2,[{...}|...]},
                                    {xmerl_scan,int_string,4,[...]},
                                    {xmerl_scan,string,2,...},
                                    {edoc_wiki,parse_xml_1,...},
                                    {edoc_wiki,...},
                                    {...}|...]}.
edoc: skipping source file '/home/pete/wefwefwef/docs/other/3170997713/kvc-tag-v1.0.0/kvc/src/kvc.erl': {'EXIT',
                                                                                                   error}.
edoc: error in doclet 'edoc_doclet': {'EXIT',error}.
Error generating kvc XMLs. Using fallback ...
Generating XML kvc - kvc "/home/pete/wefwefwef/docs/other/3170997713/kvc-tag-v1.0.0/kvc/src/kvc.erl" -> "/home/pete/wefwefwef/docs/other/3170997713/repo/v1.0.0/.xml/kvc/kvc.xml"
/home/pete/wefwefwef/docs/other/3170997713/kvc-tag-v1.0.0/kvc/src/kvc.erl, in module header: at line 4: error in XML parser: {system_limit,[{ets,new,[rules,[set|...]],[]},
                                    {xmerl_scan,initial_state,2,[{...}|...]},
                                    {xmerl_scan,int_string,4,[...]},
                                    {xmerl_scan,string,2,...},
                                    {edoc_wiki,parse_xml_1,...},
                                    {edoc_wiki,...},
                                    {...}|...]}.
Error generating XML ("/home/pete/wefwefwef/docs/other/3170997713/kvc-tag-v1.0.0/kvc/src/kvc.erl"): {'EXIT',
                                                                                                     error}
No documentation was generated!
Woot, finished in 0 Minutes 0 Seconds
 :: Discovering other repos
$ 5000  `rm -r '/home/pete/wefwefwef/docs/other/3170997713/kvc-tag-v1.0.0'  2>&1`
 :: Processing https://github.com/etrepum/kvc	{rev,tag,"v1.1.0","5e09821546a972de0dafc5d7a5fe20e26c62712a"}
 :: Fetching repo code
$ cd "/home/pete/wefwefwef/docs/other/3170997713/kvc-tag-v1.1.0/kvc"
$ infinity  `curl --fail --silent --show-error --location --output 'v1.1.0.zip' 'https://github.com/etrepum/kvc/archive/v1.1.0.zip'  2>&1`
$ cd "/home/pete/wefwefwef/docs/erldocs_other.git"
$ cd "/home/pete/wefwefwef/docs/other/3170997713/kvc-tag-v1.1.0/kvc"
$ 5000  `find -P . -type l -delete  2>&1`
$ cd "/home/pete/wefwefwef/docs/erldocs_other.git"
$ cd "/home/pete/wefwefwef/docs/other/3170997713/kvc-tag-v1.1.0/kvc"
$ 5000  `find 'kvc-1.1.0' -mindepth 1 -maxdepth 1 -exec mv -t . -- {} +  2>&1`
$ cd "/home/pete/wefwefwef/docs/erldocs_other.git"
 :: Getting dependencies
$ cd "/home/pete/wefwefwef/docs/other/3170997713/kvc-tag-v1.1.0/kvc"
$ infinity  `rebar --config '/home/pete/wefwefwef/docs/other/3170997713/kvc-tag-v1.1.0/rebar_deps' get-deps  2>&1`
$ cd "/home/pete/wefwefwef/docs/erldocs_other.git"
$ cd "/home/pete/wefwefwef/docs/other/3170997713/kvc-tag-v1.1.0/kvc"
$ 5000  `find -P . -type l -delete  2>&1`
$ cd "/home/pete/wefwefwef/docs/erldocs_other.git"
$ cd "/home/pete/wefwefwef/docs/other/3170997713/kvc-tag-v1.1.0/kvc"
$ 5000  `ls -1 deps/  2>&1`
$ cd "/home/pete/wefwefwef/docs/erldocs_other.git"
>>> [rebar] deps = ["proper"]
 :: Generating erldocs into /home/pete/wefwefwef/docs/other/3170997713/repo/v1.1.0
Building kvc
Generating Type Specs - "/home/pete/wefwefwef/docs/other/3170997713/kvc-tag-v1.1.0/kvc/src/kvc.erl"
EDoc could not process file '/home/pete/wefwefwef/docs/other/3170997713/kvc-tag-v1.1.0/kvc/src/kvc.erl'
Error generating type specs for "/home/pete/wefwefwef/docs/other/3170997713/kvc-tag-v1.1.0/kvc/src/kvc.erl"
Generating XML for application kvc "/home/pete/wefwefwef/docs/other/3170997713/kvc-tag-v1.1.0/kvc" -> "/home/pete/wefwefwef/docs/other/3170997713/repo/v1.1.0/.xml/kvc"
/home/pete/wefwefwef/docs/other/3170997713/kvc-tag-v1.1.0/kvc/src/kvc.erl, in module header: at line 4: error in XML parser: {system_limit,[{ets,new,[rules,[set|...]],[]},
                                    {xmerl_scan,initial_state,2,[{...}|...]},
                                    {xmerl_scan,int_string,4,[...]},
                                    {xmerl_scan,string,2,...},
                                    {edoc_wiki,parse_xml_1,...},
                                    {edoc_wiki,...},
                                    {...}|...]}.
edoc: skipping source file '/home/pete/wefwefwef/docs/other/3170997713/kvc-tag-v1.1.0/kvc/src/kvc.erl': {'EXIT',
                                                                                                   error}.
edoc: error in doclet 'edoc_doclet': {'EXIT',error}.
Error generating kvc XMLs. Using fallback ...
Generating XML kvc - kvc "/home/pete/wefwefwef/docs/other/3170997713/kvc-tag-v1.1.0/kvc/src/kvc.erl" -> "/home/pete/wefwefwef/docs/other/3170997713/repo/v1.1.0/.xml/kvc/kvc.xml"
/home/pete/wefwefwef/docs/other/3170997713/kvc-tag-v1.1.0/kvc/src/kvc.erl, in module header: at line 4: error in XML parser: {system_limit,[{ets,new,[rules,[set|...]],[]},
                                    {xmerl_scan,initial_state,2,[{...}|...]},
                                    {xmerl_scan,int_string,4,[...]},
                                    {xmerl_scan,string,2,...},
                                    {edoc_wiki,parse_xml_1,...},
                                    {edoc_wiki,...},
                                    {...}|...]}.
Error generating XML ("/home/pete/wefwefwef/docs/other/3170997713/kvc-tag-v1.1.0/kvc/src/kvc.erl"): {'EXIT',
                                                                                                     error}
No documentation was generated!
Woot, finished in 0 Minutes 0 Seconds
 :: Discovering other repos
$ 5000  `rm -r '/home/pete/wefwefwef/docs/other/3170997713/kvc-tag-v1.1.0'  2>&1`
 :: Processing https://github.com/etrepum/kvc	{rev,tag,"v1.1.1","e593086d123f8fbb039c2d3b1ad9402b25dd6505"}
 :: Fetching repo code
$ cd "/home/pete/wefwefwef/docs/other/3170997713/kvc-tag-v1.1.1/kvc"
$ infinity  `curl --fail --silent --show-error --location --output 'v1.1.1.zip' 'https://github.com/etrepum/kvc/archive/v1.1.1.zip'  2>&1`
$ cd "/home/pete/wefwefwef/docs/erldocs_other.git"
$ cd "/home/pete/wefwefwef/docs/other/3170997713/kvc-tag-v1.1.1/kvc"
$ 5000  `find -P . -type l -delete  2>&1`
$ cd "/home/pete/wefwefwef/docs/erldocs_other.git"
$ cd "/home/pete/wefwefwef/docs/other/3170997713/kvc-tag-v1.1.1/kvc"
$ 5000  `find 'kvc-1.1.1' -mindepth 1 -maxdepth 1 -exec mv -t . -- {} +  2>&1`
$ cd "/home/pete/wefwefwef/docs/erldocs_other.git"
 :: Getting dependencies
$ cd "/home/pete/wefwefwef/docs/other/3170997713/kvc-tag-v1.1.1/kvc"
$ infinity  `rebar --config '/home/pete/wefwefwef/docs/other/3170997713/kvc-tag-v1.1.1/rebar_deps' get-deps  2>&1`
$ cd "/home/pete/wefwefwef/docs/erldocs_other.git"
$ cd "/home/pete/wefwefwef/docs/other/3170997713/kvc-tag-v1.1.1/kvc"
$ 5000  `find -P . -type l -delete  2>&1`
$ cd "/home/pete/wefwefwef/docs/erldocs_other.git"
$ cd "/home/pete/wefwefwef/docs/other/3170997713/kvc-tag-v1.1.1/kvc"
$ 5000  `ls -1 deps/  2>&1`
$ cd "/home/pete/wefwefwef/docs/erldocs_other.git"
>>> [rebar] deps = ["proper"]
 :: Generating erldocs into /home/pete/wefwefwef/docs/other/3170997713/repo/v1.1.1
Building kvc
Generating Type Specs - "/home/pete/wefwefwef/docs/other/3170997713/kvc-tag-v1.1.1/kvc/src/kvc.erl"
EDoc could not process file '/home/pete/wefwefwef/docs/other/3170997713/kvc-tag-v1.1.1/kvc/src/kvc.erl'
Error generating type specs for "/home/pete/wefwefwef/docs/other/3170997713/kvc-tag-v1.1.1/kvc/src/kvc.erl"
Generating XML for application kvc "/home/pete/wefwefwef/docs/other/3170997713/kvc-tag-v1.1.1/kvc" -> "/home/pete/wefwefwef/docs/other/3170997713/repo/v1.1.1/.xml/kvc"
/home/pete/wefwefwef/docs/other/3170997713/kvc-tag-v1.1.1/kvc/src/kvc.erl, in module header: at line 4: error in XML parser: {system_limit,[{ets,new,[rules,[set|...]],[]},
                                    {xmerl_scan,initial_state,2,[{...}|...]},
                                    {xmerl_scan,int_string,4,[...]},
                                    {xmerl_scan,string,2,...},
                                    {edoc_wiki,parse_xml_1,...},
                                    {edoc_wiki,...},
                                    {...}|...]}.
edoc: skipping source file '/home/pete/wefwefwef/docs/other/3170997713/kvc-tag-v1.1.1/kvc/src/kvc.erl': {'EXIT',
                                                                                                   error}.
edoc: error in doclet 'edoc_doclet': {'EXIT',error}.
Error generating kvc XMLs. Using fallback ...
Generating XML kvc - kvc "/home/pete/wefwefwef/docs/other/3170997713/kvc-tag-v1.1.1/kvc/src/kvc.erl" -> "/home/pete/wefwefwef/docs/other/3170997713/repo/v1.1.1/.xml/kvc/kvc.xml"
/home/pete/wefwefwef/docs/other/3170997713/kvc-tag-v1.1.1/kvc/src/kvc.erl, in module header: at line 4: error in XML parser: {system_limit,[{ets,new,[rules,[set|...]],[]},
                                    {xmerl_scan,initial_state,2,[{...}|...]},
                                    {xmerl_scan,int_string,4,[...]},
                                    {xmerl_scan,string,2,...},
                                    {edoc_wiki,parse_xml_1,...},
                                    {edoc_wiki,...},
                                    {...}|...]}.
Error generating XML ("/home/pete/wefwefwef/docs/other/3170997713/kvc-tag-v1.1.1/kvc/src/kvc.erl"): {'EXIT',
                                                                                                     error}
No documentation was generated!
Woot, finished in 0 Minutes 0 Seconds
 :: Discovering other repos
$ 5000  `rm -r '/home/pete/wefwefwef/docs/other/3170997713/kvc-tag-v1.1.1'  2>&1`
 :: Processing https://github.com/etrepum/kvc	{rev,tag,"v1.2","f4a7ba31e038b80160b835dffa126420e70b39f8"}
 :: Fetching repo code
$ cd "/home/pete/wefwefwef/docs/other/3170997713/kvc-tag-v1.2/kvc"
$ infinity  `curl --fail --silent --show-error --location --output 'v1.2.zip' 'https://github.com/etrepum/kvc/archive/v1.2.zip'  2>&1`
$ cd "/home/pete/wefwefwef/docs/erldocs_other.git"
$ cd "/home/pete/wefwefwef/docs/other/3170997713/kvc-tag-v1.2/kvc"
$ 5000  `find -P . -type l -delete  2>&1`
$ cd "/home/pete/wefwefwef/docs/erldocs_other.git"
$ cd "/home/pete/wefwefwef/docs/other/3170997713/kvc-tag-v1.2/kvc"
$ 5000  `find 'kvc-1.2' -mindepth 1 -maxdepth 1 -exec mv -t . -- {} +  2>&1`
$ cd "/home/pete/wefwefwef/docs/erldocs_other.git"
 :: Getting dependencies
$ cd "/home/pete/wefwefwef/docs/other/3170997713/kvc-tag-v1.2/kvc"
$ infinity  `rebar --config '/home/pete/wefwefwef/docs/other/3170997713/kvc-tag-v1.2/rebar_deps' get-deps  2>&1`
$ cd "/home/pete/wefwefwef/docs/erldocs_other.git"
$ cd "/home/pete/wefwefwef/docs/other/3170997713/kvc-tag-v1.2/kvc"
$ 5000  `find -P . -type l -delete  2>&1`
$ cd "/home/pete/wefwefwef/docs/erldocs_other.git"
$ cd "/home/pete/wefwefwef/docs/other/3170997713/kvc-tag-v1.2/kvc"
$ 5000  `ls -1 deps/  2>&1`
$ cd "/home/pete/wefwefwef/docs/erldocs_other.git"
>>> [rebar] deps = ["proper"]
 :: Generating erldocs into /home/pete/wefwefwef/docs/other/3170997713/repo/v1.2
Building kvc
Generating Type Specs - "/home/pete/wefwefwef/docs/other/3170997713/kvc-tag-v1.2/kvc/src/kvc.erl"
EDoc could not process file '/home/pete/wefwefwef/docs/other/3170997713/kvc-tag-v1.2/kvc/src/kvc.erl'
Error generating type specs for "/home/pete/wefwefwef/docs/other/3170997713/kvc-tag-v1.2/kvc/src/kvc.erl"
Generating XML for application kvc "/home/pete/wefwefwef/docs/other/3170997713/kvc-tag-v1.2/kvc" -> "/home/pete/wefwefwef/docs/other/3170997713/repo/v1.2/.xml/kvc"
/home/pete/wefwefwef/docs/other/3170997713/kvc-tag-v1.2/kvc/src/kvc.erl, in module header: at line 4: error in XML parser: {system_limit,[{ets,new,[rules,[set|...]],[]},
                                    {xmerl_scan,initial_state,2,[{...}|...]},
                                    {xmerl_scan,int_string,4,[...]},
                                    {xmerl_scan,string,2,...},
                                    {edoc_wiki,parse_xml_1,...},
                                    {edoc_wiki,...},
                                    {...}|...]}.
edoc: skipping source file '/home/pete/wefwefwef/docs/other/3170997713/kvc-tag-v1.2/kvc/src/kvc.erl': {'EXIT',
                                                                                                 error}.
edoc: error in doclet 'edoc_doclet': {'EXIT',error}.
Error generating kvc XMLs. Using fallback ...
Generating XML kvc - kvc "/home/pete/wefwefwef/docs/other/3170997713/kvc-tag-v1.2/kvc/src/kvc.erl" -> "/home/pete/wefwefwef/docs/other/3170997713/repo/v1.2/.xml/kvc/kvc.xml"
/home/pete/wefwefwef/docs/other/3170997713/kvc-tag-v1.2/kvc/src/kvc.erl, in module header: at line 4: error in XML parser: {system_limit,[{ets,new,[rules,[set|...]],[]},
                                    {xmerl_scan,initial_state,2,[{...}|...]},
                                    {xmerl_scan,int_string,4,[...]},
                                    {xmerl_scan,string,2,...},
                                    {edoc_wiki,parse_xml_1,...},
                                    {edoc_wiki,...},
                                    {...}|...]}.
Error generating XML ("/home/pete/wefwefwef/docs/other/3170997713/kvc-tag-v1.2/kvc/src/kvc.erl"): {'EXIT',
                                                                                                   error}
No documentation was generated!
Woot, finished in 0 Minutes 0 Seconds
 :: Discovering other repos
$ 5000  `rm -r '/home/pete/wefwefwef/docs/other/3170997713/kvc-tag-v1.2'  2>&1`
 :: Processing https://github.com/etrepum/kvc	{rev,tag,"v1.2.1","4daf9933418942e69cf088c96f94b6826069e1ef"}
 :: Fetching repo code
$ cd "/home/pete/wefwefwef/docs/other/3170997713/kvc-tag-v1.2.1/kvc"
$ infinity  `curl --fail --silent --show-error --location --output 'v1.2.1.zip' 'https://github.com/etrepum/kvc/archive/v1.2.1.zip'  2>&1`
$ cd "/home/pete/wefwefwef/docs/erldocs_other.git"
$ cd "/home/pete/wefwefwef/docs/other/3170997713/kvc-tag-v1.2.1/kvc"
$ 5000  `find -P . -type l -delete  2>&1`
$ cd "/home/pete/wefwefwef/docs/erldocs_other.git"
$ cd "/home/pete/wefwefwef/docs/other/3170997713/kvc-tag-v1.2.1/kvc"
$ 5000  `find 'kvc-1.2.1' -mindepth 1 -maxdepth 1 -exec mv -t . -- {} +  2>&1`
$ cd "/home/pete/wefwefwef/docs/erldocs_other.git"
 :: Getting dependencies
$ cd "/home/pete/wefwefwef/docs/other/3170997713/kvc-tag-v1.2.1/kvc"
$ infinity  `rebar --config '/home/pete/wefwefwef/docs/other/3170997713/kvc-tag-v1.2.1/rebar_deps' get-deps  2>&1`
$ cd "/home/pete/wefwefwef/docs/erldocs_other.git"
$ cd "/home/pete/wefwefwef/docs/other/3170997713/kvc-tag-v1.2.1/kvc"
$ 5000  `find -P . -type l -delete  2>&1`
$ cd "/home/pete/wefwefwef/docs/erldocs_other.git"
$ cd "/home/pete/wefwefwef/docs/other/3170997713/kvc-tag-v1.2.1/kvc"
$ 5000  `ls -1 deps/  2>&1`
$ cd "/home/pete/wefwefwef/docs/erldocs_other.git"
>>> [rebar] deps = ["proper"]
 :: Generating erldocs into /home/pete/wefwefwef/docs/other/3170997713/repo/v1.2.1
Building kvc
Generating Type Specs - "/home/pete/wefwefwef/docs/other/3170997713/kvc-tag-v1.2.1/kvc/src/kvc.erl"
EDoc could not process file '/home/pete/wefwefwef/docs/other/3170997713/kvc-tag-v1.2.1/kvc/src/kvc.erl'
Error generating type specs for "/home/pete/wefwefwef/docs/other/3170997713/kvc-tag-v1.2.1/kvc/src/kvc.erl"
Generating XML for application kvc "/home/pete/wefwefwef/docs/other/3170997713/kvc-tag-v1.2.1/kvc" -> "/home/pete/wefwefwef/docs/other/3170997713/repo/v1.2.1/.xml/kvc"
/home/pete/wefwefwef/docs/other/3170997713/kvc-tag-v1.2.1/kvc/src/kvc.erl, in module header: at line 4: error in XML parser: {system_limit,[{ets,new,[rules,[set|...]],[]},
                                    {xmerl_scan,initial_state,2,[{...}|...]},
                                    {xmerl_scan,int_string,4,[...]},
                                    {xmerl_scan,string,2,...},
                                    {edoc_wiki,parse_xml_1,...},
                                    {edoc_wiki,...},
                                    {...}|...]}.
edoc: skipping source file '/home/pete/wefwefwef/docs/other/3170997713/kvc-tag-v1.2.1/kvc/src/kvc.erl': {'EXIT',
                                                                                                   error}.
edoc: error in doclet 'edoc_doclet': {'EXIT',error}.
Error generating kvc XMLs. Using fallback ...
Generating XML kvc - kvc "/home/pete/wefwefwef/docs/other/3170997713/kvc-tag-v1.2.1/kvc/src/kvc.erl" -> "/home/pete/wefwefwef/docs/other/3170997713/repo/v1.2.1/.xml/kvc/kvc.xml"
/home/pete/wefwefwef/docs/other/3170997713/kvc-tag-v1.2.1/kvc/src/kvc.erl, in module header: at line 4: error in XML parser: {system_limit,[{ets,new,[rules,[set|...]],[]},
                                    {xmerl_scan,initial_state,2,[{...}|...]},
                                    {xmerl_scan,int_string,4,[...]},
                                    {xmerl_scan,string,2,...},
                                    {edoc_wiki,parse_xml_1,...},
                                    {edoc_wiki,...},
                                    {...}|...]}.
Error generating XML ("/home/pete/wefwefwef/docs/other/3170997713/kvc-tag-v1.2.1/kvc/src/kvc.erl"): {'EXIT',
                                                                                                     error}
No documentation was generated!
Woot, finished in 0 Minutes 0 Seconds
 :: Discovering other repos
$ 5000  `rm -r '/home/pete/wefwefwef/docs/other/3170997713/kvc-tag-v1.2.1'  2>&1`
 :: Processing https://github.com/etrepum/kvc	{rev,tag,"v1.3.0","75c4e76468cb2bd03067a9c349989ee914a1b581"}
 :: Fetching repo code
$ cd "/home/pete/wefwefwef/docs/other/3170997713/kvc-tag-v1.3.0/kvc"
$ infinity  `curl --fail --silent --show-error --location --output 'v1.3.0.zip' 'https://github.com/etrepum/kvc/archive/v1.3.0.zip'  2>&1`
$ cd "/home/pete/wefwefwef/docs/erldocs_other.git"
$ cd "/home/pete/wefwefwef/docs/other/3170997713/kvc-tag-v1.3.0/kvc"
$ 5000  `find -P . -type l -delete  2>&1`
$ cd "/home/pete/wefwefwef/docs/erldocs_other.git"
$ cd "/home/pete/wefwefwef/docs/other/3170997713/kvc-tag-v1.3.0/kvc"
$ 5000  `find 'kvc-1.3.0' -mindepth 1 -maxdepth 1 -exec mv -t . -- {} +  2>&1`
$ cd "/home/pete/wefwefwef/docs/erldocs_other.git"
 :: Getting dependencies
$ cd "/home/pete/wefwefwef/docs/other/3170997713/kvc-tag-v1.3.0/kvc"
$ 5000  `ls -1 deps/  2>&1`
$ cd "/home/pete/wefwefwef/docs/erldocs_other.git"
>>> [rebar] deps = []
 :: Generating erldocs into /home/pete/wefwefwef/docs/other/3170997713/repo/v1.3.0
Building kvc
Generating Type Specs - "/home/pete/wefwefwef/docs/other/3170997713/kvc-tag-v1.3.0/kvc/src/kvc.erl"
EDoc could not process file '/home/pete/wefwefwef/docs/other/3170997713/kvc-tag-v1.3.0/kvc/src/kvc.erl'
Error generating type specs for "/home/pete/wefwefwef/docs/other/3170997713/kvc-tag-v1.3.0/kvc/src/kvc.erl"
Generating XML for application kvc "/home/pete/wefwefwef/docs/other/3170997713/kvc-tag-v1.3.0/kvc" -> "/home/pete/wefwefwef/docs/other/3170997713/repo/v1.3.0/.xml/kvc"
/home/pete/wefwefwef/docs/other/3170997713/kvc-tag-v1.3.0/kvc/src/kvc.erl, in module header: at line 4: error in XML parser: {system_limit,[{ets,new,[rules,[set|...]],[]},
                                    {xmerl_scan,initial_state,2,[{...}|...]},
                                    {xmerl_scan,int_string,4,[...]},
                                    {xmerl_scan,string,2,...},
                                    {edoc_wiki,parse_xml_1,...},
                                    {edoc_wiki,...},
                                    {...}|...]}.
edoc: skipping source file '/home/pete/wefwefwef/docs/other/3170997713/kvc-tag-v1.3.0/kvc/src/kvc.erl': {'EXIT',
                                                                                                   error}.
edoc: error in doclet 'edoc_doclet': {'EXIT',error}.
Error generating kvc XMLs. Using fallback ...
Generating XML kvc - kvc "/home/pete/wefwefwef/docs/other/3170997713/kvc-tag-v1.3.0/kvc/src/kvc.erl" -> "/home/pete/wefwefwef/docs/other/3170997713/repo/v1.3.0/.xml/kvc/kvc.xml"
/home/pete/wefwefwef/docs/other/3170997713/kvc-tag-v1.3.0/kvc/src/kvc.erl, in module header: at line 4: error in XML parser: {system_limit,[{ets,new,[rules,[set|...]],[]},
                                    {xmerl_scan,initial_state,2,[{...}|...]},
                                    {xmerl_scan,int_string,4,[...]},
                                    {xmerl_scan,string,2,...},
                                    {edoc_wiki,parse_xml_1,...},
                                    {edoc_wiki,...},
                                    {...}|...]}.
Error generating XML ("/home/pete/wefwefwef/docs/other/3170997713/kvc-tag-v1.3.0/kvc/src/kvc.erl"): {'EXIT',
                                                                                                     error}
No documentation was generated!
Woot, finished in 0 Minutes 0 Seconds
 :: Discovering other repos
$ 5000  `rm -r '/home/pete/wefwefwef/docs/other/3170997713/kvc-tag-v1.3.0'  2>&1`
 :: Processing https://github.com/etrepum/kvc	{rev,tag,"v1.3.1","7a0bbf8df258e14d52d69789c5d86427f7811df0"}
 :: Fetching repo code
$ cd "/home/pete/wefwefwef/docs/other/3170997713/kvc-tag-v1.3.1/kvc"
$ infinity  `curl --fail --silent --show-error --location --output 'v1.3.1.zip' 'https://github.com/etrepum/kvc/archive/v1.3.1.zip'  2>&1`
$ cd "/home/pete/wefwefwef/docs/erldocs_other.git"
$ cd "/home/pete/wefwefwef/docs/other/3170997713/kvc-tag-v1.3.1/kvc"
$ 5000  `find -P . -type l -delete  2>&1`
$ cd "/home/pete/wefwefwef/docs/erldocs_other.git"
$ cd "/home/pete/wefwefwef/docs/other/3170997713/kvc-tag-v1.3.1/kvc"
$ 5000  `find 'kvc-1.3.1' -mindepth 1 -maxdepth 1 -exec mv -t . -- {} +  2>&1`
$ cd "/home/pete/wefwefwef/docs/erldocs_other.git"
 :: Getting dependencies
$ cd "/home/pete/wefwefwef/docs/other/3170997713/kvc-tag-v1.3.1/kvc"
$ 5000  `ls -1 deps/  2>&1`
$ cd "/home/pete/wefwefwef/docs/erldocs_other.git"
>>> [rebar] deps = []
 :: Generating erldocs into /home/pete/wefwefwef/docs/other/3170997713/repo/v1.3.1
Building kvc
Generating Type Specs - "/home/pete/wefwefwef/docs/other/3170997713/kvc-tag-v1.3.1/kvc/src/kvc.erl"
EDoc could not process file '/home/pete/wefwefwef/docs/other/3170997713/kvc-tag-v1.3.1/kvc/src/kvc.erl'
Error generating type specs for "/home/pete/wefwefwef/docs/other/3170997713/kvc-tag-v1.3.1/kvc/src/kvc.erl"
Generating XML for application kvc "/home/pete/wefwefwef/docs/other/3170997713/kvc-tag-v1.3.1/kvc" -> "/home/pete/wefwefwef/docs/other/3170997713/repo/v1.3.1/.xml/kvc"
/home/pete/wefwefwef/docs/other/3170997713/kvc-tag-v1.3.1/kvc/src/kvc.erl, in module header: at line 4: error in XML parser: {system_limit,[{ets,new,[rules,[set|...]],[]},
                                    {xmerl_scan,initial_state,2,[{...}|...]},
                                    {xmerl_scan,int_string,4,[...]},
                                    {xmerl_scan,string,2,...},
                                    {edoc_wiki,parse_xml_1,...},
                                    {edoc_wiki,...},
                                    {...}|...]}.
edoc: skipping source file '/home/pete/wefwefwef/docs/other/3170997713/kvc-tag-v1.3.1/kvc/src/kvc.erl': {'EXIT',
                                                                                                   error}.
edoc: error in doclet 'edoc_doclet': {'EXIT',error}.
Error generating kvc XMLs. Using fallback ...
Generating XML kvc - kvc "/home/pete/wefwefwef/docs/other/3170997713/kvc-tag-v1.3.1/kvc/src/kvc.erl" -> "/home/pete/wefwefwef/docs/other/3170997713/repo/v1.3.1/.xml/kvc/kvc.xml"
/home/pete/wefwefwef/docs/other/3170997713/kvc-tag-v1.3.1/kvc/src/kvc.erl, in module header: at line 4: error in XML parser: {system_limit,[{ets,new,[rules,[set|...]],[]},
                                    {xmerl_scan,initial_state,2,[{...}|...]},
                                    {xmerl_scan,int_string,4,[...]},
                                    {xmerl_scan,string,2,...},
                                    {edoc_wiki,parse_xml_1,...},
                                    {edoc_wiki,...},
                                    {...}|...]}.
Error generating XML ("/home/pete/wefwefwef/docs/other/3170997713/kvc-tag-v1.3.1/kvc/src/kvc.erl"): {'EXIT',
                                                                                                     error}
No documentation was generated!
Woot, finished in 0 Minutes 0 Seconds
 :: Discovering other repos
$ 5000  `rm -r '/home/pete/wefwefwef/docs/other/3170997713/kvc-tag-v1.3.1'  2>&1`
 :: Processing https://github.com/etrepum/kvc	{rev,tag,"v1.4.0","991cbc3f3959f408ee2a7790d0c43d236b0e6b4c"}
 :: Fetching repo code
$ cd "/home/pete/wefwefwef/docs/other/3170997713/kvc-tag-v1.4.0/kvc"
$ infinity  `curl --fail --silent --show-error --location --output 'v1.4.0.zip' 'https://github.com/etrepum/kvc/archive/v1.4.0.zip'  2>&1`
$ cd "/home/pete/wefwefwef/docs/erldocs_other.git"
$ cd "/home/pete/wefwefwef/docs/other/3170997713/kvc-tag-v1.4.0/kvc"
$ 5000  `find -P . -type l -delete  2>&1`
$ cd "/home/pete/wefwefwef/docs/erldocs_other.git"
$ cd "/home/pete/wefwefwef/docs/other/3170997713/kvc-tag-v1.4.0/kvc"
$ 5000  `find 'kvc-1.4.0' -mindepth 1 -maxdepth 1 -exec mv -t . -- {} +  2>&1`
$ cd "/home/pete/wefwefwef/docs/erldocs_other.git"
 :: Getting dependencies
$ cd "/home/pete/wefwefwef/docs/other/3170997713/kvc-tag-v1.4.0/kvc"
$ 5000  `ls -1 deps/  2>&1`
$ cd "/home/pete/wefwefwef/docs/erldocs_other.git"
>>> [rebar] deps = []
 :: Generating erldocs into /home/pete/wefwefwef/docs/other/3170997713/repo/v1.4.0
Building kvc
Generating Type Specs - "/home/pete/wefwefwef/docs/other/3170997713/kvc-tag-v1.4.0/kvc/src/kvc.erl"
EDoc could not process file '/home/pete/wefwefwef/docs/other/3170997713/kvc-tag-v1.4.0/kvc/src/kvc.erl'
Error generating type specs for "/home/pete/wefwefwef/docs/other/3170997713/kvc-tag-v1.4.0/kvc/src/kvc.erl"
Generating XML for application kvc "/home/pete/wefwefwef/docs/other/3170997713/kvc-tag-v1.4.0/kvc" -> "/home/pete/wefwefwef/docs/other/3170997713/repo/v1.4.0/.xml/kvc"
/home/pete/wefwefwef/docs/other/3170997713/kvc-tag-v1.4.0/kvc/src/kvc.erl, in module header: at line 4: error in XML parser: {system_limit,[{ets,new,[rules,[set|...]],[]},
                                    {xmerl_scan,initial_state,2,[{...}|...]},
                                    {xmerl_scan,int_string,4,[...]},
                                    {xmerl_scan,string,2,...},
                                    {edoc_wiki,parse_xml_1,...},
                                    {edoc_wiki,...},
                                    {...}|...]}.
edoc: skipping source file '/home/pete/wefwefwef/docs/other/3170997713/kvc-tag-v1.4.0/kvc/src/kvc.erl': {'EXIT',
                                                                                                   error}.
edoc: error in doclet 'edoc_doclet': {'EXIT',error}.
Error generating kvc XMLs. Using fallback ...
Generating XML kvc - kvc "/home/pete/wefwefwef/docs/other/3170997713/kvc-tag-v1.4.0/kvc/src/kvc.erl" -> "/home/pete/wefwefwef/docs/other/3170997713/repo/v1.4.0/.xml/kvc/kvc.xml"
/home/pete/wefwefwef/docs/other/3170997713/kvc-tag-v1.4.0/kvc/src/kvc.erl, in module header: at line 4: error in XML parser: {system_limit,[{ets,new,[rules,[set|...]],[]},
                                    {xmerl_scan,initial_state,2,[{...}|...]},
                                    {xmerl_scan,int_string,4,[...]},
                                    {xmerl_scan,string,2,...},
                                    {edoc_wiki,parse_xml_1,...},
                                    {edoc_wiki,...},
                                    {...}|...]}.
Error generating XML ("/home/pete/wefwefwef/docs/other/3170997713/kvc-tag-v1.4.0/kvc/src/kvc.erl"): {'EXIT',
                                                                                                     error}
No documentation was generated!
Woot, finished in 0 Minutes 0 Seconds
 :: Discovering other repos
$ 5000  `rm -r '/home/pete/wefwefwef/docs/other/3170997713/kvc-tag-v1.4.0'  2>&1`
 :: Processing https://github.com/etrepum/kvc	{rev,tag,"v1.5.0","5565fe51857747662410cc3c06362ebcf48a2f04"}
 :: Fetching repo code
$ cd "/home/pete/wefwefwef/docs/other/3170997713/kvc-tag-v1.5.0/kvc"
$ infinity  `curl --fail --silent --show-error --location --output 'v1.5.0.zip' 'https://github.com/etrepum/kvc/archive/v1.5.0.zip'  2>&1`
$ cd "/home/pete/wefwefwef/docs/erldocs_other.git"
$ cd "/home/pete/wefwefwef/docs/other/3170997713/kvc-tag-v1.5.0/kvc"
$ 5000  `find -P . -type l -delete  2>&1`
$ cd "/home/pete/wefwefwef/docs/erldocs_other.git"
$ cd "/home/pete/wefwefwef/docs/other/3170997713/kvc-tag-v1.5.0/kvc"
$ 5000  `find 'kvc-1.5.0' -mindepth 1 -maxdepth 1 -exec mv -t . -- {} +  2>&1`
$ cd "/home/pete/wefwefwef/docs/erldocs_other.git"
 :: Getting dependencies
$ cd "/home/pete/wefwefwef/docs/other/3170997713/kvc-tag-v1.5.0/kvc"
$ 5000  `ls -1 deps/  2>&1`
$ cd "/home/pete/wefwefwef/docs/erldocs_other.git"
>>> [rebar] deps = []
 :: Generating erldocs into /home/pete/wefwefwef/docs/other/3170997713/repo/v1.5.0
Building kvc
Generating Type Specs - "/home/pete/wefwefwef/docs/other/3170997713/kvc-tag-v1.5.0/kvc/src/kvc.erl"
EDoc could not process file '/home/pete/wefwefwef/docs/other/3170997713/kvc-tag-v1.5.0/kvc/src/kvc.erl'
Error generating type specs for "/home/pete/wefwefwef/docs/other/3170997713/kvc-tag-v1.5.0/kvc/src/kvc.erl"
Generating XML for application kvc "/home/pete/wefwefwef/docs/other/3170997713/kvc-tag-v1.5.0/kvc" -> "/home/pete/wefwefwef/docs/other/3170997713/repo/v1.5.0/.xml/kvc"
/home/pete/wefwefwef/docs/other/3170997713/kvc-tag-v1.5.0/kvc/src/kvc.erl, in module header: at line 4: error in XML parser: {system_limit,[{ets,new,[rules,[set|...]],[]},
                                    {xmerl_scan,initial_state,2,[{...}|...]},
                                    {xmerl_scan,int_string,4,[...]},
                                    {xmerl_scan,string,2,...},
                                    {edoc_wiki,parse_xml_1,...},
                                    {edoc_wiki,...},
                                    {...}|...]}.
edoc: skipping source file '/home/pete/wefwefwef/docs/other/3170997713/kvc-tag-v1.5.0/kvc/src/kvc.erl': {'EXIT',
                                                                                                   error}.
edoc: error in doclet 'edoc_doclet': {'EXIT',error}.
Error generating kvc XMLs. Using fallback ...
Generating XML kvc - kvc "/home/pete/wefwefwef/docs/other/3170997713/kvc-tag-v1.5.0/kvc/src/kvc.erl" -> "/home/pete/wefwefwef/docs/other/3170997713/repo/v1.5.0/.xml/kvc/kvc.xml"
/home/pete/wefwefwef/docs/other/3170997713/kvc-tag-v1.5.0/kvc/src/kvc.erl, in module header: at line 4: error in XML parser: {system_limit,[{ets,new,[rules,[set|...]],[]},
                                    {xmerl_scan,initial_state,2,[{...}|...]},
                                    {xmerl_scan,int_string,4,[...]},
                                    {xmerl_scan,string,2,...},
                                    {edoc_wiki,parse_xml_1,...},
                                    {edoc_wiki,...},
                                    {...}|...]}.
Error generating XML ("/home/pete/wefwefwef/docs/other/3170997713/kvc-tag-v1.5.0/kvc/src/kvc.erl"): {'EXIT',
                                                                                                     error}
No documentation was generated!
Woot, finished in 0 Minutes 0 Seconds
 :: Discovering other repos
$ 5000  `rm -r '/home/pete/wefwefwef/docs/other/3170997713/kvc-tag-v1.5.0'  2>&1`
 :: Processing https://github.com/etrepum/kvc	{rev,branch,"master","5565fe51857747662410cc3c06362ebcf48a2f04"}
 :: Fetching repo code
$ cd "/home/pete/wefwefwef/docs/other/3170997713/kvc-branch-master/kvc"
$ infinity  `curl --fail --silent --show-error --location --output 'master.zip' 'https://github.com/etrepum/kvc/archive/master.zip'  2>&1`
$ cd "/home/pete/wefwefwef/docs/erldocs_other.git"
$ cd "/home/pete/wefwefwef/docs/other/3170997713/kvc-branch-master/kvc"
$ 5000  `find -P . -type l -delete  2>&1`
$ cd "/home/pete/wefwefwef/docs/erldocs_other.git"
$ cd "/home/pete/wefwefwef/docs/other/3170997713/kvc-branch-master/kvc"
$ 5000  `find 'kvc-master' -mindepth 1 -maxdepth 1 -exec mv -t . -- {} +  2>&1`
$ cd "/home/pete/wefwefwef/docs/erldocs_other.git"
 :: Getting dependencies
$ cd "/home/pete/wefwefwef/docs/other/3170997713/kvc-branch-master/kvc"
$ 5000  `ls -1 deps/  2>&1`
$ cd "/home/pete/wefwefwef/docs/erldocs_other.git"
>>> [rebar] deps = []
 :: Generating erldocs into /home/pete/wefwefwef/docs/other/3170997713/repo/master
Building kvc
Generating Type Specs - "/home/pete/wefwefwef/docs/other/3170997713/kvc-branch-master/kvc/src/kvc.erl"
EDoc could not process file '/home/pete/wefwefwef/docs/other/3170997713/kvc-branch-master/kvc/src/kvc.erl'
Error generating type specs for "/home/pete/wefwefwef/docs/other/3170997713/kvc-branch-master/kvc/src/kvc.erl"
Generating XML for application kvc "/home/pete/wefwefwef/docs/other/3170997713/kvc-branch-master/kvc" -> "/home/pete/wefwefwef/docs/other/3170997713/repo/master/.xml/kvc"
/home/pete/wefwefwef/docs/other/3170997713/kvc-branch-master/kvc/src/kvc.erl, in module header: at line 4: error in XML parser: {system_limit,[{ets,new,[rules,[set|...]],[]},
                                    {xmerl_scan,initial_state,2,[{...}|...]},
                                    {xmerl_scan,int_string,4,[...]},
                                    {xmerl_scan,string,2,...},
                                    {edoc_wiki,parse_xml_1,...},
                                    {edoc_wiki,...},
                                    {...}|...]}.
edoc: skipping source file '/home/pete/wefwefwef/docs/other/3170997713/kvc-branch-master/kvc/src/kvc.erl': {'EXIT',
                                                                                                      error}.
edoc: error in doclet 'edoc_doclet': {'EXIT',error}.
Error generating kvc XMLs. Using fallback ...
Generating XML kvc - kvc "/home/pete/wefwefwef/docs/other/3170997713/kvc-branch-master/kvc/src/kvc.erl" -> "/home/pete/wefwefwef/docs/other/3170997713/repo/master/.xml/kvc/kvc.xml"
/home/pete/wefwefwef/docs/other/3170997713/kvc-branch-master/kvc/src/kvc.erl, in module header: at line 4: error in XML parser: {system_limit,[{ets,new,[rules,[set|...]],[]},
                                    {xmerl_scan,initial_state,2,[{...}|...]},
                                    {xmerl_scan,int_string,4,[...]},
                                    {xmerl_scan,string,2,...},
                                    {edoc_wiki,parse_xml_1,...},
                                    {edoc_wiki,...},
                                    {...}|...]}.
Error generating XML ("/home/pete/wefwefwef/docs/other/3170997713/kvc-branch-master/kvc/src/kvc.erl"): {'EXIT',
                                                                                                        error}
No documentation was generated!
Woot, finished in 0 Minutes 0 Seconds
 :: Discovering other repos
$ 5000  `rm -r '/home/pete/wefwefwef/docs/other/3170997713/kvc-branch-master'  2>&1`
 :: Processing https://github.com/etrepum/kvc	{rev,branch,"optional-proper","75c4e76468cb2bd03067a9c349989ee914a1b581"}
 :: Fetching repo code
$ cd "/home/pete/wefwefwef/docs/other/3170997713/kvc-branch-optional-proper/kvc"
$ infinity  `curl --fail --silent --show-error --location --output 'optional-proper.zip' 'https://github.com/etrepum/kvc/archive/optional-proper.zip'  2>&1`
$ cd "/home/pete/wefwefwef/docs/erldocs_other.git"
$ cd "/home/pete/wefwefwef/docs/other/3170997713/kvc-branch-optional-proper/kvc"
$ 5000  `find -P . -type l -delete  2>&1`
$ cd "/home/pete/wefwefwef/docs/erldocs_other.git"
$ cd "/home/pete/wefwefwef/docs/other/3170997713/kvc-branch-optional-proper/kvc"
$ 5000  `find 'kvc-optional-proper' -mindepth 1 -maxdepth 1 -exec mv -t . -- {} +  2>&1`
$ cd "/home/pete/wefwefwef/docs/erldocs_other.git"
 :: Getting dependencies
$ cd "/home/pete/wefwefwef/docs/other/3170997713/kvc-branch-optional-proper/kvc"
$ 5000  `ls -1 deps/  2>&1`
$ cd "/home/pete/wefwefwef/docs/erldocs_other.git"
>>> [rebar] deps = []
 :: Generating erldocs into /home/pete/wefwefwef/docs/other/3170997713/repo/optional-proper
Building kvc
Generating Type Specs - "/home/pete/wefwefwef/docs/other/3170997713/kvc-branch-optional-proper/kvc/src/kvc.erl"
EDoc could not process file '/home/pete/wefwefwef/docs/other/3170997713/kvc-branch-optional-proper/kvc/src/kvc.erl'
Error generating type specs for "/home/pete/wefwefwef/docs/other/3170997713/kvc-branch-optional-proper/kvc/src/kvc.erl"
Generating XML for application kvc "/home/pete/wefwefwef/docs/other/3170997713/kvc-branch-optional-proper/kvc" -> "/home/pete/wefwefwef/docs/other/3170997713/repo/optional-proper/.xml/kvc"
/home/pete/wefwefwef/docs/other/3170997713/kvc-branch-optional-proper/kvc/src/kvc.erl, in module header: at line 4: error in XML parser: {system_limit,[{ets,new,[rules,[set|...]],[]},
                                    {xmerl_scan,initial_state,2,[{...}|...]},
                                    {xmerl_scan,int_string,4,[...]},
                                    {xmerl_scan,string,2,...},
                                    {edoc_wiki,parse_xml_1,...},
                                    {edoc_wiki,...},
                                    {...}|...]}.
edoc: skipping source file '/home/pete/wefwefwef/docs/other/3170997713/kvc-branch-optional-proper/kvc/src/kvc.erl': {'EXIT',
                                                                                                               error}.
edoc: error in doclet 'edoc_doclet': {'EXIT',error}.
Error generating kvc XMLs. Using fallback ...
Generating XML kvc - kvc "/home/pete/wefwefwef/docs/other/3170997713/kvc-branch-optional-proper/kvc/src/kvc.erl" -> "/home/pete/wefwefwef/docs/other/3170997713/repo/optional-proper/.xml/kvc/kvc.xml"
/home/pete/wefwefwef/docs/other/3170997713/kvc-branch-optional-proper/kvc/src/kvc.erl, in module header: at line 4: error in XML parser: {system_limit,[{ets,new,[rules,[set|...]],[]},
                                    {xmerl_scan,initial_state,2,[{...}|...]},
                                    {xmerl_scan,int_string,4,[...]},
                                    {xmerl_scan,string,2,...},
                                    {edoc_wiki,parse_xml_1,...},
                                    {edoc_wiki,...},
                                    {...}|...]}.
Error generating XML ("/home/pete/wefwefwef/docs/other/3170997713/kvc-branch-optional-proper/kvc/src/kvc.erl"): {'EXIT',
                                                                                                                 error}
No documentation was generated!
Woot, finished in 0 Minutes 0 Seconds
 :: Discovering other repos
$ 5000  `rm -r '/home/pete/wefwefwef/docs/other/3170997713/kvc-branch-optional-proper'  2>&1`
 :: Erldocs finishing up
$ 5000  `rm -r '/home/pete/wefwefwef/docs/other/3170997713/kvc'  2>&1`
$ 5000  `rm -r '/home/pete/wefwefwef/docs/other/3170997713/repo/1.0.0'  2>&1`
$ 5000  `rm -r '/home/pete/wefwefwef/docs/other/3170997713/repo/v1.0.0'  2>&1`
$ 5000  `rm -r '/home/pete/wefwefwef/docs/other/3170997713/repo/v1.1.0'  2>&1`
$ 5000  `rm -r '/home/pete/wefwefwef/docs/other/3170997713/repo/v1.1.1'  2>&1`
$ 5000  `rm -r '/home/pete/wefwefwef/docs/other/3170997713/repo/v1.2'  2>&1`
$ 5000  `rm -r '/home/pete/wefwefwef/docs/other/3170997713/repo/v1.2.1'  2>&1`
$ 5000  `rm -r '/home/pete/wefwefwef/docs/other/3170997713/repo/v1.3.0'  2>&1`
$ 5000  `rm -r '/home/pete/wefwefwef/docs/other/3170997713/repo/v1.3.1'  2>&1`
$ 5000  `rm -r '/home/pete/wefwefwef/docs/other/3170997713/repo/v1.4.0'  2>&1`
$ 5000  `rm -r '/home/pete/wefwefwef/docs/other/3170997713/repo/v1.5.0'  2>&1`
$ 5000  `rm -r '/home/pete/wefwefwef/docs/other/3170997713/repo/master'  2>&1`
$ 5000  `rm -r '/home/pete/wefwefwef/docs/other/3170997713/repo/optional-proper'  2>&1`
