 :: Extracting meta information
$ infinity  `git ls-remote --heads --tags 'https://github.com/abeniaminov/sequence'  2>&1`
>>> [repo] 1 branches, 0 tags
 :: Writing meta to "/home/pete/wefwefwef/docs/other/579c48021970566394d111171782cf8e/meta.txt"
 :: Processing https://github.com/abeniaminov/sequence	{rev,branch,"master","ca21114c59ce120fd8ca2296dc0b6260e966419a",undefined,[],[]}
 :: Fetching repo code
$ cd '/home/pete/wefwefwef/docs/other/579c48021970566394d111171782cf8e/sequence-branch-master'
$ infinity  `curl --fail --silent --show-error --location --output repo.zip 'https://github.com/abeniaminov/sequence/archive/master.zip'  2>&1`
$ cd '/home/pete/wefwefwef/docs/erldocs_other.git'
$ cd '/home/pete/wefwefwef/docs/other/579c48021970566394d111171782cf8e/sequence-branch-master/sequence-master'
$ 5000  `find -P . -type l -delete  2>&1`
$ cd '/home/pete/wefwefwef/docs/erldocs_other.git'
$ 5000  `mv '/home/pete/wefwefwef/docs/other/579c48021970566394d111171782cf8e/sequence-branch-master/sequence-master' '/home/pete/wefwefwef/docs/other/579c48021970566394d111171782cf8e/sequence-branch-master/sequence'  2>&1`
 :: Getting dependencies
$ cd '/home/pete/wefwefwef/docs/other/579c48021970566394d111171782cf8e/sequence-branch-master/sequence'
$ 5000  `ls -1 deps/  2>&1`
$ cd '/home/pete/wefwefwef/docs/erldocs_other.git'
>>> [rebar] deps = []
 :: Generating erldocs into /home/pete/wefwefwef/docs/other/579c48021970566394d111171782cf8e/repo/master
Building sequence
Generating Type Specs - "/home/pete/wefwefwef/docs/other/579c48021970566394d111171782cf8e/sequence-branch-master/sequence/src/db_seq.erl"
Generating Type Specs - "/home/pete/wefwefwef/docs/other/579c48021970566394d111171782cf8e/sequence-branch-master/sequence/src/mutex.erl"
Generating Type Specs - "/home/pete/wefwefwef/docs/other/579c48021970566394d111171782cf8e/sequence-branch-master/sequence/src/sequence.erl"
Generating Type Specs - "/home/pete/wefwefwef/docs/other/579c48021970566394d111171782cf8e/sequence-branch-master/sequence/src/sequence_app.erl"
Generating Type Specs - "/home/pete/wefwefwef/docs/other/579c48021970566394d111171782cf8e/sequence-branch-master/sequence/src/sequence_sup.erl"
Generating XML for application sequence "/home/pete/wefwefwef/docs/other/579c48021970566394d111171782cf8e/sequence-branch-master/sequence" -> "/home/pete/wefwefwef/docs/other/579c48021970566394d111171782cf8e/repo/master/.xml/sequence"
Generated sequence XMLs: ["/home/pete/wefwefwef/docs/other/579c48021970566394d111171782cf8e/repo/master/.xml/sequence/sequence.xml",
                          "/home/pete/wefwefwef/docs/other/579c48021970566394d111171782cf8e/repo/master/.xml/sequence/sequence_app.xml",
                          "/home/pete/wefwefwef/docs/other/579c48021970566394d111171782cf8e/repo/master/.xml/sequence/sequence_sup.xml",
                          "/home/pete/wefwefwef/docs/other/579c48021970566394d111171782cf8e/repo/master/.xml/sequence/mutex.xml",
                          "/home/pete/wefwefwef/docs/other/579c48021970566394d111171782cf8e/repo/master/.xml/sequence/db_seq.xml"]
Generating HTML - sequence "/home/pete/wefwefwef/docs/other/579c48021970566394d111171782cf8e/repo/master/.xml/sequence/sequence.xml"
Generating HTML - sequence_app "/home/pete/wefwefwef/docs/other/579c48021970566394d111171782cf8e/repo/master/.xml/sequence/sequence_app.xml"
Generating HTML - sequence_sup "/home/pete/wefwefwef/docs/other/579c48021970566394d111171782cf8e/repo/master/.xml/sequence/sequence_sup.xml"
Generating HTML - db_seq "/home/pete/wefwefwef/docs/other/579c48021970566394d111171782cf8e/repo/master/.xml/sequence/db_seq.xml"
Reading XML for "/home/pete/wefwefwef/docs/other/579c48021970566394d111171782cf8e/repo/master/.xml/sequence/sequence.xml"
Reading XML for "/home/pete/wefwefwef/docs/other/579c48021970566394d111171782cf8e/repo/master/.xml/sequence/sequence_app.xml"
Reading XML for "/home/pete/wefwefwef/docs/other/579c48021970566394d111171782cf8e/repo/master/.xml/sequence/sequence_sup.xml"
Reading XML for "/home/pete/wefwefwef/docs/other/579c48021970566394d111171782cf8e/repo/master/.xml/sequence/db_seq.xml"
Reading XML for "/home/pete/wefwefwef/docs/other/579c48021970566394d111171782cf8e/repo/master/.xml/specs_sequence.xml"
Reading XML for "/home/pete/wefwefwef/docs/other/579c48021970566394d111171782cf8e/repo/master/.xml/specs_db_seq.xml"
Reading XML for "/home/pete/wefwefwef/docs/other/579c48021970566394d111171782cf8e/repo/master/.xml/specs_sequence_app.xml"
Reading XML for "/home/pete/wefwefwef/docs/other/579c48021970566394d111171782cf8e/repo/master/.xml/specs_sequence_sup.xml"
Generating HTML - mutex "/home/pete/wefwefwef/docs/other/579c48021970566394d111171782cf8e/repo/master/.xml/sequence/mutex.xml"
Reading XML for "/home/pete/wefwefwef/docs/other/579c48021970566394d111171782cf8e/repo/master/.xml/sequence/mutex.xml"
Reading XML for "/home/pete/wefwefwef/docs/other/579c48021970566394d111171782cf8e/repo/master/.xml/specs_mutex.xml"
Creating index.html ...
Creating erldocs_index.js ...
Woot, finished in 0 Minutes 0 Seconds
 :: Discovering other repos
$ 5000  `rm -r '/home/pete/wefwefwef/docs/other/579c48021970566394d111171782cf8e/sequence-branch-master'  2>&1`
 :: Finishing up
$ 5000  `rm -r '/home/pete/wefwefwef/docs/other/579c48021970566394d111171782cf8e/sequence'  2>&1`
