 :: Extracting meta information
$ infinity  `git ls-remote --heads --tags 'https://github.com/rebar/rebar'  2>&1`
>>> [repo] 6 branches, 13 tags
 :: Writing meta to "/home/pete/wefwefwef/docs/other/15923f690b25848fa51a4a48995e6b34bc738ac6/meta.txt"
 :: Skipping tag "2.1.0"
 :: Skipping tag "2.1.0-pre2"
 :: Skipping tag "2.2.0"
 :: Skipping tag "2.3.0"
 :: Skipping tag "2.3.1"
 :: Skipping tag "2.5.1"
 :: Skipping tag "2.0.0"
 :: Skipping tag "2.1.0-pre"
 :: Skipping tag "2.4.0"
 :: Skipping tag "2.5.0"
 :: Skipping tag "2.6.0"
 :: Skipping tag "2.6.1"
 :: Skipping tag "RELEASE-1"
 :: Skipping branch "2.1"
 :: Skipping branch "adt-random-suite-order"
 :: Skipping branch "adt-update-deps-hooks"
 :: Skipping branch "jem-add-license-prtool"
 :: Skipping branch "revert-413-undo-386-merge"
 :: Processing https://github.com/rebar/rebar	{rev,branch,"master","b870e061a3038039e1721723b17c8e8cd27b82b5",undefined,[],[]}
 :: Fetching repo code
$ cd '/home/pete/wefwefwef/docs/other/15923f690b25848fa51a4a48995e6b34bc738ac6/rebar-branch-master'
$ infinity  `curl --fail --silent --show-error --location --output repo.tar.gz 'https://codeload.github.com/rebar/rebar/tar.gz/master'  2>&1`
$ cd '/home/pete/wefwefwef/docs/erldocs_other.git'
$ cd '/home/pete/wefwefwef/docs/other/15923f690b25848fa51a4a48995e6b34bc738ac6/rebar-branch-master/rebar-master'
$ 5000  `find -P . -type l -delete  2>&1`
$ cd '/home/pete/wefwefwef/docs/erldocs_other.git'
$ 5000  `mv '/home/pete/wefwefwef/docs/other/15923f690b25848fa51a4a48995e6b34bc738ac6/rebar-branch-master/rebar-master' '/home/pete/wefwefwef/docs/other/15923f690b25848fa51a4a48995e6b34bc738ac6/rebar-branch-master/rebar'  2>&1`
 :: Getting dependencies
$ cd '/home/pete/wefwefwef/docs/other/15923f690b25848fa51a4a48995e6b34bc738ac6/rebar-branch-master/rebar'
$ 5000  `ls -1 deps/  2>&1`
$ cd '/home/pete/wefwefwef/docs/erldocs_other.git'
>>> [rebar] deps = []
 :: Generating erldocs into /home/pete/wefwefwef/docs/other/15923f690b25848fa51a4a48995e6b34bc738ac6/repo/master
Building rebar
Generating Type Specs - "/home/pete/wefwefwef/docs/other/15923f690b25848fa51a4a48995e6b34bc738ac6/rebar-branch-master/rebar/src/rebar.erl"
Generating Type Specs - "/home/pete/wefwefwef/docs/other/15923f690b25848fa51a4a48995e6b34bc738ac6/rebar-branch-master/rebar/src/rebar_abnfc_compiler.erl"
Generating Type Specs - "/home/pete/wefwefwef/docs/other/15923f690b25848fa51a4a48995e6b34bc738ac6/rebar-branch-master/rebar/src/rebar_app_utils.erl"
Generating Type Specs - "/home/pete/wefwefwef/docs/other/15923f690b25848fa51a4a48995e6b34bc738ac6/rebar-branch-master/rebar/src/rebar_appups.erl"
Generating Type Specs - "/home/pete/wefwefwef/docs/other/15923f690b25848fa51a4a48995e6b34bc738ac6/rebar-branch-master/rebar/src/rebar_asn1_compiler.erl"
Generating Type Specs - "/home/pete/wefwefwef/docs/other/15923f690b25848fa51a4a48995e6b34bc738ac6/rebar-branch-master/rebar/src/rebar_base_compiler.erl"
Generating Type Specs - "/home/pete/wefwefwef/docs/other/15923f690b25848fa51a4a48995e6b34bc738ac6/rebar-branch-master/rebar/src/rebar_cleaner.erl"
Generating Type Specs - "/home/pete/wefwefwef/docs/other/15923f690b25848fa51a4a48995e6b34bc738ac6/rebar-branch-master/rebar/src/rebar_config.erl"
Generating Type Specs - "/home/pete/wefwefwef/docs/other/15923f690b25848fa51a4a48995e6b34bc738ac6/rebar-branch-master/rebar/src/rebar_core.erl"
Generating Type Specs - "/home/pete/wefwefwef/docs/other/15923f690b25848fa51a4a48995e6b34bc738ac6/rebar-branch-master/rebar/src/rebar_cover_utils.erl"
Generating Type Specs - "/home/pete/wefwefwef/docs/other/15923f690b25848fa51a4a48995e6b34bc738ac6/rebar-branch-master/rebar/src/rebar_ct.erl"
Generating Type Specs - "/home/pete/wefwefwef/docs/other/15923f690b25848fa51a4a48995e6b34bc738ac6/rebar-branch-master/rebar/src/rebar_deps.erl"
Generating Type Specs - "/home/pete/wefwefwef/docs/other/15923f690b25848fa51a4a48995e6b34bc738ac6/rebar-branch-master/rebar/src/rebar_dia_compiler.erl"
Generating Type Specs - "/home/pete/wefwefwef/docs/other/15923f690b25848fa51a4a48995e6b34bc738ac6/rebar-branch-master/rebar/src/rebar_dialyzer.erl"
Generating Type Specs - "/home/pete/wefwefwef/docs/other/15923f690b25848fa51a4a48995e6b34bc738ac6/rebar-branch-master/rebar/src/rebar_edoc.erl"
Generating Type Specs - "/home/pete/wefwefwef/docs/other/15923f690b25848fa51a4a48995e6b34bc738ac6/rebar-branch-master/rebar/src/rebar_erlc_compiler.erl"
Generating Type Specs - "/home/pete/wefwefwef/docs/other/15923f690b25848fa51a4a48995e6b34bc738ac6/rebar-branch-master/rebar/src/rebar_erlydtl_compiler.erl"
Generating Type Specs - "/home/pete/wefwefwef/docs/other/15923f690b25848fa51a4a48995e6b34bc738ac6/rebar-branch-master/rebar/src/rebar_escripter.erl"
Generating Type Specs - "/home/pete/wefwefwef/docs/other/15923f690b25848fa51a4a48995e6b34bc738ac6/rebar-branch-master/rebar/src/rebar_eunit.erl"
Generating Type Specs - "/home/pete/wefwefwef/docs/other/15923f690b25848fa51a4a48995e6b34bc738ac6/rebar-branch-master/rebar/src/rebar_file_utils.erl"
Generating Type Specs - "/home/pete/wefwefwef/docs/other/15923f690b25848fa51a4a48995e6b34bc738ac6/rebar-branch-master/rebar/src/rebar_getopt.erl"
Generating Type Specs - "/home/pete/wefwefwef/docs/other/15923f690b25848fa51a4a48995e6b34bc738ac6/rebar-branch-master/rebar/src/rebar_lfe_compiler.erl"
Generating Type Specs - "/home/pete/wefwefwef/docs/other/15923f690b25848fa51a4a48995e6b34bc738ac6/rebar-branch-master/rebar/src/rebar_log.erl"
Generating Type Specs - "/home/pete/wefwefwef/docs/other/15923f690b25848fa51a4a48995e6b34bc738ac6/rebar-branch-master/rebar/src/rebar_metacmds.erl"
Generating Type Specs - "/home/pete/wefwefwef/docs/other/15923f690b25848fa51a4a48995e6b34bc738ac6/rebar-branch-master/rebar/src/rebar_mustache.erl"
Generating Type Specs - "/home/pete/wefwefwef/docs/other/15923f690b25848fa51a4a48995e6b34bc738ac6/rebar-branch-master/rebar/src/rebar_neotoma_compiler.erl"
Generating Type Specs - "/home/pete/wefwefwef/docs/other/15923f690b25848fa51a4a48995e6b34bc738ac6/rebar-branch-master/rebar/src/rebar_otp_app.erl"
Generating Type Specs - "/home/pete/wefwefwef/docs/other/15923f690b25848fa51a4a48995e6b34bc738ac6/rebar-branch-master/rebar/src/rebar_otp_appup.erl"
Generating Type Specs - "/home/pete/wefwefwef/docs/other/15923f690b25848fa51a4a48995e6b34bc738ac6/rebar-branch-master/rebar/src/rebar_port_compiler.erl"
Generating Type Specs - "/home/pete/wefwefwef/docs/other/15923f690b25848fa51a4a48995e6b34bc738ac6/rebar-branch-master/rebar/src/rebar_proto_compiler.erl"
Generating Type Specs - "/home/pete/wefwefwef/docs/other/15923f690b25848fa51a4a48995e6b34bc738ac6/rebar-branch-master/rebar/src/rebar_proto_gpb_compiler.erl"
Generating Type Specs - "/home/pete/wefwefwef/docs/other/15923f690b25848fa51a4a48995e6b34bc738ac6/rebar-branch-master/rebar/src/rebar_protobuffs_compiler.erl"
Generating Type Specs - "/home/pete/wefwefwef/docs/other/15923f690b25848fa51a4a48995e6b34bc738ac6/rebar-branch-master/rebar/src/rebar_qc.erl"
Generating Type Specs - "/home/pete/wefwefwef/docs/other/15923f690b25848fa51a4a48995e6b34bc738ac6/rebar-branch-master/rebar/src/rebar_rel_utils.erl"
Generating Type Specs - "/home/pete/wefwefwef/docs/other/15923f690b25848fa51a4a48995e6b34bc738ac6/rebar-branch-master/rebar/src/rebar_reltool.erl"
Generating Type Specs - "/home/pete/wefwefwef/docs/other/15923f690b25848fa51a4a48995e6b34bc738ac6/rebar-branch-master/rebar/src/rebar_require_vsn.erl"
Generating Type Specs - "/home/pete/wefwefwef/docs/other/15923f690b25848fa51a4a48995e6b34bc738ac6/rebar-branch-master/rebar/src/rebar_shell.erl"
Generating Type Specs - "/home/pete/wefwefwef/docs/other/15923f690b25848fa51a4a48995e6b34bc738ac6/rebar-branch-master/rebar/src/rebar_subdirs.erl"
Generating Type Specs - "/home/pete/wefwefwef/docs/other/15923f690b25848fa51a4a48995e6b34bc738ac6/rebar-branch-master/rebar/src/rebar_templater.erl"
Generating Type Specs - "/home/pete/wefwefwef/docs/other/15923f690b25848fa51a4a48995e6b34bc738ac6/rebar-branch-master/rebar/src/rebar_upgrade.erl"
Generating Type Specs - "/home/pete/wefwefwef/docs/other/15923f690b25848fa51a4a48995e6b34bc738ac6/rebar-branch-master/rebar/src/rebar_utils.erl"
Generating Type Specs - "/home/pete/wefwefwef/docs/other/15923f690b25848fa51a4a48995e6b34bc738ac6/rebar-branch-master/rebar/src/rebar_xref.erl"
Generating Type Specs - "/home/pete/wefwefwef/docs/other/15923f690b25848fa51a4a48995e6b34bc738ac6/rebar-branch-master/rebar/src/rmemo.erl"
Generating XML for application rebar "/home/pete/wefwefwef/docs/other/15923f690b25848fa51a4a48995e6b34bc738ac6/rebar-branch-master/rebar" -> "/home/pete/wefwefwef/docs/other/15923f690b25848fa51a4a48995e6b34bc738ac6/repo/master/.xml/rebar"
Generated rebar XMLs: ["/home/pete/wefwefwef/docs/other/15923f690b25848fa51a4a48995e6b34bc738ac6/repo/master/.xml/rebar/rebar_getopt.xml",
                       "/home/pete/wefwefwef/docs/other/15923f690b25848fa51a4a48995e6b34bc738ac6/repo/master/.xml/rebar/rebar_asn1_compiler.xml",
                       "/home/pete/wefwefwef/docs/other/15923f690b25848fa51a4a48995e6b34bc738ac6/repo/master/.xml/rebar/rebar_config.xml",
                       "/home/pete/wefwefwef/docs/other/15923f690b25848fa51a4a48995e6b34bc738ac6/repo/master/.xml/rebar/rebar_upgrade.xml",
                       "/home/pete/wefwefwef/docs/other/15923f690b25848fa51a4a48995e6b34bc738ac6/repo/master/.xml/rebar/rebar_deps.xml",
                       "/home/pete/wefwefwef/docs/other/15923f690b25848fa51a4a48995e6b34bc738ac6/repo/master/.xml/rebar/rebar_escripter.xml",
                       "/home/pete/wefwefwef/docs/other/15923f690b25848fa51a4a48995e6b34bc738ac6/repo/master/.xml/rebar/rebar_shell.xml",
                       "/home/pete/wefwefwef/docs/other/15923f690b25848fa51a4a48995e6b34bc738ac6/repo/master/.xml/rebar/rebar_mustache.xml",
                       "/home/pete/wefwefwef/docs/other/15923f690b25848fa51a4a48995e6b34bc738ac6/repo/master/.xml/rebar/rebar_qc.xml",
                       "/home/pete/wefwefwef/docs/other/15923f690b25848fa51a4a48995e6b34bc738ac6/repo/master/.xml/rebar/rebar_edoc.xml",
                       "/home/pete/wefwefwef/docs/other/15923f690b25848fa51a4a48995e6b34bc738ac6/repo/master/.xml/rebar/rebar_core.xml",
                       "/home/pete/wefwefwef/docs/other/15923f690b25848fa51a4a48995e6b34bc738ac6/repo/master/.xml/rebar/rebar_log.xml",
                       "/home/pete/wefwefwef/docs/other/15923f690b25848fa51a4a48995e6b34bc738ac6/repo/master/.xml/rebar/rebar_templater.xml",
                       "/home/pete/wefwefwef/docs/other/15923f690b25848fa51a4a48995e6b34bc738ac6/repo/master/.xml/rebar/rebar_appups.xml",
                       "/home/pete/wefwefwef/docs/other/15923f690b25848fa51a4a48995e6b34bc738ac6/repo/master/.xml/rebar/rebar_port_compiler.xml",
                       "/home/pete/wefwefwef/docs/other/15923f690b25848fa51a4a48995e6b34bc738ac6/repo/master/.xml/rebar/rebar_app_utils.xml",
                       "/home/pete/wefwefwef/docs/other/15923f690b25848fa51a4a48995e6b34bc738ac6/repo/master/.xml/rebar/rebar_neotoma_compiler.xml",
                       "/home/pete/wefwefwef/docs/other/15923f690b25848fa51a4a48995e6b34bc738ac6/repo/master/.xml/rebar/rebar_require_vsn.xml",
                       "/home/pete/wefwefwef/docs/other/15923f690b25848fa51a4a48995e6b34bc738ac6/repo/master/.xml/rebar/rebar_ct.xml",
                       "/home/pete/wefwefwef/docs/other/15923f690b25848fa51a4a48995e6b34bc738ac6/repo/master/.xml/rebar/rebar_rel_utils.xml",
                       "/home/pete/wefwefwef/docs/other/15923f690b25848fa51a4a48995e6b34bc738ac6/repo/master/.xml/rebar/rebar_proto_compiler.xml",
                       "/home/pete/wefwefwef/docs/other/15923f690b25848fa51a4a48995e6b34bc738ac6/repo/master/.xml/rebar/rebar_lfe_compiler.xml",
                       "/home/pete/wefwefwef/docs/other/15923f690b25848fa51a4a48995e6b34bc738ac6/repo/master/.xml/rebar/rebar_proto_gpb_compiler.xml",
                       "/home/pete/wefwefwef/docs/other/15923f690b25848fa51a4a48995e6b34bc738ac6/repo/master/.xml/rebar/rebar.xml",
                       "/home/pete/wefwefwef/docs/other/15923f690b25848fa51a4a48995e6b34bc738ac6/repo/master/.xml/rebar/rmemo.xml",
                       "/home/pete/wefwefwef/docs/other/15923f690b25848fa51a4a48995e6b34bc738ac6/repo/master/.xml/rebar/rebar_cleaner.xml",
                       "/home/pete/wefwefwef/docs/other/15923f690b25848fa51a4a48995e6b34bc738ac6/repo/master/.xml/rebar/rebar_xref.xml",
                       "/home/pete/wefwefwef/docs/other/15923f690b25848fa51a4a48995e6b34bc738ac6/repo/master/.xml/rebar/rebar_metacmds.xml",
                       "/home/pete/wefwefwef/docs/other/15923f690b25848fa51a4a48995e6b34bc738ac6/repo/master/.xml/rebar/rebar_subdirs.xml",
                       "/home/pete/wefwefwef/docs/other/15923f690b25848fa51a4a48995e6b34bc738ac6/repo/master/.xml/rebar/rebar_erlydtl_compiler.xml",
                       "/home/pete/wefwefwef/docs/other/15923f690b25848fa51a4a48995e6b34bc738ac6/repo/master/.xml/rebar/rebar_protobuffs_compiler.xml",
                       "/home/pete/wefwefwef/docs/other/15923f690b25848fa51a4a48995e6b34bc738ac6/repo/master/.xml/rebar/rebar_dialyzer.xml",
                       "/home/pete/wefwefwef/docs/other/15923f690b25848fa51a4a48995e6b34bc738ac6/repo/master/.xml/rebar/rebar_file_utils.xml",
                       "/home/pete/wefwefwef/docs/other/15923f690b25848fa51a4a48995e6b34bc738ac6/repo/master/.xml/rebar/rebar_dia_compiler.xml",
                       "/home/pete/wefwefwef/docs/other/15923f690b25848fa51a4a48995e6b34bc738ac6/repo/master/.xml/rebar/rebar_cover_utils.xml",
                       "/home/pete/wefwefwef/docs/other/15923f690b25848fa51a4a48995e6b34bc738ac6/repo/master/.xml/rebar/rebar_otp_appup.xml",
                       "/home/pete/wefwefwef/docs/other/15923f690b25848fa51a4a48995e6b34bc738ac6/repo/master/.xml/rebar/rebar_erlc_compiler.xml",
                       "/home/pete/wefwefwef/docs/other/15923f690b25848fa51a4a48995e6b34bc738ac6/repo/master/.xml/rebar/rebar_otp_app.xml",
                       "/home/pete/wefwefwef/docs/other/15923f690b25848fa51a4a48995e6b34bc738ac6/repo/master/.xml/rebar/rebar_reltool.xml",
                       "/home/pete/wefwefwef/docs/other/15923f690b25848fa51a4a48995e6b34bc738ac6/repo/master/.xml/rebar/rebar_abnfc_compiler.xml",
                       "/home/pete/wefwefwef/docs/other/15923f690b25848fa51a4a48995e6b34bc738ac6/repo/master/.xml/rebar/rebar_utils.xml",
                       "/home/pete/wefwefwef/docs/other/15923f690b25848fa51a4a48995e6b34bc738ac6/repo/master/.xml/rebar/rebar_eunit.xml",
                       "/home/pete/wefwefwef/docs/other/15923f690b25848fa51a4a48995e6b34bc738ac6/repo/master/.xml/rebar/rebar_base_compiler.xml"]
Generating HTML - rebar_edoc "/home/pete/wefwefwef/docs/other/15923f690b25848fa51a4a48995e6b34bc738ac6/repo/master/.xml/rebar/rebar_edoc.xml"
Generating HTML - rebar_rel_utils "/home/pete/wefwefwef/docs/other/15923f690b25848fa51a4a48995e6b34bc738ac6/repo/master/.xml/rebar/rebar_rel_utils.xml"
Generating HTML - rebar_erlydtl_compiler "/home/pete/wefwefwef/docs/other/15923f690b25848fa51a4a48995e6b34bc738ac6/repo/master/.xml/rebar/rebar_erlydtl_compiler.xml"
Generating HTML - rebar_base_compiler "/home/pete/wefwefwef/docs/other/15923f690b25848fa51a4a48995e6b34bc738ac6/repo/master/.xml/rebar/rebar_base_compiler.xml"
Reading XML for "/home/pete/wefwefwef/docs/other/15923f690b25848fa51a4a48995e6b34bc738ac6/repo/master/.xml/rebar/rebar_edoc.xml"
Reading XML for "/home/pete/wefwefwef/docs/other/15923f690b25848fa51a4a48995e6b34bc738ac6/repo/master/.xml/rebar/rebar_rel_utils.xml"
Reading XML for "/home/pete/wefwefwef/docs/other/15923f690b25848fa51a4a48995e6b34bc738ac6/repo/master/.xml/rebar/rebar_erlydtl_compiler.xml"
Reading XML for "/home/pete/wefwefwef/docs/other/15923f690b25848fa51a4a48995e6b34bc738ac6/repo/master/.xml/rebar/rebar_base_compiler.xml"
Reading XML for "/home/pete/wefwefwef/docs/other/15923f690b25848fa51a4a48995e6b34bc738ac6/repo/master/.xml/specs_rebar_edoc.xml"
Reading XML for "/home/pete/wefwefwef/docs/other/15923f690b25848fa51a4a48995e6b34bc738ac6/repo/master/.xml/specs_rebar_erlydtl_compiler.xml"
Generating HTML - rebar_qc "/home/pete/wefwefwef/docs/other/15923f690b25848fa51a4a48995e6b34bc738ac6/repo/master/.xml/rebar/rebar_qc.xml"
Reading XML for "/home/pete/wefwefwef/docs/other/15923f690b25848fa51a4a48995e6b34bc738ac6/repo/master/.xml/rebar/rebar_qc.xml"
Generating HTML - rebar_subdirs "/home/pete/wefwefwef/docs/other/15923f690b25848fa51a4a48995e6b34bc738ac6/repo/master/.xml/rebar/rebar_subdirs.xml"
Reading XML for "/home/pete/wefwefwef/docs/other/15923f690b25848fa51a4a48995e6b34bc738ac6/repo/master/.xml/rebar/rebar_subdirs.xml"
Reading XML for "/home/pete/wefwefwef/docs/other/15923f690b25848fa51a4a48995e6b34bc738ac6/repo/master/.xml/specs_rebar_rel_utils.xml"
Reading XML for "/home/pete/wefwefwef/docs/other/15923f690b25848fa51a4a48995e6b34bc738ac6/repo/master/.xml/specs_rebar_base_compiler.xml"
Generating HTML - rebar_eunit "/home/pete/wefwefwef/docs/other/15923f690b25848fa51a4a48995e6b34bc738ac6/repo/master/.xml/rebar/rebar_eunit.xml"
Reading XML for "/home/pete/wefwefwef/docs/other/15923f690b25848fa51a4a48995e6b34bc738ac6/repo/master/.xml/rebar/rebar_eunit.xml"
Generating HTML - rebar_ct "/home/pete/wefwefwef/docs/other/15923f690b25848fa51a4a48995e6b34bc738ac6/repo/master/.xml/rebar/rebar_ct.xml"
Reading XML for "/home/pete/wefwefwef/docs/other/15923f690b25848fa51a4a48995e6b34bc738ac6/repo/master/.xml/rebar/rebar_ct.xml"
Reading XML for "/home/pete/wefwefwef/docs/other/15923f690b25848fa51a4a48995e6b34bc738ac6/repo/master/.xml/specs_rebar_qc.xml"
Generating HTML - rebar_mustache "/home/pete/wefwefwef/docs/other/15923f690b25848fa51a4a48995e6b34bc738ac6/repo/master/.xml/rebar/rebar_mustache.xml"
Reading XML for "/home/pete/wefwefwef/docs/other/15923f690b25848fa51a4a48995e6b34bc738ac6/repo/master/.xml/rebar/rebar_mustache.xml"
Reading XML for "/home/pete/wefwefwef/docs/other/15923f690b25848fa51a4a48995e6b34bc738ac6/repo/master/.xml/specs_rebar_subdirs.xml"
Generating HTML - rebar_metacmds "/home/pete/wefwefwef/docs/other/15923f690b25848fa51a4a48995e6b34bc738ac6/repo/master/.xml/rebar/rebar_metacmds.xml"
Reading XML for "/home/pete/wefwefwef/docs/other/15923f690b25848fa51a4a48995e6b34bc738ac6/repo/master/.xml/rebar/rebar_metacmds.xml"
Reading XML for "/home/pete/wefwefwef/docs/other/15923f690b25848fa51a4a48995e6b34bc738ac6/repo/master/.xml/specs_rebar_eunit.xml"
Reading XML for "/home/pete/wefwefwef/docs/other/15923f690b25848fa51a4a48995e6b34bc738ac6/repo/master/.xml/specs_rebar_ct.xml"
Generating HTML - rebar_utils "/home/pete/wefwefwef/docs/other/15923f690b25848fa51a4a48995e6b34bc738ac6/repo/master/.xml/rebar/rebar_utils.xml"
Reading XML for "/home/pete/wefwefwef/docs/other/15923f690b25848fa51a4a48995e6b34bc738ac6/repo/master/.xml/rebar/rebar_utils.xml"
Generating HTML - rebar_require_vsn "/home/pete/wefwefwef/docs/other/15923f690b25848fa51a4a48995e6b34bc738ac6/repo/master/.xml/rebar/rebar_require_vsn.xml"
Reading XML for "/home/pete/wefwefwef/docs/other/15923f690b25848fa51a4a48995e6b34bc738ac6/repo/master/.xml/rebar/rebar_require_vsn.xml"
Reading XML for "/home/pete/wefwefwef/docs/other/15923f690b25848fa51a4a48995e6b34bc738ac6/repo/master/.xml/specs_rebar_mustache.xml"
Reading XML for "/home/pete/wefwefwef/docs/other/15923f690b25848fa51a4a48995e6b34bc738ac6/repo/master/.xml/specs_rebar_metacmds.xml"
Generating HTML - rebar_shell "/home/pete/wefwefwef/docs/other/15923f690b25848fa51a4a48995e6b34bc738ac6/repo/master/.xml/rebar/rebar_shell.xml"
Reading XML for "/home/pete/wefwefwef/docs/other/15923f690b25848fa51a4a48995e6b34bc738ac6/repo/master/.xml/rebar/rebar_shell.xml"
Generating HTML - rebar_xref "/home/pete/wefwefwef/docs/other/15923f690b25848fa51a4a48995e6b34bc738ac6/repo/master/.xml/rebar/rebar_xref.xml"
Reading XML for "/home/pete/wefwefwef/docs/other/15923f690b25848fa51a4a48995e6b34bc738ac6/repo/master/.xml/rebar/rebar_xref.xml"
Reading XML for "/home/pete/wefwefwef/docs/other/15923f690b25848fa51a4a48995e6b34bc738ac6/repo/master/.xml/specs_rebar_require_vsn.xml"
Generating HTML - rebar_neotoma_compiler "/home/pete/wefwefwef/docs/other/15923f690b25848fa51a4a48995e6b34bc738ac6/repo/master/.xml/rebar/rebar_neotoma_compiler.xml"
Reading XML for "/home/pete/wefwefwef/docs/other/15923f690b25848fa51a4a48995e6b34bc738ac6/repo/master/.xml/specs_rebar_utils.xml"
Reading XML for "/home/pete/wefwefwef/docs/other/15923f690b25848fa51a4a48995e6b34bc738ac6/repo/master/.xml/rebar/rebar_neotoma_compiler.xml"
Reading XML for "/home/pete/wefwefwef/docs/other/15923f690b25848fa51a4a48995e6b34bc738ac6/repo/master/.xml/specs_rebar_shell.xml"
Generating HTML - rebar_abnfc_compiler "/home/pete/wefwefwef/docs/other/15923f690b25848fa51a4a48995e6b34bc738ac6/repo/master/.xml/rebar/rebar_abnfc_compiler.xml"
Reading XML for "/home/pete/wefwefwef/docs/other/15923f690b25848fa51a4a48995e6b34bc738ac6/repo/master/.xml/rebar/rebar_abnfc_compiler.xml"
Generating HTML - rebar_escripter "/home/pete/wefwefwef/docs/other/15923f690b25848fa51a4a48995e6b34bc738ac6/repo/master/.xml/rebar/rebar_escripter.xml"
Reading XML for "/home/pete/wefwefwef/docs/other/15923f690b25848fa51a4a48995e6b34bc738ac6/repo/master/.xml/rebar/rebar_escripter.xml"
Reading XML for "/home/pete/wefwefwef/docs/other/15923f690b25848fa51a4a48995e6b34bc738ac6/repo/master/.xml/specs_rebar_xref.xml"
Generating HTML - rebar_cleaner "/home/pete/wefwefwef/docs/other/15923f690b25848fa51a4a48995e6b34bc738ac6/repo/master/.xml/rebar/rebar_cleaner.xml"
Reading XML for "/home/pete/wefwefwef/docs/other/15923f690b25848fa51a4a48995e6b34bc738ac6/repo/master/.xml/rebar/rebar_cleaner.xml"
Reading XML for "/home/pete/wefwefwef/docs/other/15923f690b25848fa51a4a48995e6b34bc738ac6/repo/master/.xml/specs_rebar_neotoma_compiler.xml"
Generating HTML - rebar_app_utils "/home/pete/wefwefwef/docs/other/15923f690b25848fa51a4a48995e6b34bc738ac6/repo/master/.xml/rebar/rebar_app_utils.xml"
Reading XML for "/home/pete/wefwefwef/docs/other/15923f690b25848fa51a4a48995e6b34bc738ac6/repo/master/.xml/rebar/rebar_app_utils.xml"
Reading XML for "/home/pete/wefwefwef/docs/other/15923f690b25848fa51a4a48995e6b34bc738ac6/repo/master/.xml/specs_rebar_abnfc_compiler.xml"
Reading XML for "/home/pete/wefwefwef/docs/other/15923f690b25848fa51a4a48995e6b34bc738ac6/repo/master/.xml/specs_rebar_escripter.xml"
Generating HTML - rebar_reltool "/home/pete/wefwefwef/docs/other/15923f690b25848fa51a4a48995e6b34bc738ac6/repo/master/.xml/rebar/rebar_reltool.xml"
Reading XML for "/home/pete/wefwefwef/docs/other/15923f690b25848fa51a4a48995e6b34bc738ac6/repo/master/.xml/rebar/rebar_reltool.xml"
Generating HTML - rebar_deps "/home/pete/wefwefwef/docs/other/15923f690b25848fa51a4a48995e6b34bc738ac6/repo/master/.xml/rebar/rebar_deps.xml"
Reading XML for "/home/pete/wefwefwef/docs/other/15923f690b25848fa51a4a48995e6b34bc738ac6/repo/master/.xml/rebar/rebar_deps.xml"
Reading XML for "/home/pete/wefwefwef/docs/other/15923f690b25848fa51a4a48995e6b34bc738ac6/repo/master/.xml/specs_rebar_cleaner.xml"
Generating HTML - rmemo "/home/pete/wefwefwef/docs/other/15923f690b25848fa51a4a48995e6b34bc738ac6/repo/master/.xml/rebar/rmemo.xml"
Reading XML for "/home/pete/wefwefwef/docs/other/15923f690b25848fa51a4a48995e6b34bc738ac6/repo/master/.xml/rebar/rmemo.xml"
Reading XML for "/home/pete/wefwefwef/docs/other/15923f690b25848fa51a4a48995e6b34bc738ac6/repo/master/.xml/specs_rebar_app_utils.xml"
Generating HTML - rebar_port_compiler "/home/pete/wefwefwef/docs/other/15923f690b25848fa51a4a48995e6b34bc738ac6/repo/master/.xml/rebar/rebar_port_compiler.xml"
Reading XML for "/home/pete/wefwefwef/docs/other/15923f690b25848fa51a4a48995e6b34bc738ac6/repo/master/.xml/rebar/rebar_port_compiler.xml"
Reading XML for "/home/pete/wefwefwef/docs/other/15923f690b25848fa51a4a48995e6b34bc738ac6/repo/master/.xml/specs_rebar_reltool.xml"
Reading XML for "/home/pete/wefwefwef/docs/other/15923f690b25848fa51a4a48995e6b34bc738ac6/repo/master/.xml/specs_rebar_deps.xml"
Generating HTML - rebar_otp_app "/home/pete/wefwefwef/docs/other/15923f690b25848fa51a4a48995e6b34bc738ac6/repo/master/.xml/rebar/rebar_otp_app.xml"
Reading XML for "/home/pete/wefwefwef/docs/other/15923f690b25848fa51a4a48995e6b34bc738ac6/repo/master/.xml/rebar/rebar_otp_app.xml"
Generating HTML - rebar_upgrade "/home/pete/wefwefwef/docs/other/15923f690b25848fa51a4a48995e6b34bc738ac6/repo/master/.xml/rebar/rebar_upgrade.xml"
Reading XML for "/home/pete/wefwefwef/docs/other/15923f690b25848fa51a4a48995e6b34bc738ac6/repo/master/.xml/rebar/rebar_upgrade.xml"
Reading XML for "/home/pete/wefwefwef/docs/other/15923f690b25848fa51a4a48995e6b34bc738ac6/repo/master/.xml/specs_rmemo.xml"
Generating HTML - rebar "/home/pete/wefwefwef/docs/other/15923f690b25848fa51a4a48995e6b34bc738ac6/repo/master/.xml/rebar/rebar.xml"
Reading XML for "/home/pete/wefwefwef/docs/other/15923f690b25848fa51a4a48995e6b34bc738ac6/repo/master/.xml/rebar/rebar.xml"
Reading XML for "/home/pete/wefwefwef/docs/other/15923f690b25848fa51a4a48995e6b34bc738ac6/repo/master/.xml/specs_rebar_port_compiler.xml"
Reading XML for "/home/pete/wefwefwef/docs/other/15923f690b25848fa51a4a48995e6b34bc738ac6/repo/master/.xml/specs_rebar_otp_app.xml"
Generating HTML - rebar_appups "/home/pete/wefwefwef/docs/other/15923f690b25848fa51a4a48995e6b34bc738ac6/repo/master/.xml/rebar/rebar_appups.xml"
Reading XML for "/home/pete/wefwefwef/docs/other/15923f690b25848fa51a4a48995e6b34bc738ac6/repo/master/.xml/rebar/rebar_appups.xml"
Generating HTML - rebar_erlc_compiler "/home/pete/wefwefwef/docs/other/15923f690b25848fa51a4a48995e6b34bc738ac6/repo/master/.xml/rebar/rebar_erlc_compiler.xml"
Reading XML for "/home/pete/wefwefwef/docs/other/15923f690b25848fa51a4a48995e6b34bc738ac6/repo/master/.xml/rebar/rebar_erlc_compiler.xml"
Reading XML for "/home/pete/wefwefwef/docs/other/15923f690b25848fa51a4a48995e6b34bc738ac6/repo/master/.xml/specs_rebar_upgrade.xml"
Generating HTML - rebar_config "/home/pete/wefwefwef/docs/other/15923f690b25848fa51a4a48995e6b34bc738ac6/repo/master/.xml/rebar/rebar_config.xml"
Reading XML for "/home/pete/wefwefwef/docs/other/15923f690b25848fa51a4a48995e6b34bc738ac6/repo/master/.xml/rebar/rebar_config.xml"
Reading XML for "/home/pete/wefwefwef/docs/other/15923f690b25848fa51a4a48995e6b34bc738ac6/repo/master/.xml/specs_rebar.xml"
Generating HTML - rebar_proto_gpb_compiler "/home/pete/wefwefwef/docs/other/15923f690b25848fa51a4a48995e6b34bc738ac6/repo/master/.xml/rebar/rebar_proto_gpb_compiler.xml"
Reading XML for "/home/pete/wefwefwef/docs/other/15923f690b25848fa51a4a48995e6b34bc738ac6/repo/master/.xml/rebar/rebar_proto_gpb_compiler.xml"
Reading XML for "/home/pete/wefwefwef/docs/other/15923f690b25848fa51a4a48995e6b34bc738ac6/repo/master/.xml/specs_rebar_erlc_compiler.xml"
Generating HTML - rebar_otp_appup "/home/pete/wefwefwef/docs/other/15923f690b25848fa51a4a48995e6b34bc738ac6/repo/master/.xml/rebar/rebar_otp_appup.xml"
Reading XML for "/home/pete/wefwefwef/docs/other/15923f690b25848fa51a4a48995e6b34bc738ac6/repo/master/.xml/rebar/rebar_otp_appup.xml"
Reading XML for "/home/pete/wefwefwef/docs/other/15923f690b25848fa51a4a48995e6b34bc738ac6/repo/master/.xml/specs_rebar_appups.xml"
Generating HTML - rebar_templater "/home/pete/wefwefwef/docs/other/15923f690b25848fa51a4a48995e6b34bc738ac6/repo/master/.xml/rebar/rebar_templater.xml"
Reading XML for "/home/pete/wefwefwef/docs/other/15923f690b25848fa51a4a48995e6b34bc738ac6/repo/master/.xml/rebar/rebar_templater.xml"
Reading XML for "/home/pete/wefwefwef/docs/other/15923f690b25848fa51a4a48995e6b34bc738ac6/repo/master/.xml/specs_rebar_config.xml"
Reading XML for "/home/pete/wefwefwef/docs/other/15923f690b25848fa51a4a48995e6b34bc738ac6/repo/master/.xml/specs_rebar_proto_gpb_compiler.xml"
Reading XML for "/home/pete/wefwefwef/docs/other/15923f690b25848fa51a4a48995e6b34bc738ac6/repo/master/.xml/specs_rebar_otp_appup.xml"
Generating HTML - rebar_lfe_compiler "/home/pete/wefwefwef/docs/other/15923f690b25848fa51a4a48995e6b34bc738ac6/repo/master/.xml/rebar/rebar_lfe_compiler.xml"
Reading XML for "/home/pete/wefwefwef/docs/other/15923f690b25848fa51a4a48995e6b34bc738ac6/repo/master/.xml/rebar/rebar_lfe_compiler.xml"
Generating HTML - rebar_cover_utils "/home/pete/wefwefwef/docs/other/15923f690b25848fa51a4a48995e6b34bc738ac6/repo/master/.xml/rebar/rebar_cover_utils.xml"
Reading XML for "/home/pete/wefwefwef/docs/other/15923f690b25848fa51a4a48995e6b34bc738ac6/repo/master/.xml/rebar/rebar_cover_utils.xml"
Generating HTML - rebar_asn1_compiler "/home/pete/wefwefwef/docs/other/15923f690b25848fa51a4a48995e6b34bc738ac6/repo/master/.xml/rebar/rebar_asn1_compiler.xml"
Reading XML for "/home/pete/wefwefwef/docs/other/15923f690b25848fa51a4a48995e6b34bc738ac6/repo/master/.xml/rebar/rebar_asn1_compiler.xml"
Reading XML for "/home/pete/wefwefwef/docs/other/15923f690b25848fa51a4a48995e6b34bc738ac6/repo/master/.xml/specs_rebar_templater.xml"
Generating HTML - rebar_log "/home/pete/wefwefwef/docs/other/15923f690b25848fa51a4a48995e6b34bc738ac6/repo/master/.xml/rebar/rebar_log.xml"
Reading XML for "/home/pete/wefwefwef/docs/other/15923f690b25848fa51a4a48995e6b34bc738ac6/repo/master/.xml/rebar/rebar_log.xml"
Reading XML for "/home/pete/wefwefwef/docs/other/15923f690b25848fa51a4a48995e6b34bc738ac6/repo/master/.xml/specs_rebar_lfe_compiler.xml"
Generating HTML - rebar_proto_compiler "/home/pete/wefwefwef/docs/other/15923f690b25848fa51a4a48995e6b34bc738ac6/repo/master/.xml/rebar/rebar_proto_compiler.xml"
Reading XML for "/home/pete/wefwefwef/docs/other/15923f690b25848fa51a4a48995e6b34bc738ac6/repo/master/.xml/specs_rebar_asn1_compiler.xml"
Reading XML for "/home/pete/wefwefwef/docs/other/15923f690b25848fa51a4a48995e6b34bc738ac6/repo/master/.xml/specs_rebar_cover_utils.xml"
Reading XML for "/home/pete/wefwefwef/docs/other/15923f690b25848fa51a4a48995e6b34bc738ac6/repo/master/.xml/rebar/rebar_proto_compiler.xml"
Generating HTML - rebar_dia_compiler "/home/pete/wefwefwef/docs/other/15923f690b25848fa51a4a48995e6b34bc738ac6/repo/master/.xml/rebar/rebar_dia_compiler.xml"
Reading XML for "/home/pete/wefwefwef/docs/other/15923f690b25848fa51a4a48995e6b34bc738ac6/repo/master/.xml/rebar/rebar_dia_compiler.xml"
Generating HTML - rebar_getopt "/home/pete/wefwefwef/docs/other/15923f690b25848fa51a4a48995e6b34bc738ac6/repo/master/.xml/rebar/rebar_getopt.xml"
Reading XML for "/home/pete/wefwefwef/docs/other/15923f690b25848fa51a4a48995e6b34bc738ac6/repo/master/.xml/rebar/rebar_getopt.xml"
Reading XML for "/home/pete/wefwefwef/docs/other/15923f690b25848fa51a4a48995e6b34bc738ac6/repo/master/.xml/specs_rebar_log.xml"
Generating HTML - rebar_core "/home/pete/wefwefwef/docs/other/15923f690b25848fa51a4a48995e6b34bc738ac6/repo/master/.xml/rebar/rebar_core.xml"
Reading XML for "/home/pete/wefwefwef/docs/other/15923f690b25848fa51a4a48995e6b34bc738ac6/repo/master/.xml/rebar/rebar_core.xml"
Reading XML for "/home/pete/wefwefwef/docs/other/15923f690b25848fa51a4a48995e6b34bc738ac6/repo/master/.xml/specs_rebar_proto_compiler.xml"
Reading XML for "/home/pete/wefwefwef/docs/other/15923f690b25848fa51a4a48995e6b34bc738ac6/repo/master/.xml/specs_rebar_dia_compiler.xml"
Reading XML for "/home/pete/wefwefwef/docs/other/15923f690b25848fa51a4a48995e6b34bc738ac6/repo/master/.xml/specs_rebar_getopt.xml"
Generating HTML - rebar_file_utils "/home/pete/wefwefwef/docs/other/15923f690b25848fa51a4a48995e6b34bc738ac6/repo/master/.xml/rebar/rebar_file_utils.xml"
Reading XML for "/home/pete/wefwefwef/docs/other/15923f690b25848fa51a4a48995e6b34bc738ac6/repo/master/.xml/rebar/rebar_file_utils.xml"
Reading XML for "/home/pete/wefwefwef/docs/other/15923f690b25848fa51a4a48995e6b34bc738ac6/repo/master/.xml/specs_rebar_core.xml"
Reading XML for "/home/pete/wefwefwef/docs/other/15923f690b25848fa51a4a48995e6b34bc738ac6/repo/master/.xml/specs_rebar_file_utils.xml"
Generating HTML - rebar_dialyzer "/home/pete/wefwefwef/docs/other/15923f690b25848fa51a4a48995e6b34bc738ac6/repo/master/.xml/rebar/rebar_dialyzer.xml"
Reading XML for "/home/pete/wefwefwef/docs/other/15923f690b25848fa51a4a48995e6b34bc738ac6/repo/master/.xml/rebar/rebar_dialyzer.xml"
Reading XML for "/home/pete/wefwefwef/docs/other/15923f690b25848fa51a4a48995e6b34bc738ac6/repo/master/.xml/specs_rebar_dialyzer.xml"
Generating HTML - rebar_protobuffs_compiler "/home/pete/wefwefwef/docs/other/15923f690b25848fa51a4a48995e6b34bc738ac6/repo/master/.xml/rebar/rebar_protobuffs_compiler.xml"
Reading XML for "/home/pete/wefwefwef/docs/other/15923f690b25848fa51a4a48995e6b34bc738ac6/repo/master/.xml/rebar/rebar_protobuffs_compiler.xml"
Reading XML for "/home/pete/wefwefwef/docs/other/15923f690b25848fa51a4a48995e6b34bc738ac6/repo/master/.xml/specs_rebar_protobuffs_compiler.xml"
Creating index.html ...
Creating erldocs_index.js ...
Woot, finished in 0 Minutes 5 Seconds
 :: Discovering other repos
$ 5000  `rm -r '/home/pete/wefwefwef/docs/other/15923f690b25848fa51a4a48995e6b34bc738ac6/rebar-branch-master'  2>&1`
 :: Finishing up
$ 5000  `rm -r '/home/pete/wefwefwef/docs/other/15923f690b25848fa51a4a48995e6b34bc738ac6/rebar'  2>&1`
