 :: Extracting meta information
$ 5000  `git ls-remote --heads --tags 'https://github.com/eproxus/relx_bug'  2>&1`
>>> [repo] 1 branches, 0 tags
 :: Writing meta to "/home/pete/wefwefwef/docs/other/4844684512/meta.txt"
 :: Processing https://github.com/eproxus/relx_bug	{rev,branch,"master","f680477d408d7f3f58d97aa69b7d9beb513da818"}
 :: Fetching repo code
$ cd "/home/pete/wefwefwef/docs/other/4844684512/relx_bug-branch-master/relx_bug"
$ infinity  `curl --fail --silent --show-error --location --output 'master.zip' 'https://github.com/eproxus/relx_bug/archive/master.zip'  2>&1`
$ cd "/home/pete/wefwefwef/docs/erldocs_other.git"
$ cd "/home/pete/wefwefwef/docs/other/4844684512/relx_bug-branch-master/relx_bug"
$ 5000  `find -P . -type l -delete  2>&1`
$ cd "/home/pete/wefwefwef/docs/erldocs_other.git"
$ cd "/home/pete/wefwefwef/docs/other/4844684512/relx_bug-branch-master/relx_bug"
$ 5000  `find 'relx_bug-master' -mindepth 1 -maxdepth 1 -exec mv -t . -- {} +  2>&1`
$ cd "/home/pete/wefwefwef/docs/erldocs_other.git"
 :: Getting dependencies
$ cd "/home/pete/wefwefwef/docs/other/4844684512/relx_bug-branch-master/relx_bug"
$ 5000  `ls -1 deps/  2>&1`
$ cd "/home/pete/wefwefwef/docs/erldocs_other.git"
>>> [rebar] deps = []
 :: Generating erldocs into /home/pete/wefwefwef/docs/other/4844684512/repo/master
Building my_app
Generating Type Specs - "/home/pete/wefwefwef/docs/other/4844684512/relx_bug-branch-master/relx_bug/apps/my_app/src/my_app.erl"
Generating Type Specs - "/home/pete/wefwefwef/docs/other/4844684512/relx_bug-branch-master/relx_bug/apps/my_app/src/my_app_sup.erl"
Generating XML for application my_app "/home/pete/wefwefwef/docs/other/4844684512/relx_bug-branch-master/relx_bug/apps/my_app" -> "/home/pete/wefwefwef/docs/other/4844684512/repo/master/.xml/my_app"
Generated my_app XMLs: ["/home/pete/wefwefwef/docs/other/4844684512/repo/master/.xml/my_app/my_app_sup.xml",
                        "/home/pete/wefwefwef/docs/other/4844684512/repo/master/.xml/my_app/my_app.xml"]
Generating HTML - my_app "/home/pete/wefwefwef/docs/other/4844684512/repo/master/.xml/my_app/my_app.xml"
Reading XML for "/home/pete/wefwefwef/docs/other/4844684512/repo/master/.xml/my_app/my_app.xml"
Reading XML for "/home/pete/wefwefwef/docs/other/4844684512/repo/master/.xml/specs_my_app.xml"
Generating HTML - my_app_sup "/home/pete/wefwefwef/docs/other/4844684512/repo/master/.xml/my_app/my_app_sup.xml"
Reading XML for "/home/pete/wefwefwef/docs/other/4844684512/repo/master/.xml/my_app/my_app_sup.xml"
Reading XML for "/home/pete/wefwefwef/docs/other/4844684512/repo/master/.xml/specs_my_app_sup.xml"
Building relx_bug
Generating XML for application relx_bug "/home/pete/wefwefwef/docs/other/4844684512/relx_bug-branch-master/relx_bug" -> "/home/pete/wefwefwef/docs/other/4844684512/repo/master/.xml/relx_bug"
Generated relx_bug XMLs: ["/home/pete/wefwefwef/docs/other/4844684512/repo/master/.xml/relx_bug/my_app_sup.xml",
                          "/home/pete/wefwefwef/docs/other/4844684512/repo/master/.xml/relx_bug/my_app.xml"]
Generating HTML - my_app "/home/pete/wefwefwef/docs/other/4844684512/repo/master/.xml/relx_bug/my_app.xml"
Reading XML for "/home/pete/wefwefwef/docs/other/4844684512/repo/master/.xml/relx_bug/my_app.xml"
Reading XML for "/home/pete/wefwefwef/docs/other/4844684512/repo/master/.xml/specs_my_app.xml"
Generating HTML - my_app_sup "/home/pete/wefwefwef/docs/other/4844684512/repo/master/.xml/relx_bug/my_app_sup.xml"
Reading XML for "/home/pete/wefwefwef/docs/other/4844684512/repo/master/.xml/relx_bug/my_app_sup.xml"
Reading XML for "/home/pete/wefwefwef/docs/other/4844684512/repo/master/.xml/specs_my_app_sup.xml"
Creating index.html ...
Creating erldocs_index.js ...
Woot, finished in 0 Minutes 0 Seconds
 :: Discovering other repos
$ 5000  `rm -r '/home/pete/wefwefwef/docs/other/4844684512/relx_bug-branch-master'  2>&1`
 :: Erldocs finishing up
$ 5000  `rm -r '/home/pete/wefwefwef/docs/other/4844684512/relx_bug'  2>&1`
