 :: Extracting meta information
$ 5000  `git ls-remote --heads --tags 'https://github.com/leo-project/erlang-lz4'  2>&1`
>>> [repo] 3 branches, 5 tags
 :: Writing meta to "/home/pete/wefwefwef/docs/other/8658547425/meta.txt"
 :: Processing https://github.com/leo-project/erlang-lz4	{rev,tag,"0.1.0","e382a230da0de476bf334f21727ac9cea5667c5e",undefined,[],[]}
 :: Fetching repo code
$ cd "/home/pete/wefwefwef/docs/other/8658547425/erlang-lz4-tag-0.1.0/erlang-lz4"
$ infinity  `curl --fail --silent --show-error --location --output '0.1.0.zip' 'https://github.com/leo-project/erlang-lz4/archive/0.1.0.zip'  2>&1`
$ cd "/home/pete/wefwefwef/docs/erldocs_other.git"
$ cd "/home/pete/wefwefwef/docs/other/8658547425/erlang-lz4-tag-0.1.0/erlang-lz4"
$ 5000  `find -P . -type l -delete  2>&1`
$ cd "/home/pete/wefwefwef/docs/erldocs_other.git"
$ cd "/home/pete/wefwefwef/docs/other/8658547425/erlang-lz4-tag-0.1.0/erlang-lz4"
$ 5000  `find 'erlang-lz4-0.1.0' -mindepth 1 -maxdepth 1 -exec mv -t . -- {} +  2>&1`
$ cd "/home/pete/wefwefwef/docs/erldocs_other.git"
 :: Getting dependencies
$ cd "/home/pete/wefwefwef/docs/other/8658547425/erlang-lz4-tag-0.1.0/erlang-lz4"
$ 5000  `ls -1 deps/  2>&1`
$ cd "/home/pete/wefwefwef/docs/erldocs_other.git"
>>> [rebar] deps = []
 :: Generating erldocs into /home/pete/wefwefwef/docs/other/8658547425/repo/0.1.0
Building erlang-lz4
Generating Type Specs - "/home/pete/wefwefwef/docs/other/8658547425/erlang-lz4-tag-0.1.0/erlang-lz4/src/lz4.erl"
Generating XML for application erlang-lz4 "/home/pete/wefwefwef/docs/other/8658547425/erlang-lz4-tag-0.1.0/erlang-lz4" -> "/home/pete/wefwefwef/docs/other/8658547425/repo/0.1.0/.xml/erlang-lz4"
Generated erlang-lz4 XMLs: ["/home/pete/wefwefwef/docs/other/8658547425/repo/0.1.0/.xml/erlang-lz4/lz4.xml"]
Generating HTML - lz4 "/home/pete/wefwefwef/docs/other/8658547425/repo/0.1.0/.xml/erlang-lz4/lz4.xml"
Reading XML for "/home/pete/wefwefwef/docs/other/8658547425/repo/0.1.0/.xml/erlang-lz4/lz4.xml"
Reading XML for "/home/pete/wefwefwef/docs/other/8658547425/repo/0.1.0/.xml/specs_lz4.xml"
Creating index.html ...
Creating erldocs_index.js ...
Woot, finished in 0 Minutes 0 Seconds
 :: Discovering other repos
$ 5000  `rm -r '/home/pete/wefwefwef/docs/other/8658547425/erlang-lz4-tag-0.1.0'  2>&1`
 :: Processing https://github.com/leo-project/erlang-lz4	{rev,tag,"0.1.1","8958dbbc524f89649eb5887f32853d6ac9f1a133",undefined,[],[]}
 :: Fetching repo code
$ cd "/home/pete/wefwefwef/docs/other/8658547425/erlang-lz4-tag-0.1.1/erlang-lz4"
$ infinity  `curl --fail --silent --show-error --location --output '0.1.1.zip' 'https://github.com/leo-project/erlang-lz4/archive/0.1.1.zip'  2>&1`
$ cd "/home/pete/wefwefwef/docs/erldocs_other.git"
$ cd "/home/pete/wefwefwef/docs/other/8658547425/erlang-lz4-tag-0.1.1/erlang-lz4"
$ 5000  `find -P . -type l -delete  2>&1`
$ cd "/home/pete/wefwefwef/docs/erldocs_other.git"
$ cd "/home/pete/wefwefwef/docs/other/8658547425/erlang-lz4-tag-0.1.1/erlang-lz4"
$ 5000  `find 'erlang-lz4-0.1.1' -mindepth 1 -maxdepth 1 -exec mv -t . -- {} +  2>&1`
$ cd "/home/pete/wefwefwef/docs/erldocs_other.git"
 :: Getting dependencies
$ cd "/home/pete/wefwefwef/docs/other/8658547425/erlang-lz4-tag-0.1.1/erlang-lz4"
$ 5000  `ls -1 deps/  2>&1`
$ cd "/home/pete/wefwefwef/docs/erldocs_other.git"
>>> [rebar] deps = []
 :: Generating erldocs into /home/pete/wefwefwef/docs/other/8658547425/repo/0.1.1
Building erlang-lz4
Generating Type Specs - "/home/pete/wefwefwef/docs/other/8658547425/erlang-lz4-tag-0.1.1/erlang-lz4/src/lz4.erl"
Generating XML for application erlang-lz4 "/home/pete/wefwefwef/docs/other/8658547425/erlang-lz4-tag-0.1.1/erlang-lz4" -> "/home/pete/wefwefwef/docs/other/8658547425/repo/0.1.1/.xml/erlang-lz4"
Generated erlang-lz4 XMLs: ["/home/pete/wefwefwef/docs/other/8658547425/repo/0.1.1/.xml/erlang-lz4/lz4.xml"]
Generating HTML - lz4 "/home/pete/wefwefwef/docs/other/8658547425/repo/0.1.1/.xml/erlang-lz4/lz4.xml"
Reading XML for "/home/pete/wefwefwef/docs/other/8658547425/repo/0.1.1/.xml/erlang-lz4/lz4.xml"
Reading XML for "/home/pete/wefwefwef/docs/other/8658547425/repo/0.1.1/.xml/specs_lz4.xml"
Creating index.html ...
Creating erldocs_index.js ...
Woot, finished in 0 Minutes 0 Seconds
 :: Discovering other repos
$ 5000  `rm -r '/home/pete/wefwefwef/docs/other/8658547425/erlang-lz4-tag-0.1.1'  2>&1`
 :: Processing https://github.com/leo-project/erlang-lz4	{rev,tag,"0.2","09f1867e89d4c71975b7ff2286ffb51664e852b7",undefined,[],[]}
 :: Fetching repo code
$ cd "/home/pete/wefwefwef/docs/other/8658547425/erlang-lz4-tag-0.2/erlang-lz4"
$ infinity  `curl --fail --silent --show-error --location --output '0.2.zip' 'https://github.com/leo-project/erlang-lz4/archive/0.2.zip'  2>&1`
$ cd "/home/pete/wefwefwef/docs/erldocs_other.git"
$ cd "/home/pete/wefwefwef/docs/other/8658547425/erlang-lz4-tag-0.2/erlang-lz4"
$ 5000  `find -P . -type l -delete  2>&1`
$ cd "/home/pete/wefwefwef/docs/erldocs_other.git"
$ cd "/home/pete/wefwefwef/docs/other/8658547425/erlang-lz4-tag-0.2/erlang-lz4"
$ 5000  `find 'erlang-lz4-0.2' -mindepth 1 -maxdepth 1 -exec mv -t . -- {} +  2>&1`
$ cd "/home/pete/wefwefwef/docs/erldocs_other.git"
 :: Getting dependencies
$ cd "/home/pete/wefwefwef/docs/other/8658547425/erlang-lz4-tag-0.2/erlang-lz4"
$ 5000  `ls -1 deps/  2>&1`
$ cd "/home/pete/wefwefwef/docs/erldocs_other.git"
>>> [rebar] deps = []
 :: Generating erldocs into /home/pete/wefwefwef/docs/other/8658547425/repo/0.2
Building erlang-lz4
Generating Type Specs - "/home/pete/wefwefwef/docs/other/8658547425/erlang-lz4-tag-0.2/erlang-lz4/src/lz4.erl"
Generating XML for application erlang-lz4 "/home/pete/wefwefwef/docs/other/8658547425/erlang-lz4-tag-0.2/erlang-lz4" -> "/home/pete/wefwefwef/docs/other/8658547425/repo/0.2/.xml/erlang-lz4"
Generated erlang-lz4 XMLs: ["/home/pete/wefwefwef/docs/other/8658547425/repo/0.2/.xml/erlang-lz4/lz4.xml"]
Generating HTML - lz4 "/home/pete/wefwefwef/docs/other/8658547425/repo/0.2/.xml/erlang-lz4/lz4.xml"
Reading XML for "/home/pete/wefwefwef/docs/other/8658547425/repo/0.2/.xml/erlang-lz4/lz4.xml"
Reading XML for "/home/pete/wefwefwef/docs/other/8658547425/repo/0.2/.xml/specs_lz4.xml"
Creating index.html ...
Creating erldocs_index.js ...
Woot, finished in 0 Minutes 0 Seconds
 :: Discovering other repos
$ 5000  `rm -r '/home/pete/wefwefwef/docs/other/8658547425/erlang-lz4-tag-0.2'  2>&1`
 :: Processing https://github.com/leo-project/erlang-lz4	{rev,tag,"0.2.1","d7e18fac051c48a991dd009d55ed6f65bfa1c7c1",undefined,[],[]}
 :: Fetching repo code
$ cd "/home/pete/wefwefwef/docs/other/8658547425/erlang-lz4-tag-0.2.1/erlang-lz4"
$ infinity  `curl --fail --silent --show-error --location --output '0.2.1.zip' 'https://github.com/leo-project/erlang-lz4/archive/0.2.1.zip'  2>&1`
$ cd "/home/pete/wefwefwef/docs/erldocs_other.git"
$ cd "/home/pete/wefwefwef/docs/other/8658547425/erlang-lz4-tag-0.2.1/erlang-lz4"
$ 5000  `find -P . -type l -delete  2>&1`
$ cd "/home/pete/wefwefwef/docs/erldocs_other.git"
$ cd "/home/pete/wefwefwef/docs/other/8658547425/erlang-lz4-tag-0.2.1/erlang-lz4"
$ 5000  `find 'erlang-lz4-0.2.1' -mindepth 1 -maxdepth 1 -exec mv -t . -- {} +  2>&1`
$ cd "/home/pete/wefwefwef/docs/erldocs_other.git"
 :: Getting dependencies
$ cd "/home/pete/wefwefwef/docs/other/8658547425/erlang-lz4-tag-0.2.1/erlang-lz4"
$ 5000  `ls -1 deps/  2>&1`
$ cd "/home/pete/wefwefwef/docs/erldocs_other.git"
>>> [rebar] deps = []
 :: Generating erldocs into /home/pete/wefwefwef/docs/other/8658547425/repo/0.2.1
Building erlang-lz4
Generating Type Specs - "/home/pete/wefwefwef/docs/other/8658547425/erlang-lz4-tag-0.2.1/erlang-lz4/src/lz4.erl"
Generating XML for application erlang-lz4 "/home/pete/wefwefwef/docs/other/8658547425/erlang-lz4-tag-0.2.1/erlang-lz4" -> "/home/pete/wefwefwef/docs/other/8658547425/repo/0.2.1/.xml/erlang-lz4"
Generated erlang-lz4 XMLs: ["/home/pete/wefwefwef/docs/other/8658547425/repo/0.2.1/.xml/erlang-lz4/lz4.xml"]
Generating HTML - lz4 "/home/pete/wefwefwef/docs/other/8658547425/repo/0.2.1/.xml/erlang-lz4/lz4.xml"
Reading XML for "/home/pete/wefwefwef/docs/other/8658547425/repo/0.2.1/.xml/erlang-lz4/lz4.xml"
Reading XML for "/home/pete/wefwefwef/docs/other/8658547425/repo/0.2.1/.xml/specs_lz4.xml"
Creating index.html ...
Creating erldocs_index.js ...
Woot, finished in 0 Minutes 0 Seconds
 :: Discovering other repos
$ 5000  `rm -r '/home/pete/wefwefwef/docs/other/8658547425/erlang-lz4-tag-0.2.1'  2>&1`
 :: Processing https://github.com/leo-project/erlang-lz4	{rev,tag,"0.2.2","80a57776c81687bb1ad386a71298847f6dd4fb33",undefined,[],[]}
 :: Fetching repo code
$ cd "/home/pete/wefwefwef/docs/other/8658547425/erlang-lz4-tag-0.2.2/erlang-lz4"
$ infinity  `curl --fail --silent --show-error --location --output '0.2.2.zip' 'https://github.com/leo-project/erlang-lz4/archive/0.2.2.zip'  2>&1`
$ cd "/home/pete/wefwefwef/docs/erldocs_other.git"
$ cd "/home/pete/wefwefwef/docs/other/8658547425/erlang-lz4-tag-0.2.2/erlang-lz4"
$ 5000  `find -P . -type l -delete  2>&1`
$ cd "/home/pete/wefwefwef/docs/erldocs_other.git"
$ cd "/home/pete/wefwefwef/docs/other/8658547425/erlang-lz4-tag-0.2.2/erlang-lz4"
$ 5000  `find 'erlang-lz4-0.2.2' -mindepth 1 -maxdepth 1 -exec mv -t . -- {} +  2>&1`
$ cd "/home/pete/wefwefwef/docs/erldocs_other.git"
 :: Getting dependencies
$ cd "/home/pete/wefwefwef/docs/other/8658547425/erlang-lz4-tag-0.2.2/erlang-lz4"
$ 5000  `ls -1 deps/  2>&1`
$ cd "/home/pete/wefwefwef/docs/erldocs_other.git"
>>> [rebar] deps = []
 :: Generating erldocs into /home/pete/wefwefwef/docs/other/8658547425/repo/0.2.2
Building erlang-lz4
Generating Type Specs - "/home/pete/wefwefwef/docs/other/8658547425/erlang-lz4-tag-0.2.2/erlang-lz4/src/lz4.erl"
Generating XML for application erlang-lz4 "/home/pete/wefwefwef/docs/other/8658547425/erlang-lz4-tag-0.2.2/erlang-lz4" -> "/home/pete/wefwefwef/docs/other/8658547425/repo/0.2.2/.xml/erlang-lz4"
Generated erlang-lz4 XMLs: ["/home/pete/wefwefwef/docs/other/8658547425/repo/0.2.2/.xml/erlang-lz4/lz4.xml"]
Generating HTML - lz4 "/home/pete/wefwefwef/docs/other/8658547425/repo/0.2.2/.xml/erlang-lz4/lz4.xml"
Reading XML for "/home/pete/wefwefwef/docs/other/8658547425/repo/0.2.2/.xml/erlang-lz4/lz4.xml"
Reading XML for "/home/pete/wefwefwef/docs/other/8658547425/repo/0.2.2/.xml/specs_lz4.xml"
Creating index.html ...
Creating erldocs_index.js ...
Woot, finished in 0 Minutes 0 Seconds
 :: Discovering other repos
$ 5000  `rm -r '/home/pete/wefwefwef/docs/other/8658547425/erlang-lz4-tag-0.2.2'  2>&1`
 :: Processing https://github.com/leo-project/erlang-lz4	{rev,branch,"develop","0572b0ea2aab83ec8cdd1526aaa5e7622fd6aee5",undefined,[],[]}
 :: Fetching repo code
$ cd "/home/pete/wefwefwef/docs/other/8658547425/erlang-lz4-branch-develop/erlang-lz4"
$ infinity  `curl --fail --silent --show-error --location --output 'develop.zip' 'https://github.com/leo-project/erlang-lz4/archive/develop.zip'  2>&1`
$ cd "/home/pete/wefwefwef/docs/erldocs_other.git"
$ cd "/home/pete/wefwefwef/docs/other/8658547425/erlang-lz4-branch-develop/erlang-lz4"
$ 5000  `find -P . -type l -delete  2>&1`
$ cd "/home/pete/wefwefwef/docs/erldocs_other.git"
$ cd "/home/pete/wefwefwef/docs/other/8658547425/erlang-lz4-branch-develop/erlang-lz4"
$ 5000  `find 'erlang-lz4-develop' -mindepth 1 -maxdepth 1 -exec mv -t . -- {} +  2>&1`
$ cd "/home/pete/wefwefwef/docs/erldocs_other.git"
 :: Getting dependencies
$ cd "/home/pete/wefwefwef/docs/other/8658547425/erlang-lz4-branch-develop/erlang-lz4"
$ 5000  `ls -1 deps/  2>&1`
$ cd "/home/pete/wefwefwef/docs/erldocs_other.git"
>>> [rebar] deps = []
 :: Generating erldocs into /home/pete/wefwefwef/docs/other/8658547425/repo/develop
Building erlang-lz4
Generating Type Specs - "/home/pete/wefwefwef/docs/other/8658547425/erlang-lz4-branch-develop/erlang-lz4/src/lz4.erl"
Generating XML for application erlang-lz4 "/home/pete/wefwefwef/docs/other/8658547425/erlang-lz4-branch-develop/erlang-lz4" -> "/home/pete/wefwefwef/docs/other/8658547425/repo/develop/.xml/erlang-lz4"
Generated erlang-lz4 XMLs: ["/home/pete/wefwefwef/docs/other/8658547425/repo/develop/.xml/erlang-lz4/lz4.xml"]
Generating HTML - lz4 "/home/pete/wefwefwef/docs/other/8658547425/repo/develop/.xml/erlang-lz4/lz4.xml"
Reading XML for "/home/pete/wefwefwef/docs/other/8658547425/repo/develop/.xml/erlang-lz4/lz4.xml"
Reading XML for "/home/pete/wefwefwef/docs/other/8658547425/repo/develop/.xml/specs_lz4.xml"
Creating index.html ...
Creating erldocs_index.js ...
Woot, finished in 0 Minutes 0 Seconds
 :: Discovering other repos
$ 5000  `rm -r '/home/pete/wefwefwef/docs/other/8658547425/erlang-lz4-branch-develop'  2>&1`
 :: Processing https://github.com/leo-project/erlang-lz4	{rev,branch,"feature/parallel","e0b250c6adf6bc48dea775cfe2e28d83874dcad5",undefined,[],[]}
 :: Fetching repo code
$ cd "/home/pete/wefwefwef/docs/other/8658547425/erlang-lz4-branch-feature/parallel/erlang-lz4"
$ infinity  `curl --fail --silent --show-error --location --output 'feature/parallel.zip' 'https://github.com/leo-project/erlang-lz4/archive/feature/parallel.zip'  2>&1`
$ cd "/home/pete/wefwefwef/docs/erldocs_other.git"
>>> [stdout] "curl: (23) Failed writing body (0 != 856)"
 :: Error running eo_core:
	[{eo_os,chk,2,[{file,"src/eo_os.erl"},{line,55}]},
         {eo_scm,fetch,2,[{file,"src/eo_scm.erl"},{line,80}]},
         {eo_core,copy_repo,5,[{file,"src/eo_core.erl"},{line,235}]},
         {eo_core,do,7,[{file,"src/eo_core.erl"},{line,94}]},
         {eo_core,'-main_/1-lc$^0/1-0-',8,
                  [{file,"src/eo_core.erl"},{line,77}]},
         {eo_core,'-main_/1-lc$^0/1-0-',8,
                  [{file,"src/eo_core.erl"},{line,78}]},
         {eo_core,main_,1,[{file,"src/eo_core.erl"},{line,77}]},
         {eo_core,main,1,[{file,"src/eo_core.erl"},{line,47}]}]
{throw,{sh,fetch_curl,error,23,
           [{"curl: (23) Failed writing body "},{"(0 != 856)"}]}}
