 :: Extracting meta information
$ 5000  `git ls-remote --heads --tags 'https://github.com/blinkov/ets-cache'  2>&1`
>>> [repo] 1 branches, 0 tags
 :: Writing meta to "/home/pete/wefwefwef/docs/other/5672139811/meta.txt"
 :: Processing https://github.com/blinkov/ets-cache	{rev,branch,"master","96e9a2a7c16127b8f4d0bdb279e28bd5600e4265",undefined,[],[]}
 :: Fetching repo code
$ cd "/home/pete/wefwefwef/docs/other/5672139811/ets-cache-branch-master/ets-cache"
$ infinity  `curl --fail --silent --show-error --location --output 'master.zip' 'https://github.com/blinkov/ets-cache/archive/master.zip'  2>&1`
$ cd "/home/pete/wefwefwef/docs/erldocs_other.git"
$ cd "/home/pete/wefwefwef/docs/other/5672139811/ets-cache-branch-master/ets-cache"
$ 5000  `find -P . -type l -delete  2>&1`
$ cd "/home/pete/wefwefwef/docs/erldocs_other.git"
$ cd "/home/pete/wefwefwef/docs/other/5672139811/ets-cache-branch-master/ets-cache"
$ 5000  `find 'ets-cache-master' -mindepth 1 -maxdepth 1 -exec mv -t . -- {} +  2>&1`
$ cd "/home/pete/wefwefwef/docs/erldocs_other.git"
 :: Getting dependencies
$ cd "/home/pete/wefwefwef/docs/other/5672139811/ets-cache-branch-master/ets-cache"
$ 5000  `ls -1 deps/  2>&1`
$ cd "/home/pete/wefwefwef/docs/erldocs_other.git"
>>> [rebar] deps = []
 :: Generating erldocs into /home/pete/wefwefwef/docs/other/5672139811/repo/master
Building ets-cache
Generating Type Specs - "/home/pete/wefwefwef/docs/other/5672139811/ets-cache-branch-master/ets-cache/src/cache.erl"
Generating Type Specs - "/home/pete/wefwefwef/docs/other/5672139811/ets-cache-branch-master/ets-cache/src/ets_cache.erl"
Generating Type Specs - "/home/pete/wefwefwef/docs/other/5672139811/ets-cache-branch-master/ets-cache/src/ets_cache_manager.erl"
Generating Type Specs - "/home/pete/wefwefwef/docs/other/5672139811/ets-cache-branch-master/ets-cache/src/ets_cache_sup.erl"
Generating Type Specs - "/home/pete/wefwefwef/docs/other/5672139811/ets-cache-branch-master/ets-cache/src/ets_cache_util.erl"
Generating XML for application ets-cache "/home/pete/wefwefwef/docs/other/5672139811/ets-cache-branch-master/ets-cache" -> "/home/pete/wefwefwef/docs/other/5672139811/repo/master/.xml/ets-cache"
Generated ets-cache XMLs: ["/home/pete/wefwefwef/docs/other/5672139811/repo/master/.xml/ets-cache/ets_cache_sup.xml",
                           "/home/pete/wefwefwef/docs/other/5672139811/repo/master/.xml/ets-cache/ets_cache.xml",
                           "/home/pete/wefwefwef/docs/other/5672139811/repo/master/.xml/ets-cache/ets_cache_util.xml",
                           "/home/pete/wefwefwef/docs/other/5672139811/repo/master/.xml/ets-cache/ets_cache_manager.xml",
                           "/home/pete/wefwefwef/docs/other/5672139811/repo/master/.xml/ets-cache/cache.xml"]
Generating HTML - ets_cache_sup "/home/pete/wefwefwef/docs/other/5672139811/repo/master/.xml/ets-cache/ets_cache_sup.xml"
Generating HTML - ets_cache "/home/pete/wefwefwef/docs/other/5672139811/repo/master/.xml/ets-cache/ets_cache.xml"
Generating HTML - ets_cache_util "/home/pete/wefwefwef/docs/other/5672139811/repo/master/.xml/ets-cache/ets_cache_util.xml"
Generating HTML - cache "/home/pete/wefwefwef/docs/other/5672139811/repo/master/.xml/ets-cache/cache.xml"
Reading XML for "/home/pete/wefwefwef/docs/other/5672139811/repo/master/.xml/ets-cache/ets_cache_sup.xml"
Reading XML for "/home/pete/wefwefwef/docs/other/5672139811/repo/master/.xml/ets-cache/ets_cache.xml"
Reading XML for "/home/pete/wefwefwef/docs/other/5672139811/repo/master/.xml/ets-cache/ets_cache_util.xml"
Reading XML for "/home/pete/wefwefwef/docs/other/5672139811/repo/master/.xml/ets-cache/cache.xml"
Reading XML for "/home/pete/wefwefwef/docs/other/5672139811/repo/master/.xml/specs_ets_cache_sup.xml"
Reading XML for "/home/pete/wefwefwef/docs/other/5672139811/repo/master/.xml/specs_ets_cache.xml"
Reading XML for "/home/pete/wefwefwef/docs/other/5672139811/repo/master/.xml/specs_ets_cache_util.xml"
Reading XML for "/home/pete/wefwefwef/docs/other/5672139811/repo/master/.xml/specs_cache.xml"
Generating HTML - ets_cache_manager "/home/pete/wefwefwef/docs/other/5672139811/repo/master/.xml/ets-cache/ets_cache_manager.xml"
Reading XML for "/home/pete/wefwefwef/docs/other/5672139811/repo/master/.xml/ets-cache/ets_cache_manager.xml"
Reading XML for "/home/pete/wefwefwef/docs/other/5672139811/repo/master/.xml/specs_ets_cache_manager.xml"
Creating index.html ...
Creating erldocs_index.js ...
Woot, finished in 0 Minutes 0 Seconds
 :: Discovering other repos
$ 5000  `rm -r '/home/pete/wefwefwef/docs/other/5672139811/ets-cache-branch-master'  2>&1`
 :: Finishing up
$ 5000  `rm -r '/home/pete/wefwefwef/docs/other/5672139811/ets-cache'  2>&1`
