 :: Extracting meta information
$ 5000  `git ls-remote --heads --tags 'https://github.com/staffan-einarsson/erledit'  2>&1`
>>> [repo] 1 branches, 0 tags
 :: Writing meta to "/home/pete/wefwefwef/docs/other/391926154/meta.txt"
 :: Processing https://github.com/staffan-einarsson/erledit	{rev,branch,"master","6f124382135172bf100380eb77639aafbec22065",undefined,[],[]}
 :: Fetching repo code
$ cd "/home/pete/wefwefwef/docs/other/391926154/erledit-branch-master/erledit"
$ infinity  `curl --fail --silent --show-error --location --output 'master.zip' 'https://github.com/staffan-einarsson/erledit/archive/master.zip'  2>&1`
$ cd "/home/pete/wefwefwef/docs/erldocs_other.git"
$ cd "/home/pete/wefwefwef/docs/other/391926154/erledit-branch-master/erledit"
$ 5000  `find -P . -type l -delete  2>&1`
$ cd "/home/pete/wefwefwef/docs/erldocs_other.git"
$ cd "/home/pete/wefwefwef/docs/other/391926154/erledit-branch-master/erledit"
$ 5000  `find 'erledit-master' -mindepth 1 -maxdepth 1 -exec mv -t . -- {} +  2>&1`
$ cd "/home/pete/wefwefwef/docs/erldocs_other.git"
 :: Getting dependencies
$ cd "/home/pete/wefwefwef/docs/other/391926154/erledit-branch-master/erledit"
$ 5000  `ls -1 deps/  2>&1`
$ cd "/home/pete/wefwefwef/docs/erldocs_other.git"
>>> [rebar] deps = []
 :: Generating erldocs into /home/pete/wefwefwef/docs/other/391926154/repo/master
Building erledit
Generating Type Specs - "/home/pete/wefwefwef/docs/other/391926154/erledit-branch-master/erledit/src/ee_buffer.erl"
Generating Type Specs - "/home/pete/wefwefwef/docs/other/391926154/erledit-branch-master/erledit/src/ee_buffer_coords.erl"
Generating Type Specs - "/home/pete/wefwefwef/docs/other/391926154/erledit-branch-master/erledit/src/ee_buffer_line.erl"
Generating Type Specs - "/home/pete/wefwefwef/docs/other/391926154/erledit-branch-master/erledit/src/ee_caret.erl"
Generating Type Specs - "/home/pete/wefwefwef/docs/other/391926154/erledit-branch-master/erledit/src/ee_doc_set.erl"
Generating Type Specs - "/home/pete/wefwefwef/docs/other/391926154/erledit-branch-master/erledit/src/ee_document.erl"
Generating Type Specs - "/home/pete/wefwefwef/docs/other/391926154/erledit-branch-master/erledit/src/ee_document_controller.erl"
Generating Type Specs - "/home/pete/wefwefwef/docs/other/391926154/erledit-branch-master/erledit/src/ee_document_sup.erl"
Generating Type Specs - "/home/pete/wefwefwef/docs/other/391926154/erledit-branch-master/erledit/src/ee_gui.erl"
Generating Type Specs - "/home/pete/wefwefwef/docs/other/391926154/erledit-branch-master/erledit/src/ee_pubsub.erl"
Generating Type Specs - "/home/pete/wefwefwef/docs/other/391926154/erledit-branch-master/erledit/src/ee_sup.erl"
Generating Type Specs - "/home/pete/wefwefwef/docs/other/391926154/erledit-branch-master/erledit/src/erledit.erl"
Generating Type Specs - "/home/pete/wefwefwef/docs/other/391926154/erledit-branch-master/erledit/src/erledit_app.erl"
Generating Type Specs - "/home/pete/wefwefwef/docs/other/391926154/erledit-branch-master/erledit/src/erledit_test.erl"
Generating XML for application erledit "/home/pete/wefwefwef/docs/other/391926154/erledit-branch-master/erledit" -> "/home/pete/wefwefwef/docs/other/391926154/repo/master/.xml/erledit"
Generated erledit XMLs: ["/home/pete/wefwefwef/docs/other/391926154/repo/master/.xml/erledit/ee_caret.xml",
                         "/home/pete/wefwefwef/docs/other/391926154/repo/master/.xml/erledit/ee_document_sup.xml",
                         "/home/pete/wefwefwef/docs/other/391926154/repo/master/.xml/erledit/erledit_app.xml",
                         "/home/pete/wefwefwef/docs/other/391926154/repo/master/.xml/erledit/ee_gui.xml",
                         "/home/pete/wefwefwef/docs/other/391926154/repo/master/.xml/erledit/ee_document_controller.xml",
                         "/home/pete/wefwefwef/docs/other/391926154/repo/master/.xml/erledit/erledit_test.xml",
                         "/home/pete/wefwefwef/docs/other/391926154/repo/master/.xml/erledit/ee_document.xml",
                         "/home/pete/wefwefwef/docs/other/391926154/repo/master/.xml/erledit/ee_buffer_coords.xml",
                         "/home/pete/wefwefwef/docs/other/391926154/repo/master/.xml/erledit/erledit.xml",
                         "/home/pete/wefwefwef/docs/other/391926154/repo/master/.xml/erledit/ee_buffer_line.xml",
                         "/home/pete/wefwefwef/docs/other/391926154/repo/master/.xml/erledit/ee_pubsub.xml",
                         "/home/pete/wefwefwef/docs/other/391926154/repo/master/.xml/erledit/ee_buffer.xml",
                         "/home/pete/wefwefwef/docs/other/391926154/repo/master/.xml/erledit/ee_doc_set.xml",
                         "/home/pete/wefwefwef/docs/other/391926154/repo/master/.xml/erledit/ee_sup.xml"]
Generating HTML - erledit_app "/home/pete/wefwefwef/docs/other/391926154/repo/master/.xml/erledit/erledit_app.xml"
Generating HTML - erledit_test "/home/pete/wefwefwef/docs/other/391926154/repo/master/.xml/erledit/erledit_test.xml"
Generating HTML - erledit "/home/pete/wefwefwef/docs/other/391926154/repo/master/.xml/erledit/erledit.xml"
Generating HTML - ee_sup "/home/pete/wefwefwef/docs/other/391926154/repo/master/.xml/erledit/ee_sup.xml"
Reading XML for "/home/pete/wefwefwef/docs/other/391926154/repo/master/.xml/erledit/erledit_app.xml"
Reading XML for "/home/pete/wefwefwef/docs/other/391926154/repo/master/.xml/erledit/erledit_test.xml"
Reading XML for "/home/pete/wefwefwef/docs/other/391926154/repo/master/.xml/erledit/erledit.xml"
Reading XML for "/home/pete/wefwefwef/docs/other/391926154/repo/master/.xml/erledit/ee_sup.xml"
Reading XML for "/home/pete/wefwefwef/docs/other/391926154/repo/master/.xml/specs_erledit.xml"
Reading XML for "/home/pete/wefwefwef/docs/other/391926154/repo/master/.xml/specs_ee_sup.xml"
Reading XML for "/home/pete/wefwefwef/docs/other/391926154/repo/master/.xml/specs_erledit_test.xml"
Reading XML for "/home/pete/wefwefwef/docs/other/391926154/repo/master/.xml/specs_erledit_app.xml"
Generating HTML - ee_buffer_coords "/home/pete/wefwefwef/docs/other/391926154/repo/master/.xml/erledit/ee_buffer_coords.xml"
Reading XML for "/home/pete/wefwefwef/docs/other/391926154/repo/master/.xml/erledit/ee_buffer_coords.xml"
Generating HTML - ee_document_controller "/home/pete/wefwefwef/docs/other/391926154/repo/master/.xml/erledit/ee_document_controller.xml"
Generating HTML - ee_doc_set "/home/pete/wefwefwef/docs/other/391926154/repo/master/.xml/erledit/ee_doc_set.xml"
Reading XML for "/home/pete/wefwefwef/docs/other/391926154/repo/master/.xml/erledit/ee_document_controller.xml"
Reading XML for "/home/pete/wefwefwef/docs/other/391926154/repo/master/.xml/erledit/ee_doc_set.xml"
Generating HTML - ee_document_sup "/home/pete/wefwefwef/docs/other/391926154/repo/master/.xml/erledit/ee_document_sup.xml"
Reading XML for "/home/pete/wefwefwef/docs/other/391926154/repo/master/.xml/erledit/ee_document_sup.xml"
Reading XML for "/home/pete/wefwefwef/docs/other/391926154/repo/master/.xml/specs_ee_buffer_coords.xml"
Generating HTML - ee_document "/home/pete/wefwefwef/docs/other/391926154/repo/master/.xml/erledit/ee_document.xml"
Reading XML for "/home/pete/wefwefwef/docs/other/391926154/repo/master/.xml/erledit/ee_document.xml"
Reading XML for "/home/pete/wefwefwef/docs/other/391926154/repo/master/.xml/specs_ee_document_controller.xml"
Reading XML for "/home/pete/wefwefwef/docs/other/391926154/repo/master/.xml/specs_ee_document_sup.xml"
Reading XML for "/home/pete/wefwefwef/docs/other/391926154/repo/master/.xml/specs_ee_doc_set.xml"
Generating HTML - ee_gui "/home/pete/wefwefwef/docs/other/391926154/repo/master/.xml/erledit/ee_gui.xml"
Reading XML for "/home/pete/wefwefwef/docs/other/391926154/repo/master/.xml/erledit/ee_gui.xml"
Generating HTML - ee_caret "/home/pete/wefwefwef/docs/other/391926154/repo/master/.xml/erledit/ee_caret.xml"
Reading XML for "/home/pete/wefwefwef/docs/other/391926154/repo/master/.xml/erledit/ee_caret.xml"
Generating HTML - ee_buffer "/home/pete/wefwefwef/docs/other/391926154/repo/master/.xml/erledit/ee_buffer.xml"
Reading XML for "/home/pete/wefwefwef/docs/other/391926154/repo/master/.xml/erledit/ee_buffer.xml"
Reading XML for "/home/pete/wefwefwef/docs/other/391926154/repo/master/.xml/specs_ee_document.xml"
Reading XML for "/home/pete/wefwefwef/docs/other/391926154/repo/master/.xml/specs_ee_gui.xml"
Reading XML for "/home/pete/wefwefwef/docs/other/391926154/repo/master/.xml/specs_ee_caret.xml"
Reading XML for "/home/pete/wefwefwef/docs/other/391926154/repo/master/.xml/specs_ee_buffer.xml"
Generating HTML - ee_pubsub "/home/pete/wefwefwef/docs/other/391926154/repo/master/.xml/erledit/ee_pubsub.xml"
Reading XML for "/home/pete/wefwefwef/docs/other/391926154/repo/master/.xml/erledit/ee_pubsub.xml"
Reading XML for "/home/pete/wefwefwef/docs/other/391926154/repo/master/.xml/specs_ee_pubsub.xml"
Generating HTML - ee_buffer_line "/home/pete/wefwefwef/docs/other/391926154/repo/master/.xml/erledit/ee_buffer_line.xml"
Reading XML for "/home/pete/wefwefwef/docs/other/391926154/repo/master/.xml/erledit/ee_buffer_line.xml"
Reading XML for "/home/pete/wefwefwef/docs/other/391926154/repo/master/.xml/specs_ee_buffer_line.xml"
Creating index.html ...
Creating erldocs_index.js ...
Woot, finished in 0 Minutes 3 Seconds
 :: Discovering other repos
$ 5000  `rm -r '/home/pete/wefwefwef/docs/other/391926154/erledit-branch-master'  2>&1`
 :: Finishing up
$ 5000  `rm -r '/home/pete/wefwefwef/docs/other/391926154/erledit'  2>&1`
