 :: Extracting meta information
$ 5000  `git ls-remote --heads --tags 'https://github.com/eproxus/grapherl'  2>&1`
>>> [repo] 1 branches, 0 tags
 :: Writing meta to "/home/pete/wefwefwef/docs/other/8568922079/meta.txt"
 :: Processing https://github.com/eproxus/grapherl	{rev,branch,"master","24c86c792dd3f4e11024fc9afba75cc3135c5097",undefined,[],[]}
 :: Fetching repo code
$ cd "/home/pete/wefwefwef/docs/other/8568922079/grapherl-branch-master/grapherl"
$ infinity  `curl --fail --silent --show-error --location --output 'master.zip' 'https://github.com/eproxus/grapherl/archive/master.zip'  2>&1`
$ cd "/home/pete/wefwefwef/docs/erldocs_other.git"
$ cd "/home/pete/wefwefwef/docs/other/8568922079/grapherl-branch-master/grapherl"
$ 5000  `find -P . -type l -delete  2>&1`
$ cd "/home/pete/wefwefwef/docs/erldocs_other.git"
$ cd "/home/pete/wefwefwef/docs/other/8568922079/grapherl-branch-master/grapherl"
$ 5000  `find 'grapherl-master' -mindepth 1 -maxdepth 1 -exec mv -t . -- {} +  2>&1`
$ cd "/home/pete/wefwefwef/docs/erldocs_other.git"
 :: Getting dependencies
$ cd "/home/pete/wefwefwef/docs/other/8568922079/grapherl-branch-master/grapherl"
$ 5000  `ls -1 deps/  2>&1`
$ cd "/home/pete/wefwefwef/docs/erldocs_other.git"
>>> [rebar] deps = []
 :: Generating erldocs into /home/pete/wefwefwef/docs/other/8568922079/repo/master
Building grapherl
Generating Type Specs - "/home/pete/wefwefwef/docs/other/8568922079/grapherl-branch-master/grapherl/src/getopt.erl"
Generating Type Specs - "/home/pete/wefwefwef/docs/other/8568922079/grapherl-branch-master/grapherl/src/grapherl.erl"
Generating XML for application grapherl "/home/pete/wefwefwef/docs/other/8568922079/grapherl-branch-master/grapherl" -> "/home/pete/wefwefwef/docs/other/8568922079/repo/master/.xml/grapherl"
Generated grapherl XMLs: ["/home/pete/wefwefwef/docs/other/8568922079/repo/master/.xml/grapherl/grapherl.xml",
                          "/home/pete/wefwefwef/docs/other/8568922079/repo/master/.xml/grapherl/getopt.xml"]
Generating HTML - getopt "/home/pete/wefwefwef/docs/other/8568922079/repo/master/.xml/grapherl/getopt.xml"
Reading XML for "/home/pete/wefwefwef/docs/other/8568922079/repo/master/.xml/grapherl/getopt.xml"
Reading XML for "/home/pete/wefwefwef/docs/other/8568922079/repo/master/.xml/specs_getopt.xml"
Generating HTML - grapherl "/home/pete/wefwefwef/docs/other/8568922079/repo/master/.xml/grapherl/grapherl.xml"
Reading XML for "/home/pete/wefwefwef/docs/other/8568922079/repo/master/.xml/grapherl/grapherl.xml"
Reading XML for "/home/pete/wefwefwef/docs/other/8568922079/repo/master/.xml/specs_grapherl.xml"
Creating index.html ...
Creating erldocs_index.js ...
Woot, finished in 0 Minutes 0 Seconds
 :: Discovering other repos
$ 5000  `rm -r '/home/pete/wefwefwef/docs/other/8568922079/grapherl-branch-master'  2>&1`
 :: Finishing up
$ 5000  `rm -r '/home/pete/wefwefwef/docs/other/8568922079/grapherl'  2>&1`
