 :: Extracting meta information
$ 5000  `git ls-remote --heads --tags 'https://github.com/ggrise/erlgeo'  2>&1`
>>> [repo] 1 branches, 0 tags
 :: Writing meta to "/home/pete/wefwefwef/docs/other/5767763861/meta.txt"
 :: Processing https://github.com/ggrise/erlgeo	{rev,branch,"master","000c772f6f0b5bc4446daf4fe6ded98e4d4aa5db"}
 :: Fetching repo code
$ cd "/home/pete/wefwefwef/docs/other/5767763861/erlgeo-branch-master/erlgeo"
$ infinity  `curl --fail --silent --show-error --location --output 'master.zip' 'https://github.com/ggrise/erlgeo/archive/master.zip'  2>&1`
$ cd "/home/pete/wefwefwef/docs/erldocs_other.git"
$ cd "/home/pete/wefwefwef/docs/other/5767763861/erlgeo-branch-master/erlgeo"
$ 5000  `find -P . -type l -delete  2>&1`
$ cd "/home/pete/wefwefwef/docs/erldocs_other.git"
$ cd "/home/pete/wefwefwef/docs/other/5767763861/erlgeo-branch-master/erlgeo"
$ 5000  `find 'erlgeo-master' -mindepth 1 -maxdepth 1 -exec mv -t . -- {} +  2>&1`
$ cd "/home/pete/wefwefwef/docs/erldocs_other.git"
 :: Getting dependencies
$ cd "/home/pete/wefwefwef/docs/other/5767763861/erlgeo-branch-master/erlgeo"
$ 5000  `ls -1 deps/  2>&1`
$ cd "/home/pete/wefwefwef/docs/erldocs_other.git"
>>> [rebar] deps = []
 :: Generating erldocs into /home/pete/wefwefwef/docs/other/5767763861/repo/master
Building erlgeo
Generating Type Specs - "/home/pete/wefwefwef/docs/other/5767763861/erlgeo-branch-master/erlgeo/src/erlgeo.erl"
Generating Type Specs - "/home/pete/wefwefwef/docs/other/5767763861/erlgeo-branch-master/erlgeo/src/geo_context.erl"
Generating Type Specs - "/home/pete/wefwefwef/docs/other/5767763861/erlgeo-branch-master/erlgeo/src/geometry.erl"
Generating Type Specs - "/home/pete/wefwefwef/docs/other/5767763861/erlgeo-branch-master/erlgeo/src/geometry_test.erl"
Generating Type Specs - "/home/pete/wefwefwef/docs/other/5767763861/erlgeo-branch-master/erlgeo/src/geos_c.erl"
Generating XML for application erlgeo "/home/pete/wefwefwef/docs/other/5767763861/erlgeo-branch-master/erlgeo" -> "/home/pete/wefwefwef/docs/other/5767763861/repo/master/.xml/erlgeo"
Generated erlgeo XMLs: ["/home/pete/wefwefwef/docs/other/5767763861/repo/master/.xml/erlgeo/geo_context.xml",
                        "/home/pete/wefwefwef/docs/other/5767763861/repo/master/.xml/erlgeo/geos_c.xml",
                        "/home/pete/wefwefwef/docs/other/5767763861/repo/master/.xml/erlgeo/erlgeo.xml",
                        "/home/pete/wefwefwef/docs/other/5767763861/repo/master/.xml/erlgeo/geometry_test.xml",
                        "/home/pete/wefwefwef/docs/other/5767763861/repo/master/.xml/erlgeo/geometry.xml"]
Generating HTML - geo_context "/home/pete/wefwefwef/docs/other/5767763861/repo/master/.xml/erlgeo/geo_context.xml"
Generating HTML - geos_c "/home/pete/wefwefwef/docs/other/5767763861/repo/master/.xml/erlgeo/geos_c.xml"
Generating HTML - erlgeo "/home/pete/wefwefwef/docs/other/5767763861/repo/master/.xml/erlgeo/erlgeo.xml"
Generating HTML - geometry "/home/pete/wefwefwef/docs/other/5767763861/repo/master/.xml/erlgeo/geometry.xml"
Reading XML for "/home/pete/wefwefwef/docs/other/5767763861/repo/master/.xml/erlgeo/geo_context.xml"
Reading XML for "/home/pete/wefwefwef/docs/other/5767763861/repo/master/.xml/erlgeo/geos_c.xml"
Reading XML for "/home/pete/wefwefwef/docs/other/5767763861/repo/master/.xml/erlgeo/erlgeo.xml"
Reading XML for "/home/pete/wefwefwef/docs/other/5767763861/repo/master/.xml/erlgeo/geometry.xml"
Reading XML for "/home/pete/wefwefwef/docs/other/5767763861/repo/master/.xml/specs_erlgeo.xml"
Reading XML for "/home/pete/wefwefwef/docs/other/5767763861/repo/master/.xml/specs_geos_c.xml"
Reading XML for "/home/pete/wefwefwef/docs/other/5767763861/repo/master/.xml/specs_geometry.xml"
Generating HTML - geometry_test "/home/pete/wefwefwef/docs/other/5767763861/repo/master/.xml/erlgeo/geometry_test.xml"
Reading XML for "/home/pete/wefwefwef/docs/other/5767763861/repo/master/.xml/erlgeo/geometry_test.xml"
Reading XML for "/home/pete/wefwefwef/docs/other/5767763861/repo/master/.xml/specs_geo_context.xml"
Reading XML for "/home/pete/wefwefwef/docs/other/5767763861/repo/master/.xml/specs_geometry_test.xml"
Creating index.html ...
Creating erldocs_index.js ...
Woot, finished in 0 Minutes 0 Seconds
 :: Discovering other repos
$ 5000  `rm -r '/home/pete/wefwefwef/docs/other/5767763861/erlgeo-branch-master'  2>&1`
 :: Erldocs finishing up
$ 5000  `rm -r '/home/pete/wefwefwef/docs/other/5767763861/erlgeo'  2>&1`
