 :: Extracting meta information
$ infinity  `git ls-remote --heads --tags 'https://github.com/xenolinguist/hoax'  2>&1`
>>> [repo] 4 branches, 9 tags
 :: Writing meta to "/home/pete/wefwefwef/docs/other/225a04c3f6eab31537fa30d71190e120/meta.txt"
 :: Skipping tag "0.9.0"
 :: Skipping tag "0.9.1"
 :: Skipping tag "0.9.2"
 :: Skipping tag "0.9.3"
 :: Skipping tag "0.9.4"
 :: Skipping tag "0.9.5"
 :: Skipping tag "0.9.6"
 :: Skipping tag "0.9.7"
 :: Skipping branch "parse_transform"
 :: Skipping branch "temp_wip"
 :: Processing https://github.com/xenolinguist/hoax	{rev,branch,"master","2d6da4831915803ac48505bcce43e1b8a17492e5",undefined,[],[]}
 :: Fetching repo code
$ cd '/home/pete/wefwefwef/docs/other/225a04c3f6eab31537fa30d71190e120/hoax-branch-master'
$ infinity  `curl --fail --silent --show-error --location --output repo.tar.gz 'https://codeload.github.com/xenolinguist/hoax/legacy.tar.gz/master'  2>&1`
$ cd '/home/pete/wefwefwef/docs/erldocs_other.git'
$ cd '/home/pete/wefwefwef/docs/other/225a04c3f6eab31537fa30d71190e120/hoax-branch-master/xenolinguist-hoax-2d6da48'
$ 5000  `find -P . -type l -delete  2>&1`
$ cd '/home/pete/wefwefwef/docs/erldocs_other.git'
$ 5000  `mv '/home/pete/wefwefwef/docs/other/225a04c3f6eab31537fa30d71190e120/hoax-branch-master/xenolinguist-hoax-2d6da48' '/home/pete/wefwefwef/docs/other/225a04c3f6eab31537fa30d71190e120/hoax-branch-master/hoax'  2>&1`
 :: Getting dependencies
$ cd '/home/pete/wefwefwef/docs/other/225a04c3f6eab31537fa30d71190e120/hoax-branch-master/hoax'
$ 5000  `ls -1 deps/  2>&1`
$ cd '/home/pete/wefwefwef/docs/erldocs_other.git'
>>> [rebar] deps = []
 :: Generating erldocs into /home/pete/wefwefwef/docs/other/225a04c3f6eab31537fa30d71190e120/repo/master
Building hoax
Generating Type Specs - "/home/pete/wefwefwef/docs/other/225a04c3f6eab31537fa30d71190e120/hoax-branch-master/hoax/src/hoax.erl"
Generating Type Specs - "/home/pete/wefwefwef/docs/other/225a04c3f6eab31537fa30d71190e120/hoax-branch-master/hoax/src/hoax_code.erl"
Generating Type Specs - "/home/pete/wefwefwef/docs/other/225a04c3f6eab31537fa30d71190e120/hoax-branch-master/hoax/src/hoax_expect.erl"
Generating Type Specs - "/home/pete/wefwefwef/docs/other/225a04c3f6eab31537fa30d71190e120/hoax-branch-master/hoax/src/hoax_fmt.erl"
Generating Type Specs - "/home/pete/wefwefwef/docs/other/225a04c3f6eab31537fa30d71190e120/hoax-branch-master/hoax/src/hoax_fun.erl"
Generating Type Specs - "/home/pete/wefwefwef/docs/other/225a04c3f6eab31537fa30d71190e120/hoax-branch-master/hoax/src/hoax_invocation.erl"
Generating Type Specs - "/home/pete/wefwefwef/docs/other/225a04c3f6eab31537fa30d71190e120/hoax-branch-master/hoax/src/hoax_module.erl"
Generating Type Specs - "/home/pete/wefwefwef/docs/other/225a04c3f6eab31537fa30d71190e120/hoax-branch-master/hoax/src/hoax_tab.erl"
Generating XML for application hoax "/home/pete/wefwefwef/docs/other/225a04c3f6eab31537fa30d71190e120/hoax-branch-master/hoax" -> "/home/pete/wefwefwef/docs/other/225a04c3f6eab31537fa30d71190e120/repo/master/.xml/hoax"
Generated hoax XMLs: ["/home/pete/wefwefwef/docs/other/225a04c3f6eab31537fa30d71190e120/repo/master/.xml/hoax/hoax_invocation.xml",
                      "/home/pete/wefwefwef/docs/other/225a04c3f6eab31537fa30d71190e120/repo/master/.xml/hoax/hoax_code.xml",
                      "/home/pete/wefwefwef/docs/other/225a04c3f6eab31537fa30d71190e120/repo/master/.xml/hoax/hoax_expect.xml",
                      "/home/pete/wefwefwef/docs/other/225a04c3f6eab31537fa30d71190e120/repo/master/.xml/hoax/hoax_fmt.xml",
                      "/home/pete/wefwefwef/docs/other/225a04c3f6eab31537fa30d71190e120/repo/master/.xml/hoax/hoax_fun.xml",
                      "/home/pete/wefwefwef/docs/other/225a04c3f6eab31537fa30d71190e120/repo/master/.xml/hoax/hoax_tab.xml",
                      "/home/pete/wefwefwef/docs/other/225a04c3f6eab31537fa30d71190e120/repo/master/.xml/hoax/hoax_module.xml",
                      "/home/pete/wefwefwef/docs/other/225a04c3f6eab31537fa30d71190e120/repo/master/.xml/hoax/hoax.xml"]
Generating HTML - hoax_code "/home/pete/wefwefwef/docs/other/225a04c3f6eab31537fa30d71190e120/repo/master/.xml/hoax/hoax_code.xml"
Generating HTML - hoax_fmt "/home/pete/wefwefwef/docs/other/225a04c3f6eab31537fa30d71190e120/repo/master/.xml/hoax/hoax_fmt.xml"
Generating HTML - hoax_tab "/home/pete/wefwefwef/docs/other/225a04c3f6eab31537fa30d71190e120/repo/master/.xml/hoax/hoax_tab.xml"
Generating HTML - hoax "/home/pete/wefwefwef/docs/other/225a04c3f6eab31537fa30d71190e120/repo/master/.xml/hoax/hoax.xml"
Reading XML for "/home/pete/wefwefwef/docs/other/225a04c3f6eab31537fa30d71190e120/repo/master/.xml/hoax/hoax_code.xml"
Reading XML for "/home/pete/wefwefwef/docs/other/225a04c3f6eab31537fa30d71190e120/repo/master/.xml/hoax/hoax_fmt.xml"
Reading XML for "/home/pete/wefwefwef/docs/other/225a04c3f6eab31537fa30d71190e120/repo/master/.xml/hoax/hoax_tab.xml"
Reading XML for "/home/pete/wefwefwef/docs/other/225a04c3f6eab31537fa30d71190e120/repo/master/.xml/hoax/hoax.xml"
Reading XML for "/home/pete/wefwefwef/docs/other/225a04c3f6eab31537fa30d71190e120/repo/master/.xml/specs_hoax_fmt.xml"
Reading XML for "/home/pete/wefwefwef/docs/other/225a04c3f6eab31537fa30d71190e120/repo/master/.xml/specs_hoax_code.xml"
Generating HTML - hoax_expect "/home/pete/wefwefwef/docs/other/225a04c3f6eab31537fa30d71190e120/repo/master/.xml/hoax/hoax_expect.xml"
Reading XML for "/home/pete/wefwefwef/docs/other/225a04c3f6eab31537fa30d71190e120/repo/master/.xml/hoax/hoax_expect.xml"
Generating HTML - hoax_invocation "/home/pete/wefwefwef/docs/other/225a04c3f6eab31537fa30d71190e120/repo/master/.xml/hoax/hoax_invocation.xml"
Reading XML for "/home/pete/wefwefwef/docs/other/225a04c3f6eab31537fa30d71190e120/repo/master/.xml/hoax/hoax_invocation.xml"
Reading XML for "/home/pete/wefwefwef/docs/other/225a04c3f6eab31537fa30d71190e120/repo/master/.xml/specs_hoax.xml"
Reading XML for "/home/pete/wefwefwef/docs/other/225a04c3f6eab31537fa30d71190e120/repo/master/.xml/specs_hoax_tab.xml"
Generating HTML - hoax_fun "/home/pete/wefwefwef/docs/other/225a04c3f6eab31537fa30d71190e120/repo/master/.xml/hoax/hoax_fun.xml"
Reading XML for "/home/pete/wefwefwef/docs/other/225a04c3f6eab31537fa30d71190e120/repo/master/.xml/hoax/hoax_fun.xml"
Generating HTML - hoax_module "/home/pete/wefwefwef/docs/other/225a04c3f6eab31537fa30d71190e120/repo/master/.xml/hoax/hoax_module.xml"
Reading XML for "/home/pete/wefwefwef/docs/other/225a04c3f6eab31537fa30d71190e120/repo/master/.xml/hoax/hoax_module.xml"
Reading XML for "/home/pete/wefwefwef/docs/other/225a04c3f6eab31537fa30d71190e120/repo/master/.xml/specs_hoax_expect.xml"
Reading XML for "/home/pete/wefwefwef/docs/other/225a04c3f6eab31537fa30d71190e120/repo/master/.xml/specs_hoax_invocation.xml"
Reading XML for "/home/pete/wefwefwef/docs/other/225a04c3f6eab31537fa30d71190e120/repo/master/.xml/specs_hoax_module.xml"
Reading XML for "/home/pete/wefwefwef/docs/other/225a04c3f6eab31537fa30d71190e120/repo/master/.xml/specs_hoax_fun.xml"
Creating index.html ...
Creating erldocs_index.js ...
Woot, finished in 0 Minutes 0 Seconds
 :: Discovering other repos
$ 5000  `rm -r '/home/pete/wefwefwef/docs/other/225a04c3f6eab31537fa30d71190e120/hoax-branch-master'  2>&1`
 :: Processing https://github.com/xenolinguist/hoax	{rev,branch,"issue_10","46b49e3c46383e1203b75258490d8dc005f38310",undefined,[],[]}
 :: Fetching repo code
$ cd '/home/pete/wefwefwef/docs/other/225a04c3f6eab31537fa30d71190e120/hoax-branch-issue_10'
$ infinity  `curl --fail --silent --show-error --location --output repo.tar.gz 'https://codeload.github.com/xenolinguist/hoax/legacy.tar.gz/issue_10'  2>&1`
$ cd '/home/pete/wefwefwef/docs/erldocs_other.git'
$ cd '/home/pete/wefwefwef/docs/other/225a04c3f6eab31537fa30d71190e120/hoax-branch-issue_10/xenolinguist-hoax-46b49e3'
$ 5000  `find -P . -type l -delete  2>&1`
$ cd '/home/pete/wefwefwef/docs/erldocs_other.git'
$ 5000  `mv '/home/pete/wefwefwef/docs/other/225a04c3f6eab31537fa30d71190e120/hoax-branch-issue_10/xenolinguist-hoax-46b49e3' '/home/pete/wefwefwef/docs/other/225a04c3f6eab31537fa30d71190e120/hoax-branch-issue_10/hoax'  2>&1`
 :: Getting dependencies
$ cd '/home/pete/wefwefwef/docs/other/225a04c3f6eab31537fa30d71190e120/hoax-branch-issue_10/hoax'
$ 5000  `ls -1 deps/  2>&1`
$ cd '/home/pete/wefwefwef/docs/erldocs_other.git'
>>> [rebar] deps = []
 :: Generating erldocs into /home/pete/wefwefwef/docs/other/225a04c3f6eab31537fa30d71190e120/repo/issue_10
Building hoax
Generating Type Specs - "/home/pete/wefwefwef/docs/other/225a04c3f6eab31537fa30d71190e120/hoax-branch-issue_10/hoax/src/hoax.erl"
Generating Type Specs - "/home/pete/wefwefwef/docs/other/225a04c3f6eab31537fa30d71190e120/hoax-branch-issue_10/hoax/src/hoax_code.erl"
Generating Type Specs - "/home/pete/wefwefwef/docs/other/225a04c3f6eab31537fa30d71190e120/hoax-branch-issue_10/hoax/src/hoax_expect.erl"
Generating Type Specs - "/home/pete/wefwefwef/docs/other/225a04c3f6eab31537fa30d71190e120/hoax-branch-issue_10/hoax/src/hoax_fmt.erl"
Generating Type Specs - "/home/pete/wefwefwef/docs/other/225a04c3f6eab31537fa30d71190e120/hoax-branch-issue_10/hoax/src/hoax_fun.erl"
Generating Type Specs - "/home/pete/wefwefwef/docs/other/225a04c3f6eab31537fa30d71190e120/hoax-branch-issue_10/hoax/src/hoax_invocation.erl"
Generating Type Specs - "/home/pete/wefwefwef/docs/other/225a04c3f6eab31537fa30d71190e120/hoax-branch-issue_10/hoax/src/hoax_module.erl"
Generating Type Specs - "/home/pete/wefwefwef/docs/other/225a04c3f6eab31537fa30d71190e120/hoax-branch-issue_10/hoax/src/hoax_tab.erl"
Generating XML for application hoax "/home/pete/wefwefwef/docs/other/225a04c3f6eab31537fa30d71190e120/hoax-branch-issue_10/hoax" -> "/home/pete/wefwefwef/docs/other/225a04c3f6eab31537fa30d71190e120/repo/issue_10/.xml/hoax"
Generated hoax XMLs: ["/home/pete/wefwefwef/docs/other/225a04c3f6eab31537fa30d71190e120/repo/issue_10/.xml/hoax/hoax_invocation.xml",
                      "/home/pete/wefwefwef/docs/other/225a04c3f6eab31537fa30d71190e120/repo/issue_10/.xml/hoax/hoax_code.xml",
                      "/home/pete/wefwefwef/docs/other/225a04c3f6eab31537fa30d71190e120/repo/issue_10/.xml/hoax/hoax_expect.xml",
                      "/home/pete/wefwefwef/docs/other/225a04c3f6eab31537fa30d71190e120/repo/issue_10/.xml/hoax/hoax_fmt.xml",
                      "/home/pete/wefwefwef/docs/other/225a04c3f6eab31537fa30d71190e120/repo/issue_10/.xml/hoax/hoax_fun.xml",
                      "/home/pete/wefwefwef/docs/other/225a04c3f6eab31537fa30d71190e120/repo/issue_10/.xml/hoax/hoax_tab.xml",
                      "/home/pete/wefwefwef/docs/other/225a04c3f6eab31537fa30d71190e120/repo/issue_10/.xml/hoax/hoax_module.xml",
                      "/home/pete/wefwefwef/docs/other/225a04c3f6eab31537fa30d71190e120/repo/issue_10/.xml/hoax/hoax.xml"]
Generating HTML - hoax_code "/home/pete/wefwefwef/docs/other/225a04c3f6eab31537fa30d71190e120/repo/issue_10/.xml/hoax/hoax_code.xml"
Generating HTML - hoax_fmt "/home/pete/wefwefwef/docs/other/225a04c3f6eab31537fa30d71190e120/repo/issue_10/.xml/hoax/hoax_fmt.xml"
Generating HTML - hoax_tab "/home/pete/wefwefwef/docs/other/225a04c3f6eab31537fa30d71190e120/repo/issue_10/.xml/hoax/hoax_tab.xml"
Generating HTML - hoax "/home/pete/wefwefwef/docs/other/225a04c3f6eab31537fa30d71190e120/repo/issue_10/.xml/hoax/hoax.xml"
Reading XML for "/home/pete/wefwefwef/docs/other/225a04c3f6eab31537fa30d71190e120/repo/issue_10/.xml/hoax/hoax_code.xml"
Reading XML for "/home/pete/wefwefwef/docs/other/225a04c3f6eab31537fa30d71190e120/repo/issue_10/.xml/hoax/hoax_fmt.xml"
Reading XML for "/home/pete/wefwefwef/docs/other/225a04c3f6eab31537fa30d71190e120/repo/issue_10/.xml/hoax/hoax_tab.xml"
Reading XML for "/home/pete/wefwefwef/docs/other/225a04c3f6eab31537fa30d71190e120/repo/issue_10/.xml/hoax/hoax.xml"
Reading XML for "/home/pete/wefwefwef/docs/other/225a04c3f6eab31537fa30d71190e120/repo/issue_10/.xml/specs_hoax_code.xml"
Reading XML for "/home/pete/wefwefwef/docs/other/225a04c3f6eab31537fa30d71190e120/repo/issue_10/.xml/specs_hoax_tab.xml"
Reading XML for "/home/pete/wefwefwef/docs/other/225a04c3f6eab31537fa30d71190e120/repo/issue_10/.xml/specs_hoax_fmt.xml"
Reading XML for "/home/pete/wefwefwef/docs/other/225a04c3f6eab31537fa30d71190e120/repo/issue_10/.xml/specs_hoax.xml"
Generating HTML - hoax_fun "/home/pete/wefwefwef/docs/other/225a04c3f6eab31537fa30d71190e120/repo/issue_10/.xml/hoax/hoax_fun.xml"
Reading XML for "/home/pete/wefwefwef/docs/other/225a04c3f6eab31537fa30d71190e120/repo/issue_10/.xml/hoax/hoax_fun.xml"
Generating HTML - hoax_expect "/home/pete/wefwefwef/docs/other/225a04c3f6eab31537fa30d71190e120/repo/issue_10/.xml/hoax/hoax_expect.xml"
Reading XML for "/home/pete/wefwefwef/docs/other/225a04c3f6eab31537fa30d71190e120/repo/issue_10/.xml/hoax/hoax_expect.xml"
Generating HTML - hoax_invocation "/home/pete/wefwefwef/docs/other/225a04c3f6eab31537fa30d71190e120/repo/issue_10/.xml/hoax/hoax_invocation.xml"
Reading XML for "/home/pete/wefwefwef/docs/other/225a04c3f6eab31537fa30d71190e120/repo/issue_10/.xml/hoax/hoax_invocation.xml"
Generating HTML - hoax_module "/home/pete/wefwefwef/docs/other/225a04c3f6eab31537fa30d71190e120/repo/issue_10/.xml/hoax/hoax_module.xml"
Reading XML for "/home/pete/wefwefwef/docs/other/225a04c3f6eab31537fa30d71190e120/repo/issue_10/.xml/hoax/hoax_module.xml"
Reading XML for "/home/pete/wefwefwef/docs/other/225a04c3f6eab31537fa30d71190e120/repo/issue_10/.xml/specs_hoax_fun.xml"
Reading XML for "/home/pete/wefwefwef/docs/other/225a04c3f6eab31537fa30d71190e120/repo/issue_10/.xml/specs_hoax_invocation.xml"
Reading XML for "/home/pete/wefwefwef/docs/other/225a04c3f6eab31537fa30d71190e120/repo/issue_10/.xml/specs_hoax_expect.xml"
Reading XML for "/home/pete/wefwefwef/docs/other/225a04c3f6eab31537fa30d71190e120/repo/issue_10/.xml/specs_hoax_module.xml"
Creating index.html ...
Creating erldocs_index.js ...
Woot, finished in 0 Minutes 0 Seconds
 :: Discovering other repos
$ 5000  `rm -r '/home/pete/wefwefwef/docs/other/225a04c3f6eab31537fa30d71190e120/hoax-branch-issue_10'  2>&1`
 :: Processing https://github.com/xenolinguist/hoax	{rev,tag,"0.9.8","d894c398314406d128eff302a13c602bc9edba4e",undefined,[],[]}
 :: Fetching repo code
$ cd '/home/pete/wefwefwef/docs/other/225a04c3f6eab31537fa30d71190e120/hoax-tag-0.9.8'
$ infinity  `curl --fail --silent --show-error --location --output repo.tar.gz 'https://codeload.github.com/xenolinguist/hoax/legacy.tar.gz/0.9.8'  2>&1`
$ cd '/home/pete/wefwefwef/docs/erldocs_other.git'
$ cd '/home/pete/wefwefwef/docs/other/225a04c3f6eab31537fa30d71190e120/hoax-tag-0.9.8/xenolinguist-hoax-3bfc08f'
$ 5000  `find -P . -type l -delete  2>&1`
$ cd '/home/pete/wefwefwef/docs/erldocs_other.git'
$ 5000  `mv '/home/pete/wefwefwef/docs/other/225a04c3f6eab31537fa30d71190e120/hoax-tag-0.9.8/xenolinguist-hoax-3bfc08f' '/home/pete/wefwefwef/docs/other/225a04c3f6eab31537fa30d71190e120/hoax-tag-0.9.8/hoax'  2>&1`
 :: Getting dependencies
$ cd '/home/pete/wefwefwef/docs/other/225a04c3f6eab31537fa30d71190e120/hoax-tag-0.9.8/hoax'
$ 5000  `ls -1 deps/  2>&1`
$ cd '/home/pete/wefwefwef/docs/erldocs_other.git'
>>> [rebar] deps = []
 :: Generating erldocs into /home/pete/wefwefwef/docs/other/225a04c3f6eab31537fa30d71190e120/repo/0.9.8
Building hoax
Generating Type Specs - "/home/pete/wefwefwef/docs/other/225a04c3f6eab31537fa30d71190e120/hoax-tag-0.9.8/hoax/src/hoax.erl"
Generating Type Specs - "/home/pete/wefwefwef/docs/other/225a04c3f6eab31537fa30d71190e120/hoax-tag-0.9.8/hoax/src/hoax_code.erl"
Generating Type Specs - "/home/pete/wefwefwef/docs/other/225a04c3f6eab31537fa30d71190e120/hoax-tag-0.9.8/hoax/src/hoax_expect.erl"
Generating Type Specs - "/home/pete/wefwefwef/docs/other/225a04c3f6eab31537fa30d71190e120/hoax-tag-0.9.8/hoax/src/hoax_fmt.erl"
Generating Type Specs - "/home/pete/wefwefwef/docs/other/225a04c3f6eab31537fa30d71190e120/hoax-tag-0.9.8/hoax/src/hoax_fun.erl"
Generating Type Specs - "/home/pete/wefwefwef/docs/other/225a04c3f6eab31537fa30d71190e120/hoax-tag-0.9.8/hoax/src/hoax_invocation.erl"
Generating Type Specs - "/home/pete/wefwefwef/docs/other/225a04c3f6eab31537fa30d71190e120/hoax-tag-0.9.8/hoax/src/hoax_module.erl"
Generating Type Specs - "/home/pete/wefwefwef/docs/other/225a04c3f6eab31537fa30d71190e120/hoax-tag-0.9.8/hoax/src/hoax_tab.erl"
Generating XML for application hoax "/home/pete/wefwefwef/docs/other/225a04c3f6eab31537fa30d71190e120/hoax-tag-0.9.8/hoax" -> "/home/pete/wefwefwef/docs/other/225a04c3f6eab31537fa30d71190e120/repo/0.9.8/.xml/hoax"
Generated hoax XMLs: ["/home/pete/wefwefwef/docs/other/225a04c3f6eab31537fa30d71190e120/repo/0.9.8/.xml/hoax/hoax_invocation.xml",
                      "/home/pete/wefwefwef/docs/other/225a04c3f6eab31537fa30d71190e120/repo/0.9.8/.xml/hoax/hoax_code.xml",
                      "/home/pete/wefwefwef/docs/other/225a04c3f6eab31537fa30d71190e120/repo/0.9.8/.xml/hoax/hoax_expect.xml",
                      "/home/pete/wefwefwef/docs/other/225a04c3f6eab31537fa30d71190e120/repo/0.9.8/.xml/hoax/hoax_fmt.xml",
                      "/home/pete/wefwefwef/docs/other/225a04c3f6eab31537fa30d71190e120/repo/0.9.8/.xml/hoax/hoax_fun.xml",
                      "/home/pete/wefwefwef/docs/other/225a04c3f6eab31537fa30d71190e120/repo/0.9.8/.xml/hoax/hoax_tab.xml",
                      "/home/pete/wefwefwef/docs/other/225a04c3f6eab31537fa30d71190e120/repo/0.9.8/.xml/hoax/hoax_module.xml",
                      "/home/pete/wefwefwef/docs/other/225a04c3f6eab31537fa30d71190e120/repo/0.9.8/.xml/hoax/hoax.xml"]
Generating HTML - hoax_code "/home/pete/wefwefwef/docs/other/225a04c3f6eab31537fa30d71190e120/repo/0.9.8/.xml/hoax/hoax_code.xml"
Generating HTML - hoax_fmt "/home/pete/wefwefwef/docs/other/225a04c3f6eab31537fa30d71190e120/repo/0.9.8/.xml/hoax/hoax_fmt.xml"
Generating HTML - hoax_tab "/home/pete/wefwefwef/docs/other/225a04c3f6eab31537fa30d71190e120/repo/0.9.8/.xml/hoax/hoax_tab.xml"
Generating HTML - hoax "/home/pete/wefwefwef/docs/other/225a04c3f6eab31537fa30d71190e120/repo/0.9.8/.xml/hoax/hoax.xml"
Reading XML for "/home/pete/wefwefwef/docs/other/225a04c3f6eab31537fa30d71190e120/repo/0.9.8/.xml/hoax/hoax_code.xml"
Reading XML for "/home/pete/wefwefwef/docs/other/225a04c3f6eab31537fa30d71190e120/repo/0.9.8/.xml/hoax/hoax_fmt.xml"
Reading XML for "/home/pete/wefwefwef/docs/other/225a04c3f6eab31537fa30d71190e120/repo/0.9.8/.xml/hoax/hoax_tab.xml"
Reading XML for "/home/pete/wefwefwef/docs/other/225a04c3f6eab31537fa30d71190e120/repo/0.9.8/.xml/hoax/hoax.xml"
Reading XML for "/home/pete/wefwefwef/docs/other/225a04c3f6eab31537fa30d71190e120/repo/0.9.8/.xml/specs_hoax_tab.xml"
Reading XML for "/home/pete/wefwefwef/docs/other/225a04c3f6eab31537fa30d71190e120/repo/0.9.8/.xml/specs_hoax_code.xml"
Reading XML for "/home/pete/wefwefwef/docs/other/225a04c3f6eab31537fa30d71190e120/repo/0.9.8/.xml/specs_hoax.xml"
Generating HTML - hoax_fun "/home/pete/wefwefwef/docs/other/225a04c3f6eab31537fa30d71190e120/repo/0.9.8/.xml/hoax/hoax_fun.xml"
Reading XML for "/home/pete/wefwefwef/docs/other/225a04c3f6eab31537fa30d71190e120/repo/0.9.8/.xml/specs_hoax_fmt.xml"
Reading XML for "/home/pete/wefwefwef/docs/other/225a04c3f6eab31537fa30d71190e120/repo/0.9.8/.xml/hoax/hoax_fun.xml"
Generating HTML - hoax_invocation "/home/pete/wefwefwef/docs/other/225a04c3f6eab31537fa30d71190e120/repo/0.9.8/.xml/hoax/hoax_invocation.xml"
Reading XML for "/home/pete/wefwefwef/docs/other/225a04c3f6eab31537fa30d71190e120/repo/0.9.8/.xml/hoax/hoax_invocation.xml"
Generating HTML - hoax_expect "/home/pete/wefwefwef/docs/other/225a04c3f6eab31537fa30d71190e120/repo/0.9.8/.xml/hoax/hoax_expect.xml"
Reading XML for "/home/pete/wefwefwef/docs/other/225a04c3f6eab31537fa30d71190e120/repo/0.9.8/.xml/hoax/hoax_expect.xml"
Generating HTML - hoax_module "/home/pete/wefwefwef/docs/other/225a04c3f6eab31537fa30d71190e120/repo/0.9.8/.xml/hoax/hoax_module.xml"
Reading XML for "/home/pete/wefwefwef/docs/other/225a04c3f6eab31537fa30d71190e120/repo/0.9.8/.xml/hoax/hoax_module.xml"
Reading XML for "/home/pete/wefwefwef/docs/other/225a04c3f6eab31537fa30d71190e120/repo/0.9.8/.xml/specs_hoax_invocation.xml"
Reading XML for "/home/pete/wefwefwef/docs/other/225a04c3f6eab31537fa30d71190e120/repo/0.9.8/.xml/specs_hoax_fun.xml"
Reading XML for "/home/pete/wefwefwef/docs/other/225a04c3f6eab31537fa30d71190e120/repo/0.9.8/.xml/specs_hoax_expect.xml"
Reading XML for "/home/pete/wefwefwef/docs/other/225a04c3f6eab31537fa30d71190e120/repo/0.9.8/.xml/specs_hoax_module.xml"
Creating index.html ...
Creating erldocs_index.js ...
Woot, finished in 0 Minutes 0 Seconds
 :: Discovering other repos
$ 5000  `rm -r '/home/pete/wefwefwef/docs/other/225a04c3f6eab31537fa30d71190e120/hoax-tag-0.9.8'  2>&1`
 :: Finishing up
$ 5000  `rm -r '/home/pete/wefwefwef/docs/other/225a04c3f6eab31537fa30d71190e120/hoax'  2>&1`
