 :: Extracting meta information
$ infinity  `git ls-remote --heads --tags 'https://github.com/olgeni/rabbit_common'  2>&1`
>>> [repo] 1 branches, 31 tags
 :: Writing meta to "/home/pete/wefwefwef/docs/other/0dee254d2a800bb9d190ac06439ce844/meta.txt"
 :: Skipping tag "3.0.0"
 :: Skipping tag "3.0.1"
 :: Skipping tag "3.0.2"
 :: Skipping tag "3.0.3"
 :: Skipping tag "3.0.4"
 :: Skipping tag "3.1.0"
 :: Skipping tag "3.1.1"
 :: Skipping tag "3.1.2"
 :: Skipping tag "3.1.3"
 :: Skipping tag "3.1.4"
 :: Skipping tag "3.1.5"
 :: Skipping tag "3.2.0"
 :: Skipping tag "3.2.1"
 :: Skipping tag "3.2.2"
 :: Skipping tag "3.2.3"
 :: Skipping tag "3.2.4"
 :: Skipping tag "3.3.0"
 :: Skipping tag "3.3.1"
 :: Skipping tag "3.3.2"
 :: Skipping tag "3.3.3"
 :: Skipping tag "3.3.4"
 :: Skipping tag "3.3.5"
 :: Skipping tag "3.4.0"
 :: Skipping tag "3.4.1"
 :: Skipping tag "3.4.2"
 :: Skipping tag "3.4.3"
 :: Skipping tag "3.4.4"
 :: Skipping tag "3.5.0"
 :: Skipping tag "3.5.1"
 :: Skipping tag "3.5.2"
 :: Processing https://github.com/olgeni/rabbit_common	{rev,branch,"master","9349ccb4fa4793b2bba43829ad8ee5e4d04b3ef5",undefined,[],[]}
 :: Fetching repo code
$ cd '/home/pete/wefwefwef/docs/other/0dee254d2a800bb9d190ac06439ce844/rabbit_common-branch-master'
$ infinity  `curl --fail --silent --show-error --location --output repo.tar.gz 'https://codeload.github.com/olgeni/rabbit_common/legacy.tar.gz/master'  2>&1`
$ cd '/home/pete/wefwefwef/docs/erldocs_other.git'
$ cd '/home/pete/wefwefwef/docs/other/0dee254d2a800bb9d190ac06439ce844/rabbit_common-branch-master/olgeni-rabbit_common-9349ccb'
$ 5000  `find -P . -type l -delete  2>&1`
$ cd '/home/pete/wefwefwef/docs/erldocs_other.git'
$ 5000  `mv '/home/pete/wefwefwef/docs/other/0dee254d2a800bb9d190ac06439ce844/rabbit_common-branch-master/olgeni-rabbit_common-9349ccb' '/home/pete/wefwefwef/docs/other/0dee254d2a800bb9d190ac06439ce844/rabbit_common-branch-master/rabbit_common'  2>&1`
 :: Getting dependencies
$ cd '/home/pete/wefwefwef/docs/other/0dee254d2a800bb9d190ac06439ce844/rabbit_common-branch-master/rabbit_common'
$ 5000  `ls -1 deps/  2>&1`
$ cd '/home/pete/wefwefwef/docs/erldocs_other.git'
>>> [rebar] deps = []
 :: Generating erldocs into /home/pete/wefwefwef/docs/other/0dee254d2a800bb9d190ac06439ce844/repo/master
Building rabbit_common
Generating Type Specs - "/home/pete/wefwefwef/docs/other/0dee254d2a800bb9d190ac06439ce844/rabbit_common-branch-master/rabbit_common/src/app_utils.erl"
Generating Type Specs - "/home/pete/wefwefwef/docs/other/0dee254d2a800bb9d190ac06439ce844/rabbit_common-branch-master/rabbit_common/src/credit_flow.erl"
Generating Type Specs - "/home/pete/wefwefwef/docs/other/0dee254d2a800bb9d190ac06439ce844/rabbit_common-branch-master/rabbit_common/src/gen_server2.erl"
Generating Type Specs - "/home/pete/wefwefwef/docs/other/0dee254d2a800bb9d190ac06439ce844/rabbit_common-branch-master/rabbit_common/src/mirrored_supervisor.erl"
Generating Type Specs - "/home/pete/wefwefwef/docs/other/0dee254d2a800bb9d190ac06439ce844/rabbit_common-branch-master/rabbit_common/src/mochijson2.erl"
Generating Type Specs - "/home/pete/wefwefwef/docs/other/0dee254d2a800bb9d190ac06439ce844/rabbit_common-branch-master/rabbit_common/src/pmon.erl"
Generating Type Specs - "/home/pete/wefwefwef/docs/other/0dee254d2a800bb9d190ac06439ce844/rabbit_common-branch-master/rabbit_common/src/priority_queue.erl"
Generating Type Specs - "/home/pete/wefwefwef/docs/other/0dee254d2a800bb9d190ac06439ce844/rabbit_common-branch-master/rabbit_common/src/rabbit_amqqueue.erl"
Generating Type Specs - "/home/pete/wefwefwef/docs/other/0dee254d2a800bb9d190ac06439ce844/rabbit_common-branch-master/rabbit_common/src/rabbit_auth_mechanism.erl"
Generating Type Specs - "/home/pete/wefwefwef/docs/other/0dee254d2a800bb9d190ac06439ce844/rabbit_common-branch-master/rabbit_common/src/rabbit_authn_backend.erl"
Generating Type Specs - "/home/pete/wefwefwef/docs/other/0dee254d2a800bb9d190ac06439ce844/rabbit_common-branch-master/rabbit_common/src/rabbit_authz_backend.erl"
Generating Type Specs - "/home/pete/wefwefwef/docs/other/0dee254d2a800bb9d190ac06439ce844/rabbit_common-branch-master/rabbit_common/src/rabbit_backing_queue.erl"
Generating Type Specs - "/home/pete/wefwefwef/docs/other/0dee254d2a800bb9d190ac06439ce844/rabbit_common-branch-master/rabbit_common/src/rabbit_basic.erl"
Generating Type Specs - "/home/pete/wefwefwef/docs/other/0dee254d2a800bb9d190ac06439ce844/rabbit_common-branch-master/rabbit_common/src/rabbit_binary_generator.erl"
Generating Type Specs - "/home/pete/wefwefwef/docs/other/0dee254d2a800bb9d190ac06439ce844/rabbit_common-branch-master/rabbit_common/src/rabbit_binary_parser.erl"
Generating Type Specs - "/home/pete/wefwefwef/docs/other/0dee254d2a800bb9d190ac06439ce844/rabbit_common-branch-master/rabbit_common/src/rabbit_channel.erl"
Generating Type Specs - "/home/pete/wefwefwef/docs/other/0dee254d2a800bb9d190ac06439ce844/rabbit_common-branch-master/rabbit_common/src/rabbit_channel_interceptor.erl"
Generating Type Specs - "/home/pete/wefwefwef/docs/other/0dee254d2a800bb9d190ac06439ce844/rabbit_common-branch-master/rabbit_common/src/rabbit_command_assembler.erl"
Generating Type Specs - "/home/pete/wefwefwef/docs/other/0dee254d2a800bb9d190ac06439ce844/rabbit_common-branch-master/rabbit_common/src/rabbit_event.erl"
Generating Type Specs - "/home/pete/wefwefwef/docs/other/0dee254d2a800bb9d190ac06439ce844/rabbit_common-branch-master/rabbit_common/src/rabbit_exchange_decorator.erl"
Generating Type Specs - "/home/pete/wefwefwef/docs/other/0dee254d2a800bb9d190ac06439ce844/rabbit_common-branch-master/rabbit_common/src/rabbit_exchange_type.erl"
Generating Type Specs - "/home/pete/wefwefwef/docs/other/0dee254d2a800bb9d190ac06439ce844/rabbit_common-branch-master/rabbit_common/src/rabbit_framing_amqp_0_8.erl"
Generating Type Specs - "/home/pete/wefwefwef/docs/other/0dee254d2a800bb9d190ac06439ce844/rabbit_common-branch-master/rabbit_common/src/rabbit_framing_amqp_0_9_1.erl"
Generating Type Specs - "/home/pete/wefwefwef/docs/other/0dee254d2a800bb9d190ac06439ce844/rabbit_common-branch-master/rabbit_common/src/rabbit_heartbeat.erl"
Generating Type Specs - "/home/pete/wefwefwef/docs/other/0dee254d2a800bb9d190ac06439ce844/rabbit_common-branch-master/rabbit_common/src/rabbit_misc.erl"
Generating Type Specs - "/home/pete/wefwefwef/docs/other/0dee254d2a800bb9d190ac06439ce844/rabbit_common-branch-master/rabbit_common/src/rabbit_msg_store_index.erl"
Generating Type Specs - "/home/pete/wefwefwef/docs/other/0dee254d2a800bb9d190ac06439ce844/rabbit_common-branch-master/rabbit_common/src/rabbit_net.erl"
Generating Type Specs - "/home/pete/wefwefwef/docs/other/0dee254d2a800bb9d190ac06439ce844/rabbit_common-branch-master/rabbit_common/src/rabbit_networking.erl"
Generating Type Specs - "/home/pete/wefwefwef/docs/other/0dee254d2a800bb9d190ac06439ce844/rabbit_common-branch-master/rabbit_common/src/rabbit_nodes.erl"
Generating Type Specs - "/home/pete/wefwefwef/docs/other/0dee254d2a800bb9d190ac06439ce844/rabbit_common-branch-master/rabbit_common/src/rabbit_policy_validator.erl"
Generating Type Specs - "/home/pete/wefwefwef/docs/other/0dee254d2a800bb9d190ac06439ce844/rabbit_common-branch-master/rabbit_common/src/rabbit_queue_collector.erl"
Generating Type Specs - "/home/pete/wefwefwef/docs/other/0dee254d2a800bb9d190ac06439ce844/rabbit_common-branch-master/rabbit_common/src/rabbit_queue_decorator.erl"
Generating Type Specs - "/home/pete/wefwefwef/docs/other/0dee254d2a800bb9d190ac06439ce844/rabbit_common-branch-master/rabbit_common/src/rabbit_reader.erl"
Generating Type Specs - "/home/pete/wefwefwef/docs/other/0dee254d2a800bb9d190ac06439ce844/rabbit_common-branch-master/rabbit_common/src/rabbit_runtime_parameter.erl"
Generating Type Specs - "/home/pete/wefwefwef/docs/other/0dee254d2a800bb9d190ac06439ce844/rabbit_common-branch-master/rabbit_common/src/rabbit_writer.erl"
Generating Type Specs - "/home/pete/wefwefwef/docs/other/0dee254d2a800bb9d190ac06439ce844/rabbit_common-branch-master/rabbit_common/src/supervisor2.erl"
Generating XML for application rabbit_common "/home/pete/wefwefwef/docs/other/0dee254d2a800bb9d190ac06439ce844/rabbit_common-branch-master/rabbit_common" -> "/home/pete/wefwefwef/docs/other/0dee254d2a800bb9d190ac06439ce844/repo/master/.xml/rabbit_common"
Generated rabbit_common XMLs: ["/home/pete/wefwefwef/docs/other/0dee254d2a800bb9d190ac06439ce844/repo/master/.xml/rabbit_common/rabbit_net.xml",
                               "/home/pete/wefwefwef/docs/other/0dee254d2a800bb9d190ac06439ce844/repo/master/.xml/rabbit_common/rabbit_framing_amqp_0_9_1.xml",
                               "/home/pete/wefwefwef/docs/other/0dee254d2a800bb9d190ac06439ce844/repo/master/.xml/rabbit_common/rabbit_authn_backend.xml",
                               "/home/pete/wefwefwef/docs/other/0dee254d2a800bb9d190ac06439ce844/repo/master/.xml/rabbit_common/gen_server2.xml",
                               "/home/pete/wefwefwef/docs/other/0dee254d2a800bb9d190ac06439ce844/repo/master/.xml/rabbit_common/credit_flow.xml",
                               "/home/pete/wefwefwef/docs/other/0dee254d2a800bb9d190ac06439ce844/repo/master/.xml/rabbit_common/rabbit_nodes.xml",
                               "/home/pete/wefwefwef/docs/other/0dee254d2a800bb9d190ac06439ce844/repo/master/.xml/rabbit_common/supervisor2.xml",
                               "/home/pete/wefwefwef/docs/other/0dee254d2a800bb9d190ac06439ce844/repo/master/.xml/rabbit_common/rabbit_event.xml",
                               "/home/pete/wefwefwef/docs/other/0dee254d2a800bb9d190ac06439ce844/repo/master/.xml/rabbit_common/rabbit_runtime_parameter.xml",
                               "/home/pete/wefwefwef/docs/other/0dee254d2a800bb9d190ac06439ce844/repo/master/.xml/rabbit_common/rabbit_command_assembler.xml",
                               "/home/pete/wefwefwef/docs/other/0dee254d2a800bb9d190ac06439ce844/repo/master/.xml/rabbit_common/app_utils.xml",
                               "/home/pete/wefwefwef/docs/other/0dee254d2a800bb9d190ac06439ce844/repo/master/.xml/rabbit_common/rabbit_queue_collector.xml",
                               "/home/pete/wefwefwef/docs/other/0dee254d2a800bb9d190ac06439ce844/repo/master/.xml/rabbit_common/rabbit_exchange_decorator.xml",
                               "/home/pete/wefwefwef/docs/other/0dee254d2a800bb9d190ac06439ce844/repo/master/.xml/rabbit_common/mochijson2.xml",
                               "/home/pete/wefwefwef/docs/other/0dee254d2a800bb9d190ac06439ce844/repo/master/.xml/rabbit_common/rabbit_policy_validator.xml",
                               "/home/pete/wefwefwef/docs/other/0dee254d2a800bb9d190ac06439ce844/repo/master/.xml/rabbit_common/priority_queue.xml",
                               "/home/pete/wefwefwef/docs/other/0dee254d2a800bb9d190ac06439ce844/repo/master/.xml/rabbit_common/mirrored_supervisor.xml",
                               "/home/pete/wefwefwef/docs/other/0dee254d2a800bb9d190ac06439ce844/repo/master/.xml/rabbit_common/rabbit_channel.xml",
                               "/home/pete/wefwefwef/docs/other/0dee254d2a800bb9d190ac06439ce844/repo/master/.xml/rabbit_common/rabbit_binary_generator.xml",
                               "/home/pete/wefwefwef/docs/other/0dee254d2a800bb9d190ac06439ce844/repo/master/.xml/rabbit_common/rabbit_channel_interceptor.xml",
                               "/home/pete/wefwefwef/docs/other/0dee254d2a800bb9d190ac06439ce844/repo/master/.xml/rabbit_common/rabbit_basic.xml",
                               "/home/pete/wefwefwef/docs/other/0dee254d2a800bb9d190ac06439ce844/repo/master/.xml/rabbit_common/rabbit_msg_store_index.xml",
                               "/home/pete/wefwefwef/docs/other/0dee254d2a800bb9d190ac06439ce844/repo/master/.xml/rabbit_common/rabbit_queue_decorator.xml",
                               "/home/pete/wefwefwef/docs/other/0dee254d2a800bb9d190ac06439ce844/repo/master/.xml/rabbit_common/rabbit_misc.xml",
                               "/home/pete/wefwefwef/docs/other/0dee254d2a800bb9d190ac06439ce844/repo/master/.xml/rabbit_common/rabbit_writer.xml",
                               "/home/pete/wefwefwef/docs/other/0dee254d2a800bb9d190ac06439ce844/repo/master/.xml/rabbit_common/rabbit_backing_queue.xml",
                               "/home/pete/wefwefwef/docs/other/0dee254d2a800bb9d190ac06439ce844/repo/master/.xml/rabbit_common/pmon.xml",
                               "/home/pete/wefwefwef/docs/other/0dee254d2a800bb9d190ac06439ce844/repo/master/.xml/rabbit_common/rabbit_exchange_type.xml",
                               "/home/pete/wefwefwef/docs/other/0dee254d2a800bb9d190ac06439ce844/repo/master/.xml/rabbit_common/rabbit_networking.xml",
                               "/home/pete/wefwefwef/docs/other/0dee254d2a800bb9d190ac06439ce844/repo/master/.xml/rabbit_common/rabbit_reader.xml",
                               "/home/pete/wefwefwef/docs/other/0dee254d2a800bb9d190ac06439ce844/repo/master/.xml/rabbit_common/rabbit_binary_parser.xml",
                               "/home/pete/wefwefwef/docs/other/0dee254d2a800bb9d190ac06439ce844/repo/master/.xml/rabbit_common/rabbit_amqqueue.xml",
                               "/home/pete/wefwefwef/docs/other/0dee254d2a800bb9d190ac06439ce844/repo/master/.xml/rabbit_common/rabbit_authz_backend.xml",
                               "/home/pete/wefwefwef/docs/other/0dee254d2a800bb9d190ac06439ce844/repo/master/.xml/rabbit_common/rabbit_heartbeat.xml",
                               "/home/pete/wefwefwef/docs/other/0dee254d2a800bb9d190ac06439ce844/repo/master/.xml/rabbit_common/rabbit_framing_amqp_0_8.xml",
                               "/home/pete/wefwefwef/docs/other/0dee254d2a800bb9d190ac06439ce844/repo/master/.xml/rabbit_common/rabbit_auth_mechanism.xml"]
Generating HTML - rabbit_runtime_parameter "/home/pete/wefwefwef/docs/other/0dee254d2a800bb9d190ac06439ce844/repo/master/.xml/rabbit_common/rabbit_runtime_parameter.xml"
Generating HTML - rabbit_channel "/home/pete/wefwefwef/docs/other/0dee254d2a800bb9d190ac06439ce844/repo/master/.xml/rabbit_common/rabbit_channel.xml"
Generating HTML - pmon "/home/pete/wefwefwef/docs/other/0dee254d2a800bb9d190ac06439ce844/repo/master/.xml/rabbit_common/pmon.xml"
Generating HTML - rabbit_auth_mechanism "/home/pete/wefwefwef/docs/other/0dee254d2a800bb9d190ac06439ce844/repo/master/.xml/rabbit_common/rabbit_auth_mechanism.xml"
Reading XML for "/home/pete/wefwefwef/docs/other/0dee254d2a800bb9d190ac06439ce844/repo/master/.xml/rabbit_common/rabbit_runtime_parameter.xml"
Reading XML for "/home/pete/wefwefwef/docs/other/0dee254d2a800bb9d190ac06439ce844/repo/master/.xml/rabbit_common/rabbit_channel.xml"
Reading XML for "/home/pete/wefwefwef/docs/other/0dee254d2a800bb9d190ac06439ce844/repo/master/.xml/rabbit_common/pmon.xml"
Reading XML for "/home/pete/wefwefwef/docs/other/0dee254d2a800bb9d190ac06439ce844/repo/master/.xml/rabbit_common/rabbit_auth_mechanism.xml"
Reading XML for "/home/pete/wefwefwef/docs/other/0dee254d2a800bb9d190ac06439ce844/repo/master/.xml/specs_rabbit_runtime_parameter.xml"
Generating HTML - rabbit_event "/home/pete/wefwefwef/docs/other/0dee254d2a800bb9d190ac06439ce844/repo/master/.xml/rabbit_common/rabbit_event.xml"
Reading XML for "/home/pete/wefwefwef/docs/other/0dee254d2a800bb9d190ac06439ce844/repo/master/.xml/specs_pmon.xml"
Reading XML for "/home/pete/wefwefwef/docs/other/0dee254d2a800bb9d190ac06439ce844/repo/master/.xml/rabbit_common/rabbit_event.xml"
Reading XML for "/home/pete/wefwefwef/docs/other/0dee254d2a800bb9d190ac06439ce844/repo/master/.xml/specs_rabbit_auth_mechanism.xml"
Reading XML for "/home/pete/wefwefwef/docs/other/0dee254d2a800bb9d190ac06439ce844/repo/master/.xml/specs_rabbit_channel.xml"
Generating HTML - rabbit_framing_amqp_0_8 "/home/pete/wefwefwef/docs/other/0dee254d2a800bb9d190ac06439ce844/repo/master/.xml/rabbit_common/rabbit_framing_amqp_0_8.xml"
Reading XML for "/home/pete/wefwefwef/docs/other/0dee254d2a800bb9d190ac06439ce844/repo/master/.xml/rabbit_common/rabbit_framing_amqp_0_8.xml"
Generating HTML - rabbit_backing_queue "/home/pete/wefwefwef/docs/other/0dee254d2a800bb9d190ac06439ce844/repo/master/.xml/rabbit_common/rabbit_backing_queue.xml"
Reading XML for "/home/pete/wefwefwef/docs/other/0dee254d2a800bb9d190ac06439ce844/repo/master/.xml/rabbit_common/rabbit_backing_queue.xml"
Generating HTML - mirrored_supervisor "/home/pete/wefwefwef/docs/other/0dee254d2a800bb9d190ac06439ce844/repo/master/.xml/rabbit_common/mirrored_supervisor.xml"
Reading XML for "/home/pete/wefwefwef/docs/other/0dee254d2a800bb9d190ac06439ce844/repo/master/.xml/rabbit_common/mirrored_supervisor.xml"
Reading XML for "/home/pete/wefwefwef/docs/other/0dee254d2a800bb9d190ac06439ce844/repo/master/.xml/specs_rabbit_event.xml"
Generating HTML - supervisor2 "/home/pete/wefwefwef/docs/other/0dee254d2a800bb9d190ac06439ce844/repo/master/.xml/rabbit_common/supervisor2.xml"
Reading XML for "/home/pete/wefwefwef/docs/other/0dee254d2a800bb9d190ac06439ce844/repo/master/.xml/specs_rabbit_backing_queue.xml"
Reading XML for "/home/pete/wefwefwef/docs/other/0dee254d2a800bb9d190ac06439ce844/repo/master/.xml/rabbit_common/supervisor2.xml"
Reading XML for "/home/pete/wefwefwef/docs/other/0dee254d2a800bb9d190ac06439ce844/repo/master/.xml/specs_rabbit_framing_amqp_0_8.xml"
Generating HTML - rabbit_writer "/home/pete/wefwefwef/docs/other/0dee254d2a800bb9d190ac06439ce844/repo/master/.xml/rabbit_common/rabbit_writer.xml"
Reading XML for "/home/pete/wefwefwef/docs/other/0dee254d2a800bb9d190ac06439ce844/repo/master/.xml/rabbit_common/rabbit_writer.xml"
Generating HTML - rabbit_heartbeat "/home/pete/wefwefwef/docs/other/0dee254d2a800bb9d190ac06439ce844/repo/master/.xml/rabbit_common/rabbit_heartbeat.xml"
Reading XML for "/home/pete/wefwefwef/docs/other/0dee254d2a800bb9d190ac06439ce844/repo/master/.xml/rabbit_common/rabbit_heartbeat.xml"
Reading XML for "/home/pete/wefwefwef/docs/other/0dee254d2a800bb9d190ac06439ce844/repo/master/.xml/specs_mirrored_supervisor.xml"
Generating HTML - priority_queue "/home/pete/wefwefwef/docs/other/0dee254d2a800bb9d190ac06439ce844/repo/master/.xml/rabbit_common/priority_queue.xml"
Reading XML for "/home/pete/wefwefwef/docs/other/0dee254d2a800bb9d190ac06439ce844/repo/master/.xml/rabbit_common/priority_queue.xml"
Reading XML for "/home/pete/wefwefwef/docs/other/0dee254d2a800bb9d190ac06439ce844/repo/master/.xml/specs_supervisor2.xml"
Reading XML for "/home/pete/wefwefwef/docs/other/0dee254d2a800bb9d190ac06439ce844/repo/master/.xml/specs_rabbit_heartbeat.xml"
Reading XML for "/home/pete/wefwefwef/docs/other/0dee254d2a800bb9d190ac06439ce844/repo/master/.xml/specs_rabbit_writer.xml"
Generating HTML - rabbit_nodes "/home/pete/wefwefwef/docs/other/0dee254d2a800bb9d190ac06439ce844/repo/master/.xml/rabbit_common/rabbit_nodes.xml"
Reading XML for "/home/pete/wefwefwef/docs/other/0dee254d2a800bb9d190ac06439ce844/repo/master/.xml/rabbit_common/rabbit_nodes.xml"
Generating HTML - rabbit_authz_backend "/home/pete/wefwefwef/docs/other/0dee254d2a800bb9d190ac06439ce844/repo/master/.xml/rabbit_common/rabbit_authz_backend.xml"
Reading XML for "/home/pete/wefwefwef/docs/other/0dee254d2a800bb9d190ac06439ce844/repo/master/.xml/rabbit_common/rabbit_authz_backend.xml"
Generating HTML - rabbit_misc "/home/pete/wefwefwef/docs/other/0dee254d2a800bb9d190ac06439ce844/repo/master/.xml/rabbit_common/rabbit_misc.xml"
Reading XML for "/home/pete/wefwefwef/docs/other/0dee254d2a800bb9d190ac06439ce844/repo/master/.xml/rabbit_common/rabbit_misc.xml"
Reading XML for "/home/pete/wefwefwef/docs/other/0dee254d2a800bb9d190ac06439ce844/repo/master/.xml/specs_priority_queue.xml"
Generating HTML - rabbit_policy_validator "/home/pete/wefwefwef/docs/other/0dee254d2a800bb9d190ac06439ce844/repo/master/.xml/rabbit_common/rabbit_policy_validator.xml"
Reading XML for "/home/pete/wefwefwef/docs/other/0dee254d2a800bb9d190ac06439ce844/repo/master/.xml/rabbit_common/rabbit_policy_validator.xml"
Reading XML for "/home/pete/wefwefwef/docs/other/0dee254d2a800bb9d190ac06439ce844/repo/master/.xml/specs_rabbit_nodes.xml"
Generating HTML - credit_flow "/home/pete/wefwefwef/docs/other/0dee254d2a800bb9d190ac06439ce844/repo/master/.xml/rabbit_common/credit_flow.xml"
Reading XML for "/home/pete/wefwefwef/docs/other/0dee254d2a800bb9d190ac06439ce844/repo/master/.xml/rabbit_common/credit_flow.xml"
Reading XML for "/home/pete/wefwefwef/docs/other/0dee254d2a800bb9d190ac06439ce844/repo/master/.xml/specs_rabbit_authz_backend.xml"
Generating HTML - rabbit_amqqueue "/home/pete/wefwefwef/docs/other/0dee254d2a800bb9d190ac06439ce844/repo/master/.xml/rabbit_common/rabbit_amqqueue.xml"
Reading XML for "/home/pete/wefwefwef/docs/other/0dee254d2a800bb9d190ac06439ce844/repo/master/.xml/rabbit_common/rabbit_amqqueue.xml"
Reading XML for "/home/pete/wefwefwef/docs/other/0dee254d2a800bb9d190ac06439ce844/repo/master/.xml/specs_rabbit_policy_validator.xml"
Generating HTML - mochijson2 "/home/pete/wefwefwef/docs/other/0dee254d2a800bb9d190ac06439ce844/repo/master/.xml/rabbit_common/mochijson2.xml"
Reading XML for "/home/pete/wefwefwef/docs/other/0dee254d2a800bb9d190ac06439ce844/repo/master/.xml/rabbit_common/mochijson2.xml"
Reading XML for "/home/pete/wefwefwef/docs/other/0dee254d2a800bb9d190ac06439ce844/repo/master/.xml/specs_credit_flow.xml"
Reading XML for "/home/pete/wefwefwef/docs/other/0dee254d2a800bb9d190ac06439ce844/repo/master/.xml/specs_rabbit_misc.xml"
Generating HTML - gen_server2 "/home/pete/wefwefwef/docs/other/0dee254d2a800bb9d190ac06439ce844/repo/master/.xml/rabbit_common/gen_server2.xml"
Reading XML for "/home/pete/wefwefwef/docs/other/0dee254d2a800bb9d190ac06439ce844/repo/master/.xml/rabbit_common/gen_server2.xml"
Reading XML for "/home/pete/wefwefwef/docs/other/0dee254d2a800bb9d190ac06439ce844/repo/master/.xml/specs_rabbit_amqqueue.xml"
Reading XML for "/home/pete/wefwefwef/docs/other/0dee254d2a800bb9d190ac06439ce844/repo/master/.xml/specs_mochijson2.xml"
Generating HTML - rabbit_queue_decorator "/home/pete/wefwefwef/docs/other/0dee254d2a800bb9d190ac06439ce844/repo/master/.xml/rabbit_common/rabbit_queue_decorator.xml"
Reading XML for "/home/pete/wefwefwef/docs/other/0dee254d2a800bb9d190ac06439ce844/repo/master/.xml/rabbit_common/rabbit_queue_decorator.xml"
Generating HTML - rabbit_exchange_decorator "/home/pete/wefwefwef/docs/other/0dee254d2a800bb9d190ac06439ce844/repo/master/.xml/rabbit_common/rabbit_exchange_decorator.xml"
Reading XML for "/home/pete/wefwefwef/docs/other/0dee254d2a800bb9d190ac06439ce844/repo/master/.xml/rabbit_common/rabbit_exchange_decorator.xml"
Reading XML for "/home/pete/wefwefwef/docs/other/0dee254d2a800bb9d190ac06439ce844/repo/master/.xml/specs_gen_server2.xml"
Generating HTML - rabbit_binary_parser "/home/pete/wefwefwef/docs/other/0dee254d2a800bb9d190ac06439ce844/repo/master/.xml/rabbit_common/rabbit_binary_parser.xml"
Reading XML for "/home/pete/wefwefwef/docs/other/0dee254d2a800bb9d190ac06439ce844/repo/master/.xml/rabbit_common/rabbit_binary_parser.xml"
Generating HTML - rabbit_authn_backend "/home/pete/wefwefwef/docs/other/0dee254d2a800bb9d190ac06439ce844/repo/master/.xml/rabbit_common/rabbit_authn_backend.xml"
Reading XML for "/home/pete/wefwefwef/docs/other/0dee254d2a800bb9d190ac06439ce844/repo/master/.xml/rabbit_common/rabbit_authn_backend.xml"
Reading XML for "/home/pete/wefwefwef/docs/other/0dee254d2a800bb9d190ac06439ce844/repo/master/.xml/specs_rabbit_queue_decorator.xml"
Reading XML for "/home/pete/wefwefwef/docs/other/0dee254d2a800bb9d190ac06439ce844/repo/master/.xml/specs_rabbit_exchange_decorator.xml"
Generating HTML - rabbit_msg_store_index "/home/pete/wefwefwef/docs/other/0dee254d2a800bb9d190ac06439ce844/repo/master/.xml/rabbit_common/rabbit_msg_store_index.xml"
Reading XML for "/home/pete/wefwefwef/docs/other/0dee254d2a800bb9d190ac06439ce844/repo/master/.xml/specs_rabbit_binary_parser.xml"
Reading XML for "/home/pete/wefwefwef/docs/other/0dee254d2a800bb9d190ac06439ce844/repo/master/.xml/rabbit_common/rabbit_msg_store_index.xml"
Generating HTML - rabbit_queue_collector "/home/pete/wefwefwef/docs/other/0dee254d2a800bb9d190ac06439ce844/repo/master/.xml/rabbit_common/rabbit_queue_collector.xml"
Reading XML for "/home/pete/wefwefwef/docs/other/0dee254d2a800bb9d190ac06439ce844/repo/master/.xml/rabbit_common/rabbit_queue_collector.xml"
Generating HTML - rabbit_reader "/home/pete/wefwefwef/docs/other/0dee254d2a800bb9d190ac06439ce844/repo/master/.xml/rabbit_common/rabbit_reader.xml"
Reading XML for "/home/pete/wefwefwef/docs/other/0dee254d2a800bb9d190ac06439ce844/repo/master/.xml/rabbit_common/rabbit_reader.xml"
Reading XML for "/home/pete/wefwefwef/docs/other/0dee254d2a800bb9d190ac06439ce844/repo/master/.xml/specs_rabbit_authn_backend.xml"
Generating HTML - rabbit_framing_amqp_0_9_1 "/home/pete/wefwefwef/docs/other/0dee254d2a800bb9d190ac06439ce844/repo/master/.xml/rabbit_common/rabbit_framing_amqp_0_9_1.xml"
Reading XML for "/home/pete/wefwefwef/docs/other/0dee254d2a800bb9d190ac06439ce844/repo/master/.xml/rabbit_common/rabbit_framing_amqp_0_9_1.xml"
Reading XML for "/home/pete/wefwefwef/docs/other/0dee254d2a800bb9d190ac06439ce844/repo/master/.xml/specs_rabbit_queue_collector.xml"
Reading XML for "/home/pete/wefwefwef/docs/other/0dee254d2a800bb9d190ac06439ce844/repo/master/.xml/specs_rabbit_msg_store_index.xml"
Generating HTML - app_utils "/home/pete/wefwefwef/docs/other/0dee254d2a800bb9d190ac06439ce844/repo/master/.xml/rabbit_common/app_utils.xml"
Reading XML for "/home/pete/wefwefwef/docs/other/0dee254d2a800bb9d190ac06439ce844/repo/master/.xml/rabbit_common/app_utils.xml"
Generating HTML - rabbit_basic "/home/pete/wefwefwef/docs/other/0dee254d2a800bb9d190ac06439ce844/repo/master/.xml/rabbit_common/rabbit_basic.xml"
Reading XML for "/home/pete/wefwefwef/docs/other/0dee254d2a800bb9d190ac06439ce844/repo/master/.xml/rabbit_common/rabbit_basic.xml"
Reading XML for "/home/pete/wefwefwef/docs/other/0dee254d2a800bb9d190ac06439ce844/repo/master/.xml/specs_rabbit_reader.xml"
Reading XML for "/home/pete/wefwefwef/docs/other/0dee254d2a800bb9d190ac06439ce844/repo/master/.xml/specs_rabbit_framing_amqp_0_9_1.xml"
Generating HTML - rabbit_networking "/home/pete/wefwefwef/docs/other/0dee254d2a800bb9d190ac06439ce844/repo/master/.xml/rabbit_common/rabbit_networking.xml"
Reading XML for "/home/pete/wefwefwef/docs/other/0dee254d2a800bb9d190ac06439ce844/repo/master/.xml/rabbit_common/rabbit_networking.xml"
Generating HTML - rabbit_net "/home/pete/wefwefwef/docs/other/0dee254d2a800bb9d190ac06439ce844/repo/master/.xml/rabbit_common/rabbit_net.xml"
Reading XML for "/home/pete/wefwefwef/docs/other/0dee254d2a800bb9d190ac06439ce844/repo/master/.xml/rabbit_common/rabbit_net.xml"
Reading XML for "/home/pete/wefwefwef/docs/other/0dee254d2a800bb9d190ac06439ce844/repo/master/.xml/specs_app_utils.xml"
Reading XML for "/home/pete/wefwefwef/docs/other/0dee254d2a800bb9d190ac06439ce844/repo/master/.xml/specs_rabbit_basic.xml"
Generating HTML - rabbit_command_assembler "/home/pete/wefwefwef/docs/other/0dee254d2a800bb9d190ac06439ce844/repo/master/.xml/rabbit_common/rabbit_command_assembler.xml"
Reading XML for "/home/pete/wefwefwef/docs/other/0dee254d2a800bb9d190ac06439ce844/repo/master/.xml/rabbit_common/rabbit_command_assembler.xml"
Generating HTML - rabbit_channel_interceptor "/home/pete/wefwefwef/docs/other/0dee254d2a800bb9d190ac06439ce844/repo/master/.xml/rabbit_common/rabbit_channel_interceptor.xml"
Reading XML for "/home/pete/wefwefwef/docs/other/0dee254d2a800bb9d190ac06439ce844/repo/master/.xml/rabbit_common/rabbit_channel_interceptor.xml"
Reading XML for "/home/pete/wefwefwef/docs/other/0dee254d2a800bb9d190ac06439ce844/repo/master/.xml/specs_rabbit_networking.xml"
Reading XML for "/home/pete/wefwefwef/docs/other/0dee254d2a800bb9d190ac06439ce844/repo/master/.xml/specs_rabbit_net.xml"
Generating HTML - rabbit_exchange_type "/home/pete/wefwefwef/docs/other/0dee254d2a800bb9d190ac06439ce844/repo/master/.xml/rabbit_common/rabbit_exchange_type.xml"
Reading XML for "/home/pete/wefwefwef/docs/other/0dee254d2a800bb9d190ac06439ce844/repo/master/.xml/rabbit_common/rabbit_exchange_type.xml"
Reading XML for "/home/pete/wefwefwef/docs/other/0dee254d2a800bb9d190ac06439ce844/repo/master/.xml/specs_rabbit_command_assembler.xml"
Reading XML for "/home/pete/wefwefwef/docs/other/0dee254d2a800bb9d190ac06439ce844/repo/master/.xml/specs_rabbit_channel_interceptor.xml"
Generating HTML - rabbit_binary_generator "/home/pete/wefwefwef/docs/other/0dee254d2a800bb9d190ac06439ce844/repo/master/.xml/rabbit_common/rabbit_binary_generator.xml"
Reading XML for "/home/pete/wefwefwef/docs/other/0dee254d2a800bb9d190ac06439ce844/repo/master/.xml/rabbit_common/rabbit_binary_generator.xml"
Reading XML for "/home/pete/wefwefwef/docs/other/0dee254d2a800bb9d190ac06439ce844/repo/master/.xml/specs_rabbit_exchange_type.xml"
Reading XML for "/home/pete/wefwefwef/docs/other/0dee254d2a800bb9d190ac06439ce844/repo/master/.xml/specs_rabbit_binary_generator.xml"
Creating index.html ...
Creating erldocs_index.js ...
Woot, finished in 0 Minutes 7 Seconds
 :: Discovering other repos
$ 5000  `rm -r '/home/pete/wefwefwef/docs/other/0dee254d2a800bb9d190ac06439ce844/rabbit_common-branch-master'  2>&1`
 :: Processing https://github.com/olgeni/rabbit_common	{rev,tag,"3.5.3","9349ccb4fa4793b2bba43829ad8ee5e4d04b3ef5",undefined,[],[]}
 :: Fetching repo code
$ cd '/home/pete/wefwefwef/docs/other/0dee254d2a800bb9d190ac06439ce844/rabbit_common-tag-3.5.3'
$ infinity  `curl --fail --silent --show-error --location --output repo.tar.gz 'https://codeload.github.com/olgeni/rabbit_common/legacy.tar.gz/3.5.3'  2>&1`
$ cd '/home/pete/wefwefwef/docs/erldocs_other.git'
$ cd '/home/pete/wefwefwef/docs/other/0dee254d2a800bb9d190ac06439ce844/rabbit_common-tag-3.5.3/olgeni-rabbit_common-9349ccb'
$ 5000  `find -P . -type l -delete  2>&1`
$ cd '/home/pete/wefwefwef/docs/erldocs_other.git'
$ 5000  `mv '/home/pete/wefwefwef/docs/other/0dee254d2a800bb9d190ac06439ce844/rabbit_common-tag-3.5.3/olgeni-rabbit_common-9349ccb' '/home/pete/wefwefwef/docs/other/0dee254d2a800bb9d190ac06439ce844/rabbit_common-tag-3.5.3/rabbit_common'  2>&1`
 :: Getting dependencies
$ cd '/home/pete/wefwefwef/docs/other/0dee254d2a800bb9d190ac06439ce844/rabbit_common-tag-3.5.3/rabbit_common'
$ 5000  `ls -1 deps/  2>&1`
$ cd '/home/pete/wefwefwef/docs/erldocs_other.git'
>>> [rebar] deps = []
 :: Generating erldocs into /home/pete/wefwefwef/docs/other/0dee254d2a800bb9d190ac06439ce844/repo/3.5.3
Building rabbit_common
Generating Type Specs - "/home/pete/wefwefwef/docs/other/0dee254d2a800bb9d190ac06439ce844/rabbit_common-tag-3.5.3/rabbit_common/src/app_utils.erl"
Generating Type Specs - "/home/pete/wefwefwef/docs/other/0dee254d2a800bb9d190ac06439ce844/rabbit_common-tag-3.5.3/rabbit_common/src/credit_flow.erl"
Generating Type Specs - "/home/pete/wefwefwef/docs/other/0dee254d2a800bb9d190ac06439ce844/rabbit_common-tag-3.5.3/rabbit_common/src/gen_server2.erl"
Generating Type Specs - "/home/pete/wefwefwef/docs/other/0dee254d2a800bb9d190ac06439ce844/rabbit_common-tag-3.5.3/rabbit_common/src/mirrored_supervisor.erl"
Generating Type Specs - "/home/pete/wefwefwef/docs/other/0dee254d2a800bb9d190ac06439ce844/rabbit_common-tag-3.5.3/rabbit_common/src/mochijson2.erl"
Generating Type Specs - "/home/pete/wefwefwef/docs/other/0dee254d2a800bb9d190ac06439ce844/rabbit_common-tag-3.5.3/rabbit_common/src/pmon.erl"
Generating Type Specs - "/home/pete/wefwefwef/docs/other/0dee254d2a800bb9d190ac06439ce844/rabbit_common-tag-3.5.3/rabbit_common/src/priority_queue.erl"
Generating Type Specs - "/home/pete/wefwefwef/docs/other/0dee254d2a800bb9d190ac06439ce844/rabbit_common-tag-3.5.3/rabbit_common/src/rabbit_amqqueue.erl"
Generating Type Specs - "/home/pete/wefwefwef/docs/other/0dee254d2a800bb9d190ac06439ce844/rabbit_common-tag-3.5.3/rabbit_common/src/rabbit_auth_mechanism.erl"
Generating Type Specs - "/home/pete/wefwefwef/docs/other/0dee254d2a800bb9d190ac06439ce844/rabbit_common-tag-3.5.3/rabbit_common/src/rabbit_authn_backend.erl"
Generating Type Specs - "/home/pete/wefwefwef/docs/other/0dee254d2a800bb9d190ac06439ce844/rabbit_common-tag-3.5.3/rabbit_common/src/rabbit_authz_backend.erl"
Generating Type Specs - "/home/pete/wefwefwef/docs/other/0dee254d2a800bb9d190ac06439ce844/rabbit_common-tag-3.5.3/rabbit_common/src/rabbit_backing_queue.erl"
Generating Type Specs - "/home/pete/wefwefwef/docs/other/0dee254d2a800bb9d190ac06439ce844/rabbit_common-tag-3.5.3/rabbit_common/src/rabbit_basic.erl"
Generating Type Specs - "/home/pete/wefwefwef/docs/other/0dee254d2a800bb9d190ac06439ce844/rabbit_common-tag-3.5.3/rabbit_common/src/rabbit_binary_generator.erl"
Generating Type Specs - "/home/pete/wefwefwef/docs/other/0dee254d2a800bb9d190ac06439ce844/rabbit_common-tag-3.5.3/rabbit_common/src/rabbit_binary_parser.erl"
Generating Type Specs - "/home/pete/wefwefwef/docs/other/0dee254d2a800bb9d190ac06439ce844/rabbit_common-tag-3.5.3/rabbit_common/src/rabbit_channel.erl"
Generating Type Specs - "/home/pete/wefwefwef/docs/other/0dee254d2a800bb9d190ac06439ce844/rabbit_common-tag-3.5.3/rabbit_common/src/rabbit_channel_interceptor.erl"
Generating Type Specs - "/home/pete/wefwefwef/docs/other/0dee254d2a800bb9d190ac06439ce844/rabbit_common-tag-3.5.3/rabbit_common/src/rabbit_command_assembler.erl"
Generating Type Specs - "/home/pete/wefwefwef/docs/other/0dee254d2a800bb9d190ac06439ce844/rabbit_common-tag-3.5.3/rabbit_common/src/rabbit_event.erl"
Generating Type Specs - "/home/pete/wefwefwef/docs/other/0dee254d2a800bb9d190ac06439ce844/rabbit_common-tag-3.5.3/rabbit_common/src/rabbit_exchange_decorator.erl"
Generating Type Specs - "/home/pete/wefwefwef/docs/other/0dee254d2a800bb9d190ac06439ce844/rabbit_common-tag-3.5.3/rabbit_common/src/rabbit_exchange_type.erl"
Generating Type Specs - "/home/pete/wefwefwef/docs/other/0dee254d2a800bb9d190ac06439ce844/rabbit_common-tag-3.5.3/rabbit_common/src/rabbit_framing_amqp_0_8.erl"
Generating Type Specs - "/home/pete/wefwefwef/docs/other/0dee254d2a800bb9d190ac06439ce844/rabbit_common-tag-3.5.3/rabbit_common/src/rabbit_framing_amqp_0_9_1.erl"
Generating Type Specs - "/home/pete/wefwefwef/docs/other/0dee254d2a800bb9d190ac06439ce844/rabbit_common-tag-3.5.3/rabbit_common/src/rabbit_heartbeat.erl"
Generating Type Specs - "/home/pete/wefwefwef/docs/other/0dee254d2a800bb9d190ac06439ce844/rabbit_common-tag-3.5.3/rabbit_common/src/rabbit_misc.erl"
Generating Type Specs - "/home/pete/wefwefwef/docs/other/0dee254d2a800bb9d190ac06439ce844/rabbit_common-tag-3.5.3/rabbit_common/src/rabbit_msg_store_index.erl"
Generating Type Specs - "/home/pete/wefwefwef/docs/other/0dee254d2a800bb9d190ac06439ce844/rabbit_common-tag-3.5.3/rabbit_common/src/rabbit_net.erl"
Generating Type Specs - "/home/pete/wefwefwef/docs/other/0dee254d2a800bb9d190ac06439ce844/rabbit_common-tag-3.5.3/rabbit_common/src/rabbit_networking.erl"
Generating Type Specs - "/home/pete/wefwefwef/docs/other/0dee254d2a800bb9d190ac06439ce844/rabbit_common-tag-3.5.3/rabbit_common/src/rabbit_nodes.erl"
Generating Type Specs - "/home/pete/wefwefwef/docs/other/0dee254d2a800bb9d190ac06439ce844/rabbit_common-tag-3.5.3/rabbit_common/src/rabbit_policy_validator.erl"
Generating Type Specs - "/home/pete/wefwefwef/docs/other/0dee254d2a800bb9d190ac06439ce844/rabbit_common-tag-3.5.3/rabbit_common/src/rabbit_queue_collector.erl"
Generating Type Specs - "/home/pete/wefwefwef/docs/other/0dee254d2a800bb9d190ac06439ce844/rabbit_common-tag-3.5.3/rabbit_common/src/rabbit_queue_decorator.erl"
Generating Type Specs - "/home/pete/wefwefwef/docs/other/0dee254d2a800bb9d190ac06439ce844/rabbit_common-tag-3.5.3/rabbit_common/src/rabbit_reader.erl"
Generating Type Specs - "/home/pete/wefwefwef/docs/other/0dee254d2a800bb9d190ac06439ce844/rabbit_common-tag-3.5.3/rabbit_common/src/rabbit_runtime_parameter.erl"
Generating Type Specs - "/home/pete/wefwefwef/docs/other/0dee254d2a800bb9d190ac06439ce844/rabbit_common-tag-3.5.3/rabbit_common/src/rabbit_writer.erl"
Generating Type Specs - "/home/pete/wefwefwef/docs/other/0dee254d2a800bb9d190ac06439ce844/rabbit_common-tag-3.5.3/rabbit_common/src/supervisor2.erl"
Generating XML for application rabbit_common "/home/pete/wefwefwef/docs/other/0dee254d2a800bb9d190ac06439ce844/rabbit_common-tag-3.5.3/rabbit_common" -> "/home/pete/wefwefwef/docs/other/0dee254d2a800bb9d190ac06439ce844/repo/3.5.3/.xml/rabbit_common"
Generated rabbit_common XMLs: ["/home/pete/wefwefwef/docs/other/0dee254d2a800bb9d190ac06439ce844/repo/3.5.3/.xml/rabbit_common/rabbit_net.xml",
                               "/home/pete/wefwefwef/docs/other/0dee254d2a800bb9d190ac06439ce844/repo/3.5.3/.xml/rabbit_common/rabbit_framing_amqp_0_9_1.xml",
                               "/home/pete/wefwefwef/docs/other/0dee254d2a800bb9d190ac06439ce844/repo/3.5.3/.xml/rabbit_common/rabbit_authn_backend.xml",
                               "/home/pete/wefwefwef/docs/other/0dee254d2a800bb9d190ac06439ce844/repo/3.5.3/.xml/rabbit_common/gen_server2.xml",
                               "/home/pete/wefwefwef/docs/other/0dee254d2a800bb9d190ac06439ce844/repo/3.5.3/.xml/rabbit_common/credit_flow.xml",
                               "/home/pete/wefwefwef/docs/other/0dee254d2a800bb9d190ac06439ce844/repo/3.5.3/.xml/rabbit_common/rabbit_nodes.xml",
                               "/home/pete/wefwefwef/docs/other/0dee254d2a800bb9d190ac06439ce844/repo/3.5.3/.xml/rabbit_common/supervisor2.xml",
                               "/home/pete/wefwefwef/docs/other/0dee254d2a800bb9d190ac06439ce844/repo/3.5.3/.xml/rabbit_common/rabbit_event.xml",
                               "/home/pete/wefwefwef/docs/other/0dee254d2a800bb9d190ac06439ce844/repo/3.5.3/.xml/rabbit_common/rabbit_runtime_parameter.xml",
                               "/home/pete/wefwefwef/docs/other/0dee254d2a800bb9d190ac06439ce844/repo/3.5.3/.xml/rabbit_common/rabbit_command_assembler.xml",
                               "/home/pete/wefwefwef/docs/other/0dee254d2a800bb9d190ac06439ce844/repo/3.5.3/.xml/rabbit_common/app_utils.xml",
                               "/home/pete/wefwefwef/docs/other/0dee254d2a800bb9d190ac06439ce844/repo/3.5.3/.xml/rabbit_common/rabbit_queue_collector.xml",
                               "/home/pete/wefwefwef/docs/other/0dee254d2a800bb9d190ac06439ce844/repo/3.5.3/.xml/rabbit_common/rabbit_exchange_decorator.xml",
                               "/home/pete/wefwefwef/docs/other/0dee254d2a800bb9d190ac06439ce844/repo/3.5.3/.xml/rabbit_common/mochijson2.xml",
                               "/home/pete/wefwefwef/docs/other/0dee254d2a800bb9d190ac06439ce844/repo/3.5.3/.xml/rabbit_common/rabbit_policy_validator.xml",
                               "/home/pete/wefwefwef/docs/other/0dee254d2a800bb9d190ac06439ce844/repo/3.5.3/.xml/rabbit_common/priority_queue.xml",
                               "/home/pete/wefwefwef/docs/other/0dee254d2a800bb9d190ac06439ce844/repo/3.5.3/.xml/rabbit_common/mirrored_supervisor.xml",
                               "/home/pete/wefwefwef/docs/other/0dee254d2a800bb9d190ac06439ce844/repo/3.5.3/.xml/rabbit_common/rabbit_channel.xml",
                               "/home/pete/wefwefwef/docs/other/0dee254d2a800bb9d190ac06439ce844/repo/3.5.3/.xml/rabbit_common/rabbit_binary_generator.xml",
                               "/home/pete/wefwefwef/docs/other/0dee254d2a800bb9d190ac06439ce844/repo/3.5.3/.xml/rabbit_common/rabbit_channel_interceptor.xml",
                               "/home/pete/wefwefwef/docs/other/0dee254d2a800bb9d190ac06439ce844/repo/3.5.3/.xml/rabbit_common/rabbit_basic.xml",
                               "/home/pete/wefwefwef/docs/other/0dee254d2a800bb9d190ac06439ce844/repo/3.5.3/.xml/rabbit_common/rabbit_msg_store_index.xml",
                               "/home/pete/wefwefwef/docs/other/0dee254d2a800bb9d190ac06439ce844/repo/3.5.3/.xml/rabbit_common/rabbit_queue_decorator.xml",
                               "/home/pete/wefwefwef/docs/other/0dee254d2a800bb9d190ac06439ce844/repo/3.5.3/.xml/rabbit_common/rabbit_misc.xml",
                               "/home/pete/wefwefwef/docs/other/0dee254d2a800bb9d190ac06439ce844/repo/3.5.3/.xml/rabbit_common/rabbit_writer.xml",
                               "/home/pete/wefwefwef/docs/other/0dee254d2a800bb9d190ac06439ce844/repo/3.5.3/.xml/rabbit_common/rabbit_backing_queue.xml",
                               "/home/pete/wefwefwef/docs/other/0dee254d2a800bb9d190ac06439ce844/repo/3.5.3/.xml/rabbit_common/pmon.xml",
                               "/home/pete/wefwefwef/docs/other/0dee254d2a800bb9d190ac06439ce844/repo/3.5.3/.xml/rabbit_common/rabbit_exchange_type.xml",
                               "/home/pete/wefwefwef/docs/other/0dee254d2a800bb9d190ac06439ce844/repo/3.5.3/.xml/rabbit_common/rabbit_networking.xml",
                               "/home/pete/wefwefwef/docs/other/0dee254d2a800bb9d190ac06439ce844/repo/3.5.3/.xml/rabbit_common/rabbit_reader.xml",
                               "/home/pete/wefwefwef/docs/other/0dee254d2a800bb9d190ac06439ce844/repo/3.5.3/.xml/rabbit_common/rabbit_binary_parser.xml",
                               "/home/pete/wefwefwef/docs/other/0dee254d2a800bb9d190ac06439ce844/repo/3.5.3/.xml/rabbit_common/rabbit_amqqueue.xml",
                               "/home/pete/wefwefwef/docs/other/0dee254d2a800bb9d190ac06439ce844/repo/3.5.3/.xml/rabbit_common/rabbit_authz_backend.xml",
                               "/home/pete/wefwefwef/docs/other/0dee254d2a800bb9d190ac06439ce844/repo/3.5.3/.xml/rabbit_common/rabbit_heartbeat.xml",
                               "/home/pete/wefwefwef/docs/other/0dee254d2a800bb9d190ac06439ce844/repo/3.5.3/.xml/rabbit_common/rabbit_framing_amqp_0_8.xml",
                               "/home/pete/wefwefwef/docs/other/0dee254d2a800bb9d190ac06439ce844/repo/3.5.3/.xml/rabbit_common/rabbit_auth_mechanism.xml"]
Generating HTML - rabbit_runtime_parameter "/home/pete/wefwefwef/docs/other/0dee254d2a800bb9d190ac06439ce844/repo/3.5.3/.xml/rabbit_common/rabbit_runtime_parameter.xml"
Generating HTML - rabbit_channel "/home/pete/wefwefwef/docs/other/0dee254d2a800bb9d190ac06439ce844/repo/3.5.3/.xml/rabbit_common/rabbit_channel.xml"
Generating HTML - pmon "/home/pete/wefwefwef/docs/other/0dee254d2a800bb9d190ac06439ce844/repo/3.5.3/.xml/rabbit_common/pmon.xml"
Generating HTML - rabbit_auth_mechanism "/home/pete/wefwefwef/docs/other/0dee254d2a800bb9d190ac06439ce844/repo/3.5.3/.xml/rabbit_common/rabbit_auth_mechanism.xml"
Reading XML for "/home/pete/wefwefwef/docs/other/0dee254d2a800bb9d190ac06439ce844/repo/3.5.3/.xml/rabbit_common/rabbit_runtime_parameter.xml"
Reading XML for "/home/pete/wefwefwef/docs/other/0dee254d2a800bb9d190ac06439ce844/repo/3.5.3/.xml/rabbit_common/rabbit_channel.xml"
Reading XML for "/home/pete/wefwefwef/docs/other/0dee254d2a800bb9d190ac06439ce844/repo/3.5.3/.xml/rabbit_common/pmon.xml"
Reading XML for "/home/pete/wefwefwef/docs/other/0dee254d2a800bb9d190ac06439ce844/repo/3.5.3/.xml/rabbit_common/rabbit_auth_mechanism.xml"
Reading XML for "/home/pete/wefwefwef/docs/other/0dee254d2a800bb9d190ac06439ce844/repo/3.5.3/.xml/specs_rabbit_runtime_parameter.xml"
Reading XML for "/home/pete/wefwefwef/docs/other/0dee254d2a800bb9d190ac06439ce844/repo/3.5.3/.xml/specs_pmon.xml"
Generating HTML - rabbit_event "/home/pete/wefwefwef/docs/other/0dee254d2a800bb9d190ac06439ce844/repo/3.5.3/.xml/rabbit_common/rabbit_event.xml"
Reading XML for "/home/pete/wefwefwef/docs/other/0dee254d2a800bb9d190ac06439ce844/repo/3.5.3/.xml/rabbit_common/rabbit_event.xml"
Reading XML for "/home/pete/wefwefwef/docs/other/0dee254d2a800bb9d190ac06439ce844/repo/3.5.3/.xml/specs_rabbit_auth_mechanism.xml"
Generating HTML - rabbit_backing_queue "/home/pete/wefwefwef/docs/other/0dee254d2a800bb9d190ac06439ce844/repo/3.5.3/.xml/rabbit_common/rabbit_backing_queue.xml"
Reading XML for "/home/pete/wefwefwef/docs/other/0dee254d2a800bb9d190ac06439ce844/repo/3.5.3/.xml/specs_rabbit_channel.xml"
Reading XML for "/home/pete/wefwefwef/docs/other/0dee254d2a800bb9d190ac06439ce844/repo/3.5.3/.xml/rabbit_common/rabbit_backing_queue.xml"
Generating HTML - rabbit_framing_amqp_0_8 "/home/pete/wefwefwef/docs/other/0dee254d2a800bb9d190ac06439ce844/repo/3.5.3/.xml/rabbit_common/rabbit_framing_amqp_0_8.xml"
Reading XML for "/home/pete/wefwefwef/docs/other/0dee254d2a800bb9d190ac06439ce844/repo/3.5.3/.xml/rabbit_common/rabbit_framing_amqp_0_8.xml"
Generating HTML - mirrored_supervisor "/home/pete/wefwefwef/docs/other/0dee254d2a800bb9d190ac06439ce844/repo/3.5.3/.xml/rabbit_common/mirrored_supervisor.xml"
Reading XML for "/home/pete/wefwefwef/docs/other/0dee254d2a800bb9d190ac06439ce844/repo/3.5.3/.xml/rabbit_common/mirrored_supervisor.xml"
Reading XML for "/home/pete/wefwefwef/docs/other/0dee254d2a800bb9d190ac06439ce844/repo/3.5.3/.xml/specs_rabbit_event.xml"
Reading XML for "/home/pete/wefwefwef/docs/other/0dee254d2a800bb9d190ac06439ce844/repo/3.5.3/.xml/specs_rabbit_backing_queue.xml"
Generating HTML - rabbit_writer "/home/pete/wefwefwef/docs/other/0dee254d2a800bb9d190ac06439ce844/repo/3.5.3/.xml/rabbit_common/rabbit_writer.xml"
Reading XML for "/home/pete/wefwefwef/docs/other/0dee254d2a800bb9d190ac06439ce844/repo/3.5.3/.xml/rabbit_common/rabbit_writer.xml"
Generating HTML - supervisor2 "/home/pete/wefwefwef/docs/other/0dee254d2a800bb9d190ac06439ce844/repo/3.5.3/.xml/rabbit_common/supervisor2.xml"
Reading XML for "/home/pete/wefwefwef/docs/other/0dee254d2a800bb9d190ac06439ce844/repo/3.5.3/.xml/rabbit_common/supervisor2.xml"
Reading XML for "/home/pete/wefwefwef/docs/other/0dee254d2a800bb9d190ac06439ce844/repo/3.5.3/.xml/specs_rabbit_framing_amqp_0_8.xml"
Reading XML for "/home/pete/wefwefwef/docs/other/0dee254d2a800bb9d190ac06439ce844/repo/3.5.3/.xml/specs_mirrored_supervisor.xml"
Generating HTML - rabbit_heartbeat "/home/pete/wefwefwef/docs/other/0dee254d2a800bb9d190ac06439ce844/repo/3.5.3/.xml/rabbit_common/rabbit_heartbeat.xml"
Reading XML for "/home/pete/wefwefwef/docs/other/0dee254d2a800bb9d190ac06439ce844/repo/3.5.3/.xml/rabbit_common/rabbit_heartbeat.xml"
Generating HTML - priority_queue "/home/pete/wefwefwef/docs/other/0dee254d2a800bb9d190ac06439ce844/repo/3.5.3/.xml/rabbit_common/priority_queue.xml"
Reading XML for "/home/pete/wefwefwef/docs/other/0dee254d2a800bb9d190ac06439ce844/repo/3.5.3/.xml/rabbit_common/priority_queue.xml"
Reading XML for "/home/pete/wefwefwef/docs/other/0dee254d2a800bb9d190ac06439ce844/repo/3.5.3/.xml/specs_supervisor2.xml"
Reading XML for "/home/pete/wefwefwef/docs/other/0dee254d2a800bb9d190ac06439ce844/repo/3.5.3/.xml/specs_rabbit_writer.xml"
Generating HTML - rabbit_nodes "/home/pete/wefwefwef/docs/other/0dee254d2a800bb9d190ac06439ce844/repo/3.5.3/.xml/rabbit_common/rabbit_nodes.xml"
Reading XML for "/home/pete/wefwefwef/docs/other/0dee254d2a800bb9d190ac06439ce844/repo/3.5.3/.xml/rabbit_common/rabbit_nodes.xml"
Generating HTML - rabbit_misc "/home/pete/wefwefwef/docs/other/0dee254d2a800bb9d190ac06439ce844/repo/3.5.3/.xml/rabbit_common/rabbit_misc.xml"
Reading XML for "/home/pete/wefwefwef/docs/other/0dee254d2a800bb9d190ac06439ce844/repo/3.5.3/.xml/rabbit_common/rabbit_misc.xml"
Reading XML for "/home/pete/wefwefwef/docs/other/0dee254d2a800bb9d190ac06439ce844/repo/3.5.3/.xml/specs_rabbit_heartbeat.xml"
Reading XML for "/home/pete/wefwefwef/docs/other/0dee254d2a800bb9d190ac06439ce844/repo/3.5.3/.xml/specs_priority_queue.xml"
Generating HTML - rabbit_authz_backend "/home/pete/wefwefwef/docs/other/0dee254d2a800bb9d190ac06439ce844/repo/3.5.3/.xml/rabbit_common/rabbit_authz_backend.xml"
Reading XML for "/home/pete/wefwefwef/docs/other/0dee254d2a800bb9d190ac06439ce844/repo/3.5.3/.xml/rabbit_common/rabbit_authz_backend.xml"
Generating HTML - rabbit_policy_validator "/home/pete/wefwefwef/docs/other/0dee254d2a800bb9d190ac06439ce844/repo/3.5.3/.xml/rabbit_common/rabbit_policy_validator.xml"
Reading XML for "/home/pete/wefwefwef/docs/other/0dee254d2a800bb9d190ac06439ce844/repo/3.5.3/.xml/rabbit_common/rabbit_policy_validator.xml"
Reading XML for "/home/pete/wefwefwef/docs/other/0dee254d2a800bb9d190ac06439ce844/repo/3.5.3/.xml/specs_rabbit_nodes.xml"
Generating HTML - credit_flow "/home/pete/wefwefwef/docs/other/0dee254d2a800bb9d190ac06439ce844/repo/3.5.3/.xml/rabbit_common/credit_flow.xml"
Reading XML for "/home/pete/wefwefwef/docs/other/0dee254d2a800bb9d190ac06439ce844/repo/3.5.3/.xml/rabbit_common/credit_flow.xml"
Reading XML for "/home/pete/wefwefwef/docs/other/0dee254d2a800bb9d190ac06439ce844/repo/3.5.3/.xml/specs_rabbit_authz_backend.xml"
Generating HTML - rabbit_amqqueue "/home/pete/wefwefwef/docs/other/0dee254d2a800bb9d190ac06439ce844/repo/3.5.3/.xml/rabbit_common/rabbit_amqqueue.xml"
Reading XML for "/home/pete/wefwefwef/docs/other/0dee254d2a800bb9d190ac06439ce844/repo/3.5.3/.xml/rabbit_common/rabbit_amqqueue.xml"
Reading XML for "/home/pete/wefwefwef/docs/other/0dee254d2a800bb9d190ac06439ce844/repo/3.5.3/.xml/specs_rabbit_policy_validator.xml"
Generating HTML - mochijson2 "/home/pete/wefwefwef/docs/other/0dee254d2a800bb9d190ac06439ce844/repo/3.5.3/.xml/rabbit_common/mochijson2.xml"
Reading XML for "/home/pete/wefwefwef/docs/other/0dee254d2a800bb9d190ac06439ce844/repo/3.5.3/.xml/specs_rabbit_misc.xml"
Reading XML for "/home/pete/wefwefwef/docs/other/0dee254d2a800bb9d190ac06439ce844/repo/3.5.3/.xml/rabbit_common/mochijson2.xml"
Reading XML for "/home/pete/wefwefwef/docs/other/0dee254d2a800bb9d190ac06439ce844/repo/3.5.3/.xml/specs_credit_flow.xml"
Generating HTML - gen_server2 "/home/pete/wefwefwef/docs/other/0dee254d2a800bb9d190ac06439ce844/repo/3.5.3/.xml/rabbit_common/gen_server2.xml"
Reading XML for "/home/pete/wefwefwef/docs/other/0dee254d2a800bb9d190ac06439ce844/repo/3.5.3/.xml/rabbit_common/gen_server2.xml"
Reading XML for "/home/pete/wefwefwef/docs/other/0dee254d2a800bb9d190ac06439ce844/repo/3.5.3/.xml/specs_rabbit_amqqueue.xml"
Generating HTML - rabbit_queue_decorator "/home/pete/wefwefwef/docs/other/0dee254d2a800bb9d190ac06439ce844/repo/3.5.3/.xml/rabbit_common/rabbit_queue_decorator.xml"
Reading XML for "/home/pete/wefwefwef/docs/other/0dee254d2a800bb9d190ac06439ce844/repo/3.5.3/.xml/specs_mochijson2.xml"
Reading XML for "/home/pete/wefwefwef/docs/other/0dee254d2a800bb9d190ac06439ce844/repo/3.5.3/.xml/rabbit_common/rabbit_queue_decorator.xml"
Generating HTML - rabbit_exchange_decorator "/home/pete/wefwefwef/docs/other/0dee254d2a800bb9d190ac06439ce844/repo/3.5.3/.xml/rabbit_common/rabbit_exchange_decorator.xml"
Reading XML for "/home/pete/wefwefwef/docs/other/0dee254d2a800bb9d190ac06439ce844/repo/3.5.3/.xml/rabbit_common/rabbit_exchange_decorator.xml"
Reading XML for "/home/pete/wefwefwef/docs/other/0dee254d2a800bb9d190ac06439ce844/repo/3.5.3/.xml/specs_gen_server2.xml"
Generating HTML - rabbit_binary_parser "/home/pete/wefwefwef/docs/other/0dee254d2a800bb9d190ac06439ce844/repo/3.5.3/.xml/rabbit_common/rabbit_binary_parser.xml"
Reading XML for "/home/pete/wefwefwef/docs/other/0dee254d2a800bb9d190ac06439ce844/repo/3.5.3/.xml/rabbit_common/rabbit_binary_parser.xml"
Reading XML for "/home/pete/wefwefwef/docs/other/0dee254d2a800bb9d190ac06439ce844/repo/3.5.3/.xml/specs_rabbit_queue_decorator.xml"
Generating HTML - rabbit_authn_backend "/home/pete/wefwefwef/docs/other/0dee254d2a800bb9d190ac06439ce844/repo/3.5.3/.xml/rabbit_common/rabbit_authn_backend.xml"
Reading XML for "/home/pete/wefwefwef/docs/other/0dee254d2a800bb9d190ac06439ce844/repo/3.5.3/.xml/rabbit_common/rabbit_authn_backend.xml"
Generating HTML - rabbit_msg_store_index "/home/pete/wefwefwef/docs/other/0dee254d2a800bb9d190ac06439ce844/repo/3.5.3/.xml/rabbit_common/rabbit_msg_store_index.xml"
Reading XML for "/home/pete/wefwefwef/docs/other/0dee254d2a800bb9d190ac06439ce844/repo/3.5.3/.xml/rabbit_common/rabbit_msg_store_index.xml"
Reading XML for "/home/pete/wefwefwef/docs/other/0dee254d2a800bb9d190ac06439ce844/repo/3.5.3/.xml/specs_rabbit_exchange_decorator.xml"
Generating HTML - rabbit_queue_collector "/home/pete/wefwefwef/docs/other/0dee254d2a800bb9d190ac06439ce844/repo/3.5.3/.xml/rabbit_common/rabbit_queue_collector.xml"
Reading XML for "/home/pete/wefwefwef/docs/other/0dee254d2a800bb9d190ac06439ce844/repo/3.5.3/.xml/rabbit_common/rabbit_queue_collector.xml"
Reading XML for "/home/pete/wefwefwef/docs/other/0dee254d2a800bb9d190ac06439ce844/repo/3.5.3/.xml/specs_rabbit_binary_parser.xml"
Generating HTML - rabbit_reader "/home/pete/wefwefwef/docs/other/0dee254d2a800bb9d190ac06439ce844/repo/3.5.3/.xml/rabbit_common/rabbit_reader.xml"
Reading XML for "/home/pete/wefwefwef/docs/other/0dee254d2a800bb9d190ac06439ce844/repo/3.5.3/.xml/rabbit_common/rabbit_reader.xml"
Reading XML for "/home/pete/wefwefwef/docs/other/0dee254d2a800bb9d190ac06439ce844/repo/3.5.3/.xml/specs_rabbit_authn_backend.xml"
Generating HTML - rabbit_framing_amqp_0_9_1 "/home/pete/wefwefwef/docs/other/0dee254d2a800bb9d190ac06439ce844/repo/3.5.3/.xml/rabbit_common/rabbit_framing_amqp_0_9_1.xml"
Reading XML for "/home/pete/wefwefwef/docs/other/0dee254d2a800bb9d190ac06439ce844/repo/3.5.3/.xml/rabbit_common/rabbit_framing_amqp_0_9_1.xml"
Reading XML for "/home/pete/wefwefwef/docs/other/0dee254d2a800bb9d190ac06439ce844/repo/3.5.3/.xml/specs_rabbit_msg_store_index.xml"
Generating HTML - rabbit_basic "/home/pete/wefwefwef/docs/other/0dee254d2a800bb9d190ac06439ce844/repo/3.5.3/.xml/rabbit_common/rabbit_basic.xml"
Reading XML for "/home/pete/wefwefwef/docs/other/0dee254d2a800bb9d190ac06439ce844/repo/3.5.3/.xml/rabbit_common/rabbit_basic.xml"
Reading XML for "/home/pete/wefwefwef/docs/other/0dee254d2a800bb9d190ac06439ce844/repo/3.5.3/.xml/specs_rabbit_queue_collector.xml"
Generating HTML - app_utils "/home/pete/wefwefwef/docs/other/0dee254d2a800bb9d190ac06439ce844/repo/3.5.3/.xml/rabbit_common/app_utils.xml"
Reading XML for "/home/pete/wefwefwef/docs/other/0dee254d2a800bb9d190ac06439ce844/repo/3.5.3/.xml/specs_rabbit_reader.xml"
Reading XML for "/home/pete/wefwefwef/docs/other/0dee254d2a800bb9d190ac06439ce844/repo/3.5.3/.xml/rabbit_common/app_utils.xml"
Generating HTML - rabbit_networking "/home/pete/wefwefwef/docs/other/0dee254d2a800bb9d190ac06439ce844/repo/3.5.3/.xml/rabbit_common/rabbit_networking.xml"
Reading XML for "/home/pete/wefwefwef/docs/other/0dee254d2a800bb9d190ac06439ce844/repo/3.5.3/.xml/specs_rabbit_framing_amqp_0_9_1.xml"
Reading XML for "/home/pete/wefwefwef/docs/other/0dee254d2a800bb9d190ac06439ce844/repo/3.5.3/.xml/rabbit_common/rabbit_networking.xml"
Reading XML for "/home/pete/wefwefwef/docs/other/0dee254d2a800bb9d190ac06439ce844/repo/3.5.3/.xml/specs_rabbit_basic.xml"
Generating HTML - rabbit_net "/home/pete/wefwefwef/docs/other/0dee254d2a800bb9d190ac06439ce844/repo/3.5.3/.xml/rabbit_common/rabbit_net.xml"
Reading XML for "/home/pete/wefwefwef/docs/other/0dee254d2a800bb9d190ac06439ce844/repo/3.5.3/.xml/rabbit_common/rabbit_net.xml"
Generating HTML - rabbit_channel_interceptor "/home/pete/wefwefwef/docs/other/0dee254d2a800bb9d190ac06439ce844/repo/3.5.3/.xml/rabbit_common/rabbit_channel_interceptor.xml"
Reading XML for "/home/pete/wefwefwef/docs/other/0dee254d2a800bb9d190ac06439ce844/repo/3.5.3/.xml/rabbit_common/rabbit_channel_interceptor.xml"
Reading XML for "/home/pete/wefwefwef/docs/other/0dee254d2a800bb9d190ac06439ce844/repo/3.5.3/.xml/specs_app_utils.xml"
Generating HTML - rabbit_command_assembler "/home/pete/wefwefwef/docs/other/0dee254d2a800bb9d190ac06439ce844/repo/3.5.3/.xml/rabbit_common/rabbit_command_assembler.xml"
Reading XML for "/home/pete/wefwefwef/docs/other/0dee254d2a800bb9d190ac06439ce844/repo/3.5.3/.xml/rabbit_common/rabbit_command_assembler.xml"
Reading XML for "/home/pete/wefwefwef/docs/other/0dee254d2a800bb9d190ac06439ce844/repo/3.5.3/.xml/specs_rabbit_networking.xml"
Reading XML for "/home/pete/wefwefwef/docs/other/0dee254d2a800bb9d190ac06439ce844/repo/3.5.3/.xml/specs_rabbit_net.xml"
Reading XML for "/home/pete/wefwefwef/docs/other/0dee254d2a800bb9d190ac06439ce844/repo/3.5.3/.xml/specs_rabbit_channel_interceptor.xml"
Generating HTML - rabbit_binary_generator "/home/pete/wefwefwef/docs/other/0dee254d2a800bb9d190ac06439ce844/repo/3.5.3/.xml/rabbit_common/rabbit_binary_generator.xml"
Reading XML for "/home/pete/wefwefwef/docs/other/0dee254d2a800bb9d190ac06439ce844/repo/3.5.3/.xml/rabbit_common/rabbit_binary_generator.xml"
Generating HTML - rabbit_exchange_type "/home/pete/wefwefwef/docs/other/0dee254d2a800bb9d190ac06439ce844/repo/3.5.3/.xml/rabbit_common/rabbit_exchange_type.xml"
Reading XML for "/home/pete/wefwefwef/docs/other/0dee254d2a800bb9d190ac06439ce844/repo/3.5.3/.xml/rabbit_common/rabbit_exchange_type.xml"
Reading XML for "/home/pete/wefwefwef/docs/other/0dee254d2a800bb9d190ac06439ce844/repo/3.5.3/.xml/specs_rabbit_command_assembler.xml"
Reading XML for "/home/pete/wefwefwef/docs/other/0dee254d2a800bb9d190ac06439ce844/repo/3.5.3/.xml/specs_rabbit_binary_generator.xml"
Reading XML for "/home/pete/wefwefwef/docs/other/0dee254d2a800bb9d190ac06439ce844/repo/3.5.3/.xml/specs_rabbit_exchange_type.xml"
Creating index.html ...
Creating erldocs_index.js ...
Woot, finished in 0 Minutes 7 Seconds
 :: Discovering other repos
$ 5000  `rm -r '/home/pete/wefwefwef/docs/other/0dee254d2a800bb9d190ac06439ce844/rabbit_common-tag-3.5.3'  2>&1`
 :: Finishing up
$ 5000  `rm -r '/home/pete/wefwefwef/docs/other/0dee254d2a800bb9d190ac06439ce844/rabbit_common'  2>&1`
