 :: Extracting meta information
$ infinity  `git ls-remote --heads --tags 'https://github.com/rtsisyk/etarantool'  2>&1`
>>> [repo] 1 branches, 0 tags
 :: Writing meta to "/home/pete/wefwefwef/docs/other/ce9f4fee33dd397e3be801f75c2d707021a9be7c/meta.txt"
 :: Processing https://github.com/rtsisyk/etarantool	{rev,branch,"master","3a648a23c7b50f9bd9be6bef11246a49ace090b0",undefined,[],[]}
 :: Fetching repo code
$ cd '/home/pete/wefwefwef/docs/other/ce9f4fee33dd397e3be801f75c2d707021a9be7c/etarantool-branch-master'
$ infinity  `curl --fail --silent --show-error --location --output repo.tar.gz 'https://codeload.github.com/rtsisyk/etarantool/tar.gz/master'  2>&1`
$ cd '/home/pete/wefwefwef/docs/erldocs_other.git'
$ cd '/home/pete/wefwefwef/docs/other/ce9f4fee33dd397e3be801f75c2d707021a9be7c/etarantool-branch-master/tarantool-erlang-master'
$ 5000  `find -P . -type l -delete  2>&1`
$ cd '/home/pete/wefwefwef/docs/erldocs_other.git'
$ 5000  `mv '/home/pete/wefwefwef/docs/other/ce9f4fee33dd397e3be801f75c2d707021a9be7c/etarantool-branch-master/tarantool-erlang-master' '/home/pete/wefwefwef/docs/other/ce9f4fee33dd397e3be801f75c2d707021a9be7c/etarantool-branch-master/etarantool'  2>&1`
 :: Getting dependencies
$ cd '/home/pete/wefwefwef/docs/other/ce9f4fee33dd397e3be801f75c2d707021a9be7c/etarantool-branch-master/etarantool'
$ 5000  `ls -1 deps/  2>&1`
$ cd '/home/pete/wefwefwef/docs/erldocs_other.git'
>>> [rebar] deps = []
 :: Generating erldocs into /home/pete/wefwefwef/docs/other/ce9f4fee33dd397e3be801f75c2d707021a9be7c/repo/master
Building etarantool
Generating Type Specs - "/home/pete/wefwefwef/docs/other/ce9f4fee33dd397e3be801f75c2d707021a9be7c/etarantool-branch-master/etarantool/src/etarantool.erl"
Generating Type Specs - "/home/pete/wefwefwef/docs/other/ce9f4fee33dd397e3be801f75c2d707021a9be7c/etarantool-branch-master/etarantool/src/etarantool_iproto.erl"
Generating Type Specs - "/home/pete/wefwefwef/docs/other/ce9f4fee33dd397e3be801f75c2d707021a9be7c/etarantool-branch-master/etarantool/src/etarantool_varint.erl"
Generating XML for application etarantool "/home/pete/wefwefwef/docs/other/ce9f4fee33dd397e3be801f75c2d707021a9be7c/etarantool-branch-master/etarantool" -> "/home/pete/wefwefwef/docs/other/ce9f4fee33dd397e3be801f75c2d707021a9be7c/repo/master/.xml/etarantool"
Generated etarantool XMLs: ["/home/pete/wefwefwef/docs/other/ce9f4fee33dd397e3be801f75c2d707021a9be7c/repo/master/.xml/etarantool/etarantool.xml",
                            "/home/pete/wefwefwef/docs/other/ce9f4fee33dd397e3be801f75c2d707021a9be7c/repo/master/.xml/etarantool/etarantool_varint.xml",
                            "/home/pete/wefwefwef/docs/other/ce9f4fee33dd397e3be801f75c2d707021a9be7c/repo/master/.xml/etarantool/etarantool_iproto.xml"]
Generating HTML - etarantool_iproto "/home/pete/wefwefwef/docs/other/ce9f4fee33dd397e3be801f75c2d707021a9be7c/repo/master/.xml/etarantool/etarantool_iproto.xml"
Reading XML for "/home/pete/wefwefwef/docs/other/ce9f4fee33dd397e3be801f75c2d707021a9be7c/repo/master/.xml/etarantool/etarantool_iproto.xml"
Reading XML for "/home/pete/wefwefwef/docs/other/ce9f4fee33dd397e3be801f75c2d707021a9be7c/repo/master/.xml/specs_etarantool_iproto.xml"
Generating HTML - etarantool_varint "/home/pete/wefwefwef/docs/other/ce9f4fee33dd397e3be801f75c2d707021a9be7c/repo/master/.xml/etarantool/etarantool_varint.xml"
Reading XML for "/home/pete/wefwefwef/docs/other/ce9f4fee33dd397e3be801f75c2d707021a9be7c/repo/master/.xml/etarantool/etarantool_varint.xml"
Reading XML for "/home/pete/wefwefwef/docs/other/ce9f4fee33dd397e3be801f75c2d707021a9be7c/repo/master/.xml/specs_etarantool_varint.xml"
Generating HTML - etarantool "/home/pete/wefwefwef/docs/other/ce9f4fee33dd397e3be801f75c2d707021a9be7c/repo/master/.xml/etarantool/etarantool.xml"
Reading XML for "/home/pete/wefwefwef/docs/other/ce9f4fee33dd397e3be801f75c2d707021a9be7c/repo/master/.xml/etarantool/etarantool.xml"
Reading XML for "/home/pete/wefwefwef/docs/other/ce9f4fee33dd397e3be801f75c2d707021a9be7c/repo/master/.xml/specs_etarantool.xml"
Creating index.html ...
Creating erldocs_index.js ...
Woot, finished in 0 Minutes 0 Seconds
 :: Discovering other repos
$ 5000  `rm -r '/home/pete/wefwefwef/docs/other/ce9f4fee33dd397e3be801f75c2d707021a9be7c/etarantool-branch-master'  2>&1`
 :: Finishing up
$ 5000  `rm -r '/home/pete/wefwefwef/docs/other/ce9f4fee33dd397e3be801f75c2d707021a9be7c/etarantool'  2>&1`
