 :: Extracting meta information
$ 5000  `git ls-remote --heads --tags 'https://github.com/rawn/lejson'  2>&1`
>>> [repo] 1 branches, 5 tags
 :: Writing meta to "/home/pete/wefwefwef/docs/other/5541536432/meta.txt"
 :: Processing https://github.com/rawn/lejson	{rev,tag,"0.1.0","233beda44857b62f75daaabb58c0924d93a68a81",undefined,[],[]}
 :: Fetching repo code
$ cd "/home/pete/wefwefwef/docs/other/5541536432/lejson-tag-0.1.0/lejson"
$ infinity  `curl --fail --silent --show-error --location --output '0.1.0.zip' 'https://github.com/rawn/lejson/archive/0.1.0.zip'  2>&1`
$ cd "/home/pete/wefwefwef/docs/erldocs_other.git"
$ cd "/home/pete/wefwefwef/docs/other/5541536432/lejson-tag-0.1.0/lejson"
$ 5000  `find -P . -type l -delete  2>&1`
$ cd "/home/pete/wefwefwef/docs/erldocs_other.git"
$ cd "/home/pete/wefwefwef/docs/other/5541536432/lejson-tag-0.1.0/lejson"
$ 5000  `find 'lejson-0.1.0' -mindepth 1 -maxdepth 1 -exec mv -t . -- {} +  2>&1`
$ cd "/home/pete/wefwefwef/docs/erldocs_other.git"
 :: Getting dependencies
$ cd "/home/pete/wefwefwef/docs/other/5541536432/lejson-tag-0.1.0/lejson"
$ 5000  `ls -1 deps/  2>&1`
$ cd "/home/pete/wefwefwef/docs/erldocs_other.git"
>>> [rebar] deps = []
 :: Generating erldocs into /home/pete/wefwefwef/docs/other/5541536432/repo/0.1.0
Building lejson
Generating Type Specs - "/home/pete/wefwefwef/docs/other/5541536432/lejson-tag-0.1.0/lejson/src/lejson.erl"
Generating XML for application lejson "/home/pete/wefwefwef/docs/other/5541536432/lejson-tag-0.1.0/lejson" -> "/home/pete/wefwefwef/docs/other/5541536432/repo/0.1.0/.xml/lejson"
Generated lejson XMLs: ["/home/pete/wefwefwef/docs/other/5541536432/repo/0.1.0/.xml/lejson/lejson.xml"]
Generating HTML - lejson "/home/pete/wefwefwef/docs/other/5541536432/repo/0.1.0/.xml/lejson/lejson.xml"
Reading XML for "/home/pete/wefwefwef/docs/other/5541536432/repo/0.1.0/.xml/lejson/lejson.xml"
Reading XML for "/home/pete/wefwefwef/docs/other/5541536432/repo/0.1.0/.xml/specs_lejson.xml"
Creating index.html ...
Creating erldocs_index.js ...
Woot, finished in 0 Minutes 0 Seconds
 :: Discovering other repos
$ 5000  `rm -r '/home/pete/wefwefwef/docs/other/5541536432/lejson-tag-0.1.0'  2>&1`
 :: Processing https://github.com/rawn/lejson	{rev,tag,"0.2.0","a5adafa0fc1dab978d67caf8d4fa646bcbbfe0b8",undefined,[],[]}
 :: Fetching repo code
$ cd "/home/pete/wefwefwef/docs/other/5541536432/lejson-tag-0.2.0/lejson"
$ infinity  `curl --fail --silent --show-error --location --output '0.2.0.zip' 'https://github.com/rawn/lejson/archive/0.2.0.zip'  2>&1`
$ cd "/home/pete/wefwefwef/docs/erldocs_other.git"
$ cd "/home/pete/wefwefwef/docs/other/5541536432/lejson-tag-0.2.0/lejson"
$ 5000  `find -P . -type l -delete  2>&1`
$ cd "/home/pete/wefwefwef/docs/erldocs_other.git"
$ cd "/home/pete/wefwefwef/docs/other/5541536432/lejson-tag-0.2.0/lejson"
$ 5000  `find 'lejson-0.2.0' -mindepth 1 -maxdepth 1 -exec mv -t . -- {} +  2>&1`
$ cd "/home/pete/wefwefwef/docs/erldocs_other.git"
 :: Getting dependencies
$ cd "/home/pete/wefwefwef/docs/other/5541536432/lejson-tag-0.2.0/lejson"
$ 5000  `ls -1 deps/  2>&1`
$ cd "/home/pete/wefwefwef/docs/erldocs_other.git"
>>> [rebar] deps = []
 :: Generating erldocs into /home/pete/wefwefwef/docs/other/5541536432/repo/0.2.0
Building lejson
Generating Type Specs - "/home/pete/wefwefwef/docs/other/5541536432/lejson-tag-0.2.0/lejson/src/lejson.erl"
Generating XML for application lejson "/home/pete/wefwefwef/docs/other/5541536432/lejson-tag-0.2.0/lejson" -> "/home/pete/wefwefwef/docs/other/5541536432/repo/0.2.0/.xml/lejson"
Generated lejson XMLs: ["/home/pete/wefwefwef/docs/other/5541536432/repo/0.2.0/.xml/lejson/lejson.xml"]
Generating HTML - lejson "/home/pete/wefwefwef/docs/other/5541536432/repo/0.2.0/.xml/lejson/lejson.xml"
Reading XML for "/home/pete/wefwefwef/docs/other/5541536432/repo/0.2.0/.xml/lejson/lejson.xml"
Reading XML for "/home/pete/wefwefwef/docs/other/5541536432/repo/0.2.0/.xml/specs_lejson.xml"
Creating index.html ...
Creating erldocs_index.js ...
Woot, finished in 0 Minutes 0 Seconds
 :: Discovering other repos
$ 5000  `rm -r '/home/pete/wefwefwef/docs/other/5541536432/lejson-tag-0.2.0'  2>&1`
 :: Processing https://github.com/rawn/lejson	{rev,tag,"0.2.1","53ecad113d643ee5ac03f24199a23f02637ba29c",undefined,[],[]}
 :: Fetching repo code
$ cd "/home/pete/wefwefwef/docs/other/5541536432/lejson-tag-0.2.1/lejson"
$ infinity  `curl --fail --silent --show-error --location --output '0.2.1.zip' 'https://github.com/rawn/lejson/archive/0.2.1.zip'  2>&1`
$ cd "/home/pete/wefwefwef/docs/erldocs_other.git"
$ cd "/home/pete/wefwefwef/docs/other/5541536432/lejson-tag-0.2.1/lejson"
$ 5000  `find -P . -type l -delete  2>&1`
$ cd "/home/pete/wefwefwef/docs/erldocs_other.git"
$ cd "/home/pete/wefwefwef/docs/other/5541536432/lejson-tag-0.2.1/lejson"
$ 5000  `find 'lejson-0.2.1' -mindepth 1 -maxdepth 1 -exec mv -t . -- {} +  2>&1`
$ cd "/home/pete/wefwefwef/docs/erldocs_other.git"
 :: Getting dependencies
$ cd "/home/pete/wefwefwef/docs/other/5541536432/lejson-tag-0.2.1/lejson"
$ 5000  `ls -1 deps/  2>&1`
$ cd "/home/pete/wefwefwef/docs/erldocs_other.git"
>>> [rebar] deps = []
 :: Generating erldocs into /home/pete/wefwefwef/docs/other/5541536432/repo/0.2.1
Building lejson
Generating Type Specs - "/home/pete/wefwefwef/docs/other/5541536432/lejson-tag-0.2.1/lejson/src/lejson.erl"
Generating XML for application lejson "/home/pete/wefwefwef/docs/other/5541536432/lejson-tag-0.2.1/lejson" -> "/home/pete/wefwefwef/docs/other/5541536432/repo/0.2.1/.xml/lejson"
Generated lejson XMLs: ["/home/pete/wefwefwef/docs/other/5541536432/repo/0.2.1/.xml/lejson/lejson.xml"]
Generating HTML - lejson "/home/pete/wefwefwef/docs/other/5541536432/repo/0.2.1/.xml/lejson/lejson.xml"
Reading XML for "/home/pete/wefwefwef/docs/other/5541536432/repo/0.2.1/.xml/lejson/lejson.xml"
Reading XML for "/home/pete/wefwefwef/docs/other/5541536432/repo/0.2.1/.xml/specs_lejson.xml"
Creating index.html ...
Creating erldocs_index.js ...
Woot, finished in 0 Minutes 0 Seconds
 :: Discovering other repos
$ 5000  `rm -r '/home/pete/wefwefwef/docs/other/5541536432/lejson-tag-0.2.1'  2>&1`
 :: Processing https://github.com/rawn/lejson	{rev,tag,"0.2.2","03b33cc2e4b7863f53877e9511d5cf9ab86e5ed3",undefined,[],[]}
 :: Fetching repo code
$ cd "/home/pete/wefwefwef/docs/other/5541536432/lejson-tag-0.2.2/lejson"
$ infinity  `curl --fail --silent --show-error --location --output '0.2.2.zip' 'https://github.com/rawn/lejson/archive/0.2.2.zip'  2>&1`
$ cd "/home/pete/wefwefwef/docs/erldocs_other.git"
$ cd "/home/pete/wefwefwef/docs/other/5541536432/lejson-tag-0.2.2/lejson"
$ 5000  `find -P . -type l -delete  2>&1`
$ cd "/home/pete/wefwefwef/docs/erldocs_other.git"
$ cd "/home/pete/wefwefwef/docs/other/5541536432/lejson-tag-0.2.2/lejson"
$ 5000  `find 'lejson-0.2.2' -mindepth 1 -maxdepth 1 -exec mv -t . -- {} +  2>&1`
$ cd "/home/pete/wefwefwef/docs/erldocs_other.git"
 :: Getting dependencies
$ cd "/home/pete/wefwefwef/docs/other/5541536432/lejson-tag-0.2.2/lejson"
$ 5000  `ls -1 deps/  2>&1`
$ cd "/home/pete/wefwefwef/docs/erldocs_other.git"
>>> [rebar] deps = []
 :: Generating erldocs into /home/pete/wefwefwef/docs/other/5541536432/repo/0.2.2
Building lejson
Generating Type Specs - "/home/pete/wefwefwef/docs/other/5541536432/lejson-tag-0.2.2/lejson/src/lejson.erl"
Generating XML for application lejson "/home/pete/wefwefwef/docs/other/5541536432/lejson-tag-0.2.2/lejson" -> "/home/pete/wefwefwef/docs/other/5541536432/repo/0.2.2/.xml/lejson"
Generated lejson XMLs: ["/home/pete/wefwefwef/docs/other/5541536432/repo/0.2.2/.xml/lejson/lejson.xml"]
Generating HTML - lejson "/home/pete/wefwefwef/docs/other/5541536432/repo/0.2.2/.xml/lejson/lejson.xml"
Reading XML for "/home/pete/wefwefwef/docs/other/5541536432/repo/0.2.2/.xml/lejson/lejson.xml"
Reading XML for "/home/pete/wefwefwef/docs/other/5541536432/repo/0.2.2/.xml/specs_lejson.xml"
Creating index.html ...
Creating erldocs_index.js ...
Woot, finished in 0 Minutes 0 Seconds
 :: Discovering other repos
$ 5000  `rm -r '/home/pete/wefwefwef/docs/other/5541536432/lejson-tag-0.2.2'  2>&1`
 :: Processing https://github.com/rawn/lejson	{rev,tag,"0.2.3","aef829b8df70c8bb55f4eb40ab075d43e931d830",undefined,[],[]}
 :: Fetching repo code
$ cd "/home/pete/wefwefwef/docs/other/5541536432/lejson-tag-0.2.3/lejson"
$ infinity  `curl --fail --silent --show-error --location --output '0.2.3.zip' 'https://github.com/rawn/lejson/archive/0.2.3.zip'  2>&1`
$ cd "/home/pete/wefwefwef/docs/erldocs_other.git"
$ cd "/home/pete/wefwefwef/docs/other/5541536432/lejson-tag-0.2.3/lejson"
$ 5000  `find -P . -type l -delete  2>&1`
$ cd "/home/pete/wefwefwef/docs/erldocs_other.git"
$ cd "/home/pete/wefwefwef/docs/other/5541536432/lejson-tag-0.2.3/lejson"
$ 5000  `find 'lejson-0.2.3' -mindepth 1 -maxdepth 1 -exec mv -t . -- {} +  2>&1`
$ cd "/home/pete/wefwefwef/docs/erldocs_other.git"
 :: Getting dependencies
 :: Generating erldocs into /home/pete/wefwefwef/docs/other/5541536432/repo/0.2.3
Building lejson
Generating Type Specs - "/home/pete/wefwefwef/docs/other/5541536432/lejson-tag-0.2.3/lejson/src/lejson.erl"
Generating XML for application lejson "/home/pete/wefwefwef/docs/other/5541536432/lejson-tag-0.2.3/lejson" -> "/home/pete/wefwefwef/docs/other/5541536432/repo/0.2.3/.xml/lejson"
Generated lejson XMLs: ["/home/pete/wefwefwef/docs/other/5541536432/repo/0.2.3/.xml/lejson/lejson.xml"]
Generating HTML - lejson "/home/pete/wefwefwef/docs/other/5541536432/repo/0.2.3/.xml/lejson/lejson.xml"
Reading XML for "/home/pete/wefwefwef/docs/other/5541536432/repo/0.2.3/.xml/lejson/lejson.xml"
Reading XML for "/home/pete/wefwefwef/docs/other/5541536432/repo/0.2.3/.xml/specs_lejson.xml"
Creating index.html ...
Creating erldocs_index.js ...
Woot, finished in 0 Minutes 0 Seconds
 :: Discovering other repos
$ 5000  `rm -r '/home/pete/wefwefwef/docs/other/5541536432/lejson-tag-0.2.3'  2>&1`
 :: Processing https://github.com/rawn/lejson	{rev,branch,"master","b2360848a41d673f7d458d13564c8fc18d9e7dd0",undefined,[],[]}
 :: Fetching repo code
$ cd "/home/pete/wefwefwef/docs/other/5541536432/lejson-branch-master/lejson"
$ infinity  `curl --fail --silent --show-error --location --output 'master.zip' 'https://github.com/rawn/lejson/archive/master.zip'  2>&1`
$ cd "/home/pete/wefwefwef/docs/erldocs_other.git"
$ cd "/home/pete/wefwefwef/docs/other/5541536432/lejson-branch-master/lejson"
$ 5000  `find -P . -type l -delete  2>&1`
$ cd "/home/pete/wefwefwef/docs/erldocs_other.git"
$ cd "/home/pete/wefwefwef/docs/other/5541536432/lejson-branch-master/lejson"
$ 5000  `find 'lejson-master' -mindepth 1 -maxdepth 1 -exec mv -t . -- {} +  2>&1`
$ cd "/home/pete/wefwefwef/docs/erldocs_other.git"
 :: Getting dependencies
 :: Generating erldocs into /home/pete/wefwefwef/docs/other/5541536432/repo/master
Building lejson
Generating Type Specs - "/home/pete/wefwefwef/docs/other/5541536432/lejson-branch-master/lejson/src/lejson.erl"
Generating XML for application lejson "/home/pete/wefwefwef/docs/other/5541536432/lejson-branch-master/lejson" -> "/home/pete/wefwefwef/docs/other/5541536432/repo/master/.xml/lejson"
Generated lejson XMLs: ["/home/pete/wefwefwef/docs/other/5541536432/repo/master/.xml/lejson/lejson.xml"]
Generating HTML - lejson "/home/pete/wefwefwef/docs/other/5541536432/repo/master/.xml/lejson/lejson.xml"
Reading XML for "/home/pete/wefwefwef/docs/other/5541536432/repo/master/.xml/lejson/lejson.xml"
Reading XML for "/home/pete/wefwefwef/docs/other/5541536432/repo/master/.xml/specs_lejson.xml"
Creating index.html ...
Creating erldocs_index.js ...
Woot, finished in 0 Minutes 0 Seconds
 :: Discovering other repos
$ 5000  `rm -r '/home/pete/wefwefwef/docs/other/5541536432/lejson-branch-master'  2>&1`
 :: Finishing up
$ 5000  `rm -r '/home/pete/wefwefwef/docs/other/5541536432/lejson'  2>&1`
