 :: Extracting meta information
$ 5000  `git ls-remote --heads --tags 'https://github.com/cm94242/evocabi'  2>&1`
>>> [repo] 1 branches, 0 tags
 :: Writing meta to "/home/pete/wefwefwef/docs/other/9235721610/meta.txt"
 :: Processing https://github.com/cm94242/evocabi	{rev,branch,"master","85d972d616312f17adc3e665eb9dc3d804b0acc7"}
 :: Fetching repo code
$ cd "/home/pete/wefwefwef/docs/other/9235721610/evocabi-branch-master/evocabi"
$ infinity  `curl --fail --silent --show-error --location --output 'master.zip' 'https://github.com/cm94242/evocabi/archive/master.zip'  2>&1`
$ cd "/home/pete/wefwefwef/docs/erldocs_other.git"
$ cd "/home/pete/wefwefwef/docs/other/9235721610/evocabi-branch-master/evocabi"
$ 5000  `find -P . -type l -delete  2>&1`
$ cd "/home/pete/wefwefwef/docs/erldocs_other.git"
$ cd "/home/pete/wefwefwef/docs/other/9235721610/evocabi-branch-master/evocabi"
$ 5000  `find 'evocabi-master' -mindepth 1 -maxdepth 1 -exec mv -t . -- {} +  2>&1`
$ cd "/home/pete/wefwefwef/docs/erldocs_other.git"
 :: Getting dependencies
$ cd "/home/pete/wefwefwef/docs/other/9235721610/evocabi-branch-master/evocabi"
$ 5000  `ls -1 deps/  2>&1`
$ cd "/home/pete/wefwefwef/docs/erldocs_other.git"
>>> [rebar] deps = []
 :: Generating erldocs into /home/pete/wefwefwef/docs/other/9235721610/repo/master
Building evocabi
Generating Type Specs - "/home/pete/wefwefwef/docs/other/9235721610/evocabi-branch-master/evocabi/src/evo_parse.erl"
Generating Type Specs - "/home/pete/wefwefwef/docs/other/9235721610/evocabi-branch-master/evocabi/src/evocabi_app.erl"
Generating Type Specs - "/home/pete/wefwefwef/docs/other/9235721610/evocabi-branch-master/evocabi/src/evocabi_sup.erl"
Generating XML for application evocabi "/home/pete/wefwefwef/docs/other/9235721610/evocabi-branch-master/evocabi" -> "/home/pete/wefwefwef/docs/other/9235721610/repo/master/.xml/evocabi"
Generated evocabi XMLs: ["/home/pete/wefwefwef/docs/other/9235721610/repo/master/.xml/evocabi/evo_parse.xml",
                         "/home/pete/wefwefwef/docs/other/9235721610/repo/master/.xml/evocabi/evocabi_app.xml",
                         "/home/pete/wefwefwef/docs/other/9235721610/repo/master/.xml/evocabi/evocabi_sup.xml"]
Generating HTML - evocabi_sup "/home/pete/wefwefwef/docs/other/9235721610/repo/master/.xml/evocabi/evocabi_sup.xml"
Reading XML for "/home/pete/wefwefwef/docs/other/9235721610/repo/master/.xml/evocabi/evocabi_sup.xml"
Reading XML for "/home/pete/wefwefwef/docs/other/9235721610/repo/master/.xml/specs_evocabi_sup.xml"
Generating HTML - evocabi_app "/home/pete/wefwefwef/docs/other/9235721610/repo/master/.xml/evocabi/evocabi_app.xml"
Reading XML for "/home/pete/wefwefwef/docs/other/9235721610/repo/master/.xml/evocabi/evocabi_app.xml"
Reading XML for "/home/pete/wefwefwef/docs/other/9235721610/repo/master/.xml/specs_evocabi_app.xml"
Generating HTML - evo_parse "/home/pete/wefwefwef/docs/other/9235721610/repo/master/.xml/evocabi/evo_parse.xml"
Reading XML for "/home/pete/wefwefwef/docs/other/9235721610/repo/master/.xml/evocabi/evo_parse.xml"
Reading XML for "/home/pete/wefwefwef/docs/other/9235721610/repo/master/.xml/specs_evo_parse.xml"
Creating index.html ...
Creating erldocs_index.js ...
Woot, finished in 0 Minutes 0 Seconds
 :: Discovering other repos
$ 5000  `rm -r '/home/pete/wefwefwef/docs/other/9235721610/evocabi-branch-master'  2>&1`
 :: Erldocs finishing up
$ 5000  `rm -r '/home/pete/wefwefwef/docs/other/9235721610/evocabi'  2>&1`
