 :: Extracting meta information
$ 5000  `git ls-remote --heads --tags 'https://github.com/tonyrog/resource'  2>&1`
>>> [repo] 1 branches, 2 tags
 :: Writing meta to "/home/pete/wefwefwef/docs/other/2874297437/meta.txt"
 :: Processing https://github.com/tonyrog/resource	{rev,tag,"0.1","0e5a10026c7f43585ae58d464f867793e1d49c93"}
 :: Fetching repo code
$ cd "/home/pete/wefwefwef/docs/other/2874297437/resource-tag-0.1/resource"
$ infinity  `curl --fail --silent --show-error --location --output '0.1.zip' 'https://github.com/tonyrog/resource/archive/0.1.zip'  2>&1`
$ cd "/home/pete/wefwefwef/docs/erldocs_other.git"
$ cd "/home/pete/wefwefwef/docs/other/2874297437/resource-tag-0.1/resource"
$ 5000  `find -P . -type l -delete  2>&1`
$ cd "/home/pete/wefwefwef/docs/erldocs_other.git"
$ cd "/home/pete/wefwefwef/docs/other/2874297437/resource-tag-0.1/resource"
$ 5000  `find 'resource-0.1' -mindepth 1 -maxdepth 1 -exec mv -t . -- {} +  2>&1`
$ cd "/home/pete/wefwefwef/docs/erldocs_other.git"
 :: Getting dependencies
$ cd "/home/pete/wefwefwef/docs/other/2874297437/resource-tag-0.1/resource"
$ 5000  `ls -1 deps/  2>&1`
$ cd "/home/pete/wefwefwef/docs/erldocs_other.git"
>>> [rebar] deps = []
 :: Generating erldocs into /home/pete/wefwefwef/docs/other/2874297437/repo/0.1
Building resource
Generating Type Specs - "/home/pete/wefwefwef/docs/other/2874297437/resource-tag-0.1/resource/src/resource.erl"
Generating XML for application resource "/home/pete/wefwefwef/docs/other/2874297437/resource-tag-0.1/resource" -> "/home/pete/wefwefwef/docs/other/2874297437/repo/0.1/.xml/resource"
Generated resource XMLs: ["/home/pete/wefwefwef/docs/other/2874297437/repo/0.1/.xml/resource/resource.xml"]
Generating HTML - resource "/home/pete/wefwefwef/docs/other/2874297437/repo/0.1/.xml/resource/resource.xml"
Reading XML for "/home/pete/wefwefwef/docs/other/2874297437/repo/0.1/.xml/resource/resource.xml"
Reading XML for "/home/pete/wefwefwef/docs/other/2874297437/repo/0.1/.xml/specs_resource.xml"
Creating index.html ...
Creating erldocs_index.js ...
Woot, finished in 0 Minutes 0 Seconds
 :: Discovering other repos
$ 5000  `rm -r '/home/pete/wefwefwef/docs/other/2874297437/resource-tag-0.1'  2>&1`
 :: Processing https://github.com/tonyrog/resource	{rev,tag,"0.2","a20202ee15ed65d6a88d37e9e0883b0d16a8d940"}
 :: Fetching repo code
$ cd "/home/pete/wefwefwef/docs/other/2874297437/resource-tag-0.2/resource"
$ infinity  `curl --fail --silent --show-error --location --output '0.2.zip' 'https://github.com/tonyrog/resource/archive/0.2.zip'  2>&1`
$ cd "/home/pete/wefwefwef/docs/erldocs_other.git"
$ cd "/home/pete/wefwefwef/docs/other/2874297437/resource-tag-0.2/resource"
$ 5000  `find -P . -type l -delete  2>&1`
$ cd "/home/pete/wefwefwef/docs/erldocs_other.git"
$ cd "/home/pete/wefwefwef/docs/other/2874297437/resource-tag-0.2/resource"
$ 5000  `find 'resource-0.2' -mindepth 1 -maxdepth 1 -exec mv -t . -- {} +  2>&1`
$ cd "/home/pete/wefwefwef/docs/erldocs_other.git"
 :: Getting dependencies
$ cd "/home/pete/wefwefwef/docs/other/2874297437/resource-tag-0.2/resource"
$ 5000  `ls -1 deps/  2>&1`
$ cd "/home/pete/wefwefwef/docs/erldocs_other.git"
>>> [rebar] deps = []
 :: Generating erldocs into /home/pete/wefwefwef/docs/other/2874297437/repo/0.2
Building resource
Generating Type Specs - "/home/pete/wefwefwef/docs/other/2874297437/resource-tag-0.2/resource/src/resource.erl"
Generating XML for application resource "/home/pete/wefwefwef/docs/other/2874297437/resource-tag-0.2/resource" -> "/home/pete/wefwefwef/docs/other/2874297437/repo/0.2/.xml/resource"
Generated resource XMLs: ["/home/pete/wefwefwef/docs/other/2874297437/repo/0.2/.xml/resource/resource.xml"]
Generating HTML - resource "/home/pete/wefwefwef/docs/other/2874297437/repo/0.2/.xml/resource/resource.xml"
Reading XML for "/home/pete/wefwefwef/docs/other/2874297437/repo/0.2/.xml/resource/resource.xml"
Reading XML for "/home/pete/wefwefwef/docs/other/2874297437/repo/0.2/.xml/specs_resource.xml"
Creating index.html ...
Creating erldocs_index.js ...
Woot, finished in 0 Minutes 0 Seconds
 :: Discovering other repos
$ 5000  `rm -r '/home/pete/wefwefwef/docs/other/2874297437/resource-tag-0.2'  2>&1`
 :: Processing https://github.com/tonyrog/resource	{rev,branch,"master","b9e1adcadcc8cb59130e0bbecbbe6777bb8d7c78"}
 :: Fetching repo code
$ cd "/home/pete/wefwefwef/docs/other/2874297437/resource-branch-master/resource"
$ infinity  `curl --fail --silent --show-error --location --output 'master.zip' 'https://github.com/tonyrog/resource/archive/master.zip'  2>&1`
$ cd "/home/pete/wefwefwef/docs/erldocs_other.git"
$ cd "/home/pete/wefwefwef/docs/other/2874297437/resource-branch-master/resource"
$ 5000  `find -P . -type l -delete  2>&1`
$ cd "/home/pete/wefwefwef/docs/erldocs_other.git"
$ cd "/home/pete/wefwefwef/docs/other/2874297437/resource-branch-master/resource"
$ 5000  `find 'resource-master' -mindepth 1 -maxdepth 1 -exec mv -t . -- {} +  2>&1`
$ cd "/home/pete/wefwefwef/docs/erldocs_other.git"
 :: Getting dependencies
$ cd "/home/pete/wefwefwef/docs/other/2874297437/resource-branch-master/resource"
$ 5000  `ls -1 deps/  2>&1`
$ cd "/home/pete/wefwefwef/docs/erldocs_other.git"
>>> [rebar] deps = []
 :: Generating erldocs into /home/pete/wefwefwef/docs/other/2874297437/repo/master
Building resource
Generating Type Specs - "/home/pete/wefwefwef/docs/other/2874297437/resource-branch-master/resource/src/resource.erl"
Generating XML for application resource "/home/pete/wefwefwef/docs/other/2874297437/resource-branch-master/resource" -> "/home/pete/wefwefwef/docs/other/2874297437/repo/master/.xml/resource"
Generated resource XMLs: ["/home/pete/wefwefwef/docs/other/2874297437/repo/master/.xml/resource/resource.xml"]
Generating HTML - resource "/home/pete/wefwefwef/docs/other/2874297437/repo/master/.xml/resource/resource.xml"
Reading XML for "/home/pete/wefwefwef/docs/other/2874297437/repo/master/.xml/resource/resource.xml"
Reading XML for "/home/pete/wefwefwef/docs/other/2874297437/repo/master/.xml/specs_resource.xml"
Creating index.html ...
Creating erldocs_index.js ...
Woot, finished in 0 Minutes 0 Seconds
 :: Discovering other repos
$ 5000  `rm -r '/home/pete/wefwefwef/docs/other/2874297437/resource-branch-master'  2>&1`
 :: Erldocs finishing up
$ 5000  `rm -r '/home/pete/wefwefwef/docs/other/2874297437/resource'  2>&1`
