 :: Extracting meta information
$ 5000  `git ls-remote --heads --tags 'https://github.com/kaos/gen_listener_tcp'  2>&1`
>>> [repo] 1 branches, 0 tags
 :: Writing meta to "/home/pete/wefwefwef/docs/other/6660818631/meta.txt"
 :: Processing https://github.com/kaos/gen_listener_tcp	{rev,branch,"master","52be852254bf751e6d339e664d1c4ad7d3936edf"}
 :: Fetching repo code
$ cd "/home/pete/wefwefwef/docs/other/6660818631/gen_listener_tcp-branch-master/gen_listener_tcp"
$ infinity  `curl --fail --silent --show-error --location --output 'master.zip' 'https://github.com/kaos/gen_listener_tcp/archive/master.zip'  2>&1`
$ cd "/home/pete/wefwefwef/docs/erldocs_other.git"
$ cd "/home/pete/wefwefwef/docs/other/6660818631/gen_listener_tcp-branch-master/gen_listener_tcp"
$ 5000  `find -P . -type l -delete  2>&1`
$ cd "/home/pete/wefwefwef/docs/erldocs_other.git"
$ cd "/home/pete/wefwefwef/docs/other/6660818631/gen_listener_tcp-branch-master/gen_listener_tcp"
$ 5000  `find 'gen_listener_tcp-master' -mindepth 1 -maxdepth 1 -exec mv -t . -- {} +  2>&1`
$ cd "/home/pete/wefwefwef/docs/erldocs_other.git"
 :: Getting dependencies
$ cd "/home/pete/wefwefwef/docs/other/6660818631/gen_listener_tcp-branch-master/gen_listener_tcp"
$ 5000  `ls -1 deps/  2>&1`
$ cd "/home/pete/wefwefwef/docs/erldocs_other.git"
>>> [rebar] deps = []
 :: Generating erldocs into /home/pete/wefwefwef/docs/other/6660818631/repo/master
Building gen_listener_tcp
Generating Type Specs - "/home/pete/wefwefwef/docs/other/6660818631/gen_listener_tcp-branch-master/gen_listener_tcp/src/gen_listener_tcp.erl"
EDoc could not process file '/home/pete/wefwefwef/docs/other/6660818631/gen_listener_tcp-branch-master/gen_listener_tcp/src/gen_listener_tcp.erl'
Error generating type specs for "/home/pete/wefwefwef/docs/other/6660818631/gen_listener_tcp-branch-master/gen_listener_tcp/src/gen_listener_tcp.erl"
Generating XML for application gen_listener_tcp "/home/pete/wefwefwef/docs/other/6660818631/gen_listener_tcp-branch-master/gen_listener_tcp" -> "/home/pete/wefwefwef/docs/other/6660818631/repo/master/.xml/gen_listener_tcp"
edoc: skipping source file '/home/pete/wefwefwef/docs/other/6660818631/gen_listener_tcp-branch-master/gen_listener_tcp/src/gen_listener_tcp.erl': {'EXIT',
                                                                                                                                             {system_limit,
                                                                                                                                              [{ets,
                                                                                                                                                new,
                                                                                                                                                [etypes,
                                                                                                                                                 [ordered_set]],
                                                                                                                                                []},
                                                                                                                                               {edoc_specs,
                                                                                                                                                add_data,
                                                                                                                                                4,
                                                                                                                                                [{file,
                                                                                                                                                  "edoc_specs.erl"},
                                                                                                                                                 {line,
                                                                                                                                                  109}]},
                                                                                                                                               {edoc_extract,
                                                                                                                                                source1,
                                                                                                                                                5,
                                                                                                                                                [{file,
                                                                                                                                                  [...]},
                                                                                                                                                 {line,...}]},
                                                                                                                                               {edoc_doclet,
                                                                                                                                                source,
                                                                                                                                                9,
                                                                                                                                                [{file,...},
                                                                                                                                                 {...}]},
                                                                                                                                               {lists,
                                                                                                                                                foldl,
                                                                                                                                                3,
                                                                                                                                                [{...}|...]},
                                                                                                                                               {edoc_doclet,
                                                                                                                                                sources,
                                                                                                                                                5,
                                                                                                                                                [...]},
                                                                                                                                               {edoc_doclet,
                                                                                                                                                gen,
                                                                                                                                                6,...},
                                                                                                                                               {edoc_lib,
                                                                                                                                                run_plugin,...}]}}.
edoc: error in doclet 'edoc_doclet': {'EXIT',error}.
Error generating gen_listener_tcp XMLs. Using fallback ...
Generating XML gen_listener_tcp - gen_listener_tcp "/home/pete/wefwefwef/docs/other/6660818631/gen_listener_tcp-branch-master/gen_listener_tcp/src/gen_listener_tcp.erl" -> "/home/pete/wefwefwef/docs/other/6660818631/repo/master/.xml/gen_listener_tcp/gen_listener_tcp.xml"
Error generating XML ("/home/pete/wefwefwef/docs/other/6660818631/gen_listener_tcp-branch-master/gen_listener_tcp/src/gen_listener_tcp.erl"): {'EXIT',
                                                                                                                                               {system_limit,
                                                                                                                                                [{ets,
                                                                                                                                                  new,
                                                                                                                                                  [etypes,
                                                                                                                                                   [ordered_set]],
                                                                                                                                                  []},
                                                                                                                                                 {edoc_specs,
                                                                                                                                                  add_data,
                                                                                                                                                  4,
                                                                                                                                                  [{file,
                                                                                                                                                    "edoc_specs.erl"},
                                                                                                                                                   {line,
                                                                                                                                                    109}]},
                                                                                                                                                 {edoc_extract,
                                                                                                                                                  source1,
                                                                                                                                                  5,
                                                                                                                                                  [{file,
                                                                                                                                                    "edoc_extract.erl"},
                                                                                                                                                   {line,
                                                                                                                                                    130}]},
                                                                                                                                                 {edoc,
                                                                                                                                                  read,
                                                                                                                                                  2,
                                                                                                                                                  [{file,
                                                                                                                                                    "edoc.erl"},
                                                                                                                                                   {line,
                                                                                                                                                    538}]},
                                                                                                                                                 {edoc,
                                                                                                                                                  file,
                                                                                                                                                  2,
                                                                                                                                                  [{file,
                                                                                                                                                    "edoc.erl"},
                                                                                                                                                   {line,
                                                                                                                                                    116}]},
                                                                                                                                                 {erldocs_core,
                                                                                                                                                  '-gen_docsrc/4-fun-1-',
                                                                                                                                                  5,
                                                                                                                                                  [{file,
                                                                                                                                                    "src/erldocs_core.erl"},
                                                                                                                                                   {line,
                                                                                                                                                    201}]},
                                                                                                                                                 {lists,
                                                                                                                                                  foldl,
                                                                                                                                                  3,
                                                                                                                                                  [{file,
                                                                                                                                                    "lists.erl"},
                                                                                                                                                   {line,
                                                                                                                                                    1261}]},
                                                                                                                                                 {erldocs_core,
                                                                                                                                                  tmp_cd,
                                                                                                                                                  2,
                                                                                                                                                  [{file,
                                                                                                                                                    "src/erldocs_core.erl"},
                                                                                                                                                   {line,
                                                                                                                                                    224}]}]}}
No documentation was generated!
Woot, finished in 0 Minutes 0 Seconds
 :: Discovering other repos
$ 5000  `rm -r '/home/pete/wefwefwef/docs/other/6660818631/gen_listener_tcp-branch-master'  2>&1`
 :: Erldocs finishing up
$ 5000  `rm -r '/home/pete/wefwefwef/docs/other/6660818631/gen_listener_tcp'  2>&1`
$ 5000  `rm -r '/home/pete/wefwefwef/docs/other/6660818631/repo/master'  2>&1`
