 :: Extracting meta information
$ infinity  `git ls-remote --heads --tags 'https://github.com/powermemobile/toke'  2>&1`
>>> [repo] 11 branches, 8 tags
 :: Writing meta to "/home/pete/wefwefwef/docs/other/c920ad165f4b7854bee2d8df5d40313e/meta.txt"
 :: Skipping tag "2.7.1"
 :: Skipping tag "rabbitmq_v2.6.0"
 :: Skipping tag "rabbitmq_v2_5_0"
 :: Skipping tag "rabbitmq_v2_5_1"
 :: Skipping tag "rabbitmq_v2_6_0"
 :: Skipping tag "rabbitmq_v2_6_1"
 :: Skipping tag "rabbitmq_v2_7_0"
 :: Skipping tag "rabbitmq_v2_7_1"
 :: Skipping branch "bug23274"
 :: Skipping branch "bug23347"
 :: Skipping branch "bug23568"
 :: Skipping branch "bug24079"
 :: Skipping branch "bug24186"
 :: Skipping branch "dk_built_in_tokyo"
 :: Skipping branch "junk"
 :: Skipping branch "master"
 :: Skipping branch "rhel5.5-compat"
 :: Skipping branch "v2_5"
 :: Processing https://github.com/powermemobile/toke	{rev,branch,"as_add_int","016b0aba264a69b1b10a6efa711308c73ab05479",undefined,[],[]}
 :: Fetching repo code
$ cd '/home/pete/wefwefwef/docs/other/c920ad165f4b7854bee2d8df5d40313e/toke-branch-as_add_int'
$ infinity  `curl --fail --silent --show-error --location --output repo.tar.gz 'https://codeload.github.com/powermemobile/toke/legacy.tar.gz/as_add_int'  2>&1`
$ cd '/home/pete/wefwefwef/docs/erldocs_other.git'
$ cd '/home/pete/wefwefwef/docs/other/c920ad165f4b7854bee2d8df5d40313e/toke-branch-as_add_int/PowerMeMobile-toke-016b0ab'
$ 5000  `find -P . -type l -delete  2>&1`
$ cd '/home/pete/wefwefwef/docs/erldocs_other.git'
$ 5000  `mv '/home/pete/wefwefwef/docs/other/c920ad165f4b7854bee2d8df5d40313e/toke-branch-as_add_int/PowerMeMobile-toke-016b0ab' '/home/pete/wefwefwef/docs/other/c920ad165f4b7854bee2d8df5d40313e/toke-branch-as_add_int/toke'  2>&1`
 :: Getting dependencies
$ cd '/home/pete/wefwefwef/docs/other/c920ad165f4b7854bee2d8df5d40313e/toke-branch-as_add_int/toke'
$ 5000  `ls -1 deps/  2>&1`
$ cd '/home/pete/wefwefwef/docs/erldocs_other.git'
>>> [rebar] deps = ["tokyocabinet-1.4.48.tar.gz"]
 :: Generating erldocs into /home/pete/wefwefwef/docs/other/c920ad165f4b7854bee2d8df5d40313e/repo/as_add_int
Building toke
Generating Type Specs - "/home/pete/wefwefwef/docs/other/c920ad165f4b7854bee2d8df5d40313e/toke-branch-as_add_int/toke/src/toke_drv.erl"
Generating XML for application toke "/home/pete/wefwefwef/docs/other/c920ad165f4b7854bee2d8df5d40313e/toke-branch-as_add_int/toke" -> "/home/pete/wefwefwef/docs/other/c920ad165f4b7854bee2d8df5d40313e/repo/as_add_int/.xml/toke"
Generated toke XMLs: ["/home/pete/wefwefwef/docs/other/c920ad165f4b7854bee2d8df5d40313e/repo/as_add_int/.xml/toke/toke_drv.xml"]
Generating HTML - toke_drv "/home/pete/wefwefwef/docs/other/c920ad165f4b7854bee2d8df5d40313e/repo/as_add_int/.xml/toke/toke_drv.xml"
Reading XML for "/home/pete/wefwefwef/docs/other/c920ad165f4b7854bee2d8df5d40313e/repo/as_add_int/.xml/toke/toke_drv.xml"
Reading XML for "/home/pete/wefwefwef/docs/other/c920ad165f4b7854bee2d8df5d40313e/repo/as_add_int/.xml/specs_toke_drv.xml"
Creating index.html ...
Creating erldocs_index.js ...
Woot, finished in 0 Minutes 0 Seconds
 :: Discovering other repos
$ 5000  `rm -r '/home/pete/wefwefwef/docs/other/c920ad165f4b7854bee2d8df5d40313e/toke-branch-as_add_int'  2>&1`
 :: Finishing up
$ 5000  `rm -r '/home/pete/wefwefwef/docs/other/c920ad165f4b7854bee2d8df5d40313e/toke'  2>&1`
