 :: Extracting meta information
$ infinity  `git ls-remote --heads --tags 'https://github.com/aseigo/erlang-czmq'  2>&1`
>>> [repo] 1 branches, 1 tags
 :: Writing meta to "/home/pete/wefwefwef/docs/other/bde8381881dcda0e30cc233bedceb3c400aac007/meta.txt"
 :: Processing https://github.com/aseigo/erlang-czmq	{rev,branch,"master","51ca2dc2e13a9ef8769ec00efab188286ff1262d",undefined,[],[]}
 :: Fetching repo code
$ cd '/home/pete/wefwefwef/docs/other/bde8381881dcda0e30cc233bedceb3c400aac007/erlang-czmq-branch-master'
$ infinity  `curl --fail --silent --show-error --location --output repo.tar.gz 'https://codeload.github.com/aseigo/erlang-czmq/tar.gz/master'  2>&1`
$ cd '/home/pete/wefwefwef/docs/erldocs_other.git'
$ cd '/home/pete/wefwefwef/docs/other/bde8381881dcda0e30cc233bedceb3c400aac007/erlang-czmq-branch-master/erlang-czmq-master'
$ 5000  `find -P . -type l -delete  2>&1`
$ cd '/home/pete/wefwefwef/docs/erldocs_other.git'
$ 5000  `mv '/home/pete/wefwefwef/docs/other/bde8381881dcda0e30cc233bedceb3c400aac007/erlang-czmq-branch-master/erlang-czmq-master' '/home/pete/wefwefwef/docs/other/bde8381881dcda0e30cc233bedceb3c400aac007/erlang-czmq-branch-master/erlang-czmq'  2>&1`
 :: Getting dependencies
$ cd '/home/pete/wefwefwef/docs/other/bde8381881dcda0e30cc233bedceb3c400aac007/erlang-czmq-branch-master/erlang-czmq'
$ 5000  `ls -1 deps/  2>&1`
$ cd '/home/pete/wefwefwef/docs/erldocs_other.git'
>>> [rebar] deps = []
 :: Generating erldocs into /home/pete/wefwefwef/docs/other/bde8381881dcda0e30cc233bedceb3c400aac007/repo/master
Building erlang-czmq
Generating Type Specs - "/home/pete/wefwefwef/docs/other/bde8381881dcda0e30cc233bedceb3c400aac007/erlang-czmq-branch-master/erlang-czmq/src/czmq.erl"
Generating Type Specs - "/home/pete/wefwefwef/docs/other/bde8381881dcda0e30cc233bedceb3c400aac007/erlang-czmq-branch-master/erlang-czmq/src/czmq_benchmark.erl"
Generating Type Specs - "/home/pete/wefwefwef/docs/other/bde8381881dcda0e30cc233bedceb3c400aac007/erlang-czmq-branch-master/erlang-czmq/src/czmq_poller.erl"
Generating Type Specs - "/home/pete/wefwefwef/docs/other/bde8381881dcda0e30cc233bedceb3c400aac007/erlang-czmq-branch-master/erlang-czmq/src/czmq_reloader.erl"
Generating Type Specs - "/home/pete/wefwefwef/docs/other/bde8381881dcda0e30cc233bedceb3c400aac007/erlang-czmq-branch-master/erlang-czmq/src/czmq_test.erl"
Generating Type Specs - "/home/pete/wefwefwef/docs/other/bde8381881dcda0e30cc233bedceb3c400aac007/erlang-czmq-branch-master/erlang-czmq/src/erlzmq_benchmark.erl"
Generating Type Specs - "/home/pete/wefwefwef/docs/other/bde8381881dcda0e30cc233bedceb3c400aac007/erlang-czmq-branch-master/erlang-czmq/src/ezmq_benchmark.erl"
Generating Type Specs - "/home/pete/wefwefwef/docs/other/bde8381881dcda0e30cc233bedceb3c400aac007/erlang-czmq-branch-master/erlang-czmq/src/zmq_gen_benchmark.erl"
Generating XML for application erlang-czmq "/home/pete/wefwefwef/docs/other/bde8381881dcda0e30cc233bedceb3c400aac007/erlang-czmq-branch-master/erlang-czmq" -> "/home/pete/wefwefwef/docs/other/bde8381881dcda0e30cc233bedceb3c400aac007/repo/master/.xml/erlang-czmq"
Generated erlang-czmq XMLs: ["/home/pete/wefwefwef/docs/other/bde8381881dcda0e30cc233bedceb3c400aac007/repo/master/.xml/erlang-czmq/czmq_test.xml",
                             "/home/pete/wefwefwef/docs/other/bde8381881dcda0e30cc233bedceb3c400aac007/repo/master/.xml/erlang-czmq/czmq_benchmark.xml",
                             "/home/pete/wefwefwef/docs/other/bde8381881dcda0e30cc233bedceb3c400aac007/repo/master/.xml/erlang-czmq/czmq_reloader.xml",
                             "/home/pete/wefwefwef/docs/other/bde8381881dcda0e30cc233bedceb3c400aac007/repo/master/.xml/erlang-czmq/czmq.xml",
                             "/home/pete/wefwefwef/docs/other/bde8381881dcda0e30cc233bedceb3c400aac007/repo/master/.xml/erlang-czmq/czmq_poller.xml",
                             "/home/pete/wefwefwef/docs/other/bde8381881dcda0e30cc233bedceb3c400aac007/repo/master/.xml/erlang-czmq/zmq_gen_benchmark.xml",
                             "/home/pete/wefwefwef/docs/other/bde8381881dcda0e30cc233bedceb3c400aac007/repo/master/.xml/erlang-czmq/erlzmq_benchmark.xml",
                             "/home/pete/wefwefwef/docs/other/bde8381881dcda0e30cc233bedceb3c400aac007/repo/master/.xml/erlang-czmq/ezmq_benchmark.xml"]
Generating HTML - czmq_benchmark "/home/pete/wefwefwef/docs/other/bde8381881dcda0e30cc233bedceb3c400aac007/repo/master/.xml/erlang-czmq/czmq_benchmark.xml"
Generating HTML - czmq "/home/pete/wefwefwef/docs/other/bde8381881dcda0e30cc233bedceb3c400aac007/repo/master/.xml/erlang-czmq/czmq.xml"
Generating HTML - zmq_gen_benchmark "/home/pete/wefwefwef/docs/other/bde8381881dcda0e30cc233bedceb3c400aac007/repo/master/.xml/erlang-czmq/zmq_gen_benchmark.xml"
Generating HTML - ezmq_benchmark "/home/pete/wefwefwef/docs/other/bde8381881dcda0e30cc233bedceb3c400aac007/repo/master/.xml/erlang-czmq/ezmq_benchmark.xml"
Reading XML for "/home/pete/wefwefwef/docs/other/bde8381881dcda0e30cc233bedceb3c400aac007/repo/master/.xml/erlang-czmq/czmq_benchmark.xml"
Reading XML for "/home/pete/wefwefwef/docs/other/bde8381881dcda0e30cc233bedceb3c400aac007/repo/master/.xml/erlang-czmq/czmq.xml"
Reading XML for "/home/pete/wefwefwef/docs/other/bde8381881dcda0e30cc233bedceb3c400aac007/repo/master/.xml/erlang-czmq/zmq_gen_benchmark.xml"
Reading XML for "/home/pete/wefwefwef/docs/other/bde8381881dcda0e30cc233bedceb3c400aac007/repo/master/.xml/erlang-czmq/ezmq_benchmark.xml"
Reading XML for "/home/pete/wefwefwef/docs/other/bde8381881dcda0e30cc233bedceb3c400aac007/repo/master/.xml/specs_czmq_benchmark.xml"
Reading XML for "/home/pete/wefwefwef/docs/other/bde8381881dcda0e30cc233bedceb3c400aac007/repo/master/.xml/specs_ezmq_benchmark.xml"
Generating HTML - czmq_test "/home/pete/wefwefwef/docs/other/bde8381881dcda0e30cc233bedceb3c400aac007/repo/master/.xml/erlang-czmq/czmq_test.xml"
Reading XML for "/home/pete/wefwefwef/docs/other/bde8381881dcda0e30cc233bedceb3c400aac007/repo/master/.xml/erlang-czmq/czmq_test.xml"
Generating HTML - erlzmq_benchmark "/home/pete/wefwefwef/docs/other/bde8381881dcda0e30cc233bedceb3c400aac007/repo/master/.xml/erlang-czmq/erlzmq_benchmark.xml"
Reading XML for "/home/pete/wefwefwef/docs/other/bde8381881dcda0e30cc233bedceb3c400aac007/repo/master/.xml/specs_zmq_gen_benchmark.xml"
Reading XML for "/home/pete/wefwefwef/docs/other/bde8381881dcda0e30cc233bedceb3c400aac007/repo/master/.xml/erlang-czmq/erlzmq_benchmark.xml"
Generating HTML - czmq_poller "/home/pete/wefwefwef/docs/other/bde8381881dcda0e30cc233bedceb3c400aac007/repo/master/.xml/erlang-czmq/czmq_poller.xml"
Reading XML for "/home/pete/wefwefwef/docs/other/bde8381881dcda0e30cc233bedceb3c400aac007/repo/master/.xml/erlang-czmq/czmq_poller.xml"
Reading XML for "/home/pete/wefwefwef/docs/other/bde8381881dcda0e30cc233bedceb3c400aac007/repo/master/.xml/specs_czmq.xml"
Reading XML for "/home/pete/wefwefwef/docs/other/bde8381881dcda0e30cc233bedceb3c400aac007/repo/master/.xml/specs_czmq_test.xml"
Generating HTML - czmq_reloader "/home/pete/wefwefwef/docs/other/bde8381881dcda0e30cc233bedceb3c400aac007/repo/master/.xml/erlang-czmq/czmq_reloader.xml"
Reading XML for "/home/pete/wefwefwef/docs/other/bde8381881dcda0e30cc233bedceb3c400aac007/repo/master/.xml/erlang-czmq/czmq_reloader.xml"
Reading XML for "/home/pete/wefwefwef/docs/other/bde8381881dcda0e30cc233bedceb3c400aac007/repo/master/.xml/specs_erlzmq_benchmark.xml"
Reading XML for "/home/pete/wefwefwef/docs/other/bde8381881dcda0e30cc233bedceb3c400aac007/repo/master/.xml/specs_czmq_poller.xml"
Reading XML for "/home/pete/wefwefwef/docs/other/bde8381881dcda0e30cc233bedceb3c400aac007/repo/master/.xml/specs_czmq_reloader.xml"
Creating index.html ...
Creating erldocs_index.js ...
Woot, finished in 0 Minutes 1 Seconds
 :: Discovering other repos
$ 5000  `rm -r '/home/pete/wefwefwef/docs/other/bde8381881dcda0e30cc233bedceb3c400aac007/erlang-czmq-branch-master'  2>&1`
 :: Processing https://github.com/aseigo/erlang-czmq	{rev,tag,"0.1.0","b5dd4ebaf6998397b88ab052d25d9cbbffb555da",undefined,[],[]}
 :: Fetching repo code
$ cd '/home/pete/wefwefwef/docs/other/bde8381881dcda0e30cc233bedceb3c400aac007/erlang-czmq-tag-0.1.0'
$ infinity  `curl --fail --silent --show-error --location --output repo.tar.gz 'https://codeload.github.com/aseigo/erlang-czmq/tar.gz/0.1.0'  2>&1`
$ cd '/home/pete/wefwefwef/docs/erldocs_other.git'
$ cd '/home/pete/wefwefwef/docs/other/bde8381881dcda0e30cc233bedceb3c400aac007/erlang-czmq-tag-0.1.0/erlang-czmq-0.1.0'
$ 5000  `find -P . -type l -delete  2>&1`
$ cd '/home/pete/wefwefwef/docs/erldocs_other.git'
$ 5000  `mv '/home/pete/wefwefwef/docs/other/bde8381881dcda0e30cc233bedceb3c400aac007/erlang-czmq-tag-0.1.0/erlang-czmq-0.1.0' '/home/pete/wefwefwef/docs/other/bde8381881dcda0e30cc233bedceb3c400aac007/erlang-czmq-tag-0.1.0/erlang-czmq'  2>&1`
 :: Getting dependencies
$ cd '/home/pete/wefwefwef/docs/other/bde8381881dcda0e30cc233bedceb3c400aac007/erlang-czmq-tag-0.1.0/erlang-czmq'
$ 5000  `ls -1 deps/  2>&1`
$ cd '/home/pete/wefwefwef/docs/erldocs_other.git'
>>> [rebar] deps = []
 :: Generating erldocs into /home/pete/wefwefwef/docs/other/bde8381881dcda0e30cc233bedceb3c400aac007/repo/0.1.0
Building erlang-czmq
Generating Type Specs - "/home/pete/wefwefwef/docs/other/bde8381881dcda0e30cc233bedceb3c400aac007/erlang-czmq-tag-0.1.0/erlang-czmq/src/czmq.erl"
Generating Type Specs - "/home/pete/wefwefwef/docs/other/bde8381881dcda0e30cc233bedceb3c400aac007/erlang-czmq-tag-0.1.0/erlang-czmq/src/czmq_benchmark.erl"
Generating Type Specs - "/home/pete/wefwefwef/docs/other/bde8381881dcda0e30cc233bedceb3c400aac007/erlang-czmq-tag-0.1.0/erlang-czmq/src/czmq_poller.erl"
Generating Type Specs - "/home/pete/wefwefwef/docs/other/bde8381881dcda0e30cc233bedceb3c400aac007/erlang-czmq-tag-0.1.0/erlang-czmq/src/czmq_reloader.erl"
Generating Type Specs - "/home/pete/wefwefwef/docs/other/bde8381881dcda0e30cc233bedceb3c400aac007/erlang-czmq-tag-0.1.0/erlang-czmq/src/czmq_test.erl"
Generating Type Specs - "/home/pete/wefwefwef/docs/other/bde8381881dcda0e30cc233bedceb3c400aac007/erlang-czmq-tag-0.1.0/erlang-czmq/src/erlzmq_benchmark.erl"
Generating Type Specs - "/home/pete/wefwefwef/docs/other/bde8381881dcda0e30cc233bedceb3c400aac007/erlang-czmq-tag-0.1.0/erlang-czmq/src/ezmq_benchmark.erl"
Generating Type Specs - "/home/pete/wefwefwef/docs/other/bde8381881dcda0e30cc233bedceb3c400aac007/erlang-czmq-tag-0.1.0/erlang-czmq/src/zmq_gen_benchmark.erl"
Generating XML for application erlang-czmq "/home/pete/wefwefwef/docs/other/bde8381881dcda0e30cc233bedceb3c400aac007/erlang-czmq-tag-0.1.0/erlang-czmq" -> "/home/pete/wefwefwef/docs/other/bde8381881dcda0e30cc233bedceb3c400aac007/repo/0.1.0/.xml/erlang-czmq"
Generated erlang-czmq XMLs: ["/home/pete/wefwefwef/docs/other/bde8381881dcda0e30cc233bedceb3c400aac007/repo/0.1.0/.xml/erlang-czmq/czmq_test.xml",
                             "/home/pete/wefwefwef/docs/other/bde8381881dcda0e30cc233bedceb3c400aac007/repo/0.1.0/.xml/erlang-czmq/czmq_benchmark.xml",
                             "/home/pete/wefwefwef/docs/other/bde8381881dcda0e30cc233bedceb3c400aac007/repo/0.1.0/.xml/erlang-czmq/czmq_reloader.xml",
                             "/home/pete/wefwefwef/docs/other/bde8381881dcda0e30cc233bedceb3c400aac007/repo/0.1.0/.xml/erlang-czmq/czmq.xml",
                             "/home/pete/wefwefwef/docs/other/bde8381881dcda0e30cc233bedceb3c400aac007/repo/0.1.0/.xml/erlang-czmq/czmq_poller.xml",
                             "/home/pete/wefwefwef/docs/other/bde8381881dcda0e30cc233bedceb3c400aac007/repo/0.1.0/.xml/erlang-czmq/zmq_gen_benchmark.xml",
                             "/home/pete/wefwefwef/docs/other/bde8381881dcda0e30cc233bedceb3c400aac007/repo/0.1.0/.xml/erlang-czmq/erlzmq_benchmark.xml",
                             "/home/pete/wefwefwef/docs/other/bde8381881dcda0e30cc233bedceb3c400aac007/repo/0.1.0/.xml/erlang-czmq/ezmq_benchmark.xml"]
Generating HTML - czmq_benchmark "/home/pete/wefwefwef/docs/other/bde8381881dcda0e30cc233bedceb3c400aac007/repo/0.1.0/.xml/erlang-czmq/czmq_benchmark.xml"
Generating HTML - czmq "/home/pete/wefwefwef/docs/other/bde8381881dcda0e30cc233bedceb3c400aac007/repo/0.1.0/.xml/erlang-czmq/czmq.xml"
Generating HTML - zmq_gen_benchmark "/home/pete/wefwefwef/docs/other/bde8381881dcda0e30cc233bedceb3c400aac007/repo/0.1.0/.xml/erlang-czmq/zmq_gen_benchmark.xml"
Generating HTML - ezmq_benchmark "/home/pete/wefwefwef/docs/other/bde8381881dcda0e30cc233bedceb3c400aac007/repo/0.1.0/.xml/erlang-czmq/ezmq_benchmark.xml"
Reading XML for "/home/pete/wefwefwef/docs/other/bde8381881dcda0e30cc233bedceb3c400aac007/repo/0.1.0/.xml/erlang-czmq/czmq_benchmark.xml"
Reading XML for "/home/pete/wefwefwef/docs/other/bde8381881dcda0e30cc233bedceb3c400aac007/repo/0.1.0/.xml/erlang-czmq/czmq.xml"
Reading XML for "/home/pete/wefwefwef/docs/other/bde8381881dcda0e30cc233bedceb3c400aac007/repo/0.1.0/.xml/erlang-czmq/zmq_gen_benchmark.xml"
Reading XML for "/home/pete/wefwefwef/docs/other/bde8381881dcda0e30cc233bedceb3c400aac007/repo/0.1.0/.xml/erlang-czmq/ezmq_benchmark.xml"
Reading XML for "/home/pete/wefwefwef/docs/other/bde8381881dcda0e30cc233bedceb3c400aac007/repo/0.1.0/.xml/specs_zmq_gen_benchmark.xml"
Reading XML for "/home/pete/wefwefwef/docs/other/bde8381881dcda0e30cc233bedceb3c400aac007/repo/0.1.0/.xml/specs_czmq_benchmark.xml"
Generating HTML - czmq_poller "/home/pete/wefwefwef/docs/other/bde8381881dcda0e30cc233bedceb3c400aac007/repo/0.1.0/.xml/erlang-czmq/czmq_poller.xml"
Reading XML for "/home/pete/wefwefwef/docs/other/bde8381881dcda0e30cc233bedceb3c400aac007/repo/0.1.0/.xml/erlang-czmq/czmq_poller.xml"
Generating HTML - czmq_test "/home/pete/wefwefwef/docs/other/bde8381881dcda0e30cc233bedceb3c400aac007/repo/0.1.0/.xml/erlang-czmq/czmq_test.xml"
Reading XML for "/home/pete/wefwefwef/docs/other/bde8381881dcda0e30cc233bedceb3c400aac007/repo/0.1.0/.xml/erlang-czmq/czmq_test.xml"
Reading XML for "/home/pete/wefwefwef/docs/other/bde8381881dcda0e30cc233bedceb3c400aac007/repo/0.1.0/.xml/specs_ezmq_benchmark.xml"
Generating HTML - erlzmq_benchmark "/home/pete/wefwefwef/docs/other/bde8381881dcda0e30cc233bedceb3c400aac007/repo/0.1.0/.xml/erlang-czmq/erlzmq_benchmark.xml"
Reading XML for "/home/pete/wefwefwef/docs/other/bde8381881dcda0e30cc233bedceb3c400aac007/repo/0.1.0/.xml/erlang-czmq/erlzmq_benchmark.xml"
Reading XML for "/home/pete/wefwefwef/docs/other/bde8381881dcda0e30cc233bedceb3c400aac007/repo/0.1.0/.xml/specs_czmq.xml"
Reading XML for "/home/pete/wefwefwef/docs/other/bde8381881dcda0e30cc233bedceb3c400aac007/repo/0.1.0/.xml/specs_czmq_poller.xml"
Reading XML for "/home/pete/wefwefwef/docs/other/bde8381881dcda0e30cc233bedceb3c400aac007/repo/0.1.0/.xml/specs_czmq_test.xml"
Generating HTML - czmq_reloader "/home/pete/wefwefwef/docs/other/bde8381881dcda0e30cc233bedceb3c400aac007/repo/0.1.0/.xml/erlang-czmq/czmq_reloader.xml"
Reading XML for "/home/pete/wefwefwef/docs/other/bde8381881dcda0e30cc233bedceb3c400aac007/repo/0.1.0/.xml/erlang-czmq/czmq_reloader.xml"
Reading XML for "/home/pete/wefwefwef/docs/other/bde8381881dcda0e30cc233bedceb3c400aac007/repo/0.1.0/.xml/specs_erlzmq_benchmark.xml"
Reading XML for "/home/pete/wefwefwef/docs/other/bde8381881dcda0e30cc233bedceb3c400aac007/repo/0.1.0/.xml/specs_czmq_reloader.xml"
Creating index.html ...
Creating erldocs_index.js ...
Woot, finished in 0 Minutes 0 Seconds
 :: Discovering other repos
$ 5000  `rm -r '/home/pete/wefwefwef/docs/other/bde8381881dcda0e30cc233bedceb3c400aac007/erlang-czmq-tag-0.1.0'  2>&1`
 :: Finishing up
$ 5000  `rm -r '/home/pete/wefwefwef/docs/other/bde8381881dcda0e30cc233bedceb3c400aac007/erlang-czmq'  2>&1`
