 :: Extracting meta information
$ cd '.'
$ infinity  `git ls-remote --heads --tags https://github.com/shiguredo/swidden`
>>> [repo] 2 branches, 20 tags
 :: Writing meta to "/home/pete/wefwefwef/docs/other/0aad79702684b06936e6bf6ba569383bad1da986/meta.txt"
 :: Skipping tag "0.3.0"
 :: Skipping tag "0.4.0"
 :: Skipping tag "0.5.0"
 :: Skipping tag "0.5.1"
 :: Skipping tag "0.5.2"
 :: Skipping tag "0.5.3"
 :: Skipping tag "1.0.0"
 :: Skipping tag "1.0.1"
 :: Skipping tag "1.1.0"
 :: Skipping tag "1.1.1"
 :: Skipping tag "1.1.10"
 :: Skipping tag "1.1.11"
 :: Skipping tag "1.1.4"
 :: Skipping tag "1.1.5"
 :: Skipping tag "1.1.6"
 :: Skipping tag "1.1.7"
 :: Skipping tag "1.1.8"
 :: Skipping tag "1.1.9"
 :: Skipping tag "1.1.2"
 :: Skipping tag "1.1.3"
 :: Skipping branch "master"
 :: Processing https://github.com/shiguredo/swidden	{rev,branch,"develop","056332f7add29afd2112da97640a6ad1529d8131",undefined,[],[]}
 :: Fetching repo code
$ cd '/home/pete/wefwefwef/docs/other/0aad79702684b06936e6bf6ba569383bad1da986/swidden-branch-develop'
$ infinity  `curl --fail --silent --show-error --location --output repo.tar.gz https://codeload.github.com/shiguredo/swidden/tar.gz/develop`
$ cd '/home/pete/wefwefwef/docs/other/0aad79702684b06936e6bf6ba569383bad1da986/swidden-branch-develop/swidden-develop'
$ 5000  `find -P . -type l -delete`
$ cd '.'
$ 5000  `mv /home/pete/wefwefwef/docs/other/0aad79702684b06936e6bf6ba569383bad1da986/swidden-branch-develop/swidden-develop /home/pete/wefwefwef/docs/other/0aad79702684b06936e6bf6ba569383bad1da986/swidden-branch-develop/swidden`
 :: Getting dependencies
 :: Error running eo_core:
	[{eo_core,sh,
                  ["/home/pete/wefwefwef/docs/other/0aad79702684b06936e6bf6ba569383bad1da986/swidden-branch-develop/swidden",
                   ["rebar","--config",
                    "/home/pete/wefwefwef/docs/other/0aad79702684b06936e6bf6ba569383bad1da986/swidden-branch-develop/rebar_deps",
                    "get-deps"],
                   infinity],
                  []},
         {eo_util,get_deps,2,[{file,"src/eo_util.erl"},{line,123}]},
         {eo_util,rebar_get_deps,1,[{file,"src/eo_util.erl"},{line,88}]},
         {eo_core,get_deps,1,[{file,"src/eo_core.erl"},{line,339}]},
         {eo_core,do,7,[{file,"src/eo_core.erl"},{line,110}]},
         {eo_core,'-main_/1-lc$^0/1-0-',8,
                  [{file,"src/eo_core.erl"},{line,85}]},
         {eo_core,main_,1,[{file,"src/eo_core.erl"},{line,85}]},
         {eo_core,main,1,[{file,"src/eo_core.erl"},{line,56}]}]
{error,undef}
 :: Finishing up
$ cd '.'
$ 5000  `rm -r /home/pete/wefwefwef/docs/other/0aad79702684b06936e6bf6ba569383bad1da986/swidden`
