 :: Extracting meta information
$ 5000  `git ls-remote --heads --tags 'https://github.com/klarna/katt'  2>&1`
>>> [repo] 1 branches, 4 tags
 :: Writing meta to "/home/pete/wefwefwef/docs/other/5548969939/meta.txt"
 :: Processing https://github.com/klarna/katt	{rev,tag,"1.1.5","c1731db8d3dc7e9981909f043fbc2fc36f0e12dd",undefined,[],[]}
 :: Fetching repo code
$ cd "/home/pete/wefwefwef/docs/other/5548969939/katt-tag-1.1.5/katt"
$ infinity  `curl --fail --silent --show-error --location --output '1.1.5.zip' 'https://github.com/klarna/katt/archive/1.1.5.zip'  2>&1`
$ cd "/home/pete/wefwefwef/docs/erldocs_other.git"
$ cd "/home/pete/wefwefwef/docs/other/5548969939/katt-tag-1.1.5/katt"
$ 5000  `find -P . -type l -delete  2>&1`
$ cd "/home/pete/wefwefwef/docs/erldocs_other.git"
$ cd "/home/pete/wefwefwef/docs/other/5548969939/katt-tag-1.1.5/katt"
$ 5000  `find 'katt-1.1.5' -mindepth 1 -maxdepth 1 -exec mv -t . -- {} +  2>&1`
$ cd "/home/pete/wefwefwef/docs/erldocs_other.git"
 :: Getting dependencies
$ cd "/home/pete/wefwefwef/docs/other/5548969939/katt-tag-1.1.5/katt"
$ infinity  `rebar --config '/home/pete/wefwefwef/docs/other/5548969939/katt-tag-1.1.5/rebar_deps' get-deps  2>&1`
$ cd "/home/pete/wefwefwef/docs/erldocs_other.git"
$ cd "/home/pete/wefwefwef/docs/other/5548969939/katt-tag-1.1.5/katt"
$ 5000  `find -P . -type l -delete  2>&1`
$ cd "/home/pete/wefwefwef/docs/erldocs_other.git"
$ cd "/home/pete/wefwefwef/docs/other/5548969939/katt-tag-1.1.5/katt"
$ 5000  `ls -1 deps/  2>&1`
$ cd "/home/pete/wefwefwef/docs/erldocs_other.git"
>>> [rebar] deps = ["lhttpc","mochijson3"]
 :: Generating erldocs into /home/pete/wefwefwef/docs/other/5548969939/repo/1.1.5
Building katt
Generating Type Specs - "/home/pete/wefwefwef/docs/other/5548969939/katt-tag-1.1.5/katt/src/katt.erl"
Generating Type Specs - "/home/pete/wefwefwef/docs/other/5548969939/katt-tag-1.1.5/katt/src/katt_blueprint_parse.erl"
Generating Type Specs - "/home/pete/wefwefwef/docs/other/5548969939/katt-tag-1.1.5/katt/src/katt_callback.erl"
Generating Type Specs - "/home/pete/wefwefwef/docs/other/5548969939/katt-tag-1.1.5/katt/src/katt_util.erl"
Generating XML for application katt "/home/pete/wefwefwef/docs/other/5548969939/katt-tag-1.1.5/katt" -> "/home/pete/wefwefwef/docs/other/5548969939/repo/1.1.5/.xml/katt"
Generated katt XMLs: ["/home/pete/wefwefwef/docs/other/5548969939/repo/1.1.5/.xml/katt/katt.xml",
                      "/home/pete/wefwefwef/docs/other/5548969939/repo/1.1.5/.xml/katt/katt_blueprint_parse.xml",
                      "/home/pete/wefwefwef/docs/other/5548969939/repo/1.1.5/.xml/katt/katt_callback.xml"]
Generating HTML - katt_callback "/home/pete/wefwefwef/docs/other/5548969939/repo/1.1.5/.xml/katt/katt_callback.xml"
Reading XML for "/home/pete/wefwefwef/docs/other/5548969939/repo/1.1.5/.xml/katt/katt_callback.xml"
Reading XML for "/home/pete/wefwefwef/docs/other/5548969939/repo/1.1.5/.xml/specs_katt_callback.xml"
Generating HTML - katt_blueprint_parse "/home/pete/wefwefwef/docs/other/5548969939/repo/1.1.5/.xml/katt/katt_blueprint_parse.xml"
Reading XML for "/home/pete/wefwefwef/docs/other/5548969939/repo/1.1.5/.xml/katt/katt_blueprint_parse.xml"
Reading XML for "/home/pete/wefwefwef/docs/other/5548969939/repo/1.1.5/.xml/specs_katt_blueprint_parse.xml"
Generating HTML - katt "/home/pete/wefwefwef/docs/other/5548969939/repo/1.1.5/.xml/katt/katt.xml"
Reading XML for "/home/pete/wefwefwef/docs/other/5548969939/repo/1.1.5/.xml/katt/katt.xml"
Reading XML for "/home/pete/wefwefwef/docs/other/5548969939/repo/1.1.5/.xml/specs_katt.xml"
Creating index.html ...
Creating erldocs_index.js ...
Woot, finished in 0 Minutes 0 Seconds
 :: Discovering other repos
$ 5000  `rm -r '/home/pete/wefwefwef/docs/other/5548969939/katt-tag-1.1.5'  2>&1`
 :: Processing https://github.com/klarna/katt	{rev,tag,"1.2.0","0327d8472b203afa5313e4272e9811cf44aef1f6",undefined,[],[]}
 :: Fetching repo code
$ cd "/home/pete/wefwefwef/docs/other/5548969939/katt-tag-1.2.0/katt"
$ infinity  `curl --fail --silent --show-error --location --output '1.2.0.zip' 'https://github.com/klarna/katt/archive/1.2.0.zip'  2>&1`
$ cd "/home/pete/wefwefwef/docs/erldocs_other.git"
$ cd "/home/pete/wefwefwef/docs/other/5548969939/katt-tag-1.2.0/katt"
$ 5000  `find -P . -type l -delete  2>&1`
$ cd "/home/pete/wefwefwef/docs/erldocs_other.git"
$ cd "/home/pete/wefwefwef/docs/other/5548969939/katt-tag-1.2.0/katt"
$ 5000  `find 'katt-1.2.0' -mindepth 1 -maxdepth 1 -exec mv -t . -- {} +  2>&1`
$ cd "/home/pete/wefwefwef/docs/erldocs_other.git"
 :: Getting dependencies
$ cd "/home/pete/wefwefwef/docs/other/5548969939/katt-tag-1.2.0/katt"
$ infinity  `rebar --config '/home/pete/wefwefwef/docs/other/5548969939/katt-tag-1.2.0/rebar_deps' get-deps  2>&1`
$ cd "/home/pete/wefwefwef/docs/erldocs_other.git"
$ cd "/home/pete/wefwefwef/docs/other/5548969939/katt-tag-1.2.0/katt"
$ 5000  `find -P . -type l -delete  2>&1`
$ cd "/home/pete/wefwefwef/docs/erldocs_other.git"
$ cd "/home/pete/wefwefwef/docs/other/5548969939/katt-tag-1.2.0/katt"
$ 5000  `ls -1 deps/  2>&1`
$ cd "/home/pete/wefwefwef/docs/erldocs_other.git"
>>> [rebar] deps = ["lhttpc","mochijson3"]
 :: Generating erldocs into /home/pete/wefwefwef/docs/other/5548969939/repo/1.2.0
Building katt
Generating Type Specs - "/home/pete/wefwefwef/docs/other/5548969939/katt-tag-1.2.0/katt/src/katt.erl"
Generating Type Specs - "/home/pete/wefwefwef/docs/other/5548969939/katt-tag-1.2.0/katt/src/katt_blueprint_parse.erl"
Generating Type Specs - "/home/pete/wefwefwef/docs/other/5548969939/katt-tag-1.2.0/katt/src/katt_callback.erl"
Generating Type Specs - "/home/pete/wefwefwef/docs/other/5548969939/katt-tag-1.2.0/katt/src/katt_util.erl"
Generating XML for application katt "/home/pete/wefwefwef/docs/other/5548969939/katt-tag-1.2.0/katt" -> "/home/pete/wefwefwef/docs/other/5548969939/repo/1.2.0/.xml/katt"
Generated katt XMLs: ["/home/pete/wefwefwef/docs/other/5548969939/repo/1.2.0/.xml/katt/katt.xml",
                      "/home/pete/wefwefwef/docs/other/5548969939/repo/1.2.0/.xml/katt/katt_blueprint_parse.xml",
                      "/home/pete/wefwefwef/docs/other/5548969939/repo/1.2.0/.xml/katt/katt_callback.xml"]
Generating HTML - katt_callback "/home/pete/wefwefwef/docs/other/5548969939/repo/1.2.0/.xml/katt/katt_callback.xml"
Reading XML for "/home/pete/wefwefwef/docs/other/5548969939/repo/1.2.0/.xml/katt/katt_callback.xml"
Reading XML for "/home/pete/wefwefwef/docs/other/5548969939/repo/1.2.0/.xml/specs_katt_callback.xml"
Generating HTML - katt_blueprint_parse "/home/pete/wefwefwef/docs/other/5548969939/repo/1.2.0/.xml/katt/katt_blueprint_parse.xml"
Reading XML for "/home/pete/wefwefwef/docs/other/5548969939/repo/1.2.0/.xml/katt/katt_blueprint_parse.xml"
Reading XML for "/home/pete/wefwefwef/docs/other/5548969939/repo/1.2.0/.xml/specs_katt_blueprint_parse.xml"
Generating HTML - katt "/home/pete/wefwefwef/docs/other/5548969939/repo/1.2.0/.xml/katt/katt.xml"
Reading XML for "/home/pete/wefwefwef/docs/other/5548969939/repo/1.2.0/.xml/katt/katt.xml"
Reading XML for "/home/pete/wefwefwef/docs/other/5548969939/repo/1.2.0/.xml/specs_katt.xml"
Creating index.html ...
Creating erldocs_index.js ...
Woot, finished in 0 Minutes 0 Seconds
 :: Discovering other repos
$ 5000  `rm -r '/home/pete/wefwefwef/docs/other/5548969939/katt-tag-1.2.0'  2>&1`
 :: Processing https://github.com/klarna/katt	{rev,tag,"1.2.2","ee9dd03b7d15a7201b3e4676d61c7b1d6eb84d1d",undefined,[],[]}
 :: Fetching repo code
$ cd "/home/pete/wefwefwef/docs/other/5548969939/katt-tag-1.2.2/katt"
$ infinity  `curl --fail --silent --show-error --location --output '1.2.2.zip' 'https://github.com/klarna/katt/archive/1.2.2.zip'  2>&1`
$ cd "/home/pete/wefwefwef/docs/erldocs_other.git"
$ cd "/home/pete/wefwefwef/docs/other/5548969939/katt-tag-1.2.2/katt"
$ 5000  `find -P . -type l -delete  2>&1`
$ cd "/home/pete/wefwefwef/docs/erldocs_other.git"
$ cd "/home/pete/wefwefwef/docs/other/5548969939/katt-tag-1.2.2/katt"
$ 5000  `find 'katt-1.2.2' -mindepth 1 -maxdepth 1 -exec mv -t . -- {} +  2>&1`
$ cd "/home/pete/wefwefwef/docs/erldocs_other.git"
 :: Getting dependencies
$ cd "/home/pete/wefwefwef/docs/other/5548969939/katt-tag-1.2.2/katt"
$ infinity  `rebar --config '/home/pete/wefwefwef/docs/other/5548969939/katt-tag-1.2.2/rebar_deps' get-deps  2>&1`
$ cd "/home/pete/wefwefwef/docs/erldocs_other.git"
$ cd "/home/pete/wefwefwef/docs/other/5548969939/katt-tag-1.2.2/katt"
$ 5000  `find -P . -type l -delete  2>&1`
$ cd "/home/pete/wefwefwef/docs/erldocs_other.git"
$ cd "/home/pete/wefwefwef/docs/other/5548969939/katt-tag-1.2.2/katt"
$ 5000  `ls -1 deps/  2>&1`
$ cd "/home/pete/wefwefwef/docs/erldocs_other.git"
>>> [rebar] deps = ["lhttpc","mochijson3"]
 :: Generating erldocs into /home/pete/wefwefwef/docs/other/5548969939/repo/1.2.2
Building katt
Generating Type Specs - "/home/pete/wefwefwef/docs/other/5548969939/katt-tag-1.2.2/katt/src/katt.erl"
Generating Type Specs - "/home/pete/wefwefwef/docs/other/5548969939/katt-tag-1.2.2/katt/src/katt_blueprint_parse.erl"
Generating Type Specs - "/home/pete/wefwefwef/docs/other/5548969939/katt-tag-1.2.2/katt/src/katt_callback.erl"
Generating Type Specs - "/home/pete/wefwefwef/docs/other/5548969939/katt-tag-1.2.2/katt/src/katt_util.erl"
Generating XML for application katt "/home/pete/wefwefwef/docs/other/5548969939/katt-tag-1.2.2/katt" -> "/home/pete/wefwefwef/docs/other/5548969939/repo/1.2.2/.xml/katt"
Generated katt XMLs: ["/home/pete/wefwefwef/docs/other/5548969939/repo/1.2.2/.xml/katt/katt.xml",
                      "/home/pete/wefwefwef/docs/other/5548969939/repo/1.2.2/.xml/katt/katt_blueprint_parse.xml",
                      "/home/pete/wefwefwef/docs/other/5548969939/repo/1.2.2/.xml/katt/katt_callback.xml"]
Generating HTML - katt_callback "/home/pete/wefwefwef/docs/other/5548969939/repo/1.2.2/.xml/katt/katt_callback.xml"
Reading XML for "/home/pete/wefwefwef/docs/other/5548969939/repo/1.2.2/.xml/katt/katt_callback.xml"
Reading XML for "/home/pete/wefwefwef/docs/other/5548969939/repo/1.2.2/.xml/specs_katt_callback.xml"
Generating HTML - katt_blueprint_parse "/home/pete/wefwefwef/docs/other/5548969939/repo/1.2.2/.xml/katt/katt_blueprint_parse.xml"
Reading XML for "/home/pete/wefwefwef/docs/other/5548969939/repo/1.2.2/.xml/katt/katt_blueprint_parse.xml"
Reading XML for "/home/pete/wefwefwef/docs/other/5548969939/repo/1.2.2/.xml/specs_katt_blueprint_parse.xml"
Generating HTML - katt "/home/pete/wefwefwef/docs/other/5548969939/repo/1.2.2/.xml/katt/katt.xml"
Reading XML for "/home/pete/wefwefwef/docs/other/5548969939/repo/1.2.2/.xml/katt/katt.xml"
Reading XML for "/home/pete/wefwefwef/docs/other/5548969939/repo/1.2.2/.xml/specs_katt.xml"
Creating index.html ...
Creating erldocs_index.js ...
Woot, finished in 0 Minutes 0 Seconds
 :: Discovering other repos
$ 5000  `rm -r '/home/pete/wefwefwef/docs/other/5548969939/katt-tag-1.2.2'  2>&1`
 :: Processing https://github.com/klarna/katt	{rev,tag,"1.2.6","e830c9d2e9242dedcf93542e66fbb4cb6f72c1e4",undefined,[],[]}
 :: Fetching repo code
$ cd "/home/pete/wefwefwef/docs/other/5548969939/katt-tag-1.2.6/katt"
$ infinity  `curl --fail --silent --show-error --location --output '1.2.6.zip' 'https://github.com/klarna/katt/archive/1.2.6.zip'  2>&1`
$ cd "/home/pete/wefwefwef/docs/erldocs_other.git"
$ cd "/home/pete/wefwefwef/docs/other/5548969939/katt-tag-1.2.6/katt"
$ 5000  `find -P . -type l -delete  2>&1`
$ cd "/home/pete/wefwefwef/docs/erldocs_other.git"
$ cd "/home/pete/wefwefwef/docs/other/5548969939/katt-tag-1.2.6/katt"
$ 5000  `find 'katt-1.2.6' -mindepth 1 -maxdepth 1 -exec mv -t . -- {} +  2>&1`
$ cd "/home/pete/wefwefwef/docs/erldocs_other.git"
 :: Getting dependencies
$ cd "/home/pete/wefwefwef/docs/other/5548969939/katt-tag-1.2.6/katt"
$ infinity  `rebar --config '/home/pete/wefwefwef/docs/other/5548969939/katt-tag-1.2.6/rebar_deps' get-deps  2>&1`
$ cd "/home/pete/wefwefwef/docs/erldocs_other.git"
$ cd "/home/pete/wefwefwef/docs/other/5548969939/katt-tag-1.2.6/katt"
$ 5000  `find -P . -type l -delete  2>&1`
$ cd "/home/pete/wefwefwef/docs/erldocs_other.git"
$ cd "/home/pete/wefwefwef/docs/other/5548969939/katt-tag-1.2.6/katt"
$ 5000  `ls -1 deps/  2>&1`
$ cd "/home/pete/wefwefwef/docs/erldocs_other.git"
>>> [rebar] deps = ["lhttpc","mochijson3"]
 :: Generating erldocs into /home/pete/wefwefwef/docs/other/5548969939/repo/1.2.6
Building katt
Generating Type Specs - "/home/pete/wefwefwef/docs/other/5548969939/katt-tag-1.2.6/katt/src/katt.erl"
Generating Type Specs - "/home/pete/wefwefwef/docs/other/5548969939/katt-tag-1.2.6/katt/src/katt_blueprint_parse.erl"
Generating Type Specs - "/home/pete/wefwefwef/docs/other/5548969939/katt-tag-1.2.6/katt/src/katt_callback.erl"
Generating Type Specs - "/home/pete/wefwefwef/docs/other/5548969939/katt-tag-1.2.6/katt/src/katt_request.erl"
Generating Type Specs - "/home/pete/wefwefwef/docs/other/5548969939/katt-tag-1.2.6/katt/src/katt_response.erl"
Generating Type Specs - "/home/pete/wefwefwef/docs/other/5548969939/katt-tag-1.2.6/katt/src/katt_util.erl"
Generating XML for application katt "/home/pete/wefwefwef/docs/other/5548969939/katt-tag-1.2.6/katt" -> "/home/pete/wefwefwef/docs/other/5548969939/repo/1.2.6/.xml/katt"
Generated katt XMLs: ["/home/pete/wefwefwef/docs/other/5548969939/repo/1.2.6/.xml/katt/katt_response.xml",
                      "/home/pete/wefwefwef/docs/other/5548969939/repo/1.2.6/.xml/katt/katt_request.xml",
                      "/home/pete/wefwefwef/docs/other/5548969939/repo/1.2.6/.xml/katt/katt.xml",
                      "/home/pete/wefwefwef/docs/other/5548969939/repo/1.2.6/.xml/katt/katt_blueprint_parse.xml",
                      "/home/pete/wefwefwef/docs/other/5548969939/repo/1.2.6/.xml/katt/katt_callback.xml"]
Generating HTML - katt_response "/home/pete/wefwefwef/docs/other/5548969939/repo/1.2.6/.xml/katt/katt_response.xml"
Generating HTML - katt_request "/home/pete/wefwefwef/docs/other/5548969939/repo/1.2.6/.xml/katt/katt_request.xml"
Generating HTML - katt "/home/pete/wefwefwef/docs/other/5548969939/repo/1.2.6/.xml/katt/katt.xml"
Generating HTML - katt_callback "/home/pete/wefwefwef/docs/other/5548969939/repo/1.2.6/.xml/katt/katt_callback.xml"
Reading XML for "/home/pete/wefwefwef/docs/other/5548969939/repo/1.2.6/.xml/katt/katt_response.xml"
Reading XML for "/home/pete/wefwefwef/docs/other/5548969939/repo/1.2.6/.xml/katt/katt_request.xml"
Reading XML for "/home/pete/wefwefwef/docs/other/5548969939/repo/1.2.6/.xml/katt/katt.xml"
Reading XML for "/home/pete/wefwefwef/docs/other/5548969939/repo/1.2.6/.xml/katt/katt_callback.xml"
Reading XML for "/home/pete/wefwefwef/docs/other/5548969939/repo/1.2.6/.xml/specs_katt_request.xml"
Reading XML for "/home/pete/wefwefwef/docs/other/5548969939/repo/1.2.6/.xml/specs_katt_response.xml"
Reading XML for "/home/pete/wefwefwef/docs/other/5548969939/repo/1.2.6/.xml/specs_katt.xml"
Reading XML for "/home/pete/wefwefwef/docs/other/5548969939/repo/1.2.6/.xml/specs_katt_callback.xml"
Generating HTML - katt_blueprint_parse "/home/pete/wefwefwef/docs/other/5548969939/repo/1.2.6/.xml/katt/katt_blueprint_parse.xml"
Reading XML for "/home/pete/wefwefwef/docs/other/5548969939/repo/1.2.6/.xml/katt/katt_blueprint_parse.xml"
Reading XML for "/home/pete/wefwefwef/docs/other/5548969939/repo/1.2.6/.xml/specs_katt_blueprint_parse.xml"
Creating index.html ...
Creating erldocs_index.js ...
Woot, finished in 0 Minutes 1 Seconds
 :: Discovering other repos
$ 5000  `rm -r '/home/pete/wefwefwef/docs/other/5548969939/katt-tag-1.2.6'  2>&1`
 :: Processing https://github.com/klarna/katt	{rev,branch,"master","7d15945a4fad3ca7174dc260aa38b575a5cc0fde",undefined,[],[]}
 :: Fetching repo code
$ cd "/home/pete/wefwefwef/docs/other/5548969939/katt-branch-master/katt"
$ infinity  `curl --fail --silent --show-error --location --output 'master.zip' 'https://github.com/klarna/katt/archive/master.zip'  2>&1`
$ cd "/home/pete/wefwefwef/docs/erldocs_other.git"
$ cd "/home/pete/wefwefwef/docs/other/5548969939/katt-branch-master/katt"
$ 5000  `find -P . -type l -delete  2>&1`
$ cd "/home/pete/wefwefwef/docs/erldocs_other.git"
$ cd "/home/pete/wefwefwef/docs/other/5548969939/katt-branch-master/katt"
$ 5000  `find 'katt-master' -mindepth 1 -maxdepth 1 -exec mv -t . -- {} +  2>&1`
$ cd "/home/pete/wefwefwef/docs/erldocs_other.git"
 :: Getting dependencies
$ cd "/home/pete/wefwefwef/docs/other/5548969939/katt-branch-master/katt"
$ infinity  `rebar --config '/home/pete/wefwefwef/docs/other/5548969939/katt-branch-master/rebar_deps' get-deps  2>&1`
$ cd "/home/pete/wefwefwef/docs/erldocs_other.git"
$ cd "/home/pete/wefwefwef/docs/other/5548969939/katt-branch-master/katt"
$ 5000  `find -P . -type l -delete  2>&1`
$ cd "/home/pete/wefwefwef/docs/erldocs_other.git"
$ cd "/home/pete/wefwefwef/docs/other/5548969939/katt-branch-master/katt"
$ 5000  `ls -1 deps/  2>&1`
$ cd "/home/pete/wefwefwef/docs/erldocs_other.git"
>>> [rebar] deps = ["lhttpc","mochijson3"]
 :: Generating erldocs into /home/pete/wefwefwef/docs/other/5548969939/repo/master
Building katt
Generating Type Specs - "/home/pete/wefwefwef/docs/other/5548969939/katt-branch-master/katt/src/katt.erl"
Generating Type Specs - "/home/pete/wefwefwef/docs/other/5548969939/katt-branch-master/katt/src/katt_blueprint_parse.erl"
Generating Type Specs - "/home/pete/wefwefwef/docs/other/5548969939/katt-branch-master/katt/src/katt_callback.erl"
Generating Type Specs - "/home/pete/wefwefwef/docs/other/5548969939/katt-branch-master/katt/src/katt_request.erl"
Generating Type Specs - "/home/pete/wefwefwef/docs/other/5548969939/katt-branch-master/katt/src/katt_response.erl"
Generating Type Specs - "/home/pete/wefwefwef/docs/other/5548969939/katt-branch-master/katt/src/katt_util.erl"
Generating XML for application katt "/home/pete/wefwefwef/docs/other/5548969939/katt-branch-master/katt" -> "/home/pete/wefwefwef/docs/other/5548969939/repo/master/.xml/katt"
Generated katt XMLs: ["/home/pete/wefwefwef/docs/other/5548969939/repo/master/.xml/katt/katt_response.xml",
                      "/home/pete/wefwefwef/docs/other/5548969939/repo/master/.xml/katt/katt_request.xml",
                      "/home/pete/wefwefwef/docs/other/5548969939/repo/master/.xml/katt/katt.xml",
                      "/home/pete/wefwefwef/docs/other/5548969939/repo/master/.xml/katt/katt_blueprint_parse.xml",
                      "/home/pete/wefwefwef/docs/other/5548969939/repo/master/.xml/katt/katt_callback.xml"]
Generating HTML - katt_response "/home/pete/wefwefwef/docs/other/5548969939/repo/master/.xml/katt/katt_response.xml"
Generating HTML - katt_request "/home/pete/wefwefwef/docs/other/5548969939/repo/master/.xml/katt/katt_request.xml"
Generating HTML - katt "/home/pete/wefwefwef/docs/other/5548969939/repo/master/.xml/katt/katt.xml"
Generating HTML - katt_callback "/home/pete/wefwefwef/docs/other/5548969939/repo/master/.xml/katt/katt_callback.xml"
Reading XML for "/home/pete/wefwefwef/docs/other/5548969939/repo/master/.xml/katt/katt_response.xml"
Reading XML for "/home/pete/wefwefwef/docs/other/5548969939/repo/master/.xml/katt/katt_request.xml"
Reading XML for "/home/pete/wefwefwef/docs/other/5548969939/repo/master/.xml/katt/katt.xml"
Reading XML for "/home/pete/wefwefwef/docs/other/5548969939/repo/master/.xml/katt/katt_callback.xml"
Reading XML for "/home/pete/wefwefwef/docs/other/5548969939/repo/master/.xml/specs_katt_callback.xml"
Reading XML for "/home/pete/wefwefwef/docs/other/5548969939/repo/master/.xml/specs_katt.xml"
Reading XML for "/home/pete/wefwefwef/docs/other/5548969939/repo/master/.xml/specs_katt_response.xml"
Reading XML for "/home/pete/wefwefwef/docs/other/5548969939/repo/master/.xml/specs_katt_request.xml"
Generating HTML - katt_blueprint_parse "/home/pete/wefwefwef/docs/other/5548969939/repo/master/.xml/katt/katt_blueprint_parse.xml"
Reading XML for "/home/pete/wefwefwef/docs/other/5548969939/repo/master/.xml/katt/katt_blueprint_parse.xml"
Reading XML for "/home/pete/wefwefwef/docs/other/5548969939/repo/master/.xml/specs_katt_blueprint_parse.xml"
Creating index.html ...
Creating erldocs_index.js ...
Woot, finished in 0 Minutes 1 Seconds
 :: Discovering other repos
$ 5000  `rm -r '/home/pete/wefwefwef/docs/other/5548969939/katt-branch-master'  2>&1`
 :: Finishing up
$ 5000  `rm -r '/home/pete/wefwefwef/docs/other/5548969939/katt'  2>&1`
