 :: Extracting meta information
$ 5000  `git ls-remote --heads --tags 'https://github.com/jeremyong/eprotoc'  2>&1`
>>> [repo] 1 branches, 2 tags
 :: Writing meta to "/home/pete/wefwefwef/docs/other/128723516/meta.txt"
 :: Processing https://github.com/jeremyong/eprotoc	{rev,tag,"0.5.0","def0eec523bdf92d561c12b45db9157007b80fd0",undefined,[],[]}
 :: Fetching repo code
$ cd "/home/pete/wefwefwef/docs/other/128723516/eprotoc-tag-0.5.0/eprotoc"
$ infinity  `curl --fail --silent --show-error --location --output '0.5.0.zip' 'https://github.com/jeremyong/eprotoc/archive/0.5.0.zip'  2>&1`
$ cd "/home/pete/wefwefwef/docs/erldocs_other.git"
$ cd "/home/pete/wefwefwef/docs/other/128723516/eprotoc-tag-0.5.0/eprotoc"
$ 5000  `find -P . -type l -delete  2>&1`
$ cd "/home/pete/wefwefwef/docs/erldocs_other.git"
$ cd "/home/pete/wefwefwef/docs/other/128723516/eprotoc-tag-0.5.0/eprotoc"
$ 5000  `find 'eprotoc-0.5.0' -mindepth 1 -maxdepth 1 -exec mv -t . -- {} +  2>&1`
$ cd "/home/pete/wefwefwef/docs/erldocs_other.git"
 :: Getting dependencies
$ cd "/home/pete/wefwefwef/docs/other/128723516/eprotoc-tag-0.5.0/eprotoc"
$ 5000  `ls -1 deps/  2>&1`
$ cd "/home/pete/wefwefwef/docs/erldocs_other.git"
>>> [rebar] deps = []
 :: Generating erldocs into /home/pete/wefwefwef/docs/other/128723516/repo/0.5.0
Building eprotoc
Generating Type Specs - "/home/pete/wefwefwef/docs/other/128723516/eprotoc-tag-0.5.0/eprotoc/src/eprotoc.erl"
EDoc could not process file '/home/pete/wefwefwef/docs/other/128723516/eprotoc-tag-0.5.0/eprotoc/src/eprotoc.erl'
Error generating type specs for "/home/pete/wefwefwef/docs/other/128723516/eprotoc-tag-0.5.0/eprotoc/src/eprotoc.erl"
Generating Type Specs - "/home/pete/wefwefwef/docs/other/128723516/eprotoc-tag-0.5.0/eprotoc/src/eprotoc_generator.erl"
EDoc could not process file '/home/pete/wefwefwef/docs/other/128723516/eprotoc-tag-0.5.0/eprotoc/src/eprotoc_generator.erl'
Error generating type specs for "/home/pete/wefwefwef/docs/other/128723516/eprotoc-tag-0.5.0/eprotoc/src/eprotoc_generator.erl"
Generating XML for application eprotoc "/home/pete/wefwefwef/docs/other/128723516/eprotoc-tag-0.5.0/eprotoc" -> "/home/pete/wefwefwef/docs/other/128723516/repo/0.5.0/.xml/eprotoc"
/home/pete/wefwefwef/docs/other/128723516/eprotoc-tag-0.5.0/eprotoc/src/eprotoc_generator.erl, function process_file/2: at line 17: error in XML parser: {system_limit,[{ets,new,[rules,[set|...]],[]},
                                    {xmerl_scan,initial_state,2,[{...}|...]},
                                    {xmerl_scan,int_string,4,[...]},
                                    {xmerl_scan,string,2,...},
                                    {edoc_wiki,parse_xml_1,...},
                                    {edoc_wiki,...},
                                    {...}|...]}.
edoc: skipping source file '/home/pete/wefwefwef/docs/other/128723516/eprotoc-tag-0.5.0/eprotoc/src/eprotoc_generator.erl': {'EXIT',
                                                                                                                       error}.
/home/pete/wefwefwef/docs/other/128723516/eprotoc-tag-0.5.0/eprotoc/src/eprotoc.erl, function decode_message/1: at line 24: error in XML parser: {system_limit,[{ets,new,[rules,[set|...]],[]},
                                    {xmerl_scan,initial_state,2,[{...}|...]},
                                    {xmerl_scan,int_string,4,[...]},
                                    {xmerl_scan,string,2,...},
                                    {edoc_wiki,parse_xml_1,...},
                                    {edoc_wiki,...},
                                    {...}|...]}.
edoc: skipping source file '/home/pete/wefwefwef/docs/other/128723516/eprotoc-tag-0.5.0/eprotoc/src/eprotoc.erl': {'EXIT',
                                                                                                             error}.
edoc: error in doclet 'edoc_doclet': {'EXIT',error}.
Error generating eprotoc XMLs. Using fallback ...
Generating XML eprotoc - eprotoc "/home/pete/wefwefwef/docs/other/128723516/eprotoc-tag-0.5.0/eprotoc/src/eprotoc.erl" -> "/home/pete/wefwefwef/docs/other/128723516/repo/0.5.0/.xml/eprotoc/eprotoc.xml"
/home/pete/wefwefwef/docs/other/128723516/eprotoc-tag-0.5.0/eprotoc/src/eprotoc.erl, function decode_message/1: at line 24: error in XML parser: {system_limit,[{ets,new,[rules,[set|...]],[]},
                                    {xmerl_scan,initial_state,2,[{...}|...]},
                                    {xmerl_scan,int_string,4,[...]},
                                    {xmerl_scan,string,2,...},
                                    {edoc_wiki,parse_xml_1,...},
                                    {edoc_wiki,...},
                                    {...}|...]}.
Error generating XML ("/home/pete/wefwefwef/docs/other/128723516/eprotoc-tag-0.5.0/eprotoc/src/eprotoc.erl"): {'EXIT',
                                                                                                               error}
Generating XML eprotoc - eprotoc_generator "/home/pete/wefwefwef/docs/other/128723516/eprotoc-tag-0.5.0/eprotoc/src/eprotoc_generator.erl" -> "/home/pete/wefwefwef/docs/other/128723516/repo/0.5.0/.xml/eprotoc/eprotoc_generator.xml"
/home/pete/wefwefwef/docs/other/128723516/eprotoc-tag-0.5.0/eprotoc/src/eprotoc_generator.erl, function process_file/2: at line 17: error in XML parser: {system_limit,[{ets,new,[rules,[set|...]],[]},
                                    {xmerl_scan,initial_state,2,[{...}|...]},
                                    {xmerl_scan,int_string,4,[...]},
                                    {xmerl_scan,string,2,...},
                                    {edoc_wiki,parse_xml_1,...},
                                    {edoc_wiki,...},
                                    {...}|...]}.
Error generating XML ("/home/pete/wefwefwef/docs/other/128723516/eprotoc-tag-0.5.0/eprotoc/src/eprotoc_generator.erl"): {'EXIT',
                                                                                                                         error}
No documentation was generated!
Woot, finished in 0 Minutes 0 Seconds
 :: Discovering other repos
$ 5000  `rm -r '/home/pete/wefwefwef/docs/other/128723516/eprotoc-tag-0.5.0'  2>&1`
 :: Processing https://github.com/jeremyong/eprotoc	{rev,tag,"0.5.1","280daf981dee59ee96dbcbe02876861df589ce7c",undefined,[],[]}
 :: Fetching repo code
$ cd "/home/pete/wefwefwef/docs/other/128723516/eprotoc-tag-0.5.1/eprotoc"
$ infinity  `curl --fail --silent --show-error --location --output '0.5.1.zip' 'https://github.com/jeremyong/eprotoc/archive/0.5.1.zip'  2>&1`
$ cd "/home/pete/wefwefwef/docs/erldocs_other.git"
$ cd "/home/pete/wefwefwef/docs/other/128723516/eprotoc-tag-0.5.1/eprotoc"
$ 5000  `find -P . -type l -delete  2>&1`
$ cd "/home/pete/wefwefwef/docs/erldocs_other.git"
$ cd "/home/pete/wefwefwef/docs/other/128723516/eprotoc-tag-0.5.1/eprotoc"
$ 5000  `find 'eprotoc-0.5.1' -mindepth 1 -maxdepth 1 -exec mv -t . -- {} +  2>&1`
$ cd "/home/pete/wefwefwef/docs/erldocs_other.git"
 :: Getting dependencies
$ cd "/home/pete/wefwefwef/docs/other/128723516/eprotoc-tag-0.5.1/eprotoc"
$ 5000  `ls -1 deps/  2>&1`
$ cd "/home/pete/wefwefwef/docs/erldocs_other.git"
>>> [rebar] deps = []
 :: Generating erldocs into /home/pete/wefwefwef/docs/other/128723516/repo/0.5.1
Building eprotoc
Generating Type Specs - "/home/pete/wefwefwef/docs/other/128723516/eprotoc-tag-0.5.1/eprotoc/src/eprotoc.erl"
EDoc could not process file '/home/pete/wefwefwef/docs/other/128723516/eprotoc-tag-0.5.1/eprotoc/src/eprotoc.erl'
Error generating type specs for "/home/pete/wefwefwef/docs/other/128723516/eprotoc-tag-0.5.1/eprotoc/src/eprotoc.erl"
Generating Type Specs - "/home/pete/wefwefwef/docs/other/128723516/eprotoc-tag-0.5.1/eprotoc/src/eprotoc_generator.erl"
EDoc could not process file '/home/pete/wefwefwef/docs/other/128723516/eprotoc-tag-0.5.1/eprotoc/src/eprotoc_generator.erl'
Error generating type specs for "/home/pete/wefwefwef/docs/other/128723516/eprotoc-tag-0.5.1/eprotoc/src/eprotoc_generator.erl"
Generating XML for application eprotoc "/home/pete/wefwefwef/docs/other/128723516/eprotoc-tag-0.5.1/eprotoc" -> "/home/pete/wefwefwef/docs/other/128723516/repo/0.5.1/.xml/eprotoc"
/home/pete/wefwefwef/docs/other/128723516/eprotoc-tag-0.5.1/eprotoc/src/eprotoc_generator.erl, function process_file/2: at line 17: error in XML parser: {system_limit,[{ets,new,[rules,[set|...]],[]},
                                    {xmerl_scan,initial_state,2,[{...}|...]},
                                    {xmerl_scan,int_string,4,[...]},
                                    {xmerl_scan,string,2,...},
                                    {edoc_wiki,parse_xml_1,...},
                                    {edoc_wiki,...},
                                    {...}|...]}.
edoc: skipping source file '/home/pete/wefwefwef/docs/other/128723516/eprotoc-tag-0.5.1/eprotoc/src/eprotoc_generator.erl': {'EXIT',
                                                                                                                       error}.
/home/pete/wefwefwef/docs/other/128723516/eprotoc-tag-0.5.1/eprotoc/src/eprotoc.erl, function decode_message/1: at line 24: error in XML parser: {system_limit,[{ets,new,[rules,[set|...]],[]},
                                    {xmerl_scan,initial_state,2,[{...}|...]},
                                    {xmerl_scan,int_string,4,[...]},
                                    {xmerl_scan,string,2,...},
                                    {edoc_wiki,parse_xml_1,...},
                                    {edoc_wiki,...},
                                    {...}|...]}.
edoc: skipping source file '/home/pete/wefwefwef/docs/other/128723516/eprotoc-tag-0.5.1/eprotoc/src/eprotoc.erl': {'EXIT',
                                                                                                             error}.
edoc: error in doclet 'edoc_doclet': {'EXIT',error}.
Error generating eprotoc XMLs. Using fallback ...
Generating XML eprotoc - eprotoc "/home/pete/wefwefwef/docs/other/128723516/eprotoc-tag-0.5.1/eprotoc/src/eprotoc.erl" -> "/home/pete/wefwefwef/docs/other/128723516/repo/0.5.1/.xml/eprotoc/eprotoc.xml"
/home/pete/wefwefwef/docs/other/128723516/eprotoc-tag-0.5.1/eprotoc/src/eprotoc.erl, function decode_message/1: at line 24: error in XML parser: {system_limit,[{ets,new,[rules,[set|...]],[]},
                                    {xmerl_scan,initial_state,2,[{...}|...]},
                                    {xmerl_scan,int_string,4,[...]},
                                    {xmerl_scan,string,2,...},
                                    {edoc_wiki,parse_xml_1,...},
                                    {edoc_wiki,...},
                                    {...}|...]}.
Error generating XML ("/home/pete/wefwefwef/docs/other/128723516/eprotoc-tag-0.5.1/eprotoc/src/eprotoc.erl"): {'EXIT',
                                                                                                               error}
Generating XML eprotoc - eprotoc_generator "/home/pete/wefwefwef/docs/other/128723516/eprotoc-tag-0.5.1/eprotoc/src/eprotoc_generator.erl" -> "/home/pete/wefwefwef/docs/other/128723516/repo/0.5.1/.xml/eprotoc/eprotoc_generator.xml"
/home/pete/wefwefwef/docs/other/128723516/eprotoc-tag-0.5.1/eprotoc/src/eprotoc_generator.erl, function process_file/2: at line 17: error in XML parser: {system_limit,[{ets,new,[rules,[set|...]],[]},
                                    {xmerl_scan,initial_state,2,[{...}|...]},
                                    {xmerl_scan,int_string,4,[...]},
                                    {xmerl_scan,string,2,...},
                                    {edoc_wiki,parse_xml_1,...},
                                    {edoc_wiki,...},
                                    {...}|...]}.
Error generating XML ("/home/pete/wefwefwef/docs/other/128723516/eprotoc-tag-0.5.1/eprotoc/src/eprotoc_generator.erl"): {'EXIT',
                                                                                                                         error}
No documentation was generated!
Woot, finished in 0 Minutes 0 Seconds
 :: Discovering other repos
$ 5000  `rm -r '/home/pete/wefwefwef/docs/other/128723516/eprotoc-tag-0.5.1'  2>&1`
 :: Processing https://github.com/jeremyong/eprotoc	{rev,branch,"master","a97d2fa01255844aa726d69ec5121c699e481504",undefined,[],[]}
 :: Fetching repo code
$ cd "/home/pete/wefwefwef/docs/other/128723516/eprotoc-branch-master/eprotoc"
$ infinity  `curl --fail --silent --show-error --location --output 'master.zip' 'https://github.com/jeremyong/eprotoc/archive/master.zip'  2>&1`
$ cd "/home/pete/wefwefwef/docs/erldocs_other.git"
$ cd "/home/pete/wefwefwef/docs/other/128723516/eprotoc-branch-master/eprotoc"
$ 5000  `find -P . -type l -delete  2>&1`
$ cd "/home/pete/wefwefwef/docs/erldocs_other.git"
$ cd "/home/pete/wefwefwef/docs/other/128723516/eprotoc-branch-master/eprotoc"
$ 5000  `find 'eprotoc-master' -mindepth 1 -maxdepth 1 -exec mv -t . -- {} +  2>&1`
$ cd "/home/pete/wefwefwef/docs/erldocs_other.git"
 :: Getting dependencies
$ cd "/home/pete/wefwefwef/docs/other/128723516/eprotoc-branch-master/eprotoc"
$ 5000  `ls -1 deps/  2>&1`
$ cd "/home/pete/wefwefwef/docs/erldocs_other.git"
>>> [rebar] deps = []
 :: Generating erldocs into /home/pete/wefwefwef/docs/other/128723516/repo/master
Building eprotoc
Generating Type Specs - "/home/pete/wefwefwef/docs/other/128723516/eprotoc-branch-master/eprotoc/src/eprotoc.erl"
EDoc could not process file '/home/pete/wefwefwef/docs/other/128723516/eprotoc-branch-master/eprotoc/src/eprotoc.erl'
Error generating type specs for "/home/pete/wefwefwef/docs/other/128723516/eprotoc-branch-master/eprotoc/src/eprotoc.erl"
Generating Type Specs - "/home/pete/wefwefwef/docs/other/128723516/eprotoc-branch-master/eprotoc/src/eprotoc_generator.erl"
EDoc could not process file '/home/pete/wefwefwef/docs/other/128723516/eprotoc-branch-master/eprotoc/src/eprotoc_generator.erl'
Error generating type specs for "/home/pete/wefwefwef/docs/other/128723516/eprotoc-branch-master/eprotoc/src/eprotoc_generator.erl"
Generating XML for application eprotoc "/home/pete/wefwefwef/docs/other/128723516/eprotoc-branch-master/eprotoc" -> "/home/pete/wefwefwef/docs/other/128723516/repo/master/.xml/eprotoc"
/home/pete/wefwefwef/docs/other/128723516/eprotoc-branch-master/eprotoc/src/eprotoc_generator.erl, function process_file/3: at line 17: error in XML parser: {system_limit,[{ets,new,[rules,[set|...]],[]},
                                    {xmerl_scan,initial_state,2,[{...}|...]},
                                    {xmerl_scan,int_string,4,[...]},
                                    {xmerl_scan,string,2,...},
                                    {edoc_wiki,parse_xml_1,...},
                                    {edoc_wiki,...},
                                    {...}|...]}.
edoc: skipping source file '/home/pete/wefwefwef/docs/other/128723516/eprotoc-branch-master/eprotoc/src/eprotoc_generator.erl': {'EXIT',
                                                                                                                           error}.
/home/pete/wefwefwef/docs/other/128723516/eprotoc-branch-master/eprotoc/src/eprotoc.erl, function check_fields/2: at line 39: error in XML parser: {system_limit,[{ets,new,[rules,[set|...]],[]},
                                    {xmerl_scan,initial_state,2,[{...}|...]},
                                    {xmerl_scan,int_string,4,[...]},
                                    {xmerl_scan,string,2,...},
                                    {edoc_wiki,parse_xml_1,...},
                                    {edoc_wiki,...},
                                    {...}|...]}.
edoc: skipping source file '/home/pete/wefwefwef/docs/other/128723516/eprotoc-branch-master/eprotoc/src/eprotoc.erl': {'EXIT',
                                                                                                                 error}.
edoc: error in doclet 'edoc_doclet': {'EXIT',error}.
Error generating eprotoc XMLs. Using fallback ...
Generating XML eprotoc - eprotoc "/home/pete/wefwefwef/docs/other/128723516/eprotoc-branch-master/eprotoc/src/eprotoc.erl" -> "/home/pete/wefwefwef/docs/other/128723516/repo/master/.xml/eprotoc/eprotoc.xml"
/home/pete/wefwefwef/docs/other/128723516/eprotoc-branch-master/eprotoc/src/eprotoc.erl, function check_fields/2: at line 39: error in XML parser: {system_limit,[{ets,new,[rules,[set|...]],[]},
                                    {xmerl_scan,initial_state,2,[{...}|...]},
                                    {xmerl_scan,int_string,4,[...]},
                                    {xmerl_scan,string,2,...},
                                    {edoc_wiki,parse_xml_1,...},
                                    {edoc_wiki,...},
                                    {...}|...]}.
Error generating XML ("/home/pete/wefwefwef/docs/other/128723516/eprotoc-branch-master/eprotoc/src/eprotoc.erl"): {'EXIT',
                                                                                                                   error}
Generating XML eprotoc - eprotoc_generator "/home/pete/wefwefwef/docs/other/128723516/eprotoc-branch-master/eprotoc/src/eprotoc_generator.erl" -> "/home/pete/wefwefwef/docs/other/128723516/repo/master/.xml/eprotoc/eprotoc_generator.xml"
/home/pete/wefwefwef/docs/other/128723516/eprotoc-branch-master/eprotoc/src/eprotoc_generator.erl, function process_file/3: at line 17: error in XML parser: {system_limit,[{ets,new,[rules,[set|...]],[]},
                                    {xmerl_scan,initial_state,2,[{...}|...]},
                                    {xmerl_scan,int_string,4,[...]},
                                    {xmerl_scan,string,2,...},
                                    {edoc_wiki,parse_xml_1,...},
                                    {edoc_wiki,...},
                                    {...}|...]}.
Error generating XML ("/home/pete/wefwefwef/docs/other/128723516/eprotoc-branch-master/eprotoc/src/eprotoc_generator.erl"): {'EXIT',
                                                                                                                             error}
No documentation was generated!
Woot, finished in 0 Minutes 0 Seconds
 :: Discovering other repos
$ 5000  `rm -r '/home/pete/wefwefwef/docs/other/128723516/eprotoc-branch-master'  2>&1`
 :: Finishing up
$ 5000  `rm -r '/home/pete/wefwefwef/docs/other/128723516/eprotoc'  2>&1`
$ 5000  `rm -r '/home/pete/wefwefwef/docs/other/128723516/repo/0.5.0'  2>&1`
$ 5000  `rm -r '/home/pete/wefwefwef/docs/other/128723516/repo/0.5.1'  2>&1`
$ 5000  `rm -r '/home/pete/wefwefwef/docs/other/128723516/repo/master'  2>&1`
