 :: Extracting meta information
$ infinity  `git ls-remote --heads --tags 'https://github.com/feuerlabs/arygon_nfc'  2>&1`
>>> [repo] 1 branches, 0 tags
 :: Writing meta to "/home/pete/wefwefwef/docs/other/511ca057c5030e32d5770cce940f28507c7ca5d0/meta.txt"
 :: Processing https://github.com/feuerlabs/arygon_nfc	{rev,branch,"master","89ed101486248e02b627e6ed330c7ba0dd8c202b",undefined,[],[]}
 :: Fetching repo code
$ cd '/home/pete/wefwefwef/docs/other/511ca057c5030e32d5770cce940f28507c7ca5d0/arygon_nfc-branch-master'
$ infinity  `curl --fail --silent --show-error --location --output repo.tar.gz 'https://codeload.github.com/feuerlabs/arygon_nfc/tar.gz/master'  2>&1`
$ cd '/home/pete/wefwefwef/docs/erldocs_other.git'
$ cd '/home/pete/wefwefwef/docs/other/511ca057c5030e32d5770cce940f28507c7ca5d0/arygon_nfc-branch-master/arygon_nfc-master'
$ 5000  `find -P . -type l -delete  2>&1`
$ cd '/home/pete/wefwefwef/docs/erldocs_other.git'
$ 5000  `mv '/home/pete/wefwefwef/docs/other/511ca057c5030e32d5770cce940f28507c7ca5d0/arygon_nfc-branch-master/arygon_nfc-master' '/home/pete/wefwefwef/docs/other/511ca057c5030e32d5770cce940f28507c7ca5d0/arygon_nfc-branch-master/arygon_nfc'  2>&1`
 :: Getting dependencies
$ cd '/home/pete/wefwefwef/docs/other/511ca057c5030e32d5770cce940f28507c7ca5d0/arygon_nfc-branch-master/arygon_nfc'
$ 5000  `ls -1 deps/  2>&1`
$ cd '/home/pete/wefwefwef/docs/erldocs_other.git'
>>> [rebar] deps = []
 :: Generating erldocs into /home/pete/wefwefwef/docs/other/511ca057c5030e32d5770cce940f28507c7ca5d0/repo/master
Building arygon_nfc
Generating Type Specs - "/home/pete/wefwefwef/docs/other/511ca057c5030e32d5770cce940f28507c7ca5d0/arygon_nfc-branch-master/arygon_nfc/src/arygon_nfc.erl"
Generating Type Specs - "/home/pete/wefwefwef/docs/other/511ca057c5030e32d5770cce940f28507c7ca5d0/arygon_nfc-branch-master/arygon_nfc/src/arygon_nfc_app.erl"
Generating Type Specs - "/home/pete/wefwefwef/docs/other/511ca057c5030e32d5770cce940f28507c7ca5d0/arygon_nfc-branch-master/arygon_nfc/src/arygon_nfc_sup.erl"
Generating XML for application arygon_nfc "/home/pete/wefwefwef/docs/other/511ca057c5030e32d5770cce940f28507c7ca5d0/arygon_nfc-branch-master/arygon_nfc" -> "/home/pete/wefwefwef/docs/other/511ca057c5030e32d5770cce940f28507c7ca5d0/repo/master/.xml/arygon_nfc"
Generated arygon_nfc XMLs: ["/home/pete/wefwefwef/docs/other/511ca057c5030e32d5770cce940f28507c7ca5d0/repo/master/.xml/arygon_nfc/arygon_nfc_sup.xml",
                            "/home/pete/wefwefwef/docs/other/511ca057c5030e32d5770cce940f28507c7ca5d0/repo/master/.xml/arygon_nfc/arygon_nfc_app.xml",
                            "/home/pete/wefwefwef/docs/other/511ca057c5030e32d5770cce940f28507c7ca5d0/repo/master/.xml/arygon_nfc/arygon_nfc.xml"]
Generating HTML - arygon_nfc "/home/pete/wefwefwef/docs/other/511ca057c5030e32d5770cce940f28507c7ca5d0/repo/master/.xml/arygon_nfc/arygon_nfc.xml"
Reading XML for "/home/pete/wefwefwef/docs/other/511ca057c5030e32d5770cce940f28507c7ca5d0/repo/master/.xml/arygon_nfc/arygon_nfc.xml"
Reading XML for "/home/pete/wefwefwef/docs/other/511ca057c5030e32d5770cce940f28507c7ca5d0/repo/master/.xml/specs_arygon_nfc.xml"
Generating HTML - arygon_nfc_app "/home/pete/wefwefwef/docs/other/511ca057c5030e32d5770cce940f28507c7ca5d0/repo/master/.xml/arygon_nfc/arygon_nfc_app.xml"
Reading XML for "/home/pete/wefwefwef/docs/other/511ca057c5030e32d5770cce940f28507c7ca5d0/repo/master/.xml/arygon_nfc/arygon_nfc_app.xml"
Reading XML for "/home/pete/wefwefwef/docs/other/511ca057c5030e32d5770cce940f28507c7ca5d0/repo/master/.xml/specs_arygon_nfc_app.xml"
Generating HTML - arygon_nfc_sup "/home/pete/wefwefwef/docs/other/511ca057c5030e32d5770cce940f28507c7ca5d0/repo/master/.xml/arygon_nfc/arygon_nfc_sup.xml"
Reading XML for "/home/pete/wefwefwef/docs/other/511ca057c5030e32d5770cce940f28507c7ca5d0/repo/master/.xml/arygon_nfc/arygon_nfc_sup.xml"
Reading XML for "/home/pete/wefwefwef/docs/other/511ca057c5030e32d5770cce940f28507c7ca5d0/repo/master/.xml/specs_arygon_nfc_sup.xml"
Creating index.html ...
Creating erldocs_index.js ...
Woot, finished in 0 Minutes 0 Seconds
 :: Discovering other repos
$ 5000  `rm -r '/home/pete/wefwefwef/docs/other/511ca057c5030e32d5770cce940f28507c7ca5d0/arygon_nfc-branch-master'  2>&1`
 :: Finishing up
$ 5000  `rm -r '/home/pete/wefwefwef/docs/other/511ca057c5030e32d5770cce940f28507c7ca5d0/arygon_nfc'  2>&1`
