 :: Extracting meta information
$ 5000  `git ls-remote --heads --tags 'https://github.com/perldev/tree_storage'  2>&1`
>>> [repo] 1 branches, 0 tags
 :: Writing meta to "/home/pete/wefwefwef/docs/other/2100791614/meta.txt"
 :: Processing https://github.com/perldev/tree_storage	{rev,branch,"master","c9ff4789bc02e33cfd62cba45d8a8b0c35d4a61d"}
 :: Fetching repo code
$ cd "/home/pete/wefwefwef/docs/other/2100791614/tree_storage-branch-master/tree_storage"
$ infinity  `curl --fail --silent --show-error --location --output 'master.zip' 'https://github.com/perldev/tree_storage/archive/master.zip'  2>&1`
$ cd "/home/pete/wefwefwef/docs/erldocs_other.git"
$ cd "/home/pete/wefwefwef/docs/other/2100791614/tree_storage-branch-master/tree_storage"
$ 5000  `find -P . -type l -delete  2>&1`
$ cd "/home/pete/wefwefwef/docs/erldocs_other.git"
$ cd "/home/pete/wefwefwef/docs/other/2100791614/tree_storage-branch-master/tree_storage"
$ 5000  `find 'tree_storage-master' -mindepth 1 -maxdepth 1 -exec mv -t . -- {} +  2>&1`
$ cd "/home/pete/wefwefwef/docs/erldocs_other.git"
 :: Getting dependencies
$ cd "/home/pete/wefwefwef/docs/other/2100791614/tree_storage-branch-master/tree_storage"
$ 5000  `ls -1 deps/  2>&1`
$ cd "/home/pete/wefwefwef/docs/erldocs_other.git"
>>> [rebar] deps = []
 :: Generating erldocs into /home/pete/wefwefwef/docs/other/2100791614/repo/master
Building tree_storage
Generating Type Specs - "/home/pete/wefwefwef/docs/other/2100791614/tree_storage-branch-master/tree_storage/src/bin_tree.erl"
Generating XML for application tree_storage "/home/pete/wefwefwef/docs/other/2100791614/tree_storage-branch-master/tree_storage" -> "/home/pete/wefwefwef/docs/other/2100791614/repo/master/.xml/tree_storage"
Generated tree_storage XMLs: ["/home/pete/wefwefwef/docs/other/2100791614/repo/master/.xml/tree_storage/bin_tree.xml"]
Generating HTML - bin_tree "/home/pete/wefwefwef/docs/other/2100791614/repo/master/.xml/tree_storage/bin_tree.xml"
Reading XML for "/home/pete/wefwefwef/docs/other/2100791614/repo/master/.xml/tree_storage/bin_tree.xml"
Reading XML for "/home/pete/wefwefwef/docs/other/2100791614/repo/master/.xml/specs_bin_tree.xml"
Creating index.html ...
Creating erldocs_index.js ...
Woot, finished in 0 Minutes 0 Seconds
 :: Discovering other repos
$ 5000  `rm -r '/home/pete/wefwefwef/docs/other/2100791614/tree_storage-branch-master'  2>&1`
 :: Erldocs finishing up
$ 5000  `rm -r '/home/pete/wefwefwef/docs/other/2100791614/tree_storage'  2>&1`
