 :: Extracting meta information
$ 5000  `git ls-remote --heads --tags 'https://github.com/mtchavez/bk-tree-erl'  2>&1`
>>> [repo] 1 branches, 0 tags
 :: Writing meta to "/home/pete/wefwefwef/docs/other/8167649555/meta.txt"
 :: Processing https://github.com/mtchavez/bk-tree-erl	{rev,branch,"master","4f47b13857c3f5eba0c7939b8daaa2dbbf823ac9",undefined,[],[]}
 :: Fetching repo code
$ cd "/home/pete/wefwefwef/docs/other/8167649555/bk-tree-erl-branch-master/bk-tree-erl"
$ infinity  `curl --fail --silent --show-error --location --output 'master.zip' 'https://github.com/mtchavez/bk-tree-erl/archive/master.zip'  2>&1`
$ cd "/home/pete/wefwefwef/docs/erldocs_other.git"
$ cd "/home/pete/wefwefwef/docs/other/8167649555/bk-tree-erl-branch-master/bk-tree-erl"
$ 5000  `find -P . -type l -delete  2>&1`
$ cd "/home/pete/wefwefwef/docs/erldocs_other.git"
$ cd "/home/pete/wefwefwef/docs/other/8167649555/bk-tree-erl-branch-master/bk-tree-erl"
$ 5000  `find 'bk-tree-erl-master' -mindepth 1 -maxdepth 1 -exec mv -t . -- {} +  2>&1`
$ cd "/home/pete/wefwefwef/docs/erldocs_other.git"
 :: Getting dependencies
$ cd "/home/pete/wefwefwef/docs/other/8167649555/bk-tree-erl-branch-master/bk-tree-erl"
$ 5000  `ls -1 deps/  2>&1`
$ cd "/home/pete/wefwefwef/docs/erldocs_other.git"
>>> [rebar] deps = []
 :: Generating erldocs into /home/pete/wefwefwef/docs/other/8167649555/repo/master
Building bk-tree-erl
Generating Type Specs - "/home/pete/wefwefwef/docs/other/8167649555/bk-tree-erl-branch-master/bk-tree-erl/src/bktree_app.erl"
Generating Type Specs - "/home/pete/wefwefwef/docs/other/8167649555/bk-tree-erl-branch-master/bk-tree-erl/src/bktree_sup.erl"
Generating Type Specs - "/home/pete/wefwefwef/docs/other/8167649555/bk-tree-erl-branch-master/bk-tree-erl/src/levenshtein.erl"
Generating Type Specs - "/home/pete/wefwefwef/docs/other/8167649555/bk-tree-erl-branch-master/bk-tree-erl/src/tree.erl"
Generating XML for application bk-tree-erl "/home/pete/wefwefwef/docs/other/8167649555/bk-tree-erl-branch-master/bk-tree-erl" -> "/home/pete/wefwefwef/docs/other/8167649555/repo/master/.xml/bk-tree-erl"
Generated bk-tree-erl XMLs: ["/home/pete/wefwefwef/docs/other/8167649555/repo/master/.xml/bk-tree-erl/bktree_sup.xml",
                             "/home/pete/wefwefwef/docs/other/8167649555/repo/master/.xml/bk-tree-erl/levenshtein.xml",
                             "/home/pete/wefwefwef/docs/other/8167649555/repo/master/.xml/bk-tree-erl/tree.xml",
                             "/home/pete/wefwefwef/docs/other/8167649555/repo/master/.xml/bk-tree-erl/bktree_app.xml"]
Generating HTML - bktree_sup "/home/pete/wefwefwef/docs/other/8167649555/repo/master/.xml/bk-tree-erl/bktree_sup.xml"
Generating HTML - levenshtein "/home/pete/wefwefwef/docs/other/8167649555/repo/master/.xml/bk-tree-erl/levenshtein.xml"
Generating HTML - tree "/home/pete/wefwefwef/docs/other/8167649555/repo/master/.xml/bk-tree-erl/tree.xml"
Generating HTML - bktree_app "/home/pete/wefwefwef/docs/other/8167649555/repo/master/.xml/bk-tree-erl/bktree_app.xml"
Reading XML for "/home/pete/wefwefwef/docs/other/8167649555/repo/master/.xml/bk-tree-erl/bktree_sup.xml"
Reading XML for "/home/pete/wefwefwef/docs/other/8167649555/repo/master/.xml/bk-tree-erl/levenshtein.xml"
Reading XML for "/home/pete/wefwefwef/docs/other/8167649555/repo/master/.xml/bk-tree-erl/tree.xml"
Reading XML for "/home/pete/wefwefwef/docs/other/8167649555/repo/master/.xml/bk-tree-erl/bktree_app.xml"
Reading XML for "/home/pete/wefwefwef/docs/other/8167649555/repo/master/.xml/specs_bktree_sup.xml"
Reading XML for "/home/pete/wefwefwef/docs/other/8167649555/repo/master/.xml/specs_tree.xml"
Reading XML for "/home/pete/wefwefwef/docs/other/8167649555/repo/master/.xml/specs_levenshtein.xml"
Reading XML for "/home/pete/wefwefwef/docs/other/8167649555/repo/master/.xml/specs_bktree_app.xml"
Creating index.html ...
Creating erldocs_index.js ...
Woot, finished in 0 Minutes 0 Seconds
 :: Discovering other repos
$ 5000  `rm -r '/home/pete/wefwefwef/docs/other/8167649555/bk-tree-erl-branch-master'  2>&1`
 :: Finishing up
$ 5000  `rm -r '/home/pete/wefwefwef/docs/other/8167649555/bk-tree-erl'  2>&1`
