 :: Extracting meta information
$ infinity  `git ls-remote --heads --tags 'https://github.com/bipthelin/gen_leader_revival'  2>&1`
>>> [repo] 3 branches, 0 tags
 :: Writing meta to "/home/pete/wefwefwef/docs/other/0aa3c9868fe714f9a5b725c1c87c1f71ae33b6f0/meta.txt"
 :: Processing https://github.com/bipthelin/gen_leader_revival	{rev,branch,"netsplit-tolerance","ad57a96042beeae3cc0d5a37f1731d0c29858b12",undefined,[],[]}
 :: Fetching repo code
$ cd '/home/pete/wefwefwef/docs/other/0aa3c9868fe714f9a5b725c1c87c1f71ae33b6f0/gen_leader_revival-branch-netsplit-tolerance'
$ infinity  `curl --fail --silent --show-error --location --output repo.tar.gz 'https://codeload.github.com/bipthelin/gen_leader_revival/tar.gz/netsplit-tolerance'  2>&1`
$ cd '/home/pete/wefwefwef/docs/erldocs_other.git'
$ cd '/home/pete/wefwefwef/docs/other/0aa3c9868fe714f9a5b725c1c87c1f71ae33b6f0/gen_leader_revival-branch-netsplit-tolerance/gen_leader_revival-netsplit-tolerance'
$ 5000  `find -P . -type l -delete  2>&1`
$ cd '/home/pete/wefwefwef/docs/erldocs_other.git'
$ 5000  `mv '/home/pete/wefwefwef/docs/other/0aa3c9868fe714f9a5b725c1c87c1f71ae33b6f0/gen_leader_revival-branch-netsplit-tolerance/gen_leader_revival-netsplit-tolerance' '/home/pete/wefwefwef/docs/other/0aa3c9868fe714f9a5b725c1c87c1f71ae33b6f0/gen_leader_revival-branch-netsplit-tolerance/gen_leader_revival'  2>&1`
 :: Getting dependencies
$ cd '/home/pete/wefwefwef/docs/other/0aa3c9868fe714f9a5b725c1c87c1f71ae33b6f0/gen_leader_revival-branch-netsplit-tolerance/gen_leader_revival'
$ 5000  `ls -1 deps/  2>&1`
$ cd '/home/pete/wefwefwef/docs/erldocs_other.git'
>>> [rebar] deps = []
 :: Generating erldocs into /home/pete/wefwefwef/docs/other/0aa3c9868fe714f9a5b725c1c87c1f71ae33b6f0/repo/netsplit-tolerance
Building gen_leader_revival
Generating Type Specs - "/home/pete/wefwefwef/docs/other/0aa3c9868fe714f9a5b725c1c87c1f71ae33b6f0/gen_leader_revival-branch-netsplit-tolerance/gen_leader_revival/src/gen_leader.erl"
Generating XML for application gen_leader_revival "/home/pete/wefwefwef/docs/other/0aa3c9868fe714f9a5b725c1c87c1f71ae33b6f0/gen_leader_revival-branch-netsplit-tolerance/gen_leader_revival" -> "/home/pete/wefwefwef/docs/other/0aa3c9868fe714f9a5b725c1c87c1f71ae33b6f0/repo/netsplit-tolerance/.xml/gen_leader_revival"
Generated gen_leader_revival XMLs: ["/home/pete/wefwefwef/docs/other/0aa3c9868fe714f9a5b725c1c87c1f71ae33b6f0/repo/netsplit-tolerance/.xml/gen_leader_revival/gen_leader.xml"]
Generating HTML - gen_leader "/home/pete/wefwefwef/docs/other/0aa3c9868fe714f9a5b725c1c87c1f71ae33b6f0/repo/netsplit-tolerance/.xml/gen_leader_revival/gen_leader.xml"
Reading XML for "/home/pete/wefwefwef/docs/other/0aa3c9868fe714f9a5b725c1c87c1f71ae33b6f0/repo/netsplit-tolerance/.xml/gen_leader_revival/gen_leader.xml"
Reading XML for "/home/pete/wefwefwef/docs/other/0aa3c9868fe714f9a5b725c1c87c1f71ae33b6f0/repo/netsplit-tolerance/.xml/specs_gen_leader.xml"
Creating index.html ...
Creating erldocs_index.js ...
Woot, finished in 0 Minutes 0 Seconds
 :: Discovering other repos
$ 5000  `rm -r '/home/pete/wefwefwef/docs/other/0aa3c9868fe714f9a5b725c1c87c1f71ae33b6f0/gen_leader_revival-branch-netsplit-tolerance'  2>&1`
 :: Processing https://github.com/bipthelin/gen_leader_revival	{rev,branch,"merge_open_nodes","413367024d2b4225d6527776065cf635a47779b2",undefined,[],[]}
 :: Fetching repo code
$ cd '/home/pete/wefwefwef/docs/other/0aa3c9868fe714f9a5b725c1c87c1f71ae33b6f0/gen_leader_revival-branch-merge_open_nodes'
$ infinity  `curl --fail --silent --show-error --location --output repo.tar.gz 'https://codeload.github.com/bipthelin/gen_leader_revival/tar.gz/merge_open_nodes'  2>&1`
$ cd '/home/pete/wefwefwef/docs/erldocs_other.git'
$ cd '/home/pete/wefwefwef/docs/other/0aa3c9868fe714f9a5b725c1c87c1f71ae33b6f0/gen_leader_revival-branch-merge_open_nodes/gen_leader_revival-merge_open_nodes'
$ 5000  `find -P . -type l -delete  2>&1`
$ cd '/home/pete/wefwefwef/docs/erldocs_other.git'
$ 5000  `mv '/home/pete/wefwefwef/docs/other/0aa3c9868fe714f9a5b725c1c87c1f71ae33b6f0/gen_leader_revival-branch-merge_open_nodes/gen_leader_revival-merge_open_nodes' '/home/pete/wefwefwef/docs/other/0aa3c9868fe714f9a5b725c1c87c1f71ae33b6f0/gen_leader_revival-branch-merge_open_nodes/gen_leader_revival'  2>&1`
 :: Getting dependencies
 :: Generating erldocs into /home/pete/wefwefwef/docs/other/0aa3c9868fe714f9a5b725c1c87c1f71ae33b6f0/repo/merge_open_nodes
Building gen_leader_revival
Generating XML for application gen_leader_revival "/home/pete/wefwefwef/docs/other/0aa3c9868fe714f9a5b725c1c87c1f71ae33b6f0/gen_leader_revival-branch-merge_open_nodes/gen_leader_revival" -> "/home/pete/wefwefwef/docs/other/0aa3c9868fe714f9a5b725c1c87c1f71ae33b6f0/repo/merge_open_nodes/.xml/gen_leader_revival"
/home/pete/wefwefwef/docs/other/0aa3c9868fe714f9a5b725c1c87c1f71ae33b6f0/gen_leader_revival-branch-merge_open_nodes/gen_leader_revival/powerset_version/gen_leader.erl, in module header: at line 49: warning: redefining built-in type 'node'.
Generated gen_leader_revival XMLs: ["/home/pete/wefwefwef/docs/other/0aa3c9868fe714f9a5b725c1c87c1f71ae33b6f0/repo/merge_open_nodes/.xml/gen_leader_revival/gen_leader.xml"]
Generating HTML - gen_leader "/home/pete/wefwefwef/docs/other/0aa3c9868fe714f9a5b725c1c87c1f71ae33b6f0/repo/merge_open_nodes/.xml/gen_leader_revival/gen_leader.xml"
Reading XML for "/home/pete/wefwefwef/docs/other/0aa3c9868fe714f9a5b725c1c87c1f71ae33b6f0/repo/merge_open_nodes/.xml/gen_leader_revival/gen_leader.xml"
Creating index.html ...
Creating erldocs_index.js ...
Woot, finished in 0 Minutes 0 Seconds
 :: Discovering other repos
$ 5000  `rm -r '/home/pete/wefwefwef/docs/other/0aa3c9868fe714f9a5b725c1c87c1f71ae33b6f0/gen_leader_revival-branch-merge_open_nodes'  2>&1`
 :: Processing https://github.com/bipthelin/gen_leader_revival	{rev,branch,"master","dfc8cb1155fd3487609e8065f31c87ff88056c34",undefined,[],[]}
 :: Fetching repo code
$ cd '/home/pete/wefwefwef/docs/other/0aa3c9868fe714f9a5b725c1c87c1f71ae33b6f0/gen_leader_revival-branch-master'
$ infinity  `curl --fail --silent --show-error --location --output repo.tar.gz 'https://codeload.github.com/bipthelin/gen_leader_revival/tar.gz/master'  2>&1`
$ cd '/home/pete/wefwefwef/docs/erldocs_other.git'
$ cd '/home/pete/wefwefwef/docs/other/0aa3c9868fe714f9a5b725c1c87c1f71ae33b6f0/gen_leader_revival-branch-master/gen_leader_revival-master'
$ 5000  `find -P . -type l -delete  2>&1`
$ cd '/home/pete/wefwefwef/docs/erldocs_other.git'
$ 5000  `mv '/home/pete/wefwefwef/docs/other/0aa3c9868fe714f9a5b725c1c87c1f71ae33b6f0/gen_leader_revival-branch-master/gen_leader_revival-master' '/home/pete/wefwefwef/docs/other/0aa3c9868fe714f9a5b725c1c87c1f71ae33b6f0/gen_leader_revival-branch-master/gen_leader_revival'  2>&1`
 :: Getting dependencies
$ cd '/home/pete/wefwefwef/docs/other/0aa3c9868fe714f9a5b725c1c87c1f71ae33b6f0/gen_leader_revival-branch-master/gen_leader_revival'
$ 5000  `ls -1 deps/  2>&1`
$ cd '/home/pete/wefwefwef/docs/erldocs_other.git'
>>> [rebar] deps = []
 :: Generating erldocs into /home/pete/wefwefwef/docs/other/0aa3c9868fe714f9a5b725c1c87c1f71ae33b6f0/repo/master
Building gen_leader_revival
Generating Type Specs - "/home/pete/wefwefwef/docs/other/0aa3c9868fe714f9a5b725c1c87c1f71ae33b6f0/gen_leader_revival-branch-master/gen_leader_revival/src/gen_leader.erl"
Generating XML for application gen_leader_revival "/home/pete/wefwefwef/docs/other/0aa3c9868fe714f9a5b725c1c87c1f71ae33b6f0/gen_leader_revival-branch-master/gen_leader_revival" -> "/home/pete/wefwefwef/docs/other/0aa3c9868fe714f9a5b725c1c87c1f71ae33b6f0/repo/master/.xml/gen_leader_revival"
Generated gen_leader_revival XMLs: ["/home/pete/wefwefwef/docs/other/0aa3c9868fe714f9a5b725c1c87c1f71ae33b6f0/repo/master/.xml/gen_leader_revival/gen_leader.xml"]
Generating HTML - gen_leader "/home/pete/wefwefwef/docs/other/0aa3c9868fe714f9a5b725c1c87c1f71ae33b6f0/repo/master/.xml/gen_leader_revival/gen_leader.xml"
Reading XML for "/home/pete/wefwefwef/docs/other/0aa3c9868fe714f9a5b725c1c87c1f71ae33b6f0/repo/master/.xml/gen_leader_revival/gen_leader.xml"
Reading XML for "/home/pete/wefwefwef/docs/other/0aa3c9868fe714f9a5b725c1c87c1f71ae33b6f0/repo/master/.xml/specs_gen_leader.xml"
Creating index.html ...
Creating erldocs_index.js ...
Woot, finished in 0 Minutes 0 Seconds
 :: Discovering other repos
$ 5000  `rm -r '/home/pete/wefwefwef/docs/other/0aa3c9868fe714f9a5b725c1c87c1f71ae33b6f0/gen_leader_revival-branch-master'  2>&1`
 :: Finishing up
$ 5000  `rm -r '/home/pete/wefwefwef/docs/other/0aa3c9868fe714f9a5b725c1c87c1f71ae33b6f0/gen_leader_revival'  2>&1`
