 :: Extracting meta information
$ infinity  `git ls-remote --heads --tags 'https://github.com/lfe/lfetool'  2>&1`
>>> [repo] 5 branches, 35 tags
 :: Writing meta to "/home/pete/wefwefwef/docs/other/70fceb12a1abfcef17de3d9bd1fe6693d302ff30/meta.txt"
 :: Skipping tag "0.0.1"
 :: Skipping tag "0.0.2"
 :: Skipping tag "0.0.3"
 :: Skipping tag "0.0.4"
 :: Skipping tag "0.0.5"
 :: Skipping tag "0.0.6"
 :: Skipping tag "0.0.7"
 :: Skipping tag "0.0.8"
 :: Skipping tag "0.0.9"
 :: Skipping tag "0.1.0"
 :: Skipping tag "0.1.1"
 :: Skipping tag "0.1.2"
 :: Skipping tag "0.2.0"
 :: Skipping tag "0.2.1"
 :: Skipping tag "0.2.2"
 :: Skipping tag "0.2.3"
 :: Skipping tag "0.2.4"
 :: Skipping tag "0.2.5"
 :: Skipping tag "0.2.6"
 :: Skipping tag "0.2.7"
 :: Skipping tag "0.2.8"
 :: Skipping tag "0.2.9"
 :: Skipping tag "0.3.0"
 :: Skipping tag "0.3.1"
 :: Skipping tag "0.3.2"
 :: Skipping tag "0.3.3"
 :: Skipping tag "0.3.4"
 :: Skipping tag "0.3.5"
 :: Skipping tag "1.0.0"
 :: Skipping tag "1.1.0"
 :: Skipping tag "1.2.0"
 :: Skipping tag "1.3.0"
 :: Skipping tag "1.3.1"
 :: Skipping tag "1.3.2"
 :: Skipping tag "1.4.0"
 :: Skipping branch "dev-v2"
 :: Skipping branch "master"
 :: Skipping branch "stable"
 :: Processing https://github.com/lfe/lfetool	{rev,branch,"dev-v3","8fc0b754d1f9c1686160e4d06e4f32659ec7c57f",undefined,[],[]}
 :: Fetching repo code
$ cd '/home/pete/wefwefwef/docs/other/70fceb12a1abfcef17de3d9bd1fe6693d302ff30/lfetool-branch-dev-v3'
$ infinity  `curl --fail --silent --show-error --location --output repo.tar.gz 'https://codeload.github.com/lfe/lfetool/legacy.tar.gz/dev-v3'  2>&1`
$ cd '/home/pete/wefwefwef/docs/erldocs_other.git'
$ cd '/home/pete/wefwefwef/docs/other/70fceb12a1abfcef17de3d9bd1fe6693d302ff30/lfetool-branch-dev-v3/lfe-lfetool-8fc0b75'
$ 5000  `find -P . -type l -delete  2>&1`
$ cd '/home/pete/wefwefwef/docs/erldocs_other.git'
$ 5000  `mv '/home/pete/wefwefwef/docs/other/70fceb12a1abfcef17de3d9bd1fe6693d302ff30/lfetool-branch-dev-v3/lfe-lfetool-8fc0b75' '/home/pete/wefwefwef/docs/other/70fceb12a1abfcef17de3d9bd1fe6693d302ff30/lfetool-branch-dev-v3/lfetool'  2>&1`
 :: Getting dependencies
$ cd '/home/pete/wefwefwef/docs/other/70fceb12a1abfcef17de3d9bd1fe6693d302ff30/lfetool-branch-dev-v3/lfetool'
$ 5000  `ls -1 deps/  2>&1`
$ cd '/home/pete/wefwefwef/docs/erldocs_other.git'
>>> [rebar] deps = []
 :: Generating erldocs into /home/pete/wefwefwef/docs/other/70fceb12a1abfcef17de3d9bd1fe6693d302ff30/repo/dev-v3
Building lfetool
Generating XML for application lfetool "/home/pete/wefwefwef/docs/other/70fceb12a1abfcef17de3d9bd1fe6693d302ff30/lfetool-branch-dev-v3/lfetool" -> "/home/pete/wefwefwef/docs/other/70fceb12a1abfcef17de3d9bd1fe6693d302ff30/repo/dev-v3/.xml/lfetool"
Generated lfetool XMLs: []
No documentation was generated!
Woot, finished in 0 Minutes 0 Seconds
 :: Discovering other repos
$ 5000  `rm -r '/home/pete/wefwefwef/docs/other/70fceb12a1abfcef17de3d9bd1fe6693d302ff30/lfetool-branch-dev-v3'  2>&1`
 :: Processing https://github.com/lfe/lfetool	{rev,branch,"dev-v1","2d88eb57b45b606631ceba01889a55f593a70eee",undefined,[],[]}
 :: Fetching repo code
$ cd '/home/pete/wefwefwef/docs/other/70fceb12a1abfcef17de3d9bd1fe6693d302ff30/lfetool-branch-dev-v1'
$ infinity  `curl --fail --silent --show-error --location --output repo.tar.gz 'https://codeload.github.com/lfe/lfetool/legacy.tar.gz/dev-v1'  2>&1`
$ cd '/home/pete/wefwefwef/docs/erldocs_other.git'
$ cd '/home/pete/wefwefwef/docs/other/70fceb12a1abfcef17de3d9bd1fe6693d302ff30/lfetool-branch-dev-v1/lfe-lfetool-2d88eb5'
$ 5000  `find -P . -type l -delete  2>&1`
$ cd '/home/pete/wefwefwef/docs/erldocs_other.git'
$ 5000  `mv '/home/pete/wefwefwef/docs/other/70fceb12a1abfcef17de3d9bd1fe6693d302ff30/lfetool-branch-dev-v1/lfe-lfetool-2d88eb5' '/home/pete/wefwefwef/docs/other/70fceb12a1abfcef17de3d9bd1fe6693d302ff30/lfetool-branch-dev-v1/lfetool'  2>&1`
 :: Getting dependencies
 :: Generating erldocs into /home/pete/wefwefwef/docs/other/70fceb12a1abfcef17de3d9bd1fe6693d302ff30/repo/dev-v1
Building lfetool
Generating XML for application lfetool "/home/pete/wefwefwef/docs/other/70fceb12a1abfcef17de3d9bd1fe6693d302ff30/lfetool-branch-dev-v1/lfetool" -> "/home/pete/wefwefwef/docs/other/70fceb12a1abfcef17de3d9bd1fe6693d302ff30/repo/dev-v1/.xml/lfetool"
Generated lfetool XMLs: []
No documentation was generated!
Woot, finished in 0 Minutes 0 Seconds
 :: Discovering other repos
$ 5000  `rm -r '/home/pete/wefwefwef/docs/other/70fceb12a1abfcef17de3d9bd1fe6693d302ff30/lfetool-branch-dev-v1'  2>&1`
 :: Finishing up
$ 5000  `rm -r '/home/pete/wefwefwef/docs/other/70fceb12a1abfcef17de3d9bd1fe6693d302ff30/lfetool'  2>&1`
$ 5000  `rm -r '/home/pete/wefwefwef/docs/other/70fceb12a1abfcef17de3d9bd1fe6693d302ff30/repo/dev-v1'  2>&1`
$ 5000  `rm -r '/home/pete/wefwefwef/docs/other/70fceb12a1abfcef17de3d9bd1fe6693d302ff30/repo/dev-v3'  2>&1`
