 :: Extracting meta information
$ 5000  `git ls-remote --heads --tags 'https://github.com/yzh44yzh/erma'  2>&1`
>>> [repo] 2 branches, 4 tags
 :: Writing meta to "/home/pete/wefwefwef/docs/other/482387103/meta.txt"
 :: Processing https://github.com/yzh44yzh/erma	{rev,tag,"v0.1","9ade59276d31f1425810b36db1ea71f5c4e34031",undefined,[],[]}
 :: Fetching repo code
$ cd "/home/pete/wefwefwef/docs/other/482387103/erma-tag-v0.1/erma"
$ infinity  `curl --fail --silent --show-error --location --output 'v0.1.zip' 'https://github.com/yzh44yzh/erma/archive/v0.1.zip'  2>&1`
$ cd "/home/pete/wefwefwef/docs/erldocs_other.git"
$ cd "/home/pete/wefwefwef/docs/other/482387103/erma-tag-v0.1/erma"
$ 5000  `find -P . -type l -delete  2>&1`
$ cd "/home/pete/wefwefwef/docs/erldocs_other.git"
$ cd "/home/pete/wefwefwef/docs/other/482387103/erma-tag-v0.1/erma"
$ 5000  `find 'erma-0.1' -mindepth 1 -maxdepth 1 -exec mv -t . -- {} +  2>&1`
$ cd "/home/pete/wefwefwef/docs/erldocs_other.git"
 :: Getting dependencies
$ cd "/home/pete/wefwefwef/docs/other/482387103/erma-tag-v0.1/erma"
$ 5000  `ls -1 deps/  2>&1`
$ cd "/home/pete/wefwefwef/docs/erldocs_other.git"
>>> [rebar] deps = []
 :: Generating erldocs into /home/pete/wefwefwef/docs/other/482387103/repo/v0.1
Building erma
Generating Type Specs - "/home/pete/wefwefwef/docs/other/482387103/erma-tag-v0.1/erma/src/erma.erl"
Generating Type Specs - "/home/pete/wefwefwef/docs/other/482387103/erma-tag-v0.1/erma/src/erma_utils.erl"
Generating XML for application erma "/home/pete/wefwefwef/docs/other/482387103/erma-tag-v0.1/erma" -> "/home/pete/wefwefwef/docs/other/482387103/repo/v0.1/.xml/erma"
Generated erma XMLs: ["/home/pete/wefwefwef/docs/other/482387103/repo/v0.1/.xml/erma/erma_utils.xml",
                      "/home/pete/wefwefwef/docs/other/482387103/repo/v0.1/.xml/erma/erma.xml"]
Generating HTML - erma "/home/pete/wefwefwef/docs/other/482387103/repo/v0.1/.xml/erma/erma.xml"
Reading XML for "/home/pete/wefwefwef/docs/other/482387103/repo/v0.1/.xml/erma/erma.xml"
Reading XML for "/home/pete/wefwefwef/docs/other/482387103/repo/v0.1/.xml/specs_erma.xml"
Generating HTML - erma_utils "/home/pete/wefwefwef/docs/other/482387103/repo/v0.1/.xml/erma/erma_utils.xml"
Reading XML for "/home/pete/wefwefwef/docs/other/482387103/repo/v0.1/.xml/erma/erma_utils.xml"
Reading XML for "/home/pete/wefwefwef/docs/other/482387103/repo/v0.1/.xml/specs_erma_utils.xml"
Creating index.html ...
Creating erldocs_index.js ...
Woot, finished in 0 Minutes 0 Seconds
 :: Discovering other repos
$ 5000  `rm -r '/home/pete/wefwefwef/docs/other/482387103/erma-tag-v0.1'  2>&1`
 :: Processing https://github.com/yzh44yzh/erma	{rev,tag,"v0.2","f1b6767f4839b0036482b3e1b4d1cd2328eea6d5",undefined,[],[]}
 :: Fetching repo code
$ cd "/home/pete/wefwefwef/docs/other/482387103/erma-tag-v0.2/erma"
$ infinity  `curl --fail --silent --show-error --location --output 'v0.2.zip' 'https://github.com/yzh44yzh/erma/archive/v0.2.zip'  2>&1`
$ cd "/home/pete/wefwefwef/docs/erldocs_other.git"
$ cd "/home/pete/wefwefwef/docs/other/482387103/erma-tag-v0.2/erma"
$ 5000  `find -P . -type l -delete  2>&1`
$ cd "/home/pete/wefwefwef/docs/erldocs_other.git"
$ cd "/home/pete/wefwefwef/docs/other/482387103/erma-tag-v0.2/erma"
$ 5000  `find 'erma-0.2' -mindepth 1 -maxdepth 1 -exec mv -t . -- {} +  2>&1`
$ cd "/home/pete/wefwefwef/docs/erldocs_other.git"
 :: Getting dependencies
$ cd "/home/pete/wefwefwef/docs/other/482387103/erma-tag-v0.2/erma"
$ 5000  `ls -1 deps/  2>&1`
$ cd "/home/pete/wefwefwef/docs/erldocs_other.git"
>>> [rebar] deps = []
 :: Generating erldocs into /home/pete/wefwefwef/docs/other/482387103/repo/v0.2
Building erma
Generating Type Specs - "/home/pete/wefwefwef/docs/other/482387103/erma-tag-v0.2/erma/src/erma.erl"
Generating Type Specs - "/home/pete/wefwefwef/docs/other/482387103/erma-tag-v0.2/erma/src/erma_utils.erl"
Generating XML for application erma "/home/pete/wefwefwef/docs/other/482387103/erma-tag-v0.2/erma" -> "/home/pete/wefwefwef/docs/other/482387103/repo/v0.2/.xml/erma"
Generated erma XMLs: ["/home/pete/wefwefwef/docs/other/482387103/repo/v0.2/.xml/erma/erma_utils.xml",
                      "/home/pete/wefwefwef/docs/other/482387103/repo/v0.2/.xml/erma/erma.xml"]
Generating HTML - erma "/home/pete/wefwefwef/docs/other/482387103/repo/v0.2/.xml/erma/erma.xml"
Reading XML for "/home/pete/wefwefwef/docs/other/482387103/repo/v0.2/.xml/erma/erma.xml"
Reading XML for "/home/pete/wefwefwef/docs/other/482387103/repo/v0.2/.xml/specs_erma.xml"
Generating HTML - erma_utils "/home/pete/wefwefwef/docs/other/482387103/repo/v0.2/.xml/erma/erma_utils.xml"
Reading XML for "/home/pete/wefwefwef/docs/other/482387103/repo/v0.2/.xml/erma/erma_utils.xml"
Reading XML for "/home/pete/wefwefwef/docs/other/482387103/repo/v0.2/.xml/specs_erma_utils.xml"
Creating index.html ...
Creating erldocs_index.js ...
Woot, finished in 0 Minutes 0 Seconds
 :: Discovering other repos
$ 5000  `rm -r '/home/pete/wefwefwef/docs/other/482387103/erma-tag-v0.2'  2>&1`
 :: Processing https://github.com/yzh44yzh/erma	{rev,tag,"v0.3","095339c0f429e6649204451f0156436e70e51687",undefined,[],[]}
 :: Fetching repo code
$ cd "/home/pete/wefwefwef/docs/other/482387103/erma-tag-v0.3/erma"
$ infinity  `curl --fail --silent --show-error --location --output 'v0.3.zip' 'https://github.com/yzh44yzh/erma/archive/v0.3.zip'  2>&1`
$ cd "/home/pete/wefwefwef/docs/erldocs_other.git"
$ cd "/home/pete/wefwefwef/docs/other/482387103/erma-tag-v0.3/erma"
$ 5000  `find -P . -type l -delete  2>&1`
$ cd "/home/pete/wefwefwef/docs/erldocs_other.git"
$ cd "/home/pete/wefwefwef/docs/other/482387103/erma-tag-v0.3/erma"
$ 5000  `find 'erma-0.3' -mindepth 1 -maxdepth 1 -exec mv -t . -- {} +  2>&1`
$ cd "/home/pete/wefwefwef/docs/erldocs_other.git"
 :: Getting dependencies
$ cd "/home/pete/wefwefwef/docs/other/482387103/erma-tag-v0.3/erma"
$ 5000  `ls -1 deps/  2>&1`
$ cd "/home/pete/wefwefwef/docs/erldocs_other.git"
>>> [rebar] deps = []
 :: Generating erldocs into /home/pete/wefwefwef/docs/other/482387103/repo/v0.3
Building erma
Generating Type Specs - "/home/pete/wefwefwef/docs/other/482387103/erma-tag-v0.3/erma/src/erma.erl"
Generating Type Specs - "/home/pete/wefwefwef/docs/other/482387103/erma-tag-v0.3/erma/src/erma_utils.erl"
Generating XML for application erma "/home/pete/wefwefwef/docs/other/482387103/erma-tag-v0.3/erma" -> "/home/pete/wefwefwef/docs/other/482387103/repo/v0.3/.xml/erma"
Generated erma XMLs: ["/home/pete/wefwefwef/docs/other/482387103/repo/v0.3/.xml/erma/erma_utils.xml",
                      "/home/pete/wefwefwef/docs/other/482387103/repo/v0.3/.xml/erma/erma.xml"]
Generating HTML - erma "/home/pete/wefwefwef/docs/other/482387103/repo/v0.3/.xml/erma/erma.xml"
Reading XML for "/home/pete/wefwefwef/docs/other/482387103/repo/v0.3/.xml/erma/erma.xml"
Reading XML for "/home/pete/wefwefwef/docs/other/482387103/repo/v0.3/.xml/specs_erma.xml"
Generating HTML - erma_utils "/home/pete/wefwefwef/docs/other/482387103/repo/v0.3/.xml/erma/erma_utils.xml"
Reading XML for "/home/pete/wefwefwef/docs/other/482387103/repo/v0.3/.xml/erma/erma_utils.xml"
Reading XML for "/home/pete/wefwefwef/docs/other/482387103/repo/v0.3/.xml/specs_erma_utils.xml"
Creating index.html ...
Creating erldocs_index.js ...
Woot, finished in 0 Minutes 0 Seconds
 :: Discovering other repos
$ 5000  `rm -r '/home/pete/wefwefwef/docs/other/482387103/erma-tag-v0.3'  2>&1`
 :: Processing https://github.com/yzh44yzh/erma	{rev,tag,"v0.4","611f8bae90469afc4c6079eb2e5965f3c1b8397b",undefined,[],[]}
 :: Fetching repo code
$ cd "/home/pete/wefwefwef/docs/other/482387103/erma-tag-v0.4/erma"
$ infinity  `curl --fail --silent --show-error --location --output 'v0.4.zip' 'https://github.com/yzh44yzh/erma/archive/v0.4.zip'  2>&1`
$ cd "/home/pete/wefwefwef/docs/erldocs_other.git"
$ cd "/home/pete/wefwefwef/docs/other/482387103/erma-tag-v0.4/erma"
$ 5000  `find -P . -type l -delete  2>&1`
$ cd "/home/pete/wefwefwef/docs/erldocs_other.git"
$ cd "/home/pete/wefwefwef/docs/other/482387103/erma-tag-v0.4/erma"
$ 5000  `find 'erma-0.4' -mindepth 1 -maxdepth 1 -exec mv -t . -- {} +  2>&1`
$ cd "/home/pete/wefwefwef/docs/erldocs_other.git"
 :: Getting dependencies
$ cd "/home/pete/wefwefwef/docs/other/482387103/erma-tag-v0.4/erma"
$ 5000  `ls -1 deps/  2>&1`
$ cd "/home/pete/wefwefwef/docs/erldocs_other.git"
>>> [rebar] deps = []
 :: Generating erldocs into /home/pete/wefwefwef/docs/other/482387103/repo/v0.4
Building erma
Generating Type Specs - "/home/pete/wefwefwef/docs/other/482387103/erma-tag-v0.4/erma/src/erma.erl"
Generating Type Specs - "/home/pete/wefwefwef/docs/other/482387103/erma-tag-v0.4/erma/src/erma_utils.erl"
Generating XML for application erma "/home/pete/wefwefwef/docs/other/482387103/erma-tag-v0.4/erma" -> "/home/pete/wefwefwef/docs/other/482387103/repo/v0.4/.xml/erma"
Generated erma XMLs: ["/home/pete/wefwefwef/docs/other/482387103/repo/v0.4/.xml/erma/erma_utils.xml",
                      "/home/pete/wefwefwef/docs/other/482387103/repo/v0.4/.xml/erma/erma.xml"]
Generating HTML - erma "/home/pete/wefwefwef/docs/other/482387103/repo/v0.4/.xml/erma/erma.xml"
Reading XML for "/home/pete/wefwefwef/docs/other/482387103/repo/v0.4/.xml/erma/erma.xml"
Reading XML for "/home/pete/wefwefwef/docs/other/482387103/repo/v0.4/.xml/specs_erma.xml"
Generating HTML - erma_utils "/home/pete/wefwefwef/docs/other/482387103/repo/v0.4/.xml/erma/erma_utils.xml"
Reading XML for "/home/pete/wefwefwef/docs/other/482387103/repo/v0.4/.xml/erma/erma_utils.xml"
Reading XML for "/home/pete/wefwefwef/docs/other/482387103/repo/v0.4/.xml/specs_erma_utils.xml"
Creating index.html ...
Creating erldocs_index.js ...
Woot, finished in 0 Minutes 0 Seconds
 :: Discovering other repos
$ 5000  `rm -r '/home/pete/wefwefwef/docs/other/482387103/erma-tag-v0.4'  2>&1`
 :: Processing https://github.com/yzh44yzh/erma	{rev,branch,"master","00297323e63a5e4bd3c9b4e5ab491e3c652b9109",undefined,[],[]}
 :: Fetching repo code
$ cd "/home/pete/wefwefwef/docs/other/482387103/erma-branch-master/erma"
$ infinity  `curl --fail --silent --show-error --location --output 'master.zip' 'https://github.com/yzh44yzh/erma/archive/master.zip'  2>&1`
$ cd "/home/pete/wefwefwef/docs/erldocs_other.git"
$ cd "/home/pete/wefwefwef/docs/other/482387103/erma-branch-master/erma"
$ 5000  `find -P . -type l -delete  2>&1`
$ cd "/home/pete/wefwefwef/docs/erldocs_other.git"
$ cd "/home/pete/wefwefwef/docs/other/482387103/erma-branch-master/erma"
$ 5000  `find 'erma-master' -mindepth 1 -maxdepth 1 -exec mv -t . -- {} +  2>&1`
$ cd "/home/pete/wefwefwef/docs/erldocs_other.git"
 :: Getting dependencies
$ cd "/home/pete/wefwefwef/docs/other/482387103/erma-branch-master/erma"
$ 5000  `ls -1 deps/  2>&1`
$ cd "/home/pete/wefwefwef/docs/erldocs_other.git"
>>> [rebar] deps = []
 :: Generating erldocs into /home/pete/wefwefwef/docs/other/482387103/repo/master
Building erma
Generating Type Specs - "/home/pete/wefwefwef/docs/other/482387103/erma-branch-master/erma/src/erma.erl"
Generating Type Specs - "/home/pete/wefwefwef/docs/other/482387103/erma-branch-master/erma/src/erma_utils.erl"
Generating XML for application erma "/home/pete/wefwefwef/docs/other/482387103/erma-branch-master/erma" -> "/home/pete/wefwefwef/docs/other/482387103/repo/master/.xml/erma"
Generated erma XMLs: ["/home/pete/wefwefwef/docs/other/482387103/repo/master/.xml/erma/erma_utils.xml",
                      "/home/pete/wefwefwef/docs/other/482387103/repo/master/.xml/erma/erma.xml"]
Generating HTML - erma "/home/pete/wefwefwef/docs/other/482387103/repo/master/.xml/erma/erma.xml"
Reading XML for "/home/pete/wefwefwef/docs/other/482387103/repo/master/.xml/erma/erma.xml"
Reading XML for "/home/pete/wefwefwef/docs/other/482387103/repo/master/.xml/specs_erma.xml"
Generating HTML - erma_utils "/home/pete/wefwefwef/docs/other/482387103/repo/master/.xml/erma/erma_utils.xml"
Reading XML for "/home/pete/wefwefwef/docs/other/482387103/repo/master/.xml/erma/erma_utils.xml"
Reading XML for "/home/pete/wefwefwef/docs/other/482387103/repo/master/.xml/specs_erma_utils.xml"
Creating index.html ...
Creating erldocs_index.js ...
Woot, finished in 0 Minutes 0 Seconds
 :: Discovering other repos
$ 5000  `rm -r '/home/pete/wefwefwef/docs/other/482387103/erma-branch-master'  2>&1`
 :: Processing https://github.com/yzh44yzh/erma	{rev,branch,"refactor","611f8bae90469afc4c6079eb2e5965f3c1b8397b",undefined,[],[]}
 :: Fetching repo code
$ cd "/home/pete/wefwefwef/docs/other/482387103/erma-branch-refactor/erma"
$ infinity  `curl --fail --silent --show-error --location --output 'refactor.zip' 'https://github.com/yzh44yzh/erma/archive/refactor.zip'  2>&1`
$ cd "/home/pete/wefwefwef/docs/erldocs_other.git"
$ cd "/home/pete/wefwefwef/docs/other/482387103/erma-branch-refactor/erma"
$ 5000  `find -P . -type l -delete  2>&1`
$ cd "/home/pete/wefwefwef/docs/erldocs_other.git"
$ cd "/home/pete/wefwefwef/docs/other/482387103/erma-branch-refactor/erma"
$ 5000  `find 'erma-refactor' -mindepth 1 -maxdepth 1 -exec mv -t . -- {} +  2>&1`
$ cd "/home/pete/wefwefwef/docs/erldocs_other.git"
 :: Getting dependencies
$ cd "/home/pete/wefwefwef/docs/other/482387103/erma-branch-refactor/erma"
$ 5000  `ls -1 deps/  2>&1`
$ cd "/home/pete/wefwefwef/docs/erldocs_other.git"
>>> [rebar] deps = []
 :: Generating erldocs into /home/pete/wefwefwef/docs/other/482387103/repo/refactor
Building erma
Generating Type Specs - "/home/pete/wefwefwef/docs/other/482387103/erma-branch-refactor/erma/src/erma.erl"
Generating Type Specs - "/home/pete/wefwefwef/docs/other/482387103/erma-branch-refactor/erma/src/erma_utils.erl"
Generating XML for application erma "/home/pete/wefwefwef/docs/other/482387103/erma-branch-refactor/erma" -> "/home/pete/wefwefwef/docs/other/482387103/repo/refactor/.xml/erma"
Generated erma XMLs: ["/home/pete/wefwefwef/docs/other/482387103/repo/refactor/.xml/erma/erma_utils.xml",
                      "/home/pete/wefwefwef/docs/other/482387103/repo/refactor/.xml/erma/erma.xml"]
Generating HTML - erma "/home/pete/wefwefwef/docs/other/482387103/repo/refactor/.xml/erma/erma.xml"
Reading XML for "/home/pete/wefwefwef/docs/other/482387103/repo/refactor/.xml/erma/erma.xml"
Reading XML for "/home/pete/wefwefwef/docs/other/482387103/repo/refactor/.xml/specs_erma.xml"
Generating HTML - erma_utils "/home/pete/wefwefwef/docs/other/482387103/repo/refactor/.xml/erma/erma_utils.xml"
Reading XML for "/home/pete/wefwefwef/docs/other/482387103/repo/refactor/.xml/erma/erma_utils.xml"
Reading XML for "/home/pete/wefwefwef/docs/other/482387103/repo/refactor/.xml/specs_erma_utils.xml"
Creating index.html ...
Creating erldocs_index.js ...
Woot, finished in 0 Minutes 0 Seconds
 :: Discovering other repos
$ 5000  `rm -r '/home/pete/wefwefwef/docs/other/482387103/erma-branch-refactor'  2>&1`
 :: Finishing up
$ 5000  `rm -r '/home/pete/wefwefwef/docs/other/482387103/erma'  2>&1`
