 :: Extracting meta information
$ 5000  `git ls-remote --heads --tags 'https://github.com/zotonic/gen_smtp'  2>&1`
>>> [repo] 9 branches, 0 tags
 :: Writing meta to "/home/pete/wefwefwef/docs/other/6222650387/meta.txt"
 :: Processing https://github.com/zotonic/gen_smtp	{rev,branch,"HELO-fallback","0b709ce5107af5cbf6c335175d33a28bda034572",undefined,[],[]}
 :: Fetching repo code
$ cd "/home/pete/wefwefwef/docs/other/6222650387/gen_smtp-branch-HELO-fallback/gen_smtp"
$ infinity  `curl --fail --silent --show-error --location --output 'HELO-fallback.zip' 'https://github.com/zotonic/gen_smtp/archive/HELO-fallback.zip'  2>&1`
$ cd "/home/pete/wefwefwef/docs/erldocs_other.git"
$ cd "/home/pete/wefwefwef/docs/other/6222650387/gen_smtp-branch-HELO-fallback/gen_smtp"
$ 5000  `find -P . -type l -delete  2>&1`
$ cd "/home/pete/wefwefwef/docs/erldocs_other.git"
$ cd "/home/pete/wefwefwef/docs/other/6222650387/gen_smtp-branch-HELO-fallback/gen_smtp"
$ 5000  `find 'gen_smtp-HELO-fallback' -mindepth 1 -maxdepth 1 -exec mv -t . -- {} +  2>&1`
$ cd "/home/pete/wefwefwef/docs/erldocs_other.git"
 :: Getting dependencies
$ cd "/home/pete/wefwefwef/docs/other/6222650387/gen_smtp-branch-HELO-fallback/gen_smtp"
$ 5000  `ls -1 deps/  2>&1`
$ cd "/home/pete/wefwefwef/docs/erldocs_other.git"
>>> [rebar] deps = []
 :: Generating erldocs into /home/pete/wefwefwef/docs/other/6222650387/repo/HELO-fallback
Building gen_smtp
Generating Type Specs - "/home/pete/wefwefwef/docs/other/6222650387/gen_smtp-branch-HELO-fallback/gen_smtp/src/binstr.erl"
Generating Type Specs - "/home/pete/wefwefwef/docs/other/6222650387/gen_smtp-branch-HELO-fallback/gen_smtp/src/gen_smtp_client.erl"
Generating Type Specs - "/home/pete/wefwefwef/docs/other/6222650387/gen_smtp-branch-HELO-fallback/gen_smtp/src/gen_smtp_server.erl"
Generating Type Specs - "/home/pete/wefwefwef/docs/other/6222650387/gen_smtp-branch-HELO-fallback/gen_smtp/src/gen_smtp_server_session.erl"
Generating Type Specs - "/home/pete/wefwefwef/docs/other/6222650387/gen_smtp-branch-HELO-fallback/gen_smtp/src/mimemail.erl"
Generating Type Specs - "/home/pete/wefwefwef/docs/other/6222650387/gen_smtp-branch-HELO-fallback/gen_smtp/src/smtp_server_example.erl"
Generating Type Specs - "/home/pete/wefwefwef/docs/other/6222650387/gen_smtp-branch-HELO-fallback/gen_smtp/src/smtp_util.erl"
Generating Type Specs - "/home/pete/wefwefwef/docs/other/6222650387/gen_smtp-branch-HELO-fallback/gen_smtp/src/socket.erl"
Generating XML for application gen_smtp "/home/pete/wefwefwef/docs/other/6222650387/gen_smtp-branch-HELO-fallback/gen_smtp" -> "/home/pete/wefwefwef/docs/other/6222650387/repo/HELO-fallback/.xml/gen_smtp"
Generated gen_smtp XMLs: ["/home/pete/wefwefwef/docs/other/6222650387/repo/HELO-fallback/.xml/gen_smtp/binstr.xml",
                          "/home/pete/wefwefwef/docs/other/6222650387/repo/HELO-fallback/.xml/gen_smtp/smtp_util.xml",
                          "/home/pete/wefwefwef/docs/other/6222650387/repo/HELO-fallback/.xml/gen_smtp/gen_smtp_client.xml",
                          "/home/pete/wefwefwef/docs/other/6222650387/repo/HELO-fallback/.xml/gen_smtp/socket.xml",
                          "/home/pete/wefwefwef/docs/other/6222650387/repo/HELO-fallback/.xml/gen_smtp/mimemail.xml",
                          "/home/pete/wefwefwef/docs/other/6222650387/repo/HELO-fallback/.xml/gen_smtp/smtp_server_example.xml",
                          "/home/pete/wefwefwef/docs/other/6222650387/repo/HELO-fallback/.xml/gen_smtp/gen_smtp_server_session.xml",
                          "/home/pete/wefwefwef/docs/other/6222650387/repo/HELO-fallback/.xml/gen_smtp/gen_smtp_server.xml"]
Generating HTML - smtp_server_example "/home/pete/wefwefwef/docs/other/6222650387/repo/HELO-fallback/.xml/gen_smtp/smtp_server_example.xml"
Generating HTML - smtp_util "/home/pete/wefwefwef/docs/other/6222650387/repo/HELO-fallback/.xml/gen_smtp/smtp_util.xml"
Generating HTML - socket "/home/pete/wefwefwef/docs/other/6222650387/repo/HELO-fallback/.xml/gen_smtp/socket.xml"
Generating HTML - gen_smtp_server "/home/pete/wefwefwef/docs/other/6222650387/repo/HELO-fallback/.xml/gen_smtp/gen_smtp_server.xml"
Reading XML for "/home/pete/wefwefwef/docs/other/6222650387/repo/HELO-fallback/.xml/gen_smtp/smtp_server_example.xml"
Reading XML for "/home/pete/wefwefwef/docs/other/6222650387/repo/HELO-fallback/.xml/gen_smtp/smtp_util.xml"
Reading XML for "/home/pete/wefwefwef/docs/other/6222650387/repo/HELO-fallback/.xml/gen_smtp/socket.xml"
Reading XML for "/home/pete/wefwefwef/docs/other/6222650387/repo/HELO-fallback/.xml/gen_smtp/gen_smtp_server.xml"
Reading XML for "/home/pete/wefwefwef/docs/other/6222650387/repo/HELO-fallback/.xml/specs_smtp_util.xml"
Reading XML for "/home/pete/wefwefwef/docs/other/6222650387/repo/HELO-fallback/.xml/specs_smtp_server_example.xml"
Generating HTML - binstr "/home/pete/wefwefwef/docs/other/6222650387/repo/HELO-fallback/.xml/gen_smtp/binstr.xml"
Reading XML for "/home/pete/wefwefwef/docs/other/6222650387/repo/HELO-fallback/.xml/specs_socket.xml"
Reading XML for "/home/pete/wefwefwef/docs/other/6222650387/repo/HELO-fallback/.xml/gen_smtp/binstr.xml"
Reading XML for "/home/pete/wefwefwef/docs/other/6222650387/repo/HELO-fallback/.xml/specs_gen_smtp_server.xml"
Generating HTML - mimemail "/home/pete/wefwefwef/docs/other/6222650387/repo/HELO-fallback/.xml/gen_smtp/mimemail.xml"
Reading XML for "/home/pete/wefwefwef/docs/other/6222650387/repo/HELO-fallback/.xml/gen_smtp/mimemail.xml"
Generating HTML - gen_smtp_server_session "/home/pete/wefwefwef/docs/other/6222650387/repo/HELO-fallback/.xml/gen_smtp/gen_smtp_server_session.xml"
Reading XML for "/home/pete/wefwefwef/docs/other/6222650387/repo/HELO-fallback/.xml/gen_smtp/gen_smtp_server_session.xml"
Generating HTML - gen_smtp_client "/home/pete/wefwefwef/docs/other/6222650387/repo/HELO-fallback/.xml/gen_smtp/gen_smtp_client.xml"
Reading XML for "/home/pete/wefwefwef/docs/other/6222650387/repo/HELO-fallback/.xml/gen_smtp/gen_smtp_client.xml"
Reading XML for "/home/pete/wefwefwef/docs/other/6222650387/repo/HELO-fallback/.xml/specs_binstr.xml"
Reading XML for "/home/pete/wefwefwef/docs/other/6222650387/repo/HELO-fallback/.xml/specs_mimemail.xml"
Reading XML for "/home/pete/wefwefwef/docs/other/6222650387/repo/HELO-fallback/.xml/specs_gen_smtp_server_session.xml"
Reading XML for "/home/pete/wefwefwef/docs/other/6222650387/repo/HELO-fallback/.xml/specs_gen_smtp_client.xml"
Creating index.html ...
Creating erldocs_index.js ...
Woot, finished in 0 Minutes 2 Seconds
 :: Discovering other repos
$ 5000  `rm -r '/home/pete/wefwefwef/docs/other/6222650387/gen_smtp-branch-HELO-fallback'  2>&1`
 :: Processing https://github.com/zotonic/gen_smtp	{rev,branch,"content-type-escaping","816af03ec05ff257214f7e95de77d433565d8504",undefined,[],[]}
 :: Fetching repo code
$ cd "/home/pete/wefwefwef/docs/other/6222650387/gen_smtp-branch-content-type-escaping/gen_smtp"
$ infinity  `curl --fail --silent --show-error --location --output 'content-type-escaping.zip' 'https://github.com/zotonic/gen_smtp/archive/content-type-escaping.zip'  2>&1`
$ cd "/home/pete/wefwefwef/docs/erldocs_other.git"
$ cd "/home/pete/wefwefwef/docs/other/6222650387/gen_smtp-branch-content-type-escaping/gen_smtp"
$ 5000  `find -P . -type l -delete  2>&1`
$ cd "/home/pete/wefwefwef/docs/erldocs_other.git"
$ cd "/home/pete/wefwefwef/docs/other/6222650387/gen_smtp-branch-content-type-escaping/gen_smtp"
$ 5000  `find 'gen_smtp-content-type-escaping' -mindepth 1 -maxdepth 1 -exec mv -t . -- {} +  2>&1`
$ cd "/home/pete/wefwefwef/docs/erldocs_other.git"
 :: Getting dependencies
$ cd "/home/pete/wefwefwef/docs/other/6222650387/gen_smtp-branch-content-type-escaping/gen_smtp"
$ 5000  `ls -1 deps/  2>&1`
$ cd "/home/pete/wefwefwef/docs/erldocs_other.git"
>>> [rebar] deps = []
 :: Generating erldocs into /home/pete/wefwefwef/docs/other/6222650387/repo/content-type-escaping
Building gen_smtp
Generating Type Specs - "/home/pete/wefwefwef/docs/other/6222650387/gen_smtp-branch-content-type-escaping/gen_smtp/src/binstr.erl"
Generating Type Specs - "/home/pete/wefwefwef/docs/other/6222650387/gen_smtp-branch-content-type-escaping/gen_smtp/src/gen_smtp_client.erl"
Generating Type Specs - "/home/pete/wefwefwef/docs/other/6222650387/gen_smtp-branch-content-type-escaping/gen_smtp/src/gen_smtp_server.erl"
Generating Type Specs - "/home/pete/wefwefwef/docs/other/6222650387/gen_smtp-branch-content-type-escaping/gen_smtp/src/gen_smtp_server_session.erl"
Generating Type Specs - "/home/pete/wefwefwef/docs/other/6222650387/gen_smtp-branch-content-type-escaping/gen_smtp/src/mimemail.erl"
Generating Type Specs - "/home/pete/wefwefwef/docs/other/6222650387/gen_smtp-branch-content-type-escaping/gen_smtp/src/smtp_server_example.erl"
Generating Type Specs - "/home/pete/wefwefwef/docs/other/6222650387/gen_smtp-branch-content-type-escaping/gen_smtp/src/smtp_util.erl"
Generating Type Specs - "/home/pete/wefwefwef/docs/other/6222650387/gen_smtp-branch-content-type-escaping/gen_smtp/src/socket.erl"
Generating XML for application gen_smtp "/home/pete/wefwefwef/docs/other/6222650387/gen_smtp-branch-content-type-escaping/gen_smtp" -> "/home/pete/wefwefwef/docs/other/6222650387/repo/content-type-escaping/.xml/gen_smtp"
Generated gen_smtp XMLs: ["/home/pete/wefwefwef/docs/other/6222650387/repo/content-type-escaping/.xml/gen_smtp/binstr.xml",
                          "/home/pete/wefwefwef/docs/other/6222650387/repo/content-type-escaping/.xml/gen_smtp/smtp_util.xml",
                          "/home/pete/wefwefwef/docs/other/6222650387/repo/content-type-escaping/.xml/gen_smtp/gen_smtp_client.xml",
                          "/home/pete/wefwefwef/docs/other/6222650387/repo/content-type-escaping/.xml/gen_smtp/socket.xml",
                          "/home/pete/wefwefwef/docs/other/6222650387/repo/content-type-escaping/.xml/gen_smtp/mimemail.xml",
                          "/home/pete/wefwefwef/docs/other/6222650387/repo/content-type-escaping/.xml/gen_smtp/smtp_server_example.xml",
                          "/home/pete/wefwefwef/docs/other/6222650387/repo/content-type-escaping/.xml/gen_smtp/gen_smtp_server_session.xml",
                          "/home/pete/wefwefwef/docs/other/6222650387/repo/content-type-escaping/.xml/gen_smtp/gen_smtp_server.xml"]
Generating HTML - smtp_server_example "/home/pete/wefwefwef/docs/other/6222650387/repo/content-type-escaping/.xml/gen_smtp/smtp_server_example.xml"
Generating HTML - smtp_util "/home/pete/wefwefwef/docs/other/6222650387/repo/content-type-escaping/.xml/gen_smtp/smtp_util.xml"
Generating HTML - socket "/home/pete/wefwefwef/docs/other/6222650387/repo/content-type-escaping/.xml/gen_smtp/socket.xml"
Generating HTML - gen_smtp_server "/home/pete/wefwefwef/docs/other/6222650387/repo/content-type-escaping/.xml/gen_smtp/gen_smtp_server.xml"
Reading XML for "/home/pete/wefwefwef/docs/other/6222650387/repo/content-type-escaping/.xml/gen_smtp/smtp_server_example.xml"
Reading XML for "/home/pete/wefwefwef/docs/other/6222650387/repo/content-type-escaping/.xml/gen_smtp/smtp_util.xml"
Reading XML for "/home/pete/wefwefwef/docs/other/6222650387/repo/content-type-escaping/.xml/gen_smtp/socket.xml"
Reading XML for "/home/pete/wefwefwef/docs/other/6222650387/repo/content-type-escaping/.xml/gen_smtp/gen_smtp_server.xml"
Reading XML for "/home/pete/wefwefwef/docs/other/6222650387/repo/content-type-escaping/.xml/specs_smtp_util.xml"
Reading XML for "/home/pete/wefwefwef/docs/other/6222650387/repo/content-type-escaping/.xml/specs_smtp_server_example.xml"
Generating HTML - binstr "/home/pete/wefwefwef/docs/other/6222650387/repo/content-type-escaping/.xml/gen_smtp/binstr.xml"
Reading XML for "/home/pete/wefwefwef/docs/other/6222650387/repo/content-type-escaping/.xml/gen_smtp/binstr.xml"
Reading XML for "/home/pete/wefwefwef/docs/other/6222650387/repo/content-type-escaping/.xml/specs_gen_smtp_server.xml"
Reading XML for "/home/pete/wefwefwef/docs/other/6222650387/repo/content-type-escaping/.xml/specs_socket.xml"
Generating HTML - mimemail "/home/pete/wefwefwef/docs/other/6222650387/repo/content-type-escaping/.xml/gen_smtp/mimemail.xml"
Reading XML for "/home/pete/wefwefwef/docs/other/6222650387/repo/content-type-escaping/.xml/gen_smtp/mimemail.xml"
Reading XML for "/home/pete/wefwefwef/docs/other/6222650387/repo/content-type-escaping/.xml/specs_binstr.xml"
Generating HTML - gen_smtp_client "/home/pete/wefwefwef/docs/other/6222650387/repo/content-type-escaping/.xml/gen_smtp/gen_smtp_client.xml"
Reading XML for "/home/pete/wefwefwef/docs/other/6222650387/repo/content-type-escaping/.xml/gen_smtp/gen_smtp_client.xml"
Generating HTML - gen_smtp_server_session "/home/pete/wefwefwef/docs/other/6222650387/repo/content-type-escaping/.xml/gen_smtp/gen_smtp_server_session.xml"
Reading XML for "/home/pete/wefwefwef/docs/other/6222650387/repo/content-type-escaping/.xml/gen_smtp/gen_smtp_server_session.xml"
Reading XML for "/home/pete/wefwefwef/docs/other/6222650387/repo/content-type-escaping/.xml/specs_mimemail.xml"
Reading XML for "/home/pete/wefwefwef/docs/other/6222650387/repo/content-type-escaping/.xml/specs_gen_smtp_client.xml"
Reading XML for "/home/pete/wefwefwef/docs/other/6222650387/repo/content-type-escaping/.xml/specs_gen_smtp_server_session.xml"
Creating index.html ...
Creating erldocs_index.js ...
Woot, finished in 0 Minutes 2 Seconds
 :: Discovering other repos
$ 5000  `rm -r '/home/pete/wefwefwef/docs/other/6222650387/gen_smtp-branch-content-type-escaping'  2>&1`
 :: Processing https://github.com/zotonic/gen_smtp	{rev,branch,"cowboy-protocol","69f73569493f81d4906e571109001b850eb20461",undefined,[],[]}
 :: Fetching repo code
$ cd "/home/pete/wefwefwef/docs/other/6222650387/gen_smtp-branch-cowboy-protocol/gen_smtp"
$ infinity  `curl --fail --silent --show-error --location --output 'cowboy-protocol.zip' 'https://github.com/zotonic/gen_smtp/archive/cowboy-protocol.zip'  2>&1`
$ cd "/home/pete/wefwefwef/docs/erldocs_other.git"
$ cd "/home/pete/wefwefwef/docs/other/6222650387/gen_smtp-branch-cowboy-protocol/gen_smtp"
$ 5000  `find -P . -type l -delete  2>&1`
$ cd "/home/pete/wefwefwef/docs/erldocs_other.git"
$ cd "/home/pete/wefwefwef/docs/other/6222650387/gen_smtp-branch-cowboy-protocol/gen_smtp"
$ 5000  `find 'gen_smtp-cowboy-protocol' -mindepth 1 -maxdepth 1 -exec mv -t . -- {} +  2>&1`
$ cd "/home/pete/wefwefwef/docs/erldocs_other.git"
 :: Getting dependencies
$ cd "/home/pete/wefwefwef/docs/other/6222650387/gen_smtp-branch-cowboy-protocol/gen_smtp"
$ infinity  `rebar --config '/home/pete/wefwefwef/docs/other/6222650387/gen_smtp-branch-cowboy-protocol/rebar_deps' get-deps  2>&1`
$ cd "/home/pete/wefwefwef/docs/erldocs_other.git"
$ cd "/home/pete/wefwefwef/docs/other/6222650387/gen_smtp-branch-cowboy-protocol/gen_smtp"
$ 5000  `find -P . -type l -delete  2>&1`
$ cd "/home/pete/wefwefwef/docs/erldocs_other.git"
$ cd "/home/pete/wefwefwef/docs/other/6222650387/gen_smtp-branch-cowboy-protocol/gen_smtp"
$ 5000  `ls -1 deps/  2>&1`
$ cd "/home/pete/wefwefwef/docs/erldocs_other.git"
>>> [rebar] deps = ["cowboy","iconv","proper"]
 :: Generating erldocs into /home/pete/wefwefwef/docs/other/6222650387/repo/cowboy-protocol
Building gen_smtp
Generating Type Specs - "/home/pete/wefwefwef/docs/other/6222650387/gen_smtp-branch-cowboy-protocol/gen_smtp/src/binstr.erl"
Generating Type Specs - "/home/pete/wefwefwef/docs/other/6222650387/gen_smtp-branch-cowboy-protocol/gen_smtp/src/gen_smtp_client.erl"
Generating Type Specs - "/home/pete/wefwefwef/docs/other/6222650387/gen_smtp-branch-cowboy-protocol/gen_smtp/src/gen_smtp_server.erl"
Generating Type Specs - "/home/pete/wefwefwef/docs/other/6222650387/gen_smtp-branch-cowboy-protocol/gen_smtp/src/gen_smtp_server_session.erl"
Generating Type Specs - "/home/pete/wefwefwef/docs/other/6222650387/gen_smtp-branch-cowboy-protocol/gen_smtp/src/mimemail.erl"
Generating Type Specs - "/home/pete/wefwefwef/docs/other/6222650387/gen_smtp-branch-cowboy-protocol/gen_smtp/src/smtp_server_example.erl"
Generating Type Specs - "/home/pete/wefwefwef/docs/other/6222650387/gen_smtp-branch-cowboy-protocol/gen_smtp/src/smtp_util.erl"
Generating Type Specs - "/home/pete/wefwefwef/docs/other/6222650387/gen_smtp-branch-cowboy-protocol/gen_smtp/src/socket.erl"
Generating XML for application gen_smtp "/home/pete/wefwefwef/docs/other/6222650387/gen_smtp-branch-cowboy-protocol/gen_smtp" -> "/home/pete/wefwefwef/docs/other/6222650387/repo/cowboy-protocol/.xml/gen_smtp"
Generated gen_smtp XMLs: ["/home/pete/wefwefwef/docs/other/6222650387/repo/cowboy-protocol/.xml/gen_smtp/binstr.xml",
                          "/home/pete/wefwefwef/docs/other/6222650387/repo/cowboy-protocol/.xml/gen_smtp/smtp_util.xml",
                          "/home/pete/wefwefwef/docs/other/6222650387/repo/cowboy-protocol/.xml/gen_smtp/gen_smtp_client.xml",
                          "/home/pete/wefwefwef/docs/other/6222650387/repo/cowboy-protocol/.xml/gen_smtp/socket.xml",
                          "/home/pete/wefwefwef/docs/other/6222650387/repo/cowboy-protocol/.xml/gen_smtp/mimemail.xml",
                          "/home/pete/wefwefwef/docs/other/6222650387/repo/cowboy-protocol/.xml/gen_smtp/smtp_server_example.xml",
                          "/home/pete/wefwefwef/docs/other/6222650387/repo/cowboy-protocol/.xml/gen_smtp/gen_smtp_server_session.xml",
                          "/home/pete/wefwefwef/docs/other/6222650387/repo/cowboy-protocol/.xml/gen_smtp/gen_smtp_server.xml"]
Generating HTML - smtp_util "/home/pete/wefwefwef/docs/other/6222650387/repo/cowboy-protocol/.xml/gen_smtp/smtp_util.xml"
Generating HTML - smtp_server_example "/home/pete/wefwefwef/docs/other/6222650387/repo/cowboy-protocol/.xml/gen_smtp/smtp_server_example.xml"
Generating HTML - socket "/home/pete/wefwefwef/docs/other/6222650387/repo/cowboy-protocol/.xml/gen_smtp/socket.xml"
Generating HTML - gen_smtp_server "/home/pete/wefwefwef/docs/other/6222650387/repo/cowboy-protocol/.xml/gen_smtp/gen_smtp_server.xml"
Reading XML for "/home/pete/wefwefwef/docs/other/6222650387/repo/cowboy-protocol/.xml/gen_smtp/smtp_util.xml"
Reading XML for "/home/pete/wefwefwef/docs/other/6222650387/repo/cowboy-protocol/.xml/gen_smtp/smtp_server_example.xml"
Reading XML for "/home/pete/wefwefwef/docs/other/6222650387/repo/cowboy-protocol/.xml/gen_smtp/socket.xml"
Reading XML for "/home/pete/wefwefwef/docs/other/6222650387/repo/cowboy-protocol/.xml/gen_smtp/gen_smtp_server.xml"
Reading XML for "/home/pete/wefwefwef/docs/other/6222650387/repo/cowboy-protocol/.xml/specs_smtp_util.xml"
Reading XML for "/home/pete/wefwefwef/docs/other/6222650387/repo/cowboy-protocol/.xml/specs_smtp_server_example.xml"
Generating HTML - binstr "/home/pete/wefwefwef/docs/other/6222650387/repo/cowboy-protocol/.xml/gen_smtp/binstr.xml"
Reading XML for "/home/pete/wefwefwef/docs/other/6222650387/repo/cowboy-protocol/.xml/gen_smtp/binstr.xml"
Reading XML for "/home/pete/wefwefwef/docs/other/6222650387/repo/cowboy-protocol/.xml/specs_socket.xml"
Reading XML for "/home/pete/wefwefwef/docs/other/6222650387/repo/cowboy-protocol/.xml/specs_gen_smtp_server.xml"
Generating HTML - mimemail "/home/pete/wefwefwef/docs/other/6222650387/repo/cowboy-protocol/.xml/gen_smtp/mimemail.xml"
Reading XML for "/home/pete/wefwefwef/docs/other/6222650387/repo/cowboy-protocol/.xml/gen_smtp/mimemail.xml"
Reading XML for "/home/pete/wefwefwef/docs/other/6222650387/repo/cowboy-protocol/.xml/specs_binstr.xml"
Generating HTML - gen_smtp_client "/home/pete/wefwefwef/docs/other/6222650387/repo/cowboy-protocol/.xml/gen_smtp/gen_smtp_client.xml"
Reading XML for "/home/pete/wefwefwef/docs/other/6222650387/repo/cowboy-protocol/.xml/gen_smtp/gen_smtp_client.xml"
Generating HTML - gen_smtp_server_session "/home/pete/wefwefwef/docs/other/6222650387/repo/cowboy-protocol/.xml/gen_smtp/gen_smtp_server_session.xml"
Reading XML for "/home/pete/wefwefwef/docs/other/6222650387/repo/cowboy-protocol/.xml/gen_smtp/gen_smtp_server_session.xml"
Reading XML for "/home/pete/wefwefwef/docs/other/6222650387/repo/cowboy-protocol/.xml/specs_mimemail.xml"
Reading XML for "/home/pete/wefwefwef/docs/other/6222650387/repo/cowboy-protocol/.xml/specs_gen_smtp_client.xml"
Reading XML for "/home/pete/wefwefwef/docs/other/6222650387/repo/cowboy-protocol/.xml/specs_gen_smtp_server_session.xml"
Creating index.html ...
Creating erldocs_index.js ...
Woot, finished in 0 Minutes 2 Seconds
 :: Discovering other repos
$ 5000  `rm -r '/home/pete/wefwefwef/docs/other/6222650387/gen_smtp-branch-cowboy-protocol'  2>&1`
 :: Processing https://github.com/zotonic/gen_smtp	{rev,branch,"dont-start-iconv","0f4c88fd5d091cd8cd44b1fac9ccbfb21d473c2e",undefined,[],[]}
 :: Fetching repo code
$ cd "/home/pete/wefwefwef/docs/other/6222650387/gen_smtp-branch-dont-start-iconv/gen_smtp"
$ infinity  `curl --fail --silent --show-error --location --output 'dont-start-iconv.zip' 'https://github.com/zotonic/gen_smtp/archive/dont-start-iconv.zip'  2>&1`
$ cd "/home/pete/wefwefwef/docs/erldocs_other.git"
$ cd "/home/pete/wefwefwef/docs/other/6222650387/gen_smtp-branch-dont-start-iconv/gen_smtp"
$ 5000  `find -P . -type l -delete  2>&1`
$ cd "/home/pete/wefwefwef/docs/erldocs_other.git"
$ cd "/home/pete/wefwefwef/docs/other/6222650387/gen_smtp-branch-dont-start-iconv/gen_smtp"
$ 5000  `find 'gen_smtp-dont-start-iconv' -mindepth 1 -maxdepth 1 -exec mv -t . -- {} +  2>&1`
$ cd "/home/pete/wefwefwef/docs/erldocs_other.git"
 :: Getting dependencies
$ cd "/home/pete/wefwefwef/docs/other/6222650387/gen_smtp-branch-dont-start-iconv/gen_smtp"
$ 5000  `ls -1 deps/  2>&1`
$ cd "/home/pete/wefwefwef/docs/erldocs_other.git"
>>> [rebar] deps = []
 :: Generating erldocs into /home/pete/wefwefwef/docs/other/6222650387/repo/dont-start-iconv
Building gen_smtp
Generating Type Specs - "/home/pete/wefwefwef/docs/other/6222650387/gen_smtp-branch-dont-start-iconv/gen_smtp/src/binstr.erl"
Generating Type Specs - "/home/pete/wefwefwef/docs/other/6222650387/gen_smtp-branch-dont-start-iconv/gen_smtp/src/gen_smtp_client.erl"
Generating Type Specs - "/home/pete/wefwefwef/docs/other/6222650387/gen_smtp-branch-dont-start-iconv/gen_smtp/src/gen_smtp_server.erl"
Generating Type Specs - "/home/pete/wefwefwef/docs/other/6222650387/gen_smtp-branch-dont-start-iconv/gen_smtp/src/gen_smtp_server_session.erl"
Generating Type Specs - "/home/pete/wefwefwef/docs/other/6222650387/gen_smtp-branch-dont-start-iconv/gen_smtp/src/mimemail.erl"
Generating Type Specs - "/home/pete/wefwefwef/docs/other/6222650387/gen_smtp-branch-dont-start-iconv/gen_smtp/src/smtp_server_example.erl"
Generating Type Specs - "/home/pete/wefwefwef/docs/other/6222650387/gen_smtp-branch-dont-start-iconv/gen_smtp/src/smtp_util.erl"
Generating Type Specs - "/home/pete/wefwefwef/docs/other/6222650387/gen_smtp-branch-dont-start-iconv/gen_smtp/src/socket.erl"
Generating XML for application gen_smtp "/home/pete/wefwefwef/docs/other/6222650387/gen_smtp-branch-dont-start-iconv/gen_smtp" -> "/home/pete/wefwefwef/docs/other/6222650387/repo/dont-start-iconv/.xml/gen_smtp"
Generated gen_smtp XMLs: ["/home/pete/wefwefwef/docs/other/6222650387/repo/dont-start-iconv/.xml/gen_smtp/binstr.xml",
                          "/home/pete/wefwefwef/docs/other/6222650387/repo/dont-start-iconv/.xml/gen_smtp/smtp_util.xml",
                          "/home/pete/wefwefwef/docs/other/6222650387/repo/dont-start-iconv/.xml/gen_smtp/gen_smtp_client.xml",
                          "/home/pete/wefwefwef/docs/other/6222650387/repo/dont-start-iconv/.xml/gen_smtp/socket.xml",
                          "/home/pete/wefwefwef/docs/other/6222650387/repo/dont-start-iconv/.xml/gen_smtp/mimemail.xml",
                          "/home/pete/wefwefwef/docs/other/6222650387/repo/dont-start-iconv/.xml/gen_smtp/smtp_server_example.xml",
                          "/home/pete/wefwefwef/docs/other/6222650387/repo/dont-start-iconv/.xml/gen_smtp/gen_smtp_server_session.xml",
                          "/home/pete/wefwefwef/docs/other/6222650387/repo/dont-start-iconv/.xml/gen_smtp/gen_smtp_server.xml"]
Generating HTML - smtp_server_example "/home/pete/wefwefwef/docs/other/6222650387/repo/dont-start-iconv/.xml/gen_smtp/smtp_server_example.xml"
Generating HTML - smtp_util "/home/pete/wefwefwef/docs/other/6222650387/repo/dont-start-iconv/.xml/gen_smtp/smtp_util.xml"
Generating HTML - socket "/home/pete/wefwefwef/docs/other/6222650387/repo/dont-start-iconv/.xml/gen_smtp/socket.xml"
Generating HTML - gen_smtp_server "/home/pete/wefwefwef/docs/other/6222650387/repo/dont-start-iconv/.xml/gen_smtp/gen_smtp_server.xml"
Reading XML for "/home/pete/wefwefwef/docs/other/6222650387/repo/dont-start-iconv/.xml/gen_smtp/smtp_server_example.xml"
Reading XML for "/home/pete/wefwefwef/docs/other/6222650387/repo/dont-start-iconv/.xml/gen_smtp/smtp_util.xml"
Reading XML for "/home/pete/wefwefwef/docs/other/6222650387/repo/dont-start-iconv/.xml/gen_smtp/socket.xml"
Reading XML for "/home/pete/wefwefwef/docs/other/6222650387/repo/dont-start-iconv/.xml/gen_smtp/gen_smtp_server.xml"
Reading XML for "/home/pete/wefwefwef/docs/other/6222650387/repo/dont-start-iconv/.xml/specs_smtp_util.xml"
Reading XML for "/home/pete/wefwefwef/docs/other/6222650387/repo/dont-start-iconv/.xml/specs_socket.xml"
Reading XML for "/home/pete/wefwefwef/docs/other/6222650387/repo/dont-start-iconv/.xml/specs_smtp_server_example.xml"
Reading XML for "/home/pete/wefwefwef/docs/other/6222650387/repo/dont-start-iconv/.xml/specs_gen_smtp_server.xml"
Generating HTML - binstr "/home/pete/wefwefwef/docs/other/6222650387/repo/dont-start-iconv/.xml/gen_smtp/binstr.xml"
Reading XML for "/home/pete/wefwefwef/docs/other/6222650387/repo/dont-start-iconv/.xml/gen_smtp/binstr.xml"
Generating HTML - gen_smtp_client "/home/pete/wefwefwef/docs/other/6222650387/repo/dont-start-iconv/.xml/gen_smtp/gen_smtp_client.xml"
Reading XML for "/home/pete/wefwefwef/docs/other/6222650387/repo/dont-start-iconv/.xml/gen_smtp/gen_smtp_client.xml"
Generating HTML - mimemail "/home/pete/wefwefwef/docs/other/6222650387/repo/dont-start-iconv/.xml/gen_smtp/mimemail.xml"
Reading XML for "/home/pete/wefwefwef/docs/other/6222650387/repo/dont-start-iconv/.xml/gen_smtp/mimemail.xml"
Generating HTML - gen_smtp_server_session "/home/pete/wefwefwef/docs/other/6222650387/repo/dont-start-iconv/.xml/gen_smtp/gen_smtp_server_session.xml"
Reading XML for "/home/pete/wefwefwef/docs/other/6222650387/repo/dont-start-iconv/.xml/gen_smtp/gen_smtp_server_session.xml"
Reading XML for "/home/pete/wefwefwef/docs/other/6222650387/repo/dont-start-iconv/.xml/specs_binstr.xml"
Reading XML for "/home/pete/wefwefwef/docs/other/6222650387/repo/dont-start-iconv/.xml/specs_gen_smtp_client.xml"
Reading XML for "/home/pete/wefwefwef/docs/other/6222650387/repo/dont-start-iconv/.xml/specs_gen_smtp_server_session.xml"
Reading XML for "/home/pete/wefwefwef/docs/other/6222650387/repo/dont-start-iconv/.xml/specs_mimemail.xml"
Creating index.html ...
Creating erldocs_index.js ...
Woot, finished in 0 Minutes 2 Seconds
 :: Discovering other repos
$ 5000  `rm -r '/home/pete/wefwefwef/docs/other/6222650387/gen_smtp-branch-dont-start-iconv'  2>&1`
 :: Processing https://github.com/zotonic/gen_smtp	{rev,branch,"master","6e8b0bc5924459913573daea79417d627c336b5c",undefined,[],[]}
 :: Fetching repo code
$ cd "/home/pete/wefwefwef/docs/other/6222650387/gen_smtp-branch-master/gen_smtp"
$ infinity  `curl --fail --silent --show-error --location --output 'master.zip' 'https://github.com/zotonic/gen_smtp/archive/master.zip'  2>&1`
$ cd "/home/pete/wefwefwef/docs/erldocs_other.git"
$ cd "/home/pete/wefwefwef/docs/other/6222650387/gen_smtp-branch-master/gen_smtp"
$ 5000  `find -P . -type l -delete  2>&1`
$ cd "/home/pete/wefwefwef/docs/erldocs_other.git"
$ cd "/home/pete/wefwefwef/docs/other/6222650387/gen_smtp-branch-master/gen_smtp"
$ 5000  `find 'gen_smtp-master' -mindepth 1 -maxdepth 1 -exec mv -t . -- {} +  2>&1`
$ cd "/home/pete/wefwefwef/docs/erldocs_other.git"
 :: Getting dependencies
$ cd "/home/pete/wefwefwef/docs/other/6222650387/gen_smtp-branch-master/gen_smtp"
$ 5000  `ls -1 deps/  2>&1`
$ cd "/home/pete/wefwefwef/docs/erldocs_other.git"
>>> [rebar] deps = []
 :: Generating erldocs into /home/pete/wefwefwef/docs/other/6222650387/repo/master
Building gen_smtp
Generating Type Specs - "/home/pete/wefwefwef/docs/other/6222650387/gen_smtp-branch-master/gen_smtp/src/binstr.erl"
Generating Type Specs - "/home/pete/wefwefwef/docs/other/6222650387/gen_smtp-branch-master/gen_smtp/src/gen_smtp_client.erl"
Generating Type Specs - "/home/pete/wefwefwef/docs/other/6222650387/gen_smtp-branch-master/gen_smtp/src/gen_smtp_server.erl"
Generating Type Specs - "/home/pete/wefwefwef/docs/other/6222650387/gen_smtp-branch-master/gen_smtp/src/gen_smtp_server_session.erl"
Generating Type Specs - "/home/pete/wefwefwef/docs/other/6222650387/gen_smtp-branch-master/gen_smtp/src/mimemail.erl"
Generating Type Specs - "/home/pete/wefwefwef/docs/other/6222650387/gen_smtp-branch-master/gen_smtp/src/smtp_server_example.erl"
Generating Type Specs - "/home/pete/wefwefwef/docs/other/6222650387/gen_smtp-branch-master/gen_smtp/src/smtp_util.erl"
Generating Type Specs - "/home/pete/wefwefwef/docs/other/6222650387/gen_smtp-branch-master/gen_smtp/src/socket.erl"
Generating XML for application gen_smtp "/home/pete/wefwefwef/docs/other/6222650387/gen_smtp-branch-master/gen_smtp" -> "/home/pete/wefwefwef/docs/other/6222650387/repo/master/.xml/gen_smtp"
Generated gen_smtp XMLs: ["/home/pete/wefwefwef/docs/other/6222650387/repo/master/.xml/gen_smtp/binstr.xml",
                          "/home/pete/wefwefwef/docs/other/6222650387/repo/master/.xml/gen_smtp/smtp_util.xml",
                          "/home/pete/wefwefwef/docs/other/6222650387/repo/master/.xml/gen_smtp/gen_smtp_client.xml",
                          "/home/pete/wefwefwef/docs/other/6222650387/repo/master/.xml/gen_smtp/socket.xml",
                          "/home/pete/wefwefwef/docs/other/6222650387/repo/master/.xml/gen_smtp/mimemail.xml",
                          "/home/pete/wefwefwef/docs/other/6222650387/repo/master/.xml/gen_smtp/smtp_server_example.xml",
                          "/home/pete/wefwefwef/docs/other/6222650387/repo/master/.xml/gen_smtp/gen_smtp_server_session.xml",
                          "/home/pete/wefwefwef/docs/other/6222650387/repo/master/.xml/gen_smtp/gen_smtp_server.xml"]
Generating HTML - smtp_util "/home/pete/wefwefwef/docs/other/6222650387/repo/master/.xml/gen_smtp/smtp_util.xml"
Generating HTML - smtp_server_example "/home/pete/wefwefwef/docs/other/6222650387/repo/master/.xml/gen_smtp/smtp_server_example.xml"
Generating HTML - socket "/home/pete/wefwefwef/docs/other/6222650387/repo/master/.xml/gen_smtp/socket.xml"
Generating HTML - gen_smtp_server "/home/pete/wefwefwef/docs/other/6222650387/repo/master/.xml/gen_smtp/gen_smtp_server.xml"
Reading XML for "/home/pete/wefwefwef/docs/other/6222650387/repo/master/.xml/gen_smtp/smtp_util.xml"
Reading XML for "/home/pete/wefwefwef/docs/other/6222650387/repo/master/.xml/gen_smtp/smtp_server_example.xml"
Reading XML for "/home/pete/wefwefwef/docs/other/6222650387/repo/master/.xml/gen_smtp/socket.xml"
Reading XML for "/home/pete/wefwefwef/docs/other/6222650387/repo/master/.xml/gen_smtp/gen_smtp_server.xml"
Reading XML for "/home/pete/wefwefwef/docs/other/6222650387/repo/master/.xml/specs_smtp_util.xml"
Reading XML for "/home/pete/wefwefwef/docs/other/6222650387/repo/master/.xml/specs_smtp_server_example.xml"
Reading XML for "/home/pete/wefwefwef/docs/other/6222650387/repo/master/.xml/specs_socket.xml"
Generating HTML - binstr "/home/pete/wefwefwef/docs/other/6222650387/repo/master/.xml/gen_smtp/binstr.xml"
Reading XML for "/home/pete/wefwefwef/docs/other/6222650387/repo/master/.xml/gen_smtp/binstr.xml"
Reading XML for "/home/pete/wefwefwef/docs/other/6222650387/repo/master/.xml/specs_gen_smtp_server.xml"
Generating HTML - mimemail "/home/pete/wefwefwef/docs/other/6222650387/repo/master/.xml/gen_smtp/mimemail.xml"
Reading XML for "/home/pete/wefwefwef/docs/other/6222650387/repo/master/.xml/gen_smtp/mimemail.xml"
Reading XML for "/home/pete/wefwefwef/docs/other/6222650387/repo/master/.xml/specs_binstr.xml"
Generating HTML - gen_smtp_client "/home/pete/wefwefwef/docs/other/6222650387/repo/master/.xml/gen_smtp/gen_smtp_client.xml"
Reading XML for "/home/pete/wefwefwef/docs/other/6222650387/repo/master/.xml/gen_smtp/gen_smtp_client.xml"
Generating HTML - gen_smtp_server_session "/home/pete/wefwefwef/docs/other/6222650387/repo/master/.xml/gen_smtp/gen_smtp_server_session.xml"
Reading XML for "/home/pete/wefwefwef/docs/other/6222650387/repo/master/.xml/gen_smtp/gen_smtp_server_session.xml"
Reading XML for "/home/pete/wefwefwef/docs/other/6222650387/repo/master/.xml/specs_mimemail.xml"
Reading XML for "/home/pete/wefwefwef/docs/other/6222650387/repo/master/.xml/specs_gen_smtp_server_session.xml"
Reading XML for "/home/pete/wefwefwef/docs/other/6222650387/repo/master/.xml/specs_gen_smtp_client.xml"
Creating index.html ...
Creating erldocs_index.js ...
Woot, finished in 0 Minutes 2 Seconds
 :: Discovering other repos
$ 5000  `rm -r '/home/pete/wefwefwef/docs/other/6222650387/gen_smtp-branch-master'  2>&1`
 :: Processing https://github.com/zotonic/gen_smtp	{rev,branch,"mw-iconv-20130219","01f7aa628c0ace6fde097d3daaff677befdb81ed",undefined,[],[]}
 :: Fetching repo code
$ cd "/home/pete/wefwefwef/docs/other/6222650387/gen_smtp-branch-mw-iconv-20130219/gen_smtp"
$ infinity  `curl --fail --silent --show-error --location --output 'mw-iconv-20130219.zip' 'https://github.com/zotonic/gen_smtp/archive/mw-iconv-20130219.zip'  2>&1`
$ cd "/home/pete/wefwefwef/docs/erldocs_other.git"
$ cd "/home/pete/wefwefwef/docs/other/6222650387/gen_smtp-branch-mw-iconv-20130219/gen_smtp"
$ 5000  `find -P . -type l -delete  2>&1`
$ cd "/home/pete/wefwefwef/docs/erldocs_other.git"
$ cd "/home/pete/wefwefwef/docs/other/6222650387/gen_smtp-branch-mw-iconv-20130219/gen_smtp"
$ 5000  `find 'gen_smtp-mw-iconv-20130219' -mindepth 1 -maxdepth 1 -exec mv -t . -- {} +  2>&1`
$ cd "/home/pete/wefwefwef/docs/erldocs_other.git"
 :: Getting dependencies
$ cd "/home/pete/wefwefwef/docs/other/6222650387/gen_smtp-branch-mw-iconv-20130219/gen_smtp"
$ 5000  `ls -1 deps/  2>&1`
$ cd "/home/pete/wefwefwef/docs/erldocs_other.git"
>>> [rebar] deps = []
 :: Generating erldocs into /home/pete/wefwefwef/docs/other/6222650387/repo/mw-iconv-20130219
Building gen_smtp
Generating Type Specs - "/home/pete/wefwefwef/docs/other/6222650387/gen_smtp-branch-mw-iconv-20130219/gen_smtp/src/binstr.erl"
Generating Type Specs - "/home/pete/wefwefwef/docs/other/6222650387/gen_smtp-branch-mw-iconv-20130219/gen_smtp/src/gen_smtp_client.erl"
Generating Type Specs - "/home/pete/wefwefwef/docs/other/6222650387/gen_smtp-branch-mw-iconv-20130219/gen_smtp/src/gen_smtp_server.erl"
Generating Type Specs - "/home/pete/wefwefwef/docs/other/6222650387/gen_smtp-branch-mw-iconv-20130219/gen_smtp/src/gen_smtp_server_session.erl"
Generating Type Specs - "/home/pete/wefwefwef/docs/other/6222650387/gen_smtp-branch-mw-iconv-20130219/gen_smtp/src/mimemail.erl"
Generating Type Specs - "/home/pete/wefwefwef/docs/other/6222650387/gen_smtp-branch-mw-iconv-20130219/gen_smtp/src/smtp_server_example.erl"
Generating Type Specs - "/home/pete/wefwefwef/docs/other/6222650387/gen_smtp-branch-mw-iconv-20130219/gen_smtp/src/smtp_util.erl"
Generating Type Specs - "/home/pete/wefwefwef/docs/other/6222650387/gen_smtp-branch-mw-iconv-20130219/gen_smtp/src/socket.erl"
Generating XML for application gen_smtp "/home/pete/wefwefwef/docs/other/6222650387/gen_smtp-branch-mw-iconv-20130219/gen_smtp" -> "/home/pete/wefwefwef/docs/other/6222650387/repo/mw-iconv-20130219/.xml/gen_smtp"
Generated gen_smtp XMLs: ["/home/pete/wefwefwef/docs/other/6222650387/repo/mw-iconv-20130219/.xml/gen_smtp/binstr.xml",
                          "/home/pete/wefwefwef/docs/other/6222650387/repo/mw-iconv-20130219/.xml/gen_smtp/smtp_util.xml",
                          "/home/pete/wefwefwef/docs/other/6222650387/repo/mw-iconv-20130219/.xml/gen_smtp/gen_smtp_client.xml",
                          "/home/pete/wefwefwef/docs/other/6222650387/repo/mw-iconv-20130219/.xml/gen_smtp/socket.xml",
                          "/home/pete/wefwefwef/docs/other/6222650387/repo/mw-iconv-20130219/.xml/gen_smtp/mimemail.xml",
                          "/home/pete/wefwefwef/docs/other/6222650387/repo/mw-iconv-20130219/.xml/gen_smtp/smtp_server_example.xml",
                          "/home/pete/wefwefwef/docs/other/6222650387/repo/mw-iconv-20130219/.xml/gen_smtp/gen_smtp_server_session.xml",
                          "/home/pete/wefwefwef/docs/other/6222650387/repo/mw-iconv-20130219/.xml/gen_smtp/gen_smtp_server.xml"]
Generating HTML - smtp_server_example "/home/pete/wefwefwef/docs/other/6222650387/repo/mw-iconv-20130219/.xml/gen_smtp/smtp_server_example.xml"
Generating HTML - smtp_util "/home/pete/wefwefwef/docs/other/6222650387/repo/mw-iconv-20130219/.xml/gen_smtp/smtp_util.xml"
Generating HTML - gen_smtp_server "/home/pete/wefwefwef/docs/other/6222650387/repo/mw-iconv-20130219/.xml/gen_smtp/gen_smtp_server.xml"
Generating HTML - socket "/home/pete/wefwefwef/docs/other/6222650387/repo/mw-iconv-20130219/.xml/gen_smtp/socket.xml"
Reading XML for "/home/pete/wefwefwef/docs/other/6222650387/repo/mw-iconv-20130219/.xml/gen_smtp/smtp_server_example.xml"
Reading XML for "/home/pete/wefwefwef/docs/other/6222650387/repo/mw-iconv-20130219/.xml/gen_smtp/smtp_util.xml"
Reading XML for "/home/pete/wefwefwef/docs/other/6222650387/repo/mw-iconv-20130219/.xml/gen_smtp/gen_smtp_server.xml"
Reading XML for "/home/pete/wefwefwef/docs/other/6222650387/repo/mw-iconv-20130219/.xml/gen_smtp/socket.xml"
Reading XML for "/home/pete/wefwefwef/docs/other/6222650387/repo/mw-iconv-20130219/.xml/specs_smtp_util.xml"
Generating HTML - binstr "/home/pete/wefwefwef/docs/other/6222650387/repo/mw-iconv-20130219/.xml/gen_smtp/binstr.xml"
Reading XML for "/home/pete/wefwefwef/docs/other/6222650387/repo/mw-iconv-20130219/.xml/gen_smtp/binstr.xml"
Reading XML for "/home/pete/wefwefwef/docs/other/6222650387/repo/mw-iconv-20130219/.xml/specs_gen_smtp_server.xml"
Reading XML for "/home/pete/wefwefwef/docs/other/6222650387/repo/mw-iconv-20130219/.xml/specs_socket.xml"
Reading XML for "/home/pete/wefwefwef/docs/other/6222650387/repo/mw-iconv-20130219/.xml/specs_smtp_server_example.xml"
Generating HTML - mimemail "/home/pete/wefwefwef/docs/other/6222650387/repo/mw-iconv-20130219/.xml/gen_smtp/mimemail.xml"
Reading XML for "/home/pete/wefwefwef/docs/other/6222650387/repo/mw-iconv-20130219/.xml/gen_smtp/mimemail.xml"
Generating HTML - gen_smtp_server_session "/home/pete/wefwefwef/docs/other/6222650387/repo/mw-iconv-20130219/.xml/gen_smtp/gen_smtp_server_session.xml"
Reading XML for "/home/pete/wefwefwef/docs/other/6222650387/repo/mw-iconv-20130219/.xml/gen_smtp/gen_smtp_server_session.xml"
Reading XML for "/home/pete/wefwefwef/docs/other/6222650387/repo/mw-iconv-20130219/.xml/specs_binstr.xml"
Generating HTML - gen_smtp_client "/home/pete/wefwefwef/docs/other/6222650387/repo/mw-iconv-20130219/.xml/gen_smtp/gen_smtp_client.xml"
Reading XML for "/home/pete/wefwefwef/docs/other/6222650387/repo/mw-iconv-20130219/.xml/gen_smtp/gen_smtp_client.xml"
Reading XML for "/home/pete/wefwefwef/docs/other/6222650387/repo/mw-iconv-20130219/.xml/specs_mimemail.xml"
Reading XML for "/home/pete/wefwefwef/docs/other/6222650387/repo/mw-iconv-20130219/.xml/specs_gen_smtp_client.xml"
Reading XML for "/home/pete/wefwefwef/docs/other/6222650387/repo/mw-iconv-20130219/.xml/specs_gen_smtp_server_session.xml"
Creating index.html ...
Creating erldocs_index.js ...
Woot, finished in 0 Minutes 2 Seconds
 :: Discovering other repos
$ 5000  `rm -r '/home/pete/wefwefwef/docs/other/6222650387/gen_smtp-branch-mw-iconv-20130219'  2>&1`
 :: Processing https://github.com/zotonic/gen_smtp	{rev,branch,"mw-ssl-upgrade-crash","35f1a4429096a0ad1802cd6f53ff59f968b7a197",undefined,[],[]}
 :: Fetching repo code
$ cd "/home/pete/wefwefwef/docs/other/6222650387/gen_smtp-branch-mw-ssl-upgrade-crash/gen_smtp"
$ infinity  `curl --fail --silent --show-error --location --output 'mw-ssl-upgrade-crash.zip' 'https://github.com/zotonic/gen_smtp/archive/mw-ssl-upgrade-crash.zip'  2>&1`
$ cd "/home/pete/wefwefwef/docs/erldocs_other.git"
$ cd "/home/pete/wefwefwef/docs/other/6222650387/gen_smtp-branch-mw-ssl-upgrade-crash/gen_smtp"
$ 5000  `find -P . -type l -delete  2>&1`
$ cd "/home/pete/wefwefwef/docs/erldocs_other.git"
$ cd "/home/pete/wefwefwef/docs/other/6222650387/gen_smtp-branch-mw-ssl-upgrade-crash/gen_smtp"
$ 5000  `find 'gen_smtp-mw-ssl-upgrade-crash' -mindepth 1 -maxdepth 1 -exec mv -t . -- {} +  2>&1`
$ cd "/home/pete/wefwefwef/docs/erldocs_other.git"
 :: Getting dependencies
$ cd "/home/pete/wefwefwef/docs/other/6222650387/gen_smtp-branch-mw-ssl-upgrade-crash/gen_smtp"
$ 5000  `ls -1 deps/  2>&1`
$ cd "/home/pete/wefwefwef/docs/erldocs_other.git"
>>> [rebar] deps = []
 :: Generating erldocs into /home/pete/wefwefwef/docs/other/6222650387/repo/mw-ssl-upgrade-crash
Building gen_smtp
Generating Type Specs - "/home/pete/wefwefwef/docs/other/6222650387/gen_smtp-branch-mw-ssl-upgrade-crash/gen_smtp/src/binstr.erl"
Generating Type Specs - "/home/pete/wefwefwef/docs/other/6222650387/gen_smtp-branch-mw-ssl-upgrade-crash/gen_smtp/src/gen_smtp_client.erl"
Generating Type Specs - "/home/pete/wefwefwef/docs/other/6222650387/gen_smtp-branch-mw-ssl-upgrade-crash/gen_smtp/src/gen_smtp_server.erl"
Generating Type Specs - "/home/pete/wefwefwef/docs/other/6222650387/gen_smtp-branch-mw-ssl-upgrade-crash/gen_smtp/src/gen_smtp_server_session.erl"
Generating Type Specs - "/home/pete/wefwefwef/docs/other/6222650387/gen_smtp-branch-mw-ssl-upgrade-crash/gen_smtp/src/mimemail.erl"
Generating Type Specs - "/home/pete/wefwefwef/docs/other/6222650387/gen_smtp-branch-mw-ssl-upgrade-crash/gen_smtp/src/smtp_server_example.erl"
Generating Type Specs - "/home/pete/wefwefwef/docs/other/6222650387/gen_smtp-branch-mw-ssl-upgrade-crash/gen_smtp/src/smtp_util.erl"
Generating Type Specs - "/home/pete/wefwefwef/docs/other/6222650387/gen_smtp-branch-mw-ssl-upgrade-crash/gen_smtp/src/socket.erl"
Generating XML for application gen_smtp "/home/pete/wefwefwef/docs/other/6222650387/gen_smtp-branch-mw-ssl-upgrade-crash/gen_smtp" -> "/home/pete/wefwefwef/docs/other/6222650387/repo/mw-ssl-upgrade-crash/.xml/gen_smtp"
Generated gen_smtp XMLs: ["/home/pete/wefwefwef/docs/other/6222650387/repo/mw-ssl-upgrade-crash/.xml/gen_smtp/binstr.xml",
                          "/home/pete/wefwefwef/docs/other/6222650387/repo/mw-ssl-upgrade-crash/.xml/gen_smtp/smtp_util.xml",
                          "/home/pete/wefwefwef/docs/other/6222650387/repo/mw-ssl-upgrade-crash/.xml/gen_smtp/gen_smtp_client.xml",
                          "/home/pete/wefwefwef/docs/other/6222650387/repo/mw-ssl-upgrade-crash/.xml/gen_smtp/socket.xml",
                          "/home/pete/wefwefwef/docs/other/6222650387/repo/mw-ssl-upgrade-crash/.xml/gen_smtp/mimemail.xml",
                          "/home/pete/wefwefwef/docs/other/6222650387/repo/mw-ssl-upgrade-crash/.xml/gen_smtp/smtp_server_example.xml",
                          "/home/pete/wefwefwef/docs/other/6222650387/repo/mw-ssl-upgrade-crash/.xml/gen_smtp/gen_smtp_server_session.xml",
                          "/home/pete/wefwefwef/docs/other/6222650387/repo/mw-ssl-upgrade-crash/.xml/gen_smtp/gen_smtp_server.xml"]
Generating HTML - smtp_util "/home/pete/wefwefwef/docs/other/6222650387/repo/mw-ssl-upgrade-crash/.xml/gen_smtp/smtp_util.xml"
Generating HTML - smtp_server_example "/home/pete/wefwefwef/docs/other/6222650387/repo/mw-ssl-upgrade-crash/.xml/gen_smtp/smtp_server_example.xml"
Generating HTML - socket "/home/pete/wefwefwef/docs/other/6222650387/repo/mw-ssl-upgrade-crash/.xml/gen_smtp/socket.xml"
Generating HTML - gen_smtp_server "/home/pete/wefwefwef/docs/other/6222650387/repo/mw-ssl-upgrade-crash/.xml/gen_smtp/gen_smtp_server.xml"
Reading XML for "/home/pete/wefwefwef/docs/other/6222650387/repo/mw-ssl-upgrade-crash/.xml/gen_smtp/smtp_util.xml"
Reading XML for "/home/pete/wefwefwef/docs/other/6222650387/repo/mw-ssl-upgrade-crash/.xml/gen_smtp/smtp_server_example.xml"
Reading XML for "/home/pete/wefwefwef/docs/other/6222650387/repo/mw-ssl-upgrade-crash/.xml/gen_smtp/socket.xml"
Reading XML for "/home/pete/wefwefwef/docs/other/6222650387/repo/mw-ssl-upgrade-crash/.xml/gen_smtp/gen_smtp_server.xml"
Reading XML for "/home/pete/wefwefwef/docs/other/6222650387/repo/mw-ssl-upgrade-crash/.xml/specs_smtp_util.xml"
Reading XML for "/home/pete/wefwefwef/docs/other/6222650387/repo/mw-ssl-upgrade-crash/.xml/specs_socket.xml"
Generating HTML - binstr "/home/pete/wefwefwef/docs/other/6222650387/repo/mw-ssl-upgrade-crash/.xml/gen_smtp/binstr.xml"
Reading XML for "/home/pete/wefwefwef/docs/other/6222650387/repo/mw-ssl-upgrade-crash/.xml/gen_smtp/binstr.xml"
Reading XML for "/home/pete/wefwefwef/docs/other/6222650387/repo/mw-ssl-upgrade-crash/.xml/specs_gen_smtp_server.xml"
Reading XML for "/home/pete/wefwefwef/docs/other/6222650387/repo/mw-ssl-upgrade-crash/.xml/specs_smtp_server_example.xml"
Generating HTML - mimemail "/home/pete/wefwefwef/docs/other/6222650387/repo/mw-ssl-upgrade-crash/.xml/gen_smtp/mimemail.xml"
Reading XML for "/home/pete/wefwefwef/docs/other/6222650387/repo/mw-ssl-upgrade-crash/.xml/gen_smtp/mimemail.xml"
Reading XML for "/home/pete/wefwefwef/docs/other/6222650387/repo/mw-ssl-upgrade-crash/.xml/specs_binstr.xml"
Generating HTML - gen_smtp_client "/home/pete/wefwefwef/docs/other/6222650387/repo/mw-ssl-upgrade-crash/.xml/gen_smtp/gen_smtp_client.xml"
Reading XML for "/home/pete/wefwefwef/docs/other/6222650387/repo/mw-ssl-upgrade-crash/.xml/gen_smtp/gen_smtp_client.xml"
Generating HTML - gen_smtp_server_session "/home/pete/wefwefwef/docs/other/6222650387/repo/mw-ssl-upgrade-crash/.xml/gen_smtp/gen_smtp_server_session.xml"
Reading XML for "/home/pete/wefwefwef/docs/other/6222650387/repo/mw-ssl-upgrade-crash/.xml/gen_smtp/gen_smtp_server_session.xml"
Reading XML for "/home/pete/wefwefwef/docs/other/6222650387/repo/mw-ssl-upgrade-crash/.xml/specs_mimemail.xml"
Reading XML for "/home/pete/wefwefwef/docs/other/6222650387/repo/mw-ssl-upgrade-crash/.xml/specs_gen_smtp_client.xml"
Reading XML for "/home/pete/wefwefwef/docs/other/6222650387/repo/mw-ssl-upgrade-crash/.xml/specs_gen_smtp_server_session.xml"
Creating index.html ...
Creating erldocs_index.js ...
Woot, finished in 0 Minutes 2 Seconds
 :: Discovering other repos
$ 5000  `rm -r '/home/pete/wefwefwef/docs/other/6222650387/gen_smtp-branch-mw-ssl-upgrade-crash'  2>&1`
 :: Processing https://github.com/zotonic/gen_smtp	{rev,branch,"use_binaries","ab3e06ca143da1abd8a0c4e3ecb89b897b6cbe94",undefined,[],[]}
 :: Fetching repo code
$ cd "/home/pete/wefwefwef/docs/other/6222650387/gen_smtp-branch-use_binaries/gen_smtp"
$ infinity  `curl --fail --silent --show-error --location --output 'use_binaries.zip' 'https://github.com/zotonic/gen_smtp/archive/use_binaries.zip'  2>&1`
$ cd "/home/pete/wefwefwef/docs/erldocs_other.git"
$ cd "/home/pete/wefwefwef/docs/other/6222650387/gen_smtp-branch-use_binaries/gen_smtp"
$ 5000  `find -P . -type l -delete  2>&1`
$ cd "/home/pete/wefwefwef/docs/erldocs_other.git"
$ cd "/home/pete/wefwefwef/docs/other/6222650387/gen_smtp-branch-use_binaries/gen_smtp"
$ 5000  `find 'gen_smtp-use_binaries' -mindepth 1 -maxdepth 1 -exec mv -t . -- {} +  2>&1`
$ cd "/home/pete/wefwefwef/docs/erldocs_other.git"
 :: Getting dependencies
 :: Generating erldocs into /home/pete/wefwefwef/docs/other/6222650387/repo/use_binaries
Building gen_smtp
Generating Type Specs - "/home/pete/wefwefwef/docs/other/6222650387/gen_smtp-branch-use_binaries/gen_smtp/src/binstr.erl"
Generating Type Specs - "/home/pete/wefwefwef/docs/other/6222650387/gen_smtp-branch-use_binaries/gen_smtp/src/gen_smtp_client.erl"
Generating Type Specs - "/home/pete/wefwefwef/docs/other/6222650387/gen_smtp-branch-use_binaries/gen_smtp/src/gen_smtp_server.erl"
Generating Type Specs - "/home/pete/wefwefwef/docs/other/6222650387/gen_smtp-branch-use_binaries/gen_smtp/src/gen_smtp_server_session.erl"
Generating Type Specs - "/home/pete/wefwefwef/docs/other/6222650387/gen_smtp-branch-use_binaries/gen_smtp/src/mimemail.erl"
Generating Type Specs - "/home/pete/wefwefwef/docs/other/6222650387/gen_smtp-branch-use_binaries/gen_smtp/src/smtp_server_example.erl"
Generating Type Specs - "/home/pete/wefwefwef/docs/other/6222650387/gen_smtp-branch-use_binaries/gen_smtp/src/smtp_server_example_auth.erl"
Generating Type Specs - "/home/pete/wefwefwef/docs/other/6222650387/gen_smtp-branch-use_binaries/gen_smtp/src/smtp_util.erl"
Generating Type Specs - "/home/pete/wefwefwef/docs/other/6222650387/gen_smtp-branch-use_binaries/gen_smtp/src/socket.erl"
Generating XML for application gen_smtp "/home/pete/wefwefwef/docs/other/6222650387/gen_smtp-branch-use_binaries/gen_smtp" -> "/home/pete/wefwefwef/docs/other/6222650387/repo/use_binaries/.xml/gen_smtp"
Generated gen_smtp XMLs: ["/home/pete/wefwefwef/docs/other/6222650387/repo/use_binaries/.xml/gen_smtp/binstr.xml",
                          "/home/pete/wefwefwef/docs/other/6222650387/repo/use_binaries/.xml/gen_smtp/smtp_util.xml",
                          "/home/pete/wefwefwef/docs/other/6222650387/repo/use_binaries/.xml/gen_smtp/smtp_server_example_auth.xml",
                          "/home/pete/wefwefwef/docs/other/6222650387/repo/use_binaries/.xml/gen_smtp/gen_smtp_client.xml",
                          "/home/pete/wefwefwef/docs/other/6222650387/repo/use_binaries/.xml/gen_smtp/socket.xml",
                          "/home/pete/wefwefwef/docs/other/6222650387/repo/use_binaries/.xml/gen_smtp/mimemail.xml",
                          "/home/pete/wefwefwef/docs/other/6222650387/repo/use_binaries/.xml/gen_smtp/smtp_server_example.xml",
                          "/home/pete/wefwefwef/docs/other/6222650387/repo/use_binaries/.xml/gen_smtp/gen_smtp_server_session.xml",
                          "/home/pete/wefwefwef/docs/other/6222650387/repo/use_binaries/.xml/gen_smtp/gen_smtp_server.xml"]
Generating HTML - smtp_util "/home/pete/wefwefwef/docs/other/6222650387/repo/use_binaries/.xml/gen_smtp/smtp_util.xml"
Generating HTML - gen_smtp_client "/home/pete/wefwefwef/docs/other/6222650387/repo/use_binaries/.xml/gen_smtp/gen_smtp_client.xml"
Generating HTML - mimemail "/home/pete/wefwefwef/docs/other/6222650387/repo/use_binaries/.xml/gen_smtp/mimemail.xml"
Generating HTML - gen_smtp_server "/home/pete/wefwefwef/docs/other/6222650387/repo/use_binaries/.xml/gen_smtp/gen_smtp_server.xml"
Reading XML for "/home/pete/wefwefwef/docs/other/6222650387/repo/use_binaries/.xml/gen_smtp/smtp_util.xml"
Reading XML for "/home/pete/wefwefwef/docs/other/6222650387/repo/use_binaries/.xml/gen_smtp/gen_smtp_client.xml"
Reading XML for "/home/pete/wefwefwef/docs/other/6222650387/repo/use_binaries/.xml/gen_smtp/mimemail.xml"
Reading XML for "/home/pete/wefwefwef/docs/other/6222650387/repo/use_binaries/.xml/gen_smtp/gen_smtp_server.xml"
Reading XML for "/home/pete/wefwefwef/docs/other/6222650387/repo/use_binaries/.xml/specs_mimemail.xml"
Reading XML for "/home/pete/wefwefwef/docs/other/6222650387/repo/use_binaries/.xml/specs_gen_smtp_client.xml"
Reading XML for "/home/pete/wefwefwef/docs/other/6222650387/repo/use_binaries/.xml/specs_smtp_util.xml"
Generating HTML - smtp_server_example_auth "/home/pete/wefwefwef/docs/other/6222650387/repo/use_binaries/.xml/gen_smtp/smtp_server_example_auth.xml"
Reading XML for "/home/pete/wefwefwef/docs/other/6222650387/repo/use_binaries/.xml/gen_smtp/smtp_server_example_auth.xml"
Generating HTML - socket "/home/pete/wefwefwef/docs/other/6222650387/repo/use_binaries/.xml/gen_smtp/socket.xml"
Reading XML for "/home/pete/wefwefwef/docs/other/6222650387/repo/use_binaries/.xml/gen_smtp/socket.xml"
Generating HTML - binstr "/home/pete/wefwefwef/docs/other/6222650387/repo/use_binaries/.xml/gen_smtp/binstr.xml"
Reading XML for "/home/pete/wefwefwef/docs/other/6222650387/repo/use_binaries/.xml/gen_smtp/binstr.xml"
Reading XML for "/home/pete/wefwefwef/docs/other/6222650387/repo/use_binaries/.xml/specs_gen_smtp_server.xml"
Generating HTML - gen_smtp_server_session "/home/pete/wefwefwef/docs/other/6222650387/repo/use_binaries/.xml/gen_smtp/gen_smtp_server_session.xml"
Reading XML for "/home/pete/wefwefwef/docs/other/6222650387/repo/use_binaries/.xml/gen_smtp/gen_smtp_server_session.xml"
Reading XML for "/home/pete/wefwefwef/docs/other/6222650387/repo/use_binaries/.xml/specs_smtp_server_example_auth.xml"
Reading XML for "/home/pete/wefwefwef/docs/other/6222650387/repo/use_binaries/.xml/specs_binstr.xml"
Reading XML for "/home/pete/wefwefwef/docs/other/6222650387/repo/use_binaries/.xml/specs_socket.xml"
Reading XML for "/home/pete/wefwefwef/docs/other/6222650387/repo/use_binaries/.xml/specs_gen_smtp_server_session.xml"
Generating HTML - smtp_server_example "/home/pete/wefwefwef/docs/other/6222650387/repo/use_binaries/.xml/gen_smtp/smtp_server_example.xml"
Reading XML for "/home/pete/wefwefwef/docs/other/6222650387/repo/use_binaries/.xml/gen_smtp/smtp_server_example.xml"
Reading XML for "/home/pete/wefwefwef/docs/other/6222650387/repo/use_binaries/.xml/specs_smtp_server_example.xml"
Creating index.html ...
Creating erldocs_index.js ...
Woot, finished in 0 Minutes 1 Seconds
 :: Discovering other repos
$ 5000  `rm -r '/home/pete/wefwefwef/docs/other/6222650387/gen_smtp-branch-use_binaries'  2>&1`
 :: Processing https://github.com/zotonic/gen_smtp	{rev,branch,"zotonic-subject-encoding","5573728e0eed403b919d947c5ee30fb6c6554dbb",undefined,[],[]}
 :: Fetching repo code
$ cd "/home/pete/wefwefwef/docs/other/6222650387/gen_smtp-branch-zotonic-subject-encoding/gen_smtp"
$ infinity  `curl --fail --silent --show-error --location --output 'zotonic-subject-encoding.zip' 'https://github.com/zotonic/gen_smtp/archive/zotonic-subject-encoding.zip'  2>&1`
$ cd "/home/pete/wefwefwef/docs/erldocs_other.git"
$ cd "/home/pete/wefwefwef/docs/other/6222650387/gen_smtp-branch-zotonic-subject-encoding/gen_smtp"
$ 5000  `find -P . -type l -delete  2>&1`
$ cd "/home/pete/wefwefwef/docs/erldocs_other.git"
$ cd "/home/pete/wefwefwef/docs/other/6222650387/gen_smtp-branch-zotonic-subject-encoding/gen_smtp"
$ 5000  `find 'gen_smtp-zotonic-subject-encoding' -mindepth 1 -maxdepth 1 -exec mv -t . -- {} +  2>&1`
$ cd "/home/pete/wefwefwef/docs/erldocs_other.git"
 :: Getting dependencies
$ cd "/home/pete/wefwefwef/docs/other/6222650387/gen_smtp-branch-zotonic-subject-encoding/gen_smtp"
$ 5000  `ls -1 deps/  2>&1`
$ cd "/home/pete/wefwefwef/docs/erldocs_other.git"
>>> [rebar] deps = []
 :: Generating erldocs into /home/pete/wefwefwef/docs/other/6222650387/repo/zotonic-subject-encoding
Building gen_smtp
Generating Type Specs - "/home/pete/wefwefwef/docs/other/6222650387/gen_smtp-branch-zotonic-subject-encoding/gen_smtp/src/binstr.erl"
Generating Type Specs - "/home/pete/wefwefwef/docs/other/6222650387/gen_smtp-branch-zotonic-subject-encoding/gen_smtp/src/gen_smtp_client.erl"
Generating Type Specs - "/home/pete/wefwefwef/docs/other/6222650387/gen_smtp-branch-zotonic-subject-encoding/gen_smtp/src/gen_smtp_server.erl"
Generating Type Specs - "/home/pete/wefwefwef/docs/other/6222650387/gen_smtp-branch-zotonic-subject-encoding/gen_smtp/src/gen_smtp_server_session.erl"
Generating Type Specs - "/home/pete/wefwefwef/docs/other/6222650387/gen_smtp-branch-zotonic-subject-encoding/gen_smtp/src/mimemail.erl"
Generating Type Specs - "/home/pete/wefwefwef/docs/other/6222650387/gen_smtp-branch-zotonic-subject-encoding/gen_smtp/src/smtp_server_example.erl"
Generating Type Specs - "/home/pete/wefwefwef/docs/other/6222650387/gen_smtp-branch-zotonic-subject-encoding/gen_smtp/src/smtp_util.erl"
Generating Type Specs - "/home/pete/wefwefwef/docs/other/6222650387/gen_smtp-branch-zotonic-subject-encoding/gen_smtp/src/socket.erl"
Generating XML for application gen_smtp "/home/pete/wefwefwef/docs/other/6222650387/gen_smtp-branch-zotonic-subject-encoding/gen_smtp" -> "/home/pete/wefwefwef/docs/other/6222650387/repo/zotonic-subject-encoding/.xml/gen_smtp"
Generated gen_smtp XMLs: ["/home/pete/wefwefwef/docs/other/6222650387/repo/zotonic-subject-encoding/.xml/gen_smtp/binstr.xml",
                          "/home/pete/wefwefwef/docs/other/6222650387/repo/zotonic-subject-encoding/.xml/gen_smtp/smtp_util.xml",
                          "/home/pete/wefwefwef/docs/other/6222650387/repo/zotonic-subject-encoding/.xml/gen_smtp/gen_smtp_client.xml",
                          "/home/pete/wefwefwef/docs/other/6222650387/repo/zotonic-subject-encoding/.xml/gen_smtp/socket.xml",
                          "/home/pete/wefwefwef/docs/other/6222650387/repo/zotonic-subject-encoding/.xml/gen_smtp/mimemail.xml",
                          "/home/pete/wefwefwef/docs/other/6222650387/repo/zotonic-subject-encoding/.xml/gen_smtp/smtp_server_example.xml",
                          "/home/pete/wefwefwef/docs/other/6222650387/repo/zotonic-subject-encoding/.xml/gen_smtp/gen_smtp_server_session.xml",
                          "/home/pete/wefwefwef/docs/other/6222650387/repo/zotonic-subject-encoding/.xml/gen_smtp/gen_smtp_server.xml"]
Generating HTML - smtp_util "/home/pete/wefwefwef/docs/other/6222650387/repo/zotonic-subject-encoding/.xml/gen_smtp/smtp_util.xml"
Generating HTML - smtp_server_example "/home/pete/wefwefwef/docs/other/6222650387/repo/zotonic-subject-encoding/.xml/gen_smtp/smtp_server_example.xml"
Generating HTML - socket "/home/pete/wefwefwef/docs/other/6222650387/repo/zotonic-subject-encoding/.xml/gen_smtp/socket.xml"
Generating HTML - gen_smtp_server "/home/pete/wefwefwef/docs/other/6222650387/repo/zotonic-subject-encoding/.xml/gen_smtp/gen_smtp_server.xml"
Reading XML for "/home/pete/wefwefwef/docs/other/6222650387/repo/zotonic-subject-encoding/.xml/gen_smtp/smtp_util.xml"
Reading XML for "/home/pete/wefwefwef/docs/other/6222650387/repo/zotonic-subject-encoding/.xml/gen_smtp/smtp_server_example.xml"
Reading XML for "/home/pete/wefwefwef/docs/other/6222650387/repo/zotonic-subject-encoding/.xml/gen_smtp/socket.xml"
Reading XML for "/home/pete/wefwefwef/docs/other/6222650387/repo/zotonic-subject-encoding/.xml/gen_smtp/gen_smtp_server.xml"
Reading XML for "/home/pete/wefwefwef/docs/other/6222650387/repo/zotonic-subject-encoding/.xml/specs_smtp_util.xml"
Reading XML for "/home/pete/wefwefwef/docs/other/6222650387/repo/zotonic-subject-encoding/.xml/specs_socket.xml"
Reading XML for "/home/pete/wefwefwef/docs/other/6222650387/repo/zotonic-subject-encoding/.xml/specs_smtp_server_example.xml"
Generating HTML - binstr "/home/pete/wefwefwef/docs/other/6222650387/repo/zotonic-subject-encoding/.xml/gen_smtp/binstr.xml"
Reading XML for "/home/pete/wefwefwef/docs/other/6222650387/repo/zotonic-subject-encoding/.xml/specs_gen_smtp_server.xml"
Reading XML for "/home/pete/wefwefwef/docs/other/6222650387/repo/zotonic-subject-encoding/.xml/gen_smtp/binstr.xml"
Generating HTML - mimemail "/home/pete/wefwefwef/docs/other/6222650387/repo/zotonic-subject-encoding/.xml/gen_smtp/mimemail.xml"
Reading XML for "/home/pete/wefwefwef/docs/other/6222650387/repo/zotonic-subject-encoding/.xml/gen_smtp/mimemail.xml"
Generating HTML - gen_smtp_client "/home/pete/wefwefwef/docs/other/6222650387/repo/zotonic-subject-encoding/.xml/gen_smtp/gen_smtp_client.xml"
Reading XML for "/home/pete/wefwefwef/docs/other/6222650387/repo/zotonic-subject-encoding/.xml/gen_smtp/gen_smtp_client.xml"
Generating HTML - gen_smtp_server_session "/home/pete/wefwefwef/docs/other/6222650387/repo/zotonic-subject-encoding/.xml/gen_smtp/gen_smtp_server_session.xml"
Reading XML for "/home/pete/wefwefwef/docs/other/6222650387/repo/zotonic-subject-encoding/.xml/gen_smtp/gen_smtp_server_session.xml"
Reading XML for "/home/pete/wefwefwef/docs/other/6222650387/repo/zotonic-subject-encoding/.xml/specs_binstr.xml"
Reading XML for "/home/pete/wefwefwef/docs/other/6222650387/repo/zotonic-subject-encoding/.xml/specs_mimemail.xml"
Reading XML for "/home/pete/wefwefwef/docs/other/6222650387/repo/zotonic-subject-encoding/.xml/specs_gen_smtp_client.xml"
Reading XML for "/home/pete/wefwefwef/docs/other/6222650387/repo/zotonic-subject-encoding/.xml/specs_gen_smtp_server_session.xml"
Creating index.html ...
Creating erldocs_index.js ...
Woot, finished in 0 Minutes 2 Seconds
 :: Discovering other repos
$ 5000  `rm -r '/home/pete/wefwefwef/docs/other/6222650387/gen_smtp-branch-zotonic-subject-encoding'  2>&1`
 :: Finishing up
$ 5000  `rm -r '/home/pete/wefwefwef/docs/other/6222650387/gen_smtp'  2>&1`
