 :: Extracting meta information
$ 5000  `git ls-remote --heads --tags 'https://github.com/zkessin/webmachine-dispatch-watcher'  2>&1`
>>> [repo] 1 branches, 0 tags
 :: Writing meta to "/home/pete/wefwefwef/docs/other/9123880898/meta.txt"
 :: Processing https://github.com/zkessin/webmachine-dispatch-watcher	{rev,branch,"master","8cf89f8659b11cc5672905ed2fbf8c49dfc5911b"}
 :: Fetching repo code
$ cd "/home/pete/wefwefwef/docs/other/9123880898/webmachine-dispatch-watcher-branch-master/webmachine-dispatch-watcher"
$ infinity  `curl --fail --silent --show-error --location --output 'master.zip' 'https://github.com/zkessin/webmachine-dispatch-watcher/archive/master.zip'  2>&1`
$ cd "/home/pete/wefwefwef/docs/erldocs_other.git"
$ cd "/home/pete/wefwefwef/docs/other/9123880898/webmachine-dispatch-watcher-branch-master/webmachine-dispatch-watcher"
$ 5000  `find -P . -type l -delete  2>&1`
$ cd "/home/pete/wefwefwef/docs/erldocs_other.git"
$ cd "/home/pete/wefwefwef/docs/other/9123880898/webmachine-dispatch-watcher-branch-master/webmachine-dispatch-watcher"
$ 5000  `find 'webmachine-dispatch-watcher-master' -mindepth 1 -maxdepth 1 -exec mv -t . -- {} +  2>&1`
$ cd "/home/pete/wefwefwef/docs/erldocs_other.git"
 :: Getting dependencies
$ cd "/home/pete/wefwefwef/docs/other/9123880898/webmachine-dispatch-watcher-branch-master/webmachine-dispatch-watcher"
$ 5000  `ls -1 deps/  2>&1`
$ cd "/home/pete/wefwefwef/docs/erldocs_other.git"
>>> [rebar] deps = []
 :: Generating erldocs into /home/pete/wefwefwef/docs/other/9123880898/repo/master
Building webmachine-dispatch-watcher
Generating Type Specs - "/home/pete/wefwefwef/docs/other/9123880898/webmachine-dispatch-watcher-branch-master/webmachine-dispatch-watcher/src/dispatch_watcher.erl"
Generating Type Specs - "/home/pete/wefwefwef/docs/other/9123880898/webmachine-dispatch-watcher-branch-master/webmachine-dispatch-watcher/src/dispatch_watcher_app.erl"
Generating Type Specs - "/home/pete/wefwefwef/docs/other/9123880898/webmachine-dispatch-watcher-branch-master/webmachine-dispatch-watcher/src/dispatch_watcher_sup.erl"
Generating Type Specs - "/home/pete/wefwefwef/docs/other/9123880898/webmachine-dispatch-watcher-branch-master/webmachine-dispatch-watcher/src/time_interval.erl"
Generating XML for application webmachine-dispatch-watcher "/home/pete/wefwefwef/docs/other/9123880898/webmachine-dispatch-watcher-branch-master/webmachine-dispatch-watcher" -> "/home/pete/wefwefwef/docs/other/9123880898/repo/master/.xml/webmachine-dispatch-watcher"
/home/pete/wefwefwef/docs/other/9123880898/webmachine-dispatch-watcher-branch-master/webmachine-dispatch-watcher/src/dispatch_watcher.erl, function start_link/0: at line 21: @spec name does not match.
edoc: skipping source file '/home/pete/wefwefwef/docs/other/9123880898/webmachine-dispatch-watcher-branch-master/webmachine-dispatch-watcher/src/dispatch_watcher.erl': {'EXIT',
                                                                                                                                                                   error}.
edoc: error in doclet 'edoc_doclet': {'EXIT',error}.
Error generating webmachine-dispatch-watcher XMLs. Using fallback ...
Generating XML webmachine-dispatch-watcher - dispatch_watcher "/home/pete/wefwefwef/docs/other/9123880898/webmachine-dispatch-watcher-branch-master/webmachine-dispatch-watcher/src/dispatch_watcher.erl" -> "/home/pete/wefwefwef/docs/other/9123880898/repo/master/.xml/webmachine-dispatch-watcher/dispatch_watcher.xml"
/home/pete/wefwefwef/docs/other/9123880898/webmachine-dispatch-watcher-branch-master/webmachine-dispatch-watcher/src/dispatch_watcher.erl, function start_link/0: at line 21: @spec name does not match.
Error generating XML ("/home/pete/wefwefwef/docs/other/9123880898/webmachine-dispatch-watcher-branch-master/webmachine-dispatch-watcher/src/dispatch_watcher.erl"): {'EXIT',
                                                                                                                                                                     error}
Generating XML webmachine-dispatch-watcher - dispatch_watcher_app "/home/pete/wefwefwef/docs/other/9123880898/webmachine-dispatch-watcher-branch-master/webmachine-dispatch-watcher/src/dispatch_watcher_app.erl" -> "/home/pete/wefwefwef/docs/other/9123880898/repo/master/.xml/webmachine-dispatch-watcher/dispatch_watcher_app.xml"
Generating XML webmachine-dispatch-watcher - dispatch_watcher_sup "/home/pete/wefwefwef/docs/other/9123880898/webmachine-dispatch-watcher-branch-master/webmachine-dispatch-watcher/src/dispatch_watcher_sup.erl" -> "/home/pete/wefwefwef/docs/other/9123880898/repo/master/.xml/webmachine-dispatch-watcher/dispatch_watcher_sup.xml"
Generating XML webmachine-dispatch-watcher - time_interval "/home/pete/wefwefwef/docs/other/9123880898/webmachine-dispatch-watcher-branch-master/webmachine-dispatch-watcher/src/time_interval.erl" -> "/home/pete/wefwefwef/docs/other/9123880898/repo/master/.xml/webmachine-dispatch-watcher/time_interval.xml"
Generating HTML - dispatch_watcher_app "/home/pete/wefwefwef/docs/other/9123880898/repo/master/.xml/webmachine-dispatch-watcher/dispatch_watcher_app.xml"
Reading XML for "/home/pete/wefwefwef/docs/other/9123880898/repo/master/.xml/webmachine-dispatch-watcher/dispatch_watcher_app.xml"
Reading XML for "/home/pete/wefwefwef/docs/other/9123880898/repo/master/.xml/specs_dispatch_watcher_app.xml"
Generating HTML - dispatch_watcher_sup "/home/pete/wefwefwef/docs/other/9123880898/repo/master/.xml/webmachine-dispatch-watcher/dispatch_watcher_sup.xml"
Reading XML for "/home/pete/wefwefwef/docs/other/9123880898/repo/master/.xml/webmachine-dispatch-watcher/dispatch_watcher_sup.xml"
Reading XML for "/home/pete/wefwefwef/docs/other/9123880898/repo/master/.xml/specs_dispatch_watcher_sup.xml"
Generating HTML - time_interval "/home/pete/wefwefwef/docs/other/9123880898/repo/master/.xml/webmachine-dispatch-watcher/time_interval.xml"
Reading XML for "/home/pete/wefwefwef/docs/other/9123880898/repo/master/.xml/webmachine-dispatch-watcher/time_interval.xml"
Reading XML for "/home/pete/wefwefwef/docs/other/9123880898/repo/master/.xml/specs_time_interval.xml"
Creating index.html ...
Creating erldocs_index.js ...
Woot, finished in 0 Minutes 0 Seconds
 :: Discovering other repos
$ 5000  `rm -r '/home/pete/wefwefwef/docs/other/9123880898/webmachine-dispatch-watcher-branch-master'  2>&1`
 :: Erldocs finishing up
$ 5000  `rm -r '/home/pete/wefwefwef/docs/other/9123880898/webmachine-dispatch-watcher'  2>&1`
