 :: Extracting meta information
$ 5000  `git ls-remote --heads --tags 'https://github.com/tonyg/erlang-nacl'  2>&1`
>>> [repo] 1 branches, 0 tags
 :: Writing meta to "/home/pete/wefwefwef/docs/other/4366725330/meta.txt"
 :: Processing https://github.com/tonyg/erlang-nacl	{rev,branch,"master","90a268112949b16bb7c0acae7a8bbef6432a67c6",undefined,[],[]}
 :: Fetching repo code
$ cd "/home/pete/wefwefwef/docs/other/4366725330/erlang-nacl-branch-master/erlang-nacl"
$ infinity  `curl --fail --silent --show-error --location --output 'master.zip' 'https://github.com/tonyg/erlang-nacl/archive/master.zip'  2>&1`
$ cd "/home/pete/wefwefwef/docs/erldocs_other.git"
$ cd "/home/pete/wefwefwef/docs/other/4366725330/erlang-nacl-branch-master/erlang-nacl"
$ 5000  `find -P . -type l -delete  2>&1`
$ cd "/home/pete/wefwefwef/docs/erldocs_other.git"
$ cd "/home/pete/wefwefwef/docs/other/4366725330/erlang-nacl-branch-master/erlang-nacl"
$ 5000  `find 'erlang-nacl-master' -mindepth 1 -maxdepth 1 -exec mv -t . -- {} +  2>&1`
$ cd "/home/pete/wefwefwef/docs/erldocs_other.git"
 :: Getting dependencies
$ cd "/home/pete/wefwefwef/docs/other/4366725330/erlang-nacl-branch-master/erlang-nacl"
$ 5000  `ls -1 deps/  2>&1`
$ cd "/home/pete/wefwefwef/docs/erldocs_other.git"
>>> [rebar] deps = []
 :: Generating erldocs into /home/pete/wefwefwef/docs/other/4366725330/repo/master
Building erlang-nacl
Generating Type Specs - "/home/pete/wefwefwef/docs/other/4366725330/erlang-nacl-branch-master/erlang-nacl/src/nacl.erl"
Generating Type Specs - "/home/pete/wefwefwef/docs/other/4366725330/erlang-nacl-branch-master/erlang-nacl/src/nacl_app.erl"
Generating Type Specs - "/home/pete/wefwefwef/docs/other/4366725330/erlang-nacl-branch-master/erlang-nacl/src/nacl_nif.erl"
Generating Type Specs - "/home/pete/wefwefwef/docs/other/4366725330/erlang-nacl-branch-master/erlang-nacl/src/nacl_sup.erl"
Generating XML for application erlang-nacl "/home/pete/wefwefwef/docs/other/4366725330/erlang-nacl-branch-master/erlang-nacl" -> "/home/pete/wefwefwef/docs/other/4366725330/repo/master/.xml/erlang-nacl"
Generated erlang-nacl XMLs: ["/home/pete/wefwefwef/docs/other/4366725330/repo/master/.xml/erlang-nacl/nacl_app.xml",
                             "/home/pete/wefwefwef/docs/other/4366725330/repo/master/.xml/erlang-nacl/nacl_nif.xml",
                             "/home/pete/wefwefwef/docs/other/4366725330/repo/master/.xml/erlang-nacl/nacl.xml",
                             "/home/pete/wefwefwef/docs/other/4366725330/repo/master/.xml/erlang-nacl/nacl_sup.xml"]
Generating HTML - nacl_app "/home/pete/wefwefwef/docs/other/4366725330/repo/master/.xml/erlang-nacl/nacl_app.xml"
Generating HTML - nacl_nif "/home/pete/wefwefwef/docs/other/4366725330/repo/master/.xml/erlang-nacl/nacl_nif.xml"
Generating HTML - nacl "/home/pete/wefwefwef/docs/other/4366725330/repo/master/.xml/erlang-nacl/nacl.xml"
Generating HTML - nacl_sup "/home/pete/wefwefwef/docs/other/4366725330/repo/master/.xml/erlang-nacl/nacl_sup.xml"
Reading XML for "/home/pete/wefwefwef/docs/other/4366725330/repo/master/.xml/erlang-nacl/nacl_app.xml"
Reading XML for "/home/pete/wefwefwef/docs/other/4366725330/repo/master/.xml/erlang-nacl/nacl_nif.xml"
Reading XML for "/home/pete/wefwefwef/docs/other/4366725330/repo/master/.xml/erlang-nacl/nacl.xml"
Reading XML for "/home/pete/wefwefwef/docs/other/4366725330/repo/master/.xml/erlang-nacl/nacl_sup.xml"
Reading XML for "/home/pete/wefwefwef/docs/other/4366725330/repo/master/.xml/specs_nacl_app.xml"
Reading XML for "/home/pete/wefwefwef/docs/other/4366725330/repo/master/.xml/specs_nacl_sup.xml"
Reading XML for "/home/pete/wefwefwef/docs/other/4366725330/repo/master/.xml/specs_nacl_nif.xml"
Reading XML for "/home/pete/wefwefwef/docs/other/4366725330/repo/master/.xml/specs_nacl.xml"
Creating index.html ...
Creating erldocs_index.js ...
Woot, finished in 0 Minutes 0 Seconds
 :: Discovering other repos
$ 5000  `rm -r '/home/pete/wefwefwef/docs/other/4366725330/erlang-nacl-branch-master'  2>&1`
 :: Finishing up
$ 5000  `rm -r '/home/pete/wefwefwef/docs/other/4366725330/erlang-nacl'  2>&1`
