 :: Extracting meta information
$ 5000  `git ls-remote --heads --tags 'https://github.com/yzh44yzh/pickle'  2>&1`
>>> [repo] 1 branches, 0 tags
 :: Writing meta to "/home/pete/wefwefwef/docs/other/8855119215/meta.txt"
 :: Processing https://github.com/yzh44yzh/pickle	{rev,branch,"master","6e3d04bfd58f94e5fdd231bf11d67312326b84d5",undefined,[],[]}
 :: Fetching repo code
$ cd "/home/pete/wefwefwef/docs/other/8855119215/pickle-branch-master/pickle"
$ infinity  `curl --fail --silent --show-error --location --output 'master.zip' 'https://github.com/yzh44yzh/pickle/archive/master.zip'  2>&1`
$ cd "/home/pete/wefwefwef/docs/erldocs_other.git"
$ cd "/home/pete/wefwefwef/docs/other/8855119215/pickle-branch-master/pickle"
$ 5000  `find -P . -type l -delete  2>&1`
$ cd "/home/pete/wefwefwef/docs/erldocs_other.git"
$ cd "/home/pete/wefwefwef/docs/other/8855119215/pickle-branch-master/pickle"
$ 5000  `find 'pickle-master' -mindepth 1 -maxdepth 1 -exec mv -t . -- {} +  2>&1`
$ cd "/home/pete/wefwefwef/docs/erldocs_other.git"
 :: Getting dependencies
$ cd "/home/pete/wefwefwef/docs/other/8855119215/pickle-branch-master/pickle"
$ 5000  `ls -1 deps/  2>&1`
$ cd "/home/pete/wefwefwef/docs/erldocs_other.git"
>>> [rebar] deps = []
 :: Generating erldocs into /home/pete/wefwefwef/docs/other/8855119215/repo/master
Building pickle
Generating Type Specs - "/home/pete/wefwefwef/docs/other/8855119215/pickle-branch-master/pickle/src/pickle.erl"
Generating XML for application pickle "/home/pete/wefwefwef/docs/other/8855119215/pickle-branch-master/pickle" -> "/home/pete/wefwefwef/docs/other/8855119215/repo/master/.xml/pickle"
Generated pickle XMLs: ["/home/pete/wefwefwef/docs/other/8855119215/repo/master/.xml/pickle/pickle.xml"]
Generating HTML - pickle "/home/pete/wefwefwef/docs/other/8855119215/repo/master/.xml/pickle/pickle.xml"
Reading XML for "/home/pete/wefwefwef/docs/other/8855119215/repo/master/.xml/pickle/pickle.xml"
Reading XML for "/home/pete/wefwefwef/docs/other/8855119215/repo/master/.xml/specs_pickle.xml"
Creating index.html ...
Creating erldocs_index.js ...
Woot, finished in 0 Minutes 0 Seconds
 :: Discovering other repos
$ 5000  `rm -r '/home/pete/wefwefwef/docs/other/8855119215/pickle-branch-master'  2>&1`
 :: Finishing up
$ 5000  `rm -r '/home/pete/wefwefwef/docs/other/8855119215/pickle'  2>&1`
