 :: Extracting meta information
$ 5000  `git ls-remote --heads --tags 'https://github.com/zhizhen/erlog'  2>&1`
>>> [repo] 1 branches, 0 tags
 :: Writing meta to "/home/pete/wefwefwef/docs/other/4181407570/meta.txt"
 :: Processing https://github.com/zhizhen/erlog	{rev,branch,"master","ca5257ff6b2b3a9ff42a4cc179c55bf4b2274b66",undefined,[],[]}
 :: Fetching repo code
$ cd "/home/pete/wefwefwef/docs/other/4181407570/erlog-branch-master/erlog"
$ infinity  `curl --fail --silent --show-error --location --output 'master.zip' 'https://github.com/zhizhen/erlog/archive/master.zip'  2>&1`
$ cd "/home/pete/wefwefwef/docs/erldocs_other.git"
$ cd "/home/pete/wefwefwef/docs/other/4181407570/erlog-branch-master/erlog"
$ 5000  `find -P . -type l -delete  2>&1`
$ cd "/home/pete/wefwefwef/docs/erldocs_other.git"
$ cd "/home/pete/wefwefwef/docs/other/4181407570/erlog-branch-master/erlog"
$ 5000  `find 'erlog-master' -mindepth 1 -maxdepth 1 -exec mv -t . -- {} +  2>&1`
$ cd "/home/pete/wefwefwef/docs/erldocs_other.git"
 :: Getting dependencies
$ cd "/home/pete/wefwefwef/docs/other/4181407570/erlog-branch-master/erlog"
$ 5000  `ls -1 deps/  2>&1`
$ cd "/home/pete/wefwefwef/docs/erldocs_other.git"
>>> [rebar] deps = []
 :: Generating erldocs into /home/pete/wefwefwef/docs/other/4181407570/repo/master
Building erlog
Generating Type Specs - "/home/pete/wefwefwef/docs/other/4181407570/erlog-branch-master/erlog/src/dynamic_compile.erl"
Generating Type Specs - "/home/pete/wefwefwef/docs/other/4181407570/erlog-branch-master/erlog/src/erlog.erl"
Generating Type Specs - "/home/pete/wefwefwef/docs/other/4181407570/erlog-branch-master/erlog/src/erlog_app.erl"
Generating Type Specs - "/home/pete/wefwefwef/docs/other/4181407570/erlog-branch-master/erlog/src/erlog_sup.erl"
Generating Type Specs - "/home/pete/wefwefwef/docs/other/4181407570/erlog-branch-master/erlog/src/file_appender.erl"
Generating Type Specs - "/home/pete/wefwefwef/docs/other/4181407570/erlog-branch-master/erlog/src/loglevel.erl"
Generating XML for application erlog "/home/pete/wefwefwef/docs/other/4181407570/erlog-branch-master/erlog" -> "/home/pete/wefwefwef/docs/other/4181407570/repo/master/.xml/erlog"
Generated erlog XMLs: ["/home/pete/wefwefwef/docs/other/4181407570/repo/master/.xml/erlog/dynamic_compile.xml",
                       "/home/pete/wefwefwef/docs/other/4181407570/repo/master/.xml/erlog/erlog.xml",
                       "/home/pete/wefwefwef/docs/other/4181407570/repo/master/.xml/erlog/loglevel.xml",
                       "/home/pete/wefwefwef/docs/other/4181407570/repo/master/.xml/erlog/file_appender.xml",
                       "/home/pete/wefwefwef/docs/other/4181407570/repo/master/.xml/erlog/erlog_sup.xml",
                       "/home/pete/wefwefwef/docs/other/4181407570/repo/master/.xml/erlog/erlog_app.xml"]
Generating HTML - dynamic_compile "/home/pete/wefwefwef/docs/other/4181407570/repo/master/.xml/erlog/dynamic_compile.xml"
Generating HTML - erlog "/home/pete/wefwefwef/docs/other/4181407570/repo/master/.xml/erlog/erlog.xml"
Generating HTML - loglevel "/home/pete/wefwefwef/docs/other/4181407570/repo/master/.xml/erlog/loglevel.xml"
Generating HTML - erlog_app "/home/pete/wefwefwef/docs/other/4181407570/repo/master/.xml/erlog/erlog_app.xml"
Reading XML for "/home/pete/wefwefwef/docs/other/4181407570/repo/master/.xml/erlog/dynamic_compile.xml"
Reading XML for "/home/pete/wefwefwef/docs/other/4181407570/repo/master/.xml/erlog/erlog.xml"
Reading XML for "/home/pete/wefwefwef/docs/other/4181407570/repo/master/.xml/erlog/loglevel.xml"
Reading XML for "/home/pete/wefwefwef/docs/other/4181407570/repo/master/.xml/erlog/erlog_app.xml"
Reading XML for "/home/pete/wefwefwef/docs/other/4181407570/repo/master/.xml/specs_dynamic_compile.xml"
Reading XML for "/home/pete/wefwefwef/docs/other/4181407570/repo/master/.xml/specs_erlog.xml"
Reading XML for "/home/pete/wefwefwef/docs/other/4181407570/repo/master/.xml/specs_loglevel.xml"
Reading XML for "/home/pete/wefwefwef/docs/other/4181407570/repo/master/.xml/specs_erlog_app.xml"
Generating HTML - erlog_sup "/home/pete/wefwefwef/docs/other/4181407570/repo/master/.xml/erlog/erlog_sup.xml"
Reading XML for "/home/pete/wefwefwef/docs/other/4181407570/repo/master/.xml/erlog/erlog_sup.xml"
Reading XML for "/home/pete/wefwefwef/docs/other/4181407570/repo/master/.xml/specs_erlog_sup.xml"
Generating HTML - file_appender "/home/pete/wefwefwef/docs/other/4181407570/repo/master/.xml/erlog/file_appender.xml"
Reading XML for "/home/pete/wefwefwef/docs/other/4181407570/repo/master/.xml/erlog/file_appender.xml"
Reading XML for "/home/pete/wefwefwef/docs/other/4181407570/repo/master/.xml/specs_file_appender.xml"
Creating index.html ...
Creating erldocs_index.js ...
Woot, finished in 0 Minutes 0 Seconds
 :: Discovering other repos
$ 5000  `rm -r '/home/pete/wefwefwef/docs/other/4181407570/erlog-branch-master'  2>&1`
 :: Finishing up
$ 5000  `rm -r '/home/pete/wefwefwef/docs/other/4181407570/erlog'  2>&1`
