 :: Extracting meta information
$ 5000  `git ls-remote --heads --tags 'https://github.com/spilgames/meck'  2>&1`
>>> [repo] 8 branches, 11 tags
 :: Writing meta to "/home/pete/wefwefwef/docs/other/221790523/meta.txt"
 :: Processing https://github.com/spilgames/meck	{rev,tag,"0.5","3bdbb81831543476c5840d754555b8a22dd5b5af"}
 :: Fetching repo code
$ cd "/home/pete/wefwefwef/docs/other/221790523/meck-tag-0.5/meck"
$ infinity  `curl --fail --silent --show-error --location --output '0.5.zip' 'https://github.com/spilgames/meck/archive/0.5.zip'  2>&1`
$ cd "/home/pete/wefwefwef/docs/erldocs_other.git"
$ cd "/home/pete/wefwefwef/docs/other/221790523/meck-tag-0.5/meck"
$ 5000  `find -P . -type l -delete  2>&1`
$ cd "/home/pete/wefwefwef/docs/erldocs_other.git"
$ cd "/home/pete/wefwefwef/docs/other/221790523/meck-tag-0.5/meck"
$ 5000  `find 'meck-0.5' -mindepth 1 -maxdepth 1 -exec mv -t . -- {} +  2>&1`
$ cd "/home/pete/wefwefwef/docs/erldocs_other.git"
 :: Getting dependencies
$ cd "/home/pete/wefwefwef/docs/other/221790523/meck-tag-0.5/meck"
$ 5000  `ls -1 deps/  2>&1`
$ cd "/home/pete/wefwefwef/docs/erldocs_other.git"
>>> [rebar] deps = []
 :: Generating erldocs into /home/pete/wefwefwef/docs/other/221790523/repo/0.5
Building meck
Generating Type Specs - "/home/pete/wefwefwef/docs/other/221790523/meck-tag-0.5/meck/src/meck.erl"
Generating XML for application meck "/home/pete/wefwefwef/docs/other/221790523/meck-tag-0.5/meck" -> "/home/pete/wefwefwef/docs/other/221790523/repo/0.5/.xml/meck"
Generated meck XMLs: ["/home/pete/wefwefwef/docs/other/221790523/repo/0.5/.xml/meck/meck.xml"]
Generating HTML - meck "/home/pete/wefwefwef/docs/other/221790523/repo/0.5/.xml/meck/meck.xml"
Reading XML for "/home/pete/wefwefwef/docs/other/221790523/repo/0.5/.xml/meck/meck.xml"
Reading XML for "/home/pete/wefwefwef/docs/other/221790523/repo/0.5/.xml/specs_meck.xml"
Creating index.html ...
Creating erldocs_index.js ...
Woot, finished in 0 Minutes 0 Seconds
 :: Discovering other repos
$ 5000  `rm -r '/home/pete/wefwefwef/docs/other/221790523/meck-tag-0.5'  2>&1`
 :: Processing https://github.com/spilgames/meck	{rev,tag,"0.5.1","d07a2d36d38c60ca697629d59d67298d396fab6a"}
 :: Fetching repo code
$ cd "/home/pete/wefwefwef/docs/other/221790523/meck-tag-0.5.1/meck"
$ infinity  `curl --fail --silent --show-error --location --output '0.5.1.zip' 'https://github.com/spilgames/meck/archive/0.5.1.zip'  2>&1`
$ cd "/home/pete/wefwefwef/docs/erldocs_other.git"
$ cd "/home/pete/wefwefwef/docs/other/221790523/meck-tag-0.5.1/meck"
$ 5000  `find -P . -type l -delete  2>&1`
$ cd "/home/pete/wefwefwef/docs/erldocs_other.git"
$ cd "/home/pete/wefwefwef/docs/other/221790523/meck-tag-0.5.1/meck"
$ 5000  `find 'meck-0.5.1' -mindepth 1 -maxdepth 1 -exec mv -t . -- {} +  2>&1`
$ cd "/home/pete/wefwefwef/docs/erldocs_other.git"
 :: Getting dependencies
$ cd "/home/pete/wefwefwef/docs/other/221790523/meck-tag-0.5.1/meck"
$ 5000  `ls -1 deps/  2>&1`
$ cd "/home/pete/wefwefwef/docs/erldocs_other.git"
>>> [rebar] deps = []
 :: Generating erldocs into /home/pete/wefwefwef/docs/other/221790523/repo/0.5.1
Building meck
Generating Type Specs - "/home/pete/wefwefwef/docs/other/221790523/meck-tag-0.5.1/meck/src/meck.erl"
Generating XML for application meck "/home/pete/wefwefwef/docs/other/221790523/meck-tag-0.5.1/meck" -> "/home/pete/wefwefwef/docs/other/221790523/repo/0.5.1/.xml/meck"
Generated meck XMLs: ["/home/pete/wefwefwef/docs/other/221790523/repo/0.5.1/.xml/meck/meck.xml"]
Generating HTML - meck "/home/pete/wefwefwef/docs/other/221790523/repo/0.5.1/.xml/meck/meck.xml"
Reading XML for "/home/pete/wefwefwef/docs/other/221790523/repo/0.5.1/.xml/meck/meck.xml"
Reading XML for "/home/pete/wefwefwef/docs/other/221790523/repo/0.5.1/.xml/specs_meck.xml"
Creating index.html ...
Creating erldocs_index.js ...
Woot, finished in 0 Minutes 0 Seconds
 :: Discovering other repos
$ 5000  `rm -r '/home/pete/wefwefwef/docs/other/221790523/meck-tag-0.5.1'  2>&1`
 :: Processing https://github.com/spilgames/meck	{rev,tag,"0.6","8d86012c851b7ee6eb26831f1822129ee82c8f2e"}
 :: Fetching repo code
$ cd "/home/pete/wefwefwef/docs/other/221790523/meck-tag-0.6/meck"
$ infinity  `curl --fail --silent --show-error --location --output '0.6.zip' 'https://github.com/spilgames/meck/archive/0.6.zip'  2>&1`
$ cd "/home/pete/wefwefwef/docs/erldocs_other.git"
$ cd "/home/pete/wefwefwef/docs/other/221790523/meck-tag-0.6/meck"
$ 5000  `find -P . -type l -delete  2>&1`
$ cd "/home/pete/wefwefwef/docs/erldocs_other.git"
$ cd "/home/pete/wefwefwef/docs/other/221790523/meck-tag-0.6/meck"
$ 5000  `find 'meck-0.6' -mindepth 1 -maxdepth 1 -exec mv -t . -- {} +  2>&1`
$ cd "/home/pete/wefwefwef/docs/erldocs_other.git"
 :: Getting dependencies
$ cd "/home/pete/wefwefwef/docs/other/221790523/meck-tag-0.6/meck"
$ 5000  `ls -1 deps/  2>&1`
$ cd "/home/pete/wefwefwef/docs/erldocs_other.git"
>>> [rebar] deps = []
 :: Generating erldocs into /home/pete/wefwefwef/docs/other/221790523/repo/0.6
Building meck
Generating Type Specs - "/home/pete/wefwefwef/docs/other/221790523/meck-tag-0.6/meck/src/meck.erl"
Generating Type Specs - "/home/pete/wefwefwef/docs/other/221790523/meck-tag-0.6/meck/src/meck_mod.erl"
Generating XML for application meck "/home/pete/wefwefwef/docs/other/221790523/meck-tag-0.6/meck" -> "/home/pete/wefwefwef/docs/other/221790523/repo/0.6/.xml/meck"
Generated meck XMLs: ["/home/pete/wefwefwef/docs/other/221790523/repo/0.6/.xml/meck/meck.xml",
                      "/home/pete/wefwefwef/docs/other/221790523/repo/0.6/.xml/meck/meck_mod.xml"]
Generating HTML - meck_mod "/home/pete/wefwefwef/docs/other/221790523/repo/0.6/.xml/meck/meck_mod.xml"
Reading XML for "/home/pete/wefwefwef/docs/other/221790523/repo/0.6/.xml/meck/meck_mod.xml"
Reading XML for "/home/pete/wefwefwef/docs/other/221790523/repo/0.6/.xml/specs_meck_mod.xml"
Generating HTML - meck "/home/pete/wefwefwef/docs/other/221790523/repo/0.6/.xml/meck/meck.xml"
Reading XML for "/home/pete/wefwefwef/docs/other/221790523/repo/0.6/.xml/meck/meck.xml"
Reading XML for "/home/pete/wefwefwef/docs/other/221790523/repo/0.6/.xml/specs_meck.xml"
Creating index.html ...
Creating erldocs_index.js ...
Woot, finished in 0 Minutes 0 Seconds
 :: Discovering other repos
$ 5000  `rm -r '/home/pete/wefwefwef/docs/other/221790523/meck-tag-0.6'  2>&1`
 :: Processing https://github.com/spilgames/meck	{rev,tag,"0.6.1","85a58b3203165eb28d078e84616a578c75fd6c2b"}
 :: Fetching repo code
$ cd "/home/pete/wefwefwef/docs/other/221790523/meck-tag-0.6.1/meck"
$ infinity  `curl --fail --silent --show-error --location --output '0.6.1.zip' 'https://github.com/spilgames/meck/archive/0.6.1.zip'  2>&1`
$ cd "/home/pete/wefwefwef/docs/erldocs_other.git"
$ cd "/home/pete/wefwefwef/docs/other/221790523/meck-tag-0.6.1/meck"
$ 5000  `find -P . -type l -delete  2>&1`
$ cd "/home/pete/wefwefwef/docs/erldocs_other.git"
$ cd "/home/pete/wefwefwef/docs/other/221790523/meck-tag-0.6.1/meck"
$ 5000  `find 'meck-0.6.1' -mindepth 1 -maxdepth 1 -exec mv -t . -- {} +  2>&1`
$ cd "/home/pete/wefwefwef/docs/erldocs_other.git"
 :: Getting dependencies
$ cd "/home/pete/wefwefwef/docs/other/221790523/meck-tag-0.6.1/meck"
$ 5000  `ls -1 deps/  2>&1`
$ cd "/home/pete/wefwefwef/docs/erldocs_other.git"
>>> [rebar] deps = []
 :: Generating erldocs into /home/pete/wefwefwef/docs/other/221790523/repo/0.6.1
Building meck
Generating Type Specs - "/home/pete/wefwefwef/docs/other/221790523/meck-tag-0.6.1/meck/src/meck.erl"
Generating Type Specs - "/home/pete/wefwefwef/docs/other/221790523/meck-tag-0.6.1/meck/src/meck_mod.erl"
Generating XML for application meck "/home/pete/wefwefwef/docs/other/221790523/meck-tag-0.6.1/meck" -> "/home/pete/wefwefwef/docs/other/221790523/repo/0.6.1/.xml/meck"
Generated meck XMLs: ["/home/pete/wefwefwef/docs/other/221790523/repo/0.6.1/.xml/meck/meck.xml",
                      "/home/pete/wefwefwef/docs/other/221790523/repo/0.6.1/.xml/meck/meck_mod.xml"]
Generating HTML - meck_mod "/home/pete/wefwefwef/docs/other/221790523/repo/0.6.1/.xml/meck/meck_mod.xml"
Reading XML for "/home/pete/wefwefwef/docs/other/221790523/repo/0.6.1/.xml/meck/meck_mod.xml"
Reading XML for "/home/pete/wefwefwef/docs/other/221790523/repo/0.6.1/.xml/specs_meck_mod.xml"
Generating HTML - meck "/home/pete/wefwefwef/docs/other/221790523/repo/0.6.1/.xml/meck/meck.xml"
Reading XML for "/home/pete/wefwefwef/docs/other/221790523/repo/0.6.1/.xml/meck/meck.xml"
Reading XML for "/home/pete/wefwefwef/docs/other/221790523/repo/0.6.1/.xml/specs_meck.xml"
Creating index.html ...
Creating erldocs_index.js ...
Woot, finished in 0 Minutes 0 Seconds
 :: Discovering other repos
$ 5000  `rm -r '/home/pete/wefwefwef/docs/other/221790523/meck-tag-0.6.1'  2>&1`
 :: Processing https://github.com/spilgames/meck	{rev,tag,"0.6.2","9f9ea4a6cafad5ebd3b1e0128e5a3ff0de5340bd"}
 :: Fetching repo code
$ cd "/home/pete/wefwefwef/docs/other/221790523/meck-tag-0.6.2/meck"
$ infinity  `curl --fail --silent --show-error --location --output '0.6.2.zip' 'https://github.com/spilgames/meck/archive/0.6.2.zip'  2>&1`
$ cd "/home/pete/wefwefwef/docs/erldocs_other.git"
$ cd "/home/pete/wefwefwef/docs/other/221790523/meck-tag-0.6.2/meck"
$ 5000  `find -P . -type l -delete  2>&1`
$ cd "/home/pete/wefwefwef/docs/erldocs_other.git"
$ cd "/home/pete/wefwefwef/docs/other/221790523/meck-tag-0.6.2/meck"
$ 5000  `find 'meck-0.6.2' -mindepth 1 -maxdepth 1 -exec mv -t . -- {} +  2>&1`
$ cd "/home/pete/wefwefwef/docs/erldocs_other.git"
 :: Getting dependencies
$ cd "/home/pete/wefwefwef/docs/other/221790523/meck-tag-0.6.2/meck"
$ 5000  `ls -1 deps/  2>&1`
$ cd "/home/pete/wefwefwef/docs/erldocs_other.git"
>>> [rebar] deps = []
 :: Generating erldocs into /home/pete/wefwefwef/docs/other/221790523/repo/0.6.2
Building meck
Generating Type Specs - "/home/pete/wefwefwef/docs/other/221790523/meck-tag-0.6.2/meck/src/meck.erl"
Generating Type Specs - "/home/pete/wefwefwef/docs/other/221790523/meck-tag-0.6.2/meck/src/meck_mod.erl"
Generating XML for application meck "/home/pete/wefwefwef/docs/other/221790523/meck-tag-0.6.2/meck" -> "/home/pete/wefwefwef/docs/other/221790523/repo/0.6.2/.xml/meck"
Generated meck XMLs: ["/home/pete/wefwefwef/docs/other/221790523/repo/0.6.2/.xml/meck/meck.xml",
                      "/home/pete/wefwefwef/docs/other/221790523/repo/0.6.2/.xml/meck/meck_mod.xml"]
Generating HTML - meck_mod "/home/pete/wefwefwef/docs/other/221790523/repo/0.6.2/.xml/meck/meck_mod.xml"
Reading XML for "/home/pete/wefwefwef/docs/other/221790523/repo/0.6.2/.xml/meck/meck_mod.xml"
Reading XML for "/home/pete/wefwefwef/docs/other/221790523/repo/0.6.2/.xml/specs_meck_mod.xml"
Generating HTML - meck "/home/pete/wefwefwef/docs/other/221790523/repo/0.6.2/.xml/meck/meck.xml"
Reading XML for "/home/pete/wefwefwef/docs/other/221790523/repo/0.6.2/.xml/meck/meck.xml"
Reading XML for "/home/pete/wefwefwef/docs/other/221790523/repo/0.6.2/.xml/specs_meck.xml"
Creating index.html ...
Creating erldocs_index.js ...
Woot, finished in 0 Minutes 0 Seconds
 :: Discovering other repos
$ 5000  `rm -r '/home/pete/wefwefwef/docs/other/221790523/meck-tag-0.6.2'  2>&1`
 :: Processing https://github.com/spilgames/meck	{rev,tag,"0.6.3","a383a0ea932d942b5ee727fb8e699c99f2074c24"}
 :: Fetching repo code
$ cd "/home/pete/wefwefwef/docs/other/221790523/meck-tag-0.6.3/meck"
$ infinity  `curl --fail --silent --show-error --location --output '0.6.3.zip' 'https://github.com/spilgames/meck/archive/0.6.3.zip'  2>&1`
$ cd "/home/pete/wefwefwef/docs/erldocs_other.git"
$ cd "/home/pete/wefwefwef/docs/other/221790523/meck-tag-0.6.3/meck"
$ 5000  `find -P . -type l -delete  2>&1`
$ cd "/home/pete/wefwefwef/docs/erldocs_other.git"
$ cd "/home/pete/wefwefwef/docs/other/221790523/meck-tag-0.6.3/meck"
$ 5000  `find 'meck-0.6.3' -mindepth 1 -maxdepth 1 -exec mv -t . -- {} +  2>&1`
$ cd "/home/pete/wefwefwef/docs/erldocs_other.git"
 :: Getting dependencies
$ cd "/home/pete/wefwefwef/docs/other/221790523/meck-tag-0.6.3/meck"
$ 5000  `ls -1 deps/  2>&1`
$ cd "/home/pete/wefwefwef/docs/erldocs_other.git"
>>> [rebar] deps = []
 :: Generating erldocs into /home/pete/wefwefwef/docs/other/221790523/repo/0.6.3
Building meck
Generating Type Specs - "/home/pete/wefwefwef/docs/other/221790523/meck-tag-0.6.3/meck/src/meck.erl"
Generating Type Specs - "/home/pete/wefwefwef/docs/other/221790523/meck-tag-0.6.3/meck/src/meck_mod.erl"
Generating XML for application meck "/home/pete/wefwefwef/docs/other/221790523/meck-tag-0.6.3/meck" -> "/home/pete/wefwefwef/docs/other/221790523/repo/0.6.3/.xml/meck"
Generated meck XMLs: ["/home/pete/wefwefwef/docs/other/221790523/repo/0.6.3/.xml/meck/meck.xml",
                      "/home/pete/wefwefwef/docs/other/221790523/repo/0.6.3/.xml/meck/meck_mod.xml"]
Generating HTML - meck_mod "/home/pete/wefwefwef/docs/other/221790523/repo/0.6.3/.xml/meck/meck_mod.xml"
Reading XML for "/home/pete/wefwefwef/docs/other/221790523/repo/0.6.3/.xml/meck/meck_mod.xml"
Reading XML for "/home/pete/wefwefwef/docs/other/221790523/repo/0.6.3/.xml/specs_meck_mod.xml"
Generating HTML - meck "/home/pete/wefwefwef/docs/other/221790523/repo/0.6.3/.xml/meck/meck.xml"
Reading XML for "/home/pete/wefwefwef/docs/other/221790523/repo/0.6.3/.xml/meck/meck.xml"
Reading XML for "/home/pete/wefwefwef/docs/other/221790523/repo/0.6.3/.xml/specs_meck.xml"
Creating index.html ...
Creating erldocs_index.js ...
Woot, finished in 0 Minutes 0 Seconds
 :: Discovering other repos
$ 5000  `rm -r '/home/pete/wefwefwef/docs/other/221790523/meck-tag-0.6.3'  2>&1`
 :: Processing https://github.com/spilgames/meck	{rev,tag,"0.7","eacde0b2b853724cc345b15bff24e5627a1d6177"}
 :: Fetching repo code
$ cd "/home/pete/wefwefwef/docs/other/221790523/meck-tag-0.7/meck"
$ infinity  `curl --fail --silent --show-error --location --output '0.7.zip' 'https://github.com/spilgames/meck/archive/0.7.zip'  2>&1`
$ cd "/home/pete/wefwefwef/docs/erldocs_other.git"
$ cd "/home/pete/wefwefwef/docs/other/221790523/meck-tag-0.7/meck"
$ 5000  `find -P . -type l -delete  2>&1`
$ cd "/home/pete/wefwefwef/docs/erldocs_other.git"
$ cd "/home/pete/wefwefwef/docs/other/221790523/meck-tag-0.7/meck"
$ 5000  `find 'meck-0.7' -mindepth 1 -maxdepth 1 -exec mv -t . -- {} +  2>&1`
$ cd "/home/pete/wefwefwef/docs/erldocs_other.git"
 :: Getting dependencies
$ cd "/home/pete/wefwefwef/docs/other/221790523/meck-tag-0.7/meck"
$ 5000  `ls -1 deps/  2>&1`
$ cd "/home/pete/wefwefwef/docs/erldocs_other.git"
>>> [rebar] deps = []
 :: Generating erldocs into /home/pete/wefwefwef/docs/other/221790523/repo/0.7
Building meck
Generating Type Specs - "/home/pete/wefwefwef/docs/other/221790523/meck-tag-0.7/meck/src/meck.erl"
Generating Type Specs - "/home/pete/wefwefwef/docs/other/221790523/meck-tag-0.7/meck/src/meck_mod.erl"
Generating XML for application meck "/home/pete/wefwefwef/docs/other/221790523/meck-tag-0.7/meck" -> "/home/pete/wefwefwef/docs/other/221790523/repo/0.7/.xml/meck"
Generated meck XMLs: ["/home/pete/wefwefwef/docs/other/221790523/repo/0.7/.xml/meck/meck.xml",
                      "/home/pete/wefwefwef/docs/other/221790523/repo/0.7/.xml/meck/meck_mod.xml"]
Generating HTML - meck_mod "/home/pete/wefwefwef/docs/other/221790523/repo/0.7/.xml/meck/meck_mod.xml"
Reading XML for "/home/pete/wefwefwef/docs/other/221790523/repo/0.7/.xml/meck/meck_mod.xml"
Reading XML for "/home/pete/wefwefwef/docs/other/221790523/repo/0.7/.xml/specs_meck_mod.xml"
Generating HTML - meck "/home/pete/wefwefwef/docs/other/221790523/repo/0.7/.xml/meck/meck.xml"
Reading XML for "/home/pete/wefwefwef/docs/other/221790523/repo/0.7/.xml/meck/meck.xml"
Reading XML for "/home/pete/wefwefwef/docs/other/221790523/repo/0.7/.xml/specs_meck.xml"
Creating index.html ...
Creating erldocs_index.js ...
Woot, finished in 0 Minutes 0 Seconds
 :: Discovering other repos
$ 5000  `rm -r '/home/pete/wefwefwef/docs/other/221790523/meck-tag-0.7'  2>&1`
 :: Processing https://github.com/spilgames/meck	{rev,tag,"0.7.1","916844d6d1df6b71341f4a90e563d827edc6a02a"}
 :: Fetching repo code
$ cd "/home/pete/wefwefwef/docs/other/221790523/meck-tag-0.7.1/meck"
$ infinity  `curl --fail --silent --show-error --location --output '0.7.1.zip' 'https://github.com/spilgames/meck/archive/0.7.1.zip'  2>&1`
$ cd "/home/pete/wefwefwef/docs/erldocs_other.git"
$ cd "/home/pete/wefwefwef/docs/other/221790523/meck-tag-0.7.1/meck"
$ 5000  `find -P . -type l -delete  2>&1`
$ cd "/home/pete/wefwefwef/docs/erldocs_other.git"
$ cd "/home/pete/wefwefwef/docs/other/221790523/meck-tag-0.7.1/meck"
$ 5000  `find 'meck-0.7.1' -mindepth 1 -maxdepth 1 -exec mv -t . -- {} +  2>&1`
$ cd "/home/pete/wefwefwef/docs/erldocs_other.git"
 :: Getting dependencies
$ cd "/home/pete/wefwefwef/docs/other/221790523/meck-tag-0.7.1/meck"
$ 5000  `ls -1 deps/  2>&1`
$ cd "/home/pete/wefwefwef/docs/erldocs_other.git"
>>> [rebar] deps = []
 :: Generating erldocs into /home/pete/wefwefwef/docs/other/221790523/repo/0.7.1
Building meck
Generating Type Specs - "/home/pete/wefwefwef/docs/other/221790523/meck-tag-0.7.1/meck/src/meck.erl"
Generating Type Specs - "/home/pete/wefwefwef/docs/other/221790523/meck-tag-0.7.1/meck/src/meck_mod.erl"
Generating XML for application meck "/home/pete/wefwefwef/docs/other/221790523/meck-tag-0.7.1/meck" -> "/home/pete/wefwefwef/docs/other/221790523/repo/0.7.1/.xml/meck"
Generated meck XMLs: ["/home/pete/wefwefwef/docs/other/221790523/repo/0.7.1/.xml/meck/meck.xml",
                      "/home/pete/wefwefwef/docs/other/221790523/repo/0.7.1/.xml/meck/meck_mod.xml"]
Generating HTML - meck_mod "/home/pete/wefwefwef/docs/other/221790523/repo/0.7.1/.xml/meck/meck_mod.xml"
Reading XML for "/home/pete/wefwefwef/docs/other/221790523/repo/0.7.1/.xml/meck/meck_mod.xml"
Reading XML for "/home/pete/wefwefwef/docs/other/221790523/repo/0.7.1/.xml/specs_meck_mod.xml"
Generating HTML - meck "/home/pete/wefwefwef/docs/other/221790523/repo/0.7.1/.xml/meck/meck.xml"
Reading XML for "/home/pete/wefwefwef/docs/other/221790523/repo/0.7.1/.xml/meck/meck.xml"
Reading XML for "/home/pete/wefwefwef/docs/other/221790523/repo/0.7.1/.xml/specs_meck.xml"
Creating index.html ...
Creating erldocs_index.js ...
Woot, finished in 0 Minutes 0 Seconds
 :: Discovering other repos
$ 5000  `rm -r '/home/pete/wefwefwef/docs/other/221790523/meck-tag-0.7.1'  2>&1`
 :: Processing https://github.com/spilgames/meck	{rev,tag,"0.7.2","2447206f201bab1054c49cd32621eee23fa0ee3b"}
 :: Fetching repo code
$ cd "/home/pete/wefwefwef/docs/other/221790523/meck-tag-0.7.2/meck"
$ infinity  `curl --fail --silent --show-error --location --output '0.7.2.zip' 'https://github.com/spilgames/meck/archive/0.7.2.zip'  2>&1`
$ cd "/home/pete/wefwefwef/docs/erldocs_other.git"
$ cd "/home/pete/wefwefwef/docs/other/221790523/meck-tag-0.7.2/meck"
$ 5000  `find -P . -type l -delete  2>&1`
$ cd "/home/pete/wefwefwef/docs/erldocs_other.git"
$ cd "/home/pete/wefwefwef/docs/other/221790523/meck-tag-0.7.2/meck"
$ 5000  `find 'meck-0.7.2' -mindepth 1 -maxdepth 1 -exec mv -t . -- {} +  2>&1`
$ cd "/home/pete/wefwefwef/docs/erldocs_other.git"
 :: Getting dependencies
$ cd "/home/pete/wefwefwef/docs/other/221790523/meck-tag-0.7.2/meck"
$ 5000  `ls -1 deps/  2>&1`
$ cd "/home/pete/wefwefwef/docs/erldocs_other.git"
>>> [rebar] deps = []
 :: Generating erldocs into /home/pete/wefwefwef/docs/other/221790523/repo/0.7.2
Building meck
Generating Type Specs - "/home/pete/wefwefwef/docs/other/221790523/meck-tag-0.7.2/meck/src/meck.erl"
Generating Type Specs - "/home/pete/wefwefwef/docs/other/221790523/meck-tag-0.7.2/meck/src/meck_cover.erl"
Generating Type Specs - "/home/pete/wefwefwef/docs/other/221790523/meck-tag-0.7.2/meck/src/meck_mod.erl"
Generating XML for application meck "/home/pete/wefwefwef/docs/other/221790523/meck-tag-0.7.2/meck" -> "/home/pete/wefwefwef/docs/other/221790523/repo/0.7.2/.xml/meck"
Generated meck XMLs: ["/home/pete/wefwefwef/docs/other/221790523/repo/0.7.2/.xml/meck/meck.xml",
                      "/home/pete/wefwefwef/docs/other/221790523/repo/0.7.2/.xml/meck/meck_cover.xml"]
Generating HTML - meck_cover "/home/pete/wefwefwef/docs/other/221790523/repo/0.7.2/.xml/meck/meck_cover.xml"
Reading XML for "/home/pete/wefwefwef/docs/other/221790523/repo/0.7.2/.xml/meck/meck_cover.xml"
Reading XML for "/home/pete/wefwefwef/docs/other/221790523/repo/0.7.2/.xml/specs_meck_cover.xml"
Generating HTML - meck "/home/pete/wefwefwef/docs/other/221790523/repo/0.7.2/.xml/meck/meck.xml"
Reading XML for "/home/pete/wefwefwef/docs/other/221790523/repo/0.7.2/.xml/meck/meck.xml"
Reading XML for "/home/pete/wefwefwef/docs/other/221790523/repo/0.7.2/.xml/specs_meck.xml"
Creating index.html ...
Creating erldocs_index.js ...
Woot, finished in 0 Minutes 0 Seconds
 :: Discovering other repos
$ 5000  `rm -r '/home/pete/wefwefwef/docs/other/221790523/meck-tag-0.7.2'  2>&1`
 :: Processing https://github.com/spilgames/meck	{rev,tag,"0.8.2","dde759050eff19a1a80fd854d7375174b191665d"}
 :: Fetching repo code
$ cd "/home/pete/wefwefwef/docs/other/221790523/meck-tag-0.8.2/meck"
$ infinity  `curl --fail --silent --show-error --location --output '0.8.2.zip' 'https://github.com/spilgames/meck/archive/0.8.2.zip'  2>&1`
$ cd "/home/pete/wefwefwef/docs/erldocs_other.git"
$ cd "/home/pete/wefwefwef/docs/other/221790523/meck-tag-0.8.2/meck"
$ 5000  `find -P . -type l -delete  2>&1`
$ cd "/home/pete/wefwefwef/docs/erldocs_other.git"
$ cd "/home/pete/wefwefwef/docs/other/221790523/meck-tag-0.8.2/meck"
$ 5000  `find 'meck-0.8.2' -mindepth 1 -maxdepth 1 -exec mv -t . -- {} +  2>&1`
$ cd "/home/pete/wefwefwef/docs/erldocs_other.git"
 :: Getting dependencies
$ cd "/home/pete/wefwefwef/docs/other/221790523/meck-tag-0.8.2/meck"
$ 5000  `ls -1 deps/  2>&1`
$ cd "/home/pete/wefwefwef/docs/erldocs_other.git"
>>> [rebar] deps = []
 :: Generating erldocs into /home/pete/wefwefwef/docs/other/221790523/repo/0.8.2
Building meck
Generating Type Specs - "/home/pete/wefwefwef/docs/other/221790523/meck-tag-0.8.2/meck/src/meck.erl"
Generating Type Specs - "/home/pete/wefwefwef/docs/other/221790523/meck-tag-0.8.2/meck/src/meck_args_matcher.erl"
Generating Type Specs - "/home/pete/wefwefwef/docs/other/221790523/meck-tag-0.8.2/meck/src/meck_code.erl"
Generating Type Specs - "/home/pete/wefwefwef/docs/other/221790523/meck-tag-0.8.2/meck/src/meck_code_gen.erl"
Generating Type Specs - "/home/pete/wefwefwef/docs/other/221790523/meck-tag-0.8.2/meck/src/meck_cover.erl"
Generating Type Specs - "/home/pete/wefwefwef/docs/other/221790523/meck-tag-0.8.2/meck/src/meck_expect.erl"
Generating Type Specs - "/home/pete/wefwefwef/docs/other/221790523/meck-tag-0.8.2/meck/src/meck_history.erl"
Generating Type Specs - "/home/pete/wefwefwef/docs/other/221790523/meck-tag-0.8.2/meck/src/meck_matcher.erl"
Generating Type Specs - "/home/pete/wefwefwef/docs/other/221790523/meck-tag-0.8.2/meck/src/meck_proc.erl"
Generating Type Specs - "/home/pete/wefwefwef/docs/other/221790523/meck-tag-0.8.2/meck/src/meck_ret_spec.erl"
Generating Type Specs - "/home/pete/wefwefwef/docs/other/221790523/meck-tag-0.8.2/meck/src/meck_util.erl"
Generating XML for application meck "/home/pete/wefwefwef/docs/other/221790523/meck-tag-0.8.2/meck" -> "/home/pete/wefwefwef/docs/other/221790523/repo/0.8.2/.xml/meck"
Generated meck XMLs: ["/home/pete/wefwefwef/docs/other/221790523/repo/0.8.2/.xml/meck/meck.xml"]
Generating HTML - meck "/home/pete/wefwefwef/docs/other/221790523/repo/0.8.2/.xml/meck/meck.xml"
Reading XML for "/home/pete/wefwefwef/docs/other/221790523/repo/0.8.2/.xml/meck/meck.xml"
Reading XML for "/home/pete/wefwefwef/docs/other/221790523/repo/0.8.2/.xml/specs_meck.xml"
Creating index.html ...
Creating erldocs_index.js ...
Woot, finished in 0 Minutes 1 Seconds
 :: Discovering other repos
$ 5000  `rm -r '/home/pete/wefwefwef/docs/other/221790523/meck-tag-0.8.2'  2>&1`
 :: Processing https://github.com/spilgames/meck	{rev,tag,"0.7.2-0","5a581e8c55bbd6dda5f10fdb51649092e7772615"}
 :: Fetching repo code
$ cd "/home/pete/wefwefwef/docs/other/221790523/meck-tag-0.7.2-0/meck"
$ infinity  `curl --fail --silent --show-error --location --output '0.7.2-0.zip' 'https://github.com/spilgames/meck/archive/0.7.2-0.zip'  2>&1`
$ cd "/home/pete/wefwefwef/docs/erldocs_other.git"
$ cd "/home/pete/wefwefwef/docs/other/221790523/meck-tag-0.7.2-0/meck"
$ 5000  `find -P . -type l -delete  2>&1`
$ cd "/home/pete/wefwefwef/docs/erldocs_other.git"
$ cd "/home/pete/wefwefwef/docs/other/221790523/meck-tag-0.7.2-0/meck"
$ 5000  `find 'meck-0.7.2-0' -mindepth 1 -maxdepth 1 -exec mv -t . -- {} +  2>&1`
$ cd "/home/pete/wefwefwef/docs/erldocs_other.git"
 :: Getting dependencies
$ cd "/home/pete/wefwefwef/docs/other/221790523/meck-tag-0.7.2-0/meck"
$ 5000  `ls -1 deps/  2>&1`
$ cd "/home/pete/wefwefwef/docs/erldocs_other.git"
>>> [rebar] deps = []
 :: Generating erldocs into /home/pete/wefwefwef/docs/other/221790523/repo/0.7.2-0
Building meck
Generating Type Specs - "/home/pete/wefwefwef/docs/other/221790523/meck-tag-0.7.2-0/meck/src/meck.erl"
Generating Type Specs - "/home/pete/wefwefwef/docs/other/221790523/meck-tag-0.7.2-0/meck/src/meck_cover.erl"
Generating Type Specs - "/home/pete/wefwefwef/docs/other/221790523/meck-tag-0.7.2-0/meck/src/meck_mod.erl"
Generating XML for application meck "/home/pete/wefwefwef/docs/other/221790523/meck-tag-0.7.2-0/meck" -> "/home/pete/wefwefwef/docs/other/221790523/repo/0.7.2-0/.xml/meck"
Generated meck XMLs: ["/home/pete/wefwefwef/docs/other/221790523/repo/0.7.2-0/.xml/meck/meck.xml",
                      "/home/pete/wefwefwef/docs/other/221790523/repo/0.7.2-0/.xml/meck/meck_cover.xml"]
Generating HTML - meck_cover "/home/pete/wefwefwef/docs/other/221790523/repo/0.7.2-0/.xml/meck/meck_cover.xml"
Reading XML for "/home/pete/wefwefwef/docs/other/221790523/repo/0.7.2-0/.xml/meck/meck_cover.xml"
Reading XML for "/home/pete/wefwefwef/docs/other/221790523/repo/0.7.2-0/.xml/specs_meck_cover.xml"
Generating HTML - meck "/home/pete/wefwefwef/docs/other/221790523/repo/0.7.2-0/.xml/meck/meck.xml"
Reading XML for "/home/pete/wefwefwef/docs/other/221790523/repo/0.7.2-0/.xml/meck/meck.xml"
Reading XML for "/home/pete/wefwefwef/docs/other/221790523/repo/0.7.2-0/.xml/specs_meck.xml"
Creating index.html ...
Creating erldocs_index.js ...
Woot, finished in 0 Minutes 0 Seconds
 :: Discovering other repos
$ 5000  `rm -r '/home/pete/wefwefwef/docs/other/221790523/meck-tag-0.7.2-0'  2>&1`
 :: Processing https://github.com/spilgames/meck	{rev,branch,"develop","9e50c15f224c694247220910a3f858d8de817b4e"}
 :: Fetching repo code
$ cd "/home/pete/wefwefwef/docs/other/221790523/meck-branch-develop/meck"
$ infinity  `curl --fail --silent --show-error --location --output 'develop.zip' 'https://github.com/spilgames/meck/archive/develop.zip'  2>&1`
$ cd "/home/pete/wefwefwef/docs/erldocs_other.git"
$ cd "/home/pete/wefwefwef/docs/other/221790523/meck-branch-develop/meck"
$ 5000  `find -P . -type l -delete  2>&1`
$ cd "/home/pete/wefwefwef/docs/erldocs_other.git"
$ cd "/home/pete/wefwefwef/docs/other/221790523/meck-branch-develop/meck"
$ 5000  `find 'meck-develop' -mindepth 1 -maxdepth 1 -exec mv -t . -- {} +  2>&1`
$ cd "/home/pete/wefwefwef/docs/erldocs_other.git"
 :: Getting dependencies
$ cd "/home/pete/wefwefwef/docs/other/221790523/meck-branch-develop/meck"
$ 5000  `ls -1 deps/  2>&1`
$ cd "/home/pete/wefwefwef/docs/erldocs_other.git"
>>> [rebar] deps = []
 :: Generating erldocs into /home/pete/wefwefwef/docs/other/221790523/repo/develop
Building meck
Generating Type Specs - "/home/pete/wefwefwef/docs/other/221790523/meck-branch-develop/meck/src/meck.erl"
Generating Type Specs - "/home/pete/wefwefwef/docs/other/221790523/meck-branch-develop/meck/src/meck_args_matcher.erl"
Generating Type Specs - "/home/pete/wefwefwef/docs/other/221790523/meck-branch-develop/meck/src/meck_code.erl"
Generating Type Specs - "/home/pete/wefwefwef/docs/other/221790523/meck-branch-develop/meck/src/meck_code_gen.erl"
Generating Type Specs - "/home/pete/wefwefwef/docs/other/221790523/meck-branch-develop/meck/src/meck_cover.erl"
Generating Type Specs - "/home/pete/wefwefwef/docs/other/221790523/meck-branch-develop/meck/src/meck_expect.erl"
Generating Type Specs - "/home/pete/wefwefwef/docs/other/221790523/meck-branch-develop/meck/src/meck_history.erl"
Generating Type Specs - "/home/pete/wefwefwef/docs/other/221790523/meck-branch-develop/meck/src/meck_matcher.erl"
Generating Type Specs - "/home/pete/wefwefwef/docs/other/221790523/meck-branch-develop/meck/src/meck_proc.erl"
Generating Type Specs - "/home/pete/wefwefwef/docs/other/221790523/meck-branch-develop/meck/src/meck_ret_spec.erl"
Generating Type Specs - "/home/pete/wefwefwef/docs/other/221790523/meck-branch-develop/meck/src/meck_util.erl"
Generating XML for application meck "/home/pete/wefwefwef/docs/other/221790523/meck-branch-develop/meck" -> "/home/pete/wefwefwef/docs/other/221790523/repo/develop/.xml/meck"
Generated meck XMLs: ["/home/pete/wefwefwef/docs/other/221790523/repo/develop/.xml/meck/meck.xml"]
Generating HTML - meck "/home/pete/wefwefwef/docs/other/221790523/repo/develop/.xml/meck/meck.xml"
Reading XML for "/home/pete/wefwefwef/docs/other/221790523/repo/develop/.xml/meck/meck.xml"
Reading XML for "/home/pete/wefwefwef/docs/other/221790523/repo/develop/.xml/specs_meck.xml"
Creating index.html ...
Creating erldocs_index.js ...
Woot, finished in 0 Minutes 1 Seconds
 :: Discovering other repos
$ 5000  `rm -r '/home/pete/wefwefwef/docs/other/221790523/meck-branch-develop'  2>&1`
 :: Processing https://github.com/spilgames/meck	{rev,branch,"feature/bif_blacklist","9d5681e5e9257ba4bf52e0a37d5fc7ee4861850d"}
 :: Fetching repo code
$ cd "/home/pete/wefwefwef/docs/other/221790523/meck-branch-feature/bif_blacklist/meck"
$ infinity  `curl --fail --silent --show-error --location --output 'feature/bif_blacklist.zip' 'https://github.com/spilgames/meck/archive/feature/bif_blacklist.zip'  2>&1`
$ cd "/home/pete/wefwefwef/docs/erldocs_other.git"
>>> [stdout] "curl: (23) Failed writing body (0 != 857)"
 :: Error running eo_core:
	[{eo_os,chk,2,[{file,"src/eo_os.erl"},{line,55}]},
         {eo_scm,fetch,2,[{file,"src/eo_scm.erl"},{line,85}]},
         {eo_core,copy_repo,5,[{file,"src/eo_core.erl"},{line,238}]},
         {eo_core,main_,11,[{file,"src/eo_core.erl"},{line,85}]},
         {eo_core,main,1,[{file,"src/eo_core.erl"},{line,47}]},
         {eo_core,gen,1,[{file,"src/eo_core.erl"},{line,28}]},
         {gen_escript__escript__1427__565489__767955,seq_gen,3,
             [{file,"./gen.escript"},{line,47}]},
         {escript,run,2,[{file,"escript.erl"},{line,752}]}]
{throw,{sh,fetch_curl,error,23,
           [{"curl: (23) Failed"},{" writin"},{"g body (0 != 857)"}]}}
