 :: Extracting meta information
$ infinity  `git ls-remote --heads --tags 'https://github.com/esl/elarm'  2>&1`
>>> [repo] 1 branches, 3 tags
 :: Writing meta to "/home/pete/wefwefwef/docs/other/892257ed3ea67a011f785850a7a3aa853fb429fc/meta.txt"
 :: Skipping tag "0.1.0"
 :: Skipping tag "0.2.0"
 :: Skipping tag "0.3.0"
 :: Processing https://github.com/esl/elarm	{rev,branch,"master","4c707607f04e6641f5333a7fd2ada8572c45bab7",undefined,[],[]}
 :: Fetching repo code
$ cd '/home/pete/wefwefwef/docs/other/892257ed3ea67a011f785850a7a3aa853fb429fc/elarm-branch-master'
$ infinity  `curl --fail --silent --show-error --location --output repo.tar.gz 'https://codeload.github.com/esl/elarm/tar.gz/master'  2>&1`
$ cd '/home/pete/wefwefwef/docs/erldocs_other.git'
$ cd '/home/pete/wefwefwef/docs/other/892257ed3ea67a011f785850a7a3aa853fb429fc/elarm-branch-master/elarm-master'
$ 5000  `find -P . -type l -delete  2>&1`
$ cd '/home/pete/wefwefwef/docs/erldocs_other.git'
$ 5000  `mv '/home/pete/wefwefwef/docs/other/892257ed3ea67a011f785850a7a3aa853fb429fc/elarm-branch-master/elarm-master' '/home/pete/wefwefwef/docs/other/892257ed3ea67a011f785850a7a3aa853fb429fc/elarm-branch-master/elarm'  2>&1`
 :: Getting dependencies
$ cd '/home/pete/wefwefwef/docs/other/892257ed3ea67a011f785850a7a3aa853fb429fc/elarm-branch-master/elarm'
$ 5000  `ls -1 deps/  2>&1`
$ cd '/home/pete/wefwefwef/docs/erldocs_other.git'
>>> [rebar] deps = []
 :: Generating erldocs into /home/pete/wefwefwef/docs/other/892257ed3ea67a011f785850a7a3aa853fb429fc/repo/master
Building elarm
Generating Type Specs - "/home/pete/wefwefwef/docs/other/892257ed3ea67a011f785850a7a3aa853fb429fc/elarm-branch-master/elarm/src/elarm.erl"
Generating Type Specs - "/home/pete/wefwefwef/docs/other/892257ed3ea67a011f785850a7a3aa853fb429fc/elarm-branch-master/elarm/src/elarm_alarmlist.erl"
Generating Type Specs - "/home/pete/wefwefwef/docs/other/892257ed3ea67a011f785850a7a3aa853fb429fc/elarm-branch-master/elarm/src/elarm_app.erl"
Generating Type Specs - "/home/pete/wefwefwef/docs/other/892257ed3ea67a011f785850a7a3aa853fb429fc/elarm-branch-master/elarm/src/elarm_config.erl"
Generating Type Specs - "/home/pete/wefwefwef/docs/other/892257ed3ea67a011f785850a7a3aa853fb429fc/elarm-branch-master/elarm/src/elarm_event.erl"
Generating Type Specs - "/home/pete/wefwefwef/docs/other/892257ed3ea67a011f785850a7a3aa853fb429fc/elarm-branch-master/elarm/src/elarm_log.erl"
Generating Type Specs - "/home/pete/wefwefwef/docs/other/892257ed3ea67a011f785850a7a3aa853fb429fc/elarm-branch-master/elarm/src/elarm_man_sup.erl"
Generating Type Specs - "/home/pete/wefwefwef/docs/other/892257ed3ea67a011f785850a7a3aa853fb429fc/elarm-branch-master/elarm/src/elarm_man_sup_sup.erl"
Generating Type Specs - "/home/pete/wefwefwef/docs/other/892257ed3ea67a011f785850a7a3aa853fb429fc/elarm-branch-master/elarm/src/elarm_registry.erl"
Generating Type Specs - "/home/pete/wefwefwef/docs/other/892257ed3ea67a011f785850a7a3aa853fb429fc/elarm-branch-master/elarm/src/elarm_server.erl"
Generating Type Specs - "/home/pete/wefwefwef/docs/other/892257ed3ea67a011f785850a7a3aa853fb429fc/elarm-branch-master/elarm/src/elarm_summary.erl"
Generating Type Specs - "/home/pete/wefwefwef/docs/other/892257ed3ea67a011f785850a7a3aa853fb429fc/elarm-branch-master/elarm/src/elarm_summary_sup.erl"
Generating Type Specs - "/home/pete/wefwefwef/docs/other/892257ed3ea67a011f785850a7a3aa853fb429fc/elarm-branch-master/elarm/src/elarm_sup.erl"
Generating XML for application elarm "/home/pete/wefwefwef/docs/other/892257ed3ea67a011f785850a7a3aa853fb429fc/elarm-branch-master/elarm" -> "/home/pete/wefwefwef/docs/other/892257ed3ea67a011f785850a7a3aa853fb429fc/repo/master/.xml/elarm"
Generated elarm XMLs: ["/home/pete/wefwefwef/docs/other/892257ed3ea67a011f785850a7a3aa853fb429fc/repo/master/.xml/elarm/elarm_app.xml",
                       "/home/pete/wefwefwef/docs/other/892257ed3ea67a011f785850a7a3aa853fb429fc/repo/master/.xml/elarm/elarm_sup.xml",
                       "/home/pete/wefwefwef/docs/other/892257ed3ea67a011f785850a7a3aa853fb429fc/repo/master/.xml/elarm/elarm.xml",
                       "/home/pete/wefwefwef/docs/other/892257ed3ea67a011f785850a7a3aa853fb429fc/repo/master/.xml/elarm/elarm_config.xml",
                       "/home/pete/wefwefwef/docs/other/892257ed3ea67a011f785850a7a3aa853fb429fc/repo/master/.xml/elarm/elarm_man_sup.xml",
                       "/home/pete/wefwefwef/docs/other/892257ed3ea67a011f785850a7a3aa853fb429fc/repo/master/.xml/elarm/elarm_registry.xml",
                       "/home/pete/wefwefwef/docs/other/892257ed3ea67a011f785850a7a3aa853fb429fc/repo/master/.xml/elarm/elarm_alarmlist.xml",
                       "/home/pete/wefwefwef/docs/other/892257ed3ea67a011f785850a7a3aa853fb429fc/repo/master/.xml/elarm/elarm_summary_sup.xml",
                       "/home/pete/wefwefwef/docs/other/892257ed3ea67a011f785850a7a3aa853fb429fc/repo/master/.xml/elarm/elarm_server.xml",
                       "/home/pete/wefwefwef/docs/other/892257ed3ea67a011f785850a7a3aa853fb429fc/repo/master/.xml/elarm/elarm_man_sup_sup.xml",
                       "/home/pete/wefwefwef/docs/other/892257ed3ea67a011f785850a7a3aa853fb429fc/repo/master/.xml/elarm/elarm_event.xml",
                       "/home/pete/wefwefwef/docs/other/892257ed3ea67a011f785850a7a3aa853fb429fc/repo/master/.xml/elarm/elarm_log.xml",
                       "/home/pete/wefwefwef/docs/other/892257ed3ea67a011f785850a7a3aa853fb429fc/repo/master/.xml/elarm/elarm_summary.xml"]
Generating HTML - elarm "/home/pete/wefwefwef/docs/other/892257ed3ea67a011f785850a7a3aa853fb429fc/repo/master/.xml/elarm/elarm.xml"
Generating HTML - elarm_registry "/home/pete/wefwefwef/docs/other/892257ed3ea67a011f785850a7a3aa853fb429fc/repo/master/.xml/elarm/elarm_registry.xml"
Generating HTML - elarm_server "/home/pete/wefwefwef/docs/other/892257ed3ea67a011f785850a7a3aa853fb429fc/repo/master/.xml/elarm/elarm_server.xml"
Generating HTML - elarm_summary "/home/pete/wefwefwef/docs/other/892257ed3ea67a011f785850a7a3aa853fb429fc/repo/master/.xml/elarm/elarm_summary.xml"
Reading XML for "/home/pete/wefwefwef/docs/other/892257ed3ea67a011f785850a7a3aa853fb429fc/repo/master/.xml/elarm/elarm.xml"
Reading XML for "/home/pete/wefwefwef/docs/other/892257ed3ea67a011f785850a7a3aa853fb429fc/repo/master/.xml/elarm/elarm_registry.xml"
Reading XML for "/home/pete/wefwefwef/docs/other/892257ed3ea67a011f785850a7a3aa853fb429fc/repo/master/.xml/elarm/elarm_server.xml"
Reading XML for "/home/pete/wefwefwef/docs/other/892257ed3ea67a011f785850a7a3aa853fb429fc/repo/master/.xml/elarm/elarm_summary.xml"
Reading XML for "/home/pete/wefwefwef/docs/other/892257ed3ea67a011f785850a7a3aa853fb429fc/repo/master/.xml/specs_elarm_summary.xml"
Reading XML for "/home/pete/wefwefwef/docs/other/892257ed3ea67a011f785850a7a3aa853fb429fc/repo/master/.xml/specs_elarm_registry.xml"
Generating HTML - elarm_log "/home/pete/wefwefwef/docs/other/892257ed3ea67a011f785850a7a3aa853fb429fc/repo/master/.xml/elarm/elarm_log.xml"
Reading XML for "/home/pete/wefwefwef/docs/other/892257ed3ea67a011f785850a7a3aa853fb429fc/repo/master/.xml/elarm/elarm_log.xml"
Reading XML for "/home/pete/wefwefwef/docs/other/892257ed3ea67a011f785850a7a3aa853fb429fc/repo/master/.xml/specs_elarm_server.xml"
Generating HTML - elarm_man_sup "/home/pete/wefwefwef/docs/other/892257ed3ea67a011f785850a7a3aa853fb429fc/repo/master/.xml/elarm/elarm_man_sup.xml"
Reading XML for "/home/pete/wefwefwef/docs/other/892257ed3ea67a011f785850a7a3aa853fb429fc/repo/master/.xml/elarm/elarm_man_sup.xml"
Reading XML for "/home/pete/wefwefwef/docs/other/892257ed3ea67a011f785850a7a3aa853fb429fc/repo/master/.xml/specs_elarm.xml"
Reading XML for "/home/pete/wefwefwef/docs/other/892257ed3ea67a011f785850a7a3aa853fb429fc/repo/master/.xml/specs_elarm_log.xml"
Reading XML for "/home/pete/wefwefwef/docs/other/892257ed3ea67a011f785850a7a3aa853fb429fc/repo/master/.xml/specs_elarm_man_sup.xml"
Generating HTML - elarm_summary_sup "/home/pete/wefwefwef/docs/other/892257ed3ea67a011f785850a7a3aa853fb429fc/repo/master/.xml/elarm/elarm_summary_sup.xml"
Reading XML for "/home/pete/wefwefwef/docs/other/892257ed3ea67a011f785850a7a3aa853fb429fc/repo/master/.xml/elarm/elarm_summary_sup.xml"
Generating HTML - elarm_config "/home/pete/wefwefwef/docs/other/892257ed3ea67a011f785850a7a3aa853fb429fc/repo/master/.xml/elarm/elarm_config.xml"
Reading XML for "/home/pete/wefwefwef/docs/other/892257ed3ea67a011f785850a7a3aa853fb429fc/repo/master/.xml/elarm/elarm_config.xml"
Generating HTML - elarm_event "/home/pete/wefwefwef/docs/other/892257ed3ea67a011f785850a7a3aa853fb429fc/repo/master/.xml/elarm/elarm_event.xml"
Reading XML for "/home/pete/wefwefwef/docs/other/892257ed3ea67a011f785850a7a3aa853fb429fc/repo/master/.xml/elarm/elarm_event.xml"
Reading XML for "/home/pete/wefwefwef/docs/other/892257ed3ea67a011f785850a7a3aa853fb429fc/repo/master/.xml/specs_elarm_summary_sup.xml"
Reading XML for "/home/pete/wefwefwef/docs/other/892257ed3ea67a011f785850a7a3aa853fb429fc/repo/master/.xml/specs_elarm_config.xml"
Generating HTML - elarm_alarmlist "/home/pete/wefwefwef/docs/other/892257ed3ea67a011f785850a7a3aa853fb429fc/repo/master/.xml/elarm/elarm_alarmlist.xml"
Reading XML for "/home/pete/wefwefwef/docs/other/892257ed3ea67a011f785850a7a3aa853fb429fc/repo/master/.xml/elarm/elarm_alarmlist.xml"
Generating HTML - elarm_sup "/home/pete/wefwefwef/docs/other/892257ed3ea67a011f785850a7a3aa853fb429fc/repo/master/.xml/elarm/elarm_sup.xml"
Reading XML for "/home/pete/wefwefwef/docs/other/892257ed3ea67a011f785850a7a3aa853fb429fc/repo/master/.xml/elarm/elarm_sup.xml"
Reading XML for "/home/pete/wefwefwef/docs/other/892257ed3ea67a011f785850a7a3aa853fb429fc/repo/master/.xml/specs_elarm_event.xml"
Reading XML for "/home/pete/wefwefwef/docs/other/892257ed3ea67a011f785850a7a3aa853fb429fc/repo/master/.xml/specs_elarm_alarmlist.xml"
Reading XML for "/home/pete/wefwefwef/docs/other/892257ed3ea67a011f785850a7a3aa853fb429fc/repo/master/.xml/specs_elarm_sup.xml"
Generating HTML - elarm_app "/home/pete/wefwefwef/docs/other/892257ed3ea67a011f785850a7a3aa853fb429fc/repo/master/.xml/elarm/elarm_app.xml"
Reading XML for "/home/pete/wefwefwef/docs/other/892257ed3ea67a011f785850a7a3aa853fb429fc/repo/master/.xml/elarm/elarm_app.xml"
Reading XML for "/home/pete/wefwefwef/docs/other/892257ed3ea67a011f785850a7a3aa853fb429fc/repo/master/.xml/specs_elarm_app.xml"
Generating HTML - elarm_man_sup_sup "/home/pete/wefwefwef/docs/other/892257ed3ea67a011f785850a7a3aa853fb429fc/repo/master/.xml/elarm/elarm_man_sup_sup.xml"
Reading XML for "/home/pete/wefwefwef/docs/other/892257ed3ea67a011f785850a7a3aa853fb429fc/repo/master/.xml/elarm/elarm_man_sup_sup.xml"
Reading XML for "/home/pete/wefwefwef/docs/other/892257ed3ea67a011f785850a7a3aa853fb429fc/repo/master/.xml/specs_elarm_man_sup_sup.xml"
Creating index.html ...
Creating erldocs_index.js ...
Woot, finished in 0 Minutes 2 Seconds
 :: Discovering other repos
$ 5000  `rm -r '/home/pete/wefwefwef/docs/other/892257ed3ea67a011f785850a7a3aa853fb429fc/elarm-branch-master'  2>&1`
 :: Finishing up
$ 5000  `rm -r '/home/pete/wefwefwef/docs/other/892257ed3ea67a011f785850a7a3aa853fb429fc/elarm'  2>&1`
