 :: Extracting meta information
$ 5000  `git ls-remote --heads --tags 'https://github.com/sile/erl-flv'  2>&1`
>>> [repo] 2 branches, 3 tags
 :: Writing meta to "/home/pete/wefwefwef/docs/other/2938773193/meta.txt"
 :: Processing https://github.com/sile/erl-flv	{rev,tag,"v0.1.0","c8e51dcc672310583606c261f3fb92c41216174b",undefined,[],[]}
 :: Fetching repo code
$ cd "/home/pete/wefwefwef/docs/other/2938773193/erl-flv-tag-v0.1.0/erl-flv"
$ infinity  `curl --fail --silent --show-error --location --output 'v0.1.0.zip' 'https://github.com/sile/erl-flv/archive/v0.1.0.zip'  2>&1`
$ cd "/home/pete/wefwefwef/docs/erldocs_other.git"
$ cd "/home/pete/wefwefwef/docs/other/2938773193/erl-flv-tag-v0.1.0/erl-flv"
$ 5000  `find -P . -type l -delete  2>&1`
$ cd "/home/pete/wefwefwef/docs/erldocs_other.git"
$ cd "/home/pete/wefwefwef/docs/other/2938773193/erl-flv-tag-v0.1.0/erl-flv"
$ 5000  `find 'erl-flv-0.1.0' -mindepth 1 -maxdepth 1 -exec mv -t . -- {} +  2>&1`
$ cd "/home/pete/wefwefwef/docs/erldocs_other.git"
 :: Getting dependencies
$ cd "/home/pete/wefwefwef/docs/other/2938773193/erl-flv-tag-v0.1.0/erl-flv"
$ infinity  `rebar --config '/home/pete/wefwefwef/docs/other/2938773193/erl-flv-tag-v0.1.0/rebar_deps' get-deps  2>&1`
$ cd "/home/pete/wefwefwef/docs/erldocs_other.git"
$ cd "/home/pete/wefwefwef/docs/other/2938773193/erl-flv-tag-v0.1.0/erl-flv"
$ 5000  `find -P . -type l -delete  2>&1`
$ cd "/home/pete/wefwefwef/docs/erldocs_other.git"
$ cd "/home/pete/wefwefwef/docs/other/2938773193/erl-flv-tag-v0.1.0/erl-flv"
$ 5000  `ls -1 deps/  2>&1`
$ cd "/home/pete/wefwefwef/docs/erldocs_other.git"
>>> [rebar] deps = ["amf","meck"]
 :: Generating erldocs into /home/pete/wefwefwef/docs/other/2938773193/repo/v0.1.0
Building erl-flv
Generating Type Specs - "/home/pete/wefwefwef/docs/other/2938773193/erl-flv-tag-v0.1.0/erl-flv/src/flv.erl"
Generating Type Specs - "/home/pete/wefwefwef/docs/other/2938773193/erl-flv-tag-v0.1.0/erl-flv/src/flv_body.erl"
Generating Type Specs - "/home/pete/wefwefwef/docs/other/2938773193/erl-flv-tag-v0.1.0/erl-flv/src/flv_header.erl"
Generating Type Specs - "/home/pete/wefwefwef/docs/other/2938773193/erl-flv-tag-v0.1.0/erl-flv/src/flv_tag.erl"
Generating XML for application erl-flv "/home/pete/wefwefwef/docs/other/2938773193/erl-flv-tag-v0.1.0/erl-flv" -> "/home/pete/wefwefwef/docs/other/2938773193/repo/v0.1.0/.xml/erl-flv"
Generated erl-flv XMLs: ["/home/pete/wefwefwef/docs/other/2938773193/repo/v0.1.0/.xml/erl-flv/flv_tag.xml",
                         "/home/pete/wefwefwef/docs/other/2938773193/repo/v0.1.0/.xml/erl-flv/flv.xml",
                         "/home/pete/wefwefwef/docs/other/2938773193/repo/v0.1.0/.xml/erl-flv/flv_body.xml",
                         "/home/pete/wefwefwef/docs/other/2938773193/repo/v0.1.0/.xml/erl-flv/flv_header.xml"]
Generating HTML - flv_tag "/home/pete/wefwefwef/docs/other/2938773193/repo/v0.1.0/.xml/erl-flv/flv_tag.xml"
Generating HTML - flv "/home/pete/wefwefwef/docs/other/2938773193/repo/v0.1.0/.xml/erl-flv/flv.xml"
Generating HTML - flv_body "/home/pete/wefwefwef/docs/other/2938773193/repo/v0.1.0/.xml/erl-flv/flv_body.xml"
Generating HTML - flv_header "/home/pete/wefwefwef/docs/other/2938773193/repo/v0.1.0/.xml/erl-flv/flv_header.xml"
Reading XML for "/home/pete/wefwefwef/docs/other/2938773193/repo/v0.1.0/.xml/erl-flv/flv_tag.xml"
Reading XML for "/home/pete/wefwefwef/docs/other/2938773193/repo/v0.1.0/.xml/erl-flv/flv.xml"
Reading XML for "/home/pete/wefwefwef/docs/other/2938773193/repo/v0.1.0/.xml/erl-flv/flv_body.xml"
Reading XML for "/home/pete/wefwefwef/docs/other/2938773193/repo/v0.1.0/.xml/erl-flv/flv_header.xml"
Reading XML for "/home/pete/wefwefwef/docs/other/2938773193/repo/v0.1.0/.xml/specs_flv_header.xml"
Reading XML for "/home/pete/wefwefwef/docs/other/2938773193/repo/v0.1.0/.xml/specs_flv.xml"
Reading XML for "/home/pete/wefwefwef/docs/other/2938773193/repo/v0.1.0/.xml/specs_flv_body.xml"
Reading XML for "/home/pete/wefwefwef/docs/other/2938773193/repo/v0.1.0/.xml/specs_flv_tag.xml"
Creating index.html ...
Creating erldocs_index.js ...
Woot, finished in 0 Minutes 0 Seconds
 :: Discovering other repos
$ 5000  `rm -r '/home/pete/wefwefwef/docs/other/2938773193/erl-flv-tag-v0.1.0'  2>&1`
 :: Processing https://github.com/sile/erl-flv	{rev,tag,"v0.1.0-hipe","e8fad6b2eac3d851ea3989b500b5d3a282df0fb9",undefined,[],[]}
 :: Fetching repo code
$ cd "/home/pete/wefwefwef/docs/other/2938773193/erl-flv-tag-v0.1.0-hipe/erl-flv"
$ infinity  `curl --fail --silent --show-error --location --output 'v0.1.0-hipe.zip' 'https://github.com/sile/erl-flv/archive/v0.1.0-hipe.zip'  2>&1`
$ cd "/home/pete/wefwefwef/docs/erldocs_other.git"
$ cd "/home/pete/wefwefwef/docs/other/2938773193/erl-flv-tag-v0.1.0-hipe/erl-flv"
$ 5000  `find -P . -type l -delete  2>&1`
$ cd "/home/pete/wefwefwef/docs/erldocs_other.git"
$ cd "/home/pete/wefwefwef/docs/other/2938773193/erl-flv-tag-v0.1.0-hipe/erl-flv"
$ 5000  `find 'erl-flv-0.1.0-hipe' -mindepth 1 -maxdepth 1 -exec mv -t . -- {} +  2>&1`
$ cd "/home/pete/wefwefwef/docs/erldocs_other.git"
 :: Getting dependencies
$ cd "/home/pete/wefwefwef/docs/other/2938773193/erl-flv-tag-v0.1.0-hipe/erl-flv"
$ infinity  `rebar --config '/home/pete/wefwefwef/docs/other/2938773193/erl-flv-tag-v0.1.0-hipe/rebar_deps' get-deps  2>&1`
$ cd "/home/pete/wefwefwef/docs/erldocs_other.git"
$ cd "/home/pete/wefwefwef/docs/other/2938773193/erl-flv-tag-v0.1.0-hipe/erl-flv"
$ 5000  `find -P . -type l -delete  2>&1`
$ cd "/home/pete/wefwefwef/docs/erldocs_other.git"
$ cd "/home/pete/wefwefwef/docs/other/2938773193/erl-flv-tag-v0.1.0-hipe/erl-flv"
$ 5000  `ls -1 deps/  2>&1`
$ cd "/home/pete/wefwefwef/docs/erldocs_other.git"
>>> [rebar] deps = ["amf","meck"]
 :: Generating erldocs into /home/pete/wefwefwef/docs/other/2938773193/repo/v0.1.0-hipe
Building erl-flv
Generating Type Specs - "/home/pete/wefwefwef/docs/other/2938773193/erl-flv-tag-v0.1.0-hipe/erl-flv/src/flv.erl"
Generating Type Specs - "/home/pete/wefwefwef/docs/other/2938773193/erl-flv-tag-v0.1.0-hipe/erl-flv/src/flv_body.erl"
Generating Type Specs - "/home/pete/wefwefwef/docs/other/2938773193/erl-flv-tag-v0.1.0-hipe/erl-flv/src/flv_header.erl"
Generating Type Specs - "/home/pete/wefwefwef/docs/other/2938773193/erl-flv-tag-v0.1.0-hipe/erl-flv/src/flv_tag.erl"
Generating XML for application erl-flv "/home/pete/wefwefwef/docs/other/2938773193/erl-flv-tag-v0.1.0-hipe/erl-flv" -> "/home/pete/wefwefwef/docs/other/2938773193/repo/v0.1.0-hipe/.xml/erl-flv"
Generated erl-flv XMLs: ["/home/pete/wefwefwef/docs/other/2938773193/repo/v0.1.0-hipe/.xml/erl-flv/flv_tag.xml",
                         "/home/pete/wefwefwef/docs/other/2938773193/repo/v0.1.0-hipe/.xml/erl-flv/flv.xml",
                         "/home/pete/wefwefwef/docs/other/2938773193/repo/v0.1.0-hipe/.xml/erl-flv/flv_body.xml",
                         "/home/pete/wefwefwef/docs/other/2938773193/repo/v0.1.0-hipe/.xml/erl-flv/flv_header.xml"]
Generating HTML - flv_tag "/home/pete/wefwefwef/docs/other/2938773193/repo/v0.1.0-hipe/.xml/erl-flv/flv_tag.xml"
Generating HTML - flv "/home/pete/wefwefwef/docs/other/2938773193/repo/v0.1.0-hipe/.xml/erl-flv/flv.xml"
Generating HTML - flv_body "/home/pete/wefwefwef/docs/other/2938773193/repo/v0.1.0-hipe/.xml/erl-flv/flv_body.xml"
Generating HTML - flv_header "/home/pete/wefwefwef/docs/other/2938773193/repo/v0.1.0-hipe/.xml/erl-flv/flv_header.xml"
Reading XML for "/home/pete/wefwefwef/docs/other/2938773193/repo/v0.1.0-hipe/.xml/erl-flv/flv_tag.xml"
Reading XML for "/home/pete/wefwefwef/docs/other/2938773193/repo/v0.1.0-hipe/.xml/erl-flv/flv.xml"
Reading XML for "/home/pete/wefwefwef/docs/other/2938773193/repo/v0.1.0-hipe/.xml/erl-flv/flv_body.xml"
Reading XML for "/home/pete/wefwefwef/docs/other/2938773193/repo/v0.1.0-hipe/.xml/erl-flv/flv_header.xml"
Reading XML for "/home/pete/wefwefwef/docs/other/2938773193/repo/v0.1.0-hipe/.xml/specs_flv_tag.xml"
Reading XML for "/home/pete/wefwefwef/docs/other/2938773193/repo/v0.1.0-hipe/.xml/specs_flv.xml"
Reading XML for "/home/pete/wefwefwef/docs/other/2938773193/repo/v0.1.0-hipe/.xml/specs_flv_body.xml"
Reading XML for "/home/pete/wefwefwef/docs/other/2938773193/repo/v0.1.0-hipe/.xml/specs_flv_header.xml"
Creating index.html ...
Creating erldocs_index.js ...
Woot, finished in 0 Minutes 0 Seconds
 :: Discovering other repos
$ 5000  `rm -r '/home/pete/wefwefwef/docs/other/2938773193/erl-flv-tag-v0.1.0-hipe'  2>&1`
 :: Processing https://github.com/sile/erl-flv	{rev,tag,"v0.1.1","f7bf9911a7e82000857cdca95bdbfcb0160c3abf",undefined,[],[]}
 :: Fetching repo code
$ cd "/home/pete/wefwefwef/docs/other/2938773193/erl-flv-tag-v0.1.1/erl-flv"
$ infinity  `curl --fail --silent --show-error --location --output 'v0.1.1.zip' 'https://github.com/sile/erl-flv/archive/v0.1.1.zip'  2>&1`
$ cd "/home/pete/wefwefwef/docs/erldocs_other.git"
$ cd "/home/pete/wefwefwef/docs/other/2938773193/erl-flv-tag-v0.1.1/erl-flv"
$ 5000  `find -P . -type l -delete  2>&1`
$ cd "/home/pete/wefwefwef/docs/erldocs_other.git"
$ cd "/home/pete/wefwefwef/docs/other/2938773193/erl-flv-tag-v0.1.1/erl-flv"
$ 5000  `find 'erl-flv-0.1.1' -mindepth 1 -maxdepth 1 -exec mv -t . -- {} +  2>&1`
$ cd "/home/pete/wefwefwef/docs/erldocs_other.git"
 :: Getting dependencies
$ cd "/home/pete/wefwefwef/docs/other/2938773193/erl-flv-tag-v0.1.1/erl-flv"
$ infinity  `rebar --config '/home/pete/wefwefwef/docs/other/2938773193/erl-flv-tag-v0.1.1/rebar_deps' get-deps  2>&1`
$ cd "/home/pete/wefwefwef/docs/erldocs_other.git"
$ cd "/home/pete/wefwefwef/docs/other/2938773193/erl-flv-tag-v0.1.1/erl-flv"
$ 5000  `find -P . -type l -delete  2>&1`
$ cd "/home/pete/wefwefwef/docs/erldocs_other.git"
$ cd "/home/pete/wefwefwef/docs/other/2938773193/erl-flv-tag-v0.1.1/erl-flv"
$ 5000  `ls -1 deps/  2>&1`
$ cd "/home/pete/wefwefwef/docs/erldocs_other.git"
>>> [rebar] deps = ["amf","meck"]
 :: Generating erldocs into /home/pete/wefwefwef/docs/other/2938773193/repo/v0.1.1
Building erl-flv
Generating Type Specs - "/home/pete/wefwefwef/docs/other/2938773193/erl-flv-tag-v0.1.1/erl-flv/src/flv.erl"
Generating Type Specs - "/home/pete/wefwefwef/docs/other/2938773193/erl-flv-tag-v0.1.1/erl-flv/src/flv_body.erl"
Generating Type Specs - "/home/pete/wefwefwef/docs/other/2938773193/erl-flv-tag-v0.1.1/erl-flv/src/flv_header.erl"
Generating Type Specs - "/home/pete/wefwefwef/docs/other/2938773193/erl-flv-tag-v0.1.1/erl-flv/src/flv_tag.erl"
Generating XML for application erl-flv "/home/pete/wefwefwef/docs/other/2938773193/erl-flv-tag-v0.1.1/erl-flv" -> "/home/pete/wefwefwef/docs/other/2938773193/repo/v0.1.1/.xml/erl-flv"
Generated erl-flv XMLs: ["/home/pete/wefwefwef/docs/other/2938773193/repo/v0.1.1/.xml/erl-flv/flv_tag.xml",
                         "/home/pete/wefwefwef/docs/other/2938773193/repo/v0.1.1/.xml/erl-flv/flv.xml",
                         "/home/pete/wefwefwef/docs/other/2938773193/repo/v0.1.1/.xml/erl-flv/flv_body.xml",
                         "/home/pete/wefwefwef/docs/other/2938773193/repo/v0.1.1/.xml/erl-flv/flv_header.xml"]
Generating HTML - flv_tag "/home/pete/wefwefwef/docs/other/2938773193/repo/v0.1.1/.xml/erl-flv/flv_tag.xml"
Generating HTML - flv "/home/pete/wefwefwef/docs/other/2938773193/repo/v0.1.1/.xml/erl-flv/flv.xml"
Generating HTML - flv_body "/home/pete/wefwefwef/docs/other/2938773193/repo/v0.1.1/.xml/erl-flv/flv_body.xml"
Generating HTML - flv_header "/home/pete/wefwefwef/docs/other/2938773193/repo/v0.1.1/.xml/erl-flv/flv_header.xml"
Reading XML for "/home/pete/wefwefwef/docs/other/2938773193/repo/v0.1.1/.xml/erl-flv/flv_tag.xml"
Reading XML for "/home/pete/wefwefwef/docs/other/2938773193/repo/v0.1.1/.xml/erl-flv/flv.xml"
Reading XML for "/home/pete/wefwefwef/docs/other/2938773193/repo/v0.1.1/.xml/erl-flv/flv_body.xml"
Reading XML for "/home/pete/wefwefwef/docs/other/2938773193/repo/v0.1.1/.xml/erl-flv/flv_header.xml"
Reading XML for "/home/pete/wefwefwef/docs/other/2938773193/repo/v0.1.1/.xml/specs_flv_tag.xml"
Reading XML for "/home/pete/wefwefwef/docs/other/2938773193/repo/v0.1.1/.xml/specs_flv_body.xml"
Reading XML for "/home/pete/wefwefwef/docs/other/2938773193/repo/v0.1.1/.xml/specs_flv.xml"
Reading XML for "/home/pete/wefwefwef/docs/other/2938773193/repo/v0.1.1/.xml/specs_flv_header.xml"
Creating index.html ...
Creating erldocs_index.js ...
Woot, finished in 0 Minutes 0 Seconds
 :: Discovering other repos
$ 5000  `rm -r '/home/pete/wefwefwef/docs/other/2938773193/erl-flv-tag-v0.1.1'  2>&1`
 :: Processing https://github.com/sile/erl-flv	{rev,branch,"develop","f7bf9911a7e82000857cdca95bdbfcb0160c3abf",undefined,[],[]}
 :: Fetching repo code
$ cd "/home/pete/wefwefwef/docs/other/2938773193/erl-flv-branch-develop/erl-flv"
$ infinity  `curl --fail --silent --show-error --location --output 'develop.zip' 'https://github.com/sile/erl-flv/archive/develop.zip'  2>&1`
$ cd "/home/pete/wefwefwef/docs/erldocs_other.git"
$ cd "/home/pete/wefwefwef/docs/other/2938773193/erl-flv-branch-develop/erl-flv"
$ 5000  `find -P . -type l -delete  2>&1`
$ cd "/home/pete/wefwefwef/docs/erldocs_other.git"
$ cd "/home/pete/wefwefwef/docs/other/2938773193/erl-flv-branch-develop/erl-flv"
$ 5000  `find 'erl-flv-develop' -mindepth 1 -maxdepth 1 -exec mv -t . -- {} +  2>&1`
$ cd "/home/pete/wefwefwef/docs/erldocs_other.git"
 :: Getting dependencies
$ cd "/home/pete/wefwefwef/docs/other/2938773193/erl-flv-branch-develop/erl-flv"
$ infinity  `rebar --config '/home/pete/wefwefwef/docs/other/2938773193/erl-flv-branch-develop/rebar_deps' get-deps  2>&1`
$ cd "/home/pete/wefwefwef/docs/erldocs_other.git"
$ cd "/home/pete/wefwefwef/docs/other/2938773193/erl-flv-branch-develop/erl-flv"
$ 5000  `find -P . -type l -delete  2>&1`
$ cd "/home/pete/wefwefwef/docs/erldocs_other.git"
$ cd "/home/pete/wefwefwef/docs/other/2938773193/erl-flv-branch-develop/erl-flv"
$ 5000  `ls -1 deps/  2>&1`
$ cd "/home/pete/wefwefwef/docs/erldocs_other.git"
>>> [rebar] deps = ["amf","meck"]
 :: Generating erldocs into /home/pete/wefwefwef/docs/other/2938773193/repo/develop
Building erl-flv
Generating Type Specs - "/home/pete/wefwefwef/docs/other/2938773193/erl-flv-branch-develop/erl-flv/src/flv.erl"
Generating Type Specs - "/home/pete/wefwefwef/docs/other/2938773193/erl-flv-branch-develop/erl-flv/src/flv_body.erl"
Generating Type Specs - "/home/pete/wefwefwef/docs/other/2938773193/erl-flv-branch-develop/erl-flv/src/flv_header.erl"
Generating Type Specs - "/home/pete/wefwefwef/docs/other/2938773193/erl-flv-branch-develop/erl-flv/src/flv_tag.erl"
Generating XML for application erl-flv "/home/pete/wefwefwef/docs/other/2938773193/erl-flv-branch-develop/erl-flv" -> "/home/pete/wefwefwef/docs/other/2938773193/repo/develop/.xml/erl-flv"
Generated erl-flv XMLs: ["/home/pete/wefwefwef/docs/other/2938773193/repo/develop/.xml/erl-flv/flv_tag.xml",
                         "/home/pete/wefwefwef/docs/other/2938773193/repo/develop/.xml/erl-flv/flv.xml",
                         "/home/pete/wefwefwef/docs/other/2938773193/repo/develop/.xml/erl-flv/flv_body.xml",
                         "/home/pete/wefwefwef/docs/other/2938773193/repo/develop/.xml/erl-flv/flv_header.xml"]
Generating HTML - flv_tag "/home/pete/wefwefwef/docs/other/2938773193/repo/develop/.xml/erl-flv/flv_tag.xml"
Generating HTML - flv "/home/pete/wefwefwef/docs/other/2938773193/repo/develop/.xml/erl-flv/flv.xml"
Generating HTML - flv_body "/home/pete/wefwefwef/docs/other/2938773193/repo/develop/.xml/erl-flv/flv_body.xml"
Generating HTML - flv_header "/home/pete/wefwefwef/docs/other/2938773193/repo/develop/.xml/erl-flv/flv_header.xml"
Reading XML for "/home/pete/wefwefwef/docs/other/2938773193/repo/develop/.xml/erl-flv/flv_tag.xml"
Reading XML for "/home/pete/wefwefwef/docs/other/2938773193/repo/develop/.xml/erl-flv/flv.xml"
Reading XML for "/home/pete/wefwefwef/docs/other/2938773193/repo/develop/.xml/erl-flv/flv_body.xml"
Reading XML for "/home/pete/wefwefwef/docs/other/2938773193/repo/develop/.xml/erl-flv/flv_header.xml"
Reading XML for "/home/pete/wefwefwef/docs/other/2938773193/repo/develop/.xml/specs_flv.xml"
Reading XML for "/home/pete/wefwefwef/docs/other/2938773193/repo/develop/.xml/specs_flv_tag.xml"
Reading XML for "/home/pete/wefwefwef/docs/other/2938773193/repo/develop/.xml/specs_flv_body.xml"
Reading XML for "/home/pete/wefwefwef/docs/other/2938773193/repo/develop/.xml/specs_flv_header.xml"
Creating index.html ...
Creating erldocs_index.js ...
Woot, finished in 0 Minutes 0 Seconds
 :: Discovering other repos
$ 5000  `rm -r '/home/pete/wefwefwef/docs/other/2938773193/erl-flv-branch-develop'  2>&1`
 :: Processing https://github.com/sile/erl-flv	{rev,branch,"master","f7bf9911a7e82000857cdca95bdbfcb0160c3abf",undefined,[],[]}
 :: Fetching repo code
$ cd "/home/pete/wefwefwef/docs/other/2938773193/erl-flv-branch-master/erl-flv"
$ infinity  `curl --fail --silent --show-error --location --output 'master.zip' 'https://github.com/sile/erl-flv/archive/master.zip'  2>&1`
$ cd "/home/pete/wefwefwef/docs/erldocs_other.git"
$ cd "/home/pete/wefwefwef/docs/other/2938773193/erl-flv-branch-master/erl-flv"
$ 5000  `find -P . -type l -delete  2>&1`
$ cd "/home/pete/wefwefwef/docs/erldocs_other.git"
$ cd "/home/pete/wefwefwef/docs/other/2938773193/erl-flv-branch-master/erl-flv"
$ 5000  `find 'erl-flv-master' -mindepth 1 -maxdepth 1 -exec mv -t . -- {} +  2>&1`
$ cd "/home/pete/wefwefwef/docs/erldocs_other.git"
 :: Getting dependencies
$ cd "/home/pete/wefwefwef/docs/other/2938773193/erl-flv-branch-master/erl-flv"
$ infinity  `rebar --config '/home/pete/wefwefwef/docs/other/2938773193/erl-flv-branch-master/rebar_deps' get-deps  2>&1`
$ cd "/home/pete/wefwefwef/docs/erldocs_other.git"
$ cd "/home/pete/wefwefwef/docs/other/2938773193/erl-flv-branch-master/erl-flv"
$ 5000  `find -P . -type l -delete  2>&1`
$ cd "/home/pete/wefwefwef/docs/erldocs_other.git"
$ cd "/home/pete/wefwefwef/docs/other/2938773193/erl-flv-branch-master/erl-flv"
$ 5000  `ls -1 deps/  2>&1`
$ cd "/home/pete/wefwefwef/docs/erldocs_other.git"
>>> [rebar] deps = ["amf","meck"]
 :: Generating erldocs into /home/pete/wefwefwef/docs/other/2938773193/repo/master
Building erl-flv
Generating Type Specs - "/home/pete/wefwefwef/docs/other/2938773193/erl-flv-branch-master/erl-flv/src/flv.erl"
Generating Type Specs - "/home/pete/wefwefwef/docs/other/2938773193/erl-flv-branch-master/erl-flv/src/flv_body.erl"
Generating Type Specs - "/home/pete/wefwefwef/docs/other/2938773193/erl-flv-branch-master/erl-flv/src/flv_header.erl"
Generating Type Specs - "/home/pete/wefwefwef/docs/other/2938773193/erl-flv-branch-master/erl-flv/src/flv_tag.erl"
Generating XML for application erl-flv "/home/pete/wefwefwef/docs/other/2938773193/erl-flv-branch-master/erl-flv" -> "/home/pete/wefwefwef/docs/other/2938773193/repo/master/.xml/erl-flv"
Generated erl-flv XMLs: ["/home/pete/wefwefwef/docs/other/2938773193/repo/master/.xml/erl-flv/flv_tag.xml",
                         "/home/pete/wefwefwef/docs/other/2938773193/repo/master/.xml/erl-flv/flv.xml",
                         "/home/pete/wefwefwef/docs/other/2938773193/repo/master/.xml/erl-flv/flv_body.xml",
                         "/home/pete/wefwefwef/docs/other/2938773193/repo/master/.xml/erl-flv/flv_header.xml"]
Generating HTML - flv_tag "/home/pete/wefwefwef/docs/other/2938773193/repo/master/.xml/erl-flv/flv_tag.xml"
Generating HTML - flv "/home/pete/wefwefwef/docs/other/2938773193/repo/master/.xml/erl-flv/flv.xml"
Generating HTML - flv_body "/home/pete/wefwefwef/docs/other/2938773193/repo/master/.xml/erl-flv/flv_body.xml"
Generating HTML - flv_header "/home/pete/wefwefwef/docs/other/2938773193/repo/master/.xml/erl-flv/flv_header.xml"
Reading XML for "/home/pete/wefwefwef/docs/other/2938773193/repo/master/.xml/erl-flv/flv_tag.xml"
Reading XML for "/home/pete/wefwefwef/docs/other/2938773193/repo/master/.xml/erl-flv/flv.xml"
Reading XML for "/home/pete/wefwefwef/docs/other/2938773193/repo/master/.xml/erl-flv/flv_body.xml"
Reading XML for "/home/pete/wefwefwef/docs/other/2938773193/repo/master/.xml/erl-flv/flv_header.xml"
Reading XML for "/home/pete/wefwefwef/docs/other/2938773193/repo/master/.xml/specs_flv.xml"
Reading XML for "/home/pete/wefwefwef/docs/other/2938773193/repo/master/.xml/specs_flv_body.xml"
Reading XML for "/home/pete/wefwefwef/docs/other/2938773193/repo/master/.xml/specs_flv_tag.xml"
Reading XML for "/home/pete/wefwefwef/docs/other/2938773193/repo/master/.xml/specs_flv_header.xml"
Creating index.html ...
Creating erldocs_index.js ...
Woot, finished in 0 Minutes 0 Seconds
 :: Discovering other repos
$ 5000  `rm -r '/home/pete/wefwefwef/docs/other/2938773193/erl-flv-branch-master'  2>&1`
 :: Finishing up
$ 5000  `rm -r '/home/pete/wefwefwef/docs/other/2938773193/erl-flv'  2>&1`
