 :: Extracting meta information
$ 5000  `git ls-remote --heads --tags 'https://github.com/manuel-rubio/confetti'  2>&1`
>>> [repo] 2 branches, 3 tags
 :: Writing meta to "/home/pete/wefwefwef/docs/other/7165183567/meta.txt"
 :: Processing https://github.com/manuel-rubio/confetti	{rev,tag,"v0.1","43d9d3cd13a065a8b8078f338eeac2a643bc83a6",undefined,[],[]}
 :: Fetching repo code
$ cd "/home/pete/wefwefwef/docs/other/7165183567/confetti-tag-v0.1/confetti"
$ infinity  `curl --fail --silent --show-error --location --output 'v0.1.zip' 'https://github.com/manuel-rubio/confetti/archive/v0.1.zip'  2>&1`
$ cd "/home/pete/wefwefwef/docs/erldocs_other.git"
$ cd "/home/pete/wefwefwef/docs/other/7165183567/confetti-tag-v0.1/confetti"
$ 5000  `find -P . -type l -delete  2>&1`
$ cd "/home/pete/wefwefwef/docs/erldocs_other.git"
$ cd "/home/pete/wefwefwef/docs/other/7165183567/confetti-tag-v0.1/confetti"
$ 5000  `find 'confetti-0.1' -mindepth 1 -maxdepth 1 -exec mv -t . -- {} +  2>&1`
$ cd "/home/pete/wefwefwef/docs/erldocs_other.git"
 :: Getting dependencies
$ cd "/home/pete/wefwefwef/docs/other/7165183567/confetti-tag-v0.1/confetti"
$ 5000  `ls -1 deps/  2>&1`
$ cd "/home/pete/wefwefwef/docs/erldocs_other.git"
>>> [rebar] deps = []
 :: Generating erldocs into /home/pete/wefwefwef/docs/other/7165183567/repo/v0.1
Building confetti
Generating Type Specs - "/home/pete/wefwefwef/docs/other/7165183567/confetti-tag-v0.1/confetti/src/confetti.erl"
Generating Type Specs - "/home/pete/wefwefwef/docs/other/7165183567/confetti-tag-v0.1/confetti/src/confetti_app.erl"
Generating Type Specs - "/home/pete/wefwefwef/docs/other/7165183567/confetti-tag-v0.1/confetti/src/confetti_mgmt.erl"
Generating Type Specs - "/home/pete/wefwefwef/docs/other/7165183567/confetti-tag-v0.1/confetti/src/confetti_mgmt_cmnds.erl"
Generating Type Specs - "/home/pete/wefwefwef/docs/other/7165183567/confetti-tag-v0.1/confetti/src/confetti_mgmt_sup.erl"
Generating Type Specs - "/home/pete/wefwefwef/docs/other/7165183567/confetti-tag-v0.1/confetti/src/confetti_reader.erl"
Generating Type Specs - "/home/pete/wefwefwef/docs/other/7165183567/confetti-tag-v0.1/confetti/src/confetti_sup.erl"
Generating Type Specs - "/home/pete/wefwefwef/docs/other/7165183567/confetti-tag-v0.1/confetti/src/confetti_sup_sup.erl"
Generating Type Specs - "/home/pete/wefwefwef/docs/other/7165183567/confetti-tag-v0.1/confetti/src/confetti_table_man.erl"
Generating Type Specs - "/home/pete/wefwefwef/docs/other/7165183567/confetti-tag-v0.1/confetti/src/confetti_table_man_sup.erl"
Generating Type Specs - "/home/pete/wefwefwef/docs/other/7165183567/confetti-tag-v0.1/confetti/src/confetti_utils.erl"
Generating Type Specs - "/home/pete/wefwefwef/docs/other/7165183567/confetti-tag-v0.1/confetti/src/confetti_writer.erl"
Generating Type Specs - "/home/pete/wefwefwef/docs/other/7165183567/confetti-tag-v0.1/confetti/src/example_srv.erl"
Generating Type Specs - "/home/pete/wefwefwef/docs/other/7165183567/confetti-tag-v0.1/confetti/src/example_user_commands.erl"
Generating XML for application confetti "/home/pete/wefwefwef/docs/other/7165183567/confetti-tag-v0.1/confetti" -> "/home/pete/wefwefwef/docs/other/7165183567/repo/v0.1/.xml/confetti"
Generated confetti XMLs: ["/home/pete/wefwefwef/docs/other/7165183567/repo/v0.1/.xml/confetti/confetti_reader.xml",
                          "/home/pete/wefwefwef/docs/other/7165183567/repo/v0.1/.xml/confetti/confetti_sup_sup.xml",
                          "/home/pete/wefwefwef/docs/other/7165183567/repo/v0.1/.xml/confetti/confetti_mgmt_sup.xml",
                          "/home/pete/wefwefwef/docs/other/7165183567/repo/v0.1/.xml/confetti/confetti.xml",
                          "/home/pete/wefwefwef/docs/other/7165183567/repo/v0.1/.xml/confetti/confetti_sup.xml",
                          "/home/pete/wefwefwef/docs/other/7165183567/repo/v0.1/.xml/confetti/confetti_mgmt_cmnds.xml",
                          "/home/pete/wefwefwef/docs/other/7165183567/repo/v0.1/.xml/confetti/confetti_app.xml",
                          "/home/pete/wefwefwef/docs/other/7165183567/repo/v0.1/.xml/confetti/confetti_mgmt.xml",
                          "/home/pete/wefwefwef/docs/other/7165183567/repo/v0.1/.xml/confetti/confetti_writer.xml",
                          "/home/pete/wefwefwef/docs/other/7165183567/repo/v0.1/.xml/confetti/confetti_utils.xml",
                          "/home/pete/wefwefwef/docs/other/7165183567/repo/v0.1/.xml/confetti/confetti_table_man.xml",
                          "/home/pete/wefwefwef/docs/other/7165183567/repo/v0.1/.xml/confetti/example_user_commands.xml",
                          "/home/pete/wefwefwef/docs/other/7165183567/repo/v0.1/.xml/confetti/example_srv.xml",
                          "/home/pete/wefwefwef/docs/other/7165183567/repo/v0.1/.xml/confetti/confetti_table_man_sup.xml"]
Generating HTML - confetti_mgmt_sup "/home/pete/wefwefwef/docs/other/7165183567/repo/v0.1/.xml/confetti/confetti_mgmt_sup.xml"
Generating HTML - confetti_mgmt_cmnds "/home/pete/wefwefwef/docs/other/7165183567/repo/v0.1/.xml/confetti/confetti_mgmt_cmnds.xml"
Generating HTML - confetti_writer "/home/pete/wefwefwef/docs/other/7165183567/repo/v0.1/.xml/confetti/confetti_writer.xml"
Generating HTML - confetti_table_man_sup "/home/pete/wefwefwef/docs/other/7165183567/repo/v0.1/.xml/confetti/confetti_table_man_sup.xml"
Reading XML for "/home/pete/wefwefwef/docs/other/7165183567/repo/v0.1/.xml/confetti/confetti_mgmt_sup.xml"
Reading XML for "/home/pete/wefwefwef/docs/other/7165183567/repo/v0.1/.xml/confetti/confetti_mgmt_cmnds.xml"
Reading XML for "/home/pete/wefwefwef/docs/other/7165183567/repo/v0.1/.xml/confetti/confetti_writer.xml"
Reading XML for "/home/pete/wefwefwef/docs/other/7165183567/repo/v0.1/.xml/confetti/confetti_table_man_sup.xml"
Reading XML for "/home/pete/wefwefwef/docs/other/7165183567/repo/v0.1/.xml/specs_confetti_mgmt_sup.xml"
Reading XML for "/home/pete/wefwefwef/docs/other/7165183567/repo/v0.1/.xml/specs_confetti_mgmt_cmnds.xml"
Generating HTML - confetti_sup_sup "/home/pete/wefwefwef/docs/other/7165183567/repo/v0.1/.xml/confetti/confetti_sup_sup.xml"
Generating HTML - confetti_sup "/home/pete/wefwefwef/docs/other/7165183567/repo/v0.1/.xml/confetti/confetti_sup.xml"
Reading XML for "/home/pete/wefwefwef/docs/other/7165183567/repo/v0.1/.xml/confetti/confetti_sup_sup.xml"
Reading XML for "/home/pete/wefwefwef/docs/other/7165183567/repo/v0.1/.xml/confetti/confetti_sup.xml"
Reading XML for "/home/pete/wefwefwef/docs/other/7165183567/repo/v0.1/.xml/specs_confetti_writer.xml"
Reading XML for "/home/pete/wefwefwef/docs/other/7165183567/repo/v0.1/.xml/specs_confetti_table_man_sup.xml"
Generating HTML - confetti_mgmt "/home/pete/wefwefwef/docs/other/7165183567/repo/v0.1/.xml/confetti/confetti_mgmt.xml"
Reading XML for "/home/pete/wefwefwef/docs/other/7165183567/repo/v0.1/.xml/confetti/confetti_mgmt.xml"
Generating HTML - example_srv "/home/pete/wefwefwef/docs/other/7165183567/repo/v0.1/.xml/confetti/example_srv.xml"
Reading XML for "/home/pete/wefwefwef/docs/other/7165183567/repo/v0.1/.xml/confetti/example_srv.xml"
Reading XML for "/home/pete/wefwefwef/docs/other/7165183567/repo/v0.1/.xml/specs_confetti_sup_sup.xml"
Reading XML for "/home/pete/wefwefwef/docs/other/7165183567/repo/v0.1/.xml/specs_confetti_sup.xml"
Generating HTML - confetti_reader "/home/pete/wefwefwef/docs/other/7165183567/repo/v0.1/.xml/confetti/confetti_reader.xml"
Reading XML for "/home/pete/wefwefwef/docs/other/7165183567/repo/v0.1/.xml/confetti/confetti_reader.xml"
Generating HTML - confetti "/home/pete/wefwefwef/docs/other/7165183567/repo/v0.1/.xml/confetti/confetti.xml"
Reading XML for "/home/pete/wefwefwef/docs/other/7165183567/repo/v0.1/.xml/specs_confetti_mgmt.xml"
Reading XML for "/home/pete/wefwefwef/docs/other/7165183567/repo/v0.1/.xml/confetti/confetti.xml"
Reading XML for "/home/pete/wefwefwef/docs/other/7165183567/repo/v0.1/.xml/specs_example_srv.xml"
Generating HTML - confetti_app "/home/pete/wefwefwef/docs/other/7165183567/repo/v0.1/.xml/confetti/confetti_app.xml"
Reading XML for "/home/pete/wefwefwef/docs/other/7165183567/repo/v0.1/.xml/confetti/confetti_app.xml"
Generating HTML - example_user_commands "/home/pete/wefwefwef/docs/other/7165183567/repo/v0.1/.xml/confetti/example_user_commands.xml"
Reading XML for "/home/pete/wefwefwef/docs/other/7165183567/repo/v0.1/.xml/confetti/example_user_commands.xml"
Reading XML for "/home/pete/wefwefwef/docs/other/7165183567/repo/v0.1/.xml/specs_confetti_reader.xml"
Reading XML for "/home/pete/wefwefwef/docs/other/7165183567/repo/v0.1/.xml/specs_example_user_commands.xml"
Reading XML for "/home/pete/wefwefwef/docs/other/7165183567/repo/v0.1/.xml/specs_confetti.xml"
Reading XML for "/home/pete/wefwefwef/docs/other/7165183567/repo/v0.1/.xml/specs_confetti_app.xml"
Generating HTML - confetti_table_man "/home/pete/wefwefwef/docs/other/7165183567/repo/v0.1/.xml/confetti/confetti_table_man.xml"
Reading XML for "/home/pete/wefwefwef/docs/other/7165183567/repo/v0.1/.xml/confetti/confetti_table_man.xml"
Reading XML for "/home/pete/wefwefwef/docs/other/7165183567/repo/v0.1/.xml/specs_confetti_table_man.xml"
Generating HTML - confetti_utils "/home/pete/wefwefwef/docs/other/7165183567/repo/v0.1/.xml/confetti/confetti_utils.xml"
Reading XML for "/home/pete/wefwefwef/docs/other/7165183567/repo/v0.1/.xml/confetti/confetti_utils.xml"
Reading XML for "/home/pete/wefwefwef/docs/other/7165183567/repo/v0.1/.xml/specs_confetti_utils.xml"
Creating index.html ...
Creating erldocs_index.js ...
Woot, finished in 0 Minutes 1 Seconds
 :: Discovering other repos
$ 5000  `rm -r '/home/pete/wefwefwef/docs/other/7165183567/confetti-tag-v0.1'  2>&1`
 :: Processing https://github.com/manuel-rubio/confetti	{rev,tag,"v0.1.1","7f7b4942ef93f7e31bd03ee574e740da3b35488d",undefined,[],[]}
 :: Fetching repo code
$ cd "/home/pete/wefwefwef/docs/other/7165183567/confetti-tag-v0.1.1/confetti"
$ infinity  `curl --fail --silent --show-error --location --output 'v0.1.1.zip' 'https://github.com/manuel-rubio/confetti/archive/v0.1.1.zip'  2>&1`
$ cd "/home/pete/wefwefwef/docs/erldocs_other.git"
$ cd "/home/pete/wefwefwef/docs/other/7165183567/confetti-tag-v0.1.1/confetti"
$ 5000  `find -P . -type l -delete  2>&1`
$ cd "/home/pete/wefwefwef/docs/erldocs_other.git"
$ cd "/home/pete/wefwefwef/docs/other/7165183567/confetti-tag-v0.1.1/confetti"
$ 5000  `find 'confetti-0.1.1' -mindepth 1 -maxdepth 1 -exec mv -t . -- {} +  2>&1`
$ cd "/home/pete/wefwefwef/docs/erldocs_other.git"
 :: Getting dependencies
$ cd "/home/pete/wefwefwef/docs/other/7165183567/confetti-tag-v0.1.1/confetti"
$ 5000  `ls -1 deps/  2>&1`
$ cd "/home/pete/wefwefwef/docs/erldocs_other.git"
>>> [rebar] deps = []
 :: Generating erldocs into /home/pete/wefwefwef/docs/other/7165183567/repo/v0.1.1
Building confetti
Generating Type Specs - "/home/pete/wefwefwef/docs/other/7165183567/confetti-tag-v0.1.1/confetti/src/confetti.erl"
Generating Type Specs - "/home/pete/wefwefwef/docs/other/7165183567/confetti-tag-v0.1.1/confetti/src/confetti_app.erl"
Generating Type Specs - "/home/pete/wefwefwef/docs/other/7165183567/confetti-tag-v0.1.1/confetti/src/confetti_mgmt.erl"
Generating Type Specs - "/home/pete/wefwefwef/docs/other/7165183567/confetti-tag-v0.1.1/confetti/src/confetti_mgmt_cmnds.erl"
Generating Type Specs - "/home/pete/wefwefwef/docs/other/7165183567/confetti-tag-v0.1.1/confetti/src/confetti_mgmt_sup.erl"
Generating Type Specs - "/home/pete/wefwefwef/docs/other/7165183567/confetti-tag-v0.1.1/confetti/src/confetti_reader.erl"
Generating Type Specs - "/home/pete/wefwefwef/docs/other/7165183567/confetti-tag-v0.1.1/confetti/src/confetti_sup.erl"
Generating Type Specs - "/home/pete/wefwefwef/docs/other/7165183567/confetti-tag-v0.1.1/confetti/src/confetti_sup_sup.erl"
Generating Type Specs - "/home/pete/wefwefwef/docs/other/7165183567/confetti-tag-v0.1.1/confetti/src/confetti_table_man.erl"
Generating Type Specs - "/home/pete/wefwefwef/docs/other/7165183567/confetti-tag-v0.1.1/confetti/src/confetti_table_man_sup.erl"
Generating Type Specs - "/home/pete/wefwefwef/docs/other/7165183567/confetti-tag-v0.1.1/confetti/src/confetti_utils.erl"
Generating Type Specs - "/home/pete/wefwefwef/docs/other/7165183567/confetti-tag-v0.1.1/confetti/src/confetti_writer.erl"
Generating Type Specs - "/home/pete/wefwefwef/docs/other/7165183567/confetti-tag-v0.1.1/confetti/src/example_srv.erl"
Generating Type Specs - "/home/pete/wefwefwef/docs/other/7165183567/confetti-tag-v0.1.1/confetti/src/example_user_commands.erl"
Generating XML for application confetti "/home/pete/wefwefwef/docs/other/7165183567/confetti-tag-v0.1.1/confetti" -> "/home/pete/wefwefwef/docs/other/7165183567/repo/v0.1.1/.xml/confetti"
Generated confetti XMLs: ["/home/pete/wefwefwef/docs/other/7165183567/repo/v0.1.1/.xml/confetti/confetti_reader.xml",
                          "/home/pete/wefwefwef/docs/other/7165183567/repo/v0.1.1/.xml/confetti/confetti_sup_sup.xml",
                          "/home/pete/wefwefwef/docs/other/7165183567/repo/v0.1.1/.xml/confetti/confetti_mgmt_sup.xml",
                          "/home/pete/wefwefwef/docs/other/7165183567/repo/v0.1.1/.xml/confetti/confetti.xml",
                          "/home/pete/wefwefwef/docs/other/7165183567/repo/v0.1.1/.xml/confetti/confetti_sup.xml",
                          "/home/pete/wefwefwef/docs/other/7165183567/repo/v0.1.1/.xml/confetti/confetti_mgmt_cmnds.xml",
                          "/home/pete/wefwefwef/docs/other/7165183567/repo/v0.1.1/.xml/confetti/confetti_app.xml",
                          "/home/pete/wefwefwef/docs/other/7165183567/repo/v0.1.1/.xml/confetti/confetti_mgmt.xml",
                          "/home/pete/wefwefwef/docs/other/7165183567/repo/v0.1.1/.xml/confetti/confetti_writer.xml",
                          "/home/pete/wefwefwef/docs/other/7165183567/repo/v0.1.1/.xml/confetti/confetti_utils.xml",
                          "/home/pete/wefwefwef/docs/other/7165183567/repo/v0.1.1/.xml/confetti/confetti_table_man.xml",
                          "/home/pete/wefwefwef/docs/other/7165183567/repo/v0.1.1/.xml/confetti/example_user_commands.xml",
                          "/home/pete/wefwefwef/docs/other/7165183567/repo/v0.1.1/.xml/confetti/example_srv.xml",
                          "/home/pete/wefwefwef/docs/other/7165183567/repo/v0.1.1/.xml/confetti/confetti_table_man_sup.xml"]
Generating HTML - confetti_mgmt_sup "/home/pete/wefwefwef/docs/other/7165183567/repo/v0.1.1/.xml/confetti/confetti_mgmt_sup.xml"
Generating HTML - confetti_mgmt_cmnds "/home/pete/wefwefwef/docs/other/7165183567/repo/v0.1.1/.xml/confetti/confetti_mgmt_cmnds.xml"
Generating HTML - confetti_writer "/home/pete/wefwefwef/docs/other/7165183567/repo/v0.1.1/.xml/confetti/confetti_writer.xml"
Generating HTML - confetti_table_man_sup "/home/pete/wefwefwef/docs/other/7165183567/repo/v0.1.1/.xml/confetti/confetti_table_man_sup.xml"
Reading XML for "/home/pete/wefwefwef/docs/other/7165183567/repo/v0.1.1/.xml/confetti/confetti_mgmt_sup.xml"
Reading XML for "/home/pete/wefwefwef/docs/other/7165183567/repo/v0.1.1/.xml/confetti/confetti_mgmt_cmnds.xml"
Reading XML for "/home/pete/wefwefwef/docs/other/7165183567/repo/v0.1.1/.xml/confetti/confetti_writer.xml"
Reading XML for "/home/pete/wefwefwef/docs/other/7165183567/repo/v0.1.1/.xml/confetti/confetti_table_man_sup.xml"
Reading XML for "/home/pete/wefwefwef/docs/other/7165183567/repo/v0.1.1/.xml/specs_confetti_writer.xml"
Reading XML for "/home/pete/wefwefwef/docs/other/7165183567/repo/v0.1.1/.xml/specs_confetti_mgmt_cmnds.xml"
Reading XML for "/home/pete/wefwefwef/docs/other/7165183567/repo/v0.1.1/.xml/specs_confetti_mgmt_sup.xml"
Generating HTML - confetti_mgmt "/home/pete/wefwefwef/docs/other/7165183567/repo/v0.1.1/.xml/confetti/confetti_mgmt.xml"
Reading XML for "/home/pete/wefwefwef/docs/other/7165183567/repo/v0.1.1/.xml/confetti/confetti_mgmt.xml"
Generating HTML - confetti_sup "/home/pete/wefwefwef/docs/other/7165183567/repo/v0.1.1/.xml/confetti/confetti_sup.xml"
Reading XML for "/home/pete/wefwefwef/docs/other/7165183567/repo/v0.1.1/.xml/confetti/confetti_sup.xml"
Generating HTML - confetti_sup_sup "/home/pete/wefwefwef/docs/other/7165183567/repo/v0.1.1/.xml/confetti/confetti_sup_sup.xml"
Reading XML for "/home/pete/wefwefwef/docs/other/7165183567/repo/v0.1.1/.xml/confetti/confetti_sup_sup.xml"
Reading XML for "/home/pete/wefwefwef/docs/other/7165183567/repo/v0.1.1/.xml/specs_confetti_table_man_sup.xml"
Generating HTML - example_srv "/home/pete/wefwefwef/docs/other/7165183567/repo/v0.1.1/.xml/confetti/example_srv.xml"
Reading XML for "/home/pete/wefwefwef/docs/other/7165183567/repo/v0.1.1/.xml/confetti/example_srv.xml"
Reading XML for "/home/pete/wefwefwef/docs/other/7165183567/repo/v0.1.1/.xml/specs_confetti_mgmt.xml"
Reading XML for "/home/pete/wefwefwef/docs/other/7165183567/repo/v0.1.1/.xml/specs_confetti_sup_sup.xml"
Reading XML for "/home/pete/wefwefwef/docs/other/7165183567/repo/v0.1.1/.xml/specs_confetti_sup.xml"
Generating HTML - confetti_app "/home/pete/wefwefwef/docs/other/7165183567/repo/v0.1.1/.xml/confetti/confetti_app.xml"
Reading XML for "/home/pete/wefwefwef/docs/other/7165183567/repo/v0.1.1/.xml/confetti/confetti_app.xml"
Generating HTML - confetti_reader "/home/pete/wefwefwef/docs/other/7165183567/repo/v0.1.1/.xml/confetti/confetti_reader.xml"
Reading XML for "/home/pete/wefwefwef/docs/other/7165183567/repo/v0.1.1/.xml/confetti/confetti_reader.xml"
Generating HTML - confetti "/home/pete/wefwefwef/docs/other/7165183567/repo/v0.1.1/.xml/confetti/confetti.xml"
Reading XML for "/home/pete/wefwefwef/docs/other/7165183567/repo/v0.1.1/.xml/confetti/confetti.xml"
Reading XML for "/home/pete/wefwefwef/docs/other/7165183567/repo/v0.1.1/.xml/specs_example_srv.xml"
Generating HTML - example_user_commands "/home/pete/wefwefwef/docs/other/7165183567/repo/v0.1.1/.xml/confetti/example_user_commands.xml"
Reading XML for "/home/pete/wefwefwef/docs/other/7165183567/repo/v0.1.1/.xml/confetti/example_user_commands.xml"
Reading XML for "/home/pete/wefwefwef/docs/other/7165183567/repo/v0.1.1/.xml/specs_confetti_app.xml"
Reading XML for "/home/pete/wefwefwef/docs/other/7165183567/repo/v0.1.1/.xml/specs_confetti_reader.xml"
Reading XML for "/home/pete/wefwefwef/docs/other/7165183567/repo/v0.1.1/.xml/specs_confetti.xml"
Reading XML for "/home/pete/wefwefwef/docs/other/7165183567/repo/v0.1.1/.xml/specs_example_user_commands.xml"
Generating HTML - confetti_table_man "/home/pete/wefwefwef/docs/other/7165183567/repo/v0.1.1/.xml/confetti/confetti_table_man.xml"
Reading XML for "/home/pete/wefwefwef/docs/other/7165183567/repo/v0.1.1/.xml/confetti/confetti_table_man.xml"
Reading XML for "/home/pete/wefwefwef/docs/other/7165183567/repo/v0.1.1/.xml/specs_confetti_table_man.xml"
Generating HTML - confetti_utils "/home/pete/wefwefwef/docs/other/7165183567/repo/v0.1.1/.xml/confetti/confetti_utils.xml"
Reading XML for "/home/pete/wefwefwef/docs/other/7165183567/repo/v0.1.1/.xml/confetti/confetti_utils.xml"
Reading XML for "/home/pete/wefwefwef/docs/other/7165183567/repo/v0.1.1/.xml/specs_confetti_utils.xml"
Creating index.html ...
Creating erldocs_index.js ...
Woot, finished in 0 Minutes 1 Seconds
 :: Discovering other repos
$ 5000  `rm -r '/home/pete/wefwefwef/docs/other/7165183567/confetti-tag-v0.1.1'  2>&1`
 :: Processing https://github.com/manuel-rubio/confetti	{rev,tag,"v0.1.2","b3f8fe7d24599d183fe871580750f300740619c5",undefined,[],[]}
 :: Fetching repo code
$ cd "/home/pete/wefwefwef/docs/other/7165183567/confetti-tag-v0.1.2/confetti"
$ infinity  `curl --fail --silent --show-error --location --output 'v0.1.2.zip' 'https://github.com/manuel-rubio/confetti/archive/v0.1.2.zip'  2>&1`
$ cd "/home/pete/wefwefwef/docs/erldocs_other.git"
$ cd "/home/pete/wefwefwef/docs/other/7165183567/confetti-tag-v0.1.2/confetti"
$ 5000  `find -P . -type l -delete  2>&1`
$ cd "/home/pete/wefwefwef/docs/erldocs_other.git"
$ cd "/home/pete/wefwefwef/docs/other/7165183567/confetti-tag-v0.1.2/confetti"
$ 5000  `find 'confetti-0.1.2' -mindepth 1 -maxdepth 1 -exec mv -t . -- {} +  2>&1`
$ cd "/home/pete/wefwefwef/docs/erldocs_other.git"
 :: Getting dependencies
$ cd "/home/pete/wefwefwef/docs/other/7165183567/confetti-tag-v0.1.2/confetti"
$ 5000  `ls -1 deps/  2>&1`
$ cd "/home/pete/wefwefwef/docs/erldocs_other.git"
>>> [rebar] deps = []
 :: Generating erldocs into /home/pete/wefwefwef/docs/other/7165183567/repo/v0.1.2
Building confetti
Generating Type Specs - "/home/pete/wefwefwef/docs/other/7165183567/confetti-tag-v0.1.2/confetti/src/confetti.erl"
Generating Type Specs - "/home/pete/wefwefwef/docs/other/7165183567/confetti-tag-v0.1.2/confetti/src/confetti_app.erl"
Generating Type Specs - "/home/pete/wefwefwef/docs/other/7165183567/confetti-tag-v0.1.2/confetti/src/confetti_mgmt.erl"
Generating Type Specs - "/home/pete/wefwefwef/docs/other/7165183567/confetti-tag-v0.1.2/confetti/src/confetti_mgmt_cmnds.erl"
Generating Type Specs - "/home/pete/wefwefwef/docs/other/7165183567/confetti-tag-v0.1.2/confetti/src/confetti_mgmt_sup.erl"
Generating Type Specs - "/home/pete/wefwefwef/docs/other/7165183567/confetti-tag-v0.1.2/confetti/src/confetti_reader.erl"
Generating Type Specs - "/home/pete/wefwefwef/docs/other/7165183567/confetti-tag-v0.1.2/confetti/src/confetti_sup.erl"
Generating Type Specs - "/home/pete/wefwefwef/docs/other/7165183567/confetti-tag-v0.1.2/confetti/src/confetti_sup_sup.erl"
Generating Type Specs - "/home/pete/wefwefwef/docs/other/7165183567/confetti-tag-v0.1.2/confetti/src/confetti_table_man.erl"
Generating Type Specs - "/home/pete/wefwefwef/docs/other/7165183567/confetti-tag-v0.1.2/confetti/src/confetti_table_man_sup.erl"
Generating Type Specs - "/home/pete/wefwefwef/docs/other/7165183567/confetti-tag-v0.1.2/confetti/src/confetti_utils.erl"
Generating Type Specs - "/home/pete/wefwefwef/docs/other/7165183567/confetti-tag-v0.1.2/confetti/src/confetti_writer.erl"
Generating Type Specs - "/home/pete/wefwefwef/docs/other/7165183567/confetti-tag-v0.1.2/confetti/src/example_srv.erl"
Generating Type Specs - "/home/pete/wefwefwef/docs/other/7165183567/confetti-tag-v0.1.2/confetti/src/example_user_commands.erl"
Generating XML for application confetti "/home/pete/wefwefwef/docs/other/7165183567/confetti-tag-v0.1.2/confetti" -> "/home/pete/wefwefwef/docs/other/7165183567/repo/v0.1.2/.xml/confetti"
Generated confetti XMLs: ["/home/pete/wefwefwef/docs/other/7165183567/repo/v0.1.2/.xml/confetti/confetti_reader.xml",
                          "/home/pete/wefwefwef/docs/other/7165183567/repo/v0.1.2/.xml/confetti/confetti_sup_sup.xml",
                          "/home/pete/wefwefwef/docs/other/7165183567/repo/v0.1.2/.xml/confetti/confetti_mgmt_sup.xml",
                          "/home/pete/wefwefwef/docs/other/7165183567/repo/v0.1.2/.xml/confetti/confetti.xml",
                          "/home/pete/wefwefwef/docs/other/7165183567/repo/v0.1.2/.xml/confetti/confetti_sup.xml",
                          "/home/pete/wefwefwef/docs/other/7165183567/repo/v0.1.2/.xml/confetti/confetti_mgmt_cmnds.xml",
                          "/home/pete/wefwefwef/docs/other/7165183567/repo/v0.1.2/.xml/confetti/confetti_app.xml",
                          "/home/pete/wefwefwef/docs/other/7165183567/repo/v0.1.2/.xml/confetti/confetti_mgmt.xml",
                          "/home/pete/wefwefwef/docs/other/7165183567/repo/v0.1.2/.xml/confetti/confetti_writer.xml",
                          "/home/pete/wefwefwef/docs/other/7165183567/repo/v0.1.2/.xml/confetti/confetti_utils.xml",
                          "/home/pete/wefwefwef/docs/other/7165183567/repo/v0.1.2/.xml/confetti/confetti_table_man.xml",
                          "/home/pete/wefwefwef/docs/other/7165183567/repo/v0.1.2/.xml/confetti/example_user_commands.xml",
                          "/home/pete/wefwefwef/docs/other/7165183567/repo/v0.1.2/.xml/confetti/example_srv.xml",
                          "/home/pete/wefwefwef/docs/other/7165183567/repo/v0.1.2/.xml/confetti/confetti_table_man_sup.xml"]
Generating HTML - confetti_mgmt_sup "/home/pete/wefwefwef/docs/other/7165183567/repo/v0.1.2/.xml/confetti/confetti_mgmt_sup.xml"
Generating HTML - confetti_mgmt_cmnds "/home/pete/wefwefwef/docs/other/7165183567/repo/v0.1.2/.xml/confetti/confetti_mgmt_cmnds.xml"
Generating HTML - confetti_writer "/home/pete/wefwefwef/docs/other/7165183567/repo/v0.1.2/.xml/confetti/confetti_writer.xml"
Generating HTML - confetti_table_man_sup "/home/pete/wefwefwef/docs/other/7165183567/repo/v0.1.2/.xml/confetti/confetti_table_man_sup.xml"
Reading XML for "/home/pete/wefwefwef/docs/other/7165183567/repo/v0.1.2/.xml/confetti/confetti_mgmt_sup.xml"
Reading XML for "/home/pete/wefwefwef/docs/other/7165183567/repo/v0.1.2/.xml/confetti/confetti_mgmt_cmnds.xml"
Reading XML for "/home/pete/wefwefwef/docs/other/7165183567/repo/v0.1.2/.xml/confetti/confetti_writer.xml"
Reading XML for "/home/pete/wefwefwef/docs/other/7165183567/repo/v0.1.2/.xml/confetti/confetti_table_man_sup.xml"
Reading XML for "/home/pete/wefwefwef/docs/other/7165183567/repo/v0.1.2/.xml/specs_confetti_writer.xml"
Reading XML for "/home/pete/wefwefwef/docs/other/7165183567/repo/v0.1.2/.xml/specs_confetti_mgmt_sup.xml"
Generating HTML - confetti_mgmt "/home/pete/wefwefwef/docs/other/7165183567/repo/v0.1.2/.xml/confetti/confetti_mgmt.xml"
Generating HTML - confetti_sup_sup "/home/pete/wefwefwef/docs/other/7165183567/repo/v0.1.2/.xml/confetti/confetti_sup_sup.xml"
Reading XML for "/home/pete/wefwefwef/docs/other/7165183567/repo/v0.1.2/.xml/confetti/confetti_mgmt.xml"
Reading XML for "/home/pete/wefwefwef/docs/other/7165183567/repo/v0.1.2/.xml/specs_confetti_mgmt_cmnds.xml"
Reading XML for "/home/pete/wefwefwef/docs/other/7165183567/repo/v0.1.2/.xml/confetti/confetti_sup_sup.xml"
Generating HTML - confetti_sup "/home/pete/wefwefwef/docs/other/7165183567/repo/v0.1.2/.xml/confetti/confetti_sup.xml"
Reading XML for "/home/pete/wefwefwef/docs/other/7165183567/repo/v0.1.2/.xml/specs_confetti_table_man_sup.xml"
Reading XML for "/home/pete/wefwefwef/docs/other/7165183567/repo/v0.1.2/.xml/confetti/confetti_sup.xml"
Generating HTML - example_srv "/home/pete/wefwefwef/docs/other/7165183567/repo/v0.1.2/.xml/confetti/example_srv.xml"
Reading XML for "/home/pete/wefwefwef/docs/other/7165183567/repo/v0.1.2/.xml/confetti/example_srv.xml"
Reading XML for "/home/pete/wefwefwef/docs/other/7165183567/repo/v0.1.2/.xml/specs_confetti_sup_sup.xml"
Generating HTML - confetti_reader "/home/pete/wefwefwef/docs/other/7165183567/repo/v0.1.2/.xml/confetti/confetti_reader.xml"
Reading XML for "/home/pete/wefwefwef/docs/other/7165183567/repo/v0.1.2/.xml/confetti/confetti_reader.xml"
Reading XML for "/home/pete/wefwefwef/docs/other/7165183567/repo/v0.1.2/.xml/specs_confetti_mgmt.xml"
Generating HTML - confetti_app "/home/pete/wefwefwef/docs/other/7165183567/repo/v0.1.2/.xml/confetti/confetti_app.xml"
Reading XML for "/home/pete/wefwefwef/docs/other/7165183567/repo/v0.1.2/.xml/confetti/confetti_app.xml"
Reading XML for "/home/pete/wefwefwef/docs/other/7165183567/repo/v0.1.2/.xml/specs_confetti_sup.xml"
Generating HTML - confetti "/home/pete/wefwefwef/docs/other/7165183567/repo/v0.1.2/.xml/confetti/confetti.xml"
Reading XML for "/home/pete/wefwefwef/docs/other/7165183567/repo/v0.1.2/.xml/confetti/confetti.xml"
Reading XML for "/home/pete/wefwefwef/docs/other/7165183567/repo/v0.1.2/.xml/specs_example_srv.xml"
Generating HTML - example_user_commands "/home/pete/wefwefwef/docs/other/7165183567/repo/v0.1.2/.xml/confetti/example_user_commands.xml"
Reading XML for "/home/pete/wefwefwef/docs/other/7165183567/repo/v0.1.2/.xml/confetti/example_user_commands.xml"
Reading XML for "/home/pete/wefwefwef/docs/other/7165183567/repo/v0.1.2/.xml/specs_confetti_reader.xml"
Reading XML for "/home/pete/wefwefwef/docs/other/7165183567/repo/v0.1.2/.xml/specs_confetti_app.xml"
Reading XML for "/home/pete/wefwefwef/docs/other/7165183567/repo/v0.1.2/.xml/specs_confetti.xml"
Reading XML for "/home/pete/wefwefwef/docs/other/7165183567/repo/v0.1.2/.xml/specs_example_user_commands.xml"
Generating HTML - confetti_table_man "/home/pete/wefwefwef/docs/other/7165183567/repo/v0.1.2/.xml/confetti/confetti_table_man.xml"
Reading XML for "/home/pete/wefwefwef/docs/other/7165183567/repo/v0.1.2/.xml/confetti/confetti_table_man.xml"
Reading XML for "/home/pete/wefwefwef/docs/other/7165183567/repo/v0.1.2/.xml/specs_confetti_table_man.xml"
Generating HTML - confetti_utils "/home/pete/wefwefwef/docs/other/7165183567/repo/v0.1.2/.xml/confetti/confetti_utils.xml"
Reading XML for "/home/pete/wefwefwef/docs/other/7165183567/repo/v0.1.2/.xml/confetti/confetti_utils.xml"
Reading XML for "/home/pete/wefwefwef/docs/other/7165183567/repo/v0.1.2/.xml/specs_confetti_utils.xml"
Creating index.html ...
Creating erldocs_index.js ...
Woot, finished in 0 Minutes 1 Seconds
 :: Discovering other repos
$ 5000  `rm -r '/home/pete/wefwefwef/docs/other/7165183567/confetti-tag-v0.1.2'  2>&1`
 :: Processing https://github.com/manuel-rubio/confetti	{rev,branch,"master","b3f8fe7d24599d183fe871580750f300740619c5",undefined,[],[]}
 :: Fetching repo code
$ cd "/home/pete/wefwefwef/docs/other/7165183567/confetti-branch-master/confetti"
$ infinity  `curl --fail --silent --show-error --location --output 'master.zip' 'https://github.com/manuel-rubio/confetti/archive/master.zip'  2>&1`
$ cd "/home/pete/wefwefwef/docs/erldocs_other.git"
$ cd "/home/pete/wefwefwef/docs/other/7165183567/confetti-branch-master/confetti"
$ 5000  `find -P . -type l -delete  2>&1`
$ cd "/home/pete/wefwefwef/docs/erldocs_other.git"
$ cd "/home/pete/wefwefwef/docs/other/7165183567/confetti-branch-master/confetti"
$ 5000  `find 'confetti-master' -mindepth 1 -maxdepth 1 -exec mv -t . -- {} +  2>&1`
$ cd "/home/pete/wefwefwef/docs/erldocs_other.git"
 :: Getting dependencies
$ cd "/home/pete/wefwefwef/docs/other/7165183567/confetti-branch-master/confetti"
$ 5000  `ls -1 deps/  2>&1`
$ cd "/home/pete/wefwefwef/docs/erldocs_other.git"
>>> [rebar] deps = []
 :: Generating erldocs into /home/pete/wefwefwef/docs/other/7165183567/repo/master
Building confetti
Generating Type Specs - "/home/pete/wefwefwef/docs/other/7165183567/confetti-branch-master/confetti/src/confetti.erl"
Generating Type Specs - "/home/pete/wefwefwef/docs/other/7165183567/confetti-branch-master/confetti/src/confetti_app.erl"
Generating Type Specs - "/home/pete/wefwefwef/docs/other/7165183567/confetti-branch-master/confetti/src/confetti_mgmt.erl"
Generating Type Specs - "/home/pete/wefwefwef/docs/other/7165183567/confetti-branch-master/confetti/src/confetti_mgmt_cmnds.erl"
Generating Type Specs - "/home/pete/wefwefwef/docs/other/7165183567/confetti-branch-master/confetti/src/confetti_mgmt_sup.erl"
Generating Type Specs - "/home/pete/wefwefwef/docs/other/7165183567/confetti-branch-master/confetti/src/confetti_reader.erl"
Generating Type Specs - "/home/pete/wefwefwef/docs/other/7165183567/confetti-branch-master/confetti/src/confetti_sup.erl"
Generating Type Specs - "/home/pete/wefwefwef/docs/other/7165183567/confetti-branch-master/confetti/src/confetti_sup_sup.erl"
Generating Type Specs - "/home/pete/wefwefwef/docs/other/7165183567/confetti-branch-master/confetti/src/confetti_table_man.erl"
Generating Type Specs - "/home/pete/wefwefwef/docs/other/7165183567/confetti-branch-master/confetti/src/confetti_table_man_sup.erl"
Generating Type Specs - "/home/pete/wefwefwef/docs/other/7165183567/confetti-branch-master/confetti/src/confetti_utils.erl"
Generating Type Specs - "/home/pete/wefwefwef/docs/other/7165183567/confetti-branch-master/confetti/src/confetti_writer.erl"
Generating Type Specs - "/home/pete/wefwefwef/docs/other/7165183567/confetti-branch-master/confetti/src/example_srv.erl"
Generating Type Specs - "/home/pete/wefwefwef/docs/other/7165183567/confetti-branch-master/confetti/src/example_user_commands.erl"
Generating XML for application confetti "/home/pete/wefwefwef/docs/other/7165183567/confetti-branch-master/confetti" -> "/home/pete/wefwefwef/docs/other/7165183567/repo/master/.xml/confetti"
Generated confetti XMLs: ["/home/pete/wefwefwef/docs/other/7165183567/repo/master/.xml/confetti/confetti_reader.xml",
                          "/home/pete/wefwefwef/docs/other/7165183567/repo/master/.xml/confetti/confetti_sup_sup.xml",
                          "/home/pete/wefwefwef/docs/other/7165183567/repo/master/.xml/confetti/confetti_mgmt_sup.xml",
                          "/home/pete/wefwefwef/docs/other/7165183567/repo/master/.xml/confetti/confetti.xml",
                          "/home/pete/wefwefwef/docs/other/7165183567/repo/master/.xml/confetti/confetti_sup.xml",
                          "/home/pete/wefwefwef/docs/other/7165183567/repo/master/.xml/confetti/confetti_mgmt_cmnds.xml",
                          "/home/pete/wefwefwef/docs/other/7165183567/repo/master/.xml/confetti/confetti_app.xml",
                          "/home/pete/wefwefwef/docs/other/7165183567/repo/master/.xml/confetti/confetti_mgmt.xml",
                          "/home/pete/wefwefwef/docs/other/7165183567/repo/master/.xml/confetti/confetti_writer.xml",
                          "/home/pete/wefwefwef/docs/other/7165183567/repo/master/.xml/confetti/confetti_utils.xml",
                          "/home/pete/wefwefwef/docs/other/7165183567/repo/master/.xml/confetti/confetti_table_man.xml",
                          "/home/pete/wefwefwef/docs/other/7165183567/repo/master/.xml/confetti/example_user_commands.xml",
                          "/home/pete/wefwefwef/docs/other/7165183567/repo/master/.xml/confetti/example_srv.xml",
                          "/home/pete/wefwefwef/docs/other/7165183567/repo/master/.xml/confetti/confetti_table_man_sup.xml"]
Generating HTML - confetti_mgmt_sup "/home/pete/wefwefwef/docs/other/7165183567/repo/master/.xml/confetti/confetti_mgmt_sup.xml"
Generating HTML - confetti_mgmt_cmnds "/home/pete/wefwefwef/docs/other/7165183567/repo/master/.xml/confetti/confetti_mgmt_cmnds.xml"
Generating HTML - confetti_writer "/home/pete/wefwefwef/docs/other/7165183567/repo/master/.xml/confetti/confetti_writer.xml"
Generating HTML - confetti_table_man_sup "/home/pete/wefwefwef/docs/other/7165183567/repo/master/.xml/confetti/confetti_table_man_sup.xml"
Reading XML for "/home/pete/wefwefwef/docs/other/7165183567/repo/master/.xml/confetti/confetti_mgmt_sup.xml"
Reading XML for "/home/pete/wefwefwef/docs/other/7165183567/repo/master/.xml/confetti/confetti_mgmt_cmnds.xml"
Reading XML for "/home/pete/wefwefwef/docs/other/7165183567/repo/master/.xml/confetti/confetti_writer.xml"
Reading XML for "/home/pete/wefwefwef/docs/other/7165183567/repo/master/.xml/confetti/confetti_table_man_sup.xml"
Reading XML for "/home/pete/wefwefwef/docs/other/7165183567/repo/master/.xml/specs_confetti_mgmt_sup.xml"
Reading XML for "/home/pete/wefwefwef/docs/other/7165183567/repo/master/.xml/specs_confetti_writer.xml"
Reading XML for "/home/pete/wefwefwef/docs/other/7165183567/repo/master/.xml/specs_confetti_mgmt_cmnds.xml"
Generating HTML - confetti_sup_sup "/home/pete/wefwefwef/docs/other/7165183567/repo/master/.xml/confetti/confetti_sup_sup.xml"
Generating HTML - confetti_mgmt "/home/pete/wefwefwef/docs/other/7165183567/repo/master/.xml/confetti/confetti_mgmt.xml"
Reading XML for "/home/pete/wefwefwef/docs/other/7165183567/repo/master/.xml/confetti/confetti_sup_sup.xml"
Reading XML for "/home/pete/wefwefwef/docs/other/7165183567/repo/master/.xml/confetti/confetti_mgmt.xml"
Reading XML for "/home/pete/wefwefwef/docs/other/7165183567/repo/master/.xml/specs_confetti_table_man_sup.xml"
Generating HTML - confetti_sup "/home/pete/wefwefwef/docs/other/7165183567/repo/master/.xml/confetti/confetti_sup.xml"
Reading XML for "/home/pete/wefwefwef/docs/other/7165183567/repo/master/.xml/confetti/confetti_sup.xml"
Generating HTML - example_srv "/home/pete/wefwefwef/docs/other/7165183567/repo/master/.xml/confetti/example_srv.xml"
Reading XML for "/home/pete/wefwefwef/docs/other/7165183567/repo/master/.xml/confetti/example_srv.xml"
Reading XML for "/home/pete/wefwefwef/docs/other/7165183567/repo/master/.xml/specs_confetti_sup_sup.xml"
Generating HTML - confetti_reader "/home/pete/wefwefwef/docs/other/7165183567/repo/master/.xml/confetti/confetti_reader.xml"
Reading XML for "/home/pete/wefwefwef/docs/other/7165183567/repo/master/.xml/confetti/confetti_reader.xml"
Reading XML for "/home/pete/wefwefwef/docs/other/7165183567/repo/master/.xml/specs_confetti_mgmt.xml"
Reading XML for "/home/pete/wefwefwef/docs/other/7165183567/repo/master/.xml/specs_confetti_sup.xml"
Generating HTML - confetti_app "/home/pete/wefwefwef/docs/other/7165183567/repo/master/.xml/confetti/confetti_app.xml"
Reading XML for "/home/pete/wefwefwef/docs/other/7165183567/repo/master/.xml/confetti/confetti_app.xml"
Generating HTML - confetti "/home/pete/wefwefwef/docs/other/7165183567/repo/master/.xml/confetti/confetti.xml"
Reading XML for "/home/pete/wefwefwef/docs/other/7165183567/repo/master/.xml/confetti/confetti.xml"
Reading XML for "/home/pete/wefwefwef/docs/other/7165183567/repo/master/.xml/specs_example_srv.xml"
Generating HTML - example_user_commands "/home/pete/wefwefwef/docs/other/7165183567/repo/master/.xml/confetti/example_user_commands.xml"
Reading XML for "/home/pete/wefwefwef/docs/other/7165183567/repo/master/.xml/confetti/example_user_commands.xml"
Reading XML for "/home/pete/wefwefwef/docs/other/7165183567/repo/master/.xml/specs_confetti_reader.xml"
Reading XML for "/home/pete/wefwefwef/docs/other/7165183567/repo/master/.xml/specs_confetti_app.xml"
Reading XML for "/home/pete/wefwefwef/docs/other/7165183567/repo/master/.xml/specs_confetti.xml"
Reading XML for "/home/pete/wefwefwef/docs/other/7165183567/repo/master/.xml/specs_example_user_commands.xml"
Generating HTML - confetti_table_man "/home/pete/wefwefwef/docs/other/7165183567/repo/master/.xml/confetti/confetti_table_man.xml"
Reading XML for "/home/pete/wefwefwef/docs/other/7165183567/repo/master/.xml/confetti/confetti_table_man.xml"
Reading XML for "/home/pete/wefwefwef/docs/other/7165183567/repo/master/.xml/specs_confetti_table_man.xml"
Generating HTML - confetti_utils "/home/pete/wefwefwef/docs/other/7165183567/repo/master/.xml/confetti/confetti_utils.xml"
Reading XML for "/home/pete/wefwefwef/docs/other/7165183567/repo/master/.xml/confetti/confetti_utils.xml"
Reading XML for "/home/pete/wefwefwef/docs/other/7165183567/repo/master/.xml/specs_confetti_utils.xml"
Creating index.html ...
Creating erldocs_index.js ...
Woot, finished in 0 Minutes 1 Seconds
 :: Discovering other repos
$ 5000  `rm -r '/home/pete/wefwefwef/docs/other/7165183567/confetti-branch-master'  2>&1`
 :: Processing https://github.com/manuel-rubio/confetti	{rev,branch,"v0.2","43d9d3cd13a065a8b8078f338eeac2a643bc83a6",undefined,[],[]}
 :: Fetching repo code
$ cd "/home/pete/wefwefwef/docs/other/7165183567/confetti-branch-v0.2/confetti"
$ infinity  `curl --fail --silent --show-error --location --output 'v0.2.zip' 'https://github.com/manuel-rubio/confetti/archive/v0.2.zip'  2>&1`
$ cd "/home/pete/wefwefwef/docs/erldocs_other.git"
$ cd "/home/pete/wefwefwef/docs/other/7165183567/confetti-branch-v0.2/confetti"
$ 5000  `find -P . -type l -delete  2>&1`
$ cd "/home/pete/wefwefwef/docs/erldocs_other.git"
$ cd "/home/pete/wefwefwef/docs/other/7165183567/confetti-branch-v0.2/confetti"
$ 5000  `find 'confetti-v0.2' -mindepth 1 -maxdepth 1 -exec mv -t . -- {} +  2>&1`
$ cd "/home/pete/wefwefwef/docs/erldocs_other.git"
>>> [stdout] "find: `confetti-v0.2': No such file or directory"
 :: Error running eo_core:
	[{eo_os,chk,2,[{file,"src/eo_os.erl"},{line,55}]},
         {eo_scm,fetch,2,[{file,"src/eo_scm.erl"},{line,87}]},
         {eo_core,copy_repo,5,[{file,"src/eo_core.erl"},{line,235}]},
         {eo_core,do,7,[{file,"src/eo_core.erl"},{line,94}]},
         {eo_core,'-main_/1-lc$^0/1-0-',8,
                  [{file,"src/eo_core.erl"},{line,77}]},
         {eo_core,'-main_/1-lc$^0/1-0-',8,
                  [{file,"src/eo_core.erl"},{line,78}]},
         {eo_core,main_,1,[{file,"src/eo_core.erl"},{line,77}]},
         {eo_core,main,1,[{file,"src/eo_core.erl"},{line,47}]}]
{throw,{sh,mv_all,error,1,
           [{"find: `confetti-v0.2'"},{": No such file or directory"}]}}
