 :: Extracting meta information
$ 5000  `git ls-remote --heads --tags 'https://github.com/seth/ej'  2>&1`
>>> [repo] 2 branches, 3 tags
 :: Writing meta to "/home/pete/wefwefwef/docs/other/734546882/meta.txt"
 :: Processing https://github.com/seth/ej	{rev,tag,"0.0.2","be22e1a62004c235aa74081e09c78e9f8c23d54e",undefined,[],[]}
 :: Fetching repo code
$ cd "/home/pete/wefwefwef/docs/other/734546882/ej-tag-0.0.2/ej"
$ infinity  `curl --fail --silent --show-error --location --output '0.0.2.zip' 'https://github.com/seth/ej/archive/0.0.2.zip'  2>&1`
$ cd "/home/pete/wefwefwef/docs/erldocs_other.git"
$ cd "/home/pete/wefwefwef/docs/other/734546882/ej-tag-0.0.2/ej"
$ 5000  `find -P . -type l -delete  2>&1`
$ cd "/home/pete/wefwefwef/docs/erldocs_other.git"
$ cd "/home/pete/wefwefwef/docs/other/734546882/ej-tag-0.0.2/ej"
$ 5000  `find 'ej-0.0.2' -mindepth 1 -maxdepth 1 -exec mv -t . -- {} +  2>&1`
$ cd "/home/pete/wefwefwef/docs/erldocs_other.git"
 :: Getting dependencies
$ cd "/home/pete/wefwefwef/docs/other/734546882/ej-tag-0.0.2/ej"
$ 5000  `ls -1 deps/  2>&1`
$ cd "/home/pete/wefwefwef/docs/erldocs_other.git"
>>> [rebar] deps = []
 :: Generating erldocs into /home/pete/wefwefwef/docs/other/734546882/repo/0.0.2
Building ej
Generating Type Specs - "/home/pete/wefwefwef/docs/other/734546882/ej-tag-0.0.2/ej/src/ej.erl"
Generating XML for application ej "/home/pete/wefwefwef/docs/other/734546882/ej-tag-0.0.2/ej" -> "/home/pete/wefwefwef/docs/other/734546882/repo/0.0.2/.xml/ej"
Generated ej XMLs: ["/home/pete/wefwefwef/docs/other/734546882/repo/0.0.2/.xml/ej/ej.xml"]
Generating HTML - ej "/home/pete/wefwefwef/docs/other/734546882/repo/0.0.2/.xml/ej/ej.xml"
Reading XML for "/home/pete/wefwefwef/docs/other/734546882/repo/0.0.2/.xml/ej/ej.xml"
Reading XML for "/home/pete/wefwefwef/docs/other/734546882/repo/0.0.2/.xml/specs_ej.xml"
Creating index.html ...
Creating erldocs_index.js ...
Woot, finished in 0 Minutes 0 Seconds
 :: Discovering other repos
$ 5000  `rm -r '/home/pete/wefwefwef/docs/other/734546882/ej-tag-0.0.2'  2>&1`
 :: Processing https://github.com/seth/ej	{rev,tag,"0.0.3","be45701182ac2a8a65ac5eb483a20ff3f82327eb",undefined,[],[]}
 :: Fetching repo code
$ cd "/home/pete/wefwefwef/docs/other/734546882/ej-tag-0.0.3/ej"
$ infinity  `curl --fail --silent --show-error --location --output '0.0.3.zip' 'https://github.com/seth/ej/archive/0.0.3.zip'  2>&1`
$ cd "/home/pete/wefwefwef/docs/erldocs_other.git"
$ cd "/home/pete/wefwefwef/docs/other/734546882/ej-tag-0.0.3/ej"
$ 5000  `find -P . -type l -delete  2>&1`
$ cd "/home/pete/wefwefwef/docs/erldocs_other.git"
$ cd "/home/pete/wefwefwef/docs/other/734546882/ej-tag-0.0.3/ej"
$ 5000  `find 'ej-0.0.3' -mindepth 1 -maxdepth 1 -exec mv -t . -- {} +  2>&1`
$ cd "/home/pete/wefwefwef/docs/erldocs_other.git"
 :: Getting dependencies
$ cd "/home/pete/wefwefwef/docs/other/734546882/ej-tag-0.0.3/ej"
$ 5000  `ls -1 deps/  2>&1`
$ cd "/home/pete/wefwefwef/docs/erldocs_other.git"
>>> [rebar] deps = []
 :: Generating erldocs into /home/pete/wefwefwef/docs/other/734546882/repo/0.0.3
Building ej
Generating Type Specs - "/home/pete/wefwefwef/docs/other/734546882/ej-tag-0.0.3/ej/src/ej.erl"
Generating XML for application ej "/home/pete/wefwefwef/docs/other/734546882/ej-tag-0.0.3/ej" -> "/home/pete/wefwefwef/docs/other/734546882/repo/0.0.3/.xml/ej"
Generated ej XMLs: ["/home/pete/wefwefwef/docs/other/734546882/repo/0.0.3/.xml/ej/ej.xml"]
Generating HTML - ej "/home/pete/wefwefwef/docs/other/734546882/repo/0.0.3/.xml/ej/ej.xml"
Reading XML for "/home/pete/wefwefwef/docs/other/734546882/repo/0.0.3/.xml/ej/ej.xml"
Reading XML for "/home/pete/wefwefwef/docs/other/734546882/repo/0.0.3/.xml/specs_ej.xml"
Creating index.html ...
Creating erldocs_index.js ...
Woot, finished in 0 Minutes 0 Seconds
 :: Discovering other repos
$ 5000  `rm -r '/home/pete/wefwefwef/docs/other/734546882/ej-tag-0.0.3'  2>&1`
 :: Processing https://github.com/seth/ej	{rev,tag,"ej-0.0.1","db07bc3aeaedb47657b6189e30e101bf4e37155b",undefined,[],[]}
 :: Fetching repo code
$ cd "/home/pete/wefwefwef/docs/other/734546882/ej-tag-ej-0.0.1/ej"
$ infinity  `curl --fail --silent --show-error --location --output 'ej-0.0.1.zip' 'https://github.com/seth/ej/archive/ej-0.0.1.zip'  2>&1`
$ cd "/home/pete/wefwefwef/docs/erldocs_other.git"
$ cd "/home/pete/wefwefwef/docs/other/734546882/ej-tag-ej-0.0.1/ej"
$ 5000  `find -P . -type l -delete  2>&1`
$ cd "/home/pete/wefwefwef/docs/erldocs_other.git"
$ cd "/home/pete/wefwefwef/docs/other/734546882/ej-tag-ej-0.0.1/ej"
$ 5000  `find 'ej-ej-0.0.1' -mindepth 1 -maxdepth 1 -exec mv -t . -- {} +  2>&1`
$ cd "/home/pete/wefwefwef/docs/erldocs_other.git"
 :: Getting dependencies
$ cd "/home/pete/wefwefwef/docs/other/734546882/ej-tag-ej-0.0.1/ej"
$ 5000  `ls -1 deps/  2>&1`
$ cd "/home/pete/wefwefwef/docs/erldocs_other.git"
>>> [rebar] deps = []
 :: Generating erldocs into /home/pete/wefwefwef/docs/other/734546882/repo/ej-0.0.1
Building ej
Generating Type Specs - "/home/pete/wefwefwef/docs/other/734546882/ej-tag-ej-0.0.1/ej/src/ej.erl"
Generating XML for application ej "/home/pete/wefwefwef/docs/other/734546882/ej-tag-ej-0.0.1/ej" -> "/home/pete/wefwefwef/docs/other/734546882/repo/ej-0.0.1/.xml/ej"
Generated ej XMLs: ["/home/pete/wefwefwef/docs/other/734546882/repo/ej-0.0.1/.xml/ej/ej.xml"]
Generating HTML - ej "/home/pete/wefwefwef/docs/other/734546882/repo/ej-0.0.1/.xml/ej/ej.xml"
Reading XML for "/home/pete/wefwefwef/docs/other/734546882/repo/ej-0.0.1/.xml/ej/ej.xml"
Reading XML for "/home/pete/wefwefwef/docs/other/734546882/repo/ej-0.0.1/.xml/specs_ej.xml"
Creating index.html ...
Creating erldocs_index.js ...
Woot, finished in 0 Minutes 0 Seconds
 :: Discovering other repos
$ 5000  `rm -r '/home/pete/wefwefwef/docs/other/734546882/ej-tag-ej-0.0.1'  2>&1`
 :: Processing https://github.com/seth/ej	{rev,branch,"master","132a9a3c0662a2377eaf7ebee694a496a0957160",undefined,[],[]}
 :: Fetching repo code
$ cd "/home/pete/wefwefwef/docs/other/734546882/ej-branch-master/ej"
$ infinity  `curl --fail --silent --show-error --location --output 'master.zip' 'https://github.com/seth/ej/archive/master.zip'  2>&1`
$ cd "/home/pete/wefwefwef/docs/erldocs_other.git"
$ cd "/home/pete/wefwefwef/docs/other/734546882/ej-branch-master/ej"
$ 5000  `find -P . -type l -delete  2>&1`
$ cd "/home/pete/wefwefwef/docs/erldocs_other.git"
$ cd "/home/pete/wefwefwef/docs/other/734546882/ej-branch-master/ej"
$ 5000  `find 'ej-master' -mindepth 1 -maxdepth 1 -exec mv -t . -- {} +  2>&1`
$ cd "/home/pete/wefwefwef/docs/erldocs_other.git"
 :: Getting dependencies
$ cd "/home/pete/wefwefwef/docs/other/734546882/ej-branch-master/ej"
$ 5000  `ls -1 deps/  2>&1`
$ cd "/home/pete/wefwefwef/docs/erldocs_other.git"
>>> [rebar] deps = []
 :: Generating erldocs into /home/pete/wefwefwef/docs/other/734546882/repo/master
Building ej
Generating Type Specs - "/home/pete/wefwefwef/docs/other/734546882/ej-branch-master/ej/src/ej.erl"
Generating XML for application ej "/home/pete/wefwefwef/docs/other/734546882/ej-branch-master/ej" -> "/home/pete/wefwefwef/docs/other/734546882/repo/master/.xml/ej"
Generated ej XMLs: ["/home/pete/wefwefwef/docs/other/734546882/repo/master/.xml/ej/ej.xml"]
Generating HTML - ej "/home/pete/wefwefwef/docs/other/734546882/repo/master/.xml/ej/ej.xml"
Reading XML for "/home/pete/wefwefwef/docs/other/734546882/repo/master/.xml/ej/ej.xml"
Reading XML for "/home/pete/wefwefwef/docs/other/734546882/repo/master/.xml/specs_ej.xml"
Creating index.html ...
Creating erldocs_index.js ...
Woot, finished in 0 Minutes 0 Seconds
 :: Discovering other repos
$ 5000  `rm -r '/home/pete/wefwefwef/docs/other/734546882/ej-branch-master'  2>&1`
 :: Processing https://github.com/seth/ej	{rev,branch,"sf/add-apahce2","a09b309c6cd472661be31ac6f32ea5eb944a3ea6",undefined,[],[]}
 :: Fetching repo code
$ cd "/home/pete/wefwefwef/docs/other/734546882/ej-branch-sf/add-apahce2/ej"
$ infinity  `curl --fail --silent --show-error --location --output 'sf/add-apahce2.zip' 'https://github.com/seth/ej/archive/sf/add-apahce2.zip'  2>&1`
$ cd "/home/pete/wefwefwef/docs/erldocs_other.git"
>>> [stdout] "curl: (23) Failed writing body (0 != 866)"
 :: Error running eo_core:
	[{eo_os,chk,2,[{file,"src/eo_os.erl"},{line,55}]},
         {eo_scm,fetch,2,[{file,"src/eo_scm.erl"},{line,80}]},
         {eo_core,copy_repo,5,[{file,"src/eo_core.erl"},{line,235}]},
         {eo_core,do,7,[{file,"src/eo_core.erl"},{line,94}]},
         {eo_core,'-main_/1-lc$^0/1-0-',8,
                  [{file,"src/eo_core.erl"},{line,77}]},
         {eo_core,'-main_/1-lc$^0/1-0-',8,
                  [{file,"src/eo_core.erl"},{line,78}]},
         {eo_core,main_,1,[{file,"src/eo_core.erl"},{line,77}]},
         {eo_core,main,1,[{file,"src/eo_core.erl"},{line,47}]}]
{throw,{sh,fetch_curl,error,23,
           [{"curl: (23) Fail"},{"ed writing body (0 != 866)"}]}}
