 :: Extracting meta information
$ infinity  `git ls-remote --heads --tags 'https://github.com/spylik/erlroute'  2>&1`
>>> [repo] 1 branches, 0 tags
 :: Writing meta to "/home/pete/wefwefwef/docs/other/a07744aa9e302055272c8f69dc4412f0e5d07f45/meta.txt"
 :: Processing https://github.com/spylik/erlroute	{rev,branch,"master","5a8b21392a5cd07c7a2b5902d6699a0b1ce2769d",undefined,[],[]}
 :: Fetching repo code
$ cd '/home/pete/wefwefwef/docs/other/a07744aa9e302055272c8f69dc4412f0e5d07f45/erlroute-branch-master'
$ infinity  `curl --fail --silent --show-error --location --output repo.tar.gz 'https://codeload.github.com/spylik/erlroute/tar.gz/master'  2>&1`
$ cd '/home/pete/wefwefwef/docs/erldocs_other.git'
$ cd '/home/pete/wefwefwef/docs/other/a07744aa9e302055272c8f69dc4412f0e5d07f45/erlroute-branch-master/erlroute-master'
$ 5000  `find -P . -type l -delete  2>&1`
$ cd '/home/pete/wefwefwef/docs/erldocs_other.git'
$ 5000  `mv '/home/pete/wefwefwef/docs/other/a07744aa9e302055272c8f69dc4412f0e5d07f45/erlroute-branch-master/erlroute-master' '/home/pete/wefwefwef/docs/other/a07744aa9e302055272c8f69dc4412f0e5d07f45/erlroute-branch-master/erlroute'  2>&1`
 :: Getting dependencies
$ cd '/home/pete/wefwefwef/docs/other/a07744aa9e302055272c8f69dc4412f0e5d07f45/erlroute-branch-master/erlroute'
$ 5000  `ls -1 deps/  2>&1`
$ cd '/home/pete/wefwefwef/docs/erldocs_other.git'
>>> [rebar] deps = []
 :: Generating erldocs into /home/pete/wefwefwef/docs/other/a07744aa9e302055272c8f69dc4412f0e5d07f45/repo/master
Building erlroute
Generating Type Specs - "/home/pete/wefwefwef/docs/other/a07744aa9e302055272c8f69dc4412f0e5d07f45/erlroute-branch-master/erlroute/src/erlroute.erl"
Generating Type Specs - "/home/pete/wefwefwef/docs/other/a07744aa9e302055272c8f69dc4412f0e5d07f45/erlroute-branch-master/erlroute/src/erlroute_app.erl"
Generating Type Specs - "/home/pete/wefwefwef/docs/other/a07744aa9e302055272c8f69dc4412f0e5d07f45/erlroute-branch-master/erlroute/src/erlroute_sup.erl"
Generating XML for application erlroute "/home/pete/wefwefwef/docs/other/a07744aa9e302055272c8f69dc4412f0e5d07f45/erlroute-branch-master/erlroute" -> "/home/pete/wefwefwef/docs/other/a07744aa9e302055272c8f69dc4412f0e5d07f45/repo/master/.xml/erlroute"
2990- fatal: {invalid_name," dynam"}
2763- fatal: error_scanning_entity_ref
/home/pete/wefwefwef/docs/other/a07744aa9e302055272c8f69dc4412f0e5d07f45/erlroute-branch-master/erlroute/src/erlroute.erl, in module header: at line 5: error in XML parser: {fatal,
                         {error_scanning_entity_ref,
                             {file,file_name_unknown},
                             {line,6},
                             {col,34}}}.
edoc: skipping source file '/home/pete/wefwefwef/docs/other/a07744aa9e302055272c8f69dc4412f0e5d07f45/erlroute-branch-master/erlroute/src/erlroute.erl': {'EXIT',
                                                                                                                                                   error}.
edoc: error in doclet 'edoc_doclet': {'EXIT',error}.
Error generating erlroute XMLs. Using fallback ...
Generating XML erlroute - erlroute "/home/pete/wefwefwef/docs/other/a07744aa9e302055272c8f69dc4412f0e5d07f45/erlroute-branch-master/erlroute/src/erlroute.erl" -> "/home/pete/wefwefwef/docs/other/a07744aa9e302055272c8f69dc4412f0e5d07f45/repo/master/.xml/erlroute/erlroute.xml"
2990- fatal: {invalid_name," dynam"}
2763- fatal: error_scanning_entity_ref
/home/pete/wefwefwef/docs/other/a07744aa9e302055272c8f69dc4412f0e5d07f45/erlroute-branch-master/erlroute/src/erlroute.erl, in module header: at line 5: error in XML parser: {fatal,
                         {error_scanning_entity_ref,
                             {file,file_name_unknown},
                             {line,6},
                             {col,34}}}.
Error generating XML ("/home/pete/wefwefwef/docs/other/a07744aa9e302055272c8f69dc4412f0e5d07f45/erlroute-branch-master/erlroute/src/erlroute.erl"): {'EXIT',
                                                                                                                                                     error}
Generating XML erlroute - erlroute_app "/home/pete/wefwefwef/docs/other/a07744aa9e302055272c8f69dc4412f0e5d07f45/erlroute-branch-master/erlroute/src/erlroute_app.erl" -> "/home/pete/wefwefwef/docs/other/a07744aa9e302055272c8f69dc4412f0e5d07f45/repo/master/.xml/erlroute/erlroute_app.xml"
Generating XML erlroute - erlroute_sup "/home/pete/wefwefwef/docs/other/a07744aa9e302055272c8f69dc4412f0e5d07f45/erlroute-branch-master/erlroute/src/erlroute_sup.erl" -> "/home/pete/wefwefwef/docs/other/a07744aa9e302055272c8f69dc4412f0e5d07f45/repo/master/.xml/erlroute/erlroute_sup.xml"
Generating HTML - erlroute_app "/home/pete/wefwefwef/docs/other/a07744aa9e302055272c8f69dc4412f0e5d07f45/repo/master/.xml/erlroute/erlroute_app.xml"
Reading XML for "/home/pete/wefwefwef/docs/other/a07744aa9e302055272c8f69dc4412f0e5d07f45/repo/master/.xml/erlroute/erlroute_app.xml"
Reading XML for "/home/pete/wefwefwef/docs/other/a07744aa9e302055272c8f69dc4412f0e5d07f45/repo/master/.xml/specs_erlroute_app.xml"
Generating HTML - erlroute_sup "/home/pete/wefwefwef/docs/other/a07744aa9e302055272c8f69dc4412f0e5d07f45/repo/master/.xml/erlroute/erlroute_sup.xml"
Reading XML for "/home/pete/wefwefwef/docs/other/a07744aa9e302055272c8f69dc4412f0e5d07f45/repo/master/.xml/erlroute/erlroute_sup.xml"
Reading XML for "/home/pete/wefwefwef/docs/other/a07744aa9e302055272c8f69dc4412f0e5d07f45/repo/master/.xml/specs_erlroute_sup.xml"
Creating index.html ...
Creating erldocs_index.js ...
Woot, finished in 0 Minutes 0 Seconds
 :: Discovering other repos
$ 5000  `rm -r '/home/pete/wefwefwef/docs/other/a07744aa9e302055272c8f69dc4412f0e5d07f45/erlroute-branch-master'  2>&1`
 :: Finishing up
$ 5000  `rm -r '/home/pete/wefwefwef/docs/other/a07744aa9e302055272c8f69dc4412f0e5d07f45/erlroute'  2>&1`
