 :: Extracting meta information
$ 5000  `git ls-remote --heads --tags 'https://github.com/zhaoweiguo/foodchain'  2>&1`
>>> [repo] 2 branches, 0 tags
 :: Writing meta to "/home/pete/wefwefwef/docs/other/8045184016/meta.txt"
 :: Processing https://github.com/zhaoweiguo/foodchain	{rev,branch,"develop","1b196d75f47f9689176e5a59e133e7c903a94bef",undefined,[],[]}
 :: Fetching repo code
$ cd "/home/pete/wefwefwef/docs/other/8045184016/foodchain-branch-develop/foodchain"
$ infinity  `curl --fail --silent --show-error --location --output 'develop.zip' 'https://github.com/zhaoweiguo/foodchain/archive/develop.zip'  2>&1`
$ cd "/home/pete/wefwefwef/docs/erldocs_other.git"
$ cd "/home/pete/wefwefwef/docs/other/8045184016/foodchain-branch-develop/foodchain"
$ 5000  `find -P . -type l -delete  2>&1`
$ cd "/home/pete/wefwefwef/docs/erldocs_other.git"
$ cd "/home/pete/wefwefwef/docs/other/8045184016/foodchain-branch-develop/foodchain"
$ 5000  `find 'foodchain-develop' -mindepth 1 -maxdepth 1 -exec mv -t . -- {} +  2>&1`
$ cd "/home/pete/wefwefwef/docs/erldocs_other.git"
 :: Getting dependencies
$ cd "/home/pete/wefwefwef/docs/other/8045184016/foodchain-branch-develop/foodchain"
$ 5000  `ls -1 deps/  2>&1`
$ cd "/home/pete/wefwefwef/docs/erldocs_other.git"
>>> [rebar] deps = []
 :: Generating erldocs into /home/pete/wefwefwef/docs/other/8045184016/repo/develop
Building test
Generating Type Specs - "/home/pete/wefwefwef/docs/other/8045184016/foodchain-branch-develop/foodchain/apps/test/test_list.erl"
Generating XML for application test "/home/pete/wefwefwef/docs/other/8045184016/foodchain-branch-develop/foodchain/apps/test" -> "/home/pete/wefwefwef/docs/other/8045184016/repo/develop/.xml/test"
Generated test XMLs: ["/home/pete/wefwefwef/docs/other/8045184016/repo/develop/.xml/test/test_list.xml"]
Generating HTML - test_list "/home/pete/wefwefwef/docs/other/8045184016/repo/develop/.xml/test/test_list.xml"
Reading XML for "/home/pete/wefwefwef/docs/other/8045184016/repo/develop/.xml/test/test_list.xml"
Reading XML for "/home/pete/wefwefwef/docs/other/8045184016/repo/develop/.xml/specs_test_list.xml"
Building src
Generating Type Specs - "/home/pete/wefwefwef/docs/other/8045184016/foodchain-branch-develop/foodchain/apps/src/animal_grass.erl"
Generating Type Specs - "/home/pete/wefwefwef/docs/other/8045184016/foodchain-branch-develop/foodchain/apps/src/animal_grass_sup.erl"
Generating Type Specs - "/home/pete/wefwefwef/docs/other/8045184016/foodchain-branch-develop/foodchain/apps/src/animal_sheep.erl"
Generating Type Specs - "/home/pete/wefwefwef/docs/other/8045184016/foodchain-branch-develop/foodchain/apps/src/animal_sheep_sup.erl"
Generating Type Specs - "/home/pete/wefwefwef/docs/other/8045184016/foodchain-branch-develop/foodchain/apps/src/animal_wolf.erl"
Generating Type Specs - "/home/pete/wefwefwef/docs/other/8045184016/foodchain-branch-develop/foodchain/apps/src/animal_wolf_sup.erl"
Generating Type Specs - "/home/pete/wefwefwef/docs/other/8045184016/foodchain-branch-develop/foodchain/apps/src/app_helper.erl"
Generating Type Specs - "/home/pete/wefwefwef/docs/other/8045184016/foodchain-branch-develop/foodchain/apps/src/erlutils_ets.erl"
Generating Type Specs - "/home/pete/wefwefwef/docs/other/8045184016/foodchain-branch-develop/foodchain/apps/src/erlutils_random.erl"
Generating Type Specs - "/home/pete/wefwefwef/docs/other/8045184016/foodchain-branch-develop/foodchain/apps/src/fcutils_common.erl"
Generating Type Specs - "/home/pete/wefwefwef/docs/other/8045184016/foodchain-branch-develop/foodchain/apps/src/fcutils_ets.erl"
Generating Type Specs - "/home/pete/wefwefwef/docs/other/8045184016/foodchain-branch-develop/foodchain/apps/src/fcutils_map.erl"
Generating Type Specs - "/home/pete/wefwefwef/docs/other/8045184016/foodchain-branch-develop/foodchain/apps/src/foodchain.erl"
Generating Type Specs - "/home/pete/wefwefwef/docs/other/8045184016/foodchain-branch-develop/foodchain/apps/src/foodchain_animal.erl"
Generating Type Specs - "/home/pete/wefwefwef/docs/other/8045184016/foodchain-branch-develop/foodchain/apps/src/foodchain_app.erl"
Generating Type Specs - "/home/pete/wefwefwef/docs/other/8045184016/foodchain-branch-develop/foodchain/apps/src/foodchain_db.erl"
Generating Type Specs - "/home/pete/wefwefwef/docs/other/8045184016/foodchain-branch-develop/foodchain/apps/src/foodchain_db_sup.erl"
Generating Type Specs - "/home/pete/wefwefwef/docs/other/8045184016/foodchain-branch-develop/foodchain/apps/src/foodchain_mainline.erl"
/home/pete/wefwefwef/docs/other/8045184016/foodchain-branch-develop/foodchain/apps/src/foodchain_mainline.erl: at line 76: syntax error before: '}'
EDoc could not process file '/home/pete/wefwefwef/docs/other/8045184016/foodchain-branch-develop/foodchain/apps/src/foodchain_mainline.erl'
Error generating type specs for "/home/pete/wefwefwef/docs/other/8045184016/foodchain-branch-develop/foodchain/apps/src/foodchain_mainline.erl"
Generating Type Specs - "/home/pete/wefwefwef/docs/other/8045184016/foodchain-branch-develop/foodchain/apps/src/foodchain_mainline_sup.erl"
Generating Type Specs - "/home/pete/wefwefwef/docs/other/8045184016/foodchain-branch-develop/foodchain/apps/src/foodchain_map.erl"
Generating Type Specs - "/home/pete/wefwefwef/docs/other/8045184016/foodchain-branch-develop/foodchain/apps/src/foodchain_map_sup.erl"
Generating Type Specs - "/home/pete/wefwefwef/docs/other/8045184016/foodchain-branch-develop/foodchain/apps/src/foodchain_sup.erl"
Generating Type Specs - "/home/pete/wefwefwef/docs/other/8045184016/foodchain-branch-develop/foodchain/apps/src/reloader.erl"
Generating Type Specs - "/home/pete/wefwefwef/docs/other/8045184016/foodchain-branch-develop/foodchain/apps/src/ui_map.erl"
Generating Type Specs - "/home/pete/wefwefwef/docs/other/8045184016/foodchain-branch-develop/foodchain/apps/src/ui_wolf.erl"
Generating XML for application src "/home/pete/wefwefwef/docs/other/8045184016/foodchain-branch-develop/foodchain/apps/src" -> "/home/pete/wefwefwef/docs/other/8045184016/repo/develop/.xml/src"
/home/pete/wefwefwef/docs/other/8045184016/foodchain-branch-develop/foodchain/apps/src/foodchain_mainline.erl: at line 76: syntax error before: '}'
edoc: skipping source file '/home/pete/wefwefwef/docs/other/8045184016/foodchain-branch-develop/foodchain/apps/src/foodchain_mainline.erl': {'EXIT',
                                                                                                                                       error}.
edoc: error in doclet 'edoc_doclet': {'EXIT',error}.
Error generating src XMLs. Using fallback ...
Generating XML src - animal_grass "/home/pete/wefwefwef/docs/other/8045184016/foodchain-branch-develop/foodchain/apps/src/animal_grass.erl" -> "/home/pete/wefwefwef/docs/other/8045184016/repo/develop/.xml/src/animal_grass.xml"
Generating XML src - animal_grass_sup "/home/pete/wefwefwef/docs/other/8045184016/foodchain-branch-develop/foodchain/apps/src/animal_grass_sup.erl" -> "/home/pete/wefwefwef/docs/other/8045184016/repo/develop/.xml/src/animal_grass_sup.xml"
Generating XML src - animal_sheep "/home/pete/wefwefwef/docs/other/8045184016/foodchain-branch-develop/foodchain/apps/src/animal_sheep.erl" -> "/home/pete/wefwefwef/docs/other/8045184016/repo/develop/.xml/src/animal_sheep.xml"
Generating XML src - animal_sheep_sup "/home/pete/wefwefwef/docs/other/8045184016/foodchain-branch-develop/foodchain/apps/src/animal_sheep_sup.erl" -> "/home/pete/wefwefwef/docs/other/8045184016/repo/develop/.xml/src/animal_sheep_sup.xml"
Generating XML src - animal_wolf "/home/pete/wefwefwef/docs/other/8045184016/foodchain-branch-develop/foodchain/apps/src/animal_wolf.erl" -> "/home/pete/wefwefwef/docs/other/8045184016/repo/develop/.xml/src/animal_wolf.xml"
Generating XML src - animal_wolf_sup "/home/pete/wefwefwef/docs/other/8045184016/foodchain-branch-develop/foodchain/apps/src/animal_wolf_sup.erl" -> "/home/pete/wefwefwef/docs/other/8045184016/repo/develop/.xml/src/animal_wolf_sup.xml"
Generating XML src - app_helper "/home/pete/wefwefwef/docs/other/8045184016/foodchain-branch-develop/foodchain/apps/src/app_helper.erl" -> "/home/pete/wefwefwef/docs/other/8045184016/repo/develop/.xml/src/app_helper.xml"
Generating XML src - erlutils_ets "/home/pete/wefwefwef/docs/other/8045184016/foodchain-branch-develop/foodchain/apps/src/erlutils_ets.erl" -> "/home/pete/wefwefwef/docs/other/8045184016/repo/develop/.xml/src/erlutils_ets.xml"
Generating XML src - erlutils_random "/home/pete/wefwefwef/docs/other/8045184016/foodchain-branch-develop/foodchain/apps/src/erlutils_random.erl" -> "/home/pete/wefwefwef/docs/other/8045184016/repo/develop/.xml/src/erlutils_random.xml"
Generating XML src - fcutils_common "/home/pete/wefwefwef/docs/other/8045184016/foodchain-branch-develop/foodchain/apps/src/fcutils_common.erl" -> "/home/pete/wefwefwef/docs/other/8045184016/repo/develop/.xml/src/fcutils_common.xml"
Generating XML src - fcutils_ets "/home/pete/wefwefwef/docs/other/8045184016/foodchain-branch-develop/foodchain/apps/src/fcutils_ets.erl" -> "/home/pete/wefwefwef/docs/other/8045184016/repo/develop/.xml/src/fcutils_ets.xml"
Generating XML src - fcutils_map "/home/pete/wefwefwef/docs/other/8045184016/foodchain-branch-develop/foodchain/apps/src/fcutils_map.erl" -> "/home/pete/wefwefwef/docs/other/8045184016/repo/develop/.xml/src/fcutils_map.xml"
Generating XML src - foodchain "/home/pete/wefwefwef/docs/other/8045184016/foodchain-branch-develop/foodchain/apps/src/foodchain.erl" -> "/home/pete/wefwefwef/docs/other/8045184016/repo/develop/.xml/src/foodchain.xml"
Generating XML src - foodchain_animal "/home/pete/wefwefwef/docs/other/8045184016/foodchain-branch-develop/foodchain/apps/src/foodchain_animal.erl" -> "/home/pete/wefwefwef/docs/other/8045184016/repo/develop/.xml/src/foodchain_animal.xml"
Generating XML src - foodchain_app "/home/pete/wefwefwef/docs/other/8045184016/foodchain-branch-develop/foodchain/apps/src/foodchain_app.erl" -> "/home/pete/wefwefwef/docs/other/8045184016/repo/develop/.xml/src/foodchain_app.xml"
Generating XML src - foodchain_db "/home/pete/wefwefwef/docs/other/8045184016/foodchain-branch-develop/foodchain/apps/src/foodchain_db.erl" -> "/home/pete/wefwefwef/docs/other/8045184016/repo/develop/.xml/src/foodchain_db.xml"
Generating XML src - foodchain_db_sup "/home/pete/wefwefwef/docs/other/8045184016/foodchain-branch-develop/foodchain/apps/src/foodchain_db_sup.erl" -> "/home/pete/wefwefwef/docs/other/8045184016/repo/develop/.xml/src/foodchain_db_sup.xml"
Generating XML src - foodchain_mainline "/home/pete/wefwefwef/docs/other/8045184016/foodchain-branch-develop/foodchain/apps/src/foodchain_mainline.erl" -> "/home/pete/wefwefwef/docs/other/8045184016/repo/develop/.xml/src/foodchain_mainline.xml"
/home/pete/wefwefwef/docs/other/8045184016/foodchain-branch-develop/foodchain/apps/src/foodchain_mainline.erl: at line 76: syntax error before: '}'
Error generating XML ("/home/pete/wefwefwef/docs/other/8045184016/foodchain-branch-develop/foodchain/apps/src/foodchain_mainline.erl"): {'EXIT',
                                                                                                                                         error}
Generating XML src - foodchain_mainline_sup "/home/pete/wefwefwef/docs/other/8045184016/foodchain-branch-develop/foodchain/apps/src/foodchain_mainline_sup.erl" -> "/home/pete/wefwefwef/docs/other/8045184016/repo/develop/.xml/src/foodchain_mainline_sup.xml"
Generating XML src - foodchain_map "/home/pete/wefwefwef/docs/other/8045184016/foodchain-branch-develop/foodchain/apps/src/foodchain_map.erl" -> "/home/pete/wefwefwef/docs/other/8045184016/repo/develop/.xml/src/foodchain_map.xml"
Generating XML src - foodchain_map_sup "/home/pete/wefwefwef/docs/other/8045184016/foodchain-branch-develop/foodchain/apps/src/foodchain_map_sup.erl" -> "/home/pete/wefwefwef/docs/other/8045184016/repo/develop/.xml/src/foodchain_map_sup.xml"
Generating XML src - foodchain_sup "/home/pete/wefwefwef/docs/other/8045184016/foodchain-branch-develop/foodchain/apps/src/foodchain_sup.erl" -> "/home/pete/wefwefwef/docs/other/8045184016/repo/develop/.xml/src/foodchain_sup.xml"
Generating XML src - reloader "/home/pete/wefwefwef/docs/other/8045184016/foodchain-branch-develop/foodchain/apps/src/reloader.erl" -> "/home/pete/wefwefwef/docs/other/8045184016/repo/develop/.xml/src/reloader.xml"
Generating XML src - ui_map "/home/pete/wefwefwef/docs/other/8045184016/foodchain-branch-develop/foodchain/apps/src/ui_map.erl" -> "/home/pete/wefwefwef/docs/other/8045184016/repo/develop/.xml/src/ui_map.xml"
Generating XML src - ui_wolf "/home/pete/wefwefwef/docs/other/8045184016/foodchain-branch-develop/foodchain/apps/src/ui_wolf.erl" -> "/home/pete/wefwefwef/docs/other/8045184016/repo/develop/.xml/src/ui_wolf.xml"
Generating HTML - foodchain_map "/home/pete/wefwefwef/docs/other/8045184016/repo/develop/.xml/src/foodchain_map.xml"
Generating HTML - foodchain "/home/pete/wefwefwef/docs/other/8045184016/repo/develop/.xml/src/foodchain.xml"
Generating HTML - app_helper "/home/pete/wefwefwef/docs/other/8045184016/repo/develop/.xml/src/app_helper.xml"
Generating HTML - animal_grass "/home/pete/wefwefwef/docs/other/8045184016/repo/develop/.xml/src/animal_grass.xml"
Reading XML for "/home/pete/wefwefwef/docs/other/8045184016/repo/develop/.xml/src/foodchain_map.xml"
Reading XML for "/home/pete/wefwefwef/docs/other/8045184016/repo/develop/.xml/src/foodchain.xml"
Reading XML for "/home/pete/wefwefwef/docs/other/8045184016/repo/develop/.xml/src/app_helper.xml"
Reading XML for "/home/pete/wefwefwef/docs/other/8045184016/repo/develop/.xml/src/animal_grass.xml"
Reading XML for "/home/pete/wefwefwef/docs/other/8045184016/repo/develop/.xml/specs_app_helper.xml"
Reading XML for "/home/pete/wefwefwef/docs/other/8045184016/repo/develop/.xml/specs_foodchain_map.xml"
Reading XML for "/home/pete/wefwefwef/docs/other/8045184016/repo/develop/.xml/specs_foodchain.xml"
Generating HTML - foodchain_map_sup "/home/pete/wefwefwef/docs/other/8045184016/repo/develop/.xml/src/foodchain_map_sup.xml"
Reading XML for "/home/pete/wefwefwef/docs/other/8045184016/repo/develop/.xml/src/foodchain_map_sup.xml"
Generating HTML - foodchain_animal "/home/pete/wefwefwef/docs/other/8045184016/repo/develop/.xml/src/foodchain_animal.xml"
Reading XML for "/home/pete/wefwefwef/docs/other/8045184016/repo/develop/.xml/src/foodchain_animal.xml"
Generating HTML - erlutils_ets "/home/pete/wefwefwef/docs/other/8045184016/repo/develop/.xml/src/erlutils_ets.xml"
Reading XML for "/home/pete/wefwefwef/docs/other/8045184016/repo/develop/.xml/src/erlutils_ets.xml"
Reading XML for "/home/pete/wefwefwef/docs/other/8045184016/repo/develop/.xml/specs_animal_grass.xml"
Generating HTML - animal_grass_sup "/home/pete/wefwefwef/docs/other/8045184016/repo/develop/.xml/src/animal_grass_sup.xml"
Reading XML for "/home/pete/wefwefwef/docs/other/8045184016/repo/develop/.xml/src/animal_grass_sup.xml"
Reading XML for "/home/pete/wefwefwef/docs/other/8045184016/repo/develop/.xml/specs_foodchain_map_sup.xml"
Reading XML for "/home/pete/wefwefwef/docs/other/8045184016/repo/develop/.xml/specs_foodchain_animal.xml"
Generating HTML - foodchain_sup "/home/pete/wefwefwef/docs/other/8045184016/repo/develop/.xml/src/foodchain_sup.xml"
Reading XML for "/home/pete/wefwefwef/docs/other/8045184016/repo/develop/.xml/src/foodchain_sup.xml"
Generating HTML - foodchain_app "/home/pete/wefwefwef/docs/other/8045184016/repo/develop/.xml/src/foodchain_app.xml"
Reading XML for "/home/pete/wefwefwef/docs/other/8045184016/repo/develop/.xml/specs_erlutils_ets.xml"
Reading XML for "/home/pete/wefwefwef/docs/other/8045184016/repo/develop/.xml/src/foodchain_app.xml"
Generating HTML - erlutils_random "/home/pete/wefwefwef/docs/other/8045184016/repo/develop/.xml/src/erlutils_random.xml"
Reading XML for "/home/pete/wefwefwef/docs/other/8045184016/repo/develop/.xml/src/erlutils_random.xml"
Reading XML for "/home/pete/wefwefwef/docs/other/8045184016/repo/develop/.xml/specs_animal_grass_sup.xml"
Generating HTML - animal_sheep "/home/pete/wefwefwef/docs/other/8045184016/repo/develop/.xml/src/animal_sheep.xml"
Reading XML for "/home/pete/wefwefwef/docs/other/8045184016/repo/develop/.xml/src/animal_sheep.xml"
Reading XML for "/home/pete/wefwefwef/docs/other/8045184016/repo/develop/.xml/specs_foodchain_sup.xml"
Reading XML for "/home/pete/wefwefwef/docs/other/8045184016/repo/develop/.xml/specs_foodchain_app.xml"
Generating HTML - reloader "/home/pete/wefwefwef/docs/other/8045184016/repo/develop/.xml/src/reloader.xml"
Reading XML for "/home/pete/wefwefwef/docs/other/8045184016/repo/develop/.xml/src/reloader.xml"
Generating HTML - foodchain_db "/home/pete/wefwefwef/docs/other/8045184016/repo/develop/.xml/src/foodchain_db.xml"
Reading XML for "/home/pete/wefwefwef/docs/other/8045184016/repo/develop/.xml/src/foodchain_db.xml"
Reading XML for "/home/pete/wefwefwef/docs/other/8045184016/repo/develop/.xml/specs_erlutils_random.xml"
Generating HTML - fcutils_common "/home/pete/wefwefwef/docs/other/8045184016/repo/develop/.xml/src/fcutils_common.xml"
Reading XML for "/home/pete/wefwefwef/docs/other/8045184016/repo/develop/.xml/src/fcutils_common.xml"
Reading XML for "/home/pete/wefwefwef/docs/other/8045184016/repo/develop/.xml/specs_animal_sheep.xml"
Reading XML for "/home/pete/wefwefwef/docs/other/8045184016/repo/develop/.xml/specs_reloader.xml"
Generating HTML - animal_sheep_sup "/home/pete/wefwefwef/docs/other/8045184016/repo/develop/.xml/src/animal_sheep_sup.xml"
Reading XML for "/home/pete/wefwefwef/docs/other/8045184016/repo/develop/.xml/src/animal_sheep_sup.xml"
Generating HTML - ui_map "/home/pete/wefwefwef/docs/other/8045184016/repo/develop/.xml/src/ui_map.xml"
Reading XML for "/home/pete/wefwefwef/docs/other/8045184016/repo/develop/.xml/src/ui_map.xml"
Reading XML for "/home/pete/wefwefwef/docs/other/8045184016/repo/develop/.xml/specs_foodchain_db.xml"
Reading XML for "/home/pete/wefwefwef/docs/other/8045184016/repo/develop/.xml/specs_fcutils_common.xml"
Generating HTML - foodchain_db_sup "/home/pete/wefwefwef/docs/other/8045184016/repo/develop/.xml/src/foodchain_db_sup.xml"
Reading XML for "/home/pete/wefwefwef/docs/other/8045184016/repo/develop/.xml/src/foodchain_db_sup.xml"
Generating HTML - fcutils_ets "/home/pete/wefwefwef/docs/other/8045184016/repo/develop/.xml/src/fcutils_ets.xml"
Reading XML for "/home/pete/wefwefwef/docs/other/8045184016/repo/develop/.xml/src/fcutils_ets.xml"
Reading XML for "/home/pete/wefwefwef/docs/other/8045184016/repo/develop/.xml/specs_ui_map.xml"
Reading XML for "/home/pete/wefwefwef/docs/other/8045184016/repo/develop/.xml/specs_animal_sheep_sup.xml"
Generating HTML - ui_wolf "/home/pete/wefwefwef/docs/other/8045184016/repo/develop/.xml/src/ui_wolf.xml"
Reading XML for "/home/pete/wefwefwef/docs/other/8045184016/repo/develop/.xml/src/ui_wolf.xml"
Generating HTML - animal_wolf "/home/pete/wefwefwef/docs/other/8045184016/repo/develop/.xml/src/animal_wolf.xml"
Reading XML for "/home/pete/wefwefwef/docs/other/8045184016/repo/develop/.xml/src/animal_wolf.xml"
Reading XML for "/home/pete/wefwefwef/docs/other/8045184016/repo/develop/.xml/specs_foodchain_db_sup.xml"
Reading XML for "/home/pete/wefwefwef/docs/other/8045184016/repo/develop/.xml/specs_fcutils_ets.xml"
Generating HTML - foodchain_mainline_sup "/home/pete/wefwefwef/docs/other/8045184016/repo/develop/.xml/src/foodchain_mainline_sup.xml"
Reading XML for "/home/pete/wefwefwef/docs/other/8045184016/repo/develop/.xml/src/foodchain_mainline_sup.xml"
Generating HTML - fcutils_map "/home/pete/wefwefwef/docs/other/8045184016/repo/develop/.xml/src/fcutils_map.xml"
Reading XML for "/home/pete/wefwefwef/docs/other/8045184016/repo/develop/.xml/src/fcutils_map.xml"
Reading XML for "/home/pete/wefwefwef/docs/other/8045184016/repo/develop/.xml/specs_ui_wolf.xml"
Reading XML for "/home/pete/wefwefwef/docs/other/8045184016/repo/develop/.xml/specs_animal_wolf.xml"
Generating HTML - animal_wolf_sup "/home/pete/wefwefwef/docs/other/8045184016/repo/develop/.xml/src/animal_wolf_sup.xml"
Reading XML for "/home/pete/wefwefwef/docs/other/8045184016/repo/develop/.xml/src/animal_wolf_sup.xml"
Reading XML for "/home/pete/wefwefwef/docs/other/8045184016/repo/develop/.xml/specs_foodchain_mainline_sup.xml"
Reading XML for "/home/pete/wefwefwef/docs/other/8045184016/repo/develop/.xml/specs_fcutils_map.xml"
Reading XML for "/home/pete/wefwefwef/docs/other/8045184016/repo/develop/.xml/specs_animal_wolf_sup.xml"
Building include
Generating XML for application include "/home/pete/wefwefwef/docs/other/8045184016/foodchain-branch-develop/foodchain/apps/include" -> "/home/pete/wefwefwef/docs/other/8045184016/repo/develop/.xml/include"
Generated include XMLs: []
Building ebin
Generating XML for application ebin "/home/pete/wefwefwef/docs/other/8045184016/foodchain-branch-develop/foodchain/apps/ebin" -> "/home/pete/wefwefwef/docs/other/8045184016/repo/develop/.xml/ebin"
Generated ebin XMLs: []
Building foodchain
Generating XML for application foodchain "/home/pete/wefwefwef/docs/other/8045184016/foodchain-branch-develop/foodchain" -> "/home/pete/wefwefwef/docs/other/8045184016/repo/develop/.xml/foodchain"
/home/pete/wefwefwef/docs/other/8045184016/foodchain-branch-develop/foodchain/apps/src/foodchain_mainline.erl: at line 76: syntax error before: '}'
edoc: skipping source file '/home/pete/wefwefwef/docs/other/8045184016/foodchain-branch-develop/foodchain/apps/src/foodchain_mainline.erl': {'EXIT',
                                                                                                                                       error}.
edoc: error in doclet 'edoc_doclet': {'EXIT',error}.
Error generating foodchain XMLs. Using fallback ...
Creating index.html ...
Creating erldocs_index.js ...
Woot, finished in 0 Minutes 2 Seconds
 :: Discovering other repos
$ 5000  `rm -r '/home/pete/wefwefwef/docs/other/8045184016/foodchain-branch-develop'  2>&1`
 :: Processing https://github.com/zhaoweiguo/foodchain	{rev,branch,"master","860099d3b78043f1e076400af952282e8a35d62a",undefined,[],[]}
 :: Fetching repo code
$ cd "/home/pete/wefwefwef/docs/other/8045184016/foodchain-branch-master/foodchain"
$ infinity  `curl --fail --silent --show-error --location --output 'master.zip' 'https://github.com/zhaoweiguo/foodchain/archive/master.zip'  2>&1`
$ cd "/home/pete/wefwefwef/docs/erldocs_other.git"
$ cd "/home/pete/wefwefwef/docs/other/8045184016/foodchain-branch-master/foodchain"
$ 5000  `find -P . -type l -delete  2>&1`
$ cd "/home/pete/wefwefwef/docs/erldocs_other.git"
$ cd "/home/pete/wefwefwef/docs/other/8045184016/foodchain-branch-master/foodchain"
$ 5000  `find 'foodchain-master' -mindepth 1 -maxdepth 1 -exec mv -t . -- {} +  2>&1`
$ cd "/home/pete/wefwefwef/docs/erldocs_other.git"
 :: Getting dependencies
$ cd "/home/pete/wefwefwef/docs/other/8045184016/foodchain-branch-master/foodchain"
$ 5000  `ls -1 deps/  2>&1`
$ cd "/home/pete/wefwefwef/docs/erldocs_other.git"
>>> [rebar] deps = []
 :: Generating erldocs into /home/pete/wefwefwef/docs/other/8045184016/repo/master
Building src
Generating Type Specs - "/home/pete/wefwefwef/docs/other/8045184016/foodchain-branch-master/foodchain/apps/src/foodchain_app.erl"
Generating Type Specs - "/home/pete/wefwefwef/docs/other/8045184016/foodchain-branch-master/foodchain/apps/src/foodchain_sup.erl"
Generating XML for application src "/home/pete/wefwefwef/docs/other/8045184016/foodchain-branch-master/foodchain/apps/src" -> "/home/pete/wefwefwef/docs/other/8045184016/repo/master/.xml/src"
Generated src XMLs: ["/home/pete/wefwefwef/docs/other/8045184016/repo/master/.xml/src/foodchain_sup.xml",
                     "/home/pete/wefwefwef/docs/other/8045184016/repo/master/.xml/src/foodchain_app.xml"]
Generating HTML - foodchain_app "/home/pete/wefwefwef/docs/other/8045184016/repo/master/.xml/src/foodchain_app.xml"
Reading XML for "/home/pete/wefwefwef/docs/other/8045184016/repo/master/.xml/src/foodchain_app.xml"
Reading XML for "/home/pete/wefwefwef/docs/other/8045184016/repo/master/.xml/specs_foodchain_app.xml"
Generating HTML - foodchain_sup "/home/pete/wefwefwef/docs/other/8045184016/repo/master/.xml/src/foodchain_sup.xml"
Reading XML for "/home/pete/wefwefwef/docs/other/8045184016/repo/master/.xml/src/foodchain_sup.xml"
Reading XML for "/home/pete/wefwefwef/docs/other/8045184016/repo/master/.xml/specs_foodchain_sup.xml"
Building ebin
Generating XML for application ebin "/home/pete/wefwefwef/docs/other/8045184016/foodchain-branch-master/foodchain/apps/ebin" -> "/home/pete/wefwefwef/docs/other/8045184016/repo/master/.xml/ebin"
Generated ebin XMLs: []
Building foodchain
Generating XML for application foodchain "/home/pete/wefwefwef/docs/other/8045184016/foodchain-branch-master/foodchain" -> "/home/pete/wefwefwef/docs/other/8045184016/repo/master/.xml/foodchain"
Generated foodchain XMLs: ["/home/pete/wefwefwef/docs/other/8045184016/repo/master/.xml/foodchain/foodchain_sup.xml",
                           "/home/pete/wefwefwef/docs/other/8045184016/repo/master/.xml/foodchain/foodchain_app.xml"]
Generating HTML - foodchain_app "/home/pete/wefwefwef/docs/other/8045184016/repo/master/.xml/foodchain/foodchain_app.xml"
Reading XML for "/home/pete/wefwefwef/docs/other/8045184016/repo/master/.xml/foodchain/foodchain_app.xml"
Reading XML for "/home/pete/wefwefwef/docs/other/8045184016/repo/master/.xml/specs_foodchain_app.xml"
Generating HTML - foodchain_sup "/home/pete/wefwefwef/docs/other/8045184016/repo/master/.xml/foodchain/foodchain_sup.xml"
Reading XML for "/home/pete/wefwefwef/docs/other/8045184016/repo/master/.xml/foodchain/foodchain_sup.xml"
Reading XML for "/home/pete/wefwefwef/docs/other/8045184016/repo/master/.xml/specs_foodchain_sup.xml"
Creating index.html ...
Creating erldocs_index.js ...
Woot, finished in 0 Minutes 0 Seconds
 :: Discovering other repos
$ 5000  `rm -r '/home/pete/wefwefwef/docs/other/8045184016/foodchain-branch-master'  2>&1`
 :: Finishing up
$ 5000  `rm -r '/home/pete/wefwefwef/docs/other/8045184016/foodchain'  2>&1`
