 :: Extracting meta information
$ infinity  `git ls-remote --heads --tags 'https://github.com/seth/pooler'  2>&1`
>>> [repo] 8 branches, 12 tags
 :: Writing meta to "/home/pete/wefwefwef/docs/other/b84ad31d4c177260be691f29bfdfd682/meta.txt"
 :: Processing https://github.com/seth/pooler	{rev,branch,"sf/update-travis-otp-versions","68e7c8371d85965c79ebaa4ac69a4a92b18a3249",undefined,[],[]}
 :: Fetching repo code
$ cd '/home/pete/wefwefwef/docs/other/b84ad31d4c177260be691f29bfdfd682/pooler-branch-sf_update-travis-otp-versions'
$ infinity  `curl --fail --silent --show-error --location --output repo.tar.gz 'https://codeload.github.com/seth/pooler/legacy.tar.gz/sf/update-travis-otp-versions'  2>&1`
$ cd '/home/pete/wefwefwef/docs/erldocs_other.git'
$ cd '/home/pete/wefwefwef/docs/other/b84ad31d4c177260be691f29bfdfd682/pooler-branch-sf_update-travis-otp-versions/seth-pooler-68e7c83'
$ 5000  `find -P . -type l -delete  2>&1`
$ cd '/home/pete/wefwefwef/docs/erldocs_other.git'
$ 5000  `mv '/home/pete/wefwefwef/docs/other/b84ad31d4c177260be691f29bfdfd682/pooler-branch-sf_update-travis-otp-versions/seth-pooler-68e7c83' '/home/pete/wefwefwef/docs/other/b84ad31d4c177260be691f29bfdfd682/pooler-branch-sf_update-travis-otp-versions/pooler'  2>&1`
 :: Getting dependencies
$ cd '/home/pete/wefwefwef/docs/other/b84ad31d4c177260be691f29bfdfd682/pooler-branch-sf_update-travis-otp-versions/pooler'
$ 5000  `ls -1 deps/  2>&1`
$ cd '/home/pete/wefwefwef/docs/erldocs_other.git'
>>> [rebar] deps = []
 :: Generating erldocs into /home/pete/wefwefwef/docs/other/b84ad31d4c177260be691f29bfdfd682/repo/sf/update-travis-otp-versions
Building pooler
Generating Type Specs - "/home/pete/wefwefwef/docs/other/b84ad31d4c177260be691f29bfdfd682/pooler-branch-sf_update-travis-otp-versions/pooler/src/pooler.erl"
Generating Type Specs - "/home/pete/wefwefwef/docs/other/b84ad31d4c177260be691f29bfdfd682/pooler-branch-sf_update-travis-otp-versions/pooler/src/pooler_app.erl"
Generating Type Specs - "/home/pete/wefwefwef/docs/other/b84ad31d4c177260be691f29bfdfd682/pooler-branch-sf_update-travis-otp-versions/pooler/src/pooler_config.erl"
Generating Type Specs - "/home/pete/wefwefwef/docs/other/b84ad31d4c177260be691f29bfdfd682/pooler-branch-sf_update-travis-otp-versions/pooler/src/pooler_pool_sup.erl"
Generating Type Specs - "/home/pete/wefwefwef/docs/other/b84ad31d4c177260be691f29bfdfd682/pooler-branch-sf_update-travis-otp-versions/pooler/src/pooler_pooled_worker_sup.erl"
Generating Type Specs - "/home/pete/wefwefwef/docs/other/b84ad31d4c177260be691f29bfdfd682/pooler-branch-sf_update-travis-otp-versions/pooler/src/pooler_starter.erl"
Generating Type Specs - "/home/pete/wefwefwef/docs/other/b84ad31d4c177260be691f29bfdfd682/pooler-branch-sf_update-travis-otp-versions/pooler/src/pooler_starter_sup.erl"
Generating Type Specs - "/home/pete/wefwefwef/docs/other/b84ad31d4c177260be691f29bfdfd682/pooler-branch-sf_update-travis-otp-versions/pooler/src/pooler_sup.erl"
Generating XML for application pooler "/home/pete/wefwefwef/docs/other/b84ad31d4c177260be691f29bfdfd682/pooler-branch-sf_update-travis-otp-versions/pooler" -> "/home/pete/wefwefwef/docs/other/b84ad31d4c177260be691f29bfdfd682/repo/sf/update-travis-otp-versions/.xml/pooler"
/home/pete/wefwefwef/docs/other/b84ad31d4c177260be691f29bfdfd682/pooler-branch-sf_update-travis-otp-versions/pooler/src/pooler.erl, function rm_group/1: at line 128: `-quote ended unexpectedly at line 134
edoc: skipping source file '/home/pete/wefwefwef/docs/other/b84ad31d4c177260be691f29bfdfd682/pooler-branch-sf_update-travis-otp-versions/pooler/src/pooler.erl': {'EXIT',
                                                                                                                                                            error}.
edoc: error in doclet 'edoc_doclet': {'EXIT',error}.
Error generating pooler XMLs. Using fallback ...
Generating XML pooler - pooler "/home/pete/wefwefwef/docs/other/b84ad31d4c177260be691f29bfdfd682/pooler-branch-sf_update-travis-otp-versions/pooler/src/pooler.erl" -> "/home/pete/wefwefwef/docs/other/b84ad31d4c177260be691f29bfdfd682/repo/sf/update-travis-otp-versions/.xml/pooler/pooler.xml"
/home/pete/wefwefwef/docs/other/b84ad31d4c177260be691f29bfdfd682/pooler-branch-sf_update-travis-otp-versions/pooler/src/pooler.erl, function rm_group/1: at line 128: `-quote ended unexpectedly at line 134
Error generating XML ("/home/pete/wefwefwef/docs/other/b84ad31d4c177260be691f29bfdfd682/pooler-branch-sf_update-travis-otp-versions/pooler/src/pooler.erl"): {'EXIT',
                                                                                                                                                              error}
Generating XML pooler - pooler_app "/home/pete/wefwefwef/docs/other/b84ad31d4c177260be691f29bfdfd682/pooler-branch-sf_update-travis-otp-versions/pooler/src/pooler_app.erl" -> "/home/pete/wefwefwef/docs/other/b84ad31d4c177260be691f29bfdfd682/repo/sf/update-travis-otp-versions/.xml/pooler/pooler_app.xml"
Generating XML pooler - pooler_config "/home/pete/wefwefwef/docs/other/b84ad31d4c177260be691f29bfdfd682/pooler-branch-sf_update-travis-otp-versions/pooler/src/pooler_config.erl" -> "/home/pete/wefwefwef/docs/other/b84ad31d4c177260be691f29bfdfd682/repo/sf/update-travis-otp-versions/.xml/pooler/pooler_config.xml"
Generating XML pooler - pooler_pool_sup "/home/pete/wefwefwef/docs/other/b84ad31d4c177260be691f29bfdfd682/pooler-branch-sf_update-travis-otp-versions/pooler/src/pooler_pool_sup.erl" -> "/home/pete/wefwefwef/docs/other/b84ad31d4c177260be691f29bfdfd682/repo/sf/update-travis-otp-versions/.xml/pooler/pooler_pool_sup.xml"
Generating XML pooler - pooler_pooled_worker_sup "/home/pete/wefwefwef/docs/other/b84ad31d4c177260be691f29bfdfd682/pooler-branch-sf_update-travis-otp-versions/pooler/src/pooler_pooled_worker_sup.erl" -> "/home/pete/wefwefwef/docs/other/b84ad31d4c177260be691f29bfdfd682/repo/sf/update-travis-otp-versions/.xml/pooler/pooler_pooled_worker_sup.xml"
Generating XML pooler - pooler_starter "/home/pete/wefwefwef/docs/other/b84ad31d4c177260be691f29bfdfd682/pooler-branch-sf_update-travis-otp-versions/pooler/src/pooler_starter.erl" -> "/home/pete/wefwefwef/docs/other/b84ad31d4c177260be691f29bfdfd682/repo/sf/update-travis-otp-versions/.xml/pooler/pooler_starter.xml"
Generating XML pooler - pooler_starter_sup "/home/pete/wefwefwef/docs/other/b84ad31d4c177260be691f29bfdfd682/pooler-branch-sf_update-travis-otp-versions/pooler/src/pooler_starter_sup.erl" -> "/home/pete/wefwefwef/docs/other/b84ad31d4c177260be691f29bfdfd682/repo/sf/update-travis-otp-versions/.xml/pooler/pooler_starter_sup.xml"
Generating XML pooler - pooler_sup "/home/pete/wefwefwef/docs/other/b84ad31d4c177260be691f29bfdfd682/pooler-branch-sf_update-travis-otp-versions/pooler/src/pooler_sup.erl" -> "/home/pete/wefwefwef/docs/other/b84ad31d4c177260be691f29bfdfd682/repo/sf/update-travis-otp-versions/.xml/pooler/pooler_sup.xml"
Generating HTML - pooler_sup "/home/pete/wefwefwef/docs/other/b84ad31d4c177260be691f29bfdfd682/repo/sf/update-travis-otp-versions/.xml/pooler/pooler_sup.xml"
Generating HTML - pooler_starter_sup "/home/pete/wefwefwef/docs/other/b84ad31d4c177260be691f29bfdfd682/repo/sf/update-travis-otp-versions/.xml/pooler/pooler_starter_sup.xml"
Generating HTML - pooler_starter "/home/pete/wefwefwef/docs/other/b84ad31d4c177260be691f29bfdfd682/repo/sf/update-travis-otp-versions/.xml/pooler/pooler_starter.xml"
Generating HTML - pooler_app "/home/pete/wefwefwef/docs/other/b84ad31d4c177260be691f29bfdfd682/repo/sf/update-travis-otp-versions/.xml/pooler/pooler_app.xml"
Reading XML for "/home/pete/wefwefwef/docs/other/b84ad31d4c177260be691f29bfdfd682/repo/sf/update-travis-otp-versions/.xml/pooler/pooler_sup.xml"
Reading XML for "/home/pete/wefwefwef/docs/other/b84ad31d4c177260be691f29bfdfd682/repo/sf/update-travis-otp-versions/.xml/pooler/pooler_starter_sup.xml"
Reading XML for "/home/pete/wefwefwef/docs/other/b84ad31d4c177260be691f29bfdfd682/repo/sf/update-travis-otp-versions/.xml/pooler/pooler_starter.xml"
Reading XML for "/home/pete/wefwefwef/docs/other/b84ad31d4c177260be691f29bfdfd682/repo/sf/update-travis-otp-versions/.xml/pooler/pooler_app.xml"
Reading XML for "/home/pete/wefwefwef/docs/other/b84ad31d4c177260be691f29bfdfd682/repo/sf/update-travis-otp-versions/.xml/specs_pooler_starter_sup.xml"
Reading XML for "/home/pete/wefwefwef/docs/other/b84ad31d4c177260be691f29bfdfd682/repo/sf/update-travis-otp-versions/.xml/specs_pooler_app.xml"
Reading XML for "/home/pete/wefwefwef/docs/other/b84ad31d4c177260be691f29bfdfd682/repo/sf/update-travis-otp-versions/.xml/specs_pooler_starter.xml"
Generating HTML - pooler_config "/home/pete/wefwefwef/docs/other/b84ad31d4c177260be691f29bfdfd682/repo/sf/update-travis-otp-versions/.xml/pooler/pooler_config.xml"
Reading XML for "/home/pete/wefwefwef/docs/other/b84ad31d4c177260be691f29bfdfd682/repo/sf/update-travis-otp-versions/.xml/pooler/pooler_config.xml"
Reading XML for "/home/pete/wefwefwef/docs/other/b84ad31d4c177260be691f29bfdfd682/repo/sf/update-travis-otp-versions/.xml/specs_pooler_config.xml"
Reading XML for "/home/pete/wefwefwef/docs/other/b84ad31d4c177260be691f29bfdfd682/repo/sf/update-travis-otp-versions/.xml/specs_pooler_sup.xml"
Generating HTML - pooler_pool_sup "/home/pete/wefwefwef/docs/other/b84ad31d4c177260be691f29bfdfd682/repo/sf/update-travis-otp-versions/.xml/pooler/pooler_pool_sup.xml"
Reading XML for "/home/pete/wefwefwef/docs/other/b84ad31d4c177260be691f29bfdfd682/repo/sf/update-travis-otp-versions/.xml/pooler/pooler_pool_sup.xml"
Reading XML for "/home/pete/wefwefwef/docs/other/b84ad31d4c177260be691f29bfdfd682/repo/sf/update-travis-otp-versions/.xml/specs_pooler_pool_sup.xml"
Generating HTML - pooler_pooled_worker_sup "/home/pete/wefwefwef/docs/other/b84ad31d4c177260be691f29bfdfd682/repo/sf/update-travis-otp-versions/.xml/pooler/pooler_pooled_worker_sup.xml"
Reading XML for "/home/pete/wefwefwef/docs/other/b84ad31d4c177260be691f29bfdfd682/repo/sf/update-travis-otp-versions/.xml/pooler/pooler_pooled_worker_sup.xml"
Reading XML for "/home/pete/wefwefwef/docs/other/b84ad31d4c177260be691f29bfdfd682/repo/sf/update-travis-otp-versions/.xml/specs_pooler_pooled_worker_sup.xml"
Creating index.html ...
Creating erldocs_index.js ...
Woot, finished in 0 Minutes 1 Seconds
 :: Discovering other repos
$ 5000  `rm -r '/home/pete/wefwefwef/docs/other/b84ad31d4c177260be691f29bfdfd682/pooler-branch-sf_update-travis-otp-versions'  2>&1`
 :: Processing https://github.com/seth/pooler	{rev,branch,"sf/remove-groups","5bc105de4493a91c233eab970db063aeec65fce0",undefined,[],[]}
 :: Fetching repo code
$ cd '/home/pete/wefwefwef/docs/other/b84ad31d4c177260be691f29bfdfd682/pooler-branch-sf_remove-groups'
$ infinity  `curl --fail --silent --show-error --location --output repo.tar.gz 'https://codeload.github.com/seth/pooler/legacy.tar.gz/sf/remove-groups'  2>&1`
$ cd '/home/pete/wefwefwef/docs/erldocs_other.git'
$ cd '/home/pete/wefwefwef/docs/other/b84ad31d4c177260be691f29bfdfd682/pooler-branch-sf_remove-groups/seth-pooler-5bc105d'
$ 5000  `find -P . -type l -delete  2>&1`
$ cd '/home/pete/wefwefwef/docs/erldocs_other.git'
$ 5000  `mv '/home/pete/wefwefwef/docs/other/b84ad31d4c177260be691f29bfdfd682/pooler-branch-sf_remove-groups/seth-pooler-5bc105d' '/home/pete/wefwefwef/docs/other/b84ad31d4c177260be691f29bfdfd682/pooler-branch-sf_remove-groups/pooler'  2>&1`
 :: Getting dependencies
$ cd '/home/pete/wefwefwef/docs/other/b84ad31d4c177260be691f29bfdfd682/pooler-branch-sf_remove-groups/pooler'
$ 5000  `ls -1 deps/  2>&1`
$ cd '/home/pete/wefwefwef/docs/erldocs_other.git'
>>> [rebar] deps = []
 :: Generating erldocs into /home/pete/wefwefwef/docs/other/b84ad31d4c177260be691f29bfdfd682/repo/sf/remove-groups
Building pooler
Generating Type Specs - "/home/pete/wefwefwef/docs/other/b84ad31d4c177260be691f29bfdfd682/pooler-branch-sf_remove-groups/pooler/src/pooler.erl"
Generating Type Specs - "/home/pete/wefwefwef/docs/other/b84ad31d4c177260be691f29bfdfd682/pooler-branch-sf_remove-groups/pooler/src/pooler_app.erl"
Generating Type Specs - "/home/pete/wefwefwef/docs/other/b84ad31d4c177260be691f29bfdfd682/pooler-branch-sf_remove-groups/pooler/src/pooler_config.erl"
Generating Type Specs - "/home/pete/wefwefwef/docs/other/b84ad31d4c177260be691f29bfdfd682/pooler-branch-sf_remove-groups/pooler/src/pooler_pool_sup.erl"
Generating Type Specs - "/home/pete/wefwefwef/docs/other/b84ad31d4c177260be691f29bfdfd682/pooler-branch-sf_remove-groups/pooler/src/pooler_pooled_worker_sup.erl"
Generating Type Specs - "/home/pete/wefwefwef/docs/other/b84ad31d4c177260be691f29bfdfd682/pooler-branch-sf_remove-groups/pooler/src/pooler_starter.erl"
Generating Type Specs - "/home/pete/wefwefwef/docs/other/b84ad31d4c177260be691f29bfdfd682/pooler-branch-sf_remove-groups/pooler/src/pooler_starter_sup.erl"
Generating Type Specs - "/home/pete/wefwefwef/docs/other/b84ad31d4c177260be691f29bfdfd682/pooler-branch-sf_remove-groups/pooler/src/pooler_sup.erl"
Generating XML for application pooler "/home/pete/wefwefwef/docs/other/b84ad31d4c177260be691f29bfdfd682/pooler-branch-sf_remove-groups/pooler" -> "/home/pete/wefwefwef/docs/other/b84ad31d4c177260be691f29bfdfd682/repo/sf/remove-groups/.xml/pooler"
Generated pooler XMLs: ["/home/pete/wefwefwef/docs/other/b84ad31d4c177260be691f29bfdfd682/repo/sf/remove-groups/.xml/pooler/pooler_starter.xml",
                        "/home/pete/wefwefwef/docs/other/b84ad31d4c177260be691f29bfdfd682/repo/sf/remove-groups/.xml/pooler/pooler_pooled_worker_sup.xml",
                        "/home/pete/wefwefwef/docs/other/b84ad31d4c177260be691f29bfdfd682/repo/sf/remove-groups/.xml/pooler/pooler_pool_sup.xml",
                        "/home/pete/wefwefwef/docs/other/b84ad31d4c177260be691f29bfdfd682/repo/sf/remove-groups/.xml/pooler/pooler_starter_sup.xml",
                        "/home/pete/wefwefwef/docs/other/b84ad31d4c177260be691f29bfdfd682/repo/sf/remove-groups/.xml/pooler/pooler_app.xml",
                        "/home/pete/wefwefwef/docs/other/b84ad31d4c177260be691f29bfdfd682/repo/sf/remove-groups/.xml/pooler/pooler_sup.xml",
                        "/home/pete/wefwefwef/docs/other/b84ad31d4c177260be691f29bfdfd682/repo/sf/remove-groups/.xml/pooler/pooler_config.xml",
                        "/home/pete/wefwefwef/docs/other/b84ad31d4c177260be691f29bfdfd682/repo/sf/remove-groups/.xml/pooler/pooler.xml"]
Generating HTML - pooler_pooled_worker_sup "/home/pete/wefwefwef/docs/other/b84ad31d4c177260be691f29bfdfd682/repo/sf/remove-groups/.xml/pooler/pooler_pooled_worker_sup.xml"
Generating HTML - pooler_starter_sup "/home/pete/wefwefwef/docs/other/b84ad31d4c177260be691f29bfdfd682/repo/sf/remove-groups/.xml/pooler/pooler_starter_sup.xml"
Generating HTML - pooler_sup "/home/pete/wefwefwef/docs/other/b84ad31d4c177260be691f29bfdfd682/repo/sf/remove-groups/.xml/pooler/pooler_sup.xml"
Generating HTML - pooler "/home/pete/wefwefwef/docs/other/b84ad31d4c177260be691f29bfdfd682/repo/sf/remove-groups/.xml/pooler/pooler.xml"
Reading XML for "/home/pete/wefwefwef/docs/other/b84ad31d4c177260be691f29bfdfd682/repo/sf/remove-groups/.xml/pooler/pooler_pooled_worker_sup.xml"
Reading XML for "/home/pete/wefwefwef/docs/other/b84ad31d4c177260be691f29bfdfd682/repo/sf/remove-groups/.xml/pooler/pooler_starter_sup.xml"
Reading XML for "/home/pete/wefwefwef/docs/other/b84ad31d4c177260be691f29bfdfd682/repo/sf/remove-groups/.xml/pooler/pooler_sup.xml"
Reading XML for "/home/pete/wefwefwef/docs/other/b84ad31d4c177260be691f29bfdfd682/repo/sf/remove-groups/.xml/pooler/pooler.xml"
Reading XML for "/home/pete/wefwefwef/docs/other/b84ad31d4c177260be691f29bfdfd682/repo/sf/remove-groups/.xml/specs_pooler_pooled_worker_sup.xml"
Reading XML for "/home/pete/wefwefwef/docs/other/b84ad31d4c177260be691f29bfdfd682/repo/sf/remove-groups/.xml/specs_pooler_sup.xml"
Generating HTML - pooler_starter "/home/pete/wefwefwef/docs/other/b84ad31d4c177260be691f29bfdfd682/repo/sf/remove-groups/.xml/pooler/pooler_starter.xml"
Reading XML for "/home/pete/wefwefwef/docs/other/b84ad31d4c177260be691f29bfdfd682/repo/sf/remove-groups/.xml/pooler/pooler_starter.xml"
Reading XML for "/home/pete/wefwefwef/docs/other/b84ad31d4c177260be691f29bfdfd682/repo/sf/remove-groups/.xml/specs_pooler_starter_sup.xml"
Generating HTML - pooler_app "/home/pete/wefwefwef/docs/other/b84ad31d4c177260be691f29bfdfd682/repo/sf/remove-groups/.xml/pooler/pooler_app.xml"
Reading XML for "/home/pete/wefwefwef/docs/other/b84ad31d4c177260be691f29bfdfd682/repo/sf/remove-groups/.xml/pooler/pooler_app.xml"
Generating HTML - pooler_pool_sup "/home/pete/wefwefwef/docs/other/b84ad31d4c177260be691f29bfdfd682/repo/sf/remove-groups/.xml/pooler/pooler_pool_sup.xml"
Reading XML for "/home/pete/wefwefwef/docs/other/b84ad31d4c177260be691f29bfdfd682/repo/sf/remove-groups/.xml/pooler/pooler_pool_sup.xml"
Reading XML for "/home/pete/wefwefwef/docs/other/b84ad31d4c177260be691f29bfdfd682/repo/sf/remove-groups/.xml/specs_pooler.xml"
Reading XML for "/home/pete/wefwefwef/docs/other/b84ad31d4c177260be691f29bfdfd682/repo/sf/remove-groups/.xml/specs_pooler_starter.xml"
Reading XML for "/home/pete/wefwefwef/docs/other/b84ad31d4c177260be691f29bfdfd682/repo/sf/remove-groups/.xml/specs_pooler_app.xml"
Reading XML for "/home/pete/wefwefwef/docs/other/b84ad31d4c177260be691f29bfdfd682/repo/sf/remove-groups/.xml/specs_pooler_pool_sup.xml"
Generating HTML - pooler_config "/home/pete/wefwefwef/docs/other/b84ad31d4c177260be691f29bfdfd682/repo/sf/remove-groups/.xml/pooler/pooler_config.xml"
Reading XML for "/home/pete/wefwefwef/docs/other/b84ad31d4c177260be691f29bfdfd682/repo/sf/remove-groups/.xml/pooler/pooler_config.xml"
Reading XML for "/home/pete/wefwefwef/docs/other/b84ad31d4c177260be691f29bfdfd682/repo/sf/remove-groups/.xml/specs_pooler_config.xml"
Creating index.html ...
Creating erldocs_index.js ...
Woot, finished in 0 Minutes 1 Seconds
 :: Discovering other repos
$ 5000  `rm -r '/home/pete/wefwefwef/docs/other/b84ad31d4c177260be691f29bfdfd682/pooler-branch-sf_remove-groups'  2>&1`
 :: Processing https://github.com/seth/pooler	{rev,branch,"sf/queueing","3fbcdbfb13e4ec5f86bcdd8d9ba4575f9ca9ccc8",undefined,[],[]}
 :: Fetching repo code
$ cd '/home/pete/wefwefwef/docs/other/b84ad31d4c177260be691f29bfdfd682/pooler-branch-sf_queueing'
$ infinity  `curl --fail --silent --show-error --location --output repo.tar.gz 'https://codeload.github.com/seth/pooler/legacy.tar.gz/sf/queueing'  2>&1`
$ cd '/home/pete/wefwefwef/docs/erldocs_other.git'
$ cd '/home/pete/wefwefwef/docs/other/b84ad31d4c177260be691f29bfdfd682/pooler-branch-sf_queueing/seth-pooler-3fbcdbf'
$ 5000  `find -P . -type l -delete  2>&1`
$ cd '/home/pete/wefwefwef/docs/erldocs_other.git'
$ 5000  `mv '/home/pete/wefwefwef/docs/other/b84ad31d4c177260be691f29bfdfd682/pooler-branch-sf_queueing/seth-pooler-3fbcdbf' '/home/pete/wefwefwef/docs/other/b84ad31d4c177260be691f29bfdfd682/pooler-branch-sf_queueing/pooler'  2>&1`
 :: Getting dependencies
$ cd '/home/pete/wefwefwef/docs/other/b84ad31d4c177260be691f29bfdfd682/pooler-branch-sf_queueing/pooler'
$ 5000  `ls -1 deps/  2>&1`
$ cd '/home/pete/wefwefwef/docs/erldocs_other.git'
>>> [rebar] deps = []
 :: Generating erldocs into /home/pete/wefwefwef/docs/other/b84ad31d4c177260be691f29bfdfd682/repo/sf/queueing
Building pooler
Generating Type Specs - "/home/pete/wefwefwef/docs/other/b84ad31d4c177260be691f29bfdfd682/pooler-branch-sf_queueing/pooler/src/pooler.erl"
Generating Type Specs - "/home/pete/wefwefwef/docs/other/b84ad31d4c177260be691f29bfdfd682/pooler-branch-sf_queueing/pooler/src/pooler_app.erl"
Generating Type Specs - "/home/pete/wefwefwef/docs/other/b84ad31d4c177260be691f29bfdfd682/pooler-branch-sf_queueing/pooler/src/pooler_config.erl"
Generating Type Specs - "/home/pete/wefwefwef/docs/other/b84ad31d4c177260be691f29bfdfd682/pooler-branch-sf_queueing/pooler/src/pooler_pool_sup.erl"
Generating Type Specs - "/home/pete/wefwefwef/docs/other/b84ad31d4c177260be691f29bfdfd682/pooler-branch-sf_queueing/pooler/src/pooler_pooled_worker_sup.erl"
Generating Type Specs - "/home/pete/wefwefwef/docs/other/b84ad31d4c177260be691f29bfdfd682/pooler-branch-sf_queueing/pooler/src/pooler_starter.erl"
Generating Type Specs - "/home/pete/wefwefwef/docs/other/b84ad31d4c177260be691f29bfdfd682/pooler-branch-sf_queueing/pooler/src/pooler_starter_sup.erl"
Generating Type Specs - "/home/pete/wefwefwef/docs/other/b84ad31d4c177260be691f29bfdfd682/pooler-branch-sf_queueing/pooler/src/pooler_sup.erl"
Generating XML for application pooler "/home/pete/wefwefwef/docs/other/b84ad31d4c177260be691f29bfdfd682/pooler-branch-sf_queueing/pooler" -> "/home/pete/wefwefwef/docs/other/b84ad31d4c177260be691f29bfdfd682/repo/sf/queueing/.xml/pooler"
/home/pete/wefwefwef/docs/other/b84ad31d4c177260be691f29bfdfd682/pooler-branch-sf_queueing/pooler/src/pooler.erl, function rm_group/1: at line 128: `-quote ended unexpectedly at line 134
edoc: skipping source file '/home/pete/wefwefwef/docs/other/b84ad31d4c177260be691f29bfdfd682/pooler-branch-sf_queueing/pooler/src/pooler.erl': {'EXIT',
                                                                                                                                          error}.
edoc: error in doclet 'edoc_doclet': {'EXIT',error}.
Error generating pooler XMLs. Using fallback ...
Generating XML pooler - pooler "/home/pete/wefwefwef/docs/other/b84ad31d4c177260be691f29bfdfd682/pooler-branch-sf_queueing/pooler/src/pooler.erl" -> "/home/pete/wefwefwef/docs/other/b84ad31d4c177260be691f29bfdfd682/repo/sf/queueing/.xml/pooler/pooler.xml"
/home/pete/wefwefwef/docs/other/b84ad31d4c177260be691f29bfdfd682/pooler-branch-sf_queueing/pooler/src/pooler.erl, function rm_group/1: at line 128: `-quote ended unexpectedly at line 134
Error generating XML ("/home/pete/wefwefwef/docs/other/b84ad31d4c177260be691f29bfdfd682/pooler-branch-sf_queueing/pooler/src/pooler.erl"): {'EXIT',
                                                                                                                                            error}
Generating XML pooler - pooler_app "/home/pete/wefwefwef/docs/other/b84ad31d4c177260be691f29bfdfd682/pooler-branch-sf_queueing/pooler/src/pooler_app.erl" -> "/home/pete/wefwefwef/docs/other/b84ad31d4c177260be691f29bfdfd682/repo/sf/queueing/.xml/pooler/pooler_app.xml"
Generating XML pooler - pooler_config "/home/pete/wefwefwef/docs/other/b84ad31d4c177260be691f29bfdfd682/pooler-branch-sf_queueing/pooler/src/pooler_config.erl" -> "/home/pete/wefwefwef/docs/other/b84ad31d4c177260be691f29bfdfd682/repo/sf/queueing/.xml/pooler/pooler_config.xml"
Generating XML pooler - pooler_pool_sup "/home/pete/wefwefwef/docs/other/b84ad31d4c177260be691f29bfdfd682/pooler-branch-sf_queueing/pooler/src/pooler_pool_sup.erl" -> "/home/pete/wefwefwef/docs/other/b84ad31d4c177260be691f29bfdfd682/repo/sf/queueing/.xml/pooler/pooler_pool_sup.xml"
Generating XML pooler - pooler_pooled_worker_sup "/home/pete/wefwefwef/docs/other/b84ad31d4c177260be691f29bfdfd682/pooler-branch-sf_queueing/pooler/src/pooler_pooled_worker_sup.erl" -> "/home/pete/wefwefwef/docs/other/b84ad31d4c177260be691f29bfdfd682/repo/sf/queueing/.xml/pooler/pooler_pooled_worker_sup.xml"
Generating XML pooler - pooler_starter "/home/pete/wefwefwef/docs/other/b84ad31d4c177260be691f29bfdfd682/pooler-branch-sf_queueing/pooler/src/pooler_starter.erl" -> "/home/pete/wefwefwef/docs/other/b84ad31d4c177260be691f29bfdfd682/repo/sf/queueing/.xml/pooler/pooler_starter.xml"
Generating XML pooler - pooler_starter_sup "/home/pete/wefwefwef/docs/other/b84ad31d4c177260be691f29bfdfd682/pooler-branch-sf_queueing/pooler/src/pooler_starter_sup.erl" -> "/home/pete/wefwefwef/docs/other/b84ad31d4c177260be691f29bfdfd682/repo/sf/queueing/.xml/pooler/pooler_starter_sup.xml"
Generating XML pooler - pooler_sup "/home/pete/wefwefwef/docs/other/b84ad31d4c177260be691f29bfdfd682/pooler-branch-sf_queueing/pooler/src/pooler_sup.erl" -> "/home/pete/wefwefwef/docs/other/b84ad31d4c177260be691f29bfdfd682/repo/sf/queueing/.xml/pooler/pooler_sup.xml"
Generating HTML - pooler_sup "/home/pete/wefwefwef/docs/other/b84ad31d4c177260be691f29bfdfd682/repo/sf/queueing/.xml/pooler/pooler_sup.xml"
Generating HTML - pooler_starter_sup "/home/pete/wefwefwef/docs/other/b84ad31d4c177260be691f29bfdfd682/repo/sf/queueing/.xml/pooler/pooler_starter_sup.xml"
Generating HTML - pooler_starter "/home/pete/wefwefwef/docs/other/b84ad31d4c177260be691f29bfdfd682/repo/sf/queueing/.xml/pooler/pooler_starter.xml"
Generating HTML - pooler_app "/home/pete/wefwefwef/docs/other/b84ad31d4c177260be691f29bfdfd682/repo/sf/queueing/.xml/pooler/pooler_app.xml"
Reading XML for "/home/pete/wefwefwef/docs/other/b84ad31d4c177260be691f29bfdfd682/repo/sf/queueing/.xml/pooler/pooler_sup.xml"
Reading XML for "/home/pete/wefwefwef/docs/other/b84ad31d4c177260be691f29bfdfd682/repo/sf/queueing/.xml/pooler/pooler_starter_sup.xml"
Reading XML for "/home/pete/wefwefwef/docs/other/b84ad31d4c177260be691f29bfdfd682/repo/sf/queueing/.xml/pooler/pooler_starter.xml"
Reading XML for "/home/pete/wefwefwef/docs/other/b84ad31d4c177260be691f29bfdfd682/repo/sf/queueing/.xml/pooler/pooler_app.xml"
Reading XML for "/home/pete/wefwefwef/docs/other/b84ad31d4c177260be691f29bfdfd682/repo/sf/queueing/.xml/specs_pooler_sup.xml"
Reading XML for "/home/pete/wefwefwef/docs/other/b84ad31d4c177260be691f29bfdfd682/repo/sf/queueing/.xml/specs_pooler_starter_sup.xml"
Reading XML for "/home/pete/wefwefwef/docs/other/b84ad31d4c177260be691f29bfdfd682/repo/sf/queueing/.xml/specs_pooler_app.xml"
Generating HTML - pooler_config "/home/pete/wefwefwef/docs/other/b84ad31d4c177260be691f29bfdfd682/repo/sf/queueing/.xml/pooler/pooler_config.xml"
Reading XML for "/home/pete/wefwefwef/docs/other/b84ad31d4c177260be691f29bfdfd682/repo/sf/queueing/.xml/pooler/pooler_config.xml"
Reading XML for "/home/pete/wefwefwef/docs/other/b84ad31d4c177260be691f29bfdfd682/repo/sf/queueing/.xml/specs_pooler_starter.xml"
Reading XML for "/home/pete/wefwefwef/docs/other/b84ad31d4c177260be691f29bfdfd682/repo/sf/queueing/.xml/specs_pooler_config.xml"
Generating HTML - pooler_pool_sup "/home/pete/wefwefwef/docs/other/b84ad31d4c177260be691f29bfdfd682/repo/sf/queueing/.xml/pooler/pooler_pool_sup.xml"
Reading XML for "/home/pete/wefwefwef/docs/other/b84ad31d4c177260be691f29bfdfd682/repo/sf/queueing/.xml/pooler/pooler_pool_sup.xml"
Reading XML for "/home/pete/wefwefwef/docs/other/b84ad31d4c177260be691f29bfdfd682/repo/sf/queueing/.xml/specs_pooler_pool_sup.xml"
Generating HTML - pooler_pooled_worker_sup "/home/pete/wefwefwef/docs/other/b84ad31d4c177260be691f29bfdfd682/repo/sf/queueing/.xml/pooler/pooler_pooled_worker_sup.xml"
Reading XML for "/home/pete/wefwefwef/docs/other/b84ad31d4c177260be691f29bfdfd682/repo/sf/queueing/.xml/pooler/pooler_pooled_worker_sup.xml"
Reading XML for "/home/pete/wefwefwef/docs/other/b84ad31d4c177260be691f29bfdfd682/repo/sf/queueing/.xml/specs_pooler_pooled_worker_sup.xml"
Creating index.html ...
Creating erldocs_index.js ...
Woot, finished in 0 Minutes 1 Seconds
 :: Discovering other repos
$ 5000  `rm -r '/home/pete/wefwefwef/docs/other/b84ad31d4c177260be691f29bfdfd682/pooler-branch-sf_queueing'  2>&1`
 :: Processing https://github.com/seth/pooler	{rev,branch,"pooler-1-0","98bc7ce73c1b66333b3bac4012298403846c0bb3",undefined,[],[]}
 :: Fetching repo code
$ cd '/home/pete/wefwefwef/docs/other/b84ad31d4c177260be691f29bfdfd682/pooler-branch-pooler-1-0'
$ infinity  `curl --fail --silent --show-error --location --output repo.tar.gz 'https://codeload.github.com/seth/pooler/legacy.tar.gz/pooler-1-0'  2>&1`
$ cd '/home/pete/wefwefwef/docs/erldocs_other.git'
$ cd '/home/pete/wefwefwef/docs/other/b84ad31d4c177260be691f29bfdfd682/pooler-branch-pooler-1-0/seth-pooler-98bc7ce'
$ 5000  `find -P . -type l -delete  2>&1`
$ cd '/home/pete/wefwefwef/docs/erldocs_other.git'
$ 5000  `mv '/home/pete/wefwefwef/docs/other/b84ad31d4c177260be691f29bfdfd682/pooler-branch-pooler-1-0/seth-pooler-98bc7ce' '/home/pete/wefwefwef/docs/other/b84ad31d4c177260be691f29bfdfd682/pooler-branch-pooler-1-0/pooler'  2>&1`
 :: Getting dependencies
$ cd '/home/pete/wefwefwef/docs/other/b84ad31d4c177260be691f29bfdfd682/pooler-branch-pooler-1-0/pooler'
$ 5000  `ls -1 deps/  2>&1`
$ cd '/home/pete/wefwefwef/docs/erldocs_other.git'
>>> [rebar] deps = []
 :: Generating erldocs into /home/pete/wefwefwef/docs/other/b84ad31d4c177260be691f29bfdfd682/repo/pooler-1-0
Building pooler
Generating Type Specs - "/home/pete/wefwefwef/docs/other/b84ad31d4c177260be691f29bfdfd682/pooler-branch-pooler-1-0/pooler/src/pooler.erl"
Generating Type Specs - "/home/pete/wefwefwef/docs/other/b84ad31d4c177260be691f29bfdfd682/pooler-branch-pooler-1-0/pooler/src/pooler_app.erl"
Generating Type Specs - "/home/pete/wefwefwef/docs/other/b84ad31d4c177260be691f29bfdfd682/pooler-branch-pooler-1-0/pooler/src/pooler_config.erl"
Generating Type Specs - "/home/pete/wefwefwef/docs/other/b84ad31d4c177260be691f29bfdfd682/pooler-branch-pooler-1-0/pooler/src/pooler_pool_sup.erl"
Generating Type Specs - "/home/pete/wefwefwef/docs/other/b84ad31d4c177260be691f29bfdfd682/pooler-branch-pooler-1-0/pooler/src/pooler_pooled_worker_sup.erl"
Generating Type Specs - "/home/pete/wefwefwef/docs/other/b84ad31d4c177260be691f29bfdfd682/pooler-branch-pooler-1-0/pooler/src/pooler_starter.erl"
Generating Type Specs - "/home/pete/wefwefwef/docs/other/b84ad31d4c177260be691f29bfdfd682/pooler-branch-pooler-1-0/pooler/src/pooler_starter_sup.erl"
Generating Type Specs - "/home/pete/wefwefwef/docs/other/b84ad31d4c177260be691f29bfdfd682/pooler-branch-pooler-1-0/pooler/src/pooler_sup.erl"
Generating XML for application pooler "/home/pete/wefwefwef/docs/other/b84ad31d4c177260be691f29bfdfd682/pooler-branch-pooler-1-0/pooler" -> "/home/pete/wefwefwef/docs/other/b84ad31d4c177260be691f29bfdfd682/repo/pooler-1-0/.xml/pooler"
Generated pooler XMLs: ["/home/pete/wefwefwef/docs/other/b84ad31d4c177260be691f29bfdfd682/repo/pooler-1-0/.xml/pooler/pooler_starter.xml",
                        "/home/pete/wefwefwef/docs/other/b84ad31d4c177260be691f29bfdfd682/repo/pooler-1-0/.xml/pooler/pooler_pooled_worker_sup.xml",
                        "/home/pete/wefwefwef/docs/other/b84ad31d4c177260be691f29bfdfd682/repo/pooler-1-0/.xml/pooler/pooler_pool_sup.xml",
                        "/home/pete/wefwefwef/docs/other/b84ad31d4c177260be691f29bfdfd682/repo/pooler-1-0/.xml/pooler/pooler_starter_sup.xml",
                        "/home/pete/wefwefwef/docs/other/b84ad31d4c177260be691f29bfdfd682/repo/pooler-1-0/.xml/pooler/pooler_app.xml",
                        "/home/pete/wefwefwef/docs/other/b84ad31d4c177260be691f29bfdfd682/repo/pooler-1-0/.xml/pooler/pooler_sup.xml",
                        "/home/pete/wefwefwef/docs/other/b84ad31d4c177260be691f29bfdfd682/repo/pooler-1-0/.xml/pooler/pooler_config.xml",
                        "/home/pete/wefwefwef/docs/other/b84ad31d4c177260be691f29bfdfd682/repo/pooler-1-0/.xml/pooler/pooler.xml"]
Generating HTML - pooler_pooled_worker_sup "/home/pete/wefwefwef/docs/other/b84ad31d4c177260be691f29bfdfd682/repo/pooler-1-0/.xml/pooler/pooler_pooled_worker_sup.xml"
Generating HTML - pooler_starter_sup "/home/pete/wefwefwef/docs/other/b84ad31d4c177260be691f29bfdfd682/repo/pooler-1-0/.xml/pooler/pooler_starter_sup.xml"
Generating HTML - pooler_sup "/home/pete/wefwefwef/docs/other/b84ad31d4c177260be691f29bfdfd682/repo/pooler-1-0/.xml/pooler/pooler_sup.xml"
Generating HTML - pooler "/home/pete/wefwefwef/docs/other/b84ad31d4c177260be691f29bfdfd682/repo/pooler-1-0/.xml/pooler/pooler.xml"
Reading XML for "/home/pete/wefwefwef/docs/other/b84ad31d4c177260be691f29bfdfd682/repo/pooler-1-0/.xml/pooler/pooler_pooled_worker_sup.xml"
Reading XML for "/home/pete/wefwefwef/docs/other/b84ad31d4c177260be691f29bfdfd682/repo/pooler-1-0/.xml/pooler/pooler_starter_sup.xml"
Reading XML for "/home/pete/wefwefwef/docs/other/b84ad31d4c177260be691f29bfdfd682/repo/pooler-1-0/.xml/pooler/pooler_sup.xml"
Reading XML for "/home/pete/wefwefwef/docs/other/b84ad31d4c177260be691f29bfdfd682/repo/pooler-1-0/.xml/pooler/pooler.xml"
Reading XML for "/home/pete/wefwefwef/docs/other/b84ad31d4c177260be691f29bfdfd682/repo/pooler-1-0/.xml/specs_pooler_starter_sup.xml"
Reading XML for "/home/pete/wefwefwef/docs/other/b84ad31d4c177260be691f29bfdfd682/repo/pooler-1-0/.xml/specs_pooler_pooled_worker_sup.xml"
Reading XML for "/home/pete/wefwefwef/docs/other/b84ad31d4c177260be691f29bfdfd682/repo/pooler-1-0/.xml/specs_pooler_sup.xml"
Generating HTML - pooler_pool_sup "/home/pete/wefwefwef/docs/other/b84ad31d4c177260be691f29bfdfd682/repo/pooler-1-0/.xml/pooler/pooler_pool_sup.xml"
Reading XML for "/home/pete/wefwefwef/docs/other/b84ad31d4c177260be691f29bfdfd682/repo/pooler-1-0/.xml/pooler/pooler_pool_sup.xml"
Generating HTML - pooler_starter "/home/pete/wefwefwef/docs/other/b84ad31d4c177260be691f29bfdfd682/repo/pooler-1-0/.xml/pooler/pooler_starter.xml"
Reading XML for "/home/pete/wefwefwef/docs/other/b84ad31d4c177260be691f29bfdfd682/repo/pooler-1-0/.xml/pooler/pooler_starter.xml"
Generating HTML - pooler_app "/home/pete/wefwefwef/docs/other/b84ad31d4c177260be691f29bfdfd682/repo/pooler-1-0/.xml/pooler/pooler_app.xml"
Reading XML for "/home/pete/wefwefwef/docs/other/b84ad31d4c177260be691f29bfdfd682/repo/pooler-1-0/.xml/pooler/pooler_app.xml"
Reading XML for "/home/pete/wefwefwef/docs/other/b84ad31d4c177260be691f29bfdfd682/repo/pooler-1-0/.xml/specs_pooler.xml"
Reading XML for "/home/pete/wefwefwef/docs/other/b84ad31d4c177260be691f29bfdfd682/repo/pooler-1-0/.xml/specs_pooler_pool_sup.xml"
Reading XML for "/home/pete/wefwefwef/docs/other/b84ad31d4c177260be691f29bfdfd682/repo/pooler-1-0/.xml/specs_pooler_app.xml"
Generating HTML - pooler_config "/home/pete/wefwefwef/docs/other/b84ad31d4c177260be691f29bfdfd682/repo/pooler-1-0/.xml/pooler/pooler_config.xml"
Reading XML for "/home/pete/wefwefwef/docs/other/b84ad31d4c177260be691f29bfdfd682/repo/pooler-1-0/.xml/specs_pooler_starter.xml"
Reading XML for "/home/pete/wefwefwef/docs/other/b84ad31d4c177260be691f29bfdfd682/repo/pooler-1-0/.xml/pooler/pooler_config.xml"
Reading XML for "/home/pete/wefwefwef/docs/other/b84ad31d4c177260be691f29bfdfd682/repo/pooler-1-0/.xml/specs_pooler_config.xml"
Creating index.html ...
Creating erldocs_index.js ...
Woot, finished in 0 Minutes 1 Seconds
 :: Discovering other repos
$ 5000  `rm -r '/home/pete/wefwefwef/docs/other/b84ad31d4c177260be691f29bfdfd682/pooler-branch-pooler-1-0'  2>&1`
 :: Processing https://github.com/seth/pooler	{rev,branch,"nostartup","d80b25e25eb3b0242b373e099f5ec7bc45b7069e",undefined,[],[]}
 :: Fetching repo code
$ cd '/home/pete/wefwefwef/docs/other/b84ad31d4c177260be691f29bfdfd682/pooler-branch-nostartup'
$ infinity  `curl --fail --silent --show-error --location --output repo.tar.gz 'https://codeload.github.com/seth/pooler/legacy.tar.gz/nostartup'  2>&1`
$ cd '/home/pete/wefwefwef/docs/erldocs_other.git'
$ cd '/home/pete/wefwefwef/docs/other/b84ad31d4c177260be691f29bfdfd682/pooler-branch-nostartup/seth-pooler-d80b25e'
$ 5000  `find -P . -type l -delete  2>&1`
$ cd '/home/pete/wefwefwef/docs/erldocs_other.git'
$ 5000  `mv '/home/pete/wefwefwef/docs/other/b84ad31d4c177260be691f29bfdfd682/pooler-branch-nostartup/seth-pooler-d80b25e' '/home/pete/wefwefwef/docs/other/b84ad31d4c177260be691f29bfdfd682/pooler-branch-nostartup/pooler'  2>&1`
 :: Getting dependencies
$ cd '/home/pete/wefwefwef/docs/other/b84ad31d4c177260be691f29bfdfd682/pooler-branch-nostartup/pooler'
$ 5000  `ls -1 deps/  2>&1`
$ cd '/home/pete/wefwefwef/docs/erldocs_other.git'
>>> [rebar] deps = []
 :: Generating erldocs into /home/pete/wefwefwef/docs/other/b84ad31d4c177260be691f29bfdfd682/repo/nostartup
Building pooler
Generating Type Specs - "/home/pete/wefwefwef/docs/other/b84ad31d4c177260be691f29bfdfd682/pooler-branch-nostartup/pooler/src/pooler.erl"
Generating Type Specs - "/home/pete/wefwefwef/docs/other/b84ad31d4c177260be691f29bfdfd682/pooler-branch-nostartup/pooler/src/pooler_pool_sup.erl"
Generating Type Specs - "/home/pete/wefwefwef/docs/other/b84ad31d4c177260be691f29bfdfd682/pooler-branch-nostartup/pooler/src/pooler_pooled_worker_sup.erl"
Generating Type Specs - "/home/pete/wefwefwef/docs/other/b84ad31d4c177260be691f29bfdfd682/pooler-branch-nostartup/pooler/src/pooler_sup.erl"
Generating XML for application pooler "/home/pete/wefwefwef/docs/other/b84ad31d4c177260be691f29bfdfd682/pooler-branch-nostartup/pooler" -> "/home/pete/wefwefwef/docs/other/b84ad31d4c177260be691f29bfdfd682/repo/nostartup/.xml/pooler"
Generated pooler XMLs: ["/home/pete/wefwefwef/docs/other/b84ad31d4c177260be691f29bfdfd682/repo/nostartup/.xml/pooler/pooler_pooled_worker_sup.xml",
                        "/home/pete/wefwefwef/docs/other/b84ad31d4c177260be691f29bfdfd682/repo/nostartup/.xml/pooler/pooler_pool_sup.xml",
                        "/home/pete/wefwefwef/docs/other/b84ad31d4c177260be691f29bfdfd682/repo/nostartup/.xml/pooler/pooler_sup.xml",
                        "/home/pete/wefwefwef/docs/other/b84ad31d4c177260be691f29bfdfd682/repo/nostartup/.xml/pooler/pooler.xml"]
Generating HTML - pooler_pooled_worker_sup "/home/pete/wefwefwef/docs/other/b84ad31d4c177260be691f29bfdfd682/repo/nostartup/.xml/pooler/pooler_pooled_worker_sup.xml"
Generating HTML - pooler_pool_sup "/home/pete/wefwefwef/docs/other/b84ad31d4c177260be691f29bfdfd682/repo/nostartup/.xml/pooler/pooler_pool_sup.xml"
Generating HTML - pooler_sup "/home/pete/wefwefwef/docs/other/b84ad31d4c177260be691f29bfdfd682/repo/nostartup/.xml/pooler/pooler_sup.xml"
Generating HTML - pooler "/home/pete/wefwefwef/docs/other/b84ad31d4c177260be691f29bfdfd682/repo/nostartup/.xml/pooler/pooler.xml"
Reading XML for "/home/pete/wefwefwef/docs/other/b84ad31d4c177260be691f29bfdfd682/repo/nostartup/.xml/pooler/pooler_pooled_worker_sup.xml"
Reading XML for "/home/pete/wefwefwef/docs/other/b84ad31d4c177260be691f29bfdfd682/repo/nostartup/.xml/pooler/pooler_pool_sup.xml"
Reading XML for "/home/pete/wefwefwef/docs/other/b84ad31d4c177260be691f29bfdfd682/repo/nostartup/.xml/pooler/pooler_sup.xml"
Reading XML for "/home/pete/wefwefwef/docs/other/b84ad31d4c177260be691f29bfdfd682/repo/nostartup/.xml/pooler/pooler.xml"
Reading XML for "/home/pete/wefwefwef/docs/other/b84ad31d4c177260be691f29bfdfd682/repo/nostartup/.xml/specs_pooler_pooled_worker_sup.xml"
Reading XML for "/home/pete/wefwefwef/docs/other/b84ad31d4c177260be691f29bfdfd682/repo/nostartup/.xml/specs_pooler_pool_sup.xml"
Reading XML for "/home/pete/wefwefwef/docs/other/b84ad31d4c177260be691f29bfdfd682/repo/nostartup/.xml/specs_pooler_sup.xml"
Reading XML for "/home/pete/wefwefwef/docs/other/b84ad31d4c177260be691f29bfdfd682/repo/nostartup/.xml/specs_pooler.xml"
Creating index.html ...
Creating erldocs_index.js ...
Woot, finished in 0 Minutes 0 Seconds
 :: Discovering other repos
$ 5000  `rm -r '/home/pete/wefwefwef/docs/other/b84ad31d4c177260be691f29bfdfd682/pooler-branch-nostartup'  2>&1`
 :: Processing https://github.com/seth/pooler	{rev,branch,"multi-pool","2aa716118c445cea94e31b0673c4ff74067c095d",undefined,[],[]}
 :: Fetching repo code
$ cd '/home/pete/wefwefwef/docs/other/b84ad31d4c177260be691f29bfdfd682/pooler-branch-multi-pool'
$ infinity  `curl --fail --silent --show-error --location --output repo.tar.gz 'https://codeload.github.com/seth/pooler/legacy.tar.gz/multi-pool'  2>&1`
$ cd '/home/pete/wefwefwef/docs/erldocs_other.git'
$ cd '/home/pete/wefwefwef/docs/other/b84ad31d4c177260be691f29bfdfd682/pooler-branch-multi-pool/seth-pooler-2aa7161'
$ 5000  `find -P . -type l -delete  2>&1`
$ cd '/home/pete/wefwefwef/docs/erldocs_other.git'
$ 5000  `mv '/home/pete/wefwefwef/docs/other/b84ad31d4c177260be691f29bfdfd682/pooler-branch-multi-pool/seth-pooler-2aa7161' '/home/pete/wefwefwef/docs/other/b84ad31d4c177260be691f29bfdfd682/pooler-branch-multi-pool/pooler'  2>&1`
 :: Getting dependencies
$ cd '/home/pete/wefwefwef/docs/other/b84ad31d4c177260be691f29bfdfd682/pooler-branch-multi-pool/pooler'
$ 5000  `ls -1 deps/  2>&1`
$ cd '/home/pete/wefwefwef/docs/erldocs_other.git'
>>> [rebar] deps = []
 :: Generating erldocs into /home/pete/wefwefwef/docs/other/b84ad31d4c177260be691f29bfdfd682/repo/multi-pool
Building pooler
Generating Type Specs - "/home/pete/wefwefwef/docs/other/b84ad31d4c177260be691f29bfdfd682/pooler-branch-multi-pool/pooler/src/pooler.erl"
Generating Type Specs - "/home/pete/wefwefwef/docs/other/b84ad31d4c177260be691f29bfdfd682/pooler-branch-multi-pool/pooler/src/pooler_app.erl"
Generating Type Specs - "/home/pete/wefwefwef/docs/other/b84ad31d4c177260be691f29bfdfd682/pooler-branch-multi-pool/pooler/src/pooler_config.erl"
Generating Type Specs - "/home/pete/wefwefwef/docs/other/b84ad31d4c177260be691f29bfdfd682/pooler-branch-multi-pool/pooler/src/pooler_pool_sup.erl"
Generating Type Specs - "/home/pete/wefwefwef/docs/other/b84ad31d4c177260be691f29bfdfd682/pooler-branch-multi-pool/pooler/src/pooler_pooled_worker_sup.erl"
Generating Type Specs - "/home/pete/wefwefwef/docs/other/b84ad31d4c177260be691f29bfdfd682/pooler-branch-multi-pool/pooler/src/pooler_sup.erl"
Generating XML for application pooler "/home/pete/wefwefwef/docs/other/b84ad31d4c177260be691f29bfdfd682/pooler-branch-multi-pool/pooler" -> "/home/pete/wefwefwef/docs/other/b84ad31d4c177260be691f29bfdfd682/repo/multi-pool/.xml/pooler"
Generated pooler XMLs: ["/home/pete/wefwefwef/docs/other/b84ad31d4c177260be691f29bfdfd682/repo/multi-pool/.xml/pooler/pooler_pooled_worker_sup.xml",
                        "/home/pete/wefwefwef/docs/other/b84ad31d4c177260be691f29bfdfd682/repo/multi-pool/.xml/pooler/pooler_pool_sup.xml",
                        "/home/pete/wefwefwef/docs/other/b84ad31d4c177260be691f29bfdfd682/repo/multi-pool/.xml/pooler/pooler_app.xml",
                        "/home/pete/wefwefwef/docs/other/b84ad31d4c177260be691f29bfdfd682/repo/multi-pool/.xml/pooler/pooler_sup.xml",
                        "/home/pete/wefwefwef/docs/other/b84ad31d4c177260be691f29bfdfd682/repo/multi-pool/.xml/pooler/pooler_config.xml",
                        "/home/pete/wefwefwef/docs/other/b84ad31d4c177260be691f29bfdfd682/repo/multi-pool/.xml/pooler/pooler.xml"]
Generating HTML - pooler_pooled_worker_sup "/home/pete/wefwefwef/docs/other/b84ad31d4c177260be691f29bfdfd682/repo/multi-pool/.xml/pooler/pooler_pooled_worker_sup.xml"
Generating HTML - pooler_pool_sup "/home/pete/wefwefwef/docs/other/b84ad31d4c177260be691f29bfdfd682/repo/multi-pool/.xml/pooler/pooler_pool_sup.xml"
Generating HTML - pooler_app "/home/pete/wefwefwef/docs/other/b84ad31d4c177260be691f29bfdfd682/repo/multi-pool/.xml/pooler/pooler_app.xml"
Generating HTML - pooler "/home/pete/wefwefwef/docs/other/b84ad31d4c177260be691f29bfdfd682/repo/multi-pool/.xml/pooler/pooler.xml"
Reading XML for "/home/pete/wefwefwef/docs/other/b84ad31d4c177260be691f29bfdfd682/repo/multi-pool/.xml/pooler/pooler_pooled_worker_sup.xml"
Reading XML for "/home/pete/wefwefwef/docs/other/b84ad31d4c177260be691f29bfdfd682/repo/multi-pool/.xml/pooler/pooler_pool_sup.xml"
Reading XML for "/home/pete/wefwefwef/docs/other/b84ad31d4c177260be691f29bfdfd682/repo/multi-pool/.xml/pooler/pooler_app.xml"
Reading XML for "/home/pete/wefwefwef/docs/other/b84ad31d4c177260be691f29bfdfd682/repo/multi-pool/.xml/pooler/pooler.xml"
Reading XML for "/home/pete/wefwefwef/docs/other/b84ad31d4c177260be691f29bfdfd682/repo/multi-pool/.xml/specs_pooler_app.xml"
Reading XML for "/home/pete/wefwefwef/docs/other/b84ad31d4c177260be691f29bfdfd682/repo/multi-pool/.xml/specs_pooler_pool_sup.xml"
Reading XML for "/home/pete/wefwefwef/docs/other/b84ad31d4c177260be691f29bfdfd682/repo/multi-pool/.xml/specs_pooler_pooled_worker_sup.xml"
Reading XML for "/home/pete/wefwefwef/docs/other/b84ad31d4c177260be691f29bfdfd682/repo/multi-pool/.xml/specs_pooler.xml"
Generating HTML - pooler_config "/home/pete/wefwefwef/docs/other/b84ad31d4c177260be691f29bfdfd682/repo/multi-pool/.xml/pooler/pooler_config.xml"
Reading XML for "/home/pete/wefwefwef/docs/other/b84ad31d4c177260be691f29bfdfd682/repo/multi-pool/.xml/pooler/pooler_config.xml"
Reading XML for "/home/pete/wefwefwef/docs/other/b84ad31d4c177260be691f29bfdfd682/repo/multi-pool/.xml/specs_pooler_config.xml"
Generating HTML - pooler_sup "/home/pete/wefwefwef/docs/other/b84ad31d4c177260be691f29bfdfd682/repo/multi-pool/.xml/pooler/pooler_sup.xml"
Reading XML for "/home/pete/wefwefwef/docs/other/b84ad31d4c177260be691f29bfdfd682/repo/multi-pool/.xml/pooler/pooler_sup.xml"
Reading XML for "/home/pete/wefwefwef/docs/other/b84ad31d4c177260be691f29bfdfd682/repo/multi-pool/.xml/specs_pooler_sup.xml"
Creating index.html ...
Creating erldocs_index.js ...
Woot, finished in 0 Minutes 0 Seconds
 :: Discovering other repos
$ 5000  `rm -r '/home/pete/wefwefwef/docs/other/b84ad31d4c177260be691f29bfdfd682/pooler-branch-multi-pool'  2>&1`
 :: Processing https://github.com/seth/pooler	{rev,branch,"master","2888321cd799234183dfcba82f335207d68e354d",undefined,[],[]}
 :: Fetching repo code
$ cd '/home/pete/wefwefwef/docs/other/b84ad31d4c177260be691f29bfdfd682/pooler-branch-master'
$ infinity  `curl --fail --silent --show-error --location --output repo.tar.gz 'https://codeload.github.com/seth/pooler/legacy.tar.gz/master'  2>&1`
$ cd '/home/pete/wefwefwef/docs/erldocs_other.git'
$ cd '/home/pete/wefwefwef/docs/other/b84ad31d4c177260be691f29bfdfd682/pooler-branch-master/seth-pooler-2888321'
$ 5000  `find -P . -type l -delete  2>&1`
$ cd '/home/pete/wefwefwef/docs/erldocs_other.git'
$ 5000  `mv '/home/pete/wefwefwef/docs/other/b84ad31d4c177260be691f29bfdfd682/pooler-branch-master/seth-pooler-2888321' '/home/pete/wefwefwef/docs/other/b84ad31d4c177260be691f29bfdfd682/pooler-branch-master/pooler'  2>&1`
 :: Getting dependencies
$ cd '/home/pete/wefwefwef/docs/other/b84ad31d4c177260be691f29bfdfd682/pooler-branch-master/pooler'
$ 5000  `ls -1 deps/  2>&1`
$ cd '/home/pete/wefwefwef/docs/erldocs_other.git'
>>> [rebar] deps = []
 :: Generating erldocs into /home/pete/wefwefwef/docs/other/b84ad31d4c177260be691f29bfdfd682/repo/master
Building pooler
Generating Type Specs - "/home/pete/wefwefwef/docs/other/b84ad31d4c177260be691f29bfdfd682/pooler-branch-master/pooler/src/pooler.erl"
Generating Type Specs - "/home/pete/wefwefwef/docs/other/b84ad31d4c177260be691f29bfdfd682/pooler-branch-master/pooler/src/pooler_app.erl"
Generating Type Specs - "/home/pete/wefwefwef/docs/other/b84ad31d4c177260be691f29bfdfd682/pooler-branch-master/pooler/src/pooler_config.erl"
Generating Type Specs - "/home/pete/wefwefwef/docs/other/b84ad31d4c177260be691f29bfdfd682/pooler-branch-master/pooler/src/pooler_pool_sup.erl"
Generating Type Specs - "/home/pete/wefwefwef/docs/other/b84ad31d4c177260be691f29bfdfd682/pooler-branch-master/pooler/src/pooler_pooled_worker_sup.erl"
Generating Type Specs - "/home/pete/wefwefwef/docs/other/b84ad31d4c177260be691f29bfdfd682/pooler-branch-master/pooler/src/pooler_starter.erl"
Generating Type Specs - "/home/pete/wefwefwef/docs/other/b84ad31d4c177260be691f29bfdfd682/pooler-branch-master/pooler/src/pooler_starter_sup.erl"
Generating Type Specs - "/home/pete/wefwefwef/docs/other/b84ad31d4c177260be691f29bfdfd682/pooler-branch-master/pooler/src/pooler_sup.erl"
Generating XML for application pooler "/home/pete/wefwefwef/docs/other/b84ad31d4c177260be691f29bfdfd682/pooler-branch-master/pooler" -> "/home/pete/wefwefwef/docs/other/b84ad31d4c177260be691f29bfdfd682/repo/master/.xml/pooler"
/home/pete/wefwefwef/docs/other/b84ad31d4c177260be691f29bfdfd682/pooler-branch-master/pooler/src/pooler.erl, function rm_group/1: at line 128: `-quote ended unexpectedly at line 134
edoc: skipping source file '/home/pete/wefwefwef/docs/other/b84ad31d4c177260be691f29bfdfd682/pooler-branch-master/pooler/src/pooler.erl': {'EXIT',
                                                                                                                                     error}.
edoc: error in doclet 'edoc_doclet': {'EXIT',error}.
Error generating pooler XMLs. Using fallback ...
Generating XML pooler - pooler "/home/pete/wefwefwef/docs/other/b84ad31d4c177260be691f29bfdfd682/pooler-branch-master/pooler/src/pooler.erl" -> "/home/pete/wefwefwef/docs/other/b84ad31d4c177260be691f29bfdfd682/repo/master/.xml/pooler/pooler.xml"
/home/pete/wefwefwef/docs/other/b84ad31d4c177260be691f29bfdfd682/pooler-branch-master/pooler/src/pooler.erl, function rm_group/1: at line 128: `-quote ended unexpectedly at line 134
Error generating XML ("/home/pete/wefwefwef/docs/other/b84ad31d4c177260be691f29bfdfd682/pooler-branch-master/pooler/src/pooler.erl"): {'EXIT',
                                                                                                                                       error}
Generating XML pooler - pooler_app "/home/pete/wefwefwef/docs/other/b84ad31d4c177260be691f29bfdfd682/pooler-branch-master/pooler/src/pooler_app.erl" -> "/home/pete/wefwefwef/docs/other/b84ad31d4c177260be691f29bfdfd682/repo/master/.xml/pooler/pooler_app.xml"
Generating XML pooler - pooler_config "/home/pete/wefwefwef/docs/other/b84ad31d4c177260be691f29bfdfd682/pooler-branch-master/pooler/src/pooler_config.erl" -> "/home/pete/wefwefwef/docs/other/b84ad31d4c177260be691f29bfdfd682/repo/master/.xml/pooler/pooler_config.xml"
Generating XML pooler - pooler_pool_sup "/home/pete/wefwefwef/docs/other/b84ad31d4c177260be691f29bfdfd682/pooler-branch-master/pooler/src/pooler_pool_sup.erl" -> "/home/pete/wefwefwef/docs/other/b84ad31d4c177260be691f29bfdfd682/repo/master/.xml/pooler/pooler_pool_sup.xml"
Generating XML pooler - pooler_pooled_worker_sup "/home/pete/wefwefwef/docs/other/b84ad31d4c177260be691f29bfdfd682/pooler-branch-master/pooler/src/pooler_pooled_worker_sup.erl" -> "/home/pete/wefwefwef/docs/other/b84ad31d4c177260be691f29bfdfd682/repo/master/.xml/pooler/pooler_pooled_worker_sup.xml"
Generating XML pooler - pooler_starter "/home/pete/wefwefwef/docs/other/b84ad31d4c177260be691f29bfdfd682/pooler-branch-master/pooler/src/pooler_starter.erl" -> "/home/pete/wefwefwef/docs/other/b84ad31d4c177260be691f29bfdfd682/repo/master/.xml/pooler/pooler_starter.xml"
Generating XML pooler - pooler_starter_sup "/home/pete/wefwefwef/docs/other/b84ad31d4c177260be691f29bfdfd682/pooler-branch-master/pooler/src/pooler_starter_sup.erl" -> "/home/pete/wefwefwef/docs/other/b84ad31d4c177260be691f29bfdfd682/repo/master/.xml/pooler/pooler_starter_sup.xml"
Generating XML pooler - pooler_sup "/home/pete/wefwefwef/docs/other/b84ad31d4c177260be691f29bfdfd682/pooler-branch-master/pooler/src/pooler_sup.erl" -> "/home/pete/wefwefwef/docs/other/b84ad31d4c177260be691f29bfdfd682/repo/master/.xml/pooler/pooler_sup.xml"
Generating HTML - pooler_sup "/home/pete/wefwefwef/docs/other/b84ad31d4c177260be691f29bfdfd682/repo/master/.xml/pooler/pooler_sup.xml"
Generating HTML - pooler_starter_sup "/home/pete/wefwefwef/docs/other/b84ad31d4c177260be691f29bfdfd682/repo/master/.xml/pooler/pooler_starter_sup.xml"
Generating HTML - pooler_starter "/home/pete/wefwefwef/docs/other/b84ad31d4c177260be691f29bfdfd682/repo/master/.xml/pooler/pooler_starter.xml"
Generating HTML - pooler_app "/home/pete/wefwefwef/docs/other/b84ad31d4c177260be691f29bfdfd682/repo/master/.xml/pooler/pooler_app.xml"
Reading XML for "/home/pete/wefwefwef/docs/other/b84ad31d4c177260be691f29bfdfd682/repo/master/.xml/pooler/pooler_sup.xml"
Reading XML for "/home/pete/wefwefwef/docs/other/b84ad31d4c177260be691f29bfdfd682/repo/master/.xml/pooler/pooler_starter_sup.xml"
Reading XML for "/home/pete/wefwefwef/docs/other/b84ad31d4c177260be691f29bfdfd682/repo/master/.xml/pooler/pooler_starter.xml"
Reading XML for "/home/pete/wefwefwef/docs/other/b84ad31d4c177260be691f29bfdfd682/repo/master/.xml/pooler/pooler_app.xml"
Reading XML for "/home/pete/wefwefwef/docs/other/b84ad31d4c177260be691f29bfdfd682/repo/master/.xml/specs_pooler_starter_sup.xml"
Reading XML for "/home/pete/wefwefwef/docs/other/b84ad31d4c177260be691f29bfdfd682/repo/master/.xml/specs_pooler_sup.xml"
Reading XML for "/home/pete/wefwefwef/docs/other/b84ad31d4c177260be691f29bfdfd682/repo/master/.xml/specs_pooler_app.xml"
Generating HTML - pooler_config "/home/pete/wefwefwef/docs/other/b84ad31d4c177260be691f29bfdfd682/repo/master/.xml/pooler/pooler_config.xml"
Reading XML for "/home/pete/wefwefwef/docs/other/b84ad31d4c177260be691f29bfdfd682/repo/master/.xml/pooler/pooler_config.xml"
Reading XML for "/home/pete/wefwefwef/docs/other/b84ad31d4c177260be691f29bfdfd682/repo/master/.xml/specs_pooler_starter.xml"
Reading XML for "/home/pete/wefwefwef/docs/other/b84ad31d4c177260be691f29bfdfd682/repo/master/.xml/specs_pooler_config.xml"
Generating HTML - pooler_pool_sup "/home/pete/wefwefwef/docs/other/b84ad31d4c177260be691f29bfdfd682/repo/master/.xml/pooler/pooler_pool_sup.xml"
Reading XML for "/home/pete/wefwefwef/docs/other/b84ad31d4c177260be691f29bfdfd682/repo/master/.xml/pooler/pooler_pool_sup.xml"
Reading XML for "/home/pete/wefwefwef/docs/other/b84ad31d4c177260be691f29bfdfd682/repo/master/.xml/specs_pooler_pool_sup.xml"
Generating HTML - pooler_pooled_worker_sup "/home/pete/wefwefwef/docs/other/b84ad31d4c177260be691f29bfdfd682/repo/master/.xml/pooler/pooler_pooled_worker_sup.xml"
Reading XML for "/home/pete/wefwefwef/docs/other/b84ad31d4c177260be691f29bfdfd682/repo/master/.xml/pooler/pooler_pooled_worker_sup.xml"
Reading XML for "/home/pete/wefwefwef/docs/other/b84ad31d4c177260be691f29bfdfd682/repo/master/.xml/specs_pooler_pooled_worker_sup.xml"
Creating index.html ...
Creating erldocs_index.js ...
Woot, finished in 0 Minutes 1 Seconds
 :: Discovering other repos
$ 5000  `rm -r '/home/pete/wefwefwef/docs/other/b84ad31d4c177260be691f29bfdfd682/pooler-branch-master'  2>&1`
 :: Processing https://github.com/seth/pooler	{rev,branch,"async-start","87534ccb1b11f956d48ec4a3aa6d0f6922dc7ba2",undefined,[],[]}
 :: Fetching repo code
$ cd '/home/pete/wefwefwef/docs/other/b84ad31d4c177260be691f29bfdfd682/pooler-branch-async-start'
$ infinity  `curl --fail --silent --show-error --location --output repo.tar.gz 'https://codeload.github.com/seth/pooler/legacy.tar.gz/async-start'  2>&1`
$ cd '/home/pete/wefwefwef/docs/erldocs_other.git'
$ cd '/home/pete/wefwefwef/docs/other/b84ad31d4c177260be691f29bfdfd682/pooler-branch-async-start/seth-pooler-87534cc'
$ 5000  `find -P . -type l -delete  2>&1`
$ cd '/home/pete/wefwefwef/docs/erldocs_other.git'
$ 5000  `mv '/home/pete/wefwefwef/docs/other/b84ad31d4c177260be691f29bfdfd682/pooler-branch-async-start/seth-pooler-87534cc' '/home/pete/wefwefwef/docs/other/b84ad31d4c177260be691f29bfdfd682/pooler-branch-async-start/pooler'  2>&1`
 :: Getting dependencies
$ cd '/home/pete/wefwefwef/docs/other/b84ad31d4c177260be691f29bfdfd682/pooler-branch-async-start/pooler'
$ 5000  `ls -1 deps/  2>&1`
$ cd '/home/pete/wefwefwef/docs/erldocs_other.git'
>>> [rebar] deps = []
 :: Generating erldocs into /home/pete/wefwefwef/docs/other/b84ad31d4c177260be691f29bfdfd682/repo/async-start
Building pooler
Generating Type Specs - "/home/pete/wefwefwef/docs/other/b84ad31d4c177260be691f29bfdfd682/pooler-branch-async-start/pooler/src/pooler.erl"
Generating Type Specs - "/home/pete/wefwefwef/docs/other/b84ad31d4c177260be691f29bfdfd682/pooler-branch-async-start/pooler/src/pooler_app.erl"
Generating Type Specs - "/home/pete/wefwefwef/docs/other/b84ad31d4c177260be691f29bfdfd682/pooler-branch-async-start/pooler/src/pooler_config.erl"
Generating Type Specs - "/home/pete/wefwefwef/docs/other/b84ad31d4c177260be691f29bfdfd682/pooler-branch-async-start/pooler/src/pooler_pool_sup.erl"
Generating Type Specs - "/home/pete/wefwefwef/docs/other/b84ad31d4c177260be691f29bfdfd682/pooler-branch-async-start/pooler/src/pooler_pooled_worker_sup.erl"
Generating Type Specs - "/home/pete/wefwefwef/docs/other/b84ad31d4c177260be691f29bfdfd682/pooler-branch-async-start/pooler/src/pooler_starter.erl"
Generating Type Specs - "/home/pete/wefwefwef/docs/other/b84ad31d4c177260be691f29bfdfd682/pooler-branch-async-start/pooler/src/pooler_starter_sup.erl"
Generating Type Specs - "/home/pete/wefwefwef/docs/other/b84ad31d4c177260be691f29bfdfd682/pooler-branch-async-start/pooler/src/pooler_sup.erl"
Generating XML for application pooler "/home/pete/wefwefwef/docs/other/b84ad31d4c177260be691f29bfdfd682/pooler-branch-async-start/pooler" -> "/home/pete/wefwefwef/docs/other/b84ad31d4c177260be691f29bfdfd682/repo/async-start/.xml/pooler"
Generated pooler XMLs: ["/home/pete/wefwefwef/docs/other/b84ad31d4c177260be691f29bfdfd682/repo/async-start/.xml/pooler/pooler_starter.xml",
                        "/home/pete/wefwefwef/docs/other/b84ad31d4c177260be691f29bfdfd682/repo/async-start/.xml/pooler/pooler_pooled_worker_sup.xml",
                        "/home/pete/wefwefwef/docs/other/b84ad31d4c177260be691f29bfdfd682/repo/async-start/.xml/pooler/pooler_pool_sup.xml",
                        "/home/pete/wefwefwef/docs/other/b84ad31d4c177260be691f29bfdfd682/repo/async-start/.xml/pooler/pooler_starter_sup.xml",
                        "/home/pete/wefwefwef/docs/other/b84ad31d4c177260be691f29bfdfd682/repo/async-start/.xml/pooler/pooler_app.xml",
                        "/home/pete/wefwefwef/docs/other/b84ad31d4c177260be691f29bfdfd682/repo/async-start/.xml/pooler/pooler_sup.xml",
                        "/home/pete/wefwefwef/docs/other/b84ad31d4c177260be691f29bfdfd682/repo/async-start/.xml/pooler/pooler_config.xml",
                        "/home/pete/wefwefwef/docs/other/b84ad31d4c177260be691f29bfdfd682/repo/async-start/.xml/pooler/pooler.xml"]
Generating HTML - pooler_pooled_worker_sup "/home/pete/wefwefwef/docs/other/b84ad31d4c177260be691f29bfdfd682/repo/async-start/.xml/pooler/pooler_pooled_worker_sup.xml"
Generating HTML - pooler_starter_sup "/home/pete/wefwefwef/docs/other/b84ad31d4c177260be691f29bfdfd682/repo/async-start/.xml/pooler/pooler_starter_sup.xml"
Generating HTML - pooler_sup "/home/pete/wefwefwef/docs/other/b84ad31d4c177260be691f29bfdfd682/repo/async-start/.xml/pooler/pooler_sup.xml"
Generating HTML - pooler "/home/pete/wefwefwef/docs/other/b84ad31d4c177260be691f29bfdfd682/repo/async-start/.xml/pooler/pooler.xml"
Reading XML for "/home/pete/wefwefwef/docs/other/b84ad31d4c177260be691f29bfdfd682/repo/async-start/.xml/pooler/pooler_pooled_worker_sup.xml"
Reading XML for "/home/pete/wefwefwef/docs/other/b84ad31d4c177260be691f29bfdfd682/repo/async-start/.xml/pooler/pooler_starter_sup.xml"
Reading XML for "/home/pete/wefwefwef/docs/other/b84ad31d4c177260be691f29bfdfd682/repo/async-start/.xml/pooler/pooler_sup.xml"
Reading XML for "/home/pete/wefwefwef/docs/other/b84ad31d4c177260be691f29bfdfd682/repo/async-start/.xml/pooler/pooler.xml"
Reading XML for "/home/pete/wefwefwef/docs/other/b84ad31d4c177260be691f29bfdfd682/repo/async-start/.xml/specs_pooler_sup.xml"
Generating HTML - pooler_app "/home/pete/wefwefwef/docs/other/b84ad31d4c177260be691f29bfdfd682/repo/async-start/.xml/pooler/pooler_app.xml"
Reading XML for "/home/pete/wefwefwef/docs/other/b84ad31d4c177260be691f29bfdfd682/repo/async-start/.xml/specs_pooler_pooled_worker_sup.xml"
Reading XML for "/home/pete/wefwefwef/docs/other/b84ad31d4c177260be691f29bfdfd682/repo/async-start/.xml/specs_pooler_starter_sup.xml"
Reading XML for "/home/pete/wefwefwef/docs/other/b84ad31d4c177260be691f29bfdfd682/repo/async-start/.xml/pooler/pooler_app.xml"
Generating HTML - pooler_starter "/home/pete/wefwefwef/docs/other/b84ad31d4c177260be691f29bfdfd682/repo/async-start/.xml/pooler/pooler_starter.xml"
Reading XML for "/home/pete/wefwefwef/docs/other/b84ad31d4c177260be691f29bfdfd682/repo/async-start/.xml/pooler/pooler_starter.xml"
Generating HTML - pooler_pool_sup "/home/pete/wefwefwef/docs/other/b84ad31d4c177260be691f29bfdfd682/repo/async-start/.xml/pooler/pooler_pool_sup.xml"
Reading XML for "/home/pete/wefwefwef/docs/other/b84ad31d4c177260be691f29bfdfd682/repo/async-start/.xml/pooler/pooler_pool_sup.xml"
Reading XML for "/home/pete/wefwefwef/docs/other/b84ad31d4c177260be691f29bfdfd682/repo/async-start/.xml/specs_pooler.xml"
Reading XML for "/home/pete/wefwefwef/docs/other/b84ad31d4c177260be691f29bfdfd682/repo/async-start/.xml/specs_pooler_app.xml"
Generating HTML - pooler_config "/home/pete/wefwefwef/docs/other/b84ad31d4c177260be691f29bfdfd682/repo/async-start/.xml/pooler/pooler_config.xml"
Reading XML for "/home/pete/wefwefwef/docs/other/b84ad31d4c177260be691f29bfdfd682/repo/async-start/.xml/pooler/pooler_config.xml"
Reading XML for "/home/pete/wefwefwef/docs/other/b84ad31d4c177260be691f29bfdfd682/repo/async-start/.xml/specs_pooler_pool_sup.xml"
Reading XML for "/home/pete/wefwefwef/docs/other/b84ad31d4c177260be691f29bfdfd682/repo/async-start/.xml/specs_pooler_starter.xml"
Reading XML for "/home/pete/wefwefwef/docs/other/b84ad31d4c177260be691f29bfdfd682/repo/async-start/.xml/specs_pooler_config.xml"
Creating index.html ...
Creating erldocs_index.js ...
Woot, finished in 0 Minutes 1 Seconds
 :: Discovering other repos
$ 5000  `rm -r '/home/pete/wefwefwef/docs/other/b84ad31d4c177260be691f29bfdfd682/pooler-branch-async-start'  2>&1`
 :: Processing https://github.com/seth/pooler	{rev,tag,"1.4.0","6a12e4419c8fe504c77cd6393bcc11cb8993aa24",undefined,[],[]}
 :: Fetching repo code
$ cd '/home/pete/wefwefwef/docs/other/b84ad31d4c177260be691f29bfdfd682/pooler-tag-1.4.0'
$ infinity  `curl --fail --silent --show-error --location --output repo.tar.gz 'https://codeload.github.com/seth/pooler/legacy.tar.gz/1.4.0'  2>&1`
$ cd '/home/pete/wefwefwef/docs/erldocs_other.git'
$ cd '/home/pete/wefwefwef/docs/other/b84ad31d4c177260be691f29bfdfd682/pooler-tag-1.4.0/seth-pooler-a96b37c'
$ 5000  `find -P . -type l -delete  2>&1`
$ cd '/home/pete/wefwefwef/docs/erldocs_other.git'
$ 5000  `mv '/home/pete/wefwefwef/docs/other/b84ad31d4c177260be691f29bfdfd682/pooler-tag-1.4.0/seth-pooler-a96b37c' '/home/pete/wefwefwef/docs/other/b84ad31d4c177260be691f29bfdfd682/pooler-tag-1.4.0/pooler'  2>&1`
 :: Getting dependencies
$ cd '/home/pete/wefwefwef/docs/other/b84ad31d4c177260be691f29bfdfd682/pooler-tag-1.4.0/pooler'
$ 5000  `ls -1 deps/  2>&1`
$ cd '/home/pete/wefwefwef/docs/erldocs_other.git'
>>> [rebar] deps = []
 :: Generating erldocs into /home/pete/wefwefwef/docs/other/b84ad31d4c177260be691f29bfdfd682/repo/1.4.0
Building pooler
Generating Type Specs - "/home/pete/wefwefwef/docs/other/b84ad31d4c177260be691f29bfdfd682/pooler-tag-1.4.0/pooler/src/pooler.erl"
Generating Type Specs - "/home/pete/wefwefwef/docs/other/b84ad31d4c177260be691f29bfdfd682/pooler-tag-1.4.0/pooler/src/pooler_app.erl"
Generating Type Specs - "/home/pete/wefwefwef/docs/other/b84ad31d4c177260be691f29bfdfd682/pooler-tag-1.4.0/pooler/src/pooler_config.erl"
Generating Type Specs - "/home/pete/wefwefwef/docs/other/b84ad31d4c177260be691f29bfdfd682/pooler-tag-1.4.0/pooler/src/pooler_pool_sup.erl"
Generating Type Specs - "/home/pete/wefwefwef/docs/other/b84ad31d4c177260be691f29bfdfd682/pooler-tag-1.4.0/pooler/src/pooler_pooled_worker_sup.erl"
Generating Type Specs - "/home/pete/wefwefwef/docs/other/b84ad31d4c177260be691f29bfdfd682/pooler-tag-1.4.0/pooler/src/pooler_starter.erl"
Generating Type Specs - "/home/pete/wefwefwef/docs/other/b84ad31d4c177260be691f29bfdfd682/pooler-tag-1.4.0/pooler/src/pooler_starter_sup.erl"
Generating Type Specs - "/home/pete/wefwefwef/docs/other/b84ad31d4c177260be691f29bfdfd682/pooler-tag-1.4.0/pooler/src/pooler_sup.erl"
Generating XML for application pooler "/home/pete/wefwefwef/docs/other/b84ad31d4c177260be691f29bfdfd682/pooler-tag-1.4.0/pooler" -> "/home/pete/wefwefwef/docs/other/b84ad31d4c177260be691f29bfdfd682/repo/1.4.0/.xml/pooler"
/home/pete/wefwefwef/docs/other/b84ad31d4c177260be691f29bfdfd682/pooler-tag-1.4.0/pooler/src/pooler.erl, function rm_group/1: at line 128: `-quote ended unexpectedly at line 134
edoc: skipping source file '/home/pete/wefwefwef/docs/other/b84ad31d4c177260be691f29bfdfd682/pooler-tag-1.4.0/pooler/src/pooler.erl': {'EXIT',
                                                                                                                                 error}.
edoc: error in doclet 'edoc_doclet': {'EXIT',error}.
Error generating pooler XMLs. Using fallback ...
Generating XML pooler - pooler "/home/pete/wefwefwef/docs/other/b84ad31d4c177260be691f29bfdfd682/pooler-tag-1.4.0/pooler/src/pooler.erl" -> "/home/pete/wefwefwef/docs/other/b84ad31d4c177260be691f29bfdfd682/repo/1.4.0/.xml/pooler/pooler.xml"
/home/pete/wefwefwef/docs/other/b84ad31d4c177260be691f29bfdfd682/pooler-tag-1.4.0/pooler/src/pooler.erl, function rm_group/1: at line 128: `-quote ended unexpectedly at line 134
Error generating XML ("/home/pete/wefwefwef/docs/other/b84ad31d4c177260be691f29bfdfd682/pooler-tag-1.4.0/pooler/src/pooler.erl"): {'EXIT',
                                                                                                                                   error}
Generating XML pooler - pooler_app "/home/pete/wefwefwef/docs/other/b84ad31d4c177260be691f29bfdfd682/pooler-tag-1.4.0/pooler/src/pooler_app.erl" -> "/home/pete/wefwefwef/docs/other/b84ad31d4c177260be691f29bfdfd682/repo/1.4.0/.xml/pooler/pooler_app.xml"
Generating XML pooler - pooler_config "/home/pete/wefwefwef/docs/other/b84ad31d4c177260be691f29bfdfd682/pooler-tag-1.4.0/pooler/src/pooler_config.erl" -> "/home/pete/wefwefwef/docs/other/b84ad31d4c177260be691f29bfdfd682/repo/1.4.0/.xml/pooler/pooler_config.xml"
Generating XML pooler - pooler_pool_sup "/home/pete/wefwefwef/docs/other/b84ad31d4c177260be691f29bfdfd682/pooler-tag-1.4.0/pooler/src/pooler_pool_sup.erl" -> "/home/pete/wefwefwef/docs/other/b84ad31d4c177260be691f29bfdfd682/repo/1.4.0/.xml/pooler/pooler_pool_sup.xml"
Generating XML pooler - pooler_pooled_worker_sup "/home/pete/wefwefwef/docs/other/b84ad31d4c177260be691f29bfdfd682/pooler-tag-1.4.0/pooler/src/pooler_pooled_worker_sup.erl" -> "/home/pete/wefwefwef/docs/other/b84ad31d4c177260be691f29bfdfd682/repo/1.4.0/.xml/pooler/pooler_pooled_worker_sup.xml"
Generating XML pooler - pooler_starter "/home/pete/wefwefwef/docs/other/b84ad31d4c177260be691f29bfdfd682/pooler-tag-1.4.0/pooler/src/pooler_starter.erl" -> "/home/pete/wefwefwef/docs/other/b84ad31d4c177260be691f29bfdfd682/repo/1.4.0/.xml/pooler/pooler_starter.xml"
Generating XML pooler - pooler_starter_sup "/home/pete/wefwefwef/docs/other/b84ad31d4c177260be691f29bfdfd682/pooler-tag-1.4.0/pooler/src/pooler_starter_sup.erl" -> "/home/pete/wefwefwef/docs/other/b84ad31d4c177260be691f29bfdfd682/repo/1.4.0/.xml/pooler/pooler_starter_sup.xml"
Generating XML pooler - pooler_sup "/home/pete/wefwefwef/docs/other/b84ad31d4c177260be691f29bfdfd682/pooler-tag-1.4.0/pooler/src/pooler_sup.erl" -> "/home/pete/wefwefwef/docs/other/b84ad31d4c177260be691f29bfdfd682/repo/1.4.0/.xml/pooler/pooler_sup.xml"
Generating HTML - pooler_sup "/home/pete/wefwefwef/docs/other/b84ad31d4c177260be691f29bfdfd682/repo/1.4.0/.xml/pooler/pooler_sup.xml"
Generating HTML - pooler_starter_sup "/home/pete/wefwefwef/docs/other/b84ad31d4c177260be691f29bfdfd682/repo/1.4.0/.xml/pooler/pooler_starter_sup.xml"
Generating HTML - pooler_starter "/home/pete/wefwefwef/docs/other/b84ad31d4c177260be691f29bfdfd682/repo/1.4.0/.xml/pooler/pooler_starter.xml"
Generating HTML - pooler_app "/home/pete/wefwefwef/docs/other/b84ad31d4c177260be691f29bfdfd682/repo/1.4.0/.xml/pooler/pooler_app.xml"
Reading XML for "/home/pete/wefwefwef/docs/other/b84ad31d4c177260be691f29bfdfd682/repo/1.4.0/.xml/pooler/pooler_sup.xml"
Reading XML for "/home/pete/wefwefwef/docs/other/b84ad31d4c177260be691f29bfdfd682/repo/1.4.0/.xml/pooler/pooler_starter_sup.xml"
Reading XML for "/home/pete/wefwefwef/docs/other/b84ad31d4c177260be691f29bfdfd682/repo/1.4.0/.xml/pooler/pooler_starter.xml"
Reading XML for "/home/pete/wefwefwef/docs/other/b84ad31d4c177260be691f29bfdfd682/repo/1.4.0/.xml/pooler/pooler_app.xml"
Reading XML for "/home/pete/wefwefwef/docs/other/b84ad31d4c177260be691f29bfdfd682/repo/1.4.0/.xml/specs_pooler_sup.xml"
Reading XML for "/home/pete/wefwefwef/docs/other/b84ad31d4c177260be691f29bfdfd682/repo/1.4.0/.xml/specs_pooler_app.xml"
Generating HTML - pooler_config "/home/pete/wefwefwef/docs/other/b84ad31d4c177260be691f29bfdfd682/repo/1.4.0/.xml/pooler/pooler_config.xml"
Reading XML for "/home/pete/wefwefwef/docs/other/b84ad31d4c177260be691f29bfdfd682/repo/1.4.0/.xml/pooler/pooler_config.xml"
Reading XML for "/home/pete/wefwefwef/docs/other/b84ad31d4c177260be691f29bfdfd682/repo/1.4.0/.xml/specs_pooler_starter.xml"
Reading XML for "/home/pete/wefwefwef/docs/other/b84ad31d4c177260be691f29bfdfd682/repo/1.4.0/.xml/specs_pooler_starter_sup.xml"
Reading XML for "/home/pete/wefwefwef/docs/other/b84ad31d4c177260be691f29bfdfd682/repo/1.4.0/.xml/specs_pooler_config.xml"
Generating HTML - pooler_pool_sup "/home/pete/wefwefwef/docs/other/b84ad31d4c177260be691f29bfdfd682/repo/1.4.0/.xml/pooler/pooler_pool_sup.xml"
Reading XML for "/home/pete/wefwefwef/docs/other/b84ad31d4c177260be691f29bfdfd682/repo/1.4.0/.xml/pooler/pooler_pool_sup.xml"
Reading XML for "/home/pete/wefwefwef/docs/other/b84ad31d4c177260be691f29bfdfd682/repo/1.4.0/.xml/specs_pooler_pool_sup.xml"
Generating HTML - pooler_pooled_worker_sup "/home/pete/wefwefwef/docs/other/b84ad31d4c177260be691f29bfdfd682/repo/1.4.0/.xml/pooler/pooler_pooled_worker_sup.xml"
Reading XML for "/home/pete/wefwefwef/docs/other/b84ad31d4c177260be691f29bfdfd682/repo/1.4.0/.xml/pooler/pooler_pooled_worker_sup.xml"
Reading XML for "/home/pete/wefwefwef/docs/other/b84ad31d4c177260be691f29bfdfd682/repo/1.4.0/.xml/specs_pooler_pooled_worker_sup.xml"
Creating index.html ...
Creating erldocs_index.js ...
Woot, finished in 0 Minutes 1 Seconds
 :: Discovering other repos
$ 5000  `rm -r '/home/pete/wefwefwef/docs/other/b84ad31d4c177260be691f29bfdfd682/pooler-tag-1.4.0'  2>&1`
 :: Processing https://github.com/seth/pooler	{rev,tag,"1.3.3","7bb8ab83c6f60475e6ef8867d3d5afa0b1dd4013",undefined,[],[]}
 :: Fetching repo code
$ cd '/home/pete/wefwefwef/docs/other/b84ad31d4c177260be691f29bfdfd682/pooler-tag-1.3.3'
$ infinity  `curl --fail --silent --show-error --location --output repo.tar.gz 'https://codeload.github.com/seth/pooler/legacy.tar.gz/1.3.3'  2>&1`
$ cd '/home/pete/wefwefwef/docs/erldocs_other.git'
$ cd '/home/pete/wefwefwef/docs/other/b84ad31d4c177260be691f29bfdfd682/pooler-tag-1.3.3/seth-pooler-3ced03b'
$ 5000  `find -P . -type l -delete  2>&1`
$ cd '/home/pete/wefwefwef/docs/erldocs_other.git'
$ 5000  `mv '/home/pete/wefwefwef/docs/other/b84ad31d4c177260be691f29bfdfd682/pooler-tag-1.3.3/seth-pooler-3ced03b' '/home/pete/wefwefwef/docs/other/b84ad31d4c177260be691f29bfdfd682/pooler-tag-1.3.3/pooler'  2>&1`
 :: Getting dependencies
$ cd '/home/pete/wefwefwef/docs/other/b84ad31d4c177260be691f29bfdfd682/pooler-tag-1.3.3/pooler'
$ 5000  `ls -1 deps/  2>&1`
$ cd '/home/pete/wefwefwef/docs/erldocs_other.git'
>>> [rebar] deps = []
 :: Generating erldocs into /home/pete/wefwefwef/docs/other/b84ad31d4c177260be691f29bfdfd682/repo/1.3.3
Building pooler
Generating Type Specs - "/home/pete/wefwefwef/docs/other/b84ad31d4c177260be691f29bfdfd682/pooler-tag-1.3.3/pooler/src/pooler.erl"
Generating Type Specs - "/home/pete/wefwefwef/docs/other/b84ad31d4c177260be691f29bfdfd682/pooler-tag-1.3.3/pooler/src/pooler_app.erl"
Generating Type Specs - "/home/pete/wefwefwef/docs/other/b84ad31d4c177260be691f29bfdfd682/pooler-tag-1.3.3/pooler/src/pooler_config.erl"
Generating Type Specs - "/home/pete/wefwefwef/docs/other/b84ad31d4c177260be691f29bfdfd682/pooler-tag-1.3.3/pooler/src/pooler_pool_sup.erl"
Generating Type Specs - "/home/pete/wefwefwef/docs/other/b84ad31d4c177260be691f29bfdfd682/pooler-tag-1.3.3/pooler/src/pooler_pooled_worker_sup.erl"
Generating Type Specs - "/home/pete/wefwefwef/docs/other/b84ad31d4c177260be691f29bfdfd682/pooler-tag-1.3.3/pooler/src/pooler_starter.erl"
Generating Type Specs - "/home/pete/wefwefwef/docs/other/b84ad31d4c177260be691f29bfdfd682/pooler-tag-1.3.3/pooler/src/pooler_starter_sup.erl"
Generating Type Specs - "/home/pete/wefwefwef/docs/other/b84ad31d4c177260be691f29bfdfd682/pooler-tag-1.3.3/pooler/src/pooler_sup.erl"
Generating XML for application pooler "/home/pete/wefwefwef/docs/other/b84ad31d4c177260be691f29bfdfd682/pooler-tag-1.3.3/pooler" -> "/home/pete/wefwefwef/docs/other/b84ad31d4c177260be691f29bfdfd682/repo/1.3.3/.xml/pooler"
/home/pete/wefwefwef/docs/other/b84ad31d4c177260be691f29bfdfd682/pooler-tag-1.3.3/pooler/src/pooler.erl, function rm_group/1: at line 128: `-quote ended unexpectedly at line 134
edoc: skipping source file '/home/pete/wefwefwef/docs/other/b84ad31d4c177260be691f29bfdfd682/pooler-tag-1.3.3/pooler/src/pooler.erl': {'EXIT',
                                                                                                                                 error}.
edoc: error in doclet 'edoc_doclet': {'EXIT',error}.
Error generating pooler XMLs. Using fallback ...
Generating XML pooler - pooler "/home/pete/wefwefwef/docs/other/b84ad31d4c177260be691f29bfdfd682/pooler-tag-1.3.3/pooler/src/pooler.erl" -> "/home/pete/wefwefwef/docs/other/b84ad31d4c177260be691f29bfdfd682/repo/1.3.3/.xml/pooler/pooler.xml"
/home/pete/wefwefwef/docs/other/b84ad31d4c177260be691f29bfdfd682/pooler-tag-1.3.3/pooler/src/pooler.erl, function rm_group/1: at line 128: `-quote ended unexpectedly at line 134
Error generating XML ("/home/pete/wefwefwef/docs/other/b84ad31d4c177260be691f29bfdfd682/pooler-tag-1.3.3/pooler/src/pooler.erl"): {'EXIT',
                                                                                                                                   error}
Generating XML pooler - pooler_app "/home/pete/wefwefwef/docs/other/b84ad31d4c177260be691f29bfdfd682/pooler-tag-1.3.3/pooler/src/pooler_app.erl" -> "/home/pete/wefwefwef/docs/other/b84ad31d4c177260be691f29bfdfd682/repo/1.3.3/.xml/pooler/pooler_app.xml"
Generating XML pooler - pooler_config "/home/pete/wefwefwef/docs/other/b84ad31d4c177260be691f29bfdfd682/pooler-tag-1.3.3/pooler/src/pooler_config.erl" -> "/home/pete/wefwefwef/docs/other/b84ad31d4c177260be691f29bfdfd682/repo/1.3.3/.xml/pooler/pooler_config.xml"
Generating XML pooler - pooler_pool_sup "/home/pete/wefwefwef/docs/other/b84ad31d4c177260be691f29bfdfd682/pooler-tag-1.3.3/pooler/src/pooler_pool_sup.erl" -> "/home/pete/wefwefwef/docs/other/b84ad31d4c177260be691f29bfdfd682/repo/1.3.3/.xml/pooler/pooler_pool_sup.xml"
Generating XML pooler - pooler_pooled_worker_sup "/home/pete/wefwefwef/docs/other/b84ad31d4c177260be691f29bfdfd682/pooler-tag-1.3.3/pooler/src/pooler_pooled_worker_sup.erl" -> "/home/pete/wefwefwef/docs/other/b84ad31d4c177260be691f29bfdfd682/repo/1.3.3/.xml/pooler/pooler_pooled_worker_sup.xml"
Generating XML pooler - pooler_starter "/home/pete/wefwefwef/docs/other/b84ad31d4c177260be691f29bfdfd682/pooler-tag-1.3.3/pooler/src/pooler_starter.erl" -> "/home/pete/wefwefwef/docs/other/b84ad31d4c177260be691f29bfdfd682/repo/1.3.3/.xml/pooler/pooler_starter.xml"
Generating XML pooler - pooler_starter_sup "/home/pete/wefwefwef/docs/other/b84ad31d4c177260be691f29bfdfd682/pooler-tag-1.3.3/pooler/src/pooler_starter_sup.erl" -> "/home/pete/wefwefwef/docs/other/b84ad31d4c177260be691f29bfdfd682/repo/1.3.3/.xml/pooler/pooler_starter_sup.xml"
Generating XML pooler - pooler_sup "/home/pete/wefwefwef/docs/other/b84ad31d4c177260be691f29bfdfd682/pooler-tag-1.3.3/pooler/src/pooler_sup.erl" -> "/home/pete/wefwefwef/docs/other/b84ad31d4c177260be691f29bfdfd682/repo/1.3.3/.xml/pooler/pooler_sup.xml"
Generating HTML - pooler_sup "/home/pete/wefwefwef/docs/other/b84ad31d4c177260be691f29bfdfd682/repo/1.3.3/.xml/pooler/pooler_sup.xml"
Generating HTML - pooler_starter_sup "/home/pete/wefwefwef/docs/other/b84ad31d4c177260be691f29bfdfd682/repo/1.3.3/.xml/pooler/pooler_starter_sup.xml"
Generating HTML - pooler_starter "/home/pete/wefwefwef/docs/other/b84ad31d4c177260be691f29bfdfd682/repo/1.3.3/.xml/pooler/pooler_starter.xml"
Generating HTML - pooler_app "/home/pete/wefwefwef/docs/other/b84ad31d4c177260be691f29bfdfd682/repo/1.3.3/.xml/pooler/pooler_app.xml"
Reading XML for "/home/pete/wefwefwef/docs/other/b84ad31d4c177260be691f29bfdfd682/repo/1.3.3/.xml/pooler/pooler_sup.xml"
Reading XML for "/home/pete/wefwefwef/docs/other/b84ad31d4c177260be691f29bfdfd682/repo/1.3.3/.xml/pooler/pooler_starter_sup.xml"
Reading XML for "/home/pete/wefwefwef/docs/other/b84ad31d4c177260be691f29bfdfd682/repo/1.3.3/.xml/pooler/pooler_starter.xml"
Reading XML for "/home/pete/wefwefwef/docs/other/b84ad31d4c177260be691f29bfdfd682/repo/1.3.3/.xml/pooler/pooler_app.xml"
Reading XML for "/home/pete/wefwefwef/docs/other/b84ad31d4c177260be691f29bfdfd682/repo/1.3.3/.xml/specs_pooler_starter_sup.xml"
Reading XML for "/home/pete/wefwefwef/docs/other/b84ad31d4c177260be691f29bfdfd682/repo/1.3.3/.xml/specs_pooler_sup.xml"
Reading XML for "/home/pete/wefwefwef/docs/other/b84ad31d4c177260be691f29bfdfd682/repo/1.3.3/.xml/specs_pooler_app.xml"
Generating HTML - pooler_config "/home/pete/wefwefwef/docs/other/b84ad31d4c177260be691f29bfdfd682/repo/1.3.3/.xml/pooler/pooler_config.xml"
Reading XML for "/home/pete/wefwefwef/docs/other/b84ad31d4c177260be691f29bfdfd682/repo/1.3.3/.xml/pooler/pooler_config.xml"
Reading XML for "/home/pete/wefwefwef/docs/other/b84ad31d4c177260be691f29bfdfd682/repo/1.3.3/.xml/specs_pooler_starter.xml"
Reading XML for "/home/pete/wefwefwef/docs/other/b84ad31d4c177260be691f29bfdfd682/repo/1.3.3/.xml/specs_pooler_config.xml"
Generating HTML - pooler_pool_sup "/home/pete/wefwefwef/docs/other/b84ad31d4c177260be691f29bfdfd682/repo/1.3.3/.xml/pooler/pooler_pool_sup.xml"
Reading XML for "/home/pete/wefwefwef/docs/other/b84ad31d4c177260be691f29bfdfd682/repo/1.3.3/.xml/pooler/pooler_pool_sup.xml"
Reading XML for "/home/pete/wefwefwef/docs/other/b84ad31d4c177260be691f29bfdfd682/repo/1.3.3/.xml/specs_pooler_pool_sup.xml"
Generating HTML - pooler_pooled_worker_sup "/home/pete/wefwefwef/docs/other/b84ad31d4c177260be691f29bfdfd682/repo/1.3.3/.xml/pooler/pooler_pooled_worker_sup.xml"
Reading XML for "/home/pete/wefwefwef/docs/other/b84ad31d4c177260be691f29bfdfd682/repo/1.3.3/.xml/pooler/pooler_pooled_worker_sup.xml"
Reading XML for "/home/pete/wefwefwef/docs/other/b84ad31d4c177260be691f29bfdfd682/repo/1.3.3/.xml/specs_pooler_pooled_worker_sup.xml"
Creating index.html ...
Creating erldocs_index.js ...
Woot, finished in 0 Minutes 1 Seconds
 :: Discovering other repos
$ 5000  `rm -r '/home/pete/wefwefwef/docs/other/b84ad31d4c177260be691f29bfdfd682/pooler-tag-1.3.3'  2>&1`
 :: Processing https://github.com/seth/pooler	{rev,tag,"1.3.2","0478b613aa98e5c242781b40feb769f20f827c56",undefined,[],[]}
 :: Fetching repo code
$ cd '/home/pete/wefwefwef/docs/other/b84ad31d4c177260be691f29bfdfd682/pooler-tag-1.3.2'
$ infinity  `curl --fail --silent --show-error --location --output repo.tar.gz 'https://codeload.github.com/seth/pooler/legacy.tar.gz/1.3.2'  2>&1`
$ cd '/home/pete/wefwefwef/docs/erldocs_other.git'
$ cd '/home/pete/wefwefwef/docs/other/b84ad31d4c177260be691f29bfdfd682/pooler-tag-1.3.2/seth-pooler-d331de9'
$ 5000  `find -P . -type l -delete  2>&1`
$ cd '/home/pete/wefwefwef/docs/erldocs_other.git'
$ 5000  `mv '/home/pete/wefwefwef/docs/other/b84ad31d4c177260be691f29bfdfd682/pooler-tag-1.3.2/seth-pooler-d331de9' '/home/pete/wefwefwef/docs/other/b84ad31d4c177260be691f29bfdfd682/pooler-tag-1.3.2/pooler'  2>&1`
 :: Getting dependencies
$ cd '/home/pete/wefwefwef/docs/other/b84ad31d4c177260be691f29bfdfd682/pooler-tag-1.3.2/pooler'
$ 5000  `ls -1 deps/  2>&1`
$ cd '/home/pete/wefwefwef/docs/erldocs_other.git'
>>> [rebar] deps = []
 :: Generating erldocs into /home/pete/wefwefwef/docs/other/b84ad31d4c177260be691f29bfdfd682/repo/1.3.2
Building pooler
Generating Type Specs - "/home/pete/wefwefwef/docs/other/b84ad31d4c177260be691f29bfdfd682/pooler-tag-1.3.2/pooler/src/pooler.erl"
Generating Type Specs - "/home/pete/wefwefwef/docs/other/b84ad31d4c177260be691f29bfdfd682/pooler-tag-1.3.2/pooler/src/pooler_app.erl"
Generating Type Specs - "/home/pete/wefwefwef/docs/other/b84ad31d4c177260be691f29bfdfd682/pooler-tag-1.3.2/pooler/src/pooler_config.erl"
Generating Type Specs - "/home/pete/wefwefwef/docs/other/b84ad31d4c177260be691f29bfdfd682/pooler-tag-1.3.2/pooler/src/pooler_pool_sup.erl"
Generating Type Specs - "/home/pete/wefwefwef/docs/other/b84ad31d4c177260be691f29bfdfd682/pooler-tag-1.3.2/pooler/src/pooler_pooled_worker_sup.erl"
Generating Type Specs - "/home/pete/wefwefwef/docs/other/b84ad31d4c177260be691f29bfdfd682/pooler-tag-1.3.2/pooler/src/pooler_starter.erl"
Generating Type Specs - "/home/pete/wefwefwef/docs/other/b84ad31d4c177260be691f29bfdfd682/pooler-tag-1.3.2/pooler/src/pooler_starter_sup.erl"
Generating Type Specs - "/home/pete/wefwefwef/docs/other/b84ad31d4c177260be691f29bfdfd682/pooler-tag-1.3.2/pooler/src/pooler_sup.erl"
Generating XML for application pooler "/home/pete/wefwefwef/docs/other/b84ad31d4c177260be691f29bfdfd682/pooler-tag-1.3.2/pooler" -> "/home/pete/wefwefwef/docs/other/b84ad31d4c177260be691f29bfdfd682/repo/1.3.2/.xml/pooler"
/home/pete/wefwefwef/docs/other/b84ad31d4c177260be691f29bfdfd682/pooler-tag-1.3.2/pooler/src/pooler.erl, function rm_group/1: at line 128: `-quote ended unexpectedly at line 134
edoc: skipping source file '/home/pete/wefwefwef/docs/other/b84ad31d4c177260be691f29bfdfd682/pooler-tag-1.3.2/pooler/src/pooler.erl': {'EXIT',
                                                                                                                                 error}.
edoc: error in doclet 'edoc_doclet': {'EXIT',error}.
Error generating pooler XMLs. Using fallback ...
Generating XML pooler - pooler "/home/pete/wefwefwef/docs/other/b84ad31d4c177260be691f29bfdfd682/pooler-tag-1.3.2/pooler/src/pooler.erl" -> "/home/pete/wefwefwef/docs/other/b84ad31d4c177260be691f29bfdfd682/repo/1.3.2/.xml/pooler/pooler.xml"
/home/pete/wefwefwef/docs/other/b84ad31d4c177260be691f29bfdfd682/pooler-tag-1.3.2/pooler/src/pooler.erl, function rm_group/1: at line 128: `-quote ended unexpectedly at line 134
Error generating XML ("/home/pete/wefwefwef/docs/other/b84ad31d4c177260be691f29bfdfd682/pooler-tag-1.3.2/pooler/src/pooler.erl"): {'EXIT',
                                                                                                                                   error}
Generating XML pooler - pooler_app "/home/pete/wefwefwef/docs/other/b84ad31d4c177260be691f29bfdfd682/pooler-tag-1.3.2/pooler/src/pooler_app.erl" -> "/home/pete/wefwefwef/docs/other/b84ad31d4c177260be691f29bfdfd682/repo/1.3.2/.xml/pooler/pooler_app.xml"
Generating XML pooler - pooler_config "/home/pete/wefwefwef/docs/other/b84ad31d4c177260be691f29bfdfd682/pooler-tag-1.3.2/pooler/src/pooler_config.erl" -> "/home/pete/wefwefwef/docs/other/b84ad31d4c177260be691f29bfdfd682/repo/1.3.2/.xml/pooler/pooler_config.xml"
Generating XML pooler - pooler_pool_sup "/home/pete/wefwefwef/docs/other/b84ad31d4c177260be691f29bfdfd682/pooler-tag-1.3.2/pooler/src/pooler_pool_sup.erl" -> "/home/pete/wefwefwef/docs/other/b84ad31d4c177260be691f29bfdfd682/repo/1.3.2/.xml/pooler/pooler_pool_sup.xml"
Generating XML pooler - pooler_pooled_worker_sup "/home/pete/wefwefwef/docs/other/b84ad31d4c177260be691f29bfdfd682/pooler-tag-1.3.2/pooler/src/pooler_pooled_worker_sup.erl" -> "/home/pete/wefwefwef/docs/other/b84ad31d4c177260be691f29bfdfd682/repo/1.3.2/.xml/pooler/pooler_pooled_worker_sup.xml"
Generating XML pooler - pooler_starter "/home/pete/wefwefwef/docs/other/b84ad31d4c177260be691f29bfdfd682/pooler-tag-1.3.2/pooler/src/pooler_starter.erl" -> "/home/pete/wefwefwef/docs/other/b84ad31d4c177260be691f29bfdfd682/repo/1.3.2/.xml/pooler/pooler_starter.xml"
Generating XML pooler - pooler_starter_sup "/home/pete/wefwefwef/docs/other/b84ad31d4c177260be691f29bfdfd682/pooler-tag-1.3.2/pooler/src/pooler_starter_sup.erl" -> "/home/pete/wefwefwef/docs/other/b84ad31d4c177260be691f29bfdfd682/repo/1.3.2/.xml/pooler/pooler_starter_sup.xml"
Generating XML pooler - pooler_sup "/home/pete/wefwefwef/docs/other/b84ad31d4c177260be691f29bfdfd682/pooler-tag-1.3.2/pooler/src/pooler_sup.erl" -> "/home/pete/wefwefwef/docs/other/b84ad31d4c177260be691f29bfdfd682/repo/1.3.2/.xml/pooler/pooler_sup.xml"
Generating HTML - pooler_sup "/home/pete/wefwefwef/docs/other/b84ad31d4c177260be691f29bfdfd682/repo/1.3.2/.xml/pooler/pooler_sup.xml"
Generating HTML - pooler_starter_sup "/home/pete/wefwefwef/docs/other/b84ad31d4c177260be691f29bfdfd682/repo/1.3.2/.xml/pooler/pooler_starter_sup.xml"
Generating HTML - pooler_starter "/home/pete/wefwefwef/docs/other/b84ad31d4c177260be691f29bfdfd682/repo/1.3.2/.xml/pooler/pooler_starter.xml"
Generating HTML - pooler_app "/home/pete/wefwefwef/docs/other/b84ad31d4c177260be691f29bfdfd682/repo/1.3.2/.xml/pooler/pooler_app.xml"
Reading XML for "/home/pete/wefwefwef/docs/other/b84ad31d4c177260be691f29bfdfd682/repo/1.3.2/.xml/pooler/pooler_sup.xml"
Reading XML for "/home/pete/wefwefwef/docs/other/b84ad31d4c177260be691f29bfdfd682/repo/1.3.2/.xml/pooler/pooler_starter_sup.xml"
Reading XML for "/home/pete/wefwefwef/docs/other/b84ad31d4c177260be691f29bfdfd682/repo/1.3.2/.xml/pooler/pooler_starter.xml"
Reading XML for "/home/pete/wefwefwef/docs/other/b84ad31d4c177260be691f29bfdfd682/repo/1.3.2/.xml/pooler/pooler_app.xml"
Reading XML for "/home/pete/wefwefwef/docs/other/b84ad31d4c177260be691f29bfdfd682/repo/1.3.2/.xml/specs_pooler_starter_sup.xml"
Reading XML for "/home/pete/wefwefwef/docs/other/b84ad31d4c177260be691f29bfdfd682/repo/1.3.2/.xml/specs_pooler_sup.xml"
Reading XML for "/home/pete/wefwefwef/docs/other/b84ad31d4c177260be691f29bfdfd682/repo/1.3.2/.xml/specs_pooler_app.xml"
Generating HTML - pooler_config "/home/pete/wefwefwef/docs/other/b84ad31d4c177260be691f29bfdfd682/repo/1.3.2/.xml/pooler/pooler_config.xml"
Reading XML for "/home/pete/wefwefwef/docs/other/b84ad31d4c177260be691f29bfdfd682/repo/1.3.2/.xml/specs_pooler_starter.xml"
Reading XML for "/home/pete/wefwefwef/docs/other/b84ad31d4c177260be691f29bfdfd682/repo/1.3.2/.xml/pooler/pooler_config.xml"
Reading XML for "/home/pete/wefwefwef/docs/other/b84ad31d4c177260be691f29bfdfd682/repo/1.3.2/.xml/specs_pooler_config.xml"
Generating HTML - pooler_pool_sup "/home/pete/wefwefwef/docs/other/b84ad31d4c177260be691f29bfdfd682/repo/1.3.2/.xml/pooler/pooler_pool_sup.xml"
Reading XML for "/home/pete/wefwefwef/docs/other/b84ad31d4c177260be691f29bfdfd682/repo/1.3.2/.xml/pooler/pooler_pool_sup.xml"
Reading XML for "/home/pete/wefwefwef/docs/other/b84ad31d4c177260be691f29bfdfd682/repo/1.3.2/.xml/specs_pooler_pool_sup.xml"
Generating HTML - pooler_pooled_worker_sup "/home/pete/wefwefwef/docs/other/b84ad31d4c177260be691f29bfdfd682/repo/1.3.2/.xml/pooler/pooler_pooled_worker_sup.xml"
Reading XML for "/home/pete/wefwefwef/docs/other/b84ad31d4c177260be691f29bfdfd682/repo/1.3.2/.xml/pooler/pooler_pooled_worker_sup.xml"
Reading XML for "/home/pete/wefwefwef/docs/other/b84ad31d4c177260be691f29bfdfd682/repo/1.3.2/.xml/specs_pooler_pooled_worker_sup.xml"
Creating index.html ...
Creating erldocs_index.js ...
Woot, finished in 0 Minutes 1 Seconds
 :: Discovering other repos
$ 5000  `rm -r '/home/pete/wefwefwef/docs/other/b84ad31d4c177260be691f29bfdfd682/pooler-tag-1.3.2'  2>&1`
 :: Processing https://github.com/seth/pooler	{rev,tag,"1.3.1","c57764eb0e46454ecfb133223febe7b4df4fd46b",undefined,[],[]}
 :: Fetching repo code
$ cd '/home/pete/wefwefwef/docs/other/b84ad31d4c177260be691f29bfdfd682/pooler-tag-1.3.1'
$ infinity  `curl --fail --silent --show-error --location --output repo.tar.gz 'https://codeload.github.com/seth/pooler/legacy.tar.gz/1.3.1'  2>&1`
$ cd '/home/pete/wefwefwef/docs/erldocs_other.git'
$ cd '/home/pete/wefwefwef/docs/other/b84ad31d4c177260be691f29bfdfd682/pooler-tag-1.3.1/seth-pooler-f74da75'
$ 5000  `find -P . -type l -delete  2>&1`
$ cd '/home/pete/wefwefwef/docs/erldocs_other.git'
$ 5000  `mv '/home/pete/wefwefwef/docs/other/b84ad31d4c177260be691f29bfdfd682/pooler-tag-1.3.1/seth-pooler-f74da75' '/home/pete/wefwefwef/docs/other/b84ad31d4c177260be691f29bfdfd682/pooler-tag-1.3.1/pooler'  2>&1`
 :: Getting dependencies
$ cd '/home/pete/wefwefwef/docs/other/b84ad31d4c177260be691f29bfdfd682/pooler-tag-1.3.1/pooler'
$ 5000  `ls -1 deps/  2>&1`
$ cd '/home/pete/wefwefwef/docs/erldocs_other.git'
>>> [rebar] deps = []
 :: Generating erldocs into /home/pete/wefwefwef/docs/other/b84ad31d4c177260be691f29bfdfd682/repo/1.3.1
Building pooler
Generating Type Specs - "/home/pete/wefwefwef/docs/other/b84ad31d4c177260be691f29bfdfd682/pooler-tag-1.3.1/pooler/src/pooler.erl"
Generating Type Specs - "/home/pete/wefwefwef/docs/other/b84ad31d4c177260be691f29bfdfd682/pooler-tag-1.3.1/pooler/src/pooler_app.erl"
Generating Type Specs - "/home/pete/wefwefwef/docs/other/b84ad31d4c177260be691f29bfdfd682/pooler-tag-1.3.1/pooler/src/pooler_config.erl"
Generating Type Specs - "/home/pete/wefwefwef/docs/other/b84ad31d4c177260be691f29bfdfd682/pooler-tag-1.3.1/pooler/src/pooler_pool_sup.erl"
Generating Type Specs - "/home/pete/wefwefwef/docs/other/b84ad31d4c177260be691f29bfdfd682/pooler-tag-1.3.1/pooler/src/pooler_pooled_worker_sup.erl"
Generating Type Specs - "/home/pete/wefwefwef/docs/other/b84ad31d4c177260be691f29bfdfd682/pooler-tag-1.3.1/pooler/src/pooler_starter.erl"
Generating Type Specs - "/home/pete/wefwefwef/docs/other/b84ad31d4c177260be691f29bfdfd682/pooler-tag-1.3.1/pooler/src/pooler_starter_sup.erl"
Generating Type Specs - "/home/pete/wefwefwef/docs/other/b84ad31d4c177260be691f29bfdfd682/pooler-tag-1.3.1/pooler/src/pooler_sup.erl"
Generating XML for application pooler "/home/pete/wefwefwef/docs/other/b84ad31d4c177260be691f29bfdfd682/pooler-tag-1.3.1/pooler" -> "/home/pete/wefwefwef/docs/other/b84ad31d4c177260be691f29bfdfd682/repo/1.3.1/.xml/pooler"
/home/pete/wefwefwef/docs/other/b84ad31d4c177260be691f29bfdfd682/pooler-tag-1.3.1/pooler/src/pooler.erl, function rm_group/1: at line 128: `-quote ended unexpectedly at line 134
edoc: skipping source file '/home/pete/wefwefwef/docs/other/b84ad31d4c177260be691f29bfdfd682/pooler-tag-1.3.1/pooler/src/pooler.erl': {'EXIT',
                                                                                                                                 error}.
edoc: error in doclet 'edoc_doclet': {'EXIT',error}.
Error generating pooler XMLs. Using fallback ...
Generating XML pooler - pooler "/home/pete/wefwefwef/docs/other/b84ad31d4c177260be691f29bfdfd682/pooler-tag-1.3.1/pooler/src/pooler.erl" -> "/home/pete/wefwefwef/docs/other/b84ad31d4c177260be691f29bfdfd682/repo/1.3.1/.xml/pooler/pooler.xml"
/home/pete/wefwefwef/docs/other/b84ad31d4c177260be691f29bfdfd682/pooler-tag-1.3.1/pooler/src/pooler.erl, function rm_group/1: at line 128: `-quote ended unexpectedly at line 134
Error generating XML ("/home/pete/wefwefwef/docs/other/b84ad31d4c177260be691f29bfdfd682/pooler-tag-1.3.1/pooler/src/pooler.erl"): {'EXIT',
                                                                                                                                   error}
Generating XML pooler - pooler_app "/home/pete/wefwefwef/docs/other/b84ad31d4c177260be691f29bfdfd682/pooler-tag-1.3.1/pooler/src/pooler_app.erl" -> "/home/pete/wefwefwef/docs/other/b84ad31d4c177260be691f29bfdfd682/repo/1.3.1/.xml/pooler/pooler_app.xml"
Generating XML pooler - pooler_config "/home/pete/wefwefwef/docs/other/b84ad31d4c177260be691f29bfdfd682/pooler-tag-1.3.1/pooler/src/pooler_config.erl" -> "/home/pete/wefwefwef/docs/other/b84ad31d4c177260be691f29bfdfd682/repo/1.3.1/.xml/pooler/pooler_config.xml"
Generating XML pooler - pooler_pool_sup "/home/pete/wefwefwef/docs/other/b84ad31d4c177260be691f29bfdfd682/pooler-tag-1.3.1/pooler/src/pooler_pool_sup.erl" -> "/home/pete/wefwefwef/docs/other/b84ad31d4c177260be691f29bfdfd682/repo/1.3.1/.xml/pooler/pooler_pool_sup.xml"
Generating XML pooler - pooler_pooled_worker_sup "/home/pete/wefwefwef/docs/other/b84ad31d4c177260be691f29bfdfd682/pooler-tag-1.3.1/pooler/src/pooler_pooled_worker_sup.erl" -> "/home/pete/wefwefwef/docs/other/b84ad31d4c177260be691f29bfdfd682/repo/1.3.1/.xml/pooler/pooler_pooled_worker_sup.xml"
Generating XML pooler - pooler_starter "/home/pete/wefwefwef/docs/other/b84ad31d4c177260be691f29bfdfd682/pooler-tag-1.3.1/pooler/src/pooler_starter.erl" -> "/home/pete/wefwefwef/docs/other/b84ad31d4c177260be691f29bfdfd682/repo/1.3.1/.xml/pooler/pooler_starter.xml"
Generating XML pooler - pooler_starter_sup "/home/pete/wefwefwef/docs/other/b84ad31d4c177260be691f29bfdfd682/pooler-tag-1.3.1/pooler/src/pooler_starter_sup.erl" -> "/home/pete/wefwefwef/docs/other/b84ad31d4c177260be691f29bfdfd682/repo/1.3.1/.xml/pooler/pooler_starter_sup.xml"
Generating XML pooler - pooler_sup "/home/pete/wefwefwef/docs/other/b84ad31d4c177260be691f29bfdfd682/pooler-tag-1.3.1/pooler/src/pooler_sup.erl" -> "/home/pete/wefwefwef/docs/other/b84ad31d4c177260be691f29bfdfd682/repo/1.3.1/.xml/pooler/pooler_sup.xml"
Generating HTML - pooler_sup "/home/pete/wefwefwef/docs/other/b84ad31d4c177260be691f29bfdfd682/repo/1.3.1/.xml/pooler/pooler_sup.xml"
Generating HTML - pooler_starter_sup "/home/pete/wefwefwef/docs/other/b84ad31d4c177260be691f29bfdfd682/repo/1.3.1/.xml/pooler/pooler_starter_sup.xml"
Generating HTML - pooler_starter "/home/pete/wefwefwef/docs/other/b84ad31d4c177260be691f29bfdfd682/repo/1.3.1/.xml/pooler/pooler_starter.xml"
Generating HTML - pooler_app "/home/pete/wefwefwef/docs/other/b84ad31d4c177260be691f29bfdfd682/repo/1.3.1/.xml/pooler/pooler_app.xml"
Reading XML for "/home/pete/wefwefwef/docs/other/b84ad31d4c177260be691f29bfdfd682/repo/1.3.1/.xml/pooler/pooler_sup.xml"
Reading XML for "/home/pete/wefwefwef/docs/other/b84ad31d4c177260be691f29bfdfd682/repo/1.3.1/.xml/pooler/pooler_starter_sup.xml"
Reading XML for "/home/pete/wefwefwef/docs/other/b84ad31d4c177260be691f29bfdfd682/repo/1.3.1/.xml/pooler/pooler_starter.xml"
Reading XML for "/home/pete/wefwefwef/docs/other/b84ad31d4c177260be691f29bfdfd682/repo/1.3.1/.xml/pooler/pooler_app.xml"
Reading XML for "/home/pete/wefwefwef/docs/other/b84ad31d4c177260be691f29bfdfd682/repo/1.3.1/.xml/specs_pooler_app.xml"
Generating HTML - pooler_config "/home/pete/wefwefwef/docs/other/b84ad31d4c177260be691f29bfdfd682/repo/1.3.1/.xml/pooler/pooler_config.xml"
Reading XML for "/home/pete/wefwefwef/docs/other/b84ad31d4c177260be691f29bfdfd682/repo/1.3.1/.xml/specs_pooler_starter_sup.xml"
Reading XML for "/home/pete/wefwefwef/docs/other/b84ad31d4c177260be691f29bfdfd682/repo/1.3.1/.xml/pooler/pooler_config.xml"
Reading XML for "/home/pete/wefwefwef/docs/other/b84ad31d4c177260be691f29bfdfd682/repo/1.3.1/.xml/specs_pooler_sup.xml"
Reading XML for "/home/pete/wefwefwef/docs/other/b84ad31d4c177260be691f29bfdfd682/repo/1.3.1/.xml/specs_pooler_starter.xml"
Reading XML for "/home/pete/wefwefwef/docs/other/b84ad31d4c177260be691f29bfdfd682/repo/1.3.1/.xml/specs_pooler_config.xml"
Generating HTML - pooler_pool_sup "/home/pete/wefwefwef/docs/other/b84ad31d4c177260be691f29bfdfd682/repo/1.3.1/.xml/pooler/pooler_pool_sup.xml"
Reading XML for "/home/pete/wefwefwef/docs/other/b84ad31d4c177260be691f29bfdfd682/repo/1.3.1/.xml/pooler/pooler_pool_sup.xml"
Reading XML for "/home/pete/wefwefwef/docs/other/b84ad31d4c177260be691f29bfdfd682/repo/1.3.1/.xml/specs_pooler_pool_sup.xml"
Generating HTML - pooler_pooled_worker_sup "/home/pete/wefwefwef/docs/other/b84ad31d4c177260be691f29bfdfd682/repo/1.3.1/.xml/pooler/pooler_pooled_worker_sup.xml"
Reading XML for "/home/pete/wefwefwef/docs/other/b84ad31d4c177260be691f29bfdfd682/repo/1.3.1/.xml/pooler/pooler_pooled_worker_sup.xml"
Reading XML for "/home/pete/wefwefwef/docs/other/b84ad31d4c177260be691f29bfdfd682/repo/1.3.1/.xml/specs_pooler_pooled_worker_sup.xml"
Creating index.html ...
Creating erldocs_index.js ...
Woot, finished in 0 Minutes 1 Seconds
 :: Discovering other repos
$ 5000  `rm -r '/home/pete/wefwefwef/docs/other/b84ad31d4c177260be691f29bfdfd682/pooler-tag-1.3.1'  2>&1`
 :: Processing https://github.com/seth/pooler	{rev,tag,"1.3.0","d0b0e6bdca5f64f4ae038f3148b566b5f98bf284",undefined,[],[]}
 :: Fetching repo code
$ cd '/home/pete/wefwefwef/docs/other/b84ad31d4c177260be691f29bfdfd682/pooler-tag-1.3.0'
$ infinity  `curl --fail --silent --show-error --location --output repo.tar.gz 'https://codeload.github.com/seth/pooler/legacy.tar.gz/1.3.0'  2>&1`
$ cd '/home/pete/wefwefwef/docs/erldocs_other.git'
$ cd '/home/pete/wefwefwef/docs/other/b84ad31d4c177260be691f29bfdfd682/pooler-tag-1.3.0/seth-pooler-a4b6855'
$ 5000  `find -P . -type l -delete  2>&1`
$ cd '/home/pete/wefwefwef/docs/erldocs_other.git'
$ 5000  `mv '/home/pete/wefwefwef/docs/other/b84ad31d4c177260be691f29bfdfd682/pooler-tag-1.3.0/seth-pooler-a4b6855' '/home/pete/wefwefwef/docs/other/b84ad31d4c177260be691f29bfdfd682/pooler-tag-1.3.0/pooler'  2>&1`
 :: Getting dependencies
$ cd '/home/pete/wefwefwef/docs/other/b84ad31d4c177260be691f29bfdfd682/pooler-tag-1.3.0/pooler'
$ 5000  `ls -1 deps/  2>&1`
$ cd '/home/pete/wefwefwef/docs/erldocs_other.git'
>>> [rebar] deps = []
 :: Generating erldocs into /home/pete/wefwefwef/docs/other/b84ad31d4c177260be691f29bfdfd682/repo/1.3.0
Building pooler
Generating Type Specs - "/home/pete/wefwefwef/docs/other/b84ad31d4c177260be691f29bfdfd682/pooler-tag-1.3.0/pooler/src/pooler.erl"
Generating Type Specs - "/home/pete/wefwefwef/docs/other/b84ad31d4c177260be691f29bfdfd682/pooler-tag-1.3.0/pooler/src/pooler_app.erl"
Generating Type Specs - "/home/pete/wefwefwef/docs/other/b84ad31d4c177260be691f29bfdfd682/pooler-tag-1.3.0/pooler/src/pooler_config.erl"
Generating Type Specs - "/home/pete/wefwefwef/docs/other/b84ad31d4c177260be691f29bfdfd682/pooler-tag-1.3.0/pooler/src/pooler_pool_sup.erl"
Generating Type Specs - "/home/pete/wefwefwef/docs/other/b84ad31d4c177260be691f29bfdfd682/pooler-tag-1.3.0/pooler/src/pooler_pooled_worker_sup.erl"
Generating Type Specs - "/home/pete/wefwefwef/docs/other/b84ad31d4c177260be691f29bfdfd682/pooler-tag-1.3.0/pooler/src/pooler_starter.erl"
Generating Type Specs - "/home/pete/wefwefwef/docs/other/b84ad31d4c177260be691f29bfdfd682/pooler-tag-1.3.0/pooler/src/pooler_starter_sup.erl"
Generating Type Specs - "/home/pete/wefwefwef/docs/other/b84ad31d4c177260be691f29bfdfd682/pooler-tag-1.3.0/pooler/src/pooler_sup.erl"
Generating XML for application pooler "/home/pete/wefwefwef/docs/other/b84ad31d4c177260be691f29bfdfd682/pooler-tag-1.3.0/pooler" -> "/home/pete/wefwefwef/docs/other/b84ad31d4c177260be691f29bfdfd682/repo/1.3.0/.xml/pooler"
/home/pete/wefwefwef/docs/other/b84ad31d4c177260be691f29bfdfd682/pooler-tag-1.3.0/pooler/src/pooler.erl, function rm_group/1: at line 128: `-quote ended unexpectedly at line 134
edoc: skipping source file '/home/pete/wefwefwef/docs/other/b84ad31d4c177260be691f29bfdfd682/pooler-tag-1.3.0/pooler/src/pooler.erl': {'EXIT',
                                                                                                                                 error}.
edoc: error in doclet 'edoc_doclet': {'EXIT',error}.
Error generating pooler XMLs. Using fallback ...
Generating XML pooler - pooler "/home/pete/wefwefwef/docs/other/b84ad31d4c177260be691f29bfdfd682/pooler-tag-1.3.0/pooler/src/pooler.erl" -> "/home/pete/wefwefwef/docs/other/b84ad31d4c177260be691f29bfdfd682/repo/1.3.0/.xml/pooler/pooler.xml"
/home/pete/wefwefwef/docs/other/b84ad31d4c177260be691f29bfdfd682/pooler-tag-1.3.0/pooler/src/pooler.erl, function rm_group/1: at line 128: `-quote ended unexpectedly at line 134
Error generating XML ("/home/pete/wefwefwef/docs/other/b84ad31d4c177260be691f29bfdfd682/pooler-tag-1.3.0/pooler/src/pooler.erl"): {'EXIT',
                                                                                                                                   error}
Generating XML pooler - pooler_app "/home/pete/wefwefwef/docs/other/b84ad31d4c177260be691f29bfdfd682/pooler-tag-1.3.0/pooler/src/pooler_app.erl" -> "/home/pete/wefwefwef/docs/other/b84ad31d4c177260be691f29bfdfd682/repo/1.3.0/.xml/pooler/pooler_app.xml"
Generating XML pooler - pooler_config "/home/pete/wefwefwef/docs/other/b84ad31d4c177260be691f29bfdfd682/pooler-tag-1.3.0/pooler/src/pooler_config.erl" -> "/home/pete/wefwefwef/docs/other/b84ad31d4c177260be691f29bfdfd682/repo/1.3.0/.xml/pooler/pooler_config.xml"
Generating XML pooler - pooler_pool_sup "/home/pete/wefwefwef/docs/other/b84ad31d4c177260be691f29bfdfd682/pooler-tag-1.3.0/pooler/src/pooler_pool_sup.erl" -> "/home/pete/wefwefwef/docs/other/b84ad31d4c177260be691f29bfdfd682/repo/1.3.0/.xml/pooler/pooler_pool_sup.xml"
Generating XML pooler - pooler_pooled_worker_sup "/home/pete/wefwefwef/docs/other/b84ad31d4c177260be691f29bfdfd682/pooler-tag-1.3.0/pooler/src/pooler_pooled_worker_sup.erl" -> "/home/pete/wefwefwef/docs/other/b84ad31d4c177260be691f29bfdfd682/repo/1.3.0/.xml/pooler/pooler_pooled_worker_sup.xml"
Generating XML pooler - pooler_starter "/home/pete/wefwefwef/docs/other/b84ad31d4c177260be691f29bfdfd682/pooler-tag-1.3.0/pooler/src/pooler_starter.erl" -> "/home/pete/wefwefwef/docs/other/b84ad31d4c177260be691f29bfdfd682/repo/1.3.0/.xml/pooler/pooler_starter.xml"
Generating XML pooler - pooler_starter_sup "/home/pete/wefwefwef/docs/other/b84ad31d4c177260be691f29bfdfd682/pooler-tag-1.3.0/pooler/src/pooler_starter_sup.erl" -> "/home/pete/wefwefwef/docs/other/b84ad31d4c177260be691f29bfdfd682/repo/1.3.0/.xml/pooler/pooler_starter_sup.xml"
Generating XML pooler - pooler_sup "/home/pete/wefwefwef/docs/other/b84ad31d4c177260be691f29bfdfd682/pooler-tag-1.3.0/pooler/src/pooler_sup.erl" -> "/home/pete/wefwefwef/docs/other/b84ad31d4c177260be691f29bfdfd682/repo/1.3.0/.xml/pooler/pooler_sup.xml"
Generating HTML - pooler_sup "/home/pete/wefwefwef/docs/other/b84ad31d4c177260be691f29bfdfd682/repo/1.3.0/.xml/pooler/pooler_sup.xml"
Generating HTML - pooler_starter_sup "/home/pete/wefwefwef/docs/other/b84ad31d4c177260be691f29bfdfd682/repo/1.3.0/.xml/pooler/pooler_starter_sup.xml"
Generating HTML - pooler_starter "/home/pete/wefwefwef/docs/other/b84ad31d4c177260be691f29bfdfd682/repo/1.3.0/.xml/pooler/pooler_starter.xml"
Generating HTML - pooler_app "/home/pete/wefwefwef/docs/other/b84ad31d4c177260be691f29bfdfd682/repo/1.3.0/.xml/pooler/pooler_app.xml"
Reading XML for "/home/pete/wefwefwef/docs/other/b84ad31d4c177260be691f29bfdfd682/repo/1.3.0/.xml/pooler/pooler_sup.xml"
Reading XML for "/home/pete/wefwefwef/docs/other/b84ad31d4c177260be691f29bfdfd682/repo/1.3.0/.xml/pooler/pooler_starter_sup.xml"
Reading XML for "/home/pete/wefwefwef/docs/other/b84ad31d4c177260be691f29bfdfd682/repo/1.3.0/.xml/pooler/pooler_starter.xml"
Reading XML for "/home/pete/wefwefwef/docs/other/b84ad31d4c177260be691f29bfdfd682/repo/1.3.0/.xml/pooler/pooler_app.xml"
Reading XML for "/home/pete/wefwefwef/docs/other/b84ad31d4c177260be691f29bfdfd682/repo/1.3.0/.xml/specs_pooler_sup.xml"
Reading XML for "/home/pete/wefwefwef/docs/other/b84ad31d4c177260be691f29bfdfd682/repo/1.3.0/.xml/specs_pooler_starter_sup.xml"
Reading XML for "/home/pete/wefwefwef/docs/other/b84ad31d4c177260be691f29bfdfd682/repo/1.3.0/.xml/specs_pooler_app.xml"
Generating HTML - pooler_config "/home/pete/wefwefwef/docs/other/b84ad31d4c177260be691f29bfdfd682/repo/1.3.0/.xml/pooler/pooler_config.xml"
Reading XML for "/home/pete/wefwefwef/docs/other/b84ad31d4c177260be691f29bfdfd682/repo/1.3.0/.xml/pooler/pooler_config.xml"
Reading XML for "/home/pete/wefwefwef/docs/other/b84ad31d4c177260be691f29bfdfd682/repo/1.3.0/.xml/specs_pooler_starter.xml"
Reading XML for "/home/pete/wefwefwef/docs/other/b84ad31d4c177260be691f29bfdfd682/repo/1.3.0/.xml/specs_pooler_config.xml"
Generating HTML - pooler_pool_sup "/home/pete/wefwefwef/docs/other/b84ad31d4c177260be691f29bfdfd682/repo/1.3.0/.xml/pooler/pooler_pool_sup.xml"
Reading XML for "/home/pete/wefwefwef/docs/other/b84ad31d4c177260be691f29bfdfd682/repo/1.3.0/.xml/pooler/pooler_pool_sup.xml"
Reading XML for "/home/pete/wefwefwef/docs/other/b84ad31d4c177260be691f29bfdfd682/repo/1.3.0/.xml/specs_pooler_pool_sup.xml"
Generating HTML - pooler_pooled_worker_sup "/home/pete/wefwefwef/docs/other/b84ad31d4c177260be691f29bfdfd682/repo/1.3.0/.xml/pooler/pooler_pooled_worker_sup.xml"
Reading XML for "/home/pete/wefwefwef/docs/other/b84ad31d4c177260be691f29bfdfd682/repo/1.3.0/.xml/pooler/pooler_pooled_worker_sup.xml"
Reading XML for "/home/pete/wefwefwef/docs/other/b84ad31d4c177260be691f29bfdfd682/repo/1.3.0/.xml/specs_pooler_pooled_worker_sup.xml"
Creating index.html ...
Creating erldocs_index.js ...
Woot, finished in 0 Minutes 1 Seconds
 :: Discovering other repos
$ 5000  `rm -r '/home/pete/wefwefwef/docs/other/b84ad31d4c177260be691f29bfdfd682/pooler-tag-1.3.0'  2>&1`
 :: Processing https://github.com/seth/pooler	{rev,tag,"1.2.2","3fa1c3fb4dab925b3e11b0d3ecf18d9e648195e8",undefined,[],[]}
 :: Fetching repo code
$ cd '/home/pete/wefwefwef/docs/other/b84ad31d4c177260be691f29bfdfd682/pooler-tag-1.2.2'
$ infinity  `curl --fail --silent --show-error --location --output repo.tar.gz 'https://codeload.github.com/seth/pooler/legacy.tar.gz/1.2.2'  2>&1`
$ cd '/home/pete/wefwefwef/docs/erldocs_other.git'
$ cd '/home/pete/wefwefwef/docs/other/b84ad31d4c177260be691f29bfdfd682/pooler-tag-1.2.2/seth-pooler-861b2cd'
$ 5000  `find -P . -type l -delete  2>&1`
$ cd '/home/pete/wefwefwef/docs/erldocs_other.git'
$ 5000  `mv '/home/pete/wefwefwef/docs/other/b84ad31d4c177260be691f29bfdfd682/pooler-tag-1.2.2/seth-pooler-861b2cd' '/home/pete/wefwefwef/docs/other/b84ad31d4c177260be691f29bfdfd682/pooler-tag-1.2.2/pooler'  2>&1`
 :: Getting dependencies
$ cd '/home/pete/wefwefwef/docs/other/b84ad31d4c177260be691f29bfdfd682/pooler-tag-1.2.2/pooler'
$ 5000  `ls -1 deps/  2>&1`
$ cd '/home/pete/wefwefwef/docs/erldocs_other.git'
>>> [rebar] deps = []
 :: Generating erldocs into /home/pete/wefwefwef/docs/other/b84ad31d4c177260be691f29bfdfd682/repo/1.2.2
Building pooler
Generating Type Specs - "/home/pete/wefwefwef/docs/other/b84ad31d4c177260be691f29bfdfd682/pooler-tag-1.2.2/pooler/src/pooler.erl"
Generating Type Specs - "/home/pete/wefwefwef/docs/other/b84ad31d4c177260be691f29bfdfd682/pooler-tag-1.2.2/pooler/src/pooler_app.erl"
Generating Type Specs - "/home/pete/wefwefwef/docs/other/b84ad31d4c177260be691f29bfdfd682/pooler-tag-1.2.2/pooler/src/pooler_config.erl"
Generating Type Specs - "/home/pete/wefwefwef/docs/other/b84ad31d4c177260be691f29bfdfd682/pooler-tag-1.2.2/pooler/src/pooler_pool_sup.erl"
Generating Type Specs - "/home/pete/wefwefwef/docs/other/b84ad31d4c177260be691f29bfdfd682/pooler-tag-1.2.2/pooler/src/pooler_pooled_worker_sup.erl"
Generating Type Specs - "/home/pete/wefwefwef/docs/other/b84ad31d4c177260be691f29bfdfd682/pooler-tag-1.2.2/pooler/src/pooler_starter.erl"
Generating Type Specs - "/home/pete/wefwefwef/docs/other/b84ad31d4c177260be691f29bfdfd682/pooler-tag-1.2.2/pooler/src/pooler_starter_sup.erl"
Generating Type Specs - "/home/pete/wefwefwef/docs/other/b84ad31d4c177260be691f29bfdfd682/pooler-tag-1.2.2/pooler/src/pooler_sup.erl"
Generating XML for application pooler "/home/pete/wefwefwef/docs/other/b84ad31d4c177260be691f29bfdfd682/pooler-tag-1.2.2/pooler" -> "/home/pete/wefwefwef/docs/other/b84ad31d4c177260be691f29bfdfd682/repo/1.2.2/.xml/pooler"
/home/pete/wefwefwef/docs/other/b84ad31d4c177260be691f29bfdfd682/pooler-tag-1.2.2/pooler/src/pooler.erl, function rm_group/1: at line 126: `-quote ended unexpectedly at line 132
edoc: skipping source file '/home/pete/wefwefwef/docs/other/b84ad31d4c177260be691f29bfdfd682/pooler-tag-1.2.2/pooler/src/pooler.erl': {'EXIT',
                                                                                                                                 error}.
edoc: error in doclet 'edoc_doclet': {'EXIT',error}.
Error generating pooler XMLs. Using fallback ...
Generating XML pooler - pooler "/home/pete/wefwefwef/docs/other/b84ad31d4c177260be691f29bfdfd682/pooler-tag-1.2.2/pooler/src/pooler.erl" -> "/home/pete/wefwefwef/docs/other/b84ad31d4c177260be691f29bfdfd682/repo/1.2.2/.xml/pooler/pooler.xml"
/home/pete/wefwefwef/docs/other/b84ad31d4c177260be691f29bfdfd682/pooler-tag-1.2.2/pooler/src/pooler.erl, function rm_group/1: at line 126: `-quote ended unexpectedly at line 132
Error generating XML ("/home/pete/wefwefwef/docs/other/b84ad31d4c177260be691f29bfdfd682/pooler-tag-1.2.2/pooler/src/pooler.erl"): {'EXIT',
                                                                                                                                   error}
Generating XML pooler - pooler_app "/home/pete/wefwefwef/docs/other/b84ad31d4c177260be691f29bfdfd682/pooler-tag-1.2.2/pooler/src/pooler_app.erl" -> "/home/pete/wefwefwef/docs/other/b84ad31d4c177260be691f29bfdfd682/repo/1.2.2/.xml/pooler/pooler_app.xml"
Generating XML pooler - pooler_config "/home/pete/wefwefwef/docs/other/b84ad31d4c177260be691f29bfdfd682/pooler-tag-1.2.2/pooler/src/pooler_config.erl" -> "/home/pete/wefwefwef/docs/other/b84ad31d4c177260be691f29bfdfd682/repo/1.2.2/.xml/pooler/pooler_config.xml"
Generating XML pooler - pooler_pool_sup "/home/pete/wefwefwef/docs/other/b84ad31d4c177260be691f29bfdfd682/pooler-tag-1.2.2/pooler/src/pooler_pool_sup.erl" -> "/home/pete/wefwefwef/docs/other/b84ad31d4c177260be691f29bfdfd682/repo/1.2.2/.xml/pooler/pooler_pool_sup.xml"
Generating XML pooler - pooler_pooled_worker_sup "/home/pete/wefwefwef/docs/other/b84ad31d4c177260be691f29bfdfd682/pooler-tag-1.2.2/pooler/src/pooler_pooled_worker_sup.erl" -> "/home/pete/wefwefwef/docs/other/b84ad31d4c177260be691f29bfdfd682/repo/1.2.2/.xml/pooler/pooler_pooled_worker_sup.xml"
Generating XML pooler - pooler_starter "/home/pete/wefwefwef/docs/other/b84ad31d4c177260be691f29bfdfd682/pooler-tag-1.2.2/pooler/src/pooler_starter.erl" -> "/home/pete/wefwefwef/docs/other/b84ad31d4c177260be691f29bfdfd682/repo/1.2.2/.xml/pooler/pooler_starter.xml"
Generating XML pooler - pooler_starter_sup "/home/pete/wefwefwef/docs/other/b84ad31d4c177260be691f29bfdfd682/pooler-tag-1.2.2/pooler/src/pooler_starter_sup.erl" -> "/home/pete/wefwefwef/docs/other/b84ad31d4c177260be691f29bfdfd682/repo/1.2.2/.xml/pooler/pooler_starter_sup.xml"
Generating XML pooler - pooler_sup "/home/pete/wefwefwef/docs/other/b84ad31d4c177260be691f29bfdfd682/pooler-tag-1.2.2/pooler/src/pooler_sup.erl" -> "/home/pete/wefwefwef/docs/other/b84ad31d4c177260be691f29bfdfd682/repo/1.2.2/.xml/pooler/pooler_sup.xml"
Generating HTML - pooler_sup "/home/pete/wefwefwef/docs/other/b84ad31d4c177260be691f29bfdfd682/repo/1.2.2/.xml/pooler/pooler_sup.xml"
Generating HTML - pooler_starter_sup "/home/pete/wefwefwef/docs/other/b84ad31d4c177260be691f29bfdfd682/repo/1.2.2/.xml/pooler/pooler_starter_sup.xml"
Generating HTML - pooler_starter "/home/pete/wefwefwef/docs/other/b84ad31d4c177260be691f29bfdfd682/repo/1.2.2/.xml/pooler/pooler_starter.xml"
Generating HTML - pooler_app "/home/pete/wefwefwef/docs/other/b84ad31d4c177260be691f29bfdfd682/repo/1.2.2/.xml/pooler/pooler_app.xml"
Reading XML for "/home/pete/wefwefwef/docs/other/b84ad31d4c177260be691f29bfdfd682/repo/1.2.2/.xml/pooler/pooler_sup.xml"
Reading XML for "/home/pete/wefwefwef/docs/other/b84ad31d4c177260be691f29bfdfd682/repo/1.2.2/.xml/pooler/pooler_starter_sup.xml"
Reading XML for "/home/pete/wefwefwef/docs/other/b84ad31d4c177260be691f29bfdfd682/repo/1.2.2/.xml/pooler/pooler_starter.xml"
Reading XML for "/home/pete/wefwefwef/docs/other/b84ad31d4c177260be691f29bfdfd682/repo/1.2.2/.xml/pooler/pooler_app.xml"
Reading XML for "/home/pete/wefwefwef/docs/other/b84ad31d4c177260be691f29bfdfd682/repo/1.2.2/.xml/specs_pooler_sup.xml"
Reading XML for "/home/pete/wefwefwef/docs/other/b84ad31d4c177260be691f29bfdfd682/repo/1.2.2/.xml/specs_pooler_starter_sup.xml"
Reading XML for "/home/pete/wefwefwef/docs/other/b84ad31d4c177260be691f29bfdfd682/repo/1.2.2/.xml/specs_pooler_app.xml"
Generating HTML - pooler_config "/home/pete/wefwefwef/docs/other/b84ad31d4c177260be691f29bfdfd682/repo/1.2.2/.xml/pooler/pooler_config.xml"
Reading XML for "/home/pete/wefwefwef/docs/other/b84ad31d4c177260be691f29bfdfd682/repo/1.2.2/.xml/pooler/pooler_config.xml"
Reading XML for "/home/pete/wefwefwef/docs/other/b84ad31d4c177260be691f29bfdfd682/repo/1.2.2/.xml/specs_pooler_starter.xml"
Reading XML for "/home/pete/wefwefwef/docs/other/b84ad31d4c177260be691f29bfdfd682/repo/1.2.2/.xml/specs_pooler_config.xml"
Generating HTML - pooler_pool_sup "/home/pete/wefwefwef/docs/other/b84ad31d4c177260be691f29bfdfd682/repo/1.2.2/.xml/pooler/pooler_pool_sup.xml"
Reading XML for "/home/pete/wefwefwef/docs/other/b84ad31d4c177260be691f29bfdfd682/repo/1.2.2/.xml/pooler/pooler_pool_sup.xml"
Reading XML for "/home/pete/wefwefwef/docs/other/b84ad31d4c177260be691f29bfdfd682/repo/1.2.2/.xml/specs_pooler_pool_sup.xml"
Generating HTML - pooler_pooled_worker_sup "/home/pete/wefwefwef/docs/other/b84ad31d4c177260be691f29bfdfd682/repo/1.2.2/.xml/pooler/pooler_pooled_worker_sup.xml"
Reading XML for "/home/pete/wefwefwef/docs/other/b84ad31d4c177260be691f29bfdfd682/repo/1.2.2/.xml/pooler/pooler_pooled_worker_sup.xml"
Reading XML for "/home/pete/wefwefwef/docs/other/b84ad31d4c177260be691f29bfdfd682/repo/1.2.2/.xml/specs_pooler_pooled_worker_sup.xml"
Creating index.html ...
Creating erldocs_index.js ...
Woot, finished in 0 Minutes 1 Seconds
 :: Discovering other repos
$ 5000  `rm -r '/home/pete/wefwefwef/docs/other/b84ad31d4c177260be691f29bfdfd682/pooler-tag-1.2.2'  2>&1`
 :: Processing https://github.com/seth/pooler	{rev,tag,"1.2.1","0ecc29bb8e52140dbb9656c6ff58ecdb599e2b43",undefined,[],[]}
 :: Fetching repo code
$ cd '/home/pete/wefwefwef/docs/other/b84ad31d4c177260be691f29bfdfd682/pooler-tag-1.2.1'
$ infinity  `curl --fail --silent --show-error --location --output repo.tar.gz 'https://codeload.github.com/seth/pooler/legacy.tar.gz/1.2.1'  2>&1`
$ cd '/home/pete/wefwefwef/docs/erldocs_other.git'
$ cd '/home/pete/wefwefwef/docs/other/b84ad31d4c177260be691f29bfdfd682/pooler-tag-1.2.1/seth-pooler-63f5d5a'
$ 5000  `find -P . -type l -delete  2>&1`
$ cd '/home/pete/wefwefwef/docs/erldocs_other.git'
$ 5000  `mv '/home/pete/wefwefwef/docs/other/b84ad31d4c177260be691f29bfdfd682/pooler-tag-1.2.1/seth-pooler-63f5d5a' '/home/pete/wefwefwef/docs/other/b84ad31d4c177260be691f29bfdfd682/pooler-tag-1.2.1/pooler'  2>&1`
 :: Getting dependencies
$ cd '/home/pete/wefwefwef/docs/other/b84ad31d4c177260be691f29bfdfd682/pooler-tag-1.2.1/pooler'
$ 5000  `ls -1 deps/  2>&1`
$ cd '/home/pete/wefwefwef/docs/erldocs_other.git'
>>> [rebar] deps = []
 :: Generating erldocs into /home/pete/wefwefwef/docs/other/b84ad31d4c177260be691f29bfdfd682/repo/1.2.1
Building pooler
Generating Type Specs - "/home/pete/wefwefwef/docs/other/b84ad31d4c177260be691f29bfdfd682/pooler-tag-1.2.1/pooler/src/pooler.erl"
Generating Type Specs - "/home/pete/wefwefwef/docs/other/b84ad31d4c177260be691f29bfdfd682/pooler-tag-1.2.1/pooler/src/pooler_app.erl"
Generating Type Specs - "/home/pete/wefwefwef/docs/other/b84ad31d4c177260be691f29bfdfd682/pooler-tag-1.2.1/pooler/src/pooler_config.erl"
Generating Type Specs - "/home/pete/wefwefwef/docs/other/b84ad31d4c177260be691f29bfdfd682/pooler-tag-1.2.1/pooler/src/pooler_pool_sup.erl"
Generating Type Specs - "/home/pete/wefwefwef/docs/other/b84ad31d4c177260be691f29bfdfd682/pooler-tag-1.2.1/pooler/src/pooler_pooled_worker_sup.erl"
Generating Type Specs - "/home/pete/wefwefwef/docs/other/b84ad31d4c177260be691f29bfdfd682/pooler-tag-1.2.1/pooler/src/pooler_starter.erl"
Generating Type Specs - "/home/pete/wefwefwef/docs/other/b84ad31d4c177260be691f29bfdfd682/pooler-tag-1.2.1/pooler/src/pooler_starter_sup.erl"
Generating Type Specs - "/home/pete/wefwefwef/docs/other/b84ad31d4c177260be691f29bfdfd682/pooler-tag-1.2.1/pooler/src/pooler_sup.erl"
Generating XML for application pooler "/home/pete/wefwefwef/docs/other/b84ad31d4c177260be691f29bfdfd682/pooler-tag-1.2.1/pooler" -> "/home/pete/wefwefwef/docs/other/b84ad31d4c177260be691f29bfdfd682/repo/1.2.1/.xml/pooler"
/home/pete/wefwefwef/docs/other/b84ad31d4c177260be691f29bfdfd682/pooler-tag-1.2.1/pooler/src/pooler.erl, function rm_group/1: at line 126: `-quote ended unexpectedly at line 132
edoc: skipping source file '/home/pete/wefwefwef/docs/other/b84ad31d4c177260be691f29bfdfd682/pooler-tag-1.2.1/pooler/src/pooler.erl': {'EXIT',
                                                                                                                                 error}.
edoc: error in doclet 'edoc_doclet': {'EXIT',error}.
Error generating pooler XMLs. Using fallback ...
Generating XML pooler - pooler "/home/pete/wefwefwef/docs/other/b84ad31d4c177260be691f29bfdfd682/pooler-tag-1.2.1/pooler/src/pooler.erl" -> "/home/pete/wefwefwef/docs/other/b84ad31d4c177260be691f29bfdfd682/repo/1.2.1/.xml/pooler/pooler.xml"
/home/pete/wefwefwef/docs/other/b84ad31d4c177260be691f29bfdfd682/pooler-tag-1.2.1/pooler/src/pooler.erl, function rm_group/1: at line 126: `-quote ended unexpectedly at line 132
Error generating XML ("/home/pete/wefwefwef/docs/other/b84ad31d4c177260be691f29bfdfd682/pooler-tag-1.2.1/pooler/src/pooler.erl"): {'EXIT',
                                                                                                                                   error}
Generating XML pooler - pooler_app "/home/pete/wefwefwef/docs/other/b84ad31d4c177260be691f29bfdfd682/pooler-tag-1.2.1/pooler/src/pooler_app.erl" -> "/home/pete/wefwefwef/docs/other/b84ad31d4c177260be691f29bfdfd682/repo/1.2.1/.xml/pooler/pooler_app.xml"
Generating XML pooler - pooler_config "/home/pete/wefwefwef/docs/other/b84ad31d4c177260be691f29bfdfd682/pooler-tag-1.2.1/pooler/src/pooler_config.erl" -> "/home/pete/wefwefwef/docs/other/b84ad31d4c177260be691f29bfdfd682/repo/1.2.1/.xml/pooler/pooler_config.xml"
Generating XML pooler - pooler_pool_sup "/home/pete/wefwefwef/docs/other/b84ad31d4c177260be691f29bfdfd682/pooler-tag-1.2.1/pooler/src/pooler_pool_sup.erl" -> "/home/pete/wefwefwef/docs/other/b84ad31d4c177260be691f29bfdfd682/repo/1.2.1/.xml/pooler/pooler_pool_sup.xml"
Generating XML pooler - pooler_pooled_worker_sup "/home/pete/wefwefwef/docs/other/b84ad31d4c177260be691f29bfdfd682/pooler-tag-1.2.1/pooler/src/pooler_pooled_worker_sup.erl" -> "/home/pete/wefwefwef/docs/other/b84ad31d4c177260be691f29bfdfd682/repo/1.2.1/.xml/pooler/pooler_pooled_worker_sup.xml"
Generating XML pooler - pooler_starter "/home/pete/wefwefwef/docs/other/b84ad31d4c177260be691f29bfdfd682/pooler-tag-1.2.1/pooler/src/pooler_starter.erl" -> "/home/pete/wefwefwef/docs/other/b84ad31d4c177260be691f29bfdfd682/repo/1.2.1/.xml/pooler/pooler_starter.xml"
Generating XML pooler - pooler_starter_sup "/home/pete/wefwefwef/docs/other/b84ad31d4c177260be691f29bfdfd682/pooler-tag-1.2.1/pooler/src/pooler_starter_sup.erl" -> "/home/pete/wefwefwef/docs/other/b84ad31d4c177260be691f29bfdfd682/repo/1.2.1/.xml/pooler/pooler_starter_sup.xml"
Generating XML pooler - pooler_sup "/home/pete/wefwefwef/docs/other/b84ad31d4c177260be691f29bfdfd682/pooler-tag-1.2.1/pooler/src/pooler_sup.erl" -> "/home/pete/wefwefwef/docs/other/b84ad31d4c177260be691f29bfdfd682/repo/1.2.1/.xml/pooler/pooler_sup.xml"
Generating HTML - pooler_sup "/home/pete/wefwefwef/docs/other/b84ad31d4c177260be691f29bfdfd682/repo/1.2.1/.xml/pooler/pooler_sup.xml"
Generating HTML - pooler_starter_sup "/home/pete/wefwefwef/docs/other/b84ad31d4c177260be691f29bfdfd682/repo/1.2.1/.xml/pooler/pooler_starter_sup.xml"
Generating HTML - pooler_starter "/home/pete/wefwefwef/docs/other/b84ad31d4c177260be691f29bfdfd682/repo/1.2.1/.xml/pooler/pooler_starter.xml"
Generating HTML - pooler_app "/home/pete/wefwefwef/docs/other/b84ad31d4c177260be691f29bfdfd682/repo/1.2.1/.xml/pooler/pooler_app.xml"
Reading XML for "/home/pete/wefwefwef/docs/other/b84ad31d4c177260be691f29bfdfd682/repo/1.2.1/.xml/pooler/pooler_sup.xml"
Reading XML for "/home/pete/wefwefwef/docs/other/b84ad31d4c177260be691f29bfdfd682/repo/1.2.1/.xml/pooler/pooler_starter_sup.xml"
Reading XML for "/home/pete/wefwefwef/docs/other/b84ad31d4c177260be691f29bfdfd682/repo/1.2.1/.xml/pooler/pooler_starter.xml"
Reading XML for "/home/pete/wefwefwef/docs/other/b84ad31d4c177260be691f29bfdfd682/repo/1.2.1/.xml/pooler/pooler_app.xml"
Reading XML for "/home/pete/wefwefwef/docs/other/b84ad31d4c177260be691f29bfdfd682/repo/1.2.1/.xml/specs_pooler_sup.xml"
Reading XML for "/home/pete/wefwefwef/docs/other/b84ad31d4c177260be691f29bfdfd682/repo/1.2.1/.xml/specs_pooler_app.xml"
Reading XML for "/home/pete/wefwefwef/docs/other/b84ad31d4c177260be691f29bfdfd682/repo/1.2.1/.xml/specs_pooler_starter_sup.xml"
Generating HTML - pooler_config "/home/pete/wefwefwef/docs/other/b84ad31d4c177260be691f29bfdfd682/repo/1.2.1/.xml/pooler/pooler_config.xml"
Reading XML for "/home/pete/wefwefwef/docs/other/b84ad31d4c177260be691f29bfdfd682/repo/1.2.1/.xml/pooler/pooler_config.xml"
Reading XML for "/home/pete/wefwefwef/docs/other/b84ad31d4c177260be691f29bfdfd682/repo/1.2.1/.xml/specs_pooler_starter.xml"
Reading XML for "/home/pete/wefwefwef/docs/other/b84ad31d4c177260be691f29bfdfd682/repo/1.2.1/.xml/specs_pooler_config.xml"
Generating HTML - pooler_pool_sup "/home/pete/wefwefwef/docs/other/b84ad31d4c177260be691f29bfdfd682/repo/1.2.1/.xml/pooler/pooler_pool_sup.xml"
Reading XML for "/home/pete/wefwefwef/docs/other/b84ad31d4c177260be691f29bfdfd682/repo/1.2.1/.xml/pooler/pooler_pool_sup.xml"
Reading XML for "/home/pete/wefwefwef/docs/other/b84ad31d4c177260be691f29bfdfd682/repo/1.2.1/.xml/specs_pooler_pool_sup.xml"
Generating HTML - pooler_pooled_worker_sup "/home/pete/wefwefwef/docs/other/b84ad31d4c177260be691f29bfdfd682/repo/1.2.1/.xml/pooler/pooler_pooled_worker_sup.xml"
Reading XML for "/home/pete/wefwefwef/docs/other/b84ad31d4c177260be691f29bfdfd682/repo/1.2.1/.xml/pooler/pooler_pooled_worker_sup.xml"
Reading XML for "/home/pete/wefwefwef/docs/other/b84ad31d4c177260be691f29bfdfd682/repo/1.2.1/.xml/specs_pooler_pooled_worker_sup.xml"
Creating index.html ...
Creating erldocs_index.js ...
Woot, finished in 0 Minutes 1 Seconds
 :: Discovering other repos
$ 5000  `rm -r '/home/pete/wefwefwef/docs/other/b84ad31d4c177260be691f29bfdfd682/pooler-tag-1.2.1'  2>&1`
 :: Processing https://github.com/seth/pooler	{rev,tag,"1.2.0","06e37a61ba73745214ff40e698ff861807a28b2d",undefined,[],[]}
 :: Fetching repo code
$ cd '/home/pete/wefwefwef/docs/other/b84ad31d4c177260be691f29bfdfd682/pooler-tag-1.2.0'
$ infinity  `curl --fail --silent --show-error --location --output repo.tar.gz 'https://codeload.github.com/seth/pooler/legacy.tar.gz/1.2.0'  2>&1`
$ cd '/home/pete/wefwefwef/docs/erldocs_other.git'
$ cd '/home/pete/wefwefwef/docs/other/b84ad31d4c177260be691f29bfdfd682/pooler-tag-1.2.0/seth-pooler-aa885db'
$ 5000  `find -P . -type l -delete  2>&1`
$ cd '/home/pete/wefwefwef/docs/erldocs_other.git'
$ 5000  `mv '/home/pete/wefwefwef/docs/other/b84ad31d4c177260be691f29bfdfd682/pooler-tag-1.2.0/seth-pooler-aa885db' '/home/pete/wefwefwef/docs/other/b84ad31d4c177260be691f29bfdfd682/pooler-tag-1.2.0/pooler'  2>&1`
 :: Getting dependencies
$ cd '/home/pete/wefwefwef/docs/other/b84ad31d4c177260be691f29bfdfd682/pooler-tag-1.2.0/pooler'
$ 5000  `ls -1 deps/  2>&1`
$ cd '/home/pete/wefwefwef/docs/erldocs_other.git'
>>> [rebar] deps = []
 :: Generating erldocs into /home/pete/wefwefwef/docs/other/b84ad31d4c177260be691f29bfdfd682/repo/1.2.0
Building pooler
Generating Type Specs - "/home/pete/wefwefwef/docs/other/b84ad31d4c177260be691f29bfdfd682/pooler-tag-1.2.0/pooler/src/pooler.erl"
Generating Type Specs - "/home/pete/wefwefwef/docs/other/b84ad31d4c177260be691f29bfdfd682/pooler-tag-1.2.0/pooler/src/pooler_app.erl"
Generating Type Specs - "/home/pete/wefwefwef/docs/other/b84ad31d4c177260be691f29bfdfd682/pooler-tag-1.2.0/pooler/src/pooler_config.erl"
Generating Type Specs - "/home/pete/wefwefwef/docs/other/b84ad31d4c177260be691f29bfdfd682/pooler-tag-1.2.0/pooler/src/pooler_pool_sup.erl"
Generating Type Specs - "/home/pete/wefwefwef/docs/other/b84ad31d4c177260be691f29bfdfd682/pooler-tag-1.2.0/pooler/src/pooler_pooled_worker_sup.erl"
Generating Type Specs - "/home/pete/wefwefwef/docs/other/b84ad31d4c177260be691f29bfdfd682/pooler-tag-1.2.0/pooler/src/pooler_starter.erl"
Generating Type Specs - "/home/pete/wefwefwef/docs/other/b84ad31d4c177260be691f29bfdfd682/pooler-tag-1.2.0/pooler/src/pooler_starter_sup.erl"
Generating Type Specs - "/home/pete/wefwefwef/docs/other/b84ad31d4c177260be691f29bfdfd682/pooler-tag-1.2.0/pooler/src/pooler_sup.erl"
Generating XML for application pooler "/home/pete/wefwefwef/docs/other/b84ad31d4c177260be691f29bfdfd682/pooler-tag-1.2.0/pooler" -> "/home/pete/wefwefwef/docs/other/b84ad31d4c177260be691f29bfdfd682/repo/1.2.0/.xml/pooler"
/home/pete/wefwefwef/docs/other/b84ad31d4c177260be691f29bfdfd682/pooler-tag-1.2.0/pooler/src/pooler.erl, function rm_group/1: at line 126: `-quote ended unexpectedly at line 132
edoc: skipping source file '/home/pete/wefwefwef/docs/other/b84ad31d4c177260be691f29bfdfd682/pooler-tag-1.2.0/pooler/src/pooler.erl': {'EXIT',
                                                                                                                                 error}.
edoc: error in doclet 'edoc_doclet': {'EXIT',error}.
Error generating pooler XMLs. Using fallback ...
Generating XML pooler - pooler "/home/pete/wefwefwef/docs/other/b84ad31d4c177260be691f29bfdfd682/pooler-tag-1.2.0/pooler/src/pooler.erl" -> "/home/pete/wefwefwef/docs/other/b84ad31d4c177260be691f29bfdfd682/repo/1.2.0/.xml/pooler/pooler.xml"
/home/pete/wefwefwef/docs/other/b84ad31d4c177260be691f29bfdfd682/pooler-tag-1.2.0/pooler/src/pooler.erl, function rm_group/1: at line 126: `-quote ended unexpectedly at line 132
Error generating XML ("/home/pete/wefwefwef/docs/other/b84ad31d4c177260be691f29bfdfd682/pooler-tag-1.2.0/pooler/src/pooler.erl"): {'EXIT',
                                                                                                                                   error}
Generating XML pooler - pooler_app "/home/pete/wefwefwef/docs/other/b84ad31d4c177260be691f29bfdfd682/pooler-tag-1.2.0/pooler/src/pooler_app.erl" -> "/home/pete/wefwefwef/docs/other/b84ad31d4c177260be691f29bfdfd682/repo/1.2.0/.xml/pooler/pooler_app.xml"
Generating XML pooler - pooler_config "/home/pete/wefwefwef/docs/other/b84ad31d4c177260be691f29bfdfd682/pooler-tag-1.2.0/pooler/src/pooler_config.erl" -> "/home/pete/wefwefwef/docs/other/b84ad31d4c177260be691f29bfdfd682/repo/1.2.0/.xml/pooler/pooler_config.xml"
Generating XML pooler - pooler_pool_sup "/home/pete/wefwefwef/docs/other/b84ad31d4c177260be691f29bfdfd682/pooler-tag-1.2.0/pooler/src/pooler_pool_sup.erl" -> "/home/pete/wefwefwef/docs/other/b84ad31d4c177260be691f29bfdfd682/repo/1.2.0/.xml/pooler/pooler_pool_sup.xml"
Generating XML pooler - pooler_pooled_worker_sup "/home/pete/wefwefwef/docs/other/b84ad31d4c177260be691f29bfdfd682/pooler-tag-1.2.0/pooler/src/pooler_pooled_worker_sup.erl" -> "/home/pete/wefwefwef/docs/other/b84ad31d4c177260be691f29bfdfd682/repo/1.2.0/.xml/pooler/pooler_pooled_worker_sup.xml"
Generating XML pooler - pooler_starter "/home/pete/wefwefwef/docs/other/b84ad31d4c177260be691f29bfdfd682/pooler-tag-1.2.0/pooler/src/pooler_starter.erl" -> "/home/pete/wefwefwef/docs/other/b84ad31d4c177260be691f29bfdfd682/repo/1.2.0/.xml/pooler/pooler_starter.xml"
Generating XML pooler - pooler_starter_sup "/home/pete/wefwefwef/docs/other/b84ad31d4c177260be691f29bfdfd682/pooler-tag-1.2.0/pooler/src/pooler_starter_sup.erl" -> "/home/pete/wefwefwef/docs/other/b84ad31d4c177260be691f29bfdfd682/repo/1.2.0/.xml/pooler/pooler_starter_sup.xml"
Generating XML pooler - pooler_sup "/home/pete/wefwefwef/docs/other/b84ad31d4c177260be691f29bfdfd682/pooler-tag-1.2.0/pooler/src/pooler_sup.erl" -> "/home/pete/wefwefwef/docs/other/b84ad31d4c177260be691f29bfdfd682/repo/1.2.0/.xml/pooler/pooler_sup.xml"
Generating HTML - pooler_sup "/home/pete/wefwefwef/docs/other/b84ad31d4c177260be691f29bfdfd682/repo/1.2.0/.xml/pooler/pooler_sup.xml"
Generating HTML - pooler_starter_sup "/home/pete/wefwefwef/docs/other/b84ad31d4c177260be691f29bfdfd682/repo/1.2.0/.xml/pooler/pooler_starter_sup.xml"
Generating HTML - pooler_starter "/home/pete/wefwefwef/docs/other/b84ad31d4c177260be691f29bfdfd682/repo/1.2.0/.xml/pooler/pooler_starter.xml"
Generating HTML - pooler_app "/home/pete/wefwefwef/docs/other/b84ad31d4c177260be691f29bfdfd682/repo/1.2.0/.xml/pooler/pooler_app.xml"
Reading XML for "/home/pete/wefwefwef/docs/other/b84ad31d4c177260be691f29bfdfd682/repo/1.2.0/.xml/pooler/pooler_sup.xml"
Reading XML for "/home/pete/wefwefwef/docs/other/b84ad31d4c177260be691f29bfdfd682/repo/1.2.0/.xml/pooler/pooler_starter_sup.xml"
Reading XML for "/home/pete/wefwefwef/docs/other/b84ad31d4c177260be691f29bfdfd682/repo/1.2.0/.xml/pooler/pooler_starter.xml"
Reading XML for "/home/pete/wefwefwef/docs/other/b84ad31d4c177260be691f29bfdfd682/repo/1.2.0/.xml/pooler/pooler_app.xml"
Reading XML for "/home/pete/wefwefwef/docs/other/b84ad31d4c177260be691f29bfdfd682/repo/1.2.0/.xml/specs_pooler_starter_sup.xml"
Reading XML for "/home/pete/wefwefwef/docs/other/b84ad31d4c177260be691f29bfdfd682/repo/1.2.0/.xml/specs_pooler_sup.xml"
Reading XML for "/home/pete/wefwefwef/docs/other/b84ad31d4c177260be691f29bfdfd682/repo/1.2.0/.xml/specs_pooler_app.xml"
Generating HTML - pooler_config "/home/pete/wefwefwef/docs/other/b84ad31d4c177260be691f29bfdfd682/repo/1.2.0/.xml/pooler/pooler_config.xml"
Reading XML for "/home/pete/wefwefwef/docs/other/b84ad31d4c177260be691f29bfdfd682/repo/1.2.0/.xml/pooler/pooler_config.xml"
Reading XML for "/home/pete/wefwefwef/docs/other/b84ad31d4c177260be691f29bfdfd682/repo/1.2.0/.xml/specs_pooler_starter.xml"
Reading XML for "/home/pete/wefwefwef/docs/other/b84ad31d4c177260be691f29bfdfd682/repo/1.2.0/.xml/specs_pooler_config.xml"
Generating HTML - pooler_pool_sup "/home/pete/wefwefwef/docs/other/b84ad31d4c177260be691f29bfdfd682/repo/1.2.0/.xml/pooler/pooler_pool_sup.xml"
Reading XML for "/home/pete/wefwefwef/docs/other/b84ad31d4c177260be691f29bfdfd682/repo/1.2.0/.xml/pooler/pooler_pool_sup.xml"
Reading XML for "/home/pete/wefwefwef/docs/other/b84ad31d4c177260be691f29bfdfd682/repo/1.2.0/.xml/specs_pooler_pool_sup.xml"
Generating HTML - pooler_pooled_worker_sup "/home/pete/wefwefwef/docs/other/b84ad31d4c177260be691f29bfdfd682/repo/1.2.0/.xml/pooler/pooler_pooled_worker_sup.xml"
Reading XML for "/home/pete/wefwefwef/docs/other/b84ad31d4c177260be691f29bfdfd682/repo/1.2.0/.xml/pooler/pooler_pooled_worker_sup.xml"
Reading XML for "/home/pete/wefwefwef/docs/other/b84ad31d4c177260be691f29bfdfd682/repo/1.2.0/.xml/specs_pooler_pooled_worker_sup.xml"
Creating index.html ...
Creating erldocs_index.js ...
Woot, finished in 0 Minutes 1 Seconds
 :: Discovering other repos
$ 5000  `rm -r '/home/pete/wefwefwef/docs/other/b84ad31d4c177260be691f29bfdfd682/pooler-tag-1.2.0'  2>&1`
 :: Processing https://github.com/seth/pooler	{rev,tag,"1.1.0","fee0aa40a0b99fadacae349bb6a6924dc2d3fa4a",undefined,[],[]}
 :: Fetching repo code
$ cd '/home/pete/wefwefwef/docs/other/b84ad31d4c177260be691f29bfdfd682/pooler-tag-1.1.0'
$ infinity  `curl --fail --silent --show-error --location --output repo.tar.gz 'https://codeload.github.com/seth/pooler/legacy.tar.gz/1.1.0'  2>&1`
$ cd '/home/pete/wefwefwef/docs/erldocs_other.git'
$ cd '/home/pete/wefwefwef/docs/other/b84ad31d4c177260be691f29bfdfd682/pooler-tag-1.1.0/seth-pooler-37353ab'
$ 5000  `find -P . -type l -delete  2>&1`
$ cd '/home/pete/wefwefwef/docs/erldocs_other.git'
$ 5000  `mv '/home/pete/wefwefwef/docs/other/b84ad31d4c177260be691f29bfdfd682/pooler-tag-1.1.0/seth-pooler-37353ab' '/home/pete/wefwefwef/docs/other/b84ad31d4c177260be691f29bfdfd682/pooler-tag-1.1.0/pooler'  2>&1`
 :: Getting dependencies
$ cd '/home/pete/wefwefwef/docs/other/b84ad31d4c177260be691f29bfdfd682/pooler-tag-1.1.0/pooler'
$ 5000  `ls -1 deps/  2>&1`
$ cd '/home/pete/wefwefwef/docs/erldocs_other.git'
>>> [rebar] deps = []
 :: Generating erldocs into /home/pete/wefwefwef/docs/other/b84ad31d4c177260be691f29bfdfd682/repo/1.1.0
Building pooler
Generating Type Specs - "/home/pete/wefwefwef/docs/other/b84ad31d4c177260be691f29bfdfd682/pooler-tag-1.1.0/pooler/src/pooler.erl"
Generating Type Specs - "/home/pete/wefwefwef/docs/other/b84ad31d4c177260be691f29bfdfd682/pooler-tag-1.1.0/pooler/src/pooler_app.erl"
Generating Type Specs - "/home/pete/wefwefwef/docs/other/b84ad31d4c177260be691f29bfdfd682/pooler-tag-1.1.0/pooler/src/pooler_config.erl"
Generating Type Specs - "/home/pete/wefwefwef/docs/other/b84ad31d4c177260be691f29bfdfd682/pooler-tag-1.1.0/pooler/src/pooler_pool_sup.erl"
Generating Type Specs - "/home/pete/wefwefwef/docs/other/b84ad31d4c177260be691f29bfdfd682/pooler-tag-1.1.0/pooler/src/pooler_pooled_worker_sup.erl"
Generating Type Specs - "/home/pete/wefwefwef/docs/other/b84ad31d4c177260be691f29bfdfd682/pooler-tag-1.1.0/pooler/src/pooler_starter.erl"
Generating Type Specs - "/home/pete/wefwefwef/docs/other/b84ad31d4c177260be691f29bfdfd682/pooler-tag-1.1.0/pooler/src/pooler_starter_sup.erl"
Generating Type Specs - "/home/pete/wefwefwef/docs/other/b84ad31d4c177260be691f29bfdfd682/pooler-tag-1.1.0/pooler/src/pooler_sup.erl"
Generating XML for application pooler "/home/pete/wefwefwef/docs/other/b84ad31d4c177260be691f29bfdfd682/pooler-tag-1.1.0/pooler" -> "/home/pete/wefwefwef/docs/other/b84ad31d4c177260be691f29bfdfd682/repo/1.1.0/.xml/pooler"
/home/pete/wefwefwef/docs/other/b84ad31d4c177260be691f29bfdfd682/pooler-tag-1.1.0/pooler/src/pooler.erl, function rm_group/1: at line 126: `-quote ended unexpectedly at line 132
edoc: skipping source file '/home/pete/wefwefwef/docs/other/b84ad31d4c177260be691f29bfdfd682/pooler-tag-1.1.0/pooler/src/pooler.erl': {'EXIT',
                                                                                                                                 error}.
edoc: error in doclet 'edoc_doclet': {'EXIT',error}.
Error generating pooler XMLs. Using fallback ...
Generating XML pooler - pooler "/home/pete/wefwefwef/docs/other/b84ad31d4c177260be691f29bfdfd682/pooler-tag-1.1.0/pooler/src/pooler.erl" -> "/home/pete/wefwefwef/docs/other/b84ad31d4c177260be691f29bfdfd682/repo/1.1.0/.xml/pooler/pooler.xml"
/home/pete/wefwefwef/docs/other/b84ad31d4c177260be691f29bfdfd682/pooler-tag-1.1.0/pooler/src/pooler.erl, function rm_group/1: at line 126: `-quote ended unexpectedly at line 132
Error generating XML ("/home/pete/wefwefwef/docs/other/b84ad31d4c177260be691f29bfdfd682/pooler-tag-1.1.0/pooler/src/pooler.erl"): {'EXIT',
                                                                                                                                   error}
Generating XML pooler - pooler_app "/home/pete/wefwefwef/docs/other/b84ad31d4c177260be691f29bfdfd682/pooler-tag-1.1.0/pooler/src/pooler_app.erl" -> "/home/pete/wefwefwef/docs/other/b84ad31d4c177260be691f29bfdfd682/repo/1.1.0/.xml/pooler/pooler_app.xml"
Generating XML pooler - pooler_config "/home/pete/wefwefwef/docs/other/b84ad31d4c177260be691f29bfdfd682/pooler-tag-1.1.0/pooler/src/pooler_config.erl" -> "/home/pete/wefwefwef/docs/other/b84ad31d4c177260be691f29bfdfd682/repo/1.1.0/.xml/pooler/pooler_config.xml"
Generating XML pooler - pooler_pool_sup "/home/pete/wefwefwef/docs/other/b84ad31d4c177260be691f29bfdfd682/pooler-tag-1.1.0/pooler/src/pooler_pool_sup.erl" -> "/home/pete/wefwefwef/docs/other/b84ad31d4c177260be691f29bfdfd682/repo/1.1.0/.xml/pooler/pooler_pool_sup.xml"
Generating XML pooler - pooler_pooled_worker_sup "/home/pete/wefwefwef/docs/other/b84ad31d4c177260be691f29bfdfd682/pooler-tag-1.1.0/pooler/src/pooler_pooled_worker_sup.erl" -> "/home/pete/wefwefwef/docs/other/b84ad31d4c177260be691f29bfdfd682/repo/1.1.0/.xml/pooler/pooler_pooled_worker_sup.xml"
Generating XML pooler - pooler_starter "/home/pete/wefwefwef/docs/other/b84ad31d4c177260be691f29bfdfd682/pooler-tag-1.1.0/pooler/src/pooler_starter.erl" -> "/home/pete/wefwefwef/docs/other/b84ad31d4c177260be691f29bfdfd682/repo/1.1.0/.xml/pooler/pooler_starter.xml"
Generating XML pooler - pooler_starter_sup "/home/pete/wefwefwef/docs/other/b84ad31d4c177260be691f29bfdfd682/pooler-tag-1.1.0/pooler/src/pooler_starter_sup.erl" -> "/home/pete/wefwefwef/docs/other/b84ad31d4c177260be691f29bfdfd682/repo/1.1.0/.xml/pooler/pooler_starter_sup.xml"
Generating XML pooler - pooler_sup "/home/pete/wefwefwef/docs/other/b84ad31d4c177260be691f29bfdfd682/pooler-tag-1.1.0/pooler/src/pooler_sup.erl" -> "/home/pete/wefwefwef/docs/other/b84ad31d4c177260be691f29bfdfd682/repo/1.1.0/.xml/pooler/pooler_sup.xml"
Generating HTML - pooler_sup "/home/pete/wefwefwef/docs/other/b84ad31d4c177260be691f29bfdfd682/repo/1.1.0/.xml/pooler/pooler_sup.xml"
Generating HTML - pooler_starter_sup "/home/pete/wefwefwef/docs/other/b84ad31d4c177260be691f29bfdfd682/repo/1.1.0/.xml/pooler/pooler_starter_sup.xml"
Generating HTML - pooler_starter "/home/pete/wefwefwef/docs/other/b84ad31d4c177260be691f29bfdfd682/repo/1.1.0/.xml/pooler/pooler_starter.xml"
Generating HTML - pooler_app "/home/pete/wefwefwef/docs/other/b84ad31d4c177260be691f29bfdfd682/repo/1.1.0/.xml/pooler/pooler_app.xml"
Reading XML for "/home/pete/wefwefwef/docs/other/b84ad31d4c177260be691f29bfdfd682/repo/1.1.0/.xml/pooler/pooler_sup.xml"
Reading XML for "/home/pete/wefwefwef/docs/other/b84ad31d4c177260be691f29bfdfd682/repo/1.1.0/.xml/pooler/pooler_starter_sup.xml"
Reading XML for "/home/pete/wefwefwef/docs/other/b84ad31d4c177260be691f29bfdfd682/repo/1.1.0/.xml/pooler/pooler_starter.xml"
Reading XML for "/home/pete/wefwefwef/docs/other/b84ad31d4c177260be691f29bfdfd682/repo/1.1.0/.xml/pooler/pooler_app.xml"
Reading XML for "/home/pete/wefwefwef/docs/other/b84ad31d4c177260be691f29bfdfd682/repo/1.1.0/.xml/specs_pooler_sup.xml"
Reading XML for "/home/pete/wefwefwef/docs/other/b84ad31d4c177260be691f29bfdfd682/repo/1.1.0/.xml/specs_pooler_starter_sup.xml"
Reading XML for "/home/pete/wefwefwef/docs/other/b84ad31d4c177260be691f29bfdfd682/repo/1.1.0/.xml/specs_pooler_app.xml"
Generating HTML - pooler_config "/home/pete/wefwefwef/docs/other/b84ad31d4c177260be691f29bfdfd682/repo/1.1.0/.xml/pooler/pooler_config.xml"
Reading XML for "/home/pete/wefwefwef/docs/other/b84ad31d4c177260be691f29bfdfd682/repo/1.1.0/.xml/specs_pooler_starter.xml"
Reading XML for "/home/pete/wefwefwef/docs/other/b84ad31d4c177260be691f29bfdfd682/repo/1.1.0/.xml/pooler/pooler_config.xml"
Reading XML for "/home/pete/wefwefwef/docs/other/b84ad31d4c177260be691f29bfdfd682/repo/1.1.0/.xml/specs_pooler_config.xml"
Generating HTML - pooler_pool_sup "/home/pete/wefwefwef/docs/other/b84ad31d4c177260be691f29bfdfd682/repo/1.1.0/.xml/pooler/pooler_pool_sup.xml"
Reading XML for "/home/pete/wefwefwef/docs/other/b84ad31d4c177260be691f29bfdfd682/repo/1.1.0/.xml/pooler/pooler_pool_sup.xml"
Reading XML for "/home/pete/wefwefwef/docs/other/b84ad31d4c177260be691f29bfdfd682/repo/1.1.0/.xml/specs_pooler_pool_sup.xml"
Generating HTML - pooler_pooled_worker_sup "/home/pete/wefwefwef/docs/other/b84ad31d4c177260be691f29bfdfd682/repo/1.1.0/.xml/pooler/pooler_pooled_worker_sup.xml"
Reading XML for "/home/pete/wefwefwef/docs/other/b84ad31d4c177260be691f29bfdfd682/repo/1.1.0/.xml/pooler/pooler_pooled_worker_sup.xml"
Reading XML for "/home/pete/wefwefwef/docs/other/b84ad31d4c177260be691f29bfdfd682/repo/1.1.0/.xml/specs_pooler_pooled_worker_sup.xml"
Creating index.html ...
Creating erldocs_index.js ...
Woot, finished in 0 Minutes 1 Seconds
 :: Discovering other repos
$ 5000  `rm -r '/home/pete/wefwefwef/docs/other/b84ad31d4c177260be691f29bfdfd682/pooler-tag-1.1.0'  2>&1`
 :: Processing https://github.com/seth/pooler	{rev,tag,"1.0.0","37da392e5de1d8b9bfa277e2e13238b6610a1cd7",undefined,[],[]}
 :: Fetching repo code
$ cd '/home/pete/wefwefwef/docs/other/b84ad31d4c177260be691f29bfdfd682/pooler-tag-1.0.0'
$ infinity  `curl --fail --silent --show-error --location --output repo.tar.gz 'https://codeload.github.com/seth/pooler/legacy.tar.gz/1.0.0'  2>&1`
$ cd '/home/pete/wefwefwef/docs/erldocs_other.git'
$ cd '/home/pete/wefwefwef/docs/other/b84ad31d4c177260be691f29bfdfd682/pooler-tag-1.0.0/seth-pooler-901c396'
$ 5000  `find -P . -type l -delete  2>&1`
$ cd '/home/pete/wefwefwef/docs/erldocs_other.git'
$ 5000  `mv '/home/pete/wefwefwef/docs/other/b84ad31d4c177260be691f29bfdfd682/pooler-tag-1.0.0/seth-pooler-901c396' '/home/pete/wefwefwef/docs/other/b84ad31d4c177260be691f29bfdfd682/pooler-tag-1.0.0/pooler'  2>&1`
 :: Getting dependencies
$ cd '/home/pete/wefwefwef/docs/other/b84ad31d4c177260be691f29bfdfd682/pooler-tag-1.0.0/pooler'
$ 5000  `ls -1 deps/  2>&1`
$ cd '/home/pete/wefwefwef/docs/erldocs_other.git'
>>> [rebar] deps = []
 :: Generating erldocs into /home/pete/wefwefwef/docs/other/b84ad31d4c177260be691f29bfdfd682/repo/1.0.0
Building pooler
Generating Type Specs - "/home/pete/wefwefwef/docs/other/b84ad31d4c177260be691f29bfdfd682/pooler-tag-1.0.0/pooler/src/pooler.erl"
Generating Type Specs - "/home/pete/wefwefwef/docs/other/b84ad31d4c177260be691f29bfdfd682/pooler-tag-1.0.0/pooler/src/pooler_app.erl"
Generating Type Specs - "/home/pete/wefwefwef/docs/other/b84ad31d4c177260be691f29bfdfd682/pooler-tag-1.0.0/pooler/src/pooler_config.erl"
Generating Type Specs - "/home/pete/wefwefwef/docs/other/b84ad31d4c177260be691f29bfdfd682/pooler-tag-1.0.0/pooler/src/pooler_pool_sup.erl"
Generating Type Specs - "/home/pete/wefwefwef/docs/other/b84ad31d4c177260be691f29bfdfd682/pooler-tag-1.0.0/pooler/src/pooler_pooled_worker_sup.erl"
Generating Type Specs - "/home/pete/wefwefwef/docs/other/b84ad31d4c177260be691f29bfdfd682/pooler-tag-1.0.0/pooler/src/pooler_starter.erl"
Generating Type Specs - "/home/pete/wefwefwef/docs/other/b84ad31d4c177260be691f29bfdfd682/pooler-tag-1.0.0/pooler/src/pooler_starter_sup.erl"
Generating Type Specs - "/home/pete/wefwefwef/docs/other/b84ad31d4c177260be691f29bfdfd682/pooler-tag-1.0.0/pooler/src/pooler_sup.erl"
Generating XML for application pooler "/home/pete/wefwefwef/docs/other/b84ad31d4c177260be691f29bfdfd682/pooler-tag-1.0.0/pooler" -> "/home/pete/wefwefwef/docs/other/b84ad31d4c177260be691f29bfdfd682/repo/1.0.0/.xml/pooler"
Generated pooler XMLs: ["/home/pete/wefwefwef/docs/other/b84ad31d4c177260be691f29bfdfd682/repo/1.0.0/.xml/pooler/pooler_starter.xml",
                        "/home/pete/wefwefwef/docs/other/b84ad31d4c177260be691f29bfdfd682/repo/1.0.0/.xml/pooler/pooler_pooled_worker_sup.xml",
                        "/home/pete/wefwefwef/docs/other/b84ad31d4c177260be691f29bfdfd682/repo/1.0.0/.xml/pooler/pooler_pool_sup.xml",
                        "/home/pete/wefwefwef/docs/other/b84ad31d4c177260be691f29bfdfd682/repo/1.0.0/.xml/pooler/pooler_starter_sup.xml",
                        "/home/pete/wefwefwef/docs/other/b84ad31d4c177260be691f29bfdfd682/repo/1.0.0/.xml/pooler/pooler_app.xml",
                        "/home/pete/wefwefwef/docs/other/b84ad31d4c177260be691f29bfdfd682/repo/1.0.0/.xml/pooler/pooler_sup.xml",
                        "/home/pete/wefwefwef/docs/other/b84ad31d4c177260be691f29bfdfd682/repo/1.0.0/.xml/pooler/pooler_config.xml",
                        "/home/pete/wefwefwef/docs/other/b84ad31d4c177260be691f29bfdfd682/repo/1.0.0/.xml/pooler/pooler.xml"]
Generating HTML - pooler_pooled_worker_sup "/home/pete/wefwefwef/docs/other/b84ad31d4c177260be691f29bfdfd682/repo/1.0.0/.xml/pooler/pooler_pooled_worker_sup.xml"
Generating HTML - pooler_starter_sup "/home/pete/wefwefwef/docs/other/b84ad31d4c177260be691f29bfdfd682/repo/1.0.0/.xml/pooler/pooler_starter_sup.xml"
Generating HTML - pooler_sup "/home/pete/wefwefwef/docs/other/b84ad31d4c177260be691f29bfdfd682/repo/1.0.0/.xml/pooler/pooler_sup.xml"
Generating HTML - pooler "/home/pete/wefwefwef/docs/other/b84ad31d4c177260be691f29bfdfd682/repo/1.0.0/.xml/pooler/pooler.xml"
Reading XML for "/home/pete/wefwefwef/docs/other/b84ad31d4c177260be691f29bfdfd682/repo/1.0.0/.xml/pooler/pooler_pooled_worker_sup.xml"
Reading XML for "/home/pete/wefwefwef/docs/other/b84ad31d4c177260be691f29bfdfd682/repo/1.0.0/.xml/pooler/pooler_starter_sup.xml"
Reading XML for "/home/pete/wefwefwef/docs/other/b84ad31d4c177260be691f29bfdfd682/repo/1.0.0/.xml/pooler/pooler_sup.xml"
Reading XML for "/home/pete/wefwefwef/docs/other/b84ad31d4c177260be691f29bfdfd682/repo/1.0.0/.xml/pooler/pooler.xml"
Reading XML for "/home/pete/wefwefwef/docs/other/b84ad31d4c177260be691f29bfdfd682/repo/1.0.0/.xml/specs_pooler_pooled_worker_sup.xml"
Reading XML for "/home/pete/wefwefwef/docs/other/b84ad31d4c177260be691f29bfdfd682/repo/1.0.0/.xml/specs_pooler_sup.xml"
Generating HTML - pooler_starter "/home/pete/wefwefwef/docs/other/b84ad31d4c177260be691f29bfdfd682/repo/1.0.0/.xml/pooler/pooler_starter.xml"
Reading XML for "/home/pete/wefwefwef/docs/other/b84ad31d4c177260be691f29bfdfd682/repo/1.0.0/.xml/pooler/pooler_starter.xml"
Generating HTML - pooler_app "/home/pete/wefwefwef/docs/other/b84ad31d4c177260be691f29bfdfd682/repo/1.0.0/.xml/pooler/pooler_app.xml"
Reading XML for "/home/pete/wefwefwef/docs/other/b84ad31d4c177260be691f29bfdfd682/repo/1.0.0/.xml/specs_pooler_starter_sup.xml"
Reading XML for "/home/pete/wefwefwef/docs/other/b84ad31d4c177260be691f29bfdfd682/repo/1.0.0/.xml/pooler/pooler_app.xml"
Generating HTML - pooler_pool_sup "/home/pete/wefwefwef/docs/other/b84ad31d4c177260be691f29bfdfd682/repo/1.0.0/.xml/pooler/pooler_pool_sup.xml"
Reading XML for "/home/pete/wefwefwef/docs/other/b84ad31d4c177260be691f29bfdfd682/repo/1.0.0/.xml/pooler/pooler_pool_sup.xml"
Reading XML for "/home/pete/wefwefwef/docs/other/b84ad31d4c177260be691f29bfdfd682/repo/1.0.0/.xml/specs_pooler.xml"
Reading XML for "/home/pete/wefwefwef/docs/other/b84ad31d4c177260be691f29bfdfd682/repo/1.0.0/.xml/specs_pooler_app.xml"
Reading XML for "/home/pete/wefwefwef/docs/other/b84ad31d4c177260be691f29bfdfd682/repo/1.0.0/.xml/specs_pooler_starter.xml"
Reading XML for "/home/pete/wefwefwef/docs/other/b84ad31d4c177260be691f29bfdfd682/repo/1.0.0/.xml/specs_pooler_pool_sup.xml"
Generating HTML - pooler_config "/home/pete/wefwefwef/docs/other/b84ad31d4c177260be691f29bfdfd682/repo/1.0.0/.xml/pooler/pooler_config.xml"
Reading XML for "/home/pete/wefwefwef/docs/other/b84ad31d4c177260be691f29bfdfd682/repo/1.0.0/.xml/pooler/pooler_config.xml"
Reading XML for "/home/pete/wefwefwef/docs/other/b84ad31d4c177260be691f29bfdfd682/repo/1.0.0/.xml/specs_pooler_config.xml"
Creating index.html ...
Creating erldocs_index.js ...
Woot, finished in 0 Minutes 1 Seconds
 :: Discovering other repos
$ 5000  `rm -r '/home/pete/wefwefwef/docs/other/b84ad31d4c177260be691f29bfdfd682/pooler-tag-1.0.0'  2>&1`
 :: Processing https://github.com/seth/pooler	{rev,tag,"0.0.2","f7829d7b894d739e840896fbf8f31f5a53b2eebb",undefined,[],[]}
 :: Fetching repo code
$ cd '/home/pete/wefwefwef/docs/other/b84ad31d4c177260be691f29bfdfd682/pooler-tag-0.0.2'
$ infinity  `curl --fail --silent --show-error --location --output repo.tar.gz 'https://codeload.github.com/seth/pooler/legacy.tar.gz/0.0.2'  2>&1`
$ cd '/home/pete/wefwefwef/docs/erldocs_other.git'
$ cd '/home/pete/wefwefwef/docs/other/b84ad31d4c177260be691f29bfdfd682/pooler-tag-0.0.2/seth-pooler-f08d33d'
$ 5000  `find -P . -type l -delete  2>&1`
$ cd '/home/pete/wefwefwef/docs/erldocs_other.git'
$ 5000  `mv '/home/pete/wefwefwef/docs/other/b84ad31d4c177260be691f29bfdfd682/pooler-tag-0.0.2/seth-pooler-f08d33d' '/home/pete/wefwefwef/docs/other/b84ad31d4c177260be691f29bfdfd682/pooler-tag-0.0.2/pooler'  2>&1`
 :: Getting dependencies
$ cd '/home/pete/wefwefwef/docs/other/b84ad31d4c177260be691f29bfdfd682/pooler-tag-0.0.2/pooler'
$ 5000  `ls -1 deps/  2>&1`
$ cd '/home/pete/wefwefwef/docs/erldocs_other.git'
>>> [rebar] deps = []
 :: Generating erldocs into /home/pete/wefwefwef/docs/other/b84ad31d4c177260be691f29bfdfd682/repo/0.0.2
Building pooler
Generating Type Specs - "/home/pete/wefwefwef/docs/other/b84ad31d4c177260be691f29bfdfd682/pooler-tag-0.0.2/pooler/src/pooler.erl"
Generating Type Specs - "/home/pete/wefwefwef/docs/other/b84ad31d4c177260be691f29bfdfd682/pooler-tag-0.0.2/pooler/src/pooler_app.erl"
Generating Type Specs - "/home/pete/wefwefwef/docs/other/b84ad31d4c177260be691f29bfdfd682/pooler-tag-0.0.2/pooler/src/pooler_pool_sup.erl"
Generating Type Specs - "/home/pete/wefwefwef/docs/other/b84ad31d4c177260be691f29bfdfd682/pooler-tag-0.0.2/pooler/src/pooler_pooled_worker_sup.erl"
Generating Type Specs - "/home/pete/wefwefwef/docs/other/b84ad31d4c177260be691f29bfdfd682/pooler-tag-0.0.2/pooler/src/pooler_sup.erl"
Generating XML for application pooler "/home/pete/wefwefwef/docs/other/b84ad31d4c177260be691f29bfdfd682/pooler-tag-0.0.2/pooler" -> "/home/pete/wefwefwef/docs/other/b84ad31d4c177260be691f29bfdfd682/repo/0.0.2/.xml/pooler"
Generated pooler XMLs: ["/home/pete/wefwefwef/docs/other/b84ad31d4c177260be691f29bfdfd682/repo/0.0.2/.xml/pooler/pooler_pooled_worker_sup.xml",
                        "/home/pete/wefwefwef/docs/other/b84ad31d4c177260be691f29bfdfd682/repo/0.0.2/.xml/pooler/pooler_pool_sup.xml",
                        "/home/pete/wefwefwef/docs/other/b84ad31d4c177260be691f29bfdfd682/repo/0.0.2/.xml/pooler/pooler_app.xml",
                        "/home/pete/wefwefwef/docs/other/b84ad31d4c177260be691f29bfdfd682/repo/0.0.2/.xml/pooler/pooler_sup.xml",
                        "/home/pete/wefwefwef/docs/other/b84ad31d4c177260be691f29bfdfd682/repo/0.0.2/.xml/pooler/pooler.xml"]
Generating HTML - pooler_pooled_worker_sup "/home/pete/wefwefwef/docs/other/b84ad31d4c177260be691f29bfdfd682/repo/0.0.2/.xml/pooler/pooler_pooled_worker_sup.xml"
Generating HTML - pooler_pool_sup "/home/pete/wefwefwef/docs/other/b84ad31d4c177260be691f29bfdfd682/repo/0.0.2/.xml/pooler/pooler_pool_sup.xml"
Generating HTML - pooler_app "/home/pete/wefwefwef/docs/other/b84ad31d4c177260be691f29bfdfd682/repo/0.0.2/.xml/pooler/pooler_app.xml"
Generating HTML - pooler "/home/pete/wefwefwef/docs/other/b84ad31d4c177260be691f29bfdfd682/repo/0.0.2/.xml/pooler/pooler.xml"
Reading XML for "/home/pete/wefwefwef/docs/other/b84ad31d4c177260be691f29bfdfd682/repo/0.0.2/.xml/pooler/pooler_pooled_worker_sup.xml"
Reading XML for "/home/pete/wefwefwef/docs/other/b84ad31d4c177260be691f29bfdfd682/repo/0.0.2/.xml/pooler/pooler_pool_sup.xml"
Reading XML for "/home/pete/wefwefwef/docs/other/b84ad31d4c177260be691f29bfdfd682/repo/0.0.2/.xml/pooler/pooler_app.xml"
Reading XML for "/home/pete/wefwefwef/docs/other/b84ad31d4c177260be691f29bfdfd682/repo/0.0.2/.xml/pooler/pooler.xml"
Reading XML for "/home/pete/wefwefwef/docs/other/b84ad31d4c177260be691f29bfdfd682/repo/0.0.2/.xml/specs_pooler_pooled_worker_sup.xml"
Reading XML for "/home/pete/wefwefwef/docs/other/b84ad31d4c177260be691f29bfdfd682/repo/0.0.2/.xml/specs_pooler_pool_sup.xml"
Reading XML for "/home/pete/wefwefwef/docs/other/b84ad31d4c177260be691f29bfdfd682/repo/0.0.2/.xml/specs_pooler_app.xml"
Reading XML for "/home/pete/wefwefwef/docs/other/b84ad31d4c177260be691f29bfdfd682/repo/0.0.2/.xml/specs_pooler.xml"
Generating HTML - pooler_sup "/home/pete/wefwefwef/docs/other/b84ad31d4c177260be691f29bfdfd682/repo/0.0.2/.xml/pooler/pooler_sup.xml"
Reading XML for "/home/pete/wefwefwef/docs/other/b84ad31d4c177260be691f29bfdfd682/repo/0.0.2/.xml/pooler/pooler_sup.xml"
Reading XML for "/home/pete/wefwefwef/docs/other/b84ad31d4c177260be691f29bfdfd682/repo/0.0.2/.xml/specs_pooler_sup.xml"
Creating index.html ...
Creating erldocs_index.js ...
Woot, finished in 0 Minutes 0 Seconds
 :: Discovering other repos
$ 5000  `rm -r '/home/pete/wefwefwef/docs/other/b84ad31d4c177260be691f29bfdfd682/pooler-tag-0.0.2'  2>&1`
 :: Processing https://github.com/seth/pooler	{rev,tag,"0.0.1","f2449d6012370b5d25653513fad4d4f74483dff9",undefined,[],[]}
 :: Fetching repo code
$ cd '/home/pete/wefwefwef/docs/other/b84ad31d4c177260be691f29bfdfd682/pooler-tag-0.0.1'
$ infinity  `curl --fail --silent --show-error --location --output repo.tar.gz 'https://codeload.github.com/seth/pooler/legacy.tar.gz/0.0.1'  2>&1`
$ cd '/home/pete/wefwefwef/docs/erldocs_other.git'
$ cd '/home/pete/wefwefwef/docs/other/b84ad31d4c177260be691f29bfdfd682/pooler-tag-0.0.1/seth-pooler-3daba8a'
$ 5000  `find -P . -type l -delete  2>&1`
$ cd '/home/pete/wefwefwef/docs/erldocs_other.git'
$ 5000  `mv '/home/pete/wefwefwef/docs/other/b84ad31d4c177260be691f29bfdfd682/pooler-tag-0.0.1/seth-pooler-3daba8a' '/home/pete/wefwefwef/docs/other/b84ad31d4c177260be691f29bfdfd682/pooler-tag-0.0.1/pooler'  2>&1`
 :: Getting dependencies
$ cd '/home/pete/wefwefwef/docs/other/b84ad31d4c177260be691f29bfdfd682/pooler-tag-0.0.1/pooler'
$ 5000  `ls -1 deps/  2>&1`
$ cd '/home/pete/wefwefwef/docs/erldocs_other.git'
>>> [rebar] deps = []
 :: Generating erldocs into /home/pete/wefwefwef/docs/other/b84ad31d4c177260be691f29bfdfd682/repo/0.0.1
Building pooler
Generating Type Specs - "/home/pete/wefwefwef/docs/other/b84ad31d4c177260be691f29bfdfd682/pooler-tag-0.0.1/pooler/src/pooler.erl"
Generating Type Specs - "/home/pete/wefwefwef/docs/other/b84ad31d4c177260be691f29bfdfd682/pooler-tag-0.0.1/pooler/src/pooler_app.erl"
Generating Type Specs - "/home/pete/wefwefwef/docs/other/b84ad31d4c177260be691f29bfdfd682/pooler-tag-0.0.1/pooler/src/pooler_pool_sup.erl"
Generating Type Specs - "/home/pete/wefwefwef/docs/other/b84ad31d4c177260be691f29bfdfd682/pooler-tag-0.0.1/pooler/src/pooler_pooled_worker_sup.erl"
Generating Type Specs - "/home/pete/wefwefwef/docs/other/b84ad31d4c177260be691f29bfdfd682/pooler-tag-0.0.1/pooler/src/pooler_sup.erl"
Generating XML for application pooler "/home/pete/wefwefwef/docs/other/b84ad31d4c177260be691f29bfdfd682/pooler-tag-0.0.1/pooler" -> "/home/pete/wefwefwef/docs/other/b84ad31d4c177260be691f29bfdfd682/repo/0.0.1/.xml/pooler"
Generated pooler XMLs: ["/home/pete/wefwefwef/docs/other/b84ad31d4c177260be691f29bfdfd682/repo/0.0.1/.xml/pooler/pooler_pooled_worker_sup.xml",
                        "/home/pete/wefwefwef/docs/other/b84ad31d4c177260be691f29bfdfd682/repo/0.0.1/.xml/pooler/pooler_pool_sup.xml",
                        "/home/pete/wefwefwef/docs/other/b84ad31d4c177260be691f29bfdfd682/repo/0.0.1/.xml/pooler/pooler_app.xml",
                        "/home/pete/wefwefwef/docs/other/b84ad31d4c177260be691f29bfdfd682/repo/0.0.1/.xml/pooler/pooler_sup.xml",
                        "/home/pete/wefwefwef/docs/other/b84ad31d4c177260be691f29bfdfd682/repo/0.0.1/.xml/pooler/pooler.xml"]
Generating HTML - pooler_pooled_worker_sup "/home/pete/wefwefwef/docs/other/b84ad31d4c177260be691f29bfdfd682/repo/0.0.1/.xml/pooler/pooler_pooled_worker_sup.xml"
Generating HTML - pooler_pool_sup "/home/pete/wefwefwef/docs/other/b84ad31d4c177260be691f29bfdfd682/repo/0.0.1/.xml/pooler/pooler_pool_sup.xml"
Generating HTML - pooler_app "/home/pete/wefwefwef/docs/other/b84ad31d4c177260be691f29bfdfd682/repo/0.0.1/.xml/pooler/pooler_app.xml"
Generating HTML - pooler "/home/pete/wefwefwef/docs/other/b84ad31d4c177260be691f29bfdfd682/repo/0.0.1/.xml/pooler/pooler.xml"
Reading XML for "/home/pete/wefwefwef/docs/other/b84ad31d4c177260be691f29bfdfd682/repo/0.0.1/.xml/pooler/pooler_pooled_worker_sup.xml"
Reading XML for "/home/pete/wefwefwef/docs/other/b84ad31d4c177260be691f29bfdfd682/repo/0.0.1/.xml/pooler/pooler_pool_sup.xml"
Reading XML for "/home/pete/wefwefwef/docs/other/b84ad31d4c177260be691f29bfdfd682/repo/0.0.1/.xml/pooler/pooler_app.xml"
Reading XML for "/home/pete/wefwefwef/docs/other/b84ad31d4c177260be691f29bfdfd682/repo/0.0.1/.xml/pooler/pooler.xml"
Reading XML for "/home/pete/wefwefwef/docs/other/b84ad31d4c177260be691f29bfdfd682/repo/0.0.1/.xml/specs_pooler_pooled_worker_sup.xml"
Reading XML for "/home/pete/wefwefwef/docs/other/b84ad31d4c177260be691f29bfdfd682/repo/0.0.1/.xml/specs_pooler_app.xml"
Reading XML for "/home/pete/wefwefwef/docs/other/b84ad31d4c177260be691f29bfdfd682/repo/0.0.1/.xml/specs_pooler_pool_sup.xml"
Reading XML for "/home/pete/wefwefwef/docs/other/b84ad31d4c177260be691f29bfdfd682/repo/0.0.1/.xml/specs_pooler.xml"
Generating HTML - pooler_sup "/home/pete/wefwefwef/docs/other/b84ad31d4c177260be691f29bfdfd682/repo/0.0.1/.xml/pooler/pooler_sup.xml"
Reading XML for "/home/pete/wefwefwef/docs/other/b84ad31d4c177260be691f29bfdfd682/repo/0.0.1/.xml/pooler/pooler_sup.xml"
Reading XML for "/home/pete/wefwefwef/docs/other/b84ad31d4c177260be691f29bfdfd682/repo/0.0.1/.xml/specs_pooler_sup.xml"
Creating index.html ...
Creating erldocs_index.js ...
Woot, finished in 0 Minutes 0 Seconds
 :: Discovering other repos
$ 5000  `rm -r '/home/pete/wefwefwef/docs/other/b84ad31d4c177260be691f29bfdfd682/pooler-tag-0.0.1'  2>&1`
 :: Finishing up
$ 5000  `rm -r '/home/pete/wefwefwef/docs/other/b84ad31d4c177260be691f29bfdfd682/pooler'  2>&1`
