 :: Extracting meta information
$ infinity  `git ls-remote --heads --tags 'https://github.com/sile/erlang_template'  2>&1`
>>> [repo] 1 branches, 0 tags
 :: Writing meta to "/home/pete/wefwefwef/docs/other/dc4327886c31f4e30cfb8f53bdd465e3/meta.txt"
 :: Processing https://github.com/sile/erlang_template	{rev,branch,"master","d70ee65cc4a620d6c0a91262c2bd6550ed56726c",undefined,[],[]}
 :: Fetching repo code
$ cd '/home/pete/wefwefwef/docs/other/dc4327886c31f4e30cfb8f53bdd465e3/erlang_template-branch-master'
$ infinity  `curl --fail --silent --show-error --location --output repo.tar.gz 'https://codeload.github.com/sile/erlang_template/legacy.tar.gz/master'  2>&1`
$ cd '/home/pete/wefwefwef/docs/erldocs_other.git'
$ cd '/home/pete/wefwefwef/docs/other/dc4327886c31f4e30cfb8f53bdd465e3/erlang_template-branch-master/sile-erlang_template-d70ee65'
$ 5000  `find -P . -type l -delete  2>&1`
$ cd '/home/pete/wefwefwef/docs/erldocs_other.git'
$ 5000  `mv '/home/pete/wefwefwef/docs/other/dc4327886c31f4e30cfb8f53bdd465e3/erlang_template-branch-master/sile-erlang_template-d70ee65' '/home/pete/wefwefwef/docs/other/dc4327886c31f4e30cfb8f53bdd465e3/erlang_template-branch-master/erlang_template'  2>&1`
 :: Getting dependencies
$ cd '/home/pete/wefwefwef/docs/other/dc4327886c31f4e30cfb8f53bdd465e3/erlang_template-branch-master/erlang_template'
$ 5000  `ls -1 deps/  2>&1`
$ cd '/home/pete/wefwefwef/docs/erldocs_other.git'
>>> [rebar] deps = []
 :: Generating erldocs into /home/pete/wefwefwef/docs/other/dc4327886c31f4e30cfb8f53bdd465e3/repo/master
Building erlang_template
Generating XML for application erlang_template "/home/pete/wefwefwef/docs/other/dc4327886c31f4e30cfb8f53bdd465e3/erlang_template-branch-master/erlang_template" -> "/home/pete/wefwefwef/docs/other/dc4327886c31f4e30cfb8f53bdd465e3/repo/master/.xml/erlang_template"
Generated erlang_template XMLs: []
No documentation was generated!
Woot, finished in 0 Minutes 0 Seconds
 :: Discovering other repos
$ 5000  `rm -r '/home/pete/wefwefwef/docs/other/dc4327886c31f4e30cfb8f53bdd465e3/erlang_template-branch-master'  2>&1`
 :: Finishing up
$ 5000  `rm -r '/home/pete/wefwefwef/docs/other/dc4327886c31f4e30cfb8f53bdd465e3/erlang_template'  2>&1`
$ 5000  `rm -r '/home/pete/wefwefwef/docs/other/dc4327886c31f4e30cfb8f53bdd465e3/repo/master'  2>&1`
