 :: Extracting meta information
$ cd '.'
$ infinity  `git ls-remote --heads --tags https://github.com/basho/riak_control`
>>> [repo] 26 branches, 26 tags
 :: Writing meta to "/home/pete/wefwefwef/docs/other/ce4daeaf74b0eceba0a587229067fe349ab6cc3f/meta.txt"
 :: Skipping tag "0.0.1"
 :: Skipping tag "0.1.0"
 :: Skipping tag "0.1.1"
 :: Skipping tag "0.1.2"
 :: Skipping tag "1.2.0"
 :: Skipping tag "1.2.1"
 :: Skipping tag "1.3.0"
 :: Skipping tag "1.3.1"
 :: Skipping tag "1.3.2"
 :: Skipping tag "1.3.3"
 :: Skipping tag "1.4.0"
 :: Skipping tag "1.4.1"
 :: Skipping tag "1.4.10"
 :: Skipping tag "1.4.12"
 :: Skipping tag "1.4.2"
 :: Skipping tag "1.4.4"
 :: Skipping tag "1.4.9"
 :: Skipping tag "2.0.0"
 :: Skipping tag "2.0.0beta1"
 :: Skipping tag "2.0.0rc2"
 :: Skipping tag "2.0.1"
 :: Skipping tag "2.0.2"
 :: Skipping tag "2.1.0"
 :: Skipping tag "2.1.1"
 :: Skipping tag "2.1.2"
 :: Skipping branch "0.1"
 :: Skipping branch "1.2"
 :: Skipping branch "1.3"
 :: Skipping branch "1.4"
 :: Skipping branch "2.0"
 :: Skipping branch "2.1"
 :: Skipping branch "create-mr-page"
 :: Skipping branch "csm-1.4-bad-record-1"
 :: Skipping branch "csm-add-node-api"
 :: Skipping branch "csm-add-stats-backend"
 :: Skipping branch "csm-clarify-incompatibility"
 :: Skipping branch "csm-experimental"
 :: Skipping branch "csm_riak_control_csrf_tokens"
 :: Skipping branch "data-platform/beta"
 :: Skipping branch "develop"
 :: Skipping branch "dx-stats-table-test"
 :: Skipping branch "end-to-end/timeseries"
 :: Skipping branch "feature/otp-17"
 :: Skipping branch "feuerlabs-exometer3"
 :: Skipping branch "jd-hidden"
 :: Skipping branch "jgn-addepar-graphs"
 :: Skipping branch "jgn-cluster-stats-2"
 :: Skipping branch "jgn-multiple-nvals"
 :: Skipping branch "master"
 :: Skipping branch "uw-use-exometer-core"
 :: Skipping branch "vinoski/mochiweb-update"
 :: Processing https://github.com/basho/riak_control	{rev,tag,"2.0.0rc1","3fe302e6ca222a05a4a0dd1f68ed78e19ec98a84",undefined,[],[]}
 :: Fetching repo code
$ cd '/home/pete/wefwefwef/docs/other/ce4daeaf74b0eceba0a587229067fe349ab6cc3f/riak_control-tag-2.0.0rc1'
$ infinity  `curl --fail --silent --show-error --location --output repo.tar.gz https://codeload.github.com/basho/riak_control/tar.gz/2.0.0rc1`
$ cd '/home/pete/wefwefwef/docs/other/ce4daeaf74b0eceba0a587229067fe349ab6cc3f/riak_control-tag-2.0.0rc1/riak_control-2.0.0rc1'
$ 5000  `find -P . -type l -delete`
$ cd '.'
$ 5000  `mv /home/pete/wefwefwef/docs/other/ce4daeaf74b0eceba0a587229067fe349ab6cc3f/riak_control-tag-2.0.0rc1/riak_control-2.0.0rc1 /home/pete/wefwefwef/docs/other/ce4daeaf74b0eceba0a587229067fe349ab6cc3f/riak_control-tag-2.0.0rc1/riak_control`
 :: Getting dependencies
 :: Error running eo_core:
	[{eo_core,sh,
                  ["/home/pete/wefwefwef/docs/other/ce4daeaf74b0eceba0a587229067fe349ab6cc3f/riak_control-tag-2.0.0rc1/riak_control",
                   ["rebar","--config",
                    "/home/pete/wefwefwef/docs/other/ce4daeaf74b0eceba0a587229067fe349ab6cc3f/riak_control-tag-2.0.0rc1/rebar_deps",
                    "get-deps"],
                   infinity],
                  []},
         {eo_util,get_deps,2,[{file,"src/eo_util.erl"},{line,123}]},
         {eo_util,rebar_get_deps,1,[{file,"src/eo_util.erl"},{line,88}]},
         {eo_core,get_deps,1,[{file,"src/eo_core.erl"},{line,339}]},
         {eo_core,do,7,[{file,"src/eo_core.erl"},{line,110}]},
         {eo_core,'-main_/1-lc$^0/1-0-',8,
                  [{file,"src/eo_core.erl"},{line,85}]},
         {eo_core,main_,1,[{file,"src/eo_core.erl"},{line,85}]},
         {eo_core,main,1,[{file,"src/eo_core.erl"},{line,56}]}]
{error,undef}
 :: Finishing up
$ cd '.'
$ 5000  `rm -r /home/pete/wefwefwef/docs/other/ce4daeaf74b0eceba0a587229067fe349ab6cc3f/riak_control`
