 :: Extracting meta information
$ 5000  `git ls-remote --heads --tags 'https://github.com/renatoaguiar/erlang-openflow'  2>&1`
>>> [repo] 1 branches, 0 tags
 :: Writing meta to "/home/pete/wefwefwef/docs/other/5436320529/meta.txt"
 :: Processing https://github.com/renatoaguiar/erlang-openflow	{rev,branch,"master","128ad9a8b8feedb3babb182bfa4461301c2c9ed9",undefined,[],[]}
 :: Fetching repo code
$ cd "/home/pete/wefwefwef/docs/other/5436320529/erlang-openflow-branch-master/erlang-openflow"
$ infinity  `curl --fail --silent --show-error --location --output 'master.zip' 'https://github.com/renatoaguiar/erlang-openflow/archive/master.zip'  2>&1`
$ cd "/home/pete/wefwefwef/docs/erldocs_other.git"
$ cd "/home/pete/wefwefwef/docs/other/5436320529/erlang-openflow-branch-master/erlang-openflow"
$ 5000  `find -P . -type l -delete  2>&1`
$ cd "/home/pete/wefwefwef/docs/erldocs_other.git"
$ cd "/home/pete/wefwefwef/docs/other/5436320529/erlang-openflow-branch-master/erlang-openflow"
$ 5000  `find 'erlang-openflow-master' -mindepth 1 -maxdepth 1 -exec mv -t . -- {} +  2>&1`
$ cd "/home/pete/wefwefwef/docs/erldocs_other.git"
 :: Getting dependencies
$ cd "/home/pete/wefwefwef/docs/other/5436320529/erlang-openflow-branch-master/erlang-openflow"
$ 5000  `ls -1 deps/  2>&1`
$ cd "/home/pete/wefwefwef/docs/erldocs_other.git"
>>> [rebar] deps = []
 :: Generating erldocs into /home/pete/wefwefwef/docs/other/5436320529/repo/master
Building erlang-openflow
Generating Type Specs - "/home/pete/wefwefwef/docs/other/5436320529/erlang-openflow-branch-master/erlang-openflow/src/of_handler_hub.erl"
Generating Type Specs - "/home/pete/wefwefwef/docs/other/5436320529/erlang-openflow-branch-master/erlang-openflow/src/of_match.erl"
Generating Type Specs - "/home/pete/wefwefwef/docs/other/5436320529/erlang-openflow-branch-master/erlang-openflow/src/of_proto.erl"
Generating Type Specs - "/home/pete/wefwefwef/docs/other/5436320529/erlang-openflow-branch-master/erlang-openflow/src/of_switches_man.erl"
Generating Type Specs - "/home/pete/wefwefwef/docs/other/5436320529/erlang-openflow-branch-master/erlang-openflow/src/openflow.erl"
Generating Type Specs - "/home/pete/wefwefwef/docs/other/5436320529/erlang-openflow-branch-master/erlang-openflow/src/openflow_app.erl"
Generating Type Specs - "/home/pete/wefwefwef/docs/other/5436320529/erlang-openflow-branch-master/erlang-openflow/src/openflow_sup.erl"
Generating XML for application erlang-openflow "/home/pete/wefwefwef/docs/other/5436320529/erlang-openflow-branch-master/erlang-openflow" -> "/home/pete/wefwefwef/docs/other/5436320529/repo/master/.xml/erlang-openflow"
Generated erlang-openflow XMLs: ["/home/pete/wefwefwef/docs/other/5436320529/repo/master/.xml/erlang-openflow/openflow_app.xml",
                                 "/home/pete/wefwefwef/docs/other/5436320529/repo/master/.xml/erlang-openflow/of_handler_hub.xml",
                                 "/home/pete/wefwefwef/docs/other/5436320529/repo/master/.xml/erlang-openflow/openflow.xml",
                                 "/home/pete/wefwefwef/docs/other/5436320529/repo/master/.xml/erlang-openflow/openflow_sup.xml",
                                 "/home/pete/wefwefwef/docs/other/5436320529/repo/master/.xml/erlang-openflow/of_match.xml",
                                 "/home/pete/wefwefwef/docs/other/5436320529/repo/master/.xml/erlang-openflow/of_proto.xml",
                                 "/home/pete/wefwefwef/docs/other/5436320529/repo/master/.xml/erlang-openflow/of_switches_man.xml"]
Generating HTML - openflow_app "/home/pete/wefwefwef/docs/other/5436320529/repo/master/.xml/erlang-openflow/openflow_app.xml"
Generating HTML - of_handler_hub "/home/pete/wefwefwef/docs/other/5436320529/repo/master/.xml/erlang-openflow/of_handler_hub.xml"
Generating HTML - openflow "/home/pete/wefwefwef/docs/other/5436320529/repo/master/.xml/erlang-openflow/openflow.xml"
Generating HTML - of_switches_man "/home/pete/wefwefwef/docs/other/5436320529/repo/master/.xml/erlang-openflow/of_switches_man.xml"
Reading XML for "/home/pete/wefwefwef/docs/other/5436320529/repo/master/.xml/erlang-openflow/openflow_app.xml"
Reading XML for "/home/pete/wefwefwef/docs/other/5436320529/repo/master/.xml/erlang-openflow/of_handler_hub.xml"
Reading XML for "/home/pete/wefwefwef/docs/other/5436320529/repo/master/.xml/erlang-openflow/openflow.xml"
Reading XML for "/home/pete/wefwefwef/docs/other/5436320529/repo/master/.xml/erlang-openflow/of_switches_man.xml"
Reading XML for "/home/pete/wefwefwef/docs/other/5436320529/repo/master/.xml/specs_openflow.xml"
Reading XML for "/home/pete/wefwefwef/docs/other/5436320529/repo/master/.xml/specs_of_switches_man.xml"
Reading XML for "/home/pete/wefwefwef/docs/other/5436320529/repo/master/.xml/specs_of_handler_hub.xml"
Reading XML for "/home/pete/wefwefwef/docs/other/5436320529/repo/master/.xml/specs_openflow_app.xml"
Generating HTML - of_proto "/home/pete/wefwefwef/docs/other/5436320529/repo/master/.xml/erlang-openflow/of_proto.xml"
Reading XML for "/home/pete/wefwefwef/docs/other/5436320529/repo/master/.xml/erlang-openflow/of_proto.xml"
Reading XML for "/home/pete/wefwefwef/docs/other/5436320529/repo/master/.xml/specs_of_proto.xml"
Generating HTML - of_match "/home/pete/wefwefwef/docs/other/5436320529/repo/master/.xml/erlang-openflow/of_match.xml"
Reading XML for "/home/pete/wefwefwef/docs/other/5436320529/repo/master/.xml/erlang-openflow/of_match.xml"
Reading XML for "/home/pete/wefwefwef/docs/other/5436320529/repo/master/.xml/specs_of_match.xml"
Generating HTML - openflow_sup "/home/pete/wefwefwef/docs/other/5436320529/repo/master/.xml/erlang-openflow/openflow_sup.xml"
Reading XML for "/home/pete/wefwefwef/docs/other/5436320529/repo/master/.xml/erlang-openflow/openflow_sup.xml"
Reading XML for "/home/pete/wefwefwef/docs/other/5436320529/repo/master/.xml/specs_openflow_sup.xml"
Creating index.html ...
Creating erldocs_index.js ...
Woot, finished in 0 Minutes 0 Seconds
 :: Discovering other repos
$ 5000  `rm -r '/home/pete/wefwefwef/docs/other/5436320529/erlang-openflow-branch-master'  2>&1`
 :: Finishing up
$ 5000  `rm -r '/home/pete/wefwefwef/docs/other/5436320529/erlang-openflow'  2>&1`
