 :: Extracting meta information
$ 5000  `git ls-remote --heads --tags 'https://github.com/jasonzhu/erlang_magic'  2>&1`
>>> [repo] 2 branches, 0 tags
 :: Writing meta to "/home/pete/wefwefwef/docs/other/1732145406/meta.txt"
 :: Processing https://github.com/jasonzhu/erlang_magic	{rev,branch,"develop","84ca9c297ac7d284321c700337143357abd805b5",undefined,[],[]}
 :: Fetching repo code
$ cd "/home/pete/wefwefwef/docs/other/1732145406/erlang_magic-branch-develop/erlang_magic"
$ infinity  `curl --fail --silent --show-error --location --output 'develop.zip' 'https://github.com/jasonzhu/erlang_magic/archive/develop.zip'  2>&1`
$ cd "/home/pete/wefwefwef/docs/erldocs_other.git"
$ cd "/home/pete/wefwefwef/docs/other/1732145406/erlang_magic-branch-develop/erlang_magic"
$ 5000  `find -P . -type l -delete  2>&1`
$ cd "/home/pete/wefwefwef/docs/erldocs_other.git"
$ cd "/home/pete/wefwefwef/docs/other/1732145406/erlang_magic-branch-develop/erlang_magic"
$ 5000  `find 'erlang_magic-develop' -mindepth 1 -maxdepth 1 -exec mv -t . -- {} +  2>&1`
$ cd "/home/pete/wefwefwef/docs/erldocs_other.git"
 :: Getting dependencies
$ cd "/home/pete/wefwefwef/docs/other/1732145406/erlang_magic-branch-develop/erlang_magic"
$ 5000  `ls -1 deps/  2>&1`
$ cd "/home/pete/wefwefwef/docs/erldocs_other.git"
>>> [rebar] deps = []
 :: Generating erldocs into /home/pete/wefwefwef/docs/other/1732145406/repo/develop
Building erlang_magic
Generating Type Specs - "/home/pete/wefwefwef/docs/other/1732145406/erlang_magic-branch-develop/erlang_magic/src/emagic.erl"
EDoc could not process file '/home/pete/wefwefwef/docs/other/1732145406/erlang_magic-branch-develop/erlang_magic/src/emagic.erl'
Error generating type specs for "/home/pete/wefwefwef/docs/other/1732145406/erlang_magic-branch-develop/erlang_magic/src/emagic.erl"
Generating XML for application erlang_magic "/home/pete/wefwefwef/docs/other/1732145406/erlang_magic-branch-develop/erlang_magic" -> "/home/pete/wefwefwef/docs/other/1732145406/repo/develop/.xml/erlang_magic"
/home/pete/wefwefwef/docs/other/1732145406/erlang_magic-branch-develop/erlang_magic/src/emagic.erl, function load_nif/0: at line 28: error in XML parser: {system_limit,[{ets,new,[rules,[set|...]],[]},
                                    {xmerl_scan,initial_state,2,[{...}|...]},
                                    {xmerl_scan,int_string,4,[...]},
                                    {xmerl_scan,string,2,...},
                                    {edoc_wiki,parse_xml_1,...},
                                    {edoc_wiki,...},
                                    {...}|...]}.
edoc: skipping source file '/home/pete/wefwefwef/docs/other/1732145406/erlang_magic-branch-develop/erlang_magic/src/emagic.erl': {'EXIT',
                                                                                                                            error}.
edoc: error in doclet 'edoc_doclet': {'EXIT',error}.
Error generating erlang_magic XMLs. Using fallback ...
Generating XML erlang_magic - emagic "/home/pete/wefwefwef/docs/other/1732145406/erlang_magic-branch-develop/erlang_magic/src/emagic.erl" -> "/home/pete/wefwefwef/docs/other/1732145406/repo/develop/.xml/erlang_magic/emagic.xml"
/home/pete/wefwefwef/docs/other/1732145406/erlang_magic-branch-develop/erlang_magic/src/emagic.erl, function load_nif/0: at line 28: error in XML parser: {system_limit,[{ets,new,[rules,[set|...]],[]},
                                    {xmerl_scan,initial_state,2,[{...}|...]},
                                    {xmerl_scan,int_string,4,[...]},
                                    {xmerl_scan,string,2,...},
                                    {edoc_wiki,parse_xml_1,...},
                                    {edoc_wiki,...},
                                    {...}|...]}.
Error generating XML ("/home/pete/wefwefwef/docs/other/1732145406/erlang_magic-branch-develop/erlang_magic/src/emagic.erl"): {'EXIT',
                                                                                                                              error}
No documentation was generated!
Woot, finished in 0 Minutes 0 Seconds
 :: Discovering other repos
$ 5000  `rm -r '/home/pete/wefwefwef/docs/other/1732145406/erlang_magic-branch-develop'  2>&1`
 :: Processing https://github.com/jasonzhu/erlang_magic	{rev,branch,"master","5f8d98ea2d7f3e62ded8c6acb160420592fe3300",undefined,[],[]}
 :: Fetching repo code
$ cd "/home/pete/wefwefwef/docs/other/1732145406/erlang_magic-branch-master/erlang_magic"
$ infinity  `curl --fail --silent --show-error --location --output 'master.zip' 'https://github.com/jasonzhu/erlang_magic/archive/master.zip'  2>&1`
$ cd "/home/pete/wefwefwef/docs/erldocs_other.git"
$ cd "/home/pete/wefwefwef/docs/other/1732145406/erlang_magic-branch-master/erlang_magic"
$ 5000  `find -P . -type l -delete  2>&1`
$ cd "/home/pete/wefwefwef/docs/erldocs_other.git"
$ cd "/home/pete/wefwefwef/docs/other/1732145406/erlang_magic-branch-master/erlang_magic"
$ 5000  `find 'erlang_magic-master' -mindepth 1 -maxdepth 1 -exec mv -t . -- {} +  2>&1`
$ cd "/home/pete/wefwefwef/docs/erldocs_other.git"
 :: Getting dependencies
$ cd "/home/pete/wefwefwef/docs/other/1732145406/erlang_magic-branch-master/erlang_magic"
$ 5000  `ls -1 deps/  2>&1`
$ cd "/home/pete/wefwefwef/docs/erldocs_other.git"
>>> [rebar] deps = []
 :: Generating erldocs into /home/pete/wefwefwef/docs/other/1732145406/repo/master
Building erlang_magic
Generating Type Specs - "/home/pete/wefwefwef/docs/other/1732145406/erlang_magic-branch-master/erlang_magic/src/emagic.erl"
EDoc could not process file '/home/pete/wefwefwef/docs/other/1732145406/erlang_magic-branch-master/erlang_magic/src/emagic.erl'
Error generating type specs for "/home/pete/wefwefwef/docs/other/1732145406/erlang_magic-branch-master/erlang_magic/src/emagic.erl"
Generating XML for application erlang_magic "/home/pete/wefwefwef/docs/other/1732145406/erlang_magic-branch-master/erlang_magic" -> "/home/pete/wefwefwef/docs/other/1732145406/repo/master/.xml/erlang_magic"
/home/pete/wefwefwef/docs/other/1732145406/erlang_magic-branch-master/erlang_magic/src/emagic.erl, function load_nif/0: at line 28: error in XML parser: {system_limit,[{ets,new,[rules,[set|...]],[]},
                                    {xmerl_scan,initial_state,2,[{...}|...]},
                                    {xmerl_scan,int_string,4,[...]},
                                    {xmerl_scan,string,2,...},
                                    {edoc_wiki,parse_xml_1,...},
                                    {edoc_wiki,...},
                                    {...}|...]}.
edoc: skipping source file '/home/pete/wefwefwef/docs/other/1732145406/erlang_magic-branch-master/erlang_magic/src/emagic.erl': {'EXIT',
                                                                                                                           error}.
edoc: error in doclet 'edoc_doclet': {'EXIT',error}.
Error generating erlang_magic XMLs. Using fallback ...
Generating XML erlang_magic - emagic "/home/pete/wefwefwef/docs/other/1732145406/erlang_magic-branch-master/erlang_magic/src/emagic.erl" -> "/home/pete/wefwefwef/docs/other/1732145406/repo/master/.xml/erlang_magic/emagic.xml"
/home/pete/wefwefwef/docs/other/1732145406/erlang_magic-branch-master/erlang_magic/src/emagic.erl, function load_nif/0: at line 28: error in XML parser: {system_limit,[{ets,new,[rules,[set|...]],[]},
                                    {xmerl_scan,initial_state,2,[{...}|...]},
                                    {xmerl_scan,int_string,4,[...]},
                                    {xmerl_scan,string,2,...},
                                    {edoc_wiki,parse_xml_1,...},
                                    {edoc_wiki,...},
                                    {...}|...]}.
Error generating XML ("/home/pete/wefwefwef/docs/other/1732145406/erlang_magic-branch-master/erlang_magic/src/emagic.erl"): {'EXIT',
                                                                                                                             error}
No documentation was generated!
Woot, finished in 0 Minutes 0 Seconds
 :: Discovering other repos
$ 5000  `rm -r '/home/pete/wefwefwef/docs/other/1732145406/erlang_magic-branch-master'  2>&1`
 :: Finishing up
$ 5000  `rm -r '/home/pete/wefwefwef/docs/other/1732145406/erlang_magic'  2>&1`
$ 5000  `rm -r '/home/pete/wefwefwef/docs/other/1732145406/repo/develop'  2>&1`
$ 5000  `rm -r '/home/pete/wefwefwef/docs/other/1732145406/repo/master'  2>&1`
