 :: Extracting meta information
$ 5000  `git ls-remote --heads --tags 'https://github.com/tophitpoker/evk'  2>&1`
>>> [repo] 1 branches, 0 tags
 :: Writing meta to "/home/pete/wefwefwef/docs/other/6930627384/meta.txt"
 :: Processing https://github.com/tophitpoker/evk	{rev,branch,"master","800157466291401687e75bfb3f9e00c7fbb9f0bc",undefined,[],[]}
 :: Fetching repo code
$ cd "/home/pete/wefwefwef/docs/other/6930627384/evk-branch-master/evk"
$ infinity  `curl --fail --silent --show-error --location --output 'master.zip' 'https://github.com/tophitpoker/evk/archive/master.zip'  2>&1`
$ cd "/home/pete/wefwefwef/docs/erldocs_other.git"
$ cd "/home/pete/wefwefwef/docs/other/6930627384/evk-branch-master/evk"
$ 5000  `find -P . -type l -delete  2>&1`
$ cd "/home/pete/wefwefwef/docs/erldocs_other.git"
$ cd "/home/pete/wefwefwef/docs/other/6930627384/evk-branch-master/evk"
$ 5000  `find 'evk-master' -mindepth 1 -maxdepth 1 -exec mv -t . -- {} +  2>&1`
$ cd "/home/pete/wefwefwef/docs/erldocs_other.git"
 :: Getting dependencies
$ cd "/home/pete/wefwefwef/docs/other/6930627384/evk-branch-master/evk"
$ 5000  `ls -1 deps/  2>&1`
$ cd "/home/pete/wefwefwef/docs/erldocs_other.git"
>>> [rebar] deps = []
 :: Generating erldocs into /home/pete/wefwefwef/docs/other/6930627384/repo/master
Building evk
Generating Type Specs - "/home/pete/wefwefwef/docs/other/6930627384/evk-branch-master/evk/src/evk.erl"
Generating XML for application evk "/home/pete/wefwefwef/docs/other/6930627384/evk-branch-master/evk" -> "/home/pete/wefwefwef/docs/other/6930627384/repo/master/.xml/evk"
Generated evk XMLs: ["/home/pete/wefwefwef/docs/other/6930627384/repo/master/.xml/evk/evk.xml"]
Generating HTML - evk "/home/pete/wefwefwef/docs/other/6930627384/repo/master/.xml/evk/evk.xml"
Reading XML for "/home/pete/wefwefwef/docs/other/6930627384/repo/master/.xml/evk/evk.xml"
Reading XML for "/home/pete/wefwefwef/docs/other/6930627384/repo/master/.xml/specs_evk.xml"
Creating index.html ...
Creating erldocs_index.js ...
Woot, finished in 0 Minutes 0 Seconds
 :: Discovering other repos
$ 5000  `rm -r '/home/pete/wefwefwef/docs/other/6930627384/evk-branch-master'  2>&1`
 :: Finishing up
$ 5000  `rm -r '/home/pete/wefwefwef/docs/other/6930627384/evk'  2>&1`
