 :: Extracting meta information
$ 5000  `git ls-remote --heads --tags 'https://github.com/lrascao/erlang_protobuffs'  2>&1`
>>> [repo] 7 branches, 14 tags
 :: Writing meta to "/home/pete/wefwefwef/docs/other/4273609580/meta.txt"
 :: Processing https://github.com/lrascao/erlang_protobuffs	{rev,tag,"0.7.0","4fbc5f63c25805cd482fcae523ee213f2b142593",undefined,[],[]}
 :: Fetching repo code
$ cd "/home/pete/wefwefwef/docs/other/4273609580/erlang_protobuffs-tag-0.7.0/erlang_protobuffs"
$ infinity  `curl --fail --silent --show-error --location --output '0.7.0.zip' 'https://github.com/lrascao/erlang_protobuffs/archive/0.7.0.zip'  2>&1`
$ cd "/home/pete/wefwefwef/docs/erldocs_other.git"
$ cd "/home/pete/wefwefwef/docs/other/4273609580/erlang_protobuffs-tag-0.7.0/erlang_protobuffs"
$ 5000  `find -P . -type l -delete  2>&1`
$ cd "/home/pete/wefwefwef/docs/erldocs_other.git"
$ cd "/home/pete/wefwefwef/docs/other/4273609580/erlang_protobuffs-tag-0.7.0/erlang_protobuffs"
$ 5000  `find 'erlang_protobuffs-0.7.0' -mindepth 1 -maxdepth 1 -exec mv -t . -- {} +  2>&1`
$ cd "/home/pete/wefwefwef/docs/erldocs_other.git"
 :: Getting dependencies
$ cd "/home/pete/wefwefwef/docs/other/4273609580/erlang_protobuffs-tag-0.7.0/erlang_protobuffs"
$ infinity  `rebar --config '/home/pete/wefwefwef/docs/other/4273609580/erlang_protobuffs-tag-0.7.0/rebar_deps' get-deps  2>&1`
$ cd "/home/pete/wefwefwef/docs/erldocs_other.git"
$ cd "/home/pete/wefwefwef/docs/other/4273609580/erlang_protobuffs-tag-0.7.0/erlang_protobuffs"
$ 5000  `find -P . -type l -delete  2>&1`
$ cd "/home/pete/wefwefwef/docs/erldocs_other.git"
$ cd "/home/pete/wefwefwef/docs/other/4273609580/erlang_protobuffs-tag-0.7.0/erlang_protobuffs"
$ 5000  `ls -1 deps/  2>&1`
$ cd "/home/pete/wefwefwef/docs/erldocs_other.git"
>>> [rebar] deps = ["meck"]
 :: Generating erldocs into /home/pete/wefwefwef/docs/other/4273609580/repo/0.7.0
Building erlang_protobuffs
Generating Type Specs - "/home/pete/wefwefwef/docs/other/4273609580/erlang_protobuffs-tag-0.7.0/erlang_protobuffs/src/pokemon_pb.erl"
Generating Type Specs - "/home/pete/wefwefwef/docs/other/4273609580/erlang_protobuffs-tag-0.7.0/erlang_protobuffs/src/protobuffs.erl"
Generating Type Specs - "/home/pete/wefwefwef/docs/other/4273609580/erlang_protobuffs-tag-0.7.0/erlang_protobuffs/src/protobuffs_compile.erl"
Generating Type Specs - "/home/pete/wefwefwef/docs/other/4273609580/erlang_protobuffs-tag-0.7.0/erlang_protobuffs/src/protobuffs_file.erl"
Generating XML for application erlang_protobuffs "/home/pete/wefwefwef/docs/other/4273609580/erlang_protobuffs-tag-0.7.0/erlang_protobuffs" -> "/home/pete/wefwefwef/docs/other/4273609580/repo/0.7.0/.xml/erlang_protobuffs"
Generated erlang_protobuffs XMLs: ["/home/pete/wefwefwef/docs/other/4273609580/repo/0.7.0/.xml/erlang_protobuffs/protobuffs_compile.xml",
                                   "/home/pete/wefwefwef/docs/other/4273609580/repo/0.7.0/.xml/erlang_protobuffs/protobuffs_file.xml",
                                   "/home/pete/wefwefwef/docs/other/4273609580/repo/0.7.0/.xml/erlang_protobuffs/pokemon_pb.xml",
                                   "/home/pete/wefwefwef/docs/other/4273609580/repo/0.7.0/.xml/erlang_protobuffs/protobuffs.xml"]
Generating HTML - protobuffs_compile "/home/pete/wefwefwef/docs/other/4273609580/repo/0.7.0/.xml/erlang_protobuffs/protobuffs_compile.xml"
Generating HTML - protobuffs_file "/home/pete/wefwefwef/docs/other/4273609580/repo/0.7.0/.xml/erlang_protobuffs/protobuffs_file.xml"
Generating HTML - pokemon_pb "/home/pete/wefwefwef/docs/other/4273609580/repo/0.7.0/.xml/erlang_protobuffs/pokemon_pb.xml"
Generating HTML - protobuffs "/home/pete/wefwefwef/docs/other/4273609580/repo/0.7.0/.xml/erlang_protobuffs/protobuffs.xml"
Reading XML for "/home/pete/wefwefwef/docs/other/4273609580/repo/0.7.0/.xml/erlang_protobuffs/protobuffs_compile.xml"
Reading XML for "/home/pete/wefwefwef/docs/other/4273609580/repo/0.7.0/.xml/erlang_protobuffs/protobuffs_file.xml"
Reading XML for "/home/pete/wefwefwef/docs/other/4273609580/repo/0.7.0/.xml/erlang_protobuffs/pokemon_pb.xml"
Reading XML for "/home/pete/wefwefwef/docs/other/4273609580/repo/0.7.0/.xml/erlang_protobuffs/protobuffs.xml"
Reading XML for "/home/pete/wefwefwef/docs/other/4273609580/repo/0.7.0/.xml/specs_protobuffs_file.xml"
Reading XML for "/home/pete/wefwefwef/docs/other/4273609580/repo/0.7.0/.xml/specs_protobuffs_compile.xml"
Reading XML for "/home/pete/wefwefwef/docs/other/4273609580/repo/0.7.0/.xml/specs_pokemon_pb.xml"
Reading XML for "/home/pete/wefwefwef/docs/other/4273609580/repo/0.7.0/.xml/specs_protobuffs.xml"
Creating index.html ...
Creating erldocs_index.js ...
Woot, finished in 0 Minutes 0 Seconds
 :: Discovering other repos
$ 5000  `rm -r '/home/pete/wefwefwef/docs/other/4273609580/erlang_protobuffs-tag-0.7.0'  2>&1`
 :: Processing https://github.com/lrascao/erlang_protobuffs	{rev,tag,"0.8.0","839e441c194fb946b2a72df24252b377269169cb",undefined,[],[]}
 :: Fetching repo code
$ cd "/home/pete/wefwefwef/docs/other/4273609580/erlang_protobuffs-tag-0.8.0/erlang_protobuffs"
$ infinity  `curl --fail --silent --show-error --location --output '0.8.0.zip' 'https://github.com/lrascao/erlang_protobuffs/archive/0.8.0.zip'  2>&1`
$ cd "/home/pete/wefwefwef/docs/erldocs_other.git"
$ cd "/home/pete/wefwefwef/docs/other/4273609580/erlang_protobuffs-tag-0.8.0/erlang_protobuffs"
$ 5000  `find -P . -type l -delete  2>&1`
$ cd "/home/pete/wefwefwef/docs/erldocs_other.git"
$ cd "/home/pete/wefwefwef/docs/other/4273609580/erlang_protobuffs-tag-0.8.0/erlang_protobuffs"
$ 5000  `find 'erlang_protobuffs-0.8.0' -mindepth 1 -maxdepth 1 -exec mv -t . -- {} +  2>&1`
$ cd "/home/pete/wefwefwef/docs/erldocs_other.git"
 :: Getting dependencies
$ cd "/home/pete/wefwefwef/docs/other/4273609580/erlang_protobuffs-tag-0.8.0/erlang_protobuffs"
$ infinity  `rebar --config '/home/pete/wefwefwef/docs/other/4273609580/erlang_protobuffs-tag-0.8.0/rebar_deps' get-deps  2>&1`
$ cd "/home/pete/wefwefwef/docs/erldocs_other.git"
$ cd "/home/pete/wefwefwef/docs/other/4273609580/erlang_protobuffs-tag-0.8.0/erlang_protobuffs"
$ 5000  `find -P . -type l -delete  2>&1`
$ cd "/home/pete/wefwefwef/docs/erldocs_other.git"
$ cd "/home/pete/wefwefwef/docs/other/4273609580/erlang_protobuffs-tag-0.8.0/erlang_protobuffs"
$ 5000  `ls -1 deps/  2>&1`
$ cd "/home/pete/wefwefwef/docs/erldocs_other.git"
>>> [rebar] deps = ["meck"]
 :: Generating erldocs into /home/pete/wefwefwef/docs/other/4273609580/repo/0.8.0
Building erlang_protobuffs
Generating Type Specs - "/home/pete/wefwefwef/docs/other/4273609580/erlang_protobuffs-tag-0.8.0/erlang_protobuffs/src/pokemon_pb.erl"
Generating Type Specs - "/home/pete/wefwefwef/docs/other/4273609580/erlang_protobuffs-tag-0.8.0/erlang_protobuffs/src/protobuffs.erl"
Generating Type Specs - "/home/pete/wefwefwef/docs/other/4273609580/erlang_protobuffs-tag-0.8.0/erlang_protobuffs/src/protobuffs_compile.erl"
Generating Type Specs - "/home/pete/wefwefwef/docs/other/4273609580/erlang_protobuffs-tag-0.8.0/erlang_protobuffs/src/protobuffs_file.erl"
Generating XML for application erlang_protobuffs "/home/pete/wefwefwef/docs/other/4273609580/erlang_protobuffs-tag-0.8.0/erlang_protobuffs" -> "/home/pete/wefwefwef/docs/other/4273609580/repo/0.8.0/.xml/erlang_protobuffs"
Generated erlang_protobuffs XMLs: ["/home/pete/wefwefwef/docs/other/4273609580/repo/0.8.0/.xml/erlang_protobuffs/protobuffs_compile.xml",
                                   "/home/pete/wefwefwef/docs/other/4273609580/repo/0.8.0/.xml/erlang_protobuffs/protobuffs_file.xml",
                                   "/home/pete/wefwefwef/docs/other/4273609580/repo/0.8.0/.xml/erlang_protobuffs/pokemon_pb.xml",
                                   "/home/pete/wefwefwef/docs/other/4273609580/repo/0.8.0/.xml/erlang_protobuffs/protobuffs.xml"]
Generating HTML - protobuffs_compile "/home/pete/wefwefwef/docs/other/4273609580/repo/0.8.0/.xml/erlang_protobuffs/protobuffs_compile.xml"
Generating HTML - protobuffs_file "/home/pete/wefwefwef/docs/other/4273609580/repo/0.8.0/.xml/erlang_protobuffs/protobuffs_file.xml"
Generating HTML - pokemon_pb "/home/pete/wefwefwef/docs/other/4273609580/repo/0.8.0/.xml/erlang_protobuffs/pokemon_pb.xml"
Generating HTML - protobuffs "/home/pete/wefwefwef/docs/other/4273609580/repo/0.8.0/.xml/erlang_protobuffs/protobuffs.xml"
Reading XML for "/home/pete/wefwefwef/docs/other/4273609580/repo/0.8.0/.xml/erlang_protobuffs/protobuffs_compile.xml"
Reading XML for "/home/pete/wefwefwef/docs/other/4273609580/repo/0.8.0/.xml/erlang_protobuffs/protobuffs_file.xml"
Reading XML for "/home/pete/wefwefwef/docs/other/4273609580/repo/0.8.0/.xml/erlang_protobuffs/pokemon_pb.xml"
Reading XML for "/home/pete/wefwefwef/docs/other/4273609580/repo/0.8.0/.xml/erlang_protobuffs/protobuffs.xml"
Reading XML for "/home/pete/wefwefwef/docs/other/4273609580/repo/0.8.0/.xml/specs_pokemon_pb.xml"
Reading XML for "/home/pete/wefwefwef/docs/other/4273609580/repo/0.8.0/.xml/specs_protobuffs_compile.xml"
Reading XML for "/home/pete/wefwefwef/docs/other/4273609580/repo/0.8.0/.xml/specs_protobuffs_file.xml"
Reading XML for "/home/pete/wefwefwef/docs/other/4273609580/repo/0.8.0/.xml/specs_protobuffs.xml"
Creating index.html ...
Creating erldocs_index.js ...
Woot, finished in 0 Minutes 0 Seconds
 :: Discovering other repos
$ 5000  `rm -r '/home/pete/wefwefwef/docs/other/4273609580/erlang_protobuffs-tag-0.8.0'  2>&1`
 :: Processing https://github.com/lrascao/erlang_protobuffs	{rev,tag,"0.8.0p1","fe1c0cad9693b0f4a2bd48146cf57fe626513cfe",undefined,[],[]}
 :: Fetching repo code
$ cd "/home/pete/wefwefwef/docs/other/4273609580/erlang_protobuffs-tag-0.8.0p1/erlang_protobuffs"
$ infinity  `curl --fail --silent --show-error --location --output '0.8.0p1.zip' 'https://github.com/lrascao/erlang_protobuffs/archive/0.8.0p1.zip'  2>&1`
$ cd "/home/pete/wefwefwef/docs/erldocs_other.git"
$ cd "/home/pete/wefwefwef/docs/other/4273609580/erlang_protobuffs-tag-0.8.0p1/erlang_protobuffs"
$ 5000  `find -P . -type l -delete  2>&1`
$ cd "/home/pete/wefwefwef/docs/erldocs_other.git"
$ cd "/home/pete/wefwefwef/docs/other/4273609580/erlang_protobuffs-tag-0.8.0p1/erlang_protobuffs"
$ 5000  `find 'erlang_protobuffs-0.8.0p1' -mindepth 1 -maxdepth 1 -exec mv -t . -- {} +  2>&1`
$ cd "/home/pete/wefwefwef/docs/erldocs_other.git"
 :: Getting dependencies
$ cd "/home/pete/wefwefwef/docs/other/4273609580/erlang_protobuffs-tag-0.8.0p1/erlang_protobuffs"
$ infinity  `rebar --config '/home/pete/wefwefwef/docs/other/4273609580/erlang_protobuffs-tag-0.8.0p1/rebar_deps' get-deps  2>&1`
$ cd "/home/pete/wefwefwef/docs/erldocs_other.git"
$ cd "/home/pete/wefwefwef/docs/other/4273609580/erlang_protobuffs-tag-0.8.0p1/erlang_protobuffs"
$ 5000  `find -P . -type l -delete  2>&1`
$ cd "/home/pete/wefwefwef/docs/erldocs_other.git"
$ cd "/home/pete/wefwefwef/docs/other/4273609580/erlang_protobuffs-tag-0.8.0p1/erlang_protobuffs"
$ 5000  `ls -1 deps/  2>&1`
$ cd "/home/pete/wefwefwef/docs/erldocs_other.git"
>>> [rebar] deps = ["meck"]
 :: Generating erldocs into /home/pete/wefwefwef/docs/other/4273609580/repo/0.8.0p1
Building erlang_protobuffs
Generating Type Specs - "/home/pete/wefwefwef/docs/other/4273609580/erlang_protobuffs-tag-0.8.0p1/erlang_protobuffs/src/pokemon_pb.erl"
Generating Type Specs - "/home/pete/wefwefwef/docs/other/4273609580/erlang_protobuffs-tag-0.8.0p1/erlang_protobuffs/src/protobuffs.erl"
Generating Type Specs - "/home/pete/wefwefwef/docs/other/4273609580/erlang_protobuffs-tag-0.8.0p1/erlang_protobuffs/src/protobuffs_compile.erl"
Generating Type Specs - "/home/pete/wefwefwef/docs/other/4273609580/erlang_protobuffs-tag-0.8.0p1/erlang_protobuffs/src/protobuffs_file.erl"
Generating XML for application erlang_protobuffs "/home/pete/wefwefwef/docs/other/4273609580/erlang_protobuffs-tag-0.8.0p1/erlang_protobuffs" -> "/home/pete/wefwefwef/docs/other/4273609580/repo/0.8.0p1/.xml/erlang_protobuffs"
Generated erlang_protobuffs XMLs: ["/home/pete/wefwefwef/docs/other/4273609580/repo/0.8.0p1/.xml/erlang_protobuffs/protobuffs_compile.xml",
                                   "/home/pete/wefwefwef/docs/other/4273609580/repo/0.8.0p1/.xml/erlang_protobuffs/protobuffs_file.xml",
                                   "/home/pete/wefwefwef/docs/other/4273609580/repo/0.8.0p1/.xml/erlang_protobuffs/pokemon_pb.xml",
                                   "/home/pete/wefwefwef/docs/other/4273609580/repo/0.8.0p1/.xml/erlang_protobuffs/protobuffs.xml"]
Generating HTML - protobuffs_compile "/home/pete/wefwefwef/docs/other/4273609580/repo/0.8.0p1/.xml/erlang_protobuffs/protobuffs_compile.xml"
Generating HTML - protobuffs_file "/home/pete/wefwefwef/docs/other/4273609580/repo/0.8.0p1/.xml/erlang_protobuffs/protobuffs_file.xml"
Generating HTML - pokemon_pb "/home/pete/wefwefwef/docs/other/4273609580/repo/0.8.0p1/.xml/erlang_protobuffs/pokemon_pb.xml"
Generating HTML - protobuffs "/home/pete/wefwefwef/docs/other/4273609580/repo/0.8.0p1/.xml/erlang_protobuffs/protobuffs.xml"
Reading XML for "/home/pete/wefwefwef/docs/other/4273609580/repo/0.8.0p1/.xml/erlang_protobuffs/protobuffs_compile.xml"
Reading XML for "/home/pete/wefwefwef/docs/other/4273609580/repo/0.8.0p1/.xml/erlang_protobuffs/protobuffs_file.xml"
Reading XML for "/home/pete/wefwefwef/docs/other/4273609580/repo/0.8.0p1/.xml/erlang_protobuffs/pokemon_pb.xml"
Reading XML for "/home/pete/wefwefwef/docs/other/4273609580/repo/0.8.0p1/.xml/erlang_protobuffs/protobuffs.xml"
Reading XML for "/home/pete/wefwefwef/docs/other/4273609580/repo/0.8.0p1/.xml/specs_protobuffs_file.xml"
Reading XML for "/home/pete/wefwefwef/docs/other/4273609580/repo/0.8.0p1/.xml/specs_protobuffs_compile.xml"
Reading XML for "/home/pete/wefwefwef/docs/other/4273609580/repo/0.8.0p1/.xml/specs_pokemon_pb.xml"
Reading XML for "/home/pete/wefwefwef/docs/other/4273609580/repo/0.8.0p1/.xml/specs_protobuffs.xml"
Creating index.html ...
Creating erldocs_index.js ...
Woot, finished in 0 Minutes 0 Seconds
 :: Discovering other repos
$ 5000  `rm -r '/home/pete/wefwefwef/docs/other/4273609580/erlang_protobuffs-tag-0.8.0p1'  2>&1`
 :: Processing https://github.com/lrascao/erlang_protobuffs	{rev,tag,"0.8.1p0","556970f890ff3587a30740f42c9dc2573faad92d",undefined,[],[]}
 :: Fetching repo code
$ cd "/home/pete/wefwefwef/docs/other/4273609580/erlang_protobuffs-tag-0.8.1p0/erlang_protobuffs"
$ infinity  `curl --fail --silent --show-error --location --output '0.8.1p0.zip' 'https://github.com/lrascao/erlang_protobuffs/archive/0.8.1p0.zip'  2>&1`
$ cd "/home/pete/wefwefwef/docs/erldocs_other.git"
$ cd "/home/pete/wefwefwef/docs/other/4273609580/erlang_protobuffs-tag-0.8.1p0/erlang_protobuffs"
$ 5000  `find -P . -type l -delete  2>&1`
$ cd "/home/pete/wefwefwef/docs/erldocs_other.git"
$ cd "/home/pete/wefwefwef/docs/other/4273609580/erlang_protobuffs-tag-0.8.1p0/erlang_protobuffs"
$ 5000  `find 'erlang_protobuffs-0.8.1p0' -mindepth 1 -maxdepth 1 -exec mv -t . -- {} +  2>&1`
$ cd "/home/pete/wefwefwef/docs/erldocs_other.git"
 :: Getting dependencies
$ cd "/home/pete/wefwefwef/docs/other/4273609580/erlang_protobuffs-tag-0.8.1p0/erlang_protobuffs"
$ infinity  `rebar --config '/home/pete/wefwefwef/docs/other/4273609580/erlang_protobuffs-tag-0.8.1p0/rebar_deps' get-deps  2>&1`
$ cd "/home/pete/wefwefwef/docs/erldocs_other.git"
$ cd "/home/pete/wefwefwef/docs/other/4273609580/erlang_protobuffs-tag-0.8.1p0/erlang_protobuffs"
$ 5000  `find -P . -type l -delete  2>&1`
$ cd "/home/pete/wefwefwef/docs/erldocs_other.git"
$ cd "/home/pete/wefwefwef/docs/other/4273609580/erlang_protobuffs-tag-0.8.1p0/erlang_protobuffs"
$ 5000  `ls -1 deps/  2>&1`
$ cd "/home/pete/wefwefwef/docs/erldocs_other.git"
>>> [rebar] deps = ["meck"]
 :: Generating erldocs into /home/pete/wefwefwef/docs/other/4273609580/repo/0.8.1p0
Building erlang_protobuffs
Generating Type Specs - "/home/pete/wefwefwef/docs/other/4273609580/erlang_protobuffs-tag-0.8.1p0/erlang_protobuffs/src/pokemon_pb.erl"
Generating Type Specs - "/home/pete/wefwefwef/docs/other/4273609580/erlang_protobuffs-tag-0.8.1p0/erlang_protobuffs/src/protobuffs.erl"
Generating Type Specs - "/home/pete/wefwefwef/docs/other/4273609580/erlang_protobuffs-tag-0.8.1p0/erlang_protobuffs/src/protobuffs_compile.erl"
Generating Type Specs - "/home/pete/wefwefwef/docs/other/4273609580/erlang_protobuffs-tag-0.8.1p0/erlang_protobuffs/src/protobuffs_file.erl"
Generating XML for application erlang_protobuffs "/home/pete/wefwefwef/docs/other/4273609580/erlang_protobuffs-tag-0.8.1p0/erlang_protobuffs" -> "/home/pete/wefwefwef/docs/other/4273609580/repo/0.8.1p0/.xml/erlang_protobuffs"
Generated erlang_protobuffs XMLs: ["/home/pete/wefwefwef/docs/other/4273609580/repo/0.8.1p0/.xml/erlang_protobuffs/protobuffs_compile.xml",
                                   "/home/pete/wefwefwef/docs/other/4273609580/repo/0.8.1p0/.xml/erlang_protobuffs/protobuffs_file.xml",
                                   "/home/pete/wefwefwef/docs/other/4273609580/repo/0.8.1p0/.xml/erlang_protobuffs/pokemon_pb.xml",
                                   "/home/pete/wefwefwef/docs/other/4273609580/repo/0.8.1p0/.xml/erlang_protobuffs/protobuffs.xml"]
Generating HTML - protobuffs_compile "/home/pete/wefwefwef/docs/other/4273609580/repo/0.8.1p0/.xml/erlang_protobuffs/protobuffs_compile.xml"
Generating HTML - protobuffs_file "/home/pete/wefwefwef/docs/other/4273609580/repo/0.8.1p0/.xml/erlang_protobuffs/protobuffs_file.xml"
Generating HTML - pokemon_pb "/home/pete/wefwefwef/docs/other/4273609580/repo/0.8.1p0/.xml/erlang_protobuffs/pokemon_pb.xml"
Generating HTML - protobuffs "/home/pete/wefwefwef/docs/other/4273609580/repo/0.8.1p0/.xml/erlang_protobuffs/protobuffs.xml"
Reading XML for "/home/pete/wefwefwef/docs/other/4273609580/repo/0.8.1p0/.xml/erlang_protobuffs/protobuffs_compile.xml"
Reading XML for "/home/pete/wefwefwef/docs/other/4273609580/repo/0.8.1p0/.xml/erlang_protobuffs/protobuffs_file.xml"
Reading XML for "/home/pete/wefwefwef/docs/other/4273609580/repo/0.8.1p0/.xml/erlang_protobuffs/pokemon_pb.xml"
Reading XML for "/home/pete/wefwefwef/docs/other/4273609580/repo/0.8.1p0/.xml/erlang_protobuffs/protobuffs.xml"
Reading XML for "/home/pete/wefwefwef/docs/other/4273609580/repo/0.8.1p0/.xml/specs_protobuffs_compile.xml"
Reading XML for "/home/pete/wefwefwef/docs/other/4273609580/repo/0.8.1p0/.xml/specs_protobuffs_file.xml"
Reading XML for "/home/pete/wefwefwef/docs/other/4273609580/repo/0.8.1p0/.xml/specs_pokemon_pb.xml"
Reading XML for "/home/pete/wefwefwef/docs/other/4273609580/repo/0.8.1p0/.xml/specs_protobuffs.xml"
Creating index.html ...
Creating erldocs_index.js ...
Woot, finished in 0 Minutes 0 Seconds
 :: Discovering other repos
$ 5000  `rm -r '/home/pete/wefwefwef/docs/other/4273609580/erlang_protobuffs-tag-0.8.1p0'  2>&1`
 :: Processing https://github.com/lrascao/erlang_protobuffs	{rev,tag,"0.8.1p1","ec7e99f57f5bbcd91c56242091485d41bc78c3d4",undefined,[],[]}
 :: Fetching repo code
$ cd "/home/pete/wefwefwef/docs/other/4273609580/erlang_protobuffs-tag-0.8.1p1/erlang_protobuffs"
$ infinity  `curl --fail --silent --show-error --location --output '0.8.1p1.zip' 'https://github.com/lrascao/erlang_protobuffs/archive/0.8.1p1.zip'  2>&1`
$ cd "/home/pete/wefwefwef/docs/erldocs_other.git"
$ cd "/home/pete/wefwefwef/docs/other/4273609580/erlang_protobuffs-tag-0.8.1p1/erlang_protobuffs"
$ 5000  `find -P . -type l -delete  2>&1`
$ cd "/home/pete/wefwefwef/docs/erldocs_other.git"
$ cd "/home/pete/wefwefwef/docs/other/4273609580/erlang_protobuffs-tag-0.8.1p1/erlang_protobuffs"
$ 5000  `find 'erlang_protobuffs-0.8.1p1' -mindepth 1 -maxdepth 1 -exec mv -t . -- {} +  2>&1`
$ cd "/home/pete/wefwefwef/docs/erldocs_other.git"
 :: Getting dependencies
$ cd "/home/pete/wefwefwef/docs/other/4273609580/erlang_protobuffs-tag-0.8.1p1/erlang_protobuffs"
$ infinity  `rebar --config '/home/pete/wefwefwef/docs/other/4273609580/erlang_protobuffs-tag-0.8.1p1/rebar_deps' get-deps  2>&1`
$ cd "/home/pete/wefwefwef/docs/erldocs_other.git"
$ cd "/home/pete/wefwefwef/docs/other/4273609580/erlang_protobuffs-tag-0.8.1p1/erlang_protobuffs"
$ 5000  `find -P . -type l -delete  2>&1`
$ cd "/home/pete/wefwefwef/docs/erldocs_other.git"
$ cd "/home/pete/wefwefwef/docs/other/4273609580/erlang_protobuffs-tag-0.8.1p1/erlang_protobuffs"
$ 5000  `ls -1 deps/  2>&1`
$ cd "/home/pete/wefwefwef/docs/erldocs_other.git"
>>> [rebar] deps = ["meck"]
 :: Generating erldocs into /home/pete/wefwefwef/docs/other/4273609580/repo/0.8.1p1
Building erlang_protobuffs
Generating Type Specs - "/home/pete/wefwefwef/docs/other/4273609580/erlang_protobuffs-tag-0.8.1p1/erlang_protobuffs/src/pokemon_pb.erl"
Generating Type Specs - "/home/pete/wefwefwef/docs/other/4273609580/erlang_protobuffs-tag-0.8.1p1/erlang_protobuffs/src/protobuffs.erl"
Generating Type Specs - "/home/pete/wefwefwef/docs/other/4273609580/erlang_protobuffs-tag-0.8.1p1/erlang_protobuffs/src/protobuffs_compile.erl"
Generating Type Specs - "/home/pete/wefwefwef/docs/other/4273609580/erlang_protobuffs-tag-0.8.1p1/erlang_protobuffs/src/protobuffs_file.erl"
Generating XML for application erlang_protobuffs "/home/pete/wefwefwef/docs/other/4273609580/erlang_protobuffs-tag-0.8.1p1/erlang_protobuffs" -> "/home/pete/wefwefwef/docs/other/4273609580/repo/0.8.1p1/.xml/erlang_protobuffs"
Generated erlang_protobuffs XMLs: ["/home/pete/wefwefwef/docs/other/4273609580/repo/0.8.1p1/.xml/erlang_protobuffs/protobuffs_compile.xml",
                                   "/home/pete/wefwefwef/docs/other/4273609580/repo/0.8.1p1/.xml/erlang_protobuffs/protobuffs_file.xml",
                                   "/home/pete/wefwefwef/docs/other/4273609580/repo/0.8.1p1/.xml/erlang_protobuffs/pokemon_pb.xml",
                                   "/home/pete/wefwefwef/docs/other/4273609580/repo/0.8.1p1/.xml/erlang_protobuffs/protobuffs.xml"]
Generating HTML - protobuffs_compile "/home/pete/wefwefwef/docs/other/4273609580/repo/0.8.1p1/.xml/erlang_protobuffs/protobuffs_compile.xml"
Generating HTML - protobuffs_file "/home/pete/wefwefwef/docs/other/4273609580/repo/0.8.1p1/.xml/erlang_protobuffs/protobuffs_file.xml"
Generating HTML - pokemon_pb "/home/pete/wefwefwef/docs/other/4273609580/repo/0.8.1p1/.xml/erlang_protobuffs/pokemon_pb.xml"
Generating HTML - protobuffs "/home/pete/wefwefwef/docs/other/4273609580/repo/0.8.1p1/.xml/erlang_protobuffs/protobuffs.xml"
Reading XML for "/home/pete/wefwefwef/docs/other/4273609580/repo/0.8.1p1/.xml/erlang_protobuffs/protobuffs_compile.xml"
Reading XML for "/home/pete/wefwefwef/docs/other/4273609580/repo/0.8.1p1/.xml/erlang_protobuffs/protobuffs_file.xml"
Reading XML for "/home/pete/wefwefwef/docs/other/4273609580/repo/0.8.1p1/.xml/erlang_protobuffs/pokemon_pb.xml"
Reading XML for "/home/pete/wefwefwef/docs/other/4273609580/repo/0.8.1p1/.xml/erlang_protobuffs/protobuffs.xml"
Reading XML for "/home/pete/wefwefwef/docs/other/4273609580/repo/0.8.1p1/.xml/specs_protobuffs_file.xml"
Reading XML for "/home/pete/wefwefwef/docs/other/4273609580/repo/0.8.1p1/.xml/specs_protobuffs_compile.xml"
Reading XML for "/home/pete/wefwefwef/docs/other/4273609580/repo/0.8.1p1/.xml/specs_pokemon_pb.xml"
Reading XML for "/home/pete/wefwefwef/docs/other/4273609580/repo/0.8.1p1/.xml/specs_protobuffs.xml"
Creating index.html ...
Creating erldocs_index.js ...
Woot, finished in 0 Minutes 0 Seconds
 :: Discovering other repos
$ 5000  `rm -r '/home/pete/wefwefwef/docs/other/4273609580/erlang_protobuffs-tag-0.8.1p1'  2>&1`
 :: Processing https://github.com/lrascao/erlang_protobuffs	{rev,tag,"0.8.1p2","0b00f9031cda5ffe83a3d183e14f2dc918bc2932",undefined,[],[]}
 :: Fetching repo code
$ cd "/home/pete/wefwefwef/docs/other/4273609580/erlang_protobuffs-tag-0.8.1p2/erlang_protobuffs"
$ infinity  `curl --fail --silent --show-error --location --output '0.8.1p2.zip' 'https://github.com/lrascao/erlang_protobuffs/archive/0.8.1p2.zip'  2>&1`
$ cd "/home/pete/wefwefwef/docs/erldocs_other.git"
$ cd "/home/pete/wefwefwef/docs/other/4273609580/erlang_protobuffs-tag-0.8.1p2/erlang_protobuffs"
$ 5000  `find -P . -type l -delete  2>&1`
$ cd "/home/pete/wefwefwef/docs/erldocs_other.git"
$ cd "/home/pete/wefwefwef/docs/other/4273609580/erlang_protobuffs-tag-0.8.1p2/erlang_protobuffs"
$ 5000  `find 'erlang_protobuffs-0.8.1p2' -mindepth 1 -maxdepth 1 -exec mv -t . -- {} +  2>&1`
$ cd "/home/pete/wefwefwef/docs/erldocs_other.git"
 :: Getting dependencies
$ cd "/home/pete/wefwefwef/docs/other/4273609580/erlang_protobuffs-tag-0.8.1p2/erlang_protobuffs"
$ infinity  `rebar --config '/home/pete/wefwefwef/docs/other/4273609580/erlang_protobuffs-tag-0.8.1p2/rebar_deps' get-deps  2>&1`
$ cd "/home/pete/wefwefwef/docs/erldocs_other.git"
$ cd "/home/pete/wefwefwef/docs/other/4273609580/erlang_protobuffs-tag-0.8.1p2/erlang_protobuffs"
$ 5000  `find -P . -type l -delete  2>&1`
$ cd "/home/pete/wefwefwef/docs/erldocs_other.git"
$ cd "/home/pete/wefwefwef/docs/other/4273609580/erlang_protobuffs-tag-0.8.1p2/erlang_protobuffs"
$ 5000  `ls -1 deps/  2>&1`
$ cd "/home/pete/wefwefwef/docs/erldocs_other.git"
>>> [rebar] deps = ["meck"]
 :: Generating erldocs into /home/pete/wefwefwef/docs/other/4273609580/repo/0.8.1p2
Building erlang_protobuffs
Generating Type Specs - "/home/pete/wefwefwef/docs/other/4273609580/erlang_protobuffs-tag-0.8.1p2/erlang_protobuffs/src/pokemon_pb.erl"
Generating Type Specs - "/home/pete/wefwefwef/docs/other/4273609580/erlang_protobuffs-tag-0.8.1p2/erlang_protobuffs/src/protobuffs.erl"
Generating Type Specs - "/home/pete/wefwefwef/docs/other/4273609580/erlang_protobuffs-tag-0.8.1p2/erlang_protobuffs/src/protobuffs_compile.erl"
Generating Type Specs - "/home/pete/wefwefwef/docs/other/4273609580/erlang_protobuffs-tag-0.8.1p2/erlang_protobuffs/src/protobuffs_file.erl"
Generating XML for application erlang_protobuffs "/home/pete/wefwefwef/docs/other/4273609580/erlang_protobuffs-tag-0.8.1p2/erlang_protobuffs" -> "/home/pete/wefwefwef/docs/other/4273609580/repo/0.8.1p2/.xml/erlang_protobuffs"
Generated erlang_protobuffs XMLs: ["/home/pete/wefwefwef/docs/other/4273609580/repo/0.8.1p2/.xml/erlang_protobuffs/protobuffs_compile.xml",
                                   "/home/pete/wefwefwef/docs/other/4273609580/repo/0.8.1p2/.xml/erlang_protobuffs/protobuffs_file.xml",
                                   "/home/pete/wefwefwef/docs/other/4273609580/repo/0.8.1p2/.xml/erlang_protobuffs/pokemon_pb.xml",
                                   "/home/pete/wefwefwef/docs/other/4273609580/repo/0.8.1p2/.xml/erlang_protobuffs/protobuffs.xml"]
Generating HTML - protobuffs_compile "/home/pete/wefwefwef/docs/other/4273609580/repo/0.8.1p2/.xml/erlang_protobuffs/protobuffs_compile.xml"
Generating HTML - protobuffs_file "/home/pete/wefwefwef/docs/other/4273609580/repo/0.8.1p2/.xml/erlang_protobuffs/protobuffs_file.xml"
Generating HTML - pokemon_pb "/home/pete/wefwefwef/docs/other/4273609580/repo/0.8.1p2/.xml/erlang_protobuffs/pokemon_pb.xml"
Generating HTML - protobuffs "/home/pete/wefwefwef/docs/other/4273609580/repo/0.8.1p2/.xml/erlang_protobuffs/protobuffs.xml"
Reading XML for "/home/pete/wefwefwef/docs/other/4273609580/repo/0.8.1p2/.xml/erlang_protobuffs/protobuffs_compile.xml"
Reading XML for "/home/pete/wefwefwef/docs/other/4273609580/repo/0.8.1p2/.xml/erlang_protobuffs/protobuffs_file.xml"
Reading XML for "/home/pete/wefwefwef/docs/other/4273609580/repo/0.8.1p2/.xml/erlang_protobuffs/pokemon_pb.xml"
Reading XML for "/home/pete/wefwefwef/docs/other/4273609580/repo/0.8.1p2/.xml/erlang_protobuffs/protobuffs.xml"
Reading XML for "/home/pete/wefwefwef/docs/other/4273609580/repo/0.8.1p2/.xml/specs_protobuffs_file.xml"
Reading XML for "/home/pete/wefwefwef/docs/other/4273609580/repo/0.8.1p2/.xml/specs_protobuffs_compile.xml"
Reading XML for "/home/pete/wefwefwef/docs/other/4273609580/repo/0.8.1p2/.xml/specs_pokemon_pb.xml"
Reading XML for "/home/pete/wefwefwef/docs/other/4273609580/repo/0.8.1p2/.xml/specs_protobuffs.xml"
Creating index.html ...
Creating erldocs_index.js ...
Woot, finished in 0 Minutes 0 Seconds
 :: Discovering other repos
$ 5000  `rm -r '/home/pete/wefwefwef/docs/other/4273609580/erlang_protobuffs-tag-0.8.1p2'  2>&1`
 :: Processing https://github.com/lrascao/erlang_protobuffs	{rev,tag,"0.8.1p3","37f9b1c50abd867302b9ff5c3ca59ea157cdf3e5",undefined,[],[]}
 :: Fetching repo code
$ cd "/home/pete/wefwefwef/docs/other/4273609580/erlang_protobuffs-tag-0.8.1p3/erlang_protobuffs"
$ infinity  `curl --fail --silent --show-error --location --output '0.8.1p3.zip' 'https://github.com/lrascao/erlang_protobuffs/archive/0.8.1p3.zip'  2>&1`
$ cd "/home/pete/wefwefwef/docs/erldocs_other.git"
$ cd "/home/pete/wefwefwef/docs/other/4273609580/erlang_protobuffs-tag-0.8.1p3/erlang_protobuffs"
$ 5000  `find -P . -type l -delete  2>&1`
$ cd "/home/pete/wefwefwef/docs/erldocs_other.git"
$ cd "/home/pete/wefwefwef/docs/other/4273609580/erlang_protobuffs-tag-0.8.1p3/erlang_protobuffs"
$ 5000  `find 'erlang_protobuffs-0.8.1p3' -mindepth 1 -maxdepth 1 -exec mv -t . -- {} +  2>&1`
$ cd "/home/pete/wefwefwef/docs/erldocs_other.git"
 :: Getting dependencies
$ cd "/home/pete/wefwefwef/docs/other/4273609580/erlang_protobuffs-tag-0.8.1p3/erlang_protobuffs"
$ infinity  `rebar --config '/home/pete/wefwefwef/docs/other/4273609580/erlang_protobuffs-tag-0.8.1p3/rebar_deps' get-deps  2>&1`
$ cd "/home/pete/wefwefwef/docs/erldocs_other.git"
$ cd "/home/pete/wefwefwef/docs/other/4273609580/erlang_protobuffs-tag-0.8.1p3/erlang_protobuffs"
$ 5000  `find -P . -type l -delete  2>&1`
$ cd "/home/pete/wefwefwef/docs/erldocs_other.git"
$ cd "/home/pete/wefwefwef/docs/other/4273609580/erlang_protobuffs-tag-0.8.1p3/erlang_protobuffs"
$ 5000  `ls -1 deps/  2>&1`
$ cd "/home/pete/wefwefwef/docs/erldocs_other.git"
>>> [rebar] deps = ["meck"]
 :: Generating erldocs into /home/pete/wefwefwef/docs/other/4273609580/repo/0.8.1p3
Building erlang_protobuffs
Generating Type Specs - "/home/pete/wefwefwef/docs/other/4273609580/erlang_protobuffs-tag-0.8.1p3/erlang_protobuffs/src/pokemon_pb.erl"
Generating Type Specs - "/home/pete/wefwefwef/docs/other/4273609580/erlang_protobuffs-tag-0.8.1p3/erlang_protobuffs/src/protobuffs.erl"
Generating Type Specs - "/home/pete/wefwefwef/docs/other/4273609580/erlang_protobuffs-tag-0.8.1p3/erlang_protobuffs/src/protobuffs_compile.erl"
Generating Type Specs - "/home/pete/wefwefwef/docs/other/4273609580/erlang_protobuffs-tag-0.8.1p3/erlang_protobuffs/src/protobuffs_file.erl"
Generating XML for application erlang_protobuffs "/home/pete/wefwefwef/docs/other/4273609580/erlang_protobuffs-tag-0.8.1p3/erlang_protobuffs" -> "/home/pete/wefwefwef/docs/other/4273609580/repo/0.8.1p3/.xml/erlang_protobuffs"
Generated erlang_protobuffs XMLs: ["/home/pete/wefwefwef/docs/other/4273609580/repo/0.8.1p3/.xml/erlang_protobuffs/protobuffs_compile.xml",
                                   "/home/pete/wefwefwef/docs/other/4273609580/repo/0.8.1p3/.xml/erlang_protobuffs/protobuffs_file.xml",
                                   "/home/pete/wefwefwef/docs/other/4273609580/repo/0.8.1p3/.xml/erlang_protobuffs/pokemon_pb.xml",
                                   "/home/pete/wefwefwef/docs/other/4273609580/repo/0.8.1p3/.xml/erlang_protobuffs/protobuffs.xml"]
Generating HTML - protobuffs_compile "/home/pete/wefwefwef/docs/other/4273609580/repo/0.8.1p3/.xml/erlang_protobuffs/protobuffs_compile.xml"
Generating HTML - protobuffs_file "/home/pete/wefwefwef/docs/other/4273609580/repo/0.8.1p3/.xml/erlang_protobuffs/protobuffs_file.xml"
Generating HTML - pokemon_pb "/home/pete/wefwefwef/docs/other/4273609580/repo/0.8.1p3/.xml/erlang_protobuffs/pokemon_pb.xml"
Generating HTML - protobuffs "/home/pete/wefwefwef/docs/other/4273609580/repo/0.8.1p3/.xml/erlang_protobuffs/protobuffs.xml"
Reading XML for "/home/pete/wefwefwef/docs/other/4273609580/repo/0.8.1p3/.xml/erlang_protobuffs/protobuffs_compile.xml"
Reading XML for "/home/pete/wefwefwef/docs/other/4273609580/repo/0.8.1p3/.xml/erlang_protobuffs/protobuffs_file.xml"
Reading XML for "/home/pete/wefwefwef/docs/other/4273609580/repo/0.8.1p3/.xml/erlang_protobuffs/pokemon_pb.xml"
Reading XML for "/home/pete/wefwefwef/docs/other/4273609580/repo/0.8.1p3/.xml/erlang_protobuffs/protobuffs.xml"
Reading XML for "/home/pete/wefwefwef/docs/other/4273609580/repo/0.8.1p3/.xml/specs_protobuffs_compile.xml"
Reading XML for "/home/pete/wefwefwef/docs/other/4273609580/repo/0.8.1p3/.xml/specs_pokemon_pb.xml"
Reading XML for "/home/pete/wefwefwef/docs/other/4273609580/repo/0.8.1p3/.xml/specs_protobuffs_file.xml"
Reading XML for "/home/pete/wefwefwef/docs/other/4273609580/repo/0.8.1p3/.xml/specs_protobuffs.xml"
Creating index.html ...
Creating erldocs_index.js ...
Woot, finished in 0 Minutes 0 Seconds
 :: Discovering other repos
$ 5000  `rm -r '/home/pete/wefwefwef/docs/other/4273609580/erlang_protobuffs-tag-0.8.1p3'  2>&1`
 :: Processing https://github.com/lrascao/erlang_protobuffs	{rev,tag,"0.6.0","513e92d33fd42e283dfb23e2ac0196c2c325e7f9",undefined,[],[]}
 :: Fetching repo code
$ cd "/home/pete/wefwefwef/docs/other/4273609580/erlang_protobuffs-tag-0.6.0/erlang_protobuffs"
$ infinity  `curl --fail --silent --show-error --location --output '0.6.0.zip' 'https://github.com/lrascao/erlang_protobuffs/archive/0.6.0.zip'  2>&1`
$ cd "/home/pete/wefwefwef/docs/erldocs_other.git"
$ cd "/home/pete/wefwefwef/docs/other/4273609580/erlang_protobuffs-tag-0.6.0/erlang_protobuffs"
$ 5000  `find -P . -type l -delete  2>&1`
$ cd "/home/pete/wefwefwef/docs/erldocs_other.git"
$ cd "/home/pete/wefwefwef/docs/other/4273609580/erlang_protobuffs-tag-0.6.0/erlang_protobuffs"
$ 5000  `find 'erlang_protobuffs-0.6.0' -mindepth 1 -maxdepth 1 -exec mv -t . -- {} +  2>&1`
$ cd "/home/pete/wefwefwef/docs/erldocs_other.git"
 :: Getting dependencies
$ cd "/home/pete/wefwefwef/docs/other/4273609580/erlang_protobuffs-tag-0.6.0/erlang_protobuffs"
$ infinity  `rebar --config '/home/pete/wefwefwef/docs/other/4273609580/erlang_protobuffs-tag-0.6.0/rebar_deps' get-deps  2>&1`
$ cd "/home/pete/wefwefwef/docs/erldocs_other.git"
$ cd "/home/pete/wefwefwef/docs/other/4273609580/erlang_protobuffs-tag-0.6.0/erlang_protobuffs"
$ 5000  `find -P . -type l -delete  2>&1`
$ cd "/home/pete/wefwefwef/docs/erldocs_other.git"
$ cd "/home/pete/wefwefwef/docs/other/4273609580/erlang_protobuffs-tag-0.6.0/erlang_protobuffs"
$ 5000  `ls -1 deps/  2>&1`
$ cd "/home/pete/wefwefwef/docs/erldocs_other.git"
>>> [rebar] deps = ["meck","proper"]
 :: Generating erldocs into /home/pete/wefwefwef/docs/other/4273609580/repo/0.6.0
Building erlang_protobuffs
Generating Type Specs - "/home/pete/wefwefwef/docs/other/4273609580/erlang_protobuffs-tag-0.6.0/erlang_protobuffs/src/pokemon_pb.erl"
Generating Type Specs - "/home/pete/wefwefwef/docs/other/4273609580/erlang_protobuffs-tag-0.6.0/erlang_protobuffs/src/protobuffs.erl"
Generating Type Specs - "/home/pete/wefwefwef/docs/other/4273609580/erlang_protobuffs-tag-0.6.0/erlang_protobuffs/src/protobuffs_compile.erl"
Generating Type Specs - "/home/pete/wefwefwef/docs/other/4273609580/erlang_protobuffs-tag-0.6.0/erlang_protobuffs/src/protobuffs_file.erl"
Generating XML for application erlang_protobuffs "/home/pete/wefwefwef/docs/other/4273609580/erlang_protobuffs-tag-0.6.0/erlang_protobuffs" -> "/home/pete/wefwefwef/docs/other/4273609580/repo/0.6.0/.xml/erlang_protobuffs"
Generated erlang_protobuffs XMLs: ["/home/pete/wefwefwef/docs/other/4273609580/repo/0.6.0/.xml/erlang_protobuffs/protobuffs_compile.xml",
                                   "/home/pete/wefwefwef/docs/other/4273609580/repo/0.6.0/.xml/erlang_protobuffs/protobuffs_file.xml",
                                   "/home/pete/wefwefwef/docs/other/4273609580/repo/0.6.0/.xml/erlang_protobuffs/pokemon_pb.xml",
                                   "/home/pete/wefwefwef/docs/other/4273609580/repo/0.6.0/.xml/erlang_protobuffs/protobuffs.xml"]
Generating HTML - protobuffs_compile "/home/pete/wefwefwef/docs/other/4273609580/repo/0.6.0/.xml/erlang_protobuffs/protobuffs_compile.xml"
Generating HTML - protobuffs_file "/home/pete/wefwefwef/docs/other/4273609580/repo/0.6.0/.xml/erlang_protobuffs/protobuffs_file.xml"
Generating HTML - pokemon_pb "/home/pete/wefwefwef/docs/other/4273609580/repo/0.6.0/.xml/erlang_protobuffs/pokemon_pb.xml"
Generating HTML - protobuffs "/home/pete/wefwefwef/docs/other/4273609580/repo/0.6.0/.xml/erlang_protobuffs/protobuffs.xml"
Reading XML for "/home/pete/wefwefwef/docs/other/4273609580/repo/0.6.0/.xml/erlang_protobuffs/protobuffs_compile.xml"
Reading XML for "/home/pete/wefwefwef/docs/other/4273609580/repo/0.6.0/.xml/erlang_protobuffs/protobuffs_file.xml"
Reading XML for "/home/pete/wefwefwef/docs/other/4273609580/repo/0.6.0/.xml/erlang_protobuffs/pokemon_pb.xml"
Reading XML for "/home/pete/wefwefwef/docs/other/4273609580/repo/0.6.0/.xml/erlang_protobuffs/protobuffs.xml"
Reading XML for "/home/pete/wefwefwef/docs/other/4273609580/repo/0.6.0/.xml/specs_protobuffs_compile.xml"
Reading XML for "/home/pete/wefwefwef/docs/other/4273609580/repo/0.6.0/.xml/specs_protobuffs_file.xml"
Reading XML for "/home/pete/wefwefwef/docs/other/4273609580/repo/0.6.0/.xml/specs_pokemon_pb.xml"
Reading XML for "/home/pete/wefwefwef/docs/other/4273609580/repo/0.6.0/.xml/specs_protobuffs.xml"
Creating index.html ...
Creating erldocs_index.js ...
Woot, finished in 0 Minutes 0 Seconds
 :: Discovering other repos
$ 5000  `rm -r '/home/pete/wefwefwef/docs/other/4273609580/erlang_protobuffs-tag-0.6.0'  2>&1`
 :: Processing https://github.com/lrascao/erlang_protobuffs	{rev,tag,"0.8.1","f90e025518bdfbe48d6303c6aa5101297c56fb7b",undefined,[],[]}
 :: Fetching repo code
$ cd "/home/pete/wefwefwef/docs/other/4273609580/erlang_protobuffs-tag-0.8.1/erlang_protobuffs"
$ infinity  `curl --fail --silent --show-error --location --output '0.8.1.zip' 'https://github.com/lrascao/erlang_protobuffs/archive/0.8.1.zip'  2>&1`
$ cd "/home/pete/wefwefwef/docs/erldocs_other.git"
$ cd "/home/pete/wefwefwef/docs/other/4273609580/erlang_protobuffs-tag-0.8.1/erlang_protobuffs"
$ 5000  `find -P . -type l -delete  2>&1`
$ cd "/home/pete/wefwefwef/docs/erldocs_other.git"
$ cd "/home/pete/wefwefwef/docs/other/4273609580/erlang_protobuffs-tag-0.8.1/erlang_protobuffs"
$ 5000  `find 'erlang_protobuffs-0.8.1' -mindepth 1 -maxdepth 1 -exec mv -t . -- {} +  2>&1`
$ cd "/home/pete/wefwefwef/docs/erldocs_other.git"
 :: Getting dependencies
$ cd "/home/pete/wefwefwef/docs/other/4273609580/erlang_protobuffs-tag-0.8.1/erlang_protobuffs"
$ infinity  `rebar --config '/home/pete/wefwefwef/docs/other/4273609580/erlang_protobuffs-tag-0.8.1/rebar_deps' get-deps  2>&1`
$ cd "/home/pete/wefwefwef/docs/erldocs_other.git"
$ cd "/home/pete/wefwefwef/docs/other/4273609580/erlang_protobuffs-tag-0.8.1/erlang_protobuffs"
$ 5000  `find -P . -type l -delete  2>&1`
$ cd "/home/pete/wefwefwef/docs/erldocs_other.git"
$ cd "/home/pete/wefwefwef/docs/other/4273609580/erlang_protobuffs-tag-0.8.1/erlang_protobuffs"
$ 5000  `ls -1 deps/  2>&1`
$ cd "/home/pete/wefwefwef/docs/erldocs_other.git"
>>> [rebar] deps = ["meck"]
 :: Generating erldocs into /home/pete/wefwefwef/docs/other/4273609580/repo/0.8.1
Building erlang_protobuffs
Generating Type Specs - "/home/pete/wefwefwef/docs/other/4273609580/erlang_protobuffs-tag-0.8.1/erlang_protobuffs/src/pokemon_pb.erl"
Generating Type Specs - "/home/pete/wefwefwef/docs/other/4273609580/erlang_protobuffs-tag-0.8.1/erlang_protobuffs/src/protobuffs.erl"
Generating Type Specs - "/home/pete/wefwefwef/docs/other/4273609580/erlang_protobuffs-tag-0.8.1/erlang_protobuffs/src/protobuffs_compile.erl"
Generating Type Specs - "/home/pete/wefwefwef/docs/other/4273609580/erlang_protobuffs-tag-0.8.1/erlang_protobuffs/src/protobuffs_file.erl"
Generating XML for application erlang_protobuffs "/home/pete/wefwefwef/docs/other/4273609580/erlang_protobuffs-tag-0.8.1/erlang_protobuffs" -> "/home/pete/wefwefwef/docs/other/4273609580/repo/0.8.1/.xml/erlang_protobuffs"
Generated erlang_protobuffs XMLs: ["/home/pete/wefwefwef/docs/other/4273609580/repo/0.8.1/.xml/erlang_protobuffs/protobuffs_compile.xml",
                                   "/home/pete/wefwefwef/docs/other/4273609580/repo/0.8.1/.xml/erlang_protobuffs/protobuffs_file.xml",
                                   "/home/pete/wefwefwef/docs/other/4273609580/repo/0.8.1/.xml/erlang_protobuffs/pokemon_pb.xml",
                                   "/home/pete/wefwefwef/docs/other/4273609580/repo/0.8.1/.xml/erlang_protobuffs/protobuffs.xml"]
Generating HTML - protobuffs_compile "/home/pete/wefwefwef/docs/other/4273609580/repo/0.8.1/.xml/erlang_protobuffs/protobuffs_compile.xml"
Generating HTML - protobuffs_file "/home/pete/wefwefwef/docs/other/4273609580/repo/0.8.1/.xml/erlang_protobuffs/protobuffs_file.xml"
Generating HTML - pokemon_pb "/home/pete/wefwefwef/docs/other/4273609580/repo/0.8.1/.xml/erlang_protobuffs/pokemon_pb.xml"
Generating HTML - protobuffs "/home/pete/wefwefwef/docs/other/4273609580/repo/0.8.1/.xml/erlang_protobuffs/protobuffs.xml"
Reading XML for "/home/pete/wefwefwef/docs/other/4273609580/repo/0.8.1/.xml/erlang_protobuffs/protobuffs_compile.xml"
Reading XML for "/home/pete/wefwefwef/docs/other/4273609580/repo/0.8.1/.xml/erlang_protobuffs/protobuffs_file.xml"
Reading XML for "/home/pete/wefwefwef/docs/other/4273609580/repo/0.8.1/.xml/erlang_protobuffs/pokemon_pb.xml"
Reading XML for "/home/pete/wefwefwef/docs/other/4273609580/repo/0.8.1/.xml/erlang_protobuffs/protobuffs.xml"
Reading XML for "/home/pete/wefwefwef/docs/other/4273609580/repo/0.8.1/.xml/specs_pokemon_pb.xml"
Reading XML for "/home/pete/wefwefwef/docs/other/4273609580/repo/0.8.1/.xml/specs_protobuffs_file.xml"
Reading XML for "/home/pete/wefwefwef/docs/other/4273609580/repo/0.8.1/.xml/specs_protobuffs_compile.xml"
Reading XML for "/home/pete/wefwefwef/docs/other/4273609580/repo/0.8.1/.xml/specs_protobuffs.xml"
Creating index.html ...
Creating erldocs_index.js ...
Woot, finished in 0 Minutes 0 Seconds
 :: Discovering other repos
$ 5000  `rm -r '/home/pete/wefwefwef/docs/other/4273609580/erlang_protobuffs-tag-0.8.1'  2>&1`
 :: Processing https://github.com/lrascao/erlang_protobuffs	{rev,tag,"0.8.1p4","5257dfe4e000b58487af89b849c7336ffa9bae82",undefined,[],[]}
 :: Fetching repo code
$ cd "/home/pete/wefwefwef/docs/other/4273609580/erlang_protobuffs-tag-0.8.1p4/erlang_protobuffs"
$ infinity  `curl --fail --silent --show-error --location --output '0.8.1p4.zip' 'https://github.com/lrascao/erlang_protobuffs/archive/0.8.1p4.zip'  2>&1`
$ cd "/home/pete/wefwefwef/docs/erldocs_other.git"
$ cd "/home/pete/wefwefwef/docs/other/4273609580/erlang_protobuffs-tag-0.8.1p4/erlang_protobuffs"
$ 5000  `find -P . -type l -delete  2>&1`
$ cd "/home/pete/wefwefwef/docs/erldocs_other.git"
$ cd "/home/pete/wefwefwef/docs/other/4273609580/erlang_protobuffs-tag-0.8.1p4/erlang_protobuffs"
$ 5000  `find 'erlang_protobuffs-0.8.1p4' -mindepth 1 -maxdepth 1 -exec mv -t . -- {} +  2>&1`
$ cd "/home/pete/wefwefwef/docs/erldocs_other.git"
 :: Getting dependencies
$ cd "/home/pete/wefwefwef/docs/other/4273609580/erlang_protobuffs-tag-0.8.1p4/erlang_protobuffs"
$ infinity  `rebar --config '/home/pete/wefwefwef/docs/other/4273609580/erlang_protobuffs-tag-0.8.1p4/rebar_deps' get-deps  2>&1`
$ cd "/home/pete/wefwefwef/docs/erldocs_other.git"
$ cd "/home/pete/wefwefwef/docs/other/4273609580/erlang_protobuffs-tag-0.8.1p4/erlang_protobuffs"
$ 5000  `find -P . -type l -delete  2>&1`
$ cd "/home/pete/wefwefwef/docs/erldocs_other.git"
$ cd "/home/pete/wefwefwef/docs/other/4273609580/erlang_protobuffs-tag-0.8.1p4/erlang_protobuffs"
$ 5000  `ls -1 deps/  2>&1`
$ cd "/home/pete/wefwefwef/docs/erldocs_other.git"
>>> [rebar] deps = ["meck"]
 :: Generating erldocs into /home/pete/wefwefwef/docs/other/4273609580/repo/0.8.1p4
Building erlang_protobuffs
Generating Type Specs - "/home/pete/wefwefwef/docs/other/4273609580/erlang_protobuffs-tag-0.8.1p4/erlang_protobuffs/src/pokemon_pb.erl"
Generating Type Specs - "/home/pete/wefwefwef/docs/other/4273609580/erlang_protobuffs-tag-0.8.1p4/erlang_protobuffs/src/protobuffs.erl"
Generating Type Specs - "/home/pete/wefwefwef/docs/other/4273609580/erlang_protobuffs-tag-0.8.1p4/erlang_protobuffs/src/protobuffs_compile.erl"
Generating Type Specs - "/home/pete/wefwefwef/docs/other/4273609580/erlang_protobuffs-tag-0.8.1p4/erlang_protobuffs/src/protobuffs_file.erl"
Generating XML for application erlang_protobuffs "/home/pete/wefwefwef/docs/other/4273609580/erlang_protobuffs-tag-0.8.1p4/erlang_protobuffs" -> "/home/pete/wefwefwef/docs/other/4273609580/repo/0.8.1p4/.xml/erlang_protobuffs"
Generated erlang_protobuffs XMLs: ["/home/pete/wefwefwef/docs/other/4273609580/repo/0.8.1p4/.xml/erlang_protobuffs/protobuffs_compile.xml",
                                   "/home/pete/wefwefwef/docs/other/4273609580/repo/0.8.1p4/.xml/erlang_protobuffs/protobuffs_file.xml",
                                   "/home/pete/wefwefwef/docs/other/4273609580/repo/0.8.1p4/.xml/erlang_protobuffs/pokemon_pb.xml",
                                   "/home/pete/wefwefwef/docs/other/4273609580/repo/0.8.1p4/.xml/erlang_protobuffs/protobuffs.xml"]
Generating HTML - protobuffs_compile "/home/pete/wefwefwef/docs/other/4273609580/repo/0.8.1p4/.xml/erlang_protobuffs/protobuffs_compile.xml"
Generating HTML - protobuffs_file "/home/pete/wefwefwef/docs/other/4273609580/repo/0.8.1p4/.xml/erlang_protobuffs/protobuffs_file.xml"
Generating HTML - pokemon_pb "/home/pete/wefwefwef/docs/other/4273609580/repo/0.8.1p4/.xml/erlang_protobuffs/pokemon_pb.xml"
Generating HTML - protobuffs "/home/pete/wefwefwef/docs/other/4273609580/repo/0.8.1p4/.xml/erlang_protobuffs/protobuffs.xml"
Reading XML for "/home/pete/wefwefwef/docs/other/4273609580/repo/0.8.1p4/.xml/erlang_protobuffs/protobuffs_compile.xml"
Reading XML for "/home/pete/wefwefwef/docs/other/4273609580/repo/0.8.1p4/.xml/erlang_protobuffs/protobuffs_file.xml"
Reading XML for "/home/pete/wefwefwef/docs/other/4273609580/repo/0.8.1p4/.xml/erlang_protobuffs/pokemon_pb.xml"
Reading XML for "/home/pete/wefwefwef/docs/other/4273609580/repo/0.8.1p4/.xml/erlang_protobuffs/protobuffs.xml"
Reading XML for "/home/pete/wefwefwef/docs/other/4273609580/repo/0.8.1p4/.xml/specs_protobuffs_compile.xml"
Reading XML for "/home/pete/wefwefwef/docs/other/4273609580/repo/0.8.1p4/.xml/specs_protobuffs_file.xml"
Reading XML for "/home/pete/wefwefwef/docs/other/4273609580/repo/0.8.1p4/.xml/specs_pokemon_pb.xml"
Reading XML for "/home/pete/wefwefwef/docs/other/4273609580/repo/0.8.1p4/.xml/specs_protobuffs.xml"
Creating index.html ...
Creating erldocs_index.js ...
Woot, finished in 0 Minutes 0 Seconds
 :: Discovering other repos
$ 5000  `rm -r '/home/pete/wefwefwef/docs/other/4273609580/erlang_protobuffs-tag-0.8.1p4'  2>&1`
 :: Processing https://github.com/lrascao/erlang_protobuffs	{rev,tag,"RELEASE_4","d7bf745b7bb3ed8149a7195f9712e1b02c1bb731",undefined,[],[]}
 :: Fetching repo code
$ cd "/home/pete/wefwefwef/docs/other/4273609580/erlang_protobuffs-tag-RELEASE_4/erlang_protobuffs"
$ infinity  `curl --fail --silent --show-error --location --output 'RELEASE_4.zip' 'https://github.com/lrascao/erlang_protobuffs/archive/RELEASE_4.zip'  2>&1`
$ cd "/home/pete/wefwefwef/docs/erldocs_other.git"
$ cd "/home/pete/wefwefwef/docs/other/4273609580/erlang_protobuffs-tag-RELEASE_4/erlang_protobuffs"
$ 5000  `find -P . -type l -delete  2>&1`
$ cd "/home/pete/wefwefwef/docs/erldocs_other.git"
$ cd "/home/pete/wefwefwef/docs/other/4273609580/erlang_protobuffs-tag-RELEASE_4/erlang_protobuffs"
$ 5000  `find 'erlang_protobuffs-RELEASE_4' -mindepth 1 -maxdepth 1 -exec mv -t . -- {} +  2>&1`
$ cd "/home/pete/wefwefwef/docs/erldocs_other.git"
 :: Getting dependencies
$ cd "/home/pete/wefwefwef/docs/other/4273609580/erlang_protobuffs-tag-RELEASE_4/erlang_protobuffs"
$ 5000  `ls -1 deps/  2>&1`
$ cd "/home/pete/wefwefwef/docs/erldocs_other.git"
>>> [rebar] deps = []
 :: Generating erldocs into /home/pete/wefwefwef/docs/other/4273609580/repo/RELEASE_4
Building erlang_protobuffs
Generating Type Specs - "/home/pete/wefwefwef/docs/other/4273609580/erlang_protobuffs-tag-RELEASE_4/erlang_protobuffs/src/pokemon_pb.erl"
Generating Type Specs - "/home/pete/wefwefwef/docs/other/4273609580/erlang_protobuffs-tag-RELEASE_4/erlang_protobuffs/src/protobuffs.erl"
Generating Type Specs - "/home/pete/wefwefwef/docs/other/4273609580/erlang_protobuffs-tag-RELEASE_4/erlang_protobuffs/src/protobuffs_compile.erl"
Generating Type Specs - "/home/pete/wefwefwef/docs/other/4273609580/erlang_protobuffs-tag-RELEASE_4/erlang_protobuffs/src/protobuffs_parser.erl"
Generating XML for application erlang_protobuffs "/home/pete/wefwefwef/docs/other/4273609580/erlang_protobuffs-tag-RELEASE_4/erlang_protobuffs" -> "/home/pete/wefwefwef/docs/other/4273609580/repo/RELEASE_4/.xml/erlang_protobuffs"
Generated erlang_protobuffs XMLs: ["/home/pete/wefwefwef/docs/other/4273609580/repo/RELEASE_4/.xml/erlang_protobuffs/protobuffs_compile.xml",
                                   "/home/pete/wefwefwef/docs/other/4273609580/repo/RELEASE_4/.xml/erlang_protobuffs/protobuffs_parser.xml",
                                   "/home/pete/wefwefwef/docs/other/4273609580/repo/RELEASE_4/.xml/erlang_protobuffs/pokemon_pb.xml",
                                   "/home/pete/wefwefwef/docs/other/4273609580/repo/RELEASE_4/.xml/erlang_protobuffs/protobuffs.xml"]
Generating HTML - protobuffs_compile "/home/pete/wefwefwef/docs/other/4273609580/repo/RELEASE_4/.xml/erlang_protobuffs/protobuffs_compile.xml"
Generating HTML - protobuffs_parser "/home/pete/wefwefwef/docs/other/4273609580/repo/RELEASE_4/.xml/erlang_protobuffs/protobuffs_parser.xml"
Generating HTML - pokemon_pb "/home/pete/wefwefwef/docs/other/4273609580/repo/RELEASE_4/.xml/erlang_protobuffs/pokemon_pb.xml"
Generating HTML - protobuffs "/home/pete/wefwefwef/docs/other/4273609580/repo/RELEASE_4/.xml/erlang_protobuffs/protobuffs.xml"
Reading XML for "/home/pete/wefwefwef/docs/other/4273609580/repo/RELEASE_4/.xml/erlang_protobuffs/protobuffs_compile.xml"
Reading XML for "/home/pete/wefwefwef/docs/other/4273609580/repo/RELEASE_4/.xml/erlang_protobuffs/protobuffs_parser.xml"
Reading XML for "/home/pete/wefwefwef/docs/other/4273609580/repo/RELEASE_4/.xml/erlang_protobuffs/pokemon_pb.xml"
Reading XML for "/home/pete/wefwefwef/docs/other/4273609580/repo/RELEASE_4/.xml/erlang_protobuffs/protobuffs.xml"
Reading XML for "/home/pete/wefwefwef/docs/other/4273609580/repo/RELEASE_4/.xml/specs_protobuffs_compile.xml"
Reading XML for "/home/pete/wefwefwef/docs/other/4273609580/repo/RELEASE_4/.xml/specs_pokemon_pb.xml"
Reading XML for "/home/pete/wefwefwef/docs/other/4273609580/repo/RELEASE_4/.xml/specs_protobuffs_parser.xml"
Reading XML for "/home/pete/wefwefwef/docs/other/4273609580/repo/RELEASE_4/.xml/specs_protobuffs.xml"
Creating index.html ...
Creating erldocs_index.js ...
Woot, finished in 0 Minutes 0 Seconds
 :: Discovering other repos
$ 5000  `rm -r '/home/pete/wefwefwef/docs/other/4273609580/erlang_protobuffs-tag-RELEASE_4'  2>&1`
 :: Processing https://github.com/lrascao/erlang_protobuffs	{rev,tag,"protobuffs-0.5.0","55ff2683dd3c4502b4d9433a1d0ce5910b76fb7e",undefined,[],[]}
 :: Fetching repo code
$ cd "/home/pete/wefwefwef/docs/other/4273609580/erlang_protobuffs-tag-protobuffs-0.5.0/erlang_protobuffs"
$ infinity  `curl --fail --silent --show-error --location --output 'protobuffs-0.5.0.zip' 'https://github.com/lrascao/erlang_protobuffs/archive/protobuffs-0.5.0.zip'  2>&1`
$ cd "/home/pete/wefwefwef/docs/erldocs_other.git"
$ cd "/home/pete/wefwefwef/docs/other/4273609580/erlang_protobuffs-tag-protobuffs-0.5.0/erlang_protobuffs"
$ 5000  `find -P . -type l -delete  2>&1`
$ cd "/home/pete/wefwefwef/docs/erldocs_other.git"
$ cd "/home/pete/wefwefwef/docs/other/4273609580/erlang_protobuffs-tag-protobuffs-0.5.0/erlang_protobuffs"
$ 5000  `find 'erlang_protobuffs-protobuffs-0.5.0' -mindepth 1 -maxdepth 1 -exec mv -t . -- {} +  2>&1`
$ cd "/home/pete/wefwefwef/docs/erldocs_other.git"
 :: Getting dependencies
$ cd "/home/pete/wefwefwef/docs/other/4273609580/erlang_protobuffs-tag-protobuffs-0.5.0/erlang_protobuffs"
$ 5000  `ls -1 deps/  2>&1`
$ cd "/home/pete/wefwefwef/docs/erldocs_other.git"
>>> [rebar] deps = []
 :: Generating erldocs into /home/pete/wefwefwef/docs/other/4273609580/repo/protobuffs-0.5.0
Building erlang_protobuffs
Generating Type Specs - "/home/pete/wefwefwef/docs/other/4273609580/erlang_protobuffs-tag-protobuffs-0.5.0/erlang_protobuffs/src/pokemon_pb.erl"
Generating Type Specs - "/home/pete/wefwefwef/docs/other/4273609580/erlang_protobuffs-tag-protobuffs-0.5.0/erlang_protobuffs/src/protobuffs.erl"
Generating Type Specs - "/home/pete/wefwefwef/docs/other/4273609580/erlang_protobuffs-tag-protobuffs-0.5.0/erlang_protobuffs/src/protobuffs_compile.erl"
Generating Type Specs - "/home/pete/wefwefwef/docs/other/4273609580/erlang_protobuffs-tag-protobuffs-0.5.0/erlang_protobuffs/src/protobuffs_parser.erl"
Generating XML for application erlang_protobuffs "/home/pete/wefwefwef/docs/other/4273609580/erlang_protobuffs-tag-protobuffs-0.5.0/erlang_protobuffs" -> "/home/pete/wefwefwef/docs/other/4273609580/repo/protobuffs-0.5.0/.xml/erlang_protobuffs"
Generated erlang_protobuffs XMLs: ["/home/pete/wefwefwef/docs/other/4273609580/repo/protobuffs-0.5.0/.xml/erlang_protobuffs/protobuffs_compile.xml",
                                   "/home/pete/wefwefwef/docs/other/4273609580/repo/protobuffs-0.5.0/.xml/erlang_protobuffs/protobuffs_parser.xml",
                                   "/home/pete/wefwefwef/docs/other/4273609580/repo/protobuffs-0.5.0/.xml/erlang_protobuffs/pokemon_pb.xml",
                                   "/home/pete/wefwefwef/docs/other/4273609580/repo/protobuffs-0.5.0/.xml/erlang_protobuffs/protobuffs.xml"]
Generating HTML - protobuffs_compile "/home/pete/wefwefwef/docs/other/4273609580/repo/protobuffs-0.5.0/.xml/erlang_protobuffs/protobuffs_compile.xml"
Generating HTML - protobuffs_parser "/home/pete/wefwefwef/docs/other/4273609580/repo/protobuffs-0.5.0/.xml/erlang_protobuffs/protobuffs_parser.xml"
Generating HTML - pokemon_pb "/home/pete/wefwefwef/docs/other/4273609580/repo/protobuffs-0.5.0/.xml/erlang_protobuffs/pokemon_pb.xml"
Generating HTML - protobuffs "/home/pete/wefwefwef/docs/other/4273609580/repo/protobuffs-0.5.0/.xml/erlang_protobuffs/protobuffs.xml"
Reading XML for "/home/pete/wefwefwef/docs/other/4273609580/repo/protobuffs-0.5.0/.xml/erlang_protobuffs/protobuffs_compile.xml"
Reading XML for "/home/pete/wefwefwef/docs/other/4273609580/repo/protobuffs-0.5.0/.xml/erlang_protobuffs/protobuffs_parser.xml"
Reading XML for "/home/pete/wefwefwef/docs/other/4273609580/repo/protobuffs-0.5.0/.xml/erlang_protobuffs/pokemon_pb.xml"
Reading XML for "/home/pete/wefwefwef/docs/other/4273609580/repo/protobuffs-0.5.0/.xml/erlang_protobuffs/protobuffs.xml"
Reading XML for "/home/pete/wefwefwef/docs/other/4273609580/repo/protobuffs-0.5.0/.xml/specs_protobuffs_compile.xml"
Reading XML for "/home/pete/wefwefwef/docs/other/4273609580/repo/protobuffs-0.5.0/.xml/specs_protobuffs.xml"
Reading XML for "/home/pete/wefwefwef/docs/other/4273609580/repo/protobuffs-0.5.0/.xml/specs_pokemon_pb.xml"
Reading XML for "/home/pete/wefwefwef/docs/other/4273609580/repo/protobuffs-0.5.0/.xml/specs_protobuffs_parser.xml"
Creating index.html ...
Creating erldocs_index.js ...
Woot, finished in 0 Minutes 0 Seconds
 :: Discovering other repos
$ 5000  `rm -r '/home/pete/wefwefwef/docs/other/4273609580/erlang_protobuffs-tag-protobuffs-0.5.0'  2>&1`
 :: Processing https://github.com/lrascao/erlang_protobuffs	{rev,tag,"protobuffs-0.5.1","69902c7134dc30536d3528c5a8108cd1903d7fc7",undefined,[],[]}
 :: Fetching repo code
$ cd "/home/pete/wefwefwef/docs/other/4273609580/erlang_protobuffs-tag-protobuffs-0.5.1/erlang_protobuffs"
$ infinity  `curl --fail --silent --show-error --location --output 'protobuffs-0.5.1.zip' 'https://github.com/lrascao/erlang_protobuffs/archive/protobuffs-0.5.1.zip'  2>&1`
$ cd "/home/pete/wefwefwef/docs/erldocs_other.git"
$ cd "/home/pete/wefwefwef/docs/other/4273609580/erlang_protobuffs-tag-protobuffs-0.5.1/erlang_protobuffs"
$ 5000  `find -P . -type l -delete  2>&1`
$ cd "/home/pete/wefwefwef/docs/erldocs_other.git"
$ cd "/home/pete/wefwefwef/docs/other/4273609580/erlang_protobuffs-tag-protobuffs-0.5.1/erlang_protobuffs"
$ 5000  `find 'erlang_protobuffs-protobuffs-0.5.1' -mindepth 1 -maxdepth 1 -exec mv -t . -- {} +  2>&1`
$ cd "/home/pete/wefwefwef/docs/erldocs_other.git"
 :: Getting dependencies
$ cd "/home/pete/wefwefwef/docs/other/4273609580/erlang_protobuffs-tag-protobuffs-0.5.1/erlang_protobuffs"
$ 5000  `ls -1 deps/  2>&1`
$ cd "/home/pete/wefwefwef/docs/erldocs_other.git"
>>> [rebar] deps = []
 :: Generating erldocs into /home/pete/wefwefwef/docs/other/4273609580/repo/protobuffs-0.5.1
Building erlang_protobuffs
Generating Type Specs - "/home/pete/wefwefwef/docs/other/4273609580/erlang_protobuffs-tag-protobuffs-0.5.1/erlang_protobuffs/src/pokemon_pb.erl"
Generating Type Specs - "/home/pete/wefwefwef/docs/other/4273609580/erlang_protobuffs-tag-protobuffs-0.5.1/erlang_protobuffs/src/protobuffs.erl"
Generating Type Specs - "/home/pete/wefwefwef/docs/other/4273609580/erlang_protobuffs-tag-protobuffs-0.5.1/erlang_protobuffs/src/protobuffs_compile.erl"
Generating Type Specs - "/home/pete/wefwefwef/docs/other/4273609580/erlang_protobuffs-tag-protobuffs-0.5.1/erlang_protobuffs/src/protobuffs_parser.erl"
Generating XML for application erlang_protobuffs "/home/pete/wefwefwef/docs/other/4273609580/erlang_protobuffs-tag-protobuffs-0.5.1/erlang_protobuffs" -> "/home/pete/wefwefwef/docs/other/4273609580/repo/protobuffs-0.5.1/.xml/erlang_protobuffs"
Generated erlang_protobuffs XMLs: ["/home/pete/wefwefwef/docs/other/4273609580/repo/protobuffs-0.5.1/.xml/erlang_protobuffs/protobuffs_compile.xml",
                                   "/home/pete/wefwefwef/docs/other/4273609580/repo/protobuffs-0.5.1/.xml/erlang_protobuffs/protobuffs_parser.xml",
                                   "/home/pete/wefwefwef/docs/other/4273609580/repo/protobuffs-0.5.1/.xml/erlang_protobuffs/pokemon_pb.xml",
                                   "/home/pete/wefwefwef/docs/other/4273609580/repo/protobuffs-0.5.1/.xml/erlang_protobuffs/protobuffs.xml"]
Generating HTML - protobuffs_compile "/home/pete/wefwefwef/docs/other/4273609580/repo/protobuffs-0.5.1/.xml/erlang_protobuffs/protobuffs_compile.xml"
Generating HTML - protobuffs_parser "/home/pete/wefwefwef/docs/other/4273609580/repo/protobuffs-0.5.1/.xml/erlang_protobuffs/protobuffs_parser.xml"
Generating HTML - pokemon_pb "/home/pete/wefwefwef/docs/other/4273609580/repo/protobuffs-0.5.1/.xml/erlang_protobuffs/pokemon_pb.xml"
Generating HTML - protobuffs "/home/pete/wefwefwef/docs/other/4273609580/repo/protobuffs-0.5.1/.xml/erlang_protobuffs/protobuffs.xml"
Reading XML for "/home/pete/wefwefwef/docs/other/4273609580/repo/protobuffs-0.5.1/.xml/erlang_protobuffs/protobuffs_compile.xml"
Reading XML for "/home/pete/wefwefwef/docs/other/4273609580/repo/protobuffs-0.5.1/.xml/erlang_protobuffs/protobuffs_parser.xml"
Reading XML for "/home/pete/wefwefwef/docs/other/4273609580/repo/protobuffs-0.5.1/.xml/erlang_protobuffs/pokemon_pb.xml"
Reading XML for "/home/pete/wefwefwef/docs/other/4273609580/repo/protobuffs-0.5.1/.xml/erlang_protobuffs/protobuffs.xml"
Reading XML for "/home/pete/wefwefwef/docs/other/4273609580/repo/protobuffs-0.5.1/.xml/specs_protobuffs_parser.xml"
Reading XML for "/home/pete/wefwefwef/docs/other/4273609580/repo/protobuffs-0.5.1/.xml/specs_protobuffs_compile.xml"
Reading XML for "/home/pete/wefwefwef/docs/other/4273609580/repo/protobuffs-0.5.1/.xml/specs_pokemon_pb.xml"
Reading XML for "/home/pete/wefwefwef/docs/other/4273609580/repo/protobuffs-0.5.1/.xml/specs_protobuffs.xml"
Creating index.html ...
Creating erldocs_index.js ...
Woot, finished in 0 Minutes 0 Seconds
 :: Discovering other repos
$ 5000  `rm -r '/home/pete/wefwefwef/docs/other/4273609580/erlang_protobuffs-tag-protobuffs-0.5.1'  2>&1`
 :: Processing https://github.com/lrascao/erlang_protobuffs	{rev,tag,"protobuffs-0.6.0","762fd0af688ddfb114f336e629c4e87aeaa59d9e",undefined,[],[]}
 :: Fetching repo code
$ cd "/home/pete/wefwefwef/docs/other/4273609580/erlang_protobuffs-tag-protobuffs-0.6.0/erlang_protobuffs"
$ infinity  `curl --fail --silent --show-error --location --output 'protobuffs-0.6.0.zip' 'https://github.com/lrascao/erlang_protobuffs/archive/protobuffs-0.6.0.zip'  2>&1`
$ cd "/home/pete/wefwefwef/docs/erldocs_other.git"
$ cd "/home/pete/wefwefwef/docs/other/4273609580/erlang_protobuffs-tag-protobuffs-0.6.0/erlang_protobuffs"
$ 5000  `find -P . -type l -delete  2>&1`
$ cd "/home/pete/wefwefwef/docs/erldocs_other.git"
$ cd "/home/pete/wefwefwef/docs/other/4273609580/erlang_protobuffs-tag-protobuffs-0.6.0/erlang_protobuffs"
$ 5000  `find 'erlang_protobuffs-protobuffs-0.6.0' -mindepth 1 -maxdepth 1 -exec mv -t . -- {} +  2>&1`
$ cd "/home/pete/wefwefwef/docs/erldocs_other.git"
 :: Getting dependencies
$ cd "/home/pete/wefwefwef/docs/other/4273609580/erlang_protobuffs-tag-protobuffs-0.6.0/erlang_protobuffs"
$ 5000  `ls -1 deps/  2>&1`
$ cd "/home/pete/wefwefwef/docs/erldocs_other.git"
>>> [rebar] deps = []
 :: Generating erldocs into /home/pete/wefwefwef/docs/other/4273609580/repo/protobuffs-0.6.0
Building erlang_protobuffs
Generating Type Specs - "/home/pete/wefwefwef/docs/other/4273609580/erlang_protobuffs-tag-protobuffs-0.6.0/erlang_protobuffs/src/pokemon_pb.erl"
Generating Type Specs - "/home/pete/wefwefwef/docs/other/4273609580/erlang_protobuffs-tag-protobuffs-0.6.0/erlang_protobuffs/src/protobuffs.erl"
Generating Type Specs - "/home/pete/wefwefwef/docs/other/4273609580/erlang_protobuffs-tag-protobuffs-0.6.0/erlang_protobuffs/src/protobuffs_compile.erl"
Generating XML for application erlang_protobuffs "/home/pete/wefwefwef/docs/other/4273609580/erlang_protobuffs-tag-protobuffs-0.6.0/erlang_protobuffs" -> "/home/pete/wefwefwef/docs/other/4273609580/repo/protobuffs-0.6.0/.xml/erlang_protobuffs"
Generated erlang_protobuffs XMLs: ["/home/pete/wefwefwef/docs/other/4273609580/repo/protobuffs-0.6.0/.xml/erlang_protobuffs/protobuffs_compile.xml",
                                   "/home/pete/wefwefwef/docs/other/4273609580/repo/protobuffs-0.6.0/.xml/erlang_protobuffs/pokemon_pb.xml",
                                   "/home/pete/wefwefwef/docs/other/4273609580/repo/protobuffs-0.6.0/.xml/erlang_protobuffs/protobuffs.xml"]
Generating HTML - protobuffs "/home/pete/wefwefwef/docs/other/4273609580/repo/protobuffs-0.6.0/.xml/erlang_protobuffs/protobuffs.xml"
Reading XML for "/home/pete/wefwefwef/docs/other/4273609580/repo/protobuffs-0.6.0/.xml/erlang_protobuffs/protobuffs.xml"
Reading XML for "/home/pete/wefwefwef/docs/other/4273609580/repo/protobuffs-0.6.0/.xml/specs_protobuffs.xml"
Generating HTML - pokemon_pb "/home/pete/wefwefwef/docs/other/4273609580/repo/protobuffs-0.6.0/.xml/erlang_protobuffs/pokemon_pb.xml"
Reading XML for "/home/pete/wefwefwef/docs/other/4273609580/repo/protobuffs-0.6.0/.xml/erlang_protobuffs/pokemon_pb.xml"
Reading XML for "/home/pete/wefwefwef/docs/other/4273609580/repo/protobuffs-0.6.0/.xml/specs_pokemon_pb.xml"
Generating HTML - protobuffs_compile "/home/pete/wefwefwef/docs/other/4273609580/repo/protobuffs-0.6.0/.xml/erlang_protobuffs/protobuffs_compile.xml"
Reading XML for "/home/pete/wefwefwef/docs/other/4273609580/repo/protobuffs-0.6.0/.xml/erlang_protobuffs/protobuffs_compile.xml"
Reading XML for "/home/pete/wefwefwef/docs/other/4273609580/repo/protobuffs-0.6.0/.xml/specs_protobuffs_compile.xml"
Creating index.html ...
Creating erldocs_index.js ...
Woot, finished in 0 Minutes 0 Seconds
 :: Discovering other repos
$ 5000  `rm -r '/home/pete/wefwefwef/docs/other/4273609580/erlang_protobuffs-tag-protobuffs-0.6.0'  2>&1`
 :: Processing https://github.com/lrascao/erlang_protobuffs	{rev,branch,"0.8","556970f890ff3587a30740f42c9dc2573faad92d",undefined,[],[]}
 :: Fetching repo code
$ cd "/home/pete/wefwefwef/docs/other/4273609580/erlang_protobuffs-branch-0.8/erlang_protobuffs"
$ infinity  `curl --fail --silent --show-error --location --output '0.8.zip' 'https://github.com/lrascao/erlang_protobuffs/archive/0.8.zip'  2>&1`
$ cd "/home/pete/wefwefwef/docs/erldocs_other.git"
$ cd "/home/pete/wefwefwef/docs/other/4273609580/erlang_protobuffs-branch-0.8/erlang_protobuffs"
$ 5000  `find -P . -type l -delete  2>&1`
$ cd "/home/pete/wefwefwef/docs/erldocs_other.git"
$ cd "/home/pete/wefwefwef/docs/other/4273609580/erlang_protobuffs-branch-0.8/erlang_protobuffs"
$ 5000  `find 'erlang_protobuffs-0.8' -mindepth 1 -maxdepth 1 -exec mv -t . -- {} +  2>&1`
$ cd "/home/pete/wefwefwef/docs/erldocs_other.git"
 :: Getting dependencies
$ cd "/home/pete/wefwefwef/docs/other/4273609580/erlang_protobuffs-branch-0.8/erlang_protobuffs"
$ infinity  `rebar --config '/home/pete/wefwefwef/docs/other/4273609580/erlang_protobuffs-branch-0.8/rebar_deps' get-deps  2>&1`
$ cd "/home/pete/wefwefwef/docs/erldocs_other.git"
$ cd "/home/pete/wefwefwef/docs/other/4273609580/erlang_protobuffs-branch-0.8/erlang_protobuffs"
$ 5000  `find -P . -type l -delete  2>&1`
$ cd "/home/pete/wefwefwef/docs/erldocs_other.git"
$ cd "/home/pete/wefwefwef/docs/other/4273609580/erlang_protobuffs-branch-0.8/erlang_protobuffs"
$ 5000  `ls -1 deps/  2>&1`
$ cd "/home/pete/wefwefwef/docs/erldocs_other.git"
>>> [rebar] deps = ["meck"]
 :: Generating erldocs into /home/pete/wefwefwef/docs/other/4273609580/repo/0.8
Building erlang_protobuffs
Generating Type Specs - "/home/pete/wefwefwef/docs/other/4273609580/erlang_protobuffs-branch-0.8/erlang_protobuffs/src/pokemon_pb.erl"
Generating Type Specs - "/home/pete/wefwefwef/docs/other/4273609580/erlang_protobuffs-branch-0.8/erlang_protobuffs/src/protobuffs.erl"
Generating Type Specs - "/home/pete/wefwefwef/docs/other/4273609580/erlang_protobuffs-branch-0.8/erlang_protobuffs/src/protobuffs_compile.erl"
Generating Type Specs - "/home/pete/wefwefwef/docs/other/4273609580/erlang_protobuffs-branch-0.8/erlang_protobuffs/src/protobuffs_file.erl"
Generating XML for application erlang_protobuffs "/home/pete/wefwefwef/docs/other/4273609580/erlang_protobuffs-branch-0.8/erlang_protobuffs" -> "/home/pete/wefwefwef/docs/other/4273609580/repo/0.8/.xml/erlang_protobuffs"
Generated erlang_protobuffs XMLs: ["/home/pete/wefwefwef/docs/other/4273609580/repo/0.8/.xml/erlang_protobuffs/protobuffs_compile.xml",
                                   "/home/pete/wefwefwef/docs/other/4273609580/repo/0.8/.xml/erlang_protobuffs/protobuffs_file.xml",
                                   "/home/pete/wefwefwef/docs/other/4273609580/repo/0.8/.xml/erlang_protobuffs/pokemon_pb.xml",
                                   "/home/pete/wefwefwef/docs/other/4273609580/repo/0.8/.xml/erlang_protobuffs/protobuffs.xml"]
Generating HTML - protobuffs_compile "/home/pete/wefwefwef/docs/other/4273609580/repo/0.8/.xml/erlang_protobuffs/protobuffs_compile.xml"
Generating HTML - protobuffs_file "/home/pete/wefwefwef/docs/other/4273609580/repo/0.8/.xml/erlang_protobuffs/protobuffs_file.xml"
Generating HTML - pokemon_pb "/home/pete/wefwefwef/docs/other/4273609580/repo/0.8/.xml/erlang_protobuffs/pokemon_pb.xml"
Generating HTML - protobuffs "/home/pete/wefwefwef/docs/other/4273609580/repo/0.8/.xml/erlang_protobuffs/protobuffs.xml"
Reading XML for "/home/pete/wefwefwef/docs/other/4273609580/repo/0.8/.xml/erlang_protobuffs/protobuffs_compile.xml"
Reading XML for "/home/pete/wefwefwef/docs/other/4273609580/repo/0.8/.xml/erlang_protobuffs/protobuffs_file.xml"
Reading XML for "/home/pete/wefwefwef/docs/other/4273609580/repo/0.8/.xml/erlang_protobuffs/pokemon_pb.xml"
Reading XML for "/home/pete/wefwefwef/docs/other/4273609580/repo/0.8/.xml/erlang_protobuffs/protobuffs.xml"
Reading XML for "/home/pete/wefwefwef/docs/other/4273609580/repo/0.8/.xml/specs_protobuffs_file.xml"
Reading XML for "/home/pete/wefwefwef/docs/other/4273609580/repo/0.8/.xml/specs_protobuffs_compile.xml"
Reading XML for "/home/pete/wefwefwef/docs/other/4273609580/repo/0.8/.xml/specs_pokemon_pb.xml"
Reading XML for "/home/pete/wefwefwef/docs/other/4273609580/repo/0.8/.xml/specs_protobuffs.xml"
Creating index.html ...
Creating erldocs_index.js ...
Woot, finished in 0 Minutes 0 Seconds
 :: Discovering other repos
$ 5000  `rm -r '/home/pete/wefwefwef/docs/other/4273609580/erlang_protobuffs-branch-0.8'  2>&1`
 :: Processing https://github.com/lrascao/erlang_protobuffs	{rev,branch,"add_protobuf_service_support","c74879bf1b706f37d913ab40c038e3f64dbc386e",undefined,[],[]}
 :: Fetching repo code
$ cd "/home/pete/wefwefwef/docs/other/4273609580/erlang_protobuffs-branch-add_protobuf_service_support/erlang_protobuffs"
$ infinity  `curl --fail --silent --show-error --location --output 'add_protobuf_service_support.zip' 'https://github.com/lrascao/erlang_protobuffs/archive/add_protobuf_service_support.zip'  2>&1`
$ cd "/home/pete/wefwefwef/docs/erldocs_other.git"
$ cd "/home/pete/wefwefwef/docs/other/4273609580/erlang_protobuffs-branch-add_protobuf_service_support/erlang_protobuffs"
$ 5000  `find -P . -type l -delete  2>&1`
$ cd "/home/pete/wefwefwef/docs/erldocs_other.git"
$ cd "/home/pete/wefwefwef/docs/other/4273609580/erlang_protobuffs-branch-add_protobuf_service_support/erlang_protobuffs"
$ 5000  `find 'erlang_protobuffs-add_protobuf_service_support' -mindepth 1 -maxdepth 1 -exec mv -t . -- {} +  2>&1`
$ cd "/home/pete/wefwefwef/docs/erldocs_other.git"
 :: Getting dependencies
$ cd "/home/pete/wefwefwef/docs/other/4273609580/erlang_protobuffs-branch-add_protobuf_service_support/erlang_protobuffs"
$ infinity  `rebar --config '/home/pete/wefwefwef/docs/other/4273609580/erlang_protobuffs-branch-add_protobuf_service_support/rebar_deps' get-deps  2>&1`
$ cd "/home/pete/wefwefwef/docs/erldocs_other.git"
$ cd "/home/pete/wefwefwef/docs/other/4273609580/erlang_protobuffs-branch-add_protobuf_service_support/erlang_protobuffs"
$ 5000  `find -P . -type l -delete  2>&1`
$ cd "/home/pete/wefwefwef/docs/erldocs_other.git"
$ cd "/home/pete/wefwefwef/docs/other/4273609580/erlang_protobuffs-branch-add_protobuf_service_support/erlang_protobuffs"
$ 5000  `ls -1 deps/  2>&1`
$ cd "/home/pete/wefwefwef/docs/erldocs_other.git"
>>> [rebar] deps = ["meck"]
 :: Generating erldocs into /home/pete/wefwefwef/docs/other/4273609580/repo/add_protobuf_service_support
Building erlang_protobuffs
Generating Type Specs - "/home/pete/wefwefwef/docs/other/4273609580/erlang_protobuffs-branch-add_protobuf_service_support/erlang_protobuffs/src/pokemon_pb.erl"
Generating Type Specs - "/home/pete/wefwefwef/docs/other/4273609580/erlang_protobuffs-branch-add_protobuf_service_support/erlang_protobuffs/src/protobuffs.erl"
Generating Type Specs - "/home/pete/wefwefwef/docs/other/4273609580/erlang_protobuffs-branch-add_protobuf_service_support/erlang_protobuffs/src/protobuffs_compile.erl"
Generating Type Specs - "/home/pete/wefwefwef/docs/other/4273609580/erlang_protobuffs-branch-add_protobuf_service_support/erlang_protobuffs/src/protobuffs_file.erl"
Generating XML for application erlang_protobuffs "/home/pete/wefwefwef/docs/other/4273609580/erlang_protobuffs-branch-add_protobuf_service_support/erlang_protobuffs" -> "/home/pete/wefwefwef/docs/other/4273609580/repo/add_protobuf_service_support/.xml/erlang_protobuffs"
Generated erlang_protobuffs XMLs: ["/home/pete/wefwefwef/docs/other/4273609580/repo/add_protobuf_service_support/.xml/erlang_protobuffs/protobuffs_compile.xml",
                                   "/home/pete/wefwefwef/docs/other/4273609580/repo/add_protobuf_service_support/.xml/erlang_protobuffs/protobuffs_file.xml",
                                   "/home/pete/wefwefwef/docs/other/4273609580/repo/add_protobuf_service_support/.xml/erlang_protobuffs/pokemon_pb.xml",
                                   "/home/pete/wefwefwef/docs/other/4273609580/repo/add_protobuf_service_support/.xml/erlang_protobuffs/protobuffs.xml"]
Generating HTML - protobuffs_compile "/home/pete/wefwefwef/docs/other/4273609580/repo/add_protobuf_service_support/.xml/erlang_protobuffs/protobuffs_compile.xml"
Generating HTML - protobuffs_file "/home/pete/wefwefwef/docs/other/4273609580/repo/add_protobuf_service_support/.xml/erlang_protobuffs/protobuffs_file.xml"
Generating HTML - pokemon_pb "/home/pete/wefwefwef/docs/other/4273609580/repo/add_protobuf_service_support/.xml/erlang_protobuffs/pokemon_pb.xml"
Generating HTML - protobuffs "/home/pete/wefwefwef/docs/other/4273609580/repo/add_protobuf_service_support/.xml/erlang_protobuffs/protobuffs.xml"
Reading XML for "/home/pete/wefwefwef/docs/other/4273609580/repo/add_protobuf_service_support/.xml/erlang_protobuffs/protobuffs_compile.xml"
Reading XML for "/home/pete/wefwefwef/docs/other/4273609580/repo/add_protobuf_service_support/.xml/erlang_protobuffs/protobuffs_file.xml"
Reading XML for "/home/pete/wefwefwef/docs/other/4273609580/repo/add_protobuf_service_support/.xml/erlang_protobuffs/pokemon_pb.xml"
Reading XML for "/home/pete/wefwefwef/docs/other/4273609580/repo/add_protobuf_service_support/.xml/erlang_protobuffs/protobuffs.xml"
Reading XML for "/home/pete/wefwefwef/docs/other/4273609580/repo/add_protobuf_service_support/.xml/specs_protobuffs_compile.xml"
Reading XML for "/home/pete/wefwefwef/docs/other/4273609580/repo/add_protobuf_service_support/.xml/specs_protobuffs_file.xml"
Reading XML for "/home/pete/wefwefwef/docs/other/4273609580/repo/add_protobuf_service_support/.xml/specs_pokemon_pb.xml"
Reading XML for "/home/pete/wefwefwef/docs/other/4273609580/repo/add_protobuf_service_support/.xml/specs_protobuffs.xml"
Creating index.html ...
Creating erldocs_index.js ...
Woot, finished in 0 Minutes 0 Seconds
 :: Discovering other repos
$ 5000  `rm -r '/home/pete/wefwefwef/docs/other/4273609580/erlang_protobuffs-branch-add_protobuf_service_support'  2>&1`
 :: Processing https://github.com/lrascao/erlang_protobuffs	{rev,branch,"develop","281583941c8a9356a74196f94c755aba30563fa3",undefined,[],[]}
 :: Fetching repo code
$ cd "/home/pete/wefwefwef/docs/other/4273609580/erlang_protobuffs-branch-develop/erlang_protobuffs"
$ infinity  `curl --fail --silent --show-error --location --output 'develop.zip' 'https://github.com/lrascao/erlang_protobuffs/archive/develop.zip'  2>&1`
$ cd "/home/pete/wefwefwef/docs/erldocs_other.git"
$ cd "/home/pete/wefwefwef/docs/other/4273609580/erlang_protobuffs-branch-develop/erlang_protobuffs"
$ 5000  `find -P . -type l -delete  2>&1`
$ cd "/home/pete/wefwefwef/docs/erldocs_other.git"
$ cd "/home/pete/wefwefwef/docs/other/4273609580/erlang_protobuffs-branch-develop/erlang_protobuffs"
$ 5000  `find 'erlang_protobuffs-develop' -mindepth 1 -maxdepth 1 -exec mv -t . -- {} +  2>&1`
$ cd "/home/pete/wefwefwef/docs/erldocs_other.git"
 :: Getting dependencies
$ cd "/home/pete/wefwefwef/docs/other/4273609580/erlang_protobuffs-branch-develop/erlang_protobuffs"
$ 5000  `ls -1 deps/  2>&1`
$ cd "/home/pete/wefwefwef/docs/erldocs_other.git"
>>> [rebar] deps = []
 :: Generating erldocs into /home/pete/wefwefwef/docs/other/4273609580/repo/develop
Building erlang_protobuffs
Generating Type Specs - "/home/pete/wefwefwef/docs/other/4273609580/erlang_protobuffs-branch-develop/erlang_protobuffs/src/pokemon_pb.erl"
Generating Type Specs - "/home/pete/wefwefwef/docs/other/4273609580/erlang_protobuffs-branch-develop/erlang_protobuffs/src/protobuffs.erl"
Generating Type Specs - "/home/pete/wefwefwef/docs/other/4273609580/erlang_protobuffs-branch-develop/erlang_protobuffs/src/protobuffs_compile.erl"
Generating Type Specs - "/home/pete/wefwefwef/docs/other/4273609580/erlang_protobuffs-branch-develop/erlang_protobuffs/src/protobuffs_file.erl"
Generating XML for application erlang_protobuffs "/home/pete/wefwefwef/docs/other/4273609580/erlang_protobuffs-branch-develop/erlang_protobuffs" -> "/home/pete/wefwefwef/docs/other/4273609580/repo/develop/.xml/erlang_protobuffs"
Generated erlang_protobuffs XMLs: ["/home/pete/wefwefwef/docs/other/4273609580/repo/develop/.xml/erlang_protobuffs/protobuffs_compile.xml",
                                   "/home/pete/wefwefwef/docs/other/4273609580/repo/develop/.xml/erlang_protobuffs/protobuffs_file.xml",
                                   "/home/pete/wefwefwef/docs/other/4273609580/repo/develop/.xml/erlang_protobuffs/pokemon_pb.xml",
                                   "/home/pete/wefwefwef/docs/other/4273609580/repo/develop/.xml/erlang_protobuffs/protobuffs.xml"]
Generating HTML - protobuffs_compile "/home/pete/wefwefwef/docs/other/4273609580/repo/develop/.xml/erlang_protobuffs/protobuffs_compile.xml"
Generating HTML - protobuffs_file "/home/pete/wefwefwef/docs/other/4273609580/repo/develop/.xml/erlang_protobuffs/protobuffs_file.xml"
Generating HTML - pokemon_pb "/home/pete/wefwefwef/docs/other/4273609580/repo/develop/.xml/erlang_protobuffs/pokemon_pb.xml"
Generating HTML - protobuffs "/home/pete/wefwefwef/docs/other/4273609580/repo/develop/.xml/erlang_protobuffs/protobuffs.xml"
Reading XML for "/home/pete/wefwefwef/docs/other/4273609580/repo/develop/.xml/erlang_protobuffs/protobuffs_compile.xml"
Reading XML for "/home/pete/wefwefwef/docs/other/4273609580/repo/develop/.xml/erlang_protobuffs/protobuffs_file.xml"
Reading XML for "/home/pete/wefwefwef/docs/other/4273609580/repo/develop/.xml/erlang_protobuffs/pokemon_pb.xml"
Reading XML for "/home/pete/wefwefwef/docs/other/4273609580/repo/develop/.xml/erlang_protobuffs/protobuffs.xml"
Reading XML for "/home/pete/wefwefwef/docs/other/4273609580/repo/develop/.xml/specs_protobuffs_file.xml"
Reading XML for "/home/pete/wefwefwef/docs/other/4273609580/repo/develop/.xml/specs_protobuffs_compile.xml"
Reading XML for "/home/pete/wefwefwef/docs/other/4273609580/repo/develop/.xml/specs_pokemon_pb.xml"
Reading XML for "/home/pete/wefwefwef/docs/other/4273609580/repo/develop/.xml/specs_protobuffs.xml"
Creating index.html ...
Creating erldocs_index.js ...
Woot, finished in 0 Minutes 0 Seconds
 :: Discovering other repos
$ 5000  `rm -r '/home/pete/wefwefwef/docs/other/4273609580/erlang_protobuffs-branch-develop'  2>&1`
 :: Processing https://github.com/lrascao/erlang_protobuffs	{rev,branch,"dip-remove-warnings","c14da2e4bfa357821ceb32424948cd0b488cba47",undefined,[],[]}
 :: Fetching repo code
$ cd "/home/pete/wefwefwef/docs/other/4273609580/erlang_protobuffs-branch-dip-remove-warnings/erlang_protobuffs"
$ infinity  `curl --fail --silent --show-error --location --output 'dip-remove-warnings.zip' 'https://github.com/lrascao/erlang_protobuffs/archive/dip-remove-warnings.zip'  2>&1`
$ cd "/home/pete/wefwefwef/docs/erldocs_other.git"
$ cd "/home/pete/wefwefwef/docs/other/4273609580/erlang_protobuffs-branch-dip-remove-warnings/erlang_protobuffs"
$ 5000  `find -P . -type l -delete  2>&1`
$ cd "/home/pete/wefwefwef/docs/erldocs_other.git"
$ cd "/home/pete/wefwefwef/docs/other/4273609580/erlang_protobuffs-branch-dip-remove-warnings/erlang_protobuffs"
$ 5000  `find 'erlang_protobuffs-dip-remove-warnings' -mindepth 1 -maxdepth 1 -exec mv -t . -- {} +  2>&1`
$ cd "/home/pete/wefwefwef/docs/erldocs_other.git"
 :: Getting dependencies
$ cd "/home/pete/wefwefwef/docs/other/4273609580/erlang_protobuffs-branch-dip-remove-warnings/erlang_protobuffs"
$ infinity  `rebar --config '/home/pete/wefwefwef/docs/other/4273609580/erlang_protobuffs-branch-dip-remove-warnings/rebar_deps' get-deps  2>&1`
$ cd "/home/pete/wefwefwef/docs/erldocs_other.git"
$ cd "/home/pete/wefwefwef/docs/other/4273609580/erlang_protobuffs-branch-dip-remove-warnings/erlang_protobuffs"
$ 5000  `find -P . -type l -delete  2>&1`
$ cd "/home/pete/wefwefwef/docs/erldocs_other.git"
$ cd "/home/pete/wefwefwef/docs/other/4273609580/erlang_protobuffs-branch-dip-remove-warnings/erlang_protobuffs"
$ 5000  `ls -1 deps/  2>&1`
$ cd "/home/pete/wefwefwef/docs/erldocs_other.git"
>>> [rebar] deps = ["meck","proper"]
 :: Generating erldocs into /home/pete/wefwefwef/docs/other/4273609580/repo/dip-remove-warnings
Building erlang_protobuffs
Generating Type Specs - "/home/pete/wefwefwef/docs/other/4273609580/erlang_protobuffs-branch-dip-remove-warnings/erlang_protobuffs/src/pokemon_pb.erl"
Generating Type Specs - "/home/pete/wefwefwef/docs/other/4273609580/erlang_protobuffs-branch-dip-remove-warnings/erlang_protobuffs/src/protobuffs.erl"
Generating Type Specs - "/home/pete/wefwefwef/docs/other/4273609580/erlang_protobuffs-branch-dip-remove-warnings/erlang_protobuffs/src/protobuffs_compile.erl"
Generating Type Specs - "/home/pete/wefwefwef/docs/other/4273609580/erlang_protobuffs-branch-dip-remove-warnings/erlang_protobuffs/src/protobuffs_file.erl"
Generating XML for application erlang_protobuffs "/home/pete/wefwefwef/docs/other/4273609580/erlang_protobuffs-branch-dip-remove-warnings/erlang_protobuffs" -> "/home/pete/wefwefwef/docs/other/4273609580/repo/dip-remove-warnings/.xml/erlang_protobuffs"
Generated erlang_protobuffs XMLs: ["/home/pete/wefwefwef/docs/other/4273609580/repo/dip-remove-warnings/.xml/erlang_protobuffs/protobuffs_compile.xml",
                                   "/home/pete/wefwefwef/docs/other/4273609580/repo/dip-remove-warnings/.xml/erlang_protobuffs/protobuffs_file.xml",
                                   "/home/pete/wefwefwef/docs/other/4273609580/repo/dip-remove-warnings/.xml/erlang_protobuffs/pokemon_pb.xml",
                                   "/home/pete/wefwefwef/docs/other/4273609580/repo/dip-remove-warnings/.xml/erlang_protobuffs/protobuffs.xml"]
Generating HTML - protobuffs_compile "/home/pete/wefwefwef/docs/other/4273609580/repo/dip-remove-warnings/.xml/erlang_protobuffs/protobuffs_compile.xml"
Generating HTML - protobuffs "/home/pete/wefwefwef/docs/other/4273609580/repo/dip-remove-warnings/.xml/erlang_protobuffs/protobuffs.xml"
Generating HTML - protobuffs_file "/home/pete/wefwefwef/docs/other/4273609580/repo/dip-remove-warnings/.xml/erlang_protobuffs/protobuffs_file.xml"
Generating HTML - pokemon_pb "/home/pete/wefwefwef/docs/other/4273609580/repo/dip-remove-warnings/.xml/erlang_protobuffs/pokemon_pb.xml"
Reading XML for "/home/pete/wefwefwef/docs/other/4273609580/repo/dip-remove-warnings/.xml/erlang_protobuffs/protobuffs_compile.xml"
Reading XML for "/home/pete/wefwefwef/docs/other/4273609580/repo/dip-remove-warnings/.xml/erlang_protobuffs/protobuffs.xml"
Reading XML for "/home/pete/wefwefwef/docs/other/4273609580/repo/dip-remove-warnings/.xml/erlang_protobuffs/protobuffs_file.xml"
Reading XML for "/home/pete/wefwefwef/docs/other/4273609580/repo/dip-remove-warnings/.xml/erlang_protobuffs/pokemon_pb.xml"
Reading XML for "/home/pete/wefwefwef/docs/other/4273609580/repo/dip-remove-warnings/.xml/specs_protobuffs_compile.xml"
Reading XML for "/home/pete/wefwefwef/docs/other/4273609580/repo/dip-remove-warnings/.xml/specs_protobuffs.xml"
Reading XML for "/home/pete/wefwefwef/docs/other/4273609580/repo/dip-remove-warnings/.xml/specs_protobuffs_file.xml"
Reading XML for "/home/pete/wefwefwef/docs/other/4273609580/repo/dip-remove-warnings/.xml/specs_pokemon_pb.xml"
Creating index.html ...
Creating erldocs_index.js ...
Woot, finished in 0 Minutes 0 Seconds
 :: Discovering other repos
$ 5000  `rm -r '/home/pete/wefwefwef/docs/other/4273609580/erlang_protobuffs-branch-dip-remove-warnings'  2>&1`
 :: Processing https://github.com/lrascao/erlang_protobuffs	{rev,branch,"jrd-pb-bug","a088ad4d804acef40a647a16d0067a7f179bba57",undefined,[],[]}
 :: Fetching repo code
$ cd "/home/pete/wefwefwef/docs/other/4273609580/erlang_protobuffs-branch-jrd-pb-bug/erlang_protobuffs"
$ infinity  `curl --fail --silent --show-error --location --output 'jrd-pb-bug.zip' 'https://github.com/lrascao/erlang_protobuffs/archive/jrd-pb-bug.zip'  2>&1`
$ cd "/home/pete/wefwefwef/docs/erldocs_other.git"
$ cd "/home/pete/wefwefwef/docs/other/4273609580/erlang_protobuffs-branch-jrd-pb-bug/erlang_protobuffs"
$ 5000  `find -P . -type l -delete  2>&1`
$ cd "/home/pete/wefwefwef/docs/erldocs_other.git"
$ cd "/home/pete/wefwefwef/docs/other/4273609580/erlang_protobuffs-branch-jrd-pb-bug/erlang_protobuffs"
$ 5000  `find 'erlang_protobuffs-jrd-pb-bug' -mindepth 1 -maxdepth 1 -exec mv -t . -- {} +  2>&1`
$ cd "/home/pete/wefwefwef/docs/erldocs_other.git"
 :: Getting dependencies
$ cd "/home/pete/wefwefwef/docs/other/4273609580/erlang_protobuffs-branch-jrd-pb-bug/erlang_protobuffs"
$ infinity  `rebar --config '/home/pete/wefwefwef/docs/other/4273609580/erlang_protobuffs-branch-jrd-pb-bug/rebar_deps' get-deps  2>&1`
$ cd "/home/pete/wefwefwef/docs/erldocs_other.git"
$ cd "/home/pete/wefwefwef/docs/other/4273609580/erlang_protobuffs-branch-jrd-pb-bug/erlang_protobuffs"
$ 5000  `find -P . -type l -delete  2>&1`
$ cd "/home/pete/wefwefwef/docs/erldocs_other.git"
$ cd "/home/pete/wefwefwef/docs/other/4273609580/erlang_protobuffs-branch-jrd-pb-bug/erlang_protobuffs"
$ 5000  `ls -1 deps/  2>&1`
$ cd "/home/pete/wefwefwef/docs/erldocs_other.git"
>>> [rebar] deps = ["meck"]
 :: Generating erldocs into /home/pete/wefwefwef/docs/other/4273609580/repo/jrd-pb-bug
Building erlang_protobuffs
Generating Type Specs - "/home/pete/wefwefwef/docs/other/4273609580/erlang_protobuffs-branch-jrd-pb-bug/erlang_protobuffs/src/pokemon_pb.erl"
Generating Type Specs - "/home/pete/wefwefwef/docs/other/4273609580/erlang_protobuffs-branch-jrd-pb-bug/erlang_protobuffs/src/protobuffs.erl"
Generating Type Specs - "/home/pete/wefwefwef/docs/other/4273609580/erlang_protobuffs-branch-jrd-pb-bug/erlang_protobuffs/src/protobuffs_compile.erl"
Generating Type Specs - "/home/pete/wefwefwef/docs/other/4273609580/erlang_protobuffs-branch-jrd-pb-bug/erlang_protobuffs/src/protobuffs_file.erl"
Generating XML for application erlang_protobuffs "/home/pete/wefwefwef/docs/other/4273609580/erlang_protobuffs-branch-jrd-pb-bug/erlang_protobuffs" -> "/home/pete/wefwefwef/docs/other/4273609580/repo/jrd-pb-bug/.xml/erlang_protobuffs"
Generated erlang_protobuffs XMLs: ["/home/pete/wefwefwef/docs/other/4273609580/repo/jrd-pb-bug/.xml/erlang_protobuffs/protobuffs_compile.xml",
                                   "/home/pete/wefwefwef/docs/other/4273609580/repo/jrd-pb-bug/.xml/erlang_protobuffs/protobuffs_file.xml",
                                   "/home/pete/wefwefwef/docs/other/4273609580/repo/jrd-pb-bug/.xml/erlang_protobuffs/pokemon_pb.xml",
                                   "/home/pete/wefwefwef/docs/other/4273609580/repo/jrd-pb-bug/.xml/erlang_protobuffs/protobuffs.xml"]
Generating HTML - protobuffs_compile "/home/pete/wefwefwef/docs/other/4273609580/repo/jrd-pb-bug/.xml/erlang_protobuffs/protobuffs_compile.xml"
Generating HTML - protobuffs_file "/home/pete/wefwefwef/docs/other/4273609580/repo/jrd-pb-bug/.xml/erlang_protobuffs/protobuffs_file.xml"
Generating HTML - pokemon_pb "/home/pete/wefwefwef/docs/other/4273609580/repo/jrd-pb-bug/.xml/erlang_protobuffs/pokemon_pb.xml"
Generating HTML - protobuffs "/home/pete/wefwefwef/docs/other/4273609580/repo/jrd-pb-bug/.xml/erlang_protobuffs/protobuffs.xml"
Reading XML for "/home/pete/wefwefwef/docs/other/4273609580/repo/jrd-pb-bug/.xml/erlang_protobuffs/protobuffs_compile.xml"
Reading XML for "/home/pete/wefwefwef/docs/other/4273609580/repo/jrd-pb-bug/.xml/erlang_protobuffs/protobuffs_file.xml"
Reading XML for "/home/pete/wefwefwef/docs/other/4273609580/repo/jrd-pb-bug/.xml/erlang_protobuffs/pokemon_pb.xml"
Reading XML for "/home/pete/wefwefwef/docs/other/4273609580/repo/jrd-pb-bug/.xml/erlang_protobuffs/protobuffs.xml"
Reading XML for "/home/pete/wefwefwef/docs/other/4273609580/repo/jrd-pb-bug/.xml/specs_protobuffs_file.xml"
Reading XML for "/home/pete/wefwefwef/docs/other/4273609580/repo/jrd-pb-bug/.xml/specs_protobuffs_compile.xml"
Reading XML for "/home/pete/wefwefwef/docs/other/4273609580/repo/jrd-pb-bug/.xml/specs_pokemon_pb.xml"
Reading XML for "/home/pete/wefwefwef/docs/other/4273609580/repo/jrd-pb-bug/.xml/specs_protobuffs.xml"
Creating index.html ...
Creating erldocs_index.js ...
Woot, finished in 0 Minutes 0 Seconds
 :: Discovering other repos
$ 5000  `rm -r '/home/pete/wefwefwef/docs/other/4273609580/erlang_protobuffs-branch-jrd-pb-bug'  2>&1`
 :: Processing https://github.com/lrascao/erlang_protobuffs	{rev,branch,"master","d64ada24cf0479bcf3358bd67b3fb3d654ae1990",undefined,[],[]}
 :: Fetching repo code
$ cd "/home/pete/wefwefwef/docs/other/4273609580/erlang_protobuffs-branch-master/erlang_protobuffs"
$ infinity  `curl --fail --silent --show-error --location --output 'master.zip' 'https://github.com/lrascao/erlang_protobuffs/archive/master.zip'  2>&1`
$ cd "/home/pete/wefwefwef/docs/erldocs_other.git"
$ cd "/home/pete/wefwefwef/docs/other/4273609580/erlang_protobuffs-branch-master/erlang_protobuffs"
$ 5000  `find -P . -type l -delete  2>&1`
$ cd "/home/pete/wefwefwef/docs/erldocs_other.git"
$ cd "/home/pete/wefwefwef/docs/other/4273609580/erlang_protobuffs-branch-master/erlang_protobuffs"
$ 5000  `find 'erlang_protobuffs-master' -mindepth 1 -maxdepth 1 -exec mv -t . -- {} +  2>&1`
$ cd "/home/pete/wefwefwef/docs/erldocs_other.git"
 :: Getting dependencies
$ cd "/home/pete/wefwefwef/docs/other/4273609580/erlang_protobuffs-branch-master/erlang_protobuffs"
$ infinity  `rebar --config '/home/pete/wefwefwef/docs/other/4273609580/erlang_protobuffs-branch-master/rebar_deps' get-deps  2>&1`
$ cd "/home/pete/wefwefwef/docs/erldocs_other.git"
$ cd "/home/pete/wefwefwef/docs/other/4273609580/erlang_protobuffs-branch-master/erlang_protobuffs"
$ 5000  `find -P . -type l -delete  2>&1`
$ cd "/home/pete/wefwefwef/docs/erldocs_other.git"
$ cd "/home/pete/wefwefwef/docs/other/4273609580/erlang_protobuffs-branch-master/erlang_protobuffs"
$ 5000  `ls -1 deps/  2>&1`
$ cd "/home/pete/wefwefwef/docs/erldocs_other.git"
>>> [rebar] deps = ["meck"]
 :: Generating erldocs into /home/pete/wefwefwef/docs/other/4273609580/repo/master
Building erlang_protobuffs
Generating Type Specs - "/home/pete/wefwefwef/docs/other/4273609580/erlang_protobuffs-branch-master/erlang_protobuffs/src/pokemon_pb.erl"
Generating Type Specs - "/home/pete/wefwefwef/docs/other/4273609580/erlang_protobuffs-branch-master/erlang_protobuffs/src/protobuffs.erl"
Generating Type Specs - "/home/pete/wefwefwef/docs/other/4273609580/erlang_protobuffs-branch-master/erlang_protobuffs/src/protobuffs_compile.erl"
Generating Type Specs - "/home/pete/wefwefwef/docs/other/4273609580/erlang_protobuffs-branch-master/erlang_protobuffs/src/protobuffs_file.erl"
Generating XML for application erlang_protobuffs "/home/pete/wefwefwef/docs/other/4273609580/erlang_protobuffs-branch-master/erlang_protobuffs" -> "/home/pete/wefwefwef/docs/other/4273609580/repo/master/.xml/erlang_protobuffs"
Generated erlang_protobuffs XMLs: ["/home/pete/wefwefwef/docs/other/4273609580/repo/master/.xml/erlang_protobuffs/protobuffs_compile.xml",
                                   "/home/pete/wefwefwef/docs/other/4273609580/repo/master/.xml/erlang_protobuffs/protobuffs_file.xml",
                                   "/home/pete/wefwefwef/docs/other/4273609580/repo/master/.xml/erlang_protobuffs/pokemon_pb.xml",
                                   "/home/pete/wefwefwef/docs/other/4273609580/repo/master/.xml/erlang_protobuffs/protobuffs.xml"]
Generating HTML - protobuffs_compile "/home/pete/wefwefwef/docs/other/4273609580/repo/master/.xml/erlang_protobuffs/protobuffs_compile.xml"
Generating HTML - protobuffs_file "/home/pete/wefwefwef/docs/other/4273609580/repo/master/.xml/erlang_protobuffs/protobuffs_file.xml"
Generating HTML - pokemon_pb "/home/pete/wefwefwef/docs/other/4273609580/repo/master/.xml/erlang_protobuffs/pokemon_pb.xml"
Generating HTML - protobuffs "/home/pete/wefwefwef/docs/other/4273609580/repo/master/.xml/erlang_protobuffs/protobuffs.xml"
Reading XML for "/home/pete/wefwefwef/docs/other/4273609580/repo/master/.xml/erlang_protobuffs/protobuffs_compile.xml"
Reading XML for "/home/pete/wefwefwef/docs/other/4273609580/repo/master/.xml/erlang_protobuffs/protobuffs_file.xml"
Reading XML for "/home/pete/wefwefwef/docs/other/4273609580/repo/master/.xml/erlang_protobuffs/pokemon_pb.xml"
Reading XML for "/home/pete/wefwefwef/docs/other/4273609580/repo/master/.xml/erlang_protobuffs/protobuffs.xml"
Reading XML for "/home/pete/wefwefwef/docs/other/4273609580/repo/master/.xml/specs_protobuffs_file.xml"
Reading XML for "/home/pete/wefwefwef/docs/other/4273609580/repo/master/.xml/specs_pokemon_pb.xml"
Reading XML for "/home/pete/wefwefwef/docs/other/4273609580/repo/master/.xml/specs_protobuffs_compile.xml"
Reading XML for "/home/pete/wefwefwef/docs/other/4273609580/repo/master/.xml/specs_protobuffs.xml"
Creating index.html ...
Creating erldocs_index.js ...
Woot, finished in 0 Minutes 0 Seconds
 :: Discovering other repos
$ 5000  `rm -r '/home/pete/wefwefwef/docs/other/4273609580/erlang_protobuffs-branch-master'  2>&1`
 :: Processing https://github.com/lrascao/erlang_protobuffs	{rev,branch,"mw-add-deliminated-encode-decode","5ad82ba901632a185c068f6cfed640d2091ad6db",undefined,[],[]}
 :: Fetching repo code
$ cd "/home/pete/wefwefwef/docs/other/4273609580/erlang_protobuffs-branch-mw-add-deliminated-encode-decode/erlang_protobuffs"
$ infinity  `curl --fail --silent --show-error --location --output 'mw-add-deliminated-encode-decode.zip' 'https://github.com/lrascao/erlang_protobuffs/archive/mw-add-deliminated-encode-decode.zip'  2>&1`
$ cd "/home/pete/wefwefwef/docs/erldocs_other.git"
$ cd "/home/pete/wefwefwef/docs/other/4273609580/erlang_protobuffs-branch-mw-add-deliminated-encode-decode/erlang_protobuffs"
$ 5000  `find -P . -type l -delete  2>&1`
$ cd "/home/pete/wefwefwef/docs/erldocs_other.git"
$ cd "/home/pete/wefwefwef/docs/other/4273609580/erlang_protobuffs-branch-mw-add-deliminated-encode-decode/erlang_protobuffs"
$ 5000  `find 'erlang_protobuffs-mw-add-deliminated-encode-decode' -mindepth 1 -maxdepth 1 -exec mv -t . -- {} +  2>&1`
$ cd "/home/pete/wefwefwef/docs/erldocs_other.git"
 :: Getting dependencies
$ cd "/home/pete/wefwefwef/docs/other/4273609580/erlang_protobuffs-branch-mw-add-deliminated-encode-decode/erlang_protobuffs"
$ infinity  `rebar --config '/home/pete/wefwefwef/docs/other/4273609580/erlang_protobuffs-branch-mw-add-deliminated-encode-decode/rebar_deps' get-deps  2>&1`
$ cd "/home/pete/wefwefwef/docs/erldocs_other.git"
$ cd "/home/pete/wefwefwef/docs/other/4273609580/erlang_protobuffs-branch-mw-add-deliminated-encode-decode/erlang_protobuffs"
$ 5000  `find -P . -type l -delete  2>&1`
$ cd "/home/pete/wefwefwef/docs/erldocs_other.git"
$ cd "/home/pete/wefwefwef/docs/other/4273609580/erlang_protobuffs-branch-mw-add-deliminated-encode-decode/erlang_protobuffs"
$ 5000  `ls -1 deps/  2>&1`
$ cd "/home/pete/wefwefwef/docs/erldocs_other.git"
>>> [rebar] deps = ["meck"]
 :: Generating erldocs into /home/pete/wefwefwef/docs/other/4273609580/repo/mw-add-deliminated-encode-decode
Building erlang_protobuffs
Generating Type Specs - "/home/pete/wefwefwef/docs/other/4273609580/erlang_protobuffs-branch-mw-add-deliminated-encode-decode/erlang_protobuffs/src/pokemon_pb.erl"
Generating Type Specs - "/home/pete/wefwefwef/docs/other/4273609580/erlang_protobuffs-branch-mw-add-deliminated-encode-decode/erlang_protobuffs/src/protobuffs.erl"
Generating Type Specs - "/home/pete/wefwefwef/docs/other/4273609580/erlang_protobuffs-branch-mw-add-deliminated-encode-decode/erlang_protobuffs/src/protobuffs_compile.erl"
Generating Type Specs - "/home/pete/wefwefwef/docs/other/4273609580/erlang_protobuffs-branch-mw-add-deliminated-encode-decode/erlang_protobuffs/src/protobuffs_file.erl"
Generating XML for application erlang_protobuffs "/home/pete/wefwefwef/docs/other/4273609580/erlang_protobuffs-branch-mw-add-deliminated-encode-decode/erlang_protobuffs" -> "/home/pete/wefwefwef/docs/other/4273609580/repo/mw-add-deliminated-encode-decode/.xml/erlang_protobuffs"
Generated erlang_protobuffs XMLs: ["/home/pete/wefwefwef/docs/other/4273609580/repo/mw-add-deliminated-encode-decode/.xml/erlang_protobuffs/protobuffs_compile.xml",
                                   "/home/pete/wefwefwef/docs/other/4273609580/repo/mw-add-deliminated-encode-decode/.xml/erlang_protobuffs/protobuffs_file.xml",
                                   "/home/pete/wefwefwef/docs/other/4273609580/repo/mw-add-deliminated-encode-decode/.xml/erlang_protobuffs/pokemon_pb.xml",
                                   "/home/pete/wefwefwef/docs/other/4273609580/repo/mw-add-deliminated-encode-decode/.xml/erlang_protobuffs/protobuffs.xml"]
Generating HTML - protobuffs_compile "/home/pete/wefwefwef/docs/other/4273609580/repo/mw-add-deliminated-encode-decode/.xml/erlang_protobuffs/protobuffs_compile.xml"
Generating HTML - protobuffs_file "/home/pete/wefwefwef/docs/other/4273609580/repo/mw-add-deliminated-encode-decode/.xml/erlang_protobuffs/protobuffs_file.xml"
Generating HTML - pokemon_pb "/home/pete/wefwefwef/docs/other/4273609580/repo/mw-add-deliminated-encode-decode/.xml/erlang_protobuffs/pokemon_pb.xml"
Generating HTML - protobuffs "/home/pete/wefwefwef/docs/other/4273609580/repo/mw-add-deliminated-encode-decode/.xml/erlang_protobuffs/protobuffs.xml"
Reading XML for "/home/pete/wefwefwef/docs/other/4273609580/repo/mw-add-deliminated-encode-decode/.xml/erlang_protobuffs/protobuffs_compile.xml"
Reading XML for "/home/pete/wefwefwef/docs/other/4273609580/repo/mw-add-deliminated-encode-decode/.xml/erlang_protobuffs/protobuffs_file.xml"
Reading XML for "/home/pete/wefwefwef/docs/other/4273609580/repo/mw-add-deliminated-encode-decode/.xml/erlang_protobuffs/pokemon_pb.xml"
Reading XML for "/home/pete/wefwefwef/docs/other/4273609580/repo/mw-add-deliminated-encode-decode/.xml/erlang_protobuffs/protobuffs.xml"
Reading XML for "/home/pete/wefwefwef/docs/other/4273609580/repo/mw-add-deliminated-encode-decode/.xml/specs_protobuffs_compile.xml"
Reading XML for "/home/pete/wefwefwef/docs/other/4273609580/repo/mw-add-deliminated-encode-decode/.xml/specs_protobuffs_file.xml"
Reading XML for "/home/pete/wefwefwef/docs/other/4273609580/repo/mw-add-deliminated-encode-decode/.xml/specs_pokemon_pb.xml"
Reading XML for "/home/pete/wefwefwef/docs/other/4273609580/repo/mw-add-deliminated-encode-decode/.xml/specs_protobuffs.xml"
Creating index.html ...
Creating erldocs_index.js ...
Woot, finished in 0 Minutes 0 Seconds
 :: Discovering other repos
$ 5000  `rm -r '/home/pete/wefwefwef/docs/other/4273609580/erlang_protobuffs-branch-mw-add-deliminated-encode-decode'  2>&1`
 :: Finishing up
$ 5000  `rm -r '/home/pete/wefwefwef/docs/other/4273609580/erlang_protobuffs'  2>&1`
