 :: Extracting meta information
$ infinity  `git ls-remote --heads --tags 'https://github.com/pundunlabs/enterdb'  2>&1`
>>> [repo] 1 branches, 0 tags
 :: Writing meta to "/home/pete/wefwefwef/docs/other/95e83b7fe3b4ec4e390077069f886b885f095c60/meta.txt"
 :: Processing https://github.com/pundunlabs/enterdb	{rev,branch,"master","01b934496da43097a77ce3523ed8f8e641d78ccc",undefined,[],[]}
 :: Fetching repo code
$ cd '/home/pete/wefwefwef/docs/other/95e83b7fe3b4ec4e390077069f886b885f095c60/enterdb-branch-master'
$ infinity  `curl --fail --silent --show-error --location --output repo.tar.gz 'https://codeload.github.com/pundunlabs/enterdb/tar.gz/master'  2>&1`
$ cd '/home/pete/wefwefwef/docs/erldocs_other.git'
$ cd '/home/pete/wefwefwef/docs/other/95e83b7fe3b4ec4e390077069f886b885f095c60/enterdb-branch-master/enterdb-master'
$ 5000  `find -P . -type l -delete  2>&1`
$ cd '/home/pete/wefwefwef/docs/erldocs_other.git'
$ 5000  `mv '/home/pete/wefwefwef/docs/other/95e83b7fe3b4ec4e390077069f886b885f095c60/enterdb-branch-master/enterdb-master' '/home/pete/wefwefwef/docs/other/95e83b7fe3b4ec4e390077069f886b885f095c60/enterdb-branch-master/enterdb'  2>&1`
 :: Getting dependencies
$ cd '/home/pete/wefwefwef/docs/other/95e83b7fe3b4ec4e390077069f886b885f095c60/enterdb-branch-master/enterdb'
$ 5000  `ls -1 deps/  2>&1`
$ cd '/home/pete/wefwefwef/docs/erldocs_other.git'
>>> [rebar] deps = []
 :: Generating erldocs into /home/pete/wefwefwef/docs/other/95e83b7fe3b4ec4e390077069f886b885f095c60/repo/master
Building enterdb
Generating Type Specs - "/home/pete/wefwefwef/docs/other/95e83b7fe3b4ec4e390077069f886b885f095c60/enterdb-branch-master/enterdb/src/enterdb.erl"
/home/pete/wefwefwef/docs/other/95e83b7fe3b4ec4e390077069f886b885f095c60/enterdb-branch-master/enterdb/src/enterdb.erl: at line 43: can't find include file "gb_log.hrl"
EDoc could not process file '/home/pete/wefwefwef/docs/other/95e83b7fe3b4ec4e390077069f886b885f095c60/enterdb-branch-master/enterdb/src/enterdb.erl'
Error generating type specs for "/home/pete/wefwefwef/docs/other/95e83b7fe3b4ec4e390077069f886b885f095c60/enterdb-branch-master/enterdb/src/enterdb.erl"
Generating Type Specs - "/home/pete/wefwefwef/docs/other/95e83b7fe3b4ec4e390077069f886b885f095c60/enterdb-branch-master/enterdb/src/enterdb_app.erl"
Generating Type Specs - "/home/pete/wefwefwef/docs/other/95e83b7fe3b4ec4e390077069f886b885f095c60/enterdb-branch-master/enterdb/src/enterdb_db.erl"
Generating Type Specs - "/home/pete/wefwefwef/docs/other/95e83b7fe3b4ec4e390077069f886b885f095c60/enterdb-branch-master/enterdb/src/enterdb_ldb_worker.erl"
/home/pete/wefwefwef/docs/other/95e83b7fe3b4ec4e390077069f886b885f095c60/enterdb-branch-master/enterdb/src/enterdb_ldb_worker.erl: at line 35: can't find include file "gb_log.hrl"
EDoc could not process file '/home/pete/wefwefwef/docs/other/95e83b7fe3b4ec4e390077069f886b885f095c60/enterdb-branch-master/enterdb/src/enterdb_ldb_worker.erl'
Error generating type specs for "/home/pete/wefwefwef/docs/other/95e83b7fe3b4ec4e390077069f886b885f095c60/enterdb-branch-master/enterdb/src/enterdb_ldb_worker.erl"
Generating Type Specs - "/home/pete/wefwefwef/docs/other/95e83b7fe3b4ec4e390077069f886b885f095c60/enterdb-branch-master/enterdb/src/enterdb_lib.erl"
/home/pete/wefwefwef/docs/other/95e83b7fe3b4ec4e390077069f886b885f095c60/enterdb-branch-master/enterdb/src/enterdb_lib.erl: at line 46: can't find include file "gb_log.hrl"
EDoc could not process file '/home/pete/wefwefwef/docs/other/95e83b7fe3b4ec4e390077069f886b885f095c60/enterdb-branch-master/enterdb/src/enterdb_lib.erl'
Error generating type specs for "/home/pete/wefwefwef/docs/other/95e83b7fe3b4ec4e390077069f886b885f095c60/enterdb-branch-master/enterdb/src/enterdb_lib.erl"
Generating Type Specs - "/home/pete/wefwefwef/docs/other/95e83b7fe3b4ec4e390077069f886b885f095c60/enterdb-branch-master/enterdb/src/enterdb_lit_worker.erl"
/home/pete/wefwefwef/docs/other/95e83b7fe3b4ec4e390077069f886b885f095c60/enterdb-branch-master/enterdb/src/enterdb_lit_worker.erl: at line 23: can't find include file "gb_log.hrl"
EDoc could not process file '/home/pete/wefwefwef/docs/other/95e83b7fe3b4ec4e390077069f886b885f095c60/enterdb-branch-master/enterdb/src/enterdb_lit_worker.erl'
Error generating type specs for "/home/pete/wefwefwef/docs/other/95e83b7fe3b4ec4e390077069f886b885f095c60/enterdb-branch-master/enterdb/src/enterdb_lit_worker.erl"
Generating Type Specs - "/home/pete/wefwefwef/docs/other/95e83b7fe3b4ec4e390077069f886b885f095c60/enterdb-branch-master/enterdb/src/enterdb_mem.erl"
Generating Type Specs - "/home/pete/wefwefwef/docs/other/95e83b7fe3b4ec4e390077069f886b885f095c60/enterdb-branch-master/enterdb/src/enterdb_mem_wrp.erl"
Generating Type Specs - "/home/pete/wefwefwef/docs/other/95e83b7fe3b4ec4e390077069f886b885f095c60/enterdb-branch-master/enterdb/src/enterdb_mem_wrp_mgr.erl"
/home/pete/wefwefwef/docs/other/95e83b7fe3b4ec4e390077069f886b885f095c60/enterdb-branch-master/enterdb/src/enterdb_mem_wrp_mgr.erl: at line 9: can't find include file "gb_log.hrl"
EDoc could not process file '/home/pete/wefwefwef/docs/other/95e83b7fe3b4ec4e390077069f886b885f095c60/enterdb-branch-master/enterdb/src/enterdb_mem_wrp_mgr.erl'
Error generating type specs for "/home/pete/wefwefwef/docs/other/95e83b7fe3b4ec4e390077069f886b885f095c60/enterdb-branch-master/enterdb/src/enterdb_mem_wrp_mgr.erl"
Generating Type Specs - "/home/pete/wefwefwef/docs/other/95e83b7fe3b4ec4e390077069f886b885f095c60/enterdb-branch-master/enterdb/src/enterdb_ns.erl"
/home/pete/wefwefwef/docs/other/95e83b7fe3b4ec4e390077069f886b885f095c60/enterdb-branch-master/enterdb/src/enterdb_ns.erl: at line 43: can't find include file "gb_log.hrl"
EDoc could not process file '/home/pete/wefwefwef/docs/other/95e83b7fe3b4ec4e390077069f886b885f095c60/enterdb-branch-master/enterdb/src/enterdb_ns.erl'
Error generating type specs for "/home/pete/wefwefwef/docs/other/95e83b7fe3b4ec4e390077069f886b885f095c60/enterdb-branch-master/enterdb/src/enterdb_ns.erl"
Generating Type Specs - "/home/pete/wefwefwef/docs/other/95e83b7fe3b4ec4e390077069f886b885f095c60/enterdb-branch-master/enterdb/src/enterdb_server.erl"
/home/pete/wefwefwef/docs/other/95e83b7fe3b4ec4e390077069f886b885f095c60/enterdb-branch-master/enterdb/src/enterdb_server.erl: at line 50: can't find include file "gb_log.hrl"
EDoc could not process file '/home/pete/wefwefwef/docs/other/95e83b7fe3b4ec4e390077069f886b885f095c60/enterdb-branch-master/enterdb/src/enterdb_server.erl'
Error generating type specs for "/home/pete/wefwefwef/docs/other/95e83b7fe3b4ec4e390077069f886b885f095c60/enterdb-branch-master/enterdb/src/enterdb_server.erl"
Generating Type Specs - "/home/pete/wefwefwef/docs/other/95e83b7fe3b4ec4e390077069f886b885f095c60/enterdb-branch-master/enterdb/src/enterdb_simple_sup.erl"
Generating Type Specs - "/home/pete/wefwefwef/docs/other/95e83b7fe3b4ec4e390077069f886b885f095c60/enterdb-branch-master/enterdb/src/enterdb_sup.erl"
Generating Type Specs - "/home/pete/wefwefwef/docs/other/95e83b7fe3b4ec4e390077069f886b885f095c60/enterdb-branch-master/enterdb/src/gb_chash.erl"
Generating XML for application enterdb "/home/pete/wefwefwef/docs/other/95e83b7fe3b4ec4e390077069f886b885f095c60/enterdb-branch-master/enterdb" -> "/home/pete/wefwefwef/docs/other/95e83b7fe3b4ec4e390077069f886b885f095c60/repo/master/.xml/enterdb"
/home/pete/wefwefwef/docs/other/95e83b7fe3b4ec4e390077069f886b885f095c60/enterdb-branch-master/enterdb/src/enterdb_lit_worker.erl: at line 23: can't find include file "gb_log.hrl"
edoc: skipping source file '/home/pete/wefwefwef/docs/other/95e83b7fe3b4ec4e390077069f886b885f095c60/enterdb-branch-master/enterdb/src/enterdb_lit_worker.erl': {'EXIT',
                                                                                                                                                           error}.
/home/pete/wefwefwef/docs/other/95e83b7fe3b4ec4e390077069f886b885f095c60/enterdb-branch-master/enterdb/src/enterdb_ldb_worker.erl: at line 35: can't find include file "gb_log.hrl"
edoc: skipping source file '/home/pete/wefwefwef/docs/other/95e83b7fe3b4ec4e390077069f886b885f095c60/enterdb-branch-master/enterdb/src/enterdb_ldb_worker.erl': {'EXIT',
                                                                                                                                                           error}.
/home/pete/wefwefwef/docs/other/95e83b7fe3b4ec4e390077069f886b885f095c60/enterdb-branch-master/enterdb/src/enterdb_mem_wrp_mgr.erl: at line 9: can't find include file "gb_log.hrl"
edoc: skipping source file '/home/pete/wefwefwef/docs/other/95e83b7fe3b4ec4e390077069f886b885f095c60/enterdb-branch-master/enterdb/src/enterdb_mem_wrp_mgr.erl': {'EXIT',
                                                                                                                                                            error}.
/home/pete/wefwefwef/docs/other/95e83b7fe3b4ec4e390077069f886b885f095c60/enterdb-branch-master/enterdb/src/enterdb_lib.erl: at line 46: can't find include file "gb_log.hrl"
edoc: skipping source file '/home/pete/wefwefwef/docs/other/95e83b7fe3b4ec4e390077069f886b885f095c60/enterdb-branch-master/enterdb/src/enterdb_lib.erl': {'EXIT',
                                                                                                                                                    error}.
/home/pete/wefwefwef/docs/other/95e83b7fe3b4ec4e390077069f886b885f095c60/enterdb-branch-master/enterdb/src/enterdb.erl: at line 43: can't find include file "gb_log.hrl"
edoc: skipping source file '/home/pete/wefwefwef/docs/other/95e83b7fe3b4ec4e390077069f886b885f095c60/enterdb-branch-master/enterdb/src/enterdb.erl': {'EXIT',
                                                                                                                                                error}.
/home/pete/wefwefwef/docs/other/95e83b7fe3b4ec4e390077069f886b885f095c60/enterdb-branch-master/enterdb/src/enterdb_server.erl: at line 50: can't find include file "gb_log.hrl"
edoc: skipping source file '/home/pete/wefwefwef/docs/other/95e83b7fe3b4ec4e390077069f886b885f095c60/enterdb-branch-master/enterdb/src/enterdb_server.erl': {'EXIT',
                                                                                                                                                       error}.
/home/pete/wefwefwef/docs/other/95e83b7fe3b4ec4e390077069f886b885f095c60/enterdb-branch-master/enterdb/src/enterdb_ns.erl: at line 43: can't find include file "gb_log.hrl"
edoc: skipping source file '/home/pete/wefwefwef/docs/other/95e83b7fe3b4ec4e390077069f886b885f095c60/enterdb-branch-master/enterdb/src/enterdb_ns.erl': {'EXIT',
                                                                                                                                                   error}.
edoc: error in doclet 'edoc_doclet': {'EXIT',error}.
Error generating enterdb XMLs. Using fallback ...
Generating XML enterdb - enterdb "/home/pete/wefwefwef/docs/other/95e83b7fe3b4ec4e390077069f886b885f095c60/enterdb-branch-master/enterdb/src/enterdb.erl" -> "/home/pete/wefwefwef/docs/other/95e83b7fe3b4ec4e390077069f886b885f095c60/repo/master/.xml/enterdb/enterdb.xml"
/home/pete/wefwefwef/docs/other/95e83b7fe3b4ec4e390077069f886b885f095c60/enterdb-branch-master/enterdb/src/enterdb.erl: at line 43: can't find include file "gb_log.hrl"
Error generating XML ("/home/pete/wefwefwef/docs/other/95e83b7fe3b4ec4e390077069f886b885f095c60/enterdb-branch-master/enterdb/src/enterdb.erl"): {'EXIT',
                                                                                                                                                  error}
Generating XML enterdb - enterdb_app "/home/pete/wefwefwef/docs/other/95e83b7fe3b4ec4e390077069f886b885f095c60/enterdb-branch-master/enterdb/src/enterdb_app.erl" -> "/home/pete/wefwefwef/docs/other/95e83b7fe3b4ec4e390077069f886b885f095c60/repo/master/.xml/enterdb/enterdb_app.xml"
Generating XML enterdb - enterdb_db "/home/pete/wefwefwef/docs/other/95e83b7fe3b4ec4e390077069f886b885f095c60/enterdb-branch-master/enterdb/src/enterdb_db.erl" -> "/home/pete/wefwefwef/docs/other/95e83b7fe3b4ec4e390077069f886b885f095c60/repo/master/.xml/enterdb/enterdb_db.xml"
Generating XML enterdb - enterdb_ldb_worker "/home/pete/wefwefwef/docs/other/95e83b7fe3b4ec4e390077069f886b885f095c60/enterdb-branch-master/enterdb/src/enterdb_ldb_worker.erl" -> "/home/pete/wefwefwef/docs/other/95e83b7fe3b4ec4e390077069f886b885f095c60/repo/master/.xml/enterdb/enterdb_ldb_worker.xml"
/home/pete/wefwefwef/docs/other/95e83b7fe3b4ec4e390077069f886b885f095c60/enterdb-branch-master/enterdb/src/enterdb_ldb_worker.erl: at line 35: can't find include file "gb_log.hrl"
Error generating XML ("/home/pete/wefwefwef/docs/other/95e83b7fe3b4ec4e390077069f886b885f095c60/enterdb-branch-master/enterdb/src/enterdb_ldb_worker.erl"): {'EXIT',
                                                                                                                                                             error}
Generating XML enterdb - enterdb_lib "/home/pete/wefwefwef/docs/other/95e83b7fe3b4ec4e390077069f886b885f095c60/enterdb-branch-master/enterdb/src/enterdb_lib.erl" -> "/home/pete/wefwefwef/docs/other/95e83b7fe3b4ec4e390077069f886b885f095c60/repo/master/.xml/enterdb/enterdb_lib.xml"
/home/pete/wefwefwef/docs/other/95e83b7fe3b4ec4e390077069f886b885f095c60/enterdb-branch-master/enterdb/src/enterdb_lib.erl: at line 46: can't find include file "gb_log.hrl"
Error generating XML ("/home/pete/wefwefwef/docs/other/95e83b7fe3b4ec4e390077069f886b885f095c60/enterdb-branch-master/enterdb/src/enterdb_lib.erl"): {'EXIT',
                                                                                                                                                      error}
Generating XML enterdb - enterdb_lit_worker "/home/pete/wefwefwef/docs/other/95e83b7fe3b4ec4e390077069f886b885f095c60/enterdb-branch-master/enterdb/src/enterdb_lit_worker.erl" -> "/home/pete/wefwefwef/docs/other/95e83b7fe3b4ec4e390077069f886b885f095c60/repo/master/.xml/enterdb/enterdb_lit_worker.xml"
/home/pete/wefwefwef/docs/other/95e83b7fe3b4ec4e390077069f886b885f095c60/enterdb-branch-master/enterdb/src/enterdb_lit_worker.erl: at line 23: can't find include file "gb_log.hrl"
Error generating XML ("/home/pete/wefwefwef/docs/other/95e83b7fe3b4ec4e390077069f886b885f095c60/enterdb-branch-master/enterdb/src/enterdb_lit_worker.erl"): {'EXIT',
                                                                                                                                                             error}
Generating XML enterdb - enterdb_mem "/home/pete/wefwefwef/docs/other/95e83b7fe3b4ec4e390077069f886b885f095c60/enterdb-branch-master/enterdb/src/enterdb_mem.erl" -> "/home/pete/wefwefwef/docs/other/95e83b7fe3b4ec4e390077069f886b885f095c60/repo/master/.xml/enterdb/enterdb_mem.xml"
Generating XML enterdb - enterdb_mem_wrp "/home/pete/wefwefwef/docs/other/95e83b7fe3b4ec4e390077069f886b885f095c60/enterdb-branch-master/enterdb/src/enterdb_mem_wrp.erl" -> "/home/pete/wefwefwef/docs/other/95e83b7fe3b4ec4e390077069f886b885f095c60/repo/master/.xml/enterdb/enterdb_mem_wrp.xml"
Generating XML enterdb - enterdb_mem_wrp_mgr "/home/pete/wefwefwef/docs/other/95e83b7fe3b4ec4e390077069f886b885f095c60/enterdb-branch-master/enterdb/src/enterdb_mem_wrp_mgr.erl" -> "/home/pete/wefwefwef/docs/other/95e83b7fe3b4ec4e390077069f886b885f095c60/repo/master/.xml/enterdb/enterdb_mem_wrp_mgr.xml"
/home/pete/wefwefwef/docs/other/95e83b7fe3b4ec4e390077069f886b885f095c60/enterdb-branch-master/enterdb/src/enterdb_mem_wrp_mgr.erl: at line 9: can't find include file "gb_log.hrl"
Error generating XML ("/home/pete/wefwefwef/docs/other/95e83b7fe3b4ec4e390077069f886b885f095c60/enterdb-branch-master/enterdb/src/enterdb_mem_wrp_mgr.erl"): {'EXIT',
                                                                                                                                                              error}
Generating XML enterdb - enterdb_ns "/home/pete/wefwefwef/docs/other/95e83b7fe3b4ec4e390077069f886b885f095c60/enterdb-branch-master/enterdb/src/enterdb_ns.erl" -> "/home/pete/wefwefwef/docs/other/95e83b7fe3b4ec4e390077069f886b885f095c60/repo/master/.xml/enterdb/enterdb_ns.xml"
/home/pete/wefwefwef/docs/other/95e83b7fe3b4ec4e390077069f886b885f095c60/enterdb-branch-master/enterdb/src/enterdb_ns.erl: at line 43: can't find include file "gb_log.hrl"
Error generating XML ("/home/pete/wefwefwef/docs/other/95e83b7fe3b4ec4e390077069f886b885f095c60/enterdb-branch-master/enterdb/src/enterdb_ns.erl"): {'EXIT',
                                                                                                                                                     error}
Generating XML enterdb - enterdb_server "/home/pete/wefwefwef/docs/other/95e83b7fe3b4ec4e390077069f886b885f095c60/enterdb-branch-master/enterdb/src/enterdb_server.erl" -> "/home/pete/wefwefwef/docs/other/95e83b7fe3b4ec4e390077069f886b885f095c60/repo/master/.xml/enterdb/enterdb_server.xml"
/home/pete/wefwefwef/docs/other/95e83b7fe3b4ec4e390077069f886b885f095c60/enterdb-branch-master/enterdb/src/enterdb_server.erl: at line 50: can't find include file "gb_log.hrl"
Error generating XML ("/home/pete/wefwefwef/docs/other/95e83b7fe3b4ec4e390077069f886b885f095c60/enterdb-branch-master/enterdb/src/enterdb_server.erl"): {'EXIT',
                                                                                                                                                         error}
Generating XML enterdb - enterdb_simple_sup "/home/pete/wefwefwef/docs/other/95e83b7fe3b4ec4e390077069f886b885f095c60/enterdb-branch-master/enterdb/src/enterdb_simple_sup.erl" -> "/home/pete/wefwefwef/docs/other/95e83b7fe3b4ec4e390077069f886b885f095c60/repo/master/.xml/enterdb/enterdb_simple_sup.xml"
Generating XML enterdb - enterdb_sup "/home/pete/wefwefwef/docs/other/95e83b7fe3b4ec4e390077069f886b885f095c60/enterdb-branch-master/enterdb/src/enterdb_sup.erl" -> "/home/pete/wefwefwef/docs/other/95e83b7fe3b4ec4e390077069f886b885f095c60/repo/master/.xml/enterdb/enterdb_sup.xml"
Generating XML enterdb - gb_chash "/home/pete/wefwefwef/docs/other/95e83b7fe3b4ec4e390077069f886b885f095c60/enterdb-branch-master/enterdb/src/gb_chash.erl" -> "/home/pete/wefwefwef/docs/other/95e83b7fe3b4ec4e390077069f886b885f095c60/repo/master/.xml/enterdb/gb_chash.xml"
Generating HTML - enterdb_simple_sup "/home/pete/wefwefwef/docs/other/95e83b7fe3b4ec4e390077069f886b885f095c60/repo/master/.xml/enterdb/enterdb_simple_sup.xml"
Generating HTML - gb_chash "/home/pete/wefwefwef/docs/other/95e83b7fe3b4ec4e390077069f886b885f095c60/repo/master/.xml/enterdb/gb_chash.xml"
Generating HTML - enterdb_app "/home/pete/wefwefwef/docs/other/95e83b7fe3b4ec4e390077069f886b885f095c60/repo/master/.xml/enterdb/enterdb_app.xml"
Generating HTML - enterdb_sup "/home/pete/wefwefwef/docs/other/95e83b7fe3b4ec4e390077069f886b885f095c60/repo/master/.xml/enterdb/enterdb_sup.xml"
Reading XML for "/home/pete/wefwefwef/docs/other/95e83b7fe3b4ec4e390077069f886b885f095c60/repo/master/.xml/enterdb/enterdb_simple_sup.xml"
Reading XML for "/home/pete/wefwefwef/docs/other/95e83b7fe3b4ec4e390077069f886b885f095c60/repo/master/.xml/enterdb/gb_chash.xml"
Reading XML for "/home/pete/wefwefwef/docs/other/95e83b7fe3b4ec4e390077069f886b885f095c60/repo/master/.xml/enterdb/enterdb_app.xml"
Reading XML for "/home/pete/wefwefwef/docs/other/95e83b7fe3b4ec4e390077069f886b885f095c60/repo/master/.xml/enterdb/enterdb_sup.xml"
Reading XML for "/home/pete/wefwefwef/docs/other/95e83b7fe3b4ec4e390077069f886b885f095c60/repo/master/.xml/specs_enterdb_simple_sup.xml"
Reading XML for "/home/pete/wefwefwef/docs/other/95e83b7fe3b4ec4e390077069f886b885f095c60/repo/master/.xml/specs_gb_chash.xml"
Reading XML for "/home/pete/wefwefwef/docs/other/95e83b7fe3b4ec4e390077069f886b885f095c60/repo/master/.xml/specs_enterdb_app.xml"
Generating HTML - enterdb_db "/home/pete/wefwefwef/docs/other/95e83b7fe3b4ec4e390077069f886b885f095c60/repo/master/.xml/enterdb/enterdb_db.xml"
Reading XML for "/home/pete/wefwefwef/docs/other/95e83b7fe3b4ec4e390077069f886b885f095c60/repo/master/.xml/specs_enterdb_sup.xml"
Reading XML for "/home/pete/wefwefwef/docs/other/95e83b7fe3b4ec4e390077069f886b885f095c60/repo/master/.xml/enterdb/enterdb_db.xml"
Reading XML for "/home/pete/wefwefwef/docs/other/95e83b7fe3b4ec4e390077069f886b885f095c60/repo/master/.xml/specs_enterdb_db.xml"
Generating HTML - enterdb_mem "/home/pete/wefwefwef/docs/other/95e83b7fe3b4ec4e390077069f886b885f095c60/repo/master/.xml/enterdb/enterdb_mem.xml"
Reading XML for "/home/pete/wefwefwef/docs/other/95e83b7fe3b4ec4e390077069f886b885f095c60/repo/master/.xml/enterdb/enterdb_mem.xml"
Reading XML for "/home/pete/wefwefwef/docs/other/95e83b7fe3b4ec4e390077069f886b885f095c60/repo/master/.xml/specs_enterdb_mem.xml"
Generating HTML - enterdb_mem_wrp "/home/pete/wefwefwef/docs/other/95e83b7fe3b4ec4e390077069f886b885f095c60/repo/master/.xml/enterdb/enterdb_mem_wrp.xml"
Reading XML for "/home/pete/wefwefwef/docs/other/95e83b7fe3b4ec4e390077069f886b885f095c60/repo/master/.xml/enterdb/enterdb_mem_wrp.xml"
Reading XML for "/home/pete/wefwefwef/docs/other/95e83b7fe3b4ec4e390077069f886b885f095c60/repo/master/.xml/specs_enterdb_mem_wrp.xml"
Creating index.html ...
Creating erldocs_index.js ...
Woot, finished in 0 Minutes 1 Seconds
 :: Discovering other repos
$ 5000  `rm -r '/home/pete/wefwefwef/docs/other/95e83b7fe3b4ec4e390077069f886b885f095c60/enterdb-branch-master'  2>&1`
 :: Finishing up
$ 5000  `rm -r '/home/pete/wefwefwef/docs/other/95e83b7fe3b4ec4e390077069f886b885f095c60/enterdb'  2>&1`
