 :: Extracting meta information
$ cd '.'
$ infinity  `git ls-remote --heads --tags https://github.com/advancedtelematic/dockerfiles`
>>> [repo] 4 branches, 0 tags
 :: Writing meta to "/home/pete/wefwefwef/docs/other/c855846b5f79fed8577129ff8810b67451949d76/meta.txt"
 :: Skipping branch "feat/new-rvi-version"
 :: Skipping branch "rust-nightly"
 :: Processing https://github.com/advancedtelematic/dockerfiles	{rev,branch,"master","7763accea64d2b4e4717a373d5aa84fe2bf7b31a",undefined,[],[]}
 :: Fetching repo code
$ cd '/home/pete/wefwefwef/docs/other/c855846b5f79fed8577129ff8810b67451949d76/dockerfiles-branch-master'
$ infinity  `curl --fail --silent --show-error --location --output repo.tar.gz https://codeload.github.com/advancedtelematic/dockerfiles/tar.gz/master`
$ cd '/home/pete/wefwefwef/docs/other/c855846b5f79fed8577129ff8810b67451949d76/dockerfiles-branch-master/dockerfiles-master'
$ 5000  `find -P . -type l -delete`
$ cd '.'
$ 5000  `mv /home/pete/wefwefwef/docs/other/c855846b5f79fed8577129ff8810b67451949d76/dockerfiles-branch-master/dockerfiles-master /home/pete/wefwefwef/docs/other/c855846b5f79fed8577129ff8810b67451949d76/dockerfiles-branch-master/dockerfiles`
 :: Getting dependencies
 :: Generating erldocs into /home/pete/wefwefwef/docs/other/c855846b5f79fed8577129ff8810b67451949d76/repo/master
Building dockerfiles
Generating XML for application dockerfiles "/home/pete/wefwefwef/docs/other/c855846b5f79fed8577129ff8810b67451949d76/dockerfiles-branch-master/dockerfiles" -> "/home/pete/wefwefwef/docs/other/c855846b5f79fed8577129ff8810b67451949d76/repo/master/.xml/dockerfiles"
Generated dockerfiles XMLs: []
No documentation was generated!
Woot, finished in 0 Minutes 0 Seconds
 :: Discovering other repos
$ cd '.'
$ 5000  `rm -r /home/pete/wefwefwef/docs/other/c855846b5f79fed8577129ff8810b67451949d76/dockerfiles-branch-master`
 :: Processing https://github.com/advancedtelematic/dockerfiles	{rev,branch,"fix/valid-vin-certs","b16cf3736dfc57f49249fc40fd362667fa1e22f4",undefined,[],[]}
 :: Fetching repo code
$ cd '/home/pete/wefwefwef/docs/other/c855846b5f79fed8577129ff8810b67451949d76/dockerfiles-branch-fix_valid-vin-certs'
$ infinity  `curl --fail --silent --show-error --location --output repo.tar.gz https://codeload.github.com/advancedtelematic/dockerfiles/tar.gz/fix/valid-vin-certs`
$ cd '/home/pete/wefwefwef/docs/other/c855846b5f79fed8577129ff8810b67451949d76/dockerfiles-branch-fix_valid-vin-certs/dockerfiles-fix-valid-vin-certs'
$ 5000  `find -P . -type l -delete`
$ cd '.'
$ 5000  `mv /home/pete/wefwefwef/docs/other/c855846b5f79fed8577129ff8810b67451949d76/dockerfiles-branch-fix_valid-vin-certs/dockerfiles-fix-valid-vin-certs /home/pete/wefwefwef/docs/other/c855846b5f79fed8577129ff8810b67451949d76/dockerfiles-branch-fix_valid-vin-certs/dockerfiles`
 :: Getting dependencies
 :: Generating erldocs into /home/pete/wefwefwef/docs/other/c855846b5f79fed8577129ff8810b67451949d76/repo/fix/valid-vin-certs
Building dockerfiles
Generating XML for application dockerfiles "/home/pete/wefwefwef/docs/other/c855846b5f79fed8577129ff8810b67451949d76/dockerfiles-branch-fix_valid-vin-certs/dockerfiles" -> "/home/pete/wefwefwef/docs/other/c855846b5f79fed8577129ff8810b67451949d76/repo/fix/valid-vin-certs/.xml/dockerfiles"
Generated dockerfiles XMLs: []
No documentation was generated!
Woot, finished in 0 Minutes 0 Seconds
 :: Discovering other repos
$ cd '.'
$ 5000  `rm -r /home/pete/wefwefwef/docs/other/c855846b5f79fed8577129ff8810b67451949d76/dockerfiles-branch-fix_valid-vin-certs`
 :: Finishing up
$ cd '.'
$ 5000  `rm -r /home/pete/wefwefwef/docs/other/c855846b5f79fed8577129ff8810b67451949d76/dockerfiles`
$ cd '.'
$ 5000  `rm -r /home/pete/wefwefwef/docs/other/c855846b5f79fed8577129ff8810b67451949d76/repo/fix/valid-vin-certs`
$ cd '.'
$ 5000  `rm -r /home/pete/wefwefwef/docs/other/c855846b5f79fed8577129ff8810b67451949d76/repo/master`
