 :: Extracting meta information
$ infinity  `git ls-remote --heads --tags 'https://github.com/kouchang/meth'  2>&1`
>>> [repo] 2 branches, 0 tags
 :: Writing meta to "/home/pete/wefwefwef/docs/other/1c30413d485c1eccc71d215814acdb26/meta.txt"
 :: Processing https://github.com/kouchang/meth	{rev,branch,"master","92dc3f253e3f9b8c813eabb9c8699bc2349b67e7",undefined,[],[]}
 :: Fetching repo code
$ cd '/home/pete/wefwefwef/docs/other/1c30413d485c1eccc71d215814acdb26/meth-branch-master'
$ infinity  `curl --fail --silent --show-error --location --output repo.tar.gz 'https://codeload.github.com/kouchang/meth/legacy.tar.gz/master'  2>&1`
$ cd '/home/pete/wefwefwef/docs/erldocs_other.git'
$ cd '/home/pete/wefwefwef/docs/other/1c30413d485c1eccc71d215814acdb26/meth-branch-master/KOUCHANG-meth-92dc3f2'
$ 5000  `find -P . -type l -delete  2>&1`
$ cd '/home/pete/wefwefwef/docs/erldocs_other.git'
$ 5000  `mv '/home/pete/wefwefwef/docs/other/1c30413d485c1eccc71d215814acdb26/meth-branch-master/KOUCHANG-meth-92dc3f2' '/home/pete/wefwefwef/docs/other/1c30413d485c1eccc71d215814acdb26/meth-branch-master/meth'  2>&1`
 :: Getting dependencies
$ cd '/home/pete/wefwefwef/docs/other/1c30413d485c1eccc71d215814acdb26/meth-branch-master/meth'
$ 5000  `ls -1 deps/  2>&1`
$ cd '/home/pete/wefwefwef/docs/erldocs_other.git'
>>> [rebar] deps = []
 :: Generating erldocs into /home/pete/wefwefwef/docs/other/1c30413d485c1eccc71d215814acdb26/repo/master
Building meth
Generating Type Specs - "/home/pete/wefwefwef/docs/other/1c30413d485c1eccc71d215814acdb26/meth-branch-master/meth/src/meth.erl"
Generating Type Specs - "/home/pete/wefwefwef/docs/other/1c30413d485c1eccc71d215814acdb26/meth-branch-master/meth/src/meth_app.erl"
Generating Type Specs - "/home/pete/wefwefwef/docs/other/1c30413d485c1eccc71d215814acdb26/meth-branch-master/meth/src/meth_sup.erl"
Generating XML for application meth "/home/pete/wefwefwef/docs/other/1c30413d485c1eccc71d215814acdb26/meth-branch-master/meth" -> "/home/pete/wefwefwef/docs/other/1c30413d485c1eccc71d215814acdb26/repo/master/.xml/meth"
Generated meth XMLs: ["/home/pete/wefwefwef/docs/other/1c30413d485c1eccc71d215814acdb26/repo/master/.xml/meth/meth_sup.xml",
                      "/home/pete/wefwefwef/docs/other/1c30413d485c1eccc71d215814acdb26/repo/master/.xml/meth/meth_app.xml",
                      "/home/pete/wefwefwef/docs/other/1c30413d485c1eccc71d215814acdb26/repo/master/.xml/meth/meth.xml"]
Generating HTML - meth "/home/pete/wefwefwef/docs/other/1c30413d485c1eccc71d215814acdb26/repo/master/.xml/meth/meth.xml"
Reading XML for "/home/pete/wefwefwef/docs/other/1c30413d485c1eccc71d215814acdb26/repo/master/.xml/meth/meth.xml"
Reading XML for "/home/pete/wefwefwef/docs/other/1c30413d485c1eccc71d215814acdb26/repo/master/.xml/specs_meth.xml"
Generating HTML - meth_app "/home/pete/wefwefwef/docs/other/1c30413d485c1eccc71d215814acdb26/repo/master/.xml/meth/meth_app.xml"
Reading XML for "/home/pete/wefwefwef/docs/other/1c30413d485c1eccc71d215814acdb26/repo/master/.xml/meth/meth_app.xml"
Reading XML for "/home/pete/wefwefwef/docs/other/1c30413d485c1eccc71d215814acdb26/repo/master/.xml/specs_meth_app.xml"
Generating HTML - meth_sup "/home/pete/wefwefwef/docs/other/1c30413d485c1eccc71d215814acdb26/repo/master/.xml/meth/meth_sup.xml"
Reading XML for "/home/pete/wefwefwef/docs/other/1c30413d485c1eccc71d215814acdb26/repo/master/.xml/meth/meth_sup.xml"
Reading XML for "/home/pete/wefwefwef/docs/other/1c30413d485c1eccc71d215814acdb26/repo/master/.xml/specs_meth_sup.xml"
Creating index.html ...
Creating erldocs_index.js ...
Woot, finished in 0 Minutes 0 Seconds
 :: Discovering other repos
$ 5000  `rm -r '/home/pete/wefwefwef/docs/other/1c30413d485c1eccc71d215814acdb26/meth-branch-master'  2>&1`
 :: Processing https://github.com/kouchang/meth	{rev,branch,"feature/pow","d97fa5611d2bb0d7592cc0b5fce3f15159ea523e",undefined,[],[]}
 :: Fetching repo code
$ cd '/home/pete/wefwefwef/docs/other/1c30413d485c1eccc71d215814acdb26/meth-branch-feature_pow'
$ infinity  `curl --fail --silent --show-error --location --output repo.tar.gz 'https://codeload.github.com/kouchang/meth/legacy.tar.gz/feature/pow'  2>&1`
$ cd '/home/pete/wefwefwef/docs/erldocs_other.git'
$ cd '/home/pete/wefwefwef/docs/other/1c30413d485c1eccc71d215814acdb26/meth-branch-feature_pow/KOUCHANG-meth-d97fa56'
$ 5000  `find -P . -type l -delete  2>&1`
$ cd '/home/pete/wefwefwef/docs/erldocs_other.git'
$ 5000  `mv '/home/pete/wefwefwef/docs/other/1c30413d485c1eccc71d215814acdb26/meth-branch-feature_pow/KOUCHANG-meth-d97fa56' '/home/pete/wefwefwef/docs/other/1c30413d485c1eccc71d215814acdb26/meth-branch-feature_pow/meth'  2>&1`
 :: Getting dependencies
$ cd '/home/pete/wefwefwef/docs/other/1c30413d485c1eccc71d215814acdb26/meth-branch-feature_pow/meth'
$ 5000  `ls -1 deps/  2>&1`
$ cd '/home/pete/wefwefwef/docs/erldocs_other.git'
>>> [rebar] deps = []
 :: Generating erldocs into /home/pete/wefwefwef/docs/other/1c30413d485c1eccc71d215814acdb26/repo/feature/pow
Building meth
Generating Type Specs - "/home/pete/wefwefwef/docs/other/1c30413d485c1eccc71d215814acdb26/meth-branch-feature_pow/meth/src/meth.erl"
Generating Type Specs - "/home/pete/wefwefwef/docs/other/1c30413d485c1eccc71d215814acdb26/meth-branch-feature_pow/meth/src/meth_app.erl"
Generating Type Specs - "/home/pete/wefwefwef/docs/other/1c30413d485c1eccc71d215814acdb26/meth-branch-feature_pow/meth/src/meth_sup.erl"
Generating XML for application meth "/home/pete/wefwefwef/docs/other/1c30413d485c1eccc71d215814acdb26/meth-branch-feature_pow/meth" -> "/home/pete/wefwefwef/docs/other/1c30413d485c1eccc71d215814acdb26/repo/feature/pow/.xml/meth"
Generated meth XMLs: ["/home/pete/wefwefwef/docs/other/1c30413d485c1eccc71d215814acdb26/repo/feature/pow/.xml/meth/meth_sup.xml",
                      "/home/pete/wefwefwef/docs/other/1c30413d485c1eccc71d215814acdb26/repo/feature/pow/.xml/meth/meth_app.xml",
                      "/home/pete/wefwefwef/docs/other/1c30413d485c1eccc71d215814acdb26/repo/feature/pow/.xml/meth/meth.xml"]
Generating HTML - meth "/home/pete/wefwefwef/docs/other/1c30413d485c1eccc71d215814acdb26/repo/feature/pow/.xml/meth/meth.xml"
Reading XML for "/home/pete/wefwefwef/docs/other/1c30413d485c1eccc71d215814acdb26/repo/feature/pow/.xml/meth/meth.xml"
Reading XML for "/home/pete/wefwefwef/docs/other/1c30413d485c1eccc71d215814acdb26/repo/feature/pow/.xml/specs_meth.xml"
Generating HTML - meth_app "/home/pete/wefwefwef/docs/other/1c30413d485c1eccc71d215814acdb26/repo/feature/pow/.xml/meth/meth_app.xml"
Reading XML for "/home/pete/wefwefwef/docs/other/1c30413d485c1eccc71d215814acdb26/repo/feature/pow/.xml/meth/meth_app.xml"
Reading XML for "/home/pete/wefwefwef/docs/other/1c30413d485c1eccc71d215814acdb26/repo/feature/pow/.xml/specs_meth_app.xml"
Generating HTML - meth_sup "/home/pete/wefwefwef/docs/other/1c30413d485c1eccc71d215814acdb26/repo/feature/pow/.xml/meth/meth_sup.xml"
Reading XML for "/home/pete/wefwefwef/docs/other/1c30413d485c1eccc71d215814acdb26/repo/feature/pow/.xml/meth/meth_sup.xml"
Reading XML for "/home/pete/wefwefwef/docs/other/1c30413d485c1eccc71d215814acdb26/repo/feature/pow/.xml/specs_meth_sup.xml"
Creating index.html ...
Creating erldocs_index.js ...
Woot, finished in 0 Minutes 0 Seconds
 :: Discovering other repos
$ 5000  `rm -r '/home/pete/wefwefwef/docs/other/1c30413d485c1eccc71d215814acdb26/meth-branch-feature_pow'  2>&1`
 :: Finishing up
$ 5000  `rm -r '/home/pete/wefwefwef/docs/other/1c30413d485c1eccc71d215814acdb26/meth'  2>&1`
