 :: Extracting meta information
$ cd '.'
$ infinity  `git ls-remote --heads --tags https://github.com/axling/fannerl`
>>> [repo] 2 branches, 0 tags
 :: Writing meta to "/home/pete/wefwefwef/docs/other/364252d6cab4f52f1f8db7d5a8b6fbde0471db7e/meta.txt"
 :: Processing https://github.com/axling/fannerl	{rev,branch,"master","28d04ae874b0eecd5f9e2f7c83f55d4cfa896d91",undefined,[],[]}
 :: Fetching repo code
$ cd '/home/pete/wefwefwef/docs/other/364252d6cab4f52f1f8db7d5a8b6fbde0471db7e/fannerl-branch-master'
$ infinity  `curl --fail --silent --show-error --location --output repo.tar.gz https://codeload.github.com/axling/fannerl/tar.gz/master`
$ cd '/home/pete/wefwefwef/docs/other/364252d6cab4f52f1f8db7d5a8b6fbde0471db7e/fannerl-branch-master/fannerl-master'
$ 5000  `find -P . -type l -delete`
$ cd '.'
$ 5000  `mv /home/pete/wefwefwef/docs/other/364252d6cab4f52f1f8db7d5a8b6fbde0471db7e/fannerl-branch-master/fannerl-master /home/pete/wefwefwef/docs/other/364252d6cab4f52f1f8db7d5a8b6fbde0471db7e/fannerl-branch-master/fannerl`
 :: Getting dependencies
$ cd '/home/pete/wefwefwef/docs/other/364252d6cab4f52f1f8db7d5a8b6fbde0471db7e/fannerl-branch-master/fannerl'
$ 5000  `ls -1 deps/`
>>> [rebar] deps = []
 :: Generating erldocs into /home/pete/wefwefwef/docs/other/364252d6cab4f52f1f8db7d5a8b6fbde0471db7e/repo/master
Building fannerl
Generating Type Specs - "/home/pete/wefwefwef/docs/other/364252d6cab4f52f1f8db7d5a8b6fbde0471db7e/fannerl-branch-master/fannerl/src/fannerl.erl"
Generating Type Specs - "/home/pete/wefwefwef/docs/other/364252d6cab4f52f1f8db7d5a8b6fbde0471db7e/fannerl-branch-master/fannerl/src/fannerl_app.erl"
Generating Type Specs - "/home/pete/wefwefwef/docs/other/364252d6cab4f52f1f8db7d5a8b6fbde0471db7e/fannerl-branch-master/fannerl/src/fannerl_sup.erl"
Generating XML for application fannerl "/home/pete/wefwefwef/docs/other/364252d6cab4f52f1f8db7d5a8b6fbde0471db7e/fannerl-branch-master/fannerl" -> "/home/pete/wefwefwef/docs/other/364252d6cab4f52f1f8db7d5a8b6fbde0471db7e/repo/master/.xml/fannerl"
Generated fannerl XMLs: ["/home/pete/wefwefwef/docs/other/364252d6cab4f52f1f8db7d5a8b6fbde0471db7e/repo/master/.xml/fannerl/fannerl.xml"]
Generating HTML - fannerl "/home/pete/wefwefwef/docs/other/364252d6cab4f52f1f8db7d5a8b6fbde0471db7e/repo/master/.xml/fannerl/fannerl.xml"
Reading XML for "/home/pete/wefwefwef/docs/other/364252d6cab4f52f1f8db7d5a8b6fbde0471db7e/repo/master/.xml/fannerl/fannerl.xml"
Reading XML for "/home/pete/wefwefwef/docs/other/364252d6cab4f52f1f8db7d5a8b6fbde0471db7e/repo/master/.xml/specs_fannerl.xml"
Creating index.html ...
Creating erldocs_index.js ...
Woot, finished in 0 Minutes 1 Seconds
 :: Discovering other repos
$ cd '.'
$ 5000  `rm -r /home/pete/wefwefwef/docs/other/364252d6cab4f52f1f8db7d5a8b6fbde0471db7e/fannerl-branch-master`
 :: Processing https://github.com/axling/fannerl	{rev,branch,"gh-pages","ea77177225ca328dbb8d44b5fa4abc3aa7d0b5ae",undefined,[],[]}
 :: Fetching repo code
$ cd '/home/pete/wefwefwef/docs/other/364252d6cab4f52f1f8db7d5a8b6fbde0471db7e/fannerl-branch-gh-pages'
$ infinity  `curl --fail --silent --show-error --location --output repo.tar.gz https://codeload.github.com/axling/fannerl/tar.gz/gh-pages`
$ cd '/home/pete/wefwefwef/docs/other/364252d6cab4f52f1f8db7d5a8b6fbde0471db7e/fannerl-branch-gh-pages/fannerl-gh-pages'
$ 5000  `find -P . -type l -delete`
$ cd '.'
$ 5000  `mv /home/pete/wefwefwef/docs/other/364252d6cab4f52f1f8db7d5a8b6fbde0471db7e/fannerl-branch-gh-pages/fannerl-gh-pages /home/pete/wefwefwef/docs/other/364252d6cab4f52f1f8db7d5a8b6fbde0471db7e/fannerl-branch-gh-pages/fannerl`
 :: Getting dependencies
 :: Generating erldocs into /home/pete/wefwefwef/docs/other/364252d6cab4f52f1f8db7d5a8b6fbde0471db7e/repo/gh-pages
Building fannerl
Generating XML for application fannerl "/home/pete/wefwefwef/docs/other/364252d6cab4f52f1f8db7d5a8b6fbde0471db7e/fannerl-branch-gh-pages/fannerl" -> "/home/pete/wefwefwef/docs/other/364252d6cab4f52f1f8db7d5a8b6fbde0471db7e/repo/gh-pages/.xml/fannerl"
Generated fannerl XMLs: []
No documentation was generated!
Woot, finished in 0 Minutes 0 Seconds
 :: Discovering other repos
$ cd '.'
$ 5000  `rm -r /home/pete/wefwefwef/docs/other/364252d6cab4f52f1f8db7d5a8b6fbde0471db7e/fannerl-branch-gh-pages`
 :: Finishing up
$ cd '.'
$ 5000  `rm -r /home/pete/wefwefwef/docs/other/364252d6cab4f52f1f8db7d5a8b6fbde0471db7e/fannerl`
$ cd '.'
$ 5000  `rm -r /home/pete/wefwefwef/docs/other/364252d6cab4f52f1f8db7d5a8b6fbde0471db7e/repo/gh-pages`
