 :: Extracting meta information
$ 5000  `git ls-remote --heads --tags 'https://github.com/schlumpfling42/erlang_example3'  2>&1`
>>> [repo] 1 branches, 0 tags
 :: Writing meta to "/home/pete/wefwefwef/docs/other/6918776180/meta.txt"
 :: Processing https://github.com/schlumpfling42/erlang_example3	{rev,branch,"master","e9e686c56fbb737bd2e80bf5734a25df9807afa9",undefined,[],[]}
 :: Fetching repo code
$ cd "/home/pete/wefwefwef/docs/other/6918776180/erlang_example3-branch-master/erlang_example3"
$ infinity  `curl --fail --silent --show-error --location --output 'master.zip' 'https://github.com/schlumpfling42/erlang_example3/archive/master.zip'  2>&1`
$ cd "/home/pete/wefwefwef/docs/erldocs_other.git"
$ cd "/home/pete/wefwefwef/docs/other/6918776180/erlang_example3-branch-master/erlang_example3"
$ 5000  `find -P . -type l -delete  2>&1`
$ cd "/home/pete/wefwefwef/docs/erldocs_other.git"
$ cd "/home/pete/wefwefwef/docs/other/6918776180/erlang_example3-branch-master/erlang_example3"
$ 5000  `find 'erlang_example3-master' -mindepth 1 -maxdepth 1 -exec mv -t . -- {} +  2>&1`
$ cd "/home/pete/wefwefwef/docs/erldocs_other.git"
 :: Getting dependencies
$ cd "/home/pete/wefwefwef/docs/other/6918776180/erlang_example3-branch-master/erlang_example3"
$ 5000  `ls -1 deps/  2>&1`
$ cd "/home/pete/wefwefwef/docs/erldocs_other.git"
>>> [rebar] deps = []
 :: Generating erldocs into /home/pete/wefwefwef/docs/other/6918776180/repo/master
Building erlang_example3
Generating XML for application erlang_example3 "/home/pete/wefwefwef/docs/other/6918776180/erlang_example3-branch-master/erlang_example3" -> "/home/pete/wefwefwef/docs/other/6918776180/repo/master/.xml/erlang_example3"
Generated erlang_example3 XMLs: []
No documentation was generated!
Woot, finished in 0 Minutes 0 Seconds
 :: Discovering other repos
$ 5000  `rm -r '/home/pete/wefwefwef/docs/other/6918776180/erlang_example3-branch-master'  2>&1`
 :: Finishing up
$ 5000  `rm -r '/home/pete/wefwefwef/docs/other/6918776180/erlang_example3'  2>&1`
$ 5000  `rm -r '/home/pete/wefwefwef/docs/other/6918776180/repo/master'  2>&1`
