 :: Extracting meta information
$ infinity  `git ls-remote --heads --tags 'https://github.com/jonte/erlang_js'  2>&1`
>>> [repo] 3 branches, 5 tags
 :: Writing meta to "/home/pete/wefwefwef/docs/other/5432b5fcc5935185d3c3167d2ed18a1f792a99fe/meta.txt"
 :: Processing https://github.com/jonte/erlang_js	{rev,branch,"master","709b568efbc99c954507d1593bc5633f900bc5dc",undefined,[],[]}
 :: Fetching repo code
$ cd '/home/pete/wefwefwef/docs/other/5432b5fcc5935185d3c3167d2ed18a1f792a99fe/erlang_js-branch-master'
$ infinity  `curl --fail --silent --show-error --location --output repo.tar.gz 'https://codeload.github.com/jonte/erlang_js/tar.gz/master'  2>&1`
$ cd '/home/pete/wefwefwef/docs/erldocs_other.git'
$ cd '/home/pete/wefwefwef/docs/other/5432b5fcc5935185d3c3167d2ed18a1f792a99fe/erlang_js-branch-master/erlang_js-master'
$ 5000  `find -P . -type l -delete  2>&1`
$ cd '/home/pete/wefwefwef/docs/erldocs_other.git'
$ 5000  `mv '/home/pete/wefwefwef/docs/other/5432b5fcc5935185d3c3167d2ed18a1f792a99fe/erlang_js-branch-master/erlang_js-master' '/home/pete/wefwefwef/docs/other/5432b5fcc5935185d3c3167d2ed18a1f792a99fe/erlang_js-branch-master/erlang_js'  2>&1`
 :: Getting dependencies
$ cd '/home/pete/wefwefwef/docs/other/5432b5fcc5935185d3c3167d2ed18a1f792a99fe/erlang_js-branch-master/erlang_js'
$ 5000  `ls -1 deps/  2>&1`
$ cd '/home/pete/wefwefwef/docs/erldocs_other.git'
>>> [rebar] deps = []
 :: Generating erldocs into /home/pete/wefwefwef/docs/other/5432b5fcc5935185d3c3167d2ed18a1f792a99fe/repo/master
Building erlang_js
Generating Type Specs - "/home/pete/wefwefwef/docs/other/5432b5fcc5935185d3c3167d2ed18a1f792a99fe/erlang_js-branch-master/erlang_js/src/erlang_js.erl"
Generating Type Specs - "/home/pete/wefwefwef/docs/other/5432b5fcc5935185d3c3167d2ed18a1f792a99fe/erlang_js-branch-master/erlang_js/src/erlang_js_sup.erl"
Generating Type Specs - "/home/pete/wefwefwef/docs/other/5432b5fcc5935185d3c3167d2ed18a1f792a99fe/erlang_js-branch-master/erlang_js/src/js.erl"
Generating Type Specs - "/home/pete/wefwefwef/docs/other/5432b5fcc5935185d3c3167d2ed18a1f792a99fe/erlang_js-branch-master/erlang_js/src/js_benchmark.erl"
Generating Type Specs - "/home/pete/wefwefwef/docs/other/5432b5fcc5935185d3c3167d2ed18a1f792a99fe/erlang_js-branch-master/erlang_js/src/js_cache.erl"
Generating Type Specs - "/home/pete/wefwefwef/docs/other/5432b5fcc5935185d3c3167d2ed18a1f792a99fe/erlang_js-branch-master/erlang_js/src/js_driver.erl"
Generating Type Specs - "/home/pete/wefwefwef/docs/other/5432b5fcc5935185d3c3167d2ed18a1f792a99fe/erlang_js-branch-master/erlang_js/src/js_drv_comm.erl"
Generating Type Specs - "/home/pete/wefwefwef/docs/other/5432b5fcc5935185d3c3167d2ed18a1f792a99fe/erlang_js-branch-master/erlang_js/src/js_memory.erl"
Generating Type Specs - "/home/pete/wefwefwef/docs/other/5432b5fcc5935185d3c3167d2ed18a1f792a99fe/erlang_js-branch-master/erlang_js/src/js_mochijson2.erl"
Generating Type Specs - "/home/pete/wefwefwef/docs/other/5432b5fcc5935185d3c3167d2ed18a1f792a99fe/erlang_js-branch-master/erlang_js/src/js_mochinum.erl"
Generating XML for application erlang_js "/home/pete/wefwefwef/docs/other/5432b5fcc5935185d3c3167d2ed18a1f792a99fe/erlang_js-branch-master/erlang_js" -> "/home/pete/wefwefwef/docs/other/5432b5fcc5935185d3c3167d2ed18a1f792a99fe/repo/master/.xml/erlang_js"
/home/pete/wefwefwef/docs/other/5432b5fcc5935185d3c3167d2ed18a1f792a99fe/erlang_js-branch-master/erlang_js/src/js_mochijson2.erl, function encoder/1: at line 35: warning: redefining built-in type 'iolist'.
/home/pete/wefwefwef/docs/other/5432b5fcc5935185d3c3167d2ed18a1f792a99fe/erlang_js-branch-master/erlang_js/src/js_mochijson2.erl, function encoder/1: at line 36: warning: redefining built-in type 'iodata'.
edoc: error in layout 'docgen_edoc_xml_cb': {'EXIT',
                                       {{case_clause,
                                         [{xmlText,
                                           [{h4,8},
                                            {fullDescription,2},
                                            {description,2},
                                            {overview,1}],
                                           1,[],
                                           "Defining and calling a function",
                                           text}]},
                                        [{docgen_edoc_xml_cb,chapter_title,1,
                                          [{file,"docgen_edoc_xml_cb.erl"},
                                           {line,168}]},
                                         {docgen_edoc_xml_cb,subchapter_ify,
                                          2,
                                          [{file,"docgen_edoc_xml_cb.erl"},
                                           {line,162}]},
                                         {docgen_edoc_xml_cb,subchapter_ify,
                                          2,
                                          [{file,"docgen_edoc_xml_cb.erl"},
                                           {line,158}]},
                                         {docgen_edoc_xml_cb,chapter_ify,2,
                                          [{file,"docgen_edoc_xml_cb.erl"},
                                           {line,146}]},
                                         {docgen_edoc_xml_cb,chapter_ify,2,
                                          [{file,"docgen_edoc_xml_cb.erl"},
                                           {line,142}]},
                                         {docgen_edoc_xml_cb,layout_chapter,
                                          1,
                                          [{file,"docgen_edoc_xml_cb.erl"},
                                           {line,127}]},
                                         {docgen_edoc_xml_cb,overview,2,
                                          [{file,"docgen_edoc_xml_cb.erl"},
                                           {line,48}]},
                                         {edoc_lib,run_plugin,5,
                                          [{file,[...]},{line,...}]}]}}.
edoc: error in doclet 'edoc_doclet': {'EXIT',error}.
Error generating erlang_js XMLs. Using fallback ...
Generating XML erlang_js - erlang_js "/home/pete/wefwefwef/docs/other/5432b5fcc5935185d3c3167d2ed18a1f792a99fe/erlang_js-branch-master/erlang_js/src/erlang_js.erl" -> "/home/pete/wefwefwef/docs/other/5432b5fcc5935185d3c3167d2ed18a1f792a99fe/repo/master/.xml/erlang_js/erlang_js.xml"
Generating XML erlang_js - erlang_js_sup "/home/pete/wefwefwef/docs/other/5432b5fcc5935185d3c3167d2ed18a1f792a99fe/erlang_js-branch-master/erlang_js/src/erlang_js_sup.erl" -> "/home/pete/wefwefwef/docs/other/5432b5fcc5935185d3c3167d2ed18a1f792a99fe/repo/master/.xml/erlang_js/erlang_js_sup.xml"
Generating XML erlang_js - js "/home/pete/wefwefwef/docs/other/5432b5fcc5935185d3c3167d2ed18a1f792a99fe/erlang_js-branch-master/erlang_js/src/js.erl" -> "/home/pete/wefwefwef/docs/other/5432b5fcc5935185d3c3167d2ed18a1f792a99fe/repo/master/.xml/erlang_js/js.xml"
Generating XML erlang_js - js_benchmark "/home/pete/wefwefwef/docs/other/5432b5fcc5935185d3c3167d2ed18a1f792a99fe/erlang_js-branch-master/erlang_js/src/js_benchmark.erl" -> "/home/pete/wefwefwef/docs/other/5432b5fcc5935185d3c3167d2ed18a1f792a99fe/repo/master/.xml/erlang_js/js_benchmark.xml"
Generating XML erlang_js - js_cache "/home/pete/wefwefwef/docs/other/5432b5fcc5935185d3c3167d2ed18a1f792a99fe/erlang_js-branch-master/erlang_js/src/js_cache.erl" -> "/home/pete/wefwefwef/docs/other/5432b5fcc5935185d3c3167d2ed18a1f792a99fe/repo/master/.xml/erlang_js/js_cache.xml"
Generating XML erlang_js - js_driver "/home/pete/wefwefwef/docs/other/5432b5fcc5935185d3c3167d2ed18a1f792a99fe/erlang_js-branch-master/erlang_js/src/js_driver.erl" -> "/home/pete/wefwefwef/docs/other/5432b5fcc5935185d3c3167d2ed18a1f792a99fe/repo/master/.xml/erlang_js/js_driver.xml"
Generating XML erlang_js - js_drv_comm "/home/pete/wefwefwef/docs/other/5432b5fcc5935185d3c3167d2ed18a1f792a99fe/erlang_js-branch-master/erlang_js/src/js_drv_comm.erl" -> "/home/pete/wefwefwef/docs/other/5432b5fcc5935185d3c3167d2ed18a1f792a99fe/repo/master/.xml/erlang_js/js_drv_comm.xml"
Generating XML erlang_js - js_memory "/home/pete/wefwefwef/docs/other/5432b5fcc5935185d3c3167d2ed18a1f792a99fe/erlang_js-branch-master/erlang_js/src/js_memory.erl" -> "/home/pete/wefwefwef/docs/other/5432b5fcc5935185d3c3167d2ed18a1f792a99fe/repo/master/.xml/erlang_js/js_memory.xml"
Generating XML erlang_js - js_mochijson2 "/home/pete/wefwefwef/docs/other/5432b5fcc5935185d3c3167d2ed18a1f792a99fe/erlang_js-branch-master/erlang_js/src/js_mochijson2.erl" -> "/home/pete/wefwefwef/docs/other/5432b5fcc5935185d3c3167d2ed18a1f792a99fe/repo/master/.xml/erlang_js/js_mochijson2.xml"
/home/pete/wefwefwef/docs/other/5432b5fcc5935185d3c3167d2ed18a1f792a99fe/erlang_js-branch-master/erlang_js/src/js_mochijson2.erl, function encoder/1: at line 35: warning: redefining built-in type 'iolist'.
/home/pete/wefwefwef/docs/other/5432b5fcc5935185d3c3167d2ed18a1f792a99fe/erlang_js-branch-master/erlang_js/src/js_mochijson2.erl, function encoder/1: at line 36: warning: redefining built-in type 'iodata'.
Generating XML erlang_js - js_mochinum "/home/pete/wefwefwef/docs/other/5432b5fcc5935185d3c3167d2ed18a1f792a99fe/erlang_js-branch-master/erlang_js/src/js_mochinum.erl" -> "/home/pete/wefwefwef/docs/other/5432b5fcc5935185d3c3167d2ed18a1f792a99fe/repo/master/.xml/erlang_js/js_mochinum.xml"
Generating HTML - js_cache "/home/pete/wefwefwef/docs/other/5432b5fcc5935185d3c3167d2ed18a1f792a99fe/repo/master/.xml/erlang_js/js_cache.xml"
Generating HTML - js_mochijson2 "/home/pete/wefwefwef/docs/other/5432b5fcc5935185d3c3167d2ed18a1f792a99fe/repo/master/.xml/erlang_js/js_mochijson2.xml"
Generating HTML - js_drv_comm "/home/pete/wefwefwef/docs/other/5432b5fcc5935185d3c3167d2ed18a1f792a99fe/repo/master/.xml/erlang_js/js_drv_comm.xml"
Generating HTML - erlang_js "/home/pete/wefwefwef/docs/other/5432b5fcc5935185d3c3167d2ed18a1f792a99fe/repo/master/.xml/erlang_js/erlang_js.xml"
Reading XML for "/home/pete/wefwefwef/docs/other/5432b5fcc5935185d3c3167d2ed18a1f792a99fe/repo/master/.xml/erlang_js/js_cache.xml"
Reading XML for "/home/pete/wefwefwef/docs/other/5432b5fcc5935185d3c3167d2ed18a1f792a99fe/repo/master/.xml/erlang_js/js_mochijson2.xml"
Reading XML for "/home/pete/wefwefwef/docs/other/5432b5fcc5935185d3c3167d2ed18a1f792a99fe/repo/master/.xml/erlang_js/js_drv_comm.xml"
Reading XML for "/home/pete/wefwefwef/docs/other/5432b5fcc5935185d3c3167d2ed18a1f792a99fe/repo/master/.xml/erlang_js/erlang_js.xml"
Reading XML for "/home/pete/wefwefwef/docs/other/5432b5fcc5935185d3c3167d2ed18a1f792a99fe/repo/master/.xml/specs_js_cache.xml"
Reading XML for "/home/pete/wefwefwef/docs/other/5432b5fcc5935185d3c3167d2ed18a1f792a99fe/repo/master/.xml/specs_js_drv_comm.xml"
Reading XML for "/home/pete/wefwefwef/docs/other/5432b5fcc5935185d3c3167d2ed18a1f792a99fe/repo/master/.xml/specs_erlang_js.xml"
Generating HTML - js_memory "/home/pete/wefwefwef/docs/other/5432b5fcc5935185d3c3167d2ed18a1f792a99fe/repo/master/.xml/erlang_js/js_memory.xml"
Reading XML for "/home/pete/wefwefwef/docs/other/5432b5fcc5935185d3c3167d2ed18a1f792a99fe/repo/master/.xml/erlang_js/js_memory.xml"
Generating HTML - erlang_js_sup "/home/pete/wefwefwef/docs/other/5432b5fcc5935185d3c3167d2ed18a1f792a99fe/repo/master/.xml/erlang_js/erlang_js_sup.xml"
Reading XML for "/home/pete/wefwefwef/docs/other/5432b5fcc5935185d3c3167d2ed18a1f792a99fe/repo/master/.xml/erlang_js/erlang_js_sup.xml"
Generating HTML - js_driver "/home/pete/wefwefwef/docs/other/5432b5fcc5935185d3c3167d2ed18a1f792a99fe/repo/master/.xml/erlang_js/js_driver.xml"
Reading XML for "/home/pete/wefwefwef/docs/other/5432b5fcc5935185d3c3167d2ed18a1f792a99fe/repo/master/.xml/specs_js_mochijson2.xml"
Reading XML for "/home/pete/wefwefwef/docs/other/5432b5fcc5935185d3c3167d2ed18a1f792a99fe/repo/master/.xml/erlang_js/js_driver.xml"
Generating HTML - js_mochinum "/home/pete/wefwefwef/docs/other/5432b5fcc5935185d3c3167d2ed18a1f792a99fe/repo/master/.xml/erlang_js/js_mochinum.xml"
Reading XML for "/home/pete/wefwefwef/docs/other/5432b5fcc5935185d3c3167d2ed18a1f792a99fe/repo/master/.xml/erlang_js/js_mochinum.xml"
Reading XML for "/home/pete/wefwefwef/docs/other/5432b5fcc5935185d3c3167d2ed18a1f792a99fe/repo/master/.xml/specs_js_memory.xml"
Reading XML for "/home/pete/wefwefwef/docs/other/5432b5fcc5935185d3c3167d2ed18a1f792a99fe/repo/master/.xml/specs_erlang_js_sup.xml"
Generating HTML - js "/home/pete/wefwefwef/docs/other/5432b5fcc5935185d3c3167d2ed18a1f792a99fe/repo/master/.xml/erlang_js/js.xml"
Reading XML for "/home/pete/wefwefwef/docs/other/5432b5fcc5935185d3c3167d2ed18a1f792a99fe/repo/master/.xml/erlang_js/js.xml"
Reading XML for "/home/pete/wefwefwef/docs/other/5432b5fcc5935185d3c3167d2ed18a1f792a99fe/repo/master/.xml/specs_js_driver.xml"
Reading XML for "/home/pete/wefwefwef/docs/other/5432b5fcc5935185d3c3167d2ed18a1f792a99fe/repo/master/.xml/specs_js_mochinum.xml"
Reading XML for "/home/pete/wefwefwef/docs/other/5432b5fcc5935185d3c3167d2ed18a1f792a99fe/repo/master/.xml/specs_js.xml"
Generating HTML - js_benchmark "/home/pete/wefwefwef/docs/other/5432b5fcc5935185d3c3167d2ed18a1f792a99fe/repo/master/.xml/erlang_js/js_benchmark.xml"
Reading XML for "/home/pete/wefwefwef/docs/other/5432b5fcc5935185d3c3167d2ed18a1f792a99fe/repo/master/.xml/erlang_js/js_benchmark.xml"
Reading XML for "/home/pete/wefwefwef/docs/other/5432b5fcc5935185d3c3167d2ed18a1f792a99fe/repo/master/.xml/specs_js_benchmark.xml"
Creating index.html ...
Creating erldocs_index.js ...
Woot, finished in 0 Minutes 1 Seconds
 :: Discovering other repos
$ 5000  `rm -r '/home/pete/wefwefwef/docs/other/5432b5fcc5935185d3c3167d2ed18a1f792a99fe/erlang_js-branch-master'  2>&1`
 :: Processing https://github.com/jonte/erlang_js	{rev,branch,"kas-reduce-timeout","b409f2b6973034683880db3777401e9a61d931ae",undefined,[],[]}
 :: Fetching repo code
$ cd '/home/pete/wefwefwef/docs/other/5432b5fcc5935185d3c3167d2ed18a1f792a99fe/erlang_js-branch-kas-reduce-timeout'
$ infinity  `curl --fail --silent --show-error --location --output repo.tar.gz 'https://codeload.github.com/jonte/erlang_js/tar.gz/kas-reduce-timeout'  2>&1`
$ cd '/home/pete/wefwefwef/docs/erldocs_other.git'
$ cd '/home/pete/wefwefwef/docs/other/5432b5fcc5935185d3c3167d2ed18a1f792a99fe/erlang_js-branch-kas-reduce-timeout/erlang_js-kas-reduce-timeout'
$ 5000  `find -P . -type l -delete  2>&1`
$ cd '/home/pete/wefwefwef/docs/erldocs_other.git'
$ 5000  `mv '/home/pete/wefwefwef/docs/other/5432b5fcc5935185d3c3167d2ed18a1f792a99fe/erlang_js-branch-kas-reduce-timeout/erlang_js-kas-reduce-timeout' '/home/pete/wefwefwef/docs/other/5432b5fcc5935185d3c3167d2ed18a1f792a99fe/erlang_js-branch-kas-reduce-timeout/erlang_js'  2>&1`
 :: Getting dependencies
$ cd '/home/pete/wefwefwef/docs/other/5432b5fcc5935185d3c3167d2ed18a1f792a99fe/erlang_js-branch-kas-reduce-timeout/erlang_js'
$ 5000  `ls -1 deps/  2>&1`
$ cd '/home/pete/wefwefwef/docs/erldocs_other.git'
>>> [rebar] deps = []
 :: Generating erldocs into /home/pete/wefwefwef/docs/other/5432b5fcc5935185d3c3167d2ed18a1f792a99fe/repo/kas-reduce-timeout
Building erlang_js
Generating Type Specs - "/home/pete/wefwefwef/docs/other/5432b5fcc5935185d3c3167d2ed18a1f792a99fe/erlang_js-branch-kas-reduce-timeout/erlang_js/src/erlang_js.erl"
Generating Type Specs - "/home/pete/wefwefwef/docs/other/5432b5fcc5935185d3c3167d2ed18a1f792a99fe/erlang_js-branch-kas-reduce-timeout/erlang_js/src/erlang_js_sup.erl"
Generating Type Specs - "/home/pete/wefwefwef/docs/other/5432b5fcc5935185d3c3167d2ed18a1f792a99fe/erlang_js-branch-kas-reduce-timeout/erlang_js/src/js.erl"
Generating Type Specs - "/home/pete/wefwefwef/docs/other/5432b5fcc5935185d3c3167d2ed18a1f792a99fe/erlang_js-branch-kas-reduce-timeout/erlang_js/src/js_benchmark.erl"
Generating Type Specs - "/home/pete/wefwefwef/docs/other/5432b5fcc5935185d3c3167d2ed18a1f792a99fe/erlang_js-branch-kas-reduce-timeout/erlang_js/src/js_cache.erl"
Generating Type Specs - "/home/pete/wefwefwef/docs/other/5432b5fcc5935185d3c3167d2ed18a1f792a99fe/erlang_js-branch-kas-reduce-timeout/erlang_js/src/js_driver.erl"
Generating Type Specs - "/home/pete/wefwefwef/docs/other/5432b5fcc5935185d3c3167d2ed18a1f792a99fe/erlang_js-branch-kas-reduce-timeout/erlang_js/src/js_drv_comm.erl"
Generating Type Specs - "/home/pete/wefwefwef/docs/other/5432b5fcc5935185d3c3167d2ed18a1f792a99fe/erlang_js-branch-kas-reduce-timeout/erlang_js/src/js_memory.erl"
Generating Type Specs - "/home/pete/wefwefwef/docs/other/5432b5fcc5935185d3c3167d2ed18a1f792a99fe/erlang_js-branch-kas-reduce-timeout/erlang_js/src/js_mochijson2.erl"
Generating Type Specs - "/home/pete/wefwefwef/docs/other/5432b5fcc5935185d3c3167d2ed18a1f792a99fe/erlang_js-branch-kas-reduce-timeout/erlang_js/src/js_mochinum.erl"
Generating XML for application erlang_js "/home/pete/wefwefwef/docs/other/5432b5fcc5935185d3c3167d2ed18a1f792a99fe/erlang_js-branch-kas-reduce-timeout/erlang_js" -> "/home/pete/wefwefwef/docs/other/5432b5fcc5935185d3c3167d2ed18a1f792a99fe/repo/kas-reduce-timeout/.xml/erlang_js"
/home/pete/wefwefwef/docs/other/5432b5fcc5935185d3c3167d2ed18a1f792a99fe/erlang_js-branch-kas-reduce-timeout/erlang_js/src/js_mochijson2.erl, function encoder/1: at line 35: warning: redefining built-in type 'iolist'.
/home/pete/wefwefwef/docs/other/5432b5fcc5935185d3c3167d2ed18a1f792a99fe/erlang_js-branch-kas-reduce-timeout/erlang_js/src/js_mochijson2.erl, function encoder/1: at line 36: warning: redefining built-in type 'iodata'.
edoc: error in layout 'docgen_edoc_xml_cb': {'EXIT',
                                       {{case_clause,
                                         [{xmlText,
                                           [{h4,8},
                                            {fullDescription,2},
                                            {description,2},
                                            {overview,1}],
                                           1,[],
                                           "Defining and calling a function",
                                           text}]},
                                        [{docgen_edoc_xml_cb,chapter_title,1,
                                          [{file,"docgen_edoc_xml_cb.erl"},
                                           {line,168}]},
                                         {docgen_edoc_xml_cb,subchapter_ify,
                                          2,
                                          [{file,"docgen_edoc_xml_cb.erl"},
                                           {line,162}]},
                                         {docgen_edoc_xml_cb,subchapter_ify,
                                          2,
                                          [{file,"docgen_edoc_xml_cb.erl"},
                                           {line,158}]},
                                         {docgen_edoc_xml_cb,chapter_ify,2,
                                          [{file,"docgen_edoc_xml_cb.erl"},
                                           {line,146}]},
                                         {docgen_edoc_xml_cb,chapter_ify,2,
                                          [{file,"docgen_edoc_xml_cb.erl"},
                                           {line,142}]},
                                         {docgen_edoc_xml_cb,layout_chapter,
                                          1,
                                          [{file,"docgen_edoc_xml_cb.erl"},
                                           {line,127}]},
                                         {docgen_edoc_xml_cb,overview,2,
                                          [{file,"docgen_edoc_xml_cb.erl"},
                                           {line,48}]},
                                         {edoc_lib,run_plugin,5,
                                          [{file,[...]},{line,...}]}]}}.
edoc: error in doclet 'edoc_doclet': {'EXIT',error}.
Error generating erlang_js XMLs. Using fallback ...
Generating XML erlang_js - erlang_js "/home/pete/wefwefwef/docs/other/5432b5fcc5935185d3c3167d2ed18a1f792a99fe/erlang_js-branch-kas-reduce-timeout/erlang_js/src/erlang_js.erl" -> "/home/pete/wefwefwef/docs/other/5432b5fcc5935185d3c3167d2ed18a1f792a99fe/repo/kas-reduce-timeout/.xml/erlang_js/erlang_js.xml"
Generating XML erlang_js - erlang_js_sup "/home/pete/wefwefwef/docs/other/5432b5fcc5935185d3c3167d2ed18a1f792a99fe/erlang_js-branch-kas-reduce-timeout/erlang_js/src/erlang_js_sup.erl" -> "/home/pete/wefwefwef/docs/other/5432b5fcc5935185d3c3167d2ed18a1f792a99fe/repo/kas-reduce-timeout/.xml/erlang_js/erlang_js_sup.xml"
Generating XML erlang_js - js "/home/pete/wefwefwef/docs/other/5432b5fcc5935185d3c3167d2ed18a1f792a99fe/erlang_js-branch-kas-reduce-timeout/erlang_js/src/js.erl" -> "/home/pete/wefwefwef/docs/other/5432b5fcc5935185d3c3167d2ed18a1f792a99fe/repo/kas-reduce-timeout/.xml/erlang_js/js.xml"
Generating XML erlang_js - js_benchmark "/home/pete/wefwefwef/docs/other/5432b5fcc5935185d3c3167d2ed18a1f792a99fe/erlang_js-branch-kas-reduce-timeout/erlang_js/src/js_benchmark.erl" -> "/home/pete/wefwefwef/docs/other/5432b5fcc5935185d3c3167d2ed18a1f792a99fe/repo/kas-reduce-timeout/.xml/erlang_js/js_benchmark.xml"
Generating XML erlang_js - js_cache "/home/pete/wefwefwef/docs/other/5432b5fcc5935185d3c3167d2ed18a1f792a99fe/erlang_js-branch-kas-reduce-timeout/erlang_js/src/js_cache.erl" -> "/home/pete/wefwefwef/docs/other/5432b5fcc5935185d3c3167d2ed18a1f792a99fe/repo/kas-reduce-timeout/.xml/erlang_js/js_cache.xml"
Generating XML erlang_js - js_driver "/home/pete/wefwefwef/docs/other/5432b5fcc5935185d3c3167d2ed18a1f792a99fe/erlang_js-branch-kas-reduce-timeout/erlang_js/src/js_driver.erl" -> "/home/pete/wefwefwef/docs/other/5432b5fcc5935185d3c3167d2ed18a1f792a99fe/repo/kas-reduce-timeout/.xml/erlang_js/js_driver.xml"
Generating XML erlang_js - js_drv_comm "/home/pete/wefwefwef/docs/other/5432b5fcc5935185d3c3167d2ed18a1f792a99fe/erlang_js-branch-kas-reduce-timeout/erlang_js/src/js_drv_comm.erl" -> "/home/pete/wefwefwef/docs/other/5432b5fcc5935185d3c3167d2ed18a1f792a99fe/repo/kas-reduce-timeout/.xml/erlang_js/js_drv_comm.xml"
Generating XML erlang_js - js_memory "/home/pete/wefwefwef/docs/other/5432b5fcc5935185d3c3167d2ed18a1f792a99fe/erlang_js-branch-kas-reduce-timeout/erlang_js/src/js_memory.erl" -> "/home/pete/wefwefwef/docs/other/5432b5fcc5935185d3c3167d2ed18a1f792a99fe/repo/kas-reduce-timeout/.xml/erlang_js/js_memory.xml"
Generating XML erlang_js - js_mochijson2 "/home/pete/wefwefwef/docs/other/5432b5fcc5935185d3c3167d2ed18a1f792a99fe/erlang_js-branch-kas-reduce-timeout/erlang_js/src/js_mochijson2.erl" -> "/home/pete/wefwefwef/docs/other/5432b5fcc5935185d3c3167d2ed18a1f792a99fe/repo/kas-reduce-timeout/.xml/erlang_js/js_mochijson2.xml"
/home/pete/wefwefwef/docs/other/5432b5fcc5935185d3c3167d2ed18a1f792a99fe/erlang_js-branch-kas-reduce-timeout/erlang_js/src/js_mochijson2.erl, function encoder/1: at line 35: warning: redefining built-in type 'iolist'.
/home/pete/wefwefwef/docs/other/5432b5fcc5935185d3c3167d2ed18a1f792a99fe/erlang_js-branch-kas-reduce-timeout/erlang_js/src/js_mochijson2.erl, function encoder/1: at line 36: warning: redefining built-in type 'iodata'.
Generating XML erlang_js - js_mochinum "/home/pete/wefwefwef/docs/other/5432b5fcc5935185d3c3167d2ed18a1f792a99fe/erlang_js-branch-kas-reduce-timeout/erlang_js/src/js_mochinum.erl" -> "/home/pete/wefwefwef/docs/other/5432b5fcc5935185d3c3167d2ed18a1f792a99fe/repo/kas-reduce-timeout/.xml/erlang_js/js_mochinum.xml"
Generating HTML - js_cache "/home/pete/wefwefwef/docs/other/5432b5fcc5935185d3c3167d2ed18a1f792a99fe/repo/kas-reduce-timeout/.xml/erlang_js/js_cache.xml"
Generating HTML - js_mochijson2 "/home/pete/wefwefwef/docs/other/5432b5fcc5935185d3c3167d2ed18a1f792a99fe/repo/kas-reduce-timeout/.xml/erlang_js/js_mochijson2.xml"
Generating HTML - js_drv_comm "/home/pete/wefwefwef/docs/other/5432b5fcc5935185d3c3167d2ed18a1f792a99fe/repo/kas-reduce-timeout/.xml/erlang_js/js_drv_comm.xml"
Generating HTML - erlang_js "/home/pete/wefwefwef/docs/other/5432b5fcc5935185d3c3167d2ed18a1f792a99fe/repo/kas-reduce-timeout/.xml/erlang_js/erlang_js.xml"
Reading XML for "/home/pete/wefwefwef/docs/other/5432b5fcc5935185d3c3167d2ed18a1f792a99fe/repo/kas-reduce-timeout/.xml/erlang_js/js_cache.xml"
Reading XML for "/home/pete/wefwefwef/docs/other/5432b5fcc5935185d3c3167d2ed18a1f792a99fe/repo/kas-reduce-timeout/.xml/erlang_js/js_mochijson2.xml"
Reading XML for "/home/pete/wefwefwef/docs/other/5432b5fcc5935185d3c3167d2ed18a1f792a99fe/repo/kas-reduce-timeout/.xml/erlang_js/js_drv_comm.xml"
Reading XML for "/home/pete/wefwefwef/docs/other/5432b5fcc5935185d3c3167d2ed18a1f792a99fe/repo/kas-reduce-timeout/.xml/erlang_js/erlang_js.xml"
Reading XML for "/home/pete/wefwefwef/docs/other/5432b5fcc5935185d3c3167d2ed18a1f792a99fe/repo/kas-reduce-timeout/.xml/specs_erlang_js.xml"
Reading XML for "/home/pete/wefwefwef/docs/other/5432b5fcc5935185d3c3167d2ed18a1f792a99fe/repo/kas-reduce-timeout/.xml/specs_js_cache.xml"
Reading XML for "/home/pete/wefwefwef/docs/other/5432b5fcc5935185d3c3167d2ed18a1f792a99fe/repo/kas-reduce-timeout/.xml/specs_js_drv_comm.xml"
Reading XML for "/home/pete/wefwefwef/docs/other/5432b5fcc5935185d3c3167d2ed18a1f792a99fe/repo/kas-reduce-timeout/.xml/specs_js_mochijson2.xml"
Generating HTML - erlang_js_sup "/home/pete/wefwefwef/docs/other/5432b5fcc5935185d3c3167d2ed18a1f792a99fe/repo/kas-reduce-timeout/.xml/erlang_js/erlang_js_sup.xml"
Reading XML for "/home/pete/wefwefwef/docs/other/5432b5fcc5935185d3c3167d2ed18a1f792a99fe/repo/kas-reduce-timeout/.xml/erlang_js/erlang_js_sup.xml"
Generating HTML - js_driver "/home/pete/wefwefwef/docs/other/5432b5fcc5935185d3c3167d2ed18a1f792a99fe/repo/kas-reduce-timeout/.xml/erlang_js/js_driver.xml"
Generating HTML - js_memory "/home/pete/wefwefwef/docs/other/5432b5fcc5935185d3c3167d2ed18a1f792a99fe/repo/kas-reduce-timeout/.xml/erlang_js/js_memory.xml"
Reading XML for "/home/pete/wefwefwef/docs/other/5432b5fcc5935185d3c3167d2ed18a1f792a99fe/repo/kas-reduce-timeout/.xml/erlang_js/js_driver.xml"
Reading XML for "/home/pete/wefwefwef/docs/other/5432b5fcc5935185d3c3167d2ed18a1f792a99fe/repo/kas-reduce-timeout/.xml/erlang_js/js_memory.xml"
Generating HTML - js_mochinum "/home/pete/wefwefwef/docs/other/5432b5fcc5935185d3c3167d2ed18a1f792a99fe/repo/kas-reduce-timeout/.xml/erlang_js/js_mochinum.xml"
Reading XML for "/home/pete/wefwefwef/docs/other/5432b5fcc5935185d3c3167d2ed18a1f792a99fe/repo/kas-reduce-timeout/.xml/erlang_js/js_mochinum.xml"
Reading XML for "/home/pete/wefwefwef/docs/other/5432b5fcc5935185d3c3167d2ed18a1f792a99fe/repo/kas-reduce-timeout/.xml/specs_erlang_js_sup.xml"
Generating HTML - js "/home/pete/wefwefwef/docs/other/5432b5fcc5935185d3c3167d2ed18a1f792a99fe/repo/kas-reduce-timeout/.xml/erlang_js/js.xml"
Reading XML for "/home/pete/wefwefwef/docs/other/5432b5fcc5935185d3c3167d2ed18a1f792a99fe/repo/kas-reduce-timeout/.xml/erlang_js/js.xml"
Reading XML for "/home/pete/wefwefwef/docs/other/5432b5fcc5935185d3c3167d2ed18a1f792a99fe/repo/kas-reduce-timeout/.xml/specs_js_memory.xml"
Reading XML for "/home/pete/wefwefwef/docs/other/5432b5fcc5935185d3c3167d2ed18a1f792a99fe/repo/kas-reduce-timeout/.xml/specs_js_driver.xml"
Reading XML for "/home/pete/wefwefwef/docs/other/5432b5fcc5935185d3c3167d2ed18a1f792a99fe/repo/kas-reduce-timeout/.xml/specs_js_mochinum.xml"
Reading XML for "/home/pete/wefwefwef/docs/other/5432b5fcc5935185d3c3167d2ed18a1f792a99fe/repo/kas-reduce-timeout/.xml/specs_js.xml"
Generating HTML - js_benchmark "/home/pete/wefwefwef/docs/other/5432b5fcc5935185d3c3167d2ed18a1f792a99fe/repo/kas-reduce-timeout/.xml/erlang_js/js_benchmark.xml"
Reading XML for "/home/pete/wefwefwef/docs/other/5432b5fcc5935185d3c3167d2ed18a1f792a99fe/repo/kas-reduce-timeout/.xml/erlang_js/js_benchmark.xml"
Reading XML for "/home/pete/wefwefwef/docs/other/5432b5fcc5935185d3c3167d2ed18a1f792a99fe/repo/kas-reduce-timeout/.xml/specs_js_benchmark.xml"
Creating index.html ...
Creating erldocs_index.js ...
Woot, finished in 0 Minutes 1 Seconds
 :: Discovering other repos
$ 5000  `rm -r '/home/pete/wefwefwef/docs/other/5432b5fcc5935185d3c3167d2ed18a1f792a99fe/erlang_js-branch-kas-reduce-timeout'  2>&1`
 :: Processing https://github.com/jonte/erlang_js	{rev,branch,"jaegermonkey","9cfcc085cdbeaa227ad153884e60aeba014c90f5",undefined,[],[]}
 :: Fetching repo code
$ cd '/home/pete/wefwefwef/docs/other/5432b5fcc5935185d3c3167d2ed18a1f792a99fe/erlang_js-branch-jaegermonkey'
$ infinity  `curl --fail --silent --show-error --location --output repo.tar.gz 'https://codeload.github.com/jonte/erlang_js/tar.gz/jaegermonkey'  2>&1`
$ cd '/home/pete/wefwefwef/docs/erldocs_other.git'
$ cd '/home/pete/wefwefwef/docs/other/5432b5fcc5935185d3c3167d2ed18a1f792a99fe/erlang_js-branch-jaegermonkey/erlang_js-jaegermonkey'
$ 5000  `find -P . -type l -delete  2>&1`
$ cd '/home/pete/wefwefwef/docs/erldocs_other.git'
$ 5000  `mv '/home/pete/wefwefwef/docs/other/5432b5fcc5935185d3c3167d2ed18a1f792a99fe/erlang_js-branch-jaegermonkey/erlang_js-jaegermonkey' '/home/pete/wefwefwef/docs/other/5432b5fcc5935185d3c3167d2ed18a1f792a99fe/erlang_js-branch-jaegermonkey/erlang_js'  2>&1`
 :: Getting dependencies
$ cd '/home/pete/wefwefwef/docs/other/5432b5fcc5935185d3c3167d2ed18a1f792a99fe/erlang_js-branch-jaegermonkey/erlang_js'
$ 5000  `ls -1 deps/  2>&1`
$ cd '/home/pete/wefwefwef/docs/erldocs_other.git'
>>> [rebar] deps = []
 :: Generating erldocs into /home/pete/wefwefwef/docs/other/5432b5fcc5935185d3c3167d2ed18a1f792a99fe/repo/jaegermonkey
Building erlang_js
Generating Type Specs - "/home/pete/wefwefwef/docs/other/5432b5fcc5935185d3c3167d2ed18a1f792a99fe/erlang_js-branch-jaegermonkey/erlang_js/src/erlang_js.erl"
Generating Type Specs - "/home/pete/wefwefwef/docs/other/5432b5fcc5935185d3c3167d2ed18a1f792a99fe/erlang_js-branch-jaegermonkey/erlang_js/src/erlang_js_sup.erl"
Generating Type Specs - "/home/pete/wefwefwef/docs/other/5432b5fcc5935185d3c3167d2ed18a1f792a99fe/erlang_js-branch-jaegermonkey/erlang_js/src/js.erl"
Generating Type Specs - "/home/pete/wefwefwef/docs/other/5432b5fcc5935185d3c3167d2ed18a1f792a99fe/erlang_js-branch-jaegermonkey/erlang_js/src/js_benchmark.erl"
Generating Type Specs - "/home/pete/wefwefwef/docs/other/5432b5fcc5935185d3c3167d2ed18a1f792a99fe/erlang_js-branch-jaegermonkey/erlang_js/src/js_cache.erl"
Generating Type Specs - "/home/pete/wefwefwef/docs/other/5432b5fcc5935185d3c3167d2ed18a1f792a99fe/erlang_js-branch-jaegermonkey/erlang_js/src/js_driver.erl"
Generating Type Specs - "/home/pete/wefwefwef/docs/other/5432b5fcc5935185d3c3167d2ed18a1f792a99fe/erlang_js-branch-jaegermonkey/erlang_js/src/js_drv_comm.erl"
Generating Type Specs - "/home/pete/wefwefwef/docs/other/5432b5fcc5935185d3c3167d2ed18a1f792a99fe/erlang_js-branch-jaegermonkey/erlang_js/src/js_memory.erl"
Generating Type Specs - "/home/pete/wefwefwef/docs/other/5432b5fcc5935185d3c3167d2ed18a1f792a99fe/erlang_js-branch-jaegermonkey/erlang_js/src/js_mochijson2.erl"
Generating Type Specs - "/home/pete/wefwefwef/docs/other/5432b5fcc5935185d3c3167d2ed18a1f792a99fe/erlang_js-branch-jaegermonkey/erlang_js/src/js_mochinum.erl"
Generating XML for application erlang_js "/home/pete/wefwefwef/docs/other/5432b5fcc5935185d3c3167d2ed18a1f792a99fe/erlang_js-branch-jaegermonkey/erlang_js" -> "/home/pete/wefwefwef/docs/other/5432b5fcc5935185d3c3167d2ed18a1f792a99fe/repo/jaegermonkey/.xml/erlang_js"
/home/pete/wefwefwef/docs/other/5432b5fcc5935185d3c3167d2ed18a1f792a99fe/erlang_js-branch-jaegermonkey/erlang_js/src/js_driver.erl, function new/3: at line 71: @spec arity does not match.
edoc: skipping source file '/home/pete/wefwefwef/docs/other/5432b5fcc5935185d3c3167d2ed18a1f792a99fe/erlang_js-branch-jaegermonkey/erlang_js/src/js_driver.erl': {'EXIT',
                                                                                                                                                            error}.
/home/pete/wefwefwef/docs/other/5432b5fcc5935185d3c3167d2ed18a1f792a99fe/erlang_js-branch-jaegermonkey/erlang_js/src/js_mochijson2.erl, function encoder/1: at line 35: warning: redefining built-in type 'iolist'.
/home/pete/wefwefwef/docs/other/5432b5fcc5935185d3c3167d2ed18a1f792a99fe/erlang_js-branch-jaegermonkey/erlang_js/src/js_mochijson2.erl, function encoder/1: at line 36: warning: redefining built-in type 'iodata'.
edoc: error in layout 'docgen_edoc_xml_cb': {'EXIT',
                                       {{case_clause,
                                         [{xmlText,
                                           [{h4,8},
                                            {fullDescription,2},
                                            {description,2},
                                            {overview,1}],
                                           1,[],
                                           "Defining and calling a function",
                                           text}]},
                                        [{docgen_edoc_xml_cb,chapter_title,1,
                                          [{file,"docgen_edoc_xml_cb.erl"},
                                           {line,168}]},
                                         {docgen_edoc_xml_cb,subchapter_ify,
                                          2,
                                          [{file,"docgen_edoc_xml_cb.erl"},
                                           {line,162}]},
                                         {docgen_edoc_xml_cb,subchapter_ify,
                                          2,
                                          [{file,"docgen_edoc_xml_cb.erl"},
                                           {line,158}]},
                                         {docgen_edoc_xml_cb,chapter_ify,2,
                                          [{file,"docgen_edoc_xml_cb.erl"},
                                           {line,146}]},
                                         {docgen_edoc_xml_cb,chapter_ify,2,
                                          [{file,"docgen_edoc_xml_cb.erl"},
                                           {line,142}]},
                                         {docgen_edoc_xml_cb,layout_chapter,
                                          1,
                                          [{file,"docgen_edoc_xml_cb.erl"},
                                           {line,127}]},
                                         {docgen_edoc_xml_cb,overview,2,
                                          [{file,"docgen_edoc_xml_cb.erl"},
                                           {line,48}]},
                                         {edoc_lib,run_plugin,5,
                                          [{file,[...]},{line,...}]}]}}.
edoc: error in doclet 'edoc_doclet': {'EXIT',error}.
Error generating erlang_js XMLs. Using fallback ...
Generating XML erlang_js - erlang_js "/home/pete/wefwefwef/docs/other/5432b5fcc5935185d3c3167d2ed18a1f792a99fe/erlang_js-branch-jaegermonkey/erlang_js/src/erlang_js.erl" -> "/home/pete/wefwefwef/docs/other/5432b5fcc5935185d3c3167d2ed18a1f792a99fe/repo/jaegermonkey/.xml/erlang_js/erlang_js.xml"
Generating XML erlang_js - erlang_js_sup "/home/pete/wefwefwef/docs/other/5432b5fcc5935185d3c3167d2ed18a1f792a99fe/erlang_js-branch-jaegermonkey/erlang_js/src/erlang_js_sup.erl" -> "/home/pete/wefwefwef/docs/other/5432b5fcc5935185d3c3167d2ed18a1f792a99fe/repo/jaegermonkey/.xml/erlang_js/erlang_js_sup.xml"
Generating XML erlang_js - js "/home/pete/wefwefwef/docs/other/5432b5fcc5935185d3c3167d2ed18a1f792a99fe/erlang_js-branch-jaegermonkey/erlang_js/src/js.erl" -> "/home/pete/wefwefwef/docs/other/5432b5fcc5935185d3c3167d2ed18a1f792a99fe/repo/jaegermonkey/.xml/erlang_js/js.xml"
Generating XML erlang_js - js_benchmark "/home/pete/wefwefwef/docs/other/5432b5fcc5935185d3c3167d2ed18a1f792a99fe/erlang_js-branch-jaegermonkey/erlang_js/src/js_benchmark.erl" -> "/home/pete/wefwefwef/docs/other/5432b5fcc5935185d3c3167d2ed18a1f792a99fe/repo/jaegermonkey/.xml/erlang_js/js_benchmark.xml"
Generating XML erlang_js - js_cache "/home/pete/wefwefwef/docs/other/5432b5fcc5935185d3c3167d2ed18a1f792a99fe/erlang_js-branch-jaegermonkey/erlang_js/src/js_cache.erl" -> "/home/pete/wefwefwef/docs/other/5432b5fcc5935185d3c3167d2ed18a1f792a99fe/repo/jaegermonkey/.xml/erlang_js/js_cache.xml"
Generating XML erlang_js - js_driver "/home/pete/wefwefwef/docs/other/5432b5fcc5935185d3c3167d2ed18a1f792a99fe/erlang_js-branch-jaegermonkey/erlang_js/src/js_driver.erl" -> "/home/pete/wefwefwef/docs/other/5432b5fcc5935185d3c3167d2ed18a1f792a99fe/repo/jaegermonkey/.xml/erlang_js/js_driver.xml"
/home/pete/wefwefwef/docs/other/5432b5fcc5935185d3c3167d2ed18a1f792a99fe/erlang_js-branch-jaegermonkey/erlang_js/src/js_driver.erl, function new/3: at line 71: @spec arity does not match.
Error generating XML ("/home/pete/wefwefwef/docs/other/5432b5fcc5935185d3c3167d2ed18a1f792a99fe/erlang_js-branch-jaegermonkey/erlang_js/src/js_driver.erl"): {'EXIT',
                                                                                                                                                              error}
Generating XML erlang_js - js_drv_comm "/home/pete/wefwefwef/docs/other/5432b5fcc5935185d3c3167d2ed18a1f792a99fe/erlang_js-branch-jaegermonkey/erlang_js/src/js_drv_comm.erl" -> "/home/pete/wefwefwef/docs/other/5432b5fcc5935185d3c3167d2ed18a1f792a99fe/repo/jaegermonkey/.xml/erlang_js/js_drv_comm.xml"
Generating XML erlang_js - js_memory "/home/pete/wefwefwef/docs/other/5432b5fcc5935185d3c3167d2ed18a1f792a99fe/erlang_js-branch-jaegermonkey/erlang_js/src/js_memory.erl" -> "/home/pete/wefwefwef/docs/other/5432b5fcc5935185d3c3167d2ed18a1f792a99fe/repo/jaegermonkey/.xml/erlang_js/js_memory.xml"
Generating XML erlang_js - js_mochijson2 "/home/pete/wefwefwef/docs/other/5432b5fcc5935185d3c3167d2ed18a1f792a99fe/erlang_js-branch-jaegermonkey/erlang_js/src/js_mochijson2.erl" -> "/home/pete/wefwefwef/docs/other/5432b5fcc5935185d3c3167d2ed18a1f792a99fe/repo/jaegermonkey/.xml/erlang_js/js_mochijson2.xml"
/home/pete/wefwefwef/docs/other/5432b5fcc5935185d3c3167d2ed18a1f792a99fe/erlang_js-branch-jaegermonkey/erlang_js/src/js_mochijson2.erl, function encoder/1: at line 35: warning: redefining built-in type 'iolist'.
/home/pete/wefwefwef/docs/other/5432b5fcc5935185d3c3167d2ed18a1f792a99fe/erlang_js-branch-jaegermonkey/erlang_js/src/js_mochijson2.erl, function encoder/1: at line 36: warning: redefining built-in type 'iodata'.
Generating XML erlang_js - js_mochinum "/home/pete/wefwefwef/docs/other/5432b5fcc5935185d3c3167d2ed18a1f792a99fe/erlang_js-branch-jaegermonkey/erlang_js/src/js_mochinum.erl" -> "/home/pete/wefwefwef/docs/other/5432b5fcc5935185d3c3167d2ed18a1f792a99fe/repo/jaegermonkey/.xml/erlang_js/js_mochinum.xml"
Generating HTML - js_mochijson2 "/home/pete/wefwefwef/docs/other/5432b5fcc5935185d3c3167d2ed18a1f792a99fe/repo/jaegermonkey/.xml/erlang_js/js_mochijson2.xml"
Generating HTML - js_benchmark "/home/pete/wefwefwef/docs/other/5432b5fcc5935185d3c3167d2ed18a1f792a99fe/repo/jaegermonkey/.xml/erlang_js/js_benchmark.xml"
Generating HTML - js_drv_comm "/home/pete/wefwefwef/docs/other/5432b5fcc5935185d3c3167d2ed18a1f792a99fe/repo/jaegermonkey/.xml/erlang_js/js_drv_comm.xml"
Generating HTML - erlang_js "/home/pete/wefwefwef/docs/other/5432b5fcc5935185d3c3167d2ed18a1f792a99fe/repo/jaegermonkey/.xml/erlang_js/erlang_js.xml"
Reading XML for "/home/pete/wefwefwef/docs/other/5432b5fcc5935185d3c3167d2ed18a1f792a99fe/repo/jaegermonkey/.xml/erlang_js/js_mochijson2.xml"
Reading XML for "/home/pete/wefwefwef/docs/other/5432b5fcc5935185d3c3167d2ed18a1f792a99fe/repo/jaegermonkey/.xml/erlang_js/js_benchmark.xml"
Reading XML for "/home/pete/wefwefwef/docs/other/5432b5fcc5935185d3c3167d2ed18a1f792a99fe/repo/jaegermonkey/.xml/erlang_js/js_drv_comm.xml"
Reading XML for "/home/pete/wefwefwef/docs/other/5432b5fcc5935185d3c3167d2ed18a1f792a99fe/repo/jaegermonkey/.xml/erlang_js/erlang_js.xml"
Reading XML for "/home/pete/wefwefwef/docs/other/5432b5fcc5935185d3c3167d2ed18a1f792a99fe/repo/jaegermonkey/.xml/specs_js_drv_comm.xml"
Reading XML for "/home/pete/wefwefwef/docs/other/5432b5fcc5935185d3c3167d2ed18a1f792a99fe/repo/jaegermonkey/.xml/specs_js_mochijson2.xml"
Reading XML for "/home/pete/wefwefwef/docs/other/5432b5fcc5935185d3c3167d2ed18a1f792a99fe/repo/jaegermonkey/.xml/specs_js_benchmark.xml"
Generating HTML - js_memory "/home/pete/wefwefwef/docs/other/5432b5fcc5935185d3c3167d2ed18a1f792a99fe/repo/jaegermonkey/.xml/erlang_js/js_memory.xml"
Reading XML for "/home/pete/wefwefwef/docs/other/5432b5fcc5935185d3c3167d2ed18a1f792a99fe/repo/jaegermonkey/.xml/erlang_js/js_memory.xml"
Reading XML for "/home/pete/wefwefwef/docs/other/5432b5fcc5935185d3c3167d2ed18a1f792a99fe/repo/jaegermonkey/.xml/specs_erlang_js.xml"
Generating HTML - js_cache "/home/pete/wefwefwef/docs/other/5432b5fcc5935185d3c3167d2ed18a1f792a99fe/repo/jaegermonkey/.xml/erlang_js/js_cache.xml"
Reading XML for "/home/pete/wefwefwef/docs/other/5432b5fcc5935185d3c3167d2ed18a1f792a99fe/repo/jaegermonkey/.xml/erlang_js/js_cache.xml"
Generating HTML - js_mochinum "/home/pete/wefwefwef/docs/other/5432b5fcc5935185d3c3167d2ed18a1f792a99fe/repo/jaegermonkey/.xml/erlang_js/js_mochinum.xml"
Reading XML for "/home/pete/wefwefwef/docs/other/5432b5fcc5935185d3c3167d2ed18a1f792a99fe/repo/jaegermonkey/.xml/erlang_js/js_mochinum.xml"
Generating HTML - erlang_js_sup "/home/pete/wefwefwef/docs/other/5432b5fcc5935185d3c3167d2ed18a1f792a99fe/repo/jaegermonkey/.xml/erlang_js/erlang_js_sup.xml"
Reading XML for "/home/pete/wefwefwef/docs/other/5432b5fcc5935185d3c3167d2ed18a1f792a99fe/repo/jaegermonkey/.xml/erlang_js/erlang_js_sup.xml"
Reading XML for "/home/pete/wefwefwef/docs/other/5432b5fcc5935185d3c3167d2ed18a1f792a99fe/repo/jaegermonkey/.xml/specs_js_memory.xml"
Reading XML for "/home/pete/wefwefwef/docs/other/5432b5fcc5935185d3c3167d2ed18a1f792a99fe/repo/jaegermonkey/.xml/specs_js_cache.xml"
Reading XML for "/home/pete/wefwefwef/docs/other/5432b5fcc5935185d3c3167d2ed18a1f792a99fe/repo/jaegermonkey/.xml/specs_erlang_js_sup.xml"
Reading XML for "/home/pete/wefwefwef/docs/other/5432b5fcc5935185d3c3167d2ed18a1f792a99fe/repo/jaegermonkey/.xml/specs_js_mochinum.xml"
Generating HTML - js "/home/pete/wefwefwef/docs/other/5432b5fcc5935185d3c3167d2ed18a1f792a99fe/repo/jaegermonkey/.xml/erlang_js/js.xml"
Reading XML for "/home/pete/wefwefwef/docs/other/5432b5fcc5935185d3c3167d2ed18a1f792a99fe/repo/jaegermonkey/.xml/erlang_js/js.xml"
Reading XML for "/home/pete/wefwefwef/docs/other/5432b5fcc5935185d3c3167d2ed18a1f792a99fe/repo/jaegermonkey/.xml/specs_js.xml"
Creating index.html ...
Creating erldocs_index.js ...
Woot, finished in 0 Minutes 1 Seconds
 :: Discovering other repos
$ 5000  `rm -r '/home/pete/wefwefwef/docs/other/5432b5fcc5935185d3c3167d2ed18a1f792a99fe/erlang_js-branch-jaegermonkey'  2>&1`
 :: Processing https://github.com/jonte/erlang_js	{rev,tag,"erlang_js-0.5.0","5350ed21606606dbee5ecb07e974f2abb9106270",undefined,[],[]}
 :: Fetching repo code
$ cd '/home/pete/wefwefwef/docs/other/5432b5fcc5935185d3c3167d2ed18a1f792a99fe/erlang_js-tag-erlang_js-0.5.0'
$ infinity  `curl --fail --silent --show-error --location --output repo.tar.gz 'https://codeload.github.com/jonte/erlang_js/tar.gz/erlang_js-0.5.0'  2>&1`
$ cd '/home/pete/wefwefwef/docs/erldocs_other.git'
$ cd '/home/pete/wefwefwef/docs/other/5432b5fcc5935185d3c3167d2ed18a1f792a99fe/erlang_js-tag-erlang_js-0.5.0/erlang_js-erlang_js-0.5.0'
$ 5000  `find -P . -type l -delete  2>&1`
$ cd '/home/pete/wefwefwef/docs/erldocs_other.git'
$ 5000  `mv '/home/pete/wefwefwef/docs/other/5432b5fcc5935185d3c3167d2ed18a1f792a99fe/erlang_js-tag-erlang_js-0.5.0/erlang_js-erlang_js-0.5.0' '/home/pete/wefwefwef/docs/other/5432b5fcc5935185d3c3167d2ed18a1f792a99fe/erlang_js-tag-erlang_js-0.5.0/erlang_js'  2>&1`
 :: Getting dependencies
$ cd '/home/pete/wefwefwef/docs/other/5432b5fcc5935185d3c3167d2ed18a1f792a99fe/erlang_js-tag-erlang_js-0.5.0/erlang_js'
$ 5000  `ls -1 deps/  2>&1`
$ cd '/home/pete/wefwefwef/docs/erldocs_other.git'
>>> [rebar] deps = []
 :: Generating erldocs into /home/pete/wefwefwef/docs/other/5432b5fcc5935185d3c3167d2ed18a1f792a99fe/repo/erlang_js-0.5.0
Building erlang_js
Generating Type Specs - "/home/pete/wefwefwef/docs/other/5432b5fcc5935185d3c3167d2ed18a1f792a99fe/erlang_js-tag-erlang_js-0.5.0/erlang_js/src/erlang_js.erl"
Generating Type Specs - "/home/pete/wefwefwef/docs/other/5432b5fcc5935185d3c3167d2ed18a1f792a99fe/erlang_js-tag-erlang_js-0.5.0/erlang_js/src/erlang_js_sup.erl"
Generating Type Specs - "/home/pete/wefwefwef/docs/other/5432b5fcc5935185d3c3167d2ed18a1f792a99fe/erlang_js-tag-erlang_js-0.5.0/erlang_js/src/js.erl"
Generating Type Specs - "/home/pete/wefwefwef/docs/other/5432b5fcc5935185d3c3167d2ed18a1f792a99fe/erlang_js-tag-erlang_js-0.5.0/erlang_js/src/js_benchmark.erl"
Generating Type Specs - "/home/pete/wefwefwef/docs/other/5432b5fcc5935185d3c3167d2ed18a1f792a99fe/erlang_js-tag-erlang_js-0.5.0/erlang_js/src/js_cache.erl"
Generating Type Specs - "/home/pete/wefwefwef/docs/other/5432b5fcc5935185d3c3167d2ed18a1f792a99fe/erlang_js-tag-erlang_js-0.5.0/erlang_js/src/js_driver.erl"
Generating Type Specs - "/home/pete/wefwefwef/docs/other/5432b5fcc5935185d3c3167d2ed18a1f792a99fe/erlang_js-tag-erlang_js-0.5.0/erlang_js/src/js_drv_comm.erl"
Generating Type Specs - "/home/pete/wefwefwef/docs/other/5432b5fcc5935185d3c3167d2ed18a1f792a99fe/erlang_js-tag-erlang_js-0.5.0/erlang_js/src/js_memory.erl"
Generating Type Specs - "/home/pete/wefwefwef/docs/other/5432b5fcc5935185d3c3167d2ed18a1f792a99fe/erlang_js-tag-erlang_js-0.5.0/erlang_js/src/js_mochijson2.erl"
Generating Type Specs - "/home/pete/wefwefwef/docs/other/5432b5fcc5935185d3c3167d2ed18a1f792a99fe/erlang_js-tag-erlang_js-0.5.0/erlang_js/src/js_mochinum.erl"
Generating XML for application erlang_js "/home/pete/wefwefwef/docs/other/5432b5fcc5935185d3c3167d2ed18a1f792a99fe/erlang_js-tag-erlang_js-0.5.0/erlang_js" -> "/home/pete/wefwefwef/docs/other/5432b5fcc5935185d3c3167d2ed18a1f792a99fe/repo/erlang_js-0.5.0/.xml/erlang_js"
/home/pete/wefwefwef/docs/other/5432b5fcc5935185d3c3167d2ed18a1f792a99fe/erlang_js-tag-erlang_js-0.5.0/erlang_js/src/js_mochijson2.erl, function encoder/1: at line 35: warning: redefining built-in type 'iolist'.
/home/pete/wefwefwef/docs/other/5432b5fcc5935185d3c3167d2ed18a1f792a99fe/erlang_js-tag-erlang_js-0.5.0/erlang_js/src/js_mochijson2.erl, function encoder/1: at line 36: warning: redefining built-in type 'iodata'.
edoc: error in layout 'docgen_edoc_xml_cb': {'EXIT',
                                       {{case_clause,
                                         [{xmlText,
                                           [{h4,8},
                                            {fullDescription,2},
                                            {description,2},
                                            {overview,1}],
                                           1,[],
                                           "Defining and calling a function",
                                           text}]},
                                        [{docgen_edoc_xml_cb,chapter_title,1,
                                          [{file,"docgen_edoc_xml_cb.erl"},
                                           {line,168}]},
                                         {docgen_edoc_xml_cb,subchapter_ify,
                                          2,
                                          [{file,"docgen_edoc_xml_cb.erl"},
                                           {line,162}]},
                                         {docgen_edoc_xml_cb,subchapter_ify,
                                          2,
                                          [{file,"docgen_edoc_xml_cb.erl"},
                                           {line,158}]},
                                         {docgen_edoc_xml_cb,chapter_ify,2,
                                          [{file,"docgen_edoc_xml_cb.erl"},
                                           {line,146}]},
                                         {docgen_edoc_xml_cb,chapter_ify,2,
                                          [{file,"docgen_edoc_xml_cb.erl"},
                                           {line,142}]},
                                         {docgen_edoc_xml_cb,layout_chapter,
                                          1,
                                          [{file,"docgen_edoc_xml_cb.erl"},
                                           {line,127}]},
                                         {docgen_edoc_xml_cb,overview,2,
                                          [{file,"docgen_edoc_xml_cb.erl"},
                                           {line,48}]},
                                         {edoc_lib,run_plugin,5,
                                          [{file,[...]},{line,...}]}]}}.
edoc: error in doclet 'edoc_doclet': {'EXIT',error}.
Error generating erlang_js XMLs. Using fallback ...
Generating XML erlang_js - erlang_js "/home/pete/wefwefwef/docs/other/5432b5fcc5935185d3c3167d2ed18a1f792a99fe/erlang_js-tag-erlang_js-0.5.0/erlang_js/src/erlang_js.erl" -> "/home/pete/wefwefwef/docs/other/5432b5fcc5935185d3c3167d2ed18a1f792a99fe/repo/erlang_js-0.5.0/.xml/erlang_js/erlang_js.xml"
Generating XML erlang_js - erlang_js_sup "/home/pete/wefwefwef/docs/other/5432b5fcc5935185d3c3167d2ed18a1f792a99fe/erlang_js-tag-erlang_js-0.5.0/erlang_js/src/erlang_js_sup.erl" -> "/home/pete/wefwefwef/docs/other/5432b5fcc5935185d3c3167d2ed18a1f792a99fe/repo/erlang_js-0.5.0/.xml/erlang_js/erlang_js_sup.xml"
Generating XML erlang_js - js "/home/pete/wefwefwef/docs/other/5432b5fcc5935185d3c3167d2ed18a1f792a99fe/erlang_js-tag-erlang_js-0.5.0/erlang_js/src/js.erl" -> "/home/pete/wefwefwef/docs/other/5432b5fcc5935185d3c3167d2ed18a1f792a99fe/repo/erlang_js-0.5.0/.xml/erlang_js/js.xml"
Generating XML erlang_js - js_benchmark "/home/pete/wefwefwef/docs/other/5432b5fcc5935185d3c3167d2ed18a1f792a99fe/erlang_js-tag-erlang_js-0.5.0/erlang_js/src/js_benchmark.erl" -> "/home/pete/wefwefwef/docs/other/5432b5fcc5935185d3c3167d2ed18a1f792a99fe/repo/erlang_js-0.5.0/.xml/erlang_js/js_benchmark.xml"
Generating XML erlang_js - js_cache "/home/pete/wefwefwef/docs/other/5432b5fcc5935185d3c3167d2ed18a1f792a99fe/erlang_js-tag-erlang_js-0.5.0/erlang_js/src/js_cache.erl" -> "/home/pete/wefwefwef/docs/other/5432b5fcc5935185d3c3167d2ed18a1f792a99fe/repo/erlang_js-0.5.0/.xml/erlang_js/js_cache.xml"
Generating XML erlang_js - js_driver "/home/pete/wefwefwef/docs/other/5432b5fcc5935185d3c3167d2ed18a1f792a99fe/erlang_js-tag-erlang_js-0.5.0/erlang_js/src/js_driver.erl" -> "/home/pete/wefwefwef/docs/other/5432b5fcc5935185d3c3167d2ed18a1f792a99fe/repo/erlang_js-0.5.0/.xml/erlang_js/js_driver.xml"
Generating XML erlang_js - js_drv_comm "/home/pete/wefwefwef/docs/other/5432b5fcc5935185d3c3167d2ed18a1f792a99fe/erlang_js-tag-erlang_js-0.5.0/erlang_js/src/js_drv_comm.erl" -> "/home/pete/wefwefwef/docs/other/5432b5fcc5935185d3c3167d2ed18a1f792a99fe/repo/erlang_js-0.5.0/.xml/erlang_js/js_drv_comm.xml"
Generating XML erlang_js - js_memory "/home/pete/wefwefwef/docs/other/5432b5fcc5935185d3c3167d2ed18a1f792a99fe/erlang_js-tag-erlang_js-0.5.0/erlang_js/src/js_memory.erl" -> "/home/pete/wefwefwef/docs/other/5432b5fcc5935185d3c3167d2ed18a1f792a99fe/repo/erlang_js-0.5.0/.xml/erlang_js/js_memory.xml"
Generating XML erlang_js - js_mochijson2 "/home/pete/wefwefwef/docs/other/5432b5fcc5935185d3c3167d2ed18a1f792a99fe/erlang_js-tag-erlang_js-0.5.0/erlang_js/src/js_mochijson2.erl" -> "/home/pete/wefwefwef/docs/other/5432b5fcc5935185d3c3167d2ed18a1f792a99fe/repo/erlang_js-0.5.0/.xml/erlang_js/js_mochijson2.xml"
/home/pete/wefwefwef/docs/other/5432b5fcc5935185d3c3167d2ed18a1f792a99fe/erlang_js-tag-erlang_js-0.5.0/erlang_js/src/js_mochijson2.erl, function encoder/1: at line 35: warning: redefining built-in type 'iolist'.
/home/pete/wefwefwef/docs/other/5432b5fcc5935185d3c3167d2ed18a1f792a99fe/erlang_js-tag-erlang_js-0.5.0/erlang_js/src/js_mochijson2.erl, function encoder/1: at line 36: warning: redefining built-in type 'iodata'.
Generating XML erlang_js - js_mochinum "/home/pete/wefwefwef/docs/other/5432b5fcc5935185d3c3167d2ed18a1f792a99fe/erlang_js-tag-erlang_js-0.5.0/erlang_js/src/js_mochinum.erl" -> "/home/pete/wefwefwef/docs/other/5432b5fcc5935185d3c3167d2ed18a1f792a99fe/repo/erlang_js-0.5.0/.xml/erlang_js/js_mochinum.xml"
Generating HTML - js_cache "/home/pete/wefwefwef/docs/other/5432b5fcc5935185d3c3167d2ed18a1f792a99fe/repo/erlang_js-0.5.0/.xml/erlang_js/js_cache.xml"
Generating HTML - js_mochijson2 "/home/pete/wefwefwef/docs/other/5432b5fcc5935185d3c3167d2ed18a1f792a99fe/repo/erlang_js-0.5.0/.xml/erlang_js/js_mochijson2.xml"
Generating HTML - erlang_js "/home/pete/wefwefwef/docs/other/5432b5fcc5935185d3c3167d2ed18a1f792a99fe/repo/erlang_js-0.5.0/.xml/erlang_js/erlang_js.xml"
Generating HTML - js_drv_comm "/home/pete/wefwefwef/docs/other/5432b5fcc5935185d3c3167d2ed18a1f792a99fe/repo/erlang_js-0.5.0/.xml/erlang_js/js_drv_comm.xml"
Reading XML for "/home/pete/wefwefwef/docs/other/5432b5fcc5935185d3c3167d2ed18a1f792a99fe/repo/erlang_js-0.5.0/.xml/erlang_js/js_cache.xml"
Reading XML for "/home/pete/wefwefwef/docs/other/5432b5fcc5935185d3c3167d2ed18a1f792a99fe/repo/erlang_js-0.5.0/.xml/erlang_js/js_mochijson2.xml"
Reading XML for "/home/pete/wefwefwef/docs/other/5432b5fcc5935185d3c3167d2ed18a1f792a99fe/repo/erlang_js-0.5.0/.xml/erlang_js/erlang_js.xml"
Reading XML for "/home/pete/wefwefwef/docs/other/5432b5fcc5935185d3c3167d2ed18a1f792a99fe/repo/erlang_js-0.5.0/.xml/erlang_js/js_drv_comm.xml"
Reading XML for "/home/pete/wefwefwef/docs/other/5432b5fcc5935185d3c3167d2ed18a1f792a99fe/repo/erlang_js-0.5.0/.xml/specs_js_mochijson2.xml"
Reading XML for "/home/pete/wefwefwef/docs/other/5432b5fcc5935185d3c3167d2ed18a1f792a99fe/repo/erlang_js-0.5.0/.xml/specs_js_cache.xml"
Reading XML for "/home/pete/wefwefwef/docs/other/5432b5fcc5935185d3c3167d2ed18a1f792a99fe/repo/erlang_js-0.5.0/.xml/specs_erlang_js.xml"
Reading XML for "/home/pete/wefwefwef/docs/other/5432b5fcc5935185d3c3167d2ed18a1f792a99fe/repo/erlang_js-0.5.0/.xml/specs_js_drv_comm.xml"
Generating HTML - erlang_js_sup "/home/pete/wefwefwef/docs/other/5432b5fcc5935185d3c3167d2ed18a1f792a99fe/repo/erlang_js-0.5.0/.xml/erlang_js/erlang_js_sup.xml"
Reading XML for "/home/pete/wefwefwef/docs/other/5432b5fcc5935185d3c3167d2ed18a1f792a99fe/repo/erlang_js-0.5.0/.xml/erlang_js/erlang_js_sup.xml"
Generating HTML - js_mochinum "/home/pete/wefwefwef/docs/other/5432b5fcc5935185d3c3167d2ed18a1f792a99fe/repo/erlang_js-0.5.0/.xml/erlang_js/js_mochinum.xml"
Reading XML for "/home/pete/wefwefwef/docs/other/5432b5fcc5935185d3c3167d2ed18a1f792a99fe/repo/erlang_js-0.5.0/.xml/erlang_js/js_mochinum.xml"
Generating HTML - js_memory "/home/pete/wefwefwef/docs/other/5432b5fcc5935185d3c3167d2ed18a1f792a99fe/repo/erlang_js-0.5.0/.xml/erlang_js/js_memory.xml"
Generating HTML - js_driver "/home/pete/wefwefwef/docs/other/5432b5fcc5935185d3c3167d2ed18a1f792a99fe/repo/erlang_js-0.5.0/.xml/erlang_js/js_driver.xml"
Reading XML for "/home/pete/wefwefwef/docs/other/5432b5fcc5935185d3c3167d2ed18a1f792a99fe/repo/erlang_js-0.5.0/.xml/erlang_js/js_memory.xml"
Reading XML for "/home/pete/wefwefwef/docs/other/5432b5fcc5935185d3c3167d2ed18a1f792a99fe/repo/erlang_js-0.5.0/.xml/erlang_js/js_driver.xml"
Reading XML for "/home/pete/wefwefwef/docs/other/5432b5fcc5935185d3c3167d2ed18a1f792a99fe/repo/erlang_js-0.5.0/.xml/specs_erlang_js_sup.xml"
Reading XML for "/home/pete/wefwefwef/docs/other/5432b5fcc5935185d3c3167d2ed18a1f792a99fe/repo/erlang_js-0.5.0/.xml/specs_js_mochinum.xml"
Generating HTML - js "/home/pete/wefwefwef/docs/other/5432b5fcc5935185d3c3167d2ed18a1f792a99fe/repo/erlang_js-0.5.0/.xml/erlang_js/js.xml"
Reading XML for "/home/pete/wefwefwef/docs/other/5432b5fcc5935185d3c3167d2ed18a1f792a99fe/repo/erlang_js-0.5.0/.xml/erlang_js/js.xml"
Reading XML for "/home/pete/wefwefwef/docs/other/5432b5fcc5935185d3c3167d2ed18a1f792a99fe/repo/erlang_js-0.5.0/.xml/specs_js_memory.xml"
Reading XML for "/home/pete/wefwefwef/docs/other/5432b5fcc5935185d3c3167d2ed18a1f792a99fe/repo/erlang_js-0.5.0/.xml/specs_js_driver.xml"
Reading XML for "/home/pete/wefwefwef/docs/other/5432b5fcc5935185d3c3167d2ed18a1f792a99fe/repo/erlang_js-0.5.0/.xml/specs_js.xml"
Generating HTML - js_benchmark "/home/pete/wefwefwef/docs/other/5432b5fcc5935185d3c3167d2ed18a1f792a99fe/repo/erlang_js-0.5.0/.xml/erlang_js/js_benchmark.xml"
Reading XML for "/home/pete/wefwefwef/docs/other/5432b5fcc5935185d3c3167d2ed18a1f792a99fe/repo/erlang_js-0.5.0/.xml/erlang_js/js_benchmark.xml"
Reading XML for "/home/pete/wefwefwef/docs/other/5432b5fcc5935185d3c3167d2ed18a1f792a99fe/repo/erlang_js-0.5.0/.xml/specs_js_benchmark.xml"
Creating index.html ...
Creating erldocs_index.js ...
Woot, finished in 0 Minutes 1 Seconds
 :: Discovering other repos
$ 5000  `rm -r '/home/pete/wefwefwef/docs/other/5432b5fcc5935185d3c3167d2ed18a1f792a99fe/erlang_js-tag-erlang_js-0.5.0'  2>&1`
 :: Processing https://github.com/jonte/erlang_js	{rev,tag,"erlang_js-0.4","128bb152bd2116cd67caf34fc48edb3bcda9b579",undefined,[],[]}
 :: Fetching repo code
$ cd '/home/pete/wefwefwef/docs/other/5432b5fcc5935185d3c3167d2ed18a1f792a99fe/erlang_js-tag-erlang_js-0.4'
$ infinity  `curl --fail --silent --show-error --location --output repo.tar.gz 'https://codeload.github.com/jonte/erlang_js/tar.gz/erlang_js-0.4'  2>&1`
$ cd '/home/pete/wefwefwef/docs/erldocs_other.git'
$ cd '/home/pete/wefwefwef/docs/other/5432b5fcc5935185d3c3167d2ed18a1f792a99fe/erlang_js-tag-erlang_js-0.4/erlang_js-erlang_js-0.4'
$ 5000  `find -P . -type l -delete  2>&1`
$ cd '/home/pete/wefwefwef/docs/erldocs_other.git'
$ 5000  `mv '/home/pete/wefwefwef/docs/other/5432b5fcc5935185d3c3167d2ed18a1f792a99fe/erlang_js-tag-erlang_js-0.4/erlang_js-erlang_js-0.4' '/home/pete/wefwefwef/docs/other/5432b5fcc5935185d3c3167d2ed18a1f792a99fe/erlang_js-tag-erlang_js-0.4/erlang_js'  2>&1`
 :: Getting dependencies
$ cd '/home/pete/wefwefwef/docs/other/5432b5fcc5935185d3c3167d2ed18a1f792a99fe/erlang_js-tag-erlang_js-0.4/erlang_js'
$ 5000  `ls -1 deps/  2>&1`
$ cd '/home/pete/wefwefwef/docs/erldocs_other.git'
>>> [rebar] deps = []
 :: Generating erldocs into /home/pete/wefwefwef/docs/other/5432b5fcc5935185d3c3167d2ed18a1f792a99fe/repo/erlang_js-0.4
Building erlang_js
Generating Type Specs - "/home/pete/wefwefwef/docs/other/5432b5fcc5935185d3c3167d2ed18a1f792a99fe/erlang_js-tag-erlang_js-0.4/erlang_js/src/erlang_js.erl"
Generating Type Specs - "/home/pete/wefwefwef/docs/other/5432b5fcc5935185d3c3167d2ed18a1f792a99fe/erlang_js-tag-erlang_js-0.4/erlang_js/src/erlang_js_sup.erl"
Generating Type Specs - "/home/pete/wefwefwef/docs/other/5432b5fcc5935185d3c3167d2ed18a1f792a99fe/erlang_js-tag-erlang_js-0.4/erlang_js/src/js.erl"
Generating Type Specs - "/home/pete/wefwefwef/docs/other/5432b5fcc5935185d3c3167d2ed18a1f792a99fe/erlang_js-tag-erlang_js-0.4/erlang_js/src/js_benchmark.erl"
Generating Type Specs - "/home/pete/wefwefwef/docs/other/5432b5fcc5935185d3c3167d2ed18a1f792a99fe/erlang_js-tag-erlang_js-0.4/erlang_js/src/js_cache.erl"
Generating Type Specs - "/home/pete/wefwefwef/docs/other/5432b5fcc5935185d3c3167d2ed18a1f792a99fe/erlang_js-tag-erlang_js-0.4/erlang_js/src/js_driver.erl"
Generating Type Specs - "/home/pete/wefwefwef/docs/other/5432b5fcc5935185d3c3167d2ed18a1f792a99fe/erlang_js-tag-erlang_js-0.4/erlang_js/src/js_drv_comm.erl"
Generating Type Specs - "/home/pete/wefwefwef/docs/other/5432b5fcc5935185d3c3167d2ed18a1f792a99fe/erlang_js-tag-erlang_js-0.4/erlang_js/src/js_memory.erl"
Generating Type Specs - "/home/pete/wefwefwef/docs/other/5432b5fcc5935185d3c3167d2ed18a1f792a99fe/erlang_js-tag-erlang_js-0.4/erlang_js/src/js_mochijson2.erl"
Generating Type Specs - "/home/pete/wefwefwef/docs/other/5432b5fcc5935185d3c3167d2ed18a1f792a99fe/erlang_js-tag-erlang_js-0.4/erlang_js/src/js_mochinum.erl"
Generating XML for application erlang_js "/home/pete/wefwefwef/docs/other/5432b5fcc5935185d3c3167d2ed18a1f792a99fe/erlang_js-tag-erlang_js-0.4/erlang_js" -> "/home/pete/wefwefwef/docs/other/5432b5fcc5935185d3c3167d2ed18a1f792a99fe/repo/erlang_js-0.4/.xml/erlang_js"
/home/pete/wefwefwef/docs/other/5432b5fcc5935185d3c3167d2ed18a1f792a99fe/erlang_js-tag-erlang_js-0.4/erlang_js/src/js_driver.erl, function new/3: at line 71: @spec arity does not match.
edoc: skipping source file '/home/pete/wefwefwef/docs/other/5432b5fcc5935185d3c3167d2ed18a1f792a99fe/erlang_js-tag-erlang_js-0.4/erlang_js/src/js_driver.erl': {'EXIT',
                                                                                                                                                          error}.
/home/pete/wefwefwef/docs/other/5432b5fcc5935185d3c3167d2ed18a1f792a99fe/erlang_js-tag-erlang_js-0.4/erlang_js/src/js_mochijson2.erl, function encoder/1: at line 35: warning: redefining built-in type 'iolist'.
/home/pete/wefwefwef/docs/other/5432b5fcc5935185d3c3167d2ed18a1f792a99fe/erlang_js-tag-erlang_js-0.4/erlang_js/src/js_mochijson2.erl, function encoder/1: at line 36: warning: redefining built-in type 'iodata'.
edoc: error in layout 'docgen_edoc_xml_cb': {'EXIT',
                                       {{case_clause,
                                         [{xmlText,
                                           [{h4,8},
                                            {fullDescription,2},
                                            {description,2},
                                            {overview,1}],
                                           1,[],
                                           "Defining and calling a function",
                                           text}]},
                                        [{docgen_edoc_xml_cb,chapter_title,1,
                                          [{file,"docgen_edoc_xml_cb.erl"},
                                           {line,168}]},
                                         {docgen_edoc_xml_cb,subchapter_ify,
                                          2,
                                          [{file,"docgen_edoc_xml_cb.erl"},
                                           {line,162}]},
                                         {docgen_edoc_xml_cb,subchapter_ify,
                                          2,
                                          [{file,"docgen_edoc_xml_cb.erl"},
                                           {line,158}]},
                                         {docgen_edoc_xml_cb,chapter_ify,2,
                                          [{file,"docgen_edoc_xml_cb.erl"},
                                           {line,146}]},
                                         {docgen_edoc_xml_cb,chapter_ify,2,
                                          [{file,"docgen_edoc_xml_cb.erl"},
                                           {line,142}]},
                                         {docgen_edoc_xml_cb,layout_chapter,
                                          1,
                                          [{file,"docgen_edoc_xml_cb.erl"},
                                           {line,127}]},
                                         {docgen_edoc_xml_cb,overview,2,
                                          [{file,"docgen_edoc_xml_cb.erl"},
                                           {line,48}]},
                                         {edoc_lib,run_plugin,5,
                                          [{file,[...]},{line,...}]}]}}.
edoc: error in doclet 'edoc_doclet': {'EXIT',error}.
Error generating erlang_js XMLs. Using fallback ...
Generating XML erlang_js - erlang_js "/home/pete/wefwefwef/docs/other/5432b5fcc5935185d3c3167d2ed18a1f792a99fe/erlang_js-tag-erlang_js-0.4/erlang_js/src/erlang_js.erl" -> "/home/pete/wefwefwef/docs/other/5432b5fcc5935185d3c3167d2ed18a1f792a99fe/repo/erlang_js-0.4/.xml/erlang_js/erlang_js.xml"
Generating XML erlang_js - erlang_js_sup "/home/pete/wefwefwef/docs/other/5432b5fcc5935185d3c3167d2ed18a1f792a99fe/erlang_js-tag-erlang_js-0.4/erlang_js/src/erlang_js_sup.erl" -> "/home/pete/wefwefwef/docs/other/5432b5fcc5935185d3c3167d2ed18a1f792a99fe/repo/erlang_js-0.4/.xml/erlang_js/erlang_js_sup.xml"
Generating XML erlang_js - js "/home/pete/wefwefwef/docs/other/5432b5fcc5935185d3c3167d2ed18a1f792a99fe/erlang_js-tag-erlang_js-0.4/erlang_js/src/js.erl" -> "/home/pete/wefwefwef/docs/other/5432b5fcc5935185d3c3167d2ed18a1f792a99fe/repo/erlang_js-0.4/.xml/erlang_js/js.xml"
Generating XML erlang_js - js_benchmark "/home/pete/wefwefwef/docs/other/5432b5fcc5935185d3c3167d2ed18a1f792a99fe/erlang_js-tag-erlang_js-0.4/erlang_js/src/js_benchmark.erl" -> "/home/pete/wefwefwef/docs/other/5432b5fcc5935185d3c3167d2ed18a1f792a99fe/repo/erlang_js-0.4/.xml/erlang_js/js_benchmark.xml"
Generating XML erlang_js - js_cache "/home/pete/wefwefwef/docs/other/5432b5fcc5935185d3c3167d2ed18a1f792a99fe/erlang_js-tag-erlang_js-0.4/erlang_js/src/js_cache.erl" -> "/home/pete/wefwefwef/docs/other/5432b5fcc5935185d3c3167d2ed18a1f792a99fe/repo/erlang_js-0.4/.xml/erlang_js/js_cache.xml"
Generating XML erlang_js - js_driver "/home/pete/wefwefwef/docs/other/5432b5fcc5935185d3c3167d2ed18a1f792a99fe/erlang_js-tag-erlang_js-0.4/erlang_js/src/js_driver.erl" -> "/home/pete/wefwefwef/docs/other/5432b5fcc5935185d3c3167d2ed18a1f792a99fe/repo/erlang_js-0.4/.xml/erlang_js/js_driver.xml"
/home/pete/wefwefwef/docs/other/5432b5fcc5935185d3c3167d2ed18a1f792a99fe/erlang_js-tag-erlang_js-0.4/erlang_js/src/js_driver.erl, function new/3: at line 71: @spec arity does not match.
Error generating XML ("/home/pete/wefwefwef/docs/other/5432b5fcc5935185d3c3167d2ed18a1f792a99fe/erlang_js-tag-erlang_js-0.4/erlang_js/src/js_driver.erl"): {'EXIT',
                                                                                                                                                            error}
Generating XML erlang_js - js_drv_comm "/home/pete/wefwefwef/docs/other/5432b5fcc5935185d3c3167d2ed18a1f792a99fe/erlang_js-tag-erlang_js-0.4/erlang_js/src/js_drv_comm.erl" -> "/home/pete/wefwefwef/docs/other/5432b5fcc5935185d3c3167d2ed18a1f792a99fe/repo/erlang_js-0.4/.xml/erlang_js/js_drv_comm.xml"
Generating XML erlang_js - js_memory "/home/pete/wefwefwef/docs/other/5432b5fcc5935185d3c3167d2ed18a1f792a99fe/erlang_js-tag-erlang_js-0.4/erlang_js/src/js_memory.erl" -> "/home/pete/wefwefwef/docs/other/5432b5fcc5935185d3c3167d2ed18a1f792a99fe/repo/erlang_js-0.4/.xml/erlang_js/js_memory.xml"
Generating XML erlang_js - js_mochijson2 "/home/pete/wefwefwef/docs/other/5432b5fcc5935185d3c3167d2ed18a1f792a99fe/erlang_js-tag-erlang_js-0.4/erlang_js/src/js_mochijson2.erl" -> "/home/pete/wefwefwef/docs/other/5432b5fcc5935185d3c3167d2ed18a1f792a99fe/repo/erlang_js-0.4/.xml/erlang_js/js_mochijson2.xml"
/home/pete/wefwefwef/docs/other/5432b5fcc5935185d3c3167d2ed18a1f792a99fe/erlang_js-tag-erlang_js-0.4/erlang_js/src/js_mochijson2.erl, function encoder/1: at line 35: warning: redefining built-in type 'iolist'.
/home/pete/wefwefwef/docs/other/5432b5fcc5935185d3c3167d2ed18a1f792a99fe/erlang_js-tag-erlang_js-0.4/erlang_js/src/js_mochijson2.erl, function encoder/1: at line 36: warning: redefining built-in type 'iodata'.
Generating XML erlang_js - js_mochinum "/home/pete/wefwefwef/docs/other/5432b5fcc5935185d3c3167d2ed18a1f792a99fe/erlang_js-tag-erlang_js-0.4/erlang_js/src/js_mochinum.erl" -> "/home/pete/wefwefwef/docs/other/5432b5fcc5935185d3c3167d2ed18a1f792a99fe/repo/erlang_js-0.4/.xml/erlang_js/js_mochinum.xml"
Generating HTML - js_benchmark "/home/pete/wefwefwef/docs/other/5432b5fcc5935185d3c3167d2ed18a1f792a99fe/repo/erlang_js-0.4/.xml/erlang_js/js_benchmark.xml"
Generating HTML - js_mochijson2 "/home/pete/wefwefwef/docs/other/5432b5fcc5935185d3c3167d2ed18a1f792a99fe/repo/erlang_js-0.4/.xml/erlang_js/js_mochijson2.xml"
Generating HTML - js_drv_comm "/home/pete/wefwefwef/docs/other/5432b5fcc5935185d3c3167d2ed18a1f792a99fe/repo/erlang_js-0.4/.xml/erlang_js/js_drv_comm.xml"
Generating HTML - erlang_js "/home/pete/wefwefwef/docs/other/5432b5fcc5935185d3c3167d2ed18a1f792a99fe/repo/erlang_js-0.4/.xml/erlang_js/erlang_js.xml"
Reading XML for "/home/pete/wefwefwef/docs/other/5432b5fcc5935185d3c3167d2ed18a1f792a99fe/repo/erlang_js-0.4/.xml/erlang_js/js_benchmark.xml"
Reading XML for "/home/pete/wefwefwef/docs/other/5432b5fcc5935185d3c3167d2ed18a1f792a99fe/repo/erlang_js-0.4/.xml/erlang_js/js_mochijson2.xml"
Reading XML for "/home/pete/wefwefwef/docs/other/5432b5fcc5935185d3c3167d2ed18a1f792a99fe/repo/erlang_js-0.4/.xml/erlang_js/js_drv_comm.xml"
Reading XML for "/home/pete/wefwefwef/docs/other/5432b5fcc5935185d3c3167d2ed18a1f792a99fe/repo/erlang_js-0.4/.xml/erlang_js/erlang_js.xml"
Reading XML for "/home/pete/wefwefwef/docs/other/5432b5fcc5935185d3c3167d2ed18a1f792a99fe/repo/erlang_js-0.4/.xml/specs_js_benchmark.xml"
Reading XML for "/home/pete/wefwefwef/docs/other/5432b5fcc5935185d3c3167d2ed18a1f792a99fe/repo/erlang_js-0.4/.xml/specs_js_drv_comm.xml"
Reading XML for "/home/pete/wefwefwef/docs/other/5432b5fcc5935185d3c3167d2ed18a1f792a99fe/repo/erlang_js-0.4/.xml/specs_erlang_js.xml"
Generating HTML - js_memory "/home/pete/wefwefwef/docs/other/5432b5fcc5935185d3c3167d2ed18a1f792a99fe/repo/erlang_js-0.4/.xml/erlang_js/js_memory.xml"
Reading XML for "/home/pete/wefwefwef/docs/other/5432b5fcc5935185d3c3167d2ed18a1f792a99fe/repo/erlang_js-0.4/.xml/erlang_js/js_memory.xml"
Generating HTML - js_cache "/home/pete/wefwefwef/docs/other/5432b5fcc5935185d3c3167d2ed18a1f792a99fe/repo/erlang_js-0.4/.xml/erlang_js/js_cache.xml"
Reading XML for "/home/pete/wefwefwef/docs/other/5432b5fcc5935185d3c3167d2ed18a1f792a99fe/repo/erlang_js-0.4/.xml/erlang_js/js_cache.xml"
Generating HTML - erlang_js_sup "/home/pete/wefwefwef/docs/other/5432b5fcc5935185d3c3167d2ed18a1f792a99fe/repo/erlang_js-0.4/.xml/erlang_js/erlang_js_sup.xml"
Reading XML for "/home/pete/wefwefwef/docs/other/5432b5fcc5935185d3c3167d2ed18a1f792a99fe/repo/erlang_js-0.4/.xml/specs_js_mochijson2.xml"
Reading XML for "/home/pete/wefwefwef/docs/other/5432b5fcc5935185d3c3167d2ed18a1f792a99fe/repo/erlang_js-0.4/.xml/erlang_js/erlang_js_sup.xml"
Generating HTML - js_mochinum "/home/pete/wefwefwef/docs/other/5432b5fcc5935185d3c3167d2ed18a1f792a99fe/repo/erlang_js-0.4/.xml/erlang_js/js_mochinum.xml"
Reading XML for "/home/pete/wefwefwef/docs/other/5432b5fcc5935185d3c3167d2ed18a1f792a99fe/repo/erlang_js-0.4/.xml/erlang_js/js_mochinum.xml"
Reading XML for "/home/pete/wefwefwef/docs/other/5432b5fcc5935185d3c3167d2ed18a1f792a99fe/repo/erlang_js-0.4/.xml/specs_js_cache.xml"
Reading XML for "/home/pete/wefwefwef/docs/other/5432b5fcc5935185d3c3167d2ed18a1f792a99fe/repo/erlang_js-0.4/.xml/specs_js_memory.xml"
Reading XML for "/home/pete/wefwefwef/docs/other/5432b5fcc5935185d3c3167d2ed18a1f792a99fe/repo/erlang_js-0.4/.xml/specs_erlang_js_sup.xml"
Generating HTML - js "/home/pete/wefwefwef/docs/other/5432b5fcc5935185d3c3167d2ed18a1f792a99fe/repo/erlang_js-0.4/.xml/erlang_js/js.xml"
Reading XML for "/home/pete/wefwefwef/docs/other/5432b5fcc5935185d3c3167d2ed18a1f792a99fe/repo/erlang_js-0.4/.xml/erlang_js/js.xml"
Reading XML for "/home/pete/wefwefwef/docs/other/5432b5fcc5935185d3c3167d2ed18a1f792a99fe/repo/erlang_js-0.4/.xml/specs_js_mochinum.xml"
Reading XML for "/home/pete/wefwefwef/docs/other/5432b5fcc5935185d3c3167d2ed18a1f792a99fe/repo/erlang_js-0.4/.xml/specs_js.xml"
Creating index.html ...
Creating erldocs_index.js ...
Woot, finished in 0 Minutes 1 Seconds
 :: Discovering other repos
$ 5000  `rm -r '/home/pete/wefwefwef/docs/other/5432b5fcc5935185d3c3167d2ed18a1f792a99fe/erlang_js-tag-erlang_js-0.4'  2>&1`
 :: Processing https://github.com/jonte/erlang_js	{rev,tag,"erlang_js-0.3","310607e6628e3dd1910ba4403de27ab494a2c282",undefined,[],[]}
 :: Fetching repo code
$ cd '/home/pete/wefwefwef/docs/other/5432b5fcc5935185d3c3167d2ed18a1f792a99fe/erlang_js-tag-erlang_js-0.3'
$ infinity  `curl --fail --silent --show-error --location --output repo.tar.gz 'https://codeload.github.com/jonte/erlang_js/tar.gz/erlang_js-0.3'  2>&1`
$ cd '/home/pete/wefwefwef/docs/erldocs_other.git'
$ cd '/home/pete/wefwefwef/docs/other/5432b5fcc5935185d3c3167d2ed18a1f792a99fe/erlang_js-tag-erlang_js-0.3/erlang_js-erlang_js-0.3'
$ 5000  `find -P . -type l -delete  2>&1`
$ cd '/home/pete/wefwefwef/docs/erldocs_other.git'
$ 5000  `mv '/home/pete/wefwefwef/docs/other/5432b5fcc5935185d3c3167d2ed18a1f792a99fe/erlang_js-tag-erlang_js-0.3/erlang_js-erlang_js-0.3' '/home/pete/wefwefwef/docs/other/5432b5fcc5935185d3c3167d2ed18a1f792a99fe/erlang_js-tag-erlang_js-0.3/erlang_js'  2>&1`
 :: Getting dependencies
$ cd '/home/pete/wefwefwef/docs/other/5432b5fcc5935185d3c3167d2ed18a1f792a99fe/erlang_js-tag-erlang_js-0.3/erlang_js'
$ 5000  `ls -1 deps/  2>&1`
$ cd '/home/pete/wefwefwef/docs/erldocs_other.git'
>>> [rebar] deps = []
 :: Generating erldocs into /home/pete/wefwefwef/docs/other/5432b5fcc5935185d3c3167d2ed18a1f792a99fe/repo/erlang_js-0.3
Building erlang_js
Generating Type Specs - "/home/pete/wefwefwef/docs/other/5432b5fcc5935185d3c3167d2ed18a1f792a99fe/erlang_js-tag-erlang_js-0.3/erlang_js/src/erlang_js.erl"
Generating Type Specs - "/home/pete/wefwefwef/docs/other/5432b5fcc5935185d3c3167d2ed18a1f792a99fe/erlang_js-tag-erlang_js-0.3/erlang_js/src/erlang_js_sup.erl"
Generating Type Specs - "/home/pete/wefwefwef/docs/other/5432b5fcc5935185d3c3167d2ed18a1f792a99fe/erlang_js-tag-erlang_js-0.3/erlang_js/src/js.erl"
Generating Type Specs - "/home/pete/wefwefwef/docs/other/5432b5fcc5935185d3c3167d2ed18a1f792a99fe/erlang_js-tag-erlang_js-0.3/erlang_js/src/js_benchmark.erl"
Generating Type Specs - "/home/pete/wefwefwef/docs/other/5432b5fcc5935185d3c3167d2ed18a1f792a99fe/erlang_js-tag-erlang_js-0.3/erlang_js/src/js_cache.erl"
Generating Type Specs - "/home/pete/wefwefwef/docs/other/5432b5fcc5935185d3c3167d2ed18a1f792a99fe/erlang_js-tag-erlang_js-0.3/erlang_js/src/js_driver.erl"
Generating Type Specs - "/home/pete/wefwefwef/docs/other/5432b5fcc5935185d3c3167d2ed18a1f792a99fe/erlang_js-tag-erlang_js-0.3/erlang_js/src/js_drv_comm.erl"
Generating Type Specs - "/home/pete/wefwefwef/docs/other/5432b5fcc5935185d3c3167d2ed18a1f792a99fe/erlang_js-tag-erlang_js-0.3/erlang_js/src/js_memory.erl"
Generating Type Specs - "/home/pete/wefwefwef/docs/other/5432b5fcc5935185d3c3167d2ed18a1f792a99fe/erlang_js-tag-erlang_js-0.3/erlang_js/src/js_mochijson2.erl"
Generating Type Specs - "/home/pete/wefwefwef/docs/other/5432b5fcc5935185d3c3167d2ed18a1f792a99fe/erlang_js-tag-erlang_js-0.3/erlang_js/src/js_mochinum.erl"
Generating XML for application erlang_js "/home/pete/wefwefwef/docs/other/5432b5fcc5935185d3c3167d2ed18a1f792a99fe/erlang_js-tag-erlang_js-0.3/erlang_js" -> "/home/pete/wefwefwef/docs/other/5432b5fcc5935185d3c3167d2ed18a1f792a99fe/repo/erlang_js-0.3/.xml/erlang_js"
/home/pete/wefwefwef/docs/other/5432b5fcc5935185d3c3167d2ed18a1f792a99fe/erlang_js-tag-erlang_js-0.3/erlang_js/src/js_driver.erl, function new/2: at line 70: @spec arity does not match.
edoc: skipping source file '/home/pete/wefwefwef/docs/other/5432b5fcc5935185d3c3167d2ed18a1f792a99fe/erlang_js-tag-erlang_js-0.3/erlang_js/src/js_driver.erl': {'EXIT',
                                                                                                                                                          error}.
/home/pete/wefwefwef/docs/other/5432b5fcc5935185d3c3167d2ed18a1f792a99fe/erlang_js-tag-erlang_js-0.3/erlang_js/src/js_mochijson2.erl, function encoder/1: at line 35: warning: redefining built-in type 'iolist'.
/home/pete/wefwefwef/docs/other/5432b5fcc5935185d3c3167d2ed18a1f792a99fe/erlang_js-tag-erlang_js-0.3/erlang_js/src/js_mochijson2.erl, function encoder/1: at line 36: warning: redefining built-in type 'iodata'.
edoc: error in layout 'docgen_edoc_xml_cb': {'EXIT',
                                       {{case_clause,
                                         [{xmlText,
                                           [{h4,8},
                                            {fullDescription,2},
                                            {description,2},
                                            {overview,1}],
                                           1,[],
                                           "Defining and calling a function",
                                           text}]},
                                        [{docgen_edoc_xml_cb,chapter_title,1,
                                          [{file,"docgen_edoc_xml_cb.erl"},
                                           {line,168}]},
                                         {docgen_edoc_xml_cb,subchapter_ify,
                                          2,
                                          [{file,"docgen_edoc_xml_cb.erl"},
                                           {line,162}]},
                                         {docgen_edoc_xml_cb,subchapter_ify,
                                          2,
                                          [{file,"docgen_edoc_xml_cb.erl"},
                                           {line,158}]},
                                         {docgen_edoc_xml_cb,chapter_ify,2,
                                          [{file,"docgen_edoc_xml_cb.erl"},
                                           {line,146}]},
                                         {docgen_edoc_xml_cb,chapter_ify,2,
                                          [{file,"docgen_edoc_xml_cb.erl"},
                                           {line,142}]},
                                         {docgen_edoc_xml_cb,layout_chapter,
                                          1,
                                          [{file,"docgen_edoc_xml_cb.erl"},
                                           {line,127}]},
                                         {docgen_edoc_xml_cb,overview,2,
                                          [{file,"docgen_edoc_xml_cb.erl"},
                                           {line,48}]},
                                         {edoc_lib,run_plugin,5,
                                          [{file,[...]},{line,...}]}]}}.
edoc: error in doclet 'edoc_doclet': {'EXIT',error}.
Error generating erlang_js XMLs. Using fallback ...
Generating XML erlang_js - erlang_js "/home/pete/wefwefwef/docs/other/5432b5fcc5935185d3c3167d2ed18a1f792a99fe/erlang_js-tag-erlang_js-0.3/erlang_js/src/erlang_js.erl" -> "/home/pete/wefwefwef/docs/other/5432b5fcc5935185d3c3167d2ed18a1f792a99fe/repo/erlang_js-0.3/.xml/erlang_js/erlang_js.xml"
Generating XML erlang_js - erlang_js_sup "/home/pete/wefwefwef/docs/other/5432b5fcc5935185d3c3167d2ed18a1f792a99fe/erlang_js-tag-erlang_js-0.3/erlang_js/src/erlang_js_sup.erl" -> "/home/pete/wefwefwef/docs/other/5432b5fcc5935185d3c3167d2ed18a1f792a99fe/repo/erlang_js-0.3/.xml/erlang_js/erlang_js_sup.xml"
Generating XML erlang_js - js "/home/pete/wefwefwef/docs/other/5432b5fcc5935185d3c3167d2ed18a1f792a99fe/erlang_js-tag-erlang_js-0.3/erlang_js/src/js.erl" -> "/home/pete/wefwefwef/docs/other/5432b5fcc5935185d3c3167d2ed18a1f792a99fe/repo/erlang_js-0.3/.xml/erlang_js/js.xml"
Generating XML erlang_js - js_benchmark "/home/pete/wefwefwef/docs/other/5432b5fcc5935185d3c3167d2ed18a1f792a99fe/erlang_js-tag-erlang_js-0.3/erlang_js/src/js_benchmark.erl" -> "/home/pete/wefwefwef/docs/other/5432b5fcc5935185d3c3167d2ed18a1f792a99fe/repo/erlang_js-0.3/.xml/erlang_js/js_benchmark.xml"
Generating XML erlang_js - js_cache "/home/pete/wefwefwef/docs/other/5432b5fcc5935185d3c3167d2ed18a1f792a99fe/erlang_js-tag-erlang_js-0.3/erlang_js/src/js_cache.erl" -> "/home/pete/wefwefwef/docs/other/5432b5fcc5935185d3c3167d2ed18a1f792a99fe/repo/erlang_js-0.3/.xml/erlang_js/js_cache.xml"
Generating XML erlang_js - js_driver "/home/pete/wefwefwef/docs/other/5432b5fcc5935185d3c3167d2ed18a1f792a99fe/erlang_js-tag-erlang_js-0.3/erlang_js/src/js_driver.erl" -> "/home/pete/wefwefwef/docs/other/5432b5fcc5935185d3c3167d2ed18a1f792a99fe/repo/erlang_js-0.3/.xml/erlang_js/js_driver.xml"
/home/pete/wefwefwef/docs/other/5432b5fcc5935185d3c3167d2ed18a1f792a99fe/erlang_js-tag-erlang_js-0.3/erlang_js/src/js_driver.erl, function new/2: at line 70: @spec arity does not match.
Error generating XML ("/home/pete/wefwefwef/docs/other/5432b5fcc5935185d3c3167d2ed18a1f792a99fe/erlang_js-tag-erlang_js-0.3/erlang_js/src/js_driver.erl"): {'EXIT',
                                                                                                                                                            error}
Generating XML erlang_js - js_drv_comm "/home/pete/wefwefwef/docs/other/5432b5fcc5935185d3c3167d2ed18a1f792a99fe/erlang_js-tag-erlang_js-0.3/erlang_js/src/js_drv_comm.erl" -> "/home/pete/wefwefwef/docs/other/5432b5fcc5935185d3c3167d2ed18a1f792a99fe/repo/erlang_js-0.3/.xml/erlang_js/js_drv_comm.xml"
Generating XML erlang_js - js_memory "/home/pete/wefwefwef/docs/other/5432b5fcc5935185d3c3167d2ed18a1f792a99fe/erlang_js-tag-erlang_js-0.3/erlang_js/src/js_memory.erl" -> "/home/pete/wefwefwef/docs/other/5432b5fcc5935185d3c3167d2ed18a1f792a99fe/repo/erlang_js-0.3/.xml/erlang_js/js_memory.xml"
Generating XML erlang_js - js_mochijson2 "/home/pete/wefwefwef/docs/other/5432b5fcc5935185d3c3167d2ed18a1f792a99fe/erlang_js-tag-erlang_js-0.3/erlang_js/src/js_mochijson2.erl" -> "/home/pete/wefwefwef/docs/other/5432b5fcc5935185d3c3167d2ed18a1f792a99fe/repo/erlang_js-0.3/.xml/erlang_js/js_mochijson2.xml"
/home/pete/wefwefwef/docs/other/5432b5fcc5935185d3c3167d2ed18a1f792a99fe/erlang_js-tag-erlang_js-0.3/erlang_js/src/js_mochijson2.erl, function encoder/1: at line 35: warning: redefining built-in type 'iolist'.
/home/pete/wefwefwef/docs/other/5432b5fcc5935185d3c3167d2ed18a1f792a99fe/erlang_js-tag-erlang_js-0.3/erlang_js/src/js_mochijson2.erl, function encoder/1: at line 36: warning: redefining built-in type 'iodata'.
Generating XML erlang_js - js_mochinum "/home/pete/wefwefwef/docs/other/5432b5fcc5935185d3c3167d2ed18a1f792a99fe/erlang_js-tag-erlang_js-0.3/erlang_js/src/js_mochinum.erl" -> "/home/pete/wefwefwef/docs/other/5432b5fcc5935185d3c3167d2ed18a1f792a99fe/repo/erlang_js-0.3/.xml/erlang_js/js_mochinum.xml"
Generating HTML - js_mochijson2 "/home/pete/wefwefwef/docs/other/5432b5fcc5935185d3c3167d2ed18a1f792a99fe/repo/erlang_js-0.3/.xml/erlang_js/js_mochijson2.xml"
Generating HTML - js_benchmark "/home/pete/wefwefwef/docs/other/5432b5fcc5935185d3c3167d2ed18a1f792a99fe/repo/erlang_js-0.3/.xml/erlang_js/js_benchmark.xml"
Generating HTML - js_drv_comm "/home/pete/wefwefwef/docs/other/5432b5fcc5935185d3c3167d2ed18a1f792a99fe/repo/erlang_js-0.3/.xml/erlang_js/js_drv_comm.xml"
Generating HTML - erlang_js "/home/pete/wefwefwef/docs/other/5432b5fcc5935185d3c3167d2ed18a1f792a99fe/repo/erlang_js-0.3/.xml/erlang_js/erlang_js.xml"
Reading XML for "/home/pete/wefwefwef/docs/other/5432b5fcc5935185d3c3167d2ed18a1f792a99fe/repo/erlang_js-0.3/.xml/erlang_js/js_mochijson2.xml"
Reading XML for "/home/pete/wefwefwef/docs/other/5432b5fcc5935185d3c3167d2ed18a1f792a99fe/repo/erlang_js-0.3/.xml/erlang_js/js_benchmark.xml"
Reading XML for "/home/pete/wefwefwef/docs/other/5432b5fcc5935185d3c3167d2ed18a1f792a99fe/repo/erlang_js-0.3/.xml/erlang_js/js_drv_comm.xml"
Reading XML for "/home/pete/wefwefwef/docs/other/5432b5fcc5935185d3c3167d2ed18a1f792a99fe/repo/erlang_js-0.3/.xml/erlang_js/erlang_js.xml"
Reading XML for "/home/pete/wefwefwef/docs/other/5432b5fcc5935185d3c3167d2ed18a1f792a99fe/repo/erlang_js-0.3/.xml/specs_js_benchmark.xml"
Reading XML for "/home/pete/wefwefwef/docs/other/5432b5fcc5935185d3c3167d2ed18a1f792a99fe/repo/erlang_js-0.3/.xml/specs_js_drv_comm.xml"
Generating HTML - js_cache "/home/pete/wefwefwef/docs/other/5432b5fcc5935185d3c3167d2ed18a1f792a99fe/repo/erlang_js-0.3/.xml/erlang_js/js_cache.xml"
Reading XML for "/home/pete/wefwefwef/docs/other/5432b5fcc5935185d3c3167d2ed18a1f792a99fe/repo/erlang_js-0.3/.xml/erlang_js/js_cache.xml"
Reading XML for "/home/pete/wefwefwef/docs/other/5432b5fcc5935185d3c3167d2ed18a1f792a99fe/repo/erlang_js-0.3/.xml/specs_erlang_js.xml"
Reading XML for "/home/pete/wefwefwef/docs/other/5432b5fcc5935185d3c3167d2ed18a1f792a99fe/repo/erlang_js-0.3/.xml/specs_js_mochijson2.xml"
Generating HTML - js_memory "/home/pete/wefwefwef/docs/other/5432b5fcc5935185d3c3167d2ed18a1f792a99fe/repo/erlang_js-0.3/.xml/erlang_js/js_memory.xml"
Reading XML for "/home/pete/wefwefwef/docs/other/5432b5fcc5935185d3c3167d2ed18a1f792a99fe/repo/erlang_js-0.3/.xml/erlang_js/js_memory.xml"
Generating HTML - erlang_js_sup "/home/pete/wefwefwef/docs/other/5432b5fcc5935185d3c3167d2ed18a1f792a99fe/repo/erlang_js-0.3/.xml/erlang_js/erlang_js_sup.xml"
Reading XML for "/home/pete/wefwefwef/docs/other/5432b5fcc5935185d3c3167d2ed18a1f792a99fe/repo/erlang_js-0.3/.xml/erlang_js/erlang_js_sup.xml"
Generating HTML - js_mochinum "/home/pete/wefwefwef/docs/other/5432b5fcc5935185d3c3167d2ed18a1f792a99fe/repo/erlang_js-0.3/.xml/erlang_js/js_mochinum.xml"
Reading XML for "/home/pete/wefwefwef/docs/other/5432b5fcc5935185d3c3167d2ed18a1f792a99fe/repo/erlang_js-0.3/.xml/erlang_js/js_mochinum.xml"
Reading XML for "/home/pete/wefwefwef/docs/other/5432b5fcc5935185d3c3167d2ed18a1f792a99fe/repo/erlang_js-0.3/.xml/specs_js_cache.xml"
Reading XML for "/home/pete/wefwefwef/docs/other/5432b5fcc5935185d3c3167d2ed18a1f792a99fe/repo/erlang_js-0.3/.xml/specs_js_memory.xml"
Reading XML for "/home/pete/wefwefwef/docs/other/5432b5fcc5935185d3c3167d2ed18a1f792a99fe/repo/erlang_js-0.3/.xml/specs_erlang_js_sup.xml"
Generating HTML - js "/home/pete/wefwefwef/docs/other/5432b5fcc5935185d3c3167d2ed18a1f792a99fe/repo/erlang_js-0.3/.xml/erlang_js/js.xml"
Reading XML for "/home/pete/wefwefwef/docs/other/5432b5fcc5935185d3c3167d2ed18a1f792a99fe/repo/erlang_js-0.3/.xml/erlang_js/js.xml"
Reading XML for "/home/pete/wefwefwef/docs/other/5432b5fcc5935185d3c3167d2ed18a1f792a99fe/repo/erlang_js-0.3/.xml/specs_js_mochinum.xml"
Reading XML for "/home/pete/wefwefwef/docs/other/5432b5fcc5935185d3c3167d2ed18a1f792a99fe/repo/erlang_js-0.3/.xml/specs_js.xml"
Creating index.html ...
Creating erldocs_index.js ...
Woot, finished in 0 Minutes 1 Seconds
 :: Discovering other repos
$ 5000  `rm -r '/home/pete/wefwefwef/docs/other/5432b5fcc5935185d3c3167d2ed18a1f792a99fe/erlang_js-tag-erlang_js-0.3'  2>&1`
 :: Processing https://github.com/jonte/erlang_js	{rev,tag,"erlang_js-0.2","817546bbbfd0dddd9d2e38271434c9cec39babe9",undefined,[],[]}
 :: Fetching repo code
$ cd '/home/pete/wefwefwef/docs/other/5432b5fcc5935185d3c3167d2ed18a1f792a99fe/erlang_js-tag-erlang_js-0.2'
$ infinity  `curl --fail --silent --show-error --location --output repo.tar.gz 'https://codeload.github.com/jonte/erlang_js/tar.gz/erlang_js-0.2'  2>&1`
$ cd '/home/pete/wefwefwef/docs/erldocs_other.git'
$ cd '/home/pete/wefwefwef/docs/other/5432b5fcc5935185d3c3167d2ed18a1f792a99fe/erlang_js-tag-erlang_js-0.2/erlang_js-erlang_js-0.2'
$ 5000  `find -P . -type l -delete  2>&1`
$ cd '/home/pete/wefwefwef/docs/erldocs_other.git'
$ 5000  `mv '/home/pete/wefwefwef/docs/other/5432b5fcc5935185d3c3167d2ed18a1f792a99fe/erlang_js-tag-erlang_js-0.2/erlang_js-erlang_js-0.2' '/home/pete/wefwefwef/docs/other/5432b5fcc5935185d3c3167d2ed18a1f792a99fe/erlang_js-tag-erlang_js-0.2/erlang_js'  2>&1`
 :: Getting dependencies
$ cd '/home/pete/wefwefwef/docs/other/5432b5fcc5935185d3c3167d2ed18a1f792a99fe/erlang_js-tag-erlang_js-0.2/erlang_js'
$ 5000  `ls -1 deps/  2>&1`
$ cd '/home/pete/wefwefwef/docs/erldocs_other.git'
>>> [rebar] deps = []
 :: Generating erldocs into /home/pete/wefwefwef/docs/other/5432b5fcc5935185d3c3167d2ed18a1f792a99fe/repo/erlang_js-0.2
Building erlang_js
Generating Type Specs - "/home/pete/wefwefwef/docs/other/5432b5fcc5935185d3c3167d2ed18a1f792a99fe/erlang_js-tag-erlang_js-0.2/erlang_js/src/erlang_js.erl"
Generating Type Specs - "/home/pete/wefwefwef/docs/other/5432b5fcc5935185d3c3167d2ed18a1f792a99fe/erlang_js-tag-erlang_js-0.2/erlang_js/src/erlang_js_sup.erl"
Generating Type Specs - "/home/pete/wefwefwef/docs/other/5432b5fcc5935185d3c3167d2ed18a1f792a99fe/erlang_js-tag-erlang_js-0.2/erlang_js/src/js.erl"
Generating Type Specs - "/home/pete/wefwefwef/docs/other/5432b5fcc5935185d3c3167d2ed18a1f792a99fe/erlang_js-tag-erlang_js-0.2/erlang_js/src/js_benchmark.erl"
Generating Type Specs - "/home/pete/wefwefwef/docs/other/5432b5fcc5935185d3c3167d2ed18a1f792a99fe/erlang_js-tag-erlang_js-0.2/erlang_js/src/js_cache.erl"
Generating Type Specs - "/home/pete/wefwefwef/docs/other/5432b5fcc5935185d3c3167d2ed18a1f792a99fe/erlang_js-tag-erlang_js-0.2/erlang_js/src/js_driver.erl"
Generating Type Specs - "/home/pete/wefwefwef/docs/other/5432b5fcc5935185d3c3167d2ed18a1f792a99fe/erlang_js-tag-erlang_js-0.2/erlang_js/src/js_drv_comm.erl"
Generating Type Specs - "/home/pete/wefwefwef/docs/other/5432b5fcc5935185d3c3167d2ed18a1f792a99fe/erlang_js-tag-erlang_js-0.2/erlang_js/src/js_memory.erl"
Generating Type Specs - "/home/pete/wefwefwef/docs/other/5432b5fcc5935185d3c3167d2ed18a1f792a99fe/erlang_js-tag-erlang_js-0.2/erlang_js/src/js_mochijson2.erl"
Generating Type Specs - "/home/pete/wefwefwef/docs/other/5432b5fcc5935185d3c3167d2ed18a1f792a99fe/erlang_js-tag-erlang_js-0.2/erlang_js/src/js_mochinum.erl"
Generating XML for application erlang_js "/home/pete/wefwefwef/docs/other/5432b5fcc5935185d3c3167d2ed18a1f792a99fe/erlang_js-tag-erlang_js-0.2/erlang_js" -> "/home/pete/wefwefwef/docs/other/5432b5fcc5935185d3c3167d2ed18a1f792a99fe/repo/erlang_js-0.2/.xml/erlang_js"
/home/pete/wefwefwef/docs/other/5432b5fcc5935185d3c3167d2ed18a1f792a99fe/erlang_js-tag-erlang_js-0.2/erlang_js/src/js_mochijson2.erl, function encoder/1: at line 35: warning: redefining built-in type 'iolist'.
/home/pete/wefwefwef/docs/other/5432b5fcc5935185d3c3167d2ed18a1f792a99fe/erlang_js-tag-erlang_js-0.2/erlang_js/src/js_mochijson2.erl, function encoder/1: at line 36: warning: redefining built-in type 'iodata'.
edoc: error in layout 'docgen_edoc_xml_cb': {'EXIT',
                                       {{case_clause,
                                         [{xmlText,
                                           [{h4,8},
                                            {fullDescription,2},
                                            {description,2},
                                            {overview,1}],
                                           1,[],
                                           "Defining and calling a function",
                                           text}]},
                                        [{docgen_edoc_xml_cb,chapter_title,1,
                                          [{file,"docgen_edoc_xml_cb.erl"},
                                           {line,168}]},
                                         {docgen_edoc_xml_cb,subchapter_ify,
                                          2,
                                          [{file,"docgen_edoc_xml_cb.erl"},
                                           {line,162}]},
                                         {docgen_edoc_xml_cb,subchapter_ify,
                                          2,
                                          [{file,"docgen_edoc_xml_cb.erl"},
                                           {line,158}]},
                                         {docgen_edoc_xml_cb,chapter_ify,2,
                                          [{file,"docgen_edoc_xml_cb.erl"},
                                           {line,146}]},
                                         {docgen_edoc_xml_cb,chapter_ify,2,
                                          [{file,"docgen_edoc_xml_cb.erl"},
                                           {line,142}]},
                                         {docgen_edoc_xml_cb,layout_chapter,
                                          1,
                                          [{file,"docgen_edoc_xml_cb.erl"},
                                           {line,127}]},
                                         {docgen_edoc_xml_cb,overview,2,
                                          [{file,"docgen_edoc_xml_cb.erl"},
                                           {line,48}]},
                                         {edoc_lib,run_plugin,5,
                                          [{file,[...]},{line,...}]}]}}.
edoc: error in doclet 'edoc_doclet': {'EXIT',error}.
Error generating erlang_js XMLs. Using fallback ...
Generating XML erlang_js - erlang_js "/home/pete/wefwefwef/docs/other/5432b5fcc5935185d3c3167d2ed18a1f792a99fe/erlang_js-tag-erlang_js-0.2/erlang_js/src/erlang_js.erl" -> "/home/pete/wefwefwef/docs/other/5432b5fcc5935185d3c3167d2ed18a1f792a99fe/repo/erlang_js-0.2/.xml/erlang_js/erlang_js.xml"
Generating XML erlang_js - erlang_js_sup "/home/pete/wefwefwef/docs/other/5432b5fcc5935185d3c3167d2ed18a1f792a99fe/erlang_js-tag-erlang_js-0.2/erlang_js/src/erlang_js_sup.erl" -> "/home/pete/wefwefwef/docs/other/5432b5fcc5935185d3c3167d2ed18a1f792a99fe/repo/erlang_js-0.2/.xml/erlang_js/erlang_js_sup.xml"
Generating XML erlang_js - js "/home/pete/wefwefwef/docs/other/5432b5fcc5935185d3c3167d2ed18a1f792a99fe/erlang_js-tag-erlang_js-0.2/erlang_js/src/js.erl" -> "/home/pete/wefwefwef/docs/other/5432b5fcc5935185d3c3167d2ed18a1f792a99fe/repo/erlang_js-0.2/.xml/erlang_js/js.xml"
Generating XML erlang_js - js_benchmark "/home/pete/wefwefwef/docs/other/5432b5fcc5935185d3c3167d2ed18a1f792a99fe/erlang_js-tag-erlang_js-0.2/erlang_js/src/js_benchmark.erl" -> "/home/pete/wefwefwef/docs/other/5432b5fcc5935185d3c3167d2ed18a1f792a99fe/repo/erlang_js-0.2/.xml/erlang_js/js_benchmark.xml"
Generating XML erlang_js - js_cache "/home/pete/wefwefwef/docs/other/5432b5fcc5935185d3c3167d2ed18a1f792a99fe/erlang_js-tag-erlang_js-0.2/erlang_js/src/js_cache.erl" -> "/home/pete/wefwefwef/docs/other/5432b5fcc5935185d3c3167d2ed18a1f792a99fe/repo/erlang_js-0.2/.xml/erlang_js/js_cache.xml"
Generating XML erlang_js - js_driver "/home/pete/wefwefwef/docs/other/5432b5fcc5935185d3c3167d2ed18a1f792a99fe/erlang_js-tag-erlang_js-0.2/erlang_js/src/js_driver.erl" -> "/home/pete/wefwefwef/docs/other/5432b5fcc5935185d3c3167d2ed18a1f792a99fe/repo/erlang_js-0.2/.xml/erlang_js/js_driver.xml"
Generating XML erlang_js - js_drv_comm "/home/pete/wefwefwef/docs/other/5432b5fcc5935185d3c3167d2ed18a1f792a99fe/erlang_js-tag-erlang_js-0.2/erlang_js/src/js_drv_comm.erl" -> "/home/pete/wefwefwef/docs/other/5432b5fcc5935185d3c3167d2ed18a1f792a99fe/repo/erlang_js-0.2/.xml/erlang_js/js_drv_comm.xml"
Generating XML erlang_js - js_memory "/home/pete/wefwefwef/docs/other/5432b5fcc5935185d3c3167d2ed18a1f792a99fe/erlang_js-tag-erlang_js-0.2/erlang_js/src/js_memory.erl" -> "/home/pete/wefwefwef/docs/other/5432b5fcc5935185d3c3167d2ed18a1f792a99fe/repo/erlang_js-0.2/.xml/erlang_js/js_memory.xml"
Generating XML erlang_js - js_mochijson2 "/home/pete/wefwefwef/docs/other/5432b5fcc5935185d3c3167d2ed18a1f792a99fe/erlang_js-tag-erlang_js-0.2/erlang_js/src/js_mochijson2.erl" -> "/home/pete/wefwefwef/docs/other/5432b5fcc5935185d3c3167d2ed18a1f792a99fe/repo/erlang_js-0.2/.xml/erlang_js/js_mochijson2.xml"
/home/pete/wefwefwef/docs/other/5432b5fcc5935185d3c3167d2ed18a1f792a99fe/erlang_js-tag-erlang_js-0.2/erlang_js/src/js_mochijson2.erl, function encoder/1: at line 35: warning: redefining built-in type 'iolist'.
/home/pete/wefwefwef/docs/other/5432b5fcc5935185d3c3167d2ed18a1f792a99fe/erlang_js-tag-erlang_js-0.2/erlang_js/src/js_mochijson2.erl, function encoder/1: at line 36: warning: redefining built-in type 'iodata'.
Generating XML erlang_js - js_mochinum "/home/pete/wefwefwef/docs/other/5432b5fcc5935185d3c3167d2ed18a1f792a99fe/erlang_js-tag-erlang_js-0.2/erlang_js/src/js_mochinum.erl" -> "/home/pete/wefwefwef/docs/other/5432b5fcc5935185d3c3167d2ed18a1f792a99fe/repo/erlang_js-0.2/.xml/erlang_js/js_mochinum.xml"
Generating HTML - js_cache "/home/pete/wefwefwef/docs/other/5432b5fcc5935185d3c3167d2ed18a1f792a99fe/repo/erlang_js-0.2/.xml/erlang_js/js_cache.xml"
Generating HTML - js_mochijson2 "/home/pete/wefwefwef/docs/other/5432b5fcc5935185d3c3167d2ed18a1f792a99fe/repo/erlang_js-0.2/.xml/erlang_js/js_mochijson2.xml"
Generating HTML - erlang_js "/home/pete/wefwefwef/docs/other/5432b5fcc5935185d3c3167d2ed18a1f792a99fe/repo/erlang_js-0.2/.xml/erlang_js/erlang_js.xml"
Generating HTML - js_drv_comm "/home/pete/wefwefwef/docs/other/5432b5fcc5935185d3c3167d2ed18a1f792a99fe/repo/erlang_js-0.2/.xml/erlang_js/js_drv_comm.xml"
Reading XML for "/home/pete/wefwefwef/docs/other/5432b5fcc5935185d3c3167d2ed18a1f792a99fe/repo/erlang_js-0.2/.xml/erlang_js/js_cache.xml"
Reading XML for "/home/pete/wefwefwef/docs/other/5432b5fcc5935185d3c3167d2ed18a1f792a99fe/repo/erlang_js-0.2/.xml/erlang_js/js_mochijson2.xml"
Reading XML for "/home/pete/wefwefwef/docs/other/5432b5fcc5935185d3c3167d2ed18a1f792a99fe/repo/erlang_js-0.2/.xml/erlang_js/erlang_js.xml"
Reading XML for "/home/pete/wefwefwef/docs/other/5432b5fcc5935185d3c3167d2ed18a1f792a99fe/repo/erlang_js-0.2/.xml/erlang_js/js_drv_comm.xml"
Reading XML for "/home/pete/wefwefwef/docs/other/5432b5fcc5935185d3c3167d2ed18a1f792a99fe/repo/erlang_js-0.2/.xml/specs_js_cache.xml"
Reading XML for "/home/pete/wefwefwef/docs/other/5432b5fcc5935185d3c3167d2ed18a1f792a99fe/repo/erlang_js-0.2/.xml/specs_js_mochijson2.xml"
Reading XML for "/home/pete/wefwefwef/docs/other/5432b5fcc5935185d3c3167d2ed18a1f792a99fe/repo/erlang_js-0.2/.xml/specs_erlang_js.xml"
Reading XML for "/home/pete/wefwefwef/docs/other/5432b5fcc5935185d3c3167d2ed18a1f792a99fe/repo/erlang_js-0.2/.xml/specs_js_drv_comm.xml"
Generating HTML - js_driver "/home/pete/wefwefwef/docs/other/5432b5fcc5935185d3c3167d2ed18a1f792a99fe/repo/erlang_js-0.2/.xml/erlang_js/js_driver.xml"
Reading XML for "/home/pete/wefwefwef/docs/other/5432b5fcc5935185d3c3167d2ed18a1f792a99fe/repo/erlang_js-0.2/.xml/erlang_js/js_driver.xml"
Generating HTML - js_mochinum "/home/pete/wefwefwef/docs/other/5432b5fcc5935185d3c3167d2ed18a1f792a99fe/repo/erlang_js-0.2/.xml/erlang_js/js_mochinum.xml"
Generating HTML - erlang_js_sup "/home/pete/wefwefwef/docs/other/5432b5fcc5935185d3c3167d2ed18a1f792a99fe/repo/erlang_js-0.2/.xml/erlang_js/erlang_js_sup.xml"
Reading XML for "/home/pete/wefwefwef/docs/other/5432b5fcc5935185d3c3167d2ed18a1f792a99fe/repo/erlang_js-0.2/.xml/erlang_js/js_mochinum.xml"
Generating HTML - js_memory "/home/pete/wefwefwef/docs/other/5432b5fcc5935185d3c3167d2ed18a1f792a99fe/repo/erlang_js-0.2/.xml/erlang_js/js_memory.xml"
Reading XML for "/home/pete/wefwefwef/docs/other/5432b5fcc5935185d3c3167d2ed18a1f792a99fe/repo/erlang_js-0.2/.xml/erlang_js/erlang_js_sup.xml"
Reading XML for "/home/pete/wefwefwef/docs/other/5432b5fcc5935185d3c3167d2ed18a1f792a99fe/repo/erlang_js-0.2/.xml/erlang_js/js_memory.xml"
Reading XML for "/home/pete/wefwefwef/docs/other/5432b5fcc5935185d3c3167d2ed18a1f792a99fe/repo/erlang_js-0.2/.xml/specs_erlang_js_sup.xml"
Reading XML for "/home/pete/wefwefwef/docs/other/5432b5fcc5935185d3c3167d2ed18a1f792a99fe/repo/erlang_js-0.2/.xml/specs_js_mochinum.xml"
Reading XML for "/home/pete/wefwefwef/docs/other/5432b5fcc5935185d3c3167d2ed18a1f792a99fe/repo/erlang_js-0.2/.xml/specs_js_driver.xml"
Generating HTML - js "/home/pete/wefwefwef/docs/other/5432b5fcc5935185d3c3167d2ed18a1f792a99fe/repo/erlang_js-0.2/.xml/erlang_js/js.xml"
Reading XML for "/home/pete/wefwefwef/docs/other/5432b5fcc5935185d3c3167d2ed18a1f792a99fe/repo/erlang_js-0.2/.xml/erlang_js/js.xml"
Reading XML for "/home/pete/wefwefwef/docs/other/5432b5fcc5935185d3c3167d2ed18a1f792a99fe/repo/erlang_js-0.2/.xml/specs_js_memory.xml"
Reading XML for "/home/pete/wefwefwef/docs/other/5432b5fcc5935185d3c3167d2ed18a1f792a99fe/repo/erlang_js-0.2/.xml/specs_js.xml"
Generating HTML - js_benchmark "/home/pete/wefwefwef/docs/other/5432b5fcc5935185d3c3167d2ed18a1f792a99fe/repo/erlang_js-0.2/.xml/erlang_js/js_benchmark.xml"
Reading XML for "/home/pete/wefwefwef/docs/other/5432b5fcc5935185d3c3167d2ed18a1f792a99fe/repo/erlang_js-0.2/.xml/erlang_js/js_benchmark.xml"
Reading XML for "/home/pete/wefwefwef/docs/other/5432b5fcc5935185d3c3167d2ed18a1f792a99fe/repo/erlang_js-0.2/.xml/specs_js_benchmark.xml"
Creating index.html ...
Creating erldocs_index.js ...
Woot, finished in 0 Minutes 1 Seconds
 :: Discovering other repos
$ 5000  `rm -r '/home/pete/wefwefwef/docs/other/5432b5fcc5935185d3c3167d2ed18a1f792a99fe/erlang_js-tag-erlang_js-0.2'  2>&1`
 :: Processing https://github.com/jonte/erlang_js	{rev,tag,"erlang_js-0.1","31a3543d9d9aea25784b5570b0eebf506776dcaf",undefined,[],[]}
 :: Fetching repo code
$ cd '/home/pete/wefwefwef/docs/other/5432b5fcc5935185d3c3167d2ed18a1f792a99fe/erlang_js-tag-erlang_js-0.1'
$ infinity  `curl --fail --silent --show-error --location --output repo.tar.gz 'https://codeload.github.com/jonte/erlang_js/tar.gz/erlang_js-0.1'  2>&1`
$ cd '/home/pete/wefwefwef/docs/erldocs_other.git'
$ cd '/home/pete/wefwefwef/docs/other/5432b5fcc5935185d3c3167d2ed18a1f792a99fe/erlang_js-tag-erlang_js-0.1/erlang_js-erlang_js-0.1'
$ 5000  `find -P . -type l -delete  2>&1`
$ cd '/home/pete/wefwefwef/docs/erldocs_other.git'
$ 5000  `mv '/home/pete/wefwefwef/docs/other/5432b5fcc5935185d3c3167d2ed18a1f792a99fe/erlang_js-tag-erlang_js-0.1/erlang_js-erlang_js-0.1' '/home/pete/wefwefwef/docs/other/5432b5fcc5935185d3c3167d2ed18a1f792a99fe/erlang_js-tag-erlang_js-0.1/erlang_js'  2>&1`
 :: Getting dependencies
$ cd '/home/pete/wefwefwef/docs/other/5432b5fcc5935185d3c3167d2ed18a1f792a99fe/erlang_js-tag-erlang_js-0.1/erlang_js'
$ 5000  `ls -1 deps/  2>&1`
$ cd '/home/pete/wefwefwef/docs/erldocs_other.git'
>>> [rebar] deps = []
 :: Generating erldocs into /home/pete/wefwefwef/docs/other/5432b5fcc5935185d3c3167d2ed18a1f792a99fe/repo/erlang_js-0.1
Building erlang_js
Generating Type Specs - "/home/pete/wefwefwef/docs/other/5432b5fcc5935185d3c3167d2ed18a1f792a99fe/erlang_js-tag-erlang_js-0.1/erlang_js/src/erlang_js.erl"
Generating Type Specs - "/home/pete/wefwefwef/docs/other/5432b5fcc5935185d3c3167d2ed18a1f792a99fe/erlang_js-tag-erlang_js-0.1/erlang_js/src/erlang_js_sup.erl"
Generating Type Specs - "/home/pete/wefwefwef/docs/other/5432b5fcc5935185d3c3167d2ed18a1f792a99fe/erlang_js-tag-erlang_js-0.1/erlang_js/src/js.erl"
Generating Type Specs - "/home/pete/wefwefwef/docs/other/5432b5fcc5935185d3c3167d2ed18a1f792a99fe/erlang_js-tag-erlang_js-0.1/erlang_js/src/js_benchmark.erl"
Generating Type Specs - "/home/pete/wefwefwef/docs/other/5432b5fcc5935185d3c3167d2ed18a1f792a99fe/erlang_js-tag-erlang_js-0.1/erlang_js/src/js_cache.erl"
Generating Type Specs - "/home/pete/wefwefwef/docs/other/5432b5fcc5935185d3c3167d2ed18a1f792a99fe/erlang_js-tag-erlang_js-0.1/erlang_js/src/js_driver.erl"
Generating Type Specs - "/home/pete/wefwefwef/docs/other/5432b5fcc5935185d3c3167d2ed18a1f792a99fe/erlang_js-tag-erlang_js-0.1/erlang_js/src/js_drv_comm.erl"
Generating Type Specs - "/home/pete/wefwefwef/docs/other/5432b5fcc5935185d3c3167d2ed18a1f792a99fe/erlang_js-tag-erlang_js-0.1/erlang_js/src/js_memory.erl"
Generating Type Specs - "/home/pete/wefwefwef/docs/other/5432b5fcc5935185d3c3167d2ed18a1f792a99fe/erlang_js-tag-erlang_js-0.1/erlang_js/src/js_mochijson2.erl"
Generating Type Specs - "/home/pete/wefwefwef/docs/other/5432b5fcc5935185d3c3167d2ed18a1f792a99fe/erlang_js-tag-erlang_js-0.1/erlang_js/src/js_mochinum.erl"
Generating XML for application erlang_js "/home/pete/wefwefwef/docs/other/5432b5fcc5935185d3c3167d2ed18a1f792a99fe/erlang_js-tag-erlang_js-0.1/erlang_js" -> "/home/pete/wefwefwef/docs/other/5432b5fcc5935185d3c3167d2ed18a1f792a99fe/repo/erlang_js-0.1/.xml/erlang_js"
/home/pete/wefwefwef/docs/other/5432b5fcc5935185d3c3167d2ed18a1f792a99fe/erlang_js-tag-erlang_js-0.1/erlang_js/src/js_mochijson2.erl, function encoder/1: at line 35: warning: redefining built-in type 'iolist'.
/home/pete/wefwefwef/docs/other/5432b5fcc5935185d3c3167d2ed18a1f792a99fe/erlang_js-tag-erlang_js-0.1/erlang_js/src/js_mochijson2.erl, function encoder/1: at line 36: warning: redefining built-in type 'iodata'.
edoc: error in layout 'docgen_edoc_xml_cb': {'EXIT',
                                       {{case_clause,
                                         [{xmlText,
                                           [{h4,8},
                                            {fullDescription,2},
                                            {description,2},
                                            {overview,1}],
                                           1,[],
                                           "Defining and calling a function",
                                           text}]},
                                        [{docgen_edoc_xml_cb,chapter_title,1,
                                          [{file,"docgen_edoc_xml_cb.erl"},
                                           {line,168}]},
                                         {docgen_edoc_xml_cb,subchapter_ify,
                                          2,
                                          [{file,"docgen_edoc_xml_cb.erl"},
                                           {line,162}]},
                                         {docgen_edoc_xml_cb,subchapter_ify,
                                          2,
                                          [{file,"docgen_edoc_xml_cb.erl"},
                                           {line,158}]},
                                         {docgen_edoc_xml_cb,chapter_ify,2,
                                          [{file,"docgen_edoc_xml_cb.erl"},
                                           {line,146}]},
                                         {docgen_edoc_xml_cb,chapter_ify,2,
                                          [{file,"docgen_edoc_xml_cb.erl"},
                                           {line,142}]},
                                         {docgen_edoc_xml_cb,layout_chapter,
                                          1,
                                          [{file,"docgen_edoc_xml_cb.erl"},
                                           {line,127}]},
                                         {docgen_edoc_xml_cb,overview,2,
                                          [{file,"docgen_edoc_xml_cb.erl"},
                                           {line,48}]},
                                         {edoc_lib,run_plugin,5,
                                          [{file,[...]},{line,...}]}]}}.
edoc: error in doclet 'edoc_doclet': {'EXIT',error}.
Error generating erlang_js XMLs. Using fallback ...
Generating XML erlang_js - erlang_js "/home/pete/wefwefwef/docs/other/5432b5fcc5935185d3c3167d2ed18a1f792a99fe/erlang_js-tag-erlang_js-0.1/erlang_js/src/erlang_js.erl" -> "/home/pete/wefwefwef/docs/other/5432b5fcc5935185d3c3167d2ed18a1f792a99fe/repo/erlang_js-0.1/.xml/erlang_js/erlang_js.xml"
Generating XML erlang_js - erlang_js_sup "/home/pete/wefwefwef/docs/other/5432b5fcc5935185d3c3167d2ed18a1f792a99fe/erlang_js-tag-erlang_js-0.1/erlang_js/src/erlang_js_sup.erl" -> "/home/pete/wefwefwef/docs/other/5432b5fcc5935185d3c3167d2ed18a1f792a99fe/repo/erlang_js-0.1/.xml/erlang_js/erlang_js_sup.xml"
Generating XML erlang_js - js "/home/pete/wefwefwef/docs/other/5432b5fcc5935185d3c3167d2ed18a1f792a99fe/erlang_js-tag-erlang_js-0.1/erlang_js/src/js.erl" -> "/home/pete/wefwefwef/docs/other/5432b5fcc5935185d3c3167d2ed18a1f792a99fe/repo/erlang_js-0.1/.xml/erlang_js/js.xml"
Generating XML erlang_js - js_benchmark "/home/pete/wefwefwef/docs/other/5432b5fcc5935185d3c3167d2ed18a1f792a99fe/erlang_js-tag-erlang_js-0.1/erlang_js/src/js_benchmark.erl" -> "/home/pete/wefwefwef/docs/other/5432b5fcc5935185d3c3167d2ed18a1f792a99fe/repo/erlang_js-0.1/.xml/erlang_js/js_benchmark.xml"
Generating XML erlang_js - js_cache "/home/pete/wefwefwef/docs/other/5432b5fcc5935185d3c3167d2ed18a1f792a99fe/erlang_js-tag-erlang_js-0.1/erlang_js/src/js_cache.erl" -> "/home/pete/wefwefwef/docs/other/5432b5fcc5935185d3c3167d2ed18a1f792a99fe/repo/erlang_js-0.1/.xml/erlang_js/js_cache.xml"
Generating XML erlang_js - js_driver "/home/pete/wefwefwef/docs/other/5432b5fcc5935185d3c3167d2ed18a1f792a99fe/erlang_js-tag-erlang_js-0.1/erlang_js/src/js_driver.erl" -> "/home/pete/wefwefwef/docs/other/5432b5fcc5935185d3c3167d2ed18a1f792a99fe/repo/erlang_js-0.1/.xml/erlang_js/js_driver.xml"
Generating XML erlang_js - js_drv_comm "/home/pete/wefwefwef/docs/other/5432b5fcc5935185d3c3167d2ed18a1f792a99fe/erlang_js-tag-erlang_js-0.1/erlang_js/src/js_drv_comm.erl" -> "/home/pete/wefwefwef/docs/other/5432b5fcc5935185d3c3167d2ed18a1f792a99fe/repo/erlang_js-0.1/.xml/erlang_js/js_drv_comm.xml"
Generating XML erlang_js - js_memory "/home/pete/wefwefwef/docs/other/5432b5fcc5935185d3c3167d2ed18a1f792a99fe/erlang_js-tag-erlang_js-0.1/erlang_js/src/js_memory.erl" -> "/home/pete/wefwefwef/docs/other/5432b5fcc5935185d3c3167d2ed18a1f792a99fe/repo/erlang_js-0.1/.xml/erlang_js/js_memory.xml"
Generating XML erlang_js - js_mochijson2 "/home/pete/wefwefwef/docs/other/5432b5fcc5935185d3c3167d2ed18a1f792a99fe/erlang_js-tag-erlang_js-0.1/erlang_js/src/js_mochijson2.erl" -> "/home/pete/wefwefwef/docs/other/5432b5fcc5935185d3c3167d2ed18a1f792a99fe/repo/erlang_js-0.1/.xml/erlang_js/js_mochijson2.xml"
/home/pete/wefwefwef/docs/other/5432b5fcc5935185d3c3167d2ed18a1f792a99fe/erlang_js-tag-erlang_js-0.1/erlang_js/src/js_mochijson2.erl, function encoder/1: at line 35: warning: redefining built-in type 'iolist'.
/home/pete/wefwefwef/docs/other/5432b5fcc5935185d3c3167d2ed18a1f792a99fe/erlang_js-tag-erlang_js-0.1/erlang_js/src/js_mochijson2.erl, function encoder/1: at line 36: warning: redefining built-in type 'iodata'.
Generating XML erlang_js - js_mochinum "/home/pete/wefwefwef/docs/other/5432b5fcc5935185d3c3167d2ed18a1f792a99fe/erlang_js-tag-erlang_js-0.1/erlang_js/src/js_mochinum.erl" -> "/home/pete/wefwefwef/docs/other/5432b5fcc5935185d3c3167d2ed18a1f792a99fe/repo/erlang_js-0.1/.xml/erlang_js/js_mochinum.xml"
Generating HTML - js_cache "/home/pete/wefwefwef/docs/other/5432b5fcc5935185d3c3167d2ed18a1f792a99fe/repo/erlang_js-0.1/.xml/erlang_js/js_cache.xml"
Generating HTML - js_mochijson2 "/home/pete/wefwefwef/docs/other/5432b5fcc5935185d3c3167d2ed18a1f792a99fe/repo/erlang_js-0.1/.xml/erlang_js/js_mochijson2.xml"
Generating HTML - js_drv_comm "/home/pete/wefwefwef/docs/other/5432b5fcc5935185d3c3167d2ed18a1f792a99fe/repo/erlang_js-0.1/.xml/erlang_js/js_drv_comm.xml"
Generating HTML - erlang_js "/home/pete/wefwefwef/docs/other/5432b5fcc5935185d3c3167d2ed18a1f792a99fe/repo/erlang_js-0.1/.xml/erlang_js/erlang_js.xml"
Reading XML for "/home/pete/wefwefwef/docs/other/5432b5fcc5935185d3c3167d2ed18a1f792a99fe/repo/erlang_js-0.1/.xml/erlang_js/js_cache.xml"
Reading XML for "/home/pete/wefwefwef/docs/other/5432b5fcc5935185d3c3167d2ed18a1f792a99fe/repo/erlang_js-0.1/.xml/erlang_js/js_mochijson2.xml"
Reading XML for "/home/pete/wefwefwef/docs/other/5432b5fcc5935185d3c3167d2ed18a1f792a99fe/repo/erlang_js-0.1/.xml/erlang_js/js_drv_comm.xml"
Reading XML for "/home/pete/wefwefwef/docs/other/5432b5fcc5935185d3c3167d2ed18a1f792a99fe/repo/erlang_js-0.1/.xml/erlang_js/erlang_js.xml"
Reading XML for "/home/pete/wefwefwef/docs/other/5432b5fcc5935185d3c3167d2ed18a1f792a99fe/repo/erlang_js-0.1/.xml/specs_js_cache.xml"
Reading XML for "/home/pete/wefwefwef/docs/other/5432b5fcc5935185d3c3167d2ed18a1f792a99fe/repo/erlang_js-0.1/.xml/specs_js_drv_comm.xml"
Reading XML for "/home/pete/wefwefwef/docs/other/5432b5fcc5935185d3c3167d2ed18a1f792a99fe/repo/erlang_js-0.1/.xml/specs_js_mochijson2.xml"
Generating HTML - js_memory "/home/pete/wefwefwef/docs/other/5432b5fcc5935185d3c3167d2ed18a1f792a99fe/repo/erlang_js-0.1/.xml/erlang_js/js_memory.xml"
Reading XML for "/home/pete/wefwefwef/docs/other/5432b5fcc5935185d3c3167d2ed18a1f792a99fe/repo/erlang_js-0.1/.xml/erlang_js/js_memory.xml"
Generating HTML - js_driver "/home/pete/wefwefwef/docs/other/5432b5fcc5935185d3c3167d2ed18a1f792a99fe/repo/erlang_js-0.1/.xml/erlang_js/js_driver.xml"
Reading XML for "/home/pete/wefwefwef/docs/other/5432b5fcc5935185d3c3167d2ed18a1f792a99fe/repo/erlang_js-0.1/.xml/erlang_js/js_driver.xml"
Reading XML for "/home/pete/wefwefwef/docs/other/5432b5fcc5935185d3c3167d2ed18a1f792a99fe/repo/erlang_js-0.1/.xml/specs_erlang_js.xml"
Generating HTML - js_mochinum "/home/pete/wefwefwef/docs/other/5432b5fcc5935185d3c3167d2ed18a1f792a99fe/repo/erlang_js-0.1/.xml/erlang_js/js_mochinum.xml"
Reading XML for "/home/pete/wefwefwef/docs/other/5432b5fcc5935185d3c3167d2ed18a1f792a99fe/repo/erlang_js-0.1/.xml/erlang_js/js_mochinum.xml"
Generating HTML - erlang_js_sup "/home/pete/wefwefwef/docs/other/5432b5fcc5935185d3c3167d2ed18a1f792a99fe/repo/erlang_js-0.1/.xml/erlang_js/erlang_js_sup.xml"
Reading XML for "/home/pete/wefwefwef/docs/other/5432b5fcc5935185d3c3167d2ed18a1f792a99fe/repo/erlang_js-0.1/.xml/erlang_js/erlang_js_sup.xml"
Reading XML for "/home/pete/wefwefwef/docs/other/5432b5fcc5935185d3c3167d2ed18a1f792a99fe/repo/erlang_js-0.1/.xml/specs_js_memory.xml"
Reading XML for "/home/pete/wefwefwef/docs/other/5432b5fcc5935185d3c3167d2ed18a1f792a99fe/repo/erlang_js-0.1/.xml/specs_js_driver.xml"
Reading XML for "/home/pete/wefwefwef/docs/other/5432b5fcc5935185d3c3167d2ed18a1f792a99fe/repo/erlang_js-0.1/.xml/specs_js_mochinum.xml"
Reading XML for "/home/pete/wefwefwef/docs/other/5432b5fcc5935185d3c3167d2ed18a1f792a99fe/repo/erlang_js-0.1/.xml/specs_erlang_js_sup.xml"
Generating HTML - js "/home/pete/wefwefwef/docs/other/5432b5fcc5935185d3c3167d2ed18a1f792a99fe/repo/erlang_js-0.1/.xml/erlang_js/js.xml"
Reading XML for "/home/pete/wefwefwef/docs/other/5432b5fcc5935185d3c3167d2ed18a1f792a99fe/repo/erlang_js-0.1/.xml/erlang_js/js.xml"
Reading XML for "/home/pete/wefwefwef/docs/other/5432b5fcc5935185d3c3167d2ed18a1f792a99fe/repo/erlang_js-0.1/.xml/specs_js.xml"
Generating HTML - js_benchmark "/home/pete/wefwefwef/docs/other/5432b5fcc5935185d3c3167d2ed18a1f792a99fe/repo/erlang_js-0.1/.xml/erlang_js/js_benchmark.xml"
Reading XML for "/home/pete/wefwefwef/docs/other/5432b5fcc5935185d3c3167d2ed18a1f792a99fe/repo/erlang_js-0.1/.xml/erlang_js/js_benchmark.xml"
Reading XML for "/home/pete/wefwefwef/docs/other/5432b5fcc5935185d3c3167d2ed18a1f792a99fe/repo/erlang_js-0.1/.xml/specs_js_benchmark.xml"
Creating index.html ...
Creating erldocs_index.js ...
Woot, finished in 0 Minutes 1 Seconds
 :: Discovering other repos
$ 5000  `rm -r '/home/pete/wefwefwef/docs/other/5432b5fcc5935185d3c3167d2ed18a1f792a99fe/erlang_js-tag-erlang_js-0.1'  2>&1`
 :: Finishing up
$ 5000  `rm -r '/home/pete/wefwefwef/docs/other/5432b5fcc5935185d3c3167d2ed18a1f792a99fe/erlang_js'  2>&1`
