 :: Extracting meta information
$ infinity  `git ls-remote --heads --tags 'https://github.com/saleyn/erlexec'  2>&1`
>>> [repo] 3 branches, 1 tags
WTF {ok,{{"HTTP/1.1",200,"OK"},
         [{"cache-control","max-age=300"},
          {"connection","keep-alive"},
          {"date","Sat, 10 Oct 2015 21:18:11 GMT"},
          {"via","1.1 varnish"},
          {"accept-ranges","bytes"},
          {"etag","\"f66d2918344028e1c09af3ddfeceaa6ae940f23d\""},
          {"vary","Authorization,Accept-Encoding"},
          {"content-length","691"},
          {"content-type","text/plain; charset=utf-8"},
          {"expires","Sat, 10 Oct 2015 21:23:11 GMT"},
          {"content-security-policy","default-src 'none'"},
          {"x-xss-protection","1; mode=block"},
          {"x-frame-options","deny"},
          {"x-content-type-options","nosniff"},
          {"strict-transport-security","max-age=31536000"},
          {"x-served-by","cache-ams4128-AMS"},
          {"x-cache","MISS"},
          {"x-cache-hits","0"},
          {"access-control-allow-origin","*"},
          {"source-age","0"}],
         "{name,\"erlexec\"}.\n{target_path,\"github.com/saleyn/erlexec\"}.\n{url,\"https://github.com/saleyn/erlexec\"}.\n{vsn_format,2}.\n{vsn_pass,101}.\n{time_begin,{{2015,9,22},{1,44,58}}}.\n{method,git}.\n{count_tags,1}.\n{count_branches,3}.\n{revisions,[{rev,branch,\"autotools\",\n                 \"659b71842c842eb10de8353e750ce2f73d619fb5\",true,[],[]},\n            {rev,branch,\"gh-pages\",\"34d59b54b26fbcc93ca6f92c9a256ea5101f8bac\",\n                 false,[],[]},\n            {rev,branch,\"master\",\"659c9674c59bc64114ec9ba1fb7a116069644f69\",\n                 true,[],[]},\n            {rev,tag,\"v1.0\",\"8d6b50a3a656a26acfecc96bef70b08a727eb5cd\",true,\n                 [],[]}]}.\n{time_end,{{2015,9,22},{1,44,58}}}.\n"}}
 :: Writing meta to "/home/pete/wefwefwef/docs/other/0518c0d7edc01fa9c34afe7038ff09f88d98dd87/meta.txt"
 :: Skipping tag "v1.0"
 :: Skipping branch "autotools"
 :: Skipping branch "gh-pages"
 :: Processing https://github.com/saleyn/erlexec	{rev,branch,"master","05edfd284b86160a67b0c339b07cfd4d4216a2cf",undefined,[],[]}
 :: Fetching repo code
$ cd '/home/pete/wefwefwef/docs/other/0518c0d7edc01fa9c34afe7038ff09f88d98dd87/erlexec-branch-master'
$ infinity  `curl --fail --silent --show-error --location --output repo.tar.gz 'https://codeload.github.com/saleyn/erlexec/tar.gz/master'  2>&1`
$ cd '/home/pete/wefwefwef/docs/erldocs_other.git'
$ cd '/home/pete/wefwefwef/docs/other/0518c0d7edc01fa9c34afe7038ff09f88d98dd87/erlexec-branch-master/erlexec-master'
$ 5000  `find -P . -type l -delete  2>&1`
$ cd '/home/pete/wefwefwef/docs/erldocs_other.git'
$ 5000  `mv '/home/pete/wefwefwef/docs/other/0518c0d7edc01fa9c34afe7038ff09f88d98dd87/erlexec-branch-master/erlexec-master' '/home/pete/wefwefwef/docs/other/0518c0d7edc01fa9c34afe7038ff09f88d98dd87/erlexec-branch-master/erlexec'  2>&1`
 :: Getting dependencies
$ cd '/home/pete/wefwefwef/docs/other/0518c0d7edc01fa9c34afe7038ff09f88d98dd87/erlexec-branch-master/erlexec'
$ 5000  `ls -1 deps/  2>&1`
$ cd '/home/pete/wefwefwef/docs/erldocs_other.git'
>>> [rebar] deps = []
 :: Generating erldocs into /home/pete/wefwefwef/docs/other/0518c0d7edc01fa9c34afe7038ff09f88d98dd87/repo/master
Building erlexec
Generating Type Specs - "/home/pete/wefwefwef/docs/other/0518c0d7edc01fa9c34afe7038ff09f88d98dd87/erlexec-branch-master/erlexec/src/exec.erl"
Generating Type Specs - "/home/pete/wefwefwef/docs/other/0518c0d7edc01fa9c34afe7038ff09f88d98dd87/erlexec-branch-master/erlexec/src/exec_app.erl"
Generating XML for application erlexec "/home/pete/wefwefwef/docs/other/0518c0d7edc01fa9c34afe7038ff09f88d98dd87/erlexec-branch-master/erlexec" -> "/home/pete/wefwefwef/docs/other/0518c0d7edc01fa9c34afe7038ff09f88d98dd87/repo/master/.xml/erlexec"
/home/pete/wefwefwef/docs/other/0518c0d7edc01fa9c34afe7038ff09f88d98dd87/erlexec-branch-master/erlexec/src/exec.erl, in module header: at line 31: warning: undefined macro {@vsn}.
Generated erlexec XMLs: ["/home/pete/wefwefwef/docs/other/0518c0d7edc01fa9c34afe7038ff09f88d98dd87/repo/master/.xml/erlexec/exec_app.xml",
                         "/home/pete/wefwefwef/docs/other/0518c0d7edc01fa9c34afe7038ff09f88d98dd87/repo/master/.xml/erlexec/exec.xml"]
Generating HTML - exec "/home/pete/wefwefwef/docs/other/0518c0d7edc01fa9c34afe7038ff09f88d98dd87/repo/master/.xml/erlexec/exec.xml"
Reading XML for "/home/pete/wefwefwef/docs/other/0518c0d7edc01fa9c34afe7038ff09f88d98dd87/repo/master/.xml/erlexec/exec.xml"
Reading XML for "/home/pete/wefwefwef/docs/other/0518c0d7edc01fa9c34afe7038ff09f88d98dd87/repo/master/.xml/specs_exec.xml"
Generating HTML - exec_app "/home/pete/wefwefwef/docs/other/0518c0d7edc01fa9c34afe7038ff09f88d98dd87/repo/master/.xml/erlexec/exec_app.xml"
Reading XML for "/home/pete/wefwefwef/docs/other/0518c0d7edc01fa9c34afe7038ff09f88d98dd87/repo/master/.xml/erlexec/exec_app.xml"
Reading XML for "/home/pete/wefwefwef/docs/other/0518c0d7edc01fa9c34afe7038ff09f88d98dd87/repo/master/.xml/specs_exec_app.xml"
Creating index.html ...
Creating erldocs_index.js ...
Woot, finished in 0 Minutes 0 Seconds
 :: Discovering other repos
$ 5000  `rm -r '/home/pete/wefwefwef/docs/other/0518c0d7edc01fa9c34afe7038ff09f88d98dd87/erlexec-branch-master'  2>&1`
 :: Finishing up
$ 5000  `rm -r '/home/pete/wefwefwef/docs/other/0518c0d7edc01fa9c34afe7038ff09f88d98dd87/erlexec'  2>&1`
