 :: Extracting meta information
$ 5000  `git ls-remote --heads --tags 'https://github.com/jj1bdx/sudoku-erlang'  2>&1`
>>> [repo] 1 branches, 0 tags
 :: Writing meta to "/home/pete/wefwefwef/docs/other/3020061703/meta.txt"
 :: Processing https://github.com/jj1bdx/sudoku-erlang	{rev,branch,"master","80b9621c4905275645c9184cc4ae9c801477078d"}
 :: Fetching repo code
$ cd "/home/pete/wefwefwef/docs/other/3020061703/sudoku-erlang-branch-master/sudoku-erlang"
$ infinity  `curl --fail --silent --show-error --location --output 'master.zip' 'https://github.com/jj1bdx/sudoku-erlang/archive/master.zip'  2>&1`
$ cd "/home/pete/wefwefwef/docs/erldocs_other.git"
$ cd "/home/pete/wefwefwef/docs/other/3020061703/sudoku-erlang-branch-master/sudoku-erlang"
$ 5000  `find -P . -type l -delete  2>&1`
$ cd "/home/pete/wefwefwef/docs/erldocs_other.git"
$ cd "/home/pete/wefwefwef/docs/other/3020061703/sudoku-erlang-branch-master/sudoku-erlang"
$ 5000  `find 'sudoku-erlang-master' -mindepth 1 -maxdepth 1 -exec mv -t . -- {} +  2>&1`
$ cd "/home/pete/wefwefwef/docs/erldocs_other.git"
 :: Getting dependencies
$ cd "/home/pete/wefwefwef/docs/other/3020061703/sudoku-erlang-branch-master/sudoku-erlang"
$ 5000  `ls -1 deps/  2>&1`
$ cd "/home/pete/wefwefwef/docs/erldocs_other.git"
>>> [rebar] deps = []
 :: Generating erldocs into /home/pete/wefwefwef/docs/other/3020061703/repo/master
Building sudoku-erlang
Generating Type Specs - "/home/pete/wefwefwef/docs/other/3020061703/sudoku-erlang-branch-master/sudoku-erlang/src/sudoku.erl"
Generating XML for application sudoku-erlang "/home/pete/wefwefwef/docs/other/3020061703/sudoku-erlang-branch-master/sudoku-erlang" -> "/home/pete/wefwefwef/docs/other/3020061703/repo/master/.xml/sudoku-erlang"
Generated sudoku-erlang XMLs: ["/home/pete/wefwefwef/docs/other/3020061703/repo/master/.xml/sudoku-erlang/sudoku.xml"]
Generating HTML - sudoku "/home/pete/wefwefwef/docs/other/3020061703/repo/master/.xml/sudoku-erlang/sudoku.xml"
Reading XML for "/home/pete/wefwefwef/docs/other/3020061703/repo/master/.xml/sudoku-erlang/sudoku.xml"
Reading XML for "/home/pete/wefwefwef/docs/other/3020061703/repo/master/.xml/specs_sudoku.xml"
Creating index.html ...
Creating erldocs_index.js ...
Woot, finished in 0 Minutes 0 Seconds
 :: Discovering other repos
$ 5000  `rm -r '/home/pete/wefwefwef/docs/other/3020061703/sudoku-erlang-branch-master'  2>&1`
 :: Erldocs finishing up
$ 5000  `rm -r '/home/pete/wefwefwef/docs/other/3020061703/sudoku-erlang'  2>&1`
