 :: Extracting meta information
$ 5000  `git ls-remote --heads --tags 'https://github.com/marcelog/simple_utf8'  2>&1`
>>> [repo] 1 branches, 0 tags
 :: Writing meta to "/home/pete/wefwefwef/docs/other/7629371577/meta.txt"
 :: Processing https://github.com/marcelog/simple_utf8	{rev,branch,"master","299434d7de1de5d4720bfc978d22c230405cf268",undefined,[],[]}
 :: Fetching repo code
$ cd "/home/pete/wefwefwef/docs/other/7629371577/simple_utf8-branch-master/simple_utf8"
$ infinity  `curl --fail --silent --show-error --location --output 'master.zip' 'https://github.com/marcelog/simple_utf8/archive/master.zip'  2>&1`
$ cd "/home/pete/wefwefwef/docs/erldocs_other.git"
$ cd "/home/pete/wefwefwef/docs/other/7629371577/simple_utf8-branch-master/simple_utf8"
$ 5000  `find -P . -type l -delete  2>&1`
$ cd "/home/pete/wefwefwef/docs/erldocs_other.git"
$ cd "/home/pete/wefwefwef/docs/other/7629371577/simple_utf8-branch-master/simple_utf8"
$ 5000  `find 'simple_utf8-master' -mindepth 1 -maxdepth 1 -exec mv -t . -- {} +  2>&1`
$ cd "/home/pete/wefwefwef/docs/erldocs_other.git"
 :: Getting dependencies
$ cd "/home/pete/wefwefwef/docs/other/7629371577/simple_utf8-branch-master/simple_utf8"
$ 5000  `ls -1 deps/  2>&1`
$ cd "/home/pete/wefwefwef/docs/erldocs_other.git"
>>> [rebar] deps = []
 :: Generating erldocs into /home/pete/wefwefwef/docs/other/7629371577/repo/master
Building simple_utf8
Generating Type Specs - "/home/pete/wefwefwef/docs/other/7629371577/simple_utf8-branch-master/simple_utf8/src/simple_utf8.erl"
Generating XML for application simple_utf8 "/home/pete/wefwefwef/docs/other/7629371577/simple_utf8-branch-master/simple_utf8" -> "/home/pete/wefwefwef/docs/other/7629371577/repo/master/.xml/simple_utf8"
Generated simple_utf8 XMLs: ["/home/pete/wefwefwef/docs/other/7629371577/repo/master/.xml/simple_utf8/simple_utf8.xml"]
Generating HTML - simple_utf8 "/home/pete/wefwefwef/docs/other/7629371577/repo/master/.xml/simple_utf8/simple_utf8.xml"
Reading XML for "/home/pete/wefwefwef/docs/other/7629371577/repo/master/.xml/simple_utf8/simple_utf8.xml"
Reading XML for "/home/pete/wefwefwef/docs/other/7629371577/repo/master/.xml/specs_simple_utf8.xml"
Creating index.html ...
Creating erldocs_index.js ...
Woot, finished in 0 Minutes 0 Seconds
 :: Discovering other repos
$ 5000  `rm -r '/home/pete/wefwefwef/docs/other/7629371577/simple_utf8-branch-master'  2>&1`
 :: Finishing up
$ 5000  `rm -r '/home/pete/wefwefwef/docs/other/7629371577/simple_utf8'  2>&1`
