 :: Extracting meta information
$ infinity  `git ls-remote --heads --tags 'https://github.com/rj/erlang_rebar_example_project'  2>&1`
>>> [repo] 5 branches, 0 tags
 :: Writing meta to "/home/pete/wefwefwef/docs/other/f02560ed5d32170c80f86b4de6070f4f/meta.txt"
 :: Processing https://github.com/rj/erlang_rebar_example_project	{rev,branch,"v4","82f34f08bd40301903d81c87dd223d427555e854",undefined,[],[]}
 :: Fetching repo code
$ cd '/home/pete/wefwefwef/docs/other/f02560ed5d32170c80f86b4de6070f4f/erlang_rebar_example_project-branch-v4'
$ infinity  `curl --fail --silent --show-error --location --output repo.tar.gz 'https://codeload.github.com/rj/erlang_rebar_example_project/legacy.tar.gz/v4'  2>&1`
$ cd '/home/pete/wefwefwef/docs/erldocs_other.git'
$ cd '/home/pete/wefwefwef/docs/other/f02560ed5d32170c80f86b4de6070f4f/erlang_rebar_example_project-branch-v4/RJ-erlang_rebar_example_project-82f34f0'
$ 5000  `find -P . -type l -delete  2>&1`
$ cd '/home/pete/wefwefwef/docs/erldocs_other.git'
$ 5000  `mv '/home/pete/wefwefwef/docs/other/f02560ed5d32170c80f86b4de6070f4f/erlang_rebar_example_project-branch-v4/RJ-erlang_rebar_example_project-82f34f0' '/home/pete/wefwefwef/docs/other/f02560ed5d32170c80f86b4de6070f4f/erlang_rebar_example_project-branch-v4/erlang_rebar_example_project'  2>&1`
 :: Getting dependencies
$ cd '/home/pete/wefwefwef/docs/other/f02560ed5d32170c80f86b4de6070f4f/erlang_rebar_example_project-branch-v4/erlang_rebar_example_project'
$ 5000  `ls -1 deps/  2>&1`
$ cd '/home/pete/wefwefwef/docs/erldocs_other.git'
>>> [rebar] deps = []
 :: Generating erldocs into /home/pete/wefwefwef/docs/other/f02560ed5d32170c80f86b4de6070f4f/repo/v4
Building helper_app
Generating Type Specs - "/home/pete/wefwefwef/docs/other/f02560ed5d32170c80f86b4de6070f4f/erlang_rebar_example_project-branch-v4/erlang_rebar_example_project/apps/helper_app/src/helper_app.erl"
Generating Type Specs - "/home/pete/wefwefwef/docs/other/f02560ed5d32170c80f86b4de6070f4f/erlang_rebar_example_project-branch-v4/erlang_rebar_example_project/apps/helper_app/src/helper_app_server.erl"
Generating Type Specs - "/home/pete/wefwefwef/docs/other/f02560ed5d32170c80f86b4de6070f4f/erlang_rebar_example_project-branch-v4/erlang_rebar_example_project/apps/helper_app/src/helper_app_sup.erl"
Generating XML for application helper_app "/home/pete/wefwefwef/docs/other/f02560ed5d32170c80f86b4de6070f4f/erlang_rebar_example_project-branch-v4/erlang_rebar_example_project/apps/helper_app" -> "/home/pete/wefwefwef/docs/other/f02560ed5d32170c80f86b4de6070f4f/repo/v4/.xml/helper_app"
Generated helper_app XMLs: ["/home/pete/wefwefwef/docs/other/f02560ed5d32170c80f86b4de6070f4f/repo/v4/.xml/helper_app/helper_app_sup.xml",
                            "/home/pete/wefwefwef/docs/other/f02560ed5d32170c80f86b4de6070f4f/repo/v4/.xml/helper_app/helper_app_server.xml",
                            "/home/pete/wefwefwef/docs/other/f02560ed5d32170c80f86b4de6070f4f/repo/v4/.xml/helper_app/helper_app.xml"]
Generating HTML - helper_app "/home/pete/wefwefwef/docs/other/f02560ed5d32170c80f86b4de6070f4f/repo/v4/.xml/helper_app/helper_app.xml"
Reading XML for "/home/pete/wefwefwef/docs/other/f02560ed5d32170c80f86b4de6070f4f/repo/v4/.xml/helper_app/helper_app.xml"
Reading XML for "/home/pete/wefwefwef/docs/other/f02560ed5d32170c80f86b4de6070f4f/repo/v4/.xml/specs_helper_app.xml"
Generating HTML - helper_app_server "/home/pete/wefwefwef/docs/other/f02560ed5d32170c80f86b4de6070f4f/repo/v4/.xml/helper_app/helper_app_server.xml"
Reading XML for "/home/pete/wefwefwef/docs/other/f02560ed5d32170c80f86b4de6070f4f/repo/v4/.xml/helper_app/helper_app_server.xml"
Reading XML for "/home/pete/wefwefwef/docs/other/f02560ed5d32170c80f86b4de6070f4f/repo/v4/.xml/specs_helper_app_server.xml"
Generating HTML - helper_app_sup "/home/pete/wefwefwef/docs/other/f02560ed5d32170c80f86b4de6070f4f/repo/v4/.xml/helper_app/helper_app_sup.xml"
Reading XML for "/home/pete/wefwefwef/docs/other/f02560ed5d32170c80f86b4de6070f4f/repo/v4/.xml/helper_app/helper_app_sup.xml"
Reading XML for "/home/pete/wefwefwef/docs/other/f02560ed5d32170c80f86b4de6070f4f/repo/v4/.xml/specs_helper_app_sup.xml"
Building dummy_app
Generating Type Specs - "/home/pete/wefwefwef/docs/other/f02560ed5d32170c80f86b4de6070f4f/erlang_rebar_example_project-branch-v4/erlang_rebar_example_project/apps/dummy_app/src/dummy_app.erl"
Generating Type Specs - "/home/pete/wefwefwef/docs/other/f02560ed5d32170c80f86b4de6070f4f/erlang_rebar_example_project-branch-v4/erlang_rebar_example_project/apps/dummy_app/src/dummy_app_server.erl"
Generating Type Specs - "/home/pete/wefwefwef/docs/other/f02560ed5d32170c80f86b4de6070f4f/erlang_rebar_example_project-branch-v4/erlang_rebar_example_project/apps/dummy_app/src/dummy_app_sup.erl"
Generating XML for application dummy_app "/home/pete/wefwefwef/docs/other/f02560ed5d32170c80f86b4de6070f4f/erlang_rebar_example_project-branch-v4/erlang_rebar_example_project/apps/dummy_app" -> "/home/pete/wefwefwef/docs/other/f02560ed5d32170c80f86b4de6070f4f/repo/v4/.xml/dummy_app"
Generated dummy_app XMLs: ["/home/pete/wefwefwef/docs/other/f02560ed5d32170c80f86b4de6070f4f/repo/v4/.xml/dummy_app/dummy_app_sup.xml",
                           "/home/pete/wefwefwef/docs/other/f02560ed5d32170c80f86b4de6070f4f/repo/v4/.xml/dummy_app/dummy_app.xml",
                           "/home/pete/wefwefwef/docs/other/f02560ed5d32170c80f86b4de6070f4f/repo/v4/.xml/dummy_app/dummy_app_server.xml"]
Generating HTML - dummy_app_server "/home/pete/wefwefwef/docs/other/f02560ed5d32170c80f86b4de6070f4f/repo/v4/.xml/dummy_app/dummy_app_server.xml"
Reading XML for "/home/pete/wefwefwef/docs/other/f02560ed5d32170c80f86b4de6070f4f/repo/v4/.xml/dummy_app/dummy_app_server.xml"
Reading XML for "/home/pete/wefwefwef/docs/other/f02560ed5d32170c80f86b4de6070f4f/repo/v4/.xml/specs_dummy_app_server.xml"
Generating HTML - dummy_app "/home/pete/wefwefwef/docs/other/f02560ed5d32170c80f86b4de6070f4f/repo/v4/.xml/dummy_app/dummy_app.xml"
Reading XML for "/home/pete/wefwefwef/docs/other/f02560ed5d32170c80f86b4de6070f4f/repo/v4/.xml/dummy_app/dummy_app.xml"
Reading XML for "/home/pete/wefwefwef/docs/other/f02560ed5d32170c80f86b4de6070f4f/repo/v4/.xml/specs_dummy_app.xml"
Generating HTML - dummy_app_sup "/home/pete/wefwefwef/docs/other/f02560ed5d32170c80f86b4de6070f4f/repo/v4/.xml/dummy_app/dummy_app_sup.xml"
Reading XML for "/home/pete/wefwefwef/docs/other/f02560ed5d32170c80f86b4de6070f4f/repo/v4/.xml/dummy_app/dummy_app_sup.xml"
Reading XML for "/home/pete/wefwefwef/docs/other/f02560ed5d32170c80f86b4de6070f4f/repo/v4/.xml/specs_dummy_app_sup.xml"
Building erlang_rebar_example_project
Generating XML for application erlang_rebar_example_project "/home/pete/wefwefwef/docs/other/f02560ed5d32170c80f86b4de6070f4f/erlang_rebar_example_project-branch-v4/erlang_rebar_example_project" -> "/home/pete/wefwefwef/docs/other/f02560ed5d32170c80f86b4de6070f4f/repo/v4/.xml/erlang_rebar_example_project"
Generated erlang_rebar_example_project XMLs: ["/home/pete/wefwefwef/docs/other/f02560ed5d32170c80f86b4de6070f4f/repo/v4/.xml/erlang_rebar_example_project/dummy_app_sup.xml",
                                              "/home/pete/wefwefwef/docs/other/f02560ed5d32170c80f86b4de6070f4f/repo/v4/.xml/erlang_rebar_example_project/dummy_app.xml",
                                              "/home/pete/wefwefwef/docs/other/f02560ed5d32170c80f86b4de6070f4f/repo/v4/.xml/erlang_rebar_example_project/helper_app_sup.xml",
                                              "/home/pete/wefwefwef/docs/other/f02560ed5d32170c80f86b4de6070f4f/repo/v4/.xml/erlang_rebar_example_project/helper_app_server.xml",
                                              "/home/pete/wefwefwef/docs/other/f02560ed5d32170c80f86b4de6070f4f/repo/v4/.xml/erlang_rebar_example_project/dummy_app_server.xml",
                                              "/home/pete/wefwefwef/docs/other/f02560ed5d32170c80f86b4de6070f4f/repo/v4/.xml/erlang_rebar_example_project/helper_app.xml"]
Generating HTML - dummy_app_sup "/home/pete/wefwefwef/docs/other/f02560ed5d32170c80f86b4de6070f4f/repo/v4/.xml/erlang_rebar_example_project/dummy_app_sup.xml"
Generating HTML - dummy_app "/home/pete/wefwefwef/docs/other/f02560ed5d32170c80f86b4de6070f4f/repo/v4/.xml/erlang_rebar_example_project/dummy_app.xml"
Generating HTML - helper_app_sup "/home/pete/wefwefwef/docs/other/f02560ed5d32170c80f86b4de6070f4f/repo/v4/.xml/erlang_rebar_example_project/helper_app_sup.xml"
Generating HTML - helper_app "/home/pete/wefwefwef/docs/other/f02560ed5d32170c80f86b4de6070f4f/repo/v4/.xml/erlang_rebar_example_project/helper_app.xml"
Reading XML for "/home/pete/wefwefwef/docs/other/f02560ed5d32170c80f86b4de6070f4f/repo/v4/.xml/erlang_rebar_example_project/dummy_app_sup.xml"
Reading XML for "/home/pete/wefwefwef/docs/other/f02560ed5d32170c80f86b4de6070f4f/repo/v4/.xml/erlang_rebar_example_project/dummy_app.xml"
Reading XML for "/home/pete/wefwefwef/docs/other/f02560ed5d32170c80f86b4de6070f4f/repo/v4/.xml/erlang_rebar_example_project/helper_app_sup.xml"
Reading XML for "/home/pete/wefwefwef/docs/other/f02560ed5d32170c80f86b4de6070f4f/repo/v4/.xml/erlang_rebar_example_project/helper_app.xml"
Reading XML for "/home/pete/wefwefwef/docs/other/f02560ed5d32170c80f86b4de6070f4f/repo/v4/.xml/specs_dummy_app_sup.xml"
Reading XML for "/home/pete/wefwefwef/docs/other/f02560ed5d32170c80f86b4de6070f4f/repo/v4/.xml/specs_helper_app_sup.xml"
Reading XML for "/home/pete/wefwefwef/docs/other/f02560ed5d32170c80f86b4de6070f4f/repo/v4/.xml/specs_helper_app.xml"
Generating HTML - dummy_app_server "/home/pete/wefwefwef/docs/other/f02560ed5d32170c80f86b4de6070f4f/repo/v4/.xml/erlang_rebar_example_project/dummy_app_server.xml"
Reading XML for "/home/pete/wefwefwef/docs/other/f02560ed5d32170c80f86b4de6070f4f/repo/v4/.xml/erlang_rebar_example_project/dummy_app_server.xml"
Reading XML for "/home/pete/wefwefwef/docs/other/f02560ed5d32170c80f86b4de6070f4f/repo/v4/.xml/specs_dummy_app.xml"
Reading XML for "/home/pete/wefwefwef/docs/other/f02560ed5d32170c80f86b4de6070f4f/repo/v4/.xml/specs_dummy_app_server.xml"
Generating HTML - helper_app_server "/home/pete/wefwefwef/docs/other/f02560ed5d32170c80f86b4de6070f4f/repo/v4/.xml/erlang_rebar_example_project/helper_app_server.xml"
Reading XML for "/home/pete/wefwefwef/docs/other/f02560ed5d32170c80f86b4de6070f4f/repo/v4/.xml/erlang_rebar_example_project/helper_app_server.xml"
Reading XML for "/home/pete/wefwefwef/docs/other/f02560ed5d32170c80f86b4de6070f4f/repo/v4/.xml/specs_helper_app_server.xml"
Creating index.html ...
Creating erldocs_index.js ...
Woot, finished in 0 Minutes 1 Seconds
 :: Discovering other repos
$ 5000  `rm -r '/home/pete/wefwefwef/docs/other/f02560ed5d32170c80f86b4de6070f4f/erlang_rebar_example_project-branch-v4'  2>&1`
 :: Processing https://github.com/rj/erlang_rebar_example_project	{rev,branch,"v3","e48a96aa0225e720e685437e48b81394d3112d7f",undefined,[],[]}
 :: Fetching repo code
$ cd '/home/pete/wefwefwef/docs/other/f02560ed5d32170c80f86b4de6070f4f/erlang_rebar_example_project-branch-v3'
$ infinity  `curl --fail --silent --show-error --location --output repo.tar.gz 'https://codeload.github.com/rj/erlang_rebar_example_project/legacy.tar.gz/v3'  2>&1`
$ cd '/home/pete/wefwefwef/docs/erldocs_other.git'
$ cd '/home/pete/wefwefwef/docs/other/f02560ed5d32170c80f86b4de6070f4f/erlang_rebar_example_project-branch-v3/RJ-erlang_rebar_example_project-e48a96a'
$ 5000  `find -P . -type l -delete  2>&1`
$ cd '/home/pete/wefwefwef/docs/erldocs_other.git'
$ 5000  `mv '/home/pete/wefwefwef/docs/other/f02560ed5d32170c80f86b4de6070f4f/erlang_rebar_example_project-branch-v3/RJ-erlang_rebar_example_project-e48a96a' '/home/pete/wefwefwef/docs/other/f02560ed5d32170c80f86b4de6070f4f/erlang_rebar_example_project-branch-v3/erlang_rebar_example_project'  2>&1`
 :: Getting dependencies
$ cd '/home/pete/wefwefwef/docs/other/f02560ed5d32170c80f86b4de6070f4f/erlang_rebar_example_project-branch-v3/erlang_rebar_example_project'
$ 5000  `ls -1 deps/  2>&1`
$ cd '/home/pete/wefwefwef/docs/erldocs_other.git'
>>> [rebar] deps = []
 :: Generating erldocs into /home/pete/wefwefwef/docs/other/f02560ed5d32170c80f86b4de6070f4f/repo/v3
Building dummy_app
Generating Type Specs - "/home/pete/wefwefwef/docs/other/f02560ed5d32170c80f86b4de6070f4f/erlang_rebar_example_project-branch-v3/erlang_rebar_example_project/apps/dummy_app/src/dummy_app.erl"
Generating Type Specs - "/home/pete/wefwefwef/docs/other/f02560ed5d32170c80f86b4de6070f4f/erlang_rebar_example_project-branch-v3/erlang_rebar_example_project/apps/dummy_app/src/dummy_app_server.erl"
Generating Type Specs - "/home/pete/wefwefwef/docs/other/f02560ed5d32170c80f86b4de6070f4f/erlang_rebar_example_project-branch-v3/erlang_rebar_example_project/apps/dummy_app/src/dummy_app_sup.erl"
Generating XML for application dummy_app "/home/pete/wefwefwef/docs/other/f02560ed5d32170c80f86b4de6070f4f/erlang_rebar_example_project-branch-v3/erlang_rebar_example_project/apps/dummy_app" -> "/home/pete/wefwefwef/docs/other/f02560ed5d32170c80f86b4de6070f4f/repo/v3/.xml/dummy_app"
Generated dummy_app XMLs: ["/home/pete/wefwefwef/docs/other/f02560ed5d32170c80f86b4de6070f4f/repo/v3/.xml/dummy_app/dummy_app_sup.xml",
                           "/home/pete/wefwefwef/docs/other/f02560ed5d32170c80f86b4de6070f4f/repo/v3/.xml/dummy_app/dummy_app.xml",
                           "/home/pete/wefwefwef/docs/other/f02560ed5d32170c80f86b4de6070f4f/repo/v3/.xml/dummy_app/dummy_app_server.xml"]
Generating HTML - dummy_app_server "/home/pete/wefwefwef/docs/other/f02560ed5d32170c80f86b4de6070f4f/repo/v3/.xml/dummy_app/dummy_app_server.xml"
Reading XML for "/home/pete/wefwefwef/docs/other/f02560ed5d32170c80f86b4de6070f4f/repo/v3/.xml/dummy_app/dummy_app_server.xml"
Reading XML for "/home/pete/wefwefwef/docs/other/f02560ed5d32170c80f86b4de6070f4f/repo/v3/.xml/specs_dummy_app_server.xml"
Generating HTML - dummy_app "/home/pete/wefwefwef/docs/other/f02560ed5d32170c80f86b4de6070f4f/repo/v3/.xml/dummy_app/dummy_app.xml"
Reading XML for "/home/pete/wefwefwef/docs/other/f02560ed5d32170c80f86b4de6070f4f/repo/v3/.xml/dummy_app/dummy_app.xml"
Reading XML for "/home/pete/wefwefwef/docs/other/f02560ed5d32170c80f86b4de6070f4f/repo/v3/.xml/specs_dummy_app.xml"
Generating HTML - dummy_app_sup "/home/pete/wefwefwef/docs/other/f02560ed5d32170c80f86b4de6070f4f/repo/v3/.xml/dummy_app/dummy_app_sup.xml"
Reading XML for "/home/pete/wefwefwef/docs/other/f02560ed5d32170c80f86b4de6070f4f/repo/v3/.xml/dummy_app/dummy_app_sup.xml"
Reading XML for "/home/pete/wefwefwef/docs/other/f02560ed5d32170c80f86b4de6070f4f/repo/v3/.xml/specs_dummy_app_sup.xml"
Building erlang_rebar_example_project
Generating XML for application erlang_rebar_example_project "/home/pete/wefwefwef/docs/other/f02560ed5d32170c80f86b4de6070f4f/erlang_rebar_example_project-branch-v3/erlang_rebar_example_project" -> "/home/pete/wefwefwef/docs/other/f02560ed5d32170c80f86b4de6070f4f/repo/v3/.xml/erlang_rebar_example_project"
Generated erlang_rebar_example_project XMLs: ["/home/pete/wefwefwef/docs/other/f02560ed5d32170c80f86b4de6070f4f/repo/v3/.xml/erlang_rebar_example_project/dummy_app_sup.xml",
                                              "/home/pete/wefwefwef/docs/other/f02560ed5d32170c80f86b4de6070f4f/repo/v3/.xml/erlang_rebar_example_project/dummy_app.xml",
                                              "/home/pete/wefwefwef/docs/other/f02560ed5d32170c80f86b4de6070f4f/repo/v3/.xml/erlang_rebar_example_project/dummy_app_server.xml"]
Generating HTML - dummy_app_server "/home/pete/wefwefwef/docs/other/f02560ed5d32170c80f86b4de6070f4f/repo/v3/.xml/erlang_rebar_example_project/dummy_app_server.xml"
Reading XML for "/home/pete/wefwefwef/docs/other/f02560ed5d32170c80f86b4de6070f4f/repo/v3/.xml/erlang_rebar_example_project/dummy_app_server.xml"
Reading XML for "/home/pete/wefwefwef/docs/other/f02560ed5d32170c80f86b4de6070f4f/repo/v3/.xml/specs_dummy_app_server.xml"
Generating HTML - dummy_app "/home/pete/wefwefwef/docs/other/f02560ed5d32170c80f86b4de6070f4f/repo/v3/.xml/erlang_rebar_example_project/dummy_app.xml"
Reading XML for "/home/pete/wefwefwef/docs/other/f02560ed5d32170c80f86b4de6070f4f/repo/v3/.xml/erlang_rebar_example_project/dummy_app.xml"
Reading XML for "/home/pete/wefwefwef/docs/other/f02560ed5d32170c80f86b4de6070f4f/repo/v3/.xml/specs_dummy_app.xml"
Generating HTML - dummy_app_sup "/home/pete/wefwefwef/docs/other/f02560ed5d32170c80f86b4de6070f4f/repo/v3/.xml/erlang_rebar_example_project/dummy_app_sup.xml"
Reading XML for "/home/pete/wefwefwef/docs/other/f02560ed5d32170c80f86b4de6070f4f/repo/v3/.xml/erlang_rebar_example_project/dummy_app_sup.xml"
Reading XML for "/home/pete/wefwefwef/docs/other/f02560ed5d32170c80f86b4de6070f4f/repo/v3/.xml/specs_dummy_app_sup.xml"
Creating index.html ...
Creating erldocs_index.js ...
Woot, finished in 0 Minutes 1 Seconds
 :: Discovering other repos
$ 5000  `rm -r '/home/pete/wefwefwef/docs/other/f02560ed5d32170c80f86b4de6070f4f/erlang_rebar_example_project-branch-v3'  2>&1`
 :: Processing https://github.com/rj/erlang_rebar_example_project	{rev,branch,"v2","8e859ba91fd0fa1b0b278e4e19743a9c2faf5832",undefined,[],[]}
 :: Fetching repo code
$ cd '/home/pete/wefwefwef/docs/other/f02560ed5d32170c80f86b4de6070f4f/erlang_rebar_example_project-branch-v2'
$ infinity  `curl --fail --silent --show-error --location --output repo.tar.gz 'https://codeload.github.com/rj/erlang_rebar_example_project/legacy.tar.gz/v2'  2>&1`
$ cd '/home/pete/wefwefwef/docs/erldocs_other.git'
$ cd '/home/pete/wefwefwef/docs/other/f02560ed5d32170c80f86b4de6070f4f/erlang_rebar_example_project-branch-v2/RJ-erlang_rebar_example_project-8e859ba'
$ 5000  `find -P . -type l -delete  2>&1`
$ cd '/home/pete/wefwefwef/docs/erldocs_other.git'
$ 5000  `mv '/home/pete/wefwefwef/docs/other/f02560ed5d32170c80f86b4de6070f4f/erlang_rebar_example_project-branch-v2/RJ-erlang_rebar_example_project-8e859ba' '/home/pete/wefwefwef/docs/other/f02560ed5d32170c80f86b4de6070f4f/erlang_rebar_example_project-branch-v2/erlang_rebar_example_project'  2>&1`
 :: Getting dependencies
$ cd '/home/pete/wefwefwef/docs/other/f02560ed5d32170c80f86b4de6070f4f/erlang_rebar_example_project-branch-v2/erlang_rebar_example_project'
$ 5000  `ls -1 deps/  2>&1`
$ cd '/home/pete/wefwefwef/docs/erldocs_other.git'
>>> [rebar] deps = []
 :: Generating erldocs into /home/pete/wefwefwef/docs/other/f02560ed5d32170c80f86b4de6070f4f/repo/v2
Building dummy_app
Generating Type Specs - "/home/pete/wefwefwef/docs/other/f02560ed5d32170c80f86b4de6070f4f/erlang_rebar_example_project-branch-v2/erlang_rebar_example_project/apps/dummy_app/src/dummy_app.erl"
Generating Type Specs - "/home/pete/wefwefwef/docs/other/f02560ed5d32170c80f86b4de6070f4f/erlang_rebar_example_project-branch-v2/erlang_rebar_example_project/apps/dummy_app/src/dummy_app_server.erl"
Generating Type Specs - "/home/pete/wefwefwef/docs/other/f02560ed5d32170c80f86b4de6070f4f/erlang_rebar_example_project-branch-v2/erlang_rebar_example_project/apps/dummy_app/src/dummy_app_sup.erl"
Generating XML for application dummy_app "/home/pete/wefwefwef/docs/other/f02560ed5d32170c80f86b4de6070f4f/erlang_rebar_example_project-branch-v2/erlang_rebar_example_project/apps/dummy_app" -> "/home/pete/wefwefwef/docs/other/f02560ed5d32170c80f86b4de6070f4f/repo/v2/.xml/dummy_app"
Generated dummy_app XMLs: ["/home/pete/wefwefwef/docs/other/f02560ed5d32170c80f86b4de6070f4f/repo/v2/.xml/dummy_app/dummy_app_sup.xml",
                           "/home/pete/wefwefwef/docs/other/f02560ed5d32170c80f86b4de6070f4f/repo/v2/.xml/dummy_app/dummy_app.xml",
                           "/home/pete/wefwefwef/docs/other/f02560ed5d32170c80f86b4de6070f4f/repo/v2/.xml/dummy_app/dummy_app_server.xml"]
Generating HTML - dummy_app_server "/home/pete/wefwefwef/docs/other/f02560ed5d32170c80f86b4de6070f4f/repo/v2/.xml/dummy_app/dummy_app_server.xml"
Reading XML for "/home/pete/wefwefwef/docs/other/f02560ed5d32170c80f86b4de6070f4f/repo/v2/.xml/dummy_app/dummy_app_server.xml"
Reading XML for "/home/pete/wefwefwef/docs/other/f02560ed5d32170c80f86b4de6070f4f/repo/v2/.xml/specs_dummy_app_server.xml"
Generating HTML - dummy_app "/home/pete/wefwefwef/docs/other/f02560ed5d32170c80f86b4de6070f4f/repo/v2/.xml/dummy_app/dummy_app.xml"
Reading XML for "/home/pete/wefwefwef/docs/other/f02560ed5d32170c80f86b4de6070f4f/repo/v2/.xml/dummy_app/dummy_app.xml"
Reading XML for "/home/pete/wefwefwef/docs/other/f02560ed5d32170c80f86b4de6070f4f/repo/v2/.xml/specs_dummy_app.xml"
Generating HTML - dummy_app_sup "/home/pete/wefwefwef/docs/other/f02560ed5d32170c80f86b4de6070f4f/repo/v2/.xml/dummy_app/dummy_app_sup.xml"
Reading XML for "/home/pete/wefwefwef/docs/other/f02560ed5d32170c80f86b4de6070f4f/repo/v2/.xml/dummy_app/dummy_app_sup.xml"
Reading XML for "/home/pete/wefwefwef/docs/other/f02560ed5d32170c80f86b4de6070f4f/repo/v2/.xml/specs_dummy_app_sup.xml"
Building erlang_rebar_example_project
Generating XML for application erlang_rebar_example_project "/home/pete/wefwefwef/docs/other/f02560ed5d32170c80f86b4de6070f4f/erlang_rebar_example_project-branch-v2/erlang_rebar_example_project" -> "/home/pete/wefwefwef/docs/other/f02560ed5d32170c80f86b4de6070f4f/repo/v2/.xml/erlang_rebar_example_project"
Generated erlang_rebar_example_project XMLs: ["/home/pete/wefwefwef/docs/other/f02560ed5d32170c80f86b4de6070f4f/repo/v2/.xml/erlang_rebar_example_project/dummy_app_sup.xml",
                                              "/home/pete/wefwefwef/docs/other/f02560ed5d32170c80f86b4de6070f4f/repo/v2/.xml/erlang_rebar_example_project/dummy_app.xml",
                                              "/home/pete/wefwefwef/docs/other/f02560ed5d32170c80f86b4de6070f4f/repo/v2/.xml/erlang_rebar_example_project/dummy_app_server.xml"]
Generating HTML - dummy_app_server "/home/pete/wefwefwef/docs/other/f02560ed5d32170c80f86b4de6070f4f/repo/v2/.xml/erlang_rebar_example_project/dummy_app_server.xml"
Reading XML for "/home/pete/wefwefwef/docs/other/f02560ed5d32170c80f86b4de6070f4f/repo/v2/.xml/erlang_rebar_example_project/dummy_app_server.xml"
Reading XML for "/home/pete/wefwefwef/docs/other/f02560ed5d32170c80f86b4de6070f4f/repo/v2/.xml/specs_dummy_app_server.xml"
Generating HTML - dummy_app "/home/pete/wefwefwef/docs/other/f02560ed5d32170c80f86b4de6070f4f/repo/v2/.xml/erlang_rebar_example_project/dummy_app.xml"
Reading XML for "/home/pete/wefwefwef/docs/other/f02560ed5d32170c80f86b4de6070f4f/repo/v2/.xml/erlang_rebar_example_project/dummy_app.xml"
Reading XML for "/home/pete/wefwefwef/docs/other/f02560ed5d32170c80f86b4de6070f4f/repo/v2/.xml/specs_dummy_app.xml"
Generating HTML - dummy_app_sup "/home/pete/wefwefwef/docs/other/f02560ed5d32170c80f86b4de6070f4f/repo/v2/.xml/erlang_rebar_example_project/dummy_app_sup.xml"
Reading XML for "/home/pete/wefwefwef/docs/other/f02560ed5d32170c80f86b4de6070f4f/repo/v2/.xml/erlang_rebar_example_project/dummy_app_sup.xml"
Reading XML for "/home/pete/wefwefwef/docs/other/f02560ed5d32170c80f86b4de6070f4f/repo/v2/.xml/specs_dummy_app_sup.xml"
Creating index.html ...
Creating erldocs_index.js ...
Woot, finished in 0 Minutes 1 Seconds
 :: Discovering other repos
$ 5000  `rm -r '/home/pete/wefwefwef/docs/other/f02560ed5d32170c80f86b4de6070f4f/erlang_rebar_example_project-branch-v2'  2>&1`
 :: Processing https://github.com/rj/erlang_rebar_example_project	{rev,branch,"v1","96b51aca28a6be7349b059134cc97ad3f8bb7c55",undefined,[],[]}
 :: Fetching repo code
$ cd '/home/pete/wefwefwef/docs/other/f02560ed5d32170c80f86b4de6070f4f/erlang_rebar_example_project-branch-v1'
$ infinity  `curl --fail --silent --show-error --location --output repo.tar.gz 'https://codeload.github.com/rj/erlang_rebar_example_project/legacy.tar.gz/v1'  2>&1`
$ cd '/home/pete/wefwefwef/docs/erldocs_other.git'
$ cd '/home/pete/wefwefwef/docs/other/f02560ed5d32170c80f86b4de6070f4f/erlang_rebar_example_project-branch-v1/RJ-erlang_rebar_example_project-96b51ac'
$ 5000  `find -P . -type l -delete  2>&1`
$ cd '/home/pete/wefwefwef/docs/erldocs_other.git'
$ 5000  `mv '/home/pete/wefwefwef/docs/other/f02560ed5d32170c80f86b4de6070f4f/erlang_rebar_example_project-branch-v1/RJ-erlang_rebar_example_project-96b51ac' '/home/pete/wefwefwef/docs/other/f02560ed5d32170c80f86b4de6070f4f/erlang_rebar_example_project-branch-v1/erlang_rebar_example_project'  2>&1`
 :: Getting dependencies
$ cd '/home/pete/wefwefwef/docs/other/f02560ed5d32170c80f86b4de6070f4f/erlang_rebar_example_project-branch-v1/erlang_rebar_example_project'
$ 5000  `ls -1 deps/  2>&1`
$ cd '/home/pete/wefwefwef/docs/erldocs_other.git'
>>> [rebar] deps = []
 :: Generating erldocs into /home/pete/wefwefwef/docs/other/f02560ed5d32170c80f86b4de6070f4f/repo/v1
Building dummy_app
Generating Type Specs - "/home/pete/wefwefwef/docs/other/f02560ed5d32170c80f86b4de6070f4f/erlang_rebar_example_project-branch-v1/erlang_rebar_example_project/apps/dummy_app/src/dummy_app.erl"
Generating Type Specs - "/home/pete/wefwefwef/docs/other/f02560ed5d32170c80f86b4de6070f4f/erlang_rebar_example_project-branch-v1/erlang_rebar_example_project/apps/dummy_app/src/dummy_app_server.erl"
Generating Type Specs - "/home/pete/wefwefwef/docs/other/f02560ed5d32170c80f86b4de6070f4f/erlang_rebar_example_project-branch-v1/erlang_rebar_example_project/apps/dummy_app/src/dummy_app_sup.erl"
Generating XML for application dummy_app "/home/pete/wefwefwef/docs/other/f02560ed5d32170c80f86b4de6070f4f/erlang_rebar_example_project-branch-v1/erlang_rebar_example_project/apps/dummy_app" -> "/home/pete/wefwefwef/docs/other/f02560ed5d32170c80f86b4de6070f4f/repo/v1/.xml/dummy_app"
Generated dummy_app XMLs: ["/home/pete/wefwefwef/docs/other/f02560ed5d32170c80f86b4de6070f4f/repo/v1/.xml/dummy_app/dummy_app_sup.xml",
                           "/home/pete/wefwefwef/docs/other/f02560ed5d32170c80f86b4de6070f4f/repo/v1/.xml/dummy_app/dummy_app.xml",
                           "/home/pete/wefwefwef/docs/other/f02560ed5d32170c80f86b4de6070f4f/repo/v1/.xml/dummy_app/dummy_app_server.xml"]
Generating HTML - dummy_app_server "/home/pete/wefwefwef/docs/other/f02560ed5d32170c80f86b4de6070f4f/repo/v1/.xml/dummy_app/dummy_app_server.xml"
Reading XML for "/home/pete/wefwefwef/docs/other/f02560ed5d32170c80f86b4de6070f4f/repo/v1/.xml/dummy_app/dummy_app_server.xml"
Reading XML for "/home/pete/wefwefwef/docs/other/f02560ed5d32170c80f86b4de6070f4f/repo/v1/.xml/specs_dummy_app_server.xml"
Generating HTML - dummy_app "/home/pete/wefwefwef/docs/other/f02560ed5d32170c80f86b4de6070f4f/repo/v1/.xml/dummy_app/dummy_app.xml"
Reading XML for "/home/pete/wefwefwef/docs/other/f02560ed5d32170c80f86b4de6070f4f/repo/v1/.xml/dummy_app/dummy_app.xml"
Reading XML for "/home/pete/wefwefwef/docs/other/f02560ed5d32170c80f86b4de6070f4f/repo/v1/.xml/specs_dummy_app.xml"
Generating HTML - dummy_app_sup "/home/pete/wefwefwef/docs/other/f02560ed5d32170c80f86b4de6070f4f/repo/v1/.xml/dummy_app/dummy_app_sup.xml"
Reading XML for "/home/pete/wefwefwef/docs/other/f02560ed5d32170c80f86b4de6070f4f/repo/v1/.xml/dummy_app/dummy_app_sup.xml"
Reading XML for "/home/pete/wefwefwef/docs/other/f02560ed5d32170c80f86b4de6070f4f/repo/v1/.xml/specs_dummy_app_sup.xml"
Building erlang_rebar_example_project
Generating XML for application erlang_rebar_example_project "/home/pete/wefwefwef/docs/other/f02560ed5d32170c80f86b4de6070f4f/erlang_rebar_example_project-branch-v1/erlang_rebar_example_project" -> "/home/pete/wefwefwef/docs/other/f02560ed5d32170c80f86b4de6070f4f/repo/v1/.xml/erlang_rebar_example_project"
Generated erlang_rebar_example_project XMLs: ["/home/pete/wefwefwef/docs/other/f02560ed5d32170c80f86b4de6070f4f/repo/v1/.xml/erlang_rebar_example_project/dummy_app_sup.xml",
                                              "/home/pete/wefwefwef/docs/other/f02560ed5d32170c80f86b4de6070f4f/repo/v1/.xml/erlang_rebar_example_project/dummy_app.xml",
                                              "/home/pete/wefwefwef/docs/other/f02560ed5d32170c80f86b4de6070f4f/repo/v1/.xml/erlang_rebar_example_project/dummy_app_server.xml"]
Generating HTML - dummy_app_server "/home/pete/wefwefwef/docs/other/f02560ed5d32170c80f86b4de6070f4f/repo/v1/.xml/erlang_rebar_example_project/dummy_app_server.xml"
Reading XML for "/home/pete/wefwefwef/docs/other/f02560ed5d32170c80f86b4de6070f4f/repo/v1/.xml/erlang_rebar_example_project/dummy_app_server.xml"
Reading XML for "/home/pete/wefwefwef/docs/other/f02560ed5d32170c80f86b4de6070f4f/repo/v1/.xml/specs_dummy_app_server.xml"
Generating HTML - dummy_app "/home/pete/wefwefwef/docs/other/f02560ed5d32170c80f86b4de6070f4f/repo/v1/.xml/erlang_rebar_example_project/dummy_app.xml"
Reading XML for "/home/pete/wefwefwef/docs/other/f02560ed5d32170c80f86b4de6070f4f/repo/v1/.xml/erlang_rebar_example_project/dummy_app.xml"
Reading XML for "/home/pete/wefwefwef/docs/other/f02560ed5d32170c80f86b4de6070f4f/repo/v1/.xml/specs_dummy_app.xml"
Generating HTML - dummy_app_sup "/home/pete/wefwefwef/docs/other/f02560ed5d32170c80f86b4de6070f4f/repo/v1/.xml/erlang_rebar_example_project/dummy_app_sup.xml"
Reading XML for "/home/pete/wefwefwef/docs/other/f02560ed5d32170c80f86b4de6070f4f/repo/v1/.xml/erlang_rebar_example_project/dummy_app_sup.xml"
Reading XML for "/home/pete/wefwefwef/docs/other/f02560ed5d32170c80f86b4de6070f4f/repo/v1/.xml/specs_dummy_app_sup.xml"
Creating index.html ...
Creating erldocs_index.js ...
Woot, finished in 0 Minutes 0 Seconds
 :: Discovering other repos
$ 5000  `rm -r '/home/pete/wefwefwef/docs/other/f02560ed5d32170c80f86b4de6070f4f/erlang_rebar_example_project-branch-v1'  2>&1`
 :: Processing https://github.com/rj/erlang_rebar_example_project	{rev,branch,"master","f3bddf99427c0190c500c09a7a551b0fa81dd954",undefined,[],[]}
 :: Fetching repo code
$ cd '/home/pete/wefwefwef/docs/other/f02560ed5d32170c80f86b4de6070f4f/erlang_rebar_example_project-branch-master'
$ infinity  `curl --fail --silent --show-error --location --output repo.tar.gz 'https://codeload.github.com/rj/erlang_rebar_example_project/legacy.tar.gz/master'  2>&1`
$ cd '/home/pete/wefwefwef/docs/erldocs_other.git'
$ cd '/home/pete/wefwefwef/docs/other/f02560ed5d32170c80f86b4de6070f4f/erlang_rebar_example_project-branch-master/RJ-erlang_rebar_example_project-f3bddf9'
$ 5000  `find -P . -type l -delete  2>&1`
$ cd '/home/pete/wefwefwef/docs/erldocs_other.git'
$ 5000  `mv '/home/pete/wefwefwef/docs/other/f02560ed5d32170c80f86b4de6070f4f/erlang_rebar_example_project-branch-master/RJ-erlang_rebar_example_project-f3bddf9' '/home/pete/wefwefwef/docs/other/f02560ed5d32170c80f86b4de6070f4f/erlang_rebar_example_project-branch-master/erlang_rebar_example_project'  2>&1`
 :: Getting dependencies
 :: Generating erldocs into /home/pete/wefwefwef/docs/other/f02560ed5d32170c80f86b4de6070f4f/repo/master
Building erlang_rebar_example_project
Generating XML for application erlang_rebar_example_project "/home/pete/wefwefwef/docs/other/f02560ed5d32170c80f86b4de6070f4f/erlang_rebar_example_project-branch-master/erlang_rebar_example_project" -> "/home/pete/wefwefwef/docs/other/f02560ed5d32170c80f86b4de6070f4f/repo/master/.xml/erlang_rebar_example_project"
Generated erlang_rebar_example_project XMLs: []
No documentation was generated!
Woot, finished in 0 Minutes 0 Seconds
 :: Discovering other repos
$ 5000  `rm -r '/home/pete/wefwefwef/docs/other/f02560ed5d32170c80f86b4de6070f4f/erlang_rebar_example_project-branch-master'  2>&1`
 :: Finishing up
$ 5000  `rm -r '/home/pete/wefwefwef/docs/other/f02560ed5d32170c80f86b4de6070f4f/erlang_rebar_example_project'  2>&1`
$ 5000  `rm -r '/home/pete/wefwefwef/docs/other/f02560ed5d32170c80f86b4de6070f4f/repo/master'  2>&1`
