 :: Extracting meta information
$ 5000  `git ls-remote --heads --tags 'https://github.com/b/hex'  2>&1`
>>> [repo] 1 branches, 0 tags
 :: Writing meta to "/home/pete/wefwefwef/docs/other/7040322530/meta.txt"
 :: Processing https://github.com/b/hex	{rev,branch,"master","967f059ea49e45b7d0d82e2e1177ef860f5ec4bd"}
 :: Fetching repo code
$ cd "/home/pete/wefwefwef/docs/other/7040322530/hex-branch-master/hex"
$ infinity  `curl --fail --silent --show-error --location --output 'master.zip' 'https://github.com/b/hex/archive/master.zip'  2>&1`
$ cd "/home/pete/wefwefwef/docs/erldocs_other.git"
$ cd "/home/pete/wefwefwef/docs/other/7040322530/hex-branch-master/hex"
$ 5000  `find -P . -type l -delete  2>&1`
$ cd "/home/pete/wefwefwef/docs/erldocs_other.git"
$ cd "/home/pete/wefwefwef/docs/other/7040322530/hex-branch-master/hex"
$ 5000  `find 'hex-master' -mindepth 1 -maxdepth 1 -exec mv -t . -- {} +  2>&1`
$ cd "/home/pete/wefwefwef/docs/erldocs_other.git"
 :: Getting dependencies
$ cd "/home/pete/wefwefwef/docs/other/7040322530/hex-branch-master/hex"
$ 5000  `ls -1 deps/  2>&1`
$ cd "/home/pete/wefwefwef/docs/erldocs_other.git"
>>> [rebar] deps = []
 :: Generating erldocs into /home/pete/wefwefwef/docs/other/7040322530/repo/master
Building hex
Generating Type Specs - "/home/pete/wefwefwef/docs/other/7040322530/hex-branch-master/hex/src/hex.erl"
Generating XML for application hex "/home/pete/wefwefwef/docs/other/7040322530/hex-branch-master/hex" -> "/home/pete/wefwefwef/docs/other/7040322530/repo/master/.xml/hex"
Generated hex XMLs: ["/home/pete/wefwefwef/docs/other/7040322530/repo/master/.xml/hex/hex.xml"]
Generating HTML - hex "/home/pete/wefwefwef/docs/other/7040322530/repo/master/.xml/hex/hex.xml"
Reading XML for "/home/pete/wefwefwef/docs/other/7040322530/repo/master/.xml/hex/hex.xml"
Reading XML for "/home/pete/wefwefwef/docs/other/7040322530/repo/master/.xml/specs_hex.xml"
Creating index.html ...
Creating erldocs_index.js ...
Woot, finished in 0 Minutes 0 Seconds
 :: Discovering other repos
$ 5000  `rm -r '/home/pete/wefwefwef/docs/other/7040322530/hex-branch-master'  2>&1`
 :: Erldocs finishing up
$ 5000  `rm -r '/home/pete/wefwefwef/docs/other/7040322530/hex'  2>&1`
