 :: Extracting meta information
$ 5000  `git ls-remote --heads --tags 'https://github.com/visemet/checkpoint-recovery'  2>&1`
>>> [repo] 1 branches, 0 tags
 :: Writing meta to "/home/pete/wefwefwef/docs/other/2027719295/meta.txt"
 :: Processing https://github.com/visemet/checkpoint-recovery	{rev,branch,"master","8bbb38ad09ce4b80d8e8137350c19e86edbbe95a",undefined,[],[]}
 :: Fetching repo code
$ cd "/home/pete/wefwefwef/docs/other/2027719295/checkpoint-recovery-branch-master/checkpoint-recovery"
$ infinity  `curl --fail --silent --show-error --location --output 'master.zip' 'https://github.com/visemet/checkpoint-recovery/archive/master.zip'  2>&1`
$ cd "/home/pete/wefwefwef/docs/erldocs_other.git"
$ cd "/home/pete/wefwefwef/docs/other/2027719295/checkpoint-recovery-branch-master/checkpoint-recovery"
$ 5000  `find -P . -type l -delete  2>&1`
$ cd "/home/pete/wefwefwef/docs/erldocs_other.git"
$ cd "/home/pete/wefwefwef/docs/other/2027719295/checkpoint-recovery-branch-master/checkpoint-recovery"
$ 5000  `find 'checkpoint-recovery-master' -mindepth 1 -maxdepth 1 -exec mv -t . -- {} +  2>&1`
$ cd "/home/pete/wefwefwef/docs/erldocs_other.git"
 :: Getting dependencies
$ cd "/home/pete/wefwefwef/docs/other/2027719295/checkpoint-recovery-branch-master/checkpoint-recovery"
$ 5000  `ls -1 deps/  2>&1`
$ cd "/home/pete/wefwefwef/docs/erldocs_other.git"
>>> [rebar] deps = []
 :: Generating erldocs into /home/pete/wefwefwef/docs/other/2027719295/repo/master
Building checkpoint-recovery
Generating Type Specs - "/home/pete/wefwefwef/docs/other/2027719295/checkpoint-recovery-branch-master/checkpoint-recovery/src/chkrec_app.erl"
Generating Type Specs - "/home/pete/wefwefwef/docs/other/2027719295/checkpoint-recovery-branch-master/checkpoint-recovery/src/chkrec_keeper.erl"
Generating Type Specs - "/home/pete/wefwefwef/docs/other/2027719295/checkpoint-recovery-branch-master/checkpoint-recovery/src/chkrec_keeper_mon.erl"
Generating Type Specs - "/home/pete/wefwefwef/docs/other/2027719295/checkpoint-recovery-branch-master/checkpoint-recovery/src/chkrec_keeper_sup.erl"
Generating Type Specs - "/home/pete/wefwefwef/docs/other/2027719295/checkpoint-recovery-branch-master/checkpoint-recovery/src/chkrec_server.erl"
Generating Type Specs - "/home/pete/wefwefwef/docs/other/2027719295/checkpoint-recovery-branch-master/checkpoint-recovery/src/chkrec_sup.erl"
Generating XML for application checkpoint-recovery "/home/pete/wefwefwef/docs/other/2027719295/checkpoint-recovery-branch-master/checkpoint-recovery" -> "/home/pete/wefwefwef/docs/other/2027719295/repo/master/.xml/checkpoint-recovery"
Generated checkpoint-recovery XMLs: ["/home/pete/wefwefwef/docs/other/2027719295/repo/master/.xml/checkpoint-recovery/chkrec_keeper_sup.xml",
                                     "/home/pete/wefwefwef/docs/other/2027719295/repo/master/.xml/checkpoint-recovery/chkrec_keeper.xml",
                                     "/home/pete/wefwefwef/docs/other/2027719295/repo/master/.xml/checkpoint-recovery/chkrec_server.xml",
                                     "/home/pete/wefwefwef/docs/other/2027719295/repo/master/.xml/checkpoint-recovery/chkrec_sup.xml",
                                     "/home/pete/wefwefwef/docs/other/2027719295/repo/master/.xml/checkpoint-recovery/chkrec_app.xml",
                                     "/home/pete/wefwefwef/docs/other/2027719295/repo/master/.xml/checkpoint-recovery/chkrec_keeper_mon.xml"]
Generating HTML - chkrec_keeper_sup "/home/pete/wefwefwef/docs/other/2027719295/repo/master/.xml/checkpoint-recovery/chkrec_keeper_sup.xml"
Generating HTML - chkrec_keeper "/home/pete/wefwefwef/docs/other/2027719295/repo/master/.xml/checkpoint-recovery/chkrec_keeper.xml"
Generating HTML - chkrec_server "/home/pete/wefwefwef/docs/other/2027719295/repo/master/.xml/checkpoint-recovery/chkrec_server.xml"
Generating HTML - chkrec_keeper_mon "/home/pete/wefwefwef/docs/other/2027719295/repo/master/.xml/checkpoint-recovery/chkrec_keeper_mon.xml"
Reading XML for "/home/pete/wefwefwef/docs/other/2027719295/repo/master/.xml/checkpoint-recovery/chkrec_keeper_sup.xml"
Reading XML for "/home/pete/wefwefwef/docs/other/2027719295/repo/master/.xml/checkpoint-recovery/chkrec_keeper.xml"
Reading XML for "/home/pete/wefwefwef/docs/other/2027719295/repo/master/.xml/checkpoint-recovery/chkrec_server.xml"
Reading XML for "/home/pete/wefwefwef/docs/other/2027719295/repo/master/.xml/checkpoint-recovery/chkrec_keeper_mon.xml"
Reading XML for "/home/pete/wefwefwef/docs/other/2027719295/repo/master/.xml/specs_chkrec_keeper.xml"
Reading XML for "/home/pete/wefwefwef/docs/other/2027719295/repo/master/.xml/specs_chkrec_keeper_sup.xml"
Reading XML for "/home/pete/wefwefwef/docs/other/2027719295/repo/master/.xml/specs_chkrec_server.xml"
Reading XML for "/home/pete/wefwefwef/docs/other/2027719295/repo/master/.xml/specs_chkrec_keeper_mon.xml"
Generating HTML - chkrec_app "/home/pete/wefwefwef/docs/other/2027719295/repo/master/.xml/checkpoint-recovery/chkrec_app.xml"
Reading XML for "/home/pete/wefwefwef/docs/other/2027719295/repo/master/.xml/checkpoint-recovery/chkrec_app.xml"
Reading XML for "/home/pete/wefwefwef/docs/other/2027719295/repo/master/.xml/specs_chkrec_app.xml"
Generating HTML - chkrec_sup "/home/pete/wefwefwef/docs/other/2027719295/repo/master/.xml/checkpoint-recovery/chkrec_sup.xml"
Reading XML for "/home/pete/wefwefwef/docs/other/2027719295/repo/master/.xml/checkpoint-recovery/chkrec_sup.xml"
Reading XML for "/home/pete/wefwefwef/docs/other/2027719295/repo/master/.xml/specs_chkrec_sup.xml"
Creating index.html ...
Creating erldocs_index.js ...
Woot, finished in 0 Minutes 0 Seconds
 :: Discovering other repos
$ 5000  `rm -r '/home/pete/wefwefwef/docs/other/2027719295/checkpoint-recovery-branch-master'  2>&1`
 :: Finishing up
$ 5000  `rm -r '/home/pete/wefwefwef/docs/other/2027719295/checkpoint-recovery'  2>&1`
