 :: Extracting meta information
$ cd '.'
$ infinity  `git ls-remote --heads --tags https://github.com/esl/escalus`
>>> [repo] 33 branches, 22 tags
 :: Writing meta to "/home/pete/wefwefwef/docs/other/d6f34d6e2604821f8d943a571e4a7c7bccf194f9/meta.txt"
 :: Skipping tag "2.1.2"
 :: Skipping tag "2.3.0"
 :: Skipping tag "2.4.4"
 :: Skipping tag "0.1"
 :: Skipping tag "1.0.0"
 :: Skipping tag "2.0.0"
 :: Skipping tag "2.0.1"
 :: Skipping tag "2.1.0"
 :: Skipping tag "2.1.1"
 :: Skipping tag "2.2.0"
 :: Skipping tag "2.3.1"
 :: Skipping tag "2.3.2"
 :: Skipping tag "2.3.2.2-oovoo"
 :: Skipping tag "2.4.0"
 :: Skipping tag "2.4.1"
 :: Skipping tag "2.4.2"
 :: Skipping tag "2.4.3"
 :: Skipping tag "2.4.5"
 :: Skipping tag "2.5.0"
 :: Skipping tag "2.6.0"
 :: Skipping tag "2.6.1"
 :: Skipping tag "2.6.2"
 :: Skipping branch "OTP18"
 :: Skipping branch "amoc"
 :: Skipping branch "amoc-ssl"
 :: Skipping branch "bif-timers"
 :: Skipping branch "bosh-parser-fix"
 :: Skipping branch "connection-negative-cases"
 :: Skipping branch "deprecate-old-style-resource-counts"
 :: Skipping branch "escalus-users-fix"
 :: Skipping branch "esl-wsecli"
 :: Skipping branch "external-auth"
 :: Skipping branch "fix-crypto-deprecated-warns"
 :: Skipping branch "fix-escaping-bug"
 :: Skipping branch "fix_username_escaping"
 :: Skipping branch "internal-ml"
 :: Skipping branch "key-management"
 :: Skipping branch "mam_v_0_3"
 :: Skipping branch "mod-mam-0-3"
 :: Skipping branch "mod-mam-0-3-rebased"
 :: Skipping branch "multiple_servers"
 :: Skipping branch "overridable-rpc"
 :: Skipping branch "parametrized_escalus_users"
 :: Skipping branch "ping-request"
 :: Skipping branch "pubsub_func_testing"
 :: Skipping branch "rebase-specs"
 :: Skipping branch "refactor-connection"
 :: Skipping branch "specs"
 :: Skipping branch "topic-no-get-userspec"
 :: Skipping branch "topic-pubsub"
 :: Skipping branch "typespecs"
 :: Skipping branch "wip"
 :: Skipping branch "xep-0079"
 :: Processing https://github.com/esl/escalus	{rev,branch,"master","73109785fc14ceae3fd1329eff940cf335d38d4b",undefined,[],[]}
 :: Fetching repo code
$ cd '/home/pete/wefwefwef/docs/other/d6f34d6e2604821f8d943a571e4a7c7bccf194f9/escalus-branch-master'
$ infinity  `curl --fail --silent --show-error --location --output repo.tar.gz https://codeload.github.com/esl/escalus/tar.gz/master`
$ cd '/home/pete/wefwefwef/docs/other/d6f34d6e2604821f8d943a571e4a7c7bccf194f9/escalus-branch-master/escalus-master'
$ 5000  `find -P . -type l -delete`
$ cd '.'
$ 5000  `mv /home/pete/wefwefwef/docs/other/d6f34d6e2604821f8d943a571e4a7c7bccf194f9/escalus-branch-master/escalus-master /home/pete/wefwefwef/docs/other/d6f34d6e2604821f8d943a571e4a7c7bccf194f9/escalus-branch-master/escalus`
 :: Getting dependencies
 :: Error running eo_core:
	[{eo_core,sh,
                  ["/home/pete/wefwefwef/docs/other/d6f34d6e2604821f8d943a571e4a7c7bccf194f9/escalus-branch-master/escalus",
                   ["rebar","--config",
                    "/home/pete/wefwefwef/docs/other/d6f34d6e2604821f8d943a571e4a7c7bccf194f9/escalus-branch-master/rebar_deps",
                    "get-deps"],
                   infinity],
                  []},
         {eo_util,get_deps,2,[{file,"src/eo_util.erl"},{line,123}]},
         {eo_util,rebar_get_deps,1,[{file,"src/eo_util.erl"},{line,88}]},
         {eo_core,get_deps,1,[{file,"src/eo_core.erl"},{line,339}]},
         {eo_core,do,7,[{file,"src/eo_core.erl"},{line,110}]},
         {eo_core,'-main_/1-lc$^0/1-0-',8,
                  [{file,"src/eo_core.erl"},{line,85}]},
         {eo_core,main_,1,[{file,"src/eo_core.erl"},{line,85}]},
         {eo_core,main,1,[{file,"src/eo_core.erl"},{line,56}]}]
{error,undef}
 :: Processing https://github.com/esl/escalus	{rev,branch,"check-session-reply","740bc95f4ab3871c1d4ae6412faa148d4067440d",undefined,[],[]}
 :: Fetching repo code
$ cd '/home/pete/wefwefwef/docs/other/d6f34d6e2604821f8d943a571e4a7c7bccf194f9/escalus-branch-check-session-reply'
$ infinity  `curl --fail --silent --show-error --location --output repo.tar.gz https://codeload.github.com/esl/escalus/tar.gz/check-session-reply`
$ cd '/home/pete/wefwefwef/docs/other/d6f34d6e2604821f8d943a571e4a7c7bccf194f9/escalus-branch-check-session-reply/escalus-check-session-reply'
$ 5000  `find -P . -type l -delete`
$ cd '.'
$ 5000  `mv /home/pete/wefwefwef/docs/other/d6f34d6e2604821f8d943a571e4a7c7bccf194f9/escalus-branch-check-session-reply/escalus-check-session-reply /home/pete/wefwefwef/docs/other/d6f34d6e2604821f8d943a571e4a7c7bccf194f9/escalus-branch-check-session-reply/escalus`
 :: Getting dependencies
 :: Error running eo_core:
	[{eo_core,sh,
                  ["/home/pete/wefwefwef/docs/other/d6f34d6e2604821f8d943a571e4a7c7bccf194f9/escalus-branch-check-session-reply/escalus",
                   ["rebar","--config",
                    "/home/pete/wefwefwef/docs/other/d6f34d6e2604821f8d943a571e4a7c7bccf194f9/escalus-branch-check-session-reply/rebar_deps",
                    "get-deps"],
                   infinity],
                  []},
         {eo_util,get_deps,2,[{file,"src/eo_util.erl"},{line,123}]},
         {eo_util,rebar_get_deps,1,[{file,"src/eo_util.erl"},{line,88}]},
         {eo_core,get_deps,1,[{file,"src/eo_core.erl"},{line,339}]},
         {eo_core,do,7,[{file,"src/eo_core.erl"},{line,110}]},
         {eo_core,'-main_/1-lc$^0/1-0-',8,
                  [{file,"src/eo_core.erl"},{line,85}]},
         {eo_core,'-main_/1-lc$^0/1-0-',8,
                  [{file,"src/eo_core.erl"},{line,91}]},
         {eo_core,main_,1,[{file,"src/eo_core.erl"},{line,85}]}]
{error,undef}
 :: Finishing up
$ cd '.'
$ 5000  `rm -r /home/pete/wefwefwef/docs/other/d6f34d6e2604821f8d943a571e4a7c7bccf194f9/escalus`
