 :: Extracting meta information
$ 5000  `git ls-remote --heads --tags 'https://github.com/artefactop/ecaptcha'  2>&1`
>>> [repo] 1 branches, 3 tags
 :: Writing meta to "/home/pete/wefwefwef/docs/other/5469407794/meta.txt"
 :: Processing https://github.com/artefactop/ecaptcha	{rev,tag,"v0.1.0","1df180cad0a9b1ea091f7cb5a5c3f42d2e2c6e35",undefined,[],[]}
 :: Fetching repo code
$ cd "/home/pete/wefwefwef/docs/other/5469407794/ecaptcha-tag-v0.1.0/ecaptcha"
$ infinity  `curl --fail --silent --show-error --location --output 'v0.1.0.zip' 'https://github.com/artefactop/ecaptcha/archive/v0.1.0.zip'  2>&1`
$ cd "/home/pete/wefwefwef/docs/erldocs_other.git"
$ cd "/home/pete/wefwefwef/docs/other/5469407794/ecaptcha-tag-v0.1.0/ecaptcha"
$ 5000  `find -P . -type l -delete  2>&1`
$ cd "/home/pete/wefwefwef/docs/erldocs_other.git"
$ cd "/home/pete/wefwefwef/docs/other/5469407794/ecaptcha-tag-v0.1.0/ecaptcha"
$ 5000  `find 'ecaptcha-0.1.0' -mindepth 1 -maxdepth 1 -exec mv -t . -- {} +  2>&1`
$ cd "/home/pete/wefwefwef/docs/erldocs_other.git"
 :: Getting dependencies
$ cd "/home/pete/wefwefwef/docs/other/5469407794/ecaptcha-tag-v0.1.0/ecaptcha"
$ infinity  `rebar --config '/home/pete/wefwefwef/docs/other/5469407794/ecaptcha-tag-v0.1.0/rebar_deps' get-deps  2>&1`
$ cd "/home/pete/wefwefwef/docs/erldocs_other.git"
$ cd "/home/pete/wefwefwef/docs/other/5469407794/ecaptcha-tag-v0.1.0/ecaptcha"
$ 5000  `find -P . -type l -delete  2>&1`
$ cd "/home/pete/wefwefwef/docs/erldocs_other.git"
$ cd "/home/pete/wefwefwef/docs/other/5469407794/ecaptcha-tag-v0.1.0/ecaptcha"
$ 5000  `ls -1 deps/  2>&1`
$ cd "/home/pete/wefwefwef/docs/erldocs_other.git"
>>> [rebar] deps = ["ejwt","erlsha2","jsx","lager","meck"]
 :: Generating erldocs into /home/pete/wefwefwef/docs/other/5469407794/repo/v0.1.0
Building ecaptcha
Generating Type Specs - "/home/pete/wefwefwef/docs/other/5469407794/ecaptcha-tag-v0.1.0/ecaptcha/src/ecaptcha_image.erl"
Generating Type Specs - "/home/pete/wefwefwef/docs/other/5469407794/ecaptcha-tag-v0.1.0/ecaptcha/src/ecaptcha_text.erl"
Generating XML for application ecaptcha "/home/pete/wefwefwef/docs/other/5469407794/ecaptcha-tag-v0.1.0/ecaptcha" -> "/home/pete/wefwefwef/docs/other/5469407794/repo/v0.1.0/.xml/ecaptcha"
Generated ecaptcha XMLs: ["/home/pete/wefwefwef/docs/other/5469407794/repo/v0.1.0/.xml/ecaptcha/ecaptcha_text.xml",
                          "/home/pete/wefwefwef/docs/other/5469407794/repo/v0.1.0/.xml/ecaptcha/ecaptcha_image.xml"]
Generating HTML - ecaptcha_image "/home/pete/wefwefwef/docs/other/5469407794/repo/v0.1.0/.xml/ecaptcha/ecaptcha_image.xml"
Reading XML for "/home/pete/wefwefwef/docs/other/5469407794/repo/v0.1.0/.xml/ecaptcha/ecaptcha_image.xml"
Reading XML for "/home/pete/wefwefwef/docs/other/5469407794/repo/v0.1.0/.xml/specs_ecaptcha_image.xml"
Generating HTML - ecaptcha_text "/home/pete/wefwefwef/docs/other/5469407794/repo/v0.1.0/.xml/ecaptcha/ecaptcha_text.xml"
Reading XML for "/home/pete/wefwefwef/docs/other/5469407794/repo/v0.1.0/.xml/ecaptcha/ecaptcha_text.xml"
Reading XML for "/home/pete/wefwefwef/docs/other/5469407794/repo/v0.1.0/.xml/specs_ecaptcha_text.xml"
Creating index.html ...
Creating erldocs_index.js ...
Woot, finished in 0 Minutes 0 Seconds
 :: Discovering other repos
$ 5000  `rm -r '/home/pete/wefwefwef/docs/other/5469407794/ecaptcha-tag-v0.1.0'  2>&1`
 :: Processing https://github.com/artefactop/ecaptcha	{rev,tag,"v0.1.1","d759496503f8dcec1e6fb21727e3e0b4509b2cda",undefined,[],[]}
 :: Fetching repo code
$ cd "/home/pete/wefwefwef/docs/other/5469407794/ecaptcha-tag-v0.1.1/ecaptcha"
$ infinity  `curl --fail --silent --show-error --location --output 'v0.1.1.zip' 'https://github.com/artefactop/ecaptcha/archive/v0.1.1.zip'  2>&1`
$ cd "/home/pete/wefwefwef/docs/erldocs_other.git"
$ cd "/home/pete/wefwefwef/docs/other/5469407794/ecaptcha-tag-v0.1.1/ecaptcha"
$ 5000  `find -P . -type l -delete  2>&1`
$ cd "/home/pete/wefwefwef/docs/erldocs_other.git"
$ cd "/home/pete/wefwefwef/docs/other/5469407794/ecaptcha-tag-v0.1.1/ecaptcha"
$ 5000  `find 'ecaptcha-0.1.1' -mindepth 1 -maxdepth 1 -exec mv -t . -- {} +  2>&1`
$ cd "/home/pete/wefwefwef/docs/erldocs_other.git"
 :: Getting dependencies
$ cd "/home/pete/wefwefwef/docs/other/5469407794/ecaptcha-tag-v0.1.1/ecaptcha"
$ infinity  `rebar --config '/home/pete/wefwefwef/docs/other/5469407794/ecaptcha-tag-v0.1.1/rebar_deps' get-deps  2>&1`
$ cd "/home/pete/wefwefwef/docs/erldocs_other.git"
$ cd "/home/pete/wefwefwef/docs/other/5469407794/ecaptcha-tag-v0.1.1/ecaptcha"
$ 5000  `find -P . -type l -delete  2>&1`
$ cd "/home/pete/wefwefwef/docs/erldocs_other.git"
$ cd "/home/pete/wefwefwef/docs/other/5469407794/ecaptcha-tag-v0.1.1/ecaptcha"
$ 5000  `ls -1 deps/  2>&1`
$ cd "/home/pete/wefwefwef/docs/erldocs_other.git"
>>> [rebar] deps = ["ejwt","erlsha2","jsx","lager","meck"]
 :: Generating erldocs into /home/pete/wefwefwef/docs/other/5469407794/repo/v0.1.1
Building ecaptcha
Generating Type Specs - "/home/pete/wefwefwef/docs/other/5469407794/ecaptcha-tag-v0.1.1/ecaptcha/src/ecaptcha_image.erl"
Generating Type Specs - "/home/pete/wefwefwef/docs/other/5469407794/ecaptcha-tag-v0.1.1/ecaptcha/src/ecaptcha_text.erl"
Generating XML for application ecaptcha "/home/pete/wefwefwef/docs/other/5469407794/ecaptcha-tag-v0.1.1/ecaptcha" -> "/home/pete/wefwefwef/docs/other/5469407794/repo/v0.1.1/.xml/ecaptcha"
Generated ecaptcha XMLs: ["/home/pete/wefwefwef/docs/other/5469407794/repo/v0.1.1/.xml/ecaptcha/ecaptcha_text.xml",
                          "/home/pete/wefwefwef/docs/other/5469407794/repo/v0.1.1/.xml/ecaptcha/ecaptcha_image.xml"]
Generating HTML - ecaptcha_image "/home/pete/wefwefwef/docs/other/5469407794/repo/v0.1.1/.xml/ecaptcha/ecaptcha_image.xml"
Reading XML for "/home/pete/wefwefwef/docs/other/5469407794/repo/v0.1.1/.xml/ecaptcha/ecaptcha_image.xml"
Reading XML for "/home/pete/wefwefwef/docs/other/5469407794/repo/v0.1.1/.xml/specs_ecaptcha_image.xml"
Generating HTML - ecaptcha_text "/home/pete/wefwefwef/docs/other/5469407794/repo/v0.1.1/.xml/ecaptcha/ecaptcha_text.xml"
Reading XML for "/home/pete/wefwefwef/docs/other/5469407794/repo/v0.1.1/.xml/ecaptcha/ecaptcha_text.xml"
Reading XML for "/home/pete/wefwefwef/docs/other/5469407794/repo/v0.1.1/.xml/specs_ecaptcha_text.xml"
Creating index.html ...
Creating erldocs_index.js ...
Woot, finished in 0 Minutes 0 Seconds
 :: Discovering other repos
$ 5000  `rm -r '/home/pete/wefwefwef/docs/other/5469407794/ecaptcha-tag-v0.1.1'  2>&1`
 :: Processing https://github.com/artefactop/ecaptcha	{rev,tag,"v0.1.2","036ef25f42a081ec538d911641cdb1b1daa3ffb3",undefined,[],[]}
 :: Fetching repo code
$ cd "/home/pete/wefwefwef/docs/other/5469407794/ecaptcha-tag-v0.1.2/ecaptcha"
$ infinity  `curl --fail --silent --show-error --location --output 'v0.1.2.zip' 'https://github.com/artefactop/ecaptcha/archive/v0.1.2.zip'  2>&1`
$ cd "/home/pete/wefwefwef/docs/erldocs_other.git"
$ cd "/home/pete/wefwefwef/docs/other/5469407794/ecaptcha-tag-v0.1.2/ecaptcha"
$ 5000  `find -P . -type l -delete  2>&1`
$ cd "/home/pete/wefwefwef/docs/erldocs_other.git"
$ cd "/home/pete/wefwefwef/docs/other/5469407794/ecaptcha-tag-v0.1.2/ecaptcha"
$ 5000  `find 'ecaptcha-0.1.2' -mindepth 1 -maxdepth 1 -exec mv -t . -- {} +  2>&1`
$ cd "/home/pete/wefwefwef/docs/erldocs_other.git"
 :: Getting dependencies
$ cd "/home/pete/wefwefwef/docs/other/5469407794/ecaptcha-tag-v0.1.2/ecaptcha"
$ infinity  `rebar --config '/home/pete/wefwefwef/docs/other/5469407794/ecaptcha-tag-v0.1.2/rebar_deps' get-deps  2>&1`
$ cd "/home/pete/wefwefwef/docs/erldocs_other.git"
$ cd "/home/pete/wefwefwef/docs/other/5469407794/ecaptcha-tag-v0.1.2/ecaptcha"
$ 5000  `find -P . -type l -delete  2>&1`
$ cd "/home/pete/wefwefwef/docs/erldocs_other.git"
$ cd "/home/pete/wefwefwef/docs/other/5469407794/ecaptcha-tag-v0.1.2/ecaptcha"
$ 5000  `ls -1 deps/  2>&1`
$ cd "/home/pete/wefwefwef/docs/erldocs_other.git"
>>> [rebar] deps = ["cache","ejwt","erlsha2","jsx","lager","meck"]
 :: Generating erldocs into /home/pete/wefwefwef/docs/other/5469407794/repo/v0.1.2
Building ecaptcha
Generating Type Specs - "/home/pete/wefwefwef/docs/other/5469407794/ecaptcha-tag-v0.1.2/ecaptcha/src/ecaptcha_image.erl"
Generating Type Specs - "/home/pete/wefwefwef/docs/other/5469407794/ecaptcha-tag-v0.1.2/ecaptcha/src/ecaptcha_text.erl"
Generating XML for application ecaptcha "/home/pete/wefwefwef/docs/other/5469407794/ecaptcha-tag-v0.1.2/ecaptcha" -> "/home/pete/wefwefwef/docs/other/5469407794/repo/v0.1.2/.xml/ecaptcha"
Generated ecaptcha XMLs: ["/home/pete/wefwefwef/docs/other/5469407794/repo/v0.1.2/.xml/ecaptcha/ecaptcha_text.xml",
                          "/home/pete/wefwefwef/docs/other/5469407794/repo/v0.1.2/.xml/ecaptcha/ecaptcha_image.xml"]
Generating HTML - ecaptcha_image "/home/pete/wefwefwef/docs/other/5469407794/repo/v0.1.2/.xml/ecaptcha/ecaptcha_image.xml"
Reading XML for "/home/pete/wefwefwef/docs/other/5469407794/repo/v0.1.2/.xml/ecaptcha/ecaptcha_image.xml"
Reading XML for "/home/pete/wefwefwef/docs/other/5469407794/repo/v0.1.2/.xml/specs_ecaptcha_image.xml"
Generating HTML - ecaptcha_text "/home/pete/wefwefwef/docs/other/5469407794/repo/v0.1.2/.xml/ecaptcha/ecaptcha_text.xml"
Reading XML for "/home/pete/wefwefwef/docs/other/5469407794/repo/v0.1.2/.xml/ecaptcha/ecaptcha_text.xml"
Reading XML for "/home/pete/wefwefwef/docs/other/5469407794/repo/v0.1.2/.xml/specs_ecaptcha_text.xml"
Creating index.html ...
Creating erldocs_index.js ...
Woot, finished in 0 Minutes 0 Seconds
 :: Discovering other repos
$ 5000  `rm -r '/home/pete/wefwefwef/docs/other/5469407794/ecaptcha-tag-v0.1.2'  2>&1`
 :: Processing https://github.com/artefactop/ecaptcha	{rev,branch,"master","036ef25f42a081ec538d911641cdb1b1daa3ffb3",undefined,[],[]}
 :: Fetching repo code
$ cd "/home/pete/wefwefwef/docs/other/5469407794/ecaptcha-branch-master/ecaptcha"
$ infinity  `curl --fail --silent --show-error --location --output 'master.zip' 'https://github.com/artefactop/ecaptcha/archive/master.zip'  2>&1`
$ cd "/home/pete/wefwefwef/docs/erldocs_other.git"
$ cd "/home/pete/wefwefwef/docs/other/5469407794/ecaptcha-branch-master/ecaptcha"
$ 5000  `find -P . -type l -delete  2>&1`
$ cd "/home/pete/wefwefwef/docs/erldocs_other.git"
$ cd "/home/pete/wefwefwef/docs/other/5469407794/ecaptcha-branch-master/ecaptcha"
$ 5000  `find 'ecaptcha-master' -mindepth 1 -maxdepth 1 -exec mv -t . -- {} +  2>&1`
$ cd "/home/pete/wefwefwef/docs/erldocs_other.git"
 :: Getting dependencies
$ cd "/home/pete/wefwefwef/docs/other/5469407794/ecaptcha-branch-master/ecaptcha"
$ infinity  `rebar --config '/home/pete/wefwefwef/docs/other/5469407794/ecaptcha-branch-master/rebar_deps' get-deps  2>&1`
$ cd "/home/pete/wefwefwef/docs/erldocs_other.git"
$ cd "/home/pete/wefwefwef/docs/other/5469407794/ecaptcha-branch-master/ecaptcha"
$ 5000  `find -P . -type l -delete  2>&1`
$ cd "/home/pete/wefwefwef/docs/erldocs_other.git"
$ cd "/home/pete/wefwefwef/docs/other/5469407794/ecaptcha-branch-master/ecaptcha"
$ 5000  `ls -1 deps/  2>&1`
$ cd "/home/pete/wefwefwef/docs/erldocs_other.git"
>>> [rebar] deps = ["cache","ejwt","erlsha2","jsx","lager","meck"]
 :: Generating erldocs into /home/pete/wefwefwef/docs/other/5469407794/repo/master
Building ecaptcha
Generating Type Specs - "/home/pete/wefwefwef/docs/other/5469407794/ecaptcha-branch-master/ecaptcha/src/ecaptcha_image.erl"
Generating Type Specs - "/home/pete/wefwefwef/docs/other/5469407794/ecaptcha-branch-master/ecaptcha/src/ecaptcha_text.erl"
Generating XML for application ecaptcha "/home/pete/wefwefwef/docs/other/5469407794/ecaptcha-branch-master/ecaptcha" -> "/home/pete/wefwefwef/docs/other/5469407794/repo/master/.xml/ecaptcha"
Generated ecaptcha XMLs: ["/home/pete/wefwefwef/docs/other/5469407794/repo/master/.xml/ecaptcha/ecaptcha_text.xml",
                          "/home/pete/wefwefwef/docs/other/5469407794/repo/master/.xml/ecaptcha/ecaptcha_image.xml"]
Generating HTML - ecaptcha_image "/home/pete/wefwefwef/docs/other/5469407794/repo/master/.xml/ecaptcha/ecaptcha_image.xml"
Reading XML for "/home/pete/wefwefwef/docs/other/5469407794/repo/master/.xml/ecaptcha/ecaptcha_image.xml"
Reading XML for "/home/pete/wefwefwef/docs/other/5469407794/repo/master/.xml/specs_ecaptcha_image.xml"
Generating HTML - ecaptcha_text "/home/pete/wefwefwef/docs/other/5469407794/repo/master/.xml/ecaptcha/ecaptcha_text.xml"
Reading XML for "/home/pete/wefwefwef/docs/other/5469407794/repo/master/.xml/ecaptcha/ecaptcha_text.xml"
Reading XML for "/home/pete/wefwefwef/docs/other/5469407794/repo/master/.xml/specs_ecaptcha_text.xml"
Creating index.html ...
Creating erldocs_index.js ...
Woot, finished in 0 Minutes 0 Seconds
 :: Discovering other repos
$ 5000  `rm -r '/home/pete/wefwefwef/docs/other/5469407794/ecaptcha-branch-master'  2>&1`
 :: Finishing up
$ 5000  `rm -r '/home/pete/wefwefwef/docs/other/5469407794/ecaptcha'  2>&1`
