 :: Extracting meta information
$ 5000  `git ls-remote --heads --tags 'https://github.com/inaka/classifier'  2>&1`
>>> [repo] 1 branches, 0 tags
 :: Writing meta to "/home/pete/wefwefwef/docs/other/3320344819/meta.txt"
 :: Processing https://github.com/inaka/classifier	{rev,branch,"master","a3de44af97f374a03b3e5a93e06cb65f6d8cccb6"}
 :: Fetching repo code
$ cd "/home/pete/wefwefwef/docs/other/3320344819/classifier-branch-master/classifier"
$ infinity  `curl --fail --silent --show-error --location --output 'master.zip' 'https://github.com/inaka/classifier/archive/master.zip'  2>&1`
$ cd "/home/pete/wefwefwef/docs/erldocs_other.git"
$ cd "/home/pete/wefwefwef/docs/other/3320344819/classifier-branch-master/classifier"
$ 5000  `find -P . -type l -delete  2>&1`
$ cd "/home/pete/wefwefwef/docs/erldocs_other.git"
$ cd "/home/pete/wefwefwef/docs/other/3320344819/classifier-branch-master/classifier"
$ 5000  `find 'classifier-master' -mindepth 1 -maxdepth 1 -exec mv -t . -- {} +  2>&1`
$ cd "/home/pete/wefwefwef/docs/erldocs_other.git"
 :: Getting dependencies
$ cd "/home/pete/wefwefwef/docs/other/3320344819/classifier-branch-master/classifier"
$ 5000  `ls -1 deps/  2>&1`
$ cd "/home/pete/wefwefwef/docs/erldocs_other.git"
>>> [rebar] deps = []
 :: Generating erldocs into /home/pete/wefwefwef/docs/other/3320344819/repo/master
Building classifier
Generating Type Specs - "/home/pete/wefwefwef/docs/other/3320344819/classifier-branch-master/classifier/src/classifier.erl"
Generating Type Specs - "/home/pete/wefwefwef/docs/other/3320344819/classifier-branch-master/classifier/src/classifier_app.erl"
Generating Type Specs - "/home/pete/wefwefwef/docs/other/3320344819/classifier-branch-master/classifier/src/classifier_sup.erl"
Generating Type Specs - "/home/pete/wefwefwef/docs/other/3320344819/classifier-branch-master/classifier/src/classifier_utils.erl"
Generating XML for application classifier "/home/pete/wefwefwef/docs/other/3320344819/classifier-branch-master/classifier" -> "/home/pete/wefwefwef/docs/other/3320344819/repo/master/.xml/classifier"
Generated classifier XMLs: ["/home/pete/wefwefwef/docs/other/3320344819/repo/master/.xml/classifier/classifier_sup.xml",
                            "/home/pete/wefwefwef/docs/other/3320344819/repo/master/.xml/classifier/classifier_app.xml",
                            "/home/pete/wefwefwef/docs/other/3320344819/repo/master/.xml/classifier/classifier.xml",
                            "/home/pete/wefwefwef/docs/other/3320344819/repo/master/.xml/classifier/classifier_utils.xml"]
Generating HTML - classifier_sup "/home/pete/wefwefwef/docs/other/3320344819/repo/master/.xml/classifier/classifier_sup.xml"
Generating HTML - classifier_app "/home/pete/wefwefwef/docs/other/3320344819/repo/master/.xml/classifier/classifier_app.xml"
Generating HTML - classifier "/home/pete/wefwefwef/docs/other/3320344819/repo/master/.xml/classifier/classifier.xml"
Generating HTML - classifier_utils "/home/pete/wefwefwef/docs/other/3320344819/repo/master/.xml/classifier/classifier_utils.xml"
Reading XML for "/home/pete/wefwefwef/docs/other/3320344819/repo/master/.xml/classifier/classifier_sup.xml"
Reading XML for "/home/pete/wefwefwef/docs/other/3320344819/repo/master/.xml/classifier/classifier_app.xml"
Reading XML for "/home/pete/wefwefwef/docs/other/3320344819/repo/master/.xml/classifier/classifier.xml"
Reading XML for "/home/pete/wefwefwef/docs/other/3320344819/repo/master/.xml/classifier/classifier_utils.xml"
Reading XML for "/home/pete/wefwefwef/docs/other/3320344819/repo/master/.xml/specs_classifier_sup.xml"
Reading XML for "/home/pete/wefwefwef/docs/other/3320344819/repo/master/.xml/specs_classifier_app.xml"
Reading XML for "/home/pete/wefwefwef/docs/other/3320344819/repo/master/.xml/specs_classifier_utils.xml"
Reading XML for "/home/pete/wefwefwef/docs/other/3320344819/repo/master/.xml/specs_classifier.xml"
Creating index.html ...
Creating erldocs_index.js ...
Woot, finished in 0 Minutes 0 Seconds
 :: Discovering other repos
$ 5000  `rm -r '/home/pete/wefwefwef/docs/other/3320344819/classifier-branch-master'  2>&1`
 :: Erldocs finishing up
$ 5000  `rm -r '/home/pete/wefwefwef/docs/other/3320344819/classifier'  2>&1`
