 :: Extracting meta information
$ 5000  `git ls-remote --heads --tags 'https://github.com/rcouch/couchdb-oauth'  2>&1`
>>> [repo] 5 branches, 1 tags
 :: Writing meta to "/home/pete/wefwefwef/docs/other/8909804521/meta.txt"
 :: Processing https://github.com/rcouch/couchdb-oauth	{rev,tag,"1.3.0","ab497ab815cb339c9f134b760d9671369cd34185",undefined,[],[]}
 :: Fetching repo code
$ cd "/home/pete/wefwefwef/docs/other/8909804521/couchdb-oauth-tag-1.3.0/couchdb-oauth"
$ infinity  `curl --fail --silent --show-error --location --output '1.3.0.zip' 'https://github.com/rcouch/couchdb-oauth/archive/1.3.0.zip'  2>&1`
$ cd "/home/pete/wefwefwef/docs/erldocs_other.git"
$ cd "/home/pete/wefwefwef/docs/other/8909804521/couchdb-oauth-tag-1.3.0/couchdb-oauth"
$ 5000  `find -P . -type l -delete  2>&1`
$ cd "/home/pete/wefwefwef/docs/erldocs_other.git"
$ cd "/home/pete/wefwefwef/docs/other/8909804521/couchdb-oauth-tag-1.3.0/couchdb-oauth"
$ 5000  `find 'couchdb-oauth-1.3.0' -mindepth 1 -maxdepth 1 -exec mv -t . -- {} +  2>&1`
$ cd "/home/pete/wefwefwef/docs/erldocs_other.git"
 :: Getting dependencies
$ cd "/home/pete/wefwefwef/docs/other/8909804521/couchdb-oauth-tag-1.3.0/couchdb-oauth"
$ 5000  `ls -1 deps/  2>&1`
$ cd "/home/pete/wefwefwef/docs/erldocs_other.git"
>>> [rebar] deps = []
 :: Generating erldocs into /home/pete/wefwefwef/docs/other/8909804521/repo/1.3.0
Building couchdb-oauth
Generating Type Specs - "/home/pete/wefwefwef/docs/other/8909804521/couchdb-oauth-tag-1.3.0/couchdb-oauth/src/oauth.erl"
Generating XML for application couchdb-oauth "/home/pete/wefwefwef/docs/other/8909804521/couchdb-oauth-tag-1.3.0/couchdb-oauth" -> "/home/pete/wefwefwef/docs/other/8909804521/repo/1.3.0/.xml/couchdb-oauth"
Generated couchdb-oauth XMLs: ["/home/pete/wefwefwef/docs/other/8909804521/repo/1.3.0/.xml/couchdb-oauth/oauth.xml"]
Generating HTML - oauth "/home/pete/wefwefwef/docs/other/8909804521/repo/1.3.0/.xml/couchdb-oauth/oauth.xml"
Reading XML for "/home/pete/wefwefwef/docs/other/8909804521/repo/1.3.0/.xml/couchdb-oauth/oauth.xml"
Reading XML for "/home/pete/wefwefwef/docs/other/8909804521/repo/1.3.0/.xml/specs_oauth.xml"
Creating index.html ...
Creating erldocs_index.js ...
Woot, finished in 0 Minutes 0 Seconds
 :: Discovering other repos
$ 5000  `rm -r '/home/pete/wefwefwef/docs/other/8909804521/couchdb-oauth-tag-1.3.0'  2>&1`
 :: Processing https://github.com/rcouch/couchdb-oauth	{rev,branch,"1843-feature-bigcouch","d50a78688b6b489ae0a57799519b88f3b9f81401",undefined,[],[]}
 :: Fetching repo code
$ cd "/home/pete/wefwefwef/docs/other/8909804521/couchdb-oauth-branch-1843-feature-bigcouch/couchdb-oauth"
$ infinity  `curl --fail --silent --show-error --location --output '1843-feature-bigcouch.zip' 'https://github.com/rcouch/couchdb-oauth/archive/1843-feature-bigcouch.zip'  2>&1`
$ cd "/home/pete/wefwefwef/docs/erldocs_other.git"
$ cd "/home/pete/wefwefwef/docs/other/8909804521/couchdb-oauth-branch-1843-feature-bigcouch/couchdb-oauth"
$ 5000  `find -P . -type l -delete  2>&1`
$ cd "/home/pete/wefwefwef/docs/erldocs_other.git"
$ cd "/home/pete/wefwefwef/docs/other/8909804521/couchdb-oauth-branch-1843-feature-bigcouch/couchdb-oauth"
$ 5000  `find 'couchdb-oauth-1843-feature-bigcouch' -mindepth 1 -maxdepth 1 -exec mv -t . -- {} +  2>&1`
$ cd "/home/pete/wefwefwef/docs/erldocs_other.git"
 :: Getting dependencies
$ cd "/home/pete/wefwefwef/docs/other/8909804521/couchdb-oauth-branch-1843-feature-bigcouch/couchdb-oauth"
$ 5000  `ls -1 deps/  2>&1`
$ cd "/home/pete/wefwefwef/docs/erldocs_other.git"
>>> [rebar] deps = []
 :: Generating erldocs into /home/pete/wefwefwef/docs/other/8909804521/repo/1843-feature-bigcouch
Building couchdb-oauth
Generating Type Specs - "/home/pete/wefwefwef/docs/other/8909804521/couchdb-oauth-branch-1843-feature-bigcouch/couchdb-oauth/src/oauth.erl"
Generating XML for application couchdb-oauth "/home/pete/wefwefwef/docs/other/8909804521/couchdb-oauth-branch-1843-feature-bigcouch/couchdb-oauth" -> "/home/pete/wefwefwef/docs/other/8909804521/repo/1843-feature-bigcouch/.xml/couchdb-oauth"
Generated couchdb-oauth XMLs: ["/home/pete/wefwefwef/docs/other/8909804521/repo/1843-feature-bigcouch/.xml/couchdb-oauth/oauth.xml"]
Generating HTML - oauth "/home/pete/wefwefwef/docs/other/8909804521/repo/1843-feature-bigcouch/.xml/couchdb-oauth/oauth.xml"
Reading XML for "/home/pete/wefwefwef/docs/other/8909804521/repo/1843-feature-bigcouch/.xml/couchdb-oauth/oauth.xml"
Reading XML for "/home/pete/wefwefwef/docs/other/8909804521/repo/1843-feature-bigcouch/.xml/specs_oauth.xml"
Creating index.html ...
Creating erldocs_index.js ...
Woot, finished in 0 Minutes 0 Seconds
 :: Discovering other repos
$ 5000  `rm -r '/home/pete/wefwefwef/docs/other/8909804521/couchdb-oauth-branch-1843-feature-bigcouch'  2>&1`
 :: Processing https://github.com/rcouch/couchdb-oauth	{rev,branch,"import","d50a78688b6b489ae0a57799519b88f3b9f81401",undefined,[],[]}
 :: Fetching repo code
$ cd "/home/pete/wefwefwef/docs/other/8909804521/couchdb-oauth-branch-import/couchdb-oauth"
$ infinity  `curl --fail --silent --show-error --location --output 'import.zip' 'https://github.com/rcouch/couchdb-oauth/archive/import.zip'  2>&1`
$ cd "/home/pete/wefwefwef/docs/erldocs_other.git"
$ cd "/home/pete/wefwefwef/docs/other/8909804521/couchdb-oauth-branch-import/couchdb-oauth"
$ 5000  `find -P . -type l -delete  2>&1`
$ cd "/home/pete/wefwefwef/docs/erldocs_other.git"
$ cd "/home/pete/wefwefwef/docs/other/8909804521/couchdb-oauth-branch-import/couchdb-oauth"
$ 5000  `find 'couchdb-oauth-import' -mindepth 1 -maxdepth 1 -exec mv -t . -- {} +  2>&1`
$ cd "/home/pete/wefwefwef/docs/erldocs_other.git"
 :: Getting dependencies
$ cd "/home/pete/wefwefwef/docs/other/8909804521/couchdb-oauth-branch-import/couchdb-oauth"
$ 5000  `ls -1 deps/  2>&1`
$ cd "/home/pete/wefwefwef/docs/erldocs_other.git"
>>> [rebar] deps = []
 :: Generating erldocs into /home/pete/wefwefwef/docs/other/8909804521/repo/import
Building couchdb-oauth
Generating Type Specs - "/home/pete/wefwefwef/docs/other/8909804521/couchdb-oauth-branch-import/couchdb-oauth/src/oauth.erl"
Generating XML for application couchdb-oauth "/home/pete/wefwefwef/docs/other/8909804521/couchdb-oauth-branch-import/couchdb-oauth" -> "/home/pete/wefwefwef/docs/other/8909804521/repo/import/.xml/couchdb-oauth"
Generated couchdb-oauth XMLs: ["/home/pete/wefwefwef/docs/other/8909804521/repo/import/.xml/couchdb-oauth/oauth.xml"]
Generating HTML - oauth "/home/pete/wefwefwef/docs/other/8909804521/repo/import/.xml/couchdb-oauth/oauth.xml"
Reading XML for "/home/pete/wefwefwef/docs/other/8909804521/repo/import/.xml/couchdb-oauth/oauth.xml"
Reading XML for "/home/pete/wefwefwef/docs/other/8909804521/repo/import/.xml/specs_oauth.xml"
Creating index.html ...
Creating erldocs_index.js ...
Woot, finished in 0 Minutes 0 Seconds
 :: Discovering other repos
$ 5000  `rm -r '/home/pete/wefwefwef/docs/other/8909804521/couchdb-oauth-branch-import'  2>&1`
 :: Processing https://github.com/rcouch/couchdb-oauth	{rev,branch,"import-master","db23ab232f07f9b80b6315f730bf71913b9db9ee",undefined,[],[]}
 :: Fetching repo code
$ cd "/home/pete/wefwefwef/docs/other/8909804521/couchdb-oauth-branch-import-master/couchdb-oauth"
$ infinity  `curl --fail --silent --show-error --location --output 'import-master.zip' 'https://github.com/rcouch/couchdb-oauth/archive/import-master.zip'  2>&1`
$ cd "/home/pete/wefwefwef/docs/erldocs_other.git"
$ cd "/home/pete/wefwefwef/docs/other/8909804521/couchdb-oauth-branch-import-master/couchdb-oauth"
$ 5000  `find -P . -type l -delete  2>&1`
$ cd "/home/pete/wefwefwef/docs/erldocs_other.git"
$ cd "/home/pete/wefwefwef/docs/other/8909804521/couchdb-oauth-branch-import-master/couchdb-oauth"
$ 5000  `find 'couchdb-oauth-import-master' -mindepth 1 -maxdepth 1 -exec mv -t . -- {} +  2>&1`
$ cd "/home/pete/wefwefwef/docs/erldocs_other.git"
 :: Getting dependencies
 :: Generating erldocs into /home/pete/wefwefwef/docs/other/8909804521/repo/import-master
Building couchdb-oauth
Generating Type Specs - "/home/pete/wefwefwef/docs/other/8909804521/couchdb-oauth-branch-import-master/couchdb-oauth/oauth.erl"
Generating XML for application couchdb-oauth "/home/pete/wefwefwef/docs/other/8909804521/couchdb-oauth-branch-import-master/couchdb-oauth" -> "/home/pete/wefwefwef/docs/other/8909804521/repo/import-master/.xml/couchdb-oauth"
Generated couchdb-oauth XMLs: ["/home/pete/wefwefwef/docs/other/8909804521/repo/import-master/.xml/couchdb-oauth/oauth.xml"]
Generating HTML - oauth "/home/pete/wefwefwef/docs/other/8909804521/repo/import-master/.xml/couchdb-oauth/oauth.xml"
Reading XML for "/home/pete/wefwefwef/docs/other/8909804521/repo/import-master/.xml/couchdb-oauth/oauth.xml"
Reading XML for "/home/pete/wefwefwef/docs/other/8909804521/repo/import-master/.xml/specs_oauth.xml"
Creating index.html ...
Creating erldocs_index.js ...
Woot, finished in 0 Minutes 0 Seconds
 :: Discovering other repos
$ 5000  `rm -r '/home/pete/wefwefwef/docs/other/8909804521/couchdb-oauth-branch-import-master'  2>&1`
 :: Processing https://github.com/rcouch/couchdb-oauth	{rev,branch,"master","2e26bf0f4ace399ea0dcc593255ec042445c02e9",undefined,[],[]}
 :: Fetching repo code
$ cd "/home/pete/wefwefwef/docs/other/8909804521/couchdb-oauth-branch-master/couchdb-oauth"
$ infinity  `curl --fail --silent --show-error --location --output 'master.zip' 'https://github.com/rcouch/couchdb-oauth/archive/master.zip'  2>&1`
$ cd "/home/pete/wefwefwef/docs/erldocs_other.git"
$ cd "/home/pete/wefwefwef/docs/other/8909804521/couchdb-oauth-branch-master/couchdb-oauth"
$ 5000  `find -P . -type l -delete  2>&1`
$ cd "/home/pete/wefwefwef/docs/erldocs_other.git"
$ cd "/home/pete/wefwefwef/docs/other/8909804521/couchdb-oauth-branch-master/couchdb-oauth"
$ 5000  `find 'couchdb-oauth-master' -mindepth 1 -maxdepth 1 -exec mv -t . -- {} +  2>&1`
$ cd "/home/pete/wefwefwef/docs/erldocs_other.git"
 :: Getting dependencies
$ cd "/home/pete/wefwefwef/docs/other/8909804521/couchdb-oauth-branch-master/couchdb-oauth"
$ 5000  `ls -1 deps/  2>&1`
$ cd "/home/pete/wefwefwef/docs/erldocs_other.git"
>>> [rebar] deps = []
 :: Generating erldocs into /home/pete/wefwefwef/docs/other/8909804521/repo/master
Building couchdb-oauth
Generating Type Specs - "/home/pete/wefwefwef/docs/other/8909804521/couchdb-oauth-branch-master/couchdb-oauth/src/oauth.erl"
Generating XML for application couchdb-oauth "/home/pete/wefwefwef/docs/other/8909804521/couchdb-oauth-branch-master/couchdb-oauth" -> "/home/pete/wefwefwef/docs/other/8909804521/repo/master/.xml/couchdb-oauth"
Generated couchdb-oauth XMLs: ["/home/pete/wefwefwef/docs/other/8909804521/repo/master/.xml/couchdb-oauth/oauth.xml"]
Generating HTML - oauth "/home/pete/wefwefwef/docs/other/8909804521/repo/master/.xml/couchdb-oauth/oauth.xml"
Reading XML for "/home/pete/wefwefwef/docs/other/8909804521/repo/master/.xml/couchdb-oauth/oauth.xml"
Reading XML for "/home/pete/wefwefwef/docs/other/8909804521/repo/master/.xml/specs_oauth.xml"
Creating index.html ...
Creating erldocs_index.js ...
Woot, finished in 0 Minutes 0 Seconds
 :: Discovering other repos
$ 5000  `rm -r '/home/pete/wefwefwef/docs/other/8909804521/couchdb-oauth-branch-master'  2>&1`
 :: Processing https://github.com/rcouch/couchdb-oauth	{rev,branch,"v1.6.1-rcouch-1.x","ab497ab815cb339c9f134b760d9671369cd34185",undefined,[],[]}
 :: Fetching repo code
$ cd "/home/pete/wefwefwef/docs/other/8909804521/couchdb-oauth-branch-v1.6.1-rcouch-1.x/couchdb-oauth"
$ infinity  `curl --fail --silent --show-error --location --output 'v1.6.1-rcouch-1.x.zip' 'https://github.com/rcouch/couchdb-oauth/archive/v1.6.1-rcouch-1.x.zip'  2>&1`
$ cd "/home/pete/wefwefwef/docs/erldocs_other.git"
$ cd "/home/pete/wefwefwef/docs/other/8909804521/couchdb-oauth-branch-v1.6.1-rcouch-1.x/couchdb-oauth"
$ 5000  `find -P . -type l -delete  2>&1`
$ cd "/home/pete/wefwefwef/docs/erldocs_other.git"
$ cd "/home/pete/wefwefwef/docs/other/8909804521/couchdb-oauth-branch-v1.6.1-rcouch-1.x/couchdb-oauth"
$ 5000  `find 'couchdb-oauth-v1.6.1-rcouch-1.x' -mindepth 1 -maxdepth 1 -exec mv -t . -- {} +  2>&1`
$ cd "/home/pete/wefwefwef/docs/erldocs_other.git"
>>> [stdout] "find: `couchdb-oauth-v1.6.1-rcouch-1.x': No such file or directory"
 :: Error running eo_core:
	[{eo_os,chk,2,[{file,"src/eo_os.erl"},{line,55}]},
         {eo_scm,fetch,2,[{file,"src/eo_scm.erl"},{line,87}]},
         {eo_core,copy_repo,5,[{file,"src/eo_core.erl"},{line,235}]},
         {eo_core,do,7,[{file,"src/eo_core.erl"},{line,94}]},
         {eo_core,'-main_/1-lc$^0/1-0-',8,
                  [{file,"src/eo_core.erl"},{line,77}]},
         {eo_core,'-main_/1-lc$^0/1-0-',8,
                  [{file,"src/eo_core.erl"},{line,78}]},
         {eo_core,main_,1,[{file,"src/eo_core.erl"},{line,77}]},
         {eo_core,main,1,[{file,"src/eo_core.erl"},{line,47}]}]
{throw,{sh,mv_all,error,1,
           [{"find: `couchdb-oauth-v1.6.1-rcouch-1.x'"},
            {": No such file or directory"}]}}
