 :: Extracting meta information
$ 5000  `git ls-remote --heads --tags 'https://github.com/benoitc/erlang-idna-nif'  2>&1`
>>> [repo] 1 branches, 0 tags
 :: Writing meta to "/home/pete/wefwefwef/docs/other/4034572921/meta.txt"
 :: Processing https://github.com/benoitc/erlang-idna-nif	{rev,branch,"master","6cdc15b07bd298ae1f19b6a91bca43cec3b3b5dd"}
 :: Fetching repo code
$ cd "/home/pete/wefwefwef/docs/other/4034572921/erlang-idna-nif-branch-master/erlang-idna-nif"
$ infinity  `curl --fail --silent --show-error --location --output 'master.zip' 'https://github.com/benoitc/erlang-idna-nif/archive/master.zip'  2>&1`
$ cd "/home/pete/wefwefwef/docs/erldocs_other.git"
$ cd "/home/pete/wefwefwef/docs/other/4034572921/erlang-idna-nif-branch-master/erlang-idna-nif"
$ 5000  `find -P . -type l -delete  2>&1`
$ cd "/home/pete/wefwefwef/docs/erldocs_other.git"
$ cd "/home/pete/wefwefwef/docs/other/4034572921/erlang-idna-nif-branch-master/erlang-idna-nif"
$ 5000  `find 'erlang-idna-nif-master' -mindepth 1 -maxdepth 1 -exec mv -t . -- {} +  2>&1`
$ cd "/home/pete/wefwefwef/docs/erldocs_other.git"
 :: Getting dependencies
$ cd "/home/pete/wefwefwef/docs/other/4034572921/erlang-idna-nif-branch-master/erlang-idna-nif"
$ 5000  `ls -1 deps/  2>&1`
$ cd "/home/pete/wefwefwef/docs/erldocs_other.git"
>>> [rebar] deps = []
 :: Generating erldocs into /home/pete/wefwefwef/docs/other/4034572921/repo/master
Building erlang-idna-nif
Generating Type Specs - "/home/pete/wefwefwef/docs/other/4034572921/erlang-idna-nif-branch-master/erlang-idna-nif/src/idna.erl"
Generating Type Specs - "/home/pete/wefwefwef/docs/other/4034572921/erlang-idna-nif-branch-master/erlang-idna-nif/src/idna_app.erl"
Generating Type Specs - "/home/pete/wefwefwef/docs/other/4034572921/erlang-idna-nif-branch-master/erlang-idna-nif/src/idna_nif.erl"
Generating Type Specs - "/home/pete/wefwefwef/docs/other/4034572921/erlang-idna-nif-branch-master/erlang-idna-nif/src/idna_sup.erl"
Generating XML for application erlang-idna-nif "/home/pete/wefwefwef/docs/other/4034572921/erlang-idna-nif-branch-master/erlang-idna-nif" -> "/home/pete/wefwefwef/docs/other/4034572921/repo/master/.xml/erlang-idna-nif"
Generated erlang-idna-nif XMLs: ["/home/pete/wefwefwef/docs/other/4034572921/repo/master/.xml/erlang-idna-nif/idna_app.xml",
                                 "/home/pete/wefwefwef/docs/other/4034572921/repo/master/.xml/erlang-idna-nif/idna.xml",
                                 "/home/pete/wefwefwef/docs/other/4034572921/repo/master/.xml/erlang-idna-nif/idna_nif.xml",
                                 "/home/pete/wefwefwef/docs/other/4034572921/repo/master/.xml/erlang-idna-nif/idna_sup.xml"]
Generating HTML - idna_app "/home/pete/wefwefwef/docs/other/4034572921/repo/master/.xml/erlang-idna-nif/idna_app.xml"
Generating HTML - idna "/home/pete/wefwefwef/docs/other/4034572921/repo/master/.xml/erlang-idna-nif/idna.xml"
Generating HTML - idna_nif "/home/pete/wefwefwef/docs/other/4034572921/repo/master/.xml/erlang-idna-nif/idna_nif.xml"
Generating HTML - idna_sup "/home/pete/wefwefwef/docs/other/4034572921/repo/master/.xml/erlang-idna-nif/idna_sup.xml"
Reading XML for "/home/pete/wefwefwef/docs/other/4034572921/repo/master/.xml/erlang-idna-nif/idna_app.xml"
Reading XML for "/home/pete/wefwefwef/docs/other/4034572921/repo/master/.xml/erlang-idna-nif/idna.xml"
Reading XML for "/home/pete/wefwefwef/docs/other/4034572921/repo/master/.xml/erlang-idna-nif/idna_nif.xml"
Reading XML for "/home/pete/wefwefwef/docs/other/4034572921/repo/master/.xml/erlang-idna-nif/idna_sup.xml"
Reading XML for "/home/pete/wefwefwef/docs/other/4034572921/repo/master/.xml/specs_idna_app.xml"
Reading XML for "/home/pete/wefwefwef/docs/other/4034572921/repo/master/.xml/specs_idna.xml"
Reading XML for "/home/pete/wefwefwef/docs/other/4034572921/repo/master/.xml/specs_idna_sup.xml"
Reading XML for "/home/pete/wefwefwef/docs/other/4034572921/repo/master/.xml/specs_idna_nif.xml"
Creating index.html ...
Creating erldocs_index.js ...
Woot, finished in 0 Minutes 0 Seconds
 :: Discovering other repos
$ 5000  `rm -r '/home/pete/wefwefwef/docs/other/4034572921/erlang-idna-nif-branch-master'  2>&1`
 :: Erldocs finishing up
$ 5000  `rm -r '/home/pete/wefwefwef/docs/other/4034572921/erlang-idna-nif'  2>&1`
