 :: Extracting meta information
$ 5000  `git ls-remote --heads --tags 'https://github.com/faal/ewd'  2>&1`
>>> [repo] 1 branches, 0 tags
 :: Writing meta to "/home/pete/wefwefwef/docs/other/2774152716/meta.txt"
 :: Processing https://github.com/faal/ewd	{rev,branch,"master","9863283a2633d12cb1a873c09bbdcc2b655fb40d"}
 :: Fetching repo code
$ cd "/home/pete/wefwefwef/docs/other/2774152716/ewd-branch-master/ewd"
$ infinity  `curl --fail --silent --show-error --location --output 'master.zip' 'https://github.com/faal/ewd/archive/master.zip'  2>&1`
$ cd "/home/pete/wefwefwef/docs/erldocs_other.git"
$ cd "/home/pete/wefwefwef/docs/other/2774152716/ewd-branch-master/ewd"
$ 5000  `find -P . -type l -delete  2>&1`
$ cd "/home/pete/wefwefwef/docs/erldocs_other.git"
$ cd "/home/pete/wefwefwef/docs/other/2774152716/ewd-branch-master/ewd"
$ 5000  `find 'ewd-master' -mindepth 1 -maxdepth 1 -exec mv -t . -- {} +  2>&1`
$ cd "/home/pete/wefwefwef/docs/erldocs_other.git"
 :: Getting dependencies
$ cd "/home/pete/wefwefwef/docs/other/2774152716/ewd-branch-master/ewd"
$ 5000  `ls -1 deps/  2>&1`
$ cd "/home/pete/wefwefwef/docs/erldocs_other.git"
>>> [rebar] deps = []
 :: Generating erldocs into /home/pete/wefwefwef/docs/other/2774152716/repo/master
Building ewd
Generating Type Specs - "/home/pete/wefwefwef/docs/other/2774152716/ewd-branch-master/ewd/src/ewd.erl"
Generating Type Specs - "/home/pete/wefwefwef/docs/other/2774152716/ewd-branch-master/ewd/src/ewd_app.erl"
Generating Type Specs - "/home/pete/wefwefwef/docs/other/2774152716/ewd-branch-master/ewd/src/ewd_elem.erl"
Generating Type Specs - "/home/pete/wefwefwef/docs/other/2774152716/ewd-branch-master/ewd/src/ewd_instance.erl"
Generating Type Specs - "/home/pete/wefwefwef/docs/other/2774152716/ewd-branch-master/ewd/src/ewd_server.erl"
Generating Type Specs - "/home/pete/wefwefwef/docs/other/2774152716/ewd-branch-master/ewd/src/ewd_sup.erl"
Generating Type Specs - "/home/pete/wefwefwef/docs/other/2774152716/ewd-branch-master/ewd/src/reloader.erl"
Generating XML for application ewd "/home/pete/wefwefwef/docs/other/2774152716/ewd-branch-master/ewd" -> "/home/pete/wefwefwef/docs/other/2774152716/repo/master/.xml/ewd"
/home/pete/wefwefwef/docs/other/2774152716/ewd-branch-master/ewd/src/ewd_instance.erl, function start_link/1: at line 30: @spec arity does not match.
edoc: skipping source file '/home/pete/wefwefwef/docs/other/2774152716/ewd-branch-master/ewd/src/ewd_instance.erl': {'EXIT',
                                                                                                               error}.
/home/pete/wefwefwef/docs/other/2774152716/ewd-branch-master/ewd/src/ewd.erl, function get/2: at line 40: unknown error parsing specification: {41,edoc_parser,
                                      ["syntax error before: ","'-'"]}.
edoc: skipping source file '/home/pete/wefwefwef/docs/other/2774152716/ewd-branch-master/ewd/src/ewd.erl': {'EXIT',
                                                                                                      error}.
edoc: error in doclet 'edoc_doclet': {'EXIT',error}.
Error generating ewd XMLs. Using fallback ...
Generating XML ewd - ewd "/home/pete/wefwefwef/docs/other/2774152716/ewd-branch-master/ewd/src/ewd.erl" -> "/home/pete/wefwefwef/docs/other/2774152716/repo/master/.xml/ewd/ewd.xml"
/home/pete/wefwefwef/docs/other/2774152716/ewd-branch-master/ewd/src/ewd.erl, function get/2: at line 40: unknown error parsing specification: {41,edoc_parser,
                                      ["syntax error before: ","'-'"]}.
Error generating XML ("/home/pete/wefwefwef/docs/other/2774152716/ewd-branch-master/ewd/src/ewd.erl"): {'EXIT',
                                                                                                        error}
Generating XML ewd - ewd_app "/home/pete/wefwefwef/docs/other/2774152716/ewd-branch-master/ewd/src/ewd_app.erl" -> "/home/pete/wefwefwef/docs/other/2774152716/repo/master/.xml/ewd/ewd_app.xml"
Generating XML ewd - ewd_elem "/home/pete/wefwefwef/docs/other/2774152716/ewd-branch-master/ewd/src/ewd_elem.erl" -> "/home/pete/wefwefwef/docs/other/2774152716/repo/master/.xml/ewd/ewd_elem.xml"
Generating XML ewd - ewd_instance "/home/pete/wefwefwef/docs/other/2774152716/ewd-branch-master/ewd/src/ewd_instance.erl" -> "/home/pete/wefwefwef/docs/other/2774152716/repo/master/.xml/ewd/ewd_instance.xml"
/home/pete/wefwefwef/docs/other/2774152716/ewd-branch-master/ewd/src/ewd_instance.erl, function start_link/1: at line 30: @spec arity does not match.
Error generating XML ("/home/pete/wefwefwef/docs/other/2774152716/ewd-branch-master/ewd/src/ewd_instance.erl"): {'EXIT',
                                                                                                                 error}
Generating XML ewd - ewd_server "/home/pete/wefwefwef/docs/other/2774152716/ewd-branch-master/ewd/src/ewd_server.erl" -> "/home/pete/wefwefwef/docs/other/2774152716/repo/master/.xml/ewd/ewd_server.xml"
Generating XML ewd - ewd_sup "/home/pete/wefwefwef/docs/other/2774152716/ewd-branch-master/ewd/src/ewd_sup.erl" -> "/home/pete/wefwefwef/docs/other/2774152716/repo/master/.xml/ewd/ewd_sup.xml"
Generating XML ewd - reloader "/home/pete/wefwefwef/docs/other/2774152716/ewd-branch-master/ewd/src/reloader.erl" -> "/home/pete/wefwefwef/docs/other/2774152716/repo/master/.xml/ewd/reloader.xml"
Generating HTML - reloader "/home/pete/wefwefwef/docs/other/2774152716/repo/master/.xml/ewd/reloader.xml"
Generating HTML - ewd_sup "/home/pete/wefwefwef/docs/other/2774152716/repo/master/.xml/ewd/ewd_sup.xml"
Generating HTML - ewd_server "/home/pete/wefwefwef/docs/other/2774152716/repo/master/.xml/ewd/ewd_server.xml"
Generating HTML - ewd_app "/home/pete/wefwefwef/docs/other/2774152716/repo/master/.xml/ewd/ewd_app.xml"
Reading XML for "/home/pete/wefwefwef/docs/other/2774152716/repo/master/.xml/ewd/reloader.xml"
Reading XML for "/home/pete/wefwefwef/docs/other/2774152716/repo/master/.xml/ewd/ewd_sup.xml"
Reading XML for "/home/pete/wefwefwef/docs/other/2774152716/repo/master/.xml/ewd/ewd_server.xml"
Reading XML for "/home/pete/wefwefwef/docs/other/2774152716/repo/master/.xml/ewd/ewd_app.xml"
Reading XML for "/home/pete/wefwefwef/docs/other/2774152716/repo/master/.xml/specs_ewd_server.xml"
Reading XML for "/home/pete/wefwefwef/docs/other/2774152716/repo/master/.xml/specs_ewd_app.xml"
Reading XML for "/home/pete/wefwefwef/docs/other/2774152716/repo/master/.xml/specs_ewd_sup.xml"
Generating HTML - ewd_elem "/home/pete/wefwefwef/docs/other/2774152716/repo/master/.xml/ewd/ewd_elem.xml"
Reading XML for "/home/pete/wefwefwef/docs/other/2774152716/repo/master/.xml/ewd/ewd_elem.xml"
Reading XML for "/home/pete/wefwefwef/docs/other/2774152716/repo/master/.xml/specs_reloader.xml"
Reading XML for "/home/pete/wefwefwef/docs/other/2774152716/repo/master/.xml/specs_ewd_elem.xml"
Creating index.html ...
Creating erldocs_index.js ...
Woot, finished in 0 Minutes 1 Seconds
 :: Discovering other repos
$ 5000  `rm -r '/home/pete/wefwefwef/docs/other/2774152716/ewd-branch-master'  2>&1`
 :: Erldocs finishing up
$ 5000  `rm -r '/home/pete/wefwefwef/docs/other/2774152716/ewd'  2>&1`
