 :: Extracting meta information
$ 5000  `git ls-remote --heads --tags 'https://github.com/tty/gaffer'  2>&1`
>>> [repo] 1 branches, 0 tags
 :: Writing meta to "/home/pete/wefwefwef/docs/other/1530071696/meta.txt"
 :: Processing https://github.com/tty/gaffer	{rev,branch,"master","a0e1e0a3a3c51cf3bf8b717244784689e7e2c187"}
 :: Fetching repo code
$ cd "/home/pete/wefwefwef/docs/other/1530071696/gaffer-branch-master/gaffer"
$ infinity  `curl --fail --silent --show-error --location --output 'master.zip' 'https://github.com/tty/gaffer/archive/master.zip'  2>&1`
$ cd "/home/pete/wefwefwef/docs/erldocs_other.git"
$ cd "/home/pete/wefwefwef/docs/other/1530071696/gaffer-branch-master/gaffer"
$ 5000  `find -P . -type l -delete  2>&1`
$ cd "/home/pete/wefwefwef/docs/erldocs_other.git"
$ cd "/home/pete/wefwefwef/docs/other/1530071696/gaffer-branch-master/gaffer"
$ 5000  `find 'gaffer-master' -mindepth 1 -maxdepth 1 -exec mv -t . -- {} +  2>&1`
$ cd "/home/pete/wefwefwef/docs/erldocs_other.git"
 :: Getting dependencies
$ cd "/home/pete/wefwefwef/docs/other/1530071696/gaffer-branch-master/gaffer"
$ 5000  `ls -1 deps/  2>&1`
$ cd "/home/pete/wefwefwef/docs/erldocs_other.git"
>>> [rebar] deps = []
 :: Generating erldocs into /home/pete/wefwefwef/docs/other/1530071696/repo/master
Building gaffer
Generating Type Specs - "/home/pete/wefwefwef/docs/other/1530071696/gaffer-branch-master/gaffer/src/active_ws_handler.erl"
Generating Type Specs - "/home/pete/wefwefwef/docs/other/1530071696/gaffer-branch-master/gaffer/src/gaffer.erl"
Generating Type Specs - "/home/pete/wefwefwef/docs/other/1530071696/gaffer-branch-master/gaffer/src/gaffer_app.erl"
Generating Type Specs - "/home/pete/wefwefwef/docs/other/1530071696/gaffer-branch-master/gaffer/src/gaffer_sup.erl"
Generating Type Specs - "/home/pete/wefwefwef/docs/other/1530071696/gaffer-branch-master/gaffer/src/gaffer_ws_client.erl"
Generating Type Specs - "/home/pete/wefwefwef/docs/other/1530071696/gaffer-branch-master/gaffer/src/gaffer_ws_client_handler.erl"
Generating Type Specs - "/home/pete/wefwefwef/docs/other/1530071696/gaffer-branch-master/gaffer/src/inbox_ws_handler.erl"
Generating XML for application gaffer "/home/pete/wefwefwef/docs/other/1530071696/gaffer-branch-master/gaffer" -> "/home/pete/wefwefwef/docs/other/1530071696/repo/master/.xml/gaffer"
Generated gaffer XMLs: ["/home/pete/wefwefwef/docs/other/1530071696/repo/master/.xml/gaffer/gaffer_sup.xml",
                        "/home/pete/wefwefwef/docs/other/1530071696/repo/master/.xml/gaffer/inbox_ws_handler.xml",
                        "/home/pete/wefwefwef/docs/other/1530071696/repo/master/.xml/gaffer/active_ws_handler.xml",
                        "/home/pete/wefwefwef/docs/other/1530071696/repo/master/.xml/gaffer/gaffer_app.xml",
                        "/home/pete/wefwefwef/docs/other/1530071696/repo/master/.xml/gaffer/gaffer_ws_client.xml",
                        "/home/pete/wefwefwef/docs/other/1530071696/repo/master/.xml/gaffer/gaffer.xml",
                        "/home/pete/wefwefwef/docs/other/1530071696/repo/master/.xml/gaffer/gaffer_ws_client_handler.xml"]
Generating HTML - gaffer_sup "/home/pete/wefwefwef/docs/other/1530071696/repo/master/.xml/gaffer/gaffer_sup.xml"
Generating HTML - inbox_ws_handler "/home/pete/wefwefwef/docs/other/1530071696/repo/master/.xml/gaffer/inbox_ws_handler.xml"
Generating HTML - active_ws_handler "/home/pete/wefwefwef/docs/other/1530071696/repo/master/.xml/gaffer/active_ws_handler.xml"
Generating HTML - gaffer_ws_client_handler "/home/pete/wefwefwef/docs/other/1530071696/repo/master/.xml/gaffer/gaffer_ws_client_handler.xml"
Reading XML for "/home/pete/wefwefwef/docs/other/1530071696/repo/master/.xml/gaffer/gaffer_sup.xml"
Reading XML for "/home/pete/wefwefwef/docs/other/1530071696/repo/master/.xml/gaffer/inbox_ws_handler.xml"
Reading XML for "/home/pete/wefwefwef/docs/other/1530071696/repo/master/.xml/gaffer/active_ws_handler.xml"
Reading XML for "/home/pete/wefwefwef/docs/other/1530071696/repo/master/.xml/gaffer/gaffer_ws_client_handler.xml"
Reading XML for "/home/pete/wefwefwef/docs/other/1530071696/repo/master/.xml/specs_gaffer_sup.xml"
Reading XML for "/home/pete/wefwefwef/docs/other/1530071696/repo/master/.xml/specs_active_ws_handler.xml"
Reading XML for "/home/pete/wefwefwef/docs/other/1530071696/repo/master/.xml/specs_inbox_ws_handler.xml"
Reading XML for "/home/pete/wefwefwef/docs/other/1530071696/repo/master/.xml/specs_gaffer_ws_client_handler.xml"
Generating HTML - gaffer "/home/pete/wefwefwef/docs/other/1530071696/repo/master/.xml/gaffer/gaffer.xml"
Reading XML for "/home/pete/wefwefwef/docs/other/1530071696/repo/master/.xml/gaffer/gaffer.xml"
Reading XML for "/home/pete/wefwefwef/docs/other/1530071696/repo/master/.xml/specs_gaffer.xml"
Generating HTML - gaffer_ws_client "/home/pete/wefwefwef/docs/other/1530071696/repo/master/.xml/gaffer/gaffer_ws_client.xml"
Reading XML for "/home/pete/wefwefwef/docs/other/1530071696/repo/master/.xml/gaffer/gaffer_ws_client.xml"
Reading XML for "/home/pete/wefwefwef/docs/other/1530071696/repo/master/.xml/specs_gaffer_ws_client.xml"
Generating HTML - gaffer_app "/home/pete/wefwefwef/docs/other/1530071696/repo/master/.xml/gaffer/gaffer_app.xml"
Reading XML for "/home/pete/wefwefwef/docs/other/1530071696/repo/master/.xml/gaffer/gaffer_app.xml"
Reading XML for "/home/pete/wefwefwef/docs/other/1530071696/repo/master/.xml/specs_gaffer_app.xml"
Creating index.html ...
Creating erldocs_index.js ...
Woot, finished in 0 Minutes 0 Seconds
 :: Discovering other repos
$ 5000  `rm -r '/home/pete/wefwefwef/docs/other/1530071696/gaffer-branch-master'  2>&1`
 :: Erldocs finishing up
$ 5000  `rm -r '/home/pete/wefwefwef/docs/other/1530071696/gaffer'  2>&1`
