 :: Extracting meta information
$ 5000  `git ls-remote --heads --tags 'https://github.com/aartamonau/ale'  2>&1`
>>> [repo] 1 branches, 0 tags
 :: Writing meta to "/home/pete/wefwefwef/docs/other/8806102677/meta.txt"
 :: Processing https://github.com/aartamonau/ale	{rev,branch,"master","942eb6af7d02a2848e3068ad2eb0d93fb89cc028",undefined,[],[]}
 :: Fetching repo code
$ cd "/home/pete/wefwefwef/docs/other/8806102677/ale-branch-master/ale"
$ infinity  `curl --fail --silent --show-error --location --output 'master.zip' 'https://github.com/aartamonau/ale/archive/master.zip'  2>&1`
$ cd "/home/pete/wefwefwef/docs/erldocs_other.git"
$ cd "/home/pete/wefwefwef/docs/other/8806102677/ale-branch-master/ale"
$ 5000  `find -P . -type l -delete  2>&1`
$ cd "/home/pete/wefwefwef/docs/erldocs_other.git"
$ cd "/home/pete/wefwefwef/docs/other/8806102677/ale-branch-master/ale"
$ 5000  `find 'ale-master' -mindepth 1 -maxdepth 1 -exec mv -t . -- {} +  2>&1`
$ cd "/home/pete/wefwefwef/docs/erldocs_other.git"
 :: Getting dependencies
$ cd "/home/pete/wefwefwef/docs/other/8806102677/ale-branch-master/ale"
$ 5000  `ls -1 deps/  2>&1`
$ cd "/home/pete/wefwefwef/docs/erldocs_other.git"
>>> [rebar] deps = []
 :: Generating erldocs into /home/pete/wefwefwef/docs/other/8806102677/repo/master
Building ale
Generating Type Specs - "/home/pete/wefwefwef/docs/other/8806102677/ale-branch-master/ale/src/ale.erl"
Generating Type Specs - "/home/pete/wefwefwef/docs/other/8806102677/ale-branch-master/ale/src/ale_app.erl"
Generating Type Specs - "/home/pete/wefwefwef/docs/other/8806102677/ale-branch-master/ale/src/ale_codegen.erl"
Generating Type Specs - "/home/pete/wefwefwef/docs/other/8806102677/ale-branch-master/ale/src/ale_default_formatter.erl"
Generating Type Specs - "/home/pete/wefwefwef/docs/other/8806102677/ale-branch-master/ale/src/ale_disk_sink.erl"
Generating Type Specs - "/home/pete/wefwefwef/docs/other/8806102677/ale-branch-master/ale/src/ale_dynamic_sup.erl"
Generating Type Specs - "/home/pete/wefwefwef/docs/other/8806102677/ale-branch-master/ale/src/ale_error_logger_handler.erl"
Generating Type Specs - "/home/pete/wefwefwef/docs/other/8806102677/ale-branch-master/ale/src/ale_stderr_sink.erl"
Generating Type Specs - "/home/pete/wefwefwef/docs/other/8806102677/ale-branch-master/ale/src/ale_sup.erl"
Generating Type Specs - "/home/pete/wefwefwef/docs/other/8806102677/ale-branch-master/ale/src/ale_transform.erl"
Generating Type Specs - "/home/pete/wefwefwef/docs/other/8806102677/ale-branch-master/ale/src/ale_utils.erl"
Generating Type Specs - "/home/pete/wefwefwef/docs/other/8806102677/ale-branch-master/ale/src/dynamic_compile.erl"
Generating XML for application ale "/home/pete/wefwefwef/docs/other/8806102677/ale-branch-master/ale" -> "/home/pete/wefwefwef/docs/other/8806102677/repo/master/.xml/ale"
Generated ale XMLs: ["/home/pete/wefwefwef/docs/other/8806102677/repo/master/.xml/ale/ale_disk_sink.xml",
                     "/home/pete/wefwefwef/docs/other/8806102677/repo/master/.xml/ale/dynamic_compile.xml",
                     "/home/pete/wefwefwef/docs/other/8806102677/repo/master/.xml/ale/ale_codegen.xml",
                     "/home/pete/wefwefwef/docs/other/8806102677/repo/master/.xml/ale/ale_app.xml",
                     "/home/pete/wefwefwef/docs/other/8806102677/repo/master/.xml/ale/ale_stderr_sink.xml",
                     "/home/pete/wefwefwef/docs/other/8806102677/repo/master/.xml/ale/ale_error_logger_handler.xml",
                     "/home/pete/wefwefwef/docs/other/8806102677/repo/master/.xml/ale/ale_dynamic_sup.xml",
                     "/home/pete/wefwefwef/docs/other/8806102677/repo/master/.xml/ale/ale_sup.xml",
                     "/home/pete/wefwefwef/docs/other/8806102677/repo/master/.xml/ale/ale.xml",
                     "/home/pete/wefwefwef/docs/other/8806102677/repo/master/.xml/ale/ale_transform.xml",
                     "/home/pete/wefwefwef/docs/other/8806102677/repo/master/.xml/ale/ale_utils.xml",
                     "/home/pete/wefwefwef/docs/other/8806102677/repo/master/.xml/ale/ale_default_formatter.xml"]
Generating HTML - ale_codegen "/home/pete/wefwefwef/docs/other/8806102677/repo/master/.xml/ale/ale_codegen.xml"
Generating HTML - ale_error_logger_handler "/home/pete/wefwefwef/docs/other/8806102677/repo/master/.xml/ale/ale_error_logger_handler.xml"
Generating HTML - ale "/home/pete/wefwefwef/docs/other/8806102677/repo/master/.xml/ale/ale.xml"
Generating HTML - ale_default_formatter "/home/pete/wefwefwef/docs/other/8806102677/repo/master/.xml/ale/ale_default_formatter.xml"
Reading XML for "/home/pete/wefwefwef/docs/other/8806102677/repo/master/.xml/ale/ale_codegen.xml"
Reading XML for "/home/pete/wefwefwef/docs/other/8806102677/repo/master/.xml/ale/ale_error_logger_handler.xml"
Reading XML for "/home/pete/wefwefwef/docs/other/8806102677/repo/master/.xml/ale/ale.xml"
Reading XML for "/home/pete/wefwefwef/docs/other/8806102677/repo/master/.xml/ale/ale_default_formatter.xml"
Reading XML for "/home/pete/wefwefwef/docs/other/8806102677/repo/master/.xml/specs_ale_codegen.xml"
Generating HTML - dynamic_compile "/home/pete/wefwefwef/docs/other/8806102677/repo/master/.xml/ale/dynamic_compile.xml"
Reading XML for "/home/pete/wefwefwef/docs/other/8806102677/repo/master/.xml/ale/dynamic_compile.xml"
Reading XML for "/home/pete/wefwefwef/docs/other/8806102677/repo/master/.xml/specs_ale_error_logger_handler.xml"
Reading XML for "/home/pete/wefwefwef/docs/other/8806102677/repo/master/.xml/specs_ale_default_formatter.xml"
Generating HTML - ale_utils "/home/pete/wefwefwef/docs/other/8806102677/repo/master/.xml/ale/ale_utils.xml"
Reading XML for "/home/pete/wefwefwef/docs/other/8806102677/repo/master/.xml/ale/ale_utils.xml"
Generating HTML - ale_stderr_sink "/home/pete/wefwefwef/docs/other/8806102677/repo/master/.xml/ale/ale_stderr_sink.xml"
Reading XML for "/home/pete/wefwefwef/docs/other/8806102677/repo/master/.xml/ale/ale_stderr_sink.xml"
Reading XML for "/home/pete/wefwefwef/docs/other/8806102677/repo/master/.xml/specs_ale.xml"
Generating HTML - ale_sup "/home/pete/wefwefwef/docs/other/8806102677/repo/master/.xml/ale/ale_sup.xml"
Reading XML for "/home/pete/wefwefwef/docs/other/8806102677/repo/master/.xml/ale/ale_sup.xml"
Reading XML for "/home/pete/wefwefwef/docs/other/8806102677/repo/master/.xml/specs_dynamic_compile.xml"
Generating HTML - ale_disk_sink "/home/pete/wefwefwef/docs/other/8806102677/repo/master/.xml/ale/ale_disk_sink.xml"
Reading XML for "/home/pete/wefwefwef/docs/other/8806102677/repo/master/.xml/ale/ale_disk_sink.xml"
Reading XML for "/home/pete/wefwefwef/docs/other/8806102677/repo/master/.xml/specs_ale_utils.xml"
Generating HTML - ale_transform "/home/pete/wefwefwef/docs/other/8806102677/repo/master/.xml/ale/ale_transform.xml"
Reading XML for "/home/pete/wefwefwef/docs/other/8806102677/repo/master/.xml/ale/ale_transform.xml"
Reading XML for "/home/pete/wefwefwef/docs/other/8806102677/repo/master/.xml/specs_ale_stderr_sink.xml"
Generating HTML - ale_app "/home/pete/wefwefwef/docs/other/8806102677/repo/master/.xml/ale/ale_app.xml"
Reading XML for "/home/pete/wefwefwef/docs/other/8806102677/repo/master/.xml/ale/ale_app.xml"
Reading XML for "/home/pete/wefwefwef/docs/other/8806102677/repo/master/.xml/specs_ale_sup.xml"
Generating HTML - ale_dynamic_sup "/home/pete/wefwefwef/docs/other/8806102677/repo/master/.xml/ale/ale_dynamic_sup.xml"
Reading XML for "/home/pete/wefwefwef/docs/other/8806102677/repo/master/.xml/ale/ale_dynamic_sup.xml"
Reading XML for "/home/pete/wefwefwef/docs/other/8806102677/repo/master/.xml/specs_ale_disk_sink.xml"
Reading XML for "/home/pete/wefwefwef/docs/other/8806102677/repo/master/.xml/specs_ale_transform.xml"
Reading XML for "/home/pete/wefwefwef/docs/other/8806102677/repo/master/.xml/specs_ale_app.xml"
Reading XML for "/home/pete/wefwefwef/docs/other/8806102677/repo/master/.xml/specs_ale_dynamic_sup.xml"
Creating index.html ...
Creating erldocs_index.js ...
Woot, finished in 0 Minutes 1 Seconds
 :: Discovering other repos
$ 5000  `rm -r '/home/pete/wefwefwef/docs/other/8806102677/ale-branch-master'  2>&1`
 :: Finishing up
$ 5000  `rm -r '/home/pete/wefwefwef/docs/other/8806102677/ale'  2>&1`
