 :: Extracting meta information
$ 5000  `git ls-remote --heads --tags 'https://github.com/redvasily/erlang-re2'  2>&1`
>>> [repo] 1 branches, 0 tags
 :: Writing meta to "/home/pete/wefwefwef/docs/other/292946555/meta.txt"
 :: Processing https://github.com/redvasily/erlang-re2	{rev,branch,"master","5f0f19b113a8975bbd3b5c6f18120ed08f28dc63"}
 :: Fetching repo code
$ cd "/home/pete/wefwefwef/docs/other/292946555/erlang-re2-branch-master/erlang-re2"
$ infinity  `curl --fail --silent --show-error --location --output 'master.zip' 'https://github.com/redvasily/erlang-re2/archive/master.zip'  2>&1`
$ cd "/home/pete/wefwefwef/docs/erldocs_other.git"
$ cd "/home/pete/wefwefwef/docs/other/292946555/erlang-re2-branch-master/erlang-re2"
$ 5000  `find -P . -type l -delete  2>&1`
$ cd "/home/pete/wefwefwef/docs/erldocs_other.git"
$ cd "/home/pete/wefwefwef/docs/other/292946555/erlang-re2-branch-master/erlang-re2"
$ 5000  `find 'erlang-re2-master' -mindepth 1 -maxdepth 1 -exec mv -t . -- {} +  2>&1`
$ cd "/home/pete/wefwefwef/docs/erldocs_other.git"
 :: Getting dependencies
$ cd "/home/pete/wefwefwef/docs/other/292946555/erlang-re2-branch-master/erlang-re2"
$ 5000  `ls -1 deps/  2>&1`
$ cd "/home/pete/wefwefwef/docs/erldocs_other.git"
>>> [rebar] deps = []
 :: Generating erldocs into /home/pete/wefwefwef/docs/other/292946555/repo/master
Building erlang-re2
Generating Type Specs - "/home/pete/wefwefwef/docs/other/292946555/erlang-re2-branch-master/erlang-re2/src/re2.erl"
Generating Type Specs - "/home/pete/wefwefwef/docs/other/292946555/erlang-re2-branch-master/erlang-re2/src/re2_app.erl"
Generating Type Specs - "/home/pete/wefwefwef/docs/other/292946555/erlang-re2-branch-master/erlang-re2/src/re2_perf.erl"
Generating Type Specs - "/home/pete/wefwefwef/docs/other/292946555/erlang-re2-branch-master/erlang-re2/src/re2_sup.erl"
Generating XML for application erlang-re2 "/home/pete/wefwefwef/docs/other/292946555/erlang-re2-branch-master/erlang-re2" -> "/home/pete/wefwefwef/docs/other/292946555/repo/master/.xml/erlang-re2"
Generated erlang-re2 XMLs: ["/home/pete/wefwefwef/docs/other/292946555/repo/master/.xml/erlang-re2/re2.xml",
                            "/home/pete/wefwefwef/docs/other/292946555/repo/master/.xml/erlang-re2/re2_sup.xml",
                            "/home/pete/wefwefwef/docs/other/292946555/repo/master/.xml/erlang-re2/re2_perf.xml",
                            "/home/pete/wefwefwef/docs/other/292946555/repo/master/.xml/erlang-re2/re2_app.xml"]
Generating HTML - re2 "/home/pete/wefwefwef/docs/other/292946555/repo/master/.xml/erlang-re2/re2.xml"
Generating HTML - re2_sup "/home/pete/wefwefwef/docs/other/292946555/repo/master/.xml/erlang-re2/re2_sup.xml"
Generating HTML - re2_perf "/home/pete/wefwefwef/docs/other/292946555/repo/master/.xml/erlang-re2/re2_perf.xml"
Generating HTML - re2_app "/home/pete/wefwefwef/docs/other/292946555/repo/master/.xml/erlang-re2/re2_app.xml"
Reading XML for "/home/pete/wefwefwef/docs/other/292946555/repo/master/.xml/erlang-re2/re2.xml"
Reading XML for "/home/pete/wefwefwef/docs/other/292946555/repo/master/.xml/erlang-re2/re2_sup.xml"
Reading XML for "/home/pete/wefwefwef/docs/other/292946555/repo/master/.xml/erlang-re2/re2_perf.xml"
Reading XML for "/home/pete/wefwefwef/docs/other/292946555/repo/master/.xml/erlang-re2/re2_app.xml"
Reading XML for "/home/pete/wefwefwef/docs/other/292946555/repo/master/.xml/specs_re2_sup.xml"
Reading XML for "/home/pete/wefwefwef/docs/other/292946555/repo/master/.xml/specs_re2_perf.xml"
Reading XML for "/home/pete/wefwefwef/docs/other/292946555/repo/master/.xml/specs_re2.xml"
Reading XML for "/home/pete/wefwefwef/docs/other/292946555/repo/master/.xml/specs_re2_app.xml"
Creating index.html ...
Creating erldocs_index.js ...
Woot, finished in 0 Minutes 0 Seconds
 :: Discovering other repos
$ 5000  `rm -r '/home/pete/wefwefwef/docs/other/292946555/erlang-re2-branch-master'  2>&1`
 :: Erldocs finishing up
$ 5000  `rm -r '/home/pete/wefwefwef/docs/other/292946555/erlang-re2'  2>&1`
