 :: Extracting meta information
$ 5000  `git ls-remote --heads --tags 'https://github.com/norton/meck'  2>&1`
>>> [repo] 3 branches, 16 tags
 :: Writing meta to "/home/pete/wefwefwef/docs/other/7044170645/meta.txt"
 :: Processing https://github.com/norton/meck	{rev,tag,"0.1.0","01e21ecdf062ed0c29028856532a6dd2623ec766"}
 :: Fetching repo code
$ cd "/home/pete/wefwefwef/docs/other/7044170645/meck-tag-0.1.0/meck"
$ infinity  `curl --fail --silent --show-error --location --output '0.1.0.zip' 'https://github.com/norton/meck/archive/0.1.0.zip'  2>&1`
$ cd "/home/pete/wefwefwef/docs/erldocs_other.git"
$ cd "/home/pete/wefwefwef/docs/other/7044170645/meck-tag-0.1.0/meck"
$ 5000  `find -P . -type l -delete  2>&1`
$ cd "/home/pete/wefwefwef/docs/erldocs_other.git"
$ cd "/home/pete/wefwefwef/docs/other/7044170645/meck-tag-0.1.0/meck"
$ 5000  `find 'meck-0.1.0' -mindepth 1 -maxdepth 1 -exec mv -t . -- {} +  2>&1`
$ cd "/home/pete/wefwefwef/docs/erldocs_other.git"
 :: Getting dependencies
$ cd "/home/pete/wefwefwef/docs/other/7044170645/meck-tag-0.1.0/meck"
$ infinity  `rebar --config '/home/pete/wefwefwef/docs/other/7044170645/meck-tag-0.1.0/rebar_deps' get-deps  2>&1`
$ cd "/home/pete/wefwefwef/docs/erldocs_other.git"
$ cd "/home/pete/wefwefwef/docs/other/7044170645/meck-tag-0.1.0/meck"
$ 5000  `find -P . -type l -delete  2>&1`
$ cd "/home/pete/wefwefwef/docs/erldocs_other.git"
$ cd "/home/pete/wefwefwef/docs/other/7044170645/meck-tag-0.1.0/meck"
$ 5000  `ls -1 deps/  2>&1`
$ cd "/home/pete/wefwefwef/docs/erldocs_other.git"
>>> [rebar] deps = ["proper"]
 :: Generating erldocs into /home/pete/wefwefwef/docs/other/7044170645/repo/0.1.0
Building meck
Generating Type Specs - "/home/pete/wefwefwef/docs/other/7044170645/meck-tag-0.1.0/meck/src/hamcrest.erl"
Generating Type Specs - "/home/pete/wefwefwef/docs/other/7044170645/meck-tag-0.1.0/meck/src/hamcrest_matchers.erl"
Generating Type Specs - "/home/pete/wefwefwef/docs/other/7044170645/meck-tag-0.1.0/meck/src/hamcrest_term.erl"
Generating XML for application meck "/home/pete/wefwefwef/docs/other/7044170645/meck-tag-0.1.0/meck" -> "/home/pete/wefwefwef/docs/other/7044170645/repo/0.1.0/.xml/meck"
Generated meck XMLs: ["/home/pete/wefwefwef/docs/other/7044170645/repo/0.1.0/.xml/meck/hamcrest.xml",
                      "/home/pete/wefwefwef/docs/other/7044170645/repo/0.1.0/.xml/meck/hamcrest_term.xml",
                      "/home/pete/wefwefwef/docs/other/7044170645/repo/0.1.0/.xml/meck/hamcrest_matchers.xml"]
Generating HTML - hamcrest_matchers "/home/pete/wefwefwef/docs/other/7044170645/repo/0.1.0/.xml/meck/hamcrest_matchers.xml"
Reading XML for "/home/pete/wefwefwef/docs/other/7044170645/repo/0.1.0/.xml/meck/hamcrest_matchers.xml"
Reading XML for "/home/pete/wefwefwef/docs/other/7044170645/repo/0.1.0/.xml/specs_hamcrest_matchers.xml"
Generating HTML - hamcrest_term "/home/pete/wefwefwef/docs/other/7044170645/repo/0.1.0/.xml/meck/hamcrest_term.xml"
Reading XML for "/home/pete/wefwefwef/docs/other/7044170645/repo/0.1.0/.xml/meck/hamcrest_term.xml"
Reading XML for "/home/pete/wefwefwef/docs/other/7044170645/repo/0.1.0/.xml/specs_hamcrest_term.xml"
Generating HTML - hamcrest "/home/pete/wefwefwef/docs/other/7044170645/repo/0.1.0/.xml/meck/hamcrest.xml"
Reading XML for "/home/pete/wefwefwef/docs/other/7044170645/repo/0.1.0/.xml/meck/hamcrest.xml"
Reading XML for "/home/pete/wefwefwef/docs/other/7044170645/repo/0.1.0/.xml/specs_hamcrest.xml"
Creating index.html ...
Creating erldocs_index.js ...
Woot, finished in 0 Minutes 0 Seconds
 :: Discovering other repos
$ 5000  `rm -r '/home/pete/wefwefwef/docs/other/7044170645/meck-tag-0.1.0'  2>&1`
 :: Processing https://github.com/norton/meck	{rev,tag,"0.5","3bdbb81831543476c5840d754555b8a22dd5b5af"}
 :: Fetching repo code
$ cd "/home/pete/wefwefwef/docs/other/7044170645/meck-tag-0.5/meck"
$ infinity  `curl --fail --silent --show-error --location --output '0.5.zip' 'https://github.com/norton/meck/archive/0.5.zip'  2>&1`
$ cd "/home/pete/wefwefwef/docs/erldocs_other.git"
$ cd "/home/pete/wefwefwef/docs/other/7044170645/meck-tag-0.5/meck"
$ 5000  `find -P . -type l -delete  2>&1`
$ cd "/home/pete/wefwefwef/docs/erldocs_other.git"
$ cd "/home/pete/wefwefwef/docs/other/7044170645/meck-tag-0.5/meck"
$ 5000  `find 'meck-0.5' -mindepth 1 -maxdepth 1 -exec mv -t . -- {} +  2>&1`
$ cd "/home/pete/wefwefwef/docs/erldocs_other.git"
 :: Getting dependencies
$ cd "/home/pete/wefwefwef/docs/other/7044170645/meck-tag-0.5/meck"
$ 5000  `ls -1 deps/  2>&1`
$ cd "/home/pete/wefwefwef/docs/erldocs_other.git"
>>> [rebar] deps = []
 :: Generating erldocs into /home/pete/wefwefwef/docs/other/7044170645/repo/0.5
Building meck
Generating Type Specs - "/home/pete/wefwefwef/docs/other/7044170645/meck-tag-0.5/meck/src/meck.erl"
Generating XML for application meck "/home/pete/wefwefwef/docs/other/7044170645/meck-tag-0.5/meck" -> "/home/pete/wefwefwef/docs/other/7044170645/repo/0.5/.xml/meck"
Generated meck XMLs: ["/home/pete/wefwefwef/docs/other/7044170645/repo/0.5/.xml/meck/meck.xml"]
Generating HTML - meck "/home/pete/wefwefwef/docs/other/7044170645/repo/0.5/.xml/meck/meck.xml"
Reading XML for "/home/pete/wefwefwef/docs/other/7044170645/repo/0.5/.xml/meck/meck.xml"
Reading XML for "/home/pete/wefwefwef/docs/other/7044170645/repo/0.5/.xml/specs_meck.xml"
Creating index.html ...
Creating erldocs_index.js ...
Woot, finished in 0 Minutes 0 Seconds
 :: Discovering other repos
$ 5000  `rm -r '/home/pete/wefwefwef/docs/other/7044170645/meck-tag-0.5'  2>&1`
 :: Processing https://github.com/norton/meck	{rev,tag,"0.5.1","d07a2d36d38c60ca697629d59d67298d396fab6a"}
 :: Fetching repo code
$ cd "/home/pete/wefwefwef/docs/other/7044170645/meck-tag-0.5.1/meck"
$ infinity  `curl --fail --silent --show-error --location --output '0.5.1.zip' 'https://github.com/norton/meck/archive/0.5.1.zip'  2>&1`
$ cd "/home/pete/wefwefwef/docs/erldocs_other.git"
$ cd "/home/pete/wefwefwef/docs/other/7044170645/meck-tag-0.5.1/meck"
$ 5000  `find -P . -type l -delete  2>&1`
$ cd "/home/pete/wefwefwef/docs/erldocs_other.git"
$ cd "/home/pete/wefwefwef/docs/other/7044170645/meck-tag-0.5.1/meck"
$ 5000  `find 'meck-0.5.1' -mindepth 1 -maxdepth 1 -exec mv -t . -- {} +  2>&1`
$ cd "/home/pete/wefwefwef/docs/erldocs_other.git"
 :: Getting dependencies
$ cd "/home/pete/wefwefwef/docs/other/7044170645/meck-tag-0.5.1/meck"
$ 5000  `ls -1 deps/  2>&1`
$ cd "/home/pete/wefwefwef/docs/erldocs_other.git"
>>> [rebar] deps = []
 :: Generating erldocs into /home/pete/wefwefwef/docs/other/7044170645/repo/0.5.1
Building meck
Generating Type Specs - "/home/pete/wefwefwef/docs/other/7044170645/meck-tag-0.5.1/meck/src/meck.erl"
Generating XML for application meck "/home/pete/wefwefwef/docs/other/7044170645/meck-tag-0.5.1/meck" -> "/home/pete/wefwefwef/docs/other/7044170645/repo/0.5.1/.xml/meck"
Generated meck XMLs: ["/home/pete/wefwefwef/docs/other/7044170645/repo/0.5.1/.xml/meck/meck.xml"]
Generating HTML - meck "/home/pete/wefwefwef/docs/other/7044170645/repo/0.5.1/.xml/meck/meck.xml"
Reading XML for "/home/pete/wefwefwef/docs/other/7044170645/repo/0.5.1/.xml/meck/meck.xml"
Reading XML for "/home/pete/wefwefwef/docs/other/7044170645/repo/0.5.1/.xml/specs_meck.xml"
Creating index.html ...
Creating erldocs_index.js ...
Woot, finished in 0 Minutes 0 Seconds
 :: Discovering other repos
$ 5000  `rm -r '/home/pete/wefwefwef/docs/other/7044170645/meck-tag-0.5.1'  2>&1`
 :: Processing https://github.com/norton/meck	{rev,tag,"0.6","8d86012c851b7ee6eb26831f1822129ee82c8f2e"}
 :: Fetching repo code
$ cd "/home/pete/wefwefwef/docs/other/7044170645/meck-tag-0.6/meck"
$ infinity  `curl --fail --silent --show-error --location --output '0.6.zip' 'https://github.com/norton/meck/archive/0.6.zip'  2>&1`
$ cd "/home/pete/wefwefwef/docs/erldocs_other.git"
$ cd "/home/pete/wefwefwef/docs/other/7044170645/meck-tag-0.6/meck"
$ 5000  `find -P . -type l -delete  2>&1`
$ cd "/home/pete/wefwefwef/docs/erldocs_other.git"
$ cd "/home/pete/wefwefwef/docs/other/7044170645/meck-tag-0.6/meck"
$ 5000  `find 'meck-0.6' -mindepth 1 -maxdepth 1 -exec mv -t . -- {} +  2>&1`
$ cd "/home/pete/wefwefwef/docs/erldocs_other.git"
 :: Getting dependencies
$ cd "/home/pete/wefwefwef/docs/other/7044170645/meck-tag-0.6/meck"
$ 5000  `ls -1 deps/  2>&1`
$ cd "/home/pete/wefwefwef/docs/erldocs_other.git"
>>> [rebar] deps = []
 :: Generating erldocs into /home/pete/wefwefwef/docs/other/7044170645/repo/0.6
Building meck
Generating Type Specs - "/home/pete/wefwefwef/docs/other/7044170645/meck-tag-0.6/meck/src/meck.erl"
Generating Type Specs - "/home/pete/wefwefwef/docs/other/7044170645/meck-tag-0.6/meck/src/meck_mod.erl"
Generating XML for application meck "/home/pete/wefwefwef/docs/other/7044170645/meck-tag-0.6/meck" -> "/home/pete/wefwefwef/docs/other/7044170645/repo/0.6/.xml/meck"
Generated meck XMLs: ["/home/pete/wefwefwef/docs/other/7044170645/repo/0.6/.xml/meck/meck.xml",
                      "/home/pete/wefwefwef/docs/other/7044170645/repo/0.6/.xml/meck/meck_mod.xml"]
Generating HTML - meck_mod "/home/pete/wefwefwef/docs/other/7044170645/repo/0.6/.xml/meck/meck_mod.xml"
Reading XML for "/home/pete/wefwefwef/docs/other/7044170645/repo/0.6/.xml/meck/meck_mod.xml"
Reading XML for "/home/pete/wefwefwef/docs/other/7044170645/repo/0.6/.xml/specs_meck_mod.xml"
Generating HTML - meck "/home/pete/wefwefwef/docs/other/7044170645/repo/0.6/.xml/meck/meck.xml"
Reading XML for "/home/pete/wefwefwef/docs/other/7044170645/repo/0.6/.xml/meck/meck.xml"
Reading XML for "/home/pete/wefwefwef/docs/other/7044170645/repo/0.6/.xml/specs_meck.xml"
Creating index.html ...
Creating erldocs_index.js ...
Woot, finished in 0 Minutes 0 Seconds
 :: Discovering other repos
$ 5000  `rm -r '/home/pete/wefwefwef/docs/other/7044170645/meck-tag-0.6'  2>&1`
 :: Processing https://github.com/norton/meck	{rev,tag,"0.6.1","85a58b3203165eb28d078e84616a578c75fd6c2b"}
 :: Fetching repo code
$ cd "/home/pete/wefwefwef/docs/other/7044170645/meck-tag-0.6.1/meck"
$ infinity  `curl --fail --silent --show-error --location --output '0.6.1.zip' 'https://github.com/norton/meck/archive/0.6.1.zip'  2>&1`
$ cd "/home/pete/wefwefwef/docs/erldocs_other.git"
$ cd "/home/pete/wefwefwef/docs/other/7044170645/meck-tag-0.6.1/meck"
$ 5000  `find -P . -type l -delete  2>&1`
$ cd "/home/pete/wefwefwef/docs/erldocs_other.git"
$ cd "/home/pete/wefwefwef/docs/other/7044170645/meck-tag-0.6.1/meck"
$ 5000  `find 'meck-0.6.1' -mindepth 1 -maxdepth 1 -exec mv -t . -- {} +  2>&1`
$ cd "/home/pete/wefwefwef/docs/erldocs_other.git"
 :: Getting dependencies
$ cd "/home/pete/wefwefwef/docs/other/7044170645/meck-tag-0.6.1/meck"
$ 5000  `ls -1 deps/  2>&1`
$ cd "/home/pete/wefwefwef/docs/erldocs_other.git"
>>> [rebar] deps = []
 :: Generating erldocs into /home/pete/wefwefwef/docs/other/7044170645/repo/0.6.1
Building meck
Generating Type Specs - "/home/pete/wefwefwef/docs/other/7044170645/meck-tag-0.6.1/meck/src/meck.erl"
Generating Type Specs - "/home/pete/wefwefwef/docs/other/7044170645/meck-tag-0.6.1/meck/src/meck_mod.erl"
Generating XML for application meck "/home/pete/wefwefwef/docs/other/7044170645/meck-tag-0.6.1/meck" -> "/home/pete/wefwefwef/docs/other/7044170645/repo/0.6.1/.xml/meck"
Generated meck XMLs: ["/home/pete/wefwefwef/docs/other/7044170645/repo/0.6.1/.xml/meck/meck.xml",
                      "/home/pete/wefwefwef/docs/other/7044170645/repo/0.6.1/.xml/meck/meck_mod.xml"]
Generating HTML - meck_mod "/home/pete/wefwefwef/docs/other/7044170645/repo/0.6.1/.xml/meck/meck_mod.xml"
Reading XML for "/home/pete/wefwefwef/docs/other/7044170645/repo/0.6.1/.xml/meck/meck_mod.xml"
Reading XML for "/home/pete/wefwefwef/docs/other/7044170645/repo/0.6.1/.xml/specs_meck_mod.xml"
Generating HTML - meck "/home/pete/wefwefwef/docs/other/7044170645/repo/0.6.1/.xml/meck/meck.xml"
Reading XML for "/home/pete/wefwefwef/docs/other/7044170645/repo/0.6.1/.xml/meck/meck.xml"
Reading XML for "/home/pete/wefwefwef/docs/other/7044170645/repo/0.6.1/.xml/specs_meck.xml"
Creating index.html ...
Creating erldocs_index.js ...
Woot, finished in 0 Minutes 0 Seconds
 :: Discovering other repos
$ 5000  `rm -r '/home/pete/wefwefwef/docs/other/7044170645/meck-tag-0.6.1'  2>&1`
 :: Processing https://github.com/norton/meck	{rev,tag,"0.6.2","9f9ea4a6cafad5ebd3b1e0128e5a3ff0de5340bd"}
 :: Fetching repo code
$ cd "/home/pete/wefwefwef/docs/other/7044170645/meck-tag-0.6.2/meck"
$ infinity  `curl --fail --silent --show-error --location --output '0.6.2.zip' 'https://github.com/norton/meck/archive/0.6.2.zip'  2>&1`
$ cd "/home/pete/wefwefwef/docs/erldocs_other.git"
$ cd "/home/pete/wefwefwef/docs/other/7044170645/meck-tag-0.6.2/meck"
$ 5000  `find -P . -type l -delete  2>&1`
$ cd "/home/pete/wefwefwef/docs/erldocs_other.git"
$ cd "/home/pete/wefwefwef/docs/other/7044170645/meck-tag-0.6.2/meck"
$ 5000  `find 'meck-0.6.2' -mindepth 1 -maxdepth 1 -exec mv -t . -- {} +  2>&1`
$ cd "/home/pete/wefwefwef/docs/erldocs_other.git"
 :: Getting dependencies
$ cd "/home/pete/wefwefwef/docs/other/7044170645/meck-tag-0.6.2/meck"
$ 5000  `ls -1 deps/  2>&1`
$ cd "/home/pete/wefwefwef/docs/erldocs_other.git"
>>> [rebar] deps = []
 :: Generating erldocs into /home/pete/wefwefwef/docs/other/7044170645/repo/0.6.2
Building meck
Generating Type Specs - "/home/pete/wefwefwef/docs/other/7044170645/meck-tag-0.6.2/meck/src/meck.erl"
Generating Type Specs - "/home/pete/wefwefwef/docs/other/7044170645/meck-tag-0.6.2/meck/src/meck_mod.erl"
Generating XML for application meck "/home/pete/wefwefwef/docs/other/7044170645/meck-tag-0.6.2/meck" -> "/home/pete/wefwefwef/docs/other/7044170645/repo/0.6.2/.xml/meck"
Generated meck XMLs: ["/home/pete/wefwefwef/docs/other/7044170645/repo/0.6.2/.xml/meck/meck.xml",
                      "/home/pete/wefwefwef/docs/other/7044170645/repo/0.6.2/.xml/meck/meck_mod.xml"]
Generating HTML - meck_mod "/home/pete/wefwefwef/docs/other/7044170645/repo/0.6.2/.xml/meck/meck_mod.xml"
Reading XML for "/home/pete/wefwefwef/docs/other/7044170645/repo/0.6.2/.xml/meck/meck_mod.xml"
Reading XML for "/home/pete/wefwefwef/docs/other/7044170645/repo/0.6.2/.xml/specs_meck_mod.xml"
Generating HTML - meck "/home/pete/wefwefwef/docs/other/7044170645/repo/0.6.2/.xml/meck/meck.xml"
Reading XML for "/home/pete/wefwefwef/docs/other/7044170645/repo/0.6.2/.xml/meck/meck.xml"
Reading XML for "/home/pete/wefwefwef/docs/other/7044170645/repo/0.6.2/.xml/specs_meck.xml"
Creating index.html ...
Creating erldocs_index.js ...
Woot, finished in 0 Minutes 0 Seconds
 :: Discovering other repos
$ 5000  `rm -r '/home/pete/wefwefwef/docs/other/7044170645/meck-tag-0.6.2'  2>&1`
 :: Processing https://github.com/norton/meck	{rev,tag,"0.6.3","a383a0ea932d942b5ee727fb8e699c99f2074c24"}
 :: Fetching repo code
$ cd "/home/pete/wefwefwef/docs/other/7044170645/meck-tag-0.6.3/meck"
$ infinity  `curl --fail --silent --show-error --location --output '0.6.3.zip' 'https://github.com/norton/meck/archive/0.6.3.zip'  2>&1`
$ cd "/home/pete/wefwefwef/docs/erldocs_other.git"
$ cd "/home/pete/wefwefwef/docs/other/7044170645/meck-tag-0.6.3/meck"
$ 5000  `find -P . -type l -delete  2>&1`
$ cd "/home/pete/wefwefwef/docs/erldocs_other.git"
$ cd "/home/pete/wefwefwef/docs/other/7044170645/meck-tag-0.6.3/meck"
$ 5000  `find 'meck-0.6.3' -mindepth 1 -maxdepth 1 -exec mv -t . -- {} +  2>&1`
$ cd "/home/pete/wefwefwef/docs/erldocs_other.git"
 :: Getting dependencies
$ cd "/home/pete/wefwefwef/docs/other/7044170645/meck-tag-0.6.3/meck"
$ 5000  `ls -1 deps/  2>&1`
$ cd "/home/pete/wefwefwef/docs/erldocs_other.git"
>>> [rebar] deps = []
 :: Generating erldocs into /home/pete/wefwefwef/docs/other/7044170645/repo/0.6.3
Building meck
Generating Type Specs - "/home/pete/wefwefwef/docs/other/7044170645/meck-tag-0.6.3/meck/src/meck.erl"
Generating Type Specs - "/home/pete/wefwefwef/docs/other/7044170645/meck-tag-0.6.3/meck/src/meck_mod.erl"
Generating XML for application meck "/home/pete/wefwefwef/docs/other/7044170645/meck-tag-0.6.3/meck" -> "/home/pete/wefwefwef/docs/other/7044170645/repo/0.6.3/.xml/meck"
Generated meck XMLs: ["/home/pete/wefwefwef/docs/other/7044170645/repo/0.6.3/.xml/meck/meck.xml",
                      "/home/pete/wefwefwef/docs/other/7044170645/repo/0.6.3/.xml/meck/meck_mod.xml"]
Generating HTML - meck_mod "/home/pete/wefwefwef/docs/other/7044170645/repo/0.6.3/.xml/meck/meck_mod.xml"
Reading XML for "/home/pete/wefwefwef/docs/other/7044170645/repo/0.6.3/.xml/meck/meck_mod.xml"
Reading XML for "/home/pete/wefwefwef/docs/other/7044170645/repo/0.6.3/.xml/specs_meck_mod.xml"
Generating HTML - meck "/home/pete/wefwefwef/docs/other/7044170645/repo/0.6.3/.xml/meck/meck.xml"
Reading XML for "/home/pete/wefwefwef/docs/other/7044170645/repo/0.6.3/.xml/meck/meck.xml"
Reading XML for "/home/pete/wefwefwef/docs/other/7044170645/repo/0.6.3/.xml/specs_meck.xml"
Creating index.html ...
Creating erldocs_index.js ...
Woot, finished in 0 Minutes 0 Seconds
 :: Discovering other repos
$ 5000  `rm -r '/home/pete/wefwefwef/docs/other/7044170645/meck-tag-0.6.3'  2>&1`
 :: Processing https://github.com/norton/meck	{rev,tag,"0.7","eacde0b2b853724cc345b15bff24e5627a1d6177"}
 :: Fetching repo code
$ cd "/home/pete/wefwefwef/docs/other/7044170645/meck-tag-0.7/meck"
$ infinity  `curl --fail --silent --show-error --location --output '0.7.zip' 'https://github.com/norton/meck/archive/0.7.zip'  2>&1`
$ cd "/home/pete/wefwefwef/docs/erldocs_other.git"
$ cd "/home/pete/wefwefwef/docs/other/7044170645/meck-tag-0.7/meck"
$ 5000  `find -P . -type l -delete  2>&1`
$ cd "/home/pete/wefwefwef/docs/erldocs_other.git"
$ cd "/home/pete/wefwefwef/docs/other/7044170645/meck-tag-0.7/meck"
$ 5000  `find 'meck-0.7' -mindepth 1 -maxdepth 1 -exec mv -t . -- {} +  2>&1`
$ cd "/home/pete/wefwefwef/docs/erldocs_other.git"
 :: Getting dependencies
$ cd "/home/pete/wefwefwef/docs/other/7044170645/meck-tag-0.7/meck"
$ 5000  `ls -1 deps/  2>&1`
$ cd "/home/pete/wefwefwef/docs/erldocs_other.git"
>>> [rebar] deps = []
 :: Generating erldocs into /home/pete/wefwefwef/docs/other/7044170645/repo/0.7
Building meck
Generating Type Specs - "/home/pete/wefwefwef/docs/other/7044170645/meck-tag-0.7/meck/src/meck.erl"
Generating Type Specs - "/home/pete/wefwefwef/docs/other/7044170645/meck-tag-0.7/meck/src/meck_mod.erl"
Generating XML for application meck "/home/pete/wefwefwef/docs/other/7044170645/meck-tag-0.7/meck" -> "/home/pete/wefwefwef/docs/other/7044170645/repo/0.7/.xml/meck"
Generated meck XMLs: ["/home/pete/wefwefwef/docs/other/7044170645/repo/0.7/.xml/meck/meck.xml",
                      "/home/pete/wefwefwef/docs/other/7044170645/repo/0.7/.xml/meck/meck_mod.xml"]
Generating HTML - meck_mod "/home/pete/wefwefwef/docs/other/7044170645/repo/0.7/.xml/meck/meck_mod.xml"
Reading XML for "/home/pete/wefwefwef/docs/other/7044170645/repo/0.7/.xml/meck/meck_mod.xml"
Reading XML for "/home/pete/wefwefwef/docs/other/7044170645/repo/0.7/.xml/specs_meck_mod.xml"
Generating HTML - meck "/home/pete/wefwefwef/docs/other/7044170645/repo/0.7/.xml/meck/meck.xml"
Reading XML for "/home/pete/wefwefwef/docs/other/7044170645/repo/0.7/.xml/meck/meck.xml"
Reading XML for "/home/pete/wefwefwef/docs/other/7044170645/repo/0.7/.xml/specs_meck.xml"
Creating index.html ...
Creating erldocs_index.js ...
Woot, finished in 0 Minutes 0 Seconds
 :: Discovering other repos
$ 5000  `rm -r '/home/pete/wefwefwef/docs/other/7044170645/meck-tag-0.7'  2>&1`
 :: Processing https://github.com/norton/meck	{rev,tag,"0.7.1","916844d6d1df6b71341f4a90e563d827edc6a02a"}
 :: Fetching repo code
$ cd "/home/pete/wefwefwef/docs/other/7044170645/meck-tag-0.7.1/meck"
$ infinity  `curl --fail --silent --show-error --location --output '0.7.1.zip' 'https://github.com/norton/meck/archive/0.7.1.zip'  2>&1`
$ cd "/home/pete/wefwefwef/docs/erldocs_other.git"
$ cd "/home/pete/wefwefwef/docs/other/7044170645/meck-tag-0.7.1/meck"
$ 5000  `find -P . -type l -delete  2>&1`
$ cd "/home/pete/wefwefwef/docs/erldocs_other.git"
$ cd "/home/pete/wefwefwef/docs/other/7044170645/meck-tag-0.7.1/meck"
$ 5000  `find 'meck-0.7.1' -mindepth 1 -maxdepth 1 -exec mv -t . -- {} +  2>&1`
$ cd "/home/pete/wefwefwef/docs/erldocs_other.git"
 :: Getting dependencies
$ cd "/home/pete/wefwefwef/docs/other/7044170645/meck-tag-0.7.1/meck"
$ 5000  `ls -1 deps/  2>&1`
$ cd "/home/pete/wefwefwef/docs/erldocs_other.git"
>>> [rebar] deps = []
 :: Generating erldocs into /home/pete/wefwefwef/docs/other/7044170645/repo/0.7.1
Building meck
Generating Type Specs - "/home/pete/wefwefwef/docs/other/7044170645/meck-tag-0.7.1/meck/src/meck.erl"
Generating Type Specs - "/home/pete/wefwefwef/docs/other/7044170645/meck-tag-0.7.1/meck/src/meck_mod.erl"
Generating XML for application meck "/home/pete/wefwefwef/docs/other/7044170645/meck-tag-0.7.1/meck" -> "/home/pete/wefwefwef/docs/other/7044170645/repo/0.7.1/.xml/meck"
Generated meck XMLs: ["/home/pete/wefwefwef/docs/other/7044170645/repo/0.7.1/.xml/meck/meck.xml",
                      "/home/pete/wefwefwef/docs/other/7044170645/repo/0.7.1/.xml/meck/meck_mod.xml"]
Generating HTML - meck_mod "/home/pete/wefwefwef/docs/other/7044170645/repo/0.7.1/.xml/meck/meck_mod.xml"
Reading XML for "/home/pete/wefwefwef/docs/other/7044170645/repo/0.7.1/.xml/meck/meck_mod.xml"
Reading XML for "/home/pete/wefwefwef/docs/other/7044170645/repo/0.7.1/.xml/specs_meck_mod.xml"
Generating HTML - meck "/home/pete/wefwefwef/docs/other/7044170645/repo/0.7.1/.xml/meck/meck.xml"
Reading XML for "/home/pete/wefwefwef/docs/other/7044170645/repo/0.7.1/.xml/meck/meck.xml"
Reading XML for "/home/pete/wefwefwef/docs/other/7044170645/repo/0.7.1/.xml/specs_meck.xml"
Creating index.html ...
Creating erldocs_index.js ...
Woot, finished in 0 Minutes 0 Seconds
 :: Discovering other repos
$ 5000  `rm -r '/home/pete/wefwefwef/docs/other/7044170645/meck-tag-0.7.1'  2>&1`
 :: Processing https://github.com/norton/meck	{rev,tag,"0.7.2","2447206f201bab1054c49cd32621eee23fa0ee3b"}
 :: Fetching repo code
$ cd "/home/pete/wefwefwef/docs/other/7044170645/meck-tag-0.7.2/meck"
$ infinity  `curl --fail --silent --show-error --location --output '0.7.2.zip' 'https://github.com/norton/meck/archive/0.7.2.zip'  2>&1`
$ cd "/home/pete/wefwefwef/docs/erldocs_other.git"
$ cd "/home/pete/wefwefwef/docs/other/7044170645/meck-tag-0.7.2/meck"
$ 5000  `find -P . -type l -delete  2>&1`
$ cd "/home/pete/wefwefwef/docs/erldocs_other.git"
$ cd "/home/pete/wefwefwef/docs/other/7044170645/meck-tag-0.7.2/meck"
$ 5000  `find 'meck-0.7.2' -mindepth 1 -maxdepth 1 -exec mv -t . -- {} +  2>&1`
$ cd "/home/pete/wefwefwef/docs/erldocs_other.git"
 :: Getting dependencies
$ cd "/home/pete/wefwefwef/docs/other/7044170645/meck-tag-0.7.2/meck"
$ 5000  `ls -1 deps/  2>&1`
$ cd "/home/pete/wefwefwef/docs/erldocs_other.git"
>>> [rebar] deps = []
 :: Generating erldocs into /home/pete/wefwefwef/docs/other/7044170645/repo/0.7.2
Building meck
Generating Type Specs - "/home/pete/wefwefwef/docs/other/7044170645/meck-tag-0.7.2/meck/src/meck.erl"
Generating Type Specs - "/home/pete/wefwefwef/docs/other/7044170645/meck-tag-0.7.2/meck/src/meck_cover.erl"
Generating Type Specs - "/home/pete/wefwefwef/docs/other/7044170645/meck-tag-0.7.2/meck/src/meck_mod.erl"
Generating XML for application meck "/home/pete/wefwefwef/docs/other/7044170645/meck-tag-0.7.2/meck" -> "/home/pete/wefwefwef/docs/other/7044170645/repo/0.7.2/.xml/meck"
Generated meck XMLs: ["/home/pete/wefwefwef/docs/other/7044170645/repo/0.7.2/.xml/meck/meck.xml",
                      "/home/pete/wefwefwef/docs/other/7044170645/repo/0.7.2/.xml/meck/meck_cover.xml"]
Generating HTML - meck_cover "/home/pete/wefwefwef/docs/other/7044170645/repo/0.7.2/.xml/meck/meck_cover.xml"
Reading XML for "/home/pete/wefwefwef/docs/other/7044170645/repo/0.7.2/.xml/meck/meck_cover.xml"
Reading XML for "/home/pete/wefwefwef/docs/other/7044170645/repo/0.7.2/.xml/specs_meck_cover.xml"
Generating HTML - meck "/home/pete/wefwefwef/docs/other/7044170645/repo/0.7.2/.xml/meck/meck.xml"
Reading XML for "/home/pete/wefwefwef/docs/other/7044170645/repo/0.7.2/.xml/meck/meck.xml"
Reading XML for "/home/pete/wefwefwef/docs/other/7044170645/repo/0.7.2/.xml/specs_meck.xml"
Creating index.html ...
Creating erldocs_index.js ...
Woot, finished in 0 Minutes 0 Seconds
 :: Discovering other repos
$ 5000  `rm -r '/home/pete/wefwefwef/docs/other/7044170645/meck-tag-0.7.2'  2>&1`
 :: Processing https://github.com/norton/meck	{rev,tag,"0.8.2","dde759050eff19a1a80fd854d7375174b191665d"}
 :: Fetching repo code
$ cd "/home/pete/wefwefwef/docs/other/7044170645/meck-tag-0.8.2/meck"
$ infinity  `curl --fail --silent --show-error --location --output '0.8.2.zip' 'https://github.com/norton/meck/archive/0.8.2.zip'  2>&1`
$ cd "/home/pete/wefwefwef/docs/erldocs_other.git"
$ cd "/home/pete/wefwefwef/docs/other/7044170645/meck-tag-0.8.2/meck"
$ 5000  `find -P . -type l -delete  2>&1`
$ cd "/home/pete/wefwefwef/docs/erldocs_other.git"
$ cd "/home/pete/wefwefwef/docs/other/7044170645/meck-tag-0.8.2/meck"
$ 5000  `find 'meck-0.8.2' -mindepth 1 -maxdepth 1 -exec mv -t . -- {} +  2>&1`
$ cd "/home/pete/wefwefwef/docs/erldocs_other.git"
 :: Getting dependencies
$ cd "/home/pete/wefwefwef/docs/other/7044170645/meck-tag-0.8.2/meck"
$ 5000  `ls -1 deps/  2>&1`
$ cd "/home/pete/wefwefwef/docs/erldocs_other.git"
>>> [rebar] deps = []
 :: Generating erldocs into /home/pete/wefwefwef/docs/other/7044170645/repo/0.8.2
Building meck
Generating Type Specs - "/home/pete/wefwefwef/docs/other/7044170645/meck-tag-0.8.2/meck/src/meck.erl"
Generating Type Specs - "/home/pete/wefwefwef/docs/other/7044170645/meck-tag-0.8.2/meck/src/meck_args_matcher.erl"
Generating Type Specs - "/home/pete/wefwefwef/docs/other/7044170645/meck-tag-0.8.2/meck/src/meck_code.erl"
Generating Type Specs - "/home/pete/wefwefwef/docs/other/7044170645/meck-tag-0.8.2/meck/src/meck_code_gen.erl"
Generating Type Specs - "/home/pete/wefwefwef/docs/other/7044170645/meck-tag-0.8.2/meck/src/meck_cover.erl"
Generating Type Specs - "/home/pete/wefwefwef/docs/other/7044170645/meck-tag-0.8.2/meck/src/meck_expect.erl"
Generating Type Specs - "/home/pete/wefwefwef/docs/other/7044170645/meck-tag-0.8.2/meck/src/meck_history.erl"
Generating Type Specs - "/home/pete/wefwefwef/docs/other/7044170645/meck-tag-0.8.2/meck/src/meck_matcher.erl"
Generating Type Specs - "/home/pete/wefwefwef/docs/other/7044170645/meck-tag-0.8.2/meck/src/meck_proc.erl"
Generating Type Specs - "/home/pete/wefwefwef/docs/other/7044170645/meck-tag-0.8.2/meck/src/meck_ret_spec.erl"
Generating Type Specs - "/home/pete/wefwefwef/docs/other/7044170645/meck-tag-0.8.2/meck/src/meck_util.erl"
Generating XML for application meck "/home/pete/wefwefwef/docs/other/7044170645/meck-tag-0.8.2/meck" -> "/home/pete/wefwefwef/docs/other/7044170645/repo/0.8.2/.xml/meck"
Generated meck XMLs: ["/home/pete/wefwefwef/docs/other/7044170645/repo/0.8.2/.xml/meck/meck.xml"]
Generating HTML - meck "/home/pete/wefwefwef/docs/other/7044170645/repo/0.8.2/.xml/meck/meck.xml"
Reading XML for "/home/pete/wefwefwef/docs/other/7044170645/repo/0.8.2/.xml/meck/meck.xml"
Reading XML for "/home/pete/wefwefwef/docs/other/7044170645/repo/0.8.2/.xml/specs_meck.xml"
Creating index.html ...
Creating erldocs_index.js ...
Woot, finished in 0 Minutes 1 Seconds
 :: Discovering other repos
$ 5000  `rm -r '/home/pete/wefwefwef/docs/other/7044170645/meck-tag-0.8.2'  2>&1`
 :: Processing https://github.com/norton/meck	{rev,tag,"v0.5","3bdbb81831543476c5840d754555b8a22dd5b5af"}
 :: Fetching repo code
$ cd "/home/pete/wefwefwef/docs/other/7044170645/meck-tag-v0.5/meck"
$ infinity  `curl --fail --silent --show-error --location --output 'v0.5.zip' 'https://github.com/norton/meck/archive/v0.5.zip'  2>&1`
$ cd "/home/pete/wefwefwef/docs/erldocs_other.git"
$ cd "/home/pete/wefwefwef/docs/other/7044170645/meck-tag-v0.5/meck"
$ 5000  `find -P . -type l -delete  2>&1`
$ cd "/home/pete/wefwefwef/docs/erldocs_other.git"
$ cd "/home/pete/wefwefwef/docs/other/7044170645/meck-tag-v0.5/meck"
$ 5000  `find 'meck-0.5' -mindepth 1 -maxdepth 1 -exec mv -t . -- {} +  2>&1`
$ cd "/home/pete/wefwefwef/docs/erldocs_other.git"
 :: Getting dependencies
$ cd "/home/pete/wefwefwef/docs/other/7044170645/meck-tag-v0.5/meck"
$ 5000  `ls -1 deps/  2>&1`
$ cd "/home/pete/wefwefwef/docs/erldocs_other.git"
>>> [rebar] deps = []
 :: Generating erldocs into /home/pete/wefwefwef/docs/other/7044170645/repo/v0.5
Building meck
Generating Type Specs - "/home/pete/wefwefwef/docs/other/7044170645/meck-tag-v0.5/meck/src/meck.erl"
Generating XML for application meck "/home/pete/wefwefwef/docs/other/7044170645/meck-tag-v0.5/meck" -> "/home/pete/wefwefwef/docs/other/7044170645/repo/v0.5/.xml/meck"
Generated meck XMLs: ["/home/pete/wefwefwef/docs/other/7044170645/repo/v0.5/.xml/meck/meck.xml"]
Generating HTML - meck "/home/pete/wefwefwef/docs/other/7044170645/repo/v0.5/.xml/meck/meck.xml"
Reading XML for "/home/pete/wefwefwef/docs/other/7044170645/repo/v0.5/.xml/meck/meck.xml"
Reading XML for "/home/pete/wefwefwef/docs/other/7044170645/repo/v0.5/.xml/specs_meck.xml"
Creating index.html ...
Creating erldocs_index.js ...
Woot, finished in 0 Minutes 0 Seconds
 :: Discovering other repos
$ 5000  `rm -r '/home/pete/wefwefwef/docs/other/7044170645/meck-tag-v0.5'  2>&1`
 :: Processing https://github.com/norton/meck	{rev,tag,"0.8","917690864617cb9a565e58484c73275a7b40a997"}
 :: Fetching repo code
$ cd "/home/pete/wefwefwef/docs/other/7044170645/meck-tag-0.8/meck"
$ infinity  `curl --fail --silent --show-error --location --output '0.8.zip' 'https://github.com/norton/meck/archive/0.8.zip'  2>&1`
$ cd "/home/pete/wefwefwef/docs/erldocs_other.git"
$ cd "/home/pete/wefwefwef/docs/other/7044170645/meck-tag-0.8/meck"
$ 5000  `find -P . -type l -delete  2>&1`
$ cd "/home/pete/wefwefwef/docs/erldocs_other.git"
$ cd "/home/pete/wefwefwef/docs/other/7044170645/meck-tag-0.8/meck"
$ 5000  `find 'meck-0.8' -mindepth 1 -maxdepth 1 -exec mv -t . -- {} +  2>&1`
$ cd "/home/pete/wefwefwef/docs/erldocs_other.git"
 :: Getting dependencies
$ cd "/home/pete/wefwefwef/docs/other/7044170645/meck-tag-0.8/meck"
$ 5000  `ls -1 deps/  2>&1`
$ cd "/home/pete/wefwefwef/docs/erldocs_other.git"
>>> [rebar] deps = []
 :: Generating erldocs into /home/pete/wefwefwef/docs/other/7044170645/repo/0.8
Building meck
Generating Type Specs - "/home/pete/wefwefwef/docs/other/7044170645/meck-tag-0.8/meck/src/meck.erl"
Generating Type Specs - "/home/pete/wefwefwef/docs/other/7044170645/meck-tag-0.8/meck/src/meck_args_matcher.erl"
Generating Type Specs - "/home/pete/wefwefwef/docs/other/7044170645/meck-tag-0.8/meck/src/meck_code.erl"
Generating Type Specs - "/home/pete/wefwefwef/docs/other/7044170645/meck-tag-0.8/meck/src/meck_code_gen.erl"
Generating Type Specs - "/home/pete/wefwefwef/docs/other/7044170645/meck-tag-0.8/meck/src/meck_cover.erl"
Generating Type Specs - "/home/pete/wefwefwef/docs/other/7044170645/meck-tag-0.8/meck/src/meck_expect.erl"
Generating Type Specs - "/home/pete/wefwefwef/docs/other/7044170645/meck-tag-0.8/meck/src/meck_history.erl"
Generating Type Specs - "/home/pete/wefwefwef/docs/other/7044170645/meck-tag-0.8/meck/src/meck_matcher.erl"
Generating Type Specs - "/home/pete/wefwefwef/docs/other/7044170645/meck-tag-0.8/meck/src/meck_proc.erl"
Generating Type Specs - "/home/pete/wefwefwef/docs/other/7044170645/meck-tag-0.8/meck/src/meck_ret_spec.erl"
Generating Type Specs - "/home/pete/wefwefwef/docs/other/7044170645/meck-tag-0.8/meck/src/meck_util.erl"
Generating XML for application meck "/home/pete/wefwefwef/docs/other/7044170645/meck-tag-0.8/meck" -> "/home/pete/wefwefwef/docs/other/7044170645/repo/0.8/.xml/meck"
Generated meck XMLs: ["/home/pete/wefwefwef/docs/other/7044170645/repo/0.8/.xml/meck/meck.xml"]
Generating HTML - meck "/home/pete/wefwefwef/docs/other/7044170645/repo/0.8/.xml/meck/meck.xml"
Reading XML for "/home/pete/wefwefwef/docs/other/7044170645/repo/0.8/.xml/meck/meck.xml"
Reading XML for "/home/pete/wefwefwef/docs/other/7044170645/repo/0.8/.xml/specs_meck.xml"
Creating index.html ...
Creating erldocs_index.js ...
Woot, finished in 0 Minutes 1 Seconds
 :: Discovering other repos
$ 5000  `rm -r '/home/pete/wefwefwef/docs/other/7044170645/meck-tag-0.8'  2>&1`
 :: Processing https://github.com/norton/meck	{rev,tag,"0.8.1","1286aba1cb6bbd6c9fc3f817740758b224843ee7"}
 :: Fetching repo code
$ cd "/home/pete/wefwefwef/docs/other/7044170645/meck-tag-0.8.1/meck"
$ infinity  `curl --fail --silent --show-error --location --output '0.8.1.zip' 'https://github.com/norton/meck/archive/0.8.1.zip'  2>&1`
$ cd "/home/pete/wefwefwef/docs/erldocs_other.git"
$ cd "/home/pete/wefwefwef/docs/other/7044170645/meck-tag-0.8.1/meck"
$ 5000  `find -P . -type l -delete  2>&1`
$ cd "/home/pete/wefwefwef/docs/erldocs_other.git"
$ cd "/home/pete/wefwefwef/docs/other/7044170645/meck-tag-0.8.1/meck"
$ 5000  `find 'meck-0.8.1' -mindepth 1 -maxdepth 1 -exec mv -t . -- {} +  2>&1`
$ cd "/home/pete/wefwefwef/docs/erldocs_other.git"
 :: Getting dependencies
$ cd "/home/pete/wefwefwef/docs/other/7044170645/meck-tag-0.8.1/meck"
$ 5000  `ls -1 deps/  2>&1`
$ cd "/home/pete/wefwefwef/docs/erldocs_other.git"
>>> [rebar] deps = []
 :: Generating erldocs into /home/pete/wefwefwef/docs/other/7044170645/repo/0.8.1
Building meck
Generating Type Specs - "/home/pete/wefwefwef/docs/other/7044170645/meck-tag-0.8.1/meck/src/meck.erl"
Generating Type Specs - "/home/pete/wefwefwef/docs/other/7044170645/meck-tag-0.8.1/meck/src/meck_args_matcher.erl"
Generating Type Specs - "/home/pete/wefwefwef/docs/other/7044170645/meck-tag-0.8.1/meck/src/meck_code.erl"
Generating Type Specs - "/home/pete/wefwefwef/docs/other/7044170645/meck-tag-0.8.1/meck/src/meck_code_gen.erl"
Generating Type Specs - "/home/pete/wefwefwef/docs/other/7044170645/meck-tag-0.8.1/meck/src/meck_cover.erl"
Generating Type Specs - "/home/pete/wefwefwef/docs/other/7044170645/meck-tag-0.8.1/meck/src/meck_expect.erl"
Generating Type Specs - "/home/pete/wefwefwef/docs/other/7044170645/meck-tag-0.8.1/meck/src/meck_history.erl"
Generating Type Specs - "/home/pete/wefwefwef/docs/other/7044170645/meck-tag-0.8.1/meck/src/meck_matcher.erl"
Generating Type Specs - "/home/pete/wefwefwef/docs/other/7044170645/meck-tag-0.8.1/meck/src/meck_proc.erl"
Generating Type Specs - "/home/pete/wefwefwef/docs/other/7044170645/meck-tag-0.8.1/meck/src/meck_ret_spec.erl"
Generating Type Specs - "/home/pete/wefwefwef/docs/other/7044170645/meck-tag-0.8.1/meck/src/meck_util.erl"
Generating XML for application meck "/home/pete/wefwefwef/docs/other/7044170645/meck-tag-0.8.1/meck" -> "/home/pete/wefwefwef/docs/other/7044170645/repo/0.8.1/.xml/meck"
Generated meck XMLs: ["/home/pete/wefwefwef/docs/other/7044170645/repo/0.8.1/.xml/meck/meck.xml"]
Generating HTML - meck "/home/pete/wefwefwef/docs/other/7044170645/repo/0.8.1/.xml/meck/meck.xml"
Reading XML for "/home/pete/wefwefwef/docs/other/7044170645/repo/0.8.1/.xml/meck/meck.xml"
Reading XML for "/home/pete/wefwefwef/docs/other/7044170645/repo/0.8.1/.xml/specs_meck.xml"
Creating index.html ...
Creating erldocs_index.js ...
Woot, finished in 0 Minutes 1 Seconds
 :: Discovering other repos
$ 5000  `rm -r '/home/pete/wefwefwef/docs/other/7044170645/meck-tag-0.8.1'  2>&1`
 :: Processing https://github.com/norton/meck	{rev,tag,"v0.1","8ea00f438695838f4cee4e2b13928abcac17f9b3"}
 :: Fetching repo code
$ cd "/home/pete/wefwefwef/docs/other/7044170645/meck-tag-v0.1/meck"
$ infinity  `curl --fail --silent --show-error --location --output 'v0.1.zip' 'https://github.com/norton/meck/archive/v0.1.zip'  2>&1`
$ cd "/home/pete/wefwefwef/docs/erldocs_other.git"
$ cd "/home/pete/wefwefwef/docs/other/7044170645/meck-tag-v0.1/meck"
$ 5000  `find -P . -type l -delete  2>&1`
$ cd "/home/pete/wefwefwef/docs/erldocs_other.git"
$ cd "/home/pete/wefwefwef/docs/other/7044170645/meck-tag-v0.1/meck"
$ 5000  `find 'meck-0.1' -mindepth 1 -maxdepth 1 -exec mv -t . -- {} +  2>&1`
$ cd "/home/pete/wefwefwef/docs/erldocs_other.git"
 :: Getting dependencies
$ cd "/home/pete/wefwefwef/docs/other/7044170645/meck-tag-v0.1/meck"
$ 5000  `ls -1 deps/  2>&1`
$ cd "/home/pete/wefwefwef/docs/erldocs_other.git"
>>> [rebar] deps = []
 :: Generating erldocs into /home/pete/wefwefwef/docs/other/7044170645/repo/v0.1
Building meck
Generating Type Specs - "/home/pete/wefwefwef/docs/other/7044170645/meck-tag-v0.1/meck/src/meck.erl"
Generating XML for application meck "/home/pete/wefwefwef/docs/other/7044170645/meck-tag-v0.1/meck" -> "/home/pete/wefwefwef/docs/other/7044170645/repo/v0.1/.xml/meck"
Generated meck XMLs: ["/home/pete/wefwefwef/docs/other/7044170645/repo/v0.1/.xml/meck/meck.xml"]
Generating HTML - meck "/home/pete/wefwefwef/docs/other/7044170645/repo/v0.1/.xml/meck/meck.xml"
Reading XML for "/home/pete/wefwefwef/docs/other/7044170645/repo/v0.1/.xml/meck/meck.xml"
Reading XML for "/home/pete/wefwefwef/docs/other/7044170645/repo/v0.1/.xml/specs_meck.xml"
Creating index.html ...
Creating erldocs_index.js ...
Woot, finished in 0 Minutes 0 Seconds
 :: Discovering other repos
$ 5000  `rm -r '/home/pete/wefwefwef/docs/other/7044170645/meck-tag-v0.1'  2>&1`
 :: Processing https://github.com/norton/meck	{rev,tag,"v0.1.1","a5eda2de7e893625bd7839585ed147f1aeb73bc4"}
 :: Fetching repo code
$ cd "/home/pete/wefwefwef/docs/other/7044170645/meck-tag-v0.1.1/meck"
$ infinity  `curl --fail --silent --show-error --location --output 'v0.1.1.zip' 'https://github.com/norton/meck/archive/v0.1.1.zip'  2>&1`
$ cd "/home/pete/wefwefwef/docs/erldocs_other.git"
$ cd "/home/pete/wefwefwef/docs/other/7044170645/meck-tag-v0.1.1/meck"
$ 5000  `find -P . -type l -delete  2>&1`
$ cd "/home/pete/wefwefwef/docs/erldocs_other.git"
$ cd "/home/pete/wefwefwef/docs/other/7044170645/meck-tag-v0.1.1/meck"
$ 5000  `find 'meck-0.1.1' -mindepth 1 -maxdepth 1 -exec mv -t . -- {} +  2>&1`
$ cd "/home/pete/wefwefwef/docs/erldocs_other.git"
 :: Getting dependencies
$ cd "/home/pete/wefwefwef/docs/other/7044170645/meck-tag-v0.1.1/meck"
$ 5000  `ls -1 deps/  2>&1`
$ cd "/home/pete/wefwefwef/docs/erldocs_other.git"
>>> [rebar] deps = []
 :: Generating erldocs into /home/pete/wefwefwef/docs/other/7044170645/repo/v0.1.1
Building meck
Generating Type Specs - "/home/pete/wefwefwef/docs/other/7044170645/meck-tag-v0.1.1/meck/src/meck.erl"
Generating XML for application meck "/home/pete/wefwefwef/docs/other/7044170645/meck-tag-v0.1.1/meck" -> "/home/pete/wefwefwef/docs/other/7044170645/repo/v0.1.1/.xml/meck"
Generated meck XMLs: ["/home/pete/wefwefwef/docs/other/7044170645/repo/v0.1.1/.xml/meck/meck.xml"]
Generating HTML - meck "/home/pete/wefwefwef/docs/other/7044170645/repo/v0.1.1/.xml/meck/meck.xml"
Reading XML for "/home/pete/wefwefwef/docs/other/7044170645/repo/v0.1.1/.xml/meck/meck.xml"
Reading XML for "/home/pete/wefwefwef/docs/other/7044170645/repo/v0.1.1/.xml/specs_meck.xml"
Creating index.html ...
Creating erldocs_index.js ...
Woot, finished in 0 Minutes 0 Seconds
 :: Discovering other repos
$ 5000  `rm -r '/home/pete/wefwefwef/docs/other/7044170645/meck-tag-v0.1.1'  2>&1`
 :: Processing https://github.com/norton/meck	{rev,branch,"dev","98cdc40fe6ae7780491ed8d0db691dd15625e9b2"}
 :: Fetching repo code
$ cd "/home/pete/wefwefwef/docs/other/7044170645/meck-branch-dev/meck"
$ infinity  `curl --fail --silent --show-error --location --output 'dev.zip' 'https://github.com/norton/meck/archive/dev.zip'  2>&1`
$ cd "/home/pete/wefwefwef/docs/erldocs_other.git"
$ cd "/home/pete/wefwefwef/docs/other/7044170645/meck-branch-dev/meck"
$ 5000  `find -P . -type l -delete  2>&1`
$ cd "/home/pete/wefwefwef/docs/erldocs_other.git"
$ cd "/home/pete/wefwefwef/docs/other/7044170645/meck-branch-dev/meck"
$ 5000  `find 'meck-dev' -mindepth 1 -maxdepth 1 -exec mv -t . -- {} +  2>&1`
$ cd "/home/pete/wefwefwef/docs/erldocs_other.git"
 :: Getting dependencies
$ cd "/home/pete/wefwefwef/docs/other/7044170645/meck-branch-dev/meck"
$ 5000  `ls -1 deps/  2>&1`
$ cd "/home/pete/wefwefwef/docs/erldocs_other.git"
>>> [rebar] deps = []
 :: Generating erldocs into /home/pete/wefwefwef/docs/other/7044170645/repo/dev
Building meck
Generating Type Specs - "/home/pete/wefwefwef/docs/other/7044170645/meck-branch-dev/meck/src/meck.erl"
Generating Type Specs - "/home/pete/wefwefwef/docs/other/7044170645/meck-branch-dev/meck/src/meck_args_matcher.erl"
Generating Type Specs - "/home/pete/wefwefwef/docs/other/7044170645/meck-branch-dev/meck/src/meck_code.erl"
Generating Type Specs - "/home/pete/wefwefwef/docs/other/7044170645/meck-branch-dev/meck/src/meck_code_gen.erl"
Generating Type Specs - "/home/pete/wefwefwef/docs/other/7044170645/meck-branch-dev/meck/src/meck_cover.erl"
Generating Type Specs - "/home/pete/wefwefwef/docs/other/7044170645/meck-branch-dev/meck/src/meck_expect.erl"
Generating Type Specs - "/home/pete/wefwefwef/docs/other/7044170645/meck-branch-dev/meck/src/meck_history.erl"
Generating Type Specs - "/home/pete/wefwefwef/docs/other/7044170645/meck-branch-dev/meck/src/meck_matcher.erl"
Generating Type Specs - "/home/pete/wefwefwef/docs/other/7044170645/meck-branch-dev/meck/src/meck_proc.erl"
Generating Type Specs - "/home/pete/wefwefwef/docs/other/7044170645/meck-branch-dev/meck/src/meck_ret_spec.erl"
Generating Type Specs - "/home/pete/wefwefwef/docs/other/7044170645/meck-branch-dev/meck/src/meck_util.erl"
Generating XML for application meck "/home/pete/wefwefwef/docs/other/7044170645/meck-branch-dev/meck" -> "/home/pete/wefwefwef/docs/other/7044170645/repo/dev/.xml/meck"
Generated meck XMLs: ["/home/pete/wefwefwef/docs/other/7044170645/repo/dev/.xml/meck/meck.xml"]
Generating HTML - meck "/home/pete/wefwefwef/docs/other/7044170645/repo/dev/.xml/meck/meck.xml"
Reading XML for "/home/pete/wefwefwef/docs/other/7044170645/repo/dev/.xml/meck/meck.xml"
Reading XML for "/home/pete/wefwefwef/docs/other/7044170645/repo/dev/.xml/specs_meck.xml"
Creating index.html ...
Creating erldocs_index.js ...
Woot, finished in 0 Minutes 1 Seconds
 :: Discovering other repos
$ 5000  `rm -r '/home/pete/wefwefwef/docs/other/7044170645/meck-branch-dev'  2>&1`
 :: Processing https://github.com/norton/meck	{rev,branch,"master","633a5962403cae487dffc8a74d31e66edb581f64"}
 :: Fetching repo code
$ cd "/home/pete/wefwefwef/docs/other/7044170645/meck-branch-master/meck"
$ infinity  `curl --fail --silent --show-error --location --output 'master.zip' 'https://github.com/norton/meck/archive/master.zip'  2>&1`
$ cd "/home/pete/wefwefwef/docs/erldocs_other.git"
$ cd "/home/pete/wefwefwef/docs/other/7044170645/meck-branch-master/meck"
$ 5000  `find -P . -type l -delete  2>&1`
$ cd "/home/pete/wefwefwef/docs/erldocs_other.git"
$ cd "/home/pete/wefwefwef/docs/other/7044170645/meck-branch-master/meck"
$ 5000  `find 'meck-master' -mindepth 1 -maxdepth 1 -exec mv -t . -- {} +  2>&1`
$ cd "/home/pete/wefwefwef/docs/erldocs_other.git"
 :: Getting dependencies
$ cd "/home/pete/wefwefwef/docs/other/7044170645/meck-branch-master/meck"
$ 5000  `ls -1 deps/  2>&1`
$ cd "/home/pete/wefwefwef/docs/erldocs_other.git"
>>> [rebar] deps = []
 :: Generating erldocs into /home/pete/wefwefwef/docs/other/7044170645/repo/master
Building meck
Generating Type Specs - "/home/pete/wefwefwef/docs/other/7044170645/meck-branch-master/meck/src/meck.erl"
Generating Type Specs - "/home/pete/wefwefwef/docs/other/7044170645/meck-branch-master/meck/src/meck_cover.erl"
Generating Type Specs - "/home/pete/wefwefwef/docs/other/7044170645/meck-branch-master/meck/src/meck_mod.erl"
Generating XML for application meck "/home/pete/wefwefwef/docs/other/7044170645/meck-branch-master/meck" -> "/home/pete/wefwefwef/docs/other/7044170645/repo/master/.xml/meck"
Generated meck XMLs: ["/home/pete/wefwefwef/docs/other/7044170645/repo/master/.xml/meck/meck.xml",
                      "/home/pete/wefwefwef/docs/other/7044170645/repo/master/.xml/meck/meck_cover.xml"]
Generating HTML - meck_cover "/home/pete/wefwefwef/docs/other/7044170645/repo/master/.xml/meck/meck_cover.xml"
Reading XML for "/home/pete/wefwefwef/docs/other/7044170645/repo/master/.xml/meck/meck_cover.xml"
Reading XML for "/home/pete/wefwefwef/docs/other/7044170645/repo/master/.xml/specs_meck_cover.xml"
Generating HTML - meck "/home/pete/wefwefwef/docs/other/7044170645/repo/master/.xml/meck/meck.xml"
Reading XML for "/home/pete/wefwefwef/docs/other/7044170645/repo/master/.xml/meck/meck.xml"
Reading XML for "/home/pete/wefwefwef/docs/other/7044170645/repo/master/.xml/specs_meck.xml"
Creating index.html ...
Creating erldocs_index.js ...
Woot, finished in 0 Minutes 0 Seconds
 :: Discovering other repos
$ 5000  `rm -r '/home/pete/wefwefwef/docs/other/7044170645/meck-branch-master'  2>&1`
 :: Processing https://github.com/norton/meck	{rev,branch,"upstream-master","98cdc40fe6ae7780491ed8d0db691dd15625e9b2"}
 :: Fetching repo code
$ cd "/home/pete/wefwefwef/docs/other/7044170645/meck-branch-upstream-master/meck"
$ infinity  `curl --fail --silent --show-error --location --output 'upstream-master.zip' 'https://github.com/norton/meck/archive/upstream-master.zip'  2>&1`
$ cd "/home/pete/wefwefwef/docs/erldocs_other.git"
$ cd "/home/pete/wefwefwef/docs/other/7044170645/meck-branch-upstream-master/meck"
$ 5000  `find -P . -type l -delete  2>&1`
$ cd "/home/pete/wefwefwef/docs/erldocs_other.git"
$ cd "/home/pete/wefwefwef/docs/other/7044170645/meck-branch-upstream-master/meck"
$ 5000  `find 'meck-upstream-master' -mindepth 1 -maxdepth 1 -exec mv -t . -- {} +  2>&1`
$ cd "/home/pete/wefwefwef/docs/erldocs_other.git"
 :: Getting dependencies
$ cd "/home/pete/wefwefwef/docs/other/7044170645/meck-branch-upstream-master/meck"
$ 5000  `ls -1 deps/  2>&1`
$ cd "/home/pete/wefwefwef/docs/erldocs_other.git"
>>> [rebar] deps = []
 :: Generating erldocs into /home/pete/wefwefwef/docs/other/7044170645/repo/upstream-master
Building meck
Generating Type Specs - "/home/pete/wefwefwef/docs/other/7044170645/meck-branch-upstream-master/meck/src/meck.erl"
Generating Type Specs - "/home/pete/wefwefwef/docs/other/7044170645/meck-branch-upstream-master/meck/src/meck_args_matcher.erl"
Generating Type Specs - "/home/pete/wefwefwef/docs/other/7044170645/meck-branch-upstream-master/meck/src/meck_code.erl"
Generating Type Specs - "/home/pete/wefwefwef/docs/other/7044170645/meck-branch-upstream-master/meck/src/meck_code_gen.erl"
Generating Type Specs - "/home/pete/wefwefwef/docs/other/7044170645/meck-branch-upstream-master/meck/src/meck_cover.erl"
Generating Type Specs - "/home/pete/wefwefwef/docs/other/7044170645/meck-branch-upstream-master/meck/src/meck_expect.erl"
Generating Type Specs - "/home/pete/wefwefwef/docs/other/7044170645/meck-branch-upstream-master/meck/src/meck_history.erl"
Generating Type Specs - "/home/pete/wefwefwef/docs/other/7044170645/meck-branch-upstream-master/meck/src/meck_matcher.erl"
Generating Type Specs - "/home/pete/wefwefwef/docs/other/7044170645/meck-branch-upstream-master/meck/src/meck_proc.erl"
Generating Type Specs - "/home/pete/wefwefwef/docs/other/7044170645/meck-branch-upstream-master/meck/src/meck_ret_spec.erl"
Generating Type Specs - "/home/pete/wefwefwef/docs/other/7044170645/meck-branch-upstream-master/meck/src/meck_util.erl"
Generating XML for application meck "/home/pete/wefwefwef/docs/other/7044170645/meck-branch-upstream-master/meck" -> "/home/pete/wefwefwef/docs/other/7044170645/repo/upstream-master/.xml/meck"
Generated meck XMLs: ["/home/pete/wefwefwef/docs/other/7044170645/repo/upstream-master/.xml/meck/meck.xml"]
Generating HTML - meck "/home/pete/wefwefwef/docs/other/7044170645/repo/upstream-master/.xml/meck/meck.xml"
Reading XML for "/home/pete/wefwefwef/docs/other/7044170645/repo/upstream-master/.xml/meck/meck.xml"
Reading XML for "/home/pete/wefwefwef/docs/other/7044170645/repo/upstream-master/.xml/specs_meck.xml"
Creating index.html ...
Creating erldocs_index.js ...
Woot, finished in 0 Minutes 1 Seconds
 :: Discovering other repos
$ 5000  `rm -r '/home/pete/wefwefwef/docs/other/7044170645/meck-branch-upstream-master'  2>&1`
 :: Erldocs finishing up
$ 5000  `rm -r '/home/pete/wefwefwef/docs/other/7044170645/meck'  2>&1`
