 :: Extracting meta information
$ 5000  `git ls-remote --heads --tags 'https://github.com/tonyg/erlang-scrypt'  2>&1`
>>> [repo] 1 branches, 0 tags
 :: Writing meta to "/home/pete/wefwefwef/docs/other/5859052206/meta.txt"
 :: Processing https://github.com/tonyg/erlang-scrypt	{rev,branch,"master","01b761c2490d769c81bbf989d97be85c25b083e6",undefined,[],[]}
 :: Fetching repo code
$ cd "/home/pete/wefwefwef/docs/other/5859052206/erlang-scrypt-branch-master/erlang-scrypt"
$ infinity  `curl --fail --silent --show-error --location --output 'master.zip' 'https://github.com/tonyg/erlang-scrypt/archive/master.zip'  2>&1`
$ cd "/home/pete/wefwefwef/docs/erldocs_other.git"
$ cd "/home/pete/wefwefwef/docs/other/5859052206/erlang-scrypt-branch-master/erlang-scrypt"
$ 5000  `find -P . -type l -delete  2>&1`
$ cd "/home/pete/wefwefwef/docs/erldocs_other.git"
$ cd "/home/pete/wefwefwef/docs/other/5859052206/erlang-scrypt-branch-master/erlang-scrypt"
$ 5000  `find 'erlang-scrypt-master' -mindepth 1 -maxdepth 1 -exec mv -t . -- {} +  2>&1`
$ cd "/home/pete/wefwefwef/docs/erldocs_other.git"
 :: Getting dependencies
$ cd "/home/pete/wefwefwef/docs/other/5859052206/erlang-scrypt-branch-master/erlang-scrypt"
$ 5000  `ls -1 deps/  2>&1`
$ cd "/home/pete/wefwefwef/docs/erldocs_other.git"
>>> [rebar] deps = []
 :: Generating erldocs into /home/pete/wefwefwef/docs/other/5859052206/repo/master
Building erlang-scrypt
Generating Type Specs - "/home/pete/wefwefwef/docs/other/5859052206/erlang-scrypt-branch-master/erlang-scrypt/src/scrypt.erl"
Generating Type Specs - "/home/pete/wefwefwef/docs/other/5859052206/erlang-scrypt-branch-master/erlang-scrypt/src/scrypt_app.erl"
Generating Type Specs - "/home/pete/wefwefwef/docs/other/5859052206/erlang-scrypt-branch-master/erlang-scrypt/src/scrypt_port.erl"
Generating Type Specs - "/home/pete/wefwefwef/docs/other/5859052206/erlang-scrypt-branch-master/erlang-scrypt/src/scrypt_sup.erl"
Generating XML for application erlang-scrypt "/home/pete/wefwefwef/docs/other/5859052206/erlang-scrypt-branch-master/erlang-scrypt" -> "/home/pete/wefwefwef/docs/other/5859052206/repo/master/.xml/erlang-scrypt"
Generated erlang-scrypt XMLs: ["/home/pete/wefwefwef/docs/other/5859052206/repo/master/.xml/erlang-scrypt/scrypt_app.xml",
                               "/home/pete/wefwefwef/docs/other/5859052206/repo/master/.xml/erlang-scrypt/scrypt_sup.xml",
                               "/home/pete/wefwefwef/docs/other/5859052206/repo/master/.xml/erlang-scrypt/scrypt_port.xml",
                               "/home/pete/wefwefwef/docs/other/5859052206/repo/master/.xml/erlang-scrypt/scrypt.xml"]
Generating HTML - scrypt_app "/home/pete/wefwefwef/docs/other/5859052206/repo/master/.xml/erlang-scrypt/scrypt_app.xml"
Generating HTML - scrypt_sup "/home/pete/wefwefwef/docs/other/5859052206/repo/master/.xml/erlang-scrypt/scrypt_sup.xml"
Generating HTML - scrypt_port "/home/pete/wefwefwef/docs/other/5859052206/repo/master/.xml/erlang-scrypt/scrypt_port.xml"
Generating HTML - scrypt "/home/pete/wefwefwef/docs/other/5859052206/repo/master/.xml/erlang-scrypt/scrypt.xml"
Reading XML for "/home/pete/wefwefwef/docs/other/5859052206/repo/master/.xml/erlang-scrypt/scrypt_app.xml"
Reading XML for "/home/pete/wefwefwef/docs/other/5859052206/repo/master/.xml/erlang-scrypt/scrypt_sup.xml"
Reading XML for "/home/pete/wefwefwef/docs/other/5859052206/repo/master/.xml/erlang-scrypt/scrypt_port.xml"
Reading XML for "/home/pete/wefwefwef/docs/other/5859052206/repo/master/.xml/erlang-scrypt/scrypt.xml"
Reading XML for "/home/pete/wefwefwef/docs/other/5859052206/repo/master/.xml/specs_scrypt_sup.xml"
Reading XML for "/home/pete/wefwefwef/docs/other/5859052206/repo/master/.xml/specs_scrypt_app.xml"
Reading XML for "/home/pete/wefwefwef/docs/other/5859052206/repo/master/.xml/specs_scrypt_port.xml"
Reading XML for "/home/pete/wefwefwef/docs/other/5859052206/repo/master/.xml/specs_scrypt.xml"
Creating index.html ...
Creating erldocs_index.js ...
Woot, finished in 0 Minutes 0 Seconds
 :: Discovering other repos
$ 5000  `rm -r '/home/pete/wefwefwef/docs/other/5859052206/erlang-scrypt-branch-master'  2>&1`
 :: Finishing up
$ 5000  `rm -r '/home/pete/wefwefwef/docs/other/5859052206/erlang-scrypt'  2>&1`
