 :: Extracting meta information
$ infinity  `git ls-remote --heads --tags 'https://github.com/project-fifo/libsnarlmatch'  2>&1`
>>> [repo] 4 branches, 7 tags
 :: Writing meta to "/home/pete/wefwefwef/docs/other/5d73fada641a4ebced808bb4b92411233dbe054b/meta.txt"
 :: Skipping tag "0.1.3"
 :: Skipping tag "0.1.4"
 :: Skipping tag "0.1.6"
 :: Skipping tag "0.1.0"
 :: Skipping tag "0.1.1"
 :: Skipping tag "0.1.2"
 :: Skipping branch "dev"
 :: Skipping branch "test"
 :: Skipping branch "tree"
 :: Processing https://github.com/project-fifo/libsnarlmatch	{rev,branch,"master","c508c5e70aa48c44bc256a9aed81d4b127a4ec26",undefined,[],[]}
 :: Fetching repo code
$ cd '/home/pete/wefwefwef/docs/other/5d73fada641a4ebced808bb4b92411233dbe054b/libsnarlmatch-branch-master'
$ infinity  `curl --fail --silent --show-error --location --output repo.tar.gz 'https://codeload.github.com/project-fifo/libsnarlmatch/tar.gz/master'  2>&1`
$ cd '/home/pete/wefwefwef/docs/erldocs_other.git'
$ cd '/home/pete/wefwefwef/docs/other/5d73fada641a4ebced808bb4b92411233dbe054b/libsnarlmatch-branch-master/libsnarlmatch-master'
$ 5000  `find -P . -type l -delete  2>&1`
$ cd '/home/pete/wefwefwef/docs/erldocs_other.git'
$ 5000  `mv '/home/pete/wefwefwef/docs/other/5d73fada641a4ebced808bb4b92411233dbe054b/libsnarlmatch-branch-master/libsnarlmatch-master' '/home/pete/wefwefwef/docs/other/5d73fada641a4ebced808bb4b92411233dbe054b/libsnarlmatch-branch-master/libsnarlmatch'  2>&1`
 :: Getting dependencies
$ cd '/home/pete/wefwefwef/docs/other/5d73fada641a4ebced808bb4b92411233dbe054b/libsnarlmatch-branch-master/libsnarlmatch'
$ 5000  `ls -1 deps/  2>&1`
$ cd '/home/pete/wefwefwef/docs/erldocs_other.git'
>>> [rebar] deps = []
 :: Generating erldocs into /home/pete/wefwefwef/docs/other/5d73fada641a4ebced808bb4b92411233dbe054b/repo/master
Building libsnarlmatch
Generating Type Specs - "/home/pete/wefwefwef/docs/other/5d73fada641a4ebced808bb4b92411233dbe054b/libsnarlmatch-branch-master/libsnarlmatch/src/libsnarlmatch.erl"
Generating Type Specs - "/home/pete/wefwefwef/docs/other/5d73fada641a4ebced808bb4b92411233dbe054b/libsnarlmatch-branch-master/libsnarlmatch/src/libsnarlmatch_tree.erl"
Generating XML for application libsnarlmatch "/home/pete/wefwefwef/docs/other/5d73fada641a4ebced808bb4b92411233dbe054b/libsnarlmatch-branch-master/libsnarlmatch" -> "/home/pete/wefwefwef/docs/other/5d73fada641a4ebced808bb4b92411233dbe054b/repo/master/.xml/libsnarlmatch"
Generated libsnarlmatch XMLs: ["/home/pete/wefwefwef/docs/other/5d73fada641a4ebced808bb4b92411233dbe054b/repo/master/.xml/libsnarlmatch/libsnarlmatch_tree.xml",
                               "/home/pete/wefwefwef/docs/other/5d73fada641a4ebced808bb4b92411233dbe054b/repo/master/.xml/libsnarlmatch/libsnarlmatch.xml"]
Generating HTML - libsnarlmatch "/home/pete/wefwefwef/docs/other/5d73fada641a4ebced808bb4b92411233dbe054b/repo/master/.xml/libsnarlmatch/libsnarlmatch.xml"
Reading XML for "/home/pete/wefwefwef/docs/other/5d73fada641a4ebced808bb4b92411233dbe054b/repo/master/.xml/libsnarlmatch/libsnarlmatch.xml"
Reading XML for "/home/pete/wefwefwef/docs/other/5d73fada641a4ebced808bb4b92411233dbe054b/repo/master/.xml/specs_libsnarlmatch.xml"
Generating HTML - libsnarlmatch_tree "/home/pete/wefwefwef/docs/other/5d73fada641a4ebced808bb4b92411233dbe054b/repo/master/.xml/libsnarlmatch/libsnarlmatch_tree.xml"
Reading XML for "/home/pete/wefwefwef/docs/other/5d73fada641a4ebced808bb4b92411233dbe054b/repo/master/.xml/libsnarlmatch/libsnarlmatch_tree.xml"
Reading XML for "/home/pete/wefwefwef/docs/other/5d73fada641a4ebced808bb4b92411233dbe054b/repo/master/.xml/specs_libsnarlmatch_tree.xml"
Creating index.html ...
Creating erldocs_index.js ...
Woot, finished in 0 Minutes 0 Seconds
 :: Discovering other repos
$ 5000  `rm -r '/home/pete/wefwefwef/docs/other/5d73fada641a4ebced808bb4b92411233dbe054b/libsnarlmatch-branch-master'  2>&1`
 :: Processing https://github.com/project-fifo/libsnarlmatch	{rev,tag,"0.1.7","c508c5e70aa48c44bc256a9aed81d4b127a4ec26",undefined,[],[]}
 :: Fetching repo code
$ cd '/home/pete/wefwefwef/docs/other/5d73fada641a4ebced808bb4b92411233dbe054b/libsnarlmatch-tag-0.1.7'
$ infinity  `curl --fail --silent --show-error --location --output repo.tar.gz 'https://codeload.github.com/project-fifo/libsnarlmatch/tar.gz/0.1.7'  2>&1`
$ cd '/home/pete/wefwefwef/docs/erldocs_other.git'
$ cd '/home/pete/wefwefwef/docs/other/5d73fada641a4ebced808bb4b92411233dbe054b/libsnarlmatch-tag-0.1.7/libsnarlmatch-0.1.7'
$ 5000  `find -P . -type l -delete  2>&1`
$ cd '/home/pete/wefwefwef/docs/erldocs_other.git'
$ 5000  `mv '/home/pete/wefwefwef/docs/other/5d73fada641a4ebced808bb4b92411233dbe054b/libsnarlmatch-tag-0.1.7/libsnarlmatch-0.1.7' '/home/pete/wefwefwef/docs/other/5d73fada641a4ebced808bb4b92411233dbe054b/libsnarlmatch-tag-0.1.7/libsnarlmatch'  2>&1`
 :: Getting dependencies
$ cd '/home/pete/wefwefwef/docs/other/5d73fada641a4ebced808bb4b92411233dbe054b/libsnarlmatch-tag-0.1.7/libsnarlmatch'
$ 5000  `ls -1 deps/  2>&1`
$ cd '/home/pete/wefwefwef/docs/erldocs_other.git'
>>> [rebar] deps = []
 :: Generating erldocs into /home/pete/wefwefwef/docs/other/5d73fada641a4ebced808bb4b92411233dbe054b/repo/0.1.7
Building libsnarlmatch
Generating Type Specs - "/home/pete/wefwefwef/docs/other/5d73fada641a4ebced808bb4b92411233dbe054b/libsnarlmatch-tag-0.1.7/libsnarlmatch/src/libsnarlmatch.erl"
Generating Type Specs - "/home/pete/wefwefwef/docs/other/5d73fada641a4ebced808bb4b92411233dbe054b/libsnarlmatch-tag-0.1.7/libsnarlmatch/src/libsnarlmatch_tree.erl"
Generating XML for application libsnarlmatch "/home/pete/wefwefwef/docs/other/5d73fada641a4ebced808bb4b92411233dbe054b/libsnarlmatch-tag-0.1.7/libsnarlmatch" -> "/home/pete/wefwefwef/docs/other/5d73fada641a4ebced808bb4b92411233dbe054b/repo/0.1.7/.xml/libsnarlmatch"
Generated libsnarlmatch XMLs: ["/home/pete/wefwefwef/docs/other/5d73fada641a4ebced808bb4b92411233dbe054b/repo/0.1.7/.xml/libsnarlmatch/libsnarlmatch_tree.xml",
                               "/home/pete/wefwefwef/docs/other/5d73fada641a4ebced808bb4b92411233dbe054b/repo/0.1.7/.xml/libsnarlmatch/libsnarlmatch.xml"]
Generating HTML - libsnarlmatch "/home/pete/wefwefwef/docs/other/5d73fada641a4ebced808bb4b92411233dbe054b/repo/0.1.7/.xml/libsnarlmatch/libsnarlmatch.xml"
Reading XML for "/home/pete/wefwefwef/docs/other/5d73fada641a4ebced808bb4b92411233dbe054b/repo/0.1.7/.xml/libsnarlmatch/libsnarlmatch.xml"
Reading XML for "/home/pete/wefwefwef/docs/other/5d73fada641a4ebced808bb4b92411233dbe054b/repo/0.1.7/.xml/specs_libsnarlmatch.xml"
Generating HTML - libsnarlmatch_tree "/home/pete/wefwefwef/docs/other/5d73fada641a4ebced808bb4b92411233dbe054b/repo/0.1.7/.xml/libsnarlmatch/libsnarlmatch_tree.xml"
Reading XML for "/home/pete/wefwefwef/docs/other/5d73fada641a4ebced808bb4b92411233dbe054b/repo/0.1.7/.xml/libsnarlmatch/libsnarlmatch_tree.xml"
Reading XML for "/home/pete/wefwefwef/docs/other/5d73fada641a4ebced808bb4b92411233dbe054b/repo/0.1.7/.xml/specs_libsnarlmatch_tree.xml"
Creating index.html ...
Creating erldocs_index.js ...
Woot, finished in 0 Minutes 0 Seconds
 :: Discovering other repos
$ 5000  `rm -r '/home/pete/wefwefwef/docs/other/5d73fada641a4ebced808bb4b92411233dbe054b/libsnarlmatch-tag-0.1.7'  2>&1`
 :: Finishing up
$ 5000  `rm -r '/home/pete/wefwefwef/docs/other/5d73fada641a4ebced808bb4b92411233dbe054b/libsnarlmatch'  2>&1`
