 :: Extracting meta information
$ 5000  `git ls-remote --heads --tags 'https://github.com/cannedprimates/ergex'  2>&1`
>>> [repo] 1 branches, 0 tags
 :: Writing meta to "/home/pete/wefwefwef/docs/other/4835790452/meta.txt"
 :: Processing https://github.com/cannedprimates/ergex	{rev,branch,"master","d10cd7e3190e001338ed59203ccdf7c2ddca6402"}
 :: Fetching repo code
$ cd "/home/pete/wefwefwef/docs/other/4835790452/ergex-branch-master/ergex"
$ infinity  `curl --fail --silent --show-error --location --output 'master.zip' 'https://github.com/cannedprimates/ergex/archive/master.zip'  2>&1`
$ cd "/home/pete/wefwefwef/docs/erldocs_other.git"
$ cd "/home/pete/wefwefwef/docs/other/4835790452/ergex-branch-master/ergex"
$ 5000  `find -P . -type l -delete  2>&1`
$ cd "/home/pete/wefwefwef/docs/erldocs_other.git"
$ cd "/home/pete/wefwefwef/docs/other/4835790452/ergex-branch-master/ergex"
$ 5000  `find 'ergex-master' -mindepth 1 -maxdepth 1 -exec mv -t . -- {} +  2>&1`
$ cd "/home/pete/wefwefwef/docs/erldocs_other.git"
 :: Getting dependencies
$ cd "/home/pete/wefwefwef/docs/other/4835790452/ergex-branch-master/ergex"
$ 5000  `ls -1 deps/  2>&1`
$ cd "/home/pete/wefwefwef/docs/erldocs_other.git"
>>> [rebar] deps = []
 :: Generating erldocs into /home/pete/wefwefwef/docs/other/4835790452/repo/master
Building ergex
Generating Type Specs - "/home/pete/wefwefwef/docs/other/4835790452/ergex-branch-master/ergex/src/ergex.erl"
EDoc could not process file '/home/pete/wefwefwef/docs/other/4835790452/ergex-branch-master/ergex/src/ergex.erl'
Error generating type specs for "/home/pete/wefwefwef/docs/other/4835790452/ergex-branch-master/ergex/src/ergex.erl"
Generating Type Specs - "/home/pete/wefwefwef/docs/other/4835790452/ergex-branch-master/ergex/src/ergex_lib.erl"
EDoc could not process file '/home/pete/wefwefwef/docs/other/4835790452/ergex-branch-master/ergex/src/ergex_lib.erl'
Error generating type specs for "/home/pete/wefwefwef/docs/other/4835790452/ergex-branch-master/ergex/src/ergex_lib.erl"
Generating Type Specs - "/home/pete/wefwefwef/docs/other/4835790452/ergex-branch-master/ergex/src/ergex_ll.erl"
EDoc could not process file '/home/pete/wefwefwef/docs/other/4835790452/ergex-branch-master/ergex/src/ergex_ll.erl'
Error generating type specs for "/home/pete/wefwefwef/docs/other/4835790452/ergex-branch-master/ergex/src/ergex_ll.erl"
Generating Type Specs - "/home/pete/wefwefwef/docs/other/4835790452/ergex-branch-master/ergex/src/ergex_matcher.erl"
EDoc could not process file '/home/pete/wefwefwef/docs/other/4835790452/ergex-branch-master/ergex/src/ergex_matcher.erl'
Error generating type specs for "/home/pete/wefwefwef/docs/other/4835790452/ergex-branch-master/ergex/src/ergex_matcher.erl"
Generating Type Specs - "/home/pete/wefwefwef/docs/other/4835790452/ergex-branch-master/ergex/src/ergex_parser.erl"
EDoc could not process file '/home/pete/wefwefwef/docs/other/4835790452/ergex-branch-master/ergex/src/ergex_parser.erl'
Error generating type specs for "/home/pete/wefwefwef/docs/other/4835790452/ergex-branch-master/ergex/src/ergex_parser.erl"
Generating XML for application ergex "/home/pete/wefwefwef/docs/other/4835790452/ergex-branch-master/ergex" -> "/home/pete/wefwefwef/docs/other/4835790452/repo/master/.xml/ergex"
/home/pete/wefwefwef/docs/other/4835790452/ergex-branch-master/ergex/src/ergex_ll.erl, in module header: at line 2: error in XML parser: {system_limit,[{ets,new,[rules,[set|...]],[]},
                                    {xmerl_scan,initial_state,2,[{...}|...]},
                                    {xmerl_scan,int_string,4,[...]},
                                    {xmerl_scan,string,2,...},
                                    {edoc_wiki,parse_xml_1,...},
                                    {edoc_wiki,...},
                                    {...}|...]}.
edoc: skipping source file '/home/pete/wefwefwef/docs/other/4835790452/ergex-branch-master/ergex/src/ergex_ll.erl': {'EXIT',
                                                                                                               error}.
/home/pete/wefwefwef/docs/other/4835790452/ergex-branch-master/ergex/src/ergex_lib.erl, in module header: at line 2: error in XML parser: {system_limit,[{ets,new,[rules,[set|...]],[]},
                                    {xmerl_scan,initial_state,2,[{...}|...]},
                                    {xmerl_scan,int_string,4,[...]},
                                    {xmerl_scan,string,2,...},
                                    {edoc_wiki,parse_xml_1,...},
                                    {edoc_wiki,...},
                                    {...}|...]}.
edoc: skipping source file '/home/pete/wefwefwef/docs/other/4835790452/ergex-branch-master/ergex/src/ergex_lib.erl': {'EXIT',
                                                                                                                error}.
/home/pete/wefwefwef/docs/other/4835790452/ergex-branch-master/ergex/src/ergex_matcher.erl, in module header: at line 2: error in XML parser: {system_limit,[{ets,new,[rules,[set|...]],[]},
                                    {xmerl_scan,initial_state,2,[{...}|...]},
                                    {xmerl_scan,int_string,4,[...]},
                                    {xmerl_scan,string,2,...},
                                    {edoc_wiki,parse_xml_1,...},
                                    {edoc_wiki,...},
                                    {...}|...]}.
edoc: skipping source file '/home/pete/wefwefwef/docs/other/4835790452/ergex-branch-master/ergex/src/ergex_matcher.erl': {'EXIT',
                                                                                                                    error}.
/home/pete/wefwefwef/docs/other/4835790452/ergex-branch-master/ergex/src/ergex_parser.erl, in module header: at line 2: error in XML parser: {system_limit,[{ets,new,[rules,[set|...]],[]},
                                    {xmerl_scan,initial_state,2,[{...}|...]},
                                    {xmerl_scan,int_string,4,[...]},
                                    {xmerl_scan,string,2,...},
                                    {edoc_wiki,parse_xml_1,...},
                                    {edoc_wiki,...},
                                    {...}|...]}.
edoc: skipping source file '/home/pete/wefwefwef/docs/other/4835790452/ergex-branch-master/ergex/src/ergex_parser.erl': {'EXIT',
                                                                                                                   error}.
/home/pete/wefwefwef/docs/other/4835790452/ergex-branch-master/ergex/src/ergex.erl, in module header: at line 2: error in XML parser: {system_limit,[{ets,new,[rules,[set|...]],[]},
                                    {xmerl_scan,initial_state,2,[{...}|...]},
                                    {xmerl_scan,int_string,4,[...]},
                                    {xmerl_scan,string,2,...},
                                    {edoc_wiki,parse_xml_1,...},
                                    {edoc_wiki,...},
                                    {...}|...]}.
edoc: skipping source file '/home/pete/wefwefwef/docs/other/4835790452/ergex-branch-master/ergex/src/ergex.erl': {'EXIT',
                                                                                                            error}.
edoc: error in doclet 'edoc_doclet': {'EXIT',error}.
Error generating ergex XMLs. Using fallback ...
Generating XML ergex - ergex "/home/pete/wefwefwef/docs/other/4835790452/ergex-branch-master/ergex/src/ergex.erl" -> "/home/pete/wefwefwef/docs/other/4835790452/repo/master/.xml/ergex/ergex.xml"
/home/pete/wefwefwef/docs/other/4835790452/ergex-branch-master/ergex/src/ergex.erl, in module header: at line 2: error in XML parser: {system_limit,[{ets,new,[rules,[set|...]],[]},
                                    {xmerl_scan,initial_state,2,[{...}|...]},
                                    {xmerl_scan,int_string,4,[...]},
                                    {xmerl_scan,string,2,...},
                                    {edoc_wiki,parse_xml_1,...},
                                    {edoc_wiki,...},
                                    {...}|...]}.
Error generating XML ("/home/pete/wefwefwef/docs/other/4835790452/ergex-branch-master/ergex/src/ergex.erl"): {'EXIT',
                                                                                                              error}
Generating XML ergex - ergex_lib "/home/pete/wefwefwef/docs/other/4835790452/ergex-branch-master/ergex/src/ergex_lib.erl" -> "/home/pete/wefwefwef/docs/other/4835790452/repo/master/.xml/ergex/ergex_lib.xml"
/home/pete/wefwefwef/docs/other/4835790452/ergex-branch-master/ergex/src/ergex_lib.erl, in module header: at line 2: error in XML parser: {system_limit,[{ets,new,[rules,[set|...]],[]},
                                    {xmerl_scan,initial_state,2,[{...}|...]},
                                    {xmerl_scan,int_string,4,[...]},
                                    {xmerl_scan,string,2,...},
                                    {edoc_wiki,parse_xml_1,...},
                                    {edoc_wiki,...},
                                    {...}|...]}.
Error generating XML ("/home/pete/wefwefwef/docs/other/4835790452/ergex-branch-master/ergex/src/ergex_lib.erl"): {'EXIT',
                                                                                                                  error}
Generating XML ergex - ergex_ll "/home/pete/wefwefwef/docs/other/4835790452/ergex-branch-master/ergex/src/ergex_ll.erl" -> "/home/pete/wefwefwef/docs/other/4835790452/repo/master/.xml/ergex/ergex_ll.xml"
/home/pete/wefwefwef/docs/other/4835790452/ergex-branch-master/ergex/src/ergex_ll.erl, in module header: at line 2: error in XML parser: {system_limit,[{ets,new,[rules,[set|...]],[]},
                                    {xmerl_scan,initial_state,2,[{...}|...]},
                                    {xmerl_scan,int_string,4,[...]},
                                    {xmerl_scan,string,2,...},
                                    {edoc_wiki,parse_xml_1,...},
                                    {edoc_wiki,...},
                                    {...}|...]}.
Error generating XML ("/home/pete/wefwefwef/docs/other/4835790452/ergex-branch-master/ergex/src/ergex_ll.erl"): {'EXIT',
                                                                                                                 error}
Generating XML ergex - ergex_matcher "/home/pete/wefwefwef/docs/other/4835790452/ergex-branch-master/ergex/src/ergex_matcher.erl" -> "/home/pete/wefwefwef/docs/other/4835790452/repo/master/.xml/ergex/ergex_matcher.xml"
/home/pete/wefwefwef/docs/other/4835790452/ergex-branch-master/ergex/src/ergex_matcher.erl, in module header: at line 2: error in XML parser: {system_limit,[{ets,new,[rules,[set|...]],[]},
                                    {xmerl_scan,initial_state,2,[{...}|...]},
                                    {xmerl_scan,int_string,4,[...]},
                                    {xmerl_scan,string,2,...},
                                    {edoc_wiki,parse_xml_1,...},
                                    {edoc_wiki,...},
                                    {...}|...]}.
Error generating XML ("/home/pete/wefwefwef/docs/other/4835790452/ergex-branch-master/ergex/src/ergex_matcher.erl"): {'EXIT',
                                                                                                                      error}
Generating XML ergex - ergex_parser "/home/pete/wefwefwef/docs/other/4835790452/ergex-branch-master/ergex/src/ergex_parser.erl" -> "/home/pete/wefwefwef/docs/other/4835790452/repo/master/.xml/ergex/ergex_parser.xml"
/home/pete/wefwefwef/docs/other/4835790452/ergex-branch-master/ergex/src/ergex_parser.erl, in module header: at line 2: error in XML parser: {system_limit,[{ets,new,[rules,[set|...]],[]},
                                    {xmerl_scan,initial_state,2,[{...}|...]},
                                    {xmerl_scan,int_string,4,[...]},
                                    {xmerl_scan,string,2,...},
                                    {edoc_wiki,parse_xml_1,...},
                                    {edoc_wiki,...},
                                    {...}|...]}.
Error generating XML ("/home/pete/wefwefwef/docs/other/4835790452/ergex-branch-master/ergex/src/ergex_parser.erl"): {'EXIT',
                                                                                                                     error}
No documentation was generated!
Woot, finished in 0 Minutes 0 Seconds
 :: Discovering other repos
$ 5000  `rm -r '/home/pete/wefwefwef/docs/other/4835790452/ergex-branch-master'  2>&1`
 :: Erldocs finishing up
$ 5000  `rm -r '/home/pete/wefwefwef/docs/other/4835790452/ergex'  2>&1`
$ 5000  `rm -r '/home/pete/wefwefwef/docs/other/4835790452/repo/master'  2>&1`
