 :: Extracting meta information
$ 5000  `git ls-remote --heads --tags 'https://github.com/cannedprimates/ergex'  2>&1`
>>> [repo] 1 branches, 0 tags
 :: Writing meta to "/home/pete/wefwefwef/docs/other/5159693910/meta.txt"
 :: Processing https://github.com/cannedprimates/ergex	{rev,branch,"master","d10cd7e3190e001338ed59203ccdf7c2ddca6402",undefined,[],[]}
 :: Fetching repo code
$ cd "/home/pete/wefwefwef/docs/other/5159693910/ergex-branch-master/ergex"
$ infinity  `curl --fail --silent --show-error --location --output 'master.zip' 'https://github.com/cannedprimates/ergex/archive/master.zip'  2>&1`
$ cd "/home/pete/wefwefwef/docs/erldocs_other.git"
$ cd "/home/pete/wefwefwef/docs/other/5159693910/ergex-branch-master/ergex"
$ 5000  `find -P . -type l -delete  2>&1`
$ cd "/home/pete/wefwefwef/docs/erldocs_other.git"
$ cd "/home/pete/wefwefwef/docs/other/5159693910/ergex-branch-master/ergex"
$ 5000  `find 'ergex-master' -mindepth 1 -maxdepth 1 -exec mv -t . -- {} +  2>&1`
$ cd "/home/pete/wefwefwef/docs/erldocs_other.git"
 :: Getting dependencies
$ cd "/home/pete/wefwefwef/docs/other/5159693910/ergex-branch-master/ergex"
$ 5000  `ls -1 deps/  2>&1`
$ cd "/home/pete/wefwefwef/docs/erldocs_other.git"
>>> [rebar] deps = []
 :: Generating erldocs into /home/pete/wefwefwef/docs/other/5159693910/repo/master
Building ergex
Generating Type Specs - "/home/pete/wefwefwef/docs/other/5159693910/ergex-branch-master/ergex/src/ergex.erl"
Generating Type Specs - "/home/pete/wefwefwef/docs/other/5159693910/ergex-branch-master/ergex/src/ergex_lib.erl"
Generating Type Specs - "/home/pete/wefwefwef/docs/other/5159693910/ergex-branch-master/ergex/src/ergex_ll.erl"
Generating Type Specs - "/home/pete/wefwefwef/docs/other/5159693910/ergex-branch-master/ergex/src/ergex_matcher.erl"
Generating Type Specs - "/home/pete/wefwefwef/docs/other/5159693910/ergex-branch-master/ergex/src/ergex_parser.erl"
Generating XML for application ergex "/home/pete/wefwefwef/docs/other/5159693910/ergex-branch-master/ergex" -> "/home/pete/wefwefwef/docs/other/5159693910/repo/master/.xml/ergex"
Generated ergex XMLs: ["/home/pete/wefwefwef/docs/other/5159693910/repo/master/.xml/ergex/ergex_lib.xml",
                       "/home/pete/wefwefwef/docs/other/5159693910/repo/master/.xml/ergex/ergex_ll.xml",
                       "/home/pete/wefwefwef/docs/other/5159693910/repo/master/.xml/ergex/ergex.xml",
                       "/home/pete/wefwefwef/docs/other/5159693910/repo/master/.xml/ergex/ergex_parser.xml",
                       "/home/pete/wefwefwef/docs/other/5159693910/repo/master/.xml/ergex/ergex_matcher.xml"]
Generating HTML - ergex_lib "/home/pete/wefwefwef/docs/other/5159693910/repo/master/.xml/ergex/ergex_lib.xml"
Generating HTML - ergex_ll "/home/pete/wefwefwef/docs/other/5159693910/repo/master/.xml/ergex/ergex_ll.xml"
Generating HTML - ergex "/home/pete/wefwefwef/docs/other/5159693910/repo/master/.xml/ergex/ergex.xml"
Generating HTML - ergex_matcher "/home/pete/wefwefwef/docs/other/5159693910/repo/master/.xml/ergex/ergex_matcher.xml"
Reading XML for "/home/pete/wefwefwef/docs/other/5159693910/repo/master/.xml/ergex/ergex_lib.xml"
Reading XML for "/home/pete/wefwefwef/docs/other/5159693910/repo/master/.xml/ergex/ergex_ll.xml"
Reading XML for "/home/pete/wefwefwef/docs/other/5159693910/repo/master/.xml/ergex/ergex.xml"
Reading XML for "/home/pete/wefwefwef/docs/other/5159693910/repo/master/.xml/ergex/ergex_matcher.xml"
Reading XML for "/home/pete/wefwefwef/docs/other/5159693910/repo/master/.xml/specs_ergex_lib.xml"
Reading XML for "/home/pete/wefwefwef/docs/other/5159693910/repo/master/.xml/specs_ergex_matcher.xml"
Reading XML for "/home/pete/wefwefwef/docs/other/5159693910/repo/master/.xml/specs_ergex.xml"
Reading XML for "/home/pete/wefwefwef/docs/other/5159693910/repo/master/.xml/specs_ergex_ll.xml"
Generating HTML - ergex_parser "/home/pete/wefwefwef/docs/other/5159693910/repo/master/.xml/ergex/ergex_parser.xml"
Reading XML for "/home/pete/wefwefwef/docs/other/5159693910/repo/master/.xml/ergex/ergex_parser.xml"
Reading XML for "/home/pete/wefwefwef/docs/other/5159693910/repo/master/.xml/specs_ergex_parser.xml"
Creating index.html ...
Creating erldocs_index.js ...
Woot, finished in 0 Minutes 0 Seconds
 :: Discovering other repos
$ 5000  `rm -r '/home/pete/wefwefwef/docs/other/5159693910/ergex-branch-master'  2>&1`
 :: Finishing up
$ 5000  `rm -r '/home/pete/wefwefwef/docs/other/5159693910/ergex'  2>&1`
