 :: Extracting meta information
$ 5000  `git ls-remote --heads --tags 'https://github.com/spawngrid/erel'  2>&1`
>>> [repo] 1 branches, 0 tags
 :: Writing meta to "/home/pete/wefwefwef/docs/other/5589671966/meta.txt"
 :: Processing https://github.com/spawngrid/erel	{rev,branch,"master","69c0c2beac1b451d2a4fba30f279b367ff068d7f"}
 :: Fetching repo code
$ cd "/home/pete/wefwefwef/docs/other/5589671966/erel-branch-master/erel"
$ infinity  `curl --fail --silent --show-error --location --output 'master.zip' 'https://github.com/spawngrid/erel/archive/master.zip'  2>&1`
$ cd "/home/pete/wefwefwef/docs/erldocs_other.git"
$ cd "/home/pete/wefwefwef/docs/other/5589671966/erel-branch-master/erel"
$ 5000  `find -P . -type l -delete  2>&1`
$ cd "/home/pete/wefwefwef/docs/erldocs_other.git"
$ cd "/home/pete/wefwefwef/docs/other/5589671966/erel-branch-master/erel"
$ 5000  `find 'erel-master' -mindepth 1 -maxdepth 1 -exec mv -t . -- {} +  2>&1`
$ cd "/home/pete/wefwefwef/docs/erldocs_other.git"
 :: Getting dependencies
$ cd "/home/pete/wefwefwef/docs/other/5589671966/erel-branch-master/erel"
$ 5000  `ls -1 deps/  2>&1`
$ cd "/home/pete/wefwefwef/docs/erldocs_other.git"
>>> [rebar] deps = []
 :: Generating erldocs into /home/pete/wefwefwef/docs/other/5589671966/repo/master
Building erel_master
Generating Type Specs - "/home/pete/wefwefwef/docs/other/5589671966/erel-branch-master/erel/apps/erel_master/src/erel_master.erl"
Generating Type Specs - "/home/pete/wefwefwef/docs/other/5589671966/erel-branch-master/erel/apps/erel_master/src/erel_master_app.erl"
Generating Type Specs - "/home/pete/wefwefwef/docs/other/5589671966/erel-branch-master/erel/apps/erel_master/src/erel_master_file_receiver.erl"
/home/pete/wefwefwef/docs/other/5589671966/erel-branch-master/erel/apps/erel_master/src/erel_master_file_receiver.erl: at line 1: can't find include lib "esupervisor/include/esupervisor.hrl"
EDoc could not process file '/home/pete/wefwefwef/docs/other/5589671966/erel-branch-master/erel/apps/erel_master/src/erel_master_file_receiver.erl'
Error generating type specs for "/home/pete/wefwefwef/docs/other/5589671966/erel-branch-master/erel/apps/erel_master/src/erel_master_file_receiver.erl"
Generating Type Specs - "/home/pete/wefwefwef/docs/other/5589671966/erel-branch-master/erel/apps/erel_master/src/erel_master_group.erl"
/home/pete/wefwefwef/docs/other/5589671966/erel-branch-master/erel/apps/erel_master/src/erel_master_group.erl: at line 1: can't find include lib "esupervisor/include/esupervisor.hrl"
EDoc could not process file '/home/pete/wefwefwef/docs/other/5589671966/erel-branch-master/erel/apps/erel_master/src/erel_master_group.erl'
Error generating type specs for "/home/pete/wefwefwef/docs/other/5589671966/erel-branch-master/erel/apps/erel_master/src/erel_master_group.erl"
Generating Type Specs - "/home/pete/wefwefwef/docs/other/5589671966/erel-branch-master/erel/apps/erel_master/src/erel_master_host.erl"
/home/pete/wefwefwef/docs/other/5589671966/erel-branch-master/erel/apps/erel_master/src/erel_master_host.erl: at line 1: can't find include lib "esupervisor/include/esupervisor.hrl"
EDoc could not process file '/home/pete/wefwefwef/docs/other/5589671966/erel-branch-master/erel/apps/erel_master/src/erel_master_host.erl'
Error generating type specs for "/home/pete/wefwefwef/docs/other/5589671966/erel-branch-master/erel/apps/erel_master/src/erel_master_host.erl"
Generating Type Specs - "/home/pete/wefwefwef/docs/other/5589671966/erel-branch-master/erel/apps/erel_master/src/erel_master_releases.erl"
/home/pete/wefwefwef/docs/other/5589671966/erel-branch-master/erel/apps/erel_master/src/erel_master_releases.erl: at line 1: can't find include lib "esupervisor/include/esupervisor.hrl"
EDoc could not process file '/home/pete/wefwefwef/docs/other/5589671966/erel-branch-master/erel/apps/erel_master/src/erel_master_releases.erl'
Error generating type specs for "/home/pete/wefwefwef/docs/other/5589671966/erel-branch-master/erel/apps/erel_master/src/erel_master_releases.erl"
Generating Type Specs - "/home/pete/wefwefwef/docs/other/5589671966/erel-branch-master/erel/apps/erel_master/src/erel_master_sup.erl"
/home/pete/wefwefwef/docs/other/5589671966/erel-branch-master/erel/apps/erel_master/src/erel_master_sup.erl: at line 1: can't find include lib "esupervisor/include/esupervisor.hrl"
EDoc could not process file '/home/pete/wefwefwef/docs/other/5589671966/erel-branch-master/erel/apps/erel_master/src/erel_master_sup.erl'
Error generating type specs for "/home/pete/wefwefwef/docs/other/5589671966/erel-branch-master/erel/apps/erel_master/src/erel_master_sup.erl"
Generating XML for application erel_master "/home/pete/wefwefwef/docs/other/5589671966/erel-branch-master/erel/apps/erel_master" -> "/home/pete/wefwefwef/docs/other/5589671966/repo/master/.xml/erel_master"
/home/pete/wefwefwef/docs/other/5589671966/erel-branch-master/erel/apps/erel_master/src/erel_master_host.erl: at line 1: can't find include lib "esupervisor/include/esupervisor.hrl"
edoc: skipping source file '/home/pete/wefwefwef/docs/other/5589671966/erel-branch-master/erel/apps/erel_master/src/erel_master_host.erl': {'EXIT',
                                                                                                                                      error}.
/home/pete/wefwefwef/docs/other/5589671966/erel-branch-master/erel/apps/erel_master/src/erel_master_sup.erl: at line 1: can't find include lib "esupervisor/include/esupervisor.hrl"
edoc: skipping source file '/home/pete/wefwefwef/docs/other/5589671966/erel-branch-master/erel/apps/erel_master/src/erel_master_sup.erl': {'EXIT',
                                                                                                                                     error}.
/home/pete/wefwefwef/docs/other/5589671966/erel-branch-master/erel/apps/erel_master/src/erel_master_group.erl: at line 1: can't find include lib "esupervisor/include/esupervisor.hrl"
edoc: skipping source file '/home/pete/wefwefwef/docs/other/5589671966/erel-branch-master/erel/apps/erel_master/src/erel_master_group.erl': {'EXIT',
                                                                                                                                       error}.
/home/pete/wefwefwef/docs/other/5589671966/erel-branch-master/erel/apps/erel_master/src/erel_master_file_receiver.erl: at line 1: can't find include lib "esupervisor/include/esupervisor.hrl"
edoc: skipping source file '/home/pete/wefwefwef/docs/other/5589671966/erel-branch-master/erel/apps/erel_master/src/erel_master_file_receiver.erl': {'EXIT',
                                                                                                                                               error}.
/home/pete/wefwefwef/docs/other/5589671966/erel-branch-master/erel/apps/erel_master/src/erel_master_releases.erl: at line 1: can't find include lib "esupervisor/include/esupervisor.hrl"
edoc: skipping source file '/home/pete/wefwefwef/docs/other/5589671966/erel-branch-master/erel/apps/erel_master/src/erel_master_releases.erl': {'EXIT',
                                                                                                                                          error}.
edoc: error in doclet 'edoc_doclet': {'EXIT',error}.
Error generating erel_master XMLs. Using fallback ...
Generating XML erel_master - erel_master "/home/pete/wefwefwef/docs/other/5589671966/erel-branch-master/erel/apps/erel_master/src/erel_master.erl" -> "/home/pete/wefwefwef/docs/other/5589671966/repo/master/.xml/erel_master/erel_master.xml"
Generating XML erel_master - erel_master_app "/home/pete/wefwefwef/docs/other/5589671966/erel-branch-master/erel/apps/erel_master/src/erel_master_app.erl" -> "/home/pete/wefwefwef/docs/other/5589671966/repo/master/.xml/erel_master/erel_master_app.xml"
Generating XML erel_master - erel_master_file_receiver "/home/pete/wefwefwef/docs/other/5589671966/erel-branch-master/erel/apps/erel_master/src/erel_master_file_receiver.erl" -> "/home/pete/wefwefwef/docs/other/5589671966/repo/master/.xml/erel_master/erel_master_file_receiver.xml"
/home/pete/wefwefwef/docs/other/5589671966/erel-branch-master/erel/apps/erel_master/src/erel_master_file_receiver.erl: at line 1: can't find include lib "esupervisor/include/esupervisor.hrl"
Error generating XML ("/home/pete/wefwefwef/docs/other/5589671966/erel-branch-master/erel/apps/erel_master/src/erel_master_file_receiver.erl"): {'EXIT',
                                                                                                                                                 error}
Generating XML erel_master - erel_master_group "/home/pete/wefwefwef/docs/other/5589671966/erel-branch-master/erel/apps/erel_master/src/erel_master_group.erl" -> "/home/pete/wefwefwef/docs/other/5589671966/repo/master/.xml/erel_master/erel_master_group.xml"
/home/pete/wefwefwef/docs/other/5589671966/erel-branch-master/erel/apps/erel_master/src/erel_master_group.erl: at line 1: can't find include lib "esupervisor/include/esupervisor.hrl"
Error generating XML ("/home/pete/wefwefwef/docs/other/5589671966/erel-branch-master/erel/apps/erel_master/src/erel_master_group.erl"): {'EXIT',
                                                                                                                                         error}
Generating XML erel_master - erel_master_host "/home/pete/wefwefwef/docs/other/5589671966/erel-branch-master/erel/apps/erel_master/src/erel_master_host.erl" -> "/home/pete/wefwefwef/docs/other/5589671966/repo/master/.xml/erel_master/erel_master_host.xml"
/home/pete/wefwefwef/docs/other/5589671966/erel-branch-master/erel/apps/erel_master/src/erel_master_host.erl: at line 1: can't find include lib "esupervisor/include/esupervisor.hrl"
Error generating XML ("/home/pete/wefwefwef/docs/other/5589671966/erel-branch-master/erel/apps/erel_master/src/erel_master_host.erl"): {'EXIT',
                                                                                                                                        error}
Generating XML erel_master - erel_master_releases "/home/pete/wefwefwef/docs/other/5589671966/erel-branch-master/erel/apps/erel_master/src/erel_master_releases.erl" -> "/home/pete/wefwefwef/docs/other/5589671966/repo/master/.xml/erel_master/erel_master_releases.xml"
/home/pete/wefwefwef/docs/other/5589671966/erel-branch-master/erel/apps/erel_master/src/erel_master_releases.erl: at line 1: can't find include lib "esupervisor/include/esupervisor.hrl"
Error generating XML ("/home/pete/wefwefwef/docs/other/5589671966/erel-branch-master/erel/apps/erel_master/src/erel_master_releases.erl"): {'EXIT',
                                                                                                                                            error}
Generating XML erel_master - erel_master_sup "/home/pete/wefwefwef/docs/other/5589671966/erel-branch-master/erel/apps/erel_master/src/erel_master_sup.erl" -> "/home/pete/wefwefwef/docs/other/5589671966/repo/master/.xml/erel_master/erel_master_sup.xml"
/home/pete/wefwefwef/docs/other/5589671966/erel-branch-master/erel/apps/erel_master/src/erel_master_sup.erl: at line 1: can't find include lib "esupervisor/include/esupervisor.hrl"
Error generating XML ("/home/pete/wefwefwef/docs/other/5589671966/erel-branch-master/erel/apps/erel_master/src/erel_master_sup.erl"): {'EXIT',
                                                                                                                                       error}
Generating HTML - erel_master "/home/pete/wefwefwef/docs/other/5589671966/repo/master/.xml/erel_master/erel_master.xml"
Reading XML for "/home/pete/wefwefwef/docs/other/5589671966/repo/master/.xml/erel_master/erel_master.xml"
Reading XML for "/home/pete/wefwefwef/docs/other/5589671966/repo/master/.xml/specs_erel_master.xml"
Generating HTML - erel_master_app "/home/pete/wefwefwef/docs/other/5589671966/repo/master/.xml/erel_master/erel_master_app.xml"
Reading XML for "/home/pete/wefwefwef/docs/other/5589671966/repo/master/.xml/erel_master/erel_master_app.xml"
Reading XML for "/home/pete/wefwefwef/docs/other/5589671966/repo/master/.xml/specs_erel_master_app.xml"
Building erel_manager
Generating Type Specs - "/home/pete/wefwefwef/docs/other/5589671966/erel-branch-master/erel/apps/erel_manager/src/erel_manager.erl"
/home/pete/wefwefwef/docs/other/5589671966/erel-branch-master/erel/apps/erel_manager/src/erel_manager.erl: at line 1: can't find include lib "esupervisor/include/esupervisor.hrl"
EDoc could not process file '/home/pete/wefwefwef/docs/other/5589671966/erel-branch-master/erel/apps/erel_manager/src/erel_manager.erl'
Error generating type specs for "/home/pete/wefwefwef/docs/other/5589671966/erel-branch-master/erel/apps/erel_manager/src/erel_manager.erl"
Generating Type Specs - "/home/pete/wefwefwef/docs/other/5589671966/erel-branch-master/erel/apps/erel_manager/src/erel_manager_app.erl"
Generating Type Specs - "/home/pete/wefwefwef/docs/other/5589671966/erel-branch-master/erel/apps/erel_manager/src/erel_manager_fsm.erl"
/home/pete/wefwefwef/docs/other/5589671966/erel-branch-master/erel/apps/erel_manager/src/erel_manager_fsm.erl: at line 1: can't find include lib "esupervisor/include/esupervisor.hrl"
EDoc could not process file '/home/pete/wefwefwef/docs/other/5589671966/erel-branch-master/erel/apps/erel_manager/src/erel_manager_fsm.erl'
Error generating type specs for "/home/pete/wefwefwef/docs/other/5589671966/erel-branch-master/erel/apps/erel_manager/src/erel_manager_fsm.erl"
Generating Type Specs - "/home/pete/wefwefwef/docs/other/5589671966/erel-branch-master/erel/apps/erel_manager/src/erel_manager_group.erl"
/home/pete/wefwefwef/docs/other/5589671966/erel-branch-master/erel/apps/erel_manager/src/erel_manager_group.erl: at line 1: can't find include lib "esupervisor/include/esupervisor.hrl"
EDoc could not process file '/home/pete/wefwefwef/docs/other/5589671966/erel-branch-master/erel/apps/erel_manager/src/erel_manager_group.erl'
Error generating type specs for "/home/pete/wefwefwef/docs/other/5589671966/erel-branch-master/erel/apps/erel_manager/src/erel_manager_group.erl"
Generating Type Specs - "/home/pete/wefwefwef/docs/other/5589671966/erel-branch-master/erel/apps/erel_manager/src/erel_manager_host.erl"
/home/pete/wefwefwef/docs/other/5589671966/erel-branch-master/erel/apps/erel_manager/src/erel_manager_host.erl: at line 1: can't find include lib "esupervisor/include/esupervisor.hrl"
EDoc could not process file '/home/pete/wefwefwef/docs/other/5589671966/erel-branch-master/erel/apps/erel_manager/src/erel_manager_host.erl'
Error generating type specs for "/home/pete/wefwefwef/docs/other/5589671966/erel-branch-master/erel/apps/erel_manager/src/erel_manager_host.erl"
Generating Type Specs - "/home/pete/wefwefwef/docs/other/5589671966/erel-branch-master/erel/apps/erel_manager/src/erel_manager_main.erl"
/home/pete/wefwefwef/docs/other/5589671966/erel-branch-master/erel/apps/erel_manager/src/erel_manager_main.erl: at line 1: can't find include lib "esupervisor/include/esupervisor.hrl"
EDoc could not process file '/home/pete/wefwefwef/docs/other/5589671966/erel-branch-master/erel/apps/erel_manager/src/erel_manager_main.erl'
Error generating type specs for "/home/pete/wefwefwef/docs/other/5589671966/erel-branch-master/erel/apps/erel_manager/src/erel_manager_main.erl"
Generating Type Specs - "/home/pete/wefwefwef/docs/other/5589671966/erel-branch-master/erel/apps/erel_manager/src/erel_manager_quorum.erl"
/home/pete/wefwefwef/docs/other/5589671966/erel-branch-master/erel/apps/erel_manager/src/erel_manager_quorum.erl: at line 1: can't find include lib "esupervisor/include/esupervisor.hrl"
EDoc could not process file '/home/pete/wefwefwef/docs/other/5589671966/erel-branch-master/erel/apps/erel_manager/src/erel_manager_quorum.erl'
Error generating type specs for "/home/pete/wefwefwef/docs/other/5589671966/erel-branch-master/erel/apps/erel_manager/src/erel_manager_quorum.erl"
Generating Type Specs - "/home/pete/wefwefwef/docs/other/5589671966/erel-branch-master/erel/apps/erel_manager/src/erel_manager_sup.erl"
/home/pete/wefwefwef/docs/other/5589671966/erel-branch-master/erel/apps/erel_manager/src/erel_manager_sup.erl: at line 1: can't find include lib "esupervisor/include/esupervisor.hrl"
EDoc could not process file '/home/pete/wefwefwef/docs/other/5589671966/erel-branch-master/erel/apps/erel_manager/src/erel_manager_sup.erl'
Error generating type specs for "/home/pete/wefwefwef/docs/other/5589671966/erel-branch-master/erel/apps/erel_manager/src/erel_manager_sup.erl"
Generating XML for application erel_manager "/home/pete/wefwefwef/docs/other/5589671966/erel-branch-master/erel/apps/erel_manager" -> "/home/pete/wefwefwef/docs/other/5589671966/repo/master/.xml/erel_manager"
/home/pete/wefwefwef/docs/other/5589671966/erel-branch-master/erel/apps/erel_manager/src/erel_manager_quorum.erl: at line 1: can't find include lib "esupervisor/include/esupervisor.hrl"
edoc: skipping source file '/home/pete/wefwefwef/docs/other/5589671966/erel-branch-master/erel/apps/erel_manager/src/erel_manager_quorum.erl': {'EXIT',
                                                                                                                                          error}.
/home/pete/wefwefwef/docs/other/5589671966/erel-branch-master/erel/apps/erel_manager/src/erel_manager_group.erl: at line 1: can't find include lib "esupervisor/include/esupervisor.hrl"
edoc: skipping source file '/home/pete/wefwefwef/docs/other/5589671966/erel-branch-master/erel/apps/erel_manager/src/erel_manager_group.erl': {'EXIT',
                                                                                                                                         error}.
/home/pete/wefwefwef/docs/other/5589671966/erel-branch-master/erel/apps/erel_manager/src/erel_manager_host.erl: at line 1: can't find include lib "esupervisor/include/esupervisor.hrl"
edoc: skipping source file '/home/pete/wefwefwef/docs/other/5589671966/erel-branch-master/erel/apps/erel_manager/src/erel_manager_host.erl': {'EXIT',
                                                                                                                                        error}.
/home/pete/wefwefwef/docs/other/5589671966/erel-branch-master/erel/apps/erel_manager/src/erel_manager.erl: at line 1: can't find include lib "esupervisor/include/esupervisor.hrl"
edoc: skipping source file '/home/pete/wefwefwef/docs/other/5589671966/erel-branch-master/erel/apps/erel_manager/src/erel_manager.erl': {'EXIT',
                                                                                                                                   error}.
/home/pete/wefwefwef/docs/other/5589671966/erel-branch-master/erel/apps/erel_manager/src/erel_manager_sup.erl: at line 1: can't find include lib "esupervisor/include/esupervisor.hrl"
edoc: skipping source file '/home/pete/wefwefwef/docs/other/5589671966/erel-branch-master/erel/apps/erel_manager/src/erel_manager_sup.erl': {'EXIT',
                                                                                                                                       error}.
/home/pete/wefwefwef/docs/other/5589671966/erel-branch-master/erel/apps/erel_manager/src/erel_manager_main.erl: at line 1: can't find include lib "esupervisor/include/esupervisor.hrl"
edoc: skipping source file '/home/pete/wefwefwef/docs/other/5589671966/erel-branch-master/erel/apps/erel_manager/src/erel_manager_main.erl': {'EXIT',
                                                                                                                                        error}.
/home/pete/wefwefwef/docs/other/5589671966/erel-branch-master/erel/apps/erel_manager/src/erel_manager_fsm.erl: at line 1: can't find include lib "esupervisor/include/esupervisor.hrl"
edoc: skipping source file '/home/pete/wefwefwef/docs/other/5589671966/erel-branch-master/erel/apps/erel_manager/src/erel_manager_fsm.erl': {'EXIT',
                                                                                                                                       error}.
edoc: error in doclet 'edoc_doclet': {'EXIT',error}.
Error generating erel_manager XMLs. Using fallback ...
Generating XML erel_manager - erel_manager "/home/pete/wefwefwef/docs/other/5589671966/erel-branch-master/erel/apps/erel_manager/src/erel_manager.erl" -> "/home/pete/wefwefwef/docs/other/5589671966/repo/master/.xml/erel_manager/erel_manager.xml"
/home/pete/wefwefwef/docs/other/5589671966/erel-branch-master/erel/apps/erel_manager/src/erel_manager.erl: at line 1: can't find include lib "esupervisor/include/esupervisor.hrl"
Error generating XML ("/home/pete/wefwefwef/docs/other/5589671966/erel-branch-master/erel/apps/erel_manager/src/erel_manager.erl"): {'EXIT',
                                                                                                                                     error}
Generating XML erel_manager - erel_manager_app "/home/pete/wefwefwef/docs/other/5589671966/erel-branch-master/erel/apps/erel_manager/src/erel_manager_app.erl" -> "/home/pete/wefwefwef/docs/other/5589671966/repo/master/.xml/erel_manager/erel_manager_app.xml"
Generating XML erel_manager - erel_manager_fsm "/home/pete/wefwefwef/docs/other/5589671966/erel-branch-master/erel/apps/erel_manager/src/erel_manager_fsm.erl" -> "/home/pete/wefwefwef/docs/other/5589671966/repo/master/.xml/erel_manager/erel_manager_fsm.xml"
/home/pete/wefwefwef/docs/other/5589671966/erel-branch-master/erel/apps/erel_manager/src/erel_manager_fsm.erl: at line 1: can't find include lib "esupervisor/include/esupervisor.hrl"
Error generating XML ("/home/pete/wefwefwef/docs/other/5589671966/erel-branch-master/erel/apps/erel_manager/src/erel_manager_fsm.erl"): {'EXIT',
                                                                                                                                         error}
Generating XML erel_manager - erel_manager_group "/home/pete/wefwefwef/docs/other/5589671966/erel-branch-master/erel/apps/erel_manager/src/erel_manager_group.erl" -> "/home/pete/wefwefwef/docs/other/5589671966/repo/master/.xml/erel_manager/erel_manager_group.xml"
/home/pete/wefwefwef/docs/other/5589671966/erel-branch-master/erel/apps/erel_manager/src/erel_manager_group.erl: at line 1: can't find include lib "esupervisor/include/esupervisor.hrl"
Error generating XML ("/home/pete/wefwefwef/docs/other/5589671966/erel-branch-master/erel/apps/erel_manager/src/erel_manager_group.erl"): {'EXIT',
                                                                                                                                           error}
Generating XML erel_manager - erel_manager_host "/home/pete/wefwefwef/docs/other/5589671966/erel-branch-master/erel/apps/erel_manager/src/erel_manager_host.erl" -> "/home/pete/wefwefwef/docs/other/5589671966/repo/master/.xml/erel_manager/erel_manager_host.xml"
/home/pete/wefwefwef/docs/other/5589671966/erel-branch-master/erel/apps/erel_manager/src/erel_manager_host.erl: at line 1: can't find include lib "esupervisor/include/esupervisor.hrl"
Error generating XML ("/home/pete/wefwefwef/docs/other/5589671966/erel-branch-master/erel/apps/erel_manager/src/erel_manager_host.erl"): {'EXIT',
                                                                                                                                          error}
Generating XML erel_manager - erel_manager_main "/home/pete/wefwefwef/docs/other/5589671966/erel-branch-master/erel/apps/erel_manager/src/erel_manager_main.erl" -> "/home/pete/wefwefwef/docs/other/5589671966/repo/master/.xml/erel_manager/erel_manager_main.xml"
/home/pete/wefwefwef/docs/other/5589671966/erel-branch-master/erel/apps/erel_manager/src/erel_manager_main.erl: at line 1: can't find include lib "esupervisor/include/esupervisor.hrl"
Error generating XML ("/home/pete/wefwefwef/docs/other/5589671966/erel-branch-master/erel/apps/erel_manager/src/erel_manager_main.erl"): {'EXIT',
                                                                                                                                          error}
Generating XML erel_manager - erel_manager_quorum "/home/pete/wefwefwef/docs/other/5589671966/erel-branch-master/erel/apps/erel_manager/src/erel_manager_quorum.erl" -> "/home/pete/wefwefwef/docs/other/5589671966/repo/master/.xml/erel_manager/erel_manager_quorum.xml"
/home/pete/wefwefwef/docs/other/5589671966/erel-branch-master/erel/apps/erel_manager/src/erel_manager_quorum.erl: at line 1: can't find include lib "esupervisor/include/esupervisor.hrl"
Error generating XML ("/home/pete/wefwefwef/docs/other/5589671966/erel-branch-master/erel/apps/erel_manager/src/erel_manager_quorum.erl"): {'EXIT',
                                                                                                                                            error}
Generating XML erel_manager - erel_manager_sup "/home/pete/wefwefwef/docs/other/5589671966/erel-branch-master/erel/apps/erel_manager/src/erel_manager_sup.erl" -> "/home/pete/wefwefwef/docs/other/5589671966/repo/master/.xml/erel_manager/erel_manager_sup.xml"
/home/pete/wefwefwef/docs/other/5589671966/erel-branch-master/erel/apps/erel_manager/src/erel_manager_sup.erl: at line 1: can't find include lib "esupervisor/include/esupervisor.hrl"
Error generating XML ("/home/pete/wefwefwef/docs/other/5589671966/erel-branch-master/erel/apps/erel_manager/src/erel_manager_sup.erl"): {'EXIT',
                                                                                                                                         error}
Generating HTML - erel_manager_app "/home/pete/wefwefwef/docs/other/5589671966/repo/master/.xml/erel_manager/erel_manager_app.xml"
Reading XML for "/home/pete/wefwefwef/docs/other/5589671966/repo/master/.xml/erel_manager/erel_manager_app.xml"
Reading XML for "/home/pete/wefwefwef/docs/other/5589671966/repo/master/.xml/specs_erel_manager_app.xml"
Building erel_common
Generating Type Specs - "/home/pete/wefwefwef/docs/other/5589671966/erel-branch-master/erel/apps/erel_common/src/erel_common_app.erl"
Generating Type Specs - "/home/pete/wefwefwef/docs/other/5589671966/erel-branch-master/erel/apps/erel_common/src/erel_common_sup.erl"
Generating Type Specs - "/home/pete/wefwefwef/docs/other/5589671966/erel-branch-master/erel/apps/erel_common/src/erel_endp.erl"
Generating Type Specs - "/home/pete/wefwefwef/docs/other/5589671966/erel-branch-master/erel/apps/erel_common/src/erel_endp_amqp.erl"
/home/pete/wefwefwef/docs/other/5589671966/erel-branch-master/erel/apps/erel_common/src/erel_endp_amqp.erl: at line 1: can't find include lib "esupervisor/include/esupervisor.hrl"
EDoc could not process file '/home/pete/wefwefwef/docs/other/5589671966/erel-branch-master/erel/apps/erel_common/src/erel_endp_amqp.erl'
Error generating type specs for "/home/pete/wefwefwef/docs/other/5589671966/erel-branch-master/erel/apps/erel_common/src/erel_endp_amqp.erl"
Generating Type Specs - "/home/pete/wefwefwef/docs/other/5589671966/erel-branch-master/erel/apps/erel_common/src/erel_net_manager.erl"
Generating Type Specs - "/home/pete/wefwefwef/docs/other/5589671966/erel-branch-master/erel/apps/erel_common/src/erel_release.erl"
Generating XML for application erel_common "/home/pete/wefwefwef/docs/other/5589671966/erel-branch-master/erel/apps/erel_common" -> "/home/pete/wefwefwef/docs/other/5589671966/repo/master/.xml/erel_common"
/home/pete/wefwefwef/docs/other/5589671966/erel-branch-master/erel/apps/erel_common/src/erel_endp_amqp.erl: at line 1: can't find include lib "esupervisor/include/esupervisor.hrl"
edoc: skipping source file '/home/pete/wefwefwef/docs/other/5589671966/erel-branch-master/erel/apps/erel_common/src/erel_endp_amqp.erl': {'EXIT',
                                                                                                                                    error}.
edoc: error in doclet 'edoc_doclet': {'EXIT',error}.
Error generating erel_common XMLs. Using fallback ...
Generating XML erel_common - erel_common_app "/home/pete/wefwefwef/docs/other/5589671966/erel-branch-master/erel/apps/erel_common/src/erel_common_app.erl" -> "/home/pete/wefwefwef/docs/other/5589671966/repo/master/.xml/erel_common/erel_common_app.xml"
Generating XML erel_common - erel_common_sup "/home/pete/wefwefwef/docs/other/5589671966/erel-branch-master/erel/apps/erel_common/src/erel_common_sup.erl" -> "/home/pete/wefwefwef/docs/other/5589671966/repo/master/.xml/erel_common/erel_common_sup.xml"
Generating XML erel_common - erel_endp "/home/pete/wefwefwef/docs/other/5589671966/erel-branch-master/erel/apps/erel_common/src/erel_endp.erl" -> "/home/pete/wefwefwef/docs/other/5589671966/repo/master/.xml/erel_common/erel_endp.xml"
Generating XML erel_common - erel_endp_amqp "/home/pete/wefwefwef/docs/other/5589671966/erel-branch-master/erel/apps/erel_common/src/erel_endp_amqp.erl" -> "/home/pete/wefwefwef/docs/other/5589671966/repo/master/.xml/erel_common/erel_endp_amqp.xml"
/home/pete/wefwefwef/docs/other/5589671966/erel-branch-master/erel/apps/erel_common/src/erel_endp_amqp.erl: at line 1: can't find include lib "esupervisor/include/esupervisor.hrl"
Error generating XML ("/home/pete/wefwefwef/docs/other/5589671966/erel-branch-master/erel/apps/erel_common/src/erel_endp_amqp.erl"): {'EXIT',
                                                                                                                                      error}
Generating XML erel_common - erel_net_manager "/home/pete/wefwefwef/docs/other/5589671966/erel-branch-master/erel/apps/erel_common/src/erel_net_manager.erl" -> "/home/pete/wefwefwef/docs/other/5589671966/repo/master/.xml/erel_common/erel_net_manager.xml"
Generating XML erel_common - erel_release "/home/pete/wefwefwef/docs/other/5589671966/erel-branch-master/erel/apps/erel_common/src/erel_release.erl" -> "/home/pete/wefwefwef/docs/other/5589671966/repo/master/.xml/erel_common/erel_release.xml"
Generating HTML - erel_release "/home/pete/wefwefwef/docs/other/5589671966/repo/master/.xml/erel_common/erel_release.xml"
Generating HTML - erel_net_manager "/home/pete/wefwefwef/docs/other/5589671966/repo/master/.xml/erel_common/erel_net_manager.xml"
Generating HTML - erel_endp "/home/pete/wefwefwef/docs/other/5589671966/repo/master/.xml/erel_common/erel_endp.xml"
Generating HTML - erel_common_app "/home/pete/wefwefwef/docs/other/5589671966/repo/master/.xml/erel_common/erel_common_app.xml"
Reading XML for "/home/pete/wefwefwef/docs/other/5589671966/repo/master/.xml/erel_common/erel_release.xml"
Reading XML for "/home/pete/wefwefwef/docs/other/5589671966/repo/master/.xml/erel_common/erel_net_manager.xml"
Reading XML for "/home/pete/wefwefwef/docs/other/5589671966/repo/master/.xml/erel_common/erel_endp.xml"
Reading XML for "/home/pete/wefwefwef/docs/other/5589671966/repo/master/.xml/erel_common/erel_common_app.xml"
Reading XML for "/home/pete/wefwefwef/docs/other/5589671966/repo/master/.xml/specs_erel_endp.xml"
Reading XML for "/home/pete/wefwefwef/docs/other/5589671966/repo/master/.xml/specs_erel_release.xml"
Reading XML for "/home/pete/wefwefwef/docs/other/5589671966/repo/master/.xml/specs_erel_common_app.xml"
Reading XML for "/home/pete/wefwefwef/docs/other/5589671966/repo/master/.xml/specs_erel_net_manager.xml"
Generating HTML - erel_common_sup "/home/pete/wefwefwef/docs/other/5589671966/repo/master/.xml/erel_common/erel_common_sup.xml"
Reading XML for "/home/pete/wefwefwef/docs/other/5589671966/repo/master/.xml/erel_common/erel_common_sup.xml"
Reading XML for "/home/pete/wefwefwef/docs/other/5589671966/repo/master/.xml/specs_erel_common_sup.xml"
Building erel
Generating XML for application erel "/home/pete/wefwefwef/docs/other/5589671966/erel-branch-master/erel" -> "/home/pete/wefwefwef/docs/other/5589671966/repo/master/.xml/erel"
/home/pete/wefwefwef/docs/other/5589671966/erel-branch-master/erel/apps/erel_common/src/erel_endp_amqp.erl: at line 4: can't find include lib "erel_master/include/erel_master.hrl"
edoc: skipping source file '/home/pete/wefwefwef/docs/other/5589671966/erel-branch-master/erel/apps/erel_common/src/erel_endp_amqp.erl': {'EXIT',
                                                                                                                                    error}.
/home/pete/wefwefwef/docs/other/5589671966/erel-branch-master/erel/apps/erel_master/src/erel_master_host.erl: at line 4: can't find include lib "erel_master/include/erel_master.hrl"
edoc: skipping source file '/home/pete/wefwefwef/docs/other/5589671966/erel-branch-master/erel/apps/erel_master/src/erel_master_host.erl': {'EXIT',
                                                                                                                                      error}.
/home/pete/wefwefwef/docs/other/5589671966/erel-branch-master/erel/apps/erel_master/src/erel_master_sup.erl: at line 2: can't find include lib "erel_master/include/erel_master.hrl"
edoc: skipping source file '/home/pete/wefwefwef/docs/other/5589671966/erel-branch-master/erel/apps/erel_master/src/erel_master_sup.erl': {'EXIT',
                                                                                                                                     error}.
/home/pete/wefwefwef/docs/other/5589671966/erel-branch-master/erel/apps/erel_master/src/erel_master_group.erl: at line 4: can't find include lib "erel_master/include/erel_master.hrl"
edoc: skipping source file '/home/pete/wefwefwef/docs/other/5589671966/erel-branch-master/erel/apps/erel_master/src/erel_master_group.erl': {'EXIT',
                                                                                                                                       error}.
/home/pete/wefwefwef/docs/other/5589671966/erel-branch-master/erel/apps/erel_master/src/erel_master_file_receiver.erl: at line 4: can't find include lib "erel_master/include/erel_master.hrl"
edoc: skipping source file '/home/pete/wefwefwef/docs/other/5589671966/erel-branch-master/erel/apps/erel_master/src/erel_master_file_receiver.erl': {'EXIT',
                                                                                                                                               error}.
/home/pete/wefwefwef/docs/other/5589671966/erel-branch-master/erel/apps/erel_master/src/erel_master_releases.erl: at line 4: can't find include lib "erel_master/include/erel_master.hrl"
edoc: skipping source file '/home/pete/wefwefwef/docs/other/5589671966/erel-branch-master/erel/apps/erel_master/src/erel_master_releases.erl': {'EXIT',
                                                                                                                                          error}.
/home/pete/wefwefwef/docs/other/5589671966/erel-branch-master/erel/apps/erel_manager/src/erel_manager_quorum.erl: at line 5: can't find include lib "erel_manager/include/erel_manager.hrl"
edoc: skipping source file '/home/pete/wefwefwef/docs/other/5589671966/erel-branch-master/erel/apps/erel_manager/src/erel_manager_quorum.erl': {'EXIT',
                                                                                                                                          error}.
/home/pete/wefwefwef/docs/other/5589671966/erel-branch-master/erel/apps/erel_manager/src/erel_manager_group.erl: at line 4: can't find include lib "erel_manager/include/erel_manager.hrl"
edoc: skipping source file '/home/pete/wefwefwef/docs/other/5589671966/erel-branch-master/erel/apps/erel_manager/src/erel_manager_group.erl': {'EXIT',
                                                                                                                                         error}.
/home/pete/wefwefwef/docs/other/5589671966/erel-branch-master/erel/apps/erel_manager/src/erel_manager_host.erl: at line 4: can't find include lib "erel_manager/include/erel_manager.hrl"
edoc: skipping source file '/home/pete/wefwefwef/docs/other/5589671966/erel-branch-master/erel/apps/erel_manager/src/erel_manager_host.erl': {'EXIT',
                                                                                                                                        error}.
/home/pete/wefwefwef/docs/other/5589671966/erel-branch-master/erel/apps/erel_manager/src/erel_manager.erl: at line 4: can't find include lib "erel_manager/include/erel_manager.hrl"
edoc: skipping source file '/home/pete/wefwefwef/docs/other/5589671966/erel-branch-master/erel/apps/erel_manager/src/erel_manager.erl': {'EXIT',
                                                                                                                                   error}.
/home/pete/wefwefwef/docs/other/5589671966/erel-branch-master/erel/apps/erel_manager/src/erel_manager_sup.erl: at line 2: can't find include lib "erel_manager/include/erel_manager.hrl"
edoc: skipping source file '/home/pete/wefwefwef/docs/other/5589671966/erel-branch-master/erel/apps/erel_manager/src/erel_manager_sup.erl': {'EXIT',
                                                                                                                                       error}.
/home/pete/wefwefwef/docs/other/5589671966/erel-branch-master/erel/apps/erel_manager/src/erel_manager_main.erl: at line 4: can't find include lib "erel_manager/include/erel_manager.hrl"
edoc: skipping source file '/home/pete/wefwefwef/docs/other/5589671966/erel-branch-master/erel/apps/erel_manager/src/erel_manager_main.erl': {'EXIT',
                                                                                                                                        error}.
/home/pete/wefwefwef/docs/other/5589671966/erel-branch-master/erel/apps/erel_manager/src/erel_manager_fsm.erl: at line 2: can't find include lib "erel_manager/include/erel_manager.hrl"
edoc: skipping source file '/home/pete/wefwefwef/docs/other/5589671966/erel-branch-master/erel/apps/erel_manager/src/erel_manager_fsm.erl': {'EXIT',
                                                                                                                                       error}.
edoc: error in doclet 'edoc_doclet': {'EXIT',error}.
Error generating erel XMLs. Using fallback ...
Creating index.html ...
Creating erldocs_index.js ...
Woot, finished in 0 Minutes 2 Seconds
 :: Discovering other repos
$ 5000  `rm -r '/home/pete/wefwefwef/docs/other/5589671966/erel-branch-master'  2>&1`
 :: Erldocs finishing up
$ 5000  `rm -r '/home/pete/wefwefwef/docs/other/5589671966/erel'  2>&1`
