 :: Extracting meta information
$ 5000  `git ls-remote --heads --tags 'https://github.com/alexcarol/erlang-rebar-dummy-update'  2>&1`
>>> [repo] 1 branches, 0 tags
 :: Writing meta to "/home/pete/wefwefwef/docs/other/4540914317/meta.txt"
 :: Processing https://github.com/alexcarol/erlang-rebar-dummy-update	{rev,branch,"master","a3a3cede1cf481b7c37e75a3c46cbef8ccfa6585"}
 :: Fetching repo code
$ cd "/home/pete/wefwefwef/docs/other/4540914317/erlang-rebar-dummy-update-branch-master/erlang-rebar-dummy-update"
$ infinity  `curl --fail --silent --show-error --location --output 'master.zip' 'https://github.com/alexcarol/erlang-rebar-dummy-update/archive/master.zip'  2>&1`
$ cd "/home/pete/wefwefwef/docs/erldocs_other.git"
$ cd "/home/pete/wefwefwef/docs/other/4540914317/erlang-rebar-dummy-update-branch-master/erlang-rebar-dummy-update"
$ 5000  `find -P . -type l -delete  2>&1`
$ cd "/home/pete/wefwefwef/docs/erldocs_other.git"
$ cd "/home/pete/wefwefwef/docs/other/4540914317/erlang-rebar-dummy-update-branch-master/erlang-rebar-dummy-update"
$ 5000  `find 'erlang-rebar-dummy-update-master' -mindepth 1 -maxdepth 1 -exec mv -t . -- {} +  2>&1`
$ cd "/home/pete/wefwefwef/docs/erldocs_other.git"
 :: Getting dependencies
$ cd "/home/pete/wefwefwef/docs/other/4540914317/erlang-rebar-dummy-update-branch-master/erlang-rebar-dummy-update"
$ 5000  `ls -1 deps/  2>&1`
$ cd "/home/pete/wefwefwef/docs/erldocs_other.git"
>>> [rebar] deps = []
 :: Generating erldocs into /home/pete/wefwefwef/docs/other/4540914317/repo/master
Building dummy
Generating Type Specs - "/home/pete/wefwefwef/docs/other/4540914317/erlang-rebar-dummy-update-branch-master/erlang-rebar-dummy-update/apps/dummy/src/dummy_app.erl"
Generating Type Specs - "/home/pete/wefwefwef/docs/other/4540914317/erlang-rebar-dummy-update-branch-master/erlang-rebar-dummy-update/apps/dummy/src/dummy_server.erl"
Generating Type Specs - "/home/pete/wefwefwef/docs/other/4540914317/erlang-rebar-dummy-update-branch-master/erlang-rebar-dummy-update/apps/dummy/src/dummy_sup.erl"
Generating XML for application dummy "/home/pete/wefwefwef/docs/other/4540914317/erlang-rebar-dummy-update-branch-master/erlang-rebar-dummy-update/apps/dummy" -> "/home/pete/wefwefwef/docs/other/4540914317/repo/master/.xml/dummy"
Generated dummy XMLs: ["/home/pete/wefwefwef/docs/other/4540914317/repo/master/.xml/dummy/dummy_app.xml",
                       "/home/pete/wefwefwef/docs/other/4540914317/repo/master/.xml/dummy/dummy_sup.xml",
                       "/home/pete/wefwefwef/docs/other/4540914317/repo/master/.xml/dummy/dummy_server.xml"]
Generating HTML - dummy_server "/home/pete/wefwefwef/docs/other/4540914317/repo/master/.xml/dummy/dummy_server.xml"
Reading XML for "/home/pete/wefwefwef/docs/other/4540914317/repo/master/.xml/dummy/dummy_server.xml"
Reading XML for "/home/pete/wefwefwef/docs/other/4540914317/repo/master/.xml/specs_dummy_server.xml"
Generating HTML - dummy_sup "/home/pete/wefwefwef/docs/other/4540914317/repo/master/.xml/dummy/dummy_sup.xml"
Reading XML for "/home/pete/wefwefwef/docs/other/4540914317/repo/master/.xml/dummy/dummy_sup.xml"
Reading XML for "/home/pete/wefwefwef/docs/other/4540914317/repo/master/.xml/specs_dummy_sup.xml"
Generating HTML - dummy_app "/home/pete/wefwefwef/docs/other/4540914317/repo/master/.xml/dummy/dummy_app.xml"
Reading XML for "/home/pete/wefwefwef/docs/other/4540914317/repo/master/.xml/dummy/dummy_app.xml"
Reading XML for "/home/pete/wefwefwef/docs/other/4540914317/repo/master/.xml/specs_dummy_app.xml"
Building erlang-rebar-dummy-update
Generating XML for application erlang-rebar-dummy-update "/home/pete/wefwefwef/docs/other/4540914317/erlang-rebar-dummy-update-branch-master/erlang-rebar-dummy-update" -> "/home/pete/wefwefwef/docs/other/4540914317/repo/master/.xml/erlang-rebar-dummy-update"
Generated erlang-rebar-dummy-update XMLs: ["/home/pete/wefwefwef/docs/other/4540914317/repo/master/.xml/erlang-rebar-dummy-update/dummy_app.xml",
                                           "/home/pete/wefwefwef/docs/other/4540914317/repo/master/.xml/erlang-rebar-dummy-update/dummy_sup.xml",
                                           "/home/pete/wefwefwef/docs/other/4540914317/repo/master/.xml/erlang-rebar-dummy-update/dummy_server.xml"]
Generating HTML - dummy_server "/home/pete/wefwefwef/docs/other/4540914317/repo/master/.xml/erlang-rebar-dummy-update/dummy_server.xml"
Reading XML for "/home/pete/wefwefwef/docs/other/4540914317/repo/master/.xml/erlang-rebar-dummy-update/dummy_server.xml"
Reading XML for "/home/pete/wefwefwef/docs/other/4540914317/repo/master/.xml/specs_dummy_server.xml"
Generating HTML - dummy_sup "/home/pete/wefwefwef/docs/other/4540914317/repo/master/.xml/erlang-rebar-dummy-update/dummy_sup.xml"
Reading XML for "/home/pete/wefwefwef/docs/other/4540914317/repo/master/.xml/erlang-rebar-dummy-update/dummy_sup.xml"
Reading XML for "/home/pete/wefwefwef/docs/other/4540914317/repo/master/.xml/specs_dummy_sup.xml"
Generating HTML - dummy_app "/home/pete/wefwefwef/docs/other/4540914317/repo/master/.xml/erlang-rebar-dummy-update/dummy_app.xml"
Reading XML for "/home/pete/wefwefwef/docs/other/4540914317/repo/master/.xml/erlang-rebar-dummy-update/dummy_app.xml"
Reading XML for "/home/pete/wefwefwef/docs/other/4540914317/repo/master/.xml/specs_dummy_app.xml"
Creating index.html ...
Creating erldocs_index.js ...
Woot, finished in 0 Minutes 0 Seconds
 :: Discovering other repos
$ 5000  `rm -r '/home/pete/wefwefwef/docs/other/4540914317/erlang-rebar-dummy-update-branch-master'  2>&1`
 :: Erldocs finishing up
$ 5000  `rm -r '/home/pete/wefwefwef/docs/other/4540914317/erlang-rebar-dummy-update'  2>&1`
