 :: Extracting meta information
$ 5000  `git ls-remote --heads --tags 'https://github.com/savasaydin/game_server'  2>&1`
>>> [repo] 1 branches, 0 tags
 :: Writing meta to "/home/pete/wefwefwef/docs/other/5399601989/meta.txt"
 :: Processing https://github.com/savasaydin/game_server	{rev,branch,"master","079a2f9e218038bd72ad9e0d5f3a3625b199cdeb"}
 :: Fetching repo code
$ cd "/home/pete/wefwefwef/docs/other/5399601989/game_server-branch-master/game_server"
$ infinity  `curl --fail --silent --show-error --location --output 'master.zip' 'https://github.com/savasaydin/game_server/archive/master.zip'  2>&1`
$ cd "/home/pete/wefwefwef/docs/erldocs_other.git"
$ cd "/home/pete/wefwefwef/docs/other/5399601989/game_server-branch-master/game_server"
$ 5000  `find -P . -type l -delete  2>&1`
$ cd "/home/pete/wefwefwef/docs/erldocs_other.git"
$ cd "/home/pete/wefwefwef/docs/other/5399601989/game_server-branch-master/game_server"
$ 5000  `find 'game_server-master' -mindepth 1 -maxdepth 1 -exec mv -t . -- {} +  2>&1`
$ cd "/home/pete/wefwefwef/docs/erldocs_other.git"
 :: Getting dependencies
$ cd "/home/pete/wefwefwef/docs/other/5399601989/game_server-branch-master/game_server"
$ 5000  `ls -1 deps/  2>&1`
$ cd "/home/pete/wefwefwef/docs/erldocs_other.git"
>>> [rebar] deps = []
 :: Generating erldocs into /home/pete/wefwefwef/docs/other/5399601989/repo/master
Building game_server
Generating Type Specs - "/home/pete/wefwefwef/docs/other/5399601989/game_server-branch-master/game_server/src/command_handler.erl"
Generating Type Specs - "/home/pete/wefwefwef/docs/other/5399601989/game_server-branch-master/game_server/src/db_commands.erl"
Generating Type Specs - "/home/pete/wefwefwef/docs/other/5399601989/game_server-branch-master/game_server/src/message_handler.erl"
Generating Type Specs - "/home/pete/wefwefwef/docs/other/5399601989/game_server-branch-master/game_server/src/msg_handler_sup.erl"
Generating Type Specs - "/home/pete/wefwefwef/docs/other/5399601989/game_server-branch-master/game_server/src/tcp_server.erl"
Generating Type Specs - "/home/pete/wefwefwef/docs/other/5399601989/game_server-branch-master/game_server/src/tcp_server_app.erl"
Generating Type Specs - "/home/pete/wefwefwef/docs/other/5399601989/game_server-branch-master/game_server/src/tcp_server_sup.erl"
Generating XML for application game_server "/home/pete/wefwefwef/docs/other/5399601989/game_server-branch-master/game_server" -> "/home/pete/wefwefwef/docs/other/5399601989/repo/master/.xml/game_server"
Generated game_server XMLs: ["/home/pete/wefwefwef/docs/other/5399601989/repo/master/.xml/game_server/db_commands.xml",
                             "/home/pete/wefwefwef/docs/other/5399601989/repo/master/.xml/game_server/tcp_server_app.xml",
                             "/home/pete/wefwefwef/docs/other/5399601989/repo/master/.xml/game_server/message_handler.xml",
                             "/home/pete/wefwefwef/docs/other/5399601989/repo/master/.xml/game_server/tcp_server_sup.xml",
                             "/home/pete/wefwefwef/docs/other/5399601989/repo/master/.xml/game_server/msg_handler_sup.xml",
                             "/home/pete/wefwefwef/docs/other/5399601989/repo/master/.xml/game_server/tcp_server.xml",
                             "/home/pete/wefwefwef/docs/other/5399601989/repo/master/.xml/game_server/command_handler.xml"]
Generating HTML - db_commands "/home/pete/wefwefwef/docs/other/5399601989/repo/master/.xml/game_server/db_commands.xml"
Generating HTML - tcp_server_app "/home/pete/wefwefwef/docs/other/5399601989/repo/master/.xml/game_server/tcp_server_app.xml"
Generating HTML - message_handler "/home/pete/wefwefwef/docs/other/5399601989/repo/master/.xml/game_server/message_handler.xml"
Generating HTML - command_handler "/home/pete/wefwefwef/docs/other/5399601989/repo/master/.xml/game_server/command_handler.xml"
Reading XML for "/home/pete/wefwefwef/docs/other/5399601989/repo/master/.xml/game_server/db_commands.xml"
Reading XML for "/home/pete/wefwefwef/docs/other/5399601989/repo/master/.xml/game_server/tcp_server_app.xml"
Reading XML for "/home/pete/wefwefwef/docs/other/5399601989/repo/master/.xml/game_server/message_handler.xml"
Reading XML for "/home/pete/wefwefwef/docs/other/5399601989/repo/master/.xml/game_server/command_handler.xml"
Reading XML for "/home/pete/wefwefwef/docs/other/5399601989/repo/master/.xml/specs_tcp_server_app.xml"
Reading XML for "/home/pete/wefwefwef/docs/other/5399601989/repo/master/.xml/specs_db_commands.xml"
Reading XML for "/home/pete/wefwefwef/docs/other/5399601989/repo/master/.xml/specs_command_handler.xml"
Reading XML for "/home/pete/wefwefwef/docs/other/5399601989/repo/master/.xml/specs_message_handler.xml"
Generating HTML - tcp_server "/home/pete/wefwefwef/docs/other/5399601989/repo/master/.xml/game_server/tcp_server.xml"
Reading XML for "/home/pete/wefwefwef/docs/other/5399601989/repo/master/.xml/game_server/tcp_server.xml"
Reading XML for "/home/pete/wefwefwef/docs/other/5399601989/repo/master/.xml/specs_tcp_server.xml"
Generating HTML - msg_handler_sup "/home/pete/wefwefwef/docs/other/5399601989/repo/master/.xml/game_server/msg_handler_sup.xml"
Reading XML for "/home/pete/wefwefwef/docs/other/5399601989/repo/master/.xml/game_server/msg_handler_sup.xml"
Reading XML for "/home/pete/wefwefwef/docs/other/5399601989/repo/master/.xml/specs_msg_handler_sup.xml"
Generating HTML - tcp_server_sup "/home/pete/wefwefwef/docs/other/5399601989/repo/master/.xml/game_server/tcp_server_sup.xml"
Reading XML for "/home/pete/wefwefwef/docs/other/5399601989/repo/master/.xml/game_server/tcp_server_sup.xml"
Reading XML for "/home/pete/wefwefwef/docs/other/5399601989/repo/master/.xml/specs_tcp_server_sup.xml"
Creating index.html ...
Creating erldocs_index.js ...
Woot, finished in 0 Minutes 0 Seconds
 :: Discovering other repos
$ 5000  `rm -r '/home/pete/wefwefwef/docs/other/5399601989/game_server-branch-master'  2>&1`
 :: Erldocs finishing up
$ 5000  `rm -r '/home/pete/wefwefwef/docs/other/5399601989/game_server'  2>&1`
