 :: Extracting meta information
$ infinity  `git ls-remote --heads --tags 'https://github.com/jlouis/dht_bt'  2>&1`
>>> [repo] 2 branches, 0 tags
WTF {ok,{{"HTTP/1.1",200,"OK"},
         [{"cache-control","max-age=300"},
          {"connection","keep-alive"},
          {"date","Sun, 11 Oct 2015 20:08:18 GMT"},
          {"via","1.1 varnish"},
          {"accept-ranges","bytes"},
          {"etag","\"8e04ea8bc3d6fb66dc557fce4b8337a3cf31d831\""},
          {"vary","Authorization,Accept-Encoding"},
          {"content-length","486"},
          {"content-type","text/plain; charset=utf-8"},
          {"expires","Sun, 11 Oct 2015 20:13:18 GMT"},
          {"content-security-policy","default-src 'none'"},
          {"x-xss-protection","1; mode=block"},
          {"x-frame-options","deny"},
          {"x-content-type-options","nosniff"},
          {"strict-transport-security","max-age=31536000"},
          {"x-served-by","cache-fra1224-FRA"},
          {"x-cache","MISS"},
          {"x-cache-hits","0"},
          {"access-control-allow-origin","*"},
          {"source-age","0"}],
         "{name,\"dht_bt\"}.\n{target_path,\"github.com/jlouis/dht_bt\"}.\n{url,\"https://github.com/jlouis/dht_bt\"}.\n{vsn_format,2}.\n{vsn_pass,101}.\n{time_begin,{{2015,9,21},{18,56,22}}}.\n{method,git}.\n{count_tags,0}.\n{count_branches,2}.\n{revisions,[{rev,branch,\"jl/1-fix-deadlock\",\n                 \"70a30a1bfbb2c85b03a781b44ab89ae63ae9109c\",true,[],[]},\n            {rev,branch,\"master\",\"ea4ee670d467eeb07f766e5d809bc94ca7256ebe\",\n                 true,[],[]}]}.\n{time_end,{{2015,9,21},{18,56,26}}}.\n"}}
 :: Writing meta to "/home/pete/wefwefwef/docs/other/de28217cf559806c4b9599a2a945d7842385f705/meta.txt"
 :: Skipping branch "jl/1-fix-deadlock"
 :: Processing https://github.com/jlouis/dht_bt	{rev,branch,"master","61cdd4f236d9b3c1ba5dee2abb13099ac7613037",undefined,[],[]}
 :: Fetching repo code
$ cd '/home/pete/wefwefwef/docs/other/de28217cf559806c4b9599a2a945d7842385f705/dht_bt-branch-master'
$ infinity  `curl --fail --silent --show-error --location --output repo.tar.gz 'https://codeload.github.com/jlouis/dht_bt/tar.gz/master'  2>&1`
$ cd '/home/pete/wefwefwef/docs/erldocs_other.git'
$ cd '/home/pete/wefwefwef/docs/other/de28217cf559806c4b9599a2a945d7842385f705/dht_bt-branch-master/dht-master'
$ 5000  `find -P . -type l -delete  2>&1`
$ cd '/home/pete/wefwefwef/docs/erldocs_other.git'
$ 5000  `mv '/home/pete/wefwefwef/docs/other/de28217cf559806c4b9599a2a945d7842385f705/dht_bt-branch-master/dht-master' '/home/pete/wefwefwef/docs/other/de28217cf559806c4b9599a2a945d7842385f705/dht_bt-branch-master/dht_bt'  2>&1`
 :: Getting dependencies
$ cd '/home/pete/wefwefwef/docs/other/de28217cf559806c4b9599a2a945d7842385f705/dht_bt-branch-master/dht_bt'
$ 5000  `ls -1 deps/  2>&1`
$ cd '/home/pete/wefwefwef/docs/erldocs_other.git'
>>> [rebar] deps = []
 :: Generating erldocs into /home/pete/wefwefwef/docs/other/de28217cf559806c4b9599a2a945d7842385f705/repo/master
Building dht_bt
Generating Type Specs - "/home/pete/wefwefwef/docs/other/de28217cf559806c4b9599a2a945d7842385f705/dht_bt-branch-master/dht_bt/src/dht.erl"
Generating Type Specs - "/home/pete/wefwefwef/docs/other/de28217cf559806c4b9599a2a945d7842385f705/dht_bt-branch-master/dht_bt/src/dht_app.erl"
Generating Type Specs - "/home/pete/wefwefwef/docs/other/de28217cf559806c4b9599a2a945d7842385f705/dht_bt-branch-master/dht_bt/src/dht_metric.erl"
Generating Type Specs - "/home/pete/wefwefwef/docs/other/de28217cf559806c4b9599a2a945d7842385f705/dht_bt-branch-master/dht_bt/src/dht_net.erl"
Generating Type Specs - "/home/pete/wefwefwef/docs/other/de28217cf559806c4b9599a2a945d7842385f705/dht_bt-branch-master/dht_bt/src/dht_par.erl"
Generating Type Specs - "/home/pete/wefwefwef/docs/other/de28217cf559806c4b9599a2a945d7842385f705/dht_bt-branch-master/dht_bt/src/dht_proto.erl"
Generating Type Specs - "/home/pete/wefwefwef/docs/other/de28217cf559806c4b9599a2a945d7842385f705/dht_bt-branch-master/dht_bt/src/dht_rand.erl"
Generating Type Specs - "/home/pete/wefwefwef/docs/other/de28217cf559806c4b9599a2a945d7842385f705/dht_bt-branch-master/dht_bt/src/dht_refresh.erl"
Generating Type Specs - "/home/pete/wefwefwef/docs/other/de28217cf559806c4b9599a2a945d7842385f705/dht_bt-branch-master/dht_bt/src/dht_routing_meta.erl"
Generating Type Specs - "/home/pete/wefwefwef/docs/other/de28217cf559806c4b9599a2a945d7842385f705/dht_bt-branch-master/dht_bt/src/dht_routing_table.erl"
Generating Type Specs - "/home/pete/wefwefwef/docs/other/de28217cf559806c4b9599a2a945d7842385f705/dht_bt-branch-master/dht_bt/src/dht_search.erl"
Generating Type Specs - "/home/pete/wefwefwef/docs/other/de28217cf559806c4b9599a2a945d7842385f705/dht_bt-branch-master/dht_bt/src/dht_socket.erl"
Generating Type Specs - "/home/pete/wefwefwef/docs/other/de28217cf559806c4b9599a2a945d7842385f705/dht_bt-branch-master/dht_bt/src/dht_state.erl"
Generating Type Specs - "/home/pete/wefwefwef/docs/other/de28217cf559806c4b9599a2a945d7842385f705/dht_bt-branch-master/dht_bt/src/dht_store.erl"
Generating Type Specs - "/home/pete/wefwefwef/docs/other/de28217cf559806c4b9599a2a945d7842385f705/dht_bt-branch-master/dht_bt/src/dht_sup.erl"
Generating Type Specs - "/home/pete/wefwefwef/docs/other/de28217cf559806c4b9599a2a945d7842385f705/dht_bt-branch-master/dht_bt/src/dht_time.erl"
Generating Type Specs - "/home/pete/wefwefwef/docs/other/de28217cf559806c4b9599a2a945d7842385f705/dht_bt-branch-master/dht_bt/src/dht_track.erl"
Generating XML for application dht_bt "/home/pete/wefwefwef/docs/other/de28217cf559806c4b9599a2a945d7842385f705/dht_bt-branch-master/dht_bt" -> "/home/pete/wefwefwef/docs/other/de28217cf559806c4b9599a2a945d7842385f705/repo/master/.xml/dht_bt"
Generated dht_bt XMLs: ["/home/pete/wefwefwef/docs/other/de28217cf559806c4b9599a2a945d7842385f705/repo/master/.xml/dht_bt/dht.xml"]
Generating HTML - dht "/home/pete/wefwefwef/docs/other/de28217cf559806c4b9599a2a945d7842385f705/repo/master/.xml/dht_bt/dht.xml"
Reading XML for "/home/pete/wefwefwef/docs/other/de28217cf559806c4b9599a2a945d7842385f705/repo/master/.xml/dht_bt/dht.xml"
Reading XML for "/home/pete/wefwefwef/docs/other/de28217cf559806c4b9599a2a945d7842385f705/repo/master/.xml/specs_dht.xml"
Creating index.html ...
Creating erldocs_index.js ...
Woot, finished in 0 Minutes 1 Seconds
 :: Discovering other repos
$ 5000  `rm -r '/home/pete/wefwefwef/docs/other/de28217cf559806c4b9599a2a945d7842385f705/dht_bt-branch-master'  2>&1`
 :: Finishing up
$ 5000  `rm -r '/home/pete/wefwefwef/docs/other/de28217cf559806c4b9599a2a945d7842385f705/dht_bt'  2>&1`
