 :: Extracting meta information
$ infinity  `git ls-remote --heads --tags 'https://github.com/shionryuu/conf_dyn'  2>&1`
>>> [repo] 1 branches, 1 tags
 :: Writing meta to "/home/pete/wefwefwef/docs/other/e030fd33f01060fbc59ad0979ef317db948f64dd/meta.txt"
 :: Processing https://github.com/shionryuu/conf_dyn	{rev,branch,"master","bec7d7780c92cff8f6147e5735fafa86a219c30d",undefined,[],[]}
 :: Fetching repo code
$ cd '/home/pete/wefwefwef/docs/other/e030fd33f01060fbc59ad0979ef317db948f64dd/conf_dyn-branch-master'
$ infinity  `curl --fail --silent --show-error --location --output repo.tar.gz 'https://codeload.github.com/shionryuu/conf_dyn/tar.gz/master'  2>&1`
$ cd '/home/pete/wefwefwef/docs/erldocs_other.git'
$ cd '/home/pete/wefwefwef/docs/other/e030fd33f01060fbc59ad0979ef317db948f64dd/conf_dyn-branch-master/conf_dyn-master'
$ 5000  `find -P . -type l -delete  2>&1`
$ cd '/home/pete/wefwefwef/docs/erldocs_other.git'
$ 5000  `mv '/home/pete/wefwefwef/docs/other/e030fd33f01060fbc59ad0979ef317db948f64dd/conf_dyn-branch-master/conf_dyn-master' '/home/pete/wefwefwef/docs/other/e030fd33f01060fbc59ad0979ef317db948f64dd/conf_dyn-branch-master/conf_dyn'  2>&1`
 :: Getting dependencies
$ cd '/home/pete/wefwefwef/docs/other/e030fd33f01060fbc59ad0979ef317db948f64dd/conf_dyn-branch-master/conf_dyn'
$ 5000  `ls -1 deps/  2>&1`
$ cd '/home/pete/wefwefwef/docs/erldocs_other.git'
>>> [rebar] deps = []
 :: Generating erldocs into /home/pete/wefwefwef/docs/other/e030fd33f01060fbc59ad0979ef317db948f64dd/repo/master
Building conf_dyn
Generating Type Specs - "/home/pete/wefwefwef/docs/other/e030fd33f01060fbc59ad0979ef317db948f64dd/conf_dyn-branch-master/conf_dyn/src/conf_dyn.erl"
Generating Type Specs - "/home/pete/wefwefwef/docs/other/e030fd33f01060fbc59ad0979ef317db948f64dd/conf_dyn-branch-master/conf_dyn/src/conf_gen.erl"
Generating Type Specs - "/home/pete/wefwefwef/docs/other/e030fd33f01060fbc59ad0979ef317db948f64dd/conf_dyn-branch-master/conf_dyn/src/conf_temp.erl"
Generating Type Specs - "/home/pete/wefwefwef/docs/other/e030fd33f01060fbc59ad0979ef317db948f64dd/conf_dyn-branch-master/conf_dyn/src/conf_util.erl"
Generating XML for application conf_dyn "/home/pete/wefwefwef/docs/other/e030fd33f01060fbc59ad0979ef317db948f64dd/conf_dyn-branch-master/conf_dyn" -> "/home/pete/wefwefwef/docs/other/e030fd33f01060fbc59ad0979ef317db948f64dd/repo/master/.xml/conf_dyn"
Generated conf_dyn XMLs: ["/home/pete/wefwefwef/docs/other/e030fd33f01060fbc59ad0979ef317db948f64dd/repo/master/.xml/conf_dyn/conf_dyn.xml",
                          "/home/pete/wefwefwef/docs/other/e030fd33f01060fbc59ad0979ef317db948f64dd/repo/master/.xml/conf_dyn/conf_temp.xml",
                          "/home/pete/wefwefwef/docs/other/e030fd33f01060fbc59ad0979ef317db948f64dd/repo/master/.xml/conf_dyn/conf_gen.xml",
                          "/home/pete/wefwefwef/docs/other/e030fd33f01060fbc59ad0979ef317db948f64dd/repo/master/.xml/conf_dyn/conf_util.xml"]
Generating HTML - conf_dyn "/home/pete/wefwefwef/docs/other/e030fd33f01060fbc59ad0979ef317db948f64dd/repo/master/.xml/conf_dyn/conf_dyn.xml"
Generating HTML - conf_temp "/home/pete/wefwefwef/docs/other/e030fd33f01060fbc59ad0979ef317db948f64dd/repo/master/.xml/conf_dyn/conf_temp.xml"
Generating HTML - conf_gen "/home/pete/wefwefwef/docs/other/e030fd33f01060fbc59ad0979ef317db948f64dd/repo/master/.xml/conf_dyn/conf_gen.xml"
Generating HTML - conf_util "/home/pete/wefwefwef/docs/other/e030fd33f01060fbc59ad0979ef317db948f64dd/repo/master/.xml/conf_dyn/conf_util.xml"
Reading XML for "/home/pete/wefwefwef/docs/other/e030fd33f01060fbc59ad0979ef317db948f64dd/repo/master/.xml/conf_dyn/conf_dyn.xml"
Reading XML for "/home/pete/wefwefwef/docs/other/e030fd33f01060fbc59ad0979ef317db948f64dd/repo/master/.xml/conf_dyn/conf_temp.xml"
Reading XML for "/home/pete/wefwefwef/docs/other/e030fd33f01060fbc59ad0979ef317db948f64dd/repo/master/.xml/conf_dyn/conf_gen.xml"
Reading XML for "/home/pete/wefwefwef/docs/other/e030fd33f01060fbc59ad0979ef317db948f64dd/repo/master/.xml/conf_dyn/conf_util.xml"
Reading XML for "/home/pete/wefwefwef/docs/other/e030fd33f01060fbc59ad0979ef317db948f64dd/repo/master/.xml/specs_conf_gen.xml"
Reading XML for "/home/pete/wefwefwef/docs/other/e030fd33f01060fbc59ad0979ef317db948f64dd/repo/master/.xml/specs_conf_dyn.xml"
Reading XML for "/home/pete/wefwefwef/docs/other/e030fd33f01060fbc59ad0979ef317db948f64dd/repo/master/.xml/specs_conf_temp.xml"
Reading XML for "/home/pete/wefwefwef/docs/other/e030fd33f01060fbc59ad0979ef317db948f64dd/repo/master/.xml/specs_conf_util.xml"
Creating index.html ...
Creating erldocs_index.js ...
Woot, finished in 0 Minutes 1 Seconds
 :: Discovering other repos
$ 5000  `rm -r '/home/pete/wefwefwef/docs/other/e030fd33f01060fbc59ad0979ef317db948f64dd/conf_dyn-branch-master'  2>&1`
 :: Processing https://github.com/shionryuu/conf_dyn	{rev,tag,"1.0","5b04209d036cd79400d1e08e1d09d950494d9911",undefined,[],[]}
 :: Fetching repo code
$ cd '/home/pete/wefwefwef/docs/other/e030fd33f01060fbc59ad0979ef317db948f64dd/conf_dyn-tag-1.0'
$ infinity  `curl --fail --silent --show-error --location --output repo.tar.gz 'https://codeload.github.com/shionryuu/conf_dyn/tar.gz/1.0'  2>&1`
$ cd '/home/pete/wefwefwef/docs/erldocs_other.git'
$ cd '/home/pete/wefwefwef/docs/other/e030fd33f01060fbc59ad0979ef317db948f64dd/conf_dyn-tag-1.0/conf_dyn-1.0'
$ 5000  `find -P . -type l -delete  2>&1`
$ cd '/home/pete/wefwefwef/docs/erldocs_other.git'
$ 5000  `mv '/home/pete/wefwefwef/docs/other/e030fd33f01060fbc59ad0979ef317db948f64dd/conf_dyn-tag-1.0/conf_dyn-1.0' '/home/pete/wefwefwef/docs/other/e030fd33f01060fbc59ad0979ef317db948f64dd/conf_dyn-tag-1.0/conf_dyn'  2>&1`
 :: Getting dependencies
$ cd '/home/pete/wefwefwef/docs/other/e030fd33f01060fbc59ad0979ef317db948f64dd/conf_dyn-tag-1.0/conf_dyn'
$ 5000  `ls -1 deps/  2>&1`
$ cd '/home/pete/wefwefwef/docs/erldocs_other.git'
>>> [rebar] deps = []
 :: Generating erldocs into /home/pete/wefwefwef/docs/other/e030fd33f01060fbc59ad0979ef317db948f64dd/repo/1.0
Building conf_dyn
Generating Type Specs - "/home/pete/wefwefwef/docs/other/e030fd33f01060fbc59ad0979ef317db948f64dd/conf_dyn-tag-1.0/conf_dyn/src/conf_dyn.erl"
Generating Type Specs - "/home/pete/wefwefwef/docs/other/e030fd33f01060fbc59ad0979ef317db948f64dd/conf_dyn-tag-1.0/conf_dyn/src/conf_gen.erl"
Generating Type Specs - "/home/pete/wefwefwef/docs/other/e030fd33f01060fbc59ad0979ef317db948f64dd/conf_dyn-tag-1.0/conf_dyn/src/conf_temp.erl"
Generating Type Specs - "/home/pete/wefwefwef/docs/other/e030fd33f01060fbc59ad0979ef317db948f64dd/conf_dyn-tag-1.0/conf_dyn/src/conf_util.erl"
Generating XML for application conf_dyn "/home/pete/wefwefwef/docs/other/e030fd33f01060fbc59ad0979ef317db948f64dd/conf_dyn-tag-1.0/conf_dyn" -> "/home/pete/wefwefwef/docs/other/e030fd33f01060fbc59ad0979ef317db948f64dd/repo/1.0/.xml/conf_dyn"
Generated conf_dyn XMLs: ["/home/pete/wefwefwef/docs/other/e030fd33f01060fbc59ad0979ef317db948f64dd/repo/1.0/.xml/conf_dyn/conf_dyn.xml",
                          "/home/pete/wefwefwef/docs/other/e030fd33f01060fbc59ad0979ef317db948f64dd/repo/1.0/.xml/conf_dyn/conf_temp.xml",
                          "/home/pete/wefwefwef/docs/other/e030fd33f01060fbc59ad0979ef317db948f64dd/repo/1.0/.xml/conf_dyn/conf_gen.xml",
                          "/home/pete/wefwefwef/docs/other/e030fd33f01060fbc59ad0979ef317db948f64dd/repo/1.0/.xml/conf_dyn/conf_util.xml"]
Generating HTML - conf_dyn "/home/pete/wefwefwef/docs/other/e030fd33f01060fbc59ad0979ef317db948f64dd/repo/1.0/.xml/conf_dyn/conf_dyn.xml"
Generating HTML - conf_temp "/home/pete/wefwefwef/docs/other/e030fd33f01060fbc59ad0979ef317db948f64dd/repo/1.0/.xml/conf_dyn/conf_temp.xml"
Generating HTML - conf_gen "/home/pete/wefwefwef/docs/other/e030fd33f01060fbc59ad0979ef317db948f64dd/repo/1.0/.xml/conf_dyn/conf_gen.xml"
Generating HTML - conf_util "/home/pete/wefwefwef/docs/other/e030fd33f01060fbc59ad0979ef317db948f64dd/repo/1.0/.xml/conf_dyn/conf_util.xml"
Reading XML for "/home/pete/wefwefwef/docs/other/e030fd33f01060fbc59ad0979ef317db948f64dd/repo/1.0/.xml/conf_dyn/conf_dyn.xml"
Reading XML for "/home/pete/wefwefwef/docs/other/e030fd33f01060fbc59ad0979ef317db948f64dd/repo/1.0/.xml/conf_dyn/conf_temp.xml"
Reading XML for "/home/pete/wefwefwef/docs/other/e030fd33f01060fbc59ad0979ef317db948f64dd/repo/1.0/.xml/conf_dyn/conf_gen.xml"
Reading XML for "/home/pete/wefwefwef/docs/other/e030fd33f01060fbc59ad0979ef317db948f64dd/repo/1.0/.xml/conf_dyn/conf_util.xml"
Reading XML for "/home/pete/wefwefwef/docs/other/e030fd33f01060fbc59ad0979ef317db948f64dd/repo/1.0/.xml/specs_conf_util.xml"
Reading XML for "/home/pete/wefwefwef/docs/other/e030fd33f01060fbc59ad0979ef317db948f64dd/repo/1.0/.xml/specs_conf_dyn.xml"
Reading XML for "/home/pete/wefwefwef/docs/other/e030fd33f01060fbc59ad0979ef317db948f64dd/repo/1.0/.xml/specs_conf_temp.xml"
Reading XML for "/home/pete/wefwefwef/docs/other/e030fd33f01060fbc59ad0979ef317db948f64dd/repo/1.0/.xml/specs_conf_gen.xml"
Creating index.html ...
Creating erldocs_index.js ...
Woot, finished in 0 Minutes 0 Seconds
 :: Discovering other repos
$ 5000  `rm -r '/home/pete/wefwefwef/docs/other/e030fd33f01060fbc59ad0979ef317db948f64dd/conf_dyn-tag-1.0'  2>&1`
 :: Finishing up
$ 5000  `rm -r '/home/pete/wefwefwef/docs/other/e030fd33f01060fbc59ad0979ef317db948f64dd/conf_dyn'  2>&1`
