 :: Extracting meta information
$ infinity  `git ls-remote --heads --tags 'https://github.com/rustyio/sync'  2>&1`
>>> [repo] 1 branches, 0 tags
WTF {ok,{{"HTTP/1.1",200,"OK"},
         [{"cache-control","max-age=300"},
          {"connection","keep-alive"},
          {"date","Sun, 11 Oct 2015 23:04:54 GMT"},
          {"via","1.1 varnish"},
          {"accept-ranges","bytes"},
          {"etag","\"63a3b93742abf83043636a5c32f68759e935c0dd\""},
          {"vary","Authorization,Accept-Encoding"},
          {"content-length","362"},
          {"content-type","text/plain; charset=utf-8"},
          {"expires","Sun, 11 Oct 2015 23:09:54 GMT"},
          {"content-security-policy","default-src 'none'"},
          {"x-xss-protection","1; mode=block"},
          {"x-frame-options","deny"},
          {"x-content-type-options","nosniff"},
          {"strict-transport-security","max-age=31536000"},
          {"x-served-by","cache-lcy1128-LCY"},
          {"x-cache","MISS"},
          {"x-cache-hits","0"},
          {"access-control-allow-origin","*"},
          {"source-age","0"}],
         "{name,\"sync\"}.\n{target_path,\"github.com/rustyio/sync\"}.\n{url,\"https://github.com/rustyio/sync\"}.\n{vsn_format,2}.\n{vsn_pass,101}.\n{time_begin,{{2015,9,22},{1,38,25}}}.\n{method,git}.\n{count_tags,0}.\n{count_branches,1}.\n{revisions,[{rev,branch,\"master\",\"475d728a8f89cdb4cc7067fbbb0a4fd3f3f24bd2\",\n                 true,[],[]}]}.\n{time_end,{{2015,9,22},{1,38,26}}}.\n"}}
 :: Writing meta to "/home/pete/wefwefwef/docs/other/00bdaa197d59c62a75edefedf242fa978157eacc/meta.txt"
 :: Processing https://github.com/rustyio/sync	{rev,branch,"master","9c78e7b4fe28c75d18ad6971585a204b96e47db1",undefined,[],[]}
 :: Fetching repo code
$ cd '/home/pete/wefwefwef/docs/other/00bdaa197d59c62a75edefedf242fa978157eacc/sync-branch-master'
$ infinity  `curl --fail --silent --show-error --location --output repo.tar.gz 'https://codeload.github.com/rustyio/sync/tar.gz/master'  2>&1`
$ cd '/home/pete/wefwefwef/docs/erldocs_other.git'
$ cd '/home/pete/wefwefwef/docs/other/00bdaa197d59c62a75edefedf242fa978157eacc/sync-branch-master/sync-master'
$ 5000  `find -P . -type l -delete  2>&1`
$ cd '/home/pete/wefwefwef/docs/erldocs_other.git'
$ 5000  `mv '/home/pete/wefwefwef/docs/other/00bdaa197d59c62a75edefedf242fa978157eacc/sync-branch-master/sync-master' '/home/pete/wefwefwef/docs/other/00bdaa197d59c62a75edefedf242fa978157eacc/sync-branch-master/sync'  2>&1`
 :: Getting dependencies
$ cd '/home/pete/wefwefwef/docs/other/00bdaa197d59c62a75edefedf242fa978157eacc/sync-branch-master/sync'
$ 5000  `ls -1 deps/  2>&1`
$ cd '/home/pete/wefwefwef/docs/erldocs_other.git'
>>> [rebar] deps = []
 :: Generating erldocs into /home/pete/wefwefwef/docs/other/00bdaa197d59c62a75edefedf242fa978157eacc/repo/master
Building sync
Generating Type Specs - "/home/pete/wefwefwef/docs/other/00bdaa197d59c62a75edefedf242fa978157eacc/sync-branch-master/sync/src/sync.erl"
Generating Type Specs - "/home/pete/wefwefwef/docs/other/00bdaa197d59c62a75edefedf242fa978157eacc/sync-branch-master/sync/src/sync_notify.erl"
Generating Type Specs - "/home/pete/wefwefwef/docs/other/00bdaa197d59c62a75edefedf242fa978157eacc/sync-branch-master/sync/src/sync_options.erl"
Generating Type Specs - "/home/pete/wefwefwef/docs/other/00bdaa197d59c62a75edefedf242fa978157eacc/sync-branch-master/sync/src/sync_scanner.erl"
Generating Type Specs - "/home/pete/wefwefwef/docs/other/00bdaa197d59c62a75edefedf242fa978157eacc/sync-branch-master/sync/src/sync_utils.erl"
Generating XML for application sync "/home/pete/wefwefwef/docs/other/00bdaa197d59c62a75edefedf242fa978157eacc/sync-branch-master/sync" -> "/home/pete/wefwefwef/docs/other/00bdaa197d59c62a75edefedf242fa978157eacc/repo/master/.xml/sync"
/home/pete/wefwefwef/docs/other/00bdaa197d59c62a75edefedf242fa978157eacc/sync-branch-master/sync/src/sync_notify.erl, function replace_chars/2: at line 150: unknown error parsing specification: {150,edoc_parser,
                                      ["syntax error before: ","'->'"]}.
edoc: skipping source file '/home/pete/wefwefwef/docs/other/00bdaa197d59c62a75edefedf242fa978157eacc/sync-branch-master/sync/src/sync_notify.erl': {'EXIT',
                                                                                                                                              error}.
edoc: error in doclet 'edoc_doclet': {'EXIT',error}.
Error generating sync XMLs. Using fallback ...
Generating XML sync - sync "/home/pete/wefwefwef/docs/other/00bdaa197d59c62a75edefedf242fa978157eacc/sync-branch-master/sync/src/sync.erl" -> "/home/pete/wefwefwef/docs/other/00bdaa197d59c62a75edefedf242fa978157eacc/repo/master/.xml/sync/sync.xml"
Generating XML sync - sync_notify "/home/pete/wefwefwef/docs/other/00bdaa197d59c62a75edefedf242fa978157eacc/sync-branch-master/sync/src/sync_notify.erl" -> "/home/pete/wefwefwef/docs/other/00bdaa197d59c62a75edefedf242fa978157eacc/repo/master/.xml/sync/sync_notify.xml"
/home/pete/wefwefwef/docs/other/00bdaa197d59c62a75edefedf242fa978157eacc/sync-branch-master/sync/src/sync_notify.erl, function replace_chars/2: at line 150: unknown error parsing specification: {150,edoc_parser,
                                      ["syntax error before: ","'->'"]}.
Error generating XML ("/home/pete/wefwefwef/docs/other/00bdaa197d59c62a75edefedf242fa978157eacc/sync-branch-master/sync/src/sync_notify.erl"): {'EXIT',
                                                                                                                                                error}
Generating XML sync - sync_options "/home/pete/wefwefwef/docs/other/00bdaa197d59c62a75edefedf242fa978157eacc/sync-branch-master/sync/src/sync_options.erl" -> "/home/pete/wefwefwef/docs/other/00bdaa197d59c62a75edefedf242fa978157eacc/repo/master/.xml/sync/sync_options.xml"
Generating XML sync - sync_scanner "/home/pete/wefwefwef/docs/other/00bdaa197d59c62a75edefedf242fa978157eacc/sync-branch-master/sync/src/sync_scanner.erl" -> "/home/pete/wefwefwef/docs/other/00bdaa197d59c62a75edefedf242fa978157eacc/repo/master/.xml/sync/sync_scanner.xml"
Generating XML sync - sync_utils "/home/pete/wefwefwef/docs/other/00bdaa197d59c62a75edefedf242fa978157eacc/sync-branch-master/sync/src/sync_utils.erl" -> "/home/pete/wefwefwef/docs/other/00bdaa197d59c62a75edefedf242fa978157eacc/repo/master/.xml/sync/sync_utils.xml"
Generating HTML - sync_utils "/home/pete/wefwefwef/docs/other/00bdaa197d59c62a75edefedf242fa978157eacc/repo/master/.xml/sync/sync_utils.xml"
Generating HTML - sync_scanner "/home/pete/wefwefwef/docs/other/00bdaa197d59c62a75edefedf242fa978157eacc/repo/master/.xml/sync/sync_scanner.xml"
Generating HTML - sync_options "/home/pete/wefwefwef/docs/other/00bdaa197d59c62a75edefedf242fa978157eacc/repo/master/.xml/sync/sync_options.xml"
Generating HTML - sync "/home/pete/wefwefwef/docs/other/00bdaa197d59c62a75edefedf242fa978157eacc/repo/master/.xml/sync/sync.xml"
Reading XML for "/home/pete/wefwefwef/docs/other/00bdaa197d59c62a75edefedf242fa978157eacc/repo/master/.xml/sync/sync_utils.xml"
Reading XML for "/home/pete/wefwefwef/docs/other/00bdaa197d59c62a75edefedf242fa978157eacc/repo/master/.xml/sync/sync_scanner.xml"
Reading XML for "/home/pete/wefwefwef/docs/other/00bdaa197d59c62a75edefedf242fa978157eacc/repo/master/.xml/sync/sync_options.xml"
Reading XML for "/home/pete/wefwefwef/docs/other/00bdaa197d59c62a75edefedf242fa978157eacc/repo/master/.xml/sync/sync.xml"
Reading XML for "/home/pete/wefwefwef/docs/other/00bdaa197d59c62a75edefedf242fa978157eacc/repo/master/.xml/specs_sync_utils.xml"
Reading XML for "/home/pete/wefwefwef/docs/other/00bdaa197d59c62a75edefedf242fa978157eacc/repo/master/.xml/specs_sync_scanner.xml"
Reading XML for "/home/pete/wefwefwef/docs/other/00bdaa197d59c62a75edefedf242fa978157eacc/repo/master/.xml/specs_sync_options.xml"
Reading XML for "/home/pete/wefwefwef/docs/other/00bdaa197d59c62a75edefedf242fa978157eacc/repo/master/.xml/specs_sync.xml"
Creating index.html ...
Creating erldocs_index.js ...
Woot, finished in 0 Minutes 1 Seconds
 :: Discovering other repos
$ 5000  `rm -r '/home/pete/wefwefwef/docs/other/00bdaa197d59c62a75edefedf242fa978157eacc/sync-branch-master'  2>&1`
 :: Finishing up
$ 5000  `rm -r '/home/pete/wefwefwef/docs/other/00bdaa197d59c62a75edefedf242fa978157eacc/sync'  2>&1`
