 :: Extracting meta information
$ 5000  `git ls-remote --heads --tags 'https://github.com/lkiesow/erlang-datetime'  2>&1`
>>> [repo] 1 branches, 0 tags
 :: Writing meta to "/home/pete/wefwefwef/docs/other/9564467096/meta.txt"
 :: Processing https://github.com/lkiesow/erlang-datetime	{rev,branch,"master","e8770ec4896bef7c1a07277e4a42c9355965b38c"}
 :: Fetching repo code
$ cd "/home/pete/wefwefwef/docs/other/9564467096/erlang-datetime-branch-master/erlang-datetime"
$ infinity  `curl --fail --silent --show-error --location --output 'master.zip' 'https://github.com/lkiesow/erlang-datetime/archive/master.zip'  2>&1`
$ cd "/home/pete/wefwefwef/docs/erldocs_other.git"
$ cd "/home/pete/wefwefwef/docs/other/9564467096/erlang-datetime-branch-master/erlang-datetime"
$ 5000  `find -P . -type l -delete  2>&1`
$ cd "/home/pete/wefwefwef/docs/erldocs_other.git"
$ cd "/home/pete/wefwefwef/docs/other/9564467096/erlang-datetime-branch-master/erlang-datetime"
$ 5000  `find 'erlang-datetime-master' -mindepth 1 -maxdepth 1 -exec mv -t . -- {} +  2>&1`
$ cd "/home/pete/wefwefwef/docs/erldocs_other.git"
 :: Getting dependencies
$ cd "/home/pete/wefwefwef/docs/other/9564467096/erlang-datetime-branch-master/erlang-datetime"
$ 5000  `ls -1 deps/  2>&1`
$ cd "/home/pete/wefwefwef/docs/erldocs_other.git"
>>> [rebar] deps = []
 :: Generating erldocs into /home/pete/wefwefwef/docs/other/9564467096/repo/master
Building erlang-datetime
Generating Type Specs - "/home/pete/wefwefwef/docs/other/9564467096/erlang-datetime-branch-master/erlang-datetime/src/datetime.erl"
Generating XML for application erlang-datetime "/home/pete/wefwefwef/docs/other/9564467096/erlang-datetime-branch-master/erlang-datetime" -> "/home/pete/wefwefwef/docs/other/9564467096/repo/master/.xml/erlang-datetime"
Generated erlang-datetime XMLs: ["/home/pete/wefwefwef/docs/other/9564467096/repo/master/.xml/erlang-datetime/datetime.xml"]
Generating HTML - datetime "/home/pete/wefwefwef/docs/other/9564467096/repo/master/.xml/erlang-datetime/datetime.xml"
Reading XML for "/home/pete/wefwefwef/docs/other/9564467096/repo/master/.xml/erlang-datetime/datetime.xml"
Reading XML for "/home/pete/wefwefwef/docs/other/9564467096/repo/master/.xml/specs_datetime.xml"
Creating index.html ...
Creating erldocs_index.js ...
Woot, finished in 0 Minutes 0 Seconds
 :: Discovering other repos
$ 5000  `rm -r '/home/pete/wefwefwef/docs/other/9564467096/erlang-datetime-branch-master'  2>&1`
 :: Erldocs finishing up
$ 5000  `rm -r '/home/pete/wefwefwef/docs/other/9564467096/erlang-datetime'  2>&1`
