 :: Extracting meta information
$ infinity  `git ls-remote --heads --tags 'https://github.com/artemeff/std'  2>&1`
>>> [repo] 1 branches, 1 tags
 :: Writing meta to "/home/pete/wefwefwef/docs/other/aba4dc1b46c3c2f732e8e19b2a6ac7c2/meta.txt"
 :: Processing https://github.com/artemeff/std	{rev,branch,"master","a76ca1e279bb19099d7c02869fd792e488630e51",undefined,[],[]}
 :: Fetching repo code
$ cd '/home/pete/wefwefwef/docs/other/aba4dc1b46c3c2f732e8e19b2a6ac7c2/std-branch-master'
$ infinity  `curl --fail --silent --show-error --location --output repo.zip 'https://github.com/artemeff/std/archive/master.zip'  2>&1`
$ cd '/home/pete/wefwefwef/docs/erldocs_other.git'
$ cd '/home/pete/wefwefwef/docs/other/aba4dc1b46c3c2f732e8e19b2a6ac7c2/std-branch-master/std-master'
$ 5000  `find -P . -type l -delete  2>&1`
$ cd '/home/pete/wefwefwef/docs/erldocs_other.git'
$ 5000  `mv '/home/pete/wefwefwef/docs/other/aba4dc1b46c3c2f732e8e19b2a6ac7c2/std-branch-master/std-master' '/home/pete/wefwefwef/docs/other/aba4dc1b46c3c2f732e8e19b2a6ac7c2/std-branch-master/std'  2>&1`
 :: Getting dependencies
$ cd '/home/pete/wefwefwef/docs/other/aba4dc1b46c3c2f732e8e19b2a6ac7c2/std-branch-master/std'
$ 5000  `ls -1 deps/  2>&1`
$ cd '/home/pete/wefwefwef/docs/erldocs_other.git'
>>> [rebar] deps = []
 :: Generating erldocs into /home/pete/wefwefwef/docs/other/aba4dc1b46c3c2f732e8e19b2a6ac7c2/repo/master
Building std
Generating Type Specs - "/home/pete/wefwefwef/docs/other/aba4dc1b46c3c2f732e8e19b2a6ac7c2/std-branch-master/std/src/std.erl"
Generating Type Specs - "/home/pete/wefwefwef/docs/other/aba4dc1b46c3c2f732e8e19b2a6ac7c2/std-branch-master/std/src/std_app.erl"
Generating Type Specs - "/home/pete/wefwefwef/docs/other/aba4dc1b46c3c2f732e8e19b2a6ac7c2/std-branch-master/std/src/std_cache.erl"
Generating Type Specs - "/home/pete/wefwefwef/docs/other/aba4dc1b46c3c2f732e8e19b2a6ac7c2/std-branch-master/std/src/std_cast.erl"
Generating Type Specs - "/home/pete/wefwefwef/docs/other/aba4dc1b46c3c2f732e8e19b2a6ac7c2/std-branch-master/std/src/std_pgsql.erl"
Generating Type Specs - "/home/pete/wefwefwef/docs/other/aba4dc1b46c3c2f732e8e19b2a6ac7c2/std-branch-master/std/src/std_sup.erl"
Generating XML for application std "/home/pete/wefwefwef/docs/other/aba4dc1b46c3c2f732e8e19b2a6ac7c2/std-branch-master/std" -> "/home/pete/wefwefwef/docs/other/aba4dc1b46c3c2f732e8e19b2a6ac7c2/repo/master/.xml/std"
Generated std XMLs: ["/home/pete/wefwefwef/docs/other/aba4dc1b46c3c2f732e8e19b2a6ac7c2/repo/master/.xml/std/std_cast.xml",
                     "/home/pete/wefwefwef/docs/other/aba4dc1b46c3c2f732e8e19b2a6ac7c2/repo/master/.xml/std/std_app.xml",
                     "/home/pete/wefwefwef/docs/other/aba4dc1b46c3c2f732e8e19b2a6ac7c2/repo/master/.xml/std/std_pgsql.xml",
                     "/home/pete/wefwefwef/docs/other/aba4dc1b46c3c2f732e8e19b2a6ac7c2/repo/master/.xml/std/std.xml",
                     "/home/pete/wefwefwef/docs/other/aba4dc1b46c3c2f732e8e19b2a6ac7c2/repo/master/.xml/std/std_sup.xml",
                     "/home/pete/wefwefwef/docs/other/aba4dc1b46c3c2f732e8e19b2a6ac7c2/repo/master/.xml/std/std_cache.xml"]
Generating HTML - std_cast "/home/pete/wefwefwef/docs/other/aba4dc1b46c3c2f732e8e19b2a6ac7c2/repo/master/.xml/std/std_cast.xml"
Generating HTML - std_app "/home/pete/wefwefwef/docs/other/aba4dc1b46c3c2f732e8e19b2a6ac7c2/repo/master/.xml/std/std_app.xml"
Generating HTML - std_pgsql "/home/pete/wefwefwef/docs/other/aba4dc1b46c3c2f732e8e19b2a6ac7c2/repo/master/.xml/std/std_pgsql.xml"
Generating HTML - std_cache "/home/pete/wefwefwef/docs/other/aba4dc1b46c3c2f732e8e19b2a6ac7c2/repo/master/.xml/std/std_cache.xml"
Reading XML for "/home/pete/wefwefwef/docs/other/aba4dc1b46c3c2f732e8e19b2a6ac7c2/repo/master/.xml/std/std_cast.xml"
Reading XML for "/home/pete/wefwefwef/docs/other/aba4dc1b46c3c2f732e8e19b2a6ac7c2/repo/master/.xml/std/std_app.xml"
Reading XML for "/home/pete/wefwefwef/docs/other/aba4dc1b46c3c2f732e8e19b2a6ac7c2/repo/master/.xml/std/std_pgsql.xml"
Reading XML for "/home/pete/wefwefwef/docs/other/aba4dc1b46c3c2f732e8e19b2a6ac7c2/repo/master/.xml/std/std_cache.xml"
Reading XML for "/home/pete/wefwefwef/docs/other/aba4dc1b46c3c2f732e8e19b2a6ac7c2/repo/master/.xml/specs_std_app.xml"
Reading XML for "/home/pete/wefwefwef/docs/other/aba4dc1b46c3c2f732e8e19b2a6ac7c2/repo/master/.xml/specs_std_cast.xml"
Reading XML for "/home/pete/wefwefwef/docs/other/aba4dc1b46c3c2f732e8e19b2a6ac7c2/repo/master/.xml/specs_std_pgsql.xml"
Reading XML for "/home/pete/wefwefwef/docs/other/aba4dc1b46c3c2f732e8e19b2a6ac7c2/repo/master/.xml/specs_std_cache.xml"
Generating HTML - std_sup "/home/pete/wefwefwef/docs/other/aba4dc1b46c3c2f732e8e19b2a6ac7c2/repo/master/.xml/std/std_sup.xml"
Reading XML for "/home/pete/wefwefwef/docs/other/aba4dc1b46c3c2f732e8e19b2a6ac7c2/repo/master/.xml/std/std_sup.xml"
Reading XML for "/home/pete/wefwefwef/docs/other/aba4dc1b46c3c2f732e8e19b2a6ac7c2/repo/master/.xml/specs_std_sup.xml"
Generating HTML - std "/home/pete/wefwefwef/docs/other/aba4dc1b46c3c2f732e8e19b2a6ac7c2/repo/master/.xml/std/std.xml"
Reading XML for "/home/pete/wefwefwef/docs/other/aba4dc1b46c3c2f732e8e19b2a6ac7c2/repo/master/.xml/std/std.xml"
Reading XML for "/home/pete/wefwefwef/docs/other/aba4dc1b46c3c2f732e8e19b2a6ac7c2/repo/master/.xml/specs_std.xml"
Creating index.html ...
Creating erldocs_index.js ...
Woot, finished in 0 Minutes 0 Seconds
 :: Discovering other repos
$ 5000  `rm -r '/home/pete/wefwefwef/docs/other/aba4dc1b46c3c2f732e8e19b2a6ac7c2/std-branch-master'  2>&1`
 :: Processing https://github.com/artemeff/std	{rev,tag,"0.1.0","c1dbf316cf30f36a2768841ce1dbb29a5ca384bd",undefined,[],[]}
 :: Fetching repo code
$ cd '/home/pete/wefwefwef/docs/other/aba4dc1b46c3c2f732e8e19b2a6ac7c2/std-tag-0.1.0'
$ infinity  `curl --fail --silent --show-error --location --output repo.zip 'https://github.com/artemeff/std/archive/0.1.0.zip'  2>&1`
$ cd '/home/pete/wefwefwef/docs/erldocs_other.git'
$ cd '/home/pete/wefwefwef/docs/other/aba4dc1b46c3c2f732e8e19b2a6ac7c2/std-tag-0.1.0/std-0.1.0'
$ 5000  `find -P . -type l -delete  2>&1`
$ cd '/home/pete/wefwefwef/docs/erldocs_other.git'
$ 5000  `mv '/home/pete/wefwefwef/docs/other/aba4dc1b46c3c2f732e8e19b2a6ac7c2/std-tag-0.1.0/std-0.1.0' '/home/pete/wefwefwef/docs/other/aba4dc1b46c3c2f732e8e19b2a6ac7c2/std-tag-0.1.0/std'  2>&1`
 :: Getting dependencies
$ cd '/home/pete/wefwefwef/docs/other/aba4dc1b46c3c2f732e8e19b2a6ac7c2/std-tag-0.1.0/std'
$ 5000  `ls -1 deps/  2>&1`
$ cd '/home/pete/wefwefwef/docs/erldocs_other.git'
>>> [rebar] deps = []
 :: Generating erldocs into /home/pete/wefwefwef/docs/other/aba4dc1b46c3c2f732e8e19b2a6ac7c2/repo/0.1.0
Building std
Generating Type Specs - "/home/pete/wefwefwef/docs/other/aba4dc1b46c3c2f732e8e19b2a6ac7c2/std-tag-0.1.0/std/src/std.erl"
Generating Type Specs - "/home/pete/wefwefwef/docs/other/aba4dc1b46c3c2f732e8e19b2a6ac7c2/std-tag-0.1.0/std/src/std_app.erl"
Generating Type Specs - "/home/pete/wefwefwef/docs/other/aba4dc1b46c3c2f732e8e19b2a6ac7c2/std-tag-0.1.0/std/src/std_cache.erl"
Generating Type Specs - "/home/pete/wefwefwef/docs/other/aba4dc1b46c3c2f732e8e19b2a6ac7c2/std-tag-0.1.0/std/src/std_cast.erl"
Generating Type Specs - "/home/pete/wefwefwef/docs/other/aba4dc1b46c3c2f732e8e19b2a6ac7c2/std-tag-0.1.0/std/src/std_fn.erl"
Generating Type Specs - "/home/pete/wefwefwef/docs/other/aba4dc1b46c3c2f732e8e19b2a6ac7c2/std-tag-0.1.0/std/src/std_pgsql.erl"
Generating Type Specs - "/home/pete/wefwefwef/docs/other/aba4dc1b46c3c2f732e8e19b2a6ac7c2/std-tag-0.1.0/std/src/std_sup.erl"
Generating XML for application std "/home/pete/wefwefwef/docs/other/aba4dc1b46c3c2f732e8e19b2a6ac7c2/std-tag-0.1.0/std" -> "/home/pete/wefwefwef/docs/other/aba4dc1b46c3c2f732e8e19b2a6ac7c2/repo/0.1.0/.xml/std"
Generated std XMLs: ["/home/pete/wefwefwef/docs/other/aba4dc1b46c3c2f732e8e19b2a6ac7c2/repo/0.1.0/.xml/std/std_cast.xml",
                     "/home/pete/wefwefwef/docs/other/aba4dc1b46c3c2f732e8e19b2a6ac7c2/repo/0.1.0/.xml/std/std_app.xml",
                     "/home/pete/wefwefwef/docs/other/aba4dc1b46c3c2f732e8e19b2a6ac7c2/repo/0.1.0/.xml/std/std_pgsql.xml",
                     "/home/pete/wefwefwef/docs/other/aba4dc1b46c3c2f732e8e19b2a6ac7c2/repo/0.1.0/.xml/std/std.xml",
                     "/home/pete/wefwefwef/docs/other/aba4dc1b46c3c2f732e8e19b2a6ac7c2/repo/0.1.0/.xml/std/std_sup.xml",
                     "/home/pete/wefwefwef/docs/other/aba4dc1b46c3c2f732e8e19b2a6ac7c2/repo/0.1.0/.xml/std/std_cache.xml",
                     "/home/pete/wefwefwef/docs/other/aba4dc1b46c3c2f732e8e19b2a6ac7c2/repo/0.1.0/.xml/std/std_fn.xml"]
Generating HTML - std_cast "/home/pete/wefwefwef/docs/other/aba4dc1b46c3c2f732e8e19b2a6ac7c2/repo/0.1.0/.xml/std/std_cast.xml"
Generating HTML - std_app "/home/pete/wefwefwef/docs/other/aba4dc1b46c3c2f732e8e19b2a6ac7c2/repo/0.1.0/.xml/std/std_app.xml"
Generating HTML - std_pgsql "/home/pete/wefwefwef/docs/other/aba4dc1b46c3c2f732e8e19b2a6ac7c2/repo/0.1.0/.xml/std/std_pgsql.xml"
Generating HTML - std_fn "/home/pete/wefwefwef/docs/other/aba4dc1b46c3c2f732e8e19b2a6ac7c2/repo/0.1.0/.xml/std/std_fn.xml"
Reading XML for "/home/pete/wefwefwef/docs/other/aba4dc1b46c3c2f732e8e19b2a6ac7c2/repo/0.1.0/.xml/std/std_cast.xml"
Reading XML for "/home/pete/wefwefwef/docs/other/aba4dc1b46c3c2f732e8e19b2a6ac7c2/repo/0.1.0/.xml/std/std_app.xml"
Reading XML for "/home/pete/wefwefwef/docs/other/aba4dc1b46c3c2f732e8e19b2a6ac7c2/repo/0.1.0/.xml/std/std_pgsql.xml"
Reading XML for "/home/pete/wefwefwef/docs/other/aba4dc1b46c3c2f732e8e19b2a6ac7c2/repo/0.1.0/.xml/std/std_fn.xml"
Reading XML for "/home/pete/wefwefwef/docs/other/aba4dc1b46c3c2f732e8e19b2a6ac7c2/repo/0.1.0/.xml/specs_std_cast.xml"
Reading XML for "/home/pete/wefwefwef/docs/other/aba4dc1b46c3c2f732e8e19b2a6ac7c2/repo/0.1.0/.xml/specs_std_pgsql.xml"
Reading XML for "/home/pete/wefwefwef/docs/other/aba4dc1b46c3c2f732e8e19b2a6ac7c2/repo/0.1.0/.xml/specs_std_app.xml"
Reading XML for "/home/pete/wefwefwef/docs/other/aba4dc1b46c3c2f732e8e19b2a6ac7c2/repo/0.1.0/.xml/specs_std_fn.xml"
Generating HTML - std_cache "/home/pete/wefwefwef/docs/other/aba4dc1b46c3c2f732e8e19b2a6ac7c2/repo/0.1.0/.xml/std/std_cache.xml"
Reading XML for "/home/pete/wefwefwef/docs/other/aba4dc1b46c3c2f732e8e19b2a6ac7c2/repo/0.1.0/.xml/std/std_cache.xml"
Reading XML for "/home/pete/wefwefwef/docs/other/aba4dc1b46c3c2f732e8e19b2a6ac7c2/repo/0.1.0/.xml/specs_std_cache.xml"
Generating HTML - std_sup "/home/pete/wefwefwef/docs/other/aba4dc1b46c3c2f732e8e19b2a6ac7c2/repo/0.1.0/.xml/std/std_sup.xml"
Reading XML for "/home/pete/wefwefwef/docs/other/aba4dc1b46c3c2f732e8e19b2a6ac7c2/repo/0.1.0/.xml/std/std_sup.xml"
Reading XML for "/home/pete/wefwefwef/docs/other/aba4dc1b46c3c2f732e8e19b2a6ac7c2/repo/0.1.0/.xml/specs_std_sup.xml"
Generating HTML - std "/home/pete/wefwefwef/docs/other/aba4dc1b46c3c2f732e8e19b2a6ac7c2/repo/0.1.0/.xml/std/std.xml"
Reading XML for "/home/pete/wefwefwef/docs/other/aba4dc1b46c3c2f732e8e19b2a6ac7c2/repo/0.1.0/.xml/std/std.xml"
Reading XML for "/home/pete/wefwefwef/docs/other/aba4dc1b46c3c2f732e8e19b2a6ac7c2/repo/0.1.0/.xml/specs_std.xml"
Creating index.html ...
Creating erldocs_index.js ...
Woot, finished in 0 Minutes 0 Seconds
 :: Discovering other repos
$ 5000  `rm -r '/home/pete/wefwefwef/docs/other/aba4dc1b46c3c2f732e8e19b2a6ac7c2/std-tag-0.1.0'  2>&1`
 :: Finishing up
$ 5000  `rm -r '/home/pete/wefwefwef/docs/other/aba4dc1b46c3c2f732e8e19b2a6ac7c2/std'  2>&1`
