 :: Extracting meta information
$ infinity  `git ls-remote --heads --tags 'https://github.com/jwilberding/graphclient'  2>&1`
>>> [repo] 1 branches, 0 tags
 :: Writing meta to "/home/pete/wefwefwef/docs/other/3ca1c6965eaa343109f7006fece21c6b/meta.txt"
 :: Processing https://github.com/jwilberding/graphclient	{rev,branch,"master","02f1307a3b6999151266a627c73728649a4ed948",undefined,[],[]}
 :: Fetching repo code
$ cd '/home/pete/wefwefwef/docs/other/3ca1c6965eaa343109f7006fece21c6b/graphclient-branch-master'
$ infinity  `curl --fail --silent --show-error --location --output repo.tar.gz 'https://codeload.github.com/jwilberding/graphclient/legacy.tar.gz/master'  2>&1`
$ cd '/home/pete/wefwefwef/docs/erldocs_other.git'
$ cd '/home/pete/wefwefwef/docs/other/3ca1c6965eaa343109f7006fece21c6b/graphclient-branch-master/jwilberding-GraphClient-02f1307'
$ 5000  `find -P . -type l -delete  2>&1`
$ cd '/home/pete/wefwefwef/docs/erldocs_other.git'
$ 5000  `mv '/home/pete/wefwefwef/docs/other/3ca1c6965eaa343109f7006fece21c6b/graphclient-branch-master/jwilberding-GraphClient-02f1307' '/home/pete/wefwefwef/docs/other/3ca1c6965eaa343109f7006fece21c6b/graphclient-branch-master/graphclient'  2>&1`
 :: Getting dependencies
$ cd '/home/pete/wefwefwef/docs/other/3ca1c6965eaa343109f7006fece21c6b/graphclient-branch-master/graphclient'
$ 5000  `ls -1 deps/  2>&1`
$ cd '/home/pete/wefwefwef/docs/erldocs_other.git'
>>> [rebar] deps = []
 :: Generating erldocs into /home/pete/wefwefwef/docs/other/3ca1c6965eaa343109f7006fece21c6b/repo/master
Building graphclient
Generating XML for application graphclient "/home/pete/wefwefwef/docs/other/3ca1c6965eaa343109f7006fece21c6b/graphclient-branch-master/graphclient" -> "/home/pete/wefwefwef/docs/other/3ca1c6965eaa343109f7006fece21c6b/repo/master/.xml/graphclient"
/home/pete/wefwefwef/docs/other/3ca1c6965eaa343109f7006fece21c6b/graphclient-branch-master/graphclient/lib/graph_client/src/calc.erl, function reload_data/1: at line 56: unknown error parsing specification: {56,edoc_parser,
                                      ["syntax error before: ",[]]}.
edoc: skipping source file '/home/pete/wefwefwef/docs/other/3ca1c6965eaa343109f7006fece21c6b/graphclient-branch-master/graphclient/lib/graph_client/src/calc.erl': {'EXIT',
                                                                                                                                                              error}.
edoc: error in doclet 'edoc_doclet': {'EXIT',error}.
Error generating graphclient XMLs. Using fallback ...
No documentation was generated!
Woot, finished in 0 Minutes 0 Seconds
 :: Discovering other repos
$ 5000  `rm -r '/home/pete/wefwefwef/docs/other/3ca1c6965eaa343109f7006fece21c6b/graphclient-branch-master'  2>&1`
 :: Finishing up
$ 5000  `rm -r '/home/pete/wefwefwef/docs/other/3ca1c6965eaa343109f7006fece21c6b/graphclient'  2>&1`
$ 5000  `rm -r '/home/pete/wefwefwef/docs/other/3ca1c6965eaa343109f7006fece21c6b/repo/master'  2>&1`
