 :: Extracting meta information
$ infinity  `git ls-remote --heads --tags 'https://github.com/fdmanana/snappy-erlang-nif'  2>&1`
>>> [repo] 2 branches, 0 tags
WTF {ok,{{"HTTP/1.1",200,"OK"},
         [{"cache-control","max-age=300"},
          {"connection","keep-alive"},
          {"date","Sat, 10 Oct 2015 17:53:11 GMT"},
          {"via","1.1 varnish"},
          {"accept-ranges","bytes"},
          {"etag","\"af4965faa57d81f2620e2a2c5cd0cdb2d59da98b\""},
          {"vary","Authorization,Accept-Encoding"},
          {"content-length","523"},
          {"content-type","text/plain; charset=utf-8"},
          {"expires","Sat, 10 Oct 2015 17:58:11 GMT"},
          {"content-security-policy","default-src 'none'"},
          {"x-xss-protection","1; mode=block"},
          {"x-frame-options","deny"},
          {"x-content-type-options","nosniff"},
          {"strict-transport-security","max-age=31536000"},
          {"x-served-by","cache-fra1240-FRA"},
          {"x-cache","MISS"},
          {"x-cache-hits","0"},
          {"access-control-allow-origin","*"},
          {"source-age","0"}],
         "{name,\"snappy-erlang-nif\"}.\n{target_path,\"github.com/fdmanana/snappy-erlang-nif\"}.\n{url,\"https://github.com/fdmanana/snappy-erlang-nif\"}.\n{vsn_format,2}.\n{vsn_pass,101}.\n{time_begin,{{2015,9,21},{16,41,1}}}.\n{method,git}.\n{count_tags,0}.\n{count_branches,2}.\n{revisions,[{rev,branch,\"async_compression\",\n                 \"5e716ad7b4f439360b11526a557a572f70e8563e\",false,[],[]},\n            {rev,branch,\"master\",\"ec2061113147af20916e9765ae9d63a18114825a\",\n                 false,[],[]}]}.\n{time_end,{{2015,9,21},{16,41,1}}}.\n"}}
 :: Writing meta to "/home/pete/wefwefwef/docs/other/70c181fbc9c4d846d4fd5cbe7bf0912b6a5f623d/meta.txt"
 :: Skipping branch "async_compression"
 :: Processing https://github.com/fdmanana/snappy-erlang-nif	{rev,branch,"master","76417d16a8d39e04d66114d8f8a3c75df19474f0",undefined,[],[]}
 :: Fetching repo code
$ cd '/home/pete/wefwefwef/docs/other/70c181fbc9c4d846d4fd5cbe7bf0912b6a5f623d/snappy-erlang-nif-branch-master'
$ infinity  `curl --fail --silent --show-error --location --output repo.tar.gz 'https://codeload.github.com/fdmanana/snappy-erlang-nif/tar.gz/master'  2>&1`
$ cd '/home/pete/wefwefwef/docs/erldocs_other.git'
$ cd '/home/pete/wefwefwef/docs/other/70c181fbc9c4d846d4fd5cbe7bf0912b6a5f623d/snappy-erlang-nif-branch-master/snappy-erlang-nif-master'
$ 5000  `find -P . -type l -delete  2>&1`
$ cd '/home/pete/wefwefwef/docs/erldocs_other.git'
$ 5000  `mv '/home/pete/wefwefwef/docs/other/70c181fbc9c4d846d4fd5cbe7bf0912b6a5f623d/snappy-erlang-nif-branch-master/snappy-erlang-nif-master' '/home/pete/wefwefwef/docs/other/70c181fbc9c4d846d4fd5cbe7bf0912b6a5f623d/snappy-erlang-nif-branch-master/snappy-erlang-nif'  2>&1`
 :: Getting dependencies
$ cd '/home/pete/wefwefwef/docs/other/70c181fbc9c4d846d4fd5cbe7bf0912b6a5f623d/snappy-erlang-nif-branch-master/snappy-erlang-nif'
$ 5000  `ls -1 deps/  2>&1`
$ cd '/home/pete/wefwefwef/docs/erldocs_other.git'
>>> [rebar] deps = []
 :: Generating erldocs into /home/pete/wefwefwef/docs/other/70c181fbc9c4d846d4fd5cbe7bf0912b6a5f623d/repo/master
Building snappy-erlang-nif
Generating Type Specs - "/home/pete/wefwefwef/docs/other/70c181fbc9c4d846d4fd5cbe7bf0912b6a5f623d/snappy-erlang-nif-branch-master/snappy-erlang-nif/src/snappy.erl"
Generating XML for application snappy-erlang-nif "/home/pete/wefwefwef/docs/other/70c181fbc9c4d846d4fd5cbe7bf0912b6a5f623d/snappy-erlang-nif-branch-master/snappy-erlang-nif" -> "/home/pete/wefwefwef/docs/other/70c181fbc9c4d846d4fd5cbe7bf0912b6a5f623d/repo/master/.xml/snappy-erlang-nif"
Generated snappy-erlang-nif XMLs: ["/home/pete/wefwefwef/docs/other/70c181fbc9c4d846d4fd5cbe7bf0912b6a5f623d/repo/master/.xml/snappy-erlang-nif/snappy.xml"]
Generating HTML - snappy "/home/pete/wefwefwef/docs/other/70c181fbc9c4d846d4fd5cbe7bf0912b6a5f623d/repo/master/.xml/snappy-erlang-nif/snappy.xml"
Reading XML for "/home/pete/wefwefwef/docs/other/70c181fbc9c4d846d4fd5cbe7bf0912b6a5f623d/repo/master/.xml/snappy-erlang-nif/snappy.xml"
Reading XML for "/home/pete/wefwefwef/docs/other/70c181fbc9c4d846d4fd5cbe7bf0912b6a5f623d/repo/master/.xml/specs_snappy.xml"
Creating index.html ...
Creating erldocs_index.js ...
Woot, finished in 0 Minutes 0 Seconds
 :: Discovering other repos
$ 5000  `rm -r '/home/pete/wefwefwef/docs/other/70c181fbc9c4d846d4fd5cbe7bf0912b6a5f623d/snappy-erlang-nif-branch-master'  2>&1`
 :: Finishing up
$ 5000  `rm -r '/home/pete/wefwefwef/docs/other/70c181fbc9c4d846d4fd5cbe7bf0912b6a5f623d/snappy-erlang-nif'  2>&1`
