 :: Extracting meta information
$ 5000  `git ls-remote --heads --tags 'https://github.com/cybergrind/procket'  2>&1`
>>> [repo] 3 branches, 0 tags
 :: Writing meta to "/home/pete/wefwefwef/docs/other/1541121434/meta.txt"
 :: Processing https://github.com/cybergrind/procket	{rev,branch,"R13B03","ca18d3f294eb71993cb254613e34a096c0797307",undefined,[],[]}
 :: Fetching repo code
$ cd "/home/pete/wefwefwef/docs/other/1541121434/procket-branch-R13B03/procket"
$ infinity  `curl --fail --silent --show-error --location --output 'R13B03.zip' 'https://github.com/cybergrind/procket/archive/R13B03.zip'  2>&1`
$ cd "/home/pete/wefwefwef/docs/erldocs_other.git"
$ cd "/home/pete/wefwefwef/docs/other/1541121434/procket-branch-R13B03/procket"
$ 5000  `find -P . -type l -delete  2>&1`
$ cd "/home/pete/wefwefwef/docs/erldocs_other.git"
$ cd "/home/pete/wefwefwef/docs/other/1541121434/procket-branch-R13B03/procket"
$ 5000  `find 'procket-R13B03' -mindepth 1 -maxdepth 1 -exec mv -t . -- {} +  2>&1`
$ cd "/home/pete/wefwefwef/docs/erldocs_other.git"
 :: Getting dependencies
$ cd "/home/pete/wefwefwef/docs/other/1541121434/procket-branch-R13B03/procket"
$ 5000  `ls -1 deps/  2>&1`
$ cd "/home/pete/wefwefwef/docs/erldocs_other.git"
>>> [rebar] deps = []
 :: Generating erldocs into /home/pete/wefwefwef/docs/other/1541121434/repo/R13B03
Building procket
Generating Type Specs - "/home/pete/wefwefwef/docs/other/1541121434/procket-branch-R13B03/procket/src/bpf.erl"
Generating Type Specs - "/home/pete/wefwefwef/docs/other/1541121434/procket-branch-R13B03/procket/src/packet.erl"
Generating Type Specs - "/home/pete/wefwefwef/docs/other/1541121434/procket-branch-R13B03/procket/src/procket.erl"
Generating Type Specs - "/home/pete/wefwefwef/docs/other/1541121434/procket-branch-R13B03/procket/src/procket_ioctl.erl"
Generating Type Specs - "/home/pete/wefwefwef/docs/other/1541121434/procket-branch-R13B03/procket/src/procket_mktmp.erl"
Generating XML for application procket "/home/pete/wefwefwef/docs/other/1541121434/procket-branch-R13B03/procket" -> "/home/pete/wefwefwef/docs/other/1541121434/repo/R13B03/.xml/procket"
Generated procket XMLs: ["/home/pete/wefwefwef/docs/other/1541121434/repo/R13B03/.xml/procket/bpf.xml",
                         "/home/pete/wefwefwef/docs/other/1541121434/repo/R13B03/.xml/procket/packet.xml",
                         "/home/pete/wefwefwef/docs/other/1541121434/repo/R13B03/.xml/procket/procket_mktmp.xml",
                         "/home/pete/wefwefwef/docs/other/1541121434/repo/R13B03/.xml/procket/procket.xml",
                         "/home/pete/wefwefwef/docs/other/1541121434/repo/R13B03/.xml/procket/procket_ioctl.xml"]
Generating HTML - bpf "/home/pete/wefwefwef/docs/other/1541121434/repo/R13B03/.xml/procket/bpf.xml"
Generating HTML - packet "/home/pete/wefwefwef/docs/other/1541121434/repo/R13B03/.xml/procket/packet.xml"
Generating HTML - procket_mktmp "/home/pete/wefwefwef/docs/other/1541121434/repo/R13B03/.xml/procket/procket_mktmp.xml"
Generating HTML - procket_ioctl "/home/pete/wefwefwef/docs/other/1541121434/repo/R13B03/.xml/procket/procket_ioctl.xml"
Reading XML for "/home/pete/wefwefwef/docs/other/1541121434/repo/R13B03/.xml/procket/bpf.xml"
Reading XML for "/home/pete/wefwefwef/docs/other/1541121434/repo/R13B03/.xml/procket/packet.xml"
Reading XML for "/home/pete/wefwefwef/docs/other/1541121434/repo/R13B03/.xml/procket/procket_mktmp.xml"
Reading XML for "/home/pete/wefwefwef/docs/other/1541121434/repo/R13B03/.xml/procket/procket_ioctl.xml"
Reading XML for "/home/pete/wefwefwef/docs/other/1541121434/repo/R13B03/.xml/specs_bpf.xml"
Reading XML for "/home/pete/wefwefwef/docs/other/1541121434/repo/R13B03/.xml/specs_procket_mktmp.xml"
Reading XML for "/home/pete/wefwefwef/docs/other/1541121434/repo/R13B03/.xml/specs_packet.xml"
Reading XML for "/home/pete/wefwefwef/docs/other/1541121434/repo/R13B03/.xml/specs_procket_ioctl.xml"
Generating HTML - procket "/home/pete/wefwefwef/docs/other/1541121434/repo/R13B03/.xml/procket/procket.xml"
Reading XML for "/home/pete/wefwefwef/docs/other/1541121434/repo/R13B03/.xml/procket/procket.xml"
Reading XML for "/home/pete/wefwefwef/docs/other/1541121434/repo/R13B03/.xml/specs_procket.xml"
Creating index.html ...
Creating erldocs_index.js ...
Woot, finished in 0 Minutes 0 Seconds
 :: Discovering other repos
$ 5000  `rm -r '/home/pete/wefwefwef/docs/other/1541121434/procket-branch-R13B03'  2>&1`
 :: Processing https://github.com/cybergrind/procket	{rev,branch,"R13B04","e7375d3b21735f0b861e25e499e6a32da576d5c4",undefined,[],[]}
 :: Fetching repo code
$ cd "/home/pete/wefwefwef/docs/other/1541121434/procket-branch-R13B04/procket"
$ infinity  `curl --fail --silent --show-error --location --output 'R13B04.zip' 'https://github.com/cybergrind/procket/archive/R13B04.zip'  2>&1`
$ cd "/home/pete/wefwefwef/docs/erldocs_other.git"
$ cd "/home/pete/wefwefwef/docs/other/1541121434/procket-branch-R13B04/procket"
$ 5000  `find -P . -type l -delete  2>&1`
$ cd "/home/pete/wefwefwef/docs/erldocs_other.git"
$ cd "/home/pete/wefwefwef/docs/other/1541121434/procket-branch-R13B04/procket"
$ 5000  `find 'procket-R13B04' -mindepth 1 -maxdepth 1 -exec mv -t . -- {} +  2>&1`
$ cd "/home/pete/wefwefwef/docs/erldocs_other.git"
 :: Getting dependencies
 :: Generating erldocs into /home/pete/wefwefwef/docs/other/1541121434/repo/R13B04
Building procket
Generating Type Specs - "/home/pete/wefwefwef/docs/other/1541121434/procket-branch-R13B04/procket/src/echo.erl"
Generating Type Specs - "/home/pete/wefwefwef/docs/other/1541121434/procket-branch-R13B04/procket/src/icmp.erl"
Generating Type Specs - "/home/pete/wefwefwef/docs/other/1541121434/procket-branch-R13B04/procket/src/mktmp.erl"
Generating Type Specs - "/home/pete/wefwefwef/docs/other/1541121434/procket-branch-R13B04/procket/src/procket.erl"
Generating XML for application procket "/home/pete/wefwefwef/docs/other/1541121434/procket-branch-R13B04/procket" -> "/home/pete/wefwefwef/docs/other/1541121434/repo/R13B04/.xml/procket"
Generated procket XMLs: ["/home/pete/wefwefwef/docs/other/1541121434/repo/R13B04/.xml/procket/icmp.xml",
                         "/home/pete/wefwefwef/docs/other/1541121434/repo/R13B04/.xml/procket/echo.xml",
                         "/home/pete/wefwefwef/docs/other/1541121434/repo/R13B04/.xml/procket/mktmp.xml",
                         "/home/pete/wefwefwef/docs/other/1541121434/repo/R13B04/.xml/procket/procket.xml"]
Generating HTML - icmp "/home/pete/wefwefwef/docs/other/1541121434/repo/R13B04/.xml/procket/icmp.xml"
Generating HTML - echo "/home/pete/wefwefwef/docs/other/1541121434/repo/R13B04/.xml/procket/echo.xml"
Generating HTML - mktmp "/home/pete/wefwefwef/docs/other/1541121434/repo/R13B04/.xml/procket/mktmp.xml"
Generating HTML - procket "/home/pete/wefwefwef/docs/other/1541121434/repo/R13B04/.xml/procket/procket.xml"
Reading XML for "/home/pete/wefwefwef/docs/other/1541121434/repo/R13B04/.xml/procket/icmp.xml"
Reading XML for "/home/pete/wefwefwef/docs/other/1541121434/repo/R13B04/.xml/procket/echo.xml"
Reading XML for "/home/pete/wefwefwef/docs/other/1541121434/repo/R13B04/.xml/procket/mktmp.xml"
Reading XML for "/home/pete/wefwefwef/docs/other/1541121434/repo/R13B04/.xml/procket/procket.xml"
Reading XML for "/home/pete/wefwefwef/docs/other/1541121434/repo/R13B04/.xml/specs_echo.xml"
Reading XML for "/home/pete/wefwefwef/docs/other/1541121434/repo/R13B04/.xml/specs_icmp.xml"
Reading XML for "/home/pete/wefwefwef/docs/other/1541121434/repo/R13B04/.xml/specs_procket.xml"
Reading XML for "/home/pete/wefwefwef/docs/other/1541121434/repo/R13B04/.xml/specs_mktmp.xml"
Creating index.html ...
Creating erldocs_index.js ...
Woot, finished in 0 Minutes 0 Seconds
 :: Discovering other repos
$ 5000  `rm -r '/home/pete/wefwefwef/docs/other/1541121434/procket-branch-R13B04'  2>&1`
 :: Processing https://github.com/cybergrind/procket	{rev,branch,"master","f50fec77c9a943e75626c47c4053caee930b8230",undefined,[],[]}
 :: Fetching repo code
$ cd "/home/pete/wefwefwef/docs/other/1541121434/procket-branch-master/procket"
$ infinity  `curl --fail --silent --show-error --location --output 'master.zip' 'https://github.com/cybergrind/procket/archive/master.zip'  2>&1`
$ cd "/home/pete/wefwefwef/docs/erldocs_other.git"
$ cd "/home/pete/wefwefwef/docs/other/1541121434/procket-branch-master/procket"
$ 5000  `find -P . -type l -delete  2>&1`
$ cd "/home/pete/wefwefwef/docs/erldocs_other.git"
$ cd "/home/pete/wefwefwef/docs/other/1541121434/procket-branch-master/procket"
$ 5000  `find 'procket-master' -mindepth 1 -maxdepth 1 -exec mv -t . -- {} +  2>&1`
$ cd "/home/pete/wefwefwef/docs/erldocs_other.git"
 :: Getting dependencies
$ cd "/home/pete/wefwefwef/docs/other/1541121434/procket-branch-master/procket"
$ 5000  `ls -1 deps/  2>&1`
$ cd "/home/pete/wefwefwef/docs/erldocs_other.git"
>>> [rebar] deps = []
 :: Generating erldocs into /home/pete/wefwefwef/docs/other/1541121434/repo/master
Building procket
Generating Type Specs - "/home/pete/wefwefwef/docs/other/1541121434/procket-branch-master/procket/src/bpf.erl"
Generating Type Specs - "/home/pete/wefwefwef/docs/other/1541121434/procket-branch-master/procket/src/packet.erl"
Generating Type Specs - "/home/pete/wefwefwef/docs/other/1541121434/procket-branch-master/procket/src/procket.erl"
Generating Type Specs - "/home/pete/wefwefwef/docs/other/1541121434/procket-branch-master/procket/src/procket_ioctl.erl"
Generating Type Specs - "/home/pete/wefwefwef/docs/other/1541121434/procket-branch-master/procket/src/procket_mktmp.erl"
Generating Type Specs - "/home/pete/wefwefwef/docs/other/1541121434/procket-branch-master/procket/src/procket_msg.erl"
Generating XML for application procket "/home/pete/wefwefwef/docs/other/1541121434/procket-branch-master/procket" -> "/home/pete/wefwefwef/docs/other/1541121434/repo/master/.xml/procket"
Generated procket XMLs: ["/home/pete/wefwefwef/docs/other/1541121434/repo/master/.xml/procket/bpf.xml",
                         "/home/pete/wefwefwef/docs/other/1541121434/repo/master/.xml/procket/packet.xml",
                         "/home/pete/wefwefwef/docs/other/1541121434/repo/master/.xml/procket/procket_mktmp.xml",
                         "/home/pete/wefwefwef/docs/other/1541121434/repo/master/.xml/procket/procket_msg.xml",
                         "/home/pete/wefwefwef/docs/other/1541121434/repo/master/.xml/procket/procket.xml",
                         "/home/pete/wefwefwef/docs/other/1541121434/repo/master/.xml/procket/procket_ioctl.xml"]
Generating HTML - bpf "/home/pete/wefwefwef/docs/other/1541121434/repo/master/.xml/procket/bpf.xml"
Generating HTML - packet "/home/pete/wefwefwef/docs/other/1541121434/repo/master/.xml/procket/packet.xml"
Generating HTML - procket_mktmp "/home/pete/wefwefwef/docs/other/1541121434/repo/master/.xml/procket/procket_mktmp.xml"
Generating HTML - procket_ioctl "/home/pete/wefwefwef/docs/other/1541121434/repo/master/.xml/procket/procket_ioctl.xml"
Reading XML for "/home/pete/wefwefwef/docs/other/1541121434/repo/master/.xml/procket/bpf.xml"
Reading XML for "/home/pete/wefwefwef/docs/other/1541121434/repo/master/.xml/procket/packet.xml"
Reading XML for "/home/pete/wefwefwef/docs/other/1541121434/repo/master/.xml/procket/procket_mktmp.xml"
Reading XML for "/home/pete/wefwefwef/docs/other/1541121434/repo/master/.xml/procket/procket_ioctl.xml"
Reading XML for "/home/pete/wefwefwef/docs/other/1541121434/repo/master/.xml/specs_procket_mktmp.xml"
Reading XML for "/home/pete/wefwefwef/docs/other/1541121434/repo/master/.xml/specs_packet.xml"
Reading XML for "/home/pete/wefwefwef/docs/other/1541121434/repo/master/.xml/specs_bpf.xml"
Reading XML for "/home/pete/wefwefwef/docs/other/1541121434/repo/master/.xml/specs_procket_ioctl.xml"
Generating HTML - procket "/home/pete/wefwefwef/docs/other/1541121434/repo/master/.xml/procket/procket.xml"
Reading XML for "/home/pete/wefwefwef/docs/other/1541121434/repo/master/.xml/procket/procket.xml"
Reading XML for "/home/pete/wefwefwef/docs/other/1541121434/repo/master/.xml/specs_procket.xml"
Generating HTML - procket_msg "/home/pete/wefwefwef/docs/other/1541121434/repo/master/.xml/procket/procket_msg.xml"
Reading XML for "/home/pete/wefwefwef/docs/other/1541121434/repo/master/.xml/procket/procket_msg.xml"
Reading XML for "/home/pete/wefwefwef/docs/other/1541121434/repo/master/.xml/specs_procket_msg.xml"
Creating index.html ...
Creating erldocs_index.js ...
Woot, finished in 0 Minutes 0 Seconds
 :: Discovering other repos
$ 5000  `rm -r '/home/pete/wefwefwef/docs/other/1541121434/procket-branch-master'  2>&1`
 :: Finishing up
$ 5000  `rm -r '/home/pete/wefwefwef/docs/other/1541121434/procket'  2>&1`
