 :: Extracting meta information
$ 5000  `git ls-remote --heads --tags 'https://github.com/arkdro/stat'  2>&1`
>>> [repo] 1 branches, 1 tags
 :: Writing meta to "/home/pete/wefwefwef/docs/other/5614847644/meta.txt"
 :: Processing https://github.com/arkdro/stat	{rev,tag,"0.0.4","17331d7ad324bf322c13e77a8092df7ac4f27b68"}
 :: Fetching repo code
$ cd "/home/pete/wefwefwef/docs/other/5614847644/stat-tag-0.0.4/stat"
$ infinity  `curl --fail --silent --show-error --location --output '0.0.4.zip' 'https://github.com/arkdro/stat/archive/0.0.4.zip'  2>&1`
$ cd "/home/pete/wefwefwef/docs/erldocs_other.git"
$ cd "/home/pete/wefwefwef/docs/other/5614847644/stat-tag-0.0.4/stat"
$ 5000  `find -P . -type l -delete  2>&1`
$ cd "/home/pete/wefwefwef/docs/erldocs_other.git"
$ cd "/home/pete/wefwefwef/docs/other/5614847644/stat-tag-0.0.4/stat"
$ 5000  `find 'stat-0.0.4' -mindepth 1 -maxdepth 1 -exec mv -t . -- {} +  2>&1`
$ cd "/home/pete/wefwefwef/docs/erldocs_other.git"
 :: Getting dependencies
$ cd "/home/pete/wefwefwef/docs/other/5614847644/stat-tag-0.0.4/stat"
$ 5000  `ls -1 deps/  2>&1`
$ cd "/home/pete/wefwefwef/docs/erldocs_other.git"
>>> [rebar] deps = []
 :: Generating erldocs into /home/pete/wefwefwef/docs/other/5614847644/repo/0.0.4
Building stat
Generating Type Specs - "/home/pete/wefwefwef/docs/other/5614847644/stat-tag-0.0.4/stat/src/spastat.erl"
Generating Type Specs - "/home/pete/wefwefwef/docs/other/5614847644/stat-tag-0.0.4/stat/src/spastat_app.erl"
Generating Type Specs - "/home/pete/wefwefwef/docs/other/5614847644/stat-tag-0.0.4/stat/src/spastat_flush_util.erl"
Generating Type Specs - "/home/pete/wefwefwef/docs/other/5614847644/stat-tag-0.0.4/stat/src/spastat_flusher.erl"
Generating Type Specs - "/home/pete/wefwefwef/docs/other/5614847644/stat-tag-0.0.4/stat/src/spastat_srv.erl"
Generating Type Specs - "/home/pete/wefwefwef/docs/other/5614847644/stat-tag-0.0.4/stat/src/spastat_sup.erl"
Generating XML for application stat "/home/pete/wefwefwef/docs/other/5614847644/stat-tag-0.0.4/stat" -> "/home/pete/wefwefwef/docs/other/5614847644/repo/0.0.4/.xml/stat"
Generated stat XMLs: ["/home/pete/wefwefwef/docs/other/5614847644/repo/0.0.4/.xml/stat/spastat_flusher.xml",
                      "/home/pete/wefwefwef/docs/other/5614847644/repo/0.0.4/.xml/stat/spastat_sup.xml",
                      "/home/pete/wefwefwef/docs/other/5614847644/repo/0.0.4/.xml/stat/spastat_srv.xml",
                      "/home/pete/wefwefwef/docs/other/5614847644/repo/0.0.4/.xml/stat/spastat_flush_util.xml",
                      "/home/pete/wefwefwef/docs/other/5614847644/repo/0.0.4/.xml/stat/spastat_app.xml",
                      "/home/pete/wefwefwef/docs/other/5614847644/repo/0.0.4/.xml/stat/spastat.xml"]
Generating HTML - spastat_flusher "/home/pete/wefwefwef/docs/other/5614847644/repo/0.0.4/.xml/stat/spastat_flusher.xml"
Generating HTML - spastat_sup "/home/pete/wefwefwef/docs/other/5614847644/repo/0.0.4/.xml/stat/spastat_sup.xml"
Generating HTML - spastat_srv "/home/pete/wefwefwef/docs/other/5614847644/repo/0.0.4/.xml/stat/spastat_srv.xml"
Generating HTML - spastat "/home/pete/wefwefwef/docs/other/5614847644/repo/0.0.4/.xml/stat/spastat.xml"
Reading XML for "/home/pete/wefwefwef/docs/other/5614847644/repo/0.0.4/.xml/stat/spastat_flusher.xml"
Reading XML for "/home/pete/wefwefwef/docs/other/5614847644/repo/0.0.4/.xml/stat/spastat_sup.xml"
Reading XML for "/home/pete/wefwefwef/docs/other/5614847644/repo/0.0.4/.xml/stat/spastat_srv.xml"
Reading XML for "/home/pete/wefwefwef/docs/other/5614847644/repo/0.0.4/.xml/stat/spastat.xml"
Reading XML for "/home/pete/wefwefwef/docs/other/5614847644/repo/0.0.4/.xml/specs_spastat_flusher.xml"
Reading XML for "/home/pete/wefwefwef/docs/other/5614847644/repo/0.0.4/.xml/specs_spastat_sup.xml"
Reading XML for "/home/pete/wefwefwef/docs/other/5614847644/repo/0.0.4/.xml/specs_spastat_srv.xml"
Reading XML for "/home/pete/wefwefwef/docs/other/5614847644/repo/0.0.4/.xml/specs_spastat.xml"
Generating HTML - spastat_app "/home/pete/wefwefwef/docs/other/5614847644/repo/0.0.4/.xml/stat/spastat_app.xml"
Reading XML for "/home/pete/wefwefwef/docs/other/5614847644/repo/0.0.4/.xml/stat/spastat_app.xml"
Reading XML for "/home/pete/wefwefwef/docs/other/5614847644/repo/0.0.4/.xml/specs_spastat_app.xml"
Generating HTML - spastat_flush_util "/home/pete/wefwefwef/docs/other/5614847644/repo/0.0.4/.xml/stat/spastat_flush_util.xml"
Reading XML for "/home/pete/wefwefwef/docs/other/5614847644/repo/0.0.4/.xml/stat/spastat_flush_util.xml"
Reading XML for "/home/pete/wefwefwef/docs/other/5614847644/repo/0.0.4/.xml/specs_spastat_flush_util.xml"
Creating index.html ...
Creating erldocs_index.js ...
Woot, finished in 0 Minutes 0 Seconds
 :: Discovering other repos
$ 5000  `rm -r '/home/pete/wefwefwef/docs/other/5614847644/stat-tag-0.0.4'  2>&1`
 :: Processing https://github.com/arkdro/stat	{rev,branch,"master","17331d7ad324bf322c13e77a8092df7ac4f27b68"}
 :: Fetching repo code
$ cd "/home/pete/wefwefwef/docs/other/5614847644/stat-branch-master/stat"
$ infinity  `curl --fail --silent --show-error --location --output 'master.zip' 'https://github.com/arkdro/stat/archive/master.zip'  2>&1`
$ cd "/home/pete/wefwefwef/docs/erldocs_other.git"
$ cd "/home/pete/wefwefwef/docs/other/5614847644/stat-branch-master/stat"
$ 5000  `find -P . -type l -delete  2>&1`
$ cd "/home/pete/wefwefwef/docs/erldocs_other.git"
$ cd "/home/pete/wefwefwef/docs/other/5614847644/stat-branch-master/stat"
$ 5000  `find 'stat-master' -mindepth 1 -maxdepth 1 -exec mv -t . -- {} +  2>&1`
$ cd "/home/pete/wefwefwef/docs/erldocs_other.git"
 :: Getting dependencies
$ cd "/home/pete/wefwefwef/docs/other/5614847644/stat-branch-master/stat"
$ 5000  `ls -1 deps/  2>&1`
$ cd "/home/pete/wefwefwef/docs/erldocs_other.git"
>>> [rebar] deps = []
 :: Generating erldocs into /home/pete/wefwefwef/docs/other/5614847644/repo/master
Building stat
Generating Type Specs - "/home/pete/wefwefwef/docs/other/5614847644/stat-branch-master/stat/src/spastat.erl"
Generating Type Specs - "/home/pete/wefwefwef/docs/other/5614847644/stat-branch-master/stat/src/spastat_app.erl"
Generating Type Specs - "/home/pete/wefwefwef/docs/other/5614847644/stat-branch-master/stat/src/spastat_flush_util.erl"
Generating Type Specs - "/home/pete/wefwefwef/docs/other/5614847644/stat-branch-master/stat/src/spastat_flusher.erl"
Generating Type Specs - "/home/pete/wefwefwef/docs/other/5614847644/stat-branch-master/stat/src/spastat_srv.erl"
Generating Type Specs - "/home/pete/wefwefwef/docs/other/5614847644/stat-branch-master/stat/src/spastat_sup.erl"
Generating XML for application stat "/home/pete/wefwefwef/docs/other/5614847644/stat-branch-master/stat" -> "/home/pete/wefwefwef/docs/other/5614847644/repo/master/.xml/stat"
Generated stat XMLs: ["/home/pete/wefwefwef/docs/other/5614847644/repo/master/.xml/stat/spastat_flusher.xml",
                      "/home/pete/wefwefwef/docs/other/5614847644/repo/master/.xml/stat/spastat_sup.xml",
                      "/home/pete/wefwefwef/docs/other/5614847644/repo/master/.xml/stat/spastat_srv.xml",
                      "/home/pete/wefwefwef/docs/other/5614847644/repo/master/.xml/stat/spastat_flush_util.xml",
                      "/home/pete/wefwefwef/docs/other/5614847644/repo/master/.xml/stat/spastat_app.xml",
                      "/home/pete/wefwefwef/docs/other/5614847644/repo/master/.xml/stat/spastat.xml"]
Generating HTML - spastat_flusher "/home/pete/wefwefwef/docs/other/5614847644/repo/master/.xml/stat/spastat_flusher.xml"
Generating HTML - spastat_sup "/home/pete/wefwefwef/docs/other/5614847644/repo/master/.xml/stat/spastat_sup.xml"
Generating HTML - spastat_srv "/home/pete/wefwefwef/docs/other/5614847644/repo/master/.xml/stat/spastat_srv.xml"
Generating HTML - spastat "/home/pete/wefwefwef/docs/other/5614847644/repo/master/.xml/stat/spastat.xml"
Reading XML for "/home/pete/wefwefwef/docs/other/5614847644/repo/master/.xml/stat/spastat_flusher.xml"
Reading XML for "/home/pete/wefwefwef/docs/other/5614847644/repo/master/.xml/stat/spastat_sup.xml"
Reading XML for "/home/pete/wefwefwef/docs/other/5614847644/repo/master/.xml/stat/spastat_srv.xml"
Reading XML for "/home/pete/wefwefwef/docs/other/5614847644/repo/master/.xml/stat/spastat.xml"
Reading XML for "/home/pete/wefwefwef/docs/other/5614847644/repo/master/.xml/specs_spastat_flusher.xml"
Reading XML for "/home/pete/wefwefwef/docs/other/5614847644/repo/master/.xml/specs_spastat_sup.xml"
Reading XML for "/home/pete/wefwefwef/docs/other/5614847644/repo/master/.xml/specs_spastat.xml"
Reading XML for "/home/pete/wefwefwef/docs/other/5614847644/repo/master/.xml/specs_spastat_srv.xml"
Generating HTML - spastat_app "/home/pete/wefwefwef/docs/other/5614847644/repo/master/.xml/stat/spastat_app.xml"
Reading XML for "/home/pete/wefwefwef/docs/other/5614847644/repo/master/.xml/stat/spastat_app.xml"
Reading XML for "/home/pete/wefwefwef/docs/other/5614847644/repo/master/.xml/specs_spastat_app.xml"
Generating HTML - spastat_flush_util "/home/pete/wefwefwef/docs/other/5614847644/repo/master/.xml/stat/spastat_flush_util.xml"
Reading XML for "/home/pete/wefwefwef/docs/other/5614847644/repo/master/.xml/stat/spastat_flush_util.xml"
Reading XML for "/home/pete/wefwefwef/docs/other/5614847644/repo/master/.xml/specs_spastat_flush_util.xml"
Creating index.html ...
Creating erldocs_index.js ...
Woot, finished in 0 Minutes 0 Seconds
 :: Discovering other repos
$ 5000  `rm -r '/home/pete/wefwefwef/docs/other/5614847644/stat-branch-master'  2>&1`
 :: Erldocs finishing up
$ 5000  `rm -r '/home/pete/wefwefwef/docs/other/5614847644/stat'  2>&1`
