 :: Extracting meta information
$ 5000  `git ls-remote --heads --tags 'https://github.com/jlouis/bench-map'  2>&1`
>>> [repo] 1 branches, 0 tags
 :: Writing meta to "/home/pete/wefwefwef/docs/other/9880349586/meta.txt"
 :: Processing https://github.com/jlouis/bench-map	{rev,branch,"master","7866d8f91ac401522a97d908aeed16f1064fbe7f"}
 :: Fetching repo code
$ cd "/home/pete/wefwefwef/docs/other/9880349586/bench-map-branch-master/bench-map"
$ infinity  `curl --fail --silent --show-error --location --output 'master.zip' 'https://github.com/jlouis/bench-map/archive/master.zip'  2>&1`
$ cd "/home/pete/wefwefwef/docs/erldocs_other.git"
$ cd "/home/pete/wefwefwef/docs/other/9880349586/bench-map-branch-master/bench-map"
$ 5000  `find -P . -type l -delete  2>&1`
$ cd "/home/pete/wefwefwef/docs/erldocs_other.git"
$ cd "/home/pete/wefwefwef/docs/other/9880349586/bench-map-branch-master/bench-map"
$ 5000  `find 'bench-map-master' -mindepth 1 -maxdepth 1 -exec mv -t . -- {} +  2>&1`
$ cd "/home/pete/wefwefwef/docs/erldocs_other.git"
 :: Getting dependencies
$ cd "/home/pete/wefwefwef/docs/other/9880349586/bench-map-branch-master/bench-map"
$ 5000  `ls -1 deps/  2>&1`
$ cd "/home/pete/wefwefwef/docs/erldocs_other.git"
>>> [rebar] deps = []
 :: Generating erldocs into /home/pete/wefwefwef/docs/other/9880349586/repo/master
Building bench-map
Generating Type Specs - "/home/pete/wefwefwef/docs/other/9880349586/bench-map-branch-master/bench-map/src/bench_map.erl"
Generating Type Specs - "/home/pete/wefwefwef/docs/other/9880349586/bench-map-branch-master/bench-map/src/h_rb_set.erl"
Generating Type Specs - "/home/pete/wefwefwef/docs/other/9880349586/bench-map-branch-master/bench-map/src/hamt.erl"
Generating Type Specs - "/home/pete/wefwefwef/docs/other/9880349586/bench-map-branch-master/bench-map/src/myapp_app.erl"
Generating Type Specs - "/home/pete/wefwefwef/docs/other/9880349586/bench-map-branch-master/bench-map/src/myapp_sup.erl"
Generating Type Specs - "/home/pete/wefwefwef/docs/other/9880349586/bench-map-branch-master/bench-map/src/patricia.erl"
Generating Type Specs - "/home/pete/wefwefwef/docs/other/9880349586/bench-map-branch-master/bench-map/src/rbdict.erl"
Generating Type Specs - "/home/pete/wefwefwef/docs/other/9880349586/bench-map-branch-master/bench-map/src/rbdict1.erl"
Generating Type Specs - "/home/pete/wefwefwef/docs/other/9880349586/bench-map-branch-master/bench-map/src/rbsets.erl"
Generating XML for application bench-map "/home/pete/wefwefwef/docs/other/9880349586/bench-map-branch-master/bench-map" -> "/home/pete/wefwefwef/docs/other/9880349586/repo/master/.xml/bench-map"
Generated bench-map XMLs: ["/home/pete/wefwefwef/docs/other/9880349586/repo/master/.xml/bench-map/bench_map.xml",
                           "/home/pete/wefwefwef/docs/other/9880349586/repo/master/.xml/bench-map/hamt.xml",
                           "/home/pete/wefwefwef/docs/other/9880349586/repo/master/.xml/bench-map/h_rb_set.xml",
                           "/home/pete/wefwefwef/docs/other/9880349586/repo/master/.xml/bench-map/rbdict.xml",
                           "/home/pete/wefwefwef/docs/other/9880349586/repo/master/.xml/bench-map/rbsets.xml",
                           "/home/pete/wefwefwef/docs/other/9880349586/repo/master/.xml/bench-map/rbdict1.xml",
                           "/home/pete/wefwefwef/docs/other/9880349586/repo/master/.xml/bench-map/myapp_app.xml",
                           "/home/pete/wefwefwef/docs/other/9880349586/repo/master/.xml/bench-map/myapp_sup.xml",
                           "/home/pete/wefwefwef/docs/other/9880349586/repo/master/.xml/bench-map/patricia.xml"]
Generating HTML - hamt "/home/pete/wefwefwef/docs/other/9880349586/repo/master/.xml/bench-map/hamt.xml"
Generating HTML - rbdict "/home/pete/wefwefwef/docs/other/9880349586/repo/master/.xml/bench-map/rbdict.xml"
Generating HTML - rbdict1 "/home/pete/wefwefwef/docs/other/9880349586/repo/master/.xml/bench-map/rbdict1.xml"
Generating HTML - patricia "/home/pete/wefwefwef/docs/other/9880349586/repo/master/.xml/bench-map/patricia.xml"
Reading XML for "/home/pete/wefwefwef/docs/other/9880349586/repo/master/.xml/bench-map/hamt.xml"
Reading XML for "/home/pete/wefwefwef/docs/other/9880349586/repo/master/.xml/bench-map/rbdict.xml"
Reading XML for "/home/pete/wefwefwef/docs/other/9880349586/repo/master/.xml/bench-map/rbdict1.xml"
Reading XML for "/home/pete/wefwefwef/docs/other/9880349586/repo/master/.xml/bench-map/patricia.xml"
Reading XML for "/home/pete/wefwefwef/docs/other/9880349586/repo/master/.xml/specs_hamt.xml"
Reading XML for "/home/pete/wefwefwef/docs/other/9880349586/repo/master/.xml/specs_rbdict.xml"
Reading XML for "/home/pete/wefwefwef/docs/other/9880349586/repo/master/.xml/specs_patricia.xml"
Generating HTML - bench_map "/home/pete/wefwefwef/docs/other/9880349586/repo/master/.xml/bench-map/bench_map.xml"
Reading XML for "/home/pete/wefwefwef/docs/other/9880349586/repo/master/.xml/bench-map/bench_map.xml"
Reading XML for "/home/pete/wefwefwef/docs/other/9880349586/repo/master/.xml/specs_rbdict1.xml"
Generating HTML - myapp_sup "/home/pete/wefwefwef/docs/other/9880349586/repo/master/.xml/bench-map/myapp_sup.xml"
Reading XML for "/home/pete/wefwefwef/docs/other/9880349586/repo/master/.xml/bench-map/myapp_sup.xml"
Generating HTML - h_rb_set "/home/pete/wefwefwef/docs/other/9880349586/repo/master/.xml/bench-map/h_rb_set.xml"
Reading XML for "/home/pete/wefwefwef/docs/other/9880349586/repo/master/.xml/bench-map/h_rb_set.xml"
Generating HTML - rbsets "/home/pete/wefwefwef/docs/other/9880349586/repo/master/.xml/bench-map/rbsets.xml"
Reading XML for "/home/pete/wefwefwef/docs/other/9880349586/repo/master/.xml/bench-map/rbsets.xml"
Reading XML for "/home/pete/wefwefwef/docs/other/9880349586/repo/master/.xml/specs_bench_map.xml"
Reading XML for "/home/pete/wefwefwef/docs/other/9880349586/repo/master/.xml/specs_myapp_sup.xml"
Generating HTML - myapp_app "/home/pete/wefwefwef/docs/other/9880349586/repo/master/.xml/bench-map/myapp_app.xml"
Reading XML for "/home/pete/wefwefwef/docs/other/9880349586/repo/master/.xml/bench-map/myapp_app.xml"
Reading XML for "/home/pete/wefwefwef/docs/other/9880349586/repo/master/.xml/specs_h_rb_set.xml"
Reading XML for "/home/pete/wefwefwef/docs/other/9880349586/repo/master/.xml/specs_rbsets.xml"
Reading XML for "/home/pete/wefwefwef/docs/other/9880349586/repo/master/.xml/specs_myapp_app.xml"
Creating index.html ...
Creating erldocs_index.js ...
Woot, finished in 0 Minutes 0 Seconds
 :: Discovering other repos
$ 5000  `rm -r '/home/pete/wefwefwef/docs/other/9880349586/bench-map-branch-master'  2>&1`
 :: Erldocs finishing up
$ 5000  `rm -r '/home/pete/wefwefwef/docs/other/9880349586/bench-map'  2>&1`
