 :: Extracting meta information
$ 5000  `git ls-remote --heads --tags 'https://github.com/origamicall/relconfig'  2>&1`
>>> [repo] 1 branches, 0 tags
 :: Writing meta to "/home/pete/wefwefwef/docs/other/1129380544/meta.txt"
 :: Processing https://github.com/origamicall/relconfig	{rev,branch,"master","d7d51658ced4e06ed53a87135a52c97921372512"}
 :: Fetching repo code
$ cd "/home/pete/wefwefwef/docs/other/1129380544/relconfig-branch-master/relconfig"
$ infinity  `curl --fail --silent --show-error --location --output 'master.zip' 'https://github.com/origamicall/relconfig/archive/master.zip'  2>&1`
$ cd "/home/pete/wefwefwef/docs/erldocs_other.git"
$ cd "/home/pete/wefwefwef/docs/other/1129380544/relconfig-branch-master/relconfig"
$ 5000  `find -P . -type l -delete  2>&1`
$ cd "/home/pete/wefwefwef/docs/erldocs_other.git"
$ cd "/home/pete/wefwefwef/docs/other/1129380544/relconfig-branch-master/relconfig"
$ 5000  `find 'relconfig-master' -mindepth 1 -maxdepth 1 -exec mv -t . -- {} +  2>&1`
$ cd "/home/pete/wefwefwef/docs/erldocs_other.git"
 :: Getting dependencies
$ cd "/home/pete/wefwefwef/docs/other/1129380544/relconfig-branch-master/relconfig"
$ 5000  `ls -1 deps/  2>&1`
$ cd "/home/pete/wefwefwef/docs/erldocs_other.git"
>>> [rebar] deps = []
 :: Generating erldocs into /home/pete/wefwefwef/docs/other/1129380544/repo/master
Building relconfig
Generating Type Specs - "/home/pete/wefwefwef/docs/other/1129380544/relconfig-branch-master/relconfig/src/config_server.erl"
Generating Type Specs - "/home/pete/wefwefwef/docs/other/1129380544/relconfig-branch-master/relconfig/src/relconfig_app.erl"
Generating Type Specs - "/home/pete/wefwefwef/docs/other/1129380544/relconfig-branch-master/relconfig/src/relconfig_sup.erl"
Generating XML for application relconfig "/home/pete/wefwefwef/docs/other/1129380544/relconfig-branch-master/relconfig" -> "/home/pete/wefwefwef/docs/other/1129380544/repo/master/.xml/relconfig"
/home/pete/wefwefwef/docs/other/1129380544/relconfig-branch-master/relconfig/src/config_server.erl, function init/1: at line 32: unknown error parsing specification: {32,edoc_parser,
                                      ["syntax error before: ",["Func"]]}.
edoc: skipping source file '/home/pete/wefwefwef/docs/other/1129380544/relconfig-branch-master/relconfig/src/config_server.erl': {'EXIT',
                                                                                                                            error}.
edoc: error in doclet 'edoc_doclet': {'EXIT',error}.
Error generating relconfig XMLs. Using fallback ...
Generating XML relconfig - config_server "/home/pete/wefwefwef/docs/other/1129380544/relconfig-branch-master/relconfig/src/config_server.erl" -> "/home/pete/wefwefwef/docs/other/1129380544/repo/master/.xml/relconfig/config_server.xml"
/home/pete/wefwefwef/docs/other/1129380544/relconfig-branch-master/relconfig/src/config_server.erl, function init/1: at line 32: unknown error parsing specification: {32,edoc_parser,
                                      ["syntax error before: ",["Func"]]}.
Error generating XML ("/home/pete/wefwefwef/docs/other/1129380544/relconfig-branch-master/relconfig/src/config_server.erl"): {'EXIT',
                                                                                                                              error}
Generating XML relconfig - relconfig_app "/home/pete/wefwefwef/docs/other/1129380544/relconfig-branch-master/relconfig/src/relconfig_app.erl" -> "/home/pete/wefwefwef/docs/other/1129380544/repo/master/.xml/relconfig/relconfig_app.xml"
Generating XML relconfig - relconfig_sup "/home/pete/wefwefwef/docs/other/1129380544/relconfig-branch-master/relconfig/src/relconfig_sup.erl" -> "/home/pete/wefwefwef/docs/other/1129380544/repo/master/.xml/relconfig/relconfig_sup.xml"
Generating HTML - relconfig_app "/home/pete/wefwefwef/docs/other/1129380544/repo/master/.xml/relconfig/relconfig_app.xml"
Reading XML for "/home/pete/wefwefwef/docs/other/1129380544/repo/master/.xml/relconfig/relconfig_app.xml"
Reading XML for "/home/pete/wefwefwef/docs/other/1129380544/repo/master/.xml/specs_relconfig_app.xml"
Generating HTML - relconfig_sup "/home/pete/wefwefwef/docs/other/1129380544/repo/master/.xml/relconfig/relconfig_sup.xml"
Reading XML for "/home/pete/wefwefwef/docs/other/1129380544/repo/master/.xml/relconfig/relconfig_sup.xml"
Reading XML for "/home/pete/wefwefwef/docs/other/1129380544/repo/master/.xml/specs_relconfig_sup.xml"
Creating index.html ...
Creating erldocs_index.js ...
Woot, finished in 0 Minutes 0 Seconds
 :: Discovering other repos
$ 5000  `rm -r '/home/pete/wefwefwef/docs/other/1129380544/relconfig-branch-master'  2>&1`
 :: Erldocs finishing up
$ 5000  `rm -r '/home/pete/wefwefwef/docs/other/1129380544/relconfig'  2>&1`
