 :: Extracting meta information
$ 5000  `git ls-remote --heads --tags 'https://github.com/lucaspiller/reloader'  2>&1`
>>> [repo] 1 branches, 0 tags
 :: Writing meta to "/home/pete/wefwefwef/docs/other/3497312933/meta.txt"
 :: Processing https://github.com/lucaspiller/reloader	{rev,branch,"master","9dd05d613c2abe563bc1c472950b96d2a832663b"}
 :: Fetching repo code
$ cd "/home/pete/wefwefwef/docs/other/3497312933/reloader-branch-master/reloader"
$ infinity  `curl --fail --silent --show-error --location --output 'master.zip' 'https://github.com/lucaspiller/reloader/archive/master.zip'  2>&1`
$ cd "/home/pete/wefwefwef/docs/erldocs_other.git"
$ cd "/home/pete/wefwefwef/docs/other/3497312933/reloader-branch-master/reloader"
$ 5000  `find -P . -type l -delete  2>&1`
$ cd "/home/pete/wefwefwef/docs/erldocs_other.git"
$ cd "/home/pete/wefwefwef/docs/other/3497312933/reloader-branch-master/reloader"
$ 5000  `find 'reloader-master' -mindepth 1 -maxdepth 1 -exec mv -t . -- {} +  2>&1`
$ cd "/home/pete/wefwefwef/docs/erldocs_other.git"
 :: Getting dependencies
$ cd "/home/pete/wefwefwef/docs/other/3497312933/reloader-branch-master/reloader"
$ 5000  `ls -1 deps/  2>&1`
$ cd "/home/pete/wefwefwef/docs/erldocs_other.git"
>>> [rebar] deps = []
 :: Generating erldocs into /home/pete/wefwefwef/docs/other/3497312933/repo/master
Building reloader
Generating Type Specs - "/home/pete/wefwefwef/docs/other/3497312933/reloader-branch-master/reloader/src/reloader.erl"
Generating XML for application reloader "/home/pete/wefwefwef/docs/other/3497312933/reloader-branch-master/reloader" -> "/home/pete/wefwefwef/docs/other/3497312933/repo/master/.xml/reloader"
Generated reloader XMLs: ["/home/pete/wefwefwef/docs/other/3497312933/repo/master/.xml/reloader/reloader.xml"]
Generating HTML - reloader "/home/pete/wefwefwef/docs/other/3497312933/repo/master/.xml/reloader/reloader.xml"
Reading XML for "/home/pete/wefwefwef/docs/other/3497312933/repo/master/.xml/reloader/reloader.xml"
Reading XML for "/home/pete/wefwefwef/docs/other/3497312933/repo/master/.xml/specs_reloader.xml"
Creating index.html ...
Creating erldocs_index.js ...
Woot, finished in 0 Minutes 0 Seconds
 :: Discovering other repos
$ 5000  `rm -r '/home/pete/wefwefwef/docs/other/3497312933/reloader-branch-master'  2>&1`
 :: Erldocs finishing up
$ 5000  `rm -r '/home/pete/wefwefwef/docs/other/3497312933/reloader'  2>&1`
