 :: Extracting meta information
$ 5000  `git ls-remote --heads --tags 'https://github.com/erlangdev/tracerl'  2>&1`
>>> [repo] 1 branches, 0 tags
 :: Writing meta to "/home/pete/wefwefwef/docs/other/7583373673/meta.txt"
 :: Processing https://github.com/erlangdev/tracerl	{rev,branch,"master","833ad44ce31072da92c2f4db4dde61826c093eb6"}
 :: Fetching repo code
$ cd "/home/pete/wefwefwef/docs/other/7583373673/tracerl-branch-master/tracerl"
$ infinity  `curl --fail --silent --show-error --location --output 'master.zip' 'https://github.com/erlangdev/tracerl/archive/master.zip'  2>&1`
$ cd "/home/pete/wefwefwef/docs/erldocs_other.git"
$ cd "/home/pete/wefwefwef/docs/other/7583373673/tracerl-branch-master/tracerl"
$ 5000  `find -P . -type l -delete  2>&1`
$ cd "/home/pete/wefwefwef/docs/erldocs_other.git"
$ cd "/home/pete/wefwefwef/docs/other/7583373673/tracerl-branch-master/tracerl"
$ 5000  `find 'tracerl-master' -mindepth 1 -maxdepth 1 -exec mv -t . -- {} +  2>&1`
$ cd "/home/pete/wefwefwef/docs/erldocs_other.git"
 :: Getting dependencies
$ cd "/home/pete/wefwefwef/docs/other/7583373673/tracerl-branch-master/tracerl"
$ 5000  `ls -1 deps/  2>&1`
$ cd "/home/pete/wefwefwef/docs/erldocs_other.git"
>>> [rebar] deps = []
 :: Generating erldocs into /home/pete/wefwefwef/docs/other/7583373673/repo/master
Building tracerl
Generating Type Specs - "/home/pete/wefwefwef/docs/other/7583373673/tracerl-branch-master/tracerl/src/tracerl_gen.erl"
EDoc could not process file '/home/pete/wefwefwef/docs/other/7583373673/tracerl-branch-master/tracerl/src/tracerl_gen.erl'
Error generating type specs for "/home/pete/wefwefwef/docs/other/7583373673/tracerl-branch-master/tracerl/src/tracerl_gen.erl"
Generating Type Specs - "/home/pete/wefwefwef/docs/other/7583373673/tracerl-branch-master/tracerl/src/tracerl_gen_common.erl"
EDoc could not process file '/home/pete/wefwefwef/docs/other/7583373673/tracerl-branch-master/tracerl/src/tracerl_gen_common.erl'
Error generating type specs for "/home/pete/wefwefwef/docs/other/7583373673/tracerl-branch-master/tracerl/src/tracerl_gen_common.erl"
Generating Type Specs - "/home/pete/wefwefwef/docs/other/7583373673/tracerl-branch-master/tracerl/src/tracerl_gen_dtrace.erl"
EDoc could not process file '/home/pete/wefwefwef/docs/other/7583373673/tracerl-branch-master/tracerl/src/tracerl_gen_dtrace.erl'
Error generating type specs for "/home/pete/wefwefwef/docs/other/7583373673/tracerl-branch-master/tracerl/src/tracerl_gen_dtrace.erl"
Generating Type Specs - "/home/pete/wefwefwef/docs/other/7583373673/tracerl-branch-master/tracerl/src/tracerl_gen_systemtap.erl"
EDoc could not process file '/home/pete/wefwefwef/docs/other/7583373673/tracerl-branch-master/tracerl/src/tracerl_gen_systemtap.erl'
Error generating type specs for "/home/pete/wefwefwef/docs/other/7583373673/tracerl-branch-master/tracerl/src/tracerl_gen_systemtap.erl"
Generating Type Specs - "/home/pete/wefwefwef/docs/other/7583373673/tracerl-branch-master/tracerl/src/tracerl_gen_util.erl"
EDoc could not process file '/home/pete/wefwefwef/docs/other/7583373673/tracerl-branch-master/tracerl/src/tracerl_gen_util.erl'
Error generating type specs for "/home/pete/wefwefwef/docs/other/7583373673/tracerl-branch-master/tracerl/src/tracerl_gen_util.erl"
Generating Type Specs - "/home/pete/wefwefwef/docs/other/7583373673/tracerl-branch-master/tracerl/src/tracerl_process.erl"
EDoc could not process file '/home/pete/wefwefwef/docs/other/7583373673/tracerl-branch-master/tracerl/src/tracerl_process.erl'
Error generating type specs for "/home/pete/wefwefwef/docs/other/7583373673/tracerl-branch-master/tracerl/src/tracerl_process.erl"
Generating Type Specs - "/home/pete/wefwefwef/docs/other/7583373673/tracerl-branch-master/tracerl/src/tracerl_util.erl"
EDoc could not process file '/home/pete/wefwefwef/docs/other/7583373673/tracerl-branch-master/tracerl/src/tracerl_util.erl'
Error generating type specs for "/home/pete/wefwefwef/docs/other/7583373673/tracerl-branch-master/tracerl/src/tracerl_util.erl"
Generating XML for application tracerl "/home/pete/wefwefwef/docs/other/7583373673/tracerl-branch-master/tracerl" -> "/home/pete/wefwefwef/docs/other/7583373673/repo/master/.xml/tracerl"
/home/pete/wefwefwef/docs/other/7583373673/tracerl-branch-master/tracerl/src/tracerl_process.erl, in module header: at line 4: error in XML parser: {system_limit,[{ets,new,[rules,[set|...]],[]},
                                    {xmerl_scan,initial_state,2,[{...}|...]},
                                    {xmerl_scan,int_string,4,[...]},
                                    {xmerl_scan,string,2,...},
                                    {edoc_wiki,parse_xml_1,...},
                                    {edoc_wiki,...},
                                    {...}|...]}.
edoc: skipping source file '/home/pete/wefwefwef/docs/other/7583373673/tracerl-branch-master/tracerl/src/tracerl_process.erl': {'EXIT',
                                                                                                                          error}.
/home/pete/wefwefwef/docs/other/7583373673/tracerl-branch-master/tracerl/src/tracerl_gen_systemtap.erl, in module header: at line 4: error in XML parser: {system_limit,[{ets,new,[rules,[set|...]],[]},
                                    {xmerl_scan,initial_state,2,[{...}|...]},
                                    {xmerl_scan,int_string,4,[...]},
                                    {xmerl_scan,string,2,...},
                                    {edoc_wiki,parse_xml_1,...},
                                    {edoc_wiki,...},
                                    {...}|...]}.
edoc: skipping source file '/home/pete/wefwefwef/docs/other/7583373673/tracerl-branch-master/tracerl/src/tracerl_gen_systemtap.erl': {'EXIT',
                                                                                                                                error}.
/home/pete/wefwefwef/docs/other/7583373673/tracerl-branch-master/tracerl/src/tracerl_gen_dtrace.erl, in module header: at line 4: error in XML parser: {system_limit,[{ets,new,[rules,[set|...]],[]},
                                    {xmerl_scan,initial_state,2,[{...}|...]},
                                    {xmerl_scan,int_string,4,[...]},
                                    {xmerl_scan,string,2,...},
                                    {edoc_wiki,parse_xml_1,...},
                                    {edoc_wiki,...},
                                    {...}|...]}.
edoc: skipping source file '/home/pete/wefwefwef/docs/other/7583373673/tracerl-branch-master/tracerl/src/tracerl_gen_dtrace.erl': {'EXIT',
                                                                                                                             error}.
/home/pete/wefwefwef/docs/other/7583373673/tracerl-branch-master/tracerl/src/tracerl_gen_util.erl, in module header: at line 4: error in XML parser: {system_limit,[{ets,new,[rules,[set|...]],[]},
                                    {xmerl_scan,initial_state,2,[{...}|...]},
                                    {xmerl_scan,int_string,4,[...]},
                                    {xmerl_scan,string,2,...},
                                    {edoc_wiki,parse_xml_1,...},
                                    {edoc_wiki,...},
                                    {...}|...]}.
edoc: skipping source file '/home/pete/wefwefwef/docs/other/7583373673/tracerl-branch-master/tracerl/src/tracerl_gen_util.erl': {'EXIT',
                                                                                                                           error}.
/home/pete/wefwefwef/docs/other/7583373673/tracerl-branch-master/tracerl/src/tracerl_gen.erl, in module header: at line 4: error in XML parser: {system_limit,[{ets,new,[rules,[set|...]],[]},
                                    {xmerl_scan,initial_state,2,[{...}|...]},
                                    {xmerl_scan,int_string,4,[...]},
                                    {xmerl_scan,string,2,...},
                                    {edoc_wiki,parse_xml_1,...},
                                    {edoc_wiki,...},
                                    {...}|...]}.
edoc: skipping source file '/home/pete/wefwefwef/docs/other/7583373673/tracerl-branch-master/tracerl/src/tracerl_gen.erl': {'EXIT',
                                                                                                                      error}.
/home/pete/wefwefwef/docs/other/7583373673/tracerl-branch-master/tracerl/src/tracerl_util.erl, in module header: at line 4: error in XML parser: {system_limit,[{ets,new,[rules,[set|...]],[]},
                                    {xmerl_scan,initial_state,2,[{...}|...]},
                                    {xmerl_scan,int_string,4,[...]},
                                    {xmerl_scan,string,2,...},
                                    {edoc_wiki,parse_xml_1,...},
                                    {edoc_wiki,...},
                                    {...}|...]}.
edoc: skipping source file '/home/pete/wefwefwef/docs/other/7583373673/tracerl-branch-master/tracerl/src/tracerl_util.erl': {'EXIT',
                                                                                                                       error}.
/home/pete/wefwefwef/docs/other/7583373673/tracerl-branch-master/tracerl/src/tracerl_gen_common.erl, in module header: at line 4: error in XML parser: {system_limit,[{ets,new,[rules,[set|...]],[]},
                                    {xmerl_scan,initial_state,2,[{...}|...]},
                                    {xmerl_scan,int_string,4,[...]},
                                    {xmerl_scan,string,2,...},
                                    {edoc_wiki,parse_xml_1,...},
                                    {edoc_wiki,...},
                                    {...}|...]}.
edoc: skipping source file '/home/pete/wefwefwef/docs/other/7583373673/tracerl-branch-master/tracerl/src/tracerl_gen_common.erl': {'EXIT',
                                                                                                                             error}.
edoc: error in doclet 'edoc_doclet': {'EXIT',error}.
Error generating tracerl XMLs. Using fallback ...
Generating XML tracerl - tracerl_gen "/home/pete/wefwefwef/docs/other/7583373673/tracerl-branch-master/tracerl/src/tracerl_gen.erl" -> "/home/pete/wefwefwef/docs/other/7583373673/repo/master/.xml/tracerl/tracerl_gen.xml"
/home/pete/wefwefwef/docs/other/7583373673/tracerl-branch-master/tracerl/src/tracerl_gen.erl, in module header: at line 4: error in XML parser: {system_limit,[{ets,new,[rules,[set|...]],[]},
                                    {xmerl_scan,initial_state,2,[{...}|...]},
                                    {xmerl_scan,int_string,4,[...]},
                                    {xmerl_scan,string,2,...},
                                    {edoc_wiki,parse_xml_1,...},
                                    {edoc_wiki,...},
                                    {...}|...]}.
Error generating XML ("/home/pete/wefwefwef/docs/other/7583373673/tracerl-branch-master/tracerl/src/tracerl_gen.erl"): {'EXIT',
                                                                                                                        error}
Generating XML tracerl - tracerl_gen_common "/home/pete/wefwefwef/docs/other/7583373673/tracerl-branch-master/tracerl/src/tracerl_gen_common.erl" -> "/home/pete/wefwefwef/docs/other/7583373673/repo/master/.xml/tracerl/tracerl_gen_common.xml"
/home/pete/wefwefwef/docs/other/7583373673/tracerl-branch-master/tracerl/src/tracerl_gen_common.erl, in module header: at line 4: error in XML parser: {system_limit,[{ets,new,[rules,[set|...]],[]},
                                    {xmerl_scan,initial_state,2,[{...}|...]},
                                    {xmerl_scan,int_string,4,[...]},
                                    {xmerl_scan,string,2,...},
                                    {edoc_wiki,parse_xml_1,...},
                                    {edoc_wiki,...},
                                    {...}|...]}.
Error generating XML ("/home/pete/wefwefwef/docs/other/7583373673/tracerl-branch-master/tracerl/src/tracerl_gen_common.erl"): {'EXIT',
                                                                                                                               error}
Generating XML tracerl - tracerl_gen_dtrace "/home/pete/wefwefwef/docs/other/7583373673/tracerl-branch-master/tracerl/src/tracerl_gen_dtrace.erl" -> "/home/pete/wefwefwef/docs/other/7583373673/repo/master/.xml/tracerl/tracerl_gen_dtrace.xml"
/home/pete/wefwefwef/docs/other/7583373673/tracerl-branch-master/tracerl/src/tracerl_gen_dtrace.erl, in module header: at line 4: error in XML parser: {system_limit,[{ets,new,[rules,[set|...]],[]},
                                    {xmerl_scan,initial_state,2,[{...}|...]},
                                    {xmerl_scan,int_string,4,[...]},
                                    {xmerl_scan,string,2,...},
                                    {edoc_wiki,parse_xml_1,...},
                                    {edoc_wiki,...},
                                    {...}|...]}.
Error generating XML ("/home/pete/wefwefwef/docs/other/7583373673/tracerl-branch-master/tracerl/src/tracerl_gen_dtrace.erl"): {'EXIT',
                                                                                                                               error}
Generating XML tracerl - tracerl_gen_systemtap "/home/pete/wefwefwef/docs/other/7583373673/tracerl-branch-master/tracerl/src/tracerl_gen_systemtap.erl" -> "/home/pete/wefwefwef/docs/other/7583373673/repo/master/.xml/tracerl/tracerl_gen_systemtap.xml"
/home/pete/wefwefwef/docs/other/7583373673/tracerl-branch-master/tracerl/src/tracerl_gen_systemtap.erl, in module header: at line 4: error in XML parser: {system_limit,[{ets,new,[rules,[set|...]],[]},
                                    {xmerl_scan,initial_state,2,[{...}|...]},
                                    {xmerl_scan,int_string,4,[...]},
                                    {xmerl_scan,string,2,...},
                                    {edoc_wiki,parse_xml_1,...},
                                    {edoc_wiki,...},
                                    {...}|...]}.
Error generating XML ("/home/pete/wefwefwef/docs/other/7583373673/tracerl-branch-master/tracerl/src/tracerl_gen_systemtap.erl"): {'EXIT',
                                                                                                                                  error}
Generating XML tracerl - tracerl_gen_util "/home/pete/wefwefwef/docs/other/7583373673/tracerl-branch-master/tracerl/src/tracerl_gen_util.erl" -> "/home/pete/wefwefwef/docs/other/7583373673/repo/master/.xml/tracerl/tracerl_gen_util.xml"
/home/pete/wefwefwef/docs/other/7583373673/tracerl-branch-master/tracerl/src/tracerl_gen_util.erl, in module header: at line 4: error in XML parser: {system_limit,[{ets,new,[rules,[set|...]],[]},
                                    {xmerl_scan,initial_state,2,[{...}|...]},
                                    {xmerl_scan,int_string,4,[...]},
                                    {xmerl_scan,string,2,...},
                                    {edoc_wiki,parse_xml_1,...},
                                    {edoc_wiki,...},
                                    {...}|...]}.
Error generating XML ("/home/pete/wefwefwef/docs/other/7583373673/tracerl-branch-master/tracerl/src/tracerl_gen_util.erl"): {'EXIT',
                                                                                                                             error}
Generating XML tracerl - tracerl_process "/home/pete/wefwefwef/docs/other/7583373673/tracerl-branch-master/tracerl/src/tracerl_process.erl" -> "/home/pete/wefwefwef/docs/other/7583373673/repo/master/.xml/tracerl/tracerl_process.xml"
/home/pete/wefwefwef/docs/other/7583373673/tracerl-branch-master/tracerl/src/tracerl_process.erl, in module header: at line 4: error in XML parser: {system_limit,[{ets,new,[rules,[set|...]],[]},
                                    {xmerl_scan,initial_state,2,[{...}|...]},
                                    {xmerl_scan,int_string,4,[...]},
                                    {xmerl_scan,string,2,...},
                                    {edoc_wiki,parse_xml_1,...},
                                    {edoc_wiki,...},
                                    {...}|...]}.
Error generating XML ("/home/pete/wefwefwef/docs/other/7583373673/tracerl-branch-master/tracerl/src/tracerl_process.erl"): {'EXIT',
                                                                                                                            error}
Generating XML tracerl - tracerl_util "/home/pete/wefwefwef/docs/other/7583373673/tracerl-branch-master/tracerl/src/tracerl_util.erl" -> "/home/pete/wefwefwef/docs/other/7583373673/repo/master/.xml/tracerl/tracerl_util.xml"
/home/pete/wefwefwef/docs/other/7583373673/tracerl-branch-master/tracerl/src/tracerl_util.erl, in module header: at line 4: error in XML parser: {system_limit,[{ets,new,[rules,[set|...]],[]},
                                    {xmerl_scan,initial_state,2,[{...}|...]},
                                    {xmerl_scan,int_string,4,[...]},
                                    {xmerl_scan,string,2,...},
                                    {edoc_wiki,parse_xml_1,...},
                                    {edoc_wiki,...},
                                    {...}|...]}.
Error generating XML ("/home/pete/wefwefwef/docs/other/7583373673/tracerl-branch-master/tracerl/src/tracerl_util.erl"): {'EXIT',
                                                                                                                         error}
No documentation was generated!
Woot, finished in 0 Minutes 0 Seconds
 :: Discovering other repos
$ 5000  `rm -r '/home/pete/wefwefwef/docs/other/7583373673/tracerl-branch-master'  2>&1`
 :: Erldocs finishing up
$ 5000  `rm -r '/home/pete/wefwefwef/docs/other/7583373673/tracerl'  2>&1`
$ 5000  `rm -r '/home/pete/wefwefwef/docs/other/7583373673/repo/master'  2>&1`
