 :: Extracting meta information
$ 5000  `git ls-remote --heads --tags 'https://github.com/campanja/bear'  2>&1`
>>> [repo] 3 branches, 7 tags
 :: Writing meta to "/home/pete/wefwefwef/docs/other/9285507827/meta.txt"
 :: Processing https://github.com/campanja/bear	{rev,tag,"0.8.0-cmpj1","ef8256f25ff768795f41893f7af1e81e819b75f6",undefined,[],[]}
 :: Fetching repo code
$ cd "/home/pete/wefwefwef/docs/other/9285507827/bear-tag-0.8.0-cmpj1/bear"
$ infinity  `curl --fail --silent --show-error --location --output '0.8.0-cmpj1.zip' 'https://github.com/campanja/bear/archive/0.8.0-cmpj1.zip'  2>&1`
$ cd "/home/pete/wefwefwef/docs/erldocs_other.git"
$ cd "/home/pete/wefwefwef/docs/other/9285507827/bear-tag-0.8.0-cmpj1/bear"
$ 5000  `find -P . -type l -delete  2>&1`
$ cd "/home/pete/wefwefwef/docs/erldocs_other.git"
$ cd "/home/pete/wefwefwef/docs/other/9285507827/bear-tag-0.8.0-cmpj1/bear"
$ 5000  `find 'bear-0.8.0-cmpj1' -mindepth 1 -maxdepth 1 -exec mv -t . -- {} +  2>&1`
$ cd "/home/pete/wefwefwef/docs/erldocs_other.git"
 :: Getting dependencies
$ cd "/home/pete/wefwefwef/docs/other/9285507827/bear-tag-0.8.0-cmpj1/bear"
$ 5000  `ls -1 deps/  2>&1`
$ cd "/home/pete/wefwefwef/docs/erldocs_other.git"
>>> [rebar] deps = []
 :: Generating erldocs into /home/pete/wefwefwef/docs/other/9285507827/repo/0.8.0-cmpj1
Building bear
Generating Type Specs - "/home/pete/wefwefwef/docs/other/9285507827/bear-tag-0.8.0-cmpj1/bear/src/bear.erl"
Generating XML for application bear "/home/pete/wefwefwef/docs/other/9285507827/bear-tag-0.8.0-cmpj1/bear" -> "/home/pete/wefwefwef/docs/other/9285507827/repo/0.8.0-cmpj1/.xml/bear"
Generated bear XMLs: ["/home/pete/wefwefwef/docs/other/9285507827/repo/0.8.0-cmpj1/.xml/bear/bear.xml"]
Generating HTML - bear "/home/pete/wefwefwef/docs/other/9285507827/repo/0.8.0-cmpj1/.xml/bear/bear.xml"
Reading XML for "/home/pete/wefwefwef/docs/other/9285507827/repo/0.8.0-cmpj1/.xml/bear/bear.xml"
Reading XML for "/home/pete/wefwefwef/docs/other/9285507827/repo/0.8.0-cmpj1/.xml/specs_bear.xml"
Creating index.html ...
Creating erldocs_index.js ...
Woot, finished in 0 Minutes 0 Seconds
 :: Discovering other repos
$ 5000  `rm -r '/home/pete/wefwefwef/docs/other/9285507827/bear-tag-0.8.0-cmpj1'  2>&1`
 :: Processing https://github.com/campanja/bear	{rev,tag,"0.1","7ef9a7b90ffb6866cadb0167635910670923626b",undefined,[],[]}
 :: Fetching repo code
$ cd "/home/pete/wefwefwef/docs/other/9285507827/bear-tag-0.1/bear"
$ infinity  `curl --fail --silent --show-error --location --output '0.1.zip' 'https://github.com/campanja/bear/archive/0.1.zip'  2>&1`
$ cd "/home/pete/wefwefwef/docs/erldocs_other.git"
$ cd "/home/pete/wefwefwef/docs/other/9285507827/bear-tag-0.1/bear"
$ 5000  `find -P . -type l -delete  2>&1`
$ cd "/home/pete/wefwefwef/docs/erldocs_other.git"
$ cd "/home/pete/wefwefwef/docs/other/9285507827/bear-tag-0.1/bear"
$ 5000  `find 'bear-0.1' -mindepth 1 -maxdepth 1 -exec mv -t . -- {} +  2>&1`
$ cd "/home/pete/wefwefwef/docs/erldocs_other.git"
 :: Getting dependencies
$ cd "/home/pete/wefwefwef/docs/other/9285507827/bear-tag-0.1/bear"
$ 5000  `ls -1 deps/  2>&1`
$ cd "/home/pete/wefwefwef/docs/erldocs_other.git"
>>> [rebar] deps = []
 :: Generating erldocs into /home/pete/wefwefwef/docs/other/9285507827/repo/0.1
Building bear
Generating Type Specs - "/home/pete/wefwefwef/docs/other/9285507827/bear-tag-0.1/bear/src/bear.erl"
Generating XML for application bear "/home/pete/wefwefwef/docs/other/9285507827/bear-tag-0.1/bear" -> "/home/pete/wefwefwef/docs/other/9285507827/repo/0.1/.xml/bear"
Generated bear XMLs: ["/home/pete/wefwefwef/docs/other/9285507827/repo/0.1/.xml/bear/bear.xml"]
Generating HTML - bear "/home/pete/wefwefwef/docs/other/9285507827/repo/0.1/.xml/bear/bear.xml"
Reading XML for "/home/pete/wefwefwef/docs/other/9285507827/repo/0.1/.xml/bear/bear.xml"
Reading XML for "/home/pete/wefwefwef/docs/other/9285507827/repo/0.1/.xml/specs_bear.xml"
Creating index.html ...
Creating erldocs_index.js ...
Woot, finished in 0 Minutes 0 Seconds
 :: Discovering other repos
$ 5000  `rm -r '/home/pete/wefwefwef/docs/other/9285507827/bear-tag-0.1'  2>&1`
 :: Processing https://github.com/campanja/bear	{rev,tag,"0.1.1","b1882d7ee88e775d961a2678e4fafecef7f77705",undefined,[],[]}
 :: Fetching repo code
$ cd "/home/pete/wefwefwef/docs/other/9285507827/bear-tag-0.1.1/bear"
$ infinity  `curl --fail --silent --show-error --location --output '0.1.1.zip' 'https://github.com/campanja/bear/archive/0.1.1.zip'  2>&1`
$ cd "/home/pete/wefwefwef/docs/erldocs_other.git"
$ cd "/home/pete/wefwefwef/docs/other/9285507827/bear-tag-0.1.1/bear"
$ 5000  `find -P . -type l -delete  2>&1`
$ cd "/home/pete/wefwefwef/docs/erldocs_other.git"
$ cd "/home/pete/wefwefwef/docs/other/9285507827/bear-tag-0.1.1/bear"
$ 5000  `find 'bear-0.1.1' -mindepth 1 -maxdepth 1 -exec mv -t . -- {} +  2>&1`
$ cd "/home/pete/wefwefwef/docs/erldocs_other.git"
 :: Getting dependencies
$ cd "/home/pete/wefwefwef/docs/other/9285507827/bear-tag-0.1.1/bear"
$ 5000  `ls -1 deps/  2>&1`
$ cd "/home/pete/wefwefwef/docs/erldocs_other.git"
>>> [rebar] deps = []
 :: Generating erldocs into /home/pete/wefwefwef/docs/other/9285507827/repo/0.1.1
Building bear
Generating Type Specs - "/home/pete/wefwefwef/docs/other/9285507827/bear-tag-0.1.1/bear/src/bear.erl"
Generating XML for application bear "/home/pete/wefwefwef/docs/other/9285507827/bear-tag-0.1.1/bear" -> "/home/pete/wefwefwef/docs/other/9285507827/repo/0.1.1/.xml/bear"
Generated bear XMLs: ["/home/pete/wefwefwef/docs/other/9285507827/repo/0.1.1/.xml/bear/bear.xml"]
Generating HTML - bear "/home/pete/wefwefwef/docs/other/9285507827/repo/0.1.1/.xml/bear/bear.xml"
Reading XML for "/home/pete/wefwefwef/docs/other/9285507827/repo/0.1.1/.xml/bear/bear.xml"
Reading XML for "/home/pete/wefwefwef/docs/other/9285507827/repo/0.1.1/.xml/specs_bear.xml"
Creating index.html ...
Creating erldocs_index.js ...
Woot, finished in 0 Minutes 0 Seconds
 :: Discovering other repos
$ 5000  `rm -r '/home/pete/wefwefwef/docs/other/9285507827/bear-tag-0.1.1'  2>&1`
 :: Processing https://github.com/campanja/bear	{rev,tag,"0.1.2","0da736b0e9bef2c7150cd6e6c4a9fa1854deedf9",undefined,[],[]}
 :: Fetching repo code
$ cd "/home/pete/wefwefwef/docs/other/9285507827/bear-tag-0.1.2/bear"
$ infinity  `curl --fail --silent --show-error --location --output '0.1.2.zip' 'https://github.com/campanja/bear/archive/0.1.2.zip'  2>&1`
$ cd "/home/pete/wefwefwef/docs/erldocs_other.git"
$ cd "/home/pete/wefwefwef/docs/other/9285507827/bear-tag-0.1.2/bear"
$ 5000  `find -P . -type l -delete  2>&1`
$ cd "/home/pete/wefwefwef/docs/erldocs_other.git"
$ cd "/home/pete/wefwefwef/docs/other/9285507827/bear-tag-0.1.2/bear"
$ 5000  `find 'bear-0.1.2' -mindepth 1 -maxdepth 1 -exec mv -t . -- {} +  2>&1`
$ cd "/home/pete/wefwefwef/docs/erldocs_other.git"
 :: Getting dependencies
$ cd "/home/pete/wefwefwef/docs/other/9285507827/bear-tag-0.1.2/bear"
$ 5000  `ls -1 deps/  2>&1`
$ cd "/home/pete/wefwefwef/docs/erldocs_other.git"
>>> [rebar] deps = []
 :: Generating erldocs into /home/pete/wefwefwef/docs/other/9285507827/repo/0.1.2
Building bear
Generating Type Specs - "/home/pete/wefwefwef/docs/other/9285507827/bear-tag-0.1.2/bear/src/bear.erl"
Generating XML for application bear "/home/pete/wefwefwef/docs/other/9285507827/bear-tag-0.1.2/bear" -> "/home/pete/wefwefwef/docs/other/9285507827/repo/0.1.2/.xml/bear"
Generated bear XMLs: ["/home/pete/wefwefwef/docs/other/9285507827/repo/0.1.2/.xml/bear/bear.xml"]
Generating HTML - bear "/home/pete/wefwefwef/docs/other/9285507827/repo/0.1.2/.xml/bear/bear.xml"
Reading XML for "/home/pete/wefwefwef/docs/other/9285507827/repo/0.1.2/.xml/bear/bear.xml"
Reading XML for "/home/pete/wefwefwef/docs/other/9285507827/repo/0.1.2/.xml/specs_bear.xml"
Creating index.html ...
Creating erldocs_index.js ...
Woot, finished in 0 Minutes 0 Seconds
 :: Discovering other repos
$ 5000  `rm -r '/home/pete/wefwefwef/docs/other/9285507827/bear-tag-0.1.2'  2>&1`
 :: Processing https://github.com/campanja/bear	{rev,tag,"0.1.3","3fd09d1b7bbd9de5b2d29f46df04a93fca9ce85e",undefined,[],[]}
 :: Fetching repo code
$ cd "/home/pete/wefwefwef/docs/other/9285507827/bear-tag-0.1.3/bear"
$ infinity  `curl --fail --silent --show-error --location --output '0.1.3.zip' 'https://github.com/campanja/bear/archive/0.1.3.zip'  2>&1`
$ cd "/home/pete/wefwefwef/docs/erldocs_other.git"
$ cd "/home/pete/wefwefwef/docs/other/9285507827/bear-tag-0.1.3/bear"
$ 5000  `find -P . -type l -delete  2>&1`
$ cd "/home/pete/wefwefwef/docs/erldocs_other.git"
$ cd "/home/pete/wefwefwef/docs/other/9285507827/bear-tag-0.1.3/bear"
$ 5000  `find 'bear-0.1.3' -mindepth 1 -maxdepth 1 -exec mv -t . -- {} +  2>&1`
$ cd "/home/pete/wefwefwef/docs/erldocs_other.git"
 :: Getting dependencies
$ cd "/home/pete/wefwefwef/docs/other/9285507827/bear-tag-0.1.3/bear"
$ 5000  `ls -1 deps/  2>&1`
$ cd "/home/pete/wefwefwef/docs/erldocs_other.git"
>>> [rebar] deps = []
 :: Generating erldocs into /home/pete/wefwefwef/docs/other/9285507827/repo/0.1.3
Building bear
Generating Type Specs - "/home/pete/wefwefwef/docs/other/9285507827/bear-tag-0.1.3/bear/src/bear.erl"
Generating XML for application bear "/home/pete/wefwefwef/docs/other/9285507827/bear-tag-0.1.3/bear" -> "/home/pete/wefwefwef/docs/other/9285507827/repo/0.1.3/.xml/bear"
Generated bear XMLs: ["/home/pete/wefwefwef/docs/other/9285507827/repo/0.1.3/.xml/bear/bear.xml"]
Generating HTML - bear "/home/pete/wefwefwef/docs/other/9285507827/repo/0.1.3/.xml/bear/bear.xml"
Reading XML for "/home/pete/wefwefwef/docs/other/9285507827/repo/0.1.3/.xml/bear/bear.xml"
Reading XML for "/home/pete/wefwefwef/docs/other/9285507827/repo/0.1.3/.xml/specs_bear.xml"
Creating index.html ...
Creating erldocs_index.js ...
Woot, finished in 0 Minutes 0 Seconds
 :: Discovering other repos
$ 5000  `rm -r '/home/pete/wefwefwef/docs/other/9285507827/bear-tag-0.1.3'  2>&1`
 :: Processing https://github.com/campanja/bear	{rev,tag,"0.8.0","7d1ee8e0072341c5d61034560d889450a5bf468f",undefined,[],[]}
 :: Fetching repo code
$ cd "/home/pete/wefwefwef/docs/other/9285507827/bear-tag-0.8.0/bear"
$ infinity  `curl --fail --silent --show-error --location --output '0.8.0.zip' 'https://github.com/campanja/bear/archive/0.8.0.zip'  2>&1`
$ cd "/home/pete/wefwefwef/docs/erldocs_other.git"
$ cd "/home/pete/wefwefwef/docs/other/9285507827/bear-tag-0.8.0/bear"
$ 5000  `find -P . -type l -delete  2>&1`
$ cd "/home/pete/wefwefwef/docs/erldocs_other.git"
$ cd "/home/pete/wefwefwef/docs/other/9285507827/bear-tag-0.8.0/bear"
$ 5000  `find 'bear-0.8.0' -mindepth 1 -maxdepth 1 -exec mv -t . -- {} +  2>&1`
$ cd "/home/pete/wefwefwef/docs/erldocs_other.git"
 :: Getting dependencies
$ cd "/home/pete/wefwefwef/docs/other/9285507827/bear-tag-0.8.0/bear"
$ 5000  `ls -1 deps/  2>&1`
$ cd "/home/pete/wefwefwef/docs/erldocs_other.git"
>>> [rebar] deps = []
 :: Generating erldocs into /home/pete/wefwefwef/docs/other/9285507827/repo/0.8.0
Building bear
Generating Type Specs - "/home/pete/wefwefwef/docs/other/9285507827/bear-tag-0.8.0/bear/src/bear.erl"
Generating XML for application bear "/home/pete/wefwefwef/docs/other/9285507827/bear-tag-0.8.0/bear" -> "/home/pete/wefwefwef/docs/other/9285507827/repo/0.8.0/.xml/bear"
Generated bear XMLs: ["/home/pete/wefwefwef/docs/other/9285507827/repo/0.8.0/.xml/bear/bear.xml"]
Generating HTML - bear "/home/pete/wefwefwef/docs/other/9285507827/repo/0.8.0/.xml/bear/bear.xml"
Reading XML for "/home/pete/wefwefwef/docs/other/9285507827/repo/0.8.0/.xml/bear/bear.xml"
Reading XML for "/home/pete/wefwefwef/docs/other/9285507827/repo/0.8.0/.xml/specs_bear.xml"
Creating index.html ...
Creating erldocs_index.js ...
Woot, finished in 0 Minutes 0 Seconds
 :: Discovering other repos
$ 5000  `rm -r '/home/pete/wefwefwef/docs/other/9285507827/bear-tag-0.8.0'  2>&1`
 :: Processing https://github.com/campanja/bear	{rev,tag,"0.8.0-cmpj2","6ec5926da1b4193b87bb940bab366f5f8357b88f",undefined,[],[]}
 :: Fetching repo code
$ cd "/home/pete/wefwefwef/docs/other/9285507827/bear-tag-0.8.0-cmpj2/bear"
$ infinity  `curl --fail --silent --show-error --location --output '0.8.0-cmpj2.zip' 'https://github.com/campanja/bear/archive/0.8.0-cmpj2.zip'  2>&1`
$ cd "/home/pete/wefwefwef/docs/erldocs_other.git"
$ cd "/home/pete/wefwefwef/docs/other/9285507827/bear-tag-0.8.0-cmpj2/bear"
$ 5000  `find -P . -type l -delete  2>&1`
$ cd "/home/pete/wefwefwef/docs/erldocs_other.git"
$ cd "/home/pete/wefwefwef/docs/other/9285507827/bear-tag-0.8.0-cmpj2/bear"
$ 5000  `find 'bear-0.8.0-cmpj2' -mindepth 1 -maxdepth 1 -exec mv -t . -- {} +  2>&1`
$ cd "/home/pete/wefwefwef/docs/erldocs_other.git"
 :: Getting dependencies
$ cd "/home/pete/wefwefwef/docs/other/9285507827/bear-tag-0.8.0-cmpj2/bear"
$ 5000  `ls -1 deps/  2>&1`
$ cd "/home/pete/wefwefwef/docs/erldocs_other.git"
>>> [rebar] deps = []
 :: Generating erldocs into /home/pete/wefwefwef/docs/other/9285507827/repo/0.8.0-cmpj2
Building bear
Generating Type Specs - "/home/pete/wefwefwef/docs/other/9285507827/bear-tag-0.8.0-cmpj2/bear/src/bear.erl"
Generating XML for application bear "/home/pete/wefwefwef/docs/other/9285507827/bear-tag-0.8.0-cmpj2/bear" -> "/home/pete/wefwefwef/docs/other/9285507827/repo/0.8.0-cmpj2/.xml/bear"
Generated bear XMLs: ["/home/pete/wefwefwef/docs/other/9285507827/repo/0.8.0-cmpj2/.xml/bear/bear.xml"]
Generating HTML - bear "/home/pete/wefwefwef/docs/other/9285507827/repo/0.8.0-cmpj2/.xml/bear/bear.xml"
Reading XML for "/home/pete/wefwefwef/docs/other/9285507827/repo/0.8.0-cmpj2/.xml/bear/bear.xml"
Reading XML for "/home/pete/wefwefwef/docs/other/9285507827/repo/0.8.0-cmpj2/.xml/specs_bear.xml"
Creating index.html ...
Creating erldocs_index.js ...
Woot, finished in 0 Minutes 0 Seconds
 :: Discovering other repos
$ 5000  `rm -r '/home/pete/wefwefwef/docs/other/9285507827/bear-tag-0.8.0-cmpj2'  2>&1`
 :: Processing https://github.com/campanja/bear	{rev,branch,"added_erlang_fake","6ec5926da1b4193b87bb940bab366f5f8357b88f",undefined,[],[]}
 :: Fetching repo code
$ cd "/home/pete/wefwefwef/docs/other/9285507827/bear-branch-added_erlang_fake/bear"
$ infinity  `curl --fail --silent --show-error --location --output 'added_erlang_fake.zip' 'https://github.com/campanja/bear/archive/added_erlang_fake.zip'  2>&1`
$ cd "/home/pete/wefwefwef/docs/erldocs_other.git"
$ cd "/home/pete/wefwefwef/docs/other/9285507827/bear-branch-added_erlang_fake/bear"
$ 5000  `find -P . -type l -delete  2>&1`
$ cd "/home/pete/wefwefwef/docs/erldocs_other.git"
$ cd "/home/pete/wefwefwef/docs/other/9285507827/bear-branch-added_erlang_fake/bear"
$ 5000  `find 'bear-added_erlang_fake' -mindepth 1 -maxdepth 1 -exec mv -t . -- {} +  2>&1`
$ cd "/home/pete/wefwefwef/docs/erldocs_other.git"
 :: Getting dependencies
$ cd "/home/pete/wefwefwef/docs/other/9285507827/bear-branch-added_erlang_fake/bear"
$ 5000  `ls -1 deps/  2>&1`
$ cd "/home/pete/wefwefwef/docs/erldocs_other.git"
>>> [rebar] deps = []
 :: Generating erldocs into /home/pete/wefwefwef/docs/other/9285507827/repo/added_erlang_fake
Building bear
Generating Type Specs - "/home/pete/wefwefwef/docs/other/9285507827/bear-branch-added_erlang_fake/bear/src/bear.erl"
Generating XML for application bear "/home/pete/wefwefwef/docs/other/9285507827/bear-branch-added_erlang_fake/bear" -> "/home/pete/wefwefwef/docs/other/9285507827/repo/added_erlang_fake/.xml/bear"
Generated bear XMLs: ["/home/pete/wefwefwef/docs/other/9285507827/repo/added_erlang_fake/.xml/bear/bear.xml"]
Generating HTML - bear "/home/pete/wefwefwef/docs/other/9285507827/repo/added_erlang_fake/.xml/bear/bear.xml"
Reading XML for "/home/pete/wefwefwef/docs/other/9285507827/repo/added_erlang_fake/.xml/bear/bear.xml"
Reading XML for "/home/pete/wefwefwef/docs/other/9285507827/repo/added_erlang_fake/.xml/specs_bear.xml"
Creating index.html ...
Creating erldocs_index.js ...
Woot, finished in 0 Minutes 0 Seconds
 :: Discovering other repos
$ 5000  `rm -r '/home/pete/wefwefwef/docs/other/9285507827/bear-branch-added_erlang_fake'  2>&1`
 :: Processing https://github.com/campanja/bear	{rev,branch,"drop_negatives","6c19d6a2ee031512fca9916dd7cca2fc7ea2a38e",undefined,[],[]}
 :: Fetching repo code
$ cd "/home/pete/wefwefwef/docs/other/9285507827/bear-branch-drop_negatives/bear"
$ infinity  `curl --fail --silent --show-error --location --output 'drop_negatives.zip' 'https://github.com/campanja/bear/archive/drop_negatives.zip'  2>&1`
$ cd "/home/pete/wefwefwef/docs/erldocs_other.git"
$ cd "/home/pete/wefwefwef/docs/other/9285507827/bear-branch-drop_negatives/bear"
$ 5000  `find -P . -type l -delete  2>&1`
$ cd "/home/pete/wefwefwef/docs/erldocs_other.git"
$ cd "/home/pete/wefwefwef/docs/other/9285507827/bear-branch-drop_negatives/bear"
$ 5000  `find 'bear-drop_negatives' -mindepth 1 -maxdepth 1 -exec mv -t . -- {} +  2>&1`
$ cd "/home/pete/wefwefwef/docs/erldocs_other.git"
 :: Getting dependencies
$ cd "/home/pete/wefwefwef/docs/other/9285507827/bear-branch-drop_negatives/bear"
$ 5000  `ls -1 deps/  2>&1`
$ cd "/home/pete/wefwefwef/docs/erldocs_other.git"
>>> [rebar] deps = []
 :: Generating erldocs into /home/pete/wefwefwef/docs/other/9285507827/repo/drop_negatives
Building bear
Generating Type Specs - "/home/pete/wefwefwef/docs/other/9285507827/bear-branch-drop_negatives/bear/src/bear.erl"
Generating XML for application bear "/home/pete/wefwefwef/docs/other/9285507827/bear-branch-drop_negatives/bear" -> "/home/pete/wefwefwef/docs/other/9285507827/repo/drop_negatives/.xml/bear"
Generated bear XMLs: ["/home/pete/wefwefwef/docs/other/9285507827/repo/drop_negatives/.xml/bear/bear.xml"]
Generating HTML - bear "/home/pete/wefwefwef/docs/other/9285507827/repo/drop_negatives/.xml/bear/bear.xml"
Reading XML for "/home/pete/wefwefwef/docs/other/9285507827/repo/drop_negatives/.xml/bear/bear.xml"
Reading XML for "/home/pete/wefwefwef/docs/other/9285507827/repo/drop_negatives/.xml/specs_bear.xml"
Creating index.html ...
Creating erldocs_index.js ...
Woot, finished in 0 Minutes 0 Seconds
 :: Discovering other repos
$ 5000  `rm -r '/home/pete/wefwefwef/docs/other/9285507827/bear-branch-drop_negatives'  2>&1`
 :: Processing https://github.com/campanja/bear	{rev,branch,"master","5f998064d178b1b8d01ed90c228d50d8097b12d3",undefined,[],[]}
 :: Fetching repo code
$ cd "/home/pete/wefwefwef/docs/other/9285507827/bear-branch-master/bear"
$ infinity  `curl --fail --silent --show-error --location --output 'master.zip' 'https://github.com/campanja/bear/archive/master.zip'  2>&1`
$ cd "/home/pete/wefwefwef/docs/erldocs_other.git"
$ cd "/home/pete/wefwefwef/docs/other/9285507827/bear-branch-master/bear"
$ 5000  `find -P . -type l -delete  2>&1`
$ cd "/home/pete/wefwefwef/docs/erldocs_other.git"
$ cd "/home/pete/wefwefwef/docs/other/9285507827/bear-branch-master/bear"
$ 5000  `find 'bear-master' -mindepth 1 -maxdepth 1 -exec mv -t . -- {} +  2>&1`
$ cd "/home/pete/wefwefwef/docs/erldocs_other.git"
 :: Getting dependencies
$ cd "/home/pete/wefwefwef/docs/other/9285507827/bear-branch-master/bear"
$ 5000  `ls -1 deps/  2>&1`
$ cd "/home/pete/wefwefwef/docs/erldocs_other.git"
>>> [rebar] deps = []
 :: Generating erldocs into /home/pete/wefwefwef/docs/other/9285507827/repo/master
Building bear
Generating Type Specs - "/home/pete/wefwefwef/docs/other/9285507827/bear-branch-master/bear/src/bear.erl"
Generating XML for application bear "/home/pete/wefwefwef/docs/other/9285507827/bear-branch-master/bear" -> "/home/pete/wefwefwef/docs/other/9285507827/repo/master/.xml/bear"
Generated bear XMLs: ["/home/pete/wefwefwef/docs/other/9285507827/repo/master/.xml/bear/bear.xml"]
Generating HTML - bear "/home/pete/wefwefwef/docs/other/9285507827/repo/master/.xml/bear/bear.xml"
Reading XML for "/home/pete/wefwefwef/docs/other/9285507827/repo/master/.xml/bear/bear.xml"
Reading XML for "/home/pete/wefwefwef/docs/other/9285507827/repo/master/.xml/specs_bear.xml"
Creating index.html ...
Creating erldocs_index.js ...
Woot, finished in 0 Minutes 0 Seconds
 :: Discovering other repos
$ 5000  `rm -r '/home/pete/wefwefwef/docs/other/9285507827/bear-branch-master'  2>&1`
 :: Finishing up
$ 5000  `rm -r '/home/pete/wefwefwef/docs/other/9285507827/bear'  2>&1`
