 :: Extracting meta information
$ infinity  `git ls-remote --heads --tags 'https://github.com/esl/exml'  2>&1`
>>> [repo] 5 branches, 9 tags
 :: Writing meta to "/home/pete/wefwefwef/docs/other/4389dbcb76f6cde8dabcc798fb489a6795f9f59e/meta.txt"
 :: Skipping tag "2.1.0"
 :: Skipping tag "1.5.0"
 :: Skipping tag "2.0.0"
 :: Skipping tag "2.0.1"
 :: Skipping tag "2.1.1"
 :: Skipping tag "2.1.2"
 :: Skipping tag "2.1.3"
 :: Skipping tag "2.1.4"
 :: Skipping tag "2.1.5"
 :: Skipping branch "master"
 :: Skipping branch "refc_bins"
 :: Skipping branch "types-inside-modules"
 :: Skipping branch "xml_size"
 :: Processing https://github.com/esl/exml	{rev,branch,"fix-escaping-bug","07cf1d38a468e09059c1b27ad08bea0b65d94df2",undefined,[],[]}
 :: Fetching repo code
$ cd '/home/pete/wefwefwef/docs/other/4389dbcb76f6cde8dabcc798fb489a6795f9f59e/exml-branch-fix-escaping-bug'
$ infinity  `curl --fail --silent --show-error --location --output repo.tar.gz 'https://codeload.github.com/esl/exml/tar.gz/fix-escaping-bug'  2>&1`
$ cd '/home/pete/wefwefwef/docs/erldocs_other.git'
$ cd '/home/pete/wefwefwef/docs/other/4389dbcb76f6cde8dabcc798fb489a6795f9f59e/exml-branch-fix-escaping-bug/exml-fix-escaping-bug'
$ 5000  `find -P . -type l -delete  2>&1`
$ cd '/home/pete/wefwefwef/docs/erldocs_other.git'
$ 5000  `mv '/home/pete/wefwefwef/docs/other/4389dbcb76f6cde8dabcc798fb489a6795f9f59e/exml-branch-fix-escaping-bug/exml-fix-escaping-bug' '/home/pete/wefwefwef/docs/other/4389dbcb76f6cde8dabcc798fb489a6795f9f59e/exml-branch-fix-escaping-bug/exml'  2>&1`
 :: Getting dependencies
$ cd '/home/pete/wefwefwef/docs/other/4389dbcb76f6cde8dabcc798fb489a6795f9f59e/exml-branch-fix-escaping-bug/exml'
$ 5000  `ls -1 deps/  2>&1`
$ cd '/home/pete/wefwefwef/docs/erldocs_other.git'
>>> [rebar] deps = []
 :: Generating erldocs into /home/pete/wefwefwef/docs/other/4389dbcb76f6cde8dabcc798fb489a6795f9f59e/repo/fix-escaping-bug
Building exml
Generating Type Specs - "/home/pete/wefwefwef/docs/other/4389dbcb76f6cde8dabcc798fb489a6795f9f59e/exml-branch-fix-escaping-bug/exml/src/exml.erl"
Generating Type Specs - "/home/pete/wefwefwef/docs/other/4389dbcb76f6cde8dabcc798fb489a6795f9f59e/exml-branch-fix-escaping-bug/exml/src/exml_event.erl"
Generating Type Specs - "/home/pete/wefwefwef/docs/other/4389dbcb76f6cde8dabcc798fb489a6795f9f59e/exml-branch-fix-escaping-bug/exml/src/exml_query.erl"
Generating Type Specs - "/home/pete/wefwefwef/docs/other/4389dbcb76f6cde8dabcc798fb489a6795f9f59e/exml-branch-fix-escaping-bug/exml/src/exml_stream.erl"
Generating XML for application exml "/home/pete/wefwefwef/docs/other/4389dbcb76f6cde8dabcc798fb489a6795f9f59e/exml-branch-fix-escaping-bug/exml" -> "/home/pete/wefwefwef/docs/other/4389dbcb76f6cde8dabcc798fb489a6795f9f59e/repo/fix-escaping-bug/.xml/exml"
Generated exml XMLs: ["/home/pete/wefwefwef/docs/other/4389dbcb76f6cde8dabcc798fb489a6795f9f59e/repo/fix-escaping-bug/.xml/exml/exml.xml",
                      "/home/pete/wefwefwef/docs/other/4389dbcb76f6cde8dabcc798fb489a6795f9f59e/repo/fix-escaping-bug/.xml/exml/exml_stream.xml",
                      "/home/pete/wefwefwef/docs/other/4389dbcb76f6cde8dabcc798fb489a6795f9f59e/repo/fix-escaping-bug/.xml/exml/exml_query.xml",
                      "/home/pete/wefwefwef/docs/other/4389dbcb76f6cde8dabcc798fb489a6795f9f59e/repo/fix-escaping-bug/.xml/exml/exml_event.xml"]
Generating HTML - exml "/home/pete/wefwefwef/docs/other/4389dbcb76f6cde8dabcc798fb489a6795f9f59e/repo/fix-escaping-bug/.xml/exml/exml.xml"
Generating HTML - exml_stream "/home/pete/wefwefwef/docs/other/4389dbcb76f6cde8dabcc798fb489a6795f9f59e/repo/fix-escaping-bug/.xml/exml/exml_stream.xml"
Generating HTML - exml_query "/home/pete/wefwefwef/docs/other/4389dbcb76f6cde8dabcc798fb489a6795f9f59e/repo/fix-escaping-bug/.xml/exml/exml_query.xml"
Generating HTML - exml_event "/home/pete/wefwefwef/docs/other/4389dbcb76f6cde8dabcc798fb489a6795f9f59e/repo/fix-escaping-bug/.xml/exml/exml_event.xml"
Reading XML for "/home/pete/wefwefwef/docs/other/4389dbcb76f6cde8dabcc798fb489a6795f9f59e/repo/fix-escaping-bug/.xml/exml/exml.xml"
Reading XML for "/home/pete/wefwefwef/docs/other/4389dbcb76f6cde8dabcc798fb489a6795f9f59e/repo/fix-escaping-bug/.xml/exml/exml_stream.xml"
Reading XML for "/home/pete/wefwefwef/docs/other/4389dbcb76f6cde8dabcc798fb489a6795f9f59e/repo/fix-escaping-bug/.xml/exml/exml_query.xml"
Reading XML for "/home/pete/wefwefwef/docs/other/4389dbcb76f6cde8dabcc798fb489a6795f9f59e/repo/fix-escaping-bug/.xml/exml/exml_event.xml"
Reading XML for "/home/pete/wefwefwef/docs/other/4389dbcb76f6cde8dabcc798fb489a6795f9f59e/repo/fix-escaping-bug/.xml/specs_exml_stream.xml"
Reading XML for "/home/pete/wefwefwef/docs/other/4389dbcb76f6cde8dabcc798fb489a6795f9f59e/repo/fix-escaping-bug/.xml/specs_exml_event.xml"
Reading XML for "/home/pete/wefwefwef/docs/other/4389dbcb76f6cde8dabcc798fb489a6795f9f59e/repo/fix-escaping-bug/.xml/specs_exml_query.xml"
Reading XML for "/home/pete/wefwefwef/docs/other/4389dbcb76f6cde8dabcc798fb489a6795f9f59e/repo/fix-escaping-bug/.xml/specs_exml.xml"
Creating index.html ...
Creating erldocs_index.js ...
Woot, finished in 0 Minutes 0 Seconds
 :: Discovering other repos
$ 5000  `rm -r '/home/pete/wefwefwef/docs/other/4389dbcb76f6cde8dabcc798fb489a6795f9f59e/exml-branch-fix-escaping-bug'  2>&1`
 :: Finishing up
$ 5000  `rm -r '/home/pete/wefwefwef/docs/other/4389dbcb76f6cde8dabcc798fb489a6795f9f59e/exml'  2>&1`
