 :: Extracting meta information
$ 5000  `git ls-remote --heads --tags 'https://github.com/r-willis/biten'  2>&1`
>>> [repo] 1 branches, 0 tags
 :: Writing meta to "/home/pete/wefwefwef/docs/other/6508340247/meta.txt"
 :: Processing https://github.com/r-willis/biten	{rev,branch,"master","75b13ea296992f8fa749646b9d7c15c5ef23d94d"}
 :: Fetching repo code
$ cd "/home/pete/wefwefwef/docs/other/6508340247/biten-branch-master/biten"
$ infinity  `curl --fail --silent --show-error --location --output 'master.zip' 'https://github.com/r-willis/biten/archive/master.zip'  2>&1`
$ cd "/home/pete/wefwefwef/docs/erldocs_other.git"
$ cd "/home/pete/wefwefwef/docs/other/6508340247/biten-branch-master/biten"
$ 5000  `find -P . -type l -delete  2>&1`
$ cd "/home/pete/wefwefwef/docs/erldocs_other.git"
$ cd "/home/pete/wefwefwef/docs/other/6508340247/biten-branch-master/biten"
$ 5000  `find 'biten-master' -mindepth 1 -maxdepth 1 -exec mv -t . -- {} +  2>&1`
$ cd "/home/pete/wefwefwef/docs/erldocs_other.git"
 :: Getting dependencies
$ cd "/home/pete/wefwefwef/docs/other/6508340247/biten-branch-master/biten"
$ 5000  `ls -1 deps/  2>&1`
$ cd "/home/pete/wefwefwef/docs/erldocs_other.git"
>>> [rebar] deps = []
 :: Generating erldocs into /home/pete/wefwefwef/docs/other/6508340247/repo/master
Building erlsha2
Generating Type Specs - "/home/pete/wefwefwef/docs/other/6508340247/biten-branch-master/biten/apps/erlsha2/src/erlsha2.erl"
Generating Type Specs - "/home/pete/wefwefwef/docs/other/6508340247/biten-branch-master/biten/apps/erlsha2/src/hmac.erl"
Generating XML for application erlsha2 "/home/pete/wefwefwef/docs/other/6508340247/biten-branch-master/biten/apps/erlsha2" -> "/home/pete/wefwefwef/docs/other/6508340247/repo/master/.xml/erlsha2"
Generated erlsha2 XMLs: ["/home/pete/wefwefwef/docs/other/6508340247/repo/master/.xml/erlsha2/hmac.xml",
                         "/home/pete/wefwefwef/docs/other/6508340247/repo/master/.xml/erlsha2/erlsha2.xml"]
Generating HTML - erlsha2 "/home/pete/wefwefwef/docs/other/6508340247/repo/master/.xml/erlsha2/erlsha2.xml"
Reading XML for "/home/pete/wefwefwef/docs/other/6508340247/repo/master/.xml/erlsha2/erlsha2.xml"
Reading XML for "/home/pete/wefwefwef/docs/other/6508340247/repo/master/.xml/specs_erlsha2.xml"
Generating HTML - hmac "/home/pete/wefwefwef/docs/other/6508340247/repo/master/.xml/erlsha2/hmac.xml"
Reading XML for "/home/pete/wefwefwef/docs/other/6508340247/repo/master/.xml/erlsha2/hmac.xml"
Reading XML for "/home/pete/wefwefwef/docs/other/6508340247/repo/master/.xml/specs_hmac.xml"
Building biten
Generating Type Specs - "/home/pete/wefwefwef/docs/other/6508340247/biten-branch-master/biten/apps/biten/src/accepter.erl"
Generating Type Specs - "/home/pete/wefwefwef/docs/other/6508340247/biten-branch-master/biten/apps/biten/src/b_crypto.erl"
Generating Type Specs - "/home/pete/wefwefwef/docs/other/6508340247/biten-branch-master/biten/apps/biten/src/biten_app.erl"
Generating Type Specs - "/home/pete/wefwefwef/docs/other/6508340247/biten-branch-master/biten/apps/biten/src/biten_sup.erl"
Generating Type Specs - "/home/pete/wefwefwef/docs/other/6508340247/biten-branch-master/biten/apps/biten/src/bootstrap.erl"
Generating Type Specs - "/home/pete/wefwefwef/docs/other/6508340247/biten-branch-master/biten/apps/biten/src/chain.erl"
Generating Type Specs - "/home/pete/wefwefwef/docs/other/6508340247/biten-branch-master/biten/apps/biten/src/mempool.erl"
Generating Type Specs - "/home/pete/wefwefwef/docs/other/6508340247/biten-branch-master/biten/apps/biten/src/netmanager.erl"
Generating Type Specs - "/home/pete/wefwefwef/docs/other/6508340247/biten-branch-master/biten/apps/biten/src/peer.erl"
Generating Type Specs - "/home/pete/wefwefwef/docs/other/6508340247/biten-branch-master/biten/apps/biten/src/peer_sup.erl"
Generating Type Specs - "/home/pete/wefwefwef/docs/other/6508340247/biten-branch-master/biten/apps/biten/src/peerdiscovery.erl"
Generating Type Specs - "/home/pete/wefwefwef/docs/other/6508340247/biten-branch-master/biten/apps/biten/src/protocol.erl"
Generating Type Specs - "/home/pete/wefwefwef/docs/other/6508340247/biten-branch-master/biten/apps/biten/src/sha2.erl"
Generating Type Specs - "/home/pete/wefwefwef/docs/other/6508340247/biten-branch-master/biten/apps/biten/src/stat.erl"
Generating Type Specs - "/home/pete/wefwefwef/docs/other/6508340247/biten-branch-master/biten/apps/biten/src/util.erl"
Generating XML for application biten "/home/pete/wefwefwef/docs/other/6508340247/biten-branch-master/biten/apps/biten" -> "/home/pete/wefwefwef/docs/other/6508340247/repo/master/.xml/biten"
/home/pete/wefwefwef/docs/other/6508340247/biten-branch-master/biten/apps/biten/src/b_crypto.erl, in module header: at line 2: missing '>'.
edoc: skipping source file '/home/pete/wefwefwef/docs/other/6508340247/biten-branch-master/biten/apps/biten/src/b_crypto.erl': {'EXIT',
                                                                                                                          error}.
/home/pete/wefwefwef/docs/other/6508340247/biten-branch-master/biten/apps/biten/src/stat.erl, in module header: at line 2: missing '>'.
edoc: skipping source file '/home/pete/wefwefwef/docs/other/6508340247/biten-branch-master/biten/apps/biten/src/stat.erl': {'EXIT',
                                                                                                                      error}.
/home/pete/wefwefwef/docs/other/6508340247/biten-branch-master/biten/apps/biten/src/netmanager.erl, in module header: at line 2: missing '>'.
edoc: skipping source file '/home/pete/wefwefwef/docs/other/6508340247/biten-branch-master/biten/apps/biten/src/netmanager.erl': {'EXIT',
                                                                                                                            error}.
/home/pete/wefwefwef/docs/other/6508340247/biten-branch-master/biten/apps/biten/src/protocol.erl, in module header: at line 2: missing '>'.
edoc: skipping source file '/home/pete/wefwefwef/docs/other/6508340247/biten-branch-master/biten/apps/biten/src/protocol.erl': {'EXIT',
                                                                                                                          error}.
/home/pete/wefwefwef/docs/other/6508340247/biten-branch-master/biten/apps/biten/src/bootstrap.erl, in module header: at line 2: missing '>'.
edoc: skipping source file '/home/pete/wefwefwef/docs/other/6508340247/biten-branch-master/biten/apps/biten/src/bootstrap.erl': {'EXIT',
                                                                                                                           error}.
/home/pete/wefwefwef/docs/other/6508340247/biten-branch-master/biten/apps/biten/src/peer.erl, in module header: at line 2: missing '>'.
edoc: skipping source file '/home/pete/wefwefwef/docs/other/6508340247/biten-branch-master/biten/apps/biten/src/peer.erl': {'EXIT',
                                                                                                                      error}.
/home/pete/wefwefwef/docs/other/6508340247/biten-branch-master/biten/apps/biten/src/accepter.erl, in module header: at line 2: missing '>'.
edoc: skipping source file '/home/pete/wefwefwef/docs/other/6508340247/biten-branch-master/biten/apps/biten/src/accepter.erl': {'EXIT',
                                                                                                                          error}.
/home/pete/wefwefwef/docs/other/6508340247/biten-branch-master/biten/apps/biten/src/util.erl, in module header: at line 2: missing '>'.
edoc: skipping source file '/home/pete/wefwefwef/docs/other/6508340247/biten-branch-master/biten/apps/biten/src/util.erl': {'EXIT',
                                                                                                                      error}.
edoc: error in doclet 'edoc_doclet': {'EXIT',error}.
Error generating biten XMLs. Using fallback ...
Generating XML biten - accepter "/home/pete/wefwefwef/docs/other/6508340247/biten-branch-master/biten/apps/biten/src/accepter.erl" -> "/home/pete/wefwefwef/docs/other/6508340247/repo/master/.xml/biten/accepter.xml"
/home/pete/wefwefwef/docs/other/6508340247/biten-branch-master/biten/apps/biten/src/accepter.erl, in module header: at line 2: missing '>'.
Error generating XML ("/home/pete/wefwefwef/docs/other/6508340247/biten-branch-master/biten/apps/biten/src/accepter.erl"): {'EXIT',
                                                                                                                            error}
Generating XML biten - b_crypto "/home/pete/wefwefwef/docs/other/6508340247/biten-branch-master/biten/apps/biten/src/b_crypto.erl" -> "/home/pete/wefwefwef/docs/other/6508340247/repo/master/.xml/biten/b_crypto.xml"
/home/pete/wefwefwef/docs/other/6508340247/biten-branch-master/biten/apps/biten/src/b_crypto.erl, in module header: at line 2: missing '>'.
Error generating XML ("/home/pete/wefwefwef/docs/other/6508340247/biten-branch-master/biten/apps/biten/src/b_crypto.erl"): {'EXIT',
                                                                                                                            error}
Generating XML biten - biten_app "/home/pete/wefwefwef/docs/other/6508340247/biten-branch-master/biten/apps/biten/src/biten_app.erl" -> "/home/pete/wefwefwef/docs/other/6508340247/repo/master/.xml/biten/biten_app.xml"
Generating XML biten - biten_sup "/home/pete/wefwefwef/docs/other/6508340247/biten-branch-master/biten/apps/biten/src/biten_sup.erl" -> "/home/pete/wefwefwef/docs/other/6508340247/repo/master/.xml/biten/biten_sup.xml"
Generating XML biten - bootstrap "/home/pete/wefwefwef/docs/other/6508340247/biten-branch-master/biten/apps/biten/src/bootstrap.erl" -> "/home/pete/wefwefwef/docs/other/6508340247/repo/master/.xml/biten/bootstrap.xml"
/home/pete/wefwefwef/docs/other/6508340247/biten-branch-master/biten/apps/biten/src/bootstrap.erl, in module header: at line 2: missing '>'.
Error generating XML ("/home/pete/wefwefwef/docs/other/6508340247/biten-branch-master/biten/apps/biten/src/bootstrap.erl"): {'EXIT',
                                                                                                                             error}
Generating XML biten - chain "/home/pete/wefwefwef/docs/other/6508340247/biten-branch-master/biten/apps/biten/src/chain.erl" -> "/home/pete/wefwefwef/docs/other/6508340247/repo/master/.xml/biten/chain.xml"
Generating XML biten - mempool "/home/pete/wefwefwef/docs/other/6508340247/biten-branch-master/biten/apps/biten/src/mempool.erl" -> "/home/pete/wefwefwef/docs/other/6508340247/repo/master/.xml/biten/mempool.xml"
Generating XML biten - netmanager "/home/pete/wefwefwef/docs/other/6508340247/biten-branch-master/biten/apps/biten/src/netmanager.erl" -> "/home/pete/wefwefwef/docs/other/6508340247/repo/master/.xml/biten/netmanager.xml"
/home/pete/wefwefwef/docs/other/6508340247/biten-branch-master/biten/apps/biten/src/netmanager.erl, in module header: at line 2: missing '>'.
Error generating XML ("/home/pete/wefwefwef/docs/other/6508340247/biten-branch-master/biten/apps/biten/src/netmanager.erl"): {'EXIT',
                                                                                                                              error}
Generating XML biten - peer "/home/pete/wefwefwef/docs/other/6508340247/biten-branch-master/biten/apps/biten/src/peer.erl" -> "/home/pete/wefwefwef/docs/other/6508340247/repo/master/.xml/biten/peer.xml"
/home/pete/wefwefwef/docs/other/6508340247/biten-branch-master/biten/apps/biten/src/peer.erl, in module header: at line 2: missing '>'.
Error generating XML ("/home/pete/wefwefwef/docs/other/6508340247/biten-branch-master/biten/apps/biten/src/peer.erl"): {'EXIT',
                                                                                                                        error}
Generating XML biten - peer_sup "/home/pete/wefwefwef/docs/other/6508340247/biten-branch-master/biten/apps/biten/src/peer_sup.erl" -> "/home/pete/wefwefwef/docs/other/6508340247/repo/master/.xml/biten/peer_sup.xml"
Generating XML biten - peerdiscovery "/home/pete/wefwefwef/docs/other/6508340247/biten-branch-master/biten/apps/biten/src/peerdiscovery.erl" -> "/home/pete/wefwefwef/docs/other/6508340247/repo/master/.xml/biten/peerdiscovery.xml"
Generating XML biten - protocol "/home/pete/wefwefwef/docs/other/6508340247/biten-branch-master/biten/apps/biten/src/protocol.erl" -> "/home/pete/wefwefwef/docs/other/6508340247/repo/master/.xml/biten/protocol.xml"
/home/pete/wefwefwef/docs/other/6508340247/biten-branch-master/biten/apps/biten/src/protocol.erl, in module header: at line 2: missing '>'.
Error generating XML ("/home/pete/wefwefwef/docs/other/6508340247/biten-branch-master/biten/apps/biten/src/protocol.erl"): {'EXIT',
                                                                                                                            error}
Generating XML biten - sha2 "/home/pete/wefwefwef/docs/other/6508340247/biten-branch-master/biten/apps/biten/src/sha2.erl" -> "/home/pete/wefwefwef/docs/other/6508340247/repo/master/.xml/biten/sha2.xml"
Generating XML biten - stat "/home/pete/wefwefwef/docs/other/6508340247/biten-branch-master/biten/apps/biten/src/stat.erl" -> "/home/pete/wefwefwef/docs/other/6508340247/repo/master/.xml/biten/stat.xml"
/home/pete/wefwefwef/docs/other/6508340247/biten-branch-master/biten/apps/biten/src/stat.erl, in module header: at line 2: missing '>'.
Error generating XML ("/home/pete/wefwefwef/docs/other/6508340247/biten-branch-master/biten/apps/biten/src/stat.erl"): {'EXIT',
                                                                                                                        error}
Generating XML biten - util "/home/pete/wefwefwef/docs/other/6508340247/biten-branch-master/biten/apps/biten/src/util.erl" -> "/home/pete/wefwefwef/docs/other/6508340247/repo/master/.xml/biten/util.xml"
/home/pete/wefwefwef/docs/other/6508340247/biten-branch-master/biten/apps/biten/src/util.erl, in module header: at line 2: missing '>'.
Error generating XML ("/home/pete/wefwefwef/docs/other/6508340247/biten-branch-master/biten/apps/biten/src/util.erl"): {'EXIT',
                                                                                                                        error}
Generating HTML - sha2 "/home/pete/wefwefwef/docs/other/6508340247/repo/master/.xml/biten/sha2.xml"
Generating HTML - peerdiscovery "/home/pete/wefwefwef/docs/other/6508340247/repo/master/.xml/biten/peerdiscovery.xml"
Generating HTML - peer_sup "/home/pete/wefwefwef/docs/other/6508340247/repo/master/.xml/biten/peer_sup.xml"
Generating HTML - biten_app "/home/pete/wefwefwef/docs/other/6508340247/repo/master/.xml/biten/biten_app.xml"
Reading XML for "/home/pete/wefwefwef/docs/other/6508340247/repo/master/.xml/biten/sha2.xml"
Reading XML for "/home/pete/wefwefwef/docs/other/6508340247/repo/master/.xml/biten/peerdiscovery.xml"
Reading XML for "/home/pete/wefwefwef/docs/other/6508340247/repo/master/.xml/biten/peer_sup.xml"
Reading XML for "/home/pete/wefwefwef/docs/other/6508340247/repo/master/.xml/biten/biten_app.xml"
Reading XML for "/home/pete/wefwefwef/docs/other/6508340247/repo/master/.xml/specs_peerdiscovery.xml"
Reading XML for "/home/pete/wefwefwef/docs/other/6508340247/repo/master/.xml/specs_peer_sup.xml"
Reading XML for "/home/pete/wefwefwef/docs/other/6508340247/repo/master/.xml/specs_sha2.xml"
Reading XML for "/home/pete/wefwefwef/docs/other/6508340247/repo/master/.xml/specs_biten_app.xml"
Generating HTML - biten_sup "/home/pete/wefwefwef/docs/other/6508340247/repo/master/.xml/biten/biten_sup.xml"
Reading XML for "/home/pete/wefwefwef/docs/other/6508340247/repo/master/.xml/biten/biten_sup.xml"
Reading XML for "/home/pete/wefwefwef/docs/other/6508340247/repo/master/.xml/specs_biten_sup.xml"
Generating HTML - chain "/home/pete/wefwefwef/docs/other/6508340247/repo/master/.xml/biten/chain.xml"
Reading XML for "/home/pete/wefwefwef/docs/other/6508340247/repo/master/.xml/biten/chain.xml"
Reading XML for "/home/pete/wefwefwef/docs/other/6508340247/repo/master/.xml/specs_chain.xml"
Generating HTML - mempool "/home/pete/wefwefwef/docs/other/6508340247/repo/master/.xml/biten/mempool.xml"
Reading XML for "/home/pete/wefwefwef/docs/other/6508340247/repo/master/.xml/biten/mempool.xml"
Reading XML for "/home/pete/wefwefwef/docs/other/6508340247/repo/master/.xml/specs_mempool.xml"
Building biten
Generating XML for application biten "/home/pete/wefwefwef/docs/other/6508340247/biten-branch-master/biten" -> "/home/pete/wefwefwef/docs/other/6508340247/repo/master/.xml/biten"
/home/pete/wefwefwef/docs/other/6508340247/biten-branch-master/biten/apps/biten/src/chain.erl: at line 15: can't find include file "include/config.hrl"
edoc: skipping source file '/home/pete/wefwefwef/docs/other/6508340247/biten-branch-master/biten/apps/biten/src/chain.erl': {'EXIT',
                                                                                                                       error}.
/home/pete/wefwefwef/docs/other/6508340247/biten-branch-master/biten/apps/biten/src/b_crypto.erl, in module header: at line 2: missing '>'.
edoc: skipping source file '/home/pete/wefwefwef/docs/other/6508340247/biten-branch-master/biten/apps/biten/src/b_crypto.erl': {'EXIT',
                                                                                                                          error}.
/home/pete/wefwefwef/docs/other/6508340247/biten-branch-master/biten/apps/biten/src/stat.erl, in module header: at line 2: missing '>'.
edoc: skipping source file '/home/pete/wefwefwef/docs/other/6508340247/biten-branch-master/biten/apps/biten/src/stat.erl': {'EXIT',
                                                                                                                      error}.
/home/pete/wefwefwef/docs/other/6508340247/biten-branch-master/biten/apps/biten/src/netmanager.erl: at line 17: can't find include file "include/config.hrl"
edoc: skipping source file '/home/pete/wefwefwef/docs/other/6508340247/biten-branch-master/biten/apps/biten/src/netmanager.erl': {'EXIT',
                                                                                                                            error}.
/home/pete/wefwefwef/docs/other/6508340247/biten-branch-master/biten/apps/biten/src/protocol.erl: at line 10: can't find include file "include/records.hrl"
edoc: skipping source file '/home/pete/wefwefwef/docs/other/6508340247/biten-branch-master/biten/apps/biten/src/protocol.erl': {'EXIT',
                                                                                                                          error}.
/home/pete/wefwefwef/docs/other/6508340247/biten-branch-master/biten/apps/biten/src/bootstrap.erl, in module header: at line 2: missing '>'.
edoc: skipping source file '/home/pete/wefwefwef/docs/other/6508340247/biten-branch-master/biten/apps/biten/src/bootstrap.erl': {'EXIT',
                                                                                                                           error}.
/home/pete/wefwefwef/docs/other/6508340247/biten-branch-master/biten/apps/biten/src/peer.erl, in module header: at line 2: missing '>'.
edoc: skipping source file '/home/pete/wefwefwef/docs/other/6508340247/biten-branch-master/biten/apps/biten/src/peer.erl': {'EXIT',
                                                                                                                      error}.
/home/pete/wefwefwef/docs/other/6508340247/biten-branch-master/biten/apps/biten/src/accepter.erl, in module header: at line 2: missing '>'.
edoc: skipping source file '/home/pete/wefwefwef/docs/other/6508340247/biten-branch-master/biten/apps/biten/src/accepter.erl': {'EXIT',
                                                                                                                          error}.
/home/pete/wefwefwef/docs/other/6508340247/biten-branch-master/biten/apps/biten/src/mempool.erl: at line 15: can't find include file "include/config.hrl"
edoc: skipping source file '/home/pete/wefwefwef/docs/other/6508340247/biten-branch-master/biten/apps/biten/src/mempool.erl': {'EXIT',
                                                                                                                         error}.
/home/pete/wefwefwef/docs/other/6508340247/biten-branch-master/biten/apps/biten/src/util.erl, in module header: at line 2: missing '>'.
edoc: skipping source file '/home/pete/wefwefwef/docs/other/6508340247/biten-branch-master/biten/apps/biten/src/util.erl': {'EXIT',
                                                                                                                      error}.
edoc: error in doclet 'edoc_doclet': {'EXIT',error}.
Error generating biten XMLs. Using fallback ...
Creating index.html ...
Creating erldocs_index.js ...
Woot, finished in 0 Minutes 3 Seconds
 :: Discovering other repos
$ 5000  `rm -r '/home/pete/wefwefwef/docs/other/6508340247/biten-branch-master'  2>&1`
 :: Erldocs finishing up
$ 5000  `rm -r '/home/pete/wefwefwef/docs/other/6508340247/biten'  2>&1`
