 :: Extracting meta information
$ 5000  `git ls-remote --heads --tags 'https://github.com/cloven/sync'  2>&1`
>>> [repo] 1 branches, 0 tags
 :: Writing meta to "/home/pete/wefwefwef/docs/other/6763620534/meta.txt"
 :: Processing https://github.com/cloven/sync	{rev,branch,"master","1e02d24e919d1406821c5e3542e2eff2e156d315",undefined,[],[]}
 :: Fetching repo code
$ cd "/home/pete/wefwefwef/docs/other/6763620534/sync-branch-master/sync"
$ infinity  `curl --fail --silent --show-error --location --output 'master.zip' 'https://github.com/cloven/sync/archive/master.zip'  2>&1`
$ cd "/home/pete/wefwefwef/docs/erldocs_other.git"
$ cd "/home/pete/wefwefwef/docs/other/6763620534/sync-branch-master/sync"
$ 5000  `find -P . -type l -delete  2>&1`
$ cd "/home/pete/wefwefwef/docs/erldocs_other.git"
$ cd "/home/pete/wefwefwef/docs/other/6763620534/sync-branch-master/sync"
$ 5000  `find 'sync-master' -mindepth 1 -maxdepth 1 -exec mv -t . -- {} +  2>&1`
$ cd "/home/pete/wefwefwef/docs/erldocs_other.git"
 :: Getting dependencies
$ cd "/home/pete/wefwefwef/docs/other/6763620534/sync-branch-master/sync"
$ 5000  `ls -1 deps/  2>&1`
$ cd "/home/pete/wefwefwef/docs/erldocs_other.git"
>>> [rebar] deps = []
 :: Generating erldocs into /home/pete/wefwefwef/docs/other/6763620534/repo/master
Building sync
Generating Type Specs - "/home/pete/wefwefwef/docs/other/6763620534/sync-branch-master/sync/src/sync.erl"
Generating Type Specs - "/home/pete/wefwefwef/docs/other/6763620534/sync-branch-master/sync/src/sync_options.erl"
Generating Type Specs - "/home/pete/wefwefwef/docs/other/6763620534/sync-branch-master/sync/src/sync_scanner.erl"
Generating Type Specs - "/home/pete/wefwefwef/docs/other/6763620534/sync-branch-master/sync/src/sync_utils.erl"
Generating XML for application sync "/home/pete/wefwefwef/docs/other/6763620534/sync-branch-master/sync" -> "/home/pete/wefwefwef/docs/other/6763620534/repo/master/.xml/sync"
/home/pete/wefwefwef/docs/other/6763620534/sync-branch-master/sync/src/sync_scanner.erl, function replace_chars/2: at line 658: unknown error parsing specification: {658,edoc_parser,
                                      ["syntax error before: ","'->'"]}.
edoc: skipping source file '/home/pete/wefwefwef/docs/other/6763620534/sync-branch-master/sync/src/sync_scanner.erl': {'EXIT',
                                                                                                                 error}.
edoc: error in doclet 'edoc_doclet': {'EXIT',error}.
Error generating sync XMLs. Using fallback ...
Generating XML sync - sync "/home/pete/wefwefwef/docs/other/6763620534/sync-branch-master/sync/src/sync.erl" -> "/home/pete/wefwefwef/docs/other/6763620534/repo/master/.xml/sync/sync.xml"
Generating XML sync - sync_options "/home/pete/wefwefwef/docs/other/6763620534/sync-branch-master/sync/src/sync_options.erl" -> "/home/pete/wefwefwef/docs/other/6763620534/repo/master/.xml/sync/sync_options.xml"
Generating XML sync - sync_scanner "/home/pete/wefwefwef/docs/other/6763620534/sync-branch-master/sync/src/sync_scanner.erl" -> "/home/pete/wefwefwef/docs/other/6763620534/repo/master/.xml/sync/sync_scanner.xml"
/home/pete/wefwefwef/docs/other/6763620534/sync-branch-master/sync/src/sync_scanner.erl, function replace_chars/2: at line 658: unknown error parsing specification: {658,edoc_parser,
                                      ["syntax error before: ","'->'"]}.
Error generating XML ("/home/pete/wefwefwef/docs/other/6763620534/sync-branch-master/sync/src/sync_scanner.erl"): {'EXIT',
                                                                                                                   error}
Generating XML sync - sync_utils "/home/pete/wefwefwef/docs/other/6763620534/sync-branch-master/sync/src/sync_utils.erl" -> "/home/pete/wefwefwef/docs/other/6763620534/repo/master/.xml/sync/sync_utils.xml"
Generating HTML - sync "/home/pete/wefwefwef/docs/other/6763620534/repo/master/.xml/sync/sync.xml"
Reading XML for "/home/pete/wefwefwef/docs/other/6763620534/repo/master/.xml/sync/sync.xml"
Reading XML for "/home/pete/wefwefwef/docs/other/6763620534/repo/master/.xml/specs_sync.xml"
Generating HTML - sync_options "/home/pete/wefwefwef/docs/other/6763620534/repo/master/.xml/sync/sync_options.xml"
Reading XML for "/home/pete/wefwefwef/docs/other/6763620534/repo/master/.xml/sync/sync_options.xml"
Reading XML for "/home/pete/wefwefwef/docs/other/6763620534/repo/master/.xml/specs_sync_options.xml"
Generating HTML - sync_utils "/home/pete/wefwefwef/docs/other/6763620534/repo/master/.xml/sync/sync_utils.xml"
Reading XML for "/home/pete/wefwefwef/docs/other/6763620534/repo/master/.xml/sync/sync_utils.xml"
Reading XML for "/home/pete/wefwefwef/docs/other/6763620534/repo/master/.xml/specs_sync_utils.xml"
Creating index.html ...
Creating erldocs_index.js ...
Woot, finished in 0 Minutes 0 Seconds
 :: Discovering other repos
$ 5000  `rm -r '/home/pete/wefwefwef/docs/other/6763620534/sync-branch-master'  2>&1`
 :: Finishing up
$ 5000  `rm -r '/home/pete/wefwefwef/docs/other/6763620534/sync'  2>&1`
