 :: Extracting meta information
$ 5000  `git ls-remote --heads --tags 'https://github.com/ckruse/irckerl'  2>&1`
>>> [repo] 1 branches, 0 tags
 :: Writing meta to "/home/pete/wefwefwef/docs/other/8045754551/meta.txt"
 :: Processing https://github.com/ckruse/irckerl	{rev,branch,"master","2fd47c79a74b580d2d1448d15c5e9e2271e58daa"}
 :: Fetching repo code
$ cd "/home/pete/wefwefwef/docs/other/8045754551/irckerl-branch-master/irckerl"
$ infinity  `curl --fail --silent --show-error --location --output 'master.zip' 'https://github.com/ckruse/irckerl/archive/master.zip'  2>&1`
$ cd "/home/pete/wefwefwef/docs/erldocs_other.git"
$ cd "/home/pete/wefwefwef/docs/other/8045754551/irckerl-branch-master/irckerl"
$ 5000  `find -P . -type l -delete  2>&1`
$ cd "/home/pete/wefwefwef/docs/erldocs_other.git"
$ cd "/home/pete/wefwefwef/docs/other/8045754551/irckerl-branch-master/irckerl"
$ 5000  `find 'irckerl-master' -mindepth 1 -maxdepth 1 -exec mv -t . -- {} +  2>&1`
$ cd "/home/pete/wefwefwef/docs/erldocs_other.git"
 :: Getting dependencies
$ cd "/home/pete/wefwefwef/docs/other/8045754551/irckerl-branch-master/irckerl"
$ 5000  `ls -1 deps/  2>&1`
$ cd "/home/pete/wefwefwef/docs/erldocs_other.git"
>>> [rebar] deps = []
 :: Generating erldocs into /home/pete/wefwefwef/docs/other/8045754551/repo/master
Building irckerl
Generating Type Specs - "/home/pete/wefwefwef/docs/other/8045754551/irckerl-branch-master/irckerl/settings.erl"
/home/pete/wefwefwef/docs/other/8045754551/irckerl-branch-master/irckerl/settings.erl: at line 1: syntax error before: '{'
EDoc could not process file '/home/pete/wefwefwef/docs/other/8045754551/irckerl-branch-master/irckerl/settings.erl'
Error generating type specs for "/home/pete/wefwefwef/docs/other/8045754551/irckerl-branch-master/irckerl/settings.erl"
Generating Type Specs - "/home/pete/wefwefwef/docs/other/8045754551/irckerl-branch-master/irckerl/src/irc_channel.erl"
/home/pete/wefwefwef/docs/other/8045754551/irckerl-branch-master/irckerl/src/irc_channel.erl: at line 21: bad import declaration
EDoc could not process file '/home/pete/wefwefwef/docs/other/8045754551/irckerl-branch-master/irckerl/src/irc_channel.erl'
Error generating type specs for "/home/pete/wefwefwef/docs/other/8045754551/irckerl-branch-master/irckerl/src/irc_channel.erl"
Generating Type Specs - "/home/pete/wefwefwef/docs/other/8045754551/irckerl-branch-master/irckerl/src/irc_channel_helpers.erl"
/home/pete/wefwefwef/docs/other/8045754551/irckerl-branch-master/irckerl/src/irc_channel_helpers.erl: at line 21: bad import declaration
EDoc could not process file '/home/pete/wefwefwef/docs/other/8045754551/irckerl-branch-master/irckerl/src/irc_channel_helpers.erl'
Error generating type specs for "/home/pete/wefwefwef/docs/other/8045754551/irckerl-branch-master/irckerl/src/irc_channel_helpers.erl"
Generating Type Specs - "/home/pete/wefwefwef/docs/other/8045754551/irckerl-branch-master/irckerl/src/irc_client.erl"
/home/pete/wefwefwef/docs/other/8045754551/irckerl-branch-master/irckerl/src/irc_client.erl: at line 21: bad import declaration
EDoc could not process file '/home/pete/wefwefwef/docs/other/8045754551/irckerl-branch-master/irckerl/src/irc_client.erl'
Error generating type specs for "/home/pete/wefwefwef/docs/other/8045754551/irckerl-branch-master/irckerl/src/irc_client.erl"
Generating Type Specs - "/home/pete/wefwefwef/docs/other/8045754551/irckerl-branch-master/irckerl/src/irc_client_helpers.erl"
/home/pete/wefwefwef/docs/other/8045754551/irckerl-branch-master/irckerl/src/irc_client_helpers.erl: at line 21: bad import declaration
EDoc could not process file '/home/pete/wefwefwef/docs/other/8045754551/irckerl-branch-master/irckerl/src/irc_client_helpers.erl'
Error generating type specs for "/home/pete/wefwefwef/docs/other/8045754551/irckerl-branch-master/irckerl/src/irc_client_helpers.erl"
Generating Type Specs - "/home/pete/wefwefwef/docs/other/8045754551/irckerl-branch-master/irckerl/src/irc_client_ping_pong.erl"
/home/pete/wefwefwef/docs/other/8045754551/irckerl-branch-master/irckerl/src/irc_client_ping_pong.erl: at line 21: bad import declaration
EDoc could not process file '/home/pete/wefwefwef/docs/other/8045754551/irckerl-branch-master/irckerl/src/irc_client_ping_pong.erl'
Error generating type specs for "/home/pete/wefwefwef/docs/other/8045754551/irckerl-branch-master/irckerl/src/irc_client_ping_pong.erl"
Generating Type Specs - "/home/pete/wefwefwef/docs/other/8045754551/irckerl-branch-master/irckerl/src/irc_controller.erl"
/home/pete/wefwefwef/docs/other/8045754551/irckerl-branch-master/irckerl/src/irc_controller.erl: at line 21: bad import declaration
EDoc could not process file '/home/pete/wefwefwef/docs/other/8045754551/irckerl-branch-master/irckerl/src/irc_controller.erl'
Error generating type specs for "/home/pete/wefwefwef/docs/other/8045754551/irckerl-branch-master/irckerl/src/irc_controller.erl"
Generating Type Specs - "/home/pete/wefwefwef/docs/other/8045754551/irckerl-branch-master/irckerl/src/irc_parser.erl"
/home/pete/wefwefwef/docs/other/8045754551/irckerl-branch-master/irckerl/src/irc_parser.erl: at line 21: bad import declaration
EDoc could not process file '/home/pete/wefwefwef/docs/other/8045754551/irckerl-branch-master/irckerl/src/irc_parser.erl'
Error generating type specs for "/home/pete/wefwefwef/docs/other/8045754551/irckerl-branch-master/irckerl/src/irc_parser.erl"
Generating Type Specs - "/home/pete/wefwefwef/docs/other/8045754551/irckerl-branch-master/irckerl/src/irc_utils.erl"
/home/pete/wefwefwef/docs/other/8045754551/irckerl-branch-master/irckerl/src/irc_utils.erl: at line 21: bad import declaration
EDoc could not process file '/home/pete/wefwefwef/docs/other/8045754551/irckerl-branch-master/irckerl/src/irc_utils.erl'
Error generating type specs for "/home/pete/wefwefwef/docs/other/8045754551/irckerl-branch-master/irckerl/src/irc_utils.erl"
Generating Type Specs - "/home/pete/wefwefwef/docs/other/8045754551/irckerl-branch-master/irckerl/src/irckerl_app.erl"
Generating Type Specs - "/home/pete/wefwefwef/docs/other/8045754551/irckerl-branch-master/irckerl/src/irckerl_channel.erl"
/home/pete/wefwefwef/docs/other/8045754551/irckerl-branch-master/irckerl/src/irckerl_channel.erl: at line 21: bad import declaration
EDoc could not process file '/home/pete/wefwefwef/docs/other/8045754551/irckerl-branch-master/irckerl/src/irckerl_channel.erl'
Error generating type specs for "/home/pete/wefwefwef/docs/other/8045754551/irckerl-branch-master/irckerl/src/irckerl_channel.erl"
Generating Type Specs - "/home/pete/wefwefwef/docs/other/8045754551/irckerl-branch-master/irckerl/src/irckerl_client.erl"
/home/pete/wefwefwef/docs/other/8045754551/irckerl-branch-master/irckerl/src/irckerl_client.erl: at line 21: bad import declaration
EDoc could not process file '/home/pete/wefwefwef/docs/other/8045754551/irckerl-branch-master/irckerl/src/irckerl_client.erl'
Error generating type specs for "/home/pete/wefwefwef/docs/other/8045754551/irckerl-branch-master/irckerl/src/irckerl_client.erl"
Generating Type Specs - "/home/pete/wefwefwef/docs/other/8045754551/irckerl-branch-master/irckerl/src/irckerl_controller.erl"
/home/pete/wefwefwef/docs/other/8045754551/irckerl-branch-master/irckerl/src/irckerl_controller.erl: at line 21: bad import declaration
EDoc could not process file '/home/pete/wefwefwef/docs/other/8045754551/irckerl-branch-master/irckerl/src/irckerl_controller.erl'
Error generating type specs for "/home/pete/wefwefwef/docs/other/8045754551/irckerl-branch-master/irckerl/src/irckerl_controller.erl"
Generating Type Specs - "/home/pete/wefwefwef/docs/other/8045754551/irckerl-branch-master/irckerl/src/irckerl_logger.erl"
/home/pete/wefwefwef/docs/other/8045754551/irckerl-branch-master/irckerl/src/irckerl_logger.erl: at line 21: bad import declaration
EDoc could not process file '/home/pete/wefwefwef/docs/other/8045754551/irckerl-branch-master/irckerl/src/irckerl_logger.erl'
Error generating type specs for "/home/pete/wefwefwef/docs/other/8045754551/irckerl-branch-master/irckerl/src/irckerl_logger.erl"
Generating Type Specs - "/home/pete/wefwefwef/docs/other/8045754551/irckerl-branch-master/irckerl/src/irckerl_sup.erl"
Generating Type Specs - "/home/pete/wefwefwef/docs/other/8045754551/irckerl-branch-master/irckerl/src/irckerl_utils.erl"
/home/pete/wefwefwef/docs/other/8045754551/irckerl-branch-master/irckerl/src/irckerl_utils.erl: at line 21: bad import declaration
EDoc could not process file '/home/pete/wefwefwef/docs/other/8045754551/irckerl-branch-master/irckerl/src/irckerl_utils.erl'
Error generating type specs for "/home/pete/wefwefwef/docs/other/8045754551/irckerl-branch-master/irckerl/src/irckerl_utils.erl"
Generating Type Specs - "/home/pete/wefwefwef/docs/other/8045754551/irckerl-branch-master/irckerl/src/trim.erl"
Generating XML for application irckerl "/home/pete/wefwefwef/docs/other/8045754551/irckerl-branch-master/irckerl" -> "/home/pete/wefwefwef/docs/other/8045754551/repo/master/.xml/irckerl"
/home/pete/wefwefwef/docs/other/8045754551/irckerl-branch-master/irckerl/src/irckerl_logger.erl: at line 21: bad import declaration
edoc: skipping source file '/home/pete/wefwefwef/docs/other/8045754551/irckerl-branch-master/irckerl/src/irckerl_logger.erl': {'EXIT',
                                                                                                                         error}.
/home/pete/wefwefwef/docs/other/8045754551/irckerl-branch-master/irckerl/src/irckerl_sup.erl, function start_link/0: at line 34: multiple @doc tag.
edoc: skipping source file '/home/pete/wefwefwef/docs/other/8045754551/irckerl-branch-master/irckerl/src/irckerl_sup.erl': {'EXIT',
                                                                                                                      error}.
/home/pete/wefwefwef/docs/other/8045754551/irckerl-branch-master/irckerl/src/irc_client_ping_pong.erl: at line 21: bad import declaration
edoc: skipping source file '/home/pete/wefwefwef/docs/other/8045754551/irckerl-branch-master/irckerl/src/irc_client_ping_pong.erl': {'EXIT',
                                                                                                                               error}.
/home/pete/wefwefwef/docs/other/8045754551/irckerl-branch-master/irckerl/src/irckerl_channel.erl: at line 21: bad import declaration
edoc: skipping source file '/home/pete/wefwefwef/docs/other/8045754551/irckerl-branch-master/irckerl/src/irckerl_channel.erl': {'EXIT',
                                                                                                                          error}.
/home/pete/wefwefwef/docs/other/8045754551/irckerl-branch-master/irckerl/src/irc_channel_helpers.erl: at line 21: bad import declaration
edoc: skipping source file '/home/pete/wefwefwef/docs/other/8045754551/irckerl-branch-master/irckerl/src/irc_channel_helpers.erl': {'EXIT',
                                                                                                                              error}.
/home/pete/wefwefwef/docs/other/8045754551/irckerl-branch-master/irckerl/src/irc_utils.erl: at line 21: bad import declaration
edoc: skipping source file '/home/pete/wefwefwef/docs/other/8045754551/irckerl-branch-master/irckerl/src/irc_utils.erl': {'EXIT',
                                                                                                                    error}.
/home/pete/wefwefwef/docs/other/8045754551/irckerl-branch-master/irckerl/src/irckerl_client.erl: at line 21: bad import declaration
edoc: skipping source file '/home/pete/wefwefwef/docs/other/8045754551/irckerl-branch-master/irckerl/src/irckerl_client.erl': {'EXIT',
                                                                                                                         error}.
/home/pete/wefwefwef/docs/other/8045754551/irckerl-branch-master/irckerl/src/irc_parser.erl: at line 21: bad import declaration
edoc: skipping source file '/home/pete/wefwefwef/docs/other/8045754551/irckerl-branch-master/irckerl/src/irc_parser.erl': {'EXIT',
                                                                                                                     error}.
/home/pete/wefwefwef/docs/other/8045754551/irckerl-branch-master/irckerl/src/irc_controller.erl: at line 21: bad import declaration
edoc: skipping source file '/home/pete/wefwefwef/docs/other/8045754551/irckerl-branch-master/irckerl/src/irc_controller.erl': {'EXIT',
                                                                                                                         error}.
/home/pete/wefwefwef/docs/other/8045754551/irckerl-branch-master/irckerl/src/irckerl_controller.erl: at line 21: bad import declaration
edoc: skipping source file '/home/pete/wefwefwef/docs/other/8045754551/irckerl-branch-master/irckerl/src/irckerl_controller.erl': {'EXIT',
                                                                                                                             error}.
/home/pete/wefwefwef/docs/other/8045754551/irckerl-branch-master/irckerl/src/irc_channel.erl: at line 21: bad import declaration
edoc: skipping source file '/home/pete/wefwefwef/docs/other/8045754551/irckerl-branch-master/irckerl/src/irc_channel.erl': {'EXIT',
                                                                                                                      error}.
/home/pete/wefwefwef/docs/other/8045754551/irckerl-branch-master/irckerl/src/irc_client_helpers.erl: at line 21: bad import declaration
edoc: skipping source file '/home/pete/wefwefwef/docs/other/8045754551/irckerl-branch-master/irckerl/src/irc_client_helpers.erl': {'EXIT',
                                                                                                                             error}.
/home/pete/wefwefwef/docs/other/8045754551/irckerl-branch-master/irckerl/src/irckerl_utils.erl: at line 21: bad import declaration
edoc: skipping source file '/home/pete/wefwefwef/docs/other/8045754551/irckerl-branch-master/irckerl/src/irckerl_utils.erl': {'EXIT',
                                                                                                                        error}.
/home/pete/wefwefwef/docs/other/8045754551/irckerl-branch-master/irckerl/src/irc_client.erl: at line 21: bad import declaration
edoc: skipping source file '/home/pete/wefwefwef/docs/other/8045754551/irckerl-branch-master/irckerl/src/irc_client.erl': {'EXIT',
                                                                                                                     error}.
/home/pete/wefwefwef/docs/other/8045754551/irckerl-branch-master/irckerl/src/trim.erl, function trim/1: at line 30: multiple @doc tag.
edoc: skipping source file '/home/pete/wefwefwef/docs/other/8045754551/irckerl-branch-master/irckerl/src/trim.erl': {'EXIT',
                                                                                                               error}.
edoc: error in doclet 'edoc_doclet': {'EXIT',error}.
Error generating irckerl XMLs. Using fallback ...
Generating XML irckerl - settings "/home/pete/wefwefwef/docs/other/8045754551/irckerl-branch-master/irckerl/settings.erl" -> "/home/pete/wefwefwef/docs/other/8045754551/repo/master/.xml/irckerl/settings.xml"
/home/pete/wefwefwef/docs/other/8045754551/irckerl-branch-master/irckerl/settings.erl: at line 1: syntax error before: '{'
Error generating XML ("/home/pete/wefwefwef/docs/other/8045754551/irckerl-branch-master/irckerl/settings.erl"): {'EXIT',
                                                                                                                 error}
Generating XML irckerl - irc_channel "/home/pete/wefwefwef/docs/other/8045754551/irckerl-branch-master/irckerl/src/irc_channel.erl" -> "/home/pete/wefwefwef/docs/other/8045754551/repo/master/.xml/irckerl/irc_channel.xml"
/home/pete/wefwefwef/docs/other/8045754551/irckerl-branch-master/irckerl/src/irc_channel.erl: at line 21: bad import declaration
Error generating XML ("/home/pete/wefwefwef/docs/other/8045754551/irckerl-branch-master/irckerl/src/irc_channel.erl"): {'EXIT',
                                                                                                                        error}
Generating XML irckerl - irc_channel_helpers "/home/pete/wefwefwef/docs/other/8045754551/irckerl-branch-master/irckerl/src/irc_channel_helpers.erl" -> "/home/pete/wefwefwef/docs/other/8045754551/repo/master/.xml/irckerl/irc_channel_helpers.xml"
/home/pete/wefwefwef/docs/other/8045754551/irckerl-branch-master/irckerl/src/irc_channel_helpers.erl: at line 21: bad import declaration
Error generating XML ("/home/pete/wefwefwef/docs/other/8045754551/irckerl-branch-master/irckerl/src/irc_channel_helpers.erl"): {'EXIT',
                                                                                                                                error}
Generating XML irckerl - irc_client "/home/pete/wefwefwef/docs/other/8045754551/irckerl-branch-master/irckerl/src/irc_client.erl" -> "/home/pete/wefwefwef/docs/other/8045754551/repo/master/.xml/irckerl/irc_client.xml"
/home/pete/wefwefwef/docs/other/8045754551/irckerl-branch-master/irckerl/src/irc_client.erl: at line 21: bad import declaration
Error generating XML ("/home/pete/wefwefwef/docs/other/8045754551/irckerl-branch-master/irckerl/src/irc_client.erl"): {'EXIT',
                                                                                                                       error}
Generating XML irckerl - irc_client_helpers "/home/pete/wefwefwef/docs/other/8045754551/irckerl-branch-master/irckerl/src/irc_client_helpers.erl" -> "/home/pete/wefwefwef/docs/other/8045754551/repo/master/.xml/irckerl/irc_client_helpers.xml"
/home/pete/wefwefwef/docs/other/8045754551/irckerl-branch-master/irckerl/src/irc_client_helpers.erl: at line 21: bad import declaration
Error generating XML ("/home/pete/wefwefwef/docs/other/8045754551/irckerl-branch-master/irckerl/src/irc_client_helpers.erl"): {'EXIT',
                                                                                                                               error}
Generating XML irckerl - irc_client_ping_pong "/home/pete/wefwefwef/docs/other/8045754551/irckerl-branch-master/irckerl/src/irc_client_ping_pong.erl" -> "/home/pete/wefwefwef/docs/other/8045754551/repo/master/.xml/irckerl/irc_client_ping_pong.xml"
/home/pete/wefwefwef/docs/other/8045754551/irckerl-branch-master/irckerl/src/irc_client_ping_pong.erl: at line 21: bad import declaration
Error generating XML ("/home/pete/wefwefwef/docs/other/8045754551/irckerl-branch-master/irckerl/src/irc_client_ping_pong.erl"): {'EXIT',
                                                                                                                                 error}
Generating XML irckerl - irc_controller "/home/pete/wefwefwef/docs/other/8045754551/irckerl-branch-master/irckerl/src/irc_controller.erl" -> "/home/pete/wefwefwef/docs/other/8045754551/repo/master/.xml/irckerl/irc_controller.xml"
/home/pete/wefwefwef/docs/other/8045754551/irckerl-branch-master/irckerl/src/irc_controller.erl: at line 21: bad import declaration
Error generating XML ("/home/pete/wefwefwef/docs/other/8045754551/irckerl-branch-master/irckerl/src/irc_controller.erl"): {'EXIT',
                                                                                                                           error}
Generating XML irckerl - irc_parser "/home/pete/wefwefwef/docs/other/8045754551/irckerl-branch-master/irckerl/src/irc_parser.erl" -> "/home/pete/wefwefwef/docs/other/8045754551/repo/master/.xml/irckerl/irc_parser.xml"
/home/pete/wefwefwef/docs/other/8045754551/irckerl-branch-master/irckerl/src/irc_parser.erl: at line 21: bad import declaration
Error generating XML ("/home/pete/wefwefwef/docs/other/8045754551/irckerl-branch-master/irckerl/src/irc_parser.erl"): {'EXIT',
                                                                                                                       error}
Generating XML irckerl - irc_utils "/home/pete/wefwefwef/docs/other/8045754551/irckerl-branch-master/irckerl/src/irc_utils.erl" -> "/home/pete/wefwefwef/docs/other/8045754551/repo/master/.xml/irckerl/irc_utils.xml"
/home/pete/wefwefwef/docs/other/8045754551/irckerl-branch-master/irckerl/src/irc_utils.erl: at line 21: bad import declaration
Error generating XML ("/home/pete/wefwefwef/docs/other/8045754551/irckerl-branch-master/irckerl/src/irc_utils.erl"): {'EXIT',
                                                                                                                      error}
Generating XML irckerl - irckerl_app "/home/pete/wefwefwef/docs/other/8045754551/irckerl-branch-master/irckerl/src/irckerl_app.erl" -> "/home/pete/wefwefwef/docs/other/8045754551/repo/master/.xml/irckerl/irckerl_app.xml"
Generating XML irckerl - irckerl_channel "/home/pete/wefwefwef/docs/other/8045754551/irckerl-branch-master/irckerl/src/irckerl_channel.erl" -> "/home/pete/wefwefwef/docs/other/8045754551/repo/master/.xml/irckerl/irckerl_channel.xml"
/home/pete/wefwefwef/docs/other/8045754551/irckerl-branch-master/irckerl/src/irckerl_channel.erl: at line 21: bad import declaration
Error generating XML ("/home/pete/wefwefwef/docs/other/8045754551/irckerl-branch-master/irckerl/src/irckerl_channel.erl"): {'EXIT',
                                                                                                                            error}
Generating XML irckerl - irckerl_client "/home/pete/wefwefwef/docs/other/8045754551/irckerl-branch-master/irckerl/src/irckerl_client.erl" -> "/home/pete/wefwefwef/docs/other/8045754551/repo/master/.xml/irckerl/irckerl_client.xml"
/home/pete/wefwefwef/docs/other/8045754551/irckerl-branch-master/irckerl/src/irckerl_client.erl: at line 21: bad import declaration
Error generating XML ("/home/pete/wefwefwef/docs/other/8045754551/irckerl-branch-master/irckerl/src/irckerl_client.erl"): {'EXIT',
                                                                                                                           error}
Generating XML irckerl - irckerl_controller "/home/pete/wefwefwef/docs/other/8045754551/irckerl-branch-master/irckerl/src/irckerl_controller.erl" -> "/home/pete/wefwefwef/docs/other/8045754551/repo/master/.xml/irckerl/irckerl_controller.xml"
/home/pete/wefwefwef/docs/other/8045754551/irckerl-branch-master/irckerl/src/irckerl_controller.erl: at line 21: bad import declaration
Error generating XML ("/home/pete/wefwefwef/docs/other/8045754551/irckerl-branch-master/irckerl/src/irckerl_controller.erl"): {'EXIT',
                                                                                                                               error}
Generating XML irckerl - irckerl_logger "/home/pete/wefwefwef/docs/other/8045754551/irckerl-branch-master/irckerl/src/irckerl_logger.erl" -> "/home/pete/wefwefwef/docs/other/8045754551/repo/master/.xml/irckerl/irckerl_logger.xml"
/home/pete/wefwefwef/docs/other/8045754551/irckerl-branch-master/irckerl/src/irckerl_logger.erl: at line 21: bad import declaration
Error generating XML ("/home/pete/wefwefwef/docs/other/8045754551/irckerl-branch-master/irckerl/src/irckerl_logger.erl"): {'EXIT',
                                                                                                                           error}
Generating XML irckerl - irckerl_sup "/home/pete/wefwefwef/docs/other/8045754551/irckerl-branch-master/irckerl/src/irckerl_sup.erl" -> "/home/pete/wefwefwef/docs/other/8045754551/repo/master/.xml/irckerl/irckerl_sup.xml"
/home/pete/wefwefwef/docs/other/8045754551/irckerl-branch-master/irckerl/src/irckerl_sup.erl, function start_link/0: at line 34: multiple @doc tag.
Error generating XML ("/home/pete/wefwefwef/docs/other/8045754551/irckerl-branch-master/irckerl/src/irckerl_sup.erl"): {'EXIT',
                                                                                                                        error}
Generating XML irckerl - irckerl_utils "/home/pete/wefwefwef/docs/other/8045754551/irckerl-branch-master/irckerl/src/irckerl_utils.erl" -> "/home/pete/wefwefwef/docs/other/8045754551/repo/master/.xml/irckerl/irckerl_utils.xml"
/home/pete/wefwefwef/docs/other/8045754551/irckerl-branch-master/irckerl/src/irckerl_utils.erl: at line 21: bad import declaration
Error generating XML ("/home/pete/wefwefwef/docs/other/8045754551/irckerl-branch-master/irckerl/src/irckerl_utils.erl"): {'EXIT',
                                                                                                                          error}
Generating XML irckerl - trim "/home/pete/wefwefwef/docs/other/8045754551/irckerl-branch-master/irckerl/src/trim.erl" -> "/home/pete/wefwefwef/docs/other/8045754551/repo/master/.xml/irckerl/trim.xml"
/home/pete/wefwefwef/docs/other/8045754551/irckerl-branch-master/irckerl/src/trim.erl, function trim/1: at line 30: multiple @doc tag.
Error generating XML ("/home/pete/wefwefwef/docs/other/8045754551/irckerl-branch-master/irckerl/src/trim.erl"): {'EXIT',
                                                                                                                 error}
Generating HTML - irckerl_app "/home/pete/wefwefwef/docs/other/8045754551/repo/master/.xml/irckerl/irckerl_app.xml"
Reading XML for "/home/pete/wefwefwef/docs/other/8045754551/repo/master/.xml/irckerl/irckerl_app.xml"
Reading XML for "/home/pete/wefwefwef/docs/other/8045754551/repo/master/.xml/specs_irckerl_app.xml"
Creating index.html ...
Creating erldocs_index.js ...
Woot, finished in 0 Minutes 2 Seconds
 :: Discovering other repos
$ 5000  `rm -r '/home/pete/wefwefwef/docs/other/8045754551/irckerl-branch-master'  2>&1`
 :: Erldocs finishing up
$ 5000  `rm -r '/home/pete/wefwefwef/docs/other/8045754551/irckerl'  2>&1`
