 :: Extracting meta information
$ 5000  `git ls-remote --heads --tags 'https://github.com/kivra/robotnik'  2>&1`
>>> [repo] 1 branches, 3 tags
 :: Writing meta to "/home/pete/wefwefwef/docs/other/6763697166/meta.txt"
 :: Processing https://github.com/kivra/robotnik	{rev,tag,"v0.1.0","3e9400c7df91995a52350d0b68b9fb60435f6c33",undefined,[],[]}
 :: Fetching repo code
$ cd "/home/pete/wefwefwef/docs/other/6763697166/robotnik-tag-v0.1.0/robotnik"
$ infinity  `curl --fail --silent --show-error --location --output 'v0.1.0.zip' 'https://github.com/kivra/robotnik/archive/v0.1.0.zip'  2>&1`
$ cd "/home/pete/wefwefwef/docs/erldocs_other.git"
$ cd "/home/pete/wefwefwef/docs/other/6763697166/robotnik-tag-v0.1.0/robotnik"
$ 5000  `find -P . -type l -delete  2>&1`
$ cd "/home/pete/wefwefwef/docs/erldocs_other.git"
$ cd "/home/pete/wefwefwef/docs/other/6763697166/robotnik-tag-v0.1.0/robotnik"
$ 5000  `find 'robotnik-0.1.0' -mindepth 1 -maxdepth 1 -exec mv -t . -- {} +  2>&1`
$ cd "/home/pete/wefwefwef/docs/erldocs_other.git"
 :: Getting dependencies
$ cd "/home/pete/wefwefwef/docs/other/6763697166/robotnik-tag-v0.1.0/robotnik"
$ 5000  `ls -1 deps/  2>&1`
$ cd "/home/pete/wefwefwef/docs/erldocs_other.git"
>>> [rebar] deps = []
 :: Generating erldocs into /home/pete/wefwefwef/docs/other/6763697166/repo/v0.1.0
Building robotnik
Generating Type Specs - "/home/pete/wefwefwef/docs/other/6763697166/robotnik-tag-v0.1.0/robotnik/src/gen_robot.erl"
Generating Type Specs - "/home/pete/wefwefwef/docs/other/6763697166/robotnik-tag-v0.1.0/robotnik/src/robot_zoo.erl"
Generating Type Specs - "/home/pete/wefwefwef/docs/other/6763697166/robotnik-tag-v0.1.0/robotnik/src/robotnik.erl"
/home/pete/wefwefwef/docs/other/6763697166/robotnik-tag-v0.1.0/robotnik/src/robotnik.erl, function run_robot/1: at line 66: @spec arity does not match.
EDoc could not process file '/home/pete/wefwefwef/docs/other/6763697166/robotnik-tag-v0.1.0/robotnik/src/robotnik.erl'
Error generating type specs for "/home/pete/wefwefwef/docs/other/6763697166/robotnik-tag-v0.1.0/robotnik/src/robotnik.erl"
Generating Type Specs - "/home/pete/wefwefwef/docs/other/6763697166/robotnik-tag-v0.1.0/robotnik/src/robotnik_app.erl"
Generating Type Specs - "/home/pete/wefwefwef/docs/other/6763697166/robotnik-tag-v0.1.0/robotnik/src/robotnik_sup.erl"
Generating XML for application robotnik "/home/pete/wefwefwef/docs/other/6763697166/robotnik-tag-v0.1.0/robotnik" -> "/home/pete/wefwefwef/docs/other/6763697166/repo/v0.1.0/.xml/robotnik"
/home/pete/wefwefwef/docs/other/6763697166/robotnik-tag-v0.1.0/robotnik/src/robotnik.erl, function run_robot/1: at line 65: multiple @spec tag.
edoc: skipping source file '/home/pete/wefwefwef/docs/other/6763697166/robotnik-tag-v0.1.0/robotnik/src/robotnik.erl': {'EXIT',
                                                                                                                  error}.
edoc: error in doclet 'edoc_doclet': {'EXIT',error}.
Error generating robotnik XMLs. Using fallback ...
Generating XML robotnik - gen_robot "/home/pete/wefwefwef/docs/other/6763697166/robotnik-tag-v0.1.0/robotnik/src/gen_robot.erl" -> "/home/pete/wefwefwef/docs/other/6763697166/repo/v0.1.0/.xml/robotnik/gen_robot.xml"
Generating XML robotnik - robot_zoo "/home/pete/wefwefwef/docs/other/6763697166/robotnik-tag-v0.1.0/robotnik/src/robot_zoo.erl" -> "/home/pete/wefwefwef/docs/other/6763697166/repo/v0.1.0/.xml/robotnik/robot_zoo.xml"
Generating XML robotnik - robotnik "/home/pete/wefwefwef/docs/other/6763697166/robotnik-tag-v0.1.0/robotnik/src/robotnik.erl" -> "/home/pete/wefwefwef/docs/other/6763697166/repo/v0.1.0/.xml/robotnik/robotnik.xml"
/home/pete/wefwefwef/docs/other/6763697166/robotnik-tag-v0.1.0/robotnik/src/robotnik.erl, function run_robot/1: at line 65: multiple @spec tag.
Error generating XML ("/home/pete/wefwefwef/docs/other/6763697166/robotnik-tag-v0.1.0/robotnik/src/robotnik.erl"): {'EXIT',
                                                                                                                    error}
Generating XML robotnik - robotnik_app "/home/pete/wefwefwef/docs/other/6763697166/robotnik-tag-v0.1.0/robotnik/src/robotnik_app.erl" -> "/home/pete/wefwefwef/docs/other/6763697166/repo/v0.1.0/.xml/robotnik/robotnik_app.xml"
Generating XML robotnik - robotnik_sup "/home/pete/wefwefwef/docs/other/6763697166/robotnik-tag-v0.1.0/robotnik/src/robotnik_sup.erl" -> "/home/pete/wefwefwef/docs/other/6763697166/repo/v0.1.0/.xml/robotnik/robotnik_sup.xml"
Generating HTML - robotnik_sup "/home/pete/wefwefwef/docs/other/6763697166/repo/v0.1.0/.xml/robotnik/robotnik_sup.xml"
Generating HTML - robotnik_app "/home/pete/wefwefwef/docs/other/6763697166/repo/v0.1.0/.xml/robotnik/robotnik_app.xml"
Generating HTML - robot_zoo "/home/pete/wefwefwef/docs/other/6763697166/repo/v0.1.0/.xml/robotnik/robot_zoo.xml"
Generating HTML - gen_robot "/home/pete/wefwefwef/docs/other/6763697166/repo/v0.1.0/.xml/robotnik/gen_robot.xml"
Reading XML for "/home/pete/wefwefwef/docs/other/6763697166/repo/v0.1.0/.xml/robotnik/robotnik_sup.xml"
Reading XML for "/home/pete/wefwefwef/docs/other/6763697166/repo/v0.1.0/.xml/robotnik/robotnik_app.xml"
Reading XML for "/home/pete/wefwefwef/docs/other/6763697166/repo/v0.1.0/.xml/robotnik/robot_zoo.xml"
Reading XML for "/home/pete/wefwefwef/docs/other/6763697166/repo/v0.1.0/.xml/robotnik/gen_robot.xml"
Reading XML for "/home/pete/wefwefwef/docs/other/6763697166/repo/v0.1.0/.xml/specs_robotnik_sup.xml"
Reading XML for "/home/pete/wefwefwef/docs/other/6763697166/repo/v0.1.0/.xml/specs_robotnik_app.xml"
Reading XML for "/home/pete/wefwefwef/docs/other/6763697166/repo/v0.1.0/.xml/specs_robot_zoo.xml"
Reading XML for "/home/pete/wefwefwef/docs/other/6763697166/repo/v0.1.0/.xml/specs_gen_robot.xml"
Creating index.html ...
Creating erldocs_index.js ...
Woot, finished in 0 Minutes 0 Seconds
 :: Discovering other repos
$ 5000  `rm -r '/home/pete/wefwefwef/docs/other/6763697166/robotnik-tag-v0.1.0'  2>&1`
 :: Processing https://github.com/kivra/robotnik	{rev,tag,"v0.1.1","d8c5d0df975585dcddc11eee903390c177dd7cfc",undefined,[],[]}
 :: Fetching repo code
$ cd "/home/pete/wefwefwef/docs/other/6763697166/robotnik-tag-v0.1.1/robotnik"
$ infinity  `curl --fail --silent --show-error --location --output 'v0.1.1.zip' 'https://github.com/kivra/robotnik/archive/v0.1.1.zip'  2>&1`
$ cd "/home/pete/wefwefwef/docs/erldocs_other.git"
$ cd "/home/pete/wefwefwef/docs/other/6763697166/robotnik-tag-v0.1.1/robotnik"
$ 5000  `find -P . -type l -delete  2>&1`
$ cd "/home/pete/wefwefwef/docs/erldocs_other.git"
$ cd "/home/pete/wefwefwef/docs/other/6763697166/robotnik-tag-v0.1.1/robotnik"
$ 5000  `find 'robotnik-0.1.1' -mindepth 1 -maxdepth 1 -exec mv -t . -- {} +  2>&1`
$ cd "/home/pete/wefwefwef/docs/erldocs_other.git"
 :: Getting dependencies
$ cd "/home/pete/wefwefwef/docs/other/6763697166/robotnik-tag-v0.1.1/robotnik"
$ 5000  `ls -1 deps/  2>&1`
$ cd "/home/pete/wefwefwef/docs/erldocs_other.git"
>>> [rebar] deps = []
 :: Generating erldocs into /home/pete/wefwefwef/docs/other/6763697166/repo/v0.1.1
Building robotnik
Generating Type Specs - "/home/pete/wefwefwef/docs/other/6763697166/robotnik-tag-v0.1.1/robotnik/src/gen_robot.erl"
Generating Type Specs - "/home/pete/wefwefwef/docs/other/6763697166/robotnik-tag-v0.1.1/robotnik/src/robot_zoo.erl"
Generating Type Specs - "/home/pete/wefwefwef/docs/other/6763697166/robotnik-tag-v0.1.1/robotnik/src/robotnik.erl"
/home/pete/wefwefwef/docs/other/6763697166/robotnik-tag-v0.1.1/robotnik/src/robotnik.erl, function run_robot/1: at line 68: @spec arity does not match.
EDoc could not process file '/home/pete/wefwefwef/docs/other/6763697166/robotnik-tag-v0.1.1/robotnik/src/robotnik.erl'
Error generating type specs for "/home/pete/wefwefwef/docs/other/6763697166/robotnik-tag-v0.1.1/robotnik/src/robotnik.erl"
Generating Type Specs - "/home/pete/wefwefwef/docs/other/6763697166/robotnik-tag-v0.1.1/robotnik/src/robotnik_app.erl"
Generating Type Specs - "/home/pete/wefwefwef/docs/other/6763697166/robotnik-tag-v0.1.1/robotnik/src/robotnik_sup.erl"
Generating XML for application robotnik "/home/pete/wefwefwef/docs/other/6763697166/robotnik-tag-v0.1.1/robotnik" -> "/home/pete/wefwefwef/docs/other/6763697166/repo/v0.1.1/.xml/robotnik"
/home/pete/wefwefwef/docs/other/6763697166/robotnik-tag-v0.1.1/robotnik/src/robotnik.erl, function run_robot/1: at line 67: multiple @spec tag.
edoc: skipping source file '/home/pete/wefwefwef/docs/other/6763697166/robotnik-tag-v0.1.1/robotnik/src/robotnik.erl': {'EXIT',
                                                                                                                  error}.
edoc: error in doclet 'edoc_doclet': {'EXIT',error}.
Error generating robotnik XMLs. Using fallback ...
Generating XML robotnik - gen_robot "/home/pete/wefwefwef/docs/other/6763697166/robotnik-tag-v0.1.1/robotnik/src/gen_robot.erl" -> "/home/pete/wefwefwef/docs/other/6763697166/repo/v0.1.1/.xml/robotnik/gen_robot.xml"
Generating XML robotnik - robot_zoo "/home/pete/wefwefwef/docs/other/6763697166/robotnik-tag-v0.1.1/robotnik/src/robot_zoo.erl" -> "/home/pete/wefwefwef/docs/other/6763697166/repo/v0.1.1/.xml/robotnik/robot_zoo.xml"
Generating XML robotnik - robotnik "/home/pete/wefwefwef/docs/other/6763697166/robotnik-tag-v0.1.1/robotnik/src/robotnik.erl" -> "/home/pete/wefwefwef/docs/other/6763697166/repo/v0.1.1/.xml/robotnik/robotnik.xml"
/home/pete/wefwefwef/docs/other/6763697166/robotnik-tag-v0.1.1/robotnik/src/robotnik.erl, function run_robot/1: at line 67: multiple @spec tag.
Error generating XML ("/home/pete/wefwefwef/docs/other/6763697166/robotnik-tag-v0.1.1/robotnik/src/robotnik.erl"): {'EXIT',
                                                                                                                    error}
Generating XML robotnik - robotnik_app "/home/pete/wefwefwef/docs/other/6763697166/robotnik-tag-v0.1.1/robotnik/src/robotnik_app.erl" -> "/home/pete/wefwefwef/docs/other/6763697166/repo/v0.1.1/.xml/robotnik/robotnik_app.xml"
Generating XML robotnik - robotnik_sup "/home/pete/wefwefwef/docs/other/6763697166/robotnik-tag-v0.1.1/robotnik/src/robotnik_sup.erl" -> "/home/pete/wefwefwef/docs/other/6763697166/repo/v0.1.1/.xml/robotnik/robotnik_sup.xml"
Generating HTML - robotnik_sup "/home/pete/wefwefwef/docs/other/6763697166/repo/v0.1.1/.xml/robotnik/robotnik_sup.xml"
Generating HTML - robotnik_app "/home/pete/wefwefwef/docs/other/6763697166/repo/v0.1.1/.xml/robotnik/robotnik_app.xml"
Generating HTML - robot_zoo "/home/pete/wefwefwef/docs/other/6763697166/repo/v0.1.1/.xml/robotnik/robot_zoo.xml"
Generating HTML - gen_robot "/home/pete/wefwefwef/docs/other/6763697166/repo/v0.1.1/.xml/robotnik/gen_robot.xml"
Reading XML for "/home/pete/wefwefwef/docs/other/6763697166/repo/v0.1.1/.xml/robotnik/robotnik_sup.xml"
Reading XML for "/home/pete/wefwefwef/docs/other/6763697166/repo/v0.1.1/.xml/robotnik/robotnik_app.xml"
Reading XML for "/home/pete/wefwefwef/docs/other/6763697166/repo/v0.1.1/.xml/robotnik/robot_zoo.xml"
Reading XML for "/home/pete/wefwefwef/docs/other/6763697166/repo/v0.1.1/.xml/robotnik/gen_robot.xml"
Reading XML for "/home/pete/wefwefwef/docs/other/6763697166/repo/v0.1.1/.xml/specs_robotnik_sup.xml"
Reading XML for "/home/pete/wefwefwef/docs/other/6763697166/repo/v0.1.1/.xml/specs_robotnik_app.xml"
Reading XML for "/home/pete/wefwefwef/docs/other/6763697166/repo/v0.1.1/.xml/specs_robot_zoo.xml"
Reading XML for "/home/pete/wefwefwef/docs/other/6763697166/repo/v0.1.1/.xml/specs_gen_robot.xml"
Creating index.html ...
Creating erldocs_index.js ...
Woot, finished in 0 Minutes 0 Seconds
 :: Discovering other repos
$ 5000  `rm -r '/home/pete/wefwefwef/docs/other/6763697166/robotnik-tag-v0.1.1'  2>&1`
 :: Processing https://github.com/kivra/robotnik	{rev,tag,"v0.1.2","9896589ab4d4f9a6f13049a565ef8d47212a5302",undefined,[],[]}
 :: Fetching repo code
$ cd "/home/pete/wefwefwef/docs/other/6763697166/robotnik-tag-v0.1.2/robotnik"
$ infinity  `curl --fail --silent --show-error --location --output 'v0.1.2.zip' 'https://github.com/kivra/robotnik/archive/v0.1.2.zip'  2>&1`
$ cd "/home/pete/wefwefwef/docs/erldocs_other.git"
$ cd "/home/pete/wefwefwef/docs/other/6763697166/robotnik-tag-v0.1.2/robotnik"
$ 5000  `find -P . -type l -delete  2>&1`
$ cd "/home/pete/wefwefwef/docs/erldocs_other.git"
$ cd "/home/pete/wefwefwef/docs/other/6763697166/robotnik-tag-v0.1.2/robotnik"
$ 5000  `find 'robotnik-0.1.2' -mindepth 1 -maxdepth 1 -exec mv -t . -- {} +  2>&1`
$ cd "/home/pete/wefwefwef/docs/erldocs_other.git"
 :: Getting dependencies
$ cd "/home/pete/wefwefwef/docs/other/6763697166/robotnik-tag-v0.1.2/robotnik"
$ 5000  `ls -1 deps/  2>&1`
$ cd "/home/pete/wefwefwef/docs/erldocs_other.git"
>>> [rebar] deps = []
 :: Generating erldocs into /home/pete/wefwefwef/docs/other/6763697166/repo/v0.1.2
Building robotnik
Generating Type Specs - "/home/pete/wefwefwef/docs/other/6763697166/robotnik-tag-v0.1.2/robotnik/src/gen_robot.erl"
Generating Type Specs - "/home/pete/wefwefwef/docs/other/6763697166/robotnik-tag-v0.1.2/robotnik/src/robot_zoo.erl"
Generating Type Specs - "/home/pete/wefwefwef/docs/other/6763697166/robotnik-tag-v0.1.2/robotnik/src/robotnik.erl"
/home/pete/wefwefwef/docs/other/6763697166/robotnik-tag-v0.1.2/robotnik/src/robotnik.erl, function run_robot/1: at line 73: @spec arity does not match.
EDoc could not process file '/home/pete/wefwefwef/docs/other/6763697166/robotnik-tag-v0.1.2/robotnik/src/robotnik.erl'
Error generating type specs for "/home/pete/wefwefwef/docs/other/6763697166/robotnik-tag-v0.1.2/robotnik/src/robotnik.erl"
Generating Type Specs - "/home/pete/wefwefwef/docs/other/6763697166/robotnik-tag-v0.1.2/robotnik/src/robotnik_app.erl"
Generating Type Specs - "/home/pete/wefwefwef/docs/other/6763697166/robotnik-tag-v0.1.2/robotnik/src/robotnik_sup.erl"
Generating XML for application robotnik "/home/pete/wefwefwef/docs/other/6763697166/robotnik-tag-v0.1.2/robotnik" -> "/home/pete/wefwefwef/docs/other/6763697166/repo/v0.1.2/.xml/robotnik"
/home/pete/wefwefwef/docs/other/6763697166/robotnik-tag-v0.1.2/robotnik/src/robotnik.erl, function run_robot/1: at line 72: multiple @spec tag.
edoc: skipping source file '/home/pete/wefwefwef/docs/other/6763697166/robotnik-tag-v0.1.2/robotnik/src/robotnik.erl': {'EXIT',
                                                                                                                  error}.
edoc: error in doclet 'edoc_doclet': {'EXIT',error}.
Error generating robotnik XMLs. Using fallback ...
Generating XML robotnik - gen_robot "/home/pete/wefwefwef/docs/other/6763697166/robotnik-tag-v0.1.2/robotnik/src/gen_robot.erl" -> "/home/pete/wefwefwef/docs/other/6763697166/repo/v0.1.2/.xml/robotnik/gen_robot.xml"
Generating XML robotnik - robot_zoo "/home/pete/wefwefwef/docs/other/6763697166/robotnik-tag-v0.1.2/robotnik/src/robot_zoo.erl" -> "/home/pete/wefwefwef/docs/other/6763697166/repo/v0.1.2/.xml/robotnik/robot_zoo.xml"
Generating XML robotnik - robotnik "/home/pete/wefwefwef/docs/other/6763697166/robotnik-tag-v0.1.2/robotnik/src/robotnik.erl" -> "/home/pete/wefwefwef/docs/other/6763697166/repo/v0.1.2/.xml/robotnik/robotnik.xml"
/home/pete/wefwefwef/docs/other/6763697166/robotnik-tag-v0.1.2/robotnik/src/robotnik.erl, function run_robot/1: at line 72: multiple @spec tag.
Error generating XML ("/home/pete/wefwefwef/docs/other/6763697166/robotnik-tag-v0.1.2/robotnik/src/robotnik.erl"): {'EXIT',
                                                                                                                    error}
Generating XML robotnik - robotnik_app "/home/pete/wefwefwef/docs/other/6763697166/robotnik-tag-v0.1.2/robotnik/src/robotnik_app.erl" -> "/home/pete/wefwefwef/docs/other/6763697166/repo/v0.1.2/.xml/robotnik/robotnik_app.xml"
Generating XML robotnik - robotnik_sup "/home/pete/wefwefwef/docs/other/6763697166/robotnik-tag-v0.1.2/robotnik/src/robotnik_sup.erl" -> "/home/pete/wefwefwef/docs/other/6763697166/repo/v0.1.2/.xml/robotnik/robotnik_sup.xml"
Generating HTML - robotnik_sup "/home/pete/wefwefwef/docs/other/6763697166/repo/v0.1.2/.xml/robotnik/robotnik_sup.xml"
Generating HTML - robotnik_app "/home/pete/wefwefwef/docs/other/6763697166/repo/v0.1.2/.xml/robotnik/robotnik_app.xml"
Generating HTML - robot_zoo "/home/pete/wefwefwef/docs/other/6763697166/repo/v0.1.2/.xml/robotnik/robot_zoo.xml"
Generating HTML - gen_robot "/home/pete/wefwefwef/docs/other/6763697166/repo/v0.1.2/.xml/robotnik/gen_robot.xml"
Reading XML for "/home/pete/wefwefwef/docs/other/6763697166/repo/v0.1.2/.xml/robotnik/robotnik_sup.xml"
Reading XML for "/home/pete/wefwefwef/docs/other/6763697166/repo/v0.1.2/.xml/robotnik/robotnik_app.xml"
Reading XML for "/home/pete/wefwefwef/docs/other/6763697166/repo/v0.1.2/.xml/robotnik/robot_zoo.xml"
Reading XML for "/home/pete/wefwefwef/docs/other/6763697166/repo/v0.1.2/.xml/robotnik/gen_robot.xml"
Reading XML for "/home/pete/wefwefwef/docs/other/6763697166/repo/v0.1.2/.xml/specs_robotnik_sup.xml"
Reading XML for "/home/pete/wefwefwef/docs/other/6763697166/repo/v0.1.2/.xml/specs_robotnik_app.xml"
Reading XML for "/home/pete/wefwefwef/docs/other/6763697166/repo/v0.1.2/.xml/specs_robot_zoo.xml"
Reading XML for "/home/pete/wefwefwef/docs/other/6763697166/repo/v0.1.2/.xml/specs_gen_robot.xml"
Creating index.html ...
Creating erldocs_index.js ...
Woot, finished in 0 Minutes 0 Seconds
 :: Discovering other repos
$ 5000  `rm -r '/home/pete/wefwefwef/docs/other/6763697166/robotnik-tag-v0.1.2'  2>&1`
 :: Processing https://github.com/kivra/robotnik	{rev,branch,"master","ea7dd5bc7e2dd6c9340873a84aa751e8807022ea",undefined,[],[]}
 :: Fetching repo code
$ cd "/home/pete/wefwefwef/docs/other/6763697166/robotnik-branch-master/robotnik"
$ infinity  `curl --fail --silent --show-error --location --output 'master.zip' 'https://github.com/kivra/robotnik/archive/master.zip'  2>&1`
$ cd "/home/pete/wefwefwef/docs/erldocs_other.git"
$ cd "/home/pete/wefwefwef/docs/other/6763697166/robotnik-branch-master/robotnik"
$ 5000  `find -P . -type l -delete  2>&1`
$ cd "/home/pete/wefwefwef/docs/erldocs_other.git"
$ cd "/home/pete/wefwefwef/docs/other/6763697166/robotnik-branch-master/robotnik"
$ 5000  `find 'robotnik-master' -mindepth 1 -maxdepth 1 -exec mv -t . -- {} +  2>&1`
$ cd "/home/pete/wefwefwef/docs/erldocs_other.git"
 :: Getting dependencies
$ cd "/home/pete/wefwefwef/docs/other/6763697166/robotnik-branch-master/robotnik"
$ 5000  `ls -1 deps/  2>&1`
$ cd "/home/pete/wefwefwef/docs/erldocs_other.git"
>>> [rebar] deps = []
 :: Generating erldocs into /home/pete/wefwefwef/docs/other/6763697166/repo/master
Building robotnik
Generating Type Specs - "/home/pete/wefwefwef/docs/other/6763697166/robotnik-branch-master/robotnik/src/gen_robot.erl"
Generating Type Specs - "/home/pete/wefwefwef/docs/other/6763697166/robotnik-branch-master/robotnik/src/robot_zoo.erl"
Generating Type Specs - "/home/pete/wefwefwef/docs/other/6763697166/robotnik-branch-master/robotnik/src/robotnik.erl"
/home/pete/wefwefwef/docs/other/6763697166/robotnik-branch-master/robotnik/src/robotnik.erl, function run_robot/1: at line 73: @spec arity does not match.
EDoc could not process file '/home/pete/wefwefwef/docs/other/6763697166/robotnik-branch-master/robotnik/src/robotnik.erl'
Error generating type specs for "/home/pete/wefwefwef/docs/other/6763697166/robotnik-branch-master/robotnik/src/robotnik.erl"
Generating Type Specs - "/home/pete/wefwefwef/docs/other/6763697166/robotnik-branch-master/robotnik/src/robotnik_app.erl"
Generating Type Specs - "/home/pete/wefwefwef/docs/other/6763697166/robotnik-branch-master/robotnik/src/robotnik_sup.erl"
Generating XML for application robotnik "/home/pete/wefwefwef/docs/other/6763697166/robotnik-branch-master/robotnik" -> "/home/pete/wefwefwef/docs/other/6763697166/repo/master/.xml/robotnik"
/home/pete/wefwefwef/docs/other/6763697166/robotnik-branch-master/robotnik/src/robotnik.erl, function run_robot/1: at line 72: multiple @spec tag.
edoc: skipping source file '/home/pete/wefwefwef/docs/other/6763697166/robotnik-branch-master/robotnik/src/robotnik.erl': {'EXIT',
                                                                                                                     error}.
edoc: error in doclet 'edoc_doclet': {'EXIT',error}.
Error generating robotnik XMLs. Using fallback ...
Generating XML robotnik - gen_robot "/home/pete/wefwefwef/docs/other/6763697166/robotnik-branch-master/robotnik/src/gen_robot.erl" -> "/home/pete/wefwefwef/docs/other/6763697166/repo/master/.xml/robotnik/gen_robot.xml"
Generating XML robotnik - robot_zoo "/home/pete/wefwefwef/docs/other/6763697166/robotnik-branch-master/robotnik/src/robot_zoo.erl" -> "/home/pete/wefwefwef/docs/other/6763697166/repo/master/.xml/robotnik/robot_zoo.xml"
Generating XML robotnik - robotnik "/home/pete/wefwefwef/docs/other/6763697166/robotnik-branch-master/robotnik/src/robotnik.erl" -> "/home/pete/wefwefwef/docs/other/6763697166/repo/master/.xml/robotnik/robotnik.xml"
/home/pete/wefwefwef/docs/other/6763697166/robotnik-branch-master/robotnik/src/robotnik.erl, function run_robot/1: at line 72: multiple @spec tag.
Error generating XML ("/home/pete/wefwefwef/docs/other/6763697166/robotnik-branch-master/robotnik/src/robotnik.erl"): {'EXIT',
                                                                                                                       error}
Generating XML robotnik - robotnik_app "/home/pete/wefwefwef/docs/other/6763697166/robotnik-branch-master/robotnik/src/robotnik_app.erl" -> "/home/pete/wefwefwef/docs/other/6763697166/repo/master/.xml/robotnik/robotnik_app.xml"
Generating XML robotnik - robotnik_sup "/home/pete/wefwefwef/docs/other/6763697166/robotnik-branch-master/robotnik/src/robotnik_sup.erl" -> "/home/pete/wefwefwef/docs/other/6763697166/repo/master/.xml/robotnik/robotnik_sup.xml"
Generating HTML - robotnik_sup "/home/pete/wefwefwef/docs/other/6763697166/repo/master/.xml/robotnik/robotnik_sup.xml"
Generating HTML - robotnik_app "/home/pete/wefwefwef/docs/other/6763697166/repo/master/.xml/robotnik/robotnik_app.xml"
Generating HTML - robot_zoo "/home/pete/wefwefwef/docs/other/6763697166/repo/master/.xml/robotnik/robot_zoo.xml"
Generating HTML - gen_robot "/home/pete/wefwefwef/docs/other/6763697166/repo/master/.xml/robotnik/gen_robot.xml"
Reading XML for "/home/pete/wefwefwef/docs/other/6763697166/repo/master/.xml/robotnik/robotnik_sup.xml"
Reading XML for "/home/pete/wefwefwef/docs/other/6763697166/repo/master/.xml/robotnik/robotnik_app.xml"
Reading XML for "/home/pete/wefwefwef/docs/other/6763697166/repo/master/.xml/robotnik/robot_zoo.xml"
Reading XML for "/home/pete/wefwefwef/docs/other/6763697166/repo/master/.xml/robotnik/gen_robot.xml"
Reading XML for "/home/pete/wefwefwef/docs/other/6763697166/repo/master/.xml/specs_robotnik_sup.xml"
Reading XML for "/home/pete/wefwefwef/docs/other/6763697166/repo/master/.xml/specs_robotnik_app.xml"
Reading XML for "/home/pete/wefwefwef/docs/other/6763697166/repo/master/.xml/specs_robot_zoo.xml"
Reading XML for "/home/pete/wefwefwef/docs/other/6763697166/repo/master/.xml/specs_gen_robot.xml"
Creating index.html ...
Creating erldocs_index.js ...
Woot, finished in 0 Minutes 0 Seconds
 :: Discovering other repos
$ 5000  `rm -r '/home/pete/wefwefwef/docs/other/6763697166/robotnik-branch-master'  2>&1`
 :: Finishing up
$ 5000  `rm -r '/home/pete/wefwefwef/docs/other/6763697166/robotnik'  2>&1`
