 :: Extracting meta information
$ 5000  `git ls-remote --heads --tags 'https://github.com/hyperthunk/erlxsl'  2>&1`
>>> [repo] 3 branches, 3 tags
 :: Writing meta to "/home/pete/wefwefwef/docs/other/2521250698/meta.txt"
 :: Processing https://github.com/hyperthunk/erlxsl	{rev,tag,"0.2.0","1ee7b667f331252b49dabc01204e4ad2435e86ac",undefined,[],[]}
 :: Fetching repo code
$ cd "/home/pete/wefwefwef/docs/other/2521250698/erlxsl-tag-0.2.0/erlxsl"
$ infinity  `curl --fail --silent --show-error --location --output '0.2.0.zip' 'https://github.com/hyperthunk/erlxsl/archive/0.2.0.zip'  2>&1`
$ cd "/home/pete/wefwefwef/docs/erldocs_other.git"
$ cd "/home/pete/wefwefwef/docs/other/2521250698/erlxsl-tag-0.2.0/erlxsl"
$ 5000  `find -P . -type l -delete  2>&1`
$ cd "/home/pete/wefwefwef/docs/erldocs_other.git"
$ cd "/home/pete/wefwefwef/docs/other/2521250698/erlxsl-tag-0.2.0/erlxsl"
$ 5000  `find 'erlxsl-0.2.0' -mindepth 1 -maxdepth 1 -exec mv -t . -- {} +  2>&1`
$ cd "/home/pete/wefwefwef/docs/erldocs_other.git"
 :: Getting dependencies
$ cd "/home/pete/wefwefwef/docs/other/2521250698/erlxsl-tag-0.2.0/erlxsl"
$ 5000  `ls -1 deps/  2>&1`
$ cd "/home/pete/wefwefwef/docs/erldocs_other.git"
>>> [rebar] deps = []
 :: Generating erldocs into /home/pete/wefwefwef/docs/other/2521250698/repo/0.2.0
Building erlxsl
Generating Type Specs - "/home/pete/wefwefwef/docs/other/2521250698/erlxsl-tag-0.2.0/erlxsl/src/erlxsl_app.erl"
EDoc could not process file '/home/pete/wefwefwef/docs/other/2521250698/erlxsl-tag-0.2.0/erlxsl/src/erlxsl_app.erl'
Error generating type specs for "/home/pete/wefwefwef/docs/other/2521250698/erlxsl-tag-0.2.0/erlxsl/src/erlxsl_app.erl"
Generating Type Specs - "/home/pete/wefwefwef/docs/other/2521250698/erlxsl-tag-0.2.0/erlxsl/src/erlxsl_fast_log.erl"
EDoc could not process file '/home/pete/wefwefwef/docs/other/2521250698/erlxsl-tag-0.2.0/erlxsl/src/erlxsl_fast_log.erl'
Error generating type specs for "/home/pete/wefwefwef/docs/other/2521250698/erlxsl-tag-0.2.0/erlxsl/src/erlxsl_fast_log.erl"
Generating Type Specs - "/home/pete/wefwefwef/docs/other/2521250698/erlxsl-tag-0.2.0/erlxsl/src/erlxsl_marshall.erl"
EDoc could not process file '/home/pete/wefwefwef/docs/other/2521250698/erlxsl-tag-0.2.0/erlxsl/src/erlxsl_marshall.erl'
Error generating type specs for "/home/pete/wefwefwef/docs/other/2521250698/erlxsl-tag-0.2.0/erlxsl/src/erlxsl_marshall.erl"
Generating Type Specs - "/home/pete/wefwefwef/docs/other/2521250698/erlxsl-tag-0.2.0/erlxsl/src/erlxsl_port_controller.erl"
EDoc could not process file '/home/pete/wefwefwef/docs/other/2521250698/erlxsl-tag-0.2.0/erlxsl/src/erlxsl_port_controller.erl'
Error generating type specs for "/home/pete/wefwefwef/docs/other/2521250698/erlxsl-tag-0.2.0/erlxsl/src/erlxsl_port_controller.erl"
Generating Type Specs - "/home/pete/wefwefwef/docs/other/2521250698/erlxsl-tag-0.2.0/erlxsl/src/erlxsl_sup.erl"
EDoc could not process file '/home/pete/wefwefwef/docs/other/2521250698/erlxsl-tag-0.2.0/erlxsl/src/erlxsl_sup.erl'
Error generating type specs for "/home/pete/wefwefwef/docs/other/2521250698/erlxsl-tag-0.2.0/erlxsl/src/erlxsl_sup.erl"
Generating Type Specs - "/home/pete/wefwefwef/docs/other/2521250698/erlxsl-tag-0.2.0/erlxsl/src/erlxsl_util.erl"
EDoc could not process file '/home/pete/wefwefwef/docs/other/2521250698/erlxsl-tag-0.2.0/erlxsl/src/erlxsl_util.erl'
Error generating type specs for "/home/pete/wefwefwef/docs/other/2521250698/erlxsl-tag-0.2.0/erlxsl/src/erlxsl_util.erl"
Generating XML for application erlxsl "/home/pete/wefwefwef/docs/other/2521250698/erlxsl-tag-0.2.0/erlxsl" -> "/home/pete/wefwefwef/docs/other/2521250698/repo/0.2.0/.xml/erlxsl"
edoc: skipping source file '/home/pete/wefwefwef/docs/other/2521250698/erlxsl-tag-0.2.0/erlxsl/src/erlxsl_sup.erl': {'EXIT',
                                                                                                               {system_limit,
                                                                                                                [{ets,
                                                                                                                  new,
                                                                                                                  [etypes,
                                                                                                                   [ordered_set]],
                                                                                                                  []},
                                                                                                                 {edoc_specs,
                                                                                                                  add_data,
                                                                                                                  4,
                                                                                                                  [{file,
                                                                                                                    "edoc_specs.erl"},
                                                                                                                   {line,
                                                                                                                    109}]},
                                                                                                                 {edoc_extract,
                                                                                                                  source1,
                                                                                                                  5,
                                                                                                                  [{file,
                                                                                                                    [...]},
                                                                                                                   {line,...}]},
                                                                                                                 {edoc_doclet,
                                                                                                                  source,
                                                                                                                  9,
                                                                                                                  [{file,...},
                                                                                                                   {...}]},
                                                                                                                 {lists,
                                                                                                                  foldl,
                                                                                                                  3,
                                                                                                                  [{...}|...]},
                                                                                                                 {edoc_doclet,
                                                                                                                  sources,
                                                                                                                  5,
                                                                                                                  [...]},
                                                                                                                 {edoc_doclet,
                                                                                                                  gen,
                                                                                                                  6,...},
                                                                                                                 {edoc_lib,
                                                                                                                  run_plugin,...}]}}.
edoc: skipping source file '/home/pete/wefwefwef/docs/other/2521250698/erlxsl-tag-0.2.0/erlxsl/src/erlxsl_marshall.erl': {error,
                                                                                                                    34,
                                                                                                                    {"error in XML parser: ~P.",
                                                                                                                     [{system_limit,
                                                                                                                       [{ets,
                                                                                                                         new,
                                                                                                                         [rules,
                                                                                                                          [...]],
                                                                                                                         []},
                                                                                                                        {xmerl_scan,
                                                                                                                         initial_state,
                                                                                                                         2,
                                                                                                                         [...]},
                                                                                                                        {xmerl_scan,
                                                                                                                         int_string,
                                                                                                                         4,...},
                                                                                                                        {xmerl_scan,
                                                                                                                         string,...},
                                                                                                                        {edoc_wiki,...},
                                                                                                                        {...}|...]},
                                                                                                                      10]}}.
edoc: skipping source file '/home/pete/wefwefwef/docs/other/2521250698/erlxsl-tag-0.2.0/erlxsl/src/erlxsl_app.erl': {'EXIT',
                                                                                                               {system_limit,
                                                                                                                [{ets,
                                                                                                                  new,
                                                                                                                  [etypes,
                                                                                                                   [ordered_set]],
                                                                                                                  []},
                                                                                                                 {edoc_specs,
                                                                                                                  add_data,
                                                                                                                  4,
                                                                                                                  [{file,
                                                                                                                    "edoc_specs.erl"},
                                                                                                                   {line,
                                                                                                                    109}]},
                                                                                                                 {edoc_extract,
                                                                                                                  source1,
                                                                                                                  5,
                                                                                                                  [{file,
                                                                                                                    [...]},
                                                                                                                   {line,...}]},
                                                                                                                 {edoc_doclet,
                                                                                                                  source,
                                                                                                                  9,
                                                                                                                  [{file,...},
                                                                                                                   {...}]},
                                                                                                                 {lists,
                                                                                                                  foldl,
                                                                                                                  3,
                                                                                                                  [{...}|...]},
                                                                                                                 {edoc_doclet,
                                                                                                                  sources,
                                                                                                                  5,
                                                                                                                  [...]},
                                                                                                                 {edoc_doclet,
                                                                                                                  gen,
                                                                                                                  6,...},
                                                                                                                 {edoc_lib,
                                                                                                                  run_plugin,...}]}}.
/home/pete/wefwefwef/docs/other/2521250698/erlxsl-tag-0.2.0/erlxsl/src/erlxsl_port_controller.erl, function start/1: at line 66: error in XML parser: {system_limit,[{ets,new,[rules,[set|...]],[]},
                                    {xmerl_scan,initial_state,2,[{...}|...]},
                                    {xmerl_scan,int_string,4,[...]},
                                    {xmerl_scan,string,2,...},
                                    {edoc_wiki,parse_xml_1,...},
                                    {edoc_wiki,...},
                                    {...}|...]}.
edoc: skipping source file '/home/pete/wefwefwef/docs/other/2521250698/erlxsl-tag-0.2.0/erlxsl/src/erlxsl_port_controller.erl': {'EXIT',
                                                                                                                           error}.
/home/pete/wefwefwef/docs/other/2521250698/erlxsl-tag-0.2.0/erlxsl/src/erlxsl_fast_log.erl, function start/0: at line 41: multiple @spec tag.
/home/pete/wefwefwef/docs/other/2521250698/erlxsl-tag-0.2.0/erlxsl/src/erlxsl_fast_log.erl, function start/0: at line 40: multiple @spec tag.
/home/pete/wefwefwef/docs/other/2521250698/erlxsl-tag-0.2.0/erlxsl/src/erlxsl_fast_log.erl, function start/0: at line 39: multiple @spec tag.
/home/pete/wefwefwef/docs/other/2521250698/erlxsl-tag-0.2.0/erlxsl/src/erlxsl_fast_log.erl, function start/0: at line 38: multiple @spec tag.
/home/pete/wefwefwef/docs/other/2521250698/erlxsl-tag-0.2.0/erlxsl/src/erlxsl_fast_log.erl, function start/0: at line 37: multiple @spec tag.
/home/pete/wefwefwef/docs/other/2521250698/erlxsl-tag-0.2.0/erlxsl/src/erlxsl_fast_log.erl, function start/0: at line 36: multiple @spec tag.
/home/pete/wefwefwef/docs/other/2521250698/erlxsl-tag-0.2.0/erlxsl/src/erlxsl_fast_log.erl, function start/0: at line 35: multiple @spec tag.
/home/pete/wefwefwef/docs/other/2521250698/erlxsl-tag-0.2.0/erlxsl/src/erlxsl_fast_log.erl, function start/0: at line 34: multiple @spec tag.
edoc: skipping source file '/home/pete/wefwefwef/docs/other/2521250698/erlxsl-tag-0.2.0/erlxsl/src/erlxsl_fast_log.erl': {'EXIT',
                                                                                                                    error}.
/home/pete/wefwefwef/docs/other/2521250698/erlxsl-tag-0.2.0/erlxsl/src/erlxsl_util.erl, in module header: at line 32: error in XML parser: {system_limit,[{ets,new,[rules,[set|...]],[]},
                                    {xmerl_scan,initial_state,2,[{...}|...]},
                                    {xmerl_scan,int_string,4,[...]},
                                    {xmerl_scan,string,2,...},
                                    {edoc_wiki,parse_xml_1,...},
                                    {edoc_wiki,...},
                                    {...}|...]}.
edoc: skipping source file '/home/pete/wefwefwef/docs/other/2521250698/erlxsl-tag-0.2.0/erlxsl/src/erlxsl_util.erl': {'EXIT',
                                                                                                                error}.
edoc: error in doclet 'edoc_doclet': {'EXIT',error}.
Error generating erlxsl XMLs. Using fallback ...
Generating XML erlxsl - erlxsl_app "/home/pete/wefwefwef/docs/other/2521250698/erlxsl-tag-0.2.0/erlxsl/src/erlxsl_app.erl" -> "/home/pete/wefwefwef/docs/other/2521250698/repo/0.2.0/.xml/erlxsl/erlxsl_app.xml"
Error generating XML ("/home/pete/wefwefwef/docs/other/2521250698/erlxsl-tag-0.2.0/erlxsl/src/erlxsl_app.erl"): {'EXIT',
                                                                                                                 {system_limit,
                                                                                                                  [{ets,
                                                                                                                    new,
                                                                                                                    [etypes,
                                                                                                                     [ordered_set]],
                                                                                                                    []},
                                                                                                                   {edoc_specs,
                                                                                                                    add_data,
                                                                                                                    4,
                                                                                                                    [{file,
                                                                                                                      "edoc_specs.erl"},
                                                                                                                     {line,
                                                                                                                      109}]},
                                                                                                                   {edoc_extract,
                                                                                                                    source1,
                                                                                                                    5,
                                                                                                                    [{file,
                                                                                                                      "edoc_extract.erl"},
                                                                                                                     {line,
                                                                                                                      130}]},
                                                                                                                   {edoc,
                                                                                                                    read,
                                                                                                                    2,
                                                                                                                    [{file,
                                                                                                                      "edoc.erl"},
                                                                                                                     {line,
                                                                                                                      538}]},
                                                                                                                   {edoc,
                                                                                                                    file,
                                                                                                                    2,
                                                                                                                    [{file,
                                                                                                                      "edoc.erl"},
                                                                                                                     {line,
                                                                                                                      116}]},
                                                                                                                   {erldocs_core,
                                                                                                                    '-gen_docsrc/4-fun-1-',
                                                                                                                    5,
                                                                                                                    [{file,
                                                                                                                      "src/erldocs_core.erl"},
                                                                                                                     {line,
                                                                                                                      204}]},
                                                                                                                   {lists,
                                                                                                                    foldl,
                                                                                                                    3,
                                                                                                                    [{file,
                                                                                                                      "lists.erl"},
                                                                                                                     {line,
                                                                                                                      1261}]},
                                                                                                                   {erldocs_core,
                                                                                                                    tmp_cd,
                                                                                                                    2,
                                                                                                                    [{file,
                                                                                                                      "src/erldocs_core.erl"},
                                                                                                                     {line,
                                                                                                                      227}]}]}}
Generating XML erlxsl - erlxsl_fast_log "/home/pete/wefwefwef/docs/other/2521250698/erlxsl-tag-0.2.0/erlxsl/src/erlxsl_fast_log.erl" -> "/home/pete/wefwefwef/docs/other/2521250698/repo/0.2.0/.xml/erlxsl/erlxsl_fast_log.xml"
/home/pete/wefwefwef/docs/other/2521250698/erlxsl-tag-0.2.0/erlxsl/src/erlxsl_fast_log.erl, function start/0: at line 41: multiple @spec tag.
/home/pete/wefwefwef/docs/other/2521250698/erlxsl-tag-0.2.0/erlxsl/src/erlxsl_fast_log.erl, function start/0: at line 40: multiple @spec tag.
/home/pete/wefwefwef/docs/other/2521250698/erlxsl-tag-0.2.0/erlxsl/src/erlxsl_fast_log.erl, function start/0: at line 39: multiple @spec tag.
/home/pete/wefwefwef/docs/other/2521250698/erlxsl-tag-0.2.0/erlxsl/src/erlxsl_fast_log.erl, function start/0: at line 38: multiple @spec tag.
/home/pete/wefwefwef/docs/other/2521250698/erlxsl-tag-0.2.0/erlxsl/src/erlxsl_fast_log.erl, function start/0: at line 37: multiple @spec tag.
/home/pete/wefwefwef/docs/other/2521250698/erlxsl-tag-0.2.0/erlxsl/src/erlxsl_fast_log.erl, function start/0: at line 36: multiple @spec tag.
/home/pete/wefwefwef/docs/other/2521250698/erlxsl-tag-0.2.0/erlxsl/src/erlxsl_fast_log.erl, function start/0: at line 35: multiple @spec tag.
/home/pete/wefwefwef/docs/other/2521250698/erlxsl-tag-0.2.0/erlxsl/src/erlxsl_fast_log.erl, function start/0: at line 34: multiple @spec tag.
Error generating XML ("/home/pete/wefwefwef/docs/other/2521250698/erlxsl-tag-0.2.0/erlxsl/src/erlxsl_fast_log.erl"): {'EXIT',
                                                                                                                      error}
Generating XML erlxsl - erlxsl_marshall "/home/pete/wefwefwef/docs/other/2521250698/erlxsl-tag-0.2.0/erlxsl/src/erlxsl_marshall.erl" -> "/home/pete/wefwefwef/docs/other/2521250698/repo/0.2.0/.xml/erlxsl/erlxsl_marshall.xml"
Error generating XML ("/home/pete/wefwefwef/docs/other/2521250698/erlxsl-tag-0.2.0/erlxsl/src/erlxsl_marshall.erl"): {error,
                                                                                                                      34,
                                                                                                                      {"error in XML parser: ~P.",
                                                                                                                       [{system_limit,
                                                                                                                         [{ets,
                                                                                                                           new,
                                                                                                                           [rules,
                                                                                                                            [set,
                                                                                                                             public]],
                                                                                                                           []},
                                                                                                                          {xmerl_scan,
                                                                                                                           initial_state,
                                                                                                                           2,
                                                                                                                           [{file,
                                                                                                                             "xmerl_scan.erl"},
                                                                                                                            {line,
                                                                                                                             413}]},
                                                                                                                          {xmerl_scan,
                                                                                                                           int_string,
                                                                                                                           4,
                                                                                                                           [{file,
                                                                                                                             "xmerl_scan.erl"},
                                                                                                                            {line,
                                                                                                                             295}]},
                                                                                                                          {xmerl_scan,
                                                                                                                           string,
                                                                                                                           2,
                                                                                                                           [{file,
                                                                                                                             "xmerl_scan.erl"},
                                                                                                                            {line,
                                                                                                                             286}]},
                                                                                                                          {edoc_wiki,
                                                                                                                           parse_xml_1,
                                                                                                                           2,
                                                                                                                           [{file,
                                                                                                                             "edoc_wiki.erl"},
                                                                                                                            {line,
                                                                                                                             85}]},
                                                                                                                          {edoc_wiki,
                                                                                                                           parse_xml,
                                                                                                                           2,
                                                                                                                           [{file,
                                                                                                                             "edoc_wiki.erl"},
                                                                                                                            {line,
                                                                                                                             79}]},
                                                                                                                          {edoc_specs,
                                                                                                                           find_type_docs,
                                                                                                                           3,
                                                                                                                           [{file,
                                                                                                                             "edoc_specs.erl"},
                                                                                                                            {line,
                                                                                                                             150}]},
                                                                                                                          {edoc_extract,
                                                                                                                           source,
                                                                                                                           5,
                                                                                                                           [{file,
                                                                                                                             "edoc_extract.erl"},
                                                                                                                            {line,
                                                                                                                             78}]}]},
                                                                                                                        10]}}
Generating XML erlxsl - erlxsl_port_controller "/home/pete/wefwefwef/docs/other/2521250698/erlxsl-tag-0.2.0/erlxsl/src/erlxsl_port_controller.erl" -> "/home/pete/wefwefwef/docs/other/2521250698/repo/0.2.0/.xml/erlxsl/erlxsl_port_controller.xml"
/home/pete/wefwefwef/docs/other/2521250698/erlxsl-tag-0.2.0/erlxsl/src/erlxsl_port_controller.erl, function start/1: at line 66: error in XML parser: {system_limit,[{ets,new,[rules,[set|...]],[]},
                                    {xmerl_scan,initial_state,2,[{...}|...]},
                                    {xmerl_scan,int_string,4,[...]},
                                    {xmerl_scan,string,2,...},
                                    {edoc_wiki,parse_xml_1,...},
                                    {edoc_wiki,...},
                                    {...}|...]}.
Error generating XML ("/home/pete/wefwefwef/docs/other/2521250698/erlxsl-tag-0.2.0/erlxsl/src/erlxsl_port_controller.erl"): {'EXIT',
                                                                                                                             error}
Generating XML erlxsl - erlxsl_sup "/home/pete/wefwefwef/docs/other/2521250698/erlxsl-tag-0.2.0/erlxsl/src/erlxsl_sup.erl" -> "/home/pete/wefwefwef/docs/other/2521250698/repo/0.2.0/.xml/erlxsl/erlxsl_sup.xml"
Error generating XML ("/home/pete/wefwefwef/docs/other/2521250698/erlxsl-tag-0.2.0/erlxsl/src/erlxsl_sup.erl"): {'EXIT',
                                                                                                                 {system_limit,
                                                                                                                  [{ets,
                                                                                                                    new,
                                                                                                                    [etypes,
                                                                                                                     [ordered_set]],
                                                                                                                    []},
                                                                                                                   {edoc_specs,
                                                                                                                    add_data,
                                                                                                                    4,
                                                                                                                    [{file,
                                                                                                                      "edoc_specs.erl"},
                                                                                                                     {line,
                                                                                                                      109}]},
                                                                                                                   {edoc_extract,
                                                                                                                    source1,
                                                                                                                    5,
                                                                                                                    [{file,
                                                                                                                      "edoc_extract.erl"},
                                                                                                                     {line,
                                                                                                                      130}]},
                                                                                                                   {edoc,
                                                                                                                    read,
                                                                                                                    2,
                                                                                                                    [{file,
                                                                                                                      "edoc.erl"},
                                                                                                                     {line,
                                                                                                                      538}]},
                                                                                                                   {edoc,
                                                                                                                    file,
                                                                                                                    2,
                                                                                                                    [{file,
                                                                                                                      "edoc.erl"},
                                                                                                                     {line,
                                                                                                                      116}]},
                                                                                                                   {erldocs_core,
                                                                                                                    '-gen_docsrc/4-fun-1-',
                                                                                                                    5,
                                                                                                                    [{file,
                                                                                                                      "src/erldocs_core.erl"},
                                                                                                                     {line,
                                                                                                                      204}]},
                                                                                                                   {lists,
                                                                                                                    foldl,
                                                                                                                    3,
                                                                                                                    [{file,
                                                                                                                      "lists.erl"},
                                                                                                                     {line,
                                                                                                                      1261}]},
                                                                                                                   {erldocs_core,
                                                                                                                    tmp_cd,
                                                                                                                    2,
                                                                                                                    [{file,
                                                                                                                      "src/erldocs_core.erl"},
                                                                                                                     {line,
                                                                                                                      227}]}]}}
Generating XML erlxsl - erlxsl_util "/home/pete/wefwefwef/docs/other/2521250698/erlxsl-tag-0.2.0/erlxsl/src/erlxsl_util.erl" -> "/home/pete/wefwefwef/docs/other/2521250698/repo/0.2.0/.xml/erlxsl/erlxsl_util.xml"
/home/pete/wefwefwef/docs/other/2521250698/erlxsl-tag-0.2.0/erlxsl/src/erlxsl_util.erl, in module header: at line 32: error in XML parser: {system_limit,[{ets,new,[rules,[set|...]],[]},
                                    {xmerl_scan,initial_state,2,[{...}|...]},
                                    {xmerl_scan,int_string,4,[...]},
                                    {xmerl_scan,string,2,...},
                                    {edoc_wiki,parse_xml_1,...},
                                    {edoc_wiki,...},
                                    {...}|...]}.
Error generating XML ("/home/pete/wefwefwef/docs/other/2521250698/erlxsl-tag-0.2.0/erlxsl/src/erlxsl_util.erl"): {'EXIT',
                                                                                                                  error}
No documentation was generated!
Woot, finished in 0 Minutes 0 Seconds
 :: Discovering other repos
$ 5000  `rm -r '/home/pete/wefwefwef/docs/other/2521250698/erlxsl-tag-0.2.0'  2>&1`
 :: Processing https://github.com/hyperthunk/erlxsl	{rev,tag,"0.1.0","7bb5a9b5e7558133d97f5dc2304d26ac01d94053",undefined,[],[]}
 :: Fetching repo code
$ cd "/home/pete/wefwefwef/docs/other/2521250698/erlxsl-tag-0.1.0/erlxsl"
$ infinity  `curl --fail --silent --show-error --location --output '0.1.0.zip' 'https://github.com/hyperthunk/erlxsl/archive/0.1.0.zip'  2>&1`
$ cd "/home/pete/wefwefwef/docs/erldocs_other.git"
$ cd "/home/pete/wefwefwef/docs/other/2521250698/erlxsl-tag-0.1.0/erlxsl"
$ 5000  `find -P . -type l -delete  2>&1`
$ cd "/home/pete/wefwefwef/docs/erldocs_other.git"
$ cd "/home/pete/wefwefwef/docs/other/2521250698/erlxsl-tag-0.1.0/erlxsl"
$ 5000  `find 'erlxsl-0.1.0' -mindepth 1 -maxdepth 1 -exec mv -t . -- {} +  2>&1`
$ cd "/home/pete/wefwefwef/docs/erldocs_other.git"
 :: Getting dependencies
$ cd "/home/pete/wefwefwef/docs/other/2521250698/erlxsl-tag-0.1.0/erlxsl"
$ 5000  `ls -1 deps/  2>&1`
$ cd "/home/pete/wefwefwef/docs/erldocs_other.git"
>>> [rebar] deps = []
 :: Generating erldocs into /home/pete/wefwefwef/docs/other/2521250698/repo/0.1.0
Building erlxsl
Generating Type Specs - "/home/pete/wefwefwef/docs/other/2521250698/erlxsl-tag-0.1.0/erlxsl/src/erlxsl_app.erl"
EDoc could not process file '/home/pete/wefwefwef/docs/other/2521250698/erlxsl-tag-0.1.0/erlxsl/src/erlxsl_app.erl'
Error generating type specs for "/home/pete/wefwefwef/docs/other/2521250698/erlxsl-tag-0.1.0/erlxsl/src/erlxsl_app.erl"
Generating Type Specs - "/home/pete/wefwefwef/docs/other/2521250698/erlxsl-tag-0.1.0/erlxsl/src/erlxsl_fast_log.erl"
EDoc could not process file '/home/pete/wefwefwef/docs/other/2521250698/erlxsl-tag-0.1.0/erlxsl/src/erlxsl_fast_log.erl'
Error generating type specs for "/home/pete/wefwefwef/docs/other/2521250698/erlxsl-tag-0.1.0/erlxsl/src/erlxsl_fast_log.erl"
Generating Type Specs - "/home/pete/wefwefwef/docs/other/2521250698/erlxsl-tag-0.1.0/erlxsl/src/erlxsl_marshall.erl"
EDoc could not process file '/home/pete/wefwefwef/docs/other/2521250698/erlxsl-tag-0.1.0/erlxsl/src/erlxsl_marshall.erl'
Error generating type specs for "/home/pete/wefwefwef/docs/other/2521250698/erlxsl-tag-0.1.0/erlxsl/src/erlxsl_marshall.erl"
Generating Type Specs - "/home/pete/wefwefwef/docs/other/2521250698/erlxsl-tag-0.1.0/erlxsl/src/erlxsl_port_controller.erl"
EDoc could not process file '/home/pete/wefwefwef/docs/other/2521250698/erlxsl-tag-0.1.0/erlxsl/src/erlxsl_port_controller.erl'
Error generating type specs for "/home/pete/wefwefwef/docs/other/2521250698/erlxsl-tag-0.1.0/erlxsl/src/erlxsl_port_controller.erl"
Generating Type Specs - "/home/pete/wefwefwef/docs/other/2521250698/erlxsl-tag-0.1.0/erlxsl/src/erlxsl_sup.erl"
EDoc could not process file '/home/pete/wefwefwef/docs/other/2521250698/erlxsl-tag-0.1.0/erlxsl/src/erlxsl_sup.erl'
Error generating type specs for "/home/pete/wefwefwef/docs/other/2521250698/erlxsl-tag-0.1.0/erlxsl/src/erlxsl_sup.erl"
Generating XML for application erlxsl "/home/pete/wefwefwef/docs/other/2521250698/erlxsl-tag-0.1.0/erlxsl" -> "/home/pete/wefwefwef/docs/other/2521250698/repo/0.1.0/.xml/erlxsl"
edoc: skipping source file '/home/pete/wefwefwef/docs/other/2521250698/erlxsl-tag-0.1.0/erlxsl/src/erlxsl_sup.erl': {'EXIT',
                                                                                                               {system_limit,
                                                                                                                [{ets,
                                                                                                                  new,
                                                                                                                  [etypes,
                                                                                                                   [ordered_set]],
                                                                                                                  []},
                                                                                                                 {edoc_specs,
                                                                                                                  add_data,
                                                                                                                  4,
                                                                                                                  [{file,
                                                                                                                    "edoc_specs.erl"},
                                                                                                                   {line,
                                                                                                                    109}]},
                                                                                                                 {edoc_extract,
                                                                                                                  source1,
                                                                                                                  5,
                                                                                                                  [{file,
                                                                                                                    [...]},
                                                                                                                   {line,...}]},
                                                                                                                 {edoc_doclet,
                                                                                                                  source,
                                                                                                                  9,
                                                                                                                  [{file,...},
                                                                                                                   {...}]},
                                                                                                                 {lists,
                                                                                                                  foldl,
                                                                                                                  3,
                                                                                                                  [{...}|...]},
                                                                                                                 {edoc_doclet,
                                                                                                                  sources,
                                                                                                                  5,
                                                                                                                  [...]},
                                                                                                                 {edoc_doclet,
                                                                                                                  gen,
                                                                                                                  6,...},
                                                                                                                 {edoc_lib,
                                                                                                                  run_plugin,...}]}}.
/home/pete/wefwefwef/docs/other/2521250698/erlxsl-tag-0.1.0/erlxsl/src/erlxsl_marshall.erl, in module header: at line 26: error in XML parser: {system_limit,[{ets,new,[rules,[set|...]],[]},
                                    {xmerl_scan,initial_state,2,[{...}|...]},
                                    {xmerl_scan,int_string,4,[...]},
                                    {xmerl_scan,string,2,...},
                                    {edoc_wiki,parse_xml_1,...},
                                    {edoc_wiki,...},
                                    {...}|...]}.
edoc: skipping source file '/home/pete/wefwefwef/docs/other/2521250698/erlxsl-tag-0.1.0/erlxsl/src/erlxsl_marshall.erl': {'EXIT',
                                                                                                                    error}.
edoc: skipping source file '/home/pete/wefwefwef/docs/other/2521250698/erlxsl-tag-0.1.0/erlxsl/src/erlxsl_app.erl': {'EXIT',
                                                                                                               {system_limit,
                                                                                                                [{ets,
                                                                                                                  new,
                                                                                                                  [etypes,
                                                                                                                   [ordered_set]],
                                                                                                                  []},
                                                                                                                 {edoc_specs,
                                                                                                                  add_data,
                                                                                                                  4,
                                                                                                                  [{file,
                                                                                                                    "edoc_specs.erl"},
                                                                                                                   {line,
                                                                                                                    109}]},
                                                                                                                 {edoc_extract,
                                                                                                                  source1,
                                                                                                                  5,
                                                                                                                  [{file,
                                                                                                                    [...]},
                                                                                                                   {line,...}]},
                                                                                                                 {edoc_doclet,
                                                                                                                  source,
                                                                                                                  9,
                                                                                                                  [{file,...},
                                                                                                                   {...}]},
                                                                                                                 {lists,
                                                                                                                  foldl,
                                                                                                                  3,
                                                                                                                  [{...}|...]},
                                                                                                                 {edoc_doclet,
                                                                                                                  sources,
                                                                                                                  5,
                                                                                                                  [...]},
                                                                                                                 {edoc_doclet,
                                                                                                                  gen,
                                                                                                                  6,...},
                                                                                                                 {edoc_lib,
                                                                                                                  run_plugin,...}]}}.
/home/pete/wefwefwef/docs/other/2521250698/erlxsl-tag-0.1.0/erlxsl/src/erlxsl_port_controller.erl, function start/1: at line 60: error in XML parser: {system_limit,[{ets,new,[rules,[set|...]],[]},
                                    {xmerl_scan,initial_state,2,[{...}|...]},
                                    {xmerl_scan,int_string,4,[...]},
                                    {xmerl_scan,string,2,...},
                                    {edoc_wiki,parse_xml_1,...},
                                    {edoc_wiki,...},
                                    {...}|...]}.
edoc: skipping source file '/home/pete/wefwefwef/docs/other/2521250698/erlxsl-tag-0.1.0/erlxsl/src/erlxsl_port_controller.erl': {'EXIT',
                                                                                                                           error}.
/home/pete/wefwefwef/docs/other/2521250698/erlxsl-tag-0.1.0/erlxsl/src/erlxsl_fast_log.erl, function start/0: at line 41: multiple @spec tag.
/home/pete/wefwefwef/docs/other/2521250698/erlxsl-tag-0.1.0/erlxsl/src/erlxsl_fast_log.erl, function start/0: at line 40: multiple @spec tag.
/home/pete/wefwefwef/docs/other/2521250698/erlxsl-tag-0.1.0/erlxsl/src/erlxsl_fast_log.erl, function start/0: at line 39: multiple @spec tag.
/home/pete/wefwefwef/docs/other/2521250698/erlxsl-tag-0.1.0/erlxsl/src/erlxsl_fast_log.erl, function start/0: at line 38: multiple @spec tag.
/home/pete/wefwefwef/docs/other/2521250698/erlxsl-tag-0.1.0/erlxsl/src/erlxsl_fast_log.erl, function start/0: at line 37: multiple @spec tag.
/home/pete/wefwefwef/docs/other/2521250698/erlxsl-tag-0.1.0/erlxsl/src/erlxsl_fast_log.erl, function start/0: at line 36: multiple @spec tag.
/home/pete/wefwefwef/docs/other/2521250698/erlxsl-tag-0.1.0/erlxsl/src/erlxsl_fast_log.erl, function start/0: at line 35: multiple @spec tag.
/home/pete/wefwefwef/docs/other/2521250698/erlxsl-tag-0.1.0/erlxsl/src/erlxsl_fast_log.erl, function start/0: at line 34: multiple @spec tag.
edoc: skipping source file '/home/pete/wefwefwef/docs/other/2521250698/erlxsl-tag-0.1.0/erlxsl/src/erlxsl_fast_log.erl': {'EXIT',
                                                                                                                    error}.
edoc: error in doclet 'edoc_doclet': {'EXIT',error}.
Error generating erlxsl XMLs. Using fallback ...
Generating XML erlxsl - erlxsl_app "/home/pete/wefwefwef/docs/other/2521250698/erlxsl-tag-0.1.0/erlxsl/src/erlxsl_app.erl" -> "/home/pete/wefwefwef/docs/other/2521250698/repo/0.1.0/.xml/erlxsl/erlxsl_app.xml"
Error generating XML ("/home/pete/wefwefwef/docs/other/2521250698/erlxsl-tag-0.1.0/erlxsl/src/erlxsl_app.erl"): {'EXIT',
                                                                                                                 {system_limit,
                                                                                                                  [{ets,
                                                                                                                    new,
                                                                                                                    [etypes,
                                                                                                                     [ordered_set]],
                                                                                                                    []},
                                                                                                                   {edoc_specs,
                                                                                                                    add_data,
                                                                                                                    4,
                                                                                                                    [{file,
                                                                                                                      "edoc_specs.erl"},
                                                                                                                     {line,
                                                                                                                      109}]},
                                                                                                                   {edoc_extract,
                                                                                                                    source1,
                                                                                                                    5,
                                                                                                                    [{file,
                                                                                                                      "edoc_extract.erl"},
                                                                                                                     {line,
                                                                                                                      130}]},
                                                                                                                   {edoc,
                                                                                                                    read,
                                                                                                                    2,
                                                                                                                    [{file,
                                                                                                                      "edoc.erl"},
                                                                                                                     {line,
                                                                                                                      538}]},
                                                                                                                   {edoc,
                                                                                                                    file,
                                                                                                                    2,
                                                                                                                    [{file,
                                                                                                                      "edoc.erl"},
                                                                                                                     {line,
                                                                                                                      116}]},
                                                                                                                   {erldocs_core,
                                                                                                                    '-gen_docsrc/4-fun-1-',
                                                                                                                    5,
                                                                                                                    [{file,
                                                                                                                      "src/erldocs_core.erl"},
                                                                                                                     {line,
                                                                                                                      204}]},
                                                                                                                   {lists,
                                                                                                                    foldl,
                                                                                                                    3,
                                                                                                                    [{file,
                                                                                                                      "lists.erl"},
                                                                                                                     {line,
                                                                                                                      1261}]},
                                                                                                                   {erldocs_core,
                                                                                                                    tmp_cd,
                                                                                                                    2,
                                                                                                                    [{file,
                                                                                                                      "src/erldocs_core.erl"},
                                                                                                                     {line,
                                                                                                                      227}]}]}}
Generating XML erlxsl - erlxsl_fast_log "/home/pete/wefwefwef/docs/other/2521250698/erlxsl-tag-0.1.0/erlxsl/src/erlxsl_fast_log.erl" -> "/home/pete/wefwefwef/docs/other/2521250698/repo/0.1.0/.xml/erlxsl/erlxsl_fast_log.xml"
/home/pete/wefwefwef/docs/other/2521250698/erlxsl-tag-0.1.0/erlxsl/src/erlxsl_fast_log.erl, function start/0: at line 41: multiple @spec tag.
/home/pete/wefwefwef/docs/other/2521250698/erlxsl-tag-0.1.0/erlxsl/src/erlxsl_fast_log.erl, function start/0: at line 40: multiple @spec tag.
/home/pete/wefwefwef/docs/other/2521250698/erlxsl-tag-0.1.0/erlxsl/src/erlxsl_fast_log.erl, function start/0: at line 39: multiple @spec tag.
/home/pete/wefwefwef/docs/other/2521250698/erlxsl-tag-0.1.0/erlxsl/src/erlxsl_fast_log.erl, function start/0: at line 38: multiple @spec tag.
/home/pete/wefwefwef/docs/other/2521250698/erlxsl-tag-0.1.0/erlxsl/src/erlxsl_fast_log.erl, function start/0: at line 37: multiple @spec tag.
/home/pete/wefwefwef/docs/other/2521250698/erlxsl-tag-0.1.0/erlxsl/src/erlxsl_fast_log.erl, function start/0: at line 36: multiple @spec tag.
/home/pete/wefwefwef/docs/other/2521250698/erlxsl-tag-0.1.0/erlxsl/src/erlxsl_fast_log.erl, function start/0: at line 35: multiple @spec tag.
/home/pete/wefwefwef/docs/other/2521250698/erlxsl-tag-0.1.0/erlxsl/src/erlxsl_fast_log.erl, function start/0: at line 34: multiple @spec tag.
Error generating XML ("/home/pete/wefwefwef/docs/other/2521250698/erlxsl-tag-0.1.0/erlxsl/src/erlxsl_fast_log.erl"): {'EXIT',
                                                                                                                      error}
Generating XML erlxsl - erlxsl_marshall "/home/pete/wefwefwef/docs/other/2521250698/erlxsl-tag-0.1.0/erlxsl/src/erlxsl_marshall.erl" -> "/home/pete/wefwefwef/docs/other/2521250698/repo/0.1.0/.xml/erlxsl/erlxsl_marshall.xml"
/home/pete/wefwefwef/docs/other/2521250698/erlxsl-tag-0.1.0/erlxsl/src/erlxsl_marshall.erl, in module header: at line 26: error in XML parser: {system_limit,[{ets,new,[rules,[set|...]],[]},
                                    {xmerl_scan,initial_state,2,[{...}|...]},
                                    {xmerl_scan,int_string,4,[...]},
                                    {xmerl_scan,string,2,...},
                                    {edoc_wiki,parse_xml_1,...},
                                    {edoc_wiki,...},
                                    {...}|...]}.
Error generating XML ("/home/pete/wefwefwef/docs/other/2521250698/erlxsl-tag-0.1.0/erlxsl/src/erlxsl_marshall.erl"): {'EXIT',
                                                                                                                      error}
Generating XML erlxsl - erlxsl_port_controller "/home/pete/wefwefwef/docs/other/2521250698/erlxsl-tag-0.1.0/erlxsl/src/erlxsl_port_controller.erl" -> "/home/pete/wefwefwef/docs/other/2521250698/repo/0.1.0/.xml/erlxsl/erlxsl_port_controller.xml"
/home/pete/wefwefwef/docs/other/2521250698/erlxsl-tag-0.1.0/erlxsl/src/erlxsl_port_controller.erl, function start/1: at line 60: error in XML parser: {system_limit,[{ets,new,[rules,[set|...]],[]},
                                    {xmerl_scan,initial_state,2,[{...}|...]},
                                    {xmerl_scan,int_string,4,[...]},
                                    {xmerl_scan,string,2,...},
                                    {edoc_wiki,parse_xml_1,...},
                                    {edoc_wiki,...},
                                    {...}|...]}.
Error generating XML ("/home/pete/wefwefwef/docs/other/2521250698/erlxsl-tag-0.1.0/erlxsl/src/erlxsl_port_controller.erl"): {'EXIT',
                                                                                                                             error}
Generating XML erlxsl - erlxsl_sup "/home/pete/wefwefwef/docs/other/2521250698/erlxsl-tag-0.1.0/erlxsl/src/erlxsl_sup.erl" -> "/home/pete/wefwefwef/docs/other/2521250698/repo/0.1.0/.xml/erlxsl/erlxsl_sup.xml"
Error generating XML ("/home/pete/wefwefwef/docs/other/2521250698/erlxsl-tag-0.1.0/erlxsl/src/erlxsl_sup.erl"): {'EXIT',
                                                                                                                 {system_limit,
                                                                                                                  [{ets,
                                                                                                                    new,
                                                                                                                    [etypes,
                                                                                                                     [ordered_set]],
                                                                                                                    []},
                                                                                                                   {edoc_specs,
                                                                                                                    add_data,
                                                                                                                    4,
                                                                                                                    [{file,
                                                                                                                      "edoc_specs.erl"},
                                                                                                                     {line,
                                                                                                                      109}]},
                                                                                                                   {edoc_extract,
                                                                                                                    source1,
                                                                                                                    5,
                                                                                                                    [{file,
                                                                                                                      "edoc_extract.erl"},
                                                                                                                     {line,
                                                                                                                      130}]},
                                                                                                                   {edoc,
                                                                                                                    read,
                                                                                                                    2,
                                                                                                                    [{file,
                                                                                                                      "edoc.erl"},
                                                                                                                     {line,
                                                                                                                      538}]},
                                                                                                                   {edoc,
                                                                                                                    file,
                                                                                                                    2,
                                                                                                                    [{file,
                                                                                                                      "edoc.erl"},
                                                                                                                     {line,
                                                                                                                      116}]},
                                                                                                                   {erldocs_core,
                                                                                                                    '-gen_docsrc/4-fun-1-',
                                                                                                                    5,
                                                                                                                    [{file,
                                                                                                                      "src/erldocs_core.erl"},
                                                                                                                     {line,
                                                                                                                      204}]},
                                                                                                                   {lists,
                                                                                                                    foldl,
                                                                                                                    3,
                                                                                                                    [{file,
                                                                                                                      "lists.erl"},
                                                                                                                     {line,
                                                                                                                      1261}]},
                                                                                                                   {erldocs_core,
                                                                                                                    tmp_cd,
                                                                                                                    2,
                                                                                                                    [{file,
                                                                                                                      "src/erldocs_core.erl"},
                                                                                                                     {line,
                                                                                                                      227}]}]}}
No documentation was generated!
Woot, finished in 0 Minutes 0 Seconds
 :: Discovering other repos
$ 5000  `rm -r '/home/pete/wefwefwef/docs/other/2521250698/erlxsl-tag-0.1.0'  2>&1`
 :: Processing https://github.com/hyperthunk/erlxsl	{rev,tag,"v0.1.1","203aeac8c935ad4166f57958aca314a7fd5185c7",undefined,[],[]}
 :: Fetching repo code
$ cd "/home/pete/wefwefwef/docs/other/2521250698/erlxsl-tag-v0.1.1/erlxsl"
$ infinity  `curl --fail --silent --show-error --location --output 'v0.1.1.zip' 'https://github.com/hyperthunk/erlxsl/archive/v0.1.1.zip'  2>&1`
$ cd "/home/pete/wefwefwef/docs/erldocs_other.git"
$ cd "/home/pete/wefwefwef/docs/other/2521250698/erlxsl-tag-v0.1.1/erlxsl"
$ 5000  `find -P . -type l -delete  2>&1`
$ cd "/home/pete/wefwefwef/docs/erldocs_other.git"
$ cd "/home/pete/wefwefwef/docs/other/2521250698/erlxsl-tag-v0.1.1/erlxsl"
$ 5000  `find 'erlxsl-0.1.1' -mindepth 1 -maxdepth 1 -exec mv -t . -- {} +  2>&1`
$ cd "/home/pete/wefwefwef/docs/erldocs_other.git"
 :: Getting dependencies
$ cd "/home/pete/wefwefwef/docs/other/2521250698/erlxsl-tag-v0.1.1/erlxsl"
$ 5000  `ls -1 deps/  2>&1`
$ cd "/home/pete/wefwefwef/docs/erldocs_other.git"
>>> [rebar] deps = []
 :: Generating erldocs into /home/pete/wefwefwef/docs/other/2521250698/repo/v0.1.1
Building erlxsl
Generating Type Specs - "/home/pete/wefwefwef/docs/other/2521250698/erlxsl-tag-v0.1.1/erlxsl/src/erlxsl_app.erl"
EDoc could not process file '/home/pete/wefwefwef/docs/other/2521250698/erlxsl-tag-v0.1.1/erlxsl/src/erlxsl_app.erl'
Error generating type specs for "/home/pete/wefwefwef/docs/other/2521250698/erlxsl-tag-v0.1.1/erlxsl/src/erlxsl_app.erl"
Generating Type Specs - "/home/pete/wefwefwef/docs/other/2521250698/erlxsl-tag-v0.1.1/erlxsl/src/erlxsl_fast_log.erl"
EDoc could not process file '/home/pete/wefwefwef/docs/other/2521250698/erlxsl-tag-v0.1.1/erlxsl/src/erlxsl_fast_log.erl'
Error generating type specs for "/home/pete/wefwefwef/docs/other/2521250698/erlxsl-tag-v0.1.1/erlxsl/src/erlxsl_fast_log.erl"
Generating Type Specs - "/home/pete/wefwefwef/docs/other/2521250698/erlxsl-tag-v0.1.1/erlxsl/src/erlxsl_marshall.erl"
EDoc could not process file '/home/pete/wefwefwef/docs/other/2521250698/erlxsl-tag-v0.1.1/erlxsl/src/erlxsl_marshall.erl'
Error generating type specs for "/home/pete/wefwefwef/docs/other/2521250698/erlxsl-tag-v0.1.1/erlxsl/src/erlxsl_marshall.erl"
Generating Type Specs - "/home/pete/wefwefwef/docs/other/2521250698/erlxsl-tag-v0.1.1/erlxsl/src/erlxsl_port_controller.erl"
EDoc could not process file '/home/pete/wefwefwef/docs/other/2521250698/erlxsl-tag-v0.1.1/erlxsl/src/erlxsl_port_controller.erl'
Error generating type specs for "/home/pete/wefwefwef/docs/other/2521250698/erlxsl-tag-v0.1.1/erlxsl/src/erlxsl_port_controller.erl"
Generating Type Specs - "/home/pete/wefwefwef/docs/other/2521250698/erlxsl-tag-v0.1.1/erlxsl/src/erlxsl_sup.erl"
EDoc could not process file '/home/pete/wefwefwef/docs/other/2521250698/erlxsl-tag-v0.1.1/erlxsl/src/erlxsl_sup.erl'
Error generating type specs for "/home/pete/wefwefwef/docs/other/2521250698/erlxsl-tag-v0.1.1/erlxsl/src/erlxsl_sup.erl"
Generating Type Specs - "/home/pete/wefwefwef/docs/other/2521250698/erlxsl-tag-v0.1.1/erlxsl/src/erlxsl_util.erl"
EDoc could not process file '/home/pete/wefwefwef/docs/other/2521250698/erlxsl-tag-v0.1.1/erlxsl/src/erlxsl_util.erl'
Error generating type specs for "/home/pete/wefwefwef/docs/other/2521250698/erlxsl-tag-v0.1.1/erlxsl/src/erlxsl_util.erl"
Generating XML for application erlxsl "/home/pete/wefwefwef/docs/other/2521250698/erlxsl-tag-v0.1.1/erlxsl" -> "/home/pete/wefwefwef/docs/other/2521250698/repo/v0.1.1/.xml/erlxsl"
edoc: skipping source file '/home/pete/wefwefwef/docs/other/2521250698/erlxsl-tag-v0.1.1/erlxsl/src/erlxsl_sup.erl': {'EXIT',
                                                                                                                {system_limit,
                                                                                                                 [{ets,
                                                                                                                   new,
                                                                                                                   [etypes,
                                                                                                                    [ordered_set]],
                                                                                                                   []},
                                                                                                                  {edoc_specs,
                                                                                                                   add_data,
                                                                                                                   4,
                                                                                                                   [{file,
                                                                                                                     "edoc_specs.erl"},
                                                                                                                    {line,
                                                                                                                     109}]},
                                                                                                                  {edoc_extract,
                                                                                                                   source1,
                                                                                                                   5,
                                                                                                                   [{file,
                                                                                                                     [...]},
                                                                                                                    {line,...}]},
                                                                                                                  {edoc_doclet,
                                                                                                                   source,
                                                                                                                   9,
                                                                                                                   [{file,...},
                                                                                                                    {...}]},
                                                                                                                  {lists,
                                                                                                                   foldl,
                                                                                                                   3,
                                                                                                                   [{...}|...]},
                                                                                                                  {edoc_doclet,
                                                                                                                   sources,
                                                                                                                   5,
                                                                                                                   [...]},
                                                                                                                  {edoc_doclet,
                                                                                                                   gen,
                                                                                                                   6,...},
                                                                                                                  {edoc_lib,
                                                                                                                   run_plugin,...}]}}.
edoc: skipping source file '/home/pete/wefwefwef/docs/other/2521250698/erlxsl-tag-v0.1.1/erlxsl/src/erlxsl_marshall.erl': {error,
                                                                                                                     34,
                                                                                                                     {"error in XML parser: ~P.",
                                                                                                                      [{system_limit,
                                                                                                                        [{ets,
                                                                                                                          new,
                                                                                                                          [rules,
                                                                                                                           [...]],
                                                                                                                          []},
                                                                                                                         {xmerl_scan,
                                                                                                                          initial_state,
                                                                                                                          2,
                                                                                                                          [...]},
                                                                                                                         {xmerl_scan,
                                                                                                                          int_string,
                                                                                                                          4,...},
                                                                                                                         {xmerl_scan,
                                                                                                                          string,...},
                                                                                                                         {edoc_wiki,...},
                                                                                                                         {...}|...]},
                                                                                                                       10]}}.
edoc: skipping source file '/home/pete/wefwefwef/docs/other/2521250698/erlxsl-tag-v0.1.1/erlxsl/src/erlxsl_app.erl': {'EXIT',
                                                                                                                {system_limit,
                                                                                                                 [{ets,
                                                                                                                   new,
                                                                                                                   [etypes,
                                                                                                                    [ordered_set]],
                                                                                                                   []},
                                                                                                                  {edoc_specs,
                                                                                                                   add_data,
                                                                                                                   4,
                                                                                                                   [{file,
                                                                                                                     "edoc_specs.erl"},
                                                                                                                    {line,
                                                                                                                     109}]},
                                                                                                                  {edoc_extract,
                                                                                                                   source1,
                                                                                                                   5,
                                                                                                                   [{file,
                                                                                                                     [...]},
                                                                                                                    {line,...}]},
                                                                                                                  {edoc_doclet,
                                                                                                                   source,
                                                                                                                   9,
                                                                                                                   [{file,...},
                                                                                                                    {...}]},
                                                                                                                  {lists,
                                                                                                                   foldl,
                                                                                                                   3,
                                                                                                                   [{...}|...]},
                                                                                                                  {edoc_doclet,
                                                                                                                   sources,
                                                                                                                   5,
                                                                                                                   [...]},
                                                                                                                  {edoc_doclet,
                                                                                                                   gen,
                                                                                                                   6,...},
                                                                                                                  {edoc_lib,
                                                                                                                   run_plugin,...}]}}.
/home/pete/wefwefwef/docs/other/2521250698/erlxsl-tag-v0.1.1/erlxsl/src/erlxsl_port_controller.erl, function start/1: at line 66: error in XML parser: {system_limit,[{ets,new,[rules,[set|...]],[]},
                                    {xmerl_scan,initial_state,2,[{...}|...]},
                                    {xmerl_scan,int_string,4,[...]},
                                    {xmerl_scan,string,2,...},
                                    {edoc_wiki,parse_xml_1,...},
                                    {edoc_wiki,...},
                                    {...}|...]}.
edoc: skipping source file '/home/pete/wefwefwef/docs/other/2521250698/erlxsl-tag-v0.1.1/erlxsl/src/erlxsl_port_controller.erl': {'EXIT',
                                                                                                                            error}.
/home/pete/wefwefwef/docs/other/2521250698/erlxsl-tag-v0.1.1/erlxsl/src/erlxsl_fast_log.erl, function start/0: at line 41: multiple @spec tag.
/home/pete/wefwefwef/docs/other/2521250698/erlxsl-tag-v0.1.1/erlxsl/src/erlxsl_fast_log.erl, function start/0: at line 40: multiple @spec tag.
/home/pete/wefwefwef/docs/other/2521250698/erlxsl-tag-v0.1.1/erlxsl/src/erlxsl_fast_log.erl, function start/0: at line 39: multiple @spec tag.
/home/pete/wefwefwef/docs/other/2521250698/erlxsl-tag-v0.1.1/erlxsl/src/erlxsl_fast_log.erl, function start/0: at line 38: multiple @spec tag.
/home/pete/wefwefwef/docs/other/2521250698/erlxsl-tag-v0.1.1/erlxsl/src/erlxsl_fast_log.erl, function start/0: at line 37: multiple @spec tag.
/home/pete/wefwefwef/docs/other/2521250698/erlxsl-tag-v0.1.1/erlxsl/src/erlxsl_fast_log.erl, function start/0: at line 36: multiple @spec tag.
/home/pete/wefwefwef/docs/other/2521250698/erlxsl-tag-v0.1.1/erlxsl/src/erlxsl_fast_log.erl, function start/0: at line 35: multiple @spec tag.
/home/pete/wefwefwef/docs/other/2521250698/erlxsl-tag-v0.1.1/erlxsl/src/erlxsl_fast_log.erl, function start/0: at line 34: multiple @spec tag.
edoc: skipping source file '/home/pete/wefwefwef/docs/other/2521250698/erlxsl-tag-v0.1.1/erlxsl/src/erlxsl_fast_log.erl': {'EXIT',
                                                                                                                     error}.
/home/pete/wefwefwef/docs/other/2521250698/erlxsl-tag-v0.1.1/erlxsl/src/erlxsl_util.erl, in module header: at line 32: error in XML parser: {system_limit,[{ets,new,[rules,[set|...]],[]},
                                    {xmerl_scan,initial_state,2,[{...}|...]},
                                    {xmerl_scan,int_string,4,[...]},
                                    {xmerl_scan,string,2,...},
                                    {edoc_wiki,parse_xml_1,...},
                                    {edoc_wiki,...},
                                    {...}|...]}.
edoc: skipping source file '/home/pete/wefwefwef/docs/other/2521250698/erlxsl-tag-v0.1.1/erlxsl/src/erlxsl_util.erl': {'EXIT',
                                                                                                                 error}.
edoc: error in doclet 'edoc_doclet': {'EXIT',error}.
Error generating erlxsl XMLs. Using fallback ...
Generating XML erlxsl - erlxsl_app "/home/pete/wefwefwef/docs/other/2521250698/erlxsl-tag-v0.1.1/erlxsl/src/erlxsl_app.erl" -> "/home/pete/wefwefwef/docs/other/2521250698/repo/v0.1.1/.xml/erlxsl/erlxsl_app.xml"
Error generating XML ("/home/pete/wefwefwef/docs/other/2521250698/erlxsl-tag-v0.1.1/erlxsl/src/erlxsl_app.erl"): {'EXIT',
                                                                                                                  {system_limit,
                                                                                                                   [{ets,
                                                                                                                     new,
                                                                                                                     [etypes,
                                                                                                                      [ordered_set]],
                                                                                                                     []},
                                                                                                                    {edoc_specs,
                                                                                                                     add_data,
                                                                                                                     4,
                                                                                                                     [{file,
                                                                                                                       "edoc_specs.erl"},
                                                                                                                      {line,
                                                                                                                       109}]},
                                                                                                                    {edoc_extract,
                                                                                                                     source1,
                                                                                                                     5,
                                                                                                                     [{file,
                                                                                                                       "edoc_extract.erl"},
                                                                                                                      {line,
                                                                                                                       130}]},
                                                                                                                    {edoc,
                                                                                                                     read,
                                                                                                                     2,
                                                                                                                     [{file,
                                                                                                                       "edoc.erl"},
                                                                                                                      {line,
                                                                                                                       538}]},
                                                                                                                    {edoc,
                                                                                                                     file,
                                                                                                                     2,
                                                                                                                     [{file,
                                                                                                                       "edoc.erl"},
                                                                                                                      {line,
                                                                                                                       116}]},
                                                                                                                    {erldocs_core,
                                                                                                                     '-gen_docsrc/4-fun-1-',
                                                                                                                     5,
                                                                                                                     [{file,
                                                                                                                       "src/erldocs_core.erl"},
                                                                                                                      {line,
                                                                                                                       204}]},
                                                                                                                    {lists,
                                                                                                                     foldl,
                                                                                                                     3,
                                                                                                                     [{file,
                                                                                                                       "lists.erl"},
                                                                                                                      {line,
                                                                                                                       1261}]},
                                                                                                                    {erldocs_core,
                                                                                                                     tmp_cd,
                                                                                                                     2,
                                                                                                                     [{file,
                                                                                                                       "src/erldocs_core.erl"},
                                                                                                                      {line,
                                                                                                                       227}]}]}}
Generating XML erlxsl - erlxsl_fast_log "/home/pete/wefwefwef/docs/other/2521250698/erlxsl-tag-v0.1.1/erlxsl/src/erlxsl_fast_log.erl" -> "/home/pete/wefwefwef/docs/other/2521250698/repo/v0.1.1/.xml/erlxsl/erlxsl_fast_log.xml"
/home/pete/wefwefwef/docs/other/2521250698/erlxsl-tag-v0.1.1/erlxsl/src/erlxsl_fast_log.erl, function start/0: at line 41: multiple @spec tag.
/home/pete/wefwefwef/docs/other/2521250698/erlxsl-tag-v0.1.1/erlxsl/src/erlxsl_fast_log.erl, function start/0: at line 40: multiple @spec tag.
/home/pete/wefwefwef/docs/other/2521250698/erlxsl-tag-v0.1.1/erlxsl/src/erlxsl_fast_log.erl, function start/0: at line 39: multiple @spec tag.
/home/pete/wefwefwef/docs/other/2521250698/erlxsl-tag-v0.1.1/erlxsl/src/erlxsl_fast_log.erl, function start/0: at line 38: multiple @spec tag.
/home/pete/wefwefwef/docs/other/2521250698/erlxsl-tag-v0.1.1/erlxsl/src/erlxsl_fast_log.erl, function start/0: at line 37: multiple @spec tag.
/home/pete/wefwefwef/docs/other/2521250698/erlxsl-tag-v0.1.1/erlxsl/src/erlxsl_fast_log.erl, function start/0: at line 36: multiple @spec tag.
/home/pete/wefwefwef/docs/other/2521250698/erlxsl-tag-v0.1.1/erlxsl/src/erlxsl_fast_log.erl, function start/0: at line 35: multiple @spec tag.
/home/pete/wefwefwef/docs/other/2521250698/erlxsl-tag-v0.1.1/erlxsl/src/erlxsl_fast_log.erl, function start/0: at line 34: multiple @spec tag.
Error generating XML ("/home/pete/wefwefwef/docs/other/2521250698/erlxsl-tag-v0.1.1/erlxsl/src/erlxsl_fast_log.erl"): {'EXIT',
                                                                                                                       error}
Generating XML erlxsl - erlxsl_marshall "/home/pete/wefwefwef/docs/other/2521250698/erlxsl-tag-v0.1.1/erlxsl/src/erlxsl_marshall.erl" -> "/home/pete/wefwefwef/docs/other/2521250698/repo/v0.1.1/.xml/erlxsl/erlxsl_marshall.xml"
Error generating XML ("/home/pete/wefwefwef/docs/other/2521250698/erlxsl-tag-v0.1.1/erlxsl/src/erlxsl_marshall.erl"): {error,
                                                                                                                       34,
                                                                                                                       {"error in XML parser: ~P.",
                                                                                                                        [{system_limit,
                                                                                                                          [{ets,
                                                                                                                            new,
                                                                                                                            [rules,
                                                                                                                             [set,
                                                                                                                              public]],
                                                                                                                            []},
                                                                                                                           {xmerl_scan,
                                                                                                                            initial_state,
                                                                                                                            2,
                                                                                                                            [{file,
                                                                                                                              "xmerl_scan.erl"},
                                                                                                                             {line,
                                                                                                                              413}]},
                                                                                                                           {xmerl_scan,
                                                                                                                            int_string,
                                                                                                                            4,
                                                                                                                            [{file,
                                                                                                                              "xmerl_scan.erl"},
                                                                                                                             {line,
                                                                                                                              295}]},
                                                                                                                           {xmerl_scan,
                                                                                                                            string,
                                                                                                                            2,
                                                                                                                            [{file,
                                                                                                                              "xmerl_scan.erl"},
                                                                                                                             {line,
                                                                                                                              286}]},
                                                                                                                           {edoc_wiki,
                                                                                                                            parse_xml_1,
                                                                                                                            2,
                                                                                                                            [{file,
                                                                                                                              "edoc_wiki.erl"},
                                                                                                                             {line,
                                                                                                                              85}]},
                                                                                                                           {edoc_wiki,
                                                                                                                            parse_xml,
                                                                                                                            2,
                                                                                                                            [{file,
                                                                                                                              "edoc_wiki.erl"},
                                                                                                                             {line,
                                                                                                                              79}]},
                                                                                                                           {edoc_specs,
                                                                                                                            find_type_docs,
                                                                                                                            3,
                                                                                                                            [{file,
                                                                                                                              "edoc_specs.erl"},
                                                                                                                             {line,
                                                                                                                              150}]},
                                                                                                                           {edoc_extract,
                                                                                                                            source,
                                                                                                                            5,
                                                                                                                            [{file,
                                                                                                                              "edoc_extract.erl"},
                                                                                                                             {line,
                                                                                                                              78}]}]},
                                                                                                                         10]}}
Generating XML erlxsl - erlxsl_port_controller "/home/pete/wefwefwef/docs/other/2521250698/erlxsl-tag-v0.1.1/erlxsl/src/erlxsl_port_controller.erl" -> "/home/pete/wefwefwef/docs/other/2521250698/repo/v0.1.1/.xml/erlxsl/erlxsl_port_controller.xml"
/home/pete/wefwefwef/docs/other/2521250698/erlxsl-tag-v0.1.1/erlxsl/src/erlxsl_port_controller.erl, function start/1: at line 66: error in XML parser: {system_limit,[{ets,new,[rules,[set|...]],[]},
                                    {xmerl_scan,initial_state,2,[{...}|...]},
                                    {xmerl_scan,int_string,4,[...]},
                                    {xmerl_scan,string,2,...},
                                    {edoc_wiki,parse_xml_1,...},
                                    {edoc_wiki,...},
                                    {...}|...]}.
Error generating XML ("/home/pete/wefwefwef/docs/other/2521250698/erlxsl-tag-v0.1.1/erlxsl/src/erlxsl_port_controller.erl"): {'EXIT',
                                                                                                                              error}
Generating XML erlxsl - erlxsl_sup "/home/pete/wefwefwef/docs/other/2521250698/erlxsl-tag-v0.1.1/erlxsl/src/erlxsl_sup.erl" -> "/home/pete/wefwefwef/docs/other/2521250698/repo/v0.1.1/.xml/erlxsl/erlxsl_sup.xml"
Error generating XML ("/home/pete/wefwefwef/docs/other/2521250698/erlxsl-tag-v0.1.1/erlxsl/src/erlxsl_sup.erl"): {'EXIT',
                                                                                                                  {system_limit,
                                                                                                                   [{ets,
                                                                                                                     new,
                                                                                                                     [etypes,
                                                                                                                      [ordered_set]],
                                                                                                                     []},
                                                                                                                    {edoc_specs,
                                                                                                                     add_data,
                                                                                                                     4,
                                                                                                                     [{file,
                                                                                                                       "edoc_specs.erl"},
                                                                                                                      {line,
                                                                                                                       109}]},
                                                                                                                    {edoc_extract,
                                                                                                                     source1,
                                                                                                                     5,
                                                                                                                     [{file,
                                                                                                                       "edoc_extract.erl"},
                                                                                                                      {line,
                                                                                                                       130}]},
                                                                                                                    {edoc,
                                                                                                                     read,
                                                                                                                     2,
                                                                                                                     [{file,
                                                                                                                       "edoc.erl"},
                                                                                                                      {line,
                                                                                                                       538}]},
                                                                                                                    {edoc,
                                                                                                                     file,
                                                                                                                     2,
                                                                                                                     [{file,
                                                                                                                       "edoc.erl"},
                                                                                                                      {line,
                                                                                                                       116}]},
                                                                                                                    {erldocs_core,
                                                                                                                     '-gen_docsrc/4-fun-1-',
                                                                                                                     5,
                                                                                                                     [{file,
                                                                                                                       "src/erldocs_core.erl"},
                                                                                                                      {line,
                                                                                                                       204}]},
                                                                                                                    {lists,
                                                                                                                     foldl,
                                                                                                                     3,
                                                                                                                     [{file,
                                                                                                                       "lists.erl"},
                                                                                                                      {line,
                                                                                                                       1261}]},
                                                                                                                    {erldocs_core,
                                                                                                                     tmp_cd,
                                                                                                                     2,
                                                                                                                     [{file,
                                                                                                                       "src/erldocs_core.erl"},
                                                                                                                      {line,
                                                                                                                       227}]}]}}
Generating XML erlxsl - erlxsl_util "/home/pete/wefwefwef/docs/other/2521250698/erlxsl-tag-v0.1.1/erlxsl/src/erlxsl_util.erl" -> "/home/pete/wefwefwef/docs/other/2521250698/repo/v0.1.1/.xml/erlxsl/erlxsl_util.xml"
/home/pete/wefwefwef/docs/other/2521250698/erlxsl-tag-v0.1.1/erlxsl/src/erlxsl_util.erl, in module header: at line 32: error in XML parser: {system_limit,[{ets,new,[rules,[set|...]],[]},
                                    {xmerl_scan,initial_state,2,[{...}|...]},
                                    {xmerl_scan,int_string,4,[...]},
                                    {xmerl_scan,string,2,...},
                                    {edoc_wiki,parse_xml_1,...},
                                    {edoc_wiki,...},
                                    {...}|...]}.
Error generating XML ("/home/pete/wefwefwef/docs/other/2521250698/erlxsl-tag-v0.1.1/erlxsl/src/erlxsl_util.erl"): {'EXIT',
                                                                                                                   error}
No documentation was generated!
Woot, finished in 0 Minutes 0 Seconds
 :: Discovering other repos
$ 5000  `rm -r '/home/pete/wefwefwef/docs/other/2521250698/erlxsl-tag-v0.1.1'  2>&1`
 :: Processing https://github.com/hyperthunk/erlxsl	{rev,branch,"gh-pages","e27b093241b58239ddde44188e231ea61ad96054",undefined,[],[]}
 :: Fetching repo code
$ cd "/home/pete/wefwefwef/docs/other/2521250698/erlxsl-branch-gh-pages/erlxsl"
$ infinity  `curl --fail --silent --show-error --location --output 'gh-pages.zip' 'https://github.com/hyperthunk/erlxsl/archive/gh-pages.zip'  2>&1`
$ cd "/home/pete/wefwefwef/docs/erldocs_other.git"
$ cd "/home/pete/wefwefwef/docs/other/2521250698/erlxsl-branch-gh-pages/erlxsl"
$ 5000  `find -P . -type l -delete  2>&1`
$ cd "/home/pete/wefwefwef/docs/erldocs_other.git"
$ cd "/home/pete/wefwefwef/docs/other/2521250698/erlxsl-branch-gh-pages/erlxsl"
$ 5000  `find 'erlxsl-gh-pages' -mindepth 1 -maxdepth 1 -exec mv -t . -- {} +  2>&1`
$ cd "/home/pete/wefwefwef/docs/erldocs_other.git"
 :: Getting dependencies
 :: Generating erldocs into /home/pete/wefwefwef/docs/other/2521250698/repo/gh-pages
Building erlxsl
Generating XML for application erlxsl "/home/pete/wefwefwef/docs/other/2521250698/erlxsl-branch-gh-pages/erlxsl" -> "/home/pete/wefwefwef/docs/other/2521250698/repo/gh-pages/.xml/erlxsl"
Generated erlxsl XMLs: []
No documentation was generated!
Woot, finished in 0 Minutes 0 Seconds
 :: Discovering other repos
$ 5000  `rm -r '/home/pete/wefwefwef/docs/other/2521250698/erlxsl-branch-gh-pages'  2>&1`
 :: Processing https://github.com/hyperthunk/erlxsl	{rev,branch,"master","56679c8089d497351ee49a11d634dbda904279cd",undefined,[],[]}
 :: Fetching repo code
$ cd "/home/pete/wefwefwef/docs/other/2521250698/erlxsl-branch-master/erlxsl"
$ infinity  `curl --fail --silent --show-error --location --output 'master.zip' 'https://github.com/hyperthunk/erlxsl/archive/master.zip'  2>&1`
$ cd "/home/pete/wefwefwef/docs/erldocs_other.git"
$ cd "/home/pete/wefwefwef/docs/other/2521250698/erlxsl-branch-master/erlxsl"
$ 5000  `find -P . -type l -delete  2>&1`
$ cd "/home/pete/wefwefwef/docs/erldocs_other.git"
$ cd "/home/pete/wefwefwef/docs/other/2521250698/erlxsl-branch-master/erlxsl"
$ 5000  `find 'erlxsl-master' -mindepth 1 -maxdepth 1 -exec mv -t . -- {} +  2>&1`
$ cd "/home/pete/wefwefwef/docs/erldocs_other.git"
 :: Getting dependencies
$ cd "/home/pete/wefwefwef/docs/other/2521250698/erlxsl-branch-master/erlxsl"
$ 5000  `ls -1 deps/  2>&1`
$ cd "/home/pete/wefwefwef/docs/erldocs_other.git"
>>> [rebar] deps = []
 :: Generating erldocs into /home/pete/wefwefwef/docs/other/2521250698/repo/master
Building erlxsl
Generating Type Specs - "/home/pete/wefwefwef/docs/other/2521250698/erlxsl-branch-master/erlxsl/src/erlxsl_app.erl"
EDoc could not process file '/home/pete/wefwefwef/docs/other/2521250698/erlxsl-branch-master/erlxsl/src/erlxsl_app.erl'
Error generating type specs for "/home/pete/wefwefwef/docs/other/2521250698/erlxsl-branch-master/erlxsl/src/erlxsl_app.erl"
Generating Type Specs - "/home/pete/wefwefwef/docs/other/2521250698/erlxsl-branch-master/erlxsl/src/erlxsl_fast_log.erl"
EDoc could not process file '/home/pete/wefwefwef/docs/other/2521250698/erlxsl-branch-master/erlxsl/src/erlxsl_fast_log.erl'
Error generating type specs for "/home/pete/wefwefwef/docs/other/2521250698/erlxsl-branch-master/erlxsl/src/erlxsl_fast_log.erl"
Generating Type Specs - "/home/pete/wefwefwef/docs/other/2521250698/erlxsl-branch-master/erlxsl/src/erlxsl_marshall.erl"
EDoc could not process file '/home/pete/wefwefwef/docs/other/2521250698/erlxsl-branch-master/erlxsl/src/erlxsl_marshall.erl'
Error generating type specs for "/home/pete/wefwefwef/docs/other/2521250698/erlxsl-branch-master/erlxsl/src/erlxsl_marshall.erl"
Generating Type Specs - "/home/pete/wefwefwef/docs/other/2521250698/erlxsl-branch-master/erlxsl/src/erlxsl_port_controller.erl"
EDoc could not process file '/home/pete/wefwefwef/docs/other/2521250698/erlxsl-branch-master/erlxsl/src/erlxsl_port_controller.erl'
Error generating type specs for "/home/pete/wefwefwef/docs/other/2521250698/erlxsl-branch-master/erlxsl/src/erlxsl_port_controller.erl"
Generating Type Specs - "/home/pete/wefwefwef/docs/other/2521250698/erlxsl-branch-master/erlxsl/src/erlxsl_sup.erl"
EDoc could not process file '/home/pete/wefwefwef/docs/other/2521250698/erlxsl-branch-master/erlxsl/src/erlxsl_sup.erl'
Error generating type specs for "/home/pete/wefwefwef/docs/other/2521250698/erlxsl-branch-master/erlxsl/src/erlxsl_sup.erl"
Generating Type Specs - "/home/pete/wefwefwef/docs/other/2521250698/erlxsl-branch-master/erlxsl/src/erlxsl_util.erl"
EDoc could not process file '/home/pete/wefwefwef/docs/other/2521250698/erlxsl-branch-master/erlxsl/src/erlxsl_util.erl'
Error generating type specs for "/home/pete/wefwefwef/docs/other/2521250698/erlxsl-branch-master/erlxsl/src/erlxsl_util.erl"
Generating XML for application erlxsl "/home/pete/wefwefwef/docs/other/2521250698/erlxsl-branch-master/erlxsl" -> "/home/pete/wefwefwef/docs/other/2521250698/repo/master/.xml/erlxsl"
edoc: skipping source file '/home/pete/wefwefwef/docs/other/2521250698/erlxsl-branch-master/erlxsl/src/erlxsl_sup.erl': {'EXIT',
                                                                                                                   {system_limit,
                                                                                                                    [{ets,
                                                                                                                      new,
                                                                                                                      [etypes,
                                                                                                                       [ordered_set]],
                                                                                                                      []},
                                                                                                                     {edoc_specs,
                                                                                                                      add_data,
                                                                                                                      4,
                                                                                                                      [{file,
                                                                                                                        "edoc_specs.erl"},
                                                                                                                       {line,
                                                                                                                        109}]},
                                                                                                                     {edoc_extract,
                                                                                                                      source1,
                                                                                                                      5,
                                                                                                                      [{file,
                                                                                                                        [...]},
                                                                                                                       {line,...}]},
                                                                                                                     {edoc_doclet,
                                                                                                                      source,
                                                                                                                      9,
                                                                                                                      [{file,...},
                                                                                                                       {...}]},
                                                                                                                     {lists,
                                                                                                                      foldl,
                                                                                                                      3,
                                                                                                                      [{...}|...]},
                                                                                                                     {edoc_doclet,
                                                                                                                      sources,
                                                                                                                      5,
                                                                                                                      [...]},
                                                                                                                     {edoc_doclet,
                                                                                                                      gen,
                                                                                                                      6,...},
                                                                                                                     {edoc_lib,
                                                                                                                      run_plugin,...}]}}.
edoc: skipping source file '/home/pete/wefwefwef/docs/other/2521250698/erlxsl-branch-master/erlxsl/src/erlxsl_marshall.erl': {error,
                                                                                                                        34,
                                                                                                                        {"error in XML parser: ~P.",
                                                                                                                         [{system_limit,
                                                                                                                           [{ets,
                                                                                                                             new,
                                                                                                                             [rules,
                                                                                                                              [...]],
                                                                                                                             []},
                                                                                                                            {xmerl_scan,
                                                                                                                             initial_state,
                                                                                                                             2,
                                                                                                                             [...]},
                                                                                                                            {xmerl_scan,
                                                                                                                             int_string,
                                                                                                                             4,...},
                                                                                                                            {xmerl_scan,
                                                                                                                             string,...},
                                                                                                                            {edoc_wiki,...},
                                                                                                                            {...}|...]},
                                                                                                                          10]}}.
edoc: skipping source file '/home/pete/wefwefwef/docs/other/2521250698/erlxsl-branch-master/erlxsl/src/erlxsl_app.erl': {'EXIT',
                                                                                                                   {system_limit,
                                                                                                                    [{ets,
                                                                                                                      new,
                                                                                                                      [etypes,
                                                                                                                       [ordered_set]],
                                                                                                                      []},
                                                                                                                     {edoc_specs,
                                                                                                                      add_data,
                                                                                                                      4,
                                                                                                                      [{file,
                                                                                                                        "edoc_specs.erl"},
                                                                                                                       {line,
                                                                                                                        109}]},
                                                                                                                     {edoc_extract,
                                                                                                                      source1,
                                                                                                                      5,
                                                                                                                      [{file,
                                                                                                                        [...]},
                                                                                                                       {line,...}]},
                                                                                                                     {edoc_doclet,
                                                                                                                      source,
                                                                                                                      9,
                                                                                                                      [{file,...},
                                                                                                                       {...}]},
                                                                                                                     {lists,
                                                                                                                      foldl,
                                                                                                                      3,
                                                                                                                      [{...}|...]},
                                                                                                                     {edoc_doclet,
                                                                                                                      sources,
                                                                                                                      5,
                                                                                                                      [...]},
                                                                                                                     {edoc_doclet,
                                                                                                                      gen,
                                                                                                                      6,...},
                                                                                                                     {edoc_lib,
                                                                                                                      run_plugin,...}]}}.
/home/pete/wefwefwef/docs/other/2521250698/erlxsl-branch-master/erlxsl/src/erlxsl_port_controller.erl, function start/1: at line 66: error in XML parser: {system_limit,[{ets,new,[rules,[set|...]],[]},
                                    {xmerl_scan,initial_state,2,[{...}|...]},
                                    {xmerl_scan,int_string,4,[...]},
                                    {xmerl_scan,string,2,...},
                                    {edoc_wiki,parse_xml_1,...},
                                    {edoc_wiki,...},
                                    {...}|...]}.
edoc: skipping source file '/home/pete/wefwefwef/docs/other/2521250698/erlxsl-branch-master/erlxsl/src/erlxsl_port_controller.erl': {'EXIT',
                                                                                                                               error}.
/home/pete/wefwefwef/docs/other/2521250698/erlxsl-branch-master/erlxsl/src/erlxsl_fast_log.erl, function start/0: at line 41: multiple @spec tag.
/home/pete/wefwefwef/docs/other/2521250698/erlxsl-branch-master/erlxsl/src/erlxsl_fast_log.erl, function start/0: at line 40: multiple @spec tag.
/home/pete/wefwefwef/docs/other/2521250698/erlxsl-branch-master/erlxsl/src/erlxsl_fast_log.erl, function start/0: at line 39: multiple @spec tag.
/home/pete/wefwefwef/docs/other/2521250698/erlxsl-branch-master/erlxsl/src/erlxsl_fast_log.erl, function start/0: at line 38: multiple @spec tag.
/home/pete/wefwefwef/docs/other/2521250698/erlxsl-branch-master/erlxsl/src/erlxsl_fast_log.erl, function start/0: at line 37: multiple @spec tag.
/home/pete/wefwefwef/docs/other/2521250698/erlxsl-branch-master/erlxsl/src/erlxsl_fast_log.erl, function start/0: at line 36: multiple @spec tag.
/home/pete/wefwefwef/docs/other/2521250698/erlxsl-branch-master/erlxsl/src/erlxsl_fast_log.erl, function start/0: at line 35: multiple @spec tag.
/home/pete/wefwefwef/docs/other/2521250698/erlxsl-branch-master/erlxsl/src/erlxsl_fast_log.erl, function start/0: at line 34: multiple @spec tag.
edoc: skipping source file '/home/pete/wefwefwef/docs/other/2521250698/erlxsl-branch-master/erlxsl/src/erlxsl_fast_log.erl': {'EXIT',
                                                                                                                        error}.
/home/pete/wefwefwef/docs/other/2521250698/erlxsl-branch-master/erlxsl/src/erlxsl_util.erl, in module header: at line 32: error in XML parser: {system_limit,[{ets,new,[rules,[set|...]],[]},
                                    {xmerl_scan,initial_state,2,[{...}|...]},
                                    {xmerl_scan,int_string,4,[...]},
                                    {xmerl_scan,string,2,...},
                                    {edoc_wiki,parse_xml_1,...},
                                    {edoc_wiki,...},
                                    {...}|...]}.
edoc: skipping source file '/home/pete/wefwefwef/docs/other/2521250698/erlxsl-branch-master/erlxsl/src/erlxsl_util.erl': {'EXIT',
                                                                                                                    error}.
edoc: error in doclet 'edoc_doclet': {'EXIT',error}.
Error generating erlxsl XMLs. Using fallback ...
Generating XML erlxsl - erlxsl_app "/home/pete/wefwefwef/docs/other/2521250698/erlxsl-branch-master/erlxsl/src/erlxsl_app.erl" -> "/home/pete/wefwefwef/docs/other/2521250698/repo/master/.xml/erlxsl/erlxsl_app.xml"
Error generating XML ("/home/pete/wefwefwef/docs/other/2521250698/erlxsl-branch-master/erlxsl/src/erlxsl_app.erl"): {'EXIT',
                                                                                                                     {system_limit,
                                                                                                                      [{ets,
                                                                                                                        new,
                                                                                                                        [etypes,
                                                                                                                         [ordered_set]],
                                                                                                                        []},
                                                                                                                       {edoc_specs,
                                                                                                                        add_data,
                                                                                                                        4,
                                                                                                                        [{file,
                                                                                                                          "edoc_specs.erl"},
                                                                                                                         {line,
                                                                                                                          109}]},
                                                                                                                       {edoc_extract,
                                                                                                                        source1,
                                                                                                                        5,
                                                                                                                        [{file,
                                                                                                                          "edoc_extract.erl"},
                                                                                                                         {line,
                                                                                                                          130}]},
                                                                                                                       {edoc,
                                                                                                                        read,
                                                                                                                        2,
                                                                                                                        [{file,
                                                                                                                          "edoc.erl"},
                                                                                                                         {line,
                                                                                                                          538}]},
                                                                                                                       {edoc,
                                                                                                                        file,
                                                                                                                        2,
                                                                                                                        [{file,
                                                                                                                          "edoc.erl"},
                                                                                                                         {line,
                                                                                                                          116}]},
                                                                                                                       {erldocs_core,
                                                                                                                        '-gen_docsrc/4-fun-1-',
                                                                                                                        5,
                                                                                                                        [{file,
                                                                                                                          "src/erldocs_core.erl"},
                                                                                                                         {line,
                                                                                                                          204}]},
                                                                                                                       {lists,
                                                                                                                        foldl,
                                                                                                                        3,
                                                                                                                        [{file,
                                                                                                                          "lists.erl"},
                                                                                                                         {line,
                                                                                                                          1261}]},
                                                                                                                       {erldocs_core,
                                                                                                                        tmp_cd,
                                                                                                                        2,
                                                                                                                        [{file,
                                                                                                                          "src/erldocs_core.erl"},
                                                                                                                         {line,
                                                                                                                          227}]}]}}
Generating XML erlxsl - erlxsl_fast_log "/home/pete/wefwefwef/docs/other/2521250698/erlxsl-branch-master/erlxsl/src/erlxsl_fast_log.erl" -> "/home/pete/wefwefwef/docs/other/2521250698/repo/master/.xml/erlxsl/erlxsl_fast_log.xml"
/home/pete/wefwefwef/docs/other/2521250698/erlxsl-branch-master/erlxsl/src/erlxsl_fast_log.erl, function start/0: at line 41: multiple @spec tag.
/home/pete/wefwefwef/docs/other/2521250698/erlxsl-branch-master/erlxsl/src/erlxsl_fast_log.erl, function start/0: at line 40: multiple @spec tag.
/home/pete/wefwefwef/docs/other/2521250698/erlxsl-branch-master/erlxsl/src/erlxsl_fast_log.erl, function start/0: at line 39: multiple @spec tag.
/home/pete/wefwefwef/docs/other/2521250698/erlxsl-branch-master/erlxsl/src/erlxsl_fast_log.erl, function start/0: at line 38: multiple @spec tag.
/home/pete/wefwefwef/docs/other/2521250698/erlxsl-branch-master/erlxsl/src/erlxsl_fast_log.erl, function start/0: at line 37: multiple @spec tag.
/home/pete/wefwefwef/docs/other/2521250698/erlxsl-branch-master/erlxsl/src/erlxsl_fast_log.erl, function start/0: at line 36: multiple @spec tag.
/home/pete/wefwefwef/docs/other/2521250698/erlxsl-branch-master/erlxsl/src/erlxsl_fast_log.erl, function start/0: at line 35: multiple @spec tag.
/home/pete/wefwefwef/docs/other/2521250698/erlxsl-branch-master/erlxsl/src/erlxsl_fast_log.erl, function start/0: at line 34: multiple @spec tag.
Error generating XML ("/home/pete/wefwefwef/docs/other/2521250698/erlxsl-branch-master/erlxsl/src/erlxsl_fast_log.erl"): {'EXIT',
                                                                                                                          error}
Generating XML erlxsl - erlxsl_marshall "/home/pete/wefwefwef/docs/other/2521250698/erlxsl-branch-master/erlxsl/src/erlxsl_marshall.erl" -> "/home/pete/wefwefwef/docs/other/2521250698/repo/master/.xml/erlxsl/erlxsl_marshall.xml"
Error generating XML ("/home/pete/wefwefwef/docs/other/2521250698/erlxsl-branch-master/erlxsl/src/erlxsl_marshall.erl"): {error,
                                                                                                                          34,
                                                                                                                          {"error in XML parser: ~P.",
                                                                                                                           [{system_limit,
                                                                                                                             [{ets,
                                                                                                                               new,
                                                                                                                               [rules,
                                                                                                                                [set,
                                                                                                                                 public]],
                                                                                                                               []},
                                                                                                                              {xmerl_scan,
                                                                                                                               initial_state,
                                                                                                                               2,
                                                                                                                               [{file,
                                                                                                                                 "xmerl_scan.erl"},
                                                                                                                                {line,
                                                                                                                                 413}]},
                                                                                                                              {xmerl_scan,
                                                                                                                               int_string,
                                                                                                                               4,
                                                                                                                               [{file,
                                                                                                                                 "xmerl_scan.erl"},
                                                                                                                                {line,
                                                                                                                                 295}]},
                                                                                                                              {xmerl_scan,
                                                                                                                               string,
                                                                                                                               2,
                                                                                                                               [{file,
                                                                                                                                 "xmerl_scan.erl"},
                                                                                                                                {line,
                                                                                                                                 286}]},
                                                                                                                              {edoc_wiki,
                                                                                                                               parse_xml_1,
                                                                                                                               2,
                                                                                                                               [{file,
                                                                                                                                 "edoc_wiki.erl"},
                                                                                                                                {line,
                                                                                                                                 85}]},
                                                                                                                              {edoc_wiki,
                                                                                                                               parse_xml,
                                                                                                                               2,
                                                                                                                               [{file,
                                                                                                                                 "edoc_wiki.erl"},
                                                                                                                                {line,
                                                                                                                                 79}]},
                                                                                                                              {edoc_specs,
                                                                                                                               find_type_docs,
                                                                                                                               3,
                                                                                                                               [{file,
                                                                                                                                 "edoc_specs.erl"},
                                                                                                                                {line,
                                                                                                                                 150}]},
                                                                                                                              {edoc_extract,
                                                                                                                               source,
                                                                                                                               5,
                                                                                                                               [{file,
                                                                                                                                 "edoc_extract.erl"},
                                                                                                                                {line,
                                                                                                                                 78}]}]},
                                                                                                                            10]}}
Generating XML erlxsl - erlxsl_port_controller "/home/pete/wefwefwef/docs/other/2521250698/erlxsl-branch-master/erlxsl/src/erlxsl_port_controller.erl" -> "/home/pete/wefwefwef/docs/other/2521250698/repo/master/.xml/erlxsl/erlxsl_port_controller.xml"
/home/pete/wefwefwef/docs/other/2521250698/erlxsl-branch-master/erlxsl/src/erlxsl_port_controller.erl, function start/1: at line 66: error in XML parser: {system_limit,[{ets,new,[rules,[set|...]],[]},
                                    {xmerl_scan,initial_state,2,[{...}|...]},
                                    {xmerl_scan,int_string,4,[...]},
                                    {xmerl_scan,string,2,...},
                                    {edoc_wiki,parse_xml_1,...},
                                    {edoc_wiki,...},
                                    {...}|...]}.
Error generating XML ("/home/pete/wefwefwef/docs/other/2521250698/erlxsl-branch-master/erlxsl/src/erlxsl_port_controller.erl"): {'EXIT',
                                                                                                                                 error}
Generating XML erlxsl - erlxsl_sup "/home/pete/wefwefwef/docs/other/2521250698/erlxsl-branch-master/erlxsl/src/erlxsl_sup.erl" -> "/home/pete/wefwefwef/docs/other/2521250698/repo/master/.xml/erlxsl/erlxsl_sup.xml"
Error generating XML ("/home/pete/wefwefwef/docs/other/2521250698/erlxsl-branch-master/erlxsl/src/erlxsl_sup.erl"): {'EXIT',
                                                                                                                     {system_limit,
                                                                                                                      [{ets,
                                                                                                                        new,
                                                                                                                        [etypes,
                                                                                                                         [ordered_set]],
                                                                                                                        []},
                                                                                                                       {edoc_specs,
                                                                                                                        add_data,
                                                                                                                        4,
                                                                                                                        [{file,
                                                                                                                          "edoc_specs.erl"},
                                                                                                                         {line,
                                                                                                                          109}]},
                                                                                                                       {edoc_extract,
                                                                                                                        source1,
                                                                                                                        5,
                                                                                                                        [{file,
                                                                                                                          "edoc_extract.erl"},
                                                                                                                         {line,
                                                                                                                          130}]},
                                                                                                                       {edoc,
                                                                                                                        read,
                                                                                                                        2,
                                                                                                                        [{file,
                                                                                                                          "edoc.erl"},
                                                                                                                         {line,
                                                                                                                          538}]},
                                                                                                                       {edoc,
                                                                                                                        file,
                                                                                                                        2,
                                                                                                                        [{file,
                                                                                                                          "edoc.erl"},
                                                                                                                         {line,
                                                                                                                          116}]},
                                                                                                                       {erldocs_core,
                                                                                                                        '-gen_docsrc/4-fun-1-',
                                                                                                                        5,
                                                                                                                        [{file,
                                                                                                                          "src/erldocs_core.erl"},
                                                                                                                         {line,
                                                                                                                          204}]},
                                                                                                                       {lists,
                                                                                                                        foldl,
                                                                                                                        3,
                                                                                                                        [{file,
                                                                                                                          "lists.erl"},
                                                                                                                         {line,
                                                                                                                          1261}]},
                                                                                                                       {erldocs_core,
                                                                                                                        tmp_cd,
                                                                                                                        2,
                                                                                                                        [{file,
                                                                                                                          "src/erldocs_core.erl"},
                                                                                                                         {line,
                                                                                                                          227}]}]}}
Generating XML erlxsl - erlxsl_util "/home/pete/wefwefwef/docs/other/2521250698/erlxsl-branch-master/erlxsl/src/erlxsl_util.erl" -> "/home/pete/wefwefwef/docs/other/2521250698/repo/master/.xml/erlxsl/erlxsl_util.xml"
/home/pete/wefwefwef/docs/other/2521250698/erlxsl-branch-master/erlxsl/src/erlxsl_util.erl, in module header: at line 32: error in XML parser: {system_limit,[{ets,new,[rules,[set|...]],[]},
                                    {xmerl_scan,initial_state,2,[{...}|...]},
                                    {xmerl_scan,int_string,4,[...]},
                                    {xmerl_scan,string,2,...},
                                    {edoc_wiki,parse_xml_1,...},
                                    {edoc_wiki,...},
                                    {...}|...]}.
Error generating XML ("/home/pete/wefwefwef/docs/other/2521250698/erlxsl-branch-master/erlxsl/src/erlxsl_util.erl"): {'EXIT',
                                                                                                                      error}
No documentation was generated!
Woot, finished in 0 Minutes 0 Seconds
 :: Discovering other repos
$ 5000  `rm -r '/home/pete/wefwefwef/docs/other/2521250698/erlxsl-branch-master'  2>&1`
 :: Processing https://github.com/hyperthunk/erlxsl	{rev,branch,"sablotron-prototype","d3bf1b9da41fd36451f7b19ed545b077887bf6ad",undefined,[],[]}
 :: Fetching repo code
$ cd "/home/pete/wefwefwef/docs/other/2521250698/erlxsl-branch-sablotron-prototype/erlxsl"
$ infinity  `curl --fail --silent --show-error --location --output 'sablotron-prototype.zip' 'https://github.com/hyperthunk/erlxsl/archive/sablotron-prototype.zip'  2>&1`
$ cd "/home/pete/wefwefwef/docs/erldocs_other.git"
$ cd "/home/pete/wefwefwef/docs/other/2521250698/erlxsl-branch-sablotron-prototype/erlxsl"
$ 5000  `find -P . -type l -delete  2>&1`
$ cd "/home/pete/wefwefwef/docs/erldocs_other.git"
$ cd "/home/pete/wefwefwef/docs/other/2521250698/erlxsl-branch-sablotron-prototype/erlxsl"
$ 5000  `find 'erlxsl-sablotron-prototype' -mindepth 1 -maxdepth 1 -exec mv -t . -- {} +  2>&1`
$ cd "/home/pete/wefwefwef/docs/erldocs_other.git"
 :: Getting dependencies
$ cd "/home/pete/wefwefwef/docs/other/2521250698/erlxsl-branch-sablotron-prototype/erlxsl"
$ 5000  `ls -1 deps/  2>&1`
$ cd "/home/pete/wefwefwef/docs/erldocs_other.git"
>>> [rebar] deps = []
 :: Generating erldocs into /home/pete/wefwefwef/docs/other/2521250698/repo/sablotron-prototype
Building erlxsl
Generating XML for application erlxsl "/home/pete/wefwefwef/docs/other/2521250698/erlxsl-branch-sablotron-prototype/erlxsl" -> "/home/pete/wefwefwef/docs/other/2521250698/repo/sablotron-prototype/.xml/erlxsl"
/home/pete/wefwefwef/docs/other/2521250698/erlxsl-branch-sablotron-prototype/erlxsl/src/erlxsl/protocol/marshall.erl: at line 41: syntax error before: '.'
edoc: skipping source file '/home/pete/wefwefwef/docs/other/2521250698/erlxsl-branch-sablotron-prototype/erlxsl/src/erlxsl/protocol/marshall.erl': {'EXIT',
                                                                                                                                              error}.
/home/pete/wefwefwef/docs/other/2521250698/erlxsl-branch-sablotron-prototype/erlxsl/src/erlxsl/protocol.erl: at line 41: syntax error before: '.'
edoc: skipping source file '/home/pete/wefwefwef/docs/other/2521250698/erlxsl-branch-sablotron-prototype/erlxsl/src/erlxsl/protocol.erl': {'EXIT',
                                                                                                                                     error}.
/home/pete/wefwefwef/docs/other/2521250698/erlxsl-branch-sablotron-prototype/erlxsl/src/erlxsl/port_server.erl: at line 5: syntax error before: '.'
edoc: skipping source file '/home/pete/wefwefwef/docs/other/2521250698/erlxsl-branch-sablotron-prototype/erlxsl/src/erlxsl/port_server.erl': {'EXIT',
                                                                                                                                        error}.
edoc: error in doclet 'edoc_doclet': {'EXIT',error}.
Error generating erlxsl XMLs. Using fallback ...
No documentation was generated!
Woot, finished in 0 Minutes 0 Seconds
 :: Discovering other repos
$ 5000  `rm -r '/home/pete/wefwefwef/docs/other/2521250698/erlxsl-branch-sablotron-prototype'  2>&1`
 :: Finishing up
$ 5000  `rm -r '/home/pete/wefwefwef/docs/other/2521250698/erlxsl'  2>&1`
$ 5000  `rm -r '/home/pete/wefwefwef/docs/other/2521250698/repo/0.2.0'  2>&1`
$ 5000  `rm -r '/home/pete/wefwefwef/docs/other/2521250698/repo/0.1.0'  2>&1`
$ 5000  `rm -r '/home/pete/wefwefwef/docs/other/2521250698/repo/v0.1.1'  2>&1`
$ 5000  `rm -r '/home/pete/wefwefwef/docs/other/2521250698/repo/gh-pages'  2>&1`
$ 5000  `rm -r '/home/pete/wefwefwef/docs/other/2521250698/repo/master'  2>&1`
$ 5000  `rm -r '/home/pete/wefwefwef/docs/other/2521250698/repo/sablotron-prototype'  2>&1`
