 :: Extracting meta information
$ 5000  `git ls-remote --heads --tags 'https://github.com/avras/nsime'  2>&1`
>>> [repo] 5 branches, 3 tags
 :: Writing meta to "/home/pete/wefwefwef/docs/other/2866486615/meta.txt"
 :: Processing https://github.com/avras/nsime	{rev,tag,"v0.01","e048e3563db08bc1464aee4a88cbfe4ee79b70f3"}
 :: Fetching repo code
$ cd "/home/pete/wefwefwef/docs/other/2866486615/nsime-tag-v0.01/nsime"
$ infinity  `curl --fail --silent --show-error --location --output 'v0.01.zip' 'https://github.com/avras/nsime/archive/v0.01.zip'  2>&1`
$ cd "/home/pete/wefwefwef/docs/erldocs_other.git"
$ cd "/home/pete/wefwefwef/docs/other/2866486615/nsime-tag-v0.01/nsime"
$ 5000  `find -P . -type l -delete  2>&1`
$ cd "/home/pete/wefwefwef/docs/erldocs_other.git"
$ cd "/home/pete/wefwefwef/docs/other/2866486615/nsime-tag-v0.01/nsime"
$ 5000  `find 'nsime-0.01' -mindepth 1 -maxdepth 1 -exec mv -t . -- {} +  2>&1`
$ cd "/home/pete/wefwefwef/docs/erldocs_other.git"
 :: Getting dependencies
$ cd "/home/pete/wefwefwef/docs/other/2866486615/nsime-tag-v0.01/nsime"
$ 5000  `ls -1 deps/  2>&1`
$ cd "/home/pete/wefwefwef/docs/erldocs_other.git"
>>> [rebar] deps = []
 :: Generating erldocs into /home/pete/wefwefwef/docs/other/2866486615/repo/v0.01
Building nsime
Generating Type Specs - "/home/pete/wefwefwef/docs/other/2866486615/nsime-tag-v0.01/nsime/src/nsime_data_rate.erl"
Generating Type Specs - "/home/pete/wefwefwef/docs/other/2866486615/nsime-tag-v0.01/nsime/src/nsime_drop_tail_queue.erl"
Generating Type Specs - "/home/pete/wefwefwef/docs/other/2866486615/nsime-tag-v0.01/nsime/src/nsime_gbtrees_scheduler.erl"
Generating Type Specs - "/home/pete/wefwefwef/docs/other/2866486615/nsime-tag-v0.01/nsime/src/nsime_node.erl"
Generating Type Specs - "/home/pete/wefwefwef/docs/other/2866486615/nsime-tag-v0.01/nsime/src/nsime_node_list.erl"
Generating Type Specs - "/home/pete/wefwefwef/docs/other/2866486615/nsime-tag-v0.01/nsime/src/nsime_ptp_channel.erl"
Generating Type Specs - "/home/pete/wefwefwef/docs/other/2866486615/nsime-tag-v0.01/nsime/src/nsime_ptp_netdevice.erl"
Generating Type Specs - "/home/pete/wefwefwef/docs/other/2866486615/nsime-tag-v0.01/nsime/src/nsime_scheduler.erl"
Generating Type Specs - "/home/pete/wefwefwef/docs/other/2866486615/nsime-tag-v0.01/nsime/src/nsime_simulator.erl"
Generating Type Specs - "/home/pete/wefwefwef/docs/other/2866486615/nsime-tag-v0.01/nsime/src/nsime_time.erl"
Generating Type Specs - "/home/pete/wefwefwef/docs/other/2866486615/nsime-tag-v0.01/nsime/src/nsime_utils.erl"
Generating XML for application nsime "/home/pete/wefwefwef/docs/other/2866486615/nsime-tag-v0.01/nsime" -> "/home/pete/wefwefwef/docs/other/2866486615/repo/v0.01/.xml/nsime"
Generated nsime XMLs: ["/home/pete/wefwefwef/docs/other/2866486615/repo/v0.01/.xml/nsime/nsime_simulator.xml",
                       "/home/pete/wefwefwef/docs/other/2866486615/repo/v0.01/.xml/nsime/nsime_node.xml",
                       "/home/pete/wefwefwef/docs/other/2866486615/repo/v0.01/.xml/nsime/nsime_ptp_channel.xml",
                       "/home/pete/wefwefwef/docs/other/2866486615/repo/v0.01/.xml/nsime/nsime_time.xml",
                       "/home/pete/wefwefwef/docs/other/2866486615/repo/v0.01/.xml/nsime/nsime_data_rate.xml",
                       "/home/pete/wefwefwef/docs/other/2866486615/repo/v0.01/.xml/nsime/nsime_ptp_netdevice.xml",
                       "/home/pete/wefwefwef/docs/other/2866486615/repo/v0.01/.xml/nsime/nsime_scheduler.xml",
                       "/home/pete/wefwefwef/docs/other/2866486615/repo/v0.01/.xml/nsime/nsime_utils.xml",
                       "/home/pete/wefwefwef/docs/other/2866486615/repo/v0.01/.xml/nsime/nsime_node_list.xml",
                       "/home/pete/wefwefwef/docs/other/2866486615/repo/v0.01/.xml/nsime/nsime_gbtrees_scheduler.xml",
                       "/home/pete/wefwefwef/docs/other/2866486615/repo/v0.01/.xml/nsime/nsime_drop_tail_queue.xml"]
Generating HTML - nsime_node "/home/pete/wefwefwef/docs/other/2866486615/repo/v0.01/.xml/nsime/nsime_node.xml"
Generating HTML - nsime_time "/home/pete/wefwefwef/docs/other/2866486615/repo/v0.01/.xml/nsime/nsime_time.xml"
Generating HTML - nsime_ptp_netdevice "/home/pete/wefwefwef/docs/other/2866486615/repo/v0.01/.xml/nsime/nsime_ptp_netdevice.xml"
Generating HTML - nsime_drop_tail_queue "/home/pete/wefwefwef/docs/other/2866486615/repo/v0.01/.xml/nsime/nsime_drop_tail_queue.xml"
Reading XML for "/home/pete/wefwefwef/docs/other/2866486615/repo/v0.01/.xml/nsime/nsime_node.xml"
Reading XML for "/home/pete/wefwefwef/docs/other/2866486615/repo/v0.01/.xml/nsime/nsime_time.xml"
Reading XML for "/home/pete/wefwefwef/docs/other/2866486615/repo/v0.01/.xml/nsime/nsime_ptp_netdevice.xml"
Reading XML for "/home/pete/wefwefwef/docs/other/2866486615/repo/v0.01/.xml/nsime/nsime_drop_tail_queue.xml"
Reading XML for "/home/pete/wefwefwef/docs/other/2866486615/repo/v0.01/.xml/specs_nsime_time.xml"
Reading XML for "/home/pete/wefwefwef/docs/other/2866486615/repo/v0.01/.xml/specs_nsime_node.xml"
Generating HTML - nsime_ptp_channel "/home/pete/wefwefwef/docs/other/2866486615/repo/v0.01/.xml/nsime/nsime_ptp_channel.xml"
Reading XML for "/home/pete/wefwefwef/docs/other/2866486615/repo/v0.01/.xml/nsime/nsime_ptp_channel.xml"
Generating HTML - nsime_simulator "/home/pete/wefwefwef/docs/other/2866486615/repo/v0.01/.xml/nsime/nsime_simulator.xml"
Reading XML for "/home/pete/wefwefwef/docs/other/2866486615/repo/v0.01/.xml/specs_nsime_drop_tail_queue.xml"
Reading XML for "/home/pete/wefwefwef/docs/other/2866486615/repo/v0.01/.xml/nsime/nsime_simulator.xml"
Reading XML for "/home/pete/wefwefwef/docs/other/2866486615/repo/v0.01/.xml/specs_nsime_ptp_netdevice.xml"
Generating HTML - nsime_gbtrees_scheduler "/home/pete/wefwefwef/docs/other/2866486615/repo/v0.01/.xml/nsime/nsime_gbtrees_scheduler.xml"
Reading XML for "/home/pete/wefwefwef/docs/other/2866486615/repo/v0.01/.xml/nsime/nsime_gbtrees_scheduler.xml"
Generating HTML - nsime_data_rate "/home/pete/wefwefwef/docs/other/2866486615/repo/v0.01/.xml/nsime/nsime_data_rate.xml"
Reading XML for "/home/pete/wefwefwef/docs/other/2866486615/repo/v0.01/.xml/nsime/nsime_data_rate.xml"
Reading XML for "/home/pete/wefwefwef/docs/other/2866486615/repo/v0.01/.xml/specs_nsime_ptp_channel.xml"
Reading XML for "/home/pete/wefwefwef/docs/other/2866486615/repo/v0.01/.xml/specs_nsime_simulator.xml"
Reading XML for "/home/pete/wefwefwef/docs/other/2866486615/repo/v0.01/.xml/specs_nsime_gbtrees_scheduler.xml"
Generating HTML - nsime_node_list "/home/pete/wefwefwef/docs/other/2866486615/repo/v0.01/.xml/nsime/nsime_node_list.xml"
Reading XML for "/home/pete/wefwefwef/docs/other/2866486615/repo/v0.01/.xml/nsime/nsime_node_list.xml"
Reading XML for "/home/pete/wefwefwef/docs/other/2866486615/repo/v0.01/.xml/specs_nsime_data_rate.xml"
Reading XML for "/home/pete/wefwefwef/docs/other/2866486615/repo/v0.01/.xml/specs_nsime_node_list.xml"
Generating HTML - nsime_utils "/home/pete/wefwefwef/docs/other/2866486615/repo/v0.01/.xml/nsime/nsime_utils.xml"
Reading XML for "/home/pete/wefwefwef/docs/other/2866486615/repo/v0.01/.xml/nsime/nsime_utils.xml"
Reading XML for "/home/pete/wefwefwef/docs/other/2866486615/repo/v0.01/.xml/specs_nsime_utils.xml"
Generating HTML - nsime_scheduler "/home/pete/wefwefwef/docs/other/2866486615/repo/v0.01/.xml/nsime/nsime_scheduler.xml"
Reading XML for "/home/pete/wefwefwef/docs/other/2866486615/repo/v0.01/.xml/nsime/nsime_scheduler.xml"
Reading XML for "/home/pete/wefwefwef/docs/other/2866486615/repo/v0.01/.xml/specs_nsime_scheduler.xml"
Creating index.html ...
Creating erldocs_index.js ...
Woot, finished in 0 Minutes 1 Seconds
 :: Discovering other repos
$ 5000  `rm -r '/home/pete/wefwefwef/docs/other/2866486615/nsime-tag-v0.01'  2>&1`
 :: Processing https://github.com/avras/nsime	{rev,tag,"v0.02","e78b9e176e5c3f4fba32b253f40da2cb63f6b0f9"}
 :: Fetching repo code
$ cd "/home/pete/wefwefwef/docs/other/2866486615/nsime-tag-v0.02/nsime"
$ infinity  `curl --fail --silent --show-error --location --output 'v0.02.zip' 'https://github.com/avras/nsime/archive/v0.02.zip'  2>&1`
$ cd "/home/pete/wefwefwef/docs/erldocs_other.git"
$ cd "/home/pete/wefwefwef/docs/other/2866486615/nsime-tag-v0.02/nsime"
$ 5000  `find -P . -type l -delete  2>&1`
$ cd "/home/pete/wefwefwef/docs/erldocs_other.git"
$ cd "/home/pete/wefwefwef/docs/other/2866486615/nsime-tag-v0.02/nsime"
$ 5000  `find 'nsime-0.02' -mindepth 1 -maxdepth 1 -exec mv -t . -- {} +  2>&1`
$ cd "/home/pete/wefwefwef/docs/erldocs_other.git"
 :: Getting dependencies
$ cd "/home/pete/wefwefwef/docs/other/2866486615/nsime-tag-v0.02/nsime"
$ 5000  `ls -1 deps/  2>&1`
$ cd "/home/pete/wefwefwef/docs/erldocs_other.git"
>>> [rebar] deps = []
 :: Generating erldocs into /home/pete/wefwefwef/docs/other/2866486615/repo/v0.02
Building nsime
Generating Type Specs - "/home/pete/wefwefwef/docs/other/2866486615/nsime-tag-v0.02/nsime/src/nsime_data_rate.erl"
Generating Type Specs - "/home/pete/wefwefwef/docs/other/2866486615/nsime-tag-v0.02/nsime/src/nsime_drop_tail_queue.erl"
Generating Type Specs - "/home/pete/wefwefwef/docs/other/2866486615/nsime-tag-v0.02/nsime/src/nsime_gbtrees_scheduler.erl"
Generating Type Specs - "/home/pete/wefwefwef/docs/other/2866486615/nsime-tag-v0.02/nsime/src/nsime_node.erl"
Generating Type Specs - "/home/pete/wefwefwef/docs/other/2866486615/nsime-tag-v0.02/nsime/src/nsime_node_list.erl"
Generating Type Specs - "/home/pete/wefwefwef/docs/other/2866486615/nsime-tag-v0.02/nsime/src/nsime_ptp_channel.erl"
Generating Type Specs - "/home/pete/wefwefwef/docs/other/2866486615/nsime-tag-v0.02/nsime/src/nsime_ptp_netdevice.erl"
Generating Type Specs - "/home/pete/wefwefwef/docs/other/2866486615/nsime-tag-v0.02/nsime/src/nsime_simulator.erl"
Generating Type Specs - "/home/pete/wefwefwef/docs/other/2866486615/nsime-tag-v0.02/nsime/src/nsime_time.erl"
Generating XML for application nsime "/home/pete/wefwefwef/docs/other/2866486615/nsime-tag-v0.02/nsime" -> "/home/pete/wefwefwef/docs/other/2866486615/repo/v0.02/.xml/nsime"
Generated nsime XMLs: ["/home/pete/wefwefwef/docs/other/2866486615/repo/v0.02/.xml/nsime/nsime_simulator.xml",
                       "/home/pete/wefwefwef/docs/other/2866486615/repo/v0.02/.xml/nsime/nsime_node.xml",
                       "/home/pete/wefwefwef/docs/other/2866486615/repo/v0.02/.xml/nsime/nsime_ptp_channel.xml",
                       "/home/pete/wefwefwef/docs/other/2866486615/repo/v0.02/.xml/nsime/nsime_time.xml",
                       "/home/pete/wefwefwef/docs/other/2866486615/repo/v0.02/.xml/nsime/nsime_data_rate.xml",
                       "/home/pete/wefwefwef/docs/other/2866486615/repo/v0.02/.xml/nsime/nsime_ptp_netdevice.xml",
                       "/home/pete/wefwefwef/docs/other/2866486615/repo/v0.02/.xml/nsime/nsime_node_list.xml",
                       "/home/pete/wefwefwef/docs/other/2866486615/repo/v0.02/.xml/nsime/nsime_gbtrees_scheduler.xml",
                       "/home/pete/wefwefwef/docs/other/2866486615/repo/v0.02/.xml/nsime/nsime_drop_tail_queue.xml"]
Generating HTML - nsime_node "/home/pete/wefwefwef/docs/other/2866486615/repo/v0.02/.xml/nsime/nsime_node.xml"
Generating HTML - nsime_time "/home/pete/wefwefwef/docs/other/2866486615/repo/v0.02/.xml/nsime/nsime_time.xml"
Generating HTML - nsime_ptp_netdevice "/home/pete/wefwefwef/docs/other/2866486615/repo/v0.02/.xml/nsime/nsime_ptp_netdevice.xml"
Generating HTML - nsime_drop_tail_queue "/home/pete/wefwefwef/docs/other/2866486615/repo/v0.02/.xml/nsime/nsime_drop_tail_queue.xml"
Reading XML for "/home/pete/wefwefwef/docs/other/2866486615/repo/v0.02/.xml/nsime/nsime_node.xml"
Reading XML for "/home/pete/wefwefwef/docs/other/2866486615/repo/v0.02/.xml/nsime/nsime_time.xml"
Reading XML for "/home/pete/wefwefwef/docs/other/2866486615/repo/v0.02/.xml/nsime/nsime_ptp_netdevice.xml"
Reading XML for "/home/pete/wefwefwef/docs/other/2866486615/repo/v0.02/.xml/nsime/nsime_drop_tail_queue.xml"
Reading XML for "/home/pete/wefwefwef/docs/other/2866486615/repo/v0.02/.xml/specs_nsime_time.xml"
Reading XML for "/home/pete/wefwefwef/docs/other/2866486615/repo/v0.02/.xml/specs_nsime_node.xml"
Generating HTML - nsime_ptp_channel "/home/pete/wefwefwef/docs/other/2866486615/repo/v0.02/.xml/nsime/nsime_ptp_channel.xml"
Reading XML for "/home/pete/wefwefwef/docs/other/2866486615/repo/v0.02/.xml/nsime/nsime_ptp_channel.xml"
Reading XML for "/home/pete/wefwefwef/docs/other/2866486615/repo/v0.02/.xml/specs_nsime_ptp_netdevice.xml"
Generating HTML - nsime_simulator "/home/pete/wefwefwef/docs/other/2866486615/repo/v0.02/.xml/nsime/nsime_simulator.xml"
Reading XML for "/home/pete/wefwefwef/docs/other/2866486615/repo/v0.02/.xml/nsime/nsime_simulator.xml"
Reading XML for "/home/pete/wefwefwef/docs/other/2866486615/repo/v0.02/.xml/specs_nsime_drop_tail_queue.xml"
Generating HTML - nsime_gbtrees_scheduler "/home/pete/wefwefwef/docs/other/2866486615/repo/v0.02/.xml/nsime/nsime_gbtrees_scheduler.xml"
Reading XML for "/home/pete/wefwefwef/docs/other/2866486615/repo/v0.02/.xml/nsime/nsime_gbtrees_scheduler.xml"
Generating HTML - nsime_data_rate "/home/pete/wefwefwef/docs/other/2866486615/repo/v0.02/.xml/nsime/nsime_data_rate.xml"
Reading XML for "/home/pete/wefwefwef/docs/other/2866486615/repo/v0.02/.xml/nsime/nsime_data_rate.xml"
Reading XML for "/home/pete/wefwefwef/docs/other/2866486615/repo/v0.02/.xml/specs_nsime_simulator.xml"
Reading XML for "/home/pete/wefwefwef/docs/other/2866486615/repo/v0.02/.xml/specs_nsime_ptp_channel.xml"
Reading XML for "/home/pete/wefwefwef/docs/other/2866486615/repo/v0.02/.xml/specs_nsime_gbtrees_scheduler.xml"
Generating HTML - nsime_node_list "/home/pete/wefwefwef/docs/other/2866486615/repo/v0.02/.xml/nsime/nsime_node_list.xml"
Reading XML for "/home/pete/wefwefwef/docs/other/2866486615/repo/v0.02/.xml/specs_nsime_data_rate.xml"
Reading XML for "/home/pete/wefwefwef/docs/other/2866486615/repo/v0.02/.xml/nsime/nsime_node_list.xml"
Reading XML for "/home/pete/wefwefwef/docs/other/2866486615/repo/v0.02/.xml/specs_nsime_node_list.xml"
Creating index.html ...
Creating erldocs_index.js ...
Woot, finished in 0 Minutes 0 Seconds
 :: Discovering other repos
$ 5000  `rm -r '/home/pete/wefwefwef/docs/other/2866486615/nsime-tag-v0.02'  2>&1`
 :: Processing https://github.com/avras/nsime	{rev,tag,"v0.03","71676755123b7961a0eca325faa414aeb73040fb"}
 :: Fetching repo code
$ cd "/home/pete/wefwefwef/docs/other/2866486615/nsime-tag-v0.03/nsime"
$ infinity  `curl --fail --silent --show-error --location --output 'v0.03.zip' 'https://github.com/avras/nsime/archive/v0.03.zip'  2>&1`
$ cd "/home/pete/wefwefwef/docs/erldocs_other.git"
$ cd "/home/pete/wefwefwef/docs/other/2866486615/nsime-tag-v0.03/nsime"
$ 5000  `find -P . -type l -delete  2>&1`
$ cd "/home/pete/wefwefwef/docs/erldocs_other.git"
$ cd "/home/pete/wefwefwef/docs/other/2866486615/nsime-tag-v0.03/nsime"
$ 5000  `find 'nsime-0.03' -mindepth 1 -maxdepth 1 -exec mv -t . -- {} +  2>&1`
$ cd "/home/pete/wefwefwef/docs/erldocs_other.git"
 :: Getting dependencies
$ cd "/home/pete/wefwefwef/docs/other/2866486615/nsime-tag-v0.03/nsime"
$ 5000  `ls -1 deps/  2>&1`
$ cd "/home/pete/wefwefwef/docs/erldocs_other.git"
>>> [rebar] deps = []
 :: Generating erldocs into /home/pete/wefwefwef/docs/other/2866486615/repo/v0.03
Building nsime
Generating Type Specs - "/home/pete/wefwefwef/docs/other/2866486615/nsime-tag-v0.03/nsime/src/nsime_application.erl"
Generating Type Specs - "/home/pete/wefwefwef/docs/other/2866486615/nsime-tag-v0.03/nsime/src/nsime_callback.erl"
Generating Type Specs - "/home/pete/wefwefwef/docs/other/2866486615/nsime-tag-v0.03/nsime/src/nsime_channel_list.erl"
Generating Type Specs - "/home/pete/wefwefwef/docs/other/2866486615/nsime-tag-v0.03/nsime/src/nsime_config.erl"
Generating Type Specs - "/home/pete/wefwefwef/docs/other/2866486615/nsime-tag-v0.03/nsime/src/nsime_data_rate.erl"
Generating Type Specs - "/home/pete/wefwefwef/docs/other/2866486615/nsime-tag-v0.03/nsime/src/nsime_droptail_queue.erl"
Generating Type Specs - "/home/pete/wefwefwef/docs/other/2866486615/nsime-tag-v0.03/nsime/src/nsime_gbtrees_scheduler.erl"
Generating Type Specs - "/home/pete/wefwefwef/docs/other/2866486615/nsime-tag-v0.03/nsime/src/nsime_icmpv4_dest_unreachable_header.erl"
Generating Type Specs - "/home/pete/wefwefwef/docs/other/2866486615/nsime-tag-v0.03/nsime/src/nsime_icmpv4_echo_header.erl"
Generating Type Specs - "/home/pete/wefwefwef/docs/other/2866486615/nsime-tag-v0.03/nsime/src/nsime_icmpv4_header.erl"
Generating Type Specs - "/home/pete/wefwefwef/docs/other/2866486615/nsime-tag-v0.03/nsime/src/nsime_icmpv4_protocol.erl"
Generating Type Specs - "/home/pete/wefwefwef/docs/other/2866486615/nsime-tag-v0.03/nsime/src/nsime_icmpv4_time_exceeded_header.erl"
Generating Type Specs - "/home/pete/wefwefwef/docs/other/2866486615/nsime-tag-v0.03/nsime/src/nsime_internet_stack_helper.erl"
Generating Type Specs - "/home/pete/wefwefwef/docs/other/2866486615/nsime-tag-v0.03/nsime/src/nsime_ip_endpoint.erl"
Generating Type Specs - "/home/pete/wefwefwef/docs/other/2866486615/nsime-tag-v0.03/nsime/src/nsime_ip_endpoint_demux.erl"
Generating Type Specs - "/home/pete/wefwefwef/docs/other/2866486615/nsime-tag-v0.03/nsime/src/nsime_ipv4_address.erl"
Generating Type Specs - "/home/pete/wefwefwef/docs/other/2866486615/nsime-tag-v0.03/nsime/src/nsime_ipv4_address_helper.erl"
Generating Type Specs - "/home/pete/wefwefwef/docs/other/2866486615/nsime-tag-v0.03/nsime/src/nsime_ipv4_header.erl"
Generating Type Specs - "/home/pete/wefwefwef/docs/other/2866486615/nsime-tag-v0.03/nsime/src/nsime_ipv4_interface.erl"
Generating Type Specs - "/home/pete/wefwefwef/docs/other/2866486615/nsime-tag-v0.03/nsime/src/nsime_ipv4_interface_address.erl"
Generating Type Specs - "/home/pete/wefwefwef/docs/other/2866486615/nsime-tag-v0.03/nsime/src/nsime_ipv4_list_routing.erl"
Generating Type Specs - "/home/pete/wefwefwef/docs/other/2866486615/nsime-tag-v0.03/nsime/src/nsime_ipv4_mask.erl"
Generating Type Specs - "/home/pete/wefwefwef/docs/other/2866486615/nsime-tag-v0.03/nsime/src/nsime_ipv4_protocol.erl"
Generating Type Specs - "/home/pete/wefwefwef/docs/other/2866486615/nsime-tag-v0.03/nsime/src/nsime_ipv4_routing_protocol.erl"
Generating Type Specs - "/home/pete/wefwefwef/docs/other/2866486615/nsime-tag-v0.03/nsime/src/nsime_ipv4_routing_table_entry.erl"
Generating Type Specs - "/home/pete/wefwefwef/docs/other/2866486615/nsime-tag-v0.03/nsime/src/nsime_ipv4_static_routing.erl"
Generating Type Specs - "/home/pete/wefwefwef/docs/other/2866486615/nsime-tag-v0.03/nsime/src/nsime_layer4_protocol.erl"
Generating Type Specs - "/home/pete/wefwefwef/docs/other/2866486615/nsime-tag-v0.03/nsime/src/nsime_mac_address.erl"
Generating Type Specs - "/home/pete/wefwefwef/docs/other/2866486615/nsime-tag-v0.03/nsime/src/nsime_netdevice.erl"
Generating Type Specs - "/home/pete/wefwefwef/docs/other/2866486615/nsime-tag-v0.03/nsime/src/nsime_node.erl"
Generating Type Specs - "/home/pete/wefwefwef/docs/other/2866486615/nsime-tag-v0.03/nsime/src/nsime_node_list.erl"
Generating Type Specs - "/home/pete/wefwefwef/docs/other/2866486615/nsime-tag-v0.03/nsime/src/nsime_ptp_channel.erl"
Generating Type Specs - "/home/pete/wefwefwef/docs/other/2866486615/nsime-tag-v0.03/nsime/src/nsime_ptp_helper.erl"
Generating Type Specs - "/home/pete/wefwefwef/docs/other/2866486615/nsime-tag-v0.03/nsime/src/nsime_ptp_netdevice.erl"
Generating Type Specs - "/home/pete/wefwefwef/docs/other/2866486615/nsime-tag-v0.03/nsime/src/nsime_simulator.erl"
Generating Type Specs - "/home/pete/wefwefwef/docs/other/2866486615/nsime-tag-v0.03/nsime/src/nsime_time.erl"
Generating Type Specs - "/home/pete/wefwefwef/docs/other/2866486615/nsime-tag-v0.03/nsime/src/nsime_udp_echo_client.erl"
Generating Type Specs - "/home/pete/wefwefwef/docs/other/2866486615/nsime-tag-v0.03/nsime/src/nsime_udp_echo_server.erl"
Generating Type Specs - "/home/pete/wefwefwef/docs/other/2866486615/nsime-tag-v0.03/nsime/src/nsime_udp_header.erl"
Generating Type Specs - "/home/pete/wefwefwef/docs/other/2866486615/nsime-tag-v0.03/nsime/src/nsime_udp_protocol.erl"
Generating Type Specs - "/home/pete/wefwefwef/docs/other/2866486615/nsime-tag-v0.03/nsime/src/nsime_udp_socket.erl"
Generating XML for application nsime "/home/pete/wefwefwef/docs/other/2866486615/nsime-tag-v0.03/nsime" -> "/home/pete/wefwefwef/docs/other/2866486615/repo/v0.03/.xml/nsime"
Generated nsime XMLs: ["/home/pete/wefwefwef/docs/other/2866486615/repo/v0.03/.xml/nsime/nsime_ipv4_header.xml",
                       "/home/pete/wefwefwef/docs/other/2866486615/repo/v0.03/.xml/nsime/nsime_icmpv4_protocol.xml",
                       "/home/pete/wefwefwef/docs/other/2866486615/repo/v0.03/.xml/nsime/nsime_netdevice.xml",
                       "/home/pete/wefwefwef/docs/other/2866486615/repo/v0.03/.xml/nsime/nsime_simulator.xml",
                       "/home/pete/wefwefwef/docs/other/2866486615/repo/v0.03/.xml/nsime/nsime_ipv4_static_routing.xml",
                       "/home/pete/wefwefwef/docs/other/2866486615/repo/v0.03/.xml/nsime/nsime_udp_socket.xml",
                       "/home/pete/wefwefwef/docs/other/2866486615/repo/v0.03/.xml/nsime/nsime_ipv4_mask.xml",
                       "/home/pete/wefwefwef/docs/other/2866486615/repo/v0.03/.xml/nsime/nsime_ipv4_routing_protocol.xml",
                       "/home/pete/wefwefwef/docs/other/2866486615/repo/v0.03/.xml/nsime/nsime_udp_protocol.xml",
                       "/home/pete/wefwefwef/docs/other/2866486615/repo/v0.03/.xml/nsime/nsime_channel_list.xml",
                       "/home/pete/wefwefwef/docs/other/2866486615/repo/v0.03/.xml/nsime/nsime_udp_echo_server.xml",
                       "/home/pete/wefwefwef/docs/other/2866486615/repo/v0.03/.xml/nsime/nsime_icmpv4_time_exceeded_header.xml",
                       "/home/pete/wefwefwef/docs/other/2866486615/repo/v0.03/.xml/nsime/nsime_ptp_helper.xml",
                       "/home/pete/wefwefwef/docs/other/2866486615/repo/v0.03/.xml/nsime/nsime_icmpv4_dest_unreachable_header.xml",
                       "/home/pete/wefwefwef/docs/other/2866486615/repo/v0.03/.xml/nsime/nsime_ipv4_protocol.xml",
                       "/home/pete/wefwefwef/docs/other/2866486615/repo/v0.03/.xml/nsime/nsime_mac_address.xml",
                       "/home/pete/wefwefwef/docs/other/2866486615/repo/v0.03/.xml/nsime/nsime_droptail_queue.xml",
                       "/home/pete/wefwefwef/docs/other/2866486615/repo/v0.03/.xml/nsime/nsime_ipv4_routing_table_entry.xml",
                       "/home/pete/wefwefwef/docs/other/2866486615/repo/v0.03/.xml/nsime/nsime_layer4_protocol.xml",
                       "/home/pete/wefwefwef/docs/other/2866486615/repo/v0.03/.xml/nsime/nsime_icmpv4_echo_header.xml",
                       "/home/pete/wefwefwef/docs/other/2866486615/repo/v0.03/.xml/nsime/nsime_application.xml",
                       "/home/pete/wefwefwef/docs/other/2866486615/repo/v0.03/.xml/nsime/nsime_udp_echo_client.xml",
                       "/home/pete/wefwefwef/docs/other/2866486615/repo/v0.03/.xml/nsime/nsime_node.xml",
                       "/home/pete/wefwefwef/docs/other/2866486615/repo/v0.03/.xml/nsime/nsime_ipv4_address.xml",
                       "/home/pete/wefwefwef/docs/other/2866486615/repo/v0.03/.xml/nsime/nsime_ptp_channel.xml",
                       "/home/pete/wefwefwef/docs/other/2866486615/repo/v0.03/.xml/nsime/nsime_ipv4_interface.xml",
                       "/home/pete/wefwefwef/docs/other/2866486615/repo/v0.03/.xml/nsime/nsime_time.xml",
                       "/home/pete/wefwefwef/docs/other/2866486615/repo/v0.03/.xml/nsime/nsime_ipv4_address_helper.xml",
                       "/home/pete/wefwefwef/docs/other/2866486615/repo/v0.03/.xml/nsime/nsime_data_rate.xml",
                       "/home/pete/wefwefwef/docs/other/2866486615/repo/v0.03/.xml/nsime/nsime_ptp_netdevice.xml",
                       "/home/pete/wefwefwef/docs/other/2866486615/repo/v0.03/.xml/nsime/nsime_callback.xml",
                       "/home/pete/wefwefwef/docs/other/2866486615/repo/v0.03/.xml/nsime/nsime_ipv4_interface_address.xml",
                       "/home/pete/wefwefwef/docs/other/2866486615/repo/v0.03/.xml/nsime/nsime_udp_header.xml",
                       "/home/pete/wefwefwef/docs/other/2866486615/repo/v0.03/.xml/nsime/nsime_internet_stack_helper.xml",
                       "/home/pete/wefwefwef/docs/other/2866486615/repo/v0.03/.xml/nsime/nsime_node_list.xml",
                       "/home/pete/wefwefwef/docs/other/2866486615/repo/v0.03/.xml/nsime/nsime_icmpv4_header.xml",
                       "/home/pete/wefwefwef/docs/other/2866486615/repo/v0.03/.xml/nsime/nsime_ipv4_list_routing.xml",
                       "/home/pete/wefwefwef/docs/other/2866486615/repo/v0.03/.xml/nsime/nsime_gbtrees_scheduler.xml",
                       "/home/pete/wefwefwef/docs/other/2866486615/repo/v0.03/.xml/nsime/nsime_ip_endpoint.xml",
                       "/home/pete/wefwefwef/docs/other/2866486615/repo/v0.03/.xml/nsime/nsime_ip_endpoint_demux.xml",
                       "/home/pete/wefwefwef/docs/other/2866486615/repo/v0.03/.xml/nsime/nsime_config.xml"]
Generating HTML - nsime_channel_list "/home/pete/wefwefwef/docs/other/2866486615/repo/v0.03/.xml/nsime/nsime_channel_list.xml"
Generating HTML - nsime_icmpv4_echo_header "/home/pete/wefwefwef/docs/other/2866486615/repo/v0.03/.xml/nsime/nsime_icmpv4_echo_header.xml"
Generating HTML - nsime_ptp_netdevice "/home/pete/wefwefwef/docs/other/2866486615/repo/v0.03/.xml/nsime/nsime_ptp_netdevice.xml"
Generating HTML - nsime_config "/home/pete/wefwefwef/docs/other/2866486615/repo/v0.03/.xml/nsime/nsime_config.xml"
Reading XML for "/home/pete/wefwefwef/docs/other/2866486615/repo/v0.03/.xml/nsime/nsime_channel_list.xml"
Reading XML for "/home/pete/wefwefwef/docs/other/2866486615/repo/v0.03/.xml/nsime/nsime_icmpv4_echo_header.xml"
Reading XML for "/home/pete/wefwefwef/docs/other/2866486615/repo/v0.03/.xml/nsime/nsime_ptp_netdevice.xml"
Reading XML for "/home/pete/wefwefwef/docs/other/2866486615/repo/v0.03/.xml/nsime/nsime_config.xml"
Reading XML for "/home/pete/wefwefwef/docs/other/2866486615/repo/v0.03/.xml/specs_nsime_channel_list.xml"
Reading XML for "/home/pete/wefwefwef/docs/other/2866486615/repo/v0.03/.xml/specs_nsime_icmpv4_echo_header.xml"
Generating HTML - nsime_udp_protocol "/home/pete/wefwefwef/docs/other/2866486615/repo/v0.03/.xml/nsime/nsime_udp_protocol.xml"
Reading XML for "/home/pete/wefwefwef/docs/other/2866486615/repo/v0.03/.xml/nsime/nsime_udp_protocol.xml"
Generating HTML - nsime_layer4_protocol "/home/pete/wefwefwef/docs/other/2866486615/repo/v0.03/.xml/nsime/nsime_layer4_protocol.xml"
Reading XML for "/home/pete/wefwefwef/docs/other/2866486615/repo/v0.03/.xml/nsime/nsime_layer4_protocol.xml"
Reading XML for "/home/pete/wefwefwef/docs/other/2866486615/repo/v0.03/.xml/specs_nsime_config.xml"
Reading XML for "/home/pete/wefwefwef/docs/other/2866486615/repo/v0.03/.xml/specs_nsime_ptp_netdevice.xml"
Generating HTML - nsime_ip_endpoint_demux "/home/pete/wefwefwef/docs/other/2866486615/repo/v0.03/.xml/nsime/nsime_ip_endpoint_demux.xml"
Reading XML for "/home/pete/wefwefwef/docs/other/2866486615/repo/v0.03/.xml/nsime/nsime_ip_endpoint_demux.xml"
Generating HTML - nsime_data_rate "/home/pete/wefwefwef/docs/other/2866486615/repo/v0.03/.xml/nsime/nsime_data_rate.xml"
Reading XML for "/home/pete/wefwefwef/docs/other/2866486615/repo/v0.03/.xml/nsime/nsime_data_rate.xml"
Reading XML for "/home/pete/wefwefwef/docs/other/2866486615/repo/v0.03/.xml/specs_nsime_layer4_protocol.xml"
Reading XML for "/home/pete/wefwefwef/docs/other/2866486615/repo/v0.03/.xml/specs_nsime_udp_protocol.xml"
Generating HTML - nsime_ipv4_routing_table_entry "/home/pete/wefwefwef/docs/other/2866486615/repo/v0.03/.xml/nsime/nsime_ipv4_routing_table_entry.xml"
Reading XML for "/home/pete/wefwefwef/docs/other/2866486615/repo/v0.03/.xml/nsime/nsime_ipv4_routing_table_entry.xml"
Generating HTML - nsime_ipv4_routing_protocol "/home/pete/wefwefwef/docs/other/2866486615/repo/v0.03/.xml/nsime/nsime_ipv4_routing_protocol.xml"
Reading XML for "/home/pete/wefwefwef/docs/other/2866486615/repo/v0.03/.xml/specs_nsime_ip_endpoint_demux.xml"
Reading XML for "/home/pete/wefwefwef/docs/other/2866486615/repo/v0.03/.xml/nsime/nsime_ipv4_routing_protocol.xml"
Reading XML for "/home/pete/wefwefwef/docs/other/2866486615/repo/v0.03/.xml/specs_nsime_data_rate.xml"
Generating HTML - nsime_ip_endpoint "/home/pete/wefwefwef/docs/other/2866486615/repo/v0.03/.xml/nsime/nsime_ip_endpoint.xml"
Reading XML for "/home/pete/wefwefwef/docs/other/2866486615/repo/v0.03/.xml/nsime/nsime_ip_endpoint.xml"
Generating HTML - nsime_ipv4_address_helper "/home/pete/wefwefwef/docs/other/2866486615/repo/v0.03/.xml/nsime/nsime_ipv4_address_helper.xml"
Reading XML for "/home/pete/wefwefwef/docs/other/2866486615/repo/v0.03/.xml/nsime/nsime_ipv4_address_helper.xml"
Reading XML for "/home/pete/wefwefwef/docs/other/2866486615/repo/v0.03/.xml/specs_nsime_ipv4_routing_table_entry.xml"
Generating HTML - nsime_droptail_queue "/home/pete/wefwefwef/docs/other/2866486615/repo/v0.03/.xml/nsime/nsime_droptail_queue.xml"
Reading XML for "/home/pete/wefwefwef/docs/other/2866486615/repo/v0.03/.xml/nsime/nsime_droptail_queue.xml"
Reading XML for "/home/pete/wefwefwef/docs/other/2866486615/repo/v0.03/.xml/specs_nsime_ipv4_routing_protocol.xml"
Generating HTML - nsime_ipv4_mask "/home/pete/wefwefwef/docs/other/2866486615/repo/v0.03/.xml/nsime/nsime_ipv4_mask.xml"
Reading XML for "/home/pete/wefwefwef/docs/other/2866486615/repo/v0.03/.xml/nsime/nsime_ipv4_mask.xml"
Reading XML for "/home/pete/wefwefwef/docs/other/2866486615/repo/v0.03/.xml/specs_nsime_ip_endpoint.xml"
Reading XML for "/home/pete/wefwefwef/docs/other/2866486615/repo/v0.03/.xml/specs_nsime_ipv4_address_helper.xml"
Generating HTML - nsime_time "/home/pete/wefwefwef/docs/other/2866486615/repo/v0.03/.xml/nsime/nsime_time.xml"
Reading XML for "/home/pete/wefwefwef/docs/other/2866486615/repo/v0.03/.xml/nsime/nsime_time.xml"
Generating HTML - nsime_gbtrees_scheduler "/home/pete/wefwefwef/docs/other/2866486615/repo/v0.03/.xml/nsime/nsime_gbtrees_scheduler.xml"
Reading XML for "/home/pete/wefwefwef/docs/other/2866486615/repo/v0.03/.xml/nsime/nsime_gbtrees_scheduler.xml"
Reading XML for "/home/pete/wefwefwef/docs/other/2866486615/repo/v0.03/.xml/specs_nsime_droptail_queue.xml"
Generating HTML - nsime_mac_address "/home/pete/wefwefwef/docs/other/2866486615/repo/v0.03/.xml/nsime/nsime_mac_address.xml"
Reading XML for "/home/pete/wefwefwef/docs/other/2866486615/repo/v0.03/.xml/nsime/nsime_mac_address.xml"
Reading XML for "/home/pete/wefwefwef/docs/other/2866486615/repo/v0.03/.xml/specs_nsime_ipv4_mask.xml"
Generating HTML - nsime_udp_socket "/home/pete/wefwefwef/docs/other/2866486615/repo/v0.03/.xml/nsime/nsime_udp_socket.xml"
Reading XML for "/home/pete/wefwefwef/docs/other/2866486615/repo/v0.03/.xml/nsime/nsime_udp_socket.xml"
Reading XML for "/home/pete/wefwefwef/docs/other/2866486615/repo/v0.03/.xml/specs_nsime_time.xml"
Reading XML for "/home/pete/wefwefwef/docs/other/2866486615/repo/v0.03/.xml/specs_nsime_gbtrees_scheduler.xml"
Generating HTML - nsime_ipv4_interface "/home/pete/wefwefwef/docs/other/2866486615/repo/v0.03/.xml/nsime/nsime_ipv4_interface.xml"
Reading XML for "/home/pete/wefwefwef/docs/other/2866486615/repo/v0.03/.xml/nsime/nsime_ipv4_interface.xml"
Generating HTML - nsime_ipv4_list_routing "/home/pete/wefwefwef/docs/other/2866486615/repo/v0.03/.xml/nsime/nsime_ipv4_list_routing.xml"
Reading XML for "/home/pete/wefwefwef/docs/other/2866486615/repo/v0.03/.xml/nsime/nsime_ipv4_list_routing.xml"
Reading XML for "/home/pete/wefwefwef/docs/other/2866486615/repo/v0.03/.xml/specs_nsime_mac_address.xml"
Generating HTML - nsime_ipv4_protocol "/home/pete/wefwefwef/docs/other/2866486615/repo/v0.03/.xml/nsime/nsime_ipv4_protocol.xml"
Reading XML for "/home/pete/wefwefwef/docs/other/2866486615/repo/v0.03/.xml/nsime/nsime_ipv4_protocol.xml"
Reading XML for "/home/pete/wefwefwef/docs/other/2866486615/repo/v0.03/.xml/specs_nsime_udp_socket.xml"
Reading XML for "/home/pete/wefwefwef/docs/other/2866486615/repo/v0.03/.xml/specs_nsime_ipv4_interface.xml"
Generating HTML - nsime_ipv4_static_routing "/home/pete/wefwefwef/docs/other/2866486615/repo/v0.03/.xml/nsime/nsime_ipv4_static_routing.xml"
Reading XML for "/home/pete/wefwefwef/docs/other/2866486615/repo/v0.03/.xml/nsime/nsime_ipv4_static_routing.xml"
Generating HTML - nsime_ptp_channel "/home/pete/wefwefwef/docs/other/2866486615/repo/v0.03/.xml/nsime/nsime_ptp_channel.xml"
Reading XML for "/home/pete/wefwefwef/docs/other/2866486615/repo/v0.03/.xml/specs_nsime_ipv4_list_routing.xml"
Reading XML for "/home/pete/wefwefwef/docs/other/2866486615/repo/v0.03/.xml/nsime/nsime_ptp_channel.xml"
Generating HTML - nsime_icmpv4_header "/home/pete/wefwefwef/docs/other/2866486615/repo/v0.03/.xml/nsime/nsime_icmpv4_header.xml"
Reading XML for "/home/pete/wefwefwef/docs/other/2866486615/repo/v0.03/.xml/nsime/nsime_icmpv4_header.xml"
Reading XML for "/home/pete/wefwefwef/docs/other/2866486615/repo/v0.03/.xml/specs_nsime_ipv4_protocol.xml"
Reading XML for "/home/pete/wefwefwef/docs/other/2866486615/repo/v0.03/.xml/specs_nsime_ptp_channel.xml"
Generating HTML - nsime_icmpv4_dest_unreachable_header "/home/pete/wefwefwef/docs/other/2866486615/repo/v0.03/.xml/nsime/nsime_icmpv4_dest_unreachable_header.xml"
Reading XML for "/home/pete/wefwefwef/docs/other/2866486615/repo/v0.03/.xml/nsime/nsime_icmpv4_dest_unreachable_header.xml"
Reading XML for "/home/pete/wefwefwef/docs/other/2866486615/repo/v0.03/.xml/specs_nsime_ipv4_static_routing.xml"
Generating HTML - nsime_ipv4_address "/home/pete/wefwefwef/docs/other/2866486615/repo/v0.03/.xml/nsime/nsime_ipv4_address.xml"
Reading XML for "/home/pete/wefwefwef/docs/other/2866486615/repo/v0.03/.xml/nsime/nsime_ipv4_address.xml"
Reading XML for "/home/pete/wefwefwef/docs/other/2866486615/repo/v0.03/.xml/specs_nsime_icmpv4_header.xml"
Generating HTML - nsime_simulator "/home/pete/wefwefwef/docs/other/2866486615/repo/v0.03/.xml/nsime/nsime_simulator.xml"
Reading XML for "/home/pete/wefwefwef/docs/other/2866486615/repo/v0.03/.xml/nsime/nsime_simulator.xml"
Generating HTML - nsime_node_list "/home/pete/wefwefwef/docs/other/2866486615/repo/v0.03/.xml/nsime/nsime_node_list.xml"
Reading XML for "/home/pete/wefwefwef/docs/other/2866486615/repo/v0.03/.xml/nsime/nsime_node_list.xml"
Reading XML for "/home/pete/wefwefwef/docs/other/2866486615/repo/v0.03/.xml/specs_nsime_icmpv4_dest_unreachable_header.xml"
Generating HTML - nsime_ptp_helper "/home/pete/wefwefwef/docs/other/2866486615/repo/v0.03/.xml/nsime/nsime_ptp_helper.xml"
Reading XML for "/home/pete/wefwefwef/docs/other/2866486615/repo/v0.03/.xml/specs_nsime_ipv4_address.xml"
Reading XML for "/home/pete/wefwefwef/docs/other/2866486615/repo/v0.03/.xml/nsime/nsime_ptp_helper.xml"
Generating HTML - nsime_node "/home/pete/wefwefwef/docs/other/2866486615/repo/v0.03/.xml/nsime/nsime_node.xml"
Reading XML for "/home/pete/wefwefwef/docs/other/2866486615/repo/v0.03/.xml/nsime/nsime_node.xml"
Reading XML for "/home/pete/wefwefwef/docs/other/2866486615/repo/v0.03/.xml/specs_nsime_simulator.xml"
Reading XML for "/home/pete/wefwefwef/docs/other/2866486615/repo/v0.03/.xml/specs_nsime_node_list.xml"
Generating HTML - nsime_netdevice "/home/pete/wefwefwef/docs/other/2866486615/repo/v0.03/.xml/nsime/nsime_netdevice.xml"
Reading XML for "/home/pete/wefwefwef/docs/other/2866486615/repo/v0.03/.xml/nsime/nsime_netdevice.xml"
Generating HTML - nsime_internet_stack_helper "/home/pete/wefwefwef/docs/other/2866486615/repo/v0.03/.xml/nsime/nsime_internet_stack_helper.xml"
Reading XML for "/home/pete/wefwefwef/docs/other/2866486615/repo/v0.03/.xml/nsime/nsime_internet_stack_helper.xml"
Reading XML for "/home/pete/wefwefwef/docs/other/2866486615/repo/v0.03/.xml/specs_nsime_ptp_helper.xml"
Generating HTML - nsime_icmpv4_time_exceeded_header "/home/pete/wefwefwef/docs/other/2866486615/repo/v0.03/.xml/nsime/nsime_icmpv4_time_exceeded_header.xml"
Reading XML for "/home/pete/wefwefwef/docs/other/2866486615/repo/v0.03/.xml/nsime/nsime_icmpv4_time_exceeded_header.xml"
Reading XML for "/home/pete/wefwefwef/docs/other/2866486615/repo/v0.03/.xml/specs_nsime_node.xml"
Reading XML for "/home/pete/wefwefwef/docs/other/2866486615/repo/v0.03/.xml/specs_nsime_netdevice.xml"
Reading XML for "/home/pete/wefwefwef/docs/other/2866486615/repo/v0.03/.xml/specs_nsime_internet_stack_helper.xml"
Generating HTML - nsime_udp_echo_client "/home/pete/wefwefwef/docs/other/2866486615/repo/v0.03/.xml/nsime/nsime_udp_echo_client.xml"
Generating HTML - nsime_udp_header "/home/pete/wefwefwef/docs/other/2866486615/repo/v0.03/.xml/nsime/nsime_udp_header.xml"
Reading XML for "/home/pete/wefwefwef/docs/other/2866486615/repo/v0.03/.xml/nsime/nsime_udp_echo_client.xml"
Reading XML for "/home/pete/wefwefwef/docs/other/2866486615/repo/v0.03/.xml/nsime/nsime_udp_header.xml"
Generating HTML - nsime_icmpv4_protocol "/home/pete/wefwefwef/docs/other/2866486615/repo/v0.03/.xml/nsime/nsime_icmpv4_protocol.xml"
Reading XML for "/home/pete/wefwefwef/docs/other/2866486615/repo/v0.03/.xml/nsime/nsime_icmpv4_protocol.xml"
Reading XML for "/home/pete/wefwefwef/docs/other/2866486615/repo/v0.03/.xml/specs_nsime_icmpv4_time_exceeded_header.xml"
Generating HTML - nsime_udp_echo_server "/home/pete/wefwefwef/docs/other/2866486615/repo/v0.03/.xml/nsime/nsime_udp_echo_server.xml"
Reading XML for "/home/pete/wefwefwef/docs/other/2866486615/repo/v0.03/.xml/nsime/nsime_udp_echo_server.xml"
Reading XML for "/home/pete/wefwefwef/docs/other/2866486615/repo/v0.03/.xml/specs_nsime_udp_echo_client.xml"
Reading XML for "/home/pete/wefwefwef/docs/other/2866486615/repo/v0.03/.xml/specs_nsime_udp_header.xml"
Generating HTML - nsime_ipv4_interface_address "/home/pete/wefwefwef/docs/other/2866486615/repo/v0.03/.xml/nsime/nsime_ipv4_interface_address.xml"
Reading XML for "/home/pete/wefwefwef/docs/other/2866486615/repo/v0.03/.xml/specs_nsime_icmpv4_protocol.xml"
Reading XML for "/home/pete/wefwefwef/docs/other/2866486615/repo/v0.03/.xml/nsime/nsime_ipv4_interface_address.xml"
Generating HTML - nsime_application "/home/pete/wefwefwef/docs/other/2866486615/repo/v0.03/.xml/nsime/nsime_application.xml"
Reading XML for "/home/pete/wefwefwef/docs/other/2866486615/repo/v0.03/.xml/nsime/nsime_application.xml"
Generating HTML - nsime_ipv4_header "/home/pete/wefwefwef/docs/other/2866486615/repo/v0.03/.xml/nsime/nsime_ipv4_header.xml"
Reading XML for "/home/pete/wefwefwef/docs/other/2866486615/repo/v0.03/.xml/nsime/nsime_ipv4_header.xml"
Reading XML for "/home/pete/wefwefwef/docs/other/2866486615/repo/v0.03/.xml/specs_nsime_udp_echo_server.xml"
Reading XML for "/home/pete/wefwefwef/docs/other/2866486615/repo/v0.03/.xml/specs_nsime_application.xml"
Reading XML for "/home/pete/wefwefwef/docs/other/2866486615/repo/v0.03/.xml/specs_nsime_ipv4_interface_address.xml"
Generating HTML - nsime_callback "/home/pete/wefwefwef/docs/other/2866486615/repo/v0.03/.xml/nsime/nsime_callback.xml"
Reading XML for "/home/pete/wefwefwef/docs/other/2866486615/repo/v0.03/.xml/nsime/nsime_callback.xml"
Reading XML for "/home/pete/wefwefwef/docs/other/2866486615/repo/v0.03/.xml/specs_nsime_ipv4_header.xml"
Reading XML for "/home/pete/wefwefwef/docs/other/2866486615/repo/v0.03/.xml/specs_nsime_callback.xml"
Creating index.html ...
Creating erldocs_index.js ...
Woot, finished in 0 Minutes 5 Seconds
 :: Discovering other repos
$ 5000  `rm -r '/home/pete/wefwefwef/docs/other/2866486615/nsime-tag-v0.03'  2>&1`
 :: Processing https://github.com/avras/nsime	{rev,branch,"less_events","4e334e452e8893b242029b0657d95935ce0b788f"}
 :: Fetching repo code
$ cd "/home/pete/wefwefwef/docs/other/2866486615/nsime-branch-less_events/nsime"
$ infinity  `curl --fail --silent --show-error --location --output 'less_events.zip' 'https://github.com/avras/nsime/archive/less_events.zip'  2>&1`
$ cd "/home/pete/wefwefwef/docs/erldocs_other.git"
$ cd "/home/pete/wefwefwef/docs/other/2866486615/nsime-branch-less_events/nsime"
$ 5000  `find -P . -type l -delete  2>&1`
$ cd "/home/pete/wefwefwef/docs/erldocs_other.git"
$ cd "/home/pete/wefwefwef/docs/other/2866486615/nsime-branch-less_events/nsime"
$ 5000  `find 'nsime-less_events' -mindepth 1 -maxdepth 1 -exec mv -t . -- {} +  2>&1`
$ cd "/home/pete/wefwefwef/docs/erldocs_other.git"
 :: Getting dependencies
$ cd "/home/pete/wefwefwef/docs/other/2866486615/nsime-branch-less_events/nsime"
$ 5000  `ls -1 deps/  2>&1`
$ cd "/home/pete/wefwefwef/docs/erldocs_other.git"
>>> [rebar] deps = []
 :: Generating erldocs into /home/pete/wefwefwef/docs/other/2866486615/repo/less_events
Building nsime
Generating Type Specs - "/home/pete/wefwefwef/docs/other/2866486615/nsime-branch-less_events/nsime/src/nsime_application.erl"
Generating Type Specs - "/home/pete/wefwefwef/docs/other/2866486615/nsime-branch-less_events/nsime/src/nsime_callback.erl"
Generating Type Specs - "/home/pete/wefwefwef/docs/other/2866486615/nsime-branch-less_events/nsime/src/nsime_channel_list.erl"
Generating Type Specs - "/home/pete/wefwefwef/docs/other/2866486615/nsime-branch-less_events/nsime/src/nsime_config.erl"
Generating Type Specs - "/home/pete/wefwefwef/docs/other/2866486615/nsime-branch-less_events/nsime/src/nsime_data_rate.erl"
Generating Type Specs - "/home/pete/wefwefwef/docs/other/2866486615/nsime-branch-less_events/nsime/src/nsime_droptail_queue.erl"
Generating Type Specs - "/home/pete/wefwefwef/docs/other/2866486615/nsime-branch-less_events/nsime/src/nsime_gbtrees_scheduler.erl"
Generating Type Specs - "/home/pete/wefwefwef/docs/other/2866486615/nsime-branch-less_events/nsime/src/nsime_icmpv4_dest_unreachable_header.erl"
Generating Type Specs - "/home/pete/wefwefwef/docs/other/2866486615/nsime-branch-less_events/nsime/src/nsime_icmpv4_echo_header.erl"
Generating Type Specs - "/home/pete/wefwefwef/docs/other/2866486615/nsime-branch-less_events/nsime/src/nsime_icmpv4_header.erl"
Generating Type Specs - "/home/pete/wefwefwef/docs/other/2866486615/nsime-branch-less_events/nsime/src/nsime_icmpv4_protocol.erl"
Generating Type Specs - "/home/pete/wefwefwef/docs/other/2866486615/nsime-branch-less_events/nsime/src/nsime_icmpv4_time_exceeded_header.erl"
Generating Type Specs - "/home/pete/wefwefwef/docs/other/2866486615/nsime-branch-less_events/nsime/src/nsime_internet_stack_helper.erl"
Generating Type Specs - "/home/pete/wefwefwef/docs/other/2866486615/nsime-branch-less_events/nsime/src/nsime_ip_endpoint.erl"
Generating Type Specs - "/home/pete/wefwefwef/docs/other/2866486615/nsime-branch-less_events/nsime/src/nsime_ip_endpoint_demux.erl"
Generating Type Specs - "/home/pete/wefwefwef/docs/other/2866486615/nsime-branch-less_events/nsime/src/nsime_ipv4_address.erl"
Generating Type Specs - "/home/pete/wefwefwef/docs/other/2866486615/nsime-branch-less_events/nsime/src/nsime_ipv4_address_helper.erl"
Generating Type Specs - "/home/pete/wefwefwef/docs/other/2866486615/nsime-branch-less_events/nsime/src/nsime_ipv4_header.erl"
Generating Type Specs - "/home/pete/wefwefwef/docs/other/2866486615/nsime-branch-less_events/nsime/src/nsime_ipv4_interface.erl"
Generating Type Specs - "/home/pete/wefwefwef/docs/other/2866486615/nsime-branch-less_events/nsime/src/nsime_ipv4_interface_address.erl"
Generating Type Specs - "/home/pete/wefwefwef/docs/other/2866486615/nsime-branch-less_events/nsime/src/nsime_ipv4_list_routing.erl"
Generating Type Specs - "/home/pete/wefwefwef/docs/other/2866486615/nsime-branch-less_events/nsime/src/nsime_ipv4_mask.erl"
Generating Type Specs - "/home/pete/wefwefwef/docs/other/2866486615/nsime-branch-less_events/nsime/src/nsime_ipv4_protocol.erl"
Generating Type Specs - "/home/pete/wefwefwef/docs/other/2866486615/nsime-branch-less_events/nsime/src/nsime_ipv4_routing_protocol.erl"
Generating Type Specs - "/home/pete/wefwefwef/docs/other/2866486615/nsime-branch-less_events/nsime/src/nsime_ipv4_routing_table_entry.erl"
Generating Type Specs - "/home/pete/wefwefwef/docs/other/2866486615/nsime-branch-less_events/nsime/src/nsime_ipv4_static_routing.erl"
Generating Type Specs - "/home/pete/wefwefwef/docs/other/2866486615/nsime-branch-less_events/nsime/src/nsime_layer4_protocol.erl"
Generating Type Specs - "/home/pete/wefwefwef/docs/other/2866486615/nsime-branch-less_events/nsime/src/nsime_mac_address.erl"
Generating Type Specs - "/home/pete/wefwefwef/docs/other/2866486615/nsime-branch-less_events/nsime/src/nsime_netdevice.erl"
Generating Type Specs - "/home/pete/wefwefwef/docs/other/2866486615/nsime-branch-less_events/nsime/src/nsime_node.erl"
Generating Type Specs - "/home/pete/wefwefwef/docs/other/2866486615/nsime-branch-less_events/nsime/src/nsime_node_list.erl"
Generating Type Specs - "/home/pete/wefwefwef/docs/other/2866486615/nsime-branch-less_events/nsime/src/nsime_ptp_channel.erl"
Generating Type Specs - "/home/pete/wefwefwef/docs/other/2866486615/nsime-branch-less_events/nsime/src/nsime_ptp_helper.erl"
Generating Type Specs - "/home/pete/wefwefwef/docs/other/2866486615/nsime-branch-less_events/nsime/src/nsime_ptp_netdevice.erl"
Generating Type Specs - "/home/pete/wefwefwef/docs/other/2866486615/nsime-branch-less_events/nsime/src/nsime_simulator.erl"
Generating Type Specs - "/home/pete/wefwefwef/docs/other/2866486615/nsime-branch-less_events/nsime/src/nsime_time.erl"
Generating Type Specs - "/home/pete/wefwefwef/docs/other/2866486615/nsime-branch-less_events/nsime/src/nsime_udp_echo_client.erl"
Generating Type Specs - "/home/pete/wefwefwef/docs/other/2866486615/nsime-branch-less_events/nsime/src/nsime_udp_echo_server.erl"
Generating Type Specs - "/home/pete/wefwefwef/docs/other/2866486615/nsime-branch-less_events/nsime/src/nsime_udp_header.erl"
Generating Type Specs - "/home/pete/wefwefwef/docs/other/2866486615/nsime-branch-less_events/nsime/src/nsime_udp_protocol.erl"
Generating Type Specs - "/home/pete/wefwefwef/docs/other/2866486615/nsime-branch-less_events/nsime/src/nsime_udp_socket.erl"
Generating Type Specs - "/home/pete/wefwefwef/docs/other/2866486615/nsime-branch-less_events/nsime/src/plists.erl"
Generating XML for application nsime "/home/pete/wefwefwef/docs/other/2866486615/nsime-branch-less_events/nsime" -> "/home/pete/wefwefwef/docs/other/2866486615/repo/less_events/.xml/nsime"
Generated nsime XMLs: ["/home/pete/wefwefwef/docs/other/2866486615/repo/less_events/.xml/nsime/nsime_ipv4_header.xml",
                       "/home/pete/wefwefwef/docs/other/2866486615/repo/less_events/.xml/nsime/nsime_icmpv4_protocol.xml",
                       "/home/pete/wefwefwef/docs/other/2866486615/repo/less_events/.xml/nsime/nsime_netdevice.xml",
                       "/home/pete/wefwefwef/docs/other/2866486615/repo/less_events/.xml/nsime/nsime_simulator.xml",
                       "/home/pete/wefwefwef/docs/other/2866486615/repo/less_events/.xml/nsime/plists.xml",
                       "/home/pete/wefwefwef/docs/other/2866486615/repo/less_events/.xml/nsime/nsime_ipv4_static_routing.xml",
                       "/home/pete/wefwefwef/docs/other/2866486615/repo/less_events/.xml/nsime/nsime_udp_socket.xml",
                       "/home/pete/wefwefwef/docs/other/2866486615/repo/less_events/.xml/nsime/nsime_ipv4_mask.xml",
                       "/home/pete/wefwefwef/docs/other/2866486615/repo/less_events/.xml/nsime/nsime_ipv4_routing_protocol.xml",
                       "/home/pete/wefwefwef/docs/other/2866486615/repo/less_events/.xml/nsime/nsime_udp_protocol.xml",
                       "/home/pete/wefwefwef/docs/other/2866486615/repo/less_events/.xml/nsime/nsime_channel_list.xml",
                       "/home/pete/wefwefwef/docs/other/2866486615/repo/less_events/.xml/nsime/nsime_udp_echo_server.xml",
                       "/home/pete/wefwefwef/docs/other/2866486615/repo/less_events/.xml/nsime/nsime_icmpv4_time_exceeded_header.xml",
                       "/home/pete/wefwefwef/docs/other/2866486615/repo/less_events/.xml/nsime/nsime_ptp_helper.xml",
                       "/home/pete/wefwefwef/docs/other/2866486615/repo/less_events/.xml/nsime/nsime_icmpv4_dest_unreachable_header.xml",
                       "/home/pete/wefwefwef/docs/other/2866486615/repo/less_events/.xml/nsime/nsime_ipv4_protocol.xml",
                       "/home/pete/wefwefwef/docs/other/2866486615/repo/less_events/.xml/nsime/nsime_mac_address.xml",
                       "/home/pete/wefwefwef/docs/other/2866486615/repo/less_events/.xml/nsime/nsime_droptail_queue.xml",
                       "/home/pete/wefwefwef/docs/other/2866486615/repo/less_events/.xml/nsime/nsime_ipv4_routing_table_entry.xml",
                       "/home/pete/wefwefwef/docs/other/2866486615/repo/less_events/.xml/nsime/nsime_layer4_protocol.xml",
                       "/home/pete/wefwefwef/docs/other/2866486615/repo/less_events/.xml/nsime/nsime_icmpv4_echo_header.xml",
                       "/home/pete/wefwefwef/docs/other/2866486615/repo/less_events/.xml/nsime/nsime_application.xml",
                       "/home/pete/wefwefwef/docs/other/2866486615/repo/less_events/.xml/nsime/nsime_udp_echo_client.xml",
                       "/home/pete/wefwefwef/docs/other/2866486615/repo/less_events/.xml/nsime/nsime_node.xml",
                       "/home/pete/wefwefwef/docs/other/2866486615/repo/less_events/.xml/nsime/nsime_ipv4_address.xml",
                       "/home/pete/wefwefwef/docs/other/2866486615/repo/less_events/.xml/nsime/nsime_ptp_channel.xml",
                       "/home/pete/wefwefwef/docs/other/2866486615/repo/less_events/.xml/nsime/nsime_ipv4_interface.xml",
                       "/home/pete/wefwefwef/docs/other/2866486615/repo/less_events/.xml/nsime/nsime_time.xml",
                       "/home/pete/wefwefwef/docs/other/2866486615/repo/less_events/.xml/nsime/nsime_ipv4_address_helper.xml",
                       "/home/pete/wefwefwef/docs/other/2866486615/repo/less_events/.xml/nsime/nsime_data_rate.xml",
                       "/home/pete/wefwefwef/docs/other/2866486615/repo/less_events/.xml/nsime/nsime_ptp_netdevice.xml",
                       "/home/pete/wefwefwef/docs/other/2866486615/repo/less_events/.xml/nsime/nsime_callback.xml",
                       "/home/pete/wefwefwef/docs/other/2866486615/repo/less_events/.xml/nsime/nsime_ipv4_interface_address.xml",
                       "/home/pete/wefwefwef/docs/other/2866486615/repo/less_events/.xml/nsime/nsime_udp_header.xml",
                       "/home/pete/wefwefwef/docs/other/2866486615/repo/less_events/.xml/nsime/nsime_internet_stack_helper.xml",
                       "/home/pete/wefwefwef/docs/other/2866486615/repo/less_events/.xml/nsime/nsime_node_list.xml",
                       "/home/pete/wefwefwef/docs/other/2866486615/repo/less_events/.xml/nsime/nsime_icmpv4_header.xml",
                       "/home/pete/wefwefwef/docs/other/2866486615/repo/less_events/.xml/nsime/nsime_ipv4_list_routing.xml",
                       "/home/pete/wefwefwef/docs/other/2866486615/repo/less_events/.xml/nsime/nsime_gbtrees_scheduler.xml",
                       "/home/pete/wefwefwef/docs/other/2866486615/repo/less_events/.xml/nsime/nsime_ip_endpoint.xml",
                       "/home/pete/wefwefwef/docs/other/2866486615/repo/less_events/.xml/nsime/nsime_ip_endpoint_demux.xml",
                       "/home/pete/wefwefwef/docs/other/2866486615/repo/less_events/.xml/nsime/nsime_config.xml"]
Generating HTML - nsime_udp_protocol "/home/pete/wefwefwef/docs/other/2866486615/repo/less_events/.xml/nsime/nsime_udp_protocol.xml"
Generating HTML - nsime_layer4_protocol "/home/pete/wefwefwef/docs/other/2866486615/repo/less_events/.xml/nsime/nsime_layer4_protocol.xml"
Generating HTML - nsime_data_rate "/home/pete/wefwefwef/docs/other/2866486615/repo/less_events/.xml/nsime/nsime_data_rate.xml"
Generating HTML - nsime_config "/home/pete/wefwefwef/docs/other/2866486615/repo/less_events/.xml/nsime/nsime_config.xml"
Reading XML for "/home/pete/wefwefwef/docs/other/2866486615/repo/less_events/.xml/nsime/nsime_udp_protocol.xml"
Reading XML for "/home/pete/wefwefwef/docs/other/2866486615/repo/less_events/.xml/nsime/nsime_layer4_protocol.xml"
Reading XML for "/home/pete/wefwefwef/docs/other/2866486615/repo/less_events/.xml/nsime/nsime_data_rate.xml"
Reading XML for "/home/pete/wefwefwef/docs/other/2866486615/repo/less_events/.xml/nsime/nsime_config.xml"
Reading XML for "/home/pete/wefwefwef/docs/other/2866486615/repo/less_events/.xml/specs_nsime_udp_protocol.xml"
Reading XML for "/home/pete/wefwefwef/docs/other/2866486615/repo/less_events/.xml/specs_nsime_data_rate.xml"
Reading XML for "/home/pete/wefwefwef/docs/other/2866486615/repo/less_events/.xml/specs_nsime_layer4_protocol.xml"
Generating HTML - nsime_ipv4_address_helper "/home/pete/wefwefwef/docs/other/2866486615/repo/less_events/.xml/nsime/nsime_ipv4_address_helper.xml"
Reading XML for "/home/pete/wefwefwef/docs/other/2866486615/repo/less_events/.xml/specs_nsime_config.xml"
Reading XML for "/home/pete/wefwefwef/docs/other/2866486615/repo/less_events/.xml/nsime/nsime_ipv4_address_helper.xml"
Generating HTML - nsime_ipv4_routing_table_entry "/home/pete/wefwefwef/docs/other/2866486615/repo/less_events/.xml/nsime/nsime_ipv4_routing_table_entry.xml"
Reading XML for "/home/pete/wefwefwef/docs/other/2866486615/repo/less_events/.xml/nsime/nsime_ipv4_routing_table_entry.xml"
Generating HTML - nsime_ip_endpoint_demux "/home/pete/wefwefwef/docs/other/2866486615/repo/less_events/.xml/nsime/nsime_ip_endpoint_demux.xml"
Reading XML for "/home/pete/wefwefwef/docs/other/2866486615/repo/less_events/.xml/nsime/nsime_ip_endpoint_demux.xml"
Generating HTML - nsime_ipv4_routing_protocol "/home/pete/wefwefwef/docs/other/2866486615/repo/less_events/.xml/nsime/nsime_ipv4_routing_protocol.xml"
Reading XML for "/home/pete/wefwefwef/docs/other/2866486615/repo/less_events/.xml/nsime/nsime_ipv4_routing_protocol.xml"
Reading XML for "/home/pete/wefwefwef/docs/other/2866486615/repo/less_events/.xml/specs_nsime_ipv4_routing_table_entry.xml"
Reading XML for "/home/pete/wefwefwef/docs/other/2866486615/repo/less_events/.xml/specs_nsime_ipv4_address_helper.xml"
Generating HTML - nsime_droptail_queue "/home/pete/wefwefwef/docs/other/2866486615/repo/less_events/.xml/nsime/nsime_droptail_queue.xml"
Reading XML for "/home/pete/wefwefwef/docs/other/2866486615/repo/less_events/.xml/nsime/nsime_droptail_queue.xml"
Generating HTML - nsime_time "/home/pete/wefwefwef/docs/other/2866486615/repo/less_events/.xml/nsime/nsime_time.xml"
Reading XML for "/home/pete/wefwefwef/docs/other/2866486615/repo/less_events/.xml/nsime/nsime_time.xml"
Reading XML for "/home/pete/wefwefwef/docs/other/2866486615/repo/less_events/.xml/specs_nsime_ip_endpoint_demux.xml"
Reading XML for "/home/pete/wefwefwef/docs/other/2866486615/repo/less_events/.xml/specs_nsime_ipv4_routing_protocol.xml"
Generating HTML - nsime_ip_endpoint "/home/pete/wefwefwef/docs/other/2866486615/repo/less_events/.xml/nsime/nsime_ip_endpoint.xml"
Reading XML for "/home/pete/wefwefwef/docs/other/2866486615/repo/less_events/.xml/nsime/nsime_ip_endpoint.xml"
Generating HTML - nsime_ipv4_mask "/home/pete/wefwefwef/docs/other/2866486615/repo/less_events/.xml/nsime/nsime_ipv4_mask.xml"
Reading XML for "/home/pete/wefwefwef/docs/other/2866486615/repo/less_events/.xml/nsime/nsime_ipv4_mask.xml"
Reading XML for "/home/pete/wefwefwef/docs/other/2866486615/repo/less_events/.xml/specs_nsime_time.xml"
Generating HTML - nsime_ipv4_interface "/home/pete/wefwefwef/docs/other/2866486615/repo/less_events/.xml/nsime/nsime_ipv4_interface.xml"
Reading XML for "/home/pete/wefwefwef/docs/other/2866486615/repo/less_events/.xml/nsime/nsime_ipv4_interface.xml"
Reading XML for "/home/pete/wefwefwef/docs/other/2866486615/repo/less_events/.xml/specs_nsime_droptail_queue.xml"
Reading XML for "/home/pete/wefwefwef/docs/other/2866486615/repo/less_events/.xml/specs_nsime_ipv4_mask.xml"
Generating HTML - nsime_mac_address "/home/pete/wefwefwef/docs/other/2866486615/repo/less_events/.xml/nsime/nsime_mac_address.xml"
Reading XML for "/home/pete/wefwefwef/docs/other/2866486615/repo/less_events/.xml/nsime/nsime_mac_address.xml"
Generating HTML - nsime_udp_socket "/home/pete/wefwefwef/docs/other/2866486615/repo/less_events/.xml/nsime/nsime_udp_socket.xml"
Reading XML for "/home/pete/wefwefwef/docs/other/2866486615/repo/less_events/.xml/nsime/nsime_udp_socket.xml"
Reading XML for "/home/pete/wefwefwef/docs/other/2866486615/repo/less_events/.xml/specs_nsime_ip_endpoint.xml"
Generating HTML - nsime_gbtrees_scheduler "/home/pete/wefwefwef/docs/other/2866486615/repo/less_events/.xml/nsime/nsime_gbtrees_scheduler.xml"
Reading XML for "/home/pete/wefwefwef/docs/other/2866486615/repo/less_events/.xml/nsime/nsime_gbtrees_scheduler.xml"
Reading XML for "/home/pete/wefwefwef/docs/other/2866486615/repo/less_events/.xml/specs_nsime_ipv4_interface.xml"
Reading XML for "/home/pete/wefwefwef/docs/other/2866486615/repo/less_events/.xml/specs_nsime_mac_address.xml"
Generating HTML - nsime_ipv4_protocol "/home/pete/wefwefwef/docs/other/2866486615/repo/less_events/.xml/nsime/nsime_ipv4_protocol.xml"
Reading XML for "/home/pete/wefwefwef/docs/other/2866486615/repo/less_events/.xml/nsime/nsime_ipv4_protocol.xml"
Generating HTML - nsime_ptp_channel "/home/pete/wefwefwef/docs/other/2866486615/repo/less_events/.xml/nsime/nsime_ptp_channel.xml"
Reading XML for "/home/pete/wefwefwef/docs/other/2866486615/repo/less_events/.xml/nsime/nsime_ptp_channel.xml"
Reading XML for "/home/pete/wefwefwef/docs/other/2866486615/repo/less_events/.xml/specs_nsime_udp_socket.xml"
Reading XML for "/home/pete/wefwefwef/docs/other/2866486615/repo/less_events/.xml/specs_nsime_gbtrees_scheduler.xml"
Generating HTML - nsime_ipv4_list_routing "/home/pete/wefwefwef/docs/other/2866486615/repo/less_events/.xml/nsime/nsime_ipv4_list_routing.xml"
Reading XML for "/home/pete/wefwefwef/docs/other/2866486615/repo/less_events/.xml/nsime/nsime_ipv4_list_routing.xml"
Generating HTML - nsime_ipv4_static_routing "/home/pete/wefwefwef/docs/other/2866486615/repo/less_events/.xml/nsime/nsime_ipv4_static_routing.xml"
Reading XML for "/home/pete/wefwefwef/docs/other/2866486615/repo/less_events/.xml/nsime/nsime_ipv4_static_routing.xml"
Reading XML for "/home/pete/wefwefwef/docs/other/2866486615/repo/less_events/.xml/specs_nsime_ptp_channel.xml"
Reading XML for "/home/pete/wefwefwef/docs/other/2866486615/repo/less_events/.xml/specs_nsime_ipv4_protocol.xml"
Generating HTML - nsime_ipv4_address "/home/pete/wefwefwef/docs/other/2866486615/repo/less_events/.xml/nsime/nsime_ipv4_address.xml"
Reading XML for "/home/pete/wefwefwef/docs/other/2866486615/repo/less_events/.xml/nsime/nsime_ipv4_address.xml"
Reading XML for "/home/pete/wefwefwef/docs/other/2866486615/repo/less_events/.xml/specs_nsime_ipv4_list_routing.xml"
Reading XML for "/home/pete/wefwefwef/docs/other/2866486615/repo/less_events/.xml/specs_nsime_ipv4_static_routing.xml"
Generating HTML - nsime_icmpv4_header "/home/pete/wefwefwef/docs/other/2866486615/repo/less_events/.xml/nsime/nsime_icmpv4_header.xml"
Reading XML for "/home/pete/wefwefwef/docs/other/2866486615/repo/less_events/.xml/nsime/nsime_icmpv4_header.xml"
Generating HTML - nsime_icmpv4_dest_unreachable_header "/home/pete/wefwefwef/docs/other/2866486615/repo/less_events/.xml/nsime/nsime_icmpv4_dest_unreachable_header.xml"
Reading XML for "/home/pete/wefwefwef/docs/other/2866486615/repo/less_events/.xml/nsime/nsime_icmpv4_dest_unreachable_header.xml"
Generating HTML - plists "/home/pete/wefwefwef/docs/other/2866486615/repo/less_events/.xml/nsime/plists.xml"
Reading XML for "/home/pete/wefwefwef/docs/other/2866486615/repo/less_events/.xml/nsime/plists.xml"
Reading XML for "/home/pete/wefwefwef/docs/other/2866486615/repo/less_events/.xml/specs_nsime_ipv4_address.xml"
Generating HTML - nsime_node "/home/pete/wefwefwef/docs/other/2866486615/repo/less_events/.xml/nsime/nsime_node.xml"
Reading XML for "/home/pete/wefwefwef/docs/other/2866486615/repo/less_events/.xml/nsime/nsime_node.xml"
Reading XML for "/home/pete/wefwefwef/docs/other/2866486615/repo/less_events/.xml/specs_nsime_icmpv4_dest_unreachable_header.xml"
Reading XML for "/home/pete/wefwefwef/docs/other/2866486615/repo/less_events/.xml/specs_nsime_icmpv4_header.xml"
Generating HTML - nsime_ptp_helper "/home/pete/wefwefwef/docs/other/2866486615/repo/less_events/.xml/nsime/nsime_ptp_helper.xml"
Reading XML for "/home/pete/wefwefwef/docs/other/2866486615/repo/less_events/.xml/nsime/nsime_ptp_helper.xml"
Generating HTML - nsime_node_list "/home/pete/wefwefwef/docs/other/2866486615/repo/less_events/.xml/nsime/nsime_node_list.xml"
Reading XML for "/home/pete/wefwefwef/docs/other/2866486615/repo/less_events/.xml/nsime/nsime_node_list.xml"
Reading XML for "/home/pete/wefwefwef/docs/other/2866486615/repo/less_events/.xml/specs_nsime_node.xml"
Reading XML for "/home/pete/wefwefwef/docs/other/2866486615/repo/less_events/.xml/specs_nsime_ptp_helper.xml"
Reading XML for "/home/pete/wefwefwef/docs/other/2866486615/repo/less_events/.xml/specs_plists.xml"
Generating HTML - nsime_udp_echo_client "/home/pete/wefwefwef/docs/other/2866486615/repo/less_events/.xml/nsime/nsime_udp_echo_client.xml"
Generating HTML - nsime_icmpv4_time_exceeded_header "/home/pete/wefwefwef/docs/other/2866486615/repo/less_events/.xml/nsime/nsime_icmpv4_time_exceeded_header.xml"
Reading XML for "/home/pete/wefwefwef/docs/other/2866486615/repo/less_events/.xml/nsime/nsime_udp_echo_client.xml"
Reading XML for "/home/pete/wefwefwef/docs/other/2866486615/repo/less_events/.xml/nsime/nsime_icmpv4_time_exceeded_header.xml"
Reading XML for "/home/pete/wefwefwef/docs/other/2866486615/repo/less_events/.xml/specs_nsime_node_list.xml"
Generating HTML - nsime_internet_stack_helper "/home/pete/wefwefwef/docs/other/2866486615/repo/less_events/.xml/nsime/nsime_internet_stack_helper.xml"
Reading XML for "/home/pete/wefwefwef/docs/other/2866486615/repo/less_events/.xml/nsime/nsime_internet_stack_helper.xml"
Generating HTML - nsime_simulator "/home/pete/wefwefwef/docs/other/2866486615/repo/less_events/.xml/nsime/nsime_simulator.xml"
Reading XML for "/home/pete/wefwefwef/docs/other/2866486615/repo/less_events/.xml/nsime/nsime_simulator.xml"
Reading XML for "/home/pete/wefwefwef/docs/other/2866486615/repo/less_events/.xml/specs_nsime_icmpv4_time_exceeded_header.xml"
Reading XML for "/home/pete/wefwefwef/docs/other/2866486615/repo/less_events/.xml/specs_nsime_udp_echo_client.xml"
Generating HTML - nsime_udp_echo_server "/home/pete/wefwefwef/docs/other/2866486615/repo/less_events/.xml/nsime/nsime_udp_echo_server.xml"
Reading XML for "/home/pete/wefwefwef/docs/other/2866486615/repo/less_events/.xml/nsime/nsime_udp_echo_server.xml"
Reading XML for "/home/pete/wefwefwef/docs/other/2866486615/repo/less_events/.xml/specs_nsime_internet_stack_helper.xml"
Generating HTML - nsime_application "/home/pete/wefwefwef/docs/other/2866486615/repo/less_events/.xml/nsime/nsime_application.xml"
Reading XML for "/home/pete/wefwefwef/docs/other/2866486615/repo/less_events/.xml/nsime/nsime_application.xml"
Generating HTML - nsime_udp_header "/home/pete/wefwefwef/docs/other/2866486615/repo/less_events/.xml/nsime/nsime_udp_header.xml"
Reading XML for "/home/pete/wefwefwef/docs/other/2866486615/repo/less_events/.xml/nsime/nsime_udp_header.xml"
Reading XML for "/home/pete/wefwefwef/docs/other/2866486615/repo/less_events/.xml/specs_nsime_simulator.xml"
Generating HTML - nsime_netdevice "/home/pete/wefwefwef/docs/other/2866486615/repo/less_events/.xml/nsime/nsime_netdevice.xml"
Reading XML for "/home/pete/wefwefwef/docs/other/2866486615/repo/less_events/.xml/nsime/nsime_netdevice.xml"
Reading XML for "/home/pete/wefwefwef/docs/other/2866486615/repo/less_events/.xml/specs_nsime_udp_echo_server.xml"
Reading XML for "/home/pete/wefwefwef/docs/other/2866486615/repo/less_events/.xml/specs_nsime_application.xml"
Reading XML for "/home/pete/wefwefwef/docs/other/2866486615/repo/less_events/.xml/specs_nsime_udp_header.xml"
Generating HTML - nsime_icmpv4_echo_header "/home/pete/wefwefwef/docs/other/2866486615/repo/less_events/.xml/nsime/nsime_icmpv4_echo_header.xml"
Reading XML for "/home/pete/wefwefwef/docs/other/2866486615/repo/less_events/.xml/nsime/nsime_icmpv4_echo_header.xml"
Generating HTML - nsime_channel_list "/home/pete/wefwefwef/docs/other/2866486615/repo/less_events/.xml/nsime/nsime_channel_list.xml"
Reading XML for "/home/pete/wefwefwef/docs/other/2866486615/repo/less_events/.xml/nsime/nsime_channel_list.xml"
Generating HTML - nsime_ipv4_interface_address "/home/pete/wefwefwef/docs/other/2866486615/repo/less_events/.xml/nsime/nsime_ipv4_interface_address.xml"
Reading XML for "/home/pete/wefwefwef/docs/other/2866486615/repo/less_events/.xml/nsime/nsime_ipv4_interface_address.xml"
Reading XML for "/home/pete/wefwefwef/docs/other/2866486615/repo/less_events/.xml/specs_nsime_netdevice.xml"
Generating HTML - nsime_icmpv4_protocol "/home/pete/wefwefwef/docs/other/2866486615/repo/less_events/.xml/nsime/nsime_icmpv4_protocol.xml"
Reading XML for "/home/pete/wefwefwef/docs/other/2866486615/repo/less_events/.xml/nsime/nsime_icmpv4_protocol.xml"
Reading XML for "/home/pete/wefwefwef/docs/other/2866486615/repo/less_events/.xml/specs_nsime_icmpv4_echo_header.xml"
Reading XML for "/home/pete/wefwefwef/docs/other/2866486615/repo/less_events/.xml/specs_nsime_channel_list.xml"
Reading XML for "/home/pete/wefwefwef/docs/other/2866486615/repo/less_events/.xml/specs_nsime_ipv4_interface_address.xml"
Generating HTML - nsime_callback "/home/pete/wefwefwef/docs/other/2866486615/repo/less_events/.xml/nsime/nsime_callback.xml"
Reading XML for "/home/pete/wefwefwef/docs/other/2866486615/repo/less_events/.xml/nsime/nsime_callback.xml"
Reading XML for "/home/pete/wefwefwef/docs/other/2866486615/repo/less_events/.xml/specs_nsime_icmpv4_protocol.xml"
Generating HTML - nsime_ipv4_header "/home/pete/wefwefwef/docs/other/2866486615/repo/less_events/.xml/nsime/nsime_ipv4_header.xml"
Reading XML for "/home/pete/wefwefwef/docs/other/2866486615/repo/less_events/.xml/nsime/nsime_ipv4_header.xml"
Reading XML for "/home/pete/wefwefwef/docs/other/2866486615/repo/less_events/.xml/specs_nsime_callback.xml"
Generating HTML - nsime_ptp_netdevice "/home/pete/wefwefwef/docs/other/2866486615/repo/less_events/.xml/nsime/nsime_ptp_netdevice.xml"
Reading XML for "/home/pete/wefwefwef/docs/other/2866486615/repo/less_events/.xml/nsime/nsime_ptp_netdevice.xml"
Reading XML for "/home/pete/wefwefwef/docs/other/2866486615/repo/less_events/.xml/specs_nsime_ipv4_header.xml"
Reading XML for "/home/pete/wefwefwef/docs/other/2866486615/repo/less_events/.xml/specs_nsime_ptp_netdevice.xml"
Creating index.html ...
Creating erldocs_index.js ...
Woot, finished in 0 Minutes 5 Seconds
 :: Discovering other repos
$ 5000  `rm -r '/home/pete/wefwefwef/docs/other/2866486615/nsime-branch-less_events'  2>&1`
 :: Processing https://github.com/avras/nsime	{rev,branch,"less_procs","22ec54a5f95b901cc972f8760afef9258949a291"}
 :: Fetching repo code
$ cd "/home/pete/wefwefwef/docs/other/2866486615/nsime-branch-less_procs/nsime"
$ infinity  `curl --fail --silent --show-error --location --output 'less_procs.zip' 'https://github.com/avras/nsime/archive/less_procs.zip'  2>&1`
$ cd "/home/pete/wefwefwef/docs/erldocs_other.git"
$ cd "/home/pete/wefwefwef/docs/other/2866486615/nsime-branch-less_procs/nsime"
$ 5000  `find -P . -type l -delete  2>&1`
$ cd "/home/pete/wefwefwef/docs/erldocs_other.git"
$ cd "/home/pete/wefwefwef/docs/other/2866486615/nsime-branch-less_procs/nsime"
$ 5000  `find 'nsime-less_procs' -mindepth 1 -maxdepth 1 -exec mv -t . -- {} +  2>&1`
$ cd "/home/pete/wefwefwef/docs/erldocs_other.git"
 :: Getting dependencies
$ cd "/home/pete/wefwefwef/docs/other/2866486615/nsime-branch-less_procs/nsime"
$ 5000  `ls -1 deps/  2>&1`
$ cd "/home/pete/wefwefwef/docs/erldocs_other.git"
>>> [rebar] deps = []
 :: Generating erldocs into /home/pete/wefwefwef/docs/other/2866486615/repo/less_procs
Building nsime
Generating Type Specs - "/home/pete/wefwefwef/docs/other/2866486615/nsime-branch-less_procs/nsime/src/nsime_application.erl"
Generating Type Specs - "/home/pete/wefwefwef/docs/other/2866486615/nsime-branch-less_procs/nsime/src/nsime_callback.erl"
Generating Type Specs - "/home/pete/wefwefwef/docs/other/2866486615/nsime-branch-less_procs/nsime/src/nsime_channel_list.erl"
Generating Type Specs - "/home/pete/wefwefwef/docs/other/2866486615/nsime-branch-less_procs/nsime/src/nsime_config.erl"
Generating Type Specs - "/home/pete/wefwefwef/docs/other/2866486615/nsime-branch-less_procs/nsime/src/nsime_data_rate.erl"
Generating Type Specs - "/home/pete/wefwefwef/docs/other/2866486615/nsime-branch-less_procs/nsime/src/nsime_droptail_queue.erl"
Generating Type Specs - "/home/pete/wefwefwef/docs/other/2866486615/nsime-branch-less_procs/nsime/src/nsime_gbtrees_scheduler.erl"
Generating Type Specs - "/home/pete/wefwefwef/docs/other/2866486615/nsime-branch-less_procs/nsime/src/nsime_icmpv4_dest_unreachable_header.erl"
Generating Type Specs - "/home/pete/wefwefwef/docs/other/2866486615/nsime-branch-less_procs/nsime/src/nsime_icmpv4_echo_header.erl"
Generating Type Specs - "/home/pete/wefwefwef/docs/other/2866486615/nsime-branch-less_procs/nsime/src/nsime_icmpv4_header.erl"
Generating Type Specs - "/home/pete/wefwefwef/docs/other/2866486615/nsime-branch-less_procs/nsime/src/nsime_icmpv4_protocol.erl"
Generating Type Specs - "/home/pete/wefwefwef/docs/other/2866486615/nsime-branch-less_procs/nsime/src/nsime_icmpv4_time_exceeded_header.erl"
Generating Type Specs - "/home/pete/wefwefwef/docs/other/2866486615/nsime-branch-less_procs/nsime/src/nsime_internet_stack_helper.erl"
Generating Type Specs - "/home/pete/wefwefwef/docs/other/2866486615/nsime-branch-less_procs/nsime/src/nsime_ip_endpoint.erl"
Generating Type Specs - "/home/pete/wefwefwef/docs/other/2866486615/nsime-branch-less_procs/nsime/src/nsime_ip_endpoint_demux.erl"
Generating Type Specs - "/home/pete/wefwefwef/docs/other/2866486615/nsime-branch-less_procs/nsime/src/nsime_ipv4_address.erl"
Generating Type Specs - "/home/pete/wefwefwef/docs/other/2866486615/nsime-branch-less_procs/nsime/src/nsime_ipv4_address_helper.erl"
Generating Type Specs - "/home/pete/wefwefwef/docs/other/2866486615/nsime-branch-less_procs/nsime/src/nsime_ipv4_header.erl"
Generating Type Specs - "/home/pete/wefwefwef/docs/other/2866486615/nsime-branch-less_procs/nsime/src/nsime_ipv4_interface.erl"
Generating Type Specs - "/home/pete/wefwefwef/docs/other/2866486615/nsime-branch-less_procs/nsime/src/nsime_ipv4_interface_address.erl"
Generating Type Specs - "/home/pete/wefwefwef/docs/other/2866486615/nsime-branch-less_procs/nsime/src/nsime_ipv4_list_routing.erl"
Generating Type Specs - "/home/pete/wefwefwef/docs/other/2866486615/nsime-branch-less_procs/nsime/src/nsime_ipv4_mask.erl"
Generating Type Specs - "/home/pete/wefwefwef/docs/other/2866486615/nsime-branch-less_procs/nsime/src/nsime_ipv4_protocol.erl"
Generating Type Specs - "/home/pete/wefwefwef/docs/other/2866486615/nsime-branch-less_procs/nsime/src/nsime_ipv4_routing_table_entry.erl"
Generating Type Specs - "/home/pete/wefwefwef/docs/other/2866486615/nsime-branch-less_procs/nsime/src/nsime_ipv4_static_routing.erl"
Generating Type Specs - "/home/pete/wefwefwef/docs/other/2866486615/nsime-branch-less_procs/nsime/src/nsime_layer4_protocol.erl"
Generating Type Specs - "/home/pete/wefwefwef/docs/other/2866486615/nsime-branch-less_procs/nsime/src/nsime_mac_address.erl"
Generating Type Specs - "/home/pete/wefwefwef/docs/other/2866486615/nsime-branch-less_procs/nsime/src/nsime_netdevice.erl"
Generating Type Specs - "/home/pete/wefwefwef/docs/other/2866486615/nsime-branch-less_procs/nsime/src/nsime_node.erl"
Generating Type Specs - "/home/pete/wefwefwef/docs/other/2866486615/nsime-branch-less_procs/nsime/src/nsime_node_list.erl"
Generating Type Specs - "/home/pete/wefwefwef/docs/other/2866486615/nsime-branch-less_procs/nsime/src/nsime_orddict_scheduler.erl"
Generating Type Specs - "/home/pete/wefwefwef/docs/other/2866486615/nsime-branch-less_procs/nsime/src/nsime_ptp_channel.erl"
Generating Type Specs - "/home/pete/wefwefwef/docs/other/2866486615/nsime-branch-less_procs/nsime/src/nsime_ptp_helper.erl"
Generating Type Specs - "/home/pete/wefwefwef/docs/other/2866486615/nsime-branch-less_procs/nsime/src/nsime_ptp_netdevice.erl"
Generating Type Specs - "/home/pete/wefwefwef/docs/other/2866486615/nsime-branch-less_procs/nsime/src/nsime_simulator.erl"
Generating Type Specs - "/home/pete/wefwefwef/docs/other/2866486615/nsime-branch-less_procs/nsime/src/nsime_time.erl"
Generating Type Specs - "/home/pete/wefwefwef/docs/other/2866486615/nsime-branch-less_procs/nsime/src/nsime_udp_echo_client.erl"
Generating Type Specs - "/home/pete/wefwefwef/docs/other/2866486615/nsime-branch-less_procs/nsime/src/nsime_udp_echo_server.erl"
Generating Type Specs - "/home/pete/wefwefwef/docs/other/2866486615/nsime-branch-less_procs/nsime/src/nsime_udp_header.erl"
Generating Type Specs - "/home/pete/wefwefwef/docs/other/2866486615/nsime-branch-less_procs/nsime/src/nsime_udp_protocol.erl"
Generating Type Specs - "/home/pete/wefwefwef/docs/other/2866486615/nsime-branch-less_procs/nsime/src/nsime_udp_socket.erl"
Generating Type Specs - "/home/pete/wefwefwef/docs/other/2866486615/nsime-branch-less_procs/nsime/src/plists.erl"
Generating XML for application nsime "/home/pete/wefwefwef/docs/other/2866486615/nsime-branch-less_procs/nsime" -> "/home/pete/wefwefwef/docs/other/2866486615/repo/less_procs/.xml/nsime"
Generated nsime XMLs: ["/home/pete/wefwefwef/docs/other/2866486615/repo/less_procs/.xml/nsime/nsime_ipv4_header.xml",
                       "/home/pete/wefwefwef/docs/other/2866486615/repo/less_procs/.xml/nsime/nsime_orddict_scheduler.xml",
                       "/home/pete/wefwefwef/docs/other/2866486615/repo/less_procs/.xml/nsime/nsime_icmpv4_protocol.xml",
                       "/home/pete/wefwefwef/docs/other/2866486615/repo/less_procs/.xml/nsime/nsime_netdevice.xml",
                       "/home/pete/wefwefwef/docs/other/2866486615/repo/less_procs/.xml/nsime/nsime_simulator.xml",
                       "/home/pete/wefwefwef/docs/other/2866486615/repo/less_procs/.xml/nsime/plists.xml",
                       "/home/pete/wefwefwef/docs/other/2866486615/repo/less_procs/.xml/nsime/nsime_ipv4_static_routing.xml",
                       "/home/pete/wefwefwef/docs/other/2866486615/repo/less_procs/.xml/nsime/nsime_udp_socket.xml",
                       "/home/pete/wefwefwef/docs/other/2866486615/repo/less_procs/.xml/nsime/nsime_ipv4_mask.xml",
                       "/home/pete/wefwefwef/docs/other/2866486615/repo/less_procs/.xml/nsime/nsime_udp_protocol.xml",
                       "/home/pete/wefwefwef/docs/other/2866486615/repo/less_procs/.xml/nsime/nsime_channel_list.xml",
                       "/home/pete/wefwefwef/docs/other/2866486615/repo/less_procs/.xml/nsime/nsime_udp_echo_server.xml",
                       "/home/pete/wefwefwef/docs/other/2866486615/repo/less_procs/.xml/nsime/nsime_icmpv4_time_exceeded_header.xml",
                       "/home/pete/wefwefwef/docs/other/2866486615/repo/less_procs/.xml/nsime/nsime_ptp_helper.xml",
                       "/home/pete/wefwefwef/docs/other/2866486615/repo/less_procs/.xml/nsime/nsime_icmpv4_dest_unreachable_header.xml",
                       "/home/pete/wefwefwef/docs/other/2866486615/repo/less_procs/.xml/nsime/nsime_ipv4_protocol.xml",
                       "/home/pete/wefwefwef/docs/other/2866486615/repo/less_procs/.xml/nsime/nsime_mac_address.xml",
                       "/home/pete/wefwefwef/docs/other/2866486615/repo/less_procs/.xml/nsime/nsime_droptail_queue.xml",
                       "/home/pete/wefwefwef/docs/other/2866486615/repo/less_procs/.xml/nsime/nsime_ipv4_routing_table_entry.xml",
                       "/home/pete/wefwefwef/docs/other/2866486615/repo/less_procs/.xml/nsime/nsime_layer4_protocol.xml",
                       "/home/pete/wefwefwef/docs/other/2866486615/repo/less_procs/.xml/nsime/nsime_icmpv4_echo_header.xml",
                       "/home/pete/wefwefwef/docs/other/2866486615/repo/less_procs/.xml/nsime/nsime_application.xml",
                       "/home/pete/wefwefwef/docs/other/2866486615/repo/less_procs/.xml/nsime/nsime_udp_echo_client.xml",
                       "/home/pete/wefwefwef/docs/other/2866486615/repo/less_procs/.xml/nsime/nsime_node.xml",
                       "/home/pete/wefwefwef/docs/other/2866486615/repo/less_procs/.xml/nsime/nsime_ipv4_address.xml",
                       "/home/pete/wefwefwef/docs/other/2866486615/repo/less_procs/.xml/nsime/nsime_ptp_channel.xml",
                       "/home/pete/wefwefwef/docs/other/2866486615/repo/less_procs/.xml/nsime/nsime_ipv4_interface.xml",
                       "/home/pete/wefwefwef/docs/other/2866486615/repo/less_procs/.xml/nsime/nsime_time.xml",
                       "/home/pete/wefwefwef/docs/other/2866486615/repo/less_procs/.xml/nsime/nsime_ipv4_address_helper.xml",
                       "/home/pete/wefwefwef/docs/other/2866486615/repo/less_procs/.xml/nsime/nsime_data_rate.xml",
                       "/home/pete/wefwefwef/docs/other/2866486615/repo/less_procs/.xml/nsime/nsime_ptp_netdevice.xml",
                       "/home/pete/wefwefwef/docs/other/2866486615/repo/less_procs/.xml/nsime/nsime_callback.xml",
                       "/home/pete/wefwefwef/docs/other/2866486615/repo/less_procs/.xml/nsime/nsime_ipv4_interface_address.xml",
                       "/home/pete/wefwefwef/docs/other/2866486615/repo/less_procs/.xml/nsime/nsime_udp_header.xml",
                       "/home/pete/wefwefwef/docs/other/2866486615/repo/less_procs/.xml/nsime/nsime_internet_stack_helper.xml",
                       "/home/pete/wefwefwef/docs/other/2866486615/repo/less_procs/.xml/nsime/nsime_node_list.xml",
                       "/home/pete/wefwefwef/docs/other/2866486615/repo/less_procs/.xml/nsime/nsime_icmpv4_header.xml",
                       "/home/pete/wefwefwef/docs/other/2866486615/repo/less_procs/.xml/nsime/nsime_ipv4_list_routing.xml",
                       "/home/pete/wefwefwef/docs/other/2866486615/repo/less_procs/.xml/nsime/nsime_gbtrees_scheduler.xml",
                       "/home/pete/wefwefwef/docs/other/2866486615/repo/less_procs/.xml/nsime/nsime_ip_endpoint.xml",
                       "/home/pete/wefwefwef/docs/other/2866486615/repo/less_procs/.xml/nsime/nsime_ip_endpoint_demux.xml",
                       "/home/pete/wefwefwef/docs/other/2866486615/repo/less_procs/.xml/nsime/nsime_config.xml"]
Generating HTML - nsime_udp_protocol "/home/pete/wefwefwef/docs/other/2866486615/repo/less_procs/.xml/nsime/nsime_udp_protocol.xml"
Generating HTML - nsime_layer4_protocol "/home/pete/wefwefwef/docs/other/2866486615/repo/less_procs/.xml/nsime/nsime_layer4_protocol.xml"
Generating HTML - nsime_data_rate "/home/pete/wefwefwef/docs/other/2866486615/repo/less_procs/.xml/nsime/nsime_data_rate.xml"
Generating HTML - nsime_config "/home/pete/wefwefwef/docs/other/2866486615/repo/less_procs/.xml/nsime/nsime_config.xml"
Reading XML for "/home/pete/wefwefwef/docs/other/2866486615/repo/less_procs/.xml/nsime/nsime_udp_protocol.xml"
Reading XML for "/home/pete/wefwefwef/docs/other/2866486615/repo/less_procs/.xml/nsime/nsime_layer4_protocol.xml"
Reading XML for "/home/pete/wefwefwef/docs/other/2866486615/repo/less_procs/.xml/nsime/nsime_data_rate.xml"
Reading XML for "/home/pete/wefwefwef/docs/other/2866486615/repo/less_procs/.xml/nsime/nsime_config.xml"
Reading XML for "/home/pete/wefwefwef/docs/other/2866486615/repo/less_procs/.xml/specs_nsime_layer4_protocol.xml"
Reading XML for "/home/pete/wefwefwef/docs/other/2866486615/repo/less_procs/.xml/specs_nsime_udp_protocol.xml"
Reading XML for "/home/pete/wefwefwef/docs/other/2866486615/repo/less_procs/.xml/specs_nsime_data_rate.xml"
Generating HTML - nsime_ipv4_routing_table_entry "/home/pete/wefwefwef/docs/other/2866486615/repo/less_procs/.xml/nsime/nsime_ipv4_routing_table_entry.xml"
Reading XML for "/home/pete/wefwefwef/docs/other/2866486615/repo/less_procs/.xml/specs_nsime_config.xml"
Reading XML for "/home/pete/wefwefwef/docs/other/2866486615/repo/less_procs/.xml/nsime/nsime_ipv4_routing_table_entry.xml"
Generating HTML - nsime_ipv4_address_helper "/home/pete/wefwefwef/docs/other/2866486615/repo/less_procs/.xml/nsime/nsime_ipv4_address_helper.xml"
Reading XML for "/home/pete/wefwefwef/docs/other/2866486615/repo/less_procs/.xml/nsime/nsime_ipv4_address_helper.xml"
Generating HTML - nsime_ip_endpoint_demux "/home/pete/wefwefwef/docs/other/2866486615/repo/less_procs/.xml/nsime/nsime_ip_endpoint_demux.xml"
Reading XML for "/home/pete/wefwefwef/docs/other/2866486615/repo/less_procs/.xml/nsime/nsime_ip_endpoint_demux.xml"
Generating HTML - nsime_ipv4_mask "/home/pete/wefwefwef/docs/other/2866486615/repo/less_procs/.xml/nsime/nsime_ipv4_mask.xml"
Reading XML for "/home/pete/wefwefwef/docs/other/2866486615/repo/less_procs/.xml/nsime/nsime_ipv4_mask.xml"
Reading XML for "/home/pete/wefwefwef/docs/other/2866486615/repo/less_procs/.xml/specs_nsime_ipv4_routing_table_entry.xml"
Reading XML for "/home/pete/wefwefwef/docs/other/2866486615/repo/less_procs/.xml/specs_nsime_ip_endpoint_demux.xml"
Generating HTML - nsime_droptail_queue "/home/pete/wefwefwef/docs/other/2866486615/repo/less_procs/.xml/nsime/nsime_droptail_queue.xml"
Reading XML for "/home/pete/wefwefwef/docs/other/2866486615/repo/less_procs/.xml/nsime/nsime_droptail_queue.xml"
Generating HTML - nsime_ip_endpoint "/home/pete/wefwefwef/docs/other/2866486615/repo/less_procs/.xml/nsime/nsime_ip_endpoint.xml"
Reading XML for "/home/pete/wefwefwef/docs/other/2866486615/repo/less_procs/.xml/nsime/nsime_ip_endpoint.xml"
Reading XML for "/home/pete/wefwefwef/docs/other/2866486615/repo/less_procs/.xml/specs_nsime_ipv4_address_helper.xml"
Reading XML for "/home/pete/wefwefwef/docs/other/2866486615/repo/less_procs/.xml/specs_nsime_ipv4_mask.xml"
Generating HTML - nsime_udp_socket "/home/pete/wefwefwef/docs/other/2866486615/repo/less_procs/.xml/nsime/nsime_udp_socket.xml"
Reading XML for "/home/pete/wefwefwef/docs/other/2866486615/repo/less_procs/.xml/nsime/nsime_udp_socket.xml"
Generating HTML - nsime_time "/home/pete/wefwefwef/docs/other/2866486615/repo/less_procs/.xml/nsime/nsime_time.xml"
Reading XML for "/home/pete/wefwefwef/docs/other/2866486615/repo/less_procs/.xml/nsime/nsime_time.xml"
Reading XML for "/home/pete/wefwefwef/docs/other/2866486615/repo/less_procs/.xml/specs_nsime_droptail_queue.xml"
Reading XML for "/home/pete/wefwefwef/docs/other/2866486615/repo/less_procs/.xml/specs_nsime_ip_endpoint.xml"
Generating HTML - nsime_mac_address "/home/pete/wefwefwef/docs/other/2866486615/repo/less_procs/.xml/nsime/nsime_mac_address.xml"
Reading XML for "/home/pete/wefwefwef/docs/other/2866486615/repo/less_procs/.xml/nsime/nsime_mac_address.xml"
Reading XML for "/home/pete/wefwefwef/docs/other/2866486615/repo/less_procs/.xml/specs_nsime_time.xml"
Generating HTML - nsime_gbtrees_scheduler "/home/pete/wefwefwef/docs/other/2866486615/repo/less_procs/.xml/nsime/nsime_gbtrees_scheduler.xml"
Reading XML for "/home/pete/wefwefwef/docs/other/2866486615/repo/less_procs/.xml/nsime/nsime_gbtrees_scheduler.xml"
Generating HTML - nsime_ipv4_interface "/home/pete/wefwefwef/docs/other/2866486615/repo/less_procs/.xml/nsime/nsime_ipv4_interface.xml"
Reading XML for "/home/pete/wefwefwef/docs/other/2866486615/repo/less_procs/.xml/nsime/nsime_ipv4_interface.xml"
Reading XML for "/home/pete/wefwefwef/docs/other/2866486615/repo/less_procs/.xml/specs_nsime_udp_socket.xml"
Reading XML for "/home/pete/wefwefwef/docs/other/2866486615/repo/less_procs/.xml/specs_nsime_mac_address.xml"
Generating HTML - nsime_ipv4_protocol "/home/pete/wefwefwef/docs/other/2866486615/repo/less_procs/.xml/nsime/nsime_ipv4_protocol.xml"
Reading XML for "/home/pete/wefwefwef/docs/other/2866486615/repo/less_procs/.xml/nsime/nsime_ipv4_protocol.xml"
Generating HTML - nsime_ipv4_static_routing "/home/pete/wefwefwef/docs/other/2866486615/repo/less_procs/.xml/nsime/nsime_ipv4_static_routing.xml"
Reading XML for "/home/pete/wefwefwef/docs/other/2866486615/repo/less_procs/.xml/nsime/nsime_ipv4_static_routing.xml"
Reading XML for "/home/pete/wefwefwef/docs/other/2866486615/repo/less_procs/.xml/specs_nsime_ipv4_interface.xml"
Reading XML for "/home/pete/wefwefwef/docs/other/2866486615/repo/less_procs/.xml/specs_nsime_gbtrees_scheduler.xml"
Generating HTML - nsime_ipv4_list_routing "/home/pete/wefwefwef/docs/other/2866486615/repo/less_procs/.xml/nsime/nsime_ipv4_list_routing.xml"
Reading XML for "/home/pete/wefwefwef/docs/other/2866486615/repo/less_procs/.xml/nsime/nsime_ipv4_list_routing.xml"
Generating HTML - nsime_ptp_channel "/home/pete/wefwefwef/docs/other/2866486615/repo/less_procs/.xml/nsime/nsime_ptp_channel.xml"
Reading XML for "/home/pete/wefwefwef/docs/other/2866486615/repo/less_procs/.xml/nsime/nsime_ptp_channel.xml"
Reading XML for "/home/pete/wefwefwef/docs/other/2866486615/repo/less_procs/.xml/specs_nsime_ipv4_protocol.xml"
Reading XML for "/home/pete/wefwefwef/docs/other/2866486615/repo/less_procs/.xml/specs_nsime_ipv4_static_routing.xml"
Reading XML for "/home/pete/wefwefwef/docs/other/2866486615/repo/less_procs/.xml/specs_nsime_ipv4_list_routing.xml"
Reading XML for "/home/pete/wefwefwef/docs/other/2866486615/repo/less_procs/.xml/specs_nsime_ptp_channel.xml"
Generating HTML - nsime_icmpv4_header "/home/pete/wefwefwef/docs/other/2866486615/repo/less_procs/.xml/nsime/nsime_icmpv4_header.xml"
Reading XML for "/home/pete/wefwefwef/docs/other/2866486615/repo/less_procs/.xml/nsime/nsime_icmpv4_header.xml"
Generating HTML - plists "/home/pete/wefwefwef/docs/other/2866486615/repo/less_procs/.xml/nsime/plists.xml"
Generating HTML - nsime_ipv4_address "/home/pete/wefwefwef/docs/other/2866486615/repo/less_procs/.xml/nsime/nsime_ipv4_address.xml"
Reading XML for "/home/pete/wefwefwef/docs/other/2866486615/repo/less_procs/.xml/nsime/plists.xml"
Reading XML for "/home/pete/wefwefwef/docs/other/2866486615/repo/less_procs/.xml/nsime/nsime_ipv4_address.xml"
Generating HTML - nsime_icmpv4_dest_unreachable_header "/home/pete/wefwefwef/docs/other/2866486615/repo/less_procs/.xml/nsime/nsime_icmpv4_dest_unreachable_header.xml"
Reading XML for "/home/pete/wefwefwef/docs/other/2866486615/repo/less_procs/.xml/nsime/nsime_icmpv4_dest_unreachable_header.xml"
Reading XML for "/home/pete/wefwefwef/docs/other/2866486615/repo/less_procs/.xml/specs_nsime_icmpv4_header.xml"
Reading XML for "/home/pete/wefwefwef/docs/other/2866486615/repo/less_procs/.xml/specs_nsime_ipv4_address.xml"
Generating HTML - nsime_node_list "/home/pete/wefwefwef/docs/other/2866486615/repo/less_procs/.xml/nsime/nsime_node_list.xml"
Reading XML for "/home/pete/wefwefwef/docs/other/2866486615/repo/less_procs/.xml/nsime/nsime_node_list.xml"
Generating HTML - nsime_node "/home/pete/wefwefwef/docs/other/2866486615/repo/less_procs/.xml/nsime/nsime_node.xml"
Reading XML for "/home/pete/wefwefwef/docs/other/2866486615/repo/less_procs/.xml/nsime/nsime_node.xml"
Reading XML for "/home/pete/wefwefwef/docs/other/2866486615/repo/less_procs/.xml/specs_nsime_icmpv4_dest_unreachable_header.xml"
Reading XML for "/home/pete/wefwefwef/docs/other/2866486615/repo/less_procs/.xml/specs_plists.xml"
Generating HTML - nsime_ptp_helper "/home/pete/wefwefwef/docs/other/2866486615/repo/less_procs/.xml/nsime/nsime_ptp_helper.xml"
Reading XML for "/home/pete/wefwefwef/docs/other/2866486615/repo/less_procs/.xml/nsime/nsime_ptp_helper.xml"
Reading XML for "/home/pete/wefwefwef/docs/other/2866486615/repo/less_procs/.xml/specs_nsime_node_list.xml"
Reading XML for "/home/pete/wefwefwef/docs/other/2866486615/repo/less_procs/.xml/specs_nsime_node.xml"
Generating HTML - nsime_internet_stack_helper "/home/pete/wefwefwef/docs/other/2866486615/repo/less_procs/.xml/nsime/nsime_internet_stack_helper.xml"
Reading XML for "/home/pete/wefwefwef/docs/other/2866486615/repo/less_procs/.xml/nsime/nsime_internet_stack_helper.xml"
Generating HTML - nsime_udp_echo_client "/home/pete/wefwefwef/docs/other/2866486615/repo/less_procs/.xml/nsime/nsime_udp_echo_client.xml"
Reading XML for "/home/pete/wefwefwef/docs/other/2866486615/repo/less_procs/.xml/nsime/nsime_udp_echo_client.xml"
Generating HTML - nsime_simulator "/home/pete/wefwefwef/docs/other/2866486615/repo/less_procs/.xml/nsime/nsime_simulator.xml"
Reading XML for "/home/pete/wefwefwef/docs/other/2866486615/repo/less_procs/.xml/nsime/nsime_simulator.xml"
Reading XML for "/home/pete/wefwefwef/docs/other/2866486615/repo/less_procs/.xml/specs_nsime_ptp_helper.xml"
Generating HTML - nsime_icmpv4_time_exceeded_header "/home/pete/wefwefwef/docs/other/2866486615/repo/less_procs/.xml/nsime/nsime_icmpv4_time_exceeded_header.xml"
Reading XML for "/home/pete/wefwefwef/docs/other/2866486615/repo/less_procs/.xml/nsime/nsime_icmpv4_time_exceeded_header.xml"
Reading XML for "/home/pete/wefwefwef/docs/other/2866486615/repo/less_procs/.xml/specs_nsime_internet_stack_helper.xml"
Reading XML for "/home/pete/wefwefwef/docs/other/2866486615/repo/less_procs/.xml/specs_nsime_simulator.xml"
Reading XML for "/home/pete/wefwefwef/docs/other/2866486615/repo/less_procs/.xml/specs_nsime_udp_echo_client.xml"
Generating HTML - nsime_udp_header "/home/pete/wefwefwef/docs/other/2866486615/repo/less_procs/.xml/nsime/nsime_udp_header.xml"
Reading XML for "/home/pete/wefwefwef/docs/other/2866486615/repo/less_procs/.xml/nsime/nsime_udp_header.xml"
Generating HTML - nsime_netdevice "/home/pete/wefwefwef/docs/other/2866486615/repo/less_procs/.xml/nsime/nsime_netdevice.xml"
Reading XML for "/home/pete/wefwefwef/docs/other/2866486615/repo/less_procs/.xml/nsime/nsime_netdevice.xml"
Reading XML for "/home/pete/wefwefwef/docs/other/2866486615/repo/less_procs/.xml/specs_nsime_icmpv4_time_exceeded_header.xml"
Generating HTML - nsime_application "/home/pete/wefwefwef/docs/other/2866486615/repo/less_procs/.xml/nsime/nsime_application.xml"
Reading XML for "/home/pete/wefwefwef/docs/other/2866486615/repo/less_procs/.xml/nsime/nsime_application.xml"
Generating HTML - nsime_udp_echo_server "/home/pete/wefwefwef/docs/other/2866486615/repo/less_procs/.xml/nsime/nsime_udp_echo_server.xml"
Reading XML for "/home/pete/wefwefwef/docs/other/2866486615/repo/less_procs/.xml/nsime/nsime_udp_echo_server.xml"
Reading XML for "/home/pete/wefwefwef/docs/other/2866486615/repo/less_procs/.xml/specs_nsime_udp_header.xml"
Generating HTML - nsime_ipv4_interface_address "/home/pete/wefwefwef/docs/other/2866486615/repo/less_procs/.xml/nsime/nsime_ipv4_interface_address.xml"
Reading XML for "/home/pete/wefwefwef/docs/other/2866486615/repo/less_procs/.xml/nsime/nsime_ipv4_interface_address.xml"
Reading XML for "/home/pete/wefwefwef/docs/other/2866486615/repo/less_procs/.xml/specs_nsime_netdevice.xml"
Reading XML for "/home/pete/wefwefwef/docs/other/2866486615/repo/less_procs/.xml/specs_nsime_application.xml"
Generating HTML - nsime_icmpv4_echo_header "/home/pete/wefwefwef/docs/other/2866486615/repo/less_procs/.xml/nsime/nsime_icmpv4_echo_header.xml"
Reading XML for "/home/pete/wefwefwef/docs/other/2866486615/repo/less_procs/.xml/nsime/nsime_icmpv4_echo_header.xml"
Reading XML for "/home/pete/wefwefwef/docs/other/2866486615/repo/less_procs/.xml/specs_nsime_udp_echo_server.xml"
Generating HTML - nsime_icmpv4_protocol "/home/pete/wefwefwef/docs/other/2866486615/repo/less_procs/.xml/nsime/nsime_icmpv4_protocol.xml"
Reading XML for "/home/pete/wefwefwef/docs/other/2866486615/repo/less_procs/.xml/nsime/nsime_icmpv4_protocol.xml"
Generating HTML - nsime_channel_list "/home/pete/wefwefwef/docs/other/2866486615/repo/less_procs/.xml/nsime/nsime_channel_list.xml"
Reading XML for "/home/pete/wefwefwef/docs/other/2866486615/repo/less_procs/.xml/nsime/nsime_channel_list.xml"
Reading XML for "/home/pete/wefwefwef/docs/other/2866486615/repo/less_procs/.xml/specs_nsime_ipv4_interface_address.xml"
Generating HTML - nsime_callback "/home/pete/wefwefwef/docs/other/2866486615/repo/less_procs/.xml/nsime/nsime_callback.xml"
Reading XML for "/home/pete/wefwefwef/docs/other/2866486615/repo/less_procs/.xml/nsime/nsime_callback.xml"
Reading XML for "/home/pete/wefwefwef/docs/other/2866486615/repo/less_procs/.xml/specs_nsime_icmpv4_echo_header.xml"
Reading XML for "/home/pete/wefwefwef/docs/other/2866486615/repo/less_procs/.xml/specs_nsime_icmpv4_protocol.xml"
Reading XML for "/home/pete/wefwefwef/docs/other/2866486615/repo/less_procs/.xml/specs_nsime_channel_list.xml"
Reading XML for "/home/pete/wefwefwef/docs/other/2866486615/repo/less_procs/.xml/specs_nsime_callback.xml"
Generating HTML - nsime_orddict_scheduler "/home/pete/wefwefwef/docs/other/2866486615/repo/less_procs/.xml/nsime/nsime_orddict_scheduler.xml"
Reading XML for "/home/pete/wefwefwef/docs/other/2866486615/repo/less_procs/.xml/nsime/nsime_orddict_scheduler.xml"
Generating HTML - nsime_ptp_netdevice "/home/pete/wefwefwef/docs/other/2866486615/repo/less_procs/.xml/nsime/nsime_ptp_netdevice.xml"
Reading XML for "/home/pete/wefwefwef/docs/other/2866486615/repo/less_procs/.xml/nsime/nsime_ptp_netdevice.xml"
Reading XML for "/home/pete/wefwefwef/docs/other/2866486615/repo/less_procs/.xml/specs_nsime_orddict_scheduler.xml"
Generating HTML - nsime_ipv4_header "/home/pete/wefwefwef/docs/other/2866486615/repo/less_procs/.xml/nsime/nsime_ipv4_header.xml"
Reading XML for "/home/pete/wefwefwef/docs/other/2866486615/repo/less_procs/.xml/nsime/nsime_ipv4_header.xml"
Reading XML for "/home/pete/wefwefwef/docs/other/2866486615/repo/less_procs/.xml/specs_nsime_ptp_netdevice.xml"
Reading XML for "/home/pete/wefwefwef/docs/other/2866486615/repo/less_procs/.xml/specs_nsime_ipv4_header.xml"
Creating index.html ...
Creating erldocs_index.js ...
Woot, finished in 0 Minutes 5 Seconds
 :: Discovering other repos
$ 5000  `rm -r '/home/pete/wefwefwef/docs/other/2866486615/nsime-branch-less_procs'  2>&1`
 :: Processing https://github.com/avras/nsime	{rev,branch,"master","fc5c164272aa649541bb3895d9f4bea34f45beec"}
 :: Fetching repo code
$ cd "/home/pete/wefwefwef/docs/other/2866486615/nsime-branch-master/nsime"
$ infinity  `curl --fail --silent --show-error --location --output 'master.zip' 'https://github.com/avras/nsime/archive/master.zip'  2>&1`
$ cd "/home/pete/wefwefwef/docs/erldocs_other.git"
$ cd "/home/pete/wefwefwef/docs/other/2866486615/nsime-branch-master/nsime"
$ 5000  `find -P . -type l -delete  2>&1`
$ cd "/home/pete/wefwefwef/docs/erldocs_other.git"
$ cd "/home/pete/wefwefwef/docs/other/2866486615/nsime-branch-master/nsime"
$ 5000  `find 'nsime-master' -mindepth 1 -maxdepth 1 -exec mv -t . -- {} +  2>&1`
$ cd "/home/pete/wefwefwef/docs/erldocs_other.git"
 :: Getting dependencies
$ cd "/home/pete/wefwefwef/docs/other/2866486615/nsime-branch-master/nsime"
$ 5000  `ls -1 deps/  2>&1`
$ cd "/home/pete/wefwefwef/docs/erldocs_other.git"
>>> [rebar] deps = []
 :: Generating erldocs into /home/pete/wefwefwef/docs/other/2866486615/repo/master
Building nsime
Generating Type Specs - "/home/pete/wefwefwef/docs/other/2866486615/nsime-branch-master/nsime/src/nsime_application.erl"
Generating Type Specs - "/home/pete/wefwefwef/docs/other/2866486615/nsime-branch-master/nsime/src/nsime_callback.erl"
Generating Type Specs - "/home/pete/wefwefwef/docs/other/2866486615/nsime-branch-master/nsime/src/nsime_channel_list.erl"
Generating Type Specs - "/home/pete/wefwefwef/docs/other/2866486615/nsime-branch-master/nsime/src/nsime_config.erl"
Generating Type Specs - "/home/pete/wefwefwef/docs/other/2866486615/nsime-branch-master/nsime/src/nsime_data_rate.erl"
Generating Type Specs - "/home/pete/wefwefwef/docs/other/2866486615/nsime-branch-master/nsime/src/nsime_droptail_queue.erl"
Generating Type Specs - "/home/pete/wefwefwef/docs/other/2866486615/nsime-branch-master/nsime/src/nsime_gbtrees_scheduler.erl"
Generating Type Specs - "/home/pete/wefwefwef/docs/other/2866486615/nsime-branch-master/nsime/src/nsime_icmpv4_dest_unreachable_header.erl"
Generating Type Specs - "/home/pete/wefwefwef/docs/other/2866486615/nsime-branch-master/nsime/src/nsime_icmpv4_echo_header.erl"
Generating Type Specs - "/home/pete/wefwefwef/docs/other/2866486615/nsime-branch-master/nsime/src/nsime_icmpv4_header.erl"
Generating Type Specs - "/home/pete/wefwefwef/docs/other/2866486615/nsime-branch-master/nsime/src/nsime_icmpv4_protocol.erl"
Generating Type Specs - "/home/pete/wefwefwef/docs/other/2866486615/nsime-branch-master/nsime/src/nsime_icmpv4_time_exceeded_header.erl"
Generating Type Specs - "/home/pete/wefwefwef/docs/other/2866486615/nsime-branch-master/nsime/src/nsime_internet_stack_helper.erl"
Generating Type Specs - "/home/pete/wefwefwef/docs/other/2866486615/nsime-branch-master/nsime/src/nsime_ip_endpoint.erl"
Generating Type Specs - "/home/pete/wefwefwef/docs/other/2866486615/nsime-branch-master/nsime/src/nsime_ip_endpoint_demux.erl"
Generating Type Specs - "/home/pete/wefwefwef/docs/other/2866486615/nsime-branch-master/nsime/src/nsime_ipv4_address.erl"
Generating Type Specs - "/home/pete/wefwefwef/docs/other/2866486615/nsime-branch-master/nsime/src/nsime_ipv4_address_helper.erl"
Generating Type Specs - "/home/pete/wefwefwef/docs/other/2866486615/nsime-branch-master/nsime/src/nsime_ipv4_header.erl"
Generating Type Specs - "/home/pete/wefwefwef/docs/other/2866486615/nsime-branch-master/nsime/src/nsime_ipv4_interface.erl"
Generating Type Specs - "/home/pete/wefwefwef/docs/other/2866486615/nsime-branch-master/nsime/src/nsime_ipv4_interface_address.erl"
Generating Type Specs - "/home/pete/wefwefwef/docs/other/2866486615/nsime-branch-master/nsime/src/nsime_ipv4_list_routing.erl"
Generating Type Specs - "/home/pete/wefwefwef/docs/other/2866486615/nsime-branch-master/nsime/src/nsime_ipv4_mask.erl"
Generating Type Specs - "/home/pete/wefwefwef/docs/other/2866486615/nsime-branch-master/nsime/src/nsime_ipv4_protocol.erl"
Generating Type Specs - "/home/pete/wefwefwef/docs/other/2866486615/nsime-branch-master/nsime/src/nsime_ipv4_routing_table_entry.erl"
Generating Type Specs - "/home/pete/wefwefwef/docs/other/2866486615/nsime-branch-master/nsime/src/nsime_ipv4_static_routing.erl"
Generating Type Specs - "/home/pete/wefwefwef/docs/other/2866486615/nsime-branch-master/nsime/src/nsime_layer4_protocol.erl"
Generating Type Specs - "/home/pete/wefwefwef/docs/other/2866486615/nsime-branch-master/nsime/src/nsime_mac_address.erl"
Generating Type Specs - "/home/pete/wefwefwef/docs/other/2866486615/nsime-branch-master/nsime/src/nsime_netdevice.erl"
Generating Type Specs - "/home/pete/wefwefwef/docs/other/2866486615/nsime-branch-master/nsime/src/nsime_node.erl"
Generating Type Specs - "/home/pete/wefwefwef/docs/other/2866486615/nsime-branch-master/nsime/src/nsime_node_list.erl"
Generating Type Specs - "/home/pete/wefwefwef/docs/other/2866486615/nsime-branch-master/nsime/src/nsime_orddict_scheduler.erl"
Generating Type Specs - "/home/pete/wefwefwef/docs/other/2866486615/nsime-branch-master/nsime/src/nsime_ptp_channel.erl"
Generating Type Specs - "/home/pete/wefwefwef/docs/other/2866486615/nsime-branch-master/nsime/src/nsime_ptp_helper.erl"
Generating Type Specs - "/home/pete/wefwefwef/docs/other/2866486615/nsime-branch-master/nsime/src/nsime_ptp_netdevice.erl"
Generating Type Specs - "/home/pete/wefwefwef/docs/other/2866486615/nsime-branch-master/nsime/src/nsime_simulator.erl"
Generating Type Specs - "/home/pete/wefwefwef/docs/other/2866486615/nsime-branch-master/nsime/src/nsime_time.erl"
Generating Type Specs - "/home/pete/wefwefwef/docs/other/2866486615/nsime-branch-master/nsime/src/nsime_udp_echo_client.erl"
Generating Type Specs - "/home/pete/wefwefwef/docs/other/2866486615/nsime-branch-master/nsime/src/nsime_udp_echo_server.erl"
Generating Type Specs - "/home/pete/wefwefwef/docs/other/2866486615/nsime-branch-master/nsime/src/nsime_udp_header.erl"
Generating Type Specs - "/home/pete/wefwefwef/docs/other/2866486615/nsime-branch-master/nsime/src/nsime_udp_protocol.erl"
Generating Type Specs - "/home/pete/wefwefwef/docs/other/2866486615/nsime-branch-master/nsime/src/nsime_udp_socket.erl"
Generating Type Specs - "/home/pete/wefwefwef/docs/other/2866486615/nsime-branch-master/nsime/src/plists.erl"
Generating XML for application nsime "/home/pete/wefwefwef/docs/other/2866486615/nsime-branch-master/nsime" -> "/home/pete/wefwefwef/docs/other/2866486615/repo/master/.xml/nsime"
Generated nsime XMLs: ["/home/pete/wefwefwef/docs/other/2866486615/repo/master/.xml/nsime/nsime_ipv4_header.xml",
                       "/home/pete/wefwefwef/docs/other/2866486615/repo/master/.xml/nsime/nsime_orddict_scheduler.xml",
                       "/home/pete/wefwefwef/docs/other/2866486615/repo/master/.xml/nsime/nsime_icmpv4_protocol.xml",
                       "/home/pete/wefwefwef/docs/other/2866486615/repo/master/.xml/nsime/nsime_netdevice.xml",
                       "/home/pete/wefwefwef/docs/other/2866486615/repo/master/.xml/nsime/nsime_simulator.xml",
                       "/home/pete/wefwefwef/docs/other/2866486615/repo/master/.xml/nsime/plists.xml",
                       "/home/pete/wefwefwef/docs/other/2866486615/repo/master/.xml/nsime/nsime_ipv4_static_routing.xml",
                       "/home/pete/wefwefwef/docs/other/2866486615/repo/master/.xml/nsime/nsime_udp_socket.xml",
                       "/home/pete/wefwefwef/docs/other/2866486615/repo/master/.xml/nsime/nsime_ipv4_mask.xml",
                       "/home/pete/wefwefwef/docs/other/2866486615/repo/master/.xml/nsime/nsime_udp_protocol.xml",
                       "/home/pete/wefwefwef/docs/other/2866486615/repo/master/.xml/nsime/nsime_channel_list.xml",
                       "/home/pete/wefwefwef/docs/other/2866486615/repo/master/.xml/nsime/nsime_udp_echo_server.xml",
                       "/home/pete/wefwefwef/docs/other/2866486615/repo/master/.xml/nsime/nsime_icmpv4_time_exceeded_header.xml",
                       "/home/pete/wefwefwef/docs/other/2866486615/repo/master/.xml/nsime/nsime_ptp_helper.xml",
                       "/home/pete/wefwefwef/docs/other/2866486615/repo/master/.xml/nsime/nsime_icmpv4_dest_unreachable_header.xml",
                       "/home/pete/wefwefwef/docs/other/2866486615/repo/master/.xml/nsime/nsime_ipv4_protocol.xml",
                       "/home/pete/wefwefwef/docs/other/2866486615/repo/master/.xml/nsime/nsime_mac_address.xml",
                       "/home/pete/wefwefwef/docs/other/2866486615/repo/master/.xml/nsime/nsime_droptail_queue.xml",
                       "/home/pete/wefwefwef/docs/other/2866486615/repo/master/.xml/nsime/nsime_ipv4_routing_table_entry.xml",
                       "/home/pete/wefwefwef/docs/other/2866486615/repo/master/.xml/nsime/nsime_layer4_protocol.xml",
                       "/home/pete/wefwefwef/docs/other/2866486615/repo/master/.xml/nsime/nsime_icmpv4_echo_header.xml",
                       "/home/pete/wefwefwef/docs/other/2866486615/repo/master/.xml/nsime/nsime_application.xml",
                       "/home/pete/wefwefwef/docs/other/2866486615/repo/master/.xml/nsime/nsime_udp_echo_client.xml",
                       "/home/pete/wefwefwef/docs/other/2866486615/repo/master/.xml/nsime/nsime_node.xml",
                       "/home/pete/wefwefwef/docs/other/2866486615/repo/master/.xml/nsime/nsime_ipv4_address.xml",
                       "/home/pete/wefwefwef/docs/other/2866486615/repo/master/.xml/nsime/nsime_ptp_channel.xml",
                       "/home/pete/wefwefwef/docs/other/2866486615/repo/master/.xml/nsime/nsime_ipv4_interface.xml",
                       "/home/pete/wefwefwef/docs/other/2866486615/repo/master/.xml/nsime/nsime_time.xml",
                       "/home/pete/wefwefwef/docs/other/2866486615/repo/master/.xml/nsime/nsime_ipv4_address_helper.xml",
                       "/home/pete/wefwefwef/docs/other/2866486615/repo/master/.xml/nsime/nsime_data_rate.xml",
                       "/home/pete/wefwefwef/docs/other/2866486615/repo/master/.xml/nsime/nsime_ptp_netdevice.xml",
                       "/home/pete/wefwefwef/docs/other/2866486615/repo/master/.xml/nsime/nsime_callback.xml",
                       "/home/pete/wefwefwef/docs/other/2866486615/repo/master/.xml/nsime/nsime_ipv4_interface_address.xml",
                       "/home/pete/wefwefwef/docs/other/2866486615/repo/master/.xml/nsime/nsime_udp_header.xml",
                       "/home/pete/wefwefwef/docs/other/2866486615/repo/master/.xml/nsime/nsime_internet_stack_helper.xml",
                       "/home/pete/wefwefwef/docs/other/2866486615/repo/master/.xml/nsime/nsime_node_list.xml",
                       "/home/pete/wefwefwef/docs/other/2866486615/repo/master/.xml/nsime/nsime_icmpv4_header.xml",
                       "/home/pete/wefwefwef/docs/other/2866486615/repo/master/.xml/nsime/nsime_ipv4_list_routing.xml",
                       "/home/pete/wefwefwef/docs/other/2866486615/repo/master/.xml/nsime/nsime_gbtrees_scheduler.xml",
                       "/home/pete/wefwefwef/docs/other/2866486615/repo/master/.xml/nsime/nsime_ip_endpoint.xml",
                       "/home/pete/wefwefwef/docs/other/2866486615/repo/master/.xml/nsime/nsime_ip_endpoint_demux.xml",
                       "/home/pete/wefwefwef/docs/other/2866486615/repo/master/.xml/nsime/nsime_config.xml"]
Generating HTML - nsime_udp_protocol "/home/pete/wefwefwef/docs/other/2866486615/repo/master/.xml/nsime/nsime_udp_protocol.xml"
Generating HTML - nsime_layer4_protocol "/home/pete/wefwefwef/docs/other/2866486615/repo/master/.xml/nsime/nsime_layer4_protocol.xml"
Generating HTML - nsime_data_rate "/home/pete/wefwefwef/docs/other/2866486615/repo/master/.xml/nsime/nsime_data_rate.xml"
Generating HTML - nsime_config "/home/pete/wefwefwef/docs/other/2866486615/repo/master/.xml/nsime/nsime_config.xml"
Reading XML for "/home/pete/wefwefwef/docs/other/2866486615/repo/master/.xml/nsime/nsime_udp_protocol.xml"
Reading XML for "/home/pete/wefwefwef/docs/other/2866486615/repo/master/.xml/nsime/nsime_layer4_protocol.xml"
Reading XML for "/home/pete/wefwefwef/docs/other/2866486615/repo/master/.xml/nsime/nsime_data_rate.xml"
Reading XML for "/home/pete/wefwefwef/docs/other/2866486615/repo/master/.xml/nsime/nsime_config.xml"
Reading XML for "/home/pete/wefwefwef/docs/other/2866486615/repo/master/.xml/specs_nsime_data_rate.xml"
Reading XML for "/home/pete/wefwefwef/docs/other/2866486615/repo/master/.xml/specs_nsime_layer4_protocol.xml"
Reading XML for "/home/pete/wefwefwef/docs/other/2866486615/repo/master/.xml/specs_nsime_udp_protocol.xml"
Generating HTML - nsime_ipv4_address_helper "/home/pete/wefwefwef/docs/other/2866486615/repo/master/.xml/nsime/nsime_ipv4_address_helper.xml"
Reading XML for "/home/pete/wefwefwef/docs/other/2866486615/repo/master/.xml/nsime/nsime_ipv4_address_helper.xml"
Generating HTML - nsime_ipv4_routing_table_entry "/home/pete/wefwefwef/docs/other/2866486615/repo/master/.xml/nsime/nsime_ipv4_routing_table_entry.xml"
Reading XML for "/home/pete/wefwefwef/docs/other/2866486615/repo/master/.xml/nsime/nsime_ipv4_routing_table_entry.xml"
Reading XML for "/home/pete/wefwefwef/docs/other/2866486615/repo/master/.xml/specs_nsime_config.xml"
Generating HTML - nsime_ip_endpoint_demux "/home/pete/wefwefwef/docs/other/2866486615/repo/master/.xml/nsime/nsime_ip_endpoint_demux.xml"
Reading XML for "/home/pete/wefwefwef/docs/other/2866486615/repo/master/.xml/nsime/nsime_ip_endpoint_demux.xml"
Generating HTML - nsime_ipv4_mask "/home/pete/wefwefwef/docs/other/2866486615/repo/master/.xml/nsime/nsime_ipv4_mask.xml"
Reading XML for "/home/pete/wefwefwef/docs/other/2866486615/repo/master/.xml/nsime/nsime_ipv4_mask.xml"
Reading XML for "/home/pete/wefwefwef/docs/other/2866486615/repo/master/.xml/specs_nsime_ipv4_address_helper.xml"
Reading XML for "/home/pete/wefwefwef/docs/other/2866486615/repo/master/.xml/specs_nsime_ipv4_routing_table_entry.xml"
Generating HTML - nsime_time "/home/pete/wefwefwef/docs/other/2866486615/repo/master/.xml/nsime/nsime_time.xml"
Reading XML for "/home/pete/wefwefwef/docs/other/2866486615/repo/master/.xml/nsime/nsime_time.xml"
Generating HTML - nsime_droptail_queue "/home/pete/wefwefwef/docs/other/2866486615/repo/master/.xml/nsime/nsime_droptail_queue.xml"
Reading XML for "/home/pete/wefwefwef/docs/other/2866486615/repo/master/.xml/nsime/nsime_droptail_queue.xml"
Reading XML for "/home/pete/wefwefwef/docs/other/2866486615/repo/master/.xml/specs_nsime_ipv4_mask.xml"
Reading XML for "/home/pete/wefwefwef/docs/other/2866486615/repo/master/.xml/specs_nsime_ip_endpoint_demux.xml"
Generating HTML - nsime_udp_socket "/home/pete/wefwefwef/docs/other/2866486615/repo/master/.xml/nsime/nsime_udp_socket.xml"
Reading XML for "/home/pete/wefwefwef/docs/other/2866486615/repo/master/.xml/nsime/nsime_udp_socket.xml"
Generating HTML - nsime_ip_endpoint "/home/pete/wefwefwef/docs/other/2866486615/repo/master/.xml/nsime/nsime_ip_endpoint.xml"
Reading XML for "/home/pete/wefwefwef/docs/other/2866486615/repo/master/.xml/nsime/nsime_ip_endpoint.xml"
Reading XML for "/home/pete/wefwefwef/docs/other/2866486615/repo/master/.xml/specs_nsime_droptail_queue.xml"
Reading XML for "/home/pete/wefwefwef/docs/other/2866486615/repo/master/.xml/specs_nsime_time.xml"
Generating HTML - nsime_mac_address "/home/pete/wefwefwef/docs/other/2866486615/repo/master/.xml/nsime/nsime_mac_address.xml"
Reading XML for "/home/pete/wefwefwef/docs/other/2866486615/repo/master/.xml/nsime/nsime_mac_address.xml"
Generating HTML - nsime_ipv4_interface "/home/pete/wefwefwef/docs/other/2866486615/repo/master/.xml/nsime/nsime_ipv4_interface.xml"
Reading XML for "/home/pete/wefwefwef/docs/other/2866486615/repo/master/.xml/nsime/nsime_ipv4_interface.xml"
Reading XML for "/home/pete/wefwefwef/docs/other/2866486615/repo/master/.xml/specs_nsime_ip_endpoint.xml"
Reading XML for "/home/pete/wefwefwef/docs/other/2866486615/repo/master/.xml/specs_nsime_udp_socket.xml"
Generating HTML - nsime_gbtrees_scheduler "/home/pete/wefwefwef/docs/other/2866486615/repo/master/.xml/nsime/nsime_gbtrees_scheduler.xml"
Reading XML for "/home/pete/wefwefwef/docs/other/2866486615/repo/master/.xml/nsime/nsime_gbtrees_scheduler.xml"
Reading XML for "/home/pete/wefwefwef/docs/other/2866486615/repo/master/.xml/specs_nsime_mac_address.xml"
Generating HTML - nsime_ipv4_static_routing "/home/pete/wefwefwef/docs/other/2866486615/repo/master/.xml/nsime/nsime_ipv4_static_routing.xml"
Reading XML for "/home/pete/wefwefwef/docs/other/2866486615/repo/master/.xml/nsime/nsime_ipv4_static_routing.xml"
Generating HTML - nsime_ipv4_protocol "/home/pete/wefwefwef/docs/other/2866486615/repo/master/.xml/nsime/nsime_ipv4_protocol.xml"
Reading XML for "/home/pete/wefwefwef/docs/other/2866486615/repo/master/.xml/nsime/nsime_ipv4_protocol.xml"
Reading XML for "/home/pete/wefwefwef/docs/other/2866486615/repo/master/.xml/specs_nsime_ipv4_interface.xml"
Generating HTML - nsime_ptp_channel "/home/pete/wefwefwef/docs/other/2866486615/repo/master/.xml/nsime/nsime_ptp_channel.xml"
Reading XML for "/home/pete/wefwefwef/docs/other/2866486615/repo/master/.xml/nsime/nsime_ptp_channel.xml"
Reading XML for "/home/pete/wefwefwef/docs/other/2866486615/repo/master/.xml/specs_nsime_gbtrees_scheduler.xml"
Generating HTML - nsime_ipv4_list_routing "/home/pete/wefwefwef/docs/other/2866486615/repo/master/.xml/nsime/nsime_ipv4_list_routing.xml"
Reading XML for "/home/pete/wefwefwef/docs/other/2866486615/repo/master/.xml/nsime/nsime_ipv4_list_routing.xml"
Reading XML for "/home/pete/wefwefwef/docs/other/2866486615/repo/master/.xml/specs_nsime_ipv4_static_routing.xml"
Generating HTML - plists "/home/pete/wefwefwef/docs/other/2866486615/repo/master/.xml/nsime/plists.xml"
Reading XML for "/home/pete/wefwefwef/docs/other/2866486615/repo/master/.xml/nsime/plists.xml"
Reading XML for "/home/pete/wefwefwef/docs/other/2866486615/repo/master/.xml/specs_nsime_ipv4_list_routing.xml"
Reading XML for "/home/pete/wefwefwef/docs/other/2866486615/repo/master/.xml/specs_nsime_ptp_channel.xml"
Reading XML for "/home/pete/wefwefwef/docs/other/2866486615/repo/master/.xml/specs_nsime_ipv4_protocol.xml"
Generating HTML - nsime_icmpv4_header "/home/pete/wefwefwef/docs/other/2866486615/repo/master/.xml/nsime/nsime_icmpv4_header.xml"
Reading XML for "/home/pete/wefwefwef/docs/other/2866486615/repo/master/.xml/nsime/nsime_icmpv4_header.xml"
Generating HTML - nsime_ipv4_address "/home/pete/wefwefwef/docs/other/2866486615/repo/master/.xml/nsime/nsime_ipv4_address.xml"
Reading XML for "/home/pete/wefwefwef/docs/other/2866486615/repo/master/.xml/nsime/nsime_ipv4_address.xml"
Generating HTML - nsime_icmpv4_dest_unreachable_header "/home/pete/wefwefwef/docs/other/2866486615/repo/master/.xml/nsime/nsime_icmpv4_dest_unreachable_header.xml"
Reading XML for "/home/pete/wefwefwef/docs/other/2866486615/repo/master/.xml/nsime/nsime_icmpv4_dest_unreachable_header.xml"
Reading XML for "/home/pete/wefwefwef/docs/other/2866486615/repo/master/.xml/specs_nsime_icmpv4_header.xml"
Generating HTML - nsime_node_list "/home/pete/wefwefwef/docs/other/2866486615/repo/master/.xml/nsime/nsime_node_list.xml"
Reading XML for "/home/pete/wefwefwef/docs/other/2866486615/repo/master/.xml/specs_plists.xml"
Reading XML for "/home/pete/wefwefwef/docs/other/2866486615/repo/master/.xml/nsime/nsime_node_list.xml"
Reading XML for "/home/pete/wefwefwef/docs/other/2866486615/repo/master/.xml/specs_nsime_ipv4_address.xml"
Generating HTML - nsime_node "/home/pete/wefwefwef/docs/other/2866486615/repo/master/.xml/nsime/nsime_node.xml"
Reading XML for "/home/pete/wefwefwef/docs/other/2866486615/repo/master/.xml/nsime/nsime_node.xml"
Reading XML for "/home/pete/wefwefwef/docs/other/2866486615/repo/master/.xml/specs_nsime_icmpv4_dest_unreachable_header.xml"
Generating HTML - nsime_ptp_helper "/home/pete/wefwefwef/docs/other/2866486615/repo/master/.xml/nsime/nsime_ptp_helper.xml"
Reading XML for "/home/pete/wefwefwef/docs/other/2866486615/repo/master/.xml/nsime/nsime_ptp_helper.xml"
Generating HTML - nsime_simulator "/home/pete/wefwefwef/docs/other/2866486615/repo/master/.xml/nsime/nsime_simulator.xml"
Reading XML for "/home/pete/wefwefwef/docs/other/2866486615/repo/master/.xml/nsime/nsime_simulator.xml"
Reading XML for "/home/pete/wefwefwef/docs/other/2866486615/repo/master/.xml/specs_nsime_node_list.xml"
Generating HTML - nsime_internet_stack_helper "/home/pete/wefwefwef/docs/other/2866486615/repo/master/.xml/nsime/nsime_internet_stack_helper.xml"
Reading XML for "/home/pete/wefwefwef/docs/other/2866486615/repo/master/.xml/nsime/nsime_internet_stack_helper.xml"
Reading XML for "/home/pete/wefwefwef/docs/other/2866486615/repo/master/.xml/specs_nsime_node.xml"
Generating HTML - nsime_udp_echo_client "/home/pete/wefwefwef/docs/other/2866486615/repo/master/.xml/nsime/nsime_udp_echo_client.xml"
Reading XML for "/home/pete/wefwefwef/docs/other/2866486615/repo/master/.xml/nsime/nsime_udp_echo_client.xml"
Reading XML for "/home/pete/wefwefwef/docs/other/2866486615/repo/master/.xml/specs_nsime_ptp_helper.xml"
Reading XML for "/home/pete/wefwefwef/docs/other/2866486615/repo/master/.xml/specs_nsime_simulator.xml"
Generating HTML - nsime_icmpv4_time_exceeded_header "/home/pete/wefwefwef/docs/other/2866486615/repo/master/.xml/nsime/nsime_icmpv4_time_exceeded_header.xml"
Reading XML for "/home/pete/wefwefwef/docs/other/2866486615/repo/master/.xml/nsime/nsime_icmpv4_time_exceeded_header.xml"
Generating HTML - nsime_netdevice "/home/pete/wefwefwef/docs/other/2866486615/repo/master/.xml/nsime/nsime_netdevice.xml"
Reading XML for "/home/pete/wefwefwef/docs/other/2866486615/repo/master/.xml/nsime/nsime_netdevice.xml"
Reading XML for "/home/pete/wefwefwef/docs/other/2866486615/repo/master/.xml/specs_nsime_internet_stack_helper.xml"
Generating HTML - nsime_udp_header "/home/pete/wefwefwef/docs/other/2866486615/repo/master/.xml/nsime/nsime_udp_header.xml"
Reading XML for "/home/pete/wefwefwef/docs/other/2866486615/repo/master/.xml/nsime/nsime_udp_header.xml"
Reading XML for "/home/pete/wefwefwef/docs/other/2866486615/repo/master/.xml/specs_nsime_udp_echo_client.xml"
Reading XML for "/home/pete/wefwefwef/docs/other/2866486615/repo/master/.xml/specs_nsime_icmpv4_time_exceeded_header.xml"
Generating HTML - nsime_application "/home/pete/wefwefwef/docs/other/2866486615/repo/master/.xml/nsime/nsime_application.xml"
Reading XML for "/home/pete/wefwefwef/docs/other/2866486615/repo/master/.xml/specs_nsime_netdevice.xml"
Reading XML for "/home/pete/wefwefwef/docs/other/2866486615/repo/master/.xml/nsime/nsime_application.xml"
Generating HTML - nsime_udp_echo_server "/home/pete/wefwefwef/docs/other/2866486615/repo/master/.xml/nsime/nsime_udp_echo_server.xml"
Reading XML for "/home/pete/wefwefwef/docs/other/2866486615/repo/master/.xml/nsime/nsime_udp_echo_server.xml"
Reading XML for "/home/pete/wefwefwef/docs/other/2866486615/repo/master/.xml/specs_nsime_udp_header.xml"
Generating HTML - nsime_icmpv4_protocol "/home/pete/wefwefwef/docs/other/2866486615/repo/master/.xml/nsime/nsime_icmpv4_protocol.xml"
Reading XML for "/home/pete/wefwefwef/docs/other/2866486615/repo/master/.xml/nsime/nsime_icmpv4_protocol.xml"
Generating HTML - nsime_ipv4_interface_address "/home/pete/wefwefwef/docs/other/2866486615/repo/master/.xml/nsime/nsime_ipv4_interface_address.xml"
Reading XML for "/home/pete/wefwefwef/docs/other/2866486615/repo/master/.xml/nsime/nsime_ipv4_interface_address.xml"
Reading XML for "/home/pete/wefwefwef/docs/other/2866486615/repo/master/.xml/specs_nsime_application.xml"
Reading XML for "/home/pete/wefwefwef/docs/other/2866486615/repo/master/.xml/specs_nsime_udp_echo_server.xml"
Generating HTML - nsime_icmpv4_echo_header "/home/pete/wefwefwef/docs/other/2866486615/repo/master/.xml/nsime/nsime_icmpv4_echo_header.xml"
Reading XML for "/home/pete/wefwefwef/docs/other/2866486615/repo/master/.xml/specs_nsime_icmpv4_protocol.xml"
Reading XML for "/home/pete/wefwefwef/docs/other/2866486615/repo/master/.xml/nsime/nsime_icmpv4_echo_header.xml"
Generating HTML - nsime_channel_list "/home/pete/wefwefwef/docs/other/2866486615/repo/master/.xml/nsime/nsime_channel_list.xml"
Reading XML for "/home/pete/wefwefwef/docs/other/2866486615/repo/master/.xml/nsime/nsime_channel_list.xml"
Generating HTML - nsime_orddict_scheduler "/home/pete/wefwefwef/docs/other/2866486615/repo/master/.xml/nsime/nsime_orddict_scheduler.xml"
Reading XML for "/home/pete/wefwefwef/docs/other/2866486615/repo/master/.xml/nsime/nsime_orddict_scheduler.xml"
Reading XML for "/home/pete/wefwefwef/docs/other/2866486615/repo/master/.xml/specs_nsime_ipv4_interface_address.xml"
Generating HTML - nsime_callback "/home/pete/wefwefwef/docs/other/2866486615/repo/master/.xml/nsime/nsime_callback.xml"
Reading XML for "/home/pete/wefwefwef/docs/other/2866486615/repo/master/.xml/nsime/nsime_callback.xml"
Reading XML for "/home/pete/wefwefwef/docs/other/2866486615/repo/master/.xml/specs_nsime_icmpv4_echo_header.xml"
Reading XML for "/home/pete/wefwefwef/docs/other/2866486615/repo/master/.xml/specs_nsime_channel_list.xml"
Reading XML for "/home/pete/wefwefwef/docs/other/2866486615/repo/master/.xml/specs_nsime_orddict_scheduler.xml"
Generating HTML - nsime_ipv4_header "/home/pete/wefwefwef/docs/other/2866486615/repo/master/.xml/nsime/nsime_ipv4_header.xml"
Reading XML for "/home/pete/wefwefwef/docs/other/2866486615/repo/master/.xml/nsime/nsime_ipv4_header.xml"
Reading XML for "/home/pete/wefwefwef/docs/other/2866486615/repo/master/.xml/specs_nsime_callback.xml"
Generating HTML - nsime_ptp_netdevice "/home/pete/wefwefwef/docs/other/2866486615/repo/master/.xml/nsime/nsime_ptp_netdevice.xml"
Reading XML for "/home/pete/wefwefwef/docs/other/2866486615/repo/master/.xml/nsime/nsime_ptp_netdevice.xml"
Reading XML for "/home/pete/wefwefwef/docs/other/2866486615/repo/master/.xml/specs_nsime_ipv4_header.xml"
Reading XML for "/home/pete/wefwefwef/docs/other/2866486615/repo/master/.xml/specs_nsime_ptp_netdevice.xml"
Creating index.html ...
Creating erldocs_index.js ...
Woot, finished in 0 Minutes 5 Seconds
 :: Discovering other repos
$ 5000  `rm -r '/home/pete/wefwefwef/docs/other/2866486615/nsime-branch-master'  2>&1`
 :: Processing https://github.com/avras/nsime	{rev,branch,"parallel","9f89b98b561d3794261f1702e0116ff885564db8"}
 :: Fetching repo code
$ cd "/home/pete/wefwefwef/docs/other/2866486615/nsime-branch-parallel/nsime"
$ infinity  `curl --fail --silent --show-error --location --output 'parallel.zip' 'https://github.com/avras/nsime/archive/parallel.zip'  2>&1`
$ cd "/home/pete/wefwefwef/docs/erldocs_other.git"
$ cd "/home/pete/wefwefwef/docs/other/2866486615/nsime-branch-parallel/nsime"
$ 5000  `find -P . -type l -delete  2>&1`
$ cd "/home/pete/wefwefwef/docs/erldocs_other.git"
$ cd "/home/pete/wefwefwef/docs/other/2866486615/nsime-branch-parallel/nsime"
$ 5000  `find 'nsime-parallel' -mindepth 1 -maxdepth 1 -exec mv -t . -- {} +  2>&1`
$ cd "/home/pete/wefwefwef/docs/erldocs_other.git"
 :: Getting dependencies
$ cd "/home/pete/wefwefwef/docs/other/2866486615/nsime-branch-parallel/nsime"
$ 5000  `ls -1 deps/  2>&1`
$ cd "/home/pete/wefwefwef/docs/erldocs_other.git"
>>> [rebar] deps = []
 :: Generating erldocs into /home/pete/wefwefwef/docs/other/2866486615/repo/parallel
Building nsime
Generating Type Specs - "/home/pete/wefwefwef/docs/other/2866486615/nsime-branch-parallel/nsime/src/nsime_application.erl"
Generating Type Specs - "/home/pete/wefwefwef/docs/other/2866486615/nsime-branch-parallel/nsime/src/nsime_callback.erl"
Generating Type Specs - "/home/pete/wefwefwef/docs/other/2866486615/nsime-branch-parallel/nsime/src/nsime_channel_list.erl"
Generating Type Specs - "/home/pete/wefwefwef/docs/other/2866486615/nsime-branch-parallel/nsime/src/nsime_config.erl"
Generating Type Specs - "/home/pete/wefwefwef/docs/other/2866486615/nsime-branch-parallel/nsime/src/nsime_data_rate.erl"
Generating Type Specs - "/home/pete/wefwefwef/docs/other/2866486615/nsime-branch-parallel/nsime/src/nsime_droptail_queue.erl"
Generating Type Specs - "/home/pete/wefwefwef/docs/other/2866486615/nsime-branch-parallel/nsime/src/nsime_gbtrees_scheduler.erl"
Generating Type Specs - "/home/pete/wefwefwef/docs/other/2866486615/nsime-branch-parallel/nsime/src/nsime_icmpv4_dest_unreachable_header.erl"
Generating Type Specs - "/home/pete/wefwefwef/docs/other/2866486615/nsime-branch-parallel/nsime/src/nsime_icmpv4_echo_header.erl"
Generating Type Specs - "/home/pete/wefwefwef/docs/other/2866486615/nsime-branch-parallel/nsime/src/nsime_icmpv4_header.erl"
Generating Type Specs - "/home/pete/wefwefwef/docs/other/2866486615/nsime-branch-parallel/nsime/src/nsime_icmpv4_protocol.erl"
Generating Type Specs - "/home/pete/wefwefwef/docs/other/2866486615/nsime-branch-parallel/nsime/src/nsime_icmpv4_time_exceeded_header.erl"
Generating Type Specs - "/home/pete/wefwefwef/docs/other/2866486615/nsime-branch-parallel/nsime/src/nsime_internet_stack_helper.erl"
Generating Type Specs - "/home/pete/wefwefwef/docs/other/2866486615/nsime-branch-parallel/nsime/src/nsime_ip_endpoint.erl"
Generating Type Specs - "/home/pete/wefwefwef/docs/other/2866486615/nsime-branch-parallel/nsime/src/nsime_ip_endpoint_demux.erl"
Generating Type Specs - "/home/pete/wefwefwef/docs/other/2866486615/nsime-branch-parallel/nsime/src/nsime_ipv4_address.erl"
Generating Type Specs - "/home/pete/wefwefwef/docs/other/2866486615/nsime-branch-parallel/nsime/src/nsime_ipv4_address_helper.erl"
Generating Type Specs - "/home/pete/wefwefwef/docs/other/2866486615/nsime-branch-parallel/nsime/src/nsime_ipv4_header.erl"
Generating Type Specs - "/home/pete/wefwefwef/docs/other/2866486615/nsime-branch-parallel/nsime/src/nsime_ipv4_interface.erl"
Generating Type Specs - "/home/pete/wefwefwef/docs/other/2866486615/nsime-branch-parallel/nsime/src/nsime_ipv4_interface_address.erl"
Generating Type Specs - "/home/pete/wefwefwef/docs/other/2866486615/nsime-branch-parallel/nsime/src/nsime_ipv4_list_routing.erl"
Generating Type Specs - "/home/pete/wefwefwef/docs/other/2866486615/nsime-branch-parallel/nsime/src/nsime_ipv4_mask.erl"
Generating Type Specs - "/home/pete/wefwefwef/docs/other/2866486615/nsime-branch-parallel/nsime/src/nsime_ipv4_protocol.erl"
Generating Type Specs - "/home/pete/wefwefwef/docs/other/2866486615/nsime-branch-parallel/nsime/src/nsime_ipv4_routing_protocol.erl"
Generating Type Specs - "/home/pete/wefwefwef/docs/other/2866486615/nsime-branch-parallel/nsime/src/nsime_ipv4_routing_table_entry.erl"
Generating Type Specs - "/home/pete/wefwefwef/docs/other/2866486615/nsime-branch-parallel/nsime/src/nsime_ipv4_static_routing.erl"
Generating Type Specs - "/home/pete/wefwefwef/docs/other/2866486615/nsime-branch-parallel/nsime/src/nsime_layer4_protocol.erl"
Generating Type Specs - "/home/pete/wefwefwef/docs/other/2866486615/nsime-branch-parallel/nsime/src/nsime_mac_address.erl"
Generating Type Specs - "/home/pete/wefwefwef/docs/other/2866486615/nsime-branch-parallel/nsime/src/nsime_netdevice.erl"
Generating Type Specs - "/home/pete/wefwefwef/docs/other/2866486615/nsime-branch-parallel/nsime/src/nsime_node.erl"
Generating Type Specs - "/home/pete/wefwefwef/docs/other/2866486615/nsime-branch-parallel/nsime/src/nsime_node_list.erl"
Generating Type Specs - "/home/pete/wefwefwef/docs/other/2866486615/nsime-branch-parallel/nsime/src/nsime_ptp_channel.erl"
Generating Type Specs - "/home/pete/wefwefwef/docs/other/2866486615/nsime-branch-parallel/nsime/src/nsime_ptp_helper.erl"
Generating Type Specs - "/home/pete/wefwefwef/docs/other/2866486615/nsime-branch-parallel/nsime/src/nsime_ptp_netdevice.erl"
Generating Type Specs - "/home/pete/wefwefwef/docs/other/2866486615/nsime-branch-parallel/nsime/src/nsime_simulator.erl"
Generating Type Specs - "/home/pete/wefwefwef/docs/other/2866486615/nsime-branch-parallel/nsime/src/nsime_time.erl"
Generating Type Specs - "/home/pete/wefwefwef/docs/other/2866486615/nsime-branch-parallel/nsime/src/nsime_udp_echo_client.erl"
Generating Type Specs - "/home/pete/wefwefwef/docs/other/2866486615/nsime-branch-parallel/nsime/src/nsime_udp_echo_server.erl"
Generating Type Specs - "/home/pete/wefwefwef/docs/other/2866486615/nsime-branch-parallel/nsime/src/nsime_udp_header.erl"
Generating Type Specs - "/home/pete/wefwefwef/docs/other/2866486615/nsime-branch-parallel/nsime/src/nsime_udp_protocol.erl"
Generating Type Specs - "/home/pete/wefwefwef/docs/other/2866486615/nsime-branch-parallel/nsime/src/nsime_udp_socket.erl"
Generating Type Specs - "/home/pete/wefwefwef/docs/other/2866486615/nsime-branch-parallel/nsime/src/plists.erl"
Generating XML for application nsime "/home/pete/wefwefwef/docs/other/2866486615/nsime-branch-parallel/nsime" -> "/home/pete/wefwefwef/docs/other/2866486615/repo/parallel/.xml/nsime"
Generated nsime XMLs: ["/home/pete/wefwefwef/docs/other/2866486615/repo/parallel/.xml/nsime/nsime_ipv4_header.xml",
                       "/home/pete/wefwefwef/docs/other/2866486615/repo/parallel/.xml/nsime/nsime_icmpv4_protocol.xml",
                       "/home/pete/wefwefwef/docs/other/2866486615/repo/parallel/.xml/nsime/nsime_netdevice.xml",
                       "/home/pete/wefwefwef/docs/other/2866486615/repo/parallel/.xml/nsime/nsime_simulator.xml",
                       "/home/pete/wefwefwef/docs/other/2866486615/repo/parallel/.xml/nsime/plists.xml",
                       "/home/pete/wefwefwef/docs/other/2866486615/repo/parallel/.xml/nsime/nsime_ipv4_static_routing.xml",
                       "/home/pete/wefwefwef/docs/other/2866486615/repo/parallel/.xml/nsime/nsime_udp_socket.xml",
                       "/home/pete/wefwefwef/docs/other/2866486615/repo/parallel/.xml/nsime/nsime_ipv4_mask.xml",
                       "/home/pete/wefwefwef/docs/other/2866486615/repo/parallel/.xml/nsime/nsime_ipv4_routing_protocol.xml",
                       "/home/pete/wefwefwef/docs/other/2866486615/repo/parallel/.xml/nsime/nsime_udp_protocol.xml",
                       "/home/pete/wefwefwef/docs/other/2866486615/repo/parallel/.xml/nsime/nsime_channel_list.xml",
                       "/home/pete/wefwefwef/docs/other/2866486615/repo/parallel/.xml/nsime/nsime_udp_echo_server.xml",
                       "/home/pete/wefwefwef/docs/other/2866486615/repo/parallel/.xml/nsime/nsime_icmpv4_time_exceeded_header.xml",
                       "/home/pete/wefwefwef/docs/other/2866486615/repo/parallel/.xml/nsime/nsime_ptp_helper.xml",
                       "/home/pete/wefwefwef/docs/other/2866486615/repo/parallel/.xml/nsime/nsime_icmpv4_dest_unreachable_header.xml",
                       "/home/pete/wefwefwef/docs/other/2866486615/repo/parallel/.xml/nsime/nsime_ipv4_protocol.xml",
                       "/home/pete/wefwefwef/docs/other/2866486615/repo/parallel/.xml/nsime/nsime_mac_address.xml",
                       "/home/pete/wefwefwef/docs/other/2866486615/repo/parallel/.xml/nsime/nsime_droptail_queue.xml",
                       "/home/pete/wefwefwef/docs/other/2866486615/repo/parallel/.xml/nsime/nsime_ipv4_routing_table_entry.xml",
                       "/home/pete/wefwefwef/docs/other/2866486615/repo/parallel/.xml/nsime/nsime_layer4_protocol.xml",
                       "/home/pete/wefwefwef/docs/other/2866486615/repo/parallel/.xml/nsime/nsime_icmpv4_echo_header.xml",
                       "/home/pete/wefwefwef/docs/other/2866486615/repo/parallel/.xml/nsime/nsime_application.xml",
                       "/home/pete/wefwefwef/docs/other/2866486615/repo/parallel/.xml/nsime/nsime_udp_echo_client.xml",
                       "/home/pete/wefwefwef/docs/other/2866486615/repo/parallel/.xml/nsime/nsime_node.xml",
                       "/home/pete/wefwefwef/docs/other/2866486615/repo/parallel/.xml/nsime/nsime_ipv4_address.xml",
                       "/home/pete/wefwefwef/docs/other/2866486615/repo/parallel/.xml/nsime/nsime_ptp_channel.xml",
                       "/home/pete/wefwefwef/docs/other/2866486615/repo/parallel/.xml/nsime/nsime_ipv4_interface.xml",
                       "/home/pete/wefwefwef/docs/other/2866486615/repo/parallel/.xml/nsime/nsime_time.xml",
                       "/home/pete/wefwefwef/docs/other/2866486615/repo/parallel/.xml/nsime/nsime_ipv4_address_helper.xml",
                       "/home/pete/wefwefwef/docs/other/2866486615/repo/parallel/.xml/nsime/nsime_data_rate.xml",
                       "/home/pete/wefwefwef/docs/other/2866486615/repo/parallel/.xml/nsime/nsime_ptp_netdevice.xml",
                       "/home/pete/wefwefwef/docs/other/2866486615/repo/parallel/.xml/nsime/nsime_callback.xml",
                       "/home/pete/wefwefwef/docs/other/2866486615/repo/parallel/.xml/nsime/nsime_ipv4_interface_address.xml",
                       "/home/pete/wefwefwef/docs/other/2866486615/repo/parallel/.xml/nsime/nsime_udp_header.xml",
                       "/home/pete/wefwefwef/docs/other/2866486615/repo/parallel/.xml/nsime/nsime_internet_stack_helper.xml",
                       "/home/pete/wefwefwef/docs/other/2866486615/repo/parallel/.xml/nsime/nsime_node_list.xml",
                       "/home/pete/wefwefwef/docs/other/2866486615/repo/parallel/.xml/nsime/nsime_icmpv4_header.xml",
                       "/home/pete/wefwefwef/docs/other/2866486615/repo/parallel/.xml/nsime/nsime_ipv4_list_routing.xml",
                       "/home/pete/wefwefwef/docs/other/2866486615/repo/parallel/.xml/nsime/nsime_gbtrees_scheduler.xml",
                       "/home/pete/wefwefwef/docs/other/2866486615/repo/parallel/.xml/nsime/nsime_ip_endpoint.xml",
                       "/home/pete/wefwefwef/docs/other/2866486615/repo/parallel/.xml/nsime/nsime_ip_endpoint_demux.xml",
                       "/home/pete/wefwefwef/docs/other/2866486615/repo/parallel/.xml/nsime/nsime_config.xml"]
Generating HTML - nsime_udp_protocol "/home/pete/wefwefwef/docs/other/2866486615/repo/parallel/.xml/nsime/nsime_udp_protocol.xml"
Generating HTML - nsime_layer4_protocol "/home/pete/wefwefwef/docs/other/2866486615/repo/parallel/.xml/nsime/nsime_layer4_protocol.xml"
Generating HTML - nsime_data_rate "/home/pete/wefwefwef/docs/other/2866486615/repo/parallel/.xml/nsime/nsime_data_rate.xml"
Generating HTML - nsime_config "/home/pete/wefwefwef/docs/other/2866486615/repo/parallel/.xml/nsime/nsime_config.xml"
Reading XML for "/home/pete/wefwefwef/docs/other/2866486615/repo/parallel/.xml/nsime/nsime_udp_protocol.xml"
Reading XML for "/home/pete/wefwefwef/docs/other/2866486615/repo/parallel/.xml/nsime/nsime_layer4_protocol.xml"
Reading XML for "/home/pete/wefwefwef/docs/other/2866486615/repo/parallel/.xml/nsime/nsime_data_rate.xml"
Reading XML for "/home/pete/wefwefwef/docs/other/2866486615/repo/parallel/.xml/nsime/nsime_config.xml"
Reading XML for "/home/pete/wefwefwef/docs/other/2866486615/repo/parallel/.xml/specs_nsime_udp_protocol.xml"
Reading XML for "/home/pete/wefwefwef/docs/other/2866486615/repo/parallel/.xml/specs_nsime_layer4_protocol.xml"
Reading XML for "/home/pete/wefwefwef/docs/other/2866486615/repo/parallel/.xml/specs_nsime_data_rate.xml"
Generating HTML - nsime_ipv4_routing_table_entry "/home/pete/wefwefwef/docs/other/2866486615/repo/parallel/.xml/nsime/nsime_ipv4_routing_table_entry.xml"
Reading XML for "/home/pete/wefwefwef/docs/other/2866486615/repo/parallel/.xml/nsime/nsime_ipv4_routing_table_entry.xml"
Generating HTML - nsime_ipv4_address_helper "/home/pete/wefwefwef/docs/other/2866486615/repo/parallel/.xml/nsime/nsime_ipv4_address_helper.xml"
Reading XML for "/home/pete/wefwefwef/docs/other/2866486615/repo/parallel/.xml/nsime/nsime_ipv4_address_helper.xml"
Reading XML for "/home/pete/wefwefwef/docs/other/2866486615/repo/parallel/.xml/specs_nsime_config.xml"
Generating HTML - nsime_ipv4_routing_protocol "/home/pete/wefwefwef/docs/other/2866486615/repo/parallel/.xml/nsime/nsime_ipv4_routing_protocol.xml"
Reading XML for "/home/pete/wefwefwef/docs/other/2866486615/repo/parallel/.xml/nsime/nsime_ipv4_routing_protocol.xml"
Generating HTML - nsime_ip_endpoint_demux "/home/pete/wefwefwef/docs/other/2866486615/repo/parallel/.xml/nsime/nsime_ip_endpoint_demux.xml"
Reading XML for "/home/pete/wefwefwef/docs/other/2866486615/repo/parallel/.xml/nsime/nsime_ip_endpoint_demux.xml"
Reading XML for "/home/pete/wefwefwef/docs/other/2866486615/repo/parallel/.xml/specs_nsime_ipv4_address_helper.xml"
Reading XML for "/home/pete/wefwefwef/docs/other/2866486615/repo/parallel/.xml/specs_nsime_ipv4_routing_table_entry.xml"
Generating HTML - nsime_time "/home/pete/wefwefwef/docs/other/2866486615/repo/parallel/.xml/nsime/nsime_time.xml"
Reading XML for "/home/pete/wefwefwef/docs/other/2866486615/repo/parallel/.xml/specs_nsime_ipv4_routing_protocol.xml"
Reading XML for "/home/pete/wefwefwef/docs/other/2866486615/repo/parallel/.xml/nsime/nsime_time.xml"
Reading XML for "/home/pete/wefwefwef/docs/other/2866486615/repo/parallel/.xml/specs_nsime_ip_endpoint_demux.xml"
Generating HTML - nsime_droptail_queue "/home/pete/wefwefwef/docs/other/2866486615/repo/parallel/.xml/nsime/nsime_droptail_queue.xml"
Reading XML for "/home/pete/wefwefwef/docs/other/2866486615/repo/parallel/.xml/nsime/nsime_droptail_queue.xml"
Generating HTML - nsime_ipv4_mask "/home/pete/wefwefwef/docs/other/2866486615/repo/parallel/.xml/nsime/nsime_ipv4_mask.xml"
Reading XML for "/home/pete/wefwefwef/docs/other/2866486615/repo/parallel/.xml/nsime/nsime_ipv4_mask.xml"
Generating HTML - nsime_ip_endpoint "/home/pete/wefwefwef/docs/other/2866486615/repo/parallel/.xml/nsime/nsime_ip_endpoint.xml"
Reading XML for "/home/pete/wefwefwef/docs/other/2866486615/repo/parallel/.xml/nsime/nsime_ip_endpoint.xml"
Reading XML for "/home/pete/wefwefwef/docs/other/2866486615/repo/parallel/.xml/specs_nsime_time.xml"
Generating HTML - nsime_ipv4_interface "/home/pete/wefwefwef/docs/other/2866486615/repo/parallel/.xml/nsime/nsime_ipv4_interface.xml"
Reading XML for "/home/pete/wefwefwef/docs/other/2866486615/repo/parallel/.xml/nsime/nsime_ipv4_interface.xml"
Reading XML for "/home/pete/wefwefwef/docs/other/2866486615/repo/parallel/.xml/specs_nsime_ipv4_mask.xml"
Reading XML for "/home/pete/wefwefwef/docs/other/2866486615/repo/parallel/.xml/specs_nsime_droptail_queue.xml"
Generating HTML - nsime_udp_socket "/home/pete/wefwefwef/docs/other/2866486615/repo/parallel/.xml/nsime/nsime_udp_socket.xml"
Reading XML for "/home/pete/wefwefwef/docs/other/2866486615/repo/parallel/.xml/nsime/nsime_udp_socket.xml"
Generating HTML - nsime_mac_address "/home/pete/wefwefwef/docs/other/2866486615/repo/parallel/.xml/nsime/nsime_mac_address.xml"
Reading XML for "/home/pete/wefwefwef/docs/other/2866486615/repo/parallel/.xml/nsime/nsime_mac_address.xml"
Reading XML for "/home/pete/wefwefwef/docs/other/2866486615/repo/parallel/.xml/specs_nsime_ip_endpoint.xml"
Generating HTML - nsime_gbtrees_scheduler "/home/pete/wefwefwef/docs/other/2866486615/repo/parallel/.xml/nsime/nsime_gbtrees_scheduler.xml"
Reading XML for "/home/pete/wefwefwef/docs/other/2866486615/repo/parallel/.xml/nsime/nsime_gbtrees_scheduler.xml"
Reading XML for "/home/pete/wefwefwef/docs/other/2866486615/repo/parallel/.xml/specs_nsime_ipv4_interface.xml"
Reading XML for "/home/pete/wefwefwef/docs/other/2866486615/repo/parallel/.xml/specs_nsime_udp_socket.xml"
Reading XML for "/home/pete/wefwefwef/docs/other/2866486615/repo/parallel/.xml/specs_nsime_mac_address.xml"
Generating HTML - nsime_ptp_channel "/home/pete/wefwefwef/docs/other/2866486615/repo/parallel/.xml/nsime/nsime_ptp_channel.xml"
Reading XML for "/home/pete/wefwefwef/docs/other/2866486615/repo/parallel/.xml/nsime/nsime_ptp_channel.xml"
Generating HTML - nsime_ipv4_protocol "/home/pete/wefwefwef/docs/other/2866486615/repo/parallel/.xml/nsime/nsime_ipv4_protocol.xml"
Reading XML for "/home/pete/wefwefwef/docs/other/2866486615/repo/parallel/.xml/nsime/nsime_ipv4_protocol.xml"
Generating HTML - nsime_ipv4_static_routing "/home/pete/wefwefwef/docs/other/2866486615/repo/parallel/.xml/nsime/nsime_ipv4_static_routing.xml"
Reading XML for "/home/pete/wefwefwef/docs/other/2866486615/repo/parallel/.xml/nsime/nsime_ipv4_static_routing.xml"
Reading XML for "/home/pete/wefwefwef/docs/other/2866486615/repo/parallel/.xml/specs_nsime_gbtrees_scheduler.xml"
Generating HTML - nsime_ipv4_list_routing "/home/pete/wefwefwef/docs/other/2866486615/repo/parallel/.xml/nsime/nsime_ipv4_list_routing.xml"
Reading XML for "/home/pete/wefwefwef/docs/other/2866486615/repo/parallel/.xml/nsime/nsime_ipv4_list_routing.xml"
Reading XML for "/home/pete/wefwefwef/docs/other/2866486615/repo/parallel/.xml/specs_nsime_ptp_channel.xml"
Generating HTML - nsime_ipv4_address "/home/pete/wefwefwef/docs/other/2866486615/repo/parallel/.xml/nsime/nsime_ipv4_address.xml"
Reading XML for "/home/pete/wefwefwef/docs/other/2866486615/repo/parallel/.xml/nsime/nsime_ipv4_address.xml"
Reading XML for "/home/pete/wefwefwef/docs/other/2866486615/repo/parallel/.xml/specs_nsime_ipv4_protocol.xml"
Reading XML for "/home/pete/wefwefwef/docs/other/2866486615/repo/parallel/.xml/specs_nsime_ipv4_static_routing.xml"
Generating HTML - plists "/home/pete/wefwefwef/docs/other/2866486615/repo/parallel/.xml/nsime/plists.xml"
Reading XML for "/home/pete/wefwefwef/docs/other/2866486615/repo/parallel/.xml/nsime/plists.xml"
Generating HTML - nsime_icmpv4_dest_unreachable_header "/home/pete/wefwefwef/docs/other/2866486615/repo/parallel/.xml/nsime/nsime_icmpv4_dest_unreachable_header.xml"
Reading XML for "/home/pete/wefwefwef/docs/other/2866486615/repo/parallel/.xml/nsime/nsime_icmpv4_dest_unreachable_header.xml"
Reading XML for "/home/pete/wefwefwef/docs/other/2866486615/repo/parallel/.xml/specs_nsime_ipv4_list_routing.xml"
Reading XML for "/home/pete/wefwefwef/docs/other/2866486615/repo/parallel/.xml/specs_nsime_ipv4_address.xml"
Generating HTML - nsime_node "/home/pete/wefwefwef/docs/other/2866486615/repo/parallel/.xml/nsime/nsime_node.xml"
Generating HTML - nsime_icmpv4_header "/home/pete/wefwefwef/docs/other/2866486615/repo/parallel/.xml/nsime/nsime_icmpv4_header.xml"
Reading XML for "/home/pete/wefwefwef/docs/other/2866486615/repo/parallel/.xml/nsime/nsime_node.xml"
Reading XML for "/home/pete/wefwefwef/docs/other/2866486615/repo/parallel/.xml/nsime/nsime_icmpv4_header.xml"
Reading XML for "/home/pete/wefwefwef/docs/other/2866486615/repo/parallel/.xml/specs_nsime_icmpv4_dest_unreachable_header.xml"
Generating HTML - nsime_ptp_helper "/home/pete/wefwefwef/docs/other/2866486615/repo/parallel/.xml/nsime/nsime_ptp_helper.xml"
Reading XML for "/home/pete/wefwefwef/docs/other/2866486615/repo/parallel/.xml/nsime/nsime_ptp_helper.xml"
Reading XML for "/home/pete/wefwefwef/docs/other/2866486615/repo/parallel/.xml/specs_plists.xml"
Reading XML for "/home/pete/wefwefwef/docs/other/2866486615/repo/parallel/.xml/specs_nsime_node.xml"
Reading XML for "/home/pete/wefwefwef/docs/other/2866486615/repo/parallel/.xml/specs_nsime_icmpv4_header.xml"
Generating HTML - nsime_node_list "/home/pete/wefwefwef/docs/other/2866486615/repo/parallel/.xml/nsime/nsime_node_list.xml"
Reading XML for "/home/pete/wefwefwef/docs/other/2866486615/repo/parallel/.xml/nsime/nsime_node_list.xml"
Generating HTML - nsime_udp_echo_client "/home/pete/wefwefwef/docs/other/2866486615/repo/parallel/.xml/nsime/nsime_udp_echo_client.xml"
Reading XML for "/home/pete/wefwefwef/docs/other/2866486615/repo/parallel/.xml/nsime/nsime_udp_echo_client.xml"
Generating HTML - nsime_simulator "/home/pete/wefwefwef/docs/other/2866486615/repo/parallel/.xml/nsime/nsime_simulator.xml"
Reading XML for "/home/pete/wefwefwef/docs/other/2866486615/repo/parallel/.xml/nsime/nsime_simulator.xml"
Reading XML for "/home/pete/wefwefwef/docs/other/2866486615/repo/parallel/.xml/specs_nsime_ptp_helper.xml"
Generating HTML - nsime_icmpv4_time_exceeded_header "/home/pete/wefwefwef/docs/other/2866486615/repo/parallel/.xml/nsime/nsime_icmpv4_time_exceeded_header.xml"
Reading XML for "/home/pete/wefwefwef/docs/other/2866486615/repo/parallel/.xml/nsime/nsime_icmpv4_time_exceeded_header.xml"
Reading XML for "/home/pete/wefwefwef/docs/other/2866486615/repo/parallel/.xml/specs_nsime_node_list.xml"
Reading XML for "/home/pete/wefwefwef/docs/other/2866486615/repo/parallel/.xml/specs_nsime_udp_echo_client.xml"
Generating HTML - nsime_internet_stack_helper "/home/pete/wefwefwef/docs/other/2866486615/repo/parallel/.xml/nsime/nsime_internet_stack_helper.xml"
Reading XML for "/home/pete/wefwefwef/docs/other/2866486615/repo/parallel/.xml/nsime/nsime_internet_stack_helper.xml"
Reading XML for "/home/pete/wefwefwef/docs/other/2866486615/repo/parallel/.xml/specs_nsime_simulator.xml"
Generating HTML - nsime_application "/home/pete/wefwefwef/docs/other/2866486615/repo/parallel/.xml/nsime/nsime_application.xml"
Reading XML for "/home/pete/wefwefwef/docs/other/2866486615/repo/parallel/.xml/nsime/nsime_application.xml"
Generating HTML - nsime_netdevice "/home/pete/wefwefwef/docs/other/2866486615/repo/parallel/.xml/nsime/nsime_netdevice.xml"
Reading XML for "/home/pete/wefwefwef/docs/other/2866486615/repo/parallel/.xml/nsime/nsime_netdevice.xml"
Reading XML for "/home/pete/wefwefwef/docs/other/2866486615/repo/parallel/.xml/specs_nsime_icmpv4_time_exceeded_header.xml"
Reading XML for "/home/pete/wefwefwef/docs/other/2866486615/repo/parallel/.xml/specs_nsime_internet_stack_helper.xml"
Generating HTML - nsime_udp_echo_server "/home/pete/wefwefwef/docs/other/2866486615/repo/parallel/.xml/nsime/nsime_udp_echo_server.xml"
Generating HTML - nsime_udp_header "/home/pete/wefwefwef/docs/other/2866486615/repo/parallel/.xml/nsime/nsime_udp_header.xml"
Reading XML for "/home/pete/wefwefwef/docs/other/2866486615/repo/parallel/.xml/nsime/nsime_udp_echo_server.xml"
Reading XML for "/home/pete/wefwefwef/docs/other/2866486615/repo/parallel/.xml/nsime/nsime_udp_header.xml"
Reading XML for "/home/pete/wefwefwef/docs/other/2866486615/repo/parallel/.xml/specs_nsime_application.xml"
Generating HTML - nsime_icmpv4_echo_header "/home/pete/wefwefwef/docs/other/2866486615/repo/parallel/.xml/nsime/nsime_icmpv4_echo_header.xml"
Reading XML for "/home/pete/wefwefwef/docs/other/2866486615/repo/parallel/.xml/nsime/nsime_icmpv4_echo_header.xml"
Reading XML for "/home/pete/wefwefwef/docs/other/2866486615/repo/parallel/.xml/specs_nsime_netdevice.xml"
Generating HTML - nsime_icmpv4_protocol "/home/pete/wefwefwef/docs/other/2866486615/repo/parallel/.xml/nsime/nsime_icmpv4_protocol.xml"
Reading XML for "/home/pete/wefwefwef/docs/other/2866486615/repo/parallel/.xml/nsime/nsime_icmpv4_protocol.xml"
Reading XML for "/home/pete/wefwefwef/docs/other/2866486615/repo/parallel/.xml/specs_nsime_udp_echo_server.xml"
Reading XML for "/home/pete/wefwefwef/docs/other/2866486615/repo/parallel/.xml/specs_nsime_udp_header.xml"
Generating HTML - nsime_ipv4_interface_address "/home/pete/wefwefwef/docs/other/2866486615/repo/parallel/.xml/nsime/nsime_ipv4_interface_address.xml"
Reading XML for "/home/pete/wefwefwef/docs/other/2866486615/repo/parallel/.xml/nsime/nsime_ipv4_interface_address.xml"
Generating HTML - nsime_channel_list "/home/pete/wefwefwef/docs/other/2866486615/repo/parallel/.xml/nsime/nsime_channel_list.xml"
Reading XML for "/home/pete/wefwefwef/docs/other/2866486615/repo/parallel/.xml/nsime/nsime_channel_list.xml"
Reading XML for "/home/pete/wefwefwef/docs/other/2866486615/repo/parallel/.xml/specs_nsime_icmpv4_echo_header.xml"
Reading XML for "/home/pete/wefwefwef/docs/other/2866486615/repo/parallel/.xml/specs_nsime_icmpv4_protocol.xml"
Reading XML for "/home/pete/wefwefwef/docs/other/2866486615/repo/parallel/.xml/specs_nsime_channel_list.xml"
Generating HTML - nsime_ipv4_header "/home/pete/wefwefwef/docs/other/2866486615/repo/parallel/.xml/nsime/nsime_ipv4_header.xml"
Reading XML for "/home/pete/wefwefwef/docs/other/2866486615/repo/parallel/.xml/nsime/nsime_ipv4_header.xml"
Reading XML for "/home/pete/wefwefwef/docs/other/2866486615/repo/parallel/.xml/specs_nsime_ipv4_interface_address.xml"
Generating HTML - nsime_callback "/home/pete/wefwefwef/docs/other/2866486615/repo/parallel/.xml/nsime/nsime_callback.xml"
Reading XML for "/home/pete/wefwefwef/docs/other/2866486615/repo/parallel/.xml/nsime/nsime_callback.xml"
Reading XML for "/home/pete/wefwefwef/docs/other/2866486615/repo/parallel/.xml/specs_nsime_ipv4_header.xml"
Reading XML for "/home/pete/wefwefwef/docs/other/2866486615/repo/parallel/.xml/specs_nsime_callback.xml"
Generating HTML - nsime_ptp_netdevice "/home/pete/wefwefwef/docs/other/2866486615/repo/parallel/.xml/nsime/nsime_ptp_netdevice.xml"
Reading XML for "/home/pete/wefwefwef/docs/other/2866486615/repo/parallel/.xml/nsime/nsime_ptp_netdevice.xml"
Reading XML for "/home/pete/wefwefwef/docs/other/2866486615/repo/parallel/.xml/specs_nsime_ptp_netdevice.xml"
Creating index.html ...
Creating erldocs_index.js ...
Woot, finished in 0 Minutes 5 Seconds
 :: Discovering other repos
$ 5000  `rm -r '/home/pete/wefwefwef/docs/other/2866486615/nsime-branch-parallel'  2>&1`
 :: Processing https://github.com/avras/nsime	{rev,branch,"udp_prot","2b0fc40593b3cd8b9aca76ffcff46a6a52a8eab5"}
 :: Fetching repo code
$ cd "/home/pete/wefwefwef/docs/other/2866486615/nsime-branch-udp_prot/nsime"
$ infinity  `curl --fail --silent --show-error --location --output 'udp_prot.zip' 'https://github.com/avras/nsime/archive/udp_prot.zip'  2>&1`
$ cd "/home/pete/wefwefwef/docs/erldocs_other.git"
$ cd "/home/pete/wefwefwef/docs/other/2866486615/nsime-branch-udp_prot/nsime"
$ 5000  `find -P . -type l -delete  2>&1`
$ cd "/home/pete/wefwefwef/docs/erldocs_other.git"
$ cd "/home/pete/wefwefwef/docs/other/2866486615/nsime-branch-udp_prot/nsime"
$ 5000  `find 'nsime-udp_prot' -mindepth 1 -maxdepth 1 -exec mv -t . -- {} +  2>&1`
$ cd "/home/pete/wefwefwef/docs/erldocs_other.git"
 :: Getting dependencies
$ cd "/home/pete/wefwefwef/docs/other/2866486615/nsime-branch-udp_prot/nsime"
$ 5000  `ls -1 deps/  2>&1`
$ cd "/home/pete/wefwefwef/docs/erldocs_other.git"
>>> [rebar] deps = []
 :: Generating erldocs into /home/pete/wefwefwef/docs/other/2866486615/repo/udp_prot
Building nsime
Generating Type Specs - "/home/pete/wefwefwef/docs/other/2866486615/nsime-branch-udp_prot/nsime/src/nsime_application.erl"
Generating Type Specs - "/home/pete/wefwefwef/docs/other/2866486615/nsime-branch-udp_prot/nsime/src/nsime_config.erl"
Generating Type Specs - "/home/pete/wefwefwef/docs/other/2866486615/nsime-branch-udp_prot/nsime/src/nsime_data_rate.erl"
Generating Type Specs - "/home/pete/wefwefwef/docs/other/2866486615/nsime-branch-udp_prot/nsime/src/nsime_droptail_queue.erl"
Generating Type Specs - "/home/pete/wefwefwef/docs/other/2866486615/nsime-branch-udp_prot/nsime/src/nsime_gbtrees_scheduler.erl"
Generating Type Specs - "/home/pete/wefwefwef/docs/other/2866486615/nsime-branch-udp_prot/nsime/src/nsime_icmpv4_dest_unreachable_header.erl"
Generating Type Specs - "/home/pete/wefwefwef/docs/other/2866486615/nsime-branch-udp_prot/nsime/src/nsime_icmpv4_echo_header.erl"
Generating Type Specs - "/home/pete/wefwefwef/docs/other/2866486615/nsime-branch-udp_prot/nsime/src/nsime_icmpv4_header.erl"
Generating Type Specs - "/home/pete/wefwefwef/docs/other/2866486615/nsime-branch-udp_prot/nsime/src/nsime_icmpv4_protocol.erl"
Generating Type Specs - "/home/pete/wefwefwef/docs/other/2866486615/nsime-branch-udp_prot/nsime/src/nsime_icmpv4_time_exceeded_header.erl"
Generating Type Specs - "/home/pete/wefwefwef/docs/other/2866486615/nsime-branch-udp_prot/nsime/src/nsime_ip_endpoint.erl"
Generating Type Specs - "/home/pete/wefwefwef/docs/other/2866486615/nsime-branch-udp_prot/nsime/src/nsime_ip_endpoint_demux.erl"
Generating Type Specs - "/home/pete/wefwefwef/docs/other/2866486615/nsime-branch-udp_prot/nsime/src/nsime_ipv4_address.erl"
Generating Type Specs - "/home/pete/wefwefwef/docs/other/2866486615/nsime-branch-udp_prot/nsime/src/nsime_ipv4_header.erl"
Generating Type Specs - "/home/pete/wefwefwef/docs/other/2866486615/nsime-branch-udp_prot/nsime/src/nsime_ipv4_interface.erl"
Generating Type Specs - "/home/pete/wefwefwef/docs/other/2866486615/nsime-branch-udp_prot/nsime/src/nsime_ipv4_interface_address.erl"
Generating Type Specs - "/home/pete/wefwefwef/docs/other/2866486615/nsime-branch-udp_prot/nsime/src/nsime_ipv4_list_routing.erl"
Generating Type Specs - "/home/pete/wefwefwef/docs/other/2866486615/nsime-branch-udp_prot/nsime/src/nsime_ipv4_mask.erl"
Generating Type Specs - "/home/pete/wefwefwef/docs/other/2866486615/nsime-branch-udp_prot/nsime/src/nsime_ipv4_protocol.erl"
Generating Type Specs - "/home/pete/wefwefwef/docs/other/2866486615/nsime-branch-udp_prot/nsime/src/nsime_ipv4_routing_protocol.erl"
Generating Type Specs - "/home/pete/wefwefwef/docs/other/2866486615/nsime-branch-udp_prot/nsime/src/nsime_ipv4_routing_table_entry.erl"
Generating Type Specs - "/home/pete/wefwefwef/docs/other/2866486615/nsime-branch-udp_prot/nsime/src/nsime_ipv4_static_routing.erl"
Generating Type Specs - "/home/pete/wefwefwef/docs/other/2866486615/nsime-branch-udp_prot/nsime/src/nsime_netdevice.erl"
Generating Type Specs - "/home/pete/wefwefwef/docs/other/2866486615/nsime-branch-udp_prot/nsime/src/nsime_node.erl"
Generating Type Specs - "/home/pete/wefwefwef/docs/other/2866486615/nsime-branch-udp_prot/nsime/src/nsime_node_list.erl"
Generating Type Specs - "/home/pete/wefwefwef/docs/other/2866486615/nsime-branch-udp_prot/nsime/src/nsime_ptp_channel.erl"
Generating Type Specs - "/home/pete/wefwefwef/docs/other/2866486615/nsime-branch-udp_prot/nsime/src/nsime_ptp_netdevice.erl"
Generating Type Specs - "/home/pete/wefwefwef/docs/other/2866486615/nsime-branch-udp_prot/nsime/src/nsime_simulator.erl"
Generating Type Specs - "/home/pete/wefwefwef/docs/other/2866486615/nsime-branch-udp_prot/nsime/src/nsime_time.erl"
Generating Type Specs - "/home/pete/wefwefwef/docs/other/2866486615/nsime-branch-udp_prot/nsime/src/nsime_udp_echo_client.erl"
Generating Type Specs - "/home/pete/wefwefwef/docs/other/2866486615/nsime-branch-udp_prot/nsime/src/nsime_udp_echo_server.erl"
Generating Type Specs - "/home/pete/wefwefwef/docs/other/2866486615/nsime-branch-udp_prot/nsime/src/nsime_udp_header.erl"
Generating Type Specs - "/home/pete/wefwefwef/docs/other/2866486615/nsime-branch-udp_prot/nsime/src/nsime_udp_protocol.erl"
Generating Type Specs - "/home/pete/wefwefwef/docs/other/2866486615/nsime-branch-udp_prot/nsime/src/nsime_udp_socket.erl"
Generating XML for application nsime "/home/pete/wefwefwef/docs/other/2866486615/nsime-branch-udp_prot/nsime" -> "/home/pete/wefwefwef/docs/other/2866486615/repo/udp_prot/.xml/nsime"
Generated nsime XMLs: ["/home/pete/wefwefwef/docs/other/2866486615/repo/udp_prot/.xml/nsime/nsime_ipv4_header.xml",
                       "/home/pete/wefwefwef/docs/other/2866486615/repo/udp_prot/.xml/nsime/nsime_icmpv4_protocol.xml",
                       "/home/pete/wefwefwef/docs/other/2866486615/repo/udp_prot/.xml/nsime/nsime_netdevice.xml",
                       "/home/pete/wefwefwef/docs/other/2866486615/repo/udp_prot/.xml/nsime/nsime_simulator.xml",
                       "/home/pete/wefwefwef/docs/other/2866486615/repo/udp_prot/.xml/nsime/nsime_ipv4_static_routing.xml",
                       "/home/pete/wefwefwef/docs/other/2866486615/repo/udp_prot/.xml/nsime/nsime_udp_socket.xml",
                       "/home/pete/wefwefwef/docs/other/2866486615/repo/udp_prot/.xml/nsime/nsime_ipv4_mask.xml",
                       "/home/pete/wefwefwef/docs/other/2866486615/repo/udp_prot/.xml/nsime/nsime_ipv4_routing_protocol.xml",
                       "/home/pete/wefwefwef/docs/other/2866486615/repo/udp_prot/.xml/nsime/nsime_udp_protocol.xml",
                       "/home/pete/wefwefwef/docs/other/2866486615/repo/udp_prot/.xml/nsime/nsime_udp_echo_server.xml",
                       "/home/pete/wefwefwef/docs/other/2866486615/repo/udp_prot/.xml/nsime/nsime_icmpv4_time_exceeded_header.xml",
                       "/home/pete/wefwefwef/docs/other/2866486615/repo/udp_prot/.xml/nsime/nsime_icmpv4_dest_unreachable_header.xml",
                       "/home/pete/wefwefwef/docs/other/2866486615/repo/udp_prot/.xml/nsime/nsime_ipv4_protocol.xml",
                       "/home/pete/wefwefwef/docs/other/2866486615/repo/udp_prot/.xml/nsime/nsime_droptail_queue.xml",
                       "/home/pete/wefwefwef/docs/other/2866486615/repo/udp_prot/.xml/nsime/nsime_ipv4_routing_table_entry.xml",
                       "/home/pete/wefwefwef/docs/other/2866486615/repo/udp_prot/.xml/nsime/nsime_icmpv4_echo_header.xml",
                       "/home/pete/wefwefwef/docs/other/2866486615/repo/udp_prot/.xml/nsime/nsime_application.xml",
                       "/home/pete/wefwefwef/docs/other/2866486615/repo/udp_prot/.xml/nsime/nsime_udp_echo_client.xml",
                       "/home/pete/wefwefwef/docs/other/2866486615/repo/udp_prot/.xml/nsime/nsime_node.xml",
                       "/home/pete/wefwefwef/docs/other/2866486615/repo/udp_prot/.xml/nsime/nsime_ipv4_address.xml",
                       "/home/pete/wefwefwef/docs/other/2866486615/repo/udp_prot/.xml/nsime/nsime_ptp_channel.xml",
                       "/home/pete/wefwefwef/docs/other/2866486615/repo/udp_prot/.xml/nsime/nsime_ipv4_interface.xml",
                       "/home/pete/wefwefwef/docs/other/2866486615/repo/udp_prot/.xml/nsime/nsime_time.xml",
                       "/home/pete/wefwefwef/docs/other/2866486615/repo/udp_prot/.xml/nsime/nsime_data_rate.xml",
                       "/home/pete/wefwefwef/docs/other/2866486615/repo/udp_prot/.xml/nsime/nsime_ptp_netdevice.xml",
                       "/home/pete/wefwefwef/docs/other/2866486615/repo/udp_prot/.xml/nsime/nsime_ipv4_interface_address.xml",
                       "/home/pete/wefwefwef/docs/other/2866486615/repo/udp_prot/.xml/nsime/nsime_udp_header.xml",
                       "/home/pete/wefwefwef/docs/other/2866486615/repo/udp_prot/.xml/nsime/nsime_node_list.xml",
                       "/home/pete/wefwefwef/docs/other/2866486615/repo/udp_prot/.xml/nsime/nsime_icmpv4_header.xml",
                       "/home/pete/wefwefwef/docs/other/2866486615/repo/udp_prot/.xml/nsime/nsime_ipv4_list_routing.xml",
                       "/home/pete/wefwefwef/docs/other/2866486615/repo/udp_prot/.xml/nsime/nsime_gbtrees_scheduler.xml",
                       "/home/pete/wefwefwef/docs/other/2866486615/repo/udp_prot/.xml/nsime/nsime_ip_endpoint.xml",
                       "/home/pete/wefwefwef/docs/other/2866486615/repo/udp_prot/.xml/nsime/nsime_ip_endpoint_demux.xml",
                       "/home/pete/wefwefwef/docs/other/2866486615/repo/udp_prot/.xml/nsime/nsime_config.xml"]
Generating HTML - nsime_ipv4_routing_protocol "/home/pete/wefwefwef/docs/other/2866486615/repo/udp_prot/.xml/nsime/nsime_ipv4_routing_protocol.xml"
Generating HTML - nsime_icmpv4_echo_header "/home/pete/wefwefwef/docs/other/2866486615/repo/udp_prot/.xml/nsime/nsime_icmpv4_echo_header.xml"
Generating HTML - nsime_data_rate "/home/pete/wefwefwef/docs/other/2866486615/repo/udp_prot/.xml/nsime/nsime_data_rate.xml"
Generating HTML - nsime_config "/home/pete/wefwefwef/docs/other/2866486615/repo/udp_prot/.xml/nsime/nsime_config.xml"
Reading XML for "/home/pete/wefwefwef/docs/other/2866486615/repo/udp_prot/.xml/nsime/nsime_ipv4_routing_protocol.xml"
Reading XML for "/home/pete/wefwefwef/docs/other/2866486615/repo/udp_prot/.xml/nsime/nsime_icmpv4_echo_header.xml"
Reading XML for "/home/pete/wefwefwef/docs/other/2866486615/repo/udp_prot/.xml/nsime/nsime_data_rate.xml"
Reading XML for "/home/pete/wefwefwef/docs/other/2866486615/repo/udp_prot/.xml/nsime/nsime_config.xml"
Reading XML for "/home/pete/wefwefwef/docs/other/2866486615/repo/udp_prot/.xml/specs_nsime_data_rate.xml"
Reading XML for "/home/pete/wefwefwef/docs/other/2866486615/repo/udp_prot/.xml/specs_nsime_ipv4_routing_protocol.xml"
Reading XML for "/home/pete/wefwefwef/docs/other/2866486615/repo/udp_prot/.xml/specs_nsime_icmpv4_echo_header.xml"
Reading XML for "/home/pete/wefwefwef/docs/other/2866486615/repo/udp_prot/.xml/specs_nsime_config.xml"
Generating HTML - nsime_time "/home/pete/wefwefwef/docs/other/2866486615/repo/udp_prot/.xml/nsime/nsime_time.xml"
Reading XML for "/home/pete/wefwefwef/docs/other/2866486615/repo/udp_prot/.xml/nsime/nsime_time.xml"
Generating HTML - nsime_ipv4_mask "/home/pete/wefwefwef/docs/other/2866486615/repo/udp_prot/.xml/nsime/nsime_ipv4_mask.xml"
Reading XML for "/home/pete/wefwefwef/docs/other/2866486615/repo/udp_prot/.xml/nsime/nsime_ipv4_mask.xml"
Generating HTML - nsime_ipv4_routing_table_entry "/home/pete/wefwefwef/docs/other/2866486615/repo/udp_prot/.xml/nsime/nsime_ipv4_routing_table_entry.xml"
Reading XML for "/home/pete/wefwefwef/docs/other/2866486615/repo/udp_prot/.xml/nsime/nsime_ipv4_routing_table_entry.xml"
Generating HTML - nsime_ip_endpoint_demux "/home/pete/wefwefwef/docs/other/2866486615/repo/udp_prot/.xml/nsime/nsime_ip_endpoint_demux.xml"
Reading XML for "/home/pete/wefwefwef/docs/other/2866486615/repo/udp_prot/.xml/nsime/nsime_ip_endpoint_demux.xml"
Reading XML for "/home/pete/wefwefwef/docs/other/2866486615/repo/udp_prot/.xml/specs_nsime_time.xml"
Generating HTML - nsime_ipv4_interface "/home/pete/wefwefwef/docs/other/2866486615/repo/udp_prot/.xml/nsime/nsime_ipv4_interface.xml"
Reading XML for "/home/pete/wefwefwef/docs/other/2866486615/repo/udp_prot/.xml/specs_nsime_ipv4_routing_table_entry.xml"
Reading XML for "/home/pete/wefwefwef/docs/other/2866486615/repo/udp_prot/.xml/nsime/nsime_ipv4_interface.xml"
Reading XML for "/home/pete/wefwefwef/docs/other/2866486615/repo/udp_prot/.xml/specs_nsime_ipv4_mask.xml"
Generating HTML - nsime_droptail_queue "/home/pete/wefwefwef/docs/other/2866486615/repo/udp_prot/.xml/nsime/nsime_droptail_queue.xml"
Reading XML for "/home/pete/wefwefwef/docs/other/2866486615/repo/udp_prot/.xml/nsime/nsime_droptail_queue.xml"
Generating HTML - nsime_udp_socket "/home/pete/wefwefwef/docs/other/2866486615/repo/udp_prot/.xml/nsime/nsime_udp_socket.xml"
Reading XML for "/home/pete/wefwefwef/docs/other/2866486615/repo/udp_prot/.xml/nsime/nsime_udp_socket.xml"
Reading XML for "/home/pete/wefwefwef/docs/other/2866486615/repo/udp_prot/.xml/specs_nsime_ip_endpoint_demux.xml"
Generating HTML - nsime_ip_endpoint "/home/pete/wefwefwef/docs/other/2866486615/repo/udp_prot/.xml/nsime/nsime_ip_endpoint.xml"
Reading XML for "/home/pete/wefwefwef/docs/other/2866486615/repo/udp_prot/.xml/nsime/nsime_ip_endpoint.xml"
Reading XML for "/home/pete/wefwefwef/docs/other/2866486615/repo/udp_prot/.xml/specs_nsime_ipv4_interface.xml"
Reading XML for "/home/pete/wefwefwef/docs/other/2866486615/repo/udp_prot/.xml/specs_nsime_droptail_queue.xml"
Generating HTML - nsime_ptp_channel "/home/pete/wefwefwef/docs/other/2866486615/repo/udp_prot/.xml/nsime/nsime_ptp_channel.xml"
Reading XML for "/home/pete/wefwefwef/docs/other/2866486615/repo/udp_prot/.xml/nsime/nsime_ptp_channel.xml"
Generating HTML - nsime_ipv4_protocol "/home/pete/wefwefwef/docs/other/2866486615/repo/udp_prot/.xml/nsime/nsime_ipv4_protocol.xml"
Reading XML for "/home/pete/wefwefwef/docs/other/2866486615/repo/udp_prot/.xml/nsime/nsime_ipv4_protocol.xml"
Reading XML for "/home/pete/wefwefwef/docs/other/2866486615/repo/udp_prot/.xml/specs_nsime_udp_socket.xml"
Reading XML for "/home/pete/wefwefwef/docs/other/2866486615/repo/udp_prot/.xml/specs_nsime_ip_endpoint.xml"
Generating HTML - nsime_ipv4_static_routing "/home/pete/wefwefwef/docs/other/2866486615/repo/udp_prot/.xml/nsime/nsime_ipv4_static_routing.xml"
Reading XML for "/home/pete/wefwefwef/docs/other/2866486615/repo/udp_prot/.xml/nsime/nsime_ipv4_static_routing.xml"
Generating HTML - nsime_gbtrees_scheduler "/home/pete/wefwefwef/docs/other/2866486615/repo/udp_prot/.xml/nsime/nsime_gbtrees_scheduler.xml"
Reading XML for "/home/pete/wefwefwef/docs/other/2866486615/repo/udp_prot/.xml/nsime/nsime_gbtrees_scheduler.xml"
Reading XML for "/home/pete/wefwefwef/docs/other/2866486615/repo/udp_prot/.xml/specs_nsime_ptp_channel.xml"
Generating HTML - nsime_ipv4_address "/home/pete/wefwefwef/docs/other/2866486615/repo/udp_prot/.xml/nsime/nsime_ipv4_address.xml"
Reading XML for "/home/pete/wefwefwef/docs/other/2866486615/repo/udp_prot/.xml/nsime/nsime_ipv4_address.xml"
Reading XML for "/home/pete/wefwefwef/docs/other/2866486615/repo/udp_prot/.xml/specs_nsime_ipv4_protocol.xml"
Reading XML for "/home/pete/wefwefwef/docs/other/2866486615/repo/udp_prot/.xml/specs_nsime_ipv4_static_routing.xml"
Reading XML for "/home/pete/wefwefwef/docs/other/2866486615/repo/udp_prot/.xml/specs_nsime_gbtrees_scheduler.xml"
Generating HTML - nsime_ipv4_list_routing "/home/pete/wefwefwef/docs/other/2866486615/repo/udp_prot/.xml/nsime/nsime_ipv4_list_routing.xml"
Reading XML for "/home/pete/wefwefwef/docs/other/2866486615/repo/udp_prot/.xml/nsime/nsime_ipv4_list_routing.xml"
Generating HTML - nsime_simulator "/home/pete/wefwefwef/docs/other/2866486615/repo/udp_prot/.xml/nsime/nsime_simulator.xml"
Reading XML for "/home/pete/wefwefwef/docs/other/2866486615/repo/udp_prot/.xml/nsime/nsime_simulator.xml"
Generating HTML - nsime_icmpv4_dest_unreachable_header "/home/pete/wefwefwef/docs/other/2866486615/repo/udp_prot/.xml/nsime/nsime_icmpv4_dest_unreachable_header.xml"
Reading XML for "/home/pete/wefwefwef/docs/other/2866486615/repo/udp_prot/.xml/nsime/nsime_icmpv4_dest_unreachable_header.xml"
Reading XML for "/home/pete/wefwefwef/docs/other/2866486615/repo/udp_prot/.xml/specs_nsime_ipv4_address.xml"
Generating HTML - nsime_node "/home/pete/wefwefwef/docs/other/2866486615/repo/udp_prot/.xml/nsime/nsime_node.xml"
Reading XML for "/home/pete/wefwefwef/docs/other/2866486615/repo/udp_prot/.xml/nsime/nsime_node.xml"
Reading XML for "/home/pete/wefwefwef/docs/other/2866486615/repo/udp_prot/.xml/specs_nsime_ipv4_list_routing.xml"
Reading XML for "/home/pete/wefwefwef/docs/other/2866486615/repo/udp_prot/.xml/specs_nsime_simulator.xml"
Generating HTML - nsime_icmpv4_header "/home/pete/wefwefwef/docs/other/2866486615/repo/udp_prot/.xml/nsime/nsime_icmpv4_header.xml"
Reading XML for "/home/pete/wefwefwef/docs/other/2866486615/repo/udp_prot/.xml/nsime/nsime_icmpv4_header.xml"
Reading XML for "/home/pete/wefwefwef/docs/other/2866486615/repo/udp_prot/.xml/specs_nsime_icmpv4_dest_unreachable_header.xml"
Generating HTML - nsime_netdevice "/home/pete/wefwefwef/docs/other/2866486615/repo/udp_prot/.xml/nsime/nsime_netdevice.xml"
Reading XML for "/home/pete/wefwefwef/docs/other/2866486615/repo/udp_prot/.xml/nsime/nsime_netdevice.xml"
Generating HTML - nsime_icmpv4_time_exceeded_header "/home/pete/wefwefwef/docs/other/2866486615/repo/udp_prot/.xml/nsime/nsime_icmpv4_time_exceeded_header.xml"
Reading XML for "/home/pete/wefwefwef/docs/other/2866486615/repo/udp_prot/.xml/nsime/nsime_icmpv4_time_exceeded_header.xml"
Reading XML for "/home/pete/wefwefwef/docs/other/2866486615/repo/udp_prot/.xml/specs_nsime_node.xml"
Generating HTML - nsime_udp_echo_client "/home/pete/wefwefwef/docs/other/2866486615/repo/udp_prot/.xml/nsime/nsime_udp_echo_client.xml"
Reading XML for "/home/pete/wefwefwef/docs/other/2866486615/repo/udp_prot/.xml/nsime/nsime_udp_echo_client.xml"
Reading XML for "/home/pete/wefwefwef/docs/other/2866486615/repo/udp_prot/.xml/specs_nsime_icmpv4_header.xml"
Reading XML for "/home/pete/wefwefwef/docs/other/2866486615/repo/udp_prot/.xml/specs_nsime_icmpv4_time_exceeded_header.xml"
Generating HTML - nsime_node_list "/home/pete/wefwefwef/docs/other/2866486615/repo/udp_prot/.xml/nsime/nsime_node_list.xml"
Reading XML for "/home/pete/wefwefwef/docs/other/2866486615/repo/udp_prot/.xml/nsime/nsime_node_list.xml"
Generating HTML - nsime_udp_echo_server "/home/pete/wefwefwef/docs/other/2866486615/repo/udp_prot/.xml/nsime/nsime_udp_echo_server.xml"
Reading XML for "/home/pete/wefwefwef/docs/other/2866486615/repo/udp_prot/.xml/nsime/nsime_udp_echo_server.xml"
Reading XML for "/home/pete/wefwefwef/docs/other/2866486615/repo/udp_prot/.xml/specs_nsime_netdevice.xml"
Generating HTML - nsime_icmpv4_protocol "/home/pete/wefwefwef/docs/other/2866486615/repo/udp_prot/.xml/nsime/nsime_icmpv4_protocol.xml"
Reading XML for "/home/pete/wefwefwef/docs/other/2866486615/repo/udp_prot/.xml/nsime/nsime_icmpv4_protocol.xml"
Reading XML for "/home/pete/wefwefwef/docs/other/2866486615/repo/udp_prot/.xml/specs_nsime_udp_echo_client.xml"
Reading XML for "/home/pete/wefwefwef/docs/other/2866486615/repo/udp_prot/.xml/specs_nsime_node_list.xml"
Generating HTML - nsime_application "/home/pete/wefwefwef/docs/other/2866486615/repo/udp_prot/.xml/nsime/nsime_application.xml"
Reading XML for "/home/pete/wefwefwef/docs/other/2866486615/repo/udp_prot/.xml/nsime/nsime_application.xml"
Generating HTML - nsime_udp_header "/home/pete/wefwefwef/docs/other/2866486615/repo/udp_prot/.xml/nsime/nsime_udp_header.xml"
Reading XML for "/home/pete/wefwefwef/docs/other/2866486615/repo/udp_prot/.xml/nsime/nsime_udp_header.xml"
Reading XML for "/home/pete/wefwefwef/docs/other/2866486615/repo/udp_prot/.xml/specs_nsime_udp_echo_server.xml"
Generating HTML - nsime_udp_protocol "/home/pete/wefwefwef/docs/other/2866486615/repo/udp_prot/.xml/nsime/nsime_udp_protocol.xml"
Reading XML for "/home/pete/wefwefwef/docs/other/2866486615/repo/udp_prot/.xml/nsime/nsime_udp_protocol.xml"
Reading XML for "/home/pete/wefwefwef/docs/other/2866486615/repo/udp_prot/.xml/specs_nsime_icmpv4_protocol.xml"
Generating HTML - nsime_ipv4_header "/home/pete/wefwefwef/docs/other/2866486615/repo/udp_prot/.xml/nsime/nsime_ipv4_header.xml"
Reading XML for "/home/pete/wefwefwef/docs/other/2866486615/repo/udp_prot/.xml/nsime/nsime_ipv4_header.xml"
Reading XML for "/home/pete/wefwefwef/docs/other/2866486615/repo/udp_prot/.xml/specs_nsime_application.xml"
Reading XML for "/home/pete/wefwefwef/docs/other/2866486615/repo/udp_prot/.xml/specs_nsime_udp_header.xml"
Generating HTML - nsime_ipv4_interface_address "/home/pete/wefwefwef/docs/other/2866486615/repo/udp_prot/.xml/nsime/nsime_ipv4_interface_address.xml"
Reading XML for "/home/pete/wefwefwef/docs/other/2866486615/repo/udp_prot/.xml/nsime/nsime_ipv4_interface_address.xml"
Reading XML for "/home/pete/wefwefwef/docs/other/2866486615/repo/udp_prot/.xml/specs_nsime_udp_protocol.xml"
Reading XML for "/home/pete/wefwefwef/docs/other/2866486615/repo/udp_prot/.xml/specs_nsime_ipv4_header.xml"
Reading XML for "/home/pete/wefwefwef/docs/other/2866486615/repo/udp_prot/.xml/specs_nsime_ipv4_interface_address.xml"
Generating HTML - nsime_ptp_netdevice "/home/pete/wefwefwef/docs/other/2866486615/repo/udp_prot/.xml/nsime/nsime_ptp_netdevice.xml"
Reading XML for "/home/pete/wefwefwef/docs/other/2866486615/repo/udp_prot/.xml/nsime/nsime_ptp_netdevice.xml"
Reading XML for "/home/pete/wefwefwef/docs/other/2866486615/repo/udp_prot/.xml/specs_nsime_ptp_netdevice.xml"
Creating index.html ...
Creating erldocs_index.js ...
Woot, finished in 0 Minutes 4 Seconds
 :: Discovering other repos
$ 5000  `rm -r '/home/pete/wefwefwef/docs/other/2866486615/nsime-branch-udp_prot'  2>&1`
 :: Erldocs finishing up
$ 5000  `rm -r '/home/pete/wefwefwef/docs/other/2866486615/nsime'  2>&1`
