 :: Extracting meta information
$ 5000  `git ls-remote --heads --tags 'https://github.com/zotonic/mimetypes'  2>&1`
>>> [repo] 3 branches, 0 tags
 :: Writing meta to "/home/pete/wefwefwef/docs/other/2160509425/meta.txt"
 :: Processing https://github.com/zotonic/mimetypes	{rev,branch,"bsd-license","10da73839128a523dad66cc86060f230ed9e294d"}
 :: Fetching repo code
$ cd "/home/pete/wefwefwef/docs/other/2160509425/mimetypes-branch-bsd-license/mimetypes"
$ infinity  `curl --fail --silent --show-error --location --output 'bsd-license.zip' 'https://github.com/zotonic/mimetypes/archive/bsd-license.zip'  2>&1`
$ cd "/home/pete/wefwefwef/docs/erldocs_other.git"
$ cd "/home/pete/wefwefwef/docs/other/2160509425/mimetypes-branch-bsd-license/mimetypes"
$ 5000  `find -P . -type l -delete  2>&1`
$ cd "/home/pete/wefwefwef/docs/erldocs_other.git"
$ cd "/home/pete/wefwefwef/docs/other/2160509425/mimetypes-branch-bsd-license/mimetypes"
$ 5000  `find 'mimetypes-bsd-license' -mindepth 1 -maxdepth 1 -exec mv -t . -- {} +  2>&1`
$ cd "/home/pete/wefwefwef/docs/erldocs_other.git"
 :: Getting dependencies
$ cd "/home/pete/wefwefwef/docs/other/2160509425/mimetypes-branch-bsd-license/mimetypes"
$ 5000  `ls -1 deps/  2>&1`
$ cd "/home/pete/wefwefwef/docs/erldocs_other.git"
>>> [rebar] deps = []
 :: Generating erldocs into /home/pete/wefwefwef/docs/other/2160509425/repo/bsd-license
Building mimetypes
Generating Type Specs - "/home/pete/wefwefwef/docs/other/2160509425/mimetypes-branch-bsd-license/mimetypes/src/mimetypes.erl"
Generating Type Specs - "/home/pete/wefwefwef/docs/other/2160509425/mimetypes-branch-bsd-license/mimetypes/src/mimetypes_app.erl"
Generating Type Specs - "/home/pete/wefwefwef/docs/other/2160509425/mimetypes-branch-bsd-license/mimetypes/src/mimetypes_loader.erl"
Generating Type Specs - "/home/pete/wefwefwef/docs/other/2160509425/mimetypes-branch-bsd-license/mimetypes/src/mimetypes_sup.erl"
Generating XML for application mimetypes "/home/pete/wefwefwef/docs/other/2160509425/mimetypes-branch-bsd-license/mimetypes" -> "/home/pete/wefwefwef/docs/other/2160509425/repo/bsd-license/.xml/mimetypes"
Generated mimetypes XMLs: ["/home/pete/wefwefwef/docs/other/2160509425/repo/bsd-license/.xml/mimetypes/mimetypes_sup.xml",
                           "/home/pete/wefwefwef/docs/other/2160509425/repo/bsd-license/.xml/mimetypes/mimetypes_app.xml",
                           "/home/pete/wefwefwef/docs/other/2160509425/repo/bsd-license/.xml/mimetypes/mimetypes_loader.xml",
                           "/home/pete/wefwefwef/docs/other/2160509425/repo/bsd-license/.xml/mimetypes/mimetypes.xml"]
Generating HTML - mimetypes_sup "/home/pete/wefwefwef/docs/other/2160509425/repo/bsd-license/.xml/mimetypes/mimetypes_sup.xml"
Generating HTML - mimetypes_app "/home/pete/wefwefwef/docs/other/2160509425/repo/bsd-license/.xml/mimetypes/mimetypes_app.xml"
Generating HTML - mimetypes_loader "/home/pete/wefwefwef/docs/other/2160509425/repo/bsd-license/.xml/mimetypes/mimetypes_loader.xml"
Generating HTML - mimetypes "/home/pete/wefwefwef/docs/other/2160509425/repo/bsd-license/.xml/mimetypes/mimetypes.xml"
Reading XML for "/home/pete/wefwefwef/docs/other/2160509425/repo/bsd-license/.xml/mimetypes/mimetypes_sup.xml"
Reading XML for "/home/pete/wefwefwef/docs/other/2160509425/repo/bsd-license/.xml/mimetypes/mimetypes_app.xml"
Reading XML for "/home/pete/wefwefwef/docs/other/2160509425/repo/bsd-license/.xml/mimetypes/mimetypes_loader.xml"
Reading XML for "/home/pete/wefwefwef/docs/other/2160509425/repo/bsd-license/.xml/mimetypes/mimetypes.xml"
Reading XML for "/home/pete/wefwefwef/docs/other/2160509425/repo/bsd-license/.xml/specs_mimetypes_loader.xml"
Reading XML for "/home/pete/wefwefwef/docs/other/2160509425/repo/bsd-license/.xml/specs_mimetypes_sup.xml"
Reading XML for "/home/pete/wefwefwef/docs/other/2160509425/repo/bsd-license/.xml/specs_mimetypes_app.xml"
Reading XML for "/home/pete/wefwefwef/docs/other/2160509425/repo/bsd-license/.xml/specs_mimetypes.xml"
Creating index.html ...
Creating erldocs_index.js ...
Woot, finished in 0 Minutes 0 Seconds
 :: Discovering other repos
$ 5000  `rm -r '/home/pete/wefwefwef/docs/other/2160509425/mimetypes-branch-bsd-license'  2>&1`
 :: Processing https://github.com/zotonic/mimetypes	{rev,branch,"master","a60b350819c8ba5602ed85b9d0050cc8e3cb1152"}
 :: Fetching repo code
$ cd "/home/pete/wefwefwef/docs/other/2160509425/mimetypes-branch-master/mimetypes"
$ infinity  `curl --fail --silent --show-error --location --output 'master.zip' 'https://github.com/zotonic/mimetypes/archive/master.zip'  2>&1`
$ cd "/home/pete/wefwefwef/docs/erldocs_other.git"
$ cd "/home/pete/wefwefwef/docs/other/2160509425/mimetypes-branch-master/mimetypes"
$ 5000  `find -P . -type l -delete  2>&1`
$ cd "/home/pete/wefwefwef/docs/erldocs_other.git"
$ cd "/home/pete/wefwefwef/docs/other/2160509425/mimetypes-branch-master/mimetypes"
$ 5000  `find 'mimetypes-master' -mindepth 1 -maxdepth 1 -exec mv -t . -- {} +  2>&1`
$ cd "/home/pete/wefwefwef/docs/erldocs_other.git"
 :: Getting dependencies
$ cd "/home/pete/wefwefwef/docs/other/2160509425/mimetypes-branch-master/mimetypes"
$ 5000  `ls -1 deps/  2>&1`
$ cd "/home/pete/wefwefwef/docs/erldocs_other.git"
>>> [rebar] deps = []
 :: Generating erldocs into /home/pete/wefwefwef/docs/other/2160509425/repo/master
Building mimetypes
Generating Type Specs - "/home/pete/wefwefwef/docs/other/2160509425/mimetypes-branch-master/mimetypes/src/mimetypes.erl"
Generating Type Specs - "/home/pete/wefwefwef/docs/other/2160509425/mimetypes-branch-master/mimetypes/src/mimetypes_app.erl"
Generating Type Specs - "/home/pete/wefwefwef/docs/other/2160509425/mimetypes-branch-master/mimetypes/src/mimetypes_loader.erl"
Generating Type Specs - "/home/pete/wefwefwef/docs/other/2160509425/mimetypes-branch-master/mimetypes/src/mimetypes_sup.erl"
Generating XML for application mimetypes "/home/pete/wefwefwef/docs/other/2160509425/mimetypes-branch-master/mimetypes" -> "/home/pete/wefwefwef/docs/other/2160509425/repo/master/.xml/mimetypes"
Generated mimetypes XMLs: ["/home/pete/wefwefwef/docs/other/2160509425/repo/master/.xml/mimetypes/mimetypes_sup.xml",
                           "/home/pete/wefwefwef/docs/other/2160509425/repo/master/.xml/mimetypes/mimetypes_app.xml",
                           "/home/pete/wefwefwef/docs/other/2160509425/repo/master/.xml/mimetypes/mimetypes_loader.xml",
                           "/home/pete/wefwefwef/docs/other/2160509425/repo/master/.xml/mimetypes/mimetypes.xml"]
Generating HTML - mimetypes_sup "/home/pete/wefwefwef/docs/other/2160509425/repo/master/.xml/mimetypes/mimetypes_sup.xml"
Generating HTML - mimetypes_app "/home/pete/wefwefwef/docs/other/2160509425/repo/master/.xml/mimetypes/mimetypes_app.xml"
Generating HTML - mimetypes_loader "/home/pete/wefwefwef/docs/other/2160509425/repo/master/.xml/mimetypes/mimetypes_loader.xml"
Generating HTML - mimetypes "/home/pete/wefwefwef/docs/other/2160509425/repo/master/.xml/mimetypes/mimetypes.xml"
Reading XML for "/home/pete/wefwefwef/docs/other/2160509425/repo/master/.xml/mimetypes/mimetypes_sup.xml"
Reading XML for "/home/pete/wefwefwef/docs/other/2160509425/repo/master/.xml/mimetypes/mimetypes_app.xml"
Reading XML for "/home/pete/wefwefwef/docs/other/2160509425/repo/master/.xml/mimetypes/mimetypes_loader.xml"
Reading XML for "/home/pete/wefwefwef/docs/other/2160509425/repo/master/.xml/mimetypes/mimetypes.xml"
Reading XML for "/home/pete/wefwefwef/docs/other/2160509425/repo/master/.xml/specs_mimetypes_app.xml"
Reading XML for "/home/pete/wefwefwef/docs/other/2160509425/repo/master/.xml/specs_mimetypes_sup.xml"
Reading XML for "/home/pete/wefwefwef/docs/other/2160509425/repo/master/.xml/specs_mimetypes_loader.xml"
Reading XML for "/home/pete/wefwefwef/docs/other/2160509425/repo/master/.xml/specs_mimetypes.xml"
Creating index.html ...
Creating erldocs_index.js ...
Woot, finished in 0 Minutes 0 Seconds
 :: Discovering other repos
$ 5000  `rm -r '/home/pete/wefwefwef/docs/other/2160509425/mimetypes-branch-master'  2>&1`
 :: Processing https://github.com/zotonic/mimetypes	{rev,branch,"rebar","27fc7fdff8b0b18babf00cb9a3758b81791210dd"}
 :: Fetching repo code
$ cd "/home/pete/wefwefwef/docs/other/2160509425/mimetypes-branch-rebar/mimetypes"
$ infinity  `curl --fail --silent --show-error --location --output 'rebar.zip' 'https://github.com/zotonic/mimetypes/archive/rebar.zip'  2>&1`
$ cd "/home/pete/wefwefwef/docs/erldocs_other.git"
$ cd "/home/pete/wefwefwef/docs/other/2160509425/mimetypes-branch-rebar/mimetypes"
$ 5000  `find -P . -type l -delete  2>&1`
$ cd "/home/pete/wefwefwef/docs/erldocs_other.git"
$ cd "/home/pete/wefwefwef/docs/other/2160509425/mimetypes-branch-rebar/mimetypes"
$ 5000  `find 'mimetypes-rebar' -mindepth 1 -maxdepth 1 -exec mv -t . -- {} +  2>&1`
$ cd "/home/pete/wefwefwef/docs/erldocs_other.git"
 :: Getting dependencies
$ cd "/home/pete/wefwefwef/docs/other/2160509425/mimetypes-branch-rebar/mimetypes"
$ 5000  `ls -1 deps/  2>&1`
$ cd "/home/pete/wefwefwef/docs/erldocs_other.git"
>>> [rebar] deps = []
 :: Generating erldocs into /home/pete/wefwefwef/docs/other/2160509425/repo/rebar
Building mimetypes
Generating Type Specs - "/home/pete/wefwefwef/docs/other/2160509425/mimetypes-branch-rebar/mimetypes/src/mimetypes.erl"
Generating Type Specs - "/home/pete/wefwefwef/docs/other/2160509425/mimetypes-branch-rebar/mimetypes/src/mimetypes_app.erl"
Generating Type Specs - "/home/pete/wefwefwef/docs/other/2160509425/mimetypes-branch-rebar/mimetypes/src/mimetypes_loader.erl"
Generating Type Specs - "/home/pete/wefwefwef/docs/other/2160509425/mimetypes-branch-rebar/mimetypes/src/mimetypes_sup.erl"
Generating XML for application mimetypes "/home/pete/wefwefwef/docs/other/2160509425/mimetypes-branch-rebar/mimetypes" -> "/home/pete/wefwefwef/docs/other/2160509425/repo/rebar/.xml/mimetypes"
Generated mimetypes XMLs: ["/home/pete/wefwefwef/docs/other/2160509425/repo/rebar/.xml/mimetypes/mimetypes_sup.xml",
                           "/home/pete/wefwefwef/docs/other/2160509425/repo/rebar/.xml/mimetypes/mimetypes_app.xml",
                           "/home/pete/wefwefwef/docs/other/2160509425/repo/rebar/.xml/mimetypes/mimetypes_loader.xml",
                           "/home/pete/wefwefwef/docs/other/2160509425/repo/rebar/.xml/mimetypes/mimetypes.xml"]
Generating HTML - mimetypes_sup "/home/pete/wefwefwef/docs/other/2160509425/repo/rebar/.xml/mimetypes/mimetypes_sup.xml"
Generating HTML - mimetypes_app "/home/pete/wefwefwef/docs/other/2160509425/repo/rebar/.xml/mimetypes/mimetypes_app.xml"
Generating HTML - mimetypes_loader "/home/pete/wefwefwef/docs/other/2160509425/repo/rebar/.xml/mimetypes/mimetypes_loader.xml"
Generating HTML - mimetypes "/home/pete/wefwefwef/docs/other/2160509425/repo/rebar/.xml/mimetypes/mimetypes.xml"
Reading XML for "/home/pete/wefwefwef/docs/other/2160509425/repo/rebar/.xml/mimetypes/mimetypes_sup.xml"
Reading XML for "/home/pete/wefwefwef/docs/other/2160509425/repo/rebar/.xml/mimetypes/mimetypes_app.xml"
Reading XML for "/home/pete/wefwefwef/docs/other/2160509425/repo/rebar/.xml/mimetypes/mimetypes_loader.xml"
Reading XML for "/home/pete/wefwefwef/docs/other/2160509425/repo/rebar/.xml/mimetypes/mimetypes.xml"
Reading XML for "/home/pete/wefwefwef/docs/other/2160509425/repo/rebar/.xml/specs_mimetypes_sup.xml"
Reading XML for "/home/pete/wefwefwef/docs/other/2160509425/repo/rebar/.xml/specs_mimetypes_app.xml"
Reading XML for "/home/pete/wefwefwef/docs/other/2160509425/repo/rebar/.xml/specs_mimetypes_loader.xml"
Reading XML for "/home/pete/wefwefwef/docs/other/2160509425/repo/rebar/.xml/specs_mimetypes.xml"
Creating index.html ...
Creating erldocs_index.js ...
Woot, finished in 0 Minutes 0 Seconds
 :: Discovering other repos
$ 5000  `rm -r '/home/pete/wefwefwef/docs/other/2160509425/mimetypes-branch-rebar'  2>&1`
 :: Erldocs finishing up
$ 5000  `rm -r '/home/pete/wefwefwef/docs/other/2160509425/mimetypes'  2>&1`
