 :: Extracting meta information
$ 5000  `git ls-remote --heads --tags 'https://github.com/elementerl/lye'  2>&1`
>>> [repo] 1 branches, 1 tags
 :: Writing meta to "/home/pete/wefwefwef/docs/other/932023271/meta.txt"
 :: Processing https://github.com/elementerl/lye	{rev,tag,"0.0.1","f575ca35ea5cf83e2f0ee2b4dccaca4e45a800bb",undefined,[],[]}
 :: Fetching repo code
$ cd "/home/pete/wefwefwef/docs/other/932023271/lye-tag-0.0.1/lye"
$ infinity  `curl --fail --silent --show-error --location --output '0.0.1.zip' 'https://github.com/elementerl/lye/archive/0.0.1.zip'  2>&1`
$ cd "/home/pete/wefwefwef/docs/erldocs_other.git"
$ cd "/home/pete/wefwefwef/docs/other/932023271/lye-tag-0.0.1/lye"
$ 5000  `find -P . -type l -delete  2>&1`
$ cd "/home/pete/wefwefwef/docs/erldocs_other.git"
$ cd "/home/pete/wefwefwef/docs/other/932023271/lye-tag-0.0.1/lye"
$ 5000  `find 'lye-0.0.1' -mindepth 1 -maxdepth 1 -exec mv -t . -- {} +  2>&1`
$ cd "/home/pete/wefwefwef/docs/erldocs_other.git"
 :: Getting dependencies
$ cd "/home/pete/wefwefwef/docs/other/932023271/lye-tag-0.0.1/lye"
$ 5000  `ls -1 deps/  2>&1`
$ cd "/home/pete/wefwefwef/docs/erldocs_other.git"
>>> [rebar] deps = []
 :: Generating erldocs into /home/pete/wefwefwef/docs/other/932023271/repo/0.0.1
Building lye
Generating Type Specs - "/home/pete/wefwefwef/docs/other/932023271/lye-tag-0.0.1/lye/src/lye.erl"
Generating Type Specs - "/home/pete/wefwefwef/docs/other/932023271/lye-tag-0.0.1/lye/src/lye_test_mod.erl"
Generating XML for application lye "/home/pete/wefwefwef/docs/other/932023271/lye-tag-0.0.1/lye" -> "/home/pete/wefwefwef/docs/other/932023271/repo/0.0.1/.xml/lye"
edoc: error in layout 'docgen_edoc_xml_cb': {'EXIT',
                                       {function_clause,
                                        [{docgen_edoc_xml_cb,t_type,
                                          [[{xmlElement,paren,[],[],
                                             {xmlNamespace,[],[]},
                                             [{type,2},{'fun',...},{...}|...],
                                             1,[],
                                             [...],...}]],
                                          [{file,"docgen_edoc_xml_cb.erl"},
                                           {line,1003}]},
                                         {docgen_edoc_xml_cb,t_fun,1,
                                          [{file,"docgen_edoc_xml_cb.erl"},
                                           {line,1063}]},
                                         {docgen_edoc_xml_cb,typedef,1,
                                          [{file,"docgen_edoc_xml_cb.erl"},
                                           {line,870}]},
                                         {docgen_edoc_xml_cb,typedecl,2,
                                          [{file,"docgen_edoc_xml_cb.erl"},
                                           {line,857}]},
                                         {lists,flatmap,2,
                                          [{file,"lists.erl"},{line,1248}]},
                                         {lists,flatmap,2,
                                          [{file,"lists.erl"},{line,1248}]},
                                         {docgen_edoc_xml_cb,types,1,
                                          [{file,"docgen_edoc_xml_cb.erl"},
                                           {line,851}]},
                                         {docgen_edoc_xml_cb,layout_module,2,
                                          [{file,[...]},{line,...}]}]}}.
edoc: error in doclet 'edoc_doclet': {'EXIT',error}.
Error generating lye XMLs. Using fallback ...
Generating XML lye - lye "/home/pete/wefwefwef/docs/other/932023271/lye-tag-0.0.1/lye/src/lye.erl" -> "/home/pete/wefwefwef/docs/other/932023271/repo/0.0.1/.xml/lye/lye.xml"
edoc: error in layout 'docgen_edoc_xml_cb': {'EXIT',
                                       {function_clause,
                                        [{docgen_edoc_xml_cb,t_type,
                                          [[{xmlElement,paren,[],[],
                                             {xmlNamespace,[],[]},
                                             [{type,2},{'fun',...},{...}|...],
                                             1,[],
                                             [...],...}]],
                                          [{file,"docgen_edoc_xml_cb.erl"},
                                           {line,1003}]},
                                         {docgen_edoc_xml_cb,t_fun,1,
                                          [{file,"docgen_edoc_xml_cb.erl"},
                                           {line,1063}]},
                                         {docgen_edoc_xml_cb,typedef,1,
                                          [{file,"docgen_edoc_xml_cb.erl"},
                                           {line,870}]},
                                         {docgen_edoc_xml_cb,typedecl,2,
                                          [{file,"docgen_edoc_xml_cb.erl"},
                                           {line,857}]},
                                         {lists,flatmap,2,
                                          [{file,"lists.erl"},{line,1248}]},
                                         {lists,flatmap,2,
                                          [{file,"lists.erl"},{line,1248}]},
                                         {docgen_edoc_xml_cb,types,1,
                                          [{file,"docgen_edoc_xml_cb.erl"},
                                           {line,851}]},
                                         {docgen_edoc_xml_cb,layout_module,2,
                                          [{file,[...]},{line,...}]}]}}.
Error generating XML ("/home/pete/wefwefwef/docs/other/932023271/lye-tag-0.0.1/lye/src/lye.erl"): {'EXIT',
                                                                                                   error}
Generating XML lye - lye_test_mod "/home/pete/wefwefwef/docs/other/932023271/lye-tag-0.0.1/lye/src/lye_test_mod.erl" -> "/home/pete/wefwefwef/docs/other/932023271/repo/0.0.1/.xml/lye/lye_test_mod.xml"
Generating HTML - lye_test_mod "/home/pete/wefwefwef/docs/other/932023271/repo/0.0.1/.xml/lye/lye_test_mod.xml"
Reading XML for "/home/pete/wefwefwef/docs/other/932023271/repo/0.0.1/.xml/lye/lye_test_mod.xml"
Reading XML for "/home/pete/wefwefwef/docs/other/932023271/repo/0.0.1/.xml/specs_lye_test_mod.xml"
Creating index.html ...
Creating erldocs_index.js ...
Woot, finished in 0 Minutes 0 Seconds
 :: Discovering other repos
$ 5000  `rm -r '/home/pete/wefwefwef/docs/other/932023271/lye-tag-0.0.1'  2>&1`
 :: Processing https://github.com/elementerl/lye	{rev,branch,"master","404e9f919be39847dfaa616c29b778cf2ad1054c",undefined,[],[]}
 :: Fetching repo code
$ cd "/home/pete/wefwefwef/docs/other/932023271/lye-branch-master/lye"
$ infinity  `curl --fail --silent --show-error --location --output 'master.zip' 'https://github.com/elementerl/lye/archive/master.zip'  2>&1`
$ cd "/home/pete/wefwefwef/docs/erldocs_other.git"
$ cd "/home/pete/wefwefwef/docs/other/932023271/lye-branch-master/lye"
$ 5000  `find -P . -type l -delete  2>&1`
$ cd "/home/pete/wefwefwef/docs/erldocs_other.git"
$ cd "/home/pete/wefwefwef/docs/other/932023271/lye-branch-master/lye"
$ 5000  `find 'lye-master' -mindepth 1 -maxdepth 1 -exec mv -t . -- {} +  2>&1`
$ cd "/home/pete/wefwefwef/docs/erldocs_other.git"
 :: Getting dependencies
$ cd "/home/pete/wefwefwef/docs/other/932023271/lye-branch-master/lye"
$ 5000  `ls -1 deps/  2>&1`
$ cd "/home/pete/wefwefwef/docs/erldocs_other.git"
>>> [rebar] deps = []
 :: Generating erldocs into /home/pete/wefwefwef/docs/other/932023271/repo/master
Building lye
Generating Type Specs - "/home/pete/wefwefwef/docs/other/932023271/lye-branch-master/lye/src/lye.erl"
Generating Type Specs - "/home/pete/wefwefwef/docs/other/932023271/lye-branch-master/lye/src/lye_test_mod.erl"
Generating XML for application lye "/home/pete/wefwefwef/docs/other/932023271/lye-branch-master/lye" -> "/home/pete/wefwefwef/docs/other/932023271/repo/master/.xml/lye"
edoc: error in layout 'docgen_edoc_xml_cb': {'EXIT',
                                       {function_clause,
                                        [{docgen_edoc_xml_cb,t_type,
                                          [[{xmlElement,paren,[],[],
                                             {xmlNamespace,[],[]},
                                             [{type,2},{'fun',...},{...}|...],
                                             1,[],
                                             [...],...}]],
                                          [{file,"docgen_edoc_xml_cb.erl"},
                                           {line,1003}]},
                                         {docgen_edoc_xml_cb,t_fun,1,
                                          [{file,"docgen_edoc_xml_cb.erl"},
                                           {line,1063}]},
                                         {docgen_edoc_xml_cb,typedef,1,
                                          [{file,"docgen_edoc_xml_cb.erl"},
                                           {line,870}]},
                                         {docgen_edoc_xml_cb,typedecl,2,
                                          [{file,"docgen_edoc_xml_cb.erl"},
                                           {line,857}]},
                                         {lists,flatmap,2,
                                          [{file,"lists.erl"},{line,1248}]},
                                         {lists,flatmap,2,
                                          [{file,"lists.erl"},{line,1248}]},
                                         {docgen_edoc_xml_cb,types,1,
                                          [{file,"docgen_edoc_xml_cb.erl"},
                                           {line,851}]},
                                         {docgen_edoc_xml_cb,layout_module,2,
                                          [{file,[...]},{line,...}]}]}}.
edoc: error in doclet 'edoc_doclet': {'EXIT',error}.
Error generating lye XMLs. Using fallback ...
Generating XML lye - lye "/home/pete/wefwefwef/docs/other/932023271/lye-branch-master/lye/src/lye.erl" -> "/home/pete/wefwefwef/docs/other/932023271/repo/master/.xml/lye/lye.xml"
edoc: error in layout 'docgen_edoc_xml_cb': {'EXIT',
                                       {function_clause,
                                        [{docgen_edoc_xml_cb,t_type,
                                          [[{xmlElement,paren,[],[],
                                             {xmlNamespace,[],[]},
                                             [{type,2},{'fun',...},{...}|...],
                                             1,[],
                                             [...],...}]],
                                          [{file,"docgen_edoc_xml_cb.erl"},
                                           {line,1003}]},
                                         {docgen_edoc_xml_cb,t_fun,1,
                                          [{file,"docgen_edoc_xml_cb.erl"},
                                           {line,1063}]},
                                         {docgen_edoc_xml_cb,typedef,1,
                                          [{file,"docgen_edoc_xml_cb.erl"},
                                           {line,870}]},
                                         {docgen_edoc_xml_cb,typedecl,2,
                                          [{file,"docgen_edoc_xml_cb.erl"},
                                           {line,857}]},
                                         {lists,flatmap,2,
                                          [{file,"lists.erl"},{line,1248}]},
                                         {lists,flatmap,2,
                                          [{file,"lists.erl"},{line,1248}]},
                                         {docgen_edoc_xml_cb,types,1,
                                          [{file,"docgen_edoc_xml_cb.erl"},
                                           {line,851}]},
                                         {docgen_edoc_xml_cb,layout_module,2,
                                          [{file,[...]},{line,...}]}]}}.
Error generating XML ("/home/pete/wefwefwef/docs/other/932023271/lye-branch-master/lye/src/lye.erl"): {'EXIT',
                                                                                                       error}
Generating XML lye - lye_test_mod "/home/pete/wefwefwef/docs/other/932023271/lye-branch-master/lye/src/lye_test_mod.erl" -> "/home/pete/wefwefwef/docs/other/932023271/repo/master/.xml/lye/lye_test_mod.xml"
Generating HTML - lye_test_mod "/home/pete/wefwefwef/docs/other/932023271/repo/master/.xml/lye/lye_test_mod.xml"
Reading XML for "/home/pete/wefwefwef/docs/other/932023271/repo/master/.xml/lye/lye_test_mod.xml"
Reading XML for "/home/pete/wefwefwef/docs/other/932023271/repo/master/.xml/specs_lye_test_mod.xml"
Creating index.html ...
Creating erldocs_index.js ...
Woot, finished in 0 Minutes 0 Seconds
 :: Discovering other repos
$ 5000  `rm -r '/home/pete/wefwefwef/docs/other/932023271/lye-branch-master'  2>&1`
 :: Finishing up
$ 5000  `rm -r '/home/pete/wefwefwef/docs/other/932023271/lye'  2>&1`
