 :: Extracting meta information
$ 5000  `git ls-remote --heads --tags 'https://github.com/rvangraan/gen_pool'  2>&1`
>>> [repo] 1 branches, 0 tags
 :: Writing meta to "/home/pete/wefwefwef/docs/other/922532516/meta.txt"
 :: Processing https://github.com/rvangraan/gen_pool	{rev,branch,"master","e9a4578812455051b0a69342d7dd229e0d046c35",undefined,[],[]}
 :: Fetching repo code
$ cd "/home/pete/wefwefwef/docs/other/922532516/gen_pool-branch-master/gen_pool"
$ infinity  `curl --fail --silent --show-error --location --output 'master.zip' 'https://github.com/rvangraan/gen_pool/archive/master.zip'  2>&1`
$ cd "/home/pete/wefwefwef/docs/erldocs_other.git"
$ cd "/home/pete/wefwefwef/docs/other/922532516/gen_pool-branch-master/gen_pool"
$ 5000  `find -P . -type l -delete  2>&1`
$ cd "/home/pete/wefwefwef/docs/erldocs_other.git"
$ cd "/home/pete/wefwefwef/docs/other/922532516/gen_pool-branch-master/gen_pool"
$ 5000  `find 'gen_pool-master' -mindepth 1 -maxdepth 1 -exec mv -t . -- {} +  2>&1`
$ cd "/home/pete/wefwefwef/docs/erldocs_other.git"
 :: Getting dependencies
$ cd "/home/pete/wefwefwef/docs/other/922532516/gen_pool-branch-master/gen_pool"
$ 5000  `ls -1 deps/  2>&1`
$ cd "/home/pete/wefwefwef/docs/erldocs_other.git"
>>> [rebar] deps = []
 :: Generating erldocs into /home/pete/wefwefwef/docs/other/922532516/repo/master
Building gen_pool
Generating Type Specs - "/home/pete/wefwefwef/docs/other/922532516/gen_pool-branch-master/gen_pool/src/gen_pool.erl"
/home/pete/wefwefwef/docs/other/922532516/gen_pool-branch-master/gen_pool/src/gen_pool.erl: at line 319: syntax error before: '{'
EDoc could not process file '/home/pete/wefwefwef/docs/other/922532516/gen_pool-branch-master/gen_pool/src/gen_pool.erl'
Error generating type specs for "/home/pete/wefwefwef/docs/other/922532516/gen_pool-branch-master/gen_pool/src/gen_pool.erl"
Generating Type Specs - "/home/pete/wefwefwef/docs/other/922532516/gen_pool-branch-master/gen_pool/src/gen_pool_resource.erl"
Generating Type Specs - "/home/pete/wefwefwef/docs/other/922532516/gen_pool-branch-master/gen_pool/src/gen_pool_resource_behaviour.erl"
Generating Type Specs - "/home/pete/wefwefwef/docs/other/922532516/gen_pool-branch-master/gen_pool/src/gen_pool_resource_manager.erl"
Generating Type Specs - "/home/pete/wefwefwef/docs/other/922532516/gen_pool-branch-master/gen_pool/src/gen_pool_resource_sup.erl"
Generating XML for application gen_pool "/home/pete/wefwefwef/docs/other/922532516/gen_pool-branch-master/gen_pool" -> "/home/pete/wefwefwef/docs/other/922532516/repo/master/.xml/gen_pool"
/home/pete/wefwefwef/docs/other/922532516/gen_pool-branch-master/gen_pool/src/gen_pool.erl: at line 319: syntax error before: '{'
edoc: skipping source file '/home/pete/wefwefwef/docs/other/922532516/gen_pool-branch-master/gen_pool/src/gen_pool.erl': {'EXIT',
                                                                                                                    error}.
edoc: error in doclet 'edoc_doclet': {'EXIT',error}.
Error generating gen_pool XMLs. Using fallback ...
Generating XML gen_pool - gen_pool "/home/pete/wefwefwef/docs/other/922532516/gen_pool-branch-master/gen_pool/src/gen_pool.erl" -> "/home/pete/wefwefwef/docs/other/922532516/repo/master/.xml/gen_pool/gen_pool.xml"
/home/pete/wefwefwef/docs/other/922532516/gen_pool-branch-master/gen_pool/src/gen_pool.erl: at line 319: syntax error before: '{'
Error generating XML ("/home/pete/wefwefwef/docs/other/922532516/gen_pool-branch-master/gen_pool/src/gen_pool.erl"): {'EXIT',
                                                                                                                      error}
Generating XML gen_pool - gen_pool_resource "/home/pete/wefwefwef/docs/other/922532516/gen_pool-branch-master/gen_pool/src/gen_pool_resource.erl" -> "/home/pete/wefwefwef/docs/other/922532516/repo/master/.xml/gen_pool/gen_pool_resource.xml"
Generating XML gen_pool - gen_pool_resource_behaviour "/home/pete/wefwefwef/docs/other/922532516/gen_pool-branch-master/gen_pool/src/gen_pool_resource_behaviour.erl" -> "/home/pete/wefwefwef/docs/other/922532516/repo/master/.xml/gen_pool/gen_pool_resource_behaviour.xml"
Generating XML gen_pool - gen_pool_resource_manager "/home/pete/wefwefwef/docs/other/922532516/gen_pool-branch-master/gen_pool/src/gen_pool_resource_manager.erl" -> "/home/pete/wefwefwef/docs/other/922532516/repo/master/.xml/gen_pool/gen_pool_resource_manager.xml"
Generating XML gen_pool - gen_pool_resource_sup "/home/pete/wefwefwef/docs/other/922532516/gen_pool-branch-master/gen_pool/src/gen_pool_resource_sup.erl" -> "/home/pete/wefwefwef/docs/other/922532516/repo/master/.xml/gen_pool/gen_pool_resource_sup.xml"
Generating HTML - gen_pool_resource_sup "/home/pete/wefwefwef/docs/other/922532516/repo/master/.xml/gen_pool/gen_pool_resource_sup.xml"
Generating HTML - gen_pool_resource_manager "/home/pete/wefwefwef/docs/other/922532516/repo/master/.xml/gen_pool/gen_pool_resource_manager.xml"
Generating HTML - gen_pool_resource_behaviour "/home/pete/wefwefwef/docs/other/922532516/repo/master/.xml/gen_pool/gen_pool_resource_behaviour.xml"
Generating HTML - gen_pool_resource "/home/pete/wefwefwef/docs/other/922532516/repo/master/.xml/gen_pool/gen_pool_resource.xml"
Reading XML for "/home/pete/wefwefwef/docs/other/922532516/repo/master/.xml/gen_pool/gen_pool_resource_sup.xml"
Reading XML for "/home/pete/wefwefwef/docs/other/922532516/repo/master/.xml/gen_pool/gen_pool_resource_manager.xml"
Reading XML for "/home/pete/wefwefwef/docs/other/922532516/repo/master/.xml/gen_pool/gen_pool_resource_behaviour.xml"
Reading XML for "/home/pete/wefwefwef/docs/other/922532516/repo/master/.xml/gen_pool/gen_pool_resource.xml"
Reading XML for "/home/pete/wefwefwef/docs/other/922532516/repo/master/.xml/specs_gen_pool_resource_sup.xml"
Reading XML for "/home/pete/wefwefwef/docs/other/922532516/repo/master/.xml/specs_gen_pool_resource_behaviour.xml"
Reading XML for "/home/pete/wefwefwef/docs/other/922532516/repo/master/.xml/specs_gen_pool_resource.xml"
Reading XML for "/home/pete/wefwefwef/docs/other/922532516/repo/master/.xml/specs_gen_pool_resource_manager.xml"
Creating index.html ...
Creating erldocs_index.js ...
Woot, finished in 0 Minutes 0 Seconds
 :: Discovering other repos
$ 5000  `rm -r '/home/pete/wefwefwef/docs/other/922532516/gen_pool-branch-master'  2>&1`
 :: Finishing up
$ 5000  `rm -r '/home/pete/wefwefwef/docs/other/922532516/gen_pool'  2>&1`
