 :: Extracting meta information
$ cd '.'
$ infinity  `svn ls --verbose http://plists.googlecode.com/svn/branches http://plists.googlecode.com/svn/tags http://plists.googlecode.com/svn/trunk`
>>> [repo] 1 branches, 0 tags
 :: Writing meta to "/home/pete/wefwefwef/docs/other/1524961b153fe256c307d11a893eda0ea3da6a4a/meta.txt"
 :: Processing https://code.google.com/p/plists	{rev,branch,"trunk","11",undefined,[],[]}
 :: Fetching repo code
$ cd '/home/pete/wefwefwef/docs/other/1524961b153fe256c307d11a893eda0ea3da6a4a/plists-branch-trunk'
$ infinity  `svn export -r 11 http://plists.googlecode.com/svn/trunk`
$ cd '/home/pete/wefwefwef/docs/other/1524961b153fe256c307d11a893eda0ea3da6a4a/plists-branch-trunk/trunk'
$ 5000  `find -P . -type l -delete`
$ cd '.'
$ 5000  `mv /home/pete/wefwefwef/docs/other/1524961b153fe256c307d11a893eda0ea3da6a4a/plists-branch-trunk/trunk /home/pete/wefwefwef/docs/other/1524961b153fe256c307d11a893eda0ea3da6a4a/plists-branch-trunk/plists`
 :: Getting dependencies
 :: Generating erldocs into /home/pete/wefwefwef/docs/other/1524961b153fe256c307d11a893eda0ea3da6a4a/repo/trunk
Building plists
Generating Type Specs - "/home/pete/wefwefwef/docs/other/1524961b153fe256c307d11a893eda0ea3da6a4a/plists-branch-trunk/plists/src/plists.erl"
Generating XML for application plists "/home/pete/wefwefwef/docs/other/1524961b153fe256c307d11a893eda0ea3da6a4a/plists-branch-trunk/plists" -> "/home/pete/wefwefwef/docs/other/1524961b153fe256c307d11a893eda0ea3da6a4a/repo/trunk/.xml/plists"
/home/pete/wefwefwef/docs/other/1524961b153fe256c307d11a893eda0ea3da6a4a/plists-branch-trunk/plists/src/plists.erl, function mapreduce/5: at line 435: unknown error parsing specification: {438,edoc_parser,
                                      ["syntax error before: ","'->'"]}.
edoc: skipping source file '/home/pete/wefwefwef/docs/other/1524961b153fe256c307d11a893eda0ea3da6a4a/plists-branch-trunk/plists/src/plists.erl': {'EXIT',
                                                                                                                                            error}.
edoc: error in doclet 'edoc_doclet': {'EXIT',error}.
Error generating plists XMLs. Using fallback ...
Generating XML plists - plists "/home/pete/wefwefwef/docs/other/1524961b153fe256c307d11a893eda0ea3da6a4a/plists-branch-trunk/plists/src/plists.erl" -> "/home/pete/wefwefwef/docs/other/1524961b153fe256c307d11a893eda0ea3da6a4a/repo/trunk/.xml/plists/plists.xml"
/home/pete/wefwefwef/docs/other/1524961b153fe256c307d11a893eda0ea3da6a4a/plists-branch-trunk/plists/src/plists.erl, function mapreduce/5: at line 435: unknown error parsing specification: {438,edoc_parser,
                                      ["syntax error before: ","'->'"]}.
Error generating XML ("/home/pete/wefwefwef/docs/other/1524961b153fe256c307d11a893eda0ea3da6a4a/plists-branch-trunk/plists/src/plists.erl"): {'EXIT',
                                                                                                                                              error}
No documentation was generated!
Woot, finished in 0 Minutes 0 Seconds
 :: Discovering other repos
$ cd '.'
$ 5000  `rm -r /home/pete/wefwefwef/docs/other/1524961b153fe256c307d11a893eda0ea3da6a4a/plists-branch-trunk`
 :: Finishing up
$ cd '.'
$ 5000  `rm -r /home/pete/wefwefwef/docs/other/1524961b153fe256c307d11a893eda0ea3da6a4a/plists`
$ cd '.'
$ 5000  `rm -r /home/pete/wefwefwef/docs/other/1524961b153fe256c307d11a893eda0ea3da6a4a/repo/trunk`
