 :: Extracting meta information
$ 5000  `git ls-remote --heads --tags 'https://github.com/wgnet/hooks'  2>&1`
>>> [repo] 1 branches, 1 tags
 :: Writing meta to "/home/pete/wefwefwef/docs/other/4800706347/meta.txt"
 :: Processing https://github.com/wgnet/hooks	{rev,tag,"v0.1.2","95b38a035659a3fa7be1f582242605e0cf0cf8b1",undefined,[],[]}
 :: Fetching repo code
$ cd "/home/pete/wefwefwef/docs/other/4800706347/hooks-tag-v0.1.2/hooks"
$ infinity  `curl --fail --silent --show-error --location --output 'v0.1.2.zip' 'https://github.com/wgnet/hooks/archive/v0.1.2.zip'  2>&1`
$ cd "/home/pete/wefwefwef/docs/erldocs_other.git"
$ cd "/home/pete/wefwefwef/docs/other/4800706347/hooks-tag-v0.1.2/hooks"
$ 5000  `find -P . -type l -delete  2>&1`
$ cd "/home/pete/wefwefwef/docs/erldocs_other.git"
$ cd "/home/pete/wefwefwef/docs/other/4800706347/hooks-tag-v0.1.2/hooks"
$ 5000  `find 'hooks-0.1.2' -mindepth 1 -maxdepth 1 -exec mv -t . -- {} +  2>&1`
$ cd "/home/pete/wefwefwef/docs/erldocs_other.git"
 :: Getting dependencies
$ cd "/home/pete/wefwefwef/docs/other/4800706347/hooks-tag-v0.1.2/hooks"
$ 5000  `ls -1 deps/  2>&1`
$ cd "/home/pete/wefwefwef/docs/erldocs_other.git"
>>> [rebar] deps = []
 :: Generating erldocs into /home/pete/wefwefwef/docs/other/4800706347/repo/v0.1.2
Building hooks
Generating Type Specs - "/home/pete/wefwefwef/docs/other/4800706347/hooks-tag-v0.1.2/hooks/src/hooks.erl"
Generating Type Specs - "/home/pete/wefwefwef/docs/other/4800706347/hooks-tag-v0.1.2/hooks/src/hooks_app.erl"
Generating Type Specs - "/home/pete/wefwefwef/docs/other/4800706347/hooks-tag-v0.1.2/hooks/src/hooks_compiler.erl"
Generating Type Specs - "/home/pete/wefwefwef/docs/other/4800706347/hooks-tag-v0.1.2/hooks/src/hooks_ets.erl"
Generating Type Specs - "/home/pete/wefwefwef/docs/other/4800706347/hooks-tag-v0.1.2/hooks/src/hooks_forms.erl"
Generating Type Specs - "/home/pete/wefwefwef/docs/other/4800706347/hooks-tag-v0.1.2/hooks/src/hooks_hook_mgr.erl"
Generating Type Specs - "/home/pete/wefwefwef/docs/other/4800706347/hooks-tag-v0.1.2/hooks/src/hooks_hook_mgr_sup.erl"
Generating Type Specs - "/home/pete/wefwefwef/docs/other/4800706347/hooks-tag-v0.1.2/hooks/src/hooks_hook_runner_beam.erl"
Generating Type Specs - "/home/pete/wefwefwef/docs/other/4800706347/hooks-tag-v0.1.2/hooks/src/hooks_hook_runner_ets.erl"
Generating Type Specs - "/home/pete/wefwefwef/docs/other/4800706347/hooks-tag-v0.1.2/hooks/src/hooks_sup.erl"
Generating Type Specs - "/home/pete/wefwefwef/docs/other/4800706347/hooks-tag-v0.1.2/hooks/src/hooks_test.erl"
Generating XML for application hooks "/home/pete/wefwefwef/docs/other/4800706347/hooks-tag-v0.1.2/hooks" -> "/home/pete/wefwefwef/docs/other/4800706347/repo/v0.1.2/.xml/hooks"
Generated hooks XMLs: ["/home/pete/wefwefwef/docs/other/4800706347/repo/v0.1.2/.xml/hooks/hooks.xml",
                       "/home/pete/wefwefwef/docs/other/4800706347/repo/v0.1.2/.xml/hooks/hooks_app.xml",
                       "/home/pete/wefwefwef/docs/other/4800706347/repo/v0.1.2/.xml/hooks/hooks_forms.xml",
                       "/home/pete/wefwefwef/docs/other/4800706347/repo/v0.1.2/.xml/hooks/hooks_test.xml",
                       "/home/pete/wefwefwef/docs/other/4800706347/repo/v0.1.2/.xml/hooks/hooks_compiler.xml",
                       "/home/pete/wefwefwef/docs/other/4800706347/repo/v0.1.2/.xml/hooks/hooks_hook_mgr_sup.xml",
                       "/home/pete/wefwefwef/docs/other/4800706347/repo/v0.1.2/.xml/hooks/hooks_hook_runner_beam.xml",
                       "/home/pete/wefwefwef/docs/other/4800706347/repo/v0.1.2/.xml/hooks/hooks_sup.xml",
                       "/home/pete/wefwefwef/docs/other/4800706347/repo/v0.1.2/.xml/hooks/hooks_hook_runner_ets.xml",
                       "/home/pete/wefwefwef/docs/other/4800706347/repo/v0.1.2/.xml/hooks/hooks_ets.xml",
                       "/home/pete/wefwefwef/docs/other/4800706347/repo/v0.1.2/.xml/hooks/hooks_hook_mgr.xml"]
Generating HTML - hooks_app "/home/pete/wefwefwef/docs/other/4800706347/repo/v0.1.2/.xml/hooks/hooks_app.xml"
Generating HTML - hooks_test "/home/pete/wefwefwef/docs/other/4800706347/repo/v0.1.2/.xml/hooks/hooks_test.xml"
Generating HTML - hooks_hook_mgr_sup "/home/pete/wefwefwef/docs/other/4800706347/repo/v0.1.2/.xml/hooks/hooks_hook_mgr_sup.xml"
Generating HTML - hooks_hook_mgr "/home/pete/wefwefwef/docs/other/4800706347/repo/v0.1.2/.xml/hooks/hooks_hook_mgr.xml"
Reading XML for "/home/pete/wefwefwef/docs/other/4800706347/repo/v0.1.2/.xml/hooks/hooks_app.xml"
Reading XML for "/home/pete/wefwefwef/docs/other/4800706347/repo/v0.1.2/.xml/hooks/hooks_test.xml"
Reading XML for "/home/pete/wefwefwef/docs/other/4800706347/repo/v0.1.2/.xml/hooks/hooks_hook_mgr_sup.xml"
Reading XML for "/home/pete/wefwefwef/docs/other/4800706347/repo/v0.1.2/.xml/hooks/hooks_hook_mgr.xml"
Reading XML for "/home/pete/wefwefwef/docs/other/4800706347/repo/v0.1.2/.xml/specs_hooks_hook_mgr_sup.xml"
Reading XML for "/home/pete/wefwefwef/docs/other/4800706347/repo/v0.1.2/.xml/specs_hooks_test.xml"
Reading XML for "/home/pete/wefwefwef/docs/other/4800706347/repo/v0.1.2/.xml/specs_hooks_app.xml"
Generating HTML - hooks_compiler "/home/pete/wefwefwef/docs/other/4800706347/repo/v0.1.2/.xml/hooks/hooks_compiler.xml"
Reading XML for "/home/pete/wefwefwef/docs/other/4800706347/repo/v0.1.2/.xml/hooks/hooks_compiler.xml"
Generating HTML - hooks_forms "/home/pete/wefwefwef/docs/other/4800706347/repo/v0.1.2/.xml/hooks/hooks_forms.xml"
Reading XML for "/home/pete/wefwefwef/docs/other/4800706347/repo/v0.1.2/.xml/hooks/hooks_forms.xml"
Reading XML for "/home/pete/wefwefwef/docs/other/4800706347/repo/v0.1.2/.xml/specs_hooks_hook_mgr.xml"
Generating HTML - hooks "/home/pete/wefwefwef/docs/other/4800706347/repo/v0.1.2/.xml/hooks/hooks.xml"
Reading XML for "/home/pete/wefwefwef/docs/other/4800706347/repo/v0.1.2/.xml/hooks/hooks.xml"
Generating HTML - hooks_ets "/home/pete/wefwefwef/docs/other/4800706347/repo/v0.1.2/.xml/hooks/hooks_ets.xml"
Reading XML for "/home/pete/wefwefwef/docs/other/4800706347/repo/v0.1.2/.xml/hooks/hooks_ets.xml"
Reading XML for "/home/pete/wefwefwef/docs/other/4800706347/repo/v0.1.2/.xml/specs_hooks_forms.xml"
Reading XML for "/home/pete/wefwefwef/docs/other/4800706347/repo/v0.1.2/.xml/specs_hooks_compiler.xml"
Reading XML for "/home/pete/wefwefwef/docs/other/4800706347/repo/v0.1.2/.xml/specs_hooks.xml"
Reading XML for "/home/pete/wefwefwef/docs/other/4800706347/repo/v0.1.2/.xml/specs_hooks_ets.xml"
Generating HTML - hooks_hook_runner_ets "/home/pete/wefwefwef/docs/other/4800706347/repo/v0.1.2/.xml/hooks/hooks_hook_runner_ets.xml"
Reading XML for "/home/pete/wefwefwef/docs/other/4800706347/repo/v0.1.2/.xml/hooks/hooks_hook_runner_ets.xml"
Reading XML for "/home/pete/wefwefwef/docs/other/4800706347/repo/v0.1.2/.xml/specs_hooks_hook_runner_ets.xml"
Generating HTML - hooks_sup "/home/pete/wefwefwef/docs/other/4800706347/repo/v0.1.2/.xml/hooks/hooks_sup.xml"
Reading XML for "/home/pete/wefwefwef/docs/other/4800706347/repo/v0.1.2/.xml/hooks/hooks_sup.xml"
Reading XML for "/home/pete/wefwefwef/docs/other/4800706347/repo/v0.1.2/.xml/specs_hooks_sup.xml"
Generating HTML - hooks_hook_runner_beam "/home/pete/wefwefwef/docs/other/4800706347/repo/v0.1.2/.xml/hooks/hooks_hook_runner_beam.xml"
Reading XML for "/home/pete/wefwefwef/docs/other/4800706347/repo/v0.1.2/.xml/hooks/hooks_hook_runner_beam.xml"
Reading XML for "/home/pete/wefwefwef/docs/other/4800706347/repo/v0.1.2/.xml/specs_hooks_hook_runner_beam.xml"
Creating index.html ...
Creating erldocs_index.js ...
Woot, finished in 0 Minutes 0 Seconds
 :: Discovering other repos
$ 5000  `rm -r '/home/pete/wefwefwef/docs/other/4800706347/hooks-tag-v0.1.2'  2>&1`
 :: Processing https://github.com/wgnet/hooks	{rev,branch,"master","95b38a035659a3fa7be1f582242605e0cf0cf8b1",undefined,[],[]}
 :: Fetching repo code
$ cd "/home/pete/wefwefwef/docs/other/4800706347/hooks-branch-master/hooks"
$ infinity  `curl --fail --silent --show-error --location --output 'master.zip' 'https://github.com/wgnet/hooks/archive/master.zip'  2>&1`
$ cd "/home/pete/wefwefwef/docs/erldocs_other.git"
$ cd "/home/pete/wefwefwef/docs/other/4800706347/hooks-branch-master/hooks"
$ 5000  `find -P . -type l -delete  2>&1`
$ cd "/home/pete/wefwefwef/docs/erldocs_other.git"
$ cd "/home/pete/wefwefwef/docs/other/4800706347/hooks-branch-master/hooks"
$ 5000  `find 'hooks-master' -mindepth 1 -maxdepth 1 -exec mv -t . -- {} +  2>&1`
$ cd "/home/pete/wefwefwef/docs/erldocs_other.git"
 :: Getting dependencies
$ cd "/home/pete/wefwefwef/docs/other/4800706347/hooks-branch-master/hooks"
$ 5000  `ls -1 deps/  2>&1`
$ cd "/home/pete/wefwefwef/docs/erldocs_other.git"
>>> [rebar] deps = []
 :: Generating erldocs into /home/pete/wefwefwef/docs/other/4800706347/repo/master
Building hooks
Generating Type Specs - "/home/pete/wefwefwef/docs/other/4800706347/hooks-branch-master/hooks/src/hooks.erl"
Generating Type Specs - "/home/pete/wefwefwef/docs/other/4800706347/hooks-branch-master/hooks/src/hooks_app.erl"
Generating Type Specs - "/home/pete/wefwefwef/docs/other/4800706347/hooks-branch-master/hooks/src/hooks_compiler.erl"
Generating Type Specs - "/home/pete/wefwefwef/docs/other/4800706347/hooks-branch-master/hooks/src/hooks_ets.erl"
Generating Type Specs - "/home/pete/wefwefwef/docs/other/4800706347/hooks-branch-master/hooks/src/hooks_forms.erl"
Generating Type Specs - "/home/pete/wefwefwef/docs/other/4800706347/hooks-branch-master/hooks/src/hooks_hook_mgr.erl"
Generating Type Specs - "/home/pete/wefwefwef/docs/other/4800706347/hooks-branch-master/hooks/src/hooks_hook_mgr_sup.erl"
Generating Type Specs - "/home/pete/wefwefwef/docs/other/4800706347/hooks-branch-master/hooks/src/hooks_hook_runner_beam.erl"
Generating Type Specs - "/home/pete/wefwefwef/docs/other/4800706347/hooks-branch-master/hooks/src/hooks_hook_runner_ets.erl"
Generating Type Specs - "/home/pete/wefwefwef/docs/other/4800706347/hooks-branch-master/hooks/src/hooks_sup.erl"
Generating Type Specs - "/home/pete/wefwefwef/docs/other/4800706347/hooks-branch-master/hooks/src/hooks_test.erl"
Generating XML for application hooks "/home/pete/wefwefwef/docs/other/4800706347/hooks-branch-master/hooks" -> "/home/pete/wefwefwef/docs/other/4800706347/repo/master/.xml/hooks"
Generated hooks XMLs: ["/home/pete/wefwefwef/docs/other/4800706347/repo/master/.xml/hooks/hooks.xml",
                       "/home/pete/wefwefwef/docs/other/4800706347/repo/master/.xml/hooks/hooks_app.xml",
                       "/home/pete/wefwefwef/docs/other/4800706347/repo/master/.xml/hooks/hooks_forms.xml",
                       "/home/pete/wefwefwef/docs/other/4800706347/repo/master/.xml/hooks/hooks_test.xml",
                       "/home/pete/wefwefwef/docs/other/4800706347/repo/master/.xml/hooks/hooks_compiler.xml",
                       "/home/pete/wefwefwef/docs/other/4800706347/repo/master/.xml/hooks/hooks_hook_mgr_sup.xml",
                       "/home/pete/wefwefwef/docs/other/4800706347/repo/master/.xml/hooks/hooks_hook_runner_beam.xml",
                       "/home/pete/wefwefwef/docs/other/4800706347/repo/master/.xml/hooks/hooks_sup.xml",
                       "/home/pete/wefwefwef/docs/other/4800706347/repo/master/.xml/hooks/hooks_hook_runner_ets.xml",
                       "/home/pete/wefwefwef/docs/other/4800706347/repo/master/.xml/hooks/hooks_ets.xml",
                       "/home/pete/wefwefwef/docs/other/4800706347/repo/master/.xml/hooks/hooks_hook_mgr.xml"]
Generating HTML - hooks_app "/home/pete/wefwefwef/docs/other/4800706347/repo/master/.xml/hooks/hooks_app.xml"
Generating HTML - hooks_test "/home/pete/wefwefwef/docs/other/4800706347/repo/master/.xml/hooks/hooks_test.xml"
Generating HTML - hooks_hook_mgr_sup "/home/pete/wefwefwef/docs/other/4800706347/repo/master/.xml/hooks/hooks_hook_mgr_sup.xml"
Generating HTML - hooks_hook_mgr "/home/pete/wefwefwef/docs/other/4800706347/repo/master/.xml/hooks/hooks_hook_mgr.xml"
Reading XML for "/home/pete/wefwefwef/docs/other/4800706347/repo/master/.xml/hooks/hooks_app.xml"
Reading XML for "/home/pete/wefwefwef/docs/other/4800706347/repo/master/.xml/hooks/hooks_test.xml"
Reading XML for "/home/pete/wefwefwef/docs/other/4800706347/repo/master/.xml/hooks/hooks_hook_mgr_sup.xml"
Reading XML for "/home/pete/wefwefwef/docs/other/4800706347/repo/master/.xml/hooks/hooks_hook_mgr.xml"
Reading XML for "/home/pete/wefwefwef/docs/other/4800706347/repo/master/.xml/specs_hooks_app.xml"
Generating HTML - hooks "/home/pete/wefwefwef/docs/other/4800706347/repo/master/.xml/hooks/hooks.xml"
Reading XML for "/home/pete/wefwefwef/docs/other/4800706347/repo/master/.xml/hooks/hooks.xml"
Reading XML for "/home/pete/wefwefwef/docs/other/4800706347/repo/master/.xml/specs_hooks_hook_mgr_sup.xml"
Reading XML for "/home/pete/wefwefwef/docs/other/4800706347/repo/master/.xml/specs_hooks_test.xml"
Generating HTML - hooks_compiler "/home/pete/wefwefwef/docs/other/4800706347/repo/master/.xml/hooks/hooks_compiler.xml"
Reading XML for "/home/pete/wefwefwef/docs/other/4800706347/repo/master/.xml/hooks/hooks_compiler.xml"
Generating HTML - hooks_forms "/home/pete/wefwefwef/docs/other/4800706347/repo/master/.xml/hooks/hooks_forms.xml"
Reading XML for "/home/pete/wefwefwef/docs/other/4800706347/repo/master/.xml/hooks/hooks_forms.xml"
Reading XML for "/home/pete/wefwefwef/docs/other/4800706347/repo/master/.xml/specs_hooks_hook_mgr.xml"
Generating HTML - hooks_ets "/home/pete/wefwefwef/docs/other/4800706347/repo/master/.xml/hooks/hooks_ets.xml"
Reading XML for "/home/pete/wefwefwef/docs/other/4800706347/repo/master/.xml/hooks/hooks_ets.xml"
Reading XML for "/home/pete/wefwefwef/docs/other/4800706347/repo/master/.xml/specs_hooks_compiler.xml"
Reading XML for "/home/pete/wefwefwef/docs/other/4800706347/repo/master/.xml/specs_hooks.xml"
Reading XML for "/home/pete/wefwefwef/docs/other/4800706347/repo/master/.xml/specs_hooks_forms.xml"
Reading XML for "/home/pete/wefwefwef/docs/other/4800706347/repo/master/.xml/specs_hooks_ets.xml"
Generating HTML - hooks_hook_runner_ets "/home/pete/wefwefwef/docs/other/4800706347/repo/master/.xml/hooks/hooks_hook_runner_ets.xml"
Reading XML for "/home/pete/wefwefwef/docs/other/4800706347/repo/master/.xml/hooks/hooks_hook_runner_ets.xml"
Reading XML for "/home/pete/wefwefwef/docs/other/4800706347/repo/master/.xml/specs_hooks_hook_runner_ets.xml"
Generating HTML - hooks_sup "/home/pete/wefwefwef/docs/other/4800706347/repo/master/.xml/hooks/hooks_sup.xml"
Reading XML for "/home/pete/wefwefwef/docs/other/4800706347/repo/master/.xml/hooks/hooks_sup.xml"
Reading XML for "/home/pete/wefwefwef/docs/other/4800706347/repo/master/.xml/specs_hooks_sup.xml"
Generating HTML - hooks_hook_runner_beam "/home/pete/wefwefwef/docs/other/4800706347/repo/master/.xml/hooks/hooks_hook_runner_beam.xml"
Reading XML for "/home/pete/wefwefwef/docs/other/4800706347/repo/master/.xml/hooks/hooks_hook_runner_beam.xml"
Reading XML for "/home/pete/wefwefwef/docs/other/4800706347/repo/master/.xml/specs_hooks_hook_runner_beam.xml"
Creating index.html ...
Creating erldocs_index.js ...
Woot, finished in 0 Minutes 0 Seconds
 :: Discovering other repos
$ 5000  `rm -r '/home/pete/wefwefwef/docs/other/4800706347/hooks-branch-master'  2>&1`
 :: Finishing up
$ 5000  `rm -r '/home/pete/wefwefwef/docs/other/4800706347/hooks'  2>&1`
