 :: Extracting meta information
$ 5000  `git ls-remote --heads --tags 'https://github.com/dozzie/exmlrpcd'  2>&1`
>>> [repo] 1 branches, 0 tags
 :: Writing meta to "/home/pete/wefwefwef/docs/other/8038479995/meta.txt"
 :: Processing https://github.com/dozzie/exmlrpcd	{rev,branch,"master","69ef44acc6509bcf44c71cd183306aa4d0e4fbf9"}
 :: Fetching repo code
$ cd "/home/pete/wefwefwef/docs/other/8038479995/exmlrpcd-branch-master/exmlrpcd"
$ infinity  `curl --fail --silent --show-error --location --output 'master.zip' 'https://github.com/dozzie/exmlrpcd/archive/master.zip'  2>&1`
$ cd "/home/pete/wefwefwef/docs/erldocs_other.git"
$ cd "/home/pete/wefwefwef/docs/other/8038479995/exmlrpcd-branch-master/exmlrpcd"
$ 5000  `find -P . -type l -delete  2>&1`
$ cd "/home/pete/wefwefwef/docs/erldocs_other.git"
$ cd "/home/pete/wefwefwef/docs/other/8038479995/exmlrpcd-branch-master/exmlrpcd"
$ 5000  `find 'exmlrpcd-master' -mindepth 1 -maxdepth 1 -exec mv -t . -- {} +  2>&1`
$ cd "/home/pete/wefwefwef/docs/erldocs_other.git"
 :: Getting dependencies
$ cd "/home/pete/wefwefwef/docs/other/8038479995/exmlrpcd-branch-master/exmlrpcd"
$ 5000  `ls -1 deps/  2>&1`
$ cd "/home/pete/wefwefwef/docs/erldocs_other.git"
>>> [rebar] deps = []
 :: Generating erldocs into /home/pete/wefwefwef/docs/other/8038479995/repo/master
Building exmlrpcd
Generating Type Specs - "/home/pete/wefwefwef/docs/other/8038479995/exmlrpcd-branch-master/exmlrpcd/src/exmlrpcd.erl"
Generating Type Specs - "/home/pete/wefwefwef/docs/other/8038479995/exmlrpcd-branch-master/exmlrpcd/src/exmlrpcd_app.erl"
Generating Type Specs - "/home/pete/wefwefwef/docs/other/8038479995/exmlrpcd-branch-master/exmlrpcd/src/exmlrpcd_command.erl"
Generating Type Specs - "/home/pete/wefwefwef/docs/other/8038479995/exmlrpcd-branch-master/exmlrpcd/src/exmlrpcd_sup.erl"
Generating Type Specs - "/home/pete/wefwefwef/docs/other/8038479995/exmlrpcd-branch-master/exmlrpcd/src/exmlrpcd_xmerlrpc.erl"
Generating Type Specs - "/home/pete/wefwefwef/docs/other/8038479995/exmlrpcd-branch-master/exmlrpcd/src/mod_exmlrpcd.erl"
Generating XML for application exmlrpcd "/home/pete/wefwefwef/docs/other/8038479995/exmlrpcd-branch-master/exmlrpcd" -> "/home/pete/wefwefwef/docs/other/8038479995/repo/master/.xml/exmlrpcd"
Generated exmlrpcd XMLs: ["/home/pete/wefwefwef/docs/other/8038479995/repo/master/.xml/exmlrpcd/mod_exmlrpcd.xml",
                          "/home/pete/wefwefwef/docs/other/8038479995/repo/master/.xml/exmlrpcd/exmlrpcd_app.xml",
                          "/home/pete/wefwefwef/docs/other/8038479995/repo/master/.xml/exmlrpcd/exmlrpcd_command.xml",
                          "/home/pete/wefwefwef/docs/other/8038479995/repo/master/.xml/exmlrpcd/exmlrpcd_xmerlrpc.xml",
                          "/home/pete/wefwefwef/docs/other/8038479995/repo/master/.xml/exmlrpcd/exmlrpcd_sup.xml",
                          "/home/pete/wefwefwef/docs/other/8038479995/repo/master/.xml/exmlrpcd/exmlrpcd.xml"]
Generating HTML - mod_exmlrpcd "/home/pete/wefwefwef/docs/other/8038479995/repo/master/.xml/exmlrpcd/mod_exmlrpcd.xml"
Generating HTML - exmlrpcd_app "/home/pete/wefwefwef/docs/other/8038479995/repo/master/.xml/exmlrpcd/exmlrpcd_app.xml"
Generating HTML - exmlrpcd_command "/home/pete/wefwefwef/docs/other/8038479995/repo/master/.xml/exmlrpcd/exmlrpcd_command.xml"
Generating HTML - exmlrpcd "/home/pete/wefwefwef/docs/other/8038479995/repo/master/.xml/exmlrpcd/exmlrpcd.xml"
Reading XML for "/home/pete/wefwefwef/docs/other/8038479995/repo/master/.xml/exmlrpcd/mod_exmlrpcd.xml"
Reading XML for "/home/pete/wefwefwef/docs/other/8038479995/repo/master/.xml/exmlrpcd/exmlrpcd_app.xml"
Reading XML for "/home/pete/wefwefwef/docs/other/8038479995/repo/master/.xml/exmlrpcd/exmlrpcd_command.xml"
Reading XML for "/home/pete/wefwefwef/docs/other/8038479995/repo/master/.xml/exmlrpcd/exmlrpcd.xml"
Reading XML for "/home/pete/wefwefwef/docs/other/8038479995/repo/master/.xml/specs_mod_exmlrpcd.xml"
Reading XML for "/home/pete/wefwefwef/docs/other/8038479995/repo/master/.xml/specs_exmlrpcd_app.xml"
Reading XML for "/home/pete/wefwefwef/docs/other/8038479995/repo/master/.xml/specs_exmlrpcd_command.xml"
Reading XML for "/home/pete/wefwefwef/docs/other/8038479995/repo/master/.xml/specs_exmlrpcd.xml"
Generating HTML - exmlrpcd_sup "/home/pete/wefwefwef/docs/other/8038479995/repo/master/.xml/exmlrpcd/exmlrpcd_sup.xml"
Reading XML for "/home/pete/wefwefwef/docs/other/8038479995/repo/master/.xml/exmlrpcd/exmlrpcd_sup.xml"
Reading XML for "/home/pete/wefwefwef/docs/other/8038479995/repo/master/.xml/specs_exmlrpcd_sup.xml"
Generating HTML - exmlrpcd_xmerlrpc "/home/pete/wefwefwef/docs/other/8038479995/repo/master/.xml/exmlrpcd/exmlrpcd_xmerlrpc.xml"
Reading XML for "/home/pete/wefwefwef/docs/other/8038479995/repo/master/.xml/exmlrpcd/exmlrpcd_xmerlrpc.xml"
Reading XML for "/home/pete/wefwefwef/docs/other/8038479995/repo/master/.xml/specs_exmlrpcd_xmerlrpc.xml"
Creating index.html ...
Creating erldocs_index.js ...
Woot, finished in 0 Minutes 0 Seconds
 :: Discovering other repos
$ 5000  `rm -r '/home/pete/wefwefwef/docs/other/8038479995/exmlrpcd-branch-master'  2>&1`
 :: Erldocs finishing up
$ 5000  `rm -r '/home/pete/wefwefwef/docs/other/8038479995/exmlrpcd'  2>&1`
