 :: Extracting meta information
$ cd '.'
$ infinity  `git ls-remote --heads --tags https://github.com/pspdfkit/pspdfkit-titanium`
>>> [repo] 2 branches, 16 tags
 :: Writing meta to "/home/pete/wefwefwef/docs/other/b64dac8c6be55bd11f74a3eaa9a8f8402855feed/meta.txt"
 :: Skipping tag "3.3.1"
 :: Skipping tag "3.3.2"
 :: Skipping tag "3.3.4"
 :: Skipping tag "3.4.5"
 :: Skipping tag "3.6.1"
 :: Skipping tag "3.6.2"
 :: Skipping tag "3.6.3"
 :: Skipping tag "3.7.0"
 :: Skipping tag "3.7.13"
 :: Skipping tag "3.7.5"
 :: Skipping tag "4.0.2"
 :: Skipping tag "4.0.3"
 :: Skipping tag "4.2.0"
 :: Skipping tag "4.2.1"
 :: Skipping tag "4.4.13"
 :: Skipping tag "4.4.2"
 :: Skipping branch "v5"
 :: Processing https://github.com/pspdfkit/pspdfkit-titanium	{rev,branch,"master","acfe4e217036b7dcfb1f318281319074e91b35ab",undefined,[],[]}
 :: Fetching repo code
$ cd '/home/pete/wefwefwef/docs/other/b64dac8c6be55bd11f74a3eaa9a8f8402855feed/pspdfkit-titanium-branch-master'
$ infinity  `curl --fail --silent --show-error --location --output repo.tar.gz https://codeload.github.com/pspdfkit/pspdfkit-titanium/tar.gz/master`
$ cd '/home/pete/wefwefwef/docs/other/b64dac8c6be55bd11f74a3eaa9a8f8402855feed/pspdfkit-titanium-branch-master/PSPDFKit-Titanium-master'
$ 5000  `find -P . -type l -delete`
$ cd '.'
$ 5000  `mv /home/pete/wefwefwef/docs/other/b64dac8c6be55bd11f74a3eaa9a8f8402855feed/pspdfkit-titanium-branch-master/PSPDFKit-Titanium-master /home/pete/wefwefwef/docs/other/b64dac8c6be55bd11f74a3eaa9a8f8402855feed/pspdfkit-titanium-branch-master/pspdfkit-titanium`
 :: Getting dependencies
$ cd '/home/pete/wefwefwef/docs/other/b64dac8c6be55bd11f74a3eaa9a8f8402855feed/pspdfkit-titanium-branch-master/pspdfkit-titanium'
$ infinity  `git submodule update --init --recursive`
 :: Generating erldocs into /home/pete/wefwefwef/docs/other/b64dac8c6be55bd11f74a3eaa9a8f8402855feed/repo/master
Building pspdfkit-titanium
Generating XML for application pspdfkit-titanium "/home/pete/wefwefwef/docs/other/b64dac8c6be55bd11f74a3eaa9a8f8402855feed/pspdfkit-titanium-branch-master/pspdfkit-titanium" -> "/home/pete/wefwefwef/docs/other/b64dac8c6be55bd11f74a3eaa9a8f8402855feed/repo/master/.xml/pspdfkit-titanium"
Generated pspdfkit-titanium XMLs: []
No documentation was generated!
Woot, finished in 0 Minutes 0 Seconds
 :: Discovering other repos
$ cd '.'
$ 5000  `rm -r /home/pete/wefwefwef/docs/other/b64dac8c6be55bd11f74a3eaa9a8f8402855feed/pspdfkit-titanium-branch-master`
 :: Finishing up
$ cd '.'
$ 5000  `rm -r /home/pete/wefwefwef/docs/other/b64dac8c6be55bd11f74a3eaa9a8f8402855feed/pspdfkit-titanium`
$ cd '.'
$ 5000  `rm -r /home/pete/wefwefwef/docs/other/b64dac8c6be55bd11f74a3eaa9a8f8402855feed/repo/master`
