 :: Extracting meta information
$ 5000  `git ls-remote --heads --tags 'https://github.com/patrickgombert/configurator'  2>&1`
>>> [repo] 1 branches, 0 tags
 :: Writing meta to "/home/pete/wefwefwef/docs/other/3953763829/meta.txt"
 :: Processing https://github.com/patrickgombert/configurator	{rev,branch,"master","78b5e650af00755dba2e174645f3a348d58af6b1",undefined,[],[]}
 :: Fetching repo code
$ cd "/home/pete/wefwefwef/docs/other/3953763829/configurator-branch-master/configurator"
$ infinity  `curl --fail --silent --show-error --location --output 'master.zip' 'https://github.com/patrickgombert/configurator/archive/master.zip'  2>&1`
$ cd "/home/pete/wefwefwef/docs/erldocs_other.git"
$ cd "/home/pete/wefwefwef/docs/other/3953763829/configurator-branch-master/configurator"
$ 5000  `find -P . -type l -delete  2>&1`
$ cd "/home/pete/wefwefwef/docs/erldocs_other.git"
$ cd "/home/pete/wefwefwef/docs/other/3953763829/configurator-branch-master/configurator"
$ 5000  `find 'configurator-master' -mindepth 1 -maxdepth 1 -exec mv -t . -- {} +  2>&1`
$ cd "/home/pete/wefwefwef/docs/erldocs_other.git"
 :: Getting dependencies
$ cd "/home/pete/wefwefwef/docs/other/3953763829/configurator-branch-master/configurator"
$ 5000  `ls -1 deps/  2>&1`
$ cd "/home/pete/wefwefwef/docs/erldocs_other.git"
>>> [rebar] deps = []
 :: Generating erldocs into /home/pete/wefwefwef/docs/other/3953763829/repo/master
Building configurator
Generating Type Specs - "/home/pete/wefwefwef/docs/other/3953763829/configurator-branch-master/configurator/src/configurator.erl"
Generating Type Specs - "/home/pete/wefwefwef/docs/other/3953763829/configurator-branch-master/configurator/src/configurator_app.erl"
Generating Type Specs - "/home/pete/wefwefwef/docs/other/3953763829/configurator-branch-master/configurator/src/configurator_srv.erl"
Generating Type Specs - "/home/pete/wefwefwef/docs/other/3953763829/configurator-branch-master/configurator/src/configurator_sup.erl"
Generating XML for application configurator "/home/pete/wefwefwef/docs/other/3953763829/configurator-branch-master/configurator" -> "/home/pete/wefwefwef/docs/other/3953763829/repo/master/.xml/configurator"
Generated configurator XMLs: ["/home/pete/wefwefwef/docs/other/3953763829/repo/master/.xml/configurator/configurator_app.xml",
                              "/home/pete/wefwefwef/docs/other/3953763829/repo/master/.xml/configurator/configurator.xml",
                              "/home/pete/wefwefwef/docs/other/3953763829/repo/master/.xml/configurator/configurator_sup.xml",
                              "/home/pete/wefwefwef/docs/other/3953763829/repo/master/.xml/configurator/configurator_srv.xml"]
Generating HTML - configurator_app "/home/pete/wefwefwef/docs/other/3953763829/repo/master/.xml/configurator/configurator_app.xml"
Generating HTML - configurator "/home/pete/wefwefwef/docs/other/3953763829/repo/master/.xml/configurator/configurator.xml"
Generating HTML - configurator_sup "/home/pete/wefwefwef/docs/other/3953763829/repo/master/.xml/configurator/configurator_sup.xml"
Generating HTML - configurator_srv "/home/pete/wefwefwef/docs/other/3953763829/repo/master/.xml/configurator/configurator_srv.xml"
Reading XML for "/home/pete/wefwefwef/docs/other/3953763829/repo/master/.xml/configurator/configurator_app.xml"
Reading XML for "/home/pete/wefwefwef/docs/other/3953763829/repo/master/.xml/configurator/configurator.xml"
Reading XML for "/home/pete/wefwefwef/docs/other/3953763829/repo/master/.xml/configurator/configurator_sup.xml"
Reading XML for "/home/pete/wefwefwef/docs/other/3953763829/repo/master/.xml/configurator/configurator_srv.xml"
Reading XML for "/home/pete/wefwefwef/docs/other/3953763829/repo/master/.xml/specs_configurator_app.xml"
Reading XML for "/home/pete/wefwefwef/docs/other/3953763829/repo/master/.xml/specs_configurator.xml"
Reading XML for "/home/pete/wefwefwef/docs/other/3953763829/repo/master/.xml/specs_configurator_sup.xml"
Reading XML for "/home/pete/wefwefwef/docs/other/3953763829/repo/master/.xml/specs_configurator_srv.xml"
Creating index.html ...
Creating erldocs_index.js ...
Woot, finished in 0 Minutes 0 Seconds
 :: Discovering other repos
$ 5000  `rm -r '/home/pete/wefwefwef/docs/other/3953763829/configurator-branch-master'  2>&1`
 :: Finishing up
$ 5000  `rm -r '/home/pete/wefwefwef/docs/other/3953763829/configurator'  2>&1`
