 :: Extracting meta information
$ 5000  `git ls-remote --heads --tags 'https://github.com/dvv/msgpack'  2>&1`
>>> [repo] 1 branches, 0 tags
 :: Writing meta to "/home/pete/wefwefwef/docs/other/3175287126/meta.txt"
 :: Processing https://github.com/dvv/msgpack	{rev,branch,"master","a32e3d0f8f14096c9536925a3306ae98f9cf7c67"}
 :: Fetching repo code
$ cd "/home/pete/wefwefwef/docs/other/3175287126/msgpack-branch-master/msgpack"
$ infinity  `curl --fail --silent --show-error --location --output 'master.zip' 'https://github.com/dvv/msgpack/archive/master.zip'  2>&1`
$ cd "/home/pete/wefwefwef/docs/erldocs_other.git"
$ cd "/home/pete/wefwefwef/docs/other/3175287126/msgpack-branch-master/msgpack"
$ 5000  `find -P . -type l -delete  2>&1`
$ cd "/home/pete/wefwefwef/docs/erldocs_other.git"
$ cd "/home/pete/wefwefwef/docs/other/3175287126/msgpack-branch-master/msgpack"
$ 5000  `find 'msgpack-master' -mindepth 1 -maxdepth 1 -exec mv -t . -- {} +  2>&1`
$ cd "/home/pete/wefwefwef/docs/erldocs_other.git"
 :: Getting dependencies
$ cd "/home/pete/wefwefwef/docs/other/3175287126/msgpack-branch-master/msgpack"
$ 5000  `ls -1 deps/  2>&1`
$ cd "/home/pete/wefwefwef/docs/erldocs_other.git"
>>> [rebar] deps = []
 :: Generating erldocs into /home/pete/wefwefwef/docs/other/3175287126/repo/master
Building msgpack
Generating Type Specs - "/home/pete/wefwefwef/docs/other/3175287126/msgpack-branch-master/msgpack/src/msgpack.erl"
Generating XML for application msgpack "/home/pete/wefwefwef/docs/other/3175287126/msgpack-branch-master/msgpack" -> "/home/pete/wefwefwef/docs/other/3175287126/repo/master/.xml/msgpack"
Generated msgpack XMLs: ["/home/pete/wefwefwef/docs/other/3175287126/repo/master/.xml/msgpack/msgpack.xml"]
Generating HTML - msgpack "/home/pete/wefwefwef/docs/other/3175287126/repo/master/.xml/msgpack/msgpack.xml"
Reading XML for "/home/pete/wefwefwef/docs/other/3175287126/repo/master/.xml/msgpack/msgpack.xml"
Reading XML for "/home/pete/wefwefwef/docs/other/3175287126/repo/master/.xml/specs_msgpack.xml"
Creating index.html ...
Creating erldocs_index.js ...
Woot, finished in 0 Minutes 0 Seconds
 :: Discovering other repos
$ 5000  `rm -r '/home/pete/wefwefwef/docs/other/3175287126/msgpack-branch-master'  2>&1`
 :: Erldocs finishing up
$ 5000  `rm -r '/home/pete/wefwefwef/docs/other/3175287126/msgpack'  2>&1`
