 :: Extracting meta information
$ 5000  `git ls-remote --heads --tags 'https://github.com/simonunge/patience'  2>&1`
>>> [repo] 2 branches, 0 tags
 :: Writing meta to "/home/pete/wefwefwef/docs/other/7317954005/meta.txt"
 :: Processing https://github.com/simonunge/patience	{rev,branch,"master","f7954b70a53093bbf4114f9aba1c4b3c81bac590",undefined,[],[]}
 :: Fetching repo code
$ cd "/home/pete/wefwefwef/docs/other/7317954005/patience-branch-master/patience"
$ infinity  `curl --fail --silent --show-error --location --output 'master.zip' 'https://github.com/simonunge/patience/archive/master.zip'  2>&1`
$ cd "/home/pete/wefwefwef/docs/erldocs_other.git"
$ cd "/home/pete/wefwefwef/docs/other/7317954005/patience-branch-master/patience"
$ 5000  `find -P . -type l -delete  2>&1`
$ cd "/home/pete/wefwefwef/docs/erldocs_other.git"
$ cd "/home/pete/wefwefwef/docs/other/7317954005/patience-branch-master/patience"
$ 5000  `find 'patience-master' -mindepth 1 -maxdepth 1 -exec mv -t . -- {} +  2>&1`
$ cd "/home/pete/wefwefwef/docs/erldocs_other.git"
 :: Getting dependencies
$ cd "/home/pete/wefwefwef/docs/other/7317954005/patience-branch-master/patience"
$ 5000  `ls -1 deps/  2>&1`
$ cd "/home/pete/wefwefwef/docs/erldocs_other.git"
>>> [rebar] deps = []
 :: Generating erldocs into /home/pete/wefwefwef/docs/other/7317954005/repo/master
Building patience
Generating Type Specs - "/home/pete/wefwefwef/docs/other/7317954005/patience-branch-master/patience/src/patience_game_app.erl"
Generating Type Specs - "/home/pete/wefwefwef/docs/other/7317954005/patience-branch-master/patience/src/patience_game_sup.erl"
Generating Type Specs - "/home/pete/wefwefwef/docs/other/7317954005/patience-branch-master/patience/src/patience_manager.erl"
Generating Type Specs - "/home/pete/wefwefwef/docs/other/7317954005/patience-branch-master/patience/src/pile_util.erl"
Generating XML for application patience "/home/pete/wefwefwef/docs/other/7317954005/patience-branch-master/patience" -> "/home/pete/wefwefwef/docs/other/7317954005/repo/master/.xml/patience"
Generated patience XMLs: ["/home/pete/wefwefwef/docs/other/7317954005/repo/master/.xml/patience/patience_game_app.xml",
                          "/home/pete/wefwefwef/docs/other/7317954005/repo/master/.xml/patience/pile_util.xml",
                          "/home/pete/wefwefwef/docs/other/7317954005/repo/master/.xml/patience/patience_manager.xml",
                          "/home/pete/wefwefwef/docs/other/7317954005/repo/master/.xml/patience/patience_game_sup.xml"]
Generating HTML - patience_game_app "/home/pete/wefwefwef/docs/other/7317954005/repo/master/.xml/patience/patience_game_app.xml"
Generating HTML - pile_util "/home/pete/wefwefwef/docs/other/7317954005/repo/master/.xml/patience/pile_util.xml"
Generating HTML - patience_manager "/home/pete/wefwefwef/docs/other/7317954005/repo/master/.xml/patience/patience_manager.xml"
Generating HTML - patience_game_sup "/home/pete/wefwefwef/docs/other/7317954005/repo/master/.xml/patience/patience_game_sup.xml"
Reading XML for "/home/pete/wefwefwef/docs/other/7317954005/repo/master/.xml/patience/patience_game_app.xml"
Reading XML for "/home/pete/wefwefwef/docs/other/7317954005/repo/master/.xml/patience/pile_util.xml"
Reading XML for "/home/pete/wefwefwef/docs/other/7317954005/repo/master/.xml/patience/patience_manager.xml"
Reading XML for "/home/pete/wefwefwef/docs/other/7317954005/repo/master/.xml/patience/patience_game_sup.xml"
Reading XML for "/home/pete/wefwefwef/docs/other/7317954005/repo/master/.xml/specs_patience_game_app.xml"
Reading XML for "/home/pete/wefwefwef/docs/other/7317954005/repo/master/.xml/specs_pile_util.xml"
Reading XML for "/home/pete/wefwefwef/docs/other/7317954005/repo/master/.xml/specs_patience_manager.xml"
Reading XML for "/home/pete/wefwefwef/docs/other/7317954005/repo/master/.xml/specs_patience_game_sup.xml"
Creating index.html ...
Creating erldocs_index.js ...
Woot, finished in 0 Minutes 0 Seconds
 :: Discovering other repos
$ 5000  `rm -r '/home/pete/wefwefwef/docs/other/7317954005/patience-branch-master'  2>&1`
 :: Processing https://github.com/simonunge/patience	{rev,branch,"unstable","35dceffd349e7995b228215aa5aaf99f31784e14",undefined,[],[]}
 :: Fetching repo code
$ cd "/home/pete/wefwefwef/docs/other/7317954005/patience-branch-unstable/patience"
$ infinity  `curl --fail --silent --show-error --location --output 'unstable.zip' 'https://github.com/simonunge/patience/archive/unstable.zip'  2>&1`
$ cd "/home/pete/wefwefwef/docs/erldocs_other.git"
$ cd "/home/pete/wefwefwef/docs/other/7317954005/patience-branch-unstable/patience"
$ 5000  `find -P . -type l -delete  2>&1`
$ cd "/home/pete/wefwefwef/docs/erldocs_other.git"
$ cd "/home/pete/wefwefwef/docs/other/7317954005/patience-branch-unstable/patience"
$ 5000  `find 'patience-unstable' -mindepth 1 -maxdepth 1 -exec mv -t . -- {} +  2>&1`
$ cd "/home/pete/wefwefwef/docs/erldocs_other.git"
 :: Getting dependencies
$ cd "/home/pete/wefwefwef/docs/other/7317954005/patience-branch-unstable/patience"
$ 5000  `ls -1 deps/  2>&1`
$ cd "/home/pete/wefwefwef/docs/erldocs_other.git"
>>> [rebar] deps = []
 :: Generating erldocs into /home/pete/wefwefwef/docs/other/7317954005/repo/unstable
Building patience
Generating Type Specs - "/home/pete/wefwefwef/docs/other/7317954005/patience-branch-unstable/patience/src/patience_game_app.erl"
Generating Type Specs - "/home/pete/wefwefwef/docs/other/7317954005/patience-branch-unstable/patience/src/patience_game_sup.erl"
Generating Type Specs - "/home/pete/wefwefwef/docs/other/7317954005/patience-branch-unstable/patience/src/patience_manager.erl"
Generating Type Specs - "/home/pete/wefwefwef/docs/other/7317954005/patience-branch-unstable/patience/src/pile_util.erl"
Generating XML for application patience "/home/pete/wefwefwef/docs/other/7317954005/patience-branch-unstable/patience" -> "/home/pete/wefwefwef/docs/other/7317954005/repo/unstable/.xml/patience"
Generated patience XMLs: ["/home/pete/wefwefwef/docs/other/7317954005/repo/unstable/.xml/patience/patience_game_app.xml",
                          "/home/pete/wefwefwef/docs/other/7317954005/repo/unstable/.xml/patience/pile_util.xml",
                          "/home/pete/wefwefwef/docs/other/7317954005/repo/unstable/.xml/patience/patience_manager.xml",
                          "/home/pete/wefwefwef/docs/other/7317954005/repo/unstable/.xml/patience/patience_game_sup.xml"]
Generating HTML - patience_game_app "/home/pete/wefwefwef/docs/other/7317954005/repo/unstable/.xml/patience/patience_game_app.xml"
Generating HTML - pile_util "/home/pete/wefwefwef/docs/other/7317954005/repo/unstable/.xml/patience/pile_util.xml"
Generating HTML - patience_manager "/home/pete/wefwefwef/docs/other/7317954005/repo/unstable/.xml/patience/patience_manager.xml"
Generating HTML - patience_game_sup "/home/pete/wefwefwef/docs/other/7317954005/repo/unstable/.xml/patience/patience_game_sup.xml"
Reading XML for "/home/pete/wefwefwef/docs/other/7317954005/repo/unstable/.xml/patience/patience_game_app.xml"
Reading XML for "/home/pete/wefwefwef/docs/other/7317954005/repo/unstable/.xml/patience/pile_util.xml"
Reading XML for "/home/pete/wefwefwef/docs/other/7317954005/repo/unstable/.xml/patience/patience_manager.xml"
Reading XML for "/home/pete/wefwefwef/docs/other/7317954005/repo/unstable/.xml/patience/patience_game_sup.xml"
Reading XML for "/home/pete/wefwefwef/docs/other/7317954005/repo/unstable/.xml/specs_patience_game_app.xml"
Reading XML for "/home/pete/wefwefwef/docs/other/7317954005/repo/unstable/.xml/specs_patience_manager.xml"
Reading XML for "/home/pete/wefwefwef/docs/other/7317954005/repo/unstable/.xml/specs_pile_util.xml"
Reading XML for "/home/pete/wefwefwef/docs/other/7317954005/repo/unstable/.xml/specs_patience_game_sup.xml"
Creating index.html ...
Creating erldocs_index.js ...
Woot, finished in 0 Minutes 0 Seconds
 :: Discovering other repos
$ 5000  `rm -r '/home/pete/wefwefwef/docs/other/7317954005/patience-branch-unstable'  2>&1`
 :: Finishing up
$ 5000  `rm -r '/home/pete/wefwefwef/docs/other/7317954005/patience'  2>&1`
