 :: Extracting meta information
$ 5000  `git ls-remote --heads --tags 'https://github.com/tjchaplin/mnesia_adapter'  2>&1`
>>> [repo] 1 branches, 0 tags
 :: Writing meta to "/home/pete/wefwefwef/docs/other/3926984769/meta.txt"
 :: Processing https://github.com/tjchaplin/mnesia_adapter	{rev,branch,"master","4c91c269fcac3a59c2b36c0661870daa1d5bf015"}
 :: Fetching repo code
$ cd "/home/pete/wefwefwef/docs/other/3926984769/mnesia_adapter-branch-master/mnesia_adapter"
$ infinity  `curl --fail --silent --show-error --location --output 'master.zip' 'https://github.com/tjchaplin/mnesia_adapter/archive/master.zip'  2>&1`
$ cd "/home/pete/wefwefwef/docs/erldocs_other.git"
$ cd "/home/pete/wefwefwef/docs/other/3926984769/mnesia_adapter-branch-master/mnesia_adapter"
$ 5000  `find -P . -type l -delete  2>&1`
$ cd "/home/pete/wefwefwef/docs/erldocs_other.git"
$ cd "/home/pete/wefwefwef/docs/other/3926984769/mnesia_adapter-branch-master/mnesia_adapter"
$ 5000  `find 'mnesia_adapter-master' -mindepth 1 -maxdepth 1 -exec mv -t . -- {} +  2>&1`
$ cd "/home/pete/wefwefwef/docs/erldocs_other.git"
 :: Getting dependencies
$ cd "/home/pete/wefwefwef/docs/other/3926984769/mnesia_adapter-branch-master/mnesia_adapter"
$ 5000  `ls -1 deps/  2>&1`
$ cd "/home/pete/wefwefwef/docs/erldocs_other.git"
>>> [rebar] deps = []
 :: Generating erldocs into /home/pete/wefwefwef/docs/other/3926984769/repo/master
Building mnesia_adapter
Generating Type Specs - "/home/pete/wefwefwef/docs/other/3926984769/mnesia_adapter-branch-master/mnesia_adapter/src/mnesia_adapter.erl"
Generating Type Specs - "/home/pete/wefwefwef/docs/other/3926984769/mnesia_adapter-branch-master/mnesia_adapter/src/mnesia_adapter_app.erl"
Generating Type Specs - "/home/pete/wefwefwef/docs/other/3926984769/mnesia_adapter-branch-master/mnesia_adapter/src/mnesia_adapter_sup.erl"
Generating XML for application mnesia_adapter "/home/pete/wefwefwef/docs/other/3926984769/mnesia_adapter-branch-master/mnesia_adapter" -> "/home/pete/wefwefwef/docs/other/3926984769/repo/master/.xml/mnesia_adapter"
Generated mnesia_adapter XMLs: ["/home/pete/wefwefwef/docs/other/3926984769/repo/master/.xml/mnesia_adapter/mnesia_adapter.xml",
                                "/home/pete/wefwefwef/docs/other/3926984769/repo/master/.xml/mnesia_adapter/mnesia_adapter_app.xml",
                                "/home/pete/wefwefwef/docs/other/3926984769/repo/master/.xml/mnesia_adapter/mnesia_adapter_sup.xml"]
Generating HTML - mnesia_adapter_sup "/home/pete/wefwefwef/docs/other/3926984769/repo/master/.xml/mnesia_adapter/mnesia_adapter_sup.xml"
Reading XML for "/home/pete/wefwefwef/docs/other/3926984769/repo/master/.xml/mnesia_adapter/mnesia_adapter_sup.xml"
Reading XML for "/home/pete/wefwefwef/docs/other/3926984769/repo/master/.xml/specs_mnesia_adapter_sup.xml"
Generating HTML - mnesia_adapter_app "/home/pete/wefwefwef/docs/other/3926984769/repo/master/.xml/mnesia_adapter/mnesia_adapter_app.xml"
Reading XML for "/home/pete/wefwefwef/docs/other/3926984769/repo/master/.xml/mnesia_adapter/mnesia_adapter_app.xml"
Reading XML for "/home/pete/wefwefwef/docs/other/3926984769/repo/master/.xml/specs_mnesia_adapter_app.xml"
Generating HTML - mnesia_adapter "/home/pete/wefwefwef/docs/other/3926984769/repo/master/.xml/mnesia_adapter/mnesia_adapter.xml"
Reading XML for "/home/pete/wefwefwef/docs/other/3926984769/repo/master/.xml/mnesia_adapter/mnesia_adapter.xml"
Reading XML for "/home/pete/wefwefwef/docs/other/3926984769/repo/master/.xml/specs_mnesia_adapter.xml"
Creating index.html ...
Creating erldocs_index.js ...
Woot, finished in 0 Minutes 0 Seconds
 :: Discovering other repos
$ 5000  `rm -r '/home/pete/wefwefwef/docs/other/3926984769/mnesia_adapter-branch-master'  2>&1`
 :: Erldocs finishing up
$ 5000  `rm -r '/home/pete/wefwefwef/docs/other/3926984769/mnesia_adapter'  2>&1`
