 :: Extracting meta information
$ 5000  `git ls-remote --heads --tags 'https://github.com/ian-plosker/stm_erl'  2>&1`
>>> [repo] 2 branches, 0 tags
 :: Writing meta to "/home/pete/wefwefwef/docs/other/2033419705/meta.txt"
 :: Processing https://github.com/ian-plosker/stm_erl	{rev,branch,"igp-binary-support","52190e7675b5caf4b01447b83b43e4205cb856bc",undefined,[],[]}
 :: Fetching repo code
$ cd "/home/pete/wefwefwef/docs/other/2033419705/stm_erl-branch-igp-binary-support/stm_erl"
$ infinity  `curl --fail --silent --show-error --location --output 'igp-binary-support.zip' 'https://github.com/ian-plosker/stm_erl/archive/igp-binary-support.zip'  2>&1`
$ cd "/home/pete/wefwefwef/docs/erldocs_other.git"
$ cd "/home/pete/wefwefwef/docs/other/2033419705/stm_erl-branch-igp-binary-support/stm_erl"
$ 5000  `find -P . -type l -delete  2>&1`
$ cd "/home/pete/wefwefwef/docs/erldocs_other.git"
$ cd "/home/pete/wefwefwef/docs/other/2033419705/stm_erl-branch-igp-binary-support/stm_erl"
$ 5000  `find 'stm_erl-igp-binary-support' -mindepth 1 -maxdepth 1 -exec mv -t . -- {} +  2>&1`
$ cd "/home/pete/wefwefwef/docs/erldocs_other.git"
 :: Getting dependencies
$ cd "/home/pete/wefwefwef/docs/other/2033419705/stm_erl-branch-igp-binary-support/stm_erl"
$ 5000  `ls -1 deps/  2>&1`
$ cd "/home/pete/wefwefwef/docs/erldocs_other.git"
>>> [rebar] deps = []
 :: Generating erldocs into /home/pete/wefwefwef/docs/other/2033419705/repo/igp-binary-support
Building stm_erl
Generating Type Specs - "/home/pete/wefwefwef/docs/other/2033419705/stm_erl-branch-igp-binary-support/stm_erl/src/stm.erl"
EDoc could not process file '/home/pete/wefwefwef/docs/other/2033419705/stm_erl-branch-igp-binary-support/stm_erl/src/stm.erl'
Error generating type specs for "/home/pete/wefwefwef/docs/other/2033419705/stm_erl-branch-igp-binary-support/stm_erl/src/stm.erl"
Generating Type Specs - "/home/pete/wefwefwef/docs/other/2033419705/stm_erl-branch-igp-binary-support/stm_erl/src/stm_app.erl"
EDoc could not process file '/home/pete/wefwefwef/docs/other/2033419705/stm_erl-branch-igp-binary-support/stm_erl/src/stm_app.erl'
Error generating type specs for "/home/pete/wefwefwef/docs/other/2033419705/stm_erl-branch-igp-binary-support/stm_erl/src/stm_app.erl"
Generating Type Specs - "/home/pete/wefwefwef/docs/other/2033419705/stm_erl-branch-igp-binary-support/stm_erl/src/stm_sup.erl"
EDoc could not process file '/home/pete/wefwefwef/docs/other/2033419705/stm_erl-branch-igp-binary-support/stm_erl/src/stm_sup.erl'
Error generating type specs for "/home/pete/wefwefwef/docs/other/2033419705/stm_erl-branch-igp-binary-support/stm_erl/src/stm_sup.erl"
Generating XML for application stm_erl "/home/pete/wefwefwef/docs/other/2033419705/stm_erl-branch-igp-binary-support/stm_erl" -> "/home/pete/wefwefwef/docs/other/2033419705/repo/igp-binary-support/.xml/stm_erl"
edoc: skipping source file '/home/pete/wefwefwef/docs/other/2033419705/stm_erl-branch-igp-binary-support/stm_erl/src/stm_app.erl': {'EXIT',
                                                                                                                              {system_limit,
                                                                                                                               [{ets,
                                                                                                                                 new,
                                                                                                                                 [etypes,
                                                                                                                                  [ordered_set]],
                                                                                                                                 []},
                                                                                                                                {edoc_specs,
                                                                                                                                 add_data,
                                                                                                                                 4,
                                                                                                                                 [{file,
                                                                                                                                   "edoc_specs.erl"},
                                                                                                                                  {line,
                                                                                                                                   109}]},
                                                                                                                                {edoc_extract,
                                                                                                                                 source1,
                                                                                                                                 5,
                                                                                                                                 [{file,
                                                                                                                                   [...]},
                                                                                                                                  {line,...}]},
                                                                                                                                {edoc_doclet,
                                                                                                                                 source,
                                                                                                                                 9,
                                                                                                                                 [{file,...},
                                                                                                                                  {...}]},
                                                                                                                                {lists,
                                                                                                                                 foldl,
                                                                                                                                 3,
                                                                                                                                 [{...}|...]},
                                                                                                                                {edoc_doclet,
                                                                                                                                 sources,
                                                                                                                                 5,
                                                                                                                                 [...]},
                                                                                                                                {edoc_doclet,
                                                                                                                                 gen,
                                                                                                                                 6,...},
                                                                                                                                {edoc_lib,
                                                                                                                                 run_plugin,...}]}}.
edoc: skipping source file '/home/pete/wefwefwef/docs/other/2033419705/stm_erl-branch-igp-binary-support/stm_erl/src/stm_sup.erl': {'EXIT',
                                                                                                                              {system_limit,
                                                                                                                               [{ets,
                                                                                                                                 new,
                                                                                                                                 [etypes,
                                                                                                                                  [ordered_set]],
                                                                                                                                 []},
                                                                                                                                {edoc_specs,
                                                                                                                                 add_data,
                                                                                                                                 4,
                                                                                                                                 [{file,
                                                                                                                                   "edoc_specs.erl"},
                                                                                                                                  {line,
                                                                                                                                   109}]},
                                                                                                                                {edoc_extract,
                                                                                                                                 source1,
                                                                                                                                 5,
                                                                                                                                 [{file,
                                                                                                                                   [...]},
                                                                                                                                  {line,...}]},
                                                                                                                                {edoc_doclet,
                                                                                                                                 source,
                                                                                                                                 9,
                                                                                                                                 [{file,...},
                                                                                                                                  {...}]},
                                                                                                                                {lists,
                                                                                                                                 foldl,
                                                                                                                                 3,
                                                                                                                                 [{...}|...]},
                                                                                                                                {edoc_doclet,
                                                                                                                                 sources,
                                                                                                                                 5,
                                                                                                                                 [...]},
                                                                                                                                {edoc_doclet,
                                                                                                                                 gen,
                                                                                                                                 6,...},
                                                                                                                                {edoc_lib,
                                                                                                                                 run_plugin,...}]}}.
edoc: skipping source file '/home/pete/wefwefwef/docs/other/2033419705/stm_erl-branch-igp-binary-support/stm_erl/src/stm.erl': {'EXIT',
                                                                                                                          {system_limit,
                                                                                                                           [{ets,
                                                                                                                             new,
                                                                                                                             [etypes,
                                                                                                                              [ordered_set]],
                                                                                                                             []},
                                                                                                                            {edoc_specs,
                                                                                                                             add_data,
                                                                                                                             4,
                                                                                                                             [{file,
                                                                                                                               "edoc_specs.erl"},
                                                                                                                              {line,
                                                                                                                               109}]},
                                                                                                                            {edoc_extract,
                                                                                                                             source1,
                                                                                                                             5,
                                                                                                                             [{file,
                                                                                                                               [...]},
                                                                                                                              {line,...}]},
                                                                                                                            {edoc_doclet,
                                                                                                                             source,
                                                                                                                             9,
                                                                                                                             [{file,...},
                                                                                                                              {...}]},
                                                                                                                            {lists,
                                                                                                                             foldl,
                                                                                                                             3,
                                                                                                                             [{...}|...]},
                                                                                                                            {edoc_doclet,
                                                                                                                             sources,
                                                                                                                             5,
                                                                                                                             [...]},
                                                                                                                            {edoc_doclet,
                                                                                                                             gen,
                                                                                                                             6,...},
                                                                                                                            {edoc_lib,
                                                                                                                             run_plugin,...}]}}.
edoc: error in doclet 'edoc_doclet': {'EXIT',error}.
Error generating stm_erl XMLs. Using fallback ...
Generating XML stm_erl - stm "/home/pete/wefwefwef/docs/other/2033419705/stm_erl-branch-igp-binary-support/stm_erl/src/stm.erl" -> "/home/pete/wefwefwef/docs/other/2033419705/repo/igp-binary-support/.xml/stm_erl/stm.xml"
Error generating XML ("/home/pete/wefwefwef/docs/other/2033419705/stm_erl-branch-igp-binary-support/stm_erl/src/stm.erl"): {'EXIT',
                                                                                                                            {system_limit,
                                                                                                                             [{ets,
                                                                                                                               new,
                                                                                                                               [etypes,
                                                                                                                                [ordered_set]],
                                                                                                                               []},
                                                                                                                              {edoc_specs,
                                                                                                                               add_data,
                                                                                                                               4,
                                                                                                                               [{file,
                                                                                                                                 "edoc_specs.erl"},
                                                                                                                                {line,
                                                                                                                                 109}]},
                                                                                                                              {edoc_extract,
                                                                                                                               source1,
                                                                                                                               5,
                                                                                                                               [{file,
                                                                                                                                 "edoc_extract.erl"},
                                                                                                                                {line,
                                                                                                                                 130}]},
                                                                                                                              {edoc,
                                                                                                                               read,
                                                                                                                               2,
                                                                                                                               [{file,
                                                                                                                                 "edoc.erl"},
                                                                                                                                {line,
                                                                                                                                 538}]},
                                                                                                                              {edoc,
                                                                                                                               file,
                                                                                                                               2,
                                                                                                                               [{file,
                                                                                                                                 "edoc.erl"},
                                                                                                                                {line,
                                                                                                                                 116}]},
                                                                                                                              {erldocs_core,
                                                                                                                               '-gen_docsrc/4-fun-1-',
                                                                                                                               5,
                                                                                                                               [{file,
                                                                                                                                 "src/erldocs_core.erl"},
                                                                                                                                {line,
                                                                                                                                 204}]},
                                                                                                                              {lists,
                                                                                                                               foldl,
                                                                                                                               3,
                                                                                                                               [{file,
                                                                                                                                 "lists.erl"},
                                                                                                                                {line,
                                                                                                                                 1261}]},
                                                                                                                              {erldocs_core,
                                                                                                                               tmp_cd,
                                                                                                                               2,
                                                                                                                               [{file,
                                                                                                                                 "src/erldocs_core.erl"},
                                                                                                                                {line,
                                                                                                                                 227}]}]}}
Generating XML stm_erl - stm_app "/home/pete/wefwefwef/docs/other/2033419705/stm_erl-branch-igp-binary-support/stm_erl/src/stm_app.erl" -> "/home/pete/wefwefwef/docs/other/2033419705/repo/igp-binary-support/.xml/stm_erl/stm_app.xml"
Error generating XML ("/home/pete/wefwefwef/docs/other/2033419705/stm_erl-branch-igp-binary-support/stm_erl/src/stm_app.erl"): {'EXIT',
                                                                                                                                {system_limit,
                                                                                                                                 [{ets,
                                                                                                                                   new,
                                                                                                                                   [etypes,
                                                                                                                                    [ordered_set]],
                                                                                                                                   []},
                                                                                                                                  {edoc_specs,
                                                                                                                                   add_data,
                                                                                                                                   4,
                                                                                                                                   [{file,
                                                                                                                                     "edoc_specs.erl"},
                                                                                                                                    {line,
                                                                                                                                     109}]},
                                                                                                                                  {edoc_extract,
                                                                                                                                   source1,
                                                                                                                                   5,
                                                                                                                                   [{file,
                                                                                                                                     "edoc_extract.erl"},
                                                                                                                                    {line,
                                                                                                                                     130}]},
                                                                                                                                  {edoc,
                                                                                                                                   read,
                                                                                                                                   2,
                                                                                                                                   [{file,
                                                                                                                                     "edoc.erl"},
                                                                                                                                    {line,
                                                                                                                                     538}]},
                                                                                                                                  {edoc,
                                                                                                                                   file,
                                                                                                                                   2,
                                                                                                                                   [{file,
                                                                                                                                     "edoc.erl"},
                                                                                                                                    {line,
                                                                                                                                     116}]},
                                                                                                                                  {erldocs_core,
                                                                                                                                   '-gen_docsrc/4-fun-1-',
                                                                                                                                   5,
                                                                                                                                   [{file,
                                                                                                                                     "src/erldocs_core.erl"},
                                                                                                                                    {line,
                                                                                                                                     204}]},
                                                                                                                                  {lists,
                                                                                                                                   foldl,
                                                                                                                                   3,
                                                                                                                                   [{file,
                                                                                                                                     "lists.erl"},
                                                                                                                                    {line,
                                                                                                                                     1261}]},
                                                                                                                                  {erldocs_core,
                                                                                                                                   tmp_cd,
                                                                                                                                   2,
                                                                                                                                   [{file,
                                                                                                                                     "src/erldocs_core.erl"},
                                                                                                                                    {line,
                                                                                                                                     227}]}]}}
Generating XML stm_erl - stm_sup "/home/pete/wefwefwef/docs/other/2033419705/stm_erl-branch-igp-binary-support/stm_erl/src/stm_sup.erl" -> "/home/pete/wefwefwef/docs/other/2033419705/repo/igp-binary-support/.xml/stm_erl/stm_sup.xml"
Error generating XML ("/home/pete/wefwefwef/docs/other/2033419705/stm_erl-branch-igp-binary-support/stm_erl/src/stm_sup.erl"): {'EXIT',
                                                                                                                                {system_limit,
                                                                                                                                 [{ets,
                                                                                                                                   new,
                                                                                                                                   [etypes,
                                                                                                                                    [ordered_set]],
                                                                                                                                   []},
                                                                                                                                  {edoc_specs,
                                                                                                                                   add_data,
                                                                                                                                   4,
                                                                                                                                   [{file,
                                                                                                                                     "edoc_specs.erl"},
                                                                                                                                    {line,
                                                                                                                                     109}]},
                                                                                                                                  {edoc_extract,
                                                                                                                                   source1,
                                                                                                                                   5,
                                                                                                                                   [{file,
                                                                                                                                     "edoc_extract.erl"},
                                                                                                                                    {line,
                                                                                                                                     130}]},
                                                                                                                                  {edoc,
                                                                                                                                   read,
                                                                                                                                   2,
                                                                                                                                   [{file,
                                                                                                                                     "edoc.erl"},
                                                                                                                                    {line,
                                                                                                                                     538}]},
                                                                                                                                  {edoc,
                                                                                                                                   file,
                                                                                                                                   2,
                                                                                                                                   [{file,
                                                                                                                                     "edoc.erl"},
                                                                                                                                    {line,
                                                                                                                                     116}]},
                                                                                                                                  {erldocs_core,
                                                                                                                                   '-gen_docsrc/4-fun-1-',
                                                                                                                                   5,
                                                                                                                                   [{file,
                                                                                                                                     "src/erldocs_core.erl"},
                                                                                                                                    {line,
                                                                                                                                     204}]},
                                                                                                                                  {lists,
                                                                                                                                   foldl,
                                                                                                                                   3,
                                                                                                                                   [{file,
                                                                                                                                     "lists.erl"},
                                                                                                                                    {line,
                                                                                                                                     1261}]},
                                                                                                                                  {erldocs_core,
                                                                                                                                   tmp_cd,
                                                                                                                                   2,
                                                                                                                                   [{file,
                                                                                                                                     "src/erldocs_core.erl"},
                                                                                                                                    {line,
                                                                                                                                     227}]}]}}
No documentation was generated!
Woot, finished in 0 Minutes 0 Seconds
 :: Discovering other repos
$ 5000  `rm -r '/home/pete/wefwefwef/docs/other/2033419705/stm_erl-branch-igp-binary-support'  2>&1`
 :: Processing https://github.com/ian-plosker/stm_erl	{rev,branch,"master","f3c44d67d9f517dcca1798f66f86943477c78113",undefined,[],[]}
 :: Fetching repo code
$ cd "/home/pete/wefwefwef/docs/other/2033419705/stm_erl-branch-master/stm_erl"
$ infinity  `curl --fail --silent --show-error --location --output 'master.zip' 'https://github.com/ian-plosker/stm_erl/archive/master.zip'  2>&1`
$ cd "/home/pete/wefwefwef/docs/erldocs_other.git"
$ cd "/home/pete/wefwefwef/docs/other/2033419705/stm_erl-branch-master/stm_erl"
$ 5000  `find -P . -type l -delete  2>&1`
$ cd "/home/pete/wefwefwef/docs/erldocs_other.git"
$ cd "/home/pete/wefwefwef/docs/other/2033419705/stm_erl-branch-master/stm_erl"
$ 5000  `find 'stm_erl-master' -mindepth 1 -maxdepth 1 -exec mv -t . -- {} +  2>&1`
$ cd "/home/pete/wefwefwef/docs/erldocs_other.git"
 :: Getting dependencies
$ cd "/home/pete/wefwefwef/docs/other/2033419705/stm_erl-branch-master/stm_erl"
$ 5000  `ls -1 deps/  2>&1`
$ cd "/home/pete/wefwefwef/docs/erldocs_other.git"
>>> [rebar] deps = []
 :: Generating erldocs into /home/pete/wefwefwef/docs/other/2033419705/repo/master
Building stm_erl
Generating Type Specs - "/home/pete/wefwefwef/docs/other/2033419705/stm_erl-branch-master/stm_erl/src/stm.erl"
EDoc could not process file '/home/pete/wefwefwef/docs/other/2033419705/stm_erl-branch-master/stm_erl/src/stm.erl'
Error generating type specs for "/home/pete/wefwefwef/docs/other/2033419705/stm_erl-branch-master/stm_erl/src/stm.erl"
Generating Type Specs - "/home/pete/wefwefwef/docs/other/2033419705/stm_erl-branch-master/stm_erl/src/stm_app.erl"
EDoc could not process file '/home/pete/wefwefwef/docs/other/2033419705/stm_erl-branch-master/stm_erl/src/stm_app.erl'
Error generating type specs for "/home/pete/wefwefwef/docs/other/2033419705/stm_erl-branch-master/stm_erl/src/stm_app.erl"
Generating Type Specs - "/home/pete/wefwefwef/docs/other/2033419705/stm_erl-branch-master/stm_erl/src/stm_sup.erl"
EDoc could not process file '/home/pete/wefwefwef/docs/other/2033419705/stm_erl-branch-master/stm_erl/src/stm_sup.erl'
Error generating type specs for "/home/pete/wefwefwef/docs/other/2033419705/stm_erl-branch-master/stm_erl/src/stm_sup.erl"
Generating XML for application stm_erl "/home/pete/wefwefwef/docs/other/2033419705/stm_erl-branch-master/stm_erl" -> "/home/pete/wefwefwef/docs/other/2033419705/repo/master/.xml/stm_erl"
edoc: skipping source file '/home/pete/wefwefwef/docs/other/2033419705/stm_erl-branch-master/stm_erl/src/stm_app.erl': {'EXIT',
                                                                                                                  {system_limit,
                                                                                                                   [{ets,
                                                                                                                     new,
                                                                                                                     [etypes,
                                                                                                                      [ordered_set]],
                                                                                                                     []},
                                                                                                                    {edoc_specs,
                                                                                                                     add_data,
                                                                                                                     4,
                                                                                                                     [{file,
                                                                                                                       "edoc_specs.erl"},
                                                                                                                      {line,
                                                                                                                       109}]},
                                                                                                                    {edoc_extract,
                                                                                                                     source1,
                                                                                                                     5,
                                                                                                                     [{file,
                                                                                                                       [...]},
                                                                                                                      {line,...}]},
                                                                                                                    {edoc_doclet,
                                                                                                                     source,
                                                                                                                     9,
                                                                                                                     [{file,...},
                                                                                                                      {...}]},
                                                                                                                    {lists,
                                                                                                                     foldl,
                                                                                                                     3,
                                                                                                                     [{...}|...]},
                                                                                                                    {edoc_doclet,
                                                                                                                     sources,
                                                                                                                     5,
                                                                                                                     [...]},
                                                                                                                    {edoc_doclet,
                                                                                                                     gen,
                                                                                                                     6,...},
                                                                                                                    {edoc_lib,
                                                                                                                     run_plugin,...}]}}.
edoc: skipping source file '/home/pete/wefwefwef/docs/other/2033419705/stm_erl-branch-master/stm_erl/src/stm_sup.erl': {'EXIT',
                                                                                                                  {system_limit,
                                                                                                                   [{ets,
                                                                                                                     new,
                                                                                                                     [etypes,
                                                                                                                      [ordered_set]],
                                                                                                                     []},
                                                                                                                    {edoc_specs,
                                                                                                                     add_data,
                                                                                                                     4,
                                                                                                                     [{file,
                                                                                                                       "edoc_specs.erl"},
                                                                                                                      {line,
                                                                                                                       109}]},
                                                                                                                    {edoc_extract,
                                                                                                                     source1,
                                                                                                                     5,
                                                                                                                     [{file,
                                                                                                                       [...]},
                                                                                                                      {line,...}]},
                                                                                                                    {edoc_doclet,
                                                                                                                     source,
                                                                                                                     9,
                                                                                                                     [{file,...},
                                                                                                                      {...}]},
                                                                                                                    {lists,
                                                                                                                     foldl,
                                                                                                                     3,
                                                                                                                     [{...}|...]},
                                                                                                                    {edoc_doclet,
                                                                                                                     sources,
                                                                                                                     5,
                                                                                                                     [...]},
                                                                                                                    {edoc_doclet,
                                                                                                                     gen,
                                                                                                                     6,...},
                                                                                                                    {edoc_lib,
                                                                                                                     run_plugin,...}]}}.
edoc: skipping source file '/home/pete/wefwefwef/docs/other/2033419705/stm_erl-branch-master/stm_erl/src/stm.erl': {'EXIT',
                                                                                                              {system_limit,
                                                                                                               [{ets,
                                                                                                                 new,
                                                                                                                 [etypes,
                                                                                                                  [ordered_set]],
                                                                                                                 []},
                                                                                                                {edoc_specs,
                                                                                                                 add_data,
                                                                                                                 4,
                                                                                                                 [{file,
                                                                                                                   "edoc_specs.erl"},
                                                                                                                  {line,
                                                                                                                   109}]},
                                                                                                                {edoc_extract,
                                                                                                                 source1,
                                                                                                                 5,
                                                                                                                 [{file,
                                                                                                                   [...]},
                                                                                                                  {line,...}]},
                                                                                                                {edoc_doclet,
                                                                                                                 source,
                                                                                                                 9,
                                                                                                                 [{file,...},
                                                                                                                  {...}]},
                                                                                                                {lists,
                                                                                                                 foldl,
                                                                                                                 3,
                                                                                                                 [{...}|...]},
                                                                                                                {edoc_doclet,
                                                                                                                 sources,
                                                                                                                 5,
                                                                                                                 [...]},
                                                                                                                {edoc_doclet,
                                                                                                                 gen,
                                                                                                                 6,...},
                                                                                                                {edoc_lib,
                                                                                                                 run_plugin,...}]}}.
edoc: error in doclet 'edoc_doclet': {'EXIT',error}.
Error generating stm_erl XMLs. Using fallback ...
Generating XML stm_erl - stm "/home/pete/wefwefwef/docs/other/2033419705/stm_erl-branch-master/stm_erl/src/stm.erl" -> "/home/pete/wefwefwef/docs/other/2033419705/repo/master/.xml/stm_erl/stm.xml"
Error generating XML ("/home/pete/wefwefwef/docs/other/2033419705/stm_erl-branch-master/stm_erl/src/stm.erl"): {'EXIT',
                                                                                                                {system_limit,
                                                                                                                 [{ets,
                                                                                                                   new,
                                                                                                                   [etypes,
                                                                                                                    [ordered_set]],
                                                                                                                   []},
                                                                                                                  {edoc_specs,
                                                                                                                   add_data,
                                                                                                                   4,
                                                                                                                   [{file,
                                                                                                                     "edoc_specs.erl"},
                                                                                                                    {line,
                                                                                                                     109}]},
                                                                                                                  {edoc_extract,
                                                                                                                   source1,
                                                                                                                   5,
                                                                                                                   [{file,
                                                                                                                     "edoc_extract.erl"},
                                                                                                                    {line,
                                                                                                                     130}]},
                                                                                                                  {edoc,
                                                                                                                   read,
                                                                                                                   2,
                                                                                                                   [{file,
                                                                                                                     "edoc.erl"},
                                                                                                                    {line,
                                                                                                                     538}]},
                                                                                                                  {edoc,
                                                                                                                   file,
                                                                                                                   2,
                                                                                                                   [{file,
                                                                                                                     "edoc.erl"},
                                                                                                                    {line,
                                                                                                                     116}]},
                                                                                                                  {erldocs_core,
                                                                                                                   '-gen_docsrc/4-fun-1-',
                                                                                                                   5,
                                                                                                                   [{file,
                                                                                                                     "src/erldocs_core.erl"},
                                                                                                                    {line,
                                                                                                                     204}]},
                                                                                                                  {lists,
                                                                                                                   foldl,
                                                                                                                   3,
                                                                                                                   [{file,
                                                                                                                     "lists.erl"},
                                                                                                                    {line,
                                                                                                                     1261}]},
                                                                                                                  {erldocs_core,
                                                                                                                   tmp_cd,
                                                                                                                   2,
                                                                                                                   [{file,
                                                                                                                     "src/erldocs_core.erl"},
                                                                                                                    {line,
                                                                                                                     227}]}]}}
Generating XML stm_erl - stm_app "/home/pete/wefwefwef/docs/other/2033419705/stm_erl-branch-master/stm_erl/src/stm_app.erl" -> "/home/pete/wefwefwef/docs/other/2033419705/repo/master/.xml/stm_erl/stm_app.xml"
Error generating XML ("/home/pete/wefwefwef/docs/other/2033419705/stm_erl-branch-master/stm_erl/src/stm_app.erl"): {'EXIT',
                                                                                                                    {system_limit,
                                                                                                                     [{ets,
                                                                                                                       new,
                                                                                                                       [etypes,
                                                                                                                        [ordered_set]],
                                                                                                                       []},
                                                                                                                      {edoc_specs,
                                                                                                                       add_data,
                                                                                                                       4,
                                                                                                                       [{file,
                                                                                                                         "edoc_specs.erl"},
                                                                                                                        {line,
                                                                                                                         109}]},
                                                                                                                      {edoc_extract,
                                                                                                                       source1,
                                                                                                                       5,
                                                                                                                       [{file,
                                                                                                                         "edoc_extract.erl"},
                                                                                                                        {line,
                                                                                                                         130}]},
                                                                                                                      {edoc,
                                                                                                                       read,
                                                                                                                       2,
                                                                                                                       [{file,
                                                                                                                         "edoc.erl"},
                                                                                                                        {line,
                                                                                                                         538}]},
                                                                                                                      {edoc,
                                                                                                                       file,
                                                                                                                       2,
                                                                                                                       [{file,
                                                                                                                         "edoc.erl"},
                                                                                                                        {line,
                                                                                                                         116}]},
                                                                                                                      {erldocs_core,
                                                                                                                       '-gen_docsrc/4-fun-1-',
                                                                                                                       5,
                                                                                                                       [{file,
                                                                                                                         "src/erldocs_core.erl"},
                                                                                                                        {line,
                                                                                                                         204}]},
                                                                                                                      {lists,
                                                                                                                       foldl,
                                                                                                                       3,
                                                                                                                       [{file,
                                                                                                                         "lists.erl"},
                                                                                                                        {line,
                                                                                                                         1261}]},
                                                                                                                      {erldocs_core,
                                                                                                                       tmp_cd,
                                                                                                                       2,
                                                                                                                       [{file,
                                                                                                                         "src/erldocs_core.erl"},
                                                                                                                        {line,
                                                                                                                         227}]}]}}
Generating XML stm_erl - stm_sup "/home/pete/wefwefwef/docs/other/2033419705/stm_erl-branch-master/stm_erl/src/stm_sup.erl" -> "/home/pete/wefwefwef/docs/other/2033419705/repo/master/.xml/stm_erl/stm_sup.xml"
Error generating XML ("/home/pete/wefwefwef/docs/other/2033419705/stm_erl-branch-master/stm_erl/src/stm_sup.erl"): {'EXIT',
                                                                                                                    {system_limit,
                                                                                                                     [{ets,
                                                                                                                       new,
                                                                                                                       [etypes,
                                                                                                                        [ordered_set]],
                                                                                                                       []},
                                                                                                                      {edoc_specs,
                                                                                                                       add_data,
                                                                                                                       4,
                                                                                                                       [{file,
                                                                                                                         "edoc_specs.erl"},
                                                                                                                        {line,
                                                                                                                         109}]},
                                                                                                                      {edoc_extract,
                                                                                                                       source1,
                                                                                                                       5,
                                                                                                                       [{file,
                                                                                                                         "edoc_extract.erl"},
                                                                                                                        {line,
                                                                                                                         130}]},
                                                                                                                      {edoc,
                                                                                                                       read,
                                                                                                                       2,
                                                                                                                       [{file,
                                                                                                                         "edoc.erl"},
                                                                                                                        {line,
                                                                                                                         538}]},
                                                                                                                      {edoc,
                                                                                                                       file,
                                                                                                                       2,
                                                                                                                       [{file,
                                                                                                                         "edoc.erl"},
                                                                                                                        {line,
                                                                                                                         116}]},
                                                                                                                      {erldocs_core,
                                                                                                                       '-gen_docsrc/4-fun-1-',
                                                                                                                       5,
                                                                                                                       [{file,
                                                                                                                         "src/erldocs_core.erl"},
                                                                                                                        {line,
                                                                                                                         204}]},
                                                                                                                      {lists,
                                                                                                                       foldl,
                                                                                                                       3,
                                                                                                                       [{file,
                                                                                                                         "lists.erl"},
                                                                                                                        {line,
                                                                                                                         1261}]},
                                                                                                                      {erldocs_core,
                                                                                                                       tmp_cd,
                                                                                                                       2,
                                                                                                                       [{file,
                                                                                                                         "src/erldocs_core.erl"},
                                                                                                                        {line,
                                                                                                                         227}]}]}}
No documentation was generated!
Woot, finished in 0 Minutes 0 Seconds
 :: Discovering other repos
$ 5000  `rm -r '/home/pete/wefwefwef/docs/other/2033419705/stm_erl-branch-master'  2>&1`
 :: Finishing up
$ 5000  `rm -r '/home/pete/wefwefwef/docs/other/2033419705/stm_erl'  2>&1`
$ 5000  `rm -r '/home/pete/wefwefwef/docs/other/2033419705/repo/igp-binary-support'  2>&1`
$ 5000  `rm -r '/home/pete/wefwefwef/docs/other/2033419705/repo/master'  2>&1`
