 :: Extracting meta information
$ infinity  `git ls-remote --heads --tags 'https://github.com/basho/enm'  2>&1`
>>> [repo] 7 branches, 0 tags
 :: Writing meta to "/home/pete/wefwefwef/docs/other/657d2c1329955339d2897fff437d18f0/meta.txt"
 :: Skipping branch "feature/enm-eqc"
 :: Skipping branch "feature/enm-eqc-expansion"
 :: Skipping branch "lp/syntax-highlighting-in-readme"
 :: Skipping branch "master"
 :: Skipping branch "rpz-export-types"
 :: Skipping branch "vinoski/fix7"
 :: Processing https://github.com/basho/enm	{rev,branch,"vinoski/fix7-round2","5e19468c7512a37cb73b044def05f846f8b1d93f",undefined,[],[]}
 :: Fetching repo code
$ cd '/home/pete/wefwefwef/docs/other/657d2c1329955339d2897fff437d18f0/enm-branch-vinoski_fix7-round2'
$ infinity  `curl --fail --silent --show-error --location --output repo.tar.gz 'https://codeload.github.com/basho/enm/legacy.tar.gz/vinoski/fix7-round2'  2>&1`
$ cd '/home/pete/wefwefwef/docs/erldocs_other.git'
$ cd '/home/pete/wefwefwef/docs/other/657d2c1329955339d2897fff437d18f0/enm-branch-vinoski_fix7-round2/basho-enm-5e19468'
$ 5000  `find -P . -type l -delete  2>&1`
$ cd '/home/pete/wefwefwef/docs/erldocs_other.git'
$ 5000  `mv '/home/pete/wefwefwef/docs/other/657d2c1329955339d2897fff437d18f0/enm-branch-vinoski_fix7-round2/basho-enm-5e19468' '/home/pete/wefwefwef/docs/other/657d2c1329955339d2897fff437d18f0/enm-branch-vinoski_fix7-round2/enm'  2>&1`
 :: Getting dependencies
$ cd '/home/pete/wefwefwef/docs/other/657d2c1329955339d2897fff437d18f0/enm-branch-vinoski_fix7-round2/enm'
$ 5000  `ls -1 deps/  2>&1`
$ cd '/home/pete/wefwefwef/docs/erldocs_other.git'
>>> [rebar] deps = []
 :: Generating erldocs into /home/pete/wefwefwef/docs/other/657d2c1329955339d2897fff437d18f0/repo/vinoski/fix7-round2
Building enm
Generating Type Specs - "/home/pete/wefwefwef/docs/other/657d2c1329955339d2897fff437d18f0/enm-branch-vinoski_fix7-round2/enm/src/enm.erl"
/home/pete/wefwefwef/docs/other/657d2c1329955339d2897fff437d18f0/enm-branch-vinoski_fix7-round2/enm/src/enm.erl, function req/0: at line 226: @spec arity does not match.
EDoc could not process file '/home/pete/wefwefwef/docs/other/657d2c1329955339d2897fff437d18f0/enm-branch-vinoski_fix7-round2/enm/src/enm.erl'
Error generating type specs for "/home/pete/wefwefwef/docs/other/657d2c1329955339d2897fff437d18f0/enm-branch-vinoski_fix7-round2/enm/src/enm.erl"
Generating Type Specs - "/home/pete/wefwefwef/docs/other/657d2c1329955339d2897fff437d18f0/enm-branch-vinoski_fix7-round2/enm/src/enm_app.erl"
Generating Type Specs - "/home/pete/wefwefwef/docs/other/657d2c1329955339d2897fff437d18f0/enm-branch-vinoski_fix7-round2/enm/src/enm_sup.erl"
Generating XML for application enm "/home/pete/wefwefwef/docs/other/657d2c1329955339d2897fff437d18f0/enm-branch-vinoski_fix7-round2/enm" -> "/home/pete/wefwefwef/docs/other/657d2c1329955339d2897fff437d18f0/repo/vinoski/fix7-round2/.xml/enm"
/home/pete/wefwefwef/docs/other/657d2c1329955339d2897fff437d18f0/enm-branch-vinoski_fix7-round2/enm/src/enm.erl, function req/0: at line 225: multiple @spec tag.
edoc: skipping source file '/home/pete/wefwefwef/docs/other/657d2c1329955339d2897fff437d18f0/enm-branch-vinoski_fix7-round2/enm/src/enm.erl': {'EXIT',
                                                                                                                                         error}.
edoc: error in doclet 'edoc_doclet': {'EXIT',error}.
Error generating enm XMLs. Using fallback ...
Generating XML enm - enm "/home/pete/wefwefwef/docs/other/657d2c1329955339d2897fff437d18f0/enm-branch-vinoski_fix7-round2/enm/src/enm.erl" -> "/home/pete/wefwefwef/docs/other/657d2c1329955339d2897fff437d18f0/repo/vinoski/fix7-round2/.xml/enm/enm.xml"
/home/pete/wefwefwef/docs/other/657d2c1329955339d2897fff437d18f0/enm-branch-vinoski_fix7-round2/enm/src/enm.erl, function req/0: at line 225: multiple @spec tag.
Error generating XML ("/home/pete/wefwefwef/docs/other/657d2c1329955339d2897fff437d18f0/enm-branch-vinoski_fix7-round2/enm/src/enm.erl"): {'EXIT',
                                                                                                                                           error}
Generating XML enm - enm_app "/home/pete/wefwefwef/docs/other/657d2c1329955339d2897fff437d18f0/enm-branch-vinoski_fix7-round2/enm/src/enm_app.erl" -> "/home/pete/wefwefwef/docs/other/657d2c1329955339d2897fff437d18f0/repo/vinoski/fix7-round2/.xml/enm/enm_app.xml"
Generating XML enm - enm_sup "/home/pete/wefwefwef/docs/other/657d2c1329955339d2897fff437d18f0/enm-branch-vinoski_fix7-round2/enm/src/enm_sup.erl" -> "/home/pete/wefwefwef/docs/other/657d2c1329955339d2897fff437d18f0/repo/vinoski/fix7-round2/.xml/enm/enm_sup.xml"
Generating HTML - enm_app "/home/pete/wefwefwef/docs/other/657d2c1329955339d2897fff437d18f0/repo/vinoski/fix7-round2/.xml/enm/enm_app.xml"
Reading XML for "/home/pete/wefwefwef/docs/other/657d2c1329955339d2897fff437d18f0/repo/vinoski/fix7-round2/.xml/enm/enm_app.xml"
Reading XML for "/home/pete/wefwefwef/docs/other/657d2c1329955339d2897fff437d18f0/repo/vinoski/fix7-round2/.xml/specs_enm_app.xml"
Generating HTML - enm_sup "/home/pete/wefwefwef/docs/other/657d2c1329955339d2897fff437d18f0/repo/vinoski/fix7-round2/.xml/enm/enm_sup.xml"
Reading XML for "/home/pete/wefwefwef/docs/other/657d2c1329955339d2897fff437d18f0/repo/vinoski/fix7-round2/.xml/enm/enm_sup.xml"
Reading XML for "/home/pete/wefwefwef/docs/other/657d2c1329955339d2897fff437d18f0/repo/vinoski/fix7-round2/.xml/specs_enm_sup.xml"
Creating index.html ...
Creating erldocs_index.js ...
Woot, finished in 0 Minutes 0 Seconds
 :: Discovering other repos
$ 5000  `rm -r '/home/pete/wefwefwef/docs/other/657d2c1329955339d2897fff437d18f0/enm-branch-vinoski_fix7-round2'  2>&1`
 :: Finishing up
$ 5000  `rm -r '/home/pete/wefwefwef/docs/other/657d2c1329955339d2897fff437d18f0/enm'  2>&1`
