 :: Extracting meta information
$ 5000  `git ls-remote --heads --tags 'https://github.com/rvangraan/gen_record'  2>&1`
>>> [repo] 1 branches, 0 tags
 :: Writing meta to "/home/pete/wefwefwef/docs/other/5811362874/meta.txt"
 :: Processing https://github.com/rvangraan/gen_record	{rev,branch,"master","4ddd89bfb6cc0b2e5187652018d871e99b53ab01",undefined,[],[]}
 :: Fetching repo code
$ cd "/home/pete/wefwefwef/docs/other/5811362874/gen_record-branch-master/gen_record"
$ infinity  `curl --fail --silent --show-error --location --output 'master.zip' 'https://github.com/rvangraan/gen_record/archive/master.zip'  2>&1`
$ cd "/home/pete/wefwefwef/docs/erldocs_other.git"
$ cd "/home/pete/wefwefwef/docs/other/5811362874/gen_record-branch-master/gen_record"
$ 5000  `find -P . -type l -delete  2>&1`
$ cd "/home/pete/wefwefwef/docs/erldocs_other.git"
$ cd "/home/pete/wefwefwef/docs/other/5811362874/gen_record-branch-master/gen_record"
$ 5000  `find 'gen_record-master' -mindepth 1 -maxdepth 1 -exec mv -t . -- {} +  2>&1`
$ cd "/home/pete/wefwefwef/docs/erldocs_other.git"
 :: Getting dependencies
$ cd "/home/pete/wefwefwef/docs/other/5811362874/gen_record-branch-master/gen_record"
$ 5000  `ls -1 deps/  2>&1`
$ cd "/home/pete/wefwefwef/docs/erldocs_other.git"
>>> [rebar] deps = []
 :: Generating erldocs into /home/pete/wefwefwef/docs/other/5811362874/repo/master
Building gen_record
Generating Type Specs - "/home/pete/wefwefwef/docs/other/5811362874/gen_record-branch-master/gen_record/src/gen_record.erl"
Generating Type Specs - "/home/pete/wefwefwef/docs/other/5811362874/gen_record-branch-master/gen_record/src/gen_record_transform.erl"
Generating Type Specs - "/home/pete/wefwefwef/docs/other/5811362874/gen_record-branch-master/gen_record/src/trans_utils.erl"
Generating XML for application gen_record "/home/pete/wefwefwef/docs/other/5811362874/gen_record-branch-master/gen_record" -> "/home/pete/wefwefwef/docs/other/5811362874/repo/master/.xml/gen_record"
/home/pete/wefwefwef/docs/other/5811362874/gen_record-branch-master/gen_record/src/gen_record_transform.erl, in module footer: at line 151: tag @doc not allowed here.
edoc: skipping source file '/home/pete/wefwefwef/docs/other/5811362874/gen_record-branch-master/gen_record/src/gen_record_transform.erl': {'EXIT',
                                                                                                                                     error}.
edoc: error in doclet 'edoc_doclet': {'EXIT',error}.
Error generating gen_record XMLs. Using fallback ...
Generating XML gen_record - gen_record "/home/pete/wefwefwef/docs/other/5811362874/gen_record-branch-master/gen_record/src/gen_record.erl" -> "/home/pete/wefwefwef/docs/other/5811362874/repo/master/.xml/gen_record/gen_record.xml"
Generating XML gen_record - gen_record_transform "/home/pete/wefwefwef/docs/other/5811362874/gen_record-branch-master/gen_record/src/gen_record_transform.erl" -> "/home/pete/wefwefwef/docs/other/5811362874/repo/master/.xml/gen_record/gen_record_transform.xml"
/home/pete/wefwefwef/docs/other/5811362874/gen_record-branch-master/gen_record/src/gen_record_transform.erl, in module footer: at line 151: tag @doc not allowed here.
Error generating XML ("/home/pete/wefwefwef/docs/other/5811362874/gen_record-branch-master/gen_record/src/gen_record_transform.erl"): {'EXIT',
                                                                                                                                       error}
Generating XML gen_record - trans_utils "/home/pete/wefwefwef/docs/other/5811362874/gen_record-branch-master/gen_record/src/trans_utils.erl" -> "/home/pete/wefwefwef/docs/other/5811362874/repo/master/.xml/gen_record/trans_utils.xml"
Generating HTML - gen_record "/home/pete/wefwefwef/docs/other/5811362874/repo/master/.xml/gen_record/gen_record.xml"
Reading XML for "/home/pete/wefwefwef/docs/other/5811362874/repo/master/.xml/gen_record/gen_record.xml"
Reading XML for "/home/pete/wefwefwef/docs/other/5811362874/repo/master/.xml/specs_gen_record.xml"
Generating HTML - trans_utils "/home/pete/wefwefwef/docs/other/5811362874/repo/master/.xml/gen_record/trans_utils.xml"
Reading XML for "/home/pete/wefwefwef/docs/other/5811362874/repo/master/.xml/gen_record/trans_utils.xml"
Reading XML for "/home/pete/wefwefwef/docs/other/5811362874/repo/master/.xml/specs_trans_utils.xml"
Creating index.html ...
Creating erldocs_index.js ...
Woot, finished in 0 Minutes 0 Seconds
 :: Discovering other repos
$ 5000  `rm -r '/home/pete/wefwefwef/docs/other/5811362874/gen_record-branch-master'  2>&1`
 :: Finishing up
$ 5000  `rm -r '/home/pete/wefwefwef/docs/other/5811362874/gen_record'  2>&1`
