 :: Extracting meta information
$ infinity  `git ls-remote --heads --tags 'https://github.com/wooga/eredis'  2>&1`
>>> [repo] 5 branches, 16 tags
 :: Writing meta to "/home/pete/wefwefwef/docs/other/b727e6a6beeb9593203cee03f6a2a924/meta.txt"
 :: Skipping tag "v0.1.0"
 :: Skipping tag "v0.2.0"
 :: Skipping tag "v0.3.0"
 :: Skipping tag "v0.4.0"
 :: Skipping tag "v0.5.0"
 :: Skipping tag "v0.6.0"
 :: Skipping tag "v0.7.0"
 :: Skipping tag "v1.0"
 :: Skipping tag "v1.0.1"
 :: Skipping tag "v1.0.2"
 :: Skipping tag "v1.0.3"
 :: Skipping tag "v1.0.4"
 :: Skipping tag "v1.0.5"
 :: Skipping tag "v1.0.6"
 :: Skipping tag "v1.0.7"
 :: Skipping tag "v1.0.8"
 :: Skipping branch "pipeline"
 :: Skipping branch "pubsub"
 :: Skipping branch "pubsub2"
 :: Skipping branch "revert-58-verbose_reconnects"
 :: Processing https://github.com/wooga/eredis	{rev,branch,"master","770f828918db710d0c0958c6df63e90a4d341ed7",undefined,[],[]}
 :: Fetching repo code
$ cd '/home/pete/wefwefwef/docs/other/b727e6a6beeb9593203cee03f6a2a924/eredis-branch-master'
$ infinity  `curl --fail --silent --show-error --location --output repo.tar.gz 'https://codeload.github.com/wooga/eredis/legacy.tar.gz/master'  2>&1`
$ cd '/home/pete/wefwefwef/docs/erldocs_other.git'
$ cd '/home/pete/wefwefwef/docs/other/b727e6a6beeb9593203cee03f6a2a924/eredis-branch-master/wooga-eredis-770f828'
$ 5000  `find -P . -type l -delete  2>&1`
$ cd '/home/pete/wefwefwef/docs/erldocs_other.git'
$ 5000  `mv '/home/pete/wefwefwef/docs/other/b727e6a6beeb9593203cee03f6a2a924/eredis-branch-master/wooga-eredis-770f828' '/home/pete/wefwefwef/docs/other/b727e6a6beeb9593203cee03f6a2a924/eredis-branch-master/eredis'  2>&1`
 :: Getting dependencies
$ cd '/home/pete/wefwefwef/docs/other/b727e6a6beeb9593203cee03f6a2a924/eredis-branch-master/eredis'
$ 5000  `ls -1 deps/  2>&1`
$ cd '/home/pete/wefwefwef/docs/erldocs_other.git'
>>> [rebar] deps = []
 :: Generating erldocs into /home/pete/wefwefwef/docs/other/b727e6a6beeb9593203cee03f6a2a924/repo/master
Building eredis
Generating Type Specs - "/home/pete/wefwefwef/docs/other/b727e6a6beeb9593203cee03f6a2a924/eredis-branch-master/eredis/src/basho_bench_driver_eredis.erl"
Generating Type Specs - "/home/pete/wefwefwef/docs/other/b727e6a6beeb9593203cee03f6a2a924/eredis-branch-master/eredis/src/basho_bench_driver_erldis.erl"
Generating Type Specs - "/home/pete/wefwefwef/docs/other/b727e6a6beeb9593203cee03f6a2a924/eredis-branch-master/eredis/src/eredis.erl"
Generating Type Specs - "/home/pete/wefwefwef/docs/other/b727e6a6beeb9593203cee03f6a2a924/eredis-branch-master/eredis/src/eredis_client.erl"
Generating Type Specs - "/home/pete/wefwefwef/docs/other/b727e6a6beeb9593203cee03f6a2a924/eredis-branch-master/eredis/src/eredis_parser.erl"
Generating Type Specs - "/home/pete/wefwefwef/docs/other/b727e6a6beeb9593203cee03f6a2a924/eredis-branch-master/eredis/src/eredis_sub.erl"
Generating Type Specs - "/home/pete/wefwefwef/docs/other/b727e6a6beeb9593203cee03f6a2a924/eredis-branch-master/eredis/src/eredis_sub_client.erl"
Generating XML for application eredis "/home/pete/wefwefwef/docs/other/b727e6a6beeb9593203cee03f6a2a924/eredis-branch-master/eredis" -> "/home/pete/wefwefwef/docs/other/b727e6a6beeb9593203cee03f6a2a924/repo/master/.xml/eredis"
Generated eredis XMLs: ["/home/pete/wefwefwef/docs/other/b727e6a6beeb9593203cee03f6a2a924/repo/master/.xml/eredis/basho_bench_driver_erldis.xml",
                        "/home/pete/wefwefwef/docs/other/b727e6a6beeb9593203cee03f6a2a924/repo/master/.xml/eredis/eredis_parser.xml",
                        "/home/pete/wefwefwef/docs/other/b727e6a6beeb9593203cee03f6a2a924/repo/master/.xml/eredis/basho_bench_driver_eredis.xml",
                        "/home/pete/wefwefwef/docs/other/b727e6a6beeb9593203cee03f6a2a924/repo/master/.xml/eredis/eredis_sub_client.xml",
                        "/home/pete/wefwefwef/docs/other/b727e6a6beeb9593203cee03f6a2a924/repo/master/.xml/eredis/eredis.xml",
                        "/home/pete/wefwefwef/docs/other/b727e6a6beeb9593203cee03f6a2a924/repo/master/.xml/eredis/eredis_sub.xml",
                        "/home/pete/wefwefwef/docs/other/b727e6a6beeb9593203cee03f6a2a924/repo/master/.xml/eredis/eredis_client.xml"]
Generating HTML - basho_bench_driver_erldis "/home/pete/wefwefwef/docs/other/b727e6a6beeb9593203cee03f6a2a924/repo/master/.xml/eredis/basho_bench_driver_erldis.xml"
Generating HTML - eredis_parser "/home/pete/wefwefwef/docs/other/b727e6a6beeb9593203cee03f6a2a924/repo/master/.xml/eredis/eredis_parser.xml"
Generating HTML - basho_bench_driver_eredis "/home/pete/wefwefwef/docs/other/b727e6a6beeb9593203cee03f6a2a924/repo/master/.xml/eredis/basho_bench_driver_eredis.xml"
Generating HTML - eredis_client "/home/pete/wefwefwef/docs/other/b727e6a6beeb9593203cee03f6a2a924/repo/master/.xml/eredis/eredis_client.xml"
Reading XML for "/home/pete/wefwefwef/docs/other/b727e6a6beeb9593203cee03f6a2a924/repo/master/.xml/eredis/basho_bench_driver_erldis.xml"
Reading XML for "/home/pete/wefwefwef/docs/other/b727e6a6beeb9593203cee03f6a2a924/repo/master/.xml/eredis/eredis_parser.xml"
Reading XML for "/home/pete/wefwefwef/docs/other/b727e6a6beeb9593203cee03f6a2a924/repo/master/.xml/eredis/basho_bench_driver_eredis.xml"
Reading XML for "/home/pete/wefwefwef/docs/other/b727e6a6beeb9593203cee03f6a2a924/repo/master/.xml/eredis/eredis_client.xml"
Reading XML for "/home/pete/wefwefwef/docs/other/b727e6a6beeb9593203cee03f6a2a924/repo/master/.xml/specs_basho_bench_driver_erldis.xml"
Reading XML for "/home/pete/wefwefwef/docs/other/b727e6a6beeb9593203cee03f6a2a924/repo/master/.xml/specs_basho_bench_driver_eredis.xml"
Reading XML for "/home/pete/wefwefwef/docs/other/b727e6a6beeb9593203cee03f6a2a924/repo/master/.xml/specs_eredis_parser.xml"
Reading XML for "/home/pete/wefwefwef/docs/other/b727e6a6beeb9593203cee03f6a2a924/repo/master/.xml/specs_eredis_client.xml"
Generating HTML - eredis_sub "/home/pete/wefwefwef/docs/other/b727e6a6beeb9593203cee03f6a2a924/repo/master/.xml/eredis/eredis_sub.xml"
Reading XML for "/home/pete/wefwefwef/docs/other/b727e6a6beeb9593203cee03f6a2a924/repo/master/.xml/eredis/eredis_sub.xml"
Reading XML for "/home/pete/wefwefwef/docs/other/b727e6a6beeb9593203cee03f6a2a924/repo/master/.xml/specs_eredis_sub.xml"
Generating HTML - eredis "/home/pete/wefwefwef/docs/other/b727e6a6beeb9593203cee03f6a2a924/repo/master/.xml/eredis/eredis.xml"
Reading XML for "/home/pete/wefwefwef/docs/other/b727e6a6beeb9593203cee03f6a2a924/repo/master/.xml/eredis/eredis.xml"
Reading XML for "/home/pete/wefwefwef/docs/other/b727e6a6beeb9593203cee03f6a2a924/repo/master/.xml/specs_eredis.xml"
Generating HTML - eredis_sub_client "/home/pete/wefwefwef/docs/other/b727e6a6beeb9593203cee03f6a2a924/repo/master/.xml/eredis/eredis_sub_client.xml"
Reading XML for "/home/pete/wefwefwef/docs/other/b727e6a6beeb9593203cee03f6a2a924/repo/master/.xml/eredis/eredis_sub_client.xml"
Reading XML for "/home/pete/wefwefwef/docs/other/b727e6a6beeb9593203cee03f6a2a924/repo/master/.xml/specs_eredis_sub_client.xml"
Creating index.html ...
Creating erldocs_index.js ...
Woot, finished in 0 Minutes 1 Seconds
 :: Discovering other repos
$ 5000  `rm -r '/home/pete/wefwefwef/docs/other/b727e6a6beeb9593203cee03f6a2a924/eredis-branch-master'  2>&1`
 :: Finishing up
$ 5000  `rm -r '/home/pete/wefwefwef/docs/other/b727e6a6beeb9593203cee03f6a2a924/eredis'  2>&1`
