 :: Extracting meta information
$ 5000  `git ls-remote --heads --tags 'https://github.com/3pjgames/record_spec'  2>&1`
>>> [repo] 1 branches, 0 tags
 :: Writing meta to "/home/pete/wefwefwef/docs/other/379757611/meta.txt"
 :: Processing https://github.com/3pjgames/record_spec	{rev,branch,"master","94d580b10cffd01ccf370c10320cf3090d101597",undefined,[],[]}
 :: Fetching repo code
$ cd "/home/pete/wefwefwef/docs/other/379757611/record_spec-branch-master/record_spec"
$ infinity  `curl --fail --silent --show-error --location --output 'master.zip' 'https://github.com/3pjgames/record_spec/archive/master.zip'  2>&1`
$ cd "/home/pete/wefwefwef/docs/erldocs_other.git"
$ cd "/home/pete/wefwefwef/docs/other/379757611/record_spec-branch-master/record_spec"
$ 5000  `find -P . -type l -delete  2>&1`
$ cd "/home/pete/wefwefwef/docs/erldocs_other.git"
$ cd "/home/pete/wefwefwef/docs/other/379757611/record_spec-branch-master/record_spec"
$ 5000  `find 'record_spec-master' -mindepth 1 -maxdepth 1 -exec mv -t . -- {} +  2>&1`
$ cd "/home/pete/wefwefwef/docs/erldocs_other.git"
 :: Getting dependencies
$ cd "/home/pete/wefwefwef/docs/other/379757611/record_spec-branch-master/record_spec"
$ 5000  `ls -1 deps/  2>&1`
$ cd "/home/pete/wefwefwef/docs/erldocs_other.git"
>>> [rebar] deps = []
 :: Generating erldocs into /home/pete/wefwefwef/docs/other/379757611/repo/master
Building record_spec
Generating Type Specs - "/home/pete/wefwefwef/docs/other/379757611/record_spec-branch-master/record_spec/src/record_spec.erl"
Generating Type Specs - "/home/pete/wefwefwef/docs/other/379757611/record_spec-branch-master/record_spec/src/record_spec_parse_trans.erl"
Generating XML for application record_spec "/home/pete/wefwefwef/docs/other/379757611/record_spec-branch-master/record_spec" -> "/home/pete/wefwefwef/docs/other/379757611/repo/master/.xml/record_spec"
Generated record_spec XMLs: ["/home/pete/wefwefwef/docs/other/379757611/repo/master/.xml/record_spec/record_spec.xml",
                             "/home/pete/wefwefwef/docs/other/379757611/repo/master/.xml/record_spec/record_spec_parse_trans.xml"]
Generating HTML - record_spec_parse_trans "/home/pete/wefwefwef/docs/other/379757611/repo/master/.xml/record_spec/record_spec_parse_trans.xml"
Reading XML for "/home/pete/wefwefwef/docs/other/379757611/repo/master/.xml/record_spec/record_spec_parse_trans.xml"
Reading XML for "/home/pete/wefwefwef/docs/other/379757611/repo/master/.xml/specs_record_spec_parse_trans.xml"
Generating HTML - record_spec "/home/pete/wefwefwef/docs/other/379757611/repo/master/.xml/record_spec/record_spec.xml"
Reading XML for "/home/pete/wefwefwef/docs/other/379757611/repo/master/.xml/record_spec/record_spec.xml"
Reading XML for "/home/pete/wefwefwef/docs/other/379757611/repo/master/.xml/specs_record_spec.xml"
Creating index.html ...
Creating erldocs_index.js ...
Woot, finished in 0 Minutes 0 Seconds
 :: Discovering other repos
$ 5000  `rm -r '/home/pete/wefwefwef/docs/other/379757611/record_spec-branch-master'  2>&1`
 :: Finishing up
$ 5000  `rm -r '/home/pete/wefwefwef/docs/other/379757611/record_spec'  2>&1`
