 :: Extracting meta information
$ 5000  `git ls-remote --heads --tags 'https://github.com/nlfiedler/erlang-pwd'  2>&1`
>>> [repo] 1 branches, 0 tags
 :: Writing meta to "/home/pete/wefwefwef/docs/other/43350148/meta.txt"
 :: Processing https://github.com/nlfiedler/erlang-pwd	{rev,branch,"master","1e2633cda20addd3cc1f09a4ed1fd68935b72598",undefined,[],[]}
 :: Fetching repo code
$ cd "/home/pete/wefwefwef/docs/other/43350148/erlang-pwd-branch-master/erlang-pwd"
$ infinity  `curl --fail --silent --show-error --location --output 'master.zip' 'https://github.com/nlfiedler/erlang-pwd/archive/master.zip'  2>&1`
$ cd "/home/pete/wefwefwef/docs/erldocs_other.git"
$ cd "/home/pete/wefwefwef/docs/other/43350148/erlang-pwd-branch-master/erlang-pwd"
$ 5000  `find -P . -type l -delete  2>&1`
$ cd "/home/pete/wefwefwef/docs/erldocs_other.git"
$ cd "/home/pete/wefwefwef/docs/other/43350148/erlang-pwd-branch-master/erlang-pwd"
$ 5000  `find 'erlang-pwd-master' -mindepth 1 -maxdepth 1 -exec mv -t . -- {} +  2>&1`
$ cd "/home/pete/wefwefwef/docs/erldocs_other.git"
 :: Getting dependencies
$ cd "/home/pete/wefwefwef/docs/other/43350148/erlang-pwd-branch-master/erlang-pwd"
$ 5000  `ls -1 deps/  2>&1`
$ cd "/home/pete/wefwefwef/docs/erldocs_other.git"
>>> [rebar] deps = []
 :: Generating erldocs into /home/pete/wefwefwef/docs/other/43350148/repo/master
Building erlang-pwd
Generating Type Specs - "/home/pete/wefwefwef/docs/other/43350148/erlang-pwd-branch-master/erlang-pwd/src/pwd.erl"
Generating Type Specs - "/home/pete/wefwefwef/docs/other/43350148/erlang-pwd-branch-master/erlang-pwd/src/pwd_app.erl"
Generating Type Specs - "/home/pete/wefwefwef/docs/other/43350148/erlang-pwd-branch-master/erlang-pwd/src/pwd_sup.erl"
Generating XML for application erlang-pwd "/home/pete/wefwefwef/docs/other/43350148/erlang-pwd-branch-master/erlang-pwd" -> "/home/pete/wefwefwef/docs/other/43350148/repo/master/.xml/erlang-pwd"
Generated erlang-pwd XMLs: ["/home/pete/wefwefwef/docs/other/43350148/repo/master/.xml/erlang-pwd/pwd_sup.xml",
                            "/home/pete/wefwefwef/docs/other/43350148/repo/master/.xml/erlang-pwd/pwd.xml",
                            "/home/pete/wefwefwef/docs/other/43350148/repo/master/.xml/erlang-pwd/pwd_app.xml"]
Generating HTML - pwd_app "/home/pete/wefwefwef/docs/other/43350148/repo/master/.xml/erlang-pwd/pwd_app.xml"
Reading XML for "/home/pete/wefwefwef/docs/other/43350148/repo/master/.xml/erlang-pwd/pwd_app.xml"
Reading XML for "/home/pete/wefwefwef/docs/other/43350148/repo/master/.xml/specs_pwd_app.xml"
Generating HTML - pwd "/home/pete/wefwefwef/docs/other/43350148/repo/master/.xml/erlang-pwd/pwd.xml"
Reading XML for "/home/pete/wefwefwef/docs/other/43350148/repo/master/.xml/erlang-pwd/pwd.xml"
Reading XML for "/home/pete/wefwefwef/docs/other/43350148/repo/master/.xml/specs_pwd.xml"
Generating HTML - pwd_sup "/home/pete/wefwefwef/docs/other/43350148/repo/master/.xml/erlang-pwd/pwd_sup.xml"
Reading XML for "/home/pete/wefwefwef/docs/other/43350148/repo/master/.xml/erlang-pwd/pwd_sup.xml"
Reading XML for "/home/pete/wefwefwef/docs/other/43350148/repo/master/.xml/specs_pwd_sup.xml"
Creating index.html ...
Creating erldocs_index.js ...
Woot, finished in 0 Minutes 0 Seconds
 :: Discovering other repos
$ 5000  `rm -r '/home/pete/wefwefwef/docs/other/43350148/erlang-pwd-branch-master'  2>&1`
 :: Finishing up
$ 5000  `rm -r '/home/pete/wefwefwef/docs/other/43350148/erlang-pwd'  2>&1`
