 :: Extracting meta information
$ infinity  `git ls-remote --heads --tags 'https://github.com/liufanyueping/rabbitmq_shovel_test'  2>&1`
>>> [repo] 1 branches, 0 tags
 :: Writing meta to "/home/pete/wefwefwef/docs/other/b53ff816e8be01499b0558c6251a42bd/meta.txt"
 :: Processing https://github.com/liufanyueping/rabbitmq_shovel_test	{rev,branch,"master","77308900d440daa1f229254cb0337b22dd166796",undefined,[],[]}
 :: Fetching repo code
$ cd '/home/pete/wefwefwef/docs/other/b53ff816e8be01499b0558c6251a42bd/rabbitmq_shovel_test-branch-master'
$ infinity  `curl --fail --silent --show-error --location --output repo.zip 'https://github.com/liufanyueping/rabbitmq_shovel_test/archive/master.zip'  2>&1`
$ cd '/home/pete/wefwefwef/docs/erldocs_other.git'
$ cd '/home/pete/wefwefwef/docs/other/b53ff816e8be01499b0558c6251a42bd/rabbitmq_shovel_test-branch-master/rabbitmq_shovel_test-master'
$ 5000  `find -P . -type l -delete  2>&1`
$ cd '/home/pete/wefwefwef/docs/erldocs_other.git'
$ 5000  `mv '/home/pete/wefwefwef/docs/other/b53ff816e8be01499b0558c6251a42bd/rabbitmq_shovel_test-branch-master/rabbitmq_shovel_test-master' '/home/pete/wefwefwef/docs/other/b53ff816e8be01499b0558c6251a42bd/rabbitmq_shovel_test-branch-master/rabbitmq_shovel_test'  2>&1`
 :: Getting dependencies
$ cd '/home/pete/wefwefwef/docs/other/b53ff816e8be01499b0558c6251a42bd/rabbitmq_shovel_test-branch-master/rabbitmq_shovel_test'
$ 5000  `ls -1 deps/  2>&1`
$ cd '/home/pete/wefwefwef/docs/erldocs_other.git'
>>> [rebar] deps = ["amqp_client","rabbit_common"]
 :: Generating erldocs into /home/pete/wefwefwef/docs/other/b53ff816e8be01499b0558c6251a42bd/repo/master
Building rabbitmq_shovel_test
Generating Type Specs - "/home/pete/wefwefwef/docs/other/b53ff816e8be01499b0558c6251a42bd/rabbitmq_shovel_test-branch-master/rabbitmq_shovel_test/src/rabbit_shovel.erl"
Generating Type Specs - "/home/pete/wefwefwef/docs/other/b53ff816e8be01499b0558c6251a42bd/rabbitmq_shovel_test-branch-master/rabbitmq_shovel_test/src/rabbit_shovel_config.erl"
Generating Type Specs - "/home/pete/wefwefwef/docs/other/b53ff816e8be01499b0558c6251a42bd/rabbitmq_shovel_test-branch-master/rabbitmq_shovel_test/src/rabbit_shovel_status.erl"
Generating Type Specs - "/home/pete/wefwefwef/docs/other/b53ff816e8be01499b0558c6251a42bd/rabbitmq_shovel_test-branch-master/rabbitmq_shovel_test/src/rabbit_shovel_sup.erl"
Generating Type Specs - "/home/pete/wefwefwef/docs/other/b53ff816e8be01499b0558c6251a42bd/rabbitmq_shovel_test-branch-master/rabbitmq_shovel_test/src/rabbit_shovel_worker.erl"
Generating Type Specs - "/home/pete/wefwefwef/docs/other/b53ff816e8be01499b0558c6251a42bd/rabbitmq_shovel_test-branch-master/rabbitmq_shovel_test/src/rabbit_shovel_worker_sup.erl"
Generating XML for application rabbitmq_shovel_test "/home/pete/wefwefwef/docs/other/b53ff816e8be01499b0558c6251a42bd/rabbitmq_shovel_test-branch-master/rabbitmq_shovel_test" -> "/home/pete/wefwefwef/docs/other/b53ff816e8be01499b0558c6251a42bd/repo/master/.xml/rabbitmq_shovel_test"
Generated rabbitmq_shovel_test XMLs: ["/home/pete/wefwefwef/docs/other/b53ff816e8be01499b0558c6251a42bd/repo/master/.xml/rabbitmq_shovel_test/rabbit_shovel_worker.xml",
                                      "/home/pete/wefwefwef/docs/other/b53ff816e8be01499b0558c6251a42bd/repo/master/.xml/rabbitmq_shovel_test/rabbit_shovel_sup.xml",
                                      "/home/pete/wefwefwef/docs/other/b53ff816e8be01499b0558c6251a42bd/repo/master/.xml/rabbitmq_shovel_test/rabbit_shovel_worker_sup.xml",
                                      "/home/pete/wefwefwef/docs/other/b53ff816e8be01499b0558c6251a42bd/repo/master/.xml/rabbitmq_shovel_test/rabbit_shovel_status.xml",
                                      "/home/pete/wefwefwef/docs/other/b53ff816e8be01499b0558c6251a42bd/repo/master/.xml/rabbitmq_shovel_test/rabbit_shovel_config.xml",
                                      "/home/pete/wefwefwef/docs/other/b53ff816e8be01499b0558c6251a42bd/repo/master/.xml/rabbitmq_shovel_test/rabbit_shovel.xml"]
Generating HTML - rabbit_shovel_worker "/home/pete/wefwefwef/docs/other/b53ff816e8be01499b0558c6251a42bd/repo/master/.xml/rabbitmq_shovel_test/rabbit_shovel_worker.xml"
Generating HTML - rabbit_shovel_sup "/home/pete/wefwefwef/docs/other/b53ff816e8be01499b0558c6251a42bd/repo/master/.xml/rabbitmq_shovel_test/rabbit_shovel_sup.xml"
Generating HTML - rabbit_shovel_worker_sup "/home/pete/wefwefwef/docs/other/b53ff816e8be01499b0558c6251a42bd/repo/master/.xml/rabbitmq_shovel_test/rabbit_shovel_worker_sup.xml"
Generating HTML - rabbit_shovel "/home/pete/wefwefwef/docs/other/b53ff816e8be01499b0558c6251a42bd/repo/master/.xml/rabbitmq_shovel_test/rabbit_shovel.xml"
Reading XML for "/home/pete/wefwefwef/docs/other/b53ff816e8be01499b0558c6251a42bd/repo/master/.xml/rabbitmq_shovel_test/rabbit_shovel_worker.xml"
Reading XML for "/home/pete/wefwefwef/docs/other/b53ff816e8be01499b0558c6251a42bd/repo/master/.xml/rabbitmq_shovel_test/rabbit_shovel_sup.xml"
Reading XML for "/home/pete/wefwefwef/docs/other/b53ff816e8be01499b0558c6251a42bd/repo/master/.xml/rabbitmq_shovel_test/rabbit_shovel_worker_sup.xml"
Reading XML for "/home/pete/wefwefwef/docs/other/b53ff816e8be01499b0558c6251a42bd/repo/master/.xml/rabbitmq_shovel_test/rabbit_shovel.xml"
Reading XML for "/home/pete/wefwefwef/docs/other/b53ff816e8be01499b0558c6251a42bd/repo/master/.xml/specs_rabbit_shovel_sup.xml"
Reading XML for "/home/pete/wefwefwef/docs/other/b53ff816e8be01499b0558c6251a42bd/repo/master/.xml/specs_rabbit_shovel_worker.xml"
Reading XML for "/home/pete/wefwefwef/docs/other/b53ff816e8be01499b0558c6251a42bd/repo/master/.xml/specs_rabbit_shovel_worker_sup.xml"
Reading XML for "/home/pete/wefwefwef/docs/other/b53ff816e8be01499b0558c6251a42bd/repo/master/.xml/specs_rabbit_shovel.xml"
Generating HTML - rabbit_shovel_config "/home/pete/wefwefwef/docs/other/b53ff816e8be01499b0558c6251a42bd/repo/master/.xml/rabbitmq_shovel_test/rabbit_shovel_config.xml"
Reading XML for "/home/pete/wefwefwef/docs/other/b53ff816e8be01499b0558c6251a42bd/repo/master/.xml/rabbitmq_shovel_test/rabbit_shovel_config.xml"
Reading XML for "/home/pete/wefwefwef/docs/other/b53ff816e8be01499b0558c6251a42bd/repo/master/.xml/specs_rabbit_shovel_config.xml"
Generating HTML - rabbit_shovel_status "/home/pete/wefwefwef/docs/other/b53ff816e8be01499b0558c6251a42bd/repo/master/.xml/rabbitmq_shovel_test/rabbit_shovel_status.xml"
Reading XML for "/home/pete/wefwefwef/docs/other/b53ff816e8be01499b0558c6251a42bd/repo/master/.xml/rabbitmq_shovel_test/rabbit_shovel_status.xml"
Reading XML for "/home/pete/wefwefwef/docs/other/b53ff816e8be01499b0558c6251a42bd/repo/master/.xml/specs_rabbit_shovel_status.xml"
Creating index.html ...
Creating erldocs_index.js ...
Woot, finished in 0 Minutes 0 Seconds
 :: Discovering other repos
$ 5000  `rm -r '/home/pete/wefwefwef/docs/other/b53ff816e8be01499b0558c6251a42bd/rabbitmq_shovel_test-branch-master'  2>&1`
 :: Finishing up
$ 5000  `rm -r '/home/pete/wefwefwef/docs/other/b53ff816e8be01499b0558c6251a42bd/rabbitmq_shovel_test'  2>&1`
