 :: Extracting meta information
$ infinity  `git ls-remote --heads --tags 'https://github.com/mysql-otp/mysql-otp'  2>&1`
>>> [repo] 2 branches, 13 tags
 :: Writing meta to "/home/pete/wefwefwef/docs/other/7f3074f54ee88670a824b9960573aef7/meta.txt"
 :: Processing https://github.com/mysql-otp/mysql-otp	{rev,branch,"master","209faf03104dbb908587b07ab9a43cb14f7b3711",undefined,[],[]}
 :: Fetching repo code
$ cd '/home/pete/wefwefwef/docs/other/7f3074f54ee88670a824b9960573aef7/mysql-otp-branch-master'
$ infinity  `curl --fail --silent --show-error --location --output repo.zip 'https://github.com/mysql-otp/mysql-otp/archive/master.zip'  2>&1`
$ cd '/home/pete/wefwefwef/docs/erldocs_other.git'
$ cd '/home/pete/wefwefwef/docs/other/7f3074f54ee88670a824b9960573aef7/mysql-otp-branch-master/mysql-otp-master'
$ 5000  `find -P . -type l -delete  2>&1`
$ cd '/home/pete/wefwefwef/docs/erldocs_other.git'
$ 5000  `mv '/home/pete/wefwefwef/docs/other/7f3074f54ee88670a824b9960573aef7/mysql-otp-branch-master/mysql-otp-master' '/home/pete/wefwefwef/docs/other/7f3074f54ee88670a824b9960573aef7/mysql-otp-branch-master/mysql-otp'  2>&1`
 :: Getting dependencies
$ cd '/home/pete/wefwefwef/docs/other/7f3074f54ee88670a824b9960573aef7/mysql-otp-branch-master/mysql-otp'
$ 5000  `ls -1 deps/  2>&1`
$ cd '/home/pete/wefwefwef/docs/erldocs_other.git'
>>> [rebar] deps = []
 :: Generating erldocs into /home/pete/wefwefwef/docs/other/7f3074f54ee88670a824b9960573aef7/repo/master
Building mysql-otp
Generating Type Specs - "/home/pete/wefwefwef/docs/other/7f3074f54ee88670a824b9960573aef7/mysql-otp-branch-master/mysql-otp/src/mysql.erl"
Generating Type Specs - "/home/pete/wefwefwef/docs/other/7f3074f54ee88670a824b9960573aef7/mysql-otp-branch-master/mysql-otp/src/mysql_cache.erl"
Generating Type Specs - "/home/pete/wefwefwef/docs/other/7f3074f54ee88670a824b9960573aef7/mysql-otp-branch-master/mysql-otp/src/mysql_encode.erl"
Generating Type Specs - "/home/pete/wefwefwef/docs/other/7f3074f54ee88670a824b9960573aef7/mysql-otp-branch-master/mysql-otp/src/mysql_protocol.erl"
Generating XML for application mysql-otp "/home/pete/wefwefwef/docs/other/7f3074f54ee88670a824b9960573aef7/mysql-otp-branch-master/mysql-otp" -> "/home/pete/wefwefwef/docs/other/7f3074f54ee88670a824b9960573aef7/repo/master/.xml/mysql-otp"
edoc: error in layout 'docgen_edoc_xml_cb': {'EXIT',
                                       {function_clause,
                                        [{docgen_edoc_xml_cb,
                                          otp_xmlify_table,
                                          [[{xmlElement,thead,thead,[],
                                             {xmlNamespace,[],[]},
                                             [{table,13},
                                              {fullDescription,...},
                                              {...}|...],
                                             2,[],
                                             [...],...},
                                            {xmlText,
                                             [{table,13},
                                              {fullDescription,2},
                                              {description,3},
                                              {function,17},
                                              {functions,...},
                                              {...}],
                                             3,[],"\n    ",text},
                                            {xmlElement,tbody,tbody,[],
                                             {xmlNamespace,[],...},
                                             [{...}|...],
                                             4,...},
                                            {xmlText,
                                             [{table,13},
                                              {fullDescription,2},
                                              {description,...},
                                              {...}|...],
                                             5,[],"\n  ",text}]],
                                          [{file,"docgen_edoc_xml_cb.erl"},
                                           {line,640}]},
                                         {docgen_edoc_xml_cb,
                                          otp_xmlify_table,1,
                                          [{file,"docgen_edoc_xml_cb.erl"},
                                           {line,641}]},
                                         {lists,flatmap,2,
                                          [{file,"lists.erl"},{line,1248}]},
                                         {docgen_edoc_xml_cb,otp_xmlify_es,1,
                                          [{file,"docgen_edoc_xml_cb.erl"},
                                           {line,278}]},
                                         {docgen_edoc_xml_cb,otp_xmlify_es,1,
                                          [{file,"docgen_edoc_xml_cb.erl"},
                                           {line,282}]},
                                         {docgen_edoc_xml_cb,otp_xmlify_es,1,
                                          [{file,"docgen_edoc_xml_cb.erl"},
                                           {line,273}]},
                                         {docgen_edoc_xml_cb,otp_xmlify_es,1,
                                          [{file,"docgen_edoc_xml_cb.erl"},
                                           {line,282}]},
                                         {docgen_edoc_xml_cb,otp_xmlify_es,1,
                                          [{file,[...]},{line,...}]}]}}.
edoc: error in doclet 'edoc_doclet': {'EXIT',error}.
Error generating mysql-otp XMLs. Using fallback ...
Generating XML mysql-otp - mysql "/home/pete/wefwefwef/docs/other/7f3074f54ee88670a824b9960573aef7/mysql-otp-branch-master/mysql-otp/src/mysql.erl" -> "/home/pete/wefwefwef/docs/other/7f3074f54ee88670a824b9960573aef7/repo/master/.xml/mysql-otp/mysql.xml"
edoc: error in layout 'docgen_edoc_xml_cb': {'EXIT',
                                       {function_clause,
                                        [{docgen_edoc_xml_cb,
                                          otp_xmlify_table,
                                          [[{xmlElement,thead,thead,[],
                                             {xmlNamespace,[],[]},
                                             [{table,13},
                                              {fullDescription,...},
                                              {...}|...],
                                             2,[],
                                             [...],...},
                                            {xmlText,
                                             [{table,13},
                                              {fullDescription,2},
                                              {description,3},
                                              {function,17},
                                              {functions,...},
                                              {...}],
                                             3,[],"\n    ",text},
                                            {xmlElement,tbody,tbody,[],
                                             {xmlNamespace,[],...},
                                             [{...}|...],
                                             4,...},
                                            {xmlText,
                                             [{table,13},
                                              {fullDescription,2},
                                              {description,...},
                                              {...}|...],
                                             5,[],"\n  ",text}]],
                                          [{file,"docgen_edoc_xml_cb.erl"},
                                           {line,640}]},
                                         {docgen_edoc_xml_cb,
                                          otp_xmlify_table,1,
                                          [{file,"docgen_edoc_xml_cb.erl"},
                                           {line,641}]},
                                         {lists,flatmap,2,
                                          [{file,"lists.erl"},{line,1248}]},
                                         {docgen_edoc_xml_cb,otp_xmlify_es,1,
                                          [{file,"docgen_edoc_xml_cb.erl"},
                                           {line,278}]},
                                         {docgen_edoc_xml_cb,otp_xmlify_es,1,
                                          [{file,"docgen_edoc_xml_cb.erl"},
                                           {line,282}]},
                                         {docgen_edoc_xml_cb,otp_xmlify_es,1,
                                          [{file,"docgen_edoc_xml_cb.erl"},
                                           {line,273}]},
                                         {docgen_edoc_xml_cb,otp_xmlify_es,1,
                                          [{file,"docgen_edoc_xml_cb.erl"},
                                           {line,282}]},
                                         {docgen_edoc_xml_cb,otp_xmlify_es,1,
                                          [{file,[...]},{line,...}]}]}}.
Error generating XML ("/home/pete/wefwefwef/docs/other/7f3074f54ee88670a824b9960573aef7/mysql-otp-branch-master/mysql-otp/src/mysql.erl"): {'EXIT',
                                                                                                                                            error}
Generating XML mysql-otp - mysql_cache "/home/pete/wefwefwef/docs/other/7f3074f54ee88670a824b9960573aef7/mysql-otp-branch-master/mysql-otp/src/mysql_cache.erl" -> "/home/pete/wefwefwef/docs/other/7f3074f54ee88670a824b9960573aef7/repo/master/.xml/mysql-otp/mysql_cache.xml"
Generating XML mysql-otp - mysql_encode "/home/pete/wefwefwef/docs/other/7f3074f54ee88670a824b9960573aef7/mysql-otp-branch-master/mysql-otp/src/mysql_encode.erl" -> "/home/pete/wefwefwef/docs/other/7f3074f54ee88670a824b9960573aef7/repo/master/.xml/mysql-otp/mysql_encode.xml"
Generating XML mysql-otp - mysql_protocol "/home/pete/wefwefwef/docs/other/7f3074f54ee88670a824b9960573aef7/mysql-otp-branch-master/mysql-otp/src/mysql_protocol.erl" -> "/home/pete/wefwefwef/docs/other/7f3074f54ee88670a824b9960573aef7/repo/master/.xml/mysql-otp/mysql_protocol.xml"
Generating HTML - mysql_cache "/home/pete/wefwefwef/docs/other/7f3074f54ee88670a824b9960573aef7/repo/master/.xml/mysql-otp/mysql_cache.xml"
Reading XML for "/home/pete/wefwefwef/docs/other/7f3074f54ee88670a824b9960573aef7/repo/master/.xml/mysql-otp/mysql_cache.xml"
Reading XML for "/home/pete/wefwefwef/docs/other/7f3074f54ee88670a824b9960573aef7/repo/master/.xml/specs_mysql_cache.xml"
Generating HTML - mysql_encode "/home/pete/wefwefwef/docs/other/7f3074f54ee88670a824b9960573aef7/repo/master/.xml/mysql-otp/mysql_encode.xml"
Reading XML for "/home/pete/wefwefwef/docs/other/7f3074f54ee88670a824b9960573aef7/repo/master/.xml/mysql-otp/mysql_encode.xml"
Reading XML for "/home/pete/wefwefwef/docs/other/7f3074f54ee88670a824b9960573aef7/repo/master/.xml/specs_mysql_encode.xml"
Generating HTML - mysql_protocol "/home/pete/wefwefwef/docs/other/7f3074f54ee88670a824b9960573aef7/repo/master/.xml/mysql-otp/mysql_protocol.xml"
Reading XML for "/home/pete/wefwefwef/docs/other/7f3074f54ee88670a824b9960573aef7/repo/master/.xml/mysql-otp/mysql_protocol.xml"
Reading XML for "/home/pete/wefwefwef/docs/other/7f3074f54ee88670a824b9960573aef7/repo/master/.xml/specs_mysql_protocol.xml"
Creating index.html ...
Creating erldocs_index.js ...
Woot, finished in 0 Minutes 1 Seconds
 :: Discovering other repos
$ 5000  `rm -r '/home/pete/wefwefwef/docs/other/7f3074f54ee88670a824b9960573aef7/mysql-otp-branch-master'  2>&1`
 :: Processing https://github.com/mysql-otp/mysql-otp	{rev,branch,"gh-pages","f8e075fb2396436554a841622c1eb679d2eeff6e",undefined,[],[]}
 :: Fetching repo code
$ cd '/home/pete/wefwefwef/docs/other/7f3074f54ee88670a824b9960573aef7/mysql-otp-branch-gh-pages'
$ infinity  `curl --fail --silent --show-error --location --output repo.zip 'https://github.com/mysql-otp/mysql-otp/archive/gh-pages.zip'  2>&1`
$ cd '/home/pete/wefwefwef/docs/erldocs_other.git'
$ cd '/home/pete/wefwefwef/docs/other/7f3074f54ee88670a824b9960573aef7/mysql-otp-branch-gh-pages/mysql-otp-gh-pages'
$ 5000  `find -P . -type l -delete  2>&1`
$ cd '/home/pete/wefwefwef/docs/erldocs_other.git'
$ 5000  `mv '/home/pete/wefwefwef/docs/other/7f3074f54ee88670a824b9960573aef7/mysql-otp-branch-gh-pages/mysql-otp-gh-pages' '/home/pete/wefwefwef/docs/other/7f3074f54ee88670a824b9960573aef7/mysql-otp-branch-gh-pages/mysql-otp'  2>&1`
 :: Getting dependencies
 :: Generating erldocs into /home/pete/wefwefwef/docs/other/7f3074f54ee88670a824b9960573aef7/repo/gh-pages
Building mysql-otp
Generating XML for application mysql-otp "/home/pete/wefwefwef/docs/other/7f3074f54ee88670a824b9960573aef7/mysql-otp-branch-gh-pages/mysql-otp" -> "/home/pete/wefwefwef/docs/other/7f3074f54ee88670a824b9960573aef7/repo/gh-pages/.xml/mysql-otp"
Generated mysql-otp XMLs: []
No documentation was generated!
Woot, finished in 0 Minutes 0 Seconds
 :: Discovering other repos
$ 5000  `rm -r '/home/pete/wefwefwef/docs/other/7f3074f54ee88670a824b9960573aef7/mysql-otp-branch-gh-pages'  2>&1`
 :: Processing https://github.com/mysql-otp/mysql-otp	{rev,tag,"0.9.0","456ea731f5d885465bb4c7ccacf4bb769026f857",undefined,[],[]}
 :: Fetching repo code
$ cd '/home/pete/wefwefwef/docs/other/7f3074f54ee88670a824b9960573aef7/mysql-otp-tag-0.9.0'
$ infinity  `curl --fail --silent --show-error --location --output repo.zip 'https://github.com/mysql-otp/mysql-otp/archive/0.9.0.zip'  2>&1`
$ cd '/home/pete/wefwefwef/docs/erldocs_other.git'
$ cd '/home/pete/wefwefwef/docs/other/7f3074f54ee88670a824b9960573aef7/mysql-otp-tag-0.9.0/mysql-otp-0.9.0'
$ 5000  `find -P . -type l -delete  2>&1`
$ cd '/home/pete/wefwefwef/docs/erldocs_other.git'
$ 5000  `mv '/home/pete/wefwefwef/docs/other/7f3074f54ee88670a824b9960573aef7/mysql-otp-tag-0.9.0/mysql-otp-0.9.0' '/home/pete/wefwefwef/docs/other/7f3074f54ee88670a824b9960573aef7/mysql-otp-tag-0.9.0/mysql-otp'  2>&1`
 :: Getting dependencies
$ cd '/home/pete/wefwefwef/docs/other/7f3074f54ee88670a824b9960573aef7/mysql-otp-tag-0.9.0/mysql-otp'
$ 5000  `ls -1 deps/  2>&1`
$ cd '/home/pete/wefwefwef/docs/erldocs_other.git'
>>> [rebar] deps = []
 :: Generating erldocs into /home/pete/wefwefwef/docs/other/7f3074f54ee88670a824b9960573aef7/repo/0.9.0
Building mysql-otp
Generating Type Specs - "/home/pete/wefwefwef/docs/other/7f3074f54ee88670a824b9960573aef7/mysql-otp-tag-0.9.0/mysql-otp/src/mysql.erl"
Generating Type Specs - "/home/pete/wefwefwef/docs/other/7f3074f54ee88670a824b9960573aef7/mysql-otp-tag-0.9.0/mysql-otp/src/mysql_cache.erl"
Generating Type Specs - "/home/pete/wefwefwef/docs/other/7f3074f54ee88670a824b9960573aef7/mysql-otp-tag-0.9.0/mysql-otp/src/mysql_encode.erl"
Generating Type Specs - "/home/pete/wefwefwef/docs/other/7f3074f54ee88670a824b9960573aef7/mysql-otp-tag-0.9.0/mysql-otp/src/mysql_protocol.erl"
Generating XML for application mysql-otp "/home/pete/wefwefwef/docs/other/7f3074f54ee88670a824b9960573aef7/mysql-otp-tag-0.9.0/mysql-otp" -> "/home/pete/wefwefwef/docs/other/7f3074f54ee88670a824b9960573aef7/repo/0.9.0/.xml/mysql-otp"
edoc: error in layout 'docgen_edoc_xml_cb': {'EXIT',
                                       {function_clause,
                                        [{docgen_edoc_xml_cb,
                                          otp_xmlify_table,
                                          [[{xmlElement,thead,thead,[],
                                             {xmlNamespace,[],[]},
                                             [{table,13},
                                              {fullDescription,...},
                                              {...}|...],
                                             2,[],
                                             [...],...},
                                            {xmlText,
                                             [{table,13},
                                              {fullDescription,2},
                                              {description,3},
                                              {function,17},
                                              {functions,...},
                                              {...}],
                                             3,[],"\n    ",text},
                                            {xmlElement,tbody,tbody,[],
                                             {xmlNamespace,[],...},
                                             [{...}|...],
                                             4,...},
                                            {xmlText,
                                             [{table,13},
                                              {fullDescription,2},
                                              {description,...},
                                              {...}|...],
                                             5,[],"\n  ",text}]],
                                          [{file,"docgen_edoc_xml_cb.erl"},
                                           {line,640}]},
                                         {docgen_edoc_xml_cb,
                                          otp_xmlify_table,1,
                                          [{file,"docgen_edoc_xml_cb.erl"},
                                           {line,641}]},
                                         {lists,flatmap,2,
                                          [{file,"lists.erl"},{line,1248}]},
                                         {docgen_edoc_xml_cb,otp_xmlify_es,1,
                                          [{file,"docgen_edoc_xml_cb.erl"},
                                           {line,278}]},
                                         {docgen_edoc_xml_cb,otp_xmlify_es,1,
                                          [{file,"docgen_edoc_xml_cb.erl"},
                                           {line,282}]},
                                         {docgen_edoc_xml_cb,otp_xmlify_es,1,
                                          [{file,"docgen_edoc_xml_cb.erl"},
                                           {line,273}]},
                                         {docgen_edoc_xml_cb,otp_xmlify_es,1,
                                          [{file,"docgen_edoc_xml_cb.erl"},
                                           {line,282}]},
                                         {docgen_edoc_xml_cb,otp_xmlify_es,1,
                                          [{file,[...]},{line,...}]}]}}.
edoc: error in doclet 'edoc_doclet': {'EXIT',error}.
Error generating mysql-otp XMLs. Using fallback ...
Generating XML mysql-otp - mysql "/home/pete/wefwefwef/docs/other/7f3074f54ee88670a824b9960573aef7/mysql-otp-tag-0.9.0/mysql-otp/src/mysql.erl" -> "/home/pete/wefwefwef/docs/other/7f3074f54ee88670a824b9960573aef7/repo/0.9.0/.xml/mysql-otp/mysql.xml"
edoc: error in layout 'docgen_edoc_xml_cb': {'EXIT',
                                       {function_clause,
                                        [{docgen_edoc_xml_cb,
                                          otp_xmlify_table,
                                          [[{xmlElement,thead,thead,[],
                                             {xmlNamespace,[],[]},
                                             [{table,13},
                                              {fullDescription,...},
                                              {...}|...],
                                             2,[],
                                             [...],...},
                                            {xmlText,
                                             [{table,13},
                                              {fullDescription,2},
                                              {description,3},
                                              {function,17},
                                              {functions,...},
                                              {...}],
                                             3,[],"\n    ",text},
                                            {xmlElement,tbody,tbody,[],
                                             {xmlNamespace,[],...},
                                             [{...}|...],
                                             4,...},
                                            {xmlText,
                                             [{table,13},
                                              {fullDescription,2},
                                              {description,...},
                                              {...}|...],
                                             5,[],"\n  ",text}]],
                                          [{file,"docgen_edoc_xml_cb.erl"},
                                           {line,640}]},
                                         {docgen_edoc_xml_cb,
                                          otp_xmlify_table,1,
                                          [{file,"docgen_edoc_xml_cb.erl"},
                                           {line,641}]},
                                         {lists,flatmap,2,
                                          [{file,"lists.erl"},{line,1248}]},
                                         {docgen_edoc_xml_cb,otp_xmlify_es,1,
                                          [{file,"docgen_edoc_xml_cb.erl"},
                                           {line,278}]},
                                         {docgen_edoc_xml_cb,otp_xmlify_es,1,
                                          [{file,"docgen_edoc_xml_cb.erl"},
                                           {line,282}]},
                                         {docgen_edoc_xml_cb,otp_xmlify_es,1,
                                          [{file,"docgen_edoc_xml_cb.erl"},
                                           {line,273}]},
                                         {docgen_edoc_xml_cb,otp_xmlify_es,1,
                                          [{file,"docgen_edoc_xml_cb.erl"},
                                           {line,282}]},
                                         {docgen_edoc_xml_cb,otp_xmlify_es,1,
                                          [{file,[...]},{line,...}]}]}}.
Error generating XML ("/home/pete/wefwefwef/docs/other/7f3074f54ee88670a824b9960573aef7/mysql-otp-tag-0.9.0/mysql-otp/src/mysql.erl"): {'EXIT',
                                                                                                                                        error}
Generating XML mysql-otp - mysql_cache "/home/pete/wefwefwef/docs/other/7f3074f54ee88670a824b9960573aef7/mysql-otp-tag-0.9.0/mysql-otp/src/mysql_cache.erl" -> "/home/pete/wefwefwef/docs/other/7f3074f54ee88670a824b9960573aef7/repo/0.9.0/.xml/mysql-otp/mysql_cache.xml"
Generating XML mysql-otp - mysql_encode "/home/pete/wefwefwef/docs/other/7f3074f54ee88670a824b9960573aef7/mysql-otp-tag-0.9.0/mysql-otp/src/mysql_encode.erl" -> "/home/pete/wefwefwef/docs/other/7f3074f54ee88670a824b9960573aef7/repo/0.9.0/.xml/mysql-otp/mysql_encode.xml"
Generating XML mysql-otp - mysql_protocol "/home/pete/wefwefwef/docs/other/7f3074f54ee88670a824b9960573aef7/mysql-otp-tag-0.9.0/mysql-otp/src/mysql_protocol.erl" -> "/home/pete/wefwefwef/docs/other/7f3074f54ee88670a824b9960573aef7/repo/0.9.0/.xml/mysql-otp/mysql_protocol.xml"
Generating HTML - mysql_cache "/home/pete/wefwefwef/docs/other/7f3074f54ee88670a824b9960573aef7/repo/0.9.0/.xml/mysql-otp/mysql_cache.xml"
Reading XML for "/home/pete/wefwefwef/docs/other/7f3074f54ee88670a824b9960573aef7/repo/0.9.0/.xml/mysql-otp/mysql_cache.xml"
Reading XML for "/home/pete/wefwefwef/docs/other/7f3074f54ee88670a824b9960573aef7/repo/0.9.0/.xml/specs_mysql_cache.xml"
Generating HTML - mysql_encode "/home/pete/wefwefwef/docs/other/7f3074f54ee88670a824b9960573aef7/repo/0.9.0/.xml/mysql-otp/mysql_encode.xml"
Reading XML for "/home/pete/wefwefwef/docs/other/7f3074f54ee88670a824b9960573aef7/repo/0.9.0/.xml/mysql-otp/mysql_encode.xml"
Reading XML for "/home/pete/wefwefwef/docs/other/7f3074f54ee88670a824b9960573aef7/repo/0.9.0/.xml/specs_mysql_encode.xml"
Generating HTML - mysql_protocol "/home/pete/wefwefwef/docs/other/7f3074f54ee88670a824b9960573aef7/repo/0.9.0/.xml/mysql-otp/mysql_protocol.xml"
Reading XML for "/home/pete/wefwefwef/docs/other/7f3074f54ee88670a824b9960573aef7/repo/0.9.0/.xml/mysql-otp/mysql_protocol.xml"
Reading XML for "/home/pete/wefwefwef/docs/other/7f3074f54ee88670a824b9960573aef7/repo/0.9.0/.xml/specs_mysql_protocol.xml"
Creating index.html ...
Creating erldocs_index.js ...
Woot, finished in 0 Minutes 1 Seconds
 :: Discovering other repos
$ 5000  `rm -r '/home/pete/wefwefwef/docs/other/7f3074f54ee88670a824b9960573aef7/mysql-otp-tag-0.9.0'  2>&1`
 :: Processing https://github.com/mysql-otp/mysql-otp	{rev,tag,"0.8.1","f5ec5335955d5556ad6b86a423db837e5e3c84bf",undefined,[],[]}
 :: Fetching repo code
$ cd '/home/pete/wefwefwef/docs/other/7f3074f54ee88670a824b9960573aef7/mysql-otp-tag-0.8.1'
$ infinity  `curl --fail --silent --show-error --location --output repo.zip 'https://github.com/mysql-otp/mysql-otp/archive/0.8.1.zip'  2>&1`
$ cd '/home/pete/wefwefwef/docs/erldocs_other.git'
$ cd '/home/pete/wefwefwef/docs/other/7f3074f54ee88670a824b9960573aef7/mysql-otp-tag-0.8.1/mysql-otp-0.8.1'
$ 5000  `find -P . -type l -delete  2>&1`
$ cd '/home/pete/wefwefwef/docs/erldocs_other.git'
$ 5000  `mv '/home/pete/wefwefwef/docs/other/7f3074f54ee88670a824b9960573aef7/mysql-otp-tag-0.8.1/mysql-otp-0.8.1' '/home/pete/wefwefwef/docs/other/7f3074f54ee88670a824b9960573aef7/mysql-otp-tag-0.8.1/mysql-otp'  2>&1`
 :: Getting dependencies
$ cd '/home/pete/wefwefwef/docs/other/7f3074f54ee88670a824b9960573aef7/mysql-otp-tag-0.8.1/mysql-otp'
$ 5000  `ls -1 deps/  2>&1`
$ cd '/home/pete/wefwefwef/docs/erldocs_other.git'
>>> [rebar] deps = []
 :: Generating erldocs into /home/pete/wefwefwef/docs/other/7f3074f54ee88670a824b9960573aef7/repo/0.8.1
Building mysql-otp
Generating Type Specs - "/home/pete/wefwefwef/docs/other/7f3074f54ee88670a824b9960573aef7/mysql-otp-tag-0.8.1/mysql-otp/src/mysql.erl"
Generating Type Specs - "/home/pete/wefwefwef/docs/other/7f3074f54ee88670a824b9960573aef7/mysql-otp-tag-0.8.1/mysql-otp/src/mysql_cache.erl"
Generating Type Specs - "/home/pete/wefwefwef/docs/other/7f3074f54ee88670a824b9960573aef7/mysql-otp-tag-0.8.1/mysql-otp/src/mysql_encode.erl"
Generating Type Specs - "/home/pete/wefwefwef/docs/other/7f3074f54ee88670a824b9960573aef7/mysql-otp-tag-0.8.1/mysql-otp/src/mysql_protocol.erl"
Generating XML for application mysql-otp "/home/pete/wefwefwef/docs/other/7f3074f54ee88670a824b9960573aef7/mysql-otp-tag-0.8.1/mysql-otp" -> "/home/pete/wefwefwef/docs/other/7f3074f54ee88670a824b9960573aef7/repo/0.8.1/.xml/mysql-otp"
edoc: error in layout 'docgen_edoc_xml_cb': {'EXIT',
                                       {function_clause,
                                        [{docgen_edoc_xml_cb,
                                          otp_xmlify_table,
                                          [[{xmlElement,thead,thead,[],
                                             {xmlNamespace,[],[]},
                                             [{table,13},
                                              {fullDescription,...},
                                              {...}|...],
                                             2,[],
                                             [...],...},
                                            {xmlText,
                                             [{table,13},
                                              {fullDescription,2},
                                              {description,3},
                                              {function,17},
                                              {functions,...},
                                              {...}],
                                             3,[],"\n    ",text},
                                            {xmlElement,tbody,tbody,[],
                                             {xmlNamespace,[],...},
                                             [{...}|...],
                                             4,...},
                                            {xmlText,
                                             [{table,13},
                                              {fullDescription,2},
                                              {description,...},
                                              {...}|...],
                                             5,[],"\n  ",text}]],
                                          [{file,"docgen_edoc_xml_cb.erl"},
                                           {line,640}]},
                                         {docgen_edoc_xml_cb,
                                          otp_xmlify_table,1,
                                          [{file,"docgen_edoc_xml_cb.erl"},
                                           {line,641}]},
                                         {lists,flatmap,2,
                                          [{file,"lists.erl"},{line,1248}]},
                                         {docgen_edoc_xml_cb,otp_xmlify_es,1,
                                          [{file,"docgen_edoc_xml_cb.erl"},
                                           {line,278}]},
                                         {docgen_edoc_xml_cb,otp_xmlify_es,1,
                                          [{file,"docgen_edoc_xml_cb.erl"},
                                           {line,282}]},
                                         {docgen_edoc_xml_cb,otp_xmlify_es,1,
                                          [{file,"docgen_edoc_xml_cb.erl"},
                                           {line,273}]},
                                         {docgen_edoc_xml_cb,otp_xmlify_es,1,
                                          [{file,"docgen_edoc_xml_cb.erl"},
                                           {line,282}]},
                                         {docgen_edoc_xml_cb,otp_xmlify_es,1,
                                          [{file,[...]},{line,...}]}]}}.
edoc: error in doclet 'edoc_doclet': {'EXIT',error}.
Error generating mysql-otp XMLs. Using fallback ...
Generating XML mysql-otp - mysql "/home/pete/wefwefwef/docs/other/7f3074f54ee88670a824b9960573aef7/mysql-otp-tag-0.8.1/mysql-otp/src/mysql.erl" -> "/home/pete/wefwefwef/docs/other/7f3074f54ee88670a824b9960573aef7/repo/0.8.1/.xml/mysql-otp/mysql.xml"
edoc: error in layout 'docgen_edoc_xml_cb': {'EXIT',
                                       {function_clause,
                                        [{docgen_edoc_xml_cb,
                                          otp_xmlify_table,
                                          [[{xmlElement,thead,thead,[],
                                             {xmlNamespace,[],[]},
                                             [{table,13},
                                              {fullDescription,...},
                                              {...}|...],
                                             2,[],
                                             [...],...},
                                            {xmlText,
                                             [{table,13},
                                              {fullDescription,2},
                                              {description,3},
                                              {function,17},
                                              {functions,...},
                                              {...}],
                                             3,[],"\n    ",text},
                                            {xmlElement,tbody,tbody,[],
                                             {xmlNamespace,[],...},
                                             [{...}|...],
                                             4,...},
                                            {xmlText,
                                             [{table,13},
                                              {fullDescription,2},
                                              {description,...},
                                              {...}|...],
                                             5,[],"\n  ",text}]],
                                          [{file,"docgen_edoc_xml_cb.erl"},
                                           {line,640}]},
                                         {docgen_edoc_xml_cb,
                                          otp_xmlify_table,1,
                                          [{file,"docgen_edoc_xml_cb.erl"},
                                           {line,641}]},
                                         {lists,flatmap,2,
                                          [{file,"lists.erl"},{line,1248}]},
                                         {docgen_edoc_xml_cb,otp_xmlify_es,1,
                                          [{file,"docgen_edoc_xml_cb.erl"},
                                           {line,278}]},
                                         {docgen_edoc_xml_cb,otp_xmlify_es,1,
                                          [{file,"docgen_edoc_xml_cb.erl"},
                                           {line,282}]},
                                         {docgen_edoc_xml_cb,otp_xmlify_es,1,
                                          [{file,"docgen_edoc_xml_cb.erl"},
                                           {line,273}]},
                                         {docgen_edoc_xml_cb,otp_xmlify_es,1,
                                          [{file,"docgen_edoc_xml_cb.erl"},
                                           {line,282}]},
                                         {docgen_edoc_xml_cb,otp_xmlify_es,1,
                                          [{file,[...]},{line,...}]}]}}.
Error generating XML ("/home/pete/wefwefwef/docs/other/7f3074f54ee88670a824b9960573aef7/mysql-otp-tag-0.8.1/mysql-otp/src/mysql.erl"): {'EXIT',
                                                                                                                                        error}
Generating XML mysql-otp - mysql_cache "/home/pete/wefwefwef/docs/other/7f3074f54ee88670a824b9960573aef7/mysql-otp-tag-0.8.1/mysql-otp/src/mysql_cache.erl" -> "/home/pete/wefwefwef/docs/other/7f3074f54ee88670a824b9960573aef7/repo/0.8.1/.xml/mysql-otp/mysql_cache.xml"
Generating XML mysql-otp - mysql_encode "/home/pete/wefwefwef/docs/other/7f3074f54ee88670a824b9960573aef7/mysql-otp-tag-0.8.1/mysql-otp/src/mysql_encode.erl" -> "/home/pete/wefwefwef/docs/other/7f3074f54ee88670a824b9960573aef7/repo/0.8.1/.xml/mysql-otp/mysql_encode.xml"
Generating XML mysql-otp - mysql_protocol "/home/pete/wefwefwef/docs/other/7f3074f54ee88670a824b9960573aef7/mysql-otp-tag-0.8.1/mysql-otp/src/mysql_protocol.erl" -> "/home/pete/wefwefwef/docs/other/7f3074f54ee88670a824b9960573aef7/repo/0.8.1/.xml/mysql-otp/mysql_protocol.xml"
Generating HTML - mysql_cache "/home/pete/wefwefwef/docs/other/7f3074f54ee88670a824b9960573aef7/repo/0.8.1/.xml/mysql-otp/mysql_cache.xml"
Reading XML for "/home/pete/wefwefwef/docs/other/7f3074f54ee88670a824b9960573aef7/repo/0.8.1/.xml/mysql-otp/mysql_cache.xml"
Reading XML for "/home/pete/wefwefwef/docs/other/7f3074f54ee88670a824b9960573aef7/repo/0.8.1/.xml/specs_mysql_cache.xml"
Generating HTML - mysql_encode "/home/pete/wefwefwef/docs/other/7f3074f54ee88670a824b9960573aef7/repo/0.8.1/.xml/mysql-otp/mysql_encode.xml"
Reading XML for "/home/pete/wefwefwef/docs/other/7f3074f54ee88670a824b9960573aef7/repo/0.8.1/.xml/mysql-otp/mysql_encode.xml"
Reading XML for "/home/pete/wefwefwef/docs/other/7f3074f54ee88670a824b9960573aef7/repo/0.8.1/.xml/specs_mysql_encode.xml"
Generating HTML - mysql_protocol "/home/pete/wefwefwef/docs/other/7f3074f54ee88670a824b9960573aef7/repo/0.8.1/.xml/mysql-otp/mysql_protocol.xml"
Reading XML for "/home/pete/wefwefwef/docs/other/7f3074f54ee88670a824b9960573aef7/repo/0.8.1/.xml/mysql-otp/mysql_protocol.xml"
Reading XML for "/home/pete/wefwefwef/docs/other/7f3074f54ee88670a824b9960573aef7/repo/0.8.1/.xml/specs_mysql_protocol.xml"
Creating index.html ...
Creating erldocs_index.js ...
Woot, finished in 0 Minutes 1 Seconds
 :: Discovering other repos
$ 5000  `rm -r '/home/pete/wefwefwef/docs/other/7f3074f54ee88670a824b9960573aef7/mysql-otp-tag-0.8.1'  2>&1`
 :: Processing https://github.com/mysql-otp/mysql-otp	{rev,tag,"0.8.0","9a903452f52b9ef8eca6b3e5bcced29678bcdf05",undefined,[],[]}
 :: Fetching repo code
$ cd '/home/pete/wefwefwef/docs/other/7f3074f54ee88670a824b9960573aef7/mysql-otp-tag-0.8.0'
$ infinity  `curl --fail --silent --show-error --location --output repo.zip 'https://github.com/mysql-otp/mysql-otp/archive/0.8.0.zip'  2>&1`
$ cd '/home/pete/wefwefwef/docs/erldocs_other.git'
$ cd '/home/pete/wefwefwef/docs/other/7f3074f54ee88670a824b9960573aef7/mysql-otp-tag-0.8.0/mysql-otp-0.8.0'
$ 5000  `find -P . -type l -delete  2>&1`
$ cd '/home/pete/wefwefwef/docs/erldocs_other.git'
$ 5000  `mv '/home/pete/wefwefwef/docs/other/7f3074f54ee88670a824b9960573aef7/mysql-otp-tag-0.8.0/mysql-otp-0.8.0' '/home/pete/wefwefwef/docs/other/7f3074f54ee88670a824b9960573aef7/mysql-otp-tag-0.8.0/mysql-otp'  2>&1`
 :: Getting dependencies
$ cd '/home/pete/wefwefwef/docs/other/7f3074f54ee88670a824b9960573aef7/mysql-otp-tag-0.8.0/mysql-otp'
$ 5000  `ls -1 deps/  2>&1`
$ cd '/home/pete/wefwefwef/docs/erldocs_other.git'
>>> [rebar] deps = []
 :: Generating erldocs into /home/pete/wefwefwef/docs/other/7f3074f54ee88670a824b9960573aef7/repo/0.8.0
Building mysql-otp
Generating Type Specs - "/home/pete/wefwefwef/docs/other/7f3074f54ee88670a824b9960573aef7/mysql-otp-tag-0.8.0/mysql-otp/src/mysql.erl"
Generating Type Specs - "/home/pete/wefwefwef/docs/other/7f3074f54ee88670a824b9960573aef7/mysql-otp-tag-0.8.0/mysql-otp/src/mysql_cache.erl"
Generating Type Specs - "/home/pete/wefwefwef/docs/other/7f3074f54ee88670a824b9960573aef7/mysql-otp-tag-0.8.0/mysql-otp/src/mysql_encode.erl"
Generating Type Specs - "/home/pete/wefwefwef/docs/other/7f3074f54ee88670a824b9960573aef7/mysql-otp-tag-0.8.0/mysql-otp/src/mysql_protocol.erl"
Generating XML for application mysql-otp "/home/pete/wefwefwef/docs/other/7f3074f54ee88670a824b9960573aef7/mysql-otp-tag-0.8.0/mysql-otp" -> "/home/pete/wefwefwef/docs/other/7f3074f54ee88670a824b9960573aef7/repo/0.8.0/.xml/mysql-otp"
edoc: error in layout 'docgen_edoc_xml_cb': {'EXIT',
                                       {function_clause,
                                        [{docgen_edoc_xml_cb,
                                          otp_xmlify_table,
                                          [[{xmlElement,thead,thead,[],
                                             {xmlNamespace,[],[]},
                                             [{table,13},
                                              {fullDescription,...},
                                              {...}|...],
                                             2,[],
                                             [...],...},
                                            {xmlText,
                                             [{table,13},
                                              {fullDescription,2},
                                              {description,3},
                                              {function,17},
                                              {functions,...},
                                              {...}],
                                             3,[],"\n    ",text},
                                            {xmlElement,tbody,tbody,[],
                                             {xmlNamespace,[],...},
                                             [{...}|...],
                                             4,...},
                                            {xmlText,
                                             [{table,13},
                                              {fullDescription,2},
                                              {description,...},
                                              {...}|...],
                                             5,[],"\n  ",text}]],
                                          [{file,"docgen_edoc_xml_cb.erl"},
                                           {line,640}]},
                                         {docgen_edoc_xml_cb,
                                          otp_xmlify_table,1,
                                          [{file,"docgen_edoc_xml_cb.erl"},
                                           {line,641}]},
                                         {lists,flatmap,2,
                                          [{file,"lists.erl"},{line,1248}]},
                                         {docgen_edoc_xml_cb,otp_xmlify_es,1,
                                          [{file,"docgen_edoc_xml_cb.erl"},
                                           {line,278}]},
                                         {docgen_edoc_xml_cb,otp_xmlify_es,1,
                                          [{file,"docgen_edoc_xml_cb.erl"},
                                           {line,282}]},
                                         {docgen_edoc_xml_cb,otp_xmlify_es,1,
                                          [{file,"docgen_edoc_xml_cb.erl"},
                                           {line,273}]},
                                         {docgen_edoc_xml_cb,otp_xmlify_es,1,
                                          [{file,"docgen_edoc_xml_cb.erl"},
                                           {line,282}]},
                                         {docgen_edoc_xml_cb,otp_xmlify_es,1,
                                          [{file,[...]},{line,...}]}]}}.
edoc: error in doclet 'edoc_doclet': {'EXIT',error}.
Error generating mysql-otp XMLs. Using fallback ...
Generating XML mysql-otp - mysql "/home/pete/wefwefwef/docs/other/7f3074f54ee88670a824b9960573aef7/mysql-otp-tag-0.8.0/mysql-otp/src/mysql.erl" -> "/home/pete/wefwefwef/docs/other/7f3074f54ee88670a824b9960573aef7/repo/0.8.0/.xml/mysql-otp/mysql.xml"
edoc: error in layout 'docgen_edoc_xml_cb': {'EXIT',
                                       {function_clause,
                                        [{docgen_edoc_xml_cb,
                                          otp_xmlify_table,
                                          [[{xmlElement,thead,thead,[],
                                             {xmlNamespace,[],[]},
                                             [{table,13},
                                              {fullDescription,...},
                                              {...}|...],
                                             2,[],
                                             [...],...},
                                            {xmlText,
                                             [{table,13},
                                              {fullDescription,2},
                                              {description,3},
                                              {function,17},
                                              {functions,...},
                                              {...}],
                                             3,[],"\n    ",text},
                                            {xmlElement,tbody,tbody,[],
                                             {xmlNamespace,[],...},
                                             [{...}|...],
                                             4,...},
                                            {xmlText,
                                             [{table,13},
                                              {fullDescription,2},
                                              {description,...},
                                              {...}|...],
                                             5,[],"\n  ",text}]],
                                          [{file,"docgen_edoc_xml_cb.erl"},
                                           {line,640}]},
                                         {docgen_edoc_xml_cb,
                                          otp_xmlify_table,1,
                                          [{file,"docgen_edoc_xml_cb.erl"},
                                           {line,641}]},
                                         {lists,flatmap,2,
                                          [{file,"lists.erl"},{line,1248}]},
                                         {docgen_edoc_xml_cb,otp_xmlify_es,1,
                                          [{file,"docgen_edoc_xml_cb.erl"},
                                           {line,278}]},
                                         {docgen_edoc_xml_cb,otp_xmlify_es,1,
                                          [{file,"docgen_edoc_xml_cb.erl"},
                                           {line,282}]},
                                         {docgen_edoc_xml_cb,otp_xmlify_es,1,
                                          [{file,"docgen_edoc_xml_cb.erl"},
                                           {line,273}]},
                                         {docgen_edoc_xml_cb,otp_xmlify_es,1,
                                          [{file,"docgen_edoc_xml_cb.erl"},
                                           {line,282}]},
                                         {docgen_edoc_xml_cb,otp_xmlify_es,1,
                                          [{file,[...]},{line,...}]}]}}.
Error generating XML ("/home/pete/wefwefwef/docs/other/7f3074f54ee88670a824b9960573aef7/mysql-otp-tag-0.8.0/mysql-otp/src/mysql.erl"): {'EXIT',
                                                                                                                                        error}
Generating XML mysql-otp - mysql_cache "/home/pete/wefwefwef/docs/other/7f3074f54ee88670a824b9960573aef7/mysql-otp-tag-0.8.0/mysql-otp/src/mysql_cache.erl" -> "/home/pete/wefwefwef/docs/other/7f3074f54ee88670a824b9960573aef7/repo/0.8.0/.xml/mysql-otp/mysql_cache.xml"
Generating XML mysql-otp - mysql_encode "/home/pete/wefwefwef/docs/other/7f3074f54ee88670a824b9960573aef7/mysql-otp-tag-0.8.0/mysql-otp/src/mysql_encode.erl" -> "/home/pete/wefwefwef/docs/other/7f3074f54ee88670a824b9960573aef7/repo/0.8.0/.xml/mysql-otp/mysql_encode.xml"
Generating XML mysql-otp - mysql_protocol "/home/pete/wefwefwef/docs/other/7f3074f54ee88670a824b9960573aef7/mysql-otp-tag-0.8.0/mysql-otp/src/mysql_protocol.erl" -> "/home/pete/wefwefwef/docs/other/7f3074f54ee88670a824b9960573aef7/repo/0.8.0/.xml/mysql-otp/mysql_protocol.xml"
Generating HTML - mysql_cache "/home/pete/wefwefwef/docs/other/7f3074f54ee88670a824b9960573aef7/repo/0.8.0/.xml/mysql-otp/mysql_cache.xml"
Reading XML for "/home/pete/wefwefwef/docs/other/7f3074f54ee88670a824b9960573aef7/repo/0.8.0/.xml/mysql-otp/mysql_cache.xml"
Reading XML for "/home/pete/wefwefwef/docs/other/7f3074f54ee88670a824b9960573aef7/repo/0.8.0/.xml/specs_mysql_cache.xml"
Generating HTML - mysql_encode "/home/pete/wefwefwef/docs/other/7f3074f54ee88670a824b9960573aef7/repo/0.8.0/.xml/mysql-otp/mysql_encode.xml"
Reading XML for "/home/pete/wefwefwef/docs/other/7f3074f54ee88670a824b9960573aef7/repo/0.8.0/.xml/mysql-otp/mysql_encode.xml"
Reading XML for "/home/pete/wefwefwef/docs/other/7f3074f54ee88670a824b9960573aef7/repo/0.8.0/.xml/specs_mysql_encode.xml"
Generating HTML - mysql_protocol "/home/pete/wefwefwef/docs/other/7f3074f54ee88670a824b9960573aef7/repo/0.8.0/.xml/mysql-otp/mysql_protocol.xml"
Reading XML for "/home/pete/wefwefwef/docs/other/7f3074f54ee88670a824b9960573aef7/repo/0.8.0/.xml/mysql-otp/mysql_protocol.xml"
Reading XML for "/home/pete/wefwefwef/docs/other/7f3074f54ee88670a824b9960573aef7/repo/0.8.0/.xml/specs_mysql_protocol.xml"
Creating index.html ...
Creating erldocs_index.js ...
Woot, finished in 0 Minutes 1 Seconds
 :: Discovering other repos
$ 5000  `rm -r '/home/pete/wefwefwef/docs/other/7f3074f54ee88670a824b9960573aef7/mysql-otp-tag-0.8.0'  2>&1`
 :: Processing https://github.com/mysql-otp/mysql-otp	{rev,tag,"0.7.1","d7f6890efe9b7403bef0e246fb15c29f1d98df39",undefined,[],[]}
 :: Fetching repo code
$ cd '/home/pete/wefwefwef/docs/other/7f3074f54ee88670a824b9960573aef7/mysql-otp-tag-0.7.1'
$ infinity  `curl --fail --silent --show-error --location --output repo.zip 'https://github.com/mysql-otp/mysql-otp/archive/0.7.1.zip'  2>&1`
$ cd '/home/pete/wefwefwef/docs/erldocs_other.git'
$ cd '/home/pete/wefwefwef/docs/other/7f3074f54ee88670a824b9960573aef7/mysql-otp-tag-0.7.1/mysql-otp-0.7.1'
$ 5000  `find -P . -type l -delete  2>&1`
$ cd '/home/pete/wefwefwef/docs/erldocs_other.git'
$ 5000  `mv '/home/pete/wefwefwef/docs/other/7f3074f54ee88670a824b9960573aef7/mysql-otp-tag-0.7.1/mysql-otp-0.7.1' '/home/pete/wefwefwef/docs/other/7f3074f54ee88670a824b9960573aef7/mysql-otp-tag-0.7.1/mysql-otp'  2>&1`
 :: Getting dependencies
$ cd '/home/pete/wefwefwef/docs/other/7f3074f54ee88670a824b9960573aef7/mysql-otp-tag-0.7.1/mysql-otp'
$ 5000  `ls -1 deps/  2>&1`
$ cd '/home/pete/wefwefwef/docs/erldocs_other.git'
>>> [rebar] deps = []
 :: Generating erldocs into /home/pete/wefwefwef/docs/other/7f3074f54ee88670a824b9960573aef7/repo/0.7.1
Building mysql-otp
Generating Type Specs - "/home/pete/wefwefwef/docs/other/7f3074f54ee88670a824b9960573aef7/mysql-otp-tag-0.7.1/mysql-otp/src/mysql.erl"
Generating Type Specs - "/home/pete/wefwefwef/docs/other/7f3074f54ee88670a824b9960573aef7/mysql-otp-tag-0.7.1/mysql-otp/src/mysql_cache.erl"
Generating Type Specs - "/home/pete/wefwefwef/docs/other/7f3074f54ee88670a824b9960573aef7/mysql-otp-tag-0.7.1/mysql-otp/src/mysql_protocol.erl"
Generating XML for application mysql-otp "/home/pete/wefwefwef/docs/other/7f3074f54ee88670a824b9960573aef7/mysql-otp-tag-0.7.1/mysql-otp" -> "/home/pete/wefwefwef/docs/other/7f3074f54ee88670a824b9960573aef7/repo/0.7.1/.xml/mysql-otp"
edoc: error in layout 'docgen_edoc_xml_cb': {'EXIT',
                                       {function_clause,
                                        [{docgen_edoc_xml_cb,
                                          otp_xmlify_table,
                                          [[{xmlElement,thead,thead,[],
                                             {xmlNamespace,[],[]},
                                             [{table,13},
                                              {fullDescription,...},
                                              {...}|...],
                                             2,[],
                                             [...],...},
                                            {xmlText,
                                             [{table,13},
                                              {fullDescription,2},
                                              {description,3},
                                              {function,17},
                                              {functions,...},
                                              {...}],
                                             3,[],"\n    ",text},
                                            {xmlElement,tbody,tbody,[],
                                             {xmlNamespace,[],...},
                                             [{...}|...],
                                             4,...},
                                            {xmlText,
                                             [{table,13},
                                              {fullDescription,2},
                                              {description,...},
                                              {...}|...],
                                             5,[],"\n  ",text}]],
                                          [{file,"docgen_edoc_xml_cb.erl"},
                                           {line,640}]},
                                         {docgen_edoc_xml_cb,
                                          otp_xmlify_table,1,
                                          [{file,"docgen_edoc_xml_cb.erl"},
                                           {line,641}]},
                                         {lists,flatmap,2,
                                          [{file,"lists.erl"},{line,1248}]},
                                         {docgen_edoc_xml_cb,otp_xmlify_es,1,
                                          [{file,"docgen_edoc_xml_cb.erl"},
                                           {line,278}]},
                                         {docgen_edoc_xml_cb,otp_xmlify_es,1,
                                          [{file,"docgen_edoc_xml_cb.erl"},
                                           {line,282}]},
                                         {docgen_edoc_xml_cb,otp_xmlify_es,1,
                                          [{file,"docgen_edoc_xml_cb.erl"},
                                           {line,273}]},
                                         {docgen_edoc_xml_cb,otp_xmlify_es,1,
                                          [{file,"docgen_edoc_xml_cb.erl"},
                                           {line,282}]},
                                         {docgen_edoc_xml_cb,otp_xmlify_es,1,
                                          [{file,[...]},{line,...}]}]}}.
edoc: error in doclet 'edoc_doclet': {'EXIT',error}.
Error generating mysql-otp XMLs. Using fallback ...
Generating XML mysql-otp - mysql "/home/pete/wefwefwef/docs/other/7f3074f54ee88670a824b9960573aef7/mysql-otp-tag-0.7.1/mysql-otp/src/mysql.erl" -> "/home/pete/wefwefwef/docs/other/7f3074f54ee88670a824b9960573aef7/repo/0.7.1/.xml/mysql-otp/mysql.xml"
edoc: error in layout 'docgen_edoc_xml_cb': {'EXIT',
                                       {function_clause,
                                        [{docgen_edoc_xml_cb,
                                          otp_xmlify_table,
                                          [[{xmlElement,thead,thead,[],
                                             {xmlNamespace,[],[]},
                                             [{table,13},
                                              {fullDescription,...},
                                              {...}|...],
                                             2,[],
                                             [...],...},
                                            {xmlText,
                                             [{table,13},
                                              {fullDescription,2},
                                              {description,3},
                                              {function,17},
                                              {functions,...},
                                              {...}],
                                             3,[],"\n    ",text},
                                            {xmlElement,tbody,tbody,[],
                                             {xmlNamespace,[],...},
                                             [{...}|...],
                                             4,...},
                                            {xmlText,
                                             [{table,13},
                                              {fullDescription,2},
                                              {description,...},
                                              {...}|...],
                                             5,[],"\n  ",text}]],
                                          [{file,"docgen_edoc_xml_cb.erl"},
                                           {line,640}]},
                                         {docgen_edoc_xml_cb,
                                          otp_xmlify_table,1,
                                          [{file,"docgen_edoc_xml_cb.erl"},
                                           {line,641}]},
                                         {lists,flatmap,2,
                                          [{file,"lists.erl"},{line,1248}]},
                                         {docgen_edoc_xml_cb,otp_xmlify_es,1,
                                          [{file,"docgen_edoc_xml_cb.erl"},
                                           {line,278}]},
                                         {docgen_edoc_xml_cb,otp_xmlify_es,1,
                                          [{file,"docgen_edoc_xml_cb.erl"},
                                           {line,282}]},
                                         {docgen_edoc_xml_cb,otp_xmlify_es,1,
                                          [{file,"docgen_edoc_xml_cb.erl"},
                                           {line,273}]},
                                         {docgen_edoc_xml_cb,otp_xmlify_es,1,
                                          [{file,"docgen_edoc_xml_cb.erl"},
                                           {line,282}]},
                                         {docgen_edoc_xml_cb,otp_xmlify_es,1,
                                          [{file,[...]},{line,...}]}]}}.
Error generating XML ("/home/pete/wefwefwef/docs/other/7f3074f54ee88670a824b9960573aef7/mysql-otp-tag-0.7.1/mysql-otp/src/mysql.erl"): {'EXIT',
                                                                                                                                        error}
Generating XML mysql-otp - mysql_cache "/home/pete/wefwefwef/docs/other/7f3074f54ee88670a824b9960573aef7/mysql-otp-tag-0.7.1/mysql-otp/src/mysql_cache.erl" -> "/home/pete/wefwefwef/docs/other/7f3074f54ee88670a824b9960573aef7/repo/0.7.1/.xml/mysql-otp/mysql_cache.xml"
Generating XML mysql-otp - mysql_protocol "/home/pete/wefwefwef/docs/other/7f3074f54ee88670a824b9960573aef7/mysql-otp-tag-0.7.1/mysql-otp/src/mysql_protocol.erl" -> "/home/pete/wefwefwef/docs/other/7f3074f54ee88670a824b9960573aef7/repo/0.7.1/.xml/mysql-otp/mysql_protocol.xml"
Generating HTML - mysql_cache "/home/pete/wefwefwef/docs/other/7f3074f54ee88670a824b9960573aef7/repo/0.7.1/.xml/mysql-otp/mysql_cache.xml"
Reading XML for "/home/pete/wefwefwef/docs/other/7f3074f54ee88670a824b9960573aef7/repo/0.7.1/.xml/mysql-otp/mysql_cache.xml"
Reading XML for "/home/pete/wefwefwef/docs/other/7f3074f54ee88670a824b9960573aef7/repo/0.7.1/.xml/specs_mysql_cache.xml"
Generating HTML - mysql_protocol "/home/pete/wefwefwef/docs/other/7f3074f54ee88670a824b9960573aef7/repo/0.7.1/.xml/mysql-otp/mysql_protocol.xml"
Reading XML for "/home/pete/wefwefwef/docs/other/7f3074f54ee88670a824b9960573aef7/repo/0.7.1/.xml/mysql-otp/mysql_protocol.xml"
Reading XML for "/home/pete/wefwefwef/docs/other/7f3074f54ee88670a824b9960573aef7/repo/0.7.1/.xml/specs_mysql_protocol.xml"
Creating index.html ...
Creating erldocs_index.js ...
Woot, finished in 0 Minutes 1 Seconds
 :: Discovering other repos
$ 5000  `rm -r '/home/pete/wefwefwef/docs/other/7f3074f54ee88670a824b9960573aef7/mysql-otp-tag-0.7.1'  2>&1`
 :: Processing https://github.com/mysql-otp/mysql-otp	{rev,tag,"0.6.0","923efc94f6cedd7148371625a7240e599aacaee9",undefined,[],[]}
 :: Fetching repo code
$ cd '/home/pete/wefwefwef/docs/other/7f3074f54ee88670a824b9960573aef7/mysql-otp-tag-0.6.0'
$ infinity  `curl --fail --silent --show-error --location --output repo.zip 'https://github.com/mysql-otp/mysql-otp/archive/0.6.0.zip'  2>&1`
$ cd '/home/pete/wefwefwef/docs/erldocs_other.git'
$ cd '/home/pete/wefwefwef/docs/other/7f3074f54ee88670a824b9960573aef7/mysql-otp-tag-0.6.0/mysql-otp-0.6.0'
$ 5000  `find -P . -type l -delete  2>&1`
$ cd '/home/pete/wefwefwef/docs/erldocs_other.git'
$ 5000  `mv '/home/pete/wefwefwef/docs/other/7f3074f54ee88670a824b9960573aef7/mysql-otp-tag-0.6.0/mysql-otp-0.6.0' '/home/pete/wefwefwef/docs/other/7f3074f54ee88670a824b9960573aef7/mysql-otp-tag-0.6.0/mysql-otp'  2>&1`
 :: Getting dependencies
$ cd '/home/pete/wefwefwef/docs/other/7f3074f54ee88670a824b9960573aef7/mysql-otp-tag-0.6.0/mysql-otp'
$ 5000  `ls -1 deps/  2>&1`
$ cd '/home/pete/wefwefwef/docs/erldocs_other.git'
>>> [rebar] deps = []
 :: Generating erldocs into /home/pete/wefwefwef/docs/other/7f3074f54ee88670a824b9960573aef7/repo/0.6.0
Building mysql-otp
Generating Type Specs - "/home/pete/wefwefwef/docs/other/7f3074f54ee88670a824b9960573aef7/mysql-otp-tag-0.6.0/mysql-otp/src/mysql.erl"
Generating Type Specs - "/home/pete/wefwefwef/docs/other/7f3074f54ee88670a824b9960573aef7/mysql-otp-tag-0.6.0/mysql-otp/src/mysql_cache.erl"
Generating Type Specs - "/home/pete/wefwefwef/docs/other/7f3074f54ee88670a824b9960573aef7/mysql-otp-tag-0.6.0/mysql-otp/src/mysql_protocol.erl"
Generating XML for application mysql-otp "/home/pete/wefwefwef/docs/other/7f3074f54ee88670a824b9960573aef7/mysql-otp-tag-0.6.0/mysql-otp" -> "/home/pete/wefwefwef/docs/other/7f3074f54ee88670a824b9960573aef7/repo/0.6.0/.xml/mysql-otp"
edoc: error in layout 'docgen_edoc_xml_cb': {'EXIT',
                                       {function_clause,
                                        [{docgen_edoc_xml_cb,
                                          otp_xmlify_table,
                                          [[{xmlElement,thead,thead,[],
                                             {xmlNamespace,[],[]},
                                             [{table,13},
                                              {fullDescription,...},
                                              {...}|...],
                                             2,[],
                                             [...],...},
                                            {xmlText,
                                             [{table,13},
                                              {fullDescription,2},
                                              {description,3},
                                              {function,16},
                                              {functions,...},
                                              {...}],
                                             3,[],"\n    ",text},
                                            {xmlElement,tbody,tbody,[],
                                             {xmlNamespace,[],...},
                                             [{...}|...],
                                             4,...},
                                            {xmlText,
                                             [{table,13},
                                              {fullDescription,2},
                                              {description,...},
                                              {...}|...],
                                             5,[],"\n  ",text}]],
                                          [{file,"docgen_edoc_xml_cb.erl"},
                                           {line,640}]},
                                         {docgen_edoc_xml_cb,
                                          otp_xmlify_table,1,
                                          [{file,"docgen_edoc_xml_cb.erl"},
                                           {line,641}]},
                                         {lists,flatmap,2,
                                          [{file,"lists.erl"},{line,1248}]},
                                         {docgen_edoc_xml_cb,otp_xmlify_es,1,
                                          [{file,"docgen_edoc_xml_cb.erl"},
                                           {line,278}]},
                                         {docgen_edoc_xml_cb,otp_xmlify_es,1,
                                          [{file,"docgen_edoc_xml_cb.erl"},
                                           {line,282}]},
                                         {docgen_edoc_xml_cb,otp_xmlify_es,1,
                                          [{file,"docgen_edoc_xml_cb.erl"},
                                           {line,273}]},
                                         {docgen_edoc_xml_cb,otp_xmlify_es,1,
                                          [{file,"docgen_edoc_xml_cb.erl"},
                                           {line,282}]},
                                         {docgen_edoc_xml_cb,otp_xmlify_es,1,
                                          [{file,[...]},{line,...}]}]}}.
edoc: error in doclet 'edoc_doclet': {'EXIT',error}.
Error generating mysql-otp XMLs. Using fallback ...
Generating XML mysql-otp - mysql "/home/pete/wefwefwef/docs/other/7f3074f54ee88670a824b9960573aef7/mysql-otp-tag-0.6.0/mysql-otp/src/mysql.erl" -> "/home/pete/wefwefwef/docs/other/7f3074f54ee88670a824b9960573aef7/repo/0.6.0/.xml/mysql-otp/mysql.xml"
edoc: error in layout 'docgen_edoc_xml_cb': {'EXIT',
                                       {function_clause,
                                        [{docgen_edoc_xml_cb,
                                          otp_xmlify_table,
                                          [[{xmlElement,thead,thead,[],
                                             {xmlNamespace,[],[]},
                                             [{table,13},
                                              {fullDescription,...},
                                              {...}|...],
                                             2,[],
                                             [...],...},
                                            {xmlText,
                                             [{table,13},
                                              {fullDescription,2},
                                              {description,3},
                                              {function,16},
                                              {functions,...},
                                              {...}],
                                             3,[],"\n    ",text},
                                            {xmlElement,tbody,tbody,[],
                                             {xmlNamespace,[],...},
                                             [{...}|...],
                                             4,...},
                                            {xmlText,
                                             [{table,13},
                                              {fullDescription,2},
                                              {description,...},
                                              {...}|...],
                                             5,[],"\n  ",text}]],
                                          [{file,"docgen_edoc_xml_cb.erl"},
                                           {line,640}]},
                                         {docgen_edoc_xml_cb,
                                          otp_xmlify_table,1,
                                          [{file,"docgen_edoc_xml_cb.erl"},
                                           {line,641}]},
                                         {lists,flatmap,2,
                                          [{file,"lists.erl"},{line,1248}]},
                                         {docgen_edoc_xml_cb,otp_xmlify_es,1,
                                          [{file,"docgen_edoc_xml_cb.erl"},
                                           {line,278}]},
                                         {docgen_edoc_xml_cb,otp_xmlify_es,1,
                                          [{file,"docgen_edoc_xml_cb.erl"},
                                           {line,282}]},
                                         {docgen_edoc_xml_cb,otp_xmlify_es,1,
                                          [{file,"docgen_edoc_xml_cb.erl"},
                                           {line,273}]},
                                         {docgen_edoc_xml_cb,otp_xmlify_es,1,
                                          [{file,"docgen_edoc_xml_cb.erl"},
                                           {line,282}]},
                                         {docgen_edoc_xml_cb,otp_xmlify_es,1,
                                          [{file,[...]},{line,...}]}]}}.
Error generating XML ("/home/pete/wefwefwef/docs/other/7f3074f54ee88670a824b9960573aef7/mysql-otp-tag-0.6.0/mysql-otp/src/mysql.erl"): {'EXIT',
                                                                                                                                        error}
Generating XML mysql-otp - mysql_cache "/home/pete/wefwefwef/docs/other/7f3074f54ee88670a824b9960573aef7/mysql-otp-tag-0.6.0/mysql-otp/src/mysql_cache.erl" -> "/home/pete/wefwefwef/docs/other/7f3074f54ee88670a824b9960573aef7/repo/0.6.0/.xml/mysql-otp/mysql_cache.xml"
Generating XML mysql-otp - mysql_protocol "/home/pete/wefwefwef/docs/other/7f3074f54ee88670a824b9960573aef7/mysql-otp-tag-0.6.0/mysql-otp/src/mysql_protocol.erl" -> "/home/pete/wefwefwef/docs/other/7f3074f54ee88670a824b9960573aef7/repo/0.6.0/.xml/mysql-otp/mysql_protocol.xml"
Generating HTML - mysql_cache "/home/pete/wefwefwef/docs/other/7f3074f54ee88670a824b9960573aef7/repo/0.6.0/.xml/mysql-otp/mysql_cache.xml"
Reading XML for "/home/pete/wefwefwef/docs/other/7f3074f54ee88670a824b9960573aef7/repo/0.6.0/.xml/mysql-otp/mysql_cache.xml"
Reading XML for "/home/pete/wefwefwef/docs/other/7f3074f54ee88670a824b9960573aef7/repo/0.6.0/.xml/specs_mysql_cache.xml"
Generating HTML - mysql_protocol "/home/pete/wefwefwef/docs/other/7f3074f54ee88670a824b9960573aef7/repo/0.6.0/.xml/mysql-otp/mysql_protocol.xml"
Reading XML for "/home/pete/wefwefwef/docs/other/7f3074f54ee88670a824b9960573aef7/repo/0.6.0/.xml/mysql-otp/mysql_protocol.xml"
Reading XML for "/home/pete/wefwefwef/docs/other/7f3074f54ee88670a824b9960573aef7/repo/0.6.0/.xml/specs_mysql_protocol.xml"
Creating index.html ...
Creating erldocs_index.js ...
Woot, finished in 0 Minutes 1 Seconds
 :: Discovering other repos
$ 5000  `rm -r '/home/pete/wefwefwef/docs/other/7f3074f54ee88670a824b9960573aef7/mysql-otp-tag-0.6.0'  2>&1`
 :: Processing https://github.com/mysql-otp/mysql-otp	{rev,tag,"0.5.1","5158e7c0ee0b5994584097ed3e9507c864c4b91f",undefined,[],[]}
 :: Fetching repo code
$ cd '/home/pete/wefwefwef/docs/other/7f3074f54ee88670a824b9960573aef7/mysql-otp-tag-0.5.1'
$ infinity  `curl --fail --silent --show-error --location --output repo.zip 'https://github.com/mysql-otp/mysql-otp/archive/0.5.1.zip'  2>&1`
$ cd '/home/pete/wefwefwef/docs/erldocs_other.git'
$ cd '/home/pete/wefwefwef/docs/other/7f3074f54ee88670a824b9960573aef7/mysql-otp-tag-0.5.1/mysql-otp-0.5.1'
$ 5000  `find -P . -type l -delete  2>&1`
$ cd '/home/pete/wefwefwef/docs/erldocs_other.git'
$ 5000  `mv '/home/pete/wefwefwef/docs/other/7f3074f54ee88670a824b9960573aef7/mysql-otp-tag-0.5.1/mysql-otp-0.5.1' '/home/pete/wefwefwef/docs/other/7f3074f54ee88670a824b9960573aef7/mysql-otp-tag-0.5.1/mysql-otp'  2>&1`
 :: Getting dependencies
$ cd '/home/pete/wefwefwef/docs/other/7f3074f54ee88670a824b9960573aef7/mysql-otp-tag-0.5.1/mysql-otp'
$ 5000  `ls -1 deps/  2>&1`
$ cd '/home/pete/wefwefwef/docs/erldocs_other.git'
>>> [rebar] deps = []
 :: Generating erldocs into /home/pete/wefwefwef/docs/other/7f3074f54ee88670a824b9960573aef7/repo/0.5.1
Building mysql-otp
Generating Type Specs - "/home/pete/wefwefwef/docs/other/7f3074f54ee88670a824b9960573aef7/mysql-otp-tag-0.5.1/mysql-otp/src/mysql.erl"
Generating Type Specs - "/home/pete/wefwefwef/docs/other/7f3074f54ee88670a824b9960573aef7/mysql-otp-tag-0.5.1/mysql-otp/src/mysql_cache.erl"
Generating Type Specs - "/home/pete/wefwefwef/docs/other/7f3074f54ee88670a824b9960573aef7/mysql-otp-tag-0.5.1/mysql-otp/src/mysql_protocol.erl"
Generating XML for application mysql-otp "/home/pete/wefwefwef/docs/other/7f3074f54ee88670a824b9960573aef7/mysql-otp-tag-0.5.1/mysql-otp" -> "/home/pete/wefwefwef/docs/other/7f3074f54ee88670a824b9960573aef7/repo/0.5.1/.xml/mysql-otp"
edoc: error in layout 'docgen_edoc_xml_cb': {'EXIT',
                                       {function_clause,
                                        [{docgen_edoc_xml_cb,
                                          otp_xmlify_table,
                                          [[{xmlElement,thead,thead,[],
                                             {xmlNamespace,[],[]},
                                             [{table,13},
                                              {fullDescription,...},
                                              {...}|...],
                                             2,[],
                                             [...],...},
                                            {xmlText,
                                             [{table,13},
                                              {fullDescription,2},
                                              {description,3},
                                              {function,16},
                                              {functions,...},
                                              {...}],
                                             3,[],"\n    ",text},
                                            {xmlElement,tbody,tbody,[],
                                             {xmlNamespace,[],...},
                                             [{...}|...],
                                             4,...},
                                            {xmlText,
                                             [{table,13},
                                              {fullDescription,2},
                                              {description,...},
                                              {...}|...],
                                             5,[],"\n  ",text}]],
                                          [{file,"docgen_edoc_xml_cb.erl"},
                                           {line,640}]},
                                         {docgen_edoc_xml_cb,
                                          otp_xmlify_table,1,
                                          [{file,"docgen_edoc_xml_cb.erl"},
                                           {line,641}]},
                                         {lists,flatmap,2,
                                          [{file,"lists.erl"},{line,1248}]},
                                         {docgen_edoc_xml_cb,otp_xmlify_es,1,
                                          [{file,"docgen_edoc_xml_cb.erl"},
                                           {line,278}]},
                                         {docgen_edoc_xml_cb,otp_xmlify_es,1,
                                          [{file,"docgen_edoc_xml_cb.erl"},
                                           {line,282}]},
                                         {docgen_edoc_xml_cb,otp_xmlify_es,1,
                                          [{file,"docgen_edoc_xml_cb.erl"},
                                           {line,273}]},
                                         {docgen_edoc_xml_cb,otp_xmlify_es,1,
                                          [{file,"docgen_edoc_xml_cb.erl"},
                                           {line,282}]},
                                         {docgen_edoc_xml_cb,otp_xmlify_es,1,
                                          [{file,[...]},{line,...}]}]}}.
edoc: error in doclet 'edoc_doclet': {'EXIT',error}.
Error generating mysql-otp XMLs. Using fallback ...
Generating XML mysql-otp - mysql "/home/pete/wefwefwef/docs/other/7f3074f54ee88670a824b9960573aef7/mysql-otp-tag-0.5.1/mysql-otp/src/mysql.erl" -> "/home/pete/wefwefwef/docs/other/7f3074f54ee88670a824b9960573aef7/repo/0.5.1/.xml/mysql-otp/mysql.xml"
edoc: error in layout 'docgen_edoc_xml_cb': {'EXIT',
                                       {function_clause,
                                        [{docgen_edoc_xml_cb,
                                          otp_xmlify_table,
                                          [[{xmlElement,thead,thead,[],
                                             {xmlNamespace,[],[]},
                                             [{table,13},
                                              {fullDescription,...},
                                              {...}|...],
                                             2,[],
                                             [...],...},
                                            {xmlText,
                                             [{table,13},
                                              {fullDescription,2},
                                              {description,3},
                                              {function,16},
                                              {functions,...},
                                              {...}],
                                             3,[],"\n    ",text},
                                            {xmlElement,tbody,tbody,[],
                                             {xmlNamespace,[],...},
                                             [{...}|...],
                                             4,...},
                                            {xmlText,
                                             [{table,13},
                                              {fullDescription,2},
                                              {description,...},
                                              {...}|...],
                                             5,[],"\n  ",text}]],
                                          [{file,"docgen_edoc_xml_cb.erl"},
                                           {line,640}]},
                                         {docgen_edoc_xml_cb,
                                          otp_xmlify_table,1,
                                          [{file,"docgen_edoc_xml_cb.erl"},
                                           {line,641}]},
                                         {lists,flatmap,2,
                                          [{file,"lists.erl"},{line,1248}]},
                                         {docgen_edoc_xml_cb,otp_xmlify_es,1,
                                          [{file,"docgen_edoc_xml_cb.erl"},
                                           {line,278}]},
                                         {docgen_edoc_xml_cb,otp_xmlify_es,1,
                                          [{file,"docgen_edoc_xml_cb.erl"},
                                           {line,282}]},
                                         {docgen_edoc_xml_cb,otp_xmlify_es,1,
                                          [{file,"docgen_edoc_xml_cb.erl"},
                                           {line,273}]},
                                         {docgen_edoc_xml_cb,otp_xmlify_es,1,
                                          [{file,"docgen_edoc_xml_cb.erl"},
                                           {line,282}]},
                                         {docgen_edoc_xml_cb,otp_xmlify_es,1,
                                          [{file,[...]},{line,...}]}]}}.
Error generating XML ("/home/pete/wefwefwef/docs/other/7f3074f54ee88670a824b9960573aef7/mysql-otp-tag-0.5.1/mysql-otp/src/mysql.erl"): {'EXIT',
                                                                                                                                        error}
Generating XML mysql-otp - mysql_cache "/home/pete/wefwefwef/docs/other/7f3074f54ee88670a824b9960573aef7/mysql-otp-tag-0.5.1/mysql-otp/src/mysql_cache.erl" -> "/home/pete/wefwefwef/docs/other/7f3074f54ee88670a824b9960573aef7/repo/0.5.1/.xml/mysql-otp/mysql_cache.xml"
Generating XML mysql-otp - mysql_protocol "/home/pete/wefwefwef/docs/other/7f3074f54ee88670a824b9960573aef7/mysql-otp-tag-0.5.1/mysql-otp/src/mysql_protocol.erl" -> "/home/pete/wefwefwef/docs/other/7f3074f54ee88670a824b9960573aef7/repo/0.5.1/.xml/mysql-otp/mysql_protocol.xml"
Generating HTML - mysql_cache "/home/pete/wefwefwef/docs/other/7f3074f54ee88670a824b9960573aef7/repo/0.5.1/.xml/mysql-otp/mysql_cache.xml"
Reading XML for "/home/pete/wefwefwef/docs/other/7f3074f54ee88670a824b9960573aef7/repo/0.5.1/.xml/mysql-otp/mysql_cache.xml"
Reading XML for "/home/pete/wefwefwef/docs/other/7f3074f54ee88670a824b9960573aef7/repo/0.5.1/.xml/specs_mysql_cache.xml"
Generating HTML - mysql_protocol "/home/pete/wefwefwef/docs/other/7f3074f54ee88670a824b9960573aef7/repo/0.5.1/.xml/mysql-otp/mysql_protocol.xml"
Reading XML for "/home/pete/wefwefwef/docs/other/7f3074f54ee88670a824b9960573aef7/repo/0.5.1/.xml/mysql-otp/mysql_protocol.xml"
Reading XML for "/home/pete/wefwefwef/docs/other/7f3074f54ee88670a824b9960573aef7/repo/0.5.1/.xml/specs_mysql_protocol.xml"
Creating index.html ...
Creating erldocs_index.js ...
Woot, finished in 0 Minutes 1 Seconds
 :: Discovering other repos
$ 5000  `rm -r '/home/pete/wefwefwef/docs/other/7f3074f54ee88670a824b9960573aef7/mysql-otp-tag-0.5.1'  2>&1`
 :: Processing https://github.com/mysql-otp/mysql-otp	{rev,tag,"0.5.0","616822e44f6c7afabf56b0e08bf3bdf6f73eb3e6",undefined,[],[]}
 :: Fetching repo code
$ cd '/home/pete/wefwefwef/docs/other/7f3074f54ee88670a824b9960573aef7/mysql-otp-tag-0.5.0'
$ infinity  `curl --fail --silent --show-error --location --output repo.zip 'https://github.com/mysql-otp/mysql-otp/archive/0.5.0.zip'  2>&1`
$ cd '/home/pete/wefwefwef/docs/erldocs_other.git'
$ cd '/home/pete/wefwefwef/docs/other/7f3074f54ee88670a824b9960573aef7/mysql-otp-tag-0.5.0/mysql-otp-0.5.0'
$ 5000  `find -P . -type l -delete  2>&1`
$ cd '/home/pete/wefwefwef/docs/erldocs_other.git'
$ 5000  `mv '/home/pete/wefwefwef/docs/other/7f3074f54ee88670a824b9960573aef7/mysql-otp-tag-0.5.0/mysql-otp-0.5.0' '/home/pete/wefwefwef/docs/other/7f3074f54ee88670a824b9960573aef7/mysql-otp-tag-0.5.0/mysql-otp'  2>&1`
 :: Getting dependencies
$ cd '/home/pete/wefwefwef/docs/other/7f3074f54ee88670a824b9960573aef7/mysql-otp-tag-0.5.0/mysql-otp'
$ 5000  `ls -1 deps/  2>&1`
$ cd '/home/pete/wefwefwef/docs/erldocs_other.git'
>>> [rebar] deps = []
 :: Generating erldocs into /home/pete/wefwefwef/docs/other/7f3074f54ee88670a824b9960573aef7/repo/0.5.0
Building mysql-otp
Generating Type Specs - "/home/pete/wefwefwef/docs/other/7f3074f54ee88670a824b9960573aef7/mysql-otp-tag-0.5.0/mysql-otp/src/mysql.erl"
Generating Type Specs - "/home/pete/wefwefwef/docs/other/7f3074f54ee88670a824b9960573aef7/mysql-otp-tag-0.5.0/mysql-otp/src/mysql_cache.erl"
Generating Type Specs - "/home/pete/wefwefwef/docs/other/7f3074f54ee88670a824b9960573aef7/mysql-otp-tag-0.5.0/mysql-otp/src/mysql_protocol.erl"
Generating XML for application mysql-otp "/home/pete/wefwefwef/docs/other/7f3074f54ee88670a824b9960573aef7/mysql-otp-tag-0.5.0/mysql-otp" -> "/home/pete/wefwefwef/docs/other/7f3074f54ee88670a824b9960573aef7/repo/0.5.0/.xml/mysql-otp"
edoc: error in layout 'docgen_edoc_xml_cb': {'EXIT',
                                       {function_clause,
                                        [{docgen_edoc_xml_cb,
                                          otp_xmlify_table,
                                          [[{xmlElement,thead,thead,[],
                                             {xmlNamespace,[],[]},
                                             [{table,13},
                                              {fullDescription,...},
                                              {...}|...],
                                             2,[],
                                             [...],...},
                                            {xmlText,
                                             [{table,13},
                                              {fullDescription,2},
                                              {description,3},
                                              {function,16},
                                              {functions,...},
                                              {...}],
                                             3,[],"\n    ",text},
                                            {xmlElement,tbody,tbody,[],
                                             {xmlNamespace,[],...},
                                             [{...}|...],
                                             4,...},
                                            {xmlText,
                                             [{table,13},
                                              {fullDescription,2},
                                              {description,...},
                                              {...}|...],
                                             5,[],"\n  ",text}]],
                                          [{file,"docgen_edoc_xml_cb.erl"},
                                           {line,640}]},
                                         {docgen_edoc_xml_cb,
                                          otp_xmlify_table,1,
                                          [{file,"docgen_edoc_xml_cb.erl"},
                                           {line,641}]},
                                         {lists,flatmap,2,
                                          [{file,"lists.erl"},{line,1248}]},
                                         {docgen_edoc_xml_cb,otp_xmlify_es,1,
                                          [{file,"docgen_edoc_xml_cb.erl"},
                                           {line,278}]},
                                         {docgen_edoc_xml_cb,otp_xmlify_es,1,
                                          [{file,"docgen_edoc_xml_cb.erl"},
                                           {line,282}]},
                                         {docgen_edoc_xml_cb,otp_xmlify_es,1,
                                          [{file,"docgen_edoc_xml_cb.erl"},
                                           {line,273}]},
                                         {docgen_edoc_xml_cb,otp_xmlify_es,1,
                                          [{file,"docgen_edoc_xml_cb.erl"},
                                           {line,282}]},
                                         {docgen_edoc_xml_cb,otp_xmlify_es,1,
                                          [{file,[...]},{line,...}]}]}}.
edoc: error in doclet 'edoc_doclet': {'EXIT',error}.
Error generating mysql-otp XMLs. Using fallback ...
Generating XML mysql-otp - mysql "/home/pete/wefwefwef/docs/other/7f3074f54ee88670a824b9960573aef7/mysql-otp-tag-0.5.0/mysql-otp/src/mysql.erl" -> "/home/pete/wefwefwef/docs/other/7f3074f54ee88670a824b9960573aef7/repo/0.5.0/.xml/mysql-otp/mysql.xml"
edoc: error in layout 'docgen_edoc_xml_cb': {'EXIT',
                                       {function_clause,
                                        [{docgen_edoc_xml_cb,
                                          otp_xmlify_table,
                                          [[{xmlElement,thead,thead,[],
                                             {xmlNamespace,[],[]},
                                             [{table,13},
                                              {fullDescription,...},
                                              {...}|...],
                                             2,[],
                                             [...],...},
                                            {xmlText,
                                             [{table,13},
                                              {fullDescription,2},
                                              {description,3},
                                              {function,16},
                                              {functions,...},
                                              {...}],
                                             3,[],"\n    ",text},
                                            {xmlElement,tbody,tbody,[],
                                             {xmlNamespace,[],...},
                                             [{...}|...],
                                             4,...},
                                            {xmlText,
                                             [{table,13},
                                              {fullDescription,2},
                                              {description,...},
                                              {...}|...],
                                             5,[],"\n  ",text}]],
                                          [{file,"docgen_edoc_xml_cb.erl"},
                                           {line,640}]},
                                         {docgen_edoc_xml_cb,
                                          otp_xmlify_table,1,
                                          [{file,"docgen_edoc_xml_cb.erl"},
                                           {line,641}]},
                                         {lists,flatmap,2,
                                          [{file,"lists.erl"},{line,1248}]},
                                         {docgen_edoc_xml_cb,otp_xmlify_es,1,
                                          [{file,"docgen_edoc_xml_cb.erl"},
                                           {line,278}]},
                                         {docgen_edoc_xml_cb,otp_xmlify_es,1,
                                          [{file,"docgen_edoc_xml_cb.erl"},
                                           {line,282}]},
                                         {docgen_edoc_xml_cb,otp_xmlify_es,1,
                                          [{file,"docgen_edoc_xml_cb.erl"},
                                           {line,273}]},
                                         {docgen_edoc_xml_cb,otp_xmlify_es,1,
                                          [{file,"docgen_edoc_xml_cb.erl"},
                                           {line,282}]},
                                         {docgen_edoc_xml_cb,otp_xmlify_es,1,
                                          [{file,[...]},{line,...}]}]}}.
Error generating XML ("/home/pete/wefwefwef/docs/other/7f3074f54ee88670a824b9960573aef7/mysql-otp-tag-0.5.0/mysql-otp/src/mysql.erl"): {'EXIT',
                                                                                                                                        error}
Generating XML mysql-otp - mysql_cache "/home/pete/wefwefwef/docs/other/7f3074f54ee88670a824b9960573aef7/mysql-otp-tag-0.5.0/mysql-otp/src/mysql_cache.erl" -> "/home/pete/wefwefwef/docs/other/7f3074f54ee88670a824b9960573aef7/repo/0.5.0/.xml/mysql-otp/mysql_cache.xml"
Generating XML mysql-otp - mysql_protocol "/home/pete/wefwefwef/docs/other/7f3074f54ee88670a824b9960573aef7/mysql-otp-tag-0.5.0/mysql-otp/src/mysql_protocol.erl" -> "/home/pete/wefwefwef/docs/other/7f3074f54ee88670a824b9960573aef7/repo/0.5.0/.xml/mysql-otp/mysql_protocol.xml"
Generating HTML - mysql_cache "/home/pete/wefwefwef/docs/other/7f3074f54ee88670a824b9960573aef7/repo/0.5.0/.xml/mysql-otp/mysql_cache.xml"
Reading XML for "/home/pete/wefwefwef/docs/other/7f3074f54ee88670a824b9960573aef7/repo/0.5.0/.xml/mysql-otp/mysql_cache.xml"
Reading XML for "/home/pete/wefwefwef/docs/other/7f3074f54ee88670a824b9960573aef7/repo/0.5.0/.xml/specs_mysql_cache.xml"
Generating HTML - mysql_protocol "/home/pete/wefwefwef/docs/other/7f3074f54ee88670a824b9960573aef7/repo/0.5.0/.xml/mysql-otp/mysql_protocol.xml"
Reading XML for "/home/pete/wefwefwef/docs/other/7f3074f54ee88670a824b9960573aef7/repo/0.5.0/.xml/mysql-otp/mysql_protocol.xml"
Reading XML for "/home/pete/wefwefwef/docs/other/7f3074f54ee88670a824b9960573aef7/repo/0.5.0/.xml/specs_mysql_protocol.xml"
Creating index.html ...
Creating erldocs_index.js ...
Woot, finished in 0 Minutes 1 Seconds
 :: Discovering other repos
$ 5000  `rm -r '/home/pete/wefwefwef/docs/other/7f3074f54ee88670a824b9960573aef7/mysql-otp-tag-0.5.0'  2>&1`
 :: Processing https://github.com/mysql-otp/mysql-otp	{rev,tag,"0.4.0","03ea62c22109816de0d5bdd72d6d51dd410628eb",undefined,[],[]}
 :: Fetching repo code
$ cd '/home/pete/wefwefwef/docs/other/7f3074f54ee88670a824b9960573aef7/mysql-otp-tag-0.4.0'
$ infinity  `curl --fail --silent --show-error --location --output repo.zip 'https://github.com/mysql-otp/mysql-otp/archive/0.4.0.zip'  2>&1`
$ cd '/home/pete/wefwefwef/docs/erldocs_other.git'
$ cd '/home/pete/wefwefwef/docs/other/7f3074f54ee88670a824b9960573aef7/mysql-otp-tag-0.4.0/mysql-otp-0.4.0'
$ 5000  `find -P . -type l -delete  2>&1`
$ cd '/home/pete/wefwefwef/docs/erldocs_other.git'
$ 5000  `mv '/home/pete/wefwefwef/docs/other/7f3074f54ee88670a824b9960573aef7/mysql-otp-tag-0.4.0/mysql-otp-0.4.0' '/home/pete/wefwefwef/docs/other/7f3074f54ee88670a824b9960573aef7/mysql-otp-tag-0.4.0/mysql-otp'  2>&1`
 :: Getting dependencies
$ cd '/home/pete/wefwefwef/docs/other/7f3074f54ee88670a824b9960573aef7/mysql-otp-tag-0.4.0/mysql-otp'
$ 5000  `ls -1 deps/  2>&1`
$ cd '/home/pete/wefwefwef/docs/erldocs_other.git'
>>> [rebar] deps = []
 :: Generating erldocs into /home/pete/wefwefwef/docs/other/7f3074f54ee88670a824b9960573aef7/repo/0.4.0
Building mysql-otp
Generating Type Specs - "/home/pete/wefwefwef/docs/other/7f3074f54ee88670a824b9960573aef7/mysql-otp-tag-0.4.0/mysql-otp/src/mysql.erl"
Generating Type Specs - "/home/pete/wefwefwef/docs/other/7f3074f54ee88670a824b9960573aef7/mysql-otp-tag-0.4.0/mysql-otp/src/mysql_connection.erl"
Generating Type Specs - "/home/pete/wefwefwef/docs/other/7f3074f54ee88670a824b9960573aef7/mysql-otp-tag-0.4.0/mysql-otp/src/mysql_protocol.erl"
Generating XML for application mysql-otp "/home/pete/wefwefwef/docs/other/7f3074f54ee88670a824b9960573aef7/mysql-otp-tag-0.4.0/mysql-otp" -> "/home/pete/wefwefwef/docs/other/7f3074f54ee88670a824b9960573aef7/repo/0.4.0/.xml/mysql-otp"
edoc: error in layout 'docgen_edoc_xml_cb': {'EXIT',
                                       {function_clause,
                                        [{docgen_edoc_xml_cb,
                                          otp_xmlify_table,
                                          [[{xmlElement,thead,thead,[],
                                             {xmlNamespace,[],[]},
                                             [{table,13},
                                              {fullDescription,...},
                                              {...}|...],
                                             2,[],
                                             [...],...},
                                            {xmlText,
                                             [{table,13},
                                              {fullDescription,2},
                                              {description,3},
                                              {function,13},
                                              {functions,...},
                                              {...}],
                                             3,[],"\n    ",text},
                                            {xmlElement,tbody,tbody,[],
                                             {xmlNamespace,[],...},
                                             [{...}|...],
                                             4,...},
                                            {xmlText,
                                             [{table,13},
                                              {fullDescription,2},
                                              {description,...},
                                              {...}|...],
                                             5,[],"\n  ",text}]],
                                          [{file,"docgen_edoc_xml_cb.erl"},
                                           {line,640}]},
                                         {docgen_edoc_xml_cb,
                                          otp_xmlify_table,1,
                                          [{file,"docgen_edoc_xml_cb.erl"},
                                           {line,641}]},
                                         {lists,flatmap,2,
                                          [{file,"lists.erl"},{line,1248}]},
                                         {docgen_edoc_xml_cb,otp_xmlify_es,1,
                                          [{file,"docgen_edoc_xml_cb.erl"},
                                           {line,278}]},
                                         {docgen_edoc_xml_cb,otp_xmlify_es,1,
                                          [{file,"docgen_edoc_xml_cb.erl"},
                                           {line,282}]},
                                         {docgen_edoc_xml_cb,otp_xmlify_es,1,
                                          [{file,"docgen_edoc_xml_cb.erl"},
                                           {line,273}]},
                                         {docgen_edoc_xml_cb,otp_xmlify_es,1,
                                          [{file,"docgen_edoc_xml_cb.erl"},
                                           {line,282}]},
                                         {docgen_edoc_xml_cb,otp_xmlify_es,1,
                                          [{file,[...]},{line,...}]}]}}.
edoc: error in doclet 'edoc_doclet': {'EXIT',error}.
Error generating mysql-otp XMLs. Using fallback ...
Generating XML mysql-otp - mysql "/home/pete/wefwefwef/docs/other/7f3074f54ee88670a824b9960573aef7/mysql-otp-tag-0.4.0/mysql-otp/src/mysql.erl" -> "/home/pete/wefwefwef/docs/other/7f3074f54ee88670a824b9960573aef7/repo/0.4.0/.xml/mysql-otp/mysql.xml"
edoc: error in layout 'docgen_edoc_xml_cb': {'EXIT',
                                       {function_clause,
                                        [{docgen_edoc_xml_cb,
                                          otp_xmlify_table,
                                          [[{xmlElement,thead,thead,[],
                                             {xmlNamespace,[],[]},
                                             [{table,13},
                                              {fullDescription,...},
                                              {...}|...],
                                             2,[],
                                             [...],...},
                                            {xmlText,
                                             [{table,13},
                                              {fullDescription,2},
                                              {description,3},
                                              {function,13},
                                              {functions,...},
                                              {...}],
                                             3,[],"\n    ",text},
                                            {xmlElement,tbody,tbody,[],
                                             {xmlNamespace,[],...},
                                             [{...}|...],
                                             4,...},
                                            {xmlText,
                                             [{table,13},
                                              {fullDescription,2},
                                              {description,...},
                                              {...}|...],
                                             5,[],"\n  ",text}]],
                                          [{file,"docgen_edoc_xml_cb.erl"},
                                           {line,640}]},
                                         {docgen_edoc_xml_cb,
                                          otp_xmlify_table,1,
                                          [{file,"docgen_edoc_xml_cb.erl"},
                                           {line,641}]},
                                         {lists,flatmap,2,
                                          [{file,"lists.erl"},{line,1248}]},
                                         {docgen_edoc_xml_cb,otp_xmlify_es,1,
                                          [{file,"docgen_edoc_xml_cb.erl"},
                                           {line,278}]},
                                         {docgen_edoc_xml_cb,otp_xmlify_es,1,
                                          [{file,"docgen_edoc_xml_cb.erl"},
                                           {line,282}]},
                                         {docgen_edoc_xml_cb,otp_xmlify_es,1,
                                          [{file,"docgen_edoc_xml_cb.erl"},
                                           {line,273}]},
                                         {docgen_edoc_xml_cb,otp_xmlify_es,1,
                                          [{file,"docgen_edoc_xml_cb.erl"},
                                           {line,282}]},
                                         {docgen_edoc_xml_cb,otp_xmlify_es,1,
                                          [{file,[...]},{line,...}]}]}}.
Error generating XML ("/home/pete/wefwefwef/docs/other/7f3074f54ee88670a824b9960573aef7/mysql-otp-tag-0.4.0/mysql-otp/src/mysql.erl"): {'EXIT',
                                                                                                                                        error}
Generating XML mysql-otp - mysql_connection "/home/pete/wefwefwef/docs/other/7f3074f54ee88670a824b9960573aef7/mysql-otp-tag-0.4.0/mysql-otp/src/mysql_connection.erl" -> "/home/pete/wefwefwef/docs/other/7f3074f54ee88670a824b9960573aef7/repo/0.4.0/.xml/mysql-otp/mysql_connection.xml"
Generating XML mysql-otp - mysql_protocol "/home/pete/wefwefwef/docs/other/7f3074f54ee88670a824b9960573aef7/mysql-otp-tag-0.4.0/mysql-otp/src/mysql_protocol.erl" -> "/home/pete/wefwefwef/docs/other/7f3074f54ee88670a824b9960573aef7/repo/0.4.0/.xml/mysql-otp/mysql_protocol.xml"
Generating HTML - mysql_connection "/home/pete/wefwefwef/docs/other/7f3074f54ee88670a824b9960573aef7/repo/0.4.0/.xml/mysql-otp/mysql_connection.xml"
Reading XML for "/home/pete/wefwefwef/docs/other/7f3074f54ee88670a824b9960573aef7/repo/0.4.0/.xml/mysql-otp/mysql_connection.xml"
Reading XML for "/home/pete/wefwefwef/docs/other/7f3074f54ee88670a824b9960573aef7/repo/0.4.0/.xml/specs_mysql_connection.xml"
Generating HTML - mysql_protocol "/home/pete/wefwefwef/docs/other/7f3074f54ee88670a824b9960573aef7/repo/0.4.0/.xml/mysql-otp/mysql_protocol.xml"
Reading XML for "/home/pete/wefwefwef/docs/other/7f3074f54ee88670a824b9960573aef7/repo/0.4.0/.xml/mysql-otp/mysql_protocol.xml"
Reading XML for "/home/pete/wefwefwef/docs/other/7f3074f54ee88670a824b9960573aef7/repo/0.4.0/.xml/specs_mysql_protocol.xml"
Creating index.html ...
Creating erldocs_index.js ...
Woot, finished in 0 Minutes 0 Seconds
 :: Discovering other repos
$ 5000  `rm -r '/home/pete/wefwefwef/docs/other/7f3074f54ee88670a824b9960573aef7/mysql-otp-tag-0.4.0'  2>&1`
 :: Processing https://github.com/mysql-otp/mysql-otp	{rev,tag,"0.3.0","5c2ddfc7a529907d1025230c47ad647b1e817542",undefined,[],[]}
 :: Fetching repo code
$ cd '/home/pete/wefwefwef/docs/other/7f3074f54ee88670a824b9960573aef7/mysql-otp-tag-0.3.0'
$ infinity  `curl --fail --silent --show-error --location --output repo.zip 'https://github.com/mysql-otp/mysql-otp/archive/0.3.0.zip'  2>&1`
$ cd '/home/pete/wefwefwef/docs/erldocs_other.git'
$ cd '/home/pete/wefwefwef/docs/other/7f3074f54ee88670a824b9960573aef7/mysql-otp-tag-0.3.0/mysql-otp-0.3.0'
$ 5000  `find -P . -type l -delete  2>&1`
$ cd '/home/pete/wefwefwef/docs/erldocs_other.git'
$ 5000  `mv '/home/pete/wefwefwef/docs/other/7f3074f54ee88670a824b9960573aef7/mysql-otp-tag-0.3.0/mysql-otp-0.3.0' '/home/pete/wefwefwef/docs/other/7f3074f54ee88670a824b9960573aef7/mysql-otp-tag-0.3.0/mysql-otp'  2>&1`
 :: Getting dependencies
$ cd '/home/pete/wefwefwef/docs/other/7f3074f54ee88670a824b9960573aef7/mysql-otp-tag-0.3.0/mysql-otp'
$ 5000  `ls -1 deps/  2>&1`
$ cd '/home/pete/wefwefwef/docs/erldocs_other.git'
>>> [rebar] deps = []
 :: Generating erldocs into /home/pete/wefwefwef/docs/other/7f3074f54ee88670a824b9960573aef7/repo/0.3.0
Building mysql-otp
Generating Type Specs - "/home/pete/wefwefwef/docs/other/7f3074f54ee88670a824b9960573aef7/mysql-otp-tag-0.3.0/mysql-otp/src/mysql.erl"
Generating Type Specs - "/home/pete/wefwefwef/docs/other/7f3074f54ee88670a824b9960573aef7/mysql-otp-tag-0.3.0/mysql-otp/src/mysql_connection.erl"
Generating Type Specs - "/home/pete/wefwefwef/docs/other/7f3074f54ee88670a824b9960573aef7/mysql-otp-tag-0.3.0/mysql-otp/src/mysql_protocol.erl"
Generating XML for application mysql-otp "/home/pete/wefwefwef/docs/other/7f3074f54ee88670a824b9960573aef7/mysql-otp-tag-0.3.0/mysql-otp" -> "/home/pete/wefwefwef/docs/other/7f3074f54ee88670a824b9960573aef7/repo/0.3.0/.xml/mysql-otp"
edoc: error in layout 'docgen_edoc_xml_cb': {'EXIT',
                                       {function_clause,
                                        [{docgen_edoc_xml_cb,
                                          otp_xmlify_table,
                                          [[{xmlElement,thead,thead,[],
                                             {xmlNamespace,[],[]},
                                             [{table,13},
                                              {fullDescription,...},
                                              {...}|...],
                                             2,[],
                                             [...],...},
                                            {xmlText,
                                             [{table,13},
                                              {fullDescription,2},
                                              {description,3},
                                              {function,13},
                                              {functions,...},
                                              {...}],
                                             3,[],"\n    ",text},
                                            {xmlElement,tbody,tbody,[],
                                             {xmlNamespace,[],...},
                                             [{...}|...],
                                             4,...},
                                            {xmlText,
                                             [{table,13},
                                              {fullDescription,2},
                                              {description,...},
                                              {...}|...],
                                             5,[],"\n  ",text}]],
                                          [{file,"docgen_edoc_xml_cb.erl"},
                                           {line,640}]},
                                         {docgen_edoc_xml_cb,
                                          otp_xmlify_table,1,
                                          [{file,"docgen_edoc_xml_cb.erl"},
                                           {line,641}]},
                                         {lists,flatmap,2,
                                          [{file,"lists.erl"},{line,1248}]},
                                         {docgen_edoc_xml_cb,otp_xmlify_es,1,
                                          [{file,"docgen_edoc_xml_cb.erl"},
                                           {line,278}]},
                                         {docgen_edoc_xml_cb,otp_xmlify_es,1,
                                          [{file,"docgen_edoc_xml_cb.erl"},
                                           {line,282}]},
                                         {docgen_edoc_xml_cb,otp_xmlify_es,1,
                                          [{file,"docgen_edoc_xml_cb.erl"},
                                           {line,273}]},
                                         {docgen_edoc_xml_cb,otp_xmlify_es,1,
                                          [{file,"docgen_edoc_xml_cb.erl"},
                                           {line,282}]},
                                         {docgen_edoc_xml_cb,otp_xmlify_es,1,
                                          [{file,[...]},{line,...}]}]}}.
edoc: error in doclet 'edoc_doclet': {'EXIT',error}.
Error generating mysql-otp XMLs. Using fallback ...
Generating XML mysql-otp - mysql "/home/pete/wefwefwef/docs/other/7f3074f54ee88670a824b9960573aef7/mysql-otp-tag-0.3.0/mysql-otp/src/mysql.erl" -> "/home/pete/wefwefwef/docs/other/7f3074f54ee88670a824b9960573aef7/repo/0.3.0/.xml/mysql-otp/mysql.xml"
edoc: error in layout 'docgen_edoc_xml_cb': {'EXIT',
                                       {function_clause,
                                        [{docgen_edoc_xml_cb,
                                          otp_xmlify_table,
                                          [[{xmlElement,thead,thead,[],
                                             {xmlNamespace,[],[]},
                                             [{table,13},
                                              {fullDescription,...},
                                              {...}|...],
                                             2,[],
                                             [...],...},
                                            {xmlText,
                                             [{table,13},
                                              {fullDescription,2},
                                              {description,3},
                                              {function,13},
                                              {functions,...},
                                              {...}],
                                             3,[],"\n    ",text},
                                            {xmlElement,tbody,tbody,[],
                                             {xmlNamespace,[],...},
                                             [{...}|...],
                                             4,...},
                                            {xmlText,
                                             [{table,13},
                                              {fullDescription,2},
                                              {description,...},
                                              {...}|...],
                                             5,[],"\n  ",text}]],
                                          [{file,"docgen_edoc_xml_cb.erl"},
                                           {line,640}]},
                                         {docgen_edoc_xml_cb,
                                          otp_xmlify_table,1,
                                          [{file,"docgen_edoc_xml_cb.erl"},
                                           {line,641}]},
                                         {lists,flatmap,2,
                                          [{file,"lists.erl"},{line,1248}]},
                                         {docgen_edoc_xml_cb,otp_xmlify_es,1,
                                          [{file,"docgen_edoc_xml_cb.erl"},
                                           {line,278}]},
                                         {docgen_edoc_xml_cb,otp_xmlify_es,1,
                                          [{file,"docgen_edoc_xml_cb.erl"},
                                           {line,282}]},
                                         {docgen_edoc_xml_cb,otp_xmlify_es,1,
                                          [{file,"docgen_edoc_xml_cb.erl"},
                                           {line,273}]},
                                         {docgen_edoc_xml_cb,otp_xmlify_es,1,
                                          [{file,"docgen_edoc_xml_cb.erl"},
                                           {line,282}]},
                                         {docgen_edoc_xml_cb,otp_xmlify_es,1,
                                          [{file,[...]},{line,...}]}]}}.
Error generating XML ("/home/pete/wefwefwef/docs/other/7f3074f54ee88670a824b9960573aef7/mysql-otp-tag-0.3.0/mysql-otp/src/mysql.erl"): {'EXIT',
                                                                                                                                        error}
Generating XML mysql-otp - mysql_connection "/home/pete/wefwefwef/docs/other/7f3074f54ee88670a824b9960573aef7/mysql-otp-tag-0.3.0/mysql-otp/src/mysql_connection.erl" -> "/home/pete/wefwefwef/docs/other/7f3074f54ee88670a824b9960573aef7/repo/0.3.0/.xml/mysql-otp/mysql_connection.xml"
Generating XML mysql-otp - mysql_protocol "/home/pete/wefwefwef/docs/other/7f3074f54ee88670a824b9960573aef7/mysql-otp-tag-0.3.0/mysql-otp/src/mysql_protocol.erl" -> "/home/pete/wefwefwef/docs/other/7f3074f54ee88670a824b9960573aef7/repo/0.3.0/.xml/mysql-otp/mysql_protocol.xml"
Generating HTML - mysql_connection "/home/pete/wefwefwef/docs/other/7f3074f54ee88670a824b9960573aef7/repo/0.3.0/.xml/mysql-otp/mysql_connection.xml"
Reading XML for "/home/pete/wefwefwef/docs/other/7f3074f54ee88670a824b9960573aef7/repo/0.3.0/.xml/mysql-otp/mysql_connection.xml"
Reading XML for "/home/pete/wefwefwef/docs/other/7f3074f54ee88670a824b9960573aef7/repo/0.3.0/.xml/specs_mysql_connection.xml"
Generating HTML - mysql_protocol "/home/pete/wefwefwef/docs/other/7f3074f54ee88670a824b9960573aef7/repo/0.3.0/.xml/mysql-otp/mysql_protocol.xml"
Reading XML for "/home/pete/wefwefwef/docs/other/7f3074f54ee88670a824b9960573aef7/repo/0.3.0/.xml/mysql-otp/mysql_protocol.xml"
Reading XML for "/home/pete/wefwefwef/docs/other/7f3074f54ee88670a824b9960573aef7/repo/0.3.0/.xml/specs_mysql_protocol.xml"
Creating index.html ...
Creating erldocs_index.js ...
Woot, finished in 0 Minutes 0 Seconds
 :: Discovering other repos
$ 5000  `rm -r '/home/pete/wefwefwef/docs/other/7f3074f54ee88670a824b9960573aef7/mysql-otp-tag-0.3.0'  2>&1`
 :: Processing https://github.com/mysql-otp/mysql-otp	{rev,tag,"0.1.1","74855e40137df0efdc747f3f44e627bb0da1eecc",undefined,[],[]}
 :: Fetching repo code
$ cd '/home/pete/wefwefwef/docs/other/7f3074f54ee88670a824b9960573aef7/mysql-otp-tag-0.1.1'
$ infinity  `curl --fail --silent --show-error --location --output repo.zip 'https://github.com/mysql-otp/mysql-otp/archive/0.1.1.zip'  2>&1`
$ cd '/home/pete/wefwefwef/docs/erldocs_other.git'
$ cd '/home/pete/wefwefwef/docs/other/7f3074f54ee88670a824b9960573aef7/mysql-otp-tag-0.1.1/mysql-otp-0.1.1'
$ 5000  `find -P . -type l -delete  2>&1`
$ cd '/home/pete/wefwefwef/docs/erldocs_other.git'
$ 5000  `mv '/home/pete/wefwefwef/docs/other/7f3074f54ee88670a824b9960573aef7/mysql-otp-tag-0.1.1/mysql-otp-0.1.1' '/home/pete/wefwefwef/docs/other/7f3074f54ee88670a824b9960573aef7/mysql-otp-tag-0.1.1/mysql-otp'  2>&1`
 :: Getting dependencies
$ cd '/home/pete/wefwefwef/docs/other/7f3074f54ee88670a824b9960573aef7/mysql-otp-tag-0.1.1/mysql-otp'
$ 5000  `ls -1 deps/  2>&1`
$ cd '/home/pete/wefwefwef/docs/erldocs_other.git'
>>> [rebar] deps = []
 :: Generating erldocs into /home/pete/wefwefwef/docs/other/7f3074f54ee88670a824b9960573aef7/repo/0.1.1
Building mysql-otp
Generating Type Specs - "/home/pete/wefwefwef/docs/other/7f3074f54ee88670a824b9960573aef7/mysql-otp-tag-0.1.1/mysql-otp/src/mysql.erl"
Generating Type Specs - "/home/pete/wefwefwef/docs/other/7f3074f54ee88670a824b9960573aef7/mysql-otp-tag-0.1.1/mysql-otp/src/mysql_connection.erl"
Generating Type Specs - "/home/pete/wefwefwef/docs/other/7f3074f54ee88670a824b9960573aef7/mysql-otp-tag-0.1.1/mysql-otp/src/mysql_protocol.erl"
Generating XML for application mysql-otp "/home/pete/wefwefwef/docs/other/7f3074f54ee88670a824b9960573aef7/mysql-otp-tag-0.1.1/mysql-otp" -> "/home/pete/wefwefwef/docs/other/7f3074f54ee88670a824b9960573aef7/repo/0.1.1/.xml/mysql-otp"
Generated mysql-otp XMLs: ["/home/pete/wefwefwef/docs/other/7f3074f54ee88670a824b9960573aef7/repo/0.1.1/.xml/mysql-otp/mysql_protocol.xml",
                           "/home/pete/wefwefwef/docs/other/7f3074f54ee88670a824b9960573aef7/repo/0.1.1/.xml/mysql-otp/mysql_connection.xml",
                           "/home/pete/wefwefwef/docs/other/7f3074f54ee88670a824b9960573aef7/repo/0.1.1/.xml/mysql-otp/mysql.xml"]
Generating HTML - mysql "/home/pete/wefwefwef/docs/other/7f3074f54ee88670a824b9960573aef7/repo/0.1.1/.xml/mysql-otp/mysql.xml"
Reading XML for "/home/pete/wefwefwef/docs/other/7f3074f54ee88670a824b9960573aef7/repo/0.1.1/.xml/mysql-otp/mysql.xml"
Reading XML for "/home/pete/wefwefwef/docs/other/7f3074f54ee88670a824b9960573aef7/repo/0.1.1/.xml/specs_mysql.xml"
Generating HTML - mysql_connection "/home/pete/wefwefwef/docs/other/7f3074f54ee88670a824b9960573aef7/repo/0.1.1/.xml/mysql-otp/mysql_connection.xml"
Reading XML for "/home/pete/wefwefwef/docs/other/7f3074f54ee88670a824b9960573aef7/repo/0.1.1/.xml/mysql-otp/mysql_connection.xml"
Reading XML for "/home/pete/wefwefwef/docs/other/7f3074f54ee88670a824b9960573aef7/repo/0.1.1/.xml/specs_mysql_connection.xml"
Generating HTML - mysql_protocol "/home/pete/wefwefwef/docs/other/7f3074f54ee88670a824b9960573aef7/repo/0.1.1/.xml/mysql-otp/mysql_protocol.xml"
Reading XML for "/home/pete/wefwefwef/docs/other/7f3074f54ee88670a824b9960573aef7/repo/0.1.1/.xml/mysql-otp/mysql_protocol.xml"
Reading XML for "/home/pete/wefwefwef/docs/other/7f3074f54ee88670a824b9960573aef7/repo/0.1.1/.xml/specs_mysql_protocol.xml"
Creating index.html ...
Creating erldocs_index.js ...
Woot, finished in 0 Minutes 0 Seconds
 :: Discovering other repos
$ 5000  `rm -r '/home/pete/wefwefwef/docs/other/7f3074f54ee88670a824b9960573aef7/mysql-otp-tag-0.1.1'  2>&1`
 :: Processing https://github.com/mysql-otp/mysql-otp	{rev,tag,"0.1.0","7bad0b6d9ec0222314aeba23a1ab5ce3aa27b313",undefined,[],[]}
 :: Fetching repo code
$ cd '/home/pete/wefwefwef/docs/other/7f3074f54ee88670a824b9960573aef7/mysql-otp-tag-0.1.0'
$ infinity  `curl --fail --silent --show-error --location --output repo.zip 'https://github.com/mysql-otp/mysql-otp/archive/0.1.0.zip'  2>&1`
$ cd '/home/pete/wefwefwef/docs/erldocs_other.git'
$ cd '/home/pete/wefwefwef/docs/other/7f3074f54ee88670a824b9960573aef7/mysql-otp-tag-0.1.0/mysql-otp-0.1.0'
$ 5000  `find -P . -type l -delete  2>&1`
$ cd '/home/pete/wefwefwef/docs/erldocs_other.git'
$ 5000  `mv '/home/pete/wefwefwef/docs/other/7f3074f54ee88670a824b9960573aef7/mysql-otp-tag-0.1.0/mysql-otp-0.1.0' '/home/pete/wefwefwef/docs/other/7f3074f54ee88670a824b9960573aef7/mysql-otp-tag-0.1.0/mysql-otp'  2>&1`
 :: Getting dependencies
$ cd '/home/pete/wefwefwef/docs/other/7f3074f54ee88670a824b9960573aef7/mysql-otp-tag-0.1.0/mysql-otp'
$ 5000  `ls -1 deps/  2>&1`
$ cd '/home/pete/wefwefwef/docs/erldocs_other.git'
>>> [rebar] deps = []
 :: Generating erldocs into /home/pete/wefwefwef/docs/other/7f3074f54ee88670a824b9960573aef7/repo/0.1.0
Building mysql-otp
Generating Type Specs - "/home/pete/wefwefwef/docs/other/7f3074f54ee88670a824b9960573aef7/mysql-otp-tag-0.1.0/mysql-otp/src/mysql.erl"
Generating Type Specs - "/home/pete/wefwefwef/docs/other/7f3074f54ee88670a824b9960573aef7/mysql-otp-tag-0.1.0/mysql-otp/src/mysql_connection.erl"
Generating Type Specs - "/home/pete/wefwefwef/docs/other/7f3074f54ee88670a824b9960573aef7/mysql-otp-tag-0.1.0/mysql-otp/src/mysql_protocol.erl"
Generating XML for application mysql-otp "/home/pete/wefwefwef/docs/other/7f3074f54ee88670a824b9960573aef7/mysql-otp-tag-0.1.0/mysql-otp" -> "/home/pete/wefwefwef/docs/other/7f3074f54ee88670a824b9960573aef7/repo/0.1.0/.xml/mysql-otp"
Generated mysql-otp XMLs: ["/home/pete/wefwefwef/docs/other/7f3074f54ee88670a824b9960573aef7/repo/0.1.0/.xml/mysql-otp/mysql_protocol.xml",
                           "/home/pete/wefwefwef/docs/other/7f3074f54ee88670a824b9960573aef7/repo/0.1.0/.xml/mysql-otp/mysql_connection.xml",
                           "/home/pete/wefwefwef/docs/other/7f3074f54ee88670a824b9960573aef7/repo/0.1.0/.xml/mysql-otp/mysql.xml"]
Generating HTML - mysql "/home/pete/wefwefwef/docs/other/7f3074f54ee88670a824b9960573aef7/repo/0.1.0/.xml/mysql-otp/mysql.xml"
Reading XML for "/home/pete/wefwefwef/docs/other/7f3074f54ee88670a824b9960573aef7/repo/0.1.0/.xml/mysql-otp/mysql.xml"
Reading XML for "/home/pete/wefwefwef/docs/other/7f3074f54ee88670a824b9960573aef7/repo/0.1.0/.xml/specs_mysql.xml"
Generating HTML - mysql_connection "/home/pete/wefwefwef/docs/other/7f3074f54ee88670a824b9960573aef7/repo/0.1.0/.xml/mysql-otp/mysql_connection.xml"
Reading XML for "/home/pete/wefwefwef/docs/other/7f3074f54ee88670a824b9960573aef7/repo/0.1.0/.xml/mysql-otp/mysql_connection.xml"
Reading XML for "/home/pete/wefwefwef/docs/other/7f3074f54ee88670a824b9960573aef7/repo/0.1.0/.xml/specs_mysql_connection.xml"
Generating HTML - mysql_protocol "/home/pete/wefwefwef/docs/other/7f3074f54ee88670a824b9960573aef7/repo/0.1.0/.xml/mysql-otp/mysql_protocol.xml"
Reading XML for "/home/pete/wefwefwef/docs/other/7f3074f54ee88670a824b9960573aef7/repo/0.1.0/.xml/mysql-otp/mysql_protocol.xml"
Reading XML for "/home/pete/wefwefwef/docs/other/7f3074f54ee88670a824b9960573aef7/repo/0.1.0/.xml/specs_mysql_protocol.xml"
Creating index.html ...
Creating erldocs_index.js ...
Woot, finished in 0 Minutes 0 Seconds
 :: Discovering other repos
$ 5000  `rm -r '/home/pete/wefwefwef/docs/other/7f3074f54ee88670a824b9960573aef7/mysql-otp-tag-0.1.0'  2>&1`
 :: Processing https://github.com/mysql-otp/mysql-otp	{rev,tag,"0.7.0","d91025839a45bb44c92892353eaa7741214589d9",undefined,[],[]}
 :: Fetching repo code
$ cd '/home/pete/wefwefwef/docs/other/7f3074f54ee88670a824b9960573aef7/mysql-otp-tag-0.7.0'
$ infinity  `curl --fail --silent --show-error --location --output repo.zip 'https://github.com/mysql-otp/mysql-otp/archive/0.7.0.zip'  2>&1`
$ cd '/home/pete/wefwefwef/docs/erldocs_other.git'
$ cd '/home/pete/wefwefwef/docs/other/7f3074f54ee88670a824b9960573aef7/mysql-otp-tag-0.7.0/mysql-otp-0.7.0'
$ 5000  `find -P . -type l -delete  2>&1`
$ cd '/home/pete/wefwefwef/docs/erldocs_other.git'
$ 5000  `mv '/home/pete/wefwefwef/docs/other/7f3074f54ee88670a824b9960573aef7/mysql-otp-tag-0.7.0/mysql-otp-0.7.0' '/home/pete/wefwefwef/docs/other/7f3074f54ee88670a824b9960573aef7/mysql-otp-tag-0.7.0/mysql-otp'  2>&1`
 :: Getting dependencies
$ cd '/home/pete/wefwefwef/docs/other/7f3074f54ee88670a824b9960573aef7/mysql-otp-tag-0.7.0/mysql-otp'
$ 5000  `ls -1 deps/  2>&1`
$ cd '/home/pete/wefwefwef/docs/erldocs_other.git'
>>> [rebar] deps = []
 :: Generating erldocs into /home/pete/wefwefwef/docs/other/7f3074f54ee88670a824b9960573aef7/repo/0.7.0
Building mysql-otp
Generating Type Specs - "/home/pete/wefwefwef/docs/other/7f3074f54ee88670a824b9960573aef7/mysql-otp-tag-0.7.0/mysql-otp/src/mysql.erl"
Generating Type Specs - "/home/pete/wefwefwef/docs/other/7f3074f54ee88670a824b9960573aef7/mysql-otp-tag-0.7.0/mysql-otp/src/mysql_cache.erl"
Generating Type Specs - "/home/pete/wefwefwef/docs/other/7f3074f54ee88670a824b9960573aef7/mysql-otp-tag-0.7.0/mysql-otp/src/mysql_protocol.erl"
Generating XML for application mysql-otp "/home/pete/wefwefwef/docs/other/7f3074f54ee88670a824b9960573aef7/mysql-otp-tag-0.7.0/mysql-otp" -> "/home/pete/wefwefwef/docs/other/7f3074f54ee88670a824b9960573aef7/repo/0.7.0/.xml/mysql-otp"
2542- fatal: {endtag_does_not_match,{was,dt,should_have_been,dd}}
/home/pete/wefwefwef/docs/other/7f3074f54ee88670a824b9960573aef7/mysql-otp-tag-0.7.0/mysql-otp/src/mysql.erl, function start_link/1: at line 64: error in XML parser: {fatal,
                         {{endtag_does_not_match,{was,dt,should_have_been,dd}},
                          {file,file_name_unknown},
                          {line,94},
                          {col,11}}}.
edoc: skipping source file '/home/pete/wefwefwef/docs/other/7f3074f54ee88670a824b9960573aef7/mysql-otp-tag-0.7.0/mysql-otp/src/mysql.erl': {'EXIT',
                                                                                                                                      error}.
edoc: error in doclet 'edoc_doclet': {'EXIT',error}.
Error generating mysql-otp XMLs. Using fallback ...
Generating XML mysql-otp - mysql "/home/pete/wefwefwef/docs/other/7f3074f54ee88670a824b9960573aef7/mysql-otp-tag-0.7.0/mysql-otp/src/mysql.erl" -> "/home/pete/wefwefwef/docs/other/7f3074f54ee88670a824b9960573aef7/repo/0.7.0/.xml/mysql-otp/mysql.xml"
2542- fatal: {endtag_does_not_match,{was,dt,should_have_been,dd}}
/home/pete/wefwefwef/docs/other/7f3074f54ee88670a824b9960573aef7/mysql-otp-tag-0.7.0/mysql-otp/src/mysql.erl, function start_link/1: at line 64: error in XML parser: {fatal,
                         {{endtag_does_not_match,{was,dt,should_have_been,dd}},
                          {file,file_name_unknown},
                          {line,94},
                          {col,11}}}.
Error generating XML ("/home/pete/wefwefwef/docs/other/7f3074f54ee88670a824b9960573aef7/mysql-otp-tag-0.7.0/mysql-otp/src/mysql.erl"): {'EXIT',
                                                                                                                                        error}
Generating XML mysql-otp - mysql_cache "/home/pete/wefwefwef/docs/other/7f3074f54ee88670a824b9960573aef7/mysql-otp-tag-0.7.0/mysql-otp/src/mysql_cache.erl" -> "/home/pete/wefwefwef/docs/other/7f3074f54ee88670a824b9960573aef7/repo/0.7.0/.xml/mysql-otp/mysql_cache.xml"
Generating XML mysql-otp - mysql_protocol "/home/pete/wefwefwef/docs/other/7f3074f54ee88670a824b9960573aef7/mysql-otp-tag-0.7.0/mysql-otp/src/mysql_protocol.erl" -> "/home/pete/wefwefwef/docs/other/7f3074f54ee88670a824b9960573aef7/repo/0.7.0/.xml/mysql-otp/mysql_protocol.xml"
Generating HTML - mysql_cache "/home/pete/wefwefwef/docs/other/7f3074f54ee88670a824b9960573aef7/repo/0.7.0/.xml/mysql-otp/mysql_cache.xml"
Reading XML for "/home/pete/wefwefwef/docs/other/7f3074f54ee88670a824b9960573aef7/repo/0.7.0/.xml/mysql-otp/mysql_cache.xml"
Reading XML for "/home/pete/wefwefwef/docs/other/7f3074f54ee88670a824b9960573aef7/repo/0.7.0/.xml/specs_mysql_cache.xml"
Generating HTML - mysql_protocol "/home/pete/wefwefwef/docs/other/7f3074f54ee88670a824b9960573aef7/repo/0.7.0/.xml/mysql-otp/mysql_protocol.xml"
Reading XML for "/home/pete/wefwefwef/docs/other/7f3074f54ee88670a824b9960573aef7/repo/0.7.0/.xml/mysql-otp/mysql_protocol.xml"
Reading XML for "/home/pete/wefwefwef/docs/other/7f3074f54ee88670a824b9960573aef7/repo/0.7.0/.xml/specs_mysql_protocol.xml"
Creating index.html ...
Creating erldocs_index.js ...
Woot, finished in 0 Minutes 1 Seconds
 :: Discovering other repos
$ 5000  `rm -r '/home/pete/wefwefwef/docs/other/7f3074f54ee88670a824b9960573aef7/mysql-otp-tag-0.7.0'  2>&1`
 :: Processing https://github.com/mysql-otp/mysql-otp	{rev,tag,"0.2.0","a35284b6bff5d2bbe1644e0f8c1a0ae17e25d372",undefined,[],[]}
 :: Fetching repo code
$ cd '/home/pete/wefwefwef/docs/other/7f3074f54ee88670a824b9960573aef7/mysql-otp-tag-0.2.0'
$ infinity  `curl --fail --silent --show-error --location --output repo.zip 'https://github.com/mysql-otp/mysql-otp/archive/0.2.0.zip'  2>&1`
$ cd '/home/pete/wefwefwef/docs/erldocs_other.git'
$ cd '/home/pete/wefwefwef/docs/other/7f3074f54ee88670a824b9960573aef7/mysql-otp-tag-0.2.0/mysql-otp-0.2.0'
$ 5000  `find -P . -type l -delete  2>&1`
$ cd '/home/pete/wefwefwef/docs/erldocs_other.git'
$ 5000  `mv '/home/pete/wefwefwef/docs/other/7f3074f54ee88670a824b9960573aef7/mysql-otp-tag-0.2.0/mysql-otp-0.2.0' '/home/pete/wefwefwef/docs/other/7f3074f54ee88670a824b9960573aef7/mysql-otp-tag-0.2.0/mysql-otp'  2>&1`
 :: Getting dependencies
$ cd '/home/pete/wefwefwef/docs/other/7f3074f54ee88670a824b9960573aef7/mysql-otp-tag-0.2.0/mysql-otp'
$ 5000  `ls -1 deps/  2>&1`
$ cd '/home/pete/wefwefwef/docs/erldocs_other.git'
>>> [rebar] deps = []
 :: Generating erldocs into /home/pete/wefwefwef/docs/other/7f3074f54ee88670a824b9960573aef7/repo/0.2.0
Building mysql-otp
Generating Type Specs - "/home/pete/wefwefwef/docs/other/7f3074f54ee88670a824b9960573aef7/mysql-otp-tag-0.2.0/mysql-otp/src/mysql.erl"
Generating Type Specs - "/home/pete/wefwefwef/docs/other/7f3074f54ee88670a824b9960573aef7/mysql-otp-tag-0.2.0/mysql-otp/src/mysql_connection.erl"
Generating Type Specs - "/home/pete/wefwefwef/docs/other/7f3074f54ee88670a824b9960573aef7/mysql-otp-tag-0.2.0/mysql-otp/src/mysql_protocol.erl"
Generating XML for application mysql-otp "/home/pete/wefwefwef/docs/other/7f3074f54ee88670a824b9960573aef7/mysql-otp-tag-0.2.0/mysql-otp" -> "/home/pete/wefwefwef/docs/other/7f3074f54ee88670a824b9960573aef7/repo/0.2.0/.xml/mysql-otp"
edoc: error in layout 'docgen_edoc_xml_cb': {'EXIT',
                                       {function_clause,
                                        [{docgen_edoc_xml_cb,
                                          otp_xmlify_table,
                                          [[{xmlElement,thead,thead,[],
                                             {xmlNamespace,[],[]},
                                             [{table,13},
                                              {fullDescription,...},
                                              {...}|...],
                                             2,[],
                                             [...],...},
                                            {xmlText,
                                             [{table,13},
                                              {fullDescription,2},
                                              {description,3},
                                              {function,11},
                                              {functions,...},
                                              {...}],
                                             3,[],"\n    ",text},
                                            {xmlElement,tbody,tbody,[],
                                             {xmlNamespace,[],...},
                                             [{...}|...],
                                             4,...},
                                            {xmlText,
                                             [{table,13},
                                              {fullDescription,2},
                                              {description,...},
                                              {...}|...],
                                             5,[],"\n  ",text}]],
                                          [{file,"docgen_edoc_xml_cb.erl"},
                                           {line,640}]},
                                         {docgen_edoc_xml_cb,
                                          otp_xmlify_table,1,
                                          [{file,"docgen_edoc_xml_cb.erl"},
                                           {line,641}]},
                                         {lists,flatmap,2,
                                          [{file,"lists.erl"},{line,1248}]},
                                         {docgen_edoc_xml_cb,otp_xmlify_es,1,
                                          [{file,"docgen_edoc_xml_cb.erl"},
                                           {line,278}]},
                                         {docgen_edoc_xml_cb,otp_xmlify_es,1,
                                          [{file,"docgen_edoc_xml_cb.erl"},
                                           {line,282}]},
                                         {docgen_edoc_xml_cb,otp_xmlify_es,1,
                                          [{file,"docgen_edoc_xml_cb.erl"},
                                           {line,273}]},
                                         {docgen_edoc_xml_cb,otp_xmlify_es,1,
                                          [{file,"docgen_edoc_xml_cb.erl"},
                                           {line,282}]},
                                         {docgen_edoc_xml_cb,otp_xmlify_es,1,
                                          [{file,[...]},{line,...}]}]}}.
edoc: error in doclet 'edoc_doclet': {'EXIT',error}.
Error generating mysql-otp XMLs. Using fallback ...
Generating XML mysql-otp - mysql "/home/pete/wefwefwef/docs/other/7f3074f54ee88670a824b9960573aef7/mysql-otp-tag-0.2.0/mysql-otp/src/mysql.erl" -> "/home/pete/wefwefwef/docs/other/7f3074f54ee88670a824b9960573aef7/repo/0.2.0/.xml/mysql-otp/mysql.xml"
edoc: error in layout 'docgen_edoc_xml_cb': {'EXIT',
                                       {function_clause,
                                        [{docgen_edoc_xml_cb,
                                          otp_xmlify_table,
                                          [[{xmlElement,thead,thead,[],
                                             {xmlNamespace,[],[]},
                                             [{table,13},
                                              {fullDescription,...},
                                              {...}|...],
                                             2,[],
                                             [...],...},
                                            {xmlText,
                                             [{table,13},
                                              {fullDescription,2},
                                              {description,3},
                                              {function,11},
                                              {functions,...},
                                              {...}],
                                             3,[],"\n    ",text},
                                            {xmlElement,tbody,tbody,[],
                                             {xmlNamespace,[],...},
                                             [{...}|...],
                                             4,...},
                                            {xmlText,
                                             [{table,13},
                                              {fullDescription,2},
                                              {description,...},
                                              {...}|...],
                                             5,[],"\n  ",text}]],
                                          [{file,"docgen_edoc_xml_cb.erl"},
                                           {line,640}]},
                                         {docgen_edoc_xml_cb,
                                          otp_xmlify_table,1,
                                          [{file,"docgen_edoc_xml_cb.erl"},
                                           {line,641}]},
                                         {lists,flatmap,2,
                                          [{file,"lists.erl"},{line,1248}]},
                                         {docgen_edoc_xml_cb,otp_xmlify_es,1,
                                          [{file,"docgen_edoc_xml_cb.erl"},
                                           {line,278}]},
                                         {docgen_edoc_xml_cb,otp_xmlify_es,1,
                                          [{file,"docgen_edoc_xml_cb.erl"},
                                           {line,282}]},
                                         {docgen_edoc_xml_cb,otp_xmlify_es,1,
                                          [{file,"docgen_edoc_xml_cb.erl"},
                                           {line,273}]},
                                         {docgen_edoc_xml_cb,otp_xmlify_es,1,
                                          [{file,"docgen_edoc_xml_cb.erl"},
                                           {line,282}]},
                                         {docgen_edoc_xml_cb,otp_xmlify_es,1,
                                          [{file,[...]},{line,...}]}]}}.
Error generating XML ("/home/pete/wefwefwef/docs/other/7f3074f54ee88670a824b9960573aef7/mysql-otp-tag-0.2.0/mysql-otp/src/mysql.erl"): {'EXIT',
                                                                                                                                        error}
Generating XML mysql-otp - mysql_connection "/home/pete/wefwefwef/docs/other/7f3074f54ee88670a824b9960573aef7/mysql-otp-tag-0.2.0/mysql-otp/src/mysql_connection.erl" -> "/home/pete/wefwefwef/docs/other/7f3074f54ee88670a824b9960573aef7/repo/0.2.0/.xml/mysql-otp/mysql_connection.xml"
Generating XML mysql-otp - mysql_protocol "/home/pete/wefwefwef/docs/other/7f3074f54ee88670a824b9960573aef7/mysql-otp-tag-0.2.0/mysql-otp/src/mysql_protocol.erl" -> "/home/pete/wefwefwef/docs/other/7f3074f54ee88670a824b9960573aef7/repo/0.2.0/.xml/mysql-otp/mysql_protocol.xml"
Generating HTML - mysql_connection "/home/pete/wefwefwef/docs/other/7f3074f54ee88670a824b9960573aef7/repo/0.2.0/.xml/mysql-otp/mysql_connection.xml"
Reading XML for "/home/pete/wefwefwef/docs/other/7f3074f54ee88670a824b9960573aef7/repo/0.2.0/.xml/mysql-otp/mysql_connection.xml"
Reading XML for "/home/pete/wefwefwef/docs/other/7f3074f54ee88670a824b9960573aef7/repo/0.2.0/.xml/specs_mysql_connection.xml"
Generating HTML - mysql_protocol "/home/pete/wefwefwef/docs/other/7f3074f54ee88670a824b9960573aef7/repo/0.2.0/.xml/mysql-otp/mysql_protocol.xml"
Reading XML for "/home/pete/wefwefwef/docs/other/7f3074f54ee88670a824b9960573aef7/repo/0.2.0/.xml/mysql-otp/mysql_protocol.xml"
Reading XML for "/home/pete/wefwefwef/docs/other/7f3074f54ee88670a824b9960573aef7/repo/0.2.0/.xml/specs_mysql_protocol.xml"
Creating index.html ...
Creating erldocs_index.js ...
Woot, finished in 0 Minutes 0 Seconds
 :: Discovering other repos
$ 5000  `rm -r '/home/pete/wefwefwef/docs/other/7f3074f54ee88670a824b9960573aef7/mysql-otp-tag-0.2.0'  2>&1`
 :: Finishing up
$ 5000  `rm -r '/home/pete/wefwefwef/docs/other/7f3074f54ee88670a824b9960573aef7/mysql-otp'  2>&1`
$ 5000  `rm -r '/home/pete/wefwefwef/docs/other/7f3074f54ee88670a824b9960573aef7/repo/gh-pages'  2>&1`
