 :: Extracting meta information
$ 5000  `git ls-remote --heads --tags 'https://github.com/lite/erl_stdlib'  2>&1`
>>> [repo] 1 branches, 0 tags
 :: Writing meta to "/home/pete/wefwefwef/docs/other/6534998848/meta.txt"
 :: Processing https://github.com/lite/erl_stdlib	{rev,branch,"master","49124ea6d61da3da9345bc86d28c7c3f9c24cafa"}
 :: Fetching repo code
$ cd "/home/pete/wefwefwef/docs/other/6534998848/erl_stdlib-branch-master/erl_stdlib"
$ infinity  `curl --fail --silent --show-error --location --output 'master.zip' 'https://github.com/lite/erl_stdlib/archive/master.zip'  2>&1`
$ cd "/home/pete/wefwefwef/docs/erldocs_other.git"
$ cd "/home/pete/wefwefwef/docs/other/6534998848/erl_stdlib-branch-master/erl_stdlib"
$ 5000  `find -P . -type l -delete  2>&1`
$ cd "/home/pete/wefwefwef/docs/erldocs_other.git"
$ cd "/home/pete/wefwefwef/docs/other/6534998848/erl_stdlib-branch-master/erl_stdlib"
$ 5000  `find 'erl_stdlib-master' -mindepth 1 -maxdepth 1 -exec mv -t . -- {} +  2>&1`
$ cd "/home/pete/wefwefwef/docs/erldocs_other.git"
 :: Getting dependencies
$ cd "/home/pete/wefwefwef/docs/other/6534998848/erl_stdlib-branch-master/erl_stdlib"
$ 5000  `ls -1 deps/  2>&1`
$ cd "/home/pete/wefwefwef/docs/erldocs_other.git"
>>> [rebar] deps = []
 :: Generating erldocs into /home/pete/wefwefwef/docs/other/6534998848/repo/master
Building erl_stdlib
Generating Type Specs - "/home/pete/wefwefwef/docs/other/6534998848/erl_stdlib-branch-master/erl_stdlib/src/mess_client.erl"
Generating Type Specs - "/home/pete/wefwefwef/docs/other/6534998848/erl_stdlib-branch-master/erl_stdlib/src/mess_server.erl"
Generating Type Specs - "/home/pete/wefwefwef/docs/other/6534998848/erl_stdlib-branch-master/erl_stdlib/src/messenger.erl"
Generating Type Specs - "/home/pete/wefwefwef/docs/other/6534998848/erl_stdlib-branch-master/erl_stdlib/src/tut1.erl"
Generating Type Specs - "/home/pete/wefwefwef/docs/other/6534998848/erl_stdlib-branch-master/erl_stdlib/src/tut2.erl"
Generating Type Specs - "/home/pete/wefwefwef/docs/other/6534998848/erl_stdlib-branch-master/erl_stdlib/src/tut3.erl"
Generating Type Specs - "/home/pete/wefwefwef/docs/other/6534998848/erl_stdlib-branch-master/erl_stdlib/src/tut4.erl"
Generating Type Specs - "/home/pete/wefwefwef/docs/other/6534998848/erl_stdlib-branch-master/erl_stdlib/src/tut5.erl"
Generating Type Specs - "/home/pete/wefwefwef/docs/other/6534998848/erl_stdlib-branch-master/erl_stdlib/src/tut6.erl"
Generating Type Specs - "/home/pete/wefwefwef/docs/other/6534998848/erl_stdlib-branch-master/erl_stdlib/src/tut7.erl"
Generating Type Specs - "/home/pete/wefwefwef/docs/other/6534998848/erl_stdlib-branch-master/erl_stdlib/src/tut8.erl"
Generating Type Specs - "/home/pete/wefwefwef/docs/other/6534998848/erl_stdlib-branch-master/erl_stdlib/src/tut9.erl"
Generating Type Specs - "/home/pete/wefwefwef/docs/other/6534998848/erl_stdlib-branch-master/erl_stdlib/src/user_interface.erl"
Generating XML for application erl_stdlib "/home/pete/wefwefwef/docs/other/6534998848/erl_stdlib-branch-master/erl_stdlib" -> "/home/pete/wefwefwef/docs/other/6534998848/repo/master/.xml/erl_stdlib"
Generated erl_stdlib XMLs: ["/home/pete/wefwefwef/docs/other/6534998848/repo/master/.xml/erl_stdlib/mess_client.xml",
                            "/home/pete/wefwefwef/docs/other/6534998848/repo/master/.xml/erl_stdlib/tut2.xml",
                            "/home/pete/wefwefwef/docs/other/6534998848/repo/master/.xml/erl_stdlib/tut5.xml",
                            "/home/pete/wefwefwef/docs/other/6534998848/repo/master/.xml/erl_stdlib/tut4.xml",
                            "/home/pete/wefwefwef/docs/other/6534998848/repo/master/.xml/erl_stdlib/tut9.xml",
                            "/home/pete/wefwefwef/docs/other/6534998848/repo/master/.xml/erl_stdlib/tut3.xml",
                            "/home/pete/wefwefwef/docs/other/6534998848/repo/master/.xml/erl_stdlib/mess_server.xml",
                            "/home/pete/wefwefwef/docs/other/6534998848/repo/master/.xml/erl_stdlib/tut7.xml",
                            "/home/pete/wefwefwef/docs/other/6534998848/repo/master/.xml/erl_stdlib/messenger.xml",
                            "/home/pete/wefwefwef/docs/other/6534998848/repo/master/.xml/erl_stdlib/tut1.xml",
                            "/home/pete/wefwefwef/docs/other/6534998848/repo/master/.xml/erl_stdlib/user_interface.xml",
                            "/home/pete/wefwefwef/docs/other/6534998848/repo/master/.xml/erl_stdlib/tut6.xml",
                            "/home/pete/wefwefwef/docs/other/6534998848/repo/master/.xml/erl_stdlib/tut8.xml"]
Generating HTML - tut5 "/home/pete/wefwefwef/docs/other/6534998848/repo/master/.xml/erl_stdlib/tut5.xml"
Generating HTML - tut3 "/home/pete/wefwefwef/docs/other/6534998848/repo/master/.xml/erl_stdlib/tut3.xml"
Generating HTML - messenger "/home/pete/wefwefwef/docs/other/6534998848/repo/master/.xml/erl_stdlib/messenger.xml"
Generating HTML - tut8 "/home/pete/wefwefwef/docs/other/6534998848/repo/master/.xml/erl_stdlib/tut8.xml"
Reading XML for "/home/pete/wefwefwef/docs/other/6534998848/repo/master/.xml/erl_stdlib/tut5.xml"
Reading XML for "/home/pete/wefwefwef/docs/other/6534998848/repo/master/.xml/erl_stdlib/tut3.xml"
Reading XML for "/home/pete/wefwefwef/docs/other/6534998848/repo/master/.xml/erl_stdlib/messenger.xml"
Reading XML for "/home/pete/wefwefwef/docs/other/6534998848/repo/master/.xml/erl_stdlib/tut8.xml"
Reading XML for "/home/pete/wefwefwef/docs/other/6534998848/repo/master/.xml/specs_tut5.xml"
Generating HTML - tut2 "/home/pete/wefwefwef/docs/other/6534998848/repo/master/.xml/erl_stdlib/tut2.xml"
Reading XML for "/home/pete/wefwefwef/docs/other/6534998848/repo/master/.xml/erl_stdlib/tut2.xml"
Reading XML for "/home/pete/wefwefwef/docs/other/6534998848/repo/master/.xml/specs_messenger.xml"
Reading XML for "/home/pete/wefwefwef/docs/other/6534998848/repo/master/.xml/specs_tut3.xml"
Generating HTML - tut9 "/home/pete/wefwefwef/docs/other/6534998848/repo/master/.xml/erl_stdlib/tut9.xml"
Reading XML for "/home/pete/wefwefwef/docs/other/6534998848/repo/master/.xml/erl_stdlib/tut9.xml"
Generating HTML - tut7 "/home/pete/wefwefwef/docs/other/6534998848/repo/master/.xml/erl_stdlib/tut7.xml"
Reading XML for "/home/pete/wefwefwef/docs/other/6534998848/repo/master/.xml/specs_tut8.xml"
Reading XML for "/home/pete/wefwefwef/docs/other/6534998848/repo/master/.xml/erl_stdlib/tut7.xml"
Generating HTML - tut6 "/home/pete/wefwefwef/docs/other/6534998848/repo/master/.xml/erl_stdlib/tut6.xml"
Reading XML for "/home/pete/wefwefwef/docs/other/6534998848/repo/master/.xml/erl_stdlib/tut6.xml"
Reading XML for "/home/pete/wefwefwef/docs/other/6534998848/repo/master/.xml/specs_tut2.xml"
Generating HTML - mess_client "/home/pete/wefwefwef/docs/other/6534998848/repo/master/.xml/erl_stdlib/mess_client.xml"
Reading XML for "/home/pete/wefwefwef/docs/other/6534998848/repo/master/.xml/erl_stdlib/mess_client.xml"
Reading XML for "/home/pete/wefwefwef/docs/other/6534998848/repo/master/.xml/specs_tut9.xml"
Reading XML for "/home/pete/wefwefwef/docs/other/6534998848/repo/master/.xml/specs_tut7.xml"
Generating HTML - tut4 "/home/pete/wefwefwef/docs/other/6534998848/repo/master/.xml/erl_stdlib/tut4.xml"
Reading XML for "/home/pete/wefwefwef/docs/other/6534998848/repo/master/.xml/erl_stdlib/tut4.xml"
Generating HTML - mess_server "/home/pete/wefwefwef/docs/other/6534998848/repo/master/.xml/erl_stdlib/mess_server.xml"
Reading XML for "/home/pete/wefwefwef/docs/other/6534998848/repo/master/.xml/erl_stdlib/mess_server.xml"
Reading XML for "/home/pete/wefwefwef/docs/other/6534998848/repo/master/.xml/specs_tut6.xml"
Generating HTML - user_interface "/home/pete/wefwefwef/docs/other/6534998848/repo/master/.xml/erl_stdlib/user_interface.xml"
Reading XML for "/home/pete/wefwefwef/docs/other/6534998848/repo/master/.xml/erl_stdlib/user_interface.xml"
Reading XML for "/home/pete/wefwefwef/docs/other/6534998848/repo/master/.xml/specs_mess_client.xml"
Reading XML for "/home/pete/wefwefwef/docs/other/6534998848/repo/master/.xml/specs_tut4.xml"
Reading XML for "/home/pete/wefwefwef/docs/other/6534998848/repo/master/.xml/specs_mess_server.xml"
Reading XML for "/home/pete/wefwefwef/docs/other/6534998848/repo/master/.xml/specs_user_interface.xml"
Generating HTML - tut1 "/home/pete/wefwefwef/docs/other/6534998848/repo/master/.xml/erl_stdlib/tut1.xml"
Reading XML for "/home/pete/wefwefwef/docs/other/6534998848/repo/master/.xml/erl_stdlib/tut1.xml"
Reading XML for "/home/pete/wefwefwef/docs/other/6534998848/repo/master/.xml/specs_tut1.xml"
Creating index.html ...
Creating erldocs_index.js ...
Woot, finished in 0 Minutes 0 Seconds
 :: Discovering other repos
$ 5000  `rm -r '/home/pete/wefwefwef/docs/other/6534998848/erl_stdlib-branch-master'  2>&1`
 :: Erldocs finishing up
$ 5000  `rm -r '/home/pete/wefwefwef/docs/other/6534998848/erl_stdlib'  2>&1`
