 :: Extracting meta information
$ 5000  `git ls-remote --heads --tags 'https://github.com/sile/rtmp_handshake'  2>&1`
>>> [repo] 1 branches, 3 tags
 :: Writing meta to "/home/pete/wefwefwef/docs/other/7003060245/meta.txt"
 :: Processing https://github.com/sile/rtmp_handshake	{rev,tag,"v0.1.2","c8bf75aae5c55300c8dc48de7db262cb8d3a8595",undefined,[],[]}
 :: Fetching repo code
$ cd "/home/pete/wefwefwef/docs/other/7003060245/rtmp_handshake-tag-v0.1.2/rtmp_handshake"
$ infinity  `curl --fail --silent --show-error --location --output 'v0.1.2.zip' 'https://github.com/sile/rtmp_handshake/archive/v0.1.2.zip'  2>&1`
$ cd "/home/pete/wefwefwef/docs/erldocs_other.git"
$ cd "/home/pete/wefwefwef/docs/other/7003060245/rtmp_handshake-tag-v0.1.2/rtmp_handshake"
$ 5000  `find -P . -type l -delete  2>&1`
$ cd "/home/pete/wefwefwef/docs/erldocs_other.git"
$ cd "/home/pete/wefwefwef/docs/other/7003060245/rtmp_handshake-tag-v0.1.2/rtmp_handshake"
$ 5000  `find 'rtmp_handshake-0.1.2' -mindepth 1 -maxdepth 1 -exec mv -t . -- {} +  2>&1`
$ cd "/home/pete/wefwefwef/docs/erldocs_other.git"
 :: Getting dependencies
$ cd "/home/pete/wefwefwef/docs/other/7003060245/rtmp_handshake-tag-v0.1.2/rtmp_handshake"
$ 5000  `ls -1 deps/  2>&1`
$ cd "/home/pete/wefwefwef/docs/erldocs_other.git"
>>> [rebar] deps = []
 :: Generating erldocs into /home/pete/wefwefwef/docs/other/7003060245/repo/v0.1.2
Building rtmp_handshake
Generating Type Specs - "/home/pete/wefwefwef/docs/other/7003060245/rtmp_handshake-tag-v0.1.2/rtmp_handshake/src/rtmp_handshake.erl"
Generating Type Specs - "/home/pete/wefwefwef/docs/other/7003060245/rtmp_handshake-tag-v0.1.2/rtmp_handshake/src/rtmp_handshake_digest.erl"
Generating Type Specs - "/home/pete/wefwefwef/docs/other/7003060245/rtmp_handshake-tag-v0.1.2/rtmp_handshake/src/rtmp_handshake_interface.erl"
Generating Type Specs - "/home/pete/wefwefwef/docs/other/7003060245/rtmp_handshake-tag-v0.1.2/rtmp_handshake/src/rtmp_handshake_plain.erl"
Generating XML for application rtmp_handshake "/home/pete/wefwefwef/docs/other/7003060245/rtmp_handshake-tag-v0.1.2/rtmp_handshake" -> "/home/pete/wefwefwef/docs/other/7003060245/repo/v0.1.2/.xml/rtmp_handshake"
Generated rtmp_handshake XMLs: ["/home/pete/wefwefwef/docs/other/7003060245/repo/v0.1.2/.xml/rtmp_handshake/rtmp_handshake_interface.xml",
                                "/home/pete/wefwefwef/docs/other/7003060245/repo/v0.1.2/.xml/rtmp_handshake/rtmp_handshake_plain.xml",
                                "/home/pete/wefwefwef/docs/other/7003060245/repo/v0.1.2/.xml/rtmp_handshake/rtmp_handshake_digest.xml",
                                "/home/pete/wefwefwef/docs/other/7003060245/repo/v0.1.2/.xml/rtmp_handshake/rtmp_handshake.xml"]
Generating HTML - rtmp_handshake_interface "/home/pete/wefwefwef/docs/other/7003060245/repo/v0.1.2/.xml/rtmp_handshake/rtmp_handshake_interface.xml"
Generating HTML - rtmp_handshake_plain "/home/pete/wefwefwef/docs/other/7003060245/repo/v0.1.2/.xml/rtmp_handshake/rtmp_handshake_plain.xml"
Generating HTML - rtmp_handshake_digest "/home/pete/wefwefwef/docs/other/7003060245/repo/v0.1.2/.xml/rtmp_handshake/rtmp_handshake_digest.xml"
Generating HTML - rtmp_handshake "/home/pete/wefwefwef/docs/other/7003060245/repo/v0.1.2/.xml/rtmp_handshake/rtmp_handshake.xml"
Reading XML for "/home/pete/wefwefwef/docs/other/7003060245/repo/v0.1.2/.xml/rtmp_handshake/rtmp_handshake_interface.xml"
Reading XML for "/home/pete/wefwefwef/docs/other/7003060245/repo/v0.1.2/.xml/rtmp_handshake/rtmp_handshake_plain.xml"
Reading XML for "/home/pete/wefwefwef/docs/other/7003060245/repo/v0.1.2/.xml/rtmp_handshake/rtmp_handshake_digest.xml"
Reading XML for "/home/pete/wefwefwef/docs/other/7003060245/repo/v0.1.2/.xml/rtmp_handshake/rtmp_handshake.xml"
Reading XML for "/home/pete/wefwefwef/docs/other/7003060245/repo/v0.1.2/.xml/specs_rtmp_handshake_interface.xml"
Reading XML for "/home/pete/wefwefwef/docs/other/7003060245/repo/v0.1.2/.xml/specs_rtmp_handshake_plain.xml"
Reading XML for "/home/pete/wefwefwef/docs/other/7003060245/repo/v0.1.2/.xml/specs_rtmp_handshake_digest.xml"
Reading XML for "/home/pete/wefwefwef/docs/other/7003060245/repo/v0.1.2/.xml/specs_rtmp_handshake.xml"
Creating index.html ...
Creating erldocs_index.js ...
Woot, finished in 0 Minutes 0 Seconds
 :: Discovering other repos
$ 5000  `rm -r '/home/pete/wefwefwef/docs/other/7003060245/rtmp_handshake-tag-v0.1.2'  2>&1`
 :: Processing https://github.com/sile/rtmp_handshake	{rev,tag,"v0.1.3","8aaab0ac0ba8d86462668c990828a10c63af10a3",undefined,[],[]}
 :: Fetching repo code
$ cd "/home/pete/wefwefwef/docs/other/7003060245/rtmp_handshake-tag-v0.1.3/rtmp_handshake"
$ infinity  `curl --fail --silent --show-error --location --output 'v0.1.3.zip' 'https://github.com/sile/rtmp_handshake/archive/v0.1.3.zip'  2>&1`
$ cd "/home/pete/wefwefwef/docs/erldocs_other.git"
$ cd "/home/pete/wefwefwef/docs/other/7003060245/rtmp_handshake-tag-v0.1.3/rtmp_handshake"
$ 5000  `find -P . -type l -delete  2>&1`
$ cd "/home/pete/wefwefwef/docs/erldocs_other.git"
$ cd "/home/pete/wefwefwef/docs/other/7003060245/rtmp_handshake-tag-v0.1.3/rtmp_handshake"
$ 5000  `find 'rtmp_handshake-0.1.3' -mindepth 1 -maxdepth 1 -exec mv -t . -- {} +  2>&1`
$ cd "/home/pete/wefwefwef/docs/erldocs_other.git"
 :: Getting dependencies
$ cd "/home/pete/wefwefwef/docs/other/7003060245/rtmp_handshake-tag-v0.1.3/rtmp_handshake"
$ 5000  `ls -1 deps/  2>&1`
$ cd "/home/pete/wefwefwef/docs/erldocs_other.git"
>>> [rebar] deps = []
 :: Generating erldocs into /home/pete/wefwefwef/docs/other/7003060245/repo/v0.1.3
Building rtmp_handshake
Generating Type Specs - "/home/pete/wefwefwef/docs/other/7003060245/rtmp_handshake-tag-v0.1.3/rtmp_handshake/src/rtmp_handshake.erl"
Generating Type Specs - "/home/pete/wefwefwef/docs/other/7003060245/rtmp_handshake-tag-v0.1.3/rtmp_handshake/src/rtmp_handshake_digest.erl"
Generating Type Specs - "/home/pete/wefwefwef/docs/other/7003060245/rtmp_handshake-tag-v0.1.3/rtmp_handshake/src/rtmp_handshake_interface.erl"
Generating Type Specs - "/home/pete/wefwefwef/docs/other/7003060245/rtmp_handshake-tag-v0.1.3/rtmp_handshake/src/rtmp_handshake_plain.erl"
Generating XML for application rtmp_handshake "/home/pete/wefwefwef/docs/other/7003060245/rtmp_handshake-tag-v0.1.3/rtmp_handshake" -> "/home/pete/wefwefwef/docs/other/7003060245/repo/v0.1.3/.xml/rtmp_handshake"
Generated rtmp_handshake XMLs: ["/home/pete/wefwefwef/docs/other/7003060245/repo/v0.1.3/.xml/rtmp_handshake/rtmp_handshake_interface.xml",
                                "/home/pete/wefwefwef/docs/other/7003060245/repo/v0.1.3/.xml/rtmp_handshake/rtmp_handshake_plain.xml",
                                "/home/pete/wefwefwef/docs/other/7003060245/repo/v0.1.3/.xml/rtmp_handshake/rtmp_handshake_digest.xml",
                                "/home/pete/wefwefwef/docs/other/7003060245/repo/v0.1.3/.xml/rtmp_handshake/rtmp_handshake.xml"]
Generating HTML - rtmp_handshake_interface "/home/pete/wefwefwef/docs/other/7003060245/repo/v0.1.3/.xml/rtmp_handshake/rtmp_handshake_interface.xml"
Generating HTML - rtmp_handshake_plain "/home/pete/wefwefwef/docs/other/7003060245/repo/v0.1.3/.xml/rtmp_handshake/rtmp_handshake_plain.xml"
Generating HTML - rtmp_handshake_digest "/home/pete/wefwefwef/docs/other/7003060245/repo/v0.1.3/.xml/rtmp_handshake/rtmp_handshake_digest.xml"
Generating HTML - rtmp_handshake "/home/pete/wefwefwef/docs/other/7003060245/repo/v0.1.3/.xml/rtmp_handshake/rtmp_handshake.xml"
Reading XML for "/home/pete/wefwefwef/docs/other/7003060245/repo/v0.1.3/.xml/rtmp_handshake/rtmp_handshake_interface.xml"
Reading XML for "/home/pete/wefwefwef/docs/other/7003060245/repo/v0.1.3/.xml/rtmp_handshake/rtmp_handshake_plain.xml"
Reading XML for "/home/pete/wefwefwef/docs/other/7003060245/repo/v0.1.3/.xml/rtmp_handshake/rtmp_handshake_digest.xml"
Reading XML for "/home/pete/wefwefwef/docs/other/7003060245/repo/v0.1.3/.xml/rtmp_handshake/rtmp_handshake.xml"
Reading XML for "/home/pete/wefwefwef/docs/other/7003060245/repo/v0.1.3/.xml/specs_rtmp_handshake_plain.xml"
Reading XML for "/home/pete/wefwefwef/docs/other/7003060245/repo/v0.1.3/.xml/specs_rtmp_handshake_interface.xml"
Reading XML for "/home/pete/wefwefwef/docs/other/7003060245/repo/v0.1.3/.xml/specs_rtmp_handshake_digest.xml"
Reading XML for "/home/pete/wefwefwef/docs/other/7003060245/repo/v0.1.3/.xml/specs_rtmp_handshake.xml"
Creating index.html ...
Creating erldocs_index.js ...
Woot, finished in 0 Minutes 0 Seconds
 :: Discovering other repos
$ 5000  `rm -r '/home/pete/wefwefwef/docs/other/7003060245/rtmp_handshake-tag-v0.1.3'  2>&1`
 :: Processing https://github.com/sile/rtmp_handshake	{rev,tag,"v0.1.4","070c1d8603295ebfc2adfd71b301dfb285359290",undefined,[],[]}
 :: Fetching repo code
$ cd "/home/pete/wefwefwef/docs/other/7003060245/rtmp_handshake-tag-v0.1.4/rtmp_handshake"
$ infinity  `curl --fail --silent --show-error --location --output 'v0.1.4.zip' 'https://github.com/sile/rtmp_handshake/archive/v0.1.4.zip'  2>&1`
$ cd "/home/pete/wefwefwef/docs/erldocs_other.git"
$ cd "/home/pete/wefwefwef/docs/other/7003060245/rtmp_handshake-tag-v0.1.4/rtmp_handshake"
$ 5000  `find -P . -type l -delete  2>&1`
$ cd "/home/pete/wefwefwef/docs/erldocs_other.git"
$ cd "/home/pete/wefwefwef/docs/other/7003060245/rtmp_handshake-tag-v0.1.4/rtmp_handshake"
$ 5000  `find 'rtmp_handshake-0.1.4' -mindepth 1 -maxdepth 1 -exec mv -t . -- {} +  2>&1`
$ cd "/home/pete/wefwefwef/docs/erldocs_other.git"
 :: Getting dependencies
$ cd "/home/pete/wefwefwef/docs/other/7003060245/rtmp_handshake-tag-v0.1.4/rtmp_handshake"
$ 5000  `ls -1 deps/  2>&1`
$ cd "/home/pete/wefwefwef/docs/erldocs_other.git"
>>> [rebar] deps = []
 :: Generating erldocs into /home/pete/wefwefwef/docs/other/7003060245/repo/v0.1.4
Building rtmp_handshake
Generating Type Specs - "/home/pete/wefwefwef/docs/other/7003060245/rtmp_handshake-tag-v0.1.4/rtmp_handshake/src/rtmp_handshake.erl"
Generating Type Specs - "/home/pete/wefwefwef/docs/other/7003060245/rtmp_handshake-tag-v0.1.4/rtmp_handshake/src/rtmp_handshake_digest.erl"
Generating Type Specs - "/home/pete/wefwefwef/docs/other/7003060245/rtmp_handshake-tag-v0.1.4/rtmp_handshake/src/rtmp_handshake_interface.erl"
Generating Type Specs - "/home/pete/wefwefwef/docs/other/7003060245/rtmp_handshake-tag-v0.1.4/rtmp_handshake/src/rtmp_handshake_plain.erl"
Generating XML for application rtmp_handshake "/home/pete/wefwefwef/docs/other/7003060245/rtmp_handshake-tag-v0.1.4/rtmp_handshake" -> "/home/pete/wefwefwef/docs/other/7003060245/repo/v0.1.4/.xml/rtmp_handshake"
Generated rtmp_handshake XMLs: ["/home/pete/wefwefwef/docs/other/7003060245/repo/v0.1.4/.xml/rtmp_handshake/rtmp_handshake_interface.xml",
                                "/home/pete/wefwefwef/docs/other/7003060245/repo/v0.1.4/.xml/rtmp_handshake/rtmp_handshake_plain.xml",
                                "/home/pete/wefwefwef/docs/other/7003060245/repo/v0.1.4/.xml/rtmp_handshake/rtmp_handshake_digest.xml",
                                "/home/pete/wefwefwef/docs/other/7003060245/repo/v0.1.4/.xml/rtmp_handshake/rtmp_handshake.xml"]
Generating HTML - rtmp_handshake_interface "/home/pete/wefwefwef/docs/other/7003060245/repo/v0.1.4/.xml/rtmp_handshake/rtmp_handshake_interface.xml"
Generating HTML - rtmp_handshake_plain "/home/pete/wefwefwef/docs/other/7003060245/repo/v0.1.4/.xml/rtmp_handshake/rtmp_handshake_plain.xml"
Generating HTML - rtmp_handshake_digest "/home/pete/wefwefwef/docs/other/7003060245/repo/v0.1.4/.xml/rtmp_handshake/rtmp_handshake_digest.xml"
Generating HTML - rtmp_handshake "/home/pete/wefwefwef/docs/other/7003060245/repo/v0.1.4/.xml/rtmp_handshake/rtmp_handshake.xml"
Reading XML for "/home/pete/wefwefwef/docs/other/7003060245/repo/v0.1.4/.xml/rtmp_handshake/rtmp_handshake_interface.xml"
Reading XML for "/home/pete/wefwefwef/docs/other/7003060245/repo/v0.1.4/.xml/rtmp_handshake/rtmp_handshake_plain.xml"
Reading XML for "/home/pete/wefwefwef/docs/other/7003060245/repo/v0.1.4/.xml/rtmp_handshake/rtmp_handshake_digest.xml"
Reading XML for "/home/pete/wefwefwef/docs/other/7003060245/repo/v0.1.4/.xml/rtmp_handshake/rtmp_handshake.xml"
Reading XML for "/home/pete/wefwefwef/docs/other/7003060245/repo/v0.1.4/.xml/specs_rtmp_handshake_interface.xml"
Reading XML for "/home/pete/wefwefwef/docs/other/7003060245/repo/v0.1.4/.xml/specs_rtmp_handshake.xml"
Reading XML for "/home/pete/wefwefwef/docs/other/7003060245/repo/v0.1.4/.xml/specs_rtmp_handshake_digest.xml"
Reading XML for "/home/pete/wefwefwef/docs/other/7003060245/repo/v0.1.4/.xml/specs_rtmp_handshake_plain.xml"
Creating index.html ...
Creating erldocs_index.js ...
Woot, finished in 0 Minutes 0 Seconds
 :: Discovering other repos
$ 5000  `rm -r '/home/pete/wefwefwef/docs/other/7003060245/rtmp_handshake-tag-v0.1.4'  2>&1`
 :: Processing https://github.com/sile/rtmp_handshake	{rev,branch,"master","070c1d8603295ebfc2adfd71b301dfb285359290",undefined,[],[]}
 :: Fetching repo code
$ cd "/home/pete/wefwefwef/docs/other/7003060245/rtmp_handshake-branch-master/rtmp_handshake"
$ infinity  `curl --fail --silent --show-error --location --output 'master.zip' 'https://github.com/sile/rtmp_handshake/archive/master.zip'  2>&1`
$ cd "/home/pete/wefwefwef/docs/erldocs_other.git"
$ cd "/home/pete/wefwefwef/docs/other/7003060245/rtmp_handshake-branch-master/rtmp_handshake"
$ 5000  `find -P . -type l -delete  2>&1`
$ cd "/home/pete/wefwefwef/docs/erldocs_other.git"
$ cd "/home/pete/wefwefwef/docs/other/7003060245/rtmp_handshake-branch-master/rtmp_handshake"
$ 5000  `find 'rtmp_handshake-master' -mindepth 1 -maxdepth 1 -exec mv -t . -- {} +  2>&1`
$ cd "/home/pete/wefwefwef/docs/erldocs_other.git"
 :: Getting dependencies
$ cd "/home/pete/wefwefwef/docs/other/7003060245/rtmp_handshake-branch-master/rtmp_handshake"
$ 5000  `ls -1 deps/  2>&1`
$ cd "/home/pete/wefwefwef/docs/erldocs_other.git"
>>> [rebar] deps = []
 :: Generating erldocs into /home/pete/wefwefwef/docs/other/7003060245/repo/master
Building rtmp_handshake
Generating Type Specs - "/home/pete/wefwefwef/docs/other/7003060245/rtmp_handshake-branch-master/rtmp_handshake/src/rtmp_handshake.erl"
Generating Type Specs - "/home/pete/wefwefwef/docs/other/7003060245/rtmp_handshake-branch-master/rtmp_handshake/src/rtmp_handshake_digest.erl"
Generating Type Specs - "/home/pete/wefwefwef/docs/other/7003060245/rtmp_handshake-branch-master/rtmp_handshake/src/rtmp_handshake_interface.erl"
Generating Type Specs - "/home/pete/wefwefwef/docs/other/7003060245/rtmp_handshake-branch-master/rtmp_handshake/src/rtmp_handshake_plain.erl"
Generating XML for application rtmp_handshake "/home/pete/wefwefwef/docs/other/7003060245/rtmp_handshake-branch-master/rtmp_handshake" -> "/home/pete/wefwefwef/docs/other/7003060245/repo/master/.xml/rtmp_handshake"
Generated rtmp_handshake XMLs: ["/home/pete/wefwefwef/docs/other/7003060245/repo/master/.xml/rtmp_handshake/rtmp_handshake_interface.xml",
                                "/home/pete/wefwefwef/docs/other/7003060245/repo/master/.xml/rtmp_handshake/rtmp_handshake_plain.xml",
                                "/home/pete/wefwefwef/docs/other/7003060245/repo/master/.xml/rtmp_handshake/rtmp_handshake_digest.xml",
                                "/home/pete/wefwefwef/docs/other/7003060245/repo/master/.xml/rtmp_handshake/rtmp_handshake.xml"]
Generating HTML - rtmp_handshake_interface "/home/pete/wefwefwef/docs/other/7003060245/repo/master/.xml/rtmp_handshake/rtmp_handshake_interface.xml"
Generating HTML - rtmp_handshake_plain "/home/pete/wefwefwef/docs/other/7003060245/repo/master/.xml/rtmp_handshake/rtmp_handshake_plain.xml"
Generating HTML - rtmp_handshake_digest "/home/pete/wefwefwef/docs/other/7003060245/repo/master/.xml/rtmp_handshake/rtmp_handshake_digest.xml"
Generating HTML - rtmp_handshake "/home/pete/wefwefwef/docs/other/7003060245/repo/master/.xml/rtmp_handshake/rtmp_handshake.xml"
Reading XML for "/home/pete/wefwefwef/docs/other/7003060245/repo/master/.xml/rtmp_handshake/rtmp_handshake_interface.xml"
Reading XML for "/home/pete/wefwefwef/docs/other/7003060245/repo/master/.xml/rtmp_handshake/rtmp_handshake_plain.xml"
Reading XML for "/home/pete/wefwefwef/docs/other/7003060245/repo/master/.xml/rtmp_handshake/rtmp_handshake_digest.xml"
Reading XML for "/home/pete/wefwefwef/docs/other/7003060245/repo/master/.xml/rtmp_handshake/rtmp_handshake.xml"
Reading XML for "/home/pete/wefwefwef/docs/other/7003060245/repo/master/.xml/specs_rtmp_handshake_interface.xml"
Reading XML for "/home/pete/wefwefwef/docs/other/7003060245/repo/master/.xml/specs_rtmp_handshake_digest.xml"
Reading XML for "/home/pete/wefwefwef/docs/other/7003060245/repo/master/.xml/specs_rtmp_handshake_plain.xml"
Reading XML for "/home/pete/wefwefwef/docs/other/7003060245/repo/master/.xml/specs_rtmp_handshake.xml"
Creating index.html ...
Creating erldocs_index.js ...
Woot, finished in 0 Minutes 0 Seconds
 :: Discovering other repos
$ 5000  `rm -r '/home/pete/wefwefwef/docs/other/7003060245/rtmp_handshake-branch-master'  2>&1`
 :: Finishing up
$ 5000  `rm -r '/home/pete/wefwefwef/docs/other/7003060245/rtmp_handshake'  2>&1`
