 :: Extracting meta information
$ 5000  `git ls-remote --heads --tags 'https://github.com/quentinchen/game'  2>&1`
>>> [repo] 1 branches, 0 tags
 :: Writing meta to "/home/pete/wefwefwef/docs/other/8531170548/meta.txt"
 :: Processing https://github.com/quentinchen/game	{rev,branch,"master","788d8fc79cc610790f2c65febc306de7535c7c14"}
 :: Fetching repo code
$ cd "/home/pete/wefwefwef/docs/other/8531170548/game-branch-master/game"
$ infinity  `curl --fail --silent --show-error --location --output 'master.zip' 'https://github.com/quentinchen/game/archive/master.zip'  2>&1`
$ cd "/home/pete/wefwefwef/docs/erldocs_other.git"
$ cd "/home/pete/wefwefwef/docs/other/8531170548/game-branch-master/game"
$ 5000  `find -P . -type l -delete  2>&1`
$ cd "/home/pete/wefwefwef/docs/erldocs_other.git"
$ cd "/home/pete/wefwefwef/docs/other/8531170548/game-branch-master/game"
$ 5000  `find 'game-master' -mindepth 1 -maxdepth 1 -exec mv -t . -- {} +  2>&1`
$ cd "/home/pete/wefwefwef/docs/erldocs_other.git"
 :: Getting dependencies
$ cd "/home/pete/wefwefwef/docs/other/8531170548/game-branch-master/game"
$ 5000  `ls -1 deps/  2>&1`
$ cd "/home/pete/wefwefwef/docs/erldocs_other.git"
>>> [rebar] deps = []
 :: Generating erldocs into /home/pete/wefwefwef/docs/other/8531170548/repo/master
Building game
Generating Type Specs - "/home/pete/wefwefwef/docs/other/8531170548/game-branch-master/game/src/game.erl"
Generating Type Specs - "/home/pete/wefwefwef/docs/other/8531170548/game-branch-master/game/src/game_app.erl"
Generating Type Specs - "/home/pete/wefwefwef/docs/other/8531170548/game-branch-master/game/src/game_sup.erl"
Generating Type Specs - "/home/pete/wefwefwef/docs/other/8531170548/game-branch-master/game/src/game_tool.erl"
Generating Type Specs - "/home/pete/wefwefwef/docs/other/8531170548/game-branch-master/game/src/game_user.erl"
Generating XML for application game "/home/pete/wefwefwef/docs/other/8531170548/game-branch-master/game" -> "/home/pete/wefwefwef/docs/other/8531170548/repo/master/.xml/game"
Generated game XMLs: ["/home/pete/wefwefwef/docs/other/8531170548/repo/master/.xml/game/game_app.xml",
                      "/home/pete/wefwefwef/docs/other/8531170548/repo/master/.xml/game/client.xml",
                      "/home/pete/wefwefwef/docs/other/8531170548/repo/master/.xml/game/game_tool.xml",
                      "/home/pete/wefwefwef/docs/other/8531170548/repo/master/.xml/game/game_sup.xml",
                      "/home/pete/wefwefwef/docs/other/8531170548/repo/master/.xml/game/game.xml",
                      "/home/pete/wefwefwef/docs/other/8531170548/repo/master/.xml/game/game_user.xml",
                      "/home/pete/wefwefwef/docs/other/8531170548/repo/master/.xml/game/client_sup.xml"]
Generating HTML - game_app "/home/pete/wefwefwef/docs/other/8531170548/repo/master/.xml/game/game_app.xml"
Generating HTML - client "/home/pete/wefwefwef/docs/other/8531170548/repo/master/.xml/game/client.xml"
Generating HTML - game_tool "/home/pete/wefwefwef/docs/other/8531170548/repo/master/.xml/game/game_tool.xml"
Generating HTML - client_sup "/home/pete/wefwefwef/docs/other/8531170548/repo/master/.xml/game/client_sup.xml"
Reading XML for "/home/pete/wefwefwef/docs/other/8531170548/repo/master/.xml/game/game_app.xml"
Reading XML for "/home/pete/wefwefwef/docs/other/8531170548/repo/master/.xml/game/client.xml"
Reading XML for "/home/pete/wefwefwef/docs/other/8531170548/repo/master/.xml/game/game_tool.xml"
Reading XML for "/home/pete/wefwefwef/docs/other/8531170548/repo/master/.xml/game/client_sup.xml"
Reading XML for "/home/pete/wefwefwef/docs/other/8531170548/repo/master/.xml/specs_game_app.xml"
Reading XML for "/home/pete/wefwefwef/docs/other/8531170548/repo/master/.xml/specs_game_tool.xml"
Generating HTML - game_user "/home/pete/wefwefwef/docs/other/8531170548/repo/master/.xml/game/game_user.xml"
Reading XML for "/home/pete/wefwefwef/docs/other/8531170548/repo/master/.xml/game/game_user.xml"
Reading XML for "/home/pete/wefwefwef/docs/other/8531170548/repo/master/.xml/specs_game_user.xml"
Generating HTML - game "/home/pete/wefwefwef/docs/other/8531170548/repo/master/.xml/game/game.xml"
Reading XML for "/home/pete/wefwefwef/docs/other/8531170548/repo/master/.xml/game/game.xml"
Reading XML for "/home/pete/wefwefwef/docs/other/8531170548/repo/master/.xml/specs_game.xml"
Generating HTML - game_sup "/home/pete/wefwefwef/docs/other/8531170548/repo/master/.xml/game/game_sup.xml"
Reading XML for "/home/pete/wefwefwef/docs/other/8531170548/repo/master/.xml/game/game_sup.xml"
Reading XML for "/home/pete/wefwefwef/docs/other/8531170548/repo/master/.xml/specs_game_sup.xml"
Creating index.html ...
Creating erldocs_index.js ...
Woot, finished in 0 Minutes 0 Seconds
 :: Discovering other repos
$ 5000  `rm -r '/home/pete/wefwefwef/docs/other/8531170548/game-branch-master'  2>&1`
 :: Erldocs finishing up
$ 5000  `rm -r '/home/pete/wefwefwef/docs/other/8531170548/game'  2>&1`
