 :: Extracting meta information
$ 5000  `git ls-remote --heads --tags 'https://github.com/wsl919/star_memcache'  2>&1`
>>> [repo] 1 branches, 0 tags
 :: Writing meta to "/home/pete/wefwefwef/docs/other/1947227549/meta.txt"
 :: Processing https://github.com/wsl919/star_memcache	{rev,branch,"master","d98e500b1f4ec4fbf2b950f66cc0cee556e315d0",undefined,[],[]}
 :: Fetching repo code
$ cd "/home/pete/wefwefwef/docs/other/1947227549/star_memcache-branch-master/star_memcache"
$ infinity  `curl --fail --silent --show-error --location --output 'master.zip' 'https://github.com/wsl919/star_memcache/archive/master.zip'  2>&1`
$ cd "/home/pete/wefwefwef/docs/erldocs_other.git"
$ cd "/home/pete/wefwefwef/docs/other/1947227549/star_memcache-branch-master/star_memcache"
$ 5000  `find -P . -type l -delete  2>&1`
$ cd "/home/pete/wefwefwef/docs/erldocs_other.git"
$ cd "/home/pete/wefwefwef/docs/other/1947227549/star_memcache-branch-master/star_memcache"
$ 5000  `find 'star_memcache-master' -mindepth 1 -maxdepth 1 -exec mv -t . -- {} +  2>&1`
$ cd "/home/pete/wefwefwef/docs/erldocs_other.git"
 :: Getting dependencies
$ cd "/home/pete/wefwefwef/docs/other/1947227549/star_memcache-branch-master/star_memcache"
$ 5000  `ls -1 deps/  2>&1`
$ cd "/home/pete/wefwefwef/docs/erldocs_other.git"
>>> [rebar] deps = []
 :: Generating erldocs into /home/pete/wefwefwef/docs/other/1947227549/repo/master
Building star_memcache
Generating Type Specs - "/home/pete/wefwefwef/docs/other/1947227549/star_memcache-branch-master/star_memcache/src/star_memcache.erl"
Generating Type Specs - "/home/pete/wefwefwef/docs/other/1947227549/star_memcache-branch-master/star_memcache/src/star_memcache_backend.erl"
Generating Type Specs - "/home/pete/wefwefwef/docs/other/1947227549/star_memcache-branch-master/star_memcache/src/star_memcache_conn.erl"
Generating Type Specs - "/home/pete/wefwefwef/docs/other/1947227549/star_memcache-branch-master/star_memcache/src/star_memcache_hash.erl"
Generating Type Specs - "/home/pete/wefwefwef/docs/other/1947227549/star_memcache-branch-master/star_memcache/src/text_protocol.erl"
Generating XML for application star_memcache "/home/pete/wefwefwef/docs/other/1947227549/star_memcache-branch-master/star_memcache" -> "/home/pete/wefwefwef/docs/other/1947227549/repo/master/.xml/star_memcache"
Generated star_memcache XMLs: ["/home/pete/wefwefwef/docs/other/1947227549/repo/master/.xml/star_memcache/star_memcache.xml",
                               "/home/pete/wefwefwef/docs/other/1947227549/repo/master/.xml/star_memcache/star_memcache_hash.xml",
                               "/home/pete/wefwefwef/docs/other/1947227549/repo/master/.xml/star_memcache/text_protocol.xml",
                               "/home/pete/wefwefwef/docs/other/1947227549/repo/master/.xml/star_memcache/star_memcache_conn.xml",
                               "/home/pete/wefwefwef/docs/other/1947227549/repo/master/.xml/star_memcache/star_memcache_backend.xml"]
Generating HTML - star_memcache "/home/pete/wefwefwef/docs/other/1947227549/repo/master/.xml/star_memcache/star_memcache.xml"
Generating HTML - star_memcache_hash "/home/pete/wefwefwef/docs/other/1947227549/repo/master/.xml/star_memcache/star_memcache_hash.xml"
Generating HTML - text_protocol "/home/pete/wefwefwef/docs/other/1947227549/repo/master/.xml/star_memcache/text_protocol.xml"
Generating HTML - star_memcache_backend "/home/pete/wefwefwef/docs/other/1947227549/repo/master/.xml/star_memcache/star_memcache_backend.xml"
Reading XML for "/home/pete/wefwefwef/docs/other/1947227549/repo/master/.xml/star_memcache/star_memcache.xml"
Reading XML for "/home/pete/wefwefwef/docs/other/1947227549/repo/master/.xml/star_memcache/star_memcache_hash.xml"
Reading XML for "/home/pete/wefwefwef/docs/other/1947227549/repo/master/.xml/star_memcache/text_protocol.xml"
Reading XML for "/home/pete/wefwefwef/docs/other/1947227549/repo/master/.xml/star_memcache/star_memcache_backend.xml"
Reading XML for "/home/pete/wefwefwef/docs/other/1947227549/repo/master/.xml/specs_star_memcache.xml"
Reading XML for "/home/pete/wefwefwef/docs/other/1947227549/repo/master/.xml/specs_star_memcache_hash.xml"
Reading XML for "/home/pete/wefwefwef/docs/other/1947227549/repo/master/.xml/specs_text_protocol.xml"
Reading XML for "/home/pete/wefwefwef/docs/other/1947227549/repo/master/.xml/specs_star_memcache_backend.xml"
Generating HTML - star_memcache_conn "/home/pete/wefwefwef/docs/other/1947227549/repo/master/.xml/star_memcache/star_memcache_conn.xml"
Reading XML for "/home/pete/wefwefwef/docs/other/1947227549/repo/master/.xml/star_memcache/star_memcache_conn.xml"
Reading XML for "/home/pete/wefwefwef/docs/other/1947227549/repo/master/.xml/specs_star_memcache_conn.xml"
Creating index.html ...
Creating erldocs_index.js ...
Woot, finished in 0 Minutes 0 Seconds
 :: Discovering other repos
$ 5000  `rm -r '/home/pete/wefwefwef/docs/other/1947227549/star_memcache-branch-master'  2>&1`
 :: Finishing up
$ 5000  `rm -r '/home/pete/wefwefwef/docs/other/1947227549/star_memcache'  2>&1`
