 :: Extracting meta information
$ cd '.'
$ infinity  `git ls-remote --heads --tags https://github.com/inaka/elvis`
>>> [repo] 6 branches, 13 tags
 :: Writing meta to "/home/pete/wefwefwef/docs/other/9a7c9ad0d21f41a5b02cf453e989bca5a2b98eea/meta.txt"
 :: Skipping tag "0.1.1"
 :: Skipping tag "0.2.0"
 :: Skipping tag "0.2.1"
 :: Skipping tag "0.2.2"
 :: Skipping tag "0.2.3"
 :: Skipping tag "0.2.4"
 :: Skipping tag "0.2.5"
 :: Skipping tag "0.2.5-alpha"
 :: Skipping tag "0.2.5-beta"
 :: Skipping tag "0.2.5-beta2"
 :: Skipping tag "0.2.5-beta3"
 :: Skipping tag "0.2.5-beta4"
 :: Skipping tag "0.2.6-alpha1"
 :: Skipping branch "dave.fix_no_new_lines_comments"
 :: Skipping branch "integration"
 :: Skipping branch "jfacorro.15.indentation.format"
 :: Skipping branch "jfacorro.24.function.length"
 :: Skipping branch "revert-189-forgiving_operator_spaces"
 :: Processing https://github.com/inaka/elvis	{rev,branch,"master","3f55a895008315aa04c7a06a3d70b886f935ca80",undefined,[],[]}
 :: Fetching repo code
$ cd '/home/pete/wefwefwef/docs/other/9a7c9ad0d21f41a5b02cf453e989bca5a2b98eea/elvis-branch-master'
$ infinity  `curl --fail --silent --show-error --location --output repo.tar.gz https://codeload.github.com/inaka/elvis/tar.gz/master`
$ cd '/home/pete/wefwefwef/docs/other/9a7c9ad0d21f41a5b02cf453e989bca5a2b98eea/elvis-branch-master/elvis-master'
$ 5000  `find -P . -type l -delete`
$ cd '.'
$ 5000  `mv /home/pete/wefwefwef/docs/other/9a7c9ad0d21f41a5b02cf453e989bca5a2b98eea/elvis-branch-master/elvis-master /home/pete/wefwefwef/docs/other/9a7c9ad0d21f41a5b02cf453e989bca5a2b98eea/elvis-branch-master/elvis`
 :: Getting dependencies
 :: Error running eo_core:
	[{eo_core,sh,
                  ["/home/pete/wefwefwef/docs/other/9a7c9ad0d21f41a5b02cf453e989bca5a2b98eea/elvis-branch-master/elvis",
                   ["rebar","--config",
                    "/home/pete/wefwefwef/docs/other/9a7c9ad0d21f41a5b02cf453e989bca5a2b98eea/elvis-branch-master/rebar_deps",
                    "get-deps"],
                   infinity],
                  []},
         {eo_util,get_deps,2,[{file,"src/eo_util.erl"},{line,123}]},
         {eo_util,rebar_get_deps,1,[{file,"src/eo_util.erl"},{line,88}]},
         {eo_core,get_deps,1,[{file,"src/eo_core.erl"},{line,339}]},
         {eo_core,do,7,[{file,"src/eo_core.erl"},{line,110}]},
         {eo_core,'-main_/1-lc$^0/1-0-',8,
                  [{file,"src/eo_core.erl"},{line,85}]},
         {eo_core,main_,1,[{file,"src/eo_core.erl"},{line,85}]},
         {eo_core,main,1,[{file,"src/eo_core.erl"},{line,56}]}]
{error,undef}
 :: Finishing up
$ cd '.'
$ 5000  `rm -r /home/pete/wefwefwef/docs/other/9a7c9ad0d21f41a5b02cf453e989bca5a2b98eea/elvis`
