 :: Extracting meta information
$ infinity  `git ls-remote --heads --tags 'https://github.com/msantos/alcove'  2>&1`
>>> [repo] 1 branches, 2 tags
 :: Writing meta to "/home/pete/wefwefwef/docs/other/da10e6e599dd6c5933008d4ec145d08b1d39db5e/meta.txt"
 :: Skipping tag "0.6.1"
 :: Skipping tag "erl_interface"
 :: Processing https://github.com/msantos/alcove	{rev,branch,"master","ff45703d381f178993f85fd1c3833bd97d5ec334",undefined,[],[]}
 :: Fetching repo code
$ cd '/home/pete/wefwefwef/docs/other/da10e6e599dd6c5933008d4ec145d08b1d39db5e/alcove-branch-master'
$ infinity  `curl --fail --silent --show-error --location --output repo.tar.gz 'https://codeload.github.com/msantos/alcove/tar.gz/master'  2>&1`
$ cd '/home/pete/wefwefwef/docs/erldocs_other.git'
$ cd '/home/pete/wefwefwef/docs/other/da10e6e599dd6c5933008d4ec145d08b1d39db5e/alcove-branch-master/alcove-master'
$ 5000  `find -P . -type l -delete  2>&1`
$ cd '/home/pete/wefwefwef/docs/erldocs_other.git'
$ 5000  `mv '/home/pete/wefwefwef/docs/other/da10e6e599dd6c5933008d4ec145d08b1d39db5e/alcove-branch-master/alcove-master' '/home/pete/wefwefwef/docs/other/da10e6e599dd6c5933008d4ec145d08b1d39db5e/alcove-branch-master/alcove'  2>&1`
 :: Getting dependencies
$ cd '/home/pete/wefwefwef/docs/other/da10e6e599dd6c5933008d4ec145d08b1d39db5e/alcove-branch-master/alcove'
$ 5000  `ls -1 deps/  2>&1`
$ cd '/home/pete/wefwefwef/docs/erldocs_other.git'
>>> [rebar] deps = []
 :: Generating erldocs into /home/pete/wefwefwef/docs/other/da10e6e599dd6c5933008d4ec145d08b1d39db5e/repo/master
Building alcove
Generating Type Specs - "/home/pete/wefwefwef/docs/other/da10e6e599dd6c5933008d4ec145d08b1d39db5e/alcove-branch-master/alcove/src/alcove_cgroup.erl"
Generating Type Specs - "/home/pete/wefwefwef/docs/other/da10e6e599dd6c5933008d4ec145d08b1d39db5e/alcove-branch-master/alcove/src/alcove_codec.erl"
Generating Type Specs - "/home/pete/wefwefwef/docs/other/da10e6e599dd6c5933008d4ec145d08b1d39db5e/alcove-branch-master/alcove/src/alcove_drv.erl"
Generating Type Specs - "/home/pete/wefwefwef/docs/other/da10e6e599dd6c5933008d4ec145d08b1d39db5e/alcove-branch-master/alcove/src/alcove_ioctl.erl"
Generating Type Specs - "/home/pete/wefwefwef/docs/other/da10e6e599dd6c5933008d4ec145d08b1d39db5e/alcove-branch-master/alcove/src/alcove_seccomp.erl"
Generating XML for application alcove "/home/pete/wefwefwef/docs/other/da10e6e599dd6c5933008d4ec145d08b1d39db5e/alcove-branch-master/alcove" -> "/home/pete/wefwefwef/docs/other/da10e6e599dd6c5933008d4ec145d08b1d39db5e/repo/master/.xml/alcove"
Generated alcove XMLs: ["/home/pete/wefwefwef/docs/other/da10e6e599dd6c5933008d4ec145d08b1d39db5e/repo/master/.xml/alcove/alcove_codec.xml",
                        "/home/pete/wefwefwef/docs/other/da10e6e599dd6c5933008d4ec145d08b1d39db5e/repo/master/.xml/alcove/alcove_drv.xml",
                        "/home/pete/wefwefwef/docs/other/da10e6e599dd6c5933008d4ec145d08b1d39db5e/repo/master/.xml/alcove/alcove_ioctl.xml",
                        "/home/pete/wefwefwef/docs/other/da10e6e599dd6c5933008d4ec145d08b1d39db5e/repo/master/.xml/alcove/alcove_cgroup.xml",
                        "/home/pete/wefwefwef/docs/other/da10e6e599dd6c5933008d4ec145d08b1d39db5e/repo/master/.xml/alcove/alcove_seccomp.xml"]
Generating HTML - alcove_codec "/home/pete/wefwefwef/docs/other/da10e6e599dd6c5933008d4ec145d08b1d39db5e/repo/master/.xml/alcove/alcove_codec.xml"
Generating HTML - alcove_drv "/home/pete/wefwefwef/docs/other/da10e6e599dd6c5933008d4ec145d08b1d39db5e/repo/master/.xml/alcove/alcove_drv.xml"
Generating HTML - alcove_ioctl "/home/pete/wefwefwef/docs/other/da10e6e599dd6c5933008d4ec145d08b1d39db5e/repo/master/.xml/alcove/alcove_ioctl.xml"
Generating HTML - alcove_seccomp "/home/pete/wefwefwef/docs/other/da10e6e599dd6c5933008d4ec145d08b1d39db5e/repo/master/.xml/alcove/alcove_seccomp.xml"
Reading XML for "/home/pete/wefwefwef/docs/other/da10e6e599dd6c5933008d4ec145d08b1d39db5e/repo/master/.xml/alcove/alcove_codec.xml"
Reading XML for "/home/pete/wefwefwef/docs/other/da10e6e599dd6c5933008d4ec145d08b1d39db5e/repo/master/.xml/alcove/alcove_drv.xml"
Reading XML for "/home/pete/wefwefwef/docs/other/da10e6e599dd6c5933008d4ec145d08b1d39db5e/repo/master/.xml/alcove/alcove_ioctl.xml"
Reading XML for "/home/pete/wefwefwef/docs/other/da10e6e599dd6c5933008d4ec145d08b1d39db5e/repo/master/.xml/alcove/alcove_seccomp.xml"
Reading XML for "/home/pete/wefwefwef/docs/other/da10e6e599dd6c5933008d4ec145d08b1d39db5e/repo/master/.xml/specs_alcove_codec.xml"
Reading XML for "/home/pete/wefwefwef/docs/other/da10e6e599dd6c5933008d4ec145d08b1d39db5e/repo/master/.xml/specs_alcove_drv.xml"
Reading XML for "/home/pete/wefwefwef/docs/other/da10e6e599dd6c5933008d4ec145d08b1d39db5e/repo/master/.xml/specs_alcove_ioctl.xml"
Reading XML for "/home/pete/wefwefwef/docs/other/da10e6e599dd6c5933008d4ec145d08b1d39db5e/repo/master/.xml/specs_alcove_seccomp.xml"
Generating HTML - alcove_cgroup "/home/pete/wefwefwef/docs/other/da10e6e599dd6c5933008d4ec145d08b1d39db5e/repo/master/.xml/alcove/alcove_cgroup.xml"
Reading XML for "/home/pete/wefwefwef/docs/other/da10e6e599dd6c5933008d4ec145d08b1d39db5e/repo/master/.xml/alcove/alcove_cgroup.xml"
Reading XML for "/home/pete/wefwefwef/docs/other/da10e6e599dd6c5933008d4ec145d08b1d39db5e/repo/master/.xml/specs_alcove_cgroup.xml"
Creating index.html ...
Creating erldocs_index.js ...
Woot, finished in 0 Minutes 0 Seconds
 :: Discovering other repos
$ 5000  `rm -r '/home/pete/wefwefwef/docs/other/da10e6e599dd6c5933008d4ec145d08b1d39db5e/alcove-branch-master'  2>&1`
 :: Finishing up
$ 5000  `rm -r '/home/pete/wefwefwef/docs/other/da10e6e599dd6c5933008d4ec145d08b1d39db5e/alcove'  2>&1`
