 :: Extracting meta information
$ 5000  `git ls-remote --heads --tags 'https://github.com/tsloughter/providers'  2>&1`
>>> [repo] 4 branches, 5 tags
 :: Writing meta to "/home/pete/wefwefwef/docs/other/5601173887/meta.txt"
 :: Processing https://github.com/tsloughter/providers	{rev,tag,"v1.0.0","fc147b03b83488917202c69dee3d83a64c5fd5fc",undefined,[],[]}
 :: Fetching repo code
$ cd "/home/pete/wefwefwef/docs/other/5601173887/providers-tag-v1.0.0/providers"
$ infinity  `curl --fail --silent --show-error --location --output 'v1.0.0.zip' 'https://github.com/tsloughter/providers/archive/v1.0.0.zip'  2>&1`
$ cd "/home/pete/wefwefwef/docs/erldocs_other.git"
$ cd "/home/pete/wefwefwef/docs/other/5601173887/providers-tag-v1.0.0/providers"
$ 5000  `find -P . -type l -delete  2>&1`
$ cd "/home/pete/wefwefwef/docs/erldocs_other.git"
$ cd "/home/pete/wefwefwef/docs/other/5601173887/providers-tag-v1.0.0/providers"
$ 5000  `find 'providers-1.0.0' -mindepth 1 -maxdepth 1 -exec mv -t . -- {} +  2>&1`
$ cd "/home/pete/wefwefwef/docs/erldocs_other.git"
 :: Getting dependencies
$ cd "/home/pete/wefwefwef/docs/other/5601173887/providers-tag-v1.0.0/providers"
$ infinity  `rebar --config '/home/pete/wefwefwef/docs/other/5601173887/providers-tag-v1.0.0/rebar_deps' get-deps  2>&1`
$ cd "/home/pete/wefwefwef/docs/erldocs_other.git"
$ cd "/home/pete/wefwefwef/docs/other/5601173887/providers-tag-v1.0.0/providers"
$ 5000  `find -P . -type l -delete  2>&1`
$ cd "/home/pete/wefwefwef/docs/erldocs_other.git"
$ cd "/home/pete/wefwefwef/docs/other/5601173887/providers-tag-v1.0.0/providers"
$ 5000  `ls -1 deps/  2>&1`
$ cd "/home/pete/wefwefwef/docs/erldocs_other.git"
>>> [rebar] deps = ["getopt"]
 :: Generating erldocs into /home/pete/wefwefwef/docs/other/5601173887/repo/v1.0.0
Building providers
Generating Type Specs - "/home/pete/wefwefwef/docs/other/5601173887/providers-tag-v1.0.0/providers/src/provider.erl"
Generating Type Specs - "/home/pete/wefwefwef/docs/other/5601173887/providers-tag-v1.0.0/providers/src/providers.erl"
Generating Type Specs - "/home/pete/wefwefwef/docs/other/5601173887/providers-tag-v1.0.0/providers/src/providers_topo.erl"
Generating XML for application providers "/home/pete/wefwefwef/docs/other/5601173887/providers-tag-v1.0.0/providers" -> "/home/pete/wefwefwef/docs/other/5601173887/repo/v1.0.0/.xml/providers"
Generated providers XMLs: ["/home/pete/wefwefwef/docs/other/5601173887/repo/v1.0.0/.xml/providers/provider.xml",
                           "/home/pete/wefwefwef/docs/other/5601173887/repo/v1.0.0/.xml/providers/providers_topo.xml",
                           "/home/pete/wefwefwef/docs/other/5601173887/repo/v1.0.0/.xml/providers/providers.xml"]
Generating HTML - providers "/home/pete/wefwefwef/docs/other/5601173887/repo/v1.0.0/.xml/providers/providers.xml"
Reading XML for "/home/pete/wefwefwef/docs/other/5601173887/repo/v1.0.0/.xml/providers/providers.xml"
Reading XML for "/home/pete/wefwefwef/docs/other/5601173887/repo/v1.0.0/.xml/specs_providers.xml"
Generating HTML - providers_topo "/home/pete/wefwefwef/docs/other/5601173887/repo/v1.0.0/.xml/providers/providers_topo.xml"
Reading XML for "/home/pete/wefwefwef/docs/other/5601173887/repo/v1.0.0/.xml/providers/providers_topo.xml"
Reading XML for "/home/pete/wefwefwef/docs/other/5601173887/repo/v1.0.0/.xml/specs_providers_topo.xml"
Generating HTML - provider "/home/pete/wefwefwef/docs/other/5601173887/repo/v1.0.0/.xml/providers/provider.xml"
Reading XML for "/home/pete/wefwefwef/docs/other/5601173887/repo/v1.0.0/.xml/providers/provider.xml"
Reading XML for "/home/pete/wefwefwef/docs/other/5601173887/repo/v1.0.0/.xml/specs_provider.xml"
Creating index.html ...
Creating erldocs_index.js ...
Woot, finished in 0 Minutes 0 Seconds
 :: Discovering other repos
$ 5000  `rm -r '/home/pete/wefwefwef/docs/other/5601173887/providers-tag-v1.0.0'  2>&1`
 :: Processing https://github.com/tsloughter/providers	{rev,tag,"v1.1.0","e7e41e106e5d14012ea760ac7f58e3eb1457fe48",undefined,[],[]}
 :: Fetching repo code
$ cd "/home/pete/wefwefwef/docs/other/5601173887/providers-tag-v1.1.0/providers"
$ infinity  `curl --fail --silent --show-error --location --output 'v1.1.0.zip' 'https://github.com/tsloughter/providers/archive/v1.1.0.zip'  2>&1`
$ cd "/home/pete/wefwefwef/docs/erldocs_other.git"
$ cd "/home/pete/wefwefwef/docs/other/5601173887/providers-tag-v1.1.0/providers"
$ 5000  `find -P . -type l -delete  2>&1`
$ cd "/home/pete/wefwefwef/docs/erldocs_other.git"
$ cd "/home/pete/wefwefwef/docs/other/5601173887/providers-tag-v1.1.0/providers"
$ 5000  `find 'providers-1.1.0' -mindepth 1 -maxdepth 1 -exec mv -t . -- {} +  2>&1`
$ cd "/home/pete/wefwefwef/docs/erldocs_other.git"
 :: Getting dependencies
$ cd "/home/pete/wefwefwef/docs/other/5601173887/providers-tag-v1.1.0/providers"
$ infinity  `rebar --config '/home/pete/wefwefwef/docs/other/5601173887/providers-tag-v1.1.0/rebar_deps' get-deps  2>&1`
$ cd "/home/pete/wefwefwef/docs/erldocs_other.git"
$ cd "/home/pete/wefwefwef/docs/other/5601173887/providers-tag-v1.1.0/providers"
$ 5000  `find -P . -type l -delete  2>&1`
$ cd "/home/pete/wefwefwef/docs/erldocs_other.git"
$ cd "/home/pete/wefwefwef/docs/other/5601173887/providers-tag-v1.1.0/providers"
$ 5000  `ls -1 deps/  2>&1`
$ cd "/home/pete/wefwefwef/docs/erldocs_other.git"
>>> [rebar] deps = ["getopt"]
 :: Generating erldocs into /home/pete/wefwefwef/docs/other/5601173887/repo/v1.1.0
Building providers
Generating Type Specs - "/home/pete/wefwefwef/docs/other/5601173887/providers-tag-v1.1.0/providers/src/provider.erl"
Generating Type Specs - "/home/pete/wefwefwef/docs/other/5601173887/providers-tag-v1.1.0/providers/src/providers.erl"
Generating Type Specs - "/home/pete/wefwefwef/docs/other/5601173887/providers-tag-v1.1.0/providers/src/providers_topo.erl"
Generating XML for application providers "/home/pete/wefwefwef/docs/other/5601173887/providers-tag-v1.1.0/providers" -> "/home/pete/wefwefwef/docs/other/5601173887/repo/v1.1.0/.xml/providers"
Generated providers XMLs: ["/home/pete/wefwefwef/docs/other/5601173887/repo/v1.1.0/.xml/providers/provider.xml",
                           "/home/pete/wefwefwef/docs/other/5601173887/repo/v1.1.0/.xml/providers/providers_topo.xml",
                           "/home/pete/wefwefwef/docs/other/5601173887/repo/v1.1.0/.xml/providers/providers.xml"]
Generating HTML - providers "/home/pete/wefwefwef/docs/other/5601173887/repo/v1.1.0/.xml/providers/providers.xml"
Reading XML for "/home/pete/wefwefwef/docs/other/5601173887/repo/v1.1.0/.xml/providers/providers.xml"
Reading XML for "/home/pete/wefwefwef/docs/other/5601173887/repo/v1.1.0/.xml/specs_providers.xml"
Generating HTML - providers_topo "/home/pete/wefwefwef/docs/other/5601173887/repo/v1.1.0/.xml/providers/providers_topo.xml"
Reading XML for "/home/pete/wefwefwef/docs/other/5601173887/repo/v1.1.0/.xml/providers/providers_topo.xml"
Reading XML for "/home/pete/wefwefwef/docs/other/5601173887/repo/v1.1.0/.xml/specs_providers_topo.xml"
Generating HTML - provider "/home/pete/wefwefwef/docs/other/5601173887/repo/v1.1.0/.xml/providers/provider.xml"
Reading XML for "/home/pete/wefwefwef/docs/other/5601173887/repo/v1.1.0/.xml/providers/provider.xml"
Reading XML for "/home/pete/wefwefwef/docs/other/5601173887/repo/v1.1.0/.xml/specs_provider.xml"
Creating index.html ...
Creating erldocs_index.js ...
Woot, finished in 0 Minutes 0 Seconds
 :: Discovering other repos
$ 5000  `rm -r '/home/pete/wefwefwef/docs/other/5601173887/providers-tag-v1.1.0'  2>&1`
 :: Processing https://github.com/tsloughter/providers	{rev,tag,"v1.2.0","f06c616dd680f787fd344c5e84d1b28b5dc6568c",undefined,[],[]}
 :: Fetching repo code
$ cd "/home/pete/wefwefwef/docs/other/5601173887/providers-tag-v1.2.0/providers"
$ infinity  `curl --fail --silent --show-error --location --output 'v1.2.0.zip' 'https://github.com/tsloughter/providers/archive/v1.2.0.zip'  2>&1`
$ cd "/home/pete/wefwefwef/docs/erldocs_other.git"
$ cd "/home/pete/wefwefwef/docs/other/5601173887/providers-tag-v1.2.0/providers"
$ 5000  `find -P . -type l -delete  2>&1`
$ cd "/home/pete/wefwefwef/docs/erldocs_other.git"
$ cd "/home/pete/wefwefwef/docs/other/5601173887/providers-tag-v1.2.0/providers"
$ 5000  `find 'providers-1.2.0' -mindepth 1 -maxdepth 1 -exec mv -t . -- {} +  2>&1`
$ cd "/home/pete/wefwefwef/docs/erldocs_other.git"
 :: Getting dependencies
$ cd "/home/pete/wefwefwef/docs/other/5601173887/providers-tag-v1.2.0/providers"
$ infinity  `rebar --config '/home/pete/wefwefwef/docs/other/5601173887/providers-tag-v1.2.0/rebar_deps' get-deps  2>&1`
$ cd "/home/pete/wefwefwef/docs/erldocs_other.git"
$ cd "/home/pete/wefwefwef/docs/other/5601173887/providers-tag-v1.2.0/providers"
$ 5000  `find -P . -type l -delete  2>&1`
$ cd "/home/pete/wefwefwef/docs/erldocs_other.git"
$ cd "/home/pete/wefwefwef/docs/other/5601173887/providers-tag-v1.2.0/providers"
$ 5000  `ls -1 deps/  2>&1`
$ cd "/home/pete/wefwefwef/docs/erldocs_other.git"
>>> [rebar] deps = ["getopt"]
 :: Generating erldocs into /home/pete/wefwefwef/docs/other/5601173887/repo/v1.2.0
Building providers
Generating Type Specs - "/home/pete/wefwefwef/docs/other/5601173887/providers-tag-v1.2.0/providers/src/provider.erl"
Generating Type Specs - "/home/pete/wefwefwef/docs/other/5601173887/providers-tag-v1.2.0/providers/src/providers.erl"
Generating Type Specs - "/home/pete/wefwefwef/docs/other/5601173887/providers-tag-v1.2.0/providers/src/providers_topo.erl"
Generating XML for application providers "/home/pete/wefwefwef/docs/other/5601173887/providers-tag-v1.2.0/providers" -> "/home/pete/wefwefwef/docs/other/5601173887/repo/v1.2.0/.xml/providers"
Generated providers XMLs: ["/home/pete/wefwefwef/docs/other/5601173887/repo/v1.2.0/.xml/providers/provider.xml",
                           "/home/pete/wefwefwef/docs/other/5601173887/repo/v1.2.0/.xml/providers/providers_topo.xml",
                           "/home/pete/wefwefwef/docs/other/5601173887/repo/v1.2.0/.xml/providers/providers.xml"]
Generating HTML - providers "/home/pete/wefwefwef/docs/other/5601173887/repo/v1.2.0/.xml/providers/providers.xml"
Reading XML for "/home/pete/wefwefwef/docs/other/5601173887/repo/v1.2.0/.xml/providers/providers.xml"
Reading XML for "/home/pete/wefwefwef/docs/other/5601173887/repo/v1.2.0/.xml/specs_providers.xml"
Generating HTML - providers_topo "/home/pete/wefwefwef/docs/other/5601173887/repo/v1.2.0/.xml/providers/providers_topo.xml"
Reading XML for "/home/pete/wefwefwef/docs/other/5601173887/repo/v1.2.0/.xml/providers/providers_topo.xml"
Reading XML for "/home/pete/wefwefwef/docs/other/5601173887/repo/v1.2.0/.xml/specs_providers_topo.xml"
Generating HTML - provider "/home/pete/wefwefwef/docs/other/5601173887/repo/v1.2.0/.xml/providers/provider.xml"
Reading XML for "/home/pete/wefwefwef/docs/other/5601173887/repo/v1.2.0/.xml/providers/provider.xml"
Reading XML for "/home/pete/wefwefwef/docs/other/5601173887/repo/v1.2.0/.xml/specs_provider.xml"
Creating index.html ...
Creating erldocs_index.js ...
Woot, finished in 0 Minutes 0 Seconds
 :: Discovering other repos
$ 5000  `rm -r '/home/pete/wefwefwef/docs/other/5601173887/providers-tag-v1.2.0'  2>&1`
 :: Processing https://github.com/tsloughter/providers	{rev,tag,"v1.3.0","d565693cbbca3457df34d95c53c47e1faa8cde6c",undefined,[],[]}
 :: Fetching repo code
$ cd "/home/pete/wefwefwef/docs/other/5601173887/providers-tag-v1.3.0/providers"
$ infinity  `curl --fail --silent --show-error --location --output 'v1.3.0.zip' 'https://github.com/tsloughter/providers/archive/v1.3.0.zip'  2>&1`
$ cd "/home/pete/wefwefwef/docs/erldocs_other.git"
$ cd "/home/pete/wefwefwef/docs/other/5601173887/providers-tag-v1.3.0/providers"
$ 5000  `find -P . -type l -delete  2>&1`
$ cd "/home/pete/wefwefwef/docs/erldocs_other.git"
$ cd "/home/pete/wefwefwef/docs/other/5601173887/providers-tag-v1.3.0/providers"
$ 5000  `find 'providers-1.3.0' -mindepth 1 -maxdepth 1 -exec mv -t . -- {} +  2>&1`
$ cd "/home/pete/wefwefwef/docs/erldocs_other.git"
 :: Getting dependencies
$ cd "/home/pete/wefwefwef/docs/other/5601173887/providers-tag-v1.3.0/providers"
$ infinity  `rebar --config '/home/pete/wefwefwef/docs/other/5601173887/providers-tag-v1.3.0/rebar_deps' get-deps  2>&1`
$ cd "/home/pete/wefwefwef/docs/erldocs_other.git"
$ cd "/home/pete/wefwefwef/docs/other/5601173887/providers-tag-v1.3.0/providers"
$ 5000  `find -P . -type l -delete  2>&1`
$ cd "/home/pete/wefwefwef/docs/erldocs_other.git"
$ cd "/home/pete/wefwefwef/docs/other/5601173887/providers-tag-v1.3.0/providers"
$ 5000  `ls -1 deps/  2>&1`
$ cd "/home/pete/wefwefwef/docs/erldocs_other.git"
>>> [rebar] deps = ["getopt"]
 :: Generating erldocs into /home/pete/wefwefwef/docs/other/5601173887/repo/v1.3.0
Building providers
Generating Type Specs - "/home/pete/wefwefwef/docs/other/5601173887/providers-tag-v1.3.0/providers/src/provider.erl"
Generating Type Specs - "/home/pete/wefwefwef/docs/other/5601173887/providers-tag-v1.3.0/providers/src/providers.erl"
Generating Type Specs - "/home/pete/wefwefwef/docs/other/5601173887/providers-tag-v1.3.0/providers/src/providers_topo.erl"
Generating XML for application providers "/home/pete/wefwefwef/docs/other/5601173887/providers-tag-v1.3.0/providers" -> "/home/pete/wefwefwef/docs/other/5601173887/repo/v1.3.0/.xml/providers"
Generated providers XMLs: ["/home/pete/wefwefwef/docs/other/5601173887/repo/v1.3.0/.xml/providers/provider.xml",
                           "/home/pete/wefwefwef/docs/other/5601173887/repo/v1.3.0/.xml/providers/providers_topo.xml",
                           "/home/pete/wefwefwef/docs/other/5601173887/repo/v1.3.0/.xml/providers/providers.xml"]
Generating HTML - providers "/home/pete/wefwefwef/docs/other/5601173887/repo/v1.3.0/.xml/providers/providers.xml"
Reading XML for "/home/pete/wefwefwef/docs/other/5601173887/repo/v1.3.0/.xml/providers/providers.xml"
Reading XML for "/home/pete/wefwefwef/docs/other/5601173887/repo/v1.3.0/.xml/specs_providers.xml"
Generating HTML - providers_topo "/home/pete/wefwefwef/docs/other/5601173887/repo/v1.3.0/.xml/providers/providers_topo.xml"
Reading XML for "/home/pete/wefwefwef/docs/other/5601173887/repo/v1.3.0/.xml/providers/providers_topo.xml"
Reading XML for "/home/pete/wefwefwef/docs/other/5601173887/repo/v1.3.0/.xml/specs_providers_topo.xml"
Generating HTML - provider "/home/pete/wefwefwef/docs/other/5601173887/repo/v1.3.0/.xml/providers/provider.xml"
Reading XML for "/home/pete/wefwefwef/docs/other/5601173887/repo/v1.3.0/.xml/providers/provider.xml"
Reading XML for "/home/pete/wefwefwef/docs/other/5601173887/repo/v1.3.0/.xml/specs_provider.xml"
Creating index.html ...
Creating erldocs_index.js ...
Woot, finished in 0 Minutes 0 Seconds
 :: Discovering other repos
$ 5000  `rm -r '/home/pete/wefwefwef/docs/other/5601173887/providers-tag-v1.3.0'  2>&1`
 :: Processing https://github.com/tsloughter/providers	{rev,tag,"v1.3.1","7563ba7e916d5a35972b25b3aa1945ffe0a8e7a5",undefined,[],[]}
 :: Fetching repo code
$ cd "/home/pete/wefwefwef/docs/other/5601173887/providers-tag-v1.3.1/providers"
$ infinity  `curl --fail --silent --show-error --location --output 'v1.3.1.zip' 'https://github.com/tsloughter/providers/archive/v1.3.1.zip'  2>&1`
$ cd "/home/pete/wefwefwef/docs/erldocs_other.git"
$ cd "/home/pete/wefwefwef/docs/other/5601173887/providers-tag-v1.3.1/providers"
$ 5000  `find -P . -type l -delete  2>&1`
$ cd "/home/pete/wefwefwef/docs/erldocs_other.git"
$ cd "/home/pete/wefwefwef/docs/other/5601173887/providers-tag-v1.3.1/providers"
$ 5000  `find 'providers-1.3.1' -mindepth 1 -maxdepth 1 -exec mv -t . -- {} +  2>&1`
$ cd "/home/pete/wefwefwef/docs/erldocs_other.git"
 :: Getting dependencies
$ cd "/home/pete/wefwefwef/docs/other/5601173887/providers-tag-v1.3.1/providers"
$ infinity  `rebar --config '/home/pete/wefwefwef/docs/other/5601173887/providers-tag-v1.3.1/rebar_deps' get-deps  2>&1`
$ cd "/home/pete/wefwefwef/docs/erldocs_other.git"
$ cd "/home/pete/wefwefwef/docs/other/5601173887/providers-tag-v1.3.1/providers"
$ 5000  `find -P . -type l -delete  2>&1`
$ cd "/home/pete/wefwefwef/docs/erldocs_other.git"
$ cd "/home/pete/wefwefwef/docs/other/5601173887/providers-tag-v1.3.1/providers"
$ 5000  `ls -1 deps/  2>&1`
$ cd "/home/pete/wefwefwef/docs/erldocs_other.git"
>>> [rebar] deps = ["getopt"]
 :: Generating erldocs into /home/pete/wefwefwef/docs/other/5601173887/repo/v1.3.1
Building providers
Generating Type Specs - "/home/pete/wefwefwef/docs/other/5601173887/providers-tag-v1.3.1/providers/src/provider.erl"
Generating Type Specs - "/home/pete/wefwefwef/docs/other/5601173887/providers-tag-v1.3.1/providers/src/providers.erl"
Generating Type Specs - "/home/pete/wefwefwef/docs/other/5601173887/providers-tag-v1.3.1/providers/src/providers_topo.erl"
Generating XML for application providers "/home/pete/wefwefwef/docs/other/5601173887/providers-tag-v1.3.1/providers" -> "/home/pete/wefwefwef/docs/other/5601173887/repo/v1.3.1/.xml/providers"
Generated providers XMLs: ["/home/pete/wefwefwef/docs/other/5601173887/repo/v1.3.1/.xml/providers/provider.xml",
                           "/home/pete/wefwefwef/docs/other/5601173887/repo/v1.3.1/.xml/providers/providers_topo.xml",
                           "/home/pete/wefwefwef/docs/other/5601173887/repo/v1.3.1/.xml/providers/providers.xml"]
Generating HTML - providers "/home/pete/wefwefwef/docs/other/5601173887/repo/v1.3.1/.xml/providers/providers.xml"
Reading XML for "/home/pete/wefwefwef/docs/other/5601173887/repo/v1.3.1/.xml/providers/providers.xml"
Reading XML for "/home/pete/wefwefwef/docs/other/5601173887/repo/v1.3.1/.xml/specs_providers.xml"
Generating HTML - providers_topo "/home/pete/wefwefwef/docs/other/5601173887/repo/v1.3.1/.xml/providers/providers_topo.xml"
Reading XML for "/home/pete/wefwefwef/docs/other/5601173887/repo/v1.3.1/.xml/providers/providers_topo.xml"
Reading XML for "/home/pete/wefwefwef/docs/other/5601173887/repo/v1.3.1/.xml/specs_providers_topo.xml"
Generating HTML - provider "/home/pete/wefwefwef/docs/other/5601173887/repo/v1.3.1/.xml/providers/provider.xml"
Reading XML for "/home/pete/wefwefwef/docs/other/5601173887/repo/v1.3.1/.xml/providers/provider.xml"
Reading XML for "/home/pete/wefwefwef/docs/other/5601173887/repo/v1.3.1/.xml/specs_provider.xml"
Creating index.html ...
Creating erldocs_index.js ...
Woot, finished in 0 Minutes 0 Seconds
 :: Discovering other repos
$ 5000  `rm -r '/home/pete/wefwefwef/docs/other/5601173887/providers-tag-v1.3.1'  2>&1`
 :: Processing https://github.com/tsloughter/providers	{rev,branch,"format_error1","fa76cc6d4f00503a6cd6a59f245c42f0c088e1fd",undefined,[],[]}
 :: Fetching repo code
$ cd "/home/pete/wefwefwef/docs/other/5601173887/providers-branch-format_error1/providers"
$ infinity  `curl --fail --silent --show-error --location --output 'format_error1.zip' 'https://github.com/tsloughter/providers/archive/format_error1.zip'  2>&1`
$ cd "/home/pete/wefwefwef/docs/erldocs_other.git"
$ cd "/home/pete/wefwefwef/docs/other/5601173887/providers-branch-format_error1/providers"
$ 5000  `find -P . -type l -delete  2>&1`
$ cd "/home/pete/wefwefwef/docs/erldocs_other.git"
$ cd "/home/pete/wefwefwef/docs/other/5601173887/providers-branch-format_error1/providers"
$ 5000  `find 'providers-format_error1' -mindepth 1 -maxdepth 1 -exec mv -t . -- {} +  2>&1`
$ cd "/home/pete/wefwefwef/docs/erldocs_other.git"
 :: Getting dependencies
$ cd "/home/pete/wefwefwef/docs/other/5601173887/providers-branch-format_error1/providers"
$ infinity  `rebar --config '/home/pete/wefwefwef/docs/other/5601173887/providers-branch-format_error1/rebar_deps' get-deps  2>&1`
$ cd "/home/pete/wefwefwef/docs/erldocs_other.git"
$ cd "/home/pete/wefwefwef/docs/other/5601173887/providers-branch-format_error1/providers"
$ 5000  `find -P . -type l -delete  2>&1`
$ cd "/home/pete/wefwefwef/docs/erldocs_other.git"
$ cd "/home/pete/wefwefwef/docs/other/5601173887/providers-branch-format_error1/providers"
$ 5000  `ls -1 deps/  2>&1`
$ cd "/home/pete/wefwefwef/docs/erldocs_other.git"
>>> [rebar] deps = ["getopt"]
 :: Generating erldocs into /home/pete/wefwefwef/docs/other/5601173887/repo/format_error1
Building providers
Generating Type Specs - "/home/pete/wefwefwef/docs/other/5601173887/providers-branch-format_error1/providers/src/provider.erl"
Generating Type Specs - "/home/pete/wefwefwef/docs/other/5601173887/providers-branch-format_error1/providers/src/providers.erl"
Generating Type Specs - "/home/pete/wefwefwef/docs/other/5601173887/providers-branch-format_error1/providers/src/providers_topo.erl"
Generating XML for application providers "/home/pete/wefwefwef/docs/other/5601173887/providers-branch-format_error1/providers" -> "/home/pete/wefwefwef/docs/other/5601173887/repo/format_error1/.xml/providers"
Generated providers XMLs: ["/home/pete/wefwefwef/docs/other/5601173887/repo/format_error1/.xml/providers/provider.xml",
                           "/home/pete/wefwefwef/docs/other/5601173887/repo/format_error1/.xml/providers/providers_topo.xml",
                           "/home/pete/wefwefwef/docs/other/5601173887/repo/format_error1/.xml/providers/providers.xml"]
Generating HTML - providers "/home/pete/wefwefwef/docs/other/5601173887/repo/format_error1/.xml/providers/providers.xml"
Reading XML for "/home/pete/wefwefwef/docs/other/5601173887/repo/format_error1/.xml/providers/providers.xml"
Reading XML for "/home/pete/wefwefwef/docs/other/5601173887/repo/format_error1/.xml/specs_providers.xml"
Generating HTML - providers_topo "/home/pete/wefwefwef/docs/other/5601173887/repo/format_error1/.xml/providers/providers_topo.xml"
Reading XML for "/home/pete/wefwefwef/docs/other/5601173887/repo/format_error1/.xml/providers/providers_topo.xml"
Reading XML for "/home/pete/wefwefwef/docs/other/5601173887/repo/format_error1/.xml/specs_providers_topo.xml"
Generating HTML - provider "/home/pete/wefwefwef/docs/other/5601173887/repo/format_error1/.xml/providers/provider.xml"
Reading XML for "/home/pete/wefwefwef/docs/other/5601173887/repo/format_error1/.xml/providers/provider.xml"
Reading XML for "/home/pete/wefwefwef/docs/other/5601173887/repo/format_error1/.xml/specs_provider.xml"
Creating index.html ...
Creating erldocs_index.js ...
Woot, finished in 0 Minutes 0 Seconds
 :: Discovering other repos
$ 5000  `rm -r '/home/pete/wefwefwef/docs/other/5601173887/providers-branch-format_error1'  2>&1`
 :: Processing https://github.com/tsloughter/providers	{rev,branch,"hooks","f8679b571fae557b929ecc2ca60dfd2f248d18f0",undefined,[],[]}
 :: Fetching repo code
$ cd "/home/pete/wefwefwef/docs/other/5601173887/providers-branch-hooks/providers"
$ infinity  `curl --fail --silent --show-error --location --output 'hooks.zip' 'https://github.com/tsloughter/providers/archive/hooks.zip'  2>&1`
$ cd "/home/pete/wefwefwef/docs/erldocs_other.git"
$ cd "/home/pete/wefwefwef/docs/other/5601173887/providers-branch-hooks/providers"
$ 5000  `find -P . -type l -delete  2>&1`
$ cd "/home/pete/wefwefwef/docs/erldocs_other.git"
$ cd "/home/pete/wefwefwef/docs/other/5601173887/providers-branch-hooks/providers"
$ 5000  `find 'providers-hooks' -mindepth 1 -maxdepth 1 -exec mv -t . -- {} +  2>&1`
$ cd "/home/pete/wefwefwef/docs/erldocs_other.git"
 :: Getting dependencies
$ cd "/home/pete/wefwefwef/docs/other/5601173887/providers-branch-hooks/providers"
$ infinity  `rebar --config '/home/pete/wefwefwef/docs/other/5601173887/providers-branch-hooks/rebar_deps' get-deps  2>&1`
$ cd "/home/pete/wefwefwef/docs/erldocs_other.git"
$ cd "/home/pete/wefwefwef/docs/other/5601173887/providers-branch-hooks/providers"
$ 5000  `find -P . -type l -delete  2>&1`
$ cd "/home/pete/wefwefwef/docs/erldocs_other.git"
$ cd "/home/pete/wefwefwef/docs/other/5601173887/providers-branch-hooks/providers"
$ 5000  `ls -1 deps/  2>&1`
$ cd "/home/pete/wefwefwef/docs/erldocs_other.git"
>>> [rebar] deps = ["getopt"]
 :: Generating erldocs into /home/pete/wefwefwef/docs/other/5601173887/repo/hooks
Building providers
Generating Type Specs - "/home/pete/wefwefwef/docs/other/5601173887/providers-branch-hooks/providers/src/provider.erl"
Generating Type Specs - "/home/pete/wefwefwef/docs/other/5601173887/providers-branch-hooks/providers/src/providers.erl"
Generating Type Specs - "/home/pete/wefwefwef/docs/other/5601173887/providers-branch-hooks/providers/src/providers_topo.erl"
Generating XML for application providers "/home/pete/wefwefwef/docs/other/5601173887/providers-branch-hooks/providers" -> "/home/pete/wefwefwef/docs/other/5601173887/repo/hooks/.xml/providers"
Generated providers XMLs: ["/home/pete/wefwefwef/docs/other/5601173887/repo/hooks/.xml/providers/provider.xml",
                           "/home/pete/wefwefwef/docs/other/5601173887/repo/hooks/.xml/providers/providers_topo.xml",
                           "/home/pete/wefwefwef/docs/other/5601173887/repo/hooks/.xml/providers/providers.xml"]
Generating HTML - providers "/home/pete/wefwefwef/docs/other/5601173887/repo/hooks/.xml/providers/providers.xml"
Reading XML for "/home/pete/wefwefwef/docs/other/5601173887/repo/hooks/.xml/providers/providers.xml"
Reading XML for "/home/pete/wefwefwef/docs/other/5601173887/repo/hooks/.xml/specs_providers.xml"
Generating HTML - providers_topo "/home/pete/wefwefwef/docs/other/5601173887/repo/hooks/.xml/providers/providers_topo.xml"
Reading XML for "/home/pete/wefwefwef/docs/other/5601173887/repo/hooks/.xml/providers/providers_topo.xml"
Reading XML for "/home/pete/wefwefwef/docs/other/5601173887/repo/hooks/.xml/specs_providers_topo.xml"
Generating HTML - provider "/home/pete/wefwefwef/docs/other/5601173887/repo/hooks/.xml/providers/provider.xml"
Reading XML for "/home/pete/wefwefwef/docs/other/5601173887/repo/hooks/.xml/providers/provider.xml"
Reading XML for "/home/pete/wefwefwef/docs/other/5601173887/repo/hooks/.xml/specs_provider.xml"
Creating index.html ...
Creating erldocs_index.js ...
Woot, finished in 0 Minutes 0 Seconds
 :: Discovering other repos
$ 5000  `rm -r '/home/pete/wefwefwef/docs/other/5601173887/providers-branch-hooks'  2>&1`
 :: Processing https://github.com/tsloughter/providers	{rev,branch,"master","7563ba7e916d5a35972b25b3aa1945ffe0a8e7a5",undefined,[],[]}
 :: Fetching repo code
$ cd "/home/pete/wefwefwef/docs/other/5601173887/providers-branch-master/providers"
$ infinity  `curl --fail --silent --show-error --location --output 'master.zip' 'https://github.com/tsloughter/providers/archive/master.zip'  2>&1`
$ cd "/home/pete/wefwefwef/docs/erldocs_other.git"
$ cd "/home/pete/wefwefwef/docs/other/5601173887/providers-branch-master/providers"
$ 5000  `find -P . -type l -delete  2>&1`
$ cd "/home/pete/wefwefwef/docs/erldocs_other.git"
$ cd "/home/pete/wefwefwef/docs/other/5601173887/providers-branch-master/providers"
$ 5000  `find 'providers-master' -mindepth 1 -maxdepth 1 -exec mv -t . -- {} +  2>&1`
$ cd "/home/pete/wefwefwef/docs/erldocs_other.git"
 :: Getting dependencies
$ cd "/home/pete/wefwefwef/docs/other/5601173887/providers-branch-master/providers"
$ infinity  `rebar --config '/home/pete/wefwefwef/docs/other/5601173887/providers-branch-master/rebar_deps' get-deps  2>&1`
$ cd "/home/pete/wefwefwef/docs/erldocs_other.git"
$ cd "/home/pete/wefwefwef/docs/other/5601173887/providers-branch-master/providers"
$ 5000  `find -P . -type l -delete  2>&1`
$ cd "/home/pete/wefwefwef/docs/erldocs_other.git"
$ cd "/home/pete/wefwefwef/docs/other/5601173887/providers-branch-master/providers"
$ 5000  `ls -1 deps/  2>&1`
$ cd "/home/pete/wefwefwef/docs/erldocs_other.git"
>>> [rebar] deps = ["getopt"]
 :: Generating erldocs into /home/pete/wefwefwef/docs/other/5601173887/repo/master
Building providers
Generating Type Specs - "/home/pete/wefwefwef/docs/other/5601173887/providers-branch-master/providers/src/provider.erl"
Generating Type Specs - "/home/pete/wefwefwef/docs/other/5601173887/providers-branch-master/providers/src/providers.erl"
Generating Type Specs - "/home/pete/wefwefwef/docs/other/5601173887/providers-branch-master/providers/src/providers_topo.erl"
Generating XML for application providers "/home/pete/wefwefwef/docs/other/5601173887/providers-branch-master/providers" -> "/home/pete/wefwefwef/docs/other/5601173887/repo/master/.xml/providers"
Generated providers XMLs: ["/home/pete/wefwefwef/docs/other/5601173887/repo/master/.xml/providers/provider.xml",
                           "/home/pete/wefwefwef/docs/other/5601173887/repo/master/.xml/providers/providers_topo.xml",
                           "/home/pete/wefwefwef/docs/other/5601173887/repo/master/.xml/providers/providers.xml"]
Generating HTML - providers "/home/pete/wefwefwef/docs/other/5601173887/repo/master/.xml/providers/providers.xml"
Reading XML for "/home/pete/wefwefwef/docs/other/5601173887/repo/master/.xml/providers/providers.xml"
Reading XML for "/home/pete/wefwefwef/docs/other/5601173887/repo/master/.xml/specs_providers.xml"
Generating HTML - providers_topo "/home/pete/wefwefwef/docs/other/5601173887/repo/master/.xml/providers/providers_topo.xml"
Reading XML for "/home/pete/wefwefwef/docs/other/5601173887/repo/master/.xml/providers/providers_topo.xml"
Reading XML for "/home/pete/wefwefwef/docs/other/5601173887/repo/master/.xml/specs_providers_topo.xml"
Generating HTML - provider "/home/pete/wefwefwef/docs/other/5601173887/repo/master/.xml/providers/provider.xml"
Reading XML for "/home/pete/wefwefwef/docs/other/5601173887/repo/master/.xml/providers/provider.xml"
Reading XML for "/home/pete/wefwefwef/docs/other/5601173887/repo/master/.xml/specs_provider.xml"
Creating index.html ...
Creating erldocs_index.js ...
Woot, finished in 0 Minutes 0 Seconds
 :: Discovering other repos
$ 5000  `rm -r '/home/pete/wefwefwef/docs/other/5601173887/providers-branch-master'  2>&1`
 :: Processing https://github.com/tsloughter/providers	{rev,branch,"profiles","1210940d7395d8cfc13b56306808b0c886ba5446",undefined,[],[]}
 :: Fetching repo code
$ cd "/home/pete/wefwefwef/docs/other/5601173887/providers-branch-profiles/providers"
$ infinity  `curl --fail --silent --show-error --location --output 'profiles.zip' 'https://github.com/tsloughter/providers/archive/profiles.zip'  2>&1`
$ cd "/home/pete/wefwefwef/docs/erldocs_other.git"
$ cd "/home/pete/wefwefwef/docs/other/5601173887/providers-branch-profiles/providers"
$ 5000  `find -P . -type l -delete  2>&1`
$ cd "/home/pete/wefwefwef/docs/erldocs_other.git"
$ cd "/home/pete/wefwefwef/docs/other/5601173887/providers-branch-profiles/providers"
$ 5000  `find 'providers-profiles' -mindepth 1 -maxdepth 1 -exec mv -t . -- {} +  2>&1`
$ cd "/home/pete/wefwefwef/docs/erldocs_other.git"
 :: Getting dependencies
$ cd "/home/pete/wefwefwef/docs/other/5601173887/providers-branch-profiles/providers"
$ infinity  `rebar --config '/home/pete/wefwefwef/docs/other/5601173887/providers-branch-profiles/rebar_deps' get-deps  2>&1`
$ cd "/home/pete/wefwefwef/docs/erldocs_other.git"
$ cd "/home/pete/wefwefwef/docs/other/5601173887/providers-branch-profiles/providers"
$ 5000  `find -P . -type l -delete  2>&1`
$ cd "/home/pete/wefwefwef/docs/erldocs_other.git"
$ cd "/home/pete/wefwefwef/docs/other/5601173887/providers-branch-profiles/providers"
$ 5000  `ls -1 deps/  2>&1`
$ cd "/home/pete/wefwefwef/docs/erldocs_other.git"
>>> [rebar] deps = ["getopt"]
 :: Generating erldocs into /home/pete/wefwefwef/docs/other/5601173887/repo/profiles
Building providers
Generating Type Specs - "/home/pete/wefwefwef/docs/other/5601173887/providers-branch-profiles/providers/src/provider.erl"
Generating Type Specs - "/home/pete/wefwefwef/docs/other/5601173887/providers-branch-profiles/providers/src/providers.erl"
Generating Type Specs - "/home/pete/wefwefwef/docs/other/5601173887/providers-branch-profiles/providers/src/providers_topo.erl"
Generating XML for application providers "/home/pete/wefwefwef/docs/other/5601173887/providers-branch-profiles/providers" -> "/home/pete/wefwefwef/docs/other/5601173887/repo/profiles/.xml/providers"
Generated providers XMLs: ["/home/pete/wefwefwef/docs/other/5601173887/repo/profiles/.xml/providers/provider.xml",
                           "/home/pete/wefwefwef/docs/other/5601173887/repo/profiles/.xml/providers/providers_topo.xml",
                           "/home/pete/wefwefwef/docs/other/5601173887/repo/profiles/.xml/providers/providers.xml"]
Generating HTML - providers "/home/pete/wefwefwef/docs/other/5601173887/repo/profiles/.xml/providers/providers.xml"
Reading XML for "/home/pete/wefwefwef/docs/other/5601173887/repo/profiles/.xml/providers/providers.xml"
Reading XML for "/home/pete/wefwefwef/docs/other/5601173887/repo/profiles/.xml/specs_providers.xml"
Generating HTML - providers_topo "/home/pete/wefwefwef/docs/other/5601173887/repo/profiles/.xml/providers/providers_topo.xml"
Reading XML for "/home/pete/wefwefwef/docs/other/5601173887/repo/profiles/.xml/providers/providers_topo.xml"
Reading XML for "/home/pete/wefwefwef/docs/other/5601173887/repo/profiles/.xml/specs_providers_topo.xml"
Generating HTML - provider "/home/pete/wefwefwef/docs/other/5601173887/repo/profiles/.xml/providers/provider.xml"
Reading XML for "/home/pete/wefwefwef/docs/other/5601173887/repo/profiles/.xml/providers/provider.xml"
Reading XML for "/home/pete/wefwefwef/docs/other/5601173887/repo/profiles/.xml/specs_provider.xml"
Creating index.html ...
Creating erldocs_index.js ...
Woot, finished in 0 Minutes 0 Seconds
 :: Discovering other repos
$ 5000  `rm -r '/home/pete/wefwefwef/docs/other/5601173887/providers-branch-profiles'  2>&1`
 :: Finishing up
$ 5000  `rm -r '/home/pete/wefwefwef/docs/other/5601173887/providers'  2>&1`
