 :: Extracting meta information
$ infinity  `git ls-remote --heads --tags 'https://github.com/vinoski/erlsha2'  2>&1`
>>> [repo] 1 branches, 4 tags
 :: Writing meta to "/home/pete/wefwefwef/docs/other/452d363c72c6837d87c6a79ef3aaa31b2758811b/meta.txt"
 :: Skipping tag "2.0"
 :: Skipping tag "2.1"
 :: Skipping tag "2.2"
 :: Skipping tag "2.2.1"
 :: Processing https://github.com/vinoski/erlsha2	{rev,branch,"master","e3434b33cfeea02609bbf877954d856d895b9e1d",undefined,[],[]}
 :: Fetching repo code
$ cd '/home/pete/wefwefwef/docs/other/452d363c72c6837d87c6a79ef3aaa31b2758811b/erlsha2-branch-master'
$ infinity  `curl --fail --silent --show-error --location --output repo.tar.gz 'https://codeload.github.com/vinoski/erlsha2/legacy.tar.gz/master'  2>&1`
$ cd '/home/pete/wefwefwef/docs/erldocs_other.git'
$ cd '/home/pete/wefwefwef/docs/other/452d363c72c6837d87c6a79ef3aaa31b2758811b/erlsha2-branch-master/vinoski-erlsha2-e3434b3'
$ 5000  `find -P . -type l -delete  2>&1`
$ cd '/home/pete/wefwefwef/docs/erldocs_other.git'
$ 5000  `mv '/home/pete/wefwefwef/docs/other/452d363c72c6837d87c6a79ef3aaa31b2758811b/erlsha2-branch-master/vinoski-erlsha2-e3434b3' '/home/pete/wefwefwef/docs/other/452d363c72c6837d87c6a79ef3aaa31b2758811b/erlsha2-branch-master/erlsha2'  2>&1`
 :: Getting dependencies
$ cd '/home/pete/wefwefwef/docs/other/452d363c72c6837d87c6a79ef3aaa31b2758811b/erlsha2-branch-master/erlsha2'
$ 5000  `ls -1 deps/  2>&1`
$ cd '/home/pete/wefwefwef/docs/erldocs_other.git'
>>> [rebar] deps = []
 :: Generating erldocs into /home/pete/wefwefwef/docs/other/452d363c72c6837d87c6a79ef3aaa31b2758811b/repo/master
Building erlsha2
Generating Type Specs - "/home/pete/wefwefwef/docs/other/452d363c72c6837d87c6a79ef3aaa31b2758811b/erlsha2-branch-master/erlsha2/src/erlsha2.erl"
Generating Type Specs - "/home/pete/wefwefwef/docs/other/452d363c72c6837d87c6a79ef3aaa31b2758811b/erlsha2-branch-master/erlsha2/src/hmac.erl"
Generating XML for application erlsha2 "/home/pete/wefwefwef/docs/other/452d363c72c6837d87c6a79ef3aaa31b2758811b/erlsha2-branch-master/erlsha2" -> "/home/pete/wefwefwef/docs/other/452d363c72c6837d87c6a79ef3aaa31b2758811b/repo/master/.xml/erlsha2"
Generated erlsha2 XMLs: ["/home/pete/wefwefwef/docs/other/452d363c72c6837d87c6a79ef3aaa31b2758811b/repo/master/.xml/erlsha2/hmac.xml",
                         "/home/pete/wefwefwef/docs/other/452d363c72c6837d87c6a79ef3aaa31b2758811b/repo/master/.xml/erlsha2/erlsha2.xml"]
Generating HTML - erlsha2 "/home/pete/wefwefwef/docs/other/452d363c72c6837d87c6a79ef3aaa31b2758811b/repo/master/.xml/erlsha2/erlsha2.xml"
Reading XML for "/home/pete/wefwefwef/docs/other/452d363c72c6837d87c6a79ef3aaa31b2758811b/repo/master/.xml/erlsha2/erlsha2.xml"
Reading XML for "/home/pete/wefwefwef/docs/other/452d363c72c6837d87c6a79ef3aaa31b2758811b/repo/master/.xml/specs_erlsha2.xml"
Generating HTML - hmac "/home/pete/wefwefwef/docs/other/452d363c72c6837d87c6a79ef3aaa31b2758811b/repo/master/.xml/erlsha2/hmac.xml"
Reading XML for "/home/pete/wefwefwef/docs/other/452d363c72c6837d87c6a79ef3aaa31b2758811b/repo/master/.xml/erlsha2/hmac.xml"
Reading XML for "/home/pete/wefwefwef/docs/other/452d363c72c6837d87c6a79ef3aaa31b2758811b/repo/master/.xml/specs_hmac.xml"
Creating index.html ...
Creating erldocs_index.js ...
Woot, finished in 0 Minutes 0 Seconds
 :: Discovering other repos
$ 5000  `rm -r '/home/pete/wefwefwef/docs/other/452d363c72c6837d87c6a79ef3aaa31b2758811b/erlsha2-branch-master'  2>&1`
 :: Finishing up
$ 5000  `rm -r '/home/pete/wefwefwef/docs/other/452d363c72c6837d87c6a79ef3aaa31b2758811b/erlsha2'  2>&1`
