 :: Extracting meta information
$ infinity  `git ls-remote --heads --tags 'https://github.com/biokoda/actordb_driver'  2>&1`
>>> [repo] 4 branches, 13 tags
 :: Writing meta to "/home/pete/wefwefwef/docs/other/c97d82b844ff96de05023b387a05c1b5162868da/meta.txt"
 :: Skipping tag "0.10"
 :: Skipping tag "0.10.1"
 :: Skipping tag "0.10.2"
 :: Skipping tag "0.10.3"
 :: Skipping tag "0.10.4"
 :: Skipping tag "0.9pre1"
 :: Skipping tag "0.9pre2"
 :: Skipping tag "0.9pre4"
 :: Skipping tag "0.9pre5"
 :: Skipping tag "0.9pre7"
 :: Skipping tag "0.9pre8"
 :: Skipping tag "0.9pre9"
 :: Skipping branch "lmdb"
 :: Skipping branch "singlecon"
 :: Skipping branch "wthreads"
 :: Processing https://github.com/biokoda/actordb_driver	{rev,branch,"master","36a16f26d864b11a1deebfd1216bf3478eaeba1a",undefined,[],[]}
 :: Fetching repo code
$ cd '/home/pete/wefwefwef/docs/other/c97d82b844ff96de05023b387a05c1b5162868da/actordb_driver-branch-master'
$ infinity  `curl --fail --silent --show-error --location --output repo.tar.gz 'https://codeload.github.com/biokoda/actordb_driver/tar.gz/master'  2>&1`
$ cd '/home/pete/wefwefwef/docs/erldocs_other.git'
$ cd '/home/pete/wefwefwef/docs/other/c97d82b844ff96de05023b387a05c1b5162868da/actordb_driver-branch-master/actordb_driver-master'
$ 5000  `find -P . -type l -delete  2>&1`
$ cd '/home/pete/wefwefwef/docs/erldocs_other.git'
$ 5000  `mv '/home/pete/wefwefwef/docs/other/c97d82b844ff96de05023b387a05c1b5162868da/actordb_driver-branch-master/actordb_driver-master' '/home/pete/wefwefwef/docs/other/c97d82b844ff96de05023b387a05c1b5162868da/actordb_driver-branch-master/actordb_driver'  2>&1`
 :: Getting dependencies
$ cd '/home/pete/wefwefwef/docs/other/c97d82b844ff96de05023b387a05c1b5162868da/actordb_driver-branch-master/actordb_driver'
$ 5000  `ls -1 deps/  2>&1`
$ cd '/home/pete/wefwefwef/docs/erldocs_other.git'
>>> [rebar] deps = []
 :: Generating erldocs into /home/pete/wefwefwef/docs/other/c97d82b844ff96de05023b387a05c1b5162868da/repo/master
Building actordb_driver
Generating Type Specs - "/home/pete/wefwefwef/docs/other/c97d82b844ff96de05023b387a05c1b5162868da/actordb_driver-branch-master/actordb_driver/src/actordb_driver.erl"
Generating Type Specs - "/home/pete/wefwefwef/docs/other/c97d82b844ff96de05023b387a05c1b5162868da/actordb_driver-branch-master/actordb_driver/src/actordb_driver_nif.erl"
Generating XML for application actordb_driver "/home/pete/wefwefwef/docs/other/c97d82b844ff96de05023b387a05c1b5162868da/actordb_driver-branch-master/actordb_driver" -> "/home/pete/wefwefwef/docs/other/c97d82b844ff96de05023b387a05c1b5162868da/repo/master/.xml/actordb_driver"
Generated actordb_driver XMLs: ["/home/pete/wefwefwef/docs/other/c97d82b844ff96de05023b387a05c1b5162868da/repo/master/.xml/actordb_driver/actordb_driver_nif.xml",
                                "/home/pete/wefwefwef/docs/other/c97d82b844ff96de05023b387a05c1b5162868da/repo/master/.xml/actordb_driver/actordb_driver.xml"]
Generating HTML - actordb_driver "/home/pete/wefwefwef/docs/other/c97d82b844ff96de05023b387a05c1b5162868da/repo/master/.xml/actordb_driver/actordb_driver.xml"
Reading XML for "/home/pete/wefwefwef/docs/other/c97d82b844ff96de05023b387a05c1b5162868da/repo/master/.xml/actordb_driver/actordb_driver.xml"
Reading XML for "/home/pete/wefwefwef/docs/other/c97d82b844ff96de05023b387a05c1b5162868da/repo/master/.xml/specs_actordb_driver.xml"
Generating HTML - actordb_driver_nif "/home/pete/wefwefwef/docs/other/c97d82b844ff96de05023b387a05c1b5162868da/repo/master/.xml/actordb_driver/actordb_driver_nif.xml"
Reading XML for "/home/pete/wefwefwef/docs/other/c97d82b844ff96de05023b387a05c1b5162868da/repo/master/.xml/actordb_driver/actordb_driver_nif.xml"
Reading XML for "/home/pete/wefwefwef/docs/other/c97d82b844ff96de05023b387a05c1b5162868da/repo/master/.xml/specs_actordb_driver_nif.xml"
Creating index.html ...
Creating erldocs_index.js ...
Woot, finished in 0 Minutes 0 Seconds
 :: Discovering other repos
$ 5000  `rm -r '/home/pete/wefwefwef/docs/other/c97d82b844ff96de05023b387a05c1b5162868da/actordb_driver-branch-master'  2>&1`
 :: Processing https://github.com/biokoda/actordb_driver	{rev,tag,"0.10.5","36a16f26d864b11a1deebfd1216bf3478eaeba1a",undefined,[],[]}
 :: Fetching repo code
$ cd '/home/pete/wefwefwef/docs/other/c97d82b844ff96de05023b387a05c1b5162868da/actordb_driver-tag-0.10.5'
$ infinity  `curl --fail --silent --show-error --location --output repo.tar.gz 'https://codeload.github.com/biokoda/actordb_driver/tar.gz/0.10.5'  2>&1`
$ cd '/home/pete/wefwefwef/docs/erldocs_other.git'
$ cd '/home/pete/wefwefwef/docs/other/c97d82b844ff96de05023b387a05c1b5162868da/actordb_driver-tag-0.10.5/actordb_driver-0.10.5'
$ 5000  `find -P . -type l -delete  2>&1`
$ cd '/home/pete/wefwefwef/docs/erldocs_other.git'
$ 5000  `mv '/home/pete/wefwefwef/docs/other/c97d82b844ff96de05023b387a05c1b5162868da/actordb_driver-tag-0.10.5/actordb_driver-0.10.5' '/home/pete/wefwefwef/docs/other/c97d82b844ff96de05023b387a05c1b5162868da/actordb_driver-tag-0.10.5/actordb_driver'  2>&1`
 :: Getting dependencies
$ cd '/home/pete/wefwefwef/docs/other/c97d82b844ff96de05023b387a05c1b5162868da/actordb_driver-tag-0.10.5/actordb_driver'
$ 5000  `ls -1 deps/  2>&1`
$ cd '/home/pete/wefwefwef/docs/erldocs_other.git'
>>> [rebar] deps = []
 :: Generating erldocs into /home/pete/wefwefwef/docs/other/c97d82b844ff96de05023b387a05c1b5162868da/repo/0.10.5
Building actordb_driver
Generating Type Specs - "/home/pete/wefwefwef/docs/other/c97d82b844ff96de05023b387a05c1b5162868da/actordb_driver-tag-0.10.5/actordb_driver/src/actordb_driver.erl"
Generating Type Specs - "/home/pete/wefwefwef/docs/other/c97d82b844ff96de05023b387a05c1b5162868da/actordb_driver-tag-0.10.5/actordb_driver/src/actordb_driver_nif.erl"
Generating XML for application actordb_driver "/home/pete/wefwefwef/docs/other/c97d82b844ff96de05023b387a05c1b5162868da/actordb_driver-tag-0.10.5/actordb_driver" -> "/home/pete/wefwefwef/docs/other/c97d82b844ff96de05023b387a05c1b5162868da/repo/0.10.5/.xml/actordb_driver"
Generated actordb_driver XMLs: ["/home/pete/wefwefwef/docs/other/c97d82b844ff96de05023b387a05c1b5162868da/repo/0.10.5/.xml/actordb_driver/actordb_driver_nif.xml",
                                "/home/pete/wefwefwef/docs/other/c97d82b844ff96de05023b387a05c1b5162868da/repo/0.10.5/.xml/actordb_driver/actordb_driver.xml"]
Generating HTML - actordb_driver "/home/pete/wefwefwef/docs/other/c97d82b844ff96de05023b387a05c1b5162868da/repo/0.10.5/.xml/actordb_driver/actordb_driver.xml"
Reading XML for "/home/pete/wefwefwef/docs/other/c97d82b844ff96de05023b387a05c1b5162868da/repo/0.10.5/.xml/actordb_driver/actordb_driver.xml"
Reading XML for "/home/pete/wefwefwef/docs/other/c97d82b844ff96de05023b387a05c1b5162868da/repo/0.10.5/.xml/specs_actordb_driver.xml"
Generating HTML - actordb_driver_nif "/home/pete/wefwefwef/docs/other/c97d82b844ff96de05023b387a05c1b5162868da/repo/0.10.5/.xml/actordb_driver/actordb_driver_nif.xml"
Reading XML for "/home/pete/wefwefwef/docs/other/c97d82b844ff96de05023b387a05c1b5162868da/repo/0.10.5/.xml/actordb_driver/actordb_driver_nif.xml"
Reading XML for "/home/pete/wefwefwef/docs/other/c97d82b844ff96de05023b387a05c1b5162868da/repo/0.10.5/.xml/specs_actordb_driver_nif.xml"
Creating index.html ...
Creating erldocs_index.js ...
Woot, finished in 0 Minutes 0 Seconds
 :: Discovering other repos
$ 5000  `rm -r '/home/pete/wefwefwef/docs/other/c97d82b844ff96de05023b387a05c1b5162868da/actordb_driver-tag-0.10.5'  2>&1`
 :: Finishing up
$ 5000  `rm -r '/home/pete/wefwefwef/docs/other/c97d82b844ff96de05023b387a05c1b5162868da/actordb_driver'  2>&1`
