 :: Extracting meta information
$ infinity  `git ls-remote --heads --tags 'https://github.com/biokoda/actordb_driver'  2>&1`
>>> [repo] 2 branches, 7 tags
 :: Writing meta to "/home/pete/wefwefwef/docs/other/c41e0d61340ecdc8a1943fab813f6666/meta.txt"
 :: Skipping tag "0.9pre1"
 :: Skipping tag "0.9pre2"
 :: Skipping tag "0.9pre4"
 :: Skipping tag "0.9pre5"
 :: Skipping tag "0.9pre7"
 :: Skipping tag "0.9pre8"
 :: Skipping tag "0.9pre9"
 :: Processing https://github.com/biokoda/actordb_driver	{rev,branch,"master","560c982ef90057acd37d55925bb6f9c32706ef2e",undefined,[],[]}
 :: Fetching repo code
$ cd '/home/pete/wefwefwef/docs/other/c41e0d61340ecdc8a1943fab813f6666/actordb_driver-branch-master'
$ infinity  `curl --fail --silent --show-error --location --output repo.tar.gz 'https://codeload.github.com/biokoda/actordb_driver/legacy.tar.gz/master'  2>&1`
$ cd '/home/pete/wefwefwef/docs/erldocs_other.git'
$ cd '/home/pete/wefwefwef/docs/other/c41e0d61340ecdc8a1943fab813f6666/actordb_driver-branch-master/biokoda-actordb_driver-560c982'
$ 5000  `find -P . -type l -delete  2>&1`
$ cd '/home/pete/wefwefwef/docs/erldocs_other.git'
$ 5000  `mv '/home/pete/wefwefwef/docs/other/c41e0d61340ecdc8a1943fab813f6666/actordb_driver-branch-master/biokoda-actordb_driver-560c982' '/home/pete/wefwefwef/docs/other/c41e0d61340ecdc8a1943fab813f6666/actordb_driver-branch-master/actordb_driver'  2>&1`
 :: Getting dependencies
$ cd '/home/pete/wefwefwef/docs/other/c41e0d61340ecdc8a1943fab813f6666/actordb_driver-branch-master/actordb_driver'
$ 5000  `ls -1 deps/  2>&1`
$ cd '/home/pete/wefwefwef/docs/erldocs_other.git'
>>> [rebar] deps = []
 :: Generating erldocs into /home/pete/wefwefwef/docs/other/c41e0d61340ecdc8a1943fab813f6666/repo/master
Building actordb_driver
Generating Type Specs - "/home/pete/wefwefwef/docs/other/c41e0d61340ecdc8a1943fab813f6666/actordb_driver-branch-master/actordb_driver/src/actordb_driver.erl"
Generating Type Specs - "/home/pete/wefwefwef/docs/other/c41e0d61340ecdc8a1943fab813f6666/actordb_driver-branch-master/actordb_driver/src/actordb_driver_nif.erl"
Generating XML for application actordb_driver "/home/pete/wefwefwef/docs/other/c41e0d61340ecdc8a1943fab813f6666/actordb_driver-branch-master/actordb_driver" -> "/home/pete/wefwefwef/docs/other/c41e0d61340ecdc8a1943fab813f6666/repo/master/.xml/actordb_driver"
Generated actordb_driver XMLs: ["/home/pete/wefwefwef/docs/other/c41e0d61340ecdc8a1943fab813f6666/repo/master/.xml/actordb_driver/actordb_driver_nif.xml",
                                "/home/pete/wefwefwef/docs/other/c41e0d61340ecdc8a1943fab813f6666/repo/master/.xml/actordb_driver/actordb_driver.xml"]
Generating HTML - actordb_driver "/home/pete/wefwefwef/docs/other/c41e0d61340ecdc8a1943fab813f6666/repo/master/.xml/actordb_driver/actordb_driver.xml"
Reading XML for "/home/pete/wefwefwef/docs/other/c41e0d61340ecdc8a1943fab813f6666/repo/master/.xml/actordb_driver/actordb_driver.xml"
Reading XML for "/home/pete/wefwefwef/docs/other/c41e0d61340ecdc8a1943fab813f6666/repo/master/.xml/specs_actordb_driver.xml"
Generating HTML - actordb_driver_nif "/home/pete/wefwefwef/docs/other/c41e0d61340ecdc8a1943fab813f6666/repo/master/.xml/actordb_driver/actordb_driver_nif.xml"
Reading XML for "/home/pete/wefwefwef/docs/other/c41e0d61340ecdc8a1943fab813f6666/repo/master/.xml/actordb_driver/actordb_driver_nif.xml"
Reading XML for "/home/pete/wefwefwef/docs/other/c41e0d61340ecdc8a1943fab813f6666/repo/master/.xml/specs_actordb_driver_nif.xml"
Creating index.html ...
Creating erldocs_index.js ...
Woot, finished in 0 Minutes 0 Seconds
 :: Discovering other repos
$ 5000  `rm -r '/home/pete/wefwefwef/docs/other/c41e0d61340ecdc8a1943fab813f6666/actordb_driver-branch-master'  2>&1`
 :: Processing https://github.com/biokoda/actordb_driver	{rev,branch,"lmdb","2c0f03c6c41c3ceb77abf8eb01caa87e4eba2d77",undefined,[],[]}
 :: Fetching repo code
$ cd '/home/pete/wefwefwef/docs/other/c41e0d61340ecdc8a1943fab813f6666/actordb_driver-branch-lmdb'
$ infinity  `curl --fail --silent --show-error --location --output repo.tar.gz 'https://codeload.github.com/biokoda/actordb_driver/legacy.tar.gz/lmdb'  2>&1`
$ cd '/home/pete/wefwefwef/docs/erldocs_other.git'
$ cd '/home/pete/wefwefwef/docs/other/c41e0d61340ecdc8a1943fab813f6666/actordb_driver-branch-lmdb/biokoda-actordb_driver-2c0f03c'
$ 5000  `find -P . -type l -delete  2>&1`
$ cd '/home/pete/wefwefwef/docs/erldocs_other.git'
$ 5000  `mv '/home/pete/wefwefwef/docs/other/c41e0d61340ecdc8a1943fab813f6666/actordb_driver-branch-lmdb/biokoda-actordb_driver-2c0f03c' '/home/pete/wefwefwef/docs/other/c41e0d61340ecdc8a1943fab813f6666/actordb_driver-branch-lmdb/actordb_driver'  2>&1`
 :: Getting dependencies
$ cd '/home/pete/wefwefwef/docs/other/c41e0d61340ecdc8a1943fab813f6666/actordb_driver-branch-lmdb/actordb_driver'
$ 5000  `ls -1 deps/  2>&1`
$ cd '/home/pete/wefwefwef/docs/erldocs_other.git'
>>> [rebar] deps = []
 :: Generating erldocs into /home/pete/wefwefwef/docs/other/c41e0d61340ecdc8a1943fab813f6666/repo/lmdb
Building actordb_driver
Generating Type Specs - "/home/pete/wefwefwef/docs/other/c41e0d61340ecdc8a1943fab813f6666/actordb_driver-branch-lmdb/actordb_driver/src/actordb_driver.erl"
Generating Type Specs - "/home/pete/wefwefwef/docs/other/c41e0d61340ecdc8a1943fab813f6666/actordb_driver-branch-lmdb/actordb_driver/src/actordb_driver_nif.erl"
Generating XML for application actordb_driver "/home/pete/wefwefwef/docs/other/c41e0d61340ecdc8a1943fab813f6666/actordb_driver-branch-lmdb/actordb_driver" -> "/home/pete/wefwefwef/docs/other/c41e0d61340ecdc8a1943fab813f6666/repo/lmdb/.xml/actordb_driver"
Generated actordb_driver XMLs: ["/home/pete/wefwefwef/docs/other/c41e0d61340ecdc8a1943fab813f6666/repo/lmdb/.xml/actordb_driver/actordb_driver_nif.xml",
                                "/home/pete/wefwefwef/docs/other/c41e0d61340ecdc8a1943fab813f6666/repo/lmdb/.xml/actordb_driver/actordb_driver.xml"]
Generating HTML - actordb_driver "/home/pete/wefwefwef/docs/other/c41e0d61340ecdc8a1943fab813f6666/repo/lmdb/.xml/actordb_driver/actordb_driver.xml"
Reading XML for "/home/pete/wefwefwef/docs/other/c41e0d61340ecdc8a1943fab813f6666/repo/lmdb/.xml/actordb_driver/actordb_driver.xml"
Reading XML for "/home/pete/wefwefwef/docs/other/c41e0d61340ecdc8a1943fab813f6666/repo/lmdb/.xml/specs_actordb_driver.xml"
Generating HTML - actordb_driver_nif "/home/pete/wefwefwef/docs/other/c41e0d61340ecdc8a1943fab813f6666/repo/lmdb/.xml/actordb_driver/actordb_driver_nif.xml"
Reading XML for "/home/pete/wefwefwef/docs/other/c41e0d61340ecdc8a1943fab813f6666/repo/lmdb/.xml/actordb_driver/actordb_driver_nif.xml"
Reading XML for "/home/pete/wefwefwef/docs/other/c41e0d61340ecdc8a1943fab813f6666/repo/lmdb/.xml/specs_actordb_driver_nif.xml"
Creating index.html ...
Creating erldocs_index.js ...
Woot, finished in 0 Minutes 0 Seconds
 :: Discovering other repos
$ 5000  `rm -r '/home/pete/wefwefwef/docs/other/c41e0d61340ecdc8a1943fab813f6666/actordb_driver-branch-lmdb'  2>&1`
 :: Finishing up
$ 5000  `rm -r '/home/pete/wefwefwef/docs/other/c41e0d61340ecdc8a1943fab813f6666/actordb_driver'  2>&1`
