 :: Extracting meta information
$ infinity  `git ls-remote --heads --tags 'https://github.com/biokoda/actordb_driver'  2>&1`
>>> [repo] 2 branches, 7 tags
 :: Writing meta to "/home/pete/wefwefwef/docs/other/b86890480f7010f9d6ac9c2b3d3c9cea/meta.txt"
 :: Skipping tag "0.9pre1"
 :: Skipping tag "0.9pre2"
 :: Skipping tag "0.9pre4"
 :: Skipping tag "0.9pre5"
 :: Skipping tag "0.9pre7"
 :: Skipping tag "0.9pre8"
 :: Skipping tag "0.9pre9"
 :: Skipping branch "master"
 :: Processing https://github.com/biokoda/actordb_driver	{rev,branch,"lmdb","5fe08afe0579e0cfe3167fb4c612e2722765e7a0",undefined,[],[]}
 :: Fetching repo code
$ cd '/home/pete/wefwefwef/docs/other/b86890480f7010f9d6ac9c2b3d3c9cea/actordb_driver-branch-lmdb'
$ infinity  `curl --fail --silent --show-error --location --output repo.tar.gz 'https://codeload.github.com/biokoda/actordb_driver/legacy.tar.gz/lmdb'  2>&1`
$ cd '/home/pete/wefwefwef/docs/erldocs_other.git'
$ cd '/home/pete/wefwefwef/docs/other/b86890480f7010f9d6ac9c2b3d3c9cea/actordb_driver-branch-lmdb/biokoda-actordb_driver-5fe08af'
$ 5000  `find -P . -type l -delete  2>&1`
$ cd '/home/pete/wefwefwef/docs/erldocs_other.git'
$ 5000  `mv '/home/pete/wefwefwef/docs/other/b86890480f7010f9d6ac9c2b3d3c9cea/actordb_driver-branch-lmdb/biokoda-actordb_driver-5fe08af' '/home/pete/wefwefwef/docs/other/b86890480f7010f9d6ac9c2b3d3c9cea/actordb_driver-branch-lmdb/actordb_driver'  2>&1`
 :: Getting dependencies
$ cd '/home/pete/wefwefwef/docs/other/b86890480f7010f9d6ac9c2b3d3c9cea/actordb_driver-branch-lmdb/actordb_driver'
$ 5000  `ls -1 deps/  2>&1`
$ cd '/home/pete/wefwefwef/docs/erldocs_other.git'
>>> [rebar] deps = []
 :: Generating erldocs into /home/pete/wefwefwef/docs/other/b86890480f7010f9d6ac9c2b3d3c9cea/repo/lmdb
Building actordb_driver
Generating Type Specs - "/home/pete/wefwefwef/docs/other/b86890480f7010f9d6ac9c2b3d3c9cea/actordb_driver-branch-lmdb/actordb_driver/src/actordb_driver.erl"
Generating Type Specs - "/home/pete/wefwefwef/docs/other/b86890480f7010f9d6ac9c2b3d3c9cea/actordb_driver-branch-lmdb/actordb_driver/src/actordb_driver_nif.erl"
Generating XML for application actordb_driver "/home/pete/wefwefwef/docs/other/b86890480f7010f9d6ac9c2b3d3c9cea/actordb_driver-branch-lmdb/actordb_driver" -> "/home/pete/wefwefwef/docs/other/b86890480f7010f9d6ac9c2b3d3c9cea/repo/lmdb/.xml/actordb_driver"
Generated actordb_driver XMLs: ["/home/pete/wefwefwef/docs/other/b86890480f7010f9d6ac9c2b3d3c9cea/repo/lmdb/.xml/actordb_driver/actordb_driver_nif.xml",
                                "/home/pete/wefwefwef/docs/other/b86890480f7010f9d6ac9c2b3d3c9cea/repo/lmdb/.xml/actordb_driver/actordb_driver.xml"]
Generating HTML - actordb_driver "/home/pete/wefwefwef/docs/other/b86890480f7010f9d6ac9c2b3d3c9cea/repo/lmdb/.xml/actordb_driver/actordb_driver.xml"
Reading XML for "/home/pete/wefwefwef/docs/other/b86890480f7010f9d6ac9c2b3d3c9cea/repo/lmdb/.xml/actordb_driver/actordb_driver.xml"
Reading XML for "/home/pete/wefwefwef/docs/other/b86890480f7010f9d6ac9c2b3d3c9cea/repo/lmdb/.xml/specs_actordb_driver.xml"
Generating HTML - actordb_driver_nif "/home/pete/wefwefwef/docs/other/b86890480f7010f9d6ac9c2b3d3c9cea/repo/lmdb/.xml/actordb_driver/actordb_driver_nif.xml"
Reading XML for "/home/pete/wefwefwef/docs/other/b86890480f7010f9d6ac9c2b3d3c9cea/repo/lmdb/.xml/actordb_driver/actordb_driver_nif.xml"
Reading XML for "/home/pete/wefwefwef/docs/other/b86890480f7010f9d6ac9c2b3d3c9cea/repo/lmdb/.xml/specs_actordb_driver_nif.xml"
Creating index.html ...
Creating erldocs_index.js ...
Woot, finished in 0 Minutes 0 Seconds
 :: Discovering other repos
$ 5000  `rm -r '/home/pete/wefwefwef/docs/other/b86890480f7010f9d6ac9c2b3d3c9cea/actordb_driver-branch-lmdb'  2>&1`
 :: Finishing up
$ 5000  `rm -r '/home/pete/wefwefwef/docs/other/b86890480f7010f9d6ac9c2b3d3c9cea/actordb_driver'  2>&1`
