 :: Extracting meta information
$ 5000  `git ls-remote --heads --tags 'https://github.com/jamesgolick/lexical_uuid.erl'  2>&1`
>>> [repo] 1 branches, 0 tags
 :: Writing meta to "/home/pete/wefwefwef/docs/other/9001844472/meta.txt"
 :: Processing https://github.com/jamesgolick/lexical_uuid.erl	{rev,branch,"master","081a92fc0cc041c86cf7118943696cec8eb37754"}
 :: Fetching repo code
$ cd "/home/pete/wefwefwef/docs/other/9001844472/lexical_uuid.erl-branch-master/lexical_uuid.erl"
$ infinity  `curl --fail --silent --show-error --location --output 'master.zip' 'https://github.com/jamesgolick/lexical_uuid.erl/archive/master.zip'  2>&1`
$ cd "/home/pete/wefwefwef/docs/erldocs_other.git"
$ cd "/home/pete/wefwefwef/docs/other/9001844472/lexical_uuid.erl-branch-master/lexical_uuid.erl"
$ 5000  `find -P . -type l -delete  2>&1`
$ cd "/home/pete/wefwefwef/docs/erldocs_other.git"
$ cd "/home/pete/wefwefwef/docs/other/9001844472/lexical_uuid.erl-branch-master/lexical_uuid.erl"
$ 5000  `find 'lexical_uuid.erl-master' -mindepth 1 -maxdepth 1 -exec mv -t . -- {} +  2>&1`
$ cd "/home/pete/wefwefwef/docs/erldocs_other.git"
 :: Getting dependencies
$ cd "/home/pete/wefwefwef/docs/other/9001844472/lexical_uuid.erl-branch-master/lexical_uuid.erl"
$ 5000  `ls -1 deps/  2>&1`
$ cd "/home/pete/wefwefwef/docs/erldocs_other.git"
>>> [rebar] deps = []
 :: Generating erldocs into /home/pete/wefwefwef/docs/other/9001844472/repo/master
Building lexical_uuid.erl
Generating Type Specs - "/home/pete/wefwefwef/docs/other/9001844472/lexical_uuid.erl-branch-master/lexical_uuid.erl/src/fnv1a.erl"
Generating Type Specs - "/home/pete/wefwefwef/docs/other/9001844472/lexical_uuid.erl-branch-master/lexical_uuid.erl/src/fqdn.erl"
Generating Type Specs - "/home/pete/wefwefwef/docs/other/9001844472/lexical_uuid.erl-branch-master/lexical_uuid.erl/src/lexical_uuid.erl"
Generating Type Specs - "/home/pete/wefwefwef/docs/other/9001844472/lexical_uuid.erl-branch-master/lexical_uuid.erl/src/lexical_uuid_app.erl"
Generating Type Specs - "/home/pete/wefwefwef/docs/other/9001844472/lexical_uuid.erl-branch-master/lexical_uuid.erl/src/lexical_uuid_clock.erl"
Generating Type Specs - "/home/pete/wefwefwef/docs/other/9001844472/lexical_uuid.erl-branch-master/lexical_uuid.erl/src/lexical_uuid_sup.erl"
Generating Type Specs - "/home/pete/wefwefwef/docs/other/9001844472/lexical_uuid.erl-branch-master/lexical_uuid.erl/src/lexical_uuid_util.erl"
Generating XML for application lexical_uuid.erl "/home/pete/wefwefwef/docs/other/9001844472/lexical_uuid.erl-branch-master/lexical_uuid.erl" -> "/home/pete/wefwefwef/docs/other/9001844472/repo/master/.xml/lexical_uuid.erl"
Generated lexical_uuid.erl XMLs: ["/home/pete/wefwefwef/docs/other/9001844472/repo/master/.xml/lexical_uuid.erl/lexical_uuid_util.xml",
                                  "/home/pete/wefwefwef/docs/other/9001844472/repo/master/.xml/lexical_uuid.erl/fqdn.xml",
                                  "/home/pete/wefwefwef/docs/other/9001844472/repo/master/.xml/lexical_uuid.erl/lexical_uuid.xml",
                                  "/home/pete/wefwefwef/docs/other/9001844472/repo/master/.xml/lexical_uuid.erl/lexical_uuid_app.xml",
                                  "/home/pete/wefwefwef/docs/other/9001844472/repo/master/.xml/lexical_uuid.erl/lexical_uuid_clock.xml",
                                  "/home/pete/wefwefwef/docs/other/9001844472/repo/master/.xml/lexical_uuid.erl/fnv1a.xml",
                                  "/home/pete/wefwefwef/docs/other/9001844472/repo/master/.xml/lexical_uuid.erl/lexical_uuid_sup.xml"]
Generating HTML - lexical_uuid_util "/home/pete/wefwefwef/docs/other/9001844472/repo/master/.xml/lexical_uuid.erl/lexical_uuid_util.xml"
Generating HTML - fqdn "/home/pete/wefwefwef/docs/other/9001844472/repo/master/.xml/lexical_uuid.erl/fqdn.xml"
Generating HTML - lexical_uuid "/home/pete/wefwefwef/docs/other/9001844472/repo/master/.xml/lexical_uuid.erl/lexical_uuid.xml"
Generating HTML - lexical_uuid_sup "/home/pete/wefwefwef/docs/other/9001844472/repo/master/.xml/lexical_uuid.erl/lexical_uuid_sup.xml"
Reading XML for "/home/pete/wefwefwef/docs/other/9001844472/repo/master/.xml/lexical_uuid.erl/lexical_uuid_util.xml"
Reading XML for "/home/pete/wefwefwef/docs/other/9001844472/repo/master/.xml/lexical_uuid.erl/fqdn.xml"
Reading XML for "/home/pete/wefwefwef/docs/other/9001844472/repo/master/.xml/lexical_uuid.erl/lexical_uuid.xml"
Reading XML for "/home/pete/wefwefwef/docs/other/9001844472/repo/master/.xml/lexical_uuid.erl/lexical_uuid_sup.xml"
Reading XML for "/home/pete/wefwefwef/docs/other/9001844472/repo/master/.xml/specs_lexical_uuid_util.xml"
Reading XML for "/home/pete/wefwefwef/docs/other/9001844472/repo/master/.xml/specs_lexical_uuid.xml"
Reading XML for "/home/pete/wefwefwef/docs/other/9001844472/repo/master/.xml/specs_fqdn.xml"
Reading XML for "/home/pete/wefwefwef/docs/other/9001844472/repo/master/.xml/specs_lexical_uuid_sup.xml"
Generating HTML - fnv1a "/home/pete/wefwefwef/docs/other/9001844472/repo/master/.xml/lexical_uuid.erl/fnv1a.xml"
Reading XML for "/home/pete/wefwefwef/docs/other/9001844472/repo/master/.xml/lexical_uuid.erl/fnv1a.xml"
Reading XML for "/home/pete/wefwefwef/docs/other/9001844472/repo/master/.xml/specs_fnv1a.xml"
Generating HTML - lexical_uuid_clock "/home/pete/wefwefwef/docs/other/9001844472/repo/master/.xml/lexical_uuid.erl/lexical_uuid_clock.xml"
Reading XML for "/home/pete/wefwefwef/docs/other/9001844472/repo/master/.xml/lexical_uuid.erl/lexical_uuid_clock.xml"
Reading XML for "/home/pete/wefwefwef/docs/other/9001844472/repo/master/.xml/specs_lexical_uuid_clock.xml"
Generating HTML - lexical_uuid_app "/home/pete/wefwefwef/docs/other/9001844472/repo/master/.xml/lexical_uuid.erl/lexical_uuid_app.xml"
Reading XML for "/home/pete/wefwefwef/docs/other/9001844472/repo/master/.xml/lexical_uuid.erl/lexical_uuid_app.xml"
Reading XML for "/home/pete/wefwefwef/docs/other/9001844472/repo/master/.xml/specs_lexical_uuid_app.xml"
Creating index.html ...
Creating erldocs_index.js ...
Woot, finished in 0 Minutes 0 Seconds
 :: Discovering other repos
$ 5000  `rm -r '/home/pete/wefwefwef/docs/other/9001844472/lexical_uuid.erl-branch-master'  2>&1`
 :: Erldocs finishing up
$ 5000  `rm -r '/home/pete/wefwefwef/docs/other/9001844472/lexical_uuid.erl'  2>&1`
