 :: Extracting meta information
$ infinity  `git ls-remote --heads --tags 'https://github.com/ferd/lhttpc'  2>&1`
>>> [repo] 6 branches, 4 tags
WTF {ok,{{"HTTP/1.1",200,"OK"},
         [{"cache-control","max-age=300"},
          {"connection","keep-alive"},
          {"date","Sat, 10 Oct 2015 17:54:05 GMT"},
          {"via","1.1 varnish"},
          {"accept-ranges","bytes"},
          {"etag","\"74ec662497b1072cc54db8c67a59d65ee1bbbbed\""},
          {"vary","Authorization,Accept-Encoding"},
          {"content-length","1124"},
          {"content-type","text/plain; charset=utf-8"},
          {"expires","Sat, 10 Oct 2015 17:59:05 GMT"},
          {"content-security-policy","default-src 'none'"},
          {"x-xss-protection","1; mode=block"},
          {"x-frame-options","deny"},
          {"x-content-type-options","nosniff"},
          {"strict-transport-security","max-age=31536000"},
          {"x-served-by","cache-fra1240-FRA"},
          {"x-cache","MISS"},
          {"x-cache-hits","0"},
          {"access-control-allow-origin","*"},
          {"source-age","0"}],
         "{name,\"lhttpc\"}.\n{target_path,\"github.com/ferd/lhttpc\"}.\n{url,\"https://github.com/ferd/lhttpc\"}.\n{vsn_format,2}.\n{vsn_pass,101}.\n{time_begin,{{2015,9,21},{16,41,38}}}.\n{method,git}.\n{count_tags,3}.\n{count_branches,5}.\n{revisions,[{rev,branch,\"async\",\"bca2aa67a3a54046f92509f7a280a7b2a4ecaa16\",\n                 false,[],[]},\n            {rev,branch,\"bypass-pool\",\n                 \"b3fab258daaa7b85fec7544656743c9876146e38\",false,[],[]},\n            {rev,branch,\"load_balancer\",\n                 \"ba00638d9c772957ba59310b737603b33e4064e3\",false,[],[]},\n            {rev,branch,\"master\",\"2f3df78009102582209d5292c51a2e255782341c\",\n                 true,[],[]},\n            {rev,branch,\"socket-leak\",\n                 \"fbf9a46e0180a57f75f53bdec37be618ba5979e7\",false,[],[]},\n            {rev,tag,\"1.2.6\",\"dac633e35b82383e6722556243a64a5c56876b6e\",false,\n                 [],[]},\n            {rev,tag,\"1.2.7\",\"5bfddba82c141fca29a6bef57a449b583050a396\",false,\n                 [],[]},\n            {rev,tag,\"1.2.8\",\"fbf9a46e0180a57f75f53bdec37be618ba5979e7\",false,\n                 [],[]}]}.\n{time_end,{{2015,9,21},{16,41,39}}}.\n"}}
 :: Writing meta to "/home/pete/wefwefwef/docs/other/bc10b4cd7242631c65f05190cfde1adff26b09cb/meta.txt"
 :: Skipping tag "1.2.6"
 :: Skipping tag "1.2.7"
 :: Skipping tag "1.2.8"
 :: Skipping branch "async"
 :: Skipping branch "bypass-pool"
 :: Skipping branch "load_balancer"
 :: Skipping branch "socket-leak"
 :: Processing https://github.com/ferd/lhttpc	{rev,branch,"master","28d5562be7e53576b624a6f82deac7303ce8f2dd",undefined,[],[]}
 :: Fetching repo code
$ cd '/home/pete/wefwefwef/docs/other/bc10b4cd7242631c65f05190cfde1adff26b09cb/lhttpc-branch-master'
$ infinity  `curl --fail --silent --show-error --location --output repo.tar.gz 'https://codeload.github.com/ferd/lhttpc/tar.gz/master'  2>&1`
$ cd '/home/pete/wefwefwef/docs/erldocs_other.git'
$ cd '/home/pete/wefwefwef/docs/other/bc10b4cd7242631c65f05190cfde1adff26b09cb/lhttpc-branch-master/lhttpc-master'
$ 5000  `find -P . -type l -delete  2>&1`
$ cd '/home/pete/wefwefwef/docs/erldocs_other.git'
$ 5000  `mv '/home/pete/wefwefwef/docs/other/bc10b4cd7242631c65f05190cfde1adff26b09cb/lhttpc-branch-master/lhttpc-master' '/home/pete/wefwefwef/docs/other/bc10b4cd7242631c65f05190cfde1adff26b09cb/lhttpc-branch-master/lhttpc'  2>&1`
 :: Getting dependencies
$ cd '/home/pete/wefwefwef/docs/other/bc10b4cd7242631c65f05190cfde1adff26b09cb/lhttpc-branch-master/lhttpc'
$ 5000  `ls -1 deps/  2>&1`
$ cd '/home/pete/wefwefwef/docs/erldocs_other.git'
>>> [rebar] deps = []
 :: Generating erldocs into /home/pete/wefwefwef/docs/other/bc10b4cd7242631c65f05190cfde1adff26b09cb/repo/master
Building lhttpc
Generating Type Specs - "/home/pete/wefwefwef/docs/other/bc10b4cd7242631c65f05190cfde1adff26b09cb/lhttpc-branch-master/lhttpc/src/lhttpc.erl"
Generating Type Specs - "/home/pete/wefwefwef/docs/other/bc10b4cd7242631c65f05190cfde1adff26b09cb/lhttpc-branch-master/lhttpc/src/lhttpc_client.erl"
Generating Type Specs - "/home/pete/wefwefwef/docs/other/bc10b4cd7242631c65f05190cfde1adff26b09cb/lhttpc-branch-master/lhttpc/src/lhttpc_lb.erl"
Generating Type Specs - "/home/pete/wefwefwef/docs/other/bc10b4cd7242631c65f05190cfde1adff26b09cb/lhttpc-branch-master/lhttpc/src/lhttpc_lib.erl"
Generating Type Specs - "/home/pete/wefwefwef/docs/other/bc10b4cd7242631c65f05190cfde1adff26b09cb/lhttpc-branch-master/lhttpc/src/lhttpc_sock.erl"
Generating Type Specs - "/home/pete/wefwefwef/docs/other/bc10b4cd7242631c65f05190cfde1adff26b09cb/lhttpc-branch-master/lhttpc/src/lhttpc_sup.erl"
Generating XML for application lhttpc "/home/pete/wefwefwef/docs/other/bc10b4cd7242631c65f05190cfde1adff26b09cb/lhttpc-branch-master/lhttpc" -> "/home/pete/wefwefwef/docs/other/bc10b4cd7242631c65f05190cfde1adff26b09cb/repo/master/.xml/lhttpc"
/home/pete/wefwefwef/docs/other/bc10b4cd7242631c65f05190cfde1adff26b09cb/lhttpc-branch-master/lhttpc/src/lhttpc.erl, function lb_status/0: at line 95: unknown error parsing specification: {95,edoc_parser,
                                      ["syntax error before: ","'.'"]}.
edoc: skipping source file '/home/pete/wefwefwef/docs/other/bc10b4cd7242631c65f05190cfde1adff26b09cb/lhttpc-branch-master/lhttpc/src/lhttpc.erl': {'EXIT',
                                                                                                                                             error}.
edoc: error in doclet 'edoc_doclet': {'EXIT',error}.
Error generating lhttpc XMLs. Using fallback ...
Generating XML lhttpc - lhttpc "/home/pete/wefwefwef/docs/other/bc10b4cd7242631c65f05190cfde1adff26b09cb/lhttpc-branch-master/lhttpc/src/lhttpc.erl" -> "/home/pete/wefwefwef/docs/other/bc10b4cd7242631c65f05190cfde1adff26b09cb/repo/master/.xml/lhttpc/lhttpc.xml"
/home/pete/wefwefwef/docs/other/bc10b4cd7242631c65f05190cfde1adff26b09cb/lhttpc-branch-master/lhttpc/src/lhttpc.erl, function lb_status/0: at line 95: unknown error parsing specification: {95,edoc_parser,
                                      ["syntax error before: ","'.'"]}.
Error generating XML ("/home/pete/wefwefwef/docs/other/bc10b4cd7242631c65f05190cfde1adff26b09cb/lhttpc-branch-master/lhttpc/src/lhttpc.erl"): {'EXIT',
                                                                                                                                               error}
Generating XML lhttpc - lhttpc_client "/home/pete/wefwefwef/docs/other/bc10b4cd7242631c65f05190cfde1adff26b09cb/lhttpc-branch-master/lhttpc/src/lhttpc_client.erl" -> "/home/pete/wefwefwef/docs/other/bc10b4cd7242631c65f05190cfde1adff26b09cb/repo/master/.xml/lhttpc/lhttpc_client.xml"
Generating XML lhttpc - lhttpc_lb "/home/pete/wefwefwef/docs/other/bc10b4cd7242631c65f05190cfde1adff26b09cb/lhttpc-branch-master/lhttpc/src/lhttpc_lb.erl" -> "/home/pete/wefwefwef/docs/other/bc10b4cd7242631c65f05190cfde1adff26b09cb/repo/master/.xml/lhttpc/lhttpc_lb.xml"
Generating XML lhttpc - lhttpc_lib "/home/pete/wefwefwef/docs/other/bc10b4cd7242631c65f05190cfde1adff26b09cb/lhttpc-branch-master/lhttpc/src/lhttpc_lib.erl" -> "/home/pete/wefwefwef/docs/other/bc10b4cd7242631c65f05190cfde1adff26b09cb/repo/master/.xml/lhttpc/lhttpc_lib.xml"
Generating XML lhttpc - lhttpc_sock "/home/pete/wefwefwef/docs/other/bc10b4cd7242631c65f05190cfde1adff26b09cb/lhttpc-branch-master/lhttpc/src/lhttpc_sock.erl" -> "/home/pete/wefwefwef/docs/other/bc10b4cd7242631c65f05190cfde1adff26b09cb/repo/master/.xml/lhttpc/lhttpc_sock.xml"
Generating XML lhttpc - lhttpc_sup "/home/pete/wefwefwef/docs/other/bc10b4cd7242631c65f05190cfde1adff26b09cb/lhttpc-branch-master/lhttpc/src/lhttpc_sup.erl" -> "/home/pete/wefwefwef/docs/other/bc10b4cd7242631c65f05190cfde1adff26b09cb/repo/master/.xml/lhttpc/lhttpc_sup.xml"
Generating HTML - lhttpc_sup "/home/pete/wefwefwef/docs/other/bc10b4cd7242631c65f05190cfde1adff26b09cb/repo/master/.xml/lhttpc/lhttpc_sup.xml"
Generating HTML - lhttpc_sock "/home/pete/wefwefwef/docs/other/bc10b4cd7242631c65f05190cfde1adff26b09cb/repo/master/.xml/lhttpc/lhttpc_sock.xml"
Generating HTML - lhttpc_lib "/home/pete/wefwefwef/docs/other/bc10b4cd7242631c65f05190cfde1adff26b09cb/repo/master/.xml/lhttpc/lhttpc_lib.xml"
Generating HTML - lhttpc_client "/home/pete/wefwefwef/docs/other/bc10b4cd7242631c65f05190cfde1adff26b09cb/repo/master/.xml/lhttpc/lhttpc_client.xml"
Reading XML for "/home/pete/wefwefwef/docs/other/bc10b4cd7242631c65f05190cfde1adff26b09cb/repo/master/.xml/lhttpc/lhttpc_sup.xml"
Reading XML for "/home/pete/wefwefwef/docs/other/bc10b4cd7242631c65f05190cfde1adff26b09cb/repo/master/.xml/lhttpc/lhttpc_sock.xml"
Reading XML for "/home/pete/wefwefwef/docs/other/bc10b4cd7242631c65f05190cfde1adff26b09cb/repo/master/.xml/lhttpc/lhttpc_lib.xml"
Reading XML for "/home/pete/wefwefwef/docs/other/bc10b4cd7242631c65f05190cfde1adff26b09cb/repo/master/.xml/lhttpc/lhttpc_client.xml"
Reading XML for "/home/pete/wefwefwef/docs/other/bc10b4cd7242631c65f05190cfde1adff26b09cb/repo/master/.xml/specs_lhttpc_sock.xml"
Reading XML for "/home/pete/wefwefwef/docs/other/bc10b4cd7242631c65f05190cfde1adff26b09cb/repo/master/.xml/specs_lhttpc_sup.xml"
Reading XML for "/home/pete/wefwefwef/docs/other/bc10b4cd7242631c65f05190cfde1adff26b09cb/repo/master/.xml/specs_lhttpc_lib.xml"
Reading XML for "/home/pete/wefwefwef/docs/other/bc10b4cd7242631c65f05190cfde1adff26b09cb/repo/master/.xml/specs_lhttpc_client.xml"
Generating HTML - lhttpc_lb "/home/pete/wefwefwef/docs/other/bc10b4cd7242631c65f05190cfde1adff26b09cb/repo/master/.xml/lhttpc/lhttpc_lb.xml"
Reading XML for "/home/pete/wefwefwef/docs/other/bc10b4cd7242631c65f05190cfde1adff26b09cb/repo/master/.xml/lhttpc/lhttpc_lb.xml"
Reading XML for "/home/pete/wefwefwef/docs/other/bc10b4cd7242631c65f05190cfde1adff26b09cb/repo/master/.xml/specs_lhttpc_lb.xml"
Creating index.html ...
Creating erldocs_index.js ...
Woot, finished in 0 Minutes 1 Seconds
 :: Discovering other repos
$ 5000  `rm -r '/home/pete/wefwefwef/docs/other/bc10b4cd7242631c65f05190cfde1adff26b09cb/lhttpc-branch-master'  2>&1`
 :: Processing https://github.com/ferd/lhttpc	{rev,branch,"fix-time-deprec","045b66b8d30dfc24fd09e09ff9fd36630be99ed4",undefined,[],[]}
 :: Fetching repo code
$ cd '/home/pete/wefwefwef/docs/other/bc10b4cd7242631c65f05190cfde1adff26b09cb/lhttpc-branch-fix-time-deprec'
$ infinity  `curl --fail --silent --show-error --location --output repo.tar.gz 'https://codeload.github.com/ferd/lhttpc/tar.gz/fix-time-deprec'  2>&1`
$ cd '/home/pete/wefwefwef/docs/erldocs_other.git'
$ cd '/home/pete/wefwefwef/docs/other/bc10b4cd7242631c65f05190cfde1adff26b09cb/lhttpc-branch-fix-time-deprec/lhttpc-fix-time-deprec'
$ 5000  `find -P . -type l -delete  2>&1`
$ cd '/home/pete/wefwefwef/docs/erldocs_other.git'
$ 5000  `mv '/home/pete/wefwefwef/docs/other/bc10b4cd7242631c65f05190cfde1adff26b09cb/lhttpc-branch-fix-time-deprec/lhttpc-fix-time-deprec' '/home/pete/wefwefwef/docs/other/bc10b4cd7242631c65f05190cfde1adff26b09cb/lhttpc-branch-fix-time-deprec/lhttpc'  2>&1`
 :: Getting dependencies
$ cd '/home/pete/wefwefwef/docs/other/bc10b4cd7242631c65f05190cfde1adff26b09cb/lhttpc-branch-fix-time-deprec/lhttpc'
$ 5000  `ls -1 deps/  2>&1`
$ cd '/home/pete/wefwefwef/docs/erldocs_other.git'
>>> [rebar] deps = []
 :: Generating erldocs into /home/pete/wefwefwef/docs/other/bc10b4cd7242631c65f05190cfde1adff26b09cb/repo/fix-time-deprec
Building lhttpc
Generating Type Specs - "/home/pete/wefwefwef/docs/other/bc10b4cd7242631c65f05190cfde1adff26b09cb/lhttpc-branch-fix-time-deprec/lhttpc/src/lhttpc.erl"
Generating Type Specs - "/home/pete/wefwefwef/docs/other/bc10b4cd7242631c65f05190cfde1adff26b09cb/lhttpc-branch-fix-time-deprec/lhttpc/src/lhttpc_client.erl"
Generating Type Specs - "/home/pete/wefwefwef/docs/other/bc10b4cd7242631c65f05190cfde1adff26b09cb/lhttpc-branch-fix-time-deprec/lhttpc/src/lhttpc_lb.erl"
Generating Type Specs - "/home/pete/wefwefwef/docs/other/bc10b4cd7242631c65f05190cfde1adff26b09cb/lhttpc-branch-fix-time-deprec/lhttpc/src/lhttpc_lib.erl"
Generating Type Specs - "/home/pete/wefwefwef/docs/other/bc10b4cd7242631c65f05190cfde1adff26b09cb/lhttpc-branch-fix-time-deprec/lhttpc/src/lhttpc_sock.erl"
Generating Type Specs - "/home/pete/wefwefwef/docs/other/bc10b4cd7242631c65f05190cfde1adff26b09cb/lhttpc-branch-fix-time-deprec/lhttpc/src/lhttpc_sup.erl"
Generating XML for application lhttpc "/home/pete/wefwefwef/docs/other/bc10b4cd7242631c65f05190cfde1adff26b09cb/lhttpc-branch-fix-time-deprec/lhttpc" -> "/home/pete/wefwefwef/docs/other/bc10b4cd7242631c65f05190cfde1adff26b09cb/repo/fix-time-deprec/.xml/lhttpc"
/home/pete/wefwefwef/docs/other/bc10b4cd7242631c65f05190cfde1adff26b09cb/lhttpc-branch-fix-time-deprec/lhttpc/src/lhttpc.erl, function lb_status/0: at line 95: unknown error parsing specification: {95,edoc_parser,
                                      ["syntax error before: ","'.'"]}.
edoc: skipping source file '/home/pete/wefwefwef/docs/other/bc10b4cd7242631c65f05190cfde1adff26b09cb/lhttpc-branch-fix-time-deprec/lhttpc/src/lhttpc.erl': {'EXIT',
                                                                                                                                                      error}.
edoc: error in doclet 'edoc_doclet': {'EXIT',error}.
Error generating lhttpc XMLs. Using fallback ...
Generating XML lhttpc - lhttpc "/home/pete/wefwefwef/docs/other/bc10b4cd7242631c65f05190cfde1adff26b09cb/lhttpc-branch-fix-time-deprec/lhttpc/src/lhttpc.erl" -> "/home/pete/wefwefwef/docs/other/bc10b4cd7242631c65f05190cfde1adff26b09cb/repo/fix-time-deprec/.xml/lhttpc/lhttpc.xml"
/home/pete/wefwefwef/docs/other/bc10b4cd7242631c65f05190cfde1adff26b09cb/lhttpc-branch-fix-time-deprec/lhttpc/src/lhttpc.erl, function lb_status/0: at line 95: unknown error parsing specification: {95,edoc_parser,
                                      ["syntax error before: ","'.'"]}.
Error generating XML ("/home/pete/wefwefwef/docs/other/bc10b4cd7242631c65f05190cfde1adff26b09cb/lhttpc-branch-fix-time-deprec/lhttpc/src/lhttpc.erl"): {'EXIT',
                                                                                                                                                        error}
Generating XML lhttpc - lhttpc_client "/home/pete/wefwefwef/docs/other/bc10b4cd7242631c65f05190cfde1adff26b09cb/lhttpc-branch-fix-time-deprec/lhttpc/src/lhttpc_client.erl" -> "/home/pete/wefwefwef/docs/other/bc10b4cd7242631c65f05190cfde1adff26b09cb/repo/fix-time-deprec/.xml/lhttpc/lhttpc_client.xml"
Generating XML lhttpc - lhttpc_lb "/home/pete/wefwefwef/docs/other/bc10b4cd7242631c65f05190cfde1adff26b09cb/lhttpc-branch-fix-time-deprec/lhttpc/src/lhttpc_lb.erl" -> "/home/pete/wefwefwef/docs/other/bc10b4cd7242631c65f05190cfde1adff26b09cb/repo/fix-time-deprec/.xml/lhttpc/lhttpc_lb.xml"
Generating XML lhttpc - lhttpc_lib "/home/pete/wefwefwef/docs/other/bc10b4cd7242631c65f05190cfde1adff26b09cb/lhttpc-branch-fix-time-deprec/lhttpc/src/lhttpc_lib.erl" -> "/home/pete/wefwefwef/docs/other/bc10b4cd7242631c65f05190cfde1adff26b09cb/repo/fix-time-deprec/.xml/lhttpc/lhttpc_lib.xml"
Generating XML lhttpc - lhttpc_sock "/home/pete/wefwefwef/docs/other/bc10b4cd7242631c65f05190cfde1adff26b09cb/lhttpc-branch-fix-time-deprec/lhttpc/src/lhttpc_sock.erl" -> "/home/pete/wefwefwef/docs/other/bc10b4cd7242631c65f05190cfde1adff26b09cb/repo/fix-time-deprec/.xml/lhttpc/lhttpc_sock.xml"
Generating XML lhttpc - lhttpc_sup "/home/pete/wefwefwef/docs/other/bc10b4cd7242631c65f05190cfde1adff26b09cb/lhttpc-branch-fix-time-deprec/lhttpc/src/lhttpc_sup.erl" -> "/home/pete/wefwefwef/docs/other/bc10b4cd7242631c65f05190cfde1adff26b09cb/repo/fix-time-deprec/.xml/lhttpc/lhttpc_sup.xml"
Generating HTML - lhttpc_sup "/home/pete/wefwefwef/docs/other/bc10b4cd7242631c65f05190cfde1adff26b09cb/repo/fix-time-deprec/.xml/lhttpc/lhttpc_sup.xml"
Generating HTML - lhttpc_sock "/home/pete/wefwefwef/docs/other/bc10b4cd7242631c65f05190cfde1adff26b09cb/repo/fix-time-deprec/.xml/lhttpc/lhttpc_sock.xml"
Generating HTML - lhttpc_lib "/home/pete/wefwefwef/docs/other/bc10b4cd7242631c65f05190cfde1adff26b09cb/repo/fix-time-deprec/.xml/lhttpc/lhttpc_lib.xml"
Generating HTML - lhttpc_client "/home/pete/wefwefwef/docs/other/bc10b4cd7242631c65f05190cfde1adff26b09cb/repo/fix-time-deprec/.xml/lhttpc/lhttpc_client.xml"
Reading XML for "/home/pete/wefwefwef/docs/other/bc10b4cd7242631c65f05190cfde1adff26b09cb/repo/fix-time-deprec/.xml/lhttpc/lhttpc_sup.xml"
Reading XML for "/home/pete/wefwefwef/docs/other/bc10b4cd7242631c65f05190cfde1adff26b09cb/repo/fix-time-deprec/.xml/lhttpc/lhttpc_sock.xml"
Reading XML for "/home/pete/wefwefwef/docs/other/bc10b4cd7242631c65f05190cfde1adff26b09cb/repo/fix-time-deprec/.xml/lhttpc/lhttpc_lib.xml"
Reading XML for "/home/pete/wefwefwef/docs/other/bc10b4cd7242631c65f05190cfde1adff26b09cb/repo/fix-time-deprec/.xml/lhttpc/lhttpc_client.xml"
Reading XML for "/home/pete/wefwefwef/docs/other/bc10b4cd7242631c65f05190cfde1adff26b09cb/repo/fix-time-deprec/.xml/specs_lhttpc_client.xml"
Reading XML for "/home/pete/wefwefwef/docs/other/bc10b4cd7242631c65f05190cfde1adff26b09cb/repo/fix-time-deprec/.xml/specs_lhttpc_sup.xml"
Generating HTML - lhttpc_lb "/home/pete/wefwefwef/docs/other/bc10b4cd7242631c65f05190cfde1adff26b09cb/repo/fix-time-deprec/.xml/lhttpc/lhttpc_lb.xml"
Reading XML for "/home/pete/wefwefwef/docs/other/bc10b4cd7242631c65f05190cfde1adff26b09cb/repo/fix-time-deprec/.xml/lhttpc/lhttpc_lb.xml"
Reading XML for "/home/pete/wefwefwef/docs/other/bc10b4cd7242631c65f05190cfde1adff26b09cb/repo/fix-time-deprec/.xml/specs_lhttpc_lib.xml"
Reading XML for "/home/pete/wefwefwef/docs/other/bc10b4cd7242631c65f05190cfde1adff26b09cb/repo/fix-time-deprec/.xml/specs_lhttpc_sock.xml"
Reading XML for "/home/pete/wefwefwef/docs/other/bc10b4cd7242631c65f05190cfde1adff26b09cb/repo/fix-time-deprec/.xml/specs_lhttpc_lb.xml"
Creating index.html ...
Creating erldocs_index.js ...
Woot, finished in 0 Minutes 1 Seconds
 :: Discovering other repos
$ 5000  `rm -r '/home/pete/wefwefwef/docs/other/bc10b4cd7242631c65f05190cfde1adff26b09cb/lhttpc-branch-fix-time-deprec'  2>&1`
 :: Processing https://github.com/ferd/lhttpc	{rev,tag,"1.2.9","28d5562be7e53576b624a6f82deac7303ce8f2dd",undefined,[],[]}
 :: Fetching repo code
$ cd '/home/pete/wefwefwef/docs/other/bc10b4cd7242631c65f05190cfde1adff26b09cb/lhttpc-tag-1.2.9'
$ infinity  `curl --fail --silent --show-error --location --output repo.tar.gz 'https://codeload.github.com/ferd/lhttpc/tar.gz/1.2.9'  2>&1`
$ cd '/home/pete/wefwefwef/docs/erldocs_other.git'
$ cd '/home/pete/wefwefwef/docs/other/bc10b4cd7242631c65f05190cfde1adff26b09cb/lhttpc-tag-1.2.9/lhttpc-1.2.9'
$ 5000  `find -P . -type l -delete  2>&1`
$ cd '/home/pete/wefwefwef/docs/erldocs_other.git'
$ 5000  `mv '/home/pete/wefwefwef/docs/other/bc10b4cd7242631c65f05190cfde1adff26b09cb/lhttpc-tag-1.2.9/lhttpc-1.2.9' '/home/pete/wefwefwef/docs/other/bc10b4cd7242631c65f05190cfde1adff26b09cb/lhttpc-tag-1.2.9/lhttpc'  2>&1`
 :: Getting dependencies
$ cd '/home/pete/wefwefwef/docs/other/bc10b4cd7242631c65f05190cfde1adff26b09cb/lhttpc-tag-1.2.9/lhttpc'
$ 5000  `ls -1 deps/  2>&1`
$ cd '/home/pete/wefwefwef/docs/erldocs_other.git'
>>> [rebar] deps = []
 :: Generating erldocs into /home/pete/wefwefwef/docs/other/bc10b4cd7242631c65f05190cfde1adff26b09cb/repo/1.2.9
Building lhttpc
Generating Type Specs - "/home/pete/wefwefwef/docs/other/bc10b4cd7242631c65f05190cfde1adff26b09cb/lhttpc-tag-1.2.9/lhttpc/src/lhttpc.erl"
Generating Type Specs - "/home/pete/wefwefwef/docs/other/bc10b4cd7242631c65f05190cfde1adff26b09cb/lhttpc-tag-1.2.9/lhttpc/src/lhttpc_client.erl"
Generating Type Specs - "/home/pete/wefwefwef/docs/other/bc10b4cd7242631c65f05190cfde1adff26b09cb/lhttpc-tag-1.2.9/lhttpc/src/lhttpc_lb.erl"
Generating Type Specs - "/home/pete/wefwefwef/docs/other/bc10b4cd7242631c65f05190cfde1adff26b09cb/lhttpc-tag-1.2.9/lhttpc/src/lhttpc_lib.erl"
Generating Type Specs - "/home/pete/wefwefwef/docs/other/bc10b4cd7242631c65f05190cfde1adff26b09cb/lhttpc-tag-1.2.9/lhttpc/src/lhttpc_sock.erl"
Generating Type Specs - "/home/pete/wefwefwef/docs/other/bc10b4cd7242631c65f05190cfde1adff26b09cb/lhttpc-tag-1.2.9/lhttpc/src/lhttpc_sup.erl"
Generating XML for application lhttpc "/home/pete/wefwefwef/docs/other/bc10b4cd7242631c65f05190cfde1adff26b09cb/lhttpc-tag-1.2.9/lhttpc" -> "/home/pete/wefwefwef/docs/other/bc10b4cd7242631c65f05190cfde1adff26b09cb/repo/1.2.9/.xml/lhttpc"
/home/pete/wefwefwef/docs/other/bc10b4cd7242631c65f05190cfde1adff26b09cb/lhttpc-tag-1.2.9/lhttpc/src/lhttpc.erl, function lb_status/0: at line 95: unknown error parsing specification: {95,edoc_parser,
                                      ["syntax error before: ","'.'"]}.
edoc: skipping source file '/home/pete/wefwefwef/docs/other/bc10b4cd7242631c65f05190cfde1adff26b09cb/lhttpc-tag-1.2.9/lhttpc/src/lhttpc.erl': {'EXIT',
                                                                                                                                         error}.
edoc: error in doclet 'edoc_doclet': {'EXIT',error}.
Error generating lhttpc XMLs. Using fallback ...
Generating XML lhttpc - lhttpc "/home/pete/wefwefwef/docs/other/bc10b4cd7242631c65f05190cfde1adff26b09cb/lhttpc-tag-1.2.9/lhttpc/src/lhttpc.erl" -> "/home/pete/wefwefwef/docs/other/bc10b4cd7242631c65f05190cfde1adff26b09cb/repo/1.2.9/.xml/lhttpc/lhttpc.xml"
/home/pete/wefwefwef/docs/other/bc10b4cd7242631c65f05190cfde1adff26b09cb/lhttpc-tag-1.2.9/lhttpc/src/lhttpc.erl, function lb_status/0: at line 95: unknown error parsing specification: {95,edoc_parser,
                                      ["syntax error before: ","'.'"]}.
Error generating XML ("/home/pete/wefwefwef/docs/other/bc10b4cd7242631c65f05190cfde1adff26b09cb/lhttpc-tag-1.2.9/lhttpc/src/lhttpc.erl"): {'EXIT',
                                                                                                                                           error}
Generating XML lhttpc - lhttpc_client "/home/pete/wefwefwef/docs/other/bc10b4cd7242631c65f05190cfde1adff26b09cb/lhttpc-tag-1.2.9/lhttpc/src/lhttpc_client.erl" -> "/home/pete/wefwefwef/docs/other/bc10b4cd7242631c65f05190cfde1adff26b09cb/repo/1.2.9/.xml/lhttpc/lhttpc_client.xml"
Generating XML lhttpc - lhttpc_lb "/home/pete/wefwefwef/docs/other/bc10b4cd7242631c65f05190cfde1adff26b09cb/lhttpc-tag-1.2.9/lhttpc/src/lhttpc_lb.erl" -> "/home/pete/wefwefwef/docs/other/bc10b4cd7242631c65f05190cfde1adff26b09cb/repo/1.2.9/.xml/lhttpc/lhttpc_lb.xml"
Generating XML lhttpc - lhttpc_lib "/home/pete/wefwefwef/docs/other/bc10b4cd7242631c65f05190cfde1adff26b09cb/lhttpc-tag-1.2.9/lhttpc/src/lhttpc_lib.erl" -> "/home/pete/wefwefwef/docs/other/bc10b4cd7242631c65f05190cfde1adff26b09cb/repo/1.2.9/.xml/lhttpc/lhttpc_lib.xml"
Generating XML lhttpc - lhttpc_sock "/home/pete/wefwefwef/docs/other/bc10b4cd7242631c65f05190cfde1adff26b09cb/lhttpc-tag-1.2.9/lhttpc/src/lhttpc_sock.erl" -> "/home/pete/wefwefwef/docs/other/bc10b4cd7242631c65f05190cfde1adff26b09cb/repo/1.2.9/.xml/lhttpc/lhttpc_sock.xml"
Generating XML lhttpc - lhttpc_sup "/home/pete/wefwefwef/docs/other/bc10b4cd7242631c65f05190cfde1adff26b09cb/lhttpc-tag-1.2.9/lhttpc/src/lhttpc_sup.erl" -> "/home/pete/wefwefwef/docs/other/bc10b4cd7242631c65f05190cfde1adff26b09cb/repo/1.2.9/.xml/lhttpc/lhttpc_sup.xml"
Generating HTML - lhttpc_sup "/home/pete/wefwefwef/docs/other/bc10b4cd7242631c65f05190cfde1adff26b09cb/repo/1.2.9/.xml/lhttpc/lhttpc_sup.xml"
Generating HTML - lhttpc_sock "/home/pete/wefwefwef/docs/other/bc10b4cd7242631c65f05190cfde1adff26b09cb/repo/1.2.9/.xml/lhttpc/lhttpc_sock.xml"
Generating HTML - lhttpc_lib "/home/pete/wefwefwef/docs/other/bc10b4cd7242631c65f05190cfde1adff26b09cb/repo/1.2.9/.xml/lhttpc/lhttpc_lib.xml"
Generating HTML - lhttpc_client "/home/pete/wefwefwef/docs/other/bc10b4cd7242631c65f05190cfde1adff26b09cb/repo/1.2.9/.xml/lhttpc/lhttpc_client.xml"
Reading XML for "/home/pete/wefwefwef/docs/other/bc10b4cd7242631c65f05190cfde1adff26b09cb/repo/1.2.9/.xml/lhttpc/lhttpc_sup.xml"
Reading XML for "/home/pete/wefwefwef/docs/other/bc10b4cd7242631c65f05190cfde1adff26b09cb/repo/1.2.9/.xml/lhttpc/lhttpc_sock.xml"
Reading XML for "/home/pete/wefwefwef/docs/other/bc10b4cd7242631c65f05190cfde1adff26b09cb/repo/1.2.9/.xml/lhttpc/lhttpc_lib.xml"
Reading XML for "/home/pete/wefwefwef/docs/other/bc10b4cd7242631c65f05190cfde1adff26b09cb/repo/1.2.9/.xml/lhttpc/lhttpc_client.xml"
Reading XML for "/home/pete/wefwefwef/docs/other/bc10b4cd7242631c65f05190cfde1adff26b09cb/repo/1.2.9/.xml/specs_lhttpc_sup.xml"
Reading XML for "/home/pete/wefwefwef/docs/other/bc10b4cd7242631c65f05190cfde1adff26b09cb/repo/1.2.9/.xml/specs_lhttpc_client.xml"
Reading XML for "/home/pete/wefwefwef/docs/other/bc10b4cd7242631c65f05190cfde1adff26b09cb/repo/1.2.9/.xml/specs_lhttpc_sock.xml"
Reading XML for "/home/pete/wefwefwef/docs/other/bc10b4cd7242631c65f05190cfde1adff26b09cb/repo/1.2.9/.xml/specs_lhttpc_lib.xml"
Generating HTML - lhttpc_lb "/home/pete/wefwefwef/docs/other/bc10b4cd7242631c65f05190cfde1adff26b09cb/repo/1.2.9/.xml/lhttpc/lhttpc_lb.xml"
Reading XML for "/home/pete/wefwefwef/docs/other/bc10b4cd7242631c65f05190cfde1adff26b09cb/repo/1.2.9/.xml/lhttpc/lhttpc_lb.xml"
Reading XML for "/home/pete/wefwefwef/docs/other/bc10b4cd7242631c65f05190cfde1adff26b09cb/repo/1.2.9/.xml/specs_lhttpc_lb.xml"
Creating index.html ...
Creating erldocs_index.js ...
Woot, finished in 0 Minutes 1 Seconds
 :: Discovering other repos
$ 5000  `rm -r '/home/pete/wefwefwef/docs/other/bc10b4cd7242631c65f05190cfde1adff26b09cb/lhttpc-tag-1.2.9'  2>&1`
 :: Finishing up
$ 5000  `rm -r '/home/pete/wefwefwef/docs/other/bc10b4cd7242631c65f05190cfde1adff26b09cb/lhttpc'  2>&1`
