 :: Extracting meta information
$ 5000  `git ls-remote --heads --tags 'https://github.com/dbarney/chick'  2>&1`
>>> [repo] 1 branches, 0 tags
 :: Writing meta to "/home/pete/wefwefwef/docs/other/4873644844/meta.txt"
 :: Processing https://github.com/dbarney/chick	{rev,branch,"master","93c5a10c503e846f16471d1c8de1fa9e2876c53c"}
 :: Fetching repo code
$ cd "/home/pete/wefwefwef/docs/other/4873644844/chick-branch-master/chick"
$ infinity  `curl --fail --silent --show-error --location --output 'master.zip' 'https://github.com/dbarney/chick/archive/master.zip'  2>&1`
$ cd "/home/pete/wefwefwef/docs/erldocs_other.git"
$ cd "/home/pete/wefwefwef/docs/other/4873644844/chick-branch-master/chick"
$ 5000  `find -P . -type l -delete  2>&1`
$ cd "/home/pete/wefwefwef/docs/erldocs_other.git"
$ cd "/home/pete/wefwefwef/docs/other/4873644844/chick-branch-master/chick"
$ 5000  `find 'chick-master' -mindepth 1 -maxdepth 1 -exec mv -t . -- {} +  2>&1`
$ cd "/home/pete/wefwefwef/docs/erldocs_other.git"
 :: Getting dependencies
$ cd "/home/pete/wefwefwef/docs/other/4873644844/chick-branch-master/chick"
$ 5000  `ls -1 deps/  2>&1`
$ cd "/home/pete/wefwefwef/docs/erldocs_other.git"
>>> [rebar] deps = []
 :: Generating erldocs into /home/pete/wefwefwef/docs/other/4873644844/repo/master
Building chick
Generating Type Specs - "/home/pete/wefwefwef/docs/other/4873644844/chick-branch-master/chick/src/chick.erl"
Generating Type Specs - "/home/pete/wefwefwef/docs/other/4873644844/chick-branch-master/chick/src/chick_app.erl"
Generating Type Specs - "/home/pete/wefwefwef/docs/other/4873644844/chick-branch-master/chick/src/chick_sup.erl"
Generating Type Specs - "/home/pete/wefwefwef/docs/other/4873644844/chick-branch-master/chick/src/chick_worker.erl"
Generating XML for application chick "/home/pete/wefwefwef/docs/other/4873644844/chick-branch-master/chick" -> "/home/pete/wefwefwef/docs/other/4873644844/repo/master/.xml/chick"
Generated chick XMLs: ["/home/pete/wefwefwef/docs/other/4873644844/repo/master/.xml/chick/chick_app.xml",
                       "/home/pete/wefwefwef/docs/other/4873644844/repo/master/.xml/chick/chick_worker.xml",
                       "/home/pete/wefwefwef/docs/other/4873644844/repo/master/.xml/chick/chick.xml",
                       "/home/pete/wefwefwef/docs/other/4873644844/repo/master/.xml/chick/chick_sup.xml"]
Generating HTML - chick_app "/home/pete/wefwefwef/docs/other/4873644844/repo/master/.xml/chick/chick_app.xml"
Generating HTML - chick_worker "/home/pete/wefwefwef/docs/other/4873644844/repo/master/.xml/chick/chick_worker.xml"
Generating HTML - chick "/home/pete/wefwefwef/docs/other/4873644844/repo/master/.xml/chick/chick.xml"
Generating HTML - chick_sup "/home/pete/wefwefwef/docs/other/4873644844/repo/master/.xml/chick/chick_sup.xml"
Reading XML for "/home/pete/wefwefwef/docs/other/4873644844/repo/master/.xml/chick/chick_app.xml"
Reading XML for "/home/pete/wefwefwef/docs/other/4873644844/repo/master/.xml/chick/chick_worker.xml"
Reading XML for "/home/pete/wefwefwef/docs/other/4873644844/repo/master/.xml/chick/chick.xml"
Reading XML for "/home/pete/wefwefwef/docs/other/4873644844/repo/master/.xml/chick/chick_sup.xml"
Reading XML for "/home/pete/wefwefwef/docs/other/4873644844/repo/master/.xml/specs_chick_worker.xml"
Reading XML for "/home/pete/wefwefwef/docs/other/4873644844/repo/master/.xml/specs_chick_app.xml"
Reading XML for "/home/pete/wefwefwef/docs/other/4873644844/repo/master/.xml/specs_chick.xml"
Reading XML for "/home/pete/wefwefwef/docs/other/4873644844/repo/master/.xml/specs_chick_sup.xml"
Creating index.html ...
Creating erldocs_index.js ...
Woot, finished in 0 Minutes 0 Seconds
 :: Discovering other repos
$ 5000  `rm -r '/home/pete/wefwefwef/docs/other/4873644844/chick-branch-master'  2>&1`
 :: Erldocs finishing up
$ 5000  `rm -r '/home/pete/wefwefwef/docs/other/4873644844/chick'  2>&1`
