 :: Extracting meta information
$ 5000  `git ls-remote --heads --tags 'https://github.com/feuerlabs/lhttpc'  2>&1`
>>> [repo] 1 branches, 8 tags
 :: Writing meta to "/home/pete/wefwefwef/docs/other/5432086285/meta.txt"
 :: Processing https://github.com/feuerlabs/lhttpc	{rev,tag,"1.2.6","dac633e35b82383e6722556243a64a5c56876b6e"}
 :: Fetching repo code
$ cd "/home/pete/wefwefwef/docs/other/5432086285/lhttpc-tag-1.2.6/lhttpc"
$ infinity  `curl --fail --silent --show-error --location --output '1.2.6.zip' 'https://github.com/feuerlabs/lhttpc/archive/1.2.6.zip'  2>&1`
$ cd "/home/pete/wefwefwef/docs/erldocs_other.git"
$ cd "/home/pete/wefwefwef/docs/other/5432086285/lhttpc-tag-1.2.6/lhttpc"
$ 5000  `find -P . -type l -delete  2>&1`
$ cd "/home/pete/wefwefwef/docs/erldocs_other.git"
$ cd "/home/pete/wefwefwef/docs/other/5432086285/lhttpc-tag-1.2.6/lhttpc"
$ 5000  `find 'lhttpc-1.2.6' -mindepth 1 -maxdepth 1 -exec mv -t . -- {} +  2>&1`
$ cd "/home/pete/wefwefwef/docs/erldocs_other.git"
 :: Getting dependencies
$ cd "/home/pete/wefwefwef/docs/other/5432086285/lhttpc-tag-1.2.6/lhttpc"
$ 5000  `ls -1 deps/  2>&1`
$ cd "/home/pete/wefwefwef/docs/erldocs_other.git"
>>> [rebar] deps = []
 :: Generating erldocs into /home/pete/wefwefwef/docs/other/5432086285/repo/1.2.6
Building lhttpc
Generating Type Specs - "/home/pete/wefwefwef/docs/other/5432086285/lhttpc-tag-1.2.6/lhttpc/src/lhttpc.erl"
Generating Type Specs - "/home/pete/wefwefwef/docs/other/5432086285/lhttpc-tag-1.2.6/lhttpc/src/lhttpc_client.erl"
Generating Type Specs - "/home/pete/wefwefwef/docs/other/5432086285/lhttpc-tag-1.2.6/lhttpc/src/lhttpc_lib.erl"
Generating Type Specs - "/home/pete/wefwefwef/docs/other/5432086285/lhttpc-tag-1.2.6/lhttpc/src/lhttpc_manager.erl"
Generating Type Specs - "/home/pete/wefwefwef/docs/other/5432086285/lhttpc-tag-1.2.6/lhttpc/src/lhttpc_sock.erl"
Generating Type Specs - "/home/pete/wefwefwef/docs/other/5432086285/lhttpc-tag-1.2.6/lhttpc/src/lhttpc_sup.erl"
Generating XML for application lhttpc "/home/pete/wefwefwef/docs/other/5432086285/lhttpc-tag-1.2.6/lhttpc" -> "/home/pete/wefwefwef/docs/other/5432086285/repo/1.2.6/.xml/lhttpc"
/home/pete/wefwefwef/docs/other/5432086285/lhttpc-tag-1.2.6/lhttpc/src/lhttpc_manager.erl, in module header: at line 35: warning: redefining built-in type 'boolean'.
/home/pete/wefwefwef/docs/other/5432086285/lhttpc-tag-1.2.6/lhttpc/src/lhttpc.erl, in module header: at line 31: warning: redefining built-in type 'boolean'.
/home/pete/wefwefwef/docs/other/5432086285/lhttpc-tag-1.2.6/lhttpc/src/lhttpc.erl, in module header: at line 32: warning: redefining built-in type 'iolist'.
/home/pete/wefwefwef/docs/other/5432086285/lhttpc-tag-1.2.6/lhttpc/src/lhttpc_lib.erl, in module header: at line 32: warning: redefining built-in type 'boolean'.
/home/pete/wefwefwef/docs/other/5432086285/lhttpc-tag-1.2.6/lhttpc/src/lhttpc_lib.erl, in module header: at line 33: warning: redefining built-in type 'iolist'.
/home/pete/wefwefwef/docs/other/5432086285/lhttpc-tag-1.2.6/lhttpc/src/lhttpc_client.erl, in module header: at line 33: warning: redefining built-in type 'boolean'.
/home/pete/wefwefwef/docs/other/5432086285/lhttpc-tag-1.2.6/lhttpc/src/lhttpc_client.erl, in module header: at line 34: warning: redefining built-in type 'iolist'.
/home/pete/wefwefwef/docs/other/5432086285/lhttpc-tag-1.2.6/lhttpc/src/lhttpc_sock.erl, in module header: at line 33: warning: redefining built-in type 'boolean'.
Generated lhttpc XMLs: ["/home/pete/wefwefwef/docs/other/5432086285/repo/1.2.6/.xml/lhttpc/lhttpc_manager.xml",
                        "/home/pete/wefwefwef/docs/other/5432086285/repo/1.2.6/.xml/lhttpc/lhttpc_sup.xml",
                        "/home/pete/wefwefwef/docs/other/5432086285/repo/1.2.6/.xml/lhttpc/lhttpc.xml"]
Generating HTML - lhttpc "/home/pete/wefwefwef/docs/other/5432086285/repo/1.2.6/.xml/lhttpc/lhttpc.xml"
Reading XML for "/home/pete/wefwefwef/docs/other/5432086285/repo/1.2.6/.xml/lhttpc/lhttpc.xml"
Reading XML for "/home/pete/wefwefwef/docs/other/5432086285/repo/1.2.6/.xml/specs_lhttpc.xml"
Generating HTML - lhttpc_sup "/home/pete/wefwefwef/docs/other/5432086285/repo/1.2.6/.xml/lhttpc/lhttpc_sup.xml"
Reading XML for "/home/pete/wefwefwef/docs/other/5432086285/repo/1.2.6/.xml/lhttpc/lhttpc_sup.xml"
Reading XML for "/home/pete/wefwefwef/docs/other/5432086285/repo/1.2.6/.xml/specs_lhttpc_sup.xml"
Generating HTML - lhttpc_manager "/home/pete/wefwefwef/docs/other/5432086285/repo/1.2.6/.xml/lhttpc/lhttpc_manager.xml"
Reading XML for "/home/pete/wefwefwef/docs/other/5432086285/repo/1.2.6/.xml/lhttpc/lhttpc_manager.xml"
Reading XML for "/home/pete/wefwefwef/docs/other/5432086285/repo/1.2.6/.xml/specs_lhttpc_manager.xml"
Creating index.html ...
Creating erldocs_index.js ...
Woot, finished in 0 Minutes 1 Seconds
 :: Discovering other repos
$ 5000  `rm -r '/home/pete/wefwefwef/docs/other/5432086285/lhttpc-tag-1.2.6'  2>&1`
 :: Processing https://github.com/feuerlabs/lhttpc	{rev,tag,"1.2.6.fl.7","9ea47b6b7df7f5df21b6e497e92ee1543d794929"}
 :: Fetching repo code
$ cd "/home/pete/wefwefwef/docs/other/5432086285/lhttpc-tag-1.2.6.fl.7/lhttpc"
$ infinity  `curl --fail --silent --show-error --location --output '1.2.6.fl.7.zip' 'https://github.com/feuerlabs/lhttpc/archive/1.2.6.fl.7.zip'  2>&1`
$ cd "/home/pete/wefwefwef/docs/erldocs_other.git"
$ cd "/home/pete/wefwefwef/docs/other/5432086285/lhttpc-tag-1.2.6.fl.7/lhttpc"
$ 5000  `find -P . -type l -delete  2>&1`
$ cd "/home/pete/wefwefwef/docs/erldocs_other.git"
$ cd "/home/pete/wefwefwef/docs/other/5432086285/lhttpc-tag-1.2.6.fl.7/lhttpc"
$ 5000  `find 'lhttpc-1.2.6.fl.7' -mindepth 1 -maxdepth 1 -exec mv -t . -- {} +  2>&1`
$ cd "/home/pete/wefwefwef/docs/erldocs_other.git"
 :: Getting dependencies
$ cd "/home/pete/wefwefwef/docs/other/5432086285/lhttpc-tag-1.2.6.fl.7/lhttpc"
$ 5000  `ls -1 deps/  2>&1`
$ cd "/home/pete/wefwefwef/docs/erldocs_other.git"
>>> [rebar] deps = []
 :: Generating erldocs into /home/pete/wefwefwef/docs/other/5432086285/repo/1.2.6.fl.7
Building lhttpc
Generating Type Specs - "/home/pete/wefwefwef/docs/other/5432086285/lhttpc-tag-1.2.6.fl.7/lhttpc/src/lhttpc.erl"
Generating Type Specs - "/home/pete/wefwefwef/docs/other/5432086285/lhttpc-tag-1.2.6.fl.7/lhttpc/src/lhttpc_client.erl"
Generating Type Specs - "/home/pete/wefwefwef/docs/other/5432086285/lhttpc-tag-1.2.6.fl.7/lhttpc/src/lhttpc_lib.erl"
Generating Type Specs - "/home/pete/wefwefwef/docs/other/5432086285/lhttpc-tag-1.2.6.fl.7/lhttpc/src/lhttpc_manager.erl"
Generating Type Specs - "/home/pete/wefwefwef/docs/other/5432086285/lhttpc-tag-1.2.6.fl.7/lhttpc/src/lhttpc_sock.erl"
Generating Type Specs - "/home/pete/wefwefwef/docs/other/5432086285/lhttpc-tag-1.2.6.fl.7/lhttpc/src/lhttpc_sup.erl"
Generating XML for application lhttpc "/home/pete/wefwefwef/docs/other/5432086285/lhttpc-tag-1.2.6.fl.7/lhttpc" -> "/home/pete/wefwefwef/docs/other/5432086285/repo/1.2.6.fl.7/.xml/lhttpc"
Generated lhttpc XMLs: ["/home/pete/wefwefwef/docs/other/5432086285/repo/1.2.6.fl.7/.xml/lhttpc/lhttpc_manager.xml",
                        "/home/pete/wefwefwef/docs/other/5432086285/repo/1.2.6.fl.7/.xml/lhttpc/lhttpc_sup.xml",
                        "/home/pete/wefwefwef/docs/other/5432086285/repo/1.2.6.fl.7/.xml/lhttpc/lhttpc.xml"]
Generating HTML - lhttpc "/home/pete/wefwefwef/docs/other/5432086285/repo/1.2.6.fl.7/.xml/lhttpc/lhttpc.xml"
Reading XML for "/home/pete/wefwefwef/docs/other/5432086285/repo/1.2.6.fl.7/.xml/lhttpc/lhttpc.xml"
Reading XML for "/home/pete/wefwefwef/docs/other/5432086285/repo/1.2.6.fl.7/.xml/specs_lhttpc.xml"
Generating HTML - lhttpc_sup "/home/pete/wefwefwef/docs/other/5432086285/repo/1.2.6.fl.7/.xml/lhttpc/lhttpc_sup.xml"
Reading XML for "/home/pete/wefwefwef/docs/other/5432086285/repo/1.2.6.fl.7/.xml/lhttpc/lhttpc_sup.xml"
Reading XML for "/home/pete/wefwefwef/docs/other/5432086285/repo/1.2.6.fl.7/.xml/specs_lhttpc_sup.xml"
Generating HTML - lhttpc_manager "/home/pete/wefwefwef/docs/other/5432086285/repo/1.2.6.fl.7/.xml/lhttpc/lhttpc_manager.xml"
Reading XML for "/home/pete/wefwefwef/docs/other/5432086285/repo/1.2.6.fl.7/.xml/lhttpc/lhttpc_manager.xml"
Reading XML for "/home/pete/wefwefwef/docs/other/5432086285/repo/1.2.6.fl.7/.xml/specs_lhttpc_manager.xml"
Creating index.html ...
Creating erldocs_index.js ...
Woot, finished in 0 Minutes 1 Seconds
 :: Discovering other repos
$ 5000  `rm -r '/home/pete/wefwefwef/docs/other/5432086285/lhttpc-tag-1.2.6.fl.7'  2>&1`
 :: Processing https://github.com/feuerlabs/lhttpc	{rev,tag,"1.2.6.fl.1","6485d9a53a1e5a0234bb961a2ff0bee927380526"}
 :: Fetching repo code
$ cd "/home/pete/wefwefwef/docs/other/5432086285/lhttpc-tag-1.2.6.fl.1/lhttpc"
$ infinity  `curl --fail --silent --show-error --location --output '1.2.6.fl.1.zip' 'https://github.com/feuerlabs/lhttpc/archive/1.2.6.fl.1.zip'  2>&1`
$ cd "/home/pete/wefwefwef/docs/erldocs_other.git"
$ cd "/home/pete/wefwefwef/docs/other/5432086285/lhttpc-tag-1.2.6.fl.1/lhttpc"
$ 5000  `find -P . -type l -delete  2>&1`
$ cd "/home/pete/wefwefwef/docs/erldocs_other.git"
$ cd "/home/pete/wefwefwef/docs/other/5432086285/lhttpc-tag-1.2.6.fl.1/lhttpc"
$ 5000  `find 'lhttpc-1.2.6.fl.1' -mindepth 1 -maxdepth 1 -exec mv -t . -- {} +  2>&1`
$ cd "/home/pete/wefwefwef/docs/erldocs_other.git"
 :: Getting dependencies
$ cd "/home/pete/wefwefwef/docs/other/5432086285/lhttpc-tag-1.2.6.fl.1/lhttpc"
$ 5000  `ls -1 deps/  2>&1`
$ cd "/home/pete/wefwefwef/docs/erldocs_other.git"
>>> [rebar] deps = []
 :: Generating erldocs into /home/pete/wefwefwef/docs/other/5432086285/repo/1.2.6.fl.1
Building lhttpc
Generating Type Specs - "/home/pete/wefwefwef/docs/other/5432086285/lhttpc-tag-1.2.6.fl.1/lhttpc/src/lhttpc.erl"
Generating Type Specs - "/home/pete/wefwefwef/docs/other/5432086285/lhttpc-tag-1.2.6.fl.1/lhttpc/src/lhttpc_client.erl"
Generating Type Specs - "/home/pete/wefwefwef/docs/other/5432086285/lhttpc-tag-1.2.6.fl.1/lhttpc/src/lhttpc_lib.erl"
Generating Type Specs - "/home/pete/wefwefwef/docs/other/5432086285/lhttpc-tag-1.2.6.fl.1/lhttpc/src/lhttpc_manager.erl"
Generating Type Specs - "/home/pete/wefwefwef/docs/other/5432086285/lhttpc-tag-1.2.6.fl.1/lhttpc/src/lhttpc_sock.erl"
Generating Type Specs - "/home/pete/wefwefwef/docs/other/5432086285/lhttpc-tag-1.2.6.fl.1/lhttpc/src/lhttpc_sup.erl"
Generating XML for application lhttpc "/home/pete/wefwefwef/docs/other/5432086285/lhttpc-tag-1.2.6.fl.1/lhttpc" -> "/home/pete/wefwefwef/docs/other/5432086285/repo/1.2.6.fl.1/.xml/lhttpc"
Generated lhttpc XMLs: ["/home/pete/wefwefwef/docs/other/5432086285/repo/1.2.6.fl.1/.xml/lhttpc/lhttpc_manager.xml",
                        "/home/pete/wefwefwef/docs/other/5432086285/repo/1.2.6.fl.1/.xml/lhttpc/lhttpc_sup.xml",
                        "/home/pete/wefwefwef/docs/other/5432086285/repo/1.2.6.fl.1/.xml/lhttpc/lhttpc.xml"]
Generating HTML - lhttpc "/home/pete/wefwefwef/docs/other/5432086285/repo/1.2.6.fl.1/.xml/lhttpc/lhttpc.xml"
Reading XML for "/home/pete/wefwefwef/docs/other/5432086285/repo/1.2.6.fl.1/.xml/lhttpc/lhttpc.xml"
Reading XML for "/home/pete/wefwefwef/docs/other/5432086285/repo/1.2.6.fl.1/.xml/specs_lhttpc.xml"
Generating HTML - lhttpc_sup "/home/pete/wefwefwef/docs/other/5432086285/repo/1.2.6.fl.1/.xml/lhttpc/lhttpc_sup.xml"
Reading XML for "/home/pete/wefwefwef/docs/other/5432086285/repo/1.2.6.fl.1/.xml/lhttpc/lhttpc_sup.xml"
Reading XML for "/home/pete/wefwefwef/docs/other/5432086285/repo/1.2.6.fl.1/.xml/specs_lhttpc_sup.xml"
Generating HTML - lhttpc_manager "/home/pete/wefwefwef/docs/other/5432086285/repo/1.2.6.fl.1/.xml/lhttpc/lhttpc_manager.xml"
Reading XML for "/home/pete/wefwefwef/docs/other/5432086285/repo/1.2.6.fl.1/.xml/lhttpc/lhttpc_manager.xml"
Reading XML for "/home/pete/wefwefwef/docs/other/5432086285/repo/1.2.6.fl.1/.xml/specs_lhttpc_manager.xml"
Creating index.html ...
Creating erldocs_index.js ...
Woot, finished in 0 Minutes 1 Seconds
 :: Discovering other repos
$ 5000  `rm -r '/home/pete/wefwefwef/docs/other/5432086285/lhttpc-tag-1.2.6.fl.1'  2>&1`
 :: Processing https://github.com/feuerlabs/lhttpc	{rev,tag,"1.2.6.fl.2","6485d9a53a1e5a0234bb961a2ff0bee927380526"}
 :: Fetching repo code
$ cd "/home/pete/wefwefwef/docs/other/5432086285/lhttpc-tag-1.2.6.fl.2/lhttpc"
$ infinity  `curl --fail --silent --show-error --location --output '1.2.6.fl.2.zip' 'https://github.com/feuerlabs/lhttpc/archive/1.2.6.fl.2.zip'  2>&1`
$ cd "/home/pete/wefwefwef/docs/erldocs_other.git"
$ cd "/home/pete/wefwefwef/docs/other/5432086285/lhttpc-tag-1.2.6.fl.2/lhttpc"
$ 5000  `find -P . -type l -delete  2>&1`
$ cd "/home/pete/wefwefwef/docs/erldocs_other.git"
$ cd "/home/pete/wefwefwef/docs/other/5432086285/lhttpc-tag-1.2.6.fl.2/lhttpc"
$ 5000  `find 'lhttpc-1.2.6.fl.2' -mindepth 1 -maxdepth 1 -exec mv -t . -- {} +  2>&1`
$ cd "/home/pete/wefwefwef/docs/erldocs_other.git"
 :: Getting dependencies
$ cd "/home/pete/wefwefwef/docs/other/5432086285/lhttpc-tag-1.2.6.fl.2/lhttpc"
$ 5000  `ls -1 deps/  2>&1`
$ cd "/home/pete/wefwefwef/docs/erldocs_other.git"
>>> [rebar] deps = []
 :: Generating erldocs into /home/pete/wefwefwef/docs/other/5432086285/repo/1.2.6.fl.2
Building lhttpc
Generating Type Specs - "/home/pete/wefwefwef/docs/other/5432086285/lhttpc-tag-1.2.6.fl.2/lhttpc/src/lhttpc.erl"
Generating Type Specs - "/home/pete/wefwefwef/docs/other/5432086285/lhttpc-tag-1.2.6.fl.2/lhttpc/src/lhttpc_client.erl"
Generating Type Specs - "/home/pete/wefwefwef/docs/other/5432086285/lhttpc-tag-1.2.6.fl.2/lhttpc/src/lhttpc_lib.erl"
Generating Type Specs - "/home/pete/wefwefwef/docs/other/5432086285/lhttpc-tag-1.2.6.fl.2/lhttpc/src/lhttpc_manager.erl"
Generating Type Specs - "/home/pete/wefwefwef/docs/other/5432086285/lhttpc-tag-1.2.6.fl.2/lhttpc/src/lhttpc_sock.erl"
Generating Type Specs - "/home/pete/wefwefwef/docs/other/5432086285/lhttpc-tag-1.2.6.fl.2/lhttpc/src/lhttpc_sup.erl"
Generating XML for application lhttpc "/home/pete/wefwefwef/docs/other/5432086285/lhttpc-tag-1.2.6.fl.2/lhttpc" -> "/home/pete/wefwefwef/docs/other/5432086285/repo/1.2.6.fl.2/.xml/lhttpc"
Generated lhttpc XMLs: ["/home/pete/wefwefwef/docs/other/5432086285/repo/1.2.6.fl.2/.xml/lhttpc/lhttpc_manager.xml",
                        "/home/pete/wefwefwef/docs/other/5432086285/repo/1.2.6.fl.2/.xml/lhttpc/lhttpc_sup.xml",
                        "/home/pete/wefwefwef/docs/other/5432086285/repo/1.2.6.fl.2/.xml/lhttpc/lhttpc.xml"]
Generating HTML - lhttpc "/home/pete/wefwefwef/docs/other/5432086285/repo/1.2.6.fl.2/.xml/lhttpc/lhttpc.xml"
Reading XML for "/home/pete/wefwefwef/docs/other/5432086285/repo/1.2.6.fl.2/.xml/lhttpc/lhttpc.xml"
Reading XML for "/home/pete/wefwefwef/docs/other/5432086285/repo/1.2.6.fl.2/.xml/specs_lhttpc.xml"
Generating HTML - lhttpc_sup "/home/pete/wefwefwef/docs/other/5432086285/repo/1.2.6.fl.2/.xml/lhttpc/lhttpc_sup.xml"
Reading XML for "/home/pete/wefwefwef/docs/other/5432086285/repo/1.2.6.fl.2/.xml/lhttpc/lhttpc_sup.xml"
Reading XML for "/home/pete/wefwefwef/docs/other/5432086285/repo/1.2.6.fl.2/.xml/specs_lhttpc_sup.xml"
Generating HTML - lhttpc_manager "/home/pete/wefwefwef/docs/other/5432086285/repo/1.2.6.fl.2/.xml/lhttpc/lhttpc_manager.xml"
Reading XML for "/home/pete/wefwefwef/docs/other/5432086285/repo/1.2.6.fl.2/.xml/lhttpc/lhttpc_manager.xml"
Reading XML for "/home/pete/wefwefwef/docs/other/5432086285/repo/1.2.6.fl.2/.xml/specs_lhttpc_manager.xml"
Creating index.html ...
Creating erldocs_index.js ...
Woot, finished in 0 Minutes 1 Seconds
 :: Discovering other repos
$ 5000  `rm -r '/home/pete/wefwefwef/docs/other/5432086285/lhttpc-tag-1.2.6.fl.2'  2>&1`
 :: Processing https://github.com/feuerlabs/lhttpc	{rev,tag,"1.2.6.fl.3","6485d9a53a1e5a0234bb961a2ff0bee927380526"}
 :: Fetching repo code
$ cd "/home/pete/wefwefwef/docs/other/5432086285/lhttpc-tag-1.2.6.fl.3/lhttpc"
$ infinity  `curl --fail --silent --show-error --location --output '1.2.6.fl.3.zip' 'https://github.com/feuerlabs/lhttpc/archive/1.2.6.fl.3.zip'  2>&1`
$ cd "/home/pete/wefwefwef/docs/erldocs_other.git"
$ cd "/home/pete/wefwefwef/docs/other/5432086285/lhttpc-tag-1.2.6.fl.3/lhttpc"
$ 5000  `find -P . -type l -delete  2>&1`
$ cd "/home/pete/wefwefwef/docs/erldocs_other.git"
$ cd "/home/pete/wefwefwef/docs/other/5432086285/lhttpc-tag-1.2.6.fl.3/lhttpc"
$ 5000  `find 'lhttpc-1.2.6.fl.3' -mindepth 1 -maxdepth 1 -exec mv -t . -- {} +  2>&1`
$ cd "/home/pete/wefwefwef/docs/erldocs_other.git"
 :: Getting dependencies
$ cd "/home/pete/wefwefwef/docs/other/5432086285/lhttpc-tag-1.2.6.fl.3/lhttpc"
$ 5000  `ls -1 deps/  2>&1`
$ cd "/home/pete/wefwefwef/docs/erldocs_other.git"
>>> [rebar] deps = []
 :: Generating erldocs into /home/pete/wefwefwef/docs/other/5432086285/repo/1.2.6.fl.3
Building lhttpc
Generating Type Specs - "/home/pete/wefwefwef/docs/other/5432086285/lhttpc-tag-1.2.6.fl.3/lhttpc/src/lhttpc.erl"
Generating Type Specs - "/home/pete/wefwefwef/docs/other/5432086285/lhttpc-tag-1.2.6.fl.3/lhttpc/src/lhttpc_client.erl"
Generating Type Specs - "/home/pete/wefwefwef/docs/other/5432086285/lhttpc-tag-1.2.6.fl.3/lhttpc/src/lhttpc_lib.erl"
Generating Type Specs - "/home/pete/wefwefwef/docs/other/5432086285/lhttpc-tag-1.2.6.fl.3/lhttpc/src/lhttpc_manager.erl"
Generating Type Specs - "/home/pete/wefwefwef/docs/other/5432086285/lhttpc-tag-1.2.6.fl.3/lhttpc/src/lhttpc_sock.erl"
Generating Type Specs - "/home/pete/wefwefwef/docs/other/5432086285/lhttpc-tag-1.2.6.fl.3/lhttpc/src/lhttpc_sup.erl"
Generating XML for application lhttpc "/home/pete/wefwefwef/docs/other/5432086285/lhttpc-tag-1.2.6.fl.3/lhttpc" -> "/home/pete/wefwefwef/docs/other/5432086285/repo/1.2.6.fl.3/.xml/lhttpc"
Generated lhttpc XMLs: ["/home/pete/wefwefwef/docs/other/5432086285/repo/1.2.6.fl.3/.xml/lhttpc/lhttpc_manager.xml",
                        "/home/pete/wefwefwef/docs/other/5432086285/repo/1.2.6.fl.3/.xml/lhttpc/lhttpc_sup.xml",
                        "/home/pete/wefwefwef/docs/other/5432086285/repo/1.2.6.fl.3/.xml/lhttpc/lhttpc.xml"]
Generating HTML - lhttpc "/home/pete/wefwefwef/docs/other/5432086285/repo/1.2.6.fl.3/.xml/lhttpc/lhttpc.xml"
Reading XML for "/home/pete/wefwefwef/docs/other/5432086285/repo/1.2.6.fl.3/.xml/lhttpc/lhttpc.xml"
Reading XML for "/home/pete/wefwefwef/docs/other/5432086285/repo/1.2.6.fl.3/.xml/specs_lhttpc.xml"
Generating HTML - lhttpc_sup "/home/pete/wefwefwef/docs/other/5432086285/repo/1.2.6.fl.3/.xml/lhttpc/lhttpc_sup.xml"
Reading XML for "/home/pete/wefwefwef/docs/other/5432086285/repo/1.2.6.fl.3/.xml/lhttpc/lhttpc_sup.xml"
Reading XML for "/home/pete/wefwefwef/docs/other/5432086285/repo/1.2.6.fl.3/.xml/specs_lhttpc_sup.xml"
Generating HTML - lhttpc_manager "/home/pete/wefwefwef/docs/other/5432086285/repo/1.2.6.fl.3/.xml/lhttpc/lhttpc_manager.xml"
Reading XML for "/home/pete/wefwefwef/docs/other/5432086285/repo/1.2.6.fl.3/.xml/lhttpc/lhttpc_manager.xml"
Reading XML for "/home/pete/wefwefwef/docs/other/5432086285/repo/1.2.6.fl.3/.xml/specs_lhttpc_manager.xml"
Creating index.html ...
Creating erldocs_index.js ...
Woot, finished in 0 Minutes 1 Seconds
 :: Discovering other repos
$ 5000  `rm -r '/home/pete/wefwefwef/docs/other/5432086285/lhttpc-tag-1.2.6.fl.3'  2>&1`
 :: Processing https://github.com/feuerlabs/lhttpc	{rev,tag,"1.2.6.fl.4","fb727eebf35cf7403f9d72e9c8eac468128a0542"}
 :: Fetching repo code
$ cd "/home/pete/wefwefwef/docs/other/5432086285/lhttpc-tag-1.2.6.fl.4/lhttpc"
$ infinity  `curl --fail --silent --show-error --location --output '1.2.6.fl.4.zip' 'https://github.com/feuerlabs/lhttpc/archive/1.2.6.fl.4.zip'  2>&1`
$ cd "/home/pete/wefwefwef/docs/erldocs_other.git"
$ cd "/home/pete/wefwefwef/docs/other/5432086285/lhttpc-tag-1.2.6.fl.4/lhttpc"
$ 5000  `find -P . -type l -delete  2>&1`
$ cd "/home/pete/wefwefwef/docs/erldocs_other.git"
$ cd "/home/pete/wefwefwef/docs/other/5432086285/lhttpc-tag-1.2.6.fl.4/lhttpc"
$ 5000  `find 'lhttpc-1.2.6.fl.4' -mindepth 1 -maxdepth 1 -exec mv -t . -- {} +  2>&1`
$ cd "/home/pete/wefwefwef/docs/erldocs_other.git"
 :: Getting dependencies
$ cd "/home/pete/wefwefwef/docs/other/5432086285/lhttpc-tag-1.2.6.fl.4/lhttpc"
$ 5000  `ls -1 deps/  2>&1`
$ cd "/home/pete/wefwefwef/docs/erldocs_other.git"
>>> [rebar] deps = []
 :: Generating erldocs into /home/pete/wefwefwef/docs/other/5432086285/repo/1.2.6.fl.4
Building lhttpc
Generating Type Specs - "/home/pete/wefwefwef/docs/other/5432086285/lhttpc-tag-1.2.6.fl.4/lhttpc/src/lhttpc.erl"
Generating Type Specs - "/home/pete/wefwefwef/docs/other/5432086285/lhttpc-tag-1.2.6.fl.4/lhttpc/src/lhttpc_client.erl"
Generating Type Specs - "/home/pete/wefwefwef/docs/other/5432086285/lhttpc-tag-1.2.6.fl.4/lhttpc/src/lhttpc_lib.erl"
Generating Type Specs - "/home/pete/wefwefwef/docs/other/5432086285/lhttpc-tag-1.2.6.fl.4/lhttpc/src/lhttpc_manager.erl"
Generating Type Specs - "/home/pete/wefwefwef/docs/other/5432086285/lhttpc-tag-1.2.6.fl.4/lhttpc/src/lhttpc_sock.erl"
Generating Type Specs - "/home/pete/wefwefwef/docs/other/5432086285/lhttpc-tag-1.2.6.fl.4/lhttpc/src/lhttpc_sup.erl"
Generating XML for application lhttpc "/home/pete/wefwefwef/docs/other/5432086285/lhttpc-tag-1.2.6.fl.4/lhttpc" -> "/home/pete/wefwefwef/docs/other/5432086285/repo/1.2.6.fl.4/.xml/lhttpc"
Generated lhttpc XMLs: ["/home/pete/wefwefwef/docs/other/5432086285/repo/1.2.6.fl.4/.xml/lhttpc/lhttpc_manager.xml",
                        "/home/pete/wefwefwef/docs/other/5432086285/repo/1.2.6.fl.4/.xml/lhttpc/lhttpc_sup.xml",
                        "/home/pete/wefwefwef/docs/other/5432086285/repo/1.2.6.fl.4/.xml/lhttpc/lhttpc.xml"]
Generating HTML - lhttpc "/home/pete/wefwefwef/docs/other/5432086285/repo/1.2.6.fl.4/.xml/lhttpc/lhttpc.xml"
Reading XML for "/home/pete/wefwefwef/docs/other/5432086285/repo/1.2.6.fl.4/.xml/lhttpc/lhttpc.xml"
Reading XML for "/home/pete/wefwefwef/docs/other/5432086285/repo/1.2.6.fl.4/.xml/specs_lhttpc.xml"
Generating HTML - lhttpc_sup "/home/pete/wefwefwef/docs/other/5432086285/repo/1.2.6.fl.4/.xml/lhttpc/lhttpc_sup.xml"
Reading XML for "/home/pete/wefwefwef/docs/other/5432086285/repo/1.2.6.fl.4/.xml/lhttpc/lhttpc_sup.xml"
Reading XML for "/home/pete/wefwefwef/docs/other/5432086285/repo/1.2.6.fl.4/.xml/specs_lhttpc_sup.xml"
Generating HTML - lhttpc_manager "/home/pete/wefwefwef/docs/other/5432086285/repo/1.2.6.fl.4/.xml/lhttpc/lhttpc_manager.xml"
Reading XML for "/home/pete/wefwefwef/docs/other/5432086285/repo/1.2.6.fl.4/.xml/lhttpc/lhttpc_manager.xml"
Reading XML for "/home/pete/wefwefwef/docs/other/5432086285/repo/1.2.6.fl.4/.xml/specs_lhttpc_manager.xml"
Creating index.html ...
Creating erldocs_index.js ...
Woot, finished in 0 Minutes 1 Seconds
 :: Discovering other repos
$ 5000  `rm -r '/home/pete/wefwefwef/docs/other/5432086285/lhttpc-tag-1.2.6.fl.4'  2>&1`
 :: Processing https://github.com/feuerlabs/lhttpc	{rev,tag,"1.2.6.fl.5","a0415ad62fec1a2acd1f48f70e085f660d97416a"}
 :: Fetching repo code
$ cd "/home/pete/wefwefwef/docs/other/5432086285/lhttpc-tag-1.2.6.fl.5/lhttpc"
$ infinity  `curl --fail --silent --show-error --location --output '1.2.6.fl.5.zip' 'https://github.com/feuerlabs/lhttpc/archive/1.2.6.fl.5.zip'  2>&1`
$ cd "/home/pete/wefwefwef/docs/erldocs_other.git"
$ cd "/home/pete/wefwefwef/docs/other/5432086285/lhttpc-tag-1.2.6.fl.5/lhttpc"
$ 5000  `find -P . -type l -delete  2>&1`
$ cd "/home/pete/wefwefwef/docs/erldocs_other.git"
$ cd "/home/pete/wefwefwef/docs/other/5432086285/lhttpc-tag-1.2.6.fl.5/lhttpc"
$ 5000  `find 'lhttpc-1.2.6.fl.5' -mindepth 1 -maxdepth 1 -exec mv -t . -- {} +  2>&1`
$ cd "/home/pete/wefwefwef/docs/erldocs_other.git"
 :: Getting dependencies
$ cd "/home/pete/wefwefwef/docs/other/5432086285/lhttpc-tag-1.2.6.fl.5/lhttpc"
$ 5000  `ls -1 deps/  2>&1`
$ cd "/home/pete/wefwefwef/docs/erldocs_other.git"
>>> [rebar] deps = []
 :: Generating erldocs into /home/pete/wefwefwef/docs/other/5432086285/repo/1.2.6.fl.5
Building lhttpc
Generating Type Specs - "/home/pete/wefwefwef/docs/other/5432086285/lhttpc-tag-1.2.6.fl.5/lhttpc/src/lhttpc.erl"
Generating Type Specs - "/home/pete/wefwefwef/docs/other/5432086285/lhttpc-tag-1.2.6.fl.5/lhttpc/src/lhttpc_client.erl"
Generating Type Specs - "/home/pete/wefwefwef/docs/other/5432086285/lhttpc-tag-1.2.6.fl.5/lhttpc/src/lhttpc_lib.erl"
Generating Type Specs - "/home/pete/wefwefwef/docs/other/5432086285/lhttpc-tag-1.2.6.fl.5/lhttpc/src/lhttpc_manager.erl"
Generating Type Specs - "/home/pete/wefwefwef/docs/other/5432086285/lhttpc-tag-1.2.6.fl.5/lhttpc/src/lhttpc_sock.erl"
Generating Type Specs - "/home/pete/wefwefwef/docs/other/5432086285/lhttpc-tag-1.2.6.fl.5/lhttpc/src/lhttpc_sup.erl"
Generating XML for application lhttpc "/home/pete/wefwefwef/docs/other/5432086285/lhttpc-tag-1.2.6.fl.5/lhttpc" -> "/home/pete/wefwefwef/docs/other/5432086285/repo/1.2.6.fl.5/.xml/lhttpc"
Generated lhttpc XMLs: ["/home/pete/wefwefwef/docs/other/5432086285/repo/1.2.6.fl.5/.xml/lhttpc/lhttpc_manager.xml",
                        "/home/pete/wefwefwef/docs/other/5432086285/repo/1.2.6.fl.5/.xml/lhttpc/lhttpc_sup.xml",
                        "/home/pete/wefwefwef/docs/other/5432086285/repo/1.2.6.fl.5/.xml/lhttpc/lhttpc.xml"]
Generating HTML - lhttpc "/home/pete/wefwefwef/docs/other/5432086285/repo/1.2.6.fl.5/.xml/lhttpc/lhttpc.xml"
Reading XML for "/home/pete/wefwefwef/docs/other/5432086285/repo/1.2.6.fl.5/.xml/lhttpc/lhttpc.xml"
Reading XML for "/home/pete/wefwefwef/docs/other/5432086285/repo/1.2.6.fl.5/.xml/specs_lhttpc.xml"
Generating HTML - lhttpc_sup "/home/pete/wefwefwef/docs/other/5432086285/repo/1.2.6.fl.5/.xml/lhttpc/lhttpc_sup.xml"
Reading XML for "/home/pete/wefwefwef/docs/other/5432086285/repo/1.2.6.fl.5/.xml/lhttpc/lhttpc_sup.xml"
Reading XML for "/home/pete/wefwefwef/docs/other/5432086285/repo/1.2.6.fl.5/.xml/specs_lhttpc_sup.xml"
Generating HTML - lhttpc_manager "/home/pete/wefwefwef/docs/other/5432086285/repo/1.2.6.fl.5/.xml/lhttpc/lhttpc_manager.xml"
Reading XML for "/home/pete/wefwefwef/docs/other/5432086285/repo/1.2.6.fl.5/.xml/lhttpc/lhttpc_manager.xml"
Reading XML for "/home/pete/wefwefwef/docs/other/5432086285/repo/1.2.6.fl.5/.xml/specs_lhttpc_manager.xml"
Creating index.html ...
Creating erldocs_index.js ...
Woot, finished in 0 Minutes 1 Seconds
 :: Discovering other repos
$ 5000  `rm -r '/home/pete/wefwefwef/docs/other/5432086285/lhttpc-tag-1.2.6.fl.5'  2>&1`
 :: Processing https://github.com/feuerlabs/lhttpc	{rev,tag,"1.2.6.fl.6","a38677043ce11f12c143aec36c9147ca23197302"}
 :: Fetching repo code
$ cd "/home/pete/wefwefwef/docs/other/5432086285/lhttpc-tag-1.2.6.fl.6/lhttpc"
$ infinity  `curl --fail --silent --show-error --location --output '1.2.6.fl.6.zip' 'https://github.com/feuerlabs/lhttpc/archive/1.2.6.fl.6.zip'  2>&1`
$ cd "/home/pete/wefwefwef/docs/erldocs_other.git"
$ cd "/home/pete/wefwefwef/docs/other/5432086285/lhttpc-tag-1.2.6.fl.6/lhttpc"
$ 5000  `find -P . -type l -delete  2>&1`
$ cd "/home/pete/wefwefwef/docs/erldocs_other.git"
$ cd "/home/pete/wefwefwef/docs/other/5432086285/lhttpc-tag-1.2.6.fl.6/lhttpc"
$ 5000  `find 'lhttpc-1.2.6.fl.6' -mindepth 1 -maxdepth 1 -exec mv -t . -- {} +  2>&1`
$ cd "/home/pete/wefwefwef/docs/erldocs_other.git"
 :: Getting dependencies
$ cd "/home/pete/wefwefwef/docs/other/5432086285/lhttpc-tag-1.2.6.fl.6/lhttpc"
$ 5000  `ls -1 deps/  2>&1`
$ cd "/home/pete/wefwefwef/docs/erldocs_other.git"
>>> [rebar] deps = []
 :: Generating erldocs into /home/pete/wefwefwef/docs/other/5432086285/repo/1.2.6.fl.6
Building lhttpc
Generating Type Specs - "/home/pete/wefwefwef/docs/other/5432086285/lhttpc-tag-1.2.6.fl.6/lhttpc/src/lhttpc.erl"
Generating Type Specs - "/home/pete/wefwefwef/docs/other/5432086285/lhttpc-tag-1.2.6.fl.6/lhttpc/src/lhttpc_client.erl"
Generating Type Specs - "/home/pete/wefwefwef/docs/other/5432086285/lhttpc-tag-1.2.6.fl.6/lhttpc/src/lhttpc_lib.erl"
Generating Type Specs - "/home/pete/wefwefwef/docs/other/5432086285/lhttpc-tag-1.2.6.fl.6/lhttpc/src/lhttpc_manager.erl"
Generating Type Specs - "/home/pete/wefwefwef/docs/other/5432086285/lhttpc-tag-1.2.6.fl.6/lhttpc/src/lhttpc_sock.erl"
Generating Type Specs - "/home/pete/wefwefwef/docs/other/5432086285/lhttpc-tag-1.2.6.fl.6/lhttpc/src/lhttpc_sup.erl"
Generating XML for application lhttpc "/home/pete/wefwefwef/docs/other/5432086285/lhttpc-tag-1.2.6.fl.6/lhttpc" -> "/home/pete/wefwefwef/docs/other/5432086285/repo/1.2.6.fl.6/.xml/lhttpc"
Generated lhttpc XMLs: ["/home/pete/wefwefwef/docs/other/5432086285/repo/1.2.6.fl.6/.xml/lhttpc/lhttpc_manager.xml",
                        "/home/pete/wefwefwef/docs/other/5432086285/repo/1.2.6.fl.6/.xml/lhttpc/lhttpc_sup.xml",
                        "/home/pete/wefwefwef/docs/other/5432086285/repo/1.2.6.fl.6/.xml/lhttpc/lhttpc.xml"]
Generating HTML - lhttpc "/home/pete/wefwefwef/docs/other/5432086285/repo/1.2.6.fl.6/.xml/lhttpc/lhttpc.xml"
Reading XML for "/home/pete/wefwefwef/docs/other/5432086285/repo/1.2.6.fl.6/.xml/lhttpc/lhttpc.xml"
Reading XML for "/home/pete/wefwefwef/docs/other/5432086285/repo/1.2.6.fl.6/.xml/specs_lhttpc.xml"
Generating HTML - lhttpc_sup "/home/pete/wefwefwef/docs/other/5432086285/repo/1.2.6.fl.6/.xml/lhttpc/lhttpc_sup.xml"
Reading XML for "/home/pete/wefwefwef/docs/other/5432086285/repo/1.2.6.fl.6/.xml/lhttpc/lhttpc_sup.xml"
Reading XML for "/home/pete/wefwefwef/docs/other/5432086285/repo/1.2.6.fl.6/.xml/specs_lhttpc_sup.xml"
Generating HTML - lhttpc_manager "/home/pete/wefwefwef/docs/other/5432086285/repo/1.2.6.fl.6/.xml/lhttpc/lhttpc_manager.xml"
Reading XML for "/home/pete/wefwefwef/docs/other/5432086285/repo/1.2.6.fl.6/.xml/lhttpc/lhttpc_manager.xml"
Reading XML for "/home/pete/wefwefwef/docs/other/5432086285/repo/1.2.6.fl.6/.xml/specs_lhttpc_manager.xml"
Creating index.html ...
Creating erldocs_index.js ...
Woot, finished in 0 Minutes 1 Seconds
 :: Discovering other repos
$ 5000  `rm -r '/home/pete/wefwefwef/docs/other/5432086285/lhttpc-tag-1.2.6.fl.6'  2>&1`
 :: Processing https://github.com/feuerlabs/lhttpc	{rev,branch,"master","9ea47b6b7df7f5df21b6e497e92ee1543d794929"}
 :: Fetching repo code
$ cd "/home/pete/wefwefwef/docs/other/5432086285/lhttpc-branch-master/lhttpc"
$ infinity  `curl --fail --silent --show-error --location --output 'master.zip' 'https://github.com/feuerlabs/lhttpc/archive/master.zip'  2>&1`
$ cd "/home/pete/wefwefwef/docs/erldocs_other.git"
$ cd "/home/pete/wefwefwef/docs/other/5432086285/lhttpc-branch-master/lhttpc"
$ 5000  `find -P . -type l -delete  2>&1`
$ cd "/home/pete/wefwefwef/docs/erldocs_other.git"
$ cd "/home/pete/wefwefwef/docs/other/5432086285/lhttpc-branch-master/lhttpc"
$ 5000  `find 'lhttpc-master' -mindepth 1 -maxdepth 1 -exec mv -t . -- {} +  2>&1`
$ cd "/home/pete/wefwefwef/docs/erldocs_other.git"
 :: Getting dependencies
$ cd "/home/pete/wefwefwef/docs/other/5432086285/lhttpc-branch-master/lhttpc"
$ 5000  `ls -1 deps/  2>&1`
$ cd "/home/pete/wefwefwef/docs/erldocs_other.git"
>>> [rebar] deps = []
 :: Generating erldocs into /home/pete/wefwefwef/docs/other/5432086285/repo/master
Building lhttpc
Generating Type Specs - "/home/pete/wefwefwef/docs/other/5432086285/lhttpc-branch-master/lhttpc/src/lhttpc.erl"
Generating Type Specs - "/home/pete/wefwefwef/docs/other/5432086285/lhttpc-branch-master/lhttpc/src/lhttpc_client.erl"
Generating Type Specs - "/home/pete/wefwefwef/docs/other/5432086285/lhttpc-branch-master/lhttpc/src/lhttpc_lib.erl"
Generating Type Specs - "/home/pete/wefwefwef/docs/other/5432086285/lhttpc-branch-master/lhttpc/src/lhttpc_manager.erl"
Generating Type Specs - "/home/pete/wefwefwef/docs/other/5432086285/lhttpc-branch-master/lhttpc/src/lhttpc_sock.erl"
Generating Type Specs - "/home/pete/wefwefwef/docs/other/5432086285/lhttpc-branch-master/lhttpc/src/lhttpc_sup.erl"
Generating XML for application lhttpc "/home/pete/wefwefwef/docs/other/5432086285/lhttpc-branch-master/lhttpc" -> "/home/pete/wefwefwef/docs/other/5432086285/repo/master/.xml/lhttpc"
Generated lhttpc XMLs: ["/home/pete/wefwefwef/docs/other/5432086285/repo/master/.xml/lhttpc/lhttpc_manager.xml",
                        "/home/pete/wefwefwef/docs/other/5432086285/repo/master/.xml/lhttpc/lhttpc_sup.xml",
                        "/home/pete/wefwefwef/docs/other/5432086285/repo/master/.xml/lhttpc/lhttpc.xml"]
Generating HTML - lhttpc "/home/pete/wefwefwef/docs/other/5432086285/repo/master/.xml/lhttpc/lhttpc.xml"
Reading XML for "/home/pete/wefwefwef/docs/other/5432086285/repo/master/.xml/lhttpc/lhttpc.xml"
Reading XML for "/home/pete/wefwefwef/docs/other/5432086285/repo/master/.xml/specs_lhttpc.xml"
Generating HTML - lhttpc_sup "/home/pete/wefwefwef/docs/other/5432086285/repo/master/.xml/lhttpc/lhttpc_sup.xml"
Reading XML for "/home/pete/wefwefwef/docs/other/5432086285/repo/master/.xml/lhttpc/lhttpc_sup.xml"
Reading XML for "/home/pete/wefwefwef/docs/other/5432086285/repo/master/.xml/specs_lhttpc_sup.xml"
Generating HTML - lhttpc_manager "/home/pete/wefwefwef/docs/other/5432086285/repo/master/.xml/lhttpc/lhttpc_manager.xml"
Reading XML for "/home/pete/wefwefwef/docs/other/5432086285/repo/master/.xml/lhttpc/lhttpc_manager.xml"
Reading XML for "/home/pete/wefwefwef/docs/other/5432086285/repo/master/.xml/specs_lhttpc_manager.xml"
Creating index.html ...
Creating erldocs_index.js ...
Woot, finished in 0 Minutes 1 Seconds
 :: Discovering other repos
$ 5000  `rm -r '/home/pete/wefwefwef/docs/other/5432086285/lhttpc-branch-master'  2>&1`
 :: Erldocs finishing up
$ 5000  `rm -r '/home/pete/wefwefwef/docs/other/5432086285/lhttpc'  2>&1`
