 :: Extracting meta information
$ cd '.'
$ infinity  `git ls-remote --heads --tags https://github.com/nekso/nklib`
>>> [repo] 2 branches, 3 tags
 :: Writing meta to "/home/pete/wefwefwef/docs/other/143f671f4058e123feea1bca94ec66f502b4cc85/meta.txt"
 :: Skipping tag "v0.1.0"
 :: Skipping tag "v0.2.0"
 :: Skipping tag "v0.3.0"
 :: Skipping branch "master"
 :: Processing https://github.com/nekso/nklib	{rev,branch,"develop","09d66419c083f2d232cc4679e2e59247eb8f83f5",undefined,[],[]}
 :: Fetching repo code
$ cd '/home/pete/wefwefwef/docs/other/143f671f4058e123feea1bca94ec66f502b4cc85/nklib-branch-develop'
$ infinity  `curl --fail --silent --show-error --location --output repo.tar.gz https://codeload.github.com/nekso/nklib/tar.gz/develop`
$ cd '/home/pete/wefwefwef/docs/other/143f671f4058e123feea1bca94ec66f502b4cc85/nklib-branch-develop/nklib-develop'
$ 5000  `find -P . -type l -delete`
$ cd '.'
$ 5000  `mv /home/pete/wefwefwef/docs/other/143f671f4058e123feea1bca94ec66f502b4cc85/nklib-branch-develop/nklib-develop /home/pete/wefwefwef/docs/other/143f671f4058e123feea1bca94ec66f502b4cc85/nklib-branch-develop/nklib`
 :: Getting dependencies
 :: Error running eo_core:
	[{eo_core,sh,
                  ["/home/pete/wefwefwef/docs/other/143f671f4058e123feea1bca94ec66f502b4cc85/nklib-branch-develop/nklib",
                   ["rebar","--config",
                    "/home/pete/wefwefwef/docs/other/143f671f4058e123feea1bca94ec66f502b4cc85/nklib-branch-develop/rebar_deps",
                    "get-deps"],
                   infinity],
                  []},
         {eo_util,get_deps,2,[{file,"src/eo_util.erl"},{line,123}]},
         {eo_util,rebar_get_deps,1,[{file,"src/eo_util.erl"},{line,88}]},
         {eo_core,get_deps,1,[{file,"src/eo_core.erl"},{line,339}]},
         {eo_core,do,7,[{file,"src/eo_core.erl"},{line,110}]},
         {eo_core,'-main_/1-lc$^0/1-0-',8,
                  [{file,"src/eo_core.erl"},{line,85}]},
         {eo_core,main_,1,[{file,"src/eo_core.erl"},{line,85}]},
         {eo_core,main,1,[{file,"src/eo_core.erl"},{line,56}]}]
{error,undef}
 :: Finishing up
$ cd '.'
$ 5000  `rm -r /home/pete/wefwefwef/docs/other/143f671f4058e123feea1bca94ec66f502b4cc85/nklib`
