 :: Extracting meta information
$ 5000  `git ls-remote --heads --tags 'https://github.com/essen/imaku'  2>&1`
>>> [repo] 1 branches, 0 tags
 :: Writing meta to "/home/pete/wefwefwef/docs/other/9447967989/meta.txt"
 :: Processing https://github.com/essen/imaku	{rev,branch,"master","8edf321a3355efd727e8b2171abe54a628ad8ce5"}
 :: Fetching repo code
$ cd "/home/pete/wefwefwef/docs/other/9447967989/imaku-branch-master/imaku"
$ infinity  `curl --fail --silent --show-error --location --output 'master.zip' 'https://github.com/essen/imaku/archive/master.zip'  2>&1`
$ cd "/home/pete/wefwefwef/docs/erldocs_other.git"
$ cd "/home/pete/wefwefwef/docs/other/9447967989/imaku-branch-master/imaku"
$ 5000  `find -P . -type l -delete  2>&1`
$ cd "/home/pete/wefwefwef/docs/erldocs_other.git"
$ cd "/home/pete/wefwefwef/docs/other/9447967989/imaku-branch-master/imaku"
$ 5000  `find 'imaku-master' -mindepth 1 -maxdepth 1 -exec mv -t . -- {} +  2>&1`
$ cd "/home/pete/wefwefwef/docs/erldocs_other.git"
 :: Getting dependencies
$ cd "/home/pete/wefwefwef/docs/other/9447967989/imaku-branch-master/imaku"
$ 5000  `ls -1 deps/  2>&1`
$ cd "/home/pete/wefwefwef/docs/erldocs_other.git"
>>> [rebar] deps = []
 :: Generating erldocs into /home/pete/wefwefwef/docs/other/9447967989/repo/master
Building imaku
Generating Type Specs - "/home/pete/wefwefwef/docs/other/9447967989/imaku-branch-master/imaku/src/imaku_app.erl"
Generating Type Specs - "/home/pete/wefwefwef/docs/other/9447967989/imaku-branch-master/imaku/src/imaku_frame.erl"
Generating Type Specs - "/home/pete/wefwefwef/docs/other/9447967989/imaku-branch-master/imaku/src/imaku_game.erl"
Generating Type Specs - "/home/pete/wefwefwef/docs/other/9447967989/imaku-branch-master/imaku/src/imaku_sup.erl"
Generating XML for application imaku "/home/pete/wefwefwef/docs/other/9447967989/imaku-branch-master/imaku" -> "/home/pete/wefwefwef/docs/other/9447967989/repo/master/.xml/imaku"
Generated imaku XMLs: ["/home/pete/wefwefwef/docs/other/9447967989/repo/master/.xml/imaku/imaku_sup.xml",
                       "/home/pete/wefwefwef/docs/other/9447967989/repo/master/.xml/imaku/imaku_app.xml",
                       "/home/pete/wefwefwef/docs/other/9447967989/repo/master/.xml/imaku/imaku_frame.xml",
                       "/home/pete/wefwefwef/docs/other/9447967989/repo/master/.xml/imaku/imaku_game.xml"]
Generating HTML - imaku_sup "/home/pete/wefwefwef/docs/other/9447967989/repo/master/.xml/imaku/imaku_sup.xml"
Generating HTML - imaku_app "/home/pete/wefwefwef/docs/other/9447967989/repo/master/.xml/imaku/imaku_app.xml"
Generating HTML - imaku_frame "/home/pete/wefwefwef/docs/other/9447967989/repo/master/.xml/imaku/imaku_frame.xml"
Generating HTML - imaku_game "/home/pete/wefwefwef/docs/other/9447967989/repo/master/.xml/imaku/imaku_game.xml"
Reading XML for "/home/pete/wefwefwef/docs/other/9447967989/repo/master/.xml/imaku/imaku_sup.xml"
Reading XML for "/home/pete/wefwefwef/docs/other/9447967989/repo/master/.xml/imaku/imaku_app.xml"
Reading XML for "/home/pete/wefwefwef/docs/other/9447967989/repo/master/.xml/imaku/imaku_frame.xml"
Reading XML for "/home/pete/wefwefwef/docs/other/9447967989/repo/master/.xml/imaku/imaku_game.xml"
Reading XML for "/home/pete/wefwefwef/docs/other/9447967989/repo/master/.xml/specs_imaku_sup.xml"
Reading XML for "/home/pete/wefwefwef/docs/other/9447967989/repo/master/.xml/specs_imaku_app.xml"
Reading XML for "/home/pete/wefwefwef/docs/other/9447967989/repo/master/.xml/specs_imaku_frame.xml"
Reading XML for "/home/pete/wefwefwef/docs/other/9447967989/repo/master/.xml/specs_imaku_game.xml"
Creating index.html ...
Creating erldocs_index.js ...
Woot, finished in 0 Minutes 3 Seconds
 :: Discovering other repos
$ 5000  `rm -r '/home/pete/wefwefwef/docs/other/9447967989/imaku-branch-master'  2>&1`
 :: Erldocs finishing up
$ 5000  `rm -r '/home/pete/wefwefwef/docs/other/9447967989/imaku'  2>&1`
