 :: Extracting meta information
$ infinity  `git ls-remote --heads --tags 'https://github.com/ten0s/syntaxerl'  2>&1`
>>> [repo] 2 branches, 2 tags
 :: Writing meta to "/home/pete/wefwefwef/docs/other/64d2fe2cb35dd11151d2a0d1b9e9449d599512f1/meta.txt"
 :: Skipping tag "0.7.0"
 :: Skipping tag "0.8.0"
 :: Skipping branch "master"
 :: Processing https://github.com/ten0s/syntaxerl	{rev,branch,"support_leex_yecc","f3baa69001cbe0f24cb2e9913b6324009e6a48e9",undefined,[],[]}
 :: Fetching repo code
$ cd '/home/pete/wefwefwef/docs/other/64d2fe2cb35dd11151d2a0d1b9e9449d599512f1/syntaxerl-branch-support_leex_yecc'
$ infinity  `curl --fail --silent --show-error --location --output repo.tar.gz 'https://codeload.github.com/ten0s/syntaxerl/legacy.tar.gz/support_leex_yecc'  2>&1`
$ cd '/home/pete/wefwefwef/docs/erldocs_other.git'
$ cd '/home/pete/wefwefwef/docs/other/64d2fe2cb35dd11151d2a0d1b9e9449d599512f1/syntaxerl-branch-support_leex_yecc/ten0s-syntaxerl-f3baa69'
$ 5000  `find -P . -type l -delete  2>&1`
$ cd '/home/pete/wefwefwef/docs/erldocs_other.git'
$ 5000  `mv '/home/pete/wefwefwef/docs/other/64d2fe2cb35dd11151d2a0d1b9e9449d599512f1/syntaxerl-branch-support_leex_yecc/ten0s-syntaxerl-f3baa69' '/home/pete/wefwefwef/docs/other/64d2fe2cb35dd11151d2a0d1b9e9449d599512f1/syntaxerl-branch-support_leex_yecc/syntaxerl'  2>&1`
 :: Getting dependencies
$ cd '/home/pete/wefwefwef/docs/other/64d2fe2cb35dd11151d2a0d1b9e9449d599512f1/syntaxerl-branch-support_leex_yecc/syntaxerl'
$ 5000  `ls -1 deps/  2>&1`
$ cd '/home/pete/wefwefwef/docs/erldocs_other.git'
>>> [rebar] deps = []
 :: Generating erldocs into /home/pete/wefwefwef/docs/other/64d2fe2cb35dd11151d2a0d1b9e9449d599512f1/repo/support_leex_yecc
Building syntaxerl
Generating Type Specs - "/home/pete/wefwefwef/docs/other/64d2fe2cb35dd11151d2a0d1b9e9449d599512f1/syntaxerl-branch-support_leex_yecc/syntaxerl/src/syntaxerl.erl"
Generating Type Specs - "/home/pete/wefwefwef/docs/other/64d2fe2cb35dd11151d2a0d1b9e9449d599512f1/syntaxerl-branch-support_leex_yecc/syntaxerl/src/syntaxerl_erl.erl"
Generating Type Specs - "/home/pete/wefwefwef/docs/other/64d2fe2cb35dd11151d2a0d1b9e9449d599512f1/syntaxerl-branch-support_leex_yecc/syntaxerl/src/syntaxerl_escript.erl"
Generating Type Specs - "/home/pete/wefwefwef/docs/other/64d2fe2cb35dd11151d2a0d1b9e9449d599512f1/syntaxerl-branch-support_leex_yecc/syntaxerl/src/syntaxerl_hrl.erl"
Generating Type Specs - "/home/pete/wefwefwef/docs/other/64d2fe2cb35dd11151d2a0d1b9e9449d599512f1/syntaxerl-branch-support_leex_yecc/syntaxerl/src/syntaxerl_logger.erl"
Generating Type Specs - "/home/pete/wefwefwef/docs/other/64d2fe2cb35dd11151d2a0d1b9e9449d599512f1/syntaxerl-branch-support_leex_yecc/syntaxerl/src/syntaxerl_terms.erl"
Generating Type Specs - "/home/pete/wefwefwef/docs/other/64d2fe2cb35dd11151d2a0d1b9e9449d599512f1/syntaxerl-branch-support_leex_yecc/syntaxerl/src/syntaxerl_utils.erl"
Generating Type Specs - "/home/pete/wefwefwef/docs/other/64d2fe2cb35dd11151d2a0d1b9e9449d599512f1/syntaxerl-branch-support_leex_yecc/syntaxerl/src/syntaxerl_xrl.erl"
Generating Type Specs - "/home/pete/wefwefwef/docs/other/64d2fe2cb35dd11151d2a0d1b9e9449d599512f1/syntaxerl-branch-support_leex_yecc/syntaxerl/src/syntaxerl_yrl.erl"
Generating XML for application syntaxerl "/home/pete/wefwefwef/docs/other/64d2fe2cb35dd11151d2a0d1b9e9449d599512f1/syntaxerl-branch-support_leex_yecc/syntaxerl" -> "/home/pete/wefwefwef/docs/other/64d2fe2cb35dd11151d2a0d1b9e9449d599512f1/repo/support_leex_yecc/.xml/syntaxerl"
Generated syntaxerl XMLs: ["/home/pete/wefwefwef/docs/other/64d2fe2cb35dd11151d2a0d1b9e9449d599512f1/repo/support_leex_yecc/.xml/syntaxerl/syntaxerl_xrl.xml",
                           "/home/pete/wefwefwef/docs/other/64d2fe2cb35dd11151d2a0d1b9e9449d599512f1/repo/support_leex_yecc/.xml/syntaxerl/syntaxerl_utils.xml",
                           "/home/pete/wefwefwef/docs/other/64d2fe2cb35dd11151d2a0d1b9e9449d599512f1/repo/support_leex_yecc/.xml/syntaxerl/syntaxerl_logger.xml",
                           "/home/pete/wefwefwef/docs/other/64d2fe2cb35dd11151d2a0d1b9e9449d599512f1/repo/support_leex_yecc/.xml/syntaxerl/syntaxerl_escript.xml",
                           "/home/pete/wefwefwef/docs/other/64d2fe2cb35dd11151d2a0d1b9e9449d599512f1/repo/support_leex_yecc/.xml/syntaxerl/syntaxerl_yrl.xml",
                           "/home/pete/wefwefwef/docs/other/64d2fe2cb35dd11151d2a0d1b9e9449d599512f1/repo/support_leex_yecc/.xml/syntaxerl/syntaxerl_hrl.xml",
                           "/home/pete/wefwefwef/docs/other/64d2fe2cb35dd11151d2a0d1b9e9449d599512f1/repo/support_leex_yecc/.xml/syntaxerl/syntaxerl_erl.xml",
                           "/home/pete/wefwefwef/docs/other/64d2fe2cb35dd11151d2a0d1b9e9449d599512f1/repo/support_leex_yecc/.xml/syntaxerl/syntaxerl_terms.xml",
                           "/home/pete/wefwefwef/docs/other/64d2fe2cb35dd11151d2a0d1b9e9449d599512f1/repo/support_leex_yecc/.xml/syntaxerl/syntaxerl.xml"]
Generating HTML - syntaxerl_utils "/home/pete/wefwefwef/docs/other/64d2fe2cb35dd11151d2a0d1b9e9449d599512f1/repo/support_leex_yecc/.xml/syntaxerl/syntaxerl_utils.xml"
Generating HTML - syntaxerl_escript "/home/pete/wefwefwef/docs/other/64d2fe2cb35dd11151d2a0d1b9e9449d599512f1/repo/support_leex_yecc/.xml/syntaxerl/syntaxerl_escript.xml"
Generating HTML - syntaxerl_hrl "/home/pete/wefwefwef/docs/other/64d2fe2cb35dd11151d2a0d1b9e9449d599512f1/repo/support_leex_yecc/.xml/syntaxerl/syntaxerl_hrl.xml"
Generating HTML - syntaxerl "/home/pete/wefwefwef/docs/other/64d2fe2cb35dd11151d2a0d1b9e9449d599512f1/repo/support_leex_yecc/.xml/syntaxerl/syntaxerl.xml"
Reading XML for "/home/pete/wefwefwef/docs/other/64d2fe2cb35dd11151d2a0d1b9e9449d599512f1/repo/support_leex_yecc/.xml/syntaxerl/syntaxerl_utils.xml"
Reading XML for "/home/pete/wefwefwef/docs/other/64d2fe2cb35dd11151d2a0d1b9e9449d599512f1/repo/support_leex_yecc/.xml/syntaxerl/syntaxerl_escript.xml"
Reading XML for "/home/pete/wefwefwef/docs/other/64d2fe2cb35dd11151d2a0d1b9e9449d599512f1/repo/support_leex_yecc/.xml/syntaxerl/syntaxerl_hrl.xml"
Reading XML for "/home/pete/wefwefwef/docs/other/64d2fe2cb35dd11151d2a0d1b9e9449d599512f1/repo/support_leex_yecc/.xml/syntaxerl/syntaxerl.xml"
Reading XML for "/home/pete/wefwefwef/docs/other/64d2fe2cb35dd11151d2a0d1b9e9449d599512f1/repo/support_leex_yecc/.xml/specs_syntaxerl.xml"
Reading XML for "/home/pete/wefwefwef/docs/other/64d2fe2cb35dd11151d2a0d1b9e9449d599512f1/repo/support_leex_yecc/.xml/specs_syntaxerl_utils.xml"
Reading XML for "/home/pete/wefwefwef/docs/other/64d2fe2cb35dd11151d2a0d1b9e9449d599512f1/repo/support_leex_yecc/.xml/specs_syntaxerl_escript.xml"
Reading XML for "/home/pete/wefwefwef/docs/other/64d2fe2cb35dd11151d2a0d1b9e9449d599512f1/repo/support_leex_yecc/.xml/specs_syntaxerl_hrl.xml"
Generating HTML - syntaxerl_terms "/home/pete/wefwefwef/docs/other/64d2fe2cb35dd11151d2a0d1b9e9449d599512f1/repo/support_leex_yecc/.xml/syntaxerl/syntaxerl_terms.xml"
Reading XML for "/home/pete/wefwefwef/docs/other/64d2fe2cb35dd11151d2a0d1b9e9449d599512f1/repo/support_leex_yecc/.xml/syntaxerl/syntaxerl_terms.xml"
Generating HTML - syntaxerl_logger "/home/pete/wefwefwef/docs/other/64d2fe2cb35dd11151d2a0d1b9e9449d599512f1/repo/support_leex_yecc/.xml/syntaxerl/syntaxerl_logger.xml"
Reading XML for "/home/pete/wefwefwef/docs/other/64d2fe2cb35dd11151d2a0d1b9e9449d599512f1/repo/support_leex_yecc/.xml/syntaxerl/syntaxerl_logger.xml"
Generating HTML - syntaxerl_yrl "/home/pete/wefwefwef/docs/other/64d2fe2cb35dd11151d2a0d1b9e9449d599512f1/repo/support_leex_yecc/.xml/syntaxerl/syntaxerl_yrl.xml"
Reading XML for "/home/pete/wefwefwef/docs/other/64d2fe2cb35dd11151d2a0d1b9e9449d599512f1/repo/support_leex_yecc/.xml/syntaxerl/syntaxerl_yrl.xml"
Generating HTML - syntaxerl_xrl "/home/pete/wefwefwef/docs/other/64d2fe2cb35dd11151d2a0d1b9e9449d599512f1/repo/support_leex_yecc/.xml/syntaxerl/syntaxerl_xrl.xml"
Reading XML for "/home/pete/wefwefwef/docs/other/64d2fe2cb35dd11151d2a0d1b9e9449d599512f1/repo/support_leex_yecc/.xml/syntaxerl/syntaxerl_xrl.xml"
Reading XML for "/home/pete/wefwefwef/docs/other/64d2fe2cb35dd11151d2a0d1b9e9449d599512f1/repo/support_leex_yecc/.xml/specs_syntaxerl_terms.xml"
Reading XML for "/home/pete/wefwefwef/docs/other/64d2fe2cb35dd11151d2a0d1b9e9449d599512f1/repo/support_leex_yecc/.xml/specs_syntaxerl_logger.xml"
Generating HTML - syntaxerl_erl "/home/pete/wefwefwef/docs/other/64d2fe2cb35dd11151d2a0d1b9e9449d599512f1/repo/support_leex_yecc/.xml/syntaxerl/syntaxerl_erl.xml"
Reading XML for "/home/pete/wefwefwef/docs/other/64d2fe2cb35dd11151d2a0d1b9e9449d599512f1/repo/support_leex_yecc/.xml/syntaxerl/syntaxerl_erl.xml"
Reading XML for "/home/pete/wefwefwef/docs/other/64d2fe2cb35dd11151d2a0d1b9e9449d599512f1/repo/support_leex_yecc/.xml/specs_syntaxerl_xrl.xml"
Reading XML for "/home/pete/wefwefwef/docs/other/64d2fe2cb35dd11151d2a0d1b9e9449d599512f1/repo/support_leex_yecc/.xml/specs_syntaxerl_yrl.xml"
Reading XML for "/home/pete/wefwefwef/docs/other/64d2fe2cb35dd11151d2a0d1b9e9449d599512f1/repo/support_leex_yecc/.xml/specs_syntaxerl_erl.xml"
Creating index.html ...
Creating erldocs_index.js ...
Woot, finished in 0 Minutes 0 Seconds
 :: Discovering other repos
$ 5000  `rm -r '/home/pete/wefwefwef/docs/other/64d2fe2cb35dd11151d2a0d1b9e9449d599512f1/syntaxerl-branch-support_leex_yecc'  2>&1`
 :: Finishing up
$ 5000  `rm -r '/home/pete/wefwefwef/docs/other/64d2fe2cb35dd11151d2a0d1b9e9449d599512f1/syntaxerl'  2>&1`
