 :: Extracting meta information
$ cd '.'
$ infinity  `git ls-remote --heads --tags https://github.com/shuieryin/wechat_mud`
>>> [repo] 1 branches, 0 tags
 :: Writing meta to "/home/pete/wefwefwef/docs/other/a5392733dd9413e2ad8f201dc2f27ec9ca10ada2/meta.txt"
 :: Processing https://github.com/shuieryin/wechat_mud	{rev,branch,"master","96fac313447739cc74d2e93a6c9742c7978afa3b",undefined,[],[]}
 :: Fetching repo code
$ cd '/home/pete/wefwefwef/docs/other/a5392733dd9413e2ad8f201dc2f27ec9ca10ada2/wechat_mud-branch-master'
$ infinity  `curl --fail --silent --show-error --location --output repo.tar.gz https://codeload.github.com/shuieryin/wechat_mud/tar.gz/master`
 :: Error running eo_core:
	[{eo_scm,fetch,2,[{file,"src/eo_scm.erl"},{line,81}]},
         {eo_core,do,7,[{file,"src/eo_core.erl"},{line,107}]},
         {eo_core,'-main_/1-lc$^0/1-0-',8,
             [{file,"src/eo_core.erl"},{line,85}]},
         {eo_core,main_,1,[{file,"src/eo_core.erl"},{line,85}]},
         {eo_core,main,1,[{file,"src/eo_core.erl"},{line,56}]},
         {eo_core,gen,1,[{file,"src/eo_core.erl"},{line,36}]},
         {gen_escript__escript__1446__722273__168068,seq_gen,4,
             [{file,"./gen.escript"},{line,53}]},
         {escript,run,2,[{file,"escript.erl"},{line,752}]}]
{error,{case_clause,["/home/pete/wefwefwef/docs/other/a5392733dd9413e2ad8f201dc2f27ec9ca10ada2/wechat_mud-branch-master/wechat_mud",
                     "/home/pete/wefwefwef/docs/other/a5392733dd9413e2ad8f201dc2f27ec9ca10ada2/wechat_mud-branch-master/wechat_mud-master"]}}
 :: Finishing up
$ cd '.'
$ 5000  `rm -r /home/pete/wefwefwef/docs/other/a5392733dd9413e2ad8f201dc2f27ec9ca10ada2/wechat_mud`
