 :: Extracting meta information
$ 5000  `git ls-remote --heads --tags 'https://github.com/amoshkina/erlang_crc16'  2>&1`
>>> [repo] 1 branches, 0 tags
 :: Writing meta to "/home/pete/wefwefwef/docs/other/9243517045/meta.txt"
 :: Processing https://github.com/amoshkina/erlang_crc16	{rev,branch,"master","f9d1c5e65a16760e3fa9529739f4bcf683b79a6e"}
 :: Fetching repo code
$ cd "/home/pete/wefwefwef/docs/other/9243517045/erlang_crc16-branch-master/erlang_crc16"
$ infinity  `curl --fail --silent --show-error --location --output 'master.zip' 'https://github.com/amoshkina/erlang_crc16/archive/master.zip'  2>&1`
$ cd "/home/pete/wefwefwef/docs/erldocs_other.git"
$ cd "/home/pete/wefwefwef/docs/other/9243517045/erlang_crc16-branch-master/erlang_crc16"
$ 5000  `find -P . -type l -delete  2>&1`
$ cd "/home/pete/wefwefwef/docs/erldocs_other.git"
$ cd "/home/pete/wefwefwef/docs/other/9243517045/erlang_crc16-branch-master/erlang_crc16"
$ 5000  `find 'erlang_crc16-master' -mindepth 1 -maxdepth 1 -exec mv -t . -- {} +  2>&1`
$ cd "/home/pete/wefwefwef/docs/erldocs_other.git"
 :: Getting dependencies
$ cd "/home/pete/wefwefwef/docs/other/9243517045/erlang_crc16-branch-master/erlang_crc16"
$ 5000  `ls -1 deps/  2>&1`
$ cd "/home/pete/wefwefwef/docs/erldocs_other.git"
>>> [rebar] deps = []
 :: Generating erldocs into /home/pete/wefwefwef/docs/other/9243517045/repo/master
Building erlang_crc16
Generating Type Specs - "/home/pete/wefwefwef/docs/other/9243517045/erlang_crc16-branch-master/erlang_crc16/src/crc.erl"
Generating XML for application erlang_crc16 "/home/pete/wefwefwef/docs/other/9243517045/erlang_crc16-branch-master/erlang_crc16" -> "/home/pete/wefwefwef/docs/other/9243517045/repo/master/.xml/erlang_crc16"
Generated erlang_crc16 XMLs: ["/home/pete/wefwefwef/docs/other/9243517045/repo/master/.xml/erlang_crc16/crc.xml"]
Generating HTML - crc "/home/pete/wefwefwef/docs/other/9243517045/repo/master/.xml/erlang_crc16/crc.xml"
Reading XML for "/home/pete/wefwefwef/docs/other/9243517045/repo/master/.xml/erlang_crc16/crc.xml"
Reading XML for "/home/pete/wefwefwef/docs/other/9243517045/repo/master/.xml/specs_crc.xml"
Creating index.html ...
Creating erldocs_index.js ...
Woot, finished in 0 Minutes 0 Seconds
 :: Discovering other repos
$ 5000  `rm -r '/home/pete/wefwefwef/docs/other/9243517045/erlang_crc16-branch-master'  2>&1`
 :: Erldocs finishing up
$ 5000  `rm -r '/home/pete/wefwefwef/docs/other/9243517045/erlang_crc16'  2>&1`
