 :: Extracting meta information
$ 5000  `git ls-remote --heads --tags 'https://github.com/jebu/riak_redis'  2>&1`
>>> [repo] 1 branches, 0 tags
 :: Writing meta to "/home/pete/wefwefwef/docs/other/5026110810/meta.txt"
 :: Processing https://github.com/jebu/riak_redis	{rev,branch,"master","6f0f4a3ef22372741e539a61e0c870d23967a0a9"}
 :: Fetching repo code
$ cd "/home/pete/wefwefwef/docs/other/5026110810/riak_redis-branch-master/riak_redis"
$ infinity  `curl --fail --silent --show-error --location --output 'master.zip' 'https://github.com/jebu/riak_redis/archive/master.zip'  2>&1`
$ cd "/home/pete/wefwefwef/docs/erldocs_other.git"
$ cd "/home/pete/wefwefwef/docs/other/5026110810/riak_redis-branch-master/riak_redis"
$ 5000  `find -P . -type l -delete  2>&1`
$ cd "/home/pete/wefwefwef/docs/erldocs_other.git"
$ cd "/home/pete/wefwefwef/docs/other/5026110810/riak_redis-branch-master/riak_redis"
$ 5000  `find 'riak_redis-master' -mindepth 1 -maxdepth 1 -exec mv -t . -- {} +  2>&1`
$ cd "/home/pete/wefwefwef/docs/erldocs_other.git"
 :: Getting dependencies
$ cd "/home/pete/wefwefwef/docs/other/5026110810/riak_redis-branch-master/riak_redis"
$ 5000  `ls -1 deps/  2>&1`
$ cd "/home/pete/wefwefwef/docs/erldocs_other.git"
>>> [rebar] deps = []
 :: Generating erldocs into /home/pete/wefwefwef/docs/other/5026110810/repo/master
Building riak_redis
Generating Type Specs - "/home/pete/wefwefwef/docs/other/5026110810/riak_redis-branch-master/riak_redis/src/riak_kv_redis_backend.erl"
Generating Type Specs - "/home/pete/wefwefwef/docs/other/5026110810/riak_redis-branch-master/riak_redis/src/riak_redis_app.erl"
Generating Type Specs - "/home/pete/wefwefwef/docs/other/5026110810/riak_redis-branch-master/riak_redis/src/riak_redis_sup.erl"
Generating XML for application riak_redis "/home/pete/wefwefwef/docs/other/5026110810/riak_redis-branch-master/riak_redis" -> "/home/pete/wefwefwef/docs/other/5026110810/repo/master/.xml/riak_redis"
Generated riak_redis XMLs: ["/home/pete/wefwefwef/docs/other/5026110810/repo/master/.xml/riak_redis/riak_kv_redis_backend.xml",
                            "/home/pete/wefwefwef/docs/other/5026110810/repo/master/.xml/riak_redis/riak_redis_app.xml",
                            "/home/pete/wefwefwef/docs/other/5026110810/repo/master/.xml/riak_redis/riak_redis_sup.xml"]
Generating HTML - riak_redis_sup "/home/pete/wefwefwef/docs/other/5026110810/repo/master/.xml/riak_redis/riak_redis_sup.xml"
Reading XML for "/home/pete/wefwefwef/docs/other/5026110810/repo/master/.xml/riak_redis/riak_redis_sup.xml"
Reading XML for "/home/pete/wefwefwef/docs/other/5026110810/repo/master/.xml/specs_riak_redis_sup.xml"
Generating HTML - riak_redis_app "/home/pete/wefwefwef/docs/other/5026110810/repo/master/.xml/riak_redis/riak_redis_app.xml"
Reading XML for "/home/pete/wefwefwef/docs/other/5026110810/repo/master/.xml/riak_redis/riak_redis_app.xml"
Reading XML for "/home/pete/wefwefwef/docs/other/5026110810/repo/master/.xml/specs_riak_redis_app.xml"
Generating HTML - riak_kv_redis_backend "/home/pete/wefwefwef/docs/other/5026110810/repo/master/.xml/riak_redis/riak_kv_redis_backend.xml"
Reading XML for "/home/pete/wefwefwef/docs/other/5026110810/repo/master/.xml/riak_redis/riak_kv_redis_backend.xml"
Reading XML for "/home/pete/wefwefwef/docs/other/5026110810/repo/master/.xml/specs_riak_kv_redis_backend.xml"
Creating index.html ...
Creating erldocs_index.js ...
Woot, finished in 0 Minutes 0 Seconds
 :: Discovering other repos
$ 5000  `rm -r '/home/pete/wefwefwef/docs/other/5026110810/riak_redis-branch-master'  2>&1`
 :: Erldocs finishing up
$ 5000  `rm -r '/home/pete/wefwefwef/docs/other/5026110810/riak_redis'  2>&1`
