 :: Extracting meta information
$ infinity  `git ls-remote --heads --tags 'https://github.com/pierresforge/erlang-xxhash'  2>&1`
>>> [repo] 1 branches, 0 tags
 :: Writing meta to "/home/pete/wefwefwef/docs/other/17842bf3905dffd7ce0513d559c971e4/meta.txt"
 :: Processing https://github.com/pierresforge/erlang-xxhash	{rev,branch,"master","e73cb0de893988320d45389e6e4f4e95447cb5f1",undefined,[],[]}
 :: Fetching repo code
$ cd '/home/pete/wefwefwef/docs/other/17842bf3905dffd7ce0513d559c971e4/erlang-xxhash-branch-master'
$ infinity  `curl --fail --silent --show-error --location --output repo.tar.gz 'https://codeload.github.com/pierresforge/erlang-xxhash/legacy.tar.gz/master'  2>&1`
$ cd '/home/pete/wefwefwef/docs/erldocs_other.git'
$ cd '/home/pete/wefwefwef/docs/other/17842bf3905dffd7ce0513d559c971e4/erlang-xxhash-branch-master/pierresforge-erlang-xxhash-e73cb0d'
$ 5000  `find -P . -type l -delete  2>&1`
$ cd '/home/pete/wefwefwef/docs/erldocs_other.git'
$ 5000  `mv '/home/pete/wefwefwef/docs/other/17842bf3905dffd7ce0513d559c971e4/erlang-xxhash-branch-master/pierresforge-erlang-xxhash-e73cb0d' '/home/pete/wefwefwef/docs/other/17842bf3905dffd7ce0513d559c971e4/erlang-xxhash-branch-master/erlang-xxhash'  2>&1`
 :: Getting dependencies
$ cd '/home/pete/wefwefwef/docs/other/17842bf3905dffd7ce0513d559c971e4/erlang-xxhash-branch-master/erlang-xxhash'
$ 5000  `ls -1 deps/  2>&1`
$ cd '/home/pete/wefwefwef/docs/erldocs_other.git'
>>> [rebar] deps = []
 :: Generating erldocs into /home/pete/wefwefwef/docs/other/17842bf3905dffd7ce0513d559c971e4/repo/master
Building erlang-xxhash
Generating Type Specs - "/home/pete/wefwefwef/docs/other/17842bf3905dffd7ce0513d559c971e4/erlang-xxhash-branch-master/erlang-xxhash/src/xxhash.erl"
Generating XML for application erlang-xxhash "/home/pete/wefwefwef/docs/other/17842bf3905dffd7ce0513d559c971e4/erlang-xxhash-branch-master/erlang-xxhash" -> "/home/pete/wefwefwef/docs/other/17842bf3905dffd7ce0513d559c971e4/repo/master/.xml/erlang-xxhash"
Generated erlang-xxhash XMLs: ["/home/pete/wefwefwef/docs/other/17842bf3905dffd7ce0513d559c971e4/repo/master/.xml/erlang-xxhash/xxhash.xml"]
Generating HTML - xxhash "/home/pete/wefwefwef/docs/other/17842bf3905dffd7ce0513d559c971e4/repo/master/.xml/erlang-xxhash/xxhash.xml"
Reading XML for "/home/pete/wefwefwef/docs/other/17842bf3905dffd7ce0513d559c971e4/repo/master/.xml/erlang-xxhash/xxhash.xml"
Reading XML for "/home/pete/wefwefwef/docs/other/17842bf3905dffd7ce0513d559c971e4/repo/master/.xml/specs_xxhash.xml"
Creating index.html ...
Creating erldocs_index.js ...
Woot, finished in 0 Minutes 0 Seconds
 :: Discovering other repos
$ 5000  `rm -r '/home/pete/wefwefwef/docs/other/17842bf3905dffd7ce0513d559c971e4/erlang-xxhash-branch-master'  2>&1`
 :: Finishing up
$ 5000  `rm -r '/home/pete/wefwefwef/docs/other/17842bf3905dffd7ce0513d559c971e4/erlang-xxhash'  2>&1`
