 :: Extracting meta information
$ 5000  `git ls-remote --heads --tags 'https://github.com/hussamal/libdist'  2>&1`
>>> [repo] 1 branches, 0 tags
 :: Writing meta to "/home/pete/wefwefwef/docs/other/9487756579/meta.txt"
 :: Processing https://github.com/hussamal/libdist	{rev,branch,"master","475783f99b6f83bd60e28ce7db0c09e66999c4ce"}
 :: Fetching repo code
$ cd "/home/pete/wefwefwef/docs/other/9487756579/libdist-branch-master/libdist"
$ infinity  `curl --fail --silent --show-error --location --output 'master.zip' 'https://github.com/hussamal/libdist/archive/master.zip'  2>&1`
$ cd "/home/pete/wefwefwef/docs/erldocs_other.git"
$ cd "/home/pete/wefwefwef/docs/other/9487756579/libdist-branch-master/libdist"
$ 5000  `find -P . -type l -delete  2>&1`
$ cd "/home/pete/wefwefwef/docs/erldocs_other.git"
$ cd "/home/pete/wefwefwef/docs/other/9487756579/libdist-branch-master/libdist"
$ 5000  `find 'libdist-master' -mindepth 1 -maxdepth 1 -exec mv -t . -- {} +  2>&1`
$ cd "/home/pete/wefwefwef/docs/erldocs_other.git"
 :: Getting dependencies
$ cd "/home/pete/wefwefwef/docs/other/9487756579/libdist-branch-master/libdist"
$ 5000  `ls -1 deps/  2>&1`
$ cd "/home/pete/wefwefwef/docs/erldocs_other.git"
>>> [rebar] deps = []
 :: Generating erldocs into /home/pete/wefwefwef/docs/other/9487756579/repo/master
Building libdist
Generating Type Specs - "/home/pete/wefwefwef/docs/other/9487756579/libdist-branch-master/libdist/src/cache.erl"
Generating Type Specs - "/home/pete/wefwefwef/docs/other/9487756579/libdist-branch-master/libdist/src/chain.erl"
Generating Type Specs - "/home/pete/wefwefwef/docs/other/9487756579/libdist-branch-master/libdist/src/cluster_manager.erl"
Generating Type Specs - "/home/pete/wefwefwef/docs/other/9487756579/libdist-branch-master/libdist/src/conf_tracker.erl"
Generating Type Specs - "/home/pete/wefwefwef/docs/other/9487756579/libdist-branch-master/libdist/src/conf_utils.erl"
Generating Type Specs - "/home/pete/wefwefwef/docs/other/9487756579/libdist-branch-master/libdist/src/elastic.erl"
Generating Type Specs - "/home/pete/wefwefwef/docs/other/9487756579/libdist-branch-master/libdist/src/elastic_band.erl"
Generating Type Specs - "/home/pete/wefwefwef/docs/other/9487756579/libdist-branch-master/libdist/src/elastic_chain.erl"
Generating Type Specs - "/home/pete/wefwefwef/docs/other/9487756579/libdist-branch-master/libdist/src/elastic_primary_backup.erl"
Generating Type Specs - "/home/pete/wefwefwef/docs/other/9487756579/libdist-branch-master/libdist/src/gossip.erl"
Generating Type Specs - "/home/pete/wefwefwef/docs/other/9487756579/libdist-branch-master/libdist/src/ldsm.erl"
Generating Type Specs - "/home/pete/wefwefwef/docs/other/9487756579/libdist-branch-master/libdist/src/libdist.erl"
Generating Type Specs - "/home/pete/wefwefwef/docs/other/9487756579/libdist-branch-master/libdist/src/libdist_app.erl"
Generating Type Specs - "/home/pete/wefwefwef/docs/other/9487756579/libdist-branch-master/libdist/src/libdist_client.erl"
Generating Type Specs - "/home/pete/wefwefwef/docs/other/9487756579/libdist-branch-master/libdist/src/libdist_utils.erl"
Generating Type Specs - "/home/pete/wefwefwef/docs/other/9487756579/libdist-branch-master/libdist/src/node_monitor.erl"
Generating Type Specs - "/home/pete/wefwefwef/docs/other/9487756579/libdist-branch-master/libdist/src/primary_backup.erl"
Generating Type Specs - "/home/pete/wefwefwef/docs/other/9487756579/libdist-branch-master/libdist/src/quorum.erl"
Generating Type Specs - "/home/pete/wefwefwef/docs/other/9487756579/libdist-branch-master/libdist/src/replica.erl"
Generating Type Specs - "/home/pete/wefwefwef/docs/other/9487756579/libdist-branch-master/libdist/src/repobj.erl"
Generating Type Specs - "/home/pete/wefwefwef/docs/other/9487756579/libdist-branch-master/libdist/src/server.erl"
Generating Type Specs - "/home/pete/wefwefwef/docs/other/9487756579/libdist-branch-master/libdist/src/shard.erl"
Generating Type Specs - "/home/pete/wefwefwef/docs/other/9487756579/libdist-branch-master/libdist/src/shard_agent.erl"
Generating Type Specs - "/home/pete/wefwefwef/docs/other/9487756579/libdist-branch-master/libdist/src/singleton.erl"
Generating Type Specs - "/home/pete/wefwefwef/docs/other/9487756579/libdist-branch-master/libdist/src/state_transfer.erl"
Generating XML for application libdist "/home/pete/wefwefwef/docs/other/9487756579/libdist-branch-master/libdist" -> "/home/pete/wefwefwef/docs/other/9487756579/repo/master/.xml/libdist"
Generated libdist XMLs: ["/home/pete/wefwefwef/docs/other/9487756579/repo/master/.xml/libdist/libdist_utils.xml",
                         "/home/pete/wefwefwef/docs/other/9487756579/repo/master/.xml/libdist/cluster_manager.xml",
                         "/home/pete/wefwefwef/docs/other/9487756579/repo/master/.xml/libdist/server.xml",
                         "/home/pete/wefwefwef/docs/other/9487756579/repo/master/.xml/libdist/state_transfer.xml",
                         "/home/pete/wefwefwef/docs/other/9487756579/repo/master/.xml/libdist/libdist_app.xml",
                         "/home/pete/wefwefwef/docs/other/9487756579/repo/master/.xml/libdist/elastic.xml",
                         "/home/pete/wefwefwef/docs/other/9487756579/repo/master/.xml/libdist/repobj.xml",
                         "/home/pete/wefwefwef/docs/other/9487756579/repo/master/.xml/libdist/singleton.xml",
                         "/home/pete/wefwefwef/docs/other/9487756579/repo/master/.xml/libdist/replica.xml",
                         "/home/pete/wefwefwef/docs/other/9487756579/repo/master/.xml/libdist/shard.xml",
                         "/home/pete/wefwefwef/docs/other/9487756579/repo/master/.xml/libdist/quorum.xml",
                         "/home/pete/wefwefwef/docs/other/9487756579/repo/master/.xml/libdist/elastic_primary_backup.xml",
                         "/home/pete/wefwefwef/docs/other/9487756579/repo/master/.xml/libdist/ldsm.xml",
                         "/home/pete/wefwefwef/docs/other/9487756579/repo/master/.xml/libdist/gossip.xml",
                         "/home/pete/wefwefwef/docs/other/9487756579/repo/master/.xml/libdist/primary_backup.xml",
                         "/home/pete/wefwefwef/docs/other/9487756579/repo/master/.xml/libdist/conf_utils.xml",
                         "/home/pete/wefwefwef/docs/other/9487756579/repo/master/.xml/libdist/elastic_band.xml",
                         "/home/pete/wefwefwef/docs/other/9487756579/repo/master/.xml/libdist/libdist_client.xml",
                         "/home/pete/wefwefwef/docs/other/9487756579/repo/master/.xml/libdist/libdist.xml",
                         "/home/pete/wefwefwef/docs/other/9487756579/repo/master/.xml/libdist/cache.xml",
                         "/home/pete/wefwefwef/docs/other/9487756579/repo/master/.xml/libdist/chain.xml",
                         "/home/pete/wefwefwef/docs/other/9487756579/repo/master/.xml/libdist/node_monitor.xml",
                         "/home/pete/wefwefwef/docs/other/9487756579/repo/master/.xml/libdist/conf_tracker.xml",
                         "/home/pete/wefwefwef/docs/other/9487756579/repo/master/.xml/libdist/elastic_chain.xml",
                         "/home/pete/wefwefwef/docs/other/9487756579/repo/master/.xml/libdist/shard_agent.xml"]
Generating HTML - elastic "/home/pete/wefwefwef/docs/other/9487756579/repo/master/.xml/libdist/elastic.xml"
Generating HTML - elastic_primary_backup "/home/pete/wefwefwef/docs/other/9487756579/repo/master/.xml/libdist/elastic_primary_backup.xml"
Generating HTML - libdist_client "/home/pete/wefwefwef/docs/other/9487756579/repo/master/.xml/libdist/libdist_client.xml"
Generating HTML - shard_agent "/home/pete/wefwefwef/docs/other/9487756579/repo/master/.xml/libdist/shard_agent.xml"
Reading XML for "/home/pete/wefwefwef/docs/other/9487756579/repo/master/.xml/libdist/elastic.xml"
Reading XML for "/home/pete/wefwefwef/docs/other/9487756579/repo/master/.xml/libdist/elastic_primary_backup.xml"
Reading XML for "/home/pete/wefwefwef/docs/other/9487756579/repo/master/.xml/libdist/libdist_client.xml"
Reading XML for "/home/pete/wefwefwef/docs/other/9487756579/repo/master/.xml/libdist/shard_agent.xml"
Reading XML for "/home/pete/wefwefwef/docs/other/9487756579/repo/master/.xml/specs_elastic_primary_backup.xml"
Generating HTML - quorum "/home/pete/wefwefwef/docs/other/9487756579/repo/master/.xml/libdist/quorum.xml"
Reading XML for "/home/pete/wefwefwef/docs/other/9487756579/repo/master/.xml/libdist/quorum.xml"
Reading XML for "/home/pete/wefwefwef/docs/other/9487756579/repo/master/.xml/specs_elastic.xml"
Reading XML for "/home/pete/wefwefwef/docs/other/9487756579/repo/master/.xml/specs_libdist_client.xml"
Generating HTML - elastic_band "/home/pete/wefwefwef/docs/other/9487756579/repo/master/.xml/libdist/elastic_band.xml"
Reading XML for "/home/pete/wefwefwef/docs/other/9487756579/repo/master/.xml/libdist/elastic_band.xml"
Reading XML for "/home/pete/wefwefwef/docs/other/9487756579/repo/master/.xml/specs_shard_agent.xml"
Generating HTML - libdist_app "/home/pete/wefwefwef/docs/other/9487756579/repo/master/.xml/libdist/libdist_app.xml"
Reading XML for "/home/pete/wefwefwef/docs/other/9487756579/repo/master/.xml/libdist/libdist_app.xml"
Generating HTML - elastic_chain "/home/pete/wefwefwef/docs/other/9487756579/repo/master/.xml/libdist/elastic_chain.xml"
Reading XML for "/home/pete/wefwefwef/docs/other/9487756579/repo/master/.xml/libdist/elastic_chain.xml"
Reading XML for "/home/pete/wefwefwef/docs/other/9487756579/repo/master/.xml/specs_quorum.xml"
Generating HTML - shard "/home/pete/wefwefwef/docs/other/9487756579/repo/master/.xml/libdist/shard.xml"
Reading XML for "/home/pete/wefwefwef/docs/other/9487756579/repo/master/.xml/libdist/shard.xml"
Reading XML for "/home/pete/wefwefwef/docs/other/9487756579/repo/master/.xml/specs_elastic_band.xml"
Reading XML for "/home/pete/wefwefwef/docs/other/9487756579/repo/master/.xml/specs_libdist_app.xml"
Reading XML for "/home/pete/wefwefwef/docs/other/9487756579/repo/master/.xml/specs_elastic_chain.xml"
Generating HTML - state_transfer "/home/pete/wefwefwef/docs/other/9487756579/repo/master/.xml/libdist/state_transfer.xml"
Reading XML for "/home/pete/wefwefwef/docs/other/9487756579/repo/master/.xml/libdist/state_transfer.xml"
Generating HTML - conf_utils "/home/pete/wefwefwef/docs/other/9487756579/repo/master/.xml/libdist/conf_utils.xml"
Reading XML for "/home/pete/wefwefwef/docs/other/9487756579/repo/master/.xml/libdist/conf_utils.xml"
Generating HTML - conf_tracker "/home/pete/wefwefwef/docs/other/9487756579/repo/master/.xml/libdist/conf_tracker.xml"
Reading XML for "/home/pete/wefwefwef/docs/other/9487756579/repo/master/.xml/libdist/conf_tracker.xml"
Reading XML for "/home/pete/wefwefwef/docs/other/9487756579/repo/master/.xml/specs_shard.xml"
Reading XML for "/home/pete/wefwefwef/docs/other/9487756579/repo/master/.xml/specs_state_transfer.xml"
Reading XML for "/home/pete/wefwefwef/docs/other/9487756579/repo/master/.xml/specs_conf_utils.xml"
Generating HTML - replica "/home/pete/wefwefwef/docs/other/9487756579/repo/master/.xml/libdist/replica.xml"
Reading XML for "/home/pete/wefwefwef/docs/other/9487756579/repo/master/.xml/libdist/replica.xml"
Generating HTML - server "/home/pete/wefwefwef/docs/other/9487756579/repo/master/.xml/libdist/server.xml"
Reading XML for "/home/pete/wefwefwef/docs/other/9487756579/repo/master/.xml/libdist/server.xml"
Generating HTML - primary_backup "/home/pete/wefwefwef/docs/other/9487756579/repo/master/.xml/libdist/primary_backup.xml"
Reading XML for "/home/pete/wefwefwef/docs/other/9487756579/repo/master/.xml/libdist/primary_backup.xml"
Reading XML for "/home/pete/wefwefwef/docs/other/9487756579/repo/master/.xml/specs_conf_tracker.xml"
Generating HTML - node_monitor "/home/pete/wefwefwef/docs/other/9487756579/repo/master/.xml/libdist/node_monitor.xml"
Reading XML for "/home/pete/wefwefwef/docs/other/9487756579/repo/master/.xml/libdist/node_monitor.xml"
Reading XML for "/home/pete/wefwefwef/docs/other/9487756579/repo/master/.xml/specs_server.xml"
Generating HTML - cluster_manager "/home/pete/wefwefwef/docs/other/9487756579/repo/master/.xml/libdist/cluster_manager.xml"
Reading XML for "/home/pete/wefwefwef/docs/other/9487756579/repo/master/.xml/libdist/cluster_manager.xml"
Reading XML for "/home/pete/wefwefwef/docs/other/9487756579/repo/master/.xml/specs_replica.xml"
Reading XML for "/home/pete/wefwefwef/docs/other/9487756579/repo/master/.xml/specs_primary_backup.xml"
Generating HTML - singleton "/home/pete/wefwefwef/docs/other/9487756579/repo/master/.xml/libdist/singleton.xml"
Reading XML for "/home/pete/wefwefwef/docs/other/9487756579/repo/master/.xml/libdist/singleton.xml"
Generating HTML - gossip "/home/pete/wefwefwef/docs/other/9487756579/repo/master/.xml/libdist/gossip.xml"
Reading XML for "/home/pete/wefwefwef/docs/other/9487756579/repo/master/.xml/libdist/gossip.xml"
Reading XML for "/home/pete/wefwefwef/docs/other/9487756579/repo/master/.xml/specs_node_monitor.xml"
Generating HTML - chain "/home/pete/wefwefwef/docs/other/9487756579/repo/master/.xml/libdist/chain.xml"
Reading XML for "/home/pete/wefwefwef/docs/other/9487756579/repo/master/.xml/libdist/chain.xml"
Reading XML for "/home/pete/wefwefwef/docs/other/9487756579/repo/master/.xml/specs_cluster_manager.xml"
Generating HTML - libdist_utils "/home/pete/wefwefwef/docs/other/9487756579/repo/master/.xml/libdist/libdist_utils.xml"
Reading XML for "/home/pete/wefwefwef/docs/other/9487756579/repo/master/.xml/libdist/libdist_utils.xml"
Reading XML for "/home/pete/wefwefwef/docs/other/9487756579/repo/master/.xml/specs_singleton.xml"
Reading XML for "/home/pete/wefwefwef/docs/other/9487756579/repo/master/.xml/specs_gossip.xml"
Generating HTML - repobj "/home/pete/wefwefwef/docs/other/9487756579/repo/master/.xml/libdist/repobj.xml"
Reading XML for "/home/pete/wefwefwef/docs/other/9487756579/repo/master/.xml/libdist/repobj.xml"
Generating HTML - ldsm "/home/pete/wefwefwef/docs/other/9487756579/repo/master/.xml/libdist/ldsm.xml"
Reading XML for "/home/pete/wefwefwef/docs/other/9487756579/repo/master/.xml/libdist/ldsm.xml"
Reading XML for "/home/pete/wefwefwef/docs/other/9487756579/repo/master/.xml/specs_chain.xml"
Generating HTML - cache "/home/pete/wefwefwef/docs/other/9487756579/repo/master/.xml/libdist/cache.xml"
Reading XML for "/home/pete/wefwefwef/docs/other/9487756579/repo/master/.xml/libdist/cache.xml"
Reading XML for "/home/pete/wefwefwef/docs/other/9487756579/repo/master/.xml/specs_libdist_utils.xml"
Reading XML for "/home/pete/wefwefwef/docs/other/9487756579/repo/master/.xml/specs_repobj.xml"
Reading XML for "/home/pete/wefwefwef/docs/other/9487756579/repo/master/.xml/specs_ldsm.xml"
Reading XML for "/home/pete/wefwefwef/docs/other/9487756579/repo/master/.xml/specs_cache.xml"
Generating HTML - libdist "/home/pete/wefwefwef/docs/other/9487756579/repo/master/.xml/libdist/libdist.xml"
Reading XML for "/home/pete/wefwefwef/docs/other/9487756579/repo/master/.xml/libdist/libdist.xml"
Reading XML for "/home/pete/wefwefwef/docs/other/9487756579/repo/master/.xml/specs_libdist.xml"
Creating index.html ...
Creating erldocs_index.js ...
Woot, finished in 0 Minutes 2 Seconds
 :: Discovering other repos
$ 5000  `rm -r '/home/pete/wefwefwef/docs/other/9487756579/libdist-branch-master'  2>&1`
 :: Erldocs finishing up
$ 5000  `rm -r '/home/pete/wefwefwef/docs/other/9487756579/libdist'  2>&1`
