 :: Extracting meta information
$ 5000  `git ls-remote --heads --tags 'https://github.com/vmx/wkt'  2>&1`
>>> [repo] 1 branches, 1 tags
 :: Writing meta to "/home/pete/wefwefwef/docs/other/4252524727/meta.txt"
 :: Processing https://github.com/vmx/wkt	{rev,tag,"v0.1.0","9b9b6c40d46990b88646ca46ca662a9296f3f76c"}
 :: Fetching repo code
$ cd "/home/pete/wefwefwef/docs/other/4252524727/wkt-tag-v0.1.0/wkt"
$ infinity  `curl --fail --silent --show-error --location --output 'v0.1.0.zip' 'https://github.com/vmx/wkt/archive/v0.1.0.zip'  2>&1`
$ cd "/home/pete/wefwefwef/docs/erldocs_other.git"
$ cd "/home/pete/wefwefwef/docs/other/4252524727/wkt-tag-v0.1.0/wkt"
$ 5000  `find -P . -type l -delete  2>&1`
$ cd "/home/pete/wefwefwef/docs/erldocs_other.git"
$ cd "/home/pete/wefwefwef/docs/other/4252524727/wkt-tag-v0.1.0/wkt"
$ 5000  `find 'wkt-0.1.0' -mindepth 1 -maxdepth 1 -exec mv -t . -- {} +  2>&1`
$ cd "/home/pete/wefwefwef/docs/erldocs_other.git"
 :: Getting dependencies
$ cd "/home/pete/wefwefwef/docs/other/4252524727/wkt-tag-v0.1.0/wkt"
$ 5000  `ls -1 deps/  2>&1`
$ cd "/home/pete/wefwefwef/docs/erldocs_other.git"
>>> [rebar] deps = []
 :: Generating erldocs into /home/pete/wefwefwef/docs/other/4252524727/repo/v0.1.0
Building wkt
Generating Type Specs - "/home/pete/wefwefwef/docs/other/4252524727/wkt-tag-v0.1.0/wkt/src/wkt.erl"
Generating XML for application wkt "/home/pete/wefwefwef/docs/other/4252524727/wkt-tag-v0.1.0/wkt" -> "/home/pete/wefwefwef/docs/other/4252524727/repo/v0.1.0/.xml/wkt"
Generated wkt XMLs: ["/home/pete/wefwefwef/docs/other/4252524727/repo/v0.1.0/.xml/wkt/wkt.xml"]
Generating HTML - wkt "/home/pete/wefwefwef/docs/other/4252524727/repo/v0.1.0/.xml/wkt/wkt.xml"
Reading XML for "/home/pete/wefwefwef/docs/other/4252524727/repo/v0.1.0/.xml/wkt/wkt.xml"
Reading XML for "/home/pete/wefwefwef/docs/other/4252524727/repo/v0.1.0/.xml/specs_wkt.xml"
Creating index.html ...
Creating erldocs_index.js ...
Woot, finished in 0 Minutes 0 Seconds
 :: Discovering other repos
$ 5000  `rm -r '/home/pete/wefwefwef/docs/other/4252524727/wkt-tag-v0.1.0'  2>&1`
 :: Processing https://github.com/vmx/wkt	{rev,branch,"master","9b9b6c40d46990b88646ca46ca662a9296f3f76c"}
 :: Fetching repo code
$ cd "/home/pete/wefwefwef/docs/other/4252524727/wkt-branch-master/wkt"
$ infinity  `curl --fail --silent --show-error --location --output 'master.zip' 'https://github.com/vmx/wkt/archive/master.zip'  2>&1`
$ cd "/home/pete/wefwefwef/docs/erldocs_other.git"
$ cd "/home/pete/wefwefwef/docs/other/4252524727/wkt-branch-master/wkt"
$ 5000  `find -P . -type l -delete  2>&1`
$ cd "/home/pete/wefwefwef/docs/erldocs_other.git"
$ cd "/home/pete/wefwefwef/docs/other/4252524727/wkt-branch-master/wkt"
$ 5000  `find 'wkt-master' -mindepth 1 -maxdepth 1 -exec mv -t . -- {} +  2>&1`
$ cd "/home/pete/wefwefwef/docs/erldocs_other.git"
 :: Getting dependencies
$ cd "/home/pete/wefwefwef/docs/other/4252524727/wkt-branch-master/wkt"
$ 5000  `ls -1 deps/  2>&1`
$ cd "/home/pete/wefwefwef/docs/erldocs_other.git"
>>> [rebar] deps = []
 :: Generating erldocs into /home/pete/wefwefwef/docs/other/4252524727/repo/master
Building wkt
Generating Type Specs - "/home/pete/wefwefwef/docs/other/4252524727/wkt-branch-master/wkt/src/wkt.erl"
Generating XML for application wkt "/home/pete/wefwefwef/docs/other/4252524727/wkt-branch-master/wkt" -> "/home/pete/wefwefwef/docs/other/4252524727/repo/master/.xml/wkt"
Generated wkt XMLs: ["/home/pete/wefwefwef/docs/other/4252524727/repo/master/.xml/wkt/wkt.xml"]
Generating HTML - wkt "/home/pete/wefwefwef/docs/other/4252524727/repo/master/.xml/wkt/wkt.xml"
Reading XML for "/home/pete/wefwefwef/docs/other/4252524727/repo/master/.xml/wkt/wkt.xml"
Reading XML for "/home/pete/wefwefwef/docs/other/4252524727/repo/master/.xml/specs_wkt.xml"
Creating index.html ...
Creating erldocs_index.js ...
Woot, finished in 0 Minutes 0 Seconds
 :: Discovering other repos
$ 5000  `rm -r '/home/pete/wefwefwef/docs/other/4252524727/wkt-branch-master'  2>&1`
 :: Erldocs finishing up
$ 5000  `rm -r '/home/pete/wefwefwef/docs/other/4252524727/wkt'  2>&1`
