 :: Extracting meta information
$ 5000  `git ls-remote --heads --tags 'https://github.com/tonyrog/inline'  2>&1`
>>> [repo] 1 branches, 0 tags
 :: Writing meta to "/home/pete/wefwefwef/docs/other/1232777366/meta.txt"
 :: Processing https://github.com/tonyrog/inline	{rev,branch,"master","9ca18d70d1847cd528a5d400d72d59eee398d31d"}
 :: Fetching repo code
$ cd "/home/pete/wefwefwef/docs/other/1232777366/inline-branch-master/inline"
$ infinity  `curl --fail --silent --show-error --location --output 'master.zip' 'https://github.com/tonyrog/inline/archive/master.zip'  2>&1`
$ cd "/home/pete/wefwefwef/docs/erldocs_other.git"
$ cd "/home/pete/wefwefwef/docs/other/1232777366/inline-branch-master/inline"
$ 5000  `find -P . -type l -delete  2>&1`
$ cd "/home/pete/wefwefwef/docs/erldocs_other.git"
$ cd "/home/pete/wefwefwef/docs/other/1232777366/inline-branch-master/inline"
$ 5000  `find 'inline-master' -mindepth 1 -maxdepth 1 -exec mv -t . -- {} +  2>&1`
$ cd "/home/pete/wefwefwef/docs/erldocs_other.git"
 :: Getting dependencies
$ cd "/home/pete/wefwefwef/docs/other/1232777366/inline-branch-master/inline"
$ 5000  `ls -1 deps/  2>&1`
$ cd "/home/pete/wefwefwef/docs/erldocs_other.git"
>>> [rebar] deps = []
 :: Generating erldocs into /home/pete/wefwefwef/docs/other/1232777366/repo/master
Building inline
Generating Type Specs - "/home/pete/wefwefwef/docs/other/1232777366/inline-branch-master/inline/src/inline.erl"
Generating XML for application inline "/home/pete/wefwefwef/docs/other/1232777366/inline-branch-master/inline" -> "/home/pete/wefwefwef/docs/other/1232777366/repo/master/.xml/inline"
Generated inline XMLs: ["/home/pete/wefwefwef/docs/other/1232777366/repo/master/.xml/inline/inline.xml"]
Generating HTML - inline "/home/pete/wefwefwef/docs/other/1232777366/repo/master/.xml/inline/inline.xml"
Reading XML for "/home/pete/wefwefwef/docs/other/1232777366/repo/master/.xml/inline/inline.xml"
Reading XML for "/home/pete/wefwefwef/docs/other/1232777366/repo/master/.xml/specs_inline.xml"
Creating index.html ...
Creating erldocs_index.js ...
Woot, finished in 0 Minutes 0 Seconds
 :: Discovering other repos
$ 5000  `rm -r '/home/pete/wefwefwef/docs/other/1232777366/inline-branch-master'  2>&1`
 :: Erldocs finishing up
$ 5000  `rm -r '/home/pete/wefwefwef/docs/other/1232777366/inline'  2>&1`
