 :: Extracting meta information
$ 5000  `git ls-remote --heads --tags 'https://github.com/norton/proper'  2>&1`
>>> [repo] 3 branches, 3 tags
 :: Writing meta to "/home/pete/wefwefwef/docs/other/7992459297/meta.txt"
 :: Processing https://github.com/norton/proper	{rev,tag,"1.0-1","80c2c73b1d416fce9704ec850e1b770488603257"}
 :: Fetching repo code
$ cd "/home/pete/wefwefwef/docs/other/7992459297/proper-tag-1.0-1/proper"
$ infinity  `curl --fail --silent --show-error --location --output '1.0-1.zip' 'https://github.com/norton/proper/archive/1.0-1.zip'  2>&1`
$ cd "/home/pete/wefwefwef/docs/erldocs_other.git"
$ cd "/home/pete/wefwefwef/docs/other/7992459297/proper-tag-1.0-1/proper"
$ 5000  `find -P . -type l -delete  2>&1`
$ cd "/home/pete/wefwefwef/docs/erldocs_other.git"
$ cd "/home/pete/wefwefwef/docs/other/7992459297/proper-tag-1.0-1/proper"
$ 5000  `find 'proper-1.0-1' -mindepth 1 -maxdepth 1 -exec mv -t . -- {} +  2>&1`
$ cd "/home/pete/wefwefwef/docs/erldocs_other.git"
 :: Getting dependencies
$ cd "/home/pete/wefwefwef/docs/other/7992459297/proper-tag-1.0-1/proper"
$ 5000  `ls -1 deps/  2>&1`
$ cd "/home/pete/wefwefwef/docs/erldocs_other.git"
>>> [rebar] deps = []
 :: Generating erldocs into /home/pete/wefwefwef/docs/other/7992459297/repo/1.0-1
Building proper
Generating Type Specs - "/home/pete/wefwefwef/docs/other/7992459297/proper-tag-1.0-1/proper/src/proper.erl"
/home/pete/wefwefwef/docs/other/7992459297/proper-tag-1.0-1/proper/src/proper.erl: at line 26: can't find include file "compile_flags.hrl"
EDoc could not process file '/home/pete/wefwefwef/docs/other/7992459297/proper-tag-1.0-1/proper/src/proper.erl'
Error generating type specs for "/home/pete/wefwefwef/docs/other/7992459297/proper-tag-1.0-1/proper/src/proper.erl"
Generating Type Specs - "/home/pete/wefwefwef/docs/other/7992459297/proper-tag-1.0-1/proper/src/proper_arith.erl"
/home/pete/wefwefwef/docs/other/7992459297/proper-tag-1.0-1/proper/src/proper_arith.erl: at line 26: can't find include file "compile_flags.hrl"
EDoc could not process file '/home/pete/wefwefwef/docs/other/7992459297/proper-tag-1.0-1/proper/src/proper_arith.erl'
Error generating type specs for "/home/pete/wefwefwef/docs/other/7992459297/proper-tag-1.0-1/proper/src/proper_arith.erl"
Generating Type Specs - "/home/pete/wefwefwef/docs/other/7992459297/proper-tag-1.0-1/proper/src/proper_array.erl"
/home/pete/wefwefwef/docs/other/7992459297/proper-tag-1.0-1/proper/src/proper_array.erl: at line 26: can't find include file "compile_flags.hrl"
EDoc could not process file '/home/pete/wefwefwef/docs/other/7992459297/proper-tag-1.0-1/proper/src/proper_array.erl'
Error generating type specs for "/home/pete/wefwefwef/docs/other/7992459297/proper-tag-1.0-1/proper/src/proper_array.erl"
Generating Type Specs - "/home/pete/wefwefwef/docs/other/7992459297/proper-tag-1.0-1/proper/src/proper_dict.erl"
/home/pete/wefwefwef/docs/other/7992459297/proper-tag-1.0-1/proper/src/proper_dict.erl: at line 26: can't find include file "compile_flags.hrl"
EDoc could not process file '/home/pete/wefwefwef/docs/other/7992459297/proper-tag-1.0-1/proper/src/proper_dict.erl'
Error generating type specs for "/home/pete/wefwefwef/docs/other/7992459297/proper-tag-1.0-1/proper/src/proper_dict.erl"
Generating Type Specs - "/home/pete/wefwefwef/docs/other/7992459297/proper-tag-1.0-1/proper/src/proper_fsm.erl"
/home/pete/wefwefwef/docs/other/7992459297/proper-tag-1.0-1/proper/src/proper_fsm.erl: at line 26: can't find include file "compile_flags.hrl"
EDoc could not process file '/home/pete/wefwefwef/docs/other/7992459297/proper-tag-1.0-1/proper/src/proper_fsm.erl'
Error generating type specs for "/home/pete/wefwefwef/docs/other/7992459297/proper-tag-1.0-1/proper/src/proper_fsm.erl"
Generating Type Specs - "/home/pete/wefwefwef/docs/other/7992459297/proper-tag-1.0-1/proper/src/proper_gb_sets.erl"
/home/pete/wefwefwef/docs/other/7992459297/proper-tag-1.0-1/proper/src/proper_gb_sets.erl: at line 26: can't find include file "compile_flags.hrl"
EDoc could not process file '/home/pete/wefwefwef/docs/other/7992459297/proper-tag-1.0-1/proper/src/proper_gb_sets.erl'
Error generating type specs for "/home/pete/wefwefwef/docs/other/7992459297/proper-tag-1.0-1/proper/src/proper_gb_sets.erl"
Generating Type Specs - "/home/pete/wefwefwef/docs/other/7992459297/proper-tag-1.0-1/proper/src/proper_gb_trees.erl"
/home/pete/wefwefwef/docs/other/7992459297/proper-tag-1.0-1/proper/src/proper_gb_trees.erl: at line 26: can't find include file "compile_flags.hrl"
EDoc could not process file '/home/pete/wefwefwef/docs/other/7992459297/proper-tag-1.0-1/proper/src/proper_gb_trees.erl'
Error generating type specs for "/home/pete/wefwefwef/docs/other/7992459297/proper-tag-1.0-1/proper/src/proper_gb_trees.erl"
Generating Type Specs - "/home/pete/wefwefwef/docs/other/7992459297/proper-tag-1.0-1/proper/src/proper_gen.erl"
/home/pete/wefwefwef/docs/other/7992459297/proper-tag-1.0-1/proper/src/proper_gen.erl: at line 26: can't find include file "compile_flags.hrl"
EDoc could not process file '/home/pete/wefwefwef/docs/other/7992459297/proper-tag-1.0-1/proper/src/proper_gen.erl'
Error generating type specs for "/home/pete/wefwefwef/docs/other/7992459297/proper-tag-1.0-1/proper/src/proper_gen.erl"
Generating Type Specs - "/home/pete/wefwefwef/docs/other/7992459297/proper-tag-1.0-1/proper/src/proper_orddict.erl"
/home/pete/wefwefwef/docs/other/7992459297/proper-tag-1.0-1/proper/src/proper_orddict.erl: at line 26: can't find include file "compile_flags.hrl"
EDoc could not process file '/home/pete/wefwefwef/docs/other/7992459297/proper-tag-1.0-1/proper/src/proper_orddict.erl'
Error generating type specs for "/home/pete/wefwefwef/docs/other/7992459297/proper-tag-1.0-1/proper/src/proper_orddict.erl"
Generating Type Specs - "/home/pete/wefwefwef/docs/other/7992459297/proper-tag-1.0-1/proper/src/proper_ordsets.erl"
/home/pete/wefwefwef/docs/other/7992459297/proper-tag-1.0-1/proper/src/proper_ordsets.erl: at line 26: can't find include file "compile_flags.hrl"
EDoc could not process file '/home/pete/wefwefwef/docs/other/7992459297/proper-tag-1.0-1/proper/src/proper_ordsets.erl'
Error generating type specs for "/home/pete/wefwefwef/docs/other/7992459297/proper-tag-1.0-1/proper/src/proper_ordsets.erl"
Generating Type Specs - "/home/pete/wefwefwef/docs/other/7992459297/proper-tag-1.0-1/proper/src/proper_prop_remover.erl"
/home/pete/wefwefwef/docs/other/7992459297/proper-tag-1.0-1/proper/src/proper_prop_remover.erl: at line 26: can't find include file "compile_flags.hrl"
EDoc could not process file '/home/pete/wefwefwef/docs/other/7992459297/proper-tag-1.0-1/proper/src/proper_prop_remover.erl'
Error generating type specs for "/home/pete/wefwefwef/docs/other/7992459297/proper-tag-1.0-1/proper/src/proper_prop_remover.erl"
Generating Type Specs - "/home/pete/wefwefwef/docs/other/7992459297/proper-tag-1.0-1/proper/src/proper_queue.erl"
/home/pete/wefwefwef/docs/other/7992459297/proper-tag-1.0-1/proper/src/proper_queue.erl: at line 26: can't find include file "compile_flags.hrl"
EDoc could not process file '/home/pete/wefwefwef/docs/other/7992459297/proper-tag-1.0-1/proper/src/proper_queue.erl'
Error generating type specs for "/home/pete/wefwefwef/docs/other/7992459297/proper-tag-1.0-1/proper/src/proper_queue.erl"
Generating Type Specs - "/home/pete/wefwefwef/docs/other/7992459297/proper-tag-1.0-1/proper/src/proper_sets.erl"
/home/pete/wefwefwef/docs/other/7992459297/proper-tag-1.0-1/proper/src/proper_sets.erl: at line 26: can't find include file "compile_flags.hrl"
EDoc could not process file '/home/pete/wefwefwef/docs/other/7992459297/proper-tag-1.0-1/proper/src/proper_sets.erl'
Error generating type specs for "/home/pete/wefwefwef/docs/other/7992459297/proper-tag-1.0-1/proper/src/proper_sets.erl"
Generating Type Specs - "/home/pete/wefwefwef/docs/other/7992459297/proper-tag-1.0-1/proper/src/proper_shrink.erl"
/home/pete/wefwefwef/docs/other/7992459297/proper-tag-1.0-1/proper/src/proper_shrink.erl: at line 26: can't find include file "compile_flags.hrl"
EDoc could not process file '/home/pete/wefwefwef/docs/other/7992459297/proper-tag-1.0-1/proper/src/proper_shrink.erl'
Error generating type specs for "/home/pete/wefwefwef/docs/other/7992459297/proper-tag-1.0-1/proper/src/proper_shrink.erl"
Generating Type Specs - "/home/pete/wefwefwef/docs/other/7992459297/proper-tag-1.0-1/proper/src/proper_statem.erl"
/home/pete/wefwefwef/docs/other/7992459297/proper-tag-1.0-1/proper/src/proper_statem.erl: at line 26: can't find include file "compile_flags.hrl"
EDoc could not process file '/home/pete/wefwefwef/docs/other/7992459297/proper-tag-1.0-1/proper/src/proper_statem.erl'
Error generating type specs for "/home/pete/wefwefwef/docs/other/7992459297/proper-tag-1.0-1/proper/src/proper_statem.erl"
Generating Type Specs - "/home/pete/wefwefwef/docs/other/7992459297/proper-tag-1.0-1/proper/src/proper_symb.erl"
/home/pete/wefwefwef/docs/other/7992459297/proper-tag-1.0-1/proper/src/proper_symb.erl: at line 26: can't find include file "compile_flags.hrl"
EDoc could not process file '/home/pete/wefwefwef/docs/other/7992459297/proper-tag-1.0-1/proper/src/proper_symb.erl'
Error generating type specs for "/home/pete/wefwefwef/docs/other/7992459297/proper-tag-1.0-1/proper/src/proper_symb.erl"
Generating Type Specs - "/home/pete/wefwefwef/docs/other/7992459297/proper-tag-1.0-1/proper/src/proper_transformer.erl"
/home/pete/wefwefwef/docs/other/7992459297/proper-tag-1.0-1/proper/src/proper_transformer.erl: at line 26: can't find include file "compile_flags.hrl"
EDoc could not process file '/home/pete/wefwefwef/docs/other/7992459297/proper-tag-1.0-1/proper/src/proper_transformer.erl'
Error generating type specs for "/home/pete/wefwefwef/docs/other/7992459297/proper-tag-1.0-1/proper/src/proper_transformer.erl"
Generating Type Specs - "/home/pete/wefwefwef/docs/other/7992459297/proper-tag-1.0-1/proper/src/proper_types.erl"
/home/pete/wefwefwef/docs/other/7992459297/proper-tag-1.0-1/proper/src/proper_types.erl: at line 26: can't find include file "compile_flags.hrl"
EDoc could not process file '/home/pete/wefwefwef/docs/other/7992459297/proper-tag-1.0-1/proper/src/proper_types.erl'
Error generating type specs for "/home/pete/wefwefwef/docs/other/7992459297/proper-tag-1.0-1/proper/src/proper_types.erl"
Generating Type Specs - "/home/pete/wefwefwef/docs/other/7992459297/proper-tag-1.0-1/proper/src/proper_typeserver.erl"
/home/pete/wefwefwef/docs/other/7992459297/proper-tag-1.0-1/proper/src/proper_typeserver.erl: at line 26: can't find include file "compile_flags.hrl"
EDoc could not process file '/home/pete/wefwefwef/docs/other/7992459297/proper-tag-1.0-1/proper/src/proper_typeserver.erl'
Error generating type specs for "/home/pete/wefwefwef/docs/other/7992459297/proper-tag-1.0-1/proper/src/proper_typeserver.erl"
Generating Type Specs - "/home/pete/wefwefwef/docs/other/7992459297/proper-tag-1.0-1/proper/src/strip_types.erl"
Generating Type Specs - "/home/pete/wefwefwef/docs/other/7992459297/proper-tag-1.0-1/proper/src/vararg.erl"
/home/pete/wefwefwef/docs/other/7992459297/proper-tag-1.0-1/proper/src/vararg.erl: at line 26: can't find include file "compile_flags.hrl"
EDoc could not process file '/home/pete/wefwefwef/docs/other/7992459297/proper-tag-1.0-1/proper/src/vararg.erl'
Error generating type specs for "/home/pete/wefwefwef/docs/other/7992459297/proper-tag-1.0-1/proper/src/vararg.erl"
Generating XML for application proper "/home/pete/wefwefwef/docs/other/7992459297/proper-tag-1.0-1/proper" -> "/home/pete/wefwefwef/docs/other/7992459297/repo/1.0-1/.xml/proper"
/home/pete/wefwefwef/docs/other/7992459297/proper-tag-1.0-1/proper/src/proper_types.erl: at line 26: can't find include file "compile_flags.hrl"
edoc: skipping source file '/home/pete/wefwefwef/docs/other/7992459297/proper-tag-1.0-1/proper/src/proper_types.erl': {'EXIT',
                                                                                                                 error}.
/home/pete/wefwefwef/docs/other/7992459297/proper-tag-1.0-1/proper/src/proper_typeserver.erl: at line 26: can't find include file "compile_flags.hrl"
edoc: skipping source file '/home/pete/wefwefwef/docs/other/7992459297/proper-tag-1.0-1/proper/src/proper_typeserver.erl': {'EXIT',
                                                                                                                      error}.
/home/pete/wefwefwef/docs/other/7992459297/proper-tag-1.0-1/proper/src/vararg.erl: at line 26: can't find include file "compile_flags.hrl"
edoc: skipping source file '/home/pete/wefwefwef/docs/other/7992459297/proper-tag-1.0-1/proper/src/vararg.erl': {'EXIT',
                                                                                                           error}.
/home/pete/wefwefwef/docs/other/7992459297/proper-tag-1.0-1/proper/src/proper_symb.erl: at line 26: can't find include file "compile_flags.hrl"
edoc: skipping source file '/home/pete/wefwefwef/docs/other/7992459297/proper-tag-1.0-1/proper/src/proper_symb.erl': {'EXIT',
                                                                                                                error}.
/home/pete/wefwefwef/docs/other/7992459297/proper-tag-1.0-1/proper/src/proper_queue.erl: at line 26: can't find include file "compile_flags.hrl"
edoc: skipping source file '/home/pete/wefwefwef/docs/other/7992459297/proper-tag-1.0-1/proper/src/proper_queue.erl': {'EXIT',
                                                                                                                 error}.
/home/pete/wefwefwef/docs/other/7992459297/proper-tag-1.0-1/proper/src/proper_gen.erl: at line 26: can't find include file "compile_flags.hrl"
edoc: skipping source file '/home/pete/wefwefwef/docs/other/7992459297/proper-tag-1.0-1/proper/src/proper_gen.erl': {'EXIT',
                                                                                                               error}.
/home/pete/wefwefwef/docs/other/7992459297/proper-tag-1.0-1/proper/src/proper_arith.erl: at line 26: can't find include file "compile_flags.hrl"
edoc: skipping source file '/home/pete/wefwefwef/docs/other/7992459297/proper-tag-1.0-1/proper/src/proper_arith.erl': {'EXIT',
                                                                                                                 error}.
/home/pete/wefwefwef/docs/other/7992459297/proper-tag-1.0-1/proper/src/proper_fsm.erl: at line 26: can't find include file "compile_flags.hrl"
edoc: skipping source file '/home/pete/wefwefwef/docs/other/7992459297/proper-tag-1.0-1/proper/src/proper_fsm.erl': {'EXIT',
                                                                                                               error}.
/home/pete/wefwefwef/docs/other/7992459297/proper-tag-1.0-1/proper/src/proper_shrink.erl: at line 26: can't find include file "compile_flags.hrl"
edoc: skipping source file '/home/pete/wefwefwef/docs/other/7992459297/proper-tag-1.0-1/proper/src/proper_shrink.erl': {'EXIT',
                                                                                                                  error}.
/home/pete/wefwefwef/docs/other/7992459297/proper-tag-1.0-1/proper/src/proper_array.erl: at line 26: can't find include file "compile_flags.hrl"
edoc: skipping source file '/home/pete/wefwefwef/docs/other/7992459297/proper-tag-1.0-1/proper/src/proper_array.erl': {'EXIT',
                                                                                                                 error}.
/home/pete/wefwefwef/docs/other/7992459297/proper-tag-1.0-1/proper/src/proper_transformer.erl: at line 26: can't find include file "compile_flags.hrl"
edoc: skipping source file '/home/pete/wefwefwef/docs/other/7992459297/proper-tag-1.0-1/proper/src/proper_transformer.erl': {'EXIT',
                                                                                                                       error}.
/home/pete/wefwefwef/docs/other/7992459297/proper-tag-1.0-1/proper/src/proper_gb_trees.erl: at line 26: can't find include file "compile_flags.hrl"
edoc: skipping source file '/home/pete/wefwefwef/docs/other/7992459297/proper-tag-1.0-1/proper/src/proper_gb_trees.erl': {'EXIT',
                                                                                                                    error}.
/home/pete/wefwefwef/docs/other/7992459297/proper-tag-1.0-1/proper/src/proper_orddict.erl: at line 26: can't find include file "compile_flags.hrl"
edoc: skipping source file '/home/pete/wefwefwef/docs/other/7992459297/proper-tag-1.0-1/proper/src/proper_orddict.erl': {'EXIT',
                                                                                                                   error}.
/home/pete/wefwefwef/docs/other/7992459297/proper-tag-1.0-1/proper/src/proper_sets.erl: at line 26: can't find include file "compile_flags.hrl"
edoc: skipping source file '/home/pete/wefwefwef/docs/other/7992459297/proper-tag-1.0-1/proper/src/proper_sets.erl': {'EXIT',
                                                                                                                error}.
/home/pete/wefwefwef/docs/other/7992459297/proper-tag-1.0-1/proper/src/proper_prop_remover.erl: at line 26: can't find include file "compile_flags.hrl"
edoc: skipping source file '/home/pete/wefwefwef/docs/other/7992459297/proper-tag-1.0-1/proper/src/proper_prop_remover.erl': {'EXIT',
                                                                                                                        error}.
/home/pete/wefwefwef/docs/other/7992459297/proper-tag-1.0-1/proper/src/proper_gb_sets.erl: at line 26: can't find include file "compile_flags.hrl"
edoc: skipping source file '/home/pete/wefwefwef/docs/other/7992459297/proper-tag-1.0-1/proper/src/proper_gb_sets.erl': {'EXIT',
                                                                                                                   error}.
/home/pete/wefwefwef/docs/other/7992459297/proper-tag-1.0-1/proper/src/proper.erl: at line 26: can't find include file "compile_flags.hrl"
edoc: skipping source file '/home/pete/wefwefwef/docs/other/7992459297/proper-tag-1.0-1/proper/src/proper.erl': {'EXIT',
                                                                                                           error}.
/home/pete/wefwefwef/docs/other/7992459297/proper-tag-1.0-1/proper/src/proper_ordsets.erl: at line 26: can't find include file "compile_flags.hrl"
edoc: skipping source file '/home/pete/wefwefwef/docs/other/7992459297/proper-tag-1.0-1/proper/src/proper_ordsets.erl': {'EXIT',
                                                                                                                   error}.
/home/pete/wefwefwef/docs/other/7992459297/proper-tag-1.0-1/proper/src/proper_statem.erl: at line 26: can't find include file "compile_flags.hrl"
edoc: skipping source file '/home/pete/wefwefwef/docs/other/7992459297/proper-tag-1.0-1/proper/src/proper_statem.erl': {'EXIT',
                                                                                                                  error}.
/home/pete/wefwefwef/docs/other/7992459297/proper-tag-1.0-1/proper/src/proper_dict.erl: at line 26: can't find include file "compile_flags.hrl"
edoc: skipping source file '/home/pete/wefwefwef/docs/other/7992459297/proper-tag-1.0-1/proper/src/proper_dict.erl': {'EXIT',
                                                                                                                error}.
edoc: error in doclet 'edoc_doclet': {'EXIT',error}.
Error generating proper XMLs. Using fallback ...
Generating XML proper - proper "/home/pete/wefwefwef/docs/other/7992459297/proper-tag-1.0-1/proper/src/proper.erl" -> "/home/pete/wefwefwef/docs/other/7992459297/repo/1.0-1/.xml/proper/proper.xml"
/home/pete/wefwefwef/docs/other/7992459297/proper-tag-1.0-1/proper/src/proper.erl: at line 26: can't find include file "compile_flags.hrl"
Error generating XML ("/home/pete/wefwefwef/docs/other/7992459297/proper-tag-1.0-1/proper/src/proper.erl"): {'EXIT',
                                                                                                             error}
Generating XML proper - proper_arith "/home/pete/wefwefwef/docs/other/7992459297/proper-tag-1.0-1/proper/src/proper_arith.erl" -> "/home/pete/wefwefwef/docs/other/7992459297/repo/1.0-1/.xml/proper/proper_arith.xml"
/home/pete/wefwefwef/docs/other/7992459297/proper-tag-1.0-1/proper/src/proper_arith.erl: at line 26: can't find include file "compile_flags.hrl"
Error generating XML ("/home/pete/wefwefwef/docs/other/7992459297/proper-tag-1.0-1/proper/src/proper_arith.erl"): {'EXIT',
                                                                                                                   error}
Generating XML proper - proper_array "/home/pete/wefwefwef/docs/other/7992459297/proper-tag-1.0-1/proper/src/proper_array.erl" -> "/home/pete/wefwefwef/docs/other/7992459297/repo/1.0-1/.xml/proper/proper_array.xml"
/home/pete/wefwefwef/docs/other/7992459297/proper-tag-1.0-1/proper/src/proper_array.erl: at line 26: can't find include file "compile_flags.hrl"
Error generating XML ("/home/pete/wefwefwef/docs/other/7992459297/proper-tag-1.0-1/proper/src/proper_array.erl"): {'EXIT',
                                                                                                                   error}
Generating XML proper - proper_dict "/home/pete/wefwefwef/docs/other/7992459297/proper-tag-1.0-1/proper/src/proper_dict.erl" -> "/home/pete/wefwefwef/docs/other/7992459297/repo/1.0-1/.xml/proper/proper_dict.xml"
/home/pete/wefwefwef/docs/other/7992459297/proper-tag-1.0-1/proper/src/proper_dict.erl: at line 26: can't find include file "compile_flags.hrl"
Error generating XML ("/home/pete/wefwefwef/docs/other/7992459297/proper-tag-1.0-1/proper/src/proper_dict.erl"): {'EXIT',
                                                                                                                  error}
Generating XML proper - proper_fsm "/home/pete/wefwefwef/docs/other/7992459297/proper-tag-1.0-1/proper/src/proper_fsm.erl" -> "/home/pete/wefwefwef/docs/other/7992459297/repo/1.0-1/.xml/proper/proper_fsm.xml"
/home/pete/wefwefwef/docs/other/7992459297/proper-tag-1.0-1/proper/src/proper_fsm.erl: at line 26: can't find include file "compile_flags.hrl"
Error generating XML ("/home/pete/wefwefwef/docs/other/7992459297/proper-tag-1.0-1/proper/src/proper_fsm.erl"): {'EXIT',
                                                                                                                 error}
Generating XML proper - proper_gb_sets "/home/pete/wefwefwef/docs/other/7992459297/proper-tag-1.0-1/proper/src/proper_gb_sets.erl" -> "/home/pete/wefwefwef/docs/other/7992459297/repo/1.0-1/.xml/proper/proper_gb_sets.xml"
/home/pete/wefwefwef/docs/other/7992459297/proper-tag-1.0-1/proper/src/proper_gb_sets.erl: at line 26: can't find include file "compile_flags.hrl"
Error generating XML ("/home/pete/wefwefwef/docs/other/7992459297/proper-tag-1.0-1/proper/src/proper_gb_sets.erl"): {'EXIT',
                                                                                                                     error}
Generating XML proper - proper_gb_trees "/home/pete/wefwefwef/docs/other/7992459297/proper-tag-1.0-1/proper/src/proper_gb_trees.erl" -> "/home/pete/wefwefwef/docs/other/7992459297/repo/1.0-1/.xml/proper/proper_gb_trees.xml"
/home/pete/wefwefwef/docs/other/7992459297/proper-tag-1.0-1/proper/src/proper_gb_trees.erl: at line 26: can't find include file "compile_flags.hrl"
Error generating XML ("/home/pete/wefwefwef/docs/other/7992459297/proper-tag-1.0-1/proper/src/proper_gb_trees.erl"): {'EXIT',
                                                                                                                      error}
Generating XML proper - proper_gen "/home/pete/wefwefwef/docs/other/7992459297/proper-tag-1.0-1/proper/src/proper_gen.erl" -> "/home/pete/wefwefwef/docs/other/7992459297/repo/1.0-1/.xml/proper/proper_gen.xml"
/home/pete/wefwefwef/docs/other/7992459297/proper-tag-1.0-1/proper/src/proper_gen.erl: at line 26: can't find include file "compile_flags.hrl"
Error generating XML ("/home/pete/wefwefwef/docs/other/7992459297/proper-tag-1.0-1/proper/src/proper_gen.erl"): {'EXIT',
                                                                                                                 error}
Generating XML proper - proper_orddict "/home/pete/wefwefwef/docs/other/7992459297/proper-tag-1.0-1/proper/src/proper_orddict.erl" -> "/home/pete/wefwefwef/docs/other/7992459297/repo/1.0-1/.xml/proper/proper_orddict.xml"
/home/pete/wefwefwef/docs/other/7992459297/proper-tag-1.0-1/proper/src/proper_orddict.erl: at line 26: can't find include file "compile_flags.hrl"
Error generating XML ("/home/pete/wefwefwef/docs/other/7992459297/proper-tag-1.0-1/proper/src/proper_orddict.erl"): {'EXIT',
                                                                                                                     error}
Generating XML proper - proper_ordsets "/home/pete/wefwefwef/docs/other/7992459297/proper-tag-1.0-1/proper/src/proper_ordsets.erl" -> "/home/pete/wefwefwef/docs/other/7992459297/repo/1.0-1/.xml/proper/proper_ordsets.xml"
/home/pete/wefwefwef/docs/other/7992459297/proper-tag-1.0-1/proper/src/proper_ordsets.erl: at line 26: can't find include file "compile_flags.hrl"
Error generating XML ("/home/pete/wefwefwef/docs/other/7992459297/proper-tag-1.0-1/proper/src/proper_ordsets.erl"): {'EXIT',
                                                                                                                     error}
Generating XML proper - proper_prop_remover "/home/pete/wefwefwef/docs/other/7992459297/proper-tag-1.0-1/proper/src/proper_prop_remover.erl" -> "/home/pete/wefwefwef/docs/other/7992459297/repo/1.0-1/.xml/proper/proper_prop_remover.xml"
/home/pete/wefwefwef/docs/other/7992459297/proper-tag-1.0-1/proper/src/proper_prop_remover.erl: at line 26: can't find include file "compile_flags.hrl"
Error generating XML ("/home/pete/wefwefwef/docs/other/7992459297/proper-tag-1.0-1/proper/src/proper_prop_remover.erl"): {'EXIT',
                                                                                                                          error}
Generating XML proper - proper_queue "/home/pete/wefwefwef/docs/other/7992459297/proper-tag-1.0-1/proper/src/proper_queue.erl" -> "/home/pete/wefwefwef/docs/other/7992459297/repo/1.0-1/.xml/proper/proper_queue.xml"
/home/pete/wefwefwef/docs/other/7992459297/proper-tag-1.0-1/proper/src/proper_queue.erl: at line 26: can't find include file "compile_flags.hrl"
Error generating XML ("/home/pete/wefwefwef/docs/other/7992459297/proper-tag-1.0-1/proper/src/proper_queue.erl"): {'EXIT',
                                                                                                                   error}
Generating XML proper - proper_sets "/home/pete/wefwefwef/docs/other/7992459297/proper-tag-1.0-1/proper/src/proper_sets.erl" -> "/home/pete/wefwefwef/docs/other/7992459297/repo/1.0-1/.xml/proper/proper_sets.xml"
/home/pete/wefwefwef/docs/other/7992459297/proper-tag-1.0-1/proper/src/proper_sets.erl: at line 26: can't find include file "compile_flags.hrl"
Error generating XML ("/home/pete/wefwefwef/docs/other/7992459297/proper-tag-1.0-1/proper/src/proper_sets.erl"): {'EXIT',
                                                                                                                  error}
Generating XML proper - proper_shrink "/home/pete/wefwefwef/docs/other/7992459297/proper-tag-1.0-1/proper/src/proper_shrink.erl" -> "/home/pete/wefwefwef/docs/other/7992459297/repo/1.0-1/.xml/proper/proper_shrink.xml"
/home/pete/wefwefwef/docs/other/7992459297/proper-tag-1.0-1/proper/src/proper_shrink.erl: at line 26: can't find include file "compile_flags.hrl"
Error generating XML ("/home/pete/wefwefwef/docs/other/7992459297/proper-tag-1.0-1/proper/src/proper_shrink.erl"): {'EXIT',
                                                                                                                    error}
Generating XML proper - proper_statem "/home/pete/wefwefwef/docs/other/7992459297/proper-tag-1.0-1/proper/src/proper_statem.erl" -> "/home/pete/wefwefwef/docs/other/7992459297/repo/1.0-1/.xml/proper/proper_statem.xml"
/home/pete/wefwefwef/docs/other/7992459297/proper-tag-1.0-1/proper/src/proper_statem.erl: at line 26: can't find include file "compile_flags.hrl"
Error generating XML ("/home/pete/wefwefwef/docs/other/7992459297/proper-tag-1.0-1/proper/src/proper_statem.erl"): {'EXIT',
                                                                                                                    error}
Generating XML proper - proper_symb "/home/pete/wefwefwef/docs/other/7992459297/proper-tag-1.0-1/proper/src/proper_symb.erl" -> "/home/pete/wefwefwef/docs/other/7992459297/repo/1.0-1/.xml/proper/proper_symb.xml"
/home/pete/wefwefwef/docs/other/7992459297/proper-tag-1.0-1/proper/src/proper_symb.erl: at line 26: can't find include file "compile_flags.hrl"
Error generating XML ("/home/pete/wefwefwef/docs/other/7992459297/proper-tag-1.0-1/proper/src/proper_symb.erl"): {'EXIT',
                                                                                                                  error}
Generating XML proper - proper_transformer "/home/pete/wefwefwef/docs/other/7992459297/proper-tag-1.0-1/proper/src/proper_transformer.erl" -> "/home/pete/wefwefwef/docs/other/7992459297/repo/1.0-1/.xml/proper/proper_transformer.xml"
/home/pete/wefwefwef/docs/other/7992459297/proper-tag-1.0-1/proper/src/proper_transformer.erl: at line 26: can't find include file "compile_flags.hrl"
Error generating XML ("/home/pete/wefwefwef/docs/other/7992459297/proper-tag-1.0-1/proper/src/proper_transformer.erl"): {'EXIT',
                                                                                                                         error}
Generating XML proper - proper_types "/home/pete/wefwefwef/docs/other/7992459297/proper-tag-1.0-1/proper/src/proper_types.erl" -> "/home/pete/wefwefwef/docs/other/7992459297/repo/1.0-1/.xml/proper/proper_types.xml"
/home/pete/wefwefwef/docs/other/7992459297/proper-tag-1.0-1/proper/src/proper_types.erl: at line 26: can't find include file "compile_flags.hrl"
Error generating XML ("/home/pete/wefwefwef/docs/other/7992459297/proper-tag-1.0-1/proper/src/proper_types.erl"): {'EXIT',
                                                                                                                   error}
Generating XML proper - proper_typeserver "/home/pete/wefwefwef/docs/other/7992459297/proper-tag-1.0-1/proper/src/proper_typeserver.erl" -> "/home/pete/wefwefwef/docs/other/7992459297/repo/1.0-1/.xml/proper/proper_typeserver.xml"
/home/pete/wefwefwef/docs/other/7992459297/proper-tag-1.0-1/proper/src/proper_typeserver.erl: at line 26: can't find include file "compile_flags.hrl"
Error generating XML ("/home/pete/wefwefwef/docs/other/7992459297/proper-tag-1.0-1/proper/src/proper_typeserver.erl"): {'EXIT',
                                                                                                                        error}
Generating XML proper - strip_types "/home/pete/wefwefwef/docs/other/7992459297/proper-tag-1.0-1/proper/src/strip_types.erl" -> "/home/pete/wefwefwef/docs/other/7992459297/repo/1.0-1/.xml/proper/strip_types.xml"
Generating XML proper - vararg "/home/pete/wefwefwef/docs/other/7992459297/proper-tag-1.0-1/proper/src/vararg.erl" -> "/home/pete/wefwefwef/docs/other/7992459297/repo/1.0-1/.xml/proper/vararg.xml"
/home/pete/wefwefwef/docs/other/7992459297/proper-tag-1.0-1/proper/src/vararg.erl: at line 26: can't find include file "compile_flags.hrl"
Error generating XML ("/home/pete/wefwefwef/docs/other/7992459297/proper-tag-1.0-1/proper/src/vararg.erl"): {'EXIT',
                                                                                                             error}
Generating HTML - strip_types "/home/pete/wefwefwef/docs/other/7992459297/repo/1.0-1/.xml/proper/strip_types.xml"
Reading XML for "/home/pete/wefwefwef/docs/other/7992459297/repo/1.0-1/.xml/proper/strip_types.xml"
Reading XML for "/home/pete/wefwefwef/docs/other/7992459297/repo/1.0-1/.xml/specs_strip_types.xml"
Creating index.html ...
Creating erldocs_index.js ...
Woot, finished in 0 Minutes 3 Seconds
 :: Discovering other repos
$ 5000  `rm -r '/home/pete/wefwefwef/docs/other/7992459297/proper-tag-1.0-1'  2>&1`
 :: Processing https://github.com/norton/proper	{rev,tag,"v1.0","ca96110cb0bbbf31fbc7563e0424b2f2daafd156"}
 :: Fetching repo code
$ cd "/home/pete/wefwefwef/docs/other/7992459297/proper-tag-v1.0/proper"
$ infinity  `curl --fail --silent --show-error --location --output 'v1.0.zip' 'https://github.com/norton/proper/archive/v1.0.zip'  2>&1`
$ cd "/home/pete/wefwefwef/docs/erldocs_other.git"
$ cd "/home/pete/wefwefwef/docs/other/7992459297/proper-tag-v1.0/proper"
$ 5000  `find -P . -type l -delete  2>&1`
$ cd "/home/pete/wefwefwef/docs/erldocs_other.git"
$ cd "/home/pete/wefwefwef/docs/other/7992459297/proper-tag-v1.0/proper"
$ 5000  `find 'proper-1.0' -mindepth 1 -maxdepth 1 -exec mv -t . -- {} +  2>&1`
$ cd "/home/pete/wefwefwef/docs/erldocs_other.git"
 :: Getting dependencies
$ cd "/home/pete/wefwefwef/docs/other/7992459297/proper-tag-v1.0/proper"
$ 5000  `ls -1 deps/  2>&1`
$ cd "/home/pete/wefwefwef/docs/erldocs_other.git"
>>> [rebar] deps = []
 :: Generating erldocs into /home/pete/wefwefwef/docs/other/7992459297/repo/v1.0
Building proper
Generating Type Specs - "/home/pete/wefwefwef/docs/other/7992459297/proper-tag-v1.0/proper/src/proper.erl"
Generating Type Specs - "/home/pete/wefwefwef/docs/other/7992459297/proper-tag-v1.0/proper/src/proper_arith.erl"
Generating Type Specs - "/home/pete/wefwefwef/docs/other/7992459297/proper-tag-v1.0/proper/src/proper_array.erl"
Generating Type Specs - "/home/pete/wefwefwef/docs/other/7992459297/proper-tag-v1.0/proper/src/proper_dict.erl"
Generating Type Specs - "/home/pete/wefwefwef/docs/other/7992459297/proper-tag-v1.0/proper/src/proper_fsm.erl"
Generating Type Specs - "/home/pete/wefwefwef/docs/other/7992459297/proper-tag-v1.0/proper/src/proper_gb_sets.erl"
Generating Type Specs - "/home/pete/wefwefwef/docs/other/7992459297/proper-tag-v1.0/proper/src/proper_gb_trees.erl"
Generating Type Specs - "/home/pete/wefwefwef/docs/other/7992459297/proper-tag-v1.0/proper/src/proper_gen.erl"
Generating Type Specs - "/home/pete/wefwefwef/docs/other/7992459297/proper-tag-v1.0/proper/src/proper_orddict.erl"
Generating Type Specs - "/home/pete/wefwefwef/docs/other/7992459297/proper-tag-v1.0/proper/src/proper_ordsets.erl"
Generating Type Specs - "/home/pete/wefwefwef/docs/other/7992459297/proper-tag-v1.0/proper/src/proper_prop_remover.erl"
Generating Type Specs - "/home/pete/wefwefwef/docs/other/7992459297/proper-tag-v1.0/proper/src/proper_queue.erl"
Generating Type Specs - "/home/pete/wefwefwef/docs/other/7992459297/proper-tag-v1.0/proper/src/proper_sets.erl"
Generating Type Specs - "/home/pete/wefwefwef/docs/other/7992459297/proper-tag-v1.0/proper/src/proper_shrink.erl"
Generating Type Specs - "/home/pete/wefwefwef/docs/other/7992459297/proper-tag-v1.0/proper/src/proper_statem.erl"
Generating Type Specs - "/home/pete/wefwefwef/docs/other/7992459297/proper-tag-v1.0/proper/src/proper_symb.erl"
Generating Type Specs - "/home/pete/wefwefwef/docs/other/7992459297/proper-tag-v1.0/proper/src/proper_transformer.erl"
Generating Type Specs - "/home/pete/wefwefwef/docs/other/7992459297/proper-tag-v1.0/proper/src/proper_types.erl"
Generating Type Specs - "/home/pete/wefwefwef/docs/other/7992459297/proper-tag-v1.0/proper/src/proper_typeserver.erl"
Generating Type Specs - "/home/pete/wefwefwef/docs/other/7992459297/proper-tag-v1.0/proper/src/strip_types.erl"
Generating Type Specs - "/home/pete/wefwefwef/docs/other/7992459297/proper-tag-v1.0/proper/src/vararg.erl"
Generating XML for application proper "/home/pete/wefwefwef/docs/other/7992459297/proper-tag-v1.0/proper" -> "/home/pete/wefwefwef/docs/other/7992459297/repo/v1.0/.xml/proper"
/home/pete/wefwefwef/docs/other/7992459297/proper-tag-v1.0/proper/src/proper_types.erl, function cook_outer/1: at line 210: warning: tag @alias not recognized.
/home/pete/wefwefwef/docs/other/7992459297/proper-tag-v1.0/proper/src/proper_types.erl, function cook_outer/1: at line 212: warning: tag @private_type not recognized.
/home/pete/wefwefwef/docs/other/7992459297/proper-tag-v1.0/proper/src/proper_types.erl, function cook_outer/1: at line 213: warning: tag @alias not recognized.
/home/pete/wefwefwef/docs/other/7992459297/proper-tag-v1.0/proper/src/proper_types.erl, function cook_outer/1: at line 215: warning: tag @private_type not recognized.
/home/pete/wefwefwef/docs/other/7992459297/proper-tag-v1.0/proper/src/proper_types.erl, function cook_outer/1: at line 216: warning: tag @alias not recognized.
/home/pete/wefwefwef/docs/other/7992459297/proper-tag-v1.0/proper/src/proper_typeserver.erl, function start/0: at line 262: warning: tag @private_type not recognized.
/home/pete/wefwefwef/docs/other/7992459297/proper-tag-v1.0/proper/src/proper_typeserver.erl, function start/0: at line 265: warning: tag @private_type not recognized.
/home/pete/wefwefwef/docs/other/7992459297/proper-tag-v1.0/proper/src/proper_typeserver.erl, function start/0: at line 284: warning: tag @private_type not recognized.
/home/pete/wefwefwef/docs/other/7992459297/proper-tag-v1.0/proper/src/proper_typeserver.erl, function start/0: at line 286: warning: tag @alias not recognized.
/home/pete/wefwefwef/docs/other/7992459297/proper-tag-v1.0/proper/src/proper_typeserver.erl, function start/0: at line 290: warning: tag @alias not recognized.
/home/pete/wefwefwef/docs/other/7992459297/proper-tag-v1.0/proper/src/proper_gen.erl, function safe_generate/1: at line 59: warning: tag @private_type not recognized.
/home/pete/wefwefwef/docs/other/7992459297/proper-tag-v1.0/proper/src/proper_gen.erl, function safe_generate/1: at line 68: warning: tag @private_type not recognized.
/home/pete/wefwefwef/docs/other/7992459297/proper-tag-v1.0/proper/src/proper_gen.erl, function safe_generate/1: at line 70: warning: tag @private_type not recognized.
/home/pete/wefwefwef/docs/other/7992459297/proper-tag-v1.0/proper/src/proper_gen.erl, function safe_generate/1: at line 72: warning: tag @private_type not recognized.
/home/pete/wefwefwef/docs/other/7992459297/proper-tag-v1.0/proper/src/proper_gen.erl, function safe_generate/1: at line 74: warning: tag @private_type not recognized.
/home/pete/wefwefwef/docs/other/7992459297/proper-tag-v1.0/proper/src/proper_gen.erl, function safe_generate/1: at line 76: warning: tag @private_type not recognized.
/home/pete/wefwefwef/docs/other/7992459297/proper-tag-v1.0/proper/src/proper_gen.erl, function safe_generate/1: at line 78: warning: tag @private_type not recognized.
/home/pete/wefwefwef/docs/other/7992459297/proper-tag-v1.0/proper/src/proper_gen.erl, function safe_generate/1: at line 80: warning: tag @private_type not recognized.
/home/pete/wefwefwef/docs/other/7992459297/proper-tag-v1.0/proper/src/proper.erl, function grow_size/1: at line 376: warning: tag @alias not recognized.
/home/pete/wefwefwef/docs/other/7992459297/proper-tag-v1.0/proper/src/proper.erl, function grow_size/1: at line 378: warning: tag @alias not recognized.
/home/pete/wefwefwef/docs/other/7992459297/proper-tag-v1.0/proper/src/proper.erl, function grow_size/1: at line 500: warning: tag @alias not recognized.
/home/pete/wefwefwef/docs/other/7992459297/proper-tag-v1.0/proper/src/proper.erl, function grow_size/1: at line 506: warning: tag @private_type not recognized.
Generated proper XMLs: ["/home/pete/wefwefwef/docs/other/7992459297/repo/v1.0/.xml/proper/proper_symb.xml",
                        "/home/pete/wefwefwef/docs/other/7992459297/repo/v1.0/.xml/proper/proper_gen.xml",
                        "/home/pete/wefwefwef/docs/other/7992459297/repo/v1.0/.xml/proper/proper_types.xml",
                        "/home/pete/wefwefwef/docs/other/7992459297/repo/v1.0/.xml/proper/proper_typeserver.xml",
                        "/home/pete/wefwefwef/docs/other/7992459297/repo/v1.0/.xml/proper/proper_fsm.xml",
                        "/home/pete/wefwefwef/docs/other/7992459297/repo/v1.0/.xml/proper/proper_statem.xml",
                        "/home/pete/wefwefwef/docs/other/7992459297/repo/v1.0/.xml/proper/proper.xml",
                        "/home/pete/wefwefwef/docs/other/7992459297/repo/v1.0/.xml/proper/proper_transformer.xml",
                        "/home/pete/wefwefwef/docs/other/7992459297/repo/v1.0/.xml/proper/strip_types.xml"]
Generating HTML - proper_gen "/home/pete/wefwefwef/docs/other/7992459297/repo/v1.0/.xml/proper/proper_gen.xml"
Generating HTML - proper_typeserver "/home/pete/wefwefwef/docs/other/7992459297/repo/v1.0/.xml/proper/proper_typeserver.xml"
Generating HTML - proper_statem "/home/pete/wefwefwef/docs/other/7992459297/repo/v1.0/.xml/proper/proper_statem.xml"
Generating HTML - strip_types "/home/pete/wefwefwef/docs/other/7992459297/repo/v1.0/.xml/proper/strip_types.xml"
Reading XML for "/home/pete/wefwefwef/docs/other/7992459297/repo/v1.0/.xml/proper/proper_gen.xml"
Reading XML for "/home/pete/wefwefwef/docs/other/7992459297/repo/v1.0/.xml/proper/proper_typeserver.xml"
Reading XML for "/home/pete/wefwefwef/docs/other/7992459297/repo/v1.0/.xml/proper/proper_statem.xml"
Reading XML for "/home/pete/wefwefwef/docs/other/7992459297/repo/v1.0/.xml/proper/strip_types.xml"
Reading XML for "/home/pete/wefwefwef/docs/other/7992459297/repo/v1.0/.xml/specs_strip_types.xml"
Reading XML for "/home/pete/wefwefwef/docs/other/7992459297/repo/v1.0/.xml/specs_proper_gen.xml"
Generating HTML - proper_transformer "/home/pete/wefwefwef/docs/other/7992459297/repo/v1.0/.xml/proper/proper_transformer.xml"
Reading XML for "/home/pete/wefwefwef/docs/other/7992459297/repo/v1.0/.xml/proper/proper_transformer.xml"
Reading XML for "/home/pete/wefwefwef/docs/other/7992459297/repo/v1.0/.xml/specs_proper_typeserver.xml"
Reading XML for "/home/pete/wefwefwef/docs/other/7992459297/repo/v1.0/.xml/specs_proper_statem.xml"
Reading XML for "/home/pete/wefwefwef/docs/other/7992459297/repo/v1.0/.xml/specs_proper_transformer.xml"
Generating HTML - proper "/home/pete/wefwefwef/docs/other/7992459297/repo/v1.0/.xml/proper/proper.xml"
Reading XML for "/home/pete/wefwefwef/docs/other/7992459297/repo/v1.0/.xml/proper/proper.xml"
Generating HTML - proper_symb "/home/pete/wefwefwef/docs/other/7992459297/repo/v1.0/.xml/proper/proper_symb.xml"
Reading XML for "/home/pete/wefwefwef/docs/other/7992459297/repo/v1.0/.xml/proper/proper_symb.xml"
Generating HTML - proper_types "/home/pete/wefwefwef/docs/other/7992459297/repo/v1.0/.xml/proper/proper_types.xml"
Reading XML for "/home/pete/wefwefwef/docs/other/7992459297/repo/v1.0/.xml/proper/proper_types.xml"
Reading XML for "/home/pete/wefwefwef/docs/other/7992459297/repo/v1.0/.xml/specs_proper_symb.xml"
Generating HTML - proper_fsm "/home/pete/wefwefwef/docs/other/7992459297/repo/v1.0/.xml/proper/proper_fsm.xml"
Reading XML for "/home/pete/wefwefwef/docs/other/7992459297/repo/v1.0/.xml/proper/proper_fsm.xml"
Reading XML for "/home/pete/wefwefwef/docs/other/7992459297/repo/v1.0/.xml/specs_proper_types.xml"
Reading XML for "/home/pete/wefwefwef/docs/other/7992459297/repo/v1.0/.xml/specs_proper.xml"
Reading XML for "/home/pete/wefwefwef/docs/other/7992459297/repo/v1.0/.xml/specs_proper_fsm.xml"
Creating index.html ...
Creating erldocs_index.js ...
Woot, finished in 0 Minutes 5 Seconds
 :: Discovering other repos
$ 5000  `rm -r '/home/pete/wefwefwef/docs/other/7992459297/proper-tag-v1.0'  2>&1`
 :: Processing https://github.com/norton/proper	{rev,tag,"v1.1","87e4a56e8f97f1972cde44ed30500daa4641595f"}
 :: Fetching repo code
$ cd "/home/pete/wefwefwef/docs/other/7992459297/proper-tag-v1.1/proper"
$ infinity  `curl --fail --silent --show-error --location --output 'v1.1.zip' 'https://github.com/norton/proper/archive/v1.1.zip'  2>&1`
$ cd "/home/pete/wefwefwef/docs/erldocs_other.git"
$ cd "/home/pete/wefwefwef/docs/other/7992459297/proper-tag-v1.1/proper"
$ 5000  `find -P . -type l -delete  2>&1`
$ cd "/home/pete/wefwefwef/docs/erldocs_other.git"
$ cd "/home/pete/wefwefwef/docs/other/7992459297/proper-tag-v1.1/proper"
$ 5000  `find 'proper-1.1' -mindepth 1 -maxdepth 1 -exec mv -t . -- {} +  2>&1`
$ cd "/home/pete/wefwefwef/docs/erldocs_other.git"
 :: Getting dependencies
$ cd "/home/pete/wefwefwef/docs/other/7992459297/proper-tag-v1.1/proper"
$ 5000  `ls -1 deps/  2>&1`
$ cd "/home/pete/wefwefwef/docs/erldocs_other.git"
>>> [rebar] deps = []
 :: Generating erldocs into /home/pete/wefwefwef/docs/other/7992459297/repo/v1.1
Building proper
Generating Type Specs - "/home/pete/wefwefwef/docs/other/7992459297/proper-tag-v1.1/proper/src/proper.erl"
/home/pete/wefwefwef/docs/other/7992459297/proper-tag-v1.1/proper/src/proper.erl: at line 26: can't find include file "compile_flags.hrl"
EDoc could not process file '/home/pete/wefwefwef/docs/other/7992459297/proper-tag-v1.1/proper/src/proper.erl'
Error generating type specs for "/home/pete/wefwefwef/docs/other/7992459297/proper-tag-v1.1/proper/src/proper.erl"
Generating Type Specs - "/home/pete/wefwefwef/docs/other/7992459297/proper-tag-v1.1/proper/src/proper_arith.erl"
/home/pete/wefwefwef/docs/other/7992459297/proper-tag-v1.1/proper/src/proper_arith.erl: at line 26: can't find include file "compile_flags.hrl"
EDoc could not process file '/home/pete/wefwefwef/docs/other/7992459297/proper-tag-v1.1/proper/src/proper_arith.erl'
Error generating type specs for "/home/pete/wefwefwef/docs/other/7992459297/proper-tag-v1.1/proper/src/proper_arith.erl"
Generating Type Specs - "/home/pete/wefwefwef/docs/other/7992459297/proper-tag-v1.1/proper/src/proper_array.erl"
/home/pete/wefwefwef/docs/other/7992459297/proper-tag-v1.1/proper/src/proper_array.erl: at line 26: can't find include file "compile_flags.hrl"
EDoc could not process file '/home/pete/wefwefwef/docs/other/7992459297/proper-tag-v1.1/proper/src/proper_array.erl'
Error generating type specs for "/home/pete/wefwefwef/docs/other/7992459297/proper-tag-v1.1/proper/src/proper_array.erl"
Generating Type Specs - "/home/pete/wefwefwef/docs/other/7992459297/proper-tag-v1.1/proper/src/proper_dict.erl"
/home/pete/wefwefwef/docs/other/7992459297/proper-tag-v1.1/proper/src/proper_dict.erl: at line 26: can't find include file "compile_flags.hrl"
EDoc could not process file '/home/pete/wefwefwef/docs/other/7992459297/proper-tag-v1.1/proper/src/proper_dict.erl'
Error generating type specs for "/home/pete/wefwefwef/docs/other/7992459297/proper-tag-v1.1/proper/src/proper_dict.erl"
Generating Type Specs - "/home/pete/wefwefwef/docs/other/7992459297/proper-tag-v1.1/proper/src/proper_fsm.erl"
/home/pete/wefwefwef/docs/other/7992459297/proper-tag-v1.1/proper/src/proper_fsm.erl: at line 26: can't find include file "compile_flags.hrl"
EDoc could not process file '/home/pete/wefwefwef/docs/other/7992459297/proper-tag-v1.1/proper/src/proper_fsm.erl'
Error generating type specs for "/home/pete/wefwefwef/docs/other/7992459297/proper-tag-v1.1/proper/src/proper_fsm.erl"
Generating Type Specs - "/home/pete/wefwefwef/docs/other/7992459297/proper-tag-v1.1/proper/src/proper_gb_sets.erl"
/home/pete/wefwefwef/docs/other/7992459297/proper-tag-v1.1/proper/src/proper_gb_sets.erl: at line 26: can't find include file "compile_flags.hrl"
EDoc could not process file '/home/pete/wefwefwef/docs/other/7992459297/proper-tag-v1.1/proper/src/proper_gb_sets.erl'
Error generating type specs for "/home/pete/wefwefwef/docs/other/7992459297/proper-tag-v1.1/proper/src/proper_gb_sets.erl"
Generating Type Specs - "/home/pete/wefwefwef/docs/other/7992459297/proper-tag-v1.1/proper/src/proper_gb_trees.erl"
/home/pete/wefwefwef/docs/other/7992459297/proper-tag-v1.1/proper/src/proper_gb_trees.erl: at line 26: can't find include file "compile_flags.hrl"
EDoc could not process file '/home/pete/wefwefwef/docs/other/7992459297/proper-tag-v1.1/proper/src/proper_gb_trees.erl'
Error generating type specs for "/home/pete/wefwefwef/docs/other/7992459297/proper-tag-v1.1/proper/src/proper_gb_trees.erl"
Generating Type Specs - "/home/pete/wefwefwef/docs/other/7992459297/proper-tag-v1.1/proper/src/proper_gen.erl"
/home/pete/wefwefwef/docs/other/7992459297/proper-tag-v1.1/proper/src/proper_gen.erl: at line 26: can't find include file "compile_flags.hrl"
EDoc could not process file '/home/pete/wefwefwef/docs/other/7992459297/proper-tag-v1.1/proper/src/proper_gen.erl'
Error generating type specs for "/home/pete/wefwefwef/docs/other/7992459297/proper-tag-v1.1/proper/src/proper_gen.erl"
Generating Type Specs - "/home/pete/wefwefwef/docs/other/7992459297/proper-tag-v1.1/proper/src/proper_orddict.erl"
/home/pete/wefwefwef/docs/other/7992459297/proper-tag-v1.1/proper/src/proper_orddict.erl: at line 26: can't find include file "compile_flags.hrl"
EDoc could not process file '/home/pete/wefwefwef/docs/other/7992459297/proper-tag-v1.1/proper/src/proper_orddict.erl'
Error generating type specs for "/home/pete/wefwefwef/docs/other/7992459297/proper-tag-v1.1/proper/src/proper_orddict.erl"
Generating Type Specs - "/home/pete/wefwefwef/docs/other/7992459297/proper-tag-v1.1/proper/src/proper_ordsets.erl"
/home/pete/wefwefwef/docs/other/7992459297/proper-tag-v1.1/proper/src/proper_ordsets.erl: at line 26: can't find include file "compile_flags.hrl"
EDoc could not process file '/home/pete/wefwefwef/docs/other/7992459297/proper-tag-v1.1/proper/src/proper_ordsets.erl'
Error generating type specs for "/home/pete/wefwefwef/docs/other/7992459297/proper-tag-v1.1/proper/src/proper_ordsets.erl"
Generating Type Specs - "/home/pete/wefwefwef/docs/other/7992459297/proper-tag-v1.1/proper/src/proper_prop_remover.erl"
/home/pete/wefwefwef/docs/other/7992459297/proper-tag-v1.1/proper/src/proper_prop_remover.erl: at line 26: can't find include file "compile_flags.hrl"
EDoc could not process file '/home/pete/wefwefwef/docs/other/7992459297/proper-tag-v1.1/proper/src/proper_prop_remover.erl'
Error generating type specs for "/home/pete/wefwefwef/docs/other/7992459297/proper-tag-v1.1/proper/src/proper_prop_remover.erl"
Generating Type Specs - "/home/pete/wefwefwef/docs/other/7992459297/proper-tag-v1.1/proper/src/proper_queue.erl"
/home/pete/wefwefwef/docs/other/7992459297/proper-tag-v1.1/proper/src/proper_queue.erl: at line 26: can't find include file "compile_flags.hrl"
EDoc could not process file '/home/pete/wefwefwef/docs/other/7992459297/proper-tag-v1.1/proper/src/proper_queue.erl'
Error generating type specs for "/home/pete/wefwefwef/docs/other/7992459297/proper-tag-v1.1/proper/src/proper_queue.erl"
Generating Type Specs - "/home/pete/wefwefwef/docs/other/7992459297/proper-tag-v1.1/proper/src/proper_sets.erl"
/home/pete/wefwefwef/docs/other/7992459297/proper-tag-v1.1/proper/src/proper_sets.erl: at line 26: can't find include file "compile_flags.hrl"
EDoc could not process file '/home/pete/wefwefwef/docs/other/7992459297/proper-tag-v1.1/proper/src/proper_sets.erl'
Error generating type specs for "/home/pete/wefwefwef/docs/other/7992459297/proper-tag-v1.1/proper/src/proper_sets.erl"
Generating Type Specs - "/home/pete/wefwefwef/docs/other/7992459297/proper-tag-v1.1/proper/src/proper_shrink.erl"
/home/pete/wefwefwef/docs/other/7992459297/proper-tag-v1.1/proper/src/proper_shrink.erl: at line 26: can't find include file "compile_flags.hrl"
EDoc could not process file '/home/pete/wefwefwef/docs/other/7992459297/proper-tag-v1.1/proper/src/proper_shrink.erl'
Error generating type specs for "/home/pete/wefwefwef/docs/other/7992459297/proper-tag-v1.1/proper/src/proper_shrink.erl"
Generating Type Specs - "/home/pete/wefwefwef/docs/other/7992459297/proper-tag-v1.1/proper/src/proper_statem.erl"
/home/pete/wefwefwef/docs/other/7992459297/proper-tag-v1.1/proper/src/proper_statem.erl: at line 26: can't find include file "compile_flags.hrl"
EDoc could not process file '/home/pete/wefwefwef/docs/other/7992459297/proper-tag-v1.1/proper/src/proper_statem.erl'
Error generating type specs for "/home/pete/wefwefwef/docs/other/7992459297/proper-tag-v1.1/proper/src/proper_statem.erl"
Generating Type Specs - "/home/pete/wefwefwef/docs/other/7992459297/proper-tag-v1.1/proper/src/proper_symb.erl"
/home/pete/wefwefwef/docs/other/7992459297/proper-tag-v1.1/proper/src/proper_symb.erl: at line 26: can't find include file "compile_flags.hrl"
EDoc could not process file '/home/pete/wefwefwef/docs/other/7992459297/proper-tag-v1.1/proper/src/proper_symb.erl'
Error generating type specs for "/home/pete/wefwefwef/docs/other/7992459297/proper-tag-v1.1/proper/src/proper_symb.erl"
Generating Type Specs - "/home/pete/wefwefwef/docs/other/7992459297/proper-tag-v1.1/proper/src/proper_transformer.erl"
/home/pete/wefwefwef/docs/other/7992459297/proper-tag-v1.1/proper/src/proper_transformer.erl: at line 26: can't find include file "compile_flags.hrl"
EDoc could not process file '/home/pete/wefwefwef/docs/other/7992459297/proper-tag-v1.1/proper/src/proper_transformer.erl'
Error generating type specs for "/home/pete/wefwefwef/docs/other/7992459297/proper-tag-v1.1/proper/src/proper_transformer.erl"
Generating Type Specs - "/home/pete/wefwefwef/docs/other/7992459297/proper-tag-v1.1/proper/src/proper_types.erl"
/home/pete/wefwefwef/docs/other/7992459297/proper-tag-v1.1/proper/src/proper_types.erl: at line 26: can't find include file "compile_flags.hrl"
EDoc could not process file '/home/pete/wefwefwef/docs/other/7992459297/proper-tag-v1.1/proper/src/proper_types.erl'
Error generating type specs for "/home/pete/wefwefwef/docs/other/7992459297/proper-tag-v1.1/proper/src/proper_types.erl"
Generating Type Specs - "/home/pete/wefwefwef/docs/other/7992459297/proper-tag-v1.1/proper/src/proper_typeserver.erl"
/home/pete/wefwefwef/docs/other/7992459297/proper-tag-v1.1/proper/src/proper_typeserver.erl: at line 26: can't find include file "compile_flags.hrl"
EDoc could not process file '/home/pete/wefwefwef/docs/other/7992459297/proper-tag-v1.1/proper/src/proper_typeserver.erl'
Error generating type specs for "/home/pete/wefwefwef/docs/other/7992459297/proper-tag-v1.1/proper/src/proper_typeserver.erl"
Generating Type Specs - "/home/pete/wefwefwef/docs/other/7992459297/proper-tag-v1.1/proper/src/strip_types.erl"
Generating Type Specs - "/home/pete/wefwefwef/docs/other/7992459297/proper-tag-v1.1/proper/src/vararg.erl"
/home/pete/wefwefwef/docs/other/7992459297/proper-tag-v1.1/proper/src/vararg.erl: at line 26: can't find include file "compile_flags.hrl"
EDoc could not process file '/home/pete/wefwefwef/docs/other/7992459297/proper-tag-v1.1/proper/src/vararg.erl'
Error generating type specs for "/home/pete/wefwefwef/docs/other/7992459297/proper-tag-v1.1/proper/src/vararg.erl"
Generating XML for application proper "/home/pete/wefwefwef/docs/other/7992459297/proper-tag-v1.1/proper" -> "/home/pete/wefwefwef/docs/other/7992459297/repo/v1.1/.xml/proper"
/home/pete/wefwefwef/docs/other/7992459297/proper-tag-v1.1/proper/src/proper_types.erl: at line 26: can't find include file "compile_flags.hrl"
edoc: skipping source file '/home/pete/wefwefwef/docs/other/7992459297/proper-tag-v1.1/proper/src/proper_types.erl': {'EXIT',
                                                                                                                error}.
/home/pete/wefwefwef/docs/other/7992459297/proper-tag-v1.1/proper/src/proper_typeserver.erl: at line 26: can't find include file "compile_flags.hrl"
edoc: skipping source file '/home/pete/wefwefwef/docs/other/7992459297/proper-tag-v1.1/proper/src/proper_typeserver.erl': {'EXIT',
                                                                                                                     error}.
/home/pete/wefwefwef/docs/other/7992459297/proper-tag-v1.1/proper/src/vararg.erl: at line 26: can't find include file "compile_flags.hrl"
edoc: skipping source file '/home/pete/wefwefwef/docs/other/7992459297/proper-tag-v1.1/proper/src/vararg.erl': {'EXIT',
                                                                                                          error}.
/home/pete/wefwefwef/docs/other/7992459297/proper-tag-v1.1/proper/src/proper_symb.erl: at line 26: can't find include file "compile_flags.hrl"
edoc: skipping source file '/home/pete/wefwefwef/docs/other/7992459297/proper-tag-v1.1/proper/src/proper_symb.erl': {'EXIT',
                                                                                                               error}.
/home/pete/wefwefwef/docs/other/7992459297/proper-tag-v1.1/proper/src/proper_queue.erl: at line 26: can't find include file "compile_flags.hrl"
edoc: skipping source file '/home/pete/wefwefwef/docs/other/7992459297/proper-tag-v1.1/proper/src/proper_queue.erl': {'EXIT',
                                                                                                                error}.
/home/pete/wefwefwef/docs/other/7992459297/proper-tag-v1.1/proper/src/proper_gen.erl: at line 26: can't find include file "compile_flags.hrl"
edoc: skipping source file '/home/pete/wefwefwef/docs/other/7992459297/proper-tag-v1.1/proper/src/proper_gen.erl': {'EXIT',
                                                                                                              error}.
/home/pete/wefwefwef/docs/other/7992459297/proper-tag-v1.1/proper/src/proper_arith.erl: at line 26: can't find include file "compile_flags.hrl"
edoc: skipping source file '/home/pete/wefwefwef/docs/other/7992459297/proper-tag-v1.1/proper/src/proper_arith.erl': {'EXIT',
                                                                                                                error}.
/home/pete/wefwefwef/docs/other/7992459297/proper-tag-v1.1/proper/src/proper_fsm.erl: at line 26: can't find include file "compile_flags.hrl"
edoc: skipping source file '/home/pete/wefwefwef/docs/other/7992459297/proper-tag-v1.1/proper/src/proper_fsm.erl': {'EXIT',
                                                                                                              error}.
/home/pete/wefwefwef/docs/other/7992459297/proper-tag-v1.1/proper/src/proper_shrink.erl: at line 26: can't find include file "compile_flags.hrl"
edoc: skipping source file '/home/pete/wefwefwef/docs/other/7992459297/proper-tag-v1.1/proper/src/proper_shrink.erl': {'EXIT',
                                                                                                                 error}.
/home/pete/wefwefwef/docs/other/7992459297/proper-tag-v1.1/proper/src/proper_array.erl: at line 26: can't find include file "compile_flags.hrl"
edoc: skipping source file '/home/pete/wefwefwef/docs/other/7992459297/proper-tag-v1.1/proper/src/proper_array.erl': {'EXIT',
                                                                                                                error}.
/home/pete/wefwefwef/docs/other/7992459297/proper-tag-v1.1/proper/src/proper_transformer.erl: at line 26: can't find include file "compile_flags.hrl"
edoc: skipping source file '/home/pete/wefwefwef/docs/other/7992459297/proper-tag-v1.1/proper/src/proper_transformer.erl': {'EXIT',
                                                                                                                      error}.
/home/pete/wefwefwef/docs/other/7992459297/proper-tag-v1.1/proper/src/proper_gb_trees.erl: at line 26: can't find include file "compile_flags.hrl"
edoc: skipping source file '/home/pete/wefwefwef/docs/other/7992459297/proper-tag-v1.1/proper/src/proper_gb_trees.erl': {'EXIT',
                                                                                                                   error}.
/home/pete/wefwefwef/docs/other/7992459297/proper-tag-v1.1/proper/src/proper_orddict.erl: at line 26: can't find include file "compile_flags.hrl"
edoc: skipping source file '/home/pete/wefwefwef/docs/other/7992459297/proper-tag-v1.1/proper/src/proper_orddict.erl': {'EXIT',
                                                                                                                  error}.
/home/pete/wefwefwef/docs/other/7992459297/proper-tag-v1.1/proper/src/proper_sets.erl: at line 26: can't find include file "compile_flags.hrl"
edoc: skipping source file '/home/pete/wefwefwef/docs/other/7992459297/proper-tag-v1.1/proper/src/proper_sets.erl': {'EXIT',
                                                                                                               error}.
/home/pete/wefwefwef/docs/other/7992459297/proper-tag-v1.1/proper/src/proper_prop_remover.erl: at line 26: can't find include file "compile_flags.hrl"
edoc: skipping source file '/home/pete/wefwefwef/docs/other/7992459297/proper-tag-v1.1/proper/src/proper_prop_remover.erl': {'EXIT',
                                                                                                                       error}.
/home/pete/wefwefwef/docs/other/7992459297/proper-tag-v1.1/proper/src/proper_gb_sets.erl: at line 26: can't find include file "compile_flags.hrl"
edoc: skipping source file '/home/pete/wefwefwef/docs/other/7992459297/proper-tag-v1.1/proper/src/proper_gb_sets.erl': {'EXIT',
                                                                                                                  error}.
/home/pete/wefwefwef/docs/other/7992459297/proper-tag-v1.1/proper/src/proper.erl: at line 26: can't find include file "compile_flags.hrl"
edoc: skipping source file '/home/pete/wefwefwef/docs/other/7992459297/proper-tag-v1.1/proper/src/proper.erl': {'EXIT',
                                                                                                          error}.
/home/pete/wefwefwef/docs/other/7992459297/proper-tag-v1.1/proper/src/proper_ordsets.erl: at line 26: can't find include file "compile_flags.hrl"
edoc: skipping source file '/home/pete/wefwefwef/docs/other/7992459297/proper-tag-v1.1/proper/src/proper_ordsets.erl': {'EXIT',
                                                                                                                  error}.
/home/pete/wefwefwef/docs/other/7992459297/proper-tag-v1.1/proper/src/proper_statem.erl: at line 26: can't find include file "compile_flags.hrl"
edoc: skipping source file '/home/pete/wefwefwef/docs/other/7992459297/proper-tag-v1.1/proper/src/proper_statem.erl': {'EXIT',
                                                                                                                 error}.
/home/pete/wefwefwef/docs/other/7992459297/proper-tag-v1.1/proper/src/proper_dict.erl: at line 26: can't find include file "compile_flags.hrl"
edoc: skipping source file '/home/pete/wefwefwef/docs/other/7992459297/proper-tag-v1.1/proper/src/proper_dict.erl': {'EXIT',
                                                                                                               error}.
edoc: error in doclet 'edoc_doclet': {'EXIT',error}.
Error generating proper XMLs. Using fallback ...
Generating XML proper - proper "/home/pete/wefwefwef/docs/other/7992459297/proper-tag-v1.1/proper/src/proper.erl" -> "/home/pete/wefwefwef/docs/other/7992459297/repo/v1.1/.xml/proper/proper.xml"
/home/pete/wefwefwef/docs/other/7992459297/proper-tag-v1.1/proper/src/proper.erl: at line 26: can't find include file "compile_flags.hrl"
Error generating XML ("/home/pete/wefwefwef/docs/other/7992459297/proper-tag-v1.1/proper/src/proper.erl"): {'EXIT',
                                                                                                            error}
Generating XML proper - proper_arith "/home/pete/wefwefwef/docs/other/7992459297/proper-tag-v1.1/proper/src/proper_arith.erl" -> "/home/pete/wefwefwef/docs/other/7992459297/repo/v1.1/.xml/proper/proper_arith.xml"
/home/pete/wefwefwef/docs/other/7992459297/proper-tag-v1.1/proper/src/proper_arith.erl: at line 26: can't find include file "compile_flags.hrl"
Error generating XML ("/home/pete/wefwefwef/docs/other/7992459297/proper-tag-v1.1/proper/src/proper_arith.erl"): {'EXIT',
                                                                                                                  error}
Generating XML proper - proper_array "/home/pete/wefwefwef/docs/other/7992459297/proper-tag-v1.1/proper/src/proper_array.erl" -> "/home/pete/wefwefwef/docs/other/7992459297/repo/v1.1/.xml/proper/proper_array.xml"
/home/pete/wefwefwef/docs/other/7992459297/proper-tag-v1.1/proper/src/proper_array.erl: at line 26: can't find include file "compile_flags.hrl"
Error generating XML ("/home/pete/wefwefwef/docs/other/7992459297/proper-tag-v1.1/proper/src/proper_array.erl"): {'EXIT',
                                                                                                                  error}
Generating XML proper - proper_dict "/home/pete/wefwefwef/docs/other/7992459297/proper-tag-v1.1/proper/src/proper_dict.erl" -> "/home/pete/wefwefwef/docs/other/7992459297/repo/v1.1/.xml/proper/proper_dict.xml"
/home/pete/wefwefwef/docs/other/7992459297/proper-tag-v1.1/proper/src/proper_dict.erl: at line 26: can't find include file "compile_flags.hrl"
Error generating XML ("/home/pete/wefwefwef/docs/other/7992459297/proper-tag-v1.1/proper/src/proper_dict.erl"): {'EXIT',
                                                                                                                 error}
Generating XML proper - proper_fsm "/home/pete/wefwefwef/docs/other/7992459297/proper-tag-v1.1/proper/src/proper_fsm.erl" -> "/home/pete/wefwefwef/docs/other/7992459297/repo/v1.1/.xml/proper/proper_fsm.xml"
/home/pete/wefwefwef/docs/other/7992459297/proper-tag-v1.1/proper/src/proper_fsm.erl: at line 26: can't find include file "compile_flags.hrl"
Error generating XML ("/home/pete/wefwefwef/docs/other/7992459297/proper-tag-v1.1/proper/src/proper_fsm.erl"): {'EXIT',
                                                                                                                error}
Generating XML proper - proper_gb_sets "/home/pete/wefwefwef/docs/other/7992459297/proper-tag-v1.1/proper/src/proper_gb_sets.erl" -> "/home/pete/wefwefwef/docs/other/7992459297/repo/v1.1/.xml/proper/proper_gb_sets.xml"
/home/pete/wefwefwef/docs/other/7992459297/proper-tag-v1.1/proper/src/proper_gb_sets.erl: at line 26: can't find include file "compile_flags.hrl"
Error generating XML ("/home/pete/wefwefwef/docs/other/7992459297/proper-tag-v1.1/proper/src/proper_gb_sets.erl"): {'EXIT',
                                                                                                                    error}
Generating XML proper - proper_gb_trees "/home/pete/wefwefwef/docs/other/7992459297/proper-tag-v1.1/proper/src/proper_gb_trees.erl" -> "/home/pete/wefwefwef/docs/other/7992459297/repo/v1.1/.xml/proper/proper_gb_trees.xml"
/home/pete/wefwefwef/docs/other/7992459297/proper-tag-v1.1/proper/src/proper_gb_trees.erl: at line 26: can't find include file "compile_flags.hrl"
Error generating XML ("/home/pete/wefwefwef/docs/other/7992459297/proper-tag-v1.1/proper/src/proper_gb_trees.erl"): {'EXIT',
                                                                                                                     error}
Generating XML proper - proper_gen "/home/pete/wefwefwef/docs/other/7992459297/proper-tag-v1.1/proper/src/proper_gen.erl" -> "/home/pete/wefwefwef/docs/other/7992459297/repo/v1.1/.xml/proper/proper_gen.xml"
/home/pete/wefwefwef/docs/other/7992459297/proper-tag-v1.1/proper/src/proper_gen.erl: at line 26: can't find include file "compile_flags.hrl"
Error generating XML ("/home/pete/wefwefwef/docs/other/7992459297/proper-tag-v1.1/proper/src/proper_gen.erl"): {'EXIT',
                                                                                                                error}
Generating XML proper - proper_orddict "/home/pete/wefwefwef/docs/other/7992459297/proper-tag-v1.1/proper/src/proper_orddict.erl" -> "/home/pete/wefwefwef/docs/other/7992459297/repo/v1.1/.xml/proper/proper_orddict.xml"
/home/pete/wefwefwef/docs/other/7992459297/proper-tag-v1.1/proper/src/proper_orddict.erl: at line 26: can't find include file "compile_flags.hrl"
Error generating XML ("/home/pete/wefwefwef/docs/other/7992459297/proper-tag-v1.1/proper/src/proper_orddict.erl"): {'EXIT',
                                                                                                                    error}
Generating XML proper - proper_ordsets "/home/pete/wefwefwef/docs/other/7992459297/proper-tag-v1.1/proper/src/proper_ordsets.erl" -> "/home/pete/wefwefwef/docs/other/7992459297/repo/v1.1/.xml/proper/proper_ordsets.xml"
/home/pete/wefwefwef/docs/other/7992459297/proper-tag-v1.1/proper/src/proper_ordsets.erl: at line 26: can't find include file "compile_flags.hrl"
Error generating XML ("/home/pete/wefwefwef/docs/other/7992459297/proper-tag-v1.1/proper/src/proper_ordsets.erl"): {'EXIT',
                                                                                                                    error}
Generating XML proper - proper_prop_remover "/home/pete/wefwefwef/docs/other/7992459297/proper-tag-v1.1/proper/src/proper_prop_remover.erl" -> "/home/pete/wefwefwef/docs/other/7992459297/repo/v1.1/.xml/proper/proper_prop_remover.xml"
/home/pete/wefwefwef/docs/other/7992459297/proper-tag-v1.1/proper/src/proper_prop_remover.erl: at line 26: can't find include file "compile_flags.hrl"
Error generating XML ("/home/pete/wefwefwef/docs/other/7992459297/proper-tag-v1.1/proper/src/proper_prop_remover.erl"): {'EXIT',
                                                                                                                         error}
Generating XML proper - proper_queue "/home/pete/wefwefwef/docs/other/7992459297/proper-tag-v1.1/proper/src/proper_queue.erl" -> "/home/pete/wefwefwef/docs/other/7992459297/repo/v1.1/.xml/proper/proper_queue.xml"
/home/pete/wefwefwef/docs/other/7992459297/proper-tag-v1.1/proper/src/proper_queue.erl: at line 26: can't find include file "compile_flags.hrl"
Error generating XML ("/home/pete/wefwefwef/docs/other/7992459297/proper-tag-v1.1/proper/src/proper_queue.erl"): {'EXIT',
                                                                                                                  error}
Generating XML proper - proper_sets "/home/pete/wefwefwef/docs/other/7992459297/proper-tag-v1.1/proper/src/proper_sets.erl" -> "/home/pete/wefwefwef/docs/other/7992459297/repo/v1.1/.xml/proper/proper_sets.xml"
/home/pete/wefwefwef/docs/other/7992459297/proper-tag-v1.1/proper/src/proper_sets.erl: at line 26: can't find include file "compile_flags.hrl"
Error generating XML ("/home/pete/wefwefwef/docs/other/7992459297/proper-tag-v1.1/proper/src/proper_sets.erl"): {'EXIT',
                                                                                                                 error}
Generating XML proper - proper_shrink "/home/pete/wefwefwef/docs/other/7992459297/proper-tag-v1.1/proper/src/proper_shrink.erl" -> "/home/pete/wefwefwef/docs/other/7992459297/repo/v1.1/.xml/proper/proper_shrink.xml"
/home/pete/wefwefwef/docs/other/7992459297/proper-tag-v1.1/proper/src/proper_shrink.erl: at line 26: can't find include file "compile_flags.hrl"
Error generating XML ("/home/pete/wefwefwef/docs/other/7992459297/proper-tag-v1.1/proper/src/proper_shrink.erl"): {'EXIT',
                                                                                                                   error}
Generating XML proper - proper_statem "/home/pete/wefwefwef/docs/other/7992459297/proper-tag-v1.1/proper/src/proper_statem.erl" -> "/home/pete/wefwefwef/docs/other/7992459297/repo/v1.1/.xml/proper/proper_statem.xml"
/home/pete/wefwefwef/docs/other/7992459297/proper-tag-v1.1/proper/src/proper_statem.erl: at line 26: can't find include file "compile_flags.hrl"
Error generating XML ("/home/pete/wefwefwef/docs/other/7992459297/proper-tag-v1.1/proper/src/proper_statem.erl"): {'EXIT',
                                                                                                                   error}
Generating XML proper - proper_symb "/home/pete/wefwefwef/docs/other/7992459297/proper-tag-v1.1/proper/src/proper_symb.erl" -> "/home/pete/wefwefwef/docs/other/7992459297/repo/v1.1/.xml/proper/proper_symb.xml"
/home/pete/wefwefwef/docs/other/7992459297/proper-tag-v1.1/proper/src/proper_symb.erl: at line 26: can't find include file "compile_flags.hrl"
Error generating XML ("/home/pete/wefwefwef/docs/other/7992459297/proper-tag-v1.1/proper/src/proper_symb.erl"): {'EXIT',
                                                                                                                 error}
Generating XML proper - proper_transformer "/home/pete/wefwefwef/docs/other/7992459297/proper-tag-v1.1/proper/src/proper_transformer.erl" -> "/home/pete/wefwefwef/docs/other/7992459297/repo/v1.1/.xml/proper/proper_transformer.xml"
/home/pete/wefwefwef/docs/other/7992459297/proper-tag-v1.1/proper/src/proper_transformer.erl: at line 26: can't find include file "compile_flags.hrl"
Error generating XML ("/home/pete/wefwefwef/docs/other/7992459297/proper-tag-v1.1/proper/src/proper_transformer.erl"): {'EXIT',
                                                                                                                        error}
Generating XML proper - proper_types "/home/pete/wefwefwef/docs/other/7992459297/proper-tag-v1.1/proper/src/proper_types.erl" -> "/home/pete/wefwefwef/docs/other/7992459297/repo/v1.1/.xml/proper/proper_types.xml"
/home/pete/wefwefwef/docs/other/7992459297/proper-tag-v1.1/proper/src/proper_types.erl: at line 26: can't find include file "compile_flags.hrl"
Error generating XML ("/home/pete/wefwefwef/docs/other/7992459297/proper-tag-v1.1/proper/src/proper_types.erl"): {'EXIT',
                                                                                                                  error}
Generating XML proper - proper_typeserver "/home/pete/wefwefwef/docs/other/7992459297/proper-tag-v1.1/proper/src/proper_typeserver.erl" -> "/home/pete/wefwefwef/docs/other/7992459297/repo/v1.1/.xml/proper/proper_typeserver.xml"
/home/pete/wefwefwef/docs/other/7992459297/proper-tag-v1.1/proper/src/proper_typeserver.erl: at line 26: can't find include file "compile_flags.hrl"
Error generating XML ("/home/pete/wefwefwef/docs/other/7992459297/proper-tag-v1.1/proper/src/proper_typeserver.erl"): {'EXIT',
                                                                                                                       error}
Generating XML proper - strip_types "/home/pete/wefwefwef/docs/other/7992459297/proper-tag-v1.1/proper/src/strip_types.erl" -> "/home/pete/wefwefwef/docs/other/7992459297/repo/v1.1/.xml/proper/strip_types.xml"
Generating XML proper - vararg "/home/pete/wefwefwef/docs/other/7992459297/proper-tag-v1.1/proper/src/vararg.erl" -> "/home/pete/wefwefwef/docs/other/7992459297/repo/v1.1/.xml/proper/vararg.xml"
/home/pete/wefwefwef/docs/other/7992459297/proper-tag-v1.1/proper/src/vararg.erl: at line 26: can't find include file "compile_flags.hrl"
Error generating XML ("/home/pete/wefwefwef/docs/other/7992459297/proper-tag-v1.1/proper/src/vararg.erl"): {'EXIT',
                                                                                                            error}
Generating HTML - strip_types "/home/pete/wefwefwef/docs/other/7992459297/repo/v1.1/.xml/proper/strip_types.xml"
Reading XML for "/home/pete/wefwefwef/docs/other/7992459297/repo/v1.1/.xml/proper/strip_types.xml"
Reading XML for "/home/pete/wefwefwef/docs/other/7992459297/repo/v1.1/.xml/specs_strip_types.xml"
Creating index.html ...
Creating erldocs_index.js ...
Woot, finished in 0 Minutes 3 Seconds
 :: Discovering other repos
$ 5000  `rm -r '/home/pete/wefwefwef/docs/other/7992459297/proper-tag-v1.1'  2>&1`
 :: Processing https://github.com/norton/proper	{rev,branch,"dev","caacd26660f030b954b5521df9a75f59cd01869c"}
 :: Fetching repo code
$ cd "/home/pete/wefwefwef/docs/other/7992459297/proper-branch-dev/proper"
$ infinity  `curl --fail --silent --show-error --location --output 'dev.zip' 'https://github.com/norton/proper/archive/dev.zip'  2>&1`
$ cd "/home/pete/wefwefwef/docs/erldocs_other.git"
$ cd "/home/pete/wefwefwef/docs/other/7992459297/proper-branch-dev/proper"
$ 5000  `find -P . -type l -delete  2>&1`
$ cd "/home/pete/wefwefwef/docs/erldocs_other.git"
$ cd "/home/pete/wefwefwef/docs/other/7992459297/proper-branch-dev/proper"
$ 5000  `find 'proper-dev' -mindepth 1 -maxdepth 1 -exec mv -t . -- {} +  2>&1`
$ cd "/home/pete/wefwefwef/docs/erldocs_other.git"
 :: Getting dependencies
$ cd "/home/pete/wefwefwef/docs/other/7992459297/proper-branch-dev/proper"
$ 5000  `ls -1 deps/  2>&1`
$ cd "/home/pete/wefwefwef/docs/erldocs_other.git"
>>> [rebar] deps = []
 :: Generating erldocs into /home/pete/wefwefwef/docs/other/7992459297/repo/dev
Building proper
Generating Type Specs - "/home/pete/wefwefwef/docs/other/7992459297/proper-branch-dev/proper/src/proper.erl"
/home/pete/wefwefwef/docs/other/7992459297/proper-branch-dev/proper/src/proper.erl: at line 26: can't find include file "compile_flags.hrl"
EDoc could not process file '/home/pete/wefwefwef/docs/other/7992459297/proper-branch-dev/proper/src/proper.erl'
Error generating type specs for "/home/pete/wefwefwef/docs/other/7992459297/proper-branch-dev/proper/src/proper.erl"
Generating Type Specs - "/home/pete/wefwefwef/docs/other/7992459297/proper-branch-dev/proper/src/proper_arith.erl"
/home/pete/wefwefwef/docs/other/7992459297/proper-branch-dev/proper/src/proper_arith.erl: at line 26: can't find include file "compile_flags.hrl"
EDoc could not process file '/home/pete/wefwefwef/docs/other/7992459297/proper-branch-dev/proper/src/proper_arith.erl'
Error generating type specs for "/home/pete/wefwefwef/docs/other/7992459297/proper-branch-dev/proper/src/proper_arith.erl"
Generating Type Specs - "/home/pete/wefwefwef/docs/other/7992459297/proper-branch-dev/proper/src/proper_array.erl"
/home/pete/wefwefwef/docs/other/7992459297/proper-branch-dev/proper/src/proper_array.erl: at line 26: can't find include file "compile_flags.hrl"
EDoc could not process file '/home/pete/wefwefwef/docs/other/7992459297/proper-branch-dev/proper/src/proper_array.erl'
Error generating type specs for "/home/pete/wefwefwef/docs/other/7992459297/proper-branch-dev/proper/src/proper_array.erl"
Generating Type Specs - "/home/pete/wefwefwef/docs/other/7992459297/proper-branch-dev/proper/src/proper_dict.erl"
/home/pete/wefwefwef/docs/other/7992459297/proper-branch-dev/proper/src/proper_dict.erl: at line 26: can't find include file "compile_flags.hrl"
EDoc could not process file '/home/pete/wefwefwef/docs/other/7992459297/proper-branch-dev/proper/src/proper_dict.erl'
Error generating type specs for "/home/pete/wefwefwef/docs/other/7992459297/proper-branch-dev/proper/src/proper_dict.erl"
Generating Type Specs - "/home/pete/wefwefwef/docs/other/7992459297/proper-branch-dev/proper/src/proper_fsm.erl"
/home/pete/wefwefwef/docs/other/7992459297/proper-branch-dev/proper/src/proper_fsm.erl: at line 26: can't find include file "compile_flags.hrl"
EDoc could not process file '/home/pete/wefwefwef/docs/other/7992459297/proper-branch-dev/proper/src/proper_fsm.erl'
Error generating type specs for "/home/pete/wefwefwef/docs/other/7992459297/proper-branch-dev/proper/src/proper_fsm.erl"
Generating Type Specs - "/home/pete/wefwefwef/docs/other/7992459297/proper-branch-dev/proper/src/proper_gb_sets.erl"
/home/pete/wefwefwef/docs/other/7992459297/proper-branch-dev/proper/src/proper_gb_sets.erl: at line 26: can't find include file "compile_flags.hrl"
EDoc could not process file '/home/pete/wefwefwef/docs/other/7992459297/proper-branch-dev/proper/src/proper_gb_sets.erl'
Error generating type specs for "/home/pete/wefwefwef/docs/other/7992459297/proper-branch-dev/proper/src/proper_gb_sets.erl"
Generating Type Specs - "/home/pete/wefwefwef/docs/other/7992459297/proper-branch-dev/proper/src/proper_gb_trees.erl"
/home/pete/wefwefwef/docs/other/7992459297/proper-branch-dev/proper/src/proper_gb_trees.erl: at line 26: can't find include file "compile_flags.hrl"
EDoc could not process file '/home/pete/wefwefwef/docs/other/7992459297/proper-branch-dev/proper/src/proper_gb_trees.erl'
Error generating type specs for "/home/pete/wefwefwef/docs/other/7992459297/proper-branch-dev/proper/src/proper_gb_trees.erl"
Generating Type Specs - "/home/pete/wefwefwef/docs/other/7992459297/proper-branch-dev/proper/src/proper_gen.erl"
/home/pete/wefwefwef/docs/other/7992459297/proper-branch-dev/proper/src/proper_gen.erl: at line 26: can't find include file "compile_flags.hrl"
EDoc could not process file '/home/pete/wefwefwef/docs/other/7992459297/proper-branch-dev/proper/src/proper_gen.erl'
Error generating type specs for "/home/pete/wefwefwef/docs/other/7992459297/proper-branch-dev/proper/src/proper_gen.erl"
Generating Type Specs - "/home/pete/wefwefwef/docs/other/7992459297/proper-branch-dev/proper/src/proper_orddict.erl"
/home/pete/wefwefwef/docs/other/7992459297/proper-branch-dev/proper/src/proper_orddict.erl: at line 26: can't find include file "compile_flags.hrl"
EDoc could not process file '/home/pete/wefwefwef/docs/other/7992459297/proper-branch-dev/proper/src/proper_orddict.erl'
Error generating type specs for "/home/pete/wefwefwef/docs/other/7992459297/proper-branch-dev/proper/src/proper_orddict.erl"
Generating Type Specs - "/home/pete/wefwefwef/docs/other/7992459297/proper-branch-dev/proper/src/proper_ordsets.erl"
/home/pete/wefwefwef/docs/other/7992459297/proper-branch-dev/proper/src/proper_ordsets.erl: at line 26: can't find include file "compile_flags.hrl"
EDoc could not process file '/home/pete/wefwefwef/docs/other/7992459297/proper-branch-dev/proper/src/proper_ordsets.erl'
Error generating type specs for "/home/pete/wefwefwef/docs/other/7992459297/proper-branch-dev/proper/src/proper_ordsets.erl"
Generating Type Specs - "/home/pete/wefwefwef/docs/other/7992459297/proper-branch-dev/proper/src/proper_prop_remover.erl"
/home/pete/wefwefwef/docs/other/7992459297/proper-branch-dev/proper/src/proper_prop_remover.erl: at line 26: can't find include file "compile_flags.hrl"
EDoc could not process file '/home/pete/wefwefwef/docs/other/7992459297/proper-branch-dev/proper/src/proper_prop_remover.erl'
Error generating type specs for "/home/pete/wefwefwef/docs/other/7992459297/proper-branch-dev/proper/src/proper_prop_remover.erl"
Generating Type Specs - "/home/pete/wefwefwef/docs/other/7992459297/proper-branch-dev/proper/src/proper_queue.erl"
/home/pete/wefwefwef/docs/other/7992459297/proper-branch-dev/proper/src/proper_queue.erl: at line 26: can't find include file "compile_flags.hrl"
EDoc could not process file '/home/pete/wefwefwef/docs/other/7992459297/proper-branch-dev/proper/src/proper_queue.erl'
Error generating type specs for "/home/pete/wefwefwef/docs/other/7992459297/proper-branch-dev/proper/src/proper_queue.erl"
Generating Type Specs - "/home/pete/wefwefwef/docs/other/7992459297/proper-branch-dev/proper/src/proper_sets.erl"
/home/pete/wefwefwef/docs/other/7992459297/proper-branch-dev/proper/src/proper_sets.erl: at line 26: can't find include file "compile_flags.hrl"
EDoc could not process file '/home/pete/wefwefwef/docs/other/7992459297/proper-branch-dev/proper/src/proper_sets.erl'
Error generating type specs for "/home/pete/wefwefwef/docs/other/7992459297/proper-branch-dev/proper/src/proper_sets.erl"
Generating Type Specs - "/home/pete/wefwefwef/docs/other/7992459297/proper-branch-dev/proper/src/proper_shrink.erl"
/home/pete/wefwefwef/docs/other/7992459297/proper-branch-dev/proper/src/proper_shrink.erl: at line 26: can't find include file "compile_flags.hrl"
EDoc could not process file '/home/pete/wefwefwef/docs/other/7992459297/proper-branch-dev/proper/src/proper_shrink.erl'
Error generating type specs for "/home/pete/wefwefwef/docs/other/7992459297/proper-branch-dev/proper/src/proper_shrink.erl"
Generating Type Specs - "/home/pete/wefwefwef/docs/other/7992459297/proper-branch-dev/proper/src/proper_statem.erl"
/home/pete/wefwefwef/docs/other/7992459297/proper-branch-dev/proper/src/proper_statem.erl: at line 26: can't find include file "compile_flags.hrl"
EDoc could not process file '/home/pete/wefwefwef/docs/other/7992459297/proper-branch-dev/proper/src/proper_statem.erl'
Error generating type specs for "/home/pete/wefwefwef/docs/other/7992459297/proper-branch-dev/proper/src/proper_statem.erl"
Generating Type Specs - "/home/pete/wefwefwef/docs/other/7992459297/proper-branch-dev/proper/src/proper_symb.erl"
/home/pete/wefwefwef/docs/other/7992459297/proper-branch-dev/proper/src/proper_symb.erl: at line 26: can't find include file "compile_flags.hrl"
EDoc could not process file '/home/pete/wefwefwef/docs/other/7992459297/proper-branch-dev/proper/src/proper_symb.erl'
Error generating type specs for "/home/pete/wefwefwef/docs/other/7992459297/proper-branch-dev/proper/src/proper_symb.erl"
Generating Type Specs - "/home/pete/wefwefwef/docs/other/7992459297/proper-branch-dev/proper/src/proper_transformer.erl"
/home/pete/wefwefwef/docs/other/7992459297/proper-branch-dev/proper/src/proper_transformer.erl: at line 26: can't find include file "compile_flags.hrl"
EDoc could not process file '/home/pete/wefwefwef/docs/other/7992459297/proper-branch-dev/proper/src/proper_transformer.erl'
Error generating type specs for "/home/pete/wefwefwef/docs/other/7992459297/proper-branch-dev/proper/src/proper_transformer.erl"
Generating Type Specs - "/home/pete/wefwefwef/docs/other/7992459297/proper-branch-dev/proper/src/proper_types.erl"
/home/pete/wefwefwef/docs/other/7992459297/proper-branch-dev/proper/src/proper_types.erl: at line 26: can't find include file "compile_flags.hrl"
EDoc could not process file '/home/pete/wefwefwef/docs/other/7992459297/proper-branch-dev/proper/src/proper_types.erl'
Error generating type specs for "/home/pete/wefwefwef/docs/other/7992459297/proper-branch-dev/proper/src/proper_types.erl"
Generating Type Specs - "/home/pete/wefwefwef/docs/other/7992459297/proper-branch-dev/proper/src/proper_typeserver.erl"
/home/pete/wefwefwef/docs/other/7992459297/proper-branch-dev/proper/src/proper_typeserver.erl: at line 26: can't find include file "compile_flags.hrl"
EDoc could not process file '/home/pete/wefwefwef/docs/other/7992459297/proper-branch-dev/proper/src/proper_typeserver.erl'
Error generating type specs for "/home/pete/wefwefwef/docs/other/7992459297/proper-branch-dev/proper/src/proper_typeserver.erl"
Generating Type Specs - "/home/pete/wefwefwef/docs/other/7992459297/proper-branch-dev/proper/src/proper_unicode.erl"
Generating Type Specs - "/home/pete/wefwefwef/docs/other/7992459297/proper-branch-dev/proper/src/strip_types.erl"
Generating Type Specs - "/home/pete/wefwefwef/docs/other/7992459297/proper-branch-dev/proper/src/vararg.erl"
/home/pete/wefwefwef/docs/other/7992459297/proper-branch-dev/proper/src/vararg.erl: at line 26: can't find include file "compile_flags.hrl"
EDoc could not process file '/home/pete/wefwefwef/docs/other/7992459297/proper-branch-dev/proper/src/vararg.erl'
Error generating type specs for "/home/pete/wefwefwef/docs/other/7992459297/proper-branch-dev/proper/src/vararg.erl"
Generating XML for application proper "/home/pete/wefwefwef/docs/other/7992459297/proper-branch-dev/proper" -> "/home/pete/wefwefwef/docs/other/7992459297/repo/dev/.xml/proper"
/home/pete/wefwefwef/docs/other/7992459297/proper-branch-dev/proper/src/proper_types.erl: at line 26: can't find include file "compile_flags.hrl"
edoc: skipping source file '/home/pete/wefwefwef/docs/other/7992459297/proper-branch-dev/proper/src/proper_types.erl': {'EXIT',
                                                                                                                  error}.
/home/pete/wefwefwef/docs/other/7992459297/proper-branch-dev/proper/src/proper_typeserver.erl: at line 26: can't find include file "compile_flags.hrl"
edoc: skipping source file '/home/pete/wefwefwef/docs/other/7992459297/proper-branch-dev/proper/src/proper_typeserver.erl': {'EXIT',
                                                                                                                       error}.
/home/pete/wefwefwef/docs/other/7992459297/proper-branch-dev/proper/src/vararg.erl: at line 26: can't find include file "compile_flags.hrl"
edoc: skipping source file '/home/pete/wefwefwef/docs/other/7992459297/proper-branch-dev/proper/src/vararg.erl': {'EXIT',
                                                                                                            error}.
/home/pete/wefwefwef/docs/other/7992459297/proper-branch-dev/proper/src/proper_symb.erl: at line 26: can't find include file "compile_flags.hrl"
edoc: skipping source file '/home/pete/wefwefwef/docs/other/7992459297/proper-branch-dev/proper/src/proper_symb.erl': {'EXIT',
                                                                                                                 error}.
/home/pete/wefwefwef/docs/other/7992459297/proper-branch-dev/proper/src/proper_queue.erl: at line 26: can't find include file "compile_flags.hrl"
edoc: skipping source file '/home/pete/wefwefwef/docs/other/7992459297/proper-branch-dev/proper/src/proper_queue.erl': {'EXIT',
                                                                                                                  error}.
/home/pete/wefwefwef/docs/other/7992459297/proper-branch-dev/proper/src/proper_gen.erl: at line 26: can't find include file "compile_flags.hrl"
edoc: skipping source file '/home/pete/wefwefwef/docs/other/7992459297/proper-branch-dev/proper/src/proper_gen.erl': {'EXIT',
                                                                                                                error}.
/home/pete/wefwefwef/docs/other/7992459297/proper-branch-dev/proper/src/proper_unicode.erl, function unicode_codepoint/1: at line 47: warning: tag @private_type not recognized.
/home/pete/wefwefwef/docs/other/7992459297/proper-branch-dev/proper/src/proper_unicode.erl, function unicode_codepoint/1: at line 48: warning: tag @alias not recognized.
/home/pete/wefwefwef/docs/other/7992459297/proper-branch-dev/proper/src/proper_arith.erl: at line 26: can't find include file "compile_flags.hrl"
edoc: skipping source file '/home/pete/wefwefwef/docs/other/7992459297/proper-branch-dev/proper/src/proper_arith.erl': {'EXIT',
                                                                                                                  error}.
/home/pete/wefwefwef/docs/other/7992459297/proper-branch-dev/proper/src/proper_fsm.erl: at line 26: can't find include file "compile_flags.hrl"
edoc: skipping source file '/home/pete/wefwefwef/docs/other/7992459297/proper-branch-dev/proper/src/proper_fsm.erl': {'EXIT',
                                                                                                                error}.
/home/pete/wefwefwef/docs/other/7992459297/proper-branch-dev/proper/src/proper_shrink.erl: at line 26: can't find include file "compile_flags.hrl"
edoc: skipping source file '/home/pete/wefwefwef/docs/other/7992459297/proper-branch-dev/proper/src/proper_shrink.erl': {'EXIT',
                                                                                                                   error}.
/home/pete/wefwefwef/docs/other/7992459297/proper-branch-dev/proper/src/proper_array.erl: at line 26: can't find include file "compile_flags.hrl"
edoc: skipping source file '/home/pete/wefwefwef/docs/other/7992459297/proper-branch-dev/proper/src/proper_array.erl': {'EXIT',
                                                                                                                  error}.
/home/pete/wefwefwef/docs/other/7992459297/proper-branch-dev/proper/src/proper_transformer.erl: at line 26: can't find include file "compile_flags.hrl"
edoc: skipping source file '/home/pete/wefwefwef/docs/other/7992459297/proper-branch-dev/proper/src/proper_transformer.erl': {'EXIT',
                                                                                                                        error}.
/home/pete/wefwefwef/docs/other/7992459297/proper-branch-dev/proper/src/proper_gb_trees.erl: at line 26: can't find include file "compile_flags.hrl"
edoc: skipping source file '/home/pete/wefwefwef/docs/other/7992459297/proper-branch-dev/proper/src/proper_gb_trees.erl': {'EXIT',
                                                                                                                     error}.
/home/pete/wefwefwef/docs/other/7992459297/proper-branch-dev/proper/src/proper_orddict.erl: at line 26: can't find include file "compile_flags.hrl"
edoc: skipping source file '/home/pete/wefwefwef/docs/other/7992459297/proper-branch-dev/proper/src/proper_orddict.erl': {'EXIT',
                                                                                                                    error}.
/home/pete/wefwefwef/docs/other/7992459297/proper-branch-dev/proper/src/proper_sets.erl: at line 26: can't find include file "compile_flags.hrl"
edoc: skipping source file '/home/pete/wefwefwef/docs/other/7992459297/proper-branch-dev/proper/src/proper_sets.erl': {'EXIT',
                                                                                                                 error}.
/home/pete/wefwefwef/docs/other/7992459297/proper-branch-dev/proper/src/proper_prop_remover.erl: at line 26: can't find include file "compile_flags.hrl"
edoc: skipping source file '/home/pete/wefwefwef/docs/other/7992459297/proper-branch-dev/proper/src/proper_prop_remover.erl': {'EXIT',
                                                                                                                         error}.
/home/pete/wefwefwef/docs/other/7992459297/proper-branch-dev/proper/src/proper_gb_sets.erl: at line 26: can't find include file "compile_flags.hrl"
edoc: skipping source file '/home/pete/wefwefwef/docs/other/7992459297/proper-branch-dev/proper/src/proper_gb_sets.erl': {'EXIT',
                                                                                                                    error}.
/home/pete/wefwefwef/docs/other/7992459297/proper-branch-dev/proper/src/proper.erl: at line 26: can't find include file "compile_flags.hrl"
edoc: skipping source file '/home/pete/wefwefwef/docs/other/7992459297/proper-branch-dev/proper/src/proper.erl': {'EXIT',
                                                                                                            error}.
/home/pete/wefwefwef/docs/other/7992459297/proper-branch-dev/proper/src/proper_ordsets.erl: at line 26: can't find include file "compile_flags.hrl"
edoc: skipping source file '/home/pete/wefwefwef/docs/other/7992459297/proper-branch-dev/proper/src/proper_ordsets.erl': {'EXIT',
                                                                                                                    error}.
/home/pete/wefwefwef/docs/other/7992459297/proper-branch-dev/proper/src/proper_statem.erl: at line 26: can't find include file "compile_flags.hrl"
edoc: skipping source file '/home/pete/wefwefwef/docs/other/7992459297/proper-branch-dev/proper/src/proper_statem.erl': {'EXIT',
                                                                                                                   error}.
/home/pete/wefwefwef/docs/other/7992459297/proper-branch-dev/proper/src/proper_dict.erl: at line 26: can't find include file "compile_flags.hrl"
edoc: skipping source file '/home/pete/wefwefwef/docs/other/7992459297/proper-branch-dev/proper/src/proper_dict.erl': {'EXIT',
                                                                                                                 error}.
edoc: error in doclet 'edoc_doclet': {'EXIT',error}.
Error generating proper XMLs. Using fallback ...
Generating XML proper - proper "/home/pete/wefwefwef/docs/other/7992459297/proper-branch-dev/proper/src/proper.erl" -> "/home/pete/wefwefwef/docs/other/7992459297/repo/dev/.xml/proper/proper.xml"
/home/pete/wefwefwef/docs/other/7992459297/proper-branch-dev/proper/src/proper.erl: at line 26: can't find include file "compile_flags.hrl"
Error generating XML ("/home/pete/wefwefwef/docs/other/7992459297/proper-branch-dev/proper/src/proper.erl"): {'EXIT',
                                                                                                              error}
Generating XML proper - proper_arith "/home/pete/wefwefwef/docs/other/7992459297/proper-branch-dev/proper/src/proper_arith.erl" -> "/home/pete/wefwefwef/docs/other/7992459297/repo/dev/.xml/proper/proper_arith.xml"
/home/pete/wefwefwef/docs/other/7992459297/proper-branch-dev/proper/src/proper_arith.erl: at line 26: can't find include file "compile_flags.hrl"
Error generating XML ("/home/pete/wefwefwef/docs/other/7992459297/proper-branch-dev/proper/src/proper_arith.erl"): {'EXIT',
                                                                                                                    error}
Generating XML proper - proper_array "/home/pete/wefwefwef/docs/other/7992459297/proper-branch-dev/proper/src/proper_array.erl" -> "/home/pete/wefwefwef/docs/other/7992459297/repo/dev/.xml/proper/proper_array.xml"
/home/pete/wefwefwef/docs/other/7992459297/proper-branch-dev/proper/src/proper_array.erl: at line 26: can't find include file "compile_flags.hrl"
Error generating XML ("/home/pete/wefwefwef/docs/other/7992459297/proper-branch-dev/proper/src/proper_array.erl"): {'EXIT',
                                                                                                                    error}
Generating XML proper - proper_dict "/home/pete/wefwefwef/docs/other/7992459297/proper-branch-dev/proper/src/proper_dict.erl" -> "/home/pete/wefwefwef/docs/other/7992459297/repo/dev/.xml/proper/proper_dict.xml"
/home/pete/wefwefwef/docs/other/7992459297/proper-branch-dev/proper/src/proper_dict.erl: at line 26: can't find include file "compile_flags.hrl"
Error generating XML ("/home/pete/wefwefwef/docs/other/7992459297/proper-branch-dev/proper/src/proper_dict.erl"): {'EXIT',
                                                                                                                   error}
Generating XML proper - proper_fsm "/home/pete/wefwefwef/docs/other/7992459297/proper-branch-dev/proper/src/proper_fsm.erl" -> "/home/pete/wefwefwef/docs/other/7992459297/repo/dev/.xml/proper/proper_fsm.xml"
/home/pete/wefwefwef/docs/other/7992459297/proper-branch-dev/proper/src/proper_fsm.erl: at line 26: can't find include file "compile_flags.hrl"
Error generating XML ("/home/pete/wefwefwef/docs/other/7992459297/proper-branch-dev/proper/src/proper_fsm.erl"): {'EXIT',
                                                                                                                  error}
Generating XML proper - proper_gb_sets "/home/pete/wefwefwef/docs/other/7992459297/proper-branch-dev/proper/src/proper_gb_sets.erl" -> "/home/pete/wefwefwef/docs/other/7992459297/repo/dev/.xml/proper/proper_gb_sets.xml"
/home/pete/wefwefwef/docs/other/7992459297/proper-branch-dev/proper/src/proper_gb_sets.erl: at line 26: can't find include file "compile_flags.hrl"
Error generating XML ("/home/pete/wefwefwef/docs/other/7992459297/proper-branch-dev/proper/src/proper_gb_sets.erl"): {'EXIT',
                                                                                                                      error}
Generating XML proper - proper_gb_trees "/home/pete/wefwefwef/docs/other/7992459297/proper-branch-dev/proper/src/proper_gb_trees.erl" -> "/home/pete/wefwefwef/docs/other/7992459297/repo/dev/.xml/proper/proper_gb_trees.xml"
/home/pete/wefwefwef/docs/other/7992459297/proper-branch-dev/proper/src/proper_gb_trees.erl: at line 26: can't find include file "compile_flags.hrl"
Error generating XML ("/home/pete/wefwefwef/docs/other/7992459297/proper-branch-dev/proper/src/proper_gb_trees.erl"): {'EXIT',
                                                                                                                       error}
Generating XML proper - proper_gen "/home/pete/wefwefwef/docs/other/7992459297/proper-branch-dev/proper/src/proper_gen.erl" -> "/home/pete/wefwefwef/docs/other/7992459297/repo/dev/.xml/proper/proper_gen.xml"
/home/pete/wefwefwef/docs/other/7992459297/proper-branch-dev/proper/src/proper_gen.erl: at line 26: can't find include file "compile_flags.hrl"
Error generating XML ("/home/pete/wefwefwef/docs/other/7992459297/proper-branch-dev/proper/src/proper_gen.erl"): {'EXIT',
                                                                                                                  error}
Generating XML proper - proper_orddict "/home/pete/wefwefwef/docs/other/7992459297/proper-branch-dev/proper/src/proper_orddict.erl" -> "/home/pete/wefwefwef/docs/other/7992459297/repo/dev/.xml/proper/proper_orddict.xml"
/home/pete/wefwefwef/docs/other/7992459297/proper-branch-dev/proper/src/proper_orddict.erl: at line 26: can't find include file "compile_flags.hrl"
Error generating XML ("/home/pete/wefwefwef/docs/other/7992459297/proper-branch-dev/proper/src/proper_orddict.erl"): {'EXIT',
                                                                                                                      error}
Generating XML proper - proper_ordsets "/home/pete/wefwefwef/docs/other/7992459297/proper-branch-dev/proper/src/proper_ordsets.erl" -> "/home/pete/wefwefwef/docs/other/7992459297/repo/dev/.xml/proper/proper_ordsets.xml"
/home/pete/wefwefwef/docs/other/7992459297/proper-branch-dev/proper/src/proper_ordsets.erl: at line 26: can't find include file "compile_flags.hrl"
Error generating XML ("/home/pete/wefwefwef/docs/other/7992459297/proper-branch-dev/proper/src/proper_ordsets.erl"): {'EXIT',
                                                                                                                      error}
Generating XML proper - proper_prop_remover "/home/pete/wefwefwef/docs/other/7992459297/proper-branch-dev/proper/src/proper_prop_remover.erl" -> "/home/pete/wefwefwef/docs/other/7992459297/repo/dev/.xml/proper/proper_prop_remover.xml"
/home/pete/wefwefwef/docs/other/7992459297/proper-branch-dev/proper/src/proper_prop_remover.erl: at line 26: can't find include file "compile_flags.hrl"
Error generating XML ("/home/pete/wefwefwef/docs/other/7992459297/proper-branch-dev/proper/src/proper_prop_remover.erl"): {'EXIT',
                                                                                                                           error}
Generating XML proper - proper_queue "/home/pete/wefwefwef/docs/other/7992459297/proper-branch-dev/proper/src/proper_queue.erl" -> "/home/pete/wefwefwef/docs/other/7992459297/repo/dev/.xml/proper/proper_queue.xml"
/home/pete/wefwefwef/docs/other/7992459297/proper-branch-dev/proper/src/proper_queue.erl: at line 26: can't find include file "compile_flags.hrl"
Error generating XML ("/home/pete/wefwefwef/docs/other/7992459297/proper-branch-dev/proper/src/proper_queue.erl"): {'EXIT',
                                                                                                                    error}
Generating XML proper - proper_sets "/home/pete/wefwefwef/docs/other/7992459297/proper-branch-dev/proper/src/proper_sets.erl" -> "/home/pete/wefwefwef/docs/other/7992459297/repo/dev/.xml/proper/proper_sets.xml"
/home/pete/wefwefwef/docs/other/7992459297/proper-branch-dev/proper/src/proper_sets.erl: at line 26: can't find include file "compile_flags.hrl"
Error generating XML ("/home/pete/wefwefwef/docs/other/7992459297/proper-branch-dev/proper/src/proper_sets.erl"): {'EXIT',
                                                                                                                   error}
Generating XML proper - proper_shrink "/home/pete/wefwefwef/docs/other/7992459297/proper-branch-dev/proper/src/proper_shrink.erl" -> "/home/pete/wefwefwef/docs/other/7992459297/repo/dev/.xml/proper/proper_shrink.xml"
/home/pete/wefwefwef/docs/other/7992459297/proper-branch-dev/proper/src/proper_shrink.erl: at line 26: can't find include file "compile_flags.hrl"
Error generating XML ("/home/pete/wefwefwef/docs/other/7992459297/proper-branch-dev/proper/src/proper_shrink.erl"): {'EXIT',
                                                                                                                     error}
Generating XML proper - proper_statem "/home/pete/wefwefwef/docs/other/7992459297/proper-branch-dev/proper/src/proper_statem.erl" -> "/home/pete/wefwefwef/docs/other/7992459297/repo/dev/.xml/proper/proper_statem.xml"
/home/pete/wefwefwef/docs/other/7992459297/proper-branch-dev/proper/src/proper_statem.erl: at line 26: can't find include file "compile_flags.hrl"
Error generating XML ("/home/pete/wefwefwef/docs/other/7992459297/proper-branch-dev/proper/src/proper_statem.erl"): {'EXIT',
                                                                                                                     error}
Generating XML proper - proper_symb "/home/pete/wefwefwef/docs/other/7992459297/proper-branch-dev/proper/src/proper_symb.erl" -> "/home/pete/wefwefwef/docs/other/7992459297/repo/dev/.xml/proper/proper_symb.xml"
/home/pete/wefwefwef/docs/other/7992459297/proper-branch-dev/proper/src/proper_symb.erl: at line 26: can't find include file "compile_flags.hrl"
Error generating XML ("/home/pete/wefwefwef/docs/other/7992459297/proper-branch-dev/proper/src/proper_symb.erl"): {'EXIT',
                                                                                                                   error}
Generating XML proper - proper_transformer "/home/pete/wefwefwef/docs/other/7992459297/proper-branch-dev/proper/src/proper_transformer.erl" -> "/home/pete/wefwefwef/docs/other/7992459297/repo/dev/.xml/proper/proper_transformer.xml"
/home/pete/wefwefwef/docs/other/7992459297/proper-branch-dev/proper/src/proper_transformer.erl: at line 26: can't find include file "compile_flags.hrl"
Error generating XML ("/home/pete/wefwefwef/docs/other/7992459297/proper-branch-dev/proper/src/proper_transformer.erl"): {'EXIT',
                                                                                                                          error}
Generating XML proper - proper_types "/home/pete/wefwefwef/docs/other/7992459297/proper-branch-dev/proper/src/proper_types.erl" -> "/home/pete/wefwefwef/docs/other/7992459297/repo/dev/.xml/proper/proper_types.xml"
/home/pete/wefwefwef/docs/other/7992459297/proper-branch-dev/proper/src/proper_types.erl: at line 26: can't find include file "compile_flags.hrl"
Error generating XML ("/home/pete/wefwefwef/docs/other/7992459297/proper-branch-dev/proper/src/proper_types.erl"): {'EXIT',
                                                                                                                    error}
Generating XML proper - proper_typeserver "/home/pete/wefwefwef/docs/other/7992459297/proper-branch-dev/proper/src/proper_typeserver.erl" -> "/home/pete/wefwefwef/docs/other/7992459297/repo/dev/.xml/proper/proper_typeserver.xml"
/home/pete/wefwefwef/docs/other/7992459297/proper-branch-dev/proper/src/proper_typeserver.erl: at line 26: can't find include file "compile_flags.hrl"
Error generating XML ("/home/pete/wefwefwef/docs/other/7992459297/proper-branch-dev/proper/src/proper_typeserver.erl"): {'EXIT',
                                                                                                                         error}
Generating XML proper - proper_unicode "/home/pete/wefwefwef/docs/other/7992459297/proper-branch-dev/proper/src/proper_unicode.erl" -> "/home/pete/wefwefwef/docs/other/7992459297/repo/dev/.xml/proper/proper_unicode.xml"
/home/pete/wefwefwef/docs/other/7992459297/proper-branch-dev/proper/src/proper_unicode.erl, function unicode_codepoint/1: at line 47: warning: tag @private_type not recognized.
/home/pete/wefwefwef/docs/other/7992459297/proper-branch-dev/proper/src/proper_unicode.erl, function unicode_codepoint/1: at line 48: warning: tag @alias not recognized.
Generating XML proper - strip_types "/home/pete/wefwefwef/docs/other/7992459297/proper-branch-dev/proper/src/strip_types.erl" -> "/home/pete/wefwefwef/docs/other/7992459297/repo/dev/.xml/proper/strip_types.xml"
Generating XML proper - vararg "/home/pete/wefwefwef/docs/other/7992459297/proper-branch-dev/proper/src/vararg.erl" -> "/home/pete/wefwefwef/docs/other/7992459297/repo/dev/.xml/proper/vararg.xml"
/home/pete/wefwefwef/docs/other/7992459297/proper-branch-dev/proper/src/vararg.erl: at line 26: can't find include file "compile_flags.hrl"
Error generating XML ("/home/pete/wefwefwef/docs/other/7992459297/proper-branch-dev/proper/src/vararg.erl"): {'EXIT',
                                                                                                              error}
Generating HTML - proper_unicode "/home/pete/wefwefwef/docs/other/7992459297/repo/dev/.xml/proper/proper_unicode.xml"
Reading XML for "/home/pete/wefwefwef/docs/other/7992459297/repo/dev/.xml/proper/proper_unicode.xml"
Reading XML for "/home/pete/wefwefwef/docs/other/7992459297/repo/dev/.xml/specs_proper_unicode.xml"
Generating HTML - strip_types "/home/pete/wefwefwef/docs/other/7992459297/repo/dev/.xml/proper/strip_types.xml"
Reading XML for "/home/pete/wefwefwef/docs/other/7992459297/repo/dev/.xml/proper/strip_types.xml"
Reading XML for "/home/pete/wefwefwef/docs/other/7992459297/repo/dev/.xml/specs_strip_types.xml"
Creating index.html ...
Creating erldocs_index.js ...
Woot, finished in 0 Minutes 3 Seconds
 :: Discovering other repos
$ 5000  `rm -r '/home/pete/wefwefwef/docs/other/7992459297/proper-branch-dev'  2>&1`
 :: Processing https://github.com/norton/proper	{rev,branch,"master","caacd26660f030b954b5521df9a75f59cd01869c"}
 :: Fetching repo code
$ cd "/home/pete/wefwefwef/docs/other/7992459297/proper-branch-master/proper"
$ infinity  `curl --fail --silent --show-error --location --output 'master.zip' 'https://github.com/norton/proper/archive/master.zip'  2>&1`
$ cd "/home/pete/wefwefwef/docs/erldocs_other.git"
$ cd "/home/pete/wefwefwef/docs/other/7992459297/proper-branch-master/proper"
$ 5000  `find -P . -type l -delete  2>&1`
$ cd "/home/pete/wefwefwef/docs/erldocs_other.git"
$ cd "/home/pete/wefwefwef/docs/other/7992459297/proper-branch-master/proper"
$ 5000  `find 'proper-master' -mindepth 1 -maxdepth 1 -exec mv -t . -- {} +  2>&1`
$ cd "/home/pete/wefwefwef/docs/erldocs_other.git"
 :: Getting dependencies
$ cd "/home/pete/wefwefwef/docs/other/7992459297/proper-branch-master/proper"
$ 5000  `ls -1 deps/  2>&1`
$ cd "/home/pete/wefwefwef/docs/erldocs_other.git"
>>> [rebar] deps = []
 :: Generating erldocs into /home/pete/wefwefwef/docs/other/7992459297/repo/master
Building proper
Generating Type Specs - "/home/pete/wefwefwef/docs/other/7992459297/proper-branch-master/proper/src/proper.erl"
/home/pete/wefwefwef/docs/other/7992459297/proper-branch-master/proper/src/proper.erl: at line 26: can't find include file "compile_flags.hrl"
EDoc could not process file '/home/pete/wefwefwef/docs/other/7992459297/proper-branch-master/proper/src/proper.erl'
Error generating type specs for "/home/pete/wefwefwef/docs/other/7992459297/proper-branch-master/proper/src/proper.erl"
Generating Type Specs - "/home/pete/wefwefwef/docs/other/7992459297/proper-branch-master/proper/src/proper_arith.erl"
/home/pete/wefwefwef/docs/other/7992459297/proper-branch-master/proper/src/proper_arith.erl: at line 26: can't find include file "compile_flags.hrl"
EDoc could not process file '/home/pete/wefwefwef/docs/other/7992459297/proper-branch-master/proper/src/proper_arith.erl'
Error generating type specs for "/home/pete/wefwefwef/docs/other/7992459297/proper-branch-master/proper/src/proper_arith.erl"
Generating Type Specs - "/home/pete/wefwefwef/docs/other/7992459297/proper-branch-master/proper/src/proper_array.erl"
/home/pete/wefwefwef/docs/other/7992459297/proper-branch-master/proper/src/proper_array.erl: at line 26: can't find include file "compile_flags.hrl"
EDoc could not process file '/home/pete/wefwefwef/docs/other/7992459297/proper-branch-master/proper/src/proper_array.erl'
Error generating type specs for "/home/pete/wefwefwef/docs/other/7992459297/proper-branch-master/proper/src/proper_array.erl"
Generating Type Specs - "/home/pete/wefwefwef/docs/other/7992459297/proper-branch-master/proper/src/proper_dict.erl"
/home/pete/wefwefwef/docs/other/7992459297/proper-branch-master/proper/src/proper_dict.erl: at line 26: can't find include file "compile_flags.hrl"
EDoc could not process file '/home/pete/wefwefwef/docs/other/7992459297/proper-branch-master/proper/src/proper_dict.erl'
Error generating type specs for "/home/pete/wefwefwef/docs/other/7992459297/proper-branch-master/proper/src/proper_dict.erl"
Generating Type Specs - "/home/pete/wefwefwef/docs/other/7992459297/proper-branch-master/proper/src/proper_fsm.erl"
/home/pete/wefwefwef/docs/other/7992459297/proper-branch-master/proper/src/proper_fsm.erl: at line 26: can't find include file "compile_flags.hrl"
EDoc could not process file '/home/pete/wefwefwef/docs/other/7992459297/proper-branch-master/proper/src/proper_fsm.erl'
Error generating type specs for "/home/pete/wefwefwef/docs/other/7992459297/proper-branch-master/proper/src/proper_fsm.erl"
Generating Type Specs - "/home/pete/wefwefwef/docs/other/7992459297/proper-branch-master/proper/src/proper_gb_sets.erl"
/home/pete/wefwefwef/docs/other/7992459297/proper-branch-master/proper/src/proper_gb_sets.erl: at line 26: can't find include file "compile_flags.hrl"
EDoc could not process file '/home/pete/wefwefwef/docs/other/7992459297/proper-branch-master/proper/src/proper_gb_sets.erl'
Error generating type specs for "/home/pete/wefwefwef/docs/other/7992459297/proper-branch-master/proper/src/proper_gb_sets.erl"
Generating Type Specs - "/home/pete/wefwefwef/docs/other/7992459297/proper-branch-master/proper/src/proper_gb_trees.erl"
/home/pete/wefwefwef/docs/other/7992459297/proper-branch-master/proper/src/proper_gb_trees.erl: at line 26: can't find include file "compile_flags.hrl"
EDoc could not process file '/home/pete/wefwefwef/docs/other/7992459297/proper-branch-master/proper/src/proper_gb_trees.erl'
Error generating type specs for "/home/pete/wefwefwef/docs/other/7992459297/proper-branch-master/proper/src/proper_gb_trees.erl"
Generating Type Specs - "/home/pete/wefwefwef/docs/other/7992459297/proper-branch-master/proper/src/proper_gen.erl"
/home/pete/wefwefwef/docs/other/7992459297/proper-branch-master/proper/src/proper_gen.erl: at line 26: can't find include file "compile_flags.hrl"
EDoc could not process file '/home/pete/wefwefwef/docs/other/7992459297/proper-branch-master/proper/src/proper_gen.erl'
Error generating type specs for "/home/pete/wefwefwef/docs/other/7992459297/proper-branch-master/proper/src/proper_gen.erl"
Generating Type Specs - "/home/pete/wefwefwef/docs/other/7992459297/proper-branch-master/proper/src/proper_orddict.erl"
/home/pete/wefwefwef/docs/other/7992459297/proper-branch-master/proper/src/proper_orddict.erl: at line 26: can't find include file "compile_flags.hrl"
EDoc could not process file '/home/pete/wefwefwef/docs/other/7992459297/proper-branch-master/proper/src/proper_orddict.erl'
Error generating type specs for "/home/pete/wefwefwef/docs/other/7992459297/proper-branch-master/proper/src/proper_orddict.erl"
Generating Type Specs - "/home/pete/wefwefwef/docs/other/7992459297/proper-branch-master/proper/src/proper_ordsets.erl"
/home/pete/wefwefwef/docs/other/7992459297/proper-branch-master/proper/src/proper_ordsets.erl: at line 26: can't find include file "compile_flags.hrl"
EDoc could not process file '/home/pete/wefwefwef/docs/other/7992459297/proper-branch-master/proper/src/proper_ordsets.erl'
Error generating type specs for "/home/pete/wefwefwef/docs/other/7992459297/proper-branch-master/proper/src/proper_ordsets.erl"
Generating Type Specs - "/home/pete/wefwefwef/docs/other/7992459297/proper-branch-master/proper/src/proper_prop_remover.erl"
/home/pete/wefwefwef/docs/other/7992459297/proper-branch-master/proper/src/proper_prop_remover.erl: at line 26: can't find include file "compile_flags.hrl"
EDoc could not process file '/home/pete/wefwefwef/docs/other/7992459297/proper-branch-master/proper/src/proper_prop_remover.erl'
Error generating type specs for "/home/pete/wefwefwef/docs/other/7992459297/proper-branch-master/proper/src/proper_prop_remover.erl"
Generating Type Specs - "/home/pete/wefwefwef/docs/other/7992459297/proper-branch-master/proper/src/proper_queue.erl"
/home/pete/wefwefwef/docs/other/7992459297/proper-branch-master/proper/src/proper_queue.erl: at line 26: can't find include file "compile_flags.hrl"
EDoc could not process file '/home/pete/wefwefwef/docs/other/7992459297/proper-branch-master/proper/src/proper_queue.erl'
Error generating type specs for "/home/pete/wefwefwef/docs/other/7992459297/proper-branch-master/proper/src/proper_queue.erl"
Generating Type Specs - "/home/pete/wefwefwef/docs/other/7992459297/proper-branch-master/proper/src/proper_sets.erl"
/home/pete/wefwefwef/docs/other/7992459297/proper-branch-master/proper/src/proper_sets.erl: at line 26: can't find include file "compile_flags.hrl"
EDoc could not process file '/home/pete/wefwefwef/docs/other/7992459297/proper-branch-master/proper/src/proper_sets.erl'
Error generating type specs for "/home/pete/wefwefwef/docs/other/7992459297/proper-branch-master/proper/src/proper_sets.erl"
Generating Type Specs - "/home/pete/wefwefwef/docs/other/7992459297/proper-branch-master/proper/src/proper_shrink.erl"
/home/pete/wefwefwef/docs/other/7992459297/proper-branch-master/proper/src/proper_shrink.erl: at line 26: can't find include file "compile_flags.hrl"
EDoc could not process file '/home/pete/wefwefwef/docs/other/7992459297/proper-branch-master/proper/src/proper_shrink.erl'
Error generating type specs for "/home/pete/wefwefwef/docs/other/7992459297/proper-branch-master/proper/src/proper_shrink.erl"
Generating Type Specs - "/home/pete/wefwefwef/docs/other/7992459297/proper-branch-master/proper/src/proper_statem.erl"
/home/pete/wefwefwef/docs/other/7992459297/proper-branch-master/proper/src/proper_statem.erl: at line 26: can't find include file "compile_flags.hrl"
EDoc could not process file '/home/pete/wefwefwef/docs/other/7992459297/proper-branch-master/proper/src/proper_statem.erl'
Error generating type specs for "/home/pete/wefwefwef/docs/other/7992459297/proper-branch-master/proper/src/proper_statem.erl"
Generating Type Specs - "/home/pete/wefwefwef/docs/other/7992459297/proper-branch-master/proper/src/proper_symb.erl"
/home/pete/wefwefwef/docs/other/7992459297/proper-branch-master/proper/src/proper_symb.erl: at line 26: can't find include file "compile_flags.hrl"
EDoc could not process file '/home/pete/wefwefwef/docs/other/7992459297/proper-branch-master/proper/src/proper_symb.erl'
Error generating type specs for "/home/pete/wefwefwef/docs/other/7992459297/proper-branch-master/proper/src/proper_symb.erl"
Generating Type Specs - "/home/pete/wefwefwef/docs/other/7992459297/proper-branch-master/proper/src/proper_transformer.erl"
/home/pete/wefwefwef/docs/other/7992459297/proper-branch-master/proper/src/proper_transformer.erl: at line 26: can't find include file "compile_flags.hrl"
EDoc could not process file '/home/pete/wefwefwef/docs/other/7992459297/proper-branch-master/proper/src/proper_transformer.erl'
Error generating type specs for "/home/pete/wefwefwef/docs/other/7992459297/proper-branch-master/proper/src/proper_transformer.erl"
Generating Type Specs - "/home/pete/wefwefwef/docs/other/7992459297/proper-branch-master/proper/src/proper_types.erl"
/home/pete/wefwefwef/docs/other/7992459297/proper-branch-master/proper/src/proper_types.erl: at line 26: can't find include file "compile_flags.hrl"
EDoc could not process file '/home/pete/wefwefwef/docs/other/7992459297/proper-branch-master/proper/src/proper_types.erl'
Error generating type specs for "/home/pete/wefwefwef/docs/other/7992459297/proper-branch-master/proper/src/proper_types.erl"
Generating Type Specs - "/home/pete/wefwefwef/docs/other/7992459297/proper-branch-master/proper/src/proper_typeserver.erl"
/home/pete/wefwefwef/docs/other/7992459297/proper-branch-master/proper/src/proper_typeserver.erl: at line 26: can't find include file "compile_flags.hrl"
EDoc could not process file '/home/pete/wefwefwef/docs/other/7992459297/proper-branch-master/proper/src/proper_typeserver.erl'
Error generating type specs for "/home/pete/wefwefwef/docs/other/7992459297/proper-branch-master/proper/src/proper_typeserver.erl"
Generating Type Specs - "/home/pete/wefwefwef/docs/other/7992459297/proper-branch-master/proper/src/proper_unicode.erl"
Generating Type Specs - "/home/pete/wefwefwef/docs/other/7992459297/proper-branch-master/proper/src/strip_types.erl"
Generating Type Specs - "/home/pete/wefwefwef/docs/other/7992459297/proper-branch-master/proper/src/vararg.erl"
/home/pete/wefwefwef/docs/other/7992459297/proper-branch-master/proper/src/vararg.erl: at line 26: can't find include file "compile_flags.hrl"
EDoc could not process file '/home/pete/wefwefwef/docs/other/7992459297/proper-branch-master/proper/src/vararg.erl'
Error generating type specs for "/home/pete/wefwefwef/docs/other/7992459297/proper-branch-master/proper/src/vararg.erl"
Generating XML for application proper "/home/pete/wefwefwef/docs/other/7992459297/proper-branch-master/proper" -> "/home/pete/wefwefwef/docs/other/7992459297/repo/master/.xml/proper"
/home/pete/wefwefwef/docs/other/7992459297/proper-branch-master/proper/src/proper_types.erl: at line 26: can't find include file "compile_flags.hrl"
edoc: skipping source file '/home/pete/wefwefwef/docs/other/7992459297/proper-branch-master/proper/src/proper_types.erl': {'EXIT',
                                                                                                                     error}.
/home/pete/wefwefwef/docs/other/7992459297/proper-branch-master/proper/src/proper_typeserver.erl: at line 26: can't find include file "compile_flags.hrl"
edoc: skipping source file '/home/pete/wefwefwef/docs/other/7992459297/proper-branch-master/proper/src/proper_typeserver.erl': {'EXIT',
                                                                                                                          error}.
/home/pete/wefwefwef/docs/other/7992459297/proper-branch-master/proper/src/vararg.erl: at line 26: can't find include file "compile_flags.hrl"
edoc: skipping source file '/home/pete/wefwefwef/docs/other/7992459297/proper-branch-master/proper/src/vararg.erl': {'EXIT',
                                                                                                               error}.
/home/pete/wefwefwef/docs/other/7992459297/proper-branch-master/proper/src/proper_symb.erl: at line 26: can't find include file "compile_flags.hrl"
edoc: skipping source file '/home/pete/wefwefwef/docs/other/7992459297/proper-branch-master/proper/src/proper_symb.erl': {'EXIT',
                                                                                                                    error}.
/home/pete/wefwefwef/docs/other/7992459297/proper-branch-master/proper/src/proper_queue.erl: at line 26: can't find include file "compile_flags.hrl"
edoc: skipping source file '/home/pete/wefwefwef/docs/other/7992459297/proper-branch-master/proper/src/proper_queue.erl': {'EXIT',
                                                                                                                     error}.
/home/pete/wefwefwef/docs/other/7992459297/proper-branch-master/proper/src/proper_gen.erl: at line 26: can't find include file "compile_flags.hrl"
edoc: skipping source file '/home/pete/wefwefwef/docs/other/7992459297/proper-branch-master/proper/src/proper_gen.erl': {'EXIT',
                                                                                                                   error}.
/home/pete/wefwefwef/docs/other/7992459297/proper-branch-master/proper/src/proper_unicode.erl, function unicode_codepoint/1: at line 47: warning: tag @private_type not recognized.
/home/pete/wefwefwef/docs/other/7992459297/proper-branch-master/proper/src/proper_unicode.erl, function unicode_codepoint/1: at line 48: warning: tag @alias not recognized.
/home/pete/wefwefwef/docs/other/7992459297/proper-branch-master/proper/src/proper_arith.erl: at line 26: can't find include file "compile_flags.hrl"
edoc: skipping source file '/home/pete/wefwefwef/docs/other/7992459297/proper-branch-master/proper/src/proper_arith.erl': {'EXIT',
                                                                                                                     error}.
/home/pete/wefwefwef/docs/other/7992459297/proper-branch-master/proper/src/proper_fsm.erl: at line 26: can't find include file "compile_flags.hrl"
edoc: skipping source file '/home/pete/wefwefwef/docs/other/7992459297/proper-branch-master/proper/src/proper_fsm.erl': {'EXIT',
                                                                                                                   error}.
/home/pete/wefwefwef/docs/other/7992459297/proper-branch-master/proper/src/proper_shrink.erl: at line 26: can't find include file "compile_flags.hrl"
edoc: skipping source file '/home/pete/wefwefwef/docs/other/7992459297/proper-branch-master/proper/src/proper_shrink.erl': {'EXIT',
                                                                                                                      error}.
/home/pete/wefwefwef/docs/other/7992459297/proper-branch-master/proper/src/proper_array.erl: at line 26: can't find include file "compile_flags.hrl"
edoc: skipping source file '/home/pete/wefwefwef/docs/other/7992459297/proper-branch-master/proper/src/proper_array.erl': {'EXIT',
                                                                                                                     error}.
/home/pete/wefwefwef/docs/other/7992459297/proper-branch-master/proper/src/proper_transformer.erl: at line 26: can't find include file "compile_flags.hrl"
edoc: skipping source file '/home/pete/wefwefwef/docs/other/7992459297/proper-branch-master/proper/src/proper_transformer.erl': {'EXIT',
                                                                                                                           error}.
/home/pete/wefwefwef/docs/other/7992459297/proper-branch-master/proper/src/proper_gb_trees.erl: at line 26: can't find include file "compile_flags.hrl"
edoc: skipping source file '/home/pete/wefwefwef/docs/other/7992459297/proper-branch-master/proper/src/proper_gb_trees.erl': {'EXIT',
                                                                                                                        error}.
/home/pete/wefwefwef/docs/other/7992459297/proper-branch-master/proper/src/proper_orddict.erl: at line 26: can't find include file "compile_flags.hrl"
edoc: skipping source file '/home/pete/wefwefwef/docs/other/7992459297/proper-branch-master/proper/src/proper_orddict.erl': {'EXIT',
                                                                                                                       error}.
/home/pete/wefwefwef/docs/other/7992459297/proper-branch-master/proper/src/proper_sets.erl: at line 26: can't find include file "compile_flags.hrl"
edoc: skipping source file '/home/pete/wefwefwef/docs/other/7992459297/proper-branch-master/proper/src/proper_sets.erl': {'EXIT',
                                                                                                                    error}.
/home/pete/wefwefwef/docs/other/7992459297/proper-branch-master/proper/src/proper_prop_remover.erl: at line 26: can't find include file "compile_flags.hrl"
edoc: skipping source file '/home/pete/wefwefwef/docs/other/7992459297/proper-branch-master/proper/src/proper_prop_remover.erl': {'EXIT',
                                                                                                                            error}.
/home/pete/wefwefwef/docs/other/7992459297/proper-branch-master/proper/src/proper_gb_sets.erl: at line 26: can't find include file "compile_flags.hrl"
edoc: skipping source file '/home/pete/wefwefwef/docs/other/7992459297/proper-branch-master/proper/src/proper_gb_sets.erl': {'EXIT',
                                                                                                                       error}.
/home/pete/wefwefwef/docs/other/7992459297/proper-branch-master/proper/src/proper.erl: at line 26: can't find include file "compile_flags.hrl"
edoc: skipping source file '/home/pete/wefwefwef/docs/other/7992459297/proper-branch-master/proper/src/proper.erl': {'EXIT',
                                                                                                               error}.
/home/pete/wefwefwef/docs/other/7992459297/proper-branch-master/proper/src/proper_ordsets.erl: at line 26: can't find include file "compile_flags.hrl"
edoc: skipping source file '/home/pete/wefwefwef/docs/other/7992459297/proper-branch-master/proper/src/proper_ordsets.erl': {'EXIT',
                                                                                                                       error}.
/home/pete/wefwefwef/docs/other/7992459297/proper-branch-master/proper/src/proper_statem.erl: at line 26: can't find include file "compile_flags.hrl"
edoc: skipping source file '/home/pete/wefwefwef/docs/other/7992459297/proper-branch-master/proper/src/proper_statem.erl': {'EXIT',
                                                                                                                      error}.
/home/pete/wefwefwef/docs/other/7992459297/proper-branch-master/proper/src/proper_dict.erl: at line 26: can't find include file "compile_flags.hrl"
edoc: skipping source file '/home/pete/wefwefwef/docs/other/7992459297/proper-branch-master/proper/src/proper_dict.erl': {'EXIT',
                                                                                                                    error}.
edoc: error in doclet 'edoc_doclet': {'EXIT',error}.
Error generating proper XMLs. Using fallback ...
Generating XML proper - proper "/home/pete/wefwefwef/docs/other/7992459297/proper-branch-master/proper/src/proper.erl" -> "/home/pete/wefwefwef/docs/other/7992459297/repo/master/.xml/proper/proper.xml"
/home/pete/wefwefwef/docs/other/7992459297/proper-branch-master/proper/src/proper.erl: at line 26: can't find include file "compile_flags.hrl"
Error generating XML ("/home/pete/wefwefwef/docs/other/7992459297/proper-branch-master/proper/src/proper.erl"): {'EXIT',
                                                                                                                 error}
Generating XML proper - proper_arith "/home/pete/wefwefwef/docs/other/7992459297/proper-branch-master/proper/src/proper_arith.erl" -> "/home/pete/wefwefwef/docs/other/7992459297/repo/master/.xml/proper/proper_arith.xml"
/home/pete/wefwefwef/docs/other/7992459297/proper-branch-master/proper/src/proper_arith.erl: at line 26: can't find include file "compile_flags.hrl"
Error generating XML ("/home/pete/wefwefwef/docs/other/7992459297/proper-branch-master/proper/src/proper_arith.erl"): {'EXIT',
                                                                                                                       error}
Generating XML proper - proper_array "/home/pete/wefwefwef/docs/other/7992459297/proper-branch-master/proper/src/proper_array.erl" -> "/home/pete/wefwefwef/docs/other/7992459297/repo/master/.xml/proper/proper_array.xml"
/home/pete/wefwefwef/docs/other/7992459297/proper-branch-master/proper/src/proper_array.erl: at line 26: can't find include file "compile_flags.hrl"
Error generating XML ("/home/pete/wefwefwef/docs/other/7992459297/proper-branch-master/proper/src/proper_array.erl"): {'EXIT',
                                                                                                                       error}
Generating XML proper - proper_dict "/home/pete/wefwefwef/docs/other/7992459297/proper-branch-master/proper/src/proper_dict.erl" -> "/home/pete/wefwefwef/docs/other/7992459297/repo/master/.xml/proper/proper_dict.xml"
/home/pete/wefwefwef/docs/other/7992459297/proper-branch-master/proper/src/proper_dict.erl: at line 26: can't find include file "compile_flags.hrl"
Error generating XML ("/home/pete/wefwefwef/docs/other/7992459297/proper-branch-master/proper/src/proper_dict.erl"): {'EXIT',
                                                                                                                      error}
Generating XML proper - proper_fsm "/home/pete/wefwefwef/docs/other/7992459297/proper-branch-master/proper/src/proper_fsm.erl" -> "/home/pete/wefwefwef/docs/other/7992459297/repo/master/.xml/proper/proper_fsm.xml"
/home/pete/wefwefwef/docs/other/7992459297/proper-branch-master/proper/src/proper_fsm.erl: at line 26: can't find include file "compile_flags.hrl"
Error generating XML ("/home/pete/wefwefwef/docs/other/7992459297/proper-branch-master/proper/src/proper_fsm.erl"): {'EXIT',
                                                                                                                     error}
Generating XML proper - proper_gb_sets "/home/pete/wefwefwef/docs/other/7992459297/proper-branch-master/proper/src/proper_gb_sets.erl" -> "/home/pete/wefwefwef/docs/other/7992459297/repo/master/.xml/proper/proper_gb_sets.xml"
/home/pete/wefwefwef/docs/other/7992459297/proper-branch-master/proper/src/proper_gb_sets.erl: at line 26: can't find include file "compile_flags.hrl"
Error generating XML ("/home/pete/wefwefwef/docs/other/7992459297/proper-branch-master/proper/src/proper_gb_sets.erl"): {'EXIT',
                                                                                                                         error}
Generating XML proper - proper_gb_trees "/home/pete/wefwefwef/docs/other/7992459297/proper-branch-master/proper/src/proper_gb_trees.erl" -> "/home/pete/wefwefwef/docs/other/7992459297/repo/master/.xml/proper/proper_gb_trees.xml"
/home/pete/wefwefwef/docs/other/7992459297/proper-branch-master/proper/src/proper_gb_trees.erl: at line 26: can't find include file "compile_flags.hrl"
Error generating XML ("/home/pete/wefwefwef/docs/other/7992459297/proper-branch-master/proper/src/proper_gb_trees.erl"): {'EXIT',
                                                                                                                          error}
Generating XML proper - proper_gen "/home/pete/wefwefwef/docs/other/7992459297/proper-branch-master/proper/src/proper_gen.erl" -> "/home/pete/wefwefwef/docs/other/7992459297/repo/master/.xml/proper/proper_gen.xml"
/home/pete/wefwefwef/docs/other/7992459297/proper-branch-master/proper/src/proper_gen.erl: at line 26: can't find include file "compile_flags.hrl"
Error generating XML ("/home/pete/wefwefwef/docs/other/7992459297/proper-branch-master/proper/src/proper_gen.erl"): {'EXIT',
                                                                                                                     error}
Generating XML proper - proper_orddict "/home/pete/wefwefwef/docs/other/7992459297/proper-branch-master/proper/src/proper_orddict.erl" -> "/home/pete/wefwefwef/docs/other/7992459297/repo/master/.xml/proper/proper_orddict.xml"
/home/pete/wefwefwef/docs/other/7992459297/proper-branch-master/proper/src/proper_orddict.erl: at line 26: can't find include file "compile_flags.hrl"
Error generating XML ("/home/pete/wefwefwef/docs/other/7992459297/proper-branch-master/proper/src/proper_orddict.erl"): {'EXIT',
                                                                                                                         error}
Generating XML proper - proper_ordsets "/home/pete/wefwefwef/docs/other/7992459297/proper-branch-master/proper/src/proper_ordsets.erl" -> "/home/pete/wefwefwef/docs/other/7992459297/repo/master/.xml/proper/proper_ordsets.xml"
/home/pete/wefwefwef/docs/other/7992459297/proper-branch-master/proper/src/proper_ordsets.erl: at line 26: can't find include file "compile_flags.hrl"
Error generating XML ("/home/pete/wefwefwef/docs/other/7992459297/proper-branch-master/proper/src/proper_ordsets.erl"): {'EXIT',
                                                                                                                         error}
Generating XML proper - proper_prop_remover "/home/pete/wefwefwef/docs/other/7992459297/proper-branch-master/proper/src/proper_prop_remover.erl" -> "/home/pete/wefwefwef/docs/other/7992459297/repo/master/.xml/proper/proper_prop_remover.xml"
/home/pete/wefwefwef/docs/other/7992459297/proper-branch-master/proper/src/proper_prop_remover.erl: at line 26: can't find include file "compile_flags.hrl"
Error generating XML ("/home/pete/wefwefwef/docs/other/7992459297/proper-branch-master/proper/src/proper_prop_remover.erl"): {'EXIT',
                                                                                                                              error}
Generating XML proper - proper_queue "/home/pete/wefwefwef/docs/other/7992459297/proper-branch-master/proper/src/proper_queue.erl" -> "/home/pete/wefwefwef/docs/other/7992459297/repo/master/.xml/proper/proper_queue.xml"
/home/pete/wefwefwef/docs/other/7992459297/proper-branch-master/proper/src/proper_queue.erl: at line 26: can't find include file "compile_flags.hrl"
Error generating XML ("/home/pete/wefwefwef/docs/other/7992459297/proper-branch-master/proper/src/proper_queue.erl"): {'EXIT',
                                                                                                                       error}
Generating XML proper - proper_sets "/home/pete/wefwefwef/docs/other/7992459297/proper-branch-master/proper/src/proper_sets.erl" -> "/home/pete/wefwefwef/docs/other/7992459297/repo/master/.xml/proper/proper_sets.xml"
/home/pete/wefwefwef/docs/other/7992459297/proper-branch-master/proper/src/proper_sets.erl: at line 26: can't find include file "compile_flags.hrl"
Error generating XML ("/home/pete/wefwefwef/docs/other/7992459297/proper-branch-master/proper/src/proper_sets.erl"): {'EXIT',
                                                                                                                      error}
Generating XML proper - proper_shrink "/home/pete/wefwefwef/docs/other/7992459297/proper-branch-master/proper/src/proper_shrink.erl" -> "/home/pete/wefwefwef/docs/other/7992459297/repo/master/.xml/proper/proper_shrink.xml"
/home/pete/wefwefwef/docs/other/7992459297/proper-branch-master/proper/src/proper_shrink.erl: at line 26: can't find include file "compile_flags.hrl"
Error generating XML ("/home/pete/wefwefwef/docs/other/7992459297/proper-branch-master/proper/src/proper_shrink.erl"): {'EXIT',
                                                                                                                        error}
Generating XML proper - proper_statem "/home/pete/wefwefwef/docs/other/7992459297/proper-branch-master/proper/src/proper_statem.erl" -> "/home/pete/wefwefwef/docs/other/7992459297/repo/master/.xml/proper/proper_statem.xml"
/home/pete/wefwefwef/docs/other/7992459297/proper-branch-master/proper/src/proper_statem.erl: at line 26: can't find include file "compile_flags.hrl"
Error generating XML ("/home/pete/wefwefwef/docs/other/7992459297/proper-branch-master/proper/src/proper_statem.erl"): {'EXIT',
                                                                                                                        error}
Generating XML proper - proper_symb "/home/pete/wefwefwef/docs/other/7992459297/proper-branch-master/proper/src/proper_symb.erl" -> "/home/pete/wefwefwef/docs/other/7992459297/repo/master/.xml/proper/proper_symb.xml"
/home/pete/wefwefwef/docs/other/7992459297/proper-branch-master/proper/src/proper_symb.erl: at line 26: can't find include file "compile_flags.hrl"
Error generating XML ("/home/pete/wefwefwef/docs/other/7992459297/proper-branch-master/proper/src/proper_symb.erl"): {'EXIT',
                                                                                                                      error}
Generating XML proper - proper_transformer "/home/pete/wefwefwef/docs/other/7992459297/proper-branch-master/proper/src/proper_transformer.erl" -> "/home/pete/wefwefwef/docs/other/7992459297/repo/master/.xml/proper/proper_transformer.xml"
/home/pete/wefwefwef/docs/other/7992459297/proper-branch-master/proper/src/proper_transformer.erl: at line 26: can't find include file "compile_flags.hrl"
Error generating XML ("/home/pete/wefwefwef/docs/other/7992459297/proper-branch-master/proper/src/proper_transformer.erl"): {'EXIT',
                                                                                                                             error}
Generating XML proper - proper_types "/home/pete/wefwefwef/docs/other/7992459297/proper-branch-master/proper/src/proper_types.erl" -> "/home/pete/wefwefwef/docs/other/7992459297/repo/master/.xml/proper/proper_types.xml"
/home/pete/wefwefwef/docs/other/7992459297/proper-branch-master/proper/src/proper_types.erl: at line 26: can't find include file "compile_flags.hrl"
Error generating XML ("/home/pete/wefwefwef/docs/other/7992459297/proper-branch-master/proper/src/proper_types.erl"): {'EXIT',
                                                                                                                       error}
Generating XML proper - proper_typeserver "/home/pete/wefwefwef/docs/other/7992459297/proper-branch-master/proper/src/proper_typeserver.erl" -> "/home/pete/wefwefwef/docs/other/7992459297/repo/master/.xml/proper/proper_typeserver.xml"
/home/pete/wefwefwef/docs/other/7992459297/proper-branch-master/proper/src/proper_typeserver.erl: at line 26: can't find include file "compile_flags.hrl"
Error generating XML ("/home/pete/wefwefwef/docs/other/7992459297/proper-branch-master/proper/src/proper_typeserver.erl"): {'EXIT',
                                                                                                                            error}
Generating XML proper - proper_unicode "/home/pete/wefwefwef/docs/other/7992459297/proper-branch-master/proper/src/proper_unicode.erl" -> "/home/pete/wefwefwef/docs/other/7992459297/repo/master/.xml/proper/proper_unicode.xml"
/home/pete/wefwefwef/docs/other/7992459297/proper-branch-master/proper/src/proper_unicode.erl, function unicode_codepoint/1: at line 47: warning: tag @private_type not recognized.
/home/pete/wefwefwef/docs/other/7992459297/proper-branch-master/proper/src/proper_unicode.erl, function unicode_codepoint/1: at line 48: warning: tag @alias not recognized.
Generating XML proper - strip_types "/home/pete/wefwefwef/docs/other/7992459297/proper-branch-master/proper/src/strip_types.erl" -> "/home/pete/wefwefwef/docs/other/7992459297/repo/master/.xml/proper/strip_types.xml"
Generating XML proper - vararg "/home/pete/wefwefwef/docs/other/7992459297/proper-branch-master/proper/src/vararg.erl" -> "/home/pete/wefwefwef/docs/other/7992459297/repo/master/.xml/proper/vararg.xml"
/home/pete/wefwefwef/docs/other/7992459297/proper-branch-master/proper/src/vararg.erl: at line 26: can't find include file "compile_flags.hrl"
Error generating XML ("/home/pete/wefwefwef/docs/other/7992459297/proper-branch-master/proper/src/vararg.erl"): {'EXIT',
                                                                                                                 error}
Generating HTML - proper_unicode "/home/pete/wefwefwef/docs/other/7992459297/repo/master/.xml/proper/proper_unicode.xml"
Reading XML for "/home/pete/wefwefwef/docs/other/7992459297/repo/master/.xml/proper/proper_unicode.xml"
Reading XML for "/home/pete/wefwefwef/docs/other/7992459297/repo/master/.xml/specs_proper_unicode.xml"
Generating HTML - strip_types "/home/pete/wefwefwef/docs/other/7992459297/repo/master/.xml/proper/strip_types.xml"
Reading XML for "/home/pete/wefwefwef/docs/other/7992459297/repo/master/.xml/proper/strip_types.xml"
Reading XML for "/home/pete/wefwefwef/docs/other/7992459297/repo/master/.xml/specs_strip_types.xml"
Creating index.html ...
Creating erldocs_index.js ...
Woot, finished in 0 Minutes 3 Seconds
 :: Discovering other repos
$ 5000  `rm -r '/home/pete/wefwefwef/docs/other/7992459297/proper-branch-master'  2>&1`
 :: Processing https://github.com/norton/proper	{rev,branch,"upstream-master","caacd26660f030b954b5521df9a75f59cd01869c"}
 :: Fetching repo code
$ cd "/home/pete/wefwefwef/docs/other/7992459297/proper-branch-upstream-master/proper"
$ infinity  `curl --fail --silent --show-error --location --output 'upstream-master.zip' 'https://github.com/norton/proper/archive/upstream-master.zip'  2>&1`
$ cd "/home/pete/wefwefwef/docs/erldocs_other.git"
$ cd "/home/pete/wefwefwef/docs/other/7992459297/proper-branch-upstream-master/proper"
$ 5000  `find -P . -type l -delete  2>&1`
$ cd "/home/pete/wefwefwef/docs/erldocs_other.git"
$ cd "/home/pete/wefwefwef/docs/other/7992459297/proper-branch-upstream-master/proper"
$ 5000  `find 'proper-upstream-master' -mindepth 1 -maxdepth 1 -exec mv -t . -- {} +  2>&1`
$ cd "/home/pete/wefwefwef/docs/erldocs_other.git"
 :: Getting dependencies
$ cd "/home/pete/wefwefwef/docs/other/7992459297/proper-branch-upstream-master/proper"
$ 5000  `ls -1 deps/  2>&1`
$ cd "/home/pete/wefwefwef/docs/erldocs_other.git"
>>> [rebar] deps = []
 :: Generating erldocs into /home/pete/wefwefwef/docs/other/7992459297/repo/upstream-master
Building proper
Generating Type Specs - "/home/pete/wefwefwef/docs/other/7992459297/proper-branch-upstream-master/proper/src/proper.erl"
/home/pete/wefwefwef/docs/other/7992459297/proper-branch-upstream-master/proper/src/proper.erl: at line 26: can't find include file "compile_flags.hrl"
EDoc could not process file '/home/pete/wefwefwef/docs/other/7992459297/proper-branch-upstream-master/proper/src/proper.erl'
Error generating type specs for "/home/pete/wefwefwef/docs/other/7992459297/proper-branch-upstream-master/proper/src/proper.erl"
Generating Type Specs - "/home/pete/wefwefwef/docs/other/7992459297/proper-branch-upstream-master/proper/src/proper_arith.erl"
/home/pete/wefwefwef/docs/other/7992459297/proper-branch-upstream-master/proper/src/proper_arith.erl: at line 26: can't find include file "compile_flags.hrl"
EDoc could not process file '/home/pete/wefwefwef/docs/other/7992459297/proper-branch-upstream-master/proper/src/proper_arith.erl'
Error generating type specs for "/home/pete/wefwefwef/docs/other/7992459297/proper-branch-upstream-master/proper/src/proper_arith.erl"
Generating Type Specs - "/home/pete/wefwefwef/docs/other/7992459297/proper-branch-upstream-master/proper/src/proper_array.erl"
/home/pete/wefwefwef/docs/other/7992459297/proper-branch-upstream-master/proper/src/proper_array.erl: at line 26: can't find include file "compile_flags.hrl"
EDoc could not process file '/home/pete/wefwefwef/docs/other/7992459297/proper-branch-upstream-master/proper/src/proper_array.erl'
Error generating type specs for "/home/pete/wefwefwef/docs/other/7992459297/proper-branch-upstream-master/proper/src/proper_array.erl"
Generating Type Specs - "/home/pete/wefwefwef/docs/other/7992459297/proper-branch-upstream-master/proper/src/proper_dict.erl"
/home/pete/wefwefwef/docs/other/7992459297/proper-branch-upstream-master/proper/src/proper_dict.erl: at line 26: can't find include file "compile_flags.hrl"
EDoc could not process file '/home/pete/wefwefwef/docs/other/7992459297/proper-branch-upstream-master/proper/src/proper_dict.erl'
Error generating type specs for "/home/pete/wefwefwef/docs/other/7992459297/proper-branch-upstream-master/proper/src/proper_dict.erl"
Generating Type Specs - "/home/pete/wefwefwef/docs/other/7992459297/proper-branch-upstream-master/proper/src/proper_fsm.erl"
/home/pete/wefwefwef/docs/other/7992459297/proper-branch-upstream-master/proper/src/proper_fsm.erl: at line 26: can't find include file "compile_flags.hrl"
EDoc could not process file '/home/pete/wefwefwef/docs/other/7992459297/proper-branch-upstream-master/proper/src/proper_fsm.erl'
Error generating type specs for "/home/pete/wefwefwef/docs/other/7992459297/proper-branch-upstream-master/proper/src/proper_fsm.erl"
Generating Type Specs - "/home/pete/wefwefwef/docs/other/7992459297/proper-branch-upstream-master/proper/src/proper_gb_sets.erl"
/home/pete/wefwefwef/docs/other/7992459297/proper-branch-upstream-master/proper/src/proper_gb_sets.erl: at line 26: can't find include file "compile_flags.hrl"
EDoc could not process file '/home/pete/wefwefwef/docs/other/7992459297/proper-branch-upstream-master/proper/src/proper_gb_sets.erl'
Error generating type specs for "/home/pete/wefwefwef/docs/other/7992459297/proper-branch-upstream-master/proper/src/proper_gb_sets.erl"
Generating Type Specs - "/home/pete/wefwefwef/docs/other/7992459297/proper-branch-upstream-master/proper/src/proper_gb_trees.erl"
/home/pete/wefwefwef/docs/other/7992459297/proper-branch-upstream-master/proper/src/proper_gb_trees.erl: at line 26: can't find include file "compile_flags.hrl"
EDoc could not process file '/home/pete/wefwefwef/docs/other/7992459297/proper-branch-upstream-master/proper/src/proper_gb_trees.erl'
Error generating type specs for "/home/pete/wefwefwef/docs/other/7992459297/proper-branch-upstream-master/proper/src/proper_gb_trees.erl"
Generating Type Specs - "/home/pete/wefwefwef/docs/other/7992459297/proper-branch-upstream-master/proper/src/proper_gen.erl"
/home/pete/wefwefwef/docs/other/7992459297/proper-branch-upstream-master/proper/src/proper_gen.erl: at line 26: can't find include file "compile_flags.hrl"
EDoc could not process file '/home/pete/wefwefwef/docs/other/7992459297/proper-branch-upstream-master/proper/src/proper_gen.erl'
Error generating type specs for "/home/pete/wefwefwef/docs/other/7992459297/proper-branch-upstream-master/proper/src/proper_gen.erl"
Generating Type Specs - "/home/pete/wefwefwef/docs/other/7992459297/proper-branch-upstream-master/proper/src/proper_orddict.erl"
/home/pete/wefwefwef/docs/other/7992459297/proper-branch-upstream-master/proper/src/proper_orddict.erl: at line 26: can't find include file "compile_flags.hrl"
EDoc could not process file '/home/pete/wefwefwef/docs/other/7992459297/proper-branch-upstream-master/proper/src/proper_orddict.erl'
Error generating type specs for "/home/pete/wefwefwef/docs/other/7992459297/proper-branch-upstream-master/proper/src/proper_orddict.erl"
Generating Type Specs - "/home/pete/wefwefwef/docs/other/7992459297/proper-branch-upstream-master/proper/src/proper_ordsets.erl"
/home/pete/wefwefwef/docs/other/7992459297/proper-branch-upstream-master/proper/src/proper_ordsets.erl: at line 26: can't find include file "compile_flags.hrl"
EDoc could not process file '/home/pete/wefwefwef/docs/other/7992459297/proper-branch-upstream-master/proper/src/proper_ordsets.erl'
Error generating type specs for "/home/pete/wefwefwef/docs/other/7992459297/proper-branch-upstream-master/proper/src/proper_ordsets.erl"
Generating Type Specs - "/home/pete/wefwefwef/docs/other/7992459297/proper-branch-upstream-master/proper/src/proper_prop_remover.erl"
/home/pete/wefwefwef/docs/other/7992459297/proper-branch-upstream-master/proper/src/proper_prop_remover.erl: at line 26: can't find include file "compile_flags.hrl"
EDoc could not process file '/home/pete/wefwefwef/docs/other/7992459297/proper-branch-upstream-master/proper/src/proper_prop_remover.erl'
Error generating type specs for "/home/pete/wefwefwef/docs/other/7992459297/proper-branch-upstream-master/proper/src/proper_prop_remover.erl"
Generating Type Specs - "/home/pete/wefwefwef/docs/other/7992459297/proper-branch-upstream-master/proper/src/proper_queue.erl"
/home/pete/wefwefwef/docs/other/7992459297/proper-branch-upstream-master/proper/src/proper_queue.erl: at line 26: can't find include file "compile_flags.hrl"
EDoc could not process file '/home/pete/wefwefwef/docs/other/7992459297/proper-branch-upstream-master/proper/src/proper_queue.erl'
Error generating type specs for "/home/pete/wefwefwef/docs/other/7992459297/proper-branch-upstream-master/proper/src/proper_queue.erl"
Generating Type Specs - "/home/pete/wefwefwef/docs/other/7992459297/proper-branch-upstream-master/proper/src/proper_sets.erl"
/home/pete/wefwefwef/docs/other/7992459297/proper-branch-upstream-master/proper/src/proper_sets.erl: at line 26: can't find include file "compile_flags.hrl"
EDoc could not process file '/home/pete/wefwefwef/docs/other/7992459297/proper-branch-upstream-master/proper/src/proper_sets.erl'
Error generating type specs for "/home/pete/wefwefwef/docs/other/7992459297/proper-branch-upstream-master/proper/src/proper_sets.erl"
Generating Type Specs - "/home/pete/wefwefwef/docs/other/7992459297/proper-branch-upstream-master/proper/src/proper_shrink.erl"
/home/pete/wefwefwef/docs/other/7992459297/proper-branch-upstream-master/proper/src/proper_shrink.erl: at line 26: can't find include file "compile_flags.hrl"
EDoc could not process file '/home/pete/wefwefwef/docs/other/7992459297/proper-branch-upstream-master/proper/src/proper_shrink.erl'
Error generating type specs for "/home/pete/wefwefwef/docs/other/7992459297/proper-branch-upstream-master/proper/src/proper_shrink.erl"
Generating Type Specs - "/home/pete/wefwefwef/docs/other/7992459297/proper-branch-upstream-master/proper/src/proper_statem.erl"
/home/pete/wefwefwef/docs/other/7992459297/proper-branch-upstream-master/proper/src/proper_statem.erl: at line 26: can't find include file "compile_flags.hrl"
EDoc could not process file '/home/pete/wefwefwef/docs/other/7992459297/proper-branch-upstream-master/proper/src/proper_statem.erl'
Error generating type specs for "/home/pete/wefwefwef/docs/other/7992459297/proper-branch-upstream-master/proper/src/proper_statem.erl"
Generating Type Specs - "/home/pete/wefwefwef/docs/other/7992459297/proper-branch-upstream-master/proper/src/proper_symb.erl"
/home/pete/wefwefwef/docs/other/7992459297/proper-branch-upstream-master/proper/src/proper_symb.erl: at line 26: can't find include file "compile_flags.hrl"
EDoc could not process file '/home/pete/wefwefwef/docs/other/7992459297/proper-branch-upstream-master/proper/src/proper_symb.erl'
Error generating type specs for "/home/pete/wefwefwef/docs/other/7992459297/proper-branch-upstream-master/proper/src/proper_symb.erl"
Generating Type Specs - "/home/pete/wefwefwef/docs/other/7992459297/proper-branch-upstream-master/proper/src/proper_transformer.erl"
/home/pete/wefwefwef/docs/other/7992459297/proper-branch-upstream-master/proper/src/proper_transformer.erl: at line 26: can't find include file "compile_flags.hrl"
EDoc could not process file '/home/pete/wefwefwef/docs/other/7992459297/proper-branch-upstream-master/proper/src/proper_transformer.erl'
Error generating type specs for "/home/pete/wefwefwef/docs/other/7992459297/proper-branch-upstream-master/proper/src/proper_transformer.erl"
Generating Type Specs - "/home/pete/wefwefwef/docs/other/7992459297/proper-branch-upstream-master/proper/src/proper_types.erl"
/home/pete/wefwefwef/docs/other/7992459297/proper-branch-upstream-master/proper/src/proper_types.erl: at line 26: can't find include file "compile_flags.hrl"
EDoc could not process file '/home/pete/wefwefwef/docs/other/7992459297/proper-branch-upstream-master/proper/src/proper_types.erl'
Error generating type specs for "/home/pete/wefwefwef/docs/other/7992459297/proper-branch-upstream-master/proper/src/proper_types.erl"
Generating Type Specs - "/home/pete/wefwefwef/docs/other/7992459297/proper-branch-upstream-master/proper/src/proper_typeserver.erl"
/home/pete/wefwefwef/docs/other/7992459297/proper-branch-upstream-master/proper/src/proper_typeserver.erl: at line 26: can't find include file "compile_flags.hrl"
EDoc could not process file '/home/pete/wefwefwef/docs/other/7992459297/proper-branch-upstream-master/proper/src/proper_typeserver.erl'
Error generating type specs for "/home/pete/wefwefwef/docs/other/7992459297/proper-branch-upstream-master/proper/src/proper_typeserver.erl"
Generating Type Specs - "/home/pete/wefwefwef/docs/other/7992459297/proper-branch-upstream-master/proper/src/proper_unicode.erl"
Generating Type Specs - "/home/pete/wefwefwef/docs/other/7992459297/proper-branch-upstream-master/proper/src/strip_types.erl"
Generating Type Specs - "/home/pete/wefwefwef/docs/other/7992459297/proper-branch-upstream-master/proper/src/vararg.erl"
/home/pete/wefwefwef/docs/other/7992459297/proper-branch-upstream-master/proper/src/vararg.erl: at line 26: can't find include file "compile_flags.hrl"
EDoc could not process file '/home/pete/wefwefwef/docs/other/7992459297/proper-branch-upstream-master/proper/src/vararg.erl'
Error generating type specs for "/home/pete/wefwefwef/docs/other/7992459297/proper-branch-upstream-master/proper/src/vararg.erl"
Generating XML for application proper "/home/pete/wefwefwef/docs/other/7992459297/proper-branch-upstream-master/proper" -> "/home/pete/wefwefwef/docs/other/7992459297/repo/upstream-master/.xml/proper"
/home/pete/wefwefwef/docs/other/7992459297/proper-branch-upstream-master/proper/src/proper_types.erl: at line 26: can't find include file "compile_flags.hrl"
edoc: skipping source file '/home/pete/wefwefwef/docs/other/7992459297/proper-branch-upstream-master/proper/src/proper_types.erl': {'EXIT',
                                                                                                                              error}.
/home/pete/wefwefwef/docs/other/7992459297/proper-branch-upstream-master/proper/src/proper_typeserver.erl: at line 26: can't find include file "compile_flags.hrl"
edoc: skipping source file '/home/pete/wefwefwef/docs/other/7992459297/proper-branch-upstream-master/proper/src/proper_typeserver.erl': {'EXIT',
                                                                                                                                   error}.
/home/pete/wefwefwef/docs/other/7992459297/proper-branch-upstream-master/proper/src/vararg.erl: at line 26: can't find include file "compile_flags.hrl"
edoc: skipping source file '/home/pete/wefwefwef/docs/other/7992459297/proper-branch-upstream-master/proper/src/vararg.erl': {'EXIT',
                                                                                                                        error}.
/home/pete/wefwefwef/docs/other/7992459297/proper-branch-upstream-master/proper/src/proper_symb.erl: at line 26: can't find include file "compile_flags.hrl"
edoc: skipping source file '/home/pete/wefwefwef/docs/other/7992459297/proper-branch-upstream-master/proper/src/proper_symb.erl': {'EXIT',
                                                                                                                             error}.
/home/pete/wefwefwef/docs/other/7992459297/proper-branch-upstream-master/proper/src/proper_queue.erl: at line 26: can't find include file "compile_flags.hrl"
edoc: skipping source file '/home/pete/wefwefwef/docs/other/7992459297/proper-branch-upstream-master/proper/src/proper_queue.erl': {'EXIT',
                                                                                                                              error}.
/home/pete/wefwefwef/docs/other/7992459297/proper-branch-upstream-master/proper/src/proper_gen.erl: at line 26: can't find include file "compile_flags.hrl"
edoc: skipping source file '/home/pete/wefwefwef/docs/other/7992459297/proper-branch-upstream-master/proper/src/proper_gen.erl': {'EXIT',
                                                                                                                            error}.
/home/pete/wefwefwef/docs/other/7992459297/proper-branch-upstream-master/proper/src/proper_unicode.erl, function unicode_codepoint/1: at line 47: warning: tag @private_type not recognized.
/home/pete/wefwefwef/docs/other/7992459297/proper-branch-upstream-master/proper/src/proper_unicode.erl, function unicode_codepoint/1: at line 48: warning: tag @alias not recognized.
/home/pete/wefwefwef/docs/other/7992459297/proper-branch-upstream-master/proper/src/proper_arith.erl: at line 26: can't find include file "compile_flags.hrl"
edoc: skipping source file '/home/pete/wefwefwef/docs/other/7992459297/proper-branch-upstream-master/proper/src/proper_arith.erl': {'EXIT',
                                                                                                                              error}.
/home/pete/wefwefwef/docs/other/7992459297/proper-branch-upstream-master/proper/src/proper_fsm.erl: at line 26: can't find include file "compile_flags.hrl"
edoc: skipping source file '/home/pete/wefwefwef/docs/other/7992459297/proper-branch-upstream-master/proper/src/proper_fsm.erl': {'EXIT',
                                                                                                                            error}.
/home/pete/wefwefwef/docs/other/7992459297/proper-branch-upstream-master/proper/src/proper_shrink.erl: at line 26: can't find include file "compile_flags.hrl"
edoc: skipping source file '/home/pete/wefwefwef/docs/other/7992459297/proper-branch-upstream-master/proper/src/proper_shrink.erl': {'EXIT',
                                                                                                                               error}.
/home/pete/wefwefwef/docs/other/7992459297/proper-branch-upstream-master/proper/src/proper_array.erl: at line 26: can't find include file "compile_flags.hrl"
edoc: skipping source file '/home/pete/wefwefwef/docs/other/7992459297/proper-branch-upstream-master/proper/src/proper_array.erl': {'EXIT',
                                                                                                                              error}.
/home/pete/wefwefwef/docs/other/7992459297/proper-branch-upstream-master/proper/src/proper_transformer.erl: at line 26: can't find include file "compile_flags.hrl"
edoc: skipping source file '/home/pete/wefwefwef/docs/other/7992459297/proper-branch-upstream-master/proper/src/proper_transformer.erl': {'EXIT',
                                                                                                                                    error}.
/home/pete/wefwefwef/docs/other/7992459297/proper-branch-upstream-master/proper/src/proper_gb_trees.erl: at line 26: can't find include file "compile_flags.hrl"
edoc: skipping source file '/home/pete/wefwefwef/docs/other/7992459297/proper-branch-upstream-master/proper/src/proper_gb_trees.erl': {'EXIT',
                                                                                                                                 error}.
/home/pete/wefwefwef/docs/other/7992459297/proper-branch-upstream-master/proper/src/proper_orddict.erl: at line 26: can't find include file "compile_flags.hrl"
edoc: skipping source file '/home/pete/wefwefwef/docs/other/7992459297/proper-branch-upstream-master/proper/src/proper_orddict.erl': {'EXIT',
                                                                                                                                error}.
/home/pete/wefwefwef/docs/other/7992459297/proper-branch-upstream-master/proper/src/proper_sets.erl: at line 26: can't find include file "compile_flags.hrl"
edoc: skipping source file '/home/pete/wefwefwef/docs/other/7992459297/proper-branch-upstream-master/proper/src/proper_sets.erl': {'EXIT',
                                                                                                                             error}.
/home/pete/wefwefwef/docs/other/7992459297/proper-branch-upstream-master/proper/src/proper_prop_remover.erl: at line 26: can't find include file "compile_flags.hrl"
edoc: skipping source file '/home/pete/wefwefwef/docs/other/7992459297/proper-branch-upstream-master/proper/src/proper_prop_remover.erl': {'EXIT',
                                                                                                                                     error}.
/home/pete/wefwefwef/docs/other/7992459297/proper-branch-upstream-master/proper/src/proper_gb_sets.erl: at line 26: can't find include file "compile_flags.hrl"
edoc: skipping source file '/home/pete/wefwefwef/docs/other/7992459297/proper-branch-upstream-master/proper/src/proper_gb_sets.erl': {'EXIT',
                                                                                                                                error}.
/home/pete/wefwefwef/docs/other/7992459297/proper-branch-upstream-master/proper/src/proper.erl: at line 26: can't find include file "compile_flags.hrl"
edoc: skipping source file '/home/pete/wefwefwef/docs/other/7992459297/proper-branch-upstream-master/proper/src/proper.erl': {'EXIT',
                                                                                                                        error}.
/home/pete/wefwefwef/docs/other/7992459297/proper-branch-upstream-master/proper/src/proper_ordsets.erl: at line 26: can't find include file "compile_flags.hrl"
edoc: skipping source file '/home/pete/wefwefwef/docs/other/7992459297/proper-branch-upstream-master/proper/src/proper_ordsets.erl': {'EXIT',
                                                                                                                                error}.
/home/pete/wefwefwef/docs/other/7992459297/proper-branch-upstream-master/proper/src/proper_statem.erl: at line 26: can't find include file "compile_flags.hrl"
edoc: skipping source file '/home/pete/wefwefwef/docs/other/7992459297/proper-branch-upstream-master/proper/src/proper_statem.erl': {'EXIT',
                                                                                                                               error}.
/home/pete/wefwefwef/docs/other/7992459297/proper-branch-upstream-master/proper/src/proper_dict.erl: at line 26: can't find include file "compile_flags.hrl"
edoc: skipping source file '/home/pete/wefwefwef/docs/other/7992459297/proper-branch-upstream-master/proper/src/proper_dict.erl': {'EXIT',
                                                                                                                             error}.
edoc: error in doclet 'edoc_doclet': {'EXIT',error}.
Error generating proper XMLs. Using fallback ...
Generating XML proper - proper "/home/pete/wefwefwef/docs/other/7992459297/proper-branch-upstream-master/proper/src/proper.erl" -> "/home/pete/wefwefwef/docs/other/7992459297/repo/upstream-master/.xml/proper/proper.xml"
/home/pete/wefwefwef/docs/other/7992459297/proper-branch-upstream-master/proper/src/proper.erl: at line 26: can't find include file "compile_flags.hrl"
Error generating XML ("/home/pete/wefwefwef/docs/other/7992459297/proper-branch-upstream-master/proper/src/proper.erl"): {'EXIT',
                                                                                                                          error}
Generating XML proper - proper_arith "/home/pete/wefwefwef/docs/other/7992459297/proper-branch-upstream-master/proper/src/proper_arith.erl" -> "/home/pete/wefwefwef/docs/other/7992459297/repo/upstream-master/.xml/proper/proper_arith.xml"
/home/pete/wefwefwef/docs/other/7992459297/proper-branch-upstream-master/proper/src/proper_arith.erl: at line 26: can't find include file "compile_flags.hrl"
Error generating XML ("/home/pete/wefwefwef/docs/other/7992459297/proper-branch-upstream-master/proper/src/proper_arith.erl"): {'EXIT',
                                                                                                                                error}
Generating XML proper - proper_array "/home/pete/wefwefwef/docs/other/7992459297/proper-branch-upstream-master/proper/src/proper_array.erl" -> "/home/pete/wefwefwef/docs/other/7992459297/repo/upstream-master/.xml/proper/proper_array.xml"
/home/pete/wefwefwef/docs/other/7992459297/proper-branch-upstream-master/proper/src/proper_array.erl: at line 26: can't find include file "compile_flags.hrl"
Error generating XML ("/home/pete/wefwefwef/docs/other/7992459297/proper-branch-upstream-master/proper/src/proper_array.erl"): {'EXIT',
                                                                                                                                error}
Generating XML proper - proper_dict "/home/pete/wefwefwef/docs/other/7992459297/proper-branch-upstream-master/proper/src/proper_dict.erl" -> "/home/pete/wefwefwef/docs/other/7992459297/repo/upstream-master/.xml/proper/proper_dict.xml"
/home/pete/wefwefwef/docs/other/7992459297/proper-branch-upstream-master/proper/src/proper_dict.erl: at line 26: can't find include file "compile_flags.hrl"
Error generating XML ("/home/pete/wefwefwef/docs/other/7992459297/proper-branch-upstream-master/proper/src/proper_dict.erl"): {'EXIT',
                                                                                                                               error}
Generating XML proper - proper_fsm "/home/pete/wefwefwef/docs/other/7992459297/proper-branch-upstream-master/proper/src/proper_fsm.erl" -> "/home/pete/wefwefwef/docs/other/7992459297/repo/upstream-master/.xml/proper/proper_fsm.xml"
/home/pete/wefwefwef/docs/other/7992459297/proper-branch-upstream-master/proper/src/proper_fsm.erl: at line 26: can't find include file "compile_flags.hrl"
Error generating XML ("/home/pete/wefwefwef/docs/other/7992459297/proper-branch-upstream-master/proper/src/proper_fsm.erl"): {'EXIT',
                                                                                                                              error}
Generating XML proper - proper_gb_sets "/home/pete/wefwefwef/docs/other/7992459297/proper-branch-upstream-master/proper/src/proper_gb_sets.erl" -> "/home/pete/wefwefwef/docs/other/7992459297/repo/upstream-master/.xml/proper/proper_gb_sets.xml"
/home/pete/wefwefwef/docs/other/7992459297/proper-branch-upstream-master/proper/src/proper_gb_sets.erl: at line 26: can't find include file "compile_flags.hrl"
Error generating XML ("/home/pete/wefwefwef/docs/other/7992459297/proper-branch-upstream-master/proper/src/proper_gb_sets.erl"): {'EXIT',
                                                                                                                                  error}
Generating XML proper - proper_gb_trees "/home/pete/wefwefwef/docs/other/7992459297/proper-branch-upstream-master/proper/src/proper_gb_trees.erl" -> "/home/pete/wefwefwef/docs/other/7992459297/repo/upstream-master/.xml/proper/proper_gb_trees.xml"
/home/pete/wefwefwef/docs/other/7992459297/proper-branch-upstream-master/proper/src/proper_gb_trees.erl: at line 26: can't find include file "compile_flags.hrl"
Error generating XML ("/home/pete/wefwefwef/docs/other/7992459297/proper-branch-upstream-master/proper/src/proper_gb_trees.erl"): {'EXIT',
                                                                                                                                   error}
Generating XML proper - proper_gen "/home/pete/wefwefwef/docs/other/7992459297/proper-branch-upstream-master/proper/src/proper_gen.erl" -> "/home/pete/wefwefwef/docs/other/7992459297/repo/upstream-master/.xml/proper/proper_gen.xml"
/home/pete/wefwefwef/docs/other/7992459297/proper-branch-upstream-master/proper/src/proper_gen.erl: at line 26: can't find include file "compile_flags.hrl"
Error generating XML ("/home/pete/wefwefwef/docs/other/7992459297/proper-branch-upstream-master/proper/src/proper_gen.erl"): {'EXIT',
                                                                                                                              error}
Generating XML proper - proper_orddict "/home/pete/wefwefwef/docs/other/7992459297/proper-branch-upstream-master/proper/src/proper_orddict.erl" -> "/home/pete/wefwefwef/docs/other/7992459297/repo/upstream-master/.xml/proper/proper_orddict.xml"
/home/pete/wefwefwef/docs/other/7992459297/proper-branch-upstream-master/proper/src/proper_orddict.erl: at line 26: can't find include file "compile_flags.hrl"
Error generating XML ("/home/pete/wefwefwef/docs/other/7992459297/proper-branch-upstream-master/proper/src/proper_orddict.erl"): {'EXIT',
                                                                                                                                  error}
Generating XML proper - proper_ordsets "/home/pete/wefwefwef/docs/other/7992459297/proper-branch-upstream-master/proper/src/proper_ordsets.erl" -> "/home/pete/wefwefwef/docs/other/7992459297/repo/upstream-master/.xml/proper/proper_ordsets.xml"
/home/pete/wefwefwef/docs/other/7992459297/proper-branch-upstream-master/proper/src/proper_ordsets.erl: at line 26: can't find include file "compile_flags.hrl"
Error generating XML ("/home/pete/wefwefwef/docs/other/7992459297/proper-branch-upstream-master/proper/src/proper_ordsets.erl"): {'EXIT',
                                                                                                                                  error}
Generating XML proper - proper_prop_remover "/home/pete/wefwefwef/docs/other/7992459297/proper-branch-upstream-master/proper/src/proper_prop_remover.erl" -> "/home/pete/wefwefwef/docs/other/7992459297/repo/upstream-master/.xml/proper/proper_prop_remover.xml"
/home/pete/wefwefwef/docs/other/7992459297/proper-branch-upstream-master/proper/src/proper_prop_remover.erl: at line 26: can't find include file "compile_flags.hrl"
Error generating XML ("/home/pete/wefwefwef/docs/other/7992459297/proper-branch-upstream-master/proper/src/proper_prop_remover.erl"): {'EXIT',
                                                                                                                                       error}
Generating XML proper - proper_queue "/home/pete/wefwefwef/docs/other/7992459297/proper-branch-upstream-master/proper/src/proper_queue.erl" -> "/home/pete/wefwefwef/docs/other/7992459297/repo/upstream-master/.xml/proper/proper_queue.xml"
/home/pete/wefwefwef/docs/other/7992459297/proper-branch-upstream-master/proper/src/proper_queue.erl: at line 26: can't find include file "compile_flags.hrl"
Error generating XML ("/home/pete/wefwefwef/docs/other/7992459297/proper-branch-upstream-master/proper/src/proper_queue.erl"): {'EXIT',
                                                                                                                                error}
Generating XML proper - proper_sets "/home/pete/wefwefwef/docs/other/7992459297/proper-branch-upstream-master/proper/src/proper_sets.erl" -> "/home/pete/wefwefwef/docs/other/7992459297/repo/upstream-master/.xml/proper/proper_sets.xml"
/home/pete/wefwefwef/docs/other/7992459297/proper-branch-upstream-master/proper/src/proper_sets.erl: at line 26: can't find include file "compile_flags.hrl"
Error generating XML ("/home/pete/wefwefwef/docs/other/7992459297/proper-branch-upstream-master/proper/src/proper_sets.erl"): {'EXIT',
                                                                                                                               error}
Generating XML proper - proper_shrink "/home/pete/wefwefwef/docs/other/7992459297/proper-branch-upstream-master/proper/src/proper_shrink.erl" -> "/home/pete/wefwefwef/docs/other/7992459297/repo/upstream-master/.xml/proper/proper_shrink.xml"
/home/pete/wefwefwef/docs/other/7992459297/proper-branch-upstream-master/proper/src/proper_shrink.erl: at line 26: can't find include file "compile_flags.hrl"
Error generating XML ("/home/pete/wefwefwef/docs/other/7992459297/proper-branch-upstream-master/proper/src/proper_shrink.erl"): {'EXIT',
                                                                                                                                 error}
Generating XML proper - proper_statem "/home/pete/wefwefwef/docs/other/7992459297/proper-branch-upstream-master/proper/src/proper_statem.erl" -> "/home/pete/wefwefwef/docs/other/7992459297/repo/upstream-master/.xml/proper/proper_statem.xml"
/home/pete/wefwefwef/docs/other/7992459297/proper-branch-upstream-master/proper/src/proper_statem.erl: at line 26: can't find include file "compile_flags.hrl"
Error generating XML ("/home/pete/wefwefwef/docs/other/7992459297/proper-branch-upstream-master/proper/src/proper_statem.erl"): {'EXIT',
                                                                                                                                 error}
Generating XML proper - proper_symb "/home/pete/wefwefwef/docs/other/7992459297/proper-branch-upstream-master/proper/src/proper_symb.erl" -> "/home/pete/wefwefwef/docs/other/7992459297/repo/upstream-master/.xml/proper/proper_symb.xml"
/home/pete/wefwefwef/docs/other/7992459297/proper-branch-upstream-master/proper/src/proper_symb.erl: at line 26: can't find include file "compile_flags.hrl"
Error generating XML ("/home/pete/wefwefwef/docs/other/7992459297/proper-branch-upstream-master/proper/src/proper_symb.erl"): {'EXIT',
                                                                                                                               error}
Generating XML proper - proper_transformer "/home/pete/wefwefwef/docs/other/7992459297/proper-branch-upstream-master/proper/src/proper_transformer.erl" -> "/home/pete/wefwefwef/docs/other/7992459297/repo/upstream-master/.xml/proper/proper_transformer.xml"
/home/pete/wefwefwef/docs/other/7992459297/proper-branch-upstream-master/proper/src/proper_transformer.erl: at line 26: can't find include file "compile_flags.hrl"
Error generating XML ("/home/pete/wefwefwef/docs/other/7992459297/proper-branch-upstream-master/proper/src/proper_transformer.erl"): {'EXIT',
                                                                                                                                      error}
Generating XML proper - proper_types "/home/pete/wefwefwef/docs/other/7992459297/proper-branch-upstream-master/proper/src/proper_types.erl" -> "/home/pete/wefwefwef/docs/other/7992459297/repo/upstream-master/.xml/proper/proper_types.xml"
/home/pete/wefwefwef/docs/other/7992459297/proper-branch-upstream-master/proper/src/proper_types.erl: at line 26: can't find include file "compile_flags.hrl"
Error generating XML ("/home/pete/wefwefwef/docs/other/7992459297/proper-branch-upstream-master/proper/src/proper_types.erl"): {'EXIT',
                                                                                                                                error}
Generating XML proper - proper_typeserver "/home/pete/wefwefwef/docs/other/7992459297/proper-branch-upstream-master/proper/src/proper_typeserver.erl" -> "/home/pete/wefwefwef/docs/other/7992459297/repo/upstream-master/.xml/proper/proper_typeserver.xml"
/home/pete/wefwefwef/docs/other/7992459297/proper-branch-upstream-master/proper/src/proper_typeserver.erl: at line 26: can't find include file "compile_flags.hrl"
Error generating XML ("/home/pete/wefwefwef/docs/other/7992459297/proper-branch-upstream-master/proper/src/proper_typeserver.erl"): {'EXIT',
                                                                                                                                     error}
Generating XML proper - proper_unicode "/home/pete/wefwefwef/docs/other/7992459297/proper-branch-upstream-master/proper/src/proper_unicode.erl" -> "/home/pete/wefwefwef/docs/other/7992459297/repo/upstream-master/.xml/proper/proper_unicode.xml"
/home/pete/wefwefwef/docs/other/7992459297/proper-branch-upstream-master/proper/src/proper_unicode.erl, function unicode_codepoint/1: at line 47: warning: tag @private_type not recognized.
/home/pete/wefwefwef/docs/other/7992459297/proper-branch-upstream-master/proper/src/proper_unicode.erl, function unicode_codepoint/1: at line 48: warning: tag @alias not recognized.
Generating XML proper - strip_types "/home/pete/wefwefwef/docs/other/7992459297/proper-branch-upstream-master/proper/src/strip_types.erl" -> "/home/pete/wefwefwef/docs/other/7992459297/repo/upstream-master/.xml/proper/strip_types.xml"
Generating XML proper - vararg "/home/pete/wefwefwef/docs/other/7992459297/proper-branch-upstream-master/proper/src/vararg.erl" -> "/home/pete/wefwefwef/docs/other/7992459297/repo/upstream-master/.xml/proper/vararg.xml"
/home/pete/wefwefwef/docs/other/7992459297/proper-branch-upstream-master/proper/src/vararg.erl: at line 26: can't find include file "compile_flags.hrl"
Error generating XML ("/home/pete/wefwefwef/docs/other/7992459297/proper-branch-upstream-master/proper/src/vararg.erl"): {'EXIT',
                                                                                                                          error}
Generating HTML - proper_unicode "/home/pete/wefwefwef/docs/other/7992459297/repo/upstream-master/.xml/proper/proper_unicode.xml"
Reading XML for "/home/pete/wefwefwef/docs/other/7992459297/repo/upstream-master/.xml/proper/proper_unicode.xml"
Reading XML for "/home/pete/wefwefwef/docs/other/7992459297/repo/upstream-master/.xml/specs_proper_unicode.xml"
Generating HTML - strip_types "/home/pete/wefwefwef/docs/other/7992459297/repo/upstream-master/.xml/proper/strip_types.xml"
Reading XML for "/home/pete/wefwefwef/docs/other/7992459297/repo/upstream-master/.xml/proper/strip_types.xml"
Reading XML for "/home/pete/wefwefwef/docs/other/7992459297/repo/upstream-master/.xml/specs_strip_types.xml"
Creating index.html ...
Creating erldocs_index.js ...
Woot, finished in 0 Minutes 3 Seconds
 :: Discovering other repos
$ 5000  `rm -r '/home/pete/wefwefwef/docs/other/7992459297/proper-branch-upstream-master'  2>&1`
 :: Erldocs finishing up
$ 5000  `rm -r '/home/pete/wefwefwef/docs/other/7992459297/proper'  2>&1`
