 :: Extracting meta information
$ 5000  `git ls-remote --heads --tags 'https://github.com/horkhe/meck'  2>&1`
>>> [repo] 6 branches, 9 tags
 :: Writing meta to "/home/pete/wefwefwef/docs/other/13900689/meta.txt"
 :: Processing https://github.com/horkhe/meck	{rev,tag,"0.5","3bdbb81831543476c5840d754555b8a22dd5b5af",undefined,[],[]}
 :: Fetching repo code
$ cd "/home/pete/wefwefwef/docs/other/13900689/meck-tag-0.5/meck"
$ infinity  `curl --fail --silent --show-error --location --output '0.5.zip' 'https://github.com/horkhe/meck/archive/0.5.zip'  2>&1`
$ cd "/home/pete/wefwefwef/docs/erldocs_other.git"
$ cd "/home/pete/wefwefwef/docs/other/13900689/meck-tag-0.5/meck"
$ 5000  `find -P . -type l -delete  2>&1`
$ cd "/home/pete/wefwefwef/docs/erldocs_other.git"
$ cd "/home/pete/wefwefwef/docs/other/13900689/meck-tag-0.5/meck"
$ 5000  `find 'meck-0.5' -mindepth 1 -maxdepth 1 -exec mv -t . -- {} +  2>&1`
$ cd "/home/pete/wefwefwef/docs/erldocs_other.git"
 :: Getting dependencies
$ cd "/home/pete/wefwefwef/docs/other/13900689/meck-tag-0.5/meck"
$ 5000  `ls -1 deps/  2>&1`
$ cd "/home/pete/wefwefwef/docs/erldocs_other.git"
>>> [rebar] deps = []
 :: Generating erldocs into /home/pete/wefwefwef/docs/other/13900689/repo/0.5
Building meck
Generating Type Specs - "/home/pete/wefwefwef/docs/other/13900689/meck-tag-0.5/meck/src/meck.erl"
EDoc could not process file '/home/pete/wefwefwef/docs/other/13900689/meck-tag-0.5/meck/src/meck.erl'
Error generating type specs for "/home/pete/wefwefwef/docs/other/13900689/meck-tag-0.5/meck/src/meck.erl"
Generating XML for application meck "/home/pete/wefwefwef/docs/other/13900689/meck-tag-0.5/meck" -> "/home/pete/wefwefwef/docs/other/13900689/repo/0.5/.xml/meck"
/home/pete/wefwefwef/docs/other/13900689/meck-tag-0.5/meck/src/meck.erl, in module header: at line 19: error in XML parser: {system_limit,[{ets,new,[rules,[set|...]],[]},
                                    {xmerl_scan,initial_state,2,[{...}|...]},
                                    {xmerl_scan,int_string,4,[...]},
                                    {xmerl_scan,string,2,...},
                                    {edoc_wiki,parse_xml_1,...},
                                    {edoc_wiki,...},
                                    {...}|...]}.
edoc: skipping source file '/home/pete/wefwefwef/docs/other/13900689/meck-tag-0.5/meck/src/meck.erl': {'EXIT',
                                                                                                 error}.
/home/pete/wefwefwef/docs/other/13900689/meck-tag-0.5/meck/doc/overview.edoc: at line 22: error in XML parser: {system_limit,[{ets,new,[rules,[set|...]],[]},
                                    {xmerl_scan,initial_state,2,[{...}|...]},
                                    {xmerl_scan,int_string,4,[...]},
                                    {xmerl_scan,string,2,...},
                                    {edoc_wiki,parse_xml_1,...},
                                    {edoc_wiki,...},
                                    {...}|...]}.
edoc: error in doclet 'edoc_doclet': {'EXIT',error}.
Error generating meck XMLs. Using fallback ...
Generating XML meck - meck "/home/pete/wefwefwef/docs/other/13900689/meck-tag-0.5/meck/src/meck.erl" -> "/home/pete/wefwefwef/docs/other/13900689/repo/0.5/.xml/meck/meck.xml"
/home/pete/wefwefwef/docs/other/13900689/meck-tag-0.5/meck/src/meck.erl, in module header: at line 19: error in XML parser: {system_limit,[{ets,new,[rules,[set|...]],[]},
                                    {xmerl_scan,initial_state,2,[{...}|...]},
                                    {xmerl_scan,int_string,4,[...]},
                                    {xmerl_scan,string,2,...},
                                    {edoc_wiki,parse_xml_1,...},
                                    {edoc_wiki,...},
                                    {...}|...]}.
Error generating XML ("/home/pete/wefwefwef/docs/other/13900689/meck-tag-0.5/meck/src/meck.erl"): {'EXIT',
                                                                                                   error}
No documentation was generated!
Woot, finished in 0 Minutes 0 Seconds
 :: Discovering other repos
$ 5000  `rm -r '/home/pete/wefwefwef/docs/other/13900689/meck-tag-0.5'  2>&1`
 :: Processing https://github.com/horkhe/meck	{rev,tag,"0.5.1","d07a2d36d38c60ca697629d59d67298d396fab6a",undefined,[],[]}
 :: Fetching repo code
$ cd "/home/pete/wefwefwef/docs/other/13900689/meck-tag-0.5.1/meck"
$ infinity  `curl --fail --silent --show-error --location --output '0.5.1.zip' 'https://github.com/horkhe/meck/archive/0.5.1.zip'  2>&1`
$ cd "/home/pete/wefwefwef/docs/erldocs_other.git"
$ cd "/home/pete/wefwefwef/docs/other/13900689/meck-tag-0.5.1/meck"
$ 5000  `find -P . -type l -delete  2>&1`
$ cd "/home/pete/wefwefwef/docs/erldocs_other.git"
$ cd "/home/pete/wefwefwef/docs/other/13900689/meck-tag-0.5.1/meck"
$ 5000  `find 'meck-0.5.1' -mindepth 1 -maxdepth 1 -exec mv -t . -- {} +  2>&1`
$ cd "/home/pete/wefwefwef/docs/erldocs_other.git"
 :: Getting dependencies
$ cd "/home/pete/wefwefwef/docs/other/13900689/meck-tag-0.5.1/meck"
$ 5000  `ls -1 deps/  2>&1`
$ cd "/home/pete/wefwefwef/docs/erldocs_other.git"
>>> [rebar] deps = []
 :: Generating erldocs into /home/pete/wefwefwef/docs/other/13900689/repo/0.5.1
Building meck
Generating Type Specs - "/home/pete/wefwefwef/docs/other/13900689/meck-tag-0.5.1/meck/src/meck.erl"
EDoc could not process file '/home/pete/wefwefwef/docs/other/13900689/meck-tag-0.5.1/meck/src/meck.erl'
Error generating type specs for "/home/pete/wefwefwef/docs/other/13900689/meck-tag-0.5.1/meck/src/meck.erl"
Generating XML for application meck "/home/pete/wefwefwef/docs/other/13900689/meck-tag-0.5.1/meck" -> "/home/pete/wefwefwef/docs/other/13900689/repo/0.5.1/.xml/meck"
/home/pete/wefwefwef/docs/other/13900689/meck-tag-0.5.1/meck/src/meck.erl, in module header: at line 19: error in XML parser: {system_limit,[{ets,new,[rules,[set|...]],[]},
                                    {xmerl_scan,initial_state,2,[{...}|...]},
                                    {xmerl_scan,int_string,4,[...]},
                                    {xmerl_scan,string,2,...},
                                    {edoc_wiki,parse_xml_1,...},
                                    {edoc_wiki,...},
                                    {...}|...]}.
edoc: skipping source file '/home/pete/wefwefwef/docs/other/13900689/meck-tag-0.5.1/meck/src/meck.erl': {'EXIT',
                                                                                                   error}.
/home/pete/wefwefwef/docs/other/13900689/meck-tag-0.5.1/meck/doc/overview.edoc: at line 22: error in XML parser: {system_limit,[{ets,new,[rules,[set|...]],[]},
                                    {xmerl_scan,initial_state,2,[{...}|...]},
                                    {xmerl_scan,int_string,4,[...]},
                                    {xmerl_scan,string,2,...},
                                    {edoc_wiki,parse_xml_1,...},
                                    {edoc_wiki,...},
                                    {...}|...]}.
edoc: error in doclet 'edoc_doclet': {'EXIT',error}.
Error generating meck XMLs. Using fallback ...
Generating XML meck - meck "/home/pete/wefwefwef/docs/other/13900689/meck-tag-0.5.1/meck/src/meck.erl" -> "/home/pete/wefwefwef/docs/other/13900689/repo/0.5.1/.xml/meck/meck.xml"
/home/pete/wefwefwef/docs/other/13900689/meck-tag-0.5.1/meck/src/meck.erl, in module header: at line 19: error in XML parser: {system_limit,[{ets,new,[rules,[set|...]],[]},
                                    {xmerl_scan,initial_state,2,[{...}|...]},
                                    {xmerl_scan,int_string,4,[...]},
                                    {xmerl_scan,string,2,...},
                                    {edoc_wiki,parse_xml_1,...},
                                    {edoc_wiki,...},
                                    {...}|...]}.
Error generating XML ("/home/pete/wefwefwef/docs/other/13900689/meck-tag-0.5.1/meck/src/meck.erl"): {'EXIT',
                                                                                                     error}
No documentation was generated!
Woot, finished in 0 Minutes 0 Seconds
 :: Discovering other repos
$ 5000  `rm -r '/home/pete/wefwefwef/docs/other/13900689/meck-tag-0.5.1'  2>&1`
 :: Processing https://github.com/horkhe/meck	{rev,tag,"0.6","8d86012c851b7ee6eb26831f1822129ee82c8f2e",undefined,[],[]}
 :: Fetching repo code
$ cd "/home/pete/wefwefwef/docs/other/13900689/meck-tag-0.6/meck"
$ infinity  `curl --fail --silent --show-error --location --output '0.6.zip' 'https://github.com/horkhe/meck/archive/0.6.zip'  2>&1`
$ cd "/home/pete/wefwefwef/docs/erldocs_other.git"
$ cd "/home/pete/wefwefwef/docs/other/13900689/meck-tag-0.6/meck"
$ 5000  `find -P . -type l -delete  2>&1`
$ cd "/home/pete/wefwefwef/docs/erldocs_other.git"
$ cd "/home/pete/wefwefwef/docs/other/13900689/meck-tag-0.6/meck"
$ 5000  `find 'meck-0.6' -mindepth 1 -maxdepth 1 -exec mv -t . -- {} +  2>&1`
$ cd "/home/pete/wefwefwef/docs/erldocs_other.git"
 :: Getting dependencies
$ cd "/home/pete/wefwefwef/docs/other/13900689/meck-tag-0.6/meck"
$ 5000  `ls -1 deps/  2>&1`
$ cd "/home/pete/wefwefwef/docs/erldocs_other.git"
>>> [rebar] deps = []
 :: Generating erldocs into /home/pete/wefwefwef/docs/other/13900689/repo/0.6
Building meck
Generating Type Specs - "/home/pete/wefwefwef/docs/other/13900689/meck-tag-0.6/meck/src/meck.erl"
EDoc could not process file '/home/pete/wefwefwef/docs/other/13900689/meck-tag-0.6/meck/src/meck.erl'
Error generating type specs for "/home/pete/wefwefwef/docs/other/13900689/meck-tag-0.6/meck/src/meck.erl"
Generating Type Specs - "/home/pete/wefwefwef/docs/other/13900689/meck-tag-0.6/meck/src/meck_mod.erl"
EDoc could not process file '/home/pete/wefwefwef/docs/other/13900689/meck-tag-0.6/meck/src/meck_mod.erl'
Error generating type specs for "/home/pete/wefwefwef/docs/other/13900689/meck-tag-0.6/meck/src/meck_mod.erl"
Generating XML for application meck "/home/pete/wefwefwef/docs/other/13900689/meck-tag-0.6/meck" -> "/home/pete/wefwefwef/docs/other/13900689/repo/0.6/.xml/meck"
/home/pete/wefwefwef/docs/other/13900689/meck-tag-0.6/meck/src/meck_mod.erl, in module header: at line 19: error in XML parser: {system_limit,[{ets,new,[rules,[set|...]],[]},
                                    {xmerl_scan,initial_state,2,[{...}|...]},
                                    {xmerl_scan,int_string,4,[...]},
                                    {xmerl_scan,string,2,...},
                                    {edoc_wiki,parse_xml_1,...},
                                    {edoc_wiki,...},
                                    {...}|...]}.
edoc: skipping source file '/home/pete/wefwefwef/docs/other/13900689/meck-tag-0.6/meck/src/meck_mod.erl': {'EXIT',
                                                                                                     error}.
/home/pete/wefwefwef/docs/other/13900689/meck-tag-0.6/meck/src/meck.erl, in module header: at line 19: error in XML parser: {system_limit,[{ets,new,[rules,[set|...]],[]},
                                    {xmerl_scan,initial_state,2,[{...}|...]},
                                    {xmerl_scan,int_string,4,[...]},
                                    {xmerl_scan,string,2,...},
                                    {edoc_wiki,parse_xml_1,...},
                                    {edoc_wiki,...},
                                    {...}|...]}.
edoc: skipping source file '/home/pete/wefwefwef/docs/other/13900689/meck-tag-0.6/meck/src/meck.erl': {'EXIT',
                                                                                                 error}.
/home/pete/wefwefwef/docs/other/13900689/meck-tag-0.6/meck/doc/overview.edoc: at line 22: error in XML parser: {system_limit,[{ets,new,[rules,[set|...]],[]},
                                    {xmerl_scan,initial_state,2,[{...}|...]},
                                    {xmerl_scan,int_string,4,[...]},
                                    {xmerl_scan,string,2,...},
                                    {edoc_wiki,parse_xml_1,...},
                                    {edoc_wiki,...},
                                    {...}|...]}.
edoc: error in doclet 'edoc_doclet': {'EXIT',error}.
Error generating meck XMLs. Using fallback ...
Generating XML meck - meck "/home/pete/wefwefwef/docs/other/13900689/meck-tag-0.6/meck/src/meck.erl" -> "/home/pete/wefwefwef/docs/other/13900689/repo/0.6/.xml/meck/meck.xml"
/home/pete/wefwefwef/docs/other/13900689/meck-tag-0.6/meck/src/meck.erl, in module header: at line 19: error in XML parser: {system_limit,[{ets,new,[rules,[set|...]],[]},
                                    {xmerl_scan,initial_state,2,[{...}|...]},
                                    {xmerl_scan,int_string,4,[...]},
                                    {xmerl_scan,string,2,...},
                                    {edoc_wiki,parse_xml_1,...},
                                    {edoc_wiki,...},
                                    {...}|...]}.
Error generating XML ("/home/pete/wefwefwef/docs/other/13900689/meck-tag-0.6/meck/src/meck.erl"): {'EXIT',
                                                                                                   error}
Generating XML meck - meck_mod "/home/pete/wefwefwef/docs/other/13900689/meck-tag-0.6/meck/src/meck_mod.erl" -> "/home/pete/wefwefwef/docs/other/13900689/repo/0.6/.xml/meck/meck_mod.xml"
/home/pete/wefwefwef/docs/other/13900689/meck-tag-0.6/meck/src/meck_mod.erl, in module header: at line 19: error in XML parser: {system_limit,[{ets,new,[rules,[set|...]],[]},
                                    {xmerl_scan,initial_state,2,[{...}|...]},
                                    {xmerl_scan,int_string,4,[...]},
                                    {xmerl_scan,string,2,...},
                                    {edoc_wiki,parse_xml_1,...},
                                    {edoc_wiki,...},
                                    {...}|...]}.
Error generating XML ("/home/pete/wefwefwef/docs/other/13900689/meck-tag-0.6/meck/src/meck_mod.erl"): {'EXIT',
                                                                                                       error}
No documentation was generated!
Woot, finished in 0 Minutes 0 Seconds
 :: Discovering other repos
$ 5000  `rm -r '/home/pete/wefwefwef/docs/other/13900689/meck-tag-0.6'  2>&1`
 :: Processing https://github.com/horkhe/meck	{rev,tag,"0.6.1","85a58b3203165eb28d078e84616a578c75fd6c2b",undefined,[],[]}
 :: Fetching repo code
$ cd "/home/pete/wefwefwef/docs/other/13900689/meck-tag-0.6.1/meck"
$ infinity  `curl --fail --silent --show-error --location --output '0.6.1.zip' 'https://github.com/horkhe/meck/archive/0.6.1.zip'  2>&1`
$ cd "/home/pete/wefwefwef/docs/erldocs_other.git"
$ cd "/home/pete/wefwefwef/docs/other/13900689/meck-tag-0.6.1/meck"
$ 5000  `find -P . -type l -delete  2>&1`
$ cd "/home/pete/wefwefwef/docs/erldocs_other.git"
$ cd "/home/pete/wefwefwef/docs/other/13900689/meck-tag-0.6.1/meck"
$ 5000  `find 'meck-0.6.1' -mindepth 1 -maxdepth 1 -exec mv -t . -- {} +  2>&1`
$ cd "/home/pete/wefwefwef/docs/erldocs_other.git"
 :: Getting dependencies
$ cd "/home/pete/wefwefwef/docs/other/13900689/meck-tag-0.6.1/meck"
$ 5000  `ls -1 deps/  2>&1`
$ cd "/home/pete/wefwefwef/docs/erldocs_other.git"
>>> [rebar] deps = []
 :: Generating erldocs into /home/pete/wefwefwef/docs/other/13900689/repo/0.6.1
Building meck
Generating Type Specs - "/home/pete/wefwefwef/docs/other/13900689/meck-tag-0.6.1/meck/src/meck.erl"
EDoc could not process file '/home/pete/wefwefwef/docs/other/13900689/meck-tag-0.6.1/meck/src/meck.erl'
Error generating type specs for "/home/pete/wefwefwef/docs/other/13900689/meck-tag-0.6.1/meck/src/meck.erl"
Generating Type Specs - "/home/pete/wefwefwef/docs/other/13900689/meck-tag-0.6.1/meck/src/meck_mod.erl"
EDoc could not process file '/home/pete/wefwefwef/docs/other/13900689/meck-tag-0.6.1/meck/src/meck_mod.erl'
Error generating type specs for "/home/pete/wefwefwef/docs/other/13900689/meck-tag-0.6.1/meck/src/meck_mod.erl"
Generating XML for application meck "/home/pete/wefwefwef/docs/other/13900689/meck-tag-0.6.1/meck" -> "/home/pete/wefwefwef/docs/other/13900689/repo/0.6.1/.xml/meck"
/home/pete/wefwefwef/docs/other/13900689/meck-tag-0.6.1/meck/src/meck_mod.erl, in module header: at line 19: error in XML parser: {system_limit,[{ets,new,[rules,[set|...]],[]},
                                    {xmerl_scan,initial_state,2,[{...}|...]},
                                    {xmerl_scan,int_string,4,[...]},
                                    {xmerl_scan,string,2,...},
                                    {edoc_wiki,parse_xml_1,...},
                                    {edoc_wiki,...},
                                    {...}|...]}.
edoc: skipping source file '/home/pete/wefwefwef/docs/other/13900689/meck-tag-0.6.1/meck/src/meck_mod.erl': {'EXIT',
                                                                                                       error}.
/home/pete/wefwefwef/docs/other/13900689/meck-tag-0.6.1/meck/src/meck.erl, in module header: at line 19: error in XML parser: {system_limit,[{ets,new,[rules,[set|...]],[]},
                                    {xmerl_scan,initial_state,2,[{...}|...]},
                                    {xmerl_scan,int_string,4,[...]},
                                    {xmerl_scan,string,2,...},
                                    {edoc_wiki,parse_xml_1,...},
                                    {edoc_wiki,...},
                                    {...}|...]}.
edoc: skipping source file '/home/pete/wefwefwef/docs/other/13900689/meck-tag-0.6.1/meck/src/meck.erl': {'EXIT',
                                                                                                   error}.
/home/pete/wefwefwef/docs/other/13900689/meck-tag-0.6.1/meck/doc/overview.edoc: at line 22: error in XML parser: {system_limit,[{ets,new,[rules,[set|...]],[]},
                                    {xmerl_scan,initial_state,2,[{...}|...]},
                                    {xmerl_scan,int_string,4,[...]},
                                    {xmerl_scan,string,2,...},
                                    {edoc_wiki,parse_xml_1,...},
                                    {edoc_wiki,...},
                                    {...}|...]}.
edoc: error in doclet 'edoc_doclet': {'EXIT',error}.
Error generating meck XMLs. Using fallback ...
Generating XML meck - meck "/home/pete/wefwefwef/docs/other/13900689/meck-tag-0.6.1/meck/src/meck.erl" -> "/home/pete/wefwefwef/docs/other/13900689/repo/0.6.1/.xml/meck/meck.xml"
/home/pete/wefwefwef/docs/other/13900689/meck-tag-0.6.1/meck/src/meck.erl, in module header: at line 19: error in XML parser: {system_limit,[{ets,new,[rules,[set|...]],[]},
                                    {xmerl_scan,initial_state,2,[{...}|...]},
                                    {xmerl_scan,int_string,4,[...]},
                                    {xmerl_scan,string,2,...},
                                    {edoc_wiki,parse_xml_1,...},
                                    {edoc_wiki,...},
                                    {...}|...]}.
Error generating XML ("/home/pete/wefwefwef/docs/other/13900689/meck-tag-0.6.1/meck/src/meck.erl"): {'EXIT',
                                                                                                     error}
Generating XML meck - meck_mod "/home/pete/wefwefwef/docs/other/13900689/meck-tag-0.6.1/meck/src/meck_mod.erl" -> "/home/pete/wefwefwef/docs/other/13900689/repo/0.6.1/.xml/meck/meck_mod.xml"
/home/pete/wefwefwef/docs/other/13900689/meck-tag-0.6.1/meck/src/meck_mod.erl, in module header: at line 19: error in XML parser: {system_limit,[{ets,new,[rules,[set|...]],[]},
                                    {xmerl_scan,initial_state,2,[{...}|...]},
                                    {xmerl_scan,int_string,4,[...]},
                                    {xmerl_scan,string,2,...},
                                    {edoc_wiki,parse_xml_1,...},
                                    {edoc_wiki,...},
                                    {...}|...]}.
Error generating XML ("/home/pete/wefwefwef/docs/other/13900689/meck-tag-0.6.1/meck/src/meck_mod.erl"): {'EXIT',
                                                                                                         error}
No documentation was generated!
Woot, finished in 0 Minutes 0 Seconds
 :: Discovering other repos
$ 5000  `rm -r '/home/pete/wefwefwef/docs/other/13900689/meck-tag-0.6.1'  2>&1`
 :: Processing https://github.com/horkhe/meck	{rev,tag,"0.6.2","9f9ea4a6cafad5ebd3b1e0128e5a3ff0de5340bd",undefined,[],[]}
 :: Fetching repo code
$ cd "/home/pete/wefwefwef/docs/other/13900689/meck-tag-0.6.2/meck"
$ infinity  `curl --fail --silent --show-error --location --output '0.6.2.zip' 'https://github.com/horkhe/meck/archive/0.6.2.zip'  2>&1`
$ cd "/home/pete/wefwefwef/docs/erldocs_other.git"
$ cd "/home/pete/wefwefwef/docs/other/13900689/meck-tag-0.6.2/meck"
$ 5000  `find -P . -type l -delete  2>&1`
$ cd "/home/pete/wefwefwef/docs/erldocs_other.git"
$ cd "/home/pete/wefwefwef/docs/other/13900689/meck-tag-0.6.2/meck"
$ 5000  `find 'meck-0.6.2' -mindepth 1 -maxdepth 1 -exec mv -t . -- {} +  2>&1`
$ cd "/home/pete/wefwefwef/docs/erldocs_other.git"
 :: Getting dependencies
$ cd "/home/pete/wefwefwef/docs/other/13900689/meck-tag-0.6.2/meck"
$ 5000  `ls -1 deps/  2>&1`
$ cd "/home/pete/wefwefwef/docs/erldocs_other.git"
>>> [rebar] deps = []
 :: Generating erldocs into /home/pete/wefwefwef/docs/other/13900689/repo/0.6.2
Building meck
Generating Type Specs - "/home/pete/wefwefwef/docs/other/13900689/meck-tag-0.6.2/meck/src/meck.erl"
EDoc could not process file '/home/pete/wefwefwef/docs/other/13900689/meck-tag-0.6.2/meck/src/meck.erl'
Error generating type specs for "/home/pete/wefwefwef/docs/other/13900689/meck-tag-0.6.2/meck/src/meck.erl"
Generating Type Specs - "/home/pete/wefwefwef/docs/other/13900689/meck-tag-0.6.2/meck/src/meck_mod.erl"
EDoc could not process file '/home/pete/wefwefwef/docs/other/13900689/meck-tag-0.6.2/meck/src/meck_mod.erl'
Error generating type specs for "/home/pete/wefwefwef/docs/other/13900689/meck-tag-0.6.2/meck/src/meck_mod.erl"
Generating XML for application meck "/home/pete/wefwefwef/docs/other/13900689/meck-tag-0.6.2/meck" -> "/home/pete/wefwefwef/docs/other/13900689/repo/0.6.2/.xml/meck"
/home/pete/wefwefwef/docs/other/13900689/meck-tag-0.6.2/meck/src/meck_mod.erl, in module header: at line 19: error in XML parser: {system_limit,[{ets,new,[rules,[set|...]],[]},
                                    {xmerl_scan,initial_state,2,[{...}|...]},
                                    {xmerl_scan,int_string,4,[...]},
                                    {xmerl_scan,string,2,...},
                                    {edoc_wiki,parse_xml_1,...},
                                    {edoc_wiki,...},
                                    {...}|...]}.
edoc: skipping source file '/home/pete/wefwefwef/docs/other/13900689/meck-tag-0.6.2/meck/src/meck_mod.erl': {'EXIT',
                                                                                                       error}.
/home/pete/wefwefwef/docs/other/13900689/meck-tag-0.6.2/meck/src/meck.erl, in module header: at line 19: error in XML parser: {system_limit,[{ets,new,[rules,[set|...]],[]},
                                    {xmerl_scan,initial_state,2,[{...}|...]},
                                    {xmerl_scan,int_string,4,[...]},
                                    {xmerl_scan,string,2,...},
                                    {edoc_wiki,parse_xml_1,...},
                                    {edoc_wiki,...},
                                    {...}|...]}.
edoc: skipping source file '/home/pete/wefwefwef/docs/other/13900689/meck-tag-0.6.2/meck/src/meck.erl': {'EXIT',
                                                                                                   error}.
/home/pete/wefwefwef/docs/other/13900689/meck-tag-0.6.2/meck/doc/overview.edoc: at line 22: error in XML parser: {system_limit,[{ets,new,[rules,[set|...]],[]},
                                    {xmerl_scan,initial_state,2,[{...}|...]},
                                    {xmerl_scan,int_string,4,[...]},
                                    {xmerl_scan,string,2,...},
                                    {edoc_wiki,parse_xml_1,...},
                                    {edoc_wiki,...},
                                    {...}|...]}.
edoc: error in doclet 'edoc_doclet': {'EXIT',error}.
Error generating meck XMLs. Using fallback ...
Generating XML meck - meck "/home/pete/wefwefwef/docs/other/13900689/meck-tag-0.6.2/meck/src/meck.erl" -> "/home/pete/wefwefwef/docs/other/13900689/repo/0.6.2/.xml/meck/meck.xml"
/home/pete/wefwefwef/docs/other/13900689/meck-tag-0.6.2/meck/src/meck.erl, in module header: at line 19: error in XML parser: {system_limit,[{ets,new,[rules,[set|...]],[]},
                                    {xmerl_scan,initial_state,2,[{...}|...]},
                                    {xmerl_scan,int_string,4,[...]},
                                    {xmerl_scan,string,2,...},
                                    {edoc_wiki,parse_xml_1,...},
                                    {edoc_wiki,...},
                                    {...}|...]}.
Error generating XML ("/home/pete/wefwefwef/docs/other/13900689/meck-tag-0.6.2/meck/src/meck.erl"): {'EXIT',
                                                                                                     error}
Generating XML meck - meck_mod "/home/pete/wefwefwef/docs/other/13900689/meck-tag-0.6.2/meck/src/meck_mod.erl" -> "/home/pete/wefwefwef/docs/other/13900689/repo/0.6.2/.xml/meck/meck_mod.xml"
/home/pete/wefwefwef/docs/other/13900689/meck-tag-0.6.2/meck/src/meck_mod.erl, in module header: at line 19: error in XML parser: {system_limit,[{ets,new,[rules,[set|...]],[]},
                                    {xmerl_scan,initial_state,2,[{...}|...]},
                                    {xmerl_scan,int_string,4,[...]},
                                    {xmerl_scan,string,2,...},
                                    {edoc_wiki,parse_xml_1,...},
                                    {edoc_wiki,...},
                                    {...}|...]}.
Error generating XML ("/home/pete/wefwefwef/docs/other/13900689/meck-tag-0.6.2/meck/src/meck_mod.erl"): {'EXIT',
                                                                                                         error}
No documentation was generated!
Woot, finished in 0 Minutes 0 Seconds
 :: Discovering other repos
$ 5000  `rm -r '/home/pete/wefwefwef/docs/other/13900689/meck-tag-0.6.2'  2>&1`
 :: Processing https://github.com/horkhe/meck	{rev,tag,"0.6.3","a383a0ea932d942b5ee727fb8e699c99f2074c24",undefined,[],[]}
 :: Fetching repo code
$ cd "/home/pete/wefwefwef/docs/other/13900689/meck-tag-0.6.3/meck"
$ infinity  `curl --fail --silent --show-error --location --output '0.6.3.zip' 'https://github.com/horkhe/meck/archive/0.6.3.zip'  2>&1`
$ cd "/home/pete/wefwefwef/docs/erldocs_other.git"
$ cd "/home/pete/wefwefwef/docs/other/13900689/meck-tag-0.6.3/meck"
$ 5000  `find -P . -type l -delete  2>&1`
$ cd "/home/pete/wefwefwef/docs/erldocs_other.git"
$ cd "/home/pete/wefwefwef/docs/other/13900689/meck-tag-0.6.3/meck"
$ 5000  `find 'meck-0.6.3' -mindepth 1 -maxdepth 1 -exec mv -t . -- {} +  2>&1`
$ cd "/home/pete/wefwefwef/docs/erldocs_other.git"
 :: Getting dependencies
$ cd "/home/pete/wefwefwef/docs/other/13900689/meck-tag-0.6.3/meck"
$ 5000  `ls -1 deps/  2>&1`
$ cd "/home/pete/wefwefwef/docs/erldocs_other.git"
>>> [rebar] deps = []
 :: Generating erldocs into /home/pete/wefwefwef/docs/other/13900689/repo/0.6.3
Building meck
Generating Type Specs - "/home/pete/wefwefwef/docs/other/13900689/meck-tag-0.6.3/meck/src/meck.erl"
EDoc could not process file '/home/pete/wefwefwef/docs/other/13900689/meck-tag-0.6.3/meck/src/meck.erl'
Error generating type specs for "/home/pete/wefwefwef/docs/other/13900689/meck-tag-0.6.3/meck/src/meck.erl"
Generating Type Specs - "/home/pete/wefwefwef/docs/other/13900689/meck-tag-0.6.3/meck/src/meck_mod.erl"
EDoc could not process file '/home/pete/wefwefwef/docs/other/13900689/meck-tag-0.6.3/meck/src/meck_mod.erl'
Error generating type specs for "/home/pete/wefwefwef/docs/other/13900689/meck-tag-0.6.3/meck/src/meck_mod.erl"
Generating XML for application meck "/home/pete/wefwefwef/docs/other/13900689/meck-tag-0.6.3/meck" -> "/home/pete/wefwefwef/docs/other/13900689/repo/0.6.3/.xml/meck"
/home/pete/wefwefwef/docs/other/13900689/meck-tag-0.6.3/meck/src/meck_mod.erl, in module header: at line 19: error in XML parser: {system_limit,[{ets,new,[rules,[set|...]],[]},
                                    {xmerl_scan,initial_state,2,[{...}|...]},
                                    {xmerl_scan,int_string,4,[...]},
                                    {xmerl_scan,string,2,...},
                                    {edoc_wiki,parse_xml_1,...},
                                    {edoc_wiki,...},
                                    {...}|...]}.
edoc: skipping source file '/home/pete/wefwefwef/docs/other/13900689/meck-tag-0.6.3/meck/src/meck_mod.erl': {'EXIT',
                                                                                                       error}.
/home/pete/wefwefwef/docs/other/13900689/meck-tag-0.6.3/meck/src/meck.erl, in module header: at line 19: error in XML parser: {system_limit,[{ets,new,[rules,[set|...]],[]},
                                    {xmerl_scan,initial_state,2,[{...}|...]},
                                    {xmerl_scan,int_string,4,[...]},
                                    {xmerl_scan,string,2,...},
                                    {edoc_wiki,parse_xml_1,...},
                                    {edoc_wiki,...},
                                    {...}|...]}.
edoc: skipping source file '/home/pete/wefwefwef/docs/other/13900689/meck-tag-0.6.3/meck/src/meck.erl': {'EXIT',
                                                                                                   error}.
/home/pete/wefwefwef/docs/other/13900689/meck-tag-0.6.3/meck/doc/overview.edoc: at line 22: error in XML parser: {system_limit,[{ets,new,[rules,[set|...]],[]},
                                    {xmerl_scan,initial_state,2,[{...}|...]},
                                    {xmerl_scan,int_string,4,[...]},
                                    {xmerl_scan,string,2,...},
                                    {edoc_wiki,parse_xml_1,...},
                                    {edoc_wiki,...},
                                    {...}|...]}.
edoc: error in doclet 'edoc_doclet': {'EXIT',error}.
Error generating meck XMLs. Using fallback ...
Generating XML meck - meck "/home/pete/wefwefwef/docs/other/13900689/meck-tag-0.6.3/meck/src/meck.erl" -> "/home/pete/wefwefwef/docs/other/13900689/repo/0.6.3/.xml/meck/meck.xml"
/home/pete/wefwefwef/docs/other/13900689/meck-tag-0.6.3/meck/src/meck.erl, in module header: at line 19: error in XML parser: {system_limit,[{ets,new,[rules,[set|...]],[]},
                                    {xmerl_scan,initial_state,2,[{...}|...]},
                                    {xmerl_scan,int_string,4,[...]},
                                    {xmerl_scan,string,2,...},
                                    {edoc_wiki,parse_xml_1,...},
                                    {edoc_wiki,...},
                                    {...}|...]}.
Error generating XML ("/home/pete/wefwefwef/docs/other/13900689/meck-tag-0.6.3/meck/src/meck.erl"): {'EXIT',
                                                                                                     error}
Generating XML meck - meck_mod "/home/pete/wefwefwef/docs/other/13900689/meck-tag-0.6.3/meck/src/meck_mod.erl" -> "/home/pete/wefwefwef/docs/other/13900689/repo/0.6.3/.xml/meck/meck_mod.xml"
/home/pete/wefwefwef/docs/other/13900689/meck-tag-0.6.3/meck/src/meck_mod.erl, in module header: at line 19: error in XML parser: {system_limit,[{ets,new,[rules,[set|...]],[]},
                                    {xmerl_scan,initial_state,2,[{...}|...]},
                                    {xmerl_scan,int_string,4,[...]},
                                    {xmerl_scan,string,2,...},
                                    {edoc_wiki,parse_xml_1,...},
                                    {edoc_wiki,...},
                                    {...}|...]}.
Error generating XML ("/home/pete/wefwefwef/docs/other/13900689/meck-tag-0.6.3/meck/src/meck_mod.erl"): {'EXIT',
                                                                                                         error}
No documentation was generated!
Woot, finished in 0 Minutes 0 Seconds
 :: Discovering other repos
$ 5000  `rm -r '/home/pete/wefwefwef/docs/other/13900689/meck-tag-0.6.3'  2>&1`
 :: Processing https://github.com/horkhe/meck	{rev,tag,"0.7","eacde0b2b853724cc345b15bff24e5627a1d6177",undefined,[],[]}
 :: Fetching repo code
$ cd "/home/pete/wefwefwef/docs/other/13900689/meck-tag-0.7/meck"
$ infinity  `curl --fail --silent --show-error --location --output '0.7.zip' 'https://github.com/horkhe/meck/archive/0.7.zip'  2>&1`
$ cd "/home/pete/wefwefwef/docs/erldocs_other.git"
$ cd "/home/pete/wefwefwef/docs/other/13900689/meck-tag-0.7/meck"
$ 5000  `find -P . -type l -delete  2>&1`
$ cd "/home/pete/wefwefwef/docs/erldocs_other.git"
$ cd "/home/pete/wefwefwef/docs/other/13900689/meck-tag-0.7/meck"
$ 5000  `find 'meck-0.7' -mindepth 1 -maxdepth 1 -exec mv -t . -- {} +  2>&1`
$ cd "/home/pete/wefwefwef/docs/erldocs_other.git"
 :: Getting dependencies
$ cd "/home/pete/wefwefwef/docs/other/13900689/meck-tag-0.7/meck"
$ 5000  `ls -1 deps/  2>&1`
$ cd "/home/pete/wefwefwef/docs/erldocs_other.git"
>>> [rebar] deps = []
 :: Generating erldocs into /home/pete/wefwefwef/docs/other/13900689/repo/0.7
Building meck
Generating Type Specs - "/home/pete/wefwefwef/docs/other/13900689/meck-tag-0.7/meck/src/meck.erl"
EDoc could not process file '/home/pete/wefwefwef/docs/other/13900689/meck-tag-0.7/meck/src/meck.erl'
Error generating type specs for "/home/pete/wefwefwef/docs/other/13900689/meck-tag-0.7/meck/src/meck.erl"
Generating Type Specs - "/home/pete/wefwefwef/docs/other/13900689/meck-tag-0.7/meck/src/meck_mod.erl"
EDoc could not process file '/home/pete/wefwefwef/docs/other/13900689/meck-tag-0.7/meck/src/meck_mod.erl'
Error generating type specs for "/home/pete/wefwefwef/docs/other/13900689/meck-tag-0.7/meck/src/meck_mod.erl"
Generating XML for application meck "/home/pete/wefwefwef/docs/other/13900689/meck-tag-0.7/meck" -> "/home/pete/wefwefwef/docs/other/13900689/repo/0.7/.xml/meck"
/home/pete/wefwefwef/docs/other/13900689/meck-tag-0.7/meck/src/meck_mod.erl, in module header: at line 19: error in XML parser: {system_limit,[{ets,new,[rules,[set|...]],[]},
                                    {xmerl_scan,initial_state,2,[{...}|...]},
                                    {xmerl_scan,int_string,4,[...]},
                                    {xmerl_scan,string,2,...},
                                    {edoc_wiki,parse_xml_1,...},
                                    {edoc_wiki,...},
                                    {...}|...]}.
edoc: skipping source file '/home/pete/wefwefwef/docs/other/13900689/meck-tag-0.7/meck/src/meck_mod.erl': {'EXIT',
                                                                                                     error}.
/home/pete/wefwefwef/docs/other/13900689/meck-tag-0.7/meck/src/meck.erl, in module header: at line 19: error in XML parser: {system_limit,[{ets,new,[rules,[set|...]],[]},
                                    {xmerl_scan,initial_state,2,[{...}|...]},
                                    {xmerl_scan,int_string,4,[...]},
                                    {xmerl_scan,string,2,...},
                                    {edoc_wiki,parse_xml_1,...},
                                    {edoc_wiki,...},
                                    {...}|...]}.
edoc: skipping source file '/home/pete/wefwefwef/docs/other/13900689/meck-tag-0.7/meck/src/meck.erl': {'EXIT',
                                                                                                 error}.
/home/pete/wefwefwef/docs/other/13900689/meck-tag-0.7/meck/doc/overview.edoc: at line 22: error in XML parser: {system_limit,[{ets,new,[rules,[set|...]],[]},
                                    {xmerl_scan,initial_state,2,[{...}|...]},
                                    {xmerl_scan,int_string,4,[...]},
                                    {xmerl_scan,string,2,...},
                                    {edoc_wiki,parse_xml_1,...},
                                    {edoc_wiki,...},
                                    {...}|...]}.
edoc: error in doclet 'edoc_doclet': {'EXIT',error}.
Error generating meck XMLs. Using fallback ...
Generating XML meck - meck "/home/pete/wefwefwef/docs/other/13900689/meck-tag-0.7/meck/src/meck.erl" -> "/home/pete/wefwefwef/docs/other/13900689/repo/0.7/.xml/meck/meck.xml"
/home/pete/wefwefwef/docs/other/13900689/meck-tag-0.7/meck/src/meck.erl, in module header: at line 19: error in XML parser: {system_limit,[{ets,new,[rules,[set|...]],[]},
                                    {xmerl_scan,initial_state,2,[{...}|...]},
                                    {xmerl_scan,int_string,4,[...]},
                                    {xmerl_scan,string,2,...},
                                    {edoc_wiki,parse_xml_1,...},
                                    {edoc_wiki,...},
                                    {...}|...]}.
Error generating XML ("/home/pete/wefwefwef/docs/other/13900689/meck-tag-0.7/meck/src/meck.erl"): {'EXIT',
                                                                                                   error}
Generating XML meck - meck_mod "/home/pete/wefwefwef/docs/other/13900689/meck-tag-0.7/meck/src/meck_mod.erl" -> "/home/pete/wefwefwef/docs/other/13900689/repo/0.7/.xml/meck/meck_mod.xml"
/home/pete/wefwefwef/docs/other/13900689/meck-tag-0.7/meck/src/meck_mod.erl, in module header: at line 19: error in XML parser: {system_limit,[{ets,new,[rules,[set|...]],[]},
                                    {xmerl_scan,initial_state,2,[{...}|...]},
                                    {xmerl_scan,int_string,4,[...]},
                                    {xmerl_scan,string,2,...},
                                    {edoc_wiki,parse_xml_1,...},
                                    {edoc_wiki,...},
                                    {...}|...]}.
Error generating XML ("/home/pete/wefwefwef/docs/other/13900689/meck-tag-0.7/meck/src/meck_mod.erl"): {'EXIT',
                                                                                                       error}
No documentation was generated!
Woot, finished in 0 Minutes 0 Seconds
 :: Discovering other repos
$ 5000  `rm -r '/home/pete/wefwefwef/docs/other/13900689/meck-tag-0.7'  2>&1`
 :: Processing https://github.com/horkhe/meck	{rev,tag,"0.7.1","916844d6d1df6b71341f4a90e563d827edc6a02a",undefined,[],[]}
 :: Fetching repo code
$ cd "/home/pete/wefwefwef/docs/other/13900689/meck-tag-0.7.1/meck"
$ infinity  `curl --fail --silent --show-error --location --output '0.7.1.zip' 'https://github.com/horkhe/meck/archive/0.7.1.zip'  2>&1`
$ cd "/home/pete/wefwefwef/docs/erldocs_other.git"
$ cd "/home/pete/wefwefwef/docs/other/13900689/meck-tag-0.7.1/meck"
$ 5000  `find -P . -type l -delete  2>&1`
$ cd "/home/pete/wefwefwef/docs/erldocs_other.git"
$ cd "/home/pete/wefwefwef/docs/other/13900689/meck-tag-0.7.1/meck"
$ 5000  `find 'meck-0.7.1' -mindepth 1 -maxdepth 1 -exec mv -t . -- {} +  2>&1`
$ cd "/home/pete/wefwefwef/docs/erldocs_other.git"
 :: Getting dependencies
$ cd "/home/pete/wefwefwef/docs/other/13900689/meck-tag-0.7.1/meck"
$ 5000  `ls -1 deps/  2>&1`
$ cd "/home/pete/wefwefwef/docs/erldocs_other.git"
>>> [rebar] deps = []
 :: Generating erldocs into /home/pete/wefwefwef/docs/other/13900689/repo/0.7.1
Building meck
Generating Type Specs - "/home/pete/wefwefwef/docs/other/13900689/meck-tag-0.7.1/meck/src/meck.erl"
EDoc could not process file '/home/pete/wefwefwef/docs/other/13900689/meck-tag-0.7.1/meck/src/meck.erl'
Error generating type specs for "/home/pete/wefwefwef/docs/other/13900689/meck-tag-0.7.1/meck/src/meck.erl"
Generating Type Specs - "/home/pete/wefwefwef/docs/other/13900689/meck-tag-0.7.1/meck/src/meck_mod.erl"
EDoc could not process file '/home/pete/wefwefwef/docs/other/13900689/meck-tag-0.7.1/meck/src/meck_mod.erl'
Error generating type specs for "/home/pete/wefwefwef/docs/other/13900689/meck-tag-0.7.1/meck/src/meck_mod.erl"
Generating XML for application meck "/home/pete/wefwefwef/docs/other/13900689/meck-tag-0.7.1/meck" -> "/home/pete/wefwefwef/docs/other/13900689/repo/0.7.1/.xml/meck"
/home/pete/wefwefwef/docs/other/13900689/meck-tag-0.7.1/meck/src/meck_mod.erl, in module header: at line 19: error in XML parser: {system_limit,[{ets,new,[rules,[set|...]],[]},
                                    {xmerl_scan,initial_state,2,[{...}|...]},
                                    {xmerl_scan,int_string,4,[...]},
                                    {xmerl_scan,string,2,...},
                                    {edoc_wiki,parse_xml_1,...},
                                    {edoc_wiki,...},
                                    {...}|...]}.
edoc: skipping source file '/home/pete/wefwefwef/docs/other/13900689/meck-tag-0.7.1/meck/src/meck_mod.erl': {'EXIT',
                                                                                                       error}.
/home/pete/wefwefwef/docs/other/13900689/meck-tag-0.7.1/meck/src/meck.erl, in module header: at line 19: error in XML parser: {system_limit,[{ets,new,[rules,[set|...]],[]},
                                    {xmerl_scan,initial_state,2,[{...}|...]},
                                    {xmerl_scan,int_string,4,[...]},
                                    {xmerl_scan,string,2,...},
                                    {edoc_wiki,parse_xml_1,...},
                                    {edoc_wiki,...},
                                    {...}|...]}.
edoc: skipping source file '/home/pete/wefwefwef/docs/other/13900689/meck-tag-0.7.1/meck/src/meck.erl': {'EXIT',
                                                                                                   error}.
/home/pete/wefwefwef/docs/other/13900689/meck-tag-0.7.1/meck/doc/overview.edoc: at line 22: error in XML parser: {system_limit,[{ets,new,[rules,[set|...]],[]},
                                    {xmerl_scan,initial_state,2,[{...}|...]},
                                    {xmerl_scan,int_string,4,[...]},
                                    {xmerl_scan,string,2,...},
                                    {edoc_wiki,parse_xml_1,...},
                                    {edoc_wiki,...},
                                    {...}|...]}.
edoc: error in doclet 'edoc_doclet': {'EXIT',error}.
Error generating meck XMLs. Using fallback ...
Generating XML meck - meck "/home/pete/wefwefwef/docs/other/13900689/meck-tag-0.7.1/meck/src/meck.erl" -> "/home/pete/wefwefwef/docs/other/13900689/repo/0.7.1/.xml/meck/meck.xml"
/home/pete/wefwefwef/docs/other/13900689/meck-tag-0.7.1/meck/src/meck.erl, in module header: at line 19: error in XML parser: {system_limit,[{ets,new,[rules,[set|...]],[]},
                                    {xmerl_scan,initial_state,2,[{...}|...]},
                                    {xmerl_scan,int_string,4,[...]},
                                    {xmerl_scan,string,2,...},
                                    {edoc_wiki,parse_xml_1,...},
                                    {edoc_wiki,...},
                                    {...}|...]}.
Error generating XML ("/home/pete/wefwefwef/docs/other/13900689/meck-tag-0.7.1/meck/src/meck.erl"): {'EXIT',
                                                                                                     error}
Generating XML meck - meck_mod "/home/pete/wefwefwef/docs/other/13900689/meck-tag-0.7.1/meck/src/meck_mod.erl" -> "/home/pete/wefwefwef/docs/other/13900689/repo/0.7.1/.xml/meck/meck_mod.xml"
/home/pete/wefwefwef/docs/other/13900689/meck-tag-0.7.1/meck/src/meck_mod.erl, in module header: at line 19: error in XML parser: {system_limit,[{ets,new,[rules,[set|...]],[]},
                                    {xmerl_scan,initial_state,2,[{...}|...]},
                                    {xmerl_scan,int_string,4,[...]},
                                    {xmerl_scan,string,2,...},
                                    {edoc_wiki,parse_xml_1,...},
                                    {edoc_wiki,...},
                                    {...}|...]}.
Error generating XML ("/home/pete/wefwefwef/docs/other/13900689/meck-tag-0.7.1/meck/src/meck_mod.erl"): {'EXIT',
                                                                                                         error}
No documentation was generated!
Woot, finished in 0 Minutes 0 Seconds
 :: Discovering other repos
$ 5000  `rm -r '/home/pete/wefwefwef/docs/other/13900689/meck-tag-0.7.1'  2>&1`
 :: Processing https://github.com/horkhe/meck	{rev,tag,"0.7.2","2447206f201bab1054c49cd32621eee23fa0ee3b",undefined,[],[]}
 :: Fetching repo code
$ cd "/home/pete/wefwefwef/docs/other/13900689/meck-tag-0.7.2/meck"
$ infinity  `curl --fail --silent --show-error --location --output '0.7.2.zip' 'https://github.com/horkhe/meck/archive/0.7.2.zip'  2>&1`
$ cd "/home/pete/wefwefwef/docs/erldocs_other.git"
$ cd "/home/pete/wefwefwef/docs/other/13900689/meck-tag-0.7.2/meck"
$ 5000  `find -P . -type l -delete  2>&1`
$ cd "/home/pete/wefwefwef/docs/erldocs_other.git"
$ cd "/home/pete/wefwefwef/docs/other/13900689/meck-tag-0.7.2/meck"
$ 5000  `find 'meck-0.7.2' -mindepth 1 -maxdepth 1 -exec mv -t . -- {} +  2>&1`
$ cd "/home/pete/wefwefwef/docs/erldocs_other.git"
 :: Getting dependencies
$ cd "/home/pete/wefwefwef/docs/other/13900689/meck-tag-0.7.2/meck"
$ 5000  `ls -1 deps/  2>&1`
$ cd "/home/pete/wefwefwef/docs/erldocs_other.git"
>>> [rebar] deps = []
 :: Generating erldocs into /home/pete/wefwefwef/docs/other/13900689/repo/0.7.2
Building meck
Generating Type Specs - "/home/pete/wefwefwef/docs/other/13900689/meck-tag-0.7.2/meck/src/meck.erl"
EDoc could not process file '/home/pete/wefwefwef/docs/other/13900689/meck-tag-0.7.2/meck/src/meck.erl'
Error generating type specs for "/home/pete/wefwefwef/docs/other/13900689/meck-tag-0.7.2/meck/src/meck.erl"
Generating Type Specs - "/home/pete/wefwefwef/docs/other/13900689/meck-tag-0.7.2/meck/src/meck_cover.erl"
EDoc could not process file '/home/pete/wefwefwef/docs/other/13900689/meck-tag-0.7.2/meck/src/meck_cover.erl'
Error generating type specs for "/home/pete/wefwefwef/docs/other/13900689/meck-tag-0.7.2/meck/src/meck_cover.erl"
Generating Type Specs - "/home/pete/wefwefwef/docs/other/13900689/meck-tag-0.7.2/meck/src/meck_mod.erl"
EDoc could not process file '/home/pete/wefwefwef/docs/other/13900689/meck-tag-0.7.2/meck/src/meck_mod.erl'
Error generating type specs for "/home/pete/wefwefwef/docs/other/13900689/meck-tag-0.7.2/meck/src/meck_mod.erl"
Generating XML for application meck "/home/pete/wefwefwef/docs/other/13900689/meck-tag-0.7.2/meck" -> "/home/pete/wefwefwef/docs/other/13900689/repo/0.7.2/.xml/meck"
/home/pete/wefwefwef/docs/other/13900689/meck-tag-0.7.2/meck/src/meck_cover.erl, in module header: at line 15: error in XML parser: {system_limit,[{ets,new,[rules,[set|...]],[]},
                                    {xmerl_scan,initial_state,2,[{...}|...]},
                                    {xmerl_scan,int_string,4,[...]},
                                    {xmerl_scan,string,2,...},
                                    {edoc_wiki,parse_xml_1,...},
                                    {edoc_wiki,...},
                                    {...}|...]}.
edoc: skipping source file '/home/pete/wefwefwef/docs/other/13900689/meck-tag-0.7.2/meck/src/meck_cover.erl': {'EXIT',
                                                                                                         error}.
/home/pete/wefwefwef/docs/other/13900689/meck-tag-0.7.2/meck/src/meck_mod.erl, in module header: at line 20: error in XML parser: {system_limit,[{ets,new,[rules,[set|...]],[]},
                                    {xmerl_scan,initial_state,2,[{...}|...]},
                                    {xmerl_scan,int_string,4,[...]},
                                    {xmerl_scan,string,2,...},
                                    {edoc_wiki,parse_xml_1,...},
                                    {edoc_wiki,...},
                                    {...}|...]}.
edoc: skipping source file '/home/pete/wefwefwef/docs/other/13900689/meck-tag-0.7.2/meck/src/meck_mod.erl': {'EXIT',
                                                                                                       error}.
/home/pete/wefwefwef/docs/other/13900689/meck-tag-0.7.2/meck/src/meck.erl, in module header: at line 19: error in XML parser: {system_limit,[{ets,new,[rules,[set|...]],[]},
                                    {xmerl_scan,initial_state,2,[{...}|...]},
                                    {xmerl_scan,int_string,4,[...]},
                                    {xmerl_scan,string,2,...},
                                    {edoc_wiki,parse_xml_1,...},
                                    {edoc_wiki,...},
                                    {...}|...]}.
edoc: skipping source file '/home/pete/wefwefwef/docs/other/13900689/meck-tag-0.7.2/meck/src/meck.erl': {'EXIT',
                                                                                                   error}.
/home/pete/wefwefwef/docs/other/13900689/meck-tag-0.7.2/meck/doc/overview.edoc: at line 22: error in XML parser: {system_limit,[{ets,new,[rules,[set|...]],[]},
                                    {xmerl_scan,initial_state,2,[{...}|...]},
                                    {xmerl_scan,int_string,4,[...]},
                                    {xmerl_scan,string,2,...},
                                    {edoc_wiki,parse_xml_1,...},
                                    {edoc_wiki,...},
                                    {...}|...]}.
edoc: error in doclet 'edoc_doclet': {'EXIT',error}.
Error generating meck XMLs. Using fallback ...
Generating XML meck - meck "/home/pete/wefwefwef/docs/other/13900689/meck-tag-0.7.2/meck/src/meck.erl" -> "/home/pete/wefwefwef/docs/other/13900689/repo/0.7.2/.xml/meck/meck.xml"
/home/pete/wefwefwef/docs/other/13900689/meck-tag-0.7.2/meck/src/meck.erl, in module header: at line 19: error in XML parser: {system_limit,[{ets,new,[rules,[set|...]],[]},
                                    {xmerl_scan,initial_state,2,[{...}|...]},
                                    {xmerl_scan,int_string,4,[...]},
                                    {xmerl_scan,string,2,...},
                                    {edoc_wiki,parse_xml_1,...},
                                    {edoc_wiki,...},
                                    {...}|...]}.
Error generating XML ("/home/pete/wefwefwef/docs/other/13900689/meck-tag-0.7.2/meck/src/meck.erl"): {'EXIT',
                                                                                                     error}
Generating XML meck - meck_cover "/home/pete/wefwefwef/docs/other/13900689/meck-tag-0.7.2/meck/src/meck_cover.erl" -> "/home/pete/wefwefwef/docs/other/13900689/repo/0.7.2/.xml/meck/meck_cover.xml"
/home/pete/wefwefwef/docs/other/13900689/meck-tag-0.7.2/meck/src/meck_cover.erl, in module header: at line 15: error in XML parser: {system_limit,[{ets,new,[rules,[set|...]],[]},
                                    {xmerl_scan,initial_state,2,[{...}|...]},
                                    {xmerl_scan,int_string,4,[...]},
                                    {xmerl_scan,string,2,...},
                                    {edoc_wiki,parse_xml_1,...},
                                    {edoc_wiki,...},
                                    {...}|...]}.
Error generating XML ("/home/pete/wefwefwef/docs/other/13900689/meck-tag-0.7.2/meck/src/meck_cover.erl"): {'EXIT',
                                                                                                           error}
Generating XML meck - meck_mod "/home/pete/wefwefwef/docs/other/13900689/meck-tag-0.7.2/meck/src/meck_mod.erl" -> "/home/pete/wefwefwef/docs/other/13900689/repo/0.7.2/.xml/meck/meck_mod.xml"
/home/pete/wefwefwef/docs/other/13900689/meck-tag-0.7.2/meck/src/meck_mod.erl, in module header: at line 20: error in XML parser: {system_limit,[{ets,new,[rules,[set|...]],[]},
                                    {xmerl_scan,initial_state,2,[{...}|...]},
                                    {xmerl_scan,int_string,4,[...]},
                                    {xmerl_scan,string,2,...},
                                    {edoc_wiki,parse_xml_1,...},
                                    {edoc_wiki,...},
                                    {...}|...]}.
Error generating XML ("/home/pete/wefwefwef/docs/other/13900689/meck-tag-0.7.2/meck/src/meck_mod.erl"): {'EXIT',
                                                                                                         error}
No documentation was generated!
Woot, finished in 0 Minutes 0 Seconds
 :: Discovering other repos
$ 5000  `rm -r '/home/pete/wefwefwef/docs/other/13900689/meck-tag-0.7.2'  2>&1`
 :: Processing https://github.com/horkhe/meck	{rev,branch,"develop","d188c114ff70b287f4951d6fdb59e94b9e01eb82",undefined,[],[]}
 :: Fetching repo code
$ cd "/home/pete/wefwefwef/docs/other/13900689/meck-branch-develop/meck"
$ infinity  `curl --fail --silent --show-error --location --output 'develop.zip' 'https://github.com/horkhe/meck/archive/develop.zip'  2>&1`
$ cd "/home/pete/wefwefwef/docs/erldocs_other.git"
$ cd "/home/pete/wefwefwef/docs/other/13900689/meck-branch-develop/meck"
$ 5000  `find -P . -type l -delete  2>&1`
$ cd "/home/pete/wefwefwef/docs/erldocs_other.git"
$ cd "/home/pete/wefwefwef/docs/other/13900689/meck-branch-develop/meck"
$ 5000  `find 'meck-develop' -mindepth 1 -maxdepth 1 -exec mv -t . -- {} +  2>&1`
$ cd "/home/pete/wefwefwef/docs/erldocs_other.git"
 :: Getting dependencies
$ cd "/home/pete/wefwefwef/docs/other/13900689/meck-branch-develop/meck"
$ 5000  `ls -1 deps/  2>&1`
$ cd "/home/pete/wefwefwef/docs/erldocs_other.git"
>>> [rebar] deps = []
 :: Generating erldocs into /home/pete/wefwefwef/docs/other/13900689/repo/develop
Building meck
Generating Type Specs - "/home/pete/wefwefwef/docs/other/13900689/meck-branch-develop/meck/src/meck.erl"
EDoc could not process file '/home/pete/wefwefwef/docs/other/13900689/meck-branch-develop/meck/src/meck.erl'
Error generating type specs for "/home/pete/wefwefwef/docs/other/13900689/meck-branch-develop/meck/src/meck.erl"
Generating Type Specs - "/home/pete/wefwefwef/docs/other/13900689/meck-branch-develop/meck/src/meck_args_matcher.erl"
EDoc could not process file '/home/pete/wefwefwef/docs/other/13900689/meck-branch-develop/meck/src/meck_args_matcher.erl'
Error generating type specs for "/home/pete/wefwefwef/docs/other/13900689/meck-branch-develop/meck/src/meck_args_matcher.erl"
Generating Type Specs - "/home/pete/wefwefwef/docs/other/13900689/meck-branch-develop/meck/src/meck_call_counter.erl"
EDoc could not process file '/home/pete/wefwefwef/docs/other/13900689/meck-branch-develop/meck/src/meck_call_counter.erl'
Error generating type specs for "/home/pete/wefwefwef/docs/other/13900689/meck-branch-develop/meck/src/meck_call_counter.erl"
Generating Type Specs - "/home/pete/wefwefwef/docs/other/13900689/meck-branch-develop/meck/src/meck_code.erl"
EDoc could not process file '/home/pete/wefwefwef/docs/other/13900689/meck-branch-develop/meck/src/meck_code.erl'
Error generating type specs for "/home/pete/wefwefwef/docs/other/13900689/meck-branch-develop/meck/src/meck_code.erl"
Generating Type Specs - "/home/pete/wefwefwef/docs/other/13900689/meck-branch-develop/meck/src/meck_code_gen.erl"
EDoc could not process file '/home/pete/wefwefwef/docs/other/13900689/meck-branch-develop/meck/src/meck_code_gen.erl'
Error generating type specs for "/home/pete/wefwefwef/docs/other/13900689/meck-branch-develop/meck/src/meck_code_gen.erl"
Generating Type Specs - "/home/pete/wefwefwef/docs/other/13900689/meck-branch-develop/meck/src/meck_cover.erl"
EDoc could not process file '/home/pete/wefwefwef/docs/other/13900689/meck-branch-develop/meck/src/meck_cover.erl'
Error generating type specs for "/home/pete/wefwefwef/docs/other/13900689/meck-branch-develop/meck/src/meck_cover.erl"
Generating Type Specs - "/home/pete/wefwefwef/docs/other/13900689/meck-branch-develop/meck/src/meck_expect.erl"
EDoc could not process file '/home/pete/wefwefwef/docs/other/13900689/meck-branch-develop/meck/src/meck_expect.erl'
Error generating type specs for "/home/pete/wefwefwef/docs/other/13900689/meck-branch-develop/meck/src/meck_expect.erl"
Generating Type Specs - "/home/pete/wefwefwef/docs/other/13900689/meck-branch-develop/meck/src/meck_history.erl"
EDoc could not process file '/home/pete/wefwefwef/docs/other/13900689/meck-branch-develop/meck/src/meck_history.erl'
Error generating type specs for "/home/pete/wefwefwef/docs/other/13900689/meck-branch-develop/meck/src/meck_history.erl"
Generating Type Specs - "/home/pete/wefwefwef/docs/other/13900689/meck-branch-develop/meck/src/meck_matcher.erl"
EDoc could not process file '/home/pete/wefwefwef/docs/other/13900689/meck-branch-develop/meck/src/meck_matcher.erl'
Error generating type specs for "/home/pete/wefwefwef/docs/other/13900689/meck-branch-develop/meck/src/meck_matcher.erl"
Generating Type Specs - "/home/pete/wefwefwef/docs/other/13900689/meck-branch-develop/meck/src/meck_proc.erl"
EDoc could not process file '/home/pete/wefwefwef/docs/other/13900689/meck-branch-develop/meck/src/meck_proc.erl'
Error generating type specs for "/home/pete/wefwefwef/docs/other/13900689/meck-branch-develop/meck/src/meck_proc.erl"
Generating Type Specs - "/home/pete/wefwefwef/docs/other/13900689/meck-branch-develop/meck/src/meck_ret_spec.erl"
EDoc could not process file '/home/pete/wefwefwef/docs/other/13900689/meck-branch-develop/meck/src/meck_ret_spec.erl'
Error generating type specs for "/home/pete/wefwefwef/docs/other/13900689/meck-branch-develop/meck/src/meck_ret_spec.erl"
Generating Type Specs - "/home/pete/wefwefwef/docs/other/13900689/meck-branch-develop/meck/src/meck_util.erl"
EDoc could not process file '/home/pete/wefwefwef/docs/other/13900689/meck-branch-develop/meck/src/meck_util.erl'
Error generating type specs for "/home/pete/wefwefwef/docs/other/13900689/meck-branch-develop/meck/src/meck_util.erl"
Generating XML for application meck "/home/pete/wefwefwef/docs/other/13900689/meck-branch-develop/meck" -> "/home/pete/wefwefwef/docs/other/13900689/repo/develop/.xml/meck"
/home/pete/wefwefwef/docs/other/13900689/meck-branch-develop/meck/src/meck_ret_spec.erl, in module header: at line 16: error in XML parser: {system_limit,[{ets,new,[rules,[set|...]],[]},
                                    {xmerl_scan,initial_state,2,[{...}|...]},
                                    {xmerl_scan,int_string,4,[...]},
                                    {xmerl_scan,string,2,...},
                                    {edoc_wiki,parse_xml_1,...},
                                    {edoc_wiki,...},
                                    {...}|...]}.
edoc: skipping source file '/home/pete/wefwefwef/docs/other/13900689/meck-branch-develop/meck/src/meck_ret_spec.erl': {'EXIT',
                                                                                                                 error}.
/home/pete/wefwefwef/docs/other/13900689/meck-branch-develop/meck/src/meck_proc.erl, in module header: at line 16: error in XML parser: {system_limit,[{ets,new,[rules,[set|...]],[]},
                                    {xmerl_scan,initial_state,2,[{...}|...]},
                                    {xmerl_scan,int_string,4,[...]},
                                    {xmerl_scan,string,2,...},
                                    {edoc_wiki,parse_xml_1,...},
                                    {edoc_wiki,...},
                                    {...}|...]}.
edoc: skipping source file '/home/pete/wefwefwef/docs/other/13900689/meck-branch-develop/meck/src/meck_proc.erl': {'EXIT',
                                                                                                             error}.
/home/pete/wefwefwef/docs/other/13900689/meck-branch-develop/meck/src/meck_cover.erl, in module header: at line 16: error in XML parser: {system_limit,[{ets,new,[rules,[set|...]],[]},
                                    {xmerl_scan,initial_state,2,[{...}|...]},
                                    {xmerl_scan,int_string,4,[...]},
                                    {xmerl_scan,string,2,...},
                                    {edoc_wiki,parse_xml_1,...},
                                    {edoc_wiki,...},
                                    {...}|...]}.
edoc: skipping source file '/home/pete/wefwefwef/docs/other/13900689/meck-branch-develop/meck/src/meck_cover.erl': {'EXIT',
                                                                                                              error}.
edoc: skipping source file '/home/pete/wefwefwef/docs/other/13900689/meck-branch-develop/meck/src/meck_args_matcher.erl': {'EXIT',
                                                                                                                     {system_limit,
                                                                                                                      [{ets,
                                                                                                                        new,
                                                                                                                        [etypes,
                                                                                                                         [ordered_set]],
                                                                                                                        []},
                                                                                                                       {edoc_specs,
                                                                                                                        add_data,
                                                                                                                        4,
                                                                                                                        [{file,
                                                                                                                          "edoc_specs.erl"},
                                                                                                                         {line,
                                                                                                                          109}]},
                                                                                                                       {edoc_extract,
                                                                                                                        source1,
                                                                                                                        5,
                                                                                                                        [{file,
                                                                                                                          [...]},
                                                                                                                         {line,...}]},
                                                                                                                       {edoc_doclet,
                                                                                                                        source,
                                                                                                                        9,
                                                                                                                        [{file,...},
                                                                                                                         {...}]},
                                                                                                                       {lists,
                                                                                                                        foldl,
                                                                                                                        3,
                                                                                                                        [{...}|...]},
                                                                                                                       {edoc_doclet,
                                                                                                                        sources,
                                                                                                                        5,
                                                                                                                        [...]},
                                                                                                                       {edoc_doclet,
                                                                                                                        gen,
                                                                                                                        6,...},
                                                                                                                       {edoc_lib,
                                                                                                                        run_plugin,...}]}}.
/home/pete/wefwefwef/docs/other/13900689/meck-branch-develop/meck/src/meck_code.erl, in module header: at line 20: error in XML parser: {system_limit,[{ets,new,[rules,[set|...]],[]},
                                    {xmerl_scan,initial_state,2,[{...}|...]},
                                    {xmerl_scan,int_string,4,[...]},
                                    {xmerl_scan,string,2,...},
                                    {edoc_wiki,parse_xml_1,...},
                                    {edoc_wiki,...},
                                    {...}|...]}.
edoc: skipping source file '/home/pete/wefwefwef/docs/other/13900689/meck-branch-develop/meck/src/meck_code.erl': {'EXIT',
                                                                                                             error}.
/home/pete/wefwefwef/docs/other/13900689/meck-branch-develop/meck/src/meck_expect.erl, in module header: at line 16: error in XML parser: {system_limit,[{ets,new,[rules,[set|...]],[]},
                                    {xmerl_scan,initial_state,2,[{...}|...]},
                                    {xmerl_scan,int_string,4,[...]},
                                    {xmerl_scan,string,2,...},
                                    {edoc_wiki,parse_xml_1,...},
                                    {edoc_wiki,...},
                                    {...}|...]}.
edoc: skipping source file '/home/pete/wefwefwef/docs/other/13900689/meck-branch-develop/meck/src/meck_expect.erl': {'EXIT',
                                                                                                               error}.
/home/pete/wefwefwef/docs/other/13900689/meck-branch-develop/meck/src/meck_code_gen.erl, in module header: at line 16: error in XML parser: {system_limit,[{ets,new,[rules,[set|...]],[]},
                                    {xmerl_scan,initial_state,2,[{...}|...]},
                                    {xmerl_scan,int_string,4,[...]},
                                    {xmerl_scan,string,2,...},
                                    {edoc_wiki,parse_xml_1,...},
                                    {edoc_wiki,...},
                                    {...}|...]}.
edoc: skipping source file '/home/pete/wefwefwef/docs/other/13900689/meck-branch-develop/meck/src/meck_code_gen.erl': {'EXIT',
                                                                                                                 error}.
/home/pete/wefwefwef/docs/other/13900689/meck-branch-develop/meck/src/meck_call_counter.erl, in module header: at line 16: error in XML parser: {system_limit,[{ets,new,[rules,[set|...]],[]},
                                    {xmerl_scan,initial_state,2,[{...}|...]},
                                    {xmerl_scan,int_string,4,[...]},
                                    {xmerl_scan,string,2,...},
                                    {edoc_wiki,parse_xml_1,...},
                                    {edoc_wiki,...},
                                    {...}|...]}.
edoc: skipping source file '/home/pete/wefwefwef/docs/other/13900689/meck-branch-develop/meck/src/meck_call_counter.erl': {'EXIT',
                                                                                                                     error}.
/home/pete/wefwefwef/docs/other/13900689/meck-branch-develop/meck/src/meck_matcher.erl, in module header: at line 16: error in XML parser: {system_limit,[{ets,new,[rules,[set|...]],[]},
                                    {xmerl_scan,initial_state,2,[{...}|...]},
                                    {xmerl_scan,int_string,4,[...]},
                                    {xmerl_scan,string,2,...},
                                    {edoc_wiki,parse_xml_1,...},
                                    {edoc_wiki,...},
                                    {...}|...]}.
edoc: skipping source file '/home/pete/wefwefwef/docs/other/13900689/meck-branch-develop/meck/src/meck_matcher.erl': {'EXIT',
                                                                                                                error}.
/home/pete/wefwefwef/docs/other/13900689/meck-branch-develop/meck/src/meck_history.erl, in module header: at line 16: error in XML parser: {system_limit,[{ets,new,[rules,[set|...]],[]},
                                    {xmerl_scan,initial_state,2,[{...}|...]},
                                    {xmerl_scan,int_string,4,[...]},
                                    {xmerl_scan,string,2,...},
                                    {edoc_wiki,parse_xml_1,...},
                                    {edoc_wiki,...},
                                    {...}|...]}.
edoc: skipping source file '/home/pete/wefwefwef/docs/other/13900689/meck-branch-develop/meck/src/meck_history.erl': {'EXIT',
                                                                                                                error}.
/home/pete/wefwefwef/docs/other/13900689/meck-branch-develop/meck/src/meck_util.erl, in module header: at line 16: error in XML parser: {system_limit,[{ets,new,[rules,[set|...]],[]},
                                    {xmerl_scan,initial_state,2,[{...}|...]},
                                    {xmerl_scan,int_string,4,[...]},
                                    {xmerl_scan,string,2,...},
                                    {edoc_wiki,parse_xml_1,...},
                                    {edoc_wiki,...},
                                    {...}|...]}.
edoc: skipping source file '/home/pete/wefwefwef/docs/other/13900689/meck-branch-develop/meck/src/meck_util.erl': {'EXIT',
                                                                                                             error}.
edoc: skipping source file '/home/pete/wefwefwef/docs/other/13900689/meck-branch-develop/meck/src/meck.erl': {error,
                                                                                                        67,
                                                                                                        {"error in XML parser: ~P.",
                                                                                                         [{system_limit,
                                                                                                           [{ets,
                                                                                                             new,
                                                                                                             [rules,
                                                                                                              [...]],
                                                                                                             []},
                                                                                                            {xmerl_scan,
                                                                                                             initial_state,
                                                                                                             2,
                                                                                                             [...]},
                                                                                                            {xmerl_scan,
                                                                                                             int_string,
                                                                                                             4,...},
                                                                                                            {xmerl_scan,
                                                                                                             string,...},
                                                                                                            {edoc_wiki,...},
                                                                                                            {...}|...]},
                                                                                                          10]}}.
/home/pete/wefwefwef/docs/other/13900689/meck-branch-develop/meck/doc/overview.edoc: at line 22: error in XML parser: {system_limit,[{ets,new,[rules,[set|...]],[]},
                                    {xmerl_scan,initial_state,2,[{...}|...]},
                                    {xmerl_scan,int_string,4,[...]},
                                    {xmerl_scan,string,2,...},
                                    {edoc_wiki,parse_xml_1,...},
                                    {edoc_wiki,...},
                                    {...}|...]}.
edoc: error in doclet 'edoc_doclet': {'EXIT',error}.
Error generating meck XMLs. Using fallback ...
Generating XML meck - meck "/home/pete/wefwefwef/docs/other/13900689/meck-branch-develop/meck/src/meck.erl" -> "/home/pete/wefwefwef/docs/other/13900689/repo/develop/.xml/meck/meck.xml"
Error generating XML ("/home/pete/wefwefwef/docs/other/13900689/meck-branch-develop/meck/src/meck.erl"): {error,
                                                                                                          67,
                                                                                                          {"error in XML parser: ~P.",
                                                                                                           [{system_limit,
                                                                                                             [{ets,
                                                                                                               new,
                                                                                                               [rules,
                                                                                                                [set,
                                                                                                                 public]],
                                                                                                               []},
                                                                                                              {xmerl_scan,
                                                                                                               initial_state,
                                                                                                               2,
                                                                                                               [{file,
                                                                                                                 "xmerl_scan.erl"},
                                                                                                                {line,
                                                                                                                 413}]},
                                                                                                              {xmerl_scan,
                                                                                                               int_string,
                                                                                                               4,
                                                                                                               [{file,
                                                                                                                 "xmerl_scan.erl"},
                                                                                                                {line,
                                                                                                                 295}]},
                                                                                                              {xmerl_scan,
                                                                                                               string,
                                                                                                               2,
                                                                                                               [{file,
                                                                                                                 "xmerl_scan.erl"},
                                                                                                                {line,
                                                                                                                 286}]},
                                                                                                              {edoc_wiki,
                                                                                                               parse_xml_1,
                                                                                                               2,
                                                                                                               [{file,
                                                                                                                 "edoc_wiki.erl"},
                                                                                                                {line,
                                                                                                                 85}]},
                                                                                                              {edoc_wiki,
                                                                                                               parse_xml,
                                                                                                               2,
                                                                                                               [{file,
                                                                                                                 "edoc_wiki.erl"},
                                                                                                                {line,
                                                                                                                 79}]},
                                                                                                              {edoc_specs,
                                                                                                               find_type_docs,
                                                                                                               3,
                                                                                                               [{file,
                                                                                                                 "edoc_specs.erl"},
                                                                                                                {line,
                                                                                                                 150}]},
                                                                                                              {edoc_extract,
                                                                                                               source,
                                                                                                               5,
                                                                                                               [{file,
                                                                                                                 "edoc_extract.erl"},
                                                                                                                {line,
                                                                                                                 78}]}]},
                                                                                                            10]}}
Generating XML meck - meck_args_matcher "/home/pete/wefwefwef/docs/other/13900689/meck-branch-develop/meck/src/meck_args_matcher.erl" -> "/home/pete/wefwefwef/docs/other/13900689/repo/develop/.xml/meck/meck_args_matcher.xml"
Error generating XML ("/home/pete/wefwefwef/docs/other/13900689/meck-branch-develop/meck/src/meck_args_matcher.erl"): {'EXIT',
                                                                                                                       {system_limit,
                                                                                                                        [{ets,
                                                                                                                          new,
                                                                                                                          [etypes,
                                                                                                                           [ordered_set]],
                                                                                                                          []},
                                                                                                                         {edoc_specs,
                                                                                                                          add_data,
                                                                                                                          4,
                                                                                                                          [{file,
                                                                                                                            "edoc_specs.erl"},
                                                                                                                           {line,
                                                                                                                            109}]},
                                                                                                                         {edoc_extract,
                                                                                                                          source1,
                                                                                                                          5,
                                                                                                                          [{file,
                                                                                                                            "edoc_extract.erl"},
                                                                                                                           {line,
                                                                                                                            130}]},
                                                                                                                         {edoc,
                                                                                                                          read,
                                                                                                                          2,
                                                                                                                          [{file,
                                                                                                                            "edoc.erl"},
                                                                                                                           {line,
                                                                                                                            538}]},
                                                                                                                         {edoc,
                                                                                                                          file,
                                                                                                                          2,
                                                                                                                          [{file,
                                                                                                                            "edoc.erl"},
                                                                                                                           {line,
                                                                                                                            116}]},
                                                                                                                         {erldocs_core,
                                                                                                                          '-gen_docsrc/4-fun-1-',
                                                                                                                          5,
                                                                                                                          [{file,
                                                                                                                            "src/erldocs_core.erl"},
                                                                                                                           {line,
                                                                                                                            204}]},
                                                                                                                         {lists,
                                                                                                                          foldl,
                                                                                                                          3,
                                                                                                                          [{file,
                                                                                                                            "lists.erl"},
                                                                                                                           {line,
                                                                                                                            1261}]},
                                                                                                                         {erldocs_core,
                                                                                                                          tmp_cd,
                                                                                                                          2,
                                                                                                                          [{file,
                                                                                                                            "src/erldocs_core.erl"},
                                                                                                                           {line,
                                                                                                                            227}]}]}}
Generating XML meck - meck_call_counter "/home/pete/wefwefwef/docs/other/13900689/meck-branch-develop/meck/src/meck_call_counter.erl" -> "/home/pete/wefwefwef/docs/other/13900689/repo/develop/.xml/meck/meck_call_counter.xml"
/home/pete/wefwefwef/docs/other/13900689/meck-branch-develop/meck/src/meck_call_counter.erl, in module header: at line 16: error in XML parser: {system_limit,[{ets,new,[rules,[set|...]],[]},
                                    {xmerl_scan,initial_state,2,[{...}|...]},
                                    {xmerl_scan,int_string,4,[...]},
                                    {xmerl_scan,string,2,...},
                                    {edoc_wiki,parse_xml_1,...},
                                    {edoc_wiki,...},
                                    {...}|...]}.
Error generating XML ("/home/pete/wefwefwef/docs/other/13900689/meck-branch-develop/meck/src/meck_call_counter.erl"): {'EXIT',
                                                                                                                       error}
Generating XML meck - meck_code "/home/pete/wefwefwef/docs/other/13900689/meck-branch-develop/meck/src/meck_code.erl" -> "/home/pete/wefwefwef/docs/other/13900689/repo/develop/.xml/meck/meck_code.xml"
/home/pete/wefwefwef/docs/other/13900689/meck-branch-develop/meck/src/meck_code.erl, in module header: at line 20: error in XML parser: {system_limit,[{ets,new,[rules,[set|...]],[]},
                                    {xmerl_scan,initial_state,2,[{...}|...]},
                                    {xmerl_scan,int_string,4,[...]},
                                    {xmerl_scan,string,2,...},
                                    {edoc_wiki,parse_xml_1,...},
                                    {edoc_wiki,...},
                                    {...}|...]}.
Error generating XML ("/home/pete/wefwefwef/docs/other/13900689/meck-branch-develop/meck/src/meck_code.erl"): {'EXIT',
                                                                                                               error}
Generating XML meck - meck_code_gen "/home/pete/wefwefwef/docs/other/13900689/meck-branch-develop/meck/src/meck_code_gen.erl" -> "/home/pete/wefwefwef/docs/other/13900689/repo/develop/.xml/meck/meck_code_gen.xml"
/home/pete/wefwefwef/docs/other/13900689/meck-branch-develop/meck/src/meck_code_gen.erl, in module header: at line 16: error in XML parser: {system_limit,[{ets,new,[rules,[set|...]],[]},
                                    {xmerl_scan,initial_state,2,[{...}|...]},
                                    {xmerl_scan,int_string,4,[...]},
                                    {xmerl_scan,string,2,...},
                                    {edoc_wiki,parse_xml_1,...},
                                    {edoc_wiki,...},
                                    {...}|...]}.
Error generating XML ("/home/pete/wefwefwef/docs/other/13900689/meck-branch-develop/meck/src/meck_code_gen.erl"): {'EXIT',
                                                                                                                   error}
Generating XML meck - meck_cover "/home/pete/wefwefwef/docs/other/13900689/meck-branch-develop/meck/src/meck_cover.erl" -> "/home/pete/wefwefwef/docs/other/13900689/repo/develop/.xml/meck/meck_cover.xml"
/home/pete/wefwefwef/docs/other/13900689/meck-branch-develop/meck/src/meck_cover.erl, in module header: at line 16: error in XML parser: {system_limit,[{ets,new,[rules,[set|...]],[]},
                                    {xmerl_scan,initial_state,2,[{...}|...]},
                                    {xmerl_scan,int_string,4,[...]},
                                    {xmerl_scan,string,2,...},
                                    {edoc_wiki,parse_xml_1,...},
                                    {edoc_wiki,...},
                                    {...}|...]}.
Error generating XML ("/home/pete/wefwefwef/docs/other/13900689/meck-branch-develop/meck/src/meck_cover.erl"): {'EXIT',
                                                                                                                error}
Generating XML meck - meck_expect "/home/pete/wefwefwef/docs/other/13900689/meck-branch-develop/meck/src/meck_expect.erl" -> "/home/pete/wefwefwef/docs/other/13900689/repo/develop/.xml/meck/meck_expect.xml"
/home/pete/wefwefwef/docs/other/13900689/meck-branch-develop/meck/src/meck_expect.erl, in module header: at line 16: error in XML parser: {system_limit,[{ets,new,[rules,[set|...]],[]},
                                    {xmerl_scan,initial_state,2,[{...}|...]},
                                    {xmerl_scan,int_string,4,[...]},
                                    {xmerl_scan,string,2,...},
                                    {edoc_wiki,parse_xml_1,...},
                                    {edoc_wiki,...},
                                    {...}|...]}.
Error generating XML ("/home/pete/wefwefwef/docs/other/13900689/meck-branch-develop/meck/src/meck_expect.erl"): {'EXIT',
                                                                                                                 error}
Generating XML meck - meck_history "/home/pete/wefwefwef/docs/other/13900689/meck-branch-develop/meck/src/meck_history.erl" -> "/home/pete/wefwefwef/docs/other/13900689/repo/develop/.xml/meck/meck_history.xml"
/home/pete/wefwefwef/docs/other/13900689/meck-branch-develop/meck/src/meck_history.erl, in module header: at line 16: error in XML parser: {system_limit,[{ets,new,[rules,[set|...]],[]},
                                    {xmerl_scan,initial_state,2,[{...}|...]},
                                    {xmerl_scan,int_string,4,[...]},
                                    {xmerl_scan,string,2,...},
                                    {edoc_wiki,parse_xml_1,...},
                                    {edoc_wiki,...},
                                    {...}|...]}.
Error generating XML ("/home/pete/wefwefwef/docs/other/13900689/meck-branch-develop/meck/src/meck_history.erl"): {'EXIT',
                                                                                                                  error}
Generating XML meck - meck_matcher "/home/pete/wefwefwef/docs/other/13900689/meck-branch-develop/meck/src/meck_matcher.erl" -> "/home/pete/wefwefwef/docs/other/13900689/repo/develop/.xml/meck/meck_matcher.xml"
/home/pete/wefwefwef/docs/other/13900689/meck-branch-develop/meck/src/meck_matcher.erl, in module header: at line 16: error in XML parser: {system_limit,[{ets,new,[rules,[set|...]],[]},
                                    {xmerl_scan,initial_state,2,[{...}|...]},
                                    {xmerl_scan,int_string,4,[...]},
                                    {xmerl_scan,string,2,...},
                                    {edoc_wiki,parse_xml_1,...},
                                    {edoc_wiki,...},
                                    {...}|...]}.
Error generating XML ("/home/pete/wefwefwef/docs/other/13900689/meck-branch-develop/meck/src/meck_matcher.erl"): {'EXIT',
                                                                                                                  error}
Generating XML meck - meck_proc "/home/pete/wefwefwef/docs/other/13900689/meck-branch-develop/meck/src/meck_proc.erl" -> "/home/pete/wefwefwef/docs/other/13900689/repo/develop/.xml/meck/meck_proc.xml"
/home/pete/wefwefwef/docs/other/13900689/meck-branch-develop/meck/src/meck_proc.erl, in module header: at line 16: error in XML parser: {system_limit,[{ets,new,[rules,[set|...]],[]},
                                    {xmerl_scan,initial_state,2,[{...}|...]},
                                    {xmerl_scan,int_string,4,[...]},
                                    {xmerl_scan,string,2,...},
                                    {edoc_wiki,parse_xml_1,...},
                                    {edoc_wiki,...},
                                    {...}|...]}.
Error generating XML ("/home/pete/wefwefwef/docs/other/13900689/meck-branch-develop/meck/src/meck_proc.erl"): {'EXIT',
                                                                                                               error}
Generating XML meck - meck_ret_spec "/home/pete/wefwefwef/docs/other/13900689/meck-branch-develop/meck/src/meck_ret_spec.erl" -> "/home/pete/wefwefwef/docs/other/13900689/repo/develop/.xml/meck/meck_ret_spec.xml"
/home/pete/wefwefwef/docs/other/13900689/meck-branch-develop/meck/src/meck_ret_spec.erl, in module header: at line 16: error in XML parser: {system_limit,[{ets,new,[rules,[set|...]],[]},
                                    {xmerl_scan,initial_state,2,[{...}|...]},
                                    {xmerl_scan,int_string,4,[...]},
                                    {xmerl_scan,string,2,...},
                                    {edoc_wiki,parse_xml_1,...},
                                    {edoc_wiki,...},
                                    {...}|...]}.
Error generating XML ("/home/pete/wefwefwef/docs/other/13900689/meck-branch-develop/meck/src/meck_ret_spec.erl"): {'EXIT',
                                                                                                                   error}
Generating XML meck - meck_util "/home/pete/wefwefwef/docs/other/13900689/meck-branch-develop/meck/src/meck_util.erl" -> "/home/pete/wefwefwef/docs/other/13900689/repo/develop/.xml/meck/meck_util.xml"
/home/pete/wefwefwef/docs/other/13900689/meck-branch-develop/meck/src/meck_util.erl, in module header: at line 16: error in XML parser: {system_limit,[{ets,new,[rules,[set|...]],[]},
                                    {xmerl_scan,initial_state,2,[{...}|...]},
                                    {xmerl_scan,int_string,4,[...]},
                                    {xmerl_scan,string,2,...},
                                    {edoc_wiki,parse_xml_1,...},
                                    {edoc_wiki,...},
                                    {...}|...]}.
Error generating XML ("/home/pete/wefwefwef/docs/other/13900689/meck-branch-develop/meck/src/meck_util.erl"): {'EXIT',
                                                                                                               error}
No documentation was generated!
Woot, finished in 0 Minutes 1 Seconds
 :: Discovering other repos
$ 5000  `rm -r '/home/pete/wefwefwef/docs/other/13900689/meck-branch-develop'  2>&1`
 :: Processing https://github.com/horkhe/meck	{rev,branch,"develop2","3bd9ed36aaca6bee2efb382873727fcb3e9d70a9",undefined,[],[]}
 :: Fetching repo code
$ cd "/home/pete/wefwefwef/docs/other/13900689/meck-branch-develop2/meck"
$ infinity  `curl --fail --silent --show-error --location --output 'develop2.zip' 'https://github.com/horkhe/meck/archive/develop2.zip'  2>&1`
$ cd "/home/pete/wefwefwef/docs/erldocs_other.git"
$ cd "/home/pete/wefwefwef/docs/other/13900689/meck-branch-develop2/meck"
$ 5000  `find -P . -type l -delete  2>&1`
$ cd "/home/pete/wefwefwef/docs/erldocs_other.git"
$ cd "/home/pete/wefwefwef/docs/other/13900689/meck-branch-develop2/meck"
$ 5000  `find 'meck-develop2' -mindepth 1 -maxdepth 1 -exec mv -t . -- {} +  2>&1`
$ cd "/home/pete/wefwefwef/docs/erldocs_other.git"
 :: Getting dependencies
$ cd "/home/pete/wefwefwef/docs/other/13900689/meck-branch-develop2/meck"
$ 5000  `ls -1 deps/  2>&1`
$ cd "/home/pete/wefwefwef/docs/erldocs_other.git"
>>> [rebar] deps = []
 :: Generating erldocs into /home/pete/wefwefwef/docs/other/13900689/repo/develop2
Building meck
Generating Type Specs - "/home/pete/wefwefwef/docs/other/13900689/meck-branch-develop2/meck/src/meck.erl"
EDoc could not process file '/home/pete/wefwefwef/docs/other/13900689/meck-branch-develop2/meck/src/meck.erl'
Error generating type specs for "/home/pete/wefwefwef/docs/other/13900689/meck-branch-develop2/meck/src/meck.erl"
Generating Type Specs - "/home/pete/wefwefwef/docs/other/13900689/meck-branch-develop2/meck/src/meck_args_matcher.erl"
EDoc could not process file '/home/pete/wefwefwef/docs/other/13900689/meck-branch-develop2/meck/src/meck_args_matcher.erl'
Error generating type specs for "/home/pete/wefwefwef/docs/other/13900689/meck-branch-develop2/meck/src/meck_args_matcher.erl"
Generating Type Specs - "/home/pete/wefwefwef/docs/other/13900689/meck-branch-develop2/meck/src/meck_code.erl"
EDoc could not process file '/home/pete/wefwefwef/docs/other/13900689/meck-branch-develop2/meck/src/meck_code.erl'
Error generating type specs for "/home/pete/wefwefwef/docs/other/13900689/meck-branch-develop2/meck/src/meck_code.erl"
Generating Type Specs - "/home/pete/wefwefwef/docs/other/13900689/meck-branch-develop2/meck/src/meck_code_gen.erl"
EDoc could not process file '/home/pete/wefwefwef/docs/other/13900689/meck-branch-develop2/meck/src/meck_code_gen.erl'
Error generating type specs for "/home/pete/wefwefwef/docs/other/13900689/meck-branch-develop2/meck/src/meck_code_gen.erl"
Generating Type Specs - "/home/pete/wefwefwef/docs/other/13900689/meck-branch-develop2/meck/src/meck_cover.erl"
EDoc could not process file '/home/pete/wefwefwef/docs/other/13900689/meck-branch-develop2/meck/src/meck_cover.erl'
Error generating type specs for "/home/pete/wefwefwef/docs/other/13900689/meck-branch-develop2/meck/src/meck_cover.erl"
Generating Type Specs - "/home/pete/wefwefwef/docs/other/13900689/meck-branch-develop2/meck/src/meck_expect.erl"
EDoc could not process file '/home/pete/wefwefwef/docs/other/13900689/meck-branch-develop2/meck/src/meck_expect.erl'
Error generating type specs for "/home/pete/wefwefwef/docs/other/13900689/meck-branch-develop2/meck/src/meck_expect.erl"
Generating Type Specs - "/home/pete/wefwefwef/docs/other/13900689/meck-branch-develop2/meck/src/meck_history.erl"
EDoc could not process file '/home/pete/wefwefwef/docs/other/13900689/meck-branch-develop2/meck/src/meck_history.erl'
Error generating type specs for "/home/pete/wefwefwef/docs/other/13900689/meck-branch-develop2/meck/src/meck_history.erl"
Generating Type Specs - "/home/pete/wefwefwef/docs/other/13900689/meck-branch-develop2/meck/src/meck_matcher.erl"
EDoc could not process file '/home/pete/wefwefwef/docs/other/13900689/meck-branch-develop2/meck/src/meck_matcher.erl'
Error generating type specs for "/home/pete/wefwefwef/docs/other/13900689/meck-branch-develop2/meck/src/meck_matcher.erl"
Generating Type Specs - "/home/pete/wefwefwef/docs/other/13900689/meck-branch-develop2/meck/src/meck_proc.erl"
EDoc could not process file '/home/pete/wefwefwef/docs/other/13900689/meck-branch-develop2/meck/src/meck_proc.erl'
Error generating type specs for "/home/pete/wefwefwef/docs/other/13900689/meck-branch-develop2/meck/src/meck_proc.erl"
Generating Type Specs - "/home/pete/wefwefwef/docs/other/13900689/meck-branch-develop2/meck/src/meck_ret_spec.erl"
EDoc could not process file '/home/pete/wefwefwef/docs/other/13900689/meck-branch-develop2/meck/src/meck_ret_spec.erl'
Error generating type specs for "/home/pete/wefwefwef/docs/other/13900689/meck-branch-develop2/meck/src/meck_ret_spec.erl"
Generating Type Specs - "/home/pete/wefwefwef/docs/other/13900689/meck-branch-develop2/meck/src/meck_util.erl"
EDoc could not process file '/home/pete/wefwefwef/docs/other/13900689/meck-branch-develop2/meck/src/meck_util.erl'
Error generating type specs for "/home/pete/wefwefwef/docs/other/13900689/meck-branch-develop2/meck/src/meck_util.erl"
Generating XML for application meck "/home/pete/wefwefwef/docs/other/13900689/meck-branch-develop2/meck" -> "/home/pete/wefwefwef/docs/other/13900689/repo/develop2/.xml/meck"
/home/pete/wefwefwef/docs/other/13900689/meck-branch-develop2/meck/src/meck_ret_spec.erl, in module header: at line 16: error in XML parser: {system_limit,[{ets,new,[rules,[set|...]],[]},
                                    {xmerl_scan,initial_state,2,[{...}|...]},
                                    {xmerl_scan,int_string,4,[...]},
                                    {xmerl_scan,string,2,...},
                                    {edoc_wiki,parse_xml_1,...},
                                    {edoc_wiki,...},
                                    {...}|...]}.
edoc: skipping source file '/home/pete/wefwefwef/docs/other/13900689/meck-branch-develop2/meck/src/meck_ret_spec.erl': {'EXIT',
                                                                                                                  error}.
/home/pete/wefwefwef/docs/other/13900689/meck-branch-develop2/meck/src/meck_proc.erl, in module header: at line 16: error in XML parser: {system_limit,[{ets,new,[rules,[set|...]],[]},
                                    {xmerl_scan,initial_state,2,[{...}|...]},
                                    {xmerl_scan,int_string,4,[...]},
                                    {xmerl_scan,string,2,...},
                                    {edoc_wiki,parse_xml_1,...},
                                    {edoc_wiki,...},
                                    {...}|...]}.
edoc: skipping source file '/home/pete/wefwefwef/docs/other/13900689/meck-branch-develop2/meck/src/meck_proc.erl': {'EXIT',
                                                                                                              error}.
/home/pete/wefwefwef/docs/other/13900689/meck-branch-develop2/meck/src/meck_cover.erl, in module header: at line 16: error in XML parser: {system_limit,[{ets,new,[rules,[set|...]],[]},
                                    {xmerl_scan,initial_state,2,[{...}|...]},
                                    {xmerl_scan,int_string,4,[...]},
                                    {xmerl_scan,string,2,...},
                                    {edoc_wiki,parse_xml_1,...},
                                    {edoc_wiki,...},
                                    {...}|...]}.
edoc: skipping source file '/home/pete/wefwefwef/docs/other/13900689/meck-branch-develop2/meck/src/meck_cover.erl': {'EXIT',
                                                                                                               error}.
edoc: skipping source file '/home/pete/wefwefwef/docs/other/13900689/meck-branch-develop2/meck/src/meck_args_matcher.erl': {'EXIT',
                                                                                                                      {system_limit,
                                                                                                                       [{ets,
                                                                                                                         new,
                                                                                                                         [etypes,
                                                                                                                          [ordered_set]],
                                                                                                                         []},
                                                                                                                        {edoc_specs,
                                                                                                                         add_data,
                                                                                                                         4,
                                                                                                                         [{file,
                                                                                                                           "edoc_specs.erl"},
                                                                                                                          {line,
                                                                                                                           109}]},
                                                                                                                        {edoc_extract,
                                                                                                                         source1,
                                                                                                                         5,
                                                                                                                         [{file,
                                                                                                                           [...]},
                                                                                                                          {line,...}]},
                                                                                                                        {edoc_doclet,
                                                                                                                         source,
                                                                                                                         9,
                                                                                                                         [{file,...},
                                                                                                                          {...}]},
                                                                                                                        {lists,
                                                                                                                         foldl,
                                                                                                                         3,
                                                                                                                         [{...}|...]},
                                                                                                                        {edoc_doclet,
                                                                                                                         sources,
                                                                                                                         5,
                                                                                                                         [...]},
                                                                                                                        {edoc_doclet,
                                                                                                                         gen,
                                                                                                                         6,...},
                                                                                                                        {edoc_lib,
                                                                                                                         run_plugin,...}]}}.
/home/pete/wefwefwef/docs/other/13900689/meck-branch-develop2/meck/src/meck_code.erl, in module header: at line 20: error in XML parser: {system_limit,[{ets,new,[rules,[set|...]],[]},
                                    {xmerl_scan,initial_state,2,[{...}|...]},
                                    {xmerl_scan,int_string,4,[...]},
                                    {xmerl_scan,string,2,...},
                                    {edoc_wiki,parse_xml_1,...},
                                    {edoc_wiki,...},
                                    {...}|...]}.
edoc: skipping source file '/home/pete/wefwefwef/docs/other/13900689/meck-branch-develop2/meck/src/meck_code.erl': {'EXIT',
                                                                                                              error}.
/home/pete/wefwefwef/docs/other/13900689/meck-branch-develop2/meck/src/meck_expect.erl, in module header: at line 16: error in XML parser: {system_limit,[{ets,new,[rules,[set|...]],[]},
                                    {xmerl_scan,initial_state,2,[{...}|...]},
                                    {xmerl_scan,int_string,4,[...]},
                                    {xmerl_scan,string,2,...},
                                    {edoc_wiki,parse_xml_1,...},
                                    {edoc_wiki,...},
                                    {...}|...]}.
edoc: skipping source file '/home/pete/wefwefwef/docs/other/13900689/meck-branch-develop2/meck/src/meck_expect.erl': {'EXIT',
                                                                                                                error}.
/home/pete/wefwefwef/docs/other/13900689/meck-branch-develop2/meck/src/meck_code_gen.erl, in module header: at line 16: error in XML parser: {system_limit,[{ets,new,[rules,[set|...]],[]},
                                    {xmerl_scan,initial_state,2,[{...}|...]},
                                    {xmerl_scan,int_string,4,[...]},
                                    {xmerl_scan,string,2,...},
                                    {edoc_wiki,parse_xml_1,...},
                                    {edoc_wiki,...},
                                    {...}|...]}.
edoc: skipping source file '/home/pete/wefwefwef/docs/other/13900689/meck-branch-develop2/meck/src/meck_code_gen.erl': {'EXIT',
                                                                                                                  error}.
/home/pete/wefwefwef/docs/other/13900689/meck-branch-develop2/meck/src/meck_matcher.erl, in module header: at line 16: error in XML parser: {system_limit,[{ets,new,[rules,[set|...]],[]},
                                    {xmerl_scan,initial_state,2,[{...}|...]},
                                    {xmerl_scan,int_string,4,[...]},
                                    {xmerl_scan,string,2,...},
                                    {edoc_wiki,parse_xml_1,...},
                                    {edoc_wiki,...},
                                    {...}|...]}.
edoc: skipping source file '/home/pete/wefwefwef/docs/other/13900689/meck-branch-develop2/meck/src/meck_matcher.erl': {'EXIT',
                                                                                                                 error}.
/home/pete/wefwefwef/docs/other/13900689/meck-branch-develop2/meck/src/meck_history.erl, in module header: at line 16: error in XML parser: {system_limit,[{ets,new,[rules,[set|...]],[]},
                                    {xmerl_scan,initial_state,2,[{...}|...]},
                                    {xmerl_scan,int_string,4,[...]},
                                    {xmerl_scan,string,2,...},
                                    {edoc_wiki,parse_xml_1,...},
                                    {edoc_wiki,...},
                                    {...}|...]}.
edoc: skipping source file '/home/pete/wefwefwef/docs/other/13900689/meck-branch-develop2/meck/src/meck_history.erl': {'EXIT',
                                                                                                                 error}.
/home/pete/wefwefwef/docs/other/13900689/meck-branch-develop2/meck/src/meck_util.erl, in module header: at line 16: error in XML parser: {system_limit,[{ets,new,[rules,[set|...]],[]},
                                    {xmerl_scan,initial_state,2,[{...}|...]},
                                    {xmerl_scan,int_string,4,[...]},
                                    {xmerl_scan,string,2,...},
                                    {edoc_wiki,parse_xml_1,...},
                                    {edoc_wiki,...},
                                    {...}|...]}.
edoc: skipping source file '/home/pete/wefwefwef/docs/other/13900689/meck-branch-develop2/meck/src/meck_util.erl': {'EXIT',
                                                                                                              error}.
edoc: skipping source file '/home/pete/wefwefwef/docs/other/13900689/meck-branch-develop2/meck/src/meck.erl': {error,
                                                                                                         68,
                                                                                                         {"error in XML parser: ~P.",
                                                                                                          [{system_limit,
                                                                                                            [{ets,
                                                                                                              new,
                                                                                                              [rules,
                                                                                                               [...]],
                                                                                                              []},
                                                                                                             {xmerl_scan,
                                                                                                              initial_state,
                                                                                                              2,
                                                                                                              [...]},
                                                                                                             {xmerl_scan,
                                                                                                              int_string,
                                                                                                              4,...},
                                                                                                             {xmerl_scan,
                                                                                                              string,...},
                                                                                                             {edoc_wiki,...},
                                                                                                             {...}|...]},
                                                                                                           10]}}.
/home/pete/wefwefwef/docs/other/13900689/meck-branch-develop2/meck/doc/overview.edoc: at line 22: error in XML parser: {system_limit,[{ets,new,[rules,[set|...]],[]},
                                    {xmerl_scan,initial_state,2,[{...}|...]},
                                    {xmerl_scan,int_string,4,[...]},
                                    {xmerl_scan,string,2,...},
                                    {edoc_wiki,parse_xml_1,...},
                                    {edoc_wiki,...},
                                    {...}|...]}.
edoc: error in doclet 'edoc_doclet': {'EXIT',error}.
Error generating meck XMLs. Using fallback ...
Generating XML meck - meck "/home/pete/wefwefwef/docs/other/13900689/meck-branch-develop2/meck/src/meck.erl" -> "/home/pete/wefwefwef/docs/other/13900689/repo/develop2/.xml/meck/meck.xml"
Error generating XML ("/home/pete/wefwefwef/docs/other/13900689/meck-branch-develop2/meck/src/meck.erl"): {error,
                                                                                                           68,
                                                                                                           {"error in XML parser: ~P.",
                                                                                                            [{system_limit,
                                                                                                              [{ets,
                                                                                                                new,
                                                                                                                [rules,
                                                                                                                 [set,
                                                                                                                  public]],
                                                                                                                []},
                                                                                                               {xmerl_scan,
                                                                                                                initial_state,
                                                                                                                2,
                                                                                                                [{file,
                                                                                                                  "xmerl_scan.erl"},
                                                                                                                 {line,
                                                                                                                  413}]},
                                                                                                               {xmerl_scan,
                                                                                                                int_string,
                                                                                                                4,
                                                                                                                [{file,
                                                                                                                  "xmerl_scan.erl"},
                                                                                                                 {line,
                                                                                                                  295}]},
                                                                                                               {xmerl_scan,
                                                                                                                string,
                                                                                                                2,
                                                                                                                [{file,
                                                                                                                  "xmerl_scan.erl"},
                                                                                                                 {line,
                                                                                                                  286}]},
                                                                                                               {edoc_wiki,
                                                                                                                parse_xml_1,
                                                                                                                2,
                                                                                                                [{file,
                                                                                                                  "edoc_wiki.erl"},
                                                                                                                 {line,
                                                                                                                  85}]},
                                                                                                               {edoc_wiki,
                                                                                                                parse_xml,
                                                                                                                2,
                                                                                                                [{file,
                                                                                                                  "edoc_wiki.erl"},
                                                                                                                 {line,
                                                                                                                  79}]},
                                                                                                               {edoc_specs,
                                                                                                                find_type_docs,
                                                                                                                3,
                                                                                                                [{file,
                                                                                                                  "edoc_specs.erl"},
                                                                                                                 {line,
                                                                                                                  150}]},
                                                                                                               {edoc_extract,
                                                                                                                source,
                                                                                                                5,
                                                                                                                [{file,
                                                                                                                  "edoc_extract.erl"},
                                                                                                                 {line,
                                                                                                                  78}]}]},
                                                                                                             10]}}
Generating XML meck - meck_args_matcher "/home/pete/wefwefwef/docs/other/13900689/meck-branch-develop2/meck/src/meck_args_matcher.erl" -> "/home/pete/wefwefwef/docs/other/13900689/repo/develop2/.xml/meck/meck_args_matcher.xml"
Error generating XML ("/home/pete/wefwefwef/docs/other/13900689/meck-branch-develop2/meck/src/meck_args_matcher.erl"): {'EXIT',
                                                                                                                        {system_limit,
                                                                                                                         [{ets,
                                                                                                                           new,
                                                                                                                           [etypes,
                                                                                                                            [ordered_set]],
                                                                                                                           []},
                                                                                                                          {edoc_specs,
                                                                                                                           add_data,
                                                                                                                           4,
                                                                                                                           [{file,
                                                                                                                             "edoc_specs.erl"},
                                                                                                                            {line,
                                                                                                                             109}]},
                                                                                                                          {edoc_extract,
                                                                                                                           source1,
                                                                                                                           5,
                                                                                                                           [{file,
                                                                                                                             "edoc_extract.erl"},
                                                                                                                            {line,
                                                                                                                             130}]},
                                                                                                                          {edoc,
                                                                                                                           read,
                                                                                                                           2,
                                                                                                                           [{file,
                                                                                                                             "edoc.erl"},
                                                                                                                            {line,
                                                                                                                             538}]},
                                                                                                                          {edoc,
                                                                                                                           file,
                                                                                                                           2,
                                                                                                                           [{file,
                                                                                                                             "edoc.erl"},
                                                                                                                            {line,
                                                                                                                             116}]},
                                                                                                                          {erldocs_core,
                                                                                                                           '-gen_docsrc/4-fun-1-',
                                                                                                                           5,
                                                                                                                           [{file,
                                                                                                                             "src/erldocs_core.erl"},
                                                                                                                            {line,
                                                                                                                             204}]},
                                                                                                                          {lists,
                                                                                                                           foldl,
                                                                                                                           3,
                                                                                                                           [{file,
                                                                                                                             "lists.erl"},
                                                                                                                            {line,
                                                                                                                             1261}]},
                                                                                                                          {erldocs_core,
                                                                                                                           tmp_cd,
                                                                                                                           2,
                                                                                                                           [{file,
                                                                                                                             "src/erldocs_core.erl"},
                                                                                                                            {line,
                                                                                                                             227}]}]}}
Generating XML meck - meck_code "/home/pete/wefwefwef/docs/other/13900689/meck-branch-develop2/meck/src/meck_code.erl" -> "/home/pete/wefwefwef/docs/other/13900689/repo/develop2/.xml/meck/meck_code.xml"
/home/pete/wefwefwef/docs/other/13900689/meck-branch-develop2/meck/src/meck_code.erl, in module header: at line 20: error in XML parser: {system_limit,[{ets,new,[rules,[set|...]],[]},
                                    {xmerl_scan,initial_state,2,[{...}|...]},
                                    {xmerl_scan,int_string,4,[...]},
                                    {xmerl_scan,string,2,...},
                                    {edoc_wiki,parse_xml_1,...},
                                    {edoc_wiki,...},
                                    {...}|...]}.
Error generating XML ("/home/pete/wefwefwef/docs/other/13900689/meck-branch-develop2/meck/src/meck_code.erl"): {'EXIT',
                                                                                                                error}
Generating XML meck - meck_code_gen "/home/pete/wefwefwef/docs/other/13900689/meck-branch-develop2/meck/src/meck_code_gen.erl" -> "/home/pete/wefwefwef/docs/other/13900689/repo/develop2/.xml/meck/meck_code_gen.xml"
/home/pete/wefwefwef/docs/other/13900689/meck-branch-develop2/meck/src/meck_code_gen.erl, in module header: at line 16: error in XML parser: {system_limit,[{ets,new,[rules,[set|...]],[]},
                                    {xmerl_scan,initial_state,2,[{...}|...]},
                                    {xmerl_scan,int_string,4,[...]},
                                    {xmerl_scan,string,2,...},
                                    {edoc_wiki,parse_xml_1,...},
                                    {edoc_wiki,...},
                                    {...}|...]}.
Error generating XML ("/home/pete/wefwefwef/docs/other/13900689/meck-branch-develop2/meck/src/meck_code_gen.erl"): {'EXIT',
                                                                                                                    error}
Generating XML meck - meck_cover "/home/pete/wefwefwef/docs/other/13900689/meck-branch-develop2/meck/src/meck_cover.erl" -> "/home/pete/wefwefwef/docs/other/13900689/repo/develop2/.xml/meck/meck_cover.xml"
/home/pete/wefwefwef/docs/other/13900689/meck-branch-develop2/meck/src/meck_cover.erl, in module header: at line 16: error in XML parser: {system_limit,[{ets,new,[rules,[set|...]],[]},
                                    {xmerl_scan,initial_state,2,[{...}|...]},
                                    {xmerl_scan,int_string,4,[...]},
                                    {xmerl_scan,string,2,...},
                                    {edoc_wiki,parse_xml_1,...},
                                    {edoc_wiki,...},
                                    {...}|...]}.
Error generating XML ("/home/pete/wefwefwef/docs/other/13900689/meck-branch-develop2/meck/src/meck_cover.erl"): {'EXIT',
                                                                                                                 error}
Generating XML meck - meck_expect "/home/pete/wefwefwef/docs/other/13900689/meck-branch-develop2/meck/src/meck_expect.erl" -> "/home/pete/wefwefwef/docs/other/13900689/repo/develop2/.xml/meck/meck_expect.xml"
/home/pete/wefwefwef/docs/other/13900689/meck-branch-develop2/meck/src/meck_expect.erl, in module header: at line 16: error in XML parser: {system_limit,[{ets,new,[rules,[set|...]],[]},
                                    {xmerl_scan,initial_state,2,[{...}|...]},
                                    {xmerl_scan,int_string,4,[...]},
                                    {xmerl_scan,string,2,...},
                                    {edoc_wiki,parse_xml_1,...},
                                    {edoc_wiki,...},
                                    {...}|...]}.
Error generating XML ("/home/pete/wefwefwef/docs/other/13900689/meck-branch-develop2/meck/src/meck_expect.erl"): {'EXIT',
                                                                                                                  error}
Generating XML meck - meck_history "/home/pete/wefwefwef/docs/other/13900689/meck-branch-develop2/meck/src/meck_history.erl" -> "/home/pete/wefwefwef/docs/other/13900689/repo/develop2/.xml/meck/meck_history.xml"
/home/pete/wefwefwef/docs/other/13900689/meck-branch-develop2/meck/src/meck_history.erl, in module header: at line 16: error in XML parser: {system_limit,[{ets,new,[rules,[set|...]],[]},
                                    {xmerl_scan,initial_state,2,[{...}|...]},
                                    {xmerl_scan,int_string,4,[...]},
                                    {xmerl_scan,string,2,...},
                                    {edoc_wiki,parse_xml_1,...},
                                    {edoc_wiki,...},
                                    {...}|...]}.
Error generating XML ("/home/pete/wefwefwef/docs/other/13900689/meck-branch-develop2/meck/src/meck_history.erl"): {'EXIT',
                                                                                                                   error}
Generating XML meck - meck_matcher "/home/pete/wefwefwef/docs/other/13900689/meck-branch-develop2/meck/src/meck_matcher.erl" -> "/home/pete/wefwefwef/docs/other/13900689/repo/develop2/.xml/meck/meck_matcher.xml"
/home/pete/wefwefwef/docs/other/13900689/meck-branch-develop2/meck/src/meck_matcher.erl, in module header: at line 16: error in XML parser: {system_limit,[{ets,new,[rules,[set|...]],[]},
                                    {xmerl_scan,initial_state,2,[{...}|...]},
                                    {xmerl_scan,int_string,4,[...]},
                                    {xmerl_scan,string,2,...},
                                    {edoc_wiki,parse_xml_1,...},
                                    {edoc_wiki,...},
                                    {...}|...]}.
Error generating XML ("/home/pete/wefwefwef/docs/other/13900689/meck-branch-develop2/meck/src/meck_matcher.erl"): {'EXIT',
                                                                                                                   error}
Generating XML meck - meck_proc "/home/pete/wefwefwef/docs/other/13900689/meck-branch-develop2/meck/src/meck_proc.erl" -> "/home/pete/wefwefwef/docs/other/13900689/repo/develop2/.xml/meck/meck_proc.xml"
/home/pete/wefwefwef/docs/other/13900689/meck-branch-develop2/meck/src/meck_proc.erl, in module header: at line 16: error in XML parser: {system_limit,[{ets,new,[rules,[set|...]],[]},
                                    {xmerl_scan,initial_state,2,[{...}|...]},
                                    {xmerl_scan,int_string,4,[...]},
                                    {xmerl_scan,string,2,...},
                                    {edoc_wiki,parse_xml_1,...},
                                    {edoc_wiki,...},
                                    {...}|...]}.
Error generating XML ("/home/pete/wefwefwef/docs/other/13900689/meck-branch-develop2/meck/src/meck_proc.erl"): {'EXIT',
                                                                                                                error}
Generating XML meck - meck_ret_spec "/home/pete/wefwefwef/docs/other/13900689/meck-branch-develop2/meck/src/meck_ret_spec.erl" -> "/home/pete/wefwefwef/docs/other/13900689/repo/develop2/.xml/meck/meck_ret_spec.xml"
/home/pete/wefwefwef/docs/other/13900689/meck-branch-develop2/meck/src/meck_ret_spec.erl, in module header: at line 16: error in XML parser: {system_limit,[{ets,new,[rules,[set|...]],[]},
                                    {xmerl_scan,initial_state,2,[{...}|...]},
                                    {xmerl_scan,int_string,4,[...]},
                                    {xmerl_scan,string,2,...},
                                    {edoc_wiki,parse_xml_1,...},
                                    {edoc_wiki,...},
                                    {...}|...]}.
Error generating XML ("/home/pete/wefwefwef/docs/other/13900689/meck-branch-develop2/meck/src/meck_ret_spec.erl"): {'EXIT',
                                                                                                                    error}
Generating XML meck - meck_util "/home/pete/wefwefwef/docs/other/13900689/meck-branch-develop2/meck/src/meck_util.erl" -> "/home/pete/wefwefwef/docs/other/13900689/repo/develop2/.xml/meck/meck_util.xml"
/home/pete/wefwefwef/docs/other/13900689/meck-branch-develop2/meck/src/meck_util.erl, in module header: at line 16: error in XML parser: {system_limit,[{ets,new,[rules,[set|...]],[]},
                                    {xmerl_scan,initial_state,2,[{...}|...]},
                                    {xmerl_scan,int_string,4,[...]},
                                    {xmerl_scan,string,2,...},
                                    {edoc_wiki,parse_xml_1,...},
                                    {edoc_wiki,...},
                                    {...}|...]}.
Error generating XML ("/home/pete/wefwefwef/docs/other/13900689/meck-branch-develop2/meck/src/meck_util.erl"): {'EXIT',
                                                                                                                error}
No documentation was generated!
Woot, finished in 0 Minutes 1 Seconds
 :: Discovering other repos
$ 5000  `rm -r '/home/pete/wefwefwef/docs/other/13900689/meck-branch-develop2'  2>&1`
 :: Processing https://github.com/horkhe/meck	{rev,branch,"feature/capture","34de17c3eb0f7218359e8e09fc6012b28ad3221c",undefined,[],[]}
 :: Fetching repo code
$ cd "/home/pete/wefwefwef/docs/other/13900689/meck-branch-feature/capture/meck"
$ infinity  `curl --fail --silent --show-error --location --output 'feature/capture.zip' 'https://github.com/horkhe/meck/archive/feature/capture.zip'  2>&1`
$ cd "/home/pete/wefwefwef/docs/erldocs_other.git"
>>> [stdout] "curl: (23) Failed writing body (0 != 863)"
 :: Error running eo_core:
	[{eo_os,chk,2,[{file,"src/eo_os.erl"},{line,55}]},
         {eo_scm,fetch,2,[{file,"src/eo_scm.erl"},{line,80}]},
         {eo_core,copy_repo,5,[{file,"src/eo_core.erl"},{line,235}]},
         {eo_core,do,7,[{file,"src/eo_core.erl"},{line,94}]},
         {eo_core,'-main_/1-lc$^0/1-0-',8,
                  [{file,"src/eo_core.erl"},{line,77}]},
         {eo_core,'-main_/1-lc$^0/1-0-',8,
                  [{file,"src/eo_core.erl"},{line,78}]},
         {eo_core,main_,1,[{file,"src/eo_core.erl"},{line,77}]},
         {eo_core,main,1,[{file,"src/eo_core.erl"},{line,47}]}]
{throw,{sh,fetch_curl,error,23,
           [{"curl: (23) Failed writing bo"},{"dy (0 != 863)"}]}}
