 :: Extracting meta information
$ 5000  `git ls-remote --heads --tags 'https://github.com/vejmelkam/steward'  2>&1`
>>> [repo] 1 branches, 0 tags
 :: Writing meta to "/home/pete/wefwefwef/docs/other/4930561632/meta.txt"
 :: Processing https://github.com/vejmelkam/steward	{rev,branch,"master","a5fe06c1a26bd1b3d91b6db69a7fce54dfff5ce5"}
 :: Fetching repo code
$ cd "/home/pete/wefwefwef/docs/other/4930561632/steward-branch-master/steward"
$ infinity  `curl --fail --silent --show-error --location --output 'master.zip' 'https://github.com/vejmelkam/steward/archive/master.zip'  2>&1`
$ cd "/home/pete/wefwefwef/docs/erldocs_other.git"
$ cd "/home/pete/wefwefwef/docs/other/4930561632/steward-branch-master/steward"
$ 5000  `find -P . -type l -delete  2>&1`
$ cd "/home/pete/wefwefwef/docs/erldocs_other.git"
$ cd "/home/pete/wefwefwef/docs/other/4930561632/steward-branch-master/steward"
$ 5000  `find 'steward-master' -mindepth 1 -maxdepth 1 -exec mv -t . -- {} +  2>&1`
$ cd "/home/pete/wefwefwef/docs/erldocs_other.git"
 :: Getting dependencies
$ cd "/home/pete/wefwefwef/docs/other/4930561632/steward-branch-master/steward"
$ 5000  `ls -1 deps/  2>&1`
$ cd "/home/pete/wefwefwef/docs/erldocs_other.git"
>>> [rebar] deps = []
 :: Generating erldocs into /home/pete/wefwefwef/docs/other/4930561632/repo/master
Building steward
Generating Type Specs - "/home/pete/wefwefwef/docs/other/4930561632/steward-branch-master/steward/src/steward_job.erl"
EDoc could not process file '/home/pete/wefwefwef/docs/other/4930561632/steward-branch-master/steward/src/steward_job.erl'
Error generating type specs for "/home/pete/wefwefwef/docs/other/4930561632/steward-branch-master/steward/src/steward_job.erl"
Generating Type Specs - "/home/pete/wefwefwef/docs/other/4930561632/steward-branch-master/steward/src/steward_process.erl"
EDoc could not process file '/home/pete/wefwefwef/docs/other/4930561632/steward-branch-master/steward/src/steward_process.erl'
Error generating type specs for "/home/pete/wefwefwef/docs/other/4930561632/steward-branch-master/steward/src/steward_process.erl"
Generating Type Specs - "/home/pete/wefwefwef/docs/other/4930561632/steward-branch-master/steward/src/steward_utils.erl"
EDoc could not process file '/home/pete/wefwefwef/docs/other/4930561632/steward-branch-master/steward/src/steward_utils.erl'
Error generating type specs for "/home/pete/wefwefwef/docs/other/4930561632/steward-branch-master/steward/src/steward_utils.erl"
Generating XML for application steward "/home/pete/wefwefwef/docs/other/4930561632/steward-branch-master/steward" -> "/home/pete/wefwefwef/docs/other/4930561632/repo/master/.xml/steward"
edoc: skipping source file '/home/pete/wefwefwef/docs/other/4930561632/steward-branch-master/steward/src/steward_process.erl': {'EXIT',
                                                                                                                          {system_limit,
                                                                                                                           [{ets,
                                                                                                                             new,
                                                                                                                             [etypes,
                                                                                                                              [ordered_set]],
                                                                                                                             []},
                                                                                                                            {edoc_specs,
                                                                                                                             add_data,
                                                                                                                             4,
                                                                                                                             [{file,
                                                                                                                               "edoc_specs.erl"},
                                                                                                                              {line,
                                                                                                                               109}]},
                                                                                                                            {edoc_extract,
                                                                                                                             source1,
                                                                                                                             5,
                                                                                                                             [{file,
                                                                                                                               [...]},
                                                                                                                              {line,...}]},
                                                                                                                            {edoc_doclet,
                                                                                                                             source,
                                                                                                                             9,
                                                                                                                             [{file,...},
                                                                                                                              {...}]},
                                                                                                                            {lists,
                                                                                                                             foldl,
                                                                                                                             3,
                                                                                                                             [{...}|...]},
                                                                                                                            {edoc_doclet,
                                                                                                                             sources,
                                                                                                                             5,
                                                                                                                             [...]},
                                                                                                                            {edoc_doclet,
                                                                                                                             gen,
                                                                                                                             6,...},
                                                                                                                            {edoc_lib,
                                                                                                                             run_plugin,...}]}}.
edoc: skipping source file '/home/pete/wefwefwef/docs/other/4930561632/steward-branch-master/steward/src/steward_job.erl': {'EXIT',
                                                                                                                      {system_limit,
                                                                                                                       [{ets,
                                                                                                                         new,
                                                                                                                         [etypes,
                                                                                                                          [ordered_set]],
                                                                                                                         []},
                                                                                                                        {edoc_specs,
                                                                                                                         add_data,
                                                                                                                         4,
                                                                                                                         [{file,
                                                                                                                           "edoc_specs.erl"},
                                                                                                                          {line,
                                                                                                                           109}]},
                                                                                                                        {edoc_extract,
                                                                                                                         source1,
                                                                                                                         5,
                                                                                                                         [{file,
                                                                                                                           [...]},
                                                                                                                          {line,...}]},
                                                                                                                        {edoc_doclet,
                                                                                                                         source,
                                                                                                                         9,
                                                                                                                         [{file,...},
                                                                                                                          {...}]},
                                                                                                                        {lists,
                                                                                                                         foldl,
                                                                                                                         3,
                                                                                                                         [{...}|...]},
                                                                                                                        {edoc_doclet,
                                                                                                                         sources,
                                                                                                                         5,
                                                                                                                         [...]},
                                                                                                                        {edoc_doclet,
                                                                                                                         gen,
                                                                                                                         6,...},
                                                                                                                        {edoc_lib,
                                                                                                                         run_plugin,...}]}}.
edoc: skipping source file '/home/pete/wefwefwef/docs/other/4930561632/steward-branch-master/steward/src/steward_utils.erl': {'EXIT',
                                                                                                                        {system_limit,
                                                                                                                         [{ets,
                                                                                                                           new,
                                                                                                                           [etypes,
                                                                                                                            [ordered_set]],
                                                                                                                           []},
                                                                                                                          {edoc_specs,
                                                                                                                           add_data,
                                                                                                                           4,
                                                                                                                           [{file,
                                                                                                                             "edoc_specs.erl"},
                                                                                                                            {line,
                                                                                                                             109}]},
                                                                                                                          {edoc_extract,
                                                                                                                           source1,
                                                                                                                           5,
                                                                                                                           [{file,
                                                                                                                             [...]},
                                                                                                                            {line,...}]},
                                                                                                                          {edoc_doclet,
                                                                                                                           source,
                                                                                                                           9,
                                                                                                                           [{file,...},
                                                                                                                            {...}]},
                                                                                                                          {lists,
                                                                                                                           foldl,
                                                                                                                           3,
                                                                                                                           [{...}|...]},
                                                                                                                          {edoc_doclet,
                                                                                                                           sources,
                                                                                                                           5,
                                                                                                                           [...]},
                                                                                                                          {edoc_doclet,
                                                                                                                           gen,
                                                                                                                           6,...},
                                                                                                                          {edoc_lib,
                                                                                                                           run_plugin,...}]}}.
edoc: error in doclet 'edoc_doclet': {'EXIT',error}.
Error generating steward XMLs. Using fallback ...
Generating XML steward - steward_job "/home/pete/wefwefwef/docs/other/4930561632/steward-branch-master/steward/src/steward_job.erl" -> "/home/pete/wefwefwef/docs/other/4930561632/repo/master/.xml/steward/steward_job.xml"
Error generating XML ("/home/pete/wefwefwef/docs/other/4930561632/steward-branch-master/steward/src/steward_job.erl"): {'EXIT',
                                                                                                                        {system_limit,
                                                                                                                         [{ets,
                                                                                                                           new,
                                                                                                                           [etypes,
                                                                                                                            [ordered_set]],
                                                                                                                           []},
                                                                                                                          {edoc_specs,
                                                                                                                           add_data,
                                                                                                                           4,
                                                                                                                           [{file,
                                                                                                                             "edoc_specs.erl"},
                                                                                                                            {line,
                                                                                                                             109}]},
                                                                                                                          {edoc_extract,
                                                                                                                           source1,
                                                                                                                           5,
                                                                                                                           [{file,
                                                                                                                             "edoc_extract.erl"},
                                                                                                                            {line,
                                                                                                                             130}]},
                                                                                                                          {edoc,
                                                                                                                           read,
                                                                                                                           2,
                                                                                                                           [{file,
                                                                                                                             "edoc.erl"},
                                                                                                                            {line,
                                                                                                                             538}]},
                                                                                                                          {edoc,
                                                                                                                           file,
                                                                                                                           2,
                                                                                                                           [{file,
                                                                                                                             "edoc.erl"},
                                                                                                                            {line,
                                                                                                                             116}]},
                                                                                                                          {erldocs_core,
                                                                                                                           '-gen_docsrc/4-fun-1-',
                                                                                                                           5,
                                                                                                                           [{file,
                                                                                                                             "src/erldocs_core.erl"},
                                                                                                                            {line,
                                                                                                                             201}]},
                                                                                                                          {lists,
                                                                                                                           foldl,
                                                                                                                           3,
                                                                                                                           [{file,
                                                                                                                             "lists.erl"},
                                                                                                                            {line,
                                                                                                                             1261}]},
                                                                                                                          {erldocs_core,
                                                                                                                           tmp_cd,
                                                                                                                           2,
                                                                                                                           [{file,
                                                                                                                             "src/erldocs_core.erl"},
                                                                                                                            {line,
                                                                                                                             224}]}]}}
Generating XML steward - steward_process "/home/pete/wefwefwef/docs/other/4930561632/steward-branch-master/steward/src/steward_process.erl" -> "/home/pete/wefwefwef/docs/other/4930561632/repo/master/.xml/steward/steward_process.xml"
Error generating XML ("/home/pete/wefwefwef/docs/other/4930561632/steward-branch-master/steward/src/steward_process.erl"): {'EXIT',
                                                                                                                            {system_limit,
                                                                                                                             [{ets,
                                                                                                                               new,
                                                                                                                               [etypes,
                                                                                                                                [ordered_set]],
                                                                                                                               []},
                                                                                                                              {edoc_specs,
                                                                                                                               add_data,
                                                                                                                               4,
                                                                                                                               [{file,
                                                                                                                                 "edoc_specs.erl"},
                                                                                                                                {line,
                                                                                                                                 109}]},
                                                                                                                              {edoc_extract,
                                                                                                                               source1,
                                                                                                                               5,
                                                                                                                               [{file,
                                                                                                                                 "edoc_extract.erl"},
                                                                                                                                {line,
                                                                                                                                 130}]},
                                                                                                                              {edoc,
                                                                                                                               read,
                                                                                                                               2,
                                                                                                                               [{file,
                                                                                                                                 "edoc.erl"},
                                                                                                                                {line,
                                                                                                                                 538}]},
                                                                                                                              {edoc,
                                                                                                                               file,
                                                                                                                               2,
                                                                                                                               [{file,
                                                                                                                                 "edoc.erl"},
                                                                                                                                {line,
                                                                                                                                 116}]},
                                                                                                                              {erldocs_core,
                                                                                                                               '-gen_docsrc/4-fun-1-',
                                                                                                                               5,
                                                                                                                               [{file,
                                                                                                                                 "src/erldocs_core.erl"},
                                                                                                                                {line,
                                                                                                                                 201}]},
                                                                                                                              {lists,
                                                                                                                               foldl,
                                                                                                                               3,
                                                                                                                               [{file,
                                                                                                                                 "lists.erl"},
                                                                                                                                {line,
                                                                                                                                 1261}]},
                                                                                                                              {erldocs_core,
                                                                                                                               tmp_cd,
                                                                                                                               2,
                                                                                                                               [{file,
                                                                                                                                 "src/erldocs_core.erl"},
                                                                                                                                {line,
                                                                                                                                 224}]}]}}
Generating XML steward - steward_utils "/home/pete/wefwefwef/docs/other/4930561632/steward-branch-master/steward/src/steward_utils.erl" -> "/home/pete/wefwefwef/docs/other/4930561632/repo/master/.xml/steward/steward_utils.xml"
Error generating XML ("/home/pete/wefwefwef/docs/other/4930561632/steward-branch-master/steward/src/steward_utils.erl"): {'EXIT',
                                                                                                                          {system_limit,
                                                                                                                           [{ets,
                                                                                                                             new,
                                                                                                                             [etypes,
                                                                                                                              [ordered_set]],
                                                                                                                             []},
                                                                                                                            {edoc_specs,
                                                                                                                             add_data,
                                                                                                                             4,
                                                                                                                             [{file,
                                                                                                                               "edoc_specs.erl"},
                                                                                                                              {line,
                                                                                                                               109}]},
                                                                                                                            {edoc_extract,
                                                                                                                             source1,
                                                                                                                             5,
                                                                                                                             [{file,
                                                                                                                               "edoc_extract.erl"},
                                                                                                                              {line,
                                                                                                                               130}]},
                                                                                                                            {edoc,
                                                                                                                             read,
                                                                                                                             2,
                                                                                                                             [{file,
                                                                                                                               "edoc.erl"},
                                                                                                                              {line,
                                                                                                                               538}]},
                                                                                                                            {edoc,
                                                                                                                             file,
                                                                                                                             2,
                                                                                                                             [{file,
                                                                                                                               "edoc.erl"},
                                                                                                                              {line,
                                                                                                                               116}]},
                                                                                                                            {erldocs_core,
                                                                                                                             '-gen_docsrc/4-fun-1-',
                                                                                                                             5,
                                                                                                                             [{file,
                                                                                                                               "src/erldocs_core.erl"},
                                                                                                                              {line,
                                                                                                                               201}]},
                                                                                                                            {lists,
                                                                                                                             foldl,
                                                                                                                             3,
                                                                                                                             [{file,
                                                                                                                               "lists.erl"},
                                                                                                                              {line,
                                                                                                                               1261}]},
                                                                                                                            {erldocs_core,
                                                                                                                             tmp_cd,
                                                                                                                             2,
                                                                                                                             [{file,
                                                                                                                               "src/erldocs_core.erl"},
                                                                                                                              {line,
                                                                                                                               224}]}]}}
No documentation was generated!
Woot, finished in 0 Minutes 0 Seconds
 :: Discovering other repos
$ 5000  `rm -r '/home/pete/wefwefwef/docs/other/4930561632/steward-branch-master'  2>&1`
 :: Erldocs finishing up
$ 5000  `rm -r '/home/pete/wefwefwef/docs/other/4930561632/steward'  2>&1`
$ 5000  `rm -r '/home/pete/wefwefwef/docs/other/4930561632/repo/master'  2>&1`
