 :: Extracting meta information
$ infinity  `git ls-remote --heads --tags 'https://github.com/massemanet/trane'  2>&1`
>>> [repo] 1 branches, 3 tags
WTF {ok,{{"HTTP/1.1",200,"OK"},
         [{"cache-control","max-age=300"},
          {"connection","keep-alive"},
          {"date","Sun, 11 Oct 2015 20:59:21 GMT"},
          {"via","1.1 varnish"},
          {"accept-ranges","bytes"},
          {"etag","\"5f33cea9a6efce7e1b9c7509457db128c64f03bb\""},
          {"vary","Authorization,Accept-Encoding"},
          {"content-length","579"},
          {"content-type","text/plain; charset=utf-8"},
          {"expires","Sun, 11 Oct 2015 21:04:21 GMT"},
          {"content-security-policy","default-src 'none'"},
          {"x-xss-protection","1; mode=block"},
          {"x-frame-options","deny"},
          {"x-content-type-options","nosniff"},
          {"strict-transport-security","max-age=31536000"},
          {"x-served-by","cache-ams4143-AMS"},
          {"x-cache","MISS"},
          {"x-cache-hits","0"},
          {"access-control-allow-origin","*"},
          {"source-age","0"}],
         "{name,\"trane\"}.\n{target_path,\"github.com/massemanet/trane\"}.\n{url,\"https://github.com/massemanet/trane\"}.\n{vsn_format,2}.\n{vsn_pass,102}.\n{time_begin,{{2015,9,21},{23,18,13}}}.\n{method,git}.\n{count_tags,2}.\n{count_branches,1}.\n{revisions,[{rev,branch,\"master\",\"c2c631db9f07091000ebcc5d5248941bc26c29a6\",\n                 true,[],[]},\n            {rev,tag,\"0.9.9\",\"2e898fa298451e7e279a2c7b805dfd30931fadc5\",true,\n                 [],[]},\n            {rev,tag,\"1.0.0\",\"c2c631db9f07091000ebcc5d5248941bc26c29a6\",true,\n                 [],[]}]}.\n{time_end,{{2015,9,21},{23,18,14}}}.\n"}}
 :: Writing meta to "/home/pete/wefwefwef/docs/other/e9f0f69d61a82c86963cbeb12f9c483739bec49b/meta.txt"
 :: Skipping tag "0.9.9"
 :: Skipping tag "1.0.0"
 :: Processing https://github.com/massemanet/trane	{rev,branch,"master","bcabd78944205050116cf396967f464595e530f1",undefined,[],[]}
 :: Fetching repo code
$ cd '/home/pete/wefwefwef/docs/other/e9f0f69d61a82c86963cbeb12f9c483739bec49b/trane-branch-master'
$ infinity  `curl --fail --silent --show-error --location --output repo.tar.gz 'https://codeload.github.com/massemanet/trane/tar.gz/master'  2>&1`
$ cd '/home/pete/wefwefwef/docs/erldocs_other.git'
$ cd '/home/pete/wefwefwef/docs/other/e9f0f69d61a82c86963cbeb12f9c483739bec49b/trane-branch-master/trane-master'
$ 5000  `find -P . -type l -delete  2>&1`
$ cd '/home/pete/wefwefwef/docs/erldocs_other.git'
$ 5000  `mv '/home/pete/wefwefwef/docs/other/e9f0f69d61a82c86963cbeb12f9c483739bec49b/trane-branch-master/trane-master' '/home/pete/wefwefwef/docs/other/e9f0f69d61a82c86963cbeb12f9c483739bec49b/trane-branch-master/trane'  2>&1`
 :: Getting dependencies
$ cd '/home/pete/wefwefwef/docs/other/e9f0f69d61a82c86963cbeb12f9c483739bec49b/trane-branch-master/trane'
$ 5000  `ls -1 deps/  2>&1`
$ cd '/home/pete/wefwefwef/docs/erldocs_other.git'
>>> [rebar] deps = []
 :: Generating erldocs into /home/pete/wefwefwef/docs/other/e9f0f69d61a82c86963cbeb12f9c483739bec49b/repo/master
Building trane
Generating Type Specs - "/home/pete/wefwefwef/docs/other/e9f0f69d61a82c86963cbeb12f9c483739bec49b/trane-branch-master/trane/src/trane.erl"
Generating Type Specs - "/home/pete/wefwefwef/docs/other/e9f0f69d61a82c86963cbeb12f9c483739bec49b/trane-branch-master/trane/src/trane_app.erl"
Generating Type Specs - "/home/pete/wefwefwef/docs/other/e9f0f69d61a82c86963cbeb12f9c483739bec49b/trane-branch-master/trane/src/trane_percent.erl"
Generating Type Specs - "/home/pete/wefwefwef/docs/other/e9f0f69d61a82c86963cbeb12f9c483739bec49b/trane-branch-master/trane/src/trane_sup.erl"
Generating XML for application trane "/home/pete/wefwefwef/docs/other/e9f0f69d61a82c86963cbeb12f9c483739bec49b/trane-branch-master/trane" -> "/home/pete/wefwefwef/docs/other/e9f0f69d61a82c86963cbeb12f9c483739bec49b/repo/master/.xml/trane"
2990- fatal: {invalid_name," I =< "}
/home/pete/wefwefwef/docs/other/e9f0f69d61a82c86963cbeb12f9c483739bec49b/trane-branch-master/trane/src/trane_percent.erl, in module header: at line 4: error in XML parser: {fatal,{{invalid_name," I =< "},
                             {file,file_name_unknown},
                             {line,6},
                             {col,57}}}.
edoc: skipping source file '/home/pete/wefwefwef/docs/other/e9f0f69d61a82c86963cbeb12f9c483739bec49b/trane-branch-master/trane/src/trane_percent.erl': {'EXIT',
                                                                                                                                                  error}.
edoc: error in doclet 'edoc_doclet': {'EXIT',error}.
Error generating trane XMLs. Using fallback ...
Generating XML trane - trane "/home/pete/wefwefwef/docs/other/e9f0f69d61a82c86963cbeb12f9c483739bec49b/trane-branch-master/trane/src/trane.erl" -> "/home/pete/wefwefwef/docs/other/e9f0f69d61a82c86963cbeb12f9c483739bec49b/repo/master/.xml/trane/trane.xml"
Generating XML trane - trane_app "/home/pete/wefwefwef/docs/other/e9f0f69d61a82c86963cbeb12f9c483739bec49b/trane-branch-master/trane/src/trane_app.erl" -> "/home/pete/wefwefwef/docs/other/e9f0f69d61a82c86963cbeb12f9c483739bec49b/repo/master/.xml/trane/trane_app.xml"
Generating XML trane - trane_percent "/home/pete/wefwefwef/docs/other/e9f0f69d61a82c86963cbeb12f9c483739bec49b/trane-branch-master/trane/src/trane_percent.erl" -> "/home/pete/wefwefwef/docs/other/e9f0f69d61a82c86963cbeb12f9c483739bec49b/repo/master/.xml/trane/trane_percent.xml"
2990- fatal: {invalid_name," I =< "}
/home/pete/wefwefwef/docs/other/e9f0f69d61a82c86963cbeb12f9c483739bec49b/trane-branch-master/trane/src/trane_percent.erl, in module header: at line 4: error in XML parser: {fatal,{{invalid_name," I =< "},
                             {file,file_name_unknown},
                             {line,6},
                             {col,57}}}.
Error generating XML ("/home/pete/wefwefwef/docs/other/e9f0f69d61a82c86963cbeb12f9c483739bec49b/trane-branch-master/trane/src/trane_percent.erl"): {'EXIT',
                                                                                                                                                    error}
Generating XML trane - trane_sup "/home/pete/wefwefwef/docs/other/e9f0f69d61a82c86963cbeb12f9c483739bec49b/trane-branch-master/trane/src/trane_sup.erl" -> "/home/pete/wefwefwef/docs/other/e9f0f69d61a82c86963cbeb12f9c483739bec49b/repo/master/.xml/trane/trane_sup.xml"
Generating HTML - trane "/home/pete/wefwefwef/docs/other/e9f0f69d61a82c86963cbeb12f9c483739bec49b/repo/master/.xml/trane/trane.xml"
Reading XML for "/home/pete/wefwefwef/docs/other/e9f0f69d61a82c86963cbeb12f9c483739bec49b/repo/master/.xml/trane/trane.xml"
Reading XML for "/home/pete/wefwefwef/docs/other/e9f0f69d61a82c86963cbeb12f9c483739bec49b/repo/master/.xml/specs_trane.xml"
Generating HTML - trane_app "/home/pete/wefwefwef/docs/other/e9f0f69d61a82c86963cbeb12f9c483739bec49b/repo/master/.xml/trane/trane_app.xml"
Reading XML for "/home/pete/wefwefwef/docs/other/e9f0f69d61a82c86963cbeb12f9c483739bec49b/repo/master/.xml/trane/trane_app.xml"
Reading XML for "/home/pete/wefwefwef/docs/other/e9f0f69d61a82c86963cbeb12f9c483739bec49b/repo/master/.xml/specs_trane_app.xml"
Generating HTML - trane_sup "/home/pete/wefwefwef/docs/other/e9f0f69d61a82c86963cbeb12f9c483739bec49b/repo/master/.xml/trane/trane_sup.xml"
Reading XML for "/home/pete/wefwefwef/docs/other/e9f0f69d61a82c86963cbeb12f9c483739bec49b/repo/master/.xml/trane/trane_sup.xml"
Reading XML for "/home/pete/wefwefwef/docs/other/e9f0f69d61a82c86963cbeb12f9c483739bec49b/repo/master/.xml/specs_trane_sup.xml"
Creating index.html ...
Creating erldocs_index.js ...
Woot, finished in 0 Minutes 0 Seconds
 :: Discovering other repos
$ 5000  `rm -r '/home/pete/wefwefwef/docs/other/e9f0f69d61a82c86963cbeb12f9c483739bec49b/trane-branch-master'  2>&1`
 :: Processing https://github.com/massemanet/trane	{rev,tag,"1.0.1","bcabd78944205050116cf396967f464595e530f1",undefined,[],[]}
 :: Fetching repo code
$ cd '/home/pete/wefwefwef/docs/other/e9f0f69d61a82c86963cbeb12f9c483739bec49b/trane-tag-1.0.1'
$ infinity  `curl --fail --silent --show-error --location --output repo.tar.gz 'https://codeload.github.com/massemanet/trane/tar.gz/1.0.1'  2>&1`
$ cd '/home/pete/wefwefwef/docs/erldocs_other.git'
$ cd '/home/pete/wefwefwef/docs/other/e9f0f69d61a82c86963cbeb12f9c483739bec49b/trane-tag-1.0.1/trane-1.0.1'
$ 5000  `find -P . -type l -delete  2>&1`
$ cd '/home/pete/wefwefwef/docs/erldocs_other.git'
$ 5000  `mv '/home/pete/wefwefwef/docs/other/e9f0f69d61a82c86963cbeb12f9c483739bec49b/trane-tag-1.0.1/trane-1.0.1' '/home/pete/wefwefwef/docs/other/e9f0f69d61a82c86963cbeb12f9c483739bec49b/trane-tag-1.0.1/trane'  2>&1`
 :: Getting dependencies
$ cd '/home/pete/wefwefwef/docs/other/e9f0f69d61a82c86963cbeb12f9c483739bec49b/trane-tag-1.0.1/trane'
$ 5000  `ls -1 deps/  2>&1`
$ cd '/home/pete/wefwefwef/docs/erldocs_other.git'
>>> [rebar] deps = []
 :: Generating erldocs into /home/pete/wefwefwef/docs/other/e9f0f69d61a82c86963cbeb12f9c483739bec49b/repo/1.0.1
Building trane
Generating Type Specs - "/home/pete/wefwefwef/docs/other/e9f0f69d61a82c86963cbeb12f9c483739bec49b/trane-tag-1.0.1/trane/src/trane.erl"
Generating Type Specs - "/home/pete/wefwefwef/docs/other/e9f0f69d61a82c86963cbeb12f9c483739bec49b/trane-tag-1.0.1/trane/src/trane_app.erl"
Generating Type Specs - "/home/pete/wefwefwef/docs/other/e9f0f69d61a82c86963cbeb12f9c483739bec49b/trane-tag-1.0.1/trane/src/trane_percent.erl"
Generating Type Specs - "/home/pete/wefwefwef/docs/other/e9f0f69d61a82c86963cbeb12f9c483739bec49b/trane-tag-1.0.1/trane/src/trane_sup.erl"
Generating XML for application trane "/home/pete/wefwefwef/docs/other/e9f0f69d61a82c86963cbeb12f9c483739bec49b/trane-tag-1.0.1/trane" -> "/home/pete/wefwefwef/docs/other/e9f0f69d61a82c86963cbeb12f9c483739bec49b/repo/1.0.1/.xml/trane"
2990- fatal: {invalid_name," I =< "}
/home/pete/wefwefwef/docs/other/e9f0f69d61a82c86963cbeb12f9c483739bec49b/trane-tag-1.0.1/trane/src/trane_percent.erl, in module header: at line 4: error in XML parser: {fatal,{{invalid_name," I =< "},
                             {file,file_name_unknown},
                             {line,6},
                             {col,57}}}.
edoc: skipping source file '/home/pete/wefwefwef/docs/other/e9f0f69d61a82c86963cbeb12f9c483739bec49b/trane-tag-1.0.1/trane/src/trane_percent.erl': {'EXIT',
                                                                                                                                              error}.
edoc: error in doclet 'edoc_doclet': {'EXIT',error}.
Error generating trane XMLs. Using fallback ...
Generating XML trane - trane "/home/pete/wefwefwef/docs/other/e9f0f69d61a82c86963cbeb12f9c483739bec49b/trane-tag-1.0.1/trane/src/trane.erl" -> "/home/pete/wefwefwef/docs/other/e9f0f69d61a82c86963cbeb12f9c483739bec49b/repo/1.0.1/.xml/trane/trane.xml"
Generating XML trane - trane_app "/home/pete/wefwefwef/docs/other/e9f0f69d61a82c86963cbeb12f9c483739bec49b/trane-tag-1.0.1/trane/src/trane_app.erl" -> "/home/pete/wefwefwef/docs/other/e9f0f69d61a82c86963cbeb12f9c483739bec49b/repo/1.0.1/.xml/trane/trane_app.xml"
Generating XML trane - trane_percent "/home/pete/wefwefwef/docs/other/e9f0f69d61a82c86963cbeb12f9c483739bec49b/trane-tag-1.0.1/trane/src/trane_percent.erl" -> "/home/pete/wefwefwef/docs/other/e9f0f69d61a82c86963cbeb12f9c483739bec49b/repo/1.0.1/.xml/trane/trane_percent.xml"
2990- fatal: {invalid_name," I =< "}
/home/pete/wefwefwef/docs/other/e9f0f69d61a82c86963cbeb12f9c483739bec49b/trane-tag-1.0.1/trane/src/trane_percent.erl, in module header: at line 4: error in XML parser: {fatal,{{invalid_name," I =< "},
                             {file,file_name_unknown},
                             {line,6},
                             {col,57}}}.
Error generating XML ("/home/pete/wefwefwef/docs/other/e9f0f69d61a82c86963cbeb12f9c483739bec49b/trane-tag-1.0.1/trane/src/trane_percent.erl"): {'EXIT',
                                                                                                                                                error}
Generating XML trane - trane_sup "/home/pete/wefwefwef/docs/other/e9f0f69d61a82c86963cbeb12f9c483739bec49b/trane-tag-1.0.1/trane/src/trane_sup.erl" -> "/home/pete/wefwefwef/docs/other/e9f0f69d61a82c86963cbeb12f9c483739bec49b/repo/1.0.1/.xml/trane/trane_sup.xml"
Generating HTML - trane "/home/pete/wefwefwef/docs/other/e9f0f69d61a82c86963cbeb12f9c483739bec49b/repo/1.0.1/.xml/trane/trane.xml"
Reading XML for "/home/pete/wefwefwef/docs/other/e9f0f69d61a82c86963cbeb12f9c483739bec49b/repo/1.0.1/.xml/trane/trane.xml"
Reading XML for "/home/pete/wefwefwef/docs/other/e9f0f69d61a82c86963cbeb12f9c483739bec49b/repo/1.0.1/.xml/specs_trane.xml"
Generating HTML - trane_app "/home/pete/wefwefwef/docs/other/e9f0f69d61a82c86963cbeb12f9c483739bec49b/repo/1.0.1/.xml/trane/trane_app.xml"
Reading XML for "/home/pete/wefwefwef/docs/other/e9f0f69d61a82c86963cbeb12f9c483739bec49b/repo/1.0.1/.xml/trane/trane_app.xml"
Reading XML for "/home/pete/wefwefwef/docs/other/e9f0f69d61a82c86963cbeb12f9c483739bec49b/repo/1.0.1/.xml/specs_trane_app.xml"
Generating HTML - trane_sup "/home/pete/wefwefwef/docs/other/e9f0f69d61a82c86963cbeb12f9c483739bec49b/repo/1.0.1/.xml/trane/trane_sup.xml"
Reading XML for "/home/pete/wefwefwef/docs/other/e9f0f69d61a82c86963cbeb12f9c483739bec49b/repo/1.0.1/.xml/trane/trane_sup.xml"
Reading XML for "/home/pete/wefwefwef/docs/other/e9f0f69d61a82c86963cbeb12f9c483739bec49b/repo/1.0.1/.xml/specs_trane_sup.xml"
Creating index.html ...
Creating erldocs_index.js ...
Woot, finished in 0 Minutes 0 Seconds
 :: Discovering other repos
$ 5000  `rm -r '/home/pete/wefwefwef/docs/other/e9f0f69d61a82c86963cbeb12f9c483739bec49b/trane-tag-1.0.1'  2>&1`
 :: Finishing up
$ 5000  `rm -r '/home/pete/wefwefwef/docs/other/e9f0f69d61a82c86963cbeb12f9c483739bec49b/trane'  2>&1`
