 :: Extracting meta information
$ 5000  `git ls-remote --heads --tags 'https://github.com/fellowroboticists/telep'  2>&1`
>>> [repo] 3 branches, 7 tags
 :: Writing meta to "/home/pete/wefwefwef/docs/other/8206254593/meta.txt"
 :: Processing https://github.com/fellowroboticists/telep	{rev,tag,"0.1.0","a316ebf71f9d1cd0b60fde7222b59dbbc0b7bde9"}
 :: Fetching repo code
$ cd "/home/pete/wefwefwef/docs/other/8206254593/telep-tag-0.1.0/telep"
$ infinity  `curl --fail --silent --show-error --location --output '0.1.0.zip' 'https://github.com/fellowroboticists/telep/archive/0.1.0.zip'  2>&1`
$ cd "/home/pete/wefwefwef/docs/erldocs_other.git"
$ cd "/home/pete/wefwefwef/docs/other/8206254593/telep-tag-0.1.0/telep"
$ 5000  `find -P . -type l -delete  2>&1`
$ cd "/home/pete/wefwefwef/docs/erldocs_other.git"
$ cd "/home/pete/wefwefwef/docs/other/8206254593/telep-tag-0.1.0/telep"
$ 5000  `find 'telep-0.1.0' -mindepth 1 -maxdepth 1 -exec mv -t . -- {} +  2>&1`
$ cd "/home/pete/wefwefwef/docs/erldocs_other.git"
 :: Getting dependencies
$ cd "/home/pete/wefwefwef/docs/other/8206254593/telep-tag-0.1.0/telep"
$ 5000  `ls -1 deps/  2>&1`
$ cd "/home/pete/wefwefwef/docs/erldocs_other.git"
>>> [rebar] deps = []
 :: Generating erldocs into /home/pete/wefwefwef/docs/other/8206254593/repo/0.1.0
Building telep
Generating Type Specs - "/home/pete/wefwefwef/docs/other/8206254593/telep-tag-0.1.0/telep/apps/telep/src/command_queue_worker.erl"
Generating Type Specs - "/home/pete/wefwefwef/docs/other/8206254593/telep-tag-0.1.0/telep/apps/telep/src/command_worker.erl"
Generating Type Specs - "/home/pete/wefwefwef/docs/other/8206254593/telep-tag-0.1.0/telep/apps/telep/src/commands.erl"
Generating Type Specs - "/home/pete/wefwefwef/docs/other/8206254593/telep-tag-0.1.0/telep/apps/telep/src/notification_worker.erl"
Generating Type Specs - "/home/pete/wefwefwef/docs/other/8206254593/telep-tag-0.1.0/telep/apps/telep/src/pages.erl"
Generating Type Specs - "/home/pete/wefwefwef/docs/other/8206254593/telep-tag-0.1.0/telep/apps/telep/src/q_params.erl"
Generating Type Specs - "/home/pete/wefwefwef/docs/other/8206254593/telep-tag-0.1.0/telep/apps/telep/src/queue_listener.erl"
Generating Type Specs - "/home/pete/wefwefwef/docs/other/8206254593/telep-tag-0.1.0/telep/apps/telep/src/registration_supervisor.erl"
Generating Type Specs - "/home/pete/wefwefwef/docs/other/8206254593/telep-tag-0.1.0/telep/apps/telep/src/registration_worker.erl"
Generating Type Specs - "/home/pete/wefwefwef/docs/other/8206254593/telep-tag-0.1.0/telep/apps/telep/src/robot_command_protocol.erl"
Generating Type Specs - "/home/pete/wefwefwef/docs/other/8206254593/telep-tag-0.1.0/telep/apps/telep/src/robot_control.erl"
Generating Type Specs - "/home/pete/wefwefwef/docs/other/8206254593/telep-tag-0.1.0/telep/apps/telep/src/robot_db.erl"
Generating Type Specs - "/home/pete/wefwefwef/docs/other/8206254593/telep-tag-0.1.0/telep/apps/telep/src/signature_handler.erl"
Generating Type Specs - "/home/pete/wefwefwef/docs/other/8206254593/telep-tag-0.1.0/telep/apps/telep/src/template_processor.erl"
Generating Type Specs - "/home/pete/wefwefwef/docs/other/8206254593/telep-tag-0.1.0/telep/apps/telep/src/web_server.erl"
Generating XML for application telep "/home/pete/wefwefwef/docs/other/8206254593/telep-tag-0.1.0/telep/apps/telep" -> "/home/pete/wefwefwef/docs/other/8206254593/repo/0.1.0/.xml/telep"
Generated telep XMLs: ["/home/pete/wefwefwef/docs/other/8206254593/repo/0.1.0/.xml/telep/template_processor.xml",
                       "/home/pete/wefwefwef/docs/other/8206254593/repo/0.1.0/.xml/telep/queue_listener.xml",
                       "/home/pete/wefwefwef/docs/other/8206254593/repo/0.1.0/.xml/telep/q_params.xml",
                       "/home/pete/wefwefwef/docs/other/8206254593/repo/0.1.0/.xml/telep/robot_control.xml",
                       "/home/pete/wefwefwef/docs/other/8206254593/repo/0.1.0/.xml/telep/registration_supervisor.xml",
                       "/home/pete/wefwefwef/docs/other/8206254593/repo/0.1.0/.xml/telep/notification_worker.xml",
                       "/home/pete/wefwefwef/docs/other/8206254593/repo/0.1.0/.xml/telep/robot_db.xml",
                       "/home/pete/wefwefwef/docs/other/8206254593/repo/0.1.0/.xml/telep/signature_handler.xml",
                       "/home/pete/wefwefwef/docs/other/8206254593/repo/0.1.0/.xml/telep/command_worker.xml",
                       "/home/pete/wefwefwef/docs/other/8206254593/repo/0.1.0/.xml/telep/robot_command_protocol.xml",
                       "/home/pete/wefwefwef/docs/other/8206254593/repo/0.1.0/.xml/telep/commands.xml",
                       "/home/pete/wefwefwef/docs/other/8206254593/repo/0.1.0/.xml/telep/command_queue_worker.xml",
                       "/home/pete/wefwefwef/docs/other/8206254593/repo/0.1.0/.xml/telep/web_server.xml",
                       "/home/pete/wefwefwef/docs/other/8206254593/repo/0.1.0/.xml/telep/pages.xml",
                       "/home/pete/wefwefwef/docs/other/8206254593/repo/0.1.0/.xml/telep/registration_worker.xml"]
Generating HTML - q_params "/home/pete/wefwefwef/docs/other/8206254593/repo/0.1.0/.xml/telep/q_params.xml"
Generating HTML - notification_worker "/home/pete/wefwefwef/docs/other/8206254593/repo/0.1.0/.xml/telep/notification_worker.xml"
Generating HTML - command_worker "/home/pete/wefwefwef/docs/other/8206254593/repo/0.1.0/.xml/telep/command_worker.xml"
Generating HTML - registration_worker "/home/pete/wefwefwef/docs/other/8206254593/repo/0.1.0/.xml/telep/registration_worker.xml"
Reading XML for "/home/pete/wefwefwef/docs/other/8206254593/repo/0.1.0/.xml/telep/q_params.xml"
Reading XML for "/home/pete/wefwefwef/docs/other/8206254593/repo/0.1.0/.xml/telep/notification_worker.xml"
Reading XML for "/home/pete/wefwefwef/docs/other/8206254593/repo/0.1.0/.xml/telep/command_worker.xml"
Reading XML for "/home/pete/wefwefwef/docs/other/8206254593/repo/0.1.0/.xml/telep/registration_worker.xml"
Reading XML for "/home/pete/wefwefwef/docs/other/8206254593/repo/0.1.0/.xml/specs_notification_worker.xml"
Reading XML for "/home/pete/wefwefwef/docs/other/8206254593/repo/0.1.0/.xml/specs_command_worker.xml"
Generating HTML - registration_supervisor "/home/pete/wefwefwef/docs/other/8206254593/repo/0.1.0/.xml/telep/registration_supervisor.xml"
Reading XML for "/home/pete/wefwefwef/docs/other/8206254593/repo/0.1.0/.xml/telep/registration_supervisor.xml"
Generating HTML - signature_handler "/home/pete/wefwefwef/docs/other/8206254593/repo/0.1.0/.xml/telep/signature_handler.xml"
Reading XML for "/home/pete/wefwefwef/docs/other/8206254593/repo/0.1.0/.xml/telep/signature_handler.xml"
Reading XML for "/home/pete/wefwefwef/docs/other/8206254593/repo/0.1.0/.xml/specs_q_params.xml"
Reading XML for "/home/pete/wefwefwef/docs/other/8206254593/repo/0.1.0/.xml/specs_registration_worker.xml"
Generating HTML - queue_listener "/home/pete/wefwefwef/docs/other/8206254593/repo/0.1.0/.xml/telep/queue_listener.xml"
Reading XML for "/home/pete/wefwefwef/docs/other/8206254593/repo/0.1.0/.xml/telep/queue_listener.xml"
Generating HTML - pages "/home/pete/wefwefwef/docs/other/8206254593/repo/0.1.0/.xml/telep/pages.xml"
Reading XML for "/home/pete/wefwefwef/docs/other/8206254593/repo/0.1.0/.xml/telep/pages.xml"
Reading XML for "/home/pete/wefwefwef/docs/other/8206254593/repo/0.1.0/.xml/specs_registration_supervisor.xml"
Generating HTML - robot_control "/home/pete/wefwefwef/docs/other/8206254593/repo/0.1.0/.xml/telep/robot_control.xml"
Reading XML for "/home/pete/wefwefwef/docs/other/8206254593/repo/0.1.0/.xml/telep/robot_control.xml"
Reading XML for "/home/pete/wefwefwef/docs/other/8206254593/repo/0.1.0/.xml/specs_signature_handler.xml"
Generating HTML - robot_db "/home/pete/wefwefwef/docs/other/8206254593/repo/0.1.0/.xml/telep/robot_db.xml"
Reading XML for "/home/pete/wefwefwef/docs/other/8206254593/repo/0.1.0/.xml/telep/robot_db.xml"
Reading XML for "/home/pete/wefwefwef/docs/other/8206254593/repo/0.1.0/.xml/specs_queue_listener.xml"
Reading XML for "/home/pete/wefwefwef/docs/other/8206254593/repo/0.1.0/.xml/specs_pages.xml"
Generating HTML - template_processor "/home/pete/wefwefwef/docs/other/8206254593/repo/0.1.0/.xml/telep/template_processor.xml"
Reading XML for "/home/pete/wefwefwef/docs/other/8206254593/repo/0.1.0/.xml/telep/template_processor.xml"
Generating HTML - web_server "/home/pete/wefwefwef/docs/other/8206254593/repo/0.1.0/.xml/telep/web_server.xml"
Reading XML for "/home/pete/wefwefwef/docs/other/8206254593/repo/0.1.0/.xml/telep/web_server.xml"
Reading XML for "/home/pete/wefwefwef/docs/other/8206254593/repo/0.1.0/.xml/specs_robot_control.xml"
Reading XML for "/home/pete/wefwefwef/docs/other/8206254593/repo/0.1.0/.xml/specs_robot_db.xml"
Reading XML for "/home/pete/wefwefwef/docs/other/8206254593/repo/0.1.0/.xml/specs_template_processor.xml"
Reading XML for "/home/pete/wefwefwef/docs/other/8206254593/repo/0.1.0/.xml/specs_web_server.xml"
Generating HTML - command_queue_worker "/home/pete/wefwefwef/docs/other/8206254593/repo/0.1.0/.xml/telep/command_queue_worker.xml"
Reading XML for "/home/pete/wefwefwef/docs/other/8206254593/repo/0.1.0/.xml/telep/command_queue_worker.xml"
Reading XML for "/home/pete/wefwefwef/docs/other/8206254593/repo/0.1.0/.xml/specs_command_queue_worker.xml"
Generating HTML - commands "/home/pete/wefwefwef/docs/other/8206254593/repo/0.1.0/.xml/telep/commands.xml"
Reading XML for "/home/pete/wefwefwef/docs/other/8206254593/repo/0.1.0/.xml/telep/commands.xml"
Reading XML for "/home/pete/wefwefwef/docs/other/8206254593/repo/0.1.0/.xml/specs_commands.xml"
Generating HTML - robot_command_protocol "/home/pete/wefwefwef/docs/other/8206254593/repo/0.1.0/.xml/telep/robot_command_protocol.xml"
Reading XML for "/home/pete/wefwefwef/docs/other/8206254593/repo/0.1.0/.xml/telep/robot_command_protocol.xml"
Reading XML for "/home/pete/wefwefwef/docs/other/8206254593/repo/0.1.0/.xml/specs_robot_command_protocol.xml"
Building telep
Generating XML for application telep "/home/pete/wefwefwef/docs/other/8206254593/telep-tag-0.1.0/telep" -> "/home/pete/wefwefwef/docs/other/8206254593/repo/0.1.0/.xml/telep"
Generated telep XMLs: ["/home/pete/wefwefwef/docs/other/8206254593/repo/0.1.0/.xml/telep/test_client.xml",
                       "/home/pete/wefwefwef/docs/other/8206254593/repo/0.1.0/.xml/telep/template_processor.xml",
                       "/home/pete/wefwefwef/docs/other/8206254593/repo/0.1.0/.xml/telep/queue_listener.xml",
                       "/home/pete/wefwefwef/docs/other/8206254593/repo/0.1.0/.xml/telep/q_params.xml",
                       "/home/pete/wefwefwef/docs/other/8206254593/repo/0.1.0/.xml/telep/robot_control.xml",
                       "/home/pete/wefwefwef/docs/other/8206254593/repo/0.1.0/.xml/telep/registration_supervisor.xml",
                       "/home/pete/wefwefwef/docs/other/8206254593/repo/0.1.0/.xml/telep/notification_worker.xml",
                       "/home/pete/wefwefwef/docs/other/8206254593/repo/0.1.0/.xml/telep/robot_db.xml",
                       "/home/pete/wefwefwef/docs/other/8206254593/repo/0.1.0/.xml/telep/signature_handler.xml",
                       "/home/pete/wefwefwef/docs/other/8206254593/repo/0.1.0/.xml/telep/command_worker.xml",
                       "/home/pete/wefwefwef/docs/other/8206254593/repo/0.1.0/.xml/telep/robot_command_protocol.xml",
                       "/home/pete/wefwefwef/docs/other/8206254593/repo/0.1.0/.xml/telep/commands.xml",
                       "/home/pete/wefwefwef/docs/other/8206254593/repo/0.1.0/.xml/telep/command_queue_worker.xml",
                       "/home/pete/wefwefwef/docs/other/8206254593/repo/0.1.0/.xml/telep/web_server.xml",
                       "/home/pete/wefwefwef/docs/other/8206254593/repo/0.1.0/.xml/telep/pages.xml",
                       "/home/pete/wefwefwef/docs/other/8206254593/repo/0.1.0/.xml/telep/registration_worker.xml"]
Generating HTML - q_params "/home/pete/wefwefwef/docs/other/8206254593/repo/0.1.0/.xml/telep/q_params.xml"
Generating HTML - robot_db "/home/pete/wefwefwef/docs/other/8206254593/repo/0.1.0/.xml/telep/robot_db.xml"
Generating HTML - commands "/home/pete/wefwefwef/docs/other/8206254593/repo/0.1.0/.xml/telep/commands.xml"
Generating HTML - registration_worker "/home/pete/wefwefwef/docs/other/8206254593/repo/0.1.0/.xml/telep/registration_worker.xml"
Reading XML for "/home/pete/wefwefwef/docs/other/8206254593/repo/0.1.0/.xml/telep/q_params.xml"
Reading XML for "/home/pete/wefwefwef/docs/other/8206254593/repo/0.1.0/.xml/telep/robot_db.xml"
Reading XML for "/home/pete/wefwefwef/docs/other/8206254593/repo/0.1.0/.xml/telep/commands.xml"
Reading XML for "/home/pete/wefwefwef/docs/other/8206254593/repo/0.1.0/.xml/telep/registration_worker.xml"
Reading XML for "/home/pete/wefwefwef/docs/other/8206254593/repo/0.1.0/.xml/specs_q_params.xml"
Generating HTML - queue_listener "/home/pete/wefwefwef/docs/other/8206254593/repo/0.1.0/.xml/telep/queue_listener.xml"
Reading XML for "/home/pete/wefwefwef/docs/other/8206254593/repo/0.1.0/.xml/specs_robot_db.xml"
Reading XML for "/home/pete/wefwefwef/docs/other/8206254593/repo/0.1.0/.xml/telep/queue_listener.xml"
Reading XML for "/home/pete/wefwefwef/docs/other/8206254593/repo/0.1.0/.xml/specs_registration_worker.xml"
Reading XML for "/home/pete/wefwefwef/docs/other/8206254593/repo/0.1.0/.xml/specs_commands.xml"
Generating HTML - notification_worker "/home/pete/wefwefwef/docs/other/8206254593/repo/0.1.0/.xml/telep/notification_worker.xml"
Reading XML for "/home/pete/wefwefwef/docs/other/8206254593/repo/0.1.0/.xml/telep/notification_worker.xml"
Generating HTML - pages "/home/pete/wefwefwef/docs/other/8206254593/repo/0.1.0/.xml/telep/pages.xml"
Reading XML for "/home/pete/wefwefwef/docs/other/8206254593/repo/0.1.0/.xml/telep/pages.xml"
Generating HTML - robot_command_protocol "/home/pete/wefwefwef/docs/other/8206254593/repo/0.1.0/.xml/telep/robot_command_protocol.xml"
Reading XML for "/home/pete/wefwefwef/docs/other/8206254593/repo/0.1.0/.xml/telep/robot_command_protocol.xml"
Reading XML for "/home/pete/wefwefwef/docs/other/8206254593/repo/0.1.0/.xml/specs_queue_listener.xml"
Reading XML for "/home/pete/wefwefwef/docs/other/8206254593/repo/0.1.0/.xml/specs_pages.xml"
Generating HTML - template_processor "/home/pete/wefwefwef/docs/other/8206254593/repo/0.1.0/.xml/telep/template_processor.xml"
Reading XML for "/home/pete/wefwefwef/docs/other/8206254593/repo/0.1.0/.xml/telep/template_processor.xml"
Reading XML for "/home/pete/wefwefwef/docs/other/8206254593/repo/0.1.0/.xml/specs_robot_command_protocol.xml"
Generating HTML - web_server "/home/pete/wefwefwef/docs/other/8206254593/repo/0.1.0/.xml/telep/web_server.xml"
Reading XML for "/home/pete/wefwefwef/docs/other/8206254593/repo/0.1.0/.xml/specs_notification_worker.xml"
Reading XML for "/home/pete/wefwefwef/docs/other/8206254593/repo/0.1.0/.xml/telep/web_server.xml"
Generating HTML - command_worker "/home/pete/wefwefwef/docs/other/8206254593/repo/0.1.0/.xml/telep/command_worker.xml"
Reading XML for "/home/pete/wefwefwef/docs/other/8206254593/repo/0.1.0/.xml/telep/command_worker.xml"
Generating HTML - registration_supervisor "/home/pete/wefwefwef/docs/other/8206254593/repo/0.1.0/.xml/telep/registration_supervisor.xml"
Reading XML for "/home/pete/wefwefwef/docs/other/8206254593/repo/0.1.0/.xml/telep/registration_supervisor.xml"
Reading XML for "/home/pete/wefwefwef/docs/other/8206254593/repo/0.1.0/.xml/specs_template_processor.xml"
Generating HTML - test_client "/home/pete/wefwefwef/docs/other/8206254593/repo/0.1.0/.xml/telep/test_client.xml"
Reading XML for "/home/pete/wefwefwef/docs/other/8206254593/repo/0.1.0/.xml/telep/test_client.xml"
Reading XML for "/home/pete/wefwefwef/docs/other/8206254593/repo/0.1.0/.xml/specs_web_server.xml"
Reading XML for "/home/pete/wefwefwef/docs/other/8206254593/repo/0.1.0/.xml/specs_command_worker.xml"
Generating HTML - command_queue_worker "/home/pete/wefwefwef/docs/other/8206254593/repo/0.1.0/.xml/telep/command_queue_worker.xml"
Reading XML for "/home/pete/wefwefwef/docs/other/8206254593/repo/0.1.0/.xml/telep/command_queue_worker.xml"
Generating HTML - signature_handler "/home/pete/wefwefwef/docs/other/8206254593/repo/0.1.0/.xml/telep/signature_handler.xml"
Reading XML for "/home/pete/wefwefwef/docs/other/8206254593/repo/0.1.0/.xml/telep/signature_handler.xml"
Reading XML for "/home/pete/wefwefwef/docs/other/8206254593/repo/0.1.0/.xml/specs_registration_supervisor.xml"
Generating HTML - robot_control "/home/pete/wefwefwef/docs/other/8206254593/repo/0.1.0/.xml/telep/robot_control.xml"
Reading XML for "/home/pete/wefwefwef/docs/other/8206254593/repo/0.1.0/.xml/telep/robot_control.xml"
Reading XML for "/home/pete/wefwefwef/docs/other/8206254593/repo/0.1.0/.xml/specs_command_queue_worker.xml"
Reading XML for "/home/pete/wefwefwef/docs/other/8206254593/repo/0.1.0/.xml/specs_signature_handler.xml"
Reading XML for "/home/pete/wefwefwef/docs/other/8206254593/repo/0.1.0/.xml/specs_robot_control.xml"
Creating index.html ...
Creating erldocs_index.js ...
Woot, finished in 0 Minutes 1 Seconds
 :: Discovering other repos
$ 5000  `rm -r '/home/pete/wefwefwef/docs/other/8206254593/telep-tag-0.1.0'  2>&1`
 :: Processing https://github.com/fellowroboticists/telep	{rev,tag,"0.1.1","bbaf0a8c0905518b0b4f1a26231d25409f003f4d"}
 :: Fetching repo code
$ cd "/home/pete/wefwefwef/docs/other/8206254593/telep-tag-0.1.1/telep"
$ infinity  `curl --fail --silent --show-error --location --output '0.1.1.zip' 'https://github.com/fellowroboticists/telep/archive/0.1.1.zip'  2>&1`
$ cd "/home/pete/wefwefwef/docs/erldocs_other.git"
$ cd "/home/pete/wefwefwef/docs/other/8206254593/telep-tag-0.1.1/telep"
$ 5000  `find -P . -type l -delete  2>&1`
$ cd "/home/pete/wefwefwef/docs/erldocs_other.git"
$ cd "/home/pete/wefwefwef/docs/other/8206254593/telep-tag-0.1.1/telep"
$ 5000  `find 'telep-0.1.1' -mindepth 1 -maxdepth 1 -exec mv -t . -- {} +  2>&1`
$ cd "/home/pete/wefwefwef/docs/erldocs_other.git"
 :: Getting dependencies
$ cd "/home/pete/wefwefwef/docs/other/8206254593/telep-tag-0.1.1/telep"
$ 5000  `ls -1 deps/  2>&1`
$ cd "/home/pete/wefwefwef/docs/erldocs_other.git"
>>> [rebar] deps = []
 :: Generating erldocs into /home/pete/wefwefwef/docs/other/8206254593/repo/0.1.1
Building telep
Generating Type Specs - "/home/pete/wefwefwef/docs/other/8206254593/telep-tag-0.1.1/telep/apps/telep/src/command_queue_worker.erl"
Generating Type Specs - "/home/pete/wefwefwef/docs/other/8206254593/telep-tag-0.1.1/telep/apps/telep/src/command_worker.erl"
Generating Type Specs - "/home/pete/wefwefwef/docs/other/8206254593/telep-tag-0.1.1/telep/apps/telep/src/commands.erl"
Generating Type Specs - "/home/pete/wefwefwef/docs/other/8206254593/telep-tag-0.1.1/telep/apps/telep/src/notification_worker.erl"
Generating Type Specs - "/home/pete/wefwefwef/docs/other/8206254593/telep-tag-0.1.1/telep/apps/telep/src/pages.erl"
Generating Type Specs - "/home/pete/wefwefwef/docs/other/8206254593/telep-tag-0.1.1/telep/apps/telep/src/q_params.erl"
Generating Type Specs - "/home/pete/wefwefwef/docs/other/8206254593/telep-tag-0.1.1/telep/apps/telep/src/queue_listener.erl"
Generating Type Specs - "/home/pete/wefwefwef/docs/other/8206254593/telep-tag-0.1.1/telep/apps/telep/src/registration_supervisor.erl"
Generating Type Specs - "/home/pete/wefwefwef/docs/other/8206254593/telep-tag-0.1.1/telep/apps/telep/src/registration_worker.erl"
Generating Type Specs - "/home/pete/wefwefwef/docs/other/8206254593/telep-tag-0.1.1/telep/apps/telep/src/robot_command_protocol.erl"
Generating Type Specs - "/home/pete/wefwefwef/docs/other/8206254593/telep-tag-0.1.1/telep/apps/telep/src/robot_control.erl"
Generating Type Specs - "/home/pete/wefwefwef/docs/other/8206254593/telep-tag-0.1.1/telep/apps/telep/src/robot_db.erl"
Generating Type Specs - "/home/pete/wefwefwef/docs/other/8206254593/telep-tag-0.1.1/telep/apps/telep/src/signature_handler.erl"
Generating Type Specs - "/home/pete/wefwefwef/docs/other/8206254593/telep-tag-0.1.1/telep/apps/telep/src/template_processor.erl"
Generating Type Specs - "/home/pete/wefwefwef/docs/other/8206254593/telep-tag-0.1.1/telep/apps/telep/src/web_server.erl"
Generating XML for application telep "/home/pete/wefwefwef/docs/other/8206254593/telep-tag-0.1.1/telep/apps/telep" -> "/home/pete/wefwefwef/docs/other/8206254593/repo/0.1.1/.xml/telep"
Generated telep XMLs: ["/home/pete/wefwefwef/docs/other/8206254593/repo/0.1.1/.xml/telep/template_processor.xml",
                       "/home/pete/wefwefwef/docs/other/8206254593/repo/0.1.1/.xml/telep/queue_listener.xml",
                       "/home/pete/wefwefwef/docs/other/8206254593/repo/0.1.1/.xml/telep/q_params.xml",
                       "/home/pete/wefwefwef/docs/other/8206254593/repo/0.1.1/.xml/telep/robot_control.xml",
                       "/home/pete/wefwefwef/docs/other/8206254593/repo/0.1.1/.xml/telep/registration_supervisor.xml",
                       "/home/pete/wefwefwef/docs/other/8206254593/repo/0.1.1/.xml/telep/notification_worker.xml",
                       "/home/pete/wefwefwef/docs/other/8206254593/repo/0.1.1/.xml/telep/robot_db.xml",
                       "/home/pete/wefwefwef/docs/other/8206254593/repo/0.1.1/.xml/telep/signature_handler.xml",
                       "/home/pete/wefwefwef/docs/other/8206254593/repo/0.1.1/.xml/telep/command_worker.xml",
                       "/home/pete/wefwefwef/docs/other/8206254593/repo/0.1.1/.xml/telep/robot_command_protocol.xml",
                       "/home/pete/wefwefwef/docs/other/8206254593/repo/0.1.1/.xml/telep/commands.xml",
                       "/home/pete/wefwefwef/docs/other/8206254593/repo/0.1.1/.xml/telep/command_queue_worker.xml",
                       "/home/pete/wefwefwef/docs/other/8206254593/repo/0.1.1/.xml/telep/web_server.xml",
                       "/home/pete/wefwefwef/docs/other/8206254593/repo/0.1.1/.xml/telep/pages.xml",
                       "/home/pete/wefwefwef/docs/other/8206254593/repo/0.1.1/.xml/telep/registration_worker.xml"]
Generating HTML - q_params "/home/pete/wefwefwef/docs/other/8206254593/repo/0.1.1/.xml/telep/q_params.xml"
Generating HTML - notification_worker "/home/pete/wefwefwef/docs/other/8206254593/repo/0.1.1/.xml/telep/notification_worker.xml"
Generating HTML - command_worker "/home/pete/wefwefwef/docs/other/8206254593/repo/0.1.1/.xml/telep/command_worker.xml"
Generating HTML - registration_worker "/home/pete/wefwefwef/docs/other/8206254593/repo/0.1.1/.xml/telep/registration_worker.xml"
Reading XML for "/home/pete/wefwefwef/docs/other/8206254593/repo/0.1.1/.xml/telep/q_params.xml"
Reading XML for "/home/pete/wefwefwef/docs/other/8206254593/repo/0.1.1/.xml/telep/notification_worker.xml"
Reading XML for "/home/pete/wefwefwef/docs/other/8206254593/repo/0.1.1/.xml/telep/command_worker.xml"
Reading XML for "/home/pete/wefwefwef/docs/other/8206254593/repo/0.1.1/.xml/telep/registration_worker.xml"
Reading XML for "/home/pete/wefwefwef/docs/other/8206254593/repo/0.1.1/.xml/specs_notification_worker.xml"
Reading XML for "/home/pete/wefwefwef/docs/other/8206254593/repo/0.1.1/.xml/specs_q_params.xml"
Generating HTML - registration_supervisor "/home/pete/wefwefwef/docs/other/8206254593/repo/0.1.1/.xml/telep/registration_supervisor.xml"
Reading XML for "/home/pete/wefwefwef/docs/other/8206254593/repo/0.1.1/.xml/telep/registration_supervisor.xml"
Generating HTML - queue_listener "/home/pete/wefwefwef/docs/other/8206254593/repo/0.1.1/.xml/telep/queue_listener.xml"
Reading XML for "/home/pete/wefwefwef/docs/other/8206254593/repo/0.1.1/.xml/telep/queue_listener.xml"
Reading XML for "/home/pete/wefwefwef/docs/other/8206254593/repo/0.1.1/.xml/specs_registration_worker.xml"
Reading XML for "/home/pete/wefwefwef/docs/other/8206254593/repo/0.1.1/.xml/specs_command_worker.xml"
Generating HTML - pages "/home/pete/wefwefwef/docs/other/8206254593/repo/0.1.1/.xml/telep/pages.xml"
Reading XML for "/home/pete/wefwefwef/docs/other/8206254593/repo/0.1.1/.xml/telep/pages.xml"
Generating HTML - signature_handler "/home/pete/wefwefwef/docs/other/8206254593/repo/0.1.1/.xml/telep/signature_handler.xml"
Reading XML for "/home/pete/wefwefwef/docs/other/8206254593/repo/0.1.1/.xml/telep/signature_handler.xml"
Reading XML for "/home/pete/wefwefwef/docs/other/8206254593/repo/0.1.1/.xml/specs_registration_supervisor.xml"
Generating HTML - robot_control "/home/pete/wefwefwef/docs/other/8206254593/repo/0.1.1/.xml/telep/robot_control.xml"
Reading XML for "/home/pete/wefwefwef/docs/other/8206254593/repo/0.1.1/.xml/telep/robot_control.xml"
Reading XML for "/home/pete/wefwefwef/docs/other/8206254593/repo/0.1.1/.xml/specs_queue_listener.xml"
Generating HTML - template_processor "/home/pete/wefwefwef/docs/other/8206254593/repo/0.1.1/.xml/telep/template_processor.xml"
Reading XML for "/home/pete/wefwefwef/docs/other/8206254593/repo/0.1.1/.xml/telep/template_processor.xml"
Reading XML for "/home/pete/wefwefwef/docs/other/8206254593/repo/0.1.1/.xml/specs_pages.xml"
Generating HTML - web_server "/home/pete/wefwefwef/docs/other/8206254593/repo/0.1.1/.xml/telep/web_server.xml"
Reading XML for "/home/pete/wefwefwef/docs/other/8206254593/repo/0.1.1/.xml/telep/web_server.xml"
Reading XML for "/home/pete/wefwefwef/docs/other/8206254593/repo/0.1.1/.xml/specs_signature_handler.xml"
Generating HTML - robot_db "/home/pete/wefwefwef/docs/other/8206254593/repo/0.1.1/.xml/telep/robot_db.xml"
Reading XML for "/home/pete/wefwefwef/docs/other/8206254593/repo/0.1.1/.xml/telep/robot_db.xml"
Reading XML for "/home/pete/wefwefwef/docs/other/8206254593/repo/0.1.1/.xml/specs_robot_control.xml"
Reading XML for "/home/pete/wefwefwef/docs/other/8206254593/repo/0.1.1/.xml/specs_template_processor.xml"
Reading XML for "/home/pete/wefwefwef/docs/other/8206254593/repo/0.1.1/.xml/specs_web_server.xml"
Generating HTML - command_queue_worker "/home/pete/wefwefwef/docs/other/8206254593/repo/0.1.1/.xml/telep/command_queue_worker.xml"
Reading XML for "/home/pete/wefwefwef/docs/other/8206254593/repo/0.1.1/.xml/telep/command_queue_worker.xml"
Reading XML for "/home/pete/wefwefwef/docs/other/8206254593/repo/0.1.1/.xml/specs_robot_db.xml"
Reading XML for "/home/pete/wefwefwef/docs/other/8206254593/repo/0.1.1/.xml/specs_command_queue_worker.xml"
Generating HTML - commands "/home/pete/wefwefwef/docs/other/8206254593/repo/0.1.1/.xml/telep/commands.xml"
Reading XML for "/home/pete/wefwefwef/docs/other/8206254593/repo/0.1.1/.xml/telep/commands.xml"
Reading XML for "/home/pete/wefwefwef/docs/other/8206254593/repo/0.1.1/.xml/specs_commands.xml"
Generating HTML - robot_command_protocol "/home/pete/wefwefwef/docs/other/8206254593/repo/0.1.1/.xml/telep/robot_command_protocol.xml"
Reading XML for "/home/pete/wefwefwef/docs/other/8206254593/repo/0.1.1/.xml/telep/robot_command_protocol.xml"
Reading XML for "/home/pete/wefwefwef/docs/other/8206254593/repo/0.1.1/.xml/specs_robot_command_protocol.xml"
Building telep
Generating XML for application telep "/home/pete/wefwefwef/docs/other/8206254593/telep-tag-0.1.1/telep" -> "/home/pete/wefwefwef/docs/other/8206254593/repo/0.1.1/.xml/telep"
Generated telep XMLs: ["/home/pete/wefwefwef/docs/other/8206254593/repo/0.1.1/.xml/telep/test_client.xml",
                       "/home/pete/wefwefwef/docs/other/8206254593/repo/0.1.1/.xml/telep/template_processor.xml",
                       "/home/pete/wefwefwef/docs/other/8206254593/repo/0.1.1/.xml/telep/queue_listener.xml",
                       "/home/pete/wefwefwef/docs/other/8206254593/repo/0.1.1/.xml/telep/q_params.xml",
                       "/home/pete/wefwefwef/docs/other/8206254593/repo/0.1.1/.xml/telep/robot_control.xml",
                       "/home/pete/wefwefwef/docs/other/8206254593/repo/0.1.1/.xml/telep/registration_supervisor.xml",
                       "/home/pete/wefwefwef/docs/other/8206254593/repo/0.1.1/.xml/telep/notification_worker.xml",
                       "/home/pete/wefwefwef/docs/other/8206254593/repo/0.1.1/.xml/telep/robot_db.xml",
                       "/home/pete/wefwefwef/docs/other/8206254593/repo/0.1.1/.xml/telep/signature_handler.xml",
                       "/home/pete/wefwefwef/docs/other/8206254593/repo/0.1.1/.xml/telep/command_worker.xml",
                       "/home/pete/wefwefwef/docs/other/8206254593/repo/0.1.1/.xml/telep/robot_command_protocol.xml",
                       "/home/pete/wefwefwef/docs/other/8206254593/repo/0.1.1/.xml/telep/commands.xml",
                       "/home/pete/wefwefwef/docs/other/8206254593/repo/0.1.1/.xml/telep/command_queue_worker.xml",
                       "/home/pete/wefwefwef/docs/other/8206254593/repo/0.1.1/.xml/telep/web_server.xml",
                       "/home/pete/wefwefwef/docs/other/8206254593/repo/0.1.1/.xml/telep/pages.xml",
                       "/home/pete/wefwefwef/docs/other/8206254593/repo/0.1.1/.xml/telep/registration_worker.xml"]
Generating HTML - q_params "/home/pete/wefwefwef/docs/other/8206254593/repo/0.1.1/.xml/telep/q_params.xml"
Generating HTML - robot_db "/home/pete/wefwefwef/docs/other/8206254593/repo/0.1.1/.xml/telep/robot_db.xml"
Generating HTML - commands "/home/pete/wefwefwef/docs/other/8206254593/repo/0.1.1/.xml/telep/commands.xml"
Generating HTML - registration_worker "/home/pete/wefwefwef/docs/other/8206254593/repo/0.1.1/.xml/telep/registration_worker.xml"
Reading XML for "/home/pete/wefwefwef/docs/other/8206254593/repo/0.1.1/.xml/telep/q_params.xml"
Reading XML for "/home/pete/wefwefwef/docs/other/8206254593/repo/0.1.1/.xml/telep/robot_db.xml"
Reading XML for "/home/pete/wefwefwef/docs/other/8206254593/repo/0.1.1/.xml/telep/commands.xml"
Reading XML for "/home/pete/wefwefwef/docs/other/8206254593/repo/0.1.1/.xml/telep/registration_worker.xml"
Reading XML for "/home/pete/wefwefwef/docs/other/8206254593/repo/0.1.1/.xml/specs_robot_db.xml"
Reading XML for "/home/pete/wefwefwef/docs/other/8206254593/repo/0.1.1/.xml/specs_commands.xml"
Reading XML for "/home/pete/wefwefwef/docs/other/8206254593/repo/0.1.1/.xml/specs_q_params.xml"
Reading XML for "/home/pete/wefwefwef/docs/other/8206254593/repo/0.1.1/.xml/specs_registration_worker.xml"
Generating HTML - queue_listener "/home/pete/wefwefwef/docs/other/8206254593/repo/0.1.1/.xml/telep/queue_listener.xml"
Generating HTML - robot_command_protocol "/home/pete/wefwefwef/docs/other/8206254593/repo/0.1.1/.xml/telep/robot_command_protocol.xml"
Reading XML for "/home/pete/wefwefwef/docs/other/8206254593/repo/0.1.1/.xml/telep/queue_listener.xml"
Generating HTML - notification_worker "/home/pete/wefwefwef/docs/other/8206254593/repo/0.1.1/.xml/telep/notification_worker.xml"
Reading XML for "/home/pete/wefwefwef/docs/other/8206254593/repo/0.1.1/.xml/telep/robot_command_protocol.xml"
Reading XML for "/home/pete/wefwefwef/docs/other/8206254593/repo/0.1.1/.xml/telep/notification_worker.xml"
Generating HTML - pages "/home/pete/wefwefwef/docs/other/8206254593/repo/0.1.1/.xml/telep/pages.xml"
Reading XML for "/home/pete/wefwefwef/docs/other/8206254593/repo/0.1.1/.xml/telep/pages.xml"
Reading XML for "/home/pete/wefwefwef/docs/other/8206254593/repo/0.1.1/.xml/specs_notification_worker.xml"
Reading XML for "/home/pete/wefwefwef/docs/other/8206254593/repo/0.1.1/.xml/specs_queue_listener.xml"
Reading XML for "/home/pete/wefwefwef/docs/other/8206254593/repo/0.1.1/.xml/specs_robot_command_protocol.xml"
Reading XML for "/home/pete/wefwefwef/docs/other/8206254593/repo/0.1.1/.xml/specs_pages.xml"
Generating HTML - registration_supervisor "/home/pete/wefwefwef/docs/other/8206254593/repo/0.1.1/.xml/telep/registration_supervisor.xml"
Reading XML for "/home/pete/wefwefwef/docs/other/8206254593/repo/0.1.1/.xml/telep/registration_supervisor.xml"
Generating HTML - template_processor "/home/pete/wefwefwef/docs/other/8206254593/repo/0.1.1/.xml/telep/template_processor.xml"
Reading XML for "/home/pete/wefwefwef/docs/other/8206254593/repo/0.1.1/.xml/telep/template_processor.xml"
Generating HTML - command_worker "/home/pete/wefwefwef/docs/other/8206254593/repo/0.1.1/.xml/telep/command_worker.xml"
Generating HTML - web_server "/home/pete/wefwefwef/docs/other/8206254593/repo/0.1.1/.xml/telep/web_server.xml"
Reading XML for "/home/pete/wefwefwef/docs/other/8206254593/repo/0.1.1/.xml/telep/command_worker.xml"
Reading XML for "/home/pete/wefwefwef/docs/other/8206254593/repo/0.1.1/.xml/telep/web_server.xml"
Reading XML for "/home/pete/wefwefwef/docs/other/8206254593/repo/0.1.1/.xml/specs_registration_supervisor.xml"
Reading XML for "/home/pete/wefwefwef/docs/other/8206254593/repo/0.1.1/.xml/specs_template_processor.xml"
Generating HTML - robot_control "/home/pete/wefwefwef/docs/other/8206254593/repo/0.1.1/.xml/telep/robot_control.xml"
Reading XML for "/home/pete/wefwefwef/docs/other/8206254593/repo/0.1.1/.xml/specs_command_worker.xml"
Reading XML for "/home/pete/wefwefwef/docs/other/8206254593/repo/0.1.1/.xml/telep/robot_control.xml"
Generating HTML - signature_handler "/home/pete/wefwefwef/docs/other/8206254593/repo/0.1.1/.xml/telep/signature_handler.xml"
Reading XML for "/home/pete/wefwefwef/docs/other/8206254593/repo/0.1.1/.xml/telep/signature_handler.xml"
Generating HTML - test_client "/home/pete/wefwefwef/docs/other/8206254593/repo/0.1.1/.xml/telep/test_client.xml"
Reading XML for "/home/pete/wefwefwef/docs/other/8206254593/repo/0.1.1/.xml/telep/test_client.xml"
Reading XML for "/home/pete/wefwefwef/docs/other/8206254593/repo/0.1.1/.xml/specs_web_server.xml"
Generating HTML - command_queue_worker "/home/pete/wefwefwef/docs/other/8206254593/repo/0.1.1/.xml/telep/command_queue_worker.xml"
Reading XML for "/home/pete/wefwefwef/docs/other/8206254593/repo/0.1.1/.xml/telep/command_queue_worker.xml"
Reading XML for "/home/pete/wefwefwef/docs/other/8206254593/repo/0.1.1/.xml/specs_robot_control.xml"
Reading XML for "/home/pete/wefwefwef/docs/other/8206254593/repo/0.1.1/.xml/specs_signature_handler.xml"
Reading XML for "/home/pete/wefwefwef/docs/other/8206254593/repo/0.1.1/.xml/specs_command_queue_worker.xml"
Creating index.html ...
Creating erldocs_index.js ...
Woot, finished in 0 Minutes 1 Seconds
 :: Discovering other repos
$ 5000  `rm -r '/home/pete/wefwefwef/docs/other/8206254593/telep-tag-0.1.1'  2>&1`
 :: Processing https://github.com/fellowroboticists/telep	{rev,tag,"0.1.1.b","87d95e05cbdb40d0f1f1761b9cd64d0d375e5c8f"}
 :: Fetching repo code
$ cd "/home/pete/wefwefwef/docs/other/8206254593/telep-tag-0.1.1.b/telep"
$ infinity  `curl --fail --silent --show-error --location --output '0.1.1.b.zip' 'https://github.com/fellowroboticists/telep/archive/0.1.1.b.zip'  2>&1`
$ cd "/home/pete/wefwefwef/docs/erldocs_other.git"
$ cd "/home/pete/wefwefwef/docs/other/8206254593/telep-tag-0.1.1.b/telep"
$ 5000  `find -P . -type l -delete  2>&1`
$ cd "/home/pete/wefwefwef/docs/erldocs_other.git"
$ cd "/home/pete/wefwefwef/docs/other/8206254593/telep-tag-0.1.1.b/telep"
$ 5000  `find 'telep-0.1.1.b' -mindepth 1 -maxdepth 1 -exec mv -t . -- {} +  2>&1`
$ cd "/home/pete/wefwefwef/docs/erldocs_other.git"
 :: Getting dependencies
$ cd "/home/pete/wefwefwef/docs/other/8206254593/telep-tag-0.1.1.b/telep"
$ 5000  `ls -1 deps/  2>&1`
$ cd "/home/pete/wefwefwef/docs/erldocs_other.git"
>>> [rebar] deps = []
 :: Generating erldocs into /home/pete/wefwefwef/docs/other/8206254593/repo/0.1.1.b
Building telep
Generating Type Specs - "/home/pete/wefwefwef/docs/other/8206254593/telep-tag-0.1.1.b/telep/apps/telep/src/command_queue_worker.erl"
Generating Type Specs - "/home/pete/wefwefwef/docs/other/8206254593/telep-tag-0.1.1.b/telep/apps/telep/src/command_worker.erl"
Generating Type Specs - "/home/pete/wefwefwef/docs/other/8206254593/telep-tag-0.1.1.b/telep/apps/telep/src/commands.erl"
Generating Type Specs - "/home/pete/wefwefwef/docs/other/8206254593/telep-tag-0.1.1.b/telep/apps/telep/src/notification_worker.erl"
Generating Type Specs - "/home/pete/wefwefwef/docs/other/8206254593/telep-tag-0.1.1.b/telep/apps/telep/src/pages.erl"
Generating Type Specs - "/home/pete/wefwefwef/docs/other/8206254593/telep-tag-0.1.1.b/telep/apps/telep/src/q_params.erl"
Generating Type Specs - "/home/pete/wefwefwef/docs/other/8206254593/telep-tag-0.1.1.b/telep/apps/telep/src/queue_listener.erl"
Generating Type Specs - "/home/pete/wefwefwef/docs/other/8206254593/telep-tag-0.1.1.b/telep/apps/telep/src/registration_supervisor.erl"
Generating Type Specs - "/home/pete/wefwefwef/docs/other/8206254593/telep-tag-0.1.1.b/telep/apps/telep/src/registration_worker.erl"
Generating Type Specs - "/home/pete/wefwefwef/docs/other/8206254593/telep-tag-0.1.1.b/telep/apps/telep/src/robot_command_protocol.erl"
Generating Type Specs - "/home/pete/wefwefwef/docs/other/8206254593/telep-tag-0.1.1.b/telep/apps/telep/src/robot_control.erl"
Generating Type Specs - "/home/pete/wefwefwef/docs/other/8206254593/telep-tag-0.1.1.b/telep/apps/telep/src/robot_db.erl"
Generating Type Specs - "/home/pete/wefwefwef/docs/other/8206254593/telep-tag-0.1.1.b/telep/apps/telep/src/signature_handler.erl"
Generating Type Specs - "/home/pete/wefwefwef/docs/other/8206254593/telep-tag-0.1.1.b/telep/apps/telep/src/template_processor.erl"
Generating Type Specs - "/home/pete/wefwefwef/docs/other/8206254593/telep-tag-0.1.1.b/telep/apps/telep/src/web_server.erl"
Generating XML for application telep "/home/pete/wefwefwef/docs/other/8206254593/telep-tag-0.1.1.b/telep/apps/telep" -> "/home/pete/wefwefwef/docs/other/8206254593/repo/0.1.1.b/.xml/telep"
Generated telep XMLs: ["/home/pete/wefwefwef/docs/other/8206254593/repo/0.1.1.b/.xml/telep/template_processor.xml",
                       "/home/pete/wefwefwef/docs/other/8206254593/repo/0.1.1.b/.xml/telep/queue_listener.xml",
                       "/home/pete/wefwefwef/docs/other/8206254593/repo/0.1.1.b/.xml/telep/q_params.xml",
                       "/home/pete/wefwefwef/docs/other/8206254593/repo/0.1.1.b/.xml/telep/robot_control.xml",
                       "/home/pete/wefwefwef/docs/other/8206254593/repo/0.1.1.b/.xml/telep/registration_supervisor.xml",
                       "/home/pete/wefwefwef/docs/other/8206254593/repo/0.1.1.b/.xml/telep/notification_worker.xml",
                       "/home/pete/wefwefwef/docs/other/8206254593/repo/0.1.1.b/.xml/telep/robot_db.xml",
                       "/home/pete/wefwefwef/docs/other/8206254593/repo/0.1.1.b/.xml/telep/signature_handler.xml",
                       "/home/pete/wefwefwef/docs/other/8206254593/repo/0.1.1.b/.xml/telep/command_worker.xml",
                       "/home/pete/wefwefwef/docs/other/8206254593/repo/0.1.1.b/.xml/telep/robot_command_protocol.xml",
                       "/home/pete/wefwefwef/docs/other/8206254593/repo/0.1.1.b/.xml/telep/commands.xml",
                       "/home/pete/wefwefwef/docs/other/8206254593/repo/0.1.1.b/.xml/telep/command_queue_worker.xml",
                       "/home/pete/wefwefwef/docs/other/8206254593/repo/0.1.1.b/.xml/telep/web_server.xml",
                       "/home/pete/wefwefwef/docs/other/8206254593/repo/0.1.1.b/.xml/telep/pages.xml",
                       "/home/pete/wefwefwef/docs/other/8206254593/repo/0.1.1.b/.xml/telep/registration_worker.xml"]
Generating HTML - q_params "/home/pete/wefwefwef/docs/other/8206254593/repo/0.1.1.b/.xml/telep/q_params.xml"
Generating HTML - notification_worker "/home/pete/wefwefwef/docs/other/8206254593/repo/0.1.1.b/.xml/telep/notification_worker.xml"
Generating HTML - command_worker "/home/pete/wefwefwef/docs/other/8206254593/repo/0.1.1.b/.xml/telep/command_worker.xml"
Generating HTML - registration_worker "/home/pete/wefwefwef/docs/other/8206254593/repo/0.1.1.b/.xml/telep/registration_worker.xml"
Reading XML for "/home/pete/wefwefwef/docs/other/8206254593/repo/0.1.1.b/.xml/telep/q_params.xml"
Reading XML for "/home/pete/wefwefwef/docs/other/8206254593/repo/0.1.1.b/.xml/telep/notification_worker.xml"
Reading XML for "/home/pete/wefwefwef/docs/other/8206254593/repo/0.1.1.b/.xml/telep/command_worker.xml"
Reading XML for "/home/pete/wefwefwef/docs/other/8206254593/repo/0.1.1.b/.xml/telep/registration_worker.xml"
Reading XML for "/home/pete/wefwefwef/docs/other/8206254593/repo/0.1.1.b/.xml/specs_notification_worker.xml"
Generating HTML - registration_supervisor "/home/pete/wefwefwef/docs/other/8206254593/repo/0.1.1.b/.xml/telep/registration_supervisor.xml"
Reading XML for "/home/pete/wefwefwef/docs/other/8206254593/repo/0.1.1.b/.xml/telep/registration_supervisor.xml"
Reading XML for "/home/pete/wefwefwef/docs/other/8206254593/repo/0.1.1.b/.xml/specs_q_params.xml"
Reading XML for "/home/pete/wefwefwef/docs/other/8206254593/repo/0.1.1.b/.xml/specs_command_worker.xml"
Generating HTML - queue_listener "/home/pete/wefwefwef/docs/other/8206254593/repo/0.1.1.b/.xml/telep/queue_listener.xml"
Reading XML for "/home/pete/wefwefwef/docs/other/8206254593/repo/0.1.1.b/.xml/telep/queue_listener.xml"
Reading XML for "/home/pete/wefwefwef/docs/other/8206254593/repo/0.1.1.b/.xml/specs_registration_worker.xml"
Generating HTML - signature_handler "/home/pete/wefwefwef/docs/other/8206254593/repo/0.1.1.b/.xml/telep/signature_handler.xml"
Reading XML for "/home/pete/wefwefwef/docs/other/8206254593/repo/0.1.1.b/.xml/telep/signature_handler.xml"
Generating HTML - pages "/home/pete/wefwefwef/docs/other/8206254593/repo/0.1.1.b/.xml/telep/pages.xml"
Reading XML for "/home/pete/wefwefwef/docs/other/8206254593/repo/0.1.1.b/.xml/telep/pages.xml"
Reading XML for "/home/pete/wefwefwef/docs/other/8206254593/repo/0.1.1.b/.xml/specs_queue_listener.xml"
Reading XML for "/home/pete/wefwefwef/docs/other/8206254593/repo/0.1.1.b/.xml/specs_registration_supervisor.xml"
Generating HTML - template_processor "/home/pete/wefwefwef/docs/other/8206254593/repo/0.1.1.b/.xml/telep/template_processor.xml"
Reading XML for "/home/pete/wefwefwef/docs/other/8206254593/repo/0.1.1.b/.xml/telep/template_processor.xml"
Reading XML for "/home/pete/wefwefwef/docs/other/8206254593/repo/0.1.1.b/.xml/specs_signature_handler.xml"
Generating HTML - robot_control "/home/pete/wefwefwef/docs/other/8206254593/repo/0.1.1.b/.xml/telep/robot_control.xml"
Reading XML for "/home/pete/wefwefwef/docs/other/8206254593/repo/0.1.1.b/.xml/telep/robot_control.xml"
Generating HTML - robot_db "/home/pete/wefwefwef/docs/other/8206254593/repo/0.1.1.b/.xml/telep/robot_db.xml"
Reading XML for "/home/pete/wefwefwef/docs/other/8206254593/repo/0.1.1.b/.xml/telep/robot_db.xml"
Reading XML for "/home/pete/wefwefwef/docs/other/8206254593/repo/0.1.1.b/.xml/specs_pages.xml"
Generating HTML - web_server "/home/pete/wefwefwef/docs/other/8206254593/repo/0.1.1.b/.xml/telep/web_server.xml"
Reading XML for "/home/pete/wefwefwef/docs/other/8206254593/repo/0.1.1.b/.xml/telep/web_server.xml"
Reading XML for "/home/pete/wefwefwef/docs/other/8206254593/repo/0.1.1.b/.xml/specs_template_processor.xml"
Reading XML for "/home/pete/wefwefwef/docs/other/8206254593/repo/0.1.1.b/.xml/specs_robot_control.xml"
Reading XML for "/home/pete/wefwefwef/docs/other/8206254593/repo/0.1.1.b/.xml/specs_robot_db.xml"
Reading XML for "/home/pete/wefwefwef/docs/other/8206254593/repo/0.1.1.b/.xml/specs_web_server.xml"
Generating HTML - command_queue_worker "/home/pete/wefwefwef/docs/other/8206254593/repo/0.1.1.b/.xml/telep/command_queue_worker.xml"
Reading XML for "/home/pete/wefwefwef/docs/other/8206254593/repo/0.1.1.b/.xml/telep/command_queue_worker.xml"
Reading XML for "/home/pete/wefwefwef/docs/other/8206254593/repo/0.1.1.b/.xml/specs_command_queue_worker.xml"
Generating HTML - commands "/home/pete/wefwefwef/docs/other/8206254593/repo/0.1.1.b/.xml/telep/commands.xml"
Reading XML for "/home/pete/wefwefwef/docs/other/8206254593/repo/0.1.1.b/.xml/telep/commands.xml"
Reading XML for "/home/pete/wefwefwef/docs/other/8206254593/repo/0.1.1.b/.xml/specs_commands.xml"
Generating HTML - robot_command_protocol "/home/pete/wefwefwef/docs/other/8206254593/repo/0.1.1.b/.xml/telep/robot_command_protocol.xml"
Reading XML for "/home/pete/wefwefwef/docs/other/8206254593/repo/0.1.1.b/.xml/telep/robot_command_protocol.xml"
Reading XML for "/home/pete/wefwefwef/docs/other/8206254593/repo/0.1.1.b/.xml/specs_robot_command_protocol.xml"
Building telep
Generating XML for application telep "/home/pete/wefwefwef/docs/other/8206254593/telep-tag-0.1.1.b/telep" -> "/home/pete/wefwefwef/docs/other/8206254593/repo/0.1.1.b/.xml/telep"
Generated telep XMLs: ["/home/pete/wefwefwef/docs/other/8206254593/repo/0.1.1.b/.xml/telep/test_client.xml",
                       "/home/pete/wefwefwef/docs/other/8206254593/repo/0.1.1.b/.xml/telep/template_processor.xml",
                       "/home/pete/wefwefwef/docs/other/8206254593/repo/0.1.1.b/.xml/telep/queue_listener.xml",
                       "/home/pete/wefwefwef/docs/other/8206254593/repo/0.1.1.b/.xml/telep/q_params.xml",
                       "/home/pete/wefwefwef/docs/other/8206254593/repo/0.1.1.b/.xml/telep/robot_control.xml",
                       "/home/pete/wefwefwef/docs/other/8206254593/repo/0.1.1.b/.xml/telep/registration_supervisor.xml",
                       "/home/pete/wefwefwef/docs/other/8206254593/repo/0.1.1.b/.xml/telep/notification_worker.xml",
                       "/home/pete/wefwefwef/docs/other/8206254593/repo/0.1.1.b/.xml/telep/robot_db.xml",
                       "/home/pete/wefwefwef/docs/other/8206254593/repo/0.1.1.b/.xml/telep/signature_handler.xml",
                       "/home/pete/wefwefwef/docs/other/8206254593/repo/0.1.1.b/.xml/telep/command_worker.xml",
                       "/home/pete/wefwefwef/docs/other/8206254593/repo/0.1.1.b/.xml/telep/robot_command_protocol.xml",
                       "/home/pete/wefwefwef/docs/other/8206254593/repo/0.1.1.b/.xml/telep/commands.xml",
                       "/home/pete/wefwefwef/docs/other/8206254593/repo/0.1.1.b/.xml/telep/command_queue_worker.xml",
                       "/home/pete/wefwefwef/docs/other/8206254593/repo/0.1.1.b/.xml/telep/web_server.xml",
                       "/home/pete/wefwefwef/docs/other/8206254593/repo/0.1.1.b/.xml/telep/reverse_tests.xml",
                       "/home/pete/wefwefwef/docs/other/8206254593/repo/0.1.1.b/.xml/telep/pages.xml",
                       "/home/pete/wefwefwef/docs/other/8206254593/repo/0.1.1.b/.xml/telep/registration_worker.xml"]
Generating HTML - q_params "/home/pete/wefwefwef/docs/other/8206254593/repo/0.1.1.b/.xml/telep/q_params.xml"
Generating HTML - robot_db "/home/pete/wefwefwef/docs/other/8206254593/repo/0.1.1.b/.xml/telep/robot_db.xml"
Generating HTML - commands "/home/pete/wefwefwef/docs/other/8206254593/repo/0.1.1.b/.xml/telep/commands.xml"
Generating HTML - registration_worker "/home/pete/wefwefwef/docs/other/8206254593/repo/0.1.1.b/.xml/telep/registration_worker.xml"
Reading XML for "/home/pete/wefwefwef/docs/other/8206254593/repo/0.1.1.b/.xml/telep/q_params.xml"
Reading XML for "/home/pete/wefwefwef/docs/other/8206254593/repo/0.1.1.b/.xml/telep/robot_db.xml"
Reading XML for "/home/pete/wefwefwef/docs/other/8206254593/repo/0.1.1.b/.xml/telep/commands.xml"
Reading XML for "/home/pete/wefwefwef/docs/other/8206254593/repo/0.1.1.b/.xml/telep/registration_worker.xml"
Reading XML for "/home/pete/wefwefwef/docs/other/8206254593/repo/0.1.1.b/.xml/specs_q_params.xml"
Reading XML for "/home/pete/wefwefwef/docs/other/8206254593/repo/0.1.1.b/.xml/specs_robot_db.xml"
Generating HTML - queue_listener "/home/pete/wefwefwef/docs/other/8206254593/repo/0.1.1.b/.xml/telep/queue_listener.xml"
Reading XML for "/home/pete/wefwefwef/docs/other/8206254593/repo/0.1.1.b/.xml/telep/queue_listener.xml"
Reading XML for "/home/pete/wefwefwef/docs/other/8206254593/repo/0.1.1.b/.xml/specs_registration_worker.xml"
Generating HTML - notification_worker "/home/pete/wefwefwef/docs/other/8206254593/repo/0.1.1.b/.xml/telep/notification_worker.xml"
Reading XML for "/home/pete/wefwefwef/docs/other/8206254593/repo/0.1.1.b/.xml/specs_commands.xml"
Reading XML for "/home/pete/wefwefwef/docs/other/8206254593/repo/0.1.1.b/.xml/telep/notification_worker.xml"
Generating HTML - pages "/home/pete/wefwefwef/docs/other/8206254593/repo/0.1.1.b/.xml/telep/pages.xml"
Reading XML for "/home/pete/wefwefwef/docs/other/8206254593/repo/0.1.1.b/.xml/telep/pages.xml"
Generating HTML - robot_command_protocol "/home/pete/wefwefwef/docs/other/8206254593/repo/0.1.1.b/.xml/telep/robot_command_protocol.xml"
Reading XML for "/home/pete/wefwefwef/docs/other/8206254593/repo/0.1.1.b/.xml/telep/robot_command_protocol.xml"
Reading XML for "/home/pete/wefwefwef/docs/other/8206254593/repo/0.1.1.b/.xml/specs_queue_listener.xml"
Reading XML for "/home/pete/wefwefwef/docs/other/8206254593/repo/0.1.1.b/.xml/specs_pages.xml"
Reading XML for "/home/pete/wefwefwef/docs/other/8206254593/repo/0.1.1.b/.xml/specs_notification_worker.xml"
Generating HTML - template_processor "/home/pete/wefwefwef/docs/other/8206254593/repo/0.1.1.b/.xml/telep/template_processor.xml"
Reading XML for "/home/pete/wefwefwef/docs/other/8206254593/repo/0.1.1.b/.xml/telep/template_processor.xml"
Generating HTML - reverse_tests "/home/pete/wefwefwef/docs/other/8206254593/repo/0.1.1.b/.xml/telep/reverse_tests.xml"
Reading XML for "/home/pete/wefwefwef/docs/other/8206254593/repo/0.1.1.b/.xml/telep/reverse_tests.xml"
Generating HTML - registration_supervisor "/home/pete/wefwefwef/docs/other/8206254593/repo/0.1.1.b/.xml/telep/registration_supervisor.xml"
Reading XML for "/home/pete/wefwefwef/docs/other/8206254593/repo/0.1.1.b/.xml/telep/registration_supervisor.xml"
Reading XML for "/home/pete/wefwefwef/docs/other/8206254593/repo/0.1.1.b/.xml/specs_robot_command_protocol.xml"
Generating HTML - command_worker "/home/pete/wefwefwef/docs/other/8206254593/repo/0.1.1.b/.xml/telep/command_worker.xml"
Reading XML for "/home/pete/wefwefwef/docs/other/8206254593/repo/0.1.1.b/.xml/telep/command_worker.xml"
Reading XML for "/home/pete/wefwefwef/docs/other/8206254593/repo/0.1.1.b/.xml/specs_registration_supervisor.xml"
Reading XML for "/home/pete/wefwefwef/docs/other/8206254593/repo/0.1.1.b/.xml/specs_template_processor.xml"
Generating HTML - robot_control "/home/pete/wefwefwef/docs/other/8206254593/repo/0.1.1.b/.xml/telep/robot_control.xml"
Reading XML for "/home/pete/wefwefwef/docs/other/8206254593/repo/0.1.1.b/.xml/telep/robot_control.xml"
Generating HTML - web_server "/home/pete/wefwefwef/docs/other/8206254593/repo/0.1.1.b/.xml/telep/web_server.xml"
Reading XML for "/home/pete/wefwefwef/docs/other/8206254593/repo/0.1.1.b/.xml/telep/web_server.xml"
Generating HTML - test_client "/home/pete/wefwefwef/docs/other/8206254593/repo/0.1.1.b/.xml/telep/test_client.xml"
Reading XML for "/home/pete/wefwefwef/docs/other/8206254593/repo/0.1.1.b/.xml/telep/test_client.xml"
Reading XML for "/home/pete/wefwefwef/docs/other/8206254593/repo/0.1.1.b/.xml/specs_command_worker.xml"
Generating HTML - signature_handler "/home/pete/wefwefwef/docs/other/8206254593/repo/0.1.1.b/.xml/telep/signature_handler.xml"
Reading XML for "/home/pete/wefwefwef/docs/other/8206254593/repo/0.1.1.b/.xml/telep/signature_handler.xml"
Reading XML for "/home/pete/wefwefwef/docs/other/8206254593/repo/0.1.1.b/.xml/specs_robot_control.xml"
Reading XML for "/home/pete/wefwefwef/docs/other/8206254593/repo/0.1.1.b/.xml/specs_web_server.xml"
Generating HTML - command_queue_worker "/home/pete/wefwefwef/docs/other/8206254593/repo/0.1.1.b/.xml/telep/command_queue_worker.xml"
Reading XML for "/home/pete/wefwefwef/docs/other/8206254593/repo/0.1.1.b/.xml/telep/command_queue_worker.xml"
Reading XML for "/home/pete/wefwefwef/docs/other/8206254593/repo/0.1.1.b/.xml/specs_signature_handler.xml"
Reading XML for "/home/pete/wefwefwef/docs/other/8206254593/repo/0.1.1.b/.xml/specs_command_queue_worker.xml"
Creating index.html ...
Creating erldocs_index.js ...
Woot, finished in 0 Minutes 1 Seconds
 :: Discovering other repos
$ 5000  `rm -r '/home/pete/wefwefwef/docs/other/8206254593/telep-tag-0.1.1.b'  2>&1`
 :: Processing https://github.com/fellowroboticists/telep	{rev,tag,"0.1.1a","7dcc4d12907e42a14486c10542548b987bfa1c17"}
 :: Fetching repo code
$ cd "/home/pete/wefwefwef/docs/other/8206254593/telep-tag-0.1.1a/telep"
$ infinity  `curl --fail --silent --show-error --location --output '0.1.1a.zip' 'https://github.com/fellowroboticists/telep/archive/0.1.1a.zip'  2>&1`
$ cd "/home/pete/wefwefwef/docs/erldocs_other.git"
$ cd "/home/pete/wefwefwef/docs/other/8206254593/telep-tag-0.1.1a/telep"
$ 5000  `find -P . -type l -delete  2>&1`
$ cd "/home/pete/wefwefwef/docs/erldocs_other.git"
$ cd "/home/pete/wefwefwef/docs/other/8206254593/telep-tag-0.1.1a/telep"
$ 5000  `find 'telep-0.1.1a' -mindepth 1 -maxdepth 1 -exec mv -t . -- {} +  2>&1`
$ cd "/home/pete/wefwefwef/docs/erldocs_other.git"
 :: Getting dependencies
$ cd "/home/pete/wefwefwef/docs/other/8206254593/telep-tag-0.1.1a/telep"
$ 5000  `ls -1 deps/  2>&1`
$ cd "/home/pete/wefwefwef/docs/erldocs_other.git"
>>> [rebar] deps = []
$ cd "/home/pete/wefwefwef/docs/other/8206254593/telep-tag-0.1.1a/telep"
$ infinity  `git submodule update --init --recursive  2>&1`
$ cd "/home/pete/wefwefwef/docs/erldocs_other.git"
 :: Generating erldocs into /home/pete/wefwefwef/docs/other/8206254593/repo/0.1.1a
Building telep
Generating Type Specs - "/home/pete/wefwefwef/docs/other/8206254593/telep-tag-0.1.1a/telep/apps/telep/src/command_queue_worker.erl"
Generating Type Specs - "/home/pete/wefwefwef/docs/other/8206254593/telep-tag-0.1.1a/telep/apps/telep/src/command_worker.erl"
Generating Type Specs - "/home/pete/wefwefwef/docs/other/8206254593/telep-tag-0.1.1a/telep/apps/telep/src/commands.erl"
Generating Type Specs - "/home/pete/wefwefwef/docs/other/8206254593/telep-tag-0.1.1a/telep/apps/telep/src/notification_worker.erl"
Generating Type Specs - "/home/pete/wefwefwef/docs/other/8206254593/telep-tag-0.1.1a/telep/apps/telep/src/pages.erl"
Generating Type Specs - "/home/pete/wefwefwef/docs/other/8206254593/telep-tag-0.1.1a/telep/apps/telep/src/q_params.erl"
Generating Type Specs - "/home/pete/wefwefwef/docs/other/8206254593/telep-tag-0.1.1a/telep/apps/telep/src/queue_listener.erl"
Generating Type Specs - "/home/pete/wefwefwef/docs/other/8206254593/telep-tag-0.1.1a/telep/apps/telep/src/registration_supervisor.erl"
Generating Type Specs - "/home/pete/wefwefwef/docs/other/8206254593/telep-tag-0.1.1a/telep/apps/telep/src/registration_worker.erl"
Generating Type Specs - "/home/pete/wefwefwef/docs/other/8206254593/telep-tag-0.1.1a/telep/apps/telep/src/robot_command_protocol.erl"
Generating Type Specs - "/home/pete/wefwefwef/docs/other/8206254593/telep-tag-0.1.1a/telep/apps/telep/src/robot_control.erl"
Generating Type Specs - "/home/pete/wefwefwef/docs/other/8206254593/telep-tag-0.1.1a/telep/apps/telep/src/robot_db.erl"
Generating Type Specs - "/home/pete/wefwefwef/docs/other/8206254593/telep-tag-0.1.1a/telep/apps/telep/src/signature_handler.erl"
Generating Type Specs - "/home/pete/wefwefwef/docs/other/8206254593/telep-tag-0.1.1a/telep/apps/telep/src/template_processor.erl"
Generating Type Specs - "/home/pete/wefwefwef/docs/other/8206254593/telep-tag-0.1.1a/telep/apps/telep/src/web_server.erl"
Generating XML for application telep "/home/pete/wefwefwef/docs/other/8206254593/telep-tag-0.1.1a/telep/apps/telep" -> "/home/pete/wefwefwef/docs/other/8206254593/repo/0.1.1a/.xml/telep"
Generated telep XMLs: ["/home/pete/wefwefwef/docs/other/8206254593/repo/0.1.1a/.xml/telep/template_processor.xml",
                       "/home/pete/wefwefwef/docs/other/8206254593/repo/0.1.1a/.xml/telep/queue_listener.xml",
                       "/home/pete/wefwefwef/docs/other/8206254593/repo/0.1.1a/.xml/telep/q_params.xml",
                       "/home/pete/wefwefwef/docs/other/8206254593/repo/0.1.1a/.xml/telep/robot_control.xml",
                       "/home/pete/wefwefwef/docs/other/8206254593/repo/0.1.1a/.xml/telep/registration_supervisor.xml",
                       "/home/pete/wefwefwef/docs/other/8206254593/repo/0.1.1a/.xml/telep/notification_worker.xml",
                       "/home/pete/wefwefwef/docs/other/8206254593/repo/0.1.1a/.xml/telep/robot_db.xml",
                       "/home/pete/wefwefwef/docs/other/8206254593/repo/0.1.1a/.xml/telep/signature_handler.xml",
                       "/home/pete/wefwefwef/docs/other/8206254593/repo/0.1.1a/.xml/telep/command_worker.xml",
                       "/home/pete/wefwefwef/docs/other/8206254593/repo/0.1.1a/.xml/telep/robot_command_protocol.xml",
                       "/home/pete/wefwefwef/docs/other/8206254593/repo/0.1.1a/.xml/telep/commands.xml",
                       "/home/pete/wefwefwef/docs/other/8206254593/repo/0.1.1a/.xml/telep/command_queue_worker.xml",
                       "/home/pete/wefwefwef/docs/other/8206254593/repo/0.1.1a/.xml/telep/web_server.xml",
                       "/home/pete/wefwefwef/docs/other/8206254593/repo/0.1.1a/.xml/telep/pages.xml",
                       "/home/pete/wefwefwef/docs/other/8206254593/repo/0.1.1a/.xml/telep/registration_worker.xml"]
Generating HTML - q_params "/home/pete/wefwefwef/docs/other/8206254593/repo/0.1.1a/.xml/telep/q_params.xml"
Generating HTML - notification_worker "/home/pete/wefwefwef/docs/other/8206254593/repo/0.1.1a/.xml/telep/notification_worker.xml"
Generating HTML - command_worker "/home/pete/wefwefwef/docs/other/8206254593/repo/0.1.1a/.xml/telep/command_worker.xml"
Generating HTML - registration_worker "/home/pete/wefwefwef/docs/other/8206254593/repo/0.1.1a/.xml/telep/registration_worker.xml"
Reading XML for "/home/pete/wefwefwef/docs/other/8206254593/repo/0.1.1a/.xml/telep/q_params.xml"
Reading XML for "/home/pete/wefwefwef/docs/other/8206254593/repo/0.1.1a/.xml/telep/notification_worker.xml"
Reading XML for "/home/pete/wefwefwef/docs/other/8206254593/repo/0.1.1a/.xml/telep/command_worker.xml"
Reading XML for "/home/pete/wefwefwef/docs/other/8206254593/repo/0.1.1a/.xml/telep/registration_worker.xml"
Reading XML for "/home/pete/wefwefwef/docs/other/8206254593/repo/0.1.1a/.xml/specs_q_params.xml"
Reading XML for "/home/pete/wefwefwef/docs/other/8206254593/repo/0.1.1a/.xml/specs_notification_worker.xml"
Reading XML for "/home/pete/wefwefwef/docs/other/8206254593/repo/0.1.1a/.xml/specs_command_worker.xml"
Generating HTML - queue_listener "/home/pete/wefwefwef/docs/other/8206254593/repo/0.1.1a/.xml/telep/queue_listener.xml"
Reading XML for "/home/pete/wefwefwef/docs/other/8206254593/repo/0.1.1a/.xml/telep/queue_listener.xml"
Generating HTML - registration_supervisor "/home/pete/wefwefwef/docs/other/8206254593/repo/0.1.1a/.xml/telep/registration_supervisor.xml"
Reading XML for "/home/pete/wefwefwef/docs/other/8206254593/repo/0.1.1a/.xml/telep/registration_supervisor.xml"
Reading XML for "/home/pete/wefwefwef/docs/other/8206254593/repo/0.1.1a/.xml/specs_registration_worker.xml"
Generating HTML - signature_handler "/home/pete/wefwefwef/docs/other/8206254593/repo/0.1.1a/.xml/telep/signature_handler.xml"
Reading XML for "/home/pete/wefwefwef/docs/other/8206254593/repo/0.1.1a/.xml/telep/signature_handler.xml"
Generating HTML - pages "/home/pete/wefwefwef/docs/other/8206254593/repo/0.1.1a/.xml/telep/pages.xml"
Reading XML for "/home/pete/wefwefwef/docs/other/8206254593/repo/0.1.1a/.xml/telep/pages.xml"
Reading XML for "/home/pete/wefwefwef/docs/other/8206254593/repo/0.1.1a/.xml/specs_queue_listener.xml"
Generating HTML - template_processor "/home/pete/wefwefwef/docs/other/8206254593/repo/0.1.1a/.xml/telep/template_processor.xml"
Reading XML for "/home/pete/wefwefwef/docs/other/8206254593/repo/0.1.1a/.xml/specs_registration_supervisor.xml"
Reading XML for "/home/pete/wefwefwef/docs/other/8206254593/repo/0.1.1a/.xml/telep/template_processor.xml"
Reading XML for "/home/pete/wefwefwef/docs/other/8206254593/repo/0.1.1a/.xml/specs_signature_handler.xml"
Reading XML for "/home/pete/wefwefwef/docs/other/8206254593/repo/0.1.1a/.xml/specs_pages.xml"
Generating HTML - robot_control "/home/pete/wefwefwef/docs/other/8206254593/repo/0.1.1a/.xml/telep/robot_control.xml"
Reading XML for "/home/pete/wefwefwef/docs/other/8206254593/repo/0.1.1a/.xml/telep/robot_control.xml"
Generating HTML - robot_db "/home/pete/wefwefwef/docs/other/8206254593/repo/0.1.1a/.xml/telep/robot_db.xml"
Generating HTML - web_server "/home/pete/wefwefwef/docs/other/8206254593/repo/0.1.1a/.xml/telep/web_server.xml"
Reading XML for "/home/pete/wefwefwef/docs/other/8206254593/repo/0.1.1a/.xml/telep/robot_db.xml"
Reading XML for "/home/pete/wefwefwef/docs/other/8206254593/repo/0.1.1a/.xml/telep/web_server.xml"
Reading XML for "/home/pete/wefwefwef/docs/other/8206254593/repo/0.1.1a/.xml/specs_template_processor.xml"
Reading XML for "/home/pete/wefwefwef/docs/other/8206254593/repo/0.1.1a/.xml/specs_robot_control.xml"
Reading XML for "/home/pete/wefwefwef/docs/other/8206254593/repo/0.1.1a/.xml/specs_web_server.xml"
Generating HTML - command_queue_worker "/home/pete/wefwefwef/docs/other/8206254593/repo/0.1.1a/.xml/telep/command_queue_worker.xml"
Reading XML for "/home/pete/wefwefwef/docs/other/8206254593/repo/0.1.1a/.xml/telep/command_queue_worker.xml"
Reading XML for "/home/pete/wefwefwef/docs/other/8206254593/repo/0.1.1a/.xml/specs_robot_db.xml"
Reading XML for "/home/pete/wefwefwef/docs/other/8206254593/repo/0.1.1a/.xml/specs_command_queue_worker.xml"
Generating HTML - commands "/home/pete/wefwefwef/docs/other/8206254593/repo/0.1.1a/.xml/telep/commands.xml"
Reading XML for "/home/pete/wefwefwef/docs/other/8206254593/repo/0.1.1a/.xml/telep/commands.xml"
Reading XML for "/home/pete/wefwefwef/docs/other/8206254593/repo/0.1.1a/.xml/specs_commands.xml"
Generating HTML - robot_command_protocol "/home/pete/wefwefwef/docs/other/8206254593/repo/0.1.1a/.xml/telep/robot_command_protocol.xml"
Reading XML for "/home/pete/wefwefwef/docs/other/8206254593/repo/0.1.1a/.xml/telep/robot_command_protocol.xml"
Reading XML for "/home/pete/wefwefwef/docs/other/8206254593/repo/0.1.1a/.xml/specs_robot_command_protocol.xml"
Building telep
Generating XML for application telep "/home/pete/wefwefwef/docs/other/8206254593/telep-tag-0.1.1a/telep" -> "/home/pete/wefwefwef/docs/other/8206254593/repo/0.1.1a/.xml/telep"
Generated telep XMLs: ["/home/pete/wefwefwef/docs/other/8206254593/repo/0.1.1a/.xml/telep/test_client.xml",
                       "/home/pete/wefwefwef/docs/other/8206254593/repo/0.1.1a/.xml/telep/template_processor.xml",
                       "/home/pete/wefwefwef/docs/other/8206254593/repo/0.1.1a/.xml/telep/queue_listener.xml",
                       "/home/pete/wefwefwef/docs/other/8206254593/repo/0.1.1a/.xml/telep/q_params.xml",
                       "/home/pete/wefwefwef/docs/other/8206254593/repo/0.1.1a/.xml/telep/robot_control.xml",
                       "/home/pete/wefwefwef/docs/other/8206254593/repo/0.1.1a/.xml/telep/registration_supervisor.xml",
                       "/home/pete/wefwefwef/docs/other/8206254593/repo/0.1.1a/.xml/telep/notification_worker.xml",
                       "/home/pete/wefwefwef/docs/other/8206254593/repo/0.1.1a/.xml/telep/robot_db.xml",
                       "/home/pete/wefwefwef/docs/other/8206254593/repo/0.1.1a/.xml/telep/signature_handler.xml",
                       "/home/pete/wefwefwef/docs/other/8206254593/repo/0.1.1a/.xml/telep/command_worker.xml",
                       "/home/pete/wefwefwef/docs/other/8206254593/repo/0.1.1a/.xml/telep/robot_command_protocol.xml",
                       "/home/pete/wefwefwef/docs/other/8206254593/repo/0.1.1a/.xml/telep/commands.xml",
                       "/home/pete/wefwefwef/docs/other/8206254593/repo/0.1.1a/.xml/telep/command_queue_worker.xml",
                       "/home/pete/wefwefwef/docs/other/8206254593/repo/0.1.1a/.xml/telep/web_server.xml",
                       "/home/pete/wefwefwef/docs/other/8206254593/repo/0.1.1a/.xml/telep/reverse_tests.xml",
                       "/home/pete/wefwefwef/docs/other/8206254593/repo/0.1.1a/.xml/telep/pages.xml",
                       "/home/pete/wefwefwef/docs/other/8206254593/repo/0.1.1a/.xml/telep/registration_worker.xml"]
Generating HTML - q_params "/home/pete/wefwefwef/docs/other/8206254593/repo/0.1.1a/.xml/telep/q_params.xml"
Generating HTML - robot_db "/home/pete/wefwefwef/docs/other/8206254593/repo/0.1.1a/.xml/telep/robot_db.xml"
Generating HTML - commands "/home/pete/wefwefwef/docs/other/8206254593/repo/0.1.1a/.xml/telep/commands.xml"
Generating HTML - registration_worker "/home/pete/wefwefwef/docs/other/8206254593/repo/0.1.1a/.xml/telep/registration_worker.xml"
Reading XML for "/home/pete/wefwefwef/docs/other/8206254593/repo/0.1.1a/.xml/telep/q_params.xml"
Reading XML for "/home/pete/wefwefwef/docs/other/8206254593/repo/0.1.1a/.xml/telep/robot_db.xml"
Reading XML for "/home/pete/wefwefwef/docs/other/8206254593/repo/0.1.1a/.xml/telep/commands.xml"
Reading XML for "/home/pete/wefwefwef/docs/other/8206254593/repo/0.1.1a/.xml/telep/registration_worker.xml"
Reading XML for "/home/pete/wefwefwef/docs/other/8206254593/repo/0.1.1a/.xml/specs_commands.xml"
Reading XML for "/home/pete/wefwefwef/docs/other/8206254593/repo/0.1.1a/.xml/specs_robot_db.xml"
Reading XML for "/home/pete/wefwefwef/docs/other/8206254593/repo/0.1.1a/.xml/specs_q_params.xml"
Reading XML for "/home/pete/wefwefwef/docs/other/8206254593/repo/0.1.1a/.xml/specs_registration_worker.xml"
Generating HTML - robot_command_protocol "/home/pete/wefwefwef/docs/other/8206254593/repo/0.1.1a/.xml/telep/robot_command_protocol.xml"
Generating HTML - queue_listener "/home/pete/wefwefwef/docs/other/8206254593/repo/0.1.1a/.xml/telep/queue_listener.xml"
Reading XML for "/home/pete/wefwefwef/docs/other/8206254593/repo/0.1.1a/.xml/telep/robot_command_protocol.xml"
Reading XML for "/home/pete/wefwefwef/docs/other/8206254593/repo/0.1.1a/.xml/telep/queue_listener.xml"
Generating HTML - notification_worker "/home/pete/wefwefwef/docs/other/8206254593/repo/0.1.1a/.xml/telep/notification_worker.xml"
Reading XML for "/home/pete/wefwefwef/docs/other/8206254593/repo/0.1.1a/.xml/telep/notification_worker.xml"
Generating HTML - pages "/home/pete/wefwefwef/docs/other/8206254593/repo/0.1.1a/.xml/telep/pages.xml"
Reading XML for "/home/pete/wefwefwef/docs/other/8206254593/repo/0.1.1a/.xml/telep/pages.xml"
Reading XML for "/home/pete/wefwefwef/docs/other/8206254593/repo/0.1.1a/.xml/specs_robot_command_protocol.xml"
Reading XML for "/home/pete/wefwefwef/docs/other/8206254593/repo/0.1.1a/.xml/specs_notification_worker.xml"
Reading XML for "/home/pete/wefwefwef/docs/other/8206254593/repo/0.1.1a/.xml/specs_queue_listener.xml"
Generating HTML - command_worker "/home/pete/wefwefwef/docs/other/8206254593/repo/0.1.1a/.xml/telep/command_worker.xml"
Reading XML for "/home/pete/wefwefwef/docs/other/8206254593/repo/0.1.1a/.xml/telep/command_worker.xml"
Generating HTML - registration_supervisor "/home/pete/wefwefwef/docs/other/8206254593/repo/0.1.1a/.xml/telep/registration_supervisor.xml"
Reading XML for "/home/pete/wefwefwef/docs/other/8206254593/repo/0.1.1a/.xml/telep/registration_supervisor.xml"
Reading XML for "/home/pete/wefwefwef/docs/other/8206254593/repo/0.1.1a/.xml/specs_pages.xml"
Generating HTML - template_processor "/home/pete/wefwefwef/docs/other/8206254593/repo/0.1.1a/.xml/telep/template_processor.xml"
Reading XML for "/home/pete/wefwefwef/docs/other/8206254593/repo/0.1.1a/.xml/telep/template_processor.xml"
Generating HTML - reverse_tests "/home/pete/wefwefwef/docs/other/8206254593/repo/0.1.1a/.xml/telep/reverse_tests.xml"
Reading XML for "/home/pete/wefwefwef/docs/other/8206254593/repo/0.1.1a/.xml/telep/reverse_tests.xml"
Reading XML for "/home/pete/wefwefwef/docs/other/8206254593/repo/0.1.1a/.xml/specs_registration_supervisor.xml"
Generating HTML - robot_control "/home/pete/wefwefwef/docs/other/8206254593/repo/0.1.1a/.xml/telep/robot_control.xml"
Reading XML for "/home/pete/wefwefwef/docs/other/8206254593/repo/0.1.1a/.xml/telep/robot_control.xml"
Reading XML for "/home/pete/wefwefwef/docs/other/8206254593/repo/0.1.1a/.xml/specs_command_worker.xml"
Generating HTML - signature_handler "/home/pete/wefwefwef/docs/other/8206254593/repo/0.1.1a/.xml/telep/signature_handler.xml"
Reading XML for "/home/pete/wefwefwef/docs/other/8206254593/repo/0.1.1a/.xml/telep/signature_handler.xml"
Reading XML for "/home/pete/wefwefwef/docs/other/8206254593/repo/0.1.1a/.xml/specs_template_processor.xml"
Generating HTML - web_server "/home/pete/wefwefwef/docs/other/8206254593/repo/0.1.1a/.xml/telep/web_server.xml"
Reading XML for "/home/pete/wefwefwef/docs/other/8206254593/repo/0.1.1a/.xml/telep/web_server.xml"
Generating HTML - test_client "/home/pete/wefwefwef/docs/other/8206254593/repo/0.1.1a/.xml/telep/test_client.xml"
Reading XML for "/home/pete/wefwefwef/docs/other/8206254593/repo/0.1.1a/.xml/telep/test_client.xml"
Reading XML for "/home/pete/wefwefwef/docs/other/8206254593/repo/0.1.1a/.xml/specs_robot_control.xml"
Reading XML for "/home/pete/wefwefwef/docs/other/8206254593/repo/0.1.1a/.xml/specs_signature_handler.xml"
Reading XML for "/home/pete/wefwefwef/docs/other/8206254593/repo/0.1.1a/.xml/specs_web_server.xml"
Generating HTML - command_queue_worker "/home/pete/wefwefwef/docs/other/8206254593/repo/0.1.1a/.xml/telep/command_queue_worker.xml"
Reading XML for "/home/pete/wefwefwef/docs/other/8206254593/repo/0.1.1a/.xml/telep/command_queue_worker.xml"
Reading XML for "/home/pete/wefwefwef/docs/other/8206254593/repo/0.1.1a/.xml/specs_command_queue_worker.xml"
Creating index.html ...
Creating erldocs_index.js ...
Woot, finished in 0 Minutes 1 Seconds
 :: Discovering other repos
$ 5000  `rm -r '/home/pete/wefwefwef/docs/other/8206254593/telep-tag-0.1.1a'  2>&1`
 :: Processing https://github.com/fellowroboticists/telep	{rev,tag,"0.1.1c","47ad0cd6cc87437c1ed9ee70321b1c6284024df7"}
 :: Fetching repo code
$ cd "/home/pete/wefwefwef/docs/other/8206254593/telep-tag-0.1.1c/telep"
$ infinity  `curl --fail --silent --show-error --location --output '0.1.1c.zip' 'https://github.com/fellowroboticists/telep/archive/0.1.1c.zip'  2>&1`
$ cd "/home/pete/wefwefwef/docs/erldocs_other.git"
$ cd "/home/pete/wefwefwef/docs/other/8206254593/telep-tag-0.1.1c/telep"
$ 5000  `find -P . -type l -delete  2>&1`
$ cd "/home/pete/wefwefwef/docs/erldocs_other.git"
$ cd "/home/pete/wefwefwef/docs/other/8206254593/telep-tag-0.1.1c/telep"
$ 5000  `find 'telep-0.1.1c' -mindepth 1 -maxdepth 1 -exec mv -t . -- {} +  2>&1`
$ cd "/home/pete/wefwefwef/docs/erldocs_other.git"
 :: Getting dependencies
$ cd "/home/pete/wefwefwef/docs/other/8206254593/telep-tag-0.1.1c/telep"
$ 5000  `ls -1 deps/  2>&1`
$ cd "/home/pete/wefwefwef/docs/erldocs_other.git"
>>> [rebar] deps = []
$ cd "/home/pete/wefwefwef/docs/other/8206254593/telep-tag-0.1.1c/telep"
$ infinity  `git submodule update --init --recursive  2>&1`
$ cd "/home/pete/wefwefwef/docs/erldocs_other.git"
 :: Generating erldocs into /home/pete/wefwefwef/docs/other/8206254593/repo/0.1.1c
Building telep
Generating Type Specs - "/home/pete/wefwefwef/docs/other/8206254593/telep-tag-0.1.1c/telep/apps/telep/src/command_queue_worker.erl"
Generating Type Specs - "/home/pete/wefwefwef/docs/other/8206254593/telep-tag-0.1.1c/telep/apps/telep/src/command_worker.erl"
Generating Type Specs - "/home/pete/wefwefwef/docs/other/8206254593/telep-tag-0.1.1c/telep/apps/telep/src/commands.erl"
Generating Type Specs - "/home/pete/wefwefwef/docs/other/8206254593/telep-tag-0.1.1c/telep/apps/telep/src/notification_worker.erl"
Generating Type Specs - "/home/pete/wefwefwef/docs/other/8206254593/telep-tag-0.1.1c/telep/apps/telep/src/pages.erl"
Generating Type Specs - "/home/pete/wefwefwef/docs/other/8206254593/telep-tag-0.1.1c/telep/apps/telep/src/q_params.erl"
Generating Type Specs - "/home/pete/wefwefwef/docs/other/8206254593/telep-tag-0.1.1c/telep/apps/telep/src/queue_listener.erl"
Generating Type Specs - "/home/pete/wefwefwef/docs/other/8206254593/telep-tag-0.1.1c/telep/apps/telep/src/registration_supervisor.erl"
Generating Type Specs - "/home/pete/wefwefwef/docs/other/8206254593/telep-tag-0.1.1c/telep/apps/telep/src/registration_worker.erl"
Generating Type Specs - "/home/pete/wefwefwef/docs/other/8206254593/telep-tag-0.1.1c/telep/apps/telep/src/robot_command_protocol.erl"
Generating Type Specs - "/home/pete/wefwefwef/docs/other/8206254593/telep-tag-0.1.1c/telep/apps/telep/src/robot_control.erl"
Generating Type Specs - "/home/pete/wefwefwef/docs/other/8206254593/telep-tag-0.1.1c/telep/apps/telep/src/robot_db.erl"
Generating Type Specs - "/home/pete/wefwefwef/docs/other/8206254593/telep-tag-0.1.1c/telep/apps/telep/src/signature_handler.erl"
Generating Type Specs - "/home/pete/wefwefwef/docs/other/8206254593/telep-tag-0.1.1c/telep/apps/telep/src/template_processor.erl"
Generating Type Specs - "/home/pete/wefwefwef/docs/other/8206254593/telep-tag-0.1.1c/telep/apps/telep/src/web_server.erl"
Generating XML for application telep "/home/pete/wefwefwef/docs/other/8206254593/telep-tag-0.1.1c/telep/apps/telep" -> "/home/pete/wefwefwef/docs/other/8206254593/repo/0.1.1c/.xml/telep"
Generated telep XMLs: ["/home/pete/wefwefwef/docs/other/8206254593/repo/0.1.1c/.xml/telep/template_processor.xml",
                       "/home/pete/wefwefwef/docs/other/8206254593/repo/0.1.1c/.xml/telep/queue_listener.xml",
                       "/home/pete/wefwefwef/docs/other/8206254593/repo/0.1.1c/.xml/telep/q_params.xml",
                       "/home/pete/wefwefwef/docs/other/8206254593/repo/0.1.1c/.xml/telep/robot_control.xml",
                       "/home/pete/wefwefwef/docs/other/8206254593/repo/0.1.1c/.xml/telep/registration_supervisor.xml",
                       "/home/pete/wefwefwef/docs/other/8206254593/repo/0.1.1c/.xml/telep/notification_worker.xml",
                       "/home/pete/wefwefwef/docs/other/8206254593/repo/0.1.1c/.xml/telep/robot_db.xml",
                       "/home/pete/wefwefwef/docs/other/8206254593/repo/0.1.1c/.xml/telep/signature_handler.xml",
                       "/home/pete/wefwefwef/docs/other/8206254593/repo/0.1.1c/.xml/telep/command_worker.xml",
                       "/home/pete/wefwefwef/docs/other/8206254593/repo/0.1.1c/.xml/telep/robot_command_protocol.xml",
                       "/home/pete/wefwefwef/docs/other/8206254593/repo/0.1.1c/.xml/telep/commands.xml",
                       "/home/pete/wefwefwef/docs/other/8206254593/repo/0.1.1c/.xml/telep/command_queue_worker.xml",
                       "/home/pete/wefwefwef/docs/other/8206254593/repo/0.1.1c/.xml/telep/web_server.xml",
                       "/home/pete/wefwefwef/docs/other/8206254593/repo/0.1.1c/.xml/telep/pages.xml",
                       "/home/pete/wefwefwef/docs/other/8206254593/repo/0.1.1c/.xml/telep/registration_worker.xml"]
Generating HTML - q_params "/home/pete/wefwefwef/docs/other/8206254593/repo/0.1.1c/.xml/telep/q_params.xml"
Generating HTML - notification_worker "/home/pete/wefwefwef/docs/other/8206254593/repo/0.1.1c/.xml/telep/notification_worker.xml"
Generating HTML - command_worker "/home/pete/wefwefwef/docs/other/8206254593/repo/0.1.1c/.xml/telep/command_worker.xml"
Generating HTML - registration_worker "/home/pete/wefwefwef/docs/other/8206254593/repo/0.1.1c/.xml/telep/registration_worker.xml"
Reading XML for "/home/pete/wefwefwef/docs/other/8206254593/repo/0.1.1c/.xml/telep/q_params.xml"
Reading XML for "/home/pete/wefwefwef/docs/other/8206254593/repo/0.1.1c/.xml/telep/notification_worker.xml"
Reading XML for "/home/pete/wefwefwef/docs/other/8206254593/repo/0.1.1c/.xml/telep/command_worker.xml"
Reading XML for "/home/pete/wefwefwef/docs/other/8206254593/repo/0.1.1c/.xml/telep/registration_worker.xml"
Reading XML for "/home/pete/wefwefwef/docs/other/8206254593/repo/0.1.1c/.xml/specs_q_params.xml"
Reading XML for "/home/pete/wefwefwef/docs/other/8206254593/repo/0.1.1c/.xml/specs_notification_worker.xml"
Generating HTML - queue_listener "/home/pete/wefwefwef/docs/other/8206254593/repo/0.1.1c/.xml/telep/queue_listener.xml"
Reading XML for "/home/pete/wefwefwef/docs/other/8206254593/repo/0.1.1c/.xml/telep/queue_listener.xml"
Reading XML for "/home/pete/wefwefwef/docs/other/8206254593/repo/0.1.1c/.xml/specs_command_worker.xml"
Generating HTML - registration_supervisor "/home/pete/wefwefwef/docs/other/8206254593/repo/0.1.1c/.xml/telep/registration_supervisor.xml"
Reading XML for "/home/pete/wefwefwef/docs/other/8206254593/repo/0.1.1c/.xml/telep/registration_supervisor.xml"
Reading XML for "/home/pete/wefwefwef/docs/other/8206254593/repo/0.1.1c/.xml/specs_registration_worker.xml"
Generating HTML - signature_handler "/home/pete/wefwefwef/docs/other/8206254593/repo/0.1.1c/.xml/telep/signature_handler.xml"
Reading XML for "/home/pete/wefwefwef/docs/other/8206254593/repo/0.1.1c/.xml/telep/signature_handler.xml"
Generating HTML - pages "/home/pete/wefwefwef/docs/other/8206254593/repo/0.1.1c/.xml/telep/pages.xml"
Reading XML for "/home/pete/wefwefwef/docs/other/8206254593/repo/0.1.1c/.xml/telep/pages.xml"
Reading XML for "/home/pete/wefwefwef/docs/other/8206254593/repo/0.1.1c/.xml/specs_queue_listener.xml"
Reading XML for "/home/pete/wefwefwef/docs/other/8206254593/repo/0.1.1c/.xml/specs_registration_supervisor.xml"
Generating HTML - template_processor "/home/pete/wefwefwef/docs/other/8206254593/repo/0.1.1c/.xml/telep/template_processor.xml"
Reading XML for "/home/pete/wefwefwef/docs/other/8206254593/repo/0.1.1c/.xml/specs_pages.xml"
Reading XML for "/home/pete/wefwefwef/docs/other/8206254593/repo/0.1.1c/.xml/telep/template_processor.xml"
Generating HTML - robot_control "/home/pete/wefwefwef/docs/other/8206254593/repo/0.1.1c/.xml/telep/robot_control.xml"
Reading XML for "/home/pete/wefwefwef/docs/other/8206254593/repo/0.1.1c/.xml/telep/robot_control.xml"
Reading XML for "/home/pete/wefwefwef/docs/other/8206254593/repo/0.1.1c/.xml/specs_signature_handler.xml"
Generating HTML - web_server "/home/pete/wefwefwef/docs/other/8206254593/repo/0.1.1c/.xml/telep/web_server.xml"
Reading XML for "/home/pete/wefwefwef/docs/other/8206254593/repo/0.1.1c/.xml/telep/web_server.xml"
Generating HTML - robot_db "/home/pete/wefwefwef/docs/other/8206254593/repo/0.1.1c/.xml/telep/robot_db.xml"
Reading XML for "/home/pete/wefwefwef/docs/other/8206254593/repo/0.1.1c/.xml/telep/robot_db.xml"
Reading XML for "/home/pete/wefwefwef/docs/other/8206254593/repo/0.1.1c/.xml/specs_robot_control.xml"
Reading XML for "/home/pete/wefwefwef/docs/other/8206254593/repo/0.1.1c/.xml/specs_template_processor.xml"
Reading XML for "/home/pete/wefwefwef/docs/other/8206254593/repo/0.1.1c/.xml/specs_robot_db.xml"
Reading XML for "/home/pete/wefwefwef/docs/other/8206254593/repo/0.1.1c/.xml/specs_web_server.xml"
Generating HTML - command_queue_worker "/home/pete/wefwefwef/docs/other/8206254593/repo/0.1.1c/.xml/telep/command_queue_worker.xml"
Reading XML for "/home/pete/wefwefwef/docs/other/8206254593/repo/0.1.1c/.xml/telep/command_queue_worker.xml"
Reading XML for "/home/pete/wefwefwef/docs/other/8206254593/repo/0.1.1c/.xml/specs_command_queue_worker.xml"
Generating HTML - commands "/home/pete/wefwefwef/docs/other/8206254593/repo/0.1.1c/.xml/telep/commands.xml"
Reading XML for "/home/pete/wefwefwef/docs/other/8206254593/repo/0.1.1c/.xml/telep/commands.xml"
Reading XML for "/home/pete/wefwefwef/docs/other/8206254593/repo/0.1.1c/.xml/specs_commands.xml"
Generating HTML - robot_command_protocol "/home/pete/wefwefwef/docs/other/8206254593/repo/0.1.1c/.xml/telep/robot_command_protocol.xml"
Reading XML for "/home/pete/wefwefwef/docs/other/8206254593/repo/0.1.1c/.xml/telep/robot_command_protocol.xml"
Reading XML for "/home/pete/wefwefwef/docs/other/8206254593/repo/0.1.1c/.xml/specs_robot_command_protocol.xml"
Building telep
Generating XML for application telep "/home/pete/wefwefwef/docs/other/8206254593/telep-tag-0.1.1c/telep" -> "/home/pete/wefwefwef/docs/other/8206254593/repo/0.1.1c/.xml/telep"
Generated telep XMLs: ["/home/pete/wefwefwef/docs/other/8206254593/repo/0.1.1c/.xml/telep/test_client.xml",
                       "/home/pete/wefwefwef/docs/other/8206254593/repo/0.1.1c/.xml/telep/template_processor.xml",
                       "/home/pete/wefwefwef/docs/other/8206254593/repo/0.1.1c/.xml/telep/queue_listener.xml",
                       "/home/pete/wefwefwef/docs/other/8206254593/repo/0.1.1c/.xml/telep/q_params.xml",
                       "/home/pete/wefwefwef/docs/other/8206254593/repo/0.1.1c/.xml/telep/robot_control.xml",
                       "/home/pete/wefwefwef/docs/other/8206254593/repo/0.1.1c/.xml/telep/registration_supervisor.xml",
                       "/home/pete/wefwefwef/docs/other/8206254593/repo/0.1.1c/.xml/telep/notification_worker.xml",
                       "/home/pete/wefwefwef/docs/other/8206254593/repo/0.1.1c/.xml/telep/robot_db.xml",
                       "/home/pete/wefwefwef/docs/other/8206254593/repo/0.1.1c/.xml/telep/signature_handler.xml",
                       "/home/pete/wefwefwef/docs/other/8206254593/repo/0.1.1c/.xml/telep/command_worker.xml",
                       "/home/pete/wefwefwef/docs/other/8206254593/repo/0.1.1c/.xml/telep/robot_command_protocol.xml",
                       "/home/pete/wefwefwef/docs/other/8206254593/repo/0.1.1c/.xml/telep/commands.xml",
                       "/home/pete/wefwefwef/docs/other/8206254593/repo/0.1.1c/.xml/telep/command_queue_worker.xml",
                       "/home/pete/wefwefwef/docs/other/8206254593/repo/0.1.1c/.xml/telep/web_server.xml",
                       "/home/pete/wefwefwef/docs/other/8206254593/repo/0.1.1c/.xml/telep/reverse_tests.xml",
                       "/home/pete/wefwefwef/docs/other/8206254593/repo/0.1.1c/.xml/telep/pages.xml",
                       "/home/pete/wefwefwef/docs/other/8206254593/repo/0.1.1c/.xml/telep/registration_worker.xml"]
Generating HTML - q_params "/home/pete/wefwefwef/docs/other/8206254593/repo/0.1.1c/.xml/telep/q_params.xml"
Generating HTML - robot_db "/home/pete/wefwefwef/docs/other/8206254593/repo/0.1.1c/.xml/telep/robot_db.xml"
Generating HTML - commands "/home/pete/wefwefwef/docs/other/8206254593/repo/0.1.1c/.xml/telep/commands.xml"
Generating HTML - registration_worker "/home/pete/wefwefwef/docs/other/8206254593/repo/0.1.1c/.xml/telep/registration_worker.xml"
Reading XML for "/home/pete/wefwefwef/docs/other/8206254593/repo/0.1.1c/.xml/telep/q_params.xml"
Reading XML for "/home/pete/wefwefwef/docs/other/8206254593/repo/0.1.1c/.xml/telep/robot_db.xml"
Reading XML for "/home/pete/wefwefwef/docs/other/8206254593/repo/0.1.1c/.xml/telep/commands.xml"
Reading XML for "/home/pete/wefwefwef/docs/other/8206254593/repo/0.1.1c/.xml/telep/registration_worker.xml"
Reading XML for "/home/pete/wefwefwef/docs/other/8206254593/repo/0.1.1c/.xml/specs_q_params.xml"
Reading XML for "/home/pete/wefwefwef/docs/other/8206254593/repo/0.1.1c/.xml/specs_robot_db.xml"
Generating HTML - queue_listener "/home/pete/wefwefwef/docs/other/8206254593/repo/0.1.1c/.xml/telep/queue_listener.xml"
Reading XML for "/home/pete/wefwefwef/docs/other/8206254593/repo/0.1.1c/.xml/specs_commands.xml"
Reading XML for "/home/pete/wefwefwef/docs/other/8206254593/repo/0.1.1c/.xml/specs_registration_worker.xml"
Reading XML for "/home/pete/wefwefwef/docs/other/8206254593/repo/0.1.1c/.xml/telep/queue_listener.xml"
Generating HTML - pages "/home/pete/wefwefwef/docs/other/8206254593/repo/0.1.1c/.xml/telep/pages.xml"
Reading XML for "/home/pete/wefwefwef/docs/other/8206254593/repo/0.1.1c/.xml/telep/pages.xml"
Generating HTML - notification_worker "/home/pete/wefwefwef/docs/other/8206254593/repo/0.1.1c/.xml/telep/notification_worker.xml"
Reading XML for "/home/pete/wefwefwef/docs/other/8206254593/repo/0.1.1c/.xml/telep/notification_worker.xml"
Generating HTML - robot_command_protocol "/home/pete/wefwefwef/docs/other/8206254593/repo/0.1.1c/.xml/telep/robot_command_protocol.xml"
Reading XML for "/home/pete/wefwefwef/docs/other/8206254593/repo/0.1.1c/.xml/telep/robot_command_protocol.xml"
Reading XML for "/home/pete/wefwefwef/docs/other/8206254593/repo/0.1.1c/.xml/specs_queue_listener.xml"
Generating HTML - template_processor "/home/pete/wefwefwef/docs/other/8206254593/repo/0.1.1c/.xml/telep/template_processor.xml"
Reading XML for "/home/pete/wefwefwef/docs/other/8206254593/repo/0.1.1c/.xml/telep/template_processor.xml"
Reading XML for "/home/pete/wefwefwef/docs/other/8206254593/repo/0.1.1c/.xml/specs_pages.xml"
Reading XML for "/home/pete/wefwefwef/docs/other/8206254593/repo/0.1.1c/.xml/specs_notification_worker.xml"
Generating HTML - reverse_tests "/home/pete/wefwefwef/docs/other/8206254593/repo/0.1.1c/.xml/telep/reverse_tests.xml"
Reading XML for "/home/pete/wefwefwef/docs/other/8206254593/repo/0.1.1c/.xml/telep/reverse_tests.xml"
Generating HTML - registration_supervisor "/home/pete/wefwefwef/docs/other/8206254593/repo/0.1.1c/.xml/telep/registration_supervisor.xml"
Reading XML for "/home/pete/wefwefwef/docs/other/8206254593/repo/0.1.1c/.xml/telep/registration_supervisor.xml"
Reading XML for "/home/pete/wefwefwef/docs/other/8206254593/repo/0.1.1c/.xml/specs_robot_command_protocol.xml"
Generating HTML - command_worker "/home/pete/wefwefwef/docs/other/8206254593/repo/0.1.1c/.xml/telep/command_worker.xml"
Reading XML for "/home/pete/wefwefwef/docs/other/8206254593/repo/0.1.1c/.xml/telep/command_worker.xml"
Reading XML for "/home/pete/wefwefwef/docs/other/8206254593/repo/0.1.1c/.xml/specs_template_processor.xml"
Generating HTML - web_server "/home/pete/wefwefwef/docs/other/8206254593/repo/0.1.1c/.xml/telep/web_server.xml"
Reading XML for "/home/pete/wefwefwef/docs/other/8206254593/repo/0.1.1c/.xml/telep/web_server.xml"
Generating HTML - test_client "/home/pete/wefwefwef/docs/other/8206254593/repo/0.1.1c/.xml/telep/test_client.xml"
Reading XML for "/home/pete/wefwefwef/docs/other/8206254593/repo/0.1.1c/.xml/telep/test_client.xml"
Reading XML for "/home/pete/wefwefwef/docs/other/8206254593/repo/0.1.1c/.xml/specs_registration_supervisor.xml"
Generating HTML - robot_control "/home/pete/wefwefwef/docs/other/8206254593/repo/0.1.1c/.xml/telep/robot_control.xml"
Reading XML for "/home/pete/wefwefwef/docs/other/8206254593/repo/0.1.1c/.xml/telep/robot_control.xml"
Reading XML for "/home/pete/wefwefwef/docs/other/8206254593/repo/0.1.1c/.xml/specs_command_worker.xml"
Generating HTML - signature_handler "/home/pete/wefwefwef/docs/other/8206254593/repo/0.1.1c/.xml/telep/signature_handler.xml"
Reading XML for "/home/pete/wefwefwef/docs/other/8206254593/repo/0.1.1c/.xml/telep/signature_handler.xml"
Reading XML for "/home/pete/wefwefwef/docs/other/8206254593/repo/0.1.1c/.xml/specs_web_server.xml"
Generating HTML - command_queue_worker "/home/pete/wefwefwef/docs/other/8206254593/repo/0.1.1c/.xml/telep/command_queue_worker.xml"
Reading XML for "/home/pete/wefwefwef/docs/other/8206254593/repo/0.1.1c/.xml/telep/command_queue_worker.xml"
Reading XML for "/home/pete/wefwefwef/docs/other/8206254593/repo/0.1.1c/.xml/specs_robot_control.xml"
Reading XML for "/home/pete/wefwefwef/docs/other/8206254593/repo/0.1.1c/.xml/specs_signature_handler.xml"
Reading XML for "/home/pete/wefwefwef/docs/other/8206254593/repo/0.1.1c/.xml/specs_command_queue_worker.xml"
Creating index.html ...
Creating erldocs_index.js ...
Woot, finished in 0 Minutes 1 Seconds
 :: Discovering other repos
$ 5000  `rm -r '/home/pete/wefwefwef/docs/other/8206254593/telep-tag-0.1.1c'  2>&1`
 :: Processing https://github.com/fellowroboticists/telep	{rev,tag,"0.1.1d","5224d61cc340e76421d03e8730c9d544abca18d3"}
 :: Fetching repo code
$ cd "/home/pete/wefwefwef/docs/other/8206254593/telep-tag-0.1.1d/telep"
$ infinity  `curl --fail --silent --show-error --location --output '0.1.1d.zip' 'https://github.com/fellowroboticists/telep/archive/0.1.1d.zip'  2>&1`
$ cd "/home/pete/wefwefwef/docs/erldocs_other.git"
$ cd "/home/pete/wefwefwef/docs/other/8206254593/telep-tag-0.1.1d/telep"
$ 5000  `find -P . -type l -delete  2>&1`
$ cd "/home/pete/wefwefwef/docs/erldocs_other.git"
$ cd "/home/pete/wefwefwef/docs/other/8206254593/telep-tag-0.1.1d/telep"
$ 5000  `find 'telep-0.1.1d' -mindepth 1 -maxdepth 1 -exec mv -t . -- {} +  2>&1`
$ cd "/home/pete/wefwefwef/docs/erldocs_other.git"
 :: Getting dependencies
$ cd "/home/pete/wefwefwef/docs/other/8206254593/telep-tag-0.1.1d/telep"
$ 5000  `ls -1 deps/  2>&1`
$ cd "/home/pete/wefwefwef/docs/erldocs_other.git"
>>> [rebar] deps = []
$ cd "/home/pete/wefwefwef/docs/other/8206254593/telep-tag-0.1.1d/telep"
$ infinity  `git submodule update --init --recursive  2>&1`
$ cd "/home/pete/wefwefwef/docs/erldocs_other.git"
 :: Generating erldocs into /home/pete/wefwefwef/docs/other/8206254593/repo/0.1.1d
Building telep
Generating Type Specs - "/home/pete/wefwefwef/docs/other/8206254593/telep-tag-0.1.1d/telep/apps/telep/src/command_queue_worker.erl"
Generating Type Specs - "/home/pete/wefwefwef/docs/other/8206254593/telep-tag-0.1.1d/telep/apps/telep/src/command_worker.erl"
Generating Type Specs - "/home/pete/wefwefwef/docs/other/8206254593/telep-tag-0.1.1d/telep/apps/telep/src/commands.erl"
Generating Type Specs - "/home/pete/wefwefwef/docs/other/8206254593/telep-tag-0.1.1d/telep/apps/telep/src/notification_worker.erl"
Generating Type Specs - "/home/pete/wefwefwef/docs/other/8206254593/telep-tag-0.1.1d/telep/apps/telep/src/pages.erl"
Generating Type Specs - "/home/pete/wefwefwef/docs/other/8206254593/telep-tag-0.1.1d/telep/apps/telep/src/q_params.erl"
Generating Type Specs - "/home/pete/wefwefwef/docs/other/8206254593/telep-tag-0.1.1d/telep/apps/telep/src/queue_listener.erl"
Generating Type Specs - "/home/pete/wefwefwef/docs/other/8206254593/telep-tag-0.1.1d/telep/apps/telep/src/registration_supervisor.erl"
Generating Type Specs - "/home/pete/wefwefwef/docs/other/8206254593/telep-tag-0.1.1d/telep/apps/telep/src/registration_worker.erl"
Generating Type Specs - "/home/pete/wefwefwef/docs/other/8206254593/telep-tag-0.1.1d/telep/apps/telep/src/robot_command_protocol.erl"
Generating Type Specs - "/home/pete/wefwefwef/docs/other/8206254593/telep-tag-0.1.1d/telep/apps/telep/src/robot_control.erl"
Generating Type Specs - "/home/pete/wefwefwef/docs/other/8206254593/telep-tag-0.1.1d/telep/apps/telep/src/robot_db.erl"
Generating Type Specs - "/home/pete/wefwefwef/docs/other/8206254593/telep-tag-0.1.1d/telep/apps/telep/src/signature_handler.erl"
Generating Type Specs - "/home/pete/wefwefwef/docs/other/8206254593/telep-tag-0.1.1d/telep/apps/telep/src/template_processor.erl"
Generating Type Specs - "/home/pete/wefwefwef/docs/other/8206254593/telep-tag-0.1.1d/telep/apps/telep/src/web_server.erl"
Generating XML for application telep "/home/pete/wefwefwef/docs/other/8206254593/telep-tag-0.1.1d/telep/apps/telep" -> "/home/pete/wefwefwef/docs/other/8206254593/repo/0.1.1d/.xml/telep"
Generated telep XMLs: ["/home/pete/wefwefwef/docs/other/8206254593/repo/0.1.1d/.xml/telep/template_processor.xml",
                       "/home/pete/wefwefwef/docs/other/8206254593/repo/0.1.1d/.xml/telep/queue_listener.xml",
                       "/home/pete/wefwefwef/docs/other/8206254593/repo/0.1.1d/.xml/telep/q_params.xml",
                       "/home/pete/wefwefwef/docs/other/8206254593/repo/0.1.1d/.xml/telep/robot_control.xml",
                       "/home/pete/wefwefwef/docs/other/8206254593/repo/0.1.1d/.xml/telep/registration_supervisor.xml",
                       "/home/pete/wefwefwef/docs/other/8206254593/repo/0.1.1d/.xml/telep/notification_worker.xml",
                       "/home/pete/wefwefwef/docs/other/8206254593/repo/0.1.1d/.xml/telep/robot_db.xml",
                       "/home/pete/wefwefwef/docs/other/8206254593/repo/0.1.1d/.xml/telep/signature_handler.xml",
                       "/home/pete/wefwefwef/docs/other/8206254593/repo/0.1.1d/.xml/telep/command_worker.xml",
                       "/home/pete/wefwefwef/docs/other/8206254593/repo/0.1.1d/.xml/telep/robot_command_protocol.xml",
                       "/home/pete/wefwefwef/docs/other/8206254593/repo/0.1.1d/.xml/telep/commands.xml",
                       "/home/pete/wefwefwef/docs/other/8206254593/repo/0.1.1d/.xml/telep/command_queue_worker.xml",
                       "/home/pete/wefwefwef/docs/other/8206254593/repo/0.1.1d/.xml/telep/web_server.xml",
                       "/home/pete/wefwefwef/docs/other/8206254593/repo/0.1.1d/.xml/telep/pages.xml",
                       "/home/pete/wefwefwef/docs/other/8206254593/repo/0.1.1d/.xml/telep/registration_worker.xml"]
Generating HTML - q_params "/home/pete/wefwefwef/docs/other/8206254593/repo/0.1.1d/.xml/telep/q_params.xml"
Generating HTML - notification_worker "/home/pete/wefwefwef/docs/other/8206254593/repo/0.1.1d/.xml/telep/notification_worker.xml"
Generating HTML - command_worker "/home/pete/wefwefwef/docs/other/8206254593/repo/0.1.1d/.xml/telep/command_worker.xml"
Generating HTML - registration_worker "/home/pete/wefwefwef/docs/other/8206254593/repo/0.1.1d/.xml/telep/registration_worker.xml"
Reading XML for "/home/pete/wefwefwef/docs/other/8206254593/repo/0.1.1d/.xml/telep/q_params.xml"
Reading XML for "/home/pete/wefwefwef/docs/other/8206254593/repo/0.1.1d/.xml/telep/notification_worker.xml"
Reading XML for "/home/pete/wefwefwef/docs/other/8206254593/repo/0.1.1d/.xml/telep/command_worker.xml"
Reading XML for "/home/pete/wefwefwef/docs/other/8206254593/repo/0.1.1d/.xml/telep/registration_worker.xml"
Reading XML for "/home/pete/wefwefwef/docs/other/8206254593/repo/0.1.1d/.xml/specs_notification_worker.xml"
Reading XML for "/home/pete/wefwefwef/docs/other/8206254593/repo/0.1.1d/.xml/specs_registration_worker.xml"
Generating HTML - registration_supervisor "/home/pete/wefwefwef/docs/other/8206254593/repo/0.1.1d/.xml/telep/registration_supervisor.xml"
Reading XML for "/home/pete/wefwefwef/docs/other/8206254593/repo/0.1.1d/.xml/specs_command_worker.xml"
Reading XML for "/home/pete/wefwefwef/docs/other/8206254593/repo/0.1.1d/.xml/telep/registration_supervisor.xml"
Generating HTML - pages "/home/pete/wefwefwef/docs/other/8206254593/repo/0.1.1d/.xml/telep/pages.xml"
Reading XML for "/home/pete/wefwefwef/docs/other/8206254593/repo/0.1.1d/.xml/telep/pages.xml"
Generating HTML - signature_handler "/home/pete/wefwefwef/docs/other/8206254593/repo/0.1.1d/.xml/telep/signature_handler.xml"
Reading XML for "/home/pete/wefwefwef/docs/other/8206254593/repo/0.1.1d/.xml/specs_q_params.xml"
Reading XML for "/home/pete/wefwefwef/docs/other/8206254593/repo/0.1.1d/.xml/telep/signature_handler.xml"
Generating HTML - queue_listener "/home/pete/wefwefwef/docs/other/8206254593/repo/0.1.1d/.xml/telep/queue_listener.xml"
Reading XML for "/home/pete/wefwefwef/docs/other/8206254593/repo/0.1.1d/.xml/telep/queue_listener.xml"
Reading XML for "/home/pete/wefwefwef/docs/other/8206254593/repo/0.1.1d/.xml/specs_registration_supervisor.xml"
Generating HTML - robot_control "/home/pete/wefwefwef/docs/other/8206254593/repo/0.1.1d/.xml/telep/robot_control.xml"
Reading XML for "/home/pete/wefwefwef/docs/other/8206254593/repo/0.1.1d/.xml/telep/robot_control.xml"
Reading XML for "/home/pete/wefwefwef/docs/other/8206254593/repo/0.1.1d/.xml/specs_pages.xml"
Generating HTML - web_server "/home/pete/wefwefwef/docs/other/8206254593/repo/0.1.1d/.xml/telep/web_server.xml"
Reading XML for "/home/pete/wefwefwef/docs/other/8206254593/repo/0.1.1d/.xml/telep/web_server.xml"
Reading XML for "/home/pete/wefwefwef/docs/other/8206254593/repo/0.1.1d/.xml/specs_signature_handler.xml"
Reading XML for "/home/pete/wefwefwef/docs/other/8206254593/repo/0.1.1d/.xml/specs_queue_listener.xml"
Generating HTML - robot_db "/home/pete/wefwefwef/docs/other/8206254593/repo/0.1.1d/.xml/telep/robot_db.xml"
Reading XML for "/home/pete/wefwefwef/docs/other/8206254593/repo/0.1.1d/.xml/telep/robot_db.xml"
Generating HTML - template_processor "/home/pete/wefwefwef/docs/other/8206254593/repo/0.1.1d/.xml/telep/template_processor.xml"
Reading XML for "/home/pete/wefwefwef/docs/other/8206254593/repo/0.1.1d/.xml/telep/template_processor.xml"
Reading XML for "/home/pete/wefwefwef/docs/other/8206254593/repo/0.1.1d/.xml/specs_robot_control.xml"
Reading XML for "/home/pete/wefwefwef/docs/other/8206254593/repo/0.1.1d/.xml/specs_web_server.xml"
Generating HTML - command_queue_worker "/home/pete/wefwefwef/docs/other/8206254593/repo/0.1.1d/.xml/telep/command_queue_worker.xml"
Reading XML for "/home/pete/wefwefwef/docs/other/8206254593/repo/0.1.1d/.xml/telep/command_queue_worker.xml"
Reading XML for "/home/pete/wefwefwef/docs/other/8206254593/repo/0.1.1d/.xml/specs_robot_db.xml"
Reading XML for "/home/pete/wefwefwef/docs/other/8206254593/repo/0.1.1d/.xml/specs_template_processor.xml"
Reading XML for "/home/pete/wefwefwef/docs/other/8206254593/repo/0.1.1d/.xml/specs_command_queue_worker.xml"
Generating HTML - commands "/home/pete/wefwefwef/docs/other/8206254593/repo/0.1.1d/.xml/telep/commands.xml"
Reading XML for "/home/pete/wefwefwef/docs/other/8206254593/repo/0.1.1d/.xml/telep/commands.xml"
Reading XML for "/home/pete/wefwefwef/docs/other/8206254593/repo/0.1.1d/.xml/specs_commands.xml"
Generating HTML - robot_command_protocol "/home/pete/wefwefwef/docs/other/8206254593/repo/0.1.1d/.xml/telep/robot_command_protocol.xml"
Reading XML for "/home/pete/wefwefwef/docs/other/8206254593/repo/0.1.1d/.xml/telep/robot_command_protocol.xml"
Reading XML for "/home/pete/wefwefwef/docs/other/8206254593/repo/0.1.1d/.xml/specs_robot_command_protocol.xml"
Building telep
Generating XML for application telep "/home/pete/wefwefwef/docs/other/8206254593/telep-tag-0.1.1d/telep" -> "/home/pete/wefwefwef/docs/other/8206254593/repo/0.1.1d/.xml/telep"
Generated telep XMLs: ["/home/pete/wefwefwef/docs/other/8206254593/repo/0.1.1d/.xml/telep/test_client.xml",
                       "/home/pete/wefwefwef/docs/other/8206254593/repo/0.1.1d/.xml/telep/template_processor.xml",
                       "/home/pete/wefwefwef/docs/other/8206254593/repo/0.1.1d/.xml/telep/queue_listener.xml",
                       "/home/pete/wefwefwef/docs/other/8206254593/repo/0.1.1d/.xml/telep/q_params.xml",
                       "/home/pete/wefwefwef/docs/other/8206254593/repo/0.1.1d/.xml/telep/robot_control.xml",
                       "/home/pete/wefwefwef/docs/other/8206254593/repo/0.1.1d/.xml/telep/registration_supervisor.xml",
                       "/home/pete/wefwefwef/docs/other/8206254593/repo/0.1.1d/.xml/telep/notification_worker.xml",
                       "/home/pete/wefwefwef/docs/other/8206254593/repo/0.1.1d/.xml/telep/robot_db.xml",
                       "/home/pete/wefwefwef/docs/other/8206254593/repo/0.1.1d/.xml/telep/signature_handler.xml",
                       "/home/pete/wefwefwef/docs/other/8206254593/repo/0.1.1d/.xml/telep/command_worker.xml",
                       "/home/pete/wefwefwef/docs/other/8206254593/repo/0.1.1d/.xml/telep/robot_command_protocol.xml",
                       "/home/pete/wefwefwef/docs/other/8206254593/repo/0.1.1d/.xml/telep/commands.xml",
                       "/home/pete/wefwefwef/docs/other/8206254593/repo/0.1.1d/.xml/telep/command_queue_worker.xml",
                       "/home/pete/wefwefwef/docs/other/8206254593/repo/0.1.1d/.xml/telep/web_server.xml",
                       "/home/pete/wefwefwef/docs/other/8206254593/repo/0.1.1d/.xml/telep/reverse_tests.xml",
                       "/home/pete/wefwefwef/docs/other/8206254593/repo/0.1.1d/.xml/telep/pages.xml",
                       "/home/pete/wefwefwef/docs/other/8206254593/repo/0.1.1d/.xml/telep/registration_worker.xml"]
Generating HTML - q_params "/home/pete/wefwefwef/docs/other/8206254593/repo/0.1.1d/.xml/telep/q_params.xml"
Generating HTML - robot_db "/home/pete/wefwefwef/docs/other/8206254593/repo/0.1.1d/.xml/telep/robot_db.xml"
Generating HTML - commands "/home/pete/wefwefwef/docs/other/8206254593/repo/0.1.1d/.xml/telep/commands.xml"
Generating HTML - registration_worker "/home/pete/wefwefwef/docs/other/8206254593/repo/0.1.1d/.xml/telep/registration_worker.xml"
Reading XML for "/home/pete/wefwefwef/docs/other/8206254593/repo/0.1.1d/.xml/telep/q_params.xml"
Reading XML for "/home/pete/wefwefwef/docs/other/8206254593/repo/0.1.1d/.xml/telep/robot_db.xml"
Reading XML for "/home/pete/wefwefwef/docs/other/8206254593/repo/0.1.1d/.xml/telep/commands.xml"
Reading XML for "/home/pete/wefwefwef/docs/other/8206254593/repo/0.1.1d/.xml/telep/registration_worker.xml"
Reading XML for "/home/pete/wefwefwef/docs/other/8206254593/repo/0.1.1d/.xml/specs_q_params.xml"
Reading XML for "/home/pete/wefwefwef/docs/other/8206254593/repo/0.1.1d/.xml/specs_commands.xml"
Generating HTML - queue_listener "/home/pete/wefwefwef/docs/other/8206254593/repo/0.1.1d/.xml/telep/queue_listener.xml"
Reading XML for "/home/pete/wefwefwef/docs/other/8206254593/repo/0.1.1d/.xml/telep/queue_listener.xml"
Reading XML for "/home/pete/wefwefwef/docs/other/8206254593/repo/0.1.1d/.xml/specs_robot_db.xml"
Generating HTML - robot_command_protocol "/home/pete/wefwefwef/docs/other/8206254593/repo/0.1.1d/.xml/telep/robot_command_protocol.xml"
Reading XML for "/home/pete/wefwefwef/docs/other/8206254593/repo/0.1.1d/.xml/telep/robot_command_protocol.xml"
Generating HTML - notification_worker "/home/pete/wefwefwef/docs/other/8206254593/repo/0.1.1d/.xml/telep/notification_worker.xml"
Reading XML for "/home/pete/wefwefwef/docs/other/8206254593/repo/0.1.1d/.xml/telep/notification_worker.xml"
Reading XML for "/home/pete/wefwefwef/docs/other/8206254593/repo/0.1.1d/.xml/specs_registration_worker.xml"
Generating HTML - pages "/home/pete/wefwefwef/docs/other/8206254593/repo/0.1.1d/.xml/telep/pages.xml"
Reading XML for "/home/pete/wefwefwef/docs/other/8206254593/repo/0.1.1d/.xml/telep/pages.xml"
Reading XML for "/home/pete/wefwefwef/docs/other/8206254593/repo/0.1.1d/.xml/specs_queue_listener.xml"
Generating HTML - template_processor "/home/pete/wefwefwef/docs/other/8206254593/repo/0.1.1d/.xml/telep/template_processor.xml"
Reading XML for "/home/pete/wefwefwef/docs/other/8206254593/repo/0.1.1d/.xml/telep/template_processor.xml"
Reading XML for "/home/pete/wefwefwef/docs/other/8206254593/repo/0.1.1d/.xml/specs_robot_command_protocol.xml"
Reading XML for "/home/pete/wefwefwef/docs/other/8206254593/repo/0.1.1d/.xml/specs_notification_worker.xml"
Generating HTML - registration_supervisor "/home/pete/wefwefwef/docs/other/8206254593/repo/0.1.1d/.xml/telep/registration_supervisor.xml"
Reading XML for "/home/pete/wefwefwef/docs/other/8206254593/repo/0.1.1d/.xml/telep/registration_supervisor.xml"
Generating HTML - command_worker "/home/pete/wefwefwef/docs/other/8206254593/repo/0.1.1d/.xml/telep/command_worker.xml"
Reading XML for "/home/pete/wefwefwef/docs/other/8206254593/repo/0.1.1d/.xml/telep/command_worker.xml"
Reading XML for "/home/pete/wefwefwef/docs/other/8206254593/repo/0.1.1d/.xml/specs_pages.xml"
Generating HTML - reverse_tests "/home/pete/wefwefwef/docs/other/8206254593/repo/0.1.1d/.xml/telep/reverse_tests.xml"
Reading XML for "/home/pete/wefwefwef/docs/other/8206254593/repo/0.1.1d/.xml/telep/reverse_tests.xml"
Reading XML for "/home/pete/wefwefwef/docs/other/8206254593/repo/0.1.1d/.xml/specs_template_processor.xml"
Generating HTML - test_client "/home/pete/wefwefwef/docs/other/8206254593/repo/0.1.1d/.xml/telep/test_client.xml"
Reading XML for "/home/pete/wefwefwef/docs/other/8206254593/repo/0.1.1d/.xml/telep/test_client.xml"
Reading XML for "/home/pete/wefwefwef/docs/other/8206254593/repo/0.1.1d/.xml/specs_command_worker.xml"
Generating HTML - signature_handler "/home/pete/wefwefwef/docs/other/8206254593/repo/0.1.1d/.xml/telep/signature_handler.xml"
Reading XML for "/home/pete/wefwefwef/docs/other/8206254593/repo/0.1.1d/.xml/telep/signature_handler.xml"
Reading XML for "/home/pete/wefwefwef/docs/other/8206254593/repo/0.1.1d/.xml/specs_registration_supervisor.xml"
Generating HTML - robot_control "/home/pete/wefwefwef/docs/other/8206254593/repo/0.1.1d/.xml/telep/robot_control.xml"
Reading XML for "/home/pete/wefwefwef/docs/other/8206254593/repo/0.1.1d/.xml/telep/robot_control.xml"
Generating HTML - web_server "/home/pete/wefwefwef/docs/other/8206254593/repo/0.1.1d/.xml/telep/web_server.xml"
Reading XML for "/home/pete/wefwefwef/docs/other/8206254593/repo/0.1.1d/.xml/telep/web_server.xml"
Reading XML for "/home/pete/wefwefwef/docs/other/8206254593/repo/0.1.1d/.xml/specs_signature_handler.xml"
Reading XML for "/home/pete/wefwefwef/docs/other/8206254593/repo/0.1.1d/.xml/specs_robot_control.xml"
Reading XML for "/home/pete/wefwefwef/docs/other/8206254593/repo/0.1.1d/.xml/specs_web_server.xml"
Generating HTML - command_queue_worker "/home/pete/wefwefwef/docs/other/8206254593/repo/0.1.1d/.xml/telep/command_queue_worker.xml"
Reading XML for "/home/pete/wefwefwef/docs/other/8206254593/repo/0.1.1d/.xml/telep/command_queue_worker.xml"
Reading XML for "/home/pete/wefwefwef/docs/other/8206254593/repo/0.1.1d/.xml/specs_command_queue_worker.xml"
Creating index.html ...
Creating erldocs_index.js ...
Woot, finished in 0 Minutes 1 Seconds
 :: Discovering other repos
$ 5000  `rm -r '/home/pete/wefwefwef/docs/other/8206254593/telep-tag-0.1.1d'  2>&1`
 :: Processing https://github.com/fellowroboticists/telep	{rev,tag,"0.1.2","45fdf772087861811759baf88c0a333cff923a37"}
 :: Fetching repo code
$ cd "/home/pete/wefwefwef/docs/other/8206254593/telep-tag-0.1.2/telep"
$ infinity  `curl --fail --silent --show-error --location --output '0.1.2.zip' 'https://github.com/fellowroboticists/telep/archive/0.1.2.zip'  2>&1`
$ cd "/home/pete/wefwefwef/docs/erldocs_other.git"
$ cd "/home/pete/wefwefwef/docs/other/8206254593/telep-tag-0.1.2/telep"
$ 5000  `find -P . -type l -delete  2>&1`
$ cd "/home/pete/wefwefwef/docs/erldocs_other.git"
$ cd "/home/pete/wefwefwef/docs/other/8206254593/telep-tag-0.1.2/telep"
$ 5000  `find 'telep-0.1.2' -mindepth 1 -maxdepth 1 -exec mv -t . -- {} +  2>&1`
$ cd "/home/pete/wefwefwef/docs/erldocs_other.git"
 :: Getting dependencies
$ cd "/home/pete/wefwefwef/docs/other/8206254593/telep-tag-0.1.2/telep"
$ 5000  `ls -1 deps/  2>&1`
$ cd "/home/pete/wefwefwef/docs/erldocs_other.git"
>>> [rebar] deps = []
$ cd "/home/pete/wefwefwef/docs/other/8206254593/telep-tag-0.1.2/telep"
$ infinity  `git submodule update --init --recursive  2>&1`
$ cd "/home/pete/wefwefwef/docs/erldocs_other.git"
 :: Generating erldocs into /home/pete/wefwefwef/docs/other/8206254593/repo/0.1.2
Building telep
Generating Type Specs - "/home/pete/wefwefwef/docs/other/8206254593/telep-tag-0.1.2/telep/apps/telep/src/command_queue_worker.erl"
Generating Type Specs - "/home/pete/wefwefwef/docs/other/8206254593/telep-tag-0.1.2/telep/apps/telep/src/command_worker.erl"
Generating Type Specs - "/home/pete/wefwefwef/docs/other/8206254593/telep-tag-0.1.2/telep/apps/telep/src/commands.erl"
Generating Type Specs - "/home/pete/wefwefwef/docs/other/8206254593/telep-tag-0.1.2/telep/apps/telep/src/notification_worker.erl"
Generating Type Specs - "/home/pete/wefwefwef/docs/other/8206254593/telep-tag-0.1.2/telep/apps/telep/src/pages.erl"
Generating Type Specs - "/home/pete/wefwefwef/docs/other/8206254593/telep-tag-0.1.2/telep/apps/telep/src/q_params.erl"
Generating Type Specs - "/home/pete/wefwefwef/docs/other/8206254593/telep-tag-0.1.2/telep/apps/telep/src/queue_listener.erl"
Generating Type Specs - "/home/pete/wefwefwef/docs/other/8206254593/telep-tag-0.1.2/telep/apps/telep/src/registration_supervisor.erl"
Generating Type Specs - "/home/pete/wefwefwef/docs/other/8206254593/telep-tag-0.1.2/telep/apps/telep/src/registration_worker.erl"
Generating Type Specs - "/home/pete/wefwefwef/docs/other/8206254593/telep-tag-0.1.2/telep/apps/telep/src/robot_command_protocol.erl"
Generating Type Specs - "/home/pete/wefwefwef/docs/other/8206254593/telep-tag-0.1.2/telep/apps/telep/src/robot_control.erl"
Generating Type Specs - "/home/pete/wefwefwef/docs/other/8206254593/telep-tag-0.1.2/telep/apps/telep/src/robot_db.erl"
Generating Type Specs - "/home/pete/wefwefwef/docs/other/8206254593/telep-tag-0.1.2/telep/apps/telep/src/signature_handler.erl"
Generating Type Specs - "/home/pete/wefwefwef/docs/other/8206254593/telep-tag-0.1.2/telep/apps/telep/src/template_processor.erl"
Generating Type Specs - "/home/pete/wefwefwef/docs/other/8206254593/telep-tag-0.1.2/telep/apps/telep/src/web_server.erl"
Generating XML for application telep "/home/pete/wefwefwef/docs/other/8206254593/telep-tag-0.1.2/telep/apps/telep" -> "/home/pete/wefwefwef/docs/other/8206254593/repo/0.1.2/.xml/telep"
Generated telep XMLs: ["/home/pete/wefwefwef/docs/other/8206254593/repo/0.1.2/.xml/telep/template_processor.xml",
                       "/home/pete/wefwefwef/docs/other/8206254593/repo/0.1.2/.xml/telep/queue_listener.xml",
                       "/home/pete/wefwefwef/docs/other/8206254593/repo/0.1.2/.xml/telep/q_params.xml",
                       "/home/pete/wefwefwef/docs/other/8206254593/repo/0.1.2/.xml/telep/robot_control.xml",
                       "/home/pete/wefwefwef/docs/other/8206254593/repo/0.1.2/.xml/telep/registration_supervisor.xml",
                       "/home/pete/wefwefwef/docs/other/8206254593/repo/0.1.2/.xml/telep/notification_worker.xml",
                       "/home/pete/wefwefwef/docs/other/8206254593/repo/0.1.2/.xml/telep/robot_db.xml",
                       "/home/pete/wefwefwef/docs/other/8206254593/repo/0.1.2/.xml/telep/signature_handler.xml",
                       "/home/pete/wefwefwef/docs/other/8206254593/repo/0.1.2/.xml/telep/command_worker.xml",
                       "/home/pete/wefwefwef/docs/other/8206254593/repo/0.1.2/.xml/telep/robot_command_protocol.xml",
                       "/home/pete/wefwefwef/docs/other/8206254593/repo/0.1.2/.xml/telep/commands.xml",
                       "/home/pete/wefwefwef/docs/other/8206254593/repo/0.1.2/.xml/telep/command_queue_worker.xml",
                       "/home/pete/wefwefwef/docs/other/8206254593/repo/0.1.2/.xml/telep/web_server.xml",
                       "/home/pete/wefwefwef/docs/other/8206254593/repo/0.1.2/.xml/telep/pages.xml",
                       "/home/pete/wefwefwef/docs/other/8206254593/repo/0.1.2/.xml/telep/registration_worker.xml"]
Generating HTML - q_params "/home/pete/wefwefwef/docs/other/8206254593/repo/0.1.2/.xml/telep/q_params.xml"
Generating HTML - notification_worker "/home/pete/wefwefwef/docs/other/8206254593/repo/0.1.2/.xml/telep/notification_worker.xml"
Generating HTML - command_worker "/home/pete/wefwefwef/docs/other/8206254593/repo/0.1.2/.xml/telep/command_worker.xml"
Generating HTML - registration_worker "/home/pete/wefwefwef/docs/other/8206254593/repo/0.1.2/.xml/telep/registration_worker.xml"
Reading XML for "/home/pete/wefwefwef/docs/other/8206254593/repo/0.1.2/.xml/telep/q_params.xml"
Reading XML for "/home/pete/wefwefwef/docs/other/8206254593/repo/0.1.2/.xml/telep/notification_worker.xml"
Reading XML for "/home/pete/wefwefwef/docs/other/8206254593/repo/0.1.2/.xml/telep/command_worker.xml"
Reading XML for "/home/pete/wefwefwef/docs/other/8206254593/repo/0.1.2/.xml/telep/registration_worker.xml"
Reading XML for "/home/pete/wefwefwef/docs/other/8206254593/repo/0.1.2/.xml/specs_q_params.xml"
Reading XML for "/home/pete/wefwefwef/docs/other/8206254593/repo/0.1.2/.xml/specs_notification_worker.xml"
Reading XML for "/home/pete/wefwefwef/docs/other/8206254593/repo/0.1.2/.xml/specs_command_worker.xml"
Generating HTML - queue_listener "/home/pete/wefwefwef/docs/other/8206254593/repo/0.1.2/.xml/telep/queue_listener.xml"
Reading XML for "/home/pete/wefwefwef/docs/other/8206254593/repo/0.1.2/.xml/telep/queue_listener.xml"
Generating HTML - signature_handler "/home/pete/wefwefwef/docs/other/8206254593/repo/0.1.2/.xml/telep/signature_handler.xml"
Reading XML for "/home/pete/wefwefwef/docs/other/8206254593/repo/0.1.2/.xml/telep/signature_handler.xml"
Generating HTML - registration_supervisor "/home/pete/wefwefwef/docs/other/8206254593/repo/0.1.2/.xml/telep/registration_supervisor.xml"
Reading XML for "/home/pete/wefwefwef/docs/other/8206254593/repo/0.1.2/.xml/telep/registration_supervisor.xml"
Reading XML for "/home/pete/wefwefwef/docs/other/8206254593/repo/0.1.2/.xml/specs_registration_worker.xml"
Generating HTML - pages "/home/pete/wefwefwef/docs/other/8206254593/repo/0.1.2/.xml/telep/pages.xml"
Reading XML for "/home/pete/wefwefwef/docs/other/8206254593/repo/0.1.2/.xml/telep/pages.xml"
Reading XML for "/home/pete/wefwefwef/docs/other/8206254593/repo/0.1.2/.xml/specs_queue_listener.xml"
Generating HTML - template_processor "/home/pete/wefwefwef/docs/other/8206254593/repo/0.1.2/.xml/telep/template_processor.xml"
Reading XML for "/home/pete/wefwefwef/docs/other/8206254593/repo/0.1.2/.xml/telep/template_processor.xml"
Reading XML for "/home/pete/wefwefwef/docs/other/8206254593/repo/0.1.2/.xml/specs_registration_supervisor.xml"
Reading XML for "/home/pete/wefwefwef/docs/other/8206254593/repo/0.1.2/.xml/specs_signature_handler.xml"
Generating HTML - robot_control "/home/pete/wefwefwef/docs/other/8206254593/repo/0.1.2/.xml/telep/robot_control.xml"
Reading XML for "/home/pete/wefwefwef/docs/other/8206254593/repo/0.1.2/.xml/telep/robot_control.xml"
Reading XML for "/home/pete/wefwefwef/docs/other/8206254593/repo/0.1.2/.xml/specs_pages.xml"
Generating HTML - robot_db "/home/pete/wefwefwef/docs/other/8206254593/repo/0.1.2/.xml/telep/robot_db.xml"
Reading XML for "/home/pete/wefwefwef/docs/other/8206254593/repo/0.1.2/.xml/telep/robot_db.xml"
Generating HTML - web_server "/home/pete/wefwefwef/docs/other/8206254593/repo/0.1.2/.xml/telep/web_server.xml"
Reading XML for "/home/pete/wefwefwef/docs/other/8206254593/repo/0.1.2/.xml/telep/web_server.xml"
Reading XML for "/home/pete/wefwefwef/docs/other/8206254593/repo/0.1.2/.xml/specs_template_processor.xml"
Reading XML for "/home/pete/wefwefwef/docs/other/8206254593/repo/0.1.2/.xml/specs_robot_control.xml"
Reading XML for "/home/pete/wefwefwef/docs/other/8206254593/repo/0.1.2/.xml/specs_robot_db.xml"
Reading XML for "/home/pete/wefwefwef/docs/other/8206254593/repo/0.1.2/.xml/specs_web_server.xml"
Generating HTML - command_queue_worker "/home/pete/wefwefwef/docs/other/8206254593/repo/0.1.2/.xml/telep/command_queue_worker.xml"
Reading XML for "/home/pete/wefwefwef/docs/other/8206254593/repo/0.1.2/.xml/telep/command_queue_worker.xml"
Reading XML for "/home/pete/wefwefwef/docs/other/8206254593/repo/0.1.2/.xml/specs_command_queue_worker.xml"
Generating HTML - commands "/home/pete/wefwefwef/docs/other/8206254593/repo/0.1.2/.xml/telep/commands.xml"
Reading XML for "/home/pete/wefwefwef/docs/other/8206254593/repo/0.1.2/.xml/telep/commands.xml"
Reading XML for "/home/pete/wefwefwef/docs/other/8206254593/repo/0.1.2/.xml/specs_commands.xml"
Generating HTML - robot_command_protocol "/home/pete/wefwefwef/docs/other/8206254593/repo/0.1.2/.xml/telep/robot_command_protocol.xml"
Reading XML for "/home/pete/wefwefwef/docs/other/8206254593/repo/0.1.2/.xml/telep/robot_command_protocol.xml"
Reading XML for "/home/pete/wefwefwef/docs/other/8206254593/repo/0.1.2/.xml/specs_robot_command_protocol.xml"
Building telep
Generating XML for application telep "/home/pete/wefwefwef/docs/other/8206254593/telep-tag-0.1.2/telep" -> "/home/pete/wefwefwef/docs/other/8206254593/repo/0.1.2/.xml/telep"
Generated telep XMLs: ["/home/pete/wefwefwef/docs/other/8206254593/repo/0.1.2/.xml/telep/test_client.xml",
                       "/home/pete/wefwefwef/docs/other/8206254593/repo/0.1.2/.xml/telep/template_processor.xml",
                       "/home/pete/wefwefwef/docs/other/8206254593/repo/0.1.2/.xml/telep/queue_listener.xml",
                       "/home/pete/wefwefwef/docs/other/8206254593/repo/0.1.2/.xml/telep/q_params.xml",
                       "/home/pete/wefwefwef/docs/other/8206254593/repo/0.1.2/.xml/telep/robot_control.xml",
                       "/home/pete/wefwefwef/docs/other/8206254593/repo/0.1.2/.xml/telep/registration_supervisor.xml",
                       "/home/pete/wefwefwef/docs/other/8206254593/repo/0.1.2/.xml/telep/notification_worker.xml",
                       "/home/pete/wefwefwef/docs/other/8206254593/repo/0.1.2/.xml/telep/robot_db.xml",
                       "/home/pete/wefwefwef/docs/other/8206254593/repo/0.1.2/.xml/telep/signature_handler.xml",
                       "/home/pete/wefwefwef/docs/other/8206254593/repo/0.1.2/.xml/telep/command_worker.xml",
                       "/home/pete/wefwefwef/docs/other/8206254593/repo/0.1.2/.xml/telep/robot_command_protocol.xml",
                       "/home/pete/wefwefwef/docs/other/8206254593/repo/0.1.2/.xml/telep/commands.xml",
                       "/home/pete/wefwefwef/docs/other/8206254593/repo/0.1.2/.xml/telep/command_queue_worker.xml",
                       "/home/pete/wefwefwef/docs/other/8206254593/repo/0.1.2/.xml/telep/web_server.xml",
                       "/home/pete/wefwefwef/docs/other/8206254593/repo/0.1.2/.xml/telep/reverse_tests.xml",
                       "/home/pete/wefwefwef/docs/other/8206254593/repo/0.1.2/.xml/telep/pages.xml",
                       "/home/pete/wefwefwef/docs/other/8206254593/repo/0.1.2/.xml/telep/registration_worker.xml"]
Generating HTML - q_params "/home/pete/wefwefwef/docs/other/8206254593/repo/0.1.2/.xml/telep/q_params.xml"
Generating HTML - robot_db "/home/pete/wefwefwef/docs/other/8206254593/repo/0.1.2/.xml/telep/robot_db.xml"
Generating HTML - commands "/home/pete/wefwefwef/docs/other/8206254593/repo/0.1.2/.xml/telep/commands.xml"
Generating HTML - registration_worker "/home/pete/wefwefwef/docs/other/8206254593/repo/0.1.2/.xml/telep/registration_worker.xml"
Reading XML for "/home/pete/wefwefwef/docs/other/8206254593/repo/0.1.2/.xml/telep/q_params.xml"
Reading XML for "/home/pete/wefwefwef/docs/other/8206254593/repo/0.1.2/.xml/telep/robot_db.xml"
Reading XML for "/home/pete/wefwefwef/docs/other/8206254593/repo/0.1.2/.xml/telep/commands.xml"
Reading XML for "/home/pete/wefwefwef/docs/other/8206254593/repo/0.1.2/.xml/telep/registration_worker.xml"
Reading XML for "/home/pete/wefwefwef/docs/other/8206254593/repo/0.1.2/.xml/specs_robot_db.xml"
Reading XML for "/home/pete/wefwefwef/docs/other/8206254593/repo/0.1.2/.xml/specs_commands.xml"
Reading XML for "/home/pete/wefwefwef/docs/other/8206254593/repo/0.1.2/.xml/specs_q_params.xml"
Reading XML for "/home/pete/wefwefwef/docs/other/8206254593/repo/0.1.2/.xml/specs_registration_worker.xml"
Generating HTML - notification_worker "/home/pete/wefwefwef/docs/other/8206254593/repo/0.1.2/.xml/telep/notification_worker.xml"
Reading XML for "/home/pete/wefwefwef/docs/other/8206254593/repo/0.1.2/.xml/telep/notification_worker.xml"
Generating HTML - robot_command_protocol "/home/pete/wefwefwef/docs/other/8206254593/repo/0.1.2/.xml/telep/robot_command_protocol.xml"
Reading XML for "/home/pete/wefwefwef/docs/other/8206254593/repo/0.1.2/.xml/telep/robot_command_protocol.xml"
Generating HTML - queue_listener "/home/pete/wefwefwef/docs/other/8206254593/repo/0.1.2/.xml/telep/queue_listener.xml"
Reading XML for "/home/pete/wefwefwef/docs/other/8206254593/repo/0.1.2/.xml/telep/queue_listener.xml"
Generating HTML - pages "/home/pete/wefwefwef/docs/other/8206254593/repo/0.1.2/.xml/telep/pages.xml"
Reading XML for "/home/pete/wefwefwef/docs/other/8206254593/repo/0.1.2/.xml/telep/pages.xml"
Reading XML for "/home/pete/wefwefwef/docs/other/8206254593/repo/0.1.2/.xml/specs_robot_command_protocol.xml"
Reading XML for "/home/pete/wefwefwef/docs/other/8206254593/repo/0.1.2/.xml/specs_notification_worker.xml"
Generating HTML - command_worker "/home/pete/wefwefwef/docs/other/8206254593/repo/0.1.2/.xml/telep/command_worker.xml"
Reading XML for "/home/pete/wefwefwef/docs/other/8206254593/repo/0.1.2/.xml/telep/command_worker.xml"
Generating HTML - registration_supervisor "/home/pete/wefwefwef/docs/other/8206254593/repo/0.1.2/.xml/telep/registration_supervisor.xml"
Reading XML for "/home/pete/wefwefwef/docs/other/8206254593/repo/0.1.2/.xml/telep/registration_supervisor.xml"
Reading XML for "/home/pete/wefwefwef/docs/other/8206254593/repo/0.1.2/.xml/specs_queue_listener.xml"
Generating HTML - template_processor "/home/pete/wefwefwef/docs/other/8206254593/repo/0.1.2/.xml/telep/template_processor.xml"
Reading XML for "/home/pete/wefwefwef/docs/other/8206254593/repo/0.1.2/.xml/telep/template_processor.xml"
Reading XML for "/home/pete/wefwefwef/docs/other/8206254593/repo/0.1.2/.xml/specs_pages.xml"
Generating HTML - reverse_tests "/home/pete/wefwefwef/docs/other/8206254593/repo/0.1.2/.xml/telep/reverse_tests.xml"
Reading XML for "/home/pete/wefwefwef/docs/other/8206254593/repo/0.1.2/.xml/telep/reverse_tests.xml"
Reading XML for "/home/pete/wefwefwef/docs/other/8206254593/repo/0.1.2/.xml/specs_command_worker.xml"
Reading XML for "/home/pete/wefwefwef/docs/other/8206254593/repo/0.1.2/.xml/specs_registration_supervisor.xml"
Generating HTML - signature_handler "/home/pete/wefwefwef/docs/other/8206254593/repo/0.1.2/.xml/telep/signature_handler.xml"
Reading XML for "/home/pete/wefwefwef/docs/other/8206254593/repo/0.1.2/.xml/telep/signature_handler.xml"
Generating HTML - robot_control "/home/pete/wefwefwef/docs/other/8206254593/repo/0.1.2/.xml/telep/robot_control.xml"
Reading XML for "/home/pete/wefwefwef/docs/other/8206254593/repo/0.1.2/.xml/telep/robot_control.xml"
Reading XML for "/home/pete/wefwefwef/docs/other/8206254593/repo/0.1.2/.xml/specs_template_processor.xml"
Generating HTML - test_client "/home/pete/wefwefwef/docs/other/8206254593/repo/0.1.2/.xml/telep/test_client.xml"
Reading XML for "/home/pete/wefwefwef/docs/other/8206254593/repo/0.1.2/.xml/telep/test_client.xml"
Generating HTML - web_server "/home/pete/wefwefwef/docs/other/8206254593/repo/0.1.2/.xml/telep/web_server.xml"
Reading XML for "/home/pete/wefwefwef/docs/other/8206254593/repo/0.1.2/.xml/telep/web_server.xml"
Reading XML for "/home/pete/wefwefwef/docs/other/8206254593/repo/0.1.2/.xml/specs_signature_handler.xml"
Reading XML for "/home/pete/wefwefwef/docs/other/8206254593/repo/0.1.2/.xml/specs_robot_control.xml"
Reading XML for "/home/pete/wefwefwef/docs/other/8206254593/repo/0.1.2/.xml/specs_web_server.xml"
Generating HTML - command_queue_worker "/home/pete/wefwefwef/docs/other/8206254593/repo/0.1.2/.xml/telep/command_queue_worker.xml"
Reading XML for "/home/pete/wefwefwef/docs/other/8206254593/repo/0.1.2/.xml/telep/command_queue_worker.xml"
Reading XML for "/home/pete/wefwefwef/docs/other/8206254593/repo/0.1.2/.xml/specs_command_queue_worker.xml"
Creating index.html ...
Creating erldocs_index.js ...
Woot, finished in 0 Minutes 1 Seconds
 :: Discovering other repos
$ 5000  `rm -r '/home/pete/wefwefwef/docs/other/8206254593/telep-tag-0.1.2'  2>&1`
 :: Processing https://github.com/fellowroboticists/telep	{rev,branch,"master","f0657f34df2ae0ce2754c9baffde2cb185227606"}
 :: Fetching repo code
$ cd "/home/pete/wefwefwef/docs/other/8206254593/telep-branch-master/telep"
$ infinity  `curl --fail --silent --show-error --location --output 'master.zip' 'https://github.com/fellowroboticists/telep/archive/master.zip'  2>&1`
$ cd "/home/pete/wefwefwef/docs/erldocs_other.git"
$ cd "/home/pete/wefwefwef/docs/other/8206254593/telep-branch-master/telep"
$ 5000  `find -P . -type l -delete  2>&1`
$ cd "/home/pete/wefwefwef/docs/erldocs_other.git"
$ cd "/home/pete/wefwefwef/docs/other/8206254593/telep-branch-master/telep"
$ 5000  `find 'telep-master' -mindepth 1 -maxdepth 1 -exec mv -t . -- {} +  2>&1`
$ cd "/home/pete/wefwefwef/docs/erldocs_other.git"
 :: Getting dependencies
$ cd "/home/pete/wefwefwef/docs/other/8206254593/telep-branch-master/telep"
$ 5000  `ls -1 deps/  2>&1`
$ cd "/home/pete/wefwefwef/docs/erldocs_other.git"
>>> [rebar] deps = []
$ cd "/home/pete/wefwefwef/docs/other/8206254593/telep-branch-master/telep"
$ infinity  `git submodule update --init --recursive  2>&1`
$ cd "/home/pete/wefwefwef/docs/erldocs_other.git"
 :: Generating erldocs into /home/pete/wefwefwef/docs/other/8206254593/repo/master
Building telep
Generating Type Specs - "/home/pete/wefwefwef/docs/other/8206254593/telep-branch-master/telep/apps/telep/src/command_queue_worker.erl"
Generating Type Specs - "/home/pete/wefwefwef/docs/other/8206254593/telep-branch-master/telep/apps/telep/src/command_worker.erl"
Generating Type Specs - "/home/pete/wefwefwef/docs/other/8206254593/telep-branch-master/telep/apps/telep/src/commands.erl"
Generating Type Specs - "/home/pete/wefwefwef/docs/other/8206254593/telep-branch-master/telep/apps/telep/src/notification_worker.erl"
Generating Type Specs - "/home/pete/wefwefwef/docs/other/8206254593/telep-branch-master/telep/apps/telep/src/pages.erl"
Generating Type Specs - "/home/pete/wefwefwef/docs/other/8206254593/telep-branch-master/telep/apps/telep/src/q_params.erl"
Generating Type Specs - "/home/pete/wefwefwef/docs/other/8206254593/telep-branch-master/telep/apps/telep/src/queue_listener.erl"
Generating Type Specs - "/home/pete/wefwefwef/docs/other/8206254593/telep-branch-master/telep/apps/telep/src/registration_supervisor.erl"
Generating Type Specs - "/home/pete/wefwefwef/docs/other/8206254593/telep-branch-master/telep/apps/telep/src/registration_worker.erl"
Generating Type Specs - "/home/pete/wefwefwef/docs/other/8206254593/telep-branch-master/telep/apps/telep/src/robot_command_protocol.erl"
Generating Type Specs - "/home/pete/wefwefwef/docs/other/8206254593/telep-branch-master/telep/apps/telep/src/robot_control.erl"
Generating Type Specs - "/home/pete/wefwefwef/docs/other/8206254593/telep-branch-master/telep/apps/telep/src/robot_db.erl"
Generating Type Specs - "/home/pete/wefwefwef/docs/other/8206254593/telep-branch-master/telep/apps/telep/src/signature_handler.erl"
Generating Type Specs - "/home/pete/wefwefwef/docs/other/8206254593/telep-branch-master/telep/apps/telep/src/template_processor.erl"
Generating Type Specs - "/home/pete/wefwefwef/docs/other/8206254593/telep-branch-master/telep/apps/telep/src/web_server.erl"
Generating XML for application telep "/home/pete/wefwefwef/docs/other/8206254593/telep-branch-master/telep/apps/telep" -> "/home/pete/wefwefwef/docs/other/8206254593/repo/master/.xml/telep"
Generated telep XMLs: ["/home/pete/wefwefwef/docs/other/8206254593/repo/master/.xml/telep/template_processor.xml",
                       "/home/pete/wefwefwef/docs/other/8206254593/repo/master/.xml/telep/queue_listener.xml",
                       "/home/pete/wefwefwef/docs/other/8206254593/repo/master/.xml/telep/q_params.xml",
                       "/home/pete/wefwefwef/docs/other/8206254593/repo/master/.xml/telep/robot_control.xml",
                       "/home/pete/wefwefwef/docs/other/8206254593/repo/master/.xml/telep/registration_supervisor.xml",
                       "/home/pete/wefwefwef/docs/other/8206254593/repo/master/.xml/telep/notification_worker.xml",
                       "/home/pete/wefwefwef/docs/other/8206254593/repo/master/.xml/telep/robot_db.xml",
                       "/home/pete/wefwefwef/docs/other/8206254593/repo/master/.xml/telep/signature_handler.xml",
                       "/home/pete/wefwefwef/docs/other/8206254593/repo/master/.xml/telep/command_worker.xml",
                       "/home/pete/wefwefwef/docs/other/8206254593/repo/master/.xml/telep/robot_command_protocol.xml",
                       "/home/pete/wefwefwef/docs/other/8206254593/repo/master/.xml/telep/commands.xml",
                       "/home/pete/wefwefwef/docs/other/8206254593/repo/master/.xml/telep/command_queue_worker.xml",
                       "/home/pete/wefwefwef/docs/other/8206254593/repo/master/.xml/telep/web_server.xml",
                       "/home/pete/wefwefwef/docs/other/8206254593/repo/master/.xml/telep/pages.xml",
                       "/home/pete/wefwefwef/docs/other/8206254593/repo/master/.xml/telep/registration_worker.xml"]
Generating HTML - q_params "/home/pete/wefwefwef/docs/other/8206254593/repo/master/.xml/telep/q_params.xml"
Generating HTML - notification_worker "/home/pete/wefwefwef/docs/other/8206254593/repo/master/.xml/telep/notification_worker.xml"
Generating HTML - command_worker "/home/pete/wefwefwef/docs/other/8206254593/repo/master/.xml/telep/command_worker.xml"
Generating HTML - registration_worker "/home/pete/wefwefwef/docs/other/8206254593/repo/master/.xml/telep/registration_worker.xml"
Reading XML for "/home/pete/wefwefwef/docs/other/8206254593/repo/master/.xml/telep/q_params.xml"
Reading XML for "/home/pete/wefwefwef/docs/other/8206254593/repo/master/.xml/telep/notification_worker.xml"
Reading XML for "/home/pete/wefwefwef/docs/other/8206254593/repo/master/.xml/telep/command_worker.xml"
Reading XML for "/home/pete/wefwefwef/docs/other/8206254593/repo/master/.xml/telep/registration_worker.xml"
Reading XML for "/home/pete/wefwefwef/docs/other/8206254593/repo/master/.xml/specs_notification_worker.xml"
Generating HTML - registration_supervisor "/home/pete/wefwefwef/docs/other/8206254593/repo/master/.xml/telep/registration_supervisor.xml"
Reading XML for "/home/pete/wefwefwef/docs/other/8206254593/repo/master/.xml/telep/registration_supervisor.xml"
Reading XML for "/home/pete/wefwefwef/docs/other/8206254593/repo/master/.xml/specs_q_params.xml"
Reading XML for "/home/pete/wefwefwef/docs/other/8206254593/repo/master/.xml/specs_command_worker.xml"
Generating HTML - signature_handler "/home/pete/wefwefwef/docs/other/8206254593/repo/master/.xml/telep/signature_handler.xml"
Reading XML for "/home/pete/wefwefwef/docs/other/8206254593/repo/master/.xml/telep/signature_handler.xml"
Generating HTML - queue_listener "/home/pete/wefwefwef/docs/other/8206254593/repo/master/.xml/telep/queue_listener.xml"
Reading XML for "/home/pete/wefwefwef/docs/other/8206254593/repo/master/.xml/telep/queue_listener.xml"
Reading XML for "/home/pete/wefwefwef/docs/other/8206254593/repo/master/.xml/specs_registration_worker.xml"
Generating HTML - pages "/home/pete/wefwefwef/docs/other/8206254593/repo/master/.xml/telep/pages.xml"
Reading XML for "/home/pete/wefwefwef/docs/other/8206254593/repo/master/.xml/telep/pages.xml"
Reading XML for "/home/pete/wefwefwef/docs/other/8206254593/repo/master/.xml/specs_registration_supervisor.xml"
Generating HTML - robot_control "/home/pete/wefwefwef/docs/other/8206254593/repo/master/.xml/telep/robot_control.xml"
Reading XML for "/home/pete/wefwefwef/docs/other/8206254593/repo/master/.xml/telep/robot_control.xml"
Reading XML for "/home/pete/wefwefwef/docs/other/8206254593/repo/master/.xml/specs_signature_handler.xml"
Reading XML for "/home/pete/wefwefwef/docs/other/8206254593/repo/master/.xml/specs_queue_listener.xml"
Generating HTML - robot_db "/home/pete/wefwefwef/docs/other/8206254593/repo/master/.xml/telep/robot_db.xml"
Reading XML for "/home/pete/wefwefwef/docs/other/8206254593/repo/master/.xml/telep/robot_db.xml"
Generating HTML - template_processor "/home/pete/wefwefwef/docs/other/8206254593/repo/master/.xml/telep/template_processor.xml"
Reading XML for "/home/pete/wefwefwef/docs/other/8206254593/repo/master/.xml/telep/template_processor.xml"
Reading XML for "/home/pete/wefwefwef/docs/other/8206254593/repo/master/.xml/specs_pages.xml"
Generating HTML - web_server "/home/pete/wefwefwef/docs/other/8206254593/repo/master/.xml/telep/web_server.xml"
Reading XML for "/home/pete/wefwefwef/docs/other/8206254593/repo/master/.xml/telep/web_server.xml"
Reading XML for "/home/pete/wefwefwef/docs/other/8206254593/repo/master/.xml/specs_robot_control.xml"
Reading XML for "/home/pete/wefwefwef/docs/other/8206254593/repo/master/.xml/specs_robot_db.xml"
Reading XML for "/home/pete/wefwefwef/docs/other/8206254593/repo/master/.xml/specs_template_processor.xml"
Reading XML for "/home/pete/wefwefwef/docs/other/8206254593/repo/master/.xml/specs_web_server.xml"
Generating HTML - command_queue_worker "/home/pete/wefwefwef/docs/other/8206254593/repo/master/.xml/telep/command_queue_worker.xml"
Reading XML for "/home/pete/wefwefwef/docs/other/8206254593/repo/master/.xml/telep/command_queue_worker.xml"
Reading XML for "/home/pete/wefwefwef/docs/other/8206254593/repo/master/.xml/specs_command_queue_worker.xml"
Generating HTML - commands "/home/pete/wefwefwef/docs/other/8206254593/repo/master/.xml/telep/commands.xml"
Reading XML for "/home/pete/wefwefwef/docs/other/8206254593/repo/master/.xml/telep/commands.xml"
Reading XML for "/home/pete/wefwefwef/docs/other/8206254593/repo/master/.xml/specs_commands.xml"
Generating HTML - robot_command_protocol "/home/pete/wefwefwef/docs/other/8206254593/repo/master/.xml/telep/robot_command_protocol.xml"
Reading XML for "/home/pete/wefwefwef/docs/other/8206254593/repo/master/.xml/telep/robot_command_protocol.xml"
Reading XML for "/home/pete/wefwefwef/docs/other/8206254593/repo/master/.xml/specs_robot_command_protocol.xml"
Building telep
Generating XML for application telep "/home/pete/wefwefwef/docs/other/8206254593/telep-branch-master/telep" -> "/home/pete/wefwefwef/docs/other/8206254593/repo/master/.xml/telep"
Generated telep XMLs: ["/home/pete/wefwefwef/docs/other/8206254593/repo/master/.xml/telep/test_client.xml",
                       "/home/pete/wefwefwef/docs/other/8206254593/repo/master/.xml/telep/template_processor.xml",
                       "/home/pete/wefwefwef/docs/other/8206254593/repo/master/.xml/telep/queue_listener.xml",
                       "/home/pete/wefwefwef/docs/other/8206254593/repo/master/.xml/telep/q_params.xml",
                       "/home/pete/wefwefwef/docs/other/8206254593/repo/master/.xml/telep/robot_control.xml",
                       "/home/pete/wefwefwef/docs/other/8206254593/repo/master/.xml/telep/registration_supervisor.xml",
                       "/home/pete/wefwefwef/docs/other/8206254593/repo/master/.xml/telep/notification_worker.xml",
                       "/home/pete/wefwefwef/docs/other/8206254593/repo/master/.xml/telep/robot_db.xml",
                       "/home/pete/wefwefwef/docs/other/8206254593/repo/master/.xml/telep/signature_handler.xml",
                       "/home/pete/wefwefwef/docs/other/8206254593/repo/master/.xml/telep/command_worker.xml",
                       "/home/pete/wefwefwef/docs/other/8206254593/repo/master/.xml/telep/robot_command_protocol.xml",
                       "/home/pete/wefwefwef/docs/other/8206254593/repo/master/.xml/telep/commands.xml",
                       "/home/pete/wefwefwef/docs/other/8206254593/repo/master/.xml/telep/command_queue_worker.xml",
                       "/home/pete/wefwefwef/docs/other/8206254593/repo/master/.xml/telep/web_server.xml",
                       "/home/pete/wefwefwef/docs/other/8206254593/repo/master/.xml/telep/reverse_tests.xml",
                       "/home/pete/wefwefwef/docs/other/8206254593/repo/master/.xml/telep/pages.xml",
                       "/home/pete/wefwefwef/docs/other/8206254593/repo/master/.xml/telep/registration_worker.xml"]
Generating HTML - q_params "/home/pete/wefwefwef/docs/other/8206254593/repo/master/.xml/telep/q_params.xml"
Generating HTML - robot_db "/home/pete/wefwefwef/docs/other/8206254593/repo/master/.xml/telep/robot_db.xml"
Generating HTML - commands "/home/pete/wefwefwef/docs/other/8206254593/repo/master/.xml/telep/commands.xml"
Generating HTML - registration_worker "/home/pete/wefwefwef/docs/other/8206254593/repo/master/.xml/telep/registration_worker.xml"
Reading XML for "/home/pete/wefwefwef/docs/other/8206254593/repo/master/.xml/telep/q_params.xml"
Reading XML for "/home/pete/wefwefwef/docs/other/8206254593/repo/master/.xml/telep/robot_db.xml"
Reading XML for "/home/pete/wefwefwef/docs/other/8206254593/repo/master/.xml/telep/commands.xml"
Reading XML for "/home/pete/wefwefwef/docs/other/8206254593/repo/master/.xml/telep/registration_worker.xml"
Reading XML for "/home/pete/wefwefwef/docs/other/8206254593/repo/master/.xml/specs_commands.xml"
Reading XML for "/home/pete/wefwefwef/docs/other/8206254593/repo/master/.xml/specs_q_params.xml"
Generating HTML - queue_listener "/home/pete/wefwefwef/docs/other/8206254593/repo/master/.xml/telep/queue_listener.xml"
Reading XML for "/home/pete/wefwefwef/docs/other/8206254593/repo/master/.xml/telep/queue_listener.xml"
Reading XML for "/home/pete/wefwefwef/docs/other/8206254593/repo/master/.xml/specs_robot_db.xml"
Generating HTML - robot_command_protocol "/home/pete/wefwefwef/docs/other/8206254593/repo/master/.xml/telep/robot_command_protocol.xml"
Reading XML for "/home/pete/wefwefwef/docs/other/8206254593/repo/master/.xml/specs_registration_worker.xml"
Reading XML for "/home/pete/wefwefwef/docs/other/8206254593/repo/master/.xml/telep/robot_command_protocol.xml"
Generating HTML - pages "/home/pete/wefwefwef/docs/other/8206254593/repo/master/.xml/telep/pages.xml"
Reading XML for "/home/pete/wefwefwef/docs/other/8206254593/repo/master/.xml/telep/pages.xml"
Generating HTML - notification_worker "/home/pete/wefwefwef/docs/other/8206254593/repo/master/.xml/telep/notification_worker.xml"
Reading XML for "/home/pete/wefwefwef/docs/other/8206254593/repo/master/.xml/telep/notification_worker.xml"
Reading XML for "/home/pete/wefwefwef/docs/other/8206254593/repo/master/.xml/specs_robot_command_protocol.xml"
Generating HTML - command_worker "/home/pete/wefwefwef/docs/other/8206254593/repo/master/.xml/telep/command_worker.xml"
Reading XML for "/home/pete/wefwefwef/docs/other/8206254593/repo/master/.xml/specs_queue_listener.xml"
Reading XML for "/home/pete/wefwefwef/docs/other/8206254593/repo/master/.xml/telep/command_worker.xml"
Reading XML for "/home/pete/wefwefwef/docs/other/8206254593/repo/master/.xml/specs_notification_worker.xml"
Reading XML for "/home/pete/wefwefwef/docs/other/8206254593/repo/master/.xml/specs_pages.xml"
Generating HTML - template_processor "/home/pete/wefwefwef/docs/other/8206254593/repo/master/.xml/telep/template_processor.xml"
Reading XML for "/home/pete/wefwefwef/docs/other/8206254593/repo/master/.xml/telep/template_processor.xml"
Generating HTML - registration_supervisor "/home/pete/wefwefwef/docs/other/8206254593/repo/master/.xml/telep/registration_supervisor.xml"
Reading XML for "/home/pete/wefwefwef/docs/other/8206254593/repo/master/.xml/telep/registration_supervisor.xml"
Generating HTML - reverse_tests "/home/pete/wefwefwef/docs/other/8206254593/repo/master/.xml/telep/reverse_tests.xml"
Reading XML for "/home/pete/wefwefwef/docs/other/8206254593/repo/master/.xml/telep/reverse_tests.xml"
Reading XML for "/home/pete/wefwefwef/docs/other/8206254593/repo/master/.xml/specs_command_worker.xml"
Generating HTML - signature_handler "/home/pete/wefwefwef/docs/other/8206254593/repo/master/.xml/telep/signature_handler.xml"
Reading XML for "/home/pete/wefwefwef/docs/other/8206254593/repo/master/.xml/specs_template_processor.xml"
Reading XML for "/home/pete/wefwefwef/docs/other/8206254593/repo/master/.xml/telep/signature_handler.xml"
Reading XML for "/home/pete/wefwefwef/docs/other/8206254593/repo/master/.xml/specs_registration_supervisor.xml"
Generating HTML - test_client "/home/pete/wefwefwef/docs/other/8206254593/repo/master/.xml/telep/test_client.xml"
Reading XML for "/home/pete/wefwefwef/docs/other/8206254593/repo/master/.xml/telep/test_client.xml"
Generating HTML - robot_control "/home/pete/wefwefwef/docs/other/8206254593/repo/master/.xml/telep/robot_control.xml"
Reading XML for "/home/pete/wefwefwef/docs/other/8206254593/repo/master/.xml/telep/robot_control.xml"
Generating HTML - web_server "/home/pete/wefwefwef/docs/other/8206254593/repo/master/.xml/telep/web_server.xml"
Reading XML for "/home/pete/wefwefwef/docs/other/8206254593/repo/master/.xml/telep/web_server.xml"
Reading XML for "/home/pete/wefwefwef/docs/other/8206254593/repo/master/.xml/specs_signature_handler.xml"
Reading XML for "/home/pete/wefwefwef/docs/other/8206254593/repo/master/.xml/specs_robot_control.xml"
Reading XML for "/home/pete/wefwefwef/docs/other/8206254593/repo/master/.xml/specs_web_server.xml"
Generating HTML - command_queue_worker "/home/pete/wefwefwef/docs/other/8206254593/repo/master/.xml/telep/command_queue_worker.xml"
Reading XML for "/home/pete/wefwefwef/docs/other/8206254593/repo/master/.xml/telep/command_queue_worker.xml"
Reading XML for "/home/pete/wefwefwef/docs/other/8206254593/repo/master/.xml/specs_command_queue_worker.xml"
Creating index.html ...
Creating erldocs_index.js ...
Woot, finished in 0 Minutes 1 Seconds
 :: Discovering other repos
$ 5000  `rm -r '/home/pete/wefwefwef/docs/other/8206254593/telep-branch-master'  2>&1`
 :: Processing https://github.com/fellowroboticists/telep	{rev,branch,"socket_message_work","f5b6b86207eabc0efde1dd36eed2574cb993f219"}
 :: Fetching repo code
$ cd "/home/pete/wefwefwef/docs/other/8206254593/telep-branch-socket_message_work/telep"
$ infinity  `curl --fail --silent --show-error --location --output 'socket_message_work.zip' 'https://github.com/fellowroboticists/telep/archive/socket_message_work.zip'  2>&1`
$ cd "/home/pete/wefwefwef/docs/erldocs_other.git"
$ cd "/home/pete/wefwefwef/docs/other/8206254593/telep-branch-socket_message_work/telep"
$ 5000  `find -P . -type l -delete  2>&1`
$ cd "/home/pete/wefwefwef/docs/erldocs_other.git"
$ cd "/home/pete/wefwefwef/docs/other/8206254593/telep-branch-socket_message_work/telep"
$ 5000  `find 'telep-socket_message_work' -mindepth 1 -maxdepth 1 -exec mv -t . -- {} +  2>&1`
$ cd "/home/pete/wefwefwef/docs/erldocs_other.git"
 :: Getting dependencies
$ cd "/home/pete/wefwefwef/docs/other/8206254593/telep-branch-socket_message_work/telep"
$ 5000  `ls -1 deps/  2>&1`
$ cd "/home/pete/wefwefwef/docs/erldocs_other.git"
>>> [rebar] deps = []
 :: Generating erldocs into /home/pete/wefwefwef/docs/other/8206254593/repo/socket_message_work
Building telep
Generating Type Specs - "/home/pete/wefwefwef/docs/other/8206254593/telep-branch-socket_message_work/telep/apps/telep/src/command_queue_worker.erl"
Generating Type Specs - "/home/pete/wefwefwef/docs/other/8206254593/telep-branch-socket_message_work/telep/apps/telep/src/command_worker.erl"
Generating Type Specs - "/home/pete/wefwefwef/docs/other/8206254593/telep-branch-socket_message_work/telep/apps/telep/src/commands.erl"
Generating Type Specs - "/home/pete/wefwefwef/docs/other/8206254593/telep-branch-socket_message_work/telep/apps/telep/src/notification_worker.erl"
Generating Type Specs - "/home/pete/wefwefwef/docs/other/8206254593/telep-branch-socket_message_work/telep/apps/telep/src/q_params.erl"
Generating Type Specs - "/home/pete/wefwefwef/docs/other/8206254593/telep-branch-socket_message_work/telep/apps/telep/src/queue_listener.erl"
Generating Type Specs - "/home/pete/wefwefwef/docs/other/8206254593/telep-branch-socket_message_work/telep/apps/telep/src/registration_supervisor.erl"
Generating Type Specs - "/home/pete/wefwefwef/docs/other/8206254593/telep-branch-socket_message_work/telep/apps/telep/src/registration_worker.erl"
Generating Type Specs - "/home/pete/wefwefwef/docs/other/8206254593/telep-branch-socket_message_work/telep/apps/telep/src/robot_command_protocol.erl"
Generating Type Specs - "/home/pete/wefwefwef/docs/other/8206254593/telep-branch-socket_message_work/telep/apps/telep/src/signature_handler.erl"
Generating Type Specs - "/home/pete/wefwefwef/docs/other/8206254593/telep-branch-socket_message_work/telep/apps/telep/src/web_server.erl"
Generating XML for application telep "/home/pete/wefwefwef/docs/other/8206254593/telep-branch-socket_message_work/telep/apps/telep" -> "/home/pete/wefwefwef/docs/other/8206254593/repo/socket_message_work/.xml/telep"
Generated telep XMLs: ["/home/pete/wefwefwef/docs/other/8206254593/repo/socket_message_work/.xml/telep/queue_listener.xml",
                       "/home/pete/wefwefwef/docs/other/8206254593/repo/socket_message_work/.xml/telep/q_params.xml",
                       "/home/pete/wefwefwef/docs/other/8206254593/repo/socket_message_work/.xml/telep/registration_supervisor.xml",
                       "/home/pete/wefwefwef/docs/other/8206254593/repo/socket_message_work/.xml/telep/notification_worker.xml",
                       "/home/pete/wefwefwef/docs/other/8206254593/repo/socket_message_work/.xml/telep/signature_handler.xml",
                       "/home/pete/wefwefwef/docs/other/8206254593/repo/socket_message_work/.xml/telep/command_worker.xml",
                       "/home/pete/wefwefwef/docs/other/8206254593/repo/socket_message_work/.xml/telep/robot_command_protocol.xml",
                       "/home/pete/wefwefwef/docs/other/8206254593/repo/socket_message_work/.xml/telep/commands.xml",
                       "/home/pete/wefwefwef/docs/other/8206254593/repo/socket_message_work/.xml/telep/command_queue_worker.xml",
                       "/home/pete/wefwefwef/docs/other/8206254593/repo/socket_message_work/.xml/telep/web_server.xml",
                       "/home/pete/wefwefwef/docs/other/8206254593/repo/socket_message_work/.xml/telep/registration_worker.xml"]
Generating HTML - q_params "/home/pete/wefwefwef/docs/other/8206254593/repo/socket_message_work/.xml/telep/q_params.xml"
Generating HTML - notification_worker "/home/pete/wefwefwef/docs/other/8206254593/repo/socket_message_work/.xml/telep/notification_worker.xml"
Generating HTML - command_worker "/home/pete/wefwefwef/docs/other/8206254593/repo/socket_message_work/.xml/telep/command_worker.xml"
Generating HTML - registration_worker "/home/pete/wefwefwef/docs/other/8206254593/repo/socket_message_work/.xml/telep/registration_worker.xml"
Reading XML for "/home/pete/wefwefwef/docs/other/8206254593/repo/socket_message_work/.xml/telep/q_params.xml"
Reading XML for "/home/pete/wefwefwef/docs/other/8206254593/repo/socket_message_work/.xml/telep/notification_worker.xml"
Reading XML for "/home/pete/wefwefwef/docs/other/8206254593/repo/socket_message_work/.xml/telep/command_worker.xml"
Reading XML for "/home/pete/wefwefwef/docs/other/8206254593/repo/socket_message_work/.xml/telep/registration_worker.xml"
Reading XML for "/home/pete/wefwefwef/docs/other/8206254593/repo/socket_message_work/.xml/specs_q_params.xml"
Reading XML for "/home/pete/wefwefwef/docs/other/8206254593/repo/socket_message_work/.xml/specs_notification_worker.xml"
Generating HTML - queue_listener "/home/pete/wefwefwef/docs/other/8206254593/repo/socket_message_work/.xml/telep/queue_listener.xml"
Reading XML for "/home/pete/wefwefwef/docs/other/8206254593/repo/socket_message_work/.xml/specs_command_worker.xml"
Reading XML for "/home/pete/wefwefwef/docs/other/8206254593/repo/socket_message_work/.xml/telep/queue_listener.xml"
Generating HTML - registration_supervisor "/home/pete/wefwefwef/docs/other/8206254593/repo/socket_message_work/.xml/telep/registration_supervisor.xml"
Reading XML for "/home/pete/wefwefwef/docs/other/8206254593/repo/socket_message_work/.xml/telep/registration_supervisor.xml"
Reading XML for "/home/pete/wefwefwef/docs/other/8206254593/repo/socket_message_work/.xml/specs_registration_worker.xml"
Generating HTML - signature_handler "/home/pete/wefwefwef/docs/other/8206254593/repo/socket_message_work/.xml/telep/signature_handler.xml"
Reading XML for "/home/pete/wefwefwef/docs/other/8206254593/repo/socket_message_work/.xml/telep/signature_handler.xml"
Generating HTML - web_server "/home/pete/wefwefwef/docs/other/8206254593/repo/socket_message_work/.xml/telep/web_server.xml"
Reading XML for "/home/pete/wefwefwef/docs/other/8206254593/repo/socket_message_work/.xml/telep/web_server.xml"
Reading XML for "/home/pete/wefwefwef/docs/other/8206254593/repo/socket_message_work/.xml/specs_queue_listener.xml"
Reading XML for "/home/pete/wefwefwef/docs/other/8206254593/repo/socket_message_work/.xml/specs_registration_supervisor.xml"
Reading XML for "/home/pete/wefwefwef/docs/other/8206254593/repo/socket_message_work/.xml/specs_signature_handler.xml"
Reading XML for "/home/pete/wefwefwef/docs/other/8206254593/repo/socket_message_work/.xml/specs_web_server.xml"
Generating HTML - command_queue_worker "/home/pete/wefwefwef/docs/other/8206254593/repo/socket_message_work/.xml/telep/command_queue_worker.xml"
Reading XML for "/home/pete/wefwefwef/docs/other/8206254593/repo/socket_message_work/.xml/telep/command_queue_worker.xml"
Reading XML for "/home/pete/wefwefwef/docs/other/8206254593/repo/socket_message_work/.xml/specs_command_queue_worker.xml"
Generating HTML - commands "/home/pete/wefwefwef/docs/other/8206254593/repo/socket_message_work/.xml/telep/commands.xml"
Reading XML for "/home/pete/wefwefwef/docs/other/8206254593/repo/socket_message_work/.xml/telep/commands.xml"
Reading XML for "/home/pete/wefwefwef/docs/other/8206254593/repo/socket_message_work/.xml/specs_commands.xml"
Generating HTML - robot_command_protocol "/home/pete/wefwefwef/docs/other/8206254593/repo/socket_message_work/.xml/telep/robot_command_protocol.xml"
Reading XML for "/home/pete/wefwefwef/docs/other/8206254593/repo/socket_message_work/.xml/telep/robot_command_protocol.xml"
Reading XML for "/home/pete/wefwefwef/docs/other/8206254593/repo/socket_message_work/.xml/specs_robot_command_protocol.xml"
Building telep
Generating XML for application telep "/home/pete/wefwefwef/docs/other/8206254593/telep-branch-socket_message_work/telep" -> "/home/pete/wefwefwef/docs/other/8206254593/repo/socket_message_work/.xml/telep"
Generated telep XMLs: ["/home/pete/wefwefwef/docs/other/8206254593/repo/socket_message_work/.xml/telep/test_client.xml",
                       "/home/pete/wefwefwef/docs/other/8206254593/repo/socket_message_work/.xml/telep/queue_listener.xml",
                       "/home/pete/wefwefwef/docs/other/8206254593/repo/socket_message_work/.xml/telep/q_params.xml",
                       "/home/pete/wefwefwef/docs/other/8206254593/repo/socket_message_work/.xml/telep/registration_supervisor.xml",
                       "/home/pete/wefwefwef/docs/other/8206254593/repo/socket_message_work/.xml/telep/notification_worker.xml",
                       "/home/pete/wefwefwef/docs/other/8206254593/repo/socket_message_work/.xml/telep/signature_handler.xml",
                       "/home/pete/wefwefwef/docs/other/8206254593/repo/socket_message_work/.xml/telep/command_worker.xml",
                       "/home/pete/wefwefwef/docs/other/8206254593/repo/socket_message_work/.xml/telep/robot_command_protocol.xml",
                       "/home/pete/wefwefwef/docs/other/8206254593/repo/socket_message_work/.xml/telep/commands.xml",
                       "/home/pete/wefwefwef/docs/other/8206254593/repo/socket_message_work/.xml/telep/command_queue_worker.xml",
                       "/home/pete/wefwefwef/docs/other/8206254593/repo/socket_message_work/.xml/telep/web_server.xml",
                       "/home/pete/wefwefwef/docs/other/8206254593/repo/socket_message_work/.xml/telep/registration_worker.xml"]
Generating HTML - q_params "/home/pete/wefwefwef/docs/other/8206254593/repo/socket_message_work/.xml/telep/q_params.xml"
Generating HTML - signature_handler "/home/pete/wefwefwef/docs/other/8206254593/repo/socket_message_work/.xml/telep/signature_handler.xml"
Generating HTML - commands "/home/pete/wefwefwef/docs/other/8206254593/repo/socket_message_work/.xml/telep/commands.xml"
Generating HTML - registration_worker "/home/pete/wefwefwef/docs/other/8206254593/repo/socket_message_work/.xml/telep/registration_worker.xml"
Reading XML for "/home/pete/wefwefwef/docs/other/8206254593/repo/socket_message_work/.xml/telep/q_params.xml"
Reading XML for "/home/pete/wefwefwef/docs/other/8206254593/repo/socket_message_work/.xml/telep/signature_handler.xml"
Reading XML for "/home/pete/wefwefwef/docs/other/8206254593/repo/socket_message_work/.xml/telep/commands.xml"
Reading XML for "/home/pete/wefwefwef/docs/other/8206254593/repo/socket_message_work/.xml/telep/registration_worker.xml"
Reading XML for "/home/pete/wefwefwef/docs/other/8206254593/repo/socket_message_work/.xml/specs_signature_handler.xml"
Reading XML for "/home/pete/wefwefwef/docs/other/8206254593/repo/socket_message_work/.xml/specs_commands.xml"
Reading XML for "/home/pete/wefwefwef/docs/other/8206254593/repo/socket_message_work/.xml/specs_q_params.xml"
Generating HTML - notification_worker "/home/pete/wefwefwef/docs/other/8206254593/repo/socket_message_work/.xml/telep/notification_worker.xml"
Reading XML for "/home/pete/wefwefwef/docs/other/8206254593/repo/socket_message_work/.xml/telep/notification_worker.xml"
Generating HTML - queue_listener "/home/pete/wefwefwef/docs/other/8206254593/repo/socket_message_work/.xml/telep/queue_listener.xml"
Reading XML for "/home/pete/wefwefwef/docs/other/8206254593/repo/socket_message_work/.xml/telep/queue_listener.xml"
Generating HTML - robot_command_protocol "/home/pete/wefwefwef/docs/other/8206254593/repo/socket_message_work/.xml/telep/robot_command_protocol.xml"
Reading XML for "/home/pete/wefwefwef/docs/other/8206254593/repo/socket_message_work/.xml/telep/robot_command_protocol.xml"
Reading XML for "/home/pete/wefwefwef/docs/other/8206254593/repo/socket_message_work/.xml/specs_registration_worker.xml"
Generating HTML - web_server "/home/pete/wefwefwef/docs/other/8206254593/repo/socket_message_work/.xml/telep/web_server.xml"
Reading XML for "/home/pete/wefwefwef/docs/other/8206254593/repo/socket_message_work/.xml/telep/web_server.xml"
Reading XML for "/home/pete/wefwefwef/docs/other/8206254593/repo/socket_message_work/.xml/specs_notification_worker.xml"
Generating HTML - registration_supervisor "/home/pete/wefwefwef/docs/other/8206254593/repo/socket_message_work/.xml/telep/registration_supervisor.xml"
Reading XML for "/home/pete/wefwefwef/docs/other/8206254593/repo/socket_message_work/.xml/telep/registration_supervisor.xml"
Reading XML for "/home/pete/wefwefwef/docs/other/8206254593/repo/socket_message_work/.xml/specs_queue_listener.xml"
Reading XML for "/home/pete/wefwefwef/docs/other/8206254593/repo/socket_message_work/.xml/specs_robot_command_protocol.xml"
Generating HTML - test_client "/home/pete/wefwefwef/docs/other/8206254593/repo/socket_message_work/.xml/telep/test_client.xml"
Reading XML for "/home/pete/wefwefwef/docs/other/8206254593/repo/socket_message_work/.xml/telep/test_client.xml"
Reading XML for "/home/pete/wefwefwef/docs/other/8206254593/repo/socket_message_work/.xml/specs_web_server.xml"
Generating HTML - command_worker "/home/pete/wefwefwef/docs/other/8206254593/repo/socket_message_work/.xml/telep/command_worker.xml"
Reading XML for "/home/pete/wefwefwef/docs/other/8206254593/repo/socket_message_work/.xml/telep/command_worker.xml"
Generating HTML - command_queue_worker "/home/pete/wefwefwef/docs/other/8206254593/repo/socket_message_work/.xml/telep/command_queue_worker.xml"
Reading XML for "/home/pete/wefwefwef/docs/other/8206254593/repo/socket_message_work/.xml/telep/command_queue_worker.xml"
Reading XML for "/home/pete/wefwefwef/docs/other/8206254593/repo/socket_message_work/.xml/specs_registration_supervisor.xml"
Reading XML for "/home/pete/wefwefwef/docs/other/8206254593/repo/socket_message_work/.xml/specs_command_worker.xml"
Reading XML for "/home/pete/wefwefwef/docs/other/8206254593/repo/socket_message_work/.xml/specs_command_queue_worker.xml"
Creating index.html ...
Creating erldocs_index.js ...
Woot, finished in 0 Minutes 1 Seconds
 :: Discovering other repos
$ 5000  `rm -r '/home/pete/wefwefwef/docs/other/8206254593/telep-branch-socket_message_work'  2>&1`
 :: Processing https://github.com/fellowroboticists/telep	{rev,branch,"web_templates","5f64a3f6ef68d7ad664f8d879255a0f7c2812d44"}
 :: Fetching repo code
$ cd "/home/pete/wefwefwef/docs/other/8206254593/telep-branch-web_templates/telep"
$ infinity  `curl --fail --silent --show-error --location --output 'web_templates.zip' 'https://github.com/fellowroboticists/telep/archive/web_templates.zip'  2>&1`
$ cd "/home/pete/wefwefwef/docs/erldocs_other.git"
$ cd "/home/pete/wefwefwef/docs/other/8206254593/telep-branch-web_templates/telep"
$ 5000  `find -P . -type l -delete  2>&1`
$ cd "/home/pete/wefwefwef/docs/erldocs_other.git"
$ cd "/home/pete/wefwefwef/docs/other/8206254593/telep-branch-web_templates/telep"
$ 5000  `find 'telep-web_templates' -mindepth 1 -maxdepth 1 -exec mv -t . -- {} +  2>&1`
$ cd "/home/pete/wefwefwef/docs/erldocs_other.git"
 :: Getting dependencies
$ cd "/home/pete/wefwefwef/docs/other/8206254593/telep-branch-web_templates/telep"
$ 5000  `ls -1 deps/  2>&1`
$ cd "/home/pete/wefwefwef/docs/erldocs_other.git"
>>> [rebar] deps = []
 :: Generating erldocs into /home/pete/wefwefwef/docs/other/8206254593/repo/web_templates
Building telep
Generating Type Specs - "/home/pete/wefwefwef/docs/other/8206254593/telep-branch-web_templates/telep/apps/telep/src/command_queue_worker.erl"
Generating Type Specs - "/home/pete/wefwefwef/docs/other/8206254593/telep-branch-web_templates/telep/apps/telep/src/command_worker.erl"
Generating Type Specs - "/home/pete/wefwefwef/docs/other/8206254593/telep-branch-web_templates/telep/apps/telep/src/commands.erl"
Generating Type Specs - "/home/pete/wefwefwef/docs/other/8206254593/telep-branch-web_templates/telep/apps/telep/src/notification_worker.erl"
Generating Type Specs - "/home/pete/wefwefwef/docs/other/8206254593/telep-branch-web_templates/telep/apps/telep/src/pages.erl"
Generating Type Specs - "/home/pete/wefwefwef/docs/other/8206254593/telep-branch-web_templates/telep/apps/telep/src/q_params.erl"
Generating Type Specs - "/home/pete/wefwefwef/docs/other/8206254593/telep-branch-web_templates/telep/apps/telep/src/queue_listener.erl"
Generating Type Specs - "/home/pete/wefwefwef/docs/other/8206254593/telep-branch-web_templates/telep/apps/telep/src/registration_supervisor.erl"
Generating Type Specs - "/home/pete/wefwefwef/docs/other/8206254593/telep-branch-web_templates/telep/apps/telep/src/registration_worker.erl"
Generating Type Specs - "/home/pete/wefwefwef/docs/other/8206254593/telep-branch-web_templates/telep/apps/telep/src/robot_command_protocol.erl"
Generating Type Specs - "/home/pete/wefwefwef/docs/other/8206254593/telep-branch-web_templates/telep/apps/telep/src/robot_control.erl"
Generating Type Specs - "/home/pete/wefwefwef/docs/other/8206254593/telep-branch-web_templates/telep/apps/telep/src/robot_db.erl"
Generating Type Specs - "/home/pete/wefwefwef/docs/other/8206254593/telep-branch-web_templates/telep/apps/telep/src/signature_handler.erl"
Generating Type Specs - "/home/pete/wefwefwef/docs/other/8206254593/telep-branch-web_templates/telep/apps/telep/src/template_processor.erl"
Generating Type Specs - "/home/pete/wefwefwef/docs/other/8206254593/telep-branch-web_templates/telep/apps/telep/src/web_server.erl"
Generating XML for application telep "/home/pete/wefwefwef/docs/other/8206254593/telep-branch-web_templates/telep/apps/telep" -> "/home/pete/wefwefwef/docs/other/8206254593/repo/web_templates/.xml/telep"
Generated telep XMLs: ["/home/pete/wefwefwef/docs/other/8206254593/repo/web_templates/.xml/telep/template_processor.xml",
                       "/home/pete/wefwefwef/docs/other/8206254593/repo/web_templates/.xml/telep/queue_listener.xml",
                       "/home/pete/wefwefwef/docs/other/8206254593/repo/web_templates/.xml/telep/q_params.xml",
                       "/home/pete/wefwefwef/docs/other/8206254593/repo/web_templates/.xml/telep/robot_control.xml",
                       "/home/pete/wefwefwef/docs/other/8206254593/repo/web_templates/.xml/telep/registration_supervisor.xml",
                       "/home/pete/wefwefwef/docs/other/8206254593/repo/web_templates/.xml/telep/notification_worker.xml",
                       "/home/pete/wefwefwef/docs/other/8206254593/repo/web_templates/.xml/telep/robot_db.xml",
                       "/home/pete/wefwefwef/docs/other/8206254593/repo/web_templates/.xml/telep/signature_handler.xml",
                       "/home/pete/wefwefwef/docs/other/8206254593/repo/web_templates/.xml/telep/command_worker.xml",
                       "/home/pete/wefwefwef/docs/other/8206254593/repo/web_templates/.xml/telep/robot_command_protocol.xml",
                       "/home/pete/wefwefwef/docs/other/8206254593/repo/web_templates/.xml/telep/commands.xml",
                       "/home/pete/wefwefwef/docs/other/8206254593/repo/web_templates/.xml/telep/command_queue_worker.xml",
                       "/home/pete/wefwefwef/docs/other/8206254593/repo/web_templates/.xml/telep/web_server.xml",
                       "/home/pete/wefwefwef/docs/other/8206254593/repo/web_templates/.xml/telep/pages.xml",
                       "/home/pete/wefwefwef/docs/other/8206254593/repo/web_templates/.xml/telep/registration_worker.xml"]
Generating HTML - q_params "/home/pete/wefwefwef/docs/other/8206254593/repo/web_templates/.xml/telep/q_params.xml"
Generating HTML - notification_worker "/home/pete/wefwefwef/docs/other/8206254593/repo/web_templates/.xml/telep/notification_worker.xml"
Generating HTML - command_worker "/home/pete/wefwefwef/docs/other/8206254593/repo/web_templates/.xml/telep/command_worker.xml"
Generating HTML - registration_worker "/home/pete/wefwefwef/docs/other/8206254593/repo/web_templates/.xml/telep/registration_worker.xml"
Reading XML for "/home/pete/wefwefwef/docs/other/8206254593/repo/web_templates/.xml/telep/q_params.xml"
Reading XML for "/home/pete/wefwefwef/docs/other/8206254593/repo/web_templates/.xml/telep/notification_worker.xml"
Reading XML for "/home/pete/wefwefwef/docs/other/8206254593/repo/web_templates/.xml/telep/command_worker.xml"
Reading XML for "/home/pete/wefwefwef/docs/other/8206254593/repo/web_templates/.xml/telep/registration_worker.xml"
Reading XML for "/home/pete/wefwefwef/docs/other/8206254593/repo/web_templates/.xml/specs_notification_worker.xml"
Reading XML for "/home/pete/wefwefwef/docs/other/8206254593/repo/web_templates/.xml/specs_q_params.xml"
Reading XML for "/home/pete/wefwefwef/docs/other/8206254593/repo/web_templates/.xml/specs_command_worker.xml"
Generating HTML - registration_supervisor "/home/pete/wefwefwef/docs/other/8206254593/repo/web_templates/.xml/telep/registration_supervisor.xml"
Reading XML for "/home/pete/wefwefwef/docs/other/8206254593/repo/web_templates/.xml/telep/registration_supervisor.xml"
Generating HTML - queue_listener "/home/pete/wefwefwef/docs/other/8206254593/repo/web_templates/.xml/telep/queue_listener.xml"
Reading XML for "/home/pete/wefwefwef/docs/other/8206254593/repo/web_templates/.xml/telep/queue_listener.xml"
Reading XML for "/home/pete/wefwefwef/docs/other/8206254593/repo/web_templates/.xml/specs_registration_worker.xml"
Generating HTML - signature_handler "/home/pete/wefwefwef/docs/other/8206254593/repo/web_templates/.xml/telep/signature_handler.xml"
Reading XML for "/home/pete/wefwefwef/docs/other/8206254593/repo/web_templates/.xml/telep/signature_handler.xml"
Generating HTML - pages "/home/pete/wefwefwef/docs/other/8206254593/repo/web_templates/.xml/telep/pages.xml"
Reading XML for "/home/pete/wefwefwef/docs/other/8206254593/repo/web_templates/.xml/telep/pages.xml"
Reading XML for "/home/pete/wefwefwef/docs/other/8206254593/repo/web_templates/.xml/specs_registration_supervisor.xml"
Reading XML for "/home/pete/wefwefwef/docs/other/8206254593/repo/web_templates/.xml/specs_queue_listener.xml"
Generating HTML - robot_control "/home/pete/wefwefwef/docs/other/8206254593/repo/web_templates/.xml/telep/robot_control.xml"
Reading XML for "/home/pete/wefwefwef/docs/other/8206254593/repo/web_templates/.xml/telep/robot_control.xml"
Generating HTML - template_processor "/home/pete/wefwefwef/docs/other/8206254593/repo/web_templates/.xml/telep/template_processor.xml"
Reading XML for "/home/pete/wefwefwef/docs/other/8206254593/repo/web_templates/.xml/telep/template_processor.xml"
Reading XML for "/home/pete/wefwefwef/docs/other/8206254593/repo/web_templates/.xml/specs_pages.xml"
Reading XML for "/home/pete/wefwefwef/docs/other/8206254593/repo/web_templates/.xml/specs_signature_handler.xml"
Generating HTML - web_server "/home/pete/wefwefwef/docs/other/8206254593/repo/web_templates/.xml/telep/web_server.xml"
Reading XML for "/home/pete/wefwefwef/docs/other/8206254593/repo/web_templates/.xml/telep/web_server.xml"
Generating HTML - robot_db "/home/pete/wefwefwef/docs/other/8206254593/repo/web_templates/.xml/telep/robot_db.xml"
Reading XML for "/home/pete/wefwefwef/docs/other/8206254593/repo/web_templates/.xml/telep/robot_db.xml"
Reading XML for "/home/pete/wefwefwef/docs/other/8206254593/repo/web_templates/.xml/specs_robot_control.xml"
Reading XML for "/home/pete/wefwefwef/docs/other/8206254593/repo/web_templates/.xml/specs_template_processor.xml"
Reading XML for "/home/pete/wefwefwef/docs/other/8206254593/repo/web_templates/.xml/specs_web_server.xml"
Generating HTML - command_queue_worker "/home/pete/wefwefwef/docs/other/8206254593/repo/web_templates/.xml/telep/command_queue_worker.xml"
Reading XML for "/home/pete/wefwefwef/docs/other/8206254593/repo/web_templates/.xml/telep/command_queue_worker.xml"
Reading XML for "/home/pete/wefwefwef/docs/other/8206254593/repo/web_templates/.xml/specs_robot_db.xml"
Reading XML for "/home/pete/wefwefwef/docs/other/8206254593/repo/web_templates/.xml/specs_command_queue_worker.xml"
Generating HTML - commands "/home/pete/wefwefwef/docs/other/8206254593/repo/web_templates/.xml/telep/commands.xml"
Reading XML for "/home/pete/wefwefwef/docs/other/8206254593/repo/web_templates/.xml/telep/commands.xml"
Reading XML for "/home/pete/wefwefwef/docs/other/8206254593/repo/web_templates/.xml/specs_commands.xml"
Generating HTML - robot_command_protocol "/home/pete/wefwefwef/docs/other/8206254593/repo/web_templates/.xml/telep/robot_command_protocol.xml"
Reading XML for "/home/pete/wefwefwef/docs/other/8206254593/repo/web_templates/.xml/telep/robot_command_protocol.xml"
Reading XML for "/home/pete/wefwefwef/docs/other/8206254593/repo/web_templates/.xml/specs_robot_command_protocol.xml"
Building telep
Generating XML for application telep "/home/pete/wefwefwef/docs/other/8206254593/telep-branch-web_templates/telep" -> "/home/pete/wefwefwef/docs/other/8206254593/repo/web_templates/.xml/telep"
Generated telep XMLs: ["/home/pete/wefwefwef/docs/other/8206254593/repo/web_templates/.xml/telep/test_client.xml",
                       "/home/pete/wefwefwef/docs/other/8206254593/repo/web_templates/.xml/telep/template_processor.xml",
                       "/home/pete/wefwefwef/docs/other/8206254593/repo/web_templates/.xml/telep/queue_listener.xml",
                       "/home/pete/wefwefwef/docs/other/8206254593/repo/web_templates/.xml/telep/q_params.xml",
                       "/home/pete/wefwefwef/docs/other/8206254593/repo/web_templates/.xml/telep/robot_control.xml",
                       "/home/pete/wefwefwef/docs/other/8206254593/repo/web_templates/.xml/telep/registration_supervisor.xml",
                       "/home/pete/wefwefwef/docs/other/8206254593/repo/web_templates/.xml/telep/notification_worker.xml",
                       "/home/pete/wefwefwef/docs/other/8206254593/repo/web_templates/.xml/telep/robot_db.xml",
                       "/home/pete/wefwefwef/docs/other/8206254593/repo/web_templates/.xml/telep/signature_handler.xml",
                       "/home/pete/wefwefwef/docs/other/8206254593/repo/web_templates/.xml/telep/command_worker.xml",
                       "/home/pete/wefwefwef/docs/other/8206254593/repo/web_templates/.xml/telep/robot_command_protocol.xml",
                       "/home/pete/wefwefwef/docs/other/8206254593/repo/web_templates/.xml/telep/commands.xml",
                       "/home/pete/wefwefwef/docs/other/8206254593/repo/web_templates/.xml/telep/command_queue_worker.xml",
                       "/home/pete/wefwefwef/docs/other/8206254593/repo/web_templates/.xml/telep/web_server.xml",
                       "/home/pete/wefwefwef/docs/other/8206254593/repo/web_templates/.xml/telep/pages.xml",
                       "/home/pete/wefwefwef/docs/other/8206254593/repo/web_templates/.xml/telep/registration_worker.xml"]
Generating HTML - q_params "/home/pete/wefwefwef/docs/other/8206254593/repo/web_templates/.xml/telep/q_params.xml"
Generating HTML - robot_db "/home/pete/wefwefwef/docs/other/8206254593/repo/web_templates/.xml/telep/robot_db.xml"
Generating HTML - commands "/home/pete/wefwefwef/docs/other/8206254593/repo/web_templates/.xml/telep/commands.xml"
Generating HTML - registration_worker "/home/pete/wefwefwef/docs/other/8206254593/repo/web_templates/.xml/telep/registration_worker.xml"
Reading XML for "/home/pete/wefwefwef/docs/other/8206254593/repo/web_templates/.xml/telep/q_params.xml"
Reading XML for "/home/pete/wefwefwef/docs/other/8206254593/repo/web_templates/.xml/telep/robot_db.xml"
Reading XML for "/home/pete/wefwefwef/docs/other/8206254593/repo/web_templates/.xml/telep/commands.xml"
Reading XML for "/home/pete/wefwefwef/docs/other/8206254593/repo/web_templates/.xml/telep/registration_worker.xml"
Reading XML for "/home/pete/wefwefwef/docs/other/8206254593/repo/web_templates/.xml/specs_q_params.xml"
Reading XML for "/home/pete/wefwefwef/docs/other/8206254593/repo/web_templates/.xml/specs_robot_db.xml"
Generating HTML - queue_listener "/home/pete/wefwefwef/docs/other/8206254593/repo/web_templates/.xml/telep/queue_listener.xml"
Reading XML for "/home/pete/wefwefwef/docs/other/8206254593/repo/web_templates/.xml/telep/queue_listener.xml"
Reading XML for "/home/pete/wefwefwef/docs/other/8206254593/repo/web_templates/.xml/specs_commands.xml"
Generating HTML - notification_worker "/home/pete/wefwefwef/docs/other/8206254593/repo/web_templates/.xml/telep/notification_worker.xml"
Reading XML for "/home/pete/wefwefwef/docs/other/8206254593/repo/web_templates/.xml/specs_registration_worker.xml"
Reading XML for "/home/pete/wefwefwef/docs/other/8206254593/repo/web_templates/.xml/telep/notification_worker.xml"
Generating HTML - pages "/home/pete/wefwefwef/docs/other/8206254593/repo/web_templates/.xml/telep/pages.xml"
Reading XML for "/home/pete/wefwefwef/docs/other/8206254593/repo/web_templates/.xml/telep/pages.xml"
Generating HTML - robot_command_protocol "/home/pete/wefwefwef/docs/other/8206254593/repo/web_templates/.xml/telep/robot_command_protocol.xml"
Reading XML for "/home/pete/wefwefwef/docs/other/8206254593/repo/web_templates/.xml/telep/robot_command_protocol.xml"
Reading XML for "/home/pete/wefwefwef/docs/other/8206254593/repo/web_templates/.xml/specs_queue_listener.xml"
Generating HTML - template_processor "/home/pete/wefwefwef/docs/other/8206254593/repo/web_templates/.xml/telep/template_processor.xml"
Reading XML for "/home/pete/wefwefwef/docs/other/8206254593/repo/web_templates/.xml/telep/template_processor.xml"
Reading XML for "/home/pete/wefwefwef/docs/other/8206254593/repo/web_templates/.xml/specs_notification_worker.xml"
Generating HTML - registration_supervisor "/home/pete/wefwefwef/docs/other/8206254593/repo/web_templates/.xml/telep/registration_supervisor.xml"
Reading XML for "/home/pete/wefwefwef/docs/other/8206254593/repo/web_templates/.xml/telep/registration_supervisor.xml"
Reading XML for "/home/pete/wefwefwef/docs/other/8206254593/repo/web_templates/.xml/specs_pages.xml"
Generating HTML - web_server "/home/pete/wefwefwef/docs/other/8206254593/repo/web_templates/.xml/telep/web_server.xml"
Reading XML for "/home/pete/wefwefwef/docs/other/8206254593/repo/web_templates/.xml/specs_robot_command_protocol.xml"
Reading XML for "/home/pete/wefwefwef/docs/other/8206254593/repo/web_templates/.xml/telep/web_server.xml"
Generating HTML - command_worker "/home/pete/wefwefwef/docs/other/8206254593/repo/web_templates/.xml/telep/command_worker.xml"
Reading XML for "/home/pete/wefwefwef/docs/other/8206254593/repo/web_templates/.xml/telep/command_worker.xml"
Reading XML for "/home/pete/wefwefwef/docs/other/8206254593/repo/web_templates/.xml/specs_template_processor.xml"
Reading XML for "/home/pete/wefwefwef/docs/other/8206254593/repo/web_templates/.xml/specs_registration_supervisor.xml"
Generating HTML - test_client "/home/pete/wefwefwef/docs/other/8206254593/repo/web_templates/.xml/telep/test_client.xml"
Reading XML for "/home/pete/wefwefwef/docs/other/8206254593/repo/web_templates/.xml/telep/test_client.xml"
Generating HTML - robot_control "/home/pete/wefwefwef/docs/other/8206254593/repo/web_templates/.xml/telep/robot_control.xml"
Reading XML for "/home/pete/wefwefwef/docs/other/8206254593/repo/web_templates/.xml/telep/robot_control.xml"
Reading XML for "/home/pete/wefwefwef/docs/other/8206254593/repo/web_templates/.xml/specs_web_server.xml"
Generating HTML - command_queue_worker "/home/pete/wefwefwef/docs/other/8206254593/repo/web_templates/.xml/telep/command_queue_worker.xml"
Reading XML for "/home/pete/wefwefwef/docs/other/8206254593/repo/web_templates/.xml/telep/command_queue_worker.xml"
Reading XML for "/home/pete/wefwefwef/docs/other/8206254593/repo/web_templates/.xml/specs_command_worker.xml"
Generating HTML - signature_handler "/home/pete/wefwefwef/docs/other/8206254593/repo/web_templates/.xml/telep/signature_handler.xml"
Reading XML for "/home/pete/wefwefwef/docs/other/8206254593/repo/web_templates/.xml/telep/signature_handler.xml"
Reading XML for "/home/pete/wefwefwef/docs/other/8206254593/repo/web_templates/.xml/specs_robot_control.xml"
Reading XML for "/home/pete/wefwefwef/docs/other/8206254593/repo/web_templates/.xml/specs_command_queue_worker.xml"
Reading XML for "/home/pete/wefwefwef/docs/other/8206254593/repo/web_templates/.xml/specs_signature_handler.xml"
Creating index.html ...
Creating erldocs_index.js ...
Woot, finished in 0 Minutes 1 Seconds
 :: Discovering other repos
$ 5000  `rm -r '/home/pete/wefwefwef/docs/other/8206254593/telep-branch-web_templates'  2>&1`
 :: Erldocs finishing up
$ 5000  `rm -r '/home/pete/wefwefwef/docs/other/8206254593/telep'  2>&1`
