 :: Extracting meta information
$ infinity  `git ls-remote --heads --tags 'https://github.com/fenollp/cl'  2>&1`
>>> [repo] 8 branches, 3 tags
 :: Writing meta to "/home/travis/build/erldocs/other.erldocs.com/other/545d6f59f3ea0ec6e774193c54451e49/meta.txt"
 :: Processing https://github.com/fenollp/cl	{rev,branch,"nif","8b05e5f99def434daa72e713d477b23e5b333944",undefined,[],[]}
 :: Fetching repo code
$ cd '/home/travis/build/erldocs/other.erldocs.com/other/545d6f59f3ea0ec6e774193c54451e49/cl-branch-nif'
$ infinity  `curl --fail --silent --show-error --location --output repo.tar.gz 'https://codeload.github.com/fenollp/cl/legacy.tar.gz/nif'  2>&1`
$ cd '/home/travis/build/erldocs/other.erldocs.com/erldocs_other.git'
$ cd '/home/travis/build/erldocs/other.erldocs.com/other/545d6f59f3ea0ec6e774193c54451e49/cl-branch-nif/fenollp-cl-8b05e5f'
$ 5000  `find -P . -type l -delete  2>&1`
$ cd '/home/travis/build/erldocs/other.erldocs.com/erldocs_other.git'
$ 5000  `mv '/home/travis/build/erldocs/other.erldocs.com/other/545d6f59f3ea0ec6e774193c54451e49/cl-branch-nif/fenollp-cl-8b05e5f' '/home/travis/build/erldocs/other.erldocs.com/other/545d6f59f3ea0ec6e774193c54451e49/cl-branch-nif/cl'  2>&1`
 :: Getting dependencies
 :: Generating erldocs into /home/travis/build/erldocs/other.erldocs.com/other/545d6f59f3ea0ec6e774193c54451e49/repo/nif
Building cl
Generating Type Specs - "/home/travis/build/erldocs/other.erldocs.com/other/545d6f59f3ea0ec6e774193c54451e49/cl-branch-nif/cl/src/cl.erl"
/home/travis/build/erldocs/other.erldocs.com/other/545d6f59f3ea0ec6e774193c54451e49/cl-branch-nif/cl/src/cl.erl, function mem_object_info/0: at line 1078: @spec arity does not match.
EDoc could not process file '/home/travis/build/erldocs/other.erldocs.com/other/545d6f59f3ea0ec6e774193c54451e49/cl-branch-nif/cl/src/cl.erl'
Error generating type specs for "/home/travis/build/erldocs/other.erldocs.com/other/545d6f59f3ea0ec6e774193c54451e49/cl-branch-nif/cl/src/cl.erl"
Generating Type Specs - "/home/travis/build/erldocs/other.erldocs.com/other/545d6f59f3ea0ec6e774193c54451e49/cl-branch-nif/cl/src/clu.erl"
Generating XML for application cl "/home/travis/build/erldocs/other.erldocs.com/other/545d6f59f3ea0ec6e774193c54451e49/cl-branch-nif/cl" -> "/home/travis/build/erldocs/other.erldocs.com/other/545d6f59f3ea0ec6e774193c54451e49/repo/nif/.xml/cl"
/home/travis/build/erldocs/other.erldocs.com/other/545d6f59f3ea0ec6e774193c54451e49/cl-branch-nif/cl/src/cl.erl, function mem_object_info/0: at line 1073: @spec arity does not match.
edoc: skipping source file '/home/travis/build/erldocs/other.erldocs.com/other/545d6f59f3ea0ec6e774193c54451e49/cl-branch-nif/cl/src/cl.erl': {'EXIT',
                                                                                                                                         error}.
edoc: error in doclet 'edoc_doclet': {'EXIT',error}.
Error generating cl XMLs. Using fallback ...
Generating XML cl - cl "/home/travis/build/erldocs/other.erldocs.com/other/545d6f59f3ea0ec6e774193c54451e49/cl-branch-nif/cl/src/cl.erl" -> "/home/travis/build/erldocs/other.erldocs.com/other/545d6f59f3ea0ec6e774193c54451e49/repo/nif/.xml/cl/cl.xml"
/home/travis/build/erldocs/other.erldocs.com/other/545d6f59f3ea0ec6e774193c54451e49/cl-branch-nif/cl/src/cl.erl, function mem_object_info/0: at line 1073: @spec arity does not match.
Error generating XML ("/home/travis/build/erldocs/other.erldocs.com/other/545d6f59f3ea0ec6e774193c54451e49/cl-branch-nif/cl/src/cl.erl"): {'EXIT',
                                                                                                                                           error}
Generating XML cl - clu "/home/travis/build/erldocs/other.erldocs.com/other/545d6f59f3ea0ec6e774193c54451e49/cl-branch-nif/cl/src/clu.erl" -> "/home/travis/build/erldocs/other.erldocs.com/other/545d6f59f3ea0ec6e774193c54451e49/repo/nif/.xml/cl/clu.xml"
Generating HTML - clu "/home/travis/build/erldocs/other.erldocs.com/other/545d6f59f3ea0ec6e774193c54451e49/repo/nif/.xml/cl/clu.xml"
Reading XML for "/home/travis/build/erldocs/other.erldocs.com/other/545d6f59f3ea0ec6e774193c54451e49/repo/nif/.xml/cl/clu.xml"
Reading XML for "/home/travis/build/erldocs/other.erldocs.com/other/545d6f59f3ea0ec6e774193c54451e49/repo/nif/.xml/specs_clu.xml"
Creating index.html ...
Creating erldocs_index.js ...
Woot, finished in 0 Minutes 1 Seconds
 :: Discovering other repos
$ 5000  `rm -r '/home/travis/build/erldocs/other.erldocs.com/other/545d6f59f3ea0ec6e774193c54451e49/cl-branch-nif'  2>&1`
 :: Processing https://github.com/fenollp/cl	{rev,branch,"master","99718e6d0d2f98d9a5f984e0512781f3b0b30641",undefined,[],[]}
 :: Fetching repo code
$ cd '/home/travis/build/erldocs/other.erldocs.com/other/545d6f59f3ea0ec6e774193c54451e49/cl-branch-master'
$ infinity  `curl --fail --silent --show-error --location --output repo.tar.gz 'https://codeload.github.com/fenollp/cl/legacy.tar.gz/master'  2>&1`
$ cd '/home/travis/build/erldocs/other.erldocs.com/erldocs_other.git'
$ cd '/home/travis/build/erldocs/other.erldocs.com/other/545d6f59f3ea0ec6e774193c54451e49/cl-branch-master/fenollp-cl-99718e6'
$ 5000  `find -P . -type l -delete  2>&1`
$ cd '/home/travis/build/erldocs/other.erldocs.com/erldocs_other.git'
$ 5000  `mv '/home/travis/build/erldocs/other.erldocs.com/other/545d6f59f3ea0ec6e774193c54451e49/cl-branch-master/fenollp-cl-99718e6' '/home/travis/build/erldocs/other.erldocs.com/other/545d6f59f3ea0ec6e774193c54451e49/cl-branch-master/cl'  2>&1`
 :: Getting dependencies
$ cd '/home/travis/build/erldocs/other.erldocs.com/other/545d6f59f3ea0ec6e774193c54451e49/cl-branch-master/cl'
$ 5000  `ls -1 deps/  2>&1`
$ cd '/home/travis/build/erldocs/other.erldocs.com/erldocs_other.git'
>>> [rebar] deps = []
 :: Generating erldocs into /home/travis/build/erldocs/other.erldocs.com/other/545d6f59f3ea0ec6e774193c54451e49/repo/master
Building cl
Generating Type Specs - "/home/travis/build/erldocs/other.erldocs.com/other/545d6f59f3ea0ec6e774193c54451e49/cl-branch-master/cl/src/cl.erl"
Generating Type Specs - "/home/travis/build/erldocs/other.erldocs.com/other/545d6f59f3ea0ec6e774193c54451e49/cl-branch-master/cl/src/cl10.erl"
Generating Type Specs - "/home/travis/build/erldocs/other.erldocs.com/other/545d6f59f3ea0ec6e774193c54451e49/cl-branch-master/cl/src/cl11.erl"
Generating Type Specs - "/home/travis/build/erldocs/other.erldocs.com/other/545d6f59f3ea0ec6e774193c54451e49/cl-branch-master/cl/src/cl12.erl"
Generating Type Specs - "/home/travis/build/erldocs/other.erldocs.com/other/545d6f59f3ea0ec6e774193c54451e49/cl-branch-master/cl/src/cl13.erl"
Generating Type Specs - "/home/travis/build/erldocs/other.erldocs.com/other/545d6f59f3ea0ec6e774193c54451e49/cl-branch-master/cl/src/clu.erl"
Generating XML for application cl "/home/travis/build/erldocs/other.erldocs.com/other/545d6f59f3ea0ec6e774193c54451e49/cl-branch-master/cl" -> "/home/travis/build/erldocs/other.erldocs.com/other/545d6f59f3ea0ec6e774193c54451e49/repo/master/.xml/cl"
Generated cl XMLs: ["/home/travis/build/erldocs/other.erldocs.com/other/545d6f59f3ea0ec6e774193c54451e49/repo/master/.xml/cl/cl11.xml",
                    "/home/travis/build/erldocs/other.erldocs.com/other/545d6f59f3ea0ec6e774193c54451e49/repo/master/.xml/cl/clu.xml",
                    "/home/travis/build/erldocs/other.erldocs.com/other/545d6f59f3ea0ec6e774193c54451e49/repo/master/.xml/cl/cl.xml",
                    "/home/travis/build/erldocs/other.erldocs.com/other/545d6f59f3ea0ec6e774193c54451e49/repo/master/.xml/cl/cl13.xml",
                    "/home/travis/build/erldocs/other.erldocs.com/other/545d6f59f3ea0ec6e774193c54451e49/repo/master/.xml/cl/cl10.xml",
                    "/home/travis/build/erldocs/other.erldocs.com/other/545d6f59f3ea0ec6e774193c54451e49/repo/master/.xml/cl/cl12.xml"]
Generating HTML - cl12 "/home/travis/build/erldocs/other.erldocs.com/other/545d6f59f3ea0ec6e774193c54451e49/repo/master/.xml/cl/cl12.xml"
Reading XML for "/home/travis/build/erldocs/other.erldocs.com/other/545d6f59f3ea0ec6e774193c54451e49/repo/master/.xml/cl/cl12.xml"
Reading XML for "/home/travis/build/erldocs/other.erldocs.com/other/545d6f59f3ea0ec6e774193c54451e49/repo/master/.xml/specs_cl12.xml"
Generating HTML - cl10 "/home/travis/build/erldocs/other.erldocs.com/other/545d6f59f3ea0ec6e774193c54451e49/repo/master/.xml/cl/cl10.xml"
Reading XML for "/home/travis/build/erldocs/other.erldocs.com/other/545d6f59f3ea0ec6e774193c54451e49/repo/master/.xml/cl/cl10.xml"
Reading XML for "/home/travis/build/erldocs/other.erldocs.com/other/545d6f59f3ea0ec6e774193c54451e49/repo/master/.xml/specs_cl10.xml"
Generating HTML - cl13 "/home/travis/build/erldocs/other.erldocs.com/other/545d6f59f3ea0ec6e774193c54451e49/repo/master/.xml/cl/cl13.xml"
Reading XML for "/home/travis/build/erldocs/other.erldocs.com/other/545d6f59f3ea0ec6e774193c54451e49/repo/master/.xml/cl/cl13.xml"
Reading XML for "/home/travis/build/erldocs/other.erldocs.com/other/545d6f59f3ea0ec6e774193c54451e49/repo/master/.xml/specs_cl13.xml"
Generating HTML - cl "/home/travis/build/erldocs/other.erldocs.com/other/545d6f59f3ea0ec6e774193c54451e49/repo/master/.xml/cl/cl.xml"
Reading XML for "/home/travis/build/erldocs/other.erldocs.com/other/545d6f59f3ea0ec6e774193c54451e49/repo/master/.xml/cl/cl.xml"
Reading XML for "/home/travis/build/erldocs/other.erldocs.com/other/545d6f59f3ea0ec6e774193c54451e49/repo/master/.xml/specs_cl.xml"
Generating HTML - clu "/home/travis/build/erldocs/other.erldocs.com/other/545d6f59f3ea0ec6e774193c54451e49/repo/master/.xml/cl/clu.xml"
Reading XML for "/home/travis/build/erldocs/other.erldocs.com/other/545d6f59f3ea0ec6e774193c54451e49/repo/master/.xml/cl/clu.xml"
Reading XML for "/home/travis/build/erldocs/other.erldocs.com/other/545d6f59f3ea0ec6e774193c54451e49/repo/master/.xml/specs_clu.xml"
Generating HTML - cl11 "/home/travis/build/erldocs/other.erldocs.com/other/545d6f59f3ea0ec6e774193c54451e49/repo/master/.xml/cl/cl11.xml"
Reading XML for "/home/travis/build/erldocs/other.erldocs.com/other/545d6f59f3ea0ec6e774193c54451e49/repo/master/.xml/cl/cl11.xml"
Reading XML for "/home/travis/build/erldocs/other.erldocs.com/other/545d6f59f3ea0ec6e774193c54451e49/repo/master/.xml/specs_cl11.xml"
Creating index.html ...
Creating erldocs_index.js ...
Woot, finished in 0 Minutes 1 Seconds
 :: Discovering other repos
$ 5000  `rm -r '/home/travis/build/erldocs/other.erldocs.com/other/545d6f59f3ea0ec6e774193c54451e49/cl-branch-master'  2>&1`
 :: Processing https://github.com/fenollp/cl	{rev,branch,"gitignores","f8b1015473a60ea917c6284746017c1535b70299",undefined,[],[]}
 :: Fetching repo code
$ cd '/home/travis/build/erldocs/other.erldocs.com/other/545d6f59f3ea0ec6e774193c54451e49/cl-branch-gitignores'
$ infinity  `curl --fail --silent --show-error --location --output repo.tar.gz 'https://codeload.github.com/fenollp/cl/legacy.tar.gz/gitignores'  2>&1`
$ cd '/home/travis/build/erldocs/other.erldocs.com/erldocs_other.git'
$ cd '/home/travis/build/erldocs/other.erldocs.com/other/545d6f59f3ea0ec6e774193c54451e49/cl-branch-gitignores/fenollp-cl-f8b1015'
$ 5000  `find -P . -type l -delete  2>&1`
$ cd '/home/travis/build/erldocs/other.erldocs.com/erldocs_other.git'
$ 5000  `mv '/home/travis/build/erldocs/other.erldocs.com/other/545d6f59f3ea0ec6e774193c54451e49/cl-branch-gitignores/fenollp-cl-f8b1015' '/home/travis/build/erldocs/other.erldocs.com/other/545d6f59f3ea0ec6e774193c54451e49/cl-branch-gitignores/cl'  2>&1`
 :: Getting dependencies
$ cd '/home/travis/build/erldocs/other.erldocs.com/other/545d6f59f3ea0ec6e774193c54451e49/cl-branch-gitignores/cl'
$ 5000  `ls -1 deps/  2>&1`
$ cd '/home/travis/build/erldocs/other.erldocs.com/erldocs_other.git'
>>> [rebar] deps = []
 :: Generating erldocs into /home/travis/build/erldocs/other.erldocs.com/other/545d6f59f3ea0ec6e774193c54451e49/repo/gitignores
Building cl
Generating Type Specs - "/home/travis/build/erldocs/other.erldocs.com/other/545d6f59f3ea0ec6e774193c54451e49/cl-branch-gitignores/cl/src/cl.erl"
Generating Type Specs - "/home/travis/build/erldocs/other.erldocs.com/other/545d6f59f3ea0ec6e774193c54451e49/cl-branch-gitignores/cl/src/cl10.erl"
Generating Type Specs - "/home/travis/build/erldocs/other.erldocs.com/other/545d6f59f3ea0ec6e774193c54451e49/cl-branch-gitignores/cl/src/cl11.erl"
Generating Type Specs - "/home/travis/build/erldocs/other.erldocs.com/other/545d6f59f3ea0ec6e774193c54451e49/cl-branch-gitignores/cl/src/cl12.erl"
Generating Type Specs - "/home/travis/build/erldocs/other.erldocs.com/other/545d6f59f3ea0ec6e774193c54451e49/cl-branch-gitignores/cl/src/cl13.erl"
Generating Type Specs - "/home/travis/build/erldocs/other.erldocs.com/other/545d6f59f3ea0ec6e774193c54451e49/cl-branch-gitignores/cl/src/clu.erl"
Generating XML for application cl "/home/travis/build/erldocs/other.erldocs.com/other/545d6f59f3ea0ec6e774193c54451e49/cl-branch-gitignores/cl" -> "/home/travis/build/erldocs/other.erldocs.com/other/545d6f59f3ea0ec6e774193c54451e49/repo/gitignores/.xml/cl"
Generated cl XMLs: ["/home/travis/build/erldocs/other.erldocs.com/other/545d6f59f3ea0ec6e774193c54451e49/repo/gitignores/.xml/cl/cl11.xml",
                    "/home/travis/build/erldocs/other.erldocs.com/other/545d6f59f3ea0ec6e774193c54451e49/repo/gitignores/.xml/cl/clu.xml",
                    "/home/travis/build/erldocs/other.erldocs.com/other/545d6f59f3ea0ec6e774193c54451e49/repo/gitignores/.xml/cl/cl.xml",
                    "/home/travis/build/erldocs/other.erldocs.com/other/545d6f59f3ea0ec6e774193c54451e49/repo/gitignores/.xml/cl/cl13.xml",
                    "/home/travis/build/erldocs/other.erldocs.com/other/545d6f59f3ea0ec6e774193c54451e49/repo/gitignores/.xml/cl/cl10.xml",
                    "/home/travis/build/erldocs/other.erldocs.com/other/545d6f59f3ea0ec6e774193c54451e49/repo/gitignores/.xml/cl/cl12.xml"]
Generating HTML - cl12 "/home/travis/build/erldocs/other.erldocs.com/other/545d6f59f3ea0ec6e774193c54451e49/repo/gitignores/.xml/cl/cl12.xml"
Reading XML for "/home/travis/build/erldocs/other.erldocs.com/other/545d6f59f3ea0ec6e774193c54451e49/repo/gitignores/.xml/cl/cl12.xml"
Reading XML for "/home/travis/build/erldocs/other.erldocs.com/other/545d6f59f3ea0ec6e774193c54451e49/repo/gitignores/.xml/specs_cl12.xml"
Generating HTML - cl10 "/home/travis/build/erldocs/other.erldocs.com/other/545d6f59f3ea0ec6e774193c54451e49/repo/gitignores/.xml/cl/cl10.xml"
Reading XML for "/home/travis/build/erldocs/other.erldocs.com/other/545d6f59f3ea0ec6e774193c54451e49/repo/gitignores/.xml/cl/cl10.xml"
Reading XML for "/home/travis/build/erldocs/other.erldocs.com/other/545d6f59f3ea0ec6e774193c54451e49/repo/gitignores/.xml/specs_cl10.xml"
Generating HTML - cl13 "/home/travis/build/erldocs/other.erldocs.com/other/545d6f59f3ea0ec6e774193c54451e49/repo/gitignores/.xml/cl/cl13.xml"
Reading XML for "/home/travis/build/erldocs/other.erldocs.com/other/545d6f59f3ea0ec6e774193c54451e49/repo/gitignores/.xml/cl/cl13.xml"
Reading XML for "/home/travis/build/erldocs/other.erldocs.com/other/545d6f59f3ea0ec6e774193c54451e49/repo/gitignores/.xml/specs_cl13.xml"
Generating HTML - cl "/home/travis/build/erldocs/other.erldocs.com/other/545d6f59f3ea0ec6e774193c54451e49/repo/gitignores/.xml/cl/cl.xml"
Reading XML for "/home/travis/build/erldocs/other.erldocs.com/other/545d6f59f3ea0ec6e774193c54451e49/repo/gitignores/.xml/cl/cl.xml"
Reading XML for "/home/travis/build/erldocs/other.erldocs.com/other/545d6f59f3ea0ec6e774193c54451e49/repo/gitignores/.xml/specs_cl.xml"
Generating HTML - clu "/home/travis/build/erldocs/other.erldocs.com/other/545d6f59f3ea0ec6e774193c54451e49/repo/gitignores/.xml/cl/clu.xml"
Reading XML for "/home/travis/build/erldocs/other.erldocs.com/other/545d6f59f3ea0ec6e774193c54451e49/repo/gitignores/.xml/cl/clu.xml"
Reading XML for "/home/travis/build/erldocs/other.erldocs.com/other/545d6f59f3ea0ec6e774193c54451e49/repo/gitignores/.xml/specs_clu.xml"
Generating HTML - cl11 "/home/travis/build/erldocs/other.erldocs.com/other/545d6f59f3ea0ec6e774193c54451e49/repo/gitignores/.xml/cl/cl11.xml"
Reading XML for "/home/travis/build/erldocs/other.erldocs.com/other/545d6f59f3ea0ec6e774193c54451e49/repo/gitignores/.xml/cl/cl11.xml"
Reading XML for "/home/travis/build/erldocs/other.erldocs.com/other/545d6f59f3ea0ec6e774193c54451e49/repo/gitignores/.xml/specs_cl11.xml"
Creating index.html ...
Creating erldocs_index.js ...
Woot, finished in 0 Minutes 1 Seconds
 :: Discovering other repos
$ 5000  `rm -r '/home/travis/build/erldocs/other.erldocs.com/other/545d6f59f3ea0ec6e774193c54451e49/cl-branch-gitignores'  2>&1`
 :: Processing https://github.com/fenollp/cl	{rev,branch,"fixing-doc","b09c7106f0a3a501d8064aaf51462774ad95e0d2",undefined,[],[]}
 :: Fetching repo code
$ cd '/home/travis/build/erldocs/other.erldocs.com/other/545d6f59f3ea0ec6e774193c54451e49/cl-branch-fixing-doc'
$ infinity  `curl --fail --silent --show-error --location --output repo.tar.gz 'https://codeload.github.com/fenollp/cl/legacy.tar.gz/fixing-doc'  2>&1`
$ cd '/home/travis/build/erldocs/other.erldocs.com/erldocs_other.git'
$ cd '/home/travis/build/erldocs/other.erldocs.com/other/545d6f59f3ea0ec6e774193c54451e49/cl-branch-fixing-doc/fenollp-cl-b09c710'
$ 5000  `find -P . -type l -delete  2>&1`
$ cd '/home/travis/build/erldocs/other.erldocs.com/erldocs_other.git'
$ 5000  `mv '/home/travis/build/erldocs/other.erldocs.com/other/545d6f59f3ea0ec6e774193c54451e49/cl-branch-fixing-doc/fenollp-cl-b09c710' '/home/travis/build/erldocs/other.erldocs.com/other/545d6f59f3ea0ec6e774193c54451e49/cl-branch-fixing-doc/cl'  2>&1`
 :: Getting dependencies
$ cd '/home/travis/build/erldocs/other.erldocs.com/other/545d6f59f3ea0ec6e774193c54451e49/cl-branch-fixing-doc/cl'
$ infinity  `rebar --config '/home/travis/build/erldocs/other.erldocs.com/other/545d6f59f3ea0ec6e774193c54451e49/cl-branch-fixing-doc/rebar_deps' get-deps  2>&1`
$ cd '/home/travis/build/erldocs/other.erldocs.com/erldocs_other.git'
$ cd '/home/travis/build/erldocs/other.erldocs.com/other/545d6f59f3ea0ec6e774193c54451e49/cl-branch-fixing-doc/cl'
$ 5000  `find -P . -type l -delete  2>&1`
$ cd '/home/travis/build/erldocs/other.erldocs.com/erldocs_other.git'
$ cd '/home/travis/build/erldocs/other.erldocs.com/other/545d6f59f3ea0ec6e774193c54451e49/cl-branch-fixing-doc/cl'
$ 5000  `ls -1 deps/  2>&1`
$ cd '/home/travis/build/erldocs/other.erldocs.com/erldocs_other.git'
>>> [rebar] deps = []
 :: Generating erldocs into /home/travis/build/erldocs/other.erldocs.com/other/545d6f59f3ea0ec6e774193c54451e49/repo/fixing-doc
Building cl
Generating Type Specs - "/home/travis/build/erldocs/other.erldocs.com/other/545d6f59f3ea0ec6e774193c54451e49/cl-branch-fixing-doc/cl/src/cl.erl"
Generating Type Specs - "/home/travis/build/erldocs/other.erldocs.com/other/545d6f59f3ea0ec6e774193c54451e49/cl-branch-fixing-doc/cl/src/cl10.erl"
Generating Type Specs - "/home/travis/build/erldocs/other.erldocs.com/other/545d6f59f3ea0ec6e774193c54451e49/cl-branch-fixing-doc/cl/src/cl11.erl"
Generating Type Specs - "/home/travis/build/erldocs/other.erldocs.com/other/545d6f59f3ea0ec6e774193c54451e49/cl-branch-fixing-doc/cl/src/cl12.erl"
Generating Type Specs - "/home/travis/build/erldocs/other.erldocs.com/other/545d6f59f3ea0ec6e774193c54451e49/cl-branch-fixing-doc/cl/src/cl13.erl"
Generating Type Specs - "/home/travis/build/erldocs/other.erldocs.com/other/545d6f59f3ea0ec6e774193c54451e49/cl-branch-fixing-doc/cl/src/clu.erl"
Generating XML for application cl "/home/travis/build/erldocs/other.erldocs.com/other/545d6f59f3ea0ec6e774193c54451e49/cl-branch-fixing-doc/cl" -> "/home/travis/build/erldocs/other.erldocs.com/other/545d6f59f3ea0ec6e774193c54451e49/repo/fixing-doc/.xml/cl"
Generated cl XMLs: ["/home/travis/build/erldocs/other.erldocs.com/other/545d6f59f3ea0ec6e774193c54451e49/repo/fixing-doc/.xml/cl/cl11.xml",
                    "/home/travis/build/erldocs/other.erldocs.com/other/545d6f59f3ea0ec6e774193c54451e49/repo/fixing-doc/.xml/cl/clu.xml",
                    "/home/travis/build/erldocs/other.erldocs.com/other/545d6f59f3ea0ec6e774193c54451e49/repo/fixing-doc/.xml/cl/cl.xml",
                    "/home/travis/build/erldocs/other.erldocs.com/other/545d6f59f3ea0ec6e774193c54451e49/repo/fixing-doc/.xml/cl/cl13.xml",
                    "/home/travis/build/erldocs/other.erldocs.com/other/545d6f59f3ea0ec6e774193c54451e49/repo/fixing-doc/.xml/cl/cl10.xml",
                    "/home/travis/build/erldocs/other.erldocs.com/other/545d6f59f3ea0ec6e774193c54451e49/repo/fixing-doc/.xml/cl/cl12.xml"]
Generating HTML - cl12 "/home/travis/build/erldocs/other.erldocs.com/other/545d6f59f3ea0ec6e774193c54451e49/repo/fixing-doc/.xml/cl/cl12.xml"
Reading XML for "/home/travis/build/erldocs/other.erldocs.com/other/545d6f59f3ea0ec6e774193c54451e49/repo/fixing-doc/.xml/cl/cl12.xml"
Reading XML for "/home/travis/build/erldocs/other.erldocs.com/other/545d6f59f3ea0ec6e774193c54451e49/repo/fixing-doc/.xml/specs_cl12.xml"
Generating HTML - cl10 "/home/travis/build/erldocs/other.erldocs.com/other/545d6f59f3ea0ec6e774193c54451e49/repo/fixing-doc/.xml/cl/cl10.xml"
Reading XML for "/home/travis/build/erldocs/other.erldocs.com/other/545d6f59f3ea0ec6e774193c54451e49/repo/fixing-doc/.xml/cl/cl10.xml"
Reading XML for "/home/travis/build/erldocs/other.erldocs.com/other/545d6f59f3ea0ec6e774193c54451e49/repo/fixing-doc/.xml/specs_cl10.xml"
Generating HTML - cl13 "/home/travis/build/erldocs/other.erldocs.com/other/545d6f59f3ea0ec6e774193c54451e49/repo/fixing-doc/.xml/cl/cl13.xml"
Reading XML for "/home/travis/build/erldocs/other.erldocs.com/other/545d6f59f3ea0ec6e774193c54451e49/repo/fixing-doc/.xml/cl/cl13.xml"
Reading XML for "/home/travis/build/erldocs/other.erldocs.com/other/545d6f59f3ea0ec6e774193c54451e49/repo/fixing-doc/.xml/specs_cl13.xml"
Generating HTML - cl "/home/travis/build/erldocs/other.erldocs.com/other/545d6f59f3ea0ec6e774193c54451e49/repo/fixing-doc/.xml/cl/cl.xml"
Reading XML for "/home/travis/build/erldocs/other.erldocs.com/other/545d6f59f3ea0ec6e774193c54451e49/repo/fixing-doc/.xml/cl/cl.xml"
Reading XML for "/home/travis/build/erldocs/other.erldocs.com/other/545d6f59f3ea0ec6e774193c54451e49/repo/fixing-doc/.xml/specs_cl.xml"
Generating HTML - clu "/home/travis/build/erldocs/other.erldocs.com/other/545d6f59f3ea0ec6e774193c54451e49/repo/fixing-doc/.xml/cl/clu.xml"
Reading XML for "/home/travis/build/erldocs/other.erldocs.com/other/545d6f59f3ea0ec6e774193c54451e49/repo/fixing-doc/.xml/cl/clu.xml"
Reading XML for "/home/travis/build/erldocs/other.erldocs.com/other/545d6f59f3ea0ec6e774193c54451e49/repo/fixing-doc/.xml/specs_clu.xml"
Generating HTML - cl11 "/home/travis/build/erldocs/other.erldocs.com/other/545d6f59f3ea0ec6e774193c54451e49/repo/fixing-doc/.xml/cl/cl11.xml"
Reading XML for "/home/travis/build/erldocs/other.erldocs.com/other/545d6f59f3ea0ec6e774193c54451e49/repo/fixing-doc/.xml/cl/cl11.xml"
Reading XML for "/home/travis/build/erldocs/other.erldocs.com/other/545d6f59f3ea0ec6e774193c54451e49/repo/fixing-doc/.xml/specs_cl11.xml"
Creating index.html ...
Creating erldocs_index.js ...
Woot, finished in 0 Minutes 1 Seconds
 :: Discovering other repos
$ 5000  `rm -r '/home/travis/build/erldocs/other.erldocs.com/other/545d6f59f3ea0ec6e774193c54451e49/cl-branch-fixing-doc'  2>&1`
 :: Processing https://github.com/fenollp/cl	{rev,branch,"fixing-cl_mul","10afa8fa4058735f114c74c6eb33fb45c8838777",undefined,[],[]}
 :: Fetching repo code
$ cd '/home/travis/build/erldocs/other.erldocs.com/other/545d6f59f3ea0ec6e774193c54451e49/cl-branch-fixing-cl_mul'
$ infinity  `curl --fail --silent --show-error --location --output repo.tar.gz 'https://codeload.github.com/fenollp/cl/legacy.tar.gz/fixing-cl_mul'  2>&1`
$ cd '/home/travis/build/erldocs/other.erldocs.com/erldocs_other.git'
$ cd '/home/travis/build/erldocs/other.erldocs.com/other/545d6f59f3ea0ec6e774193c54451e49/cl-branch-fixing-cl_mul/fenollp-cl-10afa8f'
$ 5000  `find -P . -type l -delete  2>&1`
$ cd '/home/travis/build/erldocs/other.erldocs.com/erldocs_other.git'
$ 5000  `mv '/home/travis/build/erldocs/other.erldocs.com/other/545d6f59f3ea0ec6e774193c54451e49/cl-branch-fixing-cl_mul/fenollp-cl-10afa8f' '/home/travis/build/erldocs/other.erldocs.com/other/545d6f59f3ea0ec6e774193c54451e49/cl-branch-fixing-cl_mul/cl'  2>&1`
 :: Getting dependencies
$ cd '/home/travis/build/erldocs/other.erldocs.com/other/545d6f59f3ea0ec6e774193c54451e49/cl-branch-fixing-cl_mul/cl'
$ 5000  `ls -1 deps/  2>&1`
$ cd '/home/travis/build/erldocs/other.erldocs.com/erldocs_other.git'
>>> [rebar] deps = []
 :: Generating erldocs into /home/travis/build/erldocs/other.erldocs.com/other/545d6f59f3ea0ec6e774193c54451e49/repo/fixing-cl_mul
Building cl
Generating Type Specs - "/home/travis/build/erldocs/other.erldocs.com/other/545d6f59f3ea0ec6e774193c54451e49/cl-branch-fixing-cl_mul/cl/src/cl.erl"
Generating Type Specs - "/home/travis/build/erldocs/other.erldocs.com/other/545d6f59f3ea0ec6e774193c54451e49/cl-branch-fixing-cl_mul/cl/src/cl10.erl"
Generating Type Specs - "/home/travis/build/erldocs/other.erldocs.com/other/545d6f59f3ea0ec6e774193c54451e49/cl-branch-fixing-cl_mul/cl/src/cl11.erl"
Generating Type Specs - "/home/travis/build/erldocs/other.erldocs.com/other/545d6f59f3ea0ec6e774193c54451e49/cl-branch-fixing-cl_mul/cl/src/cl12.erl"
Generating Type Specs - "/home/travis/build/erldocs/other.erldocs.com/other/545d6f59f3ea0ec6e774193c54451e49/cl-branch-fixing-cl_mul/cl/src/cl13.erl"
Generating Type Specs - "/home/travis/build/erldocs/other.erldocs.com/other/545d6f59f3ea0ec6e774193c54451e49/cl-branch-fixing-cl_mul/cl/src/clu.erl"
Generating XML for application cl "/home/travis/build/erldocs/other.erldocs.com/other/545d6f59f3ea0ec6e774193c54451e49/cl-branch-fixing-cl_mul/cl" -> "/home/travis/build/erldocs/other.erldocs.com/other/545d6f59f3ea0ec6e774193c54451e49/repo/fixing-cl_mul/.xml/cl"
Generated cl XMLs: ["/home/travis/build/erldocs/other.erldocs.com/other/545d6f59f3ea0ec6e774193c54451e49/repo/fixing-cl_mul/.xml/cl/cl11.xml",
                    "/home/travis/build/erldocs/other.erldocs.com/other/545d6f59f3ea0ec6e774193c54451e49/repo/fixing-cl_mul/.xml/cl/clu.xml",
                    "/home/travis/build/erldocs/other.erldocs.com/other/545d6f59f3ea0ec6e774193c54451e49/repo/fixing-cl_mul/.xml/cl/cl.xml",
                    "/home/travis/build/erldocs/other.erldocs.com/other/545d6f59f3ea0ec6e774193c54451e49/repo/fixing-cl_mul/.xml/cl/cl13.xml",
                    "/home/travis/build/erldocs/other.erldocs.com/other/545d6f59f3ea0ec6e774193c54451e49/repo/fixing-cl_mul/.xml/cl/cl10.xml",
                    "/home/travis/build/erldocs/other.erldocs.com/other/545d6f59f3ea0ec6e774193c54451e49/repo/fixing-cl_mul/.xml/cl/cl12.xml"]
Generating HTML - cl12 "/home/travis/build/erldocs/other.erldocs.com/other/545d6f59f3ea0ec6e774193c54451e49/repo/fixing-cl_mul/.xml/cl/cl12.xml"
Reading XML for "/home/travis/build/erldocs/other.erldocs.com/other/545d6f59f3ea0ec6e774193c54451e49/repo/fixing-cl_mul/.xml/cl/cl12.xml"
Reading XML for "/home/travis/build/erldocs/other.erldocs.com/other/545d6f59f3ea0ec6e774193c54451e49/repo/fixing-cl_mul/.xml/specs_cl12.xml"
Generating HTML - cl10 "/home/travis/build/erldocs/other.erldocs.com/other/545d6f59f3ea0ec6e774193c54451e49/repo/fixing-cl_mul/.xml/cl/cl10.xml"
Reading XML for "/home/travis/build/erldocs/other.erldocs.com/other/545d6f59f3ea0ec6e774193c54451e49/repo/fixing-cl_mul/.xml/cl/cl10.xml"
Reading XML for "/home/travis/build/erldocs/other.erldocs.com/other/545d6f59f3ea0ec6e774193c54451e49/repo/fixing-cl_mul/.xml/specs_cl10.xml"
Generating HTML - cl13 "/home/travis/build/erldocs/other.erldocs.com/other/545d6f59f3ea0ec6e774193c54451e49/repo/fixing-cl_mul/.xml/cl/cl13.xml"
Reading XML for "/home/travis/build/erldocs/other.erldocs.com/other/545d6f59f3ea0ec6e774193c54451e49/repo/fixing-cl_mul/.xml/cl/cl13.xml"
Reading XML for "/home/travis/build/erldocs/other.erldocs.com/other/545d6f59f3ea0ec6e774193c54451e49/repo/fixing-cl_mul/.xml/specs_cl13.xml"
Generating HTML - cl "/home/travis/build/erldocs/other.erldocs.com/other/545d6f59f3ea0ec6e774193c54451e49/repo/fixing-cl_mul/.xml/cl/cl.xml"
Reading XML for "/home/travis/build/erldocs/other.erldocs.com/other/545d6f59f3ea0ec6e774193c54451e49/repo/fixing-cl_mul/.xml/cl/cl.xml"
Reading XML for "/home/travis/build/erldocs/other.erldocs.com/other/545d6f59f3ea0ec6e774193c54451e49/repo/fixing-cl_mul/.xml/specs_cl.xml"
Generating HTML - clu "/home/travis/build/erldocs/other.erldocs.com/other/545d6f59f3ea0ec6e774193c54451e49/repo/fixing-cl_mul/.xml/cl/clu.xml"
Reading XML for "/home/travis/build/erldocs/other.erldocs.com/other/545d6f59f3ea0ec6e774193c54451e49/repo/fixing-cl_mul/.xml/cl/clu.xml"
Reading XML for "/home/travis/build/erldocs/other.erldocs.com/other/545d6f59f3ea0ec6e774193c54451e49/repo/fixing-cl_mul/.xml/specs_clu.xml"
Generating HTML - cl11 "/home/travis/build/erldocs/other.erldocs.com/other/545d6f59f3ea0ec6e774193c54451e49/repo/fixing-cl_mul/.xml/cl/cl11.xml"
Reading XML for "/home/travis/build/erldocs/other.erldocs.com/other/545d6f59f3ea0ec6e774193c54451e49/repo/fixing-cl_mul/.xml/cl/cl11.xml"
Reading XML for "/home/travis/build/erldocs/other.erldocs.com/other/545d6f59f3ea0ec6e774193c54451e49/repo/fixing-cl_mul/.xml/specs_cl11.xml"
Creating index.html ...
Creating erldocs_index.js ...
Woot, finished in 0 Minutes 1 Seconds
 :: Discovering other repos
$ 5000  `rm -r '/home/travis/build/erldocs/other.erldocs.com/other/545d6f59f3ea0ec6e774193c54451e49/cl-branch-fixing-cl_mul'  2>&1`
 :: Processing https://github.com/fenollp/cl	{rev,branch,"fix-cl_mul-example","a6a65428129385c5dec2f18237c32c7196a57cf0",undefined,[],[]}
 :: Fetching repo code
$ cd '/home/travis/build/erldocs/other.erldocs.com/other/545d6f59f3ea0ec6e774193c54451e49/cl-branch-fix-cl_mul-example'
$ infinity  `curl --fail --silent --show-error --location --output repo.tar.gz 'https://codeload.github.com/fenollp/cl/legacy.tar.gz/fix-cl_mul-example'  2>&1`
$ cd '/home/travis/build/erldocs/other.erldocs.com/erldocs_other.git'
$ cd '/home/travis/build/erldocs/other.erldocs.com/other/545d6f59f3ea0ec6e774193c54451e49/cl-branch-fix-cl_mul-example/fenollp-cl-a6a6542'
$ 5000  `find -P . -type l -delete  2>&1`
$ cd '/home/travis/build/erldocs/other.erldocs.com/erldocs_other.git'
$ 5000  `mv '/home/travis/build/erldocs/other.erldocs.com/other/545d6f59f3ea0ec6e774193c54451e49/cl-branch-fix-cl_mul-example/fenollp-cl-a6a6542' '/home/travis/build/erldocs/other.erldocs.com/other/545d6f59f3ea0ec6e774193c54451e49/cl-branch-fix-cl_mul-example/cl'  2>&1`
 :: Getting dependencies
$ cd '/home/travis/build/erldocs/other.erldocs.com/other/545d6f59f3ea0ec6e774193c54451e49/cl-branch-fix-cl_mul-example/cl'
$ 5000  `ls -1 deps/  2>&1`
$ cd '/home/travis/build/erldocs/other.erldocs.com/erldocs_other.git'
>>> [rebar] deps = []
 :: Generating erldocs into /home/travis/build/erldocs/other.erldocs.com/other/545d6f59f3ea0ec6e774193c54451e49/repo/fix-cl_mul-example
Building cl
Generating Type Specs - "/home/travis/build/erldocs/other.erldocs.com/other/545d6f59f3ea0ec6e774193c54451e49/cl-branch-fix-cl_mul-example/cl/src/cl.erl"
Generating Type Specs - "/home/travis/build/erldocs/other.erldocs.com/other/545d6f59f3ea0ec6e774193c54451e49/cl-branch-fix-cl_mul-example/cl/src/cl10.erl"
Generating Type Specs - "/home/travis/build/erldocs/other.erldocs.com/other/545d6f59f3ea0ec6e774193c54451e49/cl-branch-fix-cl_mul-example/cl/src/cl11.erl"
Generating Type Specs - "/home/travis/build/erldocs/other.erldocs.com/other/545d6f59f3ea0ec6e774193c54451e49/cl-branch-fix-cl_mul-example/cl/src/cl12.erl"
Generating Type Specs - "/home/travis/build/erldocs/other.erldocs.com/other/545d6f59f3ea0ec6e774193c54451e49/cl-branch-fix-cl_mul-example/cl/src/cl13.erl"
Generating Type Specs - "/home/travis/build/erldocs/other.erldocs.com/other/545d6f59f3ea0ec6e774193c54451e49/cl-branch-fix-cl_mul-example/cl/src/clu.erl"
Generating XML for application cl "/home/travis/build/erldocs/other.erldocs.com/other/545d6f59f3ea0ec6e774193c54451e49/cl-branch-fix-cl_mul-example/cl" -> "/home/travis/build/erldocs/other.erldocs.com/other/545d6f59f3ea0ec6e774193c54451e49/repo/fix-cl_mul-example/.xml/cl"
Generated cl XMLs: ["/home/travis/build/erldocs/other.erldocs.com/other/545d6f59f3ea0ec6e774193c54451e49/repo/fix-cl_mul-example/.xml/cl/cl11.xml",
                    "/home/travis/build/erldocs/other.erldocs.com/other/545d6f59f3ea0ec6e774193c54451e49/repo/fix-cl_mul-example/.xml/cl/clu.xml",
                    "/home/travis/build/erldocs/other.erldocs.com/other/545d6f59f3ea0ec6e774193c54451e49/repo/fix-cl_mul-example/.xml/cl/cl.xml",
                    "/home/travis/build/erldocs/other.erldocs.com/other/545d6f59f3ea0ec6e774193c54451e49/repo/fix-cl_mul-example/.xml/cl/cl13.xml",
                    "/home/travis/build/erldocs/other.erldocs.com/other/545d6f59f3ea0ec6e774193c54451e49/repo/fix-cl_mul-example/.xml/cl/cl10.xml",
                    "/home/travis/build/erldocs/other.erldocs.com/other/545d6f59f3ea0ec6e774193c54451e49/repo/fix-cl_mul-example/.xml/cl/cl12.xml"]
Generating HTML - cl12 "/home/travis/build/erldocs/other.erldocs.com/other/545d6f59f3ea0ec6e774193c54451e49/repo/fix-cl_mul-example/.xml/cl/cl12.xml"
Reading XML for "/home/travis/build/erldocs/other.erldocs.com/other/545d6f59f3ea0ec6e774193c54451e49/repo/fix-cl_mul-example/.xml/cl/cl12.xml"
Reading XML for "/home/travis/build/erldocs/other.erldocs.com/other/545d6f59f3ea0ec6e774193c54451e49/repo/fix-cl_mul-example/.xml/specs_cl12.xml"
Generating HTML - cl10 "/home/travis/build/erldocs/other.erldocs.com/other/545d6f59f3ea0ec6e774193c54451e49/repo/fix-cl_mul-example/.xml/cl/cl10.xml"
Reading XML for "/home/travis/build/erldocs/other.erldocs.com/other/545d6f59f3ea0ec6e774193c54451e49/repo/fix-cl_mul-example/.xml/cl/cl10.xml"
Reading XML for "/home/travis/build/erldocs/other.erldocs.com/other/545d6f59f3ea0ec6e774193c54451e49/repo/fix-cl_mul-example/.xml/specs_cl10.xml"
Generating HTML - cl13 "/home/travis/build/erldocs/other.erldocs.com/other/545d6f59f3ea0ec6e774193c54451e49/repo/fix-cl_mul-example/.xml/cl/cl13.xml"
Reading XML for "/home/travis/build/erldocs/other.erldocs.com/other/545d6f59f3ea0ec6e774193c54451e49/repo/fix-cl_mul-example/.xml/cl/cl13.xml"
Reading XML for "/home/travis/build/erldocs/other.erldocs.com/other/545d6f59f3ea0ec6e774193c54451e49/repo/fix-cl_mul-example/.xml/specs_cl13.xml"
Generating HTML - cl "/home/travis/build/erldocs/other.erldocs.com/other/545d6f59f3ea0ec6e774193c54451e49/repo/fix-cl_mul-example/.xml/cl/cl.xml"
Reading XML for "/home/travis/build/erldocs/other.erldocs.com/other/545d6f59f3ea0ec6e774193c54451e49/repo/fix-cl_mul-example/.xml/cl/cl.xml"
Reading XML for "/home/travis/build/erldocs/other.erldocs.com/other/545d6f59f3ea0ec6e774193c54451e49/repo/fix-cl_mul-example/.xml/specs_cl.xml"
Generating HTML - clu "/home/travis/build/erldocs/other.erldocs.com/other/545d6f59f3ea0ec6e774193c54451e49/repo/fix-cl_mul-example/.xml/cl/clu.xml"
Reading XML for "/home/travis/build/erldocs/other.erldocs.com/other/545d6f59f3ea0ec6e774193c54451e49/repo/fix-cl_mul-example/.xml/cl/clu.xml"
Reading XML for "/home/travis/build/erldocs/other.erldocs.com/other/545d6f59f3ea0ec6e774193c54451e49/repo/fix-cl_mul-example/.xml/specs_clu.xml"
Generating HTML - cl11 "/home/travis/build/erldocs/other.erldocs.com/other/545d6f59f3ea0ec6e774193c54451e49/repo/fix-cl_mul-example/.xml/cl/cl11.xml"
Reading XML for "/home/travis/build/erldocs/other.erldocs.com/other/545d6f59f3ea0ec6e774193c54451e49/repo/fix-cl_mul-example/.xml/cl/cl11.xml"
Reading XML for "/home/travis/build/erldocs/other.erldocs.com/other/545d6f59f3ea0ec6e774193c54451e49/repo/fix-cl_mul-example/.xml/specs_cl11.xml"
Creating index.html ...
Creating erldocs_index.js ...
Woot, finished in 0 Minutes 1 Seconds
 :: Discovering other repos
$ 5000  `rm -r '/home/travis/build/erldocs/other.erldocs.com/other/545d6f59f3ea0ec6e774193c54451e49/cl-branch-fix-cl_mul-example'  2>&1`
 :: Processing https://github.com/fenollp/cl	{rev,branch,"dev","a4c86f4e2b9799e1b0346160b64afb677705b137",undefined,[],[]}
 :: Fetching repo code
$ cd '/home/travis/build/erldocs/other.erldocs.com/other/545d6f59f3ea0ec6e774193c54451e49/cl-branch-dev'
$ infinity  `curl --fail --silent --show-error --location --output repo.tar.gz 'https://codeload.github.com/fenollp/cl/legacy.tar.gz/dev'  2>&1`
$ cd '/home/travis/build/erldocs/other.erldocs.com/erldocs_other.git'
$ cd '/home/travis/build/erldocs/other.erldocs.com/other/545d6f59f3ea0ec6e774193c54451e49/cl-branch-dev/fenollp-cl-a4c86f4'
$ 5000  `find -P . -type l -delete  2>&1`
$ cd '/home/travis/build/erldocs/other.erldocs.com/erldocs_other.git'
$ 5000  `mv '/home/travis/build/erldocs/other.erldocs.com/other/545d6f59f3ea0ec6e774193c54451e49/cl-branch-dev/fenollp-cl-a4c86f4' '/home/travis/build/erldocs/other.erldocs.com/other/545d6f59f3ea0ec6e774193c54451e49/cl-branch-dev/cl'  2>&1`
 :: Getting dependencies
$ cd '/home/travis/build/erldocs/other.erldocs.com/other/545d6f59f3ea0ec6e774193c54451e49/cl-branch-dev/cl'
$ 5000  `ls -1 deps/  2>&1`
$ cd '/home/travis/build/erldocs/other.erldocs.com/erldocs_other.git'
>>> [rebar] deps = []
 :: Generating erldocs into /home/travis/build/erldocs/other.erldocs.com/other/545d6f59f3ea0ec6e774193c54451e49/repo/dev
Building cl
Generating Type Specs - "/home/travis/build/erldocs/other.erldocs.com/other/545d6f59f3ea0ec6e774193c54451e49/cl-branch-dev/cl/src/cl.erl"
Generating Type Specs - "/home/travis/build/erldocs/other.erldocs.com/other/545d6f59f3ea0ec6e774193c54451e49/cl-branch-dev/cl/src/cl10.erl"
Generating Type Specs - "/home/travis/build/erldocs/other.erldocs.com/other/545d6f59f3ea0ec6e774193c54451e49/cl-branch-dev/cl/src/cl11.erl"
Generating Type Specs - "/home/travis/build/erldocs/other.erldocs.com/other/545d6f59f3ea0ec6e774193c54451e49/cl-branch-dev/cl/src/cl12.erl"
Generating Type Specs - "/home/travis/build/erldocs/other.erldocs.com/other/545d6f59f3ea0ec6e774193c54451e49/cl-branch-dev/cl/src/cl13.erl"
Generating Type Specs - "/home/travis/build/erldocs/other.erldocs.com/other/545d6f59f3ea0ec6e774193c54451e49/cl-branch-dev/cl/src/clu.erl"
Generating XML for application cl "/home/travis/build/erldocs/other.erldocs.com/other/545d6f59f3ea0ec6e774193c54451e49/cl-branch-dev/cl" -> "/home/travis/build/erldocs/other.erldocs.com/other/545d6f59f3ea0ec6e774193c54451e49/repo/dev/.xml/cl"
Generated cl XMLs: ["/home/travis/build/erldocs/other.erldocs.com/other/545d6f59f3ea0ec6e774193c54451e49/repo/dev/.xml/cl/cl11.xml",
                    "/home/travis/build/erldocs/other.erldocs.com/other/545d6f59f3ea0ec6e774193c54451e49/repo/dev/.xml/cl/clu.xml",
                    "/home/travis/build/erldocs/other.erldocs.com/other/545d6f59f3ea0ec6e774193c54451e49/repo/dev/.xml/cl/cl.xml",
                    "/home/travis/build/erldocs/other.erldocs.com/other/545d6f59f3ea0ec6e774193c54451e49/repo/dev/.xml/cl/cl13.xml",
                    "/home/travis/build/erldocs/other.erldocs.com/other/545d6f59f3ea0ec6e774193c54451e49/repo/dev/.xml/cl/cl10.xml",
                    "/home/travis/build/erldocs/other.erldocs.com/other/545d6f59f3ea0ec6e774193c54451e49/repo/dev/.xml/cl/cl12.xml"]
Generating HTML - cl12 "/home/travis/build/erldocs/other.erldocs.com/other/545d6f59f3ea0ec6e774193c54451e49/repo/dev/.xml/cl/cl12.xml"
Reading XML for "/home/travis/build/erldocs/other.erldocs.com/other/545d6f59f3ea0ec6e774193c54451e49/repo/dev/.xml/cl/cl12.xml"
Reading XML for "/home/travis/build/erldocs/other.erldocs.com/other/545d6f59f3ea0ec6e774193c54451e49/repo/dev/.xml/specs_cl12.xml"
Generating HTML - cl10 "/home/travis/build/erldocs/other.erldocs.com/other/545d6f59f3ea0ec6e774193c54451e49/repo/dev/.xml/cl/cl10.xml"
Reading XML for "/home/travis/build/erldocs/other.erldocs.com/other/545d6f59f3ea0ec6e774193c54451e49/repo/dev/.xml/cl/cl10.xml"
Reading XML for "/home/travis/build/erldocs/other.erldocs.com/other/545d6f59f3ea0ec6e774193c54451e49/repo/dev/.xml/specs_cl10.xml"
Generating HTML - cl13 "/home/travis/build/erldocs/other.erldocs.com/other/545d6f59f3ea0ec6e774193c54451e49/repo/dev/.xml/cl/cl13.xml"
Reading XML for "/home/travis/build/erldocs/other.erldocs.com/other/545d6f59f3ea0ec6e774193c54451e49/repo/dev/.xml/cl/cl13.xml"
Reading XML for "/home/travis/build/erldocs/other.erldocs.com/other/545d6f59f3ea0ec6e774193c54451e49/repo/dev/.xml/specs_cl13.xml"
Generating HTML - cl "/home/travis/build/erldocs/other.erldocs.com/other/545d6f59f3ea0ec6e774193c54451e49/repo/dev/.xml/cl/cl.xml"
Reading XML for "/home/travis/build/erldocs/other.erldocs.com/other/545d6f59f3ea0ec6e774193c54451e49/repo/dev/.xml/cl/cl.xml"
Reading XML for "/home/travis/build/erldocs/other.erldocs.com/other/545d6f59f3ea0ec6e774193c54451e49/repo/dev/.xml/specs_cl.xml"
Generating HTML - clu "/home/travis/build/erldocs/other.erldocs.com/other/545d6f59f3ea0ec6e774193c54451e49/repo/dev/.xml/cl/clu.xml"
Reading XML for "/home/travis/build/erldocs/other.erldocs.com/other/545d6f59f3ea0ec6e774193c54451e49/repo/dev/.xml/cl/clu.xml"
Reading XML for "/home/travis/build/erldocs/other.erldocs.com/other/545d6f59f3ea0ec6e774193c54451e49/repo/dev/.xml/specs_clu.xml"
Generating HTML - cl11 "/home/travis/build/erldocs/other.erldocs.com/other/545d6f59f3ea0ec6e774193c54451e49/repo/dev/.xml/cl/cl11.xml"
Reading XML for "/home/travis/build/erldocs/other.erldocs.com/other/545d6f59f3ea0ec6e774193c54451e49/repo/dev/.xml/cl/cl11.xml"
Reading XML for "/home/travis/build/erldocs/other.erldocs.com/other/545d6f59f3ea0ec6e774193c54451e49/repo/dev/.xml/specs_cl11.xml"
Creating index.html ...
Creating erldocs_index.js ...
Woot, finished in 0 Minutes 1 Seconds
 :: Discovering other repos
$ 5000  `rm -r '/home/travis/build/erldocs/other.erldocs.com/other/545d6f59f3ea0ec6e774193c54451e49/cl-branch-dev'  2>&1`
 :: Processing https://github.com/fenollp/cl	{rev,branch,"cl_map-buffer-error","1d47f313ef81530a69694e6cfe7ff0083ce4ddfd",undefined,[],[]}
 :: Fetching repo code
$ cd '/home/travis/build/erldocs/other.erldocs.com/other/545d6f59f3ea0ec6e774193c54451e49/cl-branch-cl_map-buffer-error'
$ infinity  `curl --fail --silent --show-error --location --output repo.tar.gz 'https://codeload.github.com/fenollp/cl/legacy.tar.gz/cl_map-buffer-error'  2>&1`
$ cd '/home/travis/build/erldocs/other.erldocs.com/erldocs_other.git'
$ cd '/home/travis/build/erldocs/other.erldocs.com/other/545d6f59f3ea0ec6e774193c54451e49/cl-branch-cl_map-buffer-error/fenollp-cl-1d47f31'
$ 5000  `find -P . -type l -delete  2>&1`
$ cd '/home/travis/build/erldocs/other.erldocs.com/erldocs_other.git'
$ 5000  `mv '/home/travis/build/erldocs/other.erldocs.com/other/545d6f59f3ea0ec6e774193c54451e49/cl-branch-cl_map-buffer-error/fenollp-cl-1d47f31' '/home/travis/build/erldocs/other.erldocs.com/other/545d6f59f3ea0ec6e774193c54451e49/cl-branch-cl_map-buffer-error/cl'  2>&1`
 :: Getting dependencies
$ cd '/home/travis/build/erldocs/other.erldocs.com/other/545d6f59f3ea0ec6e774193c54451e49/cl-branch-cl_map-buffer-error/cl'
$ 5000  `ls -1 deps/  2>&1`
$ cd '/home/travis/build/erldocs/other.erldocs.com/erldocs_other.git'
>>> [rebar] deps = []
 :: Generating erldocs into /home/travis/build/erldocs/other.erldocs.com/other/545d6f59f3ea0ec6e774193c54451e49/repo/cl_map-buffer-error
Building cl
Generating Type Specs - "/home/travis/build/erldocs/other.erldocs.com/other/545d6f59f3ea0ec6e774193c54451e49/cl-branch-cl_map-buffer-error/cl/src/cl.erl"
Generating Type Specs - "/home/travis/build/erldocs/other.erldocs.com/other/545d6f59f3ea0ec6e774193c54451e49/cl-branch-cl_map-buffer-error/cl/src/cl10.erl"
Generating Type Specs - "/home/travis/build/erldocs/other.erldocs.com/other/545d6f59f3ea0ec6e774193c54451e49/cl-branch-cl_map-buffer-error/cl/src/cl11.erl"
Generating Type Specs - "/home/travis/build/erldocs/other.erldocs.com/other/545d6f59f3ea0ec6e774193c54451e49/cl-branch-cl_map-buffer-error/cl/src/cl12.erl"
Generating Type Specs - "/home/travis/build/erldocs/other.erldocs.com/other/545d6f59f3ea0ec6e774193c54451e49/cl-branch-cl_map-buffer-error/cl/src/cl13.erl"
Generating Type Specs - "/home/travis/build/erldocs/other.erldocs.com/other/545d6f59f3ea0ec6e774193c54451e49/cl-branch-cl_map-buffer-error/cl/src/clu.erl"
Generating XML for application cl "/home/travis/build/erldocs/other.erldocs.com/other/545d6f59f3ea0ec6e774193c54451e49/cl-branch-cl_map-buffer-error/cl" -> "/home/travis/build/erldocs/other.erldocs.com/other/545d6f59f3ea0ec6e774193c54451e49/repo/cl_map-buffer-error/.xml/cl"
Generated cl XMLs: ["/home/travis/build/erldocs/other.erldocs.com/other/545d6f59f3ea0ec6e774193c54451e49/repo/cl_map-buffer-error/.xml/cl/cl11.xml",
                    "/home/travis/build/erldocs/other.erldocs.com/other/545d6f59f3ea0ec6e774193c54451e49/repo/cl_map-buffer-error/.xml/cl/clu.xml",
                    "/home/travis/build/erldocs/other.erldocs.com/other/545d6f59f3ea0ec6e774193c54451e49/repo/cl_map-buffer-error/.xml/cl/cl.xml",
                    "/home/travis/build/erldocs/other.erldocs.com/other/545d6f59f3ea0ec6e774193c54451e49/repo/cl_map-buffer-error/.xml/cl/cl13.xml",
                    "/home/travis/build/erldocs/other.erldocs.com/other/545d6f59f3ea0ec6e774193c54451e49/repo/cl_map-buffer-error/.xml/cl/cl10.xml",
                    "/home/travis/build/erldocs/other.erldocs.com/other/545d6f59f3ea0ec6e774193c54451e49/repo/cl_map-buffer-error/.xml/cl/cl12.xml"]
Generating HTML - cl12 "/home/travis/build/erldocs/other.erldocs.com/other/545d6f59f3ea0ec6e774193c54451e49/repo/cl_map-buffer-error/.xml/cl/cl12.xml"
Reading XML for "/home/travis/build/erldocs/other.erldocs.com/other/545d6f59f3ea0ec6e774193c54451e49/repo/cl_map-buffer-error/.xml/cl/cl12.xml"
Reading XML for "/home/travis/build/erldocs/other.erldocs.com/other/545d6f59f3ea0ec6e774193c54451e49/repo/cl_map-buffer-error/.xml/specs_cl12.xml"
Generating HTML - cl10 "/home/travis/build/erldocs/other.erldocs.com/other/545d6f59f3ea0ec6e774193c54451e49/repo/cl_map-buffer-error/.xml/cl/cl10.xml"
Reading XML for "/home/travis/build/erldocs/other.erldocs.com/other/545d6f59f3ea0ec6e774193c54451e49/repo/cl_map-buffer-error/.xml/cl/cl10.xml"
Reading XML for "/home/travis/build/erldocs/other.erldocs.com/other/545d6f59f3ea0ec6e774193c54451e49/repo/cl_map-buffer-error/.xml/specs_cl10.xml"
Generating HTML - cl13 "/home/travis/build/erldocs/other.erldocs.com/other/545d6f59f3ea0ec6e774193c54451e49/repo/cl_map-buffer-error/.xml/cl/cl13.xml"
Reading XML for "/home/travis/build/erldocs/other.erldocs.com/other/545d6f59f3ea0ec6e774193c54451e49/repo/cl_map-buffer-error/.xml/cl/cl13.xml"
Reading XML for "/home/travis/build/erldocs/other.erldocs.com/other/545d6f59f3ea0ec6e774193c54451e49/repo/cl_map-buffer-error/.xml/specs_cl13.xml"
Generating HTML - cl "/home/travis/build/erldocs/other.erldocs.com/other/545d6f59f3ea0ec6e774193c54451e49/repo/cl_map-buffer-error/.xml/cl/cl.xml"
Reading XML for "/home/travis/build/erldocs/other.erldocs.com/other/545d6f59f3ea0ec6e774193c54451e49/repo/cl_map-buffer-error/.xml/cl/cl.xml"
Reading XML for "/home/travis/build/erldocs/other.erldocs.com/other/545d6f59f3ea0ec6e774193c54451e49/repo/cl_map-buffer-error/.xml/specs_cl.xml"
Generating HTML - clu "/home/travis/build/erldocs/other.erldocs.com/other/545d6f59f3ea0ec6e774193c54451e49/repo/cl_map-buffer-error/.xml/cl/clu.xml"
Reading XML for "/home/travis/build/erldocs/other.erldocs.com/other/545d6f59f3ea0ec6e774193c54451e49/repo/cl_map-buffer-error/.xml/cl/clu.xml"
Reading XML for "/home/travis/build/erldocs/other.erldocs.com/other/545d6f59f3ea0ec6e774193c54451e49/repo/cl_map-buffer-error/.xml/specs_clu.xml"
Generating HTML - cl11 "/home/travis/build/erldocs/other.erldocs.com/other/545d6f59f3ea0ec6e774193c54451e49/repo/cl_map-buffer-error/.xml/cl/cl11.xml"
Reading XML for "/home/travis/build/erldocs/other.erldocs.com/other/545d6f59f3ea0ec6e774193c54451e49/repo/cl_map-buffer-error/.xml/cl/cl11.xml"
Reading XML for "/home/travis/build/erldocs/other.erldocs.com/other/545d6f59f3ea0ec6e774193c54451e49/repo/cl_map-buffer-error/.xml/specs_cl11.xml"
Creating index.html ...
Creating erldocs_index.js ...
Woot, finished in 0 Minutes 1 Seconds
 :: Discovering other repos
$ 5000  `rm -r '/home/travis/build/erldocs/other.erldocs.com/other/545d6f59f3ea0ec6e774193c54451e49/cl-branch-cl_map-buffer-error'  2>&1`
 :: Processing https://github.com/fenollp/cl	{rev,tag,"cl-1.2.1","60dc9052512097475f86390afcb72d04279d30b8",undefined,[],[]}
 :: Fetching repo code
$ cd '/home/travis/build/erldocs/other.erldocs.com/other/545d6f59f3ea0ec6e774193c54451e49/cl-tag-cl-1.2.1'
$ infinity  `curl --fail --silent --show-error --location --output repo.tar.gz 'https://codeload.github.com/fenollp/cl/legacy.tar.gz/cl-1.2.1'  2>&1`
$ cd '/home/travis/build/erldocs/other.erldocs.com/erldocs_other.git'
$ cd '/home/travis/build/erldocs/other.erldocs.com/other/545d6f59f3ea0ec6e774193c54451e49/cl-tag-cl-1.2.1/fenollp-cl-41c5c09'
$ 5000  `find -P . -type l -delete  2>&1`
$ cd '/home/travis/build/erldocs/other.erldocs.com/erldocs_other.git'
$ 5000  `mv '/home/travis/build/erldocs/other.erldocs.com/other/545d6f59f3ea0ec6e774193c54451e49/cl-tag-cl-1.2.1/fenollp-cl-41c5c09' '/home/travis/build/erldocs/other.erldocs.com/other/545d6f59f3ea0ec6e774193c54451e49/cl-tag-cl-1.2.1/cl'  2>&1`
 :: Getting dependencies
$ cd '/home/travis/build/erldocs/other.erldocs.com/other/545d6f59f3ea0ec6e774193c54451e49/cl-tag-cl-1.2.1/cl'
$ 5000  `ls -1 deps/  2>&1`
$ cd '/home/travis/build/erldocs/other.erldocs.com/erldocs_other.git'
>>> [rebar] deps = []
 :: Generating erldocs into /home/travis/build/erldocs/other.erldocs.com/other/545d6f59f3ea0ec6e774193c54451e49/repo/cl-1.2.1
Building cl
Generating Type Specs - "/home/travis/build/erldocs/other.erldocs.com/other/545d6f59f3ea0ec6e774193c54451e49/cl-tag-cl-1.2.1/cl/src/cl.erl"
Generating Type Specs - "/home/travis/build/erldocs/other.erldocs.com/other/545d6f59f3ea0ec6e774193c54451e49/cl-tag-cl-1.2.1/cl/src/cl10.erl"
Generating Type Specs - "/home/travis/build/erldocs/other.erldocs.com/other/545d6f59f3ea0ec6e774193c54451e49/cl-tag-cl-1.2.1/cl/src/cl11.erl"
Generating Type Specs - "/home/travis/build/erldocs/other.erldocs.com/other/545d6f59f3ea0ec6e774193c54451e49/cl-tag-cl-1.2.1/cl/src/cl12.erl"
Generating Type Specs - "/home/travis/build/erldocs/other.erldocs.com/other/545d6f59f3ea0ec6e774193c54451e49/cl-tag-cl-1.2.1/cl/src/cl13.erl"
Generating Type Specs - "/home/travis/build/erldocs/other.erldocs.com/other/545d6f59f3ea0ec6e774193c54451e49/cl-tag-cl-1.2.1/cl/src/clu.erl"
Generating XML for application cl "/home/travis/build/erldocs/other.erldocs.com/other/545d6f59f3ea0ec6e774193c54451e49/cl-tag-cl-1.2.1/cl" -> "/home/travis/build/erldocs/other.erldocs.com/other/545d6f59f3ea0ec6e774193c54451e49/repo/cl-1.2.1/.xml/cl"
Generated cl XMLs: ["/home/travis/build/erldocs/other.erldocs.com/other/545d6f59f3ea0ec6e774193c54451e49/repo/cl-1.2.1/.xml/cl/cl11.xml",
                    "/home/travis/build/erldocs/other.erldocs.com/other/545d6f59f3ea0ec6e774193c54451e49/repo/cl-1.2.1/.xml/cl/clu.xml",
                    "/home/travis/build/erldocs/other.erldocs.com/other/545d6f59f3ea0ec6e774193c54451e49/repo/cl-1.2.1/.xml/cl/cl.xml",
                    "/home/travis/build/erldocs/other.erldocs.com/other/545d6f59f3ea0ec6e774193c54451e49/repo/cl-1.2.1/.xml/cl/cl13.xml",
                    "/home/travis/build/erldocs/other.erldocs.com/other/545d6f59f3ea0ec6e774193c54451e49/repo/cl-1.2.1/.xml/cl/cl10.xml",
                    "/home/travis/build/erldocs/other.erldocs.com/other/545d6f59f3ea0ec6e774193c54451e49/repo/cl-1.2.1/.xml/cl/cl12.xml"]
Generating HTML - cl12 "/home/travis/build/erldocs/other.erldocs.com/other/545d6f59f3ea0ec6e774193c54451e49/repo/cl-1.2.1/.xml/cl/cl12.xml"
Reading XML for "/home/travis/build/erldocs/other.erldocs.com/other/545d6f59f3ea0ec6e774193c54451e49/repo/cl-1.2.1/.xml/cl/cl12.xml"
Reading XML for "/home/travis/build/erldocs/other.erldocs.com/other/545d6f59f3ea0ec6e774193c54451e49/repo/cl-1.2.1/.xml/specs_cl12.xml"
Generating HTML - cl10 "/home/travis/build/erldocs/other.erldocs.com/other/545d6f59f3ea0ec6e774193c54451e49/repo/cl-1.2.1/.xml/cl/cl10.xml"
Reading XML for "/home/travis/build/erldocs/other.erldocs.com/other/545d6f59f3ea0ec6e774193c54451e49/repo/cl-1.2.1/.xml/cl/cl10.xml"
Reading XML for "/home/travis/build/erldocs/other.erldocs.com/other/545d6f59f3ea0ec6e774193c54451e49/repo/cl-1.2.1/.xml/specs_cl10.xml"
Generating HTML - cl13 "/home/travis/build/erldocs/other.erldocs.com/other/545d6f59f3ea0ec6e774193c54451e49/repo/cl-1.2.1/.xml/cl/cl13.xml"
Reading XML for "/home/travis/build/erldocs/other.erldocs.com/other/545d6f59f3ea0ec6e774193c54451e49/repo/cl-1.2.1/.xml/cl/cl13.xml"
Reading XML for "/home/travis/build/erldocs/other.erldocs.com/other/545d6f59f3ea0ec6e774193c54451e49/repo/cl-1.2.1/.xml/specs_cl13.xml"
Generating HTML - cl "/home/travis/build/erldocs/other.erldocs.com/other/545d6f59f3ea0ec6e774193c54451e49/repo/cl-1.2.1/.xml/cl/cl.xml"
Reading XML for "/home/travis/build/erldocs/other.erldocs.com/other/545d6f59f3ea0ec6e774193c54451e49/repo/cl-1.2.1/.xml/cl/cl.xml"
Reading XML for "/home/travis/build/erldocs/other.erldocs.com/other/545d6f59f3ea0ec6e774193c54451e49/repo/cl-1.2.1/.xml/specs_cl.xml"
Generating HTML - clu "/home/travis/build/erldocs/other.erldocs.com/other/545d6f59f3ea0ec6e774193c54451e49/repo/cl-1.2.1/.xml/cl/clu.xml"
Reading XML for "/home/travis/build/erldocs/other.erldocs.com/other/545d6f59f3ea0ec6e774193c54451e49/repo/cl-1.2.1/.xml/cl/clu.xml"
Reading XML for "/home/travis/build/erldocs/other.erldocs.com/other/545d6f59f3ea0ec6e774193c54451e49/repo/cl-1.2.1/.xml/specs_clu.xml"
Generating HTML - cl11 "/home/travis/build/erldocs/other.erldocs.com/other/545d6f59f3ea0ec6e774193c54451e49/repo/cl-1.2.1/.xml/cl/cl11.xml"
Reading XML for "/home/travis/build/erldocs/other.erldocs.com/other/545d6f59f3ea0ec6e774193c54451e49/repo/cl-1.2.1/.xml/cl/cl11.xml"
Reading XML for "/home/travis/build/erldocs/other.erldocs.com/other/545d6f59f3ea0ec6e774193c54451e49/repo/cl-1.2.1/.xml/specs_cl11.xml"
Creating index.html ...
Creating erldocs_index.js ...
Woot, finished in 0 Minutes 2 Seconds
 :: Discovering other repos
$ 5000  `rm -r '/home/travis/build/erldocs/other.erldocs.com/other/545d6f59f3ea0ec6e774193c54451e49/cl-tag-cl-1.2.1'  2>&1`
 :: Processing https://github.com/fenollp/cl	{rev,tag,"cl-1.2","70b3c11ed096e6b265f436812a2e9973a93ceaf2",undefined,[],[]}
 :: Fetching repo code
$ cd '/home/travis/build/erldocs/other.erldocs.com/other/545d6f59f3ea0ec6e774193c54451e49/cl-tag-cl-1.2'
$ infinity  `curl --fail --silent --show-error --location --output repo.tar.gz 'https://codeload.github.com/fenollp/cl/legacy.tar.gz/cl-1.2'  2>&1`
$ cd '/home/travis/build/erldocs/other.erldocs.com/erldocs_other.git'
$ cd '/home/travis/build/erldocs/other.erldocs.com/other/545d6f59f3ea0ec6e774193c54451e49/cl-tag-cl-1.2/fenollp-cl-b39774d'
$ 5000  `find -P . -type l -delete  2>&1`
$ cd '/home/travis/build/erldocs/other.erldocs.com/erldocs_other.git'
$ 5000  `mv '/home/travis/build/erldocs/other.erldocs.com/other/545d6f59f3ea0ec6e774193c54451e49/cl-tag-cl-1.2/fenollp-cl-b39774d' '/home/travis/build/erldocs/other.erldocs.com/other/545d6f59f3ea0ec6e774193c54451e49/cl-tag-cl-1.2/cl'  2>&1`
 :: Getting dependencies
$ cd '/home/travis/build/erldocs/other.erldocs.com/other/545d6f59f3ea0ec6e774193c54451e49/cl-tag-cl-1.2/cl'
$ 5000  `ls -1 deps/  2>&1`
$ cd '/home/travis/build/erldocs/other.erldocs.com/erldocs_other.git'
>>> [rebar] deps = []
 :: Generating erldocs into /home/travis/build/erldocs/other.erldocs.com/other/545d6f59f3ea0ec6e774193c54451e49/repo/cl-1.2
Building cl
Generating Type Specs - "/home/travis/build/erldocs/other.erldocs.com/other/545d6f59f3ea0ec6e774193c54451e49/cl-tag-cl-1.2/cl/src/cl.erl"
Generating Type Specs - "/home/travis/build/erldocs/other.erldocs.com/other/545d6f59f3ea0ec6e774193c54451e49/cl-tag-cl-1.2/cl/src/cl10.erl"
Generating Type Specs - "/home/travis/build/erldocs/other.erldocs.com/other/545d6f59f3ea0ec6e774193c54451e49/cl-tag-cl-1.2/cl/src/cl11.erl"
Generating Type Specs - "/home/travis/build/erldocs/other.erldocs.com/other/545d6f59f3ea0ec6e774193c54451e49/cl-tag-cl-1.2/cl/src/cl12.erl"
Generating Type Specs - "/home/travis/build/erldocs/other.erldocs.com/other/545d6f59f3ea0ec6e774193c54451e49/cl-tag-cl-1.2/cl/src/cl13.erl"
Generating Type Specs - "/home/travis/build/erldocs/other.erldocs.com/other/545d6f59f3ea0ec6e774193c54451e49/cl-tag-cl-1.2/cl/src/clu.erl"
Generating XML for application cl "/home/travis/build/erldocs/other.erldocs.com/other/545d6f59f3ea0ec6e774193c54451e49/cl-tag-cl-1.2/cl" -> "/home/travis/build/erldocs/other.erldocs.com/other/545d6f59f3ea0ec6e774193c54451e49/repo/cl-1.2/.xml/cl"
Generated cl XMLs: ["/home/travis/build/erldocs/other.erldocs.com/other/545d6f59f3ea0ec6e774193c54451e49/repo/cl-1.2/.xml/cl/cl11.xml",
                    "/home/travis/build/erldocs/other.erldocs.com/other/545d6f59f3ea0ec6e774193c54451e49/repo/cl-1.2/.xml/cl/clu.xml",
                    "/home/travis/build/erldocs/other.erldocs.com/other/545d6f59f3ea0ec6e774193c54451e49/repo/cl-1.2/.xml/cl/cl.xml",
                    "/home/travis/build/erldocs/other.erldocs.com/other/545d6f59f3ea0ec6e774193c54451e49/repo/cl-1.2/.xml/cl/cl13.xml",
                    "/home/travis/build/erldocs/other.erldocs.com/other/545d6f59f3ea0ec6e774193c54451e49/repo/cl-1.2/.xml/cl/cl10.xml",
                    "/home/travis/build/erldocs/other.erldocs.com/other/545d6f59f3ea0ec6e774193c54451e49/repo/cl-1.2/.xml/cl/cl12.xml"]
Generating HTML - cl12 "/home/travis/build/erldocs/other.erldocs.com/other/545d6f59f3ea0ec6e774193c54451e49/repo/cl-1.2/.xml/cl/cl12.xml"
Reading XML for "/home/travis/build/erldocs/other.erldocs.com/other/545d6f59f3ea0ec6e774193c54451e49/repo/cl-1.2/.xml/cl/cl12.xml"
Reading XML for "/home/travis/build/erldocs/other.erldocs.com/other/545d6f59f3ea0ec6e774193c54451e49/repo/cl-1.2/.xml/specs_cl12.xml"
Generating HTML - cl10 "/home/travis/build/erldocs/other.erldocs.com/other/545d6f59f3ea0ec6e774193c54451e49/repo/cl-1.2/.xml/cl/cl10.xml"
Reading XML for "/home/travis/build/erldocs/other.erldocs.com/other/545d6f59f3ea0ec6e774193c54451e49/repo/cl-1.2/.xml/cl/cl10.xml"
Reading XML for "/home/travis/build/erldocs/other.erldocs.com/other/545d6f59f3ea0ec6e774193c54451e49/repo/cl-1.2/.xml/specs_cl10.xml"
Generating HTML - cl13 "/home/travis/build/erldocs/other.erldocs.com/other/545d6f59f3ea0ec6e774193c54451e49/repo/cl-1.2/.xml/cl/cl13.xml"
Reading XML for "/home/travis/build/erldocs/other.erldocs.com/other/545d6f59f3ea0ec6e774193c54451e49/repo/cl-1.2/.xml/cl/cl13.xml"
Reading XML for "/home/travis/build/erldocs/other.erldocs.com/other/545d6f59f3ea0ec6e774193c54451e49/repo/cl-1.2/.xml/specs_cl13.xml"
Generating HTML - cl "/home/travis/build/erldocs/other.erldocs.com/other/545d6f59f3ea0ec6e774193c54451e49/repo/cl-1.2/.xml/cl/cl.xml"
Reading XML for "/home/travis/build/erldocs/other.erldocs.com/other/545d6f59f3ea0ec6e774193c54451e49/repo/cl-1.2/.xml/cl/cl.xml"
Reading XML for "/home/travis/build/erldocs/other.erldocs.com/other/545d6f59f3ea0ec6e774193c54451e49/repo/cl-1.2/.xml/specs_cl.xml"
Generating HTML - clu "/home/travis/build/erldocs/other.erldocs.com/other/545d6f59f3ea0ec6e774193c54451e49/repo/cl-1.2/.xml/cl/clu.xml"
Reading XML for "/home/travis/build/erldocs/other.erldocs.com/other/545d6f59f3ea0ec6e774193c54451e49/repo/cl-1.2/.xml/cl/clu.xml"
Reading XML for "/home/travis/build/erldocs/other.erldocs.com/other/545d6f59f3ea0ec6e774193c54451e49/repo/cl-1.2/.xml/specs_clu.xml"
Generating HTML - cl11 "/home/travis/build/erldocs/other.erldocs.com/other/545d6f59f3ea0ec6e774193c54451e49/repo/cl-1.2/.xml/cl/cl11.xml"
Reading XML for "/home/travis/build/erldocs/other.erldocs.com/other/545d6f59f3ea0ec6e774193c54451e49/repo/cl-1.2/.xml/cl/cl11.xml"
Reading XML for "/home/travis/build/erldocs/other.erldocs.com/other/545d6f59f3ea0ec6e774193c54451e49/repo/cl-1.2/.xml/specs_cl11.xml"
Creating index.html ...
Creating erldocs_index.js ...
Woot, finished in 0 Minutes 2 Seconds
 :: Discovering other repos
$ 5000  `rm -r '/home/travis/build/erldocs/other.erldocs.com/other/545d6f59f3ea0ec6e774193c54451e49/cl-tag-cl-1.2'  2>&1`
 :: Processing https://github.com/fenollp/cl	{rev,tag,"cl-1.1","8b05e5f99def434daa72e713d477b23e5b333944",undefined,[],[]}
 :: Fetching repo code
$ cd '/home/travis/build/erldocs/other.erldocs.com/other/545d6f59f3ea0ec6e774193c54451e49/cl-tag-cl-1.1'
$ infinity  `curl --fail --silent --show-error --location --output repo.tar.gz 'https://codeload.github.com/fenollp/cl/legacy.tar.gz/cl-1.1'  2>&1`
$ cd '/home/travis/build/erldocs/other.erldocs.com/erldocs_other.git'
$ cd '/home/travis/build/erldocs/other.erldocs.com/other/545d6f59f3ea0ec6e774193c54451e49/cl-tag-cl-1.1/fenollp-cl-fd738f5'
$ 5000  `find -P . -type l -delete  2>&1`
$ cd '/home/travis/build/erldocs/other.erldocs.com/erldocs_other.git'
$ 5000  `mv '/home/travis/build/erldocs/other.erldocs.com/other/545d6f59f3ea0ec6e774193c54451e49/cl-tag-cl-1.1/fenollp-cl-fd738f5' '/home/travis/build/erldocs/other.erldocs.com/other/545d6f59f3ea0ec6e774193c54451e49/cl-tag-cl-1.1/cl'  2>&1`
 :: Getting dependencies
 :: Generating erldocs into /home/travis/build/erldocs/other.erldocs.com/other/545d6f59f3ea0ec6e774193c54451e49/repo/cl-1.1
Building cl
Generating Type Specs - "/home/travis/build/erldocs/other.erldocs.com/other/545d6f59f3ea0ec6e774193c54451e49/cl-tag-cl-1.1/cl/src/cl.erl"
/home/travis/build/erldocs/other.erldocs.com/other/545d6f59f3ea0ec6e774193c54451e49/cl-tag-cl-1.1/cl/src/cl.erl, function mem_object_info/0: at line 1078: @spec arity does not match.
EDoc could not process file '/home/travis/build/erldocs/other.erldocs.com/other/545d6f59f3ea0ec6e774193c54451e49/cl-tag-cl-1.1/cl/src/cl.erl'
Error generating type specs for "/home/travis/build/erldocs/other.erldocs.com/other/545d6f59f3ea0ec6e774193c54451e49/cl-tag-cl-1.1/cl/src/cl.erl"
Generating Type Specs - "/home/travis/build/erldocs/other.erldocs.com/other/545d6f59f3ea0ec6e774193c54451e49/cl-tag-cl-1.1/cl/src/clu.erl"
Generating XML for application cl "/home/travis/build/erldocs/other.erldocs.com/other/545d6f59f3ea0ec6e774193c54451e49/cl-tag-cl-1.1/cl" -> "/home/travis/build/erldocs/other.erldocs.com/other/545d6f59f3ea0ec6e774193c54451e49/repo/cl-1.1/.xml/cl"
/home/travis/build/erldocs/other.erldocs.com/other/545d6f59f3ea0ec6e774193c54451e49/cl-tag-cl-1.1/cl/src/cl.erl, function mem_object_info/0: at line 1073: @spec arity does not match.
edoc: skipping source file '/home/travis/build/erldocs/other.erldocs.com/other/545d6f59f3ea0ec6e774193c54451e49/cl-tag-cl-1.1/cl/src/cl.erl': {'EXIT',
                                                                                                                                         error}.
edoc: error in doclet 'edoc_doclet': {'EXIT',error}.
Error generating cl XMLs. Using fallback ...
Generating XML cl - cl "/home/travis/build/erldocs/other.erldocs.com/other/545d6f59f3ea0ec6e774193c54451e49/cl-tag-cl-1.1/cl/src/cl.erl" -> "/home/travis/build/erldocs/other.erldocs.com/other/545d6f59f3ea0ec6e774193c54451e49/repo/cl-1.1/.xml/cl/cl.xml"
/home/travis/build/erldocs/other.erldocs.com/other/545d6f59f3ea0ec6e774193c54451e49/cl-tag-cl-1.1/cl/src/cl.erl, function mem_object_info/0: at line 1073: @spec arity does not match.
Error generating XML ("/home/travis/build/erldocs/other.erldocs.com/other/545d6f59f3ea0ec6e774193c54451e49/cl-tag-cl-1.1/cl/src/cl.erl"): {'EXIT',
                                                                                                                                           error}
Generating XML cl - clu "/home/travis/build/erldocs/other.erldocs.com/other/545d6f59f3ea0ec6e774193c54451e49/cl-tag-cl-1.1/cl/src/clu.erl" -> "/home/travis/build/erldocs/other.erldocs.com/other/545d6f59f3ea0ec6e774193c54451e49/repo/cl-1.1/.xml/cl/clu.xml"
Generating HTML - clu "/home/travis/build/erldocs/other.erldocs.com/other/545d6f59f3ea0ec6e774193c54451e49/repo/cl-1.1/.xml/cl/clu.xml"
Reading XML for "/home/travis/build/erldocs/other.erldocs.com/other/545d6f59f3ea0ec6e774193c54451e49/repo/cl-1.1/.xml/cl/clu.xml"
Reading XML for "/home/travis/build/erldocs/other.erldocs.com/other/545d6f59f3ea0ec6e774193c54451e49/repo/cl-1.1/.xml/specs_clu.xml"
Creating index.html ...
Creating erldocs_index.js ...
Woot, finished in 0 Minutes 0 Seconds
 :: Discovering other repos
$ 5000  `rm -r '/home/travis/build/erldocs/other.erldocs.com/other/545d6f59f3ea0ec6e774193c54451e49/cl-tag-cl-1.1'  2>&1`
 :: Finishing up
$ 5000  `rm -r '/home/travis/build/erldocs/other.erldocs.com/other/545d6f59f3ea0ec6e774193c54451e49/cl'  2>&1`
