 :: Extracting meta information
$ 5000  `git ls-remote --heads --tags 'https://github.com/zenkj/erlexec'  2>&1`
>>> [repo] 5 branches, 1 tags
 :: Writing meta to "/home/pete/wefwefwef/docs/other/1776508992/meta.txt"
 :: Processing https://github.com/zenkj/erlexec	{rev,tag,"v1.0","8d6b50a3a656a26acfecc96bef70b08a727eb5cd",undefined,[],[]}
 :: Fetching repo code
$ cd "/home/pete/wefwefwef/docs/other/1776508992/erlexec-tag-v1.0/erlexec"
$ infinity  `curl --fail --silent --show-error --location --output 'v1.0.zip' 'https://github.com/zenkj/erlexec/archive/v1.0.zip'  2>&1`
$ cd "/home/pete/wefwefwef/docs/erldocs_other.git"
$ cd "/home/pete/wefwefwef/docs/other/1776508992/erlexec-tag-v1.0/erlexec"
$ 5000  `find -P . -type l -delete  2>&1`
$ cd "/home/pete/wefwefwef/docs/erldocs_other.git"
$ cd "/home/pete/wefwefwef/docs/other/1776508992/erlexec-tag-v1.0/erlexec"
$ 5000  `find 'erlexec-1.0' -mindepth 1 -maxdepth 1 -exec mv -t . -- {} +  2>&1`
$ cd "/home/pete/wefwefwef/docs/erldocs_other.git"
 :: Getting dependencies
$ cd "/home/pete/wefwefwef/docs/other/1776508992/erlexec-tag-v1.0/erlexec"
$ 5000  `ls -1 deps/  2>&1`
$ cd "/home/pete/wefwefwef/docs/erldocs_other.git"
>>> [rebar] deps = []
 :: Generating erldocs into /home/pete/wefwefwef/docs/other/1776508992/repo/v1.0
Building erlexec
Generating Type Specs - "/home/pete/wefwefwef/docs/other/1776508992/erlexec-tag-v1.0/erlexec/src/exec.erl"
Generating Type Specs - "/home/pete/wefwefwef/docs/other/1776508992/erlexec-tag-v1.0/erlexec/src/exec_app.erl"
Generating XML for application erlexec "/home/pete/wefwefwef/docs/other/1776508992/erlexec-tag-v1.0/erlexec" -> "/home/pete/wefwefwef/docs/other/1776508992/repo/v1.0/.xml/erlexec"
/home/pete/wefwefwef/docs/other/1776508992/erlexec-tag-v1.0/erlexec/src/exec.erl, in module header: at line 31: warning: undefined macro {@vsn}.
Generated erlexec XMLs: ["/home/pete/wefwefwef/docs/other/1776508992/repo/v1.0/.xml/erlexec/exec_app.xml",
                         "/home/pete/wefwefwef/docs/other/1776508992/repo/v1.0/.xml/erlexec/exec.xml"]
Generating HTML - exec "/home/pete/wefwefwef/docs/other/1776508992/repo/v1.0/.xml/erlexec/exec.xml"
Reading XML for "/home/pete/wefwefwef/docs/other/1776508992/repo/v1.0/.xml/erlexec/exec.xml"
Reading XML for "/home/pete/wefwefwef/docs/other/1776508992/repo/v1.0/.xml/specs_exec.xml"
Generating HTML - exec_app "/home/pete/wefwefwef/docs/other/1776508992/repo/v1.0/.xml/erlexec/exec_app.xml"
Reading XML for "/home/pete/wefwefwef/docs/other/1776508992/repo/v1.0/.xml/erlexec/exec_app.xml"
Reading XML for "/home/pete/wefwefwef/docs/other/1776508992/repo/v1.0/.xml/specs_exec_app.xml"
Creating index.html ...
Creating erldocs_index.js ...
Woot, finished in 0 Minutes 0 Seconds
 :: Discovering other repos
$ 5000  `rm -r '/home/pete/wefwefwef/docs/other/1776508992/erlexec-tag-v1.0'  2>&1`
 :: Processing https://github.com/zenkj/erlexec	{rev,branch,"autotools","659b71842c842eb10de8353e750ce2f73d619fb5",undefined,[],[]}
 :: Fetching repo code
$ cd "/home/pete/wefwefwef/docs/other/1776508992/erlexec-branch-autotools/erlexec"
$ infinity  `curl --fail --silent --show-error --location --output 'autotools.zip' 'https://github.com/zenkj/erlexec/archive/autotools.zip'  2>&1`
$ cd "/home/pete/wefwefwef/docs/erldocs_other.git"
$ cd "/home/pete/wefwefwef/docs/other/1776508992/erlexec-branch-autotools/erlexec"
$ 5000  `find -P . -type l -delete  2>&1`
$ cd "/home/pete/wefwefwef/docs/erldocs_other.git"
$ cd "/home/pete/wefwefwef/docs/other/1776508992/erlexec-branch-autotools/erlexec"
$ 5000  `find 'erlexec-autotools' -mindepth 1 -maxdepth 1 -exec mv -t . -- {} +  2>&1`
$ cd "/home/pete/wefwefwef/docs/erldocs_other.git"
 :: Getting dependencies
 :: Generating erldocs into /home/pete/wefwefwef/docs/other/1776508992/repo/autotools
Building erlexec
Generating Type Specs - "/home/pete/wefwefwef/docs/other/1776508992/erlexec-branch-autotools/erlexec/src/exec.erl"
Generating Type Specs - "/home/pete/wefwefwef/docs/other/1776508992/erlexec-branch-autotools/erlexec/src/exec_app.erl"
Generating XML for application erlexec "/home/pete/wefwefwef/docs/other/1776508992/erlexec-branch-autotools/erlexec" -> "/home/pete/wefwefwef/docs/other/1776508992/repo/autotools/.xml/erlexec"
Generated erlexec XMLs: ["/home/pete/wefwefwef/docs/other/1776508992/repo/autotools/.xml/erlexec/exec_app.xml",
                         "/home/pete/wefwefwef/docs/other/1776508992/repo/autotools/.xml/erlexec/exec.xml"]
Generating HTML - exec "/home/pete/wefwefwef/docs/other/1776508992/repo/autotools/.xml/erlexec/exec.xml"
Reading XML for "/home/pete/wefwefwef/docs/other/1776508992/repo/autotools/.xml/erlexec/exec.xml"
Reading XML for "/home/pete/wefwefwef/docs/other/1776508992/repo/autotools/.xml/specs_exec.xml"
Generating HTML - exec_app "/home/pete/wefwefwef/docs/other/1776508992/repo/autotools/.xml/erlexec/exec_app.xml"
Reading XML for "/home/pete/wefwefwef/docs/other/1776508992/repo/autotools/.xml/erlexec/exec_app.xml"
Reading XML for "/home/pete/wefwefwef/docs/other/1776508992/repo/autotools/.xml/specs_exec_app.xml"
Creating index.html ...
Creating erldocs_index.js ...
Woot, finished in 0 Minutes 0 Seconds
 :: Discovering other repos
$ 5000  `rm -r '/home/pete/wefwefwef/docs/other/1776508992/erlexec-branch-autotools'  2>&1`
 :: Processing https://github.com/zenkj/erlexec	{rev,branch,"gh-pages","253bf1b4705a0bfe50c3c02ee7cf11faa8d2abf7",undefined,[],[]}
 :: Fetching repo code
$ cd "/home/pete/wefwefwef/docs/other/1776508992/erlexec-branch-gh-pages/erlexec"
$ infinity  `curl --fail --silent --show-error --location --output 'gh-pages.zip' 'https://github.com/zenkj/erlexec/archive/gh-pages.zip'  2>&1`
$ cd "/home/pete/wefwefwef/docs/erldocs_other.git"
$ cd "/home/pete/wefwefwef/docs/other/1776508992/erlexec-branch-gh-pages/erlexec"
$ 5000  `find -P . -type l -delete  2>&1`
$ cd "/home/pete/wefwefwef/docs/erldocs_other.git"
$ cd "/home/pete/wefwefwef/docs/other/1776508992/erlexec-branch-gh-pages/erlexec"
$ 5000  `find 'erlexec-gh-pages' -mindepth 1 -maxdepth 1 -exec mv -t . -- {} +  2>&1`
$ cd "/home/pete/wefwefwef/docs/erldocs_other.git"
 :: Getting dependencies
 :: Generating erldocs into /home/pete/wefwefwef/docs/other/1776508992/repo/gh-pages
Building erlexec
Generating XML for application erlexec "/home/pete/wefwefwef/docs/other/1776508992/erlexec-branch-gh-pages/erlexec" -> "/home/pete/wefwefwef/docs/other/1776508992/repo/gh-pages/.xml/erlexec"
Generated erlexec XMLs: []
No documentation was generated!
Woot, finished in 0 Minutes 0 Seconds
 :: Discovering other repos
$ 5000  `rm -r '/home/pete/wefwefwef/docs/other/1776508992/erlexec-branch-gh-pages'  2>&1`
 :: Processing https://github.com/zenkj/erlexec	{rev,branch,"master","5ae87afdf3433848183fec341474a6e643366937",undefined,[],[]}
 :: Fetching repo code
$ cd "/home/pete/wefwefwef/docs/other/1776508992/erlexec-branch-master/erlexec"
$ infinity  `curl --fail --silent --show-error --location --output 'master.zip' 'https://github.com/zenkj/erlexec/archive/master.zip'  2>&1`
$ cd "/home/pete/wefwefwef/docs/erldocs_other.git"
$ cd "/home/pete/wefwefwef/docs/other/1776508992/erlexec-branch-master/erlexec"
$ 5000  `find -P . -type l -delete  2>&1`
$ cd "/home/pete/wefwefwef/docs/erldocs_other.git"
$ cd "/home/pete/wefwefwef/docs/other/1776508992/erlexec-branch-master/erlexec"
$ 5000  `find 'erlexec-master' -mindepth 1 -maxdepth 1 -exec mv -t . -- {} +  2>&1`
$ cd "/home/pete/wefwefwef/docs/erldocs_other.git"
 :: Getting dependencies
$ cd "/home/pete/wefwefwef/docs/other/1776508992/erlexec-branch-master/erlexec"
$ 5000  `ls -1 deps/  2>&1`
$ cd "/home/pete/wefwefwef/docs/erldocs_other.git"
>>> [rebar] deps = []
 :: Generating erldocs into /home/pete/wefwefwef/docs/other/1776508992/repo/master
Building erlexec
Generating Type Specs - "/home/pete/wefwefwef/docs/other/1776508992/erlexec-branch-master/erlexec/src/exec.erl"
Generating Type Specs - "/home/pete/wefwefwef/docs/other/1776508992/erlexec-branch-master/erlexec/src/exec_app.erl"
Generating XML for application erlexec "/home/pete/wefwefwef/docs/other/1776508992/erlexec-branch-master/erlexec" -> "/home/pete/wefwefwef/docs/other/1776508992/repo/master/.xml/erlexec"
/home/pete/wefwefwef/docs/other/1776508992/erlexec-branch-master/erlexec/src/exec.erl, in module header: at line 31: warning: undefined macro {@vsn}.
Generated erlexec XMLs: ["/home/pete/wefwefwef/docs/other/1776508992/repo/master/.xml/erlexec/exec_app.xml",
                         "/home/pete/wefwefwef/docs/other/1776508992/repo/master/.xml/erlexec/exec.xml"]
Generating HTML - exec "/home/pete/wefwefwef/docs/other/1776508992/repo/master/.xml/erlexec/exec.xml"
Reading XML for "/home/pete/wefwefwef/docs/other/1776508992/repo/master/.xml/erlexec/exec.xml"
Reading XML for "/home/pete/wefwefwef/docs/other/1776508992/repo/master/.xml/specs_exec.xml"
Generating HTML - exec_app "/home/pete/wefwefwef/docs/other/1776508992/repo/master/.xml/erlexec/exec_app.xml"
Reading XML for "/home/pete/wefwefwef/docs/other/1776508992/repo/master/.xml/erlexec/exec_app.xml"
Reading XML for "/home/pete/wefwefwef/docs/other/1776508992/repo/master/.xml/specs_exec_app.xml"
Creating index.html ...
Creating erldocs_index.js ...
Woot, finished in 0 Minutes 0 Seconds
 :: Discovering other repos
$ 5000  `rm -r '/home/pete/wefwefwef/docs/other/1776508992/erlexec-branch-master'  2>&1`
 :: Processing https://github.com/zenkj/erlexec	{rev,branch,"pty","8bdab2794e74f9a81100de379af672e62bdeae09",undefined,[],[]}
 :: Fetching repo code
$ cd "/home/pete/wefwefwef/docs/other/1776508992/erlexec-branch-pty/erlexec"
$ infinity  `curl --fail --silent --show-error --location --output 'pty.zip' 'https://github.com/zenkj/erlexec/archive/pty.zip'  2>&1`
$ cd "/home/pete/wefwefwef/docs/erldocs_other.git"
$ cd "/home/pete/wefwefwef/docs/other/1776508992/erlexec-branch-pty/erlexec"
$ 5000  `find -P . -type l -delete  2>&1`
$ cd "/home/pete/wefwefwef/docs/erldocs_other.git"
$ cd "/home/pete/wefwefwef/docs/other/1776508992/erlexec-branch-pty/erlexec"
$ 5000  `find 'erlexec-pty' -mindepth 1 -maxdepth 1 -exec mv -t . -- {} +  2>&1`
$ cd "/home/pete/wefwefwef/docs/erldocs_other.git"
 :: Getting dependencies
$ cd "/home/pete/wefwefwef/docs/other/1776508992/erlexec-branch-pty/erlexec"
$ 5000  `ls -1 deps/  2>&1`
$ cd "/home/pete/wefwefwef/docs/erldocs_other.git"
>>> [rebar] deps = []
 :: Generating erldocs into /home/pete/wefwefwef/docs/other/1776508992/repo/pty
Building erlexec
Generating Type Specs - "/home/pete/wefwefwef/docs/other/1776508992/erlexec-branch-pty/erlexec/src/exec.erl"
Generating Type Specs - "/home/pete/wefwefwef/docs/other/1776508992/erlexec-branch-pty/erlexec/src/exec_app.erl"
Generating XML for application erlexec "/home/pete/wefwefwef/docs/other/1776508992/erlexec-branch-pty/erlexec" -> "/home/pete/wefwefwef/docs/other/1776508992/repo/pty/.xml/erlexec"
/home/pete/wefwefwef/docs/other/1776508992/erlexec-branch-pty/erlexec/src/exec.erl, in module header: at line 31: warning: undefined macro {@vsn}.
Generated erlexec XMLs: ["/home/pete/wefwefwef/docs/other/1776508992/repo/pty/.xml/erlexec/exec_app.xml",
                         "/home/pete/wefwefwef/docs/other/1776508992/repo/pty/.xml/erlexec/exec.xml"]
Generating HTML - exec "/home/pete/wefwefwef/docs/other/1776508992/repo/pty/.xml/erlexec/exec.xml"
Reading XML for "/home/pete/wefwefwef/docs/other/1776508992/repo/pty/.xml/erlexec/exec.xml"
Reading XML for "/home/pete/wefwefwef/docs/other/1776508992/repo/pty/.xml/specs_exec.xml"
Generating HTML - exec_app "/home/pete/wefwefwef/docs/other/1776508992/repo/pty/.xml/erlexec/exec_app.xml"
Reading XML for "/home/pete/wefwefwef/docs/other/1776508992/repo/pty/.xml/erlexec/exec_app.xml"
Reading XML for "/home/pete/wefwefwef/docs/other/1776508992/repo/pty/.xml/specs_exec_app.xml"
Creating index.html ...
Creating erldocs_index.js ...
Woot, finished in 0 Minutes 0 Seconds
 :: Discovering other repos
$ 5000  `rm -r '/home/pete/wefwefwef/docs/other/1776508992/erlexec-branch-pty'  2>&1`
 :: Processing https://github.com/zenkj/erlexec	{rev,branch,"pty0","93abaa447a37eb2833525faf3852132fce58818b",undefined,[],[]}
 :: Fetching repo code
$ cd "/home/pete/wefwefwef/docs/other/1776508992/erlexec-branch-pty0/erlexec"
$ infinity  `curl --fail --silent --show-error --location --output 'pty0.zip' 'https://github.com/zenkj/erlexec/archive/pty0.zip'  2>&1`
$ cd "/home/pete/wefwefwef/docs/erldocs_other.git"
$ cd "/home/pete/wefwefwef/docs/other/1776508992/erlexec-branch-pty0/erlexec"
$ 5000  `find -P . -type l -delete  2>&1`
$ cd "/home/pete/wefwefwef/docs/erldocs_other.git"
$ cd "/home/pete/wefwefwef/docs/other/1776508992/erlexec-branch-pty0/erlexec"
$ 5000  `find 'erlexec-pty0' -mindepth 1 -maxdepth 1 -exec mv -t . -- {} +  2>&1`
$ cd "/home/pete/wefwefwef/docs/erldocs_other.git"
 :: Getting dependencies
$ cd "/home/pete/wefwefwef/docs/other/1776508992/erlexec-branch-pty0/erlexec"
$ 5000  `ls -1 deps/  2>&1`
$ cd "/home/pete/wefwefwef/docs/erldocs_other.git"
>>> [rebar] deps = []
 :: Generating erldocs into /home/pete/wefwefwef/docs/other/1776508992/repo/pty0
Building erlexec
Generating Type Specs - "/home/pete/wefwefwef/docs/other/1776508992/erlexec-branch-pty0/erlexec/src/exec.erl"
Generating Type Specs - "/home/pete/wefwefwef/docs/other/1776508992/erlexec-branch-pty0/erlexec/src/exec_app.erl"
Generating XML for application erlexec "/home/pete/wefwefwef/docs/other/1776508992/erlexec-branch-pty0/erlexec" -> "/home/pete/wefwefwef/docs/other/1776508992/repo/pty0/.xml/erlexec"
/home/pete/wefwefwef/docs/other/1776508992/erlexec-branch-pty0/erlexec/src/exec.erl, in module header: at line 31: warning: undefined macro {@vsn}.
Generated erlexec XMLs: ["/home/pete/wefwefwef/docs/other/1776508992/repo/pty0/.xml/erlexec/exec_app.xml",
                         "/home/pete/wefwefwef/docs/other/1776508992/repo/pty0/.xml/erlexec/exec.xml"]
Generating HTML - exec "/home/pete/wefwefwef/docs/other/1776508992/repo/pty0/.xml/erlexec/exec.xml"
Reading XML for "/home/pete/wefwefwef/docs/other/1776508992/repo/pty0/.xml/erlexec/exec.xml"
Reading XML for "/home/pete/wefwefwef/docs/other/1776508992/repo/pty0/.xml/specs_exec.xml"
Generating HTML - exec_app "/home/pete/wefwefwef/docs/other/1776508992/repo/pty0/.xml/erlexec/exec_app.xml"
Reading XML for "/home/pete/wefwefwef/docs/other/1776508992/repo/pty0/.xml/erlexec/exec_app.xml"
Reading XML for "/home/pete/wefwefwef/docs/other/1776508992/repo/pty0/.xml/specs_exec_app.xml"
Creating index.html ...
Creating erldocs_index.js ...
Woot, finished in 0 Minutes 0 Seconds
 :: Discovering other repos
$ 5000  `rm -r '/home/pete/wefwefwef/docs/other/1776508992/erlexec-branch-pty0'  2>&1`
 :: Finishing up
$ 5000  `rm -r '/home/pete/wefwefwef/docs/other/1776508992/erlexec'  2>&1`
$ 5000  `rm -r '/home/pete/wefwefwef/docs/other/1776508992/repo/gh-pages'  2>&1`
